MemTotal:        1844596 kB
MemFree:         1389712 kB
MemAvailable:    1583536 kB
Buffers:           30472 kB
Cached:           279380 kB
MemTotal:        1844596 kB
MemFree:         1362324 kB
MemAvailable:    1556208 kB
Buffers:           30472 kB
Cached:           279400 kB
MemTotal:        1844596 kB
MemFree:         1361144 kB
MemAvailable:    1555028 kB
Buffers:           30472 kB
Cached:           279400 kB
MemTotal:        1844596 kB
MemFree:         1358976 kB
MemAvailable:    1552860 kB
Buffers:           30472 kB
Cached:           279400 kB
MemTotal:        1844596 kB
MemFree:         1357488 kB
MemAvailable:    1551372 kB
Buffers:           30472 kB
Cached:           279400 kB
MemTotal:        1844596 kB
MemFree:         1358728 kB
MemAvailable:    1552612 kB
Buffers:           30472 kB
Cached:           279400 kB
MemTotal:        1844596 kB
MemFree:         1356868 kB
MemAvailable:    1550752 kB
Buffers:           30472 kB
Cached:           279400 kB
MemTotal:        1844596 kB
MemFree:         1353008 kB
MemAvailable:    1546892 kB
Buffers:           30472 kB
Cached:           279400 kB
MemTotal:        1844596 kB
MemFree:         1353092 kB
MemAvailable:    1546976 kB
Buffers:           30472 kB
Cached:           279400 kB
MemTotal:        1844596 kB
MemFree:         1348560 kB
MemAvailable:    1542444 kB
Buffers:           30472 kB
Cached:           279400 kB
MemTotal:        1844596 kB
MemFree:         1347444 kB
MemAvailable:    1541328 kB
Buffers:           30472 kB
Cached:           279400 kB
MemTotal:        1844596 kB
MemFree:         1347444 kB
MemAvailable:    1541328 kB
Buffers:           30472 kB
Cached:           279400 kB
MemTotal:        1844596 kB
MemFree:         1348788 kB
MemAvailable:    1542672 kB
Buffers:           30472 kB
Cached:           279400 kB
MemTotal:        1844596 kB
MemFree:         1348760 kB
MemAvailable:    1542644 kB
Buffers:           30472 kB
Cached:           279400 kB
MemTotal:        1844596 kB
MemFree:         1347264 kB
MemAvailable:    1541148 kB
Buffers:           30472 kB
Cached:           279400 kB
MemTotal:        1844596 kB
MemFree:         1347016 kB
MemAvailable:    1540900 kB
Buffers:           30472 kB
Cached:           279400 kB
MemTotal:        1844596 kB
MemFree:         1347628 kB
MemAvailable:    1541512 kB
Buffers:           30472 kB
Cached:           279400 kB
MemTotal:        1844596 kB
MemFree:         1346512 kB
MemAvailable:    1540396 kB
Buffers:           30472 kB
Cached:           279400 kB
MemTotal:        1844596 kB
MemFree:         1346348 kB
MemAvailable:    1540232 kB
Buffers:           30472 kB
Cached:           279400 kB
MemTotal:        1844596 kB
MemFree:         1344696 kB
MemAvailable:    1538580 kB
Buffers:           30472 kB
Cached:           279400 kB
MemTotal:        1844596 kB
MemFree:         1344780 kB
MemAvailable:    1538664 kB
Buffers:           30472 kB
Cached:           279400 kB
MemTotal:        1844596 kB
MemFree:         1346320 kB
MemAvailable:    1540204 kB
Buffers:           30472 kB
Cached:           279400 kB
MemTotal:        1844596 kB
MemFree:         1346248 kB
MemAvailable:    1540132 kB
Buffers:           30472 kB
Cached:           279400 kB
MemTotal:        1844596 kB
MemFree:         1346264 kB
MemAvailable:    1540148 kB
Buffers:           30472 kB
Cached:           279400 kB
MemTotal:        1844596 kB
MemFree:         1346132 kB
MemAvailable:    1540016 kB
Buffers:           30472 kB
Cached:           279400 kB
MemTotal:        1844596 kB
MemFree:         1345948 kB
MemAvailable:    1539832 kB
Buffers:           30472 kB
Cached:           279400 kB
MemTotal:        1844596 kB
MemFree:         1347276 kB
MemAvailable:    1541160 kB
Buffers:           30472 kB
Cached:           279400 kB
MemTotal:        1844596 kB
MemFree:         1347628 kB
MemAvailable:    1541512 kB
Buffers:           30472 kB
Cached:           279400 kB
MemTotal:        1844596 kB
MemFree:         1345832 kB
MemAvailable:    1539716 kB
Buffers:           30472 kB
Cached:           279400 kB
MemTotal:        1844596 kB
MemFree:         1344080 kB
MemAvailable:    1537964 kB
Buffers:           30472 kB
Cached:           279400 kB
MemTotal:        1844596 kB
MemFree:         1344080 kB
MemAvailable:    1537964 kB
Buffers:           30472 kB
Cached:           279400 kB
MemTotal:        1844596 kB
MemFree:         1342352 kB
MemAvailable:    1536236 kB
Buffers:           30472 kB
Cached:           279400 kB
MemTotal:        1844596 kB
MemFree:         1342840 kB
MemAvailable:    1536724 kB
Buffers:           30472 kB
Cached:           279400 kB
MemTotal:        1844596 kB
MemFree:         1343092 kB
MemAvailable:    1536976 kB
Buffers:           30472 kB
Cached:           279400 kB
MemTotal:        1844596 kB
MemFree:         1342544 kB
MemAvailable:    1536428 kB
Buffers:           30472 kB
Cached:           279400 kB
MemTotal:        1844596 kB
MemFree:         1341244 kB
MemAvailable:    1535128 kB
Buffers:           30472 kB
Cached:           279400 kB
MemTotal:        1844596 kB
MemFree:         1341120 kB
MemAvailable:    1535004 kB
Buffers:           30472 kB
Cached:           279400 kB
MemTotal:        1844596 kB
MemFree:         1342420 kB
MemAvailable:    1536304 kB
Buffers:           30472 kB
Cached:           279400 kB
MemTotal:        1844596 kB
MemFree:         1341964 kB
MemAvailable:    1535848 kB
Buffers:           30472 kB
Cached:           279400 kB
MemTotal:        1844596 kB
MemFree:         1342048 kB
MemAvailable:    1535932 kB
Buffers:           30472 kB
Cached:           279400 kB
MemTotal:        1844596 kB
MemFree:         1341860 kB
MemAvailable:    1535744 kB
Buffers:           30472 kB
Cached:           279400 kB
MemTotal:        1844596 kB
MemFree:         1341536 kB
MemAvailable:    1535420 kB
Buffers:           30472 kB
Cached:           279400 kB
MemTotal:        1844596 kB
MemFree:         1341536 kB
MemAvailable:    1535420 kB
Buffers:           30472 kB
Cached:           279400 kB
MemTotal:        1844596 kB
MemFree:         1341224 kB
MemAvailable:    1535108 kB
Buffers:           30472 kB
Cached:           279400 kB
MemTotal:        1844596 kB
MemFree:         1339972 kB
MemAvailable:    1533856 kB
Buffers:           30472 kB
Cached:           279400 kB
MemTotal:        1844596 kB
MemFree:         1339744 kB
MemAvailable:    1533628 kB
Buffers:           30472 kB
Cached:           279400 kB
MemTotal:        1844596 kB
MemFree:         1339744 kB
MemAvailable:    1533628 kB
Buffers:           30472 kB
Cached:           279400 kB
MemTotal:        1844596 kB
MemFree:         1339868 kB
MemAvailable:    1533752 kB
Buffers:           30472 kB
Cached:           279400 kB
MemTotal:        1844596 kB
MemFree:         1339860 kB
MemAvailable:    1533744 kB
Buffers:           30472 kB
Cached:           279400 kB
MemTotal:        1844596 kB
MemFree:         1339992 kB
MemAvailable:    1533876 kB
Buffers:           30472 kB
Cached:           279400 kB
MemTotal:        1844596 kB
MemFree:         1339992 kB
MemAvailable:    1533876 kB
Buffers:           30472 kB
Cached:           279400 kB
MemTotal:        1844596 kB
MemFree:         1339864 kB
MemAvailable:    1533748 kB
Buffers:           30472 kB
Cached:           279400 kB
MemTotal:        1844596 kB
MemFree:         1340740 kB
MemAvailable:    1534624 kB
Buffers:           30472 kB
Cached:           279400 kB
MemTotal:        1844596 kB
MemFree:         1339996 kB
MemAvailable:    1533880 kB
Buffers:           30472 kB
Cached:           279400 kB
MemTotal:        1844596 kB
MemFree:         1340664 kB
MemAvailable:    1534548 kB
Buffers:           30472 kB
Cached:           279400 kB
MemTotal:        1844596 kB
MemFree:         1339232 kB
MemAvailable:    1533116 kB
Buffers:           30472 kB
Cached:           279400 kB
MemTotal:        1844596 kB
MemFree:         1340532 kB
MemAvailable:    1534416 kB
Buffers:           30472 kB
Cached:           279400 kB
MemTotal:        1844596 kB
MemFree:         1340508 kB
MemAvailable:    1534392 kB
Buffers:           30472 kB
Cached:           279400 kB
MemTotal:        1844596 kB
MemFree:         1340144 kB
MemAvailable:    1534028 kB
Buffers:           30472 kB
Cached:           279400 kB
MemTotal:        1844596 kB
MemFree:         1339092 kB
MemAvailable:    1532976 kB
Buffers:           30472 kB
Cached:           279400 kB
MemTotal:        1844596 kB
MemFree:         1338836 kB
MemAvailable:    1532720 kB
Buffers:           30472 kB
Cached:           279400 kB
MemTotal:        1844596 kB
MemFree:         1340144 kB
MemAvailable:    1534028 kB
Buffers:           30472 kB
Cached:           279400 kB
MemTotal:        1844596 kB
MemFree:         1340064 kB
MemAvailable:    1533948 kB
Buffers:           30472 kB
Cached:           279400 kB
MemTotal:        1844596 kB
MemFree:         1340316 kB
MemAvailable:    1534200 kB
Buffers:           30472 kB
Cached:           279400 kB
MemTotal:        1844596 kB
MemFree:         1340108 kB
MemAvailable:    1533992 kB
Buffers:           30472 kB
Cached:           279400 kB
MemTotal:        1844596 kB
MemFree:         1340192 kB
MemAvailable:    1534076 kB
Buffers:           30472 kB
Cached:           279400 kB
MemTotal:        1844596 kB
MemFree:         1339436 kB
MemAvailable:    1533320 kB
Buffers:           30472 kB
Cached:           279400 kB
MemTotal:        1844596 kB
MemFree:         1337708 kB
MemAvailable:    1531592 kB
Buffers:           30472 kB
Cached:           279400 kB
MemTotal:        1844596 kB
MemFree:         1334424 kB
MemAvailable:    1528308 kB
Buffers:           30472 kB
Cached:           279400 kB
MemTotal:        1844596 kB
MemFree:         1332624 kB
MemAvailable:    1526508 kB
Buffers:           30472 kB
Cached:           279400 kB
MemTotal:        1844596 kB
MemFree:         1331276 kB
MemAvailable:    1525160 kB
Buffers:           30472 kB
Cached:           279400 kB
MemTotal:        1844596 kB
MemFree:         1332096 kB
MemAvailable:    1525980 kB
Buffers:           30472 kB
Cached:           279400 kB
MemTotal:        1844596 kB
MemFree:         1332440 kB
MemAvailable:    1526324 kB
Buffers:           30472 kB
Cached:           279400 kB
MemTotal:        1844596 kB
MemFree:         1332052 kB
MemAvailable:    1525936 kB
Buffers:           30472 kB
Cached:           279400 kB
MemTotal:        1844596 kB
MemFree:         1332364 kB
MemAvailable:    1526248 kB
Buffers:           30472 kB
Cached:           279400 kB
MemTotal:        1844596 kB
MemFree:         1332172 kB
MemAvailable:    1526056 kB
Buffers:           30472 kB
Cached:           279400 kB
MemTotal:        1844596 kB
MemFree:         1331760 kB
MemAvailable:    1525644 kB
Buffers:           30472 kB
Cached:           279400 kB
MemTotal:        1844596 kB
MemFree:         1330944 kB
MemAvailable:    1524832 kB
Buffers:           30472 kB
Cached:           279404 kB
MemTotal:        1844596 kB
MemFree:         1332004 kB
MemAvailable:    1525892 kB
Buffers:           30472 kB
Cached:           279404 kB
MemTotal:        1844596 kB
MemFree:         1331448 kB
MemAvailable:    1525336 kB
Buffers:           30472 kB
Cached:           279404 kB
MemTotal:        1844596 kB
MemFree:         1332240 kB
MemAvailable:    1526132 kB
Buffers:           30472 kB
Cached:           279408 kB
MemTotal:        1844596 kB
MemFree:         1331696 kB
MemAvailable:    1525588 kB
Buffers:           30472 kB
Cached:           279408 kB
MemTotal:        1844596 kB
MemFree:         1332180 kB
MemAvailable:    1526072 kB
Buffers:           30472 kB
Cached:           279408 kB
MemTotal:        1844596 kB
MemFree:         1331796 kB
MemAvailable:    1525688 kB
Buffers:           30472 kB
Cached:           279408 kB
MemTotal:        1844596 kB
MemFree:         1332048 kB
MemAvailable:    1525940 kB
Buffers:           30472 kB
Cached:           279408 kB
MemTotal:        1844596 kB
MemFree:         1331448 kB
MemAvailable:    1525340 kB
Buffers:           30472 kB
Cached:           279408 kB
MemTotal:        1844596 kB
MemFree:         1330936 kB
MemAvailable:    1524828 kB
Buffers:           30472 kB
Cached:           279408 kB
MemTotal:        1844596 kB
MemFree:         1331020 kB
MemAvailable:    1524912 kB
Buffers:           30472 kB
Cached:           279408 kB
MemTotal:        1844596 kB
MemFree:         1330640 kB
MemAvailable:    1524532 kB
Buffers:           30472 kB
Cached:           279408 kB
MemTotal:        1844596 kB
MemFree:         1330176 kB
MemAvailable:    1524068 kB
Buffers:           30472 kB
Cached:           279408 kB
MemTotal:        1844596 kB
MemFree:         1330200 kB
MemAvailable:    1524092 kB
Buffers:           30472 kB
Cached:           279408 kB
MemTotal:        1844596 kB
MemFree:         1329464 kB
MemAvailable:    1523356 kB
Buffers:           30472 kB
Cached:           279408 kB
MemTotal:        1844596 kB
MemFree:         1329268 kB
MemAvailable:    1523160 kB
Buffers:           30484 kB
Cached:           279396 kB
MemTotal:        1844596 kB
MemFree:         1327836 kB
MemAvailable:    1521728 kB
Buffers:           30484 kB
Cached:           279396 kB
MemTotal:        1844596 kB
MemFree:         1328656 kB
MemAvailable:    1522548 kB
Buffers:           30484 kB
Cached:           279396 kB
MemTotal:        1844596 kB
MemFree:         1328408 kB
MemAvailable:    1522300 kB
Buffers:           30484 kB
Cached:           279396 kB
MemTotal:        1844596 kB
MemFree:         1328224 kB
MemAvailable:    1522116 kB
Buffers:           30484 kB
Cached:           279396 kB
MemTotal:        1844596 kB
MemFree:         1328476 kB
MemAvailable:    1522368 kB
Buffers:           30484 kB
Cached:           279396 kB
MemTotal:        1844596 kB
MemFree:         1327044 kB
MemAvailable:    1520936 kB
Buffers:           30484 kB
Cached:           279396 kB
MemTotal:        1844596 kB
MemFree:         1328152 kB
MemAvailable:    1522044 kB
Buffers:           30484 kB
Cached:           279396 kB
MemTotal:        1844596 kB
MemFree:         1328408 kB
MemAvailable:    1522300 kB
Buffers:           30484 kB
Cached:           279396 kB
MemTotal:        1844596 kB
MemFree:         1328324 kB
MemAvailable:    1522216 kB
Buffers:           30484 kB
Cached:           279396 kB
MemTotal:        1844596 kB
MemFree:         1327356 kB
MemAvailable:    1521248 kB
Buffers:           30484 kB
Cached:           279396 kB
MemTotal:        1844596 kB
MemFree:         1328332 kB
MemAvailable:    1522232 kB
Buffers:           30484 kB
Cached:           279404 kB
MemTotal:        1844596 kB
MemFree:         1328668 kB
MemAvailable:    1522568 kB
Buffers:           30484 kB
Cached:           279404 kB
MemTotal:        1844596 kB
MemFree:         1327092 kB
MemAvailable:    1520992 kB
Buffers:           30484 kB
Cached:           279404 kB
MemTotal:        1844596 kB
MemFree:         1327720 kB
MemAvailable:    1521620 kB
Buffers:           30484 kB
Cached:           279404 kB
MemTotal:        1844596 kB
MemFree:         1326488 kB
MemAvailable:    1520388 kB
Buffers:           30484 kB
Cached:           279404 kB
MemTotal:        1844596 kB
MemFree:         1327500 kB
MemAvailable:    1521400 kB
Buffers:           30484 kB
Cached:           279404 kB
MemTotal:        1844596 kB
MemFree:         1320348 kB
MemAvailable:    1514248 kB
Buffers:           30484 kB
Cached:           279404 kB
MemTotal:        1844596 kB
MemFree:         1320352 kB
MemAvailable:    1514252 kB
Buffers:           30484 kB
Cached:           279404 kB
MemTotal:        1844596 kB
MemFree:         1320520 kB
MemAvailable:    1514420 kB
Buffers:           30484 kB
Cached:           279404 kB
MemTotal:        1844596 kB
MemFree:         1320292 kB
MemAvailable:    1514192 kB
Buffers:           30484 kB
Cached:           279404 kB
MemTotal:        1844596 kB
MemFree:         1319112 kB
MemAvailable:    1513012 kB
Buffers:           30484 kB
Cached:           279404 kB
MemTotal:        1844596 kB
MemFree:         1320352 kB
MemAvailable:    1514252 kB
Buffers:           30484 kB
Cached:           279404 kB
MemTotal:        1844596 kB
MemFree:         1320348 kB
MemAvailable:    1514248 kB
Buffers:           30484 kB
Cached:           279404 kB
MemTotal:        1844596 kB
MemFree:         1322008 kB
MemAvailable:    1515908 kB
Buffers:           30484 kB
Cached:           279404 kB
MemTotal:        1844596 kB
MemFree:         1320896 kB
MemAvailable:    1514796 kB
Buffers:           30484 kB
Cached:           279404 kB
MemTotal:        1844596 kB
MemFree:         1320776 kB
MemAvailable:    1514676 kB
Buffers:           30484 kB
Cached:           279404 kB
MemTotal:        1844596 kB
MemFree:         1321960 kB
MemAvailable:    1516028 kB
Buffers:           30484 kB
Cached:           279652 kB
MemTotal:        1844596 kB
MemFree:         1321768 kB
MemAvailable:    1515920 kB
Buffers:           30484 kB
Cached:           279652 kB
MemTotal:        1844596 kB
MemFree:         1321372 kB
MemAvailable:    1515692 kB
Buffers:           30484 kB
Cached:           279900 kB
MemTotal:        1844596 kB
MemFree:         1321348 kB
MemAvailable:    1515668 kB
Buffers:           30484 kB
Cached:           279900 kB
MemTotal:        1844596 kB
MemFree:         1320948 kB
MemAvailable:    1515436 kB
Buffers:           30484 kB
Cached:           280024 kB
MemTotal:        1844596 kB
MemFree:         1321284 kB
MemAvailable:    1515772 kB
Buffers:           30484 kB
Cached:           280024 kB
MemTotal:        1844596 kB
MemFree:         1319708 kB
MemAvailable:    1514196 kB
Buffers:           30484 kB
Cached:           280024 kB
MemTotal:        1844596 kB
MemFree:         1319964 kB
MemAvailable:    1514452 kB
Buffers:           30484 kB
Cached:           280024 kB
MemTotal:        1844596 kB
MemFree:         1321108 kB
MemAvailable:    1515596 kB
Buffers:           30484 kB
Cached:           280024 kB
MemTotal:        1844596 kB
MemFree:         1321108 kB
MemAvailable:    1515596 kB
Buffers:           30484 kB
Cached:           280024 kB
MemTotal:        1844596 kB
MemFree:         1320828 kB
MemAvailable:    1515316 kB
Buffers:           30484 kB
Cached:           280024 kB
MemTotal:        1844596 kB
MemFree:         1321164 kB
MemAvailable:    1515652 kB
Buffers:           30484 kB
Cached:           280024 kB
MemTotal:        1844596 kB
MemFree:         1321072 kB
MemAvailable:    1515644 kB
Buffers:           30484 kB
Cached:           280024 kB
MemTotal:        1844596 kB
MemFree:         1321480 kB
MemAvailable:    1515380 kB
Buffers:           30484 kB
Cached:           279392 kB
MemTotal:        1844596 kB
MemFree:         1387856 kB
MemAvailable:    1581756 kB
Buffers:           30484 kB
Cached:           279392 kB
