MemTotal:        1844596 kB
MemFree:         1232004 kB
MemAvailable:    1564488 kB
Buffers:           49796 kB
Cached:           397456 kB
MemTotal:        1844596 kB
MemFree:         1203376 kB
MemAvailable:    1535864 kB
Buffers:           49796 kB
Cached:           397460 kB
MemTotal:        1844596 kB
MemFree:         1203252 kB
MemAvailable:    1535740 kB
Buffers:           49796 kB
Cached:           397460 kB
MemTotal:        1844596 kB
MemFree:         1201152 kB
MemAvailable:    1533640 kB
Buffers:           49796 kB
Cached:           397460 kB
MemTotal:        1844596 kB
MemFree:         1201064 kB
MemAvailable:    1533552 kB
Buffers:           49796 kB
Cached:           397460 kB
MemTotal:        1844596 kB
MemFree:         1199484 kB
MemAvailable:    1531972 kB
Buffers:           49796 kB
Cached:           397460 kB
MemTotal:        1844596 kB
MemFree:         1198424 kB
MemAvailable:    1530912 kB
Buffers:           49796 kB
Cached:           397460 kB
MemTotal:        1844596 kB
MemFree:         1196060 kB
MemAvailable:    1528548 kB
Buffers:           49796 kB
Cached:           397460 kB
MemTotal:        1844596 kB
MemFree:         1193332 kB
MemAvailable:    1525820 kB
Buffers:           49796 kB
Cached:           397460 kB
MemTotal:        1844596 kB
MemFree:         1190240 kB
MemAvailable:    1522728 kB
Buffers:           49796 kB
Cached:           397460 kB
MemTotal:        1844596 kB
MemFree:         1191012 kB
MemAvailable:    1523500 kB
Buffers:           49796 kB
Cached:           397460 kB
MemTotal:        1844596 kB
MemFree:         1190860 kB
MemAvailable:    1523348 kB
Buffers:           49796 kB
Cached:           397460 kB
MemTotal:        1844596 kB
MemFree:         1191096 kB
MemAvailable:    1523584 kB
Buffers:           49796 kB
Cached:           397460 kB
MemTotal:        1844596 kB
MemFree:         1191256 kB
MemAvailable:    1523744 kB
Buffers:           49796 kB
Cached:           397460 kB
MemTotal:        1844596 kB
MemFree:         1191172 kB
MemAvailable:    1523660 kB
Buffers:           49796 kB
Cached:           397460 kB
MemTotal:        1844596 kB
MemFree:         1189668 kB
MemAvailable:    1522156 kB
Buffers:           49796 kB
Cached:           397460 kB
MemTotal:        1844596 kB
MemFree:         1188504 kB
MemAvailable:    1520992 kB
Buffers:           49796 kB
Cached:           397460 kB
MemTotal:        1844596 kB
MemFree:         1187636 kB
MemAvailable:    1520124 kB
Buffers:           49796 kB
Cached:           397460 kB
MemTotal:        1844596 kB
MemFree:         1188672 kB
MemAvailable:    1521160 kB
Buffers:           49796 kB
Cached:           397460 kB
MemTotal:        1844596 kB
MemFree:         1187372 kB
MemAvailable:    1519860 kB
Buffers:           49796 kB
Cached:           397460 kB
MemTotal:        1844596 kB
MemFree:         1187620 kB
MemAvailable:    1520108 kB
Buffers:           49796 kB
Cached:           397460 kB
MemTotal:        1844596 kB
MemFree:         1188756 kB
MemAvailable:    1521244 kB
Buffers:           49796 kB
Cached:           397460 kB
MemTotal:        1844596 kB
MemFree:         1188808 kB
MemAvailable:    1521296 kB
Buffers:           49796 kB
Cached:           397460 kB
MemTotal:        1844596 kB
MemFree:         1187560 kB
MemAvailable:    1520048 kB
Buffers:           49796 kB
Cached:           397460 kB
MemTotal:        1844596 kB
MemFree:         1189596 kB
MemAvailable:    1522084 kB
Buffers:           49796 kB
Cached:           397460 kB
MemTotal:        1844596 kB
MemFree:         1189932 kB
MemAvailable:    1522420 kB
Buffers:           49796 kB
Cached:           397460 kB
MemTotal:        1844596 kB
MemFree:         1189356 kB
MemAvailable:    1521844 kB
Buffers:           49796 kB
Cached:           397460 kB
MemTotal:        1844596 kB
MemFree:         1188628 kB
MemAvailable:    1521116 kB
Buffers:           49796 kB
Cached:           397460 kB
MemTotal:        1844596 kB
MemFree:         1186644 kB
MemAvailable:    1519132 kB
Buffers:           49796 kB
Cached:           397460 kB
MemTotal:        1844596 kB
MemFree:         1186008 kB
MemAvailable:    1518496 kB
Buffers:           49796 kB
Cached:           397460 kB
MemTotal:        1844596 kB
MemFree:         1186008 kB
MemAvailable:    1518496 kB
Buffers:           49796 kB
Cached:           397460 kB
MemTotal:        1844596 kB
MemFree:         1184280 kB
MemAvailable:    1516768 kB
Buffers:           49796 kB
Cached:           397460 kB
MemTotal:        1844596 kB
MemFree:         1185652 kB
MemAvailable:    1518140 kB
Buffers:           49796 kB
Cached:           397460 kB
MemTotal:        1844596 kB
MemFree:         1183660 kB
MemAvailable:    1516148 kB
Buffers:           49796 kB
Cached:           397460 kB
MemTotal:        1844596 kB
MemFree:         1183420 kB
MemAvailable:    1515908 kB
Buffers:           49796 kB
Cached:           397460 kB
MemTotal:        1844596 kB
MemFree:         1183420 kB
MemAvailable:    1515908 kB
Buffers:           49796 kB
Cached:           397460 kB
MemTotal:        1844596 kB
MemFree:         1183288 kB
MemAvailable:    1515776 kB
Buffers:           49796 kB
Cached:           397460 kB
MemTotal:        1844596 kB
MemFree:         1183288 kB
MemAvailable:    1515776 kB
Buffers:           49796 kB
Cached:           397460 kB
MemTotal:        1844596 kB
MemFree:         1183412 kB
MemAvailable:    1515900 kB
Buffers:           49796 kB
Cached:           397460 kB
MemTotal:        1844596 kB
MemFree:         1183296 kB
MemAvailable:    1515784 kB
Buffers:           49796 kB
Cached:           397460 kB
MemTotal:        1844596 kB
MemFree:         1183836 kB
MemAvailable:    1516324 kB
Buffers:           49796 kB
Cached:           397460 kB
MemTotal:        1844596 kB
MemFree:         1183784 kB
MemAvailable:    1516272 kB
Buffers:           49796 kB
Cached:           397460 kB
MemTotal:        1844596 kB
MemFree:         1182032 kB
MemAvailable:    1514520 kB
Buffers:           49796 kB
Cached:           397460 kB
MemTotal:        1844596 kB
MemFree:         1182248 kB
MemAvailable:    1514736 kB
Buffers:           49796 kB
Cached:           397460 kB
MemTotal:        1844596 kB
MemFree:         1182240 kB
MemAvailable:    1514728 kB
Buffers:           49796 kB
Cached:           397460 kB
MemTotal:        1844596 kB
MemFree:         1183356 kB
MemAvailable:    1515844 kB
Buffers:           49796 kB
Cached:           397460 kB
MemTotal:        1844596 kB
MemFree:         1183476 kB
MemAvailable:    1515964 kB
Buffers:           49796 kB
Cached:           397460 kB
MemTotal:        1844596 kB
MemFree:         1183468 kB
MemAvailable:    1515956 kB
Buffers:           49796 kB
Cached:           397460 kB
MemTotal:        1844596 kB
MemFree:         1182016 kB
MemAvailable:    1514504 kB
Buffers:           49796 kB
Cached:           397460 kB
MemTotal:        1844596 kB
MemFree:         1183708 kB
MemAvailable:    1516196 kB
Buffers:           49796 kB
Cached:           397460 kB
MemTotal:        1844596 kB
MemFree:         1183620 kB
MemAvailable:    1516108 kB
Buffers:           49796 kB
Cached:           397460 kB
MemTotal:        1844596 kB
MemFree:         1181800 kB
MemAvailable:    1514288 kB
Buffers:           49796 kB
Cached:           397460 kB
MemTotal:        1844596 kB
MemFree:         1182984 kB
MemAvailable:    1515472 kB
Buffers:           49796 kB
Cached:           397460 kB
MemTotal:        1844596 kB
MemFree:         1181552 kB
MemAvailable:    1514040 kB
Buffers:           49796 kB
Cached:           397460 kB
MemTotal:        1844596 kB
MemFree:         1181560 kB
MemAvailable:    1514048 kB
Buffers:           49796 kB
Cached:           397460 kB
MemTotal:        1844596 kB
MemFree:         1182504 kB
MemAvailable:    1514992 kB
Buffers:           49796 kB
Cached:           397460 kB
MemTotal:        1844596 kB
MemFree:         1182372 kB
MemAvailable:    1514860 kB
Buffers:           49796 kB
Cached:           397460 kB
MemTotal:        1844596 kB
MemFree:         1182484 kB
MemAvailable:    1514972 kB
Buffers:           49796 kB
Cached:           397460 kB
MemTotal:        1844596 kB
MemFree:         1182428 kB
MemAvailable:    1514916 kB
Buffers:           49796 kB
Cached:           397460 kB
MemTotal:        1844596 kB
MemFree:         1182600 kB
MemAvailable:    1515088 kB
Buffers:           49796 kB
Cached:           397460 kB
MemTotal:        1844596 kB
MemFree:         1182552 kB
MemAvailable:    1515040 kB
Buffers:           49796 kB
Cached:           397460 kB
MemTotal:        1844596 kB
MemFree:         1181368 kB
MemAvailable:    1513856 kB
Buffers:           49796 kB
Cached:           397460 kB
MemTotal:        1844596 kB
MemFree:         1181396 kB
MemAvailable:    1513884 kB
Buffers:           49796 kB
Cached:           397460 kB
MemTotal:        1844596 kB
MemFree:         1181004 kB
MemAvailable:    1513492 kB
Buffers:           49796 kB
Cached:           397460 kB
MemTotal:        1844596 kB
MemFree:         1180808 kB
MemAvailable:    1513296 kB
Buffers:           49796 kB
Cached:           397460 kB
MemTotal:        1844596 kB
MemFree:         1178328 kB
MemAvailable:    1510816 kB
Buffers:           49796 kB
Cached:           397460 kB
MemTotal:        1844596 kB
MemFree:         1176288 kB
MemAvailable:    1508776 kB
Buffers:           49796 kB
Cached:           397460 kB
MemTotal:        1844596 kB
MemFree:         1173740 kB
MemAvailable:    1506228 kB
Buffers:           49796 kB
Cached:           397460 kB
MemTotal:        1844596 kB
MemFree:         1173996 kB
MemAvailable:    1506484 kB
Buffers:           49796 kB
Cached:           397460 kB
MemTotal:        1844596 kB
MemFree:         1174568 kB
MemAvailable:    1507056 kB
Buffers:           49796 kB
Cached:           397460 kB
MemTotal:        1844596 kB
MemFree:         1173080 kB
MemAvailable:    1505568 kB
Buffers:           49796 kB
Cached:           397460 kB
MemTotal:        1844596 kB
MemFree:         1174616 kB
MemAvailable:    1507104 kB
Buffers:           49796 kB
Cached:           397460 kB
MemTotal:        1844596 kB
MemFree:         1174436 kB
MemAvailable:    1506932 kB
Buffers:           49796 kB
Cached:           397468 kB
MemTotal:        1844596 kB
MemFree:         1174728 kB
MemAvailable:    1507224 kB
Buffers:           49796 kB
Cached:           397468 kB
MemTotal:        1844596 kB
MemFree:         1174316 kB
MemAvailable:    1506812 kB
Buffers:           49796 kB
Cached:           397468 kB
MemTotal:        1844596 kB
MemFree:         1174652 kB
MemAvailable:    1507148 kB
Buffers:           49796 kB
Cached:           397468 kB
MemTotal:        1844596 kB
MemFree:         1174636 kB
MemAvailable:    1507132 kB
Buffers:           49796 kB
Cached:           397468 kB
MemTotal:        1844596 kB
MemFree:         1174692 kB
MemAvailable:    1507188 kB
Buffers:           49796 kB
Cached:           397468 kB
MemTotal:        1844596 kB
MemFree:         1174484 kB
MemAvailable:    1506980 kB
Buffers:           49796 kB
Cached:           397468 kB
MemTotal:        1844596 kB
MemFree:         1174624 kB
MemAvailable:    1507120 kB
Buffers:           49796 kB
Cached:           397468 kB
MemTotal:        1844596 kB
MemFree:         1174568 kB
MemAvailable:    1507064 kB
Buffers:           49796 kB
Cached:           397468 kB
MemTotal:        1844596 kB
MemFree:         1173260 kB
MemAvailable:    1505756 kB
Buffers:           49796 kB
Cached:           397468 kB
MemTotal:        1844596 kB
MemFree:         1173864 kB
MemAvailable:    1506360 kB
Buffers:           49796 kB
Cached:           397468 kB
MemTotal:        1844596 kB
MemFree:         1174200 kB
MemAvailable:    1506696 kB
Buffers:           49796 kB
Cached:           397468 kB
MemTotal:        1844596 kB
MemFree:         1173120 kB
MemAvailable:    1505616 kB
Buffers:           49796 kB
Cached:           397468 kB
MemTotal:        1844596 kB
MemFree:         1172764 kB
MemAvailable:    1505260 kB
Buffers:           49796 kB
Cached:           397468 kB
MemTotal:        1844596 kB
MemFree:         1172872 kB
MemAvailable:    1505368 kB
Buffers:           49796 kB
Cached:           397468 kB
MemTotal:        1844596 kB
MemFree:         1172676 kB
MemAvailable:    1505172 kB
Buffers:           49796 kB
Cached:           397468 kB
MemTotal:        1844596 kB
MemFree:         1171648 kB
MemAvailable:    1504144 kB
Buffers:           49796 kB
Cached:           397468 kB
MemTotal:        1844596 kB
MemFree:         1170656 kB
MemAvailable:    1503152 kB
Buffers:           49796 kB
Cached:           397468 kB
MemTotal:        1844596 kB
MemFree:         1171896 kB
MemAvailable:    1504392 kB
Buffers:           49796 kB
Cached:           397468 kB
MemTotal:        1844596 kB
MemFree:         1171888 kB
MemAvailable:    1504384 kB
Buffers:           49796 kB
Cached:           397468 kB
MemTotal:        1844596 kB
MemFree:         1171012 kB
MemAvailable:    1503508 kB
Buffers:           49796 kB
Cached:           397468 kB
MemTotal:        1844596 kB
MemFree:         1170656 kB
MemAvailable:    1503152 kB
Buffers:           49796 kB
Cached:           397468 kB
MemTotal:        1844596 kB
MemFree:         1170876 kB
MemAvailable:    1503372 kB
Buffers:           49796 kB
Cached:           397468 kB
MemTotal:        1844596 kB
MemFree:         1170656 kB
MemAvailable:    1503152 kB
Buffers:           49796 kB
Cached:           397468 kB
MemTotal:        1844596 kB
MemFree:         1170600 kB
MemAvailable:    1503096 kB
Buffers:           49796 kB
Cached:           397468 kB
MemTotal:        1844596 kB
MemFree:         1170948 kB
MemAvailable:    1503444 kB
Buffers:           49796 kB
Cached:           397468 kB
MemTotal:        1844596 kB
MemFree:         1170592 kB
MemAvailable:    1503088 kB
Buffers:           49796 kB
Cached:           397468 kB
MemTotal:        1844596 kB
MemFree:         1170716 kB
MemAvailable:    1503212 kB
Buffers:           49796 kB
Cached:           397468 kB
MemTotal:        1844596 kB
MemFree:         1169912 kB
MemAvailable:    1502408 kB
Buffers:           49796 kB
Cached:           397468 kB
MemTotal:        1844596 kB
MemFree:         1169416 kB
MemAvailable:    1501916 kB
Buffers:           49796 kB
Cached:           397472 kB
MemTotal:        1844596 kB
MemFree:         1169416 kB
MemAvailable:    1501916 kB
Buffers:           49796 kB
Cached:           397472 kB
MemTotal:        1844596 kB
MemFree:         1169284 kB
MemAvailable:    1501784 kB
Buffers:           49796 kB
Cached:           397472 kB
MemTotal:        1844596 kB
MemFree:         1169028 kB
MemAvailable:    1501528 kB
Buffers:           49796 kB
Cached:           397472 kB
MemTotal:        1844596 kB
MemFree:         1169788 kB
MemAvailable:    1502288 kB
Buffers:           49796 kB
Cached:           397472 kB
MemTotal:        1844596 kB
MemFree:         1164944 kB
MemAvailable:    1497444 kB
Buffers:           49796 kB
Cached:           397472 kB
MemTotal:        1844596 kB
MemFree:         1162836 kB
MemAvailable:    1495336 kB
Buffers:           49796 kB
Cached:           397472 kB
MemTotal:        1844596 kB
MemFree:         1162480 kB
MemAvailable:    1494980 kB
Buffers:           49796 kB
Cached:           397472 kB
MemTotal:        1844596 kB
MemFree:         1162732 kB
MemAvailable:    1495232 kB
Buffers:           49796 kB
Cached:           397472 kB
MemTotal:        1844596 kB
MemFree:         1162224 kB
MemAvailable:    1494724 kB
Buffers:           49796 kB
Cached:           397472 kB
MemTotal:        1844596 kB
MemFree:         1162708 kB
MemAvailable:    1495208 kB
Buffers:           49796 kB
Cached:           397472 kB
MemTotal:        1844596 kB
MemFree:         1162688 kB
MemAvailable:    1495188 kB
Buffers:           49796 kB
Cached:           397472 kB
MemTotal:        1844596 kB
MemFree:         1162940 kB
MemAvailable:    1495440 kB
Buffers:           49796 kB
Cached:           397472 kB
MemTotal:        1844596 kB
MemFree:         1163680 kB
MemAvailable:    1496180 kB
Buffers:           49796 kB
Cached:           397472 kB
MemTotal:        1844596 kB
MemFree:         1163216 kB
MemAvailable:    1495800 kB
Buffers:           49796 kB
Cached:           397596 kB
MemTotal:        1844596 kB
MemFree:         1164076 kB
MemAvailable:    1496828 kB
Buffers:           49796 kB
Cached:           397720 kB
MemTotal:        1844596 kB
MemFree:         1163968 kB
MemAvailable:    1496720 kB
Buffers:           49796 kB
Cached:           397720 kB
MemTotal:        1844596 kB
MemFree:         1162456 kB
MemAvailable:    1495292 kB
Buffers:           49796 kB
Cached:           397844 kB
MemTotal:        1844596 kB
MemFree:         1163828 kB
MemAvailable:    1496748 kB
Buffers:           49796 kB
Cached:           397968 kB
MemTotal:        1844596 kB
MemFree:         1162472 kB
MemAvailable:    1495560 kB
Buffers:           49796 kB
Cached:           398092 kB
MemTotal:        1844596 kB
MemFree:         1163572 kB
MemAvailable:    1496660 kB
Buffers:           49796 kB
Cached:           398092 kB
MemTotal:        1844596 kB
MemFree:         1163572 kB
MemAvailable:    1496660 kB
Buffers:           49796 kB
Cached:           398092 kB
MemTotal:        1844596 kB
MemFree:         1163460 kB
MemAvailable:    1496548 kB
Buffers:           49796 kB
Cached:           398092 kB
MemTotal:        1844596 kB
MemFree:         1163444 kB
MemAvailable:    1496532 kB
Buffers:           49796 kB
Cached:           398092 kB
MemTotal:        1844596 kB
MemFree:         1163456 kB
MemAvailable:    1496544 kB
Buffers:           49796 kB
Cached:           398092 kB
MemTotal:        1844596 kB
MemFree:         1163516 kB
MemAvailable:    1496688 kB
Buffers:           49796 kB
Cached:           398216 kB
MemTotal:        1844596 kB
MemFree:         1162100 kB
MemAvailable:    1495272 kB
Buffers:           49796 kB
Cached:           398216 kB
MemTotal:        1844596 kB
MemFree:         1162332 kB
MemAvailable:    1494832 kB
Buffers:           49796 kB
Cached:           397460 kB
MemTotal:        1844596 kB
MemFree:         1213156 kB
MemAvailable:    1545740 kB
Buffers:           49796 kB
Cached:           397460 kB
