MemTotal:        1844596 kB
MemFree:         1167648 kB
MemAvailable:    1561508 kB
Buffers:           56896 kB
Cached:           446988 kB
MemTotal:        1844596 kB
MemFree:         1140020 kB
MemAvailable:    1533884 kB
Buffers:           56896 kB
Cached:           446992 kB
MemTotal:        1844596 kB
MemFree:         1138896 kB
MemAvailable:    1532760 kB
Buffers:           56896 kB
Cached:           446992 kB
MemTotal:        1844596 kB
MemFree:         1136912 kB
MemAvailable:    1530776 kB
Buffers:           56896 kB
Cached:           446992 kB
MemTotal:        1844596 kB
MemFree:         1136416 kB
MemAvailable:    1530280 kB
Buffers:           56896 kB
Cached:           446992 kB
MemTotal:        1844596 kB
MemFree:         1136664 kB
MemAvailable:    1530528 kB
Buffers:           56896 kB
Cached:           446992 kB
MemTotal:        1844596 kB
MemFree:         1136780 kB
MemAvailable:    1530644 kB
Buffers:           56896 kB
Cached:           446992 kB
MemTotal:        1844596 kB
MemFree:         1132952 kB
MemAvailable:    1526816 kB
Buffers:           56896 kB
Cached:           446992 kB
MemTotal:        1844596 kB
MemFree:         1130284 kB
MemAvailable:    1524148 kB
Buffers:           56896 kB
Cached:           446992 kB
MemTotal:        1844596 kB
MemFree:         1125364 kB
MemAvailable:    1519228 kB
Buffers:           56896 kB
Cached:           446992 kB
MemTotal:        1844596 kB
MemFree:         1125264 kB
MemAvailable:    1519128 kB
Buffers:           56896 kB
Cached:           446992 kB
MemTotal:        1844596 kB
MemFree:         1126940 kB
MemAvailable:    1520804 kB
Buffers:           56896 kB
Cached:           446992 kB
MemTotal:        1844596 kB
MemFree:         1126828 kB
MemAvailable:    1520692 kB
Buffers:           56896 kB
Cached:           446992 kB
MemTotal:        1844596 kB
MemFree:         1125512 kB
MemAvailable:    1519376 kB
Buffers:           56896 kB
Cached:           446992 kB
MemTotal:        1844596 kB
MemFree:         1125372 kB
MemAvailable:    1519236 kB
Buffers:           56896 kB
Cached:           446992 kB
MemTotal:        1844596 kB
MemFree:         1125008 kB
MemAvailable:    1518872 kB
Buffers:           56896 kB
Cached:           446992 kB
MemTotal:        1844596 kB
MemFree:         1124148 kB
MemAvailable:    1518012 kB
Buffers:           56896 kB
Cached:           446992 kB
MemTotal:        1844596 kB
MemFree:         1123148 kB
MemAvailable:    1517012 kB
Buffers:           56896 kB
Cached:           446992 kB
MemTotal:        1844596 kB
MemFree:         1124256 kB
MemAvailable:    1518120 kB
Buffers:           56896 kB
Cached:           446992 kB
MemTotal:        1844596 kB
MemFree:         1123776 kB
MemAvailable:    1517640 kB
Buffers:           56896 kB
Cached:           446992 kB
MemTotal:        1844596 kB
MemFree:         1124384 kB
MemAvailable:    1518248 kB
Buffers:           56896 kB
Cached:           446992 kB
MemTotal:        1844596 kB
MemFree:         1123136 kB
MemAvailable:    1517000 kB
Buffers:           56896 kB
Cached:           446992 kB
MemTotal:        1844596 kB
MemFree:         1122956 kB
MemAvailable:    1516820 kB
Buffers:           56896 kB
Cached:           446992 kB
MemTotal:        1844596 kB
MemFree:         1122964 kB
MemAvailable:    1516828 kB
Buffers:           56896 kB
Cached:           446992 kB
MemTotal:        1844596 kB
MemFree:         1124232 kB
MemAvailable:    1518096 kB
Buffers:           56896 kB
Cached:           446992 kB
MemTotal:        1844596 kB
MemFree:         1124148 kB
MemAvailable:    1518012 kB
Buffers:           56896 kB
Cached:           446992 kB
MemTotal:        1844596 kB
MemFree:         1125556 kB
MemAvailable:    1519420 kB
Buffers:           56896 kB
Cached:           446992 kB
MemTotal:        1844596 kB
MemFree:         1125076 kB
MemAvailable:    1518940 kB
Buffers:           56896 kB
Cached:           446992 kB
MemTotal:        1844596 kB
MemFree:         1123712 kB
MemAvailable:    1517576 kB
Buffers:           56896 kB
Cached:           446992 kB
MemTotal:        1844596 kB
MemFree:         1122224 kB
MemAvailable:    1516088 kB
Buffers:           56896 kB
Cached:           446992 kB
MemTotal:        1844596 kB
MemFree:         1122108 kB
MemAvailable:    1515972 kB
Buffers:           56896 kB
Cached:           446992 kB
MemTotal:        1844596 kB
MemFree:         1121032 kB
MemAvailable:    1514896 kB
Buffers:           56896 kB
Cached:           446992 kB
MemTotal:        1844596 kB
MemFree:         1120924 kB
MemAvailable:    1514788 kB
Buffers:           56896 kB
Cached:           446992 kB
MemTotal:        1844596 kB
MemFree:         1120612 kB
MemAvailable:    1514476 kB
Buffers:           56896 kB
Cached:           446992 kB
MemTotal:        1844596 kB
MemFree:         1119552 kB
MemAvailable:    1513416 kB
Buffers:           56896 kB
Cached:           446992 kB
MemTotal:        1844596 kB
MemFree:         1120164 kB
MemAvailable:    1514028 kB
Buffers:           56896 kB
Cached:           446992 kB
MemTotal:        1844596 kB
MemFree:         1118752 kB
MemAvailable:    1512616 kB
Buffers:           56896 kB
Cached:           446992 kB
MemTotal:        1844596 kB
MemFree:         1118744 kB
MemAvailable:    1512608 kB
Buffers:           56896 kB
Cached:           446992 kB
MemTotal:        1844596 kB
MemFree:         1118744 kB
MemAvailable:    1512608 kB
Buffers:           56896 kB
Cached:           446992 kB
MemTotal:        1844596 kB
MemFree:         1118692 kB
MemAvailable:    1512556 kB
Buffers:           56896 kB
Cached:           446992 kB
MemTotal:        1844596 kB
MemFree:         1119536 kB
MemAvailable:    1513400 kB
Buffers:           56896 kB
Cached:           446992 kB
MemTotal:        1844596 kB
MemFree:         1119620 kB
MemAvailable:    1513484 kB
Buffers:           56896 kB
Cached:           446992 kB
MemTotal:        1844596 kB
MemFree:         1118124 kB
MemAvailable:    1511988 kB
Buffers:           56896 kB
Cached:           446992 kB
MemTotal:        1844596 kB
MemFree:         1119300 kB
MemAvailable:    1513164 kB
Buffers:           56896 kB
Cached:           446992 kB
MemTotal:        1844596 kB
MemFree:         1119284 kB
MemAvailable:    1513148 kB
Buffers:           56896 kB
Cached:           446992 kB
MemTotal:        1844596 kB
MemFree:         1119140 kB
MemAvailable:    1513004 kB
Buffers:           56896 kB
Cached:           446992 kB
MemTotal:        1844596 kB
MemFree:         1117756 kB
MemAvailable:    1511620 kB
Buffers:           56896 kB
Cached:           446992 kB
MemTotal:        1844596 kB
MemFree:         1117748 kB
MemAvailable:    1511612 kB
Buffers:           56896 kB
Cached:           446992 kB
MemTotal:        1844596 kB
MemFree:         1117748 kB
MemAvailable:    1511612 kB
Buffers:           56896 kB
Cached:           446992 kB
MemTotal:        1844596 kB
MemFree:         1118980 kB
MemAvailable:    1512844 kB
Buffers:           56896 kB
Cached:           446992 kB
MemTotal:        1844596 kB
MemFree:         1118940 kB
MemAvailable:    1512804 kB
Buffers:           56896 kB
Cached:           446992 kB
MemTotal:        1844596 kB
MemFree:         1119124 kB
MemAvailable:    1512988 kB
Buffers:           56896 kB
Cached:           446992 kB
MemTotal:        1844596 kB
MemFree:         1118868 kB
MemAvailable:    1512732 kB
Buffers:           56896 kB
Cached:           446992 kB
MemTotal:        1844596 kB
MemFree:         1118568 kB
MemAvailable:    1512432 kB
Buffers:           56896 kB
Cached:           446992 kB
MemTotal:        1844596 kB
MemFree:         1118512 kB
MemAvailable:    1512384 kB
Buffers:           56896 kB
Cached:           446996 kB
MemTotal:        1844596 kB
MemFree:         1118540 kB
MemAvailable:    1512412 kB
Buffers:           56896 kB
Cached:           446996 kB
MemTotal:        1844596 kB
MemFree:         1117080 kB
MemAvailable:    1510952 kB
Buffers:           56896 kB
Cached:           446996 kB
MemTotal:        1844596 kB
MemFree:         1118380 kB
MemAvailable:    1512252 kB
Buffers:           56896 kB
Cached:           446996 kB
MemTotal:        1844596 kB
MemFree:         1118208 kB
MemAvailable:    1512080 kB
Buffers:           56896 kB
Cached:           446996 kB
MemTotal:        1844596 kB
MemFree:         1116648 kB
MemAvailable:    1510520 kB
Buffers:           56896 kB
Cached:           446996 kB
MemTotal:        1844596 kB
MemFree:         1116772 kB
MemAvailable:    1510644 kB
Buffers:           56896 kB
Cached:           446996 kB
MemTotal:        1844596 kB
MemFree:         1117020 kB
MemAvailable:    1510892 kB
Buffers:           56896 kB
Cached:           446996 kB
MemTotal:        1844596 kB
MemFree:         1118164 kB
MemAvailable:    1512036 kB
Buffers:           56896 kB
Cached:           446996 kB
MemTotal:        1844596 kB
MemFree:         1117576 kB
MemAvailable:    1511448 kB
Buffers:           56896 kB
Cached:           446996 kB
MemTotal:        1844596 kB
MemFree:         1117992 kB
MemAvailable:    1511864 kB
Buffers:           56896 kB
Cached:           446996 kB
MemTotal:        1844596 kB
MemFree:         1116460 kB
MemAvailable:    1510332 kB
Buffers:           56896 kB
Cached:           446996 kB
MemTotal:        1844596 kB
MemFree:         1113468 kB
MemAvailable:    1507340 kB
Buffers:           56896 kB
Cached:           446996 kB
MemTotal:        1844596 kB
MemFree:         1113112 kB
MemAvailable:    1506984 kB
Buffers:           56896 kB
Cached:           446996 kB
MemTotal:        1844596 kB
MemFree:         1110616 kB
MemAvailable:    1504488 kB
Buffers:           56896 kB
Cached:           446996 kB
MemTotal:        1844596 kB
MemFree:         1110700 kB
MemAvailable:    1504572 kB
Buffers:           56896 kB
Cached:           446996 kB
MemTotal:        1844596 kB
MemFree:         1110328 kB
MemAvailable:    1504200 kB
Buffers:           56896 kB
Cached:           446996 kB
MemTotal:        1844596 kB
MemFree:         1110360 kB
MemAvailable:    1504232 kB
Buffers:           56896 kB
Cached:           446996 kB
MemTotal:        1844596 kB
MemFree:         1108948 kB
MemAvailable:    1502820 kB
Buffers:           56896 kB
Cached:           446996 kB
MemTotal:        1844596 kB
MemFree:         1108984 kB
MemAvailable:    1502856 kB
Buffers:           56896 kB
Cached:           446996 kB
MemTotal:        1844596 kB
MemFree:         1108820 kB
MemAvailable:    1502692 kB
Buffers:           56896 kB
Cached:           446996 kB
MemTotal:        1844596 kB
MemFree:         1110352 kB
MemAvailable:    1504224 kB
Buffers:           56896 kB
Cached:           446996 kB
MemTotal:        1844596 kB
MemFree:         1110180 kB
MemAvailable:    1504052 kB
Buffers:           56896 kB
Cached:           446996 kB
MemTotal:        1844596 kB
MemFree:         1110040 kB
MemAvailable:    1503912 kB
Buffers:           56896 kB
Cached:           446996 kB
MemTotal:        1844596 kB
MemFree:         1110260 kB
MemAvailable:    1504132 kB
Buffers:           56896 kB
Cached:           446996 kB
MemTotal:        1844596 kB
MemFree:         1109080 kB
MemAvailable:    1502952 kB
Buffers:           56896 kB
Cached:           446996 kB
MemTotal:        1844596 kB
MemFree:         1110140 kB
MemAvailable:    1504012 kB
Buffers:           56896 kB
Cached:           446996 kB
MemTotal:        1844596 kB
MemFree:         1110196 kB
MemAvailable:    1504068 kB
Buffers:           56896 kB
Cached:           446996 kB
MemTotal:        1844596 kB
MemFree:         1108516 kB
MemAvailable:    1502388 kB
Buffers:           56896 kB
Cached:           446996 kB
MemTotal:        1844596 kB
MemFree:         1109700 kB
MemAvailable:    1503572 kB
Buffers:           56896 kB
Cached:           446996 kB
MemTotal:        1844596 kB
MemFree:         1109004 kB
MemAvailable:    1502876 kB
Buffers:           56896 kB
Cached:           446996 kB
MemTotal:        1844596 kB
MemFree:         1109004 kB
MemAvailable:    1502876 kB
Buffers:           56896 kB
Cached:           446996 kB
MemTotal:        1844596 kB
MemFree:         1108640 kB
MemAvailable:    1502512 kB
Buffers:           56896 kB
Cached:           446996 kB
MemTotal:        1844596 kB
MemFree:         1108724 kB
MemAvailable:    1502596 kB
Buffers:           56896 kB
Cached:           446996 kB
MemTotal:        1844596 kB
MemFree:         1107524 kB
MemAvailable:    1501396 kB
Buffers:           56896 kB
Cached:           446996 kB
MemTotal:        1844596 kB
MemFree:         1107392 kB
MemAvailable:    1501264 kB
Buffers:           56896 kB
Cached:           446996 kB
MemTotal:        1844596 kB
MemFree:         1107392 kB
MemAvailable:    1501264 kB
Buffers:           56896 kB
Cached:           446996 kB
MemTotal:        1844596 kB
MemFree:         1105416 kB
MemAvailable:    1499288 kB
Buffers:           56896 kB
Cached:           446996 kB
MemTotal:        1844596 kB
MemFree:         1105548 kB
MemAvailable:    1499420 kB
Buffers:           56896 kB
Cached:           446996 kB
MemTotal:        1844596 kB
MemFree:         1105424 kB
MemAvailable:    1499296 kB
Buffers:           56896 kB
Cached:           446996 kB
MemTotal:        1844596 kB
MemFree:         1106476 kB
MemAvailable:    1500348 kB
Buffers:           56896 kB
Cached:           446996 kB
MemTotal:        1844596 kB
MemFree:         1106492 kB
MemAvailable:    1500364 kB
Buffers:           56896 kB
Cached:           446996 kB
MemTotal:        1844596 kB
MemFree:         1105120 kB
MemAvailable:    1498992 kB
Buffers:           56896 kB
Cached:           446996 kB
MemTotal:        1844596 kB
MemFree:         1106360 kB
MemAvailable:    1500232 kB
Buffers:           56896 kB
Cached:           446996 kB
MemTotal:        1844596 kB
MemFree:         1106408 kB
MemAvailable:    1500280 kB
Buffers:           56896 kB
Cached:           446996 kB
MemTotal:        1844596 kB
MemFree:         1106468 kB
MemAvailable:    1500340 kB
Buffers:           56896 kB
Cached:           446996 kB
MemTotal:        1844596 kB
MemFree:         1106292 kB
MemAvailable:    1500164 kB
Buffers:           56896 kB
Cached:           446996 kB
MemTotal:        1844596 kB
MemFree:         1106120 kB
MemAvailable:    1499992 kB
Buffers:           56896 kB
Cached:           446996 kB
MemTotal:        1844596 kB
MemFree:         1104804 kB
MemAvailable:    1498676 kB
Buffers:           56896 kB
Cached:           446996 kB
MemTotal:        1844596 kB
MemFree:         1105548 kB
MemAvailable:    1499420 kB
Buffers:           56896 kB
Cached:           446996 kB
MemTotal:        1844596 kB
MemFree:         1097488 kB
MemAvailable:    1491360 kB
Buffers:           56896 kB
Cached:           446996 kB
MemTotal:        1844596 kB
MemFree:         1098472 kB
MemAvailable:    1492344 kB
Buffers:           56896 kB
Cached:           446996 kB
MemTotal:        1844596 kB
MemFree:         1098320 kB
MemAvailable:    1492192 kB
Buffers:           56896 kB
Cached:           446996 kB
MemTotal:        1844596 kB
MemFree:         1098224 kB
MemAvailable:    1492096 kB
Buffers:           56896 kB
Cached:           446996 kB
MemTotal:        1844596 kB
MemFree:         1098228 kB
MemAvailable:    1492100 kB
Buffers:           56896 kB
Cached:           446996 kB
MemTotal:        1844596 kB
MemFree:         1097300 kB
MemAvailable:    1491172 kB
Buffers:           56896 kB
Cached:           446996 kB
MemTotal:        1844596 kB
MemFree:         1100168 kB
MemAvailable:    1494040 kB
Buffers:           56896 kB
Cached:           446996 kB
MemTotal:        1844596 kB
MemFree:         1099844 kB
MemAvailable:    1493716 kB
Buffers:           56896 kB
Cached:           446996 kB
MemTotal:        1844596 kB
MemFree:         1099904 kB
MemAvailable:    1493860 kB
Buffers:           56896 kB
Cached:           447120 kB
MemTotal:        1844596 kB
MemFree:         1098472 kB
MemAvailable:    1492596 kB
Buffers:           56896 kB
Cached:           447244 kB
MemTotal:        1844596 kB
MemFree:         1098348 kB
MemAvailable:    1492556 kB
Buffers:           56896 kB
Cached:           447368 kB
MemTotal:        1844596 kB
MemFree:         1098100 kB
MemAvailable:    1492476 kB
Buffers:           56896 kB
Cached:           447492 kB
MemTotal:        1844596 kB
MemFree:         1097976 kB
MemAvailable:    1492436 kB
Buffers:           56896 kB
Cached:           447616 kB
MemTotal:        1844596 kB
MemFree:         1099092 kB
MemAvailable:    1493636 kB
Buffers:           56896 kB
Cached:           447616 kB
MemTotal:        1844596 kB
MemFree:         1097976 kB
MemAvailable:    1492520 kB
Buffers:           56896 kB
Cached:           447616 kB
MemTotal:        1844596 kB
MemFree:         1097976 kB
MemAvailable:    1492520 kB
Buffers:           56896 kB
Cached:           447740 kB
MemTotal:        1844596 kB
MemFree:         1099084 kB
MemAvailable:    1493632 kB
Buffers:           56896 kB
Cached:           447744 kB
MemTotal:        1844596 kB
MemFree:         1098488 kB
MemAvailable:    1493036 kB
Buffers:           56896 kB
Cached:           447744 kB
MemTotal:        1844596 kB
MemFree:         1098928 kB
MemAvailable:    1493532 kB
Buffers:           56896 kB
Cached:           447728 kB
MemTotal:        1844596 kB
MemFree:         1098356 kB
MemAvailable:    1492960 kB
Buffers:           56896 kB
Cached:           447728 kB
MemTotal:        1844596 kB
MemFree:         1097604 kB
MemAvailable:    1492208 kB
Buffers:           56896 kB
Cached:           447728 kB
MemTotal:        1844596 kB
MemFree:         1097844 kB
MemAvailable:    1491776 kB
Buffers:           56896 kB
Cached:           447012 kB
MemTotal:        1844596 kB
MemFree:         1167328 kB
MemAvailable:    1561260 kB
Buffers:           56896 kB
Cached:           447012 kB
