MemTotal:        1844596 kB
MemFree:         1259948 kB
MemAvailable:    1565900 kB
Buffers:           46552 kB
Cached:           376188 kB
MemTotal:        1844596 kB
MemFree:         1232196 kB
MemAvailable:    1538152 kB
Buffers:           46564 kB
Cached:           376192 kB
MemTotal:        1844596 kB
MemFree:         1231768 kB
MemAvailable:    1537724 kB
Buffers:           46564 kB
Cached:           376192 kB
MemTotal:        1844596 kB
MemFree:         1229228 kB
MemAvailable:    1535184 kB
Buffers:           46564 kB
Cached:           376192 kB
MemTotal:        1844596 kB
MemFree:         1228840 kB
MemAvailable:    1534796 kB
Buffers:           46564 kB
Cached:           376192 kB
MemTotal:        1844596 kB
MemFree:         1228732 kB
MemAvailable:    1534688 kB
Buffers:           46564 kB
Cached:           376192 kB
MemTotal:        1844596 kB
MemFree:         1227228 kB
MemAvailable:    1533184 kB
Buffers:           46564 kB
Cached:           376192 kB
MemTotal:        1844596 kB
MemFree:         1227356 kB
MemAvailable:    1533312 kB
Buffers:           46564 kB
Cached:           376192 kB
MemTotal:        1844596 kB
MemFree:         1222028 kB
MemAvailable:    1527984 kB
Buffers:           46564 kB
Cached:           376192 kB
MemTotal:        1844596 kB
MemFree:         1218804 kB
MemAvailable:    1524760 kB
Buffers:           46564 kB
Cached:           376192 kB
MemTotal:        1844596 kB
MemFree:         1218996 kB
MemAvailable:    1524952 kB
Buffers:           46564 kB
Cached:           376192 kB
MemTotal:        1844596 kB
MemFree:         1217696 kB
MemAvailable:    1523652 kB
Buffers:           46564 kB
Cached:           376192 kB
MemTotal:        1844596 kB
MemFree:         1217820 kB
MemAvailable:    1523776 kB
Buffers:           46564 kB
Cached:           376192 kB
MemTotal:        1844596 kB
MemFree:         1218888 kB
MemAvailable:    1524844 kB
Buffers:           46564 kB
Cached:           376192 kB
MemTotal:        1844596 kB
MemFree:         1218616 kB
MemAvailable:    1524572 kB
Buffers:           46564 kB
Cached:           376192 kB
MemTotal:        1844596 kB
MemFree:         1218316 kB
MemAvailable:    1524272 kB
Buffers:           46564 kB
Cached:           376192 kB
MemTotal:        1844596 kB
MemFree:         1218360 kB
MemAvailable:    1524316 kB
Buffers:           46564 kB
Cached:           376192 kB
MemTotal:        1844596 kB
MemFree:         1216332 kB
MemAvailable:    1522288 kB
Buffers:           46564 kB
Cached:           376192 kB
MemTotal:        1844596 kB
MemFree:         1215960 kB
MemAvailable:    1521916 kB
Buffers:           46564 kB
Cached:           376192 kB
MemTotal:        1844596 kB
MemFree:         1216564 kB
MemAvailable:    1522520 kB
Buffers:           46564 kB
Cached:           376192 kB
MemTotal:        1844596 kB
MemFree:         1216332 kB
MemAvailable:    1522288 kB
Buffers:           46564 kB
Cached:           376192 kB
MemTotal:        1844596 kB
MemFree:         1215408 kB
MemAvailable:    1521364 kB
Buffers:           46564 kB
Cached:           376192 kB
MemTotal:        1844596 kB
MemFree:         1216428 kB
MemAvailable:    1522384 kB
Buffers:           46564 kB
Cached:           376192 kB
MemTotal:        1844596 kB
MemFree:         1216580 kB
MemAvailable:    1522536 kB
Buffers:           46564 kB
Cached:           376192 kB
MemTotal:        1844596 kB
MemFree:         1216296 kB
MemAvailable:    1522252 kB
Buffers:           46564 kB
Cached:           376192 kB
MemTotal:        1844596 kB
MemFree:         1216448 kB
MemAvailable:    1522404 kB
Buffers:           46564 kB
Cached:           376192 kB
MemTotal:        1844596 kB
MemFree:         1217800 kB
MemAvailable:    1523756 kB
Buffers:           46564 kB
Cached:           376192 kB
MemTotal:        1844596 kB
MemFree:         1217780 kB
MemAvailable:    1523736 kB
Buffers:           46564 kB
Cached:           376192 kB
MemTotal:        1844596 kB
MemFree:         1216208 kB
MemAvailable:    1522164 kB
Buffers:           46564 kB
Cached:           376192 kB
MemTotal:        1844596 kB
MemFree:         1215152 kB
MemAvailable:    1521108 kB
Buffers:           46564 kB
Cached:           376192 kB
MemTotal:        1844596 kB
MemFree:         1214152 kB
MemAvailable:    1520108 kB
Buffers:           46564 kB
Cached:           376192 kB
MemTotal:        1844596 kB
MemFree:         1213340 kB
MemAvailable:    1519296 kB
Buffers:           46564 kB
Cached:           376192 kB
MemTotal:        1844596 kB
MemFree:         1212488 kB
MemAvailable:    1518444 kB
Buffers:           46564 kB
Cached:           376192 kB
MemTotal:        1844596 kB
MemFree:         1213176 kB
MemAvailable:    1519132 kB
Buffers:           46564 kB
Cached:           376192 kB
MemTotal:        1844596 kB
MemFree:         1212672 kB
MemAvailable:    1518628 kB
Buffers:           46564 kB
Cached:           376192 kB
MemTotal:        1844596 kB
MemFree:         1212480 kB
MemAvailable:    1518436 kB
Buffers:           46564 kB
Cached:           376192 kB
MemTotal:        1844596 kB
MemFree:         1212360 kB
MemAvailable:    1518316 kB
Buffers:           46564 kB
Cached:           376192 kB
MemTotal:        1844596 kB
MemFree:         1211228 kB
MemAvailable:    1517184 kB
Buffers:           46564 kB
Cached:           376192 kB
MemTotal:        1844596 kB
MemFree:         1210932 kB
MemAvailable:    1516888 kB
Buffers:           46564 kB
Cached:           376192 kB
MemTotal:        1844596 kB
MemFree:         1212308 kB
MemAvailable:    1518284 kB
Buffers:           46564 kB
Cached:           376196 kB
MemTotal:        1844596 kB
MemFree:         1211992 kB
MemAvailable:    1517968 kB
Buffers:           46564 kB
Cached:           376196 kB
MemTotal:        1844596 kB
MemFree:         1211960 kB
MemAvailable:    1517936 kB
Buffers:           46564 kB
Cached:           376196 kB
MemTotal:        1844596 kB
MemFree:         1211496 kB
MemAvailable:    1517472 kB
Buffers:           46564 kB
Cached:           376196 kB
MemTotal:        1844596 kB
MemFree:         1211812 kB
MemAvailable:    1517788 kB
Buffers:           46564 kB
Cached:           376196 kB
MemTotal:        1844596 kB
MemFree:         1210372 kB
MemAvailable:    1516348 kB
Buffers:           46564 kB
Cached:           376196 kB
MemTotal:        1844596 kB
MemFree:         1209944 kB
MemAvailable:    1515920 kB
Buffers:           46564 kB
Cached:           376196 kB
MemTotal:        1844596 kB
MemFree:         1210076 kB
MemAvailable:    1516052 kB
Buffers:           46564 kB
Cached:           376196 kB
MemTotal:        1844596 kB
MemFree:         1211176 kB
MemAvailable:    1517152 kB
Buffers:           46564 kB
Cached:           376196 kB
MemTotal:        1844596 kB
MemFree:         1210752 kB
MemAvailable:    1516728 kB
Buffers:           46564 kB
Cached:           376196 kB
MemTotal:        1844596 kB
MemFree:         1211236 kB
MemAvailable:    1517212 kB
Buffers:           46564 kB
Cached:           376196 kB
MemTotal:        1844596 kB
MemFree:         1211248 kB
MemAvailable:    1517224 kB
Buffers:           46564 kB
Cached:           376196 kB
MemTotal:        1844596 kB
MemFree:         1211368 kB
MemAvailable:    1517344 kB
Buffers:           46564 kB
Cached:           376196 kB
MemTotal:        1844596 kB
MemFree:         1211308 kB
MemAvailable:    1517284 kB
Buffers:           46564 kB
Cached:           376196 kB
MemTotal:        1844596 kB
MemFree:         1211444 kB
MemAvailable:    1517420 kB
Buffers:           46564 kB
Cached:           376196 kB
MemTotal:        1844596 kB
MemFree:         1211256 kB
MemAvailable:    1517232 kB
Buffers:           46564 kB
Cached:           376196 kB
MemTotal:        1844596 kB
MemFree:         1211000 kB
MemAvailable:    1516976 kB
Buffers:           46564 kB
Cached:           376196 kB
MemTotal:        1844596 kB
MemFree:         1210960 kB
MemAvailable:    1516936 kB
Buffers:           46564 kB
Cached:           376196 kB
MemTotal:        1844596 kB
MemFree:         1210780 kB
MemAvailable:    1516756 kB
Buffers:           46564 kB
Cached:           376196 kB
MemTotal:        1844596 kB
MemFree:         1210588 kB
MemAvailable:    1516564 kB
Buffers:           46564 kB
Cached:           376196 kB
MemTotal:        1844596 kB
MemFree:         1209004 kB
MemAvailable:    1514980 kB
Buffers:           46564 kB
Cached:           376196 kB
MemTotal:        1844596 kB
MemFree:         1208996 kB
MemAvailable:    1514972 kB
Buffers:           46564 kB
Cached:           376196 kB
MemTotal:        1844596 kB
MemFree:         1210228 kB
MemAvailable:    1516204 kB
Buffers:           46564 kB
Cached:           376196 kB
MemTotal:        1844596 kB
MemFree:         1209088 kB
MemAvailable:    1515064 kB
Buffers:           46564 kB
Cached:           376196 kB
MemTotal:        1844596 kB
MemFree:         1209208 kB
MemAvailable:    1515184 kB
Buffers:           46564 kB
Cached:           376196 kB
MemTotal:        1844596 kB
MemFree:         1210384 kB
MemAvailable:    1516360 kB
Buffers:           46564 kB
Cached:           376196 kB
MemTotal:        1844596 kB
MemFree:         1209320 kB
MemAvailable:    1515296 kB
Buffers:           46564 kB
Cached:           376196 kB
MemTotal:        1844596 kB
MemFree:         1209360 kB
MemAvailable:    1515336 kB
Buffers:           46564 kB
Cached:           376196 kB
MemTotal:        1844596 kB
MemFree:         1208768 kB
MemAvailable:    1514744 kB
Buffers:           46564 kB
Cached:           376196 kB
MemTotal:        1844596 kB
MemFree:         1207024 kB
MemAvailable:    1513000 kB
Buffers:           46564 kB
Cached:           376196 kB
MemTotal:        1844596 kB
MemFree:         1204180 kB
MemAvailable:    1510156 kB
Buffers:           46564 kB
Cached:           376196 kB
MemTotal:        1844596 kB
MemFree:         1202916 kB
MemAvailable:    1508892 kB
Buffers:           46564 kB
Cached:           376196 kB
MemTotal:        1844596 kB
MemFree:         1202568 kB
MemAvailable:    1508544 kB
Buffers:           46564 kB
Cached:           376196 kB
MemTotal:        1844596 kB
MemFree:         1202612 kB
MemAvailable:    1508588 kB
Buffers:           46564 kB
Cached:           376196 kB
MemTotal:        1844596 kB
MemFree:         1201180 kB
MemAvailable:    1507156 kB
Buffers:           46564 kB
Cached:           376196 kB
MemTotal:        1844596 kB
MemFree:         1201388 kB
MemAvailable:    1507364 kB
Buffers:           46564 kB
Cached:           376196 kB
MemTotal:        1844596 kB
MemFree:         1201424 kB
MemAvailable:    1507400 kB
Buffers:           46564 kB
Cached:           376196 kB
MemTotal:        1844596 kB
MemFree:         1202408 kB
MemAvailable:    1508384 kB
Buffers:           46564 kB
Cached:           376196 kB
MemTotal:        1844596 kB
MemFree:         1201292 kB
MemAvailable:    1507268 kB
Buffers:           46564 kB
Cached:           376196 kB
MemTotal:        1844596 kB
MemFree:         1201292 kB
MemAvailable:    1507268 kB
Buffers:           46564 kB
Cached:           376196 kB
MemTotal:        1844596 kB
MemFree:         1202532 kB
MemAvailable:    1508508 kB
Buffers:           46564 kB
Cached:           376196 kB
MemTotal:        1844596 kB
MemFree:         1202756 kB
MemAvailable:    1508732 kB
Buffers:           46564 kB
Cached:           376196 kB
MemTotal:        1844596 kB
MemFree:         1202512 kB
MemAvailable:    1508488 kB
Buffers:           46564 kB
Cached:           376196 kB
MemTotal:        1844596 kB
MemFree:         1202764 kB
MemAvailable:    1508740 kB
Buffers:           46564 kB
Cached:           376196 kB
MemTotal:        1844596 kB
MemFree:         1202288 kB
MemAvailable:    1508264 kB
Buffers:           46564 kB
Cached:           376196 kB
MemTotal:        1844596 kB
MemFree:         1201948 kB
MemAvailable:    1507924 kB
Buffers:           46564 kB
Cached:           376196 kB
MemTotal:        1844596 kB
MemFree:         1201868 kB
MemAvailable:    1507844 kB
Buffers:           46564 kB
Cached:           376196 kB
MemTotal:        1844596 kB
MemFree:         1200336 kB
MemAvailable:    1506312 kB
Buffers:           46564 kB
Cached:           376196 kB
MemTotal:        1844596 kB
MemFree:         1200940 kB
MemAvailable:    1506916 kB
Buffers:           46564 kB
Cached:           376196 kB
MemTotal:        1844596 kB
MemFree:         1200708 kB
MemAvailable:    1506684 kB
Buffers:           46564 kB
Cached:           376196 kB
MemTotal:        1844596 kB
MemFree:         1200752 kB
MemAvailable:    1506728 kB
Buffers:           46564 kB
Cached:           376196 kB
MemTotal:        1844596 kB
MemFree:         1199468 kB
MemAvailable:    1505444 kB
Buffers:           46564 kB
Cached:           376196 kB
MemTotal:        1844596 kB
MemFree:         1198592 kB
MemAvailable:    1504568 kB
Buffers:           46564 kB
Cached:           376196 kB
MemTotal:        1844596 kB
MemFree:         1198468 kB
MemAvailable:    1504444 kB
Buffers:           46564 kB
Cached:           376196 kB
MemTotal:        1844596 kB
MemFree:         1198956 kB
MemAvailable:    1504932 kB
Buffers:           46564 kB
Cached:           376196 kB
MemTotal:        1844596 kB
MemFree:         1198228 kB
MemAvailable:    1504204 kB
Buffers:           46564 kB
Cached:           376196 kB
MemTotal:        1844596 kB
MemFree:         1197792 kB
MemAvailable:    1503768 kB
Buffers:           46564 kB
Cached:           376196 kB
MemTotal:        1844596 kB
MemFree:         1197924 kB
MemAvailable:    1503900 kB
Buffers:           46564 kB
Cached:           376196 kB
MemTotal:        1844596 kB
MemFree:         1198976 kB
MemAvailable:    1504952 kB
Buffers:           46564 kB
Cached:           376196 kB
MemTotal:        1844596 kB
MemFree:         1197856 kB
MemAvailable:    1503832 kB
Buffers:           46564 kB
Cached:           376196 kB
MemTotal:        1844596 kB
MemFree:         1197436 kB
MemAvailable:    1503416 kB
Buffers:           46564 kB
Cached:           376200 kB
MemTotal:        1844596 kB
MemFree:         1197304 kB
MemAvailable:    1503284 kB
Buffers:           46564 kB
Cached:           376200 kB
MemTotal:        1844596 kB
MemFree:         1197348 kB
MemAvailable:    1503328 kB
Buffers:           46564 kB
Cached:           376200 kB
MemTotal:        1844596 kB
MemFree:         1198684 kB
MemAvailable:    1504664 kB
Buffers:           46564 kB
Cached:           376200 kB
MemTotal:        1844596 kB
MemFree:         1198660 kB
MemAvailable:    1504640 kB
Buffers:           46564 kB
Cached:           376200 kB
MemTotal:        1844596 kB
MemFree:         1197112 kB
MemAvailable:    1503092 kB
Buffers:           46564 kB
Cached:           376200 kB
MemTotal:        1844596 kB
MemFree:         1196980 kB
MemAvailable:    1502964 kB
Buffers:           46564 kB
Cached:           376204 kB
MemTotal:        1844596 kB
MemFree:         1196236 kB
MemAvailable:    1502220 kB
Buffers:           46564 kB
Cached:           376204 kB
MemTotal:        1844596 kB
MemFree:         1190292 kB
MemAvailable:    1496152 kB
Buffers:           46564 kB
Cached:           376204 kB
MemTotal:        1844596 kB
MemFree:         1190772 kB
MemAvailable:    1496756 kB
Buffers:           46564 kB
Cached:           376204 kB
MemTotal:        1844596 kB
MemFree:         1190724 kB
MemAvailable:    1496708 kB
Buffers:           46564 kB
Cached:           376204 kB
MemTotal:        1844596 kB
MemFree:         1190892 kB
MemAvailable:    1496876 kB
Buffers:           46564 kB
Cached:           376204 kB
MemTotal:        1844596 kB
MemFree:         1190732 kB
MemAvailable:    1496716 kB
Buffers:           46564 kB
Cached:           376204 kB
MemTotal:        1844596 kB
MemFree:         1190892 kB
MemAvailable:    1496876 kB
Buffers:           46564 kB
Cached:           376204 kB
MemTotal:        1844596 kB
MemFree:         1191400 kB
MemAvailable:    1497384 kB
Buffers:           46564 kB
Cached:           376204 kB
MemTotal:        1844596 kB
MemFree:         1191276 kB
MemAvailable:    1497260 kB
Buffers:           46564 kB
Cached:           376204 kB
MemTotal:        1844596 kB
MemFree:         1192276 kB
MemAvailable:    1498428 kB
Buffers:           46564 kB
Cached:           376452 kB
MemTotal:        1844596 kB
MemFree:         1192136 kB
MemAvailable:    1498288 kB
Buffers:           46564 kB
Cached:           376452 kB
MemTotal:        1844596 kB
MemFree:         1191888 kB
MemAvailable:    1498208 kB
Buffers:           46564 kB
Cached:           376576 kB
MemTotal:        1844596 kB
MemFree:         1190540 kB
MemAvailable:    1496944 kB
Buffers:           46564 kB
Cached:           376700 kB
MemTotal:        1844596 kB
MemFree:         1190408 kB
MemAvailable:    1496980 kB
Buffers:           46564 kB
Cached:           376824 kB
MemTotal:        1844596 kB
MemFree:         1191392 kB
MemAvailable:    1498048 kB
Buffers:           46564 kB
Cached:           376948 kB
MemTotal:        1844596 kB
MemFree:         1191408 kB
MemAvailable:    1498064 kB
Buffers:           46564 kB
Cached:           376948 kB
MemTotal:        1844596 kB
MemFree:         1191480 kB
MemAvailable:    1498136 kB
Buffers:           46564 kB
Cached:           376948 kB
MemTotal:        1844596 kB
MemFree:         1190912 kB
MemAvailable:    1497568 kB
Buffers:           46564 kB
Cached:           376948 kB
MemTotal:        1844596 kB
MemFree:         1191288 kB
MemAvailable:    1497944 kB
Buffers:           46564 kB
Cached:           376948 kB
MemTotal:        1844596 kB
MemFree:         1190280 kB
MemAvailable:    1496936 kB
Buffers:           46564 kB
Cached:           376948 kB
MemTotal:        1844596 kB
MemFree:         1190112 kB
MemAvailable:    1496768 kB
Buffers:           46564 kB
Cached:           376948 kB
MemTotal:        1844596 kB
MemFree:         1191400 kB
MemAvailable:    1497468 kB
Buffers:           46564 kB
Cached:           376276 kB
MemTotal:        1844596 kB
MemFree:         1256204 kB
MemAvailable:    1562272 kB
Buffers:           46564 kB
Cached:           376276 kB
