MemTotal:        1844596 kB
MemFree:         1434128 kB
MemAvailable:    1589456 kB
Buffers:           24552 kB
Cached:           245068 kB
MemTotal:        1844596 kB
MemFree:         1408980 kB
MemAvailable:    1564312 kB
Buffers:           24552 kB
Cached:           245072 kB
MemTotal:        1844596 kB
MemFree:         1406872 kB
MemAvailable:    1562204 kB
Buffers:           24552 kB
Cached:           245072 kB
MemTotal:        1844596 kB
MemFree:         1403656 kB
MemAvailable:    1558988 kB
Buffers:           24552 kB
Cached:           245072 kB
MemTotal:        1844596 kB
MemFree:         1403284 kB
MemAvailable:    1558616 kB
Buffers:           24552 kB
Cached:           245072 kB
MemTotal:        1844596 kB
MemFree:         1401788 kB
MemAvailable:    1557120 kB
Buffers:           24552 kB
Cached:           245072 kB
MemTotal:        1844596 kB
MemFree:         1402108 kB
MemAvailable:    1557440 kB
Buffers:           24552 kB
Cached:           245072 kB
MemTotal:        1844596 kB
MemFree:         1400120 kB
MemAvailable:    1555452 kB
Buffers:           24552 kB
Cached:           245072 kB
MemTotal:        1844596 kB
MemFree:         1396696 kB
MemAvailable:    1552028 kB
Buffers:           24552 kB
Cached:           245072 kB
MemTotal:        1844596 kB
MemFree:         1396216 kB
MemAvailable:    1551548 kB
Buffers:           24552 kB
Cached:           245072 kB
MemTotal:        1844596 kB
MemFree:         1391372 kB
MemAvailable:    1546704 kB
Buffers:           24552 kB
Cached:           245072 kB
MemTotal:        1844596 kB
MemFree:         1393272 kB
MemAvailable:    1548604 kB
Buffers:           24552 kB
Cached:           245072 kB
MemTotal:        1844596 kB
MemFree:         1393224 kB
MemAvailable:    1548556 kB
Buffers:           24552 kB
Cached:           245072 kB
MemTotal:        1844596 kB
MemFree:         1393476 kB
MemAvailable:    1548808 kB
Buffers:           24552 kB
Cached:           245072 kB
MemTotal:        1844596 kB
MemFree:         1393188 kB
MemAvailable:    1548520 kB
Buffers:           24552 kB
Cached:           245072 kB
MemTotal:        1844596 kB
MemFree:         1392112 kB
MemAvailable:    1547444 kB
Buffers:           24552 kB
Cached:           245072 kB
MemTotal:        1844596 kB
MemFree:         1392480 kB
MemAvailable:    1547812 kB
Buffers:           24552 kB
Cached:           245072 kB
MemTotal:        1844596 kB
MemFree:         1392372 kB
MemAvailable:    1547704 kB
Buffers:           24552 kB
Cached:           245072 kB
MemTotal:        1844596 kB
MemFree:         1391308 kB
MemAvailable:    1546640 kB
Buffers:           24552 kB
Cached:           245072 kB
MemTotal:        1844596 kB
MemFree:         1390868 kB
MemAvailable:    1546200 kB
Buffers:           24552 kB
Cached:           245072 kB
MemTotal:        1844596 kB
MemFree:         1390868 kB
MemAvailable:    1546200 kB
Buffers:           24552 kB
Cached:           245072 kB
MemTotal:        1844596 kB
MemFree:         1391000 kB
MemAvailable:    1546332 kB
Buffers:           24552 kB
Cached:           245072 kB
MemTotal:        1844596 kB
MemFree:         1389628 kB
MemAvailable:    1544960 kB
Buffers:           24552 kB
Cached:           245072 kB
MemTotal:        1844596 kB
MemFree:         1390812 kB
MemAvailable:    1546144 kB
Buffers:           24552 kB
Cached:           245072 kB
MemTotal:        1844596 kB
MemFree:         1390812 kB
MemAvailable:    1546144 kB
Buffers:           24552 kB
Cached:           245072 kB
MemTotal:        1844596 kB
MemFree:         1389444 kB
MemAvailable:    1544776 kB
Buffers:           24552 kB
Cached:           245072 kB
MemTotal:        1844596 kB
MemFree:         1390692 kB
MemAvailable:    1546024 kB
Buffers:           24552 kB
Cached:           245072 kB
MemTotal:        1844596 kB
MemFree:         1390836 kB
MemAvailable:    1546168 kB
Buffers:           24552 kB
Cached:           245072 kB
MemTotal:        1844596 kB
MemFree:         1392268 kB
MemAvailable:    1547600 kB
Buffers:           24552 kB
Cached:           245072 kB
MemTotal:        1844596 kB
MemFree:         1390512 kB
MemAvailable:    1545844 kB
Buffers:           24552 kB
Cached:           245072 kB
MemTotal:        1844596 kB
MemFree:         1389272 kB
MemAvailable:    1544604 kB
Buffers:           24552 kB
Cached:           245072 kB
MemTotal:        1844596 kB
MemFree:         1388712 kB
MemAvailable:    1544044 kB
Buffers:           24552 kB
Cached:           245072 kB
MemTotal:        1844596 kB
MemFree:         1387272 kB
MemAvailable:    1542604 kB
Buffers:           24552 kB
Cached:           245072 kB
MemTotal:        1844596 kB
MemFree:         1387644 kB
MemAvailable:    1542976 kB
Buffers:           24552 kB
Cached:           245072 kB
MemTotal:        1844596 kB
MemFree:         1387644 kB
MemAvailable:    1542976 kB
Buffers:           24552 kB
Cached:           245072 kB
MemTotal:        1844596 kB
MemFree:         1386776 kB
MemAvailable:    1542108 kB
Buffers:           24552 kB
Cached:           245072 kB
MemTotal:        1844596 kB
MemFree:         1386668 kB
MemAvailable:    1542000 kB
Buffers:           24552 kB
Cached:           245072 kB
MemTotal:        1844596 kB
MemFree:         1386672 kB
MemAvailable:    1542004 kB
Buffers:           24552 kB
Cached:           245072 kB
MemTotal:        1844596 kB
MemFree:         1386592 kB
MemAvailable:    1541924 kB
Buffers:           24552 kB
Cached:           245072 kB
MemTotal:        1844596 kB
MemFree:         1386592 kB
MemAvailable:    1541924 kB
Buffers:           24552 kB
Cached:           245072 kB
MemTotal:        1844596 kB
MemFree:         1386588 kB
MemAvailable:    1541920 kB
Buffers:           24552 kB
Cached:           245072 kB
MemTotal:        1844596 kB
MemFree:         1385412 kB
MemAvailable:    1540744 kB
Buffers:           24552 kB
Cached:           245072 kB
MemTotal:        1844596 kB
MemFree:         1386604 kB
MemAvailable:    1541936 kB
Buffers:           24552 kB
Cached:           245072 kB
MemTotal:        1844596 kB
MemFree:         1385428 kB
MemAvailable:    1540760 kB
Buffers:           24552 kB
Cached:           245072 kB
MemTotal:        1844596 kB
MemFree:         1385976 kB
MemAvailable:    1541308 kB
Buffers:           24552 kB
Cached:           245072 kB
MemTotal:        1844596 kB
MemFree:         1385676 kB
MemAvailable:    1541008 kB
Buffers:           24552 kB
Cached:           245072 kB
MemTotal:        1844596 kB
MemFree:         1384264 kB
MemAvailable:    1539596 kB
Buffers:           24552 kB
Cached:           245072 kB
MemTotal:        1844596 kB
MemFree:         1385048 kB
MemAvailable:    1540380 kB
Buffers:           24552 kB
Cached:           245072 kB
MemTotal:        1844596 kB
MemFree:         1385668 kB
MemAvailable:    1541000 kB
Buffers:           24552 kB
Cached:           245072 kB
MemTotal:        1844596 kB
MemFree:         1385652 kB
MemAvailable:    1540984 kB
Buffers:           24552 kB
Cached:           245072 kB
MemTotal:        1844596 kB
MemFree:         1385904 kB
MemAvailable:    1541236 kB
Buffers:           24552 kB
Cached:           245072 kB
MemTotal:        1844596 kB
MemFree:         1385872 kB
MemAvailable:    1541204 kB
Buffers:           24552 kB
Cached:           245072 kB
MemTotal:        1844596 kB
MemFree:         1385644 kB
MemAvailable:    1540976 kB
Buffers:           24552 kB
Cached:           245072 kB
MemTotal:        1844596 kB
MemFree:         1385180 kB
MemAvailable:    1540512 kB
Buffers:           24552 kB
Cached:           245072 kB
MemTotal:        1844596 kB
MemFree:         1385848 kB
MemAvailable:    1541180 kB
Buffers:           24552 kB
Cached:           245072 kB
MemTotal:        1844596 kB
MemFree:         1384808 kB
MemAvailable:    1540140 kB
Buffers:           24552 kB
Cached:           245072 kB
MemTotal:        1844596 kB
MemFree:         1385524 kB
MemAvailable:    1540856 kB
Buffers:           24552 kB
Cached:           245072 kB
MemTotal:        1844596 kB
MemFree:         1385776 kB
MemAvailable:    1541108 kB
Buffers:           24552 kB
Cached:           245072 kB
MemTotal:        1844596 kB
MemFree:         1385648 kB
MemAvailable:    1540980 kB
Buffers:           24552 kB
Cached:           245072 kB
MemTotal:        1844596 kB
MemFree:         1385428 kB
MemAvailable:    1540760 kB
Buffers:           24552 kB
Cached:           245072 kB
MemTotal:        1844596 kB
MemFree:         1385296 kB
MemAvailable:    1540628 kB
Buffers:           24552 kB
Cached:           245072 kB
MemTotal:        1844596 kB
MemFree:         1385116 kB
MemAvailable:    1540448 kB
Buffers:           24552 kB
Cached:           245072 kB
MemTotal:        1844596 kB
MemFree:         1384860 kB
MemAvailable:    1540192 kB
Buffers:           24552 kB
Cached:           245072 kB
MemTotal:        1844596 kB
MemFree:         1383692 kB
MemAvailable:    1539024 kB
Buffers:           24552 kB
Cached:           245072 kB
MemTotal:        1844596 kB
MemFree:         1384656 kB
MemAvailable:    1539988 kB
Buffers:           24552 kB
Cached:           245072 kB
MemTotal:        1844596 kB
MemFree:         1384908 kB
MemAvailable:    1540240 kB
Buffers:           24552 kB
Cached:           245072 kB
MemTotal:        1844596 kB
MemFree:         1383500 kB
MemAvailable:    1538832 kB
Buffers:           24552 kB
Cached:           245072 kB
MemTotal:        1844596 kB
MemFree:         1384604 kB
MemAvailable:    1539936 kB
Buffers:           24552 kB
Cached:           245072 kB
MemTotal:        1844596 kB
MemFree:         1384560 kB
MemAvailable:    1539892 kB
Buffers:           24552 kB
Cached:           245072 kB
MemTotal:        1844596 kB
MemFree:         1384796 kB
MemAvailable:    1540128 kB
Buffers:           24552 kB
Cached:           245072 kB
MemTotal:        1844596 kB
MemFree:         1384768 kB
MemAvailable:    1540100 kB
Buffers:           24552 kB
Cached:           245072 kB
MemTotal:        1844596 kB
MemFree:         1382824 kB
MemAvailable:    1538156 kB
Buffers:           24552 kB
Cached:           245072 kB
MemTotal:        1844596 kB
MemFree:         1379700 kB
MemAvailable:    1535032 kB
Buffers:           24552 kB
Cached:           245072 kB
MemTotal:        1844596 kB
MemFree:         1379788 kB
MemAvailable:    1535120 kB
Buffers:           24552 kB
Cached:           245072 kB
MemTotal:        1844596 kB
MemFree:         1377412 kB
MemAvailable:    1532744 kB
Buffers:           24552 kB
Cached:           245072 kB
MemTotal:        1844596 kB
MemFree:         1377048 kB
MemAvailable:    1532380 kB
Buffers:           24552 kB
Cached:           245072 kB
MemTotal:        1844596 kB
MemFree:         1376776 kB
MemAvailable:    1532108 kB
Buffers:           24552 kB
Cached:           245072 kB
MemTotal:        1844596 kB
MemFree:         1376776 kB
MemAvailable:    1532108 kB
Buffers:           24552 kB
Cached:           245072 kB
MemTotal:        1844596 kB
MemFree:         1376852 kB
MemAvailable:    1532184 kB
Buffers:           24552 kB
Cached:           245072 kB
MemTotal:        1844596 kB
MemFree:         1375712 kB
MemAvailable:    1531044 kB
Buffers:           24552 kB
Cached:           245072 kB
MemTotal:        1844596 kB
MemFree:         1376924 kB
MemAvailable:    1532256 kB
Buffers:           24552 kB
Cached:           245072 kB
MemTotal:        1844596 kB
MemFree:         1376128 kB
MemAvailable:    1531460 kB
Buffers:           24552 kB
Cached:           245072 kB
MemTotal:        1844596 kB
MemFree:         1376880 kB
MemAvailable:    1532212 kB
Buffers:           24552 kB
Cached:           245072 kB
MemTotal:        1844596 kB
MemFree:         1376748 kB
MemAvailable:    1532080 kB
Buffers:           24552 kB
Cached:           245072 kB
MemTotal:        1844596 kB
MemFree:         1375440 kB
MemAvailable:    1530772 kB
Buffers:           24552 kB
Cached:           245072 kB
MemTotal:        1844596 kB
MemFree:         1376872 kB
MemAvailable:    1532204 kB
Buffers:           24552 kB
Cached:           245072 kB
MemTotal:        1844596 kB
MemFree:         1375880 kB
MemAvailable:    1531212 kB
Buffers:           24552 kB
Cached:           245072 kB
MemTotal:        1844596 kB
MemFree:         1376980 kB
MemAvailable:    1532320 kB
Buffers:           24552 kB
Cached:           245080 kB
MemTotal:        1844596 kB
MemFree:         1376500 kB
MemAvailable:    1531840 kB
Buffers:           24552 kB
Cached:           245080 kB
MemTotal:        1844596 kB
MemFree:         1376608 kB
MemAvailable:    1531948 kB
Buffers:           24552 kB
Cached:           245080 kB
MemTotal:        1844596 kB
MemFree:         1376228 kB
MemAvailable:    1531568 kB
Buffers:           24552 kB
Cached:           245080 kB
MemTotal:        1844596 kB
MemFree:         1376228 kB
MemAvailable:    1531568 kB
Buffers:           24552 kB
Cached:           245080 kB
MemTotal:        1844596 kB
MemFree:         1375756 kB
MemAvailable:    1531096 kB
Buffers:           24552 kB
Cached:           245080 kB
MemTotal:        1844596 kB
MemFree:         1374144 kB
MemAvailable:    1529484 kB
Buffers:           24552 kB
Cached:           245080 kB
MemTotal:        1844596 kB
MemFree:         1375128 kB
MemAvailable:    1530468 kB
Buffers:           24552 kB
Cached:           245080 kB
MemTotal:        1844596 kB
MemFree:         1374932 kB
MemAvailable:    1530272 kB
Buffers:           24552 kB
Cached:           245080 kB
MemTotal:        1844596 kB
MemFree:         1373840 kB
MemAvailable:    1529180 kB
Buffers:           24552 kB
Cached:           245080 kB
MemTotal:        1844596 kB
MemFree:         1373276 kB
MemAvailable:    1528616 kB
Buffers:           24552 kB
Cached:           245080 kB
MemTotal:        1844596 kB
MemFree:         1372384 kB
MemAvailable:    1527724 kB
Buffers:           24552 kB
Cached:           245080 kB
MemTotal:        1844596 kB
MemFree:         1373632 kB
MemAvailable:    1528972 kB
Buffers:           24552 kB
Cached:           245080 kB
MemTotal:        1844596 kB
MemFree:         1373196 kB
MemAvailable:    1528536 kB
Buffers:           24552 kB
Cached:           245080 kB
MemTotal:        1844596 kB
MemFree:         1373148 kB
MemAvailable:    1528488 kB
Buffers:           24552 kB
Cached:           245080 kB
MemTotal:        1844596 kB
MemFree:         1372656 kB
MemAvailable:    1527996 kB
Buffers:           24552 kB
Cached:           245080 kB
MemTotal:        1844596 kB
MemFree:         1373000 kB
MemAvailable:    1528340 kB
Buffers:           24552 kB
Cached:           245080 kB
MemTotal:        1844596 kB
MemFree:         1373252 kB
MemAvailable:    1528592 kB
Buffers:           24552 kB
Cached:           245080 kB
MemTotal:        1844596 kB
MemFree:         1372736 kB
MemAvailable:    1528076 kB
Buffers:           24552 kB
Cached:           245080 kB
MemTotal:        1844596 kB
MemFree:         1372524 kB
MemAvailable:    1527864 kB
Buffers:           24552 kB
Cached:           245080 kB
MemTotal:        1844596 kB
MemFree:         1373028 kB
MemAvailable:    1528368 kB
Buffers:           24552 kB
Cached:           245080 kB
MemTotal:        1844596 kB
MemFree:         1371384 kB
MemAvailable:    1526724 kB
Buffers:           24552 kB
Cached:           245080 kB
MemTotal:        1844596 kB
MemFree:         1372692 kB
MemAvailable:    1528032 kB
Buffers:           24552 kB
Cached:           245080 kB
MemTotal:        1844596 kB
MemFree:         1372944 kB
MemAvailable:    1528284 kB
Buffers:           24552 kB
Cached:           245080 kB
MemTotal:        1844596 kB
MemFree:         1371276 kB
MemAvailable:    1526616 kB
Buffers:           24552 kB
Cached:           245080 kB
MemTotal:        1844596 kB
MemFree:         1372392 kB
MemAvailable:    1527732 kB
Buffers:           24552 kB
Cached:           245080 kB
MemTotal:        1844596 kB
MemFree:         1371416 kB
MemAvailable:    1526756 kB
Buffers:           24552 kB
Cached:           245080 kB
MemTotal:        1844596 kB
MemFree:         1365400 kB
MemAvailable:    1520740 kB
Buffers:           24552 kB
Cached:           245080 kB
MemTotal:        1844596 kB
MemFree:         1364092 kB
MemAvailable:    1519432 kB
Buffers:           24552 kB
Cached:           245080 kB
MemTotal:        1844596 kB
MemFree:         1364092 kB
MemAvailable:    1519432 kB
Buffers:           24552 kB
Cached:           245080 kB
MemTotal:        1844596 kB
MemFree:         1365020 kB
MemAvailable:    1520360 kB
Buffers:           24552 kB
Cached:           245080 kB
MemTotal:        1844596 kB
MemFree:         1365188 kB
MemAvailable:    1520528 kB
Buffers:           24552 kB
Cached:           245080 kB
MemTotal:        1844596 kB
MemFree:         1365140 kB
MemAvailable:    1520480 kB
Buffers:           24552 kB
Cached:           245080 kB
MemTotal:        1844596 kB
MemFree:         1365932 kB
MemAvailable:    1521272 kB
Buffers:           24552 kB
Cached:           245080 kB
MemTotal:        1844596 kB
MemFree:         1365628 kB
MemAvailable:    1520968 kB
Buffers:           24552 kB
Cached:           245080 kB
MemTotal:        1844596 kB
MemFree:         1366308 kB
MemAvailable:    1521732 kB
Buffers:           24552 kB
Cached:           245204 kB
MemTotal:        1844596 kB
MemFree:         1366392 kB
MemAvailable:    1521900 kB
Buffers:           24552 kB
Cached:           245204 kB
MemTotal:        1844596 kB
MemFree:         1366212 kB
MemAvailable:    1521804 kB
Buffers:           24552 kB
Cached:           245328 kB
MemTotal:        1844596 kB
MemFree:         1366136 kB
MemAvailable:    1521980 kB
Buffers:           24552 kB
Cached:           245576 kB
MemTotal:        1844596 kB
MemFree:         1365836 kB
MemAvailable:    1521680 kB
Buffers:           24552 kB
Cached:           245576 kB
MemTotal:        1844596 kB
MemFree:         1365880 kB
MemAvailable:    1521808 kB
Buffers:           24552 kB
Cached:           245700 kB
MemTotal:        1844596 kB
MemFree:         1364844 kB
MemAvailable:    1520772 kB
Buffers:           24552 kB
Cached:           245700 kB
MemTotal:        1844596 kB
MemFree:         1365692 kB
MemAvailable:    1521620 kB
Buffers:           24552 kB
Cached:           245700 kB
MemTotal:        1844596 kB
MemFree:         1365948 kB
MemAvailable:    1521876 kB
Buffers:           24552 kB
Cached:           245700 kB
MemTotal:        1844596 kB
MemFree:         1365652 kB
MemAvailable:    1521580 kB
Buffers:           24552 kB
Cached:           245700 kB
MemTotal:        1844596 kB
MemFree:         1365748 kB
MemAvailable:    1521676 kB
Buffers:           24552 kB
Cached:           245700 kB
MemTotal:        1844596 kB
MemFree:         1365748 kB
MemAvailable:    1521676 kB
Buffers:           24552 kB
Cached:           245700 kB
MemTotal:        1844596 kB
MemFree:         1365748 kB
MemAvailable:    1521676 kB
Buffers:           24552 kB
Cached:           245700 kB
MemTotal:        1844596 kB
MemFree:         1365976 kB
MemAvailable:    1521316 kB
Buffers:           24552 kB
Cached:           245068 kB
MemTotal:        1844596 kB
MemFree:         1365144 kB
MemAvailable:    1520484 kB
Buffers:           24552 kB
Cached:           245068 kB
MemTotal:        1844596 kB
MemFree:         1432648 kB
MemAvailable:    1587988 kB
Buffers:           24552 kB
Cached:           245068 kB
