MemTotal:        1844596 kB
MemFree:         1325628 kB
MemAvailable:    1574884 kB
Buffers:           38772 kB
Cached:           331560 kB
MemTotal:        1844596 kB
MemFree:         1298440 kB
MemAvailable:    1547704 kB
Buffers:           38772 kB
Cached:           331568 kB
MemTotal:        1844596 kB
MemFree:         1296944 kB
MemAvailable:    1546208 kB
Buffers:           38772 kB
Cached:           331568 kB
MemTotal:        1844596 kB
MemFree:         1296084 kB
MemAvailable:    1545348 kB
Buffers:           38772 kB
Cached:           331568 kB
MemTotal:        1844596 kB
MemFree:         1294904 kB
MemAvailable:    1544168 kB
Buffers:           38772 kB
Cached:           331568 kB
MemTotal:        1844596 kB
MemFree:         1293092 kB
MemAvailable:    1542356 kB
Buffers:           38772 kB
Cached:           331568 kB
MemTotal:        1844596 kB
MemFree:         1293812 kB
MemAvailable:    1543076 kB
Buffers:           38772 kB
Cached:           331568 kB
MemTotal:        1844596 kB
MemFree:         1291124 kB
MemAvailable:    1540388 kB
Buffers:           38772 kB
Cached:           331568 kB
MemTotal:        1844596 kB
MemFree:         1287528 kB
MemAvailable:    1536792 kB
Buffers:           38772 kB
Cached:           331568 kB
MemTotal:        1844596 kB
MemFree:         1282940 kB
MemAvailable:    1532204 kB
Buffers:           38772 kB
Cached:           331568 kB
MemTotal:        1844596 kB
MemFree:         1283536 kB
MemAvailable:    1532800 kB
Buffers:           38772 kB
Cached:           331568 kB
MemTotal:        1844596 kB
MemFree:         1284752 kB
MemAvailable:    1534016 kB
Buffers:           38772 kB
Cached:           331568 kB
MemTotal:        1844596 kB
MemFree:         1284748 kB
MemAvailable:    1534012 kB
Buffers:           38772 kB
Cached:           331568 kB
MemTotal:        1844596 kB
MemFree:         1284488 kB
MemAvailable:    1533752 kB
Buffers:           38772 kB
Cached:           331568 kB
MemTotal:        1844596 kB
MemFree:         1284180 kB
MemAvailable:    1533444 kB
Buffers:           38772 kB
Cached:           331568 kB
MemTotal:        1844596 kB
MemFree:         1283124 kB
MemAvailable:    1532388 kB
Buffers:           38772 kB
Cached:           331568 kB
MemTotal:        1844596 kB
MemFree:         1283420 kB
MemAvailable:    1532684 kB
Buffers:           38772 kB
Cached:           331568 kB
MemTotal:        1844596 kB
MemFree:         1283064 kB
MemAvailable:    1532328 kB
Buffers:           38772 kB
Cached:           331568 kB
MemTotal:        1844596 kB
MemFree:         1282568 kB
MemAvailable:    1531832 kB
Buffers:           38772 kB
Cached:           331568 kB
MemTotal:        1844596 kB
MemFree:         1281196 kB
MemAvailable:    1530460 kB
Buffers:           38772 kB
Cached:           331568 kB
MemTotal:        1844596 kB
MemFree:         1280992 kB
MemAvailable:    1530256 kB
Buffers:           38772 kB
Cached:           331568 kB
MemTotal:        1844596 kB
MemFree:         1281072 kB
MemAvailable:    1530336 kB
Buffers:           38772 kB
Cached:           331568 kB
MemTotal:        1844596 kB
MemFree:         1281080 kB
MemAvailable:    1530344 kB
Buffers:           38772 kB
Cached:           331568 kB
MemTotal:        1844596 kB
MemFree:         1282140 kB
MemAvailable:    1531404 kB
Buffers:           38772 kB
Cached:           331568 kB
MemTotal:        1844596 kB
MemFree:         1282396 kB
MemAvailable:    1531660 kB
Buffers:           38772 kB
Cached:           331568 kB
MemTotal:        1844596 kB
MemFree:         1282368 kB
MemAvailable:    1531632 kB
Buffers:           38772 kB
Cached:           331568 kB
MemTotal:        1844596 kB
MemFree:         1282084 kB
MemAvailable:    1531348 kB
Buffers:           38772 kB
Cached:           331568 kB
MemTotal:        1844596 kB
MemFree:         1282364 kB
MemAvailable:    1531628 kB
Buffers:           38772 kB
Cached:           331568 kB
MemTotal:        1844596 kB
MemFree:         1283604 kB
MemAvailable:    1532868 kB
Buffers:           38772 kB
Cached:           331568 kB
MemTotal:        1844596 kB
MemFree:         1282256 kB
MemAvailable:    1531524 kB
Buffers:           38772 kB
Cached:           331572 kB
MemTotal:        1844596 kB
MemFree:         1279948 kB
MemAvailable:    1529216 kB
Buffers:           38772 kB
Cached:           331572 kB
MemTotal:        1844596 kB
MemFree:         1280284 kB
MemAvailable:    1529552 kB
Buffers:           38772 kB
Cached:           331572 kB
MemTotal:        1844596 kB
MemFree:         1278344 kB
MemAvailable:    1527612 kB
Buffers:           38772 kB
Cached:           331572 kB
MemTotal:        1844596 kB
MemFree:         1279156 kB
MemAvailable:    1528424 kB
Buffers:           38772 kB
Cached:           331572 kB
MemTotal:        1844596 kB
MemFree:         1279212 kB
MemAvailable:    1528480 kB
Buffers:           38772 kB
Cached:           331572 kB
MemTotal:        1844596 kB
MemFree:         1276988 kB
MemAvailable:    1526256 kB
Buffers:           38772 kB
Cached:           331572 kB
MemTotal:        1844596 kB
MemFree:         1278104 kB
MemAvailable:    1527372 kB
Buffers:           38772 kB
Cached:           331572 kB
MemTotal:        1844596 kB
MemFree:         1277908 kB
MemAvailable:    1527176 kB
Buffers:           38772 kB
Cached:           331572 kB
MemTotal:        1844596 kB
MemFree:         1276940 kB
MemAvailable:    1526208 kB
Buffers:           38772 kB
Cached:           331572 kB
MemTotal:        1844596 kB
MemFree:         1278092 kB
MemAvailable:    1527360 kB
Buffers:           38772 kB
Cached:           331572 kB
MemTotal:        1844596 kB
MemFree:         1278076 kB
MemAvailable:    1527344 kB
Buffers:           38772 kB
Cached:           331572 kB
MemTotal:        1844596 kB
MemFree:         1277344 kB
MemAvailable:    1526612 kB
Buffers:           38772 kB
Cached:           331572 kB
MemTotal:        1844596 kB
MemFree:         1276492 kB
MemAvailable:    1525760 kB
Buffers:           38772 kB
Cached:           331572 kB
MemTotal:        1844596 kB
MemFree:         1277240 kB
MemAvailable:    1526508 kB
Buffers:           38772 kB
Cached:           331572 kB
MemTotal:        1844596 kB
MemFree:         1275692 kB
MemAvailable:    1524960 kB
Buffers:           38772 kB
Cached:           331572 kB
MemTotal:        1844596 kB
MemFree:         1277228 kB
MemAvailable:    1526500 kB
Buffers:           38772 kB
Cached:           331576 kB
MemTotal:        1844596 kB
MemFree:         1275732 kB
MemAvailable:    1525004 kB
Buffers:           38772 kB
Cached:           331576 kB
MemTotal:        1844596 kB
MemFree:         1275856 kB
MemAvailable:    1525128 kB
Buffers:           38772 kB
Cached:           331576 kB
MemTotal:        1844596 kB
MemFree:         1277164 kB
MemAvailable:    1526436 kB
Buffers:           38772 kB
Cached:           331576 kB
MemTotal:        1844596 kB
MemFree:         1277080 kB
MemAvailable:    1526352 kB
Buffers:           38772 kB
Cached:           331576 kB
MemTotal:        1844596 kB
MemFree:         1275716 kB
MemAvailable:    1524988 kB
Buffers:           38772 kB
Cached:           331576 kB
MemTotal:        1844596 kB
MemFree:         1276900 kB
MemAvailable:    1526172 kB
Buffers:           38772 kB
Cached:           331576 kB
MemTotal:        1844596 kB
MemFree:         1276616 kB
MemAvailable:    1525888 kB
Buffers:           38772 kB
Cached:           331576 kB
MemTotal:        1844596 kB
MemFree:         1275684 kB
MemAvailable:    1524956 kB
Buffers:           38772 kB
Cached:           331576 kB
MemTotal:        1844596 kB
MemFree:         1276676 kB
MemAvailable:    1525948 kB
Buffers:           38772 kB
Cached:           331576 kB
MemTotal:        1844596 kB
MemFree:         1275472 kB
MemAvailable:    1524744 kB
Buffers:           38772 kB
Cached:           331576 kB
MemTotal:        1844596 kB
MemFree:         1276880 kB
MemAvailable:    1526152 kB
Buffers:           38772 kB
Cached:           331576 kB
MemTotal:        1844596 kB
MemFree:         1275464 kB
MemAvailable:    1524736 kB
Buffers:           38772 kB
Cached:           331576 kB
MemTotal:        1844596 kB
MemFree:         1276428 kB
MemAvailable:    1525700 kB
Buffers:           38772 kB
Cached:           331576 kB
MemTotal:        1844596 kB
MemFree:         1275128 kB
MemAvailable:    1524400 kB
Buffers:           38772 kB
Cached:           331576 kB
MemTotal:        1844596 kB
MemFree:         1276228 kB
MemAvailable:    1525500 kB
Buffers:           38772 kB
Cached:           331576 kB
MemTotal:        1844596 kB
MemFree:         1275872 kB
MemAvailable:    1525144 kB
Buffers:           38772 kB
Cached:           331576 kB
MemTotal:        1844596 kB
MemFree:         1276124 kB
MemAvailable:    1525396 kB
Buffers:           38772 kB
Cached:           331576 kB
MemTotal:        1844596 kB
MemFree:         1275376 kB
MemAvailable:    1524648 kB
Buffers:           38772 kB
Cached:           331576 kB
MemTotal:        1844596 kB
MemFree:         1275980 kB
MemAvailable:    1525252 kB
Buffers:           38772 kB
Cached:           331576 kB
MemTotal:        1844596 kB
MemFree:         1276120 kB
MemAvailable:    1525392 kB
Buffers:           38772 kB
Cached:           331576 kB
MemTotal:        1844596 kB
MemFree:         1276000 kB
MemAvailable:    1525272 kB
Buffers:           38772 kB
Cached:           331576 kB
MemTotal:        1844596 kB
MemFree:         1276036 kB
MemAvailable:    1525308 kB
Buffers:           38772 kB
Cached:           331576 kB
MemTotal:        1844596 kB
MemFree:         1274808 kB
MemAvailable:    1524080 kB
Buffers:           38772 kB
Cached:           331576 kB
MemTotal:        1844596 kB
MemFree:         1272336 kB
MemAvailable:    1521608 kB
Buffers:           38772 kB
Cached:           331576 kB
MemTotal:        1844596 kB
MemFree:         1270168 kB
MemAvailable:    1519440 kB
Buffers:           38772 kB
Cached:           331576 kB
MemTotal:        1844596 kB
MemFree:         1267316 kB
MemAvailable:    1516588 kB
Buffers:           38772 kB
Cached:           331576 kB
MemTotal:        1844596 kB
MemFree:         1268492 kB
MemAvailable:    1517764 kB
Buffers:           38772 kB
Cached:           331576 kB
MemTotal:        1844596 kB
MemFree:         1266932 kB
MemAvailable:    1516204 kB
Buffers:           38772 kB
Cached:           331576 kB
MemTotal:        1844596 kB
MemFree:         1266944 kB
MemAvailable:    1516216 kB
Buffers:           38772 kB
Cached:           331576 kB
MemTotal:        1844596 kB
MemFree:         1266888 kB
MemAvailable:    1516160 kB
Buffers:           38772 kB
Cached:           331576 kB
MemTotal:        1844596 kB
MemFree:         1268160 kB
MemAvailable:    1517432 kB
Buffers:           38772 kB
Cached:           331576 kB
MemTotal:        1844596 kB
MemFree:         1267688 kB
MemAvailable:    1516960 kB
Buffers:           38772 kB
Cached:           331576 kB
MemTotal:        1844596 kB
MemFree:         1268232 kB
MemAvailable:    1517504 kB
Buffers:           38772 kB
Cached:           331576 kB
MemTotal:        1844596 kB
MemFree:         1266792 kB
MemAvailable:    1516064 kB
Buffers:           38772 kB
Cached:           331576 kB
MemTotal:        1844596 kB
MemFree:         1268100 kB
MemAvailable:    1517372 kB
Buffers:           38772 kB
Cached:           331576 kB
MemTotal:        1844596 kB
MemFree:         1268284 kB
MemAvailable:    1517556 kB
Buffers:           38772 kB
Cached:           331576 kB
MemTotal:        1844596 kB
MemFree:         1266872 kB
MemAvailable:    1516144 kB
Buffers:           38772 kB
Cached:           331576 kB
MemTotal:        1844596 kB
MemFree:         1268044 kB
MemAvailable:    1517316 kB
Buffers:           38772 kB
Cached:           331576 kB
MemTotal:        1844596 kB
MemFree:         1267812 kB
MemAvailable:    1517084 kB
Buffers:           38772 kB
Cached:           331576 kB
MemTotal:        1844596 kB
MemFree:         1267864 kB
MemAvailable:    1517136 kB
Buffers:           38772 kB
Cached:           331576 kB
MemTotal:        1844596 kB
MemFree:         1267864 kB
MemAvailable:    1517136 kB
Buffers:           38772 kB
Cached:           331576 kB
MemTotal:        1844596 kB
MemFree:         1267560 kB
MemAvailable:    1516832 kB
Buffers:           38772 kB
Cached:           331576 kB
MemTotal:        1844596 kB
MemFree:         1267380 kB
MemAvailable:    1516652 kB
Buffers:           38772 kB
Cached:           331576 kB
MemTotal:        1844596 kB
MemFree:         1266880 kB
MemAvailable:    1516152 kB
Buffers:           38772 kB
Cached:           331576 kB
MemTotal:        1844596 kB
MemFree:         1265580 kB
MemAvailable:    1514852 kB
Buffers:           38772 kB
Cached:           331576 kB
MemTotal:        1844596 kB
MemFree:         1266268 kB
MemAvailable:    1515544 kB
Buffers:           38772 kB
Cached:           331580 kB
MemTotal:        1844596 kB
MemFree:         1266352 kB
MemAvailable:    1515628 kB
Buffers:           38772 kB
Cached:           331580 kB
MemTotal:        1844596 kB
MemFree:         1265508 kB
MemAvailable:    1514784 kB
Buffers:           38772 kB
Cached:           331580 kB
MemTotal:        1844596 kB
MemFree:         1264068 kB
MemAvailable:    1513344 kB
Buffers:           38772 kB
Cached:           331580 kB
MemTotal:        1844596 kB
MemFree:         1264820 kB
MemAvailable:    1514096 kB
Buffers:           38772 kB
Cached:           331580 kB
MemTotal:        1844596 kB
MemFree:         1265072 kB
MemAvailable:    1514348 kB
Buffers:           38772 kB
Cached:           331580 kB
MemTotal:        1844596 kB
MemFree:         1264704 kB
MemAvailable:    1513980 kB
Buffers:           38772 kB
Cached:           331580 kB
MemTotal:        1844596 kB
MemFree:         1263348 kB
MemAvailable:    1512624 kB
Buffers:           38772 kB
Cached:           331580 kB
MemTotal:        1844596 kB
MemFree:         1264324 kB
MemAvailable:    1513604 kB
Buffers:           38772 kB
Cached:           331584 kB
MemTotal:        1844596 kB
MemFree:         1264408 kB
MemAvailable:    1513688 kB
Buffers:           38772 kB
Cached:           331584 kB
MemTotal:        1844596 kB
MemFree:         1263088 kB
MemAvailable:    1512368 kB
Buffers:           38772 kB
Cached:           331584 kB
MemTotal:        1844596 kB
MemFree:         1263088 kB
MemAvailable:    1512368 kB
Buffers:           38772 kB
Cached:           331584 kB
MemTotal:        1844596 kB
MemFree:         1264140 kB
MemAvailable:    1513420 kB
Buffers:           38772 kB
Cached:           331584 kB
MemTotal:        1844596 kB
MemFree:         1264208 kB
MemAvailable:    1513488 kB
Buffers:           38772 kB
Cached:           331584 kB
MemTotal:        1844596 kB
MemFree:         1264364 kB
MemAvailable:    1513644 kB
Buffers:           38772 kB
Cached:           331584 kB
MemTotal:        1844596 kB
MemFree:         1263704 kB
MemAvailable:    1512984 kB
Buffers:           38772 kB
Cached:           331584 kB
MemTotal:        1844596 kB
MemFree:         1263788 kB
MemAvailable:    1513068 kB
Buffers:           38772 kB
Cached:           331584 kB
MemTotal:        1844596 kB
MemFree:         1261348 kB
MemAvailable:    1510628 kB
Buffers:           38772 kB
Cached:           331584 kB
MemTotal:        1844596 kB
MemFree:         1260744 kB
MemAvailable:    1510024 kB
Buffers:           38772 kB
Cached:           331584 kB
MemTotal:        1844596 kB
MemFree:         1256512 kB
MemAvailable:    1505792 kB
Buffers:           38772 kB
Cached:           331584 kB
MemTotal:        1844596 kB
MemFree:         1256404 kB
MemAvailable:    1505684 kB
Buffers:           38772 kB
Cached:           331584 kB
MemTotal:        1844596 kB
MemFree:         1256408 kB
MemAvailable:    1505688 kB
Buffers:           38772 kB
Cached:           331584 kB
MemTotal:        1844596 kB
MemFree:         1255228 kB
MemAvailable:    1504508 kB
Buffers:           38772 kB
Cached:           331584 kB
MemTotal:        1844596 kB
MemFree:         1256196 kB
MemAvailable:    1505476 kB
Buffers:           38772 kB
Cached:           331584 kB
MemTotal:        1844596 kB
MemFree:         1256148 kB
MemAvailable:    1505428 kB
Buffers:           38772 kB
Cached:           331584 kB
MemTotal:        1844596 kB
MemFree:         1258448 kB
MemAvailable:    1507728 kB
Buffers:           38772 kB
Cached:           331584 kB
MemTotal:        1844596 kB
MemFree:         1258256 kB
MemAvailable:    1507536 kB
Buffers:           38772 kB
Cached:           331584 kB
MemTotal:        1844596 kB
MemFree:         1257892 kB
MemAvailable:    1507256 kB
Buffers:           38772 kB
Cached:           331708 kB
MemTotal:        1844596 kB
MemFree:         1256520 kB
MemAvailable:    1505968 kB
Buffers:           38772 kB
Cached:           331832 kB
MemTotal:        1844596 kB
MemFree:         1257364 kB
MemAvailable:    1507064 kB
Buffers:           38772 kB
Cached:           331956 kB
MemTotal:        1844596 kB
MemFree:         1257272 kB
MemAvailable:    1506972 kB
Buffers:           38772 kB
Cached:           331956 kB
MemTotal:        1844596 kB
MemFree:         1257200 kB
MemAvailable:    1507068 kB
Buffers:           38772 kB
Cached:           332204 kB
MemTotal:        1844596 kB
MemFree:         1257452 kB
MemAvailable:    1507320 kB
Buffers:           38772 kB
Cached:           332204 kB
MemTotal:        1844596 kB
MemFree:         1257092 kB
MemAvailable:    1506960 kB
Buffers:           38772 kB
Cached:           332204 kB
MemTotal:        1844596 kB
MemFree:         1256280 kB
MemAvailable:    1506148 kB
Buffers:           38772 kB
Cached:           332204 kB
MemTotal:        1844596 kB
MemFree:         1255776 kB
MemAvailable:    1505716 kB
Buffers:           38772 kB
Cached:           332196 kB
MemTotal:        1844596 kB
MemFree:         1257376 kB
MemAvailable:    1507316 kB
Buffers:           38772 kB
Cached:           332196 kB
MemTotal:        1844596 kB
MemFree:         1256032 kB
MemAvailable:    1505972 kB
Buffers:           38772 kB
Cached:           332196 kB
MemTotal:        1844596 kB
MemFree:         1255900 kB
MemAvailable:    1505840 kB
Buffers:           38772 kB
Cached:           332196 kB
MemTotal:        1844596 kB
MemFree:         1255900 kB
MemAvailable:    1505840 kB
Buffers:           38772 kB
Cached:           332196 kB
MemTotal:        1844596 kB
MemFree:         1255884 kB
MemAvailable:    1505236 kB
Buffers:           38772 kB
Cached:           331564 kB
MemTotal:        1844596 kB
MemFree:         1323820 kB
MemAvailable:    1573172 kB
Buffers:           38772 kB
Cached:           331564 kB
