MemTotal:        1844596 kB
MemFree:         1357844 kB
MemAvailable:    1578156 kB
Buffers:           34524 kB
Cached:           304412 kB
MemTotal:        1844596 kB
MemFree:         1332440 kB
MemAvailable:    1552756 kB
Buffers:           34524 kB
Cached:           304416 kB
MemTotal:        1844596 kB
MemFree:         1330332 kB
MemAvailable:    1550648 kB
Buffers:           34524 kB
Cached:           304416 kB
MemTotal:        1844596 kB
MemFree:         1328160 kB
MemAvailable:    1548476 kB
Buffers:           34524 kB
Cached:           304416 kB
MemTotal:        1844596 kB
MemFree:         1328216 kB
MemAvailable:    1548532 kB
Buffers:           34524 kB
Cached:           304416 kB
MemTotal:        1844596 kB
MemFree:         1325496 kB
MemAvailable:    1545812 kB
Buffers:           34524 kB
Cached:           304416 kB
MemTotal:        1844596 kB
MemFree:         1325868 kB
MemAvailable:    1546184 kB
Buffers:           34524 kB
Cached:           304416 kB
MemTotal:        1844596 kB
MemFree:         1322768 kB
MemAvailable:    1543084 kB
Buffers:           34524 kB
Cached:           304416 kB
MemTotal:        1844596 kB
MemFree:         1319916 kB
MemAvailable:    1540232 kB
Buffers:           34524 kB
Cached:           304416 kB
MemTotal:        1844596 kB
MemFree:         1317560 kB
MemAvailable:    1537876 kB
Buffers:           34524 kB
Cached:           304416 kB
MemTotal:        1844596 kB
MemFree:         1315580 kB
MemAvailable:    1535896 kB
Buffers:           34524 kB
Cached:           304416 kB
MemTotal:        1844596 kB
MemFree:         1316624 kB
MemAvailable:    1536940 kB
Buffers:           34524 kB
Cached:           304416 kB
MemTotal:        1844596 kB
MemFree:         1315508 kB
MemAvailable:    1535824 kB
Buffers:           34524 kB
Cached:           304416 kB
MemTotal:        1844596 kB
MemFree:         1315508 kB
MemAvailable:    1535824 kB
Buffers:           34524 kB
Cached:           304416 kB
MemTotal:        1844596 kB
MemFree:         1315508 kB
MemAvailable:    1535824 kB
Buffers:           34524 kB
Cached:           304416 kB
MemTotal:        1844596 kB
MemFree:         1316056 kB
MemAvailable:    1536372 kB
Buffers:           34524 kB
Cached:           304416 kB
MemTotal:        1844596 kB
MemFree:         1315328 kB
MemAvailable:    1535644 kB
Buffers:           34524 kB
Cached:           304416 kB
MemTotal:        1844596 kB
MemFree:         1314956 kB
MemAvailable:    1535272 kB
Buffers:           34524 kB
Cached:           304416 kB
MemTotal:        1844596 kB
MemFree:         1313212 kB
MemAvailable:    1533528 kB
Buffers:           34524 kB
Cached:           304416 kB
MemTotal:        1844596 kB
MemFree:         1313460 kB
MemAvailable:    1533776 kB
Buffers:           34524 kB
Cached:           304416 kB
MemTotal:        1844596 kB
MemFree:         1314460 kB
MemAvailable:    1534776 kB
Buffers:           34524 kB
Cached:           304416 kB
MemTotal:        1844596 kB
MemFree:         1314388 kB
MemAvailable:    1534704 kB
Buffers:           34524 kB
Cached:           304416 kB
MemTotal:        1844596 kB
MemFree:         1314256 kB
MemAvailable:    1534572 kB
Buffers:           34524 kB
Cached:           304416 kB
MemTotal:        1844596 kB
MemFree:         1312908 kB
MemAvailable:    1533224 kB
Buffers:           34524 kB
Cached:           304416 kB
MemTotal:        1844596 kB
MemFree:         1314208 kB
MemAvailable:    1534524 kB
Buffers:           34524 kB
Cached:           304416 kB
MemTotal:        1844596 kB
MemFree:         1315468 kB
MemAvailable:    1535784 kB
Buffers:           34524 kB
Cached:           304416 kB
MemTotal:        1844596 kB
MemFree:         1314540 kB
MemAvailable:    1534856 kB
Buffers:           34524 kB
Cached:           304416 kB
MemTotal:        1844596 kB
MemFree:         1313468 kB
MemAvailable:    1533784 kB
Buffers:           34524 kB
Cached:           304416 kB
MemTotal:        1844596 kB
MemFree:         1312280 kB
MemAvailable:    1532596 kB
Buffers:           34524 kB
Cached:           304416 kB
MemTotal:        1844596 kB
MemFree:         1311856 kB
MemAvailable:    1532172 kB
Buffers:           34524 kB
Cached:           304416 kB
MemTotal:        1844596 kB
MemFree:         1311716 kB
MemAvailable:    1532032 kB
Buffers:           34524 kB
Cached:           304416 kB
MemTotal:        1844596 kB
MemFree:         1309988 kB
MemAvailable:    1530304 kB
Buffers:           34524 kB
Cached:           304416 kB
MemTotal:        1844596 kB
MemFree:         1309244 kB
MemAvailable:    1529560 kB
Buffers:           34524 kB
Cached:           304416 kB
MemTotal:        1844596 kB
MemFree:         1310228 kB
MemAvailable:    1530544 kB
Buffers:           34524 kB
Cached:           304416 kB
MemTotal:        1844596 kB
MemFree:         1309376 kB
MemAvailable:    1529692 kB
Buffers:           34524 kB
Cached:           304416 kB
MemTotal:        1844596 kB
MemFree:         1310000 kB
MemAvailable:    1530316 kB
Buffers:           34524 kB
Cached:           304416 kB
MemTotal:        1844596 kB
MemFree:         1308948 kB
MemAvailable:    1529264 kB
Buffers:           34524 kB
Cached:           304416 kB
MemTotal:        1844596 kB
MemFree:         1310124 kB
MemAvailable:    1530440 kB
Buffers:           34524 kB
Cached:           304416 kB
MemTotal:        1844596 kB
MemFree:         1310048 kB
MemAvailable:    1530364 kB
Buffers:           34524 kB
Cached:           304416 kB
MemTotal:        1844596 kB
MemFree:         1308376 kB
MemAvailable:    1528692 kB
Buffers:           34524 kB
Cached:           304416 kB
MemTotal:        1844596 kB
MemFree:         1309236 kB
MemAvailable:    1529552 kB
Buffers:           34524 kB
Cached:           304416 kB
MemTotal:        1844596 kB
MemFree:         1309376 kB
MemAvailable:    1529692 kB
Buffers:           34524 kB
Cached:           304416 kB
MemTotal:        1844596 kB
MemFree:         1309244 kB
MemAvailable:    1529560 kB
Buffers:           34524 kB
Cached:           304416 kB
MemTotal:        1844596 kB
MemFree:         1308128 kB
MemAvailable:    1528444 kB
Buffers:           34524 kB
Cached:           304416 kB
MemTotal:        1844596 kB
MemFree:         1309228 kB
MemAvailable:    1529544 kB
Buffers:           34524 kB
Cached:           304416 kB
MemTotal:        1844596 kB
MemFree:         1308252 kB
MemAvailable:    1528568 kB
Buffers:           34524 kB
Cached:           304416 kB
MemTotal:        1844596 kB
MemFree:         1309084 kB
MemAvailable:    1529400 kB
Buffers:           34524 kB
Cached:           304416 kB
MemTotal:        1844596 kB
MemFree:         1309064 kB
MemAvailable:    1529380 kB
Buffers:           34524 kB
Cached:           304416 kB
MemTotal:        1844596 kB
MemFree:         1308136 kB
MemAvailable:    1528452 kB
Buffers:           34524 kB
Cached:           304416 kB
MemTotal:        1844596 kB
MemFree:         1309108 kB
MemAvailable:    1529428 kB
Buffers:           34524 kB
Cached:           304420 kB
MemTotal:        1844596 kB
MemFree:         1307848 kB
MemAvailable:    1528168 kB
Buffers:           34524 kB
Cached:           304420 kB
MemTotal:        1844596 kB
MemFree:         1308748 kB
MemAvailable:    1529068 kB
Buffers:           34524 kB
Cached:           304420 kB
MemTotal:        1844596 kB
MemFree:         1307376 kB
MemAvailable:    1527696 kB
Buffers:           34524 kB
Cached:           304420 kB
MemTotal:        1844596 kB
MemFree:         1307376 kB
MemAvailable:    1527696 kB
Buffers:           34524 kB
Cached:           304420 kB
MemTotal:        1844596 kB
MemFree:         1307268 kB
MemAvailable:    1527588 kB
Buffers:           34524 kB
Cached:           304420 kB
MemTotal:        1844596 kB
MemFree:         1307012 kB
MemAvailable:    1527332 kB
Buffers:           34524 kB
Cached:           304420 kB
MemTotal:        1844596 kB
MemFree:         1307020 kB
MemAvailable:    1527340 kB
Buffers:           34524 kB
Cached:           304420 kB
MemTotal:        1844596 kB
MemFree:         1307020 kB
MemAvailable:    1527340 kB
Buffers:           34524 kB
Cached:           304420 kB
MemTotal:        1844596 kB
MemFree:         1308308 kB
MemAvailable:    1528628 kB
Buffers:           34524 kB
Cached:           304420 kB
MemTotal:        1844596 kB
MemFree:         1307088 kB
MemAvailable:    1527408 kB
Buffers:           34524 kB
Cached:           304420 kB
MemTotal:        1844596 kB
MemFree:         1308124 kB
MemAvailable:    1528444 kB
Buffers:           34524 kB
Cached:           304420 kB
MemTotal:        1844596 kB
MemFree:         1307124 kB
MemAvailable:    1527444 kB
Buffers:           34524 kB
Cached:           304420 kB
MemTotal:        1844596 kB
MemFree:         1308284 kB
MemAvailable:    1528604 kB
Buffers:           34524 kB
Cached:           304420 kB
MemTotal:        1844596 kB
MemFree:         1306992 kB
MemAvailable:    1527312 kB
Buffers:           34524 kB
Cached:           304420 kB
MemTotal:        1844596 kB
MemFree:         1305616 kB
MemAvailable:    1525936 kB
Buffers:           34524 kB
Cached:           304420 kB
MemTotal:        1844596 kB
MemFree:         1302432 kB
MemAvailable:    1522752 kB
Buffers:           34524 kB
Cached:           304420 kB
MemTotal:        1844596 kB
MemFree:         1300592 kB
MemAvailable:    1520912 kB
Buffers:           34524 kB
Cached:           304420 kB
MemTotal:        1844596 kB
MemFree:         1299160 kB
MemAvailable:    1519480 kB
Buffers:           34524 kB
Cached:           304420 kB
MemTotal:        1844596 kB
MemFree:         1299160 kB
MemAvailable:    1519480 kB
Buffers:           34524 kB
Cached:           304420 kB
MemTotal:        1844596 kB
MemFree:         1299408 kB
MemAvailable:    1519728 kB
Buffers:           34524 kB
Cached:           304420 kB
MemTotal:        1844596 kB
MemFree:         1300176 kB
MemAvailable:    1520496 kB
Buffers:           34524 kB
Cached:           304420 kB
MemTotal:        1844596 kB
MemFree:         1299580 kB
MemAvailable:    1519900 kB
Buffers:           34524 kB
Cached:           304420 kB
MemTotal:        1844596 kB
MemFree:         1300248 kB
MemAvailable:    1520568 kB
Buffers:           34524 kB
Cached:           304420 kB
MemTotal:        1844596 kB
MemFree:         1299952 kB
MemAvailable:    1520272 kB
Buffers:           34524 kB
Cached:           304420 kB
MemTotal:        1844596 kB
MemFree:         1300248 kB
MemAvailable:    1520568 kB
Buffers:           34524 kB
Cached:           304420 kB
MemTotal:        1844596 kB
MemFree:         1299332 kB
MemAvailable:    1519652 kB
Buffers:           34524 kB
Cached:           304420 kB
MemTotal:        1844596 kB
MemFree:         1300220 kB
MemAvailable:    1520540 kB
Buffers:           34524 kB
Cached:           304420 kB
MemTotal:        1844596 kB
MemFree:         1300200 kB
MemAvailable:    1520520 kB
Buffers:           34524 kB
Cached:           304420 kB
MemTotal:        1844596 kB
MemFree:         1298912 kB
MemAvailable:    1519232 kB
Buffers:           34524 kB
Cached:           304420 kB
MemTotal:        1844596 kB
MemFree:         1298912 kB
MemAvailable:    1519232 kB
Buffers:           34524 kB
Cached:           304420 kB
MemTotal:        1844596 kB
MemFree:         1298904 kB
MemAvailable:    1519224 kB
Buffers:           34524 kB
Cached:           304420 kB
MemTotal:        1844596 kB
MemFree:         1298456 kB
MemAvailable:    1518776 kB
Buffers:           34524 kB
Cached:           304420 kB
MemTotal:        1844596 kB
MemFree:         1299068 kB
MemAvailable:    1519388 kB
Buffers:           34524 kB
Cached:           304420 kB
MemTotal:        1844596 kB
MemFree:         1298712 kB
MemAvailable:    1519032 kB
Buffers:           34524 kB
Cached:           304420 kB
MemTotal:        1844596 kB
MemFree:         1297448 kB
MemAvailable:    1517768 kB
Buffers:           34524 kB
Cached:           304420 kB
MemTotal:        1844596 kB
MemFree:         1298564 kB
MemAvailable:    1518884 kB
Buffers:           34524 kB
Cached:           304420 kB
MemTotal:        1844596 kB
MemFree:         1298368 kB
MemAvailable:    1518688 kB
Buffers:           34524 kB
Cached:           304420 kB
MemTotal:        1844596 kB
MemFree:         1297536 kB
MemAvailable:    1517856 kB
Buffers:           34524 kB
Cached:           304420 kB
MemTotal:        1844596 kB
MemFree:         1297236 kB
MemAvailable:    1517556 kB
Buffers:           34524 kB
Cached:           304420 kB
MemTotal:        1844596 kB
MemFree:         1297292 kB
MemAvailable:    1517612 kB
Buffers:           34524 kB
Cached:           304420 kB
MemTotal:        1844596 kB
MemFree:         1295364 kB
MemAvailable:    1515684 kB
Buffers:           34524 kB
Cached:           304420 kB
MemTotal:        1844596 kB
MemFree:         1296652 kB
MemAvailable:    1516972 kB
Buffers:           34524 kB
Cached:           304420 kB
MemTotal:        1844596 kB
MemFree:         1296356 kB
MemAvailable:    1516676 kB
Buffers:           34524 kB
Cached:           304420 kB
MemTotal:        1844596 kB
MemFree:         1295068 kB
MemAvailable:    1515388 kB
Buffers:           34524 kB
Cached:           304420 kB
MemTotal:        1844596 kB
MemFree:         1296376 kB
MemAvailable:    1516704 kB
Buffers:           34524 kB
Cached:           304428 kB
MemTotal:        1844596 kB
MemFree:         1296432 kB
MemAvailable:    1516760 kB
Buffers:           34524 kB
Cached:           304428 kB
MemTotal:        1844596 kB
MemFree:         1295316 kB
MemAvailable:    1515644 kB
Buffers:           34524 kB
Cached:           304428 kB
MemTotal:        1844596 kB
MemFree:         1295108 kB
MemAvailable:    1515436 kB
Buffers:           34524 kB
Cached:           304428 kB
MemTotal:        1844596 kB
MemFree:         1295068 kB
MemAvailable:    1515396 kB
Buffers:           34524 kB
Cached:           304428 kB
MemTotal:        1844596 kB
MemFree:         1296308 kB
MemAvailable:    1516636 kB
Buffers:           34524 kB
Cached:           304428 kB
MemTotal:        1844596 kB
MemFree:         1294488 kB
MemAvailable:    1514816 kB
Buffers:           34524 kB
Cached:           304428 kB
MemTotal:        1844596 kB
MemFree:         1295348 kB
MemAvailable:    1515676 kB
Buffers:           34524 kB
Cached:           304428 kB
MemTotal:        1844596 kB
MemFree:         1295116 kB
MemAvailable:    1515444 kB
Buffers:           34524 kB
Cached:           304428 kB
MemTotal:        1844596 kB
MemFree:         1288404 kB
MemAvailable:    1508732 kB
Buffers:           34524 kB
Cached:           304428 kB
MemTotal:        1844596 kB
MemFree:         1287924 kB
MemAvailable:    1508252 kB
Buffers:           34524 kB
Cached:           304428 kB
MemTotal:        1844596 kB
MemFree:         1288468 kB
MemAvailable:    1508796 kB
Buffers:           34524 kB
Cached:           304428 kB
MemTotal:        1844596 kB
MemFree:         1287284 kB
MemAvailable:    1507612 kB
Buffers:           34524 kB
Cached:           304428 kB
MemTotal:        1844596 kB
MemFree:         1287284 kB
MemAvailable:    1507612 kB
Buffers:           34524 kB
Cached:           304428 kB
MemTotal:        1844596 kB
MemFree:         1287408 kB
MemAvailable:    1507736 kB
Buffers:           34524 kB
Cached:           304428 kB
MemTotal:        1844596 kB
MemFree:         1290208 kB
MemAvailable:    1510536 kB
Buffers:           34524 kB
Cached:           304428 kB
MemTotal:        1844596 kB
MemFree:         1289708 kB
MemAvailable:    1510120 kB
Buffers:           34524 kB
Cached:           304552 kB
MemTotal:        1844596 kB
MemFree:         1289876 kB
MemAvailable:    1510288 kB
Buffers:           34524 kB
Cached:           304552 kB
MemTotal:        1844596 kB
MemFree:         1289380 kB
MemAvailable:    1509960 kB
Buffers:           34524 kB
Cached:           304800 kB
MemTotal:        1844596 kB
MemFree:         1289536 kB
MemAvailable:    1510116 kB
Buffers:           34524 kB
Cached:           304800 kB
MemTotal:        1844596 kB
MemFree:         1288232 kB
MemAvailable:    1508896 kB
Buffers:           34524 kB
Cached:           304924 kB
MemTotal:        1844596 kB
MemFree:         1289340 kB
MemAvailable:    1510172 kB
Buffers:           34524 kB
Cached:           305048 kB
MemTotal:        1844596 kB
MemFree:         1289340 kB
MemAvailable:    1510172 kB
Buffers:           34524 kB
Cached:           305048 kB
MemTotal:        1844596 kB
MemFree:         1289168 kB
MemAvailable:    1510000 kB
Buffers:           34524 kB
Cached:           305048 kB
MemTotal:        1844596 kB
MemFree:         1289388 kB
MemAvailable:    1510220 kB
Buffers:           34524 kB
Cached:           305048 kB
MemTotal:        1844596 kB
MemFree:         1289200 kB
MemAvailable:    1510032 kB
Buffers:           34524 kB
Cached:           305048 kB
MemTotal:        1844596 kB
MemFree:         1289024 kB
MemAvailable:    1509940 kB
Buffers:           34524 kB
Cached:           305048 kB
MemTotal:        1844596 kB
MemFree:         1289360 kB
MemAvailable:    1510276 kB
Buffers:           34524 kB
Cached:           305048 kB
MemTotal:        1844596 kB
MemFree:         1289224 kB
MemAvailable:    1510140 kB
Buffers:           34524 kB
Cached:           305048 kB
MemTotal:        1844596 kB
MemFree:         1288164 kB
MemAvailable:    1508492 kB
Buffers:           34524 kB
Cached:           304416 kB
MemTotal:        1844596 kB
MemFree:         1343544 kB
MemAvailable:    1563872 kB
Buffers:           34524 kB
Cached:           304416 kB
