MemTotal:        1844596 kB
MemFree:         1336996 kB
MemAvailable:    1577696 kB
Buffers:           37536 kB
Cached:           322576 kB
MemTotal:        1844596 kB
MemFree:         1310196 kB
MemAvailable:    1550904 kB
Buffers:           37536 kB
Cached:           322584 kB
MemTotal:        1844596 kB
MemFree:         1307948 kB
MemAvailable:    1548656 kB
Buffers:           37536 kB
Cached:           322584 kB
MemTotal:        1844596 kB
MemFree:         1307280 kB
MemAvailable:    1547988 kB
Buffers:           37536 kB
Cached:           322584 kB
MemTotal:        1844596 kB
MemFree:         1307156 kB
MemAvailable:    1547864 kB
Buffers:           37536 kB
Cached:           322584 kB
MemTotal:        1844596 kB
MemFree:         1304616 kB
MemAvailable:    1545324 kB
Buffers:           37536 kB
Cached:           322584 kB
MemTotal:        1844596 kB
MemFree:         1304492 kB
MemAvailable:    1545200 kB
Buffers:           37536 kB
Cached:           322584 kB
MemTotal:        1844596 kB
MemFree:         1302508 kB
MemAvailable:    1543216 kB
Buffers:           37536 kB
Cached:           322584 kB
MemTotal:        1844596 kB
MemFree:         1299864 kB
MemAvailable:    1540572 kB
Buffers:           37536 kB
Cached:           322584 kB
MemTotal:        1844596 kB
MemFree:         1295012 kB
MemAvailable:    1535720 kB
Buffers:           37536 kB
Cached:           322584 kB
MemTotal:        1844596 kB
MemFree:         1294696 kB
MemAvailable:    1535404 kB
Buffers:           37536 kB
Cached:           322584 kB
MemTotal:        1844596 kB
MemFree:         1295956 kB
MemAvailable:    1536664 kB
Buffers:           37536 kB
Cached:           322584 kB
MemTotal:        1844596 kB
MemFree:         1296060 kB
MemAvailable:    1536768 kB
Buffers:           37536 kB
Cached:           322584 kB
MemTotal:        1844596 kB
MemFree:         1295192 kB
MemAvailable:    1535900 kB
Buffers:           37536 kB
Cached:           322584 kB
MemTotal:        1844596 kB
MemFree:         1295940 kB
MemAvailable:    1536648 kB
Buffers:           37536 kB
Cached:           322584 kB
MemTotal:        1844596 kB
MemFree:         1294676 kB
MemAvailable:    1535384 kB
Buffers:           37536 kB
Cached:           322584 kB
MemTotal:        1844596 kB
MemFree:         1295688 kB
MemAvailable:    1536396 kB
Buffers:           37536 kB
Cached:           322584 kB
MemTotal:        1844596 kB
MemFree:         1294076 kB
MemAvailable:    1534784 kB
Buffers:           37536 kB
Cached:           322584 kB
MemTotal:        1844596 kB
MemFree:         1293688 kB
MemAvailable:    1534396 kB
Buffers:           37536 kB
Cached:           322584 kB
MemTotal:        1844596 kB
MemFree:         1292836 kB
MemAvailable:    1533544 kB
Buffers:           37536 kB
Cached:           322584 kB
MemTotal:        1844596 kB
MemFree:         1293200 kB
MemAvailable:    1533908 kB
Buffers:           37536 kB
Cached:           322584 kB
MemTotal:        1844596 kB
MemFree:         1292544 kB
MemAvailable:    1533252 kB
Buffers:           37536 kB
Cached:           322584 kB
MemTotal:        1844596 kB
MemFree:         1293500 kB
MemAvailable:    1534208 kB
Buffers:           37536 kB
Cached:           322584 kB
MemTotal:        1844596 kB
MemFree:         1292176 kB
MemAvailable:    1532884 kB
Buffers:           37536 kB
Cached:           322584 kB
MemTotal:        1844596 kB
MemFree:         1293284 kB
MemAvailable:    1533992 kB
Buffers:           37536 kB
Cached:           322584 kB
MemTotal:        1844596 kB
MemFree:         1293516 kB
MemAvailable:    1534224 kB
Buffers:           37536 kB
Cached:           322584 kB
MemTotal:        1844596 kB
MemFree:         1292160 kB
MemAvailable:    1532868 kB
Buffers:           37536 kB
Cached:           322584 kB
MemTotal:        1844596 kB
MemFree:         1293392 kB
MemAvailable:    1534100 kB
Buffers:           37536 kB
Cached:           322584 kB
MemTotal:        1844596 kB
MemFree:         1294924 kB
MemAvailable:    1535632 kB
Buffers:           37536 kB
Cached:           322584 kB
MemTotal:        1844596 kB
MemFree:         1294076 kB
MemAvailable:    1534784 kB
Buffers:           37536 kB
Cached:           322584 kB
MemTotal:        1844596 kB
MemFree:         1294200 kB
MemAvailable:    1534908 kB
Buffers:           37536 kB
Cached:           322584 kB
MemTotal:        1844596 kB
MemFree:         1292028 kB
MemAvailable:    1532736 kB
Buffers:           37536 kB
Cached:           322584 kB
MemTotal:        1844596 kB
MemFree:         1290232 kB
MemAvailable:    1530940 kB
Buffers:           37536 kB
Cached:           322584 kB
MemTotal:        1844596 kB
MemFree:         1290540 kB
MemAvailable:    1531248 kB
Buffers:           37536 kB
Cached:           322584 kB
MemTotal:        1844596 kB
MemFree:         1288728 kB
MemAvailable:    1529436 kB
Buffers:           37536 kB
Cached:           322584 kB
MemTotal:        1844596 kB
MemFree:         1290236 kB
MemAvailable:    1530944 kB
Buffers:           37536 kB
Cached:           322584 kB
MemTotal:        1844596 kB
MemFree:         1289672 kB
MemAvailable:    1530380 kB
Buffers:           37536 kB
Cached:           322584 kB
MemTotal:        1844596 kB
MemFree:         1288496 kB
MemAvailable:    1529204 kB
Buffers:           37536 kB
Cached:           322584 kB
MemTotal:        1844596 kB
MemFree:         1288372 kB
MemAvailable:    1529080 kB
Buffers:           37536 kB
Cached:           322584 kB
MemTotal:        1844596 kB
MemFree:         1288240 kB
MemAvailable:    1528948 kB
Buffers:           37536 kB
Cached:           322584 kB
MemTotal:        1844596 kB
MemFree:         1288116 kB
MemAvailable:    1528824 kB
Buffers:           37536 kB
Cached:           322584 kB
MemTotal:        1844596 kB
MemFree:         1289176 kB
MemAvailable:    1529884 kB
Buffers:           37536 kB
Cached:           322584 kB
MemTotal:        1844596 kB
MemFree:         1289060 kB
MemAvailable:    1529768 kB
Buffers:           37536 kB
Cached:           322584 kB
MemTotal:        1844596 kB
MemFree:         1287564 kB
MemAvailable:    1528272 kB
Buffers:           37536 kB
Cached:           322584 kB
MemTotal:        1844596 kB
MemFree:         1287124 kB
MemAvailable:    1527832 kB
Buffers:           37536 kB
Cached:           322584 kB
MemTotal:        1844596 kB
MemFree:         1286992 kB
MemAvailable:    1527700 kB
Buffers:           37536 kB
Cached:           322584 kB
MemTotal:        1844596 kB
MemFree:         1288308 kB
MemAvailable:    1529016 kB
Buffers:           37536 kB
Cached:           322584 kB
MemTotal:        1844596 kB
MemFree:         1286936 kB
MemAvailable:    1527644 kB
Buffers:           37536 kB
Cached:           322584 kB
MemTotal:        1844596 kB
MemFree:         1287060 kB
MemAvailable:    1527768 kB
Buffers:           37536 kB
Cached:           322584 kB
MemTotal:        1844596 kB
MemFree:         1286972 kB
MemAvailable:    1527680 kB
Buffers:           37536 kB
Cached:           322584 kB
MemTotal:        1844596 kB
MemFree:         1287104 kB
MemAvailable:    1527812 kB
Buffers:           37536 kB
Cached:           322584 kB
MemTotal:        1844596 kB
MemFree:         1287104 kB
MemAvailable:    1527812 kB
Buffers:           37536 kB
Cached:           322584 kB
MemTotal:        1844596 kB
MemFree:         1288468 kB
MemAvailable:    1529176 kB
Buffers:           37536 kB
Cached:           322584 kB
MemTotal:        1844596 kB
MemFree:         1288528 kB
MemAvailable:    1529236 kB
Buffers:           37536 kB
Cached:           322584 kB
MemTotal:        1844596 kB
MemFree:         1286876 kB
MemAvailable:    1527584 kB
Buffers:           37536 kB
Cached:           322584 kB
MemTotal:        1844596 kB
MemFree:         1286744 kB
MemAvailable:    1527452 kB
Buffers:           37536 kB
Cached:           322584 kB
MemTotal:        1844596 kB
MemFree:         1287612 kB
MemAvailable:    1528320 kB
Buffers:           37536 kB
Cached:           322584 kB
MemTotal:        1844596 kB
MemFree:         1287696 kB
MemAvailable:    1528404 kB
Buffers:           37536 kB
Cached:           322584 kB
MemTotal:        1844596 kB
MemFree:         1287448 kB
MemAvailable:    1528156 kB
Buffers:           37536 kB
Cached:           322584 kB
MemTotal:        1844596 kB
MemFree:         1286076 kB
MemAvailable:    1526784 kB
Buffers:           37536 kB
Cached:           322584 kB
MemTotal:        1844596 kB
MemFree:         1287376 kB
MemAvailable:    1528084 kB
Buffers:           37536 kB
Cached:           322584 kB
MemTotal:        1844596 kB
MemFree:         1285944 kB
MemAvailable:    1526652 kB
Buffers:           37536 kB
Cached:           322584 kB
MemTotal:        1844596 kB
MemFree:         1286112 kB
MemAvailable:    1526820 kB
Buffers:           37536 kB
Cached:           322584 kB
MemTotal:        1844596 kB
MemFree:         1286132 kB
MemAvailable:    1526848 kB
Buffers:           37536 kB
Cached:           322592 kB
MemTotal:        1844596 kB
MemFree:         1286000 kB
MemAvailable:    1526716 kB
Buffers:           37536 kB
Cached:           322592 kB
MemTotal:        1844596 kB
MemFree:         1286132 kB
MemAvailable:    1526848 kB
Buffers:           37536 kB
Cached:           322592 kB
MemTotal:        1844596 kB
MemFree:         1285024 kB
MemAvailable:    1525740 kB
Buffers:           37536 kB
Cached:           322592 kB
MemTotal:        1844596 kB
MemFree:         1283536 kB
MemAvailable:    1524252 kB
Buffers:           37536 kB
Cached:           322592 kB
MemTotal:        1844596 kB
MemFree:         1280436 kB
MemAvailable:    1521152 kB
Buffers:           37536 kB
Cached:           322592 kB
MemTotal:        1844596 kB
MemFree:         1279760 kB
MemAvailable:    1520476 kB
Buffers:           37536 kB
Cached:           322592 kB
MemTotal:        1844596 kB
MemFree:         1279072 kB
MemAvailable:    1519788 kB
Buffers:           37536 kB
Cached:           322592 kB
MemTotal:        1844596 kB
MemFree:         1279412 kB
MemAvailable:    1520128 kB
Buffers:           37536 kB
Cached:           322592 kB
MemTotal:        1844596 kB
MemFree:         1279196 kB
MemAvailable:    1519912 kB
Buffers:           37536 kB
Cached:           322592 kB
MemTotal:        1844596 kB
MemFree:         1279424 kB
MemAvailable:    1520140 kB
Buffers:           37536 kB
Cached:           322592 kB
MemTotal:        1844596 kB
MemFree:         1279536 kB
MemAvailable:    1520252 kB
Buffers:           37536 kB
Cached:           322592 kB
MemTotal:        1844596 kB
MemFree:         1278264 kB
MemAvailable:    1518980 kB
Buffers:           37536 kB
Cached:           322592 kB
MemTotal:        1844596 kB
MemFree:         1278264 kB
MemAvailable:    1518980 kB
Buffers:           37536 kB
Cached:           322592 kB
MemTotal:        1844596 kB
MemFree:         1279440 kB
MemAvailable:    1520156 kB
Buffers:           37536 kB
Cached:           322592 kB
MemTotal:        1844596 kB
MemFree:         1278136 kB
MemAvailable:    1518852 kB
Buffers:           37536 kB
Cached:           322592 kB
MemTotal:        1844596 kB
MemFree:         1279368 kB
MemAvailable:    1520084 kB
Buffers:           37536 kB
Cached:           322592 kB
MemTotal:        1844596 kB
MemFree:         1279480 kB
MemAvailable:    1520196 kB
Buffers:           37536 kB
Cached:           322592 kB
MemTotal:        1844596 kB
MemFree:         1279468 kB
MemAvailable:    1520184 kB
Buffers:           37536 kB
Cached:           322592 kB
MemTotal:        1844596 kB
MemFree:         1279444 kB
MemAvailable:    1520160 kB
Buffers:           37536 kB
Cached:           322592 kB
MemTotal:        1844596 kB
MemFree:         1279520 kB
MemAvailable:    1520236 kB
Buffers:           37536 kB
Cached:           322592 kB
MemTotal:        1844596 kB
MemFree:         1277824 kB
MemAvailable:    1518540 kB
Buffers:           37536 kB
Cached:           322592 kB
MemTotal:        1844596 kB
MemFree:         1278692 kB
MemAvailable:    1519408 kB
Buffers:           37536 kB
Cached:           322592 kB
MemTotal:        1844596 kB
MemFree:         1277080 kB
MemAvailable:    1517796 kB
Buffers:           37536 kB
Cached:           322592 kB
MemTotal:        1844596 kB
MemFree:         1276716 kB
MemAvailable:    1517432 kB
Buffers:           37536 kB
Cached:           322592 kB
MemTotal:        1844596 kB
MemFree:         1276592 kB
MemAvailable:    1517308 kB
Buffers:           37536 kB
Cached:           322592 kB
MemTotal:        1844596 kB
MemFree:         1276644 kB
MemAvailable:    1517360 kB
Buffers:           37536 kB
Cached:           322592 kB
MemTotal:        1844596 kB
MemFree:         1275344 kB
MemAvailable:    1516060 kB
Buffers:           37536 kB
Cached:           322592 kB
MemTotal:        1844596 kB
MemFree:         1275972 kB
MemAvailable:    1516688 kB
Buffers:           37536 kB
Cached:           322592 kB
MemTotal:        1844596 kB
MemFree:         1274856 kB
MemAvailable:    1515572 kB
Buffers:           37536 kB
Cached:           322592 kB
MemTotal:        1844596 kB
MemFree:         1275792 kB
MemAvailable:    1516508 kB
Buffers:           37536 kB
Cached:           322592 kB
MemTotal:        1844596 kB
MemFree:         1274672 kB
MemAvailable:    1515388 kB
Buffers:           37536 kB
Cached:           322592 kB
MemTotal:        1844596 kB
MemFree:         1274416 kB
MemAvailable:    1515132 kB
Buffers:           37536 kB
Cached:           322592 kB
MemTotal:        1844596 kB
MemFree:         1275608 kB
MemAvailable:    1516324 kB
Buffers:           37536 kB
Cached:           322592 kB
MemTotal:        1844596 kB
MemFree:         1274196 kB
MemAvailable:    1514912 kB
Buffers:           37536 kB
Cached:           322592 kB
MemTotal:        1844596 kB
MemFree:         1274188 kB
MemAvailable:    1514904 kB
Buffers:           37536 kB
Cached:           322592 kB
MemTotal:        1844596 kB
MemFree:         1274320 kB
MemAvailable:    1515036 kB
Buffers:           37536 kB
Cached:           322592 kB
MemTotal:        1844596 kB
MemFree:         1274228 kB
MemAvailable:    1514944 kB
Buffers:           37548 kB
Cached:           322580 kB
MemTotal:        1844596 kB
MemFree:         1275480 kB
MemAvailable:    1516196 kB
Buffers:           37548 kB
Cached:           322580 kB
MemTotal:        1844596 kB
MemFree:         1274980 kB
MemAvailable:    1515696 kB
Buffers:           37548 kB
Cached:           322580 kB
MemTotal:        1844596 kB
MemFree:         1275104 kB
MemAvailable:    1515820 kB
Buffers:           37548 kB
Cached:           322580 kB
MemTotal:        1844596 kB
MemFree:         1273856 kB
MemAvailable:    1514572 kB
Buffers:           37548 kB
Cached:           322580 kB
MemTotal:        1844596 kB
MemFree:         1271368 kB
MemAvailable:    1512084 kB
Buffers:           37548 kB
Cached:           322580 kB
MemTotal:        1844596 kB
MemFree:         1271260 kB
MemAvailable:    1511976 kB
Buffers:           37548 kB
Cached:           322580 kB
MemTotal:        1844596 kB
MemFree:         1267912 kB
MemAvailable:    1508628 kB
Buffers:           37548 kB
Cached:           322580 kB
MemTotal:        1844596 kB
MemFree:         1266672 kB
MemAvailable:    1507388 kB
Buffers:           37548 kB
Cached:           322580 kB
MemTotal:        1844596 kB
MemFree:         1267400 kB
MemAvailable:    1508128 kB
Buffers:           37548 kB
Cached:           322592 kB
MemTotal:        1844596 kB
MemFree:         1267736 kB
MemAvailable:    1508464 kB
Buffers:           37548 kB
Cached:           322592 kB
MemTotal:        1844596 kB
MemFree:         1266368 kB
MemAvailable:    1507096 kB
Buffers:           37548 kB
Cached:           322592 kB
MemTotal:        1844596 kB
MemFree:         1266500 kB
MemAvailable:    1507228 kB
Buffers:           37548 kB
Cached:           322592 kB
MemTotal:        1844596 kB
MemFree:         1268284 kB
MemAvailable:    1509012 kB
Buffers:           37548 kB
Cached:           322592 kB
MemTotal:        1844596 kB
MemFree:         1268160 kB
MemAvailable:    1508972 kB
Buffers:           37548 kB
Cached:           322716 kB
MemTotal:        1844596 kB
MemFree:         1267904 kB
MemAvailable:    1508800 kB
Buffers:           37548 kB
Cached:           322840 kB
MemTotal:        1844596 kB
MemFree:         1269028 kB
MemAvailable:    1510092 kB
Buffers:           37548 kB
Cached:           322964 kB
MemTotal:        1844596 kB
MemFree:         1267656 kB
MemAvailable:    1508804 kB
Buffers:           37548 kB
Cached:           323088 kB
MemTotal:        1844596 kB
MemFree:         1267540 kB
MemAvailable:    1508856 kB
Buffers:           37548 kB
Cached:           323212 kB
MemTotal:        1844596 kB
MemFree:         1268656 kB
MemAvailable:    1509972 kB
Buffers:           37548 kB
Cached:           323212 kB
MemTotal:        1844596 kB
MemFree:         1267408 kB
MemAvailable:    1508724 kB
Buffers:           37548 kB
Cached:           323212 kB
MemTotal:        1844596 kB
MemFree:         1267152 kB
MemAvailable:    1508468 kB
Buffers:           37548 kB
Cached:           323212 kB
MemTotal:        1844596 kB
MemFree:         1267160 kB
MemAvailable:    1508560 kB
Buffers:           37548 kB
Cached:           323336 kB
MemTotal:        1844596 kB
MemFree:         1268144 kB
MemAvailable:    1509544 kB
Buffers:           37548 kB
Cached:           323336 kB
MemTotal:        1844596 kB
MemFree:         1268204 kB
MemAvailable:    1509604 kB
Buffers:           37548 kB
Cached:           323336 kB
MemTotal:        1844596 kB
MemFree:         1268936 kB
MemAvailable:    1509748 kB
Buffers:           37548 kB
Cached:           322664 kB
MemTotal:        1844596 kB
MemFree:         1269020 kB
MemAvailable:    1509832 kB
Buffers:           37548 kB
Cached:           322664 kB
MemTotal:        1844596 kB
MemFree:         1336088 kB
MemAvailable:    1576900 kB
Buffers:           37548 kB
Cached:           322664 kB
