MemTotal:        1844596 kB
MemFree:         1167008 kB
MemAvailable:    1561808 kB
Buffers:           56980 kB
Cached:           447772 kB
MemTotal:        1844596 kB
MemFree:         1139712 kB
MemAvailable:    1534516 kB
Buffers:           56980 kB
Cached:           447776 kB
MemTotal:        1844596 kB
MemFree:         1138904 kB
MemAvailable:    1533708 kB
Buffers:           56980 kB
Cached:           447776 kB
MemTotal:        1844596 kB
MemFree:         1137472 kB
MemAvailable:    1532276 kB
Buffers:           56980 kB
Cached:           447776 kB
MemTotal:        1844596 kB
MemFree:         1135928 kB
MemAvailable:    1530732 kB
Buffers:           56980 kB
Cached:           447776 kB
MemTotal:        1844596 kB
MemFree:         1135680 kB
MemAvailable:    1530484 kB
Buffers:           56980 kB
Cached:           447776 kB
MemTotal:        1844596 kB
MemFree:         1135680 kB
MemAvailable:    1530484 kB
Buffers:           56980 kB
Cached:           447776 kB
MemTotal:        1844596 kB
MemFree:         1132024 kB
MemAvailable:    1526828 kB
Buffers:           56980 kB
Cached:           447776 kB
MemTotal:        1844596 kB
MemFree:         1129296 kB
MemAvailable:    1524100 kB
Buffers:           56980 kB
Cached:           447776 kB
MemTotal:        1844596 kB
MemFree:         1124692 kB
MemAvailable:    1519496 kB
Buffers:           56980 kB
Cached:           447776 kB
MemTotal:        1844596 kB
MemFree:         1124692 kB
MemAvailable:    1519496 kB
Buffers:           56980 kB
Cached:           447776 kB
MemTotal:        1844596 kB
MemFree:         1125760 kB
MemAvailable:    1520564 kB
Buffers:           56980 kB
Cached:           447776 kB
MemTotal:        1844596 kB
MemFree:         1124584 kB
MemAvailable:    1519388 kB
Buffers:           56980 kB
Cached:           447776 kB
MemTotal:        1844596 kB
MemFree:         1124584 kB
MemAvailable:    1519388 kB
Buffers:           56980 kB
Cached:           447776 kB
MemTotal:        1844596 kB
MemFree:         1125684 kB
MemAvailable:    1520488 kB
Buffers:           56980 kB
Cached:           447776 kB
MemTotal:        1844596 kB
MemFree:         1125768 kB
MemAvailable:    1520572 kB
Buffers:           56980 kB
Cached:           447776 kB
MemTotal:        1844596 kB
MemFree:         1123964 kB
MemAvailable:    1518768 kB
Buffers:           56980 kB
Cached:           447776 kB
MemTotal:        1844596 kB
MemFree:         1123700 kB
MemAvailable:    1518504 kB
Buffers:           56980 kB
Cached:           447776 kB
MemTotal:        1844596 kB
MemFree:         1122848 kB
MemAvailable:    1517652 kB
Buffers:           56980 kB
Cached:           447776 kB
MemTotal:        1844596 kB
MemFree:         1122040 kB
MemAvailable:    1516844 kB
Buffers:           56980 kB
Cached:           447776 kB
MemTotal:        1844596 kB
MemFree:         1123580 kB
MemAvailable:    1518384 kB
Buffers:           56980 kB
Cached:           447776 kB
MemTotal:        1844596 kB
MemFree:         1122848 kB
MemAvailable:    1517652 kB
Buffers:           56980 kB
Cached:           447776 kB
MemTotal:        1844596 kB
MemFree:         1123288 kB
MemAvailable:    1518092 kB
Buffers:           56980 kB
Cached:           447776 kB
MemTotal:        1844596 kB
MemFree:         1123468 kB
MemAvailable:    1518272 kB
Buffers:           56980 kB
Cached:           447776 kB
MemTotal:        1844596 kB
MemFree:         1123464 kB
MemAvailable:    1518268 kB
Buffers:           56980 kB
Cached:           447776 kB
MemTotal:        1844596 kB
MemFree:         1123508 kB
MemAvailable:    1518312 kB
Buffers:           56980 kB
Cached:           447776 kB
MemTotal:        1844596 kB
MemFree:         1122096 kB
MemAvailable:    1516900 kB
Buffers:           56980 kB
Cached:           447776 kB
MemTotal:        1844596 kB
MemFree:         1124580 kB
MemAvailable:    1519384 kB
Buffers:           56980 kB
Cached:           447776 kB
MemTotal:        1844596 kB
MemFree:         1124644 kB
MemAvailable:    1519448 kB
Buffers:           56980 kB
Cached:           447776 kB
MemTotal:        1844596 kB
MemFree:         1123088 kB
MemAvailable:    1517892 kB
Buffers:           56980 kB
Cached:           447776 kB
MemTotal:        1844596 kB
MemFree:         1121668 kB
MemAvailable:    1516472 kB
Buffers:           56980 kB
Cached:           447776 kB
MemTotal:        1844596 kB
MemFree:         1121040 kB
MemAvailable:    1515844 kB
Buffers:           56980 kB
Cached:           447776 kB
MemTotal:        1844596 kB
MemFree:         1119368 kB
MemAvailable:    1514172 kB
Buffers:           56980 kB
Cached:           447776 kB
MemTotal:        1844596 kB
MemFree:         1120244 kB
MemAvailable:    1515048 kB
Buffers:           56980 kB
Cached:           447776 kB
MemTotal:        1844596 kB
MemFree:         1118576 kB
MemAvailable:    1513380 kB
Buffers:           56980 kB
Cached:           447776 kB
MemTotal:        1844596 kB
MemFree:         1118252 kB
MemAvailable:    1513056 kB
Buffers:           56980 kB
Cached:           447776 kB
MemTotal:        1844596 kB
MemFree:         1119376 kB
MemAvailable:    1514180 kB
Buffers:           56980 kB
Cached:           447776 kB
MemTotal:        1844596 kB
MemFree:         1119328 kB
MemAvailable:    1514132 kB
Buffers:           56980 kB
Cached:           447776 kB
MemTotal:        1844596 kB
MemFree:         1119312 kB
MemAvailable:    1514116 kB
Buffers:           56980 kB
Cached:           447776 kB
MemTotal:        1844596 kB
MemFree:         1117824 kB
MemAvailable:    1512628 kB
Buffers:           56980 kB
Cached:           447776 kB
MemTotal:        1844596 kB
MemFree:         1117632 kB
MemAvailable:    1512436 kB
Buffers:           56980 kB
Cached:           447776 kB
MemTotal:        1844596 kB
MemFree:         1117592 kB
MemAvailable:    1512396 kB
Buffers:           56980 kB
Cached:           447776 kB
MemTotal:        1844596 kB
MemFree:         1118564 kB
MemAvailable:    1513368 kB
Buffers:           56980 kB
Cached:           447776 kB
MemTotal:        1844596 kB
MemFree:         1118212 kB
MemAvailable:    1513016 kB
Buffers:           56980 kB
Cached:           447776 kB
MemTotal:        1844596 kB
MemFree:         1117012 kB
MemAvailable:    1511816 kB
Buffers:           56980 kB
Cached:           447776 kB
MemTotal:        1844596 kB
MemFree:         1117132 kB
MemAvailable:    1511936 kB
Buffers:           56980 kB
Cached:           447776 kB
MemTotal:        1844596 kB
MemFree:         1118312 kB
MemAvailable:    1513116 kB
Buffers:           56980 kB
Cached:           447776 kB
MemTotal:        1844596 kB
MemFree:         1118488 kB
MemAvailable:    1513292 kB
Buffers:           56980 kB
Cached:           447776 kB
MemTotal:        1844596 kB
MemFree:         1117972 kB
MemAvailable:    1512776 kB
Buffers:           56980 kB
Cached:           447776 kB
MemTotal:        1844596 kB
MemFree:         1116840 kB
MemAvailable:    1511644 kB
Buffers:           56980 kB
Cached:           447776 kB
MemTotal:        1844596 kB
MemFree:         1116840 kB
MemAvailable:    1511644 kB
Buffers:           56980 kB
Cached:           447776 kB
MemTotal:        1844596 kB
MemFree:         1116972 kB
MemAvailable:    1511776 kB
Buffers:           56980 kB
Cached:           447776 kB
MemTotal:        1844596 kB
MemFree:         1117948 kB
MemAvailable:    1512752 kB
Buffers:           56980 kB
Cached:           447776 kB
MemTotal:        1844596 kB
MemFree:         1117764 kB
MemAvailable:    1512568 kB
Buffers:           56980 kB
Cached:           447776 kB
MemTotal:        1844596 kB
MemFree:         1117816 kB
MemAvailable:    1512620 kB
Buffers:           56980 kB
Cached:           447776 kB
MemTotal:        1844596 kB
MemFree:         1118068 kB
MemAvailable:    1512872 kB
Buffers:           56980 kB
Cached:           447776 kB
MemTotal:        1844596 kB
MemFree:         1117752 kB
MemAvailable:    1512556 kB
Buffers:           56980 kB
Cached:           447776 kB
MemTotal:        1844596 kB
MemFree:         1116452 kB
MemAvailable:    1511256 kB
Buffers:           56980 kB
Cached:           447776 kB
MemTotal:        1844596 kB
MemFree:         1116400 kB
MemAvailable:    1511204 kB
Buffers:           56980 kB
Cached:           447776 kB
MemTotal:        1844596 kB
MemFree:         1117516 kB
MemAvailable:    1512324 kB
Buffers:           56980 kB
Cached:           447780 kB
MemTotal:        1844596 kB
MemFree:         1117088 kB
MemAvailable:    1511896 kB
Buffers:           56980 kB
Cached:           447780 kB
MemTotal:        1844596 kB
MemFree:         1116012 kB
MemAvailable:    1510820 kB
Buffers:           56980 kB
Cached:           447780 kB
MemTotal:        1844596 kB
MemFree:         1116260 kB
MemAvailable:    1511072 kB
Buffers:           56980 kB
Cached:           447784 kB
MemTotal:        1844596 kB
MemFree:         1116260 kB
MemAvailable:    1511072 kB
Buffers:           56980 kB
Cached:           447784 kB
MemTotal:        1844596 kB
MemFree:         1116004 kB
MemAvailable:    1510816 kB
Buffers:           56980 kB
Cached:           447784 kB
MemTotal:        1844596 kB
MemFree:         1117244 kB
MemAvailable:    1512056 kB
Buffers:           56980 kB
Cached:           447784 kB
MemTotal:        1844596 kB
MemFree:         1115592 kB
MemAvailable:    1510404 kB
Buffers:           56980 kB
Cached:           447784 kB
MemTotal:        1844596 kB
MemFree:         1113796 kB
MemAvailable:    1508608 kB
Buffers:           56980 kB
Cached:           447784 kB
MemTotal:        1844596 kB
MemFree:         1110556 kB
MemAvailable:    1505368 kB
Buffers:           56980 kB
Cached:           447784 kB
MemTotal:        1844596 kB
MemFree:         1110200 kB
MemAvailable:    1505012 kB
Buffers:           56980 kB
Cached:           447784 kB
MemTotal:        1844596 kB
MemFree:         1109812 kB
MemAvailable:    1504624 kB
Buffers:           56980 kB
Cached:           447784 kB
MemTotal:        1844596 kB
MemFree:         1109816 kB
MemAvailable:    1504628 kB
Buffers:           56980 kB
Cached:           447784 kB
MemTotal:        1844596 kB
MemFree:         1108332 kB
MemAvailable:    1503144 kB
Buffers:           56980 kB
Cached:           447784 kB
MemTotal:        1844596 kB
MemFree:         1109432 kB
MemAvailable:    1504244 kB
Buffers:           56980 kB
Cached:           447784 kB
MemTotal:        1844596 kB
MemFree:         1109208 kB
MemAvailable:    1504020 kB
Buffers:           56980 kB
Cached:           447784 kB
MemTotal:        1844596 kB
MemFree:         1108068 kB
MemAvailable:    1502880 kB
Buffers:           56980 kB
Cached:           447784 kB
MemTotal:        1844596 kB
MemFree:         1109400 kB
MemAvailable:    1504212 kB
Buffers:           56980 kB
Cached:           447784 kB
MemTotal:        1844596 kB
MemFree:         1108464 kB
MemAvailable:    1503276 kB
Buffers:           56980 kB
Cached:           447784 kB
MemTotal:        1844596 kB
MemFree:         1107904 kB
MemAvailable:    1502716 kB
Buffers:           56980 kB
Cached:           447784 kB
MemTotal:        1844596 kB
MemFree:         1108160 kB
MemAvailable:    1502972 kB
Buffers:           56980 kB
Cached:           447784 kB
MemTotal:        1844596 kB
MemFree:         1108284 kB
MemAvailable:    1503096 kB
Buffers:           56980 kB
Cached:           447784 kB
MemTotal:        1844596 kB
MemFree:         1109296 kB
MemAvailable:    1504108 kB
Buffers:           56980 kB
Cached:           447784 kB
MemTotal:        1844596 kB
MemFree:         1109380 kB
MemAvailable:    1504192 kB
Buffers:           56980 kB
Cached:           447784 kB
MemTotal:        1844596 kB
MemFree:         1108020 kB
MemAvailable:    1502832 kB
Buffers:           56980 kB
Cached:           447784 kB
MemTotal:        1844596 kB
MemFree:         1107588 kB
MemAvailable:    1502400 kB
Buffers:           56980 kB
Cached:           447784 kB
MemTotal:        1844596 kB
MemFree:         1108340 kB
MemAvailable:    1503152 kB
Buffers:           56980 kB
Cached:           447784 kB
MemTotal:        1844596 kB
MemFree:         1107092 kB
MemAvailable:    1501904 kB
Buffers:           56980 kB
Cached:           447784 kB
MemTotal:        1844596 kB
MemFree:         1107904 kB
MemAvailable:    1502716 kB
Buffers:           56980 kB
Cached:           447784 kB
MemTotal:        1844596 kB
MemFree:         1107960 kB
MemAvailable:    1502772 kB
Buffers:           56980 kB
Cached:           447784 kB
MemTotal:        1844596 kB
MemFree:         1105488 kB
MemAvailable:    1500300 kB
Buffers:           56980 kB
Cached:           447784 kB
MemTotal:        1844596 kB
MemFree:         1105356 kB
MemAvailable:    1500168 kB
Buffers:           56980 kB
Cached:           447784 kB
MemTotal:        1844596 kB
MemFree:         1106108 kB
MemAvailable:    1500920 kB
Buffers:           56980 kB
Cached:           447784 kB
MemTotal:        1844596 kB
MemFree:         1105984 kB
MemAvailable:    1500796 kB
Buffers:           56980 kB
Cached:           447784 kB
MemTotal:        1844596 kB
MemFree:         1104440 kB
MemAvailable:    1499252 kB
Buffers:           56980 kB
Cached:           447784 kB
MemTotal:        1844596 kB
MemFree:         1104356 kB
MemAvailable:    1499168 kB
Buffers:           56980 kB
Cached:           447784 kB
MemTotal:        1844596 kB
MemFree:         1104240 kB
MemAvailable:    1499052 kB
Buffers:           56980 kB
Cached:           447784 kB
MemTotal:        1844596 kB
MemFree:         1105480 kB
MemAvailable:    1500292 kB
Buffers:           56980 kB
Cached:           447784 kB
MemTotal:        1844596 kB
MemFree:         1105732 kB
MemAvailable:    1500544 kB
Buffers:           56980 kB
Cached:           447784 kB
MemTotal:        1844596 kB
MemFree:         1105412 kB
MemAvailable:    1500224 kB
Buffers:           56980 kB
Cached:           447784 kB
MemTotal:        1844596 kB
MemFree:         1104236 kB
MemAvailable:    1499048 kB
Buffers:           56980 kB
Cached:           447784 kB
MemTotal:        1844596 kB
MemFree:         1104236 kB
MemAvailable:    1499048 kB
Buffers:           56980 kB
Cached:           447784 kB
MemTotal:        1844596 kB
MemFree:         1104236 kB
MemAvailable:    1499048 kB
Buffers:           56980 kB
Cached:           447784 kB
MemTotal:        1844596 kB
MemFree:         1105052 kB
MemAvailable:    1499864 kB
Buffers:           56980 kB
Cached:           447784 kB
MemTotal:        1844596 kB
MemFree:         1104936 kB
MemAvailable:    1499748 kB
Buffers:           56980 kB
Cached:           447784 kB
MemTotal:        1844596 kB
MemFree:         1100272 kB
MemAvailable:    1495084 kB
Buffers:           56980 kB
Cached:           447784 kB
MemTotal:        1844596 kB
MemFree:         1096436 kB
MemAvailable:    1491248 kB
Buffers:           56980 kB
Cached:           447784 kB
MemTotal:        1844596 kB
MemFree:         1096560 kB
MemAvailable:    1491372 kB
Buffers:           56980 kB
Cached:           447784 kB
MemTotal:        1844596 kB
MemFree:         1096436 kB
MemAvailable:    1491248 kB
Buffers:           56980 kB
Cached:           447784 kB
MemTotal:        1844596 kB
MemFree:         1097620 kB
MemAvailable:    1492432 kB
Buffers:           56980 kB
Cached:           447784 kB
MemTotal:        1844596 kB
MemFree:         1097536 kB
MemAvailable:    1492348 kB
Buffers:           56980 kB
Cached:           447784 kB
MemTotal:        1844596 kB
MemFree:         1099496 kB
MemAvailable:    1494308 kB
Buffers:           56980 kB
Cached:           447784 kB
MemTotal:        1844596 kB
MemFree:         1097912 kB
MemAvailable:    1492724 kB
Buffers:           56980 kB
Cached:           447784 kB
MemTotal:        1844596 kB
MemFree:         1098028 kB
MemAvailable:    1492924 kB
Buffers:           56980 kB
Cached:           447908 kB
MemTotal:        1844596 kB
MemFree:         1098976 kB
MemAvailable:    1494124 kB
Buffers:           56980 kB
Cached:           448156 kB
MemTotal:        1844596 kB
MemFree:         1097676 kB
MemAvailable:    1492824 kB
Buffers:           56980 kB
Cached:           448156 kB
MemTotal:        1844596 kB
MemFree:         1098260 kB
MemAvailable:    1493576 kB
Buffers:           56980 kB
Cached:           448280 kB
MemTotal:        1844596 kB
MemFree:         1098288 kB
MemAvailable:    1493604 kB
Buffers:           56980 kB
Cached:           448280 kB
MemTotal:        1844596 kB
MemFree:         1098108 kB
MemAvailable:    1493508 kB
Buffers:           56980 kB
Cached:           448404 kB
MemTotal:        1844596 kB
MemFree:         1098088 kB
MemAvailable:    1493572 kB
Buffers:           56980 kB
Cached:           448404 kB
MemTotal:        1844596 kB
MemFree:         1098172 kB
MemAvailable:    1493656 kB
Buffers:           56980 kB
Cached:           448404 kB
MemTotal:        1844596 kB
MemFree:         1098116 kB
MemAvailable:    1493600 kB
Buffers:           56980 kB
Cached:           448528 kB
MemTotal:        1844596 kB
MemFree:         1098236 kB
MemAvailable:    1493720 kB
Buffers:           56980 kB
Cached:           448528 kB
MemTotal:        1844596 kB
MemFree:         1097420 kB
MemAvailable:    1492904 kB
Buffers:           56980 kB
Cached:           448528 kB
MemTotal:        1844596 kB
MemFree:         1098732 kB
MemAvailable:    1494216 kB
Buffers:           56980 kB
Cached:           448536 kB
MemTotal:        1844596 kB
MemFree:         1097500 kB
MemAvailable:    1492984 kB
Buffers:           56980 kB
Cached:           448536 kB
MemTotal:        1844596 kB
MemFree:         1097992 kB
MemAvailable:    1493476 kB
Buffers:           56980 kB
Cached:           448660 kB
MemTotal:        1844596 kB
MemFree:         1098328 kB
MemAvailable:    1493896 kB
Buffers:           56980 kB
Cached:           448660 kB
MemTotal:        1844596 kB
MemFree:         1144376 kB
MemAvailable:    1539188 kB
Buffers:           56980 kB
Cached:           447820 kB
