MemTotal:        1844596 kB
MemFree:         1387504 kB
MemAvailable:    1583540 kB
Buffers:           30824 kB
Cached:           281044 kB
MemTotal:        1844596 kB
MemFree:         1361928 kB
MemAvailable:    1557968 kB
Buffers:           30824 kB
Cached:           281048 kB
MemTotal:        1844596 kB
MemFree:         1357828 kB
MemAvailable:    1553868 kB
Buffers:           30824 kB
Cached:           281048 kB
MemTotal:        1844596 kB
MemFree:         1357472 kB
MemAvailable:    1553512 kB
Buffers:           30824 kB
Cached:           281048 kB
MemTotal:        1844596 kB
MemFree:         1357616 kB
MemAvailable:    1553660 kB
Buffers:           30824 kB
Cached:           281048 kB
MemTotal:        1844596 kB
MemFree:         1355480 kB
MemAvailable:    1551524 kB
Buffers:           30824 kB
Cached:           281048 kB
MemTotal:        1844596 kB
MemFree:         1355176 kB
MemAvailable:    1551220 kB
Buffers:           30824 kB
Cached:           281048 kB
MemTotal:        1844596 kB
MemFree:         1354976 kB
MemAvailable:    1551020 kB
Buffers:           30824 kB
Cached:           281048 kB
MemTotal:        1844596 kB
MemFree:         1350032 kB
MemAvailable:    1546076 kB
Buffers:           30824 kB
Cached:           281048 kB
MemTotal:        1844596 kB
MemFree:         1346560 kB
MemAvailable:    1542604 kB
Buffers:           30824 kB
Cached:           281048 kB
MemTotal:        1844596 kB
MemFree:         1345244 kB
MemAvailable:    1541288 kB
Buffers:           30824 kB
Cached:           281048 kB
MemTotal:        1844596 kB
MemFree:         1345124 kB
MemAvailable:    1541168 kB
Buffers:           30824 kB
Cached:           281048 kB
MemTotal:        1844596 kB
MemFree:         1346296 kB
MemAvailable:    1542340 kB
Buffers:           30824 kB
Cached:           281048 kB
MemTotal:        1844596 kB
MemFree:         1346540 kB
MemAvailable:    1542584 kB
Buffers:           30824 kB
Cached:           281048 kB
MemTotal:        1844596 kB
MemFree:         1346296 kB
MemAvailable:    1542340 kB
Buffers:           30824 kB
Cached:           281048 kB
MemTotal:        1844596 kB
MemFree:         1346188 kB
MemAvailable:    1542232 kB
Buffers:           30824 kB
Cached:           281048 kB
MemTotal:        1844596 kB
MemFree:         1345752 kB
MemAvailable:    1541796 kB
Buffers:           30824 kB
Cached:           281048 kB
MemTotal:        1844596 kB
MemFree:         1343956 kB
MemAvailable:    1540000 kB
Buffers:           30824 kB
Cached:           281048 kB
MemTotal:        1844596 kB
MemFree:         1344516 kB
MemAvailable:    1540560 kB
Buffers:           30824 kB
Cached:           281048 kB
MemTotal:        1844596 kB
MemFree:         1344072 kB
MemAvailable:    1540116 kB
Buffers:           30824 kB
Cached:           281048 kB
MemTotal:        1844596 kB
MemFree:         1342908 kB
MemAvailable:    1538952 kB
Buffers:           30824 kB
Cached:           281048 kB
MemTotal:        1844596 kB
MemFree:         1342784 kB
MemAvailable:    1538828 kB
Buffers:           30824 kB
Cached:           281048 kB
MemTotal:        1844596 kB
MemFree:         1344008 kB
MemAvailable:    1540052 kB
Buffers:           30824 kB
Cached:           281048 kB
MemTotal:        1844596 kB
MemFree:         1343708 kB
MemAvailable:    1539752 kB
Buffers:           30824 kB
Cached:           281048 kB
MemTotal:        1844596 kB
MemFree:         1343952 kB
MemAvailable:    1539996 kB
Buffers:           30824 kB
Cached:           281048 kB
MemTotal:        1844596 kB
MemFree:         1344184 kB
MemAvailable:    1540228 kB
Buffers:           30824 kB
Cached:           281048 kB
MemTotal:        1844596 kB
MemFree:         1344144 kB
MemAvailable:    1540188 kB
Buffers:           30824 kB
Cached:           281048 kB
MemTotal:        1844596 kB
MemFree:         1345292 kB
MemAvailable:    1541336 kB
Buffers:           30824 kB
Cached:           281048 kB
MemTotal:        1844596 kB
MemFree:         1345444 kB
MemAvailable:    1541488 kB
Buffers:           30824 kB
Cached:           281048 kB
MemTotal:        1844596 kB
MemFree:         1342328 kB
MemAvailable:    1538372 kB
Buffers:           30824 kB
Cached:           281048 kB
MemTotal:        1844596 kB
MemFree:         1342096 kB
MemAvailable:    1538140 kB
Buffers:           30824 kB
Cached:           281048 kB
MemTotal:        1844596 kB
MemFree:         1341724 kB
MemAvailable:    1537768 kB
Buffers:           30824 kB
Cached:           281048 kB
MemTotal:        1844596 kB
MemFree:         1340840 kB
MemAvailable:    1536884 kB
Buffers:           30824 kB
Cached:           281048 kB
MemTotal:        1844596 kB
MemFree:         1340236 kB
MemAvailable:    1536280 kB
Buffers:           30824 kB
Cached:           281048 kB
MemTotal:        1844596 kB
MemFree:         1340088 kB
MemAvailable:    1536132 kB
Buffers:           30824 kB
Cached:           281048 kB
MemTotal:        1844596 kB
MemFree:         1340424 kB
MemAvailable:    1536468 kB
Buffers:           30824 kB
Cached:           281048 kB
MemTotal:        1844596 kB
MemFree:         1338740 kB
MemAvailable:    1534784 kB
Buffers:           30824 kB
Cached:           281048 kB
MemTotal:        1844596 kB
MemFree:         1339916 kB
MemAvailable:    1535960 kB
Buffers:           30824 kB
Cached:           281048 kB
MemTotal:        1844596 kB
MemFree:         1339792 kB
MemAvailable:    1535836 kB
Buffers:           30824 kB
Cached:           281048 kB
MemTotal:        1844596 kB
MemFree:         1338616 kB
MemAvailable:    1534660 kB
Buffers:           30824 kB
Cached:           281048 kB
MemTotal:        1844596 kB
MemFree:         1339736 kB
MemAvailable:    1535780 kB
Buffers:           30824 kB
Cached:           281048 kB
MemTotal:        1844596 kB
MemFree:         1338376 kB
MemAvailable:    1534420 kB
Buffers:           30824 kB
Cached:           281048 kB
MemTotal:        1844596 kB
MemFree:         1339616 kB
MemAvailable:    1535660 kB
Buffers:           30824 kB
Cached:           281048 kB
MemTotal:        1844596 kB
MemFree:         1338004 kB
MemAvailable:    1534048 kB
Buffers:           30824 kB
Cached:           281048 kB
MemTotal:        1844596 kB
MemFree:         1338824 kB
MemAvailable:    1534868 kB
Buffers:           30824 kB
Cached:           281048 kB
MemTotal:        1844596 kB
MemFree:         1337368 kB
MemAvailable:    1533412 kB
Buffers:           30824 kB
Cached:           281048 kB
MemTotal:        1844596 kB
MemFree:         1337608 kB
MemAvailable:    1533652 kB
Buffers:           30824 kB
Cached:           281048 kB
MemTotal:        1844596 kB
MemFree:         1337740 kB
MemAvailable:    1533784 kB
Buffers:           30824 kB
Cached:           281048 kB
MemTotal:        1844596 kB
MemFree:         1339040 kB
MemAvailable:    1535084 kB
Buffers:           30824 kB
Cached:           281048 kB
MemTotal:        1844596 kB
MemFree:         1337312 kB
MemAvailable:    1533356 kB
Buffers:           30824 kB
Cached:           281048 kB
MemTotal:        1844596 kB
MemFree:         1337476 kB
MemAvailable:    1533520 kB
Buffers:           30824 kB
Cached:           281048 kB
MemTotal:        1844596 kB
MemFree:         1337600 kB
MemAvailable:    1533644 kB
Buffers:           30824 kB
Cached:           281048 kB
MemTotal:        1844596 kB
MemFree:         1337840 kB
MemAvailable:    1533884 kB
Buffers:           30824 kB
Cached:           281048 kB
MemTotal:        1844596 kB
MemFree:         1337716 kB
MemAvailable:    1533760 kB
Buffers:           30824 kB
Cached:           281048 kB
MemTotal:        1844596 kB
MemFree:         1338808 kB
MemAvailable:    1534852 kB
Buffers:           30824 kB
Cached:           281048 kB
MemTotal:        1844596 kB
MemFree:         1337508 kB
MemAvailable:    1533552 kB
Buffers:           30824 kB
Cached:           281048 kB
MemTotal:        1844596 kB
MemFree:         1337244 kB
MemAvailable:    1533288 kB
Buffers:           30824 kB
Cached:           281048 kB
MemTotal:        1844596 kB
MemFree:         1338552 kB
MemAvailable:    1534596 kB
Buffers:           30824 kB
Cached:           281048 kB
MemTotal:        1844596 kB
MemFree:         1337260 kB
MemAvailable:    1533304 kB
Buffers:           30824 kB
Cached:           281048 kB
MemTotal:        1844596 kB
MemFree:         1338356 kB
MemAvailable:    1534400 kB
Buffers:           30824 kB
Cached:           281048 kB
MemTotal:        1844596 kB
MemFree:         1337128 kB
MemAvailable:    1533172 kB
Buffers:           30824 kB
Cached:           281048 kB
MemTotal:        1844596 kB
MemFree:         1336880 kB
MemAvailable:    1532924 kB
Buffers:           30824 kB
Cached:           281048 kB
MemTotal:        1844596 kB
MemFree:         1338180 kB
MemAvailable:    1534224 kB
Buffers:           30824 kB
Cached:           281048 kB
MemTotal:        1844596 kB
MemFree:         1336748 kB
MemAvailable:    1532792 kB
Buffers:           30824 kB
Cached:           281048 kB
MemTotal:        1844596 kB
MemFree:         1337816 kB
MemAvailable:    1533860 kB
Buffers:           30824 kB
Cached:           281048 kB
MemTotal:        1844596 kB
MemFree:         1336888 kB
MemAvailable:    1532932 kB
Buffers:           30824 kB
Cached:           281048 kB
MemTotal:        1844596 kB
MemFree:         1337804 kB
MemAvailable:    1533848 kB
Buffers:           30824 kB
Cached:           281048 kB
MemTotal:        1844596 kB
MemFree:         1337120 kB
MemAvailable:    1533164 kB
Buffers:           30824 kB
Cached:           281048 kB
MemTotal:        1844596 kB
MemFree:         1336764 kB
MemAvailable:    1532808 kB
Buffers:           30824 kB
Cached:           281048 kB
MemTotal:        1844596 kB
MemFree:         1333972 kB
MemAvailable:    1530016 kB
Buffers:           30824 kB
Cached:           281048 kB
MemTotal:        1844596 kB
MemFree:         1332360 kB
MemAvailable:    1528404 kB
Buffers:           30824 kB
Cached:           281048 kB
MemTotal:        1844596 kB
MemFree:         1330300 kB
MemAvailable:    1526344 kB
Buffers:           30824 kB
Cached:           281048 kB
MemTotal:        1844596 kB
MemFree:         1330384 kB
MemAvailable:    1526428 kB
Buffers:           30824 kB
Cached:           281048 kB
MemTotal:        1844596 kB
MemFree:         1329012 kB
MemAvailable:    1525060 kB
Buffers:           30824 kB
Cached:           281052 kB
MemTotal:        1844596 kB
MemFree:         1329020 kB
MemAvailable:    1525068 kB
Buffers:           30824 kB
Cached:           281052 kB
MemTotal:        1844596 kB
MemFree:         1330052 kB
MemAvailable:    1526104 kB
Buffers:           30824 kB
Cached:           281056 kB
MemTotal:        1844596 kB
MemFree:         1329820 kB
MemAvailable:    1525872 kB
Buffers:           30824 kB
Cached:           281056 kB
MemTotal:        1844596 kB
MemFree:         1329876 kB
MemAvailable:    1525928 kB
Buffers:           30824 kB
Cached:           281056 kB
MemTotal:        1844596 kB
MemFree:         1329876 kB
MemAvailable:    1525928 kB
Buffers:           30824 kB
Cached:           281056 kB
MemTotal:        1844596 kB
MemFree:         1330056 kB
MemAvailable:    1526108 kB
Buffers:           30824 kB
Cached:           281056 kB
MemTotal:        1844596 kB
MemFree:         1328636 kB
MemAvailable:    1524688 kB
Buffers:           30824 kB
Cached:           281056 kB
MemTotal:        1844596 kB
MemFree:         1328680 kB
MemAvailable:    1524732 kB
Buffers:           30824 kB
Cached:           281056 kB
MemTotal:        1844596 kB
MemFree:         1328680 kB
MemAvailable:    1524732 kB
Buffers:           30824 kB
Cached:           281056 kB
MemTotal:        1844596 kB
MemFree:         1328648 kB
MemAvailable:    1524700 kB
Buffers:           30824 kB
Cached:           281056 kB
MemTotal:        1844596 kB
MemFree:         1328524 kB
MemAvailable:    1524576 kB
Buffers:           30824 kB
Cached:           281056 kB
MemTotal:        1844596 kB
MemFree:         1329432 kB
MemAvailable:    1525484 kB
Buffers:           30824 kB
Cached:           281056 kB
MemTotal:        1844596 kB
MemFree:         1328828 kB
MemAvailable:    1524756 kB
Buffers:           30824 kB
Cached:           281056 kB
MemTotal:        1844596 kB
MemFree:         1327896 kB
MemAvailable:    1523948 kB
Buffers:           30824 kB
Cached:           281056 kB
MemTotal:        1844596 kB
MemFree:         1327712 kB
MemAvailable:    1523764 kB
Buffers:           30824 kB
Cached:           281056 kB
MemTotal:        1844596 kB
MemFree:         1327340 kB
MemAvailable:    1523392 kB
Buffers:           30824 kB
Cached:           281056 kB
MemTotal:        1844596 kB
MemFree:         1327208 kB
MemAvailable:    1523260 kB
Buffers:           30824 kB
Cached:           281056 kB
MemTotal:        1844596 kB
MemFree:         1328332 kB
MemAvailable:    1524384 kB
Buffers:           30824 kB
Cached:           281056 kB
MemTotal:        1844596 kB
MemFree:         1327068 kB
MemAvailable:    1523120 kB
Buffers:           30824 kB
Cached:           281056 kB
MemTotal:        1844596 kB
MemFree:         1326960 kB
MemAvailable:    1523012 kB
Buffers:           30824 kB
Cached:           281056 kB
MemTotal:        1844596 kB
MemFree:         1326656 kB
MemAvailable:    1522708 kB
Buffers:           30824 kB
Cached:           281056 kB
MemTotal:        1844596 kB
MemFree:         1325480 kB
MemAvailable:    1521532 kB
Buffers:           30824 kB
Cached:           281056 kB
MemTotal:        1844596 kB
MemFree:         1326196 kB
MemAvailable:    1522248 kB
Buffers:           30824 kB
Cached:           281056 kB
MemTotal:        1844596 kB
MemFree:         1326532 kB
MemAvailable:    1522584 kB
Buffers:           30824 kB
Cached:           281056 kB
MemTotal:        1844596 kB
MemFree:         1324964 kB
MemAvailable:    1521016 kB
Buffers:           30824 kB
Cached:           281056 kB
MemTotal:        1844596 kB
MemFree:         1324964 kB
MemAvailable:    1521016 kB
Buffers:           30824 kB
Cached:           281056 kB
MemTotal:        1844596 kB
MemFree:         1325336 kB
MemAvailable:    1521388 kB
Buffers:           30824 kB
Cached:           281056 kB
MemTotal:        1844596 kB
MemFree:         1326188 kB
MemAvailable:    1522240 kB
Buffers:           30824 kB
Cached:           281056 kB
MemTotal:        1844596 kB
MemFree:         1326188 kB
MemAvailable:    1522240 kB
Buffers:           30824 kB
Cached:           281056 kB
MemTotal:        1844596 kB
MemFree:         1326140 kB
MemAvailable:    1522192 kB
Buffers:           30824 kB
Cached:           281056 kB
MemTotal:        1844596 kB
MemFree:         1324800 kB
MemAvailable:    1520852 kB
Buffers:           30824 kB
Cached:           281056 kB
MemTotal:        1844596 kB
MemFree:         1325588 kB
MemAvailable:    1521640 kB
Buffers:           30824 kB
Cached:           281056 kB
MemTotal:        1844596 kB
MemFree:         1325588 kB
MemAvailable:    1521640 kB
Buffers:           30832 kB
Cached:           281048 kB
MemTotal:        1844596 kB
MemFree:         1321612 kB
MemAvailable:    1517664 kB
Buffers:           30836 kB
Cached:           281044 kB
MemTotal:        1844596 kB
MemFree:         1321016 kB
MemAvailable:    1517068 kB
Buffers:           30836 kB
Cached:           281044 kB
MemTotal:        1844596 kB
MemFree:         1318348 kB
MemAvailable:    1514400 kB
Buffers:           30836 kB
Cached:           281044 kB
MemTotal:        1844596 kB
MemFree:         1317048 kB
MemAvailable:    1513100 kB
Buffers:           30836 kB
Cached:           281044 kB
MemTotal:        1844596 kB
MemFree:         1318116 kB
MemAvailable:    1514168 kB
Buffers:           30836 kB
Cached:           281044 kB
MemTotal:        1844596 kB
MemFree:         1317048 kB
MemAvailable:    1513100 kB
Buffers:           30836 kB
Cached:           281044 kB
MemTotal:        1844596 kB
MemFree:         1318088 kB
MemAvailable:    1514140 kB
Buffers:           30836 kB
Cached:           281044 kB
MemTotal:        1844596 kB
MemFree:         1318184 kB
MemAvailable:    1514236 kB
Buffers:           30836 kB
Cached:           281044 kB
MemTotal:        1844596 kB
MemFree:         1320256 kB
MemAvailable:    1516308 kB
Buffers:           30836 kB
Cached:           281044 kB
MemTotal:        1844596 kB
MemFree:         1319628 kB
MemAvailable:    1515764 kB
Buffers:           30836 kB
Cached:           281168 kB
MemTotal:        1844596 kB
MemFree:         1319964 kB
MemAvailable:    1516100 kB
Buffers:           30836 kB
Cached:           281168 kB
MemTotal:        1844596 kB
MemFree:         1319528 kB
MemAvailable:    1515916 kB
Buffers:           30836 kB
Cached:           281416 kB
MemTotal:        1844596 kB
MemFree:         1317860 kB
MemAvailable:    1514248 kB
Buffers:           30836 kB
Cached:           281416 kB
MemTotal:        1844596 kB
MemFree:         1319096 kB
MemAvailable:    1515652 kB
Buffers:           30836 kB
Cached:           281664 kB
MemTotal:        1844596 kB
MemFree:         1317716 kB
MemAvailable:    1514356 kB
Buffers:           30836 kB
Cached:           281664 kB
MemTotal:        1844596 kB
MemFree:         1318964 kB
MemAvailable:    1515604 kB
Buffers:           30836 kB
Cached:           281664 kB
MemTotal:        1844596 kB
MemFree:         1318900 kB
MemAvailable:    1515540 kB
Buffers:           30836 kB
Cached:           281664 kB
MemTotal:        1844596 kB
MemFree:         1319024 kB
MemAvailable:    1515664 kB
Buffers:           30836 kB
Cached:           281664 kB
MemTotal:        1844596 kB
MemFree:         1319088 kB
MemAvailable:    1515728 kB
Buffers:           30836 kB
Cached:           281664 kB
MemTotal:        1844596 kB
MemFree:         1317584 kB
MemAvailable:    1514224 kB
Buffers:           30836 kB
Cached:           281664 kB
MemTotal:        1844596 kB
MemFree:         1318956 kB
MemAvailable:    1515680 kB
Buffers:           30836 kB
Cached:           281788 kB
MemTotal:        1844596 kB
MemFree:         1319380 kB
MemAvailable:    1515516 kB
Buffers:           30836 kB
Cached:           281116 kB
MemTotal:        1844596 kB
MemFree:         1356924 kB
MemAvailable:    1553060 kB
Buffers:           30836 kB
Cached:           281116 kB
