MemTotal:        1844596 kB
MemFree:         1171008 kB
MemAvailable:    1561816 kB
Buffers:           56592 kB
Cached:           444480 kB
MemTotal:        1844596 kB
MemFree:         1143416 kB
MemAvailable:    1534228 kB
Buffers:           56592 kB
Cached:           444484 kB
MemTotal:        1844596 kB
MemFree:         1141240 kB
MemAvailable:    1531928 kB
Buffers:           56592 kB
Cached:           444484 kB
MemTotal:        1844596 kB
MemFree:         1139712 kB
MemAvailable:    1530524 kB
Buffers:           56592 kB
Cached:           444484 kB
MemTotal:        1844596 kB
MemFree:         1138652 kB
MemAvailable:    1529464 kB
Buffers:           56592 kB
Cached:           444484 kB
MemTotal:        1844596 kB
MemFree:         1139836 kB
MemAvailable:    1530648 kB
Buffers:           56592 kB
Cached:           444484 kB
MemTotal:        1844596 kB
MemFree:         1139024 kB
MemAvailable:    1529836 kB
Buffers:           56592 kB
Cached:           444484 kB
MemTotal:        1844596 kB
MemFree:         1137100 kB
MemAvailable:    1527912 kB
Buffers:           56592 kB
Cached:           444484 kB
MemTotal:        1844596 kB
MemFree:         1134188 kB
MemAvailable:    1525000 kB
Buffers:           56592 kB
Cached:           444484 kB
MemTotal:        1844596 kB
MemFree:         1133444 kB
MemAvailable:    1524256 kB
Buffers:           56592 kB
Cached:           444484 kB
MemTotal:        1844596 kB
MemFree:         1130092 kB
MemAvailable:    1520904 kB
Buffers:           56592 kB
Cached:           444484 kB
MemTotal:        1844596 kB
MemFree:         1130136 kB
MemAvailable:    1520948 kB
Buffers:           56592 kB
Cached:           444484 kB
MemTotal:        1844596 kB
MemFree:         1128772 kB
MemAvailable:    1519584 kB
Buffers:           56592 kB
Cached:           444484 kB
MemTotal:        1844596 kB
MemFree:         1129756 kB
MemAvailable:    1520568 kB
Buffers:           56592 kB
Cached:           444484 kB
MemTotal:        1844596 kB
MemFree:         1129924 kB
MemAvailable:    1520736 kB
Buffers:           56592 kB
Cached:           444484 kB
MemTotal:        1844596 kB
MemFree:         1129528 kB
MemAvailable:    1520340 kB
Buffers:           56592 kB
Cached:           444484 kB
MemTotal:        1844596 kB
MemFree:         1129352 kB
MemAvailable:    1520164 kB
Buffers:           56592 kB
Cached:           444484 kB
MemTotal:        1844596 kB
MemFree:         1128420 kB
MemAvailable:    1519232 kB
Buffers:           56592 kB
Cached:           444484 kB
MemTotal:        1844596 kB
MemFree:         1127616 kB
MemAvailable:    1518428 kB
Buffers:           56592 kB
Cached:           444484 kB
MemTotal:        1844596 kB
MemFree:         1127464 kB
MemAvailable:    1518276 kB
Buffers:           56592 kB
Cached:           444484 kB
MemTotal:        1844596 kB
MemFree:         1127716 kB
MemAvailable:    1518528 kB
Buffers:           56592 kB
Cached:           444484 kB
MemTotal:        1844596 kB
MemFree:         1127464 kB
MemAvailable:    1518276 kB
Buffers:           56592 kB
Cached:           444484 kB
MemTotal:        1844596 kB
MemFree:         1127368 kB
MemAvailable:    1518180 kB
Buffers:           56592 kB
Cached:           444484 kB
MemTotal:        1844596 kB
MemFree:         1127664 kB
MemAvailable:    1518476 kB
Buffers:           56592 kB
Cached:           444484 kB
MemTotal:        1844596 kB
MemFree:         1126748 kB
MemAvailable:    1517560 kB
Buffers:           56592 kB
Cached:           444484 kB
MemTotal:        1844596 kB
MemFree:         1127576 kB
MemAvailable:    1518388 kB
Buffers:           56592 kB
Cached:           444484 kB
MemTotal:        1844596 kB
MemFree:         1126252 kB
MemAvailable:    1517064 kB
Buffers:           56592 kB
Cached:           444484 kB
MemTotal:        1844596 kB
MemFree:         1128940 kB
MemAvailable:    1519752 kB
Buffers:           56592 kB
Cached:           444484 kB
MemTotal:        1844596 kB
MemFree:         1128916 kB
MemAvailable:    1519728 kB
Buffers:           56592 kB
Cached:           444484 kB
MemTotal:        1844596 kB
MemFree:         1127120 kB
MemAvailable:    1517932 kB
Buffers:           56592 kB
Cached:           444484 kB
MemTotal:        1844596 kB
MemFree:         1125368 kB
MemAvailable:    1516180 kB
Buffers:           56592 kB
Cached:           444484 kB
MemTotal:        1844596 kB
MemFree:         1125620 kB
MemAvailable:    1516432 kB
Buffers:           56592 kB
Cached:           444484 kB
MemTotal:        1844596 kB
MemFree:         1123764 kB
MemAvailable:    1514576 kB
Buffers:           56592 kB
Cached:           444484 kB
MemTotal:        1844596 kB
MemFree:         1124452 kB
MemAvailable:    1515264 kB
Buffers:           56592 kB
Cached:           444484 kB
MemTotal:        1844596 kB
MemFree:         1122904 kB
MemAvailable:    1513716 kB
Buffers:           56592 kB
Cached:           444484 kB
MemTotal:        1844596 kB
MemFree:         1123584 kB
MemAvailable:    1514396 kB
Buffers:           56592 kB
Cached:           444484 kB
MemTotal:        1844596 kB
MemFree:         1123460 kB
MemAvailable:    1514272 kB
Buffers:           56592 kB
Cached:           444484 kB
MemTotal:        1844596 kB
MemFree:         1123332 kB
MemAvailable:    1514144 kB
Buffers:           56592 kB
Cached:           444484 kB
MemTotal:        1844596 kB
MemFree:         1122904 kB
MemAvailable:    1513716 kB
Buffers:           56592 kB
Cached:           444484 kB
MemTotal:        1844596 kB
MemFree:         1123196 kB
MemAvailable:    1514008 kB
Buffers:           56592 kB
Cached:           444484 kB
MemTotal:        1844596 kB
MemFree:         1122144 kB
MemAvailable:    1512956 kB
Buffers:           56592 kB
Cached:           444484 kB
MemTotal:        1844596 kB
MemFree:         1123212 kB
MemAvailable:    1514024 kB
Buffers:           56592 kB
Cached:           444484 kB
MemTotal:        1844596 kB
MemFree:         1122780 kB
MemAvailable:    1513596 kB
Buffers:           56592 kB
Cached:           444488 kB
MemTotal:        1844596 kB
MemFree:         1122764 kB
MemAvailable:    1513580 kB
Buffers:           56592 kB
Cached:           444488 kB
MemTotal:        1844596 kB
MemFree:         1121020 kB
MemAvailable:    1511836 kB
Buffers:           56592 kB
Cached:           444488 kB
MemTotal:        1844596 kB
MemFree:         1122336 kB
MemAvailable:    1513152 kB
Buffers:           56592 kB
Cached:           444488 kB
MemTotal:        1844596 kB
MemFree:         1122588 kB
MemAvailable:    1513404 kB
Buffers:           56592 kB
Cached:           444488 kB
MemTotal:        1844596 kB
MemFree:         1122444 kB
MemAvailable:    1513260 kB
Buffers:           56592 kB
Cached:           444488 kB
MemTotal:        1844596 kB
MemFree:         1122440 kB
MemAvailable:    1513256 kB
Buffers:           56592 kB
Cached:           444488 kB
MemTotal:        1844596 kB
MemFree:         1122484 kB
MemAvailable:    1513300 kB
Buffers:           56592 kB
Cached:           444488 kB
MemTotal:        1844596 kB
MemFree:         1122484 kB
MemAvailable:    1513300 kB
Buffers:           56592 kB
Cached:           444488 kB
MemTotal:        1844596 kB
MemFree:         1121080 kB
MemAvailable:    1511896 kB
Buffers:           56592 kB
Cached:           444488 kB
MemTotal:        1844596 kB
MemFree:         1121088 kB
MemAvailable:    1511904 kB
Buffers:           56592 kB
Cached:           444488 kB
MemTotal:        1844596 kB
MemFree:         1122160 kB
MemAvailable:    1512976 kB
Buffers:           56592 kB
Cached:           444488 kB
MemTotal:        1844596 kB
MemFree:         1120788 kB
MemAvailable:    1511604 kB
Buffers:           56592 kB
Cached:           444488 kB
MemTotal:        1844596 kB
MemFree:         1121848 kB
MemAvailable:    1512664 kB
Buffers:           56592 kB
Cached:           444488 kB
MemTotal:        1844596 kB
MemFree:         1121592 kB
MemAvailable:    1512408 kB
Buffers:           56592 kB
Cached:           444488 kB
MemTotal:        1844596 kB
MemFree:         1121740 kB
MemAvailable:    1512556 kB
Buffers:           56592 kB
Cached:           444488 kB
MemTotal:        1844596 kB
MemFree:         1121400 kB
MemAvailable:    1512216 kB
Buffers:           56592 kB
Cached:           444488 kB
MemTotal:        1844596 kB
MemFree:         1121044 kB
MemAvailable:    1511860 kB
Buffers:           56592 kB
Cached:           444488 kB
MemTotal:        1844596 kB
MemFree:         1119988 kB
MemAvailable:    1510804 kB
Buffers:           56592 kB
Cached:           444488 kB
MemTotal:        1844596 kB
MemFree:         1121388 kB
MemAvailable:    1512204 kB
Buffers:           56592 kB
Cached:           444488 kB
MemTotal:        1844596 kB
MemFree:         1121292 kB
MemAvailable:    1512108 kB
Buffers:           56592 kB
Cached:           444488 kB
MemTotal:        1844596 kB
MemFree:         1121220 kB
MemAvailable:    1512036 kB
Buffers:           56592 kB
Cached:           444488 kB
MemTotal:        1844596 kB
MemFree:         1120908 kB
MemAvailable:    1511724 kB
Buffers:           56592 kB
Cached:           444488 kB
MemTotal:        1844596 kB
MemFree:         1121328 kB
MemAvailable:    1512144 kB
Buffers:           56592 kB
Cached:           444488 kB
MemTotal:        1844596 kB
MemFree:         1119184 kB
MemAvailable:    1510000 kB
Buffers:           56592 kB
Cached:           444488 kB
MemTotal:        1844596 kB
MemFree:         1117200 kB
MemAvailable:    1508016 kB
Buffers:           56592 kB
Cached:           444488 kB
MemTotal:        1844596 kB
MemFree:         1114464 kB
MemAvailable:    1505280 kB
Buffers:           56592 kB
Cached:           444488 kB
MemTotal:        1844596 kB
MemFree:         1112736 kB
MemAvailable:    1503552 kB
Buffers:           56592 kB
Cached:           444488 kB
MemTotal:        1844596 kB
MemFree:         1112488 kB
MemAvailable:    1503304 kB
Buffers:           56592 kB
Cached:           444488 kB
MemTotal:        1844596 kB
MemFree:         1112232 kB
MemAvailable:    1503048 kB
Buffers:           56592 kB
Cached:           444488 kB
MemTotal:        1844596 kB
MemFree:         1113636 kB
MemAvailable:    1504452 kB
Buffers:           56592 kB
Cached:           444488 kB
MemTotal:        1844596 kB
MemFree:         1113420 kB
MemAvailable:    1504236 kB
Buffers:           56592 kB
Cached:           444488 kB
MemTotal:        1844596 kB
MemFree:         1113476 kB
MemAvailable:    1504292 kB
Buffers:           56592 kB
Cached:           444488 kB
MemTotal:        1844596 kB
MemFree:         1112212 kB
MemAvailable:    1503028 kB
Buffers:           56592 kB
Cached:           444488 kB
MemTotal:        1844596 kB
MemFree:         1113308 kB
MemAvailable:    1504124 kB
Buffers:           56592 kB
Cached:           444488 kB
MemTotal:        1844596 kB
MemFree:         1113232 kB
MemAvailable:    1504048 kB
Buffers:           56592 kB
Cached:           444488 kB
MemTotal:        1844596 kB
MemFree:         1113528 kB
MemAvailable:    1504344 kB
Buffers:           56592 kB
Cached:           444488 kB
MemTotal:        1844596 kB
MemFree:         1113356 kB
MemAvailable:    1504172 kB
Buffers:           56592 kB
Cached:           444488 kB
MemTotal:        1844596 kB
MemFree:         1112300 kB
MemAvailable:    1503116 kB
Buffers:           56592 kB
Cached:           444488 kB
MemTotal:        1844596 kB
MemFree:         1113512 kB
MemAvailable:    1504328 kB
Buffers:           56592 kB
Cached:           444488 kB
MemTotal:        1844596 kB
MemFree:         1113564 kB
MemAvailable:    1504380 kB
Buffers:           56592 kB
Cached:           444488 kB
MemTotal:        1844596 kB
MemFree:         1112860 kB
MemAvailable:    1503676 kB
Buffers:           56592 kB
Cached:           444488 kB
MemTotal:        1844596 kB
MemFree:         1112604 kB
MemAvailable:    1503420 kB
Buffers:           56592 kB
Cached:           444488 kB
MemTotal:        1844596 kB
MemFree:         1112448 kB
MemAvailable:    1503264 kB
Buffers:           56592 kB
Cached:           444488 kB
MemTotal:        1844596 kB
MemFree:         1111888 kB
MemAvailable:    1502704 kB
Buffers:           56592 kB
Cached:           444488 kB
MemTotal:        1844596 kB
MemFree:         1110628 kB
MemAvailable:    1501444 kB
Buffers:           56592 kB
Cached:           444488 kB
MemTotal:        1844596 kB
MemFree:         1110744 kB
MemAvailable:    1501560 kB
Buffers:           56592 kB
Cached:           444488 kB
MemTotal:        1844596 kB
MemFree:         1110836 kB
MemAvailable:    1501652 kB
Buffers:           56592 kB
Cached:           444488 kB
MemTotal:        1844596 kB
MemFree:         1110564 kB
MemAvailable:    1501380 kB
Buffers:           56592 kB
Cached:           444488 kB
MemTotal:        1844596 kB
MemFree:         1110704 kB
MemAvailable:    1501520 kB
Buffers:           56592 kB
Cached:           444488 kB
MemTotal:        1844596 kB
MemFree:         1110380 kB
MemAvailable:    1501196 kB
Buffers:           56592 kB
Cached:           444488 kB
MemTotal:        1844596 kB
MemFree:         1110008 kB
MemAvailable:    1500824 kB
Buffers:           56592 kB
Cached:           444488 kB
MemTotal:        1844596 kB
MemFree:         1109496 kB
MemAvailable:    1500312 kB
Buffers:           56592 kB
Cached:           444488 kB
MemTotal:        1844596 kB
MemFree:         1109140 kB
MemAvailable:    1499956 kB
Buffers:           56592 kB
Cached:           444488 kB
MemTotal:        1844596 kB
MemFree:         1109568 kB
MemAvailable:    1500384 kB
Buffers:           56592 kB
Cached:           444488 kB
MemTotal:        1844596 kB
MemFree:         1109264 kB
MemAvailable:    1500080 kB
Buffers:           56592 kB
Cached:           444488 kB
MemTotal:        1844596 kB
MemFree:         1109316 kB
MemAvailable:    1500132 kB
Buffers:           56592 kB
Cached:           444488 kB
MemTotal:        1844596 kB
MemFree:         1108756 kB
MemAvailable:    1499572 kB
Buffers:           56592 kB
Cached:           444488 kB
MemTotal:        1844596 kB
MemFree:         1108116 kB
MemAvailable:    1498932 kB
Buffers:           56592 kB
Cached:           444488 kB
MemTotal:        1844596 kB
MemFree:         1109492 kB
MemAvailable:    1500308 kB
Buffers:           56592 kB
Cached:           444488 kB
MemTotal:        1844596 kB
MemFree:         1108272 kB
MemAvailable:    1499088 kB
Buffers:           56592 kB
Cached:           444488 kB
MemTotal:        1844596 kB
MemFree:         1109124 kB
MemAvailable:    1499940 kB
Buffers:           56592 kB
Cached:           444488 kB
MemTotal:        1844596 kB
MemFree:         1108768 kB
MemAvailable:    1499584 kB
Buffers:           56592 kB
Cached:           444488 kB
MemTotal:        1844596 kB
MemFree:         1100708 kB
MemAvailable:    1491524 kB
Buffers:           56592 kB
Cached:           444488 kB
MemTotal:        1844596 kB
MemFree:         1101760 kB
MemAvailable:    1492576 kB
Buffers:           56592 kB
Cached:           444488 kB
MemTotal:        1844596 kB
MemFree:         1101860 kB
MemAvailable:    1492676 kB
Buffers:           56592 kB
Cached:           444488 kB
MemTotal:        1844596 kB
MemFree:         1100452 kB
MemAvailable:    1491276 kB
Buffers:           56592 kB
Cached:           444496 kB
MemTotal:        1844596 kB
MemFree:         1101628 kB
MemAvailable:    1492452 kB
Buffers:           56592 kB
Cached:           444496 kB
MemTotal:        1844596 kB
MemFree:         1101628 kB
MemAvailable:    1492452 kB
Buffers:           56592 kB
Cached:           444496 kB
MemTotal:        1844596 kB
MemFree:         1102420 kB
MemAvailable:    1493244 kB
Buffers:           56592 kB
Cached:           444496 kB
MemTotal:        1844596 kB
MemFree:         1103272 kB
MemAvailable:    1494096 kB
Buffers:           56592 kB
Cached:           444496 kB
MemTotal:        1844596 kB
MemFree:         1101940 kB
MemAvailable:    1492848 kB
Buffers:           56592 kB
Cached:           444620 kB
MemTotal:        1844596 kB
MemFree:         1102656 kB
MemAvailable:    1493732 kB
Buffers:           56592 kB
Cached:           444868 kB
MemTotal:        1844596 kB
MemFree:         1102908 kB
MemAvailable:    1493984 kB
Buffers:           56592 kB
Cached:           444868 kB
MemTotal:        1844596 kB
MemFree:         1101388 kB
MemAvailable:    1492632 kB
Buffers:           56592 kB
Cached:           444992 kB
MemTotal:        1844596 kB
MemFree:         1101644 kB
MemAvailable:    1492972 kB
Buffers:           56592 kB
Cached:           445116 kB
MemTotal:        1844596 kB
MemFree:         1102636 kB
MemAvailable:    1494048 kB
Buffers:           56592 kB
Cached:           445240 kB
MemTotal:        1844596 kB
MemFree:         1101700 kB
MemAvailable:    1493112 kB
Buffers:           56592 kB
Cached:           445240 kB
MemTotal:        1844596 kB
MemFree:         1102368 kB
MemAvailable:    1493780 kB
Buffers:           56592 kB
Cached:           445240 kB
MemTotal:        1844596 kB
MemFree:         1101020 kB
MemAvailable:    1492432 kB
Buffers:           56592 kB
Cached:           445240 kB
MemTotal:        1844596 kB
MemFree:         1102640 kB
MemAvailable:    1494052 kB
Buffers:           56592 kB
Cached:           445240 kB
MemTotal:        1844596 kB
MemFree:         1102512 kB
MemAvailable:    1493924 kB
Buffers:           56592 kB
Cached:           445240 kB
MemTotal:        1844596 kB
MemFree:         1102332 kB
MemAvailable:    1493828 kB
Buffers:           56592 kB
Cached:           445240 kB
MemTotal:        1844596 kB
MemFree:         1102952 kB
MemAvailable:    1493776 kB
Buffers:           56592 kB
Cached:           444524 kB
MemTotal:        1844596 kB
MemFree:         1103008 kB
MemAvailable:    1493832 kB
Buffers:           56592 kB
Cached:           444524 kB
