MemTotal:        1844596 kB
MemFree:         1187832 kB
MemAvailable:    1562484 kB
Buffers:           54788 kB
Cached:           431376 kB
MemTotal:        1844596 kB
MemFree:         1159244 kB
MemAvailable:    1533904 kB
Buffers:           54788 kB
Cached:           431380 kB
MemTotal:        1844596 kB
MemFree:         1160924 kB
MemAvailable:    1535584 kB
Buffers:           54788 kB
Cached:           431380 kB
MemTotal:        1844596 kB
MemFree:         1157260 kB
MemAvailable:    1531920 kB
Buffers:           54788 kB
Cached:           431380 kB
MemTotal:        1844596 kB
MemFree:         1155772 kB
MemAvailable:    1530432 kB
Buffers:           54788 kB
Cached:           431380 kB
MemTotal:        1844596 kB
MemFree:         1155640 kB
MemAvailable:    1530300 kB
Buffers:           54788 kB
Cached:           431380 kB
MemTotal:        1844596 kB
MemFree:         1153292 kB
MemAvailable:    1527952 kB
Buffers:           54788 kB
Cached:           431380 kB
MemTotal:        1844596 kB
MemFree:         1151060 kB
MemAvailable:    1525720 kB
Buffers:           54788 kB
Cached:           431380 kB
MemTotal:        1844596 kB
MemFree:         1147820 kB
MemAvailable:    1522480 kB
Buffers:           54788 kB
Cached:           431380 kB
MemTotal:        1844596 kB
MemFree:         1144612 kB
MemAvailable:    1519272 kB
Buffers:           54788 kB
Cached:           431380 kB
MemTotal:        1844596 kB
MemFree:         1145764 kB
MemAvailable:    1520424 kB
Buffers:           54788 kB
Cached:           431380 kB
MemTotal:        1844596 kB
MemFree:         1147148 kB
MemAvailable:    1521808 kB
Buffers:           54788 kB
Cached:           431380 kB
MemTotal:        1844596 kB
MemFree:         1145720 kB
MemAvailable:    1520380 kB
Buffers:           54788 kB
Cached:           431380 kB
MemTotal:        1844596 kB
MemFree:         1145588 kB
MemAvailable:    1520248 kB
Buffers:           54788 kB
Cached:           431380 kB
MemTotal:        1844596 kB
MemFree:         1145324 kB
MemAvailable:    1519984 kB
Buffers:           54788 kB
Cached:           431380 kB
MemTotal:        1844596 kB
MemFree:         1145780 kB
MemAvailable:    1520440 kB
Buffers:           54788 kB
Cached:           431380 kB
MemTotal:        1844596 kB
MemFree:         1144480 kB
MemAvailable:    1519140 kB
Buffers:           54788 kB
Cached:           431380 kB
MemTotal:        1844596 kB
MemFree:         1143628 kB
MemAvailable:    1518288 kB
Buffers:           54788 kB
Cached:           431380 kB
MemTotal:        1844596 kB
MemFree:         1144672 kB
MemAvailable:    1519332 kB
Buffers:           54788 kB
Cached:           431380 kB
MemTotal:        1844596 kB
MemFree:         1144416 kB
MemAvailable:    1519076 kB
Buffers:           54788 kB
Cached:           431380 kB
MemTotal:        1844596 kB
MemFree:         1144424 kB
MemAvailable:    1519084 kB
Buffers:           54788 kB
Cached:           431380 kB
MemTotal:        1844596 kB
MemFree:         1144676 kB
MemAvailable:    1519336 kB
Buffers:           54788 kB
Cached:           431380 kB
MemTotal:        1844596 kB
MemFree:         1144492 kB
MemAvailable:    1519152 kB
Buffers:           54788 kB
Cached:           431380 kB
MemTotal:        1844596 kB
MemFree:         1143304 kB
MemAvailable:    1517964 kB
Buffers:           54788 kB
Cached:           431380 kB
MemTotal:        1844596 kB
MemFree:         1143188 kB
MemAvailable:    1517848 kB
Buffers:           54788 kB
Cached:           431380 kB
MemTotal:        1844596 kB
MemFree:         1145992 kB
MemAvailable:    1520652 kB
Buffers:           54788 kB
Cached:           431380 kB
MemTotal:        1844596 kB
MemFree:         1144432 kB
MemAvailable:    1519092 kB
Buffers:           54788 kB
Cached:           431380 kB
MemTotal:        1844596 kB
MemFree:         1144800 kB
MemAvailable:    1519460 kB
Buffers:           54788 kB
Cached:           431380 kB
MemTotal:        1844596 kB
MemFree:         1143432 kB
MemAvailable:    1518092 kB
Buffers:           54788 kB
Cached:           431380 kB
MemTotal:        1844596 kB
MemFree:         1142744 kB
MemAvailable:    1517404 kB
Buffers:           54788 kB
Cached:           431380 kB
MemTotal:        1844596 kB
MemFree:         1140768 kB
MemAvailable:    1515428 kB
Buffers:           54788 kB
Cached:           431380 kB
MemTotal:        1844596 kB
MemFree:         1141372 kB
MemAvailable:    1516032 kB
Buffers:           54788 kB
Cached:           431380 kB
MemTotal:        1844596 kB
MemFree:         1141624 kB
MemAvailable:    1516284 kB
Buffers:           54788 kB
Cached:           431380 kB
MemTotal:        1844596 kB
MemFree:         1140520 kB
MemAvailable:    1515184 kB
Buffers:           54788 kB
Cached:           431384 kB
MemTotal:        1844596 kB
MemFree:         1140372 kB
MemAvailable:    1515036 kB
Buffers:           54788 kB
Cached:           431384 kB
MemTotal:        1844596 kB
MemFree:         1140396 kB
MemAvailable:    1515060 kB
Buffers:           54788 kB
Cached:           431384 kB
MemTotal:        1844596 kB
MemFree:         1140340 kB
MemAvailable:    1515004 kB
Buffers:           54788 kB
Cached:           431384 kB
MemTotal:        1844596 kB
MemFree:         1139404 kB
MemAvailable:    1514068 kB
Buffers:           54788 kB
Cached:           431384 kB
MemTotal:        1844596 kB
MemFree:         1139272 kB
MemAvailable:    1513936 kB
Buffers:           54788 kB
Cached:           431384 kB
MemTotal:        1844596 kB
MemFree:         1140148 kB
MemAvailable:    1514812 kB
Buffers:           54788 kB
Cached:           431384 kB
MemTotal:        1844596 kB
MemFree:         1139884 kB
MemAvailable:    1514548 kB
Buffers:           54788 kB
Cached:           431384 kB
MemTotal:        1844596 kB
MemFree:         1140140 kB
MemAvailable:    1514804 kB
Buffers:           54788 kB
Cached:           431384 kB
MemTotal:        1844596 kB
MemFree:         1139768 kB
MemAvailable:    1514432 kB
Buffers:           54788 kB
Cached:           431384 kB
MemTotal:        1844596 kB
MemFree:         1137892 kB
MemAvailable:    1512556 kB
Buffers:           54788 kB
Cached:           431384 kB
MemTotal:        1844596 kB
MemFree:         1138276 kB
MemAvailable:    1512940 kB
Buffers:           54788 kB
Cached:           431384 kB
MemTotal:        1844596 kB
MemFree:         1138644 kB
MemAvailable:    1513308 kB
Buffers:           54788 kB
Cached:           431384 kB
MemTotal:        1844596 kB
MemFree:         1137988 kB
MemAvailable:    1512652 kB
Buffers:           54788 kB
Cached:           431384 kB
MemTotal:        1844596 kB
MemFree:         1139404 kB
MemAvailable:    1514068 kB
Buffers:           54788 kB
Cached:           431384 kB
MemTotal:        1844596 kB
MemFree:         1139324 kB
MemAvailable:    1513988 kB
Buffers:           54788 kB
Cached:           431384 kB
MemTotal:        1844596 kB
MemFree:         1139404 kB
MemAvailable:    1514068 kB
Buffers:           54788 kB
Cached:           431384 kB
MemTotal:        1844596 kB
MemFree:         1139224 kB
MemAvailable:    1513888 kB
Buffers:           54788 kB
Cached:           431384 kB
MemTotal:        1844596 kB
MemFree:         1138660 kB
MemAvailable:    1513324 kB
Buffers:           54788 kB
Cached:           431384 kB
MemTotal:        1844596 kB
MemFree:         1139240 kB
MemAvailable:    1513904 kB
Buffers:           54788 kB
Cached:           431384 kB
MemTotal:        1844596 kB
MemFree:         1139168 kB
MemAvailable:    1513832 kB
Buffers:           54788 kB
Cached:           431384 kB
MemTotal:        1844596 kB
MemFree:         1138844 kB
MemAvailable:    1513508 kB
Buffers:           54788 kB
Cached:           431384 kB
MemTotal:        1844596 kB
MemFree:         1139096 kB
MemAvailable:    1513760 kB
Buffers:           54788 kB
Cached:           431384 kB
MemTotal:        1844596 kB
MemFree:         1137776 kB
MemAvailable:    1512440 kB
Buffers:           54788 kB
Cached:           431384 kB
MemTotal:        1844596 kB
MemFree:         1138860 kB
MemAvailable:    1513524 kB
Buffers:           54788 kB
Cached:           431384 kB
MemTotal:        1844596 kB
MemFree:         1137272 kB
MemAvailable:    1511936 kB
Buffers:           54788 kB
Cached:           431384 kB
MemTotal:        1844596 kB
MemFree:         1138644 kB
MemAvailable:    1513308 kB
Buffers:           54788 kB
Cached:           431384 kB
MemTotal:        1844596 kB
MemFree:         1137528 kB
MemAvailable:    1512192 kB
Buffers:           54788 kB
Cached:           431384 kB
MemTotal:        1844596 kB
MemFree:         1138388 kB
MemAvailable:    1513052 kB
Buffers:           54788 kB
Cached:           431384 kB
MemTotal:        1844596 kB
MemFree:         1138156 kB
MemAvailable:    1512820 kB
Buffers:           54788 kB
Cached:           431384 kB
MemTotal:        1844596 kB
MemFree:         1138252 kB
MemAvailable:    1512916 kB
Buffers:           54788 kB
Cached:           431384 kB
MemTotal:        1844596 kB
MemFree:         1138588 kB
MemAvailable:    1513252 kB
Buffers:           54788 kB
Cached:           431384 kB
MemTotal:        1844596 kB
MemFree:         1138392 kB
MemAvailable:    1513056 kB
Buffers:           54788 kB
Cached:           431384 kB
MemTotal:        1844596 kB
MemFree:         1137392 kB
MemAvailable:    1512056 kB
Buffers:           54788 kB
Cached:           431384 kB
MemTotal:        1844596 kB
MemFree:         1134560 kB
MemAvailable:    1509224 kB
Buffers:           54788 kB
Cached:           431384 kB
MemTotal:        1844596 kB
MemFree:         1132088 kB
MemAvailable:    1506752 kB
Buffers:           54788 kB
Cached:           431384 kB
MemTotal:        1844596 kB
MemFree:         1130956 kB
MemAvailable:    1505620 kB
Buffers:           54788 kB
Cached:           431384 kB
MemTotal:        1844596 kB
MemFree:         1130600 kB
MemAvailable:    1505264 kB
Buffers:           54788 kB
Cached:           431384 kB
MemTotal:        1844596 kB
MemFree:         1130444 kB
MemAvailable:    1505108 kB
Buffers:           54788 kB
Cached:           431384 kB
MemTotal:        1844596 kB
MemFree:         1130696 kB
MemAvailable:    1505360 kB
Buffers:           54788 kB
Cached:           431384 kB
MemTotal:        1844596 kB
MemFree:         1130536 kB
MemAvailable:    1505200 kB
Buffers:           54788 kB
Cached:           431384 kB
MemTotal:        1844596 kB
MemFree:         1129036 kB
MemAvailable:    1503700 kB
Buffers:           54788 kB
Cached:           431384 kB
MemTotal:        1844596 kB
MemFree:         1129152 kB
MemAvailable:    1503816 kB
Buffers:           54788 kB
Cached:           431384 kB
MemTotal:        1844596 kB
MemFree:         1130380 kB
MemAvailable:    1505044 kB
Buffers:           54788 kB
Cached:           431384 kB
MemTotal:        1844596 kB
MemFree:         1130600 kB
MemAvailable:    1505264 kB
Buffers:           54788 kB
Cached:           431384 kB
MemTotal:        1844596 kB
MemFree:         1130296 kB
MemAvailable:    1504960 kB
Buffers:           54788 kB
Cached:           431384 kB
MemTotal:        1844596 kB
MemFree:         1129216 kB
MemAvailable:    1503880 kB
Buffers:           54788 kB
Cached:           431384 kB
MemTotal:        1844596 kB
MemFree:         1129212 kB
MemAvailable:    1503876 kB
Buffers:           54788 kB
Cached:           431384 kB
MemTotal:        1844596 kB
MemFree:         1130436 kB
MemAvailable:    1505100 kB
Buffers:           54788 kB
Cached:           431384 kB
MemTotal:        1844596 kB
MemFree:         1130412 kB
MemAvailable:    1505076 kB
Buffers:           54788 kB
Cached:           431384 kB
MemTotal:        1844596 kB
MemFree:         1130040 kB
MemAvailable:    1504704 kB
Buffers:           54788 kB
Cached:           431384 kB
MemTotal:        1844596 kB
MemFree:         1129840 kB
MemAvailable:    1504504 kB
Buffers:           54788 kB
Cached:           431384 kB
MemTotal:        1844596 kB
MemFree:         1129708 kB
MemAvailable:    1504372 kB
Buffers:           54788 kB
Cached:           431384 kB
MemTotal:        1844596 kB
MemFree:         1127740 kB
MemAvailable:    1502404 kB
Buffers:           54788 kB
Cached:           431384 kB
MemTotal:        1844596 kB
MemFree:         1129112 kB
MemAvailable:    1503776 kB
Buffers:           54788 kB
Cached:           431384 kB
MemTotal:        1844596 kB
MemFree:         1127616 kB
MemAvailable:    1502280 kB
Buffers:           54788 kB
Cached:           431384 kB
MemTotal:        1844596 kB
MemFree:         1127624 kB
MemAvailable:    1502288 kB
Buffers:           54788 kB
Cached:           431384 kB
MemTotal:        1844596 kB
MemFree:         1127576 kB
MemAvailable:    1502240 kB
Buffers:           54788 kB
Cached:           431384 kB
MemTotal:        1844596 kB
MemFree:         1127064 kB
MemAvailable:    1501728 kB
Buffers:           54788 kB
Cached:           431384 kB
MemTotal:        1844596 kB
MemFree:         1125336 kB
MemAvailable:    1500000 kB
Buffers:           54788 kB
Cached:           431384 kB
MemTotal:        1844596 kB
MemFree:         1125452 kB
MemAvailable:    1500116 kB
Buffers:           54788 kB
Cached:           431384 kB
MemTotal:        1844596 kB
MemFree:         1126760 kB
MemAvailable:    1501424 kB
Buffers:           54788 kB
Cached:           431384 kB
MemTotal:        1844596 kB
MemFree:         1126816 kB
MemAvailable:    1501480 kB
Buffers:           54788 kB
Cached:           431384 kB
MemTotal:        1844596 kB
MemFree:         1125328 kB
MemAvailable:    1499992 kB
Buffers:           54788 kB
Cached:           431384 kB
MemTotal:        1844596 kB
MemFree:         1125232 kB
MemAvailable:    1499896 kB
Buffers:           54788 kB
Cached:           431384 kB
MemTotal:        1844596 kB
MemFree:         1126460 kB
MemAvailable:    1501124 kB
Buffers:           54788 kB
Cached:           431384 kB
MemTotal:        1844596 kB
MemFree:         1126712 kB
MemAvailable:    1501376 kB
Buffers:           54788 kB
Cached:           431384 kB
MemTotal:        1844596 kB
MemFree:         1126428 kB
MemAvailable:    1501092 kB
Buffers:           54788 kB
Cached:           431384 kB
MemTotal:        1844596 kB
MemFree:         1125336 kB
MemAvailable:    1500000 kB
Buffers:           54788 kB
Cached:           431384 kB
MemTotal:        1844596 kB
MemFree:         1125020 kB
MemAvailable:    1499692 kB
Buffers:           54788 kB
Cached:           431392 kB
MemTotal:        1844596 kB
MemFree:         1124888 kB
MemAvailable:    1499560 kB
Buffers:           54788 kB
Cached:           431392 kB
MemTotal:        1844596 kB
MemFree:         1122276 kB
MemAvailable:    1496948 kB
Buffers:           54788 kB
Cached:           431392 kB
MemTotal:        1844596 kB
MemFree:         1122360 kB
MemAvailable:    1497032 kB
Buffers:           54788 kB
Cached:           431392 kB
MemTotal:        1844596 kB
MemFree:         1118804 kB
MemAvailable:    1493476 kB
Buffers:           54788 kB
Cached:           431392 kB
MemTotal:        1844596 kB
MemFree:         1118804 kB
MemAvailable:    1493476 kB
Buffers:           54788 kB
Cached:           431392 kB
MemTotal:        1844596 kB
MemFree:         1118668 kB
MemAvailable:    1493340 kB
Buffers:           54788 kB
Cached:           431392 kB
MemTotal:        1844596 kB
MemFree:         1118448 kB
MemAvailable:    1493120 kB
Buffers:           54788 kB
Cached:           431392 kB
MemTotal:        1844596 kB
MemFree:         1118544 kB
MemAvailable:    1493216 kB
Buffers:           54788 kB
Cached:           431392 kB
MemTotal:        1844596 kB
MemFree:         1118796 kB
MemAvailable:    1493468 kB
Buffers:           54788 kB
Cached:           431392 kB
MemTotal:        1844596 kB
MemFree:         1119292 kB
MemAvailable:    1493964 kB
Buffers:           54788 kB
Cached:           431392 kB
MemTotal:        1844596 kB
MemFree:         1120244 kB
MemAvailable:    1495000 kB
Buffers:           54792 kB
Cached:           431512 kB
MemTotal:        1844596 kB
MemFree:         1120112 kB
MemAvailable:    1494952 kB
Buffers:           54792 kB
Cached:           431636 kB
MemTotal:        1844596 kB
MemFree:         1119920 kB
MemAvailable:    1494928 kB
Buffers:           54792 kB
Cached:           431760 kB
MemTotal:        1844596 kB
MemFree:         1119524 kB
MemAvailable:    1494616 kB
Buffers:           54792 kB
Cached:           431884 kB
MemTotal:        1844596 kB
MemFree:         1119564 kB
MemAvailable:    1494656 kB
Buffers:           54792 kB
Cached:           431884 kB
MemTotal:        1844596 kB
MemFree:         1118268 kB
MemAvailable:    1493444 kB
Buffers:           54792 kB
Cached:           432008 kB
MemTotal:        1844596 kB
MemFree:         1118260 kB
MemAvailable:    1493520 kB
Buffers:           54792 kB
Cached:           432008 kB
MemTotal:        1844596 kB
MemFree:         1119568 kB
MemAvailable:    1494828 kB
Buffers:           54792 kB
Cached:           432008 kB
MemTotal:        1844596 kB
MemFree:         1118268 kB
MemAvailable:    1493528 kB
Buffers:           54792 kB
Cached:           432008 kB
MemTotal:        1844596 kB
MemFree:         1118268 kB
MemAvailable:    1493528 kB
Buffers:           54792 kB
Cached:           432132 kB
MemTotal:        1844596 kB
MemFree:         1119460 kB
MemAvailable:    1494720 kB
Buffers:           54792 kB
Cached:           432132 kB
MemTotal:        1844596 kB
MemFree:         1119516 kB
MemAvailable:    1494776 kB
Buffers:           54792 kB
Cached:           432132 kB
MemTotal:        1844596 kB
MemFree:         1118000 kB
MemAvailable:    1493260 kB
Buffers:           54792 kB
Cached:           432132 kB
MemTotal:        1844596 kB
MemFree:         1118228 kB
MemAvailable:    1492900 kB
Buffers:           54792 kB
Cached:           431416 kB
MemTotal:        1844596 kB
MemFree:         1184336 kB
MemAvailable:    1559008 kB
Buffers:           54792 kB
Cached:           431416 kB
