MemTotal:        1844596 kB
MemFree:         1323256 kB
MemAvailable:    1574952 kB
Buffers:           39028 kB
Cached:           333556 kB
MemTotal:        1844596 kB
MemFree:         1296044 kB
MemAvailable:    1547748 kB
Buffers:           39028 kB
Cached:           333560 kB
MemTotal:        1844596 kB
MemFree:         1295936 kB
MemAvailable:    1547640 kB
Buffers:           39028 kB
Cached:           333560 kB
MemTotal:        1844596 kB
MemFree:         1294504 kB
MemAvailable:    1546208 kB
Buffers:           39028 kB
Cached:           333560 kB
MemTotal:        1844596 kB
MemFree:         1292148 kB
MemAvailable:    1543852 kB
Buffers:           39028 kB
Cached:           333560 kB
MemTotal:        1844596 kB
MemFree:         1290784 kB
MemAvailable:    1542488 kB
Buffers:           39028 kB
Cached:           333560 kB
MemTotal:        1844596 kB
MemFree:         1290660 kB
MemAvailable:    1542364 kB
Buffers:           39028 kB
Cached:           333560 kB
MemTotal:        1844596 kB
MemFree:         1289172 kB
MemAvailable:    1540876 kB
Buffers:           39028 kB
Cached:           333560 kB
MemTotal:        1844596 kB
MemFree:         1286196 kB
MemAvailable:    1537900 kB
Buffers:           39028 kB
Cached:           333560 kB
MemTotal:        1844596 kB
MemFree:         1283468 kB
MemAvailable:    1535172 kB
Buffers:           39028 kB
Cached:           333560 kB
MemTotal:        1844596 kB
MemFree:         1279616 kB
MemAvailable:    1531320 kB
Buffers:           39028 kB
Cached:           333560 kB
MemTotal:        1844596 kB
MemFree:         1282040 kB
MemAvailable:    1533744 kB
Buffers:           39028 kB
Cached:           333560 kB
MemTotal:        1844596 kB
MemFree:         1280988 kB
MemAvailable:    1532692 kB
Buffers:           39028 kB
Cached:           333560 kB
MemTotal:        1844596 kB
MemFree:         1282352 kB
MemAvailable:    1534056 kB
Buffers:           39028 kB
Cached:           333560 kB
MemTotal:        1844596 kB
MemFree:         1282032 kB
MemAvailable:    1533736 kB
Buffers:           39028 kB
Cached:           333560 kB
MemTotal:        1844596 kB
MemFree:         1280988 kB
MemAvailable:    1532692 kB
Buffers:           39028 kB
Cached:           333560 kB
MemTotal:        1844596 kB
MemFree:         1280608 kB
MemAvailable:    1532312 kB
Buffers:           39028 kB
Cached:           333560 kB
MemTotal:        1844596 kB
MemFree:         1279740 kB
MemAvailable:    1531444 kB
Buffers:           39028 kB
Cached:           333560 kB
MemTotal:        1844596 kB
MemFree:         1278880 kB
MemAvailable:    1530584 kB
Buffers:           39028 kB
Cached:           333560 kB
MemTotal:        1844596 kB
MemFree:         1278624 kB
MemAvailable:    1530328 kB
Buffers:           39028 kB
Cached:           333560 kB
MemTotal:        1844596 kB
MemFree:         1279776 kB
MemAvailable:    1531480 kB
Buffers:           39028 kB
Cached:           333560 kB
MemTotal:        1844596 kB
MemFree:         1279560 kB
MemAvailable:    1531264 kB
Buffers:           39028 kB
Cached:           333560 kB
MemTotal:        1844596 kB
MemFree:         1278356 kB
MemAvailable:    1530060 kB
Buffers:           39028 kB
Cached:           333560 kB
MemTotal:        1844596 kB
MemFree:         1278356 kB
MemAvailable:    1530060 kB
Buffers:           39028 kB
Cached:           333560 kB
MemTotal:        1844596 kB
MemFree:         1278348 kB
MemAvailable:    1530052 kB
Buffers:           39028 kB
Cached:           333560 kB
MemTotal:        1844596 kB
MemFree:         1278356 kB
MemAvailable:    1530060 kB
Buffers:           39028 kB
Cached:           333560 kB
MemTotal:        1844596 kB
MemFree:         1279660 kB
MemAvailable:    1531364 kB
Buffers:           39028 kB
Cached:           333560 kB
MemTotal:        1844596 kB
MemFree:         1279864 kB
MemAvailable:    1531568 kB
Buffers:           39028 kB
Cached:           333560 kB
MemTotal:        1844596 kB
MemFree:         1279660 kB
MemAvailable:    1531364 kB
Buffers:           39028 kB
Cached:           333560 kB
MemTotal:        1844596 kB
MemFree:         1276268 kB
MemAvailable:    1527972 kB
Buffers:           39028 kB
Cached:           333560 kB
MemTotal:        1844596 kB
MemFree:         1276020 kB
MemAvailable:    1527724 kB
Buffers:           39028 kB
Cached:           333560 kB
MemTotal:        1844596 kB
MemFree:         1275532 kB
MemAvailable:    1527236 kB
Buffers:           39028 kB
Cached:           333560 kB
MemTotal:        1844596 kB
MemFree:         1275956 kB
MemAvailable:    1527660 kB
Buffers:           39028 kB
Cached:           333560 kB
MemTotal:        1844596 kB
MemFree:         1275516 kB
MemAvailable:    1527220 kB
Buffers:           39028 kB
Cached:           333560 kB
MemTotal:        1844596 kB
MemFree:         1275768 kB
MemAvailable:    1527472 kB
Buffers:           39028 kB
Cached:           333560 kB
MemTotal:        1844596 kB
MemFree:         1274148 kB
MemAvailable:    1525852 kB
Buffers:           39028 kB
Cached:           333560 kB
MemTotal:        1844596 kB
MemFree:         1274148 kB
MemAvailable:    1525852 kB
Buffers:           39028 kB
Cached:           333560 kB
MemTotal:        1844596 kB
MemFree:         1275340 kB
MemAvailable:    1527044 kB
Buffers:           39028 kB
Cached:           333560 kB
MemTotal:        1844596 kB
MemFree:         1275160 kB
MemAvailable:    1526864 kB
Buffers:           39028 kB
Cached:           333560 kB
MemTotal:        1844596 kB
MemFree:         1275288 kB
MemAvailable:    1526992 kB
Buffers:           39028 kB
Cached:           333560 kB
MemTotal:        1844596 kB
MemFree:         1275328 kB
MemAvailable:    1527036 kB
Buffers:           39028 kB
Cached:           333564 kB
MemTotal:        1844596 kB
MemFree:         1274912 kB
MemAvailable:    1526620 kB
Buffers:           39028 kB
Cached:           333564 kB
MemTotal:        1844596 kB
MemFree:         1273168 kB
MemAvailable:    1524876 kB
Buffers:           39028 kB
Cached:           333564 kB
MemTotal:        1844596 kB
MemFree:         1273168 kB
MemAvailable:    1524876 kB
Buffers:           39028 kB
Cached:           333564 kB
MemTotal:        1844596 kB
MemFree:         1274336 kB
MemAvailable:    1526044 kB
Buffers:           39028 kB
Cached:           333564 kB
MemTotal:        1844596 kB
MemFree:         1274420 kB
MemAvailable:    1526128 kB
Buffers:           39028 kB
Cached:           333564 kB
MemTotal:        1844596 kB
MemFree:         1273240 kB
MemAvailable:    1524948 kB
Buffers:           39028 kB
Cached:           333564 kB
MemTotal:        1844596 kB
MemFree:         1274224 kB
MemAvailable:    1525932 kB
Buffers:           39028 kB
Cached:           333564 kB
MemTotal:        1844596 kB
MemFree:         1274516 kB
MemAvailable:    1526224 kB
Buffers:           39028 kB
Cached:           333564 kB
MemTotal:        1844596 kB
MemFree:         1274372 kB
MemAvailable:    1526080 kB
Buffers:           39028 kB
Cached:           333564 kB
MemTotal:        1844596 kB
MemFree:         1274540 kB
MemAvailable:    1526248 kB
Buffers:           39028 kB
Cached:           333564 kB
MemTotal:        1844596 kB
MemFree:         1273052 kB
MemAvailable:    1524760 kB
Buffers:           39028 kB
Cached:           333564 kB
MemTotal:        1844596 kB
MemFree:         1273044 kB
MemAvailable:    1524752 kB
Buffers:           39028 kB
Cached:           333564 kB
MemTotal:        1844596 kB
MemFree:         1273548 kB
MemAvailable:    1525256 kB
Buffers:           39028 kB
Cached:           333564 kB
MemTotal:        1844596 kB
MemFree:         1273980 kB
MemAvailable:    1525688 kB
Buffers:           39028 kB
Cached:           333564 kB
MemTotal:        1844596 kB
MemFree:         1272252 kB
MemAvailable:    1523960 kB
Buffers:           39028 kB
Cached:           333564 kB
MemTotal:        1844596 kB
MemFree:         1272248 kB
MemAvailable:    1523956 kB
Buffers:           39028 kB
Cached:           333564 kB
MemTotal:        1844596 kB
MemFree:         1272284 kB
MemAvailable:    1523992 kB
Buffers:           39028 kB
Cached:           333564 kB
MemTotal:        1844596 kB
MemFree:         1272152 kB
MemAvailable:    1523860 kB
Buffers:           39028 kB
Cached:           333564 kB
MemTotal:        1844596 kB
MemFree:         1273424 kB
MemAvailable:    1525132 kB
Buffers:           39028 kB
Cached:           333564 kB
MemTotal:        1844596 kB
MemFree:         1272308 kB
MemAvailable:    1524016 kB
Buffers:           39028 kB
Cached:           333564 kB
MemTotal:        1844596 kB
MemFree:         1272300 kB
MemAvailable:    1524008 kB
Buffers:           39028 kB
Cached:           333564 kB
MemTotal:        1844596 kB
MemFree:         1273716 kB
MemAvailable:    1525424 kB
Buffers:           39028 kB
Cached:           333564 kB
MemTotal:        1844596 kB
MemFree:         1272176 kB
MemAvailable:    1523884 kB
Buffers:           39028 kB
Cached:           333564 kB
MemTotal:        1844596 kB
MemFree:         1271936 kB
MemAvailable:    1523644 kB
Buffers:           39028 kB
Cached:           333564 kB
MemTotal:        1844596 kB
MemFree:         1268092 kB
MemAvailable:    1519800 kB
Buffers:           39028 kB
Cached:           333564 kB
MemTotal:        1844596 kB
MemFree:         1265116 kB
MemAvailable:    1516824 kB
Buffers:           39028 kB
Cached:           333564 kB
MemTotal:        1844596 kB
MemFree:         1264852 kB
MemAvailable:    1516560 kB
Buffers:           39028 kB
Cached:           333564 kB
MemTotal:        1844596 kB
MemFree:         1265920 kB
MemAvailable:    1517628 kB
Buffers:           39028 kB
Cached:           333564 kB
MemTotal:        1844596 kB
MemFree:         1265860 kB
MemAvailable:    1517568 kB
Buffers:           39028 kB
Cached:           333564 kB
MemTotal:        1844596 kB
MemFree:         1265604 kB
MemAvailable:    1517312 kB
Buffers:           39028 kB
Cached:           333564 kB
MemTotal:        1844596 kB
MemFree:         1265724 kB
MemAvailable:    1517432 kB
Buffers:           39028 kB
Cached:           333564 kB
MemTotal:        1844596 kB
MemFree:         1265668 kB
MemAvailable:    1517376 kB
Buffers:           39028 kB
Cached:           333564 kB
MemTotal:        1844596 kB
MemFree:         1265608 kB
MemAvailable:    1517316 kB
Buffers:           39028 kB
Cached:           333564 kB
MemTotal:        1844596 kB
MemFree:         1265416 kB
MemAvailable:    1517124 kB
Buffers:           39028 kB
Cached:           333564 kB
MemTotal:        1844596 kB
MemFree:         1264176 kB
MemAvailable:    1515884 kB
Buffers:           39028 kB
Cached:           333564 kB
MemTotal:        1844596 kB
MemFree:         1265476 kB
MemAvailable:    1517184 kB
Buffers:           39028 kB
Cached:           333564 kB
MemTotal:        1844596 kB
MemFree:         1265388 kB
MemAvailable:    1517096 kB
Buffers:           39028 kB
Cached:           333564 kB
MemTotal:        1844596 kB
MemFree:         1265728 kB
MemAvailable:    1517436 kB
Buffers:           39028 kB
Cached:           333564 kB
MemTotal:        1844596 kB
MemFree:         1264248 kB
MemAvailable:    1515956 kB
Buffers:           39028 kB
Cached:           333564 kB
MemTotal:        1844596 kB
MemFree:         1265116 kB
MemAvailable:    1516824 kB
Buffers:           39028 kB
Cached:           333564 kB
MemTotal:        1844596 kB
MemFree:         1264604 kB
MemAvailable:    1516312 kB
Buffers:           39028 kB
Cached:           333564 kB
MemTotal:        1844596 kB
MemFree:         1264604 kB
MemAvailable:    1516312 kB
Buffers:           39028 kB
Cached:           333564 kB
MemTotal:        1844596 kB
MemFree:         1262876 kB
MemAvailable:    1514584 kB
Buffers:           39028 kB
Cached:           333564 kB
MemTotal:        1844596 kB
MemFree:         1262628 kB
MemAvailable:    1514336 kB
Buffers:           39028 kB
Cached:           333564 kB
MemTotal:        1844596 kB
MemFree:         1263620 kB
MemAvailable:    1515328 kB
Buffers:           39028 kB
Cached:           333564 kB
MemTotal:        1844596 kB
MemFree:         1262512 kB
MemAvailable:    1514220 kB
Buffers:           39028 kB
Cached:           333564 kB
MemTotal:        1844596 kB
MemFree:         1262944 kB
MemAvailable:    1514652 kB
Buffers:           39028 kB
Cached:           333564 kB
MemTotal:        1844596 kB
MemFree:         1261768 kB
MemAvailable:    1513476 kB
Buffers:           39028 kB
Cached:           333564 kB
MemTotal:        1844596 kB
MemFree:         1262324 kB
MemAvailable:    1514036 kB
Buffers:           39028 kB
Cached:           333568 kB
MemTotal:        1844596 kB
MemFree:         1260892 kB
MemAvailable:    1512604 kB
Buffers:           39028 kB
Cached:           333568 kB
MemTotal:        1844596 kB
MemFree:         1262192 kB
MemAvailable:    1513904 kB
Buffers:           39028 kB
Cached:           333568 kB
MemTotal:        1844596 kB
MemFree:         1260900 kB
MemAvailable:    1512612 kB
Buffers:           39028 kB
Cached:           333568 kB
MemTotal:        1844596 kB
MemFree:         1261588 kB
MemAvailable:    1513300 kB
Buffers:           39028 kB
Cached:           333568 kB
MemTotal:        1844596 kB
MemFree:         1261708 kB
MemAvailable:    1513420 kB
Buffers:           39028 kB
Cached:           333568 kB
MemTotal:        1844596 kB
MemFree:         1260372 kB
MemAvailable:    1512084 kB
Buffers:           39028 kB
Cached:           333568 kB
MemTotal:        1844596 kB
MemFree:         1261804 kB
MemAvailable:    1513516 kB
Buffers:           39028 kB
Cached:           333568 kB
MemTotal:        1844596 kB
MemFree:         1260396 kB
MemAvailable:    1512108 kB
Buffers:           39028 kB
Cached:           333568 kB
MemTotal:        1844596 kB
MemFree:         1260356 kB
MemAvailable:    1512068 kB
Buffers:           39028 kB
Cached:           333568 kB
MemTotal:        1844596 kB
MemFree:         1260480 kB
MemAvailable:    1512192 kB
Buffers:           39028 kB
Cached:           333568 kB
MemTotal:        1844596 kB
MemFree:         1260224 kB
MemAvailable:    1511936 kB
Buffers:           39028 kB
Cached:           333568 kB
MemTotal:        1844596 kB
MemFree:         1260024 kB
MemAvailable:    1511736 kB
Buffers:           39028 kB
Cached:           333568 kB
MemTotal:        1844596 kB
MemFree:         1256560 kB
MemAvailable:    1508272 kB
Buffers:           39028 kB
Cached:           333568 kB
MemTotal:        1844596 kB
MemFree:         1254204 kB
MemAvailable:    1505916 kB
Buffers:           39028 kB
Cached:           333568 kB
MemTotal:        1844596 kB
MemFree:         1254016 kB
MemAvailable:    1505732 kB
Buffers:           39028 kB
Cached:           333572 kB
MemTotal:        1844596 kB
MemFree:         1252964 kB
MemAvailable:    1504680 kB
Buffers:           39028 kB
Cached:           333572 kB
MemTotal:        1844596 kB
MemFree:         1253680 kB
MemAvailable:    1505396 kB
Buffers:           39028 kB
Cached:           333572 kB
MemTotal:        1844596 kB
MemFree:         1253716 kB
MemAvailable:    1505432 kB
Buffers:           39028 kB
Cached:           333572 kB
MemTotal:        1844596 kB
MemFree:         1253888 kB
MemAvailable:    1505604 kB
Buffers:           39028 kB
Cached:           333572 kB
MemTotal:        1844596 kB
MemFree:         1253096 kB
MemAvailable:    1504812 kB
Buffers:           39028 kB
Cached:           333572 kB
MemTotal:        1844596 kB
MemFree:         1254408 kB
MemAvailable:    1506124 kB
Buffers:           39028 kB
Cached:           333572 kB
MemTotal:        1844596 kB
MemFree:         1254088 kB
MemAvailable:    1505888 kB
Buffers:           39032 kB
Cached:           333692 kB
MemTotal:        1844596 kB
MemFree:         1254080 kB
MemAvailable:    1506048 kB
Buffers:           39032 kB
Cached:           333816 kB
MemTotal:        1844596 kB
MemFree:         1254088 kB
MemAvailable:    1506140 kB
Buffers:           39032 kB
Cached:           333940 kB
MemTotal:        1844596 kB
MemFree:         1253716 kB
MemAvailable:    1505936 kB
Buffers:           39032 kB
Cached:           334064 kB
MemTotal:        1844596 kB
MemFree:         1253584 kB
MemAvailable:    1505888 kB
Buffers:           39032 kB
Cached:           334188 kB
MemTotal:        1844596 kB
MemFree:         1253460 kB
MemAvailable:    1505764 kB
Buffers:           39032 kB
Cached:           334188 kB
MemTotal:        1844596 kB
MemFree:         1254576 kB
MemAvailable:    1506880 kB
Buffers:           39032 kB
Cached:           334188 kB
MemTotal:        1844596 kB
MemFree:         1253204 kB
MemAvailable:    1505508 kB
Buffers:           39032 kB
Cached:           334312 kB
MemTotal:        1844596 kB
MemFree:         1254504 kB
MemAvailable:    1506892 kB
Buffers:           39032 kB
Cached:           334312 kB
MemTotal:        1844596 kB
MemFree:         1254456 kB
MemAvailable:    1506844 kB
Buffers:           39032 kB
Cached:           334312 kB
MemTotal:        1844596 kB
MemFree:         1254544 kB
MemAvailable:    1506932 kB
Buffers:           39032 kB
Cached:           334312 kB
MemTotal:        1844596 kB
MemFree:         1254212 kB
MemAvailable:    1506600 kB
Buffers:           39032 kB
Cached:           334312 kB
MemTotal:        1844596 kB
MemFree:         1253372 kB
MemAvailable:    1505088 kB
Buffers:           39032 kB
Cached:           333680 kB
MemTotal:        1844596 kB
MemFree:         1322808 kB
MemAvailable:    1574524 kB
Buffers:           39032 kB
Cached:           333680 kB
