MemTotal:        1844596 kB
MemFree:         1421480 kB
MemAvailable:    1608440 kB
Buffers:           23548 kB
Cached:           293168 kB
MemTotal:        1844596 kB
MemFree:         1395136 kB
MemAvailable:    1582100 kB
Buffers:           23548 kB
Cached:           293172 kB
MemTotal:        1844596 kB
MemFree:         1393424 kB
MemAvailable:    1580388 kB
Buffers:           23548 kB
Cached:           293172 kB
MemTotal:        1844596 kB
MemFree:         1392000 kB
MemAvailable:    1578964 kB
Buffers:           23548 kB
Cached:           293172 kB
MemTotal:        1844596 kB
MemFree:         1391116 kB
MemAvailable:    1578080 kB
Buffers:           23548 kB
Cached:           293172 kB
MemTotal:        1844596 kB
MemFree:         1390212 kB
MemAvailable:    1577176 kB
Buffers:           23548 kB
Cached:           293172 kB
MemTotal:        1844596 kB
MemFree:         1388768 kB
MemAvailable:    1575732 kB
Buffers:           23548 kB
Cached:           293172 kB
MemTotal:        1844596 kB
MemFree:         1389128 kB
MemAvailable:    1576092 kB
Buffers:           23548 kB
Cached:           293172 kB
MemTotal:        1844596 kB
MemFree:         1386916 kB
MemAvailable:    1573880 kB
Buffers:           23548 kB
Cached:           293172 kB
MemTotal:        1844596 kB
MemFree:         1384188 kB
MemAvailable:    1571152 kB
Buffers:           23548 kB
Cached:           293172 kB
MemTotal:        1844596 kB
MemFree:         1383008 kB
MemAvailable:    1569972 kB
Buffers:           23548 kB
Cached:           293172 kB
MemTotal:        1844596 kB
MemFree:         1380148 kB
MemAvailable:    1567112 kB
Buffers:           23548 kB
Cached:           293172 kB
MemTotal:        1844596 kB
MemFree:         1380148 kB
MemAvailable:    1567112 kB
Buffers:           23548 kB
Cached:           293172 kB
MemTotal:        1844596 kB
MemFree:         1380232 kB
MemAvailable:    1567196 kB
Buffers:           23548 kB
Cached:           293172 kB
MemTotal:        1844596 kB
MemFree:         1379052 kB
MemAvailable:    1566016 kB
Buffers:           23548 kB
Cached:           293172 kB
MemTotal:        1844596 kB
MemFree:         1379088 kB
MemAvailable:    1566052 kB
Buffers:           23548 kB
Cached:           293172 kB
MemTotal:        1844596 kB
MemFree:         1378956 kB
MemAvailable:    1565920 kB
Buffers:           23548 kB
Cached:           293172 kB
MemTotal:        1844596 kB
MemFree:         1380132 kB
MemAvailable:    1567096 kB
Buffers:           23548 kB
Cached:           293172 kB
MemTotal:        1844596 kB
MemFree:         1379088 kB
MemAvailable:    1566052 kB
Buffers:           23548 kB
Cached:           293172 kB
MemTotal:        1844596 kB
MemFree:         1378980 kB
MemAvailable:    1565944 kB
Buffers:           23548 kB
Cached:           293172 kB
MemTotal:        1844596 kB
MemFree:         1377848 kB
MemAvailable:    1564812 kB
Buffers:           23548 kB
Cached:           293172 kB
MemTotal:        1844596 kB
MemFree:         1378184 kB
MemAvailable:    1565148 kB
Buffers:           23548 kB
Cached:           293172 kB
MemTotal:        1844596 kB
MemFree:         1377856 kB
MemAvailable:    1564820 kB
Buffers:           23548 kB
Cached:           293172 kB
MemTotal:        1844596 kB
MemFree:         1377784 kB
MemAvailable:    1564748 kB
Buffers:           23548 kB
Cached:           293172 kB
MemTotal:        1844596 kB
MemFree:         1376604 kB
MemAvailable:    1563568 kB
Buffers:           23548 kB
Cached:           293172 kB
MemTotal:        1844596 kB
MemFree:         1377648 kB
MemAvailable:    1564612 kB
Buffers:           23548 kB
Cached:           293172 kB
MemTotal:        1844596 kB
MemFree:         1377664 kB
MemAvailable:    1564628 kB
Buffers:           23548 kB
Cached:           293172 kB
MemTotal:        1844596 kB
MemFree:         1377772 kB
MemAvailable:    1564736 kB
Buffers:           23548 kB
Cached:           293172 kB
MemTotal:        1844596 kB
MemFree:         1377568 kB
MemAvailable:    1564532 kB
Buffers:           23548 kB
Cached:           293172 kB
MemTotal:        1844596 kB
MemFree:         1377820 kB
MemAvailable:    1564784 kB
Buffers:           23548 kB
Cached:           293172 kB
MemTotal:        1844596 kB
MemFree:         1379040 kB
MemAvailable:    1566004 kB
Buffers:           23548 kB
Cached:           293172 kB
MemTotal:        1844596 kB
MemFree:         1377864 kB
MemAvailable:    1564828 kB
Buffers:           23548 kB
Cached:           293172 kB
MemTotal:        1844596 kB
MemFree:         1377616 kB
MemAvailable:    1564580 kB
Buffers:           23548 kB
Cached:           293172 kB
MemTotal:        1844596 kB
MemFree:         1375988 kB
MemAvailable:    1562952 kB
Buffers:           23548 kB
Cached:           293172 kB
MemTotal:        1844596 kB
MemFree:         1375508 kB
MemAvailable:    1562472 kB
Buffers:           23548 kB
Cached:           293172 kB
MemTotal:        1844596 kB
MemFree:         1375756 kB
MemAvailable:    1562720 kB
Buffers:           23548 kB
Cached:           293172 kB
MemTotal:        1844596 kB
MemFree:         1375324 kB
MemAvailable:    1562288 kB
Buffers:           23548 kB
Cached:           293172 kB
MemTotal:        1844596 kB
MemFree:         1373720 kB
MemAvailable:    1560684 kB
Buffers:           23548 kB
Cached:           293172 kB
MemTotal:        1844596 kB
MemFree:         1374444 kB
MemAvailable:    1561412 kB
Buffers:           23548 kB
Cached:           293176 kB
MemTotal:        1844596 kB
MemFree:         1374376 kB
MemAvailable:    1561344 kB
Buffers:           23548 kB
Cached:           293176 kB
MemTotal:        1844596 kB
MemFree:         1372656 kB
MemAvailable:    1559624 kB
Buffers:           23548 kB
Cached:           293176 kB
MemTotal:        1844596 kB
MemFree:         1373832 kB
MemAvailable:    1560800 kB
Buffers:           23548 kB
Cached:           293176 kB
MemTotal:        1844596 kB
MemFree:         1373508 kB
MemAvailable:    1560476 kB
Buffers:           23548 kB
Cached:           293176 kB
MemTotal:        1844596 kB
MemFree:         1373508 kB
MemAvailable:    1560476 kB
Buffers:           23548 kB
Cached:           293176 kB
MemTotal:        1844596 kB
MemFree:         1372216 kB
MemAvailable:    1559184 kB
Buffers:           23548 kB
Cached:           293176 kB
MemTotal:        1844596 kB
MemFree:         1373456 kB
MemAvailable:    1560424 kB
Buffers:           23548 kB
Cached:           293176 kB
MemTotal:        1844596 kB
MemFree:         1373068 kB
MemAvailable:    1560036 kB
Buffers:           23548 kB
Cached:           293176 kB
MemTotal:        1844596 kB
MemFree:         1373152 kB
MemAvailable:    1560120 kB
Buffers:           23548 kB
Cached:           293176 kB
MemTotal:        1844596 kB
MemFree:         1372840 kB
MemAvailable:    1559808 kB
Buffers:           23548 kB
Cached:           293176 kB
MemTotal:        1844596 kB
MemFree:         1372416 kB
MemAvailable:    1559384 kB
Buffers:           23548 kB
Cached:           293176 kB
MemTotal:        1844596 kB
MemFree:         1371160 kB
MemAvailable:    1558128 kB
Buffers:           23548 kB
Cached:           293176 kB
MemTotal:        1844596 kB
MemFree:         1372360 kB
MemAvailable:    1559328 kB
Buffers:           23548 kB
Cached:           293176 kB
MemTotal:        1844596 kB
MemFree:         1372360 kB
MemAvailable:    1559328 kB
Buffers:           23548 kB
Cached:           293176 kB
MemTotal:        1844596 kB
MemFree:         1372484 kB
MemAvailable:    1559452 kB
Buffers:           23548 kB
Cached:           293176 kB
MemTotal:        1844596 kB
MemFree:         1372412 kB
MemAvailable:    1559380 kB
Buffers:           23548 kB
Cached:           293176 kB
MemTotal:        1844596 kB
MemFree:         1372428 kB
MemAvailable:    1559396 kB
Buffers:           23548 kB
Cached:           293176 kB
MemTotal:        1844596 kB
MemFree:         1372592 kB
MemAvailable:    1559560 kB
Buffers:           23548 kB
Cached:           293176 kB
MemTotal:        1844596 kB
MemFree:         1371664 kB
MemAvailable:    1558632 kB
Buffers:           23548 kB
Cached:           293176 kB
MemTotal:        1844596 kB
MemFree:         1372716 kB
MemAvailable:    1559684 kB
Buffers:           23548 kB
Cached:           293176 kB
MemTotal:        1844596 kB
MemFree:         1371416 kB
MemAvailable:    1558384 kB
Buffers:           23548 kB
Cached:           293176 kB
MemTotal:        1844596 kB
MemFree:         1372256 kB
MemAvailable:    1559224 kB
Buffers:           23548 kB
Cached:           293176 kB
MemTotal:        1844596 kB
MemFree:         1372592 kB
MemAvailable:    1559560 kB
Buffers:           23548 kB
Cached:           293176 kB
MemTotal:        1844596 kB
MemFree:         1372208 kB
MemAvailable:    1559176 kB
Buffers:           23548 kB
Cached:           293176 kB
MemTotal:        1844596 kB
MemFree:         1371540 kB
MemAvailable:    1558508 kB
Buffers:           23548 kB
Cached:           293176 kB
MemTotal:        1844596 kB
MemFree:         1371848 kB
MemAvailable:    1558816 kB
Buffers:           23548 kB
Cached:           293176 kB
MemTotal:        1844596 kB
MemFree:         1372100 kB
MemAvailable:    1559068 kB
Buffers:           23548 kB
Cached:           293176 kB
MemTotal:        1844596 kB
MemFree:         1371640 kB
MemAvailable:    1558608 kB
Buffers:           23548 kB
Cached:           293176 kB
MemTotal:        1844596 kB
MemFree:         1371788 kB
MemAvailable:    1558756 kB
Buffers:           23548 kB
Cached:           293176 kB
MemTotal:        1844596 kB
MemFree:         1371476 kB
MemAvailable:    1558444 kB
Buffers:           23548 kB
Cached:           293176 kB
MemTotal:        1844596 kB
MemFree:         1371812 kB
MemAvailable:    1558780 kB
Buffers:           23548 kB
Cached:           293176 kB
MemTotal:        1844596 kB
MemFree:         1371704 kB
MemAvailable:    1558672 kB
Buffers:           23548 kB
Cached:           293176 kB
MemTotal:        1844596 kB
MemFree:         1371524 kB
MemAvailable:    1558492 kB
Buffers:           23548 kB
Cached:           293176 kB
MemTotal:        1844596 kB
MemFree:         1371368 kB
MemAvailable:    1558336 kB
Buffers:           23548 kB
Cached:           293176 kB
MemTotal:        1844596 kB
MemFree:         1371452 kB
MemAvailable:    1558420 kB
Buffers:           23548 kB
Cached:           293176 kB
MemTotal:        1844596 kB
MemFree:         1371420 kB
MemAvailable:    1558388 kB
Buffers:           23548 kB
Cached:           293176 kB
MemTotal:        1844596 kB
MemFree:         1370488 kB
MemAvailable:    1557456 kB
Buffers:           23548 kB
Cached:           293176 kB
MemTotal:        1844596 kB
MemFree:         1371576 kB
MemAvailable:    1558544 kB
Buffers:           23548 kB
Cached:           293176 kB
MemTotal:        1844596 kB
MemFree:         1371152 kB
MemAvailable:    1558120 kB
Buffers:           23548 kB
Cached:           293176 kB
MemTotal:        1844596 kB
MemFree:         1371236 kB
MemAvailable:    1558204 kB
Buffers:           23548 kB
Cached:           293176 kB
MemTotal:        1844596 kB
MemFree:         1369184 kB
MemAvailable:    1556156 kB
Buffers:           23548 kB
Cached:           293180 kB
MemTotal:        1844596 kB
MemFree:         1366828 kB
MemAvailable:    1553800 kB
Buffers:           23548 kB
Cached:           293180 kB
MemTotal:        1844596 kB
MemFree:         1364208 kB
MemAvailable:    1551184 kB
Buffers:           23548 kB
Cached:           293180 kB
MemTotal:        1844596 kB
MemFree:         1363976 kB
MemAvailable:    1550952 kB
Buffers:           23548 kB
Cached:           293180 kB
MemTotal:        1844596 kB
MemFree:         1363832 kB
MemAvailable:    1550808 kB
Buffers:           23548 kB
Cached:           293180 kB
MemTotal:        1844596 kB
MemFree:         1364084 kB
MemAvailable:    1551060 kB
Buffers:           23548 kB
Cached:           293180 kB
MemTotal:        1844596 kB
MemFree:         1362348 kB
MemAvailable:    1549324 kB
Buffers:           23548 kB
Cached:           293180 kB
MemTotal:        1844596 kB
MemFree:         1362612 kB
MemAvailable:    1549588 kB
Buffers:           23548 kB
Cached:           293180 kB
MemTotal:        1844596 kB
MemFree:         1363588 kB
MemAvailable:    1550564 kB
Buffers:           23548 kB
Cached:           293180 kB
MemTotal:        1844596 kB
MemFree:         1363672 kB
MemAvailable:    1550648 kB
Buffers:           23548 kB
Cached:           293180 kB
MemTotal:        1844596 kB
MemFree:         1362220 kB
MemAvailable:    1549196 kB
Buffers:           23548 kB
Cached:           293180 kB
MemTotal:        1844596 kB
MemFree:         1362352 kB
MemAvailable:    1549328 kB
Buffers:           23548 kB
Cached:           293180 kB
MemTotal:        1844596 kB
MemFree:         1362600 kB
MemAvailable:    1549576 kB
Buffers:           23548 kB
Cached:           293180 kB
MemTotal:        1844596 kB
MemFree:         1363716 kB
MemAvailable:    1550692 kB
Buffers:           23548 kB
Cached:           293180 kB
MemTotal:        1844596 kB
MemFree:         1362476 kB
MemAvailable:    1549452 kB
Buffers:           23548 kB
Cached:           293180 kB
MemTotal:        1844596 kB
MemFree:         1363900 kB
MemAvailable:    1550876 kB
Buffers:           23548 kB
Cached:           293180 kB
MemTotal:        1844596 kB
MemFree:         1362460 kB
MemAvailable:    1549436 kB
Buffers:           23548 kB
Cached:           293180 kB
MemTotal:        1844596 kB
MemFree:         1363792 kB
MemAvailable:    1550768 kB
Buffers:           23548 kB
Cached:           293180 kB
MemTotal:        1844596 kB
MemFree:         1363292 kB
MemAvailable:    1550268 kB
Buffers:           23548 kB
Cached:           293180 kB
MemTotal:        1844596 kB
MemFree:         1363628 kB
MemAvailable:    1550604 kB
Buffers:           23548 kB
Cached:           293180 kB
MemTotal:        1844596 kB
MemFree:         1362116 kB
MemAvailable:    1549092 kB
Buffers:           23548 kB
Cached:           293180 kB
MemTotal:        1844596 kB
MemFree:         1362604 kB
MemAvailable:    1549580 kB
Buffers:           23548 kB
Cached:           293180 kB
MemTotal:        1844596 kB
MemFree:         1362860 kB
MemAvailable:    1549836 kB
Buffers:           23548 kB
Cached:           293180 kB
MemTotal:        1844596 kB
MemFree:         1361124 kB
MemAvailable:    1548100 kB
Buffers:           23548 kB
Cached:           293180 kB
MemTotal:        1844596 kB
MemFree:         1362116 kB
MemAvailable:    1549092 kB
Buffers:           23548 kB
Cached:           293180 kB
MemTotal:        1844596 kB
MemFree:         1360620 kB
MemAvailable:    1547596 kB
Buffers:           23548 kB
Cached:           293180 kB
MemTotal:        1844596 kB
MemFree:         1360812 kB
MemAvailable:    1547788 kB
Buffers:           23548 kB
Cached:           293180 kB
MemTotal:        1844596 kB
MemFree:         1360688 kB
MemAvailable:    1547664 kB
Buffers:           23548 kB
Cached:           293180 kB
MemTotal:        1844596 kB
MemFree:         1359992 kB
MemAvailable:    1546968 kB
Buffers:           23548 kB
Cached:           293180 kB
MemTotal:        1844596 kB
MemFree:         1359884 kB
MemAvailable:    1546860 kB
Buffers:           23548 kB
Cached:           293180 kB
MemTotal:        1844596 kB
MemFree:         1358756 kB
MemAvailable:    1545732 kB
Buffers:           23548 kB
Cached:           293180 kB
MemTotal:        1844596 kB
MemFree:         1358624 kB
MemAvailable:    1545600 kB
Buffers:           23548 kB
Cached:           293180 kB
MemTotal:        1844596 kB
MemFree:         1358748 kB
MemAvailable:    1545724 kB
Buffers:           23548 kB
Cached:           293180 kB
MemTotal:        1844596 kB
MemFree:         1358748 kB
MemAvailable:    1545724 kB
Buffers:           23548 kB
Cached:           293180 kB
MemTotal:        1844596 kB
MemFree:         1358996 kB
MemAvailable:    1545972 kB
Buffers:           23548 kB
Cached:           293180 kB
MemTotal:        1844596 kB
MemFree:         1359856 kB
MemAvailable:    1546832 kB
Buffers:           23548 kB
Cached:           293180 kB
MemTotal:        1844596 kB
MemFree:         1359520 kB
MemAvailable:    1546496 kB
Buffers:           23548 kB
Cached:           293180 kB
MemTotal:        1844596 kB
MemFree:         1359812 kB
MemAvailable:    1546788 kB
Buffers:           23548 kB
Cached:           293180 kB
MemTotal:        1844596 kB
MemFree:         1358520 kB
MemAvailable:    1545496 kB
Buffers:           23548 kB
Cached:           293180 kB
MemTotal:        1844596 kB
MemFree:         1358644 kB
MemAvailable:    1545620 kB
Buffers:           23548 kB
Cached:           293180 kB
MemTotal:        1844596 kB
MemFree:         1358596 kB
MemAvailable:    1545572 kB
Buffers:           23548 kB
Cached:           293180 kB
MemTotal:        1844596 kB
MemFree:         1358588 kB
MemAvailable:    1545564 kB
Buffers:           23548 kB
Cached:           293180 kB
MemTotal:        1844596 kB
MemFree:         1358148 kB
MemAvailable:    1545124 kB
Buffers:           23548 kB
Cached:           293180 kB
MemTotal:        1844596 kB
MemFree:         1359016 kB
MemAvailable:    1545992 kB
Buffers:           23548 kB
Cached:           293180 kB
MemTotal:        1844596 kB
MemFree:         1355916 kB
MemAvailable:    1542892 kB
Buffers:           23548 kB
Cached:           293180 kB
MemTotal:        1844596 kB
MemFree:         1350832 kB
MemAvailable:    1537808 kB
Buffers:           23548 kB
Cached:           293180 kB
MemTotal:        1844596 kB
MemFree:         1352000 kB
MemAvailable:    1538976 kB
Buffers:           23548 kB
Cached:           293180 kB
MemTotal:        1844596 kB
MemFree:         1350700 kB
MemAvailable:    1537676 kB
Buffers:           23548 kB
Cached:           293180 kB
MemTotal:        1844596 kB
MemFree:         1351684 kB
MemAvailable:    1538660 kB
Buffers:           23548 kB
Cached:           293180 kB
MemTotal:        1844596 kB
MemFree:         1350448 kB
MemAvailable:    1537424 kB
Buffers:           23548 kB
Cached:           293180 kB
MemTotal:        1844596 kB
MemFree:         1350528 kB
MemAvailable:    1537504 kB
Buffers:           23548 kB
Cached:           293180 kB
MemTotal:        1844596 kB
MemFree:         1353668 kB
MemAvailable:    1540644 kB
Buffers:           23548 kB
Cached:           293180 kB
MemTotal:        1844596 kB
MemFree:         1353560 kB
MemAvailable:    1540536 kB
Buffers:           23548 kB
Cached:           293180 kB
MemTotal:        1844596 kB
MemFree:         1353680 kB
MemAvailable:    1540656 kB
Buffers:           23548 kB
Cached:           293304 kB
MemTotal:        1844596 kB
MemFree:         1353940 kB
MemAvailable:    1541084 kB
Buffers:           23548 kB
Cached:           293304 kB
MemTotal:        1844596 kB
MemFree:         1352248 kB
MemAvailable:    1539476 kB
Buffers:           23548 kB
Cached:           293428 kB
MemTotal:        1844596 kB
MemFree:         1352248 kB
MemAvailable:    1539476 kB
Buffers:           23548 kB
Cached:           293552 kB
MemTotal:        1844596 kB
MemFree:         1353132 kB
MemAvailable:    1540612 kB
Buffers:           23548 kB
Cached:           293676 kB
MemTotal:        1844596 kB
MemFree:         1353300 kB
MemAvailable:    1540780 kB
Buffers:           23548 kB
Cached:           293676 kB
MemTotal:        1844596 kB
MemFree:         1352868 kB
MemAvailable:    1540432 kB
Buffers:           23548 kB
Cached:           293800 kB
MemTotal:        1844596 kB
MemFree:         1353204 kB
MemAvailable:    1540768 kB
Buffers:           23548 kB
Cached:           293800 kB
MemTotal:        1844596 kB
MemFree:         1351804 kB
MemAvailable:    1539368 kB
Buffers:           23548 kB
Cached:           293800 kB
MemTotal:        1844596 kB
MemFree:         1353036 kB
MemAvailable:    1540600 kB
Buffers:           23548 kB
Cached:           293800 kB
MemTotal:        1844596 kB
MemFree:         1351796 kB
MemAvailable:    1539360 kB
Buffers:           23548 kB
Cached:           293800 kB
MemTotal:        1844596 kB
MemFree:         1353024 kB
MemAvailable:    1540588 kB
Buffers:           23548 kB
Cached:           293800 kB
MemTotal:        1844596 kB
MemFree:         1353108 kB
MemAvailable:    1540672 kB
Buffers:           23548 kB
Cached:           293800 kB
MemTotal:        1844596 kB
MemFree:         1352744 kB
MemAvailable:    1540392 kB
Buffers:           23548 kB
Cached:           293924 kB
MemTotal:        1844596 kB
MemFree:         1353080 kB
MemAvailable:    1540728 kB
Buffers:           23548 kB
Cached:           293924 kB
MemTotal:        1844596 kB
MemFree:         1397724 kB
MemAvailable:    1584784 kB
Buffers:           23548 kB
Cached:           293252 kB
