MemTotal:        1844596 kB
MemFree:         1420356 kB
MemAvailable:    1607904 kB
Buffers:           23628 kB
Cached:           293628 kB
MemTotal:        1844596 kB
MemFree:         1392836 kB
MemAvailable:    1580388 kB
Buffers:           23628 kB
Cached:           293632 kB
MemTotal:        1844596 kB
MemFree:         1391348 kB
MemAvailable:    1578900 kB
Buffers:           23628 kB
Cached:           293632 kB
MemTotal:        1844596 kB
MemFree:         1390744 kB
MemAvailable:    1578296 kB
Buffers:           23628 kB
Cached:           293632 kB
MemTotal:        1844596 kB
MemFree:         1389744 kB
MemAvailable:    1577296 kB
Buffers:           23628 kB
Cached:           293632 kB
MemTotal:        1844596 kB
MemFree:         1389812 kB
MemAvailable:    1577364 kB
Buffers:           23628 kB
Cached:           293632 kB
MemTotal:        1844596 kB
MemFree:         1389856 kB
MemAvailable:    1577408 kB
Buffers:           23628 kB
Cached:           293632 kB
MemTotal:        1844596 kB
MemFree:         1388504 kB
MemAvailable:    1576056 kB
Buffers:           23628 kB
Cached:           293632 kB
MemTotal:        1844596 kB
MemFree:         1388324 kB
MemAvailable:    1575876 kB
Buffers:           23628 kB
Cached:           293632 kB
MemTotal:        1844596 kB
MemFree:         1385032 kB
MemAvailable:    1572584 kB
Buffers:           23628 kB
Cached:           293632 kB
MemTotal:        1844596 kB
MemFree:         1383488 kB
MemAvailable:    1571040 kB
Buffers:           23628 kB
Cached:           293632 kB
MemTotal:        1844596 kB
MemFree:         1378460 kB
MemAvailable:    1566012 kB
Buffers:           23628 kB
Cached:           293632 kB
MemTotal:        1844596 kB
MemFree:         1378228 kB
MemAvailable:    1565780 kB
Buffers:           23628 kB
Cached:           293632 kB
MemTotal:        1844596 kB
MemFree:         1379364 kB
MemAvailable:    1566916 kB
Buffers:           23628 kB
Cached:           293632 kB
MemTotal:        1844596 kB
MemFree:         1379336 kB
MemAvailable:    1566888 kB
Buffers:           23628 kB
Cached:           293632 kB
MemTotal:        1844596 kB
MemFree:         1379432 kB
MemAvailable:    1566984 kB
Buffers:           23628 kB
Cached:           293632 kB
MemTotal:        1844596 kB
MemFree:         1379768 kB
MemAvailable:    1567320 kB
Buffers:           23628 kB
Cached:           293632 kB
MemTotal:        1844596 kB
MemFree:         1379308 kB
MemAvailable:    1566860 kB
Buffers:           23628 kB
Cached:           293632 kB
MemTotal:        1844596 kB
MemFree:         1379308 kB
MemAvailable:    1566860 kB
Buffers:           23628 kB
Cached:           293632 kB
MemTotal:        1844596 kB
MemFree:         1378088 kB
MemAvailable:    1565640 kB
Buffers:           23628 kB
Cached:           293632 kB
MemTotal:        1844596 kB
MemFree:         1377228 kB
MemAvailable:    1564780 kB
Buffers:           23628 kB
Cached:           293632 kB
MemTotal:        1844596 kB
MemFree:         1377288 kB
MemAvailable:    1564840 kB
Buffers:           23628 kB
Cached:           293632 kB
MemTotal:        1844596 kB
MemFree:         1375980 kB
MemAvailable:    1563532 kB
Buffers:           23628 kB
Cached:           293632 kB
MemTotal:        1844596 kB
MemFree:         1377156 kB
MemAvailable:    1564708 kB
Buffers:           23628 kB
Cached:           293632 kB
MemTotal:        1844596 kB
MemFree:         1377212 kB
MemAvailable:    1564764 kB
Buffers:           23628 kB
Cached:           293632 kB
MemTotal:        1844596 kB
MemFree:         1377016 kB
MemAvailable:    1564568 kB
Buffers:           23628 kB
Cached:           293632 kB
MemTotal:        1844596 kB
MemFree:         1377148 kB
MemAvailable:    1564700 kB
Buffers:           23628 kB
Cached:           293632 kB
MemTotal:        1844596 kB
MemFree:         1375716 kB
MemAvailable:    1563268 kB
Buffers:           23628 kB
Cached:           293632 kB
MemTotal:        1844596 kB
MemFree:         1377016 kB
MemAvailable:    1564568 kB
Buffers:           23628 kB
Cached:           293632 kB
MemTotal:        1844596 kB
MemFree:         1377268 kB
MemAvailable:    1564820 kB
Buffers:           23628 kB
Cached:           293632 kB
MemTotal:        1844596 kB
MemFree:         1378080 kB
MemAvailable:    1565632 kB
Buffers:           23628 kB
Cached:           293632 kB
MemTotal:        1844596 kB
MemFree:         1378416 kB
MemAvailable:    1565968 kB
Buffers:           23628 kB
Cached:           293632 kB
MemTotal:        1844596 kB
MemFree:         1376716 kB
MemAvailable:    1564268 kB
Buffers:           23628 kB
Cached:           293632 kB
MemTotal:        1844596 kB
MemFree:         1376716 kB
MemAvailable:    1564268 kB
Buffers:           23628 kB
Cached:           293632 kB
MemTotal:        1844596 kB
MemFree:         1374600 kB
MemAvailable:    1562152 kB
Buffers:           23628 kB
Cached:           293632 kB
MemTotal:        1844596 kB
MemFree:         1374748 kB
MemAvailable:    1562300 kB
Buffers:           23628 kB
Cached:           293632 kB
MemTotal:        1844596 kB
MemFree:         1373328 kB
MemAvailable:    1560880 kB
Buffers:           23628 kB
Cached:           293632 kB
MemTotal:        1844596 kB
MemFree:         1374244 kB
MemAvailable:    1561796 kB
Buffers:           23628 kB
Cached:           293632 kB
MemTotal:        1844596 kB
MemFree:         1373004 kB
MemAvailable:    1560556 kB
Buffers:           23628 kB
Cached:           293632 kB
MemTotal:        1844596 kB
MemFree:         1373252 kB
MemAvailable:    1560804 kB
Buffers:           23628 kB
Cached:           293632 kB
MemTotal:        1844596 kB
MemFree:         1372868 kB
MemAvailable:    1560420 kB
Buffers:           23628 kB
Cached:           293632 kB
MemTotal:        1844596 kB
MemFree:         1373120 kB
MemAvailable:    1560672 kB
Buffers:           23628 kB
Cached:           293632 kB
MemTotal:        1844596 kB
MemFree:         1371764 kB
MemAvailable:    1559316 kB
Buffers:           23628 kB
Cached:           293632 kB
MemTotal:        1844596 kB
MemFree:         1372776 kB
MemAvailable:    1560328 kB
Buffers:           23628 kB
Cached:           293632 kB
MemTotal:        1844596 kB
MemFree:         1372896 kB
MemAvailable:    1560448 kB
Buffers:           23628 kB
Cached:           293632 kB
MemTotal:        1844596 kB
MemFree:         1371464 kB
MemAvailable:    1559016 kB
Buffers:           23628 kB
Cached:           293632 kB
MemTotal:        1844596 kB
MemFree:         1371464 kB
MemAvailable:    1559016 kB
Buffers:           23628 kB
Cached:           293632 kB
MemTotal:        1844596 kB
MemFree:         1372576 kB
MemAvailable:    1560128 kB
Buffers:           23628 kB
Cached:           293632 kB
MemTotal:        1844596 kB
MemFree:         1372204 kB
MemAvailable:    1559756 kB
Buffers:           23628 kB
Cached:           293632 kB
MemTotal:        1844596 kB
MemFree:         1371144 kB
MemAvailable:    1558696 kB
Buffers:           23628 kB
Cached:           293632 kB
MemTotal:        1844596 kB
MemFree:         1370516 kB
MemAvailable:    1558068 kB
Buffers:           23628 kB
Cached:           293632 kB
MemTotal:        1844596 kB
MemFree:         1372008 kB
MemAvailable:    1559560 kB
Buffers:           23628 kB
Cached:           293632 kB
MemTotal:        1844596 kB
MemFree:         1370636 kB
MemAvailable:    1558188 kB
Buffers:           23628 kB
Cached:           293632 kB
MemTotal:        1844596 kB
MemFree:         1371936 kB
MemAvailable:    1559488 kB
Buffers:           23628 kB
Cached:           293632 kB
MemTotal:        1844596 kB
MemFree:         1371936 kB
MemAvailable:    1559488 kB
Buffers:           23628 kB
Cached:           293632 kB
MemTotal:        1844596 kB
MemFree:         1371936 kB
MemAvailable:    1559488 kB
Buffers:           23628 kB
Cached:           293632 kB
MemTotal:        1844596 kB
MemFree:         1371804 kB
MemAvailable:    1559356 kB
Buffers:           23628 kB
Cached:           293632 kB
MemTotal:        1844596 kB
MemFree:         1371736 kB
MemAvailable:    1559288 kB
Buffers:           23628 kB
Cached:           293632 kB
MemTotal:        1844596 kB
MemFree:         1372072 kB
MemAvailable:    1559624 kB
Buffers:           23628 kB
Cached:           293632 kB
MemTotal:        1844596 kB
MemFree:         1370580 kB
MemAvailable:    1558132 kB
Buffers:           23628 kB
Cached:           293632 kB
MemTotal:        1844596 kB
MemFree:         1370160 kB
MemAvailable:    1557712 kB
Buffers:           23628 kB
Cached:           293632 kB
MemTotal:        1844596 kB
MemFree:         1371608 kB
MemAvailable:    1559160 kB
Buffers:           23628 kB
Cached:           293632 kB
MemTotal:        1844596 kB
MemFree:         1371220 kB
MemAvailable:    1558772 kB
Buffers:           23628 kB
Cached:           293632 kB
MemTotal:        1844596 kB
MemFree:         1371152 kB
MemAvailable:    1558704 kB
Buffers:           23628 kB
Cached:           293632 kB
MemTotal:        1844596 kB
MemFree:         1370956 kB
MemAvailable:    1558508 kB
Buffers:           23628 kB
Cached:           293632 kB
MemTotal:        1844596 kB
MemFree:         1370956 kB
MemAvailable:    1558508 kB
Buffers:           23636 kB
Cached:           293624 kB
MemTotal:        1844596 kB
MemFree:         1371088 kB
MemAvailable:    1558640 kB
Buffers:           23640 kB
Cached:           293620 kB
MemTotal:        1844596 kB
MemFree:         1370900 kB
MemAvailable:    1558452 kB
Buffers:           23640 kB
Cached:           293620 kB
MemTotal:        1844596 kB
MemFree:         1371028 kB
MemAvailable:    1558580 kB
Buffers:           23640 kB
Cached:           293620 kB
MemTotal:        1844596 kB
MemFree:         1369764 kB
MemAvailable:    1557316 kB
Buffers:           23640 kB
Cached:           293620 kB
MemTotal:        1844596 kB
MemFree:         1370996 kB
MemAvailable:    1558548 kB
Buffers:           23640 kB
Cached:           293620 kB
MemTotal:        1844596 kB
MemFree:         1370808 kB
MemAvailable:    1558360 kB
Buffers:           23640 kB
Cached:           293620 kB
MemTotal:        1844596 kB
MemFree:         1370764 kB
MemAvailable:    1558316 kB
Buffers:           23640 kB
Cached:           293620 kB
MemTotal:        1844596 kB
MemFree:         1370904 kB
MemAvailable:    1558456 kB
Buffers:           23640 kB
Cached:           293620 kB
MemTotal:        1844596 kB
MemFree:         1370752 kB
MemAvailable:    1558304 kB
Buffers:           23640 kB
Cached:           293620 kB
MemTotal:        1844596 kB
MemFree:         1371004 kB
MemAvailable:    1558556 kB
Buffers:           23640 kB
Cached:           293620 kB
MemTotal:        1844596 kB
MemFree:         1370656 kB
MemAvailable:    1558208 kB
Buffers:           23640 kB
Cached:           293620 kB
MemTotal:        1844596 kB
MemFree:         1367804 kB
MemAvailable:    1555356 kB
Buffers:           23640 kB
Cached:           293620 kB
MemTotal:        1844596 kB
MemFree:         1365884 kB
MemAvailable:    1553436 kB
Buffers:           23640 kB
Cached:           293620 kB
MemTotal:        1844596 kB
MemFree:         1363164 kB
MemAvailable:    1550716 kB
Buffers:           23640 kB
Cached:           293620 kB
MemTotal:        1844596 kB
MemFree:         1363588 kB
MemAvailable:    1551152 kB
Buffers:           23640 kB
Cached:           293632 kB
MemTotal:        1844596 kB
MemFree:         1363084 kB
MemAvailable:    1550648 kB
Buffers:           23640 kB
Cached:           293632 kB
MemTotal:        1844596 kB
MemFree:         1363084 kB
MemAvailable:    1550648 kB
Buffers:           23640 kB
Cached:           293632 kB
MemTotal:        1844596 kB
MemFree:         1363144 kB
MemAvailable:    1550708 kB
Buffers:           23640 kB
Cached:           293632 kB
MemTotal:        1844596 kB
MemFree:         1361604 kB
MemAvailable:    1549176 kB
Buffers:           23640 kB
Cached:           293640 kB
MemTotal:        1844596 kB
MemFree:         1362872 kB
MemAvailable:    1550444 kB
Buffers:           23640 kB
Cached:           293640 kB
MemTotal:        1844596 kB
MemFree:         1362872 kB
MemAvailable:    1550444 kB
Buffers:           23640 kB
Cached:           293640 kB
MemTotal:        1844596 kB
MemFree:         1362768 kB
MemAvailable:    1550340 kB
Buffers:           23640 kB
Cached:           293640 kB
MemTotal:        1844596 kB
MemFree:         1363104 kB
MemAvailable:    1550676 kB
Buffers:           23640 kB
Cached:           293640 kB
MemTotal:        1844596 kB
MemFree:         1361660 kB
MemAvailable:    1549232 kB
Buffers:           23640 kB
Cached:           293640 kB
MemTotal:        1844596 kB
MemFree:         1362636 kB
MemAvailable:    1550208 kB
Buffers:           23640 kB
Cached:           293640 kB
MemTotal:        1844596 kB
MemFree:         1361976 kB
MemAvailable:    1549548 kB
Buffers:           23640 kB
Cached:           293640 kB
MemTotal:        1844596 kB
MemFree:         1362704 kB
MemAvailable:    1550276 kB
Buffers:           23640 kB
Cached:           293640 kB
MemTotal:        1844596 kB
MemFree:         1363040 kB
MemAvailable:    1550612 kB
Buffers:           23640 kB
Cached:           293640 kB
MemTotal:        1844596 kB
MemFree:         1361680 kB
MemAvailable:    1549252 kB
Buffers:           23640 kB
Cached:           293640 kB
MemTotal:        1844596 kB
MemFree:         1362788 kB
MemAvailable:    1550360 kB
Buffers:           23640 kB
Cached:           293640 kB
MemTotal:        1844596 kB
MemFree:         1362924 kB
MemAvailable:    1550496 kB
Buffers:           23640 kB
Cached:           293640 kB
MemTotal:        1844596 kB
MemFree:         1362400 kB
MemAvailable:    1549972 kB
Buffers:           23640 kB
Cached:           293640 kB
MemTotal:        1844596 kB
MemFree:         1362216 kB
MemAvailable:    1549788 kB
Buffers:           23640 kB
Cached:           293640 kB
MemTotal:        1844596 kB
MemFree:         1360612 kB
MemAvailable:    1548184 kB
Buffers:           23640 kB
Cached:           293640 kB
MemTotal:        1844596 kB
MemFree:         1360488 kB
MemAvailable:    1548060 kB
Buffers:           23640 kB
Cached:           293640 kB
MemTotal:        1844596 kB
MemFree:         1361216 kB
MemAvailable:    1548788 kB
Buffers:           23640 kB
Cached:           293640 kB
MemTotal:        1844596 kB
MemFree:         1361168 kB
MemAvailable:    1548740 kB
Buffers:           23640 kB
Cached:           293640 kB
MemTotal:        1844596 kB
MemFree:         1360300 kB
MemAvailable:    1547872 kB
Buffers:           23640 kB
Cached:           293640 kB
MemTotal:        1844596 kB
MemFree:         1359000 kB
MemAvailable:    1546572 kB
Buffers:           23640 kB
Cached:           293640 kB
MemTotal:        1844596 kB
MemFree:         1359124 kB
MemAvailable:    1546696 kB
Buffers:           23640 kB
Cached:           293640 kB
MemTotal:        1844596 kB
MemFree:         1359232 kB
MemAvailable:    1546804 kB
Buffers:           23640 kB
Cached:           293640 kB
MemTotal:        1844596 kB
MemFree:         1359400 kB
MemAvailable:    1546972 kB
Buffers:           23640 kB
Cached:           293640 kB
MemTotal:        1844596 kB
MemFree:         1359444 kB
MemAvailable:    1547016 kB
Buffers:           23640 kB
Cached:           293640 kB
MemTotal:        1844596 kB
MemFree:         1358200 kB
MemAvailable:    1545772 kB
Buffers:           23640 kB
Cached:           293640 kB
MemTotal:        1844596 kB
MemFree:         1358380 kB
MemAvailable:    1545952 kB
Buffers:           23640 kB
Cached:           293640 kB
MemTotal:        1844596 kB
MemFree:         1359300 kB
MemAvailable:    1546872 kB
Buffers:           23640 kB
Cached:           293640 kB
MemTotal:        1844596 kB
MemFree:         1358984 kB
MemAvailable:    1546556 kB
Buffers:           23640 kB
Cached:           293640 kB
MemTotal:        1844596 kB
MemFree:         1359320 kB
MemAvailable:    1546892 kB
Buffers:           23640 kB
Cached:           293640 kB
MemTotal:        1844596 kB
MemFree:         1357828 kB
MemAvailable:    1545400 kB
Buffers:           23640 kB
Cached:           293640 kB
MemTotal:        1844596 kB
MemFree:         1359060 kB
MemAvailable:    1546632 kB
Buffers:           23640 kB
Cached:           293640 kB
MemTotal:        1844596 kB
MemFree:         1357696 kB
MemAvailable:    1545268 kB
Buffers:           23640 kB
Cached:           293640 kB
MemTotal:        1844596 kB
MemFree:         1359228 kB
MemAvailable:    1546800 kB
Buffers:           23640 kB
Cached:           293640 kB
MemTotal:        1844596 kB
MemFree:         1359220 kB
MemAvailable:    1546792 kB
Buffers:           23640 kB
Cached:           293640 kB
MemTotal:        1844596 kB
MemFree:         1358424 kB
MemAvailable:    1545996 kB
Buffers:           23640 kB
Cached:           293640 kB
MemTotal:        1844596 kB
MemFree:         1358184 kB
MemAvailable:    1545756 kB
Buffers:           23640 kB
Cached:           293640 kB
MemTotal:        1844596 kB
MemFree:         1358184 kB
MemAvailable:    1545756 kB
Buffers:           23640 kB
Cached:           293640 kB
MemTotal:        1844596 kB
MemFree:         1351132 kB
MemAvailable:    1538704 kB
Buffers:           23640 kB
Cached:           293640 kB
MemTotal:        1844596 kB
MemFree:         1351188 kB
MemAvailable:    1538760 kB
Buffers:           23640 kB
Cached:           293640 kB
MemTotal:        1844596 kB
MemFree:         1349936 kB
MemAvailable:    1537508 kB
Buffers:           23640 kB
Cached:           293640 kB
MemTotal:        1844596 kB
MemFree:         1349796 kB
MemAvailable:    1537368 kB
Buffers:           23640 kB
Cached:           293640 kB
MemTotal:        1844596 kB
MemFree:         1351188 kB
MemAvailable:    1538760 kB
Buffers:           23640 kB
Cached:           293640 kB
MemTotal:        1844596 kB
MemFree:         1351056 kB
MemAvailable:    1538628 kB
Buffers:           23640 kB
Cached:           293640 kB
MemTotal:        1844596 kB
MemFree:         1353072 kB
MemAvailable:    1540644 kB
Buffers:           23640 kB
Cached:           293640 kB
MemTotal:        1844596 kB
MemFree:         1352020 kB
MemAvailable:    1539592 kB
Buffers:           23640 kB
Cached:           293640 kB
MemTotal:        1844596 kB
MemFree:         1353108 kB
MemAvailable:    1540680 kB
Buffers:           23640 kB
Cached:           293640 kB
MemTotal:        1844596 kB
MemFree:         1352976 kB
MemAvailable:    1540716 kB
Buffers:           23640 kB
Cached:           293764 kB
MemTotal:        1844596 kB
MemFree:         1352736 kB
MemAvailable:    1540560 kB
Buffers:           23640 kB
Cached:           293888 kB
MemTotal:        1844596 kB
MemFree:         1352736 kB
MemAvailable:    1540560 kB
Buffers:           23640 kB
Cached:           293888 kB
MemTotal:        1844596 kB
MemFree:         1352608 kB
MemAvailable:    1540600 kB
Buffers:           23640 kB
Cached:           294136 kB
MemTotal:        1844596 kB
MemFree:         1351684 kB
MemAvailable:    1539760 kB
Buffers:           23640 kB
Cached:           294136 kB
MemTotal:        1844596 kB
MemFree:         1352600 kB
MemAvailable:    1540844 kB
Buffers:           23640 kB
Cached:           294260 kB
MemTotal:        1844596 kB
MemFree:         1352428 kB
MemAvailable:    1540672 kB
Buffers:           23640 kB
Cached:           294260 kB
MemTotal:        1844596 kB
MemFree:         1351120 kB
MemAvailable:    1539364 kB
Buffers:           23640 kB
Cached:           294260 kB
MemTotal:        1844596 kB
MemFree:         1352264 kB
MemAvailable:    1540508 kB
Buffers:           23640 kB
Cached:           294260 kB
MemTotal:        1844596 kB
MemFree:         1352600 kB
MemAvailable:    1540844 kB
Buffers:           23640 kB
Cached:           294260 kB
MemTotal:        1844596 kB
MemFree:         1352356 kB
MemAvailable:    1540600 kB
Buffers:           23640 kB
Cached:           294260 kB
MemTotal:        1844596 kB
MemFree:         1352404 kB
MemAvailable:    1540648 kB
Buffers:           23640 kB
Cached:           294260 kB
MemTotal:        1844596 kB
MemFree:         1351312 kB
MemAvailable:    1539556 kB
Buffers:           23640 kB
Cached:           294260 kB
MemTotal:        1844596 kB
MemFree:         1352488 kB
MemAvailable:    1540732 kB
Buffers:           23640 kB
Cached:           294384 kB
MemTotal:        1844596 kB
MemFree:         1352464 kB
MemAvailable:    1540120 kB
Buffers:           23640 kB
Cached:           293712 kB
MemTotal:        1844596 kB
MemFree:         1420220 kB
MemAvailable:    1607876 kB
Buffers:           23640 kB
Cached:           293712 kB
