MemTotal:        1844596 kB
MemFree:         1422640 kB
MemAvailable:    1608112 kB
Buffers:           23316 kB
Cached:           292008 kB
MemTotal:        1844596 kB
MemFree:         1395988 kB
MemAvailable:    1581468 kB
Buffers:           23316 kB
Cached:           292012 kB
MemTotal:        1844596 kB
MemFree:         1394128 kB
MemAvailable:    1579608 kB
Buffers:           23316 kB
Cached:           292012 kB
MemTotal:        1844596 kB
MemFree:         1392020 kB
MemAvailable:    1577500 kB
Buffers:           23316 kB
Cached:           292012 kB
MemTotal:        1844596 kB
MemFree:         1392080 kB
MemAvailable:    1577560 kB
Buffers:           23316 kB
Cached:           292012 kB
MemTotal:        1844596 kB
MemFree:         1390656 kB
MemAvailable:    1576136 kB
Buffers:           23316 kB
Cached:           292012 kB
MemTotal:        1844596 kB
MemFree:         1391576 kB
MemAvailable:    1577056 kB
Buffers:           23316 kB
Cached:           292012 kB
MemTotal:        1844596 kB
MemFree:         1389788 kB
MemAvailable:    1575268 kB
Buffers:           23316 kB
Cached:           292012 kB
MemTotal:        1844596 kB
MemFree:         1387664 kB
MemAvailable:    1573144 kB
Buffers:           23316 kB
Cached:           292012 kB
MemTotal:        1844596 kB
MemFree:         1387556 kB
MemAvailable:    1573036 kB
Buffers:           23316 kB
Cached:           292012 kB
MemTotal:        1844596 kB
MemFree:         1385260 kB
MemAvailable:    1570740 kB
Buffers:           23316 kB
Cached:           292012 kB
MemTotal:        1844596 kB
MemFree:         1381168 kB
MemAvailable:    1566648 kB
Buffers:           23316 kB
Cached:           292012 kB
MemTotal:        1844596 kB
MemFree:         1381764 kB
MemAvailable:    1567244 kB
Buffers:           23316 kB
Cached:           292012 kB
MemTotal:        1844596 kB
MemFree:         1381736 kB
MemAvailable:    1567216 kB
Buffers:           23316 kB
Cached:           292012 kB
MemTotal:        1844596 kB
MemFree:         1380480 kB
MemAvailable:    1565960 kB
Buffers:           23316 kB
Cached:           292012 kB
MemTotal:        1844596 kB
MemFree:         1381664 kB
MemAvailable:    1567144 kB
Buffers:           23316 kB
Cached:           292012 kB
MemTotal:        1844596 kB
MemFree:         1381916 kB
MemAvailable:    1567396 kB
Buffers:           23316 kB
Cached:           292012 kB
MemTotal:        1844596 kB
MemFree:         1381540 kB
MemAvailable:    1567020 kB
Buffers:           23316 kB
Cached:           292012 kB
MemTotal:        1844596 kB
MemFree:         1380928 kB
MemAvailable:    1566408 kB
Buffers:           23316 kB
Cached:           292012 kB
MemTotal:        1844596 kB
MemFree:         1380860 kB
MemAvailable:    1566340 kB
Buffers:           23316 kB
Cached:           292012 kB
MemTotal:        1844596 kB
MemFree:         1379372 kB
MemAvailable:    1564852 kB
Buffers:           23316 kB
Cached:           292012 kB
MemTotal:        1844596 kB
MemFree:         1379744 kB
MemAvailable:    1565224 kB
Buffers:           23316 kB
Cached:           292012 kB
MemTotal:        1844596 kB
MemFree:         1379356 kB
MemAvailable:    1564836 kB
Buffers:           23316 kB
Cached:           292012 kB
MemTotal:        1844596 kB
MemFree:         1379440 kB
MemAvailable:    1564920 kB
Buffers:           23316 kB
Cached:           292012 kB
MemTotal:        1844596 kB
MemFree:         1379220 kB
MemAvailable:    1564700 kB
Buffers:           23316 kB
Cached:           292012 kB
MemTotal:        1844596 kB
MemFree:         1379472 kB
MemAvailable:    1564952 kB
Buffers:           23316 kB
Cached:           292012 kB
MemTotal:        1844596 kB
MemFree:         1378120 kB
MemAvailable:    1563600 kB
Buffers:           23316 kB
Cached:           292012 kB
MemTotal:        1844596 kB
MemFree:         1377988 kB
MemAvailable:    1563468 kB
Buffers:           23316 kB
Cached:           292012 kB
MemTotal:        1844596 kB
MemFree:         1379372 kB
MemAvailable:    1564852 kB
Buffers:           23316 kB
Cached:           292012 kB
MemTotal:        1844596 kB
MemFree:         1379168 kB
MemAvailable:    1564648 kB
Buffers:           23316 kB
Cached:           292012 kB
MemTotal:        1844596 kB
MemFree:         1379420 kB
MemAvailable:    1564900 kB
Buffers:           23316 kB
Cached:           292012 kB
MemTotal:        1844596 kB
MemFree:         1380736 kB
MemAvailable:    1566216 kB
Buffers:           23316 kB
Cached:           292012 kB
MemTotal:        1844596 kB
MemFree:         1380500 kB
MemAvailable:    1565980 kB
Buffers:           23316 kB
Cached:           292012 kB
MemTotal:        1844596 kB
MemFree:         1379728 kB
MemAvailable:    1565208 kB
Buffers:           23316 kB
Cached:           292012 kB
MemTotal:        1844596 kB
MemFree:         1379620 kB
MemAvailable:    1565100 kB
Buffers:           23316 kB
Cached:           292012 kB
MemTotal:        1844596 kB
MemFree:         1377000 kB
MemAvailable:    1562480 kB
Buffers:           23316 kB
Cached:           292012 kB
MemTotal:        1844596 kB
MemFree:         1376892 kB
MemAvailable:    1562372 kB
Buffers:           23316 kB
Cached:           292012 kB
MemTotal:        1844596 kB
MemFree:         1377016 kB
MemAvailable:    1562496 kB
Buffers:           23316 kB
Cached:           292012 kB
MemTotal:        1844596 kB
MemFree:         1375280 kB
MemAvailable:    1560760 kB
Buffers:           23316 kB
Cached:           292012 kB
MemTotal:        1844596 kB
MemFree:         1375032 kB
MemAvailable:    1560512 kB
Buffers:           23316 kB
Cached:           292012 kB
MemTotal:        1844596 kB
MemFree:         1375900 kB
MemAvailable:    1561380 kB
Buffers:           23316 kB
Cached:           292012 kB
MemTotal:        1844596 kB
MemFree:         1375016 kB
MemAvailable:    1560496 kB
Buffers:           23316 kB
Cached:           292012 kB
MemTotal:        1844596 kB
MemFree:         1375100 kB
MemAvailable:    1560580 kB
Buffers:           23316 kB
Cached:           292012 kB
MemTotal:        1844596 kB
MemFree:         1375004 kB
MemAvailable:    1560484 kB
Buffers:           23316 kB
Cached:           292012 kB
MemTotal:        1844596 kB
MemFree:         1374400 kB
MemAvailable:    1559880 kB
Buffers:           23316 kB
Cached:           292012 kB
MemTotal:        1844596 kB
MemFree:         1374952 kB
MemAvailable:    1560432 kB
Buffers:           23316 kB
Cached:           292012 kB
MemTotal:        1844596 kB
MemFree:         1375016 kB
MemAvailable:    1560496 kB
Buffers:           23316 kB
Cached:           292012 kB
MemTotal:        1844596 kB
MemFree:         1375056 kB
MemAvailable:    1560536 kB
Buffers:           23316 kB
Cached:           292012 kB
MemTotal:        1844596 kB
MemFree:         1373780 kB
MemAvailable:    1559260 kB
Buffers:           23316 kB
Cached:           292012 kB
MemTotal:        1844596 kB
MemFree:         1374720 kB
MemAvailable:    1560200 kB
Buffers:           23316 kB
Cached:           292012 kB
MemTotal:        1844596 kB
MemFree:         1374396 kB
MemAvailable:    1559876 kB
Buffers:           23316 kB
Cached:           292012 kB
MemTotal:        1844596 kB
MemFree:         1374396 kB
MemAvailable:    1559876 kB
Buffers:           23316 kB
Cached:           292012 kB
MemTotal:        1844596 kB
MemFree:         1372860 kB
MemAvailable:    1558340 kB
Buffers:           23316 kB
Cached:           292012 kB
MemTotal:        1844596 kB
MemFree:         1374148 kB
MemAvailable:    1559628 kB
Buffers:           23316 kB
Cached:           292012 kB
MemTotal:        1844596 kB
MemFree:         1374100 kB
MemAvailable:    1559580 kB
Buffers:           23316 kB
Cached:           292012 kB
MemTotal:        1844596 kB
MemFree:         1372848 kB
MemAvailable:    1558328 kB
Buffers:           23316 kB
Cached:           292012 kB
MemTotal:        1844596 kB
MemFree:         1373296 kB
MemAvailable:    1558776 kB
Buffers:           23316 kB
Cached:           292012 kB
MemTotal:        1844596 kB
MemFree:         1373984 kB
MemAvailable:    1559468 kB
Buffers:           23316 kB
Cached:           292016 kB
MemTotal:        1844596 kB
MemFree:         1374320 kB
MemAvailable:    1559804 kB
Buffers:           23316 kB
Cached:           292016 kB
MemTotal:        1844596 kB
MemFree:         1372752 kB
MemAvailable:    1558236 kB
Buffers:           23316 kB
Cached:           292016 kB
MemTotal:        1844596 kB
MemFree:         1372876 kB
MemAvailable:    1558360 kB
Buffers:           23316 kB
Cached:           292016 kB
MemTotal:        1844596 kB
MemFree:         1373984 kB
MemAvailable:    1559468 kB
Buffers:           23316 kB
Cached:           292016 kB
MemTotal:        1844596 kB
MemFree:         1374240 kB
MemAvailable:    1559724 kB
Buffers:           23316 kB
Cached:           292016 kB
MemTotal:        1844596 kB
MemFree:         1373912 kB
MemAvailable:    1559396 kB
Buffers:           23316 kB
Cached:           292016 kB
MemTotal:        1844596 kB
MemFree:         1372612 kB
MemAvailable:    1558096 kB
Buffers:           23316 kB
Cached:           292016 kB
MemTotal:        1844596 kB
MemFree:         1373844 kB
MemAvailable:    1559328 kB
Buffers:           23316 kB
Cached:           292016 kB
MemTotal:        1844596 kB
MemFree:         1373624 kB
MemAvailable:    1559108 kB
Buffers:           23316 kB
Cached:           292016 kB
MemTotal:        1844596 kB
MemFree:         1371900 kB
MemAvailable:    1557384 kB
Buffers:           23316 kB
Cached:           292016 kB
MemTotal:        1844596 kB
MemFree:         1372148 kB
MemAvailable:    1557632 kB
Buffers:           23316 kB
Cached:           292016 kB
MemTotal:        1844596 kB
MemFree:         1373084 kB
MemAvailable:    1558568 kB
Buffers:           23316 kB
Cached:           292016 kB
MemTotal:        1844596 kB
MemFree:         1373336 kB
MemAvailable:    1558820 kB
Buffers:           23316 kB
Cached:           292016 kB
MemTotal:        1844596 kB
MemFree:         1373112 kB
MemAvailable:    1558596 kB
Buffers:           23316 kB
Cached:           292016 kB
MemTotal:        1844596 kB
MemFree:         1373364 kB
MemAvailable:    1558848 kB
Buffers:           23316 kB
Cached:           292016 kB
MemTotal:        1844596 kB
MemFree:         1373072 kB
MemAvailable:    1558556 kB
Buffers:           23316 kB
Cached:           292016 kB
MemTotal:        1844596 kB
MemFree:         1371704 kB
MemAvailable:    1557188 kB
Buffers:           23316 kB
Cached:           292016 kB
MemTotal:        1844596 kB
MemFree:         1372976 kB
MemAvailable:    1558460 kB
Buffers:           23316 kB
Cached:           292016 kB
MemTotal:        1844596 kB
MemFree:         1373232 kB
MemAvailable:    1558716 kB
Buffers:           23316 kB
Cached:           292016 kB
MemTotal:        1844596 kB
MemFree:         1370784 kB
MemAvailable:    1556268 kB
Buffers:           23316 kB
Cached:           292016 kB
MemTotal:        1844596 kB
MemFree:         1369528 kB
MemAvailable:    1555012 kB
Buffers:           23316 kB
Cached:           292016 kB
MemTotal:        1844596 kB
MemFree:         1369172 kB
MemAvailable:    1554656 kB
Buffers:           23316 kB
Cached:           292016 kB
MemTotal:        1844596 kB
MemFree:         1366072 kB
MemAvailable:    1551556 kB
Buffers:           23316 kB
Cached:           292016 kB
MemTotal:        1844596 kB
MemFree:         1365824 kB
MemAvailable:    1551308 kB
Buffers:           23316 kB
Cached:           292016 kB
MemTotal:        1844596 kB
MemFree:         1364576 kB
MemAvailable:    1550060 kB
Buffers:           23316 kB
Cached:           292016 kB
MemTotal:        1844596 kB
MemFree:         1365512 kB
MemAvailable:    1550996 kB
Buffers:           23316 kB
Cached:           292016 kB
MemTotal:        1844596 kB
MemFree:         1365188 kB
MemAvailable:    1550672 kB
Buffers:           23316 kB
Cached:           292016 kB
MemTotal:        1844596 kB
MemFree:         1365188 kB
MemAvailable:    1550672 kB
Buffers:           23316 kB
Cached:           292016 kB
MemTotal:        1844596 kB
MemFree:         1364088 kB
MemAvailable:    1549572 kB
Buffers:           23316 kB
Cached:           292016 kB
MemTotal:        1844596 kB
MemFree:         1365216 kB
MemAvailable:    1550700 kB
Buffers:           23316 kB
Cached:           292016 kB
MemTotal:        1844596 kB
MemFree:         1363908 kB
MemAvailable:    1549392 kB
Buffers:           23316 kB
Cached:           292016 kB
MemTotal:        1844596 kB
MemFree:         1365052 kB
MemAvailable:    1550536 kB
Buffers:           23316 kB
Cached:           292016 kB
MemTotal:        1844596 kB
MemFree:         1365220 kB
MemAvailable:    1550704 kB
Buffers:           23316 kB
Cached:           292016 kB
MemTotal:        1844596 kB
MemFree:         1365176 kB
MemAvailable:    1550660 kB
Buffers:           23316 kB
Cached:           292016 kB
MemTotal:        1844596 kB
MemFree:         1365072 kB
MemAvailable:    1550556 kB
Buffers:           23316 kB
Cached:           292016 kB
MemTotal:        1844596 kB
MemFree:         1365188 kB
MemAvailable:    1550672 kB
Buffers:           23316 kB
Cached:           292016 kB
MemTotal:        1844596 kB
MemFree:         1365272 kB
MemAvailable:    1550756 kB
Buffers:           23316 kB
Cached:           292016 kB
MemTotal:        1844596 kB
MemFree:         1363952 kB
MemAvailable:    1549436 kB
Buffers:           23316 kB
Cached:           292016 kB
MemTotal:        1844596 kB
MemFree:         1363952 kB
MemAvailable:    1549436 kB
Buffers:           23316 kB
Cached:           292016 kB
MemTotal:        1844596 kB
MemFree:         1365140 kB
MemAvailable:    1550624 kB
Buffers:           23316 kB
Cached:           292016 kB
MemTotal:        1844596 kB
MemFree:         1364444 kB
MemAvailable:    1549928 kB
Buffers:           23316 kB
Cached:           292016 kB
MemTotal:        1844596 kB
MemFree:         1364780 kB
MemAvailable:    1550264 kB
Buffers:           23316 kB
Cached:           292016 kB
MemTotal:        1844596 kB
MemFree:         1362972 kB
MemAvailable:    1548456 kB
Buffers:           23316 kB
Cached:           292016 kB
MemTotal:        1844596 kB
MemFree:         1363832 kB
MemAvailable:    1549316 kB
Buffers:           23316 kB
Cached:           292016 kB
MemTotal:        1844596 kB
MemFree:         1363592 kB
MemAvailable:    1549080 kB
Buffers:           23316 kB
Cached:           292020 kB
MemTotal:        1844596 kB
MemFree:         1363468 kB
MemAvailable:    1548960 kB
Buffers:           23316 kB
Cached:           292024 kB
MemTotal:        1844596 kB
MemFree:         1362856 kB
MemAvailable:    1548348 kB
Buffers:           23316 kB
Cached:           292024 kB
MemTotal:        1844596 kB
MemFree:         1362460 kB
MemAvailable:    1547952 kB
Buffers:           23316 kB
Cached:           292024 kB
MemTotal:        1844596 kB
MemFree:         1362460 kB
MemAvailable:    1547952 kB
Buffers:           23316 kB
Cached:           292024 kB
MemTotal:        1844596 kB
MemFree:         1361600 kB
MemAvailable:    1547092 kB
Buffers:           23316 kB
Cached:           292024 kB
MemTotal:        1844596 kB
MemFree:         1361740 kB
MemAvailable:    1547232 kB
Buffers:           23316 kB
Cached:           292024 kB
MemTotal:        1844596 kB
MemFree:         1361600 kB
MemAvailable:    1547092 kB
Buffers:           23316 kB
Cached:           292024 kB
MemTotal:        1844596 kB
MemFree:         1361852 kB
MemAvailable:    1547344 kB
Buffers:           23316 kB
Cached:           292024 kB
MemTotal:        1844596 kB
MemFree:         1360228 kB
MemAvailable:    1545720 kB
Buffers:           23316 kB
Cached:           292024 kB
MemTotal:        1844596 kB
MemFree:         1361468 kB
MemAvailable:    1546960 kB
Buffers:           23316 kB
Cached:           292024 kB
MemTotal:        1844596 kB
MemFree:         1361272 kB
MemAvailable:    1546764 kB
Buffers:           23316 kB
Cached:           292024 kB
MemTotal:        1844596 kB
MemFree:         1361548 kB
MemAvailable:    1547040 kB
Buffers:           23316 kB
Cached:           292024 kB
MemTotal:        1844596 kB
MemFree:         1361480 kB
MemAvailable:    1546972 kB
Buffers:           23316 kB
Cached:           292024 kB
MemTotal:        1844596 kB
MemFree:         1360812 kB
MemAvailable:    1546304 kB
Buffers:           23316 kB
Cached:           292024 kB
MemTotal:        1844596 kB
MemFree:         1361668 kB
MemAvailable:    1547160 kB
Buffers:           23316 kB
Cached:           292024 kB
MemTotal:        1844596 kB
MemFree:         1360368 kB
MemAvailable:    1545860 kB
Buffers:           23316 kB
Cached:           292024 kB
MemTotal:        1844596 kB
MemFree:         1361360 kB
MemAvailable:    1546852 kB
Buffers:           23316 kB
Cached:           292024 kB
MemTotal:        1844596 kB
MemFree:         1360424 kB
MemAvailable:    1545916 kB
Buffers:           23316 kB
Cached:           292024 kB
MemTotal:        1844596 kB
MemFree:         1361424 kB
MemAvailable:    1546916 kB
Buffers:           23316 kB
Cached:           292024 kB
MemTotal:        1844596 kB
MemFree:         1360184 kB
MemAvailable:    1545676 kB
Buffers:           23316 kB
Cached:           292024 kB
MemTotal:        1844596 kB
MemFree:         1357260 kB
MemAvailable:    1542752 kB
Buffers:           23316 kB
Cached:           292024 kB
MemTotal:        1844596 kB
MemFree:         1352804 kB
MemAvailable:    1538172 kB
Buffers:           23316 kB
Cached:           292024 kB
MemTotal:        1844596 kB
MemFree:         1352432 kB
MemAvailable:    1537928 kB
Buffers:           23316 kB
Cached:           292028 kB
MemTotal:        1844596 kB
MemFree:         1353856 kB
MemAvailable:    1539352 kB
Buffers:           23316 kB
Cached:           292028 kB
MemTotal:        1844596 kB
MemFree:         1353600 kB
MemAvailable:    1539096 kB
Buffers:           23316 kB
Cached:           292028 kB
MemTotal:        1844596 kB
MemFree:         1352564 kB
MemAvailable:    1538060 kB
Buffers:           23316 kB
Cached:           292028 kB
MemTotal:        1844596 kB
MemFree:         1353424 kB
MemAvailable:    1538920 kB
Buffers:           23316 kB
Cached:           292028 kB
MemTotal:        1844596 kB
MemFree:         1353312 kB
MemAvailable:    1538808 kB
Buffers:           23316 kB
Cached:           292028 kB
MemTotal:        1844596 kB
MemFree:         1355532 kB
MemAvailable:    1541028 kB
Buffers:           23316 kB
Cached:           292028 kB
MemTotal:        1844596 kB
MemFree:         1354136 kB
MemAvailable:    1539632 kB
Buffers:           23316 kB
Cached:           292028 kB
MemTotal:        1844596 kB
MemFree:         1355500 kB
MemAvailable:    1540996 kB
Buffers:           23316 kB
Cached:           292028 kB
MemTotal:        1844596 kB
MemFree:         1355312 kB
MemAvailable:    1540976 kB
Buffers:           23316 kB
Cached:           292276 kB
MemTotal:        1844596 kB
MemFree:         1355056 kB
MemAvailable:    1540804 kB
Buffers:           23316 kB
Cached:           292276 kB
MemTotal:        1844596 kB
MemFree:         1354168 kB
MemAvailable:    1540000 kB
Buffers:           23316 kB
Cached:           292400 kB
MemTotal:        1844596 kB
MemFree:         1354592 kB
MemAvailable:    1540508 kB
Buffers:           23316 kB
Cached:           292524 kB
MemTotal:        1844596 kB
MemFree:         1354676 kB
MemAvailable:    1540676 kB
Buffers:           23316 kB
Cached:           292524 kB
MemTotal:        1844596 kB
MemFree:         1354652 kB
MemAvailable:    1540736 kB
Buffers:           23316 kB
Cached:           292648 kB
MemTotal:        1844596 kB
MemFree:         1354656 kB
MemAvailable:    1540740 kB
Buffers:           23316 kB
Cached:           292648 kB
MemTotal:        1844596 kB
MemFree:         1353796 kB
MemAvailable:    1539880 kB
Buffers:           23316 kB
Cached:           292648 kB
MemTotal:        1844596 kB
MemFree:         1354712 kB
MemAvailable:    1540796 kB
Buffers:           23316 kB
Cached:           292648 kB
MemTotal:        1844596 kB
MemFree:         1354600 kB
MemAvailable:    1540684 kB
Buffers:           23316 kB
Cached:           292648 kB
MemTotal:        1844596 kB
MemFree:         1353424 kB
MemAvailable:    1539508 kB
Buffers:           23316 kB
Cached:           292648 kB
MemTotal:        1844596 kB
MemFree:         1354600 kB
MemAvailable:    1540684 kB
Buffers:           23316 kB
Cached:           292648 kB
MemTotal:        1844596 kB
MemFree:         1353376 kB
MemAvailable:    1539460 kB
Buffers:           23316 kB
Cached:           292648 kB
MemTotal:        1844596 kB
MemFree:         1354552 kB
MemAvailable:    1540636 kB
Buffers:           23316 kB
Cached:           292648 kB
MemTotal:        1844596 kB
MemFree:         1353796 kB
MemAvailable:    1539964 kB
Buffers:           23316 kB
Cached:           292772 kB
MemTotal:        1844596 kB
MemFree:         1392688 kB
MemAvailable:    1578184 kB
Buffers:           23316 kB
Cached:           292100 kB
