MemTotal:        1844596 kB
MemFree:         1430548 kB
MemAvailable:    1608168 kB
Buffers:           22044 kB
Cached:           285960 kB
MemTotal:        1844596 kB
MemFree:         1405104 kB
MemAvailable:    1582732 kB
Buffers:           22044 kB
Cached:           285968 kB
MemTotal:        1844596 kB
MemFree:         1403304 kB
MemAvailable:    1580932 kB
Buffers:           22044 kB
Cached:           285968 kB
MemTotal:        1844596 kB
MemFree:         1399772 kB
MemAvailable:    1577400 kB
Buffers:           22044 kB
Cached:           285968 kB
MemTotal:        1844596 kB
MemFree:         1399516 kB
MemAvailable:    1577144 kB
Buffers:           22044 kB
Cached:           285968 kB
MemTotal:        1844596 kB
MemFree:         1399452 kB
MemAvailable:    1577080 kB
Buffers:           22044 kB
Cached:           285968 kB
MemTotal:        1844596 kB
MemFree:         1398268 kB
MemAvailable:    1575896 kB
Buffers:           22044 kB
Cached:           285968 kB
MemTotal:        1844596 kB
MemFree:         1396128 kB
MemAvailable:    1573756 kB
Buffers:           22044 kB
Cached:           285968 kB
MemTotal:        1844596 kB
MemFree:         1395688 kB
MemAvailable:    1573316 kB
Buffers:           22044 kB
Cached:           285968 kB
MemTotal:        1844596 kB
MemFree:         1392580 kB
MemAvailable:    1570208 kB
Buffers:           22044 kB
Cached:           285968 kB
MemTotal:        1844596 kB
MemFree:         1388860 kB
MemAvailable:    1566488 kB
Buffers:           22044 kB
Cached:           285968 kB
MemTotal:        1844596 kB
MemFree:         1389872 kB
MemAvailable:    1567500 kB
Buffers:           22044 kB
Cached:           285968 kB
MemTotal:        1844596 kB
MemFree:         1388440 kB
MemAvailable:    1566068 kB
Buffers:           22044 kB
Cached:           285968 kB
MemTotal:        1844596 kB
MemFree:         1389588 kB
MemAvailable:    1567216 kB
Buffers:           22044 kB
Cached:           285968 kB
MemTotal:        1844596 kB
MemFree:         1389840 kB
MemAvailable:    1567468 kB
Buffers:           22044 kB
Cached:           285968 kB
MemTotal:        1844596 kB
MemFree:         1389452 kB
MemAvailable:    1567080 kB
Buffers:           22044 kB
Cached:           285968 kB
MemTotal:        1844596 kB
MemFree:         1389788 kB
MemAvailable:    1567416 kB
Buffers:           22044 kB
Cached:           285968 kB
MemTotal:        1844596 kB
MemFree:         1389480 kB
MemAvailable:    1567108 kB
Buffers:           22044 kB
Cached:           285968 kB
MemTotal:        1844596 kB
MemFree:         1388108 kB
MemAvailable:    1565736 kB
Buffers:           22044 kB
Cached:           285968 kB
MemTotal:        1844596 kB
MemFree:         1388000 kB
MemAvailable:    1565628 kB
Buffers:           22044 kB
Cached:           285968 kB
MemTotal:        1844596 kB
MemFree:         1387860 kB
MemAvailable:    1565488 kB
Buffers:           22044 kB
Cached:           285968 kB
MemTotal:        1844596 kB
MemFree:         1387424 kB
MemAvailable:    1565052 kB
Buffers:           22044 kB
Cached:           285968 kB
MemTotal:        1844596 kB
MemFree:         1386124 kB
MemAvailable:    1563752 kB
Buffers:           22044 kB
Cached:           285968 kB
MemTotal:        1844596 kB
MemFree:         1387044 kB
MemAvailable:    1564672 kB
Buffers:           22044 kB
Cached:           285968 kB
MemTotal:        1844596 kB
MemFree:         1385948 kB
MemAvailable:    1563576 kB
Buffers:           22044 kB
Cached:           285968 kB
MemTotal:        1844596 kB
MemFree:         1386992 kB
MemAvailable:    1564620 kB
Buffers:           22044 kB
Cached:           285968 kB
MemTotal:        1844596 kB
MemFree:         1387348 kB
MemAvailable:    1564976 kB
Buffers:           22044 kB
Cached:           285968 kB
MemTotal:        1844596 kB
MemFree:         1386380 kB
MemAvailable:    1564008 kB
Buffers:           22044 kB
Cached:           285968 kB
MemTotal:        1844596 kB
MemFree:         1387456 kB
MemAvailable:    1565084 kB
Buffers:           22044 kB
Cached:           285968 kB
MemTotal:        1844596 kB
MemFree:         1386132 kB
MemAvailable:    1563760 kB
Buffers:           22044 kB
Cached:           285968 kB
MemTotal:        1844596 kB
MemFree:         1386380 kB
MemAvailable:    1564012 kB
Buffers:           22044 kB
Cached:           285972 kB
MemTotal:        1844596 kB
MemFree:         1387248 kB
MemAvailable:    1564880 kB
Buffers:           22044 kB
Cached:           285972 kB
MemTotal:        1844596 kB
MemFree:         1387448 kB
MemAvailable:    1565080 kB
Buffers:           22044 kB
Cached:           285972 kB
MemTotal:        1844596 kB
MemFree:         1385752 kB
MemAvailable:    1563384 kB
Buffers:           22044 kB
Cached:           285972 kB
MemTotal:        1844596 kB
MemFree:         1385272 kB
MemAvailable:    1562904 kB
Buffers:           22044 kB
Cached:           285972 kB
MemTotal:        1844596 kB
MemFree:         1385076 kB
MemAvailable:    1562708 kB
Buffers:           22044 kB
Cached:           285972 kB
MemTotal:        1844596 kB
MemFree:         1384456 kB
MemAvailable:    1562088 kB
Buffers:           22044 kB
Cached:           285972 kB
MemTotal:        1844596 kB
MemFree:         1384272 kB
MemAvailable:    1561904 kB
Buffers:           22044 kB
Cached:           285972 kB
MemTotal:        1844596 kB
MemFree:         1382916 kB
MemAvailable:    1560548 kB
Buffers:           22044 kB
Cached:           285972 kB
MemTotal:        1844596 kB
MemFree:         1383388 kB
MemAvailable:    1561020 kB
Buffers:           22044 kB
Cached:           285972 kB
MemTotal:        1844596 kB
MemFree:         1383388 kB
MemAvailable:    1561020 kB
Buffers:           22044 kB
Cached:           285972 kB
MemTotal:        1844596 kB
MemFree:         1383028 kB
MemAvailable:    1560660 kB
Buffers:           22044 kB
Cached:           285972 kB
MemTotal:        1844596 kB
MemFree:         1382964 kB
MemAvailable:    1560596 kB
Buffers:           22044 kB
Cached:           285972 kB
MemTotal:        1844596 kB
MemFree:         1382964 kB
MemAvailable:    1560596 kB
Buffers:           22044 kB
Cached:           285972 kB
MemTotal:        1844596 kB
MemFree:         1382944 kB
MemAvailable:    1560576 kB
Buffers:           22044 kB
Cached:           285972 kB
MemTotal:        1844596 kB
MemFree:         1382792 kB
MemAvailable:    1560424 kB
Buffers:           22044 kB
Cached:           285972 kB
MemTotal:        1844596 kB
MemFree:         1382828 kB
MemAvailable:    1560460 kB
Buffers:           22044 kB
Cached:           285972 kB
MemTotal:        1844596 kB
MemFree:         1382828 kB
MemAvailable:    1560460 kB
Buffers:           22044 kB
Cached:           285972 kB
MemTotal:        1844596 kB
MemFree:         1381784 kB
MemAvailable:    1559416 kB
Buffers:           22044 kB
Cached:           285972 kB
MemTotal:        1844596 kB
MemFree:         1382472 kB
MemAvailable:    1560104 kB
Buffers:           22044 kB
Cached:           285972 kB
MemTotal:        1844596 kB
MemFree:         1381040 kB
MemAvailable:    1558672 kB
Buffers:           22044 kB
Cached:           285972 kB
MemTotal:        1844596 kB
MemFree:         1380620 kB
MemAvailable:    1558252 kB
Buffers:           22044 kB
Cached:           285972 kB
MemTotal:        1844596 kB
MemFree:         1382216 kB
MemAvailable:    1559848 kB
Buffers:           22044 kB
Cached:           285972 kB
MemTotal:        1844596 kB
MemFree:         1380736 kB
MemAvailable:    1558368 kB
Buffers:           22044 kB
Cached:           285972 kB
MemTotal:        1844596 kB
MemFree:         1380860 kB
MemAvailable:    1558492 kB
Buffers:           22044 kB
Cached:           285972 kB
MemTotal:        1844596 kB
MemFree:         1382028 kB
MemAvailable:    1559660 kB
Buffers:           22044 kB
Cached:           285972 kB
MemTotal:        1844596 kB
MemFree:         1380764 kB
MemAvailable:    1558396 kB
Buffers:           22044 kB
Cached:           285972 kB
MemTotal:        1844596 kB
MemFree:         1382004 kB
MemAvailable:    1559636 kB
Buffers:           22044 kB
Cached:           285972 kB
MemTotal:        1844596 kB
MemFree:         1381808 kB
MemAvailable:    1559440 kB
Buffers:           22044 kB
Cached:           285972 kB
MemTotal:        1844596 kB
MemFree:         1380724 kB
MemAvailable:    1558356 kB
Buffers:           22044 kB
Cached:           285972 kB
MemTotal:        1844596 kB
MemFree:         1381736 kB
MemAvailable:    1559368 kB
Buffers:           22044 kB
Cached:           285972 kB
MemTotal:        1844596 kB
MemFree:         1381820 kB
MemAvailable:    1559452 kB
Buffers:           22044 kB
Cached:           285972 kB
MemTotal:        1844596 kB
MemFree:         1381612 kB
MemAvailable:    1559244 kB
Buffers:           22044 kB
Cached:           285972 kB
MemTotal:        1844596 kB
MemFree:         1380240 kB
MemAvailable:    1557872 kB
Buffers:           22044 kB
Cached:           285972 kB
MemTotal:        1844596 kB
MemFree:         1381216 kB
MemAvailable:    1558848 kB
Buffers:           22044 kB
Cached:           285972 kB
MemTotal:        1844596 kB
MemFree:         1380676 kB
MemAvailable:    1558308 kB
Buffers:           22044 kB
Cached:           285972 kB
MemTotal:        1844596 kB
MemFree:         1381116 kB
MemAvailable:    1558748 kB
Buffers:           22044 kB
Cached:           285972 kB
MemTotal:        1844596 kB
MemFree:         1380992 kB
MemAvailable:    1558624 kB
Buffers:           22044 kB
Cached:           285972 kB
MemTotal:        1844596 kB
MemFree:         1380964 kB
MemAvailable:    1558596 kB
Buffers:           22044 kB
Cached:           285972 kB
MemTotal:        1844596 kB
MemFree:         1379780 kB
MemAvailable:    1557412 kB
Buffers:           22044 kB
Cached:           285972 kB
MemTotal:        1844596 kB
MemFree:         1381008 kB
MemAvailable:    1558640 kB
Buffers:           22044 kB
Cached:           285972 kB
MemTotal:        1844596 kB
MemFree:         1381092 kB
MemAvailable:    1558724 kB
Buffers:           22044 kB
Cached:           285972 kB
MemTotal:        1844596 kB
MemFree:         1380896 kB
MemAvailable:    1558528 kB
Buffers:           22044 kB
Cached:           285972 kB
MemTotal:        1844596 kB
MemFree:         1381232 kB
MemAvailable:    1558864 kB
Buffers:           22044 kB
Cached:           285972 kB
MemTotal:        1844596 kB
MemFree:         1381040 kB
MemAvailable:    1558672 kB
Buffers:           22044 kB
Cached:           285972 kB
MemTotal:        1844596 kB
MemFree:         1381084 kB
MemAvailable:    1558716 kB
Buffers:           22044 kB
Cached:           285972 kB
MemTotal:        1844596 kB
MemFree:         1379900 kB
MemAvailable:    1557532 kB
Buffers:           22044 kB
Cached:           285972 kB
MemTotal:        1844596 kB
MemFree:         1377824 kB
MemAvailable:    1555456 kB
Buffers:           22044 kB
Cached:           285972 kB
MemTotal:        1844596 kB
MemFree:         1375328 kB
MemAvailable:    1552960 kB
Buffers:           22044 kB
Cached:           285972 kB
MemTotal:        1844596 kB
MemFree:         1375328 kB
MemAvailable:    1552960 kB
Buffers:           22044 kB
Cached:           285972 kB
MemTotal:        1844596 kB
MemFree:         1372360 kB
MemAvailable:    1549992 kB
Buffers:           22044 kB
Cached:           285972 kB
MemTotal:        1844596 kB
MemFree:         1373536 kB
MemAvailable:    1551168 kB
Buffers:           22044 kB
Cached:           285972 kB
MemTotal:        1844596 kB
MemFree:         1373096 kB
MemAvailable:    1550728 kB
Buffers:           22044 kB
Cached:           285972 kB
MemTotal:        1844596 kB
MemFree:         1373180 kB
MemAvailable:    1550812 kB
Buffers:           22044 kB
Cached:           285972 kB
MemTotal:        1844596 kB
MemFree:         1371988 kB
MemAvailable:    1549620 kB
Buffers:           22044 kB
Cached:           285972 kB
MemTotal:        1844596 kB
MemFree:         1373220 kB
MemAvailable:    1550852 kB
Buffers:           22044 kB
Cached:           285972 kB
MemTotal:        1844596 kB
MemFree:         1373180 kB
MemAvailable:    1550812 kB
Buffers:           22044 kB
Cached:           285972 kB
MemTotal:        1844596 kB
MemFree:         1373320 kB
MemAvailable:    1550952 kB
Buffers:           22044 kB
Cached:           285972 kB
MemTotal:        1844596 kB
MemFree:         1373292 kB
MemAvailable:    1550924 kB
Buffers:           22044 kB
Cached:           285972 kB
MemTotal:        1844596 kB
MemFree:         1373080 kB
MemAvailable:    1550712 kB
Buffers:           22044 kB
Cached:           285972 kB
MemTotal:        1844596 kB
MemFree:         1373080 kB
MemAvailable:    1550712 kB
Buffers:           22044 kB
Cached:           285972 kB
MemTotal:        1844596 kB
MemFree:         1373076 kB
MemAvailable:    1550708 kB
Buffers:           22044 kB
Cached:           285972 kB
MemTotal:        1844596 kB
MemFree:         1373112 kB
MemAvailable:    1550744 kB
Buffers:           22044 kB
Cached:           285972 kB
MemTotal:        1844596 kB
MemFree:         1371788 kB
MemAvailable:    1549420 kB
Buffers:           22044 kB
Cached:           285972 kB
MemTotal:        1844596 kB
MemFree:         1373216 kB
MemAvailable:    1550848 kB
Buffers:           22044 kB
Cached:           285972 kB
MemTotal:        1844596 kB
MemFree:         1372484 kB
MemAvailable:    1550116 kB
Buffers:           22044 kB
Cached:           285972 kB
MemTotal:        1844596 kB
MemFree:         1372820 kB
MemAvailable:    1550452 kB
Buffers:           22044 kB
Cached:           285972 kB
MemTotal:        1844596 kB
MemFree:         1371252 kB
MemAvailable:    1548884 kB
Buffers:           22044 kB
Cached:           285972 kB
MemTotal:        1844596 kB
MemFree:         1371608 kB
MemAvailable:    1549240 kB
Buffers:           22044 kB
Cached:           285972 kB
MemTotal:        1844596 kB
MemFree:         1371128 kB
MemAvailable:    1548760 kB
Buffers:           22044 kB
Cached:           285972 kB
MemTotal:        1844596 kB
MemFree:         1371320 kB
MemAvailable:    1548952 kB
Buffers:           22044 kB
Cached:           285972 kB
MemTotal:        1844596 kB
MemFree:         1370116 kB
MemAvailable:    1547748 kB
Buffers:           22044 kB
Cached:           285972 kB
MemTotal:        1844596 kB
MemFree:         1370232 kB
MemAvailable:    1547864 kB
Buffers:           22044 kB
Cached:           285972 kB
MemTotal:        1844596 kB
MemFree:         1369144 kB
MemAvailable:    1546776 kB
Buffers:           22044 kB
Cached:           285972 kB
MemTotal:        1844596 kB
MemFree:         1369012 kB
MemAvailable:    1546644 kB
Buffers:           22044 kB
Cached:           285972 kB
MemTotal:        1844596 kB
MemFree:         1369508 kB
MemAvailable:    1547140 kB
Buffers:           22044 kB
Cached:           285972 kB
MemTotal:        1844596 kB
MemFree:         1369648 kB
MemAvailable:    1547280 kB
Buffers:           22044 kB
Cached:           285972 kB
MemTotal:        1844596 kB
MemFree:         1369320 kB
MemAvailable:    1546952 kB
Buffers:           22044 kB
Cached:           285972 kB
MemTotal:        1844596 kB
MemFree:         1369528 kB
MemAvailable:    1547160 kB
Buffers:           22044 kB
Cached:           285972 kB
MemTotal:        1844596 kB
MemFree:         1368524 kB
MemAvailable:    1546156 kB
Buffers:           22044 kB
Cached:           285972 kB
MemTotal:        1844596 kB
MemFree:         1368948 kB
MemAvailable:    1546580 kB
Buffers:           22044 kB
Cached:           285972 kB
MemTotal:        1844596 kB
MemFree:         1369284 kB
MemAvailable:    1546916 kB
Buffers:           22044 kB
Cached:           285972 kB
MemTotal:        1844596 kB
MemFree:         1369292 kB
MemAvailable:    1546928 kB
Buffers:           22044 kB
Cached:           285976 kB
MemTotal:        1844596 kB
MemFree:         1369244 kB
MemAvailable:    1546880 kB
Buffers:           22044 kB
Cached:           285976 kB
MemTotal:        1844596 kB
MemFree:         1369172 kB
MemAvailable:    1546812 kB
Buffers:           22044 kB
Cached:           285980 kB
MemTotal:        1844596 kB
MemFree:         1369172 kB
MemAvailable:    1546812 kB
Buffers:           22044 kB
Cached:           285980 kB
MemTotal:        1844596 kB
MemFree:         1369308 kB
MemAvailable:    1546948 kB
Buffers:           22044 kB
Cached:           285980 kB
MemTotal:        1844596 kB
MemFree:         1368084 kB
MemAvailable:    1545724 kB
Buffers:           22044 kB
Cached:           285980 kB
MemTotal:        1844596 kB
MemFree:         1368824 kB
MemAvailable:    1546464 kB
Buffers:           22044 kB
Cached:           285980 kB
MemTotal:        1844596 kB
MemFree:         1368824 kB
MemAvailable:    1546464 kB
Buffers:           22044 kB
Cached:           285980 kB
MemTotal:        1844596 kB
MemFree:         1364796 kB
MemAvailable:    1542436 kB
Buffers:           22044 kB
Cached:           285980 kB
MemTotal:        1844596 kB
MemFree:         1364440 kB
MemAvailable:    1542080 kB
Buffers:           22044 kB
Cached:           285980 kB
MemTotal:        1844596 kB
MemFree:         1361316 kB
MemAvailable:    1538956 kB
Buffers:           22044 kB
Cached:           285980 kB
MemTotal:        1844596 kB
MemFree:         1360588 kB
MemAvailable:    1538228 kB
Buffers:           22044 kB
Cached:           285980 kB
MemTotal:        1844596 kB
MemFree:         1360036 kB
MemAvailable:    1537676 kB
Buffers:           22044 kB
Cached:           285980 kB
MemTotal:        1844596 kB
MemFree:         1361180 kB
MemAvailable:    1538820 kB
Buffers:           22044 kB
Cached:           285980 kB
MemTotal:        1844596 kB
MemFree:         1361180 kB
MemAvailable:    1538820 kB
Buffers:           22044 kB
Cached:           285980 kB
MemTotal:        1844596 kB
MemFree:         1361320 kB
MemAvailable:    1538960 kB
Buffers:           22044 kB
Cached:           285980 kB
MemTotal:        1844596 kB
MemFree:         1360032 kB
MemAvailable:    1537672 kB
Buffers:           22044 kB
Cached:           285980 kB
MemTotal:        1844596 kB
MemFree:         1363512 kB
MemAvailable:    1541152 kB
Buffers:           22044 kB
Cached:           285980 kB
MemTotal:        1844596 kB
MemFree:         1363400 kB
MemAvailable:    1541040 kB
Buffers:           22044 kB
Cached:           285980 kB
MemTotal:        1844596 kB
MemFree:         1363128 kB
MemAvailable:    1540936 kB
Buffers:           22044 kB
Cached:           286104 kB
MemTotal:        1844596 kB
MemFree:         1361828 kB
MemAvailable:    1539636 kB
Buffers:           22044 kB
Cached:           286228 kB
MemTotal:        1844596 kB
MemFree:         1362880 kB
MemAvailable:    1540860 kB
Buffers:           22044 kB
Cached:           286356 kB
MemTotal:        1844596 kB
MemFree:         1362792 kB
MemAvailable:    1540856 kB
Buffers:           22044 kB
Cached:           286480 kB
MemTotal:        1844596 kB
MemFree:         1362632 kB
MemAvailable:    1540864 kB
Buffers:           22044 kB
Cached:           286604 kB
MemTotal:        1844596 kB
MemFree:         1362376 kB
MemAvailable:    1540692 kB
Buffers:           22044 kB
Cached:           286604 kB
MemTotal:        1844596 kB
MemFree:         1362308 kB
MemAvailable:    1540624 kB
Buffers:           22044 kB
Cached:           286604 kB
MemTotal:        1844596 kB
MemFree:         1362308 kB
MemAvailable:    1540624 kB
Buffers:           22044 kB
Cached:           286604 kB
MemTotal:        1844596 kB
MemFree:         1362396 kB
MemAvailable:    1540712 kB
Buffers:           22044 kB
Cached:           286604 kB
MemTotal:        1844596 kB
MemFree:         1360892 kB
MemAvailable:    1539208 kB
Buffers:           22044 kB
Cached:           286604 kB
MemTotal:        1844596 kB
MemFree:         1361456 kB
MemAvailable:    1539772 kB
Buffers:           22044 kB
Cached:           286604 kB
MemTotal:        1844596 kB
MemFree:         1362020 kB
MemAvailable:    1540336 kB
Buffers:           22044 kB
Cached:           286656 kB
MemTotal:        1844596 kB
MemFree:         1362356 kB
MemAvailable:    1540672 kB
Buffers:           22044 kB
Cached:           286656 kB
MemTotal:        1844596 kB
MemFree:         1360960 kB
MemAvailable:    1539276 kB
Buffers:           22044 kB
Cached:           286656 kB
MemTotal:        1844596 kB
MemFree:         1362564 kB
MemAvailable:    1540292 kB
Buffers:           22044 kB
Cached:           286024 kB
MemTotal:        1844596 kB
MemFree:         1430492 kB
MemAvailable:    1608220 kB
Buffers:           22044 kB
Cached:           286024 kB
