MemTotal:        1844596 kB
MemFree:         1445708 kB
MemAvailable:    1609236 kB
Buffers:           20040 kB
Cached:           272492 kB
MemTotal:        1844596 kB
MemFree:         1420116 kB
MemAvailable:    1583652 kB
Buffers:           20040 kB
Cached:           272500 kB
MemTotal:        1844596 kB
MemFree:         1418124 kB
MemAvailable:    1581660 kB
Buffers:           20040 kB
Cached:           272500 kB
MemTotal:        1844596 kB
MemFree:         1417512 kB
MemAvailable:    1581048 kB
Buffers:           20040 kB
Cached:           272500 kB
MemTotal:        1844596 kB
MemFree:         1414716 kB
MemAvailable:    1578252 kB
Buffers:           20040 kB
Cached:           272500 kB
MemTotal:        1844596 kB
MemFree:         1413856 kB
MemAvailable:    1577392 kB
Buffers:           20040 kB
Cached:           272500 kB
MemTotal:        1844596 kB
MemFree:         1414460 kB
MemAvailable:    1577996 kB
Buffers:           20040 kB
Cached:           272500 kB
MemTotal:        1844596 kB
MemFree:         1414712 kB
MemAvailable:    1578248 kB
Buffers:           20040 kB
Cached:           272500 kB
MemTotal:        1844596 kB
MemFree:         1411624 kB
MemAvailable:    1575160 kB
Buffers:           20040 kB
Cached:           272500 kB
MemTotal:        1844596 kB
MemFree:         1409764 kB
MemAvailable:    1573300 kB
Buffers:           20040 kB
Cached:           272500 kB
MemTotal:        1844596 kB
MemFree:         1407468 kB
MemAvailable:    1571004 kB
Buffers:           20040 kB
Cached:           272500 kB
MemTotal:        1844596 kB
MemFree:         1402812 kB
MemAvailable:    1566348 kB
Buffers:           20040 kB
Cached:           272500 kB
MemTotal:        1844596 kB
MemFree:         1404624 kB
MemAvailable:    1568160 kB
Buffers:           20040 kB
Cached:           272500 kB
MemTotal:        1844596 kB
MemFree:         1404624 kB
MemAvailable:    1568160 kB
Buffers:           20040 kB
Cached:           272500 kB
MemTotal:        1844596 kB
MemFree:         1404844 kB
MemAvailable:    1568380 kB
Buffers:           20040 kB
Cached:           272500 kB
MemTotal:        1844596 kB
MemFree:         1403504 kB
MemAvailable:    1567040 kB
Buffers:           20040 kB
Cached:           272500 kB
MemTotal:        1844596 kB
MemFree:         1403432 kB
MemAvailable:    1566968 kB
Buffers:           20040 kB
Cached:           272500 kB
MemTotal:        1844596 kB
MemFree:         1404912 kB
MemAvailable:    1568448 kB
Buffers:           20040 kB
Cached:           272500 kB
MemTotal:        1844596 kB
MemFree:         1403564 kB
MemAvailable:    1567100 kB
Buffers:           20040 kB
Cached:           272500 kB
MemTotal:        1844596 kB
MemFree:         1402192 kB
MemAvailable:    1565728 kB
Buffers:           20040 kB
Cached:           272500 kB
MemTotal:        1844596 kB
MemFree:         1403184 kB
MemAvailable:    1566720 kB
Buffers:           20040 kB
Cached:           272500 kB
MemTotal:        1844596 kB
MemFree:         1402500 kB
MemAvailable:    1566036 kB
Buffers:           20040 kB
Cached:           272500 kB
MemTotal:        1844596 kB
MemFree:         1402176 kB
MemAvailable:    1565712 kB
Buffers:           20040 kB
Cached:           272500 kB
MemTotal:        1844596 kB
MemFree:         1401652 kB
MemAvailable:    1565188 kB
Buffers:           20040 kB
Cached:           272500 kB
MemTotal:        1844596 kB
MemFree:         1402236 kB
MemAvailable:    1565772 kB
Buffers:           20040 kB
Cached:           272500 kB
MemTotal:        1844596 kB
MemFree:         1402408 kB
MemAvailable:    1565944 kB
Buffers:           20040 kB
Cached:           272500 kB
MemTotal:        1844596 kB
MemFree:         1400912 kB
MemAvailable:    1564448 kB
Buffers:           20040 kB
Cached:           272500 kB
MemTotal:        1844596 kB
MemFree:         1402184 kB
MemAvailable:    1565720 kB
Buffers:           20040 kB
Cached:           272500 kB
MemTotal:        1844596 kB
MemFree:         1402436 kB
MemAvailable:    1565972 kB
Buffers:           20040 kB
Cached:           272500 kB
MemTotal:        1844596 kB
MemFree:         1401076 kB
MemAvailable:    1564612 kB
Buffers:           20040 kB
Cached:           272500 kB
MemTotal:        1844596 kB
MemFree:         1402200 kB
MemAvailable:    1565736 kB
Buffers:           20040 kB
Cached:           272500 kB
MemTotal:        1844596 kB
MemFree:         1403584 kB
MemAvailable:    1567120 kB
Buffers:           20040 kB
Cached:           272500 kB
MemTotal:        1844596 kB
MemFree:         1401324 kB
MemAvailable:    1564860 kB
Buffers:           20040 kB
Cached:           272500 kB
MemTotal:        1844596 kB
MemFree:         1401324 kB
MemAvailable:    1564860 kB
Buffers:           20040 kB
Cached:           272500 kB
MemTotal:        1844596 kB
MemFree:         1399960 kB
MemAvailable:    1563496 kB
Buffers:           20040 kB
Cached:           272500 kB
MemTotal:        1844596 kB
MemFree:         1399356 kB
MemAvailable:    1562892 kB
Buffers:           20040 kB
Cached:           272500 kB
MemTotal:        1844596 kB
MemFree:         1399216 kB
MemAvailable:    1562752 kB
Buffers:           20040 kB
Cached:           272500 kB
MemTotal:        1844596 kB
MemFree:         1398984 kB
MemAvailable:    1562520 kB
Buffers:           20040 kB
Cached:           272500 kB
MemTotal:        1844596 kB
MemFree:         1398896 kB
MemAvailable:    1562432 kB
Buffers:           20040 kB
Cached:           272500 kB
MemTotal:        1844596 kB
MemFree:         1397356 kB
MemAvailable:    1560892 kB
Buffers:           20040 kB
Cached:           272500 kB
MemTotal:        1844596 kB
MemFree:         1398160 kB
MemAvailable:    1561696 kB
Buffers:           20040 kB
Cached:           272500 kB
MemTotal:        1844596 kB
MemFree:         1398112 kB
MemAvailable:    1561648 kB
Buffers:           20040 kB
Cached:           272500 kB
MemTotal:        1844596 kB
MemFree:         1397116 kB
MemAvailable:    1560652 kB
Buffers:           20040 kB
Cached:           272500 kB
MemTotal:        1844596 kB
MemFree:         1397964 kB
MemAvailable:    1561500 kB
Buffers:           20040 kB
Cached:           272500 kB
MemTotal:        1844596 kB
MemFree:         1398220 kB
MemAvailable:    1561756 kB
Buffers:           20040 kB
Cached:           272500 kB
MemTotal:        1844596 kB
MemFree:         1397976 kB
MemAvailable:    1561512 kB
Buffers:           20040 kB
Cached:           272500 kB
MemTotal:        1844596 kB
MemFree:         1397744 kB
MemAvailable:    1561280 kB
Buffers:           20040 kB
Cached:           272500 kB
MemTotal:        1844596 kB
MemFree:         1398052 kB
MemAvailable:    1561588 kB
Buffers:           20040 kB
Cached:           272500 kB
MemTotal:        1844596 kB
MemFree:         1397580 kB
MemAvailable:    1561116 kB
Buffers:           20040 kB
Cached:           272500 kB
MemTotal:        1844596 kB
MemFree:         1396620 kB
MemAvailable:    1560156 kB
Buffers:           20040 kB
Cached:           272500 kB
MemTotal:        1844596 kB
MemFree:         1396068 kB
MemAvailable:    1559604 kB
Buffers:           20040 kB
Cached:           272500 kB
MemTotal:        1844596 kB
MemFree:         1395936 kB
MemAvailable:    1559472 kB
Buffers:           20040 kB
Cached:           272500 kB
MemTotal:        1844596 kB
MemFree:         1397116 kB
MemAvailable:    1560652 kB
Buffers:           20040 kB
Cached:           272500 kB
MemTotal:        1844596 kB
MemFree:         1396496 kB
MemAvailable:    1560032 kB
Buffers:           20040 kB
Cached:           272500 kB
MemTotal:        1844596 kB
MemFree:         1396920 kB
MemAvailable:    1560456 kB
Buffers:           20040 kB
Cached:           272500 kB
MemTotal:        1844596 kB
MemFree:         1397172 kB
MemAvailable:    1560708 kB
Buffers:           20040 kB
Cached:           272500 kB
MemTotal:        1844596 kB
MemFree:         1395856 kB
MemAvailable:    1559392 kB
Buffers:           20040 kB
Cached:           272500 kB
MemTotal:        1844596 kB
MemFree:         1397156 kB
MemAvailable:    1560692 kB
Buffers:           20040 kB
Cached:           272500 kB
MemTotal:        1844596 kB
MemFree:         1396248 kB
MemAvailable:    1559784 kB
Buffers:           20040 kB
Cached:           272500 kB
MemTotal:        1844596 kB
MemFree:         1395572 kB
MemAvailable:    1559108 kB
Buffers:           20040 kB
Cached:           272500 kB
MemTotal:        1844596 kB
MemFree:         1397316 kB
MemAvailable:    1560852 kB
Buffers:           20040 kB
Cached:           272500 kB
MemTotal:        1844596 kB
MemFree:         1396928 kB
MemAvailable:    1560464 kB
Buffers:           20040 kB
Cached:           272500 kB
MemTotal:        1844596 kB
MemFree:         1397184 kB
MemAvailable:    1560720 kB
Buffers:           20040 kB
Cached:           272500 kB
MemTotal:        1844596 kB
MemFree:         1396796 kB
MemAvailable:    1560332 kB
Buffers:           20040 kB
Cached:           272500 kB
MemTotal:        1844596 kB
MemFree:         1396488 kB
MemAvailable:    1560024 kB
Buffers:           20040 kB
Cached:           272500 kB
MemTotal:        1844596 kB
MemFree:         1396296 kB
MemAvailable:    1559832 kB
Buffers:           20040 kB
Cached:           272500 kB
MemTotal:        1844596 kB
MemFree:         1396372 kB
MemAvailable:    1559908 kB
Buffers:           20040 kB
Cached:           272500 kB
MemTotal:        1844596 kB
MemFree:         1396228 kB
MemAvailable:    1559764 kB
Buffers:           20040 kB
Cached:           272500 kB
MemTotal:        1844596 kB
MemFree:         1396008 kB
MemAvailable:    1559544 kB
Buffers:           20040 kB
Cached:           272500 kB
MemTotal:        1844596 kB
MemFree:         1395008 kB
MemAvailable:    1558544 kB
Buffers:           20040 kB
Cached:           272500 kB
MemTotal:        1844596 kB
MemFree:         1396152 kB
MemAvailable:    1559688 kB
Buffers:           20040 kB
Cached:           272500 kB
MemTotal:        1844596 kB
MemFree:         1395628 kB
MemAvailable:    1559164 kB
Buffers:           20040 kB
Cached:           272500 kB
MemTotal:        1844596 kB
MemFree:         1396096 kB
MemAvailable:    1559632 kB
Buffers:           20040 kB
Cached:           272500 kB
MemTotal:        1844596 kB
MemFree:         1396000 kB
MemAvailable:    1559536 kB
Buffers:           20040 kB
Cached:           272500 kB
MemTotal:        1844596 kB
MemFree:         1396104 kB
MemAvailable:    1559640 kB
Buffers:           20040 kB
Cached:           272500 kB
MemTotal:        1844596 kB
MemFree:         1396132 kB
MemAvailable:    1559668 kB
Buffers:           20040 kB
Cached:           272500 kB
MemTotal:        1844596 kB
MemFree:         1396244 kB
MemAvailable:    1559780 kB
Buffers:           20040 kB
Cached:           272500 kB
MemTotal:        1844596 kB
MemFree:         1394828 kB
MemAvailable:    1558364 kB
Buffers:           20040 kB
Cached:           272500 kB
MemTotal:        1844596 kB
MemFree:         1395804 kB
MemAvailable:    1559340 kB
Buffers:           20040 kB
Cached:           272500 kB
MemTotal:        1844596 kB
MemFree:         1396056 kB
MemAvailable:    1559592 kB
Buffers:           20040 kB
Cached:           272500 kB
MemTotal:        1844596 kB
MemFree:         1393520 kB
MemAvailable:    1557056 kB
Buffers:           20040 kB
Cached:           272500 kB
MemTotal:        1844596 kB
MemFree:         1390908 kB
MemAvailable:    1554444 kB
Buffers:           20040 kB
Cached:           272500 kB
MemTotal:        1844596 kB
MemFree:         1390420 kB
MemAvailable:    1553956 kB
Buffers:           20040 kB
Cached:           272500 kB
MemTotal:        1844596 kB
MemFree:         1388736 kB
MemAvailable:    1552272 kB
Buffers:           20040 kB
Cached:           272500 kB
MemTotal:        1844596 kB
MemFree:         1387444 kB
MemAvailable:    1550980 kB
Buffers:           20040 kB
Cached:           272500 kB
MemTotal:        1844596 kB
MemFree:         1388364 kB
MemAvailable:    1551900 kB
Buffers:           20040 kB
Cached:           272500 kB
MemTotal:        1844596 kB
MemFree:         1388124 kB
MemAvailable:    1551660 kB
Buffers:           20040 kB
Cached:           272500 kB
MemTotal:        1844596 kB
MemFree:         1388124 kB
MemAvailable:    1551660 kB
Buffers:           20040 kB
Cached:           272500 kB
MemTotal:        1844596 kB
MemFree:         1388160 kB
MemAvailable:    1551696 kB
Buffers:           20040 kB
Cached:           272500 kB
MemTotal:        1844596 kB
MemFree:         1388244 kB
MemAvailable:    1551780 kB
Buffers:           20040 kB
Cached:           272500 kB
MemTotal:        1844596 kB
MemFree:         1387992 kB
MemAvailable:    1551528 kB
Buffers:           20040 kB
Cached:           272500 kB
MemTotal:        1844596 kB
MemFree:         1387432 kB
MemAvailable:    1550968 kB
Buffers:           20040 kB
Cached:           272500 kB
MemTotal:        1844596 kB
MemFree:         1388176 kB
MemAvailable:    1551712 kB
Buffers:           20040 kB
Cached:           272500 kB
MemTotal:        1844596 kB
MemFree:         1387444 kB
MemAvailable:    1550980 kB
Buffers:           20040 kB
Cached:           272500 kB
MemTotal:        1844596 kB
MemFree:         1388264 kB
MemAvailable:    1551804 kB
Buffers:           20040 kB
Cached:           272504 kB
MemTotal:        1844596 kB
MemFree:         1388200 kB
MemAvailable:    1551740 kB
Buffers:           20040 kB
Cached:           272504 kB
MemTotal:        1844596 kB
MemFree:         1388560 kB
MemAvailable:    1552108 kB
Buffers:           20040 kB
Cached:           272512 kB
MemTotal:        1844596 kB
MemFree:         1388388 kB
MemAvailable:    1551936 kB
Buffers:           20040 kB
Cached:           272512 kB
MemTotal:        1844596 kB
MemFree:         1387444 kB
MemAvailable:    1550992 kB
Buffers:           20040 kB
Cached:           272512 kB
MemTotal:        1844596 kB
MemFree:         1388128 kB
MemAvailable:    1551676 kB
Buffers:           20040 kB
Cached:           272512 kB
MemTotal:        1844596 kB
MemFree:         1388380 kB
MemAvailable:    1551928 kB
Buffers:           20040 kB
Cached:           272512 kB
MemTotal:        1844596 kB
MemFree:         1386816 kB
MemAvailable:    1550364 kB
Buffers:           20040 kB
Cached:           272512 kB
MemTotal:        1844596 kB
MemFree:         1387428 kB
MemAvailable:    1550976 kB
Buffers:           20040 kB
Cached:           272512 kB
MemTotal:        1844596 kB
MemFree:         1387428 kB
MemAvailable:    1550976 kB
Buffers:           20040 kB
Cached:           272512 kB
MemTotal:        1844596 kB
MemFree:         1387000 kB
MemAvailable:    1550548 kB
Buffers:           20040 kB
Cached:           272512 kB
MemTotal:        1844596 kB
MemFree:         1387336 kB
MemAvailable:    1550884 kB
Buffers:           20040 kB
Cached:           272512 kB
MemTotal:        1844596 kB
MemFree:         1386752 kB
MemAvailable:    1550300 kB
Buffers:           20040 kB
Cached:           272512 kB
MemTotal:        1844596 kB
MemFree:         1386312 kB
MemAvailable:    1549860 kB
Buffers:           20040 kB
Cached:           272512 kB
MemTotal:        1844596 kB
MemFree:         1386648 kB
MemAvailable:    1550196 kB
Buffers:           20040 kB
Cached:           272512 kB
MemTotal:        1844596 kB
MemFree:         1385204 kB
MemAvailable:    1548752 kB
Buffers:           20040 kB
Cached:           272512 kB
MemTotal:        1844596 kB
MemFree:         1385204 kB
MemAvailable:    1548752 kB
Buffers:           20040 kB
Cached:           272512 kB
MemTotal:        1844596 kB
MemFree:         1384840 kB
MemAvailable:    1548388 kB
Buffers:           20040 kB
Cached:           272512 kB
MemTotal:        1844596 kB
MemFree:         1383592 kB
MemAvailable:    1547140 kB
Buffers:           20040 kB
Cached:           272512 kB
MemTotal:        1844596 kB
MemFree:         1384520 kB
MemAvailable:    1548068 kB
Buffers:           20040 kB
Cached:           272512 kB
MemTotal:        1844596 kB
MemFree:         1384520 kB
MemAvailable:    1548068 kB
Buffers:           20040 kB
Cached:           272512 kB
MemTotal:        1844596 kB
MemFree:         1384452 kB
MemAvailable:    1548000 kB
Buffers:           20040 kB
Cached:           272512 kB
MemTotal:        1844596 kB
MemFree:         1383204 kB
MemAvailable:    1546752 kB
Buffers:           20040 kB
Cached:           272512 kB
MemTotal:        1844596 kB
MemFree:         1383204 kB
MemAvailable:    1546752 kB
Buffers:           20040 kB
Cached:           272512 kB
MemTotal:        1844596 kB
MemFree:         1383196 kB
MemAvailable:    1546744 kB
Buffers:           20040 kB
Cached:           272512 kB
MemTotal:        1844596 kB
MemFree:         1384372 kB
MemAvailable:    1547920 kB
Buffers:           20040 kB
Cached:           272512 kB
MemTotal:        1844596 kB
MemFree:         1384480 kB
MemAvailable:    1548028 kB
Buffers:           20040 kB
Cached:           272512 kB
MemTotal:        1844596 kB
MemFree:         1383352 kB
MemAvailable:    1546900 kB
Buffers:           20040 kB
Cached:           272512 kB
MemTotal:        1844596 kB
MemFree:         1384344 kB
MemAvailable:    1547896 kB
Buffers:           20040 kB
Cached:           272516 kB
MemTotal:        1844596 kB
MemFree:         1383352 kB
MemAvailable:    1546904 kB
Buffers:           20040 kB
Cached:           272516 kB
MemTotal:        1844596 kB
MemFree:         1383832 kB
MemAvailable:    1547384 kB
Buffers:           20040 kB
Cached:           272516 kB
MemTotal:        1844596 kB
MemFree:         1383832 kB
MemAvailable:    1547384 kB
Buffers:           20040 kB
Cached:           272516 kB
MemTotal:        1844596 kB
MemFree:         1382472 kB
MemAvailable:    1546024 kB
Buffers:           20040 kB
Cached:           272516 kB
MemTotal:        1844596 kB
MemFree:         1377632 kB
MemAvailable:    1541184 kB
Buffers:           20040 kB
Cached:           272516 kB
MemTotal:        1844596 kB
MemFree:         1377220 kB
MemAvailable:    1540772 kB
Buffers:           20040 kB
Cached:           272516 kB
MemTotal:        1844596 kB
MemFree:         1376400 kB
MemAvailable:    1539952 kB
Buffers:           20040 kB
Cached:           272516 kB
MemTotal:        1844596 kB
MemFree:         1376292 kB
MemAvailable:    1539844 kB
Buffers:           20040 kB
Cached:           272516 kB
MemTotal:        1844596 kB
MemFree:         1376420 kB
MemAvailable:    1539972 kB
Buffers:           20040 kB
Cached:           272516 kB
MemTotal:        1844596 kB
MemFree:         1376416 kB
MemAvailable:    1539968 kB
Buffers:           20040 kB
Cached:           272516 kB
MemTotal:        1844596 kB
MemFree:         1376152 kB
MemAvailable:    1539704 kB
Buffers:           20040 kB
Cached:           272516 kB
MemTotal:        1844596 kB
MemFree:         1376320 kB
MemAvailable:    1539872 kB
Buffers:           20040 kB
Cached:           272516 kB
MemTotal:        1844596 kB
MemFree:         1378268 kB
MemAvailable:    1541820 kB
Buffers:           20040 kB
Cached:           272516 kB
MemTotal:        1844596 kB
MemFree:         1377228 kB
MemAvailable:    1540780 kB
Buffers:           20040 kB
Cached:           272516 kB
MemTotal:        1844596 kB
MemFree:         1378212 kB
MemAvailable:    1541932 kB
Buffers:           20040 kB
Cached:           272640 kB
MemTotal:        1844596 kB
MemFree:         1378212 kB
MemAvailable:    1541932 kB
Buffers:           20040 kB
Cached:           272640 kB
MemTotal:        1844596 kB
MemFree:         1378012 kB
MemAvailable:    1541816 kB
Buffers:           20040 kB
Cached:           272764 kB
MemTotal:        1844596 kB
MemFree:         1378124 kB
MemAvailable:    1542096 kB
Buffers:           20040 kB
Cached:           272888 kB
MemTotal:        1844596 kB
MemFree:         1377408 kB
MemAvailable:    1541380 kB
Buffers:           20040 kB
Cached:           272888 kB
MemTotal:        1844596 kB
MemFree:         1377500 kB
MemAvailable:    1541556 kB
Buffers:           20040 kB
Cached:           273012 kB
MemTotal:        1844596 kB
MemFree:         1377668 kB
MemAvailable:    1541724 kB
Buffers:           20040 kB
Cached:           273012 kB
MemTotal:        1844596 kB
MemFree:         1377448 kB
MemAvailable:    1541588 kB
Buffers:           20040 kB
Cached:           273136 kB
MemTotal:        1844596 kB
MemFree:         1377700 kB
MemAvailable:    1541840 kB
Buffers:           20040 kB
Cached:           273136 kB
MemTotal:        1844596 kB
MemFree:         1377492 kB
MemAvailable:    1541632 kB
Buffers:           20040 kB
Cached:           273136 kB
MemTotal:        1844596 kB
MemFree:         1377576 kB
MemAvailable:    1541716 kB
Buffers:           20040 kB
Cached:           273136 kB
MemTotal:        1844596 kB
MemFree:         1377600 kB
MemAvailable:    1541740 kB
Buffers:           20040 kB
Cached:           273136 kB
MemTotal:        1844596 kB
MemFree:         1377656 kB
MemAvailable:    1541796 kB
Buffers:           20040 kB
Cached:           273136 kB
MemTotal:        1844596 kB
MemFree:         1376904 kB
MemAvailable:    1541044 kB
Buffers:           20040 kB
Cached:           273136 kB
MemTotal:        1844596 kB
MemFree:         1377496 kB
MemAvailable:    1541720 kB
Buffers:           20040 kB
Cached:           273136 kB
MemTotal:        1844596 kB
MemFree:         1377720 kB
MemAvailable:    1541944 kB
Buffers:           20040 kB
Cached:           273136 kB
MemTotal:        1844596 kB
MemFree:         1442260 kB
MemAvailable:    1605812 kB
Buffers:           20040 kB
Cached:           272504 kB
