MemTotal:        1844596 kB
MemFree:         1449460 kB
MemAvailable:    1609520 kB
Buffers:           19524 kB
Cached:           269780 kB
MemTotal:        1844596 kB
MemFree:         1421700 kB
MemAvailable:    1581764 kB
Buffers:           19524 kB
Cached:           269784 kB
MemTotal:        1844596 kB
MemFree:         1420832 kB
MemAvailable:    1580896 kB
Buffers:           19524 kB
Cached:           269784 kB
MemTotal:        1844596 kB
MemFree:         1418212 kB
MemAvailable:    1578276 kB
Buffers:           19524 kB
Cached:           269784 kB
MemTotal:        1844596 kB
MemFree:         1418088 kB
MemAvailable:    1578152 kB
Buffers:           19524 kB
Cached:           269784 kB
MemTotal:        1844596 kB
MemFree:         1418096 kB
MemAvailable:    1578160 kB
Buffers:           19524 kB
Cached:           269784 kB
MemTotal:        1844596 kB
MemFree:         1417608 kB
MemAvailable:    1577672 kB
Buffers:           19524 kB
Cached:           269784 kB
MemTotal:        1844596 kB
MemFree:         1416492 kB
MemAvailable:    1576556 kB
Buffers:           19524 kB
Cached:           269784 kB
MemTotal:        1844596 kB
MemFree:         1414444 kB
MemAvailable:    1574508 kB
Buffers:           19524 kB
Cached:           269784 kB
MemTotal:        1844596 kB
MemFree:         1411640 kB
MemAvailable:    1571704 kB
Buffers:           19524 kB
Cached:           269784 kB
MemTotal:        1844596 kB
MemFree:         1411640 kB
MemAvailable:    1571704 kB
Buffers:           19524 kB
Cached:           269784 kB
MemTotal:        1844596 kB
MemFree:         1407320 kB
MemAvailable:    1567384 kB
Buffers:           19524 kB
Cached:           269784 kB
MemTotal:        1844596 kB
MemFree:         1405952 kB
MemAvailable:    1566016 kB
Buffers:           19524 kB
Cached:           269784 kB
MemTotal:        1844596 kB
MemFree:         1407004 kB
MemAvailable:    1567068 kB
Buffers:           19524 kB
Cached:           269784 kB
MemTotal:        1844596 kB
MemFree:         1408104 kB
MemAvailable:    1568168 kB
Buffers:           19524 kB
Cached:           269784 kB
MemTotal:        1844596 kB
MemFree:         1408440 kB
MemAvailable:    1568504 kB
Buffers:           19524 kB
Cached:           269784 kB
MemTotal:        1844596 kB
MemFree:         1407164 kB
MemAvailable:    1567228 kB
Buffers:           19524 kB
Cached:           269784 kB
MemTotal:        1844596 kB
MemFree:         1408084 kB
MemAvailable:    1568148 kB
Buffers:           19524 kB
Cached:           269784 kB
MemTotal:        1844596 kB
MemFree:         1407688 kB
MemAvailable:    1567752 kB
Buffers:           19524 kB
Cached:           269784 kB
MemTotal:        1844596 kB
MemFree:         1407624 kB
MemAvailable:    1567688 kB
Buffers:           19524 kB
Cached:           269784 kB
MemTotal:        1844596 kB
MemFree:         1406432 kB
MemAvailable:    1566496 kB
Buffers:           19524 kB
Cached:           269784 kB
MemTotal:        1844596 kB
MemFree:         1405828 kB
MemAvailable:    1565892 kB
Buffers:           19524 kB
Cached:           269784 kB
MemTotal:        1844596 kB
MemFree:         1406004 kB
MemAvailable:    1566068 kB
Buffers:           19524 kB
Cached:           269784 kB
MemTotal:        1844596 kB
MemFree:         1405880 kB
MemAvailable:    1565944 kB
Buffers:           19524 kB
Cached:           269784 kB
MemTotal:        1844596 kB
MemFree:         1405880 kB
MemAvailable:    1565944 kB
Buffers:           19524 kB
Cached:           269784 kB
MemTotal:        1844596 kB
MemFree:         1405832 kB
MemAvailable:    1565896 kB
Buffers:           19524 kB
Cached:           269784 kB
MemTotal:        1844596 kB
MemFree:         1405676 kB
MemAvailable:    1565740 kB
Buffers:           19524 kB
Cached:           269784 kB
MemTotal:        1844596 kB
MemFree:         1405760 kB
MemAvailable:    1565824 kB
Buffers:           19524 kB
Cached:           269784 kB
MemTotal:        1844596 kB
MemFree:         1405516 kB
MemAvailable:    1565580 kB
Buffers:           19524 kB
Cached:           269784 kB
MemTotal:        1844596 kB
MemFree:         1405852 kB
MemAvailable:    1565916 kB
Buffers:           19524 kB
Cached:           269784 kB
MemTotal:        1844596 kB
MemFree:         1405608 kB
MemAvailable:    1565680 kB
Buffers:           19524 kB
Cached:           269788 kB
MemTotal:        1844596 kB
MemFree:         1407004 kB
MemAvailable:    1567076 kB
Buffers:           19524 kB
Cached:           269788 kB
MemTotal:        1844596 kB
MemFree:         1407096 kB
MemAvailable:    1567168 kB
Buffers:           19524 kB
Cached:           269788 kB
MemTotal:        1844596 kB
MemFree:         1407268 kB
MemAvailable:    1567340 kB
Buffers:           19524 kB
Cached:           269788 kB
MemTotal:        1844596 kB
MemFree:         1406532 kB
MemAvailable:    1566604 kB
Buffers:           19524 kB
Cached:           269788 kB
MemTotal:        1844596 kB
MemFree:         1405392 kB
MemAvailable:    1565464 kB
Buffers:           19524 kB
Cached:           269788 kB
MemTotal:        1844596 kB
MemFree:         1403100 kB
MemAvailable:    1563172 kB
Buffers:           19524 kB
Cached:           269788 kB
MemTotal:        1844596 kB
MemFree:         1403648 kB
MemAvailable:    1563720 kB
Buffers:           19524 kB
Cached:           269788 kB
MemTotal:        1844596 kB
MemFree:         1402812 kB
MemAvailable:    1562884 kB
Buffers:           19524 kB
Cached:           269788 kB
MemTotal:        1844596 kB
MemFree:         1401712 kB
MemAvailable:    1561784 kB
Buffers:           19524 kB
Cached:           269788 kB
MemTotal:        1844596 kB
MemFree:         1401284 kB
MemAvailable:    1561356 kB
Buffers:           19524 kB
Cached:           269788 kB
MemTotal:        1844596 kB
MemFree:         1401364 kB
MemAvailable:    1561436 kB
Buffers:           19524 kB
Cached:           269788 kB
MemTotal:        1844596 kB
MemFree:         1401736 kB
MemAvailable:    1561808 kB
Buffers:           19524 kB
Cached:           269788 kB
MemTotal:        1844596 kB
MemFree:         1400364 kB
MemAvailable:    1560436 kB
Buffers:           19524 kB
Cached:           269788 kB
MemTotal:        1844596 kB
MemFree:         1401540 kB
MemAvailable:    1561612 kB
Buffers:           19524 kB
Cached:           269788 kB
MemTotal:        1844596 kB
MemFree:         1401664 kB
MemAvailable:    1561736 kB
Buffers:           19524 kB
Cached:           269788 kB
MemTotal:        1844596 kB
MemFree:         1401532 kB
MemAvailable:    1561604 kB
Buffers:           19524 kB
Cached:           269788 kB
MemTotal:        1844596 kB
MemFree:         1401416 kB
MemAvailable:    1561488 kB
Buffers:           19524 kB
Cached:           269788 kB
MemTotal:        1844596 kB
MemFree:         1401416 kB
MemAvailable:    1561488 kB
Buffers:           19524 kB
Cached:           269788 kB
MemTotal:        1844596 kB
MemFree:         1401432 kB
MemAvailable:    1561504 kB
Buffers:           19524 kB
Cached:           269788 kB
MemTotal:        1844596 kB
MemFree:         1401116 kB
MemAvailable:    1561188 kB
Buffers:           19524 kB
Cached:           269788 kB
MemTotal:        1844596 kB
MemFree:         1400920 kB
MemAvailable:    1560992 kB
Buffers:           19524 kB
Cached:           269788 kB
MemTotal:        1844596 kB
MemFree:         1399628 kB
MemAvailable:    1559700 kB
Buffers:           19524 kB
Cached:           269788 kB
MemTotal:        1844596 kB
MemFree:         1400816 kB
MemAvailable:    1560888 kB
Buffers:           19524 kB
Cached:           269788 kB
MemTotal:        1844596 kB
MemFree:         1400604 kB
MemAvailable:    1560676 kB
Buffers:           19524 kB
Cached:           269788 kB
MemTotal:        1844596 kB
MemFree:         1400744 kB
MemAvailable:    1560816 kB
Buffers:           19524 kB
Cached:           269788 kB
MemTotal:        1844596 kB
MemFree:         1400624 kB
MemAvailable:    1560696 kB
Buffers:           19524 kB
Cached:           269788 kB
MemTotal:        1844596 kB
MemFree:         1400620 kB
MemAvailable:    1560692 kB
Buffers:           19524 kB
Cached:           269788 kB
MemTotal:        1844596 kB
MemFree:         1400656 kB
MemAvailable:    1560728 kB
Buffers:           19524 kB
Cached:           269788 kB
MemTotal:        1844596 kB
MemFree:         1399432 kB
MemAvailable:    1559504 kB
Buffers:           19524 kB
Cached:           269788 kB
MemTotal:        1844596 kB
MemFree:         1400608 kB
MemAvailable:    1560680 kB
Buffers:           19524 kB
Cached:           269788 kB
MemTotal:        1844596 kB
MemFree:         1400608 kB
MemAvailable:    1560680 kB
Buffers:           19524 kB
Cached:           269788 kB
MemTotal:        1844596 kB
MemFree:         1400644 kB
MemAvailable:    1560716 kB
Buffers:           19524 kB
Cached:           269788 kB
MemTotal:        1844596 kB
MemFree:         1400556 kB
MemAvailable:    1560628 kB
Buffers:           19524 kB
Cached:           269788 kB
MemTotal:        1844596 kB
MemFree:         1399332 kB
MemAvailable:    1559404 kB
Buffers:           19524 kB
Cached:           269788 kB
MemTotal:        1844596 kB
MemFree:         1400440 kB
MemAvailable:    1560512 kB
Buffers:           19524 kB
Cached:           269788 kB
MemTotal:        1844596 kB
MemFree:         1399076 kB
MemAvailable:    1559148 kB
Buffers:           19524 kB
Cached:           269788 kB
MemTotal:        1844596 kB
MemFree:         1400428 kB
MemAvailable:    1560500 kB
Buffers:           19524 kB
Cached:           269788 kB
MemTotal:        1844596 kB
MemFree:         1399860 kB
MemAvailable:    1559932 kB
Buffers:           19524 kB
Cached:           269788 kB
MemTotal:        1844596 kB
MemFree:         1399008 kB
MemAvailable:    1559080 kB
Buffers:           19524 kB
Cached:           269788 kB
MemTotal:        1844596 kB
MemFree:         1399884 kB
MemAvailable:    1559956 kB
Buffers:           19524 kB
Cached:           269788 kB
MemTotal:        1844596 kB
MemFree:         1399552 kB
MemAvailable:    1559624 kB
Buffers:           19524 kB
Cached:           269788 kB
MemTotal:        1844596 kB
MemFree:         1399552 kB
MemAvailable:    1559624 kB
Buffers:           19524 kB
Cached:           269788 kB
MemTotal:        1844596 kB
MemFree:         1399800 kB
MemAvailable:    1559872 kB
Buffers:           19524 kB
Cached:           269788 kB
MemTotal:        1844596 kB
MemFree:         1399628 kB
MemAvailable:    1559700 kB
Buffers:           19524 kB
Cached:           269788 kB
MemTotal:        1844596 kB
MemFree:         1398488 kB
MemAvailable:    1558560 kB
Buffers:           19524 kB
Cached:           269788 kB
MemTotal:        1844596 kB
MemFree:         1398488 kB
MemAvailable:    1558560 kB
Buffers:           19524 kB
Cached:           269788 kB
MemTotal:        1844596 kB
MemFree:         1399840 kB
MemAvailable:    1559912 kB
Buffers:           19524 kB
Cached:           269788 kB
MemTotal:        1844596 kB
MemFree:         1399440 kB
MemAvailable:    1559512 kB
Buffers:           19524 kB
Cached:           269788 kB
MemTotal:        1844596 kB
MemFree:         1399440 kB
MemAvailable:    1559512 kB
Buffers:           19524 kB
Cached:           269788 kB
MemTotal:        1844596 kB
MemFree:         1397512 kB
MemAvailable:    1557584 kB
Buffers:           19524 kB
Cached:           269788 kB
MemTotal:        1844596 kB
MemFree:         1397388 kB
MemAvailable:    1557460 kB
Buffers:           19524 kB
Cached:           269788 kB
MemTotal:        1844596 kB
MemFree:         1394544 kB
MemAvailable:    1554616 kB
Buffers:           19524 kB
Cached:           269788 kB
MemTotal:        1844596 kB
MemFree:         1392056 kB
MemAvailable:    1552128 kB
Buffers:           19524 kB
Cached:           269788 kB
MemTotal:        1844596 kB
MemFree:         1392312 kB
MemAvailable:    1552384 kB
Buffers:           19524 kB
Cached:           269788 kB
MemTotal:        1844596 kB
MemFree:         1391816 kB
MemAvailable:    1551888 kB
Buffers:           19524 kB
Cached:           269788 kB
MemTotal:        1844596 kB
MemFree:         1390568 kB
MemAvailable:    1550640 kB
Buffers:           19524 kB
Cached:           269788 kB
MemTotal:        1844596 kB
MemFree:         1391532 kB
MemAvailable:    1551604 kB
Buffers:           19524 kB
Cached:           269788 kB
MemTotal:        1844596 kB
MemFree:         1391868 kB
MemAvailable:    1551940 kB
Buffers:           19524 kB
Cached:           269788 kB
MemTotal:        1844596 kB
MemFree:         1391624 kB
MemAvailable:    1551696 kB
Buffers:           19524 kB
Cached:           269788 kB
MemTotal:        1844596 kB
MemFree:         1390948 kB
MemAvailable:    1551020 kB
Buffers:           19524 kB
Cached:           269788 kB
MemTotal:        1844596 kB
MemFree:         1391732 kB
MemAvailable:    1551804 kB
Buffers:           19524 kB
Cached:           269788 kB
MemTotal:        1844596 kB
MemFree:         1391860 kB
MemAvailable:    1551932 kB
Buffers:           19524 kB
Cached:           269788 kB
MemTotal:        1844596 kB
MemFree:         1390940 kB
MemAvailable:    1551012 kB
Buffers:           19524 kB
Cached:           269788 kB
MemTotal:        1844596 kB
MemFree:         1391072 kB
MemAvailable:    1551144 kB
Buffers:           19524 kB
Cached:           269788 kB
MemTotal:        1844596 kB
MemFree:         1392248 kB
MemAvailable:    1552320 kB
Buffers:           19524 kB
Cached:           269788 kB
MemTotal:        1844596 kB
MemFree:         1392124 kB
MemAvailable:    1552196 kB
Buffers:           19524 kB
Cached:           269788 kB
MemTotal:        1844596 kB
MemFree:         1392124 kB
MemAvailable:    1552196 kB
Buffers:           19524 kB
Cached:           269788 kB
MemTotal:        1844596 kB
MemFree:         1391860 kB
MemAvailable:    1551932 kB
Buffers:           19524 kB
Cached:           269788 kB
MemTotal:        1844596 kB
MemFree:         1391668 kB
MemAvailable:    1551740 kB
Buffers:           19524 kB
Cached:           269788 kB
MemTotal:        1844596 kB
MemFree:         1391752 kB
MemAvailable:    1551824 kB
Buffers:           19524 kB
Cached:           269788 kB
MemTotal:        1844596 kB
MemFree:         1391564 kB
MemAvailable:    1551636 kB
Buffers:           19524 kB
Cached:           269788 kB
MemTotal:        1844596 kB
MemFree:         1390080 kB
MemAvailable:    1550152 kB
Buffers:           19524 kB
Cached:           269788 kB
MemTotal:        1844596 kB
MemFree:         1390672 kB
MemAvailable:    1550744 kB
Buffers:           19536 kB
Cached:           269776 kB
MemTotal:        1844596 kB
MemFree:         1390672 kB
MemAvailable:    1550744 kB
Buffers:           19536 kB
Cached:           269776 kB
MemTotal:        1844596 kB
MemFree:         1390180 kB
MemAvailable:    1550252 kB
Buffers:           19536 kB
Cached:           269776 kB
MemTotal:        1844596 kB
MemFree:         1390436 kB
MemAvailable:    1550508 kB
Buffers:           19536 kB
Cached:           269776 kB
MemTotal:        1844596 kB
MemFree:         1390080 kB
MemAvailable:    1550152 kB
Buffers:           19536 kB
Cached:           269776 kB
MemTotal:        1844596 kB
MemFree:         1388832 kB
MemAvailable:    1548904 kB
Buffers:           19536 kB
Cached:           269776 kB
MemTotal:        1844596 kB
MemFree:         1388840 kB
MemAvailable:    1548912 kB
Buffers:           19536 kB
Cached:           269776 kB
MemTotal:        1844596 kB
MemFree:         1388728 kB
MemAvailable:    1548800 kB
Buffers:           19536 kB
Cached:           269776 kB
MemTotal:        1844596 kB
MemFree:         1388848 kB
MemAvailable:    1548920 kB
Buffers:           19536 kB
Cached:           269776 kB
MemTotal:        1844596 kB
MemFree:         1388156 kB
MemAvailable:    1548228 kB
Buffers:           19536 kB
Cached:           269776 kB
MemTotal:        1844596 kB
MemFree:         1386932 kB
MemAvailable:    1547004 kB
Buffers:           19536 kB
Cached:           269776 kB
MemTotal:        1844596 kB
MemFree:         1388032 kB
MemAvailable:    1548112 kB
Buffers:           19536 kB
Cached:           269784 kB
MemTotal:        1844596 kB
MemFree:         1387600 kB
MemAvailable:    1547680 kB
Buffers:           19536 kB
Cached:           269784 kB
MemTotal:        1844596 kB
MemFree:         1387832 kB
MemAvailable:    1547924 kB
Buffers:           19536 kB
Cached:           269796 kB
MemTotal:        1844596 kB
MemFree:         1387908 kB
MemAvailable:    1548000 kB
Buffers:           19536 kB
Cached:           269796 kB
MemTotal:        1844596 kB
MemFree:         1387896 kB
MemAvailable:    1547988 kB
Buffers:           19536 kB
Cached:           269796 kB
MemTotal:        1844596 kB
MemFree:         1387892 kB
MemAvailable:    1547984 kB
Buffers:           19536 kB
Cached:           269796 kB
MemTotal:        1844596 kB
MemFree:         1387604 kB
MemAvailable:    1547696 kB
Buffers:           19536 kB
Cached:           269796 kB
MemTotal:        1844596 kB
MemFree:         1388024 kB
MemAvailable:    1548116 kB
Buffers:           19536 kB
Cached:           269796 kB
MemTotal:        1844596 kB
MemFree:         1387776 kB
MemAvailable:    1547868 kB
Buffers:           19536 kB
Cached:           269796 kB
MemTotal:        1844596 kB
MemFree:         1387908 kB
MemAvailable:    1548000 kB
Buffers:           19536 kB
Cached:           269796 kB
MemTotal:        1844596 kB
MemFree:         1386436 kB
MemAvailable:    1546528 kB
Buffers:           19536 kB
Cached:           269796 kB
MemTotal:        1844596 kB
MemFree:         1387656 kB
MemAvailable:    1547748 kB
Buffers:           19536 kB
Cached:           269796 kB
MemTotal:        1844596 kB
MemFree:         1387212 kB
MemAvailable:    1547304 kB
Buffers:           19536 kB
Cached:           269796 kB
MemTotal:        1844596 kB
MemFree:         1386600 kB
MemAvailable:    1546692 kB
Buffers:           19536 kB
Cached:           269796 kB
MemTotal:        1844596 kB
MemFree:         1385304 kB
MemAvailable:    1545396 kB
Buffers:           19536 kB
Cached:           269796 kB
MemTotal:        1844596 kB
MemFree:         1381144 kB
MemAvailable:    1541236 kB
Buffers:           19536 kB
Cached:           269796 kB
MemTotal:        1844596 kB
MemFree:         1380088 kB
MemAvailable:    1540180 kB
Buffers:           19536 kB
Cached:           269796 kB
MemTotal:        1844596 kB
MemFree:         1379856 kB
MemAvailable:    1539948 kB
Buffers:           19536 kB
Cached:           269796 kB
MemTotal:        1844596 kB
MemFree:         1379920 kB
MemAvailable:    1540012 kB
Buffers:           19536 kB
Cached:           269796 kB
MemTotal:        1844596 kB
MemFree:         1379864 kB
MemAvailable:    1539956 kB
Buffers:           19536 kB
Cached:           269796 kB
MemTotal:        1844596 kB
MemFree:         1379720 kB
MemAvailable:    1539812 kB
Buffers:           19536 kB
Cached:           269796 kB
MemTotal:        1844596 kB
MemFree:         1380056 kB
MemAvailable:    1540148 kB
Buffers:           19536 kB
Cached:           269796 kB
MemTotal:        1844596 kB
MemFree:         1381840 kB
MemAvailable:    1541932 kB
Buffers:           19536 kB
Cached:           269796 kB
MemTotal:        1844596 kB
MemFree:         1381840 kB
MemAvailable:    1541932 kB
Buffers:           19536 kB
Cached:           269796 kB
MemTotal:        1844596 kB
MemFree:         1382016 kB
MemAvailable:    1542108 kB
Buffers:           19536 kB
Cached:           269796 kB
MemTotal:        1844596 kB
MemFree:         1381616 kB
MemAvailable:    1541876 kB
Buffers:           19536 kB
Cached:           269920 kB
MemTotal:        1844596 kB
MemFree:         1381616 kB
MemAvailable:    1541876 kB
Buffers:           19536 kB
Cached:           269920 kB
MemTotal:        1844596 kB
MemFree:         1381576 kB
MemAvailable:    1541920 kB
Buffers:           19536 kB
Cached:           270044 kB
MemTotal:        1844596 kB
MemFree:         1381376 kB
MemAvailable:    1541888 kB
Buffers:           19536 kB
Cached:           270168 kB
MemTotal:        1844596 kB
MemFree:         1381460 kB
MemAvailable:    1541972 kB
Buffers:           19536 kB
Cached:           270168 kB
MemTotal:        1844596 kB
MemFree:         1380948 kB
MemAvailable:    1541628 kB
Buffers:           19536 kB
Cached:           270292 kB
MemTotal:        1844596 kB
MemFree:         1380884 kB
MemAvailable:    1541564 kB
Buffers:           19536 kB
Cached:           270292 kB
MemTotal:        1844596 kB
MemFree:         1380952 kB
MemAvailable:    1541632 kB
Buffers:           19536 kB
Cached:           270416 kB
MemTotal:        1844596 kB
MemFree:         1381028 kB
MemAvailable:    1541708 kB
Buffers:           19536 kB
Cached:           270416 kB
MemTotal:        1844596 kB
MemFree:         1379960 kB
MemAvailable:    1540640 kB
Buffers:           19536 kB
Cached:           270416 kB
MemTotal:        1844596 kB
MemFree:         1379960 kB
MemAvailable:    1540640 kB
Buffers:           19536 kB
Cached:           270416 kB
MemTotal:        1844596 kB
MemFree:         1380084 kB
MemAvailable:    1540764 kB
Buffers:           19536 kB
Cached:           270416 kB
MemTotal:        1844596 kB
MemFree:         1381260 kB
MemAvailable:    1541940 kB
Buffers:           19536 kB
Cached:           270416 kB
MemTotal:        1844596 kB
MemFree:         1379988 kB
MemAvailable:    1540668 kB
Buffers:           19536 kB
Cached:           270416 kB
MemTotal:        1844596 kB
MemFree:         1380888 kB
MemAvailable:    1541652 kB
Buffers:           19536 kB
Cached:           270540 kB
MemTotal:        1844596 kB
MemFree:         1381224 kB
MemAvailable:    1541988 kB
Buffers:           19536 kB
Cached:           270540 kB
MemTotal:        1844596 kB
MemFree:         1449128 kB
MemAvailable:    1609220 kB
Buffers:           19536 kB
Cached:           269868 kB
