MemTotal:        1844596 kB
MemFree:         1459292 kB
MemAvailable:    1611964 kB
Buffers:           18436 kB
Cached:           261676 kB
MemTotal:        1844596 kB
MemFree:         1432012 kB
MemAvailable:    1584688 kB
Buffers:           18436 kB
Cached:           261680 kB
MemTotal:        1844596 kB
MemFree:         1430904 kB
MemAvailable:    1583580 kB
Buffers:           18436 kB
Cached:           261680 kB
MemTotal:        1844596 kB
MemFree:         1429524 kB
MemAvailable:    1582200 kB
Buffers:           18436 kB
Cached:           261680 kB
MemTotal:        1844596 kB
MemFree:         1429608 kB
MemAvailable:    1582284 kB
Buffers:           18436 kB
Cached:           261680 kB
MemTotal:        1844596 kB
MemFree:         1429420 kB
MemAvailable:    1582096 kB
Buffers:           18436 kB
Cached:           261680 kB
MemTotal:        1844596 kB
MemFree:         1427052 kB
MemAvailable:    1579728 kB
Buffers:           18436 kB
Cached:           261680 kB
MemTotal:        1844596 kB
MemFree:         1428176 kB
MemAvailable:    1580852 kB
Buffers:           18436 kB
Cached:           261680 kB
MemTotal:        1844596 kB
MemFree:         1426868 kB
MemAvailable:    1579544 kB
Buffers:           18436 kB
Cached:           261680 kB
MemTotal:        1844596 kB
MemFree:         1425384 kB
MemAvailable:    1578060 kB
Buffers:           18436 kB
Cached:           261680 kB
MemTotal:        1844596 kB
MemFree:         1423028 kB
MemAvailable:    1575704 kB
Buffers:           18436 kB
Cached:           261680 kB
MemTotal:        1844596 kB
MemFree:         1420728 kB
MemAvailable:    1573404 kB
Buffers:           18436 kB
Cached:           261680 kB
MemTotal:        1844596 kB
MemFree:         1417248 kB
MemAvailable:    1569924 kB
Buffers:           18436 kB
Cached:           261680 kB
MemTotal:        1844596 kB
MemFree:         1417248 kB
MemAvailable:    1569924 kB
Buffers:           18436 kB
Cached:           261680 kB
MemTotal:        1844596 kB
MemFree:         1418460 kB
MemAvailable:    1571136 kB
Buffers:           18436 kB
Cached:           261680 kB
MemTotal:        1844596 kB
MemFree:         1418008 kB
MemAvailable:    1570684 kB
Buffers:           18436 kB
Cached:           261680 kB
MemTotal:        1844596 kB
MemFree:         1418068 kB
MemAvailable:    1570744 kB
Buffers:           18436 kB
Cached:           261680 kB
MemTotal:        1844596 kB
MemFree:         1418236 kB
MemAvailable:    1570912 kB
Buffers:           18436 kB
Cached:           261680 kB
MemTotal:        1844596 kB
MemFree:         1418136 kB
MemAvailable:    1570812 kB
Buffers:           18436 kB
Cached:           261680 kB
MemTotal:        1844596 kB
MemFree:         1418012 kB
MemAvailable:    1570688 kB
Buffers:           18436 kB
Cached:           261680 kB
MemTotal:        1844596 kB
MemFree:         1417448 kB
MemAvailable:    1570124 kB
Buffers:           18436 kB
Cached:           261680 kB
MemTotal:        1844596 kB
MemFree:         1416828 kB
MemAvailable:    1569504 kB
Buffers:           18436 kB
Cached:           261680 kB
MemTotal:        1844596 kB
MemFree:         1415148 kB
MemAvailable:    1567824 kB
Buffers:           18436 kB
Cached:           261680 kB
MemTotal:        1844596 kB
MemFree:         1415768 kB
MemAvailable:    1568444 kB
Buffers:           18436 kB
Cached:           261680 kB
MemTotal:        1844596 kB
MemFree:         1415768 kB
MemAvailable:    1568444 kB
Buffers:           18436 kB
Cached:           261680 kB
MemTotal:        1844596 kB
MemFree:         1415776 kB
MemAvailable:    1568452 kB
Buffers:           18436 kB
Cached:           261680 kB
MemTotal:        1844596 kB
MemFree:         1414784 kB
MemAvailable:    1567460 kB
Buffers:           18436 kB
Cached:           261680 kB
MemTotal:        1844596 kB
MemFree:         1415648 kB
MemAvailable:    1568324 kB
Buffers:           18436 kB
Cached:           261680 kB
MemTotal:        1844596 kB
MemFree:         1414356 kB
MemAvailable:    1567032 kB
Buffers:           18436 kB
Cached:           261680 kB
MemTotal:        1844596 kB
MemFree:         1414472 kB
MemAvailable:    1567148 kB
Buffers:           18436 kB
Cached:           261680 kB
MemTotal:        1844596 kB
MemFree:         1414516 kB
MemAvailable:    1567192 kB
Buffers:           18436 kB
Cached:           261680 kB
MemTotal:        1844596 kB
MemFree:         1415816 kB
MemAvailable:    1568492 kB
Buffers:           18436 kB
Cached:           261680 kB
MemTotal:        1844596 kB
MemFree:         1417220 kB
MemAvailable:    1569896 kB
Buffers:           18436 kB
Cached:           261680 kB
MemTotal:        1844596 kB
MemFree:         1416264 kB
MemAvailable:    1568940 kB
Buffers:           18436 kB
Cached:           261680 kB
MemTotal:        1844596 kB
MemFree:         1417572 kB
MemAvailable:    1570248 kB
Buffers:           18436 kB
Cached:           261680 kB
MemTotal:        1844596 kB
MemFree:         1416456 kB
MemAvailable:    1569132 kB
Buffers:           18436 kB
Cached:           261680 kB
MemTotal:        1844596 kB
MemFree:         1414844 kB
MemAvailable:    1567520 kB
Buffers:           18436 kB
Cached:           261680 kB
MemTotal:        1844596 kB
MemFree:         1412800 kB
MemAvailable:    1565476 kB
Buffers:           18436 kB
Cached:           261680 kB
MemTotal:        1844596 kB
MemFree:         1412676 kB
MemAvailable:    1565352 kB
Buffers:           18436 kB
Cached:           261680 kB
MemTotal:        1844596 kB
MemFree:         1412924 kB
MemAvailable:    1565600 kB
Buffers:           18436 kB
Cached:           261680 kB
MemTotal:        1844596 kB
MemFree:         1412784 kB
MemAvailable:    1565460 kB
Buffers:           18436 kB
Cached:           261680 kB
MemTotal:        1844596 kB
MemFree:         1412484 kB
MemAvailable:    1565328 kB
Buffers:           18436 kB
Cached:           261680 kB
MemTotal:        1844596 kB
MemFree:         1412116 kB
MemAvailable:    1564792 kB
Buffers:           18436 kB
Cached:           261680 kB
MemTotal:        1844596 kB
MemFree:         1411744 kB
MemAvailable:    1564420 kB
Buffers:           18436 kB
Cached:           261680 kB
MemTotal:        1844596 kB
MemFree:         1411760 kB
MemAvailable:    1564436 kB
Buffers:           18436 kB
Cached:           261680 kB
MemTotal:        1844596 kB
MemFree:         1410300 kB
MemAvailable:    1562976 kB
Buffers:           18436 kB
Cached:           261680 kB
MemTotal:        1844596 kB
MemFree:         1410384 kB
MemAvailable:    1563060 kB
Buffers:           18436 kB
Cached:           261680 kB
MemTotal:        1844596 kB
MemFree:         1411560 kB
MemAvailable:    1564236 kB
Buffers:           18436 kB
Cached:           261680 kB
MemTotal:        1844596 kB
MemFree:         1411596 kB
MemAvailable:    1564272 kB
Buffers:           18436 kB
Cached:           261680 kB
MemTotal:        1844596 kB
MemFree:         1410560 kB
MemAvailable:    1563236 kB
Buffers:           18436 kB
Cached:           261680 kB
MemTotal:        1844596 kB
MemFree:         1411408 kB
MemAvailable:    1564084 kB
Buffers:           18436 kB
Cached:           261680 kB
MemTotal:        1844596 kB
MemFree:         1411408 kB
MemAvailable:    1564084 kB
Buffers:           18436 kB
Cached:           261680 kB
MemTotal:        1844596 kB
MemFree:         1410800 kB
MemAvailable:    1563476 kB
Buffers:           18436 kB
Cached:           261680 kB
MemTotal:        1844596 kB
MemFree:         1410800 kB
MemAvailable:    1563476 kB
Buffers:           18436 kB
Cached:           261680 kB
MemTotal:        1844596 kB
MemFree:         1409744 kB
MemAvailable:    1562420 kB
Buffers:           18436 kB
Cached:           261680 kB
MemTotal:        1844596 kB
MemFree:         1410000 kB
MemAvailable:    1562676 kB
Buffers:           18436 kB
Cached:           261680 kB
MemTotal:        1844596 kB
MemFree:         1410692 kB
MemAvailable:    1563368 kB
Buffers:           18436 kB
Cached:           261680 kB
MemTotal:        1844596 kB
MemFree:         1410628 kB
MemAvailable:    1563304 kB
Buffers:           18436 kB
Cached:           261680 kB
MemTotal:        1844596 kB
MemFree:         1410204 kB
MemAvailable:    1562880 kB
Buffers:           18436 kB
Cached:           261680 kB
MemTotal:        1844596 kB
MemFree:         1410428 kB
MemAvailable:    1563104 kB
Buffers:           18436 kB
Cached:           261680 kB
MemTotal:        1844596 kB
MemFree:         1410620 kB
MemAvailable:    1563296 kB
Buffers:           18436 kB
Cached:           261680 kB
MemTotal:        1844596 kB
MemFree:         1410628 kB
MemAvailable:    1563304 kB
Buffers:           18436 kB
Cached:           261680 kB
MemTotal:        1844596 kB
MemFree:         1410588 kB
MemAvailable:    1563264 kB
Buffers:           18436 kB
Cached:           261680 kB
MemTotal:        1844596 kB
MemFree:         1409824 kB
MemAvailable:    1562500 kB
Buffers:           18436 kB
Cached:           261680 kB
MemTotal:        1844596 kB
MemFree:         1410568 kB
MemAvailable:    1563244 kB
Buffers:           18436 kB
Cached:           261680 kB
MemTotal:        1844596 kB
MemFree:         1410628 kB
MemAvailable:    1563304 kB
Buffers:           18436 kB
Cached:           261680 kB
MemTotal:        1844596 kB
MemFree:         1410600 kB
MemAvailable:    1563276 kB
Buffers:           18436 kB
Cached:           261680 kB
MemTotal:        1844596 kB
MemFree:         1409452 kB
MemAvailable:    1562128 kB
Buffers:           18436 kB
Cached:           261680 kB
MemTotal:        1844596 kB
MemFree:         1410236 kB
MemAvailable:    1562912 kB
Buffers:           18436 kB
Cached:           261680 kB
MemTotal:        1844596 kB
MemFree:         1410112 kB
MemAvailable:    1562788 kB
Buffers:           18436 kB
Cached:           261680 kB
MemTotal:        1844596 kB
MemFree:         1409080 kB
MemAvailable:    1561760 kB
Buffers:           18436 kB
Cached:           261684 kB
MemTotal:        1844596 kB
MemFree:         1409820 kB
MemAvailable:    1562500 kB
Buffers:           18436 kB
Cached:           261684 kB
MemTotal:        1844596 kB
MemFree:         1408644 kB
MemAvailable:    1561324 kB
Buffers:           18436 kB
Cached:           261684 kB
MemTotal:        1844596 kB
MemFree:         1409628 kB
MemAvailable:    1562312 kB
Buffers:           18436 kB
Cached:           261688 kB
MemTotal:        1844596 kB
MemFree:         1409628 kB
MemAvailable:    1562312 kB
Buffers:           18436 kB
Cached:           261688 kB
MemTotal:        1844596 kB
MemFree:         1409360 kB
MemAvailable:    1562044 kB
Buffers:           18436 kB
Cached:           261688 kB
MemTotal:        1844596 kB
MemFree:         1409612 kB
MemAvailable:    1562296 kB
Buffers:           18436 kB
Cached:           261688 kB
MemTotal:        1844596 kB
MemFree:         1409824 kB
MemAvailable:    1562508 kB
Buffers:           18436 kB
Cached:           261688 kB
MemTotal:        1844596 kB
MemFree:         1408956 kB
MemAvailable:    1561640 kB
Buffers:           18436 kB
Cached:           261688 kB
MemTotal:        1844596 kB
MemFree:         1409080 kB
MemAvailable:    1561764 kB
Buffers:           18436 kB
Cached:           261688 kB
MemTotal:        1844596 kB
MemFree:         1410132 kB
MemAvailable:    1562816 kB
Buffers:           18436 kB
Cached:           261688 kB
MemTotal:        1844596 kB
MemFree:         1408832 kB
MemAvailable:    1561516 kB
Buffers:           18436 kB
Cached:           261688 kB
MemTotal:        1844596 kB
MemFree:         1408956 kB
MemAvailable:    1561640 kB
Buffers:           18436 kB
Cached:           261688 kB
MemTotal:        1844596 kB
MemFree:         1409444 kB
MemAvailable:    1562128 kB
Buffers:           18436 kB
Cached:           261688 kB
MemTotal:        1844596 kB
MemFree:         1409444 kB
MemAvailable:    1562128 kB
Buffers:           18436 kB
Cached:           261688 kB
MemTotal:        1844596 kB
MemFree:         1406708 kB
MemAvailable:    1559392 kB
Buffers:           18436 kB
Cached:           261688 kB
MemTotal:        1844596 kB
MemFree:         1406476 kB
MemAvailable:    1559160 kB
Buffers:           18436 kB
Cached:           261688 kB
MemTotal:        1844596 kB
MemFree:         1404056 kB
MemAvailable:    1556740 kB
Buffers:           18436 kB
Cached:           261688 kB
MemTotal:        1844596 kB
MemFree:         1402252 kB
MemAvailable:    1554936 kB
Buffers:           18436 kB
Cached:           261688 kB
MemTotal:        1844596 kB
MemFree:         1402144 kB
MemAvailable:    1554828 kB
Buffers:           18436 kB
Cached:           261688 kB
MemTotal:        1844596 kB
MemFree:         1401940 kB
MemAvailable:    1554624 kB
Buffers:           18436 kB
Cached:           261688 kB
MemTotal:        1844596 kB
MemFree:         1401748 kB
MemAvailable:    1554432 kB
Buffers:           18436 kB
Cached:           261688 kB
MemTotal:        1844596 kB
MemFree:         1401552 kB
MemAvailable:    1554236 kB
Buffers:           18436 kB
Cached:           261688 kB
MemTotal:        1844596 kB
MemFree:         1400368 kB
MemAvailable:    1553052 kB
Buffers:           18436 kB
Cached:           261688 kB
MemTotal:        1844596 kB
MemFree:         1400748 kB
MemAvailable:    1553432 kB
Buffers:           18436 kB
Cached:           261688 kB
MemTotal:        1844596 kB
MemFree:         1401608 kB
MemAvailable:    1554292 kB
Buffers:           18436 kB
Cached:           261688 kB
MemTotal:        1844596 kB
MemFree:         1401608 kB
MemAvailable:    1554292 kB
Buffers:           18436 kB
Cached:           261688 kB
MemTotal:        1844596 kB
MemFree:         1401644 kB
MemAvailable:    1554328 kB
Buffers:           18436 kB
Cached:           261688 kB
MemTotal:        1844596 kB
MemFree:         1401688 kB
MemAvailable:    1554372 kB
Buffers:           18436 kB
Cached:           261688 kB
MemTotal:        1844596 kB
MemFree:         1401688 kB
MemAvailable:    1554372 kB
Buffers:           18436 kB
Cached:           261688 kB
MemTotal:        1844596 kB
MemFree:         1401700 kB
MemAvailable:    1554384 kB
Buffers:           18436 kB
Cached:           261688 kB
MemTotal:        1844596 kB
MemFree:         1400772 kB
MemAvailable:    1553456 kB
Buffers:           18436 kB
Cached:           261688 kB
MemTotal:        1844596 kB
MemFree:         1401772 kB
MemAvailable:    1554456 kB
Buffers:           18436 kB
Cached:           261688 kB
MemTotal:        1844596 kB
MemFree:         1401824 kB
MemAvailable:    1554508 kB
Buffers:           18436 kB
Cached:           261688 kB
MemTotal:        1844596 kB
MemFree:         1401576 kB
MemAvailable:    1554260 kB
Buffers:           18436 kB
Cached:           261688 kB
MemTotal:        1844596 kB
MemFree:         1401004 kB
MemAvailable:    1553688 kB
Buffers:           18436 kB
Cached:           261688 kB
MemTotal:        1844596 kB
MemFree:         1401004 kB
MemAvailable:    1553688 kB
Buffers:           18436 kB
Cached:           261688 kB
MemTotal:        1844596 kB
MemFree:         1400576 kB
MemAvailable:    1553260 kB
Buffers:           18436 kB
Cached:           261688 kB
MemTotal:        1844596 kB
MemFree:         1400576 kB
MemAvailable:    1553260 kB
Buffers:           18436 kB
Cached:           261688 kB
MemTotal:        1844596 kB
MemFree:         1400120 kB
MemAvailable:    1552804 kB
Buffers:           18436 kB
Cached:           261688 kB
MemTotal:        1844596 kB
MemFree:         1400204 kB
MemAvailable:    1552888 kB
Buffers:           18436 kB
Cached:           261688 kB
MemTotal:        1844596 kB
MemFree:         1399932 kB
MemAvailable:    1552616 kB
Buffers:           18436 kB
Cached:           261688 kB
MemTotal:        1844596 kB
MemFree:         1398664 kB
MemAvailable:    1551348 kB
Buffers:           18436 kB
Cached:           261688 kB
MemTotal:        1844596 kB
MemFree:         1399088 kB
MemAvailable:    1551772 kB
Buffers:           18436 kB
Cached:           261688 kB
MemTotal:        1844596 kB
MemFree:         1397656 kB
MemAvailable:    1550340 kB
Buffers:           18436 kB
Cached:           261688 kB
MemTotal:        1844596 kB
MemFree:         1397796 kB
MemAvailable:    1550480 kB
Buffers:           18436 kB
Cached:           261688 kB
MemTotal:        1844596 kB
MemFree:         1398044 kB
MemAvailable:    1550732 kB
Buffers:           18436 kB
Cached:           261692 kB
MemTotal:        1844596 kB
MemFree:         1398416 kB
MemAvailable:    1551104 kB
Buffers:           18436 kB
Cached:           261692 kB
MemTotal:        1844596 kB
MemFree:         1398220 kB
MemAvailable:    1550908 kB
Buffers:           18436 kB
Cached:           261692 kB
MemTotal:        1844596 kB
MemFree:         1396928 kB
MemAvailable:    1549616 kB
Buffers:           18436 kB
Cached:           261692 kB
MemTotal:        1844596 kB
MemFree:         1397040 kB
MemAvailable:    1549728 kB
Buffers:           18436 kB
Cached:           261692 kB
MemTotal:        1844596 kB
MemFree:         1398156 kB
MemAvailable:    1550844 kB
Buffers:           18436 kB
Cached:           261692 kB
MemTotal:        1844596 kB
MemFree:         1396928 kB
MemAvailable:    1549616 kB
Buffers:           18436 kB
Cached:           261692 kB
MemTotal:        1844596 kB
MemFree:         1397836 kB
MemAvailable:    1550524 kB
Buffers:           18436 kB
Cached:           261692 kB
MemTotal:        1844596 kB
MemFree:         1396620 kB
MemAvailable:    1549308 kB
Buffers:           18436 kB
Cached:           261692 kB
MemTotal:        1844596 kB
MemFree:         1397656 kB
MemAvailable:    1550344 kB
Buffers:           18436 kB
Cached:           261692 kB
MemTotal:        1844596 kB
MemFree:         1397656 kB
MemAvailable:    1550344 kB
Buffers:           18436 kB
Cached:           261692 kB
MemTotal:        1844596 kB
MemFree:         1398004 kB
MemAvailable:    1550692 kB
Buffers:           18436 kB
Cached:           261692 kB
MemTotal:        1844596 kB
MemFree:         1397780 kB
MemAvailable:    1550468 kB
Buffers:           18436 kB
Cached:           261692 kB
MemTotal:        1844596 kB
MemFree:         1397424 kB
MemAvailable:    1550112 kB
Buffers:           18436 kB
Cached:           261692 kB
MemTotal:        1844596 kB
MemFree:         1397284 kB
MemAvailable:    1549972 kB
Buffers:           18436 kB
Cached:           261692 kB
MemTotal:        1844596 kB
MemFree:         1396680 kB
MemAvailable:    1549368 kB
Buffers:           18436 kB
Cached:           261692 kB
MemTotal:        1844596 kB
MemFree:         1397216 kB
MemAvailable:    1549904 kB
Buffers:           18436 kB
Cached:           261692 kB
MemTotal:        1844596 kB
MemFree:         1390596 kB
MemAvailable:    1543284 kB
Buffers:           18436 kB
Cached:           261692 kB
MemTotal:        1844596 kB
MemFree:         1390356 kB
MemAvailable:    1543044 kB
Buffers:           18436 kB
Cached:           261692 kB
MemTotal:        1844596 kB
MemFree:         1389968 kB
MemAvailable:    1542656 kB
Buffers:           18436 kB
Cached:           261692 kB
MemTotal:        1844596 kB
MemFree:         1389968 kB
MemAvailable:    1542656 kB
Buffers:           18436 kB
Cached:           261692 kB
MemTotal:        1844596 kB
MemFree:         1389864 kB
MemAvailable:    1542552 kB
Buffers:           18436 kB
Cached:           261692 kB
MemTotal:        1844596 kB
MemFree:         1388816 kB
MemAvailable:    1541504 kB
Buffers:           18436 kB
Cached:           261692 kB
MemTotal:        1844596 kB
MemFree:         1388684 kB
MemAvailable:    1541372 kB
Buffers:           18436 kB
Cached:           261692 kB
MemTotal:        1844596 kB
MemFree:         1388684 kB
MemAvailable:    1541372 kB
Buffers:           18436 kB
Cached:           261692 kB
MemTotal:        1844596 kB
MemFree:         1391928 kB
MemAvailable:    1544616 kB
Buffers:           18448 kB
Cached:           261680 kB
MemTotal:        1844596 kB
MemFree:         1391904 kB
MemAvailable:    1544592 kB
Buffers:           18448 kB
Cached:           261804 kB
MemTotal:        1844596 kB
MemFree:         1391772 kB
MemAvailable:    1544628 kB
Buffers:           18448 kB
Cached:           261928 kB
MemTotal:        1844596 kB
MemFree:         1391316 kB
MemAvailable:    1544340 kB
Buffers:           18448 kB
Cached:           262052 kB
MemTotal:        1844596 kB
MemFree:         1391400 kB
MemAvailable:    1544424 kB
Buffers:           18448 kB
Cached:           262052 kB
MemTotal:        1844596 kB
MemFree:         1391380 kB
MemAvailable:    1544488 kB
Buffers:           18448 kB
Cached:           262176 kB
MemTotal:        1844596 kB
MemFree:         1391180 kB
MemAvailable:    1544456 kB
Buffers:           18448 kB
Cached:           262300 kB
MemTotal:        1844596 kB
MemFree:         1391100 kB
MemAvailable:    1544376 kB
Buffers:           18448 kB
Cached:           262300 kB
MemTotal:        1844596 kB
MemFree:         1390904 kB
MemAvailable:    1544180 kB
Buffers:           18448 kB
Cached:           262300 kB
MemTotal:        1844596 kB
MemFree:         1391156 kB
MemAvailable:    1544432 kB
Buffers:           18448 kB
Cached:           262300 kB
MemTotal:        1844596 kB
MemFree:         1390968 kB
MemAvailable:    1544300 kB
Buffers:           18448 kB
Cached:           262356 kB
MemTotal:        1844596 kB
MemFree:         1391052 kB
MemAvailable:    1544384 kB
Buffers:           18448 kB
Cached:           262356 kB
MemTotal:        1844596 kB
MemFree:         1390960 kB
MemAvailable:    1544340 kB
Buffers:           18448 kB
Cached:           262372 kB
MemTotal:        1844596 kB
MemFree:         1391044 kB
MemAvailable:    1544424 kB
Buffers:           18448 kB
Cached:           262372 kB
MemTotal:        1844596 kB
MemFree:         1391160 kB
MemAvailable:    1544540 kB
Buffers:           18448 kB
Cached:           262372 kB
MemTotal:        1844596 kB
MemFree:         1391052 kB
MemAvailable:    1544432 kB
Buffers:           18448 kB
Cached:           262372 kB
MemTotal:        1844596 kB
MemFree:         1422024 kB
MemAvailable:    1574816 kB
Buffers:           18448 kB
Cached:           261740 kB
MemTotal:        1844596 kB
MemFree:         1455836 kB
MemAvailable:    1608628 kB
Buffers:           18448 kB
Cached:           261740 kB
