MemTotal:        1844596 kB
MemFree:         1424668 kB
MemAvailable:    1608216 kB
Buffers:           23028 kB
Cached:           290504 kB
MemTotal:        1844596 kB
MemFree:         1399148 kB
MemAvailable:    1582700 kB
Buffers:           23028 kB
Cached:           290508 kB
MemTotal:        1844596 kB
MemFree:         1396172 kB
MemAvailable:    1579724 kB
Buffers:           23028 kB
Cached:           290508 kB
MemTotal:        1844596 kB
MemFree:         1393940 kB
MemAvailable:    1577492 kB
Buffers:           23028 kB
Cached:           290508 kB
MemTotal:        1844596 kB
MemFree:         1392700 kB
MemAvailable:    1576252 kB
Buffers:           23028 kB
Cached:           290508 kB
MemTotal:        1844596 kB
MemFree:         1393676 kB
MemAvailable:    1577228 kB
Buffers:           23028 kB
Cached:           290508 kB
MemTotal:        1844596 kB
MemFree:         1393676 kB
MemAvailable:    1577228 kB
Buffers:           23028 kB
Cached:           290508 kB
MemTotal:        1844596 kB
MemFree:         1390080 kB
MemAvailable:    1573632 kB
Buffers:           23028 kB
Cached:           290508 kB
MemTotal:        1844596 kB
MemFree:         1388236 kB
MemAvailable:    1571788 kB
Buffers:           23028 kB
Cached:           290508 kB
MemTotal:        1844596 kB
MemFree:         1386500 kB
MemAvailable:    1570052 kB
Buffers:           23028 kB
Cached:           290508 kB
MemTotal:        1844596 kB
MemFree:         1382036 kB
MemAvailable:    1565588 kB
Buffers:           23028 kB
Cached:           290508 kB
MemTotal:        1844596 kB
MemFree:         1383824 kB
MemAvailable:    1567376 kB
Buffers:           23028 kB
Cached:           290508 kB
MemTotal:        1844596 kB
MemFree:         1383700 kB
MemAvailable:    1567252 kB
Buffers:           23028 kB
Cached:           290508 kB
MemTotal:        1844596 kB
MemFree:         1383640 kB
MemAvailable:    1567192 kB
Buffers:           23028 kB
Cached:           290508 kB
MemTotal:        1844596 kB
MemFree:         1383640 kB
MemAvailable:    1567192 kB
Buffers:           23028 kB
Cached:           290508 kB
MemTotal:        1844596 kB
MemFree:         1382400 kB
MemAvailable:    1565952 kB
Buffers:           23028 kB
Cached:           290508 kB
MemTotal:        1844596 kB
MemFree:         1383376 kB
MemAvailable:    1566928 kB
Buffers:           23028 kB
Cached:           290508 kB
MemTotal:        1844596 kB
MemFree:         1383376 kB
MemAvailable:    1566928 kB
Buffers:           23028 kB
Cached:           290508 kB
MemTotal:        1844596 kB
MemFree:         1383144 kB
MemAvailable:    1566696 kB
Buffers:           23028 kB
Cached:           290508 kB
MemTotal:        1844596 kB
MemFree:         1381788 kB
MemAvailable:    1565340 kB
Buffers:           23028 kB
Cached:           290508 kB
MemTotal:        1844596 kB
MemFree:         1381400 kB
MemAvailable:    1564952 kB
Buffers:           23028 kB
Cached:           290508 kB
MemTotal:        1844596 kB
MemFree:         1381044 kB
MemAvailable:    1564596 kB
Buffers:           23028 kB
Cached:           290508 kB
MemTotal:        1844596 kB
MemFree:         1379872 kB
MemAvailable:    1563424 kB
Buffers:           23028 kB
Cached:           290508 kB
MemTotal:        1844596 kB
MemFree:         1381332 kB
MemAvailable:    1564884 kB
Buffers:           23028 kB
Cached:           290508 kB
MemTotal:        1844596 kB
MemFree:         1381292 kB
MemAvailable:    1564844 kB
Buffers:           23028 kB
Cached:           290508 kB
MemTotal:        1844596 kB
MemFree:         1379860 kB
MemAvailable:    1563412 kB
Buffers:           23028 kB
Cached:           290508 kB
MemTotal:        1844596 kB
MemFree:         1379984 kB
MemAvailable:    1563536 kB
Buffers:           23028 kB
Cached:           290508 kB
MemTotal:        1844596 kB
MemFree:         1381264 kB
MemAvailable:    1564816 kB
Buffers:           23028 kB
Cached:           290508 kB
MemTotal:        1844596 kB
MemFree:         1381304 kB
MemAvailable:    1564856 kB
Buffers:           23028 kB
Cached:           290508 kB
MemTotal:        1844596 kB
MemFree:         1381348 kB
MemAvailable:    1564900 kB
Buffers:           23028 kB
Cached:           290508 kB
MemTotal:        1844596 kB
MemFree:         1382588 kB
MemAvailable:    1566140 kB
Buffers:           23028 kB
Cached:           290508 kB
MemTotal:        1844596 kB
MemFree:         1380672 kB
MemAvailable:    1564224 kB
Buffers:           23028 kB
Cached:           290508 kB
MemTotal:        1844596 kB
MemFree:         1379052 kB
MemAvailable:    1562604 kB
Buffers:           23028 kB
Cached:           290508 kB
MemTotal:        1844596 kB
MemFree:         1378820 kB
MemAvailable:    1562372 kB
Buffers:           23028 kB
Cached:           290508 kB
MemTotal:        1844596 kB
MemFree:         1378680 kB
MemAvailable:    1562232 kB
Buffers:           23028 kB
Cached:           290508 kB
MemTotal:        1844596 kB
MemFree:         1378316 kB
MemAvailable:    1561868 kB
Buffers:           23028 kB
Cached:           290508 kB
MemTotal:        1844596 kB
MemFree:         1378060 kB
MemAvailable:    1561612 kB
Buffers:           23028 kB
Cached:           290508 kB
MemTotal:        1844596 kB
MemFree:         1376688 kB
MemAvailable:    1560240 kB
Buffers:           23028 kB
Cached:           290508 kB
MemTotal:        1844596 kB
MemFree:         1377060 kB
MemAvailable:    1560612 kB
Buffers:           23028 kB
Cached:           290508 kB
MemTotal:        1844596 kB
MemFree:         1377144 kB
MemAvailable:    1560696 kB
Buffers:           23028 kB
Cached:           290508 kB
MemTotal:        1844596 kB
MemFree:         1377080 kB
MemAvailable:    1560632 kB
Buffers:           23028 kB
Cached:           290508 kB
MemTotal:        1844596 kB
MemFree:         1377248 kB
MemAvailable:    1560800 kB
Buffers:           23028 kB
Cached:           290508 kB
MemTotal:        1844596 kB
MemFree:         1377040 kB
MemAvailable:    1560592 kB
Buffers:           23028 kB
Cached:           290508 kB
MemTotal:        1844596 kB
MemFree:         1377084 kB
MemAvailable:    1560636 kB
Buffers:           23028 kB
Cached:           290508 kB
MemTotal:        1844596 kB
MemFree:         1375704 kB
MemAvailable:    1559256 kB
Buffers:           23028 kB
Cached:           290508 kB
MemTotal:        1844596 kB
MemFree:         1375448 kB
MemAvailable:    1559000 kB
Buffers:           23028 kB
Cached:           290508 kB
MemTotal:        1844596 kB
MemFree:         1376748 kB
MemAvailable:    1560300 kB
Buffers:           23028 kB
Cached:           290508 kB
MemTotal:        1844596 kB
MemFree:         1375216 kB
MemAvailable:    1558768 kB
Buffers:           23028 kB
Cached:           290508 kB
MemTotal:        1844596 kB
MemFree:         1375688 kB
MemAvailable:    1559244 kB
Buffers:           23028 kB
Cached:           290512 kB
MemTotal:        1844596 kB
MemFree:         1376024 kB
MemAvailable:    1559580 kB
Buffers:           23028 kB
Cached:           290512 kB
MemTotal:        1844596 kB
MemFree:         1374796 kB
MemAvailable:    1558352 kB
Buffers:           23028 kB
Cached:           290512 kB
MemTotal:        1844596 kB
MemFree:         1376220 kB
MemAvailable:    1559776 kB
Buffers:           23028 kB
Cached:           290512 kB
MemTotal:        1844596 kB
MemFree:         1376132 kB
MemAvailable:    1559688 kB
Buffers:           23028 kB
Cached:           290512 kB
MemTotal:        1844596 kB
MemFree:         1376060 kB
MemAvailable:    1559616 kB
Buffers:           23028 kB
Cached:           290512 kB
MemTotal:        1844596 kB
MemFree:         1376092 kB
MemAvailable:    1559648 kB
Buffers:           23028 kB
Cached:           290512 kB
MemTotal:        1844596 kB
MemFree:         1376268 kB
MemAvailable:    1559824 kB
Buffers:           23028 kB
Cached:           290512 kB
MemTotal:        1844596 kB
MemFree:         1376036 kB
MemAvailable:    1559592 kB
Buffers:           23028 kB
Cached:           290512 kB
MemTotal:        1844596 kB
MemFree:         1376156 kB
MemAvailable:    1559712 kB
Buffers:           23028 kB
Cached:           290512 kB
MemTotal:        1844596 kB
MemFree:         1376068 kB
MemAvailable:    1559624 kB
Buffers:           23028 kB
Cached:           290512 kB
MemTotal:        1844596 kB
MemFree:         1374796 kB
MemAvailable:    1558352 kB
Buffers:           23028 kB
Cached:           290512 kB
MemTotal:        1844596 kB
MemFree:         1374796 kB
MemAvailable:    1558352 kB
Buffers:           23028 kB
Cached:           290512 kB
MemTotal:        1844596 kB
MemFree:         1375964 kB
MemAvailable:    1559520 kB
Buffers:           23028 kB
Cached:           290512 kB
MemTotal:        1844596 kB
MemFree:         1374596 kB
MemAvailable:    1558152 kB
Buffers:           23028 kB
Cached:           290512 kB
MemTotal:        1844596 kB
MemFree:         1375456 kB
MemAvailable:    1559012 kB
Buffers:           23028 kB
Cached:           290512 kB
MemTotal:        1844596 kB
MemFree:         1374216 kB
MemAvailable:    1557772 kB
Buffers:           23028 kB
Cached:           290512 kB
MemTotal:        1844596 kB
MemFree:         1374464 kB
MemAvailable:    1558020 kB
Buffers:           23028 kB
Cached:           290512 kB
MemTotal:        1844596 kB
MemFree:         1374340 kB
MemAvailable:    1557896 kB
Buffers:           23028 kB
Cached:           290512 kB
MemTotal:        1844596 kB
MemFree:         1374084 kB
MemAvailable:    1557640 kB
Buffers:           23028 kB
Cached:           290512 kB
MemTotal:        1844596 kB
MemFree:         1374076 kB
MemAvailable:    1557632 kB
Buffers:           23028 kB
Cached:           290512 kB
MemTotal:        1844596 kB
MemFree:         1375252 kB
MemAvailable:    1558808 kB
Buffers:           23028 kB
Cached:           290512 kB
MemTotal:        1844596 kB
MemFree:         1373944 kB
MemAvailable:    1557500 kB
Buffers:           23028 kB
Cached:           290512 kB
MemTotal:        1844596 kB
MemFree:         1373904 kB
MemAvailable:    1557460 kB
Buffers:           23028 kB
Cached:           290512 kB
MemTotal:        1844596 kB
MemFree:         1373896 kB
MemAvailable:    1557452 kB
Buffers:           23028 kB
Cached:           290512 kB
MemTotal:        1844596 kB
MemFree:         1373772 kB
MemAvailable:    1557328 kB
Buffers:           23028 kB
Cached:           290512 kB
MemTotal:        1844596 kB
MemFree:         1373604 kB
MemAvailable:    1557160 kB
Buffers:           23028 kB
Cached:           290512 kB
MemTotal:        1844596 kB
MemFree:         1372796 kB
MemAvailable:    1556352 kB
Buffers:           23028 kB
Cached:           290512 kB
MemTotal:        1844596 kB
MemFree:         1369132 kB
MemAvailable:    1552688 kB
Buffers:           23028 kB
Cached:           290512 kB
MemTotal:        1844596 kB
MemFree:         1367796 kB
MemAvailable:    1551352 kB
Buffers:           23028 kB
Cached:           290512 kB
MemTotal:        1844596 kB
MemFree:         1367256 kB
MemAvailable:    1550812 kB
Buffers:           23028 kB
Cached:           290512 kB
MemTotal:        1844596 kB
MemFree:         1367424 kB
MemAvailable:    1550980 kB
Buffers:           23028 kB
Cached:           290512 kB
MemTotal:        1844596 kB
MemFree:         1365984 kB
MemAvailable:    1549540 kB
Buffers:           23028 kB
Cached:           290512 kB
MemTotal:        1844596 kB
MemFree:         1367472 kB
MemAvailable:    1551028 kB
Buffers:           23028 kB
Cached:           290512 kB
MemTotal:        1844596 kB
MemFree:         1367320 kB
MemAvailable:    1550876 kB
Buffers:           23028 kB
Cached:           290512 kB
MemTotal:        1844596 kB
MemFree:         1367116 kB
MemAvailable:    1550672 kB
Buffers:           23028 kB
Cached:           290512 kB
MemTotal:        1844596 kB
MemFree:         1367156 kB
MemAvailable:    1550712 kB
Buffers:           23028 kB
Cached:           290512 kB
MemTotal:        1844596 kB
MemFree:         1367328 kB
MemAvailable:    1550884 kB
Buffers:           23028 kB
Cached:           290512 kB
MemTotal:        1844596 kB
MemFree:         1367156 kB
MemAvailable:    1550712 kB
Buffers:           23028 kB
Cached:           290512 kB
MemTotal:        1844596 kB
MemFree:         1367076 kB
MemAvailable:    1550632 kB
Buffers:           23028 kB
Cached:           290512 kB
MemTotal:        1844596 kB
MemFree:         1367244 kB
MemAvailable:    1550800 kB
Buffers:           23028 kB
Cached:           290512 kB
MemTotal:        1844596 kB
MemFree:         1366028 kB
MemAvailable:    1549584 kB
Buffers:           23028 kB
Cached:           290512 kB
MemTotal:        1844596 kB
MemFree:         1365896 kB
MemAvailable:    1549452 kB
Buffers:           23028 kB
Cached:           290512 kB
MemTotal:        1844596 kB
MemFree:         1367148 kB
MemAvailable:    1550704 kB
Buffers:           23028 kB
Cached:           290512 kB
MemTotal:        1844596 kB
MemFree:         1367096 kB
MemAvailable:    1550652 kB
Buffers:           23028 kB
Cached:           290512 kB
MemTotal:        1844596 kB
MemFree:         1366916 kB
MemAvailable:    1550472 kB
Buffers:           23028 kB
Cached:           290512 kB
MemTotal:        1844596 kB
MemFree:         1365776 kB
MemAvailable:    1549332 kB
Buffers:           23028 kB
Cached:           290512 kB
MemTotal:        1844596 kB
MemFree:         1365660 kB
MemAvailable:    1549216 kB
Buffers:           23028 kB
Cached:           290512 kB
MemTotal:        1844596 kB
MemFree:         1365420 kB
MemAvailable:    1548976 kB
Buffers:           23028 kB
Cached:           290512 kB
MemTotal:        1844596 kB
MemFree:         1366224 kB
MemAvailable:    1549780 kB
Buffers:           23028 kB
Cached:           290512 kB
MemTotal:        1844596 kB
MemFree:         1365852 kB
MemAvailable:    1549408 kB
Buffers:           23028 kB
Cached:           290512 kB
MemTotal:        1844596 kB
MemFree:         1365896 kB
MemAvailable:    1549452 kB
Buffers:           23028 kB
Cached:           290512 kB
MemTotal:        1844596 kB
MemFree:         1364428 kB
MemAvailable:    1547984 kB
Buffers:           23028 kB
Cached:           290512 kB
MemTotal:        1844596 kB
MemFree:         1365464 kB
MemAvailable:    1549028 kB
Buffers:           23028 kB
Cached:           290516 kB
MemTotal:        1844596 kB
MemFree:         1363932 kB
MemAvailable:    1547496 kB
Buffers:           23028 kB
Cached:           290516 kB
MemTotal:        1844596 kB
MemFree:         1363188 kB
MemAvailable:    1546756 kB
Buffers:           23028 kB
Cached:           290520 kB
MemTotal:        1844596 kB
MemFree:         1364040 kB
MemAvailable:    1547608 kB
Buffers:           23028 kB
Cached:           290520 kB
MemTotal:        1844596 kB
MemFree:         1364296 kB
MemAvailable:    1547864 kB
Buffers:           23028 kB
Cached:           290520 kB
MemTotal:        1844596 kB
MemFree:         1363736 kB
MemAvailable:    1547304 kB
Buffers:           23028 kB
Cached:           290520 kB
MemTotal:        1844596 kB
MemFree:         1363696 kB
MemAvailable:    1547264 kB
Buffers:           23028 kB
Cached:           290520 kB
MemTotal:        1844596 kB
MemFree:         1363408 kB
MemAvailable:    1546976 kB
Buffers:           23028 kB
Cached:           290520 kB
MemTotal:        1844596 kB
MemFree:         1363408 kB
MemAvailable:    1546976 kB
Buffers:           23028 kB
Cached:           290520 kB
MemTotal:        1844596 kB
MemFree:         1363124 kB
MemAvailable:    1546692 kB
Buffers:           23028 kB
Cached:           290520 kB
MemTotal:        1844596 kB
MemFree:         1363380 kB
MemAvailable:    1546948 kB
Buffers:           23028 kB
Cached:           290520 kB
MemTotal:        1844596 kB
MemFree:         1362052 kB
MemAvailable:    1545620 kB
Buffers:           23028 kB
Cached:           290520 kB
MemTotal:        1844596 kB
MemFree:         1363180 kB
MemAvailable:    1546748 kB
Buffers:           23028 kB
Cached:           290520 kB
MemTotal:        1844596 kB
MemFree:         1363432 kB
MemAvailable:    1547000 kB
Buffers:           23028 kB
Cached:           290520 kB
MemTotal:        1844596 kB
MemFree:         1363396 kB
MemAvailable:    1546964 kB
Buffers:           23028 kB
Cached:           290520 kB
MemTotal:        1844596 kB
MemFree:         1363292 kB
MemAvailable:    1546860 kB
Buffers:           23028 kB
Cached:           290520 kB
MemTotal:        1844596 kB
MemFree:         1362428 kB
MemAvailable:    1545996 kB
Buffers:           23040 kB
Cached:           290508 kB
MemTotal:        1844596 kB
MemFree:         1362800 kB
MemAvailable:    1546368 kB
Buffers:           23040 kB
Cached:           290508 kB
MemTotal:        1844596 kB
MemFree:         1362692 kB
MemAvailable:    1546260 kB
Buffers:           23040 kB
Cached:           290508 kB
MemTotal:        1844596 kB
MemFree:         1362752 kB
MemAvailable:    1546320 kB
Buffers:           23040 kB
Cached:           290508 kB
MemTotal:        1844596 kB
MemFree:         1355492 kB
MemAvailable:    1539060 kB
Buffers:           23040 kB
Cached:           290508 kB
MemTotal:        1844596 kB
MemFree:         1355492 kB
MemAvailable:    1539060 kB
Buffers:           23040 kB
Cached:           290508 kB
MemTotal:        1844596 kB
MemFree:         1355368 kB
MemAvailable:    1538936 kB
Buffers:           23040 kB
Cached:           290508 kB
MemTotal:        1844596 kB
MemFree:         1355368 kB
MemAvailable:    1538936 kB
Buffers:           23040 kB
Cached:           290508 kB
MemTotal:        1844596 kB
MemFree:         1355492 kB
MemAvailable:    1539060 kB
Buffers:           23040 kB
Cached:           290508 kB
MemTotal:        1844596 kB
MemFree:         1355560 kB
MemAvailable:    1539128 kB
Buffers:           23040 kB
Cached:           290508 kB
MemTotal:        1844596 kB
MemFree:         1355388 kB
MemAvailable:    1538956 kB
Buffers:           23040 kB
Cached:           290508 kB
MemTotal:        1844596 kB
MemFree:         1354500 kB
MemAvailable:    1538068 kB
Buffers:           23040 kB
Cached:           290508 kB
MemTotal:        1844596 kB
MemFree:         1356104 kB
MemAvailable:    1539676 kB
Buffers:           23040 kB
Cached:           290512 kB
MemTotal:        1844596 kB
MemFree:         1356980 kB
MemAvailable:    1540552 kB
Buffers:           23040 kB
Cached:           290636 kB
MemTotal:        1844596 kB
MemFree:         1356864 kB
MemAvailable:    1540604 kB
Buffers:           23040 kB
Cached:           290760 kB
MemTotal:        1844596 kB
MemFree:         1356608 kB
MemAvailable:    1540516 kB
Buffers:           23040 kB
Cached:           290884 kB
MemTotal:        1844596 kB
MemFree:         1356252 kB
MemAvailable:    1540160 kB
Buffers:           23040 kB
Cached:           290884 kB
MemTotal:        1844596 kB
MemFree:         1356612 kB
MemAvailable:    1540604 kB
Buffers:           23040 kB
Cached:           291008 kB
MemTotal:        1844596 kB
MemFree:         1356304 kB
MemAvailable:    1540380 kB
Buffers:           23040 kB
Cached:           291132 kB
MemTotal:        1844596 kB
MemFree:         1356120 kB
MemAvailable:    1540196 kB
Buffers:           23040 kB
Cached:           291132 kB
MemTotal:        1844596 kB
MemFree:         1356056 kB
MemAvailable:    1540216 kB
Buffers:           23040 kB
Cached:           291132 kB
MemTotal:        1844596 kB
MemFree:         1356312 kB
MemAvailable:    1540472 kB
Buffers:           23040 kB
Cached:           291132 kB
MemTotal:        1844596 kB
MemFree:         1356236 kB
MemAvailable:    1540396 kB
Buffers:           23040 kB
Cached:           291132 kB
MemTotal:        1844596 kB
MemFree:         1355376 kB
MemAvailable:    1539536 kB
Buffers:           23040 kB
Cached:           291132 kB
MemTotal:        1844596 kB
MemFree:         1356100 kB
MemAvailable:    1540260 kB
Buffers:           23040 kB
Cached:           291132 kB
MemTotal:        1844596 kB
MemFree:         1356356 kB
MemAvailable:    1540516 kB
Buffers:           23040 kB
Cached:           291132 kB
MemTotal:        1844596 kB
MemFree:         1356088 kB
MemAvailable:    1540248 kB
Buffers:           23040 kB
Cached:           291132 kB
MemTotal:        1844596 kB
MemFree:         1356088 kB
MemAvailable:    1540248 kB
Buffers:           23040 kB
Cached:           291132 kB
MemTotal:        1844596 kB
MemFree:         1356740 kB
MemAvailable:    1540312 kB
Buffers:           23040 kB
Cached:           290584 kB
MemTotal:        1844596 kB
MemFree:         1356940 kB
MemAvailable:    1540512 kB
Buffers:           23040 kB
Cached:           290584 kB
