MemTotal:        1844596 kB
MemFree:         1419924 kB
MemAvailable:    1608468 kB
Buffers:           23784 kB
Cached:           294400 kB
MemTotal:        1844596 kB
MemFree:         1393100 kB
MemAvailable:    1581652 kB
Buffers:           23784 kB
Cached:           294408 kB
MemTotal:        1844596 kB
MemFree:         1390932 kB
MemAvailable:    1579484 kB
Buffers:           23784 kB
Cached:           294408 kB
MemTotal:        1844596 kB
MemFree:         1390744 kB
MemAvailable:    1579296 kB
Buffers:           23784 kB
Cached:           294408 kB
MemTotal:        1844596 kB
MemFree:         1389668 kB
MemAvailable:    1578220 kB
Buffers:           23784 kB
Cached:           294408 kB
MemTotal:        1844596 kB
MemFree:         1390004 kB
MemAvailable:    1578556 kB
Buffers:           23784 kB
Cached:           294408 kB
MemTotal:        1844596 kB
MemFree:         1388512 kB
MemAvailable:    1577064 kB
Buffers:           23784 kB
Cached:           294408 kB
MemTotal:        1844596 kB
MemFree:         1387212 kB
MemAvailable:    1575764 kB
Buffers:           23784 kB
Cached:           294408 kB
MemTotal:        1844596 kB
MemFree:         1385336 kB
MemAvailable:    1573888 kB
Buffers:           23784 kB
Cached:           294408 kB
MemTotal:        1844596 kB
MemFree:         1385464 kB
MemAvailable:    1574016 kB
Buffers:           23784 kB
Cached:           294408 kB
MemTotal:        1844596 kB
MemFree:         1381932 kB
MemAvailable:    1570484 kB
Buffers:           23784 kB
Cached:           294408 kB
MemTotal:        1844596 kB
MemFree:         1377532 kB
MemAvailable:    1566084 kB
Buffers:           23784 kB
Cached:           294408 kB
MemTotal:        1844596 kB
MemFree:         1377616 kB
MemAvailable:    1566168 kB
Buffers:           23784 kB
Cached:           294408 kB
MemTotal:        1844596 kB
MemFree:         1378516 kB
MemAvailable:    1567068 kB
Buffers:           23784 kB
Cached:           294408 kB
MemTotal:        1844596 kB
MemFree:         1378768 kB
MemAvailable:    1567320 kB
Buffers:           23784 kB
Cached:           294408 kB
MemTotal:        1844596 kB
MemFree:         1377404 kB
MemAvailable:    1565956 kB
Buffers:           23784 kB
Cached:           294408 kB
MemTotal:        1844596 kB
MemFree:         1377272 kB
MemAvailable:    1565824 kB
Buffers:           23784 kB
Cached:           294408 kB
MemTotal:        1844596 kB
MemFree:         1378504 kB
MemAvailable:    1567056 kB
Buffers:           23784 kB
Cached:           294408 kB
MemTotal:        1844596 kB
MemFree:         1378400 kB
MemAvailable:    1566952 kB
Buffers:           23784 kB
Cached:           294408 kB
MemTotal:        1844596 kB
MemFree:         1377848 kB
MemAvailable:    1566400 kB
Buffers:           23784 kB
Cached:           294408 kB
MemTotal:        1844596 kB
MemFree:         1376052 kB
MemAvailable:    1564604 kB
Buffers:           23784 kB
Cached:           294408 kB
MemTotal:        1844596 kB
MemFree:         1375672 kB
MemAvailable:    1564224 kB
Buffers:           23784 kB
Cached:           294408 kB
MemTotal:        1844596 kB
MemFree:         1376284 kB
MemAvailable:    1564836 kB
Buffers:           23784 kB
Cached:           294408 kB
MemTotal:        1844596 kB
MemFree:         1376032 kB
MemAvailable:    1564584 kB
Buffers:           23784 kB
Cached:           294408 kB
MemTotal:        1844596 kB
MemFree:         1376408 kB
MemAvailable:    1564960 kB
Buffers:           23784 kB
Cached:           294408 kB
MemTotal:        1844596 kB
MemFree:         1375564 kB
MemAvailable:    1564116 kB
Buffers:           23784 kB
Cached:           294408 kB
MemTotal:        1844596 kB
MemFree:         1376088 kB
MemAvailable:    1564640 kB
Buffers:           23784 kB
Cached:           294408 kB
MemTotal:        1844596 kB
MemFree:         1376432 kB
MemAvailable:    1564984 kB
Buffers:           23784 kB
Cached:           294408 kB
MemTotal:        1844596 kB
MemFree:         1376300 kB
MemAvailable:    1564852 kB
Buffers:           23784 kB
Cached:           294408 kB
MemTotal:        1844596 kB
MemFree:         1375176 kB
MemAvailable:    1563728 kB
Buffers:           23784 kB
Cached:           294408 kB
MemTotal:        1844596 kB
MemFree:         1374928 kB
MemAvailable:    1563480 kB
Buffers:           23784 kB
Cached:           294408 kB
MemTotal:        1844596 kB
MemFree:         1377404 kB
MemAvailable:    1565956 kB
Buffers:           23784 kB
Cached:           294408 kB
MemTotal:        1844596 kB
MemFree:         1377336 kB
MemAvailable:    1565888 kB
Buffers:           23784 kB
Cached:           294408 kB
MemTotal:        1844596 kB
MemFree:         1376432 kB
MemAvailable:    1564984 kB
Buffers:           23784 kB
Cached:           294408 kB
MemTotal:        1844596 kB
MemFree:         1374804 kB
MemAvailable:    1563360 kB
Buffers:           23784 kB
Cached:           294412 kB
MemTotal:        1844596 kB
MemFree:         1374200 kB
MemAvailable:    1562756 kB
Buffers:           23784 kB
Cached:           294412 kB
MemTotal:        1844596 kB
MemFree:         1372952 kB
MemAvailable:    1561508 kB
Buffers:           23784 kB
Cached:           294412 kB
MemTotal:        1844596 kB
MemFree:         1373820 kB
MemAvailable:    1562376 kB
Buffers:           23784 kB
Cached:           294412 kB
MemTotal:        1844596 kB
MemFree:         1372084 kB
MemAvailable:    1560640 kB
Buffers:           23784 kB
Cached:           294412 kB
MemTotal:        1844596 kB
MemFree:         1372952 kB
MemAvailable:    1561508 kB
Buffers:           23784 kB
Cached:           294412 kB
MemTotal:        1844596 kB
MemFree:         1371216 kB
MemAvailable:    1559772 kB
Buffers:           23784 kB
Cached:           294412 kB
MemTotal:        1844596 kB
MemFree:         1372416 kB
MemAvailable:    1560972 kB
Buffers:           23784 kB
Cached:           294412 kB
MemTotal:        1844596 kB
MemFree:         1371216 kB
MemAvailable:    1559772 kB
Buffers:           23784 kB
Cached:           294412 kB
MemTotal:        1844596 kB
MemFree:         1372068 kB
MemAvailable:    1560624 kB
Buffers:           23784 kB
Cached:           294412 kB
MemTotal:        1844596 kB
MemFree:         1372068 kB
MemAvailable:    1560624 kB
Buffers:           23784 kB
Cached:           294412 kB
MemTotal:        1844596 kB
MemFree:         1371892 kB
MemAvailable:    1560448 kB
Buffers:           23784 kB
Cached:           294412 kB
MemTotal:        1844596 kB
MemFree:         1371960 kB
MemAvailable:    1560516 kB
Buffers:           23784 kB
Cached:           294412 kB
MemTotal:        1844596 kB
MemFree:         1370540 kB
MemAvailable:    1559096 kB
Buffers:           23784 kB
Cached:           294412 kB
MemTotal:        1844596 kB
MemFree:         1371708 kB
MemAvailable:    1560264 kB
Buffers:           23784 kB
Cached:           294412 kB
MemTotal:        1844596 kB
MemFree:         1370232 kB
MemAvailable:    1558788 kB
Buffers:           23784 kB
Cached:           294412 kB
MemTotal:        1844596 kB
MemFree:         1370704 kB
MemAvailable:    1559260 kB
Buffers:           23784 kB
Cached:           294412 kB
MemTotal:        1844596 kB
MemFree:         1369712 kB
MemAvailable:    1558268 kB
Buffers:           23784 kB
Cached:           294412 kB
MemTotal:        1844596 kB
MemFree:         1369704 kB
MemAvailable:    1558260 kB
Buffers:           23784 kB
Cached:           294412 kB
MemTotal:        1844596 kB
MemFree:         1369828 kB
MemAvailable:    1558384 kB
Buffers:           23784 kB
Cached:           294412 kB
MemTotal:        1844596 kB
MemFree:         1369828 kB
MemAvailable:    1558384 kB
Buffers:           23784 kB
Cached:           294412 kB
MemTotal:        1844596 kB
MemFree:         1371020 kB
MemAvailable:    1559576 kB
Buffers:           23784 kB
Cached:           294412 kB
MemTotal:        1844596 kB
MemFree:         1370992 kB
MemAvailable:    1559548 kB
Buffers:           23784 kB
Cached:           294412 kB
MemTotal:        1844596 kB
MemFree:         1370920 kB
MemAvailable:    1559476 kB
Buffers:           23784 kB
Cached:           294412 kB
MemTotal:        1844596 kB
MemFree:         1371176 kB
MemAvailable:    1559732 kB
Buffers:           23784 kB
Cached:           294412 kB
MemTotal:        1844596 kB
MemFree:         1370836 kB
MemAvailable:    1559392 kB
Buffers:           23784 kB
Cached:           294412 kB
MemTotal:        1844596 kB
MemFree:         1370896 kB
MemAvailable:    1559452 kB
Buffers:           23784 kB
Cached:           294412 kB
MemTotal:        1844596 kB
MemFree:         1369728 kB
MemAvailable:    1558284 kB
Buffers:           23784 kB
Cached:           294412 kB
MemTotal:        1844596 kB
MemFree:         1370648 kB
MemAvailable:    1559204 kB
Buffers:           23784 kB
Cached:           294412 kB
MemTotal:        1844596 kB
MemFree:         1370316 kB
MemAvailable:    1558872 kB
Buffers:           23784 kB
Cached:           294412 kB
MemTotal:        1844596 kB
MemFree:         1370652 kB
MemAvailable:    1559208 kB
Buffers:           23784 kB
Cached:           294412 kB
MemTotal:        1844596 kB
MemFree:         1370308 kB
MemAvailable:    1558864 kB
Buffers:           23784 kB
Cached:           294412 kB
MemTotal:        1844596 kB
MemFree:         1369908 kB
MemAvailable:    1558464 kB
Buffers:           23784 kB
Cached:           294412 kB
MemTotal:        1844596 kB
MemFree:         1368808 kB
MemAvailable:    1557364 kB
Buffers:           23784 kB
Cached:           294412 kB
MemTotal:        1844596 kB
MemFree:         1368964 kB
MemAvailable:    1557520 kB
Buffers:           23784 kB
Cached:           294412 kB
MemTotal:        1844596 kB
MemFree:         1368708 kB
MemAvailable:    1557264 kB
Buffers:           23784 kB
Cached:           294412 kB
MemTotal:        1844596 kB
MemFree:         1370196 kB
MemAvailable:    1558752 kB
Buffers:           23784 kB
Cached:           294412 kB
MemTotal:        1844596 kB
MemFree:         1370060 kB
MemAvailable:    1558616 kB
Buffers:           23784 kB
Cached:           294412 kB
MemTotal:        1844596 kB
MemFree:         1370060 kB
MemAvailable:    1558616 kB
Buffers:           23784 kB
Cached:           294412 kB
MemTotal:        1844596 kB
MemFree:         1368804 kB
MemAvailable:    1557360 kB
Buffers:           23784 kB
Cached:           294412 kB
MemTotal:        1844596 kB
MemFree:         1370104 kB
MemAvailable:    1558660 kB
Buffers:           23784 kB
Cached:           294412 kB
MemTotal:        1844596 kB
MemFree:         1368984 kB
MemAvailable:    1557540 kB
Buffers:           23784 kB
Cached:           294412 kB
MemTotal:        1844596 kB
MemFree:         1368348 kB
MemAvailable:    1556904 kB
Buffers:           23784 kB
Cached:           294412 kB
MemTotal:        1844596 kB
MemFree:         1368560 kB
MemAvailable:    1557116 kB
Buffers:           23784 kB
Cached:           294412 kB
MemTotal:        1844596 kB
MemFree:         1364380 kB
MemAvailable:    1552936 kB
Buffers:           23784 kB
Cached:           294412 kB
MemTotal:        1844596 kB
MemFree:         1364592 kB
MemAvailable:    1553148 kB
Buffers:           23784 kB
Cached:           294412 kB
MemTotal:        1844596 kB
MemFree:         1361544 kB
MemAvailable:    1550100 kB
Buffers:           23784 kB
Cached:           294412 kB
MemTotal:        1844596 kB
MemFree:         1361288 kB
MemAvailable:    1549844 kB
Buffers:           23784 kB
Cached:           294412 kB
MemTotal:        1844596 kB
MemFree:         1361048 kB
MemAvailable:    1549604 kB
Buffers:           23784 kB
Cached:           294412 kB
MemTotal:        1844596 kB
MemFree:         1361992 kB
MemAvailable:    1550548 kB
Buffers:           23784 kB
Cached:           294412 kB
MemTotal:        1844596 kB
MemFree:         1362248 kB
MemAvailable:    1550804 kB
Buffers:           23784 kB
Cached:           294412 kB
MemTotal:        1844596 kB
MemFree:         1362164 kB
MemAvailable:    1550720 kB
Buffers:           23784 kB
Cached:           294412 kB
MemTotal:        1844596 kB
MemFree:         1362116 kB
MemAvailable:    1550672 kB
Buffers:           23784 kB
Cached:           294412 kB
MemTotal:        1844596 kB
MemFree:         1361888 kB
MemAvailable:    1550444 kB
Buffers:           23784 kB
Cached:           294412 kB
MemTotal:        1844596 kB
MemFree:         1362224 kB
MemAvailable:    1550780 kB
Buffers:           23784 kB
Cached:           294412 kB
MemTotal:        1844596 kB
MemFree:         1361848 kB
MemAvailable:    1550404 kB
Buffers:           23784 kB
Cached:           294412 kB
MemTotal:        1844596 kB
MemFree:         1362016 kB
MemAvailable:    1550572 kB
Buffers:           23784 kB
Cached:           294412 kB
MemTotal:        1844596 kB
MemFree:         1361992 kB
MemAvailable:    1550548 kB
Buffers:           23784 kB
Cached:           294412 kB
MemTotal:        1844596 kB
MemFree:         1362172 kB
MemAvailable:    1550728 kB
Buffers:           23784 kB
Cached:           294412 kB
MemTotal:        1844596 kB
MemFree:         1361296 kB
MemAvailable:    1549852 kB
Buffers:           23784 kB
Cached:           294412 kB
MemTotal:        1844596 kB
MemFree:         1361868 kB
MemAvailable:    1550428 kB
Buffers:           23784 kB
Cached:           294416 kB
MemTotal:        1844596 kB
MemFree:         1362204 kB
MemAvailable:    1550764 kB
Buffers:           23784 kB
Cached:           294416 kB
MemTotal:        1844596 kB
MemFree:         1360676 kB
MemAvailable:    1549236 kB
Buffers:           23784 kB
Cached:           294416 kB
MemTotal:        1844596 kB
MemFree:         1361784 kB
MemAvailable:    1550344 kB
Buffers:           23784 kB
Cached:           294416 kB
MemTotal:        1844596 kB
MemFree:         1361032 kB
MemAvailable:    1549592 kB
Buffers:           23784 kB
Cached:           294416 kB
MemTotal:        1844596 kB
MemFree:         1360744 kB
MemAvailable:    1549304 kB
Buffers:           23784 kB
Cached:           294416 kB
MemTotal:        1844596 kB
MemFree:         1359372 kB
MemAvailable:    1547932 kB
Buffers:           23784 kB
Cached:           294416 kB
MemTotal:        1844596 kB
MemFree:         1360296 kB
MemAvailable:    1548856 kB
Buffers:           23784 kB
Cached:           294416 kB
MemTotal:        1844596 kB
MemFree:         1360296 kB
MemAvailable:    1548856 kB
Buffers:           23784 kB
Cached:           294416 kB
MemTotal:        1844596 kB
MemFree:         1358884 kB
MemAvailable:    1547444 kB
Buffers:           23784 kB
Cached:           294416 kB
MemTotal:        1844596 kB
MemFree:         1359180 kB
MemAvailable:    1547740 kB
Buffers:           23784 kB
Cached:           294416 kB
MemTotal:        1844596 kB
MemFree:         1359488 kB
MemAvailable:    1548048 kB
Buffers:           23784 kB
Cached:           294416 kB
MemTotal:        1844596 kB
MemFree:         1358392 kB
MemAvailable:    1546952 kB
Buffers:           23784 kB
Cached:           294416 kB
MemTotal:        1844596 kB
MemFree:         1358676 kB
MemAvailable:    1547236 kB
Buffers:           23784 kB
Cached:           294416 kB
MemTotal:        1844596 kB
MemFree:         1358928 kB
MemAvailable:    1547488 kB
Buffers:           23784 kB
Cached:           294416 kB
MemTotal:        1844596 kB
MemFree:         1358304 kB
MemAvailable:    1546864 kB
Buffers:           23784 kB
Cached:           294416 kB
MemTotal:        1844596 kB
MemFree:         1357700 kB
MemAvailable:    1546260 kB
Buffers:           23784 kB
Cached:           294416 kB
MemTotal:        1844596 kB
MemFree:         1358300 kB
MemAvailable:    1546864 kB
Buffers:           23784 kB
Cached:           294420 kB
MemTotal:        1844596 kB
MemFree:         1358260 kB
MemAvailable:    1546824 kB
Buffers:           23784 kB
Cached:           294420 kB
MemTotal:        1844596 kB
MemFree:         1357016 kB
MemAvailable:    1545580 kB
Buffers:           23784 kB
Cached:           294420 kB
MemTotal:        1844596 kB
MemFree:         1358060 kB
MemAvailable:    1546624 kB
Buffers:           23784 kB
Cached:           294420 kB
MemTotal:        1844596 kB
MemFree:         1357052 kB
MemAvailable:    1545616 kB
Buffers:           23784 kB
Cached:           294420 kB
MemTotal:        1844596 kB
MemFree:         1357032 kB
MemAvailable:    1545596 kB
Buffers:           23784 kB
Cached:           294420 kB
MemTotal:        1844596 kB
MemFree:         1358376 kB
MemAvailable:    1546940 kB
Buffers:           23784 kB
Cached:           294420 kB
MemTotal:        1844596 kB
MemFree:         1357904 kB
MemAvailable:    1546468 kB
Buffers:           23784 kB
Cached:           294420 kB
MemTotal:        1844596 kB
MemFree:         1356708 kB
MemAvailable:    1545272 kB
Buffers:           23784 kB
Cached:           294420 kB
MemTotal:        1844596 kB
MemFree:         1356700 kB
MemAvailable:    1545264 kB
Buffers:           23784 kB
Cached:           294420 kB
MemTotal:        1844596 kB
MemFree:         1351236 kB
MemAvailable:    1539800 kB
Buffers:           23784 kB
Cached:           294420 kB
MemTotal:        1844596 kB
MemFree:         1350508 kB
MemAvailable:    1539072 kB
Buffers:           23784 kB
Cached:           294420 kB
MemTotal:        1844596 kB
MemFree:         1350632 kB
MemAvailable:    1539196 kB
Buffers:           23784 kB
Cached:           294420 kB
MemTotal:        1844596 kB
MemFree:         1350568 kB
MemAvailable:    1539132 kB
Buffers:           23784 kB
Cached:           294420 kB
MemTotal:        1844596 kB
MemFree:         1349516 kB
MemAvailable:    1538080 kB
Buffers:           23784 kB
Cached:           294420 kB
MemTotal:        1844596 kB
MemFree:         1350632 kB
MemAvailable:    1539196 kB
Buffers:           23784 kB
Cached:           294420 kB
MemTotal:        1844596 kB
MemFree:         1349392 kB
MemAvailable:    1537956 kB
Buffers:           23784 kB
Cached:           294420 kB
MemTotal:        1844596 kB
MemFree:         1350508 kB
MemAvailable:    1539072 kB
Buffers:           23784 kB
Cached:           294420 kB
MemTotal:        1844596 kB
MemFree:         1351004 kB
MemAvailable:    1539568 kB
Buffers:           23784 kB
Cached:           294420 kB
MemTotal:        1844596 kB
MemFree:         1351072 kB
MemAvailable:    1539636 kB
Buffers:           23784 kB
Cached:           294420 kB
MemTotal:        1844596 kB
MemFree:         1352256 kB
MemAvailable:    1540904 kB
Buffers:           23784 kB
Cached:           294544 kB
MemTotal:        1844596 kB
MemFree:         1350948 kB
MemAvailable:    1539680 kB
Buffers:           23784 kB
Cached:           294668 kB
MemTotal:        1844596 kB
MemFree:         1351992 kB
MemAvailable:    1540892 kB
Buffers:           23784 kB
Cached:           294792 kB
MemTotal:        1844596 kB
MemFree:         1351376 kB
MemAvailable:    1540360 kB
Buffers:           23784 kB
Cached:           294792 kB
MemTotal:        1844596 kB
MemFree:         1351692 kB
MemAvailable:    1540760 kB
Buffers:           23784 kB
Cached:           294916 kB
MemTotal:        1844596 kB
MemFree:         1351664 kB
MemAvailable:    1540900 kB
Buffers:           23784 kB
Cached:           295040 kB
MemTotal:        1844596 kB
MemFree:         1350232 kB
MemAvailable:    1539468 kB
Buffers:           23784 kB
Cached:           295040 kB
MemTotal:        1844596 kB
MemFree:         1350480 kB
MemAvailable:    1539716 kB
Buffers:           23784 kB
Cached:           295040 kB
MemTotal:        1844596 kB
MemFree:         1350356 kB
MemAvailable:    1539592 kB
Buffers:           23784 kB
Cached:           295040 kB
MemTotal:        1844596 kB
MemFree:         1351588 kB
MemAvailable:    1540824 kB
Buffers:           23784 kB
Cached:           295040 kB
MemTotal:        1844596 kB
MemFree:         1351644 kB
MemAvailable:    1540880 kB
Buffers:           23784 kB
Cached:           295040 kB
MemTotal:        1844596 kB
MemFree:         1350756 kB
MemAvailable:    1539992 kB
Buffers:           23784 kB
Cached:           295040 kB
MemTotal:        1844596 kB
MemFree:         1351480 kB
MemAvailable:    1540716 kB
Buffers:           23784 kB
Cached:           295040 kB
MemTotal:        1844596 kB
MemFree:         1351564 kB
MemAvailable:    1540800 kB
Buffers:           23784 kB
Cached:           295040 kB
MemTotal:        1844596 kB
MemFree:         1352468 kB
MemAvailable:    1541116 kB
Buffers:           23784 kB
Cached:           294408 kB
MemTotal:        1844596 kB
MemFree:         1417812 kB
MemAvailable:    1606476 kB
Buffers:           23784 kB
Cached:           294472 kB
