MemTotal:        1844596 kB
MemFree:         1457868 kB
MemAvailable:    1611780 kB
Buffers:           18620 kB
Cached:           262648 kB
MemTotal:        1844596 kB
MemFree:         1431664 kB
MemAvailable:    1585580 kB
Buffers:           18620 kB
Cached:           262652 kB
MemTotal:        1844596 kB
MemFree:         1430424 kB
MemAvailable:    1584340 kB
Buffers:           18620 kB
Cached:           262652 kB
MemTotal:        1844596 kB
MemFree:         1428364 kB
MemAvailable:    1582280 kB
Buffers:           18620 kB
Cached:           262652 kB
MemTotal:        1844596 kB
MemFree:         1428364 kB
MemAvailable:    1582280 kB
Buffers:           18620 kB
Cached:           262652 kB
MemTotal:        1844596 kB
MemFree:         1427140 kB
MemAvailable:    1581056 kB
Buffers:           18620 kB
Cached:           262652 kB
MemTotal:        1844596 kB
MemFree:         1425644 kB
MemAvailable:    1579560 kB
Buffers:           18620 kB
Cached:           262652 kB
MemTotal:        1844596 kB
MemFree:         1426876 kB
MemAvailable:    1580792 kB
Buffers:           18620 kB
Cached:           262652 kB
MemTotal:        1844596 kB
MemFree:         1423412 kB
MemAvailable:    1577328 kB
Buffers:           18620 kB
Cached:           262652 kB
MemTotal:        1844596 kB
MemFree:         1423288 kB
MemAvailable:    1577204 kB
Buffers:           18620 kB
Cached:           262652 kB
MemTotal:        1844596 kB
MemFree:         1420196 kB
MemAvailable:    1574112 kB
Buffers:           18620 kB
Cached:           262652 kB
MemTotal:        1844596 kB
MemFree:         1415592 kB
MemAvailable:    1569508 kB
Buffers:           18620 kB
Cached:           262652 kB
MemTotal:        1844596 kB
MemFree:         1415608 kB
MemAvailable:    1569524 kB
Buffers:           18620 kB
Cached:           262652 kB
MemTotal:        1844596 kB
MemFree:         1416756 kB
MemAvailable:    1570672 kB
Buffers:           18620 kB
Cached:           262652 kB
MemTotal:        1844596 kB
MemFree:         1417092 kB
MemAvailable:    1571008 kB
Buffers:           18620 kB
Cached:           262652 kB
MemTotal:        1844596 kB
MemFree:         1415856 kB
MemAvailable:    1569772 kB
Buffers:           18620 kB
Cached:           262652 kB
MemTotal:        1844596 kB
MemFree:         1416104 kB
MemAvailable:    1570020 kB
Buffers:           18620 kB
Cached:           262652 kB
MemTotal:        1844596 kB
MemFree:         1416832 kB
MemAvailable:    1570748 kB
Buffers:           18620 kB
Cached:           262652 kB
MemTotal:        1844596 kB
MemFree:         1416832 kB
MemAvailable:    1570748 kB
Buffers:           18620 kB
Cached:           262652 kB
MemTotal:        1844596 kB
MemFree:         1415592 kB
MemAvailable:    1569508 kB
Buffers:           18620 kB
Cached:           262652 kB
MemTotal:        1844596 kB
MemFree:         1415928 kB
MemAvailable:    1569844 kB
Buffers:           18620 kB
Cached:           262652 kB
MemTotal:        1844596 kB
MemFree:         1414792 kB
MemAvailable:    1568708 kB
Buffers:           18620 kB
Cached:           262652 kB
MemTotal:        1844596 kB
MemFree:         1413872 kB
MemAvailable:    1567788 kB
Buffers:           18620 kB
Cached:           262652 kB
MemTotal:        1844596 kB
MemFree:         1414424 kB
MemAvailable:    1568340 kB
Buffers:           18620 kB
Cached:           262652 kB
MemTotal:        1844596 kB
MemFree:         1414624 kB
MemAvailable:    1568540 kB
Buffers:           18620 kB
Cached:           262652 kB
MemTotal:        1844596 kB
MemFree:         1414492 kB
MemAvailable:    1568408 kB
Buffers:           18620 kB
Cached:           262652 kB
MemTotal:        1844596 kB
MemFree:         1413616 kB
MemAvailable:    1567532 kB
Buffers:           18620 kB
Cached:           262652 kB
MemTotal:        1844596 kB
MemFree:         1413872 kB
MemAvailable:    1567788 kB
Buffers:           18620 kB
Cached:           262652 kB
MemTotal:        1844596 kB
MemFree:         1414988 kB
MemAvailable:    1568904 kB
Buffers:           18620 kB
Cached:           262652 kB
MemTotal:        1844596 kB
MemFree:         1413492 kB
MemAvailable:    1567408 kB
Buffers:           18620 kB
Cached:           262652 kB
MemTotal:        1844596 kB
MemFree:         1414724 kB
MemAvailable:    1568640 kB
Buffers:           18620 kB
Cached:           262652 kB
MemTotal:        1844596 kB
MemFree:         1415768 kB
MemAvailable:    1569688 kB
Buffers:           18620 kB
Cached:           262656 kB
MemTotal:        1844596 kB
MemFree:         1416104 kB
MemAvailable:    1570024 kB
Buffers:           18620 kB
Cached:           262656 kB
MemTotal:        1844596 kB
MemFree:         1415776 kB
MemAvailable:    1569696 kB
Buffers:           18620 kB
Cached:           262656 kB
MemTotal:        1844596 kB
MemFree:         1414004 kB
MemAvailable:    1567924 kB
Buffers:           18620 kB
Cached:           262656 kB
MemTotal:        1844596 kB
MemFree:         1413304 kB
MemAvailable:    1567224 kB
Buffers:           18620 kB
Cached:           262656 kB
MemTotal:        1844596 kB
MemFree:         1411516 kB
MemAvailable:    1565436 kB
Buffers:           18620 kB
Cached:           262656 kB
MemTotal:        1844596 kB
MemFree:         1412380 kB
MemAvailable:    1566300 kB
Buffers:           18620 kB
Cached:           262656 kB
MemTotal:        1844596 kB
MemFree:         1411624 kB
MemAvailable:    1565544 kB
Buffers:           18620 kB
Cached:           262656 kB
MemTotal:        1844596 kB
MemFree:         1411824 kB
MemAvailable:    1565744 kB
Buffers:           18620 kB
Cached:           262656 kB
MemTotal:        1844596 kB
MemFree:         1411120 kB
MemAvailable:    1565040 kB
Buffers:           18620 kB
Cached:           262656 kB
MemTotal:        1844596 kB
MemFree:         1411012 kB
MemAvailable:    1564932 kB
Buffers:           18620 kB
Cached:           262656 kB
MemTotal:        1844596 kB
MemFree:         1410600 kB
MemAvailable:    1564520 kB
Buffers:           18620 kB
Cached:           262656 kB
MemTotal:        1844596 kB
MemFree:         1410212 kB
MemAvailable:    1564132 kB
Buffers:           18620 kB
Cached:           262656 kB
MemTotal:        1844596 kB
MemFree:         1410152 kB
MemAvailable:    1564072 kB
Buffers:           18620 kB
Cached:           262656 kB
MemTotal:        1844596 kB
MemFree:         1410220 kB
MemAvailable:    1564140 kB
Buffers:           18620 kB
Cached:           262656 kB
MemTotal:        1844596 kB
MemFree:         1409104 kB
MemAvailable:    1563024 kB
Buffers:           18620 kB
Cached:           262656 kB
MemTotal:        1844596 kB
MemFree:         1408972 kB
MemAvailable:    1562892 kB
Buffers:           18620 kB
Cached:           262656 kB
MemTotal:        1844596 kB
MemFree:         1410272 kB
MemAvailable:    1564192 kB
Buffers:           18620 kB
Cached:           262656 kB
MemTotal:        1844596 kB
MemFree:         1409036 kB
MemAvailable:    1562956 kB
Buffers:           18620 kB
Cached:           262656 kB
MemTotal:        1844596 kB
MemFree:         1410028 kB
MemAvailable:    1563948 kB
Buffers:           18620 kB
Cached:           262656 kB
MemTotal:        1844596 kB
MemFree:         1408664 kB
MemAvailable:    1562584 kB
Buffers:           18620 kB
Cached:           262656 kB
MemTotal:        1844596 kB
MemFree:         1409768 kB
MemAvailable:    1563688 kB
Buffers:           18620 kB
Cached:           262656 kB
MemTotal:        1844596 kB
MemFree:         1409400 kB
MemAvailable:    1563320 kB
Buffers:           18620 kB
Cached:           262656 kB
MemTotal:        1844596 kB
MemFree:         1409340 kB
MemAvailable:    1563260 kB
Buffers:           18620 kB
Cached:           262656 kB
MemTotal:        1844596 kB
MemFree:         1408108 kB
MemAvailable:    1562028 kB
Buffers:           18620 kB
Cached:           262656 kB
MemTotal:        1844596 kB
MemFree:         1408232 kB
MemAvailable:    1562152 kB
Buffers:           18620 kB
Cached:           262656 kB
MemTotal:        1844596 kB
MemFree:         1408232 kB
MemAvailable:    1562152 kB
Buffers:           18620 kB
Cached:           262656 kB
MemTotal:        1844596 kB
MemFree:         1409340 kB
MemAvailable:    1563260 kB
Buffers:           18620 kB
Cached:           262656 kB
MemTotal:        1844596 kB
MemFree:         1408252 kB
MemAvailable:    1562172 kB
Buffers:           18620 kB
Cached:           262656 kB
MemTotal:        1844596 kB
MemFree:         1409092 kB
MemAvailable:    1563012 kB
Buffers:           18620 kB
Cached:           262656 kB
MemTotal:        1844596 kB
MemFree:         1409428 kB
MemAvailable:    1563348 kB
Buffers:           18620 kB
Cached:           262656 kB
MemTotal:        1844596 kB
MemFree:         1408028 kB
MemAvailable:    1561948 kB
Buffers:           18620 kB
Cached:           262656 kB
MemTotal:        1844596 kB
MemFree:         1408104 kB
MemAvailable:    1562024 kB
Buffers:           18620 kB
Cached:           262656 kB
MemTotal:        1844596 kB
MemFree:         1409280 kB
MemAvailable:    1563200 kB
Buffers:           18620 kB
Cached:           262656 kB
MemTotal:        1844596 kB
MemFree:         1408044 kB
MemAvailable:    1561964 kB
Buffers:           18620 kB
Cached:           262656 kB
MemTotal:        1844596 kB
MemFree:         1408952 kB
MemAvailable:    1562872 kB
Buffers:           18620 kB
Cached:           262656 kB
MemTotal:        1844596 kB
MemFree:         1408044 kB
MemAvailable:    1561964 kB
Buffers:           18620 kB
Cached:           262656 kB
MemTotal:        1844596 kB
MemFree:         1408660 kB
MemAvailable:    1562580 kB
Buffers:           18620 kB
Cached:           262656 kB
MemTotal:        1844596 kB
MemFree:         1408808 kB
MemAvailable:    1562728 kB
Buffers:           18620 kB
Cached:           262656 kB
MemTotal:        1844596 kB
MemFree:         1408792 kB
MemAvailable:    1562712 kB
Buffers:           18620 kB
Cached:           262656 kB
MemTotal:        1844596 kB
MemFree:         1407672 kB
MemAvailable:    1561592 kB
Buffers:           18620 kB
Cached:           262656 kB
MemTotal:        1844596 kB
MemFree:         1408264 kB
MemAvailable:    1562184 kB
Buffers:           18620 kB
Cached:           262656 kB
MemTotal:        1844596 kB
MemFree:         1408432 kB
MemAvailable:    1562352 kB
Buffers:           18620 kB
Cached:           262656 kB
MemTotal:        1844596 kB
MemFree:         1408404 kB
MemAvailable:    1562324 kB
Buffers:           18620 kB
Cached:           262656 kB
MemTotal:        1844596 kB
MemFree:         1407240 kB
MemAvailable:    1561160 kB
Buffers:           18620 kB
Cached:           262656 kB
MemTotal:        1844596 kB
MemFree:         1407152 kB
MemAvailable:    1561072 kB
Buffers:           18620 kB
Cached:           262656 kB
MemTotal:        1844596 kB
MemFree:         1408428 kB
MemAvailable:    1562348 kB
Buffers:           18620 kB
Cached:           262656 kB
MemTotal:        1844596 kB
MemFree:         1407548 kB
MemAvailable:    1561468 kB
Buffers:           18620 kB
Cached:           262656 kB
MemTotal:        1844596 kB
MemFree:         1408664 kB
MemAvailable:    1562584 kB
Buffers:           18620 kB
Cached:           262656 kB
MemTotal:        1844596 kB
MemFree:         1407796 kB
MemAvailable:    1561716 kB
Buffers:           18620 kB
Cached:           262656 kB
MemTotal:        1844596 kB
MemFree:         1406788 kB
MemAvailable:    1560708 kB
Buffers:           18620 kB
Cached:           262656 kB
MemTotal:        1844596 kB
MemFree:         1406876 kB
MemAvailable:    1560796 kB
Buffers:           18620 kB
Cached:           262656 kB
MemTotal:        1844596 kB
MemFree:         1402960 kB
MemAvailable:    1556880 kB
Buffers:           18620 kB
Cached:           262656 kB
MemTotal:        1844596 kB
MemFree:         1401656 kB
MemAvailable:    1555576 kB
Buffers:           18620 kB
Cached:           262656 kB
MemTotal:        1844596 kB
MemFree:         1399860 kB
MemAvailable:    1553780 kB
Buffers:           18620 kB
Cached:           262656 kB
MemTotal:        1844596 kB
MemFree:         1400672 kB
MemAvailable:    1554592 kB
Buffers:           18620 kB
Cached:           262656 kB
MemTotal:        1844596 kB
MemFree:         1399860 kB
MemAvailable:    1553780 kB
Buffers:           18620 kB
Cached:           262656 kB
MemTotal:        1844596 kB
MemFree:         1399308 kB
MemAvailable:    1553228 kB
Buffers:           18620 kB
Cached:           262656 kB
MemTotal:        1844596 kB
MemFree:         1400484 kB
MemAvailable:    1554404 kB
Buffers:           18620 kB
Cached:           262656 kB
MemTotal:        1844596 kB
MemFree:         1400520 kB
MemAvailable:    1554440 kB
Buffers:           18620 kB
Cached:           262656 kB
MemTotal:        1844596 kB
MemFree:         1400412 kB
MemAvailable:    1554332 kB
Buffers:           18620 kB
Cached:           262656 kB
MemTotal:        1844596 kB
MemFree:         1399080 kB
MemAvailable:    1553000 kB
Buffers:           18620 kB
Cached:           262656 kB
MemTotal:        1844596 kB
MemFree:         1400356 kB
MemAvailable:    1554276 kB
Buffers:           18620 kB
Cached:           262656 kB
MemTotal:        1844596 kB
MemFree:         1400328 kB
MemAvailable:    1554248 kB
Buffers:           18620 kB
Cached:           262656 kB
MemTotal:        1844596 kB
MemFree:         1400664 kB
MemAvailable:    1554584 kB
Buffers:           18620 kB
Cached:           262656 kB
MemTotal:        1844596 kB
MemFree:         1399304 kB
MemAvailable:    1553224 kB
Buffers:           18620 kB
Cached:           262656 kB
MemTotal:        1844596 kB
MemFree:         1399296 kB
MemAvailable:    1553216 kB
Buffers:           18620 kB
Cached:           262656 kB
MemTotal:        1844596 kB
MemFree:         1400516 kB
MemAvailable:    1554436 kB
Buffers:           18620 kB
Cached:           262656 kB
MemTotal:        1844596 kB
MemFree:         1399612 kB
MemAvailable:    1553532 kB
Buffers:           18620 kB
Cached:           262656 kB
MemTotal:        1844596 kB
MemFree:         1400328 kB
MemAvailable:    1554248 kB
Buffers:           18620 kB
Cached:           262656 kB
MemTotal:        1844596 kB
MemFree:         1400528 kB
MemAvailable:    1554448 kB
Buffers:           18620 kB
Cached:           262656 kB
MemTotal:        1844596 kB
MemFree:         1399852 kB
MemAvailable:    1553772 kB
Buffers:           18620 kB
Cached:           262656 kB
MemTotal:        1844596 kB
MemFree:         1399852 kB
MemAvailable:    1553772 kB
Buffers:           18620 kB
Cached:           262656 kB
MemTotal:        1844596 kB
MemFree:         1399224 kB
MemAvailable:    1553144 kB
Buffers:           18620 kB
Cached:           262656 kB
MemTotal:        1844596 kB
MemFree:         1399116 kB
MemAvailable:    1553036 kB
Buffers:           18620 kB
Cached:           262656 kB
MemTotal:        1844596 kB
MemFree:         1398928 kB
MemAvailable:    1552848 kB
Buffers:           18620 kB
Cached:           262656 kB
MemTotal:        1844596 kB
MemFree:         1399184 kB
MemAvailable:    1553104 kB
Buffers:           18620 kB
Cached:           262656 kB
MemTotal:        1844596 kB
MemFree:         1397688 kB
MemAvailable:    1551608 kB
Buffers:           18620 kB
Cached:           262656 kB
MemTotal:        1844596 kB
MemFree:         1398680 kB
MemAvailable:    1552600 kB
Buffers:           18620 kB
Cached:           262656 kB
MemTotal:        1844596 kB
MemFree:         1397812 kB
MemAvailable:    1551740 kB
Buffers:           18620 kB
Cached:           262664 kB
MemTotal:        1844596 kB
MemFree:         1397620 kB
MemAvailable:    1551548 kB
Buffers:           18620 kB
Cached:           262664 kB
MemTotal:        1844596 kB
MemFree:         1396332 kB
MemAvailable:    1550260 kB
Buffers:           18620 kB
Cached:           262664 kB
MemTotal:        1844596 kB
MemFree:         1395900 kB
MemAvailable:    1549828 kB
Buffers:           18620 kB
Cached:           262664 kB
MemTotal:        1844596 kB
MemFree:         1396744 kB
MemAvailable:    1550672 kB
Buffers:           18620 kB
Cached:           262664 kB
MemTotal:        1844596 kB
MemFree:         1397080 kB
MemAvailable:    1551008 kB
Buffers:           18620 kB
Cached:           262664 kB
MemTotal:        1844596 kB
MemFree:         1395720 kB
MemAvailable:    1549648 kB
Buffers:           18620 kB
Cached:           262664 kB
MemTotal:        1844596 kB
MemFree:         1395720 kB
MemAvailable:    1549648 kB
Buffers:           18620 kB
Cached:           262664 kB
MemTotal:        1844596 kB
MemFree:         1396736 kB
MemAvailable:    1550664 kB
Buffers:           18620 kB
Cached:           262664 kB
MemTotal:        1844596 kB
MemFree:         1397072 kB
MemAvailable:    1551000 kB
Buffers:           18620 kB
Cached:           262664 kB
MemTotal:        1844596 kB
MemFree:         1395488 kB
MemAvailable:    1549416 kB
Buffers:           18620 kB
Cached:           262664 kB
MemTotal:        1844596 kB
MemFree:         1395520 kB
MemAvailable:    1549448 kB
Buffers:           18620 kB
Cached:           262664 kB
MemTotal:        1844596 kB
MemFree:         1396680 kB
MemAvailable:    1550612 kB
Buffers:           18620 kB
Cached:           262668 kB
MemTotal:        1844596 kB
MemFree:         1396640 kB
MemAvailable:    1550572 kB
Buffers:           18620 kB
Cached:           262668 kB
MemTotal:        1844596 kB
MemFree:         1395396 kB
MemAvailable:    1549328 kB
Buffers:           18620 kB
Cached:           262668 kB
MemTotal:        1844596 kB
MemFree:         1396644 kB
MemAvailable:    1550576 kB
Buffers:           18620 kB
Cached:           262668 kB
MemTotal:        1844596 kB
MemFree:         1396324 kB
MemAvailable:    1550256 kB
Buffers:           18620 kB
Cached:           262668 kB
MemTotal:        1844596 kB
MemFree:         1395016 kB
MemAvailable:    1548948 kB
Buffers:           18620 kB
Cached:           262668 kB
MemTotal:        1844596 kB
MemFree:         1396076 kB
MemAvailable:    1550008 kB
Buffers:           18620 kB
Cached:           262668 kB
MemTotal:        1844596 kB
MemFree:         1394652 kB
MemAvailable:    1548584 kB
Buffers:           18620 kB
Cached:           262668 kB
MemTotal:        1844596 kB
MemFree:         1389000 kB
MemAvailable:    1542932 kB
Buffers:           18620 kB
Cached:           262668 kB
MemTotal:        1844596 kB
MemFree:         1389008 kB
MemAvailable:    1542940 kB
Buffers:           18620 kB
Cached:           262668 kB
MemTotal:        1844596 kB
MemFree:         1388328 kB
MemAvailable:    1542260 kB
Buffers:           18620 kB
Cached:           262668 kB
MemTotal:        1844596 kB
MemFree:         1388512 kB
MemAvailable:    1542444 kB
Buffers:           18620 kB
Cached:           262668 kB
MemTotal:        1844596 kB
MemFree:         1388704 kB
MemAvailable:    1542636 kB
Buffers:           18620 kB
Cached:           262668 kB
MemTotal:        1844596 kB
MemFree:         1388636 kB
MemAvailable:    1542568 kB
Buffers:           18620 kB
Cached:           262668 kB
MemTotal:        1844596 kB
MemFree:         1388636 kB
MemAvailable:    1542568 kB
Buffers:           18620 kB
Cached:           262668 kB
MemTotal:        1844596 kB
MemFree:         1387956 kB
MemAvailable:    1541888 kB
Buffers:           18620 kB
Cached:           262668 kB
MemTotal:        1844596 kB
MemFree:         1390464 kB
MemAvailable:    1544396 kB
Buffers:           18620 kB
Cached:           262668 kB
MemTotal:        1844596 kB
MemFree:         1390800 kB
MemAvailable:    1544732 kB
Buffers:           18620 kB
Cached:           262668 kB
MemTotal:        1844596 kB
MemFree:         1390504 kB
MemAvailable:    1544520 kB
Buffers:           18620 kB
Cached:           262792 kB
MemTotal:        1844596 kB
MemFree:         1390240 kB
MemAvailable:    1544424 kB
Buffers:           18620 kB
Cached:           262916 kB
MemTotal:        1844596 kB
MemFree:         1390240 kB
MemAvailable:    1544424 kB
Buffers:           18620 kB
Cached:           262916 kB
MemTotal:        1844596 kB
MemFree:         1390040 kB
MemAvailable:    1544392 kB
Buffers:           18620 kB
Cached:           263040 kB
MemTotal:        1844596 kB
MemFree:         1390376 kB
MemAvailable:    1544728 kB
Buffers:           18620 kB
Cached:           263040 kB
MemTotal:        1844596 kB
MemFree:         1388932 kB
MemAvailable:    1543452 kB
Buffers:           18620 kB
Cached:           263288 kB
MemTotal:        1844596 kB
MemFree:         1390040 kB
MemAvailable:    1544560 kB
Buffers:           18620 kB
Cached:           263288 kB
MemTotal:        1844596 kB
MemFree:         1388800 kB
MemAvailable:    1543320 kB
Buffers:           18620 kB
Cached:           263288 kB
MemTotal:        1844596 kB
MemFree:         1389776 kB
MemAvailable:    1544296 kB
Buffers:           18620 kB
Cached:           263288 kB
MemTotal:        1844596 kB
MemFree:         1389420 kB
MemAvailable:    1543940 kB
Buffers:           18620 kB
Cached:           263288 kB
MemTotal:        1844596 kB
MemFree:         1388788 kB
MemAvailable:    1543308 kB
Buffers:           18620 kB
Cached:           263288 kB
MemTotal:        1844596 kB
MemFree:         1389772 kB
MemAvailable:    1544292 kB
Buffers:           18620 kB
Cached:           263288 kB
MemTotal:        1844596 kB
MemFree:         1389988 kB
MemAvailable:    1544508 kB
Buffers:           18620 kB
Cached:           263288 kB
MemTotal:        1844596 kB
MemFree:         1389768 kB
MemAvailable:    1544288 kB
Buffers:           18620 kB
Cached:           263288 kB
MemTotal:        1844596 kB
MemFree:         1390024 kB
MemAvailable:    1544544 kB
Buffers:           18620 kB
Cached:           263288 kB
MemTotal:        1844596 kB
MemFree:         1455888 kB
MemAvailable:    1609820 kB
Buffers:           18620 kB
Cached:           262656 kB
