MemTotal:        1844596 kB
MemFree:         1461908 kB
MemAvailable:    1611848 kB
Buffers:           18040 kB
Cached:           259516 kB
MemTotal:        1844596 kB
MemFree:         1437008 kB
MemAvailable:    1586952 kB
Buffers:           18040 kB
Cached:           259520 kB
MemTotal:        1844596 kB
MemFree:         1433280 kB
MemAvailable:    1583224 kB
Buffers:           18040 kB
Cached:           259520 kB
MemTotal:        1844596 kB
MemFree:         1433040 kB
MemAvailable:    1582984 kB
Buffers:           18040 kB
Cached:           259520 kB
MemTotal:        1844596 kB
MemFree:         1430876 kB
MemAvailable:    1580820 kB
Buffers:           18040 kB
Cached:           259520 kB
MemTotal:        1844596 kB
MemFree:         1432232 kB
MemAvailable:    1582176 kB
Buffers:           18040 kB
Cached:           259520 kB
MemTotal:        1844596 kB
MemFree:         1430924 kB
MemAvailable:    1580868 kB
Buffers:           18040 kB
Cached:           259520 kB
MemTotal:        1844596 kB
MemFree:         1430932 kB
MemAvailable:    1580876 kB
Buffers:           18040 kB
Cached:           259520 kB
MemTotal:        1844596 kB
MemFree:         1427204 kB
MemAvailable:    1577148 kB
Buffers:           18040 kB
Cached:           259520 kB
MemTotal:        1844596 kB
MemFree:         1428264 kB
MemAvailable:    1578208 kB
Buffers:           18040 kB
Cached:           259520 kB
MemTotal:        1844596 kB
MemFree:         1421616 kB
MemAvailable:    1571560 kB
Buffers:           18040 kB
Cached:           259520 kB
MemTotal:        1844596 kB
MemFree:         1420640 kB
MemAvailable:    1570584 kB
Buffers:           18040 kB
Cached:           259520 kB
MemTotal:        1844596 kB
MemFree:         1419748 kB
MemAvailable:    1569692 kB
Buffers:           18040 kB
Cached:           259520 kB
MemTotal:        1844596 kB
MemFree:         1419856 kB
MemAvailable:    1569800 kB
Buffers:           18040 kB
Cached:           259520 kB
MemTotal:        1844596 kB
MemFree:         1421096 kB
MemAvailable:    1571040 kB
Buffers:           18040 kB
Cached:           259520 kB
MemTotal:        1844596 kB
MemFree:         1421172 kB
MemAvailable:    1571116 kB
Buffers:           18040 kB
Cached:           259520 kB
MemTotal:        1844596 kB
MemFree:         1420020 kB
MemAvailable:    1569964 kB
Buffers:           18040 kB
Cached:           259520 kB
MemTotal:        1844596 kB
MemFree:         1421196 kB
MemAvailable:    1571140 kB
Buffers:           18040 kB
Cached:           259520 kB
MemTotal:        1844596 kB
MemFree:         1420320 kB
MemAvailable:    1570264 kB
Buffers:           18040 kB
Cached:           259520 kB
MemTotal:        1844596 kB
MemFree:         1419268 kB
MemAvailable:    1569212 kB
Buffers:           18040 kB
Cached:           259520 kB
MemTotal:        1844596 kB
MemFree:         1418532 kB
MemAvailable:    1568476 kB
Buffers:           18040 kB
Cached:           259520 kB
MemTotal:        1844596 kB
MemFree:         1417540 kB
MemAvailable:    1567484 kB
Buffers:           18040 kB
Cached:           259520 kB
MemTotal:        1844596 kB
MemFree:         1417664 kB
MemAvailable:    1567608 kB
Buffers:           18040 kB
Cached:           259520 kB
MemTotal:        1844596 kB
MemFree:         1418840 kB
MemAvailable:    1568784 kB
Buffers:           18040 kB
Cached:           259520 kB
MemTotal:        1844596 kB
MemFree:         1418856 kB
MemAvailable:    1568800 kB
Buffers:           18040 kB
Cached:           259520 kB
MemTotal:        1844596 kB
MemFree:         1418584 kB
MemAvailable:    1568528 kB
Buffers:           18040 kB
Cached:           259520 kB
MemTotal:        1844596 kB
MemFree:         1417912 kB
MemAvailable:    1567856 kB
Buffers:           18040 kB
Cached:           259520 kB
MemTotal:        1844596 kB
MemFree:         1418380 kB
MemAvailable:    1568324 kB
Buffers:           18040 kB
Cached:           259520 kB
MemTotal:        1844596 kB
MemFree:         1418632 kB
MemAvailable:    1568576 kB
Buffers:           18040 kB
Cached:           259520 kB
MemTotal:        1844596 kB
MemFree:         1418616 kB
MemAvailable:    1568560 kB
Buffers:           18040 kB
Cached:           259520 kB
MemTotal:        1844596 kB
MemFree:         1419832 kB
MemAvailable:    1569776 kB
Buffers:           18040 kB
Cached:           259520 kB
MemTotal:        1844596 kB
MemFree:         1419764 kB
MemAvailable:    1569708 kB
Buffers:           18040 kB
Cached:           259520 kB
MemTotal:        1844596 kB
MemFree:         1420020 kB
MemAvailable:    1569964 kB
Buffers:           18040 kB
Cached:           259520 kB
MemTotal:        1844596 kB
MemFree:         1417656 kB
MemAvailable:    1567600 kB
Buffers:           18040 kB
Cached:           259520 kB
MemTotal:        1844596 kB
MemFree:         1416476 kB
MemAvailable:    1566420 kB
Buffers:           18040 kB
Cached:           259520 kB
MemTotal:        1844596 kB
MemFree:         1415184 kB
MemAvailable:    1565128 kB
Buffers:           18040 kB
Cached:           259520 kB
MemTotal:        1844596 kB
MemFree:         1415060 kB
MemAvailable:    1565004 kB
Buffers:           18040 kB
Cached:           259520 kB
MemTotal:        1844596 kB
MemFree:         1414812 kB
MemAvailable:    1564756 kB
Buffers:           18040 kB
Cached:           259520 kB
MemTotal:        1844596 kB
MemFree:         1414564 kB
MemAvailable:    1564508 kB
Buffers:           18040 kB
Cached:           259520 kB
MemTotal:        1844596 kB
MemFree:         1414440 kB
MemAvailable:    1564384 kB
Buffers:           18040 kB
Cached:           259520 kB
MemTotal:        1844596 kB
MemFree:         1414812 kB
MemAvailable:    1564756 kB
Buffers:           18040 kB
Cached:           259520 kB
MemTotal:        1844596 kB
MemFree:         1414616 kB
MemAvailable:    1564560 kB
Buffers:           18040 kB
Cached:           259520 kB
MemTotal:        1844596 kB
MemFree:         1414484 kB
MemAvailable:    1564428 kB
Buffers:           18040 kB
Cached:           259520 kB
MemTotal:        1844596 kB
MemFree:         1414292 kB
MemAvailable:    1564236 kB
Buffers:           18040 kB
Cached:           259520 kB
MemTotal:        1844596 kB
MemFree:         1414152 kB
MemAvailable:    1564096 kB
Buffers:           18040 kB
Cached:           259520 kB
MemTotal:        1844596 kB
MemFree:         1414488 kB
MemAvailable:    1564432 kB
Buffers:           18040 kB
Cached:           259520 kB
MemTotal:        1844596 kB
MemFree:         1414304 kB
MemAvailable:    1564248 kB
Buffers:           18040 kB
Cached:           259520 kB
MemTotal:        1844596 kB
MemFree:         1414192 kB
MemAvailable:    1564136 kB
Buffers:           18040 kB
Cached:           259520 kB
MemTotal:        1844596 kB
MemFree:         1414060 kB
MemAvailable:    1564004 kB
Buffers:           18040 kB
Cached:           259520 kB
MemTotal:        1844596 kB
MemFree:         1413996 kB
MemAvailable:    1563940 kB
Buffers:           18040 kB
Cached:           259520 kB
MemTotal:        1844596 kB
MemFree:         1413500 kB
MemAvailable:    1563444 kB
Buffers:           18040 kB
Cached:           259520 kB
MemTotal:        1844596 kB
MemFree:         1412284 kB
MemAvailable:    1562228 kB
Buffers:           18040 kB
Cached:           259520 kB
MemTotal:        1844596 kB
MemFree:         1412028 kB
MemAvailable:    1561972 kB
Buffers:           18040 kB
Cached:           259520 kB
MemTotal:        1844596 kB
MemFree:         1412184 kB
MemAvailable:    1562128 kB
Buffers:           18040 kB
Cached:           259520 kB
MemTotal:        1844596 kB
MemFree:         1412308 kB
MemAvailable:    1562252 kB
Buffers:           18040 kB
Cached:           259520 kB
MemTotal:        1844596 kB
MemFree:         1413608 kB
MemAvailable:    1563552 kB
Buffers:           18040 kB
Cached:           259520 kB
MemTotal:        1844596 kB
MemFree:         1412704 kB
MemAvailable:    1562648 kB
Buffers:           18040 kB
Cached:           259520 kB
MemTotal:        1844596 kB
MemFree:         1412028 kB
MemAvailable:    1561972 kB
Buffers:           18040 kB
Cached:           259520 kB
MemTotal:        1844596 kB
MemFree:         1413268 kB
MemAvailable:    1563212 kB
Buffers:           18040 kB
Cached:           259520 kB
MemTotal:        1844596 kB
MemFree:         1412160 kB
MemAvailable:    1562104 kB
Buffers:           18040 kB
Cached:           259520 kB
MemTotal:        1844596 kB
MemFree:         1413696 kB
MemAvailable:    1563644 kB
Buffers:           18040 kB
Cached:           259524 kB
MemTotal:        1844596 kB
MemFree:         1413500 kB
MemAvailable:    1563448 kB
Buffers:           18040 kB
Cached:           259524 kB
MemTotal:        1844596 kB
MemFree:         1412200 kB
MemAvailable:    1562148 kB
Buffers:           18040 kB
Cached:           259524 kB
MemTotal:        1844596 kB
MemFree:         1413648 kB
MemAvailable:    1563596 kB
Buffers:           18040 kB
Cached:           259524 kB
MemTotal:        1844596 kB
MemFree:         1411952 kB
MemAvailable:    1561900 kB
Buffers:           18040 kB
Cached:           259524 kB
MemTotal:        1844596 kB
MemFree:         1412932 kB
MemAvailable:    1562880 kB
Buffers:           18040 kB
Cached:           259524 kB
MemTotal:        1844596 kB
MemFree:         1411560 kB
MemAvailable:    1561508 kB
Buffers:           18040 kB
Cached:           259524 kB
MemTotal:        1844596 kB
MemFree:         1411684 kB
MemAvailable:    1561632 kB
Buffers:           18040 kB
Cached:           259524 kB
MemTotal:        1844596 kB
MemFree:         1411684 kB
MemAvailable:    1561632 kB
Buffers:           18040 kB
Cached:           259524 kB
MemTotal:        1844596 kB
MemFree:         1411712 kB
MemAvailable:    1561660 kB
Buffers:           18040 kB
Cached:           259524 kB
MemTotal:        1844596 kB
MemFree:         1411712 kB
MemAvailable:    1561660 kB
Buffers:           18040 kB
Cached:           259524 kB
MemTotal:        1844596 kB
MemFree:         1412888 kB
MemAvailable:    1562836 kB
Buffers:           18040 kB
Cached:           259524 kB
MemTotal:        1844596 kB
MemFree:         1412632 kB
MemAvailable:    1562580 kB
Buffers:           18040 kB
Cached:           259524 kB
MemTotal:        1844596 kB
MemFree:         1411960 kB
MemAvailable:    1561908 kB
Buffers:           18040 kB
Cached:           259524 kB
MemTotal:        1844596 kB
MemFree:         1412304 kB
MemAvailable:    1562252 kB
Buffers:           18040 kB
Cached:           259524 kB
MemTotal:        1844596 kB
MemFree:         1412556 kB
MemAvailable:    1562504 kB
Buffers:           18040 kB
Cached:           259524 kB
MemTotal:        1844596 kB
MemFree:         1412456 kB
MemAvailable:    1562404 kB
Buffers:           18040 kB
Cached:           259524 kB
MemTotal:        1844596 kB
MemFree:         1412300 kB
MemAvailable:    1562248 kB
Buffers:           18040 kB
Cached:           259524 kB
MemTotal:        1844596 kB
MemFree:         1412556 kB
MemAvailable:    1562504 kB
Buffers:           18040 kB
Cached:           259524 kB
MemTotal:        1844596 kB
MemFree:         1411572 kB
MemAvailable:    1561520 kB
Buffers:           18040 kB
Cached:           259524 kB
MemTotal:        1844596 kB
MemFree:         1411572 kB
MemAvailable:    1561520 kB
Buffers:           18040 kB
Cached:           259524 kB
MemTotal:        1844596 kB
MemFree:         1408612 kB
MemAvailable:    1558560 kB
Buffers:           18040 kB
Cached:           259524 kB
MemTotal:        1844596 kB
MemFree:         1407620 kB
MemAvailable:    1557568 kB
Buffers:           18040 kB
Cached:           259524 kB
MemTotal:        1844596 kB
MemFree:         1405140 kB
MemAvailable:    1555088 kB
Buffers:           18040 kB
Cached:           259524 kB
MemTotal:        1844596 kB
MemFree:         1405264 kB
MemAvailable:    1555212 kB
Buffers:           18040 kB
Cached:           259524 kB
MemTotal:        1844596 kB
MemFree:         1405132 kB
MemAvailable:    1555080 kB
Buffers:           18040 kB
Cached:           259524 kB
MemTotal:        1844596 kB
MemFree:         1403652 kB
MemAvailable:    1553600 kB
Buffers:           18040 kB
Cached:           259524 kB
MemTotal:        1844596 kB
MemFree:         1403224 kB
MemAvailable:    1553172 kB
Buffers:           18040 kB
Cached:           259524 kB
MemTotal:        1844596 kB
MemFree:         1403404 kB
MemAvailable:    1553360 kB
Buffers:           18040 kB
Cached:           259532 kB
MemTotal:        1844596 kB
MemFree:         1403392 kB
MemAvailable:    1553348 kB
Buffers:           18040 kB
Cached:           259532 kB
MemTotal:        1844596 kB
MemFree:         1403900 kB
MemAvailable:    1553856 kB
Buffers:           18040 kB
Cached:           259532 kB
MemTotal:        1844596 kB
MemFree:         1404952 kB
MemAvailable:    1554908 kB
Buffers:           18040 kB
Cached:           259532 kB
MemTotal:        1844596 kB
MemFree:         1404952 kB
MemAvailable:    1554908 kB
Buffers:           18040 kB
Cached:           259532 kB
MemTotal:        1844596 kB
MemFree:         1404636 kB
MemAvailable:    1554592 kB
Buffers:           18040 kB
Cached:           259532 kB
MemTotal:        1844596 kB
MemFree:         1404432 kB
MemAvailable:    1554388 kB
Buffers:           18040 kB
Cached:           259532 kB
MemTotal:        1844596 kB
MemFree:         1403216 kB
MemAvailable:    1553172 kB
Buffers:           18040 kB
Cached:           259532 kB
MemTotal:        1844596 kB
MemFree:         1403216 kB
MemAvailable:    1553172 kB
Buffers:           18040 kB
Cached:           259532 kB
MemTotal:        1844596 kB
MemFree:         1403340 kB
MemAvailable:    1553296 kB
Buffers:           18040 kB
Cached:           259532 kB
MemTotal:        1844596 kB
MemFree:         1403776 kB
MemAvailable:    1553732 kB
Buffers:           18040 kB
Cached:           259532 kB
MemTotal:        1844596 kB
MemFree:         1404328 kB
MemAvailable:    1554284 kB
Buffers:           18040 kB
Cached:           259532 kB
MemTotal:        1844596 kB
MemFree:         1403092 kB
MemAvailable:    1553048 kB
Buffers:           18040 kB
Cached:           259532 kB
MemTotal:        1844596 kB
MemFree:         1404140 kB
MemAvailable:    1554096 kB
Buffers:           18040 kB
Cached:           259532 kB
MemTotal:        1844596 kB
MemFree:         1404140 kB
MemAvailable:    1554096 kB
Buffers:           18040 kB
Cached:           259532 kB
MemTotal:        1844596 kB
MemFree:         1403820 kB
MemAvailable:    1553776 kB
Buffers:           18040 kB
Cached:           259532 kB
MemTotal:        1844596 kB
MemFree:         1403464 kB
MemAvailable:    1553420 kB
Buffers:           18040 kB
Cached:           259532 kB
MemTotal:        1844596 kB
MemFree:         1403340 kB
MemAvailable:    1553296 kB
Buffers:           18040 kB
Cached:           259532 kB
MemTotal:        1844596 kB
MemFree:         1402900 kB
MemAvailable:    1552856 kB
Buffers:           18040 kB
Cached:           259532 kB
MemTotal:        1844596 kB
MemFree:         1402164 kB
MemAvailable:    1552120 kB
Buffers:           18040 kB
Cached:           259532 kB
MemTotal:        1844596 kB
MemFree:         1402512 kB
MemAvailable:    1552468 kB
Buffers:           18040 kB
Cached:           259532 kB
MemTotal:        1844596 kB
MemFree:         1402512 kB
MemAvailable:    1552468 kB
Buffers:           18040 kB
Cached:           259532 kB
MemTotal:        1844596 kB
MemFree:         1401668 kB
MemAvailable:    1551624 kB
Buffers:           18040 kB
Cached:           259532 kB
MemTotal:        1844596 kB
MemFree:         1401356 kB
MemAvailable:    1551312 kB
Buffers:           18040 kB
Cached:           259532 kB
MemTotal:        1844596 kB
MemFree:         1401608 kB
MemAvailable:    1551564 kB
Buffers:           18040 kB
Cached:           259532 kB
MemTotal:        1844596 kB
MemFree:         1400984 kB
MemAvailable:    1550940 kB
Buffers:           18040 kB
Cached:           259532 kB
MemTotal:        1844596 kB
MemFree:         1400876 kB
MemAvailable:    1550832 kB
Buffers:           18040 kB
Cached:           259532 kB
MemTotal:        1844596 kB
MemFree:         1399504 kB
MemAvailable:    1549460 kB
Buffers:           18040 kB
Cached:           259532 kB
MemTotal:        1844596 kB
MemFree:         1400804 kB
MemAvailable:    1550760 kB
Buffers:           18040 kB
Cached:           259532 kB
MemTotal:        1844596 kB
MemFree:         1400612 kB
MemAvailable:    1550568 kB
Buffers:           18040 kB
Cached:           259532 kB
MemTotal:        1844596 kB
MemFree:         1399312 kB
MemAvailable:    1549268 kB
Buffers:           18040 kB
Cached:           259532 kB
MemTotal:        1844596 kB
MemFree:         1400400 kB
MemAvailable:    1550356 kB
Buffers:           18040 kB
Cached:           259532 kB
MemTotal:        1844596 kB
MemFree:         1400592 kB
MemAvailable:    1550548 kB
Buffers:           18040 kB
Cached:           259532 kB
MemTotal:        1844596 kB
MemFree:         1400428 kB
MemAvailable:    1550384 kB
Buffers:           18040 kB
Cached:           259532 kB
MemTotal:        1844596 kB
MemFree:         1399308 kB
MemAvailable:    1549264 kB
Buffers:           18040 kB
Cached:           259532 kB
MemTotal:        1844596 kB
MemFree:         1400304 kB
MemAvailable:    1550260 kB
Buffers:           18040 kB
Cached:           259532 kB
MemTotal:        1844596 kB
MemFree:         1400484 kB
MemAvailable:    1550440 kB
Buffers:           18040 kB
Cached:           259532 kB
MemTotal:        1844596 kB
MemFree:         1400652 kB
MemAvailable:    1550608 kB
Buffers:           18040 kB
Cached:           259532 kB
MemTotal:        1844596 kB
MemFree:         1400232 kB
MemAvailable:    1550188 kB
Buffers:           18040 kB
Cached:           259532 kB
MemTotal:        1844596 kB
MemFree:         1400108 kB
MemAvailable:    1550064 kB
Buffers:           18040 kB
Cached:           259532 kB
MemTotal:        1844596 kB
MemFree:         1398932 kB
MemAvailable:    1548888 kB
Buffers:           18040 kB
Cached:           259532 kB
MemTotal:        1844596 kB
MemFree:         1397256 kB
MemAvailable:    1547212 kB
Buffers:           18040 kB
Cached:           259532 kB
MemTotal:        1844596 kB
MemFree:         1393048 kB
MemAvailable:    1543004 kB
Buffers:           18040 kB
Cached:           259532 kB
MemTotal:        1844596 kB
MemFree:         1392724 kB
MemAvailable:    1542680 kB
Buffers:           18040 kB
Cached:           259532 kB
MemTotal:        1844596 kB
MemFree:         1392360 kB
MemAvailable:    1542316 kB
Buffers:           18040 kB
Cached:           259532 kB
MemTotal:        1844596 kB
MemFree:         1391312 kB
MemAvailable:    1541268 kB
Buffers:           18040 kB
Cached:           259532 kB
MemTotal:        1844596 kB
MemFree:         1391436 kB
MemAvailable:    1541392 kB
Buffers:           18040 kB
Cached:           259532 kB
MemTotal:        1844596 kB
MemFree:         1392244 kB
MemAvailable:    1542200 kB
Buffers:           18040 kB
Cached:           259532 kB
MemTotal:        1844596 kB
MemFree:         1392464 kB
MemAvailable:    1542420 kB
Buffers:           18040 kB
Cached:           259532 kB
MemTotal:        1844596 kB
MemFree:         1393212 kB
MemAvailable:    1543168 kB
Buffers:           18040 kB
Cached:           259532 kB
MemTotal:        1844596 kB
MemFree:         1392892 kB
MemAvailable:    1542848 kB
Buffers:           18040 kB
Cached:           259532 kB
MemTotal:        1844596 kB
MemFree:         1393840 kB
MemAvailable:    1543796 kB
Buffers:           18040 kB
Cached:           259532 kB
MemTotal:        1844596 kB
MemFree:         1393052 kB
MemAvailable:    1543092 kB
Buffers:           18040 kB
Cached:           259656 kB
MemTotal:        1844596 kB
MemFree:         1394424 kB
MemAvailable:    1544548 kB
Buffers:           18040 kB
Cached:           259780 kB
MemTotal:        1844596 kB
MemFree:         1394228 kB
MemAvailable:    1544520 kB
Buffers:           18040 kB
Cached:           259904 kB
MemTotal:        1844596 kB
MemFree:         1392964 kB
MemAvailable:    1543256 kB
Buffers:           18040 kB
Cached:           259904 kB
MemTotal:        1844596 kB
MemFree:         1393236 kB
MemAvailable:    1543612 kB
Buffers:           18040 kB
Cached:           259904 kB
MemTotal:        1844596 kB
MemFree:         1392932 kB
MemAvailable:    1543308 kB
Buffers:           18040 kB
Cached:           260028 kB
MemTotal:        1844596 kB
MemFree:         1394048 kB
MemAvailable:    1544592 kB
Buffers:           18040 kB
Cached:           260028 kB
MemTotal:        1844596 kB
MemFree:         1392676 kB
MemAvailable:    1543220 kB
Buffers:           18040 kB
Cached:           260028 kB
MemTotal:        1844596 kB
MemFree:         1392668 kB
MemAvailable:    1543212 kB
Buffers:           18040 kB
Cached:           260152 kB
MemTotal:        1844596 kB
MemFree:         1393112 kB
MemAvailable:    1543656 kB
Buffers:           18040 kB
Cached:           260152 kB
MemTotal:        1844596 kB
MemFree:         1393988 kB
MemAvailable:    1544532 kB
Buffers:           18040 kB
Cached:           260152 kB
MemTotal:        1844596 kB
MemFree:         1393964 kB
MemAvailable:    1544508 kB
Buffers:           18040 kB
Cached:           260152 kB
MemTotal:        1844596 kB
MemFree:         1393768 kB
MemAvailable:    1544312 kB
Buffers:           18040 kB
Cached:           260152 kB
MemTotal:        1844596 kB
MemFree:         1393916 kB
MemAvailable:    1544460 kB
Buffers:           18040 kB
Cached:           260152 kB
MemTotal:        1844596 kB
MemFree:         1393868 kB
MemAvailable:    1544412 kB
Buffers:           18040 kB
Cached:           260152 kB
MemTotal:        1844596 kB
MemFree:         1392600 kB
MemAvailable:    1543144 kB
Buffers:           18040 kB
Cached:           260276 kB
MemTotal:        1844596 kB
MemFree:         1392480 kB
MemAvailable:    1543024 kB
Buffers:           18040 kB
Cached:           260276 kB
MemTotal:        1844596 kB
MemFree:         1393072 kB
MemAvailable:    1543028 kB
Buffers:           18040 kB
Cached:           259604 kB
MemTotal:        1844596 kB
MemFree:         1461088 kB
MemAvailable:    1611056 kB
Buffers:           18040 kB
Cached:           259540 kB
