MemTotal:        1844596 kB
MemFree:         1426988 kB
MemAvailable:    1608148 kB
Buffers:           22644 kB
Cached:           288660 kB
MemTotal:        1844596 kB
MemFree:         1399344 kB
MemAvailable:    1580508 kB
Buffers:           22644 kB
Cached:           288664 kB
MemTotal:        1844596 kB
MemFree:         1399212 kB
MemAvailable:    1580376 kB
Buffers:           22644 kB
Cached:           288664 kB
MemTotal:        1844596 kB
MemFree:         1397428 kB
MemAvailable:    1578592 kB
Buffers:           22644 kB
Cached:           288664 kB
MemTotal:        1844596 kB
MemFree:         1397236 kB
MemAvailable:    1578400 kB
Buffers:           22644 kB
Cached:           288664 kB
MemTotal:        1844596 kB
MemFree:         1394764 kB
MemAvailable:    1575928 kB
Buffers:           22644 kB
Cached:           288664 kB
MemTotal:        1844596 kB
MemFree:         1395748 kB
MemAvailable:    1576912 kB
Buffers:           22644 kB
Cached:           288664 kB
MemTotal:        1844596 kB
MemFree:         1395748 kB
MemAvailable:    1576912 kB
Buffers:           22644 kB
Cached:           288664 kB
MemTotal:        1844596 kB
MemFree:         1391788 kB
MemAvailable:    1572952 kB
Buffers:           22644 kB
Cached:           288664 kB
MemTotal:        1844596 kB
MemFree:         1389748 kB
MemAvailable:    1570912 kB
Buffers:           22644 kB
Cached:           288664 kB
MemTotal:        1844596 kB
MemFree:         1389308 kB
MemAvailable:    1570472 kB
Buffers:           22644 kB
Cached:           288664 kB
MemTotal:        1844596 kB
MemFree:         1383720 kB
MemAvailable:    1564884 kB
Buffers:           22644 kB
Cached:           288664 kB
MemTotal:        1844596 kB
MemFree:         1385944 kB
MemAvailable:    1567108 kB
Buffers:           22644 kB
Cached:           288664 kB
MemTotal:        1844596 kB
MemFree:         1386284 kB
MemAvailable:    1567448 kB
Buffers:           22644 kB
Cached:           288664 kB
MemTotal:        1844596 kB
MemFree:         1384704 kB
MemAvailable:    1565868 kB
Buffers:           22644 kB
Cached:           288664 kB
MemTotal:        1844596 kB
MemFree:         1384828 kB
MemAvailable:    1565992 kB
Buffers:           22644 kB
Cached:           288664 kB
MemTotal:        1844596 kB
MemFree:         1386128 kB
MemAvailable:    1567292 kB
Buffers:           22644 kB
Cached:           288664 kB
MemTotal:        1844596 kB
MemFree:         1385200 kB
MemAvailable:    1566364 kB
Buffers:           22644 kB
Cached:           288664 kB
MemTotal:        1844596 kB
MemFree:         1384544 kB
MemAvailable:    1565708 kB
Buffers:           22644 kB
Cached:           288664 kB
MemTotal:        1844596 kB
MemFree:         1384588 kB
MemAvailable:    1565752 kB
Buffers:           22644 kB
Cached:           288664 kB
MemTotal:        1844596 kB
MemFree:         1384924 kB
MemAvailable:    1566088 kB
Buffers:           22644 kB
Cached:           288664 kB
MemTotal:        1844596 kB
MemFree:         1383788 kB
MemAvailable:    1564952 kB
Buffers:           22644 kB
Cached:           288664 kB
MemTotal:        1844596 kB
MemFree:         1382356 kB
MemAvailable:    1563520 kB
Buffers:           22644 kB
Cached:           288664 kB
MemTotal:        1844596 kB
MemFree:         1382604 kB
MemAvailable:    1563768 kB
Buffers:           22644 kB
Cached:           288664 kB
MemTotal:        1844596 kB
MemFree:         1383832 kB
MemAvailable:    1564996 kB
Buffers:           22644 kB
Cached:           288664 kB
MemTotal:        1844596 kB
MemFree:         1382488 kB
MemAvailable:    1563652 kB
Buffers:           22644 kB
Cached:           288664 kB
MemTotal:        1844596 kB
MemFree:         1383412 kB
MemAvailable:    1564576 kB
Buffers:           22644 kB
Cached:           288664 kB
MemTotal:        1844596 kB
MemFree:         1383604 kB
MemAvailable:    1564768 kB
Buffers:           22644 kB
Cached:           288664 kB
MemTotal:        1844596 kB
MemFree:         1383608 kB
MemAvailable:    1564772 kB
Buffers:           22644 kB
Cached:           288664 kB
MemTotal:        1844596 kB
MemFree:         1382344 kB
MemAvailable:    1563508 kB
Buffers:           22644 kB
Cached:           288664 kB
MemTotal:        1844596 kB
MemFree:         1382736 kB
MemAvailable:    1563900 kB
Buffers:           22644 kB
Cached:           288664 kB
MemTotal:        1844596 kB
MemFree:         1384904 kB
MemAvailable:    1566068 kB
Buffers:           22644 kB
Cached:           288664 kB
MemTotal:        1844596 kB
MemFree:         1384904 kB
MemAvailable:    1566068 kB
Buffers:           22644 kB
Cached:           288664 kB
MemTotal:        1844596 kB
MemFree:         1384656 kB
MemAvailable:    1565820 kB
Buffers:           22644 kB
Cached:           288664 kB
MemTotal:        1844596 kB
MemFree:         1382976 kB
MemAvailable:    1564140 kB
Buffers:           22644 kB
Cached:           288664 kB
MemTotal:        1844596 kB
MemFree:         1382168 kB
MemAvailable:    1563332 kB
Buffers:           22644 kB
Cached:           288664 kB
MemTotal:        1844596 kB
MemFree:         1381432 kB
MemAvailable:    1562596 kB
Buffers:           22644 kB
Cached:           288664 kB
MemTotal:        1844596 kB
MemFree:         1380008 kB
MemAvailable:    1561172 kB
Buffers:           22644 kB
Cached:           288664 kB
MemTotal:        1844596 kB
MemFree:         1379512 kB
MemAvailable:    1560676 kB
Buffers:           22644 kB
Cached:           288664 kB
MemTotal:        1844596 kB
MemFree:         1380240 kB
MemAvailable:    1561404 kB
Buffers:           22644 kB
Cached:           288664 kB
MemTotal:        1844596 kB
MemFree:         1380240 kB
MemAvailable:    1561404 kB
Buffers:           22644 kB
Cached:           288664 kB
MemTotal:        1844596 kB
MemFree:         1379496 kB
MemAvailable:    1560660 kB
Buffers:           22644 kB
Cached:           288664 kB
MemTotal:        1844596 kB
MemFree:         1379832 kB
MemAvailable:    1560996 kB
Buffers:           22644 kB
Cached:           288664 kB
MemTotal:        1844596 kB
MemFree:         1378264 kB
MemAvailable:    1559428 kB
Buffers:           22644 kB
Cached:           288664 kB
MemTotal:        1844596 kB
MemFree:         1378388 kB
MemAvailable:    1559552 kB
Buffers:           22644 kB
Cached:           288664 kB
MemTotal:        1844596 kB
MemFree:         1379308 kB
MemAvailable:    1560472 kB
Buffers:           22644 kB
Cached:           288664 kB
MemTotal:        1844596 kB
MemFree:         1378396 kB
MemAvailable:    1559560 kB
Buffers:           22644 kB
Cached:           288664 kB
MemTotal:        1844596 kB
MemFree:         1379304 kB
MemAvailable:    1560468 kB
Buffers:           22644 kB
Cached:           288664 kB
MemTotal:        1844596 kB
MemFree:         1378148 kB
MemAvailable:    1559312 kB
Buffers:           22644 kB
Cached:           288664 kB
MemTotal:        1844596 kB
MemFree:         1378764 kB
MemAvailable:    1559928 kB
Buffers:           22644 kB
Cached:           288664 kB
MemTotal:        1844596 kB
MemFree:         1378608 kB
MemAvailable:    1559772 kB
Buffers:           22644 kB
Cached:           288664 kB
MemTotal:        1844596 kB
MemFree:         1378944 kB
MemAvailable:    1560108 kB
Buffers:           22644 kB
Cached:           288664 kB
MemTotal:        1844596 kB
MemFree:         1378504 kB
MemAvailable:    1559668 kB
Buffers:           22644 kB
Cached:           288664 kB
MemTotal:        1844596 kB
MemFree:         1377272 kB
MemAvailable:    1558440 kB
Buffers:           22644 kB
Cached:           288668 kB
MemTotal:        1844596 kB
MemFree:         1377396 kB
MemAvailable:    1558564 kB
Buffers:           22644 kB
Cached:           288668 kB
MemTotal:        1844596 kB
MemFree:         1377280 kB
MemAvailable:    1558448 kB
Buffers:           22644 kB
Cached:           288668 kB
MemTotal:        1844596 kB
MemFree:         1377024 kB
MemAvailable:    1558192 kB
Buffers:           22644 kB
Cached:           288668 kB
MemTotal:        1844596 kB
MemFree:         1378264 kB
MemAvailable:    1559432 kB
Buffers:           22644 kB
Cached:           288668 kB
MemTotal:        1844596 kB
MemFree:         1377000 kB
MemAvailable:    1558168 kB
Buffers:           22644 kB
Cached:           288668 kB
MemTotal:        1844596 kB
MemFree:         1378472 kB
MemAvailable:    1559640 kB
Buffers:           22644 kB
Cached:           288668 kB
MemTotal:        1844596 kB
MemFree:         1378472 kB
MemAvailable:    1559640 kB
Buffers:           22644 kB
Cached:           288668 kB
MemTotal:        1844596 kB
MemFree:         1377068 kB
MemAvailable:    1558236 kB
Buffers:           22644 kB
Cached:           288668 kB
MemTotal:        1844596 kB
MemFree:         1378300 kB
MemAvailable:    1559468 kB
Buffers:           22644 kB
Cached:           288668 kB
MemTotal:        1844596 kB
MemFree:         1376936 kB
MemAvailable:    1558104 kB
Buffers:           22644 kB
Cached:           288668 kB
MemTotal:        1844596 kB
MemFree:         1378044 kB
MemAvailable:    1559212 kB
Buffers:           22644 kB
Cached:           288668 kB
MemTotal:        1844596 kB
MemFree:         1377364 kB
MemAvailable:    1558532 kB
Buffers:           22644 kB
Cached:           288668 kB
MemTotal:        1844596 kB
MemFree:         1378044 kB
MemAvailable:    1559216 kB
Buffers:           22644 kB
Cached:           288672 kB
MemTotal:        1844596 kB
MemFree:         1377828 kB
MemAvailable:    1559000 kB
Buffers:           22644 kB
Cached:           288672 kB
MemTotal:        1844596 kB
MemFree:         1377348 kB
MemAvailable:    1558520 kB
Buffers:           22644 kB
Cached:           288672 kB
MemTotal:        1844596 kB
MemFree:         1377432 kB
MemAvailable:    1558604 kB
Buffers:           22644 kB
Cached:           288672 kB
MemTotal:        1844596 kB
MemFree:         1376196 kB
MemAvailable:    1557368 kB
Buffers:           22644 kB
Cached:           288672 kB
MemTotal:        1844596 kB
MemFree:         1375940 kB
MemAvailable:    1557112 kB
Buffers:           22644 kB
Cached:           288672 kB
MemTotal:        1844596 kB
MemFree:         1377340 kB
MemAvailable:    1558512 kB
Buffers:           22644 kB
Cached:           288672 kB
MemTotal:        1844596 kB
MemFree:         1377340 kB
MemAvailable:    1558512 kB
Buffers:           22644 kB
Cached:           288672 kB
MemTotal:        1844596 kB
MemFree:         1377192 kB
MemAvailable:    1558364 kB
Buffers:           22644 kB
Cached:           288672 kB
MemTotal:        1844596 kB
MemFree:         1377448 kB
MemAvailable:    1558620 kB
Buffers:           22644 kB
Cached:           288672 kB
MemTotal:        1844596 kB
MemFree:         1377420 kB
MemAvailable:    1558592 kB
Buffers:           22644 kB
Cached:           288672 kB
MemTotal:        1844596 kB
MemFree:         1377216 kB
MemAvailable:    1558388 kB
Buffers:           22644 kB
Cached:           288672 kB
MemTotal:        1844596 kB
MemFree:         1377216 kB
MemAvailable:    1558388 kB
Buffers:           22644 kB
Cached:           288672 kB
MemTotal:        1844596 kB
MemFree:         1374396 kB
MemAvailable:    1555568 kB
Buffers:           22644 kB
Cached:           288672 kB
MemTotal:        1844596 kB
MemFree:         1373652 kB
MemAvailable:    1554824 kB
Buffers:           22644 kB
Cached:           288672 kB
MemTotal:        1844596 kB
MemFree:         1370612 kB
MemAvailable:    1551784 kB
Buffers:           22644 kB
Cached:           288672 kB
MemTotal:        1844596 kB
MemFree:         1368940 kB
MemAvailable:    1550112 kB
Buffers:           22644 kB
Cached:           288672 kB
MemTotal:        1844596 kB
MemFree:         1370116 kB
MemAvailable:    1551288 kB
Buffers:           22644 kB
Cached:           288672 kB
MemTotal:        1844596 kB
MemFree:         1369544 kB
MemAvailable:    1550716 kB
Buffers:           22644 kB
Cached:           288672 kB
MemTotal:        1844596 kB
MemFree:         1369544 kB
MemAvailable:    1550716 kB
Buffers:           22644 kB
Cached:           288672 kB
MemTotal:        1844596 kB
MemFree:         1368056 kB
MemAvailable:    1549228 kB
Buffers:           22644 kB
Cached:           288672 kB
MemTotal:        1844596 kB
MemFree:         1369356 kB
MemAvailable:    1550528 kB
Buffers:           22644 kB
Cached:           288672 kB
MemTotal:        1844596 kB
MemFree:         1368264 kB
MemAvailable:    1549436 kB
Buffers:           22644 kB
Cached:           288672 kB
MemTotal:        1844596 kB
MemFree:         1368132 kB
MemAvailable:    1549304 kB
Buffers:           22644 kB
Cached:           288672 kB
MemTotal:        1844596 kB
MemFree:         1368132 kB
MemAvailable:    1549304 kB
Buffers:           22644 kB
Cached:           288672 kB
MemTotal:        1844596 kB
MemFree:         1369608 kB
MemAvailable:    1550780 kB
Buffers:           22644 kB
Cached:           288672 kB
MemTotal:        1844596 kB
MemFree:         1368384 kB
MemAvailable:    1549556 kB
Buffers:           22644 kB
Cached:           288672 kB
MemTotal:        1844596 kB
MemFree:         1368244 kB
MemAvailable:    1549416 kB
Buffers:           22644 kB
Cached:           288672 kB
MemTotal:        1844596 kB
MemFree:         1369552 kB
MemAvailable:    1550724 kB
Buffers:           22644 kB
Cached:           288672 kB
MemTotal:        1844596 kB
MemFree:         1369644 kB
MemAvailable:    1550816 kB
Buffers:           22644 kB
Cached:           288672 kB
MemTotal:        1844596 kB
MemFree:         1369644 kB
MemAvailable:    1550816 kB
Buffers:           22644 kB
Cached:           288672 kB
MemTotal:        1844596 kB
MemFree:         1369048 kB
MemAvailable:    1550220 kB
Buffers:           22644 kB
Cached:           288672 kB
MemTotal:        1844596 kB
MemFree:         1369048 kB
MemAvailable:    1550220 kB
Buffers:           22644 kB
Cached:           288672 kB
MemTotal:        1844596 kB
MemFree:         1368628 kB
MemAvailable:    1549800 kB
Buffers:           22644 kB
Cached:           288672 kB
MemTotal:        1844596 kB
MemFree:         1367196 kB
MemAvailable:    1548368 kB
Buffers:           22644 kB
Cached:           288672 kB
MemTotal:        1844596 kB
MemFree:         1367932 kB
MemAvailable:    1549108 kB
Buffers:           22644 kB
Cached:           288676 kB
MemTotal:        1844596 kB
MemFree:         1367932 kB
MemAvailable:    1549108 kB
Buffers:           22644 kB
Cached:           288676 kB
MemTotal:        1844596 kB
MemFree:         1367876 kB
MemAvailable:    1549052 kB
Buffers:           22644 kB
Cached:           288676 kB
MemTotal:        1844596 kB
MemFree:         1365716 kB
MemAvailable:    1546892 kB
Buffers:           22644 kB
Cached:           288676 kB
MemTotal:        1844596 kB
MemFree:         1366212 kB
MemAvailable:    1547388 kB
Buffers:           22644 kB
Cached:           288676 kB
MemTotal:        1844596 kB
MemFree:         1366516 kB
MemAvailable:    1547692 kB
Buffers:           22644 kB
Cached:           288676 kB
MemTotal:        1844596 kB
MemFree:         1366516 kB
MemAvailable:    1547692 kB
Buffers:           22644 kB
Cached:           288676 kB
MemTotal:        1844596 kB
MemFree:         1366504 kB
MemAvailable:    1547680 kB
Buffers:           22644 kB
Cached:           288676 kB
MemTotal:        1844596 kB
MemFree:         1366140 kB
MemAvailable:    1547316 kB
Buffers:           22644 kB
Cached:           288676 kB
MemTotal:        1844596 kB
MemFree:         1366008 kB
MemAvailable:    1547184 kB
Buffers:           22644 kB
Cached:           288676 kB
MemTotal:        1844596 kB
MemFree:         1365964 kB
MemAvailable:    1547140 kB
Buffers:           22644 kB
Cached:           288676 kB
MemTotal:        1844596 kB
MemFree:         1366040 kB
MemAvailable:    1547216 kB
Buffers:           22644 kB
Cached:           288676 kB
MemTotal:        1844596 kB
MemFree:         1365852 kB
MemAvailable:    1547028 kB
Buffers:           22644 kB
Cached:           288676 kB
MemTotal:        1844596 kB
MemFree:         1364716 kB
MemAvailable:    1545892 kB
Buffers:           22644 kB
Cached:           288676 kB
MemTotal:        1844596 kB
MemFree:         1365640 kB
MemAvailable:    1546816 kB
Buffers:           22644 kB
Cached:           288676 kB
MemTotal:        1844596 kB
MemFree:         1365864 kB
MemAvailable:    1547040 kB
Buffers:           22644 kB
Cached:           288676 kB
MemTotal:        1844596 kB
MemFree:         1365840 kB
MemAvailable:    1547016 kB
Buffers:           22644 kB
Cached:           288676 kB
MemTotal:        1844596 kB
MemFree:         1365576 kB
MemAvailable:    1546752 kB
Buffers:           22644 kB
Cached:           288676 kB
MemTotal:        1844596 kB
MemFree:         1365912 kB
MemAvailable:    1547088 kB
Buffers:           22644 kB
Cached:           288676 kB
MemTotal:        1844596 kB
MemFree:         1365396 kB
MemAvailable:    1546572 kB
Buffers:           22644 kB
Cached:           288676 kB
MemTotal:        1844596 kB
MemFree:         1365272 kB
MemAvailable:    1546448 kB
Buffers:           22644 kB
Cached:           288676 kB
MemTotal:        1844596 kB
MemFree:         1361360 kB
MemAvailable:    1542536 kB
Buffers:           22644 kB
Cached:           288676 kB
MemTotal:        1844596 kB
MemFree:         1361324 kB
MemAvailable:    1542500 kB
Buffers:           22644 kB
Cached:           288676 kB
MemTotal:        1844596 kB
MemFree:         1356788 kB
MemAvailable:    1537964 kB
Buffers:           22644 kB
Cached:           288676 kB
MemTotal:        1844596 kB
MemFree:         1358028 kB
MemAvailable:    1539204 kB
Buffers:           22644 kB
Cached:           288676 kB
MemTotal:        1844596 kB
MemFree:         1356904 kB
MemAvailable:    1538080 kB
Buffers:           22644 kB
Cached:           288676 kB
MemTotal:        1844596 kB
MemFree:         1357844 kB
MemAvailable:    1539020 kB
Buffers:           22644 kB
Cached:           288676 kB
MemTotal:        1844596 kB
MemFree:         1357572 kB
MemAvailable:    1538748 kB
Buffers:           22644 kB
Cached:           288676 kB
MemTotal:        1844596 kB
MemFree:         1356912 kB
MemAvailable:    1538088 kB
Buffers:           22644 kB
Cached:           288676 kB
MemTotal:        1844596 kB
MemFree:         1359900 kB
MemAvailable:    1541076 kB
Buffers:           22644 kB
Cached:           288676 kB
MemTotal:        1844596 kB
MemFree:         1359948 kB
MemAvailable:    1541124 kB
Buffers:           22644 kB
Cached:           288676 kB
MemTotal:        1844596 kB
MemFree:         1359460 kB
MemAvailable:    1540720 kB
Buffers:           22644 kB
Cached:           288800 kB
MemTotal:        1844596 kB
MemFree:         1359796 kB
MemAvailable:    1541056 kB
Buffers:           22644 kB
Cached:           288800 kB
MemTotal:        1844596 kB
MemFree:         1358220 kB
MemAvailable:    1539648 kB
Buffers:           22644 kB
Cached:           288924 kB
MemTotal:        1844596 kB
MemFree:         1358524 kB
MemAvailable:    1539952 kB
Buffers:           22644 kB
Cached:           288924 kB
MemTotal:        1844596 kB
MemFree:         1359444 kB
MemAvailable:    1541040 kB
Buffers:           22644 kB
Cached:           289048 kB
MemTotal:        1844596 kB
MemFree:         1357632 kB
MemAvailable:    1539396 kB
Buffers:           22644 kB
Cached:           289296 kB
MemTotal:        1844596 kB
MemFree:         1359440 kB
MemAvailable:    1541204 kB
Buffers:           22644 kB
Cached:           289296 kB
MemTotal:        1844596 kB
MemFree:         1358996 kB
MemAvailable:    1540760 kB
Buffers:           22644 kB
Cached:           289296 kB
MemTotal:        1844596 kB
MemFree:         1359252 kB
MemAvailable:    1541016 kB
Buffers:           22644 kB
Cached:           289296 kB
MemTotal:        1844596 kB
MemFree:         1358816 kB
MemAvailable:    1540580 kB
Buffers:           22644 kB
Cached:           289296 kB
MemTotal:        1844596 kB
MemFree:         1359152 kB
MemAvailable:    1540916 kB
Buffers:           22644 kB
Cached:           289296 kB
MemTotal:        1844596 kB
MemFree:         1357584 kB
MemAvailable:    1539348 kB
Buffers:           22644 kB
Cached:           289296 kB
MemTotal:        1844596 kB
MemFree:         1359176 kB
MemAvailable:    1540940 kB
Buffers:           22644 kB
Cached:           289296 kB
MemTotal:        1844596 kB
MemFree:         1358804 kB
MemAvailable:    1540568 kB
Buffers:           22644 kB
Cached:           289296 kB
MemTotal:        1844596 kB
MemFree:         1359140 kB
MemAvailable:    1540904 kB
Buffers:           22644 kB
Cached:           289296 kB
MemTotal:        1844596 kB
MemFree:         1358896 kB
MemAvailable:    1540744 kB
Buffers:           22644 kB
Cached:           289420 kB
MemTotal:        1844596 kB
MemFree:         1357940 kB
MemAvailable:    1539116 kB
Buffers:           22644 kB
Cached:           288748 kB
MemTotal:        1844596 kB
MemFree:         1426512 kB
MemAvailable:    1607772 kB
Buffers:           22644 kB
Cached:           288748 kB
