MemTotal:        1844596 kB
MemFree:         1443188 kB
MemAvailable:    1609296 kB
Buffers:           20372 kB
Cached:           274564 kB
MemTotal:        1844596 kB
MemFree:         1417892 kB
MemAvailable:    1584004 kB
Buffers:           20372 kB
Cached:           274568 kB
MemTotal:        1844596 kB
MemFree:         1414296 kB
MemAvailable:    1580408 kB
Buffers:           20372 kB
Cached:           274568 kB
MemTotal:        1844596 kB
MemFree:         1413180 kB
MemAvailable:    1579292 kB
Buffers:           20372 kB
Cached:           274568 kB
MemTotal:        1844596 kB
MemFree:         1411924 kB
MemAvailable:    1578036 kB
Buffers:           20372 kB
Cached:           274568 kB
MemTotal:        1844596 kB
MemFree:         1412260 kB
MemAvailable:    1578372 kB
Buffers:           20372 kB
Cached:           274568 kB
MemTotal:        1844596 kB
MemFree:         1411552 kB
MemAvailable:    1577664 kB
Buffers:           20372 kB
Cached:           274568 kB
MemTotal:        1844596 kB
MemFree:         1411640 kB
MemAvailable:    1577752 kB
Buffers:           20372 kB
Cached:           274568 kB
MemTotal:        1844596 kB
MemFree:         1407716 kB
MemAvailable:    1573828 kB
Buffers:           20372 kB
Cached:           274568 kB
MemTotal:        1844596 kB
MemFree:         1405428 kB
MemAvailable:    1571540 kB
Buffers:           20372 kB
Cached:           274568 kB
MemTotal:        1844596 kB
MemFree:         1402020 kB
MemAvailable:    1568132 kB
Buffers:           20372 kB
Cached:           274568 kB
MemTotal:        1844596 kB
MemFree:         1400756 kB
MemAvailable:    1566868 kB
Buffers:           20372 kB
Cached:           274568 kB
MemTotal:        1844596 kB
MemFree:         1402040 kB
MemAvailable:    1568152 kB
Buffers:           20372 kB
Cached:           274568 kB
MemTotal:        1844596 kB
MemFree:         1402040 kB
MemAvailable:    1568152 kB
Buffers:           20372 kB
Cached:           274568 kB
MemTotal:        1844596 kB
MemFree:         1401972 kB
MemAvailable:    1568084 kB
Buffers:           20372 kB
Cached:           274568 kB
MemTotal:        1844596 kB
MemFree:         1402228 kB
MemAvailable:    1568340 kB
Buffers:           20372 kB
Cached:           274568 kB
MemTotal:        1844596 kB
MemFree:         1401756 kB
MemAvailable:    1567868 kB
Buffers:           20372 kB
Cached:           274568 kB
MemTotal:        1844596 kB
MemFree:         1402012 kB
MemAvailable:    1568124 kB
Buffers:           20372 kB
Cached:           274568 kB
MemTotal:        1844596 kB
MemFree:         1400152 kB
MemAvailable:    1566264 kB
Buffers:           20372 kB
Cached:           274568 kB
MemTotal:        1844596 kB
MemFree:         1400152 kB
MemAvailable:    1566264 kB
Buffers:           20372 kB
Cached:           274568 kB
MemTotal:        1844596 kB
MemFree:         1400096 kB
MemAvailable:    1566208 kB
Buffers:           20372 kB
Cached:           274568 kB
MemTotal:        1844596 kB
MemFree:         1398740 kB
MemAvailable:    1564852 kB
Buffers:           20372 kB
Cached:           274568 kB
MemTotal:        1844596 kB
MemFree:         1399532 kB
MemAvailable:    1565644 kB
Buffers:           20372 kB
Cached:           274568 kB
MemTotal:        1844596 kB
MemFree:         1399176 kB
MemAvailable:    1565288 kB
Buffers:           20372 kB
Cached:           274568 kB
MemTotal:        1844596 kB
MemFree:         1399500 kB
MemAvailable:    1565612 kB
Buffers:           20372 kB
Cached:           274568 kB
MemTotal:        1844596 kB
MemFree:         1398424 kB
MemAvailable:    1564536 kB
Buffers:           20372 kB
Cached:           274568 kB
MemTotal:        1844596 kB
MemFree:         1399484 kB
MemAvailable:    1565596 kB
Buffers:           20372 kB
Cached:           274568 kB
MemTotal:        1844596 kB
MemFree:         1399484 kB
MemAvailable:    1565596 kB
Buffers:           20372 kB
Cached:           274568 kB
MemTotal:        1844596 kB
MemFree:         1400612 kB
MemAvailable:    1566724 kB
Buffers:           20372 kB
Cached:           274568 kB
MemTotal:        1844596 kB
MemFree:         1400868 kB
MemAvailable:    1566980 kB
Buffers:           20372 kB
Cached:           274568 kB
MemTotal:        1844596 kB
MemFree:         1400392 kB
MemAvailable:    1566504 kB
Buffers:           20372 kB
Cached:           274568 kB
MemTotal:        1844596 kB
MemFree:         1400392 kB
MemAvailable:    1566504 kB
Buffers:           20372 kB
Cached:           274568 kB
MemTotal:        1844596 kB
MemFree:         1398352 kB
MemAvailable:    1564464 kB
Buffers:           20372 kB
Cached:           274568 kB
MemTotal:        1844596 kB
MemFree:         1397804 kB
MemAvailable:    1563916 kB
Buffers:           20372 kB
Cached:           274568 kB
MemTotal:        1844596 kB
MemFree:         1396672 kB
MemAvailable:    1562784 kB
Buffers:           20372 kB
Cached:           274568 kB
MemTotal:        1844596 kB
MemFree:         1397008 kB
MemAvailable:    1563120 kB
Buffers:           20372 kB
Cached:           274568 kB
MemTotal:        1844596 kB
MemFree:         1396176 kB
MemAvailable:    1562288 kB
Buffers:           20372 kB
Cached:           274568 kB
MemTotal:        1844596 kB
MemFree:         1396176 kB
MemAvailable:    1562288 kB
Buffers:           20372 kB
Cached:           274568 kB
MemTotal:        1844596 kB
MemFree:         1395308 kB
MemAvailable:    1561420 kB
Buffers:           20372 kB
Cached:           274568 kB
MemTotal:        1844596 kB
MemFree:         1394580 kB
MemAvailable:    1560692 kB
Buffers:           20372 kB
Cached:           274568 kB
MemTotal:        1844596 kB
MemFree:         1394152 kB
MemAvailable:    1560264 kB
Buffers:           20372 kB
Cached:           274568 kB
MemTotal:        1844596 kB
MemFree:         1395496 kB
MemAvailable:    1561608 kB
Buffers:           20372 kB
Cached:           274568 kB
MemTotal:        1844596 kB
MemFree:         1395452 kB
MemAvailable:    1561564 kB
Buffers:           20372 kB
Cached:           274568 kB
MemTotal:        1844596 kB
MemFree:         1395164 kB
MemAvailable:    1561276 kB
Buffers:           20372 kB
Cached:           274568 kB
MemTotal:        1844596 kB
MemFree:         1395416 kB
MemAvailable:    1561528 kB
Buffers:           20372 kB
Cached:           274568 kB
MemTotal:        1844596 kB
MemFree:         1395196 kB
MemAvailable:    1561308 kB
Buffers:           20372 kB
Cached:           274568 kB
MemTotal:        1844596 kB
MemFree:         1394020 kB
MemAvailable:    1560132 kB
Buffers:           20372 kB
Cached:           274568 kB
MemTotal:        1844596 kB
MemFree:         1393588 kB
MemAvailable:    1559700 kB
Buffers:           20372 kB
Cached:           274568 kB
MemTotal:        1844596 kB
MemFree:         1394316 kB
MemAvailable:    1560428 kB
Buffers:           20372 kB
Cached:           274568 kB
MemTotal:        1844596 kB
MemFree:         1394256 kB
MemAvailable:    1560368 kB
Buffers:           20372 kB
Cached:           274568 kB
MemTotal:        1844596 kB
MemFree:         1394264 kB
MemAvailable:    1560376 kB
Buffers:           20372 kB
Cached:           274568 kB
MemTotal:        1844596 kB
MemFree:         1393216 kB
MemAvailable:    1559332 kB
Buffers:           20372 kB
Cached:           274572 kB
MemTotal:        1844596 kB
MemFree:         1393168 kB
MemAvailable:    1559284 kB
Buffers:           20372 kB
Cached:           274572 kB
MemTotal:        1844596 kB
MemFree:         1394468 kB
MemAvailable:    1560584 kB
Buffers:           20372 kB
Cached:           274572 kB
MemTotal:        1844596 kB
MemFree:         1393204 kB
MemAvailable:    1559320 kB
Buffers:           20372 kB
Cached:           274572 kB
MemTotal:        1844596 kB
MemFree:         1393072 kB
MemAvailable:    1559188 kB
Buffers:           20372 kB
Cached:           274572 kB
MemTotal:        1844596 kB
MemFree:         1394396 kB
MemAvailable:    1560512 kB
Buffers:           20384 kB
Cached:           274560 kB
MemTotal:        1844596 kB
MemFree:         1393060 kB
MemAvailable:    1559176 kB
Buffers:           20384 kB
Cached:           274560 kB
MemTotal:        1844596 kB
MemFree:         1394068 kB
MemAvailable:    1560184 kB
Buffers:           20384 kB
Cached:           274560 kB
MemTotal:        1844596 kB
MemFree:         1394028 kB
MemAvailable:    1560144 kB
Buffers:           20384 kB
Cached:           274560 kB
MemTotal:        1844596 kB
MemFree:         1394036 kB
MemAvailable:    1560152 kB
Buffers:           20384 kB
Cached:           274560 kB
MemTotal:        1844596 kB
MemFree:         1393816 kB
MemAvailable:    1559932 kB
Buffers:           20384 kB
Cached:           274560 kB
MemTotal:        1844596 kB
MemFree:         1393816 kB
MemAvailable:    1559932 kB
Buffers:           20384 kB
Cached:           274560 kB
MemTotal:        1844596 kB
MemFree:         1393704 kB
MemAvailable:    1559820 kB
Buffers:           20384 kB
Cached:           274560 kB
MemTotal:        1844596 kB
MemFree:         1392200 kB
MemAvailable:    1558316 kB
Buffers:           20384 kB
Cached:           274560 kB
MemTotal:        1844596 kB
MemFree:         1393308 kB
MemAvailable:    1559424 kB
Buffers:           20384 kB
Cached:           274560 kB
MemTotal:        1844596 kB
MemFree:         1393392 kB
MemAvailable:    1559508 kB
Buffers:           20384 kB
Cached:           274560 kB
MemTotal:        1844596 kB
MemFree:         1393452 kB
MemAvailable:    1559568 kB
Buffers:           20384 kB
Cached:           274560 kB
MemTotal:        1844596 kB
MemFree:         1393324 kB
MemAvailable:    1559440 kB
Buffers:           20384 kB
Cached:           274560 kB
MemTotal:        1844596 kB
MemFree:         1393324 kB
MemAvailable:    1559440 kB
Buffers:           20384 kB
Cached:           274560 kB
MemTotal:        1844596 kB
MemFree:         1393444 kB
MemAvailable:    1559560 kB
Buffers:           20384 kB
Cached:           274560 kB
MemTotal:        1844596 kB
MemFree:         1393528 kB
MemAvailable:    1559644 kB
Buffers:           20384 kB
Cached:           274560 kB
MemTotal:        1844596 kB
MemFree:         1393368 kB
MemAvailable:    1559484 kB
Buffers:           20384 kB
Cached:           274560 kB
MemTotal:        1844596 kB
MemFree:         1393328 kB
MemAvailable:    1559444 kB
Buffers:           20384 kB
Cached:           274560 kB
MemTotal:        1844596 kB
MemFree:         1392780 kB
MemAvailable:    1558896 kB
Buffers:           20384 kB
Cached:           274560 kB
MemTotal:        1844596 kB
MemFree:         1390116 kB
MemAvailable:    1556232 kB
Buffers:           20384 kB
Cached:           274560 kB
MemTotal:        1844596 kB
MemFree:         1389620 kB
MemAvailable:    1555736 kB
Buffers:           20384 kB
Cached:           274560 kB
MemTotal:        1844596 kB
MemFree:         1385884 kB
MemAvailable:    1552000 kB
Buffers:           20384 kB
Cached:           274560 kB
MemTotal:        1844596 kB
MemFree:         1385652 kB
MemAvailable:    1551768 kB
Buffers:           20384 kB
Cached:           274560 kB
MemTotal:        1844596 kB
MemFree:         1385648 kB
MemAvailable:    1551764 kB
Buffers:           20384 kB
Cached:           274560 kB
MemTotal:        1844596 kB
MemFree:         1385692 kB
MemAvailable:    1551808 kB
Buffers:           20384 kB
Cached:           274560 kB
MemTotal:        1844596 kB
MemFree:         1385584 kB
MemAvailable:    1551700 kB
Buffers:           20384 kB
Cached:           274560 kB
MemTotal:        1844596 kB
MemFree:         1384652 kB
MemAvailable:    1550768 kB
Buffers:           20384 kB
Cached:           274560 kB
MemTotal:        1844596 kB
MemFree:         1385460 kB
MemAvailable:    1551576 kB
Buffers:           20384 kB
Cached:           274560 kB
MemTotal:        1844596 kB
MemFree:         1385652 kB
MemAvailable:    1551768 kB
Buffers:           20384 kB
Cached:           274560 kB
MemTotal:        1844596 kB
MemFree:         1384092 kB
MemAvailable:    1550208 kB
Buffers:           20384 kB
Cached:           274560 kB
MemTotal:        1844596 kB
MemFree:         1385360 kB
MemAvailable:    1551476 kB
Buffers:           20384 kB
Cached:           274560 kB
MemTotal:        1844596 kB
MemFree:         1385360 kB
MemAvailable:    1551476 kB
Buffers:           20384 kB
Cached:           274560 kB
MemTotal:        1844596 kB
MemFree:         1385384 kB
MemAvailable:    1551500 kB
Buffers:           20384 kB
Cached:           274560 kB
MemTotal:        1844596 kB
MemFree:         1385640 kB
MemAvailable:    1551756 kB
Buffers:           20384 kB
Cached:           274560 kB
MemTotal:        1844596 kB
MemFree:         1385528 kB
MemAvailable:    1551644 kB
Buffers:           20384 kB
Cached:           274560 kB
MemTotal:        1844596 kB
MemFree:         1384096 kB
MemAvailable:    1550212 kB
Buffers:           20384 kB
Cached:           274560 kB
MemTotal:        1844596 kB
MemFree:         1385564 kB
MemAvailable:    1551680 kB
Buffers:           20384 kB
Cached:           274560 kB
MemTotal:        1844596 kB
MemFree:         1384216 kB
MemAvailable:    1550332 kB
Buffers:           20384 kB
Cached:           274560 kB
MemTotal:        1844596 kB
MemFree:         1383960 kB
MemAvailable:    1550076 kB
Buffers:           20384 kB
Cached:           274560 kB
MemTotal:        1844596 kB
MemFree:         1384900 kB
MemAvailable:    1551016 kB
Buffers:           20384 kB
Cached:           274560 kB
MemTotal:        1844596 kB
MemFree:         1384900 kB
MemAvailable:    1551016 kB
Buffers:           20384 kB
Cached:           274560 kB
MemTotal:        1844596 kB
MemFree:         1383172 kB
MemAvailable:    1549292 kB
Buffers:           20384 kB
Cached:           274564 kB
MemTotal:        1844596 kB
MemFree:         1383976 kB
MemAvailable:    1550096 kB
Buffers:           20384 kB
Cached:           274564 kB
MemTotal:        1844596 kB
MemFree:         1383776 kB
MemAvailable:    1549912 kB
Buffers:           20384 kB
Cached:           274580 kB
MemTotal:        1844596 kB
MemFree:         1383420 kB
MemAvailable:    1549556 kB
Buffers:           20384 kB
Cached:           274580 kB
MemTotal:        1844596 kB
MemFree:         1381676 kB
MemAvailable:    1547812 kB
Buffers:           20384 kB
Cached:           274580 kB
MemTotal:        1844596 kB
MemFree:         1381560 kB
MemAvailable:    1547696 kB
Buffers:           20384 kB
Cached:           274580 kB
MemTotal:        1844596 kB
MemFree:         1382860 kB
MemAvailable:    1548996 kB
Buffers:           20384 kB
Cached:           274580 kB
MemTotal:        1844596 kB
MemFree:         1382048 kB
MemAvailable:    1548184 kB
Buffers:           20384 kB
Cached:           274580 kB
MemTotal:        1844596 kB
MemFree:         1382304 kB
MemAvailable:    1548440 kB
Buffers:           20384 kB
Cached:           274580 kB
MemTotal:        1844596 kB
MemFree:         1380932 kB
MemAvailable:    1547068 kB
Buffers:           20384 kB
Cached:           274580 kB
MemTotal:        1844596 kB
MemFree:         1381668 kB
MemAvailable:    1547804 kB
Buffers:           20384 kB
Cached:           274580 kB
MemTotal:        1844596 kB
MemFree:         1381752 kB
MemAvailable:    1547888 kB
Buffers:           20384 kB
Cached:           274580 kB
MemTotal:        1844596 kB
MemFree:         1381364 kB
MemAvailable:    1547500 kB
Buffers:           20384 kB
Cached:           274580 kB
MemTotal:        1844596 kB
MemFree:         1381700 kB
MemAvailable:    1547836 kB
Buffers:           20384 kB
Cached:           274580 kB
MemTotal:        1844596 kB
MemFree:         1381484 kB
MemAvailable:    1547620 kB
Buffers:           20384 kB
Cached:           274580 kB
MemTotal:        1844596 kB
MemFree:         1381484 kB
MemAvailable:    1547620 kB
Buffers:           20384 kB
Cached:           274580 kB
MemTotal:        1844596 kB
MemFree:         1381600 kB
MemAvailable:    1547736 kB
Buffers:           20384 kB
Cached:           274580 kB
MemTotal:        1844596 kB
MemFree:         1381420 kB
MemAvailable:    1547556 kB
Buffers:           20384 kB
Cached:           274580 kB
MemTotal:        1844596 kB
MemFree:         1381436 kB
MemAvailable:    1547572 kB
Buffers:           20384 kB
Cached:           274580 kB
MemTotal:        1844596 kB
MemFree:         1381732 kB
MemAvailable:    1547868 kB
Buffers:           20384 kB
Cached:           274580 kB
MemTotal:        1844596 kB
MemFree:         1381248 kB
MemAvailable:    1547384 kB
Buffers:           20384 kB
Cached:           274580 kB
MemTotal:        1844596 kB
MemFree:         1380072 kB
MemAvailable:    1546084 kB
Buffers:           20384 kB
Cached:           274580 kB
MemTotal:        1844596 kB
MemFree:         1380676 kB
MemAvailable:    1546812 kB
Buffers:           20384 kB
Cached:           274580 kB
MemTotal:        1844596 kB
MemFree:         1380016 kB
MemAvailable:    1546152 kB
Buffers:           20384 kB
Cached:           274580 kB
MemTotal:        1844596 kB
MemFree:         1374668 kB
MemAvailable:    1540804 kB
Buffers:           20384 kB
Cached:           274580 kB
MemTotal:        1844596 kB
MemFree:         1372756 kB
MemAvailable:    1538892 kB
Buffers:           20384 kB
Cached:           274580 kB
MemTotal:        1844596 kB
MemFree:         1373604 kB
MemAvailable:    1539740 kB
Buffers:           20384 kB
Cached:           274580 kB
MemTotal:        1844596 kB
MemFree:         1373688 kB
MemAvailable:    1539824 kB
Buffers:           20384 kB
Cached:           274580 kB
MemTotal:        1844596 kB
MemFree:         1373760 kB
MemAvailable:    1539896 kB
Buffers:           20384 kB
Cached:           274580 kB
MemTotal:        1844596 kB
MemFree:         1372328 kB
MemAvailable:    1538464 kB
Buffers:           20384 kB
Cached:           274580 kB
MemTotal:        1844596 kB
MemFree:         1373796 kB
MemAvailable:    1539932 kB
Buffers:           20384 kB
Cached:           274580 kB
MemTotal:        1844596 kB
MemFree:         1375676 kB
MemAvailable:    1541812 kB
Buffers:           20384 kB
Cached:           274580 kB
MemTotal:        1844596 kB
MemFree:         1375844 kB
MemAvailable:    1541980 kB
Buffers:           20384 kB
Cached:           274580 kB
MemTotal:        1844596 kB
MemFree:         1375412 kB
MemAvailable:    1541632 kB
Buffers:           20384 kB
Cached:           274704 kB
MemTotal:        1844596 kB
MemFree:         1375748 kB
MemAvailable:    1541968 kB
Buffers:           20384 kB
Cached:           274704 kB
MemTotal:        1844596 kB
MemFree:         1375280 kB
MemAvailable:    1541668 kB
Buffers:           20384 kB
Cached:           274828 kB
MemTotal:        1844596 kB
MemFree:         1375280 kB
MemAvailable:    1541668 kB
Buffers:           20384 kB
Cached:           274828 kB
MemTotal:        1844596 kB
MemFree:         1374956 kB
MemAvailable:    1541512 kB
Buffers:           20384 kB
Cached:           275076 kB
MemTotal:        1844596 kB
MemFree:         1375292 kB
MemAvailable:    1541848 kB
Buffers:           20384 kB
Cached:           275076 kB
MemTotal:        1844596 kB
MemFree:         1373724 kB
MemAvailable:    1540364 kB
Buffers:           20384 kB
Cached:           275076 kB
MemTotal:        1844596 kB
MemFree:         1374956 kB
MemAvailable:    1541680 kB
Buffers:           20384 kB
Cached:           275200 kB
MemTotal:        1844596 kB
MemFree:         1375040 kB
MemAvailable:    1541764 kB
Buffers:           20384 kB
Cached:           275200 kB
MemTotal:        1844596 kB
MemFree:         1374868 kB
MemAvailable:    1541592 kB
Buffers:           20384 kB
Cached:           275200 kB
MemTotal:        1844596 kB
MemFree:         1374804 kB
MemAvailable:    1541528 kB
Buffers:           20384 kB
Cached:           275200 kB
MemTotal:        1844596 kB
MemFree:         1374804 kB
MemAvailable:    1541528 kB
Buffers:           20384 kB
Cached:           275200 kB
MemTotal:        1844596 kB
MemFree:         1374868 kB
MemAvailable:    1541592 kB
Buffers:           20384 kB
Cached:           275200 kB
MemTotal:        1844596 kB
MemFree:         1374996 kB
MemAvailable:    1541720 kB
Buffers:           20384 kB
Cached:           275200 kB
MemTotal:        1844596 kB
MemFree:         1374236 kB
MemAvailable:    1540960 kB
Buffers:           20384 kB
Cached:           275200 kB
MemTotal:        1844596 kB
MemFree:         1374924 kB
MemAvailable:    1541060 kB
Buffers:           20384 kB
Cached:           274652 kB
MemTotal:        1844596 kB
MemFree:         1374856 kB
MemAvailable:    1540992 kB
Buffers:           20384 kB
Cached:           274652 kB
MemTotal:        1844596 kB
MemFree:         1442688 kB
MemAvailable:    1608824 kB
Buffers:           20384 kB
Cached:           274652 kB
