MemTotal:        1844596 kB
MemFree:         1457792 kB
MemAvailable:    1611956 kB
Buffers:           18660 kB
Cached:           262848 kB
MemTotal:        1844596 kB
MemFree:         1432572 kB
MemAvailable:    1586740 kB
Buffers:           18660 kB
Cached:           262852 kB
MemTotal:        1844596 kB
MemFree:         1428976 kB
MemAvailable:    1583144 kB
Buffers:           18660 kB
Cached:           262852 kB
MemTotal:        1844596 kB
MemFree:         1428232 kB
MemAvailable:    1582400 kB
Buffers:           18660 kB
Cached:           262852 kB
MemTotal:        1844596 kB
MemFree:         1428168 kB
MemAvailable:    1582336 kB
Buffers:           18660 kB
Cached:           262852 kB
MemTotal:        1844596 kB
MemFree:         1426680 kB
MemAvailable:    1580848 kB
Buffers:           18660 kB
Cached:           262852 kB
MemTotal:        1844596 kB
MemFree:         1425504 kB
MemAvailable:    1579672 kB
Buffers:           18660 kB
Cached:           262852 kB
MemTotal:        1844596 kB
MemFree:         1425612 kB
MemAvailable:    1579780 kB
Buffers:           18660 kB
Cached:           262852 kB
MemTotal:        1844596 kB
MemFree:         1425824 kB
MemAvailable:    1579992 kB
Buffers:           18660 kB
Cached:           262852 kB
MemTotal:        1844596 kB
MemFree:         1421908 kB
MemAvailable:    1576076 kB
Buffers:           18660 kB
Cached:           262852 kB
MemTotal:        1844596 kB
MemFree:         1419800 kB
MemAvailable:    1573968 kB
Buffers:           18660 kB
Cached:           262852 kB
MemTotal:        1844596 kB
MemFree:         1419376 kB
MemAvailable:    1573544 kB
Buffers:           18660 kB
Cached:           262852 kB
MemTotal:        1844596 kB
MemFree:         1415708 kB
MemAvailable:    1569876 kB
Buffers:           18660 kB
Cached:           262852 kB
MemTotal:        1844596 kB
MemFree:         1416744 kB
MemAvailable:    1570912 kB
Buffers:           18660 kB
Cached:           262852 kB
MemTotal:        1844596 kB
MemFree:         1416636 kB
MemAvailable:    1570804 kB
Buffers:           18660 kB
Cached:           262852 kB
MemTotal:        1844596 kB
MemFree:         1415336 kB
MemAvailable:    1569504 kB
Buffers:           18660 kB
Cached:           262852 kB
MemTotal:        1844596 kB
MemFree:         1416760 kB
MemAvailable:    1570928 kB
Buffers:           18660 kB
Cached:           262852 kB
MemTotal:        1844596 kB
MemFree:         1416388 kB
MemAvailable:    1570556 kB
Buffers:           18660 kB
Cached:           262852 kB
MemTotal:        1844596 kB
MemFree:         1416724 kB
MemAvailable:    1570892 kB
Buffers:           18660 kB
Cached:           262852 kB
MemTotal:        1844596 kB
MemFree:         1416008 kB
MemAvailable:    1570176 kB
Buffers:           18660 kB
Cached:           262852 kB
MemTotal:        1844596 kB
MemFree:         1415460 kB
MemAvailable:    1569628 kB
Buffers:           18660 kB
Cached:           262852 kB
MemTotal:        1844596 kB
MemFree:         1414652 kB
MemAvailable:    1568820 kB
Buffers:           18660 kB
Cached:           262852 kB
MemTotal:        1844596 kB
MemFree:         1414336 kB
MemAvailable:    1568504 kB
Buffers:           18660 kB
Cached:           262852 kB
MemTotal:        1844596 kB
MemFree:         1414404 kB
MemAvailable:    1568572 kB
Buffers:           18660 kB
Cached:           262852 kB
MemTotal:        1844596 kB
MemFree:         1413228 kB
MemAvailable:    1567396 kB
Buffers:           18660 kB
Cached:           262852 kB
MemTotal:        1844596 kB
MemFree:         1414088 kB
MemAvailable:    1568256 kB
Buffers:           18660 kB
Cached:           262852 kB
MemTotal:        1844596 kB
MemFree:         1414304 kB
MemAvailable:    1568472 kB
Buffers:           18660 kB
Cached:           262852 kB
MemTotal:        1844596 kB
MemFree:         1414228 kB
MemAvailable:    1568396 kB
Buffers:           18660 kB
Cached:           262852 kB
MemTotal:        1844596 kB
MemFree:         1414104 kB
MemAvailable:    1568272 kB
Buffers:           18660 kB
Cached:           262852 kB
MemTotal:        1844596 kB
MemFree:         1414296 kB
MemAvailable:    1568464 kB
Buffers:           18660 kB
Cached:           262852 kB
MemTotal:        1844596 kB
MemFree:         1414068 kB
MemAvailable:    1568236 kB
Buffers:           18660 kB
Cached:           262852 kB
MemTotal:        1844596 kB
MemFree:         1414320 kB
MemAvailable:    1568488 kB
Buffers:           18660 kB
Cached:           262852 kB
MemTotal:        1844596 kB
MemFree:         1415520 kB
MemAvailable:    1569688 kB
Buffers:           18660 kB
Cached:           262852 kB
MemTotal:        1844596 kB
MemFree:         1415644 kB
MemAvailable:    1569812 kB
Buffers:           18660 kB
Cached:           262852 kB
MemTotal:        1844596 kB
MemFree:         1413592 kB
MemAvailable:    1567760 kB
Buffers:           18660 kB
Cached:           262852 kB
MemTotal:        1844596 kB
MemFree:         1414528 kB
MemAvailable:    1568696 kB
Buffers:           18660 kB
Cached:           262852 kB
MemTotal:        1844596 kB
MemFree:         1411848 kB
MemAvailable:    1566016 kB
Buffers:           18660 kB
Cached:           262852 kB
MemTotal:        1844596 kB
MemFree:         1412184 kB
MemAvailable:    1566352 kB
Buffers:           18660 kB
Cached:           262852 kB
MemTotal:        1844596 kB
MemFree:         1410252 kB
MemAvailable:    1564420 kB
Buffers:           18660 kB
Cached:           262852 kB
MemTotal:        1844596 kB
MemFree:         1411056 kB
MemAvailable:    1565224 kB
Buffers:           18660 kB
Cached:           262852 kB
MemTotal:        1844596 kB
MemFree:         1409756 kB
MemAvailable:    1563924 kB
Buffers:           18660 kB
Cached:           262852 kB
MemTotal:        1844596 kB
MemFree:         1410428 kB
MemAvailable:    1564596 kB
Buffers:           18660 kB
Cached:           262852 kB
MemTotal:        1844596 kB
MemFree:         1409128 kB
MemAvailable:    1563296 kB
Buffers:           18660 kB
Cached:           262852 kB
MemTotal:        1844596 kB
MemFree:         1410304 kB
MemAvailable:    1564472 kB
Buffers:           18660 kB
Cached:           262852 kB
MemTotal:        1844596 kB
MemFree:         1410428 kB
MemAvailable:    1564596 kB
Buffers:           18660 kB
Cached:           262852 kB
MemTotal:        1844596 kB
MemFree:         1409128 kB
MemAvailable:    1563296 kB
Buffers:           18660 kB
Cached:           262852 kB
MemTotal:        1844596 kB
MemFree:         1409928 kB
MemAvailable:    1564096 kB
Buffers:           18660 kB
Cached:           262852 kB
MemTotal:        1844596 kB
MemFree:         1410096 kB
MemAvailable:    1564264 kB
Buffers:           18660 kB
Cached:           262852 kB
MemTotal:        1844596 kB
MemFree:         1409848 kB
MemAvailable:    1564016 kB
Buffers:           18660 kB
Cached:           262852 kB
MemTotal:        1844596 kB
MemFree:         1409784 kB
MemAvailable:    1563952 kB
Buffers:           18660 kB
Cached:           262852 kB
MemTotal:        1844596 kB
MemFree:         1408384 kB
MemAvailable:    1562552 kB
Buffers:           18660 kB
Cached:           262852 kB
MemTotal:        1844596 kB
MemFree:         1409120 kB
MemAvailable:    1563288 kB
Buffers:           18660 kB
Cached:           262852 kB
MemTotal:        1844596 kB
MemFree:         1409204 kB
MemAvailable:    1563372 kB
Buffers:           18660 kB
Cached:           262852 kB
MemTotal:        1844596 kB
MemFree:         1408956 kB
MemAvailable:    1563132 kB
Buffers:           18660 kB
Cached:           262856 kB
MemTotal:        1844596 kB
MemFree:         1409016 kB
MemAvailable:    1563192 kB
Buffers:           18660 kB
Cached:           262856 kB
MemTotal:        1844596 kB
MemFree:         1409188 kB
MemAvailable:    1563364 kB
Buffers:           18660 kB
Cached:           262856 kB
MemTotal:        1844596 kB
MemFree:         1408012 kB
MemAvailable:    1562188 kB
Buffers:           18660 kB
Cached:           262856 kB
MemTotal:        1844596 kB
MemFree:         1409064 kB
MemAvailable:    1563240 kB
Buffers:           18660 kB
Cached:           262856 kB
MemTotal:        1844596 kB
MemFree:         1409184 kB
MemAvailable:    1563360 kB
Buffers:           18660 kB
Cached:           262856 kB
MemTotal:        1844596 kB
MemFree:         1408812 kB
MemAvailable:    1562988 kB
Buffers:           18660 kB
Cached:           262856 kB
MemTotal:        1844596 kB
MemFree:         1409148 kB
MemAvailable:    1563324 kB
Buffers:           18660 kB
Cached:           262856 kB
MemTotal:        1844596 kB
MemFree:         1408988 kB
MemAvailable:    1563164 kB
Buffers:           18660 kB
Cached:           262856 kB
MemTotal:        1844596 kB
MemFree:         1408808 kB
MemAvailable:    1562984 kB
Buffers:           18660 kB
Cached:           262856 kB
MemTotal:        1844596 kB
MemFree:         1408612 kB
MemAvailable:    1562788 kB
Buffers:           18660 kB
Cached:           262856 kB
MemTotal:        1844596 kB
MemFree:         1408900 kB
MemAvailable:    1563076 kB
Buffers:           18660 kB
Cached:           262856 kB
MemTotal:        1844596 kB
MemFree:         1407772 kB
MemAvailable:    1561948 kB
Buffers:           18660 kB
Cached:           262856 kB
MemTotal:        1844596 kB
MemFree:         1408520 kB
MemAvailable:    1562696 kB
Buffers:           18660 kB
Cached:           262856 kB
MemTotal:        1844596 kB
MemFree:         1408356 kB
MemAvailable:    1562532 kB
Buffers:           18660 kB
Cached:           262856 kB
MemTotal:        1844596 kB
MemFree:         1408268 kB
MemAvailable:    1562444 kB
Buffers:           18660 kB
Cached:           262856 kB
MemTotal:        1844596 kB
MemFree:         1408264 kB
MemAvailable:    1562440 kB
Buffers:           18660 kB
Cached:           262856 kB
MemTotal:        1844596 kB
MemFree:         1407144 kB
MemAvailable:    1561320 kB
Buffers:           18660 kB
Cached:           262856 kB
MemTotal:        1844596 kB
MemFree:         1407944 kB
MemAvailable:    1562120 kB
Buffers:           18660 kB
Cached:           262856 kB
MemTotal:        1844596 kB
MemFree:         1408280 kB
MemAvailable:    1562456 kB
Buffers:           18660 kB
Cached:           262856 kB
MemTotal:        1844596 kB
MemFree:         1408180 kB
MemAvailable:    1562356 kB
Buffers:           18660 kB
Cached:           262856 kB
MemTotal:        1844596 kB
MemFree:         1407988 kB
MemAvailable:    1562164 kB
Buffers:           18660 kB
Cached:           262856 kB
MemTotal:        1844596 kB
MemFree:         1406824 kB
MemAvailable:    1561000 kB
Buffers:           18660 kB
Cached:           262856 kB
MemTotal:        1844596 kB
MemFree:         1407284 kB
MemAvailable:    1561460 kB
Buffers:           18660 kB
Cached:           262856 kB
MemTotal:        1844596 kB
MemFree:         1408204 kB
MemAvailable:    1562380 kB
Buffers:           18660 kB
Cached:           262856 kB
MemTotal:        1844596 kB
MemFree:         1406856 kB
MemAvailable:    1561032 kB
Buffers:           18660 kB
Cached:           262856 kB
MemTotal:        1844596 kB
MemFree:         1408088 kB
MemAvailable:    1562264 kB
Buffers:           18660 kB
Cached:           262856 kB
MemTotal:        1844596 kB
MemFree:         1406724 kB
MemAvailable:    1560900 kB
Buffers:           18660 kB
Cached:           262856 kB
MemTotal:        1844596 kB
MemFree:         1406656 kB
MemAvailable:    1560832 kB
Buffers:           18660 kB
Cached:           262856 kB
MemTotal:        1844596 kB
MemFree:         1405664 kB
MemAvailable:    1559840 kB
Buffers:           18660 kB
Cached:           262856 kB
MemTotal:        1844596 kB
MemFree:         1403244 kB
MemAvailable:    1557420 kB
Buffers:           18660 kB
Cached:           262856 kB
MemTotal:        1844596 kB
MemFree:         1400764 kB
MemAvailable:    1554940 kB
Buffers:           18660 kB
Cached:           262856 kB
MemTotal:        1844596 kB
MemFree:         1400640 kB
MemAvailable:    1554816 kB
Buffers:           18660 kB
Cached:           262856 kB
MemTotal:        1844596 kB
MemFree:         1399472 kB
MemAvailable:    1553648 kB
Buffers:           18660 kB
Cached:           262856 kB
MemTotal:        1844596 kB
MemFree:         1400344 kB
MemAvailable:    1554520 kB
Buffers:           18660 kB
Cached:           262856 kB
MemTotal:        1844596 kB
MemFree:         1400312 kB
MemAvailable:    1554488 kB
Buffers:           18660 kB
Cached:           262856 kB
MemTotal:        1844596 kB
MemFree:         1400016 kB
MemAvailable:    1554192 kB
Buffers:           18660 kB
Cached:           262856 kB
MemTotal:        1844596 kB
MemFree:         1400272 kB
MemAvailable:    1554448 kB
Buffers:           18660 kB
Cached:           262856 kB
MemTotal:        1844596 kB
MemFree:         1399920 kB
MemAvailable:    1554096 kB
Buffers:           18660 kB
Cached:           262856 kB
MemTotal:        1844596 kB
MemFree:         1400088 kB
MemAvailable:    1554264 kB
Buffers:           18660 kB
Cached:           262856 kB
MemTotal:        1844596 kB
MemFree:         1400068 kB
MemAvailable:    1554244 kB
Buffers:           18660 kB
Cached:           262856 kB
MemTotal:        1844596 kB
MemFree:         1400044 kB
MemAvailable:    1554220 kB
Buffers:           18660 kB
Cached:           262856 kB
MemTotal:        1844596 kB
MemFree:         1399292 kB
MemAvailable:    1553468 kB
Buffers:           18660 kB
Cached:           262856 kB
MemTotal:        1844596 kB
MemFree:         1400120 kB
MemAvailable:    1554296 kB
Buffers:           18660 kB
Cached:           262856 kB
MemTotal:        1844596 kB
MemFree:         1400144 kB
MemAvailable:    1554320 kB
Buffers:           18660 kB
Cached:           262856 kB
MemTotal:        1844596 kB
MemFree:         1398796 kB
MemAvailable:    1552972 kB
Buffers:           18660 kB
Cached:           262856 kB
MemTotal:        1844596 kB
MemFree:         1400224 kB
MemAvailable:    1554400 kB
Buffers:           18660 kB
Cached:           262856 kB
MemTotal:        1844596 kB
MemFree:         1400096 kB
MemAvailable:    1554272 kB
Buffers:           18660 kB
Cached:           262856 kB
MemTotal:        1844596 kB
MemFree:         1399572 kB
MemAvailable:    1553748 kB
Buffers:           18660 kB
Cached:           262856 kB
MemTotal:        1844596 kB
MemFree:         1399464 kB
MemAvailable:    1553640 kB
Buffers:           18660 kB
Cached:           262856 kB
MemTotal:        1844596 kB
MemFree:         1398208 kB
MemAvailable:    1552384 kB
Buffers:           18660 kB
Cached:           262856 kB
MemTotal:        1844596 kB
MemFree:         1399152 kB
MemAvailable:    1553328 kB
Buffers:           18660 kB
Cached:           262856 kB
MemTotal:        1844596 kB
MemFree:         1398720 kB
MemAvailable:    1552896 kB
Buffers:           18660 kB
Cached:           262856 kB
MemTotal:        1844596 kB
MemFree:         1397348 kB
MemAvailable:    1551524 kB
Buffers:           18660 kB
Cached:           262856 kB
MemTotal:        1844596 kB
MemFree:         1397348 kB
MemAvailable:    1551524 kB
Buffers:           18660 kB
Cached:           262856 kB
MemTotal:        1844596 kB
MemFree:         1398160 kB
MemAvailable:    1552336 kB
Buffers:           18660 kB
Cached:           262856 kB
MemTotal:        1844596 kB
MemFree:         1397356 kB
MemAvailable:    1551532 kB
Buffers:           18660 kB
Cached:           262856 kB
MemTotal:        1844596 kB
MemFree:         1397184 kB
MemAvailable:    1551360 kB
Buffers:           18660 kB
Cached:           262856 kB
MemTotal:        1844596 kB
MemFree:         1396116 kB
MemAvailable:    1550292 kB
Buffers:           18660 kB
Cached:           262856 kB
MemTotal:        1844596 kB
MemFree:         1396860 kB
MemAvailable:    1551036 kB
Buffers:           18660 kB
Cached:           262856 kB
MemTotal:        1844596 kB
MemFree:         1396664 kB
MemAvailable:    1550840 kB
Buffers:           18660 kB
Cached:           262856 kB
MemTotal:        1844596 kB
MemFree:         1396592 kB
MemAvailable:    1550768 kB
Buffers:           18660 kB
Cached:           262856 kB
MemTotal:        1844596 kB
MemFree:         1396676 kB
MemAvailable:    1550852 kB
Buffers:           18660 kB
Cached:           262856 kB
MemTotal:        1844596 kB
MemFree:         1396408 kB
MemAvailable:    1550584 kB
Buffers:           18660 kB
Cached:           262856 kB
MemTotal:        1844596 kB
MemFree:         1395372 kB
MemAvailable:    1549548 kB
Buffers:           18660 kB
Cached:           262856 kB
MemTotal:        1844596 kB
MemFree:         1396352 kB
MemAvailable:    1550528 kB
Buffers:           18660 kB
Cached:           262856 kB
MemTotal:        1844596 kB
MemFree:         1394980 kB
MemAvailable:    1549156 kB
Buffers:           18660 kB
Cached:           262856 kB
MemTotal:        1844596 kB
MemFree:         1396344 kB
MemAvailable:    1550520 kB
Buffers:           18660 kB
Cached:           262856 kB
MemTotal:        1844596 kB
MemFree:         1395100 kB
MemAvailable:    1549276 kB
Buffers:           18660 kB
Cached:           262856 kB
MemTotal:        1844596 kB
MemFree:         1395496 kB
MemAvailable:    1549672 kB
Buffers:           18660 kB
Cached:           262856 kB
MemTotal:        1844596 kB
MemFree:         1395620 kB
MemAvailable:    1549800 kB
Buffers:           18660 kB
Cached:           262860 kB
MemTotal:        1844596 kB
MemFree:         1396472 kB
MemAvailable:    1550652 kB
Buffers:           18660 kB
Cached:           262860 kB
MemTotal:        1844596 kB
MemFree:         1396556 kB
MemAvailable:    1550736 kB
Buffers:           18660 kB
Cached:           262860 kB
MemTotal:        1844596 kB
MemFree:         1395920 kB
MemAvailable:    1550100 kB
Buffers:           18660 kB
Cached:           262860 kB
MemTotal:        1844596 kB
MemFree:         1395860 kB
MemAvailable:    1550040 kB
Buffers:           18660 kB
Cached:           262860 kB
MemTotal:        1844596 kB
MemFree:         1394752 kB
MemAvailable:    1548932 kB
Buffers:           18660 kB
Cached:           262860 kB
MemTotal:        1844596 kB
MemFree:         1392768 kB
MemAvailable:    1546956 kB
Buffers:           18660 kB
Cached:           262868 kB
MemTotal:        1844596 kB
MemFree:         1388180 kB
MemAvailable:    1542368 kB
Buffers:           18660 kB
Cached:           262868 kB
MemTotal:        1844596 kB
MemFree:         1388544 kB
MemAvailable:    1542732 kB
Buffers:           18660 kB
Cached:           262868 kB
MemTotal:        1844596 kB
MemFree:         1388552 kB
MemAvailable:    1542740 kB
Buffers:           18660 kB
Cached:           262868 kB
MemTotal:        1844596 kB
MemFree:         1388612 kB
MemAvailable:    1542800 kB
Buffers:           18660 kB
Cached:           262868 kB
MemTotal:        1844596 kB
MemFree:         1388288 kB
MemAvailable:    1542476 kB
Buffers:           18660 kB
Cached:           262868 kB
MemTotal:        1844596 kB
MemFree:         1388544 kB
MemAvailable:    1542732 kB
Buffers:           18660 kB
Cached:           262868 kB
MemTotal:        1844596 kB
MemFree:         1388300 kB
MemAvailable:    1542488 kB
Buffers:           18660 kB
Cached:           262868 kB
MemTotal:        1844596 kB
MemFree:         1389040 kB
MemAvailable:    1543228 kB
Buffers:           18660 kB
Cached:           262868 kB
MemTotal:        1844596 kB
MemFree:         1390364 kB
MemAvailable:    1544552 kB
Buffers:           18660 kB
Cached:           262868 kB
MemTotal:        1844596 kB
MemFree:         1388868 kB
MemAvailable:    1543056 kB
Buffers:           18660 kB
Cached:           262868 kB
MemTotal:        1844596 kB
MemFree:         1388744 kB
MemAvailable:    1543100 kB
Buffers:           18660 kB
Cached:           262992 kB
MemTotal:        1844596 kB
MemFree:         1388868 kB
MemAvailable:    1543308 kB
Buffers:           18660 kB
Cached:           263116 kB
MemTotal:        1844596 kB
MemFree:         1390176 kB
MemAvailable:    1544700 kB
Buffers:           18660 kB
Cached:           263240 kB
MemTotal:        1844596 kB
MemFree:         1389976 kB
MemAvailable:    1544668 kB
Buffers:           18660 kB
Cached:           263364 kB
MemTotal:        1844596 kB
MemFree:         1389844 kB
MemAvailable:    1544620 kB
Buffers:           18660 kB
Cached:           263488 kB
MemTotal:        1844596 kB
MemFree:         1389776 kB
MemAvailable:    1544552 kB
Buffers:           18660 kB
Cached:           263488 kB
MemTotal:        1844596 kB
MemFree:         1388800 kB
MemAvailable:    1543576 kB
Buffers:           18660 kB
Cached:           263488 kB
MemTotal:        1844596 kB
MemFree:         1389660 kB
MemAvailable:    1544520 kB
Buffers:           18660 kB
Cached:           263488 kB
MemTotal:        1844596 kB
MemFree:         1389916 kB
MemAvailable:    1544776 kB
Buffers:           18660 kB
Cached:           263488 kB
MemTotal:        1844596 kB
MemFree:         1389588 kB
MemAvailable:    1544448 kB
Buffers:           18660 kB
Cached:           263488 kB
MemTotal:        1844596 kB
MemFree:         1388924 kB
MemAvailable:    1543784 kB
Buffers:           18660 kB
Cached:           263488 kB
MemTotal:        1844596 kB
MemFree:         1389532 kB
MemAvailable:    1544392 kB
Buffers:           18660 kB
Cached:           263488 kB
MemTotal:        1844596 kB
MemFree:         1389544 kB
MemAvailable:    1544404 kB
Buffers:           18660 kB
Cached:           263488 kB
MemTotal:        1844596 kB
MemFree:         1389604 kB
MemAvailable:    1544464 kB
Buffers:           18660 kB
Cached:           263488 kB
MemTotal:        1844596 kB
MemFree:         1389828 kB
MemAvailable:    1544100 kB
Buffers:           18660 kB
Cached:           262856 kB
MemTotal:        1844596 kB
MemFree:         1417516 kB
MemAvailable:    1571956 kB
Buffers:           18660 kB
Cached:           262856 kB
