MemTotal:        1844596 kB
MemFree:         1460384 kB
MemAvailable:    1611792 kB
Buffers:           18248 kB
Cached:           260684 kB
MemTotal:        1844596 kB
MemFree:         1434876 kB
MemAvailable:    1586288 kB
Buffers:           18248 kB
Cached:           260688 kB
MemTotal:        1844596 kB
MemFree:         1433248 kB
MemAvailable:    1584660 kB
Buffers:           18248 kB
Cached:           260688 kB
MemTotal:        1844596 kB
MemFree:         1431848 kB
MemAvailable:    1583260 kB
Buffers:           18248 kB
Cached:           260688 kB
MemTotal:        1844596 kB
MemFree:         1430832 kB
MemAvailable:    1582244 kB
Buffers:           18248 kB
Cached:           260688 kB
MemTotal:        1844596 kB
MemFree:         1431084 kB
MemAvailable:    1582496 kB
Buffers:           18248 kB
Cached:           260688 kB
MemTotal:        1844596 kB
MemFree:         1429544 kB
MemAvailable:    1580956 kB
Buffers:           18248 kB
Cached:           260688 kB
MemTotal:        1844596 kB
MemFree:         1428244 kB
MemAvailable:    1579656 kB
Buffers:           18248 kB
Cached:           260688 kB
MemTotal:        1844596 kB
MemFree:         1429484 kB
MemAvailable:    1580896 kB
Buffers:           18248 kB
Cached:           260688 kB
MemTotal:        1844596 kB
MemFree:         1427360 kB
MemAvailable:    1578772 kB
Buffers:           18248 kB
Cached:           260688 kB
MemTotal:        1844596 kB
MemFree:         1427128 kB
MemAvailable:    1578540 kB
Buffers:           18248 kB
Cached:           260688 kB
MemTotal:        1844596 kB
MemFree:         1424772 kB
MemAvailable:    1576184 kB
Buffers:           18248 kB
Cached:           260688 kB
MemTotal:        1844596 kB
MemFree:         1422292 kB
MemAvailable:    1573704 kB
Buffers:           18248 kB
Cached:           260688 kB
MemTotal:        1844596 kB
MemFree:         1418432 kB
MemAvailable:    1569844 kB
Buffers:           18248 kB
Cached:           260688 kB
MemTotal:        1844596 kB
MemFree:         1418432 kB
MemAvailable:    1569844 kB
Buffers:           18248 kB
Cached:           260688 kB
MemTotal:        1844596 kB
MemFree:         1419476 kB
MemAvailable:    1570888 kB
Buffers:           18248 kB
Cached:           260688 kB
MemTotal:        1844596 kB
MemFree:         1419732 kB
MemAvailable:    1571144 kB
Buffers:           18248 kB
Cached:           260688 kB
MemTotal:        1844596 kB
MemFree:         1418276 kB
MemAvailable:    1569688 kB
Buffers:           18248 kB
Cached:           260688 kB
MemTotal:        1844596 kB
MemFree:         1418944 kB
MemAvailable:    1570356 kB
Buffers:           18248 kB
Cached:           260688 kB
MemTotal:        1844596 kB
MemFree:         1419872 kB
MemAvailable:    1571284 kB
Buffers:           18248 kB
Cached:           260688 kB
MemTotal:        1844596 kB
MemFree:         1419540 kB
MemAvailable:    1570952 kB
Buffers:           18248 kB
Cached:           260688 kB
MemTotal:        1844596 kB
MemFree:         1419792 kB
MemAvailable:    1571204 kB
Buffers:           18248 kB
Cached:           260688 kB
MemTotal:        1844596 kB
MemFree:         1418252 kB
MemAvailable:    1569664 kB
Buffers:           18248 kB
Cached:           260688 kB
MemTotal:        1844596 kB
MemFree:         1417704 kB
MemAvailable:    1569116 kB
Buffers:           18248 kB
Cached:           260688 kB
MemTotal:        1844596 kB
MemFree:         1416712 kB
MemAvailable:    1568124 kB
Buffers:           18248 kB
Cached:           260688 kB
MemTotal:        1844596 kB
MemFree:         1416036 kB
MemAvailable:    1567448 kB
Buffers:           18248 kB
Cached:           260688 kB
MemTotal:        1844596 kB
MemFree:         1415948 kB
MemAvailable:    1567360 kB
Buffers:           18248 kB
Cached:           260688 kB
MemTotal:        1844596 kB
MemFree:         1417124 kB
MemAvailable:    1568536 kB
Buffers:           18248 kB
Cached:           260688 kB
MemTotal:        1844596 kB
MemFree:         1417248 kB
MemAvailable:    1568660 kB
Buffers:           18248 kB
Cached:           260688 kB
MemTotal:        1844596 kB
MemFree:         1417140 kB
MemAvailable:    1568552 kB
Buffers:           18248 kB
Cached:           260688 kB
MemTotal:        1844596 kB
MemFree:         1416216 kB
MemAvailable:    1567628 kB
Buffers:           18248 kB
Cached:           260688 kB
MemTotal:        1844596 kB
MemFree:         1417208 kB
MemAvailable:    1568620 kB
Buffers:           18248 kB
Cached:           260688 kB
MemTotal:        1844596 kB
MemFree:         1417252 kB
MemAvailable:    1568664 kB
Buffers:           18248 kB
Cached:           260688 kB
MemTotal:        1844596 kB
MemFree:         1416880 kB
MemAvailable:    1568292 kB
Buffers:           18248 kB
Cached:           260688 kB
MemTotal:        1844596 kB
MemFree:         1417028 kB
MemAvailable:    1568440 kB
Buffers:           18248 kB
Cached:           260688 kB
MemTotal:        1844596 kB
MemFree:         1418316 kB
MemAvailable:    1569728 kB
Buffers:           18248 kB
Cached:           260688 kB
MemTotal:        1844596 kB
MemFree:         1418316 kB
MemAvailable:    1569728 kB
Buffers:           18248 kB
Cached:           260688 kB
MemTotal:        1844596 kB
MemFree:         1416200 kB
MemAvailable:    1567488 kB
Buffers:           18248 kB
Cached:           260688 kB
MemTotal:        1844596 kB
MemFree:         1416160 kB
MemAvailable:    1567572 kB
Buffers:           18248 kB
Cached:           260688 kB
MemTotal:        1844596 kB
MemFree:         1414720 kB
MemAvailable:    1566132 kB
Buffers:           18248 kB
Cached:           260688 kB
MemTotal:        1844596 kB
MemFree:         1414720 kB
MemAvailable:    1566132 kB
Buffers:           18248 kB
Cached:           260688 kB
MemTotal:        1844596 kB
MemFree:         1414100 kB
MemAvailable:    1565516 kB
Buffers:           18248 kB
Cached:           260692 kB
MemTotal:        1844596 kB
MemFree:         1414100 kB
MemAvailable:    1565516 kB
Buffers:           18248 kB
Cached:           260692 kB
MemTotal:        1844596 kB
MemFree:         1413100 kB
MemAvailable:    1564516 kB
Buffers:           18248 kB
Cached:           260692 kB
MemTotal:        1844596 kB
MemFree:         1413184 kB
MemAvailable:    1564600 kB
Buffers:           18248 kB
Cached:           260692 kB
MemTotal:        1844596 kB
MemFree:         1412796 kB
MemAvailable:    1564212 kB
Buffers:           18248 kB
Cached:           260692 kB
MemTotal:        1844596 kB
MemFree:         1413048 kB
MemAvailable:    1564464 kB
Buffers:           18248 kB
Cached:           260692 kB
MemTotal:        1844596 kB
MemFree:         1412840 kB
MemAvailable:    1564256 kB
Buffers:           18248 kB
Cached:           260692 kB
MemTotal:        1844596 kB
MemFree:         1412924 kB
MemAvailable:    1564340 kB
Buffers:           18248 kB
Cached:           260692 kB
MemTotal:        1844596 kB
MemFree:         1413108 kB
MemAvailable:    1564524 kB
Buffers:           18248 kB
Cached:           260692 kB
MemTotal:        1844596 kB
MemFree:         1411868 kB
MemAvailable:    1563284 kB
Buffers:           18248 kB
Cached:           260692 kB
MemTotal:        1844596 kB
MemFree:         1412728 kB
MemAvailable:    1564144 kB
Buffers:           18248 kB
Cached:           260692 kB
MemTotal:        1844596 kB
MemFree:         1412728 kB
MemAvailable:    1564144 kB
Buffers:           18248 kB
Cached:           260692 kB
MemTotal:        1844596 kB
MemFree:         1412108 kB
MemAvailable:    1563524 kB
Buffers:           18248 kB
Cached:           260692 kB
MemTotal:        1844596 kB
MemFree:         1412192 kB
MemAvailable:    1563608 kB
Buffers:           18248 kB
Cached:           260692 kB
MemTotal:        1844596 kB
MemFree:         1410704 kB
MemAvailable:    1562120 kB
Buffers:           18248 kB
Cached:           260692 kB
MemTotal:        1844596 kB
MemFree:         1411972 kB
MemAvailable:    1563388 kB
Buffers:           18248 kB
Cached:           260692 kB
MemTotal:        1844596 kB
MemFree:         1411972 kB
MemAvailable:    1563388 kB
Buffers:           18248 kB
Cached:           260692 kB
MemTotal:        1844596 kB
MemFree:         1411976 kB
MemAvailable:    1563392 kB
Buffers:           18248 kB
Cached:           260692 kB
MemTotal:        1844596 kB
MemFree:         1412096 kB
MemAvailable:    1563512 kB
Buffers:           18248 kB
Cached:           260692 kB
MemTotal:        1844596 kB
MemFree:         1411000 kB
MemAvailable:    1562416 kB
Buffers:           18248 kB
Cached:           260692 kB
MemTotal:        1844596 kB
MemFree:         1411256 kB
MemAvailable:    1562676 kB
Buffers:           18248 kB
Cached:           260696 kB
MemTotal:        1844596 kB
MemFree:         1411984 kB
MemAvailable:    1563404 kB
Buffers:           18248 kB
Cached:           260696 kB
MemTotal:        1844596 kB
MemFree:         1412068 kB
MemAvailable:    1563488 kB
Buffers:           18248 kB
Cached:           260696 kB
MemTotal:        1844596 kB
MemFree:         1411940 kB
MemAvailable:    1563360 kB
Buffers:           18248 kB
Cached:           260696 kB
MemTotal:        1844596 kB
MemFree:         1411940 kB
MemAvailable:    1563360 kB
Buffers:           18248 kB
Cached:           260696 kB
MemTotal:        1844596 kB
MemFree:         1411868 kB
MemAvailable:    1563288 kB
Buffers:           18248 kB
Cached:           260696 kB
MemTotal:        1844596 kB
MemFree:         1411672 kB
MemAvailable:    1563092 kB
Buffers:           18248 kB
Cached:           260696 kB
MemTotal:        1844596 kB
MemFree:         1411008 kB
MemAvailable:    1562428 kB
Buffers:           18248 kB
Cached:           260696 kB
MemTotal:        1844596 kB
MemFree:         1411316 kB
MemAvailable:    1562736 kB
Buffers:           18248 kB
Cached:           260696 kB
MemTotal:        1844596 kB
MemFree:         1410084 kB
MemAvailable:    1561504 kB
Buffers:           18248 kB
Cached:           260696 kB
MemTotal:        1844596 kB
MemFree:         1411308 kB
MemAvailable:    1562728 kB
Buffers:           18248 kB
Cached:           260696 kB
MemTotal:        1844596 kB
MemFree:         1411392 kB
MemAvailable:    1562812 kB
Buffers:           18248 kB
Cached:           260696 kB
MemTotal:        1844596 kB
MemFree:         1410928 kB
MemAvailable:    1562348 kB
Buffers:           18248 kB
Cached:           260696 kB
MemTotal:        1844596 kB
MemFree:         1410928 kB
MemAvailable:    1562348 kB
Buffers:           18248 kB
Cached:           260696 kB
MemTotal:        1844596 kB
MemFree:         1411020 kB
MemAvailable:    1562440 kB
Buffers:           18248 kB
Cached:           260696 kB
MemTotal:        1844596 kB
MemFree:         1409840 kB
MemAvailable:    1561260 kB
Buffers:           18248 kB
Cached:           260696 kB
MemTotal:        1844596 kB
MemFree:         1411072 kB
MemAvailable:    1562492 kB
Buffers:           18248 kB
Cached:           260696 kB
MemTotal:        1844596 kB
MemFree:         1410744 kB
MemAvailable:    1562164 kB
Buffers:           18248 kB
Cached:           260696 kB
MemTotal:        1844596 kB
MemFree:         1411080 kB
MemAvailable:    1562500 kB
Buffers:           18248 kB
Cached:           260696 kB
MemTotal:        1844596 kB
MemFree:         1410868 kB
MemAvailable:    1562288 kB
Buffers:           18248 kB
Cached:           260696 kB
MemTotal:        1844596 kB
MemFree:         1410868 kB
MemAvailable:    1562288 kB
Buffers:           18248 kB
Cached:           260696 kB
MemTotal:        1844596 kB
MemFree:         1409884 kB
MemAvailable:    1561304 kB
Buffers:           18248 kB
Cached:           260696 kB
MemTotal:        1844596 kB
MemFree:         1409652 kB
MemAvailable:    1561072 kB
Buffers:           18248 kB
Cached:           260696 kB
MemTotal:        1844596 kB
MemFree:         1406536 kB
MemAvailable:    1557956 kB
Buffers:           18248 kB
Cached:           260696 kB
MemTotal:        1844596 kB
MemFree:         1406668 kB
MemAvailable:    1558088 kB
Buffers:           18248 kB
Cached:           260696 kB
MemTotal:        1844596 kB
MemFree:         1403976 kB
MemAvailable:    1555396 kB
Buffers:           18248 kB
Cached:           260696 kB
MemTotal:        1844596 kB
MemFree:         1402584 kB
MemAvailable:    1554004 kB
Buffers:           18248 kB
Cached:           260696 kB
MemTotal:        1844596 kB
MemFree:         1403372 kB
MemAvailable:    1554792 kB
Buffers:           18248 kB
Cached:           260696 kB
MemTotal:        1844596 kB
MemFree:         1403256 kB
MemAvailable:    1554676 kB
Buffers:           18248 kB
Cached:           260696 kB
MemTotal:        1844596 kB
MemFree:         1403176 kB
MemAvailable:    1554596 kB
Buffers:           18248 kB
Cached:           260696 kB
MemTotal:        1844596 kB
MemFree:         1403064 kB
MemAvailable:    1554484 kB
Buffers:           18248 kB
Cached:           260696 kB
MemTotal:        1844596 kB
MemFree:         1403064 kB
MemAvailable:    1554484 kB
Buffers:           18248 kB
Cached:           260696 kB
MemTotal:        1844596 kB
MemFree:         1402992 kB
MemAvailable:    1554412 kB
Buffers:           18248 kB
Cached:           260696 kB
MemTotal:        1844596 kB
MemFree:         1402992 kB
MemAvailable:    1554412 kB
Buffers:           18248 kB
Cached:           260696 kB
MemTotal:        1844596 kB
MemFree:         1403084 kB
MemAvailable:    1554504 kB
Buffers:           18248 kB
Cached:           260696 kB
MemTotal:        1844596 kB
MemFree:         1403144 kB
MemAvailable:    1554564 kB
Buffers:           18248 kB
Cached:           260696 kB
MemTotal:        1844596 kB
MemFree:         1402204 kB
MemAvailable:    1553624 kB
Buffers:           18248 kB
Cached:           260696 kB
MemTotal:        1844596 kB
MemFree:         1403120 kB
MemAvailable:    1554540 kB
Buffers:           18248 kB
Cached:           260696 kB
MemTotal:        1844596 kB
MemFree:         1403072 kB
MemAvailable:    1554492 kB
Buffers:           18248 kB
Cached:           260696 kB
MemTotal:        1844596 kB
MemFree:         1401784 kB
MemAvailable:    1553204 kB
Buffers:           18248 kB
Cached:           260696 kB
MemTotal:        1844596 kB
MemFree:         1402892 kB
MemAvailable:    1554312 kB
Buffers:           18248 kB
Cached:           260696 kB
MemTotal:        1844596 kB
MemFree:         1403148 kB
MemAvailable:    1554568 kB
Buffers:           18248 kB
Cached:           260696 kB
MemTotal:        1844596 kB
MemFree:         1402684 kB
MemAvailable:    1554104 kB
Buffers:           18248 kB
Cached:           260696 kB
MemTotal:        1844596 kB
MemFree:         1402768 kB
MemAvailable:    1554188 kB
Buffers:           18248 kB
Cached:           260696 kB
MemTotal:        1844596 kB
MemFree:         1402496 kB
MemAvailable:    1553916 kB
Buffers:           18248 kB
Cached:           260696 kB
MemTotal:        1844596 kB
MemFree:         1402080 kB
MemAvailable:    1553500 kB
Buffers:           18248 kB
Cached:           260696 kB
MemTotal:        1844596 kB
MemFree:         1400716 kB
MemAvailable:    1552136 kB
Buffers:           18248 kB
Cached:           260696 kB
MemTotal:        1844596 kB
MemFree:         1401712 kB
MemAvailable:    1553132 kB
Buffers:           18248 kB
Cached:           260696 kB
MemTotal:        1844596 kB
MemFree:         1400280 kB
MemAvailable:    1551700 kB
Buffers:           18248 kB
Cached:           260696 kB
MemTotal:        1844596 kB
MemFree:         1401588 kB
MemAvailable:    1553008 kB
Buffers:           18248 kB
Cached:           260696 kB
MemTotal:        1844596 kB
MemFree:         1401324 kB
MemAvailable:    1552744 kB
Buffers:           18248 kB
Cached:           260696 kB
MemTotal:        1844596 kB
MemFree:         1399972 kB
MemAvailable:    1551392 kB
Buffers:           18248 kB
Cached:           260696 kB
MemTotal:        1844596 kB
MemFree:         1400592 kB
MemAvailable:    1552012 kB
Buffers:           18248 kB
Cached:           260696 kB
MemTotal:        1844596 kB
MemFree:         1399344 kB
MemAvailable:    1550764 kB
Buffers:           18248 kB
Cached:           260696 kB
MemTotal:        1844596 kB
MemFree:         1400200 kB
MemAvailable:    1551620 kB
Buffers:           18248 kB
Cached:           260696 kB
MemTotal:        1844596 kB
MemFree:         1399784 kB
MemAvailable:    1551204 kB
Buffers:           18248 kB
Cached:           260696 kB
MemTotal:        1844596 kB
MemFree:         1399652 kB
MemAvailable:    1551072 kB
Buffers:           18248 kB
Cached:           260696 kB
MemTotal:        1844596 kB
MemFree:         1399544 kB
MemAvailable:    1550964 kB
Buffers:           18248 kB
Cached:           260696 kB
MemTotal:        1844596 kB
MemFree:         1398236 kB
MemAvailable:    1549656 kB
Buffers:           18248 kB
Cached:           260696 kB
MemTotal:        1844596 kB
MemFree:         1399348 kB
MemAvailable:    1550768 kB
Buffers:           18248 kB
Cached:           260696 kB
MemTotal:        1844596 kB
MemFree:         1398048 kB
MemAvailable:    1549468 kB
Buffers:           18248 kB
Cached:           260696 kB
MemTotal:        1844596 kB
MemFree:         1398112 kB
MemAvailable:    1549532 kB
Buffers:           18248 kB
Cached:           260696 kB
MemTotal:        1844596 kB
MemFree:         1398952 kB
MemAvailable:    1550372 kB
Buffers:           18248 kB
Cached:           260696 kB
MemTotal:        1844596 kB
MemFree:         1399288 kB
MemAvailable:    1550708 kB
Buffers:           18248 kB
Cached:           260696 kB
MemTotal:        1844596 kB
MemFree:         1399104 kB
MemAvailable:    1550532 kB
Buffers:           18248 kB
Cached:           260704 kB
MemTotal:        1844596 kB
MemFree:         1399288 kB
MemAvailable:    1550716 kB
Buffers:           18248 kB
Cached:           260704 kB
MemTotal:        1844596 kB
MemFree:         1398476 kB
MemAvailable:    1549904 kB
Buffers:           18248 kB
Cached:           260704 kB
MemTotal:        1844596 kB
MemFree:         1399040 kB
MemAvailable:    1550468 kB
Buffers:           18248 kB
Cached:           260704 kB
MemTotal:        1844596 kB
MemFree:         1398916 kB
MemAvailable:    1550344 kB
Buffers:           18248 kB
Cached:           260704 kB
MemTotal:        1844596 kB
MemFree:         1398856 kB
MemAvailable:    1550284 kB
Buffers:           18248 kB
Cached:           260704 kB
MemTotal:        1844596 kB
MemFree:         1397988 kB
MemAvailable:    1549416 kB
Buffers:           18248 kB
Cached:           260704 kB
MemTotal:        1844596 kB
MemFree:         1393516 kB
MemAvailable:    1544944 kB
Buffers:           18248 kB
Cached:           260704 kB
MemTotal:        1844596 kB
MemFree:         1393516 kB
MemAvailable:    1544944 kB
Buffers:           18248 kB
Cached:           260704 kB
MemTotal:        1844596 kB
MemFree:         1390176 kB
MemAvailable:    1541604 kB
Buffers:           18248 kB
Cached:           260704 kB
MemTotal:        1844596 kB
MemFree:         1390292 kB
MemAvailable:    1541720 kB
Buffers:           18248 kB
Cached:           260704 kB
MemTotal:        1844596 kB
MemFree:         1390036 kB
MemAvailable:    1541464 kB
Buffers:           18248 kB
Cached:           260704 kB
MemTotal:        1844596 kB
MemFree:         1391336 kB
MemAvailable:    1542764 kB
Buffers:           18248 kB
Cached:           260704 kB
MemTotal:        1844596 kB
MemFree:         1391400 kB
MemAvailable:    1542828 kB
Buffers:           18248 kB
Cached:           260704 kB
MemTotal:        1844596 kB
MemFree:         1390300 kB
MemAvailable:    1541728 kB
Buffers:           18248 kB
Cached:           260704 kB
MemTotal:        1844596 kB
MemFree:         1393380 kB
MemAvailable:    1544808 kB
Buffers:           18248 kB
Cached:           260704 kB
MemTotal:        1844596 kB
MemFree:         1393096 kB
MemAvailable:    1544524 kB
Buffers:           18248 kB
Cached:           260704 kB
MemTotal:        1844596 kB
MemFree:         1393348 kB
MemAvailable:    1544776 kB
Buffers:           18248 kB
Cached:           260704 kB
MemTotal:        1844596 kB
MemFree:         1392964 kB
MemAvailable:    1544560 kB
Buffers:           18248 kB
Cached:           260952 kB
MemTotal:        1844596 kB
MemFree:         1392964 kB
MemAvailable:    1544560 kB
Buffers:           18248 kB
Cached:           260952 kB
MemTotal:        1844596 kB
MemFree:         1392756 kB
MemAvailable:    1544520 kB
Buffers:           18248 kB
Cached:           261200 kB
MemTotal:        1844596 kB
MemFree:         1392840 kB
MemAvailable:    1544604 kB
Buffers:           18248 kB
Cached:           261200 kB
MemTotal:        1844596 kB
MemFree:         1392692 kB
MemAvailable:    1544624 kB
Buffers:           18248 kB
Cached:           261324 kB
MemTotal:        1844596 kB
MemFree:         1392568 kB
MemAvailable:    1544500 kB
Buffers:           18248 kB
Cached:           261324 kB
MemTotal:        1844596 kB
MemFree:         1392632 kB
MemAvailable:    1544648 kB
Buffers:           18248 kB
Cached:           261324 kB
MemTotal:        1844596 kB
MemFree:         1391136 kB
MemAvailable:    1543152 kB
Buffers:           18248 kB
Cached:           261324 kB
MemTotal:        1844596 kB
MemFree:         1391260 kB
MemAvailable:    1543276 kB
Buffers:           18248 kB
Cached:           261324 kB
MemTotal:        1844596 kB
MemFree:         1391260 kB
MemAvailable:    1543276 kB
Buffers:           18248 kB
Cached:           261324 kB
MemTotal:        1844596 kB
MemFree:         1392560 kB
MemAvailable:    1544576 kB
Buffers:           18248 kB
Cached:           261324 kB
MemTotal:        1844596 kB
MemFree:         1392512 kB
MemAvailable:    1544528 kB
Buffers:           18248 kB
Cached:           261324 kB
MemTotal:        1844596 kB
MemFree:         1391416 kB
MemAvailable:    1543432 kB
Buffers:           18248 kB
Cached:           261324 kB
MemTotal:        1844596 kB
MemFree:         1392512 kB
MemAvailable:    1544612 kB
Buffers:           18248 kB
Cached:           261324 kB
MemTotal:        1844596 kB
MemFree:         1392520 kB
MemAvailable:    1544620 kB
Buffers:           18248 kB
Cached:           261324 kB
MemTotal:        1844596 kB
MemFree:         1460012 kB
MemAvailable:    1611440 kB
Buffers:           18248 kB
Cached:           260692 kB
