MemTotal:        1844596 kB
MemFree:         1426432 kB
MemAvailable:    1608524 kB
Buffers:           22804 kB
Cached:           289368 kB
MemTotal:        1844596 kB
MemFree:         1398864 kB
MemAvailable:    1580960 kB
Buffers:           22804 kB
Cached:           289372 kB
MemTotal:        1844596 kB
MemFree:         1398616 kB
MemAvailable:    1580712 kB
Buffers:           22804 kB
Cached:           289372 kB
MemTotal:        1844596 kB
MemFree:         1396448 kB
MemAvailable:    1578544 kB
Buffers:           22804 kB
Cached:           289372 kB
MemTotal:        1844596 kB
MemFree:         1396508 kB
MemAvailable:    1578604 kB
Buffers:           22804 kB
Cached:           289372 kB
MemTotal:        1844596 kB
MemFree:         1395020 kB
MemAvailable:    1577116 kB
Buffers:           22804 kB
Cached:           289372 kB
MemTotal:        1844596 kB
MemFree:         1393796 kB
MemAvailable:    1575892 kB
Buffers:           22804 kB
Cached:           289372 kB
MemTotal:        1844596 kB
MemFree:         1392092 kB
MemAvailable:    1574188 kB
Buffers:           22804 kB
Cached:           289372 kB
MemTotal:        1844596 kB
MemFree:         1392096 kB
MemAvailable:    1574192 kB
Buffers:           22804 kB
Cached:           289372 kB
MemTotal:        1844596 kB
MemFree:         1388928 kB
MemAvailable:    1571024 kB
Buffers:           22804 kB
Cached:           289372 kB
MemTotal:        1844596 kB
MemFree:         1383908 kB
MemAvailable:    1566004 kB
Buffers:           22804 kB
Cached:           289372 kB
MemTotal:        1844596 kB
MemFree:         1383552 kB
MemAvailable:    1565648 kB
Buffers:           22804 kB
Cached:           289372 kB
MemTotal:        1844596 kB
MemFree:         1385240 kB
MemAvailable:    1567336 kB
Buffers:           22804 kB
Cached:           289372 kB
MemTotal:        1844596 kB
MemFree:         1385408 kB
MemAvailable:    1567504 kB
Buffers:           22804 kB
Cached:           289372 kB
MemTotal:        1844596 kB
MemFree:         1385240 kB
MemAvailable:    1567336 kB
Buffers:           22804 kB
Cached:           289372 kB
MemTotal:        1844596 kB
MemFree:         1385212 kB
MemAvailable:    1567308 kB
Buffers:           22804 kB
Cached:           289372 kB
MemTotal:        1844596 kB
MemFree:         1385164 kB
MemAvailable:    1567260 kB
Buffers:           22804 kB
Cached:           289372 kB
MemTotal:        1844596 kB
MemFree:         1384972 kB
MemAvailable:    1567068 kB
Buffers:           22804 kB
Cached:           289372 kB
MemTotal:        1844596 kB
MemFree:         1384716 kB
MemAvailable:    1566812 kB
Buffers:           22804 kB
Cached:           289372 kB
MemTotal:        1844596 kB
MemFree:         1382676 kB
MemAvailable:    1564772 kB
Buffers:           22804 kB
Cached:           289372 kB
MemTotal:        1844596 kB
MemFree:         1382668 kB
MemAvailable:    1564764 kB
Buffers:           22804 kB
Cached:           289372 kB
MemTotal:        1844596 kB
MemFree:         1382188 kB
MemAvailable:    1564284 kB
Buffers:           22804 kB
Cached:           289372 kB
MemTotal:        1844596 kB
MemFree:         1381556 kB
MemAvailable:    1563652 kB
Buffers:           22804 kB
Cached:           289372 kB
MemTotal:        1844596 kB
MemFree:         1382064 kB
MemAvailable:    1564160 kB
Buffers:           22804 kB
Cached:           289372 kB
MemTotal:        1844596 kB
MemFree:         1382916 kB
MemAvailable:    1565012 kB
Buffers:           22804 kB
Cached:           289372 kB
MemTotal:        1844596 kB
MemFree:         1382916 kB
MemAvailable:    1565012 kB
Buffers:           22804 kB
Cached:           289372 kB
MemTotal:        1844596 kB
MemFree:         1382808 kB
MemAvailable:    1564904 kB
Buffers:           22804 kB
Cached:           289372 kB
MemTotal:        1844596 kB
MemFree:         1382932 kB
MemAvailable:    1565028 kB
Buffers:           22804 kB
Cached:           289372 kB
MemTotal:        1844596 kB
MemFree:         1382676 kB
MemAvailable:    1564772 kB
Buffers:           22804 kB
Cached:           289372 kB
MemTotal:        1844596 kB
MemFree:         1381432 kB
MemAvailable:    1563528 kB
Buffers:           22804 kB
Cached:           289372 kB
MemTotal:        1844596 kB
MemFree:         1383752 kB
MemAvailable:    1565848 kB
Buffers:           22804 kB
Cached:           289372 kB
MemTotal:        1844596 kB
MemFree:         1384072 kB
MemAvailable:    1566168 kB
Buffers:           22804 kB
Cached:           289372 kB
MemTotal:        1844596 kB
MemFree:         1384220 kB
MemAvailable:    1566316 kB
Buffers:           22804 kB
Cached:           289372 kB
MemTotal:        1844596 kB
MemFree:         1383364 kB
MemAvailable:    1565460 kB
Buffers:           22804 kB
Cached:           289372 kB
MemTotal:        1844596 kB
MemFree:         1380808 kB
MemAvailable:    1562904 kB
Buffers:           22804 kB
Cached:           289372 kB
MemTotal:        1844596 kB
MemFree:         1380700 kB
MemAvailable:    1562796 kB
Buffers:           22804 kB
Cached:           289372 kB
MemTotal:        1844596 kB
MemFree:         1380196 kB
MemAvailable:    1562292 kB
Buffers:           22804 kB
Cached:           289372 kB
MemTotal:        1844596 kB
MemFree:         1379344 kB
MemAvailable:    1561440 kB
Buffers:           22804 kB
Cached:           289372 kB
MemTotal:        1844596 kB
MemFree:         1379568 kB
MemAvailable:    1561664 kB
Buffers:           22804 kB
Cached:           289372 kB
MemTotal:        1844596 kB
MemFree:         1378964 kB
MemAvailable:    1561060 kB
Buffers:           22804 kB
Cached:           289372 kB
MemTotal:        1844596 kB
MemFree:         1378948 kB
MemAvailable:    1561044 kB
Buffers:           22804 kB
Cached:           289372 kB
MemTotal:        1844596 kB
MemFree:         1377964 kB
MemAvailable:    1560060 kB
Buffers:           22812 kB
Cached:           289364 kB
MemTotal:        1844596 kB
MemFree:         1377848 kB
MemAvailable:    1559960 kB
Buffers:           22816 kB
Cached:           289376 kB
MemTotal:        1844596 kB
MemFree:         1378776 kB
MemAvailable:    1560888 kB
Buffers:           22816 kB
Cached:           289376 kB
MemTotal:        1844596 kB
MemFree:         1378520 kB
MemAvailable:    1560632 kB
Buffers:           22816 kB
Cached:           289376 kB
MemTotal:        1844596 kB
MemFree:         1377344 kB
MemAvailable:    1559456 kB
Buffers:           22816 kB
Cached:           289376 kB
MemTotal:        1844596 kB
MemFree:         1377336 kB
MemAvailable:    1559448 kB
Buffers:           22816 kB
Cached:           289376 kB
MemTotal:        1844596 kB
MemFree:         1378344 kB
MemAvailable:    1560456 kB
Buffers:           22816 kB
Cached:           289376 kB
MemTotal:        1844596 kB
MemFree:         1377104 kB
MemAvailable:    1559216 kB
Buffers:           22816 kB
Cached:           289376 kB
MemTotal:        1844596 kB
MemFree:         1378212 kB
MemAvailable:    1560324 kB
Buffers:           22816 kB
Cached:           289376 kB
MemTotal:        1844596 kB
MemFree:         1377684 kB
MemAvailable:    1559796 kB
Buffers:           22816 kB
Cached:           289376 kB
MemTotal:        1844596 kB
MemFree:         1376220 kB
MemAvailable:    1558332 kB
Buffers:           22816 kB
Cached:           289376 kB
MemTotal:        1844596 kB
MemFree:         1376212 kB
MemAvailable:    1558324 kB
Buffers:           22816 kB
Cached:           289376 kB
MemTotal:        1844596 kB
MemFree:         1377404 kB
MemAvailable:    1559516 kB
Buffers:           22816 kB
Cached:           289376 kB
MemTotal:        1844596 kB
MemFree:         1377404 kB
MemAvailable:    1559516 kB
Buffers:           22816 kB
Cached:           289376 kB
MemTotal:        1844596 kB
MemFree:         1377448 kB
MemAvailable:    1559560 kB
Buffers:           22816 kB
Cached:           289376 kB
MemTotal:        1844596 kB
MemFree:         1376224 kB
MemAvailable:    1558336 kB
Buffers:           22816 kB
Cached:           289376 kB
MemTotal:        1844596 kB
MemFree:         1377448 kB
MemAvailable:    1559560 kB
Buffers:           22816 kB
Cached:           289376 kB
MemTotal:        1844596 kB
MemFree:         1377700 kB
MemAvailable:    1559812 kB
Buffers:           22816 kB
Cached:           289376 kB
MemTotal:        1844596 kB
MemFree:         1377640 kB
MemAvailable:    1559752 kB
Buffers:           22816 kB
Cached:           289376 kB
MemTotal:        1844596 kB
MemFree:         1377600 kB
MemAvailable:    1559712 kB
Buffers:           22816 kB
Cached:           289376 kB
MemTotal:        1844596 kB
MemFree:         1377144 kB
MemAvailable:    1559256 kB
Buffers:           22816 kB
Cached:           289376 kB
MemTotal:        1844596 kB
MemFree:         1377228 kB
MemAvailable:    1559340 kB
Buffers:           22816 kB
Cached:           289376 kB
MemTotal:        1844596 kB
MemFree:         1377144 kB
MemAvailable:    1559256 kB
Buffers:           22816 kB
Cached:           289376 kB
MemTotal:        1844596 kB
MemFree:         1377020 kB
MemAvailable:    1559132 kB
Buffers:           22816 kB
Cached:           289376 kB
MemTotal:        1844596 kB
MemFree:         1376648 kB
MemAvailable:    1558760 kB
Buffers:           22816 kB
Cached:           289376 kB
MemTotal:        1844596 kB
MemFree:         1376900 kB
MemAvailable:    1559012 kB
Buffers:           22816 kB
Cached:           289376 kB
MemTotal:        1844596 kB
MemFree:         1376736 kB
MemAvailable:    1558848 kB
Buffers:           22816 kB
Cached:           289376 kB
MemTotal:        1844596 kB
MemFree:         1375304 kB
MemAvailable:    1557416 kB
Buffers:           22816 kB
Cached:           289376 kB
MemTotal:        1844596 kB
MemFree:         1375304 kB
MemAvailable:    1557416 kB
Buffers:           22816 kB
Cached:           289376 kB
MemTotal:        1844596 kB
MemFree:         1376544 kB
MemAvailable:    1558656 kB
Buffers:           22816 kB
Cached:           289376 kB
MemTotal:        1844596 kB
MemFree:         1376640 kB
MemAvailable:    1558752 kB
Buffers:           22816 kB
Cached:           289376 kB
MemTotal:        1844596 kB
MemFree:         1375740 kB
MemAvailable:    1557852 kB
Buffers:           22816 kB
Cached:           289376 kB
MemTotal:        1844596 kB
MemFree:         1376740 kB
MemAvailable:    1558852 kB
Buffers:           22816 kB
Cached:           289376 kB
MemTotal:        1844596 kB
MemFree:         1375344 kB
MemAvailable:    1557456 kB
Buffers:           22816 kB
Cached:           289376 kB
MemTotal:        1844596 kB
MemFree:         1375988 kB
MemAvailable:    1558100 kB
Buffers:           22816 kB
Cached:           289376 kB
MemTotal:        1844596 kB
MemFree:         1376908 kB
MemAvailable:    1559024 kB
Buffers:           22816 kB
Cached:           289380 kB
MemTotal:        1844596 kB
MemFree:         1376668 kB
MemAvailable:    1558784 kB
Buffers:           22816 kB
Cached:           289380 kB
MemTotal:        1844596 kB
MemFree:         1374252 kB
MemAvailable:    1556368 kB
Buffers:           22816 kB
Cached:           289380 kB
MemTotal:        1844596 kB
MemFree:         1374252 kB
MemAvailable:    1556368 kB
Buffers:           22816 kB
Cached:           289380 kB
MemTotal:        1844596 kB
MemFree:         1371400 kB
MemAvailable:    1553516 kB
Buffers:           22816 kB
Cached:           289380 kB
MemTotal:        1844596 kB
MemFree:         1370656 kB
MemAvailable:    1552772 kB
Buffers:           22816 kB
Cached:           289380 kB
MemTotal:        1844596 kB
MemFree:         1369028 kB
MemAvailable:    1551144 kB
Buffers:           22816 kB
Cached:           289380 kB
MemTotal:        1844596 kB
MemFree:         1369112 kB
MemAvailable:    1551228 kB
Buffers:           22816 kB
Cached:           289380 kB
MemTotal:        1844596 kB
MemFree:         1368640 kB
MemAvailable:    1550756 kB
Buffers:           22816 kB
Cached:           289380 kB
MemTotal:        1844596 kB
MemFree:         1368976 kB
MemAvailable:    1551092 kB
Buffers:           22816 kB
Cached:           289380 kB
MemTotal:        1844596 kB
MemFree:         1367532 kB
MemAvailable:    1549648 kB
Buffers:           22816 kB
Cached:           289380 kB
MemTotal:        1844596 kB
MemFree:         1368724 kB
MemAvailable:    1550840 kB
Buffers:           22816 kB
Cached:           289380 kB
MemTotal:        1844596 kB
MemFree:         1368724 kB
MemAvailable:    1550840 kB
Buffers:           22816 kB
Cached:           289380 kB
MemTotal:        1844596 kB
MemFree:         1368540 kB
MemAvailable:    1550656 kB
Buffers:           22816 kB
Cached:           289380 kB
MemTotal:        1844596 kB
MemFree:         1368796 kB
MemAvailable:    1550912 kB
Buffers:           22816 kB
Cached:           289380 kB
MemTotal:        1844596 kB
MemFree:         1367508 kB
MemAvailable:    1549624 kB
Buffers:           22816 kB
Cached:           289380 kB
MemTotal:        1844596 kB
MemFree:         1368684 kB
MemAvailable:    1550800 kB
Buffers:           22816 kB
Cached:           289380 kB
MemTotal:        1844596 kB
MemFree:         1368684 kB
MemAvailable:    1550800 kB
Buffers:           22816 kB
Cached:           289380 kB
MemTotal:        1844596 kB
MemFree:         1368684 kB
MemAvailable:    1550800 kB
Buffers:           22816 kB
Cached:           289380 kB
MemTotal:        1844596 kB
MemFree:         1367632 kB
MemAvailable:    1549748 kB
Buffers:           22816 kB
Cached:           289380 kB
MemTotal:        1844596 kB
MemFree:         1368608 kB
MemAvailable:    1550724 kB
Buffers:           22816 kB
Cached:           289380 kB
MemTotal:        1844596 kB
MemFree:         1368120 kB
MemAvailable:    1550236 kB
Buffers:           22816 kB
Cached:           289380 kB
MemTotal:        1844596 kB
MemFree:         1368176 kB
MemAvailable:    1550292 kB
Buffers:           22816 kB
Cached:           289380 kB
MemTotal:        1844596 kB
MemFree:         1366804 kB
MemAvailable:    1548920 kB
Buffers:           22816 kB
Cached:           289380 kB
MemTotal:        1844596 kB
MemFree:         1367416 kB
MemAvailable:    1549532 kB
Buffers:           22816 kB
Cached:           289380 kB
MemTotal:        1844596 kB
MemFree:         1367416 kB
MemAvailable:    1549532 kB
Buffers:           22816 kB
Cached:           289380 kB
MemTotal:        1844596 kB
MemFree:         1366988 kB
MemAvailable:    1549104 kB
Buffers:           22816 kB
Cached:           289380 kB
MemTotal:        1844596 kB
MemFree:         1367324 kB
MemAvailable:    1549440 kB
Buffers:           22816 kB
Cached:           289380 kB
MemTotal:        1844596 kB
MemFree:         1365756 kB
MemAvailable:    1547872 kB
Buffers:           22816 kB
Cached:           289380 kB
MemTotal:        1844596 kB
MemFree:         1365944 kB
MemAvailable:    1548060 kB
Buffers:           22816 kB
Cached:           289380 kB
MemTotal:        1844596 kB
MemFree:         1364704 kB
MemAvailable:    1546820 kB
Buffers:           22816 kB
Cached:           289380 kB
MemTotal:        1844596 kB
MemFree:         1365308 kB
MemAvailable:    1547424 kB
Buffers:           22816 kB
Cached:           289380 kB
MemTotal:        1844596 kB
MemFree:         1365644 kB
MemAvailable:    1547760 kB
Buffers:           22816 kB
Cached:           289380 kB
MemTotal:        1844596 kB
MemFree:         1365184 kB
MemAvailable:    1547300 kB
Buffers:           22816 kB
Cached:           289380 kB
MemTotal:        1844596 kB
MemFree:         1365440 kB
MemAvailable:    1547556 kB
Buffers:           22816 kB
Cached:           289380 kB
MemTotal:        1844596 kB
MemFree:         1364944 kB
MemAvailable:    1547060 kB
Buffers:           22816 kB
Cached:           289380 kB
MemTotal:        1844596 kB
MemFree:         1364944 kB
MemAvailable:    1547060 kB
Buffers:           22816 kB
Cached:           289380 kB
MemTotal:        1844596 kB
MemFree:         1364648 kB
MemAvailable:    1546764 kB
Buffers:           22816 kB
Cached:           289380 kB
MemTotal:        1844596 kB
MemFree:         1364904 kB
MemAvailable:    1547020 kB
Buffers:           22816 kB
Cached:           289380 kB
MemTotal:        1844596 kB
MemFree:         1363576 kB
MemAvailable:    1545692 kB
Buffers:           22816 kB
Cached:           289380 kB
MemTotal:        1844596 kB
MemFree:         1364892 kB
MemAvailable:    1547008 kB
Buffers:           22816 kB
Cached:           289380 kB
MemTotal:        1844596 kB
MemFree:         1364812 kB
MemAvailable:    1546928 kB
Buffers:           22816 kB
Cached:           289380 kB
MemTotal:        1844596 kB
MemFree:         1363588 kB
MemAvailable:    1545712 kB
Buffers:           22816 kB
Cached:           289388 kB
MemTotal:        1844596 kB
MemFree:         1364300 kB
MemAvailable:    1546424 kB
Buffers:           22816 kB
Cached:           289388 kB
MemTotal:        1844596 kB
MemFree:         1364200 kB
MemAvailable:    1546324 kB
Buffers:           22816 kB
Cached:           289388 kB
MemTotal:        1844596 kB
MemFree:         1364072 kB
MemAvailable:    1546196 kB
Buffers:           22816 kB
Cached:           289388 kB
MemTotal:        1844596 kB
MemFree:         1364116 kB
MemAvailable:    1546240 kB
Buffers:           22816 kB
Cached:           289388 kB
MemTotal:        1844596 kB
MemFree:         1358256 kB
MemAvailable:    1540380 kB
Buffers:           22816 kB
Cached:           289388 kB
MemTotal:        1844596 kB
MemFree:         1357216 kB
MemAvailable:    1539340 kB
Buffers:           22816 kB
Cached:           289388 kB
MemTotal:        1844596 kB
MemFree:         1357124 kB
MemAvailable:    1539248 kB
Buffers:           22816 kB
Cached:           289388 kB
MemTotal:        1844596 kB
MemFree:         1356968 kB
MemAvailable:    1539092 kB
Buffers:           22816 kB
Cached:           289388 kB
MemTotal:        1844596 kB
MemFree:         1355900 kB
MemAvailable:    1538024 kB
Buffers:           22816 kB
Cached:           289388 kB
MemTotal:        1844596 kB
MemFree:         1356876 kB
MemAvailable:    1539000 kB
Buffers:           22816 kB
Cached:           289388 kB
MemTotal:        1844596 kB
MemFree:         1356876 kB
MemAvailable:    1539000 kB
Buffers:           22816 kB
Cached:           289388 kB
MemTotal:        1844596 kB
MemFree:         1357048 kB
MemAvailable:    1539172 kB
Buffers:           22816 kB
Cached:           289388 kB
MemTotal:        1844596 kB
MemFree:         1357884 kB
MemAvailable:    1540008 kB
Buffers:           22816 kB
Cached:           289388 kB
MemTotal:        1844596 kB
MemFree:         1358612 kB
MemAvailable:    1540820 kB
Buffers:           22816 kB
Cached:           289512 kB
MemTotal:        1844596 kB
MemFree:         1358008 kB
MemAvailable:    1540216 kB
Buffers:           22816 kB
Cached:           289512 kB
MemTotal:        1844596 kB
MemFree:         1358168 kB
MemAvailable:    1540460 kB
Buffers:           22816 kB
Cached:           289636 kB
MemTotal:        1844596 kB
MemFree:         1356828 kB
MemAvailable:    1539204 kB
Buffers:           22816 kB
Cached:           289636 kB
MemTotal:        1844596 kB
MemFree:         1356820 kB
MemAvailable:    1539196 kB
Buffers:           22816 kB
Cached:           289760 kB
MemTotal:        1844596 kB
MemFree:         1356696 kB
MemAvailable:    1539324 kB
Buffers:           22816 kB
Cached:           289884 kB
MemTotal:        1844596 kB
MemFree:         1356564 kB
MemAvailable:    1539276 kB
Buffers:           22816 kB
Cached:           290008 kB
MemTotal:        1844596 kB
MemFree:         1357672 kB
MemAvailable:    1540384 kB
Buffers:           22816 kB
Cached:           290008 kB
MemTotal:        1844596 kB
MemFree:         1357928 kB
MemAvailable:    1540640 kB
Buffers:           22816 kB
Cached:           290008 kB
MemTotal:        1844596 kB
MemFree:         1356556 kB
MemAvailable:    1539268 kB
Buffers:           22816 kB
Cached:           290008 kB
MemTotal:        1844596 kB
MemFree:         1357820 kB
MemAvailable:    1540532 kB
Buffers:           22816 kB
Cached:           290008 kB
MemTotal:        1844596 kB
MemFree:         1357752 kB
MemAvailable:    1540464 kB
Buffers:           22816 kB
Cached:           290008 kB
MemTotal:        1844596 kB
MemFree:         1358004 kB
MemAvailable:    1540716 kB
Buffers:           22816 kB
Cached:           290008 kB
MemTotal:        1844596 kB
MemFree:         1357580 kB
MemAvailable:    1540376 kB
Buffers:           22816 kB
Cached:           290008 kB
MemTotal:        1844596 kB
MemFree:         1357580 kB
MemAvailable:    1540376 kB
Buffers:           22816 kB
Cached:           290008 kB
MemTotal:        1844596 kB
MemFree:         1360924 kB
MemAvailable:    1543048 kB
Buffers:           22816 kB
Cached:           289376 kB
MemTotal:        1844596 kB
MemFree:         1426152 kB
MemAvailable:    1608284 kB
Buffers:           22816 kB
Cached:           289396 kB
