MemTotal:        1844596 kB
MemFree:         1456908 kB
MemAvailable:    1612084 kB
Buffers:           18804 kB
Cached:           263648 kB
MemTotal:        1844596 kB
MemFree:         1429776 kB
MemAvailable:    1584956 kB
Buffers:           18804 kB
Cached:           263652 kB
MemTotal:        1844596 kB
MemFree:         1427908 kB
MemAvailable:    1583088 kB
Buffers:           18804 kB
Cached:           263652 kB
MemTotal:        1844596 kB
MemFree:         1427356 kB
MemAvailable:    1582536 kB
Buffers:           18804 kB
Cached:           263652 kB
MemTotal:        1844596 kB
MemFree:         1426984 kB
MemAvailable:    1582164 kB
Buffers:           18804 kB
Cached:           263652 kB
MemTotal:        1844596 kB
MemFree:         1425684 kB
MemAvailable:    1580864 kB
Buffers:           18804 kB
Cached:           263652 kB
MemTotal:        1844596 kB
MemFree:         1425800 kB
MemAvailable:    1580980 kB
Buffers:           18804 kB
Cached:           263652 kB
MemTotal:        1844596 kB
MemFree:         1425868 kB
MemAvailable:    1581048 kB
Buffers:           18804 kB
Cached:           263652 kB
MemTotal:        1844596 kB
MemFree:         1423948 kB
MemAvailable:    1579128 kB
Buffers:           18804 kB
Cached:           263652 kB
MemTotal:        1844596 kB
MemFree:         1421900 kB
MemAvailable:    1577080 kB
Buffers:           18804 kB
Cached:           263652 kB
MemTotal:        1844596 kB
MemFree:         1419236 kB
MemAvailable:    1574416 kB
Buffers:           18804 kB
Cached:           263652 kB
MemTotal:        1844596 kB
MemFree:         1415748 kB
MemAvailable:    1570928 kB
Buffers:           18804 kB
Cached:           263652 kB
MemTotal:        1844596 kB
MemFree:         1415832 kB
MemAvailable:    1571012 kB
Buffers:           18804 kB
Cached:           263652 kB
MemTotal:        1844596 kB
MemFree:         1415768 kB
MemAvailable:    1570948 kB
Buffers:           18804 kB
Cached:           263652 kB
MemTotal:        1844596 kB
MemFree:         1414888 kB
MemAvailable:    1570068 kB
Buffers:           18804 kB
Cached:           263652 kB
MemTotal:        1844596 kB
MemFree:         1415268 kB
MemAvailable:    1570448 kB
Buffers:           18804 kB
Cached:           263652 kB
MemTotal:        1844596 kB
MemFree:         1415948 kB
MemAvailable:    1571128 kB
Buffers:           18804 kB
Cached:           263652 kB
MemTotal:        1844596 kB
MemFree:         1416004 kB
MemAvailable:    1571184 kB
Buffers:           18804 kB
Cached:           263652 kB
MemTotal:        1844596 kB
MemFree:         1415640 kB
MemAvailable:    1570820 kB
Buffers:           18804 kB
Cached:           263652 kB
MemTotal:        1844596 kB
MemFree:         1414268 kB
MemAvailable:    1569448 kB
Buffers:           18804 kB
Cached:           263652 kB
MemTotal:        1844596 kB
MemFree:         1413656 kB
MemAvailable:    1568836 kB
Buffers:           18804 kB
Cached:           263652 kB
MemTotal:        1844596 kB
MemFree:         1413656 kB
MemAvailable:    1568836 kB
Buffers:           18804 kB
Cached:           263652 kB
MemTotal:        1844596 kB
MemFree:         1413344 kB
MemAvailable:    1568524 kB
Buffers:           18804 kB
Cached:           263652 kB
MemTotal:        1844596 kB
MemFree:         1412168 kB
MemAvailable:    1567348 kB
Buffers:           18804 kB
Cached:           263652 kB
MemTotal:        1844596 kB
MemFree:         1413104 kB
MemAvailable:    1568284 kB
Buffers:           18804 kB
Cached:           263652 kB
MemTotal:        1844596 kB
MemFree:         1413104 kB
MemAvailable:    1568284 kB
Buffers:           18804 kB
Cached:           263652 kB
MemTotal:        1844596 kB
MemFree:         1413392 kB
MemAvailable:    1568572 kB
Buffers:           18804 kB
Cached:           263652 kB
MemTotal:        1844596 kB
MemFree:         1412292 kB
MemAvailable:    1567472 kB
Buffers:           18804 kB
Cached:           263652 kB
MemTotal:        1844596 kB
MemFree:         1413284 kB
MemAvailable:    1568464 kB
Buffers:           18804 kB
Cached:           263652 kB
MemTotal:        1844596 kB
MemFree:         1412168 kB
MemAvailable:    1567348 kB
Buffers:           18804 kB
Cached:           263652 kB
MemTotal:        1844596 kB
MemFree:         1413140 kB
MemAvailable:    1568320 kB
Buffers:           18804 kB
Cached:           263652 kB
MemTotal:        1844596 kB
MemFree:         1413140 kB
MemAvailable:    1568320 kB
Buffers:           18804 kB
Cached:           263652 kB
MemTotal:        1844596 kB
MemFree:         1414304 kB
MemAvailable:    1569484 kB
Buffers:           18804 kB
Cached:           263652 kB
MemTotal:        1844596 kB
MemFree:         1414640 kB
MemAvailable:    1569820 kB
Buffers:           18804 kB
Cached:           263652 kB
MemTotal:        1844596 kB
MemFree:         1414732 kB
MemAvailable:    1569912 kB
Buffers:           18804 kB
Cached:           263652 kB
MemTotal:        1844596 kB
MemFree:         1412540 kB
MemAvailable:    1567720 kB
Buffers:           18804 kB
Cached:           263652 kB
MemTotal:        1844596 kB
MemFree:         1412416 kB
MemAvailable:    1567596 kB
Buffers:           18804 kB
Cached:           263652 kB
MemTotal:        1844596 kB
MemFree:         1410788 kB
MemAvailable:    1565968 kB
Buffers:           18804 kB
Cached:           263652 kB
MemTotal:        1844596 kB
MemFree:         1410788 kB
MemAvailable:    1565968 kB
Buffers:           18804 kB
Cached:           263652 kB
MemTotal:        1844596 kB
MemFree:         1410044 kB
MemAvailable:    1565224 kB
Buffers:           18804 kB
Cached:           263652 kB
MemTotal:        1844596 kB
MemFree:         1410380 kB
MemAvailable:    1565560 kB
Buffers:           18804 kB
Cached:           263652 kB
MemTotal:        1844596 kB
MemFree:         1408564 kB
MemAvailable:    1563744 kB
Buffers:           18804 kB
Cached:           263652 kB
MemTotal:        1844596 kB
MemFree:         1407828 kB
MemAvailable:    1563008 kB
Buffers:           18804 kB
Cached:           263652 kB
MemTotal:        1844596 kB
MemFree:         1408896 kB
MemAvailable:    1564080 kB
Buffers:           18804 kB
Cached:           263656 kB
MemTotal:        1844596 kB
MemFree:         1409152 kB
MemAvailable:    1564336 kB
Buffers:           18804 kB
Cached:           263656 kB
MemTotal:        1844596 kB
MemFree:         1409020 kB
MemAvailable:    1564204 kB
Buffers:           18804 kB
Cached:           263656 kB
MemTotal:        1844596 kB
MemFree:         1408580 kB
MemAvailable:    1563764 kB
Buffers:           18804 kB
Cached:           263656 kB
MemTotal:        1844596 kB
MemFree:         1408928 kB
MemAvailable:    1564112 kB
Buffers:           18804 kB
Cached:           263656 kB
MemTotal:        1844596 kB
MemFree:         1409012 kB
MemAvailable:    1564196 kB
Buffers:           18804 kB
Cached:           263656 kB
MemTotal:        1844596 kB
MemFree:         1408792 kB
MemAvailable:    1563976 kB
Buffers:           18804 kB
Cached:           263656 kB
MemTotal:        1844596 kB
MemFree:         1408792 kB
MemAvailable:    1563976 kB
Buffers:           18804 kB
Cached:           263656 kB
MemTotal:        1844596 kB
MemFree:         1408444 kB
MemAvailable:    1563628 kB
Buffers:           18804 kB
Cached:           263656 kB
MemTotal:        1844596 kB
MemFree:         1407012 kB
MemAvailable:    1562196 kB
Buffers:           18804 kB
Cached:           263656 kB
MemTotal:        1844596 kB
MemFree:         1406960 kB
MemAvailable:    1562144 kB
Buffers:           18804 kB
Cached:           263656 kB
MemTotal:        1844596 kB
MemFree:         1408244 kB
MemAvailable:    1563428 kB
Buffers:           18804 kB
Cached:           263656 kB
MemTotal:        1844596 kB
MemFree:         1408080 kB
MemAvailable:    1563264 kB
Buffers:           18804 kB
Cached:           263656 kB
MemTotal:        1844596 kB
MemFree:         1408076 kB
MemAvailable:    1563260 kB
Buffers:           18804 kB
Cached:           263656 kB
MemTotal:        1844596 kB
MemFree:         1408136 kB
MemAvailable:    1563320 kB
Buffers:           18804 kB
Cached:           263656 kB
MemTotal:        1844596 kB
MemFree:         1406836 kB
MemAvailable:    1562020 kB
Buffers:           18804 kB
Cached:           263656 kB
MemTotal:        1844596 kB
MemFree:         1407952 kB
MemAvailable:    1563140 kB
Buffers:           18804 kB
Cached:           263660 kB
MemTotal:        1844596 kB
MemFree:         1408136 kB
MemAvailable:    1563324 kB
Buffers:           18804 kB
Cached:           263660 kB
MemTotal:        1844596 kB
MemFree:         1406828 kB
MemAvailable:    1562016 kB
Buffers:           18804 kB
Cached:           263660 kB
MemTotal:        1844596 kB
MemFree:         1407876 kB
MemAvailable:    1563064 kB
Buffers:           18804 kB
Cached:           263660 kB
MemTotal:        1844596 kB
MemFree:         1408068 kB
MemAvailable:    1563256 kB
Buffers:           18804 kB
Cached:           263660 kB
MemTotal:        1844596 kB
MemFree:         1408012 kB
MemAvailable:    1563200 kB
Buffers:           18804 kB
Cached:           263660 kB
MemTotal:        1844596 kB
MemFree:         1407084 kB
MemAvailable:    1562272 kB
Buffers:           18804 kB
Cached:           263660 kB
MemTotal:        1844596 kB
MemFree:         1406948 kB
MemAvailable:    1562136 kB
Buffers:           18804 kB
Cached:           263660 kB
MemTotal:        1844596 kB
MemFree:         1406824 kB
MemAvailable:    1562012 kB
Buffers:           18804 kB
Cached:           263660 kB
MemTotal:        1844596 kB
MemFree:         1407668 kB
MemAvailable:    1562856 kB
Buffers:           18804 kB
Cached:           263660 kB
MemTotal:        1844596 kB
MemFree:         1407084 kB
MemAvailable:    1562272 kB
Buffers:           18804 kB
Cached:           263660 kB
MemTotal:        1844596 kB
MemFree:         1406160 kB
MemAvailable:    1561348 kB
Buffers:           18804 kB
Cached:           263660 kB
MemTotal:        1844596 kB
MemFree:         1407268 kB
MemAvailable:    1562456 kB
Buffers:           18804 kB
Cached:           263660 kB
MemTotal:        1844596 kB
MemFree:         1407040 kB
MemAvailable:    1562228 kB
Buffers:           18804 kB
Cached:           263660 kB
MemTotal:        1844596 kB
MemFree:         1407124 kB
MemAvailable:    1562312 kB
Buffers:           18804 kB
Cached:           263660 kB
MemTotal:        1844596 kB
MemFree:         1407232 kB
MemAvailable:    1562420 kB
Buffers:           18804 kB
Cached:           263660 kB
MemTotal:        1844596 kB
MemFree:         1407264 kB
MemAvailable:    1562452 kB
Buffers:           18804 kB
Cached:           263660 kB
MemTotal:        1844596 kB
MemFree:         1407084 kB
MemAvailable:    1562272 kB
Buffers:           18804 kB
Cached:           263660 kB
MemTotal:        1844596 kB
MemFree:         1405960 kB
MemAvailable:    1561148 kB
Buffers:           18804 kB
Cached:           263660 kB
MemTotal:        1844596 kB
MemFree:         1407244 kB
MemAvailable:    1562432 kB
Buffers:           18804 kB
Cached:           263660 kB
MemTotal:        1844596 kB
MemFree:         1406932 kB
MemAvailable:    1562120 kB
Buffers:           18804 kB
Cached:           263660 kB
MemTotal:        1844596 kB
MemFree:         1405696 kB
MemAvailable:    1560884 kB
Buffers:           18804 kB
Cached:           263660 kB
MemTotal:        1844596 kB
MemFree:         1406888 kB
MemAvailable:    1562076 kB
Buffers:           18804 kB
Cached:           263660 kB
MemTotal:        1844596 kB
MemFree:         1406888 kB
MemAvailable:    1562076 kB
Buffers:           18804 kB
Cached:           263660 kB
MemTotal:        1844596 kB
MemFree:         1404968 kB
MemAvailable:    1560156 kB
Buffers:           18804 kB
Cached:           263660 kB
MemTotal:        1844596 kB
MemFree:         1405100 kB
MemAvailable:    1560288 kB
Buffers:           18804 kB
Cached:           263660 kB
MemTotal:        1844596 kB
MemFree:         1400876 kB
MemAvailable:    1556064 kB
Buffers:           18804 kB
Cached:           263660 kB
MemTotal:        1844596 kB
MemFree:         1400876 kB
MemAvailable:    1556064 kB
Buffers:           18804 kB
Cached:           263660 kB
MemTotal:        1844596 kB
MemFree:         1399520 kB
MemAvailable:    1554708 kB
Buffers:           18804 kB
Cached:           263660 kB
MemTotal:        1844596 kB
MemFree:         1398288 kB
MemAvailable:    1553476 kB
Buffers:           18804 kB
Cached:           263660 kB
MemTotal:        1844596 kB
MemFree:         1399308 kB
MemAvailable:    1554496 kB
Buffers:           18804 kB
Cached:           263660 kB
MemTotal:        1844596 kB
MemFree:         1399084 kB
MemAvailable:    1554272 kB
Buffers:           18804 kB
Cached:           263660 kB
MemTotal:        1844596 kB
MemFree:         1399124 kB
MemAvailable:    1554312 kB
Buffers:           18804 kB
Cached:           263660 kB
MemTotal:        1844596 kB
MemFree:         1399208 kB
MemAvailable:    1554396 kB
Buffers:           18804 kB
Cached:           263660 kB
MemTotal:        1844596 kB
MemFree:         1399272 kB
MemAvailable:    1554460 kB
Buffers:           18804 kB
Cached:           263660 kB
MemTotal:        1844596 kB
MemFree:         1399176 kB
MemAvailable:    1554364 kB
Buffers:           18804 kB
Cached:           263660 kB
MemTotal:        1844596 kB
MemFree:         1397900 kB
MemAvailable:    1553088 kB
Buffers:           18804 kB
Cached:           263660 kB
MemTotal:        1844596 kB
MemFree:         1398024 kB
MemAvailable:    1553212 kB
Buffers:           18804 kB
Cached:           263660 kB
MemTotal:        1844596 kB
MemFree:         1397900 kB
MemAvailable:    1553088 kB
Buffers:           18804 kB
Cached:           263660 kB
MemTotal:        1844596 kB
MemFree:         1399000 kB
MemAvailable:    1554188 kB
Buffers:           18804 kB
Cached:           263660 kB
MemTotal:        1844596 kB
MemFree:         1398900 kB
MemAvailable:    1554088 kB
Buffers:           18804 kB
Cached:           263660 kB
MemTotal:        1844596 kB
MemFree:         1399196 kB
MemAvailable:    1554384 kB
Buffers:           18804 kB
Cached:           263660 kB
MemTotal:        1844596 kB
MemFree:         1399148 kB
MemAvailable:    1554336 kB
Buffers:           18804 kB
Cached:           263660 kB
MemTotal:        1844596 kB
MemFree:         1397884 kB
MemAvailable:    1553072 kB
Buffers:           18804 kB
Cached:           263660 kB
MemTotal:        1844596 kB
MemFree:         1398836 kB
MemAvailable:    1554028 kB
Buffers:           18804 kB
Cached:           263664 kB
MemTotal:        1844596 kB
MemFree:         1398836 kB
MemAvailable:    1554028 kB
Buffers:           18804 kB
Cached:           263664 kB
MemTotal:        1844596 kB
MemFree:         1398588 kB
MemAvailable:    1553780 kB
Buffers:           18804 kB
Cached:           263664 kB
MemTotal:        1844596 kB
MemFree:         1397164 kB
MemAvailable:    1552356 kB
Buffers:           18804 kB
Cached:           263664 kB
MemTotal:        1844596 kB
MemFree:         1397652 kB
MemAvailable:    1552844 kB
Buffers:           18804 kB
Cached:           263664 kB
MemTotal:        1844596 kB
MemFree:         1397652 kB
MemAvailable:    1552844 kB
Buffers:           18804 kB
Cached:           263664 kB
MemTotal:        1844596 kB
MemFree:         1396116 kB
MemAvailable:    1551308 kB
Buffers:           18804 kB
Cached:           263664 kB
MemTotal:        1844596 kB
MemFree:         1397488 kB
MemAvailable:    1552680 kB
Buffers:           18804 kB
Cached:           263664 kB
MemTotal:        1844596 kB
MemFree:         1396288 kB
MemAvailable:    1551480 kB
Buffers:           18804 kB
Cached:           263664 kB
MemTotal:        1844596 kB
MemFree:         1396288 kB
MemAvailable:    1551480 kB
Buffers:           18804 kB
Cached:           263664 kB
MemTotal:        1844596 kB
MemFree:         1394916 kB
MemAvailable:    1550108 kB
Buffers:           18816 kB
Cached:           263652 kB
MemTotal:        1844596 kB
MemFree:         1394808 kB
MemAvailable:    1550000 kB
Buffers:           18816 kB
Cached:           263652 kB
MemTotal:        1844596 kB
MemFree:         1395736 kB
MemAvailable:    1550928 kB
Buffers:           18816 kB
Cached:           263652 kB
MemTotal:        1844596 kB
MemFree:         1394568 kB
MemAvailable:    1549760 kB
Buffers:           18816 kB
Cached:           263652 kB
MemTotal:        1844596 kB
MemFree:         1395604 kB
MemAvailable:    1550800 kB
Buffers:           18816 kB
Cached:           263656 kB
MemTotal:        1844596 kB
MemFree:         1394436 kB
MemAvailable:    1549632 kB
Buffers:           18816 kB
Cached:           263656 kB
MemTotal:        1844596 kB
MemFree:         1395432 kB
MemAvailable:    1550628 kB
Buffers:           18816 kB
Cached:           263656 kB
MemTotal:        1844596 kB
MemFree:         1394000 kB
MemAvailable:    1549196 kB
Buffers:           18816 kB
Cached:           263656 kB
MemTotal:        1844596 kB
MemFree:         1395296 kB
MemAvailable:    1550492 kB
Buffers:           18816 kB
Cached:           263656 kB
MemTotal:        1844596 kB
MemFree:         1394312 kB
MemAvailable:    1549508 kB
Buffers:           18816 kB
Cached:           263656 kB
MemTotal:        1844596 kB
MemFree:         1395112 kB
MemAvailable:    1550308 kB
Buffers:           18816 kB
Cached:           263656 kB
MemTotal:        1844596 kB
MemFree:         1395312 kB
MemAvailable:    1550508 kB
Buffers:           18816 kB
Cached:           263656 kB
MemTotal:        1844596 kB
MemFree:         1395224 kB
MemAvailable:    1550420 kB
Buffers:           18816 kB
Cached:           263656 kB
MemTotal:        1844596 kB
MemFree:         1395116 kB
MemAvailable:    1550312 kB
Buffers:           18816 kB
Cached:           263656 kB
MemTotal:        1844596 kB
MemFree:         1394560 kB
MemAvailable:    1549756 kB
Buffers:           18816 kB
Cached:           263656 kB
MemTotal:        1844596 kB
MemFree:         1394868 kB
MemAvailable:    1550064 kB
Buffers:           18816 kB
Cached:           263656 kB
MemTotal:        1844596 kB
MemFree:         1393560 kB
MemAvailable:    1548756 kB
Buffers:           18816 kB
Cached:           263656 kB
MemTotal:        1844596 kB
MemFree:         1393312 kB
MemAvailable:    1548508 kB
Buffers:           18816 kB
Cached:           263656 kB
MemTotal:        1844596 kB
MemFree:         1390592 kB
MemAvailable:    1545788 kB
Buffers:           18816 kB
Cached:           263656 kB
MemTotal:        1844596 kB
MemFree:         1387360 kB
MemAvailable:    1542568 kB
Buffers:           18816 kB
Cached:           263668 kB
MemTotal:        1844596 kB
MemFree:         1387444 kB
MemAvailable:    1542652 kB
Buffers:           18816 kB
Cached:           263668 kB
MemTotal:        1844596 kB
MemFree:         1387180 kB
MemAvailable:    1542388 kB
Buffers:           18816 kB
Cached:           263668 kB
MemTotal:        1844596 kB
MemFree:         1387432 kB
MemAvailable:    1542640 kB
Buffers:           18816 kB
Cached:           263668 kB
MemTotal:        1844596 kB
MemFree:         1387092 kB
MemAvailable:    1542300 kB
Buffers:           18816 kB
Cached:           263668 kB
MemTotal:        1844596 kB
MemFree:         1387260 kB
MemAvailable:    1542468 kB
Buffers:           18816 kB
Cached:           263668 kB
MemTotal:        1844596 kB
MemFree:         1386004 kB
MemAvailable:    1541212 kB
Buffers:           18816 kB
Cached:           263668 kB
MemTotal:        1844596 kB
MemFree:         1389336 kB
MemAvailable:    1544544 kB
Buffers:           18816 kB
Cached:           263668 kB
MemTotal:        1844596 kB
MemFree:         1387848 kB
MemAvailable:    1543056 kB
Buffers:           18816 kB
Cached:           263668 kB
MemTotal:        1844596 kB
MemFree:         1388096 kB
MemAvailable:    1543388 kB
Buffers:           18816 kB
Cached:           263792 kB
MemTotal:        1844596 kB
MemFree:         1388784 kB
MemAvailable:    1544244 kB
Buffers:           18816 kB
Cached:           263916 kB
MemTotal:        1844596 kB
MemFree:         1388112 kB
MemAvailable:    1543656 kB
Buffers:           18816 kB
Cached:           264040 kB
MemTotal:        1844596 kB
MemFree:         1388356 kB
MemAvailable:    1543984 kB
Buffers:           18816 kB
Cached:           264164 kB
MemTotal:        1844596 kB
MemFree:         1388420 kB
MemAvailable:    1544132 kB
Buffers:           18816 kB
Cached:           264164 kB
MemTotal:        1844596 kB
MemFree:         1388668 kB
MemAvailable:    1544464 kB
Buffers:           18816 kB
Cached:           264252 kB
MemTotal:        1844596 kB
MemFree:         1388668 kB
MemAvailable:    1544464 kB
Buffers:           18816 kB
Cached:           264252 kB
MemTotal:        1844596 kB
MemFree:         1387112 kB
MemAvailable:    1542992 kB
Buffers:           18816 kB
Cached:           264376 kB
MemTotal:        1844596 kB
MemFree:         1387120 kB
MemAvailable:    1543000 kB
Buffers:           18816 kB
Cached:           264376 kB
MemTotal:        1844596 kB
MemFree:         1388420 kB
MemAvailable:    1544304 kB
Buffers:           18816 kB
Cached:           264380 kB
MemTotal:        1844596 kB
MemFree:         1388228 kB
MemAvailable:    1544112 kB
Buffers:           18816 kB
Cached:           264380 kB
MemTotal:        1844596 kB
MemFree:         1386856 kB
MemAvailable:    1542740 kB
Buffers:           18816 kB
Cached:           264380 kB
MemTotal:        1844596 kB
MemFree:         1386980 kB
MemAvailable:    1542864 kB
Buffers:           18816 kB
Cached:           264380 kB
MemTotal:        1844596 kB
MemFree:         1388156 kB
MemAvailable:    1544040 kB
Buffers:           18816 kB
Cached:           264380 kB
MemTotal:        1844596 kB
MemFree:         1386996 kB
MemAvailable:    1542880 kB
Buffers:           18816 kB
Cached:           264380 kB
MemTotal:        1844596 kB
MemFree:         1387192 kB
MemAvailable:    1542404 kB
Buffers:           18816 kB
Cached:           263708 kB
MemTotal:        1844596 kB
MemFree:         1454916 kB
MemAvailable:    1610128 kB
Buffers:           18816 kB
Cached:           263708 kB
