MemTotal:        1844596 kB
MemFree:         1458372 kB
MemAvailable:    1611748 kB
Buffers:           18540 kB
Cached:           262228 kB
MemTotal:        1844596 kB
MemFree:         1434052 kB
MemAvailable:    1587432 kB
Buffers:           18540 kB
Cached:           262232 kB
MemTotal:        1844596 kB
MemFree:         1430880 kB
MemAvailable:    1584260 kB
Buffers:           18540 kB
Cached:           262232 kB
MemTotal:        1844596 kB
MemFree:         1430144 kB
MemAvailable:    1583524 kB
Buffers:           18540 kB
Cached:           262232 kB
MemTotal:        1844596 kB
MemFree:         1427340 kB
MemAvailable:    1580720 kB
Buffers:           18540 kB
Cached:           262232 kB
MemTotal:        1844596 kB
MemFree:         1427300 kB
MemAvailable:    1580680 kB
Buffers:           18540 kB
Cached:           262232 kB
MemTotal:        1844596 kB
MemFree:         1427480 kB
MemAvailable:    1580860 kB
Buffers:           18540 kB
Cached:           262232 kB
MemTotal:        1844596 kB
MemFree:         1426240 kB
MemAvailable:    1579620 kB
Buffers:           18540 kB
Cached:           262232 kB
MemTotal:        1844596 kB
MemFree:         1425356 kB
MemAvailable:    1578736 kB
Buffers:           18540 kB
Cached:           262232 kB
MemTotal:        1844596 kB
MemFree:         1425320 kB
MemAvailable:    1578700 kB
Buffers:           18540 kB
Cached:           262232 kB
MemTotal:        1844596 kB
MemFree:         1421580 kB
MemAvailable:    1574960 kB
Buffers:           18540 kB
Cached:           262232 kB
MemTotal:        1844596 kB
MemFree:         1417552 kB
MemAvailable:    1570932 kB
Buffers:           18540 kB
Cached:           262232 kB
MemTotal:        1844596 kB
MemFree:         1417444 kB
MemAvailable:    1570824 kB
Buffers:           18540 kB
Cached:           262232 kB
MemTotal:        1844596 kB
MemFree:         1417428 kB
MemAvailable:    1570808 kB
Buffers:           18540 kB
Cached:           262232 kB
MemTotal:        1844596 kB
MemFree:         1417764 kB
MemAvailable:    1571144 kB
Buffers:           18540 kB
Cached:           262232 kB
MemTotal:        1844596 kB
MemFree:         1416264 kB
MemAvailable:    1569644 kB
Buffers:           18540 kB
Cached:           262232 kB
MemTotal:        1844596 kB
MemFree:         1417504 kB
MemAvailable:    1570884 kB
Buffers:           18540 kB
Cached:           262232 kB
MemTotal:        1844596 kB
MemFree:         1417308 kB
MemAvailable:    1570688 kB
Buffers:           18540 kB
Cached:           262232 kB
MemTotal:        1844596 kB
MemFree:         1417440 kB
MemAvailable:    1570820 kB
Buffers:           18540 kB
Cached:           262232 kB
MemTotal:        1844596 kB
MemFree:         1416568 kB
MemAvailable:    1569948 kB
Buffers:           18540 kB
Cached:           262232 kB
MemTotal:        1844596 kB
MemFree:         1416304 kB
MemAvailable:    1569684 kB
Buffers:           18540 kB
Cached:           262232 kB
MemTotal:        1844596 kB
MemFree:         1416568 kB
MemAvailable:    1569948 kB
Buffers:           18540 kB
Cached:           262232 kB
MemTotal:        1844596 kB
MemFree:         1415064 kB
MemAvailable:    1568444 kB
Buffers:           18540 kB
Cached:           262232 kB
MemTotal:        1844596 kB
MemFree:         1415400 kB
MemAvailable:    1568780 kB
Buffers:           18540 kB
Cached:           262232 kB
MemTotal:        1844596 kB
MemFree:         1415124 kB
MemAvailable:    1568504 kB
Buffers:           18540 kB
Cached:           262232 kB
MemTotal:        1844596 kB
MemFree:         1414892 kB
MemAvailable:    1568272 kB
Buffers:           18540 kB
Cached:           262232 kB
MemTotal:        1844596 kB
MemFree:         1414572 kB
MemAvailable:    1567952 kB
Buffers:           18540 kB
Cached:           262232 kB
MemTotal:        1844596 kB
MemFree:         1414792 kB
MemAvailable:    1568172 kB
Buffers:           18540 kB
Cached:           262232 kB
MemTotal:        1844596 kB
MemFree:         1415128 kB
MemAvailable:    1568508 kB
Buffers:           18540 kB
Cached:           262232 kB
MemTotal:        1844596 kB
MemFree:         1415104 kB
MemAvailable:    1568484 kB
Buffers:           18540 kB
Cached:           262232 kB
MemTotal:        1844596 kB
MemFree:         1414088 kB
MemAvailable:    1567468 kB
Buffers:           18540 kB
Cached:           262232 kB
MemTotal:        1844596 kB
MemFree:         1413952 kB
MemAvailable:    1567332 kB
Buffers:           18540 kB
Cached:           262232 kB
MemTotal:        1844596 kB
MemFree:         1416224 kB
MemAvailable:    1569604 kB
Buffers:           18540 kB
Cached:           262232 kB
MemTotal:        1844596 kB
MemFree:         1416224 kB
MemAvailable:    1569604 kB
Buffers:           18540 kB
Cached:           262232 kB
MemTotal:        1844596 kB
MemFree:         1415436 kB
MemAvailable:    1568816 kB
Buffers:           18540 kB
Cached:           262232 kB
MemTotal:        1844596 kB
MemFree:         1415440 kB
MemAvailable:    1568820 kB
Buffers:           18540 kB
Cached:           262232 kB
MemTotal:        1844596 kB
MemFree:         1412228 kB
MemAvailable:    1565608 kB
Buffers:           18540 kB
Cached:           262232 kB
MemTotal:        1844596 kB
MemFree:         1412468 kB
MemAvailable:    1565848 kB
Buffers:           18540 kB
Cached:           262232 kB
MemTotal:        1844596 kB
MemFree:         1412468 kB
MemAvailable:    1565848 kB
Buffers:           18540 kB
Cached:           262232 kB
MemTotal:        1844596 kB
MemFree:         1412104 kB
MemAvailable:    1565484 kB
Buffers:           18540 kB
Cached:           262232 kB
MemTotal:        1844596 kB
MemFree:         1412016 kB
MemAvailable:    1565396 kB
Buffers:           18540 kB
Cached:           262232 kB
MemTotal:        1844596 kB
MemFree:         1410980 kB
MemAvailable:    1564360 kB
Buffers:           18540 kB
Cached:           262232 kB
MemTotal:        1844596 kB
MemFree:         1410872 kB
MemAvailable:    1564252 kB
Buffers:           18540 kB
Cached:           262232 kB
MemTotal:        1844596 kB
MemFree:         1410676 kB
MemAvailable:    1564056 kB
Buffers:           18540 kB
Cached:           262232 kB
MemTotal:        1844596 kB
MemFree:         1410760 kB
MemAvailable:    1564140 kB
Buffers:           18540 kB
Cached:           262232 kB
MemTotal:        1844596 kB
MemFree:         1409444 kB
MemAvailable:    1562824 kB
Buffers:           18540 kB
Cached:           262232 kB
MemTotal:        1844596 kB
MemFree:         1409568 kB
MemAvailable:    1562948 kB
Buffers:           18540 kB
Cached:           262232 kB
MemTotal:        1844596 kB
MemFree:         1409560 kB
MemAvailable:    1562940 kB
Buffers:           18540 kB
Cached:           262232 kB
MemTotal:        1844596 kB
MemFree:         1410736 kB
MemAvailable:    1564116 kB
Buffers:           18540 kB
Cached:           262232 kB
MemTotal:        1844596 kB
MemFree:         1410480 kB
MemAvailable:    1563860 kB
Buffers:           18540 kB
Cached:           262232 kB
MemTotal:        1844596 kB
MemFree:         1409376 kB
MemAvailable:    1562756 kB
Buffers:           18540 kB
Cached:           262232 kB
MemTotal:        1844596 kB
MemFree:         1410180 kB
MemAvailable:    1563560 kB
Buffers:           18540 kB
Cached:           262232 kB
MemTotal:        1844596 kB
MemFree:         1410436 kB
MemAvailable:    1563816 kB
Buffers:           18540 kB
Cached:           262232 kB
MemTotal:        1844596 kB
MemFree:         1408624 kB
MemAvailable:    1562004 kB
Buffers:           18540 kB
Cached:           262232 kB
MemTotal:        1844596 kB
MemFree:         1408624 kB
MemAvailable:    1562004 kB
Buffers:           18540 kB
Cached:           262232 kB
MemTotal:        1844596 kB
MemFree:         1410176 kB
MemAvailable:    1563556 kB
Buffers:           18540 kB
Cached:           262232 kB
MemTotal:        1844596 kB
MemFree:         1410176 kB
MemAvailable:    1563556 kB
Buffers:           18540 kB
Cached:           262232 kB
MemTotal:        1844596 kB
MemFree:         1409868 kB
MemAvailable:    1563248 kB
Buffers:           18540 kB
Cached:           262232 kB
MemTotal:        1844596 kB
MemFree:         1408880 kB
MemAvailable:    1562260 kB
Buffers:           18540 kB
Cached:           262232 kB
MemTotal:        1844596 kB
MemFree:         1409720 kB
MemAvailable:    1563100 kB
Buffers:           18540 kB
Cached:           262232 kB
MemTotal:        1844596 kB
MemFree:         1409972 kB
MemAvailable:    1563352 kB
Buffers:           18540 kB
Cached:           262232 kB
MemTotal:        1844596 kB
MemFree:         1409720 kB
MemAvailable:    1563100 kB
Buffers:           18540 kB
Cached:           262232 kB
MemTotal:        1844596 kB
MemFree:         1409972 kB
MemAvailable:    1563352 kB
Buffers:           18540 kB
Cached:           262232 kB
MemTotal:        1844596 kB
MemFree:         1409692 kB
MemAvailable:    1563080 kB
Buffers:           18540 kB
Cached:           262240 kB
MemTotal:        1844596 kB
MemFree:         1410028 kB
MemAvailable:    1563416 kB
Buffers:           18540 kB
Cached:           262240 kB
MemTotal:        1844596 kB
MemFree:         1408708 kB
MemAvailable:    1562096 kB
Buffers:           18540 kB
Cached:           262240 kB
MemTotal:        1844596 kB
MemFree:         1409476 kB
MemAvailable:    1562864 kB
Buffers:           18540 kB
Cached:           262240 kB
MemTotal:        1844596 kB
MemFree:         1409476 kB
MemAvailable:    1562864 kB
Buffers:           18540 kB
Cached:           262240 kB
MemTotal:        1844596 kB
MemFree:         1409056 kB
MemAvailable:    1562444 kB
Buffers:           18540 kB
Cached:           262240 kB
MemTotal:        1844596 kB
MemFree:         1409308 kB
MemAvailable:    1562696 kB
Buffers:           18540 kB
Cached:           262240 kB
MemTotal:        1844596 kB
MemFree:         1407948 kB
MemAvailable:    1561336 kB
Buffers:           18540 kB
Cached:           262240 kB
MemTotal:        1844596 kB
MemFree:         1408668 kB
MemAvailable:    1562056 kB
Buffers:           18540 kB
Cached:           262240 kB
MemTotal:        1844596 kB
MemFree:         1408920 kB
MemAvailable:    1562308 kB
Buffers:           18540 kB
Cached:           262240 kB
MemTotal:        1844596 kB
MemFree:         1408040 kB
MemAvailable:    1561428 kB
Buffers:           18540 kB
Cached:           262240 kB
MemTotal:        1844596 kB
MemFree:         1407640 kB
MemAvailable:    1561028 kB
Buffers:           18540 kB
Cached:           262240 kB
MemTotal:        1844596 kB
MemFree:         1408832 kB
MemAvailable:    1562220 kB
Buffers:           18540 kB
Cached:           262240 kB
MemTotal:        1844596 kB
MemFree:         1408888 kB
MemAvailable:    1562276 kB
Buffers:           18540 kB
Cached:           262240 kB
MemTotal:        1844596 kB
MemFree:         1408864 kB
MemAvailable:    1562252 kB
Buffers:           18540 kB
Cached:           262240 kB
MemTotal:        1844596 kB
MemFree:         1408940 kB
MemAvailable:    1562328 kB
Buffers:           18540 kB
Cached:           262240 kB
MemTotal:        1844596 kB
MemFree:         1408832 kB
MemAvailable:    1562220 kB
Buffers:           18540 kB
Cached:           262240 kB
MemTotal:        1844596 kB
MemFree:         1408804 kB
MemAvailable:    1562192 kB
Buffers:           18540 kB
Cached:           262240 kB
MemTotal:        1844596 kB
MemFree:         1408072 kB
MemAvailable:    1561460 kB
Buffers:           18540 kB
Cached:           262240 kB
MemTotal:        1844596 kB
MemFree:         1406708 kB
MemAvailable:    1560096 kB
Buffers:           18540 kB
Cached:           262240 kB
MemTotal:        1844596 kB
MemFree:         1403796 kB
MemAvailable:    1557184 kB
Buffers:           18540 kB
Cached:           262240 kB
MemTotal:        1844596 kB
MemFree:         1401624 kB
MemAvailable:    1555012 kB
Buffers:           18540 kB
Cached:           262240 kB
MemTotal:        1844596 kB
MemFree:         1400316 kB
MemAvailable:    1553704 kB
Buffers:           18540 kB
Cached:           262240 kB
MemTotal:        1844596 kB
MemFree:         1401376 kB
MemAvailable:    1554764 kB
Buffers:           18540 kB
Cached:           262240 kB
MemTotal:        1844596 kB
MemFree:         1400920 kB
MemAvailable:    1554308 kB
Buffers:           18540 kB
Cached:           262240 kB
MemTotal:        1844596 kB
MemFree:         1401120 kB
MemAvailable:    1554508 kB
Buffers:           18540 kB
Cached:           262240 kB
MemTotal:        1844596 kB
MemFree:         1400748 kB
MemAvailable:    1554136 kB
Buffers:           18540 kB
Cached:           262240 kB
MemTotal:        1844596 kB
MemFree:         1401000 kB
MemAvailable:    1554388 kB
Buffers:           18540 kB
Cached:           262240 kB
MemTotal:        1844596 kB
MemFree:         1400792 kB
MemAvailable:    1554180 kB
Buffers:           18540 kB
Cached:           262240 kB
MemTotal:        1844596 kB
MemFree:         1401044 kB
MemAvailable:    1554432 kB
Buffers:           18540 kB
Cached:           262240 kB
MemTotal:        1844596 kB
MemFree:         1400876 kB
MemAvailable:    1554264 kB
Buffers:           18540 kB
Cached:           262240 kB
MemTotal:        1844596 kB
MemFree:         1401044 kB
MemAvailable:    1554432 kB
Buffers:           18540 kB
Cached:           262240 kB
MemTotal:        1844596 kB
MemFree:         1400792 kB
MemAvailable:    1554180 kB
Buffers:           18540 kB
Cached:           262240 kB
MemTotal:        1844596 kB
MemFree:         1401128 kB
MemAvailable:    1554516 kB
Buffers:           18540 kB
Cached:           262240 kB
MemTotal:        1844596 kB
MemFree:         1399636 kB
MemAvailable:    1553024 kB
Buffers:           18540 kB
Cached:           262240 kB
MemTotal:        1844596 kB
MemFree:         1400200 kB
MemAvailable:    1553588 kB
Buffers:           18540 kB
Cached:           262240 kB
MemTotal:        1844596 kB
MemFree:         1400200 kB
MemAvailable:    1553588 kB
Buffers:           18540 kB
Cached:           262240 kB
MemTotal:        1844596 kB
MemFree:         1401252 kB
MemAvailable:    1554640 kB
Buffers:           18540 kB
Cached:           262240 kB
MemTotal:        1844596 kB
MemFree:         1401120 kB
MemAvailable:    1554508 kB
Buffers:           18540 kB
Cached:           262240 kB
MemTotal:        1844596 kB
MemFree:         1400508 kB
MemAvailable:    1553896 kB
Buffers:           18540 kB
Cached:           262240 kB
MemTotal:        1844596 kB
MemFree:         1399208 kB
MemAvailable:    1552596 kB
Buffers:           18540 kB
Cached:           262240 kB
MemTotal:        1844596 kB
MemFree:         1399804 kB
MemAvailable:    1553192 kB
Buffers:           18540 kB
Cached:           262240 kB
MemTotal:        1844596 kB
MemFree:         1399704 kB
MemAvailable:    1553092 kB
Buffers:           18540 kB
Cached:           262240 kB
MemTotal:        1844596 kB
MemFree:         1399384 kB
MemAvailable:    1552772 kB
Buffers:           18540 kB
Cached:           262240 kB
MemTotal:        1844596 kB
MemFree:         1399720 kB
MemAvailable:    1553108 kB
Buffers:           18540 kB
Cached:           262240 kB
MemTotal:        1844596 kB
MemFree:         1399452 kB
MemAvailable:    1552840 kB
Buffers:           18540 kB
Cached:           262240 kB
MemTotal:        1844596 kB
MemFree:         1399196 kB
MemAvailable:    1552584 kB
Buffers:           18540 kB
Cached:           262240 kB
MemTotal:        1844596 kB
MemFree:         1398276 kB
MemAvailable:    1551664 kB
Buffers:           18540 kB
Cached:           262240 kB
MemTotal:        1844596 kB
MemFree:         1398152 kB
MemAvailable:    1551540 kB
Buffers:           18540 kB
Cached:           262240 kB
MemTotal:        1844596 kB
MemFree:         1396852 kB
MemAvailable:    1550240 kB
Buffers:           18540 kB
Cached:           262240 kB
MemTotal:        1844596 kB
MemFree:         1397100 kB
MemAvailable:    1550488 kB
Buffers:           18540 kB
Cached:           262240 kB
MemTotal:        1844596 kB
MemFree:         1397408 kB
MemAvailable:    1550796 kB
Buffers:           18540 kB
Cached:           262240 kB
MemTotal:        1844596 kB
MemFree:         1397360 kB
MemAvailable:    1550748 kB
Buffers:           18540 kB
Cached:           262240 kB
MemTotal:        1844596 kB
MemFree:         1397420 kB
MemAvailable:    1550808 kB
Buffers:           18540 kB
Cached:           262240 kB
MemTotal:        1844596 kB
MemFree:         1397024 kB
MemAvailable:    1550412 kB
Buffers:           18540 kB
Cached:           262240 kB
MemTotal:        1844596 kB
MemFree:         1397024 kB
MemAvailable:    1550412 kB
Buffers:           18540 kB
Cached:           262240 kB
MemTotal:        1844596 kB
MemFree:         1396948 kB
MemAvailable:    1550336 kB
Buffers:           18540 kB
Cached:           262240 kB
MemTotal:        1844596 kB
MemFree:         1397200 kB
MemAvailable:    1550588 kB
Buffers:           18540 kB
Cached:           262240 kB
MemTotal:        1844596 kB
MemFree:         1395848 kB
MemAvailable:    1549236 kB
Buffers:           18540 kB
Cached:           262240 kB
MemTotal:        1844596 kB
MemFree:         1397036 kB
MemAvailable:    1550424 kB
Buffers:           18540 kB
Cached:           262240 kB
MemTotal:        1844596 kB
MemFree:         1397036 kB
MemAvailable:    1550424 kB
Buffers:           18540 kB
Cached:           262240 kB
MemTotal:        1844596 kB
MemFree:         1397100 kB
MemAvailable:    1550488 kB
Buffers:           18540 kB
Cached:           262240 kB
MemTotal:        1844596 kB
MemFree:         1396728 kB
MemAvailable:    1550116 kB
Buffers:           18540 kB
Cached:           262240 kB
MemTotal:        1844596 kB
MemFree:         1396848 kB
MemAvailable:    1550236 kB
Buffers:           18540 kB
Cached:           262240 kB
MemTotal:        1844596 kB
MemFree:         1395680 kB
MemAvailable:    1549068 kB
Buffers:           18540 kB
Cached:           262240 kB
MemTotal:        1844596 kB
MemFree:         1395736 kB
MemAvailable:    1549124 kB
Buffers:           18540 kB
Cached:           262240 kB
MemTotal:        1844596 kB
MemFree:         1389396 kB
MemAvailable:    1542784 kB
Buffers:           18540 kB
Cached:           262240 kB
MemTotal:        1844596 kB
MemFree:         1389396 kB
MemAvailable:    1542784 kB
Buffers:           18540 kB
Cached:           262240 kB
MemTotal:        1844596 kB
MemFree:         1389336 kB
MemAvailable:    1542724 kB
Buffers:           18540 kB
Cached:           262240 kB
MemTotal:        1844596 kB
MemFree:         1387988 kB
MemAvailable:    1541376 kB
Buffers:           18540 kB
Cached:           262240 kB
MemTotal:        1844596 kB
MemFree:         1389140 kB
MemAvailable:    1542528 kB
Buffers:           18540 kB
Cached:           262240 kB
MemTotal:        1844596 kB
MemFree:         1388668 kB
MemAvailable:    1542056 kB
Buffers:           18540 kB
Cached:           262240 kB
MemTotal:        1844596 kB
MemFree:         1389104 kB
MemAvailable:    1542492 kB
Buffers:           18540 kB
Cached:           262240 kB
MemTotal:        1844596 kB
MemFree:         1389296 kB
MemAvailable:    1542684 kB
Buffers:           18540 kB
Cached:           262240 kB
MemTotal:        1844596 kB
MemFree:         1389884 kB
MemAvailable:    1543272 kB
Buffers:           18540 kB
Cached:           262240 kB
MemTotal:        1844596 kB
MemFree:         1391052 kB
MemAvailable:    1544440 kB
Buffers:           18540 kB
Cached:           262240 kB
MemTotal:        1844596 kB
MemFree:         1389828 kB
MemAvailable:    1543300 kB
Buffers:           18540 kB
Cached:           262364 kB
MemTotal:        1844596 kB
MemFree:         1389528 kB
MemAvailable:    1543084 kB
Buffers:           18540 kB
Cached:           262488 kB
MemTotal:        1844596 kB
MemFree:         1389784 kB
MemAvailable:    1543424 kB
Buffers:           18540 kB
Cached:           262612 kB
MemTotal:        1844596 kB
MemFree:         1390960 kB
MemAvailable:    1544768 kB
Buffers:           18540 kB
Cached:           262736 kB
MemTotal:        1844596 kB
MemFree:         1389900 kB
MemAvailable:    1543772 kB
Buffers:           18540 kB
Cached:           262724 kB
MemTotal:        1844596 kB
MemFree:         1390372 kB
MemAvailable:    1544332 kB
Buffers:           18540 kB
Cached:           262852 kB
MemTotal:        1844596 kB
MemFree:         1390224 kB
MemAvailable:    1544184 kB
Buffers:           18540 kB
Cached:           262852 kB
MemTotal:        1844596 kB
MemFree:         1390432 kB
MemAvailable:    1544392 kB
Buffers:           18540 kB
Cached:           262852 kB
MemTotal:        1844596 kB
MemFree:         1390324 kB
MemAvailable:    1544284 kB
Buffers:           18540 kB
Cached:           262852 kB
MemTotal:        1844596 kB
MemFree:         1390332 kB
MemAvailable:    1544292 kB
Buffers:           18540 kB
Cached:           262852 kB
MemTotal:        1844596 kB
MemFree:         1389784 kB
MemAvailable:    1543804 kB
Buffers:           18540 kB
Cached:           262872 kB
MemTotal:        1844596 kB
MemFree:         1390712 kB
MemAvailable:    1544732 kB
Buffers:           18540 kB
Cached:           262872 kB
MemTotal:        1844596 kB
MemFree:         1390580 kB
MemAvailable:    1544600 kB
Buffers:           18540 kB
Cached:           262872 kB
MemTotal:        1844596 kB
MemFree:         1390644 kB
MemAvailable:    1544664 kB
Buffers:           18540 kB
Cached:           262872 kB
MemTotal:        1844596 kB
MemFree:         1389288 kB
MemAvailable:    1543392 kB
Buffers:           18540 kB
Cached:           262996 kB
MemTotal:        1844596 kB
MemFree:         1389200 kB
MemAvailable:    1542632 kB
Buffers:           18540 kB
Cached:           262324 kB
MemTotal:        1844596 kB
MemFree:         1458076 kB
MemAvailable:    1611508 kB
Buffers:           18540 kB
Cached:           262324 kB
