MemTotal:        1844596 kB
MemFree:         1422136 kB
MemAvailable:    1568284 kB
Buffers:           35088 kB
Cached:           242264 kB
MemTotal:        1844596 kB
MemFree:         1420960 kB
MemAvailable:    1567108 kB
Buffers:           35088 kB
Cached:           242264 kB
MemTotal:        1844596 kB
MemFree:         1418596 kB
MemAvailable:    1564744 kB
Buffers:           35088 kB
Cached:           242264 kB
MemTotal:        1844596 kB
MemFree:         1417240 kB
MemAvailable:    1563388 kB
Buffers:           35088 kB
Cached:           242264 kB
MemTotal:        1844596 kB
MemFree:         1418360 kB
MemAvailable:    1564508 kB
Buffers:           35088 kB
Cached:           242264 kB
MemTotal:        1844596 kB
MemFree:         1415992 kB
MemAvailable:    1562140 kB
Buffers:           35088 kB
Cached:           242264 kB
MemTotal:        1844596 kB
MemFree:         1415876 kB
MemAvailable:    1562024 kB
Buffers:           35088 kB
Cached:           242264 kB
MemTotal:        1844596 kB
MemFree:         1411248 kB
MemAvailable:    1557396 kB
Buffers:           35088 kB
Cached:           242264 kB
MemTotal:        1844596 kB
MemFree:         1409056 kB
MemAvailable:    1555204 kB
Buffers:           35088 kB
Cached:           242264 kB
MemTotal:        1844596 kB
MemFree:         1407364 kB
MemAvailable:    1553512 kB
Buffers:           35088 kB
Cached:           242264 kB
MemTotal:        1844596 kB
MemFree:         1407356 kB
MemAvailable:    1553504 kB
Buffers:           35088 kB
Cached:           242264 kB
MemTotal:        1844596 kB
MemFree:         1408676 kB
MemAvailable:    1554824 kB
Buffers:           35088 kB
Cached:           242264 kB
MemTotal:        1844596 kB
MemFree:         1408256 kB
MemAvailable:    1554404 kB
Buffers:           35088 kB
Cached:           242264 kB
MemTotal:        1844596 kB
MemFree:         1407024 kB
MemAvailable:    1553172 kB
Buffers:           35088 kB
Cached:           242264 kB
MemTotal:        1844596 kB
MemFree:         1407024 kB
MemAvailable:    1553172 kB
Buffers:           35088 kB
Cached:           242264 kB
MemTotal:        1844596 kB
MemFree:         1406700 kB
MemAvailable:    1552848 kB
Buffers:           35088 kB
Cached:           242264 kB
MemTotal:        1844596 kB
MemFree:         1406684 kB
MemAvailable:    1552832 kB
Buffers:           35088 kB
Cached:           242264 kB
MemTotal:        1844596 kB
MemFree:         1406684 kB
MemAvailable:    1552832 kB
Buffers:           35088 kB
Cached:           242264 kB
MemTotal:        1844596 kB
MemFree:         1404940 kB
MemAvailable:    1551088 kB
Buffers:           35088 kB
Cached:           242264 kB
MemTotal:        1844596 kB
MemFree:         1406312 kB
MemAvailable:    1552460 kB
Buffers:           35088 kB
Cached:           242264 kB
MemTotal:        1844596 kB
MemFree:         1405576 kB
MemAvailable:    1551724 kB
Buffers:           35088 kB
Cached:           242264 kB
MemTotal:        1844596 kB
MemFree:         1406060 kB
MemAvailable:    1552208 kB
Buffers:           35088 kB
Cached:           242264 kB
MemTotal:        1844596 kB
MemFree:         1406072 kB
MemAvailable:    1552220 kB
Buffers:           35088 kB
Cached:           242264 kB
MemTotal:        1844596 kB
MemFree:         1405336 kB
MemAvailable:    1551484 kB
Buffers:           35088 kB
Cached:           242264 kB
MemTotal:        1844596 kB
MemFree:         1405928 kB
MemAvailable:    1552076 kB
Buffers:           35088 kB
Cached:           242264 kB
MemTotal:        1844596 kB
MemFree:         1406180 kB
MemAvailable:    1552328 kB
Buffers:           35088 kB
Cached:           242264 kB
MemTotal:        1844596 kB
MemFree:         1405992 kB
MemAvailable:    1552140 kB
Buffers:           35088 kB
Cached:           242264 kB
MemTotal:        1844596 kB
MemFree:         1407404 kB
MemAvailable:    1553552 kB
Buffers:           35088 kB
Cached:           242264 kB
MemTotal:        1844596 kB
MemFree:         1405204 kB
MemAvailable:    1551352 kB
Buffers:           35088 kB
Cached:           242264 kB
MemTotal:        1844596 kB
MemFree:         1404600 kB
MemAvailable:    1550748 kB
Buffers:           35088 kB
Cached:           242264 kB
MemTotal:        1844596 kB
MemFree:         1402600 kB
MemAvailable:    1548748 kB
Buffers:           35088 kB
Cached:           242264 kB
MemTotal:        1844596 kB
MemFree:         1403652 kB
MemAvailable:    1549800 kB
Buffers:           35088 kB
Cached:           242264 kB
MemTotal:        1844596 kB
MemFree:         1401864 kB
MemAvailable:    1548012 kB
Buffers:           35088 kB
Cached:           242264 kB
MemTotal:        1844596 kB
MemFree:         1402112 kB
MemAvailable:    1548260 kB
Buffers:           35088 kB
Cached:           242264 kB
MemTotal:        1844596 kB
MemFree:         1401120 kB
MemAvailable:    1547268 kB
Buffers:           35088 kB
Cached:           242264 kB
MemTotal:        1844596 kB
MemFree:         1402032 kB
MemAvailable:    1548180 kB
Buffers:           35088 kB
Cached:           242264 kB
MemTotal:        1844596 kB
MemFree:         1400692 kB
MemAvailable:    1546840 kB
Buffers:           35088 kB
Cached:           242264 kB
MemTotal:        1844596 kB
MemFree:         1401728 kB
MemAvailable:    1547876 kB
Buffers:           35088 kB
Cached:           242264 kB
MemTotal:        1844596 kB
MemFree:         1402128 kB
MemAvailable:    1548276 kB
Buffers:           35088 kB
Cached:           242264 kB
MemTotal:        1844596 kB
MemFree:         1401824 kB
MemAvailable:    1547972 kB
Buffers:           35088 kB
Cached:           242264 kB
MemTotal:        1844596 kB
MemFree:         1401908 kB
MemAvailable:    1548056 kB
Buffers:           35088 kB
Cached:           242264 kB
MemTotal:        1844596 kB
MemFree:         1400492 kB
MemAvailable:    1546648 kB
Buffers:           35088 kB
Cached:           242272 kB
MemTotal:        1844596 kB
MemFree:         1401236 kB
MemAvailable:    1547392 kB
Buffers:           35088 kB
Cached:           242272 kB
MemTotal:        1844596 kB
MemFree:         1401572 kB
MemAvailable:    1547728 kB
Buffers:           35088 kB
Cached:           242272 kB
MemTotal:        1844596 kB
MemFree:         1399616 kB
MemAvailable:    1545772 kB
Buffers:           35088 kB
Cached:           242272 kB
MemTotal:        1844596 kB
MemFree:         1399724 kB
MemAvailable:    1545880 kB
Buffers:           35088 kB
Cached:           242272 kB
MemTotal:        1844596 kB
MemFree:         1399632 kB
MemAvailable:    1545788 kB
Buffers:           35088 kB
Cached:           242272 kB
MemTotal:        1844596 kB
MemFree:         1399624 kB
MemAvailable:    1545780 kB
Buffers:           35088 kB
Cached:           242272 kB
MemTotal:        1844596 kB
MemFree:         1400872 kB
MemAvailable:    1547028 kB
Buffers:           35088 kB
Cached:           242272 kB
MemTotal:        1844596 kB
MemFree:         1400128 kB
MemAvailable:    1546284 kB
Buffers:           35088 kB
Cached:           242272 kB
MemTotal:        1844596 kB
MemFree:         1400752 kB
MemAvailable:    1546908 kB
Buffers:           35088 kB
Cached:           242272 kB
MemTotal:        1844596 kB
MemFree:         1399452 kB
MemAvailable:    1545608 kB
Buffers:           35088 kB
Cached:           242272 kB
MemTotal:        1844596 kB
MemFree:         1399744 kB
MemAvailable:    1545900 kB
Buffers:           35088 kB
Cached:           242272 kB
MemTotal:        1844596 kB
MemFree:         1400368 kB
MemAvailable:    1546524 kB
Buffers:           35088 kB
Cached:           242272 kB
MemTotal:        1844596 kB
MemFree:         1400552 kB
MemAvailable:    1546708 kB
Buffers:           35088 kB
Cached:           242272 kB
MemTotal:        1844596 kB
MemFree:         1400808 kB
MemAvailable:    1546964 kB
Buffers:           35088 kB
Cached:           242272 kB
MemTotal:        1844596 kB
MemFree:         1399312 kB
MemAvailable:    1545468 kB
Buffers:           35088 kB
Cached:           242272 kB
MemTotal:        1844596 kB
MemFree:         1399304 kB
MemAvailable:    1545460 kB
Buffers:           35088 kB
Cached:           242272 kB
MemTotal:        1844596 kB
MemFree:         1400120 kB
MemAvailable:    1546276 kB
Buffers:           35088 kB
Cached:           242272 kB
MemTotal:        1844596 kB
MemFree:         1399872 kB
MemAvailable:    1546028 kB
Buffers:           35088 kB
Cached:           242272 kB
MemTotal:        1844596 kB
MemFree:         1399916 kB
MemAvailable:    1546072 kB
Buffers:           35088 kB
Cached:           242272 kB
MemTotal:        1844596 kB
MemFree:         1399916 kB
MemAvailable:    1546072 kB
Buffers:           35088 kB
Cached:           242272 kB
MemTotal:        1844596 kB
MemFree:         1398632 kB
MemAvailable:    1544788 kB
Buffers:           35088 kB
Cached:           242272 kB
MemTotal:        1844596 kB
MemFree:         1400204 kB
MemAvailable:    1546360 kB
Buffers:           35088 kB
Cached:           242272 kB
MemTotal:        1844596 kB
MemFree:         1398832 kB
MemAvailable:    1544988 kB
Buffers:           35088 kB
Cached:           242272 kB
MemTotal:        1844596 kB
MemFree:         1400040 kB
MemAvailable:    1546196 kB
Buffers:           35088 kB
Cached:           242272 kB
MemTotal:        1844596 kB
MemFree:         1399940 kB
MemAvailable:    1546096 kB
Buffers:           35088 kB
Cached:           242272 kB
MemTotal:        1844596 kB
MemFree:         1397144 kB
MemAvailable:    1543300 kB
Buffers:           35088 kB
Cached:           242272 kB
MemTotal:        1844596 kB
MemFree:         1396648 kB
MemAvailable:    1542804 kB
Buffers:           35088 kB
Cached:           242272 kB
MemTotal:        1844596 kB
MemFree:         1393664 kB
MemAvailable:    1539820 kB
Buffers:           35088 kB
Cached:           242272 kB
MemTotal:        1844596 kB
MemFree:         1393544 kB
MemAvailable:    1539700 kB
Buffers:           35088 kB
Cached:           242272 kB
MemTotal:        1844596 kB
MemFree:         1391192 kB
MemAvailable:    1537348 kB
Buffers:           35088 kB
Cached:           242272 kB
MemTotal:        1844596 kB
MemFree:         1390944 kB
MemAvailable:    1537100 kB
Buffers:           35088 kB
Cached:           242272 kB
MemTotal:        1844596 kB
MemFree:         1392300 kB
MemAvailable:    1538456 kB
Buffers:           35100 kB
Cached:           242260 kB
MemTotal:        1844596 kB
MemFree:         1392252 kB
MemAvailable:    1538408 kB
Buffers:           35100 kB
Cached:           242260 kB
MemTotal:        1844596 kB
MemFree:         1391200 kB
MemAvailable:    1537356 kB
Buffers:           35100 kB
Cached:           242260 kB
MemTotal:        1844596 kB
MemFree:         1391924 kB
MemAvailable:    1538080 kB
Buffers:           35100 kB
Cached:           242260 kB
MemTotal:        1844596 kB
MemFree:         1391936 kB
MemAvailable:    1538092 kB
Buffers:           35100 kB
Cached:           242260 kB
MemTotal:        1844596 kB
MemFree:         1391928 kB
MemAvailable:    1538084 kB
Buffers:           35100 kB
Cached:           242260 kB
MemTotal:        1844596 kB
MemFree:         1392152 kB
MemAvailable:    1538308 kB
Buffers:           35100 kB
Cached:           242260 kB
MemTotal:        1844596 kB
MemFree:         1391764 kB
MemAvailable:    1537920 kB
Buffers:           35100 kB
Cached:           242260 kB
MemTotal:        1844596 kB
MemFree:         1392020 kB
MemAvailable:    1538176 kB
Buffers:           35100 kB
Cached:           242260 kB
MemTotal:        1844596 kB
MemFree:         1390692 kB
MemAvailable:    1536848 kB
Buffers:           35100 kB
Cached:           242260 kB
MemTotal:        1844596 kB
MemFree:         1391876 kB
MemAvailable:    1538032 kB
Buffers:           35100 kB
Cached:           242260 kB
MemTotal:        1844596 kB
MemFree:         1391876 kB
MemAvailable:    1538032 kB
Buffers:           35100 kB
Cached:           242260 kB
MemTotal:        1844596 kB
MemFree:         1392056 kB
MemAvailable:    1538212 kB
Buffers:           35100 kB
Cached:           242260 kB
MemTotal:        1844596 kB
MemFree:         1390076 kB
MemAvailable:    1536232 kB
Buffers:           35100 kB
Cached:           242260 kB
MemTotal:        1844596 kB
MemFree:         1390812 kB
MemAvailable:    1536968 kB
Buffers:           35100 kB
Cached:           242260 kB
MemTotal:        1844596 kB
MemFree:         1390208 kB
MemAvailable:    1536364 kB
Buffers:           35100 kB
Cached:           242260 kB
MemTotal:        1844596 kB
MemFree:         1390708 kB
MemAvailable:    1536864 kB
Buffers:           35100 kB
Cached:           242260 kB
MemTotal:        1844596 kB
MemFree:         1389152 kB
MemAvailable:    1535308 kB
Buffers:           35100 kB
Cached:           242260 kB
MemTotal:        1844596 kB
MemFree:         1390508 kB
MemAvailable:    1536664 kB
Buffers:           35100 kB
Cached:           242260 kB
MemTotal:        1844596 kB
MemFree:         1389208 kB
MemAvailable:    1535364 kB
Buffers:           35100 kB
Cached:           242260 kB
MemTotal:        1844596 kB
MemFree:         1389464 kB
MemAvailable:    1535620 kB
Buffers:           35100 kB
Cached:           242260 kB
MemTotal:        1844596 kB
MemFree:         1389068 kB
MemAvailable:    1535224 kB
Buffers:           35100 kB
Cached:           242260 kB
MemTotal:        1844596 kB
MemFree:         1389068 kB
MemAvailable:    1535224 kB
Buffers:           35100 kB
Cached:           242260 kB
MemTotal:        1844596 kB
MemFree:         1388464 kB
MemAvailable:    1534620 kB
Buffers:           35100 kB
Cached:           242260 kB
MemTotal:        1844596 kB
MemFree:         1388720 kB
MemAvailable:    1534876 kB
Buffers:           35100 kB
Cached:           242260 kB
MemTotal:        1844596 kB
MemFree:         1387108 kB
MemAvailable:    1533264 kB
Buffers:           35100 kB
Cached:           242260 kB
MemTotal:        1844596 kB
MemFree:         1386852 kB
MemAvailable:    1533008 kB
Buffers:           35100 kB
Cached:           242260 kB
MemTotal:        1844596 kB
MemFree:         1386712 kB
MemAvailable:    1532868 kB
Buffers:           35100 kB
Cached:           242260 kB
MemTotal:        1844596 kB
MemFree:         1386716 kB
MemAvailable:    1532872 kB
Buffers:           35100 kB
Cached:           242260 kB
MemTotal:        1844596 kB
MemFree:         1386708 kB
MemAvailable:    1532864 kB
Buffers:           35100 kB
Cached:           242260 kB
MemTotal:        1844596 kB
MemFree:         1388192 kB
MemAvailable:    1534348 kB
Buffers:           35100 kB
Cached:           242260 kB
MemTotal:        1844596 kB
MemFree:         1387952 kB
MemAvailable:    1534108 kB
Buffers:           35100 kB
Cached:           242260 kB
MemTotal:        1844596 kB
MemFree:         1387596 kB
MemAvailable:    1533752 kB
Buffers:           35100 kB
Cached:           242260 kB
MemTotal:        1844596 kB
MemFree:         1387240 kB
MemAvailable:    1533396 kB
Buffers:           35100 kB
Cached:           242260 kB
MemTotal:        1844596 kB
MemFree:         1386192 kB
MemAvailable:    1532348 kB
Buffers:           35100 kB
Cached:           242260 kB
MemTotal:        1844596 kB
MemFree:         1385936 kB
MemAvailable:    1532092 kB
Buffers:           35100 kB
Cached:           242260 kB
MemTotal:        1844596 kB
MemFree:         1380280 kB
MemAvailable:    1526436 kB
Buffers:           35100 kB
Cached:           242260 kB
MemTotal:        1844596 kB
MemFree:         1380280 kB
MemAvailable:    1526436 kB
Buffers:           35100 kB
Cached:           242260 kB
MemTotal:        1844596 kB
MemFree:         1379852 kB
MemAvailable:    1526008 kB
Buffers:           35100 kB
Cached:           242260 kB
MemTotal:        1844596 kB
MemFree:         1380188 kB
MemAvailable:    1526344 kB
Buffers:           35100 kB
Cached:           242260 kB
MemTotal:        1844596 kB
MemFree:         1379888 kB
MemAvailable:    1526044 kB
Buffers:           35100 kB
Cached:           242260 kB
MemTotal:        1844596 kB
MemFree:         1380224 kB
MemAvailable:    1526380 kB
Buffers:           35100 kB
Cached:           242260 kB
MemTotal:        1844596 kB
MemFree:         1380596 kB
MemAvailable:    1526752 kB
Buffers:           35100 kB
Cached:           242260 kB
MemTotal:        1844596 kB
MemFree:         1377312 kB
MemAvailable:    1523468 kB
Buffers:           35100 kB
Cached:           242260 kB
MemTotal:        1844596 kB
MemFree:         1377180 kB
MemAvailable:    1523336 kB
Buffers:           35100 kB
Cached:           242260 kB
MemTotal:        1844596 kB
MemFree:         1378408 kB
MemAvailable:    1524584 kB
Buffers:           35100 kB
Cached:           242280 kB
MemTotal:        1844596 kB
MemFree:         1376932 kB
MemAvailable:    1523108 kB
Buffers:           35100 kB
Cached:           242280 kB
MemTotal:        1844596 kB
MemFree:         1376312 kB
MemAvailable:    1522492 kB
Buffers:           35100 kB
Cached:           242284 kB
MemTotal:        1844596 kB
MemFree:         1377668 kB
MemAvailable:    1523848 kB
Buffers:           35100 kB
Cached:           242284 kB
MemTotal:        1844596 kB
MemFree:         1375884 kB
MemAvailable:    1522064 kB
Buffers:           35100 kB
Cached:           242284 kB
MemTotal:        1844596 kB
MemFree:         1377444 kB
MemAvailable:    1523624 kB
Buffers:           35100 kB
Cached:           242284 kB
MemTotal:        1844596 kB
MemFree:         1377496 kB
MemAvailable:    1523676 kB
Buffers:           35100 kB
Cached:           242284 kB
MemTotal:        1844596 kB
MemFree:         1377476 kB
MemAvailable:    1523656 kB
Buffers:           35100 kB
Cached:           242284 kB
MemTotal:        1844596 kB
MemFree:         1377404 kB
MemAvailable:    1523584 kB
Buffers:           35100 kB
Cached:           242284 kB
MemTotal:        1844596 kB
MemFree:         1377656 kB
MemAvailable:    1523836 kB
Buffers:           35100 kB
Cached:           242284 kB
MemTotal:        1844596 kB
MemFree:         1377448 kB
MemAvailable:    1523628 kB
Buffers:           35100 kB
Cached:           242284 kB
MemTotal:        1844596 kB
MemFree:         1376268 kB
MemAvailable:    1522448 kB
Buffers:           35100 kB
Cached:           242284 kB
MemTotal:        1844596 kB
MemFree:         1377472 kB
MemAvailable:    1523652 kB
Buffers:           35100 kB
Cached:           242284 kB
MemTotal:        1844596 kB
MemFree:         1376172 kB
MemAvailable:    1522352 kB
Buffers:           35100 kB
Cached:           242284 kB
MemTotal:        1844596 kB
MemFree:         1377240 kB
MemAvailable:    1523420 kB
Buffers:           35100 kB
Cached:           242284 kB
MemTotal:        1844596 kB
MemFree:         1377240 kB
MemAvailable:    1523420 kB
Buffers:           35100 kB
Cached:           242284 kB
MemTotal:        1844596 kB
MemFree:         1377264 kB
MemAvailable:    1523444 kB
Buffers:           35100 kB
Cached:           242284 kB
MemTotal:        1844596 kB
MemFree:         1376308 kB
MemAvailable:    1522488 kB
Buffers:           35100 kB
Cached:           242284 kB
MemTotal:        1844596 kB
MemFree:         1377244 kB
MemAvailable:    1523424 kB
Buffers:           35100 kB
Cached:           242284 kB
MemTotal:        1844596 kB
MemFree:         1377244 kB
MemAvailable:    1523424 kB
Buffers:           35100 kB
Cached:           242284 kB
MemTotal:        1844596 kB
MemFree:         1377376 kB
MemAvailable:    1523556 kB
Buffers:           35100 kB
Cached:           242284 kB
MemTotal:        1844596 kB
MemFree:         1377376 kB
MemAvailable:    1523556 kB
Buffers:           35100 kB
Cached:           242284 kB
MemTotal:        1844596 kB
MemFree:         1377040 kB
MemAvailable:    1523220 kB
Buffers:           35100 kB
Cached:           242284 kB
MemTotal:        1844596 kB
MemFree:         1377376 kB
MemAvailable:    1523556 kB
Buffers:           35100 kB
Cached:           242284 kB
MemTotal:        1844596 kB
MemFree:         1376052 kB
MemAvailable:    1522232 kB
Buffers:           35100 kB
Cached:           242284 kB
MemTotal:        1844596 kB
MemFree:         1377236 kB
MemAvailable:    1523416 kB
Buffers:           35100 kB
Cached:           242284 kB
MemTotal:        1844596 kB
MemFree:         1377252 kB
MemAvailable:    1523432 kB
Buffers:           35100 kB
Cached:           242284 kB
MemTotal:        1844596 kB
MemFree:         1377252 kB
MemAvailable:    1523432 kB
Buffers:           35100 kB
Cached:           242284 kB
MemTotal:        1844596 kB
MemFree:         1377188 kB
MemAvailable:    1523368 kB
Buffers:           35100 kB
Cached:           242284 kB
MemTotal:        1844596 kB
MemFree:         1377372 kB
MemAvailable:    1523552 kB
Buffers:           35100 kB
Cached:           242284 kB
MemTotal:        1844596 kB
MemFree:         1377132 kB
MemAvailable:    1523312 kB
Buffers:           35100 kB
Cached:           242284 kB
MemTotal:        1844596 kB
MemFree:         1377388 kB
MemAvailable:    1523568 kB
Buffers:           35100 kB
Cached:           242284 kB
MemTotal:        1844596 kB
MemFree:         1373652 kB
MemAvailable:    1519832 kB
Buffers:           35100 kB
Cached:           242284 kB
MemTotal:        1844596 kB
MemFree:         1373280 kB
MemAvailable:    1519460 kB
Buffers:           35100 kB
Cached:           242284 kB
MemTotal:        1844596 kB
MemFree:         1372096 kB
MemAvailable:    1518276 kB
Buffers:           35100 kB
Cached:           242284 kB
MemTotal:        1844596 kB
MemFree:         1372212 kB
MemAvailable:    1518392 kB
Buffers:           35100 kB
Cached:           242284 kB
MemTotal:        1844596 kB
MemFree:         1371724 kB
MemAvailable:    1517904 kB
Buffers:           35100 kB
Cached:           242284 kB
MemTotal:        1844596 kB
MemFree:         1372784 kB
MemAvailable:    1518964 kB
Buffers:           35100 kB
Cached:           242284 kB
MemTotal:        1844596 kB
MemFree:         1371492 kB
MemAvailable:    1517672 kB
Buffers:           35100 kB
Cached:           242284 kB
MemTotal:        1844596 kB
MemFree:         1371220 kB
MemAvailable:    1517400 kB
Buffers:           35100 kB
Cached:           242284 kB
MemTotal:        1844596 kB
MemFree:         1370856 kB
MemAvailable:    1517036 kB
Buffers:           35100 kB
Cached:           242284 kB
MemTotal:        1844596 kB
MemFree:         1370732 kB
MemAvailable:    1516912 kB
Buffers:           35100 kB
Cached:           242284 kB
MemTotal:        1844596 kB
MemFree:         1370732 kB
MemAvailable:    1516912 kB
Buffers:           35100 kB
Cached:           242284 kB
MemTotal:        1844596 kB
MemFree:         1370484 kB
MemAvailable:    1516664 kB
Buffers:           35100 kB
Cached:           242284 kB
MemTotal:        1844596 kB
MemFree:         1371528 kB
MemAvailable:    1517708 kB
Buffers:           35100 kB
Cached:           242284 kB
MemTotal:        1844596 kB
MemFree:         1370740 kB
MemAvailable:    1516920 kB
Buffers:           35100 kB
Cached:           242284 kB
MemTotal:        1844596 kB
MemFree:         1370196 kB
MemAvailable:    1516380 kB
Buffers:           35100 kB
Cached:           242288 kB
MemTotal:        1844596 kB
MemFree:         1370196 kB
MemAvailable:    1516380 kB
Buffers:           35100 kB
Cached:           242288 kB
MemTotal:        1844596 kB
MemFree:         1370328 kB
MemAvailable:    1516512 kB
Buffers:           35100 kB
Cached:           242288 kB
MemTotal:        1844596 kB
MemFree:         1371652 kB
MemAvailable:    1517836 kB
Buffers:           35100 kB
Cached:           242288 kB
MemTotal:        1844596 kB
MemFree:         1370988 kB
MemAvailable:    1517172 kB
Buffers:           35100 kB
Cached:           242288 kB
MemTotal:        1844596 kB
MemFree:         1371656 kB
MemAvailable:    1517840 kB
Buffers:           35100 kB
Cached:           242288 kB
MemTotal:        1844596 kB
MemFree:         1370176 kB
MemAvailable:    1516360 kB
Buffers:           35100 kB
Cached:           242288 kB
MemTotal:        1844596 kB
MemFree:         1370292 kB
MemAvailable:    1516476 kB
Buffers:           35100 kB
Cached:           242288 kB
MemTotal:        1844596 kB
MemFree:         1371668 kB
MemAvailable:    1517852 kB
Buffers:           35100 kB
Cached:           242288 kB
MemTotal:        1844596 kB
MemFree:         1370048 kB
MemAvailable:    1516232 kB
Buffers:           35100 kB
Cached:           242288 kB
MemTotal:        1844596 kB
MemFree:         1371472 kB
MemAvailable:    1517656 kB
Buffers:           35100 kB
Cached:           242288 kB
MemTotal:        1844596 kB
MemFree:         1370544 kB
MemAvailable:    1516728 kB
Buffers:           35100 kB
Cached:           242288 kB
MemTotal:        1844596 kB
MemFree:         1371596 kB
MemAvailable:    1517780 kB
Buffers:           35100 kB
Cached:           242288 kB
MemTotal:        1844596 kB
MemFree:         1371740 kB
MemAvailable:    1517924 kB
Buffers:           35100 kB
Cached:           242288 kB
MemTotal:        1844596 kB
MemFree:         1371396 kB
MemAvailable:    1517580 kB
Buffers:           35100 kB
Cached:           242288 kB
MemTotal:        1844596 kB
MemFree:         1371244 kB
MemAvailable:    1517428 kB
Buffers:           35100 kB
Cached:           242288 kB
MemTotal:        1844596 kB
MemFree:         1371364 kB
MemAvailable:    1517548 kB
Buffers:           35100 kB
Cached:           242288 kB
MemTotal:        1844596 kB
MemFree:         1371408 kB
MemAvailable:    1517592 kB
Buffers:           35100 kB
Cached:           242288 kB
MemTotal:        1844596 kB
MemFree:         1370480 kB
MemAvailable:    1516664 kB
Buffers:           35100 kB
Cached:           242288 kB
MemTotal:        1844596 kB
MemFree:         1371532 kB
MemAvailable:    1517716 kB
Buffers:           35100 kB
Cached:           242288 kB
MemTotal:        1844596 kB
MemFree:         1370100 kB
MemAvailable:    1516284 kB
Buffers:           35100 kB
Cached:           242288 kB
MemTotal:        1844596 kB
MemFree:         1370096 kB
MemAvailable:    1516280 kB
Buffers:           35100 kB
Cached:           242288 kB
MemTotal:        1844596 kB
MemFree:         1371360 kB
MemAvailable:    1517544 kB
Buffers:           35100 kB
Cached:           242288 kB
MemTotal:        1844596 kB
MemFree:         1370624 kB
MemAvailable:    1516808 kB
Buffers:           35100 kB
Cached:           242288 kB
MemTotal:        1844596 kB
MemFree:         1371140 kB
MemAvailable:    1517324 kB
Buffers:           35100 kB
Cached:           242288 kB
MemTotal:        1844596 kB
MemFree:         1371476 kB
MemAvailable:    1517660 kB
Buffers:           35100 kB
Cached:           242288 kB
MemTotal:        1844596 kB
MemFree:         1371380 kB
MemAvailable:    1517568 kB
Buffers:           35100 kB
Cached:           242292 kB
MemTotal:        1844596 kB
MemFree:         1371436 kB
MemAvailable:    1517624 kB
Buffers:           35100 kB
Cached:           242292 kB
MemTotal:        1844596 kB
MemFree:         1371248 kB
MemAvailable:    1517436 kB
Buffers:           35100 kB
Cached:           242292 kB
MemTotal:        1844596 kB
MemFree:         1369816 kB
MemAvailable:    1516004 kB
Buffers:           35100 kB
Cached:           242292 kB
MemTotal:        1844596 kB
MemFree:         1371092 kB
MemAvailable:    1517280 kB
Buffers:           35100 kB
Cached:           242292 kB
MemTotal:        1844596 kB
MemFree:         1370996 kB
MemAvailable:    1517184 kB
Buffers:           35100 kB
Cached:           242292 kB
MemTotal:        1844596 kB
MemFree:         1371296 kB
MemAvailable:    1517484 kB
Buffers:           35100 kB
Cached:           242292 kB
MemTotal:        1844596 kB
MemFree:         1369816 kB
MemAvailable:    1516004 kB
Buffers:           35100 kB
Cached:           242292 kB
MemTotal:        1844596 kB
MemFree:         1371184 kB
MemAvailable:    1517372 kB
Buffers:           35100 kB
Cached:           242292 kB
MemTotal:        1844596 kB
MemFree:         1370972 kB
MemAvailable:    1517160 kB
Buffers:           35100 kB
Cached:           242292 kB
MemTotal:        1844596 kB
MemFree:         1370988 kB
MemAvailable:    1517176 kB
Buffers:           35100 kB
Cached:           242292 kB
MemTotal:        1844596 kB
MemFree:         1371100 kB
MemAvailable:    1517288 kB
Buffers:           35100 kB
Cached:           242292 kB
MemTotal:        1844596 kB
MemFree:         1370368 kB
MemAvailable:    1516556 kB
Buffers:           35100 kB
Cached:           242292 kB
MemTotal:        1844596 kB
MemFree:         1370968 kB
MemAvailable:    1517156 kB
Buffers:           35100 kB
Cached:           242292 kB
MemTotal:        1844596 kB
MemFree:         1371304 kB
MemAvailable:    1517492 kB
Buffers:           35100 kB
Cached:           242292 kB
MemTotal:        1844596 kB
MemFree:         1371088 kB
MemAvailable:    1517276 kB
Buffers:           35100 kB
Cached:           242292 kB
MemTotal:        1844596 kB
MemFree:         1371088 kB
MemAvailable:    1517276 kB
Buffers:           35100 kB
Cached:           242292 kB
MemTotal:        1844596 kB
MemFree:         1371520 kB
MemAvailable:    1517708 kB
Buffers:           35100 kB
Cached:           242292 kB
MemTotal:        1844596 kB
MemFree:         1370360 kB
MemAvailable:    1516548 kB
Buffers:           35100 kB
Cached:           242292 kB
MemTotal:        1844596 kB
MemFree:         1371236 kB
MemAvailable:    1517424 kB
Buffers:           35100 kB
Cached:           242292 kB
MemTotal:        1844596 kB
MemFree:         1370244 kB
MemAvailable:    1516432 kB
Buffers:           35100 kB
Cached:           242292 kB
MemTotal:        1844596 kB
MemFree:         1371160 kB
MemAvailable:    1517348 kB
Buffers:           35100 kB
Cached:           242292 kB
MemTotal:        1844596 kB
MemFree:         1370616 kB
MemAvailable:    1516804 kB
Buffers:           35100 kB
Cached:           242292 kB
MemTotal:        1844596 kB
MemFree:         1371100 kB
MemAvailable:    1517288 kB
Buffers:           35100 kB
Cached:           242292 kB
MemTotal:        1844596 kB
MemFree:         1371256 kB
MemAvailable:    1517444 kB
Buffers:           35100 kB
Cached:           242292 kB
MemTotal:        1844596 kB
MemFree:         1370972 kB
MemAvailable:    1517160 kB
Buffers:           35100 kB
Cached:           242292 kB
MemTotal:        1844596 kB
MemFree:         1371308 kB
MemAvailable:    1517496 kB
Buffers:           35100 kB
Cached:           242292 kB
MemTotal:        1844596 kB
MemFree:         1370972 kB
MemAvailable:    1517160 kB
Buffers:           35100 kB
Cached:           242292 kB
MemTotal:        1844596 kB
MemFree:         1371056 kB
MemAvailable:    1517244 kB
Buffers:           35100 kB
Cached:           242292 kB
MemTotal:        1844596 kB
MemFree:         1370956 kB
MemAvailable:    1517144 kB
Buffers:           35100 kB
Cached:           242292 kB
MemTotal:        1844596 kB
MemFree:         1371292 kB
MemAvailable:    1517480 kB
Buffers:           35100 kB
Cached:           242292 kB
MemTotal:        1844596 kB
MemFree:         1371280 kB
MemAvailable:    1517468 kB
Buffers:           35100 kB
Cached:           242292 kB
MemTotal:        1844596 kB
MemFree:         1370492 kB
MemAvailable:    1516680 kB
Buffers:           35100 kB
Cached:           242292 kB
MemTotal:        1844596 kB
MemFree:         1371224 kB
MemAvailable:    1517412 kB
Buffers:           35100 kB
Cached:           242292 kB
MemTotal:        1844596 kB
MemFree:         1370972 kB
MemAvailable:    1517160 kB
Buffers:           35100 kB
Cached:           242292 kB
MemTotal:        1844596 kB
MemFree:         1371308 kB
MemAvailable:    1517496 kB
Buffers:           35100 kB
Cached:           242292 kB
MemTotal:        1844596 kB
MemFree:         1371172 kB
MemAvailable:    1517360 kB
Buffers:           35100 kB
Cached:           242292 kB
MemTotal:        1844596 kB
MemFree:         1370932 kB
MemAvailable:    1517120 kB
Buffers:           35100 kB
Cached:           242292 kB
MemTotal:        1844596 kB
MemFree:         1370924 kB
MemAvailable:    1517112 kB
Buffers:           35100 kB
Cached:           242292 kB
MemTotal:        1844596 kB
MemFree:         1371260 kB
MemAvailable:    1517448 kB
Buffers:           35100 kB
Cached:           242292 kB
MemTotal:        1844596 kB
MemFree:         1371152 kB
MemAvailable:    1517340 kB
Buffers:           35100 kB
Cached:           242292 kB
MemTotal:        1844596 kB
MemFree:         1370960 kB
MemAvailable:    1517148 kB
Buffers:           35100 kB
Cached:           242292 kB
MemTotal:        1844596 kB
MemFree:         1371072 kB
MemAvailable:    1517260 kB
Buffers:           35100 kB
Cached:           242292 kB
MemTotal:        1844596 kB
MemFree:         1370864 kB
MemAvailable:    1517052 kB
Buffers:           35100 kB
Cached:           242292 kB
MemTotal:        1844596 kB
MemFree:         1371084 kB
MemAvailable:    1517272 kB
Buffers:           35100 kB
Cached:           242292 kB
MemTotal:        1844596 kB
MemFree:         1371168 kB
MemAvailable:    1517356 kB
Buffers:           35100 kB
Cached:           242292 kB
MemTotal:        1844596 kB
MemFree:         1371052 kB
MemAvailable:    1517240 kB
Buffers:           35100 kB
Cached:           242292 kB
MemTotal:        1844596 kB
MemFree:         1372344 kB
MemAvailable:    1518532 kB
Buffers:           35100 kB
Cached:           242292 kB
MemTotal:        1844596 kB
MemFree:         1373576 kB
MemAvailable:    1519764 kB
Buffers:           35100 kB
Cached:           242292 kB
MemTotal:        1844596 kB
MemFree:         1372956 kB
MemAvailable:    1519144 kB
Buffers:           35100 kB
Cached:           242292 kB
MemTotal:        1844596 kB
MemFree:         1372956 kB
MemAvailable:    1519144 kB
Buffers:           35100 kB
Cached:           242292 kB
MemTotal:        1844596 kB
MemFree:         1371544 kB
MemAvailable:    1517732 kB
Buffers:           35100 kB
Cached:           242292 kB
MemTotal:        1844596 kB
MemFree:         1373020 kB
MemAvailable:    1519208 kB
Buffers:           35100 kB
Cached:           242292 kB
MemTotal:        1844596 kB
MemFree:         1372104 kB
MemAvailable:    1518292 kB
Buffers:           35100 kB
Cached:           242292 kB
MemTotal:        1844596 kB
MemFree:         1372296 kB
MemAvailable:    1518484 kB
Buffers:           35100 kB
Cached:           242292 kB
MemTotal:        1844596 kB
MemFree:         1372032 kB
MemAvailable:    1518220 kB
Buffers:           35100 kB
Cached:           242292 kB
MemTotal:        1844596 kB
MemFree:         1371492 kB
MemAvailable:    1517680 kB
Buffers:           35100 kB
Cached:           242292 kB
MemTotal:        1844596 kB
MemFree:         1370980 kB
MemAvailable:    1517168 kB
Buffers:           35100 kB
Cached:           242292 kB
MemTotal:        1844596 kB
MemFree:         1371608 kB
MemAvailable:    1517796 kB
Buffers:           35100 kB
Cached:           242292 kB
MemTotal:        1844596 kB
MemFree:         1370236 kB
MemAvailable:    1516424 kB
Buffers:           35100 kB
Cached:           242292 kB
MemTotal:        1844596 kB
MemFree:         1369980 kB
MemAvailable:    1516168 kB
Buffers:           35100 kB
Cached:           242292 kB
MemTotal:        1844596 kB
MemFree:         1369856 kB
MemAvailable:    1516044 kB
Buffers:           35100 kB
Cached:           242292 kB
MemTotal:        1844596 kB
MemFree:         1369972 kB
MemAvailable:    1516160 kB
Buffers:           35100 kB
Cached:           242292 kB
MemTotal:        1844596 kB
MemFree:         1371216 kB
MemAvailable:    1517404 kB
Buffers:           35100 kB
Cached:           242292 kB
MemTotal:        1844596 kB
MemFree:         1369708 kB
MemAvailable:    1515896 kB
Buffers:           35100 kB
Cached:           242292 kB
MemTotal:        1844596 kB
MemFree:         1371040 kB
MemAvailable:    1517228 kB
Buffers:           35100 kB
Cached:           242292 kB
MemTotal:        1844596 kB
MemFree:         1371020 kB
MemAvailable:    1517208 kB
Buffers:           35100 kB
Cached:           242292 kB
MemTotal:        1844596 kB
MemFree:         1371020 kB
MemAvailable:    1517208 kB
Buffers:           35100 kB
Cached:           242292 kB
MemTotal:        1844596 kB
MemFree:         1369808 kB
MemAvailable:    1515996 kB
Buffers:           35100 kB
Cached:           242292 kB
MemTotal:        1844596 kB
MemFree:         1369936 kB
MemAvailable:    1516124 kB
Buffers:           35100 kB
Cached:           242292 kB
MemTotal:        1844596 kB
MemFree:         1375700 kB
MemAvailable:    1521892 kB
Buffers:           35100 kB
Cached:           242296 kB
MemTotal:        1844596 kB
MemFree:         1372724 kB
MemAvailable:    1518916 kB
Buffers:           35100 kB
Cached:           242296 kB
MemTotal:        1844596 kB
MemFree:         1371972 kB
MemAvailable:    1518164 kB
Buffers:           35100 kB
Cached:           242296 kB
MemTotal:        1844596 kB
MemFree:         1371848 kB
MemAvailable:    1518044 kB
Buffers:           35100 kB
Cached:           242300 kB
MemTotal:        1844596 kB
MemFree:         1372824 kB
MemAvailable:    1519020 kB
Buffers:           35100 kB
Cached:           242300 kB
MemTotal:        1844596 kB
MemFree:         1372856 kB
MemAvailable:    1519052 kB
Buffers:           35100 kB
Cached:           242300 kB
MemTotal:        1844596 kB
MemFree:         1372660 kB
MemAvailable:    1518856 kB
Buffers:           35100 kB
Cached:           242300 kB
MemTotal:        1844596 kB
MemFree:         1372996 kB
MemAvailable:    1519192 kB
Buffers:           35100 kB
Cached:           242300 kB
MemTotal:        1844596 kB
MemFree:         1371420 kB
MemAvailable:    1517616 kB
Buffers:           35100 kB
Cached:           242300 kB
MemTotal:        1844596 kB
MemFree:         1372528 kB
MemAvailable:    1518724 kB
Buffers:           35100 kB
Cached:           242300 kB
MemTotal:        1844596 kB
MemFree:         1372696 kB
MemAvailable:    1518892 kB
Buffers:           35100 kB
Cached:           242300 kB
MemTotal:        1844596 kB
MemFree:         1371340 kB
MemAvailable:    1517536 kB
Buffers:           35100 kB
Cached:           242300 kB
MemTotal:        1844596 kB
MemFree:         1372756 kB
MemAvailable:    1518952 kB
Buffers:           35100 kB
Cached:           242300 kB
MemTotal:        1844596 kB
MemFree:         1371856 kB
MemAvailable:    1518052 kB
Buffers:           35100 kB
Cached:           242300 kB
MemTotal:        1844596 kB
MemFree:         1372456 kB
MemAvailable:    1518652 kB
Buffers:           35100 kB
Cached:           242300 kB
MemTotal:        1844596 kB
MemFree:         1372712 kB
MemAvailable:    1518908 kB
Buffers:           35100 kB
Cached:           242300 kB
MemTotal:        1844596 kB
MemFree:         1371300 kB
MemAvailable:    1517496 kB
Buffers:           35100 kB
Cached:           242300 kB
MemTotal:        1844596 kB
MemFree:         1371548 kB
MemAvailable:    1517744 kB
Buffers:           35100 kB
Cached:           242300 kB
MemTotal:        1844596 kB
MemFree:         1371300 kB
MemAvailable:    1517496 kB
Buffers:           35100 kB
Cached:           242300 kB
MemTotal:        1844596 kB
MemFree:         1371292 kB
MemAvailable:    1517488 kB
Buffers:           35100 kB
Cached:           242300 kB
MemTotal:        1844596 kB
MemFree:         1372708 kB
MemAvailable:    1518904 kB
Buffers:           35100 kB
Cached:           242300 kB
MemTotal:        1844596 kB
MemFree:         1372648 kB
MemAvailable:    1518844 kB
Buffers:           35100 kB
Cached:           242300 kB
MemTotal:        1844596 kB
MemFree:         1372700 kB
MemAvailable:    1518896 kB
Buffers:           35100 kB
Cached:           242300 kB
MemTotal:        1844596 kB
MemFree:         1372692 kB
MemAvailable:    1518888 kB
Buffers:           35100 kB
Cached:           242300 kB
MemTotal:        1844596 kB
MemFree:         1372504 kB
MemAvailable:    1518700 kB
Buffers:           35100 kB
Cached:           242300 kB
MemTotal:        1844596 kB
MemFree:         1371328 kB
MemAvailable:    1517524 kB
Buffers:           35100 kB
Cached:           242300 kB
MemTotal:        1844596 kB
MemFree:         1371328 kB
MemAvailable:    1517524 kB
Buffers:           35100 kB
Cached:           242300 kB
MemTotal:        1844596 kB
MemFree:         1371316 kB
MemAvailable:    1517512 kB
Buffers:           35100 kB
Cached:           242300 kB
MemTotal:        1844596 kB
MemFree:         1371360 kB
MemAvailable:    1517556 kB
Buffers:           35100 kB
Cached:           242300 kB
MemTotal:        1844596 kB
MemFree:         1371312 kB
MemAvailable:    1517508 kB
Buffers:           35100 kB
Cached:           242300 kB
MemTotal:        1844596 kB
MemFree:         1371224 kB
MemAvailable:    1517420 kB
Buffers:           35100 kB
Cached:           242300 kB
MemTotal:        1844596 kB
MemFree:         1371180 kB
MemAvailable:    1517376 kB
Buffers:           35100 kB
Cached:           242300 kB
MemTotal:        1844596 kB
MemFree:         1372612 kB
MemAvailable:    1518808 kB
Buffers:           35100 kB
Cached:           242300 kB
MemTotal:        1844596 kB
MemFree:         1371432 kB
MemAvailable:    1517628 kB
Buffers:           35100 kB
Cached:           242300 kB
MemTotal:        1844596 kB
MemFree:         1371344 kB
MemAvailable:    1517540 kB
Buffers:           35100 kB
Cached:           242300 kB
MemTotal:        1844596 kB
MemFree:         1372704 kB
MemAvailable:    1518900 kB
Buffers:           35100 kB
Cached:           242300 kB
MemTotal:        1844596 kB
MemFree:         1372808 kB
MemAvailable:    1519004 kB
Buffers:           35100 kB
Cached:           242300 kB
MemTotal:        1844596 kB
MemFree:         1372704 kB
MemAvailable:    1518900 kB
Buffers:           35100 kB
Cached:           242300 kB
MemTotal:        1844596 kB
MemFree:         1371316 kB
MemAvailable:    1517512 kB
Buffers:           35100 kB
Cached:           242300 kB
MemTotal:        1844596 kB
MemFree:         1372540 kB
MemAvailable:    1518736 kB
Buffers:           35100 kB
Cached:           242300 kB
MemTotal:        1844596 kB
MemFree:         1371980 kB
MemAvailable:    1518176 kB
Buffers:           35100 kB
Cached:           242300 kB
MemTotal:        1844596 kB
MemFree:         1372588 kB
MemAvailable:    1518784 kB
Buffers:           35100 kB
Cached:           242300 kB
MemTotal:        1844596 kB
MemFree:         1372600 kB
MemAvailable:    1518796 kB
Buffers:           35100 kB
Cached:           242300 kB
MemTotal:        1844596 kB
MemFree:         1371212 kB
MemAvailable:    1517408 kB
Buffers:           35100 kB
Cached:           242300 kB
MemTotal:        1844596 kB
MemFree:         1371204 kB
MemAvailable:    1517400 kB
Buffers:           35100 kB
Cached:           242300 kB
MemTotal:        1844596 kB
MemFree:         1371332 kB
MemAvailable:    1517528 kB
Buffers:           35100 kB
Cached:           242300 kB
MemTotal:        1844596 kB
MemFree:         1372668 kB
MemAvailable:    1518864 kB
Buffers:           35100 kB
Cached:           242300 kB
MemTotal:        1844596 kB
MemFree:         1372468 kB
MemAvailable:    1518664 kB
Buffers:           35100 kB
Cached:           242300 kB
MemTotal:        1844596 kB
MemFree:         1372804 kB
MemAvailable:    1519000 kB
Buffers:           35100 kB
Cached:           242300 kB
MemTotal:        1844596 kB
MemFree:         1372612 kB
MemAvailable:    1518808 kB
Buffers:           35100 kB
Cached:           242300 kB
MemTotal:        1844596 kB
MemFree:         1371856 kB
MemAvailable:    1518052 kB
Buffers:           35100 kB
Cached:           242300 kB
MemTotal:        1844596 kB
MemFree:         1372420 kB
MemAvailable:    1518620 kB
Buffers:           35100 kB
Cached:           242304 kB
MemTotal:        1844596 kB
MemFree:         1371652 kB
MemAvailable:    1517852 kB
Buffers:           35100 kB
Cached:           242304 kB
MemTotal:        1844596 kB
MemFree:         1371236 kB
MemAvailable:    1517436 kB
Buffers:           35100 kB
Cached:           242304 kB
MemTotal:        1844596 kB
MemFree:         1372608 kB
MemAvailable:    1518808 kB
Buffers:           35100 kB
Cached:           242304 kB
MemTotal:        1844596 kB
MemFree:         1372344 kB
MemAvailable:    1518544 kB
Buffers:           35100 kB
Cached:           242304 kB
MemTotal:        1844596 kB
MemFree:         1372680 kB
MemAvailable:    1518880 kB
Buffers:           35100 kB
Cached:           242304 kB
MemTotal:        1844596 kB
MemFree:         1371360 kB
MemAvailable:    1517560 kB
Buffers:           35100 kB
Cached:           242304 kB
MemTotal:        1844596 kB
MemFree:         1371560 kB
MemAvailable:    1517760 kB
Buffers:           35100 kB
Cached:           242304 kB
MemTotal:        1844596 kB
MemFree:         1372612 kB
MemAvailable:    1518812 kB
Buffers:           35100 kB
Cached:           242304 kB
MemTotal:        1844596 kB
MemFree:         1372532 kB
MemAvailable:    1518732 kB
Buffers:           35100 kB
Cached:           242304 kB
MemTotal:        1844596 kB
MemFree:         1372784 kB
MemAvailable:    1518984 kB
Buffers:           35100 kB
Cached:           242304 kB
MemTotal:        1844596 kB
MemFree:         1372604 kB
MemAvailable:    1518804 kB
Buffers:           35100 kB
Cached:           242304 kB
MemTotal:        1844596 kB
MemFree:         1372684 kB
MemAvailable:    1518884 kB
Buffers:           35100 kB
Cached:           242304 kB
MemTotal:        1844596 kB
MemFree:         1371848 kB
MemAvailable:    1518048 kB
Buffers:           35100 kB
Cached:           242304 kB
MemTotal:        1844596 kB
MemFree:         1371608 kB
MemAvailable:    1517808 kB
Buffers:           35100 kB
Cached:           242304 kB
MemTotal:        1844596 kB
MemFree:         1371352 kB
MemAvailable:    1517552 kB
Buffers:           35100 kB
Cached:           242304 kB
MemTotal:        1844596 kB
MemFree:         1372452 kB
MemAvailable:    1518652 kB
Buffers:           35100 kB
Cached:           242304 kB
MemTotal:        1844596 kB
MemFree:         1372600 kB
MemAvailable:    1518800 kB
Buffers:           35100 kB
Cached:           242304 kB
MemTotal:        1844596 kB
MemFree:         1371600 kB
MemAvailable:    1517808 kB
Buffers:           35100 kB
Cached:           242312 kB
MemTotal:        1844596 kB
MemFree:         1371360 kB
MemAvailable:    1517568 kB
Buffers:           35100 kB
Cached:           242312 kB
MemTotal:        1844596 kB
MemFree:         1371608 kB
MemAvailable:    1517816 kB
Buffers:           35100 kB
Cached:           242312 kB
MemTotal:        1844596 kB
MemFree:         1371600 kB
MemAvailable:    1517808 kB
Buffers:           35100 kB
Cached:           242312 kB
MemTotal:        1844596 kB
MemFree:         1372784 kB
MemAvailable:    1518992 kB
Buffers:           35100 kB
Cached:           242312 kB
MemTotal:        1844596 kB
MemFree:         1372584 kB
MemAvailable:    1518792 kB
Buffers:           35100 kB
Cached:           242312 kB
MemTotal:        1844596 kB
MemFree:         1372712 kB
MemAvailable:    1518920 kB
Buffers:           35100 kB
Cached:           242312 kB
MemTotal:        1844596 kB
MemFree:         1372420 kB
MemAvailable:    1518628 kB
Buffers:           35100 kB
Cached:           242312 kB
MemTotal:        1844596 kB
MemFree:         1371424 kB
MemAvailable:    1517632 kB
Buffers:           35100 kB
Cached:           242312 kB
MemTotal:        1844596 kB
MemFree:         1372636 kB
MemAvailable:    1518844 kB
Buffers:           35100 kB
Cached:           242312 kB
MemTotal:        1844596 kB
MemFree:         1372432 kB
MemAvailable:    1518640 kB
Buffers:           35100 kB
Cached:           242312 kB
MemTotal:        1844596 kB
MemFree:         1372228 kB
MemAvailable:    1518436 kB
Buffers:           35100 kB
Cached:           242312 kB
MemTotal:        1844596 kB
MemFree:         1372480 kB
MemAvailable:    1518688 kB
Buffers:           35100 kB
Cached:           242312 kB
MemTotal:        1844596 kB
MemFree:         1371180 kB
MemAvailable:    1517388 kB
Buffers:           35100 kB
Cached:           242312 kB
MemTotal:        1844596 kB
MemFree:         1371296 kB
MemAvailable:    1517504 kB
Buffers:           35100 kB
Cached:           242312 kB
MemTotal:        1844596 kB
MemFree:         1372596 kB
MemAvailable:    1518804 kB
Buffers:           35100 kB
Cached:           242312 kB
MemTotal:        1844596 kB
MemFree:         1372448 kB
MemAvailable:    1518656 kB
Buffers:           35100 kB
Cached:           242312 kB
MemTotal:        1844596 kB
MemFree:         1372704 kB
MemAvailable:    1518912 kB
Buffers:           35100 kB
Cached:           242312 kB
MemTotal:        1844596 kB
MemFree:         1372568 kB
MemAvailable:    1518776 kB
Buffers:           35100 kB
Cached:           242312 kB
MemTotal:        1844596 kB
MemFree:         1372732 kB
MemAvailable:    1518940 kB
Buffers:           35100 kB
Cached:           242312 kB
MemTotal:        1844596 kB
MemFree:         1372552 kB
MemAvailable:    1518760 kB
Buffers:           35100 kB
Cached:           242312 kB
MemTotal:        1844596 kB
MemFree:         1371308 kB
MemAvailable:    1517516 kB
Buffers:           35100 kB
Cached:           242312 kB
MemTotal:        1844596 kB
MemFree:         1372584 kB
MemAvailable:    1518792 kB
Buffers:           35100 kB
Cached:           242312 kB
MemTotal:        1844596 kB
MemFree:         1371732 kB
MemAvailable:    1517940 kB
Buffers:           35100 kB
Cached:           242312 kB
MemTotal:        1844596 kB
MemFree:         1372336 kB
MemAvailable:    1518544 kB
Buffers:           35100 kB
Cached:           242312 kB
MemTotal:        1844596 kB
MemFree:         1372672 kB
MemAvailable:    1518880 kB
Buffers:           35100 kB
Cached:           242312 kB
MemTotal:        1844596 kB
MemFree:         1371428 kB
MemAvailable:    1517636 kB
Buffers:           35100 kB
Cached:           242312 kB
MemTotal:        1844596 kB
MemFree:         1372676 kB
MemAvailable:    1518884 kB
Buffers:           35100 kB
Cached:           242312 kB
MemTotal:        1844596 kB
MemFree:         1371980 kB
MemAvailable:    1518188 kB
Buffers:           35100 kB
Cached:           242312 kB
MemTotal:        1844596 kB
MemFree:         1372588 kB
MemAvailable:    1518796 kB
Buffers:           35100 kB
Cached:           242312 kB
MemTotal:        1844596 kB
MemFree:         1371340 kB
MemAvailable:    1517548 kB
Buffers:           35100 kB
Cached:           242312 kB
MemTotal:        1844596 kB
MemFree:         1372600 kB
MemAvailable:    1518808 kB
Buffers:           35100 kB
Cached:           242312 kB
MemTotal:        1844596 kB
MemFree:         1372536 kB
MemAvailable:    1518744 kB
Buffers:           35100 kB
Cached:           242312 kB
MemTotal:        1844596 kB
MemFree:         1372552 kB
MemAvailable:    1518760 kB
Buffers:           35100 kB
Cached:           242312 kB
MemTotal:        1844596 kB
MemFree:         1372552 kB
MemAvailable:    1518760 kB
Buffers:           35100 kB
Cached:           242312 kB
MemTotal:        1844596 kB
MemFree:         1371484 kB
MemAvailable:    1517692 kB
Buffers:           35100 kB
Cached:           242312 kB
MemTotal:        1844596 kB
MemFree:         1372600 kB
MemAvailable:    1518808 kB
Buffers:           35100 kB
Cached:           242312 kB
MemTotal:        1844596 kB
MemFree:         1372620 kB
MemAvailable:    1518828 kB
Buffers:           35100 kB
Cached:           242312 kB
MemTotal:        1844596 kB
MemFree:         1371188 kB
MemAvailable:    1517396 kB
Buffers:           35100 kB
Cached:           242312 kB
MemTotal:        1844596 kB
MemFree:         1372488 kB
MemAvailable:    1518696 kB
Buffers:           35100 kB
Cached:           242312 kB
MemTotal:        1844596 kB
MemFree:         1371312 kB
MemAvailable:    1517520 kB
Buffers:           35100 kB
Cached:           242312 kB
MemTotal:        1844596 kB
MemFree:         1371724 kB
MemAvailable:    1517932 kB
Buffers:           35100 kB
Cached:           242312 kB
MemTotal:        1844596 kB
MemFree:         1372468 kB
MemAvailable:    1518676 kB
Buffers:           35100 kB
Cached:           242312 kB
MemTotal:        1844596 kB
MemFree:         1372720 kB
MemAvailable:    1518928 kB
Buffers:           35100 kB
Cached:           242312 kB
MemTotal:        1844596 kB
MemFree:         1371096 kB
MemAvailable:    1517304 kB
Buffers:           35100 kB
Cached:           242312 kB
MemTotal:        1844596 kB
MemFree:         1372612 kB
MemAvailable:    1518820 kB
Buffers:           35100 kB
Cached:           242312 kB
MemTotal:        1844596 kB
MemFree:         1371180 kB
MemAvailable:    1517388 kB
Buffers:           35100 kB
Cached:           242312 kB
MemTotal:        1844596 kB
MemFree:         1372648 kB
MemAvailable:    1518856 kB
Buffers:           35100 kB
Cached:           242312 kB
MemTotal:        1844596 kB
MemFree:         1372700 kB
MemAvailable:    1518908 kB
Buffers:           35100 kB
Cached:           242312 kB
MemTotal:        1844596 kB
MemFree:         1372596 kB
MemAvailable:    1518804 kB
Buffers:           35100 kB
Cached:           242312 kB
MemTotal:        1844596 kB
MemFree:         1372392 kB
MemAvailable:    1518600 kB
Buffers:           35100 kB
Cached:           242312 kB
MemTotal:        1844596 kB
MemFree:         1372228 kB
MemAvailable:    1518436 kB
Buffers:           35100 kB
Cached:           242312 kB
MemTotal:        1844596 kB
MemFree:         1372648 kB
MemAvailable:    1518856 kB
Buffers:           35100 kB
Cached:           242312 kB
MemTotal:        1844596 kB
MemFree:         1372476 kB
MemAvailable:    1518684 kB
Buffers:           35100 kB
Cached:           242312 kB
MemTotal:        1844596 kB
MemFree:         1371336 kB
MemAvailable:    1517544 kB
Buffers:           35100 kB
Cached:           242312 kB
MemTotal:        1844596 kB
MemFree:         1371312 kB
MemAvailable:    1517520 kB
Buffers:           35100 kB
Cached:           242312 kB
MemTotal:        1844596 kB
MemFree:         1371304 kB
MemAvailable:    1517512 kB
Buffers:           35100 kB
Cached:           242312 kB
MemTotal:        1844596 kB
MemFree:         1372600 kB
MemAvailable:    1518808 kB
Buffers:           35100 kB
Cached:           242312 kB
MemTotal:        1844596 kB
MemFree:         1371336 kB
MemAvailable:    1517544 kB
Buffers:           35100 kB
Cached:           242312 kB
MemTotal:        1844596 kB
MemFree:         1372568 kB
MemAvailable:    1518776 kB
Buffers:           35100 kB
Cached:           242312 kB
MemTotal:        1844596 kB
MemFree:         1371164 kB
MemAvailable:    1517372 kB
Buffers:           35100 kB
Cached:           242312 kB
MemTotal:        1844596 kB
MemFree:         1372404 kB
MemAvailable:    1518612 kB
Buffers:           35100 kB
Cached:           242312 kB
MemTotal:        1844596 kB
MemFree:         1372660 kB
MemAvailable:    1518868 kB
Buffers:           35100 kB
Cached:           242312 kB
MemTotal:        1844596 kB
MemFree:         1372448 kB
MemAvailable:    1518656 kB
Buffers:           35100 kB
Cached:           242312 kB
MemTotal:        1844596 kB
MemFree:         1372620 kB
MemAvailable:    1518828 kB
Buffers:           35100 kB
Cached:           242312 kB
MemTotal:        1844596 kB
MemFree:         1372468 kB
MemAvailable:    1518676 kB
Buffers:           35100 kB
Cached:           242312 kB
MemTotal:        1844596 kB
MemFree:         1372804 kB
MemAvailable:    1519012 kB
Buffers:           35100 kB
Cached:           242312 kB
MemTotal:        1844596 kB
MemFree:         1372428 kB
MemAvailable:    1518636 kB
Buffers:           35100 kB
Cached:           242312 kB
MemTotal:        1844596 kB
MemFree:         1371224 kB
MemAvailable:    1517432 kB
Buffers:           35100 kB
Cached:           242312 kB
MemTotal:        1844596 kB
MemFree:         1372664 kB
MemAvailable:    1518872 kB
Buffers:           35100 kB
Cached:           242312 kB
MemTotal:        1844596 kB
MemFree:         1372536 kB
MemAvailable:    1518744 kB
Buffers:           35100 kB
Cached:           242312 kB
MemTotal:        1844596 kB
MemFree:         1372496 kB
MemAvailable:    1518712 kB
Buffers:           35100 kB
Cached:           242320 kB
MemTotal:        1844596 kB
MemFree:         1372536 kB
MemAvailable:    1518752 kB
Buffers:           35100 kB
Cached:           242320 kB
MemTotal:        1844596 kB
MemFree:         1371188 kB
MemAvailable:    1517404 kB
Buffers:           35100 kB
Cached:           242320 kB
MemTotal:        1844596 kB
MemFree:         1372548 kB
MemAvailable:    1518764 kB
Buffers:           35100 kB
Cached:           242320 kB
MemTotal:        1844596 kB
MemFree:         1372236 kB
MemAvailable:    1518452 kB
Buffers:           35100 kB
Cached:           242320 kB
MemTotal:        1844596 kB
MemFree:         1372428 kB
MemAvailable:    1518644 kB
Buffers:           35100 kB
Cached:           242320 kB
MemTotal:        1844596 kB
MemFree:         1371224 kB
MemAvailable:    1517440 kB
Buffers:           35100 kB
Cached:           242320 kB
MemTotal:        1844596 kB
MemFree:         1371472 kB
MemAvailable:    1517688 kB
Buffers:           35100 kB
Cached:           242320 kB
MemTotal:        1844596 kB
MemFree:         1371340 kB
MemAvailable:    1517556 kB
Buffers:           35100 kB
Cached:           242320 kB
MemTotal:        1844596 kB
MemFree:         1372600 kB
MemAvailable:    1518816 kB
Buffers:           35100 kB
Cached:           242320 kB
MemTotal:        1844596 kB
MemFree:         1372396 kB
MemAvailable:    1518612 kB
Buffers:           35100 kB
Cached:           242320 kB
MemTotal:        1844596 kB
MemFree:         1372352 kB
MemAvailable:    1518568 kB
Buffers:           35100 kB
Cached:           242320 kB
MemTotal:        1844596 kB
MemFree:         1372540 kB
MemAvailable:    1518756 kB
Buffers:           35100 kB
Cached:           242320 kB
MemTotal:        1844596 kB
MemFree:         1372484 kB
MemAvailable:    1518700 kB
Buffers:           35100 kB
Cached:           242320 kB
MemTotal:        1844596 kB
MemFree:         1371180 kB
MemAvailable:    1517396 kB
Buffers:           35100 kB
Cached:           242320 kB
MemTotal:        1844596 kB
MemFree:         1372716 kB
MemAvailable:    1518932 kB
Buffers:           35100 kB
Cached:           242320 kB
MemTotal:        1844596 kB
MemFree:         1372520 kB
MemAvailable:    1518736 kB
Buffers:           35100 kB
Cached:           242320 kB
MemTotal:        1844596 kB
MemFree:         1372448 kB
MemAvailable:    1518664 kB
Buffers:           35100 kB
Cached:           242320 kB
MemTotal:        1844596 kB
MemFree:         1371072 kB
MemAvailable:    1517288 kB
Buffers:           35100 kB
Cached:           242320 kB
MemTotal:        1844596 kB
MemFree:         1372600 kB
MemAvailable:    1518816 kB
Buffers:           35100 kB
Cached:           242320 kB
MemTotal:        1844596 kB
MemFree:         1371312 kB
MemAvailable:    1517528 kB
Buffers:           35100 kB
Cached:           242320 kB
MemTotal:        1844596 kB
MemFree:         1372660 kB
MemAvailable:    1518876 kB
Buffers:           35100 kB
Cached:           242320 kB
MemTotal:        1844596 kB
MemFree:         1373528 kB
MemAvailable:    1519744 kB
Buffers:           35100 kB
Cached:           242320 kB
MemTotal:        1844596 kB
MemFree:         1372220 kB
MemAvailable:    1518436 kB
Buffers:           35100 kB
Cached:           242320 kB
MemTotal:        1844596 kB
MemFree:         1371848 kB
MemAvailable:    1518064 kB
Buffers:           35100 kB
Cached:           242320 kB
MemTotal:        1844596 kB
MemFree:         1371848 kB
MemAvailable:    1518064 kB
Buffers:           35100 kB
Cached:           242320 kB
MemTotal:        1844596 kB
MemFree:         1372844 kB
MemAvailable:    1519060 kB
Buffers:           35100 kB
Cached:           242320 kB
MemTotal:        1844596 kB
MemFree:         1371856 kB
MemAvailable:    1518072 kB
Buffers:           35100 kB
Cached:           242320 kB
MemTotal:        1844596 kB
MemFree:         1372676 kB
MemAvailable:    1518892 kB
Buffers:           35100 kB
Cached:           242320 kB
MemTotal:        1844596 kB
MemFree:         1372560 kB
MemAvailable:    1518776 kB
Buffers:           35100 kB
Cached:           242320 kB
MemTotal:        1844596 kB
MemFree:         1371436 kB
MemAvailable:    1517652 kB
Buffers:           35100 kB
Cached:           242320 kB
MemTotal:        1844596 kB
MemFree:         1372736 kB
MemAvailable:    1518952 kB
Buffers:           35108 kB
Cached:           242312 kB
MemTotal:        1844596 kB
MemFree:         1372480 kB
MemAvailable:    1518696 kB
Buffers:           35108 kB
Cached:           242312 kB
MemTotal:        1844596 kB
MemFree:         1375948 kB
MemAvailable:    1522164 kB
Buffers:           35108 kB
Cached:           242312 kB
MemTotal:        1844596 kB
MemFree:         1373280 kB
MemAvailable:    1519504 kB
Buffers:           35108 kB
Cached:           242320 kB
MemTotal:        1844596 kB
MemFree:         1373276 kB
MemAvailable:    1519500 kB
Buffers:           35108 kB
Cached:           242320 kB
MemTotal:        1844596 kB
MemFree:         1373276 kB
MemAvailable:    1519500 kB
Buffers:           35108 kB
Cached:           242320 kB
MemTotal:        1844596 kB
MemFree:         1372976 kB
MemAvailable:    1519200 kB
Buffers:           35108 kB
Cached:           242320 kB
MemTotal:        1844596 kB
MemFree:         1372760 kB
MemAvailable:    1518984 kB
Buffers:           35108 kB
Cached:           242320 kB
MemTotal:        1844596 kB
MemFree:         1372880 kB
MemAvailable:    1519104 kB
Buffers:           35108 kB
Cached:           242320 kB
MemTotal:        1844596 kB
MemFree:         1372924 kB
MemAvailable:    1519148 kB
Buffers:           35108 kB
Cached:           242320 kB
MemTotal:        1844596 kB
MemFree:         1372676 kB
MemAvailable:    1518900 kB
Buffers:           35108 kB
Cached:           242320 kB
MemTotal:        1844596 kB
MemFree:         1372932 kB
MemAvailable:    1519156 kB
Buffers:           35108 kB
Cached:           242320 kB
MemTotal:        1844596 kB
MemFree:         1372644 kB
MemAvailable:    1518868 kB
Buffers:           35108 kB
Cached:           242320 kB
MemTotal:        1844596 kB
MemFree:         1372772 kB
MemAvailable:    1518996 kB
Buffers:           35108 kB
Cached:           242320 kB
MemTotal:        1844596 kB
MemFree:         1372512 kB
MemAvailable:    1518736 kB
Buffers:           35108 kB
Cached:           242320 kB
MemTotal:        1844596 kB
MemFree:         1371236 kB
MemAvailable:    1517460 kB
Buffers:           35108 kB
Cached:           242320 kB
MemTotal:        1844596 kB
MemFree:         1371320 kB
MemAvailable:    1517544 kB
Buffers:           35108 kB
Cached:           242320 kB
MemTotal:        1844596 kB
MemFree:         1372544 kB
MemAvailable:    1518768 kB
Buffers:           35108 kB
Cached:           242320 kB
MemTotal:        1844596 kB
MemFree:         1371228 kB
MemAvailable:    1517452 kB
Buffers:           35108 kB
Cached:           242320 kB
MemTotal:        1844596 kB
MemFree:         1372428 kB
MemAvailable:    1518652 kB
Buffers:           35108 kB
Cached:           242320 kB
MemTotal:        1844596 kB
MemFree:         1372332 kB
MemAvailable:    1518556 kB
Buffers:           35108 kB
Cached:           242320 kB
MemTotal:        1844596 kB
MemFree:         1372668 kB
MemAvailable:    1518892 kB
Buffers:           35108 kB
Cached:           242320 kB
MemTotal:        1844596 kB
MemFree:         1371168 kB
MemAvailable:    1517392 kB
Buffers:           35108 kB
Cached:           242320 kB
MemTotal:        1844596 kB
MemFree:         1372536 kB
MemAvailable:    1518760 kB
Buffers:           35108 kB
Cached:           242320 kB
MemTotal:        1844596 kB
MemFree:         1371208 kB
MemAvailable:    1517432 kB
Buffers:           35108 kB
Cached:           242320 kB
MemTotal:        1844596 kB
MemFree:         1372380 kB
MemAvailable:    1518604 kB
Buffers:           35108 kB
Cached:           242320 kB
MemTotal:        1844596 kB
MemFree:         1372352 kB
MemAvailable:    1518576 kB
Buffers:           35108 kB
Cached:           242320 kB
MemTotal:        1844596 kB
MemFree:         1372648 kB
MemAvailable:    1518872 kB
Buffers:           35108 kB
Cached:           242320 kB
MemTotal:        1844596 kB
MemFree:         1371168 kB
MemAvailable:    1517392 kB
Buffers:           35108 kB
Cached:           242320 kB
MemTotal:        1844596 kB
MemFree:         1372524 kB
MemAvailable:    1518748 kB
Buffers:           35108 kB
Cached:           242320 kB
MemTotal:        1844596 kB
MemFree:         1372512 kB
MemAvailable:    1518736 kB
Buffers:           35108 kB
Cached:           242320 kB
MemTotal:        1844596 kB
MemFree:         1372464 kB
MemAvailable:    1518688 kB
Buffers:           35108 kB
Cached:           242320 kB
MemTotal:        1844596 kB
MemFree:         1371200 kB
MemAvailable:    1517424 kB
Buffers:           35108 kB
Cached:           242320 kB
MemTotal:        1844596 kB
MemFree:         1372344 kB
MemAvailable:    1518568 kB
Buffers:           35108 kB
Cached:           242320 kB
MemTotal:        1844596 kB
MemFree:         1372680 kB
MemAvailable:    1518904 kB
Buffers:           35108 kB
Cached:           242320 kB
MemTotal:        1844596 kB
MemFree:         1372488 kB
MemAvailable:    1518712 kB
Buffers:           35108 kB
Cached:           242320 kB
MemTotal:        1844596 kB
MemFree:         1371472 kB
MemAvailable:    1517696 kB
Buffers:           35108 kB
Cached:           242320 kB
MemTotal:        1844596 kB
MemFree:         1371224 kB
MemAvailable:    1517448 kB
Buffers:           35108 kB
Cached:           242320 kB
MemTotal:        1844596 kB
MemFree:         1372548 kB
MemAvailable:    1518780 kB
Buffers:           35108 kB
Cached:           242328 kB
MemTotal:        1844596 kB
MemFree:         1372112 kB
MemAvailable:    1518344 kB
Buffers:           35108 kB
Cached:           242328 kB
MemTotal:        1844596 kB
MemFree:         1372332 kB
MemAvailable:    1518568 kB
Buffers:           35108 kB
Cached:           242332 kB
MemTotal:        1844596 kB
MemFree:         1372668 kB
MemAvailable:    1518904 kB
Buffers:           35108 kB
Cached:           242332 kB
MemTotal:        1844596 kB
MemFree:         1372352 kB
MemAvailable:    1518588 kB
Buffers:           35108 kB
Cached:           242332 kB
MemTotal:        1844596 kB
MemFree:         1372688 kB
MemAvailable:    1518924 kB
Buffers:           35108 kB
Cached:           242332 kB
MemTotal:        1844596 kB
MemFree:         1372412 kB
MemAvailable:    1518648 kB
Buffers:           35108 kB
Cached:           242332 kB
MemTotal:        1844596 kB
MemFree:         1372296 kB
MemAvailable:    1518532 kB
Buffers:           35108 kB
Cached:           242332 kB
MemTotal:        1844596 kB
MemFree:         1372632 kB
MemAvailable:    1518868 kB
Buffers:           35108 kB
Cached:           242332 kB
MemTotal:        1844596 kB
MemFree:         1372416 kB
MemAvailable:    1518652 kB
Buffers:           35108 kB
Cached:           242332 kB
MemTotal:        1844596 kB
MemFree:         1372236 kB
MemAvailable:    1518472 kB
Buffers:           35108 kB
Cached:           242332 kB
MemTotal:        1844596 kB
MemFree:         1371224 kB
MemAvailable:    1517460 kB
Buffers:           35108 kB
Cached:           242332 kB
MemTotal:        1844596 kB
MemFree:         1372416 kB
MemAvailable:    1518652 kB
Buffers:           35108 kB
Cached:           242332 kB
MemTotal:        1844596 kB
MemFree:         1371932 kB
MemAvailable:    1518168 kB
Buffers:           35108 kB
Cached:           242332 kB
MemTotal:        1844596 kB
MemFree:         1372220 kB
MemAvailable:    1518456 kB
Buffers:           35108 kB
Cached:           242332 kB
MemTotal:        1844596 kB
MemFree:         1372556 kB
MemAvailable:    1518792 kB
Buffers:           35108 kB
Cached:           242332 kB
MemTotal:        1844596 kB
MemFree:         1372484 kB
MemAvailable:    1518720 kB
Buffers:           35108 kB
Cached:           242332 kB
MemTotal:        1844596 kB
MemFree:         1372560 kB
MemAvailable:    1518796 kB
Buffers:           35108 kB
Cached:           242332 kB
MemTotal:        1844596 kB
MemFree:         1371064 kB
MemAvailable:    1517300 kB
Buffers:           35108 kB
Cached:           242332 kB
MemTotal:        1844596 kB
MemFree:         1371196 kB
MemAvailable:    1517432 kB
Buffers:           35108 kB
Cached:           242332 kB
MemTotal:        1844596 kB
MemFree:         1371320 kB
MemAvailable:    1517556 kB
Buffers:           35108 kB
Cached:           242332 kB
MemTotal:        1844596 kB
MemFree:         1371732 kB
MemAvailable:    1517968 kB
Buffers:           35108 kB
Cached:           242332 kB
MemTotal:        1844596 kB
MemFree:         1372332 kB
MemAvailable:    1518568 kB
Buffers:           35108 kB
Cached:           242332 kB
MemTotal:        1844596 kB
MemFree:         1372668 kB
MemAvailable:    1518904 kB
Buffers:           35108 kB
Cached:           242332 kB
MemTotal:        1844596 kB
MemFree:         1377256 kB
MemAvailable:    1523492 kB
Buffers:           35108 kB
Cached:           242332 kB
MemTotal:        1844596 kB
MemFree:         1372360 kB
MemAvailable:    1518596 kB
Buffers:           35108 kB
Cached:           242332 kB
MemTotal:        1844596 kB
MemFree:         1372104 kB
MemAvailable:    1518340 kB
Buffers:           35108 kB
Cached:           242332 kB
MemTotal:        1844596 kB
MemFree:         1372840 kB
MemAvailable:    1519076 kB
Buffers:           35108 kB
Cached:           242332 kB
MemTotal:        1844596 kB
MemFree:         1373092 kB
MemAvailable:    1519328 kB
Buffers:           35108 kB
Cached:           242332 kB
MemTotal:        1844596 kB
MemFree:         1371560 kB
MemAvailable:    1517796 kB
Buffers:           35108 kB
Cached:           242332 kB
MemTotal:        1844596 kB
MemFree:         1371560 kB
MemAvailable:    1517796 kB
Buffers:           35108 kB
Cached:           242332 kB
MemTotal:        1844596 kB
MemFree:         1371552 kB
MemAvailable:    1517788 kB
Buffers:           35108 kB
Cached:           242332 kB
MemTotal:        1844596 kB
MemFree:         1371684 kB
MemAvailable:    1517920 kB
Buffers:           35108 kB
Cached:           242332 kB
MemTotal:        1844596 kB
MemFree:         1371684 kB
MemAvailable:    1517920 kB
Buffers:           35108 kB
Cached:           242332 kB
MemTotal:        1844596 kB
MemFree:         1371676 kB
MemAvailable:    1517912 kB
Buffers:           35108 kB
Cached:           242332 kB
MemTotal:        1844596 kB
MemFree:         1371484 kB
MemAvailable:    1517804 kB
Buffers:           35108 kB
Cached:           242456 kB
MemTotal:        1844596 kB
MemFree:         1371484 kB
MemAvailable:    1517888 kB
Buffers:           35108 kB
Cached:           242580 kB
MemTotal:        1844596 kB
MemFree:         1372344 kB
MemAvailable:    1519000 kB
Buffers:           35108 kB
Cached:           242704 kB
MemTotal:        1844596 kB
MemFree:         1372112 kB
MemAvailable:    1518768 kB
Buffers:           35108 kB
Cached:           242704 kB
MemTotal:        1844596 kB
MemFree:         1370832 kB
MemAvailable:    1517572 kB
Buffers:           35108 kB
Cached:           242828 kB
MemTotal:        1844596 kB
MemFree:         1372132 kB
MemAvailable:    1518956 kB
Buffers:           35108 kB
Cached:           242828 kB
MemTotal:        1844596 kB
MemFree:         1372008 kB
MemAvailable:    1518832 kB
Buffers:           35108 kB
Cached:           242952 kB
MemTotal:        1844596 kB
MemFree:         1370700 kB
MemAvailable:    1517524 kB
Buffers:           35108 kB
Cached:           242952 kB
MemTotal:        1844596 kB
MemFree:         1371676 kB
MemAvailable:    1518500 kB
Buffers:           35108 kB
Cached:           242952 kB
MemTotal:        1844596 kB
MemFree:         1372012 kB
MemAvailable:    1518836 kB
Buffers:           35108 kB
Cached:           242952 kB
MemTotal:        1844596 kB
MemFree:         1370560 kB
MemAvailable:    1517384 kB
Buffers:           35108 kB
Cached:           242952 kB
MemTotal:        1844596 kB
MemFree:         1372096 kB
MemAvailable:    1518920 kB
Buffers:           35108 kB
Cached:           242952 kB
MemTotal:        1844596 kB
MemFree:         1372220 kB
MemAvailable:    1518456 kB
Buffers:           35108 kB
Cached:           242404 kB
MemTotal:        1844596 kB
MemFree:         1372104 kB
MemAvailable:    1518340 kB
Buffers:           35108 kB
Cached:           242404 kB
MemTotal:        1844596 kB
MemFree:         1448140 kB
MemAvailable:    1594460 kB
Buffers:           35108 kB
Cached:           242404 kB
