MemTotal:        1844596 kB
MemFree:         1470456 kB
MemAvailable:    1576180 kB
Buffers:           29472 kB
Cached:           207300 kB
MemTotal:        1844596 kB
MemFree:         1468472 kB
MemAvailable:    1574196 kB
Buffers:           29472 kB
Cached:           207300 kB
MemTotal:        1844596 kB
MemFree:         1466480 kB
MemAvailable:    1572204 kB
Buffers:           29472 kB
Cached:           207300 kB
MemTotal:        1844596 kB
MemFree:         1465556 kB
MemAvailable:    1571280 kB
Buffers:           29472 kB
Cached:           207300 kB
MemTotal:        1844596 kB
MemFree:         1464372 kB
MemAvailable:    1570096 kB
Buffers:           29472 kB
Cached:           207300 kB
MemTotal:        1844596 kB
MemFree:         1463868 kB
MemAvailable:    1569592 kB
Buffers:           29472 kB
Cached:           207300 kB
MemTotal:        1844596 kB
MemFree:         1462588 kB
MemAvailable:    1568312 kB
Buffers:           29472 kB
Cached:           207300 kB
MemTotal:        1844596 kB
MemFree:         1462388 kB
MemAvailable:    1568112 kB
Buffers:           29472 kB
Cached:           207300 kB
MemTotal:        1844596 kB
MemFree:         1459444 kB
MemAvailable:    1565168 kB
Buffers:           29472 kB
Cached:           207300 kB
MemTotal:        1844596 kB
MemFree:         1458420 kB
MemAvailable:    1564144 kB
Buffers:           29472 kB
Cached:           207300 kB
MemTotal:        1844596 kB
MemFree:         1457212 kB
MemAvailable:    1562936 kB
Buffers:           29472 kB
Cached:           207300 kB
MemTotal:        1844596 kB
MemFree:         1454280 kB
MemAvailable:    1560004 kB
Buffers:           29472 kB
Cached:           207300 kB
MemTotal:        1844596 kB
MemFree:         1454128 kB
MemAvailable:    1559852 kB
Buffers:           29472 kB
Cached:           207300 kB
MemTotal:        1844596 kB
MemFree:         1454380 kB
MemAvailable:    1560104 kB
Buffers:           29472 kB
Cached:           207300 kB
MemTotal:        1844596 kB
MemFree:         1453004 kB
MemAvailable:    1558732 kB
Buffers:           29472 kB
Cached:           207304 kB
MemTotal:        1844596 kB
MemFree:         1453004 kB
MemAvailable:    1558732 kB
Buffers:           29472 kB
Cached:           207304 kB
MemTotal:        1844596 kB
MemFree:         1453004 kB
MemAvailable:    1558732 kB
Buffers:           29472 kB
Cached:           207304 kB
MemTotal:        1844596 kB
MemFree:         1452756 kB
MemAvailable:    1558484 kB
Buffers:           29472 kB
Cached:           207304 kB
MemTotal:        1844596 kB
MemFree:         1452940 kB
MemAvailable:    1558668 kB
Buffers:           29472 kB
Cached:           207304 kB
MemTotal:        1844596 kB
MemFree:         1452072 kB
MemAvailable:    1557800 kB
Buffers:           29472 kB
Cached:           207304 kB
MemTotal:        1844596 kB
MemFree:         1450344 kB
MemAvailable:    1556072 kB
Buffers:           29472 kB
Cached:           207304 kB
MemTotal:        1844596 kB
MemFree:         1450504 kB
MemAvailable:    1556232 kB
Buffers:           29472 kB
Cached:           207304 kB
MemTotal:        1844596 kB
MemFree:         1450596 kB
MemAvailable:    1556324 kB
Buffers:           29472 kB
Cached:           207304 kB
MemTotal:        1844596 kB
MemFree:         1450508 kB
MemAvailable:    1556236 kB
Buffers:           29472 kB
Cached:           207304 kB
MemTotal:        1844596 kB
MemFree:         1451760 kB
MemAvailable:    1557488 kB
Buffers:           29472 kB
Cached:           207304 kB
MemTotal:        1844596 kB
MemFree:         1451852 kB
MemAvailable:    1557580 kB
Buffers:           29472 kB
Cached:           207304 kB
MemTotal:        1844596 kB
MemFree:         1451556 kB
MemAvailable:    1557284 kB
Buffers:           29472 kB
Cached:           207304 kB
MemTotal:        1844596 kB
MemFree:         1451640 kB
MemAvailable:    1557368 kB
Buffers:           29472 kB
Cached:           207304 kB
MemTotal:        1844596 kB
MemFree:         1453064 kB
MemAvailable:    1558792 kB
Buffers:           29472 kB
Cached:           207304 kB
MemTotal:        1844596 kB
MemFree:         1453204 kB
MemAvailable:    1558932 kB
Buffers:           29484 kB
Cached:           207292 kB
MemTotal:        1844596 kB
MemFree:         1451392 kB
MemAvailable:    1557120 kB
Buffers:           29484 kB
Cached:           207292 kB
MemTotal:        1844596 kB
MemFree:         1449532 kB
MemAvailable:    1555260 kB
Buffers:           29484 kB
Cached:           207292 kB
MemTotal:        1844596 kB
MemFree:         1448284 kB
MemAvailable:    1554012 kB
Buffers:           29484 kB
Cached:           207292 kB
MemTotal:        1844596 kB
MemFree:         1448896 kB
MemAvailable:    1554624 kB
Buffers:           29484 kB
Cached:           207292 kB
MemTotal:        1844596 kB
MemFree:         1448896 kB
MemAvailable:    1554624 kB
Buffers:           29484 kB
Cached:           207292 kB
MemTotal:        1844596 kB
MemFree:         1447276 kB
MemAvailable:    1553004 kB
Buffers:           29484 kB
Cached:           207292 kB
MemTotal:        1844596 kB
MemFree:         1447788 kB
MemAvailable:    1553516 kB
Buffers:           29484 kB
Cached:           207292 kB
MemTotal:        1844596 kB
MemFree:         1447044 kB
MemAvailable:    1552772 kB
Buffers:           29484 kB
Cached:           207292 kB
MemTotal:        1844596 kB
MemFree:         1447500 kB
MemAvailable:    1553228 kB
Buffers:           29484 kB
Cached:           207292 kB
MemTotal:        1844596 kB
MemFree:         1447756 kB
MemAvailable:    1553484 kB
Buffers:           29484 kB
Cached:           207292 kB
MemTotal:        1844596 kB
MemFree:         1447540 kB
MemAvailable:    1553268 kB
Buffers:           29484 kB
Cached:           207292 kB
MemTotal:        1844596 kB
MemFree:         1447792 kB
MemAvailable:    1553520 kB
Buffers:           29484 kB
Cached:           207292 kB
MemTotal:        1844596 kB
MemFree:         1447560 kB
MemAvailable:    1553288 kB
Buffers:           29484 kB
Cached:           207292 kB
MemTotal:        1844596 kB
MemFree:         1446804 kB
MemAvailable:    1552532 kB
Buffers:           29484 kB
Cached:           207292 kB
MemTotal:        1844596 kB
MemFree:         1447228 kB
MemAvailable:    1552956 kB
Buffers:           29484 kB
Cached:           207292 kB
MemTotal:        1844596 kB
MemFree:         1447396 kB
MemAvailable:    1553124 kB
Buffers:           29484 kB
Cached:           207292 kB
MemTotal:        1844596 kB
MemFree:         1447180 kB
MemAvailable:    1552908 kB
Buffers:           29484 kB
Cached:           207292 kB
MemTotal:        1844596 kB
MemFree:         1445748 kB
MemAvailable:    1551476 kB
Buffers:           29484 kB
Cached:           207292 kB
MemTotal:        1844596 kB
MemFree:         1445176 kB
MemAvailable:    1550904 kB
Buffers:           29484 kB
Cached:           207292 kB
MemTotal:        1844596 kB
MemFree:         1445168 kB
MemAvailable:    1550896 kB
Buffers:           29484 kB
Cached:           207292 kB
MemTotal:        1844596 kB
MemFree:         1446600 kB
MemAvailable:    1552328 kB
Buffers:           29484 kB
Cached:           207292 kB
MemTotal:        1844596 kB
MemFree:         1445252 kB
MemAvailable:    1550980 kB
Buffers:           29484 kB
Cached:           207292 kB
MemTotal:        1844596 kB
MemFree:         1446352 kB
MemAvailable:    1552080 kB
Buffers:           29484 kB
Cached:           207292 kB
MemTotal:        1844596 kB
MemFree:         1446288 kB
MemAvailable:    1552016 kB
Buffers:           29484 kB
Cached:           207292 kB
MemTotal:        1844596 kB
MemFree:         1446484 kB
MemAvailable:    1552212 kB
Buffers:           29484 kB
Cached:           207292 kB
MemTotal:        1844596 kB
MemFree:         1445688 kB
MemAvailable:    1551416 kB
Buffers:           29484 kB
Cached:           207292 kB
MemTotal:        1844596 kB
MemFree:         1446604 kB
MemAvailable:    1552332 kB
Buffers:           29484 kB
Cached:           207292 kB
MemTotal:        1844596 kB
MemFree:         1446616 kB
MemAvailable:    1552344 kB
Buffers:           29484 kB
Cached:           207292 kB
MemTotal:        1844596 kB
MemFree:         1445268 kB
MemAvailable:    1550996 kB
Buffers:           29484 kB
Cached:           207292 kB
MemTotal:        1844596 kB
MemFree:         1446312 kB
MemAvailable:    1552040 kB
Buffers:           29484 kB
Cached:           207292 kB
MemTotal:        1844596 kB
MemFree:         1446312 kB
MemAvailable:    1552040 kB
Buffers:           29484 kB
Cached:           207292 kB
MemTotal:        1844596 kB
MemFree:         1446184 kB
MemAvailable:    1551912 kB
Buffers:           29484 kB
Cached:           207292 kB
MemTotal:        1844596 kB
MemFree:         1445672 kB
MemAvailable:    1551400 kB
Buffers:           29484 kB
Cached:           207292 kB
MemTotal:        1844596 kB
MemFree:         1445872 kB
MemAvailable:    1551600 kB
Buffers:           29484 kB
Cached:           207292 kB
MemTotal:        1844596 kB
MemFree:         1445544 kB
MemAvailable:    1551272 kB
Buffers:           29484 kB
Cached:           207292 kB
MemTotal:        1844596 kB
MemFree:         1445388 kB
MemAvailable:    1551116 kB
Buffers:           29484 kB
Cached:           207292 kB
MemTotal:        1844596 kB
MemFree:         1445560 kB
MemAvailable:    1551288 kB
Buffers:           29484 kB
Cached:           207292 kB
MemTotal:        1844596 kB
MemFree:         1445660 kB
MemAvailable:    1551388 kB
Buffers:           29484 kB
Cached:           207292 kB
MemTotal:        1844596 kB
MemFree:         1445660 kB
MemAvailable:    1551388 kB
Buffers:           29484 kB
Cached:           207292 kB
MemTotal:        1844596 kB
MemFree:         1445700 kB
MemAvailable:    1551428 kB
Buffers:           29484 kB
Cached:           207292 kB
MemTotal:        1844596 kB
MemFree:         1445676 kB
MemAvailable:    1551404 kB
Buffers:           29484 kB
Cached:           207292 kB
MemTotal:        1844596 kB
MemFree:         1445068 kB
MemAvailable:    1550796 kB
Buffers:           29484 kB
Cached:           207292 kB
MemTotal:        1844596 kB
MemFree:         1443564 kB
MemAvailable:    1549292 kB
Buffers:           29484 kB
Cached:           207292 kB
MemTotal:        1844596 kB
MemFree:         1443564 kB
MemAvailable:    1549292 kB
Buffers:           29484 kB
Cached:           207292 kB
MemTotal:        1844596 kB
MemFree:         1439224 kB
MemAvailable:    1544952 kB
Buffers:           29484 kB
Cached:           207292 kB
MemTotal:        1844596 kB
MemFree:         1439064 kB
MemAvailable:    1544792 kB
Buffers:           29484 kB
Cached:           207292 kB
MemTotal:        1844596 kB
MemFree:         1438000 kB
MemAvailable:    1543728 kB
Buffers:           29484 kB
Cached:           207292 kB
MemTotal:        1844596 kB
MemFree:         1437740 kB
MemAvailable:    1543468 kB
Buffers:           29484 kB
Cached:           207292 kB
MemTotal:        1844596 kB
MemFree:         1436452 kB
MemAvailable:    1542180 kB
Buffers:           29484 kB
Cached:           207292 kB
MemTotal:        1844596 kB
MemFree:         1436312 kB
MemAvailable:    1542040 kB
Buffers:           29484 kB
Cached:           207292 kB
MemTotal:        1844596 kB
MemFree:         1437596 kB
MemAvailable:    1543324 kB
Buffers:           29484 kB
Cached:           207292 kB
MemTotal:        1844596 kB
MemFree:         1437760 kB
MemAvailable:    1543488 kB
Buffers:           29484 kB
Cached:           207292 kB
MemTotal:        1844596 kB
MemFree:         1437440 kB
MemAvailable:    1543168 kB
Buffers:           29484 kB
Cached:           207292 kB
MemTotal:        1844596 kB
MemFree:         1437776 kB
MemAvailable:    1543504 kB
Buffers:           29484 kB
Cached:           207292 kB
MemTotal:        1844596 kB
MemFree:         1436368 kB
MemAvailable:    1542096 kB
Buffers:           29484 kB
Cached:           207292 kB
MemTotal:        1844596 kB
MemFree:         1437668 kB
MemAvailable:    1543396 kB
Buffers:           29484 kB
Cached:           207292 kB
MemTotal:        1844596 kB
MemFree:         1437864 kB
MemAvailable:    1543592 kB
Buffers:           29484 kB
Cached:           207292 kB
MemTotal:        1844596 kB
MemFree:         1437800 kB
MemAvailable:    1543528 kB
Buffers:           29484 kB
Cached:           207292 kB
MemTotal:        1844596 kB
MemFree:         1436332 kB
MemAvailable:    1542080 kB
Buffers:           29484 kB
Cached:           207312 kB
MemTotal:        1844596 kB
MemFree:         1437580 kB
MemAvailable:    1543328 kB
Buffers:           29484 kB
Cached:           207312 kB
MemTotal:        1844596 kB
MemFree:         1437836 kB
MemAvailable:    1543584 kB
Buffers:           29484 kB
Cached:           207312 kB
MemTotal:        1844596 kB
MemFree:         1436248 kB
MemAvailable:    1541996 kB
Buffers:           29484 kB
Cached:           207312 kB
MemTotal:        1844596 kB
MemFree:         1436008 kB
MemAvailable:    1541756 kB
Buffers:           29484 kB
Cached:           207312 kB
MemTotal:        1844596 kB
MemFree:         1436796 kB
MemAvailable:    1542544 kB
Buffers:           29484 kB
Cached:           207312 kB
MemTotal:        1844596 kB
MemFree:         1436620 kB
MemAvailable:    1542368 kB
Buffers:           29484 kB
Cached:           207312 kB
MemTotal:        1844596 kB
MemFree:         1434900 kB
MemAvailable:    1540648 kB
Buffers:           29484 kB
Cached:           207312 kB
MemTotal:        1844596 kB
MemFree:         1434900 kB
MemAvailable:    1540648 kB
Buffers:           29484 kB
Cached:           207312 kB
MemTotal:        1844596 kB
MemFree:         1434644 kB
MemAvailable:    1540392 kB
Buffers:           29484 kB
Cached:           207312 kB
MemTotal:        1844596 kB
MemFree:         1433652 kB
MemAvailable:    1539400 kB
Buffers:           29484 kB
Cached:           207312 kB
MemTotal:        1844596 kB
MemFree:         1433652 kB
MemAvailable:    1539400 kB
Buffers:           29484 kB
Cached:           207312 kB
MemTotal:        1844596 kB
MemFree:         1433404 kB
MemAvailable:    1539152 kB
Buffers:           29484 kB
Cached:           207312 kB
MemTotal:        1844596 kB
MemFree:         1433032 kB
MemAvailable:    1538780 kB
Buffers:           29484 kB
Cached:           207312 kB
MemTotal:        1844596 kB
MemFree:         1434208 kB
MemAvailable:    1539956 kB
Buffers:           29484 kB
Cached:           207312 kB
MemTotal:        1844596 kB
MemFree:         1434144 kB
MemAvailable:    1539892 kB
Buffers:           29484 kB
Cached:           207312 kB
MemTotal:        1844596 kB
MemFree:         1432668 kB
MemAvailable:    1538416 kB
Buffers:           29484 kB
Cached:           207312 kB
MemTotal:        1844596 kB
MemFree:         1432784 kB
MemAvailable:    1538532 kB
Buffers:           29484 kB
Cached:           207312 kB
MemTotal:        1844596 kB
MemFree:         1433836 kB
MemAvailable:    1539584 kB
Buffers:           29484 kB
Cached:           207312 kB
MemTotal:        1844596 kB
MemFree:         1432488 kB
MemAvailable:    1538236 kB
Buffers:           29484 kB
Cached:           207312 kB
MemTotal:        1844596 kB
MemFree:         1432480 kB
MemAvailable:    1538228 kB
Buffers:           29484 kB
Cached:           207312 kB
MemTotal:        1844596 kB
MemFree:         1432660 kB
MemAvailable:    1538408 kB
Buffers:           29484 kB
Cached:           207312 kB
MemTotal:        1844596 kB
MemFree:         1433472 kB
MemAvailable:    1539220 kB
Buffers:           29484 kB
Cached:           207312 kB
MemTotal:        1844596 kB
MemFree:         1432648 kB
MemAvailable:    1538396 kB
Buffers:           29484 kB
Cached:           207312 kB
MemTotal:        1844596 kB
MemFree:         1432172 kB
MemAvailable:    1537920 kB
Buffers:           29484 kB
Cached:           207312 kB
MemTotal:        1844596 kB
MemFree:         1432296 kB
MemAvailable:    1538044 kB
Buffers:           29484 kB
Cached:           207312 kB
MemTotal:        1844596 kB
MemFree:         1433044 kB
MemAvailable:    1538792 kB
Buffers:           29484 kB
Cached:           207312 kB
MemTotal:        1844596 kB
MemFree:         1425832 kB
MemAvailable:    1531580 kB
Buffers:           29484 kB
Cached:           207312 kB
MemTotal:        1844596 kB
MemFree:         1425916 kB
MemAvailable:    1531664 kB
Buffers:           29484 kB
Cached:           207312 kB
MemTotal:        1844596 kB
MemFree:         1424596 kB
MemAvailable:    1530344 kB
Buffers:           29484 kB
Cached:           207312 kB
MemTotal:        1844596 kB
MemFree:         1425960 kB
MemAvailable:    1531708 kB
Buffers:           29484 kB
Cached:           207312 kB
MemTotal:        1844596 kB
MemFree:         1425104 kB
MemAvailable:    1530852 kB
Buffers:           29484 kB
Cached:           207312 kB
MemTotal:        1844596 kB
MemFree:         1426156 kB
MemAvailable:    1531912 kB
Buffers:           29484 kB
Cached:           207320 kB
MemTotal:        1844596 kB
MemFree:         1424848 kB
MemAvailable:    1530604 kB
Buffers:           29484 kB
Cached:           207320 kB
MemTotal:        1844596 kB
MemFree:         1426468 kB
MemAvailable:    1532224 kB
Buffers:           29484 kB
Cached:           207320 kB
MemTotal:        1844596 kB
MemFree:         1424544 kB
MemAvailable:    1530300 kB
Buffers:           29484 kB
Cached:           207320 kB
MemTotal:        1844596 kB
MemFree:         1423120 kB
MemAvailable:    1528876 kB
Buffers:           29484 kB
Cached:           207320 kB
MemTotal:        1844596 kB
MemFree:         1423980 kB
MemAvailable:    1529736 kB
Buffers:           29484 kB
Cached:           207320 kB
MemTotal:        1844596 kB
MemFree:         1423748 kB
MemAvailable:    1529504 kB
Buffers:           29484 kB
Cached:           207320 kB
MemTotal:        1844596 kB
MemFree:         1423352 kB
MemAvailable:    1529108 kB
Buffers:           29484 kB
Cached:           207320 kB
MemTotal:        1844596 kB
MemFree:         1423688 kB
MemAvailable:    1529444 kB
Buffers:           29484 kB
Cached:           207320 kB
MemTotal:        1844596 kB
MemFree:         1422236 kB
MemAvailable:    1527992 kB
Buffers:           29484 kB
Cached:           207320 kB
MemTotal:        1844596 kB
MemFree:         1423328 kB
MemAvailable:    1529084 kB
Buffers:           29484 kB
Cached:           207320 kB
MemTotal:        1844596 kB
MemFree:         1421952 kB
MemAvailable:    1527708 kB
Buffers:           29484 kB
Cached:           207320 kB
MemTotal:        1844596 kB
MemFree:         1421828 kB
MemAvailable:    1527584 kB
Buffers:           29484 kB
Cached:           207320 kB
MemTotal:        1844596 kB
MemFree:         1421820 kB
MemAvailable:    1527576 kB
Buffers:           29484 kB
Cached:           207320 kB
MemTotal:        1844596 kB
MemFree:         1421864 kB
MemAvailable:    1527620 kB
Buffers:           29484 kB
Cached:           207320 kB
MemTotal:        1844596 kB
MemFree:         1421856 kB
MemAvailable:    1527612 kB
Buffers:           29484 kB
Cached:           207320 kB
MemTotal:        1844596 kB
MemFree:         1421816 kB
MemAvailable:    1527572 kB
Buffers:           29484 kB
Cached:           207320 kB
MemTotal:        1844596 kB
MemFree:         1422924 kB
MemAvailable:    1528680 kB
Buffers:           29484 kB
Cached:           207320 kB
MemTotal:        1844596 kB
MemFree:         1423176 kB
MemAvailable:    1528932 kB
Buffers:           29484 kB
Cached:           207320 kB
MemTotal:        1844596 kB
MemFree:         1421576 kB
MemAvailable:    1527332 kB
Buffers:           29484 kB
Cached:           207320 kB
MemTotal:        1844596 kB
MemFree:         1422988 kB
MemAvailable:    1528744 kB
Buffers:           29484 kB
Cached:           207320 kB
MemTotal:        1844596 kB
MemFree:         1422988 kB
MemAvailable:    1528744 kB
Buffers:           29484 kB
Cached:           207320 kB
MemTotal:        1844596 kB
MemFree:         1422988 kB
MemAvailable:    1528744 kB
Buffers:           29484 kB
Cached:           207320 kB
MemTotal:        1844596 kB
MemFree:         1423128 kB
MemAvailable:    1528884 kB
Buffers:           29484 kB
Cached:           207320 kB
MemTotal:        1844596 kB
MemFree:         1421708 kB
MemAvailable:    1527464 kB
Buffers:           29484 kB
Cached:           207320 kB
MemTotal:        1844596 kB
MemFree:         1422988 kB
MemAvailable:    1528744 kB
Buffers:           29484 kB
Cached:           207320 kB
MemTotal:        1844596 kB
MemFree:         1423240 kB
MemAvailable:    1528996 kB
Buffers:           29484 kB
Cached:           207320 kB
MemTotal:        1844596 kB
MemFree:         1421708 kB
MemAvailable:    1527464 kB
Buffers:           29484 kB
Cached:           207320 kB
MemTotal:        1844596 kB
MemFree:         1423072 kB
MemAvailable:    1528828 kB
Buffers:           29484 kB
Cached:           207320 kB
MemTotal:        1844596 kB
MemFree:         1421708 kB
MemAvailable:    1527464 kB
Buffers:           29484 kB
Cached:           207320 kB
MemTotal:        1844596 kB
MemFree:         1421832 kB
MemAvailable:    1527588 kB
Buffers:           29484 kB
Cached:           207320 kB
MemTotal:        1844596 kB
MemFree:         1423116 kB
MemAvailable:    1528872 kB
Buffers:           29484 kB
Cached:           207320 kB
MemTotal:        1844596 kB
MemFree:         1422120 kB
MemAvailable:    1527876 kB
Buffers:           29484 kB
Cached:           207320 kB
MemTotal:        1844596 kB
MemFree:         1422908 kB
MemAvailable:    1528664 kB
Buffers:           29484 kB
Cached:           207320 kB
MemTotal:        1844596 kB
MemFree:         1423252 kB
MemAvailable:    1529008 kB
Buffers:           29484 kB
Cached:           207320 kB
MemTotal:        1844596 kB
MemFree:         1422956 kB
MemAvailable:    1528716 kB
Buffers:           29484 kB
Cached:           207324 kB
MemTotal:        1844596 kB
MemFree:         1422948 kB
MemAvailable:    1528708 kB
Buffers:           29484 kB
Cached:           207324 kB
MemTotal:        1844596 kB
MemFree:         1422948 kB
MemAvailable:    1528708 kB
Buffers:           29484 kB
Cached:           207324 kB
MemTotal:        1844596 kB
MemFree:         1422816 kB
MemAvailable:    1528576 kB
Buffers:           29484 kB
Cached:           207324 kB
MemTotal:        1844596 kB
MemFree:         1423072 kB
MemAvailable:    1528832 kB
Buffers:           29484 kB
Cached:           207324 kB
MemTotal:        1844596 kB
MemFree:         1422936 kB
MemAvailable:    1528696 kB
Buffers:           29484 kB
Cached:           207324 kB
MemTotal:        1844596 kB
MemFree:         1423188 kB
MemAvailable:    1528948 kB
Buffers:           29484 kB
Cached:           207324 kB
MemTotal:        1844596 kB
MemFree:         1422884 kB
MemAvailable:    1528644 kB
Buffers:           29484 kB
Cached:           207324 kB
MemTotal:        1844596 kB
MemFree:         1423004 kB
MemAvailable:    1528764 kB
Buffers:           29484 kB
Cached:           207324 kB
MemTotal:        1844596 kB
MemFree:         1422128 kB
MemAvailable:    1527888 kB
Buffers:           29484 kB
Cached:           207324 kB
MemTotal:        1844596 kB
MemFree:         1422812 kB
MemAvailable:    1528572 kB
Buffers:           29484 kB
Cached:           207324 kB
MemTotal:        1844596 kB
MemFree:         1422812 kB
MemAvailable:    1528572 kB
Buffers:           29484 kB
Cached:           207324 kB
MemTotal:        1844596 kB
MemFree:         1422608 kB
MemAvailable:    1528368 kB
Buffers:           29484 kB
Cached:           207324 kB
MemTotal:        1844596 kB
MemFree:         1422944 kB
MemAvailable:    1528704 kB
Buffers:           29484 kB
Cached:           207324 kB
MemTotal:        1844596 kB
MemFree:         1422732 kB
MemAvailable:    1528492 kB
Buffers:           29484 kB
Cached:           207324 kB
MemTotal:        1844596 kB
MemFree:         1423068 kB
MemAvailable:    1528828 kB
Buffers:           29484 kB
Cached:           207324 kB
MemTotal:        1844596 kB
MemFree:         1422852 kB
MemAvailable:    1528612 kB
Buffers:           29484 kB
Cached:           207324 kB
MemTotal:        1844596 kB
MemFree:         1422936 kB
MemAvailable:    1528696 kB
Buffers:           29484 kB
Cached:           207324 kB
MemTotal:        1844596 kB
MemFree:         1422740 kB
MemAvailable:    1528500 kB
Buffers:           29484 kB
Cached:           207324 kB
MemTotal:        1844596 kB
MemFree:         1423076 kB
MemAvailable:    1528836 kB
Buffers:           29484 kB
Cached:           207324 kB
MemTotal:        1844596 kB
MemFree:         1422692 kB
MemAvailable:    1528452 kB
Buffers:           29484 kB
Cached:           207324 kB
MemTotal:        1844596 kB
MemFree:         1422948 kB
MemAvailable:    1528708 kB
Buffers:           29484 kB
Cached:           207324 kB
MemTotal:        1844596 kB
MemFree:         1422904 kB
MemAvailable:    1528664 kB
Buffers:           29484 kB
Cached:           207324 kB
MemTotal:        1844596 kB
MemFree:         1421744 kB
MemAvailable:    1527504 kB
Buffers:           29484 kB
Cached:           207324 kB
MemTotal:        1844596 kB
MemFree:         1423240 kB
MemAvailable:    1529000 kB
Buffers:           29484 kB
Cached:           207324 kB
MemTotal:        1844596 kB
MemFree:         1421620 kB
MemAvailable:    1527380 kB
Buffers:           29484 kB
Cached:           207324 kB
MemTotal:        1844596 kB
MemFree:         1421440 kB
MemAvailable:    1527200 kB
Buffers:           29484 kB
Cached:           207324 kB
MemTotal:        1844596 kB
MemFree:         1422740 kB
MemAvailable:    1528500 kB
Buffers:           29484 kB
Cached:           207324 kB
MemTotal:        1844596 kB
MemFree:         1423076 kB
MemAvailable:    1528836 kB
Buffers:           29484 kB
Cached:           207324 kB
MemTotal:        1844596 kB
MemFree:         1422864 kB
MemAvailable:    1528624 kB
Buffers:           29484 kB
Cached:           207324 kB
MemTotal:        1844596 kB
MemFree:         1422880 kB
MemAvailable:    1528640 kB
Buffers:           29484 kB
Cached:           207324 kB
MemTotal:        1844596 kB
MemFree:         1422864 kB
MemAvailable:    1528624 kB
Buffers:           29484 kB
Cached:           207324 kB
MemTotal:        1844596 kB
MemFree:         1423004 kB
MemAvailable:    1528764 kB
Buffers:           29484 kB
Cached:           207324 kB
MemTotal:        1844596 kB
MemFree:         1422692 kB
MemAvailable:    1528452 kB
Buffers:           29484 kB
Cached:           207324 kB
MemTotal:        1844596 kB
MemFree:         1422948 kB
MemAvailable:    1528708 kB
Buffers:           29484 kB
Cached:           207324 kB
MemTotal:        1844596 kB
MemFree:         1422804 kB
MemAvailable:    1528564 kB
Buffers:           29484 kB
Cached:           207324 kB
MemTotal:        1844596 kB
MemFree:         1422804 kB
MemAvailable:    1528564 kB
Buffers:           29484 kB
Cached:           207324 kB
MemTotal:        1844596 kB
MemFree:         1421568 kB
MemAvailable:    1527328 kB
Buffers:           29484 kB
Cached:           207324 kB
MemTotal:        1844596 kB
MemFree:         1422844 kB
MemAvailable:    1528604 kB
Buffers:           29484 kB
Cached:           207324 kB
MemTotal:        1844596 kB
MemFree:         1422624 kB
MemAvailable:    1528384 kB
Buffers:           29484 kB
Cached:           207324 kB
MemTotal:        1844596 kB
MemFree:         1422720 kB
MemAvailable:    1528480 kB
Buffers:           29484 kB
Cached:           207324 kB
MemTotal:        1844596 kB
MemFree:         1423056 kB
MemAvailable:    1528816 kB
Buffers:           29484 kB
Cached:           207324 kB
MemTotal:        1844596 kB
MemFree:         1422732 kB
MemAvailable:    1528492 kB
Buffers:           29484 kB
Cached:           207324 kB
MemTotal:        1844596 kB
MemFree:         1422740 kB
MemAvailable:    1528500 kB
Buffers:           29484 kB
Cached:           207324 kB
MemTotal:        1844596 kB
MemFree:         1421880 kB
MemAvailable:    1527640 kB
Buffers:           29484 kB
Cached:           207324 kB
MemTotal:        1844596 kB
MemFree:         1423128 kB
MemAvailable:    1528888 kB
Buffers:           29484 kB
Cached:           207324 kB
MemTotal:        1844596 kB
MemFree:         1423056 kB
MemAvailable:    1528816 kB
Buffers:           29484 kB
Cached:           207324 kB
MemTotal:        1844596 kB
MemFree:         1422816 kB
MemAvailable:    1528576 kB
Buffers:           29484 kB
Cached:           207324 kB
MemTotal:        1844596 kB
MemFree:         1423068 kB
MemAvailable:    1528828 kB
Buffers:           29484 kB
Cached:           207324 kB
MemTotal:        1844596 kB
MemFree:         1421576 kB
MemAvailable:    1527336 kB
Buffers:           29484 kB
Cached:           207324 kB
MemTotal:        1844596 kB
MemFree:         1422884 kB
MemAvailable:    1528644 kB
Buffers:           29484 kB
Cached:           207324 kB
MemTotal:        1844596 kB
MemFree:         1422920 kB
MemAvailable:    1528680 kB
Buffers:           29484 kB
Cached:           207324 kB
MemTotal:        1844596 kB
MemFree:         1423060 kB
MemAvailable:    1528820 kB
Buffers:           29484 kB
Cached:           207324 kB
MemTotal:        1844596 kB
MemFree:         1422932 kB
MemAvailable:    1528692 kB
Buffers:           29484 kB
Cached:           207324 kB
MemTotal:        1844596 kB
MemFree:         1422740 kB
MemAvailable:    1528500 kB
Buffers:           29484 kB
Cached:           207324 kB
MemTotal:        1844596 kB
MemFree:         1422384 kB
MemAvailable:    1528144 kB
Buffers:           29484 kB
Cached:           207324 kB
MemTotal:        1844596 kB
MemFree:         1421748 kB
MemAvailable:    1527508 kB
Buffers:           29484 kB
Cached:           207324 kB
MemTotal:        1844596 kB
MemFree:         1421576 kB
MemAvailable:    1527336 kB
Buffers:           29484 kB
Cached:           207324 kB
MemTotal:        1844596 kB
MemFree:         1422824 kB
MemAvailable:    1528584 kB
Buffers:           29484 kB
Cached:           207324 kB
MemTotal:        1844596 kB
MemFree:         1421448 kB
MemAvailable:    1527208 kB
Buffers:           29484 kB
Cached:           207324 kB
MemTotal:        1844596 kB
MemFree:         1422808 kB
MemAvailable:    1528568 kB
Buffers:           29484 kB
Cached:           207324 kB
MemTotal:        1844596 kB
MemFree:         1422740 kB
MemAvailable:    1528500 kB
Buffers:           29484 kB
Cached:           207324 kB
MemTotal:        1844596 kB
MemFree:         1423080 kB
MemAvailable:    1528840 kB
Buffers:           29484 kB
Cached:           207324 kB
MemTotal:        1844596 kB
MemFree:         1422884 kB
MemAvailable:    1528644 kB
Buffers:           29484 kB
Cached:           207324 kB
MemTotal:        1844596 kB
MemFree:         1421576 kB
MemAvailable:    1527336 kB
Buffers:           29484 kB
Cached:           207324 kB
MemTotal:        1844596 kB
MemFree:         1422920 kB
MemAvailable:    1528680 kB
Buffers:           29484 kB
Cached:           207324 kB
MemTotal:        1844596 kB
MemFree:         1422376 kB
MemAvailable:    1528136 kB
Buffers:           29484 kB
Cached:           207324 kB
MemTotal:        1844596 kB
MemFree:         1422984 kB
MemAvailable:    1528744 kB
Buffers:           29484 kB
Cached:           207324 kB
MemTotal:        1844596 kB
MemFree:         1421488 kB
MemAvailable:    1527248 kB
Buffers:           29484 kB
Cached:           207324 kB
MemTotal:        1844596 kB
MemFree:         1422732 kB
MemAvailable:    1528492 kB
Buffers:           29484 kB
Cached:           207324 kB
MemTotal:        1844596 kB
MemFree:         1422748 kB
MemAvailable:    1528508 kB
Buffers:           29484 kB
Cached:           207324 kB
MemTotal:        1844596 kB
MemFree:         1422860 kB
MemAvailable:    1528620 kB
Buffers:           29484 kB
Cached:           207324 kB
MemTotal:        1844596 kB
MemFree:         1425808 kB
MemAvailable:    1531568 kB
Buffers:           29484 kB
Cached:           207324 kB
MemTotal:        1844596 kB
MemFree:         1419212 kB
MemAvailable:    1524980 kB
Buffers:           29484 kB
Cached:           207332 kB
MemTotal:        1844596 kB
MemFree:         1418840 kB
MemAvailable:    1524608 kB
Buffers:           29484 kB
Cached:           207332 kB
MemTotal:        1844596 kB
MemFree:         1418524 kB
MemAvailable:    1524292 kB
Buffers:           29484 kB
Cached:           207332 kB
MemTotal:        1844596 kB
MemFree:         1418776 kB
MemAvailable:    1524544 kB
Buffers:           29484 kB
Cached:           207332 kB
MemTotal:        1844596 kB
MemFree:         1417160 kB
MemAvailable:    1522928 kB
Buffers:           29484 kB
Cached:           207332 kB
MemTotal:        1844596 kB
MemFree:         1417292 kB
MemAvailable:    1523060 kB
Buffers:           29484 kB
Cached:           207332 kB
MemTotal:        1844596 kB
MemFree:         1418220 kB
MemAvailable:    1523988 kB
Buffers:           29484 kB
Cached:           207332 kB
MemTotal:        1844596 kB
MemFree:         1418472 kB
MemAvailable:    1524240 kB
Buffers:           29484 kB
Cached:           207332 kB
MemTotal:        1844596 kB
MemFree:         1418296 kB
MemAvailable:    1524064 kB
Buffers:           29484 kB
Cached:           207332 kB
MemTotal:        1844596 kB
MemFree:         1416556 kB
MemAvailable:    1522324 kB
Buffers:           29484 kB
Cached:           207332 kB
MemTotal:        1844596 kB
MemFree:         1417352 kB
MemAvailable:    1523120 kB
Buffers:           29484 kB
Cached:           207332 kB
MemTotal:        1844596 kB
MemFree:         1416788 kB
MemAvailable:    1522556 kB
Buffers:           29484 kB
Cached:           207332 kB
MemTotal:        1844596 kB
MemFree:         1416184 kB
MemAvailable:    1521952 kB
Buffers:           29484 kB
Cached:           207332 kB
MemTotal:        1844596 kB
MemFree:         1415632 kB
MemAvailable:    1521400 kB
Buffers:           29484 kB
Cached:           207332 kB
MemTotal:        1844596 kB
MemFree:         1415632 kB
MemAvailable:    1521400 kB
Buffers:           29484 kB
Cached:           207332 kB
MemTotal:        1844596 kB
MemFree:         1415756 kB
MemAvailable:    1521524 kB
Buffers:           29484 kB
Cached:           207332 kB
MemTotal:        1844596 kB
MemFree:         1415544 kB
MemAvailable:    1521312 kB
Buffers:           29484 kB
Cached:           207332 kB
MemTotal:        1844596 kB
MemFree:         1415488 kB
MemAvailable:    1521256 kB
Buffers:           29484 kB
Cached:           207332 kB
MemTotal:        1844596 kB
MemFree:         1415484 kB
MemAvailable:    1521252 kB
Buffers:           29484 kB
Cached:           207332 kB
MemTotal:        1844596 kB
MemFree:         1415608 kB
MemAvailable:    1521376 kB
Buffers:           29484 kB
Cached:           207332 kB
MemTotal:        1844596 kB
MemFree:         1415520 kB
MemAvailable:    1521288 kB
Buffers:           29484 kB
Cached:           207332 kB
MemTotal:        1844596 kB
MemFree:         1416664 kB
MemAvailable:    1522432 kB
Buffers:           29484 kB
Cached:           207332 kB
MemTotal:        1844596 kB
MemFree:         1416916 kB
MemAvailable:    1522684 kB
Buffers:           29484 kB
Cached:           207332 kB
MemTotal:        1844596 kB
MemFree:         1415544 kB
MemAvailable:    1521312 kB
Buffers:           29484 kB
Cached:           207332 kB
MemTotal:        1844596 kB
MemFree:         1416964 kB
MemAvailable:    1522732 kB
Buffers:           29484 kB
Cached:           207332 kB
MemTotal:        1844596 kB
MemFree:         1415612 kB
MemAvailable:    1521380 kB
Buffers:           29484 kB
Cached:           207332 kB
MemTotal:        1844596 kB
MemFree:         1415532 kB
MemAvailable:    1521300 kB
Buffers:           29484 kB
Cached:           207332 kB
MemTotal:        1844596 kB
MemFree:         1416732 kB
MemAvailable:    1522500 kB
Buffers:           29484 kB
Cached:           207332 kB
MemTotal:        1844596 kB
MemFree:         1416848 kB
MemAvailable:    1522616 kB
Buffers:           29484 kB
Cached:           207332 kB
MemTotal:        1844596 kB
MemFree:         1416912 kB
MemAvailable:    1522680 kB
Buffers:           29484 kB
Cached:           207332 kB
MemTotal:        1844596 kB
MemFree:         1415648 kB
MemAvailable:    1521416 kB
Buffers:           29484 kB
Cached:           207332 kB
MemTotal:        1844596 kB
MemFree:         1415516 kB
MemAvailable:    1521284 kB
Buffers:           29484 kB
Cached:           207332 kB
MemTotal:        1844596 kB
MemFree:         1415384 kB
MemAvailable:    1521152 kB
Buffers:           29484 kB
Cached:           207332 kB
MemTotal:        1844596 kB
MemFree:         1416796 kB
MemAvailable:    1522564 kB
Buffers:           29484 kB
Cached:           207332 kB
MemTotal:        1844596 kB
MemFree:         1417048 kB
MemAvailable:    1522816 kB
Buffers:           29484 kB
Cached:           207332 kB
MemTotal:        1844596 kB
MemFree:         1415556 kB
MemAvailable:    1521324 kB
Buffers:           29484 kB
Cached:           207332 kB
MemTotal:        1844596 kB
MemFree:         1417068 kB
MemAvailable:    1522836 kB
Buffers:           29484 kB
Cached:           207332 kB
MemTotal:        1844596 kB
MemFree:         1415676 kB
MemAvailable:    1521444 kB
Buffers:           29484 kB
Cached:           207332 kB
MemTotal:        1844596 kB
MemFree:         1416672 kB
MemAvailable:    1522440 kB
Buffers:           29484 kB
Cached:           207332 kB
MemTotal:        1844596 kB
MemFree:         1417008 kB
MemAvailable:    1522776 kB
Buffers:           29484 kB
Cached:           207332 kB
MemTotal:        1844596 kB
MemFree:         1415820 kB
MemAvailable:    1521588 kB
Buffers:           29484 kB
Cached:           207332 kB
MemTotal:        1844596 kB
MemFree:         1416928 kB
MemAvailable:    1522696 kB
Buffers:           29484 kB
Cached:           207332 kB
MemTotal:        1844596 kB
MemFree:         1417012 kB
MemAvailable:    1522780 kB
Buffers:           29484 kB
Cached:           207332 kB
MemTotal:        1844596 kB
MemFree:         1416624 kB
MemAvailable:    1522392 kB
Buffers:           29484 kB
Cached:           207332 kB
MemTotal:        1844596 kB
MemFree:         1416960 kB
MemAvailable:    1522728 kB
Buffers:           29484 kB
Cached:           207332 kB
MemTotal:        1844596 kB
MemFree:         1417104 kB
MemAvailable:    1522872 kB
Buffers:           29484 kB
Cached:           207332 kB
MemTotal:        1844596 kB
MemFree:         1417184 kB
MemAvailable:    1522952 kB
Buffers:           29484 kB
Cached:           207332 kB
MemTotal:        1844596 kB
MemFree:         1415792 kB
MemAvailable:    1521560 kB
Buffers:           29484 kB
Cached:           207332 kB
MemTotal:        1844596 kB
MemFree:         1416992 kB
MemAvailable:    1522760 kB
Buffers:           29484 kB
Cached:           207332 kB
MemTotal:        1844596 kB
MemFree:         1416308 kB
MemAvailable:    1522076 kB
Buffers:           29484 kB
Cached:           207332 kB
MemTotal:        1844596 kB
MemFree:         1416992 kB
MemAvailable:    1522760 kB
Buffers:           29484 kB
Cached:           207332 kB
MemTotal:        1844596 kB
MemFree:         1416992 kB
MemAvailable:    1522760 kB
Buffers:           29484 kB
Cached:           207332 kB
MemTotal:        1844596 kB
MemFree:         1415548 kB
MemAvailable:    1521316 kB
Buffers:           29484 kB
Cached:           207332 kB
MemTotal:        1844596 kB
MemFree:         1415936 kB
MemAvailable:    1521704 kB
Buffers:           29484 kB
Cached:           207332 kB
MemTotal:        1844596 kB
MemFree:         1415756 kB
MemAvailable:    1521524 kB
Buffers:           29484 kB
Cached:           207332 kB
MemTotal:        1844596 kB
MemFree:         1417040 kB
MemAvailable:    1522808 kB
Buffers:           29484 kB
Cached:           207332 kB
MemTotal:        1844596 kB
MemFree:         1416308 kB
MemAvailable:    1522076 kB
Buffers:           29484 kB
Cached:           207332 kB
MemTotal:        1844596 kB
MemFree:         1416992 kB
MemAvailable:    1522760 kB
Buffers:           29484 kB
Cached:           207332 kB
MemTotal:        1844596 kB
MemFree:         1417060 kB
MemAvailable:    1522828 kB
Buffers:           29484 kB
Cached:           207332 kB
MemTotal:        1844596 kB
MemFree:         1415632 kB
MemAvailable:    1521400 kB
Buffers:           29484 kB
Cached:           207332 kB
MemTotal:        1844596 kB
MemFree:         1417064 kB
MemAvailable:    1522832 kB
Buffers:           29484 kB
Cached:           207332 kB
MemTotal:        1844596 kB
MemFree:         1417040 kB
MemAvailable:    1522808 kB
Buffers:           29484 kB
Cached:           207332 kB
MemTotal:        1844596 kB
MemFree:         1416988 kB
MemAvailable:    1522756 kB
Buffers:           29484 kB
Cached:           207332 kB
MemTotal:        1844596 kB
MemFree:         1417112 kB
MemAvailable:    1522880 kB
Buffers:           29484 kB
Cached:           207332 kB
MemTotal:        1844596 kB
MemFree:         1415772 kB
MemAvailable:    1521540 kB
Buffers:           29484 kB
Cached:           207332 kB
MemTotal:        1844596 kB
MemFree:         1417052 kB
MemAvailable:    1522820 kB
Buffers:           29484 kB
Cached:           207332 kB
MemTotal:        1844596 kB
MemFree:         1416804 kB
MemAvailable:    1522448 kB
Buffers:           29484 kB
Cached:           207332 kB
MemTotal:        1844596 kB
MemFree:         1417100 kB
MemAvailable:    1522868 kB
Buffers:           29484 kB
Cached:           207332 kB
MemTotal:        1844596 kB
MemFree:         1416928 kB
MemAvailable:    1522696 kB
Buffers:           29484 kB
Cached:           207332 kB
MemTotal:        1844596 kB
MemFree:         1416432 kB
MemAvailable:    1522200 kB
Buffers:           29484 kB
Cached:           207332 kB
MemTotal:        1844596 kB
MemFree:         1417160 kB
MemAvailable:    1522936 kB
Buffers:           29484 kB
Cached:           207340 kB
MemTotal:        1844596 kB
MemFree:         1417416 kB
MemAvailable:    1523192 kB
Buffers:           29484 kB
Cached:           207340 kB
MemTotal:        1844596 kB
MemFree:         1416912 kB
MemAvailable:    1522692 kB
Buffers:           29484 kB
Cached:           207344 kB
MemTotal:        1844596 kB
MemFree:         1416912 kB
MemAvailable:    1522692 kB
Buffers:           29484 kB
Cached:           207344 kB
MemTotal:        1844596 kB
MemFree:         1415800 kB
MemAvailable:    1521580 kB
Buffers:           29484 kB
Cached:           207344 kB
MemTotal:        1844596 kB
MemFree:         1417220 kB
MemAvailable:    1523000 kB
Buffers:           29484 kB
Cached:           207344 kB
MemTotal:        1844596 kB
MemFree:         1415752 kB
MemAvailable:    1521532 kB
Buffers:           29484 kB
Cached:           207344 kB
MemTotal:        1844596 kB
MemFree:         1417052 kB
MemAvailable:    1522832 kB
Buffers:           29484 kB
Cached:           207344 kB
MemTotal:        1844596 kB
MemFree:         1416176 kB
MemAvailable:    1521956 kB
Buffers:           29484 kB
Cached:           207344 kB
MemTotal:        1844596 kB
MemFree:         1417360 kB
MemAvailable:    1523136 kB
Buffers:           29484 kB
Cached:           207344 kB
MemTotal:        1844596 kB
MemFree:         1416060 kB
MemAvailable:    1521836 kB
Buffers:           29484 kB
Cached:           207344 kB
MemTotal:        1844596 kB
MemFree:         1416060 kB
MemAvailable:    1521836 kB
Buffers:           29484 kB
Cached:           207344 kB
MemTotal:        1844596 kB
MemFree:         1416052 kB
MemAvailable:    1521828 kB
Buffers:           29484 kB
Cached:           207344 kB
MemTotal:        1844596 kB
MemFree:         1415928 kB
MemAvailable:    1521704 kB
Buffers:           29484 kB
Cached:           207344 kB
MemTotal:        1844596 kB
MemFree:         1415664 kB
MemAvailable:    1521440 kB
Buffers:           29484 kB
Cached:           207344 kB
MemTotal:        1844596 kB
MemFree:         1417096 kB
MemAvailable:    1522872 kB
Buffers:           29484 kB
Cached:           207344 kB
MemTotal:        1844596 kB
MemFree:         1416892 kB
MemAvailable:    1522668 kB
Buffers:           29484 kB
Cached:           207344 kB
MemTotal:        1844596 kB
MemFree:         1416928 kB
MemAvailable:    1522704 kB
Buffers:           29484 kB
Cached:           207344 kB
MemTotal:        1844596 kB
MemFree:         1416932 kB
MemAvailable:    1522708 kB
Buffers:           29484 kB
Cached:           207344 kB
MemTotal:        1844596 kB
MemFree:         1415624 kB
MemAvailable:    1521400 kB
Buffers:           29484 kB
Cached:           207344 kB
MemTotal:        1844596 kB
MemFree:         1416900 kB
MemAvailable:    1522676 kB
Buffers:           29484 kB
Cached:           207344 kB
MemTotal:        1844596 kB
MemFree:         1416680 kB
MemAvailable:    1522456 kB
Buffers:           29484 kB
Cached:           207344 kB
MemTotal:        1844596 kB
MemFree:         1417100 kB
MemAvailable:    1522876 kB
Buffers:           29484 kB
Cached:           207344 kB
MemTotal:        1844596 kB
MemFree:         1416184 kB
MemAvailable:    1521960 kB
Buffers:           29484 kB
Cached:           207344 kB
MemTotal:        1844596 kB
MemFree:         1416776 kB
MemAvailable:    1522552 kB
Buffers:           29484 kB
Cached:           207344 kB
MemTotal:        1844596 kB
MemFree:         1417112 kB
MemAvailable:    1522888 kB
Buffers:           29484 kB
Cached:           207344 kB
MemTotal:        1844596 kB
MemFree:         1415764 kB
MemAvailable:    1521540 kB
Buffers:           29484 kB
Cached:           207344 kB
MemTotal:        1844596 kB
MemFree:         1417112 kB
MemAvailable:    1522888 kB
Buffers:           29484 kB
Cached:           207344 kB
MemTotal:        1844596 kB
MemFree:         1416556 kB
MemAvailable:    1522332 kB
Buffers:           29484 kB
Cached:           207344 kB
MemTotal:        1844596 kB
MemFree:         1416776 kB
MemAvailable:    1522552 kB
Buffers:           29484 kB
Cached:           207344 kB
MemTotal:        1844596 kB
MemFree:         1417112 kB
MemAvailable:    1522888 kB
Buffers:           29484 kB
Cached:           207344 kB
MemTotal:        1844596 kB
MemFree:         1415620 kB
MemAvailable:    1521396 kB
Buffers:           29484 kB
Cached:           207344 kB
MemTotal:        1844596 kB
MemFree:         1416796 kB
MemAvailable:    1522572 kB
Buffers:           29484 kB
Cached:           207344 kB
MemTotal:        1844596 kB
MemFree:         1417136 kB
MemAvailable:    1522912 kB
Buffers:           29484 kB
Cached:           207344 kB
MemTotal:        1844596 kB
MemFree:         1415632 kB
MemAvailable:    1521408 kB
Buffers:           29484 kB
Cached:           207344 kB
MemTotal:        1844596 kB
MemFree:         1417004 kB
MemAvailable:    1522780 kB
Buffers:           29484 kB
Cached:           207344 kB
MemTotal:        1844596 kB
MemFree:         1416976 kB
MemAvailable:    1522752 kB
Buffers:           29484 kB
Cached:           207344 kB
MemTotal:        1844596 kB
MemFree:         1415676 kB
MemAvailable:    1521452 kB
Buffers:           29484 kB
Cached:           207344 kB
MemTotal:        1844596 kB
MemFree:         1415924 kB
MemAvailable:    1521700 kB
Buffers:           29484 kB
Cached:           207344 kB
MemTotal:        1844596 kB
MemFree:         1417076 kB
MemAvailable:    1522852 kB
Buffers:           29484 kB
Cached:           207344 kB
MemTotal:        1844596 kB
MemFree:         1416300 kB
MemAvailable:    1522076 kB
Buffers:           29484 kB
Cached:           207344 kB
MemTotal:        1844596 kB
MemFree:         1415912 kB
MemAvailable:    1521688 kB
Buffers:           29484 kB
Cached:           207344 kB
MemTotal:        1844596 kB
MemFree:         1415540 kB
MemAvailable:    1521316 kB
Buffers:           29484 kB
Cached:           207344 kB
MemTotal:        1844596 kB
MemFree:         1416892 kB
MemAvailable:    1522668 kB
Buffers:           29484 kB
Cached:           207344 kB
MemTotal:        1844596 kB
MemFree:         1417052 kB
MemAvailable:    1522828 kB
Buffers:           29484 kB
Cached:           207344 kB
MemTotal:        1844596 kB
MemFree:         1417100 kB
MemAvailable:    1522876 kB
Buffers:           29484 kB
Cached:           207344 kB
MemTotal:        1844596 kB
MemFree:         1415668 kB
MemAvailable:    1521444 kB
Buffers:           29484 kB
Cached:           207344 kB
MemTotal:        1844596 kB
MemFree:         1415668 kB
MemAvailable:    1521444 kB
Buffers:           29484 kB
Cached:           207344 kB
MemTotal:        1844596 kB
MemFree:         1416968 kB
MemAvailable:    1522744 kB
Buffers:           29484 kB
Cached:           207344 kB
MemTotal:        1844596 kB
MemFree:         1416308 kB
MemAvailable:    1522084 kB
Buffers:           29484 kB
Cached:           207344 kB
MemTotal:        1844596 kB
MemFree:         1416776 kB
MemAvailable:    1522552 kB
Buffers:           29484 kB
Cached:           207344 kB
MemTotal:        1844596 kB
MemFree:         1416944 kB
MemAvailable:    1522720 kB
Buffers:           29484 kB
Cached:           207344 kB
MemTotal:        1844596 kB
MemFree:         1416988 kB
MemAvailable:    1522764 kB
Buffers:           29484 kB
Cached:           207344 kB
MemTotal:        1844596 kB
MemFree:         1416308 kB
MemAvailable:    1522084 kB
Buffers:           29484 kB
Cached:           207344 kB
MemTotal:        1844596 kB
MemFree:         1416300 kB
MemAvailable:    1522080 kB
Buffers:           29484 kB
Cached:           207348 kB
MemTotal:        1844596 kB
MemFree:         1417168 kB
MemAvailable:    1522948 kB
Buffers:           29484 kB
Cached:           207348 kB
MemTotal:        1844596 kB
MemFree:         1416432 kB
MemAvailable:    1522212 kB
Buffers:           29484 kB
Cached:           207348 kB
MemTotal:        1844596 kB
MemFree:         1415924 kB
MemAvailable:    1521704 kB
Buffers:           29484 kB
Cached:           207348 kB
MemTotal:        1844596 kB
MemFree:         1415752 kB
MemAvailable:    1521532 kB
Buffers:           29484 kB
Cached:           207348 kB
MemTotal:        1844596 kB
MemFree:         1417272 kB
MemAvailable:    1523052 kB
Buffers:           29484 kB
Cached:           207348 kB
MemTotal:        1844596 kB
MemFree:         1416916 kB
MemAvailable:    1522696 kB
Buffers:           29484 kB
Cached:           207348 kB
MemTotal:        1844596 kB
MemFree:         1416988 kB
MemAvailable:    1522768 kB
Buffers:           29484 kB
Cached:           207348 kB
MemTotal:        1844596 kB
MemFree:         1415680 kB
MemAvailable:    1521460 kB
Buffers:           29484 kB
Cached:           207348 kB
MemTotal:        1844596 kB
MemFree:         1417064 kB
MemAvailable:    1522844 kB
Buffers:           29484 kB
Cached:           207348 kB
MemTotal:        1844596 kB
MemFree:         1416748 kB
MemAvailable:    1522528 kB
Buffers:           29484 kB
Cached:           207348 kB
MemTotal:        1844596 kB
MemFree:         1417100 kB
MemAvailable:    1522880 kB
Buffers:           29484 kB
Cached:           207348 kB
MemTotal:        1844596 kB
MemFree:         1416988 kB
MemAvailable:    1522768 kB
Buffers:           29484 kB
Cached:           207348 kB
MemTotal:        1844596 kB
MemFree:         1415760 kB
MemAvailable:    1521540 kB
Buffers:           29484 kB
Cached:           207348 kB
MemTotal:        1844596 kB
MemFree:         1415752 kB
MemAvailable:    1521532 kB
Buffers:           29484 kB
Cached:           207348 kB
MemTotal:        1844596 kB
MemFree:         1415672 kB
MemAvailable:    1521452 kB
Buffers:           29484 kB
Cached:           207348 kB
MemTotal:        1844596 kB
MemFree:         1415632 kB
MemAvailable:    1521412 kB
Buffers:           29484 kB
Cached:           207348 kB
MemTotal:        1844596 kB
MemFree:         1415680 kB
MemAvailable:    1521464 kB
Buffers:           29484 kB
Cached:           207352 kB
MemTotal:        1844596 kB
MemFree:         1416928 kB
MemAvailable:    1522712 kB
Buffers:           29484 kB
Cached:           207352 kB
MemTotal:        1844596 kB
MemFree:         1417116 kB
MemAvailable:    1522900 kB
Buffers:           29484 kB
Cached:           207352 kB
MemTotal:        1844596 kB
MemFree:         1415680 kB
MemAvailable:    1521464 kB
Buffers:           29484 kB
Cached:           207352 kB
MemTotal:        1844596 kB
MemFree:         1415508 kB
MemAvailable:    1521292 kB
Buffers:           29484 kB
Cached:           207352 kB
MemTotal:        1844596 kB
MemFree:         1415640 kB
MemAvailable:    1521424 kB
Buffers:           29484 kB
Cached:           207352 kB
MemTotal:        1844596 kB
MemFree:         1416004 kB
MemAvailable:    1521788 kB
Buffers:           29484 kB
Cached:           207352 kB
MemTotal:        1844596 kB
MemFree:         1415764 kB
MemAvailable:    1521548 kB
Buffers:           29484 kB
Cached:           207352 kB
MemTotal:        1844596 kB
MemFree:         1416004 kB
MemAvailable:    1521788 kB
Buffers:           29484 kB
Cached:           207352 kB
MemTotal:        1844596 kB
MemFree:         1416920 kB
MemAvailable:    1522704 kB
Buffers:           29484 kB
Cached:           207352 kB
MemTotal:        1844596 kB
MemFree:         1416440 kB
MemAvailable:    1522224 kB
Buffers:           29484 kB
Cached:           207352 kB
MemTotal:        1844596 kB
MemFree:         1416912 kB
MemAvailable:    1522696 kB
Buffers:           29484 kB
Cached:           207352 kB
MemTotal:        1844596 kB
MemFree:         1417052 kB
MemAvailable:    1522836 kB
Buffers:           29484 kB
Cached:           207352 kB
MemTotal:        1844596 kB
MemFree:         1421516 kB
MemAvailable:    1527300 kB
Buffers:           29484 kB
Cached:           207352 kB
MemTotal:        1844596 kB
MemFree:         1419220 kB
MemAvailable:    1525004 kB
Buffers:           29484 kB
Cached:           207352 kB
MemTotal:        1844596 kB
MemFree:         1417408 kB
MemAvailable:    1523192 kB
Buffers:           29484 kB
Cached:           207352 kB
MemTotal:        1844596 kB
MemFree:         1417492 kB
MemAvailable:    1523276 kB
Buffers:           29492 kB
Cached:           207344 kB
MemTotal:        1844596 kB
MemFree:         1419084 kB
MemAvailable:    1524868 kB
Buffers:           29492 kB
Cached:           207344 kB
MemTotal:        1844596 kB
MemFree:         1418708 kB
MemAvailable:    1524492 kB
Buffers:           29492 kB
Cached:           207344 kB
MemTotal:        1844596 kB
MemFree:         1418416 kB
MemAvailable:    1524200 kB
Buffers:           29492 kB
Cached:           207344 kB
MemTotal:        1844596 kB
MemFree:         1418768 kB
MemAvailable:    1524552 kB
Buffers:           29492 kB
Cached:           207344 kB
MemTotal:        1844596 kB
MemFree:         1418672 kB
MemAvailable:    1524456 kB
Buffers:           29492 kB
Cached:           207344 kB
MemTotal:        1844596 kB
MemFree:         1418716 kB
MemAvailable:    1524500 kB
Buffers:           29492 kB
Cached:           207344 kB
MemTotal:        1844596 kB
MemFree:         1418776 kB
MemAvailable:    1524560 kB
Buffers:           29492 kB
Cached:           207344 kB
MemTotal:        1844596 kB
MemFree:         1417528 kB
MemAvailable:    1523312 kB
Buffers:           29492 kB
Cached:           207344 kB
MemTotal:        1844596 kB
MemFree:         1417396 kB
MemAvailable:    1523180 kB
Buffers:           29492 kB
Cached:           207344 kB
MemTotal:        1844596 kB
MemFree:         1418500 kB
MemAvailable:    1524284 kB
Buffers:           29492 kB
Cached:           207344 kB
MemTotal:        1844596 kB
MemFree:         1418416 kB
MemAvailable:    1524200 kB
Buffers:           29492 kB
Cached:           207344 kB
MemTotal:        1844596 kB
MemFree:         1418528 kB
MemAvailable:    1524312 kB
Buffers:           29492 kB
Cached:           207344 kB
MemTotal:        1844596 kB
MemFree:         1418348 kB
MemAvailable:    1524132 kB
Buffers:           29492 kB
Cached:           207344 kB
MemTotal:        1844596 kB
MemFree:         1418168 kB
MemAvailable:    1523952 kB
Buffers:           29492 kB
Cached:           207344 kB
MemTotal:        1844596 kB
MemFree:         1417492 kB
MemAvailable:    1523276 kB
Buffers:           29492 kB
Cached:           207344 kB
MemTotal:        1844596 kB
MemFree:         1417252 kB
MemAvailable:    1523036 kB
Buffers:           29492 kB
Cached:           207344 kB
MemTotal:        1844596 kB
MemFree:         1418600 kB
MemAvailable:    1524384 kB
Buffers:           29492 kB
Cached:           207344 kB
MemTotal:        1844596 kB
MemFree:         1418744 kB
MemAvailable:    1524528 kB
Buffers:           29492 kB
Cached:           207344 kB
MemTotal:        1844596 kB
MemFree:         1417168 kB
MemAvailable:    1522952 kB
Buffers:           29492 kB
Cached:           207344 kB
MemTotal:        1844596 kB
MemFree:         1418408 kB
MemAvailable:    1524192 kB
Buffers:           29492 kB
Cached:           207344 kB
MemTotal:        1844596 kB
MemFree:         1418300 kB
MemAvailable:    1524084 kB
Buffers:           29492 kB
Cached:           207344 kB
MemTotal:        1844596 kB
MemFree:         1417252 kB
MemAvailable:    1523036 kB
Buffers:           29492 kB
Cached:           207344 kB
MemTotal:        1844596 kB
MemFree:         1418552 kB
MemAvailable:    1524336 kB
Buffers:           29492 kB
Cached:           207344 kB
MemTotal:        1844596 kB
MemFree:         1418480 kB
MemAvailable:    1524264 kB
Buffers:           29492 kB
Cached:           207344 kB
MemTotal:        1844596 kB
MemFree:         1418732 kB
MemAvailable:    1524516 kB
Buffers:           29492 kB
Cached:           207344 kB
MemTotal:        1844596 kB
MemFree:         1417168 kB
MemAvailable:    1522952 kB
Buffers:           29492 kB
Cached:           207344 kB
MemTotal:        1844596 kB
MemFree:         1418408 kB
MemAvailable:    1524192 kB
Buffers:           29492 kB
Cached:           207344 kB
MemTotal:        1844596 kB
MemFree:         1418424 kB
MemAvailable:    1524208 kB
Buffers:           29492 kB
Cached:           207344 kB
MemTotal:        1844596 kB
MemFree:         1418532 kB
MemAvailable:    1524316 kB
Buffers:           29492 kB
Cached:           207344 kB
MemTotal:        1844596 kB
MemFree:         1418548 kB
MemAvailable:    1524332 kB
Buffers:           29492 kB
Cached:           207344 kB
MemTotal:        1844596 kB
MemFree:         1417252 kB
MemAvailable:    1523036 kB
Buffers:           29492 kB
Cached:           207344 kB
MemTotal:        1844596 kB
MemFree:         1417244 kB
MemAvailable:    1523028 kB
Buffers:           29492 kB
Cached:           207344 kB
MemTotal:        1844596 kB
MemFree:         1418352 kB
MemAvailable:    1524136 kB
Buffers:           29492 kB
Cached:           207344 kB
MemTotal:        1844596 kB
MemFree:         1417920 kB
MemAvailable:    1523704 kB
Buffers:           29492 kB
Cached:           207344 kB
MemTotal:        1844596 kB
MemFree:         1418404 kB
MemAvailable:    1524188 kB
Buffers:           29492 kB
Cached:           207344 kB
MemTotal:        1844596 kB
MemFree:         1418416 kB
MemAvailable:    1524200 kB
Buffers:           29492 kB
Cached:           207344 kB
MemTotal:        1844596 kB
MemFree:         1418536 kB
MemAvailable:    1524320 kB
Buffers:           29492 kB
Cached:           207344 kB
MemTotal:        1844596 kB
MemFree:         1417104 kB
MemAvailable:    1522888 kB
Buffers:           29492 kB
Cached:           207344 kB
MemTotal:        1844596 kB
MemFree:         1417272 kB
MemAvailable:    1523056 kB
Buffers:           29492 kB
Cached:           207344 kB
MemTotal:        1844596 kB
MemFree:         1418400 kB
MemAvailable:    1524184 kB
Buffers:           29492 kB
Cached:           207344 kB
MemTotal:        1844596 kB
MemFree:         1418736 kB
MemAvailable:    1524520 kB
Buffers:           29492 kB
Cached:           207344 kB
MemTotal:        1844596 kB
MemFree:         1418388 kB
MemAvailable:    1524172 kB
Buffers:           29492 kB
Cached:           207344 kB
MemTotal:        1844596 kB
MemFree:         1418640 kB
MemAvailable:    1524424 kB
Buffers:           29492 kB
Cached:           207344 kB
MemTotal:        1844596 kB
MemFree:         1418480 kB
MemAvailable:    1524264 kB
Buffers:           29492 kB
Cached:           207344 kB
MemTotal:        1844596 kB
MemFree:         1418732 kB
MemAvailable:    1524516 kB
Buffers:           29492 kB
Cached:           207344 kB
MemTotal:        1844596 kB
MemFree:         1417120 kB
MemAvailable:    1522904 kB
Buffers:           29492 kB
Cached:           207344 kB
MemTotal:        1844596 kB
MemFree:         1417244 kB
MemAvailable:    1523028 kB
Buffers:           29492 kB
Cached:           207344 kB
MemTotal:        1844596 kB
MemFree:         1418560 kB
MemAvailable:    1524360 kB
Buffers:           29492 kB
Cached:           207360 kB
MemTotal:        1844596 kB
MemFree:         1418468 kB
MemAvailable:    1524268 kB
Buffers:           29492 kB
Cached:           207360 kB
MemTotal:        1844596 kB
MemFree:         1417176 kB
MemAvailable:    1522976 kB
Buffers:           29492 kB
Cached:           207360 kB
MemTotal:        1844596 kB
MemFree:         1417260 kB
MemAvailable:    1523060 kB
Buffers:           29492 kB
Cached:           207360 kB
MemTotal:        1844596 kB
MemFree:         1417632 kB
MemAvailable:    1523432 kB
Buffers:           29492 kB
Cached:           207360 kB
MemTotal:        1844596 kB
MemFree:         1418476 kB
MemAvailable:    1524276 kB
Buffers:           29492 kB
Cached:           207360 kB
MemTotal:        1844596 kB
MemFree:         1417672 kB
MemAvailable:    1523472 kB
Buffers:           29492 kB
Cached:           207360 kB
MemTotal:        1844596 kB
MemFree:         1418368 kB
MemAvailable:    1524168 kB
Buffers:           29492 kB
Cached:           207360 kB
MemTotal:        1844596 kB
MemFree:         1418368 kB
MemAvailable:    1524168 kB
Buffers:           29492 kB
Cached:           207360 kB
MemTotal:        1844596 kB
MemFree:         1417120 kB
MemAvailable:    1522920 kB
Buffers:           29492 kB
Cached:           207360 kB
MemTotal:        1844596 kB
MemFree:         1417128 kB
MemAvailable:    1522928 kB
Buffers:           29492 kB
Cached:           207360 kB
MemTotal:        1844596 kB
MemFree:         1418408 kB
MemAvailable:    1524208 kB
Buffers:           29492 kB
Cached:           207360 kB
MemTotal:        1844596 kB
MemFree:         1418424 kB
MemAvailable:    1524224 kB
Buffers:           29492 kB
Cached:           207360 kB
MemTotal:        1844596 kB
MemFree:         1418284 kB
MemAvailable:    1524084 kB
Buffers:           29492 kB
Cached:           207360 kB
MemTotal:        1844596 kB
MemFree:         1417120 kB
MemAvailable:    1523004 kB
Buffers:           29492 kB
Cached:           207484 kB
MemTotal:        1844596 kB
MemFree:         1418228 kB
MemAvailable:    1524364 kB
Buffers:           29492 kB
Cached:           207732 kB
MemTotal:        1844596 kB
MemFree:         1417680 kB
MemAvailable:    1523816 kB
Buffers:           29492 kB
Cached:           207732 kB
MemTotal:        1844596 kB
MemFree:         1417912 kB
MemAvailable:    1524132 kB
Buffers:           29492 kB
Cached:           207856 kB
MemTotal:        1844596 kB
MemFree:         1417840 kB
MemAvailable:    1524144 kB
Buffers:           29492 kB
Cached:           207980 kB
MemTotal:        1844596 kB
MemFree:         1416680 kB
MemAvailable:    1523068 kB
Buffers:           29492 kB
Cached:           207980 kB
MemTotal:        1844596 kB
MemFree:         1417612 kB
MemAvailable:    1524000 kB
Buffers:           29492 kB
Cached:           207980 kB
MemTotal:        1844596 kB
MemFree:         1417948 kB
MemAvailable:    1524336 kB
Buffers:           29492 kB
Cached:           207980 kB
MemTotal:        1844596 kB
MemFree:         1417672 kB
MemAvailable:    1524060 kB
Buffers:           29492 kB
Cached:           207980 kB
MemTotal:        1844596 kB
MemFree:         1417672 kB
MemAvailable:    1524060 kB
Buffers:           29492 kB
Cached:           207980 kB
MemTotal:        1844596 kB
MemFree:         1417708 kB
MemAvailable:    1524096 kB
Buffers:           29492 kB
Cached:           207980 kB
MemTotal:        1844596 kB
MemFree:         1416268 kB
MemAvailable:    1522656 kB
Buffers:           29492 kB
Cached:           207980 kB
MemTotal:        1844596 kB
MemFree:         1416400 kB
MemAvailable:    1522788 kB
Buffers:           29492 kB
Cached:           207980 kB
MemTotal:        1844596 kB
MemFree:         1416672 kB
MemAvailable:    1522472 kB
Buffers:           29492 kB
Cached:           207348 kB
MemTotal:        1844596 kB
MemFree:         1494176 kB
MemAvailable:    1599976 kB
Buffers:           29492 kB
Cached:           207348 kB
