MemTotal:        1844596 kB
MemFree:         1415992 kB
MemAvailable:    1568940 kB
Buffers:           35976 kB
Cached:           247816 kB
MemTotal:        1844596 kB
MemFree:         1413024 kB
MemAvailable:    1565972 kB
Buffers:           35976 kB
Cached:           247816 kB
MemTotal:        1844596 kB
MemFree:         1411224 kB
MemAvailable:    1564172 kB
Buffers:           35976 kB
Cached:           247816 kB
MemTotal:        1844596 kB
MemFree:         1409800 kB
MemAvailable:    1562748 kB
Buffers:           35976 kB
Cached:           247816 kB
MemTotal:        1844596 kB
MemFree:         1409544 kB
MemAvailable:    1562492 kB
Buffers:           35976 kB
Cached:           247816 kB
MemTotal:        1844596 kB
MemFree:         1408560 kB
MemAvailable:    1561508 kB
Buffers:           35976 kB
Cached:           247816 kB
MemTotal:        1844596 kB
MemFree:         1407196 kB
MemAvailable:    1560144 kB
Buffers:           35976 kB
Cached:           247816 kB
MemTotal:        1844596 kB
MemFree:         1404832 kB
MemAvailable:    1557780 kB
Buffers:           35976 kB
Cached:           247816 kB
MemTotal:        1844596 kB
MemFree:         1402236 kB
MemAvailable:    1555184 kB
Buffers:           35976 kB
Cached:           247816 kB
MemTotal:        1844596 kB
MemFree:         1398692 kB
MemAvailable:    1551640 kB
Buffers:           35976 kB
Cached:           247816 kB
MemTotal:        1844596 kB
MemFree:         1398436 kB
MemAvailable:    1551384 kB
Buffers:           35976 kB
Cached:           247816 kB
MemTotal:        1844596 kB
MemFree:         1398428 kB
MemAvailable:    1551376 kB
Buffers:           35976 kB
Cached:           247816 kB
MemTotal:        1844596 kB
MemFree:         1399980 kB
MemAvailable:    1552928 kB
Buffers:           35976 kB
Cached:           247816 kB
MemTotal:        1844596 kB
MemFree:         1399692 kB
MemAvailable:    1552640 kB
Buffers:           35976 kB
Cached:           247816 kB
MemTotal:        1844596 kB
MemFree:         1398516 kB
MemAvailable:    1551464 kB
Buffers:           35976 kB
Cached:           247816 kB
MemTotal:        1844596 kB
MemFree:         1398384 kB
MemAvailable:    1551332 kB
Buffers:           35976 kB
Cached:           247816 kB
MemTotal:        1844596 kB
MemFree:         1397020 kB
MemAvailable:    1549968 kB
Buffers:           35976 kB
Cached:           247816 kB
MemTotal:        1844596 kB
MemFree:         1396804 kB
MemAvailable:    1549752 kB
Buffers:           35976 kB
Cached:           247816 kB
MemTotal:        1844596 kB
MemFree:         1396192 kB
MemAvailable:    1549140 kB
Buffers:           35976 kB
Cached:           247816 kB
MemTotal:        1844596 kB
MemFree:         1396308 kB
MemAvailable:    1549256 kB
Buffers:           35976 kB
Cached:           247816 kB
MemTotal:        1844596 kB
MemFree:         1397252 kB
MemAvailable:    1550200 kB
Buffers:           35976 kB
Cached:           247816 kB
MemTotal:        1844596 kB
MemFree:         1396944 kB
MemAvailable:    1549892 kB
Buffers:           35976 kB
Cached:           247816 kB
MemTotal:        1844596 kB
MemFree:         1397168 kB
MemAvailable:    1550116 kB
Buffers:           35976 kB
Cached:           247816 kB
MemTotal:        1844596 kB
MemFree:         1397060 kB
MemAvailable:    1550008 kB
Buffers:           35976 kB
Cached:           247816 kB
MemTotal:        1844596 kB
MemFree:         1397248 kB
MemAvailable:    1550196 kB
Buffers:           35976 kB
Cached:           247816 kB
MemTotal:        1844596 kB
MemFree:         1397192 kB
MemAvailable:    1550140 kB
Buffers:           35976 kB
Cached:           247816 kB
MemTotal:        1844596 kB
MemFree:         1398396 kB
MemAvailable:    1551344 kB
Buffers:           35976 kB
Cached:           247816 kB
MemTotal:        1844596 kB
MemFree:         1398652 kB
MemAvailable:    1551600 kB
Buffers:           35976 kB
Cached:           247816 kB
MemTotal:        1844596 kB
MemFree:         1397804 kB
MemAvailable:    1550752 kB
Buffers:           35976 kB
Cached:           247816 kB
MemTotal:        1844596 kB
MemFree:         1396060 kB
MemAvailable:    1549008 kB
Buffers:           35976 kB
Cached:           247816 kB
MemTotal:        1844596 kB
MemFree:         1396192 kB
MemAvailable:    1549140 kB
Buffers:           35976 kB
Cached:           247816 kB
MemTotal:        1844596 kB
MemFree:         1395076 kB
MemAvailable:    1548024 kB
Buffers:           35976 kB
Cached:           247816 kB
MemTotal:        1844596 kB
MemFree:         1394192 kB
MemAvailable:    1547140 kB
Buffers:           35976 kB
Cached:           247816 kB
MemTotal:        1844596 kB
MemFree:         1394192 kB
MemAvailable:    1547140 kB
Buffers:           35976 kB
Cached:           247816 kB
MemTotal:        1844596 kB
MemFree:         1392572 kB
MemAvailable:    1545520 kB
Buffers:           35976 kB
Cached:           247816 kB
MemTotal:        1844596 kB
MemFree:         1393508 kB
MemAvailable:    1546456 kB
Buffers:           35976 kB
Cached:           247816 kB
MemTotal:        1844596 kB
MemFree:         1392596 kB
MemAvailable:    1545544 kB
Buffers:           35976 kB
Cached:           247816 kB
MemTotal:        1844596 kB
MemFree:         1391832 kB
MemAvailable:    1544780 kB
Buffers:           35976 kB
Cached:           247816 kB
MemTotal:        1844596 kB
MemFree:         1392940 kB
MemAvailable:    1545888 kB
Buffers:           35976 kB
Cached:           247816 kB
MemTotal:        1844596 kB
MemFree:         1393192 kB
MemAvailable:    1546140 kB
Buffers:           35976 kB
Cached:           247816 kB
MemTotal:        1844596 kB
MemFree:         1393140 kB
MemAvailable:    1546088 kB
Buffers:           35976 kB
Cached:           247816 kB
MemTotal:        1844596 kB
MemFree:         1391792 kB
MemAvailable:    1544740 kB
Buffers:           35976 kB
Cached:           247816 kB
MemTotal:        1844596 kB
MemFree:         1393092 kB
MemAvailable:    1546040 kB
Buffers:           35976 kB
Cached:           247816 kB
MemTotal:        1844596 kB
MemFree:         1391348 kB
MemAvailable:    1544296 kB
Buffers:           35976 kB
Cached:           247816 kB
MemTotal:        1844596 kB
MemFree:         1392704 kB
MemAvailable:    1545652 kB
Buffers:           35976 kB
Cached:           247816 kB
MemTotal:        1844596 kB
MemFree:         1392464 kB
MemAvailable:    1545412 kB
Buffers:           35976 kB
Cached:           247816 kB
MemTotal:        1844596 kB
MemFree:         1392224 kB
MemAvailable:    1545172 kB
Buffers:           35976 kB
Cached:           247816 kB
MemTotal:        1844596 kB
MemFree:         1392152 kB
MemAvailable:    1545100 kB
Buffers:           35976 kB
Cached:           247816 kB
MemTotal:        1844596 kB
MemFree:         1390804 kB
MemAvailable:    1543752 kB
Buffers:           35976 kB
Cached:           247816 kB
MemTotal:        1844596 kB
MemFree:         1391904 kB
MemAvailable:    1544852 kB
Buffers:           35976 kB
Cached:           247816 kB
MemTotal:        1844596 kB
MemFree:         1392072 kB
MemAvailable:    1545020 kB
Buffers:           35976 kB
Cached:           247816 kB
MemTotal:        1844596 kB
MemFree:         1392272 kB
MemAvailable:    1545220 kB
Buffers:           35976 kB
Cached:           247816 kB
MemTotal:        1844596 kB
MemFree:         1392228 kB
MemAvailable:    1545176 kB
Buffers:           35976 kB
Cached:           247816 kB
MemTotal:        1844596 kB
MemFree:         1392156 kB
MemAvailable:    1545104 kB
Buffers:           35976 kB
Cached:           247816 kB
MemTotal:        1844596 kB
MemFree:         1390660 kB
MemAvailable:    1543608 kB
Buffers:           35976 kB
Cached:           247816 kB
MemTotal:        1844596 kB
MemFree:         1392032 kB
MemAvailable:    1544980 kB
Buffers:           35976 kB
Cached:           247816 kB
MemTotal:        1844596 kB
MemFree:         1390852 kB
MemAvailable:    1543800 kB
Buffers:           35976 kB
Cached:           247816 kB
MemTotal:        1844596 kB
MemFree:         1391416 kB
MemAvailable:    1544364 kB
Buffers:           35976 kB
Cached:           247816 kB
MemTotal:        1844596 kB
MemFree:         1391512 kB
MemAvailable:    1544460 kB
Buffers:           35976 kB
Cached:           247816 kB
MemTotal:        1844596 kB
MemFree:         1390204 kB
MemAvailable:    1543152 kB
Buffers:           35976 kB
Cached:           247816 kB
MemTotal:        1844596 kB
MemFree:         1391180 kB
MemAvailable:    1544128 kB
Buffers:           35976 kB
Cached:           247816 kB
MemTotal:        1844596 kB
MemFree:         1391180 kB
MemAvailable:    1544128 kB
Buffers:           35976 kB
Cached:           247816 kB
MemTotal:        1844596 kB
MemFree:         1390912 kB
MemAvailable:    1543860 kB
Buffers:           35976 kB
Cached:           247816 kB
MemTotal:        1844596 kB
MemFree:         1391248 kB
MemAvailable:    1544196 kB
Buffers:           35976 kB
Cached:           247816 kB
MemTotal:        1844596 kB
MemFree:         1389672 kB
MemAvailable:    1542620 kB
Buffers:           35976 kB
Cached:           247816 kB
MemTotal:        1844596 kB
MemFree:         1391272 kB
MemAvailable:    1544220 kB
Buffers:           35976 kB
Cached:           247816 kB
MemTotal:        1844596 kB
MemFree:         1389964 kB
MemAvailable:    1542912 kB
Buffers:           35976 kB
Cached:           247816 kB
MemTotal:        1844596 kB
MemFree:         1390984 kB
MemAvailable:    1543944 kB
Buffers:           35976 kB
Cached:           247828 kB
MemTotal:        1844596 kB
MemFree:         1390984 kB
MemAvailable:    1543944 kB
Buffers:           35976 kB
Cached:           247828 kB
MemTotal:        1844596 kB
MemFree:         1388504 kB
MemAvailable:    1541464 kB
Buffers:           35976 kB
Cached:           247828 kB
MemTotal:        1844596 kB
MemFree:         1388148 kB
MemAvailable:    1541108 kB
Buffers:           35976 kB
Cached:           247828 kB
MemTotal:        1844596 kB
MemFree:         1384048 kB
MemAvailable:    1537008 kB
Buffers:           35976 kB
Cached:           247828 kB
MemTotal:        1844596 kB
MemFree:         1382380 kB
MemAvailable:    1535340 kB
Buffers:           35976 kB
Cached:           247828 kB
MemTotal:        1844596 kB
MemFree:         1382504 kB
MemAvailable:    1535464 kB
Buffers:           35976 kB
Cached:           247828 kB
MemTotal:        1844596 kB
MemFree:         1383616 kB
MemAvailable:    1536576 kB
Buffers:           35976 kB
Cached:           247828 kB
MemTotal:        1844596 kB
MemFree:         1382508 kB
MemAvailable:    1535468 kB
Buffers:           35976 kB
Cached:           247828 kB
MemTotal:        1844596 kB
MemFree:         1383000 kB
MemAvailable:    1535960 kB
Buffers:           35976 kB
Cached:           247828 kB
MemTotal:        1844596 kB
MemFree:         1383336 kB
MemAvailable:    1536296 kB
Buffers:           35976 kB
Cached:           247828 kB
MemTotal:        1844596 kB
MemFree:         1381940 kB
MemAvailable:    1534900 kB
Buffers:           35976 kB
Cached:           247828 kB
MemTotal:        1844596 kB
MemFree:         1382188 kB
MemAvailable:    1535148 kB
Buffers:           35976 kB
Cached:           247828 kB
MemTotal:        1844596 kB
MemFree:         1381932 kB
MemAvailable:    1534892 kB
Buffers:           35976 kB
Cached:           247828 kB
MemTotal:        1844596 kB
MemFree:         1381808 kB
MemAvailable:    1534768 kB
Buffers:           35976 kB
Cached:           247828 kB
MemTotal:        1844596 kB
MemFree:         1382020 kB
MemAvailable:    1534980 kB
Buffers:           35976 kB
Cached:           247828 kB
MemTotal:        1844596 kB
MemFree:         1381816 kB
MemAvailable:    1534776 kB
Buffers:           35976 kB
Cached:           247828 kB
MemTotal:        1844596 kB
MemFree:         1382016 kB
MemAvailable:    1534976 kB
Buffers:           35976 kB
Cached:           247828 kB
MemTotal:        1844596 kB
MemFree:         1382808 kB
MemAvailable:    1535768 kB
Buffers:           35976 kB
Cached:           247828 kB
MemTotal:        1844596 kB
MemFree:         1382356 kB
MemAvailable:    1535316 kB
Buffers:           35976 kB
Cached:           247828 kB
MemTotal:        1844596 kB
MemFree:         1382308 kB
MemAvailable:    1535268 kB
Buffers:           35976 kB
Cached:           247828 kB
MemTotal:        1844596 kB
MemFree:         1380876 kB
MemAvailable:    1533836 kB
Buffers:           35976 kB
Cached:           247828 kB
MemTotal:        1844596 kB
MemFree:         1381428 kB
MemAvailable:    1534388 kB
Buffers:           35976 kB
Cached:           247828 kB
MemTotal:        1844596 kB
MemFree:         1380700 kB
MemAvailable:    1533660 kB
Buffers:           35976 kB
Cached:           247828 kB
MemTotal:        1844596 kB
MemFree:         1380140 kB
MemAvailable:    1533100 kB
Buffers:           35976 kB
Cached:           247828 kB
MemTotal:        1844596 kB
MemFree:         1379460 kB
MemAvailable:    1532420 kB
Buffers:           35976 kB
Cached:           247828 kB
MemTotal:        1844596 kB
MemFree:         1380684 kB
MemAvailable:    1533644 kB
Buffers:           35976 kB
Cached:           247828 kB
MemTotal:        1844596 kB
MemFree:         1380444 kB
MemAvailable:    1533404 kB
Buffers:           35976 kB
Cached:           247828 kB
MemTotal:        1844596 kB
MemFree:         1379088 kB
MemAvailable:    1532048 kB
Buffers:           35976 kB
Cached:           247828 kB
MemTotal:        1844596 kB
MemFree:         1379432 kB
MemAvailable:    1532392 kB
Buffers:           35976 kB
Cached:           247828 kB
MemTotal:        1844596 kB
MemFree:         1379516 kB
MemAvailable:    1532476 kB
Buffers:           35984 kB
Cached:           247820 kB
MemTotal:        1844596 kB
MemFree:         1378200 kB
MemAvailable:    1531160 kB
Buffers:           35984 kB
Cached:           247820 kB
MemTotal:        1844596 kB
MemFree:         1378192 kB
MemAvailable:    1531152 kB
Buffers:           35984 kB
Cached:           247820 kB
MemTotal:        1844596 kB
MemFree:         1379492 kB
MemAvailable:    1532452 kB
Buffers:           35984 kB
Cached:           247820 kB
MemTotal:        1844596 kB
MemFree:         1379384 kB
MemAvailable:    1532344 kB
Buffers:           35984 kB
Cached:           247820 kB
MemTotal:        1844596 kB
MemFree:         1377896 kB
MemAvailable:    1530856 kB
Buffers:           35984 kB
Cached:           247820 kB
MemTotal:        1844596 kB
MemFree:         1379196 kB
MemAvailable:    1532156 kB
Buffers:           35984 kB
Cached:           247820 kB
MemTotal:        1844596 kB
MemFree:         1379148 kB
MemAvailable:    1532108 kB
Buffers:           35984 kB
Cached:           247820 kB
MemTotal:        1844596 kB
MemFree:         1378056 kB
MemAvailable:    1531016 kB
Buffers:           35984 kB
Cached:           247820 kB
MemTotal:        1844596 kB
MemFree:         1378692 kB
MemAvailable:    1531652 kB
Buffers:           35984 kB
Cached:           247820 kB
MemTotal:        1844596 kB
MemFree:         1378344 kB
MemAvailable:    1531304 kB
Buffers:           35984 kB
Cached:           247820 kB
MemTotal:        1844596 kB
MemFree:         1372748 kB
MemAvailable:    1525708 kB
Buffers:           35984 kB
Cached:           247820 kB
MemTotal:        1844596 kB
MemFree:         1371716 kB
MemAvailable:    1524676 kB
Buffers:           35984 kB
Cached:           247820 kB
MemTotal:        1844596 kB
MemFree:         1371252 kB
MemAvailable:    1524212 kB
Buffers:           35984 kB
Cached:           247820 kB
MemTotal:        1844596 kB
MemFree:         1370788 kB
MemAvailable:    1523748 kB
Buffers:           35984 kB
Cached:           247820 kB
MemTotal:        1844596 kB
MemFree:         1371164 kB
MemAvailable:    1524124 kB
Buffers:           35984 kB
Cached:           247820 kB
MemTotal:        1844596 kB
MemFree:         1369980 kB
MemAvailable:    1522940 kB
Buffers:           35984 kB
Cached:           247820 kB
MemTotal:        1844596 kB
MemFree:         1370140 kB
MemAvailable:    1523100 kB
Buffers:           35984 kB
Cached:           247820 kB
MemTotal:        1844596 kB
MemFree:         1373232 kB
MemAvailable:    1526192 kB
Buffers:           35984 kB
Cached:           247820 kB
MemTotal:        1844596 kB
MemFree:         1368796 kB
MemAvailable:    1521756 kB
Buffers:           35984 kB
Cached:           247820 kB
MemTotal:        1844596 kB
MemFree:         1369524 kB
MemAvailable:    1522484 kB
Buffers:           35984 kB
Cached:           247820 kB
MemTotal:        1844596 kB
MemFree:         1369860 kB
MemAvailable:    1522820 kB
Buffers:           35984 kB
Cached:           247820 kB
MemTotal:        1844596 kB
MemFree:         1369468 kB
MemAvailable:    1522428 kB
Buffers:           35984 kB
Cached:           247820 kB
MemTotal:        1844596 kB
MemFree:         1368120 kB
MemAvailable:    1521080 kB
Buffers:           35984 kB
Cached:           247820 kB
MemTotal:        1844596 kB
MemFree:         1368120 kB
MemAvailable:    1521080 kB
Buffers:           35984 kB
Cached:           247820 kB
MemTotal:        1844596 kB
MemFree:         1369228 kB
MemAvailable:    1522188 kB
Buffers:           35984 kB
Cached:           247820 kB
MemTotal:        1844596 kB
MemFree:         1369484 kB
MemAvailable:    1522444 kB
Buffers:           35984 kB
Cached:           247820 kB
MemTotal:        1844596 kB
MemFree:         1367988 kB
MemAvailable:    1520948 kB
Buffers:           35984 kB
Cached:           247820 kB
MemTotal:        1844596 kB
MemFree:         1368280 kB
MemAvailable:    1521240 kB
Buffers:           35984 kB
Cached:           247820 kB
MemTotal:        1844596 kB
MemFree:         1369384 kB
MemAvailable:    1522344 kB
Buffers:           35984 kB
Cached:           247820 kB
MemTotal:        1844596 kB
MemFree:         1369548 kB
MemAvailable:    1522508 kB
Buffers:           35984 kB
Cached:           247820 kB
MemTotal:        1844596 kB
MemFree:         1369428 kB
MemAvailable:    1522388 kB
Buffers:           35984 kB
Cached:           247820 kB
MemTotal:        1844596 kB
MemFree:         1369276 kB
MemAvailable:    1522236 kB
Buffers:           35984 kB
Cached:           247820 kB
MemTotal:        1844596 kB
MemFree:         1369276 kB
MemAvailable:    1522236 kB
Buffers:           35984 kB
Cached:           247820 kB
MemTotal:        1844596 kB
MemFree:         1368116 kB
MemAvailable:    1521076 kB
Buffers:           35984 kB
Cached:           247820 kB
MemTotal:        1844596 kB
MemFree:         1369376 kB
MemAvailable:    1522348 kB
Buffers:           35984 kB
Cached:           247832 kB
MemTotal:        1844596 kB
MemFree:         1368796 kB
MemAvailable:    1521768 kB
Buffers:           35984 kB
Cached:           247832 kB
MemTotal:        1844596 kB
MemFree:         1369516 kB
MemAvailable:    1522492 kB
Buffers:           35984 kB
Cached:           247836 kB
MemTotal:        1844596 kB
MemFree:         1369516 kB
MemAvailable:    1522492 kB
Buffers:           35984 kB
Cached:           247836 kB
MemTotal:        1844596 kB
MemFree:         1368148 kB
MemAvailable:    1521124 kB
Buffers:           35984 kB
Cached:           247836 kB
MemTotal:        1844596 kB
MemFree:         1368148 kB
MemAvailable:    1521124 kB
Buffers:           35984 kB
Cached:           247836 kB
MemTotal:        1844596 kB
MemFree:         1369340 kB
MemAvailable:    1522316 kB
Buffers:           35984 kB
Cached:           247836 kB
MemTotal:        1844596 kB
MemFree:         1369592 kB
MemAvailable:    1522568 kB
Buffers:           35984 kB
Cached:           247836 kB
MemTotal:        1844596 kB
MemFree:         1369428 kB
MemAvailable:    1522404 kB
Buffers:           35984 kB
Cached:           247836 kB
MemTotal:        1844596 kB
MemFree:         1368248 kB
MemAvailable:    1521224 kB
Buffers:           35984 kB
Cached:           247836 kB
MemTotal:        1844596 kB
MemFree:         1369400 kB
MemAvailable:    1522376 kB
Buffers:           35984 kB
Cached:           247836 kB
MemTotal:        1844596 kB
MemFree:         1368796 kB
MemAvailable:    1521772 kB
Buffers:           35984 kB
Cached:           247836 kB
MemTotal:        1844596 kB
MemFree:         1369464 kB
MemAvailable:    1522440 kB
Buffers:           35984 kB
Cached:           247836 kB
MemTotal:        1844596 kB
MemFree:         1369416 kB
MemAvailable:    1522392 kB
Buffers:           35984 kB
Cached:           247836 kB
MemTotal:        1844596 kB
MemFree:         1369152 kB
MemAvailable:    1522128 kB
Buffers:           35984 kB
Cached:           247836 kB
MemTotal:        1844596 kB
MemFree:         1369404 kB
MemAvailable:    1522380 kB
Buffers:           35984 kB
Cached:           247836 kB
MemTotal:        1844596 kB
MemFree:         1368044 kB
MemAvailable:    1521020 kB
Buffers:           35984 kB
Cached:           247836 kB
MemTotal:        1844596 kB
MemFree:         1368788 kB
MemAvailable:    1521764 kB
Buffers:           35984 kB
Cached:           247836 kB
MemTotal:        1844596 kB
MemFree:         1369716 kB
MemAvailable:    1522696 kB
Buffers:           35984 kB
Cached:           247840 kB
MemTotal:        1844596 kB
MemFree:         1368548 kB
MemAvailable:    1521528 kB
Buffers:           35984 kB
Cached:           247840 kB
MemTotal:        1844596 kB
MemFree:         1369112 kB
MemAvailable:    1522092 kB
Buffers:           35984 kB
Cached:           247840 kB
MemTotal:        1844596 kB
MemFree:         1369528 kB
MemAvailable:    1522508 kB
Buffers:           35984 kB
Cached:           247840 kB
MemTotal:        1844596 kB
MemFree:         1369520 kB
MemAvailable:    1522500 kB
Buffers:           35984 kB
Cached:           247840 kB
MemTotal:        1844596 kB
MemFree:         1368280 kB
MemAvailable:    1521260 kB
Buffers:           35984 kB
Cached:           247840 kB
MemTotal:        1844596 kB
MemFree:         1368596 kB
MemAvailable:    1521576 kB
Buffers:           35984 kB
Cached:           247840 kB
MemTotal:        1844596 kB
MemFree:         1367856 kB
MemAvailable:    1520836 kB
Buffers:           35984 kB
Cached:           247840 kB
MemTotal:        1844596 kB
MemFree:         1369352 kB
MemAvailable:    1522332 kB
Buffers:           35984 kB
Cached:           247840 kB
MemTotal:        1844596 kB
MemFree:         1368176 kB
MemAvailable:    1521156 kB
Buffers:           35984 kB
Cached:           247840 kB
MemTotal:        1844596 kB
MemFree:         1368128 kB
MemAvailable:    1521108 kB
Buffers:           35984 kB
Cached:           247840 kB
MemTotal:        1844596 kB
MemFree:         1368128 kB
MemAvailable:    1521108 kB
Buffers:           35984 kB
Cached:           247840 kB
MemTotal:        1844596 kB
MemFree:         1369520 kB
MemAvailable:    1522500 kB
Buffers:           35984 kB
Cached:           247840 kB
MemTotal:        1844596 kB
MemFree:         1369140 kB
MemAvailable:    1522120 kB
Buffers:           35984 kB
Cached:           247840 kB
MemTotal:        1844596 kB
MemFree:         1369476 kB
MemAvailable:    1522456 kB
Buffers:           35984 kB
Cached:           247840 kB
MemTotal:        1844596 kB
MemFree:         1369008 kB
MemAvailable:    1522324 kB
Buffers:           35984 kB
Cached:           248212 kB
MemTotal:        1844596 kB
MemFree:         1369008 kB
MemAvailable:    1522324 kB
Buffers:           35984 kB
Cached:           248212 kB
MemTotal:        1844596 kB
MemFree:         1369068 kB
MemAvailable:    1522468 kB
Buffers:           35984 kB
Cached:           248336 kB
MemTotal:        1844596 kB
MemFree:         1368944 kB
MemAvailable:    1522428 kB
Buffers:           35984 kB
Cached:           248336 kB
MemTotal:        1844596 kB
MemFree:         1368856 kB
MemAvailable:    1522424 kB
Buffers:           35984 kB
Cached:           248460 kB
MemTotal:        1844596 kB
MemFree:         1368600 kB
MemAvailable:    1522168 kB
Buffers:           35984 kB
Cached:           248460 kB
MemTotal:        1844596 kB
MemFree:         1367424 kB
MemAvailable:    1521076 kB
Buffers:           35984 kB
Cached:           248460 kB
MemTotal:        1844596 kB
MemFree:         1368628 kB
MemAvailable:    1522280 kB
Buffers:           35984 kB
Cached:           248460 kB
MemTotal:        1844596 kB
MemFree:         1367540 kB
MemAvailable:    1521192 kB
Buffers:           35984 kB
Cached:           248460 kB
MemTotal:        1844596 kB
MemFree:         1367408 kB
MemAvailable:    1521060 kB
Buffers:           35984 kB
Cached:           248460 kB
MemTotal:        1844596 kB
MemFree:         1367412 kB
MemAvailable:    1521064 kB
Buffers:           35984 kB
Cached:           248460 kB
MemTotal:        1844596 kB
MemFree:         1367528 kB
MemAvailable:    1521180 kB
Buffers:           35984 kB
Cached:           248460 kB
MemTotal:        1844596 kB
MemFree:         1436444 kB
MemAvailable:    1589508 kB
Buffers:           35984 kB
Cached:           247912 kB
MemTotal:        1844596 kB
MemFree:         1436004 kB
MemAvailable:    1589068 kB
Buffers:           35984 kB
Cached:           247912 kB
