MemTotal:        1844596 kB
MemFree:         1521300 kB
MemAvailable:    1588352 kB
Buffers:           23928 kB
Cached:           171564 kB
MemTotal:        1844596 kB
MemFree:         1518564 kB
MemAvailable:    1585616 kB
Buffers:           23928 kB
Cached:           171564 kB
MemTotal:        1844596 kB
MemFree:         1520184 kB
MemAvailable:    1587236 kB
Buffers:           23928 kB
Cached:           171564 kB
MemTotal:        1844596 kB
MemFree:         1518068 kB
MemAvailable:    1585120 kB
Buffers:           23928 kB
Cached:           171564 kB
MemTotal:        1844596 kB
MemFree:         1517944 kB
MemAvailable:    1584996 kB
Buffers:           23928 kB
Cached:           171564 kB
MemTotal:        1844596 kB
MemFree:         1517944 kB
MemAvailable:    1584996 kB
Buffers:           23928 kB
Cached:           171564 kB
MemTotal:        1844596 kB
MemFree:         1517688 kB
MemAvailable:    1584740 kB
Buffers:           23928 kB
Cached:           171564 kB
MemTotal:        1844596 kB
MemFree:         1514596 kB
MemAvailable:    1581648 kB
Buffers:           23928 kB
Cached:           171564 kB
MemTotal:        1844596 kB
MemFree:         1516328 kB
MemAvailable:    1583380 kB
Buffers:           23928 kB
Cached:           171564 kB
MemTotal:        1844596 kB
MemFree:         1513728 kB
MemAvailable:    1580780 kB
Buffers:           23928 kB
Cached:           171564 kB
MemTotal:        1844596 kB
MemFree:         1513728 kB
MemAvailable:    1580780 kB
Buffers:           23928 kB
Cached:           171564 kB
MemTotal:        1844596 kB
MemFree:         1511752 kB
MemAvailable:    1578804 kB
Buffers:           23928 kB
Cached:           171564 kB
MemTotal:        1844596 kB
MemFree:         1511876 kB
MemAvailable:    1578928 kB
Buffers:           23928 kB
Cached:           171564 kB
MemTotal:        1844596 kB
MemFree:         1511836 kB
MemAvailable:    1578888 kB
Buffers:           23928 kB
Cached:           171564 kB
MemTotal:        1844596 kB
MemFree:         1510380 kB
MemAvailable:    1577432 kB
Buffers:           23928 kB
Cached:           171564 kB
MemTotal:        1844596 kB
MemFree:         1510380 kB
MemAvailable:    1577432 kB
Buffers:           23928 kB
Cached:           171564 kB
MemTotal:        1844596 kB
MemFree:         1510380 kB
MemAvailable:    1577432 kB
Buffers:           23928 kB
Cached:           171564 kB
MemTotal:        1844596 kB
MemFree:         1509148 kB
MemAvailable:    1576200 kB
Buffers:           23928 kB
Cached:           171564 kB
MemTotal:        1844596 kB
MemFree:         1510388 kB
MemAvailable:    1577440 kB
Buffers:           23928 kB
Cached:           171564 kB
MemTotal:        1844596 kB
MemFree:         1506412 kB
MemAvailable:    1573464 kB
Buffers:           23928 kB
Cached:           171564 kB
MemTotal:        1844596 kB
MemFree:         1507660 kB
MemAvailable:    1574712 kB
Buffers:           23928 kB
Cached:           171564 kB
MemTotal:        1844596 kB
MemFree:         1504676 kB
MemAvailable:    1571728 kB
Buffers:           23928 kB
Cached:           171564 kB
MemTotal:        1844596 kB
MemFree:         1503684 kB
MemAvailable:    1570736 kB
Buffers:           23928 kB
Cached:           171564 kB
MemTotal:        1844596 kB
MemFree:         1499468 kB
MemAvailable:    1566520 kB
Buffers:           23928 kB
Cached:           171564 kB
MemTotal:        1844596 kB
MemFree:         1499476 kB
MemAvailable:    1566528 kB
Buffers:           23928 kB
Cached:           171564 kB
MemTotal:        1844596 kB
MemFree:         1500204 kB
MemAvailable:    1567256 kB
Buffers:           23928 kB
Cached:           171564 kB
MemTotal:        1844596 kB
MemFree:         1500316 kB
MemAvailable:    1567368 kB
Buffers:           23928 kB
Cached:           171564 kB
MemTotal:        1844596 kB
MemFree:         1500336 kB
MemAvailable:    1567388 kB
Buffers:           23928 kB
Cached:           171564 kB
MemTotal:        1844596 kB
MemFree:         1500456 kB
MemAvailable:    1567508 kB
Buffers:           23928 kB
Cached:           171564 kB
MemTotal:        1844596 kB
MemFree:         1500344 kB
MemAvailable:    1567416 kB
Buffers:           23928 kB
Cached:           171568 kB
MemTotal:        1844596 kB
MemFree:         1500344 kB
MemAvailable:    1567416 kB
Buffers:           23928 kB
Cached:           171568 kB
MemTotal:        1844596 kB
MemFree:         1500288 kB
MemAvailable:    1567360 kB
Buffers:           23928 kB
Cached:           171568 kB
MemTotal:        1844596 kB
MemFree:         1500420 kB
MemAvailable:    1567492 kB
Buffers:           23928 kB
Cached:           171568 kB
MemTotal:        1844596 kB
MemFree:         1500420 kB
MemAvailable:    1567492 kB
Buffers:           23928 kB
Cached:           171568 kB
MemTotal:        1844596 kB
MemFree:         1499592 kB
MemAvailable:    1566664 kB
Buffers:           23928 kB
Cached:           171568 kB
MemTotal:        1844596 kB
MemFree:         1499536 kB
MemAvailable:    1566608 kB
Buffers:           23928 kB
Cached:           171568 kB
MemTotal:        1844596 kB
MemFree:         1498352 kB
MemAvailable:    1565424 kB
Buffers:           23928 kB
Cached:           171568 kB
MemTotal:        1844596 kB
MemFree:         1498600 kB
MemAvailable:    1565672 kB
Buffers:           23928 kB
Cached:           171568 kB
MemTotal:        1844596 kB
MemFree:         1498096 kB
MemAvailable:    1565168 kB
Buffers:           23928 kB
Cached:           171568 kB
MemTotal:        1844596 kB
MemFree:         1497964 kB
MemAvailable:    1565036 kB
Buffers:           23928 kB
Cached:           171568 kB
MemTotal:        1844596 kB
MemFree:         1497980 kB
MemAvailable:    1565052 kB
Buffers:           23928 kB
Cached:           171568 kB
MemTotal:        1844596 kB
MemFree:         1497840 kB
MemAvailable:    1564912 kB
Buffers:           23928 kB
Cached:           171568 kB
MemTotal:        1844596 kB
MemFree:         1497972 kB
MemAvailable:    1565044 kB
Buffers:           23928 kB
Cached:           171568 kB
MemTotal:        1844596 kB
MemFree:         1498092 kB
MemAvailable:    1565164 kB
Buffers:           23928 kB
Cached:           171568 kB
MemTotal:        1844596 kB
MemFree:         1497864 kB
MemAvailable:    1564936 kB
Buffers:           23928 kB
Cached:           171568 kB
MemTotal:        1844596 kB
MemFree:         1497996 kB
MemAvailable:    1565068 kB
Buffers:           23928 kB
Cached:           171568 kB
MemTotal:        1844596 kB
MemFree:         1497640 kB
MemAvailable:    1564716 kB
Buffers:           23928 kB
Cached:           171572 kB
MemTotal:        1844596 kB
MemFree:         1497808 kB
MemAvailable:    1564884 kB
Buffers:           23928 kB
Cached:           171572 kB
MemTotal:        1844596 kB
MemFree:         1497888 kB
MemAvailable:    1564964 kB
Buffers:           23928 kB
Cached:           171572 kB
MemTotal:        1844596 kB
MemFree:         1497740 kB
MemAvailable:    1564816 kB
Buffers:           23928 kB
Cached:           171572 kB
MemTotal:        1844596 kB
MemFree:         1497992 kB
MemAvailable:    1565068 kB
Buffers:           23928 kB
Cached:           171572 kB
MemTotal:        1844596 kB
MemFree:         1497728 kB
MemAvailable:    1564804 kB
Buffers:           23928 kB
Cached:           171572 kB
MemTotal:        1844596 kB
MemFree:         1497868 kB
MemAvailable:    1564944 kB
Buffers:           23928 kB
Cached:           171572 kB
MemTotal:        1844596 kB
MemFree:         1497696 kB
MemAvailable:    1564772 kB
Buffers:           23928 kB
Cached:           171572 kB
MemTotal:        1844596 kB
MemFree:         1497696 kB
MemAvailable:    1564772 kB
Buffers:           23928 kB
Cached:           171572 kB
MemTotal:        1844596 kB
MemFree:         1498992 kB
MemAvailable:    1566068 kB
Buffers:           23928 kB
Cached:           171572 kB
MemTotal:        1844596 kB
MemFree:         1499124 kB
MemAvailable:    1566200 kB
Buffers:           23928 kB
Cached:           171572 kB
MemTotal:        1844596 kB
MemFree:         1498624 kB
MemAvailable:    1565700 kB
Buffers:           23928 kB
Cached:           171572 kB
MemTotal:        1844596 kB
MemFree:         1498888 kB
MemAvailable:    1565964 kB
Buffers:           23928 kB
Cached:           171572 kB
MemTotal:        1844596 kB
MemFree:         1496524 kB
MemAvailable:    1563600 kB
Buffers:           23928 kB
Cached:           171572 kB
MemTotal:        1844596 kB
MemFree:         1497028 kB
MemAvailable:    1564104 kB
Buffers:           23928 kB
Cached:           171572 kB
MemTotal:        1844596 kB
MemFree:         1495648 kB
MemAvailable:    1562724 kB
Buffers:           23928 kB
Cached:           171572 kB
MemTotal:        1844596 kB
MemFree:         1495788 kB
MemAvailable:    1562864 kB
Buffers:           23928 kB
Cached:           171572 kB
MemTotal:        1844596 kB
MemFree:         1495028 kB
MemAvailable:    1562104 kB
Buffers:           23928 kB
Cached:           171572 kB
MemTotal:        1844596 kB
MemFree:         1495416 kB
MemAvailable:    1562492 kB
Buffers:           23928 kB
Cached:           171572 kB
MemTotal:        1844596 kB
MemFree:         1494616 kB
MemAvailable:    1561692 kB
Buffers:           23928 kB
Cached:           171572 kB
MemTotal:        1844596 kB
MemFree:         1494396 kB
MemAvailable:    1561472 kB
Buffers:           23928 kB
Cached:           171572 kB
MemTotal:        1844596 kB
MemFree:         1494380 kB
MemAvailable:    1561456 kB
Buffers:           23928 kB
Cached:           171572 kB
MemTotal:        1844596 kB
MemFree:         1494036 kB
MemAvailable:    1561112 kB
Buffers:           23928 kB
Cached:           171572 kB
MemTotal:        1844596 kB
MemFree:         1494052 kB
MemAvailable:    1561128 kB
Buffers:           23928 kB
Cached:           171572 kB
MemTotal:        1844596 kB
MemFree:         1493912 kB
MemAvailable:    1560988 kB
Buffers:           23928 kB
Cached:           171572 kB
MemTotal:        1844596 kB
MemFree:         1493796 kB
MemAvailable:    1560872 kB
Buffers:           23928 kB
Cached:           171572 kB
MemTotal:        1844596 kB
MemFree:         1493748 kB
MemAvailable:    1560824 kB
Buffers:           23928 kB
Cached:           171572 kB
MemTotal:        1844596 kB
MemFree:         1493548 kB
MemAvailable:    1560628 kB
Buffers:           23928 kB
Cached:           171576 kB
MemTotal:        1844596 kB
MemFree:         1493680 kB
MemAvailable:    1560760 kB
Buffers:           23928 kB
Cached:           171576 kB
MemTotal:        1844596 kB
MemFree:         1493804 kB
MemAvailable:    1560884 kB
Buffers:           23928 kB
Cached:           171576 kB
MemTotal:        1844596 kB
MemFree:         1493656 kB
MemAvailable:    1560736 kB
Buffers:           23928 kB
Cached:           171576 kB
MemTotal:        1844596 kB
MemFree:         1493656 kB
MemAvailable:    1560736 kB
Buffers:           23928 kB
Cached:           171576 kB
MemTotal:        1844596 kB
MemFree:         1493524 kB
MemAvailable:    1560604 kB
Buffers:           23928 kB
Cached:           171576 kB
MemTotal:        1844596 kB
MemFree:         1493788 kB
MemAvailable:    1560868 kB
Buffers:           23928 kB
Cached:           171576 kB
MemTotal:        1844596 kB
MemFree:         1493500 kB
MemAvailable:    1560580 kB
Buffers:           23928 kB
Cached:           171576 kB
MemTotal:        1844596 kB
MemFree:         1493144 kB
MemAvailable:    1560224 kB
Buffers:           23928 kB
Cached:           171576 kB
MemTotal:        1844596 kB
MemFree:         1493408 kB
MemAvailable:    1560488 kB
Buffers:           23928 kB
Cached:           171576 kB
MemTotal:        1844596 kB
MemFree:         1492928 kB
MemAvailable:    1560008 kB
Buffers:           23928 kB
Cached:           171576 kB
MemTotal:        1844596 kB
MemFree:         1493004 kB
MemAvailable:    1560084 kB
Buffers:           23928 kB
Cached:           171576 kB
MemTotal:        1844596 kB
MemFree:         1493060 kB
MemAvailable:    1560140 kB
Buffers:           23928 kB
Cached:           171576 kB
MemTotal:        1844596 kB
MemFree:         1492548 kB
MemAvailable:    1559628 kB
Buffers:           23928 kB
Cached:           171576 kB
MemTotal:        1844596 kB
MemFree:         1492548 kB
MemAvailable:    1559628 kB
Buffers:           23928 kB
Cached:           171576 kB
MemTotal:        1844596 kB
MemFree:         1492548 kB
MemAvailable:    1559628 kB
Buffers:           23928 kB
Cached:           171576 kB
MemTotal:        1844596 kB
MemFree:         1492548 kB
MemAvailable:    1559628 kB
Buffers:           23928 kB
Cached:           171576 kB
MemTotal:        1844596 kB
MemFree:         1492540 kB
MemAvailable:    1559620 kB
Buffers:           23928 kB
Cached:           171576 kB
MemTotal:        1844596 kB
MemFree:         1492540 kB
MemAvailable:    1559620 kB
Buffers:           23928 kB
Cached:           171576 kB
MemTotal:        1844596 kB
MemFree:         1492276 kB
MemAvailable:    1559356 kB
Buffers:           23928 kB
Cached:           171576 kB
MemTotal:        1844596 kB
MemFree:         1492540 kB
MemAvailable:    1559620 kB
Buffers:           23928 kB
Cached:           171576 kB
MemTotal:        1844596 kB
MemFree:         1492444 kB
MemAvailable:    1559524 kB
Buffers:           23928 kB
Cached:           171576 kB
MemTotal:        1844596 kB
MemFree:         1492360 kB
MemAvailable:    1559440 kB
Buffers:           23928 kB
Cached:           171576 kB
MemTotal:        1844596 kB
MemFree:         1492444 kB
MemAvailable:    1559524 kB
Buffers:           23928 kB
Cached:           171576 kB
MemTotal:        1844596 kB
MemFree:         1492360 kB
MemAvailable:    1559440 kB
Buffers:           23928 kB
Cached:           171576 kB
MemTotal:        1844596 kB
MemFree:         1492492 kB
MemAvailable:    1559572 kB
Buffers:           23928 kB
Cached:           171576 kB
MemTotal:        1844596 kB
MemFree:         1492360 kB
MemAvailable:    1559440 kB
Buffers:           23928 kB
Cached:           171576 kB
MemTotal:        1844596 kB
MemFree:         1492484 kB
MemAvailable:    1559564 kB
Buffers:           23928 kB
Cached:           171576 kB
MemTotal:        1844596 kB
MemFree:         1492608 kB
MemAvailable:    1559688 kB
Buffers:           23928 kB
Cached:           171576 kB
MemTotal:        1844596 kB
MemFree:         1492492 kB
MemAvailable:    1559572 kB
Buffers:           23928 kB
Cached:           171576 kB
MemTotal:        1844596 kB
MemFree:         1492492 kB
MemAvailable:    1559572 kB
Buffers:           23928 kB
Cached:           171576 kB
MemTotal:        1844596 kB
MemFree:         1492228 kB
MemAvailable:    1559308 kB
Buffers:           23928 kB
Cached:           171576 kB
MemTotal:        1844596 kB
MemFree:         1491788 kB
MemAvailable:    1558868 kB
Buffers:           23928 kB
Cached:           171576 kB
MemTotal:        1844596 kB
MemFree:         1492040 kB
MemAvailable:    1559120 kB
Buffers:           23928 kB
Cached:           171576 kB
MemTotal:        1844596 kB
MemFree:         1491860 kB
MemAvailable:    1558940 kB
Buffers:           23928 kB
Cached:           171576 kB
MemTotal:        1844596 kB
MemFree:         1491860 kB
MemAvailable:    1558940 kB
Buffers:           23928 kB
Cached:           171576 kB
MemTotal:        1844596 kB
MemFree:         1491976 kB
MemAvailable:    1559056 kB
Buffers:           23928 kB
Cached:           171576 kB
MemTotal:        1844596 kB
MemFree:         1491976 kB
MemAvailable:    1559056 kB
Buffers:           23928 kB
Cached:           171576 kB
MemTotal:        1844596 kB
MemFree:         1491720 kB
MemAvailable:    1558800 kB
Buffers:           23928 kB
Cached:           171576 kB
MemTotal:        1844596 kB
MemFree:         1491852 kB
MemAvailable:    1558932 kB
Buffers:           23928 kB
Cached:           171576 kB
MemTotal:        1844596 kB
MemFree:         1492116 kB
MemAvailable:    1559196 kB
Buffers:           23928 kB
Cached:           171576 kB
MemTotal:        1844596 kB
MemFree:         1491976 kB
MemAvailable:    1559056 kB
Buffers:           23928 kB
Cached:           171576 kB
MemTotal:        1844596 kB
MemFree:         1491596 kB
MemAvailable:    1558676 kB
Buffers:           23928 kB
Cached:           171576 kB
MemTotal:        1844596 kB
MemFree:         1491596 kB
MemAvailable:    1558676 kB
Buffers:           23928 kB
Cached:           171576 kB
MemTotal:        1844596 kB
MemFree:         1491720 kB
MemAvailable:    1558800 kB
Buffers:           23928 kB
Cached:           171576 kB
MemTotal:        1844596 kB
MemFree:         1491580 kB
MemAvailable:    1558660 kB
Buffers:           23928 kB
Cached:           171576 kB
MemTotal:        1844596 kB
MemFree:         1491556 kB
MemAvailable:    1558636 kB
Buffers:           23928 kB
Cached:           171576 kB
MemTotal:        1844596 kB
MemFree:         1491540 kB
MemAvailable:    1558620 kB
Buffers:           23928 kB
Cached:           171576 kB
MemTotal:        1844596 kB
MemFree:         1491540 kB
MemAvailable:    1558620 kB
Buffers:           23928 kB
Cached:           171576 kB
MemTotal:        1844596 kB
MemFree:         1491532 kB
MemAvailable:    1558612 kB
Buffers:           23928 kB
Cached:           171576 kB
MemTotal:        1844596 kB
MemFree:         1491672 kB
MemAvailable:    1558752 kB
Buffers:           23928 kB
Cached:           171576 kB
MemTotal:        1844596 kB
MemFree:         1491416 kB
MemAvailable:    1558496 kB
Buffers:           23928 kB
Cached:           171576 kB
MemTotal:        1844596 kB
MemFree:         1491540 kB
MemAvailable:    1558620 kB
Buffers:           23928 kB
Cached:           171576 kB
MemTotal:        1844596 kB
MemFree:         1491284 kB
MemAvailable:    1558364 kB
Buffers:           23928 kB
Cached:           171576 kB
MemTotal:        1844596 kB
MemFree:         1491160 kB
MemAvailable:    1558240 kB
Buffers:           23928 kB
Cached:           171576 kB
MemTotal:        1844596 kB
MemFree:         1491548 kB
MemAvailable:    1558628 kB
Buffers:           23928 kB
Cached:           171576 kB
MemTotal:        1844596 kB
MemFree:         1491424 kB
MemAvailable:    1558504 kB
Buffers:           23928 kB
Cached:           171576 kB
MemTotal:        1844596 kB
MemFree:         1491308 kB
MemAvailable:    1558388 kB
Buffers:           23928 kB
Cached:           171576 kB
MemTotal:        1844596 kB
MemFree:         1491476 kB
MemAvailable:    1558556 kB
Buffers:           23928 kB
Cached:           171576 kB
MemTotal:        1844596 kB
MemFree:         1491500 kB
MemAvailable:    1558580 kB
Buffers:           23928 kB
Cached:           171576 kB
MemTotal:        1844596 kB
MemFree:         1491532 kB
MemAvailable:    1558612 kB
Buffers:           23928 kB
Cached:           171576 kB
MemTotal:        1844596 kB
MemFree:         1491540 kB
MemAvailable:    1558620 kB
Buffers:           23928 kB
Cached:           171576 kB
MemTotal:        1844596 kB
MemFree:         1491260 kB
MemAvailable:    1558340 kB
Buffers:           23928 kB
Cached:           171576 kB
MemTotal:        1844596 kB
MemFree:         1490068 kB
MemAvailable:    1557148 kB
Buffers:           23928 kB
Cached:           171576 kB
MemTotal:        1844596 kB
MemFree:         1490696 kB
MemAvailable:    1557776 kB
Buffers:           23928 kB
Cached:           171576 kB
MemTotal:        1844596 kB
MemFree:         1488580 kB
MemAvailable:    1555660 kB
Buffers:           23928 kB
Cached:           171576 kB
MemTotal:        1844596 kB
MemFree:         1489208 kB
MemAvailable:    1556288 kB
Buffers:           23928 kB
Cached:           171576 kB
MemTotal:        1844596 kB
MemFree:         1487224 kB
MemAvailable:    1554304 kB
Buffers:           23928 kB
Cached:           171576 kB
MemTotal:        1844596 kB
MemFree:         1486060 kB
MemAvailable:    1553140 kB
Buffers:           23928 kB
Cached:           171576 kB
MemTotal:        1844596 kB
MemFree:         1484248 kB
MemAvailable:    1551328 kB
Buffers:           23928 kB
Cached:           171576 kB
MemTotal:        1844596 kB
MemFree:         1484364 kB
MemAvailable:    1551444 kB
Buffers:           23928 kB
Cached:           171576 kB
MemTotal:        1844596 kB
MemFree:         1484460 kB
MemAvailable:    1551540 kB
Buffers:           23928 kB
Cached:           171576 kB
MemTotal:        1844596 kB
MemFree:         1483744 kB
MemAvailable:    1550824 kB
Buffers:           23928 kB
Cached:           171576 kB
MemTotal:        1844596 kB
MemFree:         1483992 kB
MemAvailable:    1551072 kB
Buffers:           23928 kB
Cached:           171576 kB
MemTotal:        1844596 kB
MemFree:         1483488 kB
MemAvailable:    1550580 kB
Buffers:           23928 kB
Cached:           171584 kB
MemTotal:        1844596 kB
MemFree:         1483628 kB
MemAvailable:    1550720 kB
Buffers:           23928 kB
Cached:           171584 kB
MemTotal:        1844596 kB
MemFree:         1483580 kB
MemAvailable:    1550672 kB
Buffers:           23928 kB
Cached:           171584 kB
MemTotal:        1844596 kB
MemFree:         1483496 kB
MemAvailable:    1550588 kB
Buffers:           23928 kB
Cached:           171584 kB
MemTotal:        1844596 kB
MemFree:         1483628 kB
MemAvailable:    1550720 kB
Buffers:           23928 kB
Cached:           171584 kB
MemTotal:        1844596 kB
MemFree:         1483628 kB
MemAvailable:    1550720 kB
Buffers:           23928 kB
Cached:           171584 kB
MemTotal:        1844596 kB
MemFree:         1483240 kB
MemAvailable:    1550332 kB
Buffers:           23928 kB
Cached:           171584 kB
MemTotal:        1844596 kB
MemFree:         1483104 kB
MemAvailable:    1550196 kB
Buffers:           23928 kB
Cached:           171584 kB
MemTotal:        1844596 kB
MemFree:         1483328 kB
MemAvailable:    1550420 kB
Buffers:           23928 kB
Cached:           171584 kB
MemTotal:        1844596 kB
MemFree:         1483092 kB
MemAvailable:    1550184 kB
Buffers:           23928 kB
Cached:           171584 kB
MemTotal:        1844596 kB
MemFree:         1483176 kB
MemAvailable:    1550268 kB
Buffers:           23928 kB
Cached:           171584 kB
MemTotal:        1844596 kB
MemFree:         1483564 kB
MemAvailable:    1550656 kB
Buffers:           23928 kB
Cached:           171584 kB
MemTotal:        1844596 kB
MemFree:         1483564 kB
MemAvailable:    1550656 kB
Buffers:           23928 kB
Cached:           171584 kB
MemTotal:        1844596 kB
MemFree:         1483564 kB
MemAvailable:    1550656 kB
Buffers:           23928 kB
Cached:           171584 kB
MemTotal:        1844596 kB
MemFree:         1483564 kB
MemAvailable:    1550656 kB
Buffers:           23928 kB
Cached:           171584 kB
MemTotal:        1844596 kB
MemFree:         1483564 kB
MemAvailable:    1550656 kB
Buffers:           23928 kB
Cached:           171584 kB
MemTotal:        1844596 kB
MemFree:         1483732 kB
MemAvailable:    1550824 kB
Buffers:           23928 kB
Cached:           171584 kB
MemTotal:        1844596 kB
MemFree:         1483052 kB
MemAvailable:    1550144 kB
Buffers:           23928 kB
Cached:           171584 kB
MemTotal:        1844596 kB
MemFree:         1483136 kB
MemAvailable:    1550228 kB
Buffers:           23928 kB
Cached:           171584 kB
MemTotal:        1844596 kB
MemFree:         1483108 kB
MemAvailable:    1550200 kB
Buffers:           23928 kB
Cached:           171584 kB
MemTotal:        1844596 kB
MemFree:         1483248 kB
MemAvailable:    1550340 kB
Buffers:           23928 kB
Cached:           171584 kB
MemTotal:        1844596 kB
MemFree:         1482752 kB
MemAvailable:    1549844 kB
Buffers:           23928 kB
Cached:           171584 kB
MemTotal:        1844596 kB
MemFree:         1482580 kB
MemAvailable:    1549672 kB
Buffers:           23928 kB
Cached:           171584 kB
MemTotal:        1844596 kB
MemFree:         1482348 kB
MemAvailable:    1549440 kB
Buffers:           23928 kB
Cached:           171584 kB
MemTotal:        1844596 kB
MemFree:         1482488 kB
MemAvailable:    1549580 kB
Buffers:           23928 kB
Cached:           171584 kB
MemTotal:        1844596 kB
MemFree:         1481876 kB
MemAvailable:    1548968 kB
Buffers:           23928 kB
Cached:           171584 kB
MemTotal:        1844596 kB
MemFree:         1482248 kB
MemAvailable:    1549340 kB
Buffers:           23928 kB
Cached:           171584 kB
MemTotal:        1844596 kB
MemFree:         1481736 kB
MemAvailable:    1548828 kB
Buffers:           23928 kB
Cached:           171584 kB
MemTotal:        1844596 kB
MemFree:         1481860 kB
MemAvailable:    1548952 kB
Buffers:           23928 kB
Cached:           171584 kB
MemTotal:        1844596 kB
MemFree:         1481608 kB
MemAvailable:    1548700 kB
Buffers:           23928 kB
Cached:           171584 kB
MemTotal:        1844596 kB
MemFree:         1481744 kB
MemAvailable:    1548836 kB
Buffers:           23928 kB
Cached:           171584 kB
MemTotal:        1844596 kB
MemFree:         1480504 kB
MemAvailable:    1547596 kB
Buffers:           23928 kB
Cached:           171584 kB
MemTotal:        1844596 kB
MemFree:         1480504 kB
MemAvailable:    1547596 kB
Buffers:           23928 kB
Cached:           171584 kB
MemTotal:        1844596 kB
MemFree:         1480360 kB
MemAvailable:    1547452 kB
Buffers:           23928 kB
Cached:           171584 kB
MemTotal:        1844596 kB
MemFree:         1480352 kB
MemAvailable:    1547444 kB
Buffers:           23928 kB
Cached:           171584 kB
MemTotal:        1844596 kB
MemFree:         1480616 kB
MemAvailable:    1547708 kB
Buffers:           23928 kB
Cached:           171584 kB
MemTotal:        1844596 kB
MemFree:         1480380 kB
MemAvailable:    1547472 kB
Buffers:           23928 kB
Cached:           171584 kB
MemTotal:        1844596 kB
MemFree:         1480468 kB
MemAvailable:    1547560 kB
Buffers:           23928 kB
Cached:           171584 kB
MemTotal:        1844596 kB
MemFree:         1480396 kB
MemAvailable:    1547488 kB
Buffers:           23928 kB
Cached:           171584 kB
MemTotal:        1844596 kB
MemFree:         1480388 kB
MemAvailable:    1547480 kB
Buffers:           23928 kB
Cached:           171584 kB
MemTotal:        1844596 kB
MemFree:         1480472 kB
MemAvailable:    1547564 kB
Buffers:           23928 kB
Cached:           171584 kB
MemTotal:        1844596 kB
MemFree:         1480472 kB
MemAvailable:    1547564 kB
Buffers:           23928 kB
Cached:           171584 kB
MemTotal:        1844596 kB
MemFree:         1480348 kB
MemAvailable:    1547440 kB
Buffers:           23928 kB
Cached:           171584 kB
MemTotal:        1844596 kB
MemFree:         1480224 kB
MemAvailable:    1547316 kB
Buffers:           23928 kB
Cached:           171584 kB
MemTotal:        1844596 kB
MemFree:         1480224 kB
MemAvailable:    1547316 kB
Buffers:           23928 kB
Cached:           171584 kB
MemTotal:        1844596 kB
MemFree:         1480224 kB
MemAvailable:    1547316 kB
Buffers:           23928 kB
Cached:           171584 kB
MemTotal:        1844596 kB
MemFree:         1480224 kB
MemAvailable:    1547316 kB
Buffers:           23928 kB
Cached:           171584 kB
MemTotal:        1844596 kB
MemFree:         1480224 kB
MemAvailable:    1547316 kB
Buffers:           23928 kB
Cached:           171584 kB
MemTotal:        1844596 kB
MemFree:         1480224 kB
MemAvailable:    1547316 kB
Buffers:           23928 kB
Cached:           171584 kB
MemTotal:        1844596 kB
MemFree:         1480224 kB
MemAvailable:    1547316 kB
Buffers:           23928 kB
Cached:           171584 kB
MemTotal:        1844596 kB
MemFree:         1480024 kB
MemAvailable:    1547116 kB
Buffers:           23928 kB
Cached:           171584 kB
MemTotal:        1844596 kB
MemFree:         1480024 kB
MemAvailable:    1547116 kB
Buffers:           23928 kB
Cached:           171584 kB
MemTotal:        1844596 kB
MemFree:         1480140 kB
MemAvailable:    1547232 kB
Buffers:           23928 kB
Cached:           171584 kB
MemTotal:        1844596 kB
MemFree:         1480224 kB
MemAvailable:    1547316 kB
Buffers:           23928 kB
Cached:           171584 kB
MemTotal:        1844596 kB
MemFree:         1479892 kB
MemAvailable:    1546984 kB
Buffers:           23928 kB
Cached:           171584 kB
MemTotal:        1844596 kB
MemFree:         1480016 kB
MemAvailable:    1547108 kB
Buffers:           23928 kB
Cached:           171584 kB
MemTotal:        1844596 kB
MemFree:         1479892 kB
MemAvailable:    1546984 kB
Buffers:           23928 kB
Cached:           171584 kB
MemTotal:        1844596 kB
MemFree:         1479636 kB
MemAvailable:    1546728 kB
Buffers:           23928 kB
Cached:           171584 kB
MemTotal:        1844596 kB
MemFree:         1479628 kB
MemAvailable:    1546720 kB
Buffers:           23928 kB
Cached:           171584 kB
MemTotal:        1844596 kB
MemFree:         1479776 kB
MemAvailable:    1546880 kB
Buffers:           23928 kB
Cached:           171592 kB
MemTotal:        1844596 kB
MemFree:         1479396 kB
MemAvailable:    1546504 kB
Buffers:           23928 kB
Cached:           171596 kB
MemTotal:        1844596 kB
MemFree:         1479480 kB
MemAvailable:    1546588 kB
Buffers:           23928 kB
Cached:           171596 kB
MemTotal:        1844596 kB
MemFree:         1479148 kB
MemAvailable:    1546256 kB
Buffers:           23928 kB
Cached:           171596 kB
MemTotal:        1844596 kB
MemFree:         1478852 kB
MemAvailable:    1545960 kB
Buffers:           23928 kB
Cached:           171596 kB
MemTotal:        1844596 kB
MemFree:         1479024 kB
MemAvailable:    1546132 kB
Buffers:           23928 kB
Cached:           171596 kB
MemTotal:        1844596 kB
MemFree:         1478364 kB
MemAvailable:    1545472 kB
Buffers:           23928 kB
Cached:           171596 kB
MemTotal:        1844596 kB
MemFree:         1471824 kB
MemAvailable:    1538932 kB
Buffers:           23928 kB
Cached:           171596 kB
MemTotal:        1844596 kB
MemFree:         1473328 kB
MemAvailable:    1540436 kB
Buffers:           23928 kB
Cached:           171596 kB
MemTotal:        1844596 kB
MemFree:         1471088 kB
MemAvailable:    1538196 kB
Buffers:           23928 kB
Cached:           171596 kB
MemTotal:        1844596 kB
MemFree:         1471344 kB
MemAvailable:    1538452 kB
Buffers:           23928 kB
Cached:           171596 kB
MemTotal:        1844596 kB
MemFree:         1470908 kB
MemAvailable:    1538016 kB
Buffers:           23928 kB
Cached:           171596 kB
MemTotal:        1844596 kB
MemFree:         1470908 kB
MemAvailable:    1538016 kB
Buffers:           23928 kB
Cached:           171596 kB
MemTotal:        1844596 kB
MemFree:         1470908 kB
MemAvailable:    1538016 kB
Buffers:           23928 kB
Cached:           171596 kB
MemTotal:        1844596 kB
MemFree:         1471024 kB
MemAvailable:    1538132 kB
Buffers:           23928 kB
Cached:           171596 kB
MemTotal:        1844596 kB
MemFree:         1471280 kB
MemAvailable:    1538388 kB
Buffers:           23928 kB
Cached:           171596 kB
MemTotal:        1844596 kB
MemFree:         1471008 kB
MemAvailable:    1538116 kB
Buffers:           23928 kB
Cached:           171596 kB
MemTotal:        1844596 kB
MemFree:         1471148 kB
MemAvailable:    1538256 kB
Buffers:           23928 kB
Cached:           171596 kB
MemTotal:        1844596 kB
MemFree:         1471100 kB
MemAvailable:    1538208 kB
Buffers:           23928 kB
Cached:           171596 kB
MemTotal:        1844596 kB
MemFree:         1471016 kB
MemAvailable:    1538124 kB
Buffers:           23928 kB
Cached:           171596 kB
MemTotal:        1844596 kB
MemFree:         1471056 kB
MemAvailable:    1538164 kB
Buffers:           23928 kB
Cached:           171596 kB
MemTotal:        1844596 kB
MemFree:         1470768 kB
MemAvailable:    1537876 kB
Buffers:           23928 kB
Cached:           171596 kB
MemTotal:        1844596 kB
MemFree:         1470800 kB
MemAvailable:    1537908 kB
Buffers:           23928 kB
Cached:           171596 kB
MemTotal:        1844596 kB
MemFree:         1470840 kB
MemAvailable:    1537948 kB
Buffers:           23928 kB
Cached:           171596 kB
MemTotal:        1844596 kB
MemFree:         1470840 kB
MemAvailable:    1537948 kB
Buffers:           23928 kB
Cached:           171596 kB
MemTotal:        1844596 kB
MemFree:         1472816 kB
MemAvailable:    1539924 kB
Buffers:           23928 kB
Cached:           171596 kB
MemTotal:        1844596 kB
MemFree:         1472948 kB
MemAvailable:    1540056 kB
Buffers:           23928 kB
Cached:           171596 kB
MemTotal:        1844596 kB
MemFree:         1472900 kB
MemAvailable:    1540008 kB
Buffers:           23928 kB
Cached:           171596 kB
MemTotal:        1844596 kB
MemFree:         1472780 kB
MemAvailable:    1539888 kB
Buffers:           23928 kB
Cached:           171596 kB
MemTotal:        1844596 kB
MemFree:         1472800 kB
MemAvailable:    1539908 kB
Buffers:           23928 kB
Cached:           171596 kB
MemTotal:        1844596 kB
MemFree:         1472760 kB
MemAvailable:    1539952 kB
Buffers:           23928 kB
Cached:           171720 kB
MemTotal:        1844596 kB
MemFree:         1472804 kB
MemAvailable:    1540164 kB
Buffers:           23928 kB
Cached:           171844 kB
MemTotal:        1844596 kB
MemFree:         1472552 kB
MemAvailable:    1539828 kB
Buffers:           23928 kB
Cached:           171844 kB
MemTotal:        1844596 kB
MemFree:         1472684 kB
MemAvailable:    1540128 kB
Buffers:           23928 kB
Cached:           171968 kB
MemTotal:        1844596 kB
MemFree:         1472544 kB
MemAvailable:    1539988 kB
Buffers:           23928 kB
Cached:           171968 kB
MemTotal:        1844596 kB
MemFree:         1472544 kB
MemAvailable:    1540072 kB
Buffers:           23928 kB
Cached:           171968 kB
MemTotal:        1844596 kB
MemFree:         1472412 kB
MemAvailable:    1539940 kB
Buffers:           23928 kB
Cached:           171968 kB
MemTotal:        1844596 kB
MemFree:         1472320 kB
MemAvailable:    1540016 kB
Buffers:           23928 kB
Cached:           172092 kB
MemTotal:        1844596 kB
MemFree:         1472328 kB
MemAvailable:    1539940 kB
Buffers:           23928 kB
Cached:           172092 kB
MemTotal:        1844596 kB
MemFree:         1472204 kB
MemAvailable:    1539900 kB
Buffers:           23928 kB
Cached:           172092 kB
MemTotal:        1844596 kB
MemFree:         1472204 kB
MemAvailable:    1539900 kB
Buffers:           23928 kB
Cached:           172092 kB
MemTotal:        1844596 kB
MemFree:         1471948 kB
MemAvailable:    1539644 kB
Buffers:           23928 kB
Cached:           172216 kB
MemTotal:        1844596 kB
MemFree:         1472204 kB
MemAvailable:    1539900 kB
Buffers:           23928 kB
Cached:           172216 kB
MemTotal:        1844596 kB
MemFree:         1472196 kB
MemAvailable:    1539892 kB
Buffers:           23928 kB
Cached:           172216 kB
MemTotal:        1844596 kB
MemFree:         1472196 kB
MemAvailable:    1539892 kB
Buffers:           23928 kB
Cached:           172216 kB
MemTotal:        1844596 kB
MemFree:         1472188 kB
MemAvailable:    1539884 kB
Buffers:           23928 kB
Cached:           172216 kB
MemTotal:        1844596 kB
MemFree:         1472204 kB
MemAvailable:    1539900 kB
Buffers:           23928 kB
Cached:           172216 kB
MemTotal:        1844596 kB
MemFree:         1472328 kB
MemAvailable:    1540024 kB
Buffers:           23928 kB
Cached:           172216 kB
MemTotal:        1844596 kB
MemFree:         1472272 kB
MemAvailable:    1539968 kB
Buffers:           23928 kB
Cached:           172216 kB
MemTotal:        1844596 kB
MemFree:         1472328 kB
MemAvailable:    1540024 kB
Buffers:           23928 kB
Cached:           172216 kB
MemTotal:        1844596 kB
MemFree:         1472288 kB
MemAvailable:    1539984 kB
Buffers:           23928 kB
Cached:           172216 kB
MemTotal:        1844596 kB
MemFree:         1472288 kB
MemAvailable:    1539984 kB
Buffers:           23928 kB
Cached:           172216 kB
MemTotal:        1844596 kB
MemFree:         1472288 kB
MemAvailable:    1539984 kB
Buffers:           23928 kB
Cached:           172340 kB
MemTotal:        1844596 kB
MemFree:         1472248 kB
MemAvailable:    1539440 kB
Buffers:           23928 kB
Cached:           171668 kB
MemTotal:        1844596 kB
MemFree:         1494700 kB
MemAvailable:    1561892 kB
Buffers:           23928 kB
Cached:           171668 kB
MemTotal:        1844596 kB
MemFree:         1538380 kB
MemAvailable:    1605656 kB
Buffers:           23928 kB
Cached:           171668 kB
