MemTotal:        1844596 kB
MemFree:         1516712 kB
MemAvailable:    1584116 kB
Buffers:           23952 kB
Cached:           171840 kB
MemTotal:        1844596 kB
MemFree:         1516844 kB
MemAvailable:    1584248 kB
Buffers:           23952 kB
Cached:           171840 kB
MemTotal:        1844596 kB
MemFree:         1516596 kB
MemAvailable:    1584000 kB
Buffers:           23952 kB
Cached:           171840 kB
MemTotal:        1844596 kB
MemFree:         1513532 kB
MemAvailable:    1580936 kB
Buffers:           23952 kB
Cached:           171840 kB
MemTotal:        1844596 kB
MemFree:         1512744 kB
MemAvailable:    1580148 kB
Buffers:           23952 kB
Cached:           171840 kB
MemTotal:        1844596 kB
MemFree:         1512124 kB
MemAvailable:    1579528 kB
Buffers:           23952 kB
Cached:           171840 kB
MemTotal:        1844596 kB
MemFree:         1510760 kB
MemAvailable:    1578164 kB
Buffers:           23952 kB
Cached:           171840 kB
MemTotal:        1844596 kB
MemFree:         1510512 kB
MemAvailable:    1577916 kB
Buffers:           23952 kB
Cached:           171840 kB
MemTotal:        1844596 kB
MemFree:         1509264 kB
MemAvailable:    1576668 kB
Buffers:           23952 kB
Cached:           171840 kB
MemTotal:        1844596 kB
MemFree:         1509192 kB
MemAvailable:    1576596 kB
Buffers:           23952 kB
Cached:           171840 kB
MemTotal:        1844596 kB
MemFree:         1509032 kB
MemAvailable:    1576436 kB
Buffers:           23952 kB
Cached:           171840 kB
MemTotal:        1844596 kB
MemFree:         1507580 kB
MemAvailable:    1574984 kB
Buffers:           23952 kB
Cached:           171840 kB
MemTotal:        1844596 kB
MemFree:         1507156 kB
MemAvailable:    1574560 kB
Buffers:           23952 kB
Cached:           171840 kB
MemTotal:        1844596 kB
MemFree:         1504668 kB
MemAvailable:    1572072 kB
Buffers:           23952 kB
Cached:           171840 kB
MemTotal:        1844596 kB
MemFree:         1504064 kB
MemAvailable:    1571468 kB
Buffers:           23952 kB
Cached:           171840 kB
MemTotal:        1844596 kB
MemFree:         1503612 kB
MemAvailable:    1571024 kB
Buffers:           23952 kB
Cached:           171844 kB
MemTotal:        1844596 kB
MemFree:         1502248 kB
MemAvailable:    1569660 kB
Buffers:           23952 kB
Cached:           171844 kB
MemTotal:        1844596 kB
MemFree:         1499204 kB
MemAvailable:    1566616 kB
Buffers:           23952 kB
Cached:           171844 kB
MemTotal:        1844596 kB
MemFree:         1499204 kB
MemAvailable:    1566616 kB
Buffers:           23952 kB
Cached:           171844 kB
MemTotal:        1844596 kB
MemFree:         1497608 kB
MemAvailable:    1565020 kB
Buffers:           23952 kB
Cached:           171844 kB
MemTotal:        1844596 kB
MemFree:         1498848 kB
MemAvailable:    1566260 kB
Buffers:           23952 kB
Cached:           171844 kB
MemTotal:        1844596 kB
MemFree:         1499000 kB
MemAvailable:    1566412 kB
Buffers:           23952 kB
Cached:           171844 kB
MemTotal:        1844596 kB
MemFree:         1498840 kB
MemAvailable:    1566252 kB
Buffers:           23952 kB
Cached:           171844 kB
MemTotal:        1844596 kB
MemFree:         1498900 kB
MemAvailable:    1566312 kB
Buffers:           23952 kB
Cached:           171844 kB
MemTotal:        1844596 kB
MemFree:         1499268 kB
MemAvailable:    1566680 kB
Buffers:           23952 kB
Cached:           171844 kB
MemTotal:        1844596 kB
MemFree:         1498984 kB
MemAvailable:    1566396 kB
Buffers:           23952 kB
Cached:           171844 kB
MemTotal:        1844596 kB
MemFree:         1498312 kB
MemAvailable:    1565724 kB
Buffers:           23952 kB
Cached:           171844 kB
MemTotal:        1844596 kB
MemFree:         1499228 kB
MemAvailable:    1566640 kB
Buffers:           23952 kB
Cached:           171844 kB
MemTotal:        1844596 kB
MemFree:         1499016 kB
MemAvailable:    1566428 kB
Buffers:           23952 kB
Cached:           171844 kB
MemTotal:        1844596 kB
MemFree:         1498668 kB
MemAvailable:    1566080 kB
Buffers:           23952 kB
Cached:           171844 kB
MemTotal:        1844596 kB
MemFree:         1498668 kB
MemAvailable:    1566080 kB
Buffers:           23952 kB
Cached:           171844 kB
MemTotal:        1844596 kB
MemFree:         1497724 kB
MemAvailable:    1565136 kB
Buffers:           23952 kB
Cached:           171844 kB
MemTotal:        1844596 kB
MemFree:         1497600 kB
MemAvailable:    1565012 kB
Buffers:           23952 kB
Cached:           171844 kB
MemTotal:        1844596 kB
MemFree:         1496384 kB
MemAvailable:    1563796 kB
Buffers:           23952 kB
Cached:           171844 kB
MemTotal:        1844596 kB
MemFree:         1496976 kB
MemAvailable:    1564388 kB
Buffers:           23952 kB
Cached:           171844 kB
MemTotal:        1844596 kB
MemFree:         1496500 kB
MemAvailable:    1563912 kB
Buffers:           23952 kB
Cached:           171844 kB
MemTotal:        1844596 kB
MemFree:         1496584 kB
MemAvailable:    1563996 kB
Buffers:           23952 kB
Cached:           171844 kB
MemTotal:        1844596 kB
MemFree:         1496548 kB
MemAvailable:    1563960 kB
Buffers:           23952 kB
Cached:           171844 kB
MemTotal:        1844596 kB
MemFree:         1496488 kB
MemAvailable:    1563900 kB
Buffers:           23952 kB
Cached:           171844 kB
MemTotal:        1844596 kB
MemFree:         1496416 kB
MemAvailable:    1563828 kB
Buffers:           23952 kB
Cached:           171844 kB
MemTotal:        1844596 kB
MemFree:         1496580 kB
MemAvailable:    1563992 kB
Buffers:           23952 kB
Cached:           171844 kB
MemTotal:        1844596 kB
MemFree:         1496500 kB
MemAvailable:    1563912 kB
Buffers:           23952 kB
Cached:           171844 kB
MemTotal:        1844596 kB
MemFree:         1496572 kB
MemAvailable:    1563984 kB
Buffers:           23952 kB
Cached:           171844 kB
MemTotal:        1844596 kB
MemFree:         1496448 kB
MemAvailable:    1563860 kB
Buffers:           23952 kB
Cached:           171844 kB
MemTotal:        1844596 kB
MemFree:         1496572 kB
MemAvailable:    1563984 kB
Buffers:           23952 kB
Cached:           171844 kB
MemTotal:        1844596 kB
MemFree:         1496824 kB
MemAvailable:    1564236 kB
Buffers:           23952 kB
Cached:           171844 kB
MemTotal:        1844596 kB
MemFree:         1497580 kB
MemAvailable:    1564992 kB
Buffers:           23952 kB
Cached:           171844 kB
MemTotal:        1844596 kB
MemFree:         1497764 kB
MemAvailable:    1565176 kB
Buffers:           23952 kB
Cached:           171844 kB
MemTotal:        1844596 kB
MemFree:         1497796 kB
MemAvailable:    1565208 kB
Buffers:           23952 kB
Cached:           171844 kB
MemTotal:        1844596 kB
MemFree:         1497400 kB
MemAvailable:    1564812 kB
Buffers:           23952 kB
Cached:           171844 kB
MemTotal:        1844596 kB
MemFree:         1496400 kB
MemAvailable:    1563812 kB
Buffers:           23952 kB
Cached:           171844 kB
MemTotal:        1844596 kB
MemFree:         1497152 kB
MemAvailable:    1564564 kB
Buffers:           23952 kB
Cached:           171844 kB
MemTotal:        1844596 kB
MemFree:         1494592 kB
MemAvailable:    1562004 kB
Buffers:           23952 kB
Cached:           171844 kB
MemTotal:        1844596 kB
MemFree:         1494424 kB
MemAvailable:    1561836 kB
Buffers:           23952 kB
Cached:           171844 kB
MemTotal:        1844596 kB
MemFree:         1494052 kB
MemAvailable:    1561464 kB
Buffers:           23952 kB
Cached:           171844 kB
MemTotal:        1844596 kB
MemFree:         1493804 kB
MemAvailable:    1561216 kB
Buffers:           23952 kB
Cached:           171844 kB
MemTotal:        1844596 kB
MemFree:         1493012 kB
MemAvailable:    1560424 kB
Buffers:           23952 kB
Cached:           171844 kB
MemTotal:        1844596 kB
MemFree:         1493672 kB
MemAvailable:    1561084 kB
Buffers:           23952 kB
Cached:           171844 kB
MemTotal:        1844596 kB
MemFree:         1493548 kB
MemAvailable:    1560960 kB
Buffers:           23952 kB
Cached:           171844 kB
MemTotal:        1844596 kB
MemFree:         1493104 kB
MemAvailable:    1560516 kB
Buffers:           23952 kB
Cached:           171844 kB
MemTotal:        1844596 kB
MemFree:         1492812 kB
MemAvailable:    1560224 kB
Buffers:           23952 kB
Cached:           171844 kB
MemTotal:        1844596 kB
MemFree:         1492672 kB
MemAvailable:    1560084 kB
Buffers:           23952 kB
Cached:           171844 kB
MemTotal:        1844596 kB
MemFree:         1492672 kB
MemAvailable:    1560084 kB
Buffers:           23952 kB
Cached:           171844 kB
MemTotal:        1844596 kB
MemFree:         1492592 kB
MemAvailable:    1560004 kB
Buffers:           23952 kB
Cached:           171844 kB
MemTotal:        1844596 kB
MemFree:         1492592 kB
MemAvailable:    1560004 kB
Buffers:           23952 kB
Cached:           171844 kB
MemTotal:        1844596 kB
MemFree:         1492192 kB
MemAvailable:    1559604 kB
Buffers:           23952 kB
Cached:           171844 kB
MemTotal:        1844596 kB
MemFree:         1492732 kB
MemAvailable:    1560148 kB
Buffers:           23952 kB
Cached:           171848 kB
MemTotal:        1844596 kB
MemFree:         1492176 kB
MemAvailable:    1559592 kB
Buffers:           23952 kB
Cached:           171848 kB
MemTotal:        1844596 kB
MemFree:         1491920 kB
MemAvailable:    1559336 kB
Buffers:           23952 kB
Cached:           171848 kB
MemTotal:        1844596 kB
MemFree:         1492168 kB
MemAvailable:    1559584 kB
Buffers:           23952 kB
Cached:           171848 kB
MemTotal:        1844596 kB
MemFree:         1492112 kB
MemAvailable:    1559528 kB
Buffers:           23952 kB
Cached:           171848 kB
MemTotal:        1844596 kB
MemFree:         1491812 kB
MemAvailable:    1559228 kB
Buffers:           23952 kB
Cached:           171848 kB
MemTotal:        1844596 kB
MemFree:         1492068 kB
MemAvailable:    1559484 kB
Buffers:           23952 kB
Cached:           171848 kB
MemTotal:        1844596 kB
MemFree:         1491440 kB
MemAvailable:    1558860 kB
Buffers:           23952 kB
Cached:           171852 kB
MemTotal:        1844596 kB
MemFree:         1491360 kB
MemAvailable:    1558780 kB
Buffers:           23952 kB
Cached:           171852 kB
MemTotal:        1844596 kB
MemFree:         1491440 kB
MemAvailable:    1558860 kB
Buffers:           23952 kB
Cached:           171852 kB
MemTotal:        1844596 kB
MemFree:         1491164 kB
MemAvailable:    1558584 kB
Buffers:           23952 kB
Cached:           171852 kB
MemTotal:        1844596 kB
MemFree:         1491304 kB
MemAvailable:    1558724 kB
Buffers:           23952 kB
Cached:           171852 kB
MemTotal:        1844596 kB
MemFree:         1491228 kB
MemAvailable:    1558648 kB
Buffers:           23952 kB
Cached:           171852 kB
MemTotal:        1844596 kB
MemFree:         1491244 kB
MemAvailable:    1558664 kB
Buffers:           23952 kB
Cached:           171852 kB
MemTotal:        1844596 kB
MemFree:         1491276 kB
MemAvailable:    1558696 kB
Buffers:           23952 kB
Cached:           171852 kB
MemTotal:        1844596 kB
MemFree:         1491200 kB
MemAvailable:    1558620 kB
Buffers:           23952 kB
Cached:           171852 kB
MemTotal:        1844596 kB
MemFree:         1491304 kB
MemAvailable:    1558724 kB
Buffers:           23952 kB
Cached:           171852 kB
MemTotal:        1844596 kB
MemFree:         1491556 kB
MemAvailable:    1558976 kB
Buffers:           23952 kB
Cached:           171852 kB
MemTotal:        1844596 kB
MemFree:         1491292 kB
MemAvailable:    1558712 kB
Buffers:           23952 kB
Cached:           171852 kB
MemTotal:        1844596 kB
MemFree:         1491300 kB
MemAvailable:    1558720 kB
Buffers:           23952 kB
Cached:           171852 kB
MemTotal:        1844596 kB
MemFree:         1490688 kB
MemAvailable:    1558108 kB
Buffers:           23952 kB
Cached:           171852 kB
MemTotal:        1844596 kB
MemFree:         1491572 kB
MemAvailable:    1558992 kB
Buffers:           23952 kB
Cached:           171852 kB
MemTotal:        1844596 kB
MemFree:         1491300 kB
MemAvailable:    1558720 kB
Buffers:           23952 kB
Cached:           171852 kB
MemTotal:        1844596 kB
MemFree:         1491036 kB
MemAvailable:    1558456 kB
Buffers:           23952 kB
Cached:           171852 kB
MemTotal:        1844596 kB
MemFree:         1491324 kB
MemAvailable:    1558744 kB
Buffers:           23952 kB
Cached:           171852 kB
MemTotal:        1844596 kB
MemFree:         1491564 kB
MemAvailable:    1558984 kB
Buffers:           23952 kB
Cached:           171852 kB
MemTotal:        1844596 kB
MemFree:         1491200 kB
MemAvailable:    1558620 kB
Buffers:           23952 kB
Cached:           171852 kB
MemTotal:        1844596 kB
MemFree:         1490828 kB
MemAvailable:    1558248 kB
Buffers:           23952 kB
Cached:           171852 kB
MemTotal:        1844596 kB
MemFree:         1491068 kB
MemAvailable:    1558488 kB
Buffers:           23952 kB
Cached:           171852 kB
MemTotal:        1844596 kB
MemFree:         1490996 kB
MemAvailable:    1558416 kB
Buffers:           23952 kB
Cached:           171852 kB
MemTotal:        1844596 kB
MemFree:         1490952 kB
MemAvailable:    1558372 kB
Buffers:           23952 kB
Cached:           171852 kB
MemTotal:        1844596 kB
MemFree:         1490828 kB
MemAvailable:    1558248 kB
Buffers:           23952 kB
Cached:           171852 kB
MemTotal:        1844596 kB
MemFree:         1490952 kB
MemAvailable:    1558372 kB
Buffers:           23952 kB
Cached:           171852 kB
MemTotal:        1844596 kB
MemFree:         1490696 kB
MemAvailable:    1558116 kB
Buffers:           23952 kB
Cached:           171852 kB
MemTotal:        1844596 kB
MemFree:         1490696 kB
MemAvailable:    1558116 kB
Buffers:           23952 kB
Cached:           171852 kB
MemTotal:        1844596 kB
MemFree:         1490704 kB
MemAvailable:    1558124 kB
Buffers:           23952 kB
Cached:           171852 kB
MemTotal:        1844596 kB
MemFree:         1490740 kB
MemAvailable:    1558160 kB
Buffers:           23952 kB
Cached:           171852 kB
MemTotal:        1844596 kB
MemFree:         1490564 kB
MemAvailable:    1557984 kB
Buffers:           23952 kB
Cached:           171852 kB
MemTotal:        1844596 kB
MemFree:         1490432 kB
MemAvailable:    1557852 kB
Buffers:           23952 kB
Cached:           171852 kB
MemTotal:        1844596 kB
MemFree:         1490376 kB
MemAvailable:    1557796 kB
Buffers:           23952 kB
Cached:           171852 kB
MemTotal:        1844596 kB
MemFree:         1490260 kB
MemAvailable:    1557680 kB
Buffers:           23952 kB
Cached:           171852 kB
MemTotal:        1844596 kB
MemFree:         1490372 kB
MemAvailable:    1557792 kB
Buffers:           23952 kB
Cached:           171852 kB
MemTotal:        1844596 kB
MemFree:         1490268 kB
MemAvailable:    1557688 kB
Buffers:           23952 kB
Cached:           171852 kB
MemTotal:        1844596 kB
MemFree:         1490520 kB
MemAvailable:    1557940 kB
Buffers:           23952 kB
Cached:           171852 kB
MemTotal:        1844596 kB
MemFree:         1490308 kB
MemAvailable:    1557728 kB
Buffers:           23952 kB
Cached:           171852 kB
MemTotal:        1844596 kB
MemFree:         1490560 kB
MemAvailable:    1557980 kB
Buffers:           23952 kB
Cached:           171852 kB
MemTotal:        1844596 kB
MemFree:         1490324 kB
MemAvailable:    1557744 kB
Buffers:           23952 kB
Cached:           171852 kB
MemTotal:        1844596 kB
MemFree:         1490496 kB
MemAvailable:    1557916 kB
Buffers:           23952 kB
Cached:           171852 kB
MemTotal:        1844596 kB
MemFree:         1489136 kB
MemAvailable:    1556556 kB
Buffers:           23952 kB
Cached:           171852 kB
MemTotal:        1844596 kB
MemFree:         1488464 kB
MemAvailable:    1555884 kB
Buffers:           23952 kB
Cached:           171852 kB
MemTotal:        1844596 kB
MemFree:         1487712 kB
MemAvailable:    1555132 kB
Buffers:           23952 kB
Cached:           171852 kB
MemTotal:        1844596 kB
MemFree:         1487332 kB
MemAvailable:    1554752 kB
Buffers:           23952 kB
Cached:           171852 kB
MemTotal:        1844596 kB
MemFree:         1485124 kB
MemAvailable:    1552544 kB
Buffers:           23952 kB
Cached:           171852 kB
MemTotal:        1844596 kB
MemFree:         1484420 kB
MemAvailable:    1551840 kB
Buffers:           23952 kB
Cached:           171852 kB
MemTotal:        1844596 kB
MemFree:         1483000 kB
MemAvailable:    1550420 kB
Buffers:           23952 kB
Cached:           171852 kB
MemTotal:        1844596 kB
MemFree:         1482504 kB
MemAvailable:    1549924 kB
Buffers:           23952 kB
Cached:           171852 kB
MemTotal:        1844596 kB
MemFree:         1482604 kB
MemAvailable:    1550024 kB
Buffers:           23952 kB
Cached:           171852 kB
MemTotal:        1844596 kB
MemFree:         1482856 kB
MemAvailable:    1550276 kB
Buffers:           23952 kB
Cached:           171852 kB
MemTotal:        1844596 kB
MemFree:         1482512 kB
MemAvailable:    1549932 kB
Buffers:           23952 kB
Cached:           171852 kB
MemTotal:        1844596 kB
MemFree:         1482520 kB
MemAvailable:    1549940 kB
Buffers:           23952 kB
Cached:           171852 kB
MemTotal:        1844596 kB
MemFree:         1482520 kB
MemAvailable:    1549940 kB
Buffers:           23952 kB
Cached:           171852 kB
MemTotal:        1844596 kB
MemFree:         1481892 kB
MemAvailable:    1549312 kB
Buffers:           23952 kB
Cached:           171852 kB
MemTotal:        1844596 kB
MemFree:         1482512 kB
MemAvailable:    1549932 kB
Buffers:           23952 kB
Cached:           171852 kB
MemTotal:        1844596 kB
MemFree:         1482464 kB
MemAvailable:    1549884 kB
Buffers:           23952 kB
Cached:           171852 kB
MemTotal:        1844596 kB
MemFree:         1482504 kB
MemAvailable:    1549924 kB
Buffers:           23952 kB
Cached:           171852 kB
MemTotal:        1844596 kB
MemFree:         1482512 kB
MemAvailable:    1549932 kB
Buffers:           23952 kB
Cached:           171852 kB
MemTotal:        1844596 kB
MemFree:         1482376 kB
MemAvailable:    1549796 kB
Buffers:           23952 kB
Cached:           171852 kB
MemTotal:        1844596 kB
MemFree:         1482628 kB
MemAvailable:    1550048 kB
Buffers:           23952 kB
Cached:           171852 kB
MemTotal:        1844596 kB
MemFree:         1482372 kB
MemAvailable:    1549792 kB
Buffers:           23952 kB
Cached:           171852 kB
MemTotal:        1844596 kB
MemFree:         1482332 kB
MemAvailable:    1549752 kB
Buffers:           23952 kB
Cached:           171852 kB
MemTotal:        1844596 kB
MemFree:         1482348 kB
MemAvailable:    1549768 kB
Buffers:           23952 kB
Cached:           171852 kB
MemTotal:        1844596 kB
MemFree:         1482424 kB
MemAvailable:    1549844 kB
Buffers:           23952 kB
Cached:           171852 kB
MemTotal:        1844596 kB
MemFree:         1482464 kB
MemAvailable:    1549884 kB
Buffers:           23952 kB
Cached:           171852 kB
MemTotal:        1844596 kB
MemFree:         1482472 kB
MemAvailable:    1549892 kB
Buffers:           23952 kB
Cached:           171852 kB
MemTotal:        1844596 kB
MemFree:         1482556 kB
MemAvailable:    1549976 kB
Buffers:           23952 kB
Cached:           171852 kB
MemTotal:        1844596 kB
MemFree:         1482000 kB
MemAvailable:    1549420 kB
Buffers:           23952 kB
Cached:           171852 kB
MemTotal:        1844596 kB
MemFree:         1482004 kB
MemAvailable:    1549424 kB
Buffers:           23952 kB
Cached:           171852 kB
MemTotal:        1844596 kB
MemFree:         1482376 kB
MemAvailable:    1549796 kB
Buffers:           23952 kB
Cached:           171852 kB
MemTotal:        1844596 kB
MemFree:         1482148 kB
MemAvailable:    1549568 kB
Buffers:           23952 kB
Cached:           171852 kB
MemTotal:        1844596 kB
MemFree:         1481892 kB
MemAvailable:    1549312 kB
Buffers:           23952 kB
Cached:           171852 kB
MemTotal:        1844596 kB
MemFree:         1481480 kB
MemAvailable:    1548900 kB
Buffers:           23952 kB
Cached:           171852 kB
MemTotal:        1844596 kB
MemFree:         1481732 kB
MemAvailable:    1549152 kB
Buffers:           23952 kB
Cached:           171852 kB
MemTotal:        1844596 kB
MemFree:         1481280 kB
MemAvailable:    1548700 kB
Buffers:           23952 kB
Cached:           171852 kB
MemTotal:        1844596 kB
MemFree:         1481264 kB
MemAvailable:    1548684 kB
Buffers:           23952 kB
Cached:           171852 kB
MemTotal:        1844596 kB
MemFree:         1480908 kB
MemAvailable:    1548328 kB
Buffers:           23952 kB
Cached:           171852 kB
MemTotal:        1844596 kB
MemFree:         1480164 kB
MemAvailable:    1547584 kB
Buffers:           23952 kB
Cached:           171852 kB
MemTotal:        1844596 kB
MemFree:         1480604 kB
MemAvailable:    1548024 kB
Buffers:           23952 kB
Cached:           171852 kB
MemTotal:        1844596 kB
MemFree:         1480140 kB
MemAvailable:    1547560 kB
Buffers:           23952 kB
Cached:           171852 kB
MemTotal:        1844596 kB
MemFree:         1480476 kB
MemAvailable:    1547896 kB
Buffers:           23952 kB
Cached:           171852 kB
MemTotal:        1844596 kB
MemFree:         1480380 kB
MemAvailable:    1547800 kB
Buffers:           23952 kB
Cached:           171852 kB
MemTotal:        1844596 kB
MemFree:         1479900 kB
MemAvailable:    1547320 kB
Buffers:           23952 kB
Cached:           171852 kB
MemTotal:        1844596 kB
MemFree:         1479784 kB
MemAvailable:    1547204 kB
Buffers:           23952 kB
Cached:           171852 kB
MemTotal:        1844596 kB
MemFree:         1479644 kB
MemAvailable:    1547064 kB
Buffers:           23952 kB
Cached:           171852 kB
MemTotal:        1844596 kB
MemFree:         1479792 kB
MemAvailable:    1547212 kB
Buffers:           23952 kB
Cached:           171852 kB
MemTotal:        1844596 kB
MemFree:         1479040 kB
MemAvailable:    1546460 kB
Buffers:           23952 kB
Cached:           171852 kB
MemTotal:        1844596 kB
MemFree:         1478676 kB
MemAvailable:    1546096 kB
Buffers:           23952 kB
Cached:           171852 kB
MemTotal:        1844596 kB
MemFree:         1479172 kB
MemAvailable:    1546592 kB
Buffers:           23952 kB
Cached:           171852 kB
MemTotal:        1844596 kB
MemFree:         1478428 kB
MemAvailable:    1545848 kB
Buffers:           23952 kB
Cached:           171852 kB
MemTotal:        1844596 kB
MemFree:         1479048 kB
MemAvailable:    1546468 kB
Buffers:           23952 kB
Cached:           171852 kB
MemTotal:        1844596 kB
MemFree:         1479048 kB
MemAvailable:    1546468 kB
Buffers:           23952 kB
Cached:           171852 kB
MemTotal:        1844596 kB
MemFree:         1478668 kB
MemAvailable:    1546088 kB
Buffers:           23952 kB
Cached:           171852 kB
MemTotal:        1844596 kB
MemFree:         1478752 kB
MemAvailable:    1546176 kB
Buffers:           23952 kB
Cached:           171856 kB
MemTotal:        1844596 kB
MemFree:         1478800 kB
MemAvailable:    1546224 kB
Buffers:           23952 kB
Cached:           171856 kB
MemTotal:        1844596 kB
MemFree:         1478528 kB
MemAvailable:    1545952 kB
Buffers:           23952 kB
Cached:           171856 kB
MemTotal:        1844596 kB
MemFree:         1478528 kB
MemAvailable:    1545952 kB
Buffers:           23952 kB
Cached:           171856 kB
MemTotal:        1844596 kB
MemFree:         1478532 kB
MemAvailable:    1545956 kB
Buffers:           23952 kB
Cached:           171856 kB
MemTotal:        1844596 kB
MemFree:         1478524 kB
MemAvailable:    1545948 kB
Buffers:           23952 kB
Cached:           171856 kB
MemTotal:        1844596 kB
MemFree:         1478484 kB
MemAvailable:    1545908 kB
Buffers:           23952 kB
Cached:           171856 kB
MemTotal:        1844596 kB
MemFree:         1478476 kB
MemAvailable:    1545900 kB
Buffers:           23952 kB
Cached:           171856 kB
MemTotal:        1844596 kB
MemFree:         1478792 kB
MemAvailable:    1546224 kB
Buffers:           23952 kB
Cached:           171864 kB
MemTotal:        1844596 kB
MemFree:         1478800 kB
MemAvailable:    1546232 kB
Buffers:           23952 kB
Cached:           171864 kB
MemTotal:        1844596 kB
MemFree:         1478668 kB
MemAvailable:    1546100 kB
Buffers:           23952 kB
Cached:           171864 kB
MemTotal:        1844596 kB
MemFree:         1478692 kB
MemAvailable:    1546128 kB
Buffers:           23952 kB
Cached:           171868 kB
MemTotal:        1844596 kB
MemFree:         1478116 kB
MemAvailable:    1545552 kB
Buffers:           23952 kB
Cached:           171868 kB
MemTotal:        1844596 kB
MemFree:         1477940 kB
MemAvailable:    1545376 kB
Buffers:           23952 kB
Cached:           171868 kB
MemTotal:        1844596 kB
MemFree:         1477932 kB
MemAvailable:    1545368 kB
Buffers:           23952 kB
Cached:           171868 kB
MemTotal:        1844596 kB
MemFree:         1477808 kB
MemAvailable:    1545244 kB
Buffers:           23952 kB
Cached:           171868 kB
MemTotal:        1844596 kB
MemFree:         1471980 kB
MemAvailable:    1539416 kB
Buffers:           23952 kB
Cached:           171868 kB
MemTotal:        1844596 kB
MemFree:         1472608 kB
MemAvailable:    1540044 kB
Buffers:           23952 kB
Cached:           171868 kB
MemTotal:        1844596 kB
MemFree:         1470368 kB
MemAvailable:    1537804 kB
Buffers:           23952 kB
Cached:           171868 kB
MemTotal:        1844596 kB
MemFree:         1470368 kB
MemAvailable:    1537804 kB
Buffers:           23952 kB
Cached:           171868 kB
MemTotal:        1844596 kB
MemFree:         1470368 kB
MemAvailable:    1537804 kB
Buffers:           23952 kB
Cached:           171868 kB
MemTotal:        1844596 kB
MemFree:         1470204 kB
MemAvailable:    1537640 kB
Buffers:           23952 kB
Cached:           171868 kB
MemTotal:        1844596 kB
MemFree:         1470708 kB
MemAvailable:    1538144 kB
Buffers:           23952 kB
Cached:           171868 kB
MemTotal:        1844596 kB
MemFree:         1470756 kB
MemAvailable:    1538192 kB
Buffers:           23952 kB
Cached:           171868 kB
MemTotal:        1844596 kB
MemFree:         1470756 kB
MemAvailable:    1538192 kB
Buffers:           23952 kB
Cached:           171868 kB
MemTotal:        1844596 kB
MemFree:         1470616 kB
MemAvailable:    1538052 kB
Buffers:           23952 kB
Cached:           171868 kB
MemTotal:        1844596 kB
MemFree:         1470624 kB
MemAvailable:    1538060 kB
Buffers:           23952 kB
Cached:           171868 kB
MemTotal:        1844596 kB
MemFree:         1472288 kB
MemAvailable:    1539724 kB
Buffers:           23952 kB
Cached:           171868 kB
MemTotal:        1844596 kB
MemFree:         1469144 kB
MemAvailable:    1536580 kB
Buffers:           23952 kB
Cached:           171868 kB
MemTotal:        1844596 kB
MemFree:         1469012 kB
MemAvailable:    1536448 kB
Buffers:           23952 kB
Cached:           171868 kB
MemTotal:        1844596 kB
MemFree:         1469268 kB
MemAvailable:    1536704 kB
Buffers:           23952 kB
Cached:           171868 kB
MemTotal:        1844596 kB
MemFree:         1469012 kB
MemAvailable:    1536448 kB
Buffers:           23952 kB
Cached:           171868 kB
MemTotal:        1844596 kB
MemFree:         1468880 kB
MemAvailable:    1536316 kB
Buffers:           23952 kB
Cached:           171868 kB
MemTotal:        1844596 kB
MemFree:         1468880 kB
MemAvailable:    1536316 kB
Buffers:           23952 kB
Cached:           171868 kB
MemTotal:        1844596 kB
MemFree:         1468756 kB
MemAvailable:    1536192 kB
Buffers:           23952 kB
Cached:           171868 kB
MemTotal:        1844596 kB
MemFree:         1468960 kB
MemAvailable:    1536396 kB
Buffers:           23952 kB
Cached:           171868 kB
MemTotal:        1844596 kB
MemFree:         1468476 kB
MemAvailable:    1535912 kB
Buffers:           23952 kB
Cached:           171868 kB
MemTotal:        1844596 kB
MemFree:         1468728 kB
MemAvailable:    1536164 kB
Buffers:           23952 kB
Cached:           171868 kB
MemTotal:        1844596 kB
MemFree:         1468576 kB
MemAvailable:    1536012 kB
Buffers:           23952 kB
Cached:           171868 kB
MemTotal:        1844596 kB
MemFree:         1468692 kB
MemAvailable:    1536128 kB
Buffers:           23952 kB
Cached:           171868 kB
MemTotal:        1844596 kB
MemFree:         1468748 kB
MemAvailable:    1536184 kB
Buffers:           23952 kB
Cached:           171868 kB
MemTotal:        1844596 kB
MemFree:         1468692 kB
MemAvailable:    1536128 kB
Buffers:           23952 kB
Cached:           171868 kB
MemTotal:        1844596 kB
MemFree:         1468700 kB
MemAvailable:    1536136 kB
Buffers:           23952 kB
Cached:           171868 kB
MemTotal:        1844596 kB
MemFree:         1468728 kB
MemAvailable:    1536164 kB
Buffers:           23952 kB
Cached:           171868 kB
MemTotal:        1844596 kB
MemFree:         1468736 kB
MemAvailable:    1536172 kB
Buffers:           23952 kB
Cached:           171868 kB
MemTotal:        1844596 kB
MemFree:         1468736 kB
MemAvailable:    1536172 kB
Buffers:           23952 kB
Cached:           171868 kB
MemTotal:        1844596 kB
MemFree:         1468820 kB
MemAvailable:    1536256 kB
Buffers:           23952 kB
Cached:           171868 kB
MemTotal:        1844596 kB
MemFree:         1468736 kB
MemAvailable:    1536172 kB
Buffers:           23952 kB
Cached:           171868 kB
MemTotal:        1844596 kB
MemFree:         1467864 kB
MemAvailable:    1535384 kB
Buffers:           23952 kB
Cached:           171992 kB
MemTotal:        1844596 kB
MemFree:         1467992 kB
MemAvailable:    1535512 kB
Buffers:           23952 kB
Cached:           171992 kB
MemTotal:        1844596 kB
MemFree:         1468364 kB
MemAvailable:    1535968 kB
Buffers:           23952 kB
Cached:           172116 kB
MemTotal:        1844596 kB
MemFree:         1468364 kB
MemAvailable:    1536136 kB
Buffers:           23952 kB
Cached:           172240 kB
MemTotal:        1844596 kB
MemFree:         1468144 kB
MemAvailable:    1535916 kB
Buffers:           23952 kB
Cached:           172240 kB
MemTotal:        1844596 kB
MemFree:         1468132 kB
MemAvailable:    1535988 kB
Buffers:           23952 kB
Cached:           172364 kB
MemTotal:        1844596 kB
MemFree:         1468084 kB
MemAvailable:    1536108 kB
Buffers:           23952 kB
Cached:           172488 kB
MemTotal:        1844596 kB
MemFree:         1468084 kB
MemAvailable:    1536108 kB
Buffers:           23952 kB
Cached:           172488 kB
MemTotal:        1844596 kB
MemFree:         1467832 kB
MemAvailable:    1535856 kB
Buffers:           23952 kB
Cached:           172488 kB
MemTotal:        1844596 kB
MemFree:         1467948 kB
MemAvailable:    1535972 kB
Buffers:           23952 kB
Cached:           172488 kB
MemTotal:        1844596 kB
MemFree:         1468144 kB
MemAvailable:    1536192 kB
Buffers:           23952 kB
Cached:           172516 kB
MemTotal:        1844596 kB
MemFree:         1468152 kB
MemAvailable:    1536200 kB
Buffers:           23952 kB
Cached:           172516 kB
MemTotal:        1844596 kB
MemFree:         1468152 kB
MemAvailable:    1536200 kB
Buffers:           23952 kB
Cached:           172516 kB
MemTotal:        1844596 kB
MemFree:         1468136 kB
MemAvailable:    1536184 kB
Buffers:           23952 kB
Cached:           172516 kB
MemTotal:        1844596 kB
MemFree:         1468152 kB
MemAvailable:    1536200 kB
Buffers:           23952 kB
Cached:           172516 kB
MemTotal:        1844596 kB
MemFree:         1468144 kB
MemAvailable:    1536192 kB
Buffers:           23952 kB
Cached:           172516 kB
MemTotal:        1844596 kB
MemFree:         1468152 kB
MemAvailable:    1536200 kB
Buffers:           23952 kB
Cached:           172516 kB
MemTotal:        1844596 kB
MemFree:         1468152 kB
MemAvailable:    1536200 kB
Buffers:           23952 kB
Cached:           172516 kB
MemTotal:        1844596 kB
MemFree:         1468200 kB
MemAvailable:    1536332 kB
Buffers:           23952 kB
Cached:           172516 kB
MemTotal:        1844596 kB
MemFree:         1468144 kB
MemAvailable:    1535604 kB
Buffers:           23952 kB
Cached:           171884 kB
MemTotal:        1844596 kB
MemFree:         1467640 kB
MemAvailable:    1535100 kB
Buffers:           23952 kB
Cached:           171884 kB
MemTotal:        1844596 kB
MemFree:         1498756 kB
MemAvailable:    1566216 kB
Buffers:           23952 kB
Cached:           171884 kB
