MemTotal:        1844596 kB
MemFree:         1501172 kB
MemAvailable:    1581048 kB
Buffers:           25744 kB
Cached:           184224 kB
MemTotal:        1844596 kB
MemFree:         1499676 kB
MemAvailable:    1579552 kB
Buffers:           25744 kB
Cached:           184224 kB
MemTotal:        1844596 kB
MemFree:         1497692 kB
MemAvailable:    1577568 kB
Buffers:           25744 kB
Cached:           184224 kB
MemTotal:        1844596 kB
MemFree:         1497436 kB
MemAvailable:    1577312 kB
Buffers:           25744 kB
Cached:           184224 kB
MemTotal:        1844596 kB
MemFree:         1497436 kB
MemAvailable:    1577312 kB
Buffers:           25744 kB
Cached:           184224 kB
MemTotal:        1844596 kB
MemFree:         1495212 kB
MemAvailable:    1575088 kB
Buffers:           25744 kB
Cached:           184224 kB
MemTotal:        1844596 kB
MemFree:         1495220 kB
MemAvailable:    1575096 kB
Buffers:           25744 kB
Cached:           184224 kB
MemTotal:        1844596 kB
MemFree:         1493592 kB
MemAvailable:    1573468 kB
Buffers:           25744 kB
Cached:           184224 kB
MemTotal:        1844596 kB
MemFree:         1493112 kB
MemAvailable:    1572988 kB
Buffers:           25744 kB
Cached:           184224 kB
MemTotal:        1844596 kB
MemFree:         1490748 kB
MemAvailable:    1570624 kB
Buffers:           25744 kB
Cached:           184224 kB
MemTotal:        1844596 kB
MemFree:         1490268 kB
MemAvailable:    1570144 kB
Buffers:           25744 kB
Cached:           184224 kB
MemTotal:        1844596 kB
MemFree:         1487524 kB
MemAvailable:    1567400 kB
Buffers:           25744 kB
Cached:           184224 kB
MemTotal:        1844596 kB
MemFree:         1484060 kB
MemAvailable:    1563936 kB
Buffers:           25744 kB
Cached:           184224 kB
MemTotal:        1844596 kB
MemFree:         1484840 kB
MemAvailable:    1564716 kB
Buffers:           25744 kB
Cached:           184224 kB
MemTotal:        1844596 kB
MemFree:         1485184 kB
MemAvailable:    1565060 kB
Buffers:           25744 kB
Cached:           184224 kB
MemTotal:        1844596 kB
MemFree:         1484748 kB
MemAvailable:    1564624 kB
Buffers:           25744 kB
Cached:           184224 kB
MemTotal:        1844596 kB
MemFree:         1485004 kB
MemAvailable:    1564880 kB
Buffers:           25744 kB
Cached:           184224 kB
MemTotal:        1844596 kB
MemFree:         1483632 kB
MemAvailable:    1563508 kB
Buffers:           25744 kB
Cached:           184224 kB
MemTotal:        1844596 kB
MemFree:         1484528 kB
MemAvailable:    1564404 kB
Buffers:           25744 kB
Cached:           184224 kB
MemTotal:        1844596 kB
MemFree:         1484784 kB
MemAvailable:    1564660 kB
Buffers:           25744 kB
Cached:           184224 kB
MemTotal:        1844596 kB
MemFree:         1482812 kB
MemAvailable:    1562688 kB
Buffers:           25744 kB
Cached:           184224 kB
MemTotal:        1844596 kB
MemFree:         1482432 kB
MemAvailable:    1562308 kB
Buffers:           25744 kB
Cached:           184224 kB
MemTotal:        1844596 kB
MemFree:         1482432 kB
MemAvailable:    1562308 kB
Buffers:           25744 kB
Cached:           184224 kB
MemTotal:        1844596 kB
MemFree:         1482296 kB
MemAvailable:    1562172 kB
Buffers:           25744 kB
Cached:           184224 kB
MemTotal:        1844596 kB
MemFree:         1482548 kB
MemAvailable:    1562424 kB
Buffers:           25744 kB
Cached:           184224 kB
MemTotal:        1844596 kB
MemFree:         1481188 kB
MemAvailable:    1561064 kB
Buffers:           25744 kB
Cached:           184224 kB
MemTotal:        1844596 kB
MemFree:         1482428 kB
MemAvailable:    1562304 kB
Buffers:           25744 kB
Cached:           184224 kB
MemTotal:        1844596 kB
MemFree:         1482296 kB
MemAvailable:    1562172 kB
Buffers:           25744 kB
Cached:           184224 kB
MemTotal:        1844596 kB
MemFree:         1482548 kB
MemAvailable:    1562424 kB
Buffers:           25744 kB
Cached:           184224 kB
MemTotal:        1844596 kB
MemFree:         1482640 kB
MemAvailable:    1562516 kB
Buffers:           25744 kB
Cached:           184224 kB
MemTotal:        1844596 kB
MemFree:         1481208 kB
MemAvailable:    1561084 kB
Buffers:           25744 kB
Cached:           184224 kB
MemTotal:        1844596 kB
MemFree:         1483184 kB
MemAvailable:    1563060 kB
Buffers:           25744 kB
Cached:           184224 kB
MemTotal:        1844596 kB
MemFree:         1483536 kB
MemAvailable:    1563412 kB
Buffers:           25744 kB
Cached:           184224 kB
MemTotal:        1844596 kB
MemFree:         1483564 kB
MemAvailable:    1563440 kB
Buffers:           25744 kB
Cached:           184224 kB
MemTotal:        1844596 kB
MemFree:         1481640 kB
MemAvailable:    1561516 kB
Buffers:           25744 kB
Cached:           184224 kB
MemTotal:        1844596 kB
MemFree:         1480276 kB
MemAvailable:    1560152 kB
Buffers:           25744 kB
Cached:           184224 kB
MemTotal:        1844596 kB
MemFree:         1479472 kB
MemAvailable:    1559348 kB
Buffers:           25744 kB
Cached:           184224 kB
MemTotal:        1844596 kB
MemFree:         1479464 kB
MemAvailable:    1559340 kB
Buffers:           25744 kB
Cached:           184224 kB
MemTotal:        1844596 kB
MemFree:         1479720 kB
MemAvailable:    1559596 kB
Buffers:           25744 kB
Cached:           184224 kB
MemTotal:        1844596 kB
MemFree:         1479408 kB
MemAvailable:    1559284 kB
Buffers:           25744 kB
Cached:           184224 kB
MemTotal:        1844596 kB
MemFree:         1477976 kB
MemAvailable:    1557852 kB
Buffers:           25744 kB
Cached:           184224 kB
MemTotal:        1844596 kB
MemFree:         1478340 kB
MemAvailable:    1558216 kB
Buffers:           25744 kB
Cached:           184224 kB
MemTotal:        1844596 kB
MemFree:         1478592 kB
MemAvailable:    1558468 kB
Buffers:           25744 kB
Cached:           184224 kB
MemTotal:        1844596 kB
MemFree:         1478408 kB
MemAvailable:    1558284 kB
Buffers:           25744 kB
Cached:           184224 kB
MemTotal:        1844596 kB
MemFree:         1478084 kB
MemAvailable:    1557960 kB
Buffers:           25744 kB
Cached:           184224 kB
MemTotal:        1844596 kB
MemFree:         1478340 kB
MemAvailable:    1558216 kB
Buffers:           25744 kB
Cached:           184224 kB
MemTotal:        1844596 kB
MemFree:         1478036 kB
MemAvailable:    1557912 kB
Buffers:           25744 kB
Cached:           184224 kB
MemTotal:        1844596 kB
MemFree:         1478292 kB
MemAvailable:    1558168 kB
Buffers:           25744 kB
Cached:           184224 kB
MemTotal:        1844596 kB
MemFree:         1477340 kB
MemAvailable:    1557216 kB
Buffers:           25744 kB
Cached:           184224 kB
MemTotal:        1844596 kB
MemFree:         1476344 kB
MemAvailable:    1556220 kB
Buffers:           25744 kB
Cached:           184224 kB
MemTotal:        1844596 kB
MemFree:         1476240 kB
MemAvailable:    1556116 kB
Buffers:           25744 kB
Cached:           184224 kB
MemTotal:        1844596 kB
MemFree:         1477364 kB
MemAvailable:    1557240 kB
Buffers:           25744 kB
Cached:           184224 kB
MemTotal:        1844596 kB
MemFree:         1477432 kB
MemAvailable:    1557308 kB
Buffers:           25744 kB
Cached:           184224 kB
MemTotal:        1844596 kB
MemFree:         1476108 kB
MemAvailable:    1555984 kB
Buffers:           25744 kB
Cached:           184224 kB
MemTotal:        1844596 kB
MemFree:         1477232 kB
MemAvailable:    1557108 kB
Buffers:           25744 kB
Cached:           184224 kB
MemTotal:        1844596 kB
MemFree:         1477484 kB
MemAvailable:    1557360 kB
Buffers:           25744 kB
Cached:           184224 kB
MemTotal:        1844596 kB
MemFree:         1477372 kB
MemAvailable:    1557248 kB
Buffers:           25744 kB
Cached:           184224 kB
MemTotal:        1844596 kB
MemFree:         1477300 kB
MemAvailable:    1557176 kB
Buffers:           25744 kB
Cached:           184224 kB
MemTotal:        1844596 kB
MemFree:         1476744 kB
MemAvailable:    1556620 kB
Buffers:           25744 kB
Cached:           184224 kB
MemTotal:        1844596 kB
MemFree:         1476964 kB
MemAvailable:    1556840 kB
Buffers:           25744 kB
Cached:           184224 kB
MemTotal:        1844596 kB
MemFree:         1477132 kB
MemAvailable:    1557008 kB
Buffers:           25744 kB
Cached:           184224 kB
MemTotal:        1844596 kB
MemFree:         1477176 kB
MemAvailable:    1557052 kB
Buffers:           25744 kB
Cached:           184224 kB
MemTotal:        1844596 kB
MemFree:         1476372 kB
MemAvailable:    1556248 kB
Buffers:           25744 kB
Cached:           184224 kB
MemTotal:        1844596 kB
MemFree:         1477240 kB
MemAvailable:    1557124 kB
Buffers:           25744 kB
Cached:           184232 kB
MemTotal:        1844596 kB
MemFree:         1477284 kB
MemAvailable:    1557168 kB
Buffers:           25744 kB
Cached:           184232 kB
MemTotal:        1844596 kB
MemFree:         1476000 kB
MemAvailable:    1555884 kB
Buffers:           25744 kB
Cached:           184232 kB
MemTotal:        1844596 kB
MemFree:         1476928 kB
MemAvailable:    1556812 kB
Buffers:           25744 kB
Cached:           184232 kB
MemTotal:        1844596 kB
MemFree:         1475752 kB
MemAvailable:    1555636 kB
Buffers:           25744 kB
Cached:           184232 kB
MemTotal:        1844596 kB
MemFree:         1476424 kB
MemAvailable:    1556308 kB
Buffers:           25744 kB
Cached:           184232 kB
MemTotal:        1844596 kB
MemFree:         1476624 kB
MemAvailable:    1556508 kB
Buffers:           25744 kB
Cached:           184232 kB
MemTotal:        1844596 kB
MemFree:         1476184 kB
MemAvailable:    1556068 kB
Buffers:           25744 kB
Cached:           184232 kB
MemTotal:        1844596 kB
MemFree:         1475380 kB
MemAvailable:    1555264 kB
Buffers:           25744 kB
Cached:           184232 kB
MemTotal:        1844596 kB
MemFree:         1476220 kB
MemAvailable:    1556104 kB
Buffers:           25744 kB
Cached:           184232 kB
MemTotal:        1844596 kB
MemFree:         1476304 kB
MemAvailable:    1556188 kB
Buffers:           25744 kB
Cached:           184232 kB
MemTotal:        1844596 kB
MemFree:         1475068 kB
MemAvailable:    1554952 kB
Buffers:           25744 kB
Cached:           184232 kB
MemTotal:        1844596 kB
MemFree:         1475628 kB
MemAvailable:    1555512 kB
Buffers:           25744 kB
Cached:           184232 kB
MemTotal:        1844596 kB
MemFree:         1476192 kB
MemAvailable:    1556080 kB
Buffers:           25744 kB
Cached:           184236 kB
MemTotal:        1844596 kB
MemFree:         1476444 kB
MemAvailable:    1556332 kB
Buffers:           25744 kB
Cached:           184236 kB
MemTotal:        1844596 kB
MemFree:         1476200 kB
MemAvailable:    1556088 kB
Buffers:           25744 kB
Cached:           184236 kB
MemTotal:        1844596 kB
MemFree:         1475076 kB
MemAvailable:    1554964 kB
Buffers:           25744 kB
Cached:           184236 kB
MemTotal:        1844596 kB
MemFree:         1474620 kB
MemAvailable:    1554508 kB
Buffers:           25744 kB
Cached:           184236 kB
MemTotal:        1844596 kB
MemFree:         1473892 kB
MemAvailable:    1553780 kB
Buffers:           25744 kB
Cached:           184236 kB
MemTotal:        1844596 kB
MemFree:         1473976 kB
MemAvailable:    1553864 kB
Buffers:           25744 kB
Cached:           184236 kB
MemTotal:        1844596 kB
MemFree:         1470544 kB
MemAvailable:    1550432 kB
Buffers:           25744 kB
Cached:           184236 kB
MemTotal:        1844596 kB
MemFree:         1468792 kB
MemAvailable:    1548680 kB
Buffers:           25744 kB
Cached:           184236 kB
MemTotal:        1844596 kB
MemFree:         1469128 kB
MemAvailable:    1549016 kB
Buffers:           25744 kB
Cached:           184236 kB
MemTotal:        1844596 kB
MemFree:         1468420 kB
MemAvailable:    1548308 kB
Buffers:           25744 kB
Cached:           184236 kB
MemTotal:        1844596 kB
MemFree:         1468380 kB
MemAvailable:    1548268 kB
Buffers:           25744 kB
Cached:           184236 kB
MemTotal:        1844596 kB
MemFree:         1468252 kB
MemAvailable:    1548140 kB
Buffers:           25744 kB
Cached:           184236 kB
MemTotal:        1844596 kB
MemFree:         1468504 kB
MemAvailable:    1548392 kB
Buffers:           25744 kB
Cached:           184236 kB
MemTotal:        1844596 kB
MemFree:         1468324 kB
MemAvailable:    1548212 kB
Buffers:           25744 kB
Cached:           184236 kB
MemTotal:        1844596 kB
MemFree:         1468320 kB
MemAvailable:    1548208 kB
Buffers:           25744 kB
Cached:           184236 kB
MemTotal:        1844596 kB
MemFree:         1467444 kB
MemAvailable:    1547332 kB
Buffers:           25744 kB
Cached:           184236 kB
MemTotal:        1844596 kB
MemFree:         1468244 kB
MemAvailable:    1548132 kB
Buffers:           25744 kB
Cached:           184236 kB
MemTotal:        1844596 kB
MemFree:         1468244 kB
MemAvailable:    1548132 kB
Buffers:           25744 kB
Cached:           184236 kB
MemTotal:        1844596 kB
MemFree:         1468484 kB
MemAvailable:    1548372 kB
Buffers:           25744 kB
Cached:           184236 kB
MemTotal:        1844596 kB
MemFree:         1468312 kB
MemAvailable:    1548200 kB
Buffers:           25744 kB
Cached:           184236 kB
MemTotal:        1844596 kB
MemFree:         1467004 kB
MemAvailable:    1546892 kB
Buffers:           25744 kB
Cached:           184236 kB
MemTotal:        1844596 kB
MemFree:         1468272 kB
MemAvailable:    1548160 kB
Buffers:           25744 kB
Cached:           184236 kB
MemTotal:        1844596 kB
MemFree:         1468524 kB
MemAvailable:    1548412 kB
Buffers:           25744 kB
Cached:           184236 kB
MemTotal:        1844596 kB
MemFree:         1468372 kB
MemAvailable:    1548260 kB
Buffers:           25744 kB
Cached:           184236 kB
MemTotal:        1844596 kB
MemFree:         1467816 kB
MemAvailable:    1547704 kB
Buffers:           25744 kB
Cached:           184236 kB
MemTotal:        1844596 kB
MemFree:         1467684 kB
MemAvailable:    1547572 kB
Buffers:           25744 kB
Cached:           184236 kB
MemTotal:        1844596 kB
MemFree:         1467940 kB
MemAvailable:    1547828 kB
Buffers:           25744 kB
Cached:           184236 kB
MemTotal:        1844596 kB
MemFree:         1466436 kB
MemAvailable:    1546324 kB
Buffers:           25744 kB
Cached:           184236 kB
MemTotal:        1844596 kB
MemFree:         1466196 kB
MemAvailable:    1546084 kB
Buffers:           25744 kB
Cached:           184236 kB
MemTotal:        1844596 kB
MemFree:         1466884 kB
MemAvailable:    1546772 kB
Buffers:           25744 kB
Cached:           184236 kB
MemTotal:        1844596 kB
MemFree:         1466752 kB
MemAvailable:    1546640 kB
Buffers:           25744 kB
Cached:           184236 kB
MemTotal:        1844596 kB
MemFree:         1466620 kB
MemAvailable:    1546508 kB
Buffers:           25744 kB
Cached:           184236 kB
MemTotal:        1844596 kB
MemFree:         1465212 kB
MemAvailable:    1545100 kB
Buffers:           25744 kB
Cached:           184236 kB
MemTotal:        1844596 kB
MemFree:         1465320 kB
MemAvailable:    1545208 kB
Buffers:           25744 kB
Cached:           184236 kB
MemTotal:        1844596 kB
MemFree:         1465404 kB
MemAvailable:    1545292 kB
Buffers:           25744 kB
Cached:           184236 kB
MemTotal:        1844596 kB
MemFree:         1464956 kB
MemAvailable:    1544844 kB
Buffers:           25744 kB
Cached:           184236 kB
MemTotal:        1844596 kB
MemFree:         1463848 kB
MemAvailable:    1543736 kB
Buffers:           25744 kB
Cached:           184236 kB
MemTotal:        1844596 kB
MemFree:         1464760 kB
MemAvailable:    1544648 kB
Buffers:           25744 kB
Cached:           184236 kB
MemTotal:        1844596 kB
MemFree:         1464592 kB
MemAvailable:    1544480 kB
Buffers:           25744 kB
Cached:           184236 kB
MemTotal:        1844596 kB
MemFree:         1463352 kB
MemAvailable:    1543240 kB
Buffers:           25744 kB
Cached:           184236 kB
MemTotal:        1844596 kB
MemFree:         1463096 kB
MemAvailable:    1542984 kB
Buffers:           25744 kB
Cached:           184236 kB
MemTotal:        1844596 kB
MemFree:         1463336 kB
MemAvailable:    1543224 kB
Buffers:           25744 kB
Cached:           184236 kB
MemTotal:        1844596 kB
MemFree:         1464520 kB
MemAvailable:    1544408 kB
Buffers:           25744 kB
Cached:           184236 kB
MemTotal:        1844596 kB
MemFree:         1463212 kB
MemAvailable:    1543100 kB
Buffers:           25744 kB
Cached:           184236 kB
MemTotal:        1844596 kB
MemFree:         1464388 kB
MemAvailable:    1544276 kB
Buffers:           25744 kB
Cached:           184236 kB
MemTotal:        1844596 kB
MemFree:         1463204 kB
MemAvailable:    1543092 kB
Buffers:           25744 kB
Cached:           184236 kB
MemTotal:        1844596 kB
MemFree:         1463908 kB
MemAvailable:    1543796 kB
Buffers:           25744 kB
Cached:           184236 kB
MemTotal:        1844596 kB
MemFree:         1462980 kB
MemAvailable:    1542868 kB
Buffers:           25744 kB
Cached:           184236 kB
MemTotal:        1844596 kB
MemFree:         1463772 kB
MemAvailable:    1543660 kB
Buffers:           25744 kB
Cached:           184236 kB
MemTotal:        1844596 kB
MemFree:         1460616 kB
MemAvailable:    1540504 kB
Buffers:           25744 kB
Cached:           184236 kB
MemTotal:        1844596 kB
MemFree:         1456716 kB
MemAvailable:    1536604 kB
Buffers:           25744 kB
Cached:           184236 kB
MemTotal:        1844596 kB
MemFree:         1456584 kB
MemAvailable:    1536472 kB
Buffers:           25744 kB
Cached:           184236 kB
MemTotal:        1844596 kB
MemFree:         1456536 kB
MemAvailable:    1536424 kB
Buffers:           25744 kB
Cached:           184236 kB
MemTotal:        1844596 kB
MemFree:         1456468 kB
MemAvailable:    1536356 kB
Buffers:           25744 kB
Cached:           184236 kB
MemTotal:        1844596 kB
MemFree:         1455140 kB
MemAvailable:    1535028 kB
Buffers:           25744 kB
Cached:           184236 kB
MemTotal:        1844596 kB
MemFree:         1456392 kB
MemAvailable:    1536280 kB
Buffers:           25744 kB
Cached:           184236 kB
MemTotal:        1844596 kB
MemFree:         1455224 kB
MemAvailable:    1535112 kB
Buffers:           25744 kB
Cached:           184236 kB
MemTotal:        1844596 kB
MemFree:         1458452 kB
MemAvailable:    1538340 kB
Buffers:           25744 kB
Cached:           184236 kB
MemTotal:        1844596 kB
MemFree:         1453796 kB
MemAvailable:    1533684 kB
Buffers:           25744 kB
Cached:           184236 kB
MemTotal:        1844596 kB
MemFree:         1454468 kB
MemAvailable:    1534356 kB
Buffers:           25744 kB
Cached:           184236 kB
MemTotal:        1844596 kB
MemFree:         1454804 kB
MemAvailable:    1534692 kB
Buffers:           25744 kB
Cached:           184236 kB
MemTotal:        1844596 kB
MemFree:         1453912 kB
MemAvailable:    1533800 kB
Buffers:           25744 kB
Cached:           184236 kB
MemTotal:        1844596 kB
MemFree:         1453996 kB
MemAvailable:    1533884 kB
Buffers:           25744 kB
Cached:           184236 kB
MemTotal:        1844596 kB
MemFree:         1453724 kB
MemAvailable:    1533612 kB
Buffers:           25744 kB
Cached:           184236 kB
MemTotal:        1844596 kB
MemFree:         1453520 kB
MemAvailable:    1533408 kB
Buffers:           25744 kB
Cached:           184236 kB
MemTotal:        1844596 kB
MemFree:         1453520 kB
MemAvailable:    1533408 kB
Buffers:           25744 kB
Cached:           184236 kB
MemTotal:        1844596 kB
MemFree:         1453536 kB
MemAvailable:    1533424 kB
Buffers:           25744 kB
Cached:           184236 kB
MemTotal:        1844596 kB
MemFree:         1453792 kB
MemAvailable:    1533680 kB
Buffers:           25744 kB
Cached:           184236 kB
MemTotal:        1844596 kB
MemFree:         1452372 kB
MemAvailable:    1532260 kB
Buffers:           25744 kB
Cached:           184236 kB
MemTotal:        1844596 kB
MemFree:         1453584 kB
MemAvailable:    1533472 kB
Buffers:           25744 kB
Cached:           184236 kB
MemTotal:        1844596 kB
MemFree:         1453308 kB
MemAvailable:    1533196 kB
Buffers:           25744 kB
Cached:           184236 kB
MemTotal:        1844596 kB
MemFree:         1453728 kB
MemAvailable:    1533616 kB
Buffers:           25744 kB
Cached:           184236 kB
MemTotal:        1844596 kB
MemFree:         1453416 kB
MemAvailable:    1533308 kB
Buffers:           25744 kB
Cached:           184240 kB
MemTotal:        1844596 kB
MemFree:         1453752 kB
MemAvailable:    1533644 kB
Buffers:           25744 kB
Cached:           184240 kB
MemTotal:        1844596 kB
MemFree:         1452260 kB
MemAvailable:    1532152 kB
Buffers:           25744 kB
Cached:           184240 kB
MemTotal:        1844596 kB
MemFree:         1452936 kB
MemAvailable:    1532828 kB
Buffers:           25744 kB
Cached:           184240 kB
MemTotal:        1844596 kB
MemFree:         1453376 kB
MemAvailable:    1533276 kB
Buffers:           25744 kB
Cached:           184248 kB
MemTotal:        1844596 kB
MemFree:         1452140 kB
MemAvailable:    1532040 kB
Buffers:           25744 kB
Cached:           184248 kB
MemTotal:        1844596 kB
MemFree:         1453440 kB
MemAvailable:    1533340 kB
Buffers:           25744 kB
Cached:           184248 kB
MemTotal:        1844596 kB
MemFree:         1453500 kB
MemAvailable:    1533400 kB
Buffers:           25744 kB
Cached:           184248 kB
MemTotal:        1844596 kB
MemFree:         1452688 kB
MemAvailable:    1532588 kB
Buffers:           25744 kB
Cached:           184248 kB
MemTotal:        1844596 kB
MemFree:         1452260 kB
MemAvailable:    1532160 kB
Buffers:           25744 kB
Cached:           184248 kB
MemTotal:        1844596 kB
MemFree:         1453480 kB
MemAvailable:    1533380 kB
Buffers:           25744 kB
Cached:           184248 kB
MemTotal:        1844596 kB
MemFree:         1453060 kB
MemAvailable:    1532960 kB
Buffers:           25744 kB
Cached:           184248 kB
MemTotal:        1844596 kB
MemFree:         1453280 kB
MemAvailable:    1533180 kB
Buffers:           25744 kB
Cached:           184248 kB
MemTotal:        1844596 kB
MemFree:         1453532 kB
MemAvailable:    1533432 kB
Buffers:           25744 kB
Cached:           184248 kB
MemTotal:        1844596 kB
MemFree:         1452172 kB
MemAvailable:    1532072 kB
Buffers:           25744 kB
Cached:           184248 kB
MemTotal:        1844596 kB
MemFree:         1453272 kB
MemAvailable:    1533172 kB
Buffers:           25744 kB
Cached:           184248 kB
MemTotal:        1844596 kB
MemFree:         1453356 kB
MemAvailable:    1533256 kB
Buffers:           25744 kB
Cached:           184248 kB
MemTotal:        1844596 kB
MemFree:         1452192 kB
MemAvailable:    1532092 kB
Buffers:           25744 kB
Cached:           184248 kB
MemTotal:        1844596 kB
MemFree:         1452192 kB
MemAvailable:    1532092 kB
Buffers:           25744 kB
Cached:           184248 kB
MemTotal:        1844596 kB
MemFree:         1452144 kB
MemAvailable:    1532044 kB
Buffers:           25744 kB
Cached:           184248 kB
MemTotal:        1844596 kB
MemFree:         1453292 kB
MemAvailable:    1533192 kB
Buffers:           25744 kB
Cached:           184248 kB
MemTotal:        1844596 kB
MemFree:         1453376 kB
MemAvailable:    1533276 kB
Buffers:           25744 kB
Cached:           184248 kB
MemTotal:        1844596 kB
MemFree:         1453540 kB
MemAvailable:    1533440 kB
Buffers:           25744 kB
Cached:           184248 kB
MemTotal:        1844596 kB
MemFree:         1453624 kB
MemAvailable:    1533524 kB
Buffers:           25744 kB
Cached:           184248 kB
MemTotal:        1844596 kB
MemFree:         1453436 kB
MemAvailable:    1533336 kB
Buffers:           25744 kB
Cached:           184248 kB
MemTotal:        1844596 kB
MemFree:         1452936 kB
MemAvailable:    1532836 kB
Buffers:           25744 kB
Cached:           184248 kB
MemTotal:        1844596 kB
MemFree:         1453228 kB
MemAvailable:    1533128 kB
Buffers:           25744 kB
Cached:           184248 kB
MemTotal:        1844596 kB
MemFree:         1452792 kB
MemAvailable:    1532692 kB
Buffers:           25744 kB
Cached:           184248 kB
MemTotal:        1844596 kB
MemFree:         1453540 kB
MemAvailable:    1533444 kB
Buffers:           25744 kB
Cached:           184252 kB
MemTotal:        1844596 kB
MemFree:         1453624 kB
MemAvailable:    1533528 kB
Buffers:           25744 kB
Cached:           184252 kB
MemTotal:        1844596 kB
MemFree:         1453436 kB
MemAvailable:    1533340 kB
Buffers:           25744 kB
Cached:           184252 kB
MemTotal:        1844596 kB
MemFree:         1453060 kB
MemAvailable:    1532964 kB
Buffers:           25744 kB
Cached:           184252 kB
MemTotal:        1844596 kB
MemFree:         1453288 kB
MemAvailable:    1533192 kB
Buffers:           25744 kB
Cached:           184252 kB
MemTotal:        1844596 kB
MemFree:         1453544 kB
MemAvailable:    1533448 kB
Buffers:           25744 kB
Cached:           184252 kB
MemTotal:        1844596 kB
MemFree:         1452164 kB
MemAvailable:    1532068 kB
Buffers:           25744 kB
Cached:           184252 kB
MemTotal:        1844596 kB
MemFree:         1453432 kB
MemAvailable:    1533336 kB
Buffers:           25744 kB
Cached:           184252 kB
MemTotal:        1844596 kB
MemFree:         1452124 kB
MemAvailable:    1532028 kB
Buffers:           25744 kB
Cached:           184252 kB
MemTotal:        1844596 kB
MemFree:         1453300 kB
MemAvailable:    1533204 kB
Buffers:           25744 kB
Cached:           184252 kB
MemTotal:        1844596 kB
MemFree:         1452124 kB
MemAvailable:    1532028 kB
Buffers:           25744 kB
Cached:           184252 kB
MemTotal:        1844596 kB
MemFree:         1453348 kB
MemAvailable:    1533252 kB
Buffers:           25744 kB
Cached:           184252 kB
MemTotal:        1844596 kB
MemFree:         1453352 kB
MemAvailable:    1533256 kB
Buffers:           25744 kB
Cached:           184252 kB
MemTotal:        1844596 kB
MemFree:         1453316 kB
MemAvailable:    1533220 kB
Buffers:           25744 kB
Cached:           184252 kB
MemTotal:        1844596 kB
MemFree:         1451928 kB
MemAvailable:    1531832 kB
Buffers:           25744 kB
Cached:           184252 kB
MemTotal:        1844596 kB
MemFree:         1452308 kB
MemAvailable:    1532212 kB
Buffers:           25744 kB
Cached:           184252 kB
MemTotal:        1844596 kB
MemFree:         1453424 kB
MemAvailable:    1533328 kB
Buffers:           25744 kB
Cached:           184252 kB
MemTotal:        1844596 kB
MemFree:         1452004 kB
MemAvailable:    1531908 kB
Buffers:           25744 kB
Cached:           184252 kB
MemTotal:        1844596 kB
MemFree:         1450952 kB
MemAvailable:    1530856 kB
Buffers:           25744 kB
Cached:           184252 kB
MemTotal:        1844596 kB
MemFree:         1449836 kB
MemAvailable:    1529740 kB
Buffers:           25744 kB
Cached:           184252 kB
MemTotal:        1844596 kB
MemFree:         1448588 kB
MemAvailable:    1528492 kB
Buffers:           25744 kB
Cached:           184252 kB
MemTotal:        1844596 kB
MemFree:         1448588 kB
MemAvailable:    1528492 kB
Buffers:           25744 kB
Cached:           184252 kB
MemTotal:        1844596 kB
MemFree:         1448208 kB
MemAvailable:    1528112 kB
Buffers:           25744 kB
Cached:           184252 kB
MemTotal:        1844596 kB
MemFree:         1449596 kB
MemAvailable:    1529500 kB
Buffers:           25744 kB
Cached:           184252 kB
MemTotal:        1844596 kB
MemFree:         1448968 kB
MemAvailable:    1528872 kB
Buffers:           25744 kB
Cached:           184252 kB
MemTotal:        1844596 kB
MemFree:         1447348 kB
MemAvailable:    1527252 kB
Buffers:           25744 kB
Cached:           184252 kB
MemTotal:        1844596 kB
MemFree:         1448448 kB
MemAvailable:    1528352 kB
Buffers:           25744 kB
Cached:           184252 kB
MemTotal:        1844596 kB
MemFree:         1448472 kB
MemAvailable:    1528376 kB
Buffers:           25744 kB
Cached:           184252 kB
MemTotal:        1844596 kB
MemFree:         1448444 kB
MemAvailable:    1528348 kB
Buffers:           25744 kB
Cached:           184252 kB
MemTotal:        1844596 kB
MemFree:         1448696 kB
MemAvailable:    1528600 kB
Buffers:           25744 kB
Cached:           184252 kB
MemTotal:        1844596 kB
MemFree:         1448464 kB
MemAvailable:    1528368 kB
Buffers:           25744 kB
Cached:           184252 kB
MemTotal:        1844596 kB
MemFree:         1448716 kB
MemAvailable:    1528620 kB
Buffers:           25744 kB
Cached:           184252 kB
MemTotal:        1844596 kB
MemFree:         1448416 kB
MemAvailable:    1528320 kB
Buffers:           25744 kB
Cached:           184252 kB
MemTotal:        1844596 kB
MemFree:         1448672 kB
MemAvailable:    1528576 kB
Buffers:           25744 kB
Cached:           184252 kB
MemTotal:        1844596 kB
MemFree:         1448276 kB
MemAvailable:    1528180 kB
Buffers:           25744 kB
Cached:           184252 kB
MemTotal:        1844596 kB
MemFree:         1448276 kB
MemAvailable:    1528180 kB
Buffers:           25744 kB
Cached:           184252 kB
MemTotal:        1844596 kB
MemFree:         1447952 kB
MemAvailable:    1527856 kB
Buffers:           25744 kB
Cached:           184252 kB
MemTotal:        1844596 kB
MemFree:         1448208 kB
MemAvailable:    1528112 kB
Buffers:           25744 kB
Cached:           184252 kB
MemTotal:        1844596 kB
MemFree:         1447604 kB
MemAvailable:    1527508 kB
Buffers:           25744 kB
Cached:           184252 kB
MemTotal:        1844596 kB
MemFree:         1447616 kB
MemAvailable:    1527520 kB
Buffers:           25744 kB
Cached:           184252 kB
MemTotal:        1844596 kB
MemFree:         1446184 kB
MemAvailable:    1526088 kB
Buffers:           25756 kB
Cached:           184240 kB
MemTotal:        1844596 kB
MemFree:         1447284 kB
MemAvailable:    1527188 kB
Buffers:           25756 kB
Cached:           184240 kB
MemTotal:        1844596 kB
MemFree:         1447620 kB
MemAvailable:    1527524 kB
Buffers:           25756 kB
Cached:           184240 kB
MemTotal:        1844596 kB
MemFree:         1446176 kB
MemAvailable:    1526080 kB
Buffers:           25756 kB
Cached:           184240 kB
MemTotal:        1844596 kB
MemFree:         1447644 kB
MemAvailable:    1527548 kB
Buffers:           25756 kB
Cached:           184240 kB
MemTotal:        1844596 kB
MemFree:         1447472 kB
MemAvailable:    1527376 kB
Buffers:           25756 kB
Cached:           184240 kB
MemTotal:        1844596 kB
MemFree:         1446984 kB
MemAvailable:    1526888 kB
Buffers:           25756 kB
Cached:           184240 kB
MemTotal:        1844596 kB
MemFree:         1447460 kB
MemAvailable:    1527364 kB
Buffers:           25756 kB
Cached:           184240 kB
MemTotal:        1844596 kB
MemFree:         1447544 kB
MemAvailable:    1527448 kB
Buffers:           25756 kB
Cached:           184240 kB
MemTotal:        1844596 kB
MemFree:         1447192 kB
MemAvailable:    1527096 kB
Buffers:           25756 kB
Cached:           184240 kB
MemTotal:        1844596 kB
MemFree:         1447192 kB
MemAvailable:    1527096 kB
Buffers:           25756 kB
Cached:           184240 kB
MemTotal:        1844596 kB
MemFree:         1446076 kB
MemAvailable:    1525996 kB
Buffers:           25756 kB
Cached:           184256 kB
MemTotal:        1844596 kB
MemFree:         1446068 kB
MemAvailable:    1525988 kB
Buffers:           25756 kB
Cached:           184256 kB
MemTotal:        1844596 kB
MemFree:         1447176 kB
MemAvailable:    1527096 kB
Buffers:           25756 kB
Cached:           184256 kB
MemTotal:        1844596 kB
MemFree:         1447428 kB
MemAvailable:    1527348 kB
Buffers:           25756 kB
Cached:           184256 kB
MemTotal:        1844596 kB
MemFree:         1447352 kB
MemAvailable:    1527272 kB
Buffers:           25756 kB
Cached:           184256 kB
MemTotal:        1844596 kB
MemFree:         1447336 kB
MemAvailable:    1527256 kB
Buffers:           25756 kB
Cached:           184256 kB
MemTotal:        1844596 kB
MemFree:         1447164 kB
MemAvailable:    1527084 kB
Buffers:           25756 kB
Cached:           184256 kB
MemTotal:        1844596 kB
MemFree:         1447164 kB
MemAvailable:    1527084 kB
Buffers:           25756 kB
Cached:           184256 kB
MemTotal:        1844596 kB
MemFree:         1447412 kB
MemAvailable:    1527332 kB
Buffers:           25756 kB
Cached:           184256 kB
MemTotal:        1844596 kB
MemFree:         1446064 kB
MemAvailable:    1525984 kB
Buffers:           25756 kB
Cached:           184256 kB
MemTotal:        1844596 kB
MemFree:         1447352 kB
MemAvailable:    1527272 kB
Buffers:           25756 kB
Cached:           184256 kB
MemTotal:        1844596 kB
MemFree:         1447416 kB
MemAvailable:    1527336 kB
Buffers:           25756 kB
Cached:           184256 kB
MemTotal:        1844596 kB
MemFree:         1446000 kB
MemAvailable:    1525920 kB
Buffers:           25756 kB
Cached:           184256 kB
MemTotal:        1844596 kB
MemFree:         1446332 kB
MemAvailable:    1526252 kB
Buffers:           25756 kB
Cached:           184256 kB
MemTotal:        1844596 kB
MemFree:         1447532 kB
MemAvailable:    1527452 kB
Buffers:           25756 kB
Cached:           184256 kB
MemTotal:        1844596 kB
MemFree:         1447484 kB
MemAvailable:    1527404 kB
Buffers:           25756 kB
Cached:           184256 kB
MemTotal:        1844596 kB
MemFree:         1447300 kB
MemAvailable:    1527220 kB
Buffers:           25756 kB
Cached:           184256 kB
MemTotal:        1844596 kB
MemFree:         1447424 kB
MemAvailable:    1527344 kB
Buffers:           25756 kB
Cached:           184256 kB
MemTotal:        1844596 kB
MemFree:         1446480 kB
MemAvailable:    1526400 kB
Buffers:           25756 kB
Cached:           184256 kB
MemTotal:        1844596 kB
MemFree:         1446068 kB
MemAvailable:    1525988 kB
Buffers:           25756 kB
Cached:           184256 kB
MemTotal:        1844596 kB
MemFree:         1446112 kB
MemAvailable:    1526032 kB
Buffers:           25756 kB
Cached:           184256 kB
MemTotal:        1844596 kB
MemFree:         1447376 kB
MemAvailable:    1527296 kB
Buffers:           25756 kB
Cached:           184256 kB
MemTotal:        1844596 kB
MemFree:         1446248 kB
MemAvailable:    1526168 kB
Buffers:           25756 kB
Cached:           184256 kB
MemTotal:        1844596 kB
MemFree:         1446124 kB
MemAvailable:    1526044 kB
Buffers:           25756 kB
Cached:           184256 kB
MemTotal:        1844596 kB
MemFree:         1445992 kB
MemAvailable:    1525912 kB
Buffers:           25756 kB
Cached:           184256 kB
MemTotal:        1844596 kB
MemFree:         1447052 kB
MemAvailable:    1526972 kB
Buffers:           25756 kB
Cached:           184256 kB
MemTotal:        1844596 kB
MemFree:         1446992 kB
MemAvailable:    1526912 kB
Buffers:           25756 kB
Cached:           184256 kB
MemTotal:        1844596 kB
MemFree:         1447172 kB
MemAvailable:    1527092 kB
Buffers:           25756 kB
Cached:           184256 kB
MemTotal:        1844596 kB
MemFree:         1446992 kB
MemAvailable:    1526912 kB
Buffers:           25756 kB
Cached:           184256 kB
MemTotal:        1844596 kB
MemFree:         1447088 kB
MemAvailable:    1527008 kB
Buffers:           25756 kB
Cached:           184256 kB
MemTotal:        1844596 kB
MemFree:         1447340 kB
MemAvailable:    1527260 kB
Buffers:           25756 kB
Cached:           184256 kB
MemTotal:        1844596 kB
MemFree:         1447280 kB
MemAvailable:    1527200 kB
Buffers:           25756 kB
Cached:           184256 kB
MemTotal:        1844596 kB
MemFree:         1445940 kB
MemAvailable:    1525860 kB
Buffers:           25756 kB
Cached:           184256 kB
MemTotal:        1844596 kB
MemFree:         1446188 kB
MemAvailable:    1526108 kB
Buffers:           25756 kB
Cached:           184256 kB
MemTotal:        1844596 kB
MemFree:         1446056 kB
MemAvailable:    1525976 kB
Buffers:           25756 kB
Cached:           184256 kB
MemTotal:        1844596 kB
MemFree:         1447364 kB
MemAvailable:    1527284 kB
Buffers:           25756 kB
Cached:           184256 kB
MemTotal:        1844596 kB
MemFree:         1447412 kB
MemAvailable:    1527332 kB
Buffers:           25756 kB
Cached:           184256 kB
MemTotal:        1844596 kB
MemFree:         1447224 kB
MemAvailable:    1527144 kB
Buffers:           25756 kB
Cached:           184256 kB
MemTotal:        1844596 kB
MemFree:         1446124 kB
MemAvailable:    1526044 kB
Buffers:           25756 kB
Cached:           184256 kB
MemTotal:        1844596 kB
MemFree:         1447108 kB
MemAvailable:    1527028 kB
Buffers:           25756 kB
Cached:           184256 kB
MemTotal:        1844596 kB
MemFree:         1447000 kB
MemAvailable:    1526920 kB
Buffers:           25756 kB
Cached:           184256 kB
MemTotal:        1844596 kB
MemFree:         1447224 kB
MemAvailable:    1527144 kB
Buffers:           25756 kB
Cached:           184256 kB
MemTotal:        1844596 kB
MemFree:         1447308 kB
MemAvailable:    1527228 kB
Buffers:           25756 kB
Cached:           184256 kB
MemTotal:        1844596 kB
MemFree:         1447372 kB
MemAvailable:    1527292 kB
Buffers:           25756 kB
Cached:           184256 kB
MemTotal:        1844596 kB
MemFree:         1447176 kB
MemAvailable:    1527096 kB
Buffers:           25756 kB
Cached:           184256 kB
MemTotal:        1844596 kB
MemFree:         1447300 kB
MemAvailable:    1527220 kB
Buffers:           25756 kB
Cached:           184256 kB
MemTotal:        1844596 kB
MemFree:         1447316 kB
MemAvailable:    1527236 kB
Buffers:           25756 kB
Cached:           184256 kB
MemTotal:        1844596 kB
MemFree:         1447344 kB
MemAvailable:    1527264 kB
Buffers:           25756 kB
Cached:           184256 kB
MemTotal:        1844596 kB
MemFree:         1447240 kB
MemAvailable:    1527160 kB
Buffers:           25756 kB
Cached:           184256 kB
MemTotal:        1844596 kB
MemFree:         1445952 kB
MemAvailable:    1525872 kB
Buffers:           25756 kB
Cached:           184256 kB
MemTotal:        1844596 kB
MemFree:         1447232 kB
MemAvailable:    1527152 kB
Buffers:           25756 kB
Cached:           184256 kB
MemTotal:        1844596 kB
MemFree:         1447000 kB
MemAvailable:    1526920 kB
Buffers:           25756 kB
Cached:           184256 kB
MemTotal:        1844596 kB
MemFree:         1445860 kB
MemAvailable:    1525780 kB
Buffers:           25756 kB
Cached:           184256 kB
MemTotal:        1844596 kB
MemFree:         1446076 kB
MemAvailable:    1525996 kB
Buffers:           25756 kB
Cached:           184256 kB
MemTotal:        1844596 kB
MemFree:         1447280 kB
MemAvailable:    1527200 kB
Buffers:           25756 kB
Cached:           184256 kB
MemTotal:        1844596 kB
MemFree:         1447300 kB
MemAvailable:    1527220 kB
Buffers:           25756 kB
Cached:           184256 kB
MemTotal:        1844596 kB
MemFree:         1445948 kB
MemAvailable:    1525868 kB
Buffers:           25756 kB
Cached:           184256 kB
MemTotal:        1844596 kB
MemFree:         1447280 kB
MemAvailable:    1527200 kB
Buffers:           25756 kB
Cached:           184256 kB
MemTotal:        1844596 kB
MemFree:         1445852 kB
MemAvailable:    1525772 kB
Buffers:           25756 kB
Cached:           184256 kB
MemTotal:        1844596 kB
MemFree:         1447108 kB
MemAvailable:    1527028 kB
Buffers:           25756 kB
Cached:           184256 kB
MemTotal:        1844596 kB
MemFree:         1446628 kB
MemAvailable:    1526548 kB
Buffers:           25756 kB
Cached:           184256 kB
MemTotal:        1844596 kB
MemFree:         1447252 kB
MemAvailable:    1527172 kB
Buffers:           25756 kB
Cached:           184256 kB
MemTotal:        1844596 kB
MemFree:         1447164 kB
MemAvailable:    1527084 kB
Buffers:           25756 kB
Cached:           184256 kB
MemTotal:        1844596 kB
MemFree:         1446108 kB
MemAvailable:    1526028 kB
Buffers:           25756 kB
Cached:           184256 kB
MemTotal:        1844596 kB
MemFree:         1447240 kB
MemAvailable:    1527160 kB
Buffers:           25756 kB
Cached:           184256 kB
MemTotal:        1844596 kB
MemFree:         1446000 kB
MemAvailable:    1525932 kB
Buffers:           25756 kB
Cached:           184268 kB
MemTotal:        1844596 kB
MemFree:         1446124 kB
MemAvailable:    1526056 kB
Buffers:           25756 kB
Cached:           184268 kB
MemTotal:        1844596 kB
MemFree:         1446116 kB
MemAvailable:    1526048 kB
Buffers:           25756 kB
Cached:           184268 kB
MemTotal:        1844596 kB
MemFree:         1447428 kB
MemAvailable:    1527360 kB
Buffers:           25756 kB
Cached:           184268 kB
MemTotal:        1844596 kB
MemFree:         1447252 kB
MemAvailable:    1527184 kB
Buffers:           25756 kB
Cached:           184268 kB
MemTotal:        1844596 kB
MemFree:         1447352 kB
MemAvailable:    1527284 kB
Buffers:           25756 kB
Cached:           184268 kB
MemTotal:        1844596 kB
MemFree:         1445940 kB
MemAvailable:    1525872 kB
Buffers:           25756 kB
Cached:           184268 kB
MemTotal:        1844596 kB
MemFree:         1447304 kB
MemAvailable:    1527236 kB
Buffers:           25756 kB
Cached:           184268 kB
MemTotal:        1844596 kB
MemFree:         1447300 kB
MemAvailable:    1527232 kB
Buffers:           25756 kB
Cached:           184268 kB
MemTotal:        1844596 kB
MemFree:         1445944 kB
MemAvailable:    1525876 kB
Buffers:           25756 kB
Cached:           184268 kB
MemTotal:        1844596 kB
MemFree:         1446324 kB
MemAvailable:    1526256 kB
Buffers:           25756 kB
Cached:           184268 kB
MemTotal:        1844596 kB
MemFree:         1447052 kB
MemAvailable:    1526984 kB
Buffers:           25756 kB
Cached:           184268 kB
MemTotal:        1844596 kB
MemFree:         1447304 kB
MemAvailable:    1527236 kB
Buffers:           25756 kB
Cached:           184268 kB
MemTotal:        1844596 kB
MemFree:         1447260 kB
MemAvailable:    1527192 kB
Buffers:           25756 kB
Cached:           184268 kB
MemTotal:        1844596 kB
MemFree:         1446000 kB
MemAvailable:    1525932 kB
Buffers:           25756 kB
Cached:           184268 kB
MemTotal:        1844596 kB
MemFree:         1447320 kB
MemAvailable:    1527252 kB
Buffers:           25756 kB
Cached:           184268 kB
MemTotal:        1844596 kB
MemFree:         1447312 kB
MemAvailable:    1527244 kB
Buffers:           25756 kB
Cached:           184268 kB
MemTotal:        1844596 kB
MemFree:         1447232 kB
MemAvailable:    1527164 kB
Buffers:           25756 kB
Cached:           184268 kB
MemTotal:        1844596 kB
MemFree:         1447344 kB
MemAvailable:    1527276 kB
Buffers:           25756 kB
Cached:           184268 kB
MemTotal:        1844596 kB
MemFree:         1445856 kB
MemAvailable:    1525788 kB
Buffers:           25756 kB
Cached:           184268 kB
MemTotal:        1844596 kB
MemFree:         1446000 kB
MemAvailable:    1525932 kB
Buffers:           25756 kB
Cached:           184268 kB
MemTotal:        1844596 kB
MemFree:         1447368 kB
MemAvailable:    1527300 kB
Buffers:           25756 kB
Cached:           184268 kB
MemTotal:        1844596 kB
MemFree:         1447240 kB
MemAvailable:    1527172 kB
Buffers:           25756 kB
Cached:           184268 kB
MemTotal:        1844596 kB
MemFree:         1447108 kB
MemAvailable:    1527040 kB
Buffers:           25756 kB
Cached:           184268 kB
MemTotal:        1844596 kB
MemFree:         1447444 kB
MemAvailable:    1527376 kB
Buffers:           25756 kB
Cached:           184268 kB
MemTotal:        1844596 kB
MemFree:         1447232 kB
MemAvailable:    1527164 kB
Buffers:           25756 kB
Cached:           184268 kB
MemTotal:        1844596 kB
MemFree:         1446752 kB
MemAvailable:    1526684 kB
Buffers:           25756 kB
Cached:           184268 kB
MemTotal:        1844596 kB
MemFree:         1445860 kB
MemAvailable:    1525792 kB
Buffers:           25756 kB
Cached:           184268 kB
MemTotal:        1844596 kB
MemFree:         1447440 kB
MemAvailable:    1527372 kB
Buffers:           25756 kB
Cached:           184268 kB
MemTotal:        1844596 kB
MemFree:         1447244 kB
MemAvailable:    1527176 kB
Buffers:           25756 kB
Cached:           184268 kB
MemTotal:        1844596 kB
MemFree:         1446064 kB
MemAvailable:    1525996 kB
Buffers:           25756 kB
Cached:           184268 kB
MemTotal:        1844596 kB
MemFree:         1445976 kB
MemAvailable:    1525908 kB
Buffers:           25756 kB
Cached:           184268 kB
MemTotal:        1844596 kB
MemFree:         1447228 kB
MemAvailable:    1527160 kB
Buffers:           25756 kB
Cached:           184268 kB
MemTotal:        1844596 kB
MemFree:         1446248 kB
MemAvailable:    1526180 kB
Buffers:           25756 kB
Cached:           184268 kB
MemTotal:        1844596 kB
MemFree:         1447180 kB
MemAvailable:    1527112 kB
Buffers:           25756 kB
Cached:           184268 kB
MemTotal:        1844596 kB
MemFree:         1447248 kB
MemAvailable:    1527180 kB
Buffers:           25756 kB
Cached:           184268 kB
MemTotal:        1844596 kB
MemFree:         1447168 kB
MemAvailable:    1527100 kB
Buffers:           25756 kB
Cached:           184268 kB
MemTotal:        1844596 kB
MemFree:         1447052 kB
MemAvailable:    1526984 kB
Buffers:           25756 kB
Cached:           184268 kB
MemTotal:        1844596 kB
MemFree:         1447116 kB
MemAvailable:    1527048 kB
Buffers:           25756 kB
Cached:           184268 kB
MemTotal:        1844596 kB
MemFree:         1447288 kB
MemAvailable:    1527220 kB
Buffers:           25756 kB
Cached:           184268 kB
MemTotal:        1844596 kB
MemFree:         1447240 kB
MemAvailable:    1527172 kB
Buffers:           25756 kB
Cached:           184268 kB
MemTotal:        1844596 kB
MemFree:         1446744 kB
MemAvailable:    1526676 kB
Buffers:           25756 kB
Cached:           184268 kB
MemTotal:        1844596 kB
MemFree:         1447180 kB
MemAvailable:    1527112 kB
Buffers:           25756 kB
Cached:           184268 kB
MemTotal:        1844596 kB
MemFree:         1447248 kB
MemAvailable:    1527180 kB
Buffers:           25756 kB
Cached:           184268 kB
MemTotal:        1844596 kB
MemFree:         1447252 kB
MemAvailable:    1527184 kB
Buffers:           25756 kB
Cached:           184268 kB
MemTotal:        1844596 kB
MemFree:         1447228 kB
MemAvailable:    1527160 kB
Buffers:           25756 kB
Cached:           184268 kB
MemTotal:        1844596 kB
MemFree:         1446620 kB
MemAvailable:    1526552 kB
Buffers:           25756 kB
Cached:           184268 kB
MemTotal:        1844596 kB
MemFree:         1447288 kB
MemAvailable:    1527220 kB
Buffers:           25756 kB
Cached:           184268 kB
MemTotal:        1844596 kB
MemFree:         1447116 kB
MemAvailable:    1527048 kB
Buffers:           25756 kB
Cached:           184268 kB
MemTotal:        1844596 kB
MemFree:         1447036 kB
MemAvailable:    1526968 kB
Buffers:           25756 kB
Cached:           184268 kB
MemTotal:        1844596 kB
MemFree:         1447288 kB
MemAvailable:    1527220 kB
Buffers:           25756 kB
Cached:           184268 kB
MemTotal:        1844596 kB
MemFree:         1447288 kB
MemAvailable:    1527220 kB
Buffers:           25756 kB
Cached:           184268 kB
MemTotal:        1844596 kB
MemFree:         1446104 kB
MemAvailable:    1526036 kB
Buffers:           25756 kB
Cached:           184268 kB
MemTotal:        1844596 kB
MemFree:         1446064 kB
MemAvailable:    1525996 kB
Buffers:           25756 kB
Cached:           184268 kB
MemTotal:        1844596 kB
MemFree:         1445932 kB
MemAvailable:    1525864 kB
Buffers:           25756 kB
Cached:           184268 kB
MemTotal:        1844596 kB
MemFree:         1447172 kB
MemAvailable:    1527104 kB
Buffers:           25756 kB
Cached:           184268 kB
MemTotal:        1844596 kB
MemFree:         1447292 kB
MemAvailable:    1527224 kB
Buffers:           25756 kB
Cached:           184268 kB
MemTotal:        1844596 kB
MemFree:         1447256 kB
MemAvailable:    1527188 kB
Buffers:           25756 kB
Cached:           184268 kB
MemTotal:        1844596 kB
MemFree:         1445832 kB
MemAvailable:    1525764 kB
Buffers:           25756 kB
Cached:           184268 kB
MemTotal:        1844596 kB
MemFree:         1445956 kB
MemAvailable:    1525888 kB
Buffers:           25756 kB
Cached:           184268 kB
MemTotal:        1844596 kB
MemFree:         1447424 kB
MemAvailable:    1527356 kB
Buffers:           25756 kB
Cached:           184268 kB
MemTotal:        1844596 kB
MemFree:         1447252 kB
MemAvailable:    1527184 kB
Buffers:           25756 kB
Cached:           184268 kB
MemTotal:        1844596 kB
MemFree:         1445828 kB
MemAvailable:    1525760 kB
Buffers:           25756 kB
Cached:           184268 kB
MemTotal:        1844596 kB
MemFree:         1447176 kB
MemAvailable:    1527108 kB
Buffers:           25756 kB
Cached:           184268 kB
MemTotal:        1844596 kB
MemFree:         1446364 kB
MemAvailable:    1526296 kB
Buffers:           25756 kB
Cached:           184268 kB
MemTotal:        1844596 kB
MemFree:         1447488 kB
MemAvailable:    1527428 kB
Buffers:           25756 kB
Cached:           184276 kB
MemTotal:        1844596 kB
MemFree:         1446372 kB
MemAvailable:    1526312 kB
Buffers:           25756 kB
Cached:           184276 kB
MemTotal:        1844596 kB
MemFree:         1447480 kB
MemAvailable:    1527420 kB
Buffers:           25756 kB
Cached:           184276 kB
MemTotal:        1844596 kB
MemFree:         1447480 kB
MemAvailable:    1527420 kB
Buffers:           25756 kB
Cached:           184276 kB
MemTotal:        1844596 kB
MemFree:         1447372 kB
MemAvailable:    1527312 kB
Buffers:           25756 kB
Cached:           184276 kB
MemTotal:        1844596 kB
MemFree:         1446000 kB
MemAvailable:    1525940 kB
Buffers:           25756 kB
Cached:           184276 kB
MemTotal:        1844596 kB
MemFree:         1447224 kB
MemAvailable:    1527164 kB
Buffers:           25756 kB
Cached:           184276 kB
MemTotal:        1844596 kB
MemFree:         1447476 kB
MemAvailable:    1527416 kB
Buffers:           25756 kB
Cached:           184276 kB
MemTotal:        1844596 kB
MemFree:         1445944 kB
MemAvailable:    1525884 kB
Buffers:           25756 kB
Cached:           184276 kB
MemTotal:        1844596 kB
MemFree:         1447244 kB
MemAvailable:    1527184 kB
Buffers:           25756 kB
Cached:           184276 kB
MemTotal:        1844596 kB
MemFree:         1445804 kB
MemAvailable:    1525744 kB
Buffers:           25756 kB
Cached:           184276 kB
MemTotal:        1844596 kB
MemFree:         1447112 kB
MemAvailable:    1527052 kB
Buffers:           25756 kB
Cached:           184276 kB
MemTotal:        1844596 kB
MemFree:         1447364 kB
MemAvailable:    1527304 kB
Buffers:           25756 kB
Cached:           184276 kB
MemTotal:        1844596 kB
MemFree:         1446096 kB
MemAvailable:    1526036 kB
Buffers:           25756 kB
Cached:           184276 kB
MemTotal:        1844596 kB
MemFree:         1447260 kB
MemAvailable:    1527200 kB
Buffers:           25756 kB
Cached:           184276 kB
MemTotal:        1844596 kB
MemFree:         1446868 kB
MemAvailable:    1526808 kB
Buffers:           25756 kB
Cached:           184276 kB
MemTotal:        1844596 kB
MemFree:         1445812 kB
MemAvailable:    1525752 kB
Buffers:           25756 kB
Cached:           184276 kB
MemTotal:        1844596 kB
MemFree:         1445944 kB
MemAvailable:    1525884 kB
Buffers:           25756 kB
Cached:           184276 kB
MemTotal:        1844596 kB
MemFree:         1446068 kB
MemAvailable:    1526008 kB
Buffers:           25756 kB
Cached:           184276 kB
MemTotal:        1844596 kB
MemFree:         1447184 kB
MemAvailable:    1527124 kB
Buffers:           25756 kB
Cached:           184276 kB
MemTotal:        1844596 kB
MemFree:         1446248 kB
MemAvailable:    1526188 kB
Buffers:           25756 kB
Cached:           184276 kB
MemTotal:        1844596 kB
MemFree:         1447088 kB
MemAvailable:    1527028 kB
Buffers:           25756 kB
Cached:           184276 kB
MemTotal:        1844596 kB
MemFree:         1447340 kB
MemAvailable:    1527280 kB
Buffers:           25756 kB
Cached:           184276 kB
MemTotal:        1844596 kB
MemFree:         1447240 kB
MemAvailable:    1527180 kB
Buffers:           25756 kB
Cached:           184276 kB
MemTotal:        1844596 kB
MemFree:         1445976 kB
MemAvailable:    1525916 kB
Buffers:           25756 kB
Cached:           184276 kB
MemTotal:        1844596 kB
MemFree:         1447284 kB
MemAvailable:    1527224 kB
Buffers:           25756 kB
Cached:           184276 kB
MemTotal:        1844596 kB
MemFree:         1447060 kB
MemAvailable:    1527000 kB
Buffers:           25756 kB
Cached:           184276 kB
MemTotal:        1844596 kB
MemFree:         1447060 kB
MemAvailable:    1527000 kB
Buffers:           25756 kB
Cached:           184276 kB
MemTotal:        1844596 kB
MemFree:         1445992 kB
MemAvailable:    1525932 kB
Buffers:           25756 kB
Cached:           184276 kB
MemTotal:        1844596 kB
MemFree:         1446976 kB
MemAvailable:    1526916 kB
Buffers:           25756 kB
Cached:           184276 kB
MemTotal:        1844596 kB
MemFree:         1446976 kB
MemAvailable:    1526916 kB
Buffers:           25756 kB
Cached:           184276 kB
MemTotal:        1844596 kB
MemFree:         1447288 kB
MemAvailable:    1527228 kB
Buffers:           25756 kB
Cached:           184276 kB
MemTotal:        1844596 kB
MemFree:         1447240 kB
MemAvailable:    1527180 kB
Buffers:           25756 kB
Cached:           184276 kB
MemTotal:        1844596 kB
MemFree:         1447236 kB
MemAvailable:    1527176 kB
Buffers:           25756 kB
Cached:           184276 kB
MemTotal:        1844596 kB
MemFree:         1446372 kB
MemAvailable:    1526312 kB
Buffers:           25756 kB
Cached:           184276 kB
MemTotal:        1844596 kB
MemFree:         1447120 kB
MemAvailable:    1527060 kB
Buffers:           25756 kB
Cached:           184276 kB
MemTotal:        1844596 kB
MemFree:         1447220 kB
MemAvailable:    1527160 kB
Buffers:           25756 kB
Cached:           184276 kB
MemTotal:        1844596 kB
MemFree:         1447472 kB
MemAvailable:    1527412 kB
Buffers:           25756 kB
Cached:           184276 kB
MemTotal:        1844596 kB
MemFree:         1446976 kB
MemAvailable:    1526916 kB
Buffers:           25756 kB
Cached:           184276 kB
MemTotal:        1844596 kB
MemFree:         1447316 kB
MemAvailable:    1527256 kB
Buffers:           25756 kB
Cached:           184276 kB
MemTotal:        1844596 kB
MemFree:         1447228 kB
MemAvailable:    1527168 kB
Buffers:           25756 kB
Cached:           184276 kB
MemTotal:        1844596 kB
MemFree:         1447240 kB
MemAvailable:    1527180 kB
Buffers:           25756 kB
Cached:           184276 kB
MemTotal:        1844596 kB
MemFree:         1447108 kB
MemAvailable:    1527048 kB
Buffers:           25756 kB
Cached:           184276 kB
MemTotal:        1844596 kB
MemFree:         1447108 kB
MemAvailable:    1527048 kB
Buffers:           25756 kB
Cached:           184276 kB
MemTotal:        1844596 kB
MemFree:         1447064 kB
MemAvailable:    1527004 kB
Buffers:           25756 kB
Cached:           184276 kB
MemTotal:        1844596 kB
MemFree:         1447060 kB
MemAvailable:    1527000 kB
Buffers:           25756 kB
Cached:           184276 kB
MemTotal:        1844596 kB
MemFree:         1447060 kB
MemAvailable:    1527000 kB
Buffers:           25756 kB
Cached:           184276 kB
MemTotal:        1844596 kB
MemFree:         1446920 kB
MemAvailable:    1526860 kB
Buffers:           25756 kB
Cached:           184276 kB
MemTotal:        1844596 kB
MemFree:         1447256 kB
MemAvailable:    1527196 kB
Buffers:           25756 kB
Cached:           184276 kB
MemTotal:        1844596 kB
MemFree:         1447180 kB
MemAvailable:    1527120 kB
Buffers:           25756 kB
Cached:           184276 kB
MemTotal:        1844596 kB
MemFree:         1446744 kB
MemAvailable:    1526684 kB
Buffers:           25756 kB
Cached:           184276 kB
MemTotal:        1844596 kB
MemFree:         1447088 kB
MemAvailable:    1527028 kB
Buffers:           25756 kB
Cached:           184276 kB
MemTotal:        1844596 kB
MemFree:         1447424 kB
MemAvailable:    1527364 kB
Buffers:           25756 kB
Cached:           184276 kB
MemTotal:        1844596 kB
MemFree:         1447040 kB
MemAvailable:    1526980 kB
Buffers:           25756 kB
Cached:           184276 kB
MemTotal:        1844596 kB
MemFree:         1447292 kB
MemAvailable:    1527232 kB
Buffers:           25756 kB
Cached:           184276 kB
MemTotal:        1844596 kB
MemFree:         1446920 kB
MemAvailable:    1526860 kB
Buffers:           25756 kB
Cached:           184276 kB
MemTotal:        1844596 kB
MemFree:         1447256 kB
MemAvailable:    1527196 kB
Buffers:           25756 kB
Cached:           184276 kB
MemTotal:        1844596 kB
MemFree:         1446096 kB
MemAvailable:    1526036 kB
Buffers:           25756 kB
Cached:           184276 kB
MemTotal:        1844596 kB
MemFree:         1447336 kB
MemAvailable:    1527276 kB
Buffers:           25756 kB
Cached:           184276 kB
MemTotal:        1844596 kB
MemFree:         1447280 kB
MemAvailable:    1527220 kB
Buffers:           25756 kB
Cached:           184276 kB
MemTotal:        1844596 kB
MemFree:         1447232 kB
MemAvailable:    1527172 kB
Buffers:           25756 kB
Cached:           184276 kB
MemTotal:        1844596 kB
MemFree:         1446744 kB
MemAvailable:    1526684 kB
Buffers:           25756 kB
Cached:           184276 kB
MemTotal:        1844596 kB
MemFree:         1447048 kB
MemAvailable:    1526988 kB
Buffers:           25756 kB
Cached:           184276 kB
MemTotal:        1844596 kB
MemFree:         1447272 kB
MemAvailable:    1527212 kB
Buffers:           25756 kB
Cached:           184276 kB
MemTotal:        1844596 kB
MemFree:         1446976 kB
MemAvailable:    1526916 kB
Buffers:           25756 kB
Cached:           184276 kB
MemTotal:        1844596 kB
MemFree:         1447316 kB
MemAvailable:    1527256 kB
Buffers:           25756 kB
Cached:           184276 kB
MemTotal:        1844596 kB
MemFree:         1446920 kB
MemAvailable:    1526860 kB
Buffers:           25756 kB
Cached:           184276 kB
MemTotal:        1844596 kB
MemFree:         1447256 kB
MemAvailable:    1527196 kB
Buffers:           25756 kB
Cached:           184276 kB
MemTotal:        1844596 kB
MemFree:         1447148 kB
MemAvailable:    1527088 kB
Buffers:           25756 kB
Cached:           184276 kB
MemTotal:        1844596 kB
MemFree:         1445980 kB
MemAvailable:    1525920 kB
Buffers:           25756 kB
Cached:           184276 kB
MemTotal:        1844596 kB
MemFree:         1447204 kB
MemAvailable:    1527144 kB
Buffers:           25756 kB
Cached:           184276 kB
MemTotal:        1844596 kB
MemFree:         1447148 kB
MemAvailable:    1527088 kB
Buffers:           25756 kB
Cached:           184276 kB
MemTotal:        1844596 kB
MemFree:         1445848 kB
MemAvailable:    1525788 kB
Buffers:           25756 kB
Cached:           184276 kB
MemTotal:        1844596 kB
MemFree:         1446088 kB
MemAvailable:    1526028 kB
Buffers:           25756 kB
Cached:           184276 kB
MemTotal:        1844596 kB
MemFree:         1445964 kB
MemAvailable:    1525904 kB
Buffers:           25756 kB
Cached:           184276 kB
MemTotal:        1844596 kB
MemFree:         1446364 kB
MemAvailable:    1526304 kB
Buffers:           25756 kB
Cached:           184276 kB
MemTotal:        1844596 kB
MemFree:         1447040 kB
MemAvailable:    1526980 kB
Buffers:           25756 kB
Cached:           184276 kB
MemTotal:        1844596 kB
MemFree:         1447292 kB
MemAvailable:    1527232 kB
Buffers:           25756 kB
Cached:           184276 kB
MemTotal:        1844596 kB
MemFree:         1447600 kB
MemAvailable:    1527548 kB
Buffers:           25756 kB
Cached:           184284 kB
MemTotal:        1844596 kB
MemFree:         1447344 kB
MemAvailable:    1527292 kB
Buffers:           25756 kB
Cached:           184284 kB
MemTotal:        1844596 kB
MemFree:         1446116 kB
MemAvailable:    1526064 kB
Buffers:           25756 kB
Cached:           184284 kB
MemTotal:        1844596 kB
MemFree:         1446976 kB
MemAvailable:    1526928 kB
Buffers:           25756 kB
Cached:           184288 kB
MemTotal:        1844596 kB
MemFree:         1447312 kB
MemAvailable:    1527264 kB
Buffers:           25756 kB
Cached:           184288 kB
MemTotal:        1844596 kB
MemFree:         1445828 kB
MemAvailable:    1525780 kB
Buffers:           25756 kB
Cached:           184288 kB
MemTotal:        1844596 kB
MemFree:         1447192 kB
MemAvailable:    1527144 kB
Buffers:           25756 kB
Cached:           184288 kB
MemTotal:        1844596 kB
MemFree:         1445952 kB
MemAvailable:    1525904 kB
Buffers:           25756 kB
Cached:           184288 kB
MemTotal:        1844596 kB
MemFree:         1447192 kB
MemAvailable:    1527144 kB
Buffers:           25756 kB
Cached:           184288 kB
MemTotal:        1844596 kB
MemFree:         1447288 kB
MemAvailable:    1527240 kB
Buffers:           25756 kB
Cached:           184288 kB
MemTotal:        1844596 kB
MemFree:         1446372 kB
MemAvailable:    1526324 kB
Buffers:           25756 kB
Cached:           184288 kB
MemTotal:        1844596 kB
MemFree:         1447104 kB
MemAvailable:    1527056 kB
Buffers:           25756 kB
Cached:           184288 kB
MemTotal:        1844596 kB
MemFree:         1447060 kB
MemAvailable:    1527012 kB
Buffers:           25756 kB
Cached:           184288 kB
MemTotal:        1844596 kB
MemFree:         1447052 kB
MemAvailable:    1527004 kB
Buffers:           25756 kB
Cached:           184288 kB
MemTotal:        1844596 kB
MemFree:         1446976 kB
MemAvailable:    1526928 kB
Buffers:           25756 kB
Cached:           184288 kB
MemTotal:        1844596 kB
MemFree:         1446320 kB
MemAvailable:    1526272 kB
Buffers:           25756 kB
Cached:           184288 kB
MemTotal:        1844596 kB
MemFree:         1447348 kB
MemAvailable:    1527300 kB
Buffers:           25756 kB
Cached:           184288 kB
MemTotal:        1844596 kB
MemFree:         1447348 kB
MemAvailable:    1527300 kB
Buffers:           25756 kB
Cached:           184288 kB
MemTotal:        1844596 kB
MemFree:         1447088 kB
MemAvailable:    1527040 kB
Buffers:           25756 kB
Cached:           184288 kB
MemTotal:        1844596 kB
MemFree:         1447340 kB
MemAvailable:    1527292 kB
Buffers:           25756 kB
Cached:           184288 kB
MemTotal:        1844596 kB
MemFree:         1447048 kB
MemAvailable:    1527000 kB
Buffers:           25756 kB
Cached:           184288 kB
MemTotal:        1844596 kB
MemFree:         1447048 kB
MemAvailable:    1527000 kB
Buffers:           25756 kB
Cached:           184288 kB
MemTotal:        1844596 kB
MemFree:         1446928 kB
MemAvailable:    1526880 kB
Buffers:           25756 kB
Cached:           184288 kB
MemTotal:        1844596 kB
MemFree:         1447264 kB
MemAvailable:    1527216 kB
Buffers:           25756 kB
Cached:           184288 kB
MemTotal:        1844596 kB
MemFree:         1447104 kB
MemAvailable:    1527056 kB
Buffers:           25756 kB
Cached:           184288 kB
MemTotal:        1844596 kB
MemFree:         1446496 kB
MemAvailable:    1526448 kB
Buffers:           25756 kB
Cached:           184288 kB
MemTotal:        1844596 kB
MemFree:         1447088 kB
MemAvailable:    1527040 kB
Buffers:           25756 kB
Cached:           184288 kB
MemTotal:        1844596 kB
MemFree:         1447088 kB
MemAvailable:    1527040 kB
Buffers:           25756 kB
Cached:           184288 kB
MemTotal:        1844596 kB
MemFree:         1447220 kB
MemAvailable:    1527172 kB
Buffers:           25756 kB
Cached:           184288 kB
MemTotal:        1844596 kB
MemFree:         1446628 kB
MemAvailable:    1526580 kB
Buffers:           25756 kB
Cached:           184288 kB
MemTotal:        1844596 kB
MemFree:         1447252 kB
MemAvailable:    1527204 kB
Buffers:           25756 kB
Cached:           184288 kB
MemTotal:        1844596 kB
MemFree:         1445988 kB
MemAvailable:    1525940 kB
Buffers:           25756 kB
Cached:           184288 kB
MemTotal:        1844596 kB
MemFree:         1446976 kB
MemAvailable:    1526928 kB
Buffers:           25756 kB
Cached:           184288 kB
MemTotal:        1844596 kB
MemFree:         1446992 kB
MemAvailable:    1526944 kB
Buffers:           25756 kB
Cached:           184288 kB
MemTotal:        1844596 kB
MemFree:         1447096 kB
MemAvailable:    1527048 kB
Buffers:           25756 kB
Cached:           184288 kB
MemTotal:        1844596 kB
MemFree:         1447352 kB
MemAvailable:    1527304 kB
Buffers:           25756 kB
Cached:           184288 kB
MemTotal:        1844596 kB
MemFree:         1447048 kB
MemAvailable:    1527000 kB
Buffers:           25756 kB
Cached:           184288 kB
MemTotal:        1844596 kB
MemFree:         1447048 kB
MemAvailable:    1527000 kB
Buffers:           25756 kB
Cached:           184288 kB
MemTotal:        1844596 kB
MemFree:         1447068 kB
MemAvailable:    1527020 kB
Buffers:           25756 kB
Cached:           184288 kB
MemTotal:        1844596 kB
MemFree:         1445988 kB
MemAvailable:    1525940 kB
Buffers:           25756 kB
Cached:           184288 kB
MemTotal:        1844596 kB
MemFree:         1446496 kB
MemAvailable:    1526448 kB
Buffers:           25756 kB
Cached:           184288 kB
MemTotal:        1844596 kB
MemFree:         1447096 kB
MemAvailable:    1527048 kB
Buffers:           25756 kB
Cached:           184288 kB
MemTotal:        1844596 kB
MemFree:         1447352 kB
MemAvailable:    1527304 kB
Buffers:           25756 kB
Cached:           184288 kB
MemTotal:        1844596 kB
MemFree:         1446104 kB
MemAvailable:    1526056 kB
Buffers:           25756 kB
Cached:           184288 kB
MemTotal:        1844596 kB
MemFree:         1447040 kB
MemAvailable:    1526992 kB
Buffers:           25756 kB
Cached:           184288 kB
MemTotal:        1844596 kB
MemFree:         1447040 kB
MemAvailable:    1526992 kB
Buffers:           25756 kB
Cached:           184288 kB
MemTotal:        1844596 kB
MemFree:         1447096 kB
MemAvailable:    1527048 kB
Buffers:           25756 kB
Cached:           184288 kB
MemTotal:        1844596 kB
MemFree:         1447348 kB
MemAvailable:    1527300 kB
Buffers:           25756 kB
Cached:           184288 kB
MemTotal:        1844596 kB
MemFree:         1447068 kB
MemAvailable:    1527020 kB
Buffers:           25756 kB
Cached:           184288 kB
MemTotal:        1844596 kB
MemFree:         1447248 kB
MemAvailable:    1527200 kB
Buffers:           25756 kB
Cached:           184288 kB
MemTotal:        1844596 kB
MemFree:         1446372 kB
MemAvailable:    1526324 kB
Buffers:           25756 kB
Cached:           184288 kB
MemTotal:        1844596 kB
MemFree:         1446964 kB
MemAvailable:    1526916 kB
Buffers:           25756 kB
Cached:           184288 kB
MemTotal:        1844596 kB
MemFree:         1447300 kB
MemAvailable:    1527252 kB
Buffers:           25756 kB
Cached:           184288 kB
MemTotal:        1844596 kB
MemFree:         1446084 kB
MemAvailable:    1526036 kB
Buffers:           25756 kB
Cached:           184288 kB
MemTotal:        1844596 kB
MemFree:         1446364 kB
MemAvailable:    1526316 kB
Buffers:           25756 kB
Cached:           184288 kB
MemTotal:        1844596 kB
MemFree:         1446488 kB
MemAvailable:    1526440 kB
Buffers:           25756 kB
Cached:           184288 kB
MemTotal:        1844596 kB
MemFree:         1447548 kB
MemAvailable:    1527500 kB
Buffers:           25756 kB
Cached:           184288 kB
MemTotal:        1844596 kB
MemFree:         1447292 kB
MemAvailable:    1527244 kB
Buffers:           25756 kB
Cached:           184288 kB
MemTotal:        1844596 kB
MemFree:         1445984 kB
MemAvailable:    1525936 kB
Buffers:           25756 kB
Cached:           184288 kB
MemTotal:        1844596 kB
MemFree:         1447224 kB
MemAvailable:    1527176 kB
Buffers:           25756 kB
Cached:           184288 kB
MemTotal:        1844596 kB
MemFree:         1447112 kB
MemAvailable:    1527064 kB
Buffers:           25756 kB
Cached:           184288 kB
MemTotal:        1844596 kB
MemFree:         1447148 kB
MemAvailable:    1527100 kB
Buffers:           25756 kB
Cached:           184288 kB
MemTotal:        1844596 kB
MemFree:         1447212 kB
MemAvailable:    1527164 kB
Buffers:           25756 kB
Cached:           184288 kB
MemTotal:        1844596 kB
MemFree:         1445840 kB
MemAvailable:    1525792 kB
Buffers:           25756 kB
Cached:           184288 kB
MemTotal:        1844596 kB
MemFree:         1447032 kB
MemAvailable:    1526984 kB
Buffers:           25756 kB
Cached:           184288 kB
MemTotal:        1844596 kB
MemFree:         1446752 kB
MemAvailable:    1526704 kB
Buffers:           25756 kB
Cached:           184288 kB
MemTotal:        1844596 kB
MemFree:         1447068 kB
MemAvailable:    1527020 kB
Buffers:           25756 kB
Cached:           184288 kB
MemTotal:        1844596 kB
MemFree:         1447248 kB
MemAvailable:    1527200 kB
Buffers:           25756 kB
Cached:           184288 kB
MemTotal:        1844596 kB
MemFree:         1447180 kB
MemAvailable:    1527132 kB
Buffers:           25756 kB
Cached:           184288 kB
MemTotal:        1844596 kB
MemFree:         1447092 kB
MemAvailable:    1527044 kB
Buffers:           25756 kB
Cached:           184288 kB
MemTotal:        1844596 kB
MemFree:         1447092 kB
MemAvailable:    1527044 kB
Buffers:           25756 kB
Cached:           184288 kB
MemTotal:        1844596 kB
MemFree:         1447068 kB
MemAvailable:    1527020 kB
Buffers:           25756 kB
Cached:           184288 kB
MemTotal:        1844596 kB
MemFree:         1447048 kB
MemAvailable:    1527000 kB
Buffers:           25756 kB
Cached:           184288 kB
MemTotal:        1844596 kB
MemFree:         1446868 kB
MemAvailable:    1526820 kB
Buffers:           25756 kB
Cached:           184288 kB
MemTotal:        1844596 kB
MemFree:         1447288 kB
MemAvailable:    1527240 kB
Buffers:           25756 kB
Cached:           184288 kB
MemTotal:        1844596 kB
MemFree:         1446248 kB
MemAvailable:    1526200 kB
Buffers:           25756 kB
Cached:           184288 kB
MemTotal:        1844596 kB
MemFree:         1447048 kB
MemAvailable:    1527000 kB
Buffers:           25756 kB
Cached:           184288 kB
MemTotal:        1844596 kB
MemFree:         1446564 kB
MemAvailable:    1526516 kB
Buffers:           25756 kB
Cached:           184288 kB
MemTotal:        1844596 kB
MemFree:         1447548 kB
MemAvailable:    1527504 kB
Buffers:           25756 kB
Cached:           184292 kB
MemTotal:        1844596 kB
MemFree:         1446372 kB
MemAvailable:    1526328 kB
Buffers:           25756 kB
Cached:           184292 kB
MemTotal:        1844596 kB
MemFree:         1445856 kB
MemAvailable:    1525812 kB
Buffers:           25756 kB
Cached:           184292 kB
MemTotal:        1844596 kB
MemFree:         1447104 kB
MemAvailable:    1527060 kB
Buffers:           25756 kB
Cached:           184292 kB
MemTotal:        1844596 kB
MemFree:         1447232 kB
MemAvailable:    1527192 kB
Buffers:           25756 kB
Cached:           184296 kB
MemTotal:        1844596 kB
MemFree:         1447260 kB
MemAvailable:    1527220 kB
Buffers:           25756 kB
Cached:           184296 kB
MemTotal:        1844596 kB
MemFree:         1446000 kB
MemAvailable:    1525960 kB
Buffers:           25756 kB
Cached:           184296 kB
MemTotal:        1844596 kB
MemFree:         1446000 kB
MemAvailable:    1525960 kB
Buffers:           25756 kB
Cached:           184296 kB
MemTotal:        1844596 kB
MemFree:         1447168 kB
MemAvailable:    1527128 kB
Buffers:           25756 kB
Cached:           184296 kB
MemTotal:        1844596 kB
MemFree:         1447288 kB
MemAvailable:    1527248 kB
Buffers:           25756 kB
Cached:           184296 kB
MemTotal:        1844596 kB
MemFree:         1445940 kB
MemAvailable:    1525900 kB
Buffers:           25756 kB
Cached:           184296 kB
MemTotal:        1844596 kB
MemFree:         1445808 kB
MemAvailable:    1525768 kB
Buffers:           25756 kB
Cached:           184296 kB
MemTotal:        1844596 kB
MemFree:         1447240 kB
MemAvailable:    1527200 kB
Buffers:           25756 kB
Cached:           184296 kB
MemTotal:        1844596 kB
MemFree:         1446952 kB
MemAvailable:    1526912 kB
Buffers:           25756 kB
Cached:           184296 kB
MemTotal:        1844596 kB
MemFree:         1447060 kB
MemAvailable:    1527020 kB
Buffers:           25756 kB
Cached:           184296 kB
MemTotal:        1844596 kB
MemFree:         1446976 kB
MemAvailable:    1526936 kB
Buffers:           25756 kB
Cached:           184296 kB
MemTotal:        1844596 kB
MemFree:         1446620 kB
MemAvailable:    1526580 kB
Buffers:           25756 kB
Cached:           184296 kB
MemTotal:        1844596 kB
MemFree:         1447288 kB
MemAvailable:    1527248 kB
Buffers:           25756 kB
Cached:           184296 kB
MemTotal:        1844596 kB
MemFree:         1445940 kB
MemAvailable:    1525900 kB
Buffers:           25756 kB
Cached:           184296 kB
MemTotal:        1844596 kB
MemFree:         1447240 kB
MemAvailable:    1527200 kB
Buffers:           25756 kB
Cached:           184296 kB
MemTotal:        1844596 kB
MemFree:         1447300 kB
MemAvailable:    1527260 kB
Buffers:           25756 kB
Cached:           184296 kB
MemTotal:        1844596 kB
MemFree:         1447076 kB
MemAvailable:    1527036 kB
Buffers:           25756 kB
Cached:           184296 kB
MemTotal:        1844596 kB
MemFree:         1446976 kB
MemAvailable:    1526936 kB
Buffers:           25756 kB
Cached:           184296 kB
MemTotal:        1844596 kB
MemFree:         1447228 kB
MemAvailable:    1527188 kB
Buffers:           25756 kB
Cached:           184296 kB
MemTotal:        1844596 kB
MemFree:         1445948 kB
MemAvailable:    1525908 kB
Buffers:           25756 kB
Cached:           184296 kB
MemTotal:        1844596 kB
MemFree:         1445948 kB
MemAvailable:    1525908 kB
Buffers:           25756 kB
Cached:           184296 kB
MemTotal:        1844596 kB
MemFree:         1445816 kB
MemAvailable:    1525776 kB
Buffers:           25756 kB
Cached:           184296 kB
MemTotal:        1844596 kB
MemFree:         1447064 kB
MemAvailable:    1527024 kB
Buffers:           25756 kB
Cached:           184296 kB
MemTotal:        1844596 kB
MemFree:         1447160 kB
MemAvailable:    1527120 kB
Buffers:           25756 kB
Cached:           184296 kB
MemTotal:        1844596 kB
MemFree:         1445936 kB
MemAvailable:    1525896 kB
Buffers:           25756 kB
Cached:           184296 kB
MemTotal:        1844596 kB
MemFree:         1445936 kB
MemAvailable:    1525896 kB
Buffers:           25756 kB
Cached:           184296 kB
MemTotal:        1844596 kB
MemFree:         1447156 kB
MemAvailable:    1527116 kB
Buffers:           25756 kB
Cached:           184296 kB
MemTotal:        1844596 kB
MemFree:         1447172 kB
MemAvailable:    1527132 kB
Buffers:           25756 kB
Cached:           184296 kB
MemTotal:        1844596 kB
MemFree:         1445928 kB
MemAvailable:    1525888 kB
Buffers:           25756 kB
Cached:           184296 kB
MemTotal:        1844596 kB
MemFree:         1447228 kB
MemAvailable:    1527188 kB
Buffers:           25756 kB
Cached:           184296 kB
MemTotal:        1844596 kB
MemFree:         1447072 kB
MemAvailable:    1527032 kB
Buffers:           25756 kB
Cached:           184296 kB
MemTotal:        1844596 kB
MemFree:         1447324 kB
MemAvailable:    1527284 kB
Buffers:           25756 kB
Cached:           184296 kB
MemTotal:        1844596 kB
MemFree:         1445820 kB
MemAvailable:    1525780 kB
Buffers:           25756 kB
Cached:           184296 kB
MemTotal:        1844596 kB
MemFree:         1447188 kB
MemAvailable:    1527148 kB
Buffers:           25756 kB
Cached:           184296 kB
MemTotal:        1844596 kB
MemFree:         1445812 kB
MemAvailable:    1525772 kB
Buffers:           25756 kB
Cached:           184296 kB
MemTotal:        1844596 kB
MemFree:         1447176 kB
MemAvailable:    1527136 kB
Buffers:           25756 kB
Cached:           184296 kB
MemTotal:        1844596 kB
MemFree:         1447052 kB
MemAvailable:    1527012 kB
Buffers:           25756 kB
Cached:           184296 kB
MemTotal:        1844596 kB
MemFree:         1446372 kB
MemAvailable:    1526332 kB
Buffers:           25756 kB
Cached:           184296 kB
MemTotal:        1844596 kB
MemFree:         1447088 kB
MemAvailable:    1527048 kB
Buffers:           25756 kB
Cached:           184296 kB
MemTotal:        1844596 kB
MemFree:         1447340 kB
MemAvailable:    1527300 kB
Buffers:           25756 kB
Cached:           184296 kB
MemTotal:        1844596 kB
MemFree:         1447180 kB
MemAvailable:    1527140 kB
Buffers:           25756 kB
Cached:           184296 kB
MemTotal:        1844596 kB
MemFree:         1445844 kB
MemAvailable:    1525804 kB
Buffers:           25756 kB
Cached:           184296 kB
MemTotal:        1844596 kB
MemFree:         1446488 kB
MemAvailable:    1526448 kB
Buffers:           25756 kB
Cached:           184296 kB
MemTotal:        1844596 kB
MemFree:         1447048 kB
MemAvailable:    1527008 kB
Buffers:           25756 kB
Cached:           184296 kB
MemTotal:        1844596 kB
MemFree:         1447048 kB
MemAvailable:    1527008 kB
Buffers:           25756 kB
Cached:           184296 kB
MemTotal:        1844596 kB
MemFree:         1447100 kB
MemAvailable:    1527060 kB
Buffers:           25756 kB
Cached:           184296 kB
MemTotal:        1844596 kB
MemFree:         1447240 kB
MemAvailable:    1527200 kB
Buffers:           25756 kB
Cached:           184296 kB
MemTotal:        1844596 kB
MemFree:         1447288 kB
MemAvailable:    1527248 kB
Buffers:           25756 kB
Cached:           184296 kB
MemTotal:        1844596 kB
MemFree:         1447116 kB
MemAvailable:    1527076 kB
Buffers:           25756 kB
Cached:           184296 kB
MemTotal:        1844596 kB
MemFree:         1446372 kB
MemAvailable:    1526332 kB
Buffers:           25756 kB
Cached:           184296 kB
MemTotal:        1844596 kB
MemFree:         1447088 kB
MemAvailable:    1527048 kB
Buffers:           25756 kB
Cached:           184296 kB
MemTotal:        1844596 kB
MemFree:         1447088 kB
MemAvailable:    1527048 kB
Buffers:           25756 kB
Cached:           184296 kB
MemTotal:        1844596 kB
MemFree:         1447020 kB
MemAvailable:    1526980 kB
Buffers:           25756 kB
Cached:           184296 kB
MemTotal:        1844596 kB
MemFree:         1446564 kB
MemAvailable:    1526524 kB
Buffers:           25756 kB
Cached:           184296 kB
MemTotal:        1844596 kB
MemFree:         1447224 kB
MemAvailable:    1527192 kB
Buffers:           25756 kB
Cached:           184304 kB
MemTotal:        1844596 kB
MemFree:         1447308 kB
MemAvailable:    1527276 kB
Buffers:           25756 kB
Cached:           184304 kB
MemTotal:        1844596 kB
MemFree:         1447120 kB
MemAvailable:    1527088 kB
Buffers:           25756 kB
Cached:           184304 kB
MemTotal:        1844596 kB
MemFree:         1445864 kB
MemAvailable:    1525832 kB
Buffers:           25756 kB
Cached:           184304 kB
MemTotal:        1844596 kB
MemFree:         1447172 kB
MemAvailable:    1527140 kB
Buffers:           25756 kB
Cached:           184304 kB
MemTotal:        1844596 kB
MemFree:         1447056 kB
MemAvailable:    1527024 kB
Buffers:           25756 kB
Cached:           184304 kB
MemTotal:        1844596 kB
MemFree:         1447084 kB
MemAvailable:    1527052 kB
Buffers:           25756 kB
Cached:           184304 kB
MemTotal:        1844596 kB
MemFree:         1447168 kB
MemAvailable:    1527136 kB
Buffers:           25756 kB
Cached:           184304 kB
MemTotal:        1844596 kB
MemFree:         1447096 kB
MemAvailable:    1527064 kB
Buffers:           25756 kB
Cached:           184304 kB
MemTotal:        1844596 kB
MemFree:         1447180 kB
MemAvailable:    1527148 kB
Buffers:           25760 kB
Cached:           184300 kB
MemTotal:        1844596 kB
MemFree:         1447056 kB
MemAvailable:    1527024 kB
Buffers:           25764 kB
Cached:           184296 kB
MemTotal:        1844596 kB
MemFree:         1445808 kB
MemAvailable:    1525776 kB
Buffers:           25764 kB
Cached:           184296 kB
MemTotal:        1844596 kB
MemFree:         1447076 kB
MemAvailable:    1527044 kB
Buffers:           25764 kB
Cached:           184296 kB
MemTotal:        1844596 kB
MemFree:         1447328 kB
MemAvailable:    1527296 kB
Buffers:           25764 kB
Cached:           184296 kB
MemTotal:        1844596 kB
MemFree:         1447120 kB
MemAvailable:    1527088 kB
Buffers:           25764 kB
Cached:           184296 kB
MemTotal:        1844596 kB
MemFree:         1447180 kB
MemAvailable:    1527148 kB
Buffers:           25764 kB
Cached:           184296 kB
MemTotal:        1844596 kB
MemFree:         1446248 kB
MemAvailable:    1526216 kB
Buffers:           25764 kB
Cached:           184296 kB
MemTotal:        1844596 kB
MemFree:         1447164 kB
MemAvailable:    1527132 kB
Buffers:           25764 kB
Cached:           184296 kB
MemTotal:        1844596 kB
MemFree:         1447200 kB
MemAvailable:    1527168 kB
Buffers:           25764 kB
Cached:           184296 kB
MemTotal:        1844596 kB
MemFree:         1445828 kB
MemAvailable:    1525808 kB
Buffers:           25764 kB
Cached:           184308 kB
MemTotal:        1844596 kB
MemFree:         1447068 kB
MemAvailable:    1527048 kB
Buffers:           25764 kB
Cached:           184308 kB
MemTotal:        1844596 kB
MemFree:         1446248 kB
MemAvailable:    1526228 kB
Buffers:           25764 kB
Cached:           184308 kB
MemTotal:        1844596 kB
MemFree:         1446992 kB
MemAvailable:    1526972 kB
Buffers:           25764 kB
Cached:           184308 kB
MemTotal:        1844596 kB
MemFree:         1447136 kB
MemAvailable:    1527116 kB
Buffers:           25764 kB
Cached:           184308 kB
MemTotal:        1844596 kB
MemFree:         1445580 kB
MemAvailable:    1525560 kB
Buffers:           25764 kB
Cached:           184308 kB
MemTotal:        1844596 kB
MemFree:         1447244 kB
MemAvailable:    1527224 kB
Buffers:           25764 kB
Cached:           184308 kB
MemTotal:        1844596 kB
MemFree:         1447044 kB
MemAvailable:    1527024 kB
Buffers:           25764 kB
Cached:           184308 kB
MemTotal:        1844596 kB
MemFree:         1447004 kB
MemAvailable:    1526984 kB
Buffers:           25764 kB
Cached:           184308 kB
MemTotal:        1844596 kB
MemFree:         1449904 kB
MemAvailable:    1529884 kB
Buffers:           25764 kB
Cached:           184308 kB
MemTotal:        1844596 kB
MemFree:         1449456 kB
MemAvailable:    1529436 kB
Buffers:           25764 kB
Cached:           184308 kB
MemTotal:        1844596 kB
MemFree:         1449224 kB
MemAvailable:    1529204 kB
Buffers:           25764 kB
Cached:           184308 kB
MemTotal:        1844596 kB
MemFree:         1449196 kB
MemAvailable:    1529176 kB
Buffers:           25764 kB
Cached:           184308 kB
MemTotal:        1844596 kB
MemFree:         1449448 kB
MemAvailable:    1529428 kB
Buffers:           25764 kB
Cached:           184308 kB
MemTotal:        1844596 kB
MemFree:         1449396 kB
MemAvailable:    1529376 kB
Buffers:           25764 kB
Cached:           184308 kB
MemTotal:        1844596 kB
MemFree:         1448088 kB
MemAvailable:    1528068 kB
Buffers:           25764 kB
Cached:           184308 kB
MemTotal:        1844596 kB
MemFree:         1449064 kB
MemAvailable:    1529044 kB
Buffers:           25764 kB
Cached:           184308 kB
MemTotal:        1844596 kB
MemFree:         1449148 kB
MemAvailable:    1529128 kB
Buffers:           25764 kB
Cached:           184308 kB
MemTotal:        1844596 kB
MemFree:         1447796 kB
MemAvailable:    1527776 kB
Buffers:           25764 kB
Cached:           184308 kB
MemTotal:        1844596 kB
MemFree:         1448912 kB
MemAvailable:    1528892 kB
Buffers:           25764 kB
Cached:           184308 kB
MemTotal:        1844596 kB
MemFree:         1448736 kB
MemAvailable:    1528716 kB
Buffers:           25764 kB
Cached:           184308 kB
MemTotal:        1844596 kB
MemFree:         1448804 kB
MemAvailable:    1528784 kB
Buffers:           25764 kB
Cached:           184308 kB
MemTotal:        1844596 kB
MemFree:         1447724 kB
MemAvailable:    1527704 kB
Buffers:           25764 kB
Cached:           184308 kB
MemTotal:        1844596 kB
MemFree:         1449224 kB
MemAvailable:    1529204 kB
Buffers:           25764 kB
Cached:           184308 kB
MemTotal:        1844596 kB
MemFree:         1449656 kB
MemAvailable:    1529636 kB
Buffers:           25764 kB
Cached:           184308 kB
MemTotal:        1844596 kB
MemFree:         1448340 kB
MemAvailable:    1528320 kB
Buffers:           25764 kB
Cached:           184308 kB
MemTotal:        1844596 kB
MemFree:         1449524 kB
MemAvailable:    1529504 kB
Buffers:           25764 kB
Cached:           184308 kB
MemTotal:        1844596 kB
MemFree:         1448232 kB
MemAvailable:    1528212 kB
Buffers:           25764 kB
Cached:           184308 kB
MemTotal:        1844596 kB
MemFree:         1449084 kB
MemAvailable:    1529064 kB
Buffers:           25764 kB
Cached:           184308 kB
MemTotal:        1844596 kB
MemFree:         1448488 kB
MemAvailable:    1528468 kB
Buffers:           25764 kB
Cached:           184308 kB
MemTotal:        1844596 kB
MemFree:         1448928 kB
MemAvailable:    1528908 kB
Buffers:           25764 kB
Cached:           184308 kB
MemTotal:        1844596 kB
MemFree:         1449040 kB
MemAvailable:    1529020 kB
Buffers:           25764 kB
Cached:           184308 kB
MemTotal:        1844596 kB
MemFree:         1447544 kB
MemAvailable:    1527524 kB
Buffers:           25764 kB
Cached:           184308 kB
MemTotal:        1844596 kB
MemFree:         1448852 kB
MemAvailable:    1528832 kB
Buffers:           25764 kB
Cached:           184308 kB
MemTotal:        1844596 kB
MemFree:         1447420 kB
MemAvailable:    1527400 kB
Buffers:           25764 kB
Cached:           184308 kB
MemTotal:        1844596 kB
MemFree:         1447420 kB
MemAvailable:    1527400 kB
Buffers:           25764 kB
Cached:           184308 kB
MemTotal:        1844596 kB
MemFree:         1448820 kB
MemAvailable:    1528800 kB
Buffers:           25764 kB
Cached:           184308 kB
MemTotal:        1844596 kB
MemFree:         1448488 kB
MemAvailable:    1528468 kB
Buffers:           25764 kB
Cached:           184308 kB
MemTotal:        1844596 kB
MemFree:         1448864 kB
MemAvailable:    1528844 kB
Buffers:           25764 kB
Cached:           184308 kB
MemTotal:        1844596 kB
MemFree:         1448776 kB
MemAvailable:    1528756 kB
Buffers:           25764 kB
Cached:           184308 kB
MemTotal:        1844596 kB
MemFree:         1447552 kB
MemAvailable:    1527532 kB
Buffers:           25764 kB
Cached:           184308 kB
MemTotal:        1844596 kB
MemFree:         1453388 kB
MemAvailable:    1533368 kB
Buffers:           25764 kB
Cached:           184308 kB
MemTotal:        1844596 kB
MemFree:         1449968 kB
MemAvailable:    1529948 kB
Buffers:           25764 kB
Cached:           184308 kB
MemTotal:        1844596 kB
MemFree:         1449844 kB
MemAvailable:    1529824 kB
Buffers:           25764 kB
Cached:           184308 kB
MemTotal:        1844596 kB
MemFree:         1449596 kB
MemAvailable:    1529576 kB
Buffers:           25764 kB
Cached:           184308 kB
MemTotal:        1844596 kB
MemFree:         1448100 kB
MemAvailable:    1528080 kB
Buffers:           25764 kB
Cached:           184308 kB
MemTotal:        1844596 kB
MemFree:         1447984 kB
MemAvailable:    1527964 kB
Buffers:           25764 kB
Cached:           184308 kB
MemTotal:        1844596 kB
MemFree:         1449408 kB
MemAvailable:    1529388 kB
Buffers:           25764 kB
Cached:           184308 kB
MemTotal:        1844596 kB
MemFree:         1447860 kB
MemAvailable:    1527840 kB
Buffers:           25764 kB
Cached:           184308 kB
MemTotal:        1844596 kB
MemFree:         1447852 kB
MemAvailable:    1527832 kB
Buffers:           25764 kB
Cached:           184308 kB
MemTotal:        1844596 kB
MemFree:         1448648 kB
MemAvailable:    1528628 kB
Buffers:           25764 kB
Cached:           184308 kB
MemTotal:        1844596 kB
MemFree:         1448480 kB
MemAvailable:    1528460 kB
Buffers:           25764 kB
Cached:           184308 kB
MemTotal:        1844596 kB
MemFree:         1448672 kB
MemAvailable:    1528652 kB
Buffers:           25764 kB
Cached:           184308 kB
MemTotal:        1844596 kB
MemFree:         1447716 kB
MemAvailable:    1527696 kB
Buffers:           25764 kB
Cached:           184308 kB
MemTotal:        1844596 kB
MemFree:         1448784 kB
MemAvailable:    1528764 kB
Buffers:           25764 kB
Cached:           184308 kB
MemTotal:        1844596 kB
MemFree:         1448784 kB
MemAvailable:    1528764 kB
Buffers:           25764 kB
Cached:           184308 kB
MemTotal:        1844596 kB
MemFree:         1447432 kB
MemAvailable:    1527412 kB
Buffers:           25764 kB
Cached:           184308 kB
MemTotal:        1844596 kB
MemFree:         1448864 kB
MemAvailable:    1528844 kB
Buffers:           25764 kB
Cached:           184308 kB
MemTotal:        1844596 kB
MemFree:         1448356 kB
MemAvailable:    1528336 kB
Buffers:           25764 kB
Cached:           184308 kB
MemTotal:        1844596 kB
MemFree:         1448660 kB
MemAvailable:    1528640 kB
Buffers:           25764 kB
Cached:           184308 kB
MemTotal:        1844596 kB
MemFree:         1448660 kB
MemAvailable:    1528640 kB
Buffers:           25764 kB
Cached:           184308 kB
MemTotal:        1844596 kB
MemFree:         1447592 kB
MemAvailable:    1527572 kB
Buffers:           25764 kB
Cached:           184308 kB
MemTotal:        1844596 kB
MemFree:         1448100 kB
MemAvailable:    1528080 kB
Buffers:           25764 kB
Cached:           184308 kB
MemTotal:        1844596 kB
MemFree:         1448568 kB
MemAvailable:    1528548 kB
Buffers:           25764 kB
Cached:           184308 kB
MemTotal:        1844596 kB
MemFree:         1448904 kB
MemAvailable:    1528884 kB
Buffers:           25764 kB
Cached:           184308 kB
MemTotal:        1844596 kB
MemFree:         1447460 kB
MemAvailable:    1527440 kB
Buffers:           25764 kB
Cached:           184308 kB
MemTotal:        1844596 kB
MemFree:         1448720 kB
MemAvailable:    1528700 kB
Buffers:           25764 kB
Cached:           184308 kB
MemTotal:        1844596 kB
MemFree:         1447984 kB
MemAvailable:    1527964 kB
Buffers:           25764 kB
Cached:           184308 kB
MemTotal:        1844596 kB
MemFree:         1448336 kB
MemAvailable:    1528320 kB
Buffers:           25764 kB
Cached:           184312 kB
MemTotal:        1844596 kB
MemFree:         1448920 kB
MemAvailable:    1528904 kB
Buffers:           25764 kB
Cached:           184312 kB
MemTotal:        1844596 kB
MemFree:         1448756 kB
MemAvailable:    1528740 kB
Buffers:           25764 kB
Cached:           184312 kB
MemTotal:        1844596 kB
MemFree:         1447952 kB
MemAvailable:    1527940 kB
Buffers:           25764 kB
Cached:           184316 kB
MemTotal:        1844596 kB
MemFree:         1448544 kB
MemAvailable:    1528532 kB
Buffers:           25764 kB
Cached:           184316 kB
MemTotal:        1844596 kB
MemFree:         1448796 kB
MemAvailable:    1528784 kB
Buffers:           25764 kB
Cached:           184316 kB
MemTotal:        1844596 kB
MemFree:         1448640 kB
MemAvailable:    1528628 kB
Buffers:           25764 kB
Cached:           184316 kB
MemTotal:        1844596 kB
MemFree:         1448892 kB
MemAvailable:    1528880 kB
Buffers:           25764 kB
Cached:           184316 kB
MemTotal:        1844596 kB
MemFree:         1448708 kB
MemAvailable:    1528696 kB
Buffers:           25764 kB
Cached:           184316 kB
MemTotal:        1844596 kB
MemFree:         1447528 kB
MemAvailable:    1527516 kB
Buffers:           25764 kB
Cached:           184316 kB
MemTotal:        1844596 kB
MemFree:         1448752 kB
MemAvailable:    1528740 kB
Buffers:           25764 kB
Cached:           184316 kB
MemTotal:        1844596 kB
MemFree:         1448672 kB
MemAvailable:    1528660 kB
Buffers:           25764 kB
Cached:           184316 kB
MemTotal:        1844596 kB
MemFree:         1448672 kB
MemAvailable:    1528660 kB
Buffers:           25764 kB
Cached:           184316 kB
MemTotal:        1844596 kB
MemFree:         1448696 kB
MemAvailable:    1528684 kB
Buffers:           25764 kB
Cached:           184316 kB
MemTotal:        1844596 kB
MemFree:         1448820 kB
MemAvailable:    1528808 kB
Buffers:           25764 kB
Cached:           184316 kB
MemTotal:        1844596 kB
MemFree:         1448448 kB
MemAvailable:    1528436 kB
Buffers:           25764 kB
Cached:           184316 kB
MemTotal:        1844596 kB
MemFree:         1448508 kB
MemAvailable:    1528496 kB
Buffers:           25764 kB
Cached:           184316 kB
MemTotal:        1844596 kB
MemFree:         1448560 kB
MemAvailable:    1528548 kB
Buffers:           25764 kB
Cached:           184316 kB
MemTotal:        1844596 kB
MemFree:         1447424 kB
MemAvailable:    1527412 kB
Buffers:           25764 kB
Cached:           184316 kB
MemTotal:        1844596 kB
MemFree:         1448716 kB
MemAvailable:    1528704 kB
Buffers:           25764 kB
Cached:           184316 kB
MemTotal:        1844596 kB
MemFree:         1448696 kB
MemAvailable:    1528684 kB
Buffers:           25764 kB
Cached:           184316 kB
MemTotal:        1844596 kB
MemFree:         1447532 kB
MemAvailable:    1527520 kB
Buffers:           25764 kB
Cached:           184316 kB
MemTotal:        1844596 kB
MemFree:         1448708 kB
MemAvailable:    1528696 kB
Buffers:           25764 kB
Cached:           184316 kB
MemTotal:        1844596 kB
MemFree:         1447532 kB
MemAvailable:    1527520 kB
Buffers:           25764 kB
Cached:           184316 kB
MemTotal:        1844596 kB
MemFree:         1448640 kB
MemAvailable:    1528628 kB
Buffers:           25764 kB
Cached:           184316 kB
MemTotal:        1844596 kB
MemFree:         1448640 kB
MemAvailable:    1528628 kB
Buffers:           25764 kB
Cached:           184316 kB
MemTotal:        1844596 kB
MemFree:         1448772 kB
MemAvailable:    1528760 kB
Buffers:           25764 kB
Cached:           184316 kB
MemTotal:        1844596 kB
MemFree:         1448076 kB
MemAvailable:    1528064 kB
Buffers:           25764 kB
Cached:           184316 kB
MemTotal:        1844596 kB
MemFree:         1449068 kB
MemAvailable:    1529056 kB
Buffers:           25764 kB
Cached:           184316 kB
MemTotal:        1844596 kB
MemFree:         1448804 kB
MemAvailable:    1528792 kB
Buffers:           25764 kB
Cached:           184316 kB
MemTotal:        1844596 kB
MemFree:         1448456 kB
MemAvailable:    1528444 kB
Buffers:           25764 kB
Cached:           184316 kB
MemTotal:        1844596 kB
MemFree:         1447572 kB
MemAvailable:    1527560 kB
Buffers:           25764 kB
Cached:           184316 kB
MemTotal:        1844596 kB
MemFree:         1447572 kB
MemAvailable:    1527560 kB
Buffers:           25764 kB
Cached:           184316 kB
MemTotal:        1844596 kB
MemFree:         1448832 kB
MemAvailable:    1528820 kB
Buffers:           25764 kB
Cached:           184316 kB
MemTotal:        1844596 kB
MemFree:         1448892 kB
MemAvailable:    1528880 kB
Buffers:           25764 kB
Cached:           184316 kB
MemTotal:        1844596 kB
MemFree:         1447448 kB
MemAvailable:    1527436 kB
Buffers:           25764 kB
Cached:           184316 kB
MemTotal:        1844596 kB
MemFree:         1447408 kB
MemAvailable:    1527396 kB
Buffers:           25764 kB
Cached:           184316 kB
MemTotal:        1844596 kB
MemFree:         1448748 kB
MemAvailable:    1528736 kB
Buffers:           25764 kB
Cached:           184316 kB
MemTotal:        1844596 kB
MemFree:         1447320 kB
MemAvailable:    1527308 kB
Buffers:           25764 kB
Cached:           184316 kB
MemTotal:        1844596 kB
MemFree:         1447396 kB
MemAvailable:    1527384 kB
Buffers:           25764 kB
Cached:           184316 kB
MemTotal:        1844596 kB
MemFree:         1448500 kB
MemAvailable:    1528488 kB
Buffers:           25764 kB
Cached:           184316 kB
MemTotal:        1844596 kB
MemFree:         1448752 kB
MemAvailable:    1528740 kB
Buffers:           25764 kB
Cached:           184316 kB
MemTotal:        1844596 kB
MemFree:         1448684 kB
MemAvailable:    1528672 kB
Buffers:           25764 kB
Cached:           184316 kB
MemTotal:        1844596 kB
MemFree:         1447644 kB
MemAvailable:    1527632 kB
Buffers:           25764 kB
Cached:           184316 kB
MemTotal:        1844596 kB
MemFree:         1447432 kB
MemAvailable:    1527420 kB
Buffers:           25764 kB
Cached:           184316 kB
MemTotal:        1844596 kB
MemFree:         1447548 kB
MemAvailable:    1527536 kB
Buffers:           25764 kB
Cached:           184316 kB
MemTotal:        1844596 kB
MemFree:         1447400 kB
MemAvailable:    1527388 kB
Buffers:           25764 kB
Cached:           184316 kB
MemTotal:        1844596 kB
MemFree:         1448768 kB
MemAvailable:    1528756 kB
Buffers:           25764 kB
Cached:           184316 kB
MemTotal:        1844596 kB
MemFree:         1448540 kB
MemAvailable:    1528528 kB
Buffers:           25764 kB
Cached:           184316 kB
MemTotal:        1844596 kB
MemFree:         1448876 kB
MemAvailable:    1528864 kB
Buffers:           25764 kB
Cached:           184316 kB
MemTotal:        1844596 kB
MemFree:         1448756 kB
MemAvailable:    1528744 kB
Buffers:           25764 kB
Cached:           184316 kB
MemTotal:        1844596 kB
MemFree:         1448756 kB
MemAvailable:    1528744 kB
Buffers:           25764 kB
Cached:           184316 kB
MemTotal:        1844596 kB
MemFree:         1448564 kB
MemAvailable:    1528552 kB
Buffers:           25764 kB
Cached:           184316 kB
MemTotal:        1844596 kB
MemFree:         1448748 kB
MemAvailable:    1528736 kB
Buffers:           25764 kB
Cached:           184316 kB
MemTotal:        1844596 kB
