MemTotal:        1844596 kB
MemFree:         1494208 kB
MemAvailable:    1576356 kB
Buffers:           26060 kB
Cached:           186056 kB
MemTotal:        1844596 kB
MemFree:         1491844 kB
MemAvailable:    1573992 kB
Buffers:           26060 kB
Cached:           186056 kB
MemTotal:        1844596 kB
MemFree:         1491232 kB
MemAvailable:    1573380 kB
Buffers:           26060 kB
Cached:           186056 kB
MemTotal:        1844596 kB
MemFree:         1490968 kB
MemAvailable:    1573116 kB
Buffers:           26060 kB
Cached:           186056 kB
MemTotal:        1844596 kB
MemFree:         1490968 kB
MemAvailable:    1573116 kB
Buffers:           26060 kB
Cached:           186056 kB
MemTotal:        1844596 kB
MemFree:         1489736 kB
MemAvailable:    1571884 kB
Buffers:           26060 kB
Cached:           186056 kB
MemTotal:        1844596 kB
MemFree:         1489992 kB
MemAvailable:    1572140 kB
Buffers:           26060 kB
Cached:           186056 kB
MemTotal:        1844596 kB
MemFree:         1485744 kB
MemAvailable:    1567892 kB
Buffers:           26060 kB
Cached:           186056 kB
MemTotal:        1844596 kB
MemFree:         1483760 kB
MemAvailable:    1565908 kB
Buffers:           26060 kB
Cached:           186056 kB
MemTotal:        1844596 kB
MemFree:         1480036 kB
MemAvailable:    1562184 kB
Buffers:           26060 kB
Cached:           186056 kB
MemTotal:        1844596 kB
MemFree:         1479788 kB
MemAvailable:    1561936 kB
Buffers:           26060 kB
Cached:           186056 kB
MemTotal:        1844596 kB
MemFree:         1480040 kB
MemAvailable:    1562188 kB
Buffers:           26060 kB
Cached:           186056 kB
MemTotal:        1844596 kB
MemFree:         1480088 kB
MemAvailable:    1562236 kB
Buffers:           26060 kB
Cached:           186056 kB
MemTotal:        1844596 kB
MemFree:         1479800 kB
MemAvailable:    1561948 kB
Buffers:           26060 kB
Cached:           186056 kB
MemTotal:        1844596 kB
MemFree:         1479728 kB
MemAvailable:    1561876 kB
Buffers:           26060 kB
Cached:           186056 kB
MemTotal:        1844596 kB
MemFree:         1479484 kB
MemAvailable:    1561632 kB
Buffers:           26060 kB
Cached:           186056 kB
MemTotal:        1844596 kB
MemFree:         1479580 kB
MemAvailable:    1561728 kB
Buffers:           26060 kB
Cached:           186056 kB
MemTotal:        1844596 kB
MemFree:         1479916 kB
MemAvailable:    1562064 kB
Buffers:           26060 kB
Cached:           186056 kB
MemTotal:        1844596 kB
MemFree:         1478112 kB
MemAvailable:    1560260 kB
Buffers:           26060 kB
Cached:           186056 kB
MemTotal:        1844596 kB
MemFree:         1477740 kB
MemAvailable:    1559888 kB
Buffers:           26060 kB
Cached:           186056 kB
MemTotal:        1844596 kB
MemFree:         1477740 kB
MemAvailable:    1559888 kB
Buffers:           26060 kB
Cached:           186056 kB
MemTotal:        1844596 kB
MemFree:         1477816 kB
MemAvailable:    1559964 kB
Buffers:           26060 kB
Cached:           186056 kB
MemTotal:        1844596 kB
MemFree:         1476384 kB
MemAvailable:    1558532 kB
Buffers:           26060 kB
Cached:           186056 kB
MemTotal:        1844596 kB
MemFree:         1476384 kB
MemAvailable:    1558532 kB
Buffers:           26060 kB
Cached:           186056 kB
MemTotal:        1844596 kB
MemFree:         1477484 kB
MemAvailable:    1559632 kB
Buffers:           26060 kB
Cached:           186056 kB
MemTotal:        1844596 kB
MemFree:         1477300 kB
MemAvailable:    1559448 kB
Buffers:           26060 kB
Cached:           186056 kB
MemTotal:        1844596 kB
MemFree:         1477300 kB
MemAvailable:    1559448 kB
Buffers:           26060 kB
Cached:           186056 kB
MemTotal:        1844596 kB
MemFree:         1476096 kB
MemAvailable:    1558248 kB
Buffers:           26060 kB
Cached:           186060 kB
MemTotal:        1844596 kB
MemFree:         1477272 kB
MemAvailable:    1559424 kB
Buffers:           26060 kB
Cached:           186060 kB
MemTotal:        1844596 kB
MemFree:         1478608 kB
MemAvailable:    1560760 kB
Buffers:           26060 kB
Cached:           186060 kB
MemTotal:        1844596 kB
MemFree:         1478748 kB
MemAvailable:    1560900 kB
Buffers:           26060 kB
Cached:           186060 kB
MemTotal:        1844596 kB
MemFree:         1478172 kB
MemAvailable:    1560324 kB
Buffers:           26060 kB
Cached:           186060 kB
MemTotal:        1844596 kB
MemFree:         1477492 kB
MemAvailable:    1559644 kB
Buffers:           26060 kB
Cached:           186060 kB
MemTotal:        1844596 kB
MemFree:         1475700 kB
MemAvailable:    1557856 kB
Buffers:           26060 kB
Cached:           186064 kB
MemTotal:        1844596 kB
MemFree:         1474888 kB
MemAvailable:    1557044 kB
Buffers:           26060 kB
Cached:           186064 kB
MemTotal:        1844596 kB
MemFree:         1474160 kB
MemAvailable:    1556316 kB
Buffers:           26060 kB
Cached:           186064 kB
MemTotal:        1844596 kB
MemFree:         1474460 kB
MemAvailable:    1556616 kB
Buffers:           26060 kB
Cached:           186064 kB
MemTotal:        1844596 kB
MemFree:         1474004 kB
MemAvailable:    1556160 kB
Buffers:           26060 kB
Cached:           186064 kB
MemTotal:        1844596 kB
MemFree:         1474004 kB
MemAvailable:    1556160 kB
Buffers:           26060 kB
Cached:           186064 kB
MemTotal:        1844596 kB
MemFree:         1473344 kB
MemAvailable:    1555500 kB
Buffers:           26060 kB
Cached:           186064 kB
MemTotal:        1844596 kB
MemFree:         1471912 kB
MemAvailable:    1554068 kB
Buffers:           26060 kB
Cached:           186064 kB
MemTotal:        1844596 kB
MemFree:         1472036 kB
MemAvailable:    1554192 kB
Buffers:           26060 kB
Cached:           186064 kB
MemTotal:        1844596 kB
MemFree:         1473144 kB
MemAvailable:    1555300 kB
Buffers:           26060 kB
Cached:           186064 kB
MemTotal:        1844596 kB
MemFree:         1473396 kB
MemAvailable:    1555552 kB
Buffers:           26060 kB
Cached:           186064 kB
MemTotal:        1844596 kB
MemFree:         1473160 kB
MemAvailable:    1555316 kB
Buffers:           26060 kB
Cached:           186064 kB
MemTotal:        1844596 kB
MemFree:         1472168 kB
MemAvailable:    1554324 kB
Buffers:           26060 kB
Cached:           186064 kB
MemTotal:        1844596 kB
MemFree:         1473040 kB
MemAvailable:    1555196 kB
Buffers:           26060 kB
Cached:           186064 kB
MemTotal:        1844596 kB
MemFree:         1472908 kB
MemAvailable:    1555064 kB
Buffers:           26060 kB
Cached:           186064 kB
MemTotal:        1844596 kB
MemFree:         1471548 kB
MemAvailable:    1553704 kB
Buffers:           26060 kB
Cached:           186064 kB
MemTotal:        1844596 kB
MemFree:         1471292 kB
MemAvailable:    1553448 kB
Buffers:           26060 kB
Cached:           186064 kB
MemTotal:        1844596 kB
MemFree:         1470788 kB
MemAvailable:    1552944 kB
Buffers:           26060 kB
Cached:           186064 kB
MemTotal:        1844596 kB
MemFree:         1471104 kB
MemAvailable:    1553260 kB
Buffers:           26060 kB
Cached:           186064 kB
MemTotal:        1844596 kB
MemFree:         1471104 kB
MemAvailable:    1553260 kB
Buffers:           26060 kB
Cached:           186064 kB
MemTotal:        1844596 kB
MemFree:         1472404 kB
MemAvailable:    1554560 kB
Buffers:           26060 kB
Cached:           186064 kB
MemTotal:        1844596 kB
MemFree:         1472204 kB
MemAvailable:    1554360 kB
Buffers:           26060 kB
Cached:           186064 kB
MemTotal:        1844596 kB
MemFree:         1472212 kB
MemAvailable:    1554368 kB
Buffers:           26060 kB
Cached:           186064 kB
MemTotal:        1844596 kB
MemFree:         1471416 kB
MemAvailable:    1553572 kB
Buffers:           26060 kB
Cached:           186064 kB
MemTotal:        1844596 kB
MemFree:         1471176 kB
MemAvailable:    1553332 kB
Buffers:           26060 kB
Cached:           186064 kB
MemTotal:        1844596 kB
MemFree:         1471300 kB
MemAvailable:    1553456 kB
Buffers:           26060 kB
Cached:           186064 kB
MemTotal:        1844596 kB
MemFree:         1471672 kB
MemAvailable:    1553828 kB
Buffers:           26060 kB
Cached:           186064 kB
MemTotal:        1844596 kB
MemFree:         1472104 kB
MemAvailable:    1554260 kB
Buffers:           26060 kB
Cached:           186064 kB
MemTotal:        1844596 kB
MemFree:         1472028 kB
MemAvailable:    1554184 kB
Buffers:           26060 kB
Cached:           186064 kB
MemTotal:        1844596 kB
MemFree:         1471848 kB
MemAvailable:    1554004 kB
Buffers:           26060 kB
Cached:           186064 kB
MemTotal:        1844596 kB
MemFree:         1470416 kB
MemAvailable:    1552572 kB
Buffers:           26060 kB
Cached:           186064 kB
MemTotal:        1844596 kB
MemFree:         1470284 kB
MemAvailable:    1552440 kB
Buffers:           26060 kB
Cached:           186064 kB
MemTotal:        1844596 kB
MemFree:         1470052 kB
MemAvailable:    1552208 kB
Buffers:           26060 kB
Cached:           186064 kB
MemTotal:        1844596 kB
MemFree:         1471180 kB
MemAvailable:    1553336 kB
Buffers:           26060 kB
Cached:           186064 kB
MemTotal:        1844596 kB
MemFree:         1471224 kB
MemAvailable:    1553380 kB
Buffers:           26060 kB
Cached:           186064 kB
MemTotal:        1844596 kB
MemFree:         1470060 kB
MemAvailable:    1552216 kB
Buffers:           26060 kB
Cached:           186064 kB
MemTotal:        1844596 kB
MemFree:         1471240 kB
MemAvailable:    1553396 kB
Buffers:           26060 kB
Cached:           186064 kB
MemTotal:        1844596 kB
MemFree:         1471060 kB
MemAvailable:    1553216 kB
Buffers:           26060 kB
Cached:           186064 kB
MemTotal:        1844596 kB
MemFree:         1471228 kB
MemAvailable:    1553384 kB
Buffers:           26060 kB
Cached:           186064 kB
MemTotal:        1844596 kB
MemFree:         1470184 kB
MemAvailable:    1552340 kB
Buffers:           26060 kB
Cached:           186064 kB
MemTotal:        1844596 kB
MemFree:         1471120 kB
MemAvailable:    1553276 kB
Buffers:           26060 kB
Cached:           186064 kB
MemTotal:        1844596 kB
MemFree:         1471372 kB
MemAvailable:    1553528 kB
Buffers:           26060 kB
Cached:           186064 kB
MemTotal:        1844596 kB
MemFree:         1470988 kB
MemAvailable:    1553144 kB
Buffers:           26060 kB
Cached:           186064 kB
MemTotal:        1844596 kB
MemFree:         1470804 kB
MemAvailable:    1552960 kB
Buffers:           26060 kB
Cached:           186064 kB
MemTotal:        1844596 kB
MemFree:         1469500 kB
MemAvailable:    1551656 kB
Buffers:           26060 kB
Cached:           186064 kB
MemTotal:        1844596 kB
MemFree:         1468384 kB
MemAvailable:    1550540 kB
Buffers:           26060 kB
Cached:           186064 kB
MemTotal:        1844596 kB
MemFree:         1465844 kB
MemAvailable:    1548000 kB
Buffers:           26060 kB
Cached:           186064 kB
MemTotal:        1844596 kB
MemFree:         1463852 kB
MemAvailable:    1546008 kB
Buffers:           26060 kB
Cached:           186064 kB
MemTotal:        1844596 kB
MemFree:         1463852 kB
MemAvailable:    1546008 kB
Buffers:           26060 kB
Cached:           186064 kB
MemTotal:        1844596 kB
MemFree:         1462232 kB
MemAvailable:    1544388 kB
Buffers:           26060 kB
Cached:           186064 kB
MemTotal:        1844596 kB
MemFree:         1463540 kB
MemAvailable:    1545696 kB
Buffers:           26060 kB
Cached:           186064 kB
MemTotal:        1844596 kB
MemFree:         1462372 kB
MemAvailable:    1544528 kB
Buffers:           26060 kB
Cached:           186064 kB
MemTotal:        1844596 kB
MemFree:         1463612 kB
MemAvailable:    1545772 kB
Buffers:           26060 kB
Cached:           186068 kB
MemTotal:        1844596 kB
MemFree:         1462240 kB
MemAvailable:    1544400 kB
Buffers:           26060 kB
Cached:           186068 kB
MemTotal:        1844596 kB
MemFree:         1463416 kB
MemAvailable:    1545576 kB
Buffers:           26060 kB
Cached:           186068 kB
MemTotal:        1844596 kB
MemFree:         1462240 kB
MemAvailable:    1544400 kB
Buffers:           26060 kB
Cached:           186068 kB
MemTotal:        1844596 kB
MemFree:         1463092 kB
MemAvailable:    1545252 kB
Buffers:           26060 kB
Cached:           186068 kB
MemTotal:        1844596 kB
MemFree:         1462992 kB
MemAvailable:    1545152 kB
Buffers:           26060 kB
Cached:           186068 kB
MemTotal:        1844596 kB
MemFree:         1463280 kB
MemAvailable:    1545440 kB
Buffers:           26060 kB
Cached:           186068 kB
MemTotal:        1844596 kB
MemFree:         1462064 kB
MemAvailable:    1544224 kB
Buffers:           26060 kB
Cached:           186068 kB
MemTotal:        1844596 kB
MemFree:         1463300 kB
MemAvailable:    1545460 kB
Buffers:           26060 kB
Cached:           186068 kB
MemTotal:        1844596 kB
MemFree:         1463304 kB
MemAvailable:    1545464 kB
Buffers:           26060 kB
Cached:           186068 kB
MemTotal:        1844596 kB
MemFree:         1463128 kB
MemAvailable:    1545288 kB
Buffers:           26060 kB
Cached:           186068 kB
MemTotal:        1844596 kB
MemFree:         1461952 kB
MemAvailable:    1544112 kB
Buffers:           26060 kB
Cached:           186068 kB
MemTotal:        1844596 kB
MemFree:         1461988 kB
MemAvailable:    1544148 kB
Buffers:           26060 kB
Cached:           186068 kB
MemTotal:        1844596 kB
MemFree:         1461876 kB
MemAvailable:    1544036 kB
Buffers:           26060 kB
Cached:           186068 kB
MemTotal:        1844596 kB
MemFree:         1462804 kB
MemAvailable:    1544964 kB
Buffers:           26060 kB
Cached:           186068 kB
MemTotal:        1844596 kB
MemFree:         1461132 kB
MemAvailable:    1543292 kB
Buffers:           26060 kB
Cached:           186068 kB
MemTotal:        1844596 kB
MemFree:         1460636 kB
MemAvailable:    1542800 kB
Buffers:           26060 kB
Cached:           186072 kB
MemTotal:        1844596 kB
MemFree:         1461796 kB
MemAvailable:    1543960 kB
Buffers:           26060 kB
Cached:           186072 kB
MemTotal:        1844596 kB
MemFree:         1461860 kB
MemAvailable:    1544024 kB
Buffers:           26060 kB
Cached:           186072 kB
MemTotal:        1844596 kB
MemFree:         1460256 kB
MemAvailable:    1542420 kB
Buffers:           26060 kB
Cached:           186072 kB
MemTotal:        1844596 kB
MemFree:         1460512 kB
MemAvailable:    1542676 kB
Buffers:           26060 kB
Cached:           186072 kB
MemTotal:        1844596 kB
MemFree:         1459272 kB
MemAvailable:    1541436 kB
Buffers:           26060 kB
Cached:           186072 kB
MemTotal:        1844596 kB
MemFree:         1459004 kB
MemAvailable:    1541168 kB
Buffers:           26060 kB
Cached:           186072 kB
MemTotal:        1844596 kB
MemFree:         1458892 kB
MemAvailable:    1541056 kB
Buffers:           26060 kB
Cached:           186072 kB
MemTotal:        1844596 kB
MemFree:         1460068 kB
MemAvailable:    1542232 kB
Buffers:           26060 kB
Cached:           186072 kB
MemTotal:        1844596 kB
MemFree:         1459876 kB
MemAvailable:    1542040 kB
Buffers:           26060 kB
Cached:           186072 kB
MemTotal:        1844596 kB
MemFree:         1458380 kB
MemAvailable:    1540544 kB
Buffers:           26060 kB
Cached:           186072 kB
MemTotal:        1844596 kB
MemFree:         1459356 kB
MemAvailable:    1541520 kB
Buffers:           26060 kB
Cached:           186072 kB
MemTotal:        1844596 kB
MemFree:         1459612 kB
MemAvailable:    1541776 kB
Buffers:           26060 kB
Cached:           186072 kB
MemTotal:        1844596 kB
MemFree:         1458192 kB
MemAvailable:    1540356 kB
Buffers:           26060 kB
Cached:           186072 kB
MemTotal:        1844596 kB
MemFree:         1459316 kB
MemAvailable:    1541480 kB
Buffers:           26060 kB
Cached:           186072 kB
MemTotal:        1844596 kB
MemFree:         1459308 kB
MemAvailable:    1541472 kB
Buffers:           26060 kB
Cached:           186072 kB
MemTotal:        1844596 kB
MemFree:         1459404 kB
MemAvailable:    1541568 kB
Buffers:           26060 kB
Cached:           186072 kB
MemTotal:        1844596 kB
MemFree:         1459388 kB
MemAvailable:    1541552 kB
Buffers:           26060 kB
Cached:           186072 kB
MemTotal:        1844596 kB
MemFree:         1459640 kB
MemAvailable:    1541804 kB
Buffers:           26060 kB
Cached:           186072 kB
MemTotal:        1844596 kB
MemFree:         1459408 kB
MemAvailable:    1541572 kB
Buffers:           26060 kB
Cached:           186072 kB
MemTotal:        1844596 kB
MemFree:         1458144 kB
MemAvailable:    1540308 kB
Buffers:           26060 kB
Cached:           186072 kB
MemTotal:        1844596 kB
MemFree:         1457900 kB
MemAvailable:    1540064 kB
Buffers:           26060 kB
Cached:           186072 kB
MemTotal:        1844596 kB
MemFree:         1459208 kB
MemAvailable:    1541372 kB
Buffers:           26060 kB
Cached:           186072 kB
MemTotal:        1844596 kB
MemFree:         1455304 kB
MemAvailable:    1537468 kB
Buffers:           26060 kB
Cached:           186072 kB
MemTotal:        1844596 kB
MemFree:         1450716 kB
MemAvailable:    1532880 kB
Buffers:           26060 kB
Cached:           186072 kB
MemTotal:        1844596 kB
MemFree:         1451708 kB
MemAvailable:    1533872 kB
Buffers:           26060 kB
Cached:           186072 kB
MemTotal:        1844596 kB
MemFree:         1450336 kB
MemAvailable:    1532500 kB
Buffers:           26060 kB
Cached:           186072 kB
MemTotal:        1844596 kB
MemFree:         1451372 kB
MemAvailable:    1533536 kB
Buffers:           26060 kB
Cached:           186072 kB
MemTotal:        1844596 kB
MemFree:         1450032 kB
MemAvailable:    1532196 kB
Buffers:           26060 kB
Cached:           186072 kB
MemTotal:        1844596 kB
MemFree:         1451332 kB
MemAvailable:    1533496 kB
Buffers:           26060 kB
Cached:           186072 kB
MemTotal:        1844596 kB
MemFree:         1450060 kB
MemAvailable:    1532224 kB
Buffers:           26060 kB
Cached:           186072 kB
MemTotal:        1844596 kB
MemFree:         1449964 kB
MemAvailable:    1532128 kB
Buffers:           26060 kB
Cached:           186072 kB
MemTotal:        1844596 kB
MemFree:         1449236 kB
MemAvailable:    1531400 kB
Buffers:           26060 kB
Cached:           186072 kB
MemTotal:        1844596 kB
MemFree:         1448592 kB
MemAvailable:    1530756 kB
Buffers:           26060 kB
Cached:           186072 kB
MemTotal:        1844596 kB
MemFree:         1449336 kB
MemAvailable:    1531500 kB
Buffers:           26060 kB
Cached:           186072 kB
MemTotal:        1844596 kB
MemFree:         1448988 kB
MemAvailable:    1531152 kB
Buffers:           26060 kB
Cached:           186072 kB
MemTotal:        1844596 kB
MemFree:         1448964 kB
MemAvailable:    1531128 kB
Buffers:           26060 kB
Cached:           186072 kB
MemTotal:        1844596 kB
MemFree:         1448244 kB
MemAvailable:    1530408 kB
Buffers:           26060 kB
Cached:           186072 kB
MemTotal:        1844596 kB
MemFree:         1448460 kB
MemAvailable:    1530624 kB
Buffers:           26060 kB
Cached:           186072 kB
MemTotal:        1844596 kB
MemFree:         1448236 kB
MemAvailable:    1530400 kB
Buffers:           26060 kB
Cached:           186072 kB
MemTotal:        1844596 kB
MemFree:         1448532 kB
MemAvailable:    1530696 kB
Buffers:           26060 kB
Cached:           186072 kB
MemTotal:        1844596 kB
MemFree:         1447348 kB
MemAvailable:    1529512 kB
Buffers:           26060 kB
Cached:           186072 kB
MemTotal:        1844596 kB
MemFree:         1448548 kB
MemAvailable:    1530712 kB
Buffers:           26060 kB
Cached:           186072 kB
MemTotal:        1844596 kB
MemFree:         1448460 kB
MemAvailable:    1530624 kB
Buffers:           26060 kB
Cached:           186072 kB
MemTotal:        1844596 kB
MemFree:         1447172 kB
MemAvailable:    1529336 kB
Buffers:           26060 kB
Cached:           186072 kB
MemTotal:        1844596 kB
MemFree:         1448472 kB
MemAvailable:    1530636 kB
Buffers:           26060 kB
Cached:           186072 kB
MemTotal:        1844596 kB
MemFree:         1448484 kB
MemAvailable:    1530648 kB
Buffers:           26060 kB
Cached:           186072 kB
MemTotal:        1844596 kB
MemFree:         1447732 kB
MemAvailable:    1529896 kB
Buffers:           26060 kB
Cached:           186072 kB
MemTotal:        1844596 kB
MemFree:         1447104 kB
MemAvailable:    1529268 kB
Buffers:           26060 kB
Cached:           186072 kB
MemTotal:        1844596 kB
MemFree:         1448496 kB
MemAvailable:    1530660 kB
Buffers:           26060 kB
Cached:           186072 kB
MemTotal:        1844596 kB
MemFree:         1448420 kB
MemAvailable:    1530584 kB
Buffers:           26060 kB
Cached:           186072 kB
MemTotal:        1844596 kB
MemFree:         1448548 kB
MemAvailable:    1530712 kB
Buffers:           26060 kB
Cached:           186072 kB
MemTotal:        1844596 kB
MemFree:         1448608 kB
MemAvailable:    1530772 kB
Buffers:           26060 kB
Cached:           186072 kB
MemTotal:        1844596 kB
MemFree:         1448352 kB
MemAvailable:    1530516 kB
Buffers:           26060 kB
Cached:           186072 kB
MemTotal:        1844596 kB
MemFree:         1448244 kB
MemAvailable:    1530408 kB
Buffers:           26060 kB
Cached:           186072 kB
MemTotal:        1844596 kB
MemFree:         1448476 kB
MemAvailable:    1530640 kB
Buffers:           26060 kB
Cached:           186072 kB
MemTotal:        1844596 kB
MemFree:         1448560 kB
MemAvailable:    1530724 kB
Buffers:           26060 kB
Cached:           186072 kB
MemTotal:        1844596 kB
MemFree:         1448412 kB
MemAvailable:    1530576 kB
Buffers:           26060 kB
Cached:           186072 kB
MemTotal:        1844596 kB
MemFree:         1447196 kB
MemAvailable:    1529360 kB
Buffers:           26060 kB
Cached:           186072 kB
MemTotal:        1844596 kB
MemFree:         1447100 kB
MemAvailable:    1529264 kB
Buffers:           26060 kB
Cached:           186072 kB
MemTotal:        1844596 kB
MemFree:         1448532 kB
MemAvailable:    1530696 kB
Buffers:           26060 kB
Cached:           186072 kB
MemTotal:        1844596 kB
MemFree:         1446968 kB
MemAvailable:    1529132 kB
Buffers:           26060 kB
Cached:           186072 kB
MemTotal:        1844596 kB
MemFree:         1447184 kB
MemAvailable:    1529348 kB
Buffers:           26060 kB
Cached:           186072 kB
MemTotal:        1844596 kB
MemFree:         1448436 kB
MemAvailable:    1530600 kB
Buffers:           26060 kB
Cached:           186072 kB
MemTotal:        1844596 kB
MemFree:         1448604 kB
MemAvailable:    1530768 kB
Buffers:           26060 kB
Cached:           186072 kB
MemTotal:        1844596 kB
MemFree:         1448344 kB
MemAvailable:    1530512 kB
Buffers:           26060 kB
Cached:           186076 kB
MemTotal:        1844596 kB
MemFree:         1448264 kB
MemAvailable:    1530432 kB
Buffers:           26060 kB
Cached:           186076 kB
MemTotal:        1844596 kB
MemFree:         1447476 kB
MemAvailable:    1529648 kB
Buffers:           26060 kB
Cached:           186080 kB
MemTotal:        1844596 kB
MemFree:         1444376 kB
MemAvailable:    1526548 kB
Buffers:           26060 kB
Cached:           186080 kB
MemTotal:        1844596 kB
MemFree:         1443720 kB
MemAvailable:    1525892 kB
Buffers:           26060 kB
Cached:           186080 kB
MemTotal:        1844596 kB
MemFree:         1444824 kB
MemAvailable:    1526996 kB
Buffers:           26060 kB
Cached:           186080 kB
MemTotal:        1844596 kB
MemFree:         1444700 kB
MemAvailable:    1526872 kB
Buffers:           26060 kB
Cached:           186080 kB
MemTotal:        1844596 kB
MemFree:         1444368 kB
MemAvailable:    1526540 kB
Buffers:           26060 kB
Cached:           186080 kB
MemTotal:        1844596 kB
MemFree:         1444452 kB
MemAvailable:    1526624 kB
Buffers:           26060 kB
Cached:           186080 kB
MemTotal:        1844596 kB
MemFree:         1444128 kB
MemAvailable:    1526300 kB
Buffers:           26060 kB
Cached:           186080 kB
MemTotal:        1844596 kB
MemFree:         1443940 kB
MemAvailable:    1526112 kB
Buffers:           26060 kB
Cached:           186080 kB
MemTotal:        1844596 kB
MemFree:         1444276 kB
MemAvailable:    1526448 kB
Buffers:           26060 kB
Cached:           186080 kB
MemTotal:        1844596 kB
MemFree:         1443640 kB
MemAvailable:    1525812 kB
Buffers:           26060 kB
Cached:           186080 kB
MemTotal:        1844596 kB
MemFree:         1443976 kB
MemAvailable:    1526148 kB
Buffers:           26060 kB
Cached:           186080 kB
MemTotal:        1844596 kB
MemFree:         1443144 kB
MemAvailable:    1525316 kB
Buffers:           26060 kB
Cached:           186080 kB
MemTotal:        1844596 kB
MemFree:         1443160 kB
MemAvailable:    1525332 kB
Buffers:           26060 kB
Cached:           186080 kB
MemTotal:        1844596 kB
MemFree:         1442972 kB
MemAvailable:    1525144 kB
Buffers:           26060 kB
Cached:           186080 kB
MemTotal:        1844596 kB
MemFree:         1442972 kB
MemAvailable:    1525144 kB
Buffers:           26060 kB
Cached:           186080 kB
MemTotal:        1844596 kB
MemFree:         1443040 kB
MemAvailable:    1525212 kB
Buffers:           26060 kB
Cached:           186080 kB
MemTotal:        1844596 kB
MemFree:         1442848 kB
MemAvailable:    1525020 kB
Buffers:           26060 kB
Cached:           186080 kB
MemTotal:        1844596 kB
MemFree:         1441900 kB
MemAvailable:    1524072 kB
Buffers:           26060 kB
Cached:           186080 kB
MemTotal:        1844596 kB
MemFree:         1443028 kB
MemAvailable:    1525200 kB
Buffers:           26060 kB
Cached:           186080 kB
MemTotal:        1844596 kB
MemFree:         1441764 kB
MemAvailable:    1523936 kB
Buffers:           26060 kB
Cached:           186080 kB
MemTotal:        1844596 kB
MemFree:         1443228 kB
MemAvailable:    1525400 kB
Buffers:           26060 kB
Cached:           186080 kB
MemTotal:        1844596 kB
MemFree:         1443032 kB
MemAvailable:    1525204 kB
Buffers:           26060 kB
Cached:           186080 kB
MemTotal:        1844596 kB
MemFree:         1443008 kB
MemAvailable:    1525180 kB
Buffers:           26060 kB
Cached:           186080 kB
MemTotal:        1844596 kB
MemFree:         1442160 kB
MemAvailable:    1524332 kB
Buffers:           26060 kB
Cached:           186080 kB
MemTotal:        1844596 kB
MemFree:         1442716 kB
MemAvailable:    1524888 kB
Buffers:           26060 kB
Cached:           186080 kB
MemTotal:        1844596 kB
MemFree:         1442972 kB
MemAvailable:    1525144 kB
Buffers:           26060 kB
Cached:           186080 kB
MemTotal:        1844596 kB
MemFree:         1442592 kB
MemAvailable:    1524764 kB
Buffers:           26060 kB
Cached:           186080 kB
MemTotal:        1844596 kB
MemFree:         1441344 kB
MemAvailable:    1523516 kB
Buffers:           26060 kB
Cached:           186080 kB
MemTotal:        1844596 kB
MemFree:         1442580 kB
MemAvailable:    1524752 kB
Buffers:           26060 kB
Cached:           186080 kB
MemTotal:        1844596 kB
MemFree:         1442648 kB
MemAvailable:    1524820 kB
Buffers:           26060 kB
Cached:           186080 kB
MemTotal:        1844596 kB
MemFree:         1442568 kB
MemAvailable:    1524740 kB
Buffers:           26060 kB
Cached:           186080 kB
MemTotal:        1844596 kB
MemFree:         1442540 kB
MemAvailable:    1524712 kB
Buffers:           26060 kB
Cached:           186080 kB
MemTotal:        1844596 kB
MemFree:         1441236 kB
MemAvailable:    1523408 kB
Buffers:           26060 kB
Cached:           186080 kB
MemTotal:        1844596 kB
MemFree:         1442668 kB
MemAvailable:    1524840 kB
Buffers:           26060 kB
Cached:           186080 kB
MemTotal:        1844596 kB
MemFree:         1442464 kB
MemAvailable:    1524636 kB
Buffers:           26060 kB
Cached:           186080 kB
MemTotal:        1844596 kB
MemFree:         1442532 kB
MemAvailable:    1524704 kB
Buffers:           26060 kB
Cached:           186080 kB
MemTotal:        1844596 kB
MemFree:         1442704 kB
MemAvailable:    1524876 kB
Buffers:           26060 kB
Cached:           186080 kB
MemTotal:        1844596 kB
MemFree:         1441888 kB
MemAvailable:    1524060 kB
Buffers:           26060 kB
Cached:           186080 kB
MemTotal:        1844596 kB
MemFree:         1442568 kB
MemAvailable:    1524740 kB
Buffers:           26060 kB
Cached:           186080 kB
MemTotal:        1844596 kB
MemFree:         1442568 kB
MemAvailable:    1524740 kB
Buffers:           26060 kB
Cached:           186080 kB
MemTotal:        1844596 kB
MemFree:         1441292 kB
MemAvailable:    1523464 kB
Buffers:           26060 kB
Cached:           186080 kB
MemTotal:        1844596 kB
MemFree:         1441532 kB
MemAvailable:    1523704 kB
Buffers:           26060 kB
Cached:           186080 kB
MemTotal:        1844596 kB
MemFree:         1442716 kB
MemAvailable:    1524888 kB
Buffers:           26060 kB
Cached:           186080 kB
MemTotal:        1844596 kB
MemFree:         1442608 kB
MemAvailable:    1524780 kB
Buffers:           26060 kB
Cached:           186080 kB
MemTotal:        1844596 kB
MemFree:         1441780 kB
MemAvailable:    1523952 kB
Buffers:           26060 kB
Cached:           186080 kB
MemTotal:        1844596 kB
MemFree:         1442464 kB
MemAvailable:    1524636 kB
Buffers:           26060 kB
Cached:           186080 kB
MemTotal:        1844596 kB
MemFree:         1442168 kB
MemAvailable:    1524340 kB
Buffers:           26060 kB
Cached:           186080 kB
MemTotal:        1844596 kB
MemFree:         1441152 kB
MemAvailable:    1523324 kB
Buffers:           26060 kB
Cached:           186080 kB
MemTotal:        1844596 kB
MemFree:         1442352 kB
MemAvailable:    1524524 kB
Buffers:           26060 kB
Cached:           186080 kB
MemTotal:        1844596 kB
MemFree:         1442608 kB
MemAvailable:    1524780 kB
Buffers:           26060 kB
Cached:           186080 kB
MemTotal:        1844596 kB
MemFree:         1442572 kB
MemAvailable:    1524744 kB
Buffers:           26060 kB
Cached:           186080 kB
MemTotal:        1844596 kB
MemFree:         1442532 kB
MemAvailable:    1524704 kB
Buffers:           26060 kB
Cached:           186080 kB
MemTotal:        1844596 kB
MemFree:         1441100 kB
MemAvailable:    1523272 kB
Buffers:           26060 kB
Cached:           186080 kB
MemTotal:        1844596 kB
MemFree:         1442452 kB
MemAvailable:    1524624 kB
Buffers:           26060 kB
Cached:           186080 kB
MemTotal:        1844596 kB
MemFree:         1442452 kB
MemAvailable:    1524624 kB
Buffers:           26060 kB
Cached:           186080 kB
MemTotal:        1844596 kB
MemFree:         1442380 kB
MemAvailable:    1524552 kB
Buffers:           26060 kB
Cached:           186080 kB
MemTotal:        1844596 kB
MemFree:         1442036 kB
MemAvailable:    1524208 kB
Buffers:           26060 kB
Cached:           186080 kB
MemTotal:        1844596 kB
MemFree:         1442380 kB
MemAvailable:    1524552 kB
Buffers:           26060 kB
Cached:           186080 kB
MemTotal:        1844596 kB
MemFree:         1442108 kB
MemAvailable:    1524280 kB
Buffers:           26060 kB
Cached:           186080 kB
MemTotal:        1844596 kB
MemFree:         1442528 kB
MemAvailable:    1524700 kB
Buffers:           26060 kB
Cached:           186080 kB
MemTotal:        1844596 kB
MemFree:         1442468 kB
MemAvailable:    1524640 kB
Buffers:           26072 kB
Cached:           186068 kB
MemTotal:        1844596 kB
MemFree:         1442400 kB
MemAvailable:    1524572 kB
Buffers:           26072 kB
Cached:           186068 kB
MemTotal:        1844596 kB
MemFree:         1442400 kB
MemAvailable:    1524572 kB
Buffers:           26072 kB
Cached:           186068 kB
MemTotal:        1844596 kB
MemFree:         1442544 kB
MemAvailable:    1524716 kB
Buffers:           26072 kB
Cached:           186068 kB
MemTotal:        1844596 kB
MemFree:         1441364 kB
MemAvailable:    1523536 kB
Buffers:           26072 kB
Cached:           186068 kB
MemTotal:        1844596 kB
MemFree:         1442384 kB
MemAvailable:    1524556 kB
Buffers:           26072 kB
Cached:           186068 kB
MemTotal:        1844596 kB
MemFree:         1442640 kB
MemAvailable:    1524812 kB
Buffers:           26072 kB
Cached:           186068 kB
MemTotal:        1844596 kB
MemFree:         1442400 kB
MemAvailable:    1524572 kB
Buffers:           26072 kB
Cached:           186068 kB
MemTotal:        1844596 kB
MemFree:         1442400 kB
MemAvailable:    1524572 kB
Buffers:           26072 kB
Cached:           186068 kB
MemTotal:        1844596 kB
MemFree:         1442544 kB
MemAvailable:    1524716 kB
Buffers:           26072 kB
Cached:           186068 kB
MemTotal:        1844596 kB
MemFree:         1442456 kB
MemAvailable:    1524628 kB
Buffers:           26072 kB
Cached:           186068 kB
MemTotal:        1844596 kB
MemFree:         1441664 kB
MemAvailable:    1523836 kB
Buffers:           26072 kB
Cached:           186068 kB
MemTotal:        1844596 kB
MemFree:         1442492 kB
MemAvailable:    1524688 kB
Buffers:           26072 kB
Cached:           186092 kB
MemTotal:        1844596 kB
MemFree:         1442400 kB
MemAvailable:    1524596 kB
Buffers:           26072 kB
Cached:           186092 kB
MemTotal:        1844596 kB
MemFree:         1442400 kB
MemAvailable:    1524596 kB
Buffers:           26072 kB
Cached:           186092 kB
MemTotal:        1844596 kB
MemFree:         1442376 kB
MemAvailable:    1524572 kB
Buffers:           26072 kB
Cached:           186092 kB
MemTotal:        1844596 kB
MemFree:         1442628 kB
MemAvailable:    1524824 kB
Buffers:           26072 kB
Cached:           186092 kB
MemTotal:        1844596 kB
MemFree:         1441280 kB
MemAvailable:    1523476 kB
Buffers:           26072 kB
Cached:           186092 kB
MemTotal:        1844596 kB
MemFree:         1441156 kB
MemAvailable:    1523352 kB
Buffers:           26072 kB
Cached:           186092 kB
MemTotal:        1844596 kB
MemFree:         1442456 kB
MemAvailable:    1524652 kB
Buffers:           26072 kB
Cached:           186092 kB
MemTotal:        1844596 kB
MemFree:         1442460 kB
MemAvailable:    1524656 kB
Buffers:           26072 kB
Cached:           186092 kB
MemTotal:        1844596 kB
MemFree:         1442460 kB
MemAvailable:    1524656 kB
Buffers:           26072 kB
Cached:           186092 kB
MemTotal:        1844596 kB
MemFree:         1442580 kB
MemAvailable:    1524776 kB
Buffers:           26072 kB
Cached:           186092 kB
MemTotal:        1844596 kB
MemFree:         1442348 kB
MemAvailable:    1524544 kB
Buffers:           26072 kB
Cached:           186092 kB
MemTotal:        1844596 kB
MemFree:         1442604 kB
MemAvailable:    1524800 kB
Buffers:           26072 kB
Cached:           186092 kB
MemTotal:        1844596 kB
MemFree:         1441232 kB
MemAvailable:    1523428 kB
Buffers:           26072 kB
Cached:           186092 kB
MemTotal:        1844596 kB
MemFree:         1442376 kB
MemAvailable:    1524572 kB
Buffers:           26072 kB
Cached:           186092 kB
MemTotal:        1844596 kB
MemFree:         1442628 kB
MemAvailable:    1524824 kB
Buffers:           26072 kB
Cached:           186092 kB
MemTotal:        1844596 kB
MemFree:         1442220 kB
MemAvailable:    1524416 kB
Buffers:           26072 kB
Cached:           186092 kB
MemTotal:        1844596 kB
MemFree:         1442556 kB
MemAvailable:    1524752 kB
Buffers:           26072 kB
Cached:           186092 kB
MemTotal:        1844596 kB
MemFree:         1442408 kB
MemAvailable:    1524604 kB
Buffers:           26072 kB
Cached:           186092 kB
MemTotal:        1844596 kB
MemFree:         1442408 kB
MemAvailable:    1524604 kB
Buffers:           26072 kB
Cached:           186092 kB
MemTotal:        1844596 kB
MemFree:         1441116 kB
MemAvailable:    1523312 kB
Buffers:           26072 kB
Cached:           186092 kB
MemTotal:        1844596 kB
MemFree:         1442536 kB
MemAvailable:    1524732 kB
Buffers:           26072 kB
Cached:           186092 kB
MemTotal:        1844596 kB
MemFree:         1442168 kB
MemAvailable:    1524364 kB
Buffers:           26072 kB
Cached:           186092 kB
MemTotal:        1844596 kB
MemFree:         1442396 kB
MemAvailable:    1524592 kB
Buffers:           26072 kB
Cached:           186092 kB
MemTotal:        1844596 kB
MemFree:         1442732 kB
MemAvailable:    1524928 kB
Buffers:           26072 kB
Cached:           186092 kB
MemTotal:        1844596 kB
MemFree:         1441280 kB
MemAvailable:    1523476 kB
Buffers:           26072 kB
Cached:           186092 kB
MemTotal:        1844596 kB
MemFree:         1442340 kB
MemAvailable:    1524536 kB
Buffers:           26072 kB
Cached:           186092 kB
MemTotal:        1844596 kB
MemFree:         1442592 kB
MemAvailable:    1524788 kB
Buffers:           26072 kB
Cached:           186092 kB
MemTotal:        1844596 kB
MemFree:         1442472 kB
MemAvailable:    1524668 kB
Buffers:           26072 kB
Cached:           186092 kB
MemTotal:        1844596 kB
MemFree:         1442640 kB
MemAvailable:    1524836 kB
Buffers:           26072 kB
Cached:           186092 kB
MemTotal:        1844596 kB
MemFree:         1442220 kB
MemAvailable:    1524416 kB
Buffers:           26072 kB
Cached:           186092 kB
MemTotal:        1844596 kB
MemFree:         1442556 kB
MemAvailable:    1524752 kB
Buffers:           26072 kB
Cached:           186092 kB
MemTotal:        1844596 kB
MemFree:         1442480 kB
MemAvailable:    1524676 kB
Buffers:           26072 kB
Cached:           186092 kB
MemTotal:        1844596 kB
MemFree:         1442384 kB
MemAvailable:    1524580 kB
Buffers:           26072 kB
Cached:           186092 kB
MemTotal:        1844596 kB
MemFree:         1442640 kB
MemAvailable:    1524836 kB
Buffers:           26072 kB
Cached:           186092 kB
MemTotal:        1844596 kB
MemFree:         1441260 kB
MemAvailable:    1523456 kB
Buffers:           26072 kB
Cached:           186092 kB
MemTotal:        1844596 kB
MemFree:         1442352 kB
MemAvailable:    1524548 kB
Buffers:           26072 kB
Cached:           186092 kB
MemTotal:        1844596 kB
MemFree:         1441044 kB
MemAvailable:    1523240 kB
Buffers:           26072 kB
Cached:           186092 kB
MemTotal:        1844596 kB
MemFree:         1442028 kB
MemAvailable:    1524224 kB
Buffers:           26072 kB
Cached:           186092 kB
MemTotal:        1844596 kB
MemFree:         1440928 kB
MemAvailable:    1523124 kB
Buffers:           26072 kB
Cached:           186092 kB
MemTotal:        1844596 kB
MemFree:         1441860 kB
MemAvailable:    1524056 kB
Buffers:           26072 kB
Cached:           186092 kB
MemTotal:        1844596 kB
MemFree:         1442052 kB
MemAvailable:    1524248 kB
Buffers:           26072 kB
Cached:           186092 kB
MemTotal:        1844596 kB
MemFree:         1441920 kB
MemAvailable:    1524116 kB
Buffers:           26072 kB
Cached:           186092 kB
MemTotal:        1844596 kB
MemFree:         1440508 kB
MemAvailable:    1522704 kB
Buffers:           26072 kB
Cached:           186092 kB
MemTotal:        1844596 kB
MemFree:         1440880 kB
MemAvailable:    1523076 kB
Buffers:           26072 kB
Cached:           186092 kB
MemTotal:        1844596 kB
MemFree:         1440632 kB
MemAvailable:    1522828 kB
Buffers:           26072 kB
Cached:           186092 kB
MemTotal:        1844596 kB
MemFree:         1440792 kB
MemAvailable:    1522988 kB
Buffers:           26072 kB
Cached:           186092 kB
MemTotal:        1844596 kB
MemFree:         1440668 kB
MemAvailable:    1522864 kB
Buffers:           26072 kB
Cached:           186092 kB
MemTotal:        1844596 kB
MemFree:         1440916 kB
MemAvailable:    1523112 kB
Buffers:           26072 kB
Cached:           186092 kB
MemTotal:        1844596 kB
MemFree:         1441900 kB
MemAvailable:    1524096 kB
Buffers:           26072 kB
Cached:           186092 kB
MemTotal:        1844596 kB
MemFree:         1442152 kB
MemAvailable:    1524348 kB
Buffers:           26072 kB
Cached:           186092 kB
MemTotal:        1844596 kB
MemFree:         1441740 kB
MemAvailable:    1523936 kB
Buffers:           26072 kB
Cached:           186092 kB
MemTotal:        1844596 kB
MemFree:         1441996 kB
MemAvailable:    1524192 kB
Buffers:           26072 kB
Cached:           186092 kB
MemTotal:        1844596 kB
MemFree:         1440488 kB
MemAvailable:    1522684 kB
Buffers:           26072 kB
Cached:           186092 kB
MemTotal:        1844596 kB
MemFree:         1442056 kB
MemAvailable:    1524252 kB
Buffers:           26072 kB
Cached:           186092 kB
MemTotal:        1844596 kB
MemFree:         1441920 kB
MemAvailable:    1524116 kB
Buffers:           26072 kB
Cached:           186092 kB
MemTotal:        1844596 kB
MemFree:         1441980 kB
MemAvailable:    1524176 kB
Buffers:           26072 kB
Cached:           186092 kB
MemTotal:        1844596 kB
MemFree:         1440476 kB
MemAvailable:    1522672 kB
Buffers:           26072 kB
Cached:           186092 kB
MemTotal:        1844596 kB
MemFree:         1440732 kB
MemAvailable:    1522928 kB
Buffers:           26072 kB
Cached:           186092 kB
MemTotal:        1844596 kB
MemFree:         1441972 kB
MemAvailable:    1524168 kB
Buffers:           26072 kB
Cached:           186092 kB
MemTotal:        1844596 kB
MemFree:         1441836 kB
MemAvailable:    1524032 kB
Buffers:           26072 kB
Cached:           186092 kB
MemTotal:        1844596 kB
MemFree:         1442176 kB
MemAvailable:    1524372 kB
Buffers:           26072 kB
Cached:           186092 kB
MemTotal:        1844596 kB
MemFree:         1441904 kB
MemAvailable:    1524100 kB
Buffers:           26072 kB
Cached:           186092 kB
MemTotal:        1844596 kB
MemFree:         1442156 kB
MemAvailable:    1524352 kB
Buffers:           26072 kB
Cached:           186092 kB
MemTotal:        1844596 kB
MemFree:         1441732 kB
MemAvailable:    1523928 kB
Buffers:           26072 kB
Cached:           186092 kB
MemTotal:        1844596 kB
MemFree:         1441988 kB
MemAvailable:    1524184 kB
Buffers:           26072 kB
Cached:           186092 kB
MemTotal:        1844596 kB
MemFree:         1441844 kB
MemAvailable:    1524040 kB
Buffers:           26072 kB
Cached:           186092 kB
MemTotal:        1844596 kB
MemFree:         1441904 kB
MemAvailable:    1524100 kB
Buffers:           26072 kB
Cached:           186092 kB
MemTotal:        1844596 kB
MemFree:         1441788 kB
MemAvailable:    1523984 kB
Buffers:           26072 kB
Cached:           186092 kB
MemTotal:        1844596 kB
MemFree:         1442124 kB
MemAvailable:    1524320 kB
Buffers:           26072 kB
Cached:           186092 kB
MemTotal:        1844596 kB
MemFree:         1441932 kB
MemAvailable:    1524128 kB
Buffers:           26072 kB
Cached:           186092 kB
MemTotal:        1844596 kB
MemFree:         1441992 kB
MemAvailable:    1524188 kB
Buffers:           26072 kB
Cached:           186092 kB
MemTotal:        1844596 kB
MemFree:         1441848 kB
MemAvailable:    1524044 kB
Buffers:           26072 kB
Cached:           186092 kB
MemTotal:        1844596 kB
MemFree:         1441368 kB
MemAvailable:    1523564 kB
Buffers:           26072 kB
Cached:           186092 kB
MemTotal:        1844596 kB
MemFree:         1442476 kB
MemAvailable:    1524676 kB
Buffers:           26072 kB
Cached:           186096 kB
MemTotal:        1844596 kB
MemFree:         1442160 kB
MemAvailable:    1524360 kB
Buffers:           26072 kB
Cached:           186096 kB
MemTotal:        1844596 kB
MemFree:         1441556 kB
MemAvailable:    1523756 kB
Buffers:           26072 kB
Cached:           186096 kB
MemTotal:        1844596 kB
MemFree:         1441880 kB
MemAvailable:    1524084 kB
Buffers:           26072 kB
Cached:           186100 kB
MemTotal:        1844596 kB
MemFree:         1440680 kB
MemAvailable:    1522884 kB
Buffers:           26072 kB
Cached:           186100 kB
MemTotal:        1844596 kB
MemFree:         1440632 kB
MemAvailable:    1522836 kB
Buffers:           26072 kB
Cached:           186100 kB
MemTotal:        1844596 kB
MemFree:         1441932 kB
MemAvailable:    1524136 kB
Buffers:           26072 kB
Cached:           186100 kB
MemTotal:        1844596 kB
MemFree:         1441548 kB
MemAvailable:    1523752 kB
Buffers:           26072 kB
Cached:           186100 kB
MemTotal:        1844596 kB
MemFree:         1441864 kB
MemAvailable:    1524068 kB
Buffers:           26072 kB
Cached:           186100 kB
MemTotal:        1844596 kB
MemFree:         1442116 kB
MemAvailable:    1524320 kB
Buffers:           26072 kB
Cached:           186100 kB
MemTotal:        1844596 kB
MemFree:         1441732 kB
MemAvailable:    1523936 kB
Buffers:           26072 kB
Cached:           186100 kB
MemTotal:        1844596 kB
MemFree:         1442068 kB
MemAvailable:    1524272 kB
Buffers:           26072 kB
Cached:           186100 kB
MemTotal:        1844596 kB
MemFree:         1441960 kB
MemAvailable:    1524164 kB
Buffers:           26072 kB
Cached:           186100 kB
MemTotal:        1844596 kB
MemFree:         1441728 kB
MemAvailable:    1523932 kB
Buffers:           26072 kB
Cached:           186100 kB
MemTotal:        1844596 kB
MemFree:         1441984 kB
MemAvailable:    1524188 kB
Buffers:           26072 kB
Cached:           186100 kB
MemTotal:        1844596 kB
MemFree:         1441956 kB
MemAvailable:    1524160 kB
Buffers:           26072 kB
Cached:           186100 kB
MemTotal:        1844596 kB
MemFree:         1441548 kB
MemAvailable:    1523752 kB
Buffers:           26072 kB
Cached:           186100 kB
MemTotal:        1844596 kB
MemFree:         1441776 kB
MemAvailable:    1523980 kB
Buffers:           26072 kB
Cached:           186100 kB
MemTotal:        1844596 kB
MemFree:         1441860 kB
MemAvailable:    1524064 kB
Buffers:           26072 kB
Cached:           186100 kB
MemTotal:        1844596 kB
MemFree:         1441656 kB
MemAvailable:    1523860 kB
Buffers:           26072 kB
Cached:           186100 kB
MemTotal:        1844596 kB
MemFree:         1441908 kB
MemAvailable:    1524112 kB
Buffers:           26072 kB
Cached:           186100 kB
MemTotal:        1844596 kB
MemFree:         1440548 kB
MemAvailable:    1522752 kB
Buffers:           26072 kB
Cached:           186100 kB
MemTotal:        1844596 kB
MemFree:         1441880 kB
MemAvailable:    1524084 kB
Buffers:           26072 kB
Cached:           186100 kB
MemTotal:        1844596 kB
MemFree:         1441548 kB
MemAvailable:    1523752 kB
Buffers:           26072 kB
Cached:           186100 kB
MemTotal:        1844596 kB
MemFree:         1441852 kB
MemAvailable:    1524056 kB
Buffers:           26072 kB
Cached:           186100 kB
MemTotal:        1844596 kB
MemFree:         1442052 kB
MemAvailable:    1524256 kB
Buffers:           26072 kB
Cached:           186100 kB
MemTotal:        1844596 kB
MemFree:         1441916 kB
MemAvailable:    1524120 kB
Buffers:           26072 kB
Cached:           186100 kB
MemTotal:        1844596 kB
MemFree:         1440652 kB
MemAvailable:    1522856 kB
Buffers:           26072 kB
Cached:           186100 kB
MemTotal:        1844596 kB
MemFree:         1441940 kB
MemAvailable:    1524144 kB
Buffers:           26072 kB
Cached:           186100 kB
MemTotal:        1844596 kB
MemFree:         1442200 kB
MemAvailable:    1524404 kB
Buffers:           26072 kB
Cached:           186100 kB
MemTotal:        1844596 kB
MemFree:         1440796 kB
MemAvailable:    1523000 kB
Buffers:           26072 kB
Cached:           186100 kB
MemTotal:        1844596 kB
MemFree:         1441748 kB
MemAvailable:    1523952 kB
Buffers:           26072 kB
Cached:           186100 kB
MemTotal:        1844596 kB
MemFree:         1440760 kB
MemAvailable:    1522964 kB
Buffers:           26072 kB
Cached:           186100 kB
MemTotal:        1844596 kB
MemFree:         1440664 kB
MemAvailable:    1522868 kB
Buffers:           26072 kB
Cached:           186100 kB
MemTotal:        1844596 kB
MemFree:         1440632 kB
MemAvailable:    1522836 kB
Buffers:           26072 kB
Cached:           186100 kB
MemTotal:        1844596 kB
MemFree:         1441780 kB
MemAvailable:    1523984 kB
Buffers:           26072 kB
Cached:           186100 kB
MemTotal:        1844596 kB
MemFree:         1441920 kB
MemAvailable:    1524124 kB
Buffers:           26072 kB
Cached:           186100 kB
MemTotal:        1844596 kB
MemFree:         1442156 kB
MemAvailable:    1524360 kB
Buffers:           26072 kB
Cached:           186100 kB
MemTotal:        1844596 kB
MemFree:         1441908 kB
MemAvailable:    1524112 kB
Buffers:           26072 kB
Cached:           186100 kB
MemTotal:        1844596 kB
MemFree:         1440784 kB
MemAvailable:    1522988 kB
Buffers:           26072 kB
Cached:           186100 kB
MemTotal:        1844596 kB
MemFree:         1441044 kB
MemAvailable:    1523248 kB
Buffers:           26072 kB
Cached:           186100 kB
MemTotal:        1844596 kB
MemFree:         1441768 kB
MemAvailable:    1523972 kB
Buffers:           26072 kB
Cached:           186100 kB
MemTotal:        1844596 kB
MemFree:         1442024 kB
MemAvailable:    1524228 kB
Buffers:           26072 kB
Cached:           186100 kB
MemTotal:        1844596 kB
MemFree:         1442144 kB
MemAvailable:    1524348 kB
Buffers:           26072 kB
Cached:           186100 kB
MemTotal:        1844596 kB
MemFree:         1441424 kB
MemAvailable:    1523628 kB
Buffers:           26072 kB
Cached:           186100 kB
MemTotal:        1844596 kB
MemFree:         1441724 kB
MemAvailable:    1523928 kB
Buffers:           26072 kB
Cached:           186100 kB
MemTotal:        1844596 kB
MemFree:         1442060 kB
MemAvailable:    1524264 kB
Buffers:           26072 kB
Cached:           186100 kB
MemTotal:        1844596 kB
MemFree:         1441852 kB
MemAvailable:    1524056 kB
Buffers:           26072 kB
Cached:           186100 kB
MemTotal:        1844596 kB
MemFree:         1442104 kB
MemAvailable:    1524308 kB
Buffers:           26072 kB
Cached:           186100 kB
MemTotal:        1844596 kB
MemFree:         1441740 kB
MemAvailable:    1523944 kB
Buffers:           26072 kB
Cached:           186100 kB
MemTotal:        1844596 kB
MemFree:         1441996 kB
MemAvailable:    1524200 kB
Buffers:           26072 kB
Cached:           186100 kB
MemTotal:        1844596 kB
MemFree:         1440784 kB
MemAvailable:    1522988 kB
Buffers:           26072 kB
Cached:           186100 kB
MemTotal:        1844596 kB
MemFree:         1441968 kB
MemAvailable:    1524172 kB
Buffers:           26072 kB
Cached:           186100 kB
MemTotal:        1844596 kB
MemFree:         1440744 kB
MemAvailable:    1522948 kB
Buffers:           26072 kB
Cached:           186100 kB
MemTotal:        1844596 kB
MemFree:         1442064 kB
MemAvailable:    1524268 kB
Buffers:           26072 kB
Cached:           186100 kB
MemTotal:        1844596 kB
MemFree:         1440604 kB
MemAvailable:    1522808 kB
Buffers:           26072 kB
Cached:           186100 kB
MemTotal:        1844596 kB
MemFree:         1441904 kB
MemAvailable:    1524108 kB
Buffers:           26072 kB
Cached:           186100 kB
MemTotal:        1844596 kB
MemFree:         1441840 kB
MemAvailable:    1524044 kB
Buffers:           26072 kB
Cached:           186100 kB
MemTotal:        1844596 kB
MemFree:         1440640 kB
MemAvailable:    1522844 kB
Buffers:           26072 kB
Cached:           186100 kB
MemTotal:        1844596 kB
MemFree:         1440556 kB
MemAvailable:    1522760 kB
Buffers:           26072 kB
Cached:           186100 kB
MemTotal:        1844596 kB
MemFree:         1441980 kB
MemAvailable:    1524184 kB
Buffers:           26072 kB
Cached:           186100 kB
MemTotal:        1844596 kB
MemFree:         1442060 kB
MemAvailable:    1524264 kB
Buffers:           26072 kB
Cached:           186100 kB
MemTotal:        1844596 kB
MemFree:         1440416 kB
MemAvailable:    1522620 kB
Buffers:           26072 kB
Cached:           186100 kB
MemTotal:        1844596 kB
MemFree:         1441924 kB
MemAvailable:    1524128 kB
Buffers:           26072 kB
Cached:           186100 kB
MemTotal:        1844596 kB
MemFree:         1440660 kB
MemAvailable:    1522864 kB
Buffers:           26072 kB
Cached:           186100 kB
MemTotal:        1844596 kB
MemFree:         1446128 kB
MemAvailable:    1528332 kB
Buffers:           26072 kB
Cached:           186100 kB
MemTotal:        1844596 kB
MemFree:         1446020 kB
MemAvailable:    1528224 kB
Buffers:           26072 kB
Cached:           186100 kB
MemTotal:        1844596 kB
MemFree:         1444524 kB
MemAvailable:    1526728 kB
Buffers:           26072 kB
Cached:           186100 kB
MemTotal:        1844596 kB
MemFree:         1444640 kB
MemAvailable:    1526844 kB
Buffers:           26072 kB
Cached:           186100 kB
MemTotal:        1844596 kB
MemFree:         1444260 kB
MemAvailable:    1526464 kB
Buffers:           26072 kB
Cached:           186100 kB
MemTotal:        1844596 kB
MemFree:         1443292 kB
MemAvailable:    1525496 kB
Buffers:           26072 kB
Cached:           186100 kB
MemTotal:        1844596 kB
MemFree:         1444080 kB
MemAvailable:    1526284 kB
Buffers:           26072 kB
Cached:           186100 kB
MemTotal:        1844596 kB
MemFree:         1442904 kB
MemAvailable:    1525108 kB
Buffers:           26072 kB
Cached:           186100 kB
MemTotal:        1844596 kB
MemFree:         1442772 kB
MemAvailable:    1524976 kB
Buffers:           26072 kB
Cached:           186100 kB
MemTotal:        1844596 kB
MemFree:         1442772 kB
MemAvailable:    1524976 kB
Buffers:           26072 kB
Cached:           186100 kB
MemTotal:        1844596 kB
MemFree:         1442904 kB
MemAvailable:    1525116 kB
Buffers:           26072 kB
Cached:           186108 kB
MemTotal:        1844596 kB
MemFree:         1442656 kB
MemAvailable:    1524868 kB
Buffers:           26072 kB
Cached:           186108 kB
MemTotal:        1844596 kB
MemFree:         1443152 kB
MemAvailable:    1525368 kB
Buffers:           26072 kB
Cached:           186112 kB
MemTotal:        1844596 kB
MemFree:         1442780 kB
MemAvailable:    1524996 kB
Buffers:           26072 kB
Cached:           186112 kB
MemTotal:        1844596 kB
MemFree:         1443888 kB
MemAvailable:    1526104 kB
Buffers:           26072 kB
Cached:           186112 kB
MemTotal:        1844596 kB
MemFree:         1444140 kB
MemAvailable:    1526356 kB
Buffers:           26072 kB
Cached:           186112 kB
MemTotal:        1844596 kB
MemFree:         1443844 kB
MemAvailable:    1526060 kB
Buffers:           26072 kB
Cached:           186112 kB
MemTotal:        1844596 kB
MemFree:         1442764 kB
MemAvailable:    1524980 kB
Buffers:           26072 kB
Cached:           186112 kB
MemTotal:        1844596 kB
MemFree:         1442764 kB
MemAvailable:    1524980 kB
Buffers:           26072 kB
Cached:           186112 kB
MemTotal:        1844596 kB
MemFree:         1443880 kB
MemAvailable:    1526096 kB
Buffers:           26072 kB
Cached:           186112 kB
MemTotal:        1844596 kB
MemFree:         1442592 kB
MemAvailable:    1524808 kB
Buffers:           26072 kB
Cached:           186112 kB
MemTotal:        1844596 kB
MemFree:         1443764 kB
MemAvailable:    1525980 kB
Buffers:           26072 kB
Cached:           186112 kB
MemTotal:        1844596 kB
MemFree:         1443532 kB
MemAvailable:    1525748 kB
Buffers:           26072 kB
Cached:           186112 kB
MemTotal:        1844596 kB
MemFree:         1442476 kB
MemAvailable:    1524692 kB
Buffers:           26072 kB
Cached:           186112 kB
MemTotal:        1844596 kB
MemFree:         1443908 kB
MemAvailable:    1526124 kB
Buffers:           26072 kB
Cached:           186112 kB
MemTotal:        1844596 kB
MemFree:         1442644 kB
MemAvailable:    1524860 kB
Buffers:           26072 kB
Cached:           186112 kB
MemTotal:        1844596 kB
MemFree:         1444004 kB
MemAvailable:    1526220 kB
Buffers:           26072 kB
Cached:           186112 kB
MemTotal:        1844596 kB
MemFree:         1443772 kB
MemAvailable:    1525988 kB
Buffers:           26072 kB
Cached:           186112 kB
MemTotal:        1844596 kB
MemFree:         1443912 kB
MemAvailable:    1526128 kB
Buffers:           26072 kB
Cached:           186112 kB
MemTotal:        1844596 kB
MemFree:         1443724 kB
MemAvailable:    1525940 kB
Buffers:           26072 kB
Cached:           186112 kB
MemTotal:        1844596 kB
MemFree:         1443980 kB
MemAvailable:    1526196 kB
Buffers:           26072 kB
Cached:           186112 kB
MemTotal:        1844596 kB
MemFree:         1444100 kB
MemAvailable:    1526316 kB
Buffers:           26072 kB
Cached:           186112 kB
MemTotal:        1844596 kB
MemFree:         1442644 kB
MemAvailable:    1524860 kB
Buffers:           26072 kB
Cached:           186112 kB
MemTotal:        1844596 kB
MemFree:         1442604 kB
MemAvailable:    1524820 kB
Buffers:           26072 kB
Cached:           186112 kB
MemTotal:        1844596 kB
MemFree:         1443772 kB
MemAvailable:    1525988 kB
Buffers:           26072 kB
Cached:           186112 kB
MemTotal:        1844596 kB
MemFree:         1443292 kB
MemAvailable:    1525508 kB
Buffers:           26072 kB
Cached:           186112 kB
MemTotal:        1844596 kB
MemFree:         1443648 kB
MemAvailable:    1525864 kB
Buffers:           26072 kB
Cached:           186112 kB
MemTotal:        1844596 kB
MemFree:         1442616 kB
MemAvailable:    1524832 kB
Buffers:           26072 kB
Cached:           186112 kB
MemTotal:        1844596 kB
MemFree:         1444056 kB
MemAvailable:    1526272 kB
Buffers:           26072 kB
Cached:           186112 kB
MemTotal:        1844596 kB
MemFree:         1442608 kB
MemAvailable:    1524824 kB
Buffers:           26072 kB
Cached:           186112 kB
MemTotal:        1844596 kB
MemFree:         1443784 kB
MemAvailable:    1526000 kB
Buffers:           26072 kB
Cached:           186112 kB
MemTotal:        1844596 kB
MemFree:         1443904 kB
MemAvailable:    1526120 kB
Buffers:           26072 kB
Cached:           186112 kB
MemTotal:        1844596 kB
MemFree:         1443880 kB
MemAvailable:    1526096 kB
Buffers:           26072 kB
Cached:           186112 kB
MemTotal:        1844596 kB
MemFree:         1442592 kB
MemAvailable:    1524808 kB
Buffers:           26072 kB
Cached:           186112 kB
MemTotal:        1844596 kB
MemFree:         1443640 kB
MemAvailable:    1525856 kB
Buffers:           26072 kB
Cached:           186112 kB
MemTotal:        1844596 kB
MemFree:         1443408 kB
MemAvailable:    1525624 kB
Buffers:           26072 kB
Cached:           186112 kB
MemTotal:        1844596 kB
MemFree:         1443952 kB
MemAvailable:    1526168 kB
Buffers:           26072 kB
Cached:           186112 kB
MemTotal:        1844596 kB
MemFree:         1442644 kB
MemAvailable:    1524860 kB
Buffers:           26072 kB
Cached:           186112 kB
MemTotal:        1844596 kB
MemFree:         1442520 kB
MemAvailable:    1524736 kB
Buffers:           26072 kB
Cached:           186112 kB
MemTotal:        1844596 kB
MemFree:         1443744 kB
MemAvailable:    1525960 kB
Buffers:           26072 kB
Cached:           186112 kB
MemTotal:        1844596 kB
MemFree:         1443828 kB
MemAvailable:    1526044 kB
Buffers:           26072 kB
Cached:           186112 kB
MemTotal:        1844596 kB
MemFree:         1443908 kB
MemAvailable:    1526124 kB
Buffers:           26072 kB
Cached:           186112 kB
MemTotal:        1844596 kB
MemFree:         1443820 kB
MemAvailable:    1526036 kB
Buffers:           26072 kB
Cached:           186112 kB
MemTotal:        1844596 kB
MemFree:         1443036 kB
MemAvailable:    1525252 kB
Buffers:           26072 kB
Cached:           186112 kB
MemTotal:        1844596 kB
MemFree:         1443760 kB
MemAvailable:    1525976 kB
Buffers:           26072 kB
Cached:           186112 kB
MemTotal:        1844596 kB
MemFree:         1444016 kB
MemAvailable:    1526232 kB
Buffers:           26072 kB
Cached:           186112 kB
MemTotal:        1844596 kB
MemFree:         1443640 kB
MemAvailable:    1525856 kB
Buffers:           26072 kB
Cached:           186112 kB
MemTotal:        1844596 kB
MemFree:         1443748 kB
MemAvailable:    1525964 kB
Buffers:           26072 kB
Cached:           186112 kB
MemTotal:        1844596 kB
MemFree:         1443972 kB
MemAvailable:    1526188 kB
Buffers:           26072 kB
Cached:           186112 kB
MemTotal:        1844596 kB
MemFree:         1443784 kB
MemAvailable:    1526000 kB
Buffers:           26072 kB
Cached:           186112 kB
MemTotal:        1844596 kB
MemFree:         1443584 kB
MemAvailable:    1525800 kB
Buffers:           26072 kB
Cached:           186112 kB
MemTotal:        1844596 kB
MemFree:         1443520 kB
MemAvailable:    1525736 kB
Buffers:           26072 kB
Cached:           186112 kB
MemTotal:        1844596 kB
MemFree:         1443708 kB
MemAvailable:    1525924 kB
Buffers:           26072 kB
Cached:           186112 kB
MemTotal:        1844596 kB
MemFree:         1443960 kB
MemAvailable:    1526176 kB
Buffers:           26072 kB
Cached:           186112 kB
MemTotal:        1844596 kB
MemFree:         1443792 kB
MemAvailable:    1526008 kB
Buffers:           26072 kB
Cached:           186112 kB
MemTotal:        1844596 kB
MemFree:         1443912 kB
MemAvailable:    1526128 kB
Buffers:           26072 kB
Cached:           186112 kB
MemTotal:        1844596 kB
MemFree:         1443656 kB
MemAvailable:    1525872 kB
Buffers:           26072 kB
Cached:           186112 kB
MemTotal:        1844596 kB
MemFree:         1442648 kB
MemAvailable:    1524864 kB
Buffers:           26072 kB
Cached:           186112 kB
MemTotal:        1844596 kB
MemFree:         1442772 kB
MemAvailable:    1524988 kB
Buffers:           26072 kB
Cached:           186112 kB
MemTotal:        1844596 kB
MemFree:         1443724 kB
MemAvailable:    1525940 kB
Buffers:           26072 kB
Cached:           186112 kB
MemTotal:        1844596 kB
MemFree:         1443656 kB
MemAvailable:    1525872 kB
Buffers:           26072 kB
Cached:           186112 kB
MemTotal:        1844596 kB
MemFree:         1443592 kB
MemAvailable:    1525808 kB
Buffers:           26072 kB
Cached:           186112 kB
MemTotal:        1844596 kB
MemFree:         1443396 kB
MemAvailable:    1525612 kB
Buffers:           26072 kB
Cached:           186112 kB
MemTotal:        1844596 kB
MemFree:         1443640 kB
MemAvailable:    1525856 kB
Buffers:           26072 kB
Cached:           186112 kB
MemTotal:        1844596 kB
MemFree:         1443036 kB
MemAvailable:    1525252 kB
Buffers:           26072 kB
Cached:           186112 kB
MemTotal:        1844596 kB
MemFree:         1443760 kB
MemAvailable:    1525976 kB
Buffers:           26072 kB
Cached:           186112 kB
MemTotal:        1844596 kB
MemFree:         1444016 kB
MemAvailable:    1526232 kB
Buffers:           26072 kB
Cached:           186112 kB
MemTotal:        1844596 kB
MemFree:         1443640 kB
MemAvailable:    1525856 kB
Buffers:           26072 kB
Cached:           186112 kB
MemTotal:        1844596 kB
MemFree:         1443780 kB
MemAvailable:    1525996 kB
Buffers:           26072 kB
Cached:           186112 kB
MemTotal:        1844596 kB
MemFree:         1443784 kB
MemAvailable:    1526004 kB
Buffers:           26072 kB
Cached:           186116 kB
MemTotal:        1844596 kB
MemFree:         1443640 kB
MemAvailable:    1525864 kB
Buffers:           26072 kB
Cached:           186120 kB
MemTotal:        1844596 kB
MemFree:         1443976 kB
MemAvailable:    1526200 kB
Buffers:           26072 kB
Cached:           186120 kB
MemTotal:        1844596 kB
MemFree:         1443832 kB
MemAvailable:    1526056 kB
Buffers:           26072 kB
Cached:           186120 kB
MemTotal:        1844596 kB
MemFree:         1442616 kB
MemAvailable:    1524840 kB
Buffers:           26072 kB
Cached:           186120 kB
MemTotal:        1844596 kB
MemFree:         1443724 kB
MemAvailable:    1525948 kB
Buffers:           26072 kB
Cached:           186120 kB
MemTotal:        1844596 kB
MemFree:         1443976 kB
MemAvailable:    1526200 kB
Buffers:           26072 kB
Cached:           186120 kB
MemTotal:        1844596 kB
MemFree:         1443764 kB
MemAvailable:    1525988 kB
Buffers:           26072 kB
Cached:           186120 kB
MemTotal:        1844596 kB
MemFree:         1443532 kB
MemAvailable:    1525756 kB
Buffers:           26072 kB
Cached:           186120 kB
MemTotal:        1844596 kB
MemFree:         1443760 kB
MemAvailable:    1525984 kB
Buffers:           26072 kB
Cached:           186120 kB
MemTotal:        1844596 kB
MemFree:         1443664 kB
MemAvailable:    1525888 kB
Buffers:           26072 kB
Cached:           186120 kB
MemTotal:        1844596 kB
MemFree:         1443792 kB
MemAvailable:    1526016 kB
Buffers:           26072 kB
Cached:           186120 kB
MemTotal:        1844596 kB
MemFree:         1443520 kB
MemAvailable:    1525744 kB
Buffers:           26072 kB
Cached:           186120 kB
MemTotal:        1844596 kB
MemFree:         1442520 kB
MemAvailable:    1524744 kB
Buffers:           26072 kB
Cached:           186120 kB
MemTotal:        1844596 kB
MemFree:         1442480 kB
MemAvailable:    1524704 kB
Buffers:           26072 kB
Cached:           186120 kB
MemTotal:        1844596 kB
MemFree:         1442600 kB
MemAvailable:    1524824 kB
Buffers:           26072 kB
Cached:           186120 kB
MemTotal:        1844596 kB
MemFree:         1442512 kB
MemAvailable:    1524736 kB
Buffers:           26072 kB
Cached:           186120 kB
MemTotal:        1844596 kB
MemFree:         1442532 kB
MemAvailable:    1524756 kB
Buffers:           26072 kB
Cached:           186120 kB
MemTotal:        1844596 kB
MemFree:         1443864 kB
MemAvailable:    1526088 kB
Buffers:           26072 kB
Cached:           186120 kB
MemTotal:        1844596 kB
MemFree:         1443904 kB
MemAvailable:    1526128 kB
Buffers:           26072 kB
Cached:           186120 kB
MemTotal:        1844596 kB
MemFree:         1443708 kB
MemAvailable:    1525932 kB
Buffers:           26072 kB
Cached:           186120 kB
MemTotal:        1844596 kB
MemFree:         1443932 kB
MemAvailable:    1526156 kB
Buffers:           26072 kB
Cached:           186120 kB
MemTotal:        1844596 kB
MemFree:         1443840 kB
MemAvailable:    1526064 kB
Buffers:           26072 kB
Cached:           186120 kB
MemTotal:        1844596 kB
MemFree:         1443648 kB
MemAvailable:    1525872 kB
Buffers:           26072 kB
Cached:           186120 kB
MemTotal:        1844596 kB
MemFree:         1443788 kB
MemAvailable:    1526012 kB
Buffers:           26072 kB
Cached:           186120 kB
MemTotal:        1844596 kB
MemFree:         1443792 kB
MemAvailable:    1526016 kB
Buffers:           26072 kB
Cached:           186120 kB
MemTotal:        1844596 kB
MemFree:         1442612 kB
MemAvailable:    1524836 kB
Buffers:           26072 kB
Cached:           186120 kB
MemTotal:        1844596 kB
MemFree:         1443912 kB
MemAvailable:    1526136 kB
Buffers:           26072 kB
Cached:           186120 kB
MemTotal:        1844596 kB
MemFree:         1443168 kB
MemAvailable:    1525392 kB
Buffers:           26072 kB
Cached:           186120 kB
MemTotal:        1844596 kB
MemFree:         1443732 kB
MemAvailable:    1525956 kB
Buffers:           26072 kB
Cached:           186120 kB
MemTotal:        1844596 kB
MemFree:         1442736 kB
MemAvailable:    1524960 kB
Buffers:           26072 kB
Cached:           186120 kB
MemTotal:        1844596 kB
MemFree:         1442612 kB
MemAvailable:    1524836 kB
Buffers:           26072 kB
Cached:           186120 kB
MemTotal:        1844596 kB
MemFree:         1443888 kB
MemAvailable:    1526112 kB
Buffers:           26072 kB
Cached:           186120 kB
MemTotal:        1844596 kB
MemFree:         1443152 kB
MemAvailable:    1525376 kB
Buffers:           26072 kB
Cached:           186120 kB
MemTotal:        1844596 kB
MemFree:         1443760 kB
MemAvailable:    1525984 kB
Buffers:           26072 kB
Cached:           186120 kB
MemTotal:        1844596 kB
MemFree:         1443748 kB
MemAvailable:    1525972 kB
Buffers:           26072 kB
Cached:           186120 kB
MemTotal:        1844596 kB
MemFree:         1443984 kB
MemAvailable:    1526208 kB
Buffers:           26072 kB
Cached:           186120 kB
MemTotal:        1844596 kB
MemFree:         1442532 kB
MemAvailable:    1524756 kB
Buffers:           26072 kB
Cached:           186120 kB
MemTotal:        1844596 kB
MemFree:         1443960 kB
MemAvailable:    1526184 kB
Buffers:           26072 kB
Cached:           186120 kB
MemTotal:        1844596 kB
MemFree:         1443828 kB
MemAvailable:    1526052 kB
Buffers:           26072 kB
Cached:           186120 kB
MemTotal:        1844596 kB
MemFree:         1443780 kB
MemAvailable:    1526004 kB
Buffers:           26072 kB
Cached:           186120 kB
MemTotal:        1844596 kB
MemFree:         1442516 kB
MemAvailable:    1524740 kB
Buffers:           26072 kB
Cached:           186120 kB
MemTotal:        1844596 kB
MemFree:         1442468 kB
MemAvailable:    1524692 kB
Buffers:           26072 kB
Cached:           186120 kB
MemTotal:        1844596 kB
MemFree:         1443708 kB
MemAvailable:    1525932 kB
Buffers:           26072 kB
Cached:           186120 kB
MemTotal:        1844596 kB
MemFree:         1442468 kB
MemAvailable:    1524692 kB
Buffers:           26072 kB
Cached:           186120 kB
MemTotal:        1844596 kB
MemFree:         1442496 kB
MemAvailable:    1524720 kB
Buffers:           26072 kB
Cached:           186120 kB
MemTotal:        1844596 kB
MemFree:         1443780 kB
MemAvailable:    1526004 kB
Buffers:           26072 kB
Cached:           186120 kB
MemTotal:        1844596 kB
MemFree:         1443028 kB
MemAvailable:    1525252 kB
Buffers:           26072 kB
Cached:           186120 kB
MemTotal:        1844596 kB
MemFree:         1443612 kB
MemAvailable:    1525836 kB
Buffers:           26072 kB
Cached:           186120 kB
MemTotal:        1844596 kB
MemFree:         1442520 kB
MemAvailable:    1524744 kB
Buffers:           26072 kB
Cached:           186120 kB
MemTotal:        1844596 kB
MemFree:         1442416 kB
MemAvailable:    1524640 kB
Buffers:           26072 kB
Cached:           186120 kB
MemTotal:        1844596 kB
MemFree:         1443920 kB
MemAvailable:    1526144 kB
Buffers:           26072 kB
Cached:           186120 kB
MemTotal:        1844596 kB
MemFree:         1442540 kB
MemAvailable:    1524764 kB
Buffers:           26072 kB
Cached:           186120 kB
MemTotal:        1844596 kB
MemFree:         1442416 kB
MemAvailable:    1524640 kB
Buffers:           26072 kB
Cached:           186120 kB
MemTotal:        1844596 kB
MemFree:         1442656 kB
MemAvailable:    1524880 kB
Buffers:           26072 kB
Cached:           186120 kB
MemTotal:        1844596 kB
MemFree:         1442492 kB
MemAvailable:    1524716 kB
Buffers:           26072 kB
Cached:           186120 kB
MemTotal:        1844596 kB
MemFree:         1442540 kB
MemAvailable:    1524764 kB
Buffers:           26072 kB
Cached:           186120 kB
MemTotal:        1844596 kB
MemFree:         1442492 kB
MemAvailable:    1524716 kB
Buffers:           26072 kB
Cached:           186120 kB
MemTotal:        1844596 kB
MemFree:         1443608 kB
MemAvailable:    1525832 kB
Buffers:           26072 kB
Cached:           186120 kB
MemTotal:        1844596 kB
MemFree:         1442488 kB
MemAvailable:    1524712 kB
Buffers:           26072 kB
Cached:           186120 kB
MemTotal:        1844596 kB
MemFree:         1443532 kB
MemAvailable:    1525756 kB
Buffers:           26072 kB
Cached:           186120 kB
MemTotal:        1844596 kB
MemFree:         1442408 kB
MemAvailable:    1524632 kB
Buffers:           26072 kB
Cached:           186120 kB
MemTotal:        1844596 kB
MemFree:         1443616 kB
MemAvailable:    1525840 kB
Buffers:           26072 kB
Cached:           186120 kB
MemTotal:        1844596 kB
MemFree:         1442912 kB
MemAvailable:    1525136 kB
Buffers:           26072 kB
Cached:           186120 kB
MemTotal:        1844596 kB
MemFree:         1444216 kB
MemAvailable:    1526444 kB
Buffers:           26072 kB
Cached:           186124 kB
MemTotal:        1844596 kB
MemFree:         1443956 kB
MemAvailable:    1526184 kB
Buffers:           26072 kB
Cached:           186124 kB
MemTotal:        1844596 kB
MemFree:         1442540 kB
MemAvailable:    1524772 kB
Buffers:           26072 kB
Cached:           186128 kB
MemTotal:        1844596 kB
MemFree:         1442368 kB
MemAvailable:    1524600 kB
Buffers:           26072 kB
Cached:           186128 kB
MemTotal:        1844596 kB
MemFree:         1443732 kB
MemAvailable:    1525964 kB
Buffers:           26072 kB
Cached:           186128 kB
MemTotal:        1844596 kB
MemFree:         1443588 kB
MemAvailable:    1525820 kB
Buffers:           26072 kB
Cached:           186128 kB
MemTotal:        1844596 kB
MemFree:         1443036 kB
MemAvailable:    1525268 kB
Buffers:           26072 kB
Cached:           186128 kB
MemTotal:        1844596 kB
MemFree:         1443828 kB
MemAvailable:    1526060 kB
Buffers:           26072 kB
Cached:           186128 kB
MemTotal:        1844596 kB
MemFree:         1443804 kB
MemAvailable:    1526036 kB
Buffers:           26072 kB
Cached:           186128 kB
MemTotal:        1844596 kB
MemFree:         1443656 kB
MemAvailable:    1525888 kB
Buffers:           26072 kB
Cached:           186128 kB
MemTotal:        1844596 kB
MemFree:         1443780 kB
MemAvailable:    1526012 kB
Buffers:           26072 kB
Cached:           186128 kB
MemTotal:        1844596 kB
MemFree:         1442616 kB
MemAvailable:    1524848 kB
Buffers:           26072 kB
Cached:           186128 kB
MemTotal:        1844596 kB
MemFree:         1443516 kB
MemAvailable:    1525832 kB
Buffers:           26072 kB
Cached:           186252 kB
MemTotal:        1844596 kB
MemFree:         1443664 kB
MemAvailable:    1525980 kB
Buffers:           26072 kB
Cached:           186252 kB
MemTotal:        1844596 kB
MemFree:         1443268 kB
MemAvailable:    1525752 kB
Buffers:           26072 kB
Cached:           186376 kB
MemTotal:        1844596 kB
MemFree:         1443416 kB
MemAvailable:    1525900 kB
Buffers:           26072 kB
Cached:           186376 kB
MemTotal:        1844596 kB
MemFree:         1443012 kB
MemAvailable:    1525664 kB
Buffers:           26072 kB
Cached:           186624 kB
MemTotal:        1844596 kB
MemFree:         1443348 kB
MemAvailable:    1526000 kB
Buffers:           26072 kB
Cached:           186624 kB
MemTotal:        1844596 kB
MemFree:         1442888 kB
MemAvailable:    1525708 kB
Buffers:           26072 kB
Cached:           186624 kB
MemTotal:        1844596 kB
MemFree:         1443144 kB
MemAvailable:    1525964 kB
Buffers:           26072 kB
Cached:           186624 kB
MemTotal:        1844596 kB
MemFree:         1442824 kB
MemAvailable:    1525644 kB
Buffers:           26072 kB
Cached:           186748 kB
MemTotal:        1844596 kB
MemFree:         1442824 kB
MemAvailable:    1525644 kB
Buffers:           26072 kB
Cached:           186748 kB
MemTotal:        1844596 kB
MemFree:         1442724 kB
MemAvailable:    1525544 kB
Buffers:           26072 kB
Cached:           186748 kB
MemTotal:        1844596 kB
MemFree:         1443060 kB
MemAvailable:    1525880 kB
Buffers:           26072 kB
Cached:           186748 kB
MemTotal:        1844596 kB
MemFree:         1441608 kB
MemAvailable:    1524428 kB
Buffers:           26072 kB
Cached:           186748 kB
MemTotal:        1844596 kB
MemFree:         1442976 kB
MemAvailable:    1525796 kB
Buffers:           26072 kB
Cached:           186748 kB
MemTotal:        1844596 kB
MemFree:         1443144 kB
MemAvailable:    1525964 kB
Buffers:           26072 kB
Cached:           186748 kB
MemTotal:        1844596 kB
MemFree:         1442540 kB
MemAvailable:    1524856 kB
Buffers:           26072 kB
Cached:           186116 kB
MemTotal:        1844596 kB
MemFree:         1484868 kB
MemAvailable:    1567100 kB
Buffers:           26072 kB
Cached:           186116 kB
