MemTotal:        1844596 kB
MemFree:         1446964 kB
MemAvailable:    1572996 kB
Buffers:           32432 kB
Cached:           223580 kB
MemTotal:        1844596 kB
MemFree:         1445088 kB
MemAvailable:    1571120 kB
Buffers:           32432 kB
Cached:           223580 kB
MemTotal:        1844596 kB
MemFree:         1443848 kB
MemAvailable:    1569880 kB
Buffers:           32432 kB
Cached:           223580 kB
MemTotal:        1844596 kB
MemFree:         1444236 kB
MemAvailable:    1570268 kB
Buffers:           32432 kB
Cached:           223580 kB
MemTotal:        1844596 kB
MemFree:         1443120 kB
MemAvailable:    1569152 kB
Buffers:           32432 kB
Cached:           223580 kB
MemTotal:        1844596 kB
MemFree:         1444072 kB
MemAvailable:    1570108 kB
Buffers:           32432 kB
Cached:           223584 kB
MemTotal:        1844596 kB
MemFree:         1442036 kB
MemAvailable:    1568072 kB
Buffers:           32432 kB
Cached:           223584 kB
MemTotal:        1844596 kB
MemFree:         1439424 kB
MemAvailable:    1565460 kB
Buffers:           32432 kB
Cached:           223584 kB
MemTotal:        1844596 kB
MemFree:         1439308 kB
MemAvailable:    1565344 kB
Buffers:           32432 kB
Cached:           223584 kB
MemTotal:        1844596 kB
MemFree:         1433100 kB
MemAvailable:    1559136 kB
Buffers:           32432 kB
Cached:           223584 kB
MemTotal:        1844596 kB
MemFree:         1433100 kB
MemAvailable:    1559136 kB
Buffers:           32432 kB
Cached:           223584 kB
MemTotal:        1844596 kB
MemFree:         1433976 kB
MemAvailable:    1560012 kB
Buffers:           32432 kB
Cached:           223584 kB
MemTotal:        1844596 kB
MemFree:         1434224 kB
MemAvailable:    1560260 kB
Buffers:           32432 kB
Cached:           223584 kB
MemTotal:        1844596 kB
MemFree:         1432852 kB
MemAvailable:    1558888 kB
Buffers:           32432 kB
Cached:           223584 kB
MemTotal:        1844596 kB
MemFree:         1434092 kB
MemAvailable:    1560128 kB
Buffers:           32432 kB
Cached:           223584 kB
MemTotal:        1844596 kB
MemFree:         1434092 kB
MemAvailable:    1560128 kB
Buffers:           32432 kB
Cached:           223584 kB
MemTotal:        1844596 kB
MemFree:         1432108 kB
MemAvailable:    1558144 kB
Buffers:           32432 kB
Cached:           223584 kB
MemTotal:        1844596 kB
MemFree:         1431744 kB
MemAvailable:    1557780 kB
Buffers:           32432 kB
Cached:           223584 kB
MemTotal:        1844596 kB
MemFree:         1432240 kB
MemAvailable:    1558276 kB
Buffers:           32432 kB
Cached:           223584 kB
MemTotal:        1844596 kB
MemFree:         1430636 kB
MemAvailable:    1556676 kB
Buffers:           32432 kB
Cached:           223584 kB
MemTotal:        1844596 kB
MemFree:         1430628 kB
MemAvailable:    1556668 kB
Buffers:           32432 kB
Cached:           223584 kB
MemTotal:        1844596 kB
MemFree:         1431736 kB
MemAvailable:    1557776 kB
Buffers:           32432 kB
Cached:           223584 kB
MemTotal:        1844596 kB
MemFree:         1431124 kB
MemAvailable:    1557164 kB
Buffers:           32432 kB
Cached:           223584 kB
MemTotal:        1844596 kB
MemFree:         1431792 kB
MemAvailable:    1557832 kB
Buffers:           32432 kB
Cached:           223584 kB
MemTotal:        1844596 kB
MemFree:         1430876 kB
MemAvailable:    1556916 kB
Buffers:           32432 kB
Cached:           223584 kB
MemTotal:        1844596 kB
MemFree:         1431468 kB
MemAvailable:    1557508 kB
Buffers:           32432 kB
Cached:           223584 kB
MemTotal:        1844596 kB
MemFree:         1431804 kB
MemAvailable:    1557844 kB
Buffers:           32432 kB
Cached:           223584 kB
MemTotal:        1844596 kB
MemFree:         1432932 kB
MemAvailable:    1558972 kB
Buffers:           32432 kB
Cached:           223584 kB
MemTotal:        1844596 kB
MemFree:         1433184 kB
MemAvailable:    1559224 kB
Buffers:           32432 kB
Cached:           223584 kB
MemTotal:        1844596 kB
MemFree:         1431724 kB
MemAvailable:    1557764 kB
Buffers:           32432 kB
Cached:           223584 kB
MemTotal:        1844596 kB
MemFree:         1431000 kB
MemAvailable:    1557040 kB
Buffers:           32432 kB
Cached:           223584 kB
MemTotal:        1844596 kB
MemFree:         1428768 kB
MemAvailable:    1554808 kB
Buffers:           32432 kB
Cached:           223584 kB
MemTotal:        1844596 kB
MemFree:         1429124 kB
MemAvailable:    1555164 kB
Buffers:           32432 kB
Cached:           223584 kB
MemTotal:        1844596 kB
MemFree:         1429124 kB
MemAvailable:    1555164 kB
Buffers:           32432 kB
Cached:           223584 kB
MemTotal:        1844596 kB
MemFree:         1427528 kB
MemAvailable:    1553568 kB
Buffers:           32432 kB
Cached:           223584 kB
MemTotal:        1844596 kB
MemFree:         1427280 kB
MemAvailable:    1553320 kB
Buffers:           32432 kB
Cached:           223584 kB
MemTotal:        1844596 kB
MemFree:         1427644 kB
MemAvailable:    1553684 kB
Buffers:           32432 kB
Cached:           223584 kB
MemTotal:        1844596 kB
MemFree:         1427536 kB
MemAvailable:    1553576 kB
Buffers:           32432 kB
Cached:           223584 kB
MemTotal:        1844596 kB
MemFree:         1426232 kB
MemAvailable:    1552272 kB
Buffers:           32432 kB
Cached:           223584 kB
MemTotal:        1844596 kB
MemFree:         1426232 kB
MemAvailable:    1552272 kB
Buffers:           32432 kB
Cached:           223584 kB
MemTotal:        1844596 kB
MemFree:         1426612 kB
MemAvailable:    1552652 kB
Buffers:           32432 kB
Cached:           223584 kB
MemTotal:        1844596 kB
MemFree:         1426356 kB
MemAvailable:    1552396 kB
Buffers:           32432 kB
Cached:           223584 kB
MemTotal:        1844596 kB
MemFree:         1427640 kB
MemAvailable:    1553680 kB
Buffers:           32432 kB
Cached:           223584 kB
MemTotal:        1844596 kB
MemFree:         1427588 kB
MemAvailable:    1553628 kB
Buffers:           32432 kB
Cached:           223584 kB
MemTotal:        1844596 kB
MemFree:         1425536 kB
MemAvailable:    1551576 kB
Buffers:           32432 kB
Cached:           223584 kB
MemTotal:        1844596 kB
MemFree:         1426340 kB
MemAvailable:    1552380 kB
Buffers:           32432 kB
Cached:           223584 kB
MemTotal:        1844596 kB
MemFree:         1426456 kB
MemAvailable:    1552496 kB
Buffers:           32432 kB
Cached:           223584 kB
MemTotal:        1844596 kB
MemFree:         1425272 kB
MemAvailable:    1551312 kB
Buffers:           32432 kB
Cached:           223584 kB
MemTotal:        1844596 kB
MemFree:         1426572 kB
MemAvailable:    1552612 kB
Buffers:           32432 kB
Cached:           223584 kB
MemTotal:        1844596 kB
MemFree:         1425224 kB
MemAvailable:    1551264 kB
Buffers:           32432 kB
Cached:           223584 kB
MemTotal:        1844596 kB
MemFree:         1426500 kB
MemAvailable:    1552540 kB
Buffers:           32432 kB
Cached:           223584 kB
MemTotal:        1844596 kB
MemFree:         1426048 kB
MemAvailable:    1552088 kB
Buffers:           32432 kB
Cached:           223584 kB
MemTotal:        1844596 kB
MemFree:         1425032 kB
MemAvailable:    1551072 kB
Buffers:           32432 kB
Cached:           223584 kB
MemTotal:        1844596 kB
MemFree:         1426548 kB
MemAvailable:    1552588 kB
Buffers:           32432 kB
Cached:           223584 kB
MemTotal:        1844596 kB
MemFree:         1426476 kB
MemAvailable:    1552516 kB
Buffers:           32432 kB
Cached:           223584 kB
MemTotal:        1844596 kB
MemFree:         1426644 kB
MemAvailable:    1552684 kB
Buffers:           32432 kB
Cached:           223584 kB
MemTotal:        1844596 kB
MemFree:         1426528 kB
MemAvailable:    1552568 kB
Buffers:           32432 kB
Cached:           223584 kB
MemTotal:        1844596 kB
MemFree:         1426520 kB
MemAvailable:    1552560 kB
Buffers:           32432 kB
Cached:           223584 kB
MemTotal:        1844596 kB
MemFree:         1424792 kB
MemAvailable:    1550832 kB
Buffers:           32432 kB
Cached:           223584 kB
MemTotal:        1844596 kB
MemFree:         1425976 kB
MemAvailable:    1552016 kB
Buffers:           32432 kB
Cached:           223584 kB
MemTotal:        1844596 kB
MemFree:         1425844 kB
MemAvailable:    1551884 kB
Buffers:           32432 kB
Cached:           223584 kB
MemTotal:        1844596 kB
MemFree:         1424412 kB
MemAvailable:    1550452 kB
Buffers:           32432 kB
Cached:           223584 kB
MemTotal:        1844596 kB
MemFree:         1424412 kB
MemAvailable:    1550452 kB
Buffers:           32432 kB
Cached:           223584 kB
MemTotal:        1844596 kB
MemFree:         1424240 kB
MemAvailable:    1550280 kB
Buffers:           32432 kB
Cached:           223584 kB
MemTotal:        1844596 kB
MemFree:         1424276 kB
MemAvailable:    1550316 kB
Buffers:           32432 kB
Cached:           223584 kB
MemTotal:        1844596 kB
MemFree:         1424484 kB
MemAvailable:    1550524 kB
Buffers:           32432 kB
Cached:           223584 kB
MemTotal:        1844596 kB
MemFree:         1425456 kB
MemAvailable:    1551496 kB
Buffers:           32432 kB
Cached:           223584 kB
MemTotal:        1844596 kB
MemFree:         1425624 kB
MemAvailable:    1551664 kB
Buffers:           32432 kB
Cached:           223584 kB
MemTotal:        1844596 kB
MemFree:         1425364 kB
MemAvailable:    1551404 kB
Buffers:           32432 kB
Cached:           223584 kB
MemTotal:        1844596 kB
MemFree:         1424236 kB
MemAvailable:    1550276 kB
Buffers:           32432 kB
Cached:           223584 kB
MemTotal:        1844596 kB
MemFree:         1425480 kB
MemAvailable:    1551520 kB
Buffers:           32432 kB
Cached:           223584 kB
MemTotal:        1844596 kB
MemFree:         1423560 kB
MemAvailable:    1549600 kB
Buffers:           32432 kB
Cached:           223584 kB
MemTotal:        1844596 kB
MemFree:         1421140 kB
MemAvailable:    1547180 kB
Buffers:           32432 kB
Cached:           223584 kB
MemTotal:        1844596 kB
MemFree:         1417228 kB
MemAvailable:    1543268 kB
Buffers:           32432 kB
Cached:           223584 kB
MemTotal:        1844596 kB
MemFree:         1418104 kB
MemAvailable:    1544144 kB
Buffers:           32432 kB
Cached:           223584 kB
MemTotal:        1844596 kB
MemFree:         1416608 kB
MemAvailable:    1542648 kB
Buffers:           32432 kB
Cached:           223584 kB
MemTotal:        1844596 kB
MemFree:         1417792 kB
MemAvailable:    1543832 kB
Buffers:           32432 kB
Cached:           223584 kB
MemTotal:        1844596 kB
MemFree:         1416308 kB
MemAvailable:    1542348 kB
Buffers:           32432 kB
Cached:           223584 kB
MemTotal:        1844596 kB
MemFree:         1416312 kB
MemAvailable:    1542352 kB
Buffers:           32432 kB
Cached:           223584 kB
MemTotal:        1844596 kB
MemFree:         1417544 kB
MemAvailable:    1543584 kB
Buffers:           32432 kB
Cached:           223584 kB
MemTotal:        1844596 kB
MemFree:         1416480 kB
MemAvailable:    1542520 kB
Buffers:           32432 kB
Cached:           223584 kB
MemTotal:        1844596 kB
MemFree:         1417548 kB
MemAvailable:    1543588 kB
Buffers:           32432 kB
Cached:           223584 kB
MemTotal:        1844596 kB
MemFree:         1417664 kB
MemAvailable:    1543704 kB
Buffers:           32432 kB
Cached:           223584 kB
MemTotal:        1844596 kB
MemFree:         1417644 kB
MemAvailable:    1543684 kB
Buffers:           32432 kB
Cached:           223584 kB
MemTotal:        1844596 kB
MemFree:         1417560 kB
MemAvailable:    1543600 kB
Buffers:           32432 kB
Cached:           223584 kB
MemTotal:        1844596 kB
MemFree:         1417816 kB
MemAvailable:    1543856 kB
Buffers:           32432 kB
Cached:           223584 kB
MemTotal:        1844596 kB
MemFree:         1416312 kB
MemAvailable:    1542352 kB
Buffers:           32432 kB
Cached:           223584 kB
MemTotal:        1844596 kB
MemFree:         1417592 kB
MemAvailable:    1543632 kB
Buffers:           32432 kB
Cached:           223584 kB
MemTotal:        1844596 kB
MemFree:         1416988 kB
MemAvailable:    1543028 kB
Buffers:           32432 kB
Cached:           223584 kB
MemTotal:        1844596 kB
MemFree:         1416972 kB
MemAvailable:    1543012 kB
Buffers:           32432 kB
Cached:           223584 kB
MemTotal:        1844596 kB
MemFree:         1416864 kB
MemAvailable:    1542904 kB
Buffers:           32432 kB
Cached:           223584 kB
MemTotal:        1844596 kB
MemFree:         1415560 kB
MemAvailable:    1541600 kB
Buffers:           32432 kB
Cached:           223584 kB
MemTotal:        1844596 kB
MemFree:         1416360 kB
MemAvailable:    1542412 kB
Buffers:           32432 kB
Cached:           223596 kB
MemTotal:        1844596 kB
MemFree:         1416360 kB
MemAvailable:    1542412 kB
Buffers:           32432 kB
Cached:           223596 kB
MemTotal:        1844596 kB
MemFree:         1414616 kB
MemAvailable:    1540668 kB
Buffers:           32432 kB
Cached:           223596 kB
MemTotal:        1844596 kB
MemFree:         1415924 kB
MemAvailable:    1541976 kB
Buffers:           32432 kB
Cached:           223596 kB
MemTotal:        1844596 kB
MemFree:         1413632 kB
MemAvailable:    1539684 kB
Buffers:           32432 kB
Cached:           223596 kB
MemTotal:        1844596 kB
MemFree:         1414740 kB
MemAvailable:    1540792 kB
Buffers:           32432 kB
Cached:           223596 kB
MemTotal:        1844596 kB
MemFree:         1413996 kB
MemAvailable:    1540048 kB
Buffers:           32432 kB
Cached:           223596 kB
MemTotal:        1844596 kB
MemFree:         1413888 kB
MemAvailable:    1539940 kB
Buffers:           32432 kB
Cached:           223596 kB
MemTotal:        1844596 kB
MemFree:         1412752 kB
MemAvailable:    1538804 kB
Buffers:           32432 kB
Cached:           223596 kB
MemTotal:        1844596 kB
MemFree:         1414312 kB
MemAvailable:    1540364 kB
Buffers:           32432 kB
Cached:           223596 kB
MemTotal:        1844596 kB
MemFree:         1413928 kB
MemAvailable:    1539980 kB
Buffers:           32432 kB
Cached:           223596 kB
MemTotal:        1844596 kB
MemFree:         1412496 kB
MemAvailable:    1538548 kB
Buffers:           32432 kB
Cached:           223596 kB
MemTotal:        1844596 kB
MemFree:         1412316 kB
MemAvailable:    1538368 kB
Buffers:           32432 kB
Cached:           223596 kB
MemTotal:        1844596 kB
MemFree:         1412360 kB
MemAvailable:    1538412 kB
Buffers:           32432 kB
Cached:           223596 kB
MemTotal:        1844596 kB
MemFree:         1413600 kB
MemAvailable:    1539652 kB
Buffers:           32432 kB
Cached:           223596 kB
MemTotal:        1844596 kB
MemFree:         1412608 kB
MemAvailable:    1538660 kB
Buffers:           32432 kB
Cached:           223596 kB
MemTotal:        1844596 kB
MemFree:         1412608 kB
MemAvailable:    1538660 kB
Buffers:           32432 kB
Cached:           223596 kB
MemTotal:        1844596 kB
MemFree:         1413908 kB
MemAvailable:    1539960 kB
Buffers:           32432 kB
Cached:           223596 kB
MemTotal:        1844596 kB
MemFree:         1413588 kB
MemAvailable:    1539640 kB
Buffers:           32432 kB
Cached:           223596 kB
MemTotal:        1844596 kB
MemFree:         1413260 kB
MemAvailable:    1539312 kB
Buffers:           32432 kB
Cached:           223596 kB
MemTotal:        1844596 kB
MemFree:         1411888 kB
MemAvailable:    1537940 kB
Buffers:           32432 kB
Cached:           223596 kB
MemTotal:        1844596 kB
MemFree:         1411840 kB
MemAvailable:    1537892 kB
Buffers:           32432 kB
Cached:           223596 kB
MemTotal:        1844596 kB
MemFree:         1406200 kB
MemAvailable:    1532252 kB
Buffers:           32432 kB
Cached:           223596 kB
MemTotal:        1844596 kB
MemFree:         1405888 kB
MemAvailable:    1531940 kB
Buffers:           32432 kB
Cached:           223596 kB
MemTotal:        1844596 kB
MemFree:         1404540 kB
MemAvailable:    1530592 kB
Buffers:           32432 kB
Cached:           223596 kB
MemTotal:        1844596 kB
MemFree:         1405960 kB
MemAvailable:    1532012 kB
Buffers:           32432 kB
Cached:           223596 kB
MemTotal:        1844596 kB
MemFree:         1405904 kB
MemAvailable:    1531956 kB
Buffers:           32432 kB
Cached:           223596 kB
MemTotal:        1844596 kB
MemFree:         1404444 kB
MemAvailable:    1530496 kB
Buffers:           32432 kB
Cached:           223596 kB
MemTotal:        1844596 kB
MemFree:         1406572 kB
MemAvailable:    1532624 kB
Buffers:           32432 kB
Cached:           223596 kB
MemTotal:        1844596 kB
MemFree:         1403092 kB
MemAvailable:    1529144 kB
Buffers:           32432 kB
Cached:           223596 kB
MemTotal:        1844596 kB
MemFree:         1404152 kB
MemAvailable:    1530204 kB
Buffers:           32432 kB
Cached:           223596 kB
MemTotal:        1844596 kB
MemFree:         1402852 kB
MemAvailable:    1528780 kB
Buffers:           32432 kB
Cached:           223596 kB
MemTotal:        1844596 kB
MemFree:         1403776 kB
MemAvailable:    1529828 kB
Buffers:           32432 kB
Cached:           223596 kB
MemTotal:        1844596 kB
MemFree:         1403408 kB
MemAvailable:    1529460 kB
Buffers:           32432 kB
Cached:           223596 kB
MemTotal:        1844596 kB
MemFree:         1401860 kB
MemAvailable:    1527912 kB
Buffers:           32444 kB
Cached:           223584 kB
MemTotal:        1844596 kB
MemFree:         1401852 kB
MemAvailable:    1527904 kB
Buffers:           32444 kB
Cached:           223584 kB
MemTotal:        1844596 kB
MemFree:         1403028 kB
MemAvailable:    1529080 kB
Buffers:           32444 kB
Cached:           223584 kB
MemTotal:        1844596 kB
MemFree:         1401852 kB
MemAvailable:    1527904 kB
Buffers:           32444 kB
Cached:           223584 kB
MemTotal:        1844596 kB
MemFree:         1401604 kB
MemAvailable:    1527660 kB
Buffers:           32444 kB
Cached:           223588 kB
MemTotal:        1844596 kB
MemFree:         1401736 kB
MemAvailable:    1527792 kB
Buffers:           32444 kB
Cached:           223588 kB
MemTotal:        1844596 kB
MemFree:         1401736 kB
MemAvailable:    1527792 kB
Buffers:           32444 kB
Cached:           223588 kB
MemTotal:        1844596 kB
MemFree:         1401936 kB
MemAvailable:    1527992 kB
Buffers:           32444 kB
Cached:           223588 kB
MemTotal:        1844596 kB
MemFree:         1402988 kB
MemAvailable:    1529044 kB
Buffers:           32444 kB
Cached:           223588 kB
MemTotal:        1844596 kB
MemFree:         1402176 kB
MemAvailable:    1528232 kB
Buffers:           32444 kB
Cached:           223588 kB
MemTotal:        1844596 kB
MemFree:         1401716 kB
MemAvailable:    1527772 kB
Buffers:           32444 kB
Cached:           223588 kB
MemTotal:        1844596 kB
MemFree:         1403088 kB
MemAvailable:    1529144 kB
Buffers:           32444 kB
Cached:           223588 kB
MemTotal:        1844596 kB
MemFree:         1403080 kB
MemAvailable:    1529136 kB
Buffers:           32444 kB
Cached:           223588 kB
MemTotal:        1844596 kB
MemFree:         1401668 kB
MemAvailable:    1527724 kB
Buffers:           32444 kB
Cached:           223588 kB
MemTotal:        1844596 kB
MemFree:         1403036 kB
MemAvailable:    1529092 kB
Buffers:           32444 kB
Cached:           223588 kB
MemTotal:        1844596 kB
MemFree:         1403028 kB
MemAvailable:    1529084 kB
Buffers:           32444 kB
Cached:           223588 kB
MemTotal:        1844596 kB
MemFree:         1402936 kB
MemAvailable:    1528992 kB
Buffers:           32444 kB
Cached:           223588 kB
MemTotal:        1844596 kB
MemFree:         1403048 kB
MemAvailable:    1529104 kB
Buffers:           32444 kB
Cached:           223588 kB
MemTotal:        1844596 kB
MemFree:         1401684 kB
MemAvailable:    1527740 kB
Buffers:           32444 kB
Cached:           223588 kB
MemTotal:        1844596 kB
MemFree:         1402712 kB
MemAvailable:    1528768 kB
Buffers:           32444 kB
Cached:           223588 kB
MemTotal:        1844596 kB
MemFree:         1403048 kB
MemAvailable:    1529104 kB
Buffers:           32444 kB
Cached:           223588 kB
MemTotal:        1844596 kB
MemFree:         1401424 kB
MemAvailable:    1527480 kB
Buffers:           32444 kB
Cached:           223588 kB
MemTotal:        1844596 kB
MemFree:         1401556 kB
MemAvailable:    1527612 kB
Buffers:           32444 kB
Cached:           223588 kB
MemTotal:        1844596 kB
MemFree:         1402856 kB
MemAvailable:    1528912 kB
Buffers:           32444 kB
Cached:           223588 kB
MemTotal:        1844596 kB
MemFree:         1402712 kB
MemAvailable:    1528768 kB
Buffers:           32444 kB
Cached:           223588 kB
MemTotal:        1844596 kB
MemFree:         1402964 kB
MemAvailable:    1529020 kB
Buffers:           32444 kB
Cached:           223588 kB
MemTotal:        1844596 kB
MemFree:         1401592 kB
MemAvailable:    1527648 kB
Buffers:           32444 kB
Cached:           223588 kB
MemTotal:        1844596 kB
MemFree:         1401592 kB
MemAvailable:    1527648 kB
Buffers:           32444 kB
Cached:           223588 kB
MemTotal:        1844596 kB
MemFree:         1401724 kB
MemAvailable:    1527780 kB
Buffers:           32444 kB
Cached:           223588 kB
MemTotal:        1844596 kB
MemFree:         1402796 kB
MemAvailable:    1528852 kB
Buffers:           32444 kB
Cached:           223588 kB
MemTotal:        1844596 kB
MemFree:         1402612 kB
MemAvailable:    1528668 kB
Buffers:           32444 kB
Cached:           223588 kB
MemTotal:        1844596 kB
MemFree:         1401564 kB
MemAvailable:    1527620 kB
Buffers:           32444 kB
Cached:           223588 kB
MemTotal:        1844596 kB
MemFree:         1402712 kB
MemAvailable:    1528784 kB
Buffers:           32444 kB
Cached:           223604 kB
MemTotal:        1844596 kB
MemFree:         1402728 kB
MemAvailable:    1528800 kB
Buffers:           32444 kB
Cached:           223604 kB
MemTotal:        1844596 kB
MemFree:         1402900 kB
MemAvailable:    1528972 kB
Buffers:           32444 kB
Cached:           223604 kB
MemTotal:        1844596 kB
MemFree:         1401564 kB
MemAvailable:    1527636 kB
Buffers:           32444 kB
Cached:           223604 kB
MemTotal:        1844596 kB
MemFree:         1401564 kB
MemAvailable:    1527636 kB
Buffers:           32444 kB
Cached:           223604 kB
MemTotal:        1844596 kB
MemFree:         1402924 kB
MemAvailable:    1528996 kB
Buffers:           32444 kB
Cached:           223604 kB
MemTotal:        1844596 kB
MemFree:         1402232 kB
MemAvailable:    1528304 kB
Buffers:           32444 kB
Cached:           223604 kB
MemTotal:        1844596 kB
MemFree:         1402732 kB
MemAvailable:    1528804 kB
Buffers:           32444 kB
Cached:           223604 kB
MemTotal:        1844596 kB
MemFree:         1402700 kB
MemAvailable:    1528772 kB
Buffers:           32444 kB
Cached:           223604 kB
MemTotal:        1844596 kB
MemFree:         1402468 kB
MemAvailable:    1528540 kB
Buffers:           32444 kB
Cached:           223604 kB
MemTotal:        1844596 kB
MemFree:         1401592 kB
MemAvailable:    1527664 kB
Buffers:           32444 kB
Cached:           223604 kB
MemTotal:        1844596 kB
MemFree:         1401676 kB
MemAvailable:    1527748 kB
Buffers:           32444 kB
Cached:           223604 kB
MemTotal:        1844596 kB
MemFree:         1402652 kB
MemAvailable:    1528724 kB
Buffers:           32444 kB
Cached:           223604 kB
MemTotal:        1844596 kB
MemFree:         1402604 kB
MemAvailable:    1528676 kB
Buffers:           32444 kB
Cached:           223604 kB
MemTotal:        1844596 kB
MemFree:         1402900 kB
MemAvailable:    1528972 kB
Buffers:           32444 kB
Cached:           223604 kB
MemTotal:        1844596 kB
MemFree:         1402852 kB
MemAvailable:    1528924 kB
Buffers:           32444 kB
Cached:           223604 kB
MemTotal:        1844596 kB
MemFree:         1401668 kB
MemAvailable:    1527740 kB
Buffers:           32444 kB
Cached:           223604 kB
MemTotal:        1844596 kB
MemFree:         1402880 kB
MemAvailable:    1528952 kB
Buffers:           32444 kB
Cached:           223604 kB
MemTotal:        1844596 kB
MemFree:         1402108 kB
MemAvailable:    1528180 kB
Buffers:           32444 kB
Cached:           223604 kB
MemTotal:        1844596 kB
MemFree:         1402936 kB
MemAvailable:    1529008 kB
Buffers:           32444 kB
Cached:           223604 kB
MemTotal:        1844596 kB
MemFree:         1401612 kB
MemAvailable:    1527684 kB
Buffers:           32444 kB
Cached:           223604 kB
MemTotal:        1844596 kB
MemFree:         1402928 kB
MemAvailable:    1529000 kB
Buffers:           32444 kB
Cached:           223604 kB
MemTotal:        1844596 kB
MemFree:         1401432 kB
MemAvailable:    1527504 kB
Buffers:           32444 kB
Cached:           223604 kB
MemTotal:        1844596 kB
MemFree:         1402824 kB
MemAvailable:    1528896 kB
Buffers:           32444 kB
Cached:           223604 kB
MemTotal:        1844596 kB
MemFree:         1402976 kB
MemAvailable:    1529048 kB
Buffers:           32444 kB
Cached:           223604 kB
MemTotal:        1844596 kB
MemFree:         1401596 kB
MemAvailable:    1527668 kB
Buffers:           32444 kB
Cached:           223604 kB
MemTotal:        1844596 kB
MemFree:         1401596 kB
MemAvailable:    1527668 kB
Buffers:           32444 kB
Cached:           223604 kB
MemTotal:        1844596 kB
MemFree:         1401596 kB
MemAvailable:    1527668 kB
Buffers:           32444 kB
Cached:           223604 kB
MemTotal:        1844596 kB
MemFree:         1400556 kB
MemAvailable:    1526628 kB
Buffers:           32444 kB
Cached:           223604 kB
MemTotal:        1844596 kB
MemFree:         1399388 kB
MemAvailable:    1525460 kB
Buffers:           32444 kB
Cached:           223604 kB
MemTotal:        1844596 kB
MemFree:         1398804 kB
MemAvailable:    1524876 kB
Buffers:           32444 kB
Cached:           223604 kB
MemTotal:        1844596 kB
MemFree:         1398564 kB
MemAvailable:    1524636 kB
Buffers:           32444 kB
Cached:           223604 kB
MemTotal:        1844596 kB
MemFree:         1397512 kB
MemAvailable:    1523584 kB
Buffers:           32444 kB
Cached:           223604 kB
MemTotal:        1844596 kB
MemFree:         1397396 kB
MemAvailable:    1523468 kB
Buffers:           32444 kB
Cached:           223604 kB
MemTotal:        1844596 kB
MemFree:         1398512 kB
MemAvailable:    1524584 kB
Buffers:           32444 kB
Cached:           223604 kB
MemTotal:        1844596 kB
MemFree:         1396900 kB
MemAvailable:    1522972 kB
Buffers:           32444 kB
Cached:           223604 kB
MemTotal:        1844596 kB
MemFree:         1396612 kB
MemAvailable:    1522684 kB
Buffers:           32444 kB
Cached:           223604 kB
MemTotal:        1844596 kB
MemFree:         1397388 kB
MemAvailable:    1523460 kB
Buffers:           32444 kB
Cached:           223604 kB
MemTotal:        1844596 kB
MemFree:         1397032 kB
MemAvailable:    1522980 kB
Buffers:           32444 kB
Cached:           223604 kB
MemTotal:        1844596 kB
MemFree:         1397324 kB
MemAvailable:    1523396 kB
Buffers:           32444 kB
Cached:           223604 kB
MemTotal:        1844596 kB
MemFree:         1397132 kB
MemAvailable:    1523204 kB
Buffers:           32444 kB
Cached:           223604 kB
MemTotal:        1844596 kB
MemFree:         1395720 kB
MemAvailable:    1521792 kB
Buffers:           32444 kB
Cached:           223604 kB
MemTotal:        1844596 kB
MemFree:         1396996 kB
MemAvailable:    1523068 kB
Buffers:           32444 kB
Cached:           223604 kB
MemTotal:        1844596 kB
MemFree:         1397244 kB
MemAvailable:    1523316 kB
Buffers:           32444 kB
Cached:           223604 kB
MemTotal:        1844596 kB
MemFree:         1396940 kB
MemAvailable:    1523012 kB
Buffers:           32444 kB
Cached:           223604 kB
MemTotal:        1844596 kB
MemFree:         1397192 kB
MemAvailable:    1523096 kB
Buffers:           32444 kB
Cached:           223604 kB
MemTotal:        1844596 kB
MemFree:         1395896 kB
MemAvailable:    1521968 kB
Buffers:           32444 kB
Cached:           223604 kB
MemTotal:        1844596 kB
MemFree:         1395896 kB
MemAvailable:    1521968 kB
Buffers:           32444 kB
Cached:           223604 kB
MemTotal:        1844596 kB
MemFree:         1397344 kB
MemAvailable:    1523416 kB
Buffers:           32444 kB
Cached:           223604 kB
MemTotal:        1844596 kB
MemFree:         1396396 kB
MemAvailable:    1522468 kB
Buffers:           32444 kB
Cached:           223604 kB
MemTotal:        1844596 kB
MemFree:         1396016 kB
MemAvailable:    1522092 kB
Buffers:           32444 kB
Cached:           223608 kB
MemTotal:        1844596 kB
MemFree:         1395892 kB
MemAvailable:    1521968 kB
Buffers:           32444 kB
Cached:           223608 kB
MemTotal:        1844596 kB
MemFree:         1396016 kB
MemAvailable:    1522092 kB
Buffers:           32444 kB
Cached:           223608 kB
MemTotal:        1844596 kB
MemFree:         1397000 kB
MemAvailable:    1523076 kB
Buffers:           32444 kB
Cached:           223608 kB
MemTotal:        1844596 kB
MemFree:         1396988 kB
MemAvailable:    1523064 kB
Buffers:           32444 kB
Cached:           223608 kB
MemTotal:        1844596 kB
MemFree:         1397032 kB
MemAvailable:    1523108 kB
Buffers:           32444 kB
Cached:           223608 kB
MemTotal:        1844596 kB
MemFree:         1395736 kB
MemAvailable:    1521812 kB
Buffers:           32444 kB
Cached:           223608 kB
MemTotal:        1844596 kB
MemFree:         1397036 kB
MemAvailable:    1523112 kB
Buffers:           32444 kB
Cached:           223608 kB
MemTotal:        1844596 kB
MemFree:         1396528 kB
MemAvailable:    1522604 kB
Buffers:           32444 kB
Cached:           223608 kB
MemTotal:        1844596 kB
MemFree:         1396972 kB
MemAvailable:    1523048 kB
Buffers:           32444 kB
Cached:           223608 kB
MemTotal:        1844596 kB
MemFree:         1397068 kB
MemAvailable:    1523144 kB
Buffers:           32444 kB
Cached:           223608 kB
MemTotal:        1844596 kB
MemFree:         1396280 kB
MemAvailable:    1522232 kB
Buffers:           32444 kB
Cached:           223608 kB
MemTotal:        1844596 kB
MemFree:         1396024 kB
MemAvailable:    1522100 kB
Buffers:           32444 kB
Cached:           223608 kB
MemTotal:        1844596 kB
MemFree:         1396272 kB
MemAvailable:    1522348 kB
Buffers:           32444 kB
Cached:           223608 kB
MemTotal:        1844596 kB
MemFree:         1396872 kB
MemAvailable:    1522948 kB
Buffers:           32444 kB
Cached:           223608 kB
MemTotal:        1844596 kB
MemFree:         1396220 kB
MemAvailable:    1522296 kB
Buffers:           32444 kB
Cached:           223608 kB
MemTotal:        1844596 kB
MemFree:         1396984 kB
MemAvailable:    1523060 kB
Buffers:           32444 kB
Cached:           223608 kB
MemTotal:        1844596 kB
MemFree:         1395784 kB
MemAvailable:    1521860 kB
Buffers:           32444 kB
Cached:           223608 kB
MemTotal:        1844596 kB
MemFree:         1396852 kB
MemAvailable:    1522928 kB
Buffers:           32444 kB
Cached:           223608 kB
MemTotal:        1844596 kB
MemFree:         1396936 kB
MemAvailable:    1523012 kB
Buffers:           32444 kB
Cached:           223608 kB
MemTotal:        1844596 kB
MemFree:         1395696 kB
MemAvailable:    1521772 kB
Buffers:           32444 kB
Cached:           223608 kB
MemTotal:        1844596 kB
MemFree:         1396984 kB
MemAvailable:    1523060 kB
Buffers:           32444 kB
Cached:           223608 kB
MemTotal:        1844596 kB
MemFree:         1397068 kB
MemAvailable:    1523144 kB
Buffers:           32444 kB
Cached:           223608 kB
MemTotal:        1844596 kB
MemFree:         1396528 kB
MemAvailable:    1522604 kB
Buffers:           32444 kB
Cached:           223608 kB
MemTotal:        1844596 kB
MemFree:         1397348 kB
MemAvailable:    1523428 kB
Buffers:           32444 kB
Cached:           223612 kB
MemTotal:        1844596 kB
MemFree:         1395760 kB
MemAvailable:    1521840 kB
Buffers:           32444 kB
Cached:           223612 kB
MemTotal:        1844596 kB
MemFree:         1397012 kB
MemAvailable:    1523092 kB
Buffers:           32444 kB
Cached:           223612 kB
MemTotal:        1844596 kB
MemFree:         1396156 kB
MemAvailable:    1522236 kB
Buffers:           32444 kB
Cached:           223612 kB
MemTotal:        1844596 kB
MemFree:         1396964 kB
MemAvailable:    1523044 kB
Buffers:           32444 kB
Cached:           223612 kB
MemTotal:        1844596 kB
MemFree:         1397216 kB
MemAvailable:    1523296 kB
Buffers:           32444 kB
Cached:           223612 kB
MemTotal:        1844596 kB
MemFree:         1397036 kB
MemAvailable:    1523116 kB
Buffers:           32444 kB
Cached:           223612 kB
MemTotal:        1844596 kB
MemFree:         1395896 kB
MemAvailable:    1521976 kB
Buffers:           32444 kB
Cached:           223612 kB
MemTotal:        1844596 kB
MemFree:         1396964 kB
MemAvailable:    1523044 kB
Buffers:           32444 kB
Cached:           223612 kB
MemTotal:        1844596 kB
MemFree:         1397032 kB
MemAvailable:    1523112 kB
Buffers:           32444 kB
Cached:           223612 kB
MemTotal:        1844596 kB
MemFree:         1397084 kB
MemAvailable:    1523164 kB
Buffers:           32444 kB
Cached:           223612 kB
MemTotal:        1844596 kB
MemFree:         1396892 kB
MemAvailable:    1522972 kB
Buffers:           32444 kB
Cached:           223612 kB
MemTotal:        1844596 kB
MemFree:         1396892 kB
MemAvailable:    1522972 kB
Buffers:           32444 kB
Cached:           223612 kB
MemTotal:        1844596 kB
MemFree:         1397016 kB
MemAvailable:    1523096 kB
Buffers:           32444 kB
Cached:           223612 kB
MemTotal:        1844596 kB
MemFree:         1396784 kB
MemAvailable:    1522864 kB
Buffers:           32444 kB
Cached:           223612 kB
MemTotal:        1844596 kB
MemFree:         1402480 kB
MemAvailable:    1528560 kB
Buffers:           32444 kB
Cached:           223612 kB
MemTotal:        1844596 kB
MemFree:         1399068 kB
MemAvailable:    1525148 kB
Buffers:           32444 kB
Cached:           223612 kB
MemTotal:        1844596 kB
MemFree:         1397884 kB
MemAvailable:    1523964 kB
Buffers:           32444 kB
Cached:           223612 kB
MemTotal:        1844596 kB
MemFree:         1397760 kB
MemAvailable:    1523840 kB
Buffers:           32444 kB
Cached:           223612 kB
MemTotal:        1844596 kB
MemFree:         1397768 kB
MemAvailable:    1523848 kB
Buffers:           32444 kB
Cached:           223612 kB
MemTotal:        1844596 kB
MemFree:         1397512 kB
MemAvailable:    1523592 kB
Buffers:           32444 kB
Cached:           223612 kB
MemTotal:        1844596 kB
MemFree:         1399064 kB
MemAvailable:    1525144 kB
Buffers:           32444 kB
Cached:           223612 kB
MemTotal:        1844596 kB
MemFree:         1398672 kB
MemAvailable:    1524752 kB
Buffers:           32444 kB
Cached:           223612 kB
MemTotal:        1844596 kB
MemFree:         1397620 kB
MemAvailable:    1523700 kB
Buffers:           32444 kB
Cached:           223612 kB
MemTotal:        1844596 kB
MemFree:         1397372 kB
MemAvailable:    1523452 kB
Buffers:           32444 kB
Cached:           223612 kB
MemTotal:        1844596 kB
MemFree:         1398348 kB
MemAvailable:    1524428 kB
Buffers:           32444 kB
Cached:           223612 kB
MemTotal:        1844596 kB
MemFree:         1397892 kB
MemAvailable:    1523972 kB
Buffers:           32444 kB
Cached:           223612 kB
MemTotal:        1844596 kB
MemFree:         1398244 kB
MemAvailable:    1524324 kB
Buffers:           32444 kB
Cached:           223612 kB
MemTotal:        1844596 kB
MemFree:         1398580 kB
MemAvailable:    1524660 kB
Buffers:           32444 kB
Cached:           223612 kB
MemTotal:        1844596 kB
MemFree:         1398256 kB
MemAvailable:    1524336 kB
Buffers:           32444 kB
Cached:           223612 kB
MemTotal:        1844596 kB
MemFree:         1398256 kB
MemAvailable:    1524336 kB
Buffers:           32444 kB
Cached:           223612 kB
MemTotal:        1844596 kB
MemFree:         1398208 kB
MemAvailable:    1524288 kB
Buffers:           32444 kB
Cached:           223612 kB
MemTotal:        1844596 kB
MemFree:         1398464 kB
MemAvailable:    1524544 kB
Buffers:           32444 kB
Cached:           223612 kB
MemTotal:        1844596 kB
MemFree:         1398084 kB
MemAvailable:    1524164 kB
Buffers:           32444 kB
Cached:           223612 kB
MemTotal:        1844596 kB
MemFree:         1397136 kB
MemAvailable:    1523216 kB
Buffers:           32444 kB
Cached:           223612 kB
MemTotal:        1844596 kB
MemFree:         1398436 kB
MemAvailable:    1524516 kB
Buffers:           32444 kB
Cached:           223612 kB
MemTotal:        1844596 kB
MemFree:         1397644 kB
MemAvailable:    1523724 kB
Buffers:           32444 kB
Cached:           223612 kB
MemTotal:        1844596 kB
MemFree:         1398216 kB
MemAvailable:    1524304 kB
Buffers:           32444 kB
Cached:           223620 kB
MemTotal:        1844596 kB
MemFree:         1398552 kB
MemAvailable:    1524640 kB
Buffers:           32444 kB
Cached:           223620 kB
MemTotal:        1844596 kB
MemFree:         1398256 kB
MemAvailable:    1524344 kB
Buffers:           32444 kB
Cached:           223620 kB
MemTotal:        1844596 kB
MemFree:         1398512 kB
MemAvailable:    1524600 kB
Buffers:           32444 kB
Cached:           223620 kB
MemTotal:        1844596 kB
MemFree:         1397264 kB
MemAvailable:    1523352 kB
Buffers:           32444 kB
Cached:           223620 kB
MemTotal:        1844596 kB
MemFree:         1398400 kB
MemAvailable:    1524488 kB
Buffers:           32444 kB
Cached:           223620 kB
MemTotal:        1844596 kB
MemFree:         1398436 kB
MemAvailable:    1524524 kB
Buffers:           32444 kB
Cached:           223620 kB
MemTotal:        1844596 kB
MemFree:         1398256 kB
MemAvailable:    1524344 kB
Buffers:           32444 kB
Cached:           223620 kB
MemTotal:        1844596 kB
MemFree:         1398592 kB
MemAvailable:    1524680 kB
Buffers:           32444 kB
Cached:           223620 kB
MemTotal:        1844596 kB
MemFree:         1397100 kB
MemAvailable:    1523188 kB
Buffers:           32444 kB
Cached:           223620 kB
MemTotal:        1844596 kB
MemFree:         1398400 kB
MemAvailable:    1524488 kB
Buffers:           32444 kB
Cached:           223620 kB
MemTotal:        1844596 kB
MemFree:         1397136 kB
MemAvailable:    1523224 kB
Buffers:           32444 kB
Cached:           223620 kB
MemTotal:        1844596 kB
MemFree:         1398196 kB
MemAvailable:    1524284 kB
Buffers:           32444 kB
Cached:           223620 kB
MemTotal:        1844596 kB
MemFree:         1398196 kB
MemAvailable:    1524284 kB
Buffers:           32444 kB
Cached:           223620 kB
MemTotal:        1844596 kB
MemFree:         1398376 kB
MemAvailable:    1524464 kB
Buffers:           32444 kB
Cached:           223620 kB
MemTotal:        1844596 kB
MemFree:         1397128 kB
MemAvailable:    1523216 kB
Buffers:           32444 kB
Cached:           223620 kB
MemTotal:        1844596 kB
MemFree:         1397128 kB
MemAvailable:    1523216 kB
Buffers:           32444 kB
Cached:           223620 kB
MemTotal:        1844596 kB
MemFree:         1398244 kB
MemAvailable:    1524332 kB
Buffers:           32444 kB
Cached:           223620 kB
MemTotal:        1844596 kB
MemFree:         1398016 kB
MemAvailable:    1524104 kB
Buffers:           32444 kB
Cached:           223620 kB
MemTotal:        1844596 kB
MemFree:         1398320 kB
MemAvailable:    1524408 kB
Buffers:           32444 kB
Cached:           223620 kB
MemTotal:        1844596 kB
MemFree:         1398572 kB
MemAvailable:    1524660 kB
Buffers:           32444 kB
Cached:           223620 kB
MemTotal:        1844596 kB
MemFree:         1397008 kB
MemAvailable:    1523096 kB
Buffers:           32444 kB
Cached:           223620 kB
MemTotal:        1844596 kB
MemFree:         1397084 kB
MemAvailable:    1523172 kB
Buffers:           32444 kB
Cached:           223620 kB
MemTotal:        1844596 kB
MemFree:         1398440 kB
MemAvailable:    1524528 kB
Buffers:           32444 kB
Cached:           223620 kB
MemTotal:        1844596 kB
MemFree:         1398320 kB
MemAvailable:    1524408 kB
Buffers:           32444 kB
Cached:           223620 kB
MemTotal:        1844596 kB
MemFree:         1398488 kB
MemAvailable:    1524576 kB
Buffers:           32444 kB
Cached:           223620 kB
MemTotal:        1844596 kB
MemFree:         1398580 kB
MemAvailable:    1524668 kB
Buffers:           32444 kB
Cached:           223620 kB
MemTotal:        1844596 kB
MemFree:         1398448 kB
MemAvailable:    1524536 kB
Buffers:           32444 kB
Cached:           223620 kB
MemTotal:        1844596 kB
MemFree:         1397396 kB
MemAvailable:    1523484 kB
Buffers:           32444 kB
Cached:           223620 kB
MemTotal:        1844596 kB
MemFree:         1398084 kB
MemAvailable:    1524172 kB
Buffers:           32444 kB
Cached:           223620 kB
MemTotal:        1844596 kB
MemFree:         1398420 kB
MemAvailable:    1524508 kB
Buffers:           32444 kB
Cached:           223620 kB
MemTotal:        1844596 kB
MemFree:         1398324 kB
MemAvailable:    1524412 kB
Buffers:           32444 kB
Cached:           223620 kB
MemTotal:        1844596 kB
MemFree:         1397644 kB
MemAvailable:    1523732 kB
Buffers:           32444 kB
Cached:           223620 kB
MemTotal:        1844596 kB
MemFree:         1398196 kB
MemAvailable:    1524284 kB
Buffers:           32444 kB
Cached:           223620 kB
MemTotal:        1844596 kB
MemFree:         1398448 kB
MemAvailable:    1524536 kB
Buffers:           32444 kB
Cached:           223620 kB
MemTotal:        1844596 kB
MemFree:         1397136 kB
MemAvailable:    1523224 kB
Buffers:           32444 kB
Cached:           223620 kB
MemTotal:        1844596 kB
MemFree:         1397128 kB
MemAvailable:    1523216 kB
Buffers:           32444 kB
Cached:           223620 kB
MemTotal:        1844596 kB
MemFree:         1398200 kB
MemAvailable:    1524292 kB
Buffers:           32444 kB
Cached:           223624 kB
MemTotal:        1844596 kB
MemFree:         1398456 kB
MemAvailable:    1524548 kB
Buffers:           32444 kB
Cached:           223624 kB
MemTotal:        1844596 kB
MemFree:         1396952 kB
MemAvailable:    1523044 kB
Buffers:           32444 kB
Cached:           223624 kB
MemTotal:        1844596 kB
MemFree:         1398260 kB
MemAvailable:    1524352 kB
Buffers:           32444 kB
Cached:           223624 kB
MemTotal:        1844596 kB
MemFree:         1397244 kB
MemAvailable:    1523336 kB
Buffers:           32444 kB
Cached:           223624 kB
MemTotal:        1844596 kB
MemFree:         1398180 kB
MemAvailable:    1524272 kB
Buffers:           32444 kB
Cached:           223624 kB
MemTotal:        1844596 kB
MemFree:         1398264 kB
MemAvailable:    1524356 kB
Buffers:           32444 kB
Cached:           223624 kB
MemTotal:        1844596 kB
MemFree:         1398244 kB
MemAvailable:    1524336 kB
Buffers:           32444 kB
Cached:           223624 kB
MemTotal:        1844596 kB
MemFree:         1398500 kB
MemAvailable:    1524592 kB
Buffers:           32444 kB
Cached:           223624 kB
MemTotal:        1844596 kB
MemFree:         1397132 kB
MemAvailable:    1523224 kB
Buffers:           32444 kB
Cached:           223624 kB
MemTotal:        1844596 kB
MemFree:         1396852 kB
MemAvailable:    1522944 kB
Buffers:           32444 kB
Cached:           223624 kB
MemTotal:        1844596 kB
MemFree:         1398124 kB
MemAvailable:    1524216 kB
Buffers:           32444 kB
Cached:           223624 kB
MemTotal:        1844596 kB
MemFree:         1398264 kB
MemAvailable:    1524356 kB
Buffers:           32444 kB
Cached:           223624 kB
MemTotal:        1844596 kB
MemFree:         1398244 kB
MemAvailable:    1524336 kB
Buffers:           32444 kB
Cached:           223624 kB
MemTotal:        1844596 kB
MemFree:         1398500 kB
MemAvailable:    1524592 kB
Buffers:           32444 kB
Cached:           223624 kB
MemTotal:        1844596 kB
MemFree:         1398256 kB
MemAvailable:    1524348 kB
Buffers:           32444 kB
Cached:           223624 kB
MemTotal:        1844596 kB
MemFree:         1398508 kB
MemAvailable:    1524600 kB
Buffers:           32444 kB
Cached:           223624 kB
MemTotal:        1844596 kB
MemFree:         1398248 kB
MemAvailable:    1524340 kB
Buffers:           32444 kB
Cached:           223624 kB
MemTotal:        1844596 kB
MemFree:         1398388 kB
MemAvailable:    1524480 kB
Buffers:           32444 kB
Cached:           223624 kB
MemTotal:        1844596 kB
MemFree:         1398436 kB
MemAvailable:    1524528 kB
Buffers:           32444 kB
Cached:           223624 kB
MemTotal:        1844596 kB
MemFree:         1398256 kB
MemAvailable:    1524348 kB
Buffers:           32444 kB
Cached:           223624 kB
MemTotal:        1844596 kB
MemFree:         1398340 kB
MemAvailable:    1524432 kB
Buffers:           32444 kB
Cached:           223624 kB
MemTotal:        1844596 kB
MemFree:         1398340 kB
MemAvailable:    1524432 kB
Buffers:           32444 kB
Cached:           223624 kB
MemTotal:        1844596 kB
MemFree:         1398216 kB
MemAvailable:    1524308 kB
Buffers:           32444 kB
Cached:           223624 kB
MemTotal:        1844596 kB
MemFree:         1397012 kB
MemAvailable:    1523104 kB
Buffers:           32444 kB
Cached:           223624 kB
MemTotal:        1844596 kB
MemFree:         1397136 kB
MemAvailable:    1523228 kB
Buffers:           32444 kB
Cached:           223624 kB
MemTotal:        1844596 kB
MemFree:         1397460 kB
MemAvailable:    1523552 kB
Buffers:           32444 kB
Cached:           223624 kB
MemTotal:        1844596 kB
MemFree:         1396956 kB
MemAvailable:    1523048 kB
Buffers:           32444 kB
Cached:           223624 kB
MemTotal:        1844596 kB
MemFree:         1396956 kB
MemAvailable:    1523048 kB
Buffers:           32444 kB
Cached:           223624 kB
MemTotal:        1844596 kB
MemFree:         1397000 kB
MemAvailable:    1523092 kB
Buffers:           32444 kB
Cached:           223624 kB
MemTotal:        1844596 kB
MemFree:         1398240 kB
MemAvailable:    1524332 kB
Buffers:           32444 kB
Cached:           223624 kB
MemTotal:        1844596 kB
MemFree:         1398132 kB
MemAvailable:    1524224 kB
Buffers:           32444 kB
Cached:           223624 kB
MemTotal:        1844596 kB
MemFree:         1398472 kB
MemAvailable:    1524564 kB
Buffers:           32444 kB
Cached:           223624 kB
MemTotal:        1844596 kB
MemFree:         1396884 kB
MemAvailable:    1522976 kB
Buffers:           32444 kB
Cached:           223624 kB
MemTotal:        1844596 kB
MemFree:         1398340 kB
MemAvailable:    1524432 kB
Buffers:           32444 kB
Cached:           223624 kB
MemTotal:        1844596 kB
MemFree:         1397272 kB
MemAvailable:    1523364 kB
Buffers:           32444 kB
Cached:           223624 kB
MemTotal:        1844596 kB
MemFree:         1398372 kB
MemAvailable:    1524464 kB
Buffers:           32444 kB
Cached:           223624 kB
MemTotal:        1844596 kB
MemFree:         1398456 kB
MemAvailable:    1524548 kB
Buffers:           32444 kB
Cached:           223624 kB
MemTotal:        1844596 kB
MemFree:         1398268 kB
MemAvailable:    1524360 kB
Buffers:           32444 kB
Cached:           223624 kB
MemTotal:        1844596 kB
MemFree:         1397092 kB
MemAvailable:    1523184 kB
Buffers:           32444 kB
Cached:           223624 kB
MemTotal:        1844596 kB
MemFree:         1398296 kB
MemAvailable:    1524388 kB
Buffers:           32444 kB
Cached:           223624 kB
MemTotal:        1844596 kB
MemFree:         1398444 kB
MemAvailable:    1524536 kB
Buffers:           32444 kB
Cached:           223624 kB
MemTotal:        1844596 kB
MemFree:         1396956 kB
MemAvailable:    1523048 kB
Buffers:           32444 kB
Cached:           223624 kB
MemTotal:        1844596 kB
MemFree:         1396948 kB
MemAvailable:    1523040 kB
Buffers:           32444 kB
Cached:           223624 kB
MemTotal:        1844596 kB
MemFree:         1397240 kB
MemAvailable:    1523332 kB
Buffers:           32444 kB
Cached:           223624 kB
MemTotal:        1844596 kB
MemFree:         1398284 kB
MemAvailable:    1524376 kB
Buffers:           32444 kB
Cached:           223624 kB
MemTotal:        1844596 kB
MemFree:         1398052 kB
MemAvailable:    1524144 kB
Buffers:           32444 kB
Cached:           223624 kB
MemTotal:        1844596 kB
MemFree:         1398132 kB
MemAvailable:    1524224 kB
Buffers:           32444 kB
Cached:           223624 kB
MemTotal:        1844596 kB
MemFree:         1398140 kB
MemAvailable:    1524232 kB
Buffers:           32444 kB
Cached:           223624 kB
MemTotal:        1844596 kB
MemFree:         1396976 kB
MemAvailable:    1523068 kB
Buffers:           32444 kB
Cached:           223624 kB
MemTotal:        1844596 kB
MemFree:         1397148 kB
MemAvailable:    1523240 kB
Buffers:           32444 kB
Cached:           223624 kB
MemTotal:        1844596 kB
MemFree:         1397108 kB
MemAvailable:    1523200 kB
Buffers:           32444 kB
Cached:           223624 kB
MemTotal:        1844596 kB
MemFree:         1398316 kB
MemAvailable:    1524408 kB
Buffers:           32444 kB
Cached:           223624 kB
MemTotal:        1844596 kB
MemFree:         1398460 kB
MemAvailable:    1524552 kB
Buffers:           32444 kB
Cached:           223624 kB
MemTotal:        1844596 kB
MemFree:         1398324 kB
MemAvailable:    1524416 kB
Buffers:           32444 kB
Cached:           223624 kB
MemTotal:        1844596 kB
MemFree:         1397148 kB
MemAvailable:    1523240 kB
Buffers:           32444 kB
Cached:           223624 kB
MemTotal:        1844596 kB
MemFree:         1396976 kB
MemAvailable:    1523068 kB
Buffers:           32444 kB
Cached:           223624 kB
MemTotal:        1844596 kB
MemFree:         1397108 kB
MemAvailable:    1523200 kB
Buffers:           32444 kB
Cached:           223624 kB
MemTotal:        1844596 kB
MemFree:         1397108 kB
MemAvailable:    1523200 kB
Buffers:           32444 kB
Cached:           223624 kB
MemTotal:        1844596 kB
MemFree:         1397100 kB
MemAvailable:    1523192 kB
Buffers:           32444 kB
Cached:           223624 kB
MemTotal:        1844596 kB
MemFree:         1398248 kB
MemAvailable:    1524340 kB
Buffers:           32444 kB
Cached:           223624 kB
MemTotal:        1844596 kB
MemFree:         1398504 kB
MemAvailable:    1524596 kB
Buffers:           32444 kB
Cached:           223624 kB
MemTotal:        1844596 kB
MemFree:         1398268 kB
MemAvailable:    1524360 kB
Buffers:           32444 kB
Cached:           223624 kB
MemTotal:        1844596 kB
MemFree:         1396872 kB
MemAvailable:    1522964 kB
Buffers:           32444 kB
Cached:           223624 kB
MemTotal:        1844596 kB
MemFree:         1398064 kB
MemAvailable:    1524156 kB
Buffers:           32444 kB
Cached:           223624 kB
MemTotal:        1844596 kB
MemFree:         1398140 kB
MemAvailable:    1524232 kB
Buffers:           32444 kB
Cached:           223624 kB
MemTotal:        1844596 kB
MemFree:         1397084 kB
MemAvailable:    1523176 kB
Buffers:           32444 kB
Cached:           223624 kB
MemTotal:        1844596 kB
MemFree:         1398132 kB
MemAvailable:    1524232 kB
Buffers:           32444 kB
Cached:           223632 kB
MemTotal:        1844596 kB
MemFree:         1398388 kB
MemAvailable:    1524488 kB
Buffers:           32444 kB
Cached:           223632 kB
MemTotal:        1844596 kB
MemFree:         1397136 kB
MemAvailable:    1523236 kB
Buffers:           32444 kB
Cached:           223632 kB
MemTotal:        1844596 kB
MemFree:         1398120 kB
MemAvailable:    1524220 kB
Buffers:           32444 kB
Cached:           223632 kB
MemTotal:        1844596 kB
MemFree:         1398372 kB
MemAvailable:    1524472 kB
Buffers:           32444 kB
Cached:           223632 kB
MemTotal:        1844596 kB
MemFree:         1398260 kB
MemAvailable:    1524360 kB
Buffers:           32444 kB
Cached:           223632 kB
MemTotal:        1844596 kB
MemFree:         1397528 kB
MemAvailable:    1523628 kB
Buffers:           32444 kB
Cached:           223632 kB
MemTotal:        1844596 kB
MemFree:         1398376 kB
MemAvailable:    1524472 kB
Buffers:           32444 kB
Cached:           223632 kB
MemTotal:        1844596 kB
MemFree:         1396736 kB
MemAvailable:    1522832 kB
Buffers:           32444 kB
Cached:           223632 kB
MemTotal:        1844596 kB
MemFree:         1398024 kB
MemAvailable:    1524120 kB
Buffers:           32444 kB
Cached:           223632 kB
MemTotal:        1844596 kB
MemFree:         1398208 kB
MemAvailable:    1524304 kB
Buffers:           32444 kB
Cached:           223632 kB
MemTotal:        1844596 kB
MemFree:         1397528 kB
MemAvailable:    1523624 kB
Buffers:           32444 kB
Cached:           223632 kB
MemTotal:        1844596 kB
MemFree:         1398320 kB
MemAvailable:    1524416 kB
Buffers:           32444 kB
Cached:           223632 kB
MemTotal:        1844596 kB
MemFree:         1398148 kB
MemAvailable:    1524244 kB
Buffers:           32444 kB
Cached:           223632 kB
MemTotal:        1844596 kB
MemFree:         1397008 kB
MemAvailable:    1523104 kB
Buffers:           32444 kB
Cached:           223632 kB
MemTotal:        1844596 kB
MemFree:         1398140 kB
MemAvailable:    1524236 kB
Buffers:           32444 kB
Cached:           223632 kB
MemTotal:        1844596 kB
MemFree:         1398476 kB
MemAvailable:    1524572 kB
Buffers:           32444 kB
Cached:           223632 kB
MemTotal:        1844596 kB
MemFree:         1398284 kB
MemAvailable:    1524380 kB
Buffers:           32444 kB
Cached:           223632 kB
MemTotal:        1844596 kB
MemFree:         1397100 kB
MemAvailable:    1523196 kB
Buffers:           32444 kB
Cached:           223632 kB
MemTotal:        1844596 kB
MemFree:         1398320 kB
MemAvailable:    1524416 kB
Buffers:           32444 kB
Cached:           223632 kB
MemTotal:        1844596 kB
MemFree:         1397012 kB
MemAvailable:    1523108 kB
Buffers:           32444 kB
Cached:           223632 kB
MemTotal:        1844596 kB
MemFree:         1398132 kB
MemAvailable:    1524228 kB
Buffers:           32444 kB
Cached:           223632 kB
MemTotal:        1844596 kB
MemFree:         1398384 kB
MemAvailable:    1524480 kB
Buffers:           32444 kB
Cached:           223632 kB
MemTotal:        1844596 kB
MemFree:         1397952 kB
MemAvailable:    1524048 kB
Buffers:           32444 kB
Cached:           223632 kB
MemTotal:        1844596 kB
MemFree:         1398288 kB
MemAvailable:    1524384 kB
Buffers:           32444 kB
Cached:           223632 kB
MemTotal:        1844596 kB
MemFree:         1398212 kB
MemAvailable:    1524308 kB
Buffers:           32444 kB
Cached:           223632 kB
MemTotal:        1844596 kB
MemFree:         1397528 kB
MemAvailable:    1523624 kB
Buffers:           32444 kB
Cached:           223632 kB
MemTotal:        1844596 kB
MemFree:         1398128 kB
MemAvailable:    1524224 kB
Buffers:           32444 kB
Cached:           223632 kB
MemTotal:        1844596 kB
MemFree:         1398464 kB
MemAvailable:    1524560 kB
Buffers:           32444 kB
Cached:           223632 kB
MemTotal:        1844596 kB
MemFree:         1398188 kB
MemAvailable:    1524284 kB
Buffers:           32444 kB
Cached:           223632 kB
MemTotal:        1844596 kB
MemFree:         1398072 kB
MemAvailable:    1524168 kB
Buffers:           32444 kB
Cached:           223632 kB
MemTotal:        1844596 kB
MemFree:         1398324 kB
MemAvailable:    1524420 kB
Buffers:           32444 kB
Cached:           223632 kB
MemTotal:        1844596 kB
MemFree:         1398128 kB
MemAvailable:    1524224 kB
Buffers:           32444 kB
Cached:           223632 kB
MemTotal:        1844596 kB
MemFree:         1398384 kB
MemAvailable:    1524480 kB
Buffers:           32444 kB
Cached:           223632 kB
MemTotal:        1844596 kB
MemFree:         1398272 kB
MemAvailable:    1524368 kB
Buffers:           32444 kB
Cached:           223632 kB
MemTotal:        1844596 kB
MemFree:         1398436 kB
MemAvailable:    1524532 kB
Buffers:           32444 kB
Cached:           223632 kB
MemTotal:        1844596 kB
MemFree:         1396836 kB
MemAvailable:    1522932 kB
Buffers:           32444 kB
Cached:           223632 kB
MemTotal:        1844596 kB
MemFree:         1398148 kB
MemAvailable:    1524244 kB
Buffers:           32444 kB
Cached:           223632 kB
MemTotal:        1844596 kB
MemFree:         1398008 kB
MemAvailable:    1524104 kB
Buffers:           32444 kB
Cached:           223632 kB
MemTotal:        1844596 kB
MemFree:         1398348 kB
MemAvailable:    1524444 kB
Buffers:           32444 kB
Cached:           223632 kB
MemTotal:        1844596 kB
MemFree:         1397156 kB
MemAvailable:    1523252 kB
Buffers:           32444 kB
Cached:           223632 kB
MemTotal:        1844596 kB
MemFree:         1398396 kB
MemAvailable:    1524492 kB
Buffers:           32444 kB
Cached:           223632 kB
MemTotal:        1844596 kB
MemFree:         1398208 kB
MemAvailable:    1524304 kB
Buffers:           32444 kB
Cached:           223632 kB
MemTotal:        1844596 kB
MemFree:         1398100 kB
MemAvailable:    1524196 kB
Buffers:           32444 kB
Cached:           223632 kB
MemTotal:        1844596 kB
MemFree:         1398176 kB
MemAvailable:    1524272 kB
Buffers:           32444 kB
Cached:           223632 kB
MemTotal:        1844596 kB
MemFree:         1398176 kB
MemAvailable:    1524272 kB
Buffers:           32444 kB
Cached:           223632 kB
MemTotal:        1844596 kB
MemFree:         1396844 kB
MemAvailable:    1522940 kB
Buffers:           32444 kB
Cached:           223632 kB
MemTotal:        1844596 kB
MemFree:         1398276 kB
MemAvailable:    1524372 kB
Buffers:           32444 kB
Cached:           223632 kB
MemTotal:        1844596 kB
MemFree:         1398276 kB
MemAvailable:    1524372 kB
Buffers:           32444 kB
Cached:           223632 kB
MemTotal:        1844596 kB
MemFree:         1398336 kB
MemAvailable:    1524432 kB
Buffers:           32444 kB
Cached:           223632 kB
MemTotal:        1844596 kB
MemFree:         1397404 kB
MemAvailable:    1523500 kB
Buffers:           32444 kB
Cached:           223632 kB
MemTotal:        1844596 kB
MemFree:         1398192 kB
MemAvailable:    1524292 kB
Buffers:           32444 kB
Cached:           223636 kB
MemTotal:        1844596 kB
MemFree:         1396908 kB
MemAvailable:    1523008 kB
Buffers:           32444 kB
Cached:           223636 kB
MemTotal:        1844596 kB
MemFree:         1397480 kB
MemAvailable:    1523580 kB
Buffers:           32444 kB
Cached:           223636 kB
MemTotal:        1844596 kB
MemFree:         1397024 kB
MemAvailable:    1523124 kB
Buffers:           32444 kB
Cached:           223636 kB
MemTotal:        1844596 kB
MemFree:         1397032 kB
MemAvailable:    1523132 kB
Buffers:           32444 kB
Cached:           223636 kB
MemTotal:        1844596 kB
MemFree:         1398140 kB
MemAvailable:    1524240 kB
Buffers:           32444 kB
Cached:           223636 kB
MemTotal:        1844596 kB
MemFree:         1398392 kB
MemAvailable:    1524492 kB
Buffers:           32444 kB
Cached:           223636 kB
MemTotal:        1844596 kB
MemFree:         1398284 kB
MemAvailable:    1524384 kB
Buffers:           32444 kB
Cached:           223636 kB
MemTotal:        1844596 kB
MemFree:         1398440 kB
MemAvailable:    1524540 kB
Buffers:           32444 kB
Cached:           223636 kB
MemTotal:        1844596 kB
MemFree:         1397660 kB
MemAvailable:    1523760 kB
Buffers:           32444 kB
Cached:           223636 kB
MemTotal:        1844596 kB
MemFree:         1398704 kB
MemAvailable:    1524804 kB
Buffers:           32444 kB
Cached:           223636 kB
MemTotal:        1844596 kB
MemFree:         1398448 kB
MemAvailable:    1524548 kB
Buffers:           32444 kB
Cached:           223636 kB
MemTotal:        1844596 kB
MemFree:         1397280 kB
MemAvailable:    1523380 kB
Buffers:           32444 kB
Cached:           223636 kB
MemTotal:        1844596 kB
MemFree:         1397024 kB
MemAvailable:    1523208 kB
Buffers:           32444 kB
Cached:           223760 kB
MemTotal:        1844596 kB
MemFree:         1396900 kB
MemAvailable:    1523084 kB
Buffers:           32444 kB
Cached:           223760 kB
MemTotal:        1844596 kB
MemFree:         1398224 kB
MemAvailable:    1524660 kB
Buffers:           32444 kB
Cached:           224008 kB
MemTotal:        1844596 kB
MemFree:         1396908 kB
MemAvailable:    1523344 kB
Buffers:           32444 kB
Cached:           224008 kB
MemTotal:        1844596 kB
MemFree:         1397780 kB
MemAvailable:    1524300 kB
Buffers:           32444 kB
Cached:           224132 kB
MemTotal:        1844596 kB
MemFree:         1397324 kB
MemAvailable:    1523928 kB
Buffers:           32444 kB
Cached:           224256 kB
MemTotal:        1844596 kB
MemFree:         1397660 kB
MemAvailable:    1524264 kB
Buffers:           32444 kB
Cached:           224256 kB
MemTotal:        1844596 kB
MemFree:         1396084 kB
MemAvailable:    1522688 kB
Buffers:           32444 kB
Cached:           224256 kB
MemTotal:        1844596 kB
MemFree:         1396288 kB
MemAvailable:    1522968 kB
Buffers:           32444 kB
Cached:           224300 kB
MemTotal:        1844596 kB
MemFree:         1396280 kB
MemAvailable:    1522960 kB
Buffers:           32444 kB
Cached:           224300 kB
MemTotal:        1844596 kB
MemFree:         1396240 kB
MemAvailable:    1522972 kB
Buffers:           32444 kB
Cached:           224316 kB
MemTotal:        1844596 kB
MemFree:         1397696 kB
MemAvailable:    1524428 kB
Buffers:           32444 kB
Cached:           224316 kB
MemTotal:        1844596 kB
MemFree:         1398192 kB
MemAvailable:    1524336 kB
Buffers:           32444 kB
Cached:           223684 kB
MemTotal:        1844596 kB
MemFree:         1467508 kB
MemAvailable:    1593652 kB
Buffers:           32444 kB
Cached:           223684 kB
MemTotal:        1844596 kB
MemFree:         1467464 kB
MemAvailable:    1593608 kB
Buffers:           32444 kB
Cached:           223684 kB
