MemTotal:        1844596 kB
MemFree:         1486328 kB
MemAvailable:    1576988 kB
Buffers:           27312 kB
Cached:           192884 kB
MemTotal:        1844596 kB
MemFree:         1486016 kB
MemAvailable:    1576676 kB
Buffers:           27312 kB
Cached:           192884 kB
MemTotal:        1844596 kB
MemFree:         1485088 kB
MemAvailable:    1575748 kB
Buffers:           27312 kB
Cached:           192884 kB
MemTotal:        1844596 kB
MemFree:         1484156 kB
MemAvailable:    1574816 kB
Buffers:           27312 kB
Cached:           192884 kB
MemTotal:        1844596 kB
MemFree:         1481492 kB
MemAvailable:    1572152 kB
Buffers:           27312 kB
Cached:           192884 kB
MemTotal:        1844596 kB
MemFree:         1482476 kB
MemAvailable:    1573136 kB
Buffers:           27312 kB
Cached:           192884 kB
MemTotal:        1844596 kB
MemFree:         1480376 kB
MemAvailable:    1571036 kB
Buffers:           27312 kB
Cached:           192884 kB
MemTotal:        1844596 kB
MemFree:         1479072 kB
MemAvailable:    1569732 kB
Buffers:           27312 kB
Cached:           192884 kB
MemTotal:        1844596 kB
MemFree:         1475416 kB
MemAvailable:    1566076 kB
Buffers:           27312 kB
Cached:           192884 kB
MemTotal:        1844596 kB
MemFree:         1471068 kB
MemAvailable:    1561728 kB
Buffers:           27312 kB
Cached:           192884 kB
MemTotal:        1844596 kB
MemFree:         1472608 kB
MemAvailable:    1563268 kB
Buffers:           27312 kB
Cached:           192884 kB
MemTotal:        1844596 kB
MemFree:         1472584 kB
MemAvailable:    1563244 kB
Buffers:           27312 kB
Cached:           192884 kB
MemTotal:        1844596 kB
MemFree:         1472624 kB
MemAvailable:    1563284 kB
Buffers:           27312 kB
Cached:           192884 kB
MemTotal:        1844596 kB
MemFree:         1471276 kB
MemAvailable:    1561936 kB
Buffers:           27312 kB
Cached:           192884 kB
MemTotal:        1844596 kB
MemFree:         1471524 kB
MemAvailable:    1562184 kB
Buffers:           27312 kB
Cached:           192884 kB
MemTotal:        1844596 kB
MemFree:         1472492 kB
MemAvailable:    1563152 kB
Buffers:           27312 kB
Cached:           192884 kB
MemTotal:        1844596 kB
MemFree:         1471632 kB
MemAvailable:    1562292 kB
Buffers:           27312 kB
Cached:           192884 kB
MemTotal:        1844596 kB
MemFree:         1470084 kB
MemAvailable:    1560744 kB
Buffers:           27312 kB
Cached:           192884 kB
MemTotal:        1844596 kB
MemFree:         1470332 kB
MemAvailable:    1560992 kB
Buffers:           27312 kB
Cached:           192884 kB
MemTotal:        1844596 kB
MemFree:         1468960 kB
MemAvailable:    1559620 kB
Buffers:           27312 kB
Cached:           192884 kB
MemTotal:        1844596 kB
MemFree:         1470260 kB
MemAvailable:    1560920 kB
Buffers:           27312 kB
Cached:           192884 kB
MemTotal:        1844596 kB
MemFree:         1469944 kB
MemAvailable:    1560604 kB
Buffers:           27312 kB
Cached:           192884 kB
MemTotal:        1844596 kB
MemFree:         1470084 kB
MemAvailable:    1560744 kB
Buffers:           27312 kB
Cached:           192884 kB
MemTotal:        1844596 kB
MemFree:         1469696 kB
MemAvailable:    1560356 kB
Buffers:           27312 kB
Cached:           192884 kB
MemTotal:        1844596 kB
MemFree:         1469288 kB
MemAvailable:    1559948 kB
Buffers:           27312 kB
Cached:           192884 kB
MemTotal:        1844596 kB
MemFree:         1470200 kB
MemAvailable:    1560864 kB
Buffers:           27312 kB
Cached:           192888 kB
MemTotal:        1844596 kB
MemFree:         1469952 kB
MemAvailable:    1560616 kB
Buffers:           27312 kB
Cached:           192888 kB
MemTotal:        1844596 kB
MemFree:         1469084 kB
MemAvailable:    1559748 kB
Buffers:           27312 kB
Cached:           192888 kB
MemTotal:        1844596 kB
MemFree:         1470128 kB
MemAvailable:    1560792 kB
Buffers:           27312 kB
Cached:           192888 kB
MemTotal:        1844596 kB
MemFree:         1471012 kB
MemAvailable:    1561676 kB
Buffers:           27312 kB
Cached:           192888 kB
MemTotal:        1844596 kB
MemFree:         1468720 kB
MemAvailable:    1559384 kB
Buffers:           27312 kB
Cached:           192888 kB
MemTotal:        1844596 kB
MemFree:         1468036 kB
MemAvailable:    1558700 kB
Buffers:           27312 kB
Cached:           192888 kB
MemTotal:        1844596 kB
MemFree:         1466728 kB
MemAvailable:    1557392 kB
Buffers:           27312 kB
Cached:           192888 kB
MemTotal:        1844596 kB
MemFree:         1466976 kB
MemAvailable:    1557640 kB
Buffers:           27312 kB
Cached:           192888 kB
MemTotal:        1844596 kB
MemFree:         1466868 kB
MemAvailable:    1557532 kB
Buffers:           27312 kB
Cached:           192888 kB
MemTotal:        1844596 kB
MemFree:         1466788 kB
MemAvailable:    1557452 kB
Buffers:           27312 kB
Cached:           192888 kB
MemTotal:        1844596 kB
MemFree:         1465000 kB
MemAvailable:    1555664 kB
Buffers:           27312 kB
Cached:           192888 kB
MemTotal:        1844596 kB
MemFree:         1465256 kB
MemAvailable:    1555920 kB
Buffers:           27312 kB
Cached:           192888 kB
MemTotal:        1844596 kB
MemFree:         1465860 kB
MemAvailable:    1556524 kB
Buffers:           27312 kB
Cached:           192888 kB
MemTotal:        1844596 kB
MemFree:         1466112 kB
MemAvailable:    1556776 kB
Buffers:           27312 kB
Cached:           192888 kB
MemTotal:        1844596 kB
MemFree:         1465852 kB
MemAvailable:    1556516 kB
Buffers:           27312 kB
Cached:           192888 kB
MemTotal:        1844596 kB
MemFree:         1465936 kB
MemAvailable:    1556600 kB
Buffers:           27312 kB
Cached:           192888 kB
MemTotal:        1844596 kB
MemFree:         1465736 kB
MemAvailable:    1556400 kB
Buffers:           27312 kB
Cached:           192888 kB
MemTotal:        1844596 kB
MemFree:         1465848 kB
MemAvailable:    1556512 kB
Buffers:           27312 kB
Cached:           192888 kB
MemTotal:        1844596 kB
MemFree:         1465792 kB
MemAvailable:    1556456 kB
Buffers:           27312 kB
Cached:           192888 kB
MemTotal:        1844596 kB
MemFree:         1465548 kB
MemAvailable:    1556212 kB
Buffers:           27312 kB
Cached:           192888 kB
MemTotal:        1844596 kB
MemFree:         1465116 kB
MemAvailable:    1555780 kB
Buffers:           27312 kB
Cached:           192888 kB
MemTotal:        1844596 kB
MemFree:         1465452 kB
MemAvailable:    1556116 kB
Buffers:           27312 kB
Cached:           192888 kB
MemTotal:        1844596 kB
MemFree:         1464980 kB
MemAvailable:    1555644 kB
Buffers:           27312 kB
Cached:           192888 kB
MemTotal:        1844596 kB
MemFree:         1464980 kB
MemAvailable:    1555644 kB
Buffers:           27312 kB
Cached:           192888 kB
MemTotal:        1844596 kB
MemFree:         1464820 kB
MemAvailable:    1555484 kB
Buffers:           27312 kB
Cached:           192888 kB
MemTotal:        1844596 kB
MemFree:         1464820 kB
MemAvailable:    1555484 kB
Buffers:           27312 kB
Cached:           192888 kB
MemTotal:        1844596 kB
MemFree:         1464688 kB
MemAvailable:    1555352 kB
Buffers:           27312 kB
Cached:           192888 kB
MemTotal:        1844596 kB
MemFree:         1465024 kB
MemAvailable:    1555688 kB
Buffers:           27312 kB
Cached:           192888 kB
MemTotal:        1844596 kB
MemFree:         1463572 kB
MemAvailable:    1554236 kB
Buffers:           27312 kB
Cached:           192888 kB
MemTotal:        1844596 kB
MemFree:         1464880 kB
MemAvailable:    1555544 kB
Buffers:           27312 kB
Cached:           192888 kB
MemTotal:        1844596 kB
MemFree:         1463704 kB
MemAvailable:    1554368 kB
Buffers:           27312 kB
Cached:           192888 kB
MemTotal:        1844596 kB
MemFree:         1464132 kB
MemAvailable:    1554796 kB
Buffers:           27312 kB
Cached:           192888 kB
MemTotal:        1844596 kB
MemFree:         1464680 kB
MemAvailable:    1555344 kB
Buffers:           27312 kB
Cached:           192888 kB
MemTotal:        1844596 kB
MemFree:         1464932 kB
MemAvailable:    1555596 kB
Buffers:           27312 kB
Cached:           192888 kB
MemTotal:        1844596 kB
MemFree:         1463440 kB
MemAvailable:    1554104 kB
Buffers:           27312 kB
Cached:           192888 kB
MemTotal:        1844596 kB
MemFree:         1464588 kB
MemAvailable:    1555252 kB
Buffers:           27312 kB
Cached:           192888 kB
MemTotal:        1844596 kB
MemFree:         1464000 kB
MemAvailable:    1554664 kB
Buffers:           27312 kB
Cached:           192888 kB
MemTotal:        1844596 kB
MemFree:         1464252 kB
MemAvailable:    1554916 kB
Buffers:           27312 kB
Cached:           192888 kB
MemTotal:        1844596 kB
MemFree:         1462720 kB
MemAvailable:    1553384 kB
Buffers:           27312 kB
Cached:           192888 kB
MemTotal:        1844596 kB
MemFree:         1462712 kB
MemAvailable:    1553376 kB
Buffers:           27312 kB
Cached:           192888 kB
MemTotal:        1844596 kB
MemFree:         1464056 kB
MemAvailable:    1554720 kB
Buffers:           27312 kB
Cached:           192888 kB
MemTotal:        1844596 kB
MemFree:         1462700 kB
MemAvailable:    1553364 kB
Buffers:           27312 kB
Cached:           192888 kB
MemTotal:        1844596 kB
MemFree:         1462620 kB
MemAvailable:    1553284 kB
Buffers:           27312 kB
Cached:           192888 kB
MemTotal:        1844596 kB
MemFree:         1463928 kB
MemAvailable:    1554592 kB
Buffers:           27312 kB
Cached:           192888 kB
MemTotal:        1844596 kB
MemFree:         1463928 kB
MemAvailable:    1554592 kB
Buffers:           27312 kB
Cached:           192888 kB
MemTotal:        1844596 kB
MemFree:         1462140 kB
MemAvailable:    1552804 kB
Buffers:           27312 kB
Cached:           192888 kB
MemTotal:        1844596 kB
MemFree:         1462272 kB
MemAvailable:    1552936 kB
Buffers:           27312 kB
Cached:           192888 kB
MemTotal:        1844596 kB
MemFree:         1458420 kB
MemAvailable:    1549084 kB
Buffers:           27312 kB
Cached:           192888 kB
MemTotal:        1844596 kB
MemFree:         1456752 kB
MemAvailable:    1547416 kB
Buffers:           27312 kB
Cached:           192888 kB
MemTotal:        1844596 kB
MemFree:         1455328 kB
MemAvailable:    1545992 kB
Buffers:           27312 kB
Cached:           192888 kB
MemTotal:        1844596 kB
MemFree:         1456552 kB
MemAvailable:    1547216 kB
Buffers:           27312 kB
Cached:           192888 kB
MemTotal:        1844596 kB
MemFree:         1455080 kB
MemAvailable:    1545744 kB
Buffers:           27312 kB
Cached:           192888 kB
MemTotal:        1844596 kB
MemFree:         1455932 kB
MemAvailable:    1546596 kB
Buffers:           27312 kB
Cached:           192888 kB
MemTotal:        1844596 kB
MemFree:         1455768 kB
MemAvailable:    1546432 kB
Buffers:           27312 kB
Cached:           192888 kB
MemTotal:        1844596 kB
MemFree:         1455868 kB
MemAvailable:    1546532 kB
Buffers:           27312 kB
Cached:           192888 kB
MemTotal:        1844596 kB
MemFree:         1455868 kB
MemAvailable:    1546532 kB
Buffers:           27312 kB
Cached:           192888 kB
MemTotal:        1844596 kB
MemFree:         1455920 kB
MemAvailable:    1546584 kB
Buffers:           27312 kB
Cached:           192888 kB
MemTotal:        1844596 kB
MemFree:         1456172 kB
MemAvailable:    1546836 kB
Buffers:           27312 kB
Cached:           192888 kB
MemTotal:        1844596 kB
MemFree:         1455752 kB
MemAvailable:    1546416 kB
Buffers:           27312 kB
Cached:           192888 kB
MemTotal:        1844596 kB
MemFree:         1456088 kB
MemAvailable:    1546752 kB
Buffers:           27312 kB
Cached:           192888 kB
MemTotal:        1844596 kB
MemFree:         1454772 kB
MemAvailable:    1545436 kB
Buffers:           27312 kB
Cached:           192888 kB
MemTotal:        1844596 kB
MemFree:         1455888 kB
MemAvailable:    1546552 kB
Buffers:           27312 kB
Cached:           192888 kB
MemTotal:        1844596 kB
MemFree:         1455940 kB
MemAvailable:    1546604 kB
Buffers:           27312 kB
Cached:           192888 kB
MemTotal:        1844596 kB
MemFree:         1455552 kB
MemAvailable:    1546216 kB
Buffers:           27312 kB
Cached:           192888 kB
MemTotal:        1844596 kB
MemFree:         1455552 kB
MemAvailable:    1546216 kB
Buffers:           27312 kB
Cached:           192888 kB
MemTotal:        1844596 kB
MemFree:         1455332 kB
MemAvailable:    1545996 kB
Buffers:           27312 kB
Cached:           192888 kB
MemTotal:        1844596 kB
MemFree:         1455200 kB
MemAvailable:    1545864 kB
Buffers:           27312 kB
Cached:           192888 kB
MemTotal:        1844596 kB
MemFree:         1453592 kB
MemAvailable:    1544256 kB
Buffers:           27312 kB
Cached:           192888 kB
MemTotal:        1844596 kB
MemFree:         1453468 kB
MemAvailable:    1544132 kB
Buffers:           27312 kB
Cached:           192888 kB
MemTotal:        1844596 kB
MemFree:         1454328 kB
MemAvailable:    1544992 kB
Buffers:           27312 kB
Cached:           192888 kB
MemTotal:        1844596 kB
MemFree:         1454328 kB
MemAvailable:    1544992 kB
Buffers:           27312 kB
Cached:           192888 kB
MemTotal:        1844596 kB
MemFree:         1453204 kB
MemAvailable:    1543868 kB
Buffers:           27312 kB
Cached:           192888 kB
MemTotal:        1844596 kB
MemFree:         1453540 kB
MemAvailable:    1544204 kB
Buffers:           27312 kB
Cached:           192888 kB
MemTotal:        1844596 kB
MemFree:         1451964 kB
MemAvailable:    1542628 kB
Buffers:           27312 kB
Cached:           192888 kB
MemTotal:        1844596 kB
MemFree:         1452660 kB
MemAvailable:    1543324 kB
Buffers:           27312 kB
Cached:           192888 kB
MemTotal:        1844596 kB
MemFree:         1452592 kB
MemAvailable:    1543256 kB
Buffers:           27312 kB
Cached:           192888 kB
MemTotal:        1844596 kB
MemFree:         1452220 kB
MemAvailable:    1542884 kB
Buffers:           27312 kB
Cached:           192888 kB
MemTotal:        1844596 kB
MemFree:         1452304 kB
MemAvailable:    1542968 kB
Buffers:           27312 kB
Cached:           192888 kB
MemTotal:        1844596 kB
MemFree:         1451832 kB
MemAvailable:    1542496 kB
Buffers:           27312 kB
Cached:           192888 kB
MemTotal:        1844596 kB
MemFree:         1452168 kB
MemAvailable:    1542832 kB
Buffers:           27312 kB
Cached:           192888 kB
MemTotal:        1844596 kB
MemFree:         1450856 kB
MemAvailable:    1541532 kB
Buffers:           27312 kB
Cached:           192900 kB
MemTotal:        1844596 kB
MemFree:         1452056 kB
MemAvailable:    1542732 kB
Buffers:           27312 kB
Cached:           192900 kB
MemTotal:        1844596 kB
MemFree:         1452056 kB
MemAvailable:    1542732 kB
Buffers:           27312 kB
Cached:           192900 kB
MemTotal:        1844596 kB
MemFree:         1451848 kB
MemAvailable:    1542524 kB
Buffers:           27312 kB
Cached:           192900 kB
MemTotal:        1844596 kB
MemFree:         1452104 kB
MemAvailable:    1542780 kB
Buffers:           27312 kB
Cached:           192900 kB
MemTotal:        1844596 kB
MemFree:         1451600 kB
MemAvailable:    1542276 kB
Buffers:           27312 kB
Cached:           192900 kB
MemTotal:        1844596 kB
MemFree:         1451600 kB
MemAvailable:    1542276 kB
Buffers:           27312 kB
Cached:           192900 kB
MemTotal:        1844596 kB
MemFree:         1444276 kB
MemAvailable:    1534952 kB
Buffers:           27312 kB
Cached:           192900 kB
MemTotal:        1844596 kB
MemFree:         1444612 kB
MemAvailable:    1535288 kB
Buffers:           27312 kB
Cached:           192900 kB
MemTotal:        1844596 kB
MemFree:         1443160 kB
MemAvailable:    1533836 kB
Buffers:           27312 kB
Cached:           192900 kB
MemTotal:        1844596 kB
MemFree:         1444160 kB
MemAvailable:    1534836 kB
Buffers:           27312 kB
Cached:           192900 kB
MemTotal:        1844596 kB
MemFree:         1444244 kB
MemAvailable:    1534920 kB
Buffers:           27312 kB
Cached:           192900 kB
MemTotal:        1844596 kB
MemFree:         1444028 kB
MemAvailable:    1534704 kB
Buffers:           27312 kB
Cached:           192900 kB
MemTotal:        1844596 kB
MemFree:         1444028 kB
MemAvailable:    1534704 kB
Buffers:           27312 kB
Cached:           192900 kB
MemTotal:        1844596 kB
MemFree:         1444756 kB
MemAvailable:    1535432 kB
Buffers:           27312 kB
Cached:           192900 kB
MemTotal:        1844596 kB
MemFree:         1437456 kB
MemAvailable:    1528132 kB
Buffers:           27312 kB
Cached:           192900 kB
MemTotal:        1844596 kB
MemFree:         1437456 kB
MemAvailable:    1528132 kB
Buffers:           27312 kB
Cached:           192900 kB
MemTotal:        1844596 kB
MemFree:         1436904 kB
MemAvailable:    1527580 kB
Buffers:           27312 kB
Cached:           192900 kB
MemTotal:        1844596 kB
MemFree:         1437240 kB
MemAvailable:    1527916 kB
Buffers:           27312 kB
Cached:           192900 kB
MemTotal:        1844596 kB
MemFree:         1437164 kB
MemAvailable:    1527840 kB
Buffers:           27312 kB
Cached:           192900 kB
MemTotal:        1844596 kB
MemFree:         1436728 kB
MemAvailable:    1527404 kB
Buffers:           27312 kB
Cached:           192900 kB
MemTotal:        1844596 kB
MemFree:         1435680 kB
MemAvailable:    1526356 kB
Buffers:           27312 kB
Cached:           192900 kB
MemTotal:        1844596 kB
MemFree:         1436692 kB
MemAvailable:    1527368 kB
Buffers:           27312 kB
Cached:           192900 kB
MemTotal:        1844596 kB
MemFree:         1436356 kB
MemAvailable:    1527032 kB
Buffers:           27312 kB
Cached:           192900 kB
MemTotal:        1844596 kB
MemFree:         1436732 kB
MemAvailable:    1527408 kB
Buffers:           27312 kB
Cached:           192900 kB
MemTotal:        1844596 kB
MemFree:         1435300 kB
MemAvailable:    1525976 kB
Buffers:           27312 kB
Cached:           192900 kB
MemTotal:        1844596 kB
MemFree:         1436152 kB
MemAvailable:    1526828 kB
Buffers:           27312 kB
Cached:           192900 kB
MemTotal:        1844596 kB
MemFree:         1436152 kB
MemAvailable:    1526828 kB
Buffers:           27312 kB
Cached:           192900 kB
MemTotal:        1844596 kB
MemFree:         1435844 kB
MemAvailable:    1526520 kB
Buffers:           27312 kB
Cached:           192900 kB
MemTotal:        1844596 kB
MemFree:         1436100 kB
MemAvailable:    1526776 kB
Buffers:           27312 kB
Cached:           192900 kB
MemTotal:        1844596 kB
MemFree:         1435796 kB
MemAvailable:    1526472 kB
Buffers:           27312 kB
Cached:           192900 kB
MemTotal:        1844596 kB
MemFree:         1435796 kB
MemAvailable:    1526472 kB
Buffers:           27312 kB
Cached:           192900 kB
MemTotal:        1844596 kB
MemFree:         1435872 kB
MemAvailable:    1526548 kB
Buffers:           27312 kB
Cached:           192900 kB
MemTotal:        1844596 kB
MemFree:         1434608 kB
MemAvailable:    1525284 kB
Buffers:           27312 kB
Cached:           192900 kB
MemTotal:        1844596 kB
MemFree:         1435724 kB
MemAvailable:    1526400 kB
Buffers:           27312 kB
Cached:           192900 kB
MemTotal:        1844596 kB
MemFree:         1435116 kB
MemAvailable:    1525792 kB
Buffers:           27312 kB
Cached:           192900 kB
MemTotal:        1844596 kB
MemFree:         1435584 kB
MemAvailable:    1526260 kB
Buffers:           27312 kB
Cached:           192900 kB
MemTotal:        1844596 kB
MemFree:         1435752 kB
MemAvailable:    1526428 kB
Buffers:           27312 kB
Cached:           192900 kB
MemTotal:        1844596 kB
MemFree:         1434608 kB
MemAvailable:    1525284 kB
Buffers:           27312 kB
Cached:           192900 kB
MemTotal:        1844596 kB
MemFree:         1434344 kB
MemAvailable:    1525020 kB
Buffers:           27312 kB
Cached:           192900 kB
MemTotal:        1844596 kB
MemFree:         1435860 kB
MemAvailable:    1526536 kB
Buffers:           27320 kB
Cached:           192892 kB
MemTotal:        1844596 kB
MemFree:         1434596 kB
MemAvailable:    1525272 kB
Buffers:           27320 kB
Cached:           192892 kB
MemTotal:        1844596 kB
MemFree:         1434340 kB
MemAvailable:    1525016 kB
Buffers:           27320 kB
Cached:           192892 kB
MemTotal:        1844596 kB
MemFree:         1435640 kB
MemAvailable:    1526316 kB
Buffers:           27320 kB
Cached:           192892 kB
MemTotal:        1844596 kB
MemFree:         1434588 kB
MemAvailable:    1525264 kB
Buffers:           27320 kB
Cached:           192892 kB
MemTotal:        1844596 kB
MemFree:         1434664 kB
MemAvailable:    1525340 kB
Buffers:           27320 kB
Cached:           192892 kB
MemTotal:        1844596 kB
MemFree:         1435596 kB
MemAvailable:    1526272 kB
Buffers:           27320 kB
Cached:           192892 kB
MemTotal:        1844596 kB
MemFree:         1435932 kB
MemAvailable:    1526608 kB
Buffers:           27320 kB
Cached:           192892 kB
MemTotal:        1844596 kB
MemFree:         1435972 kB
MemAvailable:    1526648 kB
Buffers:           27320 kB
Cached:           192892 kB
MemTotal:        1844596 kB
MemFree:         1435716 kB
MemAvailable:    1526392 kB
Buffers:           27320 kB
Cached:           192892 kB
MemTotal:        1844596 kB
MemFree:         1435716 kB
MemAvailable:    1526392 kB
Buffers:           27320 kB
Cached:           192892 kB
MemTotal:        1844596 kB
MemFree:         1436028 kB
MemAvailable:    1526704 kB
Buffers:           27320 kB
Cached:           192892 kB
MemTotal:        1844596 kB
MemFree:         1434552 kB
MemAvailable:    1525228 kB
Buffers:           27320 kB
Cached:           192892 kB
MemTotal:        1844596 kB
MemFree:         1435356 kB
MemAvailable:    1526032 kB
Buffers:           27320 kB
Cached:           192892 kB
MemTotal:        1844596 kB
MemFree:         1435576 kB
MemAvailable:    1526252 kB
Buffers:           27320 kB
Cached:           192892 kB
MemTotal:        1844596 kB
MemFree:         1435612 kB
MemAvailable:    1526288 kB
Buffers:           27320 kB
Cached:           192892 kB
MemTotal:        1844596 kB
MemFree:         1435616 kB
MemAvailable:    1526292 kB
Buffers:           27320 kB
Cached:           192892 kB
MemTotal:        1844596 kB
MemFree:         1435660 kB
MemAvailable:    1526336 kB
Buffers:           27320 kB
Cached:           192892 kB
MemTotal:        1844596 kB
MemFree:         1434456 kB
MemAvailable:    1525132 kB
Buffers:           27320 kB
Cached:           192892 kB
MemTotal:        1844596 kB
MemFree:         1435804 kB
MemAvailable:    1526480 kB
Buffers:           27320 kB
Cached:           192892 kB
MemTotal:        1844596 kB
MemFree:         1435672 kB
MemAvailable:    1526348 kB
Buffers:           27320 kB
Cached:           192892 kB
MemTotal:        1844596 kB
MemFree:         1434868 kB
MemAvailable:    1525544 kB
Buffers:           27320 kB
Cached:           192892 kB
MemTotal:        1844596 kB
MemFree:         1435544 kB
MemAvailable:    1526220 kB
Buffers:           27320 kB
Cached:           192892 kB
MemTotal:        1844596 kB
MemFree:         1435744 kB
MemAvailable:    1526420 kB
Buffers:           27320 kB
Cached:           192892 kB
MemTotal:        1844596 kB
MemFree:         1435648 kB
MemAvailable:    1526324 kB
Buffers:           27320 kB
Cached:           192892 kB
MemTotal:        1844596 kB
MemFree:         1435648 kB
MemAvailable:    1526324 kB
Buffers:           27320 kB
Cached:           192892 kB
MemTotal:        1844596 kB
MemFree:         1435548 kB
MemAvailable:    1526224 kB
Buffers:           27320 kB
Cached:           192892 kB
MemTotal:        1844596 kB
MemFree:         1435800 kB
MemAvailable:    1526476 kB
Buffers:           27320 kB
Cached:           192892 kB
MemTotal:        1844596 kB
MemFree:         1435416 kB
MemAvailable:    1526092 kB
Buffers:           27320 kB
Cached:           192892 kB
MemTotal:        1844596 kB
MemFree:         1435364 kB
MemAvailable:    1526040 kB
Buffers:           27320 kB
Cached:           192892 kB
MemTotal:        1844596 kB
MemFree:         1435460 kB
MemAvailable:    1526136 kB
Buffers:           27320 kB
Cached:           192892 kB
MemTotal:        1844596 kB
MemFree:         1435488 kB
MemAvailable:    1526164 kB
Buffers:           27320 kB
Cached:           192892 kB
MemTotal:        1844596 kB
MemFree:         1435660 kB
MemAvailable:    1526336 kB
Buffers:           27320 kB
Cached:           192892 kB
MemTotal:        1844596 kB
MemFree:         1435548 kB
MemAvailable:    1526224 kB
Buffers:           27320 kB
Cached:           192892 kB
MemTotal:        1844596 kB
MemFree:         1435464 kB
MemAvailable:    1526140 kB
Buffers:           27320 kB
Cached:           192892 kB
MemTotal:        1844596 kB
MemFree:         1435516 kB
MemAvailable:    1526192 kB
Buffers:           27320 kB
Cached:           192892 kB
MemTotal:        1844596 kB
MemFree:         1434324 kB
MemAvailable:    1525020 kB
Buffers:           27320 kB
Cached:           192912 kB
MemTotal:        1844596 kB
MemFree:         1434232 kB
MemAvailable:    1524928 kB
Buffers:           27320 kB
Cached:           192912 kB
MemTotal:        1844596 kB
MemFree:         1434332 kB
MemAvailable:    1525028 kB
Buffers:           27320 kB
Cached:           192912 kB
MemTotal:        1844596 kB
MemFree:         1434324 kB
MemAvailable:    1525020 kB
Buffers:           27320 kB
Cached:           192912 kB
MemTotal:        1844596 kB
MemFree:         1435672 kB
MemAvailable:    1526368 kB
Buffers:           27320 kB
Cached:           192912 kB
MemTotal:        1844596 kB
MemFree:         1434240 kB
MemAvailable:    1524936 kB
Buffers:           27320 kB
Cached:           192912 kB
MemTotal:        1844596 kB
MemFree:         1435432 kB
MemAvailable:    1526128 kB
Buffers:           27320 kB
Cached:           192912 kB
MemTotal:        1844596 kB
MemFree:         1435768 kB
MemAvailable:    1526464 kB
Buffers:           27320 kB
Cached:           192912 kB
MemTotal:        1844596 kB
MemFree:         1435552 kB
MemAvailable:    1526248 kB
Buffers:           27320 kB
Cached:           192912 kB
MemTotal:        1844596 kB
MemFree:         1435552 kB
MemAvailable:    1526248 kB
Buffers:           27320 kB
Cached:           192912 kB
MemTotal:        1844596 kB
MemFree:         1435440 kB
MemAvailable:    1526136 kB
Buffers:           27320 kB
Cached:           192912 kB
MemTotal:        1844596 kB
MemFree:         1434744 kB
MemAvailable:    1525440 kB
Buffers:           27320 kB
Cached:           192912 kB
MemTotal:        1844596 kB
MemFree:         1436044 kB
MemAvailable:    1526740 kB
Buffers:           27320 kB
Cached:           192912 kB
MemTotal:        1844596 kB
MemFree:         1435976 kB
MemAvailable:    1526672 kB
Buffers:           27320 kB
Cached:           192912 kB
MemTotal:        1844596 kB
MemFree:         1434480 kB
MemAvailable:    1525176 kB
Buffers:           27320 kB
Cached:           192912 kB
MemTotal:        1844596 kB
MemFree:         1434612 kB
MemAvailable:    1525308 kB
Buffers:           27320 kB
Cached:           192912 kB
MemTotal:        1844596 kB
MemFree:         1434356 kB
MemAvailable:    1525052 kB
Buffers:           27320 kB
Cached:           192912 kB
MemTotal:        1844596 kB
MemFree:         1434348 kB
MemAvailable:    1525044 kB
Buffers:           27320 kB
Cached:           192912 kB
MemTotal:        1844596 kB
MemFree:         1435672 kB
MemAvailable:    1526368 kB
Buffers:           27320 kB
Cached:           192912 kB
MemTotal:        1844596 kB
MemFree:         1435096 kB
MemAvailable:    1525792 kB
Buffers:           27320 kB
Cached:           192912 kB
MemTotal:        1844596 kB
MemFree:         1434464 kB
MemAvailable:    1525160 kB
Buffers:           27320 kB
Cached:           192912 kB
MemTotal:        1844596 kB
MemFree:         1434300 kB
MemAvailable:    1524996 kB
Buffers:           27320 kB
Cached:           192912 kB
MemTotal:        1844596 kB
MemFree:         1434424 kB
MemAvailable:    1525120 kB
Buffers:           27320 kB
Cached:           192912 kB
MemTotal:        1844596 kB
MemFree:         1434168 kB
MemAvailable:    1524864 kB
Buffers:           27320 kB
Cached:           192912 kB
MemTotal:        1844596 kB
MemFree:         1435560 kB
MemAvailable:    1526256 kB
Buffers:           27320 kB
Cached:           192912 kB
MemTotal:        1844596 kB
MemFree:         1435488 kB
MemAvailable:    1526184 kB
Buffers:           27320 kB
Cached:           192912 kB
MemTotal:        1844596 kB
MemFree:         1435532 kB
MemAvailable:    1526228 kB
Buffers:           27320 kB
Cached:           192912 kB
MemTotal:        1844596 kB
MemFree:         1435616 kB
MemAvailable:    1526312 kB
Buffers:           27320 kB
Cached:           192912 kB
MemTotal:        1844596 kB
MemFree:         1434184 kB
MemAvailable:    1524880 kB
Buffers:           27320 kB
Cached:           192912 kB
MemTotal:        1844596 kB
MemFree:         1435652 kB
MemAvailable:    1526348 kB
Buffers:           27320 kB
Cached:           192912 kB
MemTotal:        1844596 kB
MemFree:         1434304 kB
MemAvailable:    1525000 kB
Buffers:           27320 kB
Cached:           192912 kB
MemTotal:        1844596 kB
MemFree:         1435508 kB
MemAvailable:    1526204 kB
Buffers:           27320 kB
Cached:           192912 kB
MemTotal:        1844596 kB
MemFree:         1435528 kB
MemAvailable:    1526224 kB
Buffers:           27320 kB
Cached:           192912 kB
MemTotal:        1844596 kB
MemFree:         1435528 kB
MemAvailable:    1526224 kB
Buffers:           27320 kB
Cached:           192912 kB
MemTotal:        1844596 kB
MemFree:         1435604 kB
MemAvailable:    1526300 kB
Buffers:           27320 kB
Cached:           192912 kB
MemTotal:        1844596 kB
MemFree:         1435744 kB
MemAvailable:    1526440 kB
Buffers:           27320 kB
Cached:           192912 kB
MemTotal:        1844596 kB
MemFree:         1434356 kB
MemAvailable:    1525052 kB
Buffers:           27320 kB
Cached:           192912 kB
MemTotal:        1844596 kB
MemFree:         1434356 kB
MemAvailable:    1525052 kB
Buffers:           27320 kB
Cached:           192912 kB
MemTotal:        1844596 kB
MemFree:         1434488 kB
MemAvailable:    1525184 kB
Buffers:           27320 kB
Cached:           192912 kB
MemTotal:        1844596 kB
MemFree:         1434360 kB
MemAvailable:    1525056 kB
Buffers:           27320 kB
Cached:           192912 kB
MemTotal:        1844596 kB
MemFree:         1435660 kB
MemAvailable:    1526356 kB
Buffers:           27320 kB
Cached:           192912 kB
MemTotal:        1844596 kB
MemFree:         1434744 kB
MemAvailable:    1525440 kB
Buffers:           27320 kB
Cached:           192912 kB
MemTotal:        1844596 kB
MemFree:         1435920 kB
MemAvailable:    1526616 kB
Buffers:           27320 kB
Cached:           192912 kB
MemTotal:        1844596 kB
MemFree:         1434620 kB
MemAvailable:    1525316 kB
Buffers:           27320 kB
Cached:           192912 kB
MemTotal:        1844596 kB
MemFree:         1435904 kB
MemAvailable:    1526600 kB
Buffers:           27320 kB
Cached:           192912 kB
MemTotal:        1844596 kB
MemFree:         1435844 kB
MemAvailable:    1526540 kB
Buffers:           27320 kB
Cached:           192912 kB
MemTotal:        1844596 kB
MemFree:         1435464 kB
MemAvailable:    1526160 kB
Buffers:           27320 kB
Cached:           192912 kB
MemTotal:        1844596 kB
MemFree:         1435716 kB
MemAvailable:    1526412 kB
Buffers:           27320 kB
Cached:           192912 kB
MemTotal:        1844596 kB
MemFree:         1435292 kB
MemAvailable:    1525988 kB
Buffers:           27320 kB
Cached:           192912 kB
MemTotal:        1844596 kB
MemFree:         1434980 kB
MemAvailable:    1525676 kB
Buffers:           27320 kB
Cached:           192912 kB
MemTotal:        1844596 kB
MemFree:         1435664 kB
MemAvailable:    1526360 kB
Buffers:           27320 kB
Cached:           192912 kB
MemTotal:        1844596 kB
MemFree:         1435116 kB
MemAvailable:    1525812 kB
Buffers:           27320 kB
Cached:           192912 kB
MemTotal:        1844596 kB
MemFree:         1435424 kB
MemAvailable:    1526120 kB
Buffers:           27320 kB
Cached:           192912 kB
MemTotal:        1844596 kB
MemFree:         1435680 kB
MemAvailable:    1526376 kB
Buffers:           27320 kB
Cached:           192912 kB
MemTotal:        1844596 kB
MemFree:         1435552 kB
MemAvailable:    1526248 kB
Buffers:           27320 kB
Cached:           192912 kB
MemTotal:        1844596 kB
MemFree:         1435548 kB
MemAvailable:    1526244 kB
Buffers:           27320 kB
Cached:           192912 kB
MemTotal:        1844596 kB
MemFree:         1435548 kB
MemAvailable:    1526244 kB
Buffers:           27320 kB
Cached:           192912 kB
MemTotal:        1844596 kB
MemFree:         1434240 kB
MemAvailable:    1524936 kB
Buffers:           27320 kB
Cached:           192912 kB
MemTotal:        1844596 kB
MemFree:         1435556 kB
MemAvailable:    1526252 kB
Buffers:           27320 kB
Cached:           192912 kB
MemTotal:        1844596 kB
MemFree:         1435472 kB
MemAvailable:    1526168 kB
Buffers:           27320 kB
Cached:           192912 kB
MemTotal:        1844596 kB
MemFree:         1435472 kB
MemAvailable:    1526168 kB
Buffers:           27320 kB
Cached:           192912 kB
MemTotal:        1844596 kB
MemFree:         1434480 kB
MemAvailable:    1525176 kB
Buffers:           27320 kB
Cached:           192912 kB
MemTotal:        1844596 kB
MemFree:         1434348 kB
MemAvailable:    1525044 kB
Buffers:           27320 kB
Cached:           192912 kB
MemTotal:        1844596 kB
MemFree:         1435548 kB
MemAvailable:    1526244 kB
Buffers:           27320 kB
Cached:           192912 kB
MemTotal:        1844596 kB
MemFree:         1435372 kB
MemAvailable:    1526068 kB
Buffers:           27320 kB
Cached:           192912 kB
MemTotal:        1844596 kB
MemFree:         1435424 kB
MemAvailable:    1526120 kB
Buffers:           27320 kB
Cached:           192912 kB
MemTotal:        1844596 kB
MemFree:         1435676 kB
MemAvailable:    1526372 kB
Buffers:           27320 kB
Cached:           192912 kB
MemTotal:        1844596 kB
MemFree:         1435336 kB
MemAvailable:    1526032 kB
Buffers:           27320 kB
Cached:           192912 kB
MemTotal:        1844596 kB
MemFree:         1435420 kB
MemAvailable:    1526116 kB
Buffers:           27320 kB
Cached:           192912 kB
MemTotal:        1844596 kB
MemFree:         1435492 kB
MemAvailable:    1526188 kB
Buffers:           27320 kB
Cached:           192912 kB
MemTotal:        1844596 kB
MemFree:         1435528 kB
MemAvailable:    1526224 kB
Buffers:           27320 kB
Cached:           192912 kB
MemTotal:        1844596 kB
MemFree:         1435468 kB
MemAvailable:    1526168 kB
Buffers:           27320 kB
Cached:           192916 kB
MemTotal:        1844596 kB
MemFree:         1435652 kB
MemAvailable:    1526352 kB
Buffers:           27320 kB
Cached:           192916 kB
MemTotal:        1844596 kB
MemFree:         1434332 kB
MemAvailable:    1525036 kB
Buffers:           27320 kB
Cached:           192920 kB
MemTotal:        1844596 kB
MemFree:         1434324 kB
MemAvailable:    1525028 kB
Buffers:           27320 kB
Cached:           192920 kB
MemTotal:        1844596 kB
MemFree:         1434372 kB
MemAvailable:    1525076 kB
Buffers:           27320 kB
Cached:           192920 kB
MemTotal:        1844596 kB
MemFree:         1435800 kB
MemAvailable:    1526504 kB
Buffers:           27320 kB
Cached:           192920 kB
MemTotal:        1844596 kB
MemFree:         1435472 kB
MemAvailable:    1526176 kB
Buffers:           27320 kB
Cached:           192920 kB
MemTotal:        1844596 kB
MemFree:         1435472 kB
MemAvailable:    1526176 kB
Buffers:           27320 kB
Cached:           192920 kB
MemTotal:        1844596 kB
MemFree:         1435500 kB
MemAvailable:    1526204 kB
Buffers:           27320 kB
Cached:           192920 kB
MemTotal:        1844596 kB
MemFree:         1435500 kB
MemAvailable:    1526204 kB
Buffers:           27320 kB
Cached:           192920 kB
MemTotal:        1844596 kB
MemFree:         1435488 kB
MemAvailable:    1526192 kB
Buffers:           27320 kB
Cached:           192920 kB
MemTotal:        1844596 kB
MemFree:         1434244 kB
MemAvailable:    1524948 kB
Buffers:           27320 kB
Cached:           192920 kB
MemTotal:        1844596 kB
MemFree:         1434368 kB
MemAvailable:    1525072 kB
Buffers:           27320 kB
Cached:           192920 kB
MemTotal:        1844596 kB
MemFree:         1434332 kB
MemAvailable:    1525036 kB
Buffers:           27320 kB
Cached:           192920 kB
MemTotal:        1844596 kB
MemFree:         1434372 kB
MemAvailable:    1525076 kB
Buffers:           27320 kB
Cached:           192920 kB
MemTotal:        1844596 kB
MemFree:         1434192 kB
MemAvailable:    1524896 kB
Buffers:           27320 kB
Cached:           192920 kB
MemTotal:        1844596 kB
MemFree:         1435720 kB
MemAvailable:    1526424 kB
Buffers:           27320 kB
Cached:           192920 kB
MemTotal:        1844596 kB
MemFree:         1435596 kB
MemAvailable:    1526300 kB
Buffers:           27320 kB
Cached:           192920 kB
MemTotal:        1844596 kB
MemFree:         1435488 kB
MemAvailable:    1526192 kB
Buffers:           27320 kB
Cached:           192920 kB
MemTotal:        1844596 kB
MemFree:         1434200 kB
MemAvailable:    1524904 kB
Buffers:           27320 kB
Cached:           192920 kB
MemTotal:        1844596 kB
MemFree:         1435500 kB
MemAvailable:    1526204 kB
Buffers:           27320 kB
Cached:           192920 kB
MemTotal:        1844596 kB
MemFree:         1435476 kB
MemAvailable:    1526180 kB
Buffers:           27320 kB
Cached:           192920 kB
MemTotal:        1844596 kB
MemFree:         1435600 kB
MemAvailable:    1526304 kB
Buffers:           27320 kB
Cached:           192920 kB
MemTotal:        1844596 kB
MemFree:         1434248 kB
MemAvailable:    1524952 kB
Buffers:           27320 kB
Cached:           192920 kB
MemTotal:        1844596 kB
MemFree:         1435540 kB
MemAvailable:    1526244 kB
Buffers:           27320 kB
Cached:           192920 kB
MemTotal:        1844596 kB
MemFree:         1435524 kB
MemAvailable:    1526228 kB
Buffers:           27320 kB
Cached:           192920 kB
MemTotal:        1844596 kB
MemFree:         1435524 kB
MemAvailable:    1526228 kB
Buffers:           27320 kB
Cached:           192920 kB
MemTotal:        1844596 kB
MemFree:         1434356 kB
MemAvailable:    1525060 kB
Buffers:           27320 kB
Cached:           192920 kB
MemTotal:        1844596 kB
MemFree:         1434488 kB
MemAvailable:    1525192 kB
Buffers:           27320 kB
Cached:           192920 kB
MemTotal:        1844596 kB
MemFree:         1435424 kB
MemAvailable:    1526128 kB
Buffers:           27320 kB
Cached:           192920 kB
MemTotal:        1844596 kB
MemFree:         1435488 kB
MemAvailable:    1526192 kB
Buffers:           27320 kB
Cached:           192920 kB
MemTotal:        1844596 kB
MemFree:         1435300 kB
MemAvailable:    1526004 kB
Buffers:           27320 kB
Cached:           192920 kB
MemTotal:        1844596 kB
MemFree:         1435556 kB
MemAvailable:    1526260 kB
Buffers:           27320 kB
Cached:           192920 kB
MemTotal:        1844596 kB
MemFree:         1435612 kB
MemAvailable:    1526316 kB
Buffers:           27320 kB
Cached:           192920 kB
MemTotal:        1844596 kB
MemFree:         1434348 kB
MemAvailable:    1525052 kB
Buffers:           27320 kB
Cached:           192920 kB
MemTotal:        1844596 kB
MemFree:         1435348 kB
MemAvailable:    1526052 kB
Buffers:           27320 kB
Cached:           192920 kB
MemTotal:        1844596 kB
MemFree:         1435688 kB
MemAvailable:    1526392 kB
Buffers:           27320 kB
Cached:           192920 kB
MemTotal:        1844596 kB
MemFree:         1435524 kB
MemAvailable:    1526228 kB
Buffers:           27320 kB
Cached:           192920 kB
MemTotal:        1844596 kB
MemFree:         1435248 kB
MemAvailable:    1525952 kB
Buffers:           27320 kB
Cached:           192920 kB
MemTotal:        1844596 kB
MemFree:         1435472 kB
MemAvailable:    1526176 kB
Buffers:           27320 kB
Cached:           192920 kB
MemTotal:        1844596 kB
MemFree:         1435472 kB
MemAvailable:    1526176 kB
Buffers:           27320 kB
Cached:           192920 kB
MemTotal:        1844596 kB
MemFree:         1434360 kB
MemAvailable:    1525064 kB
Buffers:           27320 kB
Cached:           192920 kB
MemTotal:        1844596 kB
MemFree:         1434360 kB
MemAvailable:    1525064 kB
Buffers:           27320 kB
Cached:           192920 kB
MemTotal:        1844596 kB
MemFree:         1434352 kB
MemAvailable:    1525056 kB
Buffers:           27320 kB
Cached:           192920 kB
MemTotal:        1844596 kB
MemFree:         1435716 kB
MemAvailable:    1526420 kB
Buffers:           27320 kB
Cached:           192920 kB
MemTotal:        1844596 kB
MemFree:         1435552 kB
MemAvailable:    1526256 kB
Buffers:           27320 kB
Cached:           192920 kB
MemTotal:        1844596 kB
MemFree:         1435524 kB
MemAvailable:    1526228 kB
Buffers:           27320 kB
Cached:           192920 kB
MemTotal:        1844596 kB
MemFree:         1434744 kB
MemAvailable:    1525448 kB
Buffers:           27320 kB
Cached:           192920 kB
MemTotal:        1844596 kB
MemFree:         1436060 kB
MemAvailable:    1526772 kB
Buffers:           27320 kB
Cached:           192928 kB
MemTotal:        1844596 kB
MemFree:         1435664 kB
MemAvailable:    1526376 kB
Buffers:           27320 kB
Cached:           192928 kB
MemTotal:        1844596 kB
MemFree:         1434480 kB
MemAvailable:    1525192 kB
Buffers:           27320 kB
Cached:           192928 kB
MemTotal:        1844596 kB
MemFree:         1435588 kB
MemAvailable:    1526300 kB
Buffers:           27320 kB
Cached:           192928 kB
MemTotal:        1844596 kB
MemFree:         1435588 kB
MemAvailable:    1526300 kB
Buffers:           27320 kB
Cached:           192928 kB
MemTotal:        1844596 kB
MemFree:         1435360 kB
MemAvailable:    1526072 kB
Buffers:           27320 kB
Cached:           192928 kB
MemTotal:        1844596 kB
MemFree:         1435492 kB
MemAvailable:    1526204 kB
Buffers:           27320 kB
Cached:           192928 kB
MemTotal:        1844596 kB
MemFree:         1434868 kB
MemAvailable:    1525580 kB
Buffers:           27320 kB
Cached:           192928 kB
MemTotal:        1844596 kB
MemFree:         1435728 kB
MemAvailable:    1526440 kB
Buffers:           27320 kB
Cached:           192928 kB
MemTotal:        1844596 kB
MemFree:         1434744 kB
MemAvailable:    1525456 kB
Buffers:           27320 kB
Cached:           192928 kB
MemTotal:        1844596 kB
MemFree:         1435920 kB
MemAvailable:    1526632 kB
Buffers:           27320 kB
Cached:           192928 kB
MemTotal:        1844596 kB
MemFree:         1435464 kB
MemAvailable:    1526176 kB
Buffers:           27320 kB
Cached:           192928 kB
MemTotal:        1844596 kB
MemFree:         1434868 kB
MemAvailable:    1525580 kB
Buffers:           27320 kB
Cached:           192928 kB
MemTotal:        1844596 kB
MemFree:         1435660 kB
MemAvailable:    1526372 kB
Buffers:           27320 kB
Cached:           192928 kB
MemTotal:        1844596 kB
MemFree:         1434188 kB
MemAvailable:    1524900 kB
Buffers:           27320 kB
Cached:           192928 kB
MemTotal:        1844596 kB
MemFree:         1434348 kB
MemAvailable:    1525060 kB
Buffers:           27320 kB
Cached:           192928 kB
MemTotal:        1844596 kB
MemFree:         1434192 kB
MemAvailable:    1524904 kB
Buffers:           27320 kB
Cached:           192928 kB
MemTotal:        1844596 kB
MemFree:         1435716 kB
MemAvailable:    1526428 kB
Buffers:           27320 kB
Cached:           192928 kB
MemTotal:        1844596 kB
MemFree:         1434444 kB
MemAvailable:    1525156 kB
Buffers:           27320 kB
Cached:           192928 kB
MemTotal:        1844596 kB
MemFree:         1435596 kB
MemAvailable:    1526308 kB
Buffers:           27320 kB
Cached:           192928 kB
MemTotal:        1844596 kB
MemFree:         1435348 kB
MemAvailable:    1526060 kB
Buffers:           27320 kB
Cached:           192928 kB
MemTotal:        1844596 kB
MemFree:         1435432 kB
MemAvailable:    1526144 kB
Buffers:           27320 kB
Cached:           192928 kB
MemTotal:        1844596 kB
MemFree:         1434360 kB
MemAvailable:    1525072 kB
Buffers:           27320 kB
Cached:           192928 kB
MemTotal:        1844596 kB
MemFree:         1434312 kB
MemAvailable:    1525028 kB
Buffers:           27320 kB
Cached:           192932 kB
MemTotal:        1844596 kB
MemFree:         1435456 kB
MemAvailable:    1526172 kB
Buffers:           27320 kB
Cached:           192932 kB
MemTotal:        1844596 kB
MemFree:         1434868 kB
MemAvailable:    1525584 kB
Buffers:           27320 kB
Cached:           192932 kB
MemTotal:        1844596 kB
MemFree:         1434440 kB
MemAvailable:    1525156 kB
Buffers:           27320 kB
Cached:           192932 kB
MemTotal:        1844596 kB
MemFree:         1434316 kB
MemAvailable:    1525032 kB
Buffers:           27320 kB
Cached:           192932 kB
MemTotal:        1844596 kB
MemFree:         1435612 kB
MemAvailable:    1526328 kB
Buffers:           27320 kB
Cached:           192932 kB
MemTotal:        1844596 kB
MemFree:         1435240 kB
MemAvailable:    1525956 kB
Buffers:           27320 kB
Cached:           192932 kB
MemTotal:        1844596 kB
MemFree:         1435368 kB
MemAvailable:    1526084 kB
Buffers:           27320 kB
Cached:           192932 kB
MemTotal:        1844596 kB
MemFree:         1435536 kB
MemAvailable:    1526252 kB
Buffers:           27320 kB
Cached:           192932 kB
MemTotal:        1844596 kB
MemFree:         1435348 kB
MemAvailable:    1526064 kB
Buffers:           27320 kB
Cached:           192932 kB
MemTotal:        1844596 kB
MemFree:         1434992 kB
MemAvailable:    1525708 kB
Buffers:           27320 kB
Cached:           192932 kB
MemTotal:        1844596 kB
MemFree:         1435600 kB
MemAvailable:    1526316 kB
Buffers:           27320 kB
Cached:           192932 kB
MemTotal:        1844596 kB
MemFree:         1434188 kB
MemAvailable:    1524904 kB
Buffers:           27320 kB
Cached:           192932 kB
MemTotal:        1844596 kB
MemFree:         1435348 kB
MemAvailable:    1526064 kB
Buffers:           27320 kB
Cached:           192932 kB
MemTotal:        1844596 kB
MemFree:         1435348 kB
MemAvailable:    1526064 kB
Buffers:           27320 kB
Cached:           192932 kB
MemTotal:        1844596 kB
MemFree:         1435660 kB
MemAvailable:    1526376 kB
Buffers:           27320 kB
Cached:           192932 kB
MemTotal:        1844596 kB
MemFree:         1435552 kB
MemAvailable:    1526268 kB
Buffers:           27320 kB
Cached:           192932 kB
MemTotal:        1844596 kB
MemFree:         1434744 kB
MemAvailable:    1525460 kB
Buffers:           27320 kB
Cached:           192932 kB
MemTotal:        1844596 kB
MemFree:         1435920 kB
MemAvailable:    1526636 kB
Buffers:           27320 kB
Cached:           192932 kB
MemTotal:        1844596 kB
MemFree:         1435728 kB
MemAvailable:    1526444 kB
Buffers:           27320 kB
Cached:           192932 kB
MemTotal:        1844596 kB
MemFree:         1434612 kB
MemAvailable:    1525328 kB
Buffers:           27320 kB
Cached:           192932 kB
MemTotal:        1844596 kB
MemFree:         1435656 kB
MemAvailable:    1526372 kB
Buffers:           27320 kB
Cached:           192932 kB
MemTotal:        1844596 kB
MemFree:         1434496 kB
MemAvailable:    1525212 kB
Buffers:           27320 kB
Cached:           192932 kB
MemTotal:        1844596 kB
MemFree:         1435820 kB
MemAvailable:    1526536 kB
Buffers:           27320 kB
Cached:           192932 kB
MemTotal:        1844596 kB
MemFree:         1434240 kB
MemAvailable:    1524956 kB
Buffers:           27320 kB
Cached:           192932 kB
MemTotal:        1844596 kB
MemFree:         1434852 kB
MemAvailable:    1525568 kB
Buffers:           27320 kB
Cached:           192932 kB
MemTotal:        1844596 kB
MemFree:         1435472 kB
MemAvailable:    1526188 kB
Buffers:           27320 kB
Cached:           192932 kB
MemTotal:        1844596 kB
MemFree:         1435724 kB
MemAvailable:    1526440 kB
Buffers:           27320 kB
Cached:           192932 kB
MemTotal:        1844596 kB
MemFree:         1435456 kB
MemAvailable:    1526172 kB
Buffers:           27320 kB
Cached:           192932 kB
MemTotal:        1844596 kB
MemFree:         1435116 kB
MemAvailable:    1525832 kB
Buffers:           27320 kB
Cached:           192932 kB
MemTotal:        1844596 kB
MemFree:         1435292 kB
MemAvailable:    1526092 kB
Buffers:           27320 kB
Cached:           193056 kB
MemTotal:        1844596 kB
MemFree:         1434316 kB
MemAvailable:    1525116 kB
Buffers:           27320 kB
Cached:           193056 kB
MemTotal:        1844596 kB
MemFree:         1435232 kB
MemAvailable:    1526200 kB
Buffers:           27320 kB
Cached:           193180 kB
MemTotal:        1844596 kB
MemFree:         1434248 kB
MemAvailable:    1525300 kB
Buffers:           27320 kB
Cached:           193304 kB
MemTotal:        1844596 kB
MemFree:         1434840 kB
MemAvailable:    1526060 kB
Buffers:           27320 kB
Cached:           193428 kB
MemTotal:        1844596 kB
MemFree:         1435176 kB
MemAvailable:    1526396 kB
Buffers:           27320 kB
Cached:           193428 kB
MemTotal:        1844596 kB
MemFree:         1433600 kB
MemAvailable:    1524904 kB
Buffers:           27320 kB
Cached:           193552 kB
MemTotal:        1844596 kB
MemFree:         1434124 kB
MemAvailable:    1525428 kB
Buffers:           27320 kB
Cached:           193552 kB
MemTotal:        1844596 kB
MemFree:         1434556 kB
MemAvailable:    1525860 kB
Buffers:           27320 kB
Cached:           193552 kB
MemTotal:        1844596 kB
MemFree:         1434812 kB
MemAvailable:    1526116 kB
Buffers:           27320 kB
Cached:           193552 kB
MemTotal:        1844596 kB
MemFree:         1434676 kB
MemAvailable:    1525980 kB
Buffers:           27320 kB
Cached:           193552 kB
MemTotal:        1844596 kB
MemFree:         1434628 kB
MemAvailable:    1525932 kB
Buffers:           27320 kB
Cached:           193552 kB
MemTotal:        1844596 kB
MemFree:         1434556 kB
MemAvailable:    1525860 kB
Buffers:           27320 kB
Cached:           193552 kB
MemTotal:        1844596 kB
MemFree:         1434892 kB
MemAvailable:    1526196 kB
Buffers:           27320 kB
Cached:           193552 kB
MemTotal:        1844596 kB
MemFree:         1435440 kB
MemAvailable:    1526156 kB
Buffers:           27320 kB
Cached:           192920 kB
MemTotal:        1844596 kB
MemFree:         1435440 kB
MemAvailable:    1526156 kB
Buffers:           27320 kB
Cached:           192920 kB
MemTotal:        1844596 kB
MemFree:         1513096 kB
MemAvailable:    1603812 kB
Buffers:           27320 kB
Cached:           192920 kB
