MemTotal:        1844596 kB
MemFree:         1469528 kB
MemAvailable:    1576836 kB
Buffers:           29720 kB
Cached:           208564 kB
MemTotal:        1844596 kB
MemFree:         1465312 kB
MemAvailable:    1572620 kB
Buffers:           29720 kB
Cached:           208564 kB
MemTotal:        1844596 kB
MemFree:         1464180 kB
MemAvailable:    1571488 kB
Buffers:           29720 kB
Cached:           208564 kB
MemTotal:        1844596 kB
MemFree:         1464180 kB
MemAvailable:    1571488 kB
Buffers:           29720 kB
Cached:           208564 kB
MemTotal:        1844596 kB
MemFree:         1462452 kB
MemAvailable:    1569760 kB
Buffers:           29720 kB
Cached:           208564 kB
MemTotal:        1844596 kB
MemFree:         1463008 kB
MemAvailable:    1570316 kB
Buffers:           29720 kB
Cached:           208564 kB
MemTotal:        1844596 kB
MemFree:         1461964 kB
MemAvailable:    1569272 kB
Buffers:           29720 kB
Cached:           208564 kB
MemTotal:        1844596 kB
MemFree:         1459476 kB
MemAvailable:    1566784 kB
Buffers:           29720 kB
Cached:           208564 kB
MemTotal:        1844596 kB
MemFree:         1459484 kB
MemAvailable:    1566792 kB
Buffers:           29720 kB
Cached:           208564 kB
MemTotal:        1844596 kB
MemFree:         1453144 kB
MemAvailable:    1560452 kB
Buffers:           29720 kB
Cached:           208564 kB
MemTotal:        1844596 kB
MemFree:         1453144 kB
MemAvailable:    1560452 kB
Buffers:           29720 kB
Cached:           208564 kB
MemTotal:        1844596 kB
MemFree:         1451664 kB
MemAvailable:    1558972 kB
Buffers:           29720 kB
Cached:           208564 kB
MemTotal:        1844596 kB
MemFree:         1451748 kB
MemAvailable:    1559056 kB
Buffers:           29720 kB
Cached:           208564 kB
MemTotal:        1844596 kB
MemFree:         1452724 kB
MemAvailable:    1560032 kB
Buffers:           29720 kB
Cached:           208564 kB
MemTotal:        1844596 kB
MemFree:         1453060 kB
MemAvailable:    1560368 kB
Buffers:           29720 kB
Cached:           208564 kB
MemTotal:        1844596 kB
MemFree:         1452592 kB
MemAvailable:    1559900 kB
Buffers:           29720 kB
Cached:           208564 kB
MemTotal:        1844596 kB
MemFree:         1452592 kB
MemAvailable:    1559900 kB
Buffers:           29720 kB
Cached:           208564 kB
MemTotal:        1844596 kB
MemFree:         1451732 kB
MemAvailable:    1559040 kB
Buffers:           29720 kB
Cached:           208564 kB
MemTotal:        1844596 kB
MemFree:         1449804 kB
MemAvailable:    1557112 kB
Buffers:           29720 kB
Cached:           208564 kB
MemTotal:        1844596 kB
MemFree:         1449432 kB
MemAvailable:    1556740 kB
Buffers:           29720 kB
Cached:           208564 kB
MemTotal:        1844596 kB
MemFree:         1450424 kB
MemAvailable:    1557732 kB
Buffers:           29720 kB
Cached:           208564 kB
MemTotal:        1844596 kB
MemFree:         1450412 kB
MemAvailable:    1557720 kB
Buffers:           29720 kB
Cached:           208564 kB
MemTotal:        1844596 kB
MemFree:         1449248 kB
MemAvailable:    1556556 kB
Buffers:           29720 kB
Cached:           208564 kB
MemTotal:        1844596 kB
MemFree:         1449284 kB
MemAvailable:    1556592 kB
Buffers:           29720 kB
Cached:           208564 kB
MemTotal:        1844596 kB
MemFree:         1450544 kB
MemAvailable:    1557852 kB
Buffers:           29720 kB
Cached:           208564 kB
MemTotal:        1844596 kB
MemFree:         1450680 kB
MemAvailable:    1557988 kB
Buffers:           29720 kB
Cached:           208564 kB
MemTotal:        1844596 kB
MemFree:         1449236 kB
MemAvailable:    1556544 kB
Buffers:           29720 kB
Cached:           208564 kB
MemTotal:        1844596 kB
MemFree:         1451840 kB
MemAvailable:    1559152 kB
Buffers:           29720 kB
Cached:           208568 kB
MemTotal:        1844596 kB
MemFree:         1451796 kB
MemAvailable:    1559108 kB
Buffers:           29720 kB
Cached:           208568 kB
MemTotal:        1844596 kB
MemFree:         1451532 kB
MemAvailable:    1558844 kB
Buffers:           29720 kB
Cached:           208568 kB
MemTotal:        1844596 kB
MemFree:         1448184 kB
MemAvailable:    1555496 kB
Buffers:           29720 kB
Cached:           208568 kB
MemTotal:        1844596 kB
MemFree:         1448268 kB
MemAvailable:    1555580 kB
Buffers:           29720 kB
Cached:           208568 kB
MemTotal:        1844596 kB
MemFree:         1447812 kB
MemAvailable:    1555124 kB
Buffers:           29720 kB
Cached:           208568 kB
MemTotal:        1844596 kB
MemFree:         1447464 kB
MemAvailable:    1554776 kB
Buffers:           29720 kB
Cached:           208568 kB
MemTotal:        1844596 kB
MemFree:         1447384 kB
MemAvailable:    1554696 kB
Buffers:           29720 kB
Cached:           208568 kB
MemTotal:        1844596 kB
MemFree:         1447144 kB
MemAvailable:    1554456 kB
Buffers:           29720 kB
Cached:           208568 kB
MemTotal:        1844596 kB
MemFree:         1445348 kB
MemAvailable:    1552660 kB
Buffers:           29720 kB
Cached:           208568 kB
MemTotal:        1844596 kB
MemFree:         1446272 kB
MemAvailable:    1553584 kB
Buffers:           29720 kB
Cached:           208568 kB
MemTotal:        1844596 kB
MemFree:         1446216 kB
MemAvailable:    1553528 kB
Buffers:           29720 kB
Cached:           208568 kB
MemTotal:        1844596 kB
MemFree:         1446408 kB
MemAvailable:    1553720 kB
Buffers:           29720 kB
Cached:           208568 kB
MemTotal:        1844596 kB
MemFree:         1445080 kB
MemAvailable:    1552392 kB
Buffers:           29720 kB
Cached:           208568 kB
MemTotal:        1844596 kB
MemFree:         1446188 kB
MemAvailable:    1553500 kB
Buffers:           29720 kB
Cached:           208568 kB
MemTotal:        1844596 kB
MemFree:         1446444 kB
MemAvailable:    1553756 kB
Buffers:           29720 kB
Cached:           208568 kB
MemTotal:        1844596 kB
MemFree:         1445968 kB
MemAvailable:    1553280 kB
Buffers:           29720 kB
Cached:           208568 kB
MemTotal:        1844596 kB
MemFree:         1445400 kB
MemAvailable:    1552712 kB
Buffers:           29720 kB
Cached:           208568 kB
MemTotal:        1844596 kB
MemFree:         1445292 kB
MemAvailable:    1552604 kB
Buffers:           29720 kB
Cached:           208568 kB
MemTotal:        1844596 kB
MemFree:         1445168 kB
MemAvailable:    1552480 kB
Buffers:           29720 kB
Cached:           208568 kB
MemTotal:        1844596 kB
MemFree:         1445288 kB
MemAvailable:    1552600 kB
Buffers:           29720 kB
Cached:           208568 kB
MemTotal:        1844596 kB
MemFree:         1445288 kB
MemAvailable:    1552600 kB
Buffers:           29720 kB
Cached:           208568 kB
MemTotal:        1844596 kB
MemFree:         1443916 kB
MemAvailable:    1551228 kB
Buffers:           29720 kB
Cached:           208568 kB
MemTotal:        1844596 kB
MemFree:         1445280 kB
MemAvailable:    1552592 kB
Buffers:           29720 kB
Cached:           208568 kB
MemTotal:        1844596 kB
MemFree:         1445276 kB
MemAvailable:    1552588 kB
Buffers:           29720 kB
Cached:           208568 kB
MemTotal:        1844596 kB
MemFree:         1444072 kB
MemAvailable:    1551384 kB
Buffers:           29720 kB
Cached:           208568 kB
MemTotal:        1844596 kB
MemFree:         1445312 kB
MemAvailable:    1552624 kB
Buffers:           29720 kB
Cached:           208568 kB
MemTotal:        1844596 kB
MemFree:         1444852 kB
MemAvailable:    1552164 kB
Buffers:           29720 kB
Cached:           208568 kB
MemTotal:        1844596 kB
MemFree:         1443964 kB
MemAvailable:    1551276 kB
Buffers:           29720 kB
Cached:           208568 kB
MemTotal:        1844596 kB
MemFree:         1445212 kB
MemAvailable:    1552524 kB
Buffers:           29720 kB
Cached:           208568 kB
MemTotal:        1844596 kB
MemFree:         1443584 kB
MemAvailable:    1550896 kB
Buffers:           29720 kB
Cached:           208568 kB
MemTotal:        1844596 kB
MemFree:         1444640 kB
MemAvailable:    1551952 kB
Buffers:           29720 kB
Cached:           208568 kB
MemTotal:        1844596 kB
MemFree:         1444480 kB
MemAvailable:    1551792 kB
Buffers:           29720 kB
Cached:           208568 kB
MemTotal:        1844596 kB
MemFree:         1443548 kB
MemAvailable:    1550860 kB
Buffers:           29720 kB
Cached:           208568 kB
MemTotal:        1844596 kB
MemFree:         1443424 kB
MemAvailable:    1550736 kB
Buffers:           29720 kB
Cached:           208568 kB
MemTotal:        1844596 kB
MemFree:         1444664 kB
MemAvailable:    1551976 kB
Buffers:           29720 kB
Cached:           208568 kB
MemTotal:        1844596 kB
MemFree:         1444364 kB
MemAvailable:    1551676 kB
Buffers:           29720 kB
Cached:           208568 kB
MemTotal:        1844596 kB
MemFree:         1442976 kB
MemAvailable:    1550288 kB
Buffers:           29720 kB
Cached:           208568 kB
MemTotal:        1844596 kB
MemFree:         1443192 kB
MemAvailable:    1550504 kB
Buffers:           29720 kB
Cached:           208568 kB
MemTotal:        1844596 kB
MemFree:         1444288 kB
MemAvailable:    1551600 kB
Buffers:           29720 kB
Cached:           208568 kB
MemTotal:        1844596 kB
MemFree:         1444288 kB
MemAvailable:    1551600 kB
Buffers:           29720 kB
Cached:           208568 kB
MemTotal:        1844596 kB
MemFree:         1444276 kB
MemAvailable:    1551588 kB
Buffers:           29720 kB
Cached:           208568 kB
MemTotal:        1844596 kB
MemFree:         1444160 kB
MemAvailable:    1551472 kB
Buffers:           29720 kB
Cached:           208568 kB
MemTotal:        1844596 kB
MemFree:         1444412 kB
MemAvailable:    1551724 kB
Buffers:           29720 kB
Cached:           208568 kB
MemTotal:        1844596 kB
MemFree:         1444236 kB
MemAvailable:    1551548 kB
Buffers:           29720 kB
Cached:           208568 kB
MemTotal:        1844596 kB
MemFree:         1442620 kB
MemAvailable:    1549932 kB
Buffers:           29720 kB
Cached:           208568 kB
MemTotal:        1844596 kB
MemFree:         1440876 kB
MemAvailable:    1548188 kB
Buffers:           29720 kB
Cached:           208568 kB
MemTotal:        1844596 kB
MemFree:         1439892 kB
MemAvailable:    1547204 kB
Buffers:           29720 kB
Cached:           208568 kB
MemTotal:        1844596 kB
MemFree:         1436976 kB
MemAvailable:    1544288 kB
Buffers:           29720 kB
Cached:           208568 kB
MemTotal:        1844596 kB
MemFree:         1435676 kB
MemAvailable:    1542988 kB
Buffers:           29720 kB
Cached:           208568 kB
MemTotal:        1844596 kB
MemFree:         1435288 kB
MemAvailable:    1542600 kB
Buffers:           29720 kB
Cached:           208568 kB
MemTotal:        1844596 kB
MemFree:         1436364 kB
MemAvailable:    1543676 kB
Buffers:           29720 kB
Cached:           208568 kB
MemTotal:        1844596 kB
MemFree:         1436172 kB
MemAvailable:    1543484 kB
Buffers:           29720 kB
Cached:           208568 kB
MemTotal:        1844596 kB
MemFree:         1436460 kB
MemAvailable:    1543772 kB
Buffers:           29720 kB
Cached:           208568 kB
MemTotal:        1844596 kB
MemFree:         1435120 kB
MemAvailable:    1542432 kB
Buffers:           29720 kB
Cached:           208568 kB
MemTotal:        1844596 kB
MemFree:         1436324 kB
MemAvailable:    1543636 kB
Buffers:           29720 kB
Cached:           208568 kB
MemTotal:        1844596 kB
MemFree:         1436240 kB
MemAvailable:    1543552 kB
Buffers:           29720 kB
Cached:           208568 kB
MemTotal:        1844596 kB
MemFree:         1436496 kB
MemAvailable:    1543808 kB
Buffers:           29720 kB
Cached:           208568 kB
MemTotal:        1844596 kB
MemFree:         1436408 kB
MemAvailable:    1543720 kB
Buffers:           29720 kB
Cached:           208568 kB
MemTotal:        1844596 kB
MemFree:         1436420 kB
MemAvailable:    1543732 kB
Buffers:           29720 kB
Cached:           208568 kB
MemTotal:        1844596 kB
MemFree:         1434988 kB
MemAvailable:    1542300 kB
Buffers:           29720 kB
Cached:           208568 kB
MemTotal:        1844596 kB
MemFree:         1436256 kB
MemAvailable:    1543568 kB
Buffers:           29720 kB
Cached:           208568 kB
MemTotal:        1844596 kB
MemFree:         1436508 kB
MemAvailable:    1543820 kB
Buffers:           29720 kB
Cached:           208568 kB
MemTotal:        1844596 kB
MemFree:         1434992 kB
MemAvailable:    1542304 kB
Buffers:           29720 kB
Cached:           208568 kB
MemTotal:        1844596 kB
MemFree:         1436008 kB
MemAvailable:    1543320 kB
Buffers:           29720 kB
Cached:           208568 kB
MemTotal:        1844596 kB
MemFree:         1435784 kB
MemAvailable:    1543096 kB
Buffers:           29720 kB
Cached:           208568 kB
MemTotal:        1844596 kB
MemFree:         1434312 kB
MemAvailable:    1541624 kB
Buffers:           29720 kB
Cached:           208568 kB
MemTotal:        1844596 kB
MemFree:         1434188 kB
MemAvailable:    1541500 kB
Buffers:           29720 kB
Cached:           208568 kB
MemTotal:        1844596 kB
MemFree:         1434932 kB
MemAvailable:    1542244 kB
Buffers:           29720 kB
Cached:           208568 kB
MemTotal:        1844596 kB
MemFree:         1433560 kB
MemAvailable:    1540872 kB
Buffers:           29720 kB
Cached:           208568 kB
MemTotal:        1844596 kB
MemFree:         1433676 kB
MemAvailable:    1540996 kB
Buffers:           29720 kB
Cached:           208576 kB
MemTotal:        1844596 kB
MemFree:         1433676 kB
MemAvailable:    1540996 kB
Buffers:           29720 kB
Cached:           208576 kB
MemTotal:        1844596 kB
MemFree:         1433448 kB
MemAvailable:    1540768 kB
Buffers:           29720 kB
Cached:           208576 kB
MemTotal:        1844596 kB
MemFree:         1432140 kB
MemAvailable:    1539460 kB
Buffers:           29720 kB
Cached:           208576 kB
MemTotal:        1844596 kB
MemFree:         1432808 kB
MemAvailable:    1540132 kB
Buffers:           29720 kB
Cached:           208580 kB
MemTotal:        1844596 kB
MemFree:         1432576 kB
MemAvailable:    1539900 kB
Buffers:           29720 kB
Cached:           208580 kB
MemTotal:        1844596 kB
MemFree:         1432672 kB
MemAvailable:    1539996 kB
Buffers:           29720 kB
Cached:           208580 kB
MemTotal:        1844596 kB
MemFree:         1432672 kB
MemAvailable:    1539996 kB
Buffers:           29720 kB
Cached:           208580 kB
MemTotal:        1844596 kB
MemFree:         1432704 kB
MemAvailable:    1540028 kB
Buffers:           29720 kB
Cached:           208580 kB
MemTotal:        1844596 kB
MemFree:         1432440 kB
MemAvailable:    1539764 kB
Buffers:           29720 kB
Cached:           208580 kB
MemTotal:        1844596 kB
MemFree:         1431584 kB
MemAvailable:    1538908 kB
Buffers:           29720 kB
Cached:           208580 kB
MemTotal:        1844596 kB
MemFree:         1432908 kB
MemAvailable:    1540232 kB
Buffers:           29720 kB
Cached:           208580 kB
MemTotal:        1844596 kB
MemFree:         1431584 kB
MemAvailable:    1538908 kB
Buffers:           29720 kB
Cached:           208580 kB
MemTotal:        1844596 kB
MemFree:         1432556 kB
MemAvailable:    1539880 kB
Buffers:           29720 kB
Cached:           208580 kB
MemTotal:        1844596 kB
MemFree:         1432724 kB
MemAvailable:    1540048 kB
Buffers:           29720 kB
Cached:           208580 kB
MemTotal:        1844596 kB
MemFree:         1431336 kB
MemAvailable:    1538660 kB
Buffers:           29720 kB
Cached:           208580 kB
MemTotal:        1844596 kB
MemFree:         1431932 kB
MemAvailable:    1539256 kB
Buffers:           29720 kB
Cached:           208580 kB
MemTotal:        1844596 kB
MemFree:         1431460 kB
MemAvailable:    1538784 kB
Buffers:           29720 kB
Cached:           208580 kB
MemTotal:        1844596 kB
MemFree:         1431512 kB
MemAvailable:    1538836 kB
Buffers:           29720 kB
Cached:           208580 kB
MemTotal:        1844596 kB
MemFree:         1431584 kB
MemAvailable:    1538908 kB
Buffers:           29720 kB
Cached:           208580 kB
MemTotal:        1844596 kB
MemFree:         1423392 kB
MemAvailable:    1530716 kB
Buffers:           29720 kB
Cached:           208580 kB
MemTotal:        1844596 kB
MemFree:         1424376 kB
MemAvailable:    1531700 kB
Buffers:           29720 kB
Cached:           208580 kB
MemTotal:        1844596 kB
MemFree:         1422888 kB
MemAvailable:    1530212 kB
Buffers:           29720 kB
Cached:           208580 kB
MemTotal:        1844596 kB
MemFree:         1424396 kB
MemAvailable:    1531720 kB
Buffers:           29720 kB
Cached:           208580 kB
MemTotal:        1844596 kB
MemFree:         1424384 kB
MemAvailable:    1531708 kB
Buffers:           29720 kB
Cached:           208580 kB
MemTotal:        1844596 kB
MemFree:         1424428 kB
MemAvailable:    1531752 kB
Buffers:           29720 kB
Cached:           208580 kB
MemTotal:        1844596 kB
MemFree:         1423120 kB
MemAvailable:    1530444 kB
Buffers:           29720 kB
Cached:           208580 kB
MemTotal:        1844596 kB
MemFree:         1423392 kB
MemAvailable:    1530716 kB
Buffers:           29720 kB
Cached:           208580 kB
MemTotal:        1844596 kB
MemFree:         1421656 kB
MemAvailable:    1528980 kB
Buffers:           29720 kB
Cached:           208580 kB
MemTotal:        1844596 kB
MemFree:         1422764 kB
MemAvailable:    1530088 kB
Buffers:           29720 kB
Cached:           208580 kB
MemTotal:        1844596 kB
MemFree:         1422292 kB
MemAvailable:    1529616 kB
Buffers:           29720 kB
Cached:           208580 kB
MemTotal:        1844596 kB
MemFree:         1422648 kB
MemAvailable:    1529972 kB
Buffers:           29720 kB
Cached:           208580 kB
MemTotal:        1844596 kB
MemFree:         1422540 kB
MemAvailable:    1529864 kB
Buffers:           29720 kB
Cached:           208580 kB
MemTotal:        1844596 kB
MemFree:         1422648 kB
MemAvailable:    1529972 kB
Buffers:           29720 kB
Cached:           208580 kB
MemTotal:        1844596 kB
MemFree:         1422648 kB
MemAvailable:    1529972 kB
Buffers:           29720 kB
Cached:           208580 kB
MemTotal:        1844596 kB
MemFree:         1422568 kB
MemAvailable:    1529892 kB
Buffers:           29720 kB
Cached:           208580 kB
MemTotal:        1844596 kB
MemFree:         1421376 kB
MemAvailable:    1528700 kB
Buffers:           29720 kB
Cached:           208580 kB
MemTotal:        1844596 kB
MemFree:         1422568 kB
MemAvailable:    1529892 kB
Buffers:           29720 kB
Cached:           208580 kB
MemTotal:        1844596 kB
MemFree:         1422908 kB
MemAvailable:    1530232 kB
Buffers:           29720 kB
Cached:           208580 kB
MemTotal:        1844596 kB
MemFree:         1422476 kB
MemAvailable:    1529800 kB
Buffers:           29720 kB
Cached:           208580 kB
MemTotal:        1844596 kB
MemFree:         1422732 kB
MemAvailable:    1530056 kB
Buffers:           29720 kB
Cached:           208580 kB
MemTotal:        1844596 kB
MemFree:         1421272 kB
MemAvailable:    1528596 kB
Buffers:           29720 kB
Cached:           208580 kB
MemTotal:        1844596 kB
MemFree:         1422704 kB
MemAvailable:    1530028 kB
Buffers:           29720 kB
Cached:           208580 kB
MemTotal:        1844596 kB
MemFree:         1422704 kB
MemAvailable:    1530028 kB
Buffers:           29720 kB
Cached:           208580 kB
MemTotal:        1844596 kB
MemFree:         1422392 kB
MemAvailable:    1529716 kB
Buffers:           29720 kB
Cached:           208580 kB
MemTotal:        1844596 kB
MemFree:         1422648 kB
MemAvailable:    1529972 kB
Buffers:           29720 kB
Cached:           208580 kB
MemTotal:        1844596 kB
MemFree:         1422464 kB
MemAvailable:    1529788 kB
Buffers:           29720 kB
Cached:           208580 kB
MemTotal:        1844596 kB
MemFree:         1421220 kB
MemAvailable:    1528544 kB
Buffers:           29720 kB
Cached:           208580 kB
MemTotal:        1844596 kB
MemFree:         1422592 kB
MemAvailable:    1529916 kB
Buffers:           29720 kB
Cached:           208580 kB
MemTotal:        1844596 kB
MemFree:         1421904 kB
MemAvailable:    1529228 kB
Buffers:           29720 kB
Cached:           208580 kB
MemTotal:        1844596 kB
MemFree:         1422372 kB
MemAvailable:    1529696 kB
Buffers:           29720 kB
Cached:           208580 kB
MemTotal:        1844596 kB
MemFree:         1422708 kB
MemAvailable:    1530032 kB
Buffers:           29720 kB
Cached:           208580 kB
MemTotal:        1844596 kB
MemFree:         1422464 kB
MemAvailable:    1529788 kB
Buffers:           29720 kB
Cached:           208580 kB
MemTotal:        1844596 kB
MemFree:         1422644 kB
MemAvailable:    1529968 kB
Buffers:           29720 kB
Cached:           208580 kB
MemTotal:        1844596 kB
MemFree:         1422700 kB
MemAvailable:    1530024 kB
Buffers:           29720 kB
Cached:           208580 kB
MemTotal:        1844596 kB
MemFree:         1422572 kB
MemAvailable:    1529896 kB
Buffers:           29720 kB
Cached:           208580 kB
MemTotal:        1844596 kB
MemFree:         1422740 kB
MemAvailable:    1530064 kB
Buffers:           29720 kB
Cached:           208580 kB
MemTotal:        1844596 kB
MemFree:         1422484 kB
MemAvailable:    1529808 kB
Buffers:           29720 kB
Cached:           208580 kB
MemTotal:        1844596 kB
MemFree:         1421652 kB
MemAvailable:    1528976 kB
Buffers:           29720 kB
Cached:           208580 kB
MemTotal:        1844596 kB
MemFree:         1421404 kB
MemAvailable:    1528728 kB
Buffers:           29720 kB
Cached:           208580 kB
MemTotal:        1844596 kB
MemFree:         1422704 kB
MemAvailable:    1530028 kB
Buffers:           29720 kB
Cached:           208580 kB
MemTotal:        1844596 kB
MemFree:         1422560 kB
MemAvailable:    1529884 kB
Buffers:           29720 kB
Cached:           208580 kB
MemTotal:        1844596 kB
MemFree:         1422392 kB
MemAvailable:    1529716 kB
Buffers:           29720 kB
Cached:           208580 kB
MemTotal:        1844596 kB
MemFree:         1421368 kB
MemAvailable:    1528692 kB
Buffers:           29720 kB
Cached:           208580 kB
MemTotal:        1844596 kB
MemFree:         1422544 kB
MemAvailable:    1529868 kB
Buffers:           29720 kB
Cached:           208580 kB
MemTotal:        1844596 kB
MemFree:         1421292 kB
MemAvailable:    1528616 kB
Buffers:           29720 kB
Cached:           208580 kB
MemTotal:        1844596 kB
MemFree:         1421284 kB
MemAvailable:    1528608 kB
Buffers:           29720 kB
Cached:           208580 kB
MemTotal:        1844596 kB
MemFree:         1422144 kB
MemAvailable:    1529468 kB
Buffers:           29720 kB
Cached:           208580 kB
MemTotal:        1844596 kB
MemFree:         1421608 kB
MemAvailable:    1528932 kB
Buffers:           29720 kB
Cached:           208580 kB
MemTotal:        1844596 kB
MemFree:         1422152 kB
MemAvailable:    1529652 kB
Buffers:           29720 kB
Cached:           208836 kB
MemTotal:        1844596 kB
MemFree:         1422152 kB
MemAvailable:    1529652 kB
Buffers:           29720 kB
Cached:           208836 kB
MemTotal:        1844596 kB
MemFree:         1422028 kB
MemAvailable:    1529688 kB
Buffers:           29720 kB
Cached:           208952 kB
MemTotal:        1844596 kB
MemFree:         1420648 kB
MemAvailable:    1528392 kB
Buffers:           29720 kB
Cached:           209076 kB
MemTotal:        1844596 kB
MemFree:         1421764 kB
MemAvailable:    1529676 kB
Buffers:           29720 kB
Cached:           209200 kB
MemTotal:        1844596 kB
MemFree:         1421284 kB
MemAvailable:    1529196 kB
Buffers:           29720 kB
Cached:           209200 kB
MemTotal:        1844596 kB
MemFree:         1421576 kB
MemAvailable:    1529488 kB
Buffers:           29720 kB
Cached:           209200 kB
MemTotal:        1844596 kB
MemFree:         1421500 kB
MemAvailable:    1529508 kB
Buffers:           29720 kB
Cached:           209260 kB
MemTotal:        1844596 kB
MemFree:         1420296 kB
MemAvailable:    1528304 kB
Buffers:           29720 kB
Cached:           209260 kB
MemTotal:        1844596 kB
MemFree:         1420420 kB
MemAvailable:    1528428 kB
Buffers:           29720 kB
Cached:           209260 kB
MemTotal:        1844596 kB
MemFree:         1421612 kB
MemAvailable:    1529620 kB
Buffers:           29720 kB
Cached:           209260 kB
MemTotal:        1844596 kB
MemFree:         1420796 kB
MemAvailable:    1528804 kB
Buffers:           29720 kB
Cached:           209260 kB
MemTotal:        1844596 kB
MemFree:         1421420 kB
MemAvailable:    1529428 kB
Buffers:           29720 kB
Cached:           209260 kB
MemTotal:        1844596 kB
MemFree:         1421516 kB
MemAvailable:    1528936 kB
Buffers:           29720 kB
Cached:           208628 kB
MemTotal:        1844596 kB
MemFree:         1421516 kB
MemAvailable:    1528936 kB
Buffers:           29720 kB
Cached:           208628 kB
MemTotal:        1844596 kB
MemFree:         1492064 kB
MemAvailable:    1599568 kB
Buffers:           29720 kB
Cached:           208628 kB
