MemTotal:        1844596 kB
MemFree:         1508568 kB
MemAvailable:    1581260 kB
Buffers:           24720 kB
Cached:           178412 kB
MemTotal:        1844596 kB
MemFree:         1504420 kB
MemAvailable:    1577112 kB
Buffers:           24720 kB
Cached:           178412 kB
MemTotal:        1844596 kB
MemFree:         1502996 kB
MemAvailable:    1575688 kB
Buffers:           24720 kB
Cached:           178412 kB
MemTotal:        1844596 kB
MemFree:         1502376 kB
MemAvailable:    1575068 kB
Buffers:           24720 kB
Cached:           178412 kB
MemTotal:        1844596 kB
MemFree:         1501384 kB
MemAvailable:    1574076 kB
Buffers:           24720 kB
Cached:           178412 kB
MemTotal:        1844596 kB
MemFree:         1500880 kB
MemAvailable:    1573572 kB
Buffers:           24720 kB
Cached:           178412 kB
MemTotal:        1844596 kB
MemFree:         1501072 kB
MemAvailable:    1573764 kB
Buffers:           24720 kB
Cached:           178412 kB
MemTotal:        1844596 kB
MemFree:         1499516 kB
MemAvailable:    1572208 kB
Buffers:           24720 kB
Cached:           178412 kB
MemTotal:        1844596 kB
MemFree:         1499516 kB
MemAvailable:    1572208 kB
Buffers:           24720 kB
Cached:           178412 kB
MemTotal:        1844596 kB
MemFree:         1496732 kB
MemAvailable:    1569424 kB
Buffers:           24720 kB
Cached:           178412 kB
MemTotal:        1844596 kB
MemFree:         1494868 kB
MemAvailable:    1567560 kB
Buffers:           24720 kB
Cached:           178412 kB
MemTotal:        1844596 kB
MemFree:         1493904 kB
MemAvailable:    1566596 kB
Buffers:           24720 kB
Cached:           178412 kB
MemTotal:        1844596 kB
MemFree:         1489480 kB
MemAvailable:    1562172 kB
Buffers:           24720 kB
Cached:           178412 kB
MemTotal:        1844596 kB
MemFree:         1490816 kB
MemAvailable:    1563508 kB
Buffers:           24720 kB
Cached:           178412 kB
MemTotal:        1844596 kB
MemFree:         1490472 kB
MemAvailable:    1563164 kB
Buffers:           24720 kB
Cached:           178412 kB
MemTotal:        1844596 kB
MemFree:         1490848 kB
MemAvailable:    1563540 kB
Buffers:           24720 kB
Cached:           178412 kB
MemTotal:        1844596 kB
MemFree:         1490760 kB
MemAvailable:    1563452 kB
Buffers:           24720 kB
Cached:           178412 kB
MemTotal:        1844596 kB
MemFree:         1489704 kB
MemAvailable:    1562396 kB
Buffers:           24720 kB
Cached:           178412 kB
MemTotal:        1844596 kB
MemFree:         1490672 kB
MemAvailable:    1563364 kB
Buffers:           24720 kB
Cached:           178412 kB
MemTotal:        1844596 kB
MemFree:         1490664 kB
MemAvailable:    1563356 kB
Buffers:           24720 kB
Cached:           178412 kB
MemTotal:        1844596 kB
MemFree:         1489912 kB
MemAvailable:    1562604 kB
Buffers:           24720 kB
Cached:           178412 kB
MemTotal:        1844596 kB
MemFree:         1489416 kB
MemAvailable:    1562108 kB
Buffers:           24720 kB
Cached:           178412 kB
MemTotal:        1844596 kB
MemFree:         1487744 kB
MemAvailable:    1560436 kB
Buffers:           24720 kB
Cached:           178412 kB
MemTotal:        1844596 kB
MemFree:         1488632 kB
MemAvailable:    1561324 kB
Buffers:           24720 kB
Cached:           178412 kB
MemTotal:        1844596 kB
MemFree:         1488560 kB
MemAvailable:    1561252 kB
Buffers:           24720 kB
Cached:           178412 kB
MemTotal:        1844596 kB
MemFree:         1488428 kB
MemAvailable:    1561120 kB
Buffers:           24720 kB
Cached:           178412 kB
MemTotal:        1844596 kB
MemFree:         1488180 kB
MemAvailable:    1560872 kB
Buffers:           24720 kB
Cached:           178412 kB
MemTotal:        1844596 kB
MemFree:         1488264 kB
MemAvailable:    1560956 kB
Buffers:           24720 kB
Cached:           178412 kB
MemTotal:        1844596 kB
MemFree:         1488500 kB
MemAvailable:    1561192 kB
Buffers:           24720 kB
Cached:           178412 kB
MemTotal:        1844596 kB
MemFree:         1488300 kB
MemAvailable:    1560992 kB
Buffers:           24720 kB
Cached:           178412 kB
MemTotal:        1844596 kB
MemFree:         1488636 kB
MemAvailable:    1561328 kB
Buffers:           24720 kB
Cached:           178412 kB
MemTotal:        1844596 kB
MemFree:         1488624 kB
MemAvailable:    1561316 kB
Buffers:           24720 kB
Cached:           178412 kB
MemTotal:        1844596 kB
MemFree:         1487528 kB
MemAvailable:    1560220 kB
Buffers:           24720 kB
Cached:           178412 kB
MemTotal:        1844596 kB
MemFree:         1489944 kB
MemAvailable:    1562636 kB
Buffers:           24720 kB
Cached:           178412 kB
MemTotal:        1844596 kB
MemFree:         1489944 kB
MemAvailable:    1562636 kB
Buffers:           24720 kB
Cached:           178412 kB
MemTotal:        1844596 kB
MemFree:         1489448 kB
MemAvailable:    1562140 kB
Buffers:           24720 kB
Cached:           178412 kB
MemTotal:        1844596 kB
MemFree:         1486536 kB
MemAvailable:    1559228 kB
Buffers:           24720 kB
Cached:           178412 kB
MemTotal:        1844596 kB
MemFree:         1486596 kB
MemAvailable:    1559288 kB
Buffers:           24720 kB
Cached:           178412 kB
MemTotal:        1844596 kB
MemFree:         1485296 kB
MemAvailable:    1557992 kB
Buffers:           24720 kB
Cached:           178416 kB
MemTotal:        1844596 kB
MemFree:         1486224 kB
MemAvailable:    1558920 kB
Buffers:           24720 kB
Cached:           178416 kB
MemTotal:        1844596 kB
MemFree:         1485404 kB
MemAvailable:    1558104 kB
Buffers:           24720 kB
Cached:           178420 kB
MemTotal:        1844596 kB
MemFree:         1485296 kB
MemAvailable:    1557996 kB
Buffers:           24720 kB
Cached:           178420 kB
MemTotal:        1844596 kB
MemFree:         1484784 kB
MemAvailable:    1557484 kB
Buffers:           24720 kB
Cached:           178420 kB
MemTotal:        1844596 kB
MemFree:         1484552 kB
MemAvailable:    1557252 kB
Buffers:           24720 kB
Cached:           178420 kB
MemTotal:        1844596 kB
MemFree:         1484232 kB
MemAvailable:    1556932 kB
Buffers:           24720 kB
Cached:           178420 kB
MemTotal:        1844596 kB
MemFree:         1484484 kB
MemAvailable:    1557184 kB
Buffers:           24720 kB
Cached:           178420 kB
MemTotal:        1844596 kB
MemFree:         1484416 kB
MemAvailable:    1557116 kB
Buffers:           24720 kB
Cached:           178420 kB
MemTotal:        1844596 kB
MemFree:         1484428 kB
MemAvailable:    1557128 kB
Buffers:           24720 kB
Cached:           178420 kB
MemTotal:        1844596 kB
MemFree:         1484272 kB
MemAvailable:    1556972 kB
Buffers:           24720 kB
Cached:           178420 kB
MemTotal:        1844596 kB
MemFree:         1483800 kB
MemAvailable:    1556500 kB
Buffers:           24720 kB
Cached:           178420 kB
MemTotal:        1844596 kB
MemFree:         1484736 kB
MemAvailable:    1557436 kB
Buffers:           24720 kB
Cached:           178420 kB
MemTotal:        1844596 kB
MemFree:         1484172 kB
MemAvailable:    1556872 kB
Buffers:           24720 kB
Cached:           178420 kB
MemTotal:        1844596 kB
MemFree:         1484172 kB
MemAvailable:    1556872 kB
Buffers:           24720 kB
Cached:           178420 kB
MemTotal:        1844596 kB
MemFree:         1483976 kB
MemAvailable:    1556676 kB
Buffers:           24720 kB
Cached:           178420 kB
MemTotal:        1844596 kB
MemFree:         1482412 kB
MemAvailable:    1555112 kB
Buffers:           24720 kB
Cached:           178420 kB
MemTotal:        1844596 kB
MemFree:         1483652 kB
MemAvailable:    1556352 kB
Buffers:           24720 kB
Cached:           178420 kB
MemTotal:        1844596 kB
MemFree:         1483552 kB
MemAvailable:    1556252 kB
Buffers:           24720 kB
Cached:           178420 kB
MemTotal:        1844596 kB
MemFree:         1482188 kB
MemAvailable:    1554888 kB
Buffers:           24720 kB
Cached:           178420 kB
MemTotal:        1844596 kB
MemFree:         1482312 kB
MemAvailable:    1555012 kB
Buffers:           24720 kB
Cached:           178420 kB
MemTotal:        1844596 kB
MemFree:         1482304 kB
MemAvailable:    1555004 kB
Buffers:           24720 kB
Cached:           178420 kB
MemTotal:        1844596 kB
MemFree:         1483612 kB
MemAvailable:    1556312 kB
Buffers:           24720 kB
Cached:           178420 kB
MemTotal:        1844596 kB
MemFree:         1482312 kB
MemAvailable:    1555012 kB
Buffers:           24720 kB
Cached:           178420 kB
MemTotal:        1844596 kB
MemFree:         1482180 kB
MemAvailable:    1554880 kB
Buffers:           24720 kB
Cached:           178420 kB
MemTotal:        1844596 kB
MemFree:         1483280 kB
MemAvailable:    1555980 kB
Buffers:           24720 kB
Cached:           178420 kB
MemTotal:        1844596 kB
MemFree:         1483436 kB
MemAvailable:    1556136 kB
Buffers:           24720 kB
Cached:           178420 kB
MemTotal:        1844596 kB
MemFree:         1483284 kB
MemAvailable:    1555984 kB
Buffers:           24720 kB
Cached:           178420 kB
MemTotal:        1844596 kB
MemFree:         1483536 kB
MemAvailable:    1556236 kB
Buffers:           24720 kB
Cached:           178420 kB
MemTotal:        1844596 kB
MemFree:         1483160 kB
MemAvailable:    1555860 kB
Buffers:           24720 kB
Cached:           178420 kB
MemTotal:        1844596 kB
MemFree:         1483416 kB
MemAvailable:    1556116 kB
Buffers:           24720 kB
Cached:           178420 kB
MemTotal:        1844596 kB
MemFree:         1482924 kB
MemAvailable:    1555624 kB
Buffers:           24720 kB
Cached:           178420 kB
MemTotal:        1844596 kB
MemFree:         1482824 kB
MemAvailable:    1555524 kB
Buffers:           24720 kB
Cached:           178420 kB
MemTotal:        1844596 kB
MemFree:         1482744 kB
MemAvailable:    1555444 kB
Buffers:           24720 kB
Cached:           178420 kB
MemTotal:        1844596 kB
MemFree:         1482636 kB
MemAvailable:    1555336 kB
Buffers:           24720 kB
Cached:           178420 kB
MemTotal:        1844596 kB
MemFree:         1482240 kB
MemAvailable:    1554940 kB
Buffers:           24720 kB
Cached:           178420 kB
MemTotal:        1844596 kB
MemFree:         1482492 kB
MemAvailable:    1555192 kB
Buffers:           24720 kB
Cached:           178420 kB
MemTotal:        1844596 kB
MemFree:         1482616 kB
MemAvailable:    1555316 kB
Buffers:           24720 kB
Cached:           178420 kB
MemTotal:        1844596 kB
MemFree:         1482548 kB
MemAvailable:    1555248 kB
Buffers:           24720 kB
Cached:           178420 kB
MemTotal:        1844596 kB
MemFree:         1481304 kB
MemAvailable:    1554004 kB
Buffers:           24720 kB
Cached:           178420 kB
MemTotal:        1844596 kB
MemFree:         1482304 kB
MemAvailable:    1555004 kB
Buffers:           24720 kB
Cached:           178420 kB
MemTotal:        1844596 kB
MemFree:         1482264 kB
MemAvailable:    1554964 kB
Buffers:           24720 kB
Cached:           178420 kB
MemTotal:        1844596 kB
MemFree:         1481256 kB
MemAvailable:    1553956 kB
Buffers:           24720 kB
Cached:           178420 kB
MemTotal:        1844596 kB
MemFree:         1481132 kB
MemAvailable:    1553832 kB
Buffers:           24720 kB
Cached:           178420 kB
MemTotal:        1844596 kB
MemFree:         1481176 kB
MemAvailable:    1553876 kB
Buffers:           24720 kB
Cached:           178420 kB
MemTotal:        1844596 kB
MemFree:         1482056 kB
MemAvailable:    1554756 kB
Buffers:           24720 kB
Cached:           178420 kB
MemTotal:        1844596 kB
MemFree:         1481824 kB
MemAvailable:    1554524 kB
Buffers:           24720 kB
Cached:           178420 kB
MemTotal:        1844596 kB
MemFree:         1480088 kB
MemAvailable:    1552788 kB
Buffers:           24720 kB
Cached:           178420 kB
MemTotal:        1844596 kB
MemFree:         1477980 kB
MemAvailable:    1550680 kB
Buffers:           24720 kB
Cached:           178420 kB
MemTotal:        1844596 kB
MemFree:         1475500 kB
MemAvailable:    1548200 kB
Buffers:           24720 kB
Cached:           178420 kB
MemTotal:        1844596 kB
MemFree:         1474864 kB
MemAvailable:    1547564 kB
Buffers:           24720 kB
Cached:           178420 kB
MemTotal:        1844596 kB
MemFree:         1474948 kB
MemAvailable:    1547648 kB
Buffers:           24720 kB
Cached:           178420 kB
MemTotal:        1844596 kB
MemFree:         1474484 kB
MemAvailable:    1547184 kB
Buffers:           24720 kB
Cached:           178420 kB
MemTotal:        1844596 kB
MemFree:         1474736 kB
MemAvailable:    1547436 kB
Buffers:           24720 kB
Cached:           178420 kB
MemTotal:        1844596 kB
MemFree:         1474500 kB
MemAvailable:    1547200 kB
Buffers:           24720 kB
Cached:           178420 kB
MemTotal:        1844596 kB
MemFree:         1474836 kB
MemAvailable:    1547536 kB
Buffers:           24720 kB
Cached:           178420 kB
MemTotal:        1844596 kB
MemFree:         1474560 kB
MemAvailable:    1547260 kB
Buffers:           24720 kB
Cached:           178420 kB
MemTotal:        1844596 kB
MemFree:         1473640 kB
MemAvailable:    1546340 kB
Buffers:           24720 kB
Cached:           178420 kB
MemTotal:        1844596 kB
MemFree:         1474356 kB
MemAvailable:    1547056 kB
Buffers:           24720 kB
Cached:           178420 kB
MemTotal:        1844596 kB
MemFree:         1474496 kB
MemAvailable:    1547196 kB
Buffers:           24720 kB
Cached:           178420 kB
MemTotal:        1844596 kB
MemFree:         1474436 kB
MemAvailable:    1547136 kB
Buffers:           24720 kB
Cached:           178420 kB
MemTotal:        1844596 kB
MemFree:         1473764 kB
MemAvailable:    1546464 kB
Buffers:           24720 kB
Cached:           178420 kB
MemTotal:        1844596 kB
MemFree:         1474680 kB
MemAvailable:    1547380 kB
Buffers:           24720 kB
Cached:           178420 kB
MemTotal:        1844596 kB
MemFree:         1474508 kB
MemAvailable:    1547208 kB
Buffers:           24720 kB
Cached:           178420 kB
MemTotal:        1844596 kB
MemFree:         1474544 kB
MemAvailable:    1547244 kB
Buffers:           24720 kB
Cached:           178420 kB
MemTotal:        1844596 kB
MemFree:         1473888 kB
MemAvailable:    1546588 kB
Buffers:           24720 kB
Cached:           178420 kB
MemTotal:        1844596 kB
MemFree:         1474448 kB
MemAvailable:    1547148 kB
Buffers:           24720 kB
Cached:           178420 kB
MemTotal:        1844596 kB
MemFree:         1474640 kB
MemAvailable:    1547340 kB
Buffers:           24720 kB
Cached:           178420 kB
MemTotal:        1844596 kB
MemFree:         1474004 kB
MemAvailable:    1546704 kB
Buffers:           24720 kB
Cached:           178420 kB
MemTotal:        1844596 kB
MemFree:         1473508 kB
MemAvailable:    1546208 kB
Buffers:           24720 kB
Cached:           178420 kB
MemTotal:        1844596 kB
MemFree:         1473640 kB
MemAvailable:    1546340 kB
Buffers:           24720 kB
Cached:           178420 kB
MemTotal:        1844596 kB
MemFree:         1472376 kB
MemAvailable:    1545076 kB
Buffers:           24720 kB
Cached:           178420 kB
MemTotal:        1844596 kB
MemFree:         1472392 kB
MemAvailable:    1545092 kB
Buffers:           24720 kB
Cached:           178420 kB
MemTotal:        1844596 kB
MemFree:         1472028 kB
MemAvailable:    1544728 kB
Buffers:           24720 kB
Cached:           178420 kB
MemTotal:        1844596 kB
MemFree:         1473268 kB
MemAvailable:    1545968 kB
Buffers:           24720 kB
Cached:           178420 kB
MemTotal:        1844596 kB
MemFree:         1471888 kB
MemAvailable:    1544588 kB
Buffers:           24720 kB
Cached:           178420 kB
MemTotal:        1844596 kB
MemFree:         1471408 kB
MemAvailable:    1544108 kB
Buffers:           24720 kB
Cached:           178420 kB
MemTotal:        1844596 kB
MemFree:         1471468 kB
MemAvailable:    1544168 kB
Buffers:           24720 kB
Cached:           178420 kB
MemTotal:        1844596 kB
MemFree:         1471724 kB
MemAvailable:    1544424 kB
Buffers:           24720 kB
Cached:           178420 kB
MemTotal:        1844596 kB
MemFree:         1471160 kB
MemAvailable:    1543860 kB
Buffers:           24720 kB
Cached:           178420 kB
MemTotal:        1844596 kB
MemFree:         1471220 kB
MemAvailable:    1543932 kB
Buffers:           24720 kB
Cached:           178432 kB
MemTotal:        1844596 kB
MemFree:         1471344 kB
MemAvailable:    1544056 kB
Buffers:           24720 kB
Cached:           178432 kB
MemTotal:        1844596 kB
MemFree:         1470972 kB
MemAvailable:    1543684 kB
Buffers:           24720 kB
Cached:           178432 kB
MemTotal:        1844596 kB
MemFree:         1469540 kB
MemAvailable:    1542252 kB
Buffers:           24720 kB
Cached:           178432 kB
MemTotal:        1844596 kB
MemFree:         1469532 kB
MemAvailable:    1542244 kB
Buffers:           24720 kB
Cached:           178432 kB
MemTotal:        1844596 kB
MemFree:         1469548 kB
MemAvailable:    1542260 kB
Buffers:           24720 kB
Cached:           178432 kB
MemTotal:        1844596 kB
MemFree:         1470788 kB
MemAvailable:    1543500 kB
Buffers:           24720 kB
Cached:           178432 kB
MemTotal:        1844596 kB
MemFree:         1470716 kB
MemAvailable:    1543428 kB
Buffers:           24720 kB
Cached:           178432 kB
MemTotal:        1844596 kB
MemFree:         1469920 kB
MemAvailable:    1542632 kB
Buffers:           24720 kB
Cached:           178432 kB
MemTotal:        1844596 kB
MemFree:         1470672 kB
MemAvailable:    1543384 kB
Buffers:           24720 kB
Cached:           178432 kB
MemTotal:        1844596 kB
MemFree:         1470672 kB
MemAvailable:    1543384 kB
Buffers:           24720 kB
Cached:           178432 kB
MemTotal:        1844596 kB
MemFree:         1469672 kB
MemAvailable:    1542384 kB
Buffers:           24720 kB
Cached:           178432 kB
MemTotal:        1844596 kB
MemFree:         1470028 kB
MemAvailable:    1542740 kB
Buffers:           24720 kB
Cached:           178432 kB
MemTotal:        1844596 kB
MemFree:         1470112 kB
MemAvailable:    1542824 kB
Buffers:           24720 kB
Cached:           178432 kB
MemTotal:        1844596 kB
MemFree:         1469924 kB
MemAvailable:    1542636 kB
Buffers:           24720 kB
Cached:           178432 kB
MemTotal:        1844596 kB
MemFree:         1463036 kB
MemAvailable:    1535748 kB
Buffers:           24720 kB
Cached:           178432 kB
MemTotal:        1844596 kB
MemFree:         1461604 kB
MemAvailable:    1534316 kB
Buffers:           24720 kB
Cached:           178432 kB
MemTotal:        1844596 kB
MemFree:         1462704 kB
MemAvailable:    1535416 kB
Buffers:           24720 kB
Cached:           178432 kB
MemTotal:        1844596 kB
MemFree:         1462788 kB
MemAvailable:    1535500 kB
Buffers:           24720 kB
Cached:           178432 kB
MemTotal:        1844596 kB
MemFree:         1462600 kB
MemAvailable:    1535312 kB
Buffers:           24720 kB
Cached:           178432 kB
MemTotal:        1844596 kB
MemFree:         1461488 kB
MemAvailable:    1534200 kB
Buffers:           24720 kB
Cached:           178432 kB
MemTotal:        1844596 kB
MemFree:         1462544 kB
MemAvailable:    1535256 kB
Buffers:           24720 kB
Cached:           178432 kB
MemTotal:        1844596 kB
MemFree:         1462796 kB
MemAvailable:    1535508 kB
Buffers:           24720 kB
Cached:           178432 kB
MemTotal:        1844596 kB
MemFree:         1461100 kB
MemAvailable:    1533812 kB
Buffers:           24720 kB
Cached:           178432 kB
MemTotal:        1844596 kB
MemFree:         1461100 kB
MemAvailable:    1533812 kB
Buffers:           24720 kB
Cached:           178432 kB
MemTotal:        1844596 kB
MemFree:         1460912 kB
MemAvailable:    1533624 kB
Buffers:           24720 kB
Cached:           178432 kB
MemTotal:        1844596 kB
MemFree:         1460808 kB
MemAvailable:    1533520 kB
Buffers:           24720 kB
Cached:           178432 kB
MemTotal:        1844596 kB
MemFree:         1459948 kB
MemAvailable:    1532660 kB
Buffers:           24720 kB
Cached:           178432 kB
MemTotal:        1844596 kB
MemFree:         1460296 kB
MemAvailable:    1533008 kB
Buffers:           24720 kB
Cached:           178432 kB
MemTotal:        1844596 kB
MemFree:         1459868 kB
MemAvailable:    1532580 kB
Buffers:           24720 kB
Cached:           178432 kB
MemTotal:        1844596 kB
MemFree:         1459676 kB
MemAvailable:    1532388 kB
Buffers:           24720 kB
Cached:           178432 kB
MemTotal:        1844596 kB
MemFree:         1460012 kB
MemAvailable:    1532724 kB
Buffers:           24720 kB
Cached:           178432 kB
MemTotal:        1844596 kB
MemFree:         1459856 kB
MemAvailable:    1532568 kB
Buffers:           24720 kB
Cached:           178432 kB
MemTotal:        1844596 kB
MemFree:         1459676 kB
MemAvailable:    1532388 kB
Buffers:           24720 kB
Cached:           178432 kB
MemTotal:        1844596 kB
MemFree:         1458436 kB
MemAvailable:    1531148 kB
Buffers:           24720 kB
Cached:           178432 kB
MemTotal:        1844596 kB
MemFree:         1459552 kB
MemAvailable:    1532264 kB
Buffers:           24720 kB
Cached:           178432 kB
MemTotal:        1844596 kB
MemFree:         1458512 kB
MemAvailable:    1531224 kB
Buffers:           24720 kB
Cached:           178432 kB
MemTotal:        1844596 kB
MemFree:         1459688 kB
MemAvailable:    1532400 kB
Buffers:           24720 kB
Cached:           178432 kB
MemTotal:        1844596 kB
MemFree:         1459752 kB
MemAvailable:    1532464 kB
Buffers:           24720 kB
Cached:           178432 kB
MemTotal:        1844596 kB
MemFree:         1458628 kB
MemAvailable:    1531340 kB
Buffers:           24720 kB
Cached:           178432 kB
MemTotal:        1844596 kB
MemFree:         1459468 kB
MemAvailable:    1532180 kB
Buffers:           24720 kB
Cached:           178432 kB
MemTotal:        1844596 kB
MemFree:         1459552 kB
MemAvailable:    1532264 kB
Buffers:           24720 kB
Cached:           178432 kB
MemTotal:        1844596 kB
MemFree:         1459616 kB
MemAvailable:    1532328 kB
Buffers:           24720 kB
Cached:           178432 kB
MemTotal:        1844596 kB
MemFree:         1459132 kB
MemAvailable:    1531844 kB
Buffers:           24720 kB
Cached:           178432 kB
MemTotal:        1844596 kB
MemFree:         1459484 kB
MemAvailable:    1532196 kB
Buffers:           24720 kB
Cached:           178432 kB
MemTotal:        1844596 kB
MemFree:         1459568 kB
MemAvailable:    1532280 kB
Buffers:           24720 kB
Cached:           178432 kB
MemTotal:        1844596 kB
MemFree:         1459640 kB
MemAvailable:    1532352 kB
Buffers:           24720 kB
Cached:           178432 kB
MemTotal:        1844596 kB
MemFree:         1458376 kB
MemAvailable:    1531088 kB
Buffers:           24720 kB
Cached:           178432 kB
MemTotal:        1844596 kB
MemFree:         1459684 kB
MemAvailable:    1532396 kB
Buffers:           24720 kB
Cached:           178432 kB
MemTotal:        1844596 kB
MemFree:         1459364 kB
MemAvailable:    1532076 kB
Buffers:           24720 kB
Cached:           178432 kB
MemTotal:        1844596 kB
MemFree:         1459700 kB
MemAvailable:    1532412 kB
Buffers:           24720 kB
Cached:           178432 kB
MemTotal:        1844596 kB
MemFree:         1459488 kB
MemAvailable:    1532200 kB
Buffers:           24720 kB
Cached:           178432 kB
MemTotal:        1844596 kB
MemFree:         1459572 kB
MemAvailable:    1532284 kB
Buffers:           24720 kB
Cached:           178432 kB
MemTotal:        1844596 kB
MemFree:         1459476 kB
MemAvailable:    1532188 kB
Buffers:           24720 kB
Cached:           178432 kB
MemTotal:        1844596 kB
MemFree:         1459812 kB
MemAvailable:    1532524 kB
Buffers:           24720 kB
Cached:           178432 kB
MemTotal:        1844596 kB
MemFree:         1458452 kB
MemAvailable:    1531164 kB
Buffers:           24720 kB
Cached:           178432 kB
MemTotal:        1844596 kB
MemFree:         1458320 kB
MemAvailable:    1531032 kB
Buffers:           24720 kB
Cached:           178432 kB
MemTotal:        1844596 kB
MemFree:         1459728 kB
MemAvailable:    1532440 kB
Buffers:           24720 kB
Cached:           178432 kB
MemTotal:        1844596 kB
MemFree:         1459248 kB
MemAvailable:    1531960 kB
Buffers:           24720 kB
Cached:           178432 kB
MemTotal:        1844596 kB
MemFree:         1459668 kB
MemAvailable:    1532380 kB
Buffers:           24720 kB
Cached:           178432 kB
MemTotal:        1844596 kB
MemFree:         1458236 kB
MemAvailable:    1530948 kB
Buffers:           24720 kB
Cached:           178432 kB
MemTotal:        1844596 kB
MemFree:         1458608 kB
MemAvailable:    1531320 kB
Buffers:           24720 kB
Cached:           178432 kB
MemTotal:        1844596 kB
MemFree:         1454916 kB
MemAvailable:    1527628 kB
Buffers:           24720 kB
Cached:           178432 kB
MemTotal:        1844596 kB
MemFree:         1455968 kB
MemAvailable:    1528680 kB
Buffers:           24720 kB
Cached:           178432 kB
MemTotal:        1844596 kB
MemFree:         1454536 kB
MemAvailable:    1527248 kB
Buffers:           24720 kB
Cached:           178432 kB
MemTotal:        1844596 kB
MemFree:         1455900 kB
MemAvailable:    1528612 kB
Buffers:           24720 kB
Cached:           178432 kB
MemTotal:        1844596 kB
MemFree:         1455784 kB
MemAvailable:    1528496 kB
Buffers:           24720 kB
Cached:           178432 kB
MemTotal:        1844596 kB
MemFree:         1455528 kB
MemAvailable:    1528240 kB
Buffers:           24720 kB
Cached:           178432 kB
MemTotal:        1844596 kB
MemFree:         1454288 kB
MemAvailable:    1527000 kB
Buffers:           24720 kB
Cached:           178432 kB
MemTotal:        1844596 kB
MemFree:         1455228 kB
MemAvailable:    1527940 kB
Buffers:           24720 kB
Cached:           178432 kB
MemTotal:        1844596 kB
MemFree:         1453792 kB
MemAvailable:    1526504 kB
Buffers:           24720 kB
Cached:           178432 kB
MemTotal:        1844596 kB
MemFree:         1454852 kB
MemAvailable:    1527564 kB
Buffers:           24720 kB
Cached:           178432 kB
MemTotal:        1844596 kB
MemFree:         1453288 kB
MemAvailable:    1526000 kB
Buffers:           24720 kB
Cached:           178432 kB
MemTotal:        1844596 kB
MemFree:         1453056 kB
MemAvailable:    1525768 kB
Buffers:           24720 kB
Cached:           178432 kB
MemTotal:        1844596 kB
MemFree:         1453552 kB
MemAvailable:    1526264 kB
Buffers:           24720 kB
Cached:           178432 kB
MemTotal:        1844596 kB
MemFree:         1454108 kB
MemAvailable:    1526820 kB
Buffers:           24720 kB
Cached:           178432 kB
MemTotal:        1844596 kB
MemFree:         1452932 kB
MemAvailable:    1525644 kB
Buffers:           24720 kB
Cached:           178432 kB
MemTotal:        1844596 kB
MemFree:         1452924 kB
MemAvailable:    1525644 kB
Buffers:           24720 kB
Cached:           178440 kB
MemTotal:        1844596 kB
MemFree:         1454256 kB
MemAvailable:    1526976 kB
Buffers:           24720 kB
Cached:           178440 kB
MemTotal:        1844596 kB
MemFree:         1454232 kB
MemAvailable:    1526952 kB
Buffers:           24720 kB
Cached:           178440 kB
MemTotal:        1844596 kB
MemFree:         1453304 kB
MemAvailable:    1526024 kB
Buffers:           24720 kB
Cached:           178440 kB
MemTotal:        1844596 kB
MemFree:         1454420 kB
MemAvailable:    1527140 kB
Buffers:           24720 kB
Cached:           178440 kB
MemTotal:        1844596 kB
MemFree:         1454412 kB
MemAvailable:    1527132 kB
Buffers:           24720 kB
Cached:           178440 kB
MemTotal:        1844596 kB
MemFree:         1454304 kB
MemAvailable:    1527024 kB
Buffers:           24720 kB
Cached:           178440 kB
MemTotal:        1844596 kB
MemFree:         1452752 kB
MemAvailable:    1525472 kB
Buffers:           24720 kB
Cached:           178440 kB
MemTotal:        1844596 kB
MemFree:         1454184 kB
MemAvailable:    1526904 kB
Buffers:           24720 kB
Cached:           178440 kB
MemTotal:        1844596 kB
MemFree:         1453992 kB
MemAvailable:    1526712 kB
Buffers:           24720 kB
Cached:           178440 kB
MemTotal:        1844596 kB
MemFree:         1453992 kB
MemAvailable:    1526712 kB
Buffers:           24720 kB
Cached:           178440 kB
MemTotal:        1844596 kB
MemFree:         1453784 kB
MemAvailable:    1526504 kB
Buffers:           24720 kB
Cached:           178440 kB
MemTotal:        1844596 kB
MemFree:         1453784 kB
MemAvailable:    1526504 kB
Buffers:           24720 kB
Cached:           178440 kB
MemTotal:        1844596 kB
MemFree:         1453972 kB
MemAvailable:    1526692 kB
Buffers:           24720 kB
Cached:           178440 kB
MemTotal:        1844596 kB
MemFree:         1452492 kB
MemAvailable:    1525212 kB
Buffers:           24720 kB
Cached:           178440 kB
MemTotal:        1844596 kB
MemFree:         1452940 kB
MemAvailable:    1525660 kB
Buffers:           24720 kB
Cached:           178440 kB
MemTotal:        1844596 kB
MemFree:         1453744 kB
MemAvailable:    1526464 kB
Buffers:           24720 kB
Cached:           178440 kB
MemTotal:        1844596 kB
MemFree:         1454000 kB
MemAvailable:    1526720 kB
Buffers:           24720 kB
Cached:           178440 kB
MemTotal:        1844596 kB
MemFree:         1452620 kB
MemAvailable:    1525340 kB
Buffers:           24720 kB
Cached:           178440 kB
MemTotal:        1844596 kB
MemFree:         1453772 kB
MemAvailable:    1526492 kB
Buffers:           24720 kB
Cached:           178440 kB
MemTotal:        1844596 kB
MemFree:         1453772 kB
MemAvailable:    1526492 kB
Buffers:           24720 kB
Cached:           178440 kB
MemTotal:        1844596 kB
MemFree:         1453612 kB
MemAvailable:    1526332 kB
Buffers:           24720 kB
Cached:           178440 kB
MemTotal:        1844596 kB
MemFree:         1453868 kB
MemAvailable:    1526588 kB
Buffers:           24720 kB
Cached:           178440 kB
MemTotal:        1844596 kB
MemFree:         1453840 kB
MemAvailable:    1526560 kB
Buffers:           24720 kB
Cached:           178440 kB
MemTotal:        1844596 kB
MemFree:         1453780 kB
MemAvailable:    1526500 kB
Buffers:           24720 kB
Cached:           178440 kB
MemTotal:        1844596 kB
MemFree:         1453640 kB
MemAvailable:    1526360 kB
Buffers:           24720 kB
Cached:           178440 kB
MemTotal:        1844596 kB
MemFree:         1453892 kB
MemAvailable:    1526612 kB
Buffers:           24720 kB
Cached:           178440 kB
MemTotal:        1844596 kB
MemFree:         1453680 kB
MemAvailable:    1526400 kB
Buffers:           24720 kB
Cached:           178440 kB
MemTotal:        1844596 kB
MemFree:         1452372 kB
MemAvailable:    1525092 kB
Buffers:           24720 kB
Cached:           178440 kB
MemTotal:        1844596 kB
MemFree:         1453804 kB
MemAvailable:    1526524 kB
Buffers:           24720 kB
Cached:           178440 kB
MemTotal:        1844596 kB
MemFree:         1453780 kB
MemAvailable:    1526500 kB
Buffers:           24720 kB
Cached:           178440 kB
MemTotal:        1844596 kB
MemFree:         1452808 kB
MemAvailable:    1525528 kB
Buffers:           24720 kB
Cached:           178440 kB
MemTotal:        1844596 kB
MemFree:         1453656 kB
MemAvailable:    1526376 kB
Buffers:           24720 kB
Cached:           178440 kB
MemTotal:        1844596 kB
MemFree:         1453656 kB
MemAvailable:    1526376 kB
Buffers:           24728 kB
Cached:           178432 kB
MemTotal:        1844596 kB
MemFree:         1453660 kB
MemAvailable:    1526380 kB
Buffers:           24732 kB
Cached:           178428 kB
MemTotal:        1844596 kB
MemFree:         1453800 kB
MemAvailable:    1526520 kB
Buffers:           24732 kB
Cached:           178428 kB
MemTotal:        1844596 kB
MemFree:         1452412 kB
MemAvailable:    1525132 kB
Buffers:           24732 kB
Cached:           178428 kB
MemTotal:        1844596 kB
MemFree:         1452420 kB
MemAvailable:    1525140 kB
Buffers:           24732 kB
Cached:           178428 kB
MemTotal:        1844596 kB
MemFree:         1453828 kB
MemAvailable:    1526548 kB
Buffers:           24732 kB
Cached:           178428 kB
MemTotal:        1844596 kB
MemFree:         1453836 kB
MemAvailable:    1526556 kB
Buffers:           24732 kB
Cached:           178428 kB
MemTotal:        1844596 kB
MemFree:         1452644 kB
MemAvailable:    1525364 kB
Buffers:           24732 kB
Cached:           178428 kB
MemTotal:        1844596 kB
MemFree:         1453704 kB
MemAvailable:    1526424 kB
Buffers:           24732 kB
Cached:           178428 kB
MemTotal:        1844596 kB
MemFree:         1453844 kB
MemAvailable:    1526564 kB
Buffers:           24732 kB
Cached:           178428 kB
MemTotal:        1844596 kB
MemFree:         1452852 kB
MemAvailable:    1525572 kB
Buffers:           24732 kB
Cached:           178428 kB
MemTotal:        1844596 kB
MemFree:         1452472 kB
MemAvailable:    1525192 kB
Buffers:           24732 kB
Cached:           178428 kB
MemTotal:        1844596 kB
MemFree:         1453780 kB
MemAvailable:    1526500 kB
Buffers:           24732 kB
Cached:           178428 kB
MemTotal:        1844596 kB
MemFree:         1453616 kB
MemAvailable:    1526336 kB
Buffers:           24732 kB
Cached:           178428 kB
MemTotal:        1844596 kB
MemFree:         1453868 kB
MemAvailable:    1526588 kB
Buffers:           24732 kB
Cached:           178428 kB
MemTotal:        1844596 kB
MemFree:         1453680 kB
MemAvailable:    1526400 kB
Buffers:           24732 kB
Cached:           178428 kB
MemTotal:        1844596 kB
MemFree:         1453800 kB
MemAvailable:    1526520 kB
Buffers:           24732 kB
Cached:           178428 kB
MemTotal:        1844596 kB
MemFree:         1453732 kB
MemAvailable:    1526452 kB
Buffers:           24732 kB
Cached:           178428 kB
MemTotal:        1844596 kB
MemFree:         1453900 kB
MemAvailable:    1526620 kB
Buffers:           24732 kB
Cached:           178428 kB
MemTotal:        1844596 kB
MemFree:         1453596 kB
MemAvailable:    1526316 kB
Buffers:           24732 kB
Cached:           178428 kB
MemTotal:        1844596 kB
MemFree:         1453932 kB
MemAvailable:    1526652 kB
Buffers:           24732 kB
Cached:           178428 kB
MemTotal:        1844596 kB
MemFree:         1453784 kB
MemAvailable:    1526504 kB
Buffers:           24732 kB
Cached:           178428 kB
MemTotal:        1844596 kB
MemFree:         1453868 kB
MemAvailable:    1526588 kB
Buffers:           24732 kB
Cached:           178428 kB
MemTotal:        1844596 kB
MemFree:         1453612 kB
MemAvailable:    1526332 kB
Buffers:           24732 kB
Cached:           178428 kB
MemTotal:        1844596 kB
MemFree:         1453780 kB
MemAvailable:    1526500 kB
Buffers:           24732 kB
Cached:           178428 kB
MemTotal:        1844596 kB
MemFree:         1453596 kB
MemAvailable:    1526316 kB
Buffers:           24732 kB
Cached:           178428 kB
MemTotal:        1844596 kB
MemFree:         1453764 kB
MemAvailable:    1526484 kB
Buffers:           24732 kB
Cached:           178428 kB
MemTotal:        1844596 kB
MemFree:         1453848 kB
MemAvailable:    1526568 kB
Buffers:           24732 kB
Cached:           178428 kB
MemTotal:        1844596 kB
MemFree:         1452500 kB
MemAvailable:    1525220 kB
Buffers:           24732 kB
Cached:           178428 kB
MemTotal:        1844596 kB
MemFree:         1452404 kB
MemAvailable:    1525124 kB
Buffers:           24732 kB
Cached:           178428 kB
MemTotal:        1844596 kB
MemFree:         1453604 kB
MemAvailable:    1526324 kB
Buffers:           24732 kB
Cached:           178428 kB
MemTotal:        1844596 kB
MemFree:         1453596 kB
MemAvailable:    1526316 kB
Buffers:           24732 kB
Cached:           178428 kB
MemTotal:        1844596 kB
MemFree:         1453700 kB
MemAvailable:    1526420 kB
Buffers:           24732 kB
Cached:           178428 kB
MemTotal:        1844596 kB
MemFree:         1453612 kB
MemAvailable:    1526332 kB
Buffers:           24732 kB
Cached:           178428 kB
MemTotal:        1844596 kB
MemFree:         1453488 kB
MemAvailable:    1526208 kB
Buffers:           24732 kB
Cached:           178428 kB
MemTotal:        1844596 kB
MemFree:         1453740 kB
MemAvailable:    1526460 kB
Buffers:           24732 kB
Cached:           178428 kB
MemTotal:        1844596 kB
MemFree:         1453524 kB
MemAvailable:    1526244 kB
Buffers:           24732 kB
Cached:           178428 kB
MemTotal:        1844596 kB
MemFree:         1453428 kB
MemAvailable:    1526148 kB
Buffers:           24732 kB
Cached:           178428 kB
MemTotal:        1844596 kB
MemFree:         1453556 kB
MemAvailable:    1526276 kB
Buffers:           24732 kB
Cached:           178428 kB
MemTotal:        1844596 kB
MemFree:         1453696 kB
MemAvailable:    1526428 kB
Buffers:           24732 kB
Cached:           178440 kB
MemTotal:        1844596 kB
MemFree:         1453544 kB
MemAvailable:    1526276 kB
Buffers:           24732 kB
Cached:           178440 kB
MemTotal:        1844596 kB
MemFree:         1452560 kB
MemAvailable:    1525304 kB
Buffers:           24732 kB
Cached:           178452 kB
MemTotal:        1844596 kB
MemFree:         1453992 kB
MemAvailable:    1526736 kB
Buffers:           24732 kB
Cached:           178452 kB
MemTotal:        1844596 kB
MemFree:         1453612 kB
MemAvailable:    1526356 kB
Buffers:           24732 kB
Cached:           178452 kB
MemTotal:        1844596 kB
MemFree:         1453736 kB
MemAvailable:    1526480 kB
Buffers:           24732 kB
Cached:           178452 kB
MemTotal:        1844596 kB
MemFree:         1452428 kB
MemAvailable:    1525172 kB
Buffers:           24732 kB
Cached:           178452 kB
MemTotal:        1844596 kB
MemFree:         1452512 kB
MemAvailable:    1525256 kB
Buffers:           24732 kB
Cached:           178452 kB
MemTotal:        1844596 kB
MemFree:         1453688 kB
MemAvailable:    1526432 kB
Buffers:           24732 kB
Cached:           178452 kB
MemTotal:        1844596 kB
MemFree:         1453724 kB
MemAvailable:    1526468 kB
Buffers:           24732 kB
Cached:           178452 kB
MemTotal:        1844596 kB
MemFree:         1453180 kB
MemAvailable:    1525924 kB
Buffers:           24732 kB
Cached:           178452 kB
MemTotal:        1844596 kB
MemFree:         1453484 kB
MemAvailable:    1526228 kB
Buffers:           24732 kB
Cached:           178452 kB
MemTotal:        1844596 kB
MemFree:         1453304 kB
MemAvailable:    1526048 kB
Buffers:           24732 kB
Cached:           178452 kB
MemTotal:        1844596 kB
MemFree:         1453724 kB
MemAvailable:    1526468 kB
Buffers:           24732 kB
Cached:           178452 kB
MemTotal:        1844596 kB
MemFree:         1452376 kB
MemAvailable:    1525120 kB
Buffers:           24732 kB
Cached:           178452 kB
MemTotal:        1844596 kB
MemFree:         1453588 kB
MemAvailable:    1526332 kB
Buffers:           24732 kB
Cached:           178452 kB
MemTotal:        1844596 kB
MemFree:         1453420 kB
MemAvailable:    1526164 kB
Buffers:           24732 kB
Cached:           178452 kB
MemTotal:        1844596 kB
MemFree:         1452676 kB
MemAvailable:    1525420 kB
Buffers:           24732 kB
Cached:           178452 kB
MemTotal:        1844596 kB
MemFree:         1453784 kB
MemAvailable:    1526528 kB
Buffers:           24732 kB
Cached:           178452 kB
MemTotal:        1844596 kB
MemFree:         1452684 kB
MemAvailable:    1525428 kB
Buffers:           24732 kB
Cached:           178452 kB
MemTotal:        1844596 kB
MemFree:         1453532 kB
MemAvailable:    1526276 kB
Buffers:           24732 kB
Cached:           178452 kB
MemTotal:        1844596 kB
MemFree:         1453312 kB
MemAvailable:    1526056 kB
Buffers:           24732 kB
Cached:           178452 kB
MemTotal:        1844596 kB
MemFree:         1453536 kB
MemAvailable:    1526280 kB
Buffers:           24732 kB
Cached:           178452 kB
MemTotal:        1844596 kB
MemFree:         1453536 kB
MemAvailable:    1526280 kB
Buffers:           24732 kB
Cached:           178452 kB
MemTotal:        1844596 kB
MemFree:         1453556 kB
MemAvailable:    1526300 kB
Buffers:           24732 kB
Cached:           178452 kB
MemTotal:        1844596 kB
MemFree:         1453556 kB
MemAvailable:    1526300 kB
Buffers:           24732 kB
Cached:           178452 kB
MemTotal:        1844596 kB
MemFree:         1452560 kB
MemAvailable:    1525304 kB
Buffers:           24732 kB
Cached:           178452 kB
MemTotal:        1844596 kB
MemFree:         1453288 kB
MemAvailable:    1526032 kB
Buffers:           24732 kB
Cached:           178452 kB
MemTotal:        1844596 kB
MemFree:         1453056 kB
MemAvailable:    1525800 kB
Buffers:           24732 kB
Cached:           178452 kB
MemTotal:        1844596 kB
MemFree:         1453124 kB
MemAvailable:    1525868 kB
Buffers:           24732 kB
Cached:           178452 kB
MemTotal:        1844596 kB
MemFree:         1453028 kB
MemAvailable:    1525772 kB
Buffers:           24732 kB
Cached:           178452 kB
MemTotal:        1844596 kB
MemFree:         1453120 kB
MemAvailable:    1525864 kB
Buffers:           24732 kB
Cached:           178452 kB
MemTotal:        1844596 kB
MemFree:         1453300 kB
MemAvailable:    1526044 kB
Buffers:           24732 kB
Cached:           178452 kB
MemTotal:        1844596 kB
MemFree:         1452444 kB
MemAvailable:    1525188 kB
Buffers:           24732 kB
Cached:           178452 kB
MemTotal:        1844596 kB
MemFree:         1451892 kB
MemAvailable:    1524636 kB
Buffers:           24732 kB
Cached:           178452 kB
MemTotal:        1844596 kB
MemFree:         1451892 kB
MemAvailable:    1524636 kB
Buffers:           24732 kB
Cached:           178452 kB
MemTotal:        1844596 kB
MemFree:         1452016 kB
MemAvailable:    1524760 kB
Buffers:           24732 kB
Cached:           178452 kB
MemTotal:        1844596 kB
MemFree:         1453312 kB
MemAvailable:    1526056 kB
Buffers:           24732 kB
Cached:           178452 kB
MemTotal:        1844596 kB
MemFree:         1453312 kB
MemAvailable:    1526056 kB
Buffers:           24732 kB
Cached:           178452 kB
MemTotal:        1844596 kB
MemFree:         1453164 kB
MemAvailable:    1525908 kB
Buffers:           24732 kB
Cached:           178452 kB
MemTotal:        1844596 kB
MemFree:         1453304 kB
MemAvailable:    1526048 kB
Buffers:           24732 kB
Cached:           178452 kB
MemTotal:        1844596 kB
MemFree:         1453308 kB
MemAvailable:    1526052 kB
Buffers:           24732 kB
Cached:           178452 kB
MemTotal:        1844596 kB
MemFree:         1452312 kB
MemAvailable:    1525056 kB
Buffers:           24732 kB
Cached:           178452 kB
MemTotal:        1844596 kB
MemFree:         1453236 kB
MemAvailable:    1525980 kB
Buffers:           24732 kB
Cached:           178452 kB
MemTotal:        1844596 kB
MemFree:         1453304 kB
MemAvailable:    1526048 kB
Buffers:           24732 kB
Cached:           178452 kB
MemTotal:        1844596 kB
MemFree:         1452000 kB
MemAvailable:    1524744 kB
Buffers:           24732 kB
Cached:           178452 kB
MemTotal:        1844596 kB
MemFree:         1453308 kB
MemAvailable:    1526052 kB
Buffers:           24732 kB
Cached:           178452 kB
MemTotal:        1844596 kB
MemFree:         1452684 kB
MemAvailable:    1525428 kB
Buffers:           24732 kB
Cached:           178452 kB
MemTotal:        1844596 kB
MemFree:         1453028 kB
MemAvailable:    1525772 kB
Buffers:           24732 kB
Cached:           178452 kB
MemTotal:        1844596 kB
MemFree:         1453364 kB
MemAvailable:    1526108 kB
Buffers:           24732 kB
Cached:           178452 kB
MemTotal:        1844596 kB
MemFree:         1453124 kB
MemAvailable:    1525868 kB
Buffers:           24732 kB
Cached:           178452 kB
MemTotal:        1844596 kB
MemFree:         1453376 kB
MemAvailable:    1526120 kB
Buffers:           24732 kB
Cached:           178452 kB
MemTotal:        1844596 kB
MemFree:         1453416 kB
MemAvailable:    1526160 kB
Buffers:           24732 kB
Cached:           178452 kB
MemTotal:        1844596 kB
MemFree:         1453304 kB
MemAvailable:    1526048 kB
Buffers:           24732 kB
Cached:           178452 kB
MemTotal:        1844596 kB
MemFree:         1453280 kB
MemAvailable:    1526024 kB
Buffers:           24732 kB
Cached:           178452 kB
MemTotal:        1844596 kB
MemFree:         1452188 kB
MemAvailable:    1524932 kB
Buffers:           24732 kB
Cached:           178452 kB
MemTotal:        1844596 kB
MemFree:         1453352 kB
MemAvailable:    1526096 kB
Buffers:           24732 kB
Cached:           178452 kB
MemTotal:        1844596 kB
MemFree:         1452436 kB
MemAvailable:    1525180 kB
Buffers:           24732 kB
Cached:           178452 kB
MemTotal:        1844596 kB
MemFree:         1453352 kB
MemAvailable:    1526096 kB
Buffers:           24732 kB
Cached:           178452 kB
MemTotal:        1844596 kB
MemFree:         1453040 kB
MemAvailable:    1525784 kB
Buffers:           24732 kB
Cached:           178452 kB
MemTotal:        1844596 kB
MemFree:         1453040 kB
MemAvailable:    1525784 kB
Buffers:           24732 kB
Cached:           178452 kB
MemTotal:        1844596 kB
MemFree:         1453184 kB
MemAvailable:    1525928 kB
Buffers:           24732 kB
Cached:           178452 kB
MemTotal:        1844596 kB
MemFree:         1453304 kB
MemAvailable:    1526048 kB
Buffers:           24732 kB
Cached:           178452 kB
MemTotal:        1844596 kB
MemFree:         1453280 kB
MemAvailable:    1526024 kB
Buffers:           24732 kB
Cached:           178452 kB
MemTotal:        1844596 kB
MemFree:         1451908 kB
MemAvailable:    1524652 kB
Buffers:           24732 kB
Cached:           178452 kB
MemTotal:        1844596 kB
MemFree:         1453100 kB
MemAvailable:    1525844 kB
Buffers:           24732 kB
Cached:           178452 kB
MemTotal:        1844596 kB
MemFree:         1453436 kB
MemAvailable:    1526180 kB
Buffers:           24732 kB
Cached:           178452 kB
MemTotal:        1844596 kB
MemFree:         1453484 kB
MemAvailable:    1526228 kB
Buffers:           24732 kB
Cached:           178452 kB
MemTotal:        1844596 kB
MemFree:         1453316 kB
MemAvailable:    1526060 kB
Buffers:           24732 kB
Cached:           178452 kB
MemTotal:        1844596 kB
MemFree:         1453160 kB
MemAvailable:    1525904 kB
Buffers:           24732 kB
Cached:           178452 kB
MemTotal:        1844596 kB
MemFree:         1453048 kB
MemAvailable:    1525792 kB
Buffers:           24732 kB
Cached:           178452 kB
MemTotal:        1844596 kB
MemFree:         1453132 kB
MemAvailable:    1525876 kB
Buffers:           24732 kB
Cached:           178452 kB
MemTotal:        1844596 kB
MemFree:         1453388 kB
MemAvailable:    1526132 kB
Buffers:           24732 kB
Cached:           178452 kB
MemTotal:        1844596 kB
MemFree:         1452992 kB
MemAvailable:    1525736 kB
Buffers:           24732 kB
Cached:           178452 kB
MemTotal:        1844596 kB
MemFree:         1453328 kB
MemAvailable:    1526072 kB
Buffers:           24732 kB
Cached:           178452 kB
MemTotal:        1844596 kB
MemFree:         1453312 kB
MemAvailable:    1526056 kB
Buffers:           24732 kB
Cached:           178452 kB
MemTotal:        1844596 kB
MemFree:         1453264 kB
MemAvailable:    1526016 kB
Buffers:           24732 kB
Cached:           178460 kB
MemTotal:        1844596 kB
MemFree:         1453304 kB
MemAvailable:    1526056 kB
Buffers:           24732 kB
Cached:           178460 kB
MemTotal:        1844596 kB
MemFree:         1452436 kB
MemAvailable:    1525188 kB
Buffers:           24732 kB
Cached:           178460 kB
MemTotal:        1844596 kB
MemFree:         1453160 kB
MemAvailable:    1525912 kB
Buffers:           24732 kB
Cached:           178460 kB
MemTotal:        1844596 kB
MemFree:         1453416 kB
MemAvailable:    1526168 kB
Buffers:           24732 kB
Cached:           178460 kB
MemTotal:        1844596 kB
MemFree:         1453172 kB
MemAvailable:    1525924 kB
Buffers:           24732 kB
Cached:           178460 kB
MemTotal:        1844596 kB
MemFree:         1453172 kB
MemAvailable:    1525924 kB
Buffers:           24732 kB
Cached:           178460 kB
MemTotal:        1844596 kB
MemFree:         1451676 kB
MemAvailable:    1524428 kB
Buffers:           24732 kB
Cached:           178460 kB
MemTotal:        1844596 kB
MemFree:         1451676 kB
MemAvailable:    1524428 kB
Buffers:           24732 kB
Cached:           178460 kB
MemTotal:        1844596 kB
MemFree:         1453048 kB
MemAvailable:    1525800 kB
Buffers:           24732 kB
Cached:           178460 kB
MemTotal:        1844596 kB
MemFree:         1453304 kB
MemAvailable:    1526056 kB
Buffers:           24732 kB
Cached:           178460 kB
MemTotal:        1844596 kB
MemFree:         1451892 kB
MemAvailable:    1524644 kB
Buffers:           24732 kB
Cached:           178460 kB
MemTotal:        1844596 kB
MemFree:         1453040 kB
MemAvailable:    1525792 kB
Buffers:           24732 kB
Cached:           178460 kB
MemTotal:        1844596 kB
MemFree:         1451888 kB
MemAvailable:    1524640 kB
Buffers:           24732 kB
Cached:           178460 kB
MemTotal:        1844596 kB
MemFree:         1452180 kB
MemAvailable:    1524932 kB
Buffers:           24732 kB
Cached:           178460 kB
MemTotal:        1844596 kB
MemFree:         1453304 kB
MemAvailable:    1526056 kB
Buffers:           24732 kB
Cached:           178460 kB
MemTotal:        1844596 kB
MemFree:         1453216 kB
MemAvailable:    1525968 kB
Buffers:           24732 kB
Cached:           178460 kB
MemTotal:        1844596 kB
MemFree:         1453216 kB
MemAvailable:    1525968 kB
Buffers:           24732 kB
Cached:           178460 kB
MemTotal:        1844596 kB
MemFree:         1453316 kB
MemAvailable:    1526068 kB
Buffers:           24732 kB
Cached:           178460 kB
MemTotal:        1844596 kB
MemFree:         1452052 kB
MemAvailable:    1524804 kB
Buffers:           24732 kB
Cached:           178460 kB
MemTotal:        1844596 kB
MemFree:         1453172 kB
MemAvailable:    1525924 kB
Buffers:           24732 kB
Cached:           178460 kB
MemTotal:        1844596 kB
MemFree:         1452560 kB
MemAvailable:    1525312 kB
Buffers:           24732 kB
Cached:           178460 kB
MemTotal:        1844596 kB
MemFree:         1453160 kB
MemAvailable:    1525912 kB
Buffers:           24732 kB
Cached:           178460 kB
MemTotal:        1844596 kB
MemFree:         1453412 kB
MemAvailable:    1526164 kB
Buffers:           24732 kB
Cached:           178460 kB
MemTotal:        1844596 kB
MemFree:         1453304 kB
MemAvailable:    1526056 kB
Buffers:           24732 kB
Cached:           178460 kB
MemTotal:        1844596 kB
MemFree:         1453560 kB
MemAvailable:    1526312 kB
Buffers:           24732 kB
Cached:           178460 kB
MemTotal:        1844596 kB
MemFree:         1453256 kB
MemAvailable:    1526008 kB
Buffers:           24732 kB
Cached:           178460 kB
MemTotal:        1844596 kB
MemFree:         1453256 kB
MemAvailable:    1526008 kB
Buffers:           24732 kB
Cached:           178460 kB
MemTotal:        1844596 kB
MemFree:         1453316 kB
MemAvailable:    1526068 kB
Buffers:           24732 kB
Cached:           178460 kB
MemTotal:        1844596 kB
MemFree:         1451884 kB
MemAvailable:    1524636 kB
Buffers:           24732 kB
Cached:           178460 kB
MemTotal:        1844596 kB
MemFree:         1453312 kB
MemAvailable:    1526064 kB
Buffers:           24732 kB
Cached:           178460 kB
MemTotal:        1844596 kB
MemFree:         1453156 kB
MemAvailable:    1525908 kB
Buffers:           24732 kB
Cached:           178460 kB
MemTotal:        1844596 kB
MemFree:         1453408 kB
MemAvailable:    1526160 kB
Buffers:           24732 kB
Cached:           178460 kB
MemTotal:        1844596 kB
MemFree:         1452992 kB
MemAvailable:    1525744 kB
Buffers:           24732 kB
Cached:           178460 kB
MemTotal:        1844596 kB
MemFree:         1453328 kB
MemAvailable:    1526080 kB
Buffers:           24732 kB
Cached:           178460 kB
MemTotal:        1844596 kB
MemFree:         1453028 kB
MemAvailable:    1525780 kB
Buffers:           24732 kB
Cached:           178460 kB
MemTotal:        1844596 kB
MemFree:         1453196 kB
MemAvailable:    1525948 kB
Buffers:           24732 kB
Cached:           178460 kB
MemTotal:        1844596 kB
MemFree:         1453040 kB
MemAvailable:    1525792 kB
Buffers:           24732 kB
Cached:           178460 kB
MemTotal:        1844596 kB
MemFree:         1453040 kB
MemAvailable:    1525792 kB
Buffers:           24732 kB
Cached:           178460 kB
MemTotal:        1844596 kB
MemFree:         1453184 kB
MemAvailable:    1525936 kB
Buffers:           24732 kB
Cached:           178460 kB
MemTotal:        1844596 kB
MemFree:         1453248 kB
MemAvailable:    1526000 kB
Buffers:           24732 kB
Cached:           178460 kB
MemTotal:        1844596 kB
MemFree:         1452000 kB
MemAvailable:    1524752 kB
Buffers:           24732 kB
Cached:           178460 kB
MemTotal:        1844596 kB
MemFree:         1453152 kB
MemAvailable:    1525904 kB
Buffers:           24732 kB
Cached:           178460 kB
MemTotal:        1844596 kB
MemFree:         1453408 kB
MemAvailable:    1526160 kB
Buffers:           24732 kB
Cached:           178460 kB
MemTotal:        1844596 kB
MemFree:         1451904 kB
MemAvailable:    1524656 kB
Buffers:           24732 kB
Cached:           178460 kB
MemTotal:        1844596 kB
MemFree:         1453212 kB
MemAvailable:    1525964 kB
Buffers:           24732 kB
Cached:           178460 kB
MemTotal:        1844596 kB
MemFree:         1452808 kB
MemAvailable:    1525560 kB
Buffers:           24732 kB
Cached:           178460 kB
MemTotal:        1844596 kB
MemFree:         1453160 kB
MemAvailable:    1525912 kB
Buffers:           24732 kB
Cached:           178460 kB
MemTotal:        1844596 kB
MemFree:         1453416 kB
MemAvailable:    1526168 kB
Buffers:           24732 kB
Cached:           178460 kB
MemTotal:        1844596 kB
MemFree:         1451996 kB
MemAvailable:    1524748 kB
Buffers:           24732 kB
Cached:           178460 kB
MemTotal:        1844596 kB
MemFree:         1451872 kB
MemAvailable:    1524624 kB
Buffers:           24732 kB
Cached:           178460 kB
MemTotal:        1844596 kB
MemFree:         1453040 kB
MemAvailable:    1525792 kB
Buffers:           24732 kB
Cached:           178460 kB
MemTotal:        1844596 kB
MemFree:         1453040 kB
MemAvailable:    1525792 kB
Buffers:           24732 kB
Cached:           178460 kB
MemTotal:        1844596 kB
MemFree:         1452984 kB
MemAvailable:    1525736 kB
Buffers:           24732 kB
Cached:           178460 kB
MemTotal:        1844596 kB
MemFree:         1453236 kB
MemAvailable:    1525988 kB
Buffers:           24732 kB
Cached:           178460 kB
MemTotal:        1844596 kB
MemFree:         1452044 kB
MemAvailable:    1524796 kB
Buffers:           24732 kB
Cached:           178460 kB
MemTotal:        1844596 kB
MemFree:         1453144 kB
MemAvailable:    1525896 kB
Buffers:           24732 kB
Cached:           178460 kB
MemTotal:        1844596 kB
MemFree:         1453228 kB
MemAvailable:    1525980 kB
Buffers:           24732 kB
Cached:           178460 kB
MemTotal:        1844596 kB
MemFree:         1453024 kB
MemAvailable:    1525776 kB
Buffers:           24732 kB
Cached:           178460 kB
MemTotal:        1844596 kB
MemFree:         1453304 kB
MemAvailable:    1526056 kB
Buffers:           24732 kB
Cached:           178460 kB
MemTotal:        1844596 kB
MemFree:         1453296 kB
MemAvailable:    1526048 kB
Buffers:           24732 kB
Cached:           178460 kB
MemTotal:        1844596 kB
MemFree:         1453124 kB
MemAvailable:    1525876 kB
Buffers:           24732 kB
Cached:           178460 kB
MemTotal:        1844596 kB
MemFree:         1453376 kB
MemAvailable:    1526128 kB
Buffers:           24732 kB
Cached:           178460 kB
MemTotal:        1844596 kB
MemFree:         1452048 kB
MemAvailable:    1524800 kB
Buffers:           24732 kB
Cached:           178460 kB
MemTotal:        1844596 kB
MemFree:         1451760 kB
MemAvailable:    1524512 kB
Buffers:           24732 kB
Cached:           178460 kB
MemTotal:        1844596 kB
MemFree:         1453056 kB
MemAvailable:    1525808 kB
Buffers:           24732 kB
Cached:           178460 kB
MemTotal:        1844596 kB
MemFree:         1453132 kB
MemAvailable:    1525884 kB
Buffers:           24732 kB
Cached:           178460 kB
MemTotal:        1844596 kB
MemFree:         1453388 kB
MemAvailable:    1526140 kB
Buffers:           24732 kB
Cached:           178460 kB
MemTotal:        1844596 kB
MemFree:         1452992 kB
MemAvailable:    1525744 kB
Buffers:           24732 kB
Cached:           178460 kB
MemTotal:        1844596 kB
MemFree:         1453244 kB
MemAvailable:    1525996 kB
Buffers:           24732 kB
Cached:           178460 kB
MemTotal:        1844596 kB
MemFree:         1452176 kB
MemAvailable:    1524928 kB
Buffers:           24732 kB
Cached:           178460 kB
MemTotal:        1844596 kB
MemFree:         1453292 kB
MemAvailable:    1526044 kB
Buffers:           24732 kB
Cached:           178460 kB
MemTotal:        1844596 kB
MemFree:         1453244 kB
MemAvailable:    1525996 kB
Buffers:           24732 kB
Cached:           178460 kB
MemTotal:        1844596 kB
MemFree:         1453216 kB
MemAvailable:    1525968 kB
Buffers:           24732 kB
Cached:           178460 kB
MemTotal:        1844596 kB
MemFree:         1451908 kB
MemAvailable:    1524660 kB
Buffers:           24732 kB
Cached:           178460 kB
MemTotal:        1844596 kB
MemFree:         1451908 kB
MemAvailable:    1524660 kB
Buffers:           24732 kB
Cached:           178460 kB
MemTotal:        1844596 kB
MemFree:         1453208 kB
MemAvailable:    1525960 kB
Buffers:           24732 kB
Cached:           178460 kB
MemTotal:        1844596 kB
MemFree:         1453264 kB
MemAvailable:    1526028 kB
Buffers:           24732 kB
Cached:           178472 kB
MemTotal:        1844596 kB
MemFree:         1452816 kB
MemAvailable:    1525580 kB
Buffers:           24732 kB
Cached:           178472 kB
MemTotal:        1844596 kB
MemFree:         1453036 kB
MemAvailable:    1525800 kB
Buffers:           24732 kB
Cached:           178472 kB
MemTotal:        1844596 kB
MemFree:         1453260 kB
MemAvailable:    1526024 kB
Buffers:           24732 kB
Cached:           178472 kB
MemTotal:        1844596 kB
MemFree:         1453612 kB
MemAvailable:    1526376 kB
Buffers:           24732 kB
Cached:           178472 kB
MemTotal:        1844596 kB
MemFree:         1452692 kB
MemAvailable:    1525456 kB
Buffers:           24732 kB
Cached:           178472 kB
MemTotal:        1844596 kB
MemFree:         1453320 kB
MemAvailable:    1526084 kB
Buffers:           24732 kB
Cached:           178472 kB
MemTotal:        1844596 kB
MemFree:         1453128 kB
MemAvailable:    1525892 kB
Buffers:           24732 kB
Cached:           178472 kB
MemTotal:        1844596 kB
MemFree:         1453204 kB
MemAvailable:    1525968 kB
Buffers:           24732 kB
Cached:           178472 kB
MemTotal:        1844596 kB
MemFree:         1457088 kB
MemAvailable:    1529852 kB
Buffers:           24732 kB
Cached:           178472 kB
MemTotal:        1844596 kB
MemFree:         1456224 kB
MemAvailable:    1528988 kB
Buffers:           24732 kB
Cached:           178472 kB
MemTotal:        1844596 kB
MemFree:         1454552 kB
MemAvailable:    1527316 kB
Buffers:           24732 kB
Cached:           178472 kB
MemTotal:        1844596 kB
MemFree:         1454296 kB
MemAvailable:    1527060 kB
Buffers:           24732 kB
Cached:           178472 kB
MemTotal:        1844596 kB
MemFree:         1455720 kB
MemAvailable:    1528484 kB
Buffers:           24732 kB
Cached:           178472 kB
MemTotal:        1844596 kB
MemFree:         1455396 kB
MemAvailable:    1528160 kB
Buffers:           24732 kB
Cached:           178472 kB
MemTotal:        1844596 kB
MemFree:         1455652 kB
MemAvailable:    1528416 kB
Buffers:           24732 kB
Cached:           178472 kB
MemTotal:        1844596 kB
MemFree:         1454024 kB
MemAvailable:    1526788 kB
Buffers:           24732 kB
Cached:           178472 kB
MemTotal:        1844596 kB
MemFree:         1455388 kB
MemAvailable:    1528152 kB
Buffers:           24732 kB
Cached:           178472 kB
MemTotal:        1844596 kB
MemFree:         1455456 kB
MemAvailable:    1528220 kB
Buffers:           24732 kB
Cached:           178472 kB
MemTotal:        1844596 kB
MemFree:         1455132 kB
MemAvailable:    1527896 kB
Buffers:           24732 kB
Cached:           178472 kB
MemTotal:        1844596 kB
MemFree:         1455216 kB
MemAvailable:    1527980 kB
Buffers:           24732 kB
Cached:           178472 kB
MemTotal:        1844596 kB
MemFree:         1455356 kB
MemAvailable:    1528120 kB
Buffers:           24732 kB
Cached:           178472 kB
MemTotal:        1844596 kB
MemFree:         1454984 kB
MemAvailable:    1527748 kB
Buffers:           24732 kB
Cached:           178472 kB
MemTotal:        1844596 kB
MemFree:         1455048 kB
MemAvailable:    1527812 kB
Buffers:           24732 kB
Cached:           178472 kB
MemTotal:        1844596 kB
MemFree:         1454992 kB
MemAvailable:    1527756 kB
Buffers:           24732 kB
Cached:           178472 kB
MemTotal:        1844596 kB
MemFree:         1455176 kB
MemAvailable:    1527940 kB
Buffers:           24732 kB
Cached:           178472 kB
MemTotal:        1844596 kB
MemFree:         1454924 kB
MemAvailable:    1527688 kB
Buffers:           24732 kB
Cached:           178472 kB
MemTotal:        1844596 kB
MemFree:         1455020 kB
MemAvailable:    1527784 kB
Buffers:           24732 kB
Cached:           178472 kB
MemTotal:        1844596 kB
MemFree:         1455272 kB
MemAvailable:    1528036 kB
Buffers:           24732 kB
Cached:           178472 kB
MemTotal:        1844596 kB
MemFree:         1454036 kB
MemAvailable:    1526800 kB
Buffers:           24732 kB
Cached:           178472 kB
MemTotal:        1844596 kB
MemFree:         1455096 kB
MemAvailable:    1527860 kB
Buffers:           24732 kB
Cached:           178472 kB
MemTotal:        1844596 kB
MemFree:         1455096 kB
MemAvailable:    1527860 kB
Buffers:           24732 kB
Cached:           178472 kB
MemTotal:        1844596 kB
MemFree:         1454976 kB
MemAvailable:    1527740 kB
Buffers:           24732 kB
Cached:           178472 kB
MemTotal:        1844596 kB
MemFree:         1455228 kB
MemAvailable:    1527992 kB
Buffers:           24732 kB
Cached:           178472 kB
MemTotal:        1844596 kB
MemFree:         1455044 kB
MemAvailable:    1527808 kB
Buffers:           24732 kB
Cached:           178472 kB
MemTotal:        1844596 kB
MemFree:         1454984 kB
MemAvailable:    1527748 kB
Buffers:           24732 kB
Cached:           178472 kB
MemTotal:        1844596 kB
MemFree:         1455168 kB
MemAvailable:    1527932 kB
Buffers:           24732 kB
Cached:           178472 kB
MemTotal:        1844596 kB
MemFree:         1455012 kB
MemAvailable:    1527776 kB
Buffers:           24732 kB
Cached:           178472 kB
MemTotal:        1844596 kB
MemFree:         1455096 kB
MemAvailable:    1527860 kB
Buffers:           24732 kB
Cached:           178472 kB
MemTotal:        1844596 kB
MemFree:         1454828 kB
MemAvailable:    1527592 kB
Buffers:           24732 kB
Cached:           178472 kB
MemTotal:        1844596 kB
MemFree:         1454888 kB
MemAvailable:    1527652 kB
Buffers:           24732 kB
Cached:           178472 kB
MemTotal:        1844596 kB
MemFree:         1461804 kB
MemAvailable:    1534568 kB
Buffers:           24732 kB
Cached:           178472 kB
MemTotal:        1844596 kB
MemFree:         1461124 kB
MemAvailable:    1533888 kB
Buffers:           24732 kB
Cached:           178472 kB
MemTotal:        1844596 kB
MemFree:         1456100 kB
MemAvailable:    1528864 kB
Buffers:           24732 kB
Cached:           178472 kB
MemTotal:        1844596 kB
MemFree:         1455852 kB
MemAvailable:    1528616 kB
Buffers:           24732 kB
Cached:           178472 kB
MemTotal:        1844596 kB
MemFree:         1455520 kB
MemAvailable:    1528284 kB
Buffers:           24732 kB
Cached:           178472 kB
MemTotal:        1844596 kB
MemFree:         1455520 kB
MemAvailable:    1528284 kB
Buffers:           24732 kB
Cached:           178472 kB
MemTotal:        1844596 kB
MemFree:         1455400 kB
MemAvailable:    1528164 kB
Buffers:           24732 kB
Cached:           178472 kB
MemTotal:        1844596 kB
MemFree:         1455400 kB
MemAvailable:    1528164 kB
Buffers:           24732 kB
Cached:           178472 kB
MemTotal:        1844596 kB
MemFree:         1455156 kB
MemAvailable:    1527920 kB
Buffers:           24732 kB
Cached:           178472 kB
MemTotal:        1844596 kB
MemFree:         1455492 kB
MemAvailable:    1528256 kB
Buffers:           24732 kB
Cached:           178472 kB
MemTotal:        1844596 kB
MemFree:         1454172 kB
MemAvailable:    1526936 kB
Buffers:           24732 kB
Cached:           178472 kB
MemTotal:        1844596 kB
MemFree:         1454172 kB
MemAvailable:    1526936 kB
Buffers:           24732 kB
Cached:           178472 kB
MemTotal:        1844596 kB
MemFree:         1455412 kB
MemAvailable:    1528176 kB
Buffers:           24732 kB
Cached:           178472 kB
MemTotal:        1844596 kB
MemFree:         1454428 kB
MemAvailable:    1527192 kB
Buffers:           24732 kB
Cached:           178472 kB
MemTotal:        1844596 kB
MemFree:         1455284 kB
MemAvailable:    1528048 kB
Buffers:           24732 kB
Cached:           178472 kB
MemTotal:        1844596 kB
MemFree:         1454036 kB
MemAvailable:    1526800 kB
Buffers:           24732 kB
Cached:           178472 kB
MemTotal:        1844596 kB
MemFree:         1455276 kB
MemAvailable:    1528040 kB
Buffers:           24732 kB
Cached:           178472 kB
MemTotal:        1844596 kB
MemFree:         1454420 kB
MemAvailable:    1527184 kB
Buffers:           24732 kB
Cached:           178472 kB
MemTotal:        1844596 kB
MemFree:         1455144 kB
MemAvailable:    1527908 kB
Buffers:           24732 kB
Cached:           178472 kB
MemTotal:        1844596 kB
MemFree:         1453912 kB
MemAvailable:    1526676 kB
Buffers:           24732 kB
Cached:           178472 kB
MemTotal:        1844596 kB
MemFree:         1455336 kB
MemAvailable:    1528100 kB
Buffers:           24732 kB
Cached:           178472 kB
MemTotal:        1844596 kB
MemFree:         1454304 kB
MemAvailable:    1527068 kB
Buffers:           24732 kB
Cached:           178472 kB
MemTotal:        1844596 kB
MemFree:         1455304 kB
MemAvailable:    1528068 kB
Buffers:           24732 kB
Cached:           178472 kB
MemTotal:        1844596 kB
MemFree:         1455236 kB
MemAvailable:    1528000 kB
Buffers:           24732 kB
Cached:           178472 kB
MemTotal:        1844596 kB
MemFree:         1455544 kB
MemAvailable:    1528316 kB
Buffers:           24732 kB
Cached:           178480 kB
MemTotal:        1844596 kB
MemFree:         1454420 kB
MemAvailable:    1527192 kB
Buffers:           24732 kB
Cached:           178480 kB
MemTotal:        1844596 kB
MemFree:         1455536 kB
MemAvailable:    1528308 kB
Buffers:           24732 kB
Cached:           178480 kB
MemTotal:        1844596 kB
MemFree:         1455340 kB
MemAvailable:    1528112 kB
Buffers:           24732 kB
Cached:           178480 kB
MemTotal:        1844596 kB
MemFree:         1454180 kB
MemAvailable:    1526952 kB
Buffers:           24732 kB
Cached:           178480 kB
MemTotal:        1844596 kB
MemFree:         1455304 kB
MemAvailable:    1528076 kB
Buffers:           24732 kB
Cached:           178480 kB
MemTotal:        1844596 kB
MemFree:         1453996 kB
MemAvailable:    1526768 kB
Buffers:           24732 kB
Cached:           178480 kB
MemTotal:        1844596 kB
MemFree:         1455148 kB
MemAvailable:    1527920 kB
Buffers:           24732 kB
Cached:           178480 kB
MemTotal:        1844596 kB
MemFree:         1455148 kB
MemAvailable:    1527920 kB
Buffers:           24732 kB
Cached:           178480 kB
MemTotal:        1844596 kB
MemFree:         1454992 kB
MemAvailable:    1527764 kB
Buffers:           24732 kB
Cached:           178480 kB
MemTotal:        1844596 kB
MemFree:         1453932 kB
MemAvailable:    1526788 kB
Buffers:           24732 kB
Cached:           178480 kB
MemTotal:        1844596 kB
MemFree:         1455052 kB
MemAvailable:    1527824 kB
Buffers:           24732 kB
Cached:           178480 kB
MemTotal:        1844596 kB
MemFree:         1454992 kB
MemAvailable:    1527764 kB
Buffers:           24732 kB
Cached:           178480 kB
MemTotal:        1844596 kB
MemFree:         1455248 kB
MemAvailable:    1528020 kB
Buffers:           24732 kB
Cached:           178480 kB
MemTotal:        1844596 kB
MemFree:         1455052 kB
MemAvailable:    1527824 kB
Buffers:           24732 kB
Cached:           178480 kB
MemTotal:        1844596 kB
MemFree:         1455176 kB
MemAvailable:    1527948 kB
Buffers:           24732 kB
Cached:           178480 kB
MemTotal:        1844596 kB
MemFree:         1455456 kB
MemAvailable:    1528232 kB
Buffers:           24732 kB
Cached:           178484 kB
MemTotal:        1844596 kB
MemFree:         1454800 kB
MemAvailable:    1527576 kB
Buffers:           24732 kB
Cached:           178484 kB
MemTotal:        1844596 kB
MemFree:         1454976 kB
MemAvailable:    1527752 kB
Buffers:           24732 kB
Cached:           178484 kB
MemTotal:        1844596 kB
MemFree:         1455228 kB
MemAvailable:    1528004 kB
Buffers:           24732 kB
Cached:           178484 kB
MemTotal:        1844596 kB
MemFree:         1454924 kB
MemAvailable:    1527700 kB
Buffers:           24732 kB
Cached:           178484 kB
MemTotal:        1844596 kB
MemFree:         1454544 kB
MemAvailable:    1527320 kB
Buffers:           24732 kB
Cached:           178484 kB
MemTotal:        1844596 kB
MemFree:         1454544 kB
MemAvailable:    1527320 kB
Buffers:           24732 kB
Cached:           178484 kB
MemTotal:        1844596 kB
MemFree:         1455852 kB
MemAvailable:    1528628 kB
Buffers:           24732 kB
Cached:           178484 kB
MemTotal:        1844596 kB
MemFree:         1455596 kB
MemAvailable:    1528372 kB
Buffers:           24732 kB
Cached:           178484 kB
MemTotal:        1844596 kB
MemFree:         1454288 kB
MemAvailable:    1527064 kB
Buffers:           24732 kB
Cached:           178484 kB
MemTotal:        1844596 kB
MemFree:         1454172 kB
MemAvailable:    1526948 kB
Buffers:           24732 kB
Cached:           178484 kB
MemTotal:        1844596 kB
MemFree:         1455336 kB
MemAvailable:    1528112 kB
Buffers:           24732 kB
Cached:           178484 kB
MemTotal:        1844596 kB
MemFree:         1453988 kB
MemAvailable:    1526764 kB
Buffers:           24732 kB
Cached:           178484 kB
MemTotal:        1844596 kB
MemFree:         1454296 kB
MemAvailable:    1527072 kB
Buffers:           24732 kB
Cached:           178484 kB
MemTotal:        1844596 kB
MemFree:         1455012 kB
MemAvailable:    1527788 kB
Buffers:           24732 kB
Cached:           178484 kB
MemTotal:        1844596 kB
MemFree:         1455348 kB
MemAvailable:    1528124 kB
Buffers:           24732 kB
Cached:           178484 kB
MemTotal:        1844596 kB
MemFree:         1454880 kB
MemAvailable:    1527656 kB
Buffers:           24732 kB
Cached:           178484 kB
MemTotal:        1844596 kB
MemFree:         1454868 kB
MemAvailable:    1527644 kB
Buffers:           24732 kB
Cached:           178484 kB
MemTotal:        1844596 kB
MemFree:         1455480 kB
MemAvailable:    1528256 kB
Buffers:           24732 kB
Cached:           178484 kB
MemTotal:        1844596 kB
MemFree:         1454056 kB
MemAvailable:    1526832 kB
Buffers:           24732 kB
Cached:           178484 kB
MemTotal:        1844596 kB
MemFree:         1454988 kB
MemAvailable:    1527764 kB
Buffers:           24732 kB
Cached:           178484 kB
MemTotal:        1844596 kB
MemFree:         1455180 kB
MemAvailable:    1527956 kB
Buffers:           24732 kB
Cached:           178484 kB
MemTotal:        1844596 kB
MemFree:         1455092 kB
MemAvailable:    1527868 kB
Buffers:           24732 kB
Cached:           178484 kB
MemTotal:        1844596 kB
MemFree:         1454984 kB
MemAvailable:    1527760 kB
Buffers:           24732 kB
Cached:           178484 kB
MemTotal:        1844596 kB
MemFree:         1453904 kB
MemAvailable:    1526680 kB
Buffers:           24732 kB
Cached:           178484 kB
MemTotal:        1844596 kB
MemFree:         1455124 kB
MemAvailable:    1527900 kB
Buffers:           24732 kB
Cached:           178484 kB
MemTotal:        1844596 kB
MemFree:         1453796 kB
MemAvailable:    1526572 kB
Buffers:           24732 kB
Cached:           178484 kB
MemTotal:        1844596 kB
MemFree:         1455060 kB
MemAvailable:    1527836 kB
Buffers:           24732 kB
Cached:           178484 kB
MemTotal:        1844596 kB
MemFree:         1455108 kB
MemAvailable:    1527884 kB
Buffers:           24732 kB
Cached:           178484 kB
MemTotal:        1844596 kB
MemFree:         1454916 kB
MemAvailable:    1527692 kB
Buffers:           24732 kB
Cached:           178484 kB
MemTotal:        1844596 kB
MemFree:         1454932 kB
MemAvailable:    1527708 kB
Buffers:           24732 kB
Cached:           178484 kB
MemTotal:        1844596 kB
MemFree:         1455060 kB
MemAvailable:    1527836 kB
Buffers:           24732 kB
Cached:           178484 kB
MemTotal:        1844596 kB
MemFree:         1455056 kB
MemAvailable:    1527832 kB
Buffers:           24732 kB
Cached:           178484 kB
MemTotal:        1844596 kB
MemFree:         1454676 kB
MemAvailable:    1527452 kB
Buffers:           24732 kB
Cached:           178484 kB
MemTotal:        1844596 kB
MemFree:         1454896 kB
MemAvailable:    1527672 kB
Buffers:           24732 kB
Cached:           178484 kB
MemTotal:        1844596 kB
MemFree:         1455148 kB
MemAvailable:    1527924 kB
Buffers:           24732 kB
Cached:           178484 kB
MemTotal:        1844596 kB
MemFree:         1455068 kB
MemAvailable:    1527844 kB
Buffers:           24732 kB
Cached:           178484 kB
MemTotal:        1844596 kB
MemFree:         1453760 kB
MemAvailable:    1526536 kB
Buffers:           24732 kB
Cached:           178484 kB
MemTotal:        1844596 kB
MemFree:         1454868 kB
MemAvailable:    1527644 kB
Buffers:           24732 kB
Cached:           178484 kB
MemTotal:        1844596 kB
MemFree:         1455120 kB
MemAvailable:    1527896 kB
Buffers:           24732 kB
Cached:           178484 kB
MemTotal:        1844596 kB
MemFree:         1454800 kB
MemAvailable:    1527576 kB
Buffers:           24732 kB
Cached:           178484 kB
MemTotal:        1844596 kB
MemFree:         1455048 kB
MemAvailable:    1527824 kB
Buffers:           24732 kB
Cached:           178484 kB
MemTotal:        1844596 kB
MemFree:         1455108 kB
MemAvailable:    1527884 kB
Buffers:           24732 kB
Cached:           178484 kB
MemTotal:        1844596 kB
MemFree:         1454936 kB
MemAvailable:    1527712 kB
Buffers:           24732 kB
Cached:           178484 kB
MemTotal:        1844596 kB
MemFree:         1454972 kB
MemAvailable:    1527748 kB
Buffers:           24732 kB
Cached:           178484 kB
MemTotal:        1844596 kB
MemFree:         1455068 kB
MemAvailable:    1527844 kB
Buffers:           24732 kB
Cached:           178484 kB
MemTotal:        1844596 kB
MemFree:         1455064 kB
MemAvailable:    1527840 kB
Buffers:           24732 kB
Cached:           178484 kB
MemTotal:        1844596 kB
MemFree:         1454792 kB
MemAvailable:    1527568 kB
Buffers:           24732 kB
Cached:           178484 kB
MemTotal:        1844596 kB
MemFree:         1454876 kB
MemAvailable:    1527652 kB
Buffers:           24732 kB
Cached:           178484 kB
MemTotal:        1844596 kB
MemFree:         1455048 kB
MemAvailable:    1527824 kB
Buffers:           24732 kB
Cached:           178484 kB
MemTotal:        1844596 kB
MemFree:         1454752 kB
MemAvailable:    1527528 kB
Buffers:           24732 kB
Cached:           178484 kB
MemTotal:        1844596 kB
MemFree:         1454984 kB
MemAvailable:    1527760 kB
Buffers:           24732 kB
Cached:           178484 kB
MemTotal:        1844596 kB
MemFree:         1455112 kB
MemAvailable:    1527888 kB
Buffers:           24732 kB
Cached:           178484 kB
MemTotal:        1844596 kB
MemFree:         1453932 kB
MemAvailable:    1526708 kB
Buffers:           24732 kB
Cached:           178484 kB
MemTotal:        1844596 kB
MemFree:         1453924 kB
MemAvailable:    1526700 kB
Buffers:           24732 kB
Cached:           178484 kB
MemTotal:        1844596 kB
MemFree:         1453892 kB
MemAvailable:    1526668 kB
Buffers:           24732 kB
Cached:           178484 kB
MemTotal:        1844596 kB
MemFree:         1454876 kB
MemAvailable:    1527652 kB
Buffers:           24732 kB
Cached:           178484 kB
MemTotal:        1844596 kB
MemFree:         1455000 kB
MemAvailable:    1527776 kB
Buffers:           24732 kB
Cached:           178484 kB
MemTotal:        1844596 kB
MemFree:         1454428 kB
MemAvailable:    1527204 kB
Buffers:           24732 kB
Cached:           178484 kB
MemTotal:        1844596 kB
MemFree:         1454736 kB
MemAvailable:    1527512 kB
Buffers:           24732 kB
Cached:           178608 kB
MemTotal:        1844596 kB
MemFree:         1454992 kB
MemAvailable:    1527768 kB
Buffers:           24732 kB
Cached:           178608 kB
MemTotal:        1844596 kB
MemFree:         1454604 kB
MemAvailable:    1527632 kB
Buffers:           24732 kB
Cached:           178732 kB
MemTotal:        1844596 kB
MemFree:         1453992 kB
MemAvailable:    1527020 kB
Buffers:           24732 kB
Cached:           178732 kB
MemTotal:        1844596 kB
MemFree:         1454576 kB
MemAvailable:    1527688 kB
Buffers:           24732 kB
Cached:           178856 kB
MemTotal:        1844596 kB
MemFree:         1454592 kB
MemAvailable:    1527788 kB
Buffers:           24732 kB
Cached:           178980 kB
MemTotal:        1844596 kB
MemFree:         1453012 kB
MemAvailable:    1526376 kB
Buffers:           24732 kB
Cached:           179104 kB
MemTotal:        1844596 kB
MemFree:         1454420 kB
MemAvailable:    1527784 kB
Buffers:           24732 kB
Cached:           179104 kB
MemTotal:        1844596 kB
MemFree:         1454352 kB
MemAvailable:    1527800 kB
Buffers:           24732 kB
Cached:           179104 kB
MemTotal:        1844596 kB
MemFree:         1454160 kB
MemAvailable:    1527608 kB
Buffers:           24732 kB
Cached:           179104 kB
MemTotal:        1844596 kB
MemFree:         1454416 kB
MemAvailable:    1527864 kB
Buffers:           24732 kB
Cached:           179104 kB
MemTotal:        1844596 kB
MemFree:         1454104 kB
MemAvailable:    1527552 kB
Buffers:           24732 kB
Cached:           179104 kB
MemTotal:        1844596 kB
MemFree:         1452880 kB
MemAvailable:    1526328 kB
Buffers:           24732 kB
Cached:           179104 kB
MemTotal:        1844596 kB
MemFree:         1454236 kB
MemAvailable:    1527684 kB
Buffers:           24732 kB
Cached:           179104 kB
MemTotal:        1844596 kB
MemFree:         1453808 kB
MemAvailable:    1527256 kB
Buffers:           24732 kB
Cached:           179104 kB
MemTotal:        1844596 kB
MemFree:         1453992 kB
MemAvailable:    1527444 kB
Buffers:           24732 kB
Cached:           179160 kB
MemTotal:        1844596 kB
MemFree:         1454044 kB
MemAvailable:    1527496 kB
Buffers:           24732 kB
Cached:           179160 kB
MemTotal:        1844596 kB
MemFree:         1531316 kB
MemAvailable:    1604180 kB
Buffers:           24732 kB
Cached:           178528 kB
