MemTotal:        1844596 kB
MemFree:         1429172 kB
MemAvailable:    1567216 kB
Buffers:           34136 kB
Cached:           235560 kB
MemTotal:        1844596 kB
MemFree:         1427064 kB
MemAvailable:    1565108 kB
Buffers:           34136 kB
Cached:           235560 kB
MemTotal:        1844596 kB
MemFree:         1424336 kB
MemAvailable:    1562380 kB
Buffers:           34136 kB
Cached:           235560 kB
MemTotal:        1844596 kB
MemFree:         1423964 kB
MemAvailable:    1562008 kB
Buffers:           34136 kB
Cached:           235560 kB
MemTotal:        1844596 kB
MemFree:         1424900 kB
MemAvailable:    1562944 kB
Buffers:           34136 kB
Cached:           235560 kB
MemTotal:        1844596 kB
MemFree:         1423600 kB
MemAvailable:    1561644 kB
Buffers:           34136 kB
Cached:           235560 kB
MemTotal:        1844596 kB
MemFree:         1419120 kB
MemAvailable:    1557164 kB
Buffers:           34136 kB
Cached:           235560 kB
MemTotal:        1844596 kB
MemFree:         1419500 kB
MemAvailable:    1557544 kB
Buffers:           34136 kB
Cached:           235560 kB
MemTotal:        1844596 kB
MemFree:         1413672 kB
MemAvailable:    1551716 kB
Buffers:           34136 kB
Cached:           235560 kB
MemTotal:        1844596 kB
MemFree:         1415544 kB
MemAvailable:    1553588 kB
Buffers:           34136 kB
Cached:           235560 kB
MemTotal:        1844596 kB
MemFree:         1415292 kB
MemAvailable:    1553336 kB
Buffers:           34136 kB
Cached:           235560 kB
MemTotal:        1844596 kB
MemFree:         1413996 kB
MemAvailable:    1552040 kB
Buffers:           34144 kB
Cached:           235552 kB
MemTotal:        1844596 kB
MemFree:         1415304 kB
MemAvailable:    1553348 kB
Buffers:           34144 kB
Cached:           235552 kB
MemTotal:        1844596 kB
MemFree:         1415428 kB
MemAvailable:    1553472 kB
Buffers:           34144 kB
Cached:           235552 kB
MemTotal:        1844596 kB
MemFree:         1415236 kB
MemAvailable:    1553280 kB
Buffers:           34144 kB
Cached:           235552 kB
MemTotal:        1844596 kB
MemFree:         1414732 kB
MemAvailable:    1552776 kB
Buffers:           34144 kB
Cached:           235552 kB
MemTotal:        1844596 kB
MemFree:         1413168 kB
MemAvailable:    1551212 kB
Buffers:           34144 kB
Cached:           235552 kB
MemTotal:        1844596 kB
MemFree:         1412260 kB
MemAvailable:    1550304 kB
Buffers:           34144 kB
Cached:           235552 kB
MemTotal:        1844596 kB
MemFree:         1413112 kB
MemAvailable:    1551156 kB
Buffers:           34144 kB
Cached:           235552 kB
MemTotal:        1844596 kB
MemFree:         1413184 kB
MemAvailable:    1551228 kB
Buffers:           34144 kB
Cached:           235552 kB
MemTotal:        1844596 kB
MemFree:         1412996 kB
MemAvailable:    1551040 kB
Buffers:           34144 kB
Cached:           235552 kB
MemTotal:        1844596 kB
MemFree:         1411564 kB
MemAvailable:    1549608 kB
Buffers:           34144 kB
Cached:           235552 kB
MemTotal:        1844596 kB
MemFree:         1412948 kB
MemAvailable:    1550992 kB
Buffers:           34144 kB
Cached:           235552 kB
MemTotal:        1844596 kB
MemFree:         1411516 kB
MemAvailable:    1549560 kB
Buffers:           34144 kB
Cached:           235552 kB
MemTotal:        1844596 kB
MemFree:         1412816 kB
MemAvailable:    1550860 kB
Buffers:           34144 kB
Cached:           235552 kB
MemTotal:        1844596 kB
MemFree:         1412936 kB
MemAvailable:    1550980 kB
Buffers:           34144 kB
Cached:           235552 kB
MemTotal:        1844596 kB
MemFree:         1412628 kB
MemAvailable:    1550672 kB
Buffers:           34144 kB
Cached:           235552 kB
MemTotal:        1844596 kB
MemFree:         1414548 kB
MemAvailable:    1552592 kB
Buffers:           34144 kB
Cached:           235552 kB
MemTotal:        1844596 kB
MemFree:         1414160 kB
MemAvailable:    1552204 kB
Buffers:           34144 kB
Cached:           235552 kB
MemTotal:        1844596 kB
MemFree:         1414340 kB
MemAvailable:    1552384 kB
Buffers:           34144 kB
Cached:           235552 kB
MemTotal:        1844596 kB
MemFree:         1413060 kB
MemAvailable:    1551104 kB
Buffers:           34144 kB
Cached:           235552 kB
MemTotal:        1844596 kB
MemFree:         1410936 kB
MemAvailable:    1548980 kB
Buffers:           34144 kB
Cached:           235552 kB
MemTotal:        1844596 kB
MemFree:         1409532 kB
MemAvailable:    1547576 kB
Buffers:           34144 kB
Cached:           235552 kB
MemTotal:        1844596 kB
MemFree:         1410580 kB
MemAvailable:    1548624 kB
Buffers:           34144 kB
Cached:           235552 kB
MemTotal:        1844596 kB
MemFree:         1409052 kB
MemAvailable:    1547096 kB
Buffers:           34144 kB
Cached:           235552 kB
MemTotal:        1844596 kB
MemFree:         1408712 kB
MemAvailable:    1546764 kB
Buffers:           34144 kB
Cached:           235560 kB
MemTotal:        1844596 kB
MemFree:         1409772 kB
MemAvailable:    1547824 kB
Buffers:           34144 kB
Cached:           235560 kB
MemTotal:        1844596 kB
MemFree:         1409640 kB
MemAvailable:    1547692 kB
Buffers:           34144 kB
Cached:           235560 kB
MemTotal:        1844596 kB
MemFree:         1408836 kB
MemAvailable:    1546888 kB
Buffers:           34144 kB
Cached:           235560 kB
MemTotal:        1844596 kB
MemFree:         1407852 kB
MemAvailable:    1545904 kB
Buffers:           34144 kB
Cached:           235560 kB
MemTotal:        1844596 kB
MemFree:         1408672 kB
MemAvailable:    1546724 kB
Buffers:           34144 kB
Cached:           235560 kB
MemTotal:        1844596 kB
MemFree:         1407672 kB
MemAvailable:    1545724 kB
Buffers:           34144 kB
Cached:           235560 kB
MemTotal:        1844596 kB
MemFree:         1408588 kB
MemAvailable:    1546640 kB
Buffers:           34144 kB
Cached:           235560 kB
MemTotal:        1844596 kB
MemFree:         1408780 kB
MemAvailable:    1546832 kB
Buffers:           34144 kB
Cached:           235560 kB
MemTotal:        1844596 kB
MemFree:         1408332 kB
MemAvailable:    1546384 kB
Buffers:           34144 kB
Cached:           235560 kB
MemTotal:        1844596 kB
MemFree:         1407232 kB
MemAvailable:    1545284 kB
Buffers:           34144 kB
Cached:           235560 kB
MemTotal:        1844596 kB
MemFree:         1408336 kB
MemAvailable:    1546388 kB
Buffers:           34144 kB
Cached:           235560 kB
MemTotal:        1844596 kB
MemFree:         1407048 kB
MemAvailable:    1545100 kB
Buffers:           34144 kB
Cached:           235560 kB
MemTotal:        1844596 kB
MemFree:         1408160 kB
MemAvailable:    1546212 kB
Buffers:           34144 kB
Cached:           235560 kB
MemTotal:        1844596 kB
MemFree:         1407580 kB
MemAvailable:    1545632 kB
Buffers:           34144 kB
Cached:           235560 kB
MemTotal:        1844596 kB
MemFree:         1407728 kB
MemAvailable:    1545780 kB
Buffers:           34144 kB
Cached:           235560 kB
MemTotal:        1844596 kB
MemFree:         1406476 kB
MemAvailable:    1544528 kB
Buffers:           34144 kB
Cached:           235560 kB
MemTotal:        1844596 kB
MemFree:         1406680 kB
MemAvailable:    1544732 kB
Buffers:           34144 kB
Cached:           235560 kB
MemTotal:        1844596 kB
MemFree:         1407596 kB
MemAvailable:    1545648 kB
Buffers:           34144 kB
Cached:           235560 kB
MemTotal:        1844596 kB
MemFree:         1407728 kB
MemAvailable:    1545780 kB
Buffers:           34144 kB
Cached:           235560 kB
MemTotal:        1844596 kB
MemFree:         1407472 kB
MemAvailable:    1545524 kB
Buffers:           34144 kB
Cached:           235560 kB
MemTotal:        1844596 kB
MemFree:         1406780 kB
MemAvailable:    1544832 kB
Buffers:           34144 kB
Cached:           235560 kB
MemTotal:        1844596 kB
MemFree:         1406020 kB
MemAvailable:    1544072 kB
Buffers:           34144 kB
Cached:           235560 kB
MemTotal:        1844596 kB
MemFree:         1408040 kB
MemAvailable:    1546092 kB
Buffers:           34144 kB
Cached:           235560 kB
MemTotal:        1844596 kB
MemFree:         1407672 kB
MemAvailable:    1545732 kB
Buffers:           34144 kB
Cached:           235568 kB
MemTotal:        1844596 kB
MemFree:         1407576 kB
MemAvailable:    1545636 kB
Buffers:           34144 kB
Cached:           235568 kB
MemTotal:        1844596 kB
MemFree:         1407832 kB
MemAvailable:    1545892 kB
Buffers:           34144 kB
Cached:           235568 kB
MemTotal:        1844596 kB
MemFree:         1405852 kB
MemAvailable:    1543916 kB
Buffers:           34144 kB
Cached:           235572 kB
MemTotal:        1844596 kB
MemFree:         1407480 kB
MemAvailable:    1545544 kB
Buffers:           34144 kB
Cached:           235572 kB
MemTotal:        1844596 kB
MemFree:         1407236 kB
MemAvailable:    1545300 kB
Buffers:           34144 kB
Cached:           235572 kB
MemTotal:        1844596 kB
MemFree:         1407044 kB
MemAvailable:    1545108 kB
Buffers:           34144 kB
Cached:           235572 kB
MemTotal:        1844596 kB
MemFree:         1406848 kB
MemAvailable:    1544912 kB
Buffers:           34144 kB
Cached:           235572 kB
MemTotal:        1844596 kB
MemFree:         1405460 kB
MemAvailable:    1543524 kB
Buffers:           34144 kB
Cached:           235572 kB
MemTotal:        1844596 kB
MemFree:         1406844 kB
MemAvailable:    1544908 kB
Buffers:           34144 kB
Cached:           235572 kB
MemTotal:        1844596 kB
MemFree:         1405496 kB
MemAvailable:    1543560 kB
Buffers:           34144 kB
Cached:           235572 kB
MemTotal:        1844596 kB
MemFree:         1406796 kB
MemAvailable:    1544860 kB
Buffers:           34144 kB
Cached:           235572 kB
MemTotal:        1844596 kB
MemFree:         1406920 kB
MemAvailable:    1544984 kB
Buffers:           34144 kB
Cached:           235572 kB
MemTotal:        1844596 kB
MemFree:         1405108 kB
MemAvailable:    1543172 kB
Buffers:           34144 kB
Cached:           235572 kB
MemTotal:        1844596 kB
MemFree:         1407108 kB
MemAvailable:    1545172 kB
Buffers:           34144 kB
Cached:           235572 kB
MemTotal:        1844596 kB
MemFree:         1406864 kB
MemAvailable:    1544928 kB
Buffers:           34144 kB
Cached:           235572 kB
MemTotal:        1844596 kB
MemFree:         1406576 kB
MemAvailable:    1544640 kB
Buffers:           34144 kB
Cached:           235572 kB
MemTotal:        1844596 kB
MemFree:         1406912 kB
MemAvailable:    1544976 kB
Buffers:           34144 kB
Cached:           235572 kB
MemTotal:        1844596 kB
MemFree:         1406896 kB
MemAvailable:    1544960 kB
Buffers:           34144 kB
Cached:           235572 kB
MemTotal:        1844596 kB
MemFree:         1405680 kB
MemAvailable:    1543744 kB
Buffers:           34144 kB
Cached:           235572 kB
MemTotal:        1844596 kB
MemFree:         1403636 kB
MemAvailable:    1541700 kB
Buffers:           34144 kB
Cached:           235572 kB
MemTotal:        1844596 kB
MemFree:         1402264 kB
MemAvailable:    1540328 kB
Buffers:           34144 kB
Cached:           235572 kB
MemTotal:        1844596 kB
MemFree:         1402456 kB
MemAvailable:    1540520 kB
Buffers:           34144 kB
Cached:           235572 kB
MemTotal:        1844596 kB
MemFree:         1398296 kB
MemAvailable:    1536360 kB
Buffers:           34144 kB
Cached:           235572 kB
MemTotal:        1844596 kB
MemFree:         1398552 kB
MemAvailable:    1536616 kB
Buffers:           34144 kB
Cached:           235572 kB
MemTotal:        1844596 kB
MemFree:         1397488 kB
MemAvailable:    1535552 kB
Buffers:           34144 kB
Cached:           235572 kB
MemTotal:        1844596 kB
MemFree:         1397232 kB
MemAvailable:    1535296 kB
Buffers:           34144 kB
Cached:           235572 kB
MemTotal:        1844596 kB
MemFree:         1397356 kB
MemAvailable:    1535420 kB
Buffers:           34144 kB
Cached:           235572 kB
MemTotal:        1844596 kB
MemFree:         1398832 kB
MemAvailable:    1536896 kB
Buffers:           34144 kB
Cached:           235572 kB
MemTotal:        1844596 kB
MemFree:         1398632 kB
MemAvailable:    1536696 kB
Buffers:           34144 kB
Cached:           235572 kB
MemTotal:        1844596 kB
MemFree:         1397524 kB
MemAvailable:    1535588 kB
Buffers:           34144 kB
Cached:           235572 kB
MemTotal:        1844596 kB
MemFree:         1397392 kB
MemAvailable:    1535456 kB
Buffers:           34144 kB
Cached:           235572 kB
MemTotal:        1844596 kB
MemFree:         1397524 kB
MemAvailable:    1535588 kB
Buffers:           34144 kB
Cached:           235572 kB
MemTotal:        1844596 kB
MemFree:         1397524 kB
MemAvailable:    1535588 kB
Buffers:           34144 kB
Cached:           235572 kB
MemTotal:        1844596 kB
MemFree:         1398888 kB
MemAvailable:    1536952 kB
Buffers:           34144 kB
Cached:           235572 kB
MemTotal:        1844596 kB
MemFree:         1398820 kB
MemAvailable:    1536884 kB
Buffers:           34144 kB
Cached:           235572 kB
MemTotal:        1844596 kB
MemFree:         1398860 kB
MemAvailable:    1536924 kB
Buffers:           34144 kB
Cached:           235572 kB
MemTotal:        1844596 kB
MemFree:         1397428 kB
MemAvailable:    1535492 kB
Buffers:           34144 kB
Cached:           235572 kB
MemTotal:        1844596 kB
MemFree:         1398876 kB
MemAvailable:    1536940 kB
Buffers:           34144 kB
Cached:           235572 kB
MemTotal:        1844596 kB
MemFree:         1398680 kB
MemAvailable:    1536744 kB
Buffers:           34144 kB
Cached:           235572 kB
MemTotal:        1844596 kB
MemFree:         1398488 kB
MemAvailable:    1536552 kB
Buffers:           34144 kB
Cached:           235572 kB
MemTotal:        1844596 kB
MemFree:         1398236 kB
MemAvailable:    1536300 kB
Buffers:           34144 kB
Cached:           235572 kB
MemTotal:        1844596 kB
MemFree:         1397808 kB
MemAvailable:    1535872 kB
Buffers:           34144 kB
Cached:           235572 kB
MemTotal:        1844596 kB
MemFree:         1397720 kB
MemAvailable:    1535784 kB
Buffers:           34144 kB
Cached:           235572 kB
MemTotal:        1844596 kB
MemFree:         1397312 kB
MemAvailable:    1535376 kB
Buffers:           34144 kB
Cached:           235572 kB
MemTotal:        1844596 kB
MemFree:         1397056 kB
MemAvailable:    1535120 kB
Buffers:           34144 kB
Cached:           235572 kB
MemTotal:        1844596 kB
MemFree:         1395652 kB
MemAvailable:    1533716 kB
Buffers:           34144 kB
Cached:           235572 kB
MemTotal:        1844596 kB
MemFree:         1397000 kB
MemAvailable:    1535064 kB
Buffers:           34144 kB
Cached:           235572 kB
MemTotal:        1844596 kB
MemFree:         1394824 kB
MemAvailable:    1532888 kB
Buffers:           34144 kB
Cached:           235572 kB
MemTotal:        1844596 kB
MemFree:         1396008 kB
MemAvailable:    1534072 kB
Buffers:           34144 kB
Cached:           235572 kB
MemTotal:        1844596 kB
MemFree:         1395960 kB
MemAvailable:    1534024 kB
Buffers:           34144 kB
Cached:           235572 kB
MemTotal:        1844596 kB
MemFree:         1394212 kB
MemAvailable:    1532276 kB
Buffers:           34144 kB
Cached:           235572 kB
MemTotal:        1844596 kB
MemFree:         1395388 kB
MemAvailable:    1533452 kB
Buffers:           34144 kB
Cached:           235572 kB
MemTotal:        1844596 kB
MemFree:         1395216 kB
MemAvailable:    1533280 kB
Buffers:           34144 kB
Cached:           235572 kB
MemTotal:        1844596 kB
MemFree:         1393784 kB
MemAvailable:    1531848 kB
Buffers:           34144 kB
Cached:           235572 kB
MemTotal:        1844596 kB
MemFree:         1393908 kB
MemAvailable:    1531972 kB
Buffers:           34144 kB
Cached:           235572 kB
MemTotal:        1844596 kB
MemFree:         1393716 kB
MemAvailable:    1531780 kB
Buffers:           34144 kB
Cached:           235572 kB
MemTotal:        1844596 kB
MemFree:         1393840 kB
MemAvailable:    1531904 kB
Buffers:           34144 kB
Cached:           235572 kB
MemTotal:        1844596 kB
MemFree:         1393716 kB
MemAvailable:    1531780 kB
Buffers:           34144 kB
Cached:           235572 kB
MemTotal:        1844596 kB
MemFree:         1393840 kB
MemAvailable:    1531904 kB
Buffers:           34144 kB
Cached:           235572 kB
MemTotal:        1844596 kB
MemFree:         1395016 kB
MemAvailable:    1533080 kB
Buffers:           34144 kB
Cached:           235572 kB
MemTotal:        1844596 kB
MemFree:         1394908 kB
MemAvailable:    1532972 kB
Buffers:           34144 kB
Cached:           235572 kB
MemTotal:        1844596 kB
MemFree:         1393572 kB
MemAvailable:    1531636 kB
Buffers:           34144 kB
Cached:           235572 kB
MemTotal:        1844596 kB
MemFree:         1394336 kB
MemAvailable:    1532400 kB
Buffers:           34144 kB
Cached:           235572 kB
MemTotal:        1844596 kB
MemFree:         1392964 kB
MemAvailable:    1531028 kB
Buffers:           34144 kB
Cached:           235572 kB
MemTotal:        1844596 kB
MemFree:         1393156 kB
MemAvailable:    1531220 kB
Buffers:           34144 kB
Cached:           235572 kB
MemTotal:        1844596 kB
MemFree:         1385780 kB
MemAvailable:    1523844 kB
Buffers:           34144 kB
Cached:           235572 kB
MemTotal:        1844596 kB
MemFree:         1387004 kB
MemAvailable:    1525068 kB
Buffers:           34144 kB
Cached:           235572 kB
MemTotal:        1844596 kB
MemFree:         1386848 kB
MemAvailable:    1524912 kB
Buffers:           34144 kB
Cached:           235572 kB
MemTotal:        1844596 kB
MemFree:         1387028 kB
MemAvailable:    1525092 kB
Buffers:           34144 kB
Cached:           235572 kB
MemTotal:        1844596 kB
MemFree:         1385468 kB
MemAvailable:    1523532 kB
Buffers:           34144 kB
Cached:           235572 kB
MemTotal:        1844596 kB
MemFree:         1385628 kB
MemAvailable:    1523692 kB
Buffers:           34144 kB
Cached:           235572 kB
MemTotal:        1844596 kB
MemFree:         1387020 kB
MemAvailable:    1525084 kB
Buffers:           34144 kB
Cached:           235572 kB
MemTotal:        1844596 kB
MemFree:         1385460 kB
MemAvailable:    1523524 kB
Buffers:           34144 kB
Cached:           235572 kB
MemTotal:        1844596 kB
MemFree:         1383236 kB
MemAvailable:    1521300 kB
Buffers:           34144 kB
Cached:           235572 kB
MemTotal:        1844596 kB
MemFree:         1380500 kB
MemAvailable:    1518564 kB
Buffers:           34144 kB
Cached:           235572 kB
MemTotal:        1844596 kB
MemFree:         1379936 kB
MemAvailable:    1518000 kB
Buffers:           34144 kB
Cached:           235572 kB
MemTotal:        1844596 kB
MemFree:         1378704 kB
MemAvailable:    1516768 kB
Buffers:           34144 kB
Cached:           235572 kB
MemTotal:        1844596 kB
MemFree:         1379812 kB
MemAvailable:    1517876 kB
Buffers:           34144 kB
Cached:           235572 kB
MemTotal:        1844596 kB
MemFree:         1379812 kB
MemAvailable:    1517876 kB
Buffers:           34144 kB
Cached:           235572 kB
MemTotal:        1844596 kB
MemFree:         1379544 kB
MemAvailable:    1517608 kB
Buffers:           34144 kB
Cached:           235572 kB
MemTotal:        1844596 kB
MemFree:         1378528 kB
MemAvailable:    1516592 kB
Buffers:           34144 kB
Cached:           235572 kB
MemTotal:        1844596 kB
MemFree:         1378384 kB
MemAvailable:    1516448 kB
Buffers:           34144 kB
Cached:           235572 kB
MemTotal:        1844596 kB
MemFree:         1379500 kB
MemAvailable:    1517564 kB
Buffers:           34144 kB
Cached:           235572 kB
MemTotal:        1844596 kB
MemFree:         1379444 kB
MemAvailable:    1517508 kB
Buffers:           34144 kB
Cached:           235572 kB
MemTotal:        1844596 kB
MemFree:         1378888 kB
MemAvailable:    1516952 kB
Buffers:           34144 kB
Cached:           235572 kB
MemTotal:        1844596 kB
MemFree:         1377596 kB
MemAvailable:    1515660 kB
Buffers:           34144 kB
Cached:           235572 kB
MemTotal:        1844596 kB
MemFree:         1378152 kB
MemAvailable:    1516216 kB
Buffers:           34144 kB
Cached:           235572 kB
MemTotal:        1844596 kB
MemFree:         1378152 kB
MemAvailable:    1516216 kB
Buffers:           34144 kB
Cached:           235572 kB
MemTotal:        1844596 kB
MemFree:         1376900 kB
MemAvailable:    1514964 kB
Buffers:           34144 kB
Cached:           235572 kB
MemTotal:        1844596 kB
MemFree:         1377032 kB
MemAvailable:    1515096 kB
Buffers:           34144 kB
Cached:           235572 kB
MemTotal:        1844596 kB
MemFree:         1376908 kB
MemAvailable:    1514972 kB
Buffers:           34144 kB
Cached:           235572 kB
MemTotal:        1844596 kB
MemFree:         1376900 kB
MemAvailable:    1514964 kB
Buffers:           34144 kB
Cached:           235572 kB
MemTotal:        1844596 kB
MemFree:         1378076 kB
MemAvailable:    1516148 kB
Buffers:           34144 kB
Cached:           235580 kB
MemTotal:        1844596 kB
MemFree:         1377844 kB
MemAvailable:    1515916 kB
Buffers:           34144 kB
Cached:           235580 kB
MemTotal:        1844596 kB
MemFree:         1378120 kB
MemAvailable:    1516196 kB
Buffers:           34144 kB
Cached:           235584 kB
MemTotal:        1844596 kB
MemFree:         1377720 kB
MemAvailable:    1515796 kB
Buffers:           34144 kB
Cached:           235584 kB
MemTotal:        1844596 kB
MemFree:         1378264 kB
MemAvailable:    1516340 kB
Buffers:           34144 kB
Cached:           235584 kB
MemTotal:        1844596 kB
MemFree:         1377472 kB
MemAvailable:    1515548 kB
Buffers:           34144 kB
Cached:           235584 kB
MemTotal:        1844596 kB
MemFree:         1378236 kB
MemAvailable:    1516312 kB
Buffers:           34144 kB
Cached:           235584 kB
MemTotal:        1844596 kB
MemFree:         1378044 kB
MemAvailable:    1516120 kB
Buffers:           34144 kB
Cached:           235584 kB
MemTotal:        1844596 kB
MemFree:         1376976 kB
MemAvailable:    1515052 kB
Buffers:           34144 kB
Cached:           235584 kB
MemTotal:        1844596 kB
MemFree:         1378120 kB
MemAvailable:    1516196 kB
Buffers:           34144 kB
Cached:           235584 kB
MemTotal:        1844596 kB
MemFree:         1378092 kB
MemAvailable:    1516168 kB
Buffers:           34144 kB
Cached:           235584 kB
MemTotal:        1844596 kB
MemFree:         1378204 kB
MemAvailable:    1516280 kB
Buffers:           34144 kB
Cached:           235584 kB
MemTotal:        1844596 kB
MemFree:         1378216 kB
MemAvailable:    1516292 kB
Buffers:           34144 kB
Cached:           235584 kB
MemTotal:        1844596 kB
MemFree:         1377076 kB
MemAvailable:    1515152 kB
Buffers:           34144 kB
Cached:           235584 kB
MemTotal:        1844596 kB
MemFree:         1376920 kB
MemAvailable:    1514996 kB
Buffers:           34144 kB
Cached:           235584 kB
MemTotal:        1844596 kB
MemFree:         1378084 kB
MemAvailable:    1516160 kB
Buffers:           34144 kB
Cached:           235584 kB
MemTotal:        1844596 kB
MemFree:         1378224 kB
MemAvailable:    1516300 kB
Buffers:           34144 kB
Cached:           235584 kB
MemTotal:        1844596 kB
MemFree:         1378340 kB
MemAvailable:    1516416 kB
Buffers:           34144 kB
Cached:           235584 kB
MemTotal:        1844596 kB
MemFree:         1377092 kB
MemAvailable:    1515168 kB
Buffers:           34144 kB
Cached:           235584 kB
MemTotal:        1844596 kB
MemFree:         1378208 kB
MemAvailable:    1516284 kB
Buffers:           34144 kB
Cached:           235584 kB
MemTotal:        1844596 kB
MemFree:         1378120 kB
MemAvailable:    1516196 kB
Buffers:           34144 kB
Cached:           235584 kB
MemTotal:        1844596 kB
MemFree:         1378292 kB
MemAvailable:    1516368 kB
Buffers:           34144 kB
Cached:           235584 kB
MemTotal:        1844596 kB
MemFree:         1378064 kB
MemAvailable:    1516140 kB
Buffers:           34144 kB
Cached:           235584 kB
MemTotal:        1844596 kB
MemFree:         1378400 kB
MemAvailable:    1516476 kB
Buffers:           34144 kB
Cached:           235584 kB
MemTotal:        1844596 kB
MemFree:         1378076 kB
MemAvailable:    1516152 kB
Buffers:           34144 kB
Cached:           235584 kB
MemTotal:        1844596 kB
MemFree:         1378076 kB
MemAvailable:    1516152 kB
Buffers:           34144 kB
Cached:           235584 kB
MemTotal:        1844596 kB
MemFree:         1378064 kB
MemAvailable:    1516140 kB
Buffers:           34144 kB
Cached:           235584 kB
MemTotal:        1844596 kB
MemFree:         1378316 kB
MemAvailable:    1516392 kB
Buffers:           34144 kB
Cached:           235584 kB
MemTotal:        1844596 kB
MemFree:         1378264 kB
MemAvailable:    1516340 kB
Buffers:           34144 kB
Cached:           235584 kB
MemTotal:        1844596 kB
MemFree:         1376832 kB
MemAvailable:    1514908 kB
Buffers:           34144 kB
Cached:           235584 kB
MemTotal:        1844596 kB
MemFree:         1377168 kB
MemAvailable:    1515244 kB
Buffers:           34144 kB
Cached:           235584 kB
MemTotal:        1844596 kB
MemFree:         1378028 kB
MemAvailable:    1516104 kB
Buffers:           34144 kB
Cached:           235584 kB
MemTotal:        1844596 kB
MemFree:         1378028 kB
MemAvailable:    1516104 kB
Buffers:           34144 kB
Cached:           235584 kB
MemTotal:        1844596 kB
MemFree:         1377828 kB
MemAvailable:    1515904 kB
Buffers:           34144 kB
Cached:           235584 kB
MemTotal:        1844596 kB
MemFree:         1378164 kB
MemAvailable:    1516240 kB
Buffers:           34144 kB
Cached:           235584 kB
MemTotal:        1844596 kB
MemFree:         1378020 kB
MemAvailable:    1516096 kB
Buffers:           34144 kB
Cached:           235584 kB
MemTotal:        1844596 kB
MemFree:         1376844 kB
MemAvailable:    1514920 kB
Buffers:           34144 kB
Cached:           235584 kB
MemTotal:        1844596 kB
MemFree:         1376340 kB
MemAvailable:    1514416 kB
Buffers:           34144 kB
Cached:           235584 kB
MemTotal:        1844596 kB
MemFree:         1378340 kB
MemAvailable:    1516416 kB
Buffers:           34144 kB
Cached:           235584 kB
MemTotal:        1844596 kB
MemFree:         1378076 kB
MemAvailable:    1516152 kB
Buffers:           34144 kB
Cached:           235584 kB
MemTotal:        1844596 kB
MemFree:         1377964 kB
MemAvailable:    1516040 kB
Buffers:           34144 kB
Cached:           235584 kB
MemTotal:        1844596 kB
MemFree:         1377596 kB
MemAvailable:    1515672 kB
Buffers:           34144 kB
Cached:           235584 kB
MemTotal:        1844596 kB
MemFree:         1376540 kB
MemAvailable:    1514616 kB
Buffers:           34144 kB
Cached:           235584 kB
MemTotal:        1844596 kB
MemFree:         1377972 kB
MemAvailable:    1516048 kB
Buffers:           34144 kB
Cached:           235584 kB
MemTotal:        1844596 kB
MemFree:         1377972 kB
MemAvailable:    1516048 kB
Buffers:           34144 kB
Cached:           235584 kB
MemTotal:        1844596 kB
MemFree:         1378092 kB
MemAvailable:    1516168 kB
Buffers:           34144 kB
Cached:           235584 kB
MemTotal:        1844596 kB
MemFree:         1376660 kB
MemAvailable:    1514736 kB
Buffers:           34144 kB
Cached:           235584 kB
MemTotal:        1844596 kB
MemFree:         1378128 kB
MemAvailable:    1516204 kB
Buffers:           34144 kB
Cached:           235584 kB
MemTotal:        1844596 kB
MemFree:         1377920 kB
MemAvailable:    1515996 kB
Buffers:           34144 kB
Cached:           235584 kB
MemTotal:        1844596 kB
MemFree:         1377780 kB
MemAvailable:    1515856 kB
Buffers:           34144 kB
Cached:           235584 kB
MemTotal:        1844596 kB
MemFree:         1378108 kB
MemAvailable:    1516184 kB
Buffers:           34144 kB
Cached:           235584 kB
MemTotal:        1844596 kB
MemFree:         1376704 kB
MemAvailable:    1514780 kB
Buffers:           34144 kB
Cached:           235584 kB
MemTotal:        1844596 kB
MemFree:         1378096 kB
MemAvailable:    1516172 kB
Buffers:           34144 kB
Cached:           235584 kB
MemTotal:        1844596 kB
MemFree:         1376788 kB
MemAvailable:    1514864 kB
Buffers:           34144 kB
Cached:           235584 kB
MemTotal:        1844596 kB
MemFree:         1378196 kB
MemAvailable:    1516272 kB
Buffers:           34144 kB
Cached:           235584 kB
MemTotal:        1844596 kB
MemFree:         1377960 kB
MemAvailable:    1516036 kB
Buffers:           34144 kB
Cached:           235584 kB
MemTotal:        1844596 kB
MemFree:         1377904 kB
MemAvailable:    1515980 kB
Buffers:           34144 kB
Cached:           235584 kB
MemTotal:        1844596 kB
MemFree:         1376680 kB
MemAvailable:    1514756 kB
Buffers:           34144 kB
Cached:           235584 kB
MemTotal:        1844596 kB
MemFree:         1378044 kB
MemAvailable:    1516120 kB
Buffers:           34144 kB
Cached:           235584 kB
MemTotal:        1844596 kB
MemFree:         1377912 kB
MemAvailable:    1515988 kB
Buffers:           34144 kB
Cached:           235584 kB
MemTotal:        1844596 kB
MemFree:         1376852 kB
MemAvailable:    1514928 kB
Buffers:           34144 kB
Cached:           235584 kB
MemTotal:        1844596 kB
MemFree:         1376668 kB
MemAvailable:    1514744 kB
Buffers:           34144 kB
Cached:           235584 kB
MemTotal:        1844596 kB
MemFree:         1378040 kB
MemAvailable:    1516116 kB
Buffers:           34144 kB
Cached:           235584 kB
MemTotal:        1844596 kB
MemFree:         1376668 kB
MemAvailable:    1514744 kB
Buffers:           34144 kB
Cached:           235584 kB
MemTotal:        1844596 kB
MemFree:         1376792 kB
MemAvailable:    1514868 kB
Buffers:           34144 kB
Cached:           235584 kB
MemTotal:        1844596 kB
MemFree:         1376916 kB
MemAvailable:    1514992 kB
Buffers:           34144 kB
Cached:           235584 kB
MemTotal:        1844596 kB
MemFree:         1376916 kB
MemAvailable:    1514992 kB
Buffers:           34144 kB
Cached:           235584 kB
MemTotal:        1844596 kB
MemFree:         1378216 kB
MemAvailable:    1516292 kB
Buffers:           34144 kB
Cached:           235584 kB
MemTotal:        1844596 kB
MemFree:         1377960 kB
MemAvailable:    1516036 kB
Buffers:           34144 kB
Cached:           235584 kB
MemTotal:        1844596 kB
MemFree:         1376936 kB
MemAvailable:    1515012 kB
Buffers:           34144 kB
Cached:           235584 kB
MemTotal:        1844596 kB
MemFree:         1378340 kB
MemAvailable:    1516420 kB
Buffers:           34144 kB
Cached:           235588 kB
MemTotal:        1844596 kB
MemFree:         1378268 kB
MemAvailable:    1516348 kB
Buffers:           34144 kB
Cached:           235588 kB
MemTotal:        1844596 kB
MemFree:         1378152 kB
MemAvailable:    1516232 kB
Buffers:           34144 kB
Cached:           235588 kB
MemTotal:        1844596 kB
MemFree:         1378136 kB
MemAvailable:    1516216 kB
Buffers:           34144 kB
Cached:           235588 kB
MemTotal:        1844596 kB
MemFree:         1378152 kB
MemAvailable:    1516232 kB
Buffers:           34144 kB
Cached:           235588 kB
MemTotal:        1844596 kB
MemFree:         1377832 kB
MemAvailable:    1515912 kB
Buffers:           34144 kB
Cached:           235588 kB
MemTotal:        1844596 kB
MemFree:         1377700 kB
MemAvailable:    1515780 kB
Buffers:           34144 kB
Cached:           235588 kB
MemTotal:        1844596 kB
MemFree:         1376400 kB
MemAvailable:    1514480 kB
Buffers:           34144 kB
Cached:           235588 kB
MemTotal:        1844596 kB
MemFree:         1376516 kB
MemAvailable:    1514596 kB
Buffers:           34144 kB
Cached:           235588 kB
MemTotal:        1844596 kB
MemFree:         1376564 kB
MemAvailable:    1514644 kB
Buffers:           34144 kB
Cached:           235588 kB
MemTotal:        1844596 kB
MemFree:         1377804 kB
MemAvailable:    1515884 kB
Buffers:           34144 kB
Cached:           235588 kB
MemTotal:        1844596 kB
MemFree:         1377796 kB
MemAvailable:    1515876 kB
Buffers:           34144 kB
Cached:           235588 kB
MemTotal:        1844596 kB
MemFree:         1376552 kB
MemAvailable:    1514632 kB
Buffers:           34144 kB
Cached:           235588 kB
MemTotal:        1844596 kB
MemFree:         1376560 kB
MemAvailable:    1514640 kB
Buffers:           34144 kB
Cached:           235588 kB
MemTotal:        1844596 kB
MemFree:         1376428 kB
MemAvailable:    1514508 kB
Buffers:           34144 kB
Cached:           235588 kB
MemTotal:        1844596 kB
MemFree:         1377780 kB
MemAvailable:    1515868 kB
Buffers:           34144 kB
Cached:           235596 kB
MemTotal:        1844596 kB
MemFree:         1377780 kB
MemAvailable:    1515868 kB
Buffers:           34144 kB
Cached:           235596 kB
MemTotal:        1844596 kB
MemFree:         1376976 kB
MemAvailable:    1515064 kB
Buffers:           34144 kB
Cached:           235596 kB
MemTotal:        1844596 kB
MemFree:         1377692 kB
MemAvailable:    1515780 kB
Buffers:           34144 kB
Cached:           235596 kB
MemTotal:        1844596 kB
MemFree:         1377944 kB
MemAvailable:    1516032 kB
Buffers:           34144 kB
Cached:           235596 kB
MemTotal:        1844596 kB
MemFree:         1376328 kB
MemAvailable:    1514416 kB
Buffers:           34144 kB
Cached:           235596 kB
MemTotal:        1844596 kB
MemFree:         1376460 kB
MemAvailable:    1514548 kB
Buffers:           34144 kB
Cached:           235596 kB
MemTotal:        1844596 kB
MemFree:         1377760 kB
MemAvailable:    1515848 kB
Buffers:           34144 kB
Cached:           235596 kB
MemTotal:        1844596 kB
MemFree:         1377760 kB
MemAvailable:    1515848 kB
Buffers:           34144 kB
Cached:           235596 kB
MemTotal:        1844596 kB
MemFree:         1376584 kB
MemAvailable:    1514672 kB
Buffers:           34144 kB
Cached:           235596 kB
MemTotal:        1844596 kB
MemFree:         1377684 kB
MemAvailable:    1515772 kB
Buffers:           34144 kB
Cached:           235596 kB
MemTotal:        1844596 kB
MemFree:         1377684 kB
MemAvailable:    1515772 kB
Buffers:           34144 kB
Cached:           235596 kB
MemTotal:        1844596 kB
MemFree:         1377508 kB
MemAvailable:    1515596 kB
Buffers:           34144 kB
Cached:           235596 kB
MemTotal:        1844596 kB
MemFree:         1377224 kB
MemAvailable:    1515312 kB
Buffers:           34144 kB
Cached:           235596 kB
MemTotal:        1844596 kB
MemFree:         1376424 kB
MemAvailable:    1514512 kB
Buffers:           34144 kB
Cached:           235596 kB
MemTotal:        1844596 kB
MemFree:         1377844 kB
MemAvailable:    1515932 kB
Buffers:           34144 kB
Cached:           235596 kB
MemTotal:        1844596 kB
MemFree:         1377912 kB
MemAvailable:    1516000 kB
Buffers:           34144 kB
Cached:           235596 kB
MemTotal:        1844596 kB
MemFree:         1376728 kB
MemAvailable:    1514816 kB
Buffers:           34144 kB
Cached:           235596 kB
MemTotal:        1844596 kB
MemFree:         1376728 kB
MemAvailable:    1514816 kB
Buffers:           34144 kB
Cached:           235596 kB
MemTotal:        1844596 kB
MemFree:         1376680 kB
MemAvailable:    1514768 kB
Buffers:           34144 kB
Cached:           235596 kB
MemTotal:        1844596 kB
MemFree:         1377968 kB
MemAvailable:    1516056 kB
Buffers:           34144 kB
Cached:           235596 kB
MemTotal:        1844596 kB
MemFree:         1377092 kB
MemAvailable:    1515180 kB
Buffers:           34144 kB
Cached:           235596 kB
MemTotal:        1844596 kB
MemFree:         1377968 kB
MemAvailable:    1516056 kB
Buffers:           34144 kB
Cached:           235596 kB
MemTotal:        1844596 kB
MemFree:         1377664 kB
MemAvailable:    1515752 kB
Buffers:           34144 kB
Cached:           235596 kB
MemTotal:        1844596 kB
MemFree:         1377920 kB
MemAvailable:    1516008 kB
Buffers:           34144 kB
Cached:           235596 kB
MemTotal:        1844596 kB
MemFree:         1377892 kB
MemAvailable:    1515980 kB
Buffers:           34144 kB
Cached:           235596 kB
MemTotal:        1844596 kB
MemFree:         1377784 kB
MemAvailable:    1515872 kB
Buffers:           34144 kB
Cached:           235596 kB
MemTotal:        1844596 kB
MemFree:         1377756 kB
MemAvailable:    1515844 kB
Buffers:           34144 kB
Cached:           235596 kB
MemTotal:        1844596 kB
MemFree:         1378096 kB
MemAvailable:    1516184 kB
Buffers:           34144 kB
Cached:           235596 kB
MemTotal:        1844596 kB
MemFree:         1376556 kB
MemAvailable:    1514644 kB
Buffers:           34144 kB
Cached:           235596 kB
MemTotal:        1844596 kB
MemFree:         1376804 kB
MemAvailable:    1514892 kB
Buffers:           34144 kB
Cached:           235596 kB
MemTotal:        1844596 kB
MemFree:         1377856 kB
MemAvailable:    1515944 kB
Buffers:           34144 kB
Cached:           235596 kB
MemTotal:        1844596 kB
MemFree:         1376680 kB
MemAvailable:    1514768 kB
Buffers:           34144 kB
Cached:           235596 kB
MemTotal:        1844596 kB
MemFree:         1376424 kB
MemAvailable:    1514512 kB
Buffers:           34144 kB
Cached:           235596 kB
MemTotal:        1844596 kB
MemFree:         1377824 kB
MemAvailable:    1515912 kB
Buffers:           34144 kB
Cached:           235596 kB
MemTotal:        1844596 kB
MemFree:         1377824 kB
MemAvailable:    1515912 kB
Buffers:           34144 kB
Cached:           235596 kB
MemTotal:        1844596 kB
MemFree:         1377672 kB
MemAvailable:    1515760 kB
Buffers:           34144 kB
Cached:           235596 kB
MemTotal:        1844596 kB
MemFree:         1377916 kB
MemAvailable:    1516004 kB
Buffers:           34144 kB
Cached:           235596 kB
MemTotal:        1844596 kB
MemFree:         1376588 kB
MemAvailable:    1514676 kB
Buffers:           34144 kB
Cached:           235596 kB
MemTotal:        1844596 kB
MemFree:         1376588 kB
MemAvailable:    1514676 kB
Buffers:           34144 kB
Cached:           235596 kB
MemTotal:        1844596 kB
MemFree:         1376332 kB
MemAvailable:    1514420 kB
Buffers:           34144 kB
Cached:           235596 kB
MemTotal:        1844596 kB
MemFree:         1377840 kB
MemAvailable:    1515928 kB
Buffers:           34144 kB
Cached:           235596 kB
MemTotal:        1844596 kB
MemFree:         1376284 kB
MemAvailable:    1514372 kB
Buffers:           34144 kB
Cached:           235596 kB
MemTotal:        1844596 kB
MemFree:         1377580 kB
MemAvailable:    1515668 kB
Buffers:           34144 kB
Cached:           235596 kB
MemTotal:        1844596 kB
MemFree:         1377748 kB
MemAvailable:    1515836 kB
Buffers:           34144 kB
Cached:           235596 kB
MemTotal:        1844596 kB
MemFree:         1376604 kB
MemAvailable:    1514692 kB
Buffers:           34144 kB
Cached:           235596 kB
MemTotal:        1844596 kB
MemFree:         1376480 kB
MemAvailable:    1514568 kB
Buffers:           34144 kB
Cached:           235596 kB
MemTotal:        1844596 kB
MemFree:         1376480 kB
MemAvailable:    1514568 kB
Buffers:           34144 kB
Cached:           235596 kB
MemTotal:        1844596 kB
MemFree:         1376480 kB
MemAvailable:    1514568 kB
Buffers:           34144 kB
Cached:           235596 kB
MemTotal:        1844596 kB
MemFree:         1376604 kB
MemAvailable:    1514692 kB
Buffers:           34144 kB
Cached:           235596 kB
MemTotal:        1844596 kB
MemFree:         1377904 kB
MemAvailable:    1515992 kB
Buffers:           34144 kB
Cached:           235596 kB
MemTotal:        1844596 kB
MemFree:         1377796 kB
MemAvailable:    1515884 kB
Buffers:           34144 kB
Cached:           235596 kB
MemTotal:        1844596 kB
MemFree:         1376292 kB
MemAvailable:    1514380 kB
Buffers:           34144 kB
Cached:           235596 kB
MemTotal:        1844596 kB
MemFree:         1377700 kB
MemAvailable:    1515788 kB
Buffers:           34144 kB
Cached:           235596 kB
MemTotal:        1844596 kB
MemFree:         1377088 kB
MemAvailable:    1515176 kB
Buffers:           34144 kB
Cached:           235596 kB
MemTotal:        1844596 kB
MemFree:         1376092 kB
MemAvailable:    1514180 kB
Buffers:           34144 kB
Cached:           235596 kB
MemTotal:        1844596 kB
MemFree:         1377968 kB
MemAvailable:    1516056 kB
Buffers:           34144 kB
Cached:           235596 kB
MemTotal:        1844596 kB
MemFree:         1376700 kB
MemAvailable:    1514788 kB
Buffers:           34144 kB
Cached:           235596 kB
MemTotal:        1844596 kB
MemFree:         1376456 kB
MemAvailable:    1514544 kB
Buffers:           34144 kB
Cached:           235596 kB
MemTotal:        1844596 kB
MemFree:         1376448 kB
MemAvailable:    1514536 kB
Buffers:           34144 kB
Cached:           235596 kB
MemTotal:        1844596 kB
MemFree:         1377532 kB
MemAvailable:    1515620 kB
Buffers:           34144 kB
Cached:           235596 kB
MemTotal:        1844596 kB
MemFree:         1376604 kB
MemAvailable:    1514692 kB
Buffers:           34144 kB
Cached:           235596 kB
MemTotal:        1844596 kB
MemFree:         1377780 kB
MemAvailable:    1515868 kB
Buffers:           34144 kB
Cached:           235596 kB
MemTotal:        1844596 kB
MemFree:         1376432 kB
MemAvailable:    1514520 kB
Buffers:           34144 kB
Cached:           235596 kB
MemTotal:        1844596 kB
MemFree:         1377904 kB
MemAvailable:    1515992 kB
Buffers:           34144 kB
Cached:           235596 kB
MemTotal:        1844596 kB
MemFree:         1376432 kB
MemAvailable:    1514520 kB
Buffers:           34144 kB
Cached:           235596 kB
MemTotal:        1844596 kB
MemFree:         1377672 kB
MemAvailable:    1515760 kB
Buffers:           34144 kB
Cached:           235596 kB
MemTotal:        1844596 kB
MemFree:         1376176 kB
MemAvailable:    1514264 kB
Buffers:           34144 kB
Cached:           235596 kB
MemTotal:        1844596 kB
MemFree:         1377768 kB
MemAvailable:    1515856 kB
Buffers:           34144 kB
Cached:           235596 kB
MemTotal:        1844596 kB
MemFree:         1377396 kB
MemAvailable:    1515484 kB
Buffers:           34144 kB
Cached:           235596 kB
MemTotal:        1844596 kB
MemFree:         1376960 kB
MemAvailable:    1515048 kB
Buffers:           34144 kB
Cached:           235596 kB
MemTotal:        1844596 kB
MemFree:         1377596 kB
MemAvailable:    1515684 kB
Buffers:           34144 kB
Cached:           235596 kB
MemTotal:        1844596 kB
MemFree:         1377664 kB
MemAvailable:    1515752 kB
Buffers:           34144 kB
Cached:           235596 kB
MemTotal:        1844596 kB
MemFree:         1376176 kB
MemAvailable:    1514264 kB
Buffers:           34144 kB
Cached:           235596 kB
MemTotal:        1844596 kB
MemFree:         1380408 kB
MemAvailable:    1518496 kB
Buffers:           34144 kB
Cached:           235596 kB
MemTotal:        1844596 kB
MemFree:         1380120 kB
MemAvailable:    1518208 kB
Buffers:           34144 kB
Cached:           235596 kB
MemTotal:        1844596 kB
MemFree:         1379872 kB
MemAvailable:    1517960 kB
Buffers:           34144 kB
Cached:           235596 kB
MemTotal:        1844596 kB
MemFree:         1378440 kB
MemAvailable:    1516528 kB
Buffers:           34144 kB
Cached:           235596 kB
MemTotal:        1844596 kB
MemFree:         1379740 kB
MemAvailable:    1517828 kB
Buffers:           34144 kB
Cached:           235596 kB
MemTotal:        1844596 kB
MemFree:         1379608 kB
MemAvailable:    1517696 kB
Buffers:           34144 kB
Cached:           235596 kB
MemTotal:        1844596 kB
MemFree:         1379236 kB
MemAvailable:    1517324 kB
Buffers:           34144 kB
Cached:           235596 kB
MemTotal:        1844596 kB
MemFree:         1378552 kB
MemAvailable:    1516640 kB
Buffers:           34144 kB
Cached:           235596 kB
MemTotal:        1844596 kB
MemFree:         1379640 kB
MemAvailable:    1517728 kB
Buffers:           34144 kB
Cached:           235596 kB
MemTotal:        1844596 kB
MemFree:         1379324 kB
MemAvailable:    1517412 kB
Buffers:           34144 kB
Cached:           235596 kB
MemTotal:        1844596 kB
MemFree:         1379392 kB
MemAvailable:    1517488 kB
Buffers:           34144 kB
Cached:           235604 kB
MemTotal:        1844596 kB
MemFree:         1379184 kB
MemAvailable:    1517280 kB
Buffers:           34144 kB
Cached:           235604 kB
MemTotal:        1844596 kB
MemFree:         1378092 kB
MemAvailable:    1516188 kB
Buffers:           34144 kB
Cached:           235604 kB
MemTotal:        1844596 kB
MemFree:         1379324 kB
MemAvailable:    1517420 kB
Buffers:           34144 kB
Cached:           235604 kB
MemTotal:        1844596 kB
MemFree:         1378216 kB
MemAvailable:    1516312 kB
Buffers:           34144 kB
Cached:           235604 kB
MemTotal:        1844596 kB
MemFree:         1377948 kB
MemAvailable:    1516044 kB
Buffers:           34144 kB
Cached:           235604 kB
MemTotal:        1844596 kB
MemFree:         1379320 kB
MemAvailable:    1517416 kB
Buffers:           34144 kB
Cached:           235604 kB
MemTotal:        1844596 kB
MemFree:         1379184 kB
MemAvailable:    1517280 kB
Buffers:           34144 kB
Cached:           235604 kB
MemTotal:        1844596 kB
MemFree:         1379436 kB
MemAvailable:    1517532 kB
Buffers:           34144 kB
Cached:           235604 kB
MemTotal:        1844596 kB
MemFree:         1379200 kB
MemAvailable:    1517296 kB
Buffers:           34144 kB
Cached:           235604 kB
MemTotal:        1844596 kB
MemFree:         1379392 kB
MemAvailable:    1517488 kB
Buffers:           34144 kB
Cached:           235604 kB
MemTotal:        1844596 kB
MemFree:         1378160 kB
MemAvailable:    1516256 kB
Buffers:           34144 kB
Cached:           235604 kB
MemTotal:        1844596 kB
MemFree:         1379032 kB
MemAvailable:    1517128 kB
Buffers:           34144 kB
Cached:           235604 kB
MemTotal:        1844596 kB
MemFree:         1379032 kB
MemAvailable:    1517128 kB
Buffers:           34144 kB
Cached:           235604 kB
MemTotal:        1844596 kB
MemFree:         1379000 kB
MemAvailable:    1517096 kB
Buffers:           34144 kB
Cached:           235604 kB
MemTotal:        1844596 kB
MemFree:         1379252 kB
MemAvailable:    1517348 kB
Buffers:           34144 kB
Cached:           235604 kB
MemTotal:        1844596 kB
MemFree:         1379208 kB
MemAvailable:    1517304 kB
Buffers:           34144 kB
Cached:           235604 kB
MemTotal:        1844596 kB
MemFree:         1377776 kB
MemAvailable:    1515872 kB
Buffers:           34144 kB
Cached:           235604 kB
MemTotal:        1844596 kB
MemFree:         1378408 kB
MemAvailable:    1516504 kB
Buffers:           34144 kB
Cached:           235604 kB
MemTotal:        1844596 kB
MemFree:         1377776 kB
MemAvailable:    1515872 kB
Buffers:           34144 kB
Cached:           235604 kB
MemTotal:        1844596 kB
MemFree:         1379144 kB
MemAvailable:    1517240 kB
Buffers:           34144 kB
Cached:           235604 kB
MemTotal:        1844596 kB
MemFree:         1377968 kB
MemAvailable:    1516064 kB
Buffers:           34144 kB
Cached:           235604 kB
MemTotal:        1844596 kB
MemFree:         1377796 kB
MemAvailable:    1515892 kB
Buffers:           34144 kB
Cached:           235604 kB
MemTotal:        1844596 kB
MemFree:         1377920 kB
MemAvailable:    1516016 kB
Buffers:           34144 kB
Cached:           235604 kB
MemTotal:        1844596 kB
MemFree:         1378044 kB
MemAvailable:    1516140 kB
Buffers:           34144 kB
Cached:           235604 kB
MemTotal:        1844596 kB
MemFree:         1378044 kB
MemAvailable:    1516140 kB
Buffers:           34144 kB
Cached:           235604 kB
MemTotal:        1844596 kB
MemFree:         1379344 kB
MemAvailable:    1517440 kB
Buffers:           34144 kB
Cached:           235604 kB
MemTotal:        1844596 kB
MemFree:         1379184 kB
MemAvailable:    1517280 kB
Buffers:           34144 kB
Cached:           235604 kB
MemTotal:        1844596 kB
MemFree:         1379184 kB
MemAvailable:    1517280 kB
Buffers:           34144 kB
Cached:           235604 kB
MemTotal:        1844596 kB
MemFree:         1379448 kB
MemAvailable:    1517544 kB
Buffers:           34144 kB
Cached:           235604 kB
MemTotal:        1844596 kB
MemFree:         1379516 kB
MemAvailable:    1517612 kB
Buffers:           34144 kB
Cached:           235604 kB
MemTotal:        1844596 kB
MemFree:         1379448 kB
MemAvailable:    1517544 kB
Buffers:           34144 kB
Cached:           235604 kB
MemTotal:        1844596 kB
MemFree:         1379456 kB
MemAvailable:    1517552 kB
Buffers:           34144 kB
Cached:           235604 kB
MemTotal:        1844596 kB
MemFree:         1379440 kB
MemAvailable:    1517536 kB
Buffers:           34144 kB
Cached:           235604 kB
MemTotal:        1844596 kB
MemFree:         1379368 kB
MemAvailable:    1517464 kB
Buffers:           34144 kB
Cached:           235604 kB
MemTotal:        1844596 kB
MemFree:         1377912 kB
MemAvailable:    1516008 kB
Buffers:           34144 kB
Cached:           235604 kB
MemTotal:        1844596 kB
MemFree:         1378580 kB
MemAvailable:    1516676 kB
Buffers:           34144 kB
Cached:           235604 kB
MemTotal:        1844596 kB
MemFree:         1379516 kB
MemAvailable:    1517616 kB
Buffers:           34144 kB
Cached:           235608 kB
MemTotal:        1844596 kB
MemFree:         1378340 kB
MemAvailable:    1516440 kB
Buffers:           34144 kB
Cached:           235608 kB
MemTotal:        1844596 kB
MemFree:         1379016 kB
MemAvailable:    1517116 kB
Buffers:           34144 kB
Cached:           235608 kB
MemTotal:        1844596 kB
MemFree:         1379152 kB
MemAvailable:    1517252 kB
Buffers:           34144 kB
Cached:           235608 kB
MemTotal:        1844596 kB
MemFree:         1379032 kB
MemAvailable:    1517132 kB
Buffers:           34144 kB
Cached:           235608 kB
MemTotal:        1844596 kB
MemFree:         1377968 kB
MemAvailable:    1516068 kB
Buffers:           34144 kB
Cached:           235608 kB
MemTotal:        1844596 kB
MemFree:         1377920 kB
MemAvailable:    1516020 kB
Buffers:           34144 kB
Cached:           235608 kB
MemTotal:        1844596 kB
MemFree:         1379068 kB
MemAvailable:    1517168 kB
Buffers:           34144 kB
Cached:           235608 kB
MemTotal:        1844596 kB
MemFree:         1379320 kB
MemAvailable:    1517420 kB
Buffers:           34144 kB
Cached:           235608 kB
MemTotal:        1844596 kB
MemFree:         1379280 kB
MemAvailable:    1517380 kB
Buffers:           34144 kB
Cached:           235608 kB
MemTotal:        1844596 kB
MemFree:         1379128 kB
MemAvailable:    1517228 kB
Buffers:           34144 kB
Cached:           235608 kB
MemTotal:        1844596 kB
MemFree:         1379316 kB
MemAvailable:    1517416 kB
Buffers:           34144 kB
Cached:           235608 kB
MemTotal:        1844596 kB
MemFree:         1379228 kB
MemAvailable:    1517328 kB
Buffers:           34144 kB
Cached:           235608 kB
MemTotal:        1844596 kB
MemFree:         1378464 kB
MemAvailable:    1516564 kB
Buffers:           34144 kB
Cached:           235608 kB
MemTotal:        1844596 kB
MemFree:         1379256 kB
MemAvailable:    1517356 kB
Buffers:           34144 kB
Cached:           235608 kB
MemTotal:        1844596 kB
MemFree:         1379144 kB
MemAvailable:    1517244 kB
Buffers:           34144 kB
Cached:           235608 kB
MemTotal:        1844596 kB
MemFree:         1379144 kB
MemAvailable:    1517244 kB
Buffers:           34144 kB
Cached:           235608 kB
MemTotal:        1844596 kB
MemFree:         1379224 kB
MemAvailable:    1517324 kB
Buffers:           34144 kB
Cached:           235608 kB
MemTotal:        1844596 kB
MemFree:         1378464 kB
MemAvailable:    1516564 kB
Buffers:           34144 kB
Cached:           235608 kB
MemTotal:        1844596 kB
MemFree:         1379256 kB
MemAvailable:    1517356 kB
Buffers:           34144 kB
Cached:           235608 kB
MemTotal:        1844596 kB
MemFree:         1379144 kB
MemAvailable:    1517244 kB
Buffers:           34144 kB
Cached:           235608 kB
MemTotal:        1844596 kB
MemFree:         1378464 kB
MemAvailable:    1516564 kB
Buffers:           34144 kB
Cached:           235608 kB
MemTotal:        1844596 kB
MemFree:         1379064 kB
MemAvailable:    1517164 kB
Buffers:           34144 kB
Cached:           235608 kB
MemTotal:        1844596 kB
MemFree:         1379400 kB
MemAvailable:    1517500 kB
Buffers:           34144 kB
Cached:           235608 kB
MemTotal:        1844596 kB
MemFree:         1379076 kB
MemAvailable:    1517176 kB
Buffers:           34144 kB
Cached:           235608 kB
MemTotal:        1844596 kB
MemFree:         1379092 kB
MemAvailable:    1517192 kB
Buffers:           34144 kB
Cached:           235608 kB
MemTotal:        1844596 kB
MemFree:         1377920 kB
MemAvailable:    1516020 kB
Buffers:           34144 kB
Cached:           235608 kB
MemTotal:        1844596 kB
MemFree:         1379244 kB
MemAvailable:    1517344 kB
Buffers:           34144 kB
Cached:           235608 kB
MemTotal:        1844596 kB
MemFree:         1378704 kB
MemAvailable:    1516804 kB
Buffers:           34144 kB
Cached:           235608 kB
MemTotal:        1844596 kB
MemFree:         1378924 kB
MemAvailable:    1517024 kB
Buffers:           34144 kB
Cached:           235608 kB
MemTotal:        1844596 kB
MemFree:         1379260 kB
MemAvailable:    1517360 kB
Buffers:           34144 kB
Cached:           235608 kB
MemTotal:        1844596 kB
MemFree:         1379044 kB
MemAvailable:    1517144 kB
Buffers:           34144 kB
Cached:           235608 kB
MemTotal:        1844596 kB
MemFree:         1379380 kB
MemAvailable:    1517480 kB
Buffers:           34144 kB
Cached:           235608 kB
MemTotal:        1844596 kB
MemFree:         1379004 kB
MemAvailable:    1517104 kB
Buffers:           34144 kB
Cached:           235608 kB
MemTotal:        1844596 kB
MemFree:         1378712 kB
MemAvailable:    1516812 kB
Buffers:           34144 kB
Cached:           235608 kB
MemTotal:        1844596 kB
MemFree:         1379076 kB
MemAvailable:    1517176 kB
Buffers:           34144 kB
Cached:           235608 kB
MemTotal:        1844596 kB
MemFree:         1379332 kB
MemAvailable:    1517432 kB
Buffers:           34144 kB
Cached:           235608 kB
MemTotal:        1844596 kB
MemFree:         1377540 kB
MemAvailable:    1515640 kB
Buffers:           34144 kB
Cached:           235608 kB
MemTotal:        1844596 kB
MemFree:         1378492 kB
MemAvailable:    1516592 kB
Buffers:           34144 kB
Cached:           235608 kB
MemTotal:        1844596 kB
MemFree:         1377836 kB
MemAvailable:    1515936 kB
Buffers:           34144 kB
Cached:           235608 kB
MemTotal:        1844596 kB
MemFree:         1379136 kB
MemAvailable:    1517236 kB
Buffers:           34144 kB
Cached:           235608 kB
MemTotal:        1844596 kB
MemFree:         1378904 kB
MemAvailable:    1517004 kB
Buffers:           34144 kB
Cached:           235608 kB
MemTotal:        1844596 kB
MemFree:         1379240 kB
MemAvailable:    1517340 kB
Buffers:           34144 kB
Cached:           235608 kB
MemTotal:        1844596 kB
MemFree:         1377836 kB
MemAvailable:    1515936 kB
Buffers:           34144 kB
Cached:           235608 kB
MemTotal:        1844596 kB
MemFree:         1385968 kB
MemAvailable:    1524068 kB
Buffers:           34144 kB
Cached:           235608 kB
MemTotal:        1844596 kB
MemFree:         1379216 kB
MemAvailable:    1517320 kB
Buffers:           34144 kB
Cached:           235612 kB
MemTotal:        1844596 kB
MemFree:         1379952 kB
MemAvailable:    1518056 kB
Buffers:           34144 kB
Cached:           235612 kB
MemTotal:        1844596 kB
MemFree:         1380208 kB
MemAvailable:    1518316 kB
Buffers:           34144 kB
Cached:           235616 kB
MemTotal:        1844596 kB
MemFree:         1378572 kB
MemAvailable:    1516680 kB
Buffers:           34144 kB
Cached:           235616 kB
MemTotal:        1844596 kB
MemFree:         1378284 kB
MemAvailable:    1516392 kB
Buffers:           34144 kB
Cached:           235616 kB
MemTotal:        1844596 kB
MemFree:         1379816 kB
MemAvailable:    1517924 kB
Buffers:           34144 kB
Cached:           235616 kB
MemTotal:        1844596 kB
MemFree:         1378836 kB
MemAvailable:    1516944 kB
Buffers:           34144 kB
Cached:           235616 kB
MemTotal:        1844596 kB
MemFree:         1378712 kB
MemAvailable:    1516824 kB
Buffers:           34144 kB
Cached:           235620 kB
MemTotal:        1844596 kB
MemFree:         1378208 kB
MemAvailable:    1516320 kB
Buffers:           34144 kB
Cached:           235620 kB
MemTotal:        1844596 kB
MemFree:         1378336 kB
MemAvailable:    1516448 kB
Buffers:           34144 kB
Cached:           235620 kB
MemTotal:        1844596 kB
MemFree:         1379636 kB
MemAvailable:    1517748 kB
Buffers:           34144 kB
Cached:           235620 kB
MemTotal:        1844596 kB
MemFree:         1378596 kB
MemAvailable:    1516708 kB
Buffers:           34144 kB
Cached:           235620 kB
MemTotal:        1844596 kB
MemFree:         1379636 kB
MemAvailable:    1517748 kB
Buffers:           34144 kB
Cached:           235620 kB
MemTotal:        1844596 kB
MemFree:         1378720 kB
MemAvailable:    1516832 kB
Buffers:           34144 kB
Cached:           235620 kB
MemTotal:        1844596 kB
MemFree:         1379596 kB
MemAvailable:    1517708 kB
Buffers:           34144 kB
Cached:           235620 kB
MemTotal:        1844596 kB
MemFree:         1379508 kB
MemAvailable:    1517620 kB
Buffers:           34144 kB
Cached:           235620 kB
MemTotal:        1844596 kB
MemFree:         1379604 kB
MemAvailable:    1517716 kB
Buffers:           34144 kB
Cached:           235620 kB
MemTotal:        1844596 kB
MemFree:         1378712 kB
MemAvailable:    1516824 kB
Buffers:           34144 kB
Cached:           235620 kB
MemTotal:        1844596 kB
MemFree:         1379456 kB
MemAvailable:    1517568 kB
Buffers:           34144 kB
Cached:           235620 kB
MemTotal:        1844596 kB
MemFree:         1379648 kB
MemAvailable:    1517760 kB
Buffers:           34144 kB
Cached:           235620 kB
MemTotal:        1844596 kB
MemFree:         1379456 kB
MemAvailable:    1517568 kB
Buffers:           34144 kB
Cached:           235620 kB
MemTotal:        1844596 kB
MemFree:         1379708 kB
MemAvailable:    1517820 kB
Buffers:           34144 kB
Cached:           235620 kB
MemTotal:        1844596 kB
MemFree:         1379276 kB
MemAvailable:    1517388 kB
Buffers:           34144 kB
Cached:           235620 kB
MemTotal:        1844596 kB
MemFree:         1379612 kB
MemAvailable:    1517724 kB
Buffers:           34144 kB
Cached:           235620 kB
MemTotal:        1844596 kB
MemFree:         1379396 kB
MemAvailable:    1517508 kB
Buffers:           34144 kB
Cached:           235620 kB
MemTotal:        1844596 kB
MemFree:         1379648 kB
MemAvailable:    1517760 kB
Buffers:           34144 kB
Cached:           235620 kB
MemTotal:        1844596 kB
MemFree:         1379384 kB
MemAvailable:    1517496 kB
Buffers:           34144 kB
Cached:           235620 kB
MemTotal:        1844596 kB
MemFree:         1378168 kB
MemAvailable:    1516280 kB
Buffers:           34144 kB
Cached:           235620 kB
MemTotal:        1844596 kB
MemFree:         1379460 kB
MemAvailable:    1517572 kB
Buffers:           34144 kB
Cached:           235620 kB
MemTotal:        1844596 kB
MemFree:         1378336 kB
MemAvailable:    1516448 kB
Buffers:           34144 kB
Cached:           235620 kB
MemTotal:        1844596 kB
MemFree:         1378164 kB
MemAvailable:    1516276 kB
Buffers:           34144 kB
Cached:           235620 kB
MemTotal:        1844596 kB
MemFree:         1379272 kB
MemAvailable:    1517384 kB
Buffers:           34144 kB
Cached:           235620 kB
MemTotal:        1844596 kB
MemFree:         1379528 kB
MemAvailable:    1517640 kB
Buffers:           34144 kB
Cached:           235620 kB
MemTotal:        1844596 kB
MemFree:         1379260 kB
MemAvailable:    1517372 kB
Buffers:           34144 kB
Cached:           235620 kB
MemTotal:        1844596 kB
MemFree:         1379216 kB
MemAvailable:    1517328 kB
Buffers:           34144 kB
Cached:           235620 kB
MemTotal:        1844596 kB
MemFree:         1379512 kB
MemAvailable:    1517624 kB
Buffers:           34144 kB
Cached:           235620 kB
MemTotal:        1844596 kB
MemFree:         1381636 kB
MemAvailable:    1519748 kB
Buffers:           34144 kB
Cached:           235620 kB
MemTotal:        1844596 kB
MemFree:         1380520 kB
MemAvailable:    1518632 kB
Buffers:           34144 kB
Cached:           235620 kB
MemTotal:        1844596 kB
MemFree:         1379820 kB
MemAvailable:    1517932 kB
Buffers:           34144 kB
Cached:           235620 kB
MemTotal:        1844596 kB
MemFree:         1379904 kB
MemAvailable:    1518016 kB
Buffers:           34144 kB
Cached:           235620 kB
MemTotal:        1844596 kB
MemFree:         1379656 kB
MemAvailable:    1517768 kB
Buffers:           34144 kB
Cached:           235620 kB
MemTotal:        1844596 kB
MemFree:         1379716 kB
MemAvailable:    1517828 kB
Buffers:           34148 kB
Cached:           235616 kB
MemTotal:        1844596 kB
MemFree:         1378576 kB
MemAvailable:    1516688 kB
Buffers:           34148 kB
Cached:           235616 kB
MemTotal:        1844596 kB
MemFree:         1379644 kB
MemAvailable:    1517756 kB
Buffers:           34148 kB
Cached:           235616 kB
MemTotal:        1844596 kB
MemFree:         1379812 kB
MemAvailable:    1517924 kB
Buffers:           34148 kB
Cached:           235616 kB
MemTotal:        1844596 kB
MemFree:         1378208 kB
MemAvailable:    1516320 kB
Buffers:           34148 kB
Cached:           235616 kB
MemTotal:        1844596 kB
MemFree:         1378340 kB
MemAvailable:    1516452 kB
Buffers:           34148 kB
Cached:           235616 kB
MemTotal:        1844596 kB
MemFree:         1378712 kB
MemAvailable:    1516824 kB
Buffers:           34148 kB
Cached:           235616 kB
MemTotal:        1844596 kB
MemFree:         1378464 kB
MemAvailable:    1516576 kB
Buffers:           34148 kB
Cached:           235616 kB
MemTotal:        1844596 kB
MemFree:         1379448 kB
MemAvailable:    1517560 kB
Buffers:           34148 kB
Cached:           235616 kB
MemTotal:        1844596 kB
MemFree:         1379392 kB
MemAvailable:    1517504 kB
Buffers:           34148 kB
Cached:           235616 kB
MemTotal:        1844596 kB
MemFree:         1379392 kB
MemAvailable:    1517504 kB
Buffers:           34148 kB
Cached:           235616 kB
MemTotal:        1844596 kB
MemFree:         1379516 kB
MemAvailable:    1517628 kB
Buffers:           34148 kB
Cached:           235616 kB
MemTotal:        1844596 kB
MemFree:         1379684 kB
MemAvailable:    1517796 kB
Buffers:           34148 kB
Cached:           235616 kB
MemTotal:        1844596 kB
MemFree:         1379416 kB
MemAvailable:    1517528 kB
Buffers:           34148 kB
Cached:           235616 kB
MemTotal:        1844596 kB
MemFree:         1379596 kB
MemAvailable:    1517708 kB
Buffers:           34148 kB
Cached:           235616 kB
MemTotal:        1844596 kB
MemFree:         1378720 kB
MemAvailable:    1516832 kB
Buffers:           34148 kB
Cached:           235616 kB
MemTotal:        1844596 kB
MemFree:         1379896 kB
MemAvailable:    1518012 kB
Buffers:           34148 kB
Cached:           235620 kB
MemTotal:        1844596 kB
MemFree:         1378712 kB
MemAvailable:    1516828 kB
Buffers:           34148 kB
Cached:           235620 kB
MemTotal:        1844596 kB
MemFree:         1379920 kB
MemAvailable:    1518036 kB
Buffers:           34148 kB
Cached:           235620 kB
MemTotal:        1844596 kB
MemFree:         1378712 kB
MemAvailable:    1516828 kB
Buffers:           34148 kB
Cached:           235620 kB
MemTotal:        1844596 kB
MemFree:         1379828 kB
MemAvailable:    1517944 kB
Buffers:           34148 kB
Cached:           235620 kB
MemTotal:        1844596 kB
MemFree:         1379448 kB
MemAvailable:    1517564 kB
Buffers:           34148 kB
Cached:           235620 kB
MemTotal:        1844596 kB
MemFree:         1378968 kB
MemAvailable:    1517084 kB
Buffers:           34148 kB
Cached:           235620 kB
MemTotal:        1844596 kB
MemFree:         1379636 kB
MemAvailable:    1517752 kB
Buffers:           34148 kB
Cached:           235620 kB
MemTotal:        1844596 kB
MemFree:         1379464 kB
MemAvailable:    1517580 kB
Buffers:           34148 kB
Cached:           235620 kB
MemTotal:        1844596 kB
MemFree:         1378720 kB
MemAvailable:    1516836 kB
Buffers:           34148 kB
Cached:           235620 kB
MemTotal:        1844596 kB
MemFree:         1379404 kB
MemAvailable:    1517520 kB
Buffers:           34148 kB
Cached:           235620 kB
MemTotal:        1844596 kB
MemFree:         1379656 kB
MemAvailable:    1517772 kB
Buffers:           34148 kB
Cached:           235620 kB
MemTotal:        1844596 kB
MemFree:         1378176 kB
MemAvailable:    1516292 kB
Buffers:           34148 kB
Cached:           235620 kB
MemTotal:        1844596 kB
MemFree:         1379476 kB
MemAvailable:    1517592 kB
Buffers:           34148 kB
Cached:           235620 kB
MemTotal:        1844596 kB
MemFree:         1379208 kB
MemAvailable:    1517324 kB
Buffers:           34148 kB
Cached:           235620 kB
MemTotal:        1844596 kB
MemFree:         1378204 kB
MemAvailable:    1516320 kB
Buffers:           34148 kB
Cached:           235620 kB
MemTotal:        1844596 kB
MemFree:         1379612 kB
MemAvailable:    1517728 kB
Buffers:           34148 kB
Cached:           235620 kB
MemTotal:        1844596 kB
MemFree:         1378720 kB
MemAvailable:    1516836 kB
Buffers:           34148 kB
Cached:           235620 kB
MemTotal:        1844596 kB
MemFree:         1378212 kB
MemAvailable:    1516328 kB
Buffers:           34148 kB
Cached:           235620 kB
MemTotal:        1844596 kB
MemFree:         1379588 kB
MemAvailable:    1517708 kB
Buffers:           34148 kB
Cached:           235624 kB
MemTotal:        1844596 kB
MemFree:         1378844 kB
MemAvailable:    1516964 kB
Buffers:           34148 kB
Cached:           235624 kB
MemTotal:        1844596 kB
MemFree:         1379340 kB
MemAvailable:    1517464 kB
Buffers:           34148 kB
Cached:           235628 kB
MemTotal:        1844596 kB
MemFree:         1379352 kB
MemAvailable:    1517476 kB
Buffers:           34148 kB
Cached:           235628 kB
MemTotal:        1844596 kB
MemFree:         1378088 kB
MemAvailable:    1516212 kB
Buffers:           34148 kB
Cached:           235628 kB
MemTotal:        1844596 kB
MemFree:         1378088 kB
MemAvailable:    1516212 kB
Buffers:           34148 kB
Cached:           235628 kB
MemTotal:        1844596 kB
MemFree:         1379388 kB
MemAvailable:    1517512 kB
Buffers:           34148 kB
Cached:           235628 kB
MemTotal:        1844596 kB
MemFree:         1378040 kB
MemAvailable:    1516164 kB
Buffers:           34148 kB
Cached:           235628 kB
MemTotal:        1844596 kB
MemFree:         1379484 kB
MemAvailable:    1517608 kB
Buffers:           34148 kB
Cached:           235628 kB
MemTotal:        1844596 kB
MemFree:         1379392 kB
MemAvailable:    1517516 kB
Buffers:           34148 kB
Cached:           235628 kB
MemTotal:        1844596 kB
MemFree:         1379540 kB
MemAvailable:    1517664 kB
Buffers:           34148 kB
Cached:           235628 kB
MemTotal:        1844596 kB
MemFree:         1379132 kB
MemAvailable:    1517256 kB
Buffers:           34148 kB
Cached:           235628 kB
MemTotal:        1844596 kB
MemFree:         1379384 kB
MemAvailable:    1517508 kB
Buffers:           34148 kB
Cached:           235628 kB
MemTotal:        1844596 kB
MemFree:         1377976 kB
MemAvailable:    1516100 kB
Buffers:           34148 kB
Cached:           235628 kB
MemTotal:        1844596 kB
MemFree:         1378704 kB
MemAvailable:    1516828 kB
Buffers:           34148 kB
Cached:           235628 kB
MemTotal:        1844596 kB
MemFree:         1378408 kB
MemAvailable:    1516532 kB
Buffers:           34148 kB
Cached:           235628 kB
MemTotal:        1844596 kB
MemFree:         1379552 kB
MemAvailable:    1517676 kB
Buffers:           34148 kB
Cached:           235628 kB
MemTotal:        1844596 kB
MemFree:         1378348 kB
MemAvailable:    1516472 kB
Buffers:           34148 kB
Cached:           235628 kB
MemTotal:        1844596 kB
MemFree:         1379200 kB
MemAvailable:    1517324 kB
Buffers:           34148 kB
Cached:           235628 kB
MemTotal:        1844596 kB
MemFree:         1379452 kB
MemAvailable:    1517576 kB
Buffers:           34148 kB
Cached:           235628 kB
MemTotal:        1844596 kB
MemFree:         1378080 kB
MemAvailable:    1516204 kB
Buffers:           34148 kB
Cached:           235628 kB
MemTotal:        1844596 kB
MemFree:         1377916 kB
MemAvailable:    1516040 kB
Buffers:           34148 kB
Cached:           235628 kB
MemTotal:        1844596 kB
MemFree:         1382868 kB
MemAvailable:    1520992 kB
Buffers:           34148 kB
Cached:           235628 kB
MemTotal:        1844596 kB
MemFree:         1379092 kB
MemAvailable:    1517216 kB
Buffers:           34148 kB
Cached:           235628 kB
MemTotal:        1844596 kB
MemFree:         1378960 kB
MemAvailable:    1517084 kB
Buffers:           34148 kB
Cached:           235628 kB
MemTotal:        1844596 kB
MemFree:         1378960 kB
MemAvailable:    1517084 kB
Buffers:           34148 kB
Cached:           235628 kB
MemTotal:        1844596 kB
MemFree:         1379944 kB
MemAvailable:    1518068 kB
Buffers:           34148 kB
Cached:           235628 kB
MemTotal:        1844596 kB
MemFree:         1379092 kB
MemAvailable:    1517216 kB
Buffers:           34148 kB
Cached:           235628 kB
MemTotal:        1844596 kB
MemFree:         1379708 kB
MemAvailable:    1517832 kB
Buffers:           34148 kB
Cached:           235628 kB
MemTotal:        1844596 kB
MemFree:         1378664 kB
MemAvailable:    1516788 kB
Buffers:           34148 kB
Cached:           235628 kB
MemTotal:        1844596 kB
MemFree:         1378780 kB
MemAvailable:    1516904 kB
Buffers:           34148 kB
Cached:           235628 kB
MemTotal:        1844596 kB
MemFree:         1380104 kB
MemAvailable:    1518228 kB
Buffers:           34148 kB
Cached:           235628 kB
MemTotal:        1844596 kB
MemFree:         1380020 kB
MemAvailable:    1518144 kB
Buffers:           34148 kB
Cached:           235628 kB
MemTotal:        1844596 kB
MemFree:         1379516 kB
MemAvailable:    1517724 kB
Buffers:           34148 kB
Cached:           235628 kB
MemTotal:        1844596 kB
MemFree:         1384392 kB
MemAvailable:    1522516 kB
Buffers:           34148 kB
Cached:           235628 kB
MemTotal:        1844596 kB
MemFree:         1378960 kB
MemAvailable:    1517084 kB
Buffers:           34148 kB
Cached:           235628 kB
MemTotal:        1844596 kB
MemFree:         1380312 kB
MemAvailable:    1518436 kB
Buffers:           34148 kB
Cached:           235628 kB
MemTotal:        1844596 kB
MemFree:         1380396 kB
MemAvailable:    1518520 kB
Buffers:           34148 kB
Cached:           235628 kB
MemTotal:        1844596 kB
MemFree:         1379820 kB
MemAvailable:    1517944 kB
Buffers:           34148 kB
Cached:           235628 kB
MemTotal:        1844596 kB
MemFree:         1379224 kB
MemAvailable:    1517348 kB
Buffers:           34148 kB
Cached:           235628 kB
MemTotal:        1844596 kB
MemFree:         1379580 kB
MemAvailable:    1517704 kB
Buffers:           34148 kB
Cached:           235628 kB
MemTotal:        1844596 kB
MemFree:         1378292 kB
MemAvailable:    1516416 kB
Buffers:           34148 kB
Cached:           235628 kB
MemTotal:        1844596 kB
MemFree:         1379528 kB
MemAvailable:    1517652 kB
Buffers:           34148 kB
Cached:           235628 kB
MemTotal:        1844596 kB
MemFree:         1379256 kB
MemAvailable:    1517380 kB
Buffers:           34148 kB
Cached:           235628 kB
MemTotal:        1844596 kB
MemFree:         1379508 kB
MemAvailable:    1517632 kB
Buffers:           34148 kB
Cached:           235628 kB
MemTotal:        1844596 kB
MemFree:         1379308 kB
MemAvailable:    1517432 kB
Buffers:           34148 kB
Cached:           235628 kB
MemTotal:        1844596 kB
MemFree:         1379120 kB
MemAvailable:    1517244 kB
Buffers:           34148 kB
Cached:           235628 kB
MemTotal:        1844596 kB
MemFree:         1379456 kB
MemAvailable:    1517580 kB
Buffers:           34148 kB
Cached:           235628 kB
MemTotal:        1844596 kB
MemFree:         1377912 kB
MemAvailable:    1516036 kB
Buffers:           34148 kB
Cached:           235628 kB
MemTotal:        1844596 kB
MemFree:         1377912 kB
MemAvailable:    1516036 kB
Buffers:           34148 kB
Cached:           235628 kB
MemTotal:        1844596 kB
MemFree:         1378044 kB
MemAvailable:    1516168 kB
Buffers:           34148 kB
Cached:           235628 kB
MemTotal:        1844596 kB
MemFree:         1378036 kB
MemAvailable:    1516160 kB
Buffers:           34148 kB
Cached:           235628 kB
MemTotal:        1844596 kB
MemFree:         1378160 kB
MemAvailable:    1516284 kB
Buffers:           34148 kB
Cached:           235628 kB
MemTotal:        1844596 kB
MemFree:         1377904 kB
MemAvailable:    1516028 kB
Buffers:           34148 kB
Cached:           235628 kB
MemTotal:        1844596 kB
MemFree:         1378032 kB
MemAvailable:    1516156 kB
Buffers:           34148 kB
Cached:           235628 kB
MemTotal:        1844596 kB
MemFree:         1378032 kB
MemAvailable:    1516156 kB
Buffers:           34148 kB
Cached:           235628 kB
MemTotal:        1844596 kB
MemFree:         1377900 kB
MemAvailable:    1516024 kB
Buffers:           34148 kB
Cached:           235628 kB
MemTotal:        1844596 kB
MemFree:         1377976 kB
MemAvailable:    1516100 kB
Buffers:           34148 kB
Cached:           235628 kB
MemTotal:        1844596 kB
MemFree:         1379168 kB
MemAvailable:    1517292 kB
Buffers:           34148 kB
Cached:           235628 kB
MemTotal:        1844596 kB
MemFree:         1379276 kB
MemAvailable:    1517400 kB
Buffers:           34148 kB
Cached:           235628 kB
MemTotal:        1844596 kB
MemFree:         1379208 kB
MemAvailable:    1517332 kB
Buffers:           34148 kB
Cached:           235628 kB
MemTotal:        1844596 kB
MemFree:         1379208 kB
MemAvailable:    1517332 kB
Buffers:           34148 kB
Cached:           235628 kB
MemTotal:        1844596 kB
MemFree:         1378176 kB
MemAvailable:    1516300 kB
Buffers:           34148 kB
Cached:           235628 kB
MemTotal:        1844596 kB
MemFree:         1377920 kB
MemAvailable:    1516044 kB
Buffers:           34148 kB
Cached:           235628 kB
MemTotal:        1844596 kB
MemFree:         1378424 kB
MemAvailable:    1516548 kB
Buffers:           34148 kB
Cached:           235628 kB
MemTotal:        1844596 kB
MemFree:         1379352 kB
MemAvailable:    1517476 kB
Buffers:           34148 kB
Cached:           235628 kB
MemTotal:        1844596 kB
MemFree:         1378044 kB
MemAvailable:    1516168 kB
Buffers:           34148 kB
Cached:           235628 kB
MemTotal:        1844596 kB
MemFree:         1379388 kB
MemAvailable:    1517512 kB
Buffers:           34148 kB
Cached:           235628 kB
MemTotal:        1844596 kB
MemFree:         1379276 kB
MemAvailable:    1517408 kB
Buffers:           34148 kB
Cached:           235636 kB
MemTotal:        1844596 kB
MemFree:         1379360 kB
MemAvailable:    1517492 kB
Buffers:           34148 kB
Cached:           235636 kB
MemTotal:        1844596 kB
MemFree:         1377976 kB
MemAvailable:    1516108 kB
Buffers:           34148 kB
Cached:           235636 kB
MemTotal:        1844596 kB
MemFree:         1377928 kB
MemAvailable:    1516060 kB
Buffers:           34148 kB
Cached:           235636 kB
MemTotal:        1844596 kB
MemFree:         1378100 kB
MemAvailable:    1516232 kB
Buffers:           34148 kB
Cached:           235636 kB
MemTotal:        1844596 kB
MemFree:         1379292 kB
MemAvailable:    1517424 kB
Buffers:           34148 kB
Cached:           235636 kB
MemTotal:        1844596 kB
MemFree:         1378540 kB
MemAvailable:    1516672 kB
Buffers:           34148 kB
Cached:           235636 kB
MemTotal:        1844596 kB
MemFree:         1379556 kB
MemAvailable:    1517688 kB
Buffers:           34148 kB
Cached:           235636 kB
MemTotal:        1844596 kB
MemFree:         1378040 kB
MemAvailable:    1516172 kB
Buffers:           34148 kB
Cached:           235636 kB
MemTotal:        1844596 kB
MemFree:         1377952 kB
MemAvailable:    1516084 kB
Buffers:           34148 kB
Cached:           235636 kB
MemTotal:        1844596 kB
MemFree:         1377976 kB
MemAvailable:    1516108 kB
Buffers:           34148 kB
Cached:           235636 kB
MemTotal:        1844596 kB
MemFree:         1379208 kB
MemAvailable:    1517340 kB
Buffers:           34148 kB
Cached:           235636 kB
MemTotal:        1844596 kB
MemFree:         1377840 kB
MemAvailable:    1515972 kB
Buffers:           34148 kB
Cached:           235636 kB
MemTotal:        1844596 kB
MemFree:         1377916 kB
MemAvailable:    1516048 kB
Buffers:           34148 kB
Cached:           235636 kB
MemTotal:        1844596 kB
MemFree:         1377976 kB
MemAvailable:    1516108 kB
Buffers:           34148 kB
Cached:           235636 kB
MemTotal:        1844596 kB
MemFree:         1378060 kB
MemAvailable:    1516192 kB
Buffers:           34148 kB
Cached:           235636 kB
MemTotal:        1844596 kB
MemFree:         1377960 kB
MemAvailable:    1516092 kB
Buffers:           34148 kB
Cached:           235636 kB
MemTotal:        1844596 kB
MemFree:         1379352 kB
MemAvailable:    1517484 kB
Buffers:           34148 kB
Cached:           235636 kB
MemTotal:        1844596 kB
MemFree:         1379320 kB
MemAvailable:    1517452 kB
Buffers:           34148 kB
Cached:           235636 kB
MemTotal:        1844596 kB
MemFree:         1379464 kB
MemAvailable:    1517596 kB
Buffers:           34148 kB
Cached:           235636 kB
MemTotal:        1844596 kB
MemFree:         1377976 kB
MemAvailable:    1516108 kB
Buffers:           34148 kB
Cached:           235636 kB
MemTotal:        1844596 kB
MemFree:         1378060 kB
MemAvailable:    1516192 kB
Buffers:           34148 kB
Cached:           235636 kB
MemTotal:        1844596 kB
MemFree:         1379352 kB
MemAvailable:    1517484 kB
Buffers:           34148 kB
Cached:           235636 kB
MemTotal:        1844596 kB
MemFree:         1377964 kB
MemAvailable:    1516096 kB
Buffers:           34148 kB
Cached:           235636 kB
MemTotal:        1844596 kB
MemFree:         1377916 kB
MemAvailable:    1516048 kB
Buffers:           34148 kB
Cached:           235636 kB
MemTotal:        1844596 kB
MemFree:         1379216 kB
MemAvailable:    1517348 kB
Buffers:           34148 kB
Cached:           235636 kB
MemTotal:        1844596 kB
MemFree:         1379416 kB
MemAvailable:    1517548 kB
Buffers:           34148 kB
Cached:           235636 kB
MemTotal:        1844596 kB
MemFree:         1377844 kB
MemAvailable:    1516060 kB
Buffers:           34148 kB
Cached:           235760 kB
MemTotal:        1844596 kB
MemFree:         1378964 kB
MemAvailable:    1517348 kB
Buffers:           34148 kB
Cached:           235884 kB
MemTotal:        1844596 kB
MemFree:         1378840 kB
MemAvailable:    1517308 kB
Buffers:           34148 kB
Cached:           236008 kB
MemTotal:        1844596 kB
MemFree:         1378552 kB
MemAvailable:    1517188 kB
Buffers:           34148 kB
Cached:           236256 kB
MemTotal:        1844596 kB
MemFree:         1378348 kB
MemAvailable:    1516984 kB
Buffers:           34148 kB
Cached:           236256 kB
MemTotal:        1844596 kB
MemFree:         1378636 kB
MemAvailable:    1517272 kB
Buffers:           34148 kB
Cached:           236256 kB
MemTotal:        1844596 kB
MemFree:         1378404 kB
MemAvailable:    1517124 kB
Buffers:           34148 kB
Cached:           236380 kB
MemTotal:        1844596 kB
MemFree:         1378656 kB
MemAvailable:    1517376 kB
Buffers:           34148 kB
Cached:           236380 kB
MemTotal:        1844596 kB
MemFree:         1378464 kB
MemAvailable:    1517184 kB
Buffers:           34148 kB
Cached:           236380 kB
MemTotal:        1844596 kB
MemFree:         1378480 kB
MemAvailable:    1517200 kB
Buffers:           34148 kB
Cached:           236380 kB
MemTotal:        1844596 kB
MemFree:         1378548 kB
MemAvailable:    1517268 kB
Buffers:           34148 kB
Cached:           236380 kB
MemTotal:        1844596 kB
MemFree:         1378544 kB
MemAvailable:    1517264 kB
Buffers:           34148 kB
Cached:           236380 kB
MemTotal:        1844596 kB
MemFree:         1377296 kB
MemAvailable:    1516016 kB
Buffers:           34148 kB
Cached:           236380 kB
MemTotal:        1844596 kB
MemFree:         1417720 kB
MemAvailable:    1555852 kB
Buffers:           34148 kB
Cached:           235748 kB
MemTotal:        1844596 kB
MemFree:         1424188 kB
MemAvailable:    1562404 kB
Buffers:           34148 kB
Cached:           235748 kB
