MemTotal:        1844596 kB
MemFree:          626056 kB
MemAvailable:    1520808 kB
Buffers:           67580 kB
Cached:           921400 kB
MemTotal:        1844596 kB
MemFree:          625124 kB
MemAvailable:    1519876 kB
Buffers:           67580 kB
Cached:           921400 kB
MemTotal:        1844596 kB
MemFree:          624868 kB
MemAvailable:    1519620 kB
Buffers:           67580 kB
Cached:           921400 kB
MemTotal:        1844596 kB
MemFree:          622460 kB
MemAvailable:    1517212 kB
Buffers:           67580 kB
Cached:           921400 kB
MemTotal:        1844596 kB
MemFree:          623744 kB
MemAvailable:    1518496 kB
Buffers:           67580 kB
Cached:           921400 kB
MemTotal:        1844596 kB
MemFree:          621452 kB
MemAvailable:    1516204 kB
Buffers:           67588 kB
Cached:           921392 kB
MemTotal:        1844596 kB
MemFree:          621452 kB
MemAvailable:    1516204 kB
Buffers:           67588 kB
Cached:           921392 kB
MemTotal:        1844596 kB
MemFree:          617608 kB
MemAvailable:    1512360 kB
Buffers:           67588 kB
Cached:           921392 kB
MemTotal:        1844596 kB
MemFree:          615516 kB
MemAvailable:    1510268 kB
Buffers:           67588 kB
Cached:           921392 kB
MemTotal:        1844596 kB
MemFree:          611424 kB
MemAvailable:    1506176 kB
Buffers:           67588 kB
Cached:           921392 kB
MemTotal:        1844596 kB
MemFree:          612264 kB
MemAvailable:    1507016 kB
Buffers:           67588 kB
Cached:           921392 kB
MemTotal:        1844596 kB
MemFree:          612120 kB
MemAvailable:    1506872 kB
Buffers:           67588 kB
Cached:           921392 kB
MemTotal:        1844596 kB
MemFree:          613604 kB
MemAvailable:    1508356 kB
Buffers:           67588 kB
Cached:           921392 kB
MemTotal:        1844596 kB
MemFree:          613604 kB
MemAvailable:    1508356 kB
Buffers:           67588 kB
Cached:           921392 kB
MemTotal:        1844596 kB
MemFree:          613452 kB
MemAvailable:    1508204 kB
Buffers:           67588 kB
Cached:           921392 kB
MemTotal:        1844596 kB
MemFree:          612152 kB
MemAvailable:    1506904 kB
Buffers:           67588 kB
Cached:           921392 kB
MemTotal:        1844596 kB
MemFree:          611656 kB
MemAvailable:    1506408 kB
Buffers:           67588 kB
Cached:           921392 kB
MemTotal:        1844596 kB
MemFree:          611740 kB
MemAvailable:    1506492 kB
Buffers:           67588 kB
Cached:           921392 kB
MemTotal:        1844596 kB
MemFree:          611168 kB
MemAvailable:    1505920 kB
Buffers:           67588 kB
Cached:           921392 kB
MemTotal:        1844596 kB
MemFree:          611424 kB
MemAvailable:    1506176 kB
Buffers:           67588 kB
Cached:           921392 kB
MemTotal:        1844596 kB
MemFree:          611036 kB
MemAvailable:    1505788 kB
Buffers:           67588 kB
Cached:           921392 kB
MemTotal:        1844596 kB
MemFree:          611120 kB
MemAvailable:    1505872 kB
Buffers:           67588 kB
Cached:           921392 kB
MemTotal:        1844596 kB
MemFree:          610860 kB
MemAvailable:    1505612 kB
Buffers:           67588 kB
Cached:           921392 kB
MemTotal:        1844596 kB
MemFree:          611116 kB
MemAvailable:    1505868 kB
Buffers:           67588 kB
Cached:           921392 kB
MemTotal:        1844596 kB
MemFree:          610036 kB
MemAvailable:    1504788 kB
Buffers:           67588 kB
Cached:           921392 kB
MemTotal:        1844596 kB
MemFree:          611160 kB
MemAvailable:    1505912 kB
Buffers:           67588 kB
Cached:           921392 kB
MemTotal:        1844596 kB
MemFree:          610584 kB
MemAvailable:    1505336 kB
Buffers:           67588 kB
Cached:           921392 kB
MemTotal:        1844596 kB
MemFree:          612104 kB
MemAvailable:    1506856 kB
Buffers:           67588 kB
Cached:           921392 kB
MemTotal:        1844596 kB
MemFree:          610168 kB
MemAvailable:    1504920 kB
Buffers:           67588 kB
Cached:           921392 kB
MemTotal:        1844596 kB
MemFree:          609936 kB
MemAvailable:    1504688 kB
Buffers:           67588 kB
Cached:           921392 kB
MemTotal:        1844596 kB
MemFree:          608680 kB
MemAvailable:    1503432 kB
Buffers:           67588 kB
Cached:           921392 kB
MemTotal:        1844596 kB
MemFree:          609016 kB
MemAvailable:    1503768 kB
Buffers:           67588 kB
Cached:           921392 kB
MemTotal:        1844596 kB
MemFree:          606960 kB
MemAvailable:    1501712 kB
Buffers:           67588 kB
Cached:           921392 kB
MemTotal:        1844596 kB
MemFree:          607084 kB
MemAvailable:    1501836 kB
Buffers:           67588 kB
Cached:           921392 kB
MemTotal:        1844596 kB
MemFree:          607068 kB
MemAvailable:    1501820 kB
Buffers:           67588 kB
Cached:           921392 kB
MemTotal:        1844596 kB
MemFree:          607068 kB
MemAvailable:    1501820 kB
Buffers:           67588 kB
Cached:           921392 kB
MemTotal:        1844596 kB
MemFree:          607024 kB
MemAvailable:    1501776 kB
Buffers:           67588 kB
Cached:           921392 kB
MemTotal:        1844596 kB
MemFree:          606808 kB
MemAvailable:    1501560 kB
Buffers:           67588 kB
Cached:           921392 kB
MemTotal:        1844596 kB
MemFree:          606892 kB
MemAvailable:    1501644 kB
Buffers:           67588 kB
Cached:           921392 kB
MemTotal:        1844596 kB
MemFree:          606648 kB
MemAvailable:    1501400 kB
Buffers:           67588 kB
Cached:           921392 kB
MemTotal:        1844596 kB
MemFree:          606984 kB
MemAvailable:    1501736 kB
Buffers:           67588 kB
Cached:           921392 kB
MemTotal:        1844596 kB
MemFree:          605408 kB
MemAvailable:    1500160 kB
Buffers:           67588 kB
Cached:           921392 kB
MemTotal:        1844596 kB
MemFree:          606076 kB
MemAvailable:    1500828 kB
Buffers:           67588 kB
Cached:           921392 kB
MemTotal:        1844596 kB
MemFree:          606160 kB
MemAvailable:    1500912 kB
Buffers:           67588 kB
Cached:           921392 kB
MemTotal:        1844596 kB
MemFree:          606016 kB
MemAvailable:    1500768 kB
Buffers:           67588 kB
Cached:           921392 kB
MemTotal:        1844596 kB
MemFree:          604584 kB
MemAvailable:    1499336 kB
Buffers:           67588 kB
Cached:           921392 kB
MemTotal:        1844596 kB
MemFree:          605908 kB
MemAvailable:    1500660 kB
Buffers:           67588 kB
Cached:           921392 kB
MemTotal:        1844596 kB
MemFree:          605836 kB
MemAvailable:    1500588 kB
Buffers:           67588 kB
Cached:           921392 kB
MemTotal:        1844596 kB
MemFree:          605776 kB
MemAvailable:    1500528 kB
Buffers:           67588 kB
Cached:           921392 kB
MemTotal:        1844596 kB
MemFree:          604660 kB
MemAvailable:    1499412 kB
Buffers:           67588 kB
Cached:           921392 kB
MemTotal:        1844596 kB
MemFree:          604908 kB
MemAvailable:    1499660 kB
Buffers:           67588 kB
Cached:           921392 kB
MemTotal:        1844596 kB
MemFree:          606084 kB
MemAvailable:    1500836 kB
Buffers:           67588 kB
Cached:           921392 kB
MemTotal:        1844596 kB
MemFree:          604984 kB
MemAvailable:    1499736 kB
Buffers:           67588 kB
Cached:           921392 kB
MemTotal:        1844596 kB
MemFree:          605968 kB
MemAvailable:    1500720 kB
Buffers:           67588 kB
Cached:           921392 kB
MemTotal:        1844596 kB
MemFree:          604472 kB
MemAvailable:    1499224 kB
Buffers:           67588 kB
Cached:           921392 kB
MemTotal:        1844596 kB
MemFree:          605580 kB
MemAvailable:    1500332 kB
Buffers:           67588 kB
Cached:           921392 kB
MemTotal:        1844596 kB
MemFree:          605580 kB
MemAvailable:    1500332 kB
Buffers:           67588 kB
Cached:           921392 kB
MemTotal:        1844596 kB
MemFree:          605408 kB
MemAvailable:    1500160 kB
Buffers:           67588 kB
Cached:           921392 kB
MemTotal:        1844596 kB
MemFree:          605276 kB
MemAvailable:    1500028 kB
Buffers:           67588 kB
Cached:           921392 kB
MemTotal:        1844596 kB
MemFree:          605084 kB
MemAvailable:    1499836 kB
Buffers:           67588 kB
Cached:           921392 kB
MemTotal:        1844596 kB
MemFree:          605152 kB
MemAvailable:    1499904 kB
Buffers:           67588 kB
Cached:           921392 kB
MemTotal:        1844596 kB
MemFree:          603612 kB
MemAvailable:    1498388 kB
Buffers:           67588 kB
Cached:           921412 kB
MemTotal:        1844596 kB
MemFree:          603820 kB
MemAvailable:    1498596 kB
Buffers:           67588 kB
Cached:           921412 kB
MemTotal:        1844596 kB
MemFree:          603688 kB
MemAvailable:    1498464 kB
Buffers:           67588 kB
Cached:           921412 kB
MemTotal:        1844596 kB
MemFree:          605036 kB
MemAvailable:    1499812 kB
Buffers:           67588 kB
Cached:           921412 kB
MemTotal:        1844596 kB
MemFree:          605052 kB
MemAvailable:    1499828 kB
Buffers:           67588 kB
Cached:           921412 kB
MemTotal:        1844596 kB
MemFree:          605220 kB
MemAvailable:    1499996 kB
Buffers:           67588 kB
Cached:           921412 kB
MemTotal:        1844596 kB
MemFree:          603716 kB
MemAvailable:    1498492 kB
Buffers:           67588 kB
Cached:           921412 kB
MemTotal:        1844596 kB
MemFree:          602620 kB
MemAvailable:    1497396 kB
Buffers:           67588 kB
Cached:           921412 kB
MemTotal:        1844596 kB
MemFree:          602984 kB
MemAvailable:    1497760 kB
Buffers:           67588 kB
Cached:           921412 kB
MemTotal:        1844596 kB
MemFree:          599016 kB
MemAvailable:    1493792 kB
Buffers:           67588 kB
Cached:           921412 kB
MemTotal:        1844596 kB
MemFree:          597280 kB
MemAvailable:    1492056 kB
Buffers:           67588 kB
Cached:           921412 kB
MemTotal:        1844596 kB
MemFree:          597156 kB
MemAvailable:    1491932 kB
Buffers:           67588 kB
Cached:           921412 kB
MemTotal:        1844596 kB
MemFree:          596972 kB
MemAvailable:    1491748 kB
Buffers:           67588 kB
Cached:           921412 kB
MemTotal:        1844596 kB
MemFree:          596972 kB
MemAvailable:    1491748 kB
Buffers:           67588 kB
Cached:           921412 kB
MemTotal:        1844596 kB
MemFree:          596872 kB
MemAvailable:    1491648 kB
Buffers:           67588 kB
Cached:           921412 kB
MemTotal:        1844596 kB
MemFree:          597124 kB
MemAvailable:    1491900 kB
Buffers:           67588 kB
Cached:           921412 kB
MemTotal:        1844596 kB
MemFree:          596720 kB
MemAvailable:    1491496 kB
Buffers:           67588 kB
Cached:           921412 kB
MemTotal:        1844596 kB
MemFree:          597056 kB
MemAvailable:    1491832 kB
Buffers:           67588 kB
Cached:           921412 kB
MemTotal:        1844596 kB
MemFree:          595732 kB
MemAvailable:    1490508 kB
Buffers:           67588 kB
Cached:           921412 kB
MemTotal:        1844596 kB
MemFree:          595608 kB
MemAvailable:    1490384 kB
Buffers:           67588 kB
Cached:           921412 kB
MemTotal:        1844596 kB
MemFree:          596876 kB
MemAvailable:    1491652 kB
Buffers:           67588 kB
Cached:           921412 kB
MemTotal:        1844596 kB
MemFree:          597212 kB
MemAvailable:    1491988 kB
Buffers:           67588 kB
Cached:           921412 kB
MemTotal:        1844596 kB
MemFree:          596836 kB
MemAvailable:    1491612 kB
Buffers:           67588 kB
Cached:           921412 kB
MemTotal:        1844596 kB
MemFree:          597092 kB
MemAvailable:    1491868 kB
Buffers:           67588 kB
Cached:           921412 kB
MemTotal:        1844596 kB
MemFree:          595764 kB
MemAvailable:    1490540 kB
Buffers:           67588 kB
Cached:           921412 kB
MemTotal:        1844596 kB
MemFree:          595800 kB
MemAvailable:    1490576 kB
Buffers:           67588 kB
Cached:           921412 kB
MemTotal:        1844596 kB
MemFree:          595420 kB
MemAvailable:    1490196 kB
Buffers:           67588 kB
Cached:           921412 kB
MemTotal:        1844596 kB
MemFree:          596296 kB
MemAvailable:    1491072 kB
Buffers:           67588 kB
Cached:           921412 kB
MemTotal:        1844596 kB
MemFree:          596108 kB
MemAvailable:    1490884 kB
Buffers:           67588 kB
Cached:           921412 kB
MemTotal:        1844596 kB
MemFree:          594808 kB
MemAvailable:    1489584 kB
Buffers:           67588 kB
Cached:           921412 kB
MemTotal:        1844596 kB
MemFree:          595432 kB
MemAvailable:    1490208 kB
Buffers:           67588 kB
Cached:           921412 kB
MemTotal:        1844596 kB
MemFree:          595580 kB
MemAvailable:    1490356 kB
Buffers:           67588 kB
Cached:           921412 kB
MemTotal:        1844596 kB
MemFree:          594296 kB
MemAvailable:    1489072 kB
Buffers:           67588 kB
Cached:           921412 kB
MemTotal:        1844596 kB
MemFree:          594296 kB
MemAvailable:    1489072 kB
Buffers:           67588 kB
Cached:           921412 kB
MemTotal:        1844596 kB
MemFree:          593876 kB
MemAvailable:    1488652 kB
Buffers:           67588 kB
Cached:           921412 kB
MemTotal:        1844596 kB
MemFree:          594212 kB
MemAvailable:    1488988 kB
Buffers:           67588 kB
Cached:           921412 kB
MemTotal:        1844596 kB
MemFree:          593560 kB
MemAvailable:    1488336 kB
Buffers:           67588 kB
Cached:           921412 kB
MemTotal:        1844596 kB
MemFree:          593560 kB
MemAvailable:    1488336 kB
Buffers:           67588 kB
Cached:           921412 kB
MemTotal:        1844596 kB
MemFree:          593584 kB
MemAvailable:    1488360 kB
Buffers:           67588 kB
Cached:           921412 kB
MemTotal:        1844596 kB
MemFree:          592320 kB
MemAvailable:    1487096 kB
Buffers:           67588 kB
Cached:           921412 kB
MemTotal:        1844596 kB
MemFree:          593132 kB
MemAvailable:    1487908 kB
Buffers:           67588 kB
Cached:           921412 kB
MemTotal:        1844596 kB
MemFree:          592904 kB
MemAvailable:    1487680 kB
Buffers:           67588 kB
Cached:           921412 kB
MemTotal:        1844596 kB
MemFree:          592988 kB
MemAvailable:    1487764 kB
Buffers:           67588 kB
Cached:           921412 kB
MemTotal:        1844596 kB
MemFree:          592920 kB
MemAvailable:    1487696 kB
Buffers:           67588 kB
Cached:           921412 kB
MemTotal:        1844596 kB
MemFree:          593076 kB
MemAvailable:    1487852 kB
Buffers:           67588 kB
Cached:           921412 kB
MemTotal:        1844596 kB
MemFree:          591876 kB
MemAvailable:    1486652 kB
Buffers:           67588 kB
Cached:           921412 kB
MemTotal:        1844596 kB
MemFree:          592884 kB
MemAvailable:    1487660 kB
Buffers:           67588 kB
Cached:           921412 kB
MemTotal:        1844596 kB
MemFree:          592428 kB
MemAvailable:    1487204 kB
Buffers:           67588 kB
Cached:           921412 kB
MemTotal:        1844596 kB
MemFree:          592512 kB
MemAvailable:    1487288 kB
Buffers:           67588 kB
Cached:           921412 kB
MemTotal:        1844596 kB
MemFree:          587864 kB
MemAvailable:    1482640 kB
Buffers:           67588 kB
Cached:           921412 kB
MemTotal:        1844596 kB
MemFree:          587792 kB
MemAvailable:    1482568 kB
Buffers:           67588 kB
Cached:           921412 kB
MemTotal:        1844596 kB
MemFree:          586624 kB
MemAvailable:    1481400 kB
Buffers:           67588 kB
Cached:           921412 kB
MemTotal:        1844596 kB
MemFree:          586488 kB
MemAvailable:    1481264 kB
Buffers:           67588 kB
Cached:           921412 kB
MemTotal:        1844596 kB
MemFree:          587340 kB
MemAvailable:    1482116 kB
Buffers:           67588 kB
Cached:           921412 kB
MemTotal:        1844596 kB
MemFree:          587108 kB
MemAvailable:    1481884 kB
Buffers:           67588 kB
Cached:           921412 kB
MemTotal:        1844596 kB
MemFree:          587272 kB
MemAvailable:    1482048 kB
Buffers:           67588 kB
Cached:           921412 kB
MemTotal:        1844596 kB
MemFree:          586056 kB
MemAvailable:    1480832 kB
Buffers:           67588 kB
Cached:           921412 kB
MemTotal:        1844596 kB
MemFree:          587032 kB
MemAvailable:    1481808 kB
Buffers:           67588 kB
Cached:           921412 kB
MemTotal:        1844596 kB
MemFree:          587116 kB
MemAvailable:    1481892 kB
Buffers:           67588 kB
Cached:           921412 kB
MemTotal:        1844596 kB
MemFree:          587120 kB
MemAvailable:    1481896 kB
Buffers:           67588 kB
Cached:           921412 kB
MemTotal:        1844596 kB
MemFree:          586500 kB
MemAvailable:    1481276 kB
Buffers:           67588 kB
Cached:           921412 kB
MemTotal:        1844596 kB
MemFree:          586984 kB
MemAvailable:    1481760 kB
Buffers:           67588 kB
Cached:           921412 kB
MemTotal:        1844596 kB
MemFree:          586236 kB
MemAvailable:    1481012 kB
Buffers:           67588 kB
Cached:           921412 kB
MemTotal:        1844596 kB
MemFree:          585756 kB
MemAvailable:    1480532 kB
Buffers:           67588 kB
Cached:           921412 kB
MemTotal:        1844596 kB
MemFree:          584260 kB
MemAvailable:    1479036 kB
Buffers:           67588 kB
Cached:           921412 kB
MemTotal:        1844596 kB
MemFree:          584516 kB
MemAvailable:    1479292 kB
Buffers:           67588 kB
Cached:           921412 kB
MemTotal:        1844596 kB
MemFree:          584196 kB
MemAvailable:    1478972 kB
Buffers:           67588 kB
Cached:           921412 kB
MemTotal:        1844596 kB
MemFree:          583864 kB
MemAvailable:    1478640 kB
Buffers:           67588 kB
Cached:           921412 kB
MemTotal:        1844596 kB
MemFree:          584020 kB
MemAvailable:    1478796 kB
Buffers:           67588 kB
Cached:           921412 kB
MemTotal:        1844596 kB
MemFree:          583952 kB
MemAvailable:    1478728 kB
Buffers:           67588 kB
Cached:           921412 kB
MemTotal:        1844596 kB
MemFree:          584120 kB
MemAvailable:    1478896 kB
Buffers:           67588 kB
Cached:           921412 kB
MemTotal:        1844596 kB
MemFree:          584676 kB
MemAvailable:    1479452 kB
Buffers:           67588 kB
Cached:           921412 kB
MemTotal:        1844596 kB
MemFree:          585964 kB
MemAvailable:    1480740 kB
Buffers:           67588 kB
Cached:           921412 kB
MemTotal:        1844596 kB
MemFree:          584252 kB
MemAvailable:    1479196 kB
Buffers:           67588 kB
Cached:           921660 kB
MemTotal:        1844596 kB
MemFree:          585808 kB
MemAvailable:    1480752 kB
Buffers:           67588 kB
Cached:           921660 kB
MemTotal:        1844596 kB
MemFree:          585612 kB
MemAvailable:    1480640 kB
Buffers:           67588 kB
Cached:           921784 kB
MemTotal:        1844596 kB
MemFree:          585508 kB
MemAvailable:    1480704 kB
Buffers:           67588 kB
Cached:           921908 kB
MemTotal:        1844596 kB
MemFree:          585716 kB
MemAvailable:    1480996 kB
Buffers:           67588 kB
Cached:           921908 kB
MemTotal:        1844596 kB
MemFree:          585604 kB
MemAvailable:    1480968 kB
Buffers:           67588 kB
Cached:           922032 kB
MemTotal:        1844596 kB
MemFree:          584392 kB
MemAvailable:    1479756 kB
Buffers:           67588 kB
Cached:           922032 kB
MemTotal:        1844596 kB
MemFree:          585444 kB
MemAvailable:    1480896 kB
Buffers:           67588 kB
Cached:           922036 kB
MemTotal:        1844596 kB
MemFree:          585244 kB
MemAvailable:    1480696 kB
Buffers:           67588 kB
Cached:           922036 kB
MemTotal:        1844596 kB
MemFree:          585328 kB
MemAvailable:    1480780 kB
Buffers:           67588 kB
Cached:           922036 kB
MemTotal:        1844596 kB
MemFree:          584000 kB
MemAvailable:    1479456 kB
Buffers:           67588 kB
Cached:           922092 kB
MemTotal:        1844596 kB
MemFree:          583876 kB
MemAvailable:    1479332 kB
Buffers:           67588 kB
Cached:           922092 kB
MemTotal:        1844596 kB
MemFree:          585176 kB
MemAvailable:    1480632 kB
Buffers:           67588 kB
Cached:           922092 kB
MemTotal:        1844596 kB
MemFree:          585100 kB
MemAvailable:    1480640 kB
Buffers:           67588 kB
Cached:           922216 kB
MemTotal:        1844596 kB
MemFree:          585136 kB
MemAvailable:    1480676 kB
Buffers:           67588 kB
Cached:           922216 kB
MemTotal:        1844596 kB
MemFree:          650592 kB
MemAvailable:    1545460 kB
Buffers:           67588 kB
Cached:           921460 kB
MemTotal:        1844596 kB
MemFree:          650552 kB
MemAvailable:    1545420 kB
Buffers:           67588 kB
Cached:           921460 kB
