MemTotal:        1844596 kB
MemFree:          872648 kB
MemAvailable:    1542416 kB
Buffers:           44340 kB
Cached:           736100 kB
MemTotal:        1844596 kB
MemFree:          872028 kB
MemAvailable:    1541796 kB
Buffers:           44340 kB
Cached:           736100 kB
MemTotal:        1844596 kB
MemFree:          871548 kB
MemAvailable:    1541316 kB
Buffers:           44340 kB
Cached:           736100 kB
MemTotal:        1844596 kB
MemFree:          871540 kB
MemAvailable:    1541308 kB
Buffers:           44340 kB
Cached:           736100 kB
MemTotal:        1844596 kB
MemFree:          871432 kB
MemAvailable:    1541200 kB
Buffers:           44340 kB
Cached:           736100 kB
MemTotal:        1844596 kB
MemFree:          869060 kB
MemAvailable:    1538828 kB
Buffers:           44340 kB
Cached:           736100 kB
MemTotal:        1844596 kB
MemFree:          869308 kB
MemAvailable:    1539076 kB
Buffers:           44340 kB
Cached:           736100 kB
MemTotal:        1844596 kB
MemFree:          866456 kB
MemAvailable:    1536224 kB
Buffers:           44340 kB
Cached:           736100 kB
MemTotal:        1844596 kB
MemFree:          863852 kB
MemAvailable:    1533620 kB
Buffers:           44340 kB
Cached:           736100 kB
MemTotal:        1844596 kB
MemFree:          863936 kB
MemAvailable:    1533704 kB
Buffers:           44340 kB
Cached:           736100 kB
MemTotal:        1844596 kB
MemFree:          858272 kB
MemAvailable:    1528040 kB
Buffers:           44340 kB
Cached:           736100 kB
MemTotal:        1844596 kB
MemFree:          860360 kB
MemAvailable:    1530128 kB
Buffers:           44340 kB
Cached:           736100 kB
MemTotal:        1844596 kB
MemFree:          860256 kB
MemAvailable:    1530024 kB
Buffers:           44340 kB
Cached:           736100 kB
MemTotal:        1844596 kB
MemFree:          860508 kB
MemAvailable:    1530276 kB
Buffers:           44340 kB
Cached:           736100 kB
MemTotal:        1844596 kB
MemFree:          860208 kB
MemAvailable:    1529976 kB
Buffers:           44340 kB
Cached:           736100 kB
MemTotal:        1844596 kB
MemFree:          860112 kB
MemAvailable:    1529880 kB
Buffers:           44340 kB
Cached:           736100 kB
MemTotal:        1844596 kB
MemFree:          860140 kB
MemAvailable:    1529908 kB
Buffers:           44340 kB
Cached:           736100 kB
MemTotal:        1844596 kB
MemFree:          859820 kB
MemAvailable:    1529588 kB
Buffers:           44340 kB
Cached:           736100 kB
MemTotal:        1844596 kB
MemFree:          859084 kB
MemAvailable:    1528852 kB
Buffers:           44340 kB
Cached:           736100 kB
MemTotal:        1844596 kB
MemFree:          858340 kB
MemAvailable:    1528108 kB
Buffers:           44340 kB
Cached:           736100 kB
MemTotal:        1844596 kB
MemFree:          857968 kB
MemAvailable:    1527736 kB
Buffers:           44340 kB
Cached:           736100 kB
MemTotal:        1844596 kB
MemFree:          858096 kB
MemAvailable:    1527864 kB
Buffers:           44340 kB
Cached:           736100 kB
MemTotal:        1844596 kB
MemFree:          857164 kB
MemAvailable:    1526932 kB
Buffers:           44340 kB
Cached:           736100 kB
MemTotal:        1844596 kB
MemFree:          856780 kB
MemAvailable:    1526548 kB
Buffers:           44340 kB
Cached:           736100 kB
MemTotal:        1844596 kB
MemFree:          857860 kB
MemAvailable:    1527632 kB
Buffers:           44340 kB
Cached:           736104 kB
MemTotal:        1844596 kB
MemFree:          857736 kB
MemAvailable:    1527508 kB
Buffers:           44340 kB
Cached:           736104 kB
MemTotal:        1844596 kB
MemFree:          856656 kB
MemAvailable:    1526428 kB
Buffers:           44340 kB
Cached:           736104 kB
MemTotal:        1844596 kB
MemFree:          856656 kB
MemAvailable:    1526428 kB
Buffers:           44340 kB
Cached:           736104 kB
MemTotal:        1844596 kB
MemFree:          856656 kB
MemAvailable:    1526428 kB
Buffers:           44340 kB
Cached:           736104 kB
MemTotal:        1844596 kB
MemFree:          857952 kB
MemAvailable:    1527724 kB
Buffers:           44340 kB
Cached:           736104 kB
MemTotal:        1844596 kB
MemFree:          859168 kB
MemAvailable:    1528940 kB
Buffers:           44340 kB
Cached:           736104 kB
MemTotal:        1844596 kB
MemFree:          858032 kB
MemAvailable:    1527804 kB
Buffers:           44340 kB
Cached:           736104 kB
MemTotal:        1844596 kB
MemFree:          856412 kB
MemAvailable:    1526184 kB
Buffers:           44340 kB
Cached:           736104 kB
MemTotal:        1844596 kB
MemFree:          856412 kB
MemAvailable:    1526184 kB
Buffers:           44340 kB
Cached:           736104 kB
MemTotal:        1844596 kB
MemFree:          854552 kB
MemAvailable:    1524324 kB
Buffers:           44340 kB
Cached:           736104 kB
MemTotal:        1844596 kB
MemFree:          854792 kB
MemAvailable:    1524564 kB
Buffers:           44340 kB
Cached:           736104 kB
MemTotal:        1844596 kB
MemFree:          854792 kB
MemAvailable:    1524564 kB
Buffers:           44340 kB
Cached:           736104 kB
MemTotal:        1844596 kB
MemFree:          854280 kB
MemAvailable:    1524052 kB
Buffers:           44340 kB
Cached:           736104 kB
MemTotal:        1844596 kB
MemFree:          854064 kB
MemAvailable:    1523836 kB
Buffers:           44340 kB
Cached:           736104 kB
MemTotal:        1844596 kB
MemFree:          852816 kB
MemAvailable:    1522588 kB
Buffers:           44340 kB
Cached:           736104 kB
MemTotal:        1844596 kB
MemFree:          852700 kB
MemAvailable:    1522472 kB
Buffers:           44340 kB
Cached:           736104 kB
MemTotal:        1844596 kB
MemFree:          852948 kB
MemAvailable:    1522720 kB
Buffers:           44340 kB
Cached:           736104 kB
MemTotal:        1844596 kB
MemFree:          852700 kB
MemAvailable:    1522472 kB
Buffers:           44340 kB
Cached:           736104 kB
MemTotal:        1844596 kB
MemFree:          854000 kB
MemAvailable:    1523772 kB
Buffers:           44340 kB
Cached:           736104 kB
MemTotal:        1844596 kB
MemFree:          852328 kB
MemAvailable:    1522100 kB
Buffers:           44340 kB
Cached:           736104 kB
MemTotal:        1844596 kB
MemFree:          853652 kB
MemAvailable:    1523424 kB
Buffers:           44340 kB
Cached:           736104 kB
MemTotal:        1844596 kB
MemFree:          852204 kB
MemAvailable:    1521976 kB
Buffers:           44340 kB
Cached:           736104 kB
MemTotal:        1844596 kB
MemFree:          852808 kB
MemAvailable:    1522580 kB
Buffers:           44340 kB
Cached:           736104 kB
MemTotal:        1844596 kB
MemFree:          853144 kB
MemAvailable:    1522916 kB
Buffers:           44340 kB
Cached:           736104 kB
MemTotal:        1844596 kB
MemFree:          852876 kB
MemAvailable:    1522648 kB
Buffers:           44340 kB
Cached:           736104 kB
MemTotal:        1844596 kB
MemFree:          852752 kB
MemAvailable:    1522524 kB
Buffers:           44340 kB
Cached:           736104 kB
MemTotal:        1844596 kB
MemFree:          851528 kB
MemAvailable:    1521300 kB
Buffers:           44340 kB
Cached:           736104 kB
MemTotal:        1844596 kB
MemFree:          851404 kB
MemAvailable:    1521176 kB
Buffers:           44340 kB
Cached:           736104 kB
MemTotal:        1844596 kB
MemFree:          851520 kB
MemAvailable:    1521292 kB
Buffers:           44340 kB
Cached:           736104 kB
MemTotal:        1844596 kB
MemFree:          852704 kB
MemAvailable:    1522476 kB
Buffers:           44340 kB
Cached:           736104 kB
MemTotal:        1844596 kB
MemFree:          852740 kB
MemAvailable:    1522512 kB
Buffers:           44340 kB
Cached:           736104 kB
MemTotal:        1844596 kB
MemFree:          852668 kB
MemAvailable:    1522440 kB
Buffers:           44340 kB
Cached:           736104 kB
MemTotal:        1844596 kB
MemFree:          852668 kB
MemAvailable:    1522440 kB
Buffers:           44340 kB
Cached:           736104 kB
MemTotal:        1844596 kB
MemFree:          851500 kB
MemAvailable:    1521272 kB
Buffers:           44340 kB
Cached:           736104 kB
MemTotal:        1844596 kB
MemFree:          852652 kB
MemAvailable:    1522424 kB
Buffers:           44340 kB
Cached:           736104 kB
MemTotal:        1844596 kB
MemFree:          851460 kB
MemAvailable:    1521232 kB
Buffers:           44340 kB
Cached:           736104 kB
MemTotal:        1844596 kB
MemFree:          852032 kB
MemAvailable:    1521808 kB
Buffers:           44340 kB
Cached:           736108 kB
MemTotal:        1844596 kB
MemFree:          852284 kB
MemAvailable:    1522060 kB
Buffers:           44340 kB
Cached:           736108 kB
MemTotal:        1844596 kB
MemFree:          851948 kB
MemAvailable:    1521724 kB
Buffers:           44340 kB
Cached:           736108 kB
MemTotal:        1844596 kB
MemFree:          850708 kB
MemAvailable:    1520484 kB
Buffers:           44340 kB
Cached:           736108 kB
MemTotal:        1844596 kB
MemFree:          850956 kB
MemAvailable:    1520732 kB
Buffers:           44340 kB
Cached:           736108 kB
MemTotal:        1844596 kB
MemFree:          851816 kB
MemAvailable:    1521592 kB
Buffers:           44340 kB
Cached:           736108 kB
MemTotal:        1844596 kB
MemFree:          852152 kB
MemAvailable:    1521928 kB
Buffers:           44340 kB
Cached:           736108 kB
MemTotal:        1844596 kB
MemFree:          851692 kB
MemAvailable:    1521468 kB
Buffers:           44340 kB
Cached:           736108 kB
MemTotal:        1844596 kB
MemFree:          851840 kB
MemAvailable:    1521616 kB
Buffers:           44340 kB
Cached:           736108 kB
MemTotal:        1844596 kB
MemFree:          851512 kB
MemAvailable:    1521288 kB
Buffers:           44340 kB
Cached:           736108 kB
MemTotal:        1844596 kB
MemFree:          850544 kB
MemAvailable:    1520320 kB
Buffers:           44340 kB
Cached:           736108 kB
MemTotal:        1844596 kB
MemFree:          851776 kB
MemAvailable:    1521552 kB
Buffers:           44340 kB
Cached:           736108 kB
MemTotal:        1844596 kB
MemFree:          851396 kB
MemAvailable:    1521172 kB
Buffers:           44340 kB
Cached:           736108 kB
MemTotal:        1844596 kB
MemFree:          849352 kB
MemAvailable:    1519128 kB
Buffers:           44340 kB
Cached:           736108 kB
MemTotal:        1844596 kB
MemFree:          848236 kB
MemAvailable:    1518012 kB
Buffers:           44340 kB
Cached:           736108 kB
MemTotal:        1844596 kB
MemFree:          846500 kB
MemAvailable:    1516276 kB
Buffers:           44340 kB
Cached:           736108 kB
MemTotal:        1844596 kB
MemFree:          844392 kB
MemAvailable:    1514168 kB
Buffers:           44340 kB
Cached:           736108 kB
MemTotal:        1844596 kB
MemFree:          843020 kB
MemAvailable:    1512796 kB
Buffers:           44340 kB
Cached:           736108 kB
MemTotal:        1844596 kB
MemFree:          843948 kB
MemAvailable:    1513724 kB
Buffers:           44340 kB
Cached:           736108 kB
MemTotal:        1844596 kB
MemFree:          842904 kB
MemAvailable:    1512680 kB
Buffers:           44340 kB
Cached:           736108 kB
MemTotal:        1844596 kB
MemFree:          843592 kB
MemAvailable:    1513368 kB
Buffers:           44340 kB
Cached:           736108 kB
MemTotal:        1844596 kB
MemFree:          843764 kB
MemAvailable:    1513540 kB
Buffers:           44340 kB
Cached:           736108 kB
MemTotal:        1844596 kB
MemFree:          843724 kB
MemAvailable:    1513500 kB
Buffers:           44340 kB
Cached:           736108 kB
MemTotal:        1844596 kB
MemFree:          842600 kB
MemAvailable:    1512376 kB
Buffers:           44340 kB
Cached:           736108 kB
MemTotal:        1844596 kB
MemFree:          843704 kB
MemAvailable:    1513480 kB
Buffers:           44340 kB
Cached:           736108 kB
MemTotal:        1844596 kB
MemFree:          843648 kB
MemAvailable:    1513424 kB
Buffers:           44340 kB
Cached:           736108 kB
MemTotal:        1844596 kB
MemFree:          843812 kB
MemAvailable:    1513588 kB
Buffers:           44340 kB
Cached:           736108 kB
MemTotal:        1844596 kB
MemFree:          843640 kB
MemAvailable:    1513416 kB
Buffers:           44340 kB
Cached:           736108 kB
MemTotal:        1844596 kB
MemFree:          843640 kB
MemAvailable:    1513416 kB
Buffers:           44340 kB
Cached:           736108 kB
MemTotal:        1844596 kB
MemFree:          843584 kB
MemAvailable:    1513360 kB
Buffers:           44340 kB
Cached:           736108 kB
MemTotal:        1844596 kB
MemFree:          843836 kB
MemAvailable:    1513612 kB
Buffers:           44340 kB
Cached:           736108 kB
MemTotal:        1844596 kB
MemFree:          843520 kB
MemAvailable:    1513296 kB
Buffers:           44340 kB
Cached:           736108 kB
MemTotal:        1844596 kB
MemFree:          842220 kB
MemAvailable:    1511996 kB
Buffers:           44340 kB
Cached:           736108 kB
MemTotal:        1844596 kB
MemFree:          843144 kB
MemAvailable:    1512920 kB
Buffers:           44340 kB
Cached:           736108 kB
MemTotal:        1844596 kB
MemFree:          842664 kB
MemAvailable:    1512440 kB
Buffers:           44340 kB
Cached:           736108 kB
MemTotal:        1844596 kB
MemFree:          841400 kB
MemAvailable:    1511176 kB
Buffers:           44340 kB
Cached:           736108 kB
MemTotal:        1844596 kB
MemFree:          841184 kB
MemAvailable:    1510960 kB
Buffers:           44340 kB
Cached:           736108 kB
MemTotal:        1844596 kB
MemFree:          842176 kB
MemAvailable:    1511952 kB
Buffers:           44340 kB
Cached:           736108 kB
MemTotal:        1844596 kB
MemFree:          841432 kB
MemAvailable:    1511208 kB
Buffers:           44340 kB
Cached:           736108 kB
MemTotal:        1844596 kB
MemFree:          840912 kB
MemAvailable:    1510696 kB
Buffers:           44340 kB
Cached:           736116 kB
MemTotal:        1844596 kB
MemFree:          840996 kB
MemAvailable:    1510780 kB
Buffers:           44340 kB
Cached:           736116 kB
MemTotal:        1844596 kB
MemFree:          839516 kB
MemAvailable:    1509300 kB
Buffers:           44340 kB
Cached:           736116 kB
MemTotal:        1844596 kB
MemFree:          840440 kB
MemAvailable:    1510224 kB
Buffers:           44340 kB
Cached:           736116 kB
MemTotal:        1844596 kB
MemFree:          838812 kB
MemAvailable:    1508596 kB
Buffers:           44340 kB
Cached:           736116 kB
MemTotal:        1844596 kB
MemFree:          839064 kB
MemAvailable:    1508848 kB
Buffers:           44340 kB
Cached:           736116 kB
MemTotal:        1844596 kB
MemFree:          839016 kB
MemAvailable:    1508800 kB
Buffers:           44340 kB
Cached:           736116 kB
MemTotal:        1844596 kB
MemFree:          838884 kB
MemAvailable:    1508668 kB
Buffers:           44340 kB
Cached:           736116 kB
MemTotal:        1844596 kB
MemFree:          840000 kB
MemAvailable:    1509784 kB
Buffers:           44340 kB
Cached:           736116 kB
MemTotal:        1844596 kB
MemFree:          838952 kB
MemAvailable:    1508736 kB
Buffers:           44340 kB
Cached:           736116 kB
MemTotal:        1844596 kB
MemFree:          839936 kB
MemAvailable:    1509720 kB
Buffers:           44340 kB
Cached:           736116 kB
MemTotal:        1844596 kB
MemFree:          839208 kB
MemAvailable:    1508992 kB
Buffers:           44348 kB
Cached:           736108 kB
MemTotal:        1844596 kB
MemFree:          839740 kB
MemAvailable:    1509524 kB
Buffers:           44352 kB
Cached:           736104 kB
MemTotal:        1844596 kB
MemFree:          838572 kB
MemAvailable:    1508356 kB
Buffers:           44352 kB
Cached:           736104 kB
MemTotal:        1844596 kB
MemFree:          838564 kB
MemAvailable:    1508348 kB
Buffers:           44352 kB
Cached:           736104 kB
MemTotal:        1844596 kB
MemFree:          838580 kB
MemAvailable:    1508364 kB
Buffers:           44352 kB
Cached:           736104 kB
MemTotal:        1844596 kB
MemFree:          839308 kB
MemAvailable:    1509092 kB
Buffers:           44352 kB
Cached:           736104 kB
MemTotal:        1844596 kB
MemFree:          839200 kB
MemAvailable:    1508984 kB
Buffers:           44352 kB
Cached:           736104 kB
MemTotal:        1844596 kB
MemFree:          834480 kB
MemAvailable:    1504264 kB
Buffers:           44352 kB
Cached:           736104 kB
MemTotal:        1844596 kB
MemFree:          834612 kB
MemAvailable:    1504396 kB
Buffers:           44352 kB
Cached:           736104 kB
MemTotal:        1844596 kB
MemFree:          833372 kB
MemAvailable:    1503156 kB
Buffers:           44352 kB
Cached:           736104 kB
MemTotal:        1844596 kB
MemFree:          834172 kB
MemAvailable:    1503956 kB
Buffers:           44352 kB
Cached:           736104 kB
MemTotal:        1844596 kB
MemFree:          834340 kB
MemAvailable:    1504124 kB
Buffers:           44352 kB
Cached:           736104 kB
MemTotal:        1844596 kB
MemFree:          832812 kB
MemAvailable:    1502596 kB
Buffers:           44352 kB
Cached:           736104 kB
MemTotal:        1844596 kB
MemFree:          834048 kB
MemAvailable:    1503832 kB
Buffers:           44352 kB
Cached:           736104 kB
MemTotal:        1844596 kB
MemFree:          834048 kB
MemAvailable:    1503832 kB
Buffers:           44352 kB
Cached:           736104 kB
MemTotal:        1844596 kB
MemFree:          833912 kB
MemAvailable:    1503696 kB
Buffers:           44352 kB
Cached:           736104 kB
MemTotal:        1844596 kB
MemFree:          834060 kB
MemAvailable:    1503844 kB
Buffers:           44352 kB
Cached:           736104 kB
MemTotal:        1844596 kB
MemFree:          832564 kB
MemAvailable:    1502348 kB
Buffers:           44352 kB
Cached:           736104 kB
MemTotal:        1844596 kB
MemFree:          833812 kB
MemAvailable:    1503596 kB
Buffers:           44352 kB
Cached:           736104 kB
MemTotal:        1844596 kB
MemFree:          833000 kB
MemAvailable:    1502784 kB
Buffers:           44352 kB
Cached:           736104 kB
MemTotal:        1844596 kB
MemFree:          831992 kB
MemAvailable:    1501776 kB
Buffers:           44352 kB
Cached:           736104 kB
MemTotal:        1844596 kB
MemFree:          831992 kB
MemAvailable:    1501776 kB
Buffers:           44352 kB
Cached:           736104 kB
MemTotal:        1844596 kB
MemFree:          829776 kB
MemAvailable:    1499560 kB
Buffers:           44352 kB
Cached:           736104 kB
MemTotal:        1844596 kB
MemFree:          830752 kB
MemAvailable:    1500536 kB
Buffers:           44352 kB
Cached:           736104 kB
MemTotal:        1844596 kB
MemFree:          830644 kB
MemAvailable:    1500428 kB
Buffers:           44352 kB
Cached:           736104 kB
MemTotal:        1844596 kB
MemFree:          829348 kB
MemAvailable:    1499132 kB
Buffers:           44352 kB
Cached:           736104 kB
MemTotal:        1844596 kB
MemFree:          830648 kB
MemAvailable:    1500432 kB
Buffers:           44352 kB
Cached:           736104 kB
MemTotal:        1844596 kB
MemFree:          830712 kB
MemAvailable:    1500496 kB
Buffers:           44352 kB
Cached:           736104 kB
MemTotal:        1844596 kB
MemFree:          830768 kB
MemAvailable:    1500552 kB
Buffers:           44352 kB
Cached:           736104 kB
MemTotal:        1844596 kB
MemFree:          831312 kB
MemAvailable:    1501096 kB
Buffers:           44352 kB
Cached:           736104 kB
MemTotal:        1844596 kB
MemFree:          832564 kB
MemAvailable:    1502432 kB
Buffers:           44352 kB
Cached:           736228 kB
MemTotal:        1844596 kB
MemFree:          831388 kB
MemAvailable:    1501340 kB
Buffers:           44352 kB
Cached:           736352 kB
MemTotal:        1844596 kB
MemFree:          831512 kB
MemAvailable:    1501548 kB
Buffers:           44352 kB
Cached:           736352 kB
MemTotal:        1844596 kB
MemFree:          832200 kB
MemAvailable:    1502320 kB
Buffers:           44352 kB
Cached:           736476 kB
MemTotal:        1844596 kB
MemFree:          832128 kB
MemAvailable:    1502332 kB
Buffers:           44352 kB
Cached:           736600 kB
MemTotal:        1844596 kB
MemFree:          831924 kB
MemAvailable:    1502296 kB
Buffers:           44352 kB
Cached:           736724 kB
MemTotal:        1844596 kB
MemFree:          832092 kB
MemAvailable:    1502464 kB
Buffers:           44352 kB
Cached:           736724 kB
MemTotal:        1844596 kB
MemFree:          832048 kB
MemAvailable:    1502504 kB
Buffers:           44352 kB
Cached:           736848 kB
MemTotal:        1844596 kB
MemFree:          832008 kB
MemAvailable:    1502464 kB
Buffers:           44352 kB
Cached:           736848 kB
MemTotal:        1844596 kB
MemFree:          831984 kB
MemAvailable:    1502440 kB
Buffers:           44352 kB
Cached:           736848 kB
MemTotal:        1844596 kB
MemFree:          831140 kB
MemAvailable:    1501596 kB
Buffers:           44352 kB
Cached:           736848 kB
MemTotal:        1844596 kB
MemFree:          831704 kB
MemAvailable:    1502172 kB
Buffers:           44352 kB
Cached:           736820 kB
MemTotal:        1844596 kB
MemFree:          832040 kB
MemAvailable:    1502508 kB
Buffers:           44352 kB
Cached:           736820 kB
MemTotal:        1844596 kB
MemFree:          830632 kB
MemAvailable:    1501100 kB
Buffers:           44352 kB
Cached:           736820 kB
MemTotal:        1844596 kB
MemFree:          832184 kB
MemAvailable:    1502064 kB
Buffers:           44352 kB
Cached:           736188 kB
MemTotal:        1844596 kB
MemFree:          870060 kB
MemAvailable:    1539940 kB
Buffers:           44352 kB
Cached:           736188 kB
