MemTotal:        1844596 kB
MemFree:          850432 kB
MemAvailable:    1540156 kB
Buffers:           46732 kB
Cached:           754372 kB
MemTotal:        1844596 kB
MemFree:          848812 kB
MemAvailable:    1538536 kB
Buffers:           46732 kB
Cached:           754372 kB
MemTotal:        1844596 kB
MemFree:          848540 kB
MemAvailable:    1538264 kB
Buffers:           46732 kB
Cached:           754372 kB
MemTotal:        1844596 kB
MemFree:          847216 kB
MemAvailable:    1536940 kB
Buffers:           46732 kB
Cached:           754372 kB
MemTotal:        1844596 kB
MemFree:          847200 kB
MemAvailable:    1536924 kB
Buffers:           46732 kB
Cached:           754372 kB
MemTotal:        1844596 kB
MemFree:          846472 kB
MemAvailable:    1536196 kB
Buffers:           46732 kB
Cached:           754372 kB
MemTotal:        1844596 kB
MemFree:          845672 kB
MemAvailable:    1535396 kB
Buffers:           46732 kB
Cached:           754372 kB
MemTotal:        1844596 kB
MemFree:          844364 kB
MemAvailable:    1534088 kB
Buffers:           46732 kB
Cached:           754372 kB
MemTotal:        1844596 kB
MemFree:          841820 kB
MemAvailable:    1531544 kB
Buffers:           46732 kB
Cached:           754372 kB
MemTotal:        1844596 kB
MemFree:          837528 kB
MemAvailable:    1527252 kB
Buffers:           46732 kB
Cached:           754372 kB
MemTotal:        1844596 kB
MemFree:          837528 kB
MemAvailable:    1527252 kB
Buffers:           46732 kB
Cached:           754372 kB
MemTotal:        1844596 kB
MemFree:          837020 kB
MemAvailable:    1526744 kB
Buffers:           46732 kB
Cached:           754372 kB
MemTotal:        1844596 kB
MemFree:          837108 kB
MemAvailable:    1526832 kB
Buffers:           46732 kB
Cached:           754372 kB
MemTotal:        1844596 kB
MemFree:          836908 kB
MemAvailable:    1526632 kB
Buffers:           46732 kB
Cached:           754372 kB
MemTotal:        1844596 kB
MemFree:          837244 kB
MemAvailable:    1526968 kB
Buffers:           46732 kB
Cached:           754372 kB
MemTotal:        1844596 kB
MemFree:          836928 kB
MemAvailable:    1526652 kB
Buffers:           46732 kB
Cached:           754372 kB
MemTotal:        1844596 kB
MemFree:          835744 kB
MemAvailable:    1525468 kB
Buffers:           46732 kB
Cached:           754372 kB
MemTotal:        1844596 kB
MemFree:          836172 kB
MemAvailable:    1525896 kB
Buffers:           46732 kB
Cached:           754372 kB
MemTotal:        1844596 kB
MemFree:          836304 kB
MemAvailable:    1526028 kB
Buffers:           46732 kB
Cached:           754372 kB
MemTotal:        1844596 kB
MemFree:          834816 kB
MemAvailable:    1524540 kB
Buffers:           46732 kB
Cached:           754372 kB
MemTotal:        1844596 kB
MemFree:          834560 kB
MemAvailable:    1524284 kB
Buffers:           46732 kB
Cached:           754372 kB
MemTotal:        1844596 kB
MemFree:          833312 kB
MemAvailable:    1523036 kB
Buffers:           46732 kB
Cached:           754372 kB
MemTotal:        1844596 kB
MemFree:          834540 kB
MemAvailable:    1524264 kB
Buffers:           46732 kB
Cached:           754372 kB
MemTotal:        1844596 kB
MemFree:          834568 kB
MemAvailable:    1524292 kB
Buffers:           46732 kB
Cached:           754372 kB
MemTotal:        1844596 kB
MemFree:          834608 kB
MemAvailable:    1524332 kB
Buffers:           46732 kB
Cached:           754372 kB
MemTotal:        1844596 kB
MemFree:          834508 kB
MemAvailable:    1524232 kB
Buffers:           46732 kB
Cached:           754372 kB
MemTotal:        1844596 kB
MemFree:          833388 kB
MemAvailable:    1523112 kB
Buffers:           46732 kB
Cached:           754372 kB
MemTotal:        1844596 kB
MemFree:          833300 kB
MemAvailable:    1523024 kB
Buffers:           46732 kB
Cached:           754372 kB
MemTotal:        1844596 kB
MemFree:          834496 kB
MemAvailable:    1524220 kB
Buffers:           46732 kB
Cached:           754372 kB
MemTotal:        1844596 kB
MemFree:          835844 kB
MemAvailable:    1525568 kB
Buffers:           46732 kB
Cached:           754372 kB
MemTotal:        1844596 kB
MemFree:          836064 kB
MemAvailable:    1525788 kB
Buffers:           46732 kB
Cached:           754372 kB
MemTotal:        1844596 kB
MemFree:          835372 kB
MemAvailable:    1525096 kB
Buffers:           46732 kB
Cached:           754372 kB
MemTotal:        1844596 kB
MemFree:          832832 kB
MemAvailable:    1522556 kB
Buffers:           46732 kB
Cached:           754372 kB
MemTotal:        1844596 kB
MemFree:          832196 kB
MemAvailable:    1521920 kB
Buffers:           46732 kB
Cached:           754372 kB
MemTotal:        1844596 kB
MemFree:          832196 kB
MemAvailable:    1521920 kB
Buffers:           46732 kB
Cached:           754372 kB
MemTotal:        1844596 kB
MemFree:          830668 kB
MemAvailable:    1520392 kB
Buffers:           46732 kB
Cached:           754372 kB
MemTotal:        1844596 kB
MemFree:          830352 kB
MemAvailable:    1520076 kB
Buffers:           46732 kB
Cached:           754372 kB
MemTotal:        1844596 kB
MemFree:          830468 kB
MemAvailable:    1520192 kB
Buffers:           46732 kB
Cached:           754372 kB
MemTotal:        1844596 kB
MemFree:          830652 kB
MemAvailable:    1520376 kB
Buffers:           46732 kB
Cached:           754372 kB
MemTotal:        1844596 kB
MemFree:          829980 kB
MemAvailable:    1519704 kB
Buffers:           46732 kB
Cached:           754372 kB
MemTotal:        1844596 kB
MemFree:          830200 kB
MemAvailable:    1519924 kB
Buffers:           46732 kB
Cached:           754372 kB
MemTotal:        1844596 kB
MemFree:          830536 kB
MemAvailable:    1520260 kB
Buffers:           46732 kB
Cached:           754372 kB
MemTotal:        1844596 kB
MemFree:          829044 kB
MemAvailable:    1518768 kB
Buffers:           46732 kB
Cached:           754372 kB
MemTotal:        1844596 kB
MemFree:          830220 kB
MemAvailable:    1519944 kB
Buffers:           46732 kB
Cached:           754372 kB
MemTotal:        1844596 kB
MemFree:          828920 kB
MemAvailable:    1518644 kB
Buffers:           46732 kB
Cached:           754372 kB
MemTotal:        1844596 kB
MemFree:          828912 kB
MemAvailable:    1518636 kB
Buffers:           46732 kB
Cached:           754372 kB
MemTotal:        1844596 kB
MemFree:          828484 kB
MemAvailable:    1518208 kB
Buffers:           46732 kB
Cached:           754372 kB
MemTotal:        1844596 kB
MemFree:          829732 kB
MemAvailable:    1519456 kB
Buffers:           46732 kB
Cached:           754372 kB
MemTotal:        1844596 kB
MemFree:          828608 kB
MemAvailable:    1518332 kB
Buffers:           46732 kB
Cached:           754372 kB
MemTotal:        1844596 kB
MemFree:          829592 kB
MemAvailable:    1519316 kB
Buffers:           46732 kB
Cached:           754372 kB
MemTotal:        1844596 kB
MemFree:          829396 kB
MemAvailable:    1519120 kB
Buffers:           46732 kB
Cached:           754372 kB
MemTotal:        1844596 kB
MemFree:          828096 kB
MemAvailable:    1517820 kB
Buffers:           46732 kB
Cached:           754372 kB
MemTotal:        1844596 kB
MemFree:          828220 kB
MemAvailable:    1517944 kB
Buffers:           46732 kB
Cached:           754372 kB
MemTotal:        1844596 kB
MemFree:          829328 kB
MemAvailable:    1519052 kB
Buffers:           46732 kB
Cached:           754372 kB
MemTotal:        1844596 kB
MemFree:          829412 kB
MemAvailable:    1519136 kB
Buffers:           46732 kB
Cached:           754372 kB
MemTotal:        1844596 kB
MemFree:          828236 kB
MemAvailable:    1517964 kB
Buffers:           46732 kB
Cached:           754376 kB
MemTotal:        1844596 kB
MemFree:          829436 kB
MemAvailable:    1519164 kB
Buffers:           46732 kB
Cached:           754376 kB
MemTotal:        1844596 kB
MemFree:          828608 kB
MemAvailable:    1518336 kB
Buffers:           46732 kB
Cached:           754376 kB
MemTotal:        1844596 kB
MemFree:          829032 kB
MemAvailable:    1518764 kB
Buffers:           46732 kB
Cached:           754380 kB
MemTotal:        1844596 kB
MemFree:          829368 kB
MemAvailable:    1519100 kB
Buffers:           46732 kB
Cached:           754380 kB
MemTotal:        1844596 kB
MemFree:          828908 kB
MemAvailable:    1518640 kB
Buffers:           46732 kB
Cached:           754380 kB
MemTotal:        1844596 kB
MemFree:          828908 kB
MemAvailable:    1518640 kB
Buffers:           46732 kB
Cached:           754380 kB
MemTotal:        1844596 kB
MemFree:          827448 kB
MemAvailable:    1517180 kB
Buffers:           46732 kB
Cached:           754380 kB
MemTotal:        1844596 kB
MemFree:          827572 kB
MemAvailable:    1517304 kB
Buffers:           46732 kB
Cached:           754380 kB
MemTotal:        1844596 kB
MemFree:          828424 kB
MemAvailable:    1518156 kB
Buffers:           46732 kB
Cached:           754380 kB
MemTotal:        1844596 kB
MemFree:          828244 kB
MemAvailable:    1517976 kB
Buffers:           46732 kB
Cached:           754380 kB
MemTotal:        1844596 kB
MemFree:          828312 kB
MemAvailable:    1518044 kB
Buffers:           46732 kB
Cached:           754380 kB
MemTotal:        1844596 kB
MemFree:          828472 kB
MemAvailable:    1518204 kB
Buffers:           46732 kB
Cached:           754380 kB
MemTotal:        1844596 kB
MemFree:          828624 kB
MemAvailable:    1518356 kB
Buffers:           46732 kB
Cached:           754380 kB
MemTotal:        1844596 kB
MemFree:          828312 kB
MemAvailable:    1518044 kB
Buffers:           46732 kB
Cached:           754380 kB
MemTotal:        1844596 kB
MemFree:          828568 kB
MemAvailable:    1518300 kB
Buffers:           46732 kB
Cached:           754380 kB
MemTotal:        1844596 kB
MemFree:          828408 kB
MemAvailable:    1518140 kB
Buffers:           46732 kB
Cached:           754380 kB
MemTotal:        1844596 kB
MemFree:          828432 kB
MemAvailable:    1518164 kB
Buffers:           46732 kB
Cached:           754380 kB
MemTotal:        1844596 kB
MemFree:          828176 kB
MemAvailable:    1517908 kB
Buffers:           46732 kB
Cached:           754380 kB
MemTotal:        1844596 kB
MemFree:          826136 kB
MemAvailable:    1515868 kB
Buffers:           46732 kB
Cached:           754380 kB
MemTotal:        1844596 kB
MemFree:          823896 kB
MemAvailable:    1513628 kB
Buffers:           46732 kB
Cached:           754380 kB
MemTotal:        1844596 kB
MemFree:          823540 kB
MemAvailable:    1513272 kB
Buffers:           46732 kB
Cached:           754380 kB
MemTotal:        1844596 kB
MemFree:          819928 kB
MemAvailable:    1509660 kB
Buffers:           46732 kB
Cached:           754380 kB
MemTotal:        1844596 kB
MemFree:          819804 kB
MemAvailable:    1509536 kB
Buffers:           46732 kB
Cached:           754380 kB
MemTotal:        1844596 kB
MemFree:          819688 kB
MemAvailable:    1509420 kB
Buffers:           46732 kB
Cached:           754380 kB
MemTotal:        1844596 kB
MemFree:          820864 kB
MemAvailable:    1510596 kB
Buffers:           46732 kB
Cached:           754380 kB
MemTotal:        1844596 kB
MemFree:          820408 kB
MemAvailable:    1510140 kB
Buffers:           46732 kB
Cached:           754380 kB
MemTotal:        1844596 kB
MemFree:          820744 kB
MemAvailable:    1510476 kB
Buffers:           46732 kB
Cached:           754380 kB
MemTotal:        1844596 kB
MemFree:          819168 kB
MemAvailable:    1508900 kB
Buffers:           46732 kB
Cached:           754380 kB
MemTotal:        1844596 kB
MemFree:          819300 kB
MemAvailable:    1509032 kB
Buffers:           46732 kB
Cached:           754380 kB
MemTotal:        1844596 kB
MemFree:          819500 kB
MemAvailable:    1509232 kB
Buffers:           46732 kB
Cached:           754380 kB
MemTotal:        1844596 kB
MemFree:          819376 kB
MemAvailable:    1509108 kB
Buffers:           46732 kB
Cached:           754380 kB
MemTotal:        1844596 kB
MemFree:          819248 kB
MemAvailable:    1508980 kB
Buffers:           46732 kB
Cached:           754380 kB
MemTotal:        1844596 kB
MemFree:          820356 kB
MemAvailable:    1510088 kB
Buffers:           46732 kB
Cached:           754380 kB
MemTotal:        1844596 kB
MemFree:          820384 kB
MemAvailable:    1510116 kB
Buffers:           46732 kB
Cached:           754380 kB
MemTotal:        1844596 kB
MemFree:          820060 kB
MemAvailable:    1509792 kB
Buffers:           46732 kB
Cached:           754380 kB
MemTotal:        1844596 kB
MemFree:          819136 kB
MemAvailable:    1508868 kB
Buffers:           46732 kB
Cached:           754380 kB
MemTotal:        1844596 kB
MemFree:          820244 kB
MemAvailable:    1509976 kB
Buffers:           46732 kB
Cached:           754380 kB
MemTotal:        1844596 kB
MemFree:          819804 kB
MemAvailable:    1509536 kB
Buffers:           46732 kB
Cached:           754380 kB
MemTotal:        1844596 kB
MemFree:          819448 kB
MemAvailable:    1509180 kB
Buffers:           46732 kB
Cached:           754380 kB
MemTotal:        1844596 kB
MemFree:          818928 kB
MemAvailable:    1508660 kB
Buffers:           46732 kB
Cached:           754380 kB
MemTotal:        1844596 kB
MemFree:          819264 kB
MemAvailable:    1508996 kB
Buffers:           46732 kB
Cached:           754380 kB
MemTotal:        1844596 kB
MemFree:          818680 kB
MemAvailable:    1508412 kB
Buffers:           46732 kB
Cached:           754380 kB
MemTotal:        1844596 kB
MemFree:          818680 kB
MemAvailable:    1508412 kB
Buffers:           46732 kB
Cached:           754380 kB
MemTotal:        1844596 kB
MemFree:          817756 kB
MemAvailable:    1507488 kB
Buffers:           46732 kB
Cached:           754380 kB
MemTotal:        1844596 kB
MemFree:          816456 kB
MemAvailable:    1506188 kB
Buffers:           46732 kB
Cached:           754380 kB
MemTotal:        1844596 kB
MemFree:          816944 kB
MemAvailable:    1506676 kB
Buffers:           46732 kB
Cached:           754380 kB
MemTotal:        1844596 kB
MemFree:          816944 kB
MemAvailable:    1506676 kB
Buffers:           46732 kB
Cached:           754380 kB
MemTotal:        1844596 kB
MemFree:          816780 kB
MemAvailable:    1506512 kB
Buffers:           46732 kB
Cached:           754380 kB
MemTotal:        1844596 kB
MemFree:          817036 kB
MemAvailable:    1506768 kB
Buffers:           46732 kB
Cached:           754380 kB
MemTotal:        1844596 kB
MemFree:          816516 kB
MemAvailable:    1506248 kB
Buffers:           46732 kB
Cached:           754380 kB
MemTotal:        1844596 kB
MemFree:          816036 kB
MemAvailable:    1505768 kB
Buffers:           46732 kB
Cached:           754380 kB
MemTotal:        1844596 kB
MemFree:          817056 kB
MemAvailable:    1506788 kB
Buffers:           46732 kB
Cached:           754380 kB
MemTotal:        1844596 kB
MemFree:          815720 kB
MemAvailable:    1505452 kB
Buffers:           46732 kB
Cached:           754380 kB
MemTotal:        1844596 kB
MemFree:          815596 kB
MemAvailable:    1505328 kB
Buffers:           46732 kB
Cached:           754380 kB
MemTotal:        1844596 kB
MemFree:          816828 kB
MemAvailable:    1506560 kB
Buffers:           46732 kB
Cached:           754380 kB
MemTotal:        1844596 kB
MemFree:          816524 kB
MemAvailable:    1506256 kB
Buffers:           46732 kB
Cached:           754380 kB
MemTotal:        1844596 kB
MemFree:          816776 kB
MemAvailable:    1506508 kB
Buffers:           46732 kB
Cached:           754380 kB
MemTotal:        1844596 kB
MemFree:          815284 kB
MemAvailable:    1505016 kB
Buffers:           46732 kB
Cached:           754380 kB
MemTotal:        1844596 kB
MemFree:          815452 kB
MemAvailable:    1505184 kB
Buffers:           46732 kB
Cached:           754380 kB
MemTotal:        1844596 kB
MemFree:          815092 kB
MemAvailable:    1504824 kB
Buffers:           46732 kB
Cached:           754380 kB
MemTotal:        1844596 kB
MemFree:          816444 kB
MemAvailable:    1506176 kB
Buffers:           46732 kB
Cached:           754380 kB
MemTotal:        1844596 kB
MemFree:          814728 kB
MemAvailable:    1504460 kB
Buffers:           46732 kB
Cached:           754380 kB
MemTotal:        1844596 kB
MemFree:          811316 kB
MemAvailable:    1501048 kB
Buffers:           46732 kB
Cached:           754380 kB
MemTotal:        1844596 kB
MemFree:          810140 kB
MemAvailable:    1499872 kB
Buffers:           46732 kB
Cached:           754380 kB
MemTotal:        1844596 kB
MemFree:          810820 kB
MemAvailable:    1500552 kB
Buffers:           46732 kB
Cached:           754380 kB
MemTotal:        1844596 kB
MemFree:          810988 kB
MemAvailable:    1500720 kB
Buffers:           46732 kB
Cached:           754380 kB
MemTotal:        1844596 kB
MemFree:          810876 kB
MemAvailable:    1500608 kB
Buffers:           46732 kB
Cached:           754380 kB
MemTotal:        1844596 kB
MemFree:          810876 kB
MemAvailable:    1500608 kB
Buffers:           46732 kB
Cached:           754380 kB
MemTotal:        1844596 kB
MemFree:          810836 kB
MemAvailable:    1500568 kB
Buffers:           46732 kB
Cached:           754380 kB
MemTotal:        1844596 kB
MemFree:          810808 kB
MemAvailable:    1500540 kB
Buffers:           46732 kB
Cached:           754380 kB
MemTotal:        1844596 kB
MemFree:          810568 kB
MemAvailable:    1500300 kB
Buffers:           46732 kB
Cached:           754380 kB
MemTotal:        1844596 kB
MemFree:          810824 kB
MemAvailable:    1500556 kB
Buffers:           46732 kB
Cached:           754380 kB
MemTotal:        1844596 kB
MemFree:          810304 kB
MemAvailable:    1500036 kB
Buffers:           46732 kB
Cached:           754380 kB
MemTotal:        1844596 kB
MemFree:          810556 kB
MemAvailable:    1500288 kB
Buffers:           46732 kB
Cached:           754380 kB
MemTotal:        1844596 kB
MemFree:          810560 kB
MemAvailable:    1500292 kB
Buffers:           46732 kB
Cached:           754380 kB
MemTotal:        1844596 kB
MemFree:          809512 kB
MemAvailable:    1499244 kB
Buffers:           46732 kB
Cached:           754380 kB
MemTotal:        1844596 kB
MemFree:          810688 kB
MemAvailable:    1500428 kB
Buffers:           46732 kB
Cached:           754388 kB
MemTotal:        1844596 kB
MemFree:          809520 kB
MemAvailable:    1499260 kB
Buffers:           46732 kB
Cached:           754388 kB
MemTotal:        1844596 kB
MemFree:          809148 kB
MemAvailable:    1498892 kB
Buffers:           46732 kB
Cached:           754392 kB
MemTotal:        1844596 kB
MemFree:          810000 kB
MemAvailable:    1499744 kB
Buffers:           46732 kB
Cached:           754392 kB
MemTotal:        1844596 kB
MemFree:          810000 kB
MemAvailable:    1499744 kB
Buffers:           46732 kB
Cached:           754392 kB
MemTotal:        1844596 kB
MemFree:          807660 kB
MemAvailable:    1497404 kB
Buffers:           46732 kB
Cached:           754392 kB
MemTotal:        1844596 kB
MemFree:          806288 kB
MemAvailable:    1496032 kB
Buffers:           46732 kB
Cached:           754392 kB
MemTotal:        1844596 kB
MemFree:          807272 kB
MemAvailable:    1497016 kB
Buffers:           46732 kB
Cached:           754392 kB
MemTotal:        1844596 kB
MemFree:          807356 kB
MemAvailable:    1497100 kB
Buffers:           46732 kB
Cached:           754392 kB
MemTotal:        1844596 kB
MemFree:          807136 kB
MemAvailable:    1496880 kB
Buffers:           46732 kB
Cached:           754392 kB
MemTotal:        1844596 kB
MemFree:          807040 kB
MemAvailable:    1496784 kB
Buffers:           46732 kB
Cached:           754392 kB
MemTotal:        1844596 kB
MemFree:          807228 kB
MemAvailable:    1496972 kB
Buffers:           46732 kB
Cached:           754392 kB
MemTotal:        1844596 kB
MemFree:          807480 kB
MemAvailable:    1497224 kB
Buffers:           46732 kB
Cached:           754392 kB
MemTotal:        1844596 kB
MemFree:          809132 kB
MemAvailable:    1498876 kB
Buffers:           46732 kB
Cached:           754392 kB
MemTotal:        1844596 kB
MemFree:          809024 kB
MemAvailable:    1498768 kB
Buffers:           46732 kB
Cached:           754392 kB
MemTotal:        1844596 kB
MemFree:          809084 kB
MemAvailable:    1498912 kB
Buffers:           46732 kB
Cached:           754516 kB
MemTotal:        1844596 kB
MemFree:          809092 kB
MemAvailable:    1498836 kB
Buffers:           46732 kB
Cached:           754516 kB
MemTotal:        1844596 kB
MemFree:          809192 kB
MemAvailable:    1499188 kB
Buffers:           46732 kB
Cached:           754764 kB
MemTotal:        1844596 kB
MemFree:          808808 kB
MemAvailable:    1498888 kB
Buffers:           46732 kB
Cached:           754764 kB
MemTotal:        1844596 kB
MemFree:          808864 kB
MemAvailable:    1499028 kB
Buffers:           46732 kB
Cached:           754888 kB
MemTotal:        1844596 kB
MemFree:          808700 kB
MemAvailable:    1499032 kB
Buffers:           46732 kB
Cached:           755012 kB
MemTotal:        1844596 kB
MemFree:          807500 kB
MemAvailable:    1497832 kB
Buffers:           46732 kB
Cached:           755012 kB
MemTotal:        1844596 kB
MemFree:          808712 kB
MemAvailable:    1499044 kB
Buffers:           46732 kB
Cached:           755012 kB
MemTotal:        1844596 kB
MemFree:          808388 kB
MemAvailable:    1498804 kB
Buffers:           46732 kB
Cached:           755012 kB
MemTotal:        1844596 kB
MemFree:          808640 kB
MemAvailable:    1499056 kB
Buffers:           46732 kB
Cached:           755012 kB
MemTotal:        1844596 kB
MemFree:          808516 kB
MemAvailable:    1498932 kB
Buffers:           46732 kB
Cached:           755012 kB
MemTotal:        1844596 kB
MemFree:          807228 kB
MemAvailable:    1497644 kB
Buffers:           46732 kB
Cached:           755012 kB
MemTotal:        1844596 kB
MemFree:          807784 kB
MemAvailable:    1498200 kB
Buffers:           46732 kB
Cached:           755012 kB
MemTotal:        1844596 kB
MemFree:          808252 kB
MemAvailable:    1498668 kB
Buffers:           46732 kB
Cached:           755136 kB
MemTotal:        1844596 kB
MemFree:          808588 kB
MemAvailable:    1499004 kB
Buffers:           46732 kB
Cached:           755136 kB
MemTotal:        1844596 kB
MemFree:          877780 kB
MemAvailable:    1567608 kB
Buffers:           46732 kB
Cached:           754464 kB
