MemTotal:        1844596 kB
MemFree:          827756 kB
MemAvailable:    1539356 kB
Buffers:           49268 kB
Cached:           771944 kB
MemTotal:        1844596 kB
MemFree:          826936 kB
MemAvailable:    1538536 kB
Buffers:           49268 kB
Cached:           771944 kB
MemTotal:        1844596 kB
MemFree:          824596 kB
MemAvailable:    1536196 kB
Buffers:           49268 kB
Cached:           771944 kB
MemTotal:        1844596 kB
MemFree:          825216 kB
MemAvailable:    1536816 kB
Buffers:           49268 kB
Cached:           771944 kB
MemTotal:        1844596 kB
MemFree:          824100 kB
MemAvailable:    1535700 kB
Buffers:           49268 kB
Cached:           771944 kB
MemTotal:        1844596 kB
MemFree:          822176 kB
MemAvailable:    1533776 kB
Buffers:           49268 kB
Cached:           771944 kB
MemTotal:        1844596 kB
MemFree:          821992 kB
MemAvailable:    1533592 kB
Buffers:           49268 kB
Cached:           771944 kB
MemTotal:        1844596 kB
MemFree:          819380 kB
MemAvailable:    1530980 kB
Buffers:           49268 kB
Cached:           771944 kB
MemTotal:        1844596 kB
MemFree:          820628 kB
MemAvailable:    1532228 kB
Buffers:           49268 kB
Cached:           771944 kB
MemTotal:        1844596 kB
MemFree:          815164 kB
MemAvailable:    1526764 kB
Buffers:           49268 kB
Cached:           771944 kB
MemTotal:        1844596 kB
MemFree:          811320 kB
MemAvailable:    1522920 kB
Buffers:           49268 kB
Cached:           771944 kB
MemTotal:        1844596 kB
MemFree:          813736 kB
MemAvailable:    1525336 kB
Buffers:           49268 kB
Cached:           771944 kB
MemTotal:        1844596 kB
MemFree:          813840 kB
MemAvailable:    1525440 kB
Buffers:           49268 kB
Cached:           771944 kB
MemTotal:        1844596 kB
MemFree:          813792 kB
MemAvailable:    1525392 kB
Buffers:           49268 kB
Cached:           771944 kB
MemTotal:        1844596 kB
MemFree:          813588 kB
MemAvailable:    1525188 kB
Buffers:           49268 kB
Cached:           771944 kB
MemTotal:        1844596 kB
MemFree:          813924 kB
MemAvailable:    1525524 kB
Buffers:           49268 kB
Cached:           771944 kB
MemTotal:        1844596 kB
MemFree:          813560 kB
MemAvailable:    1525160 kB
Buffers:           49268 kB
Cached:           771944 kB
MemTotal:        1844596 kB
MemFree:          812428 kB
MemAvailable:    1524028 kB
Buffers:           49268 kB
Cached:           771944 kB
MemTotal:        1844596 kB
MemFree:          812764 kB
MemAvailable:    1524364 kB
Buffers:           49268 kB
Cached:           771944 kB
MemTotal:        1844596 kB
MemFree:          811576 kB
MemAvailable:    1523176 kB
Buffers:           49268 kB
Cached:           771944 kB
MemTotal:        1844596 kB
MemFree:          811612 kB
MemAvailable:    1523212 kB
Buffers:           49268 kB
Cached:           771944 kB
MemTotal:        1844596 kB
MemFree:          810460 kB
MemAvailable:    1522060 kB
Buffers:           49268 kB
Cached:           771944 kB
MemTotal:        1844596 kB
MemFree:          810328 kB
MemAvailable:    1521928 kB
Buffers:           49268 kB
Cached:           771944 kB
MemTotal:        1844596 kB
MemFree:          811320 kB
MemAvailable:    1522920 kB
Buffers:           49268 kB
Cached:           771944 kB
MemTotal:        1844596 kB
MemFree:          810916 kB
MemAvailable:    1522516 kB
Buffers:           49268 kB
Cached:           771944 kB
MemTotal:        1844596 kB
MemFree:          811276 kB
MemAvailable:    1522876 kB
Buffers:           49268 kB
Cached:           771944 kB
MemTotal:        1844596 kB
MemFree:          811524 kB
MemAvailable:    1523124 kB
Buffers:           49268 kB
Cached:           771944 kB
MemTotal:        1844596 kB
MemFree:          810408 kB
MemAvailable:    1522008 kB
Buffers:           49268 kB
Cached:           771944 kB
MemTotal:        1844596 kB
MemFree:          812552 kB
MemAvailable:    1524152 kB
Buffers:           49268 kB
Cached:           771944 kB
MemTotal:        1844596 kB
MemFree:          812640 kB
MemAvailable:    1524240 kB
Buffers:           49268 kB
Cached:           771944 kB
MemTotal:        1844596 kB
MemFree:          812640 kB
MemAvailable:    1524240 kB
Buffers:           49268 kB
Cached:           771944 kB
MemTotal:        1844596 kB
MemFree:          812072 kB
MemAvailable:    1523672 kB
Buffers:           49268 kB
Cached:           771944 kB
MemTotal:        1844596 kB
MemFree:          809328 kB
MemAvailable:    1520928 kB
Buffers:           49268 kB
Cached:           771944 kB
MemTotal:        1844596 kB
MemFree:          809328 kB
MemAvailable:    1520928 kB
Buffers:           49268 kB
Cached:           771944 kB
MemTotal:        1844596 kB
MemFree:          808692 kB
MemAvailable:    1520292 kB
Buffers:           49268 kB
Cached:           771944 kB
MemTotal:        1844596 kB
MemFree:          808692 kB
MemAvailable:    1520292 kB
Buffers:           49268 kB
Cached:           771944 kB
MemTotal:        1844596 kB
MemFree:          808104 kB
MemAvailable:    1519704 kB
Buffers:           49268 kB
Cached:           771944 kB
MemTotal:        1844596 kB
MemFree:          807344 kB
MemAvailable:    1518944 kB
Buffers:           49268 kB
Cached:           771944 kB
MemTotal:        1844596 kB
MemFree:          807344 kB
MemAvailable:    1518944 kB
Buffers:           49268 kB
Cached:           771944 kB
MemTotal:        1844596 kB
MemFree:          806956 kB
MemAvailable:    1518556 kB
Buffers:           49268 kB
Cached:           771944 kB
MemTotal:        1844596 kB
MemFree:          807292 kB
MemAvailable:    1518892 kB
Buffers:           49268 kB
Cached:           771944 kB
MemTotal:        1844596 kB
MemFree:          807164 kB
MemAvailable:    1518764 kB
Buffers:           49268 kB
Cached:           771944 kB
MemTotal:        1844596 kB
MemFree:          807416 kB
MemAvailable:    1519016 kB
Buffers:           49268 kB
Cached:           771944 kB
MemTotal:        1844596 kB
MemFree:          807188 kB
MemAvailable:    1518788 kB
Buffers:           49268 kB
Cached:           771944 kB
MemTotal:        1844596 kB
MemFree:          807340 kB
MemAvailable:    1518940 kB
Buffers:           49268 kB
Cached:           771944 kB
MemTotal:        1844596 kB
MemFree:          806980 kB
MemAvailable:    1518584 kB
Buffers:           49268 kB
Cached:           771948 kB
MemTotal:        1844596 kB
MemFree:          807064 kB
MemAvailable:    1518668 kB
Buffers:           49268 kB
Cached:           771948 kB
MemTotal:        1844596 kB
MemFree:          806616 kB
MemAvailable:    1518224 kB
Buffers:           49268 kB
Cached:           771952 kB
MemTotal:        1844596 kB
MemFree:          806588 kB
MemAvailable:    1518196 kB
Buffers:           49268 kB
Cached:           771952 kB
MemTotal:        1844596 kB
MemFree:          804864 kB
MemAvailable:    1516472 kB
Buffers:           49268 kB
Cached:           771952 kB
MemTotal:        1844596 kB
MemFree:          804856 kB
MemAvailable:    1516464 kB
Buffers:           49268 kB
Cached:           771952 kB
MemTotal:        1844596 kB
MemFree:          804988 kB
MemAvailable:    1516596 kB
Buffers:           49268 kB
Cached:           771952 kB
MemTotal:        1844596 kB
MemFree:          805236 kB
MemAvailable:    1516844 kB
Buffers:           49268 kB
Cached:           771952 kB
MemTotal:        1844596 kB
MemFree:          806104 kB
MemAvailable:    1517712 kB
Buffers:           49268 kB
Cached:           771952 kB
MemTotal:        1844596 kB
MemFree:          806188 kB
MemAvailable:    1517796 kB
Buffers:           49268 kB
Cached:           771952 kB
MemTotal:        1844596 kB
MemFree:          806288 kB
MemAvailable:    1517896 kB
Buffers:           49268 kB
Cached:           771952 kB
MemTotal:        1844596 kB
MemFree:          806188 kB
MemAvailable:    1517796 kB
Buffers:           49268 kB
Cached:           771952 kB
MemTotal:        1844596 kB
MemFree:          804984 kB
MemAvailable:    1516592 kB
Buffers:           49268 kB
Cached:           771952 kB
MemTotal:        1844596 kB
MemFree:          806176 kB
MemAvailable:    1517784 kB
Buffers:           49268 kB
Cached:           771952 kB
MemTotal:        1844596 kB
MemFree:          806176 kB
MemAvailable:    1517784 kB
Buffers:           49268 kB
Cached:           771952 kB
MemTotal:        1844596 kB
MemFree:          804756 kB
MemAvailable:    1516364 kB
Buffers:           49268 kB
Cached:           771952 kB
MemTotal:        1844596 kB
MemFree:          805924 kB
MemAvailable:    1517532 kB
Buffers:           49268 kB
Cached:           771952 kB
MemTotal:        1844596 kB
MemFree:          804756 kB
MemAvailable:    1516364 kB
Buffers:           49268 kB
Cached:           771952 kB
MemTotal:        1844596 kB
MemFree:          805444 kB
MemAvailable:    1517052 kB
Buffers:           49268 kB
Cached:           771952 kB
MemTotal:        1844596 kB
MemFree:          804196 kB
MemAvailable:    1515804 kB
Buffers:           49268 kB
Cached:           771952 kB
MemTotal:        1844596 kB
MemFree:          804064 kB
MemAvailable:    1515672 kB
Buffers:           49268 kB
Cached:           771952 kB
MemTotal:        1844596 kB
MemFree:          805276 kB
MemAvailable:    1516884 kB
Buffers:           49268 kB
Cached:           771952 kB
MemTotal:        1844596 kB
MemFree:          805236 kB
MemAvailable:    1516844 kB
Buffers:           49268 kB
Cached:           771952 kB
MemTotal:        1844596 kB
MemFree:          804508 kB
MemAvailable:    1516116 kB
Buffers:           49268 kB
Cached:           771952 kB
MemTotal:        1844596 kB
MemFree:          805100 kB
MemAvailable:    1516708 kB
Buffers:           49268 kB
Cached:           771952 kB
MemTotal:        1844596 kB
MemFree:          805196 kB
MemAvailable:    1516804 kB
Buffers:           49268 kB
Cached:           771952 kB
MemTotal:        1844596 kB
MemFree:          804012 kB
MemAvailable:    1515620 kB
Buffers:           49268 kB
Cached:           771952 kB
MemTotal:        1844596 kB
MemFree:          805140 kB
MemAvailable:    1516748 kB
Buffers:           49268 kB
Cached:           771952 kB
MemTotal:        1844596 kB
MemFree:          805372 kB
MemAvailable:    1516980 kB
Buffers:           49268 kB
Cached:           771952 kB
MemTotal:        1844596 kB
MemFree:          804976 kB
MemAvailable:    1516584 kB
Buffers:           49268 kB
Cached:           771952 kB
MemTotal:        1844596 kB
MemFree:          805060 kB
MemAvailable:    1516668 kB
Buffers:           49268 kB
Cached:           771952 kB
MemTotal:        1844596 kB
MemFree:          802392 kB
MemAvailable:    1514000 kB
Buffers:           49268 kB
Cached:           771952 kB
MemTotal:        1844596 kB
MemFree:          802392 kB
MemAvailable:    1514000 kB
Buffers:           49268 kB
Cached:           771952 kB
MemTotal:        1844596 kB
MemFree:          797920 kB
MemAvailable:    1509528 kB
Buffers:           49268 kB
Cached:           771952 kB
MemTotal:        1844596 kB
MemFree:          797068 kB
MemAvailable:    1508676 kB
Buffers:           49268 kB
Cached:           771952 kB
MemTotal:        1844596 kB
MemFree:          796384 kB
MemAvailable:    1507992 kB
Buffers:           49268 kB
Cached:           771952 kB
MemTotal:        1844596 kB
MemFree:          797368 kB
MemAvailable:    1508976 kB
Buffers:           49268 kB
Cached:           771952 kB
MemTotal:        1844596 kB
MemFree:          797200 kB
MemAvailable:    1508808 kB
Buffers:           49268 kB
Cached:           771952 kB
MemTotal:        1844596 kB
MemFree:          797268 kB
MemAvailable:    1508876 kB
Buffers:           49268 kB
Cached:           771952 kB
MemTotal:        1844596 kB
MemFree:          796148 kB
MemAvailable:    1507756 kB
Buffers:           49268 kB
Cached:           771952 kB
MemTotal:        1844596 kB
MemFree:          797300 kB
MemAvailable:    1508908 kB
Buffers:           49268 kB
Cached:           771952 kB
MemTotal:        1844596 kB
MemFree:          796076 kB
MemAvailable:    1507684 kB
Buffers:           49268 kB
Cached:           771952 kB
MemTotal:        1844596 kB
MemFree:          797392 kB
MemAvailable:    1509000 kB
Buffers:           49268 kB
Cached:           771952 kB
MemTotal:        1844596 kB
MemFree:          797636 kB
MemAvailable:    1509244 kB
Buffers:           49268 kB
Cached:           771952 kB
MemTotal:        1844596 kB
MemFree:          797308 kB
MemAvailable:    1508916 kB
Buffers:           49268 kB
Cached:           771952 kB
MemTotal:        1844596 kB
MemFree:          797560 kB
MemAvailable:    1509168 kB
Buffers:           49268 kB
Cached:           771952 kB
MemTotal:        1844596 kB
MemFree:          795944 kB
MemAvailable:    1507552 kB
Buffers:           49268 kB
Cached:           771952 kB
MemTotal:        1844596 kB
MemFree:          797128 kB
MemAvailable:    1508736 kB
Buffers:           49268 kB
Cached:           771952 kB
MemTotal:        1844596 kB
MemFree:          797128 kB
MemAvailable:    1508736 kB
Buffers:           49268 kB
Cached:           771952 kB
MemTotal:        1844596 kB
MemFree:          797304 kB
MemAvailable:    1508912 kB
Buffers:           49268 kB
Cached:           771952 kB
MemTotal:        1844596 kB
MemFree:          796056 kB
MemAvailable:    1507664 kB
Buffers:           49268 kB
Cached:           771952 kB
MemTotal:        1844596 kB
MemFree:          796756 kB
MemAvailable:    1508364 kB
Buffers:           49268 kB
Cached:           771952 kB
MemTotal:        1844596 kB
MemFree:          796504 kB
MemAvailable:    1508112 kB
Buffers:           49268 kB
Cached:           771952 kB
MemTotal:        1844596 kB
MemFree:          795688 kB
MemAvailable:    1507296 kB
Buffers:           49268 kB
Cached:           771952 kB
MemTotal:        1844596 kB
MemFree:          796024 kB
MemAvailable:    1507632 kB
Buffers:           49268 kB
Cached:           771952 kB
MemTotal:        1844596 kB
MemFree:          794332 kB
MemAvailable:    1505940 kB
Buffers:           49268 kB
Cached:           771952 kB
MemTotal:        1844596 kB
MemFree:          794588 kB
MemAvailable:    1506196 kB
Buffers:           49268 kB
Cached:           771952 kB
MemTotal:        1844596 kB
MemFree:          794524 kB
MemAvailable:    1506132 kB
Buffers:           49268 kB
Cached:           771952 kB
MemTotal:        1844596 kB
MemFree:          794284 kB
MemAvailable:    1505892 kB
Buffers:           49268 kB
Cached:           771952 kB
MemTotal:        1844596 kB
MemFree:          794456 kB
MemAvailable:    1506064 kB
Buffers:           49268 kB
Cached:           771952 kB
MemTotal:        1844596 kB
MemFree:          793704 kB
MemAvailable:    1505312 kB
Buffers:           49268 kB
Cached:           771952 kB
MemTotal:        1844596 kB
MemFree:          793704 kB
MemAvailable:    1505312 kB
Buffers:           49268 kB
Cached:           771952 kB
MemTotal:        1844596 kB
MemFree:          792292 kB
MemAvailable:    1503900 kB
Buffers:           49268 kB
Cached:           771952 kB
MemTotal:        1844596 kB
MemFree:          793664 kB
MemAvailable:    1505272 kB
Buffers:           49268 kB
Cached:           771952 kB
MemTotal:        1844596 kB
MemFree:          793664 kB
MemAvailable:    1505272 kB
Buffers:           49268 kB
Cached:           771952 kB
MemTotal:        1844596 kB
MemFree:          793656 kB
MemAvailable:    1505264 kB
Buffers:           49268 kB
Cached:           771952 kB
MemTotal:        1844596 kB
MemFree:          793912 kB
MemAvailable:    1505520 kB
Buffers:           49268 kB
Cached:           771952 kB
MemTotal:        1844596 kB
MemFree:          793584 kB
MemAvailable:    1505192 kB
Buffers:           49268 kB
Cached:           771952 kB
MemTotal:        1844596 kB
MemFree:          793460 kB
MemAvailable:    1505068 kB
Buffers:           49268 kB
Cached:           771952 kB
MemTotal:        1844596 kB
MemFree:          792480 kB
MemAvailable:    1504088 kB
Buffers:           49268 kB
Cached:           771952 kB
MemTotal:        1844596 kB
MemFree:          793420 kB
MemAvailable:    1505028 kB
Buffers:           49268 kB
Cached:           771952 kB
MemTotal:        1844596 kB
MemFree:          792960 kB
MemAvailable:    1504568 kB
Buffers:           49268 kB
Cached:           771952 kB
MemTotal:        1844596 kB
MemFree:          793044 kB
MemAvailable:    1504652 kB
Buffers:           49268 kB
Cached:           771952 kB
MemTotal:        1844596 kB
MemFree:          792732 kB
MemAvailable:    1504340 kB
Buffers:           49268 kB
Cached:           771952 kB
MemTotal:        1844596 kB
MemFree:          791860 kB
MemAvailable:    1503468 kB
Buffers:           49268 kB
Cached:           771952 kB
MemTotal:        1844596 kB
MemFree:          788132 kB
MemAvailable:    1499740 kB
Buffers:           49268 kB
Cached:           771952 kB
MemTotal:        1844596 kB
MemFree:          788132 kB
MemAvailable:    1499740 kB
Buffers:           49268 kB
Cached:           771952 kB
MemTotal:        1844596 kB
MemFree:          788084 kB
MemAvailable:    1499692 kB
Buffers:           49268 kB
Cached:           771952 kB
MemTotal:        1844596 kB
MemFree:          787896 kB
MemAvailable:    1499504 kB
Buffers:           49268 kB
Cached:           771952 kB
MemTotal:        1844596 kB
MemFree:          786900 kB
MemAvailable:    1498508 kB
Buffers:           49268 kB
Cached:           771952 kB
MemTotal:        1844596 kB
MemFree:          786340 kB
MemAvailable:    1497956 kB
Buffers:           49268 kB
Cached:           771960 kB
MemTotal:        1844596 kB
MemFree:          787712 kB
MemAvailable:    1499328 kB
Buffers:           49268 kB
Cached:           771960 kB
MemTotal:        1844596 kB
MemFree:          787772 kB
MemAvailable:    1499388 kB
Buffers:           49268 kB
Cached:           771960 kB
MemTotal:        1844596 kB
MemFree:          787504 kB
MemAvailable:    1499124 kB
Buffers:           49268 kB
Cached:           771964 kB
MemTotal:        1844596 kB
MemFree:          787504 kB
MemAvailable:    1499124 kB
Buffers:           49268 kB
Cached:           771964 kB
MemTotal:        1844596 kB
MemFree:          787376 kB
MemAvailable:    1498996 kB
Buffers:           49268 kB
Cached:           771964 kB
MemTotal:        1844596 kB
MemFree:          787500 kB
MemAvailable:    1499120 kB
Buffers:           49268 kB
Cached:           771964 kB
MemTotal:        1844596 kB
MemFree:          786404 kB
MemAvailable:    1498024 kB
Buffers:           49268 kB
Cached:           771964 kB
MemTotal:        1844596 kB
MemFree:          785528 kB
MemAvailable:    1497148 kB
Buffers:           49268 kB
Cached:           771964 kB
MemTotal:        1844596 kB
MemFree:          785040 kB
MemAvailable:    1496660 kB
Buffers:           49268 kB
Cached:           771964 kB
MemTotal:        1844596 kB
MemFree:          783916 kB
MemAvailable:    1495536 kB
Buffers:           49268 kB
Cached:           771964 kB
MemTotal:        1844596 kB
MemFree:          784108 kB
MemAvailable:    1495728 kB
Buffers:           49268 kB
Cached:           771964 kB
MemTotal:        1844596 kB
MemFree:          784220 kB
MemAvailable:    1495840 kB
Buffers:           49268 kB
Cached:           771964 kB
MemTotal:        1844596 kB
MemFree:          784388 kB
MemAvailable:    1496008 kB
Buffers:           49268 kB
Cached:           771964 kB
MemTotal:        1844596 kB
MemFree:          784336 kB
MemAvailable:    1495956 kB
Buffers:           49268 kB
Cached:           771964 kB
MemTotal:        1844596 kB
MemFree:          783036 kB
MemAvailable:    1494656 kB
Buffers:           49268 kB
Cached:           771964 kB
MemTotal:        1844596 kB
MemFree:          786196 kB
MemAvailable:    1497816 kB
Buffers:           49268 kB
Cached:           771964 kB
MemTotal:        1844596 kB
MemFree:          786280 kB
MemAvailable:    1497900 kB
Buffers:           49268 kB
Cached:           771964 kB
MemTotal:        1844596 kB
MemFree:          786088 kB
MemAvailable:    1497708 kB
Buffers:           49272 kB
Cached:           772084 kB
MemTotal:        1844596 kB
MemFree:          785860 kB
MemAvailable:    1497648 kB
Buffers:           49272 kB
Cached:           772208 kB
MemTotal:        1844596 kB
MemFree:          784760 kB
MemAvailable:    1496548 kB
Buffers:           49272 kB
Cached:           772208 kB
MemTotal:        1844596 kB
MemFree:          785900 kB
MemAvailable:    1497940 kB
Buffers:           49272 kB
Cached:           772332 kB
MemTotal:        1844596 kB
MemFree:          785900 kB
MemAvailable:    1497940 kB
Buffers:           49272 kB
Cached:           772332 kB
MemTotal:        1844596 kB
MemFree:          785512 kB
MemAvailable:    1497720 kB
Buffers:           49272 kB
Cached:           772456 kB
MemTotal:        1844596 kB
MemFree:          785596 kB
MemAvailable:    1497804 kB
Buffers:           49272 kB
Cached:           772456 kB
MemTotal:        1844596 kB
MemFree:          785460 kB
MemAvailable:    1497668 kB
Buffers:           49272 kB
Cached:           772580 kB
MemTotal:        1844596 kB
MemFree:          784652 kB
MemAvailable:    1496860 kB
Buffers:           49272 kB
Cached:           772580 kB
MemTotal:        1844596 kB
MemFree:          784352 kB
MemAvailable:    1496560 kB
Buffers:           49272 kB
Cached:           772580 kB
MemTotal:        1844596 kB
MemFree:          785564 kB
MemAvailable:    1497772 kB
Buffers:           49272 kB
Cached:           772580 kB
MemTotal:        1844596 kB
MemFree:          785536 kB
MemAvailable:    1497744 kB
Buffers:           49272 kB
Cached:           772580 kB
MemTotal:        1844596 kB
MemFree:          784248 kB
MemAvailable:    1496456 kB
Buffers:           49272 kB
Cached:           772580 kB
MemTotal:        1844596 kB
MemFree:          784372 kB
MemAvailable:    1496580 kB
Buffers:           49272 kB
Cached:           772580 kB
MemTotal:        1844596 kB
MemFree:          785548 kB
MemAvailable:    1497840 kB
Buffers:           49272 kB
Cached:           772580 kB
MemTotal:        1844596 kB
MemFree:          785612 kB
MemAvailable:    1497988 kB
Buffers:           49272 kB
Cached:           772704 kB
MemTotal:        1844596 kB
MemFree:          785860 kB
MemAvailable:    1497564 kB
Buffers:           49272 kB
Cached:           771948 kB
MemTotal:        1844596 kB
MemFree:          852564 kB
MemAvailable:    1564268 kB
Buffers:           49272 kB
Cached:           771948 kB
