MemTotal:        1844596 kB
MemFree:          688164 kB
MemAvailable:    1530548 kB
Buffers:           62660 kB
Cached:           878620 kB
MemTotal:        1844596 kB
MemFree:          688164 kB
MemAvailable:    1530548 kB
Buffers:           62660 kB
Cached:           878620 kB
MemTotal:        1844596 kB
MemFree:          685312 kB
MemAvailable:    1527696 kB
Buffers:           62660 kB
Cached:           878620 kB
MemTotal:        1844596 kB
MemFree:          684072 kB
MemAvailable:    1526456 kB
Buffers:           62660 kB
Cached:           878620 kB
MemTotal:        1844596 kB
MemFree:          683204 kB
MemAvailable:    1525588 kB
Buffers:           62660 kB
Cached:           878620 kB
MemTotal:        1844596 kB
MemFree:          681700 kB
MemAvailable:    1524084 kB
Buffers:           62660 kB
Cached:           878620 kB
MemTotal:        1844596 kB
MemFree:          681964 kB
MemAvailable:    1524348 kB
Buffers:           62660 kB
Cached:           878620 kB
MemTotal:        1844596 kB
MemFree:          680660 kB
MemAvailable:    1523044 kB
Buffers:           62660 kB
Cached:           878620 kB
MemTotal:        1844596 kB
MemFree:          678740 kB
MemAvailable:    1521124 kB
Buffers:           62660 kB
Cached:           878620 kB
MemTotal:        1844596 kB
MemFree:          675872 kB
MemAvailable:    1518256 kB
Buffers:           62660 kB
Cached:           878620 kB
MemTotal:        1844596 kB
MemFree:          675392 kB
MemAvailable:    1517776 kB
Buffers:           62660 kB
Cached:           878620 kB
MemTotal:        1844596 kB
MemFree:          671176 kB
MemAvailable:    1513560 kB
Buffers:           62660 kB
Cached:           878620 kB
MemTotal:        1844596 kB
MemFree:          670548 kB
MemAvailable:    1512932 kB
Buffers:           62660 kB
Cached:           878620 kB
MemTotal:        1844596 kB
MemFree:          670680 kB
MemAvailable:    1513064 kB
Buffers:           62660 kB
Cached:           878620 kB
MemTotal:        1844596 kB
MemFree:          670672 kB
MemAvailable:    1513056 kB
Buffers:           62660 kB
Cached:           878620 kB
MemTotal:        1844596 kB
MemFree:          670640 kB
MemAvailable:    1513024 kB
Buffers:           62660 kB
Cached:           878620 kB
MemTotal:        1844596 kB
MemFree:          670632 kB
MemAvailable:    1513016 kB
Buffers:           62660 kB
Cached:           878620 kB
MemTotal:        1844596 kB
MemFree:          671260 kB
MemAvailable:    1513644 kB
Buffers:           62660 kB
Cached:           878620 kB
MemTotal:        1844596 kB
MemFree:          669440 kB
MemAvailable:    1511824 kB
Buffers:           62660 kB
Cached:           878620 kB
MemTotal:        1844596 kB
MemFree:          669068 kB
MemAvailable:    1511452 kB
Buffers:           62660 kB
Cached:           878620 kB
MemTotal:        1844596 kB
MemFree:          668316 kB
MemAvailable:    1510700 kB
Buffers:           62660 kB
Cached:           878620 kB
MemTotal:        1844596 kB
MemFree:          668316 kB
MemAvailable:    1510700 kB
Buffers:           62660 kB
Cached:           878620 kB
MemTotal:        1844596 kB
MemFree:          668316 kB
MemAvailable:    1510700 kB
Buffers:           62660 kB
Cached:           878620 kB
MemTotal:        1844596 kB
MemFree:          668316 kB
MemAvailable:    1510700 kB
Buffers:           62660 kB
Cached:           878620 kB
MemTotal:        1844596 kB
MemFree:          668316 kB
MemAvailable:    1510700 kB
Buffers:           62660 kB
Cached:           878620 kB
MemTotal:        1844596 kB
MemFree:          668448 kB
MemAvailable:    1510832 kB
Buffers:           62660 kB
Cached:           878620 kB
MemTotal:        1844596 kB
MemFree:          668192 kB
MemAvailable:    1510576 kB
Buffers:           62660 kB
Cached:           878620 kB
MemTotal:        1844596 kB
MemFree:          669484 kB
MemAvailable:    1511868 kB
Buffers:           62660 kB
Cached:           878620 kB
MemTotal:        1844596 kB
MemFree:          669484 kB
MemAvailable:    1511868 kB
Buffers:           62660 kB
Cached:           878620 kB
MemTotal:        1844596 kB
MemFree:          669192 kB
MemAvailable:    1511576 kB
Buffers:           62660 kB
Cached:           878620 kB
MemTotal:        1844596 kB
MemFree:          667084 kB
MemAvailable:    1509468 kB
Buffers:           62660 kB
Cached:           878620 kB
MemTotal:        1844596 kB
MemFree:          667324 kB
MemAvailable:    1509708 kB
Buffers:           62660 kB
Cached:           878620 kB
MemTotal:        1844596 kB
MemFree:          665596 kB
MemAvailable:    1507980 kB
Buffers:           62660 kB
Cached:           878620 kB
MemTotal:        1844596 kB
MemFree:          665348 kB
MemAvailable:    1507732 kB
Buffers:           62660 kB
Cached:           878620 kB
MemTotal:        1844596 kB
MemFree:          664720 kB
MemAvailable:    1507112 kB
Buffers:           62660 kB
Cached:           878628 kB
MemTotal:        1844596 kB
MemFree:          664356 kB
MemAvailable:    1506748 kB
Buffers:           62660 kB
Cached:           878628 kB
MemTotal:        1844596 kB
MemFree:          664348 kB
MemAvailable:    1506740 kB
Buffers:           62660 kB
Cached:           878628 kB
MemTotal:        1844596 kB
MemFree:          665268 kB
MemAvailable:    1507660 kB
Buffers:           62660 kB
Cached:           878628 kB
MemTotal:        1844596 kB
MemFree:          663812 kB
MemAvailable:    1506204 kB
Buffers:           62660 kB
Cached:           878628 kB
MemTotal:        1844596 kB
MemFree:          663936 kB
MemAvailable:    1506328 kB
Buffers:           62660 kB
Cached:           878628 kB
MemTotal:        1844596 kB
MemFree:          663936 kB
MemAvailable:    1506328 kB
Buffers:           62660 kB
Cached:           878628 kB
MemTotal:        1844596 kB
MemFree:          663860 kB
MemAvailable:    1506252 kB
Buffers:           62660 kB
Cached:           878628 kB
MemTotal:        1844596 kB
MemFree:          664664 kB
MemAvailable:    1507056 kB
Buffers:           62660 kB
Cached:           878628 kB
MemTotal:        1844596 kB
MemFree:          664416 kB
MemAvailable:    1506808 kB
Buffers:           62660 kB
Cached:           878628 kB
MemTotal:        1844596 kB
MemFree:          663064 kB
MemAvailable:    1505456 kB
Buffers:           62660 kB
Cached:           878628 kB
MemTotal:        1844596 kB
MemFree:          663056 kB
MemAvailable:    1505448 kB
Buffers:           62660 kB
Cached:           878628 kB
MemTotal:        1844596 kB
MemFree:          662924 kB
MemAvailable:    1505316 kB
Buffers:           62660 kB
Cached:           878628 kB
MemTotal:        1844596 kB
MemFree:          664284 kB
MemAvailable:    1506676 kB
Buffers:           62660 kB
Cached:           878628 kB
MemTotal:        1844596 kB
MemFree:          664316 kB
MemAvailable:    1506708 kB
Buffers:           62660 kB
Cached:           878628 kB
MemTotal:        1844596 kB
MemFree:          662940 kB
MemAvailable:    1505332 kB
Buffers:           62660 kB
Cached:           878628 kB
MemTotal:        1844596 kB
MemFree:          664224 kB
MemAvailable:    1506616 kB
Buffers:           62660 kB
Cached:           878628 kB
MemTotal:        1844596 kB
MemFree:          662868 kB
MemAvailable:    1505260 kB
Buffers:           62660 kB
Cached:           878628 kB
MemTotal:        1844596 kB
MemFree:          664232 kB
MemAvailable:    1506624 kB
Buffers:           62660 kB
Cached:           878628 kB
MemTotal:        1844596 kB
MemFree:          662868 kB
MemAvailable:    1505260 kB
Buffers:           62660 kB
Cached:           878628 kB
MemTotal:        1844596 kB
MemFree:          664052 kB
MemAvailable:    1506444 kB
Buffers:           62660 kB
Cached:           878628 kB
MemTotal:        1844596 kB
MemFree:          662992 kB
MemAvailable:    1505384 kB
Buffers:           62660 kB
Cached:           878628 kB
MemTotal:        1844596 kB
MemFree:          664036 kB
MemAvailable:    1506428 kB
Buffers:           62660 kB
Cached:           878628 kB
MemTotal:        1844596 kB
MemFree:          662348 kB
MemAvailable:    1504740 kB
Buffers:           62660 kB
Cached:           878628 kB
MemTotal:        1844596 kB
MemFree:          662596 kB
MemAvailable:    1504988 kB
Buffers:           62660 kB
Cached:           878628 kB
MemTotal:        1844596 kB
MemFree:          662860 kB
MemAvailable:    1505252 kB
Buffers:           62660 kB
Cached:           878628 kB
MemTotal:        1844596 kB
MemFree:          662248 kB
MemAvailable:    1504640 kB
Buffers:           62660 kB
Cached:           878628 kB
MemTotal:        1844596 kB
MemFree:          662488 kB
MemAvailable:    1504880 kB
Buffers:           62660 kB
Cached:           878628 kB
MemTotal:        1844596 kB
MemFree:          662116 kB
MemAvailable:    1504508 kB
Buffers:           62660 kB
Cached:           878628 kB
MemTotal:        1844596 kB
MemFree:          662068 kB
MemAvailable:    1504460 kB
Buffers:           62660 kB
Cached:           878628 kB
MemTotal:        1844596 kB
MemFree:          661980 kB
MemAvailable:    1504372 kB
Buffers:           62660 kB
Cached:           878628 kB
MemTotal:        1844596 kB
MemFree:          662096 kB
MemAvailable:    1504488 kB
Buffers:           62660 kB
Cached:           878628 kB
MemTotal:        1844596 kB
MemFree:          661932 kB
MemAvailable:    1504324 kB
Buffers:           62660 kB
Cached:           878628 kB
MemTotal:        1844596 kB
MemFree:          661924 kB
MemAvailable:    1504316 kB
Buffers:           62660 kB
Cached:           878628 kB
MemTotal:        1844596 kB
MemFree:          660760 kB
MemAvailable:    1503152 kB
Buffers:           62660 kB
Cached:           878628 kB
MemTotal:        1844596 kB
MemFree:          659644 kB
MemAvailable:    1502036 kB
Buffers:           62660 kB
Cached:           878628 kB
MemTotal:        1844596 kB
MemFree:          656916 kB
MemAvailable:    1499308 kB
Buffers:           62660 kB
Cached:           878628 kB
MemTotal:        1844596 kB
MemFree:          654932 kB
MemAvailable:    1497324 kB
Buffers:           62660 kB
Cached:           878628 kB
MemTotal:        1844596 kB
MemFree:          654304 kB
MemAvailable:    1496696 kB
Buffers:           62660 kB
Cached:           878628 kB
MemTotal:        1844596 kB
MemFree:          654140 kB
MemAvailable:    1496532 kB
Buffers:           62660 kB
Cached:           878628 kB
MemTotal:        1844596 kB
MemFree:          655436 kB
MemAvailable:    1497828 kB
Buffers:           62660 kB
Cached:           878628 kB
MemTotal:        1844596 kB
MemFree:          654168 kB
MemAvailable:    1496560 kB
Buffers:           62660 kB
Cached:           878628 kB
MemTotal:        1844596 kB
MemFree:          654160 kB
MemAvailable:    1496552 kB
Buffers:           62660 kB
Cached:           878628 kB
MemTotal:        1844596 kB
MemFree:          655444 kB
MemAvailable:    1497836 kB
Buffers:           62660 kB
Cached:           878628 kB
MemTotal:        1844596 kB
MemFree:          654024 kB
MemAvailable:    1496416 kB
Buffers:           62660 kB
Cached:           878628 kB
MemTotal:        1844596 kB
MemFree:          655452 kB
MemAvailable:    1497844 kB
Buffers:           62660 kB
Cached:           878628 kB
MemTotal:        1844596 kB
MemFree:          655512 kB
MemAvailable:    1497904 kB
Buffers:           62660 kB
Cached:           878628 kB
MemTotal:        1844596 kB
MemFree:          654056 kB
MemAvailable:    1496448 kB
Buffers:           62660 kB
Cached:           878628 kB
MemTotal:        1844596 kB
MemFree:          655208 kB
MemAvailable:    1497600 kB
Buffers:           62660 kB
Cached:           878628 kB
MemTotal:        1844596 kB
MemFree:          654264 kB
MemAvailable:    1496656 kB
Buffers:           62660 kB
Cached:           878628 kB
MemTotal:        1844596 kB
MemFree:          655304 kB
MemAvailable:    1497696 kB
Buffers:           62660 kB
Cached:           878628 kB
MemTotal:        1844596 kB
MemFree:          655348 kB
MemAvailable:    1497740 kB
Buffers:           62660 kB
Cached:           878628 kB
MemTotal:        1844596 kB
MemFree:          653808 kB
MemAvailable:    1496200 kB
Buffers:           62660 kB
Cached:           878628 kB
MemTotal:        1844596 kB
MemFree:          654056 kB
MemAvailable:    1496448 kB
Buffers:           62660 kB
Cached:           878628 kB
MemTotal:        1844596 kB
MemFree:          653320 kB
MemAvailable:    1495720 kB
Buffers:           62660 kB
Cached:           878636 kB
MemTotal:        1844596 kB
MemFree:          652940 kB
MemAvailable:    1495340 kB
Buffers:           62660 kB
Cached:           878636 kB
MemTotal:        1844596 kB
MemFree:          652692 kB
MemAvailable:    1495092 kB
Buffers:           62660 kB
Cached:           878636 kB
MemTotal:        1844596 kB
MemFree:          653908 kB
MemAvailable:    1496308 kB
Buffers:           62660 kB
Cached:           878636 kB
MemTotal:        1844596 kB
MemFree:          653480 kB
MemAvailable:    1495880 kB
Buffers:           62660 kB
Cached:           878636 kB
MemTotal:        1844596 kB
MemFree:          651864 kB
MemAvailable:    1494264 kB
Buffers:           62660 kB
Cached:           878636 kB
MemTotal:        1844596 kB
MemFree:          651236 kB
MemAvailable:    1493636 kB
Buffers:           62660 kB
Cached:           878636 kB
MemTotal:        1844596 kB
MemFree:          652596 kB
MemAvailable:    1494996 kB
Buffers:           62660 kB
Cached:           878636 kB
MemTotal:        1844596 kB
MemFree:          652360 kB
MemAvailable:    1494760 kB
Buffers:           62660 kB
Cached:           878636 kB
MemTotal:        1844596 kB
MemFree:          650740 kB
MemAvailable:    1493140 kB
Buffers:           62660 kB
Cached:           878636 kB
MemTotal:        1844596 kB
MemFree:          650700 kB
MemAvailable:    1493100 kB
Buffers:           62660 kB
Cached:           878636 kB
MemTotal:        1844596 kB
MemFree:          651620 kB
MemAvailable:    1494020 kB
Buffers:           62660 kB
Cached:           878636 kB
MemTotal:        1844596 kB
MemFree:          651588 kB
MemAvailable:    1493988 kB
Buffers:           62660 kB
Cached:           878636 kB
MemTotal:        1844596 kB
MemFree:          651528 kB
MemAvailable:    1493928 kB
Buffers:           62660 kB
Cached:           878636 kB
MemTotal:        1844596 kB
MemFree:          650168 kB
MemAvailable:    1492568 kB
Buffers:           62660 kB
Cached:           878636 kB
MemTotal:        1844596 kB
MemFree:          650336 kB
MemAvailable:    1492736 kB
Buffers:           62660 kB
Cached:           878636 kB
MemTotal:        1844596 kB
MemFree:          651312 kB
MemAvailable:    1493712 kB
Buffers:           62660 kB
Cached:           878636 kB
MemTotal:        1844596 kB
MemFree:          651368 kB
MemAvailable:    1493768 kB
Buffers:           62660 kB
Cached:           878636 kB
MemTotal:        1844596 kB
MemFree:          650356 kB
MemAvailable:    1492756 kB
Buffers:           62660 kB
Cached:           878636 kB
MemTotal:        1844596 kB
MemFree:          649880 kB
MemAvailable:    1492280 kB
Buffers:           62660 kB
Cached:           878636 kB
MemTotal:        1844596 kB
MemFree:          651120 kB
MemAvailable:    1493520 kB
Buffers:           62660 kB
Cached:           878636 kB
MemTotal:        1844596 kB
MemFree:          649632 kB
MemAvailable:    1492032 kB
Buffers:           62660 kB
Cached:           878636 kB
MemTotal:        1844596 kB
MemFree:          646220 kB
MemAvailable:    1488620 kB
Buffers:           62660 kB
Cached:           878636 kB
MemTotal:        1844596 kB
MemFree:          646044 kB
MemAvailable:    1488444 kB
Buffers:           62660 kB
Cached:           878636 kB
MemTotal:        1844596 kB
MemFree:          646012 kB
MemAvailable:    1488412 kB
Buffers:           62660 kB
Cached:           878636 kB
MemTotal:        1844596 kB
MemFree:          645724 kB
MemAvailable:    1488124 kB
Buffers:           62660 kB
Cached:           878636 kB
MemTotal:        1844596 kB
MemFree:          644344 kB
MemAvailable:    1486744 kB
Buffers:           62660 kB
Cached:           878636 kB
MemTotal:        1844596 kB
MemFree:          645652 kB
MemAvailable:    1488052 kB
Buffers:           62660 kB
Cached:           878636 kB
MemTotal:        1844596 kB
MemFree:          645688 kB
MemAvailable:    1488088 kB
Buffers:           62660 kB
Cached:           878636 kB
MemTotal:        1844596 kB
MemFree:          645740 kB
MemAvailable:    1488140 kB
Buffers:           62660 kB
Cached:           878636 kB
MemTotal:        1844596 kB
MemFree:          644120 kB
MemAvailable:    1486520 kB
Buffers:           62660 kB
Cached:           878636 kB
MemTotal:        1844596 kB
MemFree:          644244 kB
MemAvailable:    1486644 kB
Buffers:           62660 kB
Cached:           878636 kB
MemTotal:        1844596 kB
MemFree:          643432 kB
MemAvailable:    1485832 kB
Buffers:           62660 kB
Cached:           878636 kB
MemTotal:        1844596 kB
MemFree:          642688 kB
MemAvailable:    1485088 kB
Buffers:           62660 kB
Cached:           878636 kB
MemTotal:        1844596 kB
MemFree:          641316 kB
MemAvailable:    1483716 kB
Buffers:           62660 kB
Cached:           878636 kB
MemTotal:        1844596 kB
MemFree:          642556 kB
MemAvailable:    1484956 kB
Buffers:           62660 kB
Cached:           878636 kB
MemTotal:        1844596 kB
MemFree:          641060 kB
MemAvailable:    1483460 kB
Buffers:           62660 kB
Cached:           878636 kB
MemTotal:        1844596 kB
MemFree:          641052 kB
MemAvailable:    1483452 kB
Buffers:           62660 kB
Cached:           878636 kB
MemTotal:        1844596 kB
MemFree:          642436 kB
MemAvailable:    1484836 kB
Buffers:           62660 kB
Cached:           878636 kB
MemTotal:        1844596 kB
MemFree:          642416 kB
MemAvailable:    1484816 kB
Buffers:           62660 kB
Cached:           878636 kB
MemTotal:        1844596 kB
MemFree:          643104 kB
MemAvailable:    1485504 kB
Buffers:           62660 kB
Cached:           878636 kB
MemTotal:        1844596 kB
MemFree:          644252 kB
MemAvailable:    1486652 kB
Buffers:           62660 kB
Cached:           878636 kB
MemTotal:        1844596 kB
MemFree:          642740 kB
MemAvailable:    1485308 kB
Buffers:           62660 kB
Cached:           878760 kB
MemTotal:        1844596 kB
MemFree:          643004 kB
MemAvailable:    1485656 kB
Buffers:           62660 kB
Cached:           879008 kB
MemTotal:        1844596 kB
MemFree:          644304 kB
MemAvailable:    1487124 kB
Buffers:           62660 kB
Cached:           879132 kB
MemTotal:        1844596 kB
MemFree:          643792 kB
MemAvailable:    1486696 kB
Buffers:           62660 kB
Cached:           879132 kB
MemTotal:        1844596 kB
MemFree:          643928 kB
MemAvailable:    1486832 kB
Buffers:           62660 kB
Cached:           879132 kB
MemTotal:        1844596 kB
MemFree:          643764 kB
MemAvailable:    1486752 kB
Buffers:           62660 kB
Cached:           879256 kB
MemTotal:        1844596 kB
MemFree:          642268 kB
MemAvailable:    1485256 kB
Buffers:           62660 kB
Cached:           879256 kB
MemTotal:        1844596 kB
MemFree:          643800 kB
MemAvailable:    1486872 kB
Buffers:           62660 kB
Cached:           879256 kB
MemTotal:        1844596 kB
MemFree:          642260 kB
MemAvailable:    1485332 kB
Buffers:           62660 kB
Cached:           879256 kB
MemTotal:        1844596 kB
MemFree:          642260 kB
MemAvailable:    1485332 kB
Buffers:           62660 kB
Cached:           879256 kB
MemTotal:        1844596 kB
MemFree:          642252 kB
MemAvailable:    1485324 kB
Buffers:           62660 kB
Cached:           879256 kB
MemTotal:        1844596 kB
MemFree:          643584 kB
MemAvailable:    1486740 kB
Buffers:           62660 kB
Cached:           879380 kB
MemTotal:        1844596 kB
MemFree:          644476 kB
MemAvailable:    1486960 kB
Buffers:           62660 kB
Cached:           878708 kB
MemTotal:        1844596 kB
MemFree:          683004 kB
MemAvailable:    1525488 kB
Buffers:           62660 kB
Cached:           878708 kB
MemTotal:        1844596 kB
MemFree:          711328 kB
MemAvailable:    1553812 kB
Buffers:           62660 kB
Cached:           878708 kB
