MemTotal:        1844596 kB
MemFree:          655236 kB
MemAvailable:    1526484 kB
Buffers:           65428 kB
Cached:           902296 kB
MemTotal:        1844596 kB
MemFree:          653516 kB
MemAvailable:    1524764 kB
Buffers:           65428 kB
Cached:           902296 kB
MemTotal:        1844596 kB
MemFree:          652888 kB
MemAvailable:    1524136 kB
Buffers:           65428 kB
Cached:           902296 kB
MemTotal:        1844596 kB
MemFree:          651236 kB
MemAvailable:    1522484 kB
Buffers:           65428 kB
Cached:           902296 kB
MemTotal:        1844596 kB
MemFree:          649920 kB
MemAvailable:    1521168 kB
Buffers:           65428 kB
Cached:           902296 kB
MemTotal:        1844596 kB
MemFree:          650044 kB
MemAvailable:    1521292 kB
Buffers:           65428 kB
Cached:           902296 kB
MemTotal:        1844596 kB
MemFree:          648432 kB
MemAvailable:    1519680 kB
Buffers:           65428 kB
Cached:           902296 kB
MemTotal:        1844596 kB
MemFree:          646076 kB
MemAvailable:    1517324 kB
Buffers:           65428 kB
Cached:           902296 kB
MemTotal:        1844596 kB
MemFree:          644796 kB
MemAvailable:    1516044 kB
Buffers:           65428 kB
Cached:           902296 kB
MemTotal:        1844596 kB
MemFree:          640060 kB
MemAvailable:    1511308 kB
Buffers:           65428 kB
Cached:           902296 kB
MemTotal:        1844596 kB
MemFree:          639928 kB
MemAvailable:    1511176 kB
Buffers:           65428 kB
Cached:           902296 kB
MemTotal:        1844596 kB
MemFree:          640052 kB
MemAvailable:    1511300 kB
Buffers:           65428 kB
Cached:           902296 kB
MemTotal:        1844596 kB
MemFree:          641240 kB
MemAvailable:    1512488 kB
Buffers:           65428 kB
Cached:           902296 kB
MemTotal:        1844596 kB
MemFree:          641224 kB
MemAvailable:    1512472 kB
Buffers:           65428 kB
Cached:           902296 kB
MemTotal:        1844596 kB
MemFree:          640868 kB
MemAvailable:    1512116 kB
Buffers:           65428 kB
Cached:           902296 kB
MemTotal:        1844596 kB
MemFree:          641144 kB
MemAvailable:    1512392 kB
Buffers:           65428 kB
Cached:           902296 kB
MemTotal:        1844596 kB
MemFree:          639936 kB
MemAvailable:    1511184 kB
Buffers:           65428 kB
Cached:           902296 kB
MemTotal:        1844596 kB
MemFree:          639256 kB
MemAvailable:    1510504 kB
Buffers:           65428 kB
Cached:           902296 kB
MemTotal:        1844596 kB
MemFree:          638744 kB
MemAvailable:    1509992 kB
Buffers:           65428 kB
Cached:           902296 kB
MemTotal:        1844596 kB
MemFree:          638996 kB
MemAvailable:    1510244 kB
Buffers:           65428 kB
Cached:           902296 kB
MemTotal:        1844596 kB
MemFree:          637500 kB
MemAvailable:    1508748 kB
Buffers:           65428 kB
Cached:           902296 kB
MemTotal:        1844596 kB
MemFree:          637508 kB
MemAvailable:    1508756 kB
Buffers:           65428 kB
Cached:           902296 kB
MemTotal:        1844596 kB
MemFree:          638832 kB
MemAvailable:    1510080 kB
Buffers:           65428 kB
Cached:           902296 kB
MemTotal:        1844596 kB
MemFree:          638944 kB
MemAvailable:    1510192 kB
Buffers:           65428 kB
Cached:           902296 kB
MemTotal:        1844596 kB
MemFree:          637484 kB
MemAvailable:    1508732 kB
Buffers:           65428 kB
Cached:           902296 kB
MemTotal:        1844596 kB
MemFree:          637616 kB
MemAvailable:    1508864 kB
Buffers:           65428 kB
Cached:           902296 kB
MemTotal:        1844596 kB
MemFree:          638968 kB
MemAvailable:    1510216 kB
Buffers:           65428 kB
Cached:           902296 kB
MemTotal:        1844596 kB
MemFree:          639084 kB
MemAvailable:    1510332 kB
Buffers:           65428 kB
Cached:           902296 kB
MemTotal:        1844596 kB
MemFree:          638688 kB
MemAvailable:    1509940 kB
Buffers:           65428 kB
Cached:           902300 kB
MemTotal:        1844596 kB
MemFree:          638580 kB
MemAvailable:    1509832 kB
Buffers:           65428 kB
Cached:           902300 kB
MemTotal:        1844596 kB
MemFree:          635536 kB
MemAvailable:    1506788 kB
Buffers:           65428 kB
Cached:           902300 kB
MemTotal:        1844596 kB
MemFree:          634908 kB
MemAvailable:    1506160 kB
Buffers:           65428 kB
Cached:           902300 kB
MemTotal:        1844596 kB
MemFree:          635520 kB
MemAvailable:    1506772 kB
Buffers:           65428 kB
Cached:           902300 kB
MemTotal:        1844596 kB
MemFree:          634668 kB
MemAvailable:    1505920 kB
Buffers:           65428 kB
Cached:           902300 kB
MemTotal:        1844596 kB
MemFree:          635356 kB
MemAvailable:    1506608 kB
Buffers:           65428 kB
Cached:           902300 kB
MemTotal:        1844596 kB
MemFree:          633924 kB
MemAvailable:    1505176 kB
Buffers:           65428 kB
Cached:           902300 kB
MemTotal:        1844596 kB
MemFree:          633668 kB
MemAvailable:    1504928 kB
Buffers:           65428 kB
Cached:           902308 kB
MemTotal:        1844596 kB
MemFree:          633668 kB
MemAvailable:    1504928 kB
Buffers:           65428 kB
Cached:           902308 kB
MemTotal:        1844596 kB
MemFree:          633676 kB
MemAvailable:    1504936 kB
Buffers:           65428 kB
Cached:           902308 kB
MemTotal:        1844596 kB
MemFree:          634908 kB
MemAvailable:    1506168 kB
Buffers:           65428 kB
Cached:           902308 kB
MemTotal:        1844596 kB
MemFree:          633420 kB
MemAvailable:    1504680 kB
Buffers:           65428 kB
Cached:           902308 kB
MemTotal:        1844596 kB
MemFree:          633304 kB
MemAvailable:    1504564 kB
Buffers:           65428 kB
Cached:           902308 kB
MemTotal:        1844596 kB
MemFree:          632800 kB
MemAvailable:    1504060 kB
Buffers:           65428 kB
Cached:           902308 kB
MemTotal:        1844596 kB
MemFree:          632800 kB
MemAvailable:    1504060 kB
Buffers:           65428 kB
Cached:           902308 kB
MemTotal:        1844596 kB
MemFree:          632504 kB
MemAvailable:    1503764 kB
Buffers:           65428 kB
Cached:           902308 kB
MemTotal:        1844596 kB
MemFree:          632672 kB
MemAvailable:    1503932 kB
Buffers:           65428 kB
Cached:           902308 kB
MemTotal:        1844596 kB
MemFree:          632548 kB
MemAvailable:    1503808 kB
Buffers:           65428 kB
Cached:           902308 kB
MemTotal:        1844596 kB
MemFree:          632548 kB
MemAvailable:    1503808 kB
Buffers:           65428 kB
Cached:           902308 kB
MemTotal:        1844596 kB
MemFree:          632560 kB
MemAvailable:    1503820 kB
Buffers:           65428 kB
Cached:           902308 kB
MemTotal:        1844596 kB
MemFree:          633676 kB
MemAvailable:    1504936 kB
Buffers:           65428 kB
Cached:           902308 kB
MemTotal:        1844596 kB
MemFree:          633604 kB
MemAvailable:    1504864 kB
Buffers:           65428 kB
Cached:           902308 kB
MemTotal:        1844596 kB
MemFree:          633620 kB
MemAvailable:    1504880 kB
Buffers:           65428 kB
Cached:           902308 kB
MemTotal:        1844596 kB
MemFree:          633064 kB
MemAvailable:    1504324 kB
Buffers:           65428 kB
Cached:           902308 kB
MemTotal:        1844596 kB
MemFree:          633544 kB
MemAvailable:    1504804 kB
Buffers:           65428 kB
Cached:           902308 kB
MemTotal:        1844596 kB
MemFree:          633604 kB
MemAvailable:    1504864 kB
Buffers:           65428 kB
Cached:           902308 kB
MemTotal:        1844596 kB
MemFree:          633364 kB
MemAvailable:    1504624 kB
Buffers:           65428 kB
Cached:           902308 kB
MemTotal:        1844596 kB
MemFree:          632924 kB
MemAvailable:    1504184 kB
Buffers:           65428 kB
Cached:           902308 kB
MemTotal:        1844596 kB
MemFree:          632320 kB
MemAvailable:    1503580 kB
Buffers:           65428 kB
Cached:           902308 kB
MemTotal:        1844596 kB
MemFree:          632676 kB
MemAvailable:    1503936 kB
Buffers:           65428 kB
Cached:           902308 kB
MemTotal:        1844596 kB
MemFree:          632884 kB
MemAvailable:    1504144 kB
Buffers:           65428 kB
Cached:           902308 kB
MemTotal:        1844596 kB
MemFree:          631388 kB
MemAvailable:    1502648 kB
Buffers:           65428 kB
Cached:           902308 kB
MemTotal:        1844596 kB
MemFree:          632788 kB
MemAvailable:    1504048 kB
Buffers:           65428 kB
Cached:           902308 kB
MemTotal:        1844596 kB
MemFree:          632556 kB
MemAvailable:    1503816 kB
Buffers:           65428 kB
Cached:           902308 kB
MemTotal:        1844596 kB
MemFree:          631388 kB
MemAvailable:    1502648 kB
Buffers:           65428 kB
Cached:           902308 kB
MemTotal:        1844596 kB
MemFree:          631380 kB
MemAvailable:    1502640 kB
Buffers:           65428 kB
Cached:           902308 kB
MemTotal:        1844596 kB
MemFree:          631424 kB
MemAvailable:    1502684 kB
Buffers:           65428 kB
Cached:           902308 kB
MemTotal:        1844596 kB
MemFree:          632576 kB
MemAvailable:    1503836 kB
Buffers:           65428 kB
Cached:           902308 kB
MemTotal:        1844596 kB
MemFree:          630576 kB
MemAvailable:    1501836 kB
Buffers:           65428 kB
Cached:           902308 kB
MemTotal:        1844596 kB
MemFree:          627792 kB
MemAvailable:    1499052 kB
Buffers:           65428 kB
Cached:           902308 kB
MemTotal:        1844596 kB
MemFree:          626980 kB
MemAvailable:    1498240 kB
Buffers:           65428 kB
Cached:           902308 kB
MemTotal:        1844596 kB
MemFree:          625368 kB
MemAvailable:    1496628 kB
Buffers:           65428 kB
Cached:           902308 kB
MemTotal:        1844596 kB
MemFree:          623996 kB
MemAvailable:    1495256 kB
Buffers:           65428 kB
Cached:           902308 kB
MemTotal:        1844596 kB
MemFree:          624864 kB
MemAvailable:    1496124 kB
Buffers:           65428 kB
Cached:           902308 kB
MemTotal:        1844596 kB
MemFree:          624136 kB
MemAvailable:    1495396 kB
Buffers:           65428 kB
Cached:           902308 kB
MemTotal:        1844596 kB
MemFree:          624608 kB
MemAvailable:    1495868 kB
Buffers:           65428 kB
Cached:           902308 kB
MemTotal:        1844596 kB
MemFree:          624860 kB
MemAvailable:    1496120 kB
Buffers:           65428 kB
Cached:           902308 kB
MemTotal:        1844596 kB
MemFree:          624736 kB
MemAvailable:    1495996 kB
Buffers:           65428 kB
Cached:           902308 kB
MemTotal:        1844596 kB
MemFree:          623356 kB
MemAvailable:    1494616 kB
Buffers:           65428 kB
Cached:           902308 kB
MemTotal:        1844596 kB
MemFree:          623448 kB
MemAvailable:    1494708 kB
Buffers:           65428 kB
Cached:           902308 kB
MemTotal:        1844596 kB
MemFree:          624608 kB
MemAvailable:    1495868 kB
Buffers:           65428 kB
Cached:           902308 kB
MemTotal:        1844596 kB
MemFree:          624376 kB
MemAvailable:    1495636 kB
Buffers:           65428 kB
Cached:           902308 kB
MemTotal:        1844596 kB
MemFree:          624568 kB
MemAvailable:    1495828 kB
Buffers:           65428 kB
Cached:           902308 kB
MemTotal:        1844596 kB
MemFree:          623444 kB
MemAvailable:    1494704 kB
Buffers:           65428 kB
Cached:           902308 kB
MemTotal:        1844596 kB
MemFree:          623576 kB
MemAvailable:    1494836 kB
Buffers:           65428 kB
Cached:           902308 kB
MemTotal:        1844596 kB
MemFree:          624752 kB
MemAvailable:    1496012 kB
Buffers:           65428 kB
Cached:           902308 kB
MemTotal:        1844596 kB
MemFree:          624112 kB
MemAvailable:    1495372 kB
Buffers:           65428 kB
Cached:           902308 kB
MemTotal:        1844596 kB
MemFree:          624112 kB
MemAvailable:    1495372 kB
Buffers:           65428 kB
Cached:           902308 kB
MemTotal:        1844596 kB
MemFree:          622624 kB
MemAvailable:    1493884 kB
Buffers:           65428 kB
Cached:           902308 kB
MemTotal:        1844596 kB
MemFree:          622508 kB
MemAvailable:    1493768 kB
Buffers:           65428 kB
Cached:           902308 kB
MemTotal:        1844596 kB
MemFree:          623252 kB
MemAvailable:    1494512 kB
Buffers:           65428 kB
Cached:           902308 kB
MemTotal:        1844596 kB
MemFree:          622004 kB
MemAvailable:    1493264 kB
Buffers:           65428 kB
Cached:           902308 kB
MemTotal:        1844596 kB
MemFree:          622948 kB
MemAvailable:    1494208 kB
Buffers:           65428 kB
Cached:           902308 kB
MemTotal:        1844596 kB
MemFree:          622144 kB
MemAvailable:    1493404 kB
Buffers:           65428 kB
Cached:           902308 kB
MemTotal:        1844596 kB
MemFree:          621908 kB
MemAvailable:    1493168 kB
Buffers:           65428 kB
Cached:           902308 kB
MemTotal:        1844596 kB
MemFree:          621968 kB
MemAvailable:    1493228 kB
Buffers:           65428 kB
Cached:           902308 kB
MemTotal:        1844596 kB
MemFree:          620284 kB
MemAvailable:    1491544 kB
Buffers:           65428 kB
Cached:           902308 kB
MemTotal:        1844596 kB
MemFree:          620160 kB
MemAvailable:    1491420 kB
Buffers:           65428 kB
Cached:           902308 kB
MemTotal:        1844596 kB
MemFree:          620888 kB
MemAvailable:    1492148 kB
Buffers:           65428 kB
Cached:           902308 kB
MemTotal:        1844596 kB
MemFree:          620656 kB
MemAvailable:    1491916 kB
Buffers:           65428 kB
Cached:           902308 kB
MemTotal:        1844596 kB
MemFree:          620724 kB
MemAvailable:    1491984 kB
Buffers:           65428 kB
Cached:           902308 kB
MemTotal:        1844596 kB
MemFree:          620784 kB
MemAvailable:    1492044 kB
Buffers:           65428 kB
Cached:           902308 kB
MemTotal:        1844596 kB
MemFree:          619608 kB
MemAvailable:    1490868 kB
Buffers:           65428 kB
Cached:           902308 kB
MemTotal:        1844596 kB
MemFree:          620932 kB
MemAvailable:    1492192 kB
Buffers:           65428 kB
Cached:           902308 kB
MemTotal:        1844596 kB
MemFree:          620724 kB
MemAvailable:    1491988 kB
Buffers:           65428 kB
Cached:           902312 kB
MemTotal:        1844596 kB
MemFree:          620780 kB
MemAvailable:    1492044 kB
Buffers:           65428 kB
Cached:           902312 kB
MemTotal:        1844596 kB
MemFree:          620408 kB
MemAvailable:    1491676 kB
Buffers:           65428 kB
Cached:           902316 kB
MemTotal:        1844596 kB
MemFree:          620208 kB
MemAvailable:    1491476 kB
Buffers:           65428 kB
Cached:           902316 kB
MemTotal:        1844596 kB
MemFree:          617912 kB
MemAvailable:    1489180 kB
Buffers:           65428 kB
Cached:           902316 kB
MemTotal:        1844596 kB
MemFree:          616880 kB
MemAvailable:    1488148 kB
Buffers:           65428 kB
Cached:           902316 kB
MemTotal:        1844596 kB
MemFree:          615500 kB
MemAvailable:    1486768 kB
Buffers:           65428 kB
Cached:           902316 kB
MemTotal:        1844596 kB
MemFree:          615376 kB
MemAvailable:    1486644 kB
Buffers:           65428 kB
Cached:           902316 kB
MemTotal:        1844596 kB
MemFree:          614208 kB
MemAvailable:    1485476 kB
Buffers:           65428 kB
Cached:           902316 kB
MemTotal:        1844596 kB
MemFree:          614936 kB
MemAvailable:    1486204 kB
Buffers:           65428 kB
Cached:           902316 kB
MemTotal:        1844596 kB
MemFree:          615272 kB
MemAvailable:    1486540 kB
Buffers:           65428 kB
Cached:           902316 kB
MemTotal:        1844596 kB
MemFree:          613648 kB
MemAvailable:    1484916 kB
Buffers:           65428 kB
Cached:           902316 kB
MemTotal:        1844596 kB
MemFree:          614948 kB
MemAvailable:    1486216 kB
Buffers:           65428 kB
Cached:           902316 kB
MemTotal:        1844596 kB
MemFree:          614084 kB
MemAvailable:    1485352 kB
Buffers:           65428 kB
Cached:           902316 kB
MemTotal:        1844596 kB
MemFree:          614808 kB
MemAvailable:    1486076 kB
Buffers:           65428 kB
Cached:           902316 kB
MemTotal:        1844596 kB
MemFree:          615064 kB
MemAvailable:    1486332 kB
Buffers:           65428 kB
Cached:           902316 kB
MemTotal:        1844596 kB
MemFree:          613944 kB
MemAvailable:    1485212 kB
Buffers:           65428 kB
Cached:           902316 kB
MemTotal:        1844596 kB
MemFree:          613588 kB
MemAvailable:    1484856 kB
Buffers:           65428 kB
Cached:           902316 kB
MemTotal:        1844596 kB
MemFree:          612092 kB
MemAvailable:    1483236 kB
Buffers:           65428 kB
Cached:           902316 kB
MemTotal:        1844596 kB
MemFree:          611836 kB
MemAvailable:    1483104 kB
Buffers:           65428 kB
Cached:           902316 kB
MemTotal:        1844596 kB
MemFree:          611108 kB
MemAvailable:    1482376 kB
Buffers:           65428 kB
Cached:           902316 kB
MemTotal:        1844596 kB
MemFree:          611716 kB
MemAvailable:    1482984 kB
Buffers:           65428 kB
Cached:           902316 kB
MemTotal:        1844596 kB
MemFree:          610344 kB
MemAvailable:    1481612 kB
Buffers:           65428 kB
Cached:           902316 kB
MemTotal:        1844596 kB
MemFree:          611528 kB
MemAvailable:    1482796 kB
Buffers:           65428 kB
Cached:           902316 kB
MemTotal:        1844596 kB
MemFree:          611588 kB
MemAvailable:    1482856 kB
Buffers:           65428 kB
Cached:           902316 kB
MemTotal:        1844596 kB
MemFree:          613684 kB
MemAvailable:    1484952 kB
Buffers:           65428 kB
Cached:           902316 kB
MemTotal:        1844596 kB
MemFree:          612432 kB
MemAvailable:    1483700 kB
Buffers:           65432 kB
Cached:           902312 kB
MemTotal:        1844596 kB
MemFree:          613540 kB
MemAvailable:    1484976 kB
Buffers:           65432 kB
Cached:           902436 kB
MemTotal:        1844596 kB
MemFree:          612588 kB
MemAvailable:    1484024 kB
Buffers:           65432 kB
Cached:           902560 kB
MemTotal:        1844596 kB
MemFree:          613180 kB
MemAvailable:    1484784 kB
Buffers:           65432 kB
Cached:           902684 kB
MemTotal:        1844596 kB
MemFree:          612968 kB
MemAvailable:    1484572 kB
Buffers:           65432 kB
Cached:           902684 kB
MemTotal:        1844596 kB
MemFree:          612896 kB
MemAvailable:    1484668 kB
Buffers:           65432 kB
Cached:           902808 kB
MemTotal:        1844596 kB
MemFree:          613232 kB
MemAvailable:    1485088 kB
Buffers:           65432 kB
Cached:           902808 kB
MemTotal:        1844596 kB
MemFree:          612932 kB
MemAvailable:    1484788 kB
Buffers:           65432 kB
Cached:           902932 kB
MemTotal:        1844596 kB
MemFree:          612472 kB
MemAvailable:    1484328 kB
Buffers:           65432 kB
Cached:           902932 kB
MemTotal:        1844596 kB
MemFree:          613008 kB
MemAvailable:    1484864 kB
Buffers:           65432 kB
Cached:           902932 kB
MemTotal:        1844596 kB
MemFree:          613136 kB
MemAvailable:    1484992 kB
Buffers:           65432 kB
Cached:           902932 kB
MemTotal:        1844596 kB
MemFree:          613024 kB
MemAvailable:    1484880 kB
Buffers:           65432 kB
Cached:           902932 kB
MemTotal:        1844596 kB
MemFree:          612896 kB
MemAvailable:    1484752 kB
Buffers:           65432 kB
Cached:           902932 kB
MemTotal:        1844596 kB
MemFree:          613148 kB
MemAvailable:    1485004 kB
Buffers:           65432 kB
Cached:           902932 kB
MemTotal:        1844596 kB
MemFree:          612920 kB
MemAvailable:    1484860 kB
Buffers:           65432 kB
Cached:           903056 kB
MemTotal:        1844596 kB
MemFree:          612836 kB
MemAvailable:    1484104 kB
Buffers:           65432 kB
Cached:           902300 kB
MemTotal:        1844596 kB
MemFree:          613704 kB
MemAvailable:    1484996 kB
Buffers:           65432 kB
Cached:           902368 kB
