MemTotal:        1844596 kB
MemFree:          880200 kB
MemAvailable:    1544600 kB
Buffers:           43740 kB
Cached:           731768 kB
MemTotal:        1844596 kB
MemFree:          878588 kB
MemAvailable:    1542988 kB
Buffers:           43740 kB
Cached:           731768 kB
MemTotal:        1844596 kB
MemFree:          879384 kB
MemAvailable:    1543784 kB
Buffers:           43740 kB
Cached:           731768 kB
MemTotal:        1844596 kB
MemFree:          876232 kB
MemAvailable:    1540632 kB
Buffers:           43740 kB
Cached:           731768 kB
MemTotal:        1844596 kB
MemFree:          875852 kB
MemAvailable:    1540252 kB
Buffers:           43740 kB
Cached:           731768 kB
MemTotal:        1844596 kB
MemFree:          875936 kB
MemAvailable:    1540336 kB
Buffers:           43740 kB
Cached:           731768 kB
MemTotal:        1844596 kB
MemFree:          875656 kB
MemAvailable:    1540064 kB
Buffers:           43740 kB
Cached:           731772 kB
MemTotal:        1844596 kB
MemFree:          873008 kB
MemAvailable:    1537416 kB
Buffers:           43740 kB
Cached:           731772 kB
MemTotal:        1844596 kB
MemFree:          870776 kB
MemAvailable:    1535184 kB
Buffers:           43740 kB
Cached:           731772 kB
MemTotal:        1844596 kB
MemFree:          869620 kB
MemAvailable:    1534028 kB
Buffers:           43740 kB
Cached:           731772 kB
MemTotal:        1844596 kB
MemFree:          864452 kB
MemAvailable:    1528860 kB
Buffers:           43740 kB
Cached:           731772 kB
MemTotal:        1844596 kB
MemFree:          866012 kB
MemAvailable:    1530420 kB
Buffers:           43740 kB
Cached:           731772 kB
MemTotal:        1844596 kB
MemFree:          866260 kB
MemAvailable:    1530668 kB
Buffers:           43740 kB
Cached:           731772 kB
MemTotal:        1844596 kB
MemFree:          866240 kB
MemAvailable:    1530648 kB
Buffers:           43740 kB
Cached:           731772 kB
MemTotal:        1844596 kB
MemFree:          866116 kB
MemAvailable:    1530524 kB
Buffers:           43740 kB
Cached:           731772 kB
MemTotal:        1844596 kB
MemFree:          865196 kB
MemAvailable:    1529604 kB
Buffers:           43740 kB
Cached:           731772 kB
MemTotal:        1844596 kB
MemFree:          865924 kB
MemAvailable:    1530332 kB
Buffers:           43740 kB
Cached:           731772 kB
MemTotal:        1844596 kB
MemFree:          866052 kB
MemAvailable:    1530460 kB
Buffers:           43740 kB
Cached:           731772 kB
MemTotal:        1844596 kB
MemFree:          864700 kB
MemAvailable:    1529108 kB
Buffers:           43740 kB
Cached:           731772 kB
MemTotal:        1844596 kB
MemFree:          862716 kB
MemAvailable:    1527124 kB
Buffers:           43740 kB
Cached:           731772 kB
MemTotal:        1844596 kB
MemFree:          863824 kB
MemAvailable:    1528232 kB
Buffers:           43740 kB
Cached:           731772 kB
MemTotal:        1844596 kB
MemFree:          863528 kB
MemAvailable:    1527936 kB
Buffers:           43740 kB
Cached:           731772 kB
MemTotal:        1844596 kB
MemFree:          863528 kB
MemAvailable:    1527936 kB
Buffers:           43740 kB
Cached:           731772 kB
MemTotal:        1844596 kB
MemFree:          862320 kB
MemAvailable:    1526728 kB
Buffers:           43740 kB
Cached:           731772 kB
MemTotal:        1844596 kB
MemFree:          862312 kB
MemAvailable:    1526720 kB
Buffers:           43740 kB
Cached:           731772 kB
MemTotal:        1844596 kB
MemFree:          863380 kB
MemAvailable:    1527788 kB
Buffers:           43740 kB
Cached:           731772 kB
MemTotal:        1844596 kB
MemFree:          863336 kB
MemAvailable:    1527744 kB
Buffers:           43740 kB
Cached:           731772 kB
MemTotal:        1844596 kB
MemFree:          863572 kB
MemAvailable:    1527980 kB
Buffers:           43740 kB
Cached:           731772 kB
MemTotal:        1844596 kB
MemFree:          862324 kB
MemAvailable:    1526732 kB
Buffers:           43740 kB
Cached:           731772 kB
MemTotal:        1844596 kB
MemFree:          864804 kB
MemAvailable:    1529212 kB
Buffers:           43740 kB
Cached:           731772 kB
MemTotal:        1844596 kB
MemFree:          863536 kB
MemAvailable:    1527944 kB
Buffers:           43740 kB
Cached:           731772 kB
MemTotal:        1844596 kB
MemFree:          862700 kB
MemAvailable:    1527108 kB
Buffers:           43740 kB
Cached:           731772 kB
MemTotal:        1844596 kB
MemFree:          861920 kB
MemAvailable:    1526328 kB
Buffers:           43740 kB
Cached:           731772 kB
MemTotal:        1844596 kB
MemFree:          861336 kB
MemAvailable:    1525744 kB
Buffers:           43740 kB
Cached:           731772 kB
MemTotal:        1844596 kB
MemFree:          860732 kB
MemAvailable:    1525140 kB
Buffers:           43740 kB
Cached:           731772 kB
MemTotal:        1844596 kB
MemFree:          860964 kB
MemAvailable:    1525372 kB
Buffers:           43740 kB
Cached:           731772 kB
MemTotal:        1844596 kB
MemFree:          859236 kB
MemAvailable:    1523644 kB
Buffers:           43740 kB
Cached:           731772 kB
MemTotal:        1844596 kB
MemFree:          859368 kB
MemAvailable:    1523776 kB
Buffers:           43740 kB
Cached:           731772 kB
MemTotal:        1844596 kB
MemFree:          859476 kB
MemAvailable:    1523884 kB
Buffers:           43740 kB
Cached:           731772 kB
MemTotal:        1844596 kB
MemFree:          859368 kB
MemAvailable:    1523776 kB
Buffers:           43740 kB
Cached:           731772 kB
MemTotal:        1844596 kB
MemFree:          859480 kB
MemAvailable:    1523888 kB
Buffers:           43740 kB
Cached:           731772 kB
MemTotal:        1844596 kB
MemFree:          858192 kB
MemAvailable:    1522600 kB
Buffers:           43740 kB
Cached:           731772 kB
MemTotal:        1844596 kB
MemFree:          859344 kB
MemAvailable:    1523752 kB
Buffers:           43740 kB
Cached:           731772 kB
MemTotal:        1844596 kB
MemFree:          857924 kB
MemAvailable:    1522332 kB
Buffers:           43740 kB
Cached:           731772 kB
MemTotal:        1844596 kB
MemFree:          858624 kB
MemAvailable:    1523032 kB
Buffers:           43740 kB
Cached:           731772 kB
MemTotal:        1844596 kB
MemFree:          859188 kB
MemAvailable:    1523596 kB
Buffers:           43740 kB
Cached:           731772 kB
MemTotal:        1844596 kB
MemFree:          857816 kB
MemAvailable:    1522224 kB
Buffers:           43740 kB
Cached:           731772 kB
MemTotal:        1844596 kB
MemFree:          857756 kB
MemAvailable:    1522164 kB
Buffers:           43740 kB
Cached:           731772 kB
MemTotal:        1844596 kB
MemFree:          857508 kB
MemAvailable:    1521916 kB
Buffers:           43740 kB
Cached:           731772 kB
MemTotal:        1844596 kB
MemFree:          856996 kB
MemAvailable:    1521404 kB
Buffers:           43740 kB
Cached:           731772 kB
MemTotal:        1844596 kB
MemFree:          858416 kB
MemAvailable:    1522824 kB
Buffers:           43740 kB
Cached:           731772 kB
MemTotal:        1844596 kB
MemFree:          857116 kB
MemAvailable:    1521524 kB
Buffers:           43740 kB
Cached:           731772 kB
MemTotal:        1844596 kB
MemFree:          858416 kB
MemAvailable:    1522824 kB
Buffers:           43740 kB
Cached:           731772 kB
MemTotal:        1844596 kB
MemFree:          858368 kB
MemAvailable:    1522776 kB
Buffers:           43740 kB
Cached:           731772 kB
MemTotal:        1844596 kB
MemFree:          858404 kB
MemAvailable:    1522812 kB
Buffers:           43740 kB
Cached:           731772 kB
MemTotal:        1844596 kB
MemFree:          857220 kB
MemAvailable:    1521628 kB
Buffers:           43740 kB
Cached:           731772 kB
MemTotal:        1844596 kB
MemFree:          857180 kB
MemAvailable:    1521588 kB
Buffers:           43740 kB
Cached:           731772 kB
MemTotal:        1844596 kB
MemFree:          857096 kB
MemAvailable:    1521504 kB
Buffers:           43740 kB
Cached:           731772 kB
MemTotal:        1844596 kB
MemFree:          857256 kB
MemAvailable:    1521664 kB
Buffers:           43740 kB
Cached:           731772 kB
MemTotal:        1844596 kB
MemFree:          857012 kB
MemAvailable:    1521420 kB
Buffers:           43740 kB
Cached:           731772 kB
MemTotal:        1844596 kB
MemFree:          856888 kB
MemAvailable:    1521296 kB
Buffers:           43740 kB
Cached:           731772 kB
MemTotal:        1844596 kB
MemFree:          858004 kB
MemAvailable:    1522412 kB
Buffers:           43740 kB
Cached:           731772 kB
MemTotal:        1844596 kB
MemFree:          857136 kB
MemAvailable:    1521544 kB
Buffers:           43740 kB
Cached:           731772 kB
MemTotal:        1844596 kB
MemFree:          857356 kB
MemAvailable:    1521764 kB
Buffers:           43740 kB
Cached:           731772 kB
MemTotal:        1844596 kB
MemFree:          857692 kB
MemAvailable:    1522100 kB
Buffers:           43740 kB
Cached:           731772 kB
MemTotal:        1844596 kB
MemFree:          857532 kB
MemAvailable:    1521940 kB
Buffers:           43740 kB
Cached:           731772 kB
MemTotal:        1844596 kB
MemFree:          857564 kB
MemAvailable:    1521972 kB
Buffers:           43740 kB
Cached:           731772 kB
MemTotal:        1844596 kB
MemFree:          856076 kB
MemAvailable:    1520484 kB
Buffers:           43740 kB
Cached:           731772 kB
MemTotal:        1844596 kB
MemFree:          857364 kB
MemAvailable:    1521772 kB
Buffers:           43740 kB
Cached:           731772 kB
MemTotal:        1844596 kB
MemFree:          857576 kB
MemAvailable:    1521984 kB
Buffers:           43740 kB
Cached:           731772 kB
MemTotal:        1844596 kB
MemFree:          857464 kB
MemAvailable:    1521872 kB
Buffers:           43740 kB
Cached:           731772 kB
MemTotal:        1844596 kB
MemFree:          857244 kB
MemAvailable:    1521652 kB
Buffers:           43740 kB
Cached:           731772 kB
MemTotal:        1844596 kB
MemFree:          857496 kB
MemAvailable:    1521904 kB
Buffers:           43740 kB
Cached:           731772 kB
MemTotal:        1844596 kB
MemFree:          856748 kB
MemAvailable:    1521156 kB
Buffers:           43740 kB
Cached:           731772 kB
MemTotal:        1844596 kB
MemFree:          856836 kB
MemAvailable:    1521244 kB
Buffers:           43740 kB
Cached:           731772 kB
MemTotal:        1844596 kB
MemFree:          852648 kB
MemAvailable:    1517056 kB
Buffers:           43740 kB
Cached:           731772 kB
MemTotal:        1844596 kB
MemFree:          852648 kB
MemAvailable:    1517056 kB
Buffers:           43740 kB
Cached:           731772 kB
MemTotal:        1844596 kB
MemFree:          849804 kB
MemAvailable:    1514212 kB
Buffers:           43740 kB
Cached:           731772 kB
MemTotal:        1844596 kB
MemFree:          850140 kB
MemAvailable:    1514548 kB
Buffers:           43740 kB
Cached:           731772 kB
MemTotal:        1844596 kB
MemFree:          849572 kB
MemAvailable:    1513980 kB
Buffers:           43740 kB
Cached:           731772 kB
MemTotal:        1844596 kB
MemFree:          848952 kB
MemAvailable:    1513360 kB
Buffers:           43740 kB
Cached:           731772 kB
MemTotal:        1844596 kB
MemFree:          849588 kB
MemAvailable:    1514004 kB
Buffers:           43740 kB
Cached:           731780 kB
MemTotal:        1844596 kB
MemFree:          849440 kB
MemAvailable:    1513856 kB
Buffers:           43740 kB
Cached:           731780 kB
MemTotal:        1844596 kB
MemFree:          849456 kB
MemAvailable:    1513872 kB
Buffers:           43740 kB
Cached:           731780 kB
MemTotal:        1844596 kB
MemFree:          849460 kB
MemAvailable:    1513876 kB
Buffers:           43740 kB
Cached:           731780 kB
MemTotal:        1844596 kB
MemFree:          849372 kB
MemAvailable:    1513788 kB
Buffers:           43740 kB
Cached:           731780 kB
MemTotal:        1844596 kB
MemFree:          849560 kB
MemAvailable:    1513976 kB
Buffers:           43740 kB
Cached:           731780 kB
MemTotal:        1844596 kB
MemFree:          849448 kB
MemAvailable:    1513864 kB
Buffers:           43740 kB
Cached:           731780 kB
MemTotal:        1844596 kB
MemFree:          848184 kB
MemAvailable:    1512600 kB
Buffers:           43740 kB
Cached:           731780 kB
MemTotal:        1844596 kB
MemFree:          849484 kB
MemAvailable:    1513900 kB
Buffers:           43740 kB
Cached:           731780 kB
MemTotal:        1844596 kB
MemFree:          848308 kB
MemAvailable:    1512724 kB
Buffers:           43740 kB
Cached:           731780 kB
MemTotal:        1844596 kB
MemFree:          849292 kB
MemAvailable:    1513708 kB
Buffers:           43740 kB
Cached:           731780 kB
MemTotal:        1844596 kB
MemFree:          848176 kB
MemAvailable:    1512592 kB
Buffers:           43740 kB
Cached:           731780 kB
MemTotal:        1844596 kB
MemFree:          849492 kB
MemAvailable:    1513908 kB
Buffers:           43740 kB
Cached:           731780 kB
MemTotal:        1844596 kB
MemFree:          848812 kB
MemAvailable:    1513228 kB
Buffers:           43740 kB
Cached:           731780 kB
MemTotal:        1844596 kB
MemFree:          848812 kB
MemAvailable:    1513228 kB
Buffers:           43740 kB
Cached:           731780 kB
MemTotal:        1844596 kB
MemFree:          848268 kB
MemAvailable:    1512684 kB
Buffers:           43740 kB
Cached:           731780 kB
MemTotal:        1844596 kB
MemFree:          846720 kB
MemAvailable:    1511136 kB
Buffers:           43740 kB
Cached:           731780 kB
MemTotal:        1844596 kB
MemFree:          847572 kB
MemAvailable:    1511988 kB
Buffers:           43740 kB
Cached:           731780 kB
MemTotal:        1844596 kB
MemFree:          847572 kB
MemAvailable:    1511988 kB
Buffers:           43740 kB
Cached:           731780 kB
MemTotal:        1844596 kB
MemFree:          846456 kB
MemAvailable:    1510872 kB
Buffers:           43740 kB
Cached:           731780 kB
MemTotal:        1844596 kB
MemFree:          845976 kB
MemAvailable:    1510392 kB
Buffers:           43740 kB
Cached:           731780 kB
MemTotal:        1844596 kB
MemFree:          846452 kB
MemAvailable:    1510868 kB
Buffers:           43740 kB
Cached:           731780 kB
MemTotal:        1844596 kB
MemFree:          846704 kB
MemAvailable:    1511120 kB
Buffers:           43740 kB
Cached:           731780 kB
MemTotal:        1844596 kB
MemFree:          845960 kB
MemAvailable:    1510376 kB
Buffers:           43740 kB
Cached:           731780 kB
MemTotal:        1844596 kB
MemFree:          845728 kB
MemAvailable:    1510144 kB
Buffers:           43740 kB
Cached:           731780 kB
MemTotal:        1844596 kB
MemFree:          845824 kB
MemAvailable:    1510240 kB
Buffers:           43740 kB
Cached:           731780 kB
MemTotal:        1844596 kB
MemFree:          846076 kB
MemAvailable:    1510492 kB
Buffers:           43740 kB
Cached:           731780 kB
MemTotal:        1844596 kB
MemFree:          845572 kB
MemAvailable:    1509988 kB
Buffers:           43740 kB
Cached:           731780 kB
MemTotal:        1844596 kB
MemFree:          845908 kB
MemAvailable:    1510324 kB
Buffers:           43740 kB
Cached:           731780 kB
MemTotal:        1844596 kB
MemFree:          845532 kB
MemAvailable:    1509948 kB
Buffers:           43740 kB
Cached:           731780 kB
MemTotal:        1844596 kB
MemFree:          845700 kB
MemAvailable:    1510116 kB
Buffers:           43740 kB
Cached:           731780 kB
MemTotal:        1844596 kB
MemFree:          844184 kB
MemAvailable:    1508600 kB
Buffers:           43740 kB
Cached:           731780 kB
MemTotal:        1844596 kB
MemFree:          844556 kB
MemAvailable:    1508972 kB
Buffers:           43740 kB
Cached:           731780 kB
MemTotal:        1844596 kB
MemFree:          845596 kB
MemAvailable:    1510012 kB
Buffers:           43740 kB
Cached:           731780 kB
MemTotal:        1844596 kB
MemFree:          844736 kB
MemAvailable:    1509152 kB
Buffers:           43740 kB
Cached:           731780 kB
MemTotal:        1844596 kB
MemFree:          844312 kB
MemAvailable:    1508728 kB
Buffers:           43740 kB
Cached:           731780 kB
MemTotal:        1844596 kB
MemFree:          845416 kB
MemAvailable:    1509832 kB
Buffers:           43740 kB
Cached:           731780 kB
MemTotal:        1844596 kB
MemFree:          844968 kB
MemAvailable:    1509384 kB
Buffers:           43740 kB
Cached:           731780 kB
MemTotal:        1844596 kB
MemFree:          844612 kB
MemAvailable:    1509028 kB
Buffers:           43740 kB
Cached:           731780 kB
MemTotal:        1844596 kB
MemFree:          840448 kB
MemAvailable:    1504864 kB
Buffers:           43740 kB
Cached:           731780 kB
MemTotal:        1844596 kB
MemFree:          840332 kB
MemAvailable:    1504748 kB
Buffers:           43740 kB
Cached:           731780 kB
MemTotal:        1844596 kB
MemFree:          839156 kB
MemAvailable:    1503572 kB
Buffers:           43740 kB
Cached:           731780 kB
MemTotal:        1844596 kB
MemFree:          839156 kB
MemAvailable:    1503572 kB
Buffers:           43740 kB
Cached:           731780 kB
MemTotal:        1844596 kB
MemFree:          840148 kB
MemAvailable:    1504564 kB
Buffers:           43740 kB
Cached:           731780 kB
MemTotal:        1844596 kB
MemFree:          839752 kB
MemAvailable:    1504168 kB
Buffers:           43740 kB
Cached:           731780 kB
MemTotal:        1844596 kB
MemFree:          839752 kB
MemAvailable:    1504168 kB
Buffers:           43740 kB
Cached:           731780 kB
MemTotal:        1844596 kB
MemFree:          839684 kB
MemAvailable:    1504100 kB
Buffers:           43740 kB
Cached:           731780 kB
MemTotal:        1844596 kB
MemFree:          838508 kB
MemAvailable:    1502924 kB
Buffers:           43740 kB
Cached:           731780 kB
MemTotal:        1844596 kB
MemFree:          839484 kB
MemAvailable:    1503900 kB
Buffers:           43740 kB
Cached:           731780 kB
MemTotal:        1844596 kB
MemFree:          839736 kB
MemAvailable:    1504152 kB
Buffers:           43740 kB
Cached:           731780 kB
MemTotal:        1844596 kB
MemFree:          838120 kB
MemAvailable:    1502536 kB
Buffers:           43740 kB
Cached:           731780 kB
MemTotal:        1844596 kB
MemFree:          838472 kB
MemAvailable:    1502888 kB
Buffers:           43740 kB
Cached:           731780 kB
MemTotal:        1844596 kB
MemFree:          837232 kB
MemAvailable:    1501648 kB
Buffers:           43740 kB
Cached:           731780 kB
MemTotal:        1844596 kB
MemFree:          835436 kB
MemAvailable:    1499852 kB
Buffers:           43740 kB
Cached:           731780 kB
MemTotal:        1844596 kB
MemFree:          836344 kB
MemAvailable:    1500760 kB
Buffers:           43740 kB
Cached:           731780 kB
MemTotal:        1844596 kB
MemFree:          836364 kB
MemAvailable:    1500780 kB
Buffers:           43740 kB
Cached:           731780 kB
MemTotal:        1844596 kB
MemFree:          835188 kB
MemAvailable:    1499604 kB
Buffers:           43740 kB
Cached:           731780 kB
MemTotal:        1844596 kB
MemFree:          835684 kB
MemAvailable:    1500100 kB
Buffers:           43740 kB
Cached:           731780 kB
MemTotal:        1844596 kB
MemFree:          836152 kB
MemAvailable:    1500568 kB
Buffers:           43740 kB
Cached:           731780 kB
MemTotal:        1844596 kB
MemFree:          836488 kB
MemAvailable:    1500904 kB
Buffers:           43740 kB
Cached:           731780 kB
MemTotal:        1844596 kB
MemFree:          834996 kB
MemAvailable:    1499412 kB
Buffers:           43740 kB
Cached:           731780 kB
MemTotal:        1844596 kB
MemFree:          838372 kB
MemAvailable:    1502788 kB
Buffers:           43740 kB
Cached:           731780 kB
MemTotal:        1844596 kB
MemFree:          837124 kB
MemAvailable:    1501540 kB
Buffers:           43740 kB
Cached:           731904 kB
MemTotal:        1844596 kB
MemFree:          838300 kB
MemAvailable:    1502968 kB
Buffers:           43740 kB
Cached:           732028 kB
MemTotal:        1844596 kB
MemFree:          838044 kB
MemAvailable:    1502796 kB
Buffers:           43740 kB
Cached:           732152 kB
MemTotal:        1844596 kB
MemFree:          836736 kB
MemAvailable:    1501572 kB
Buffers:           43740 kB
Cached:           732152 kB
MemTotal:        1844596 kB
MemFree:          837656 kB
MemAvailable:    1502660 kB
Buffers:           43740 kB
Cached:           732400 kB
MemTotal:        1844596 kB
MemFree:          836640 kB
MemAvailable:    1501644 kB
Buffers:           43740 kB
Cached:           732400 kB
MemTotal:        1844596 kB
MemFree:          837496 kB
MemAvailable:    1502500 kB
Buffers:           43740 kB
Cached:           732400 kB
MemTotal:        1844596 kB
MemFree:          837580 kB
MemAvailable:    1502668 kB
Buffers:           43740 kB
Cached:           732400 kB
MemTotal:        1844596 kB
MemFree:          837488 kB
MemAvailable:    1502576 kB
Buffers:           43740 kB
Cached:           732400 kB
MemTotal:        1844596 kB
MemFree:          837824 kB
MemAvailable:    1502912 kB
Buffers:           43740 kB
Cached:           732400 kB
MemTotal:        1844596 kB
MemFree:          837668 kB
MemAvailable:    1502756 kB
Buffers:           43740 kB
Cached:           732400 kB
MemTotal:        1844596 kB
MemFree:          837472 kB
MemAvailable:    1502560 kB
Buffers:           43740 kB
Cached:           732400 kB
MemTotal:        1844596 kB
MemFree:          837680 kB
MemAvailable:    1502768 kB
Buffers:           43740 kB
Cached:           732400 kB
MemTotal:        1844596 kB
MemFree:          836932 kB
MemAvailable:    1502020 kB
Buffers:           43740 kB
Cached:           732400 kB
MemTotal:        1844596 kB
MemFree:          838100 kB
MemAvailable:    1502600 kB
Buffers:           43740 kB
Cached:           731852 kB
MemTotal:        1844596 kB
MemFree:          837164 kB
MemAvailable:    1501664 kB
Buffers:           43740 kB
Cached:           731852 kB
MemTotal:        1844596 kB
MemFree:          905768 kB
MemAvailable:    1570196 kB
Buffers:           43740 kB
Cached:           731792 kB
