MemTotal:        1844596 kB
MemFree:          707956 kB
MemAvailable:    1527800 kB
Buffers:           60392 kB
Cached:           860196 kB
MemTotal:        1844596 kB
MemFree:          707544 kB
MemAvailable:    1527388 kB
Buffers:           60392 kB
Cached:           860196 kB
MemTotal:        1844596 kB
MemFree:          707344 kB
MemAvailable:    1527188 kB
Buffers:           60392 kB
Cached:           860196 kB
MemTotal:        1844596 kB
MemFree:          705608 kB
MemAvailable:    1525460 kB
Buffers:           60392 kB
Cached:           860204 kB
MemTotal:        1844596 kB
MemFree:          704608 kB
MemAvailable:    1524460 kB
Buffers:           60392 kB
Cached:           860204 kB
MemTotal:        1844596 kB
MemFree:          703004 kB
MemAvailable:    1522856 kB
Buffers:           60392 kB
Cached:           860204 kB
MemTotal:        1844596 kB
MemFree:          700228 kB
MemAvailable:    1520080 kB
Buffers:           60392 kB
Cached:           860204 kB
MemTotal:        1844596 kB
MemFree:          700036 kB
MemAvailable:    1519888 kB
Buffers:           60392 kB
Cached:           860204 kB
MemTotal:        1844596 kB
MemFree:          696316 kB
MemAvailable:    1516168 kB
Buffers:           60392 kB
Cached:           860204 kB
MemTotal:        1844596 kB
MemFree:          694764 kB
MemAvailable:    1514616 kB
Buffers:           60392 kB
Cached:           860204 kB
MemTotal:        1844596 kB
MemFree:          695756 kB
MemAvailable:    1515608 kB
Buffers:           60392 kB
Cached:           860204 kB
MemTotal:        1844596 kB
MemFree:          695680 kB
MemAvailable:    1515532 kB
Buffers:           60392 kB
Cached:           860204 kB
MemTotal:        1844596 kB
MemFree:          695572 kB
MemAvailable:    1515424 kB
Buffers:           60392 kB
Cached:           860204 kB
MemTotal:        1844596 kB
MemFree:          695744 kB
MemAvailable:    1515596 kB
Buffers:           60392 kB
Cached:           860204 kB
MemTotal:        1844596 kB
MemFree:          694552 kB
MemAvailable:    1514404 kB
Buffers:           60392 kB
Cached:           860204 kB
MemTotal:        1844596 kB
MemFree:          694436 kB
MemAvailable:    1514288 kB
Buffers:           60392 kB
Cached:           860204 kB
MemTotal:        1844596 kB
MemFree:          695200 kB
MemAvailable:    1515052 kB
Buffers:           60392 kB
Cached:           860204 kB
MemTotal:        1844596 kB
MemFree:          693324 kB
MemAvailable:    1513176 kB
Buffers:           60392 kB
Cached:           860204 kB
MemTotal:        1844596 kB
MemFree:          693324 kB
MemAvailable:    1513176 kB
Buffers:           60392 kB
Cached:           860204 kB
MemTotal:        1844596 kB
MemFree:          693328 kB
MemAvailable:    1513180 kB
Buffers:           60392 kB
Cached:           860204 kB
MemTotal:        1844596 kB
MemFree:          693216 kB
MemAvailable:    1513068 kB
Buffers:           60392 kB
Cached:           860204 kB
MemTotal:        1844596 kB
MemFree:          693136 kB
MemAvailable:    1512988 kB
Buffers:           60392 kB
Cached:           860204 kB
MemTotal:        1844596 kB
MemFree:          693388 kB
MemAvailable:    1513240 kB
Buffers:           60392 kB
Cached:           860204 kB
MemTotal:        1844596 kB
MemFree:          693328 kB
MemAvailable:    1513180 kB
Buffers:           60392 kB
Cached:           860204 kB
MemTotal:        1844596 kB
MemFree:          693132 kB
MemAvailable:    1512984 kB
Buffers:           60392 kB
Cached:           860204 kB
MemTotal:        1844596 kB
MemFree:          692032 kB
MemAvailable:    1511884 kB
Buffers:           60392 kB
Cached:           860204 kB
MemTotal:        1844596 kB
MemFree:          692472 kB
MemAvailable:    1512324 kB
Buffers:           60392 kB
Cached:           860204 kB
MemTotal:        1844596 kB
MemFree:          694428 kB
MemAvailable:    1514280 kB
Buffers:           60392 kB
Cached:           860204 kB
MemTotal:        1844596 kB
MemFree:          694684 kB
MemAvailable:    1514536 kB
Buffers:           60392 kB
Cached:           860204 kB
MemTotal:        1844596 kB
MemFree:          691828 kB
MemAvailable:    1511680 kB
Buffers:           60392 kB
Cached:           860204 kB
MemTotal:        1844596 kB
MemFree:          691604 kB
MemAvailable:    1511456 kB
Buffers:           60392 kB
Cached:           860204 kB
MemTotal:        1844596 kB
MemFree:          691036 kB
MemAvailable:    1510888 kB
Buffers:           60392 kB
Cached:           860204 kB
MemTotal:        1844596 kB
MemFree:          690944 kB
MemAvailable:    1510796 kB
Buffers:           60392 kB
Cached:           860204 kB
MemTotal:        1844596 kB
MemFree:          689116 kB
MemAvailable:    1508968 kB
Buffers:           60392 kB
Cached:           860204 kB
MemTotal:        1844596 kB
MemFree:          689860 kB
MemAvailable:    1509716 kB
Buffers:           60392 kB
Cached:           860208 kB
MemTotal:        1844596 kB
MemFree:          690116 kB
MemAvailable:    1509972 kB
Buffers:           60392 kB
Cached:           860208 kB
MemTotal:        1844596 kB
MemFree:          689116 kB
MemAvailable:    1508972 kB
Buffers:           60392 kB
Cached:           860208 kB
MemTotal:        1844596 kB
MemFree:          689116 kB
MemAvailable:    1508972 kB
Buffers:           60392 kB
Cached:           860208 kB
MemTotal:        1844596 kB
MemFree:          687828 kB
MemAvailable:    1507684 kB
Buffers:           60392 kB
Cached:           860208 kB
MemTotal:        1844596 kB
MemFree:          689160 kB
MemAvailable:    1509016 kB
Buffers:           60392 kB
Cached:           860208 kB
MemTotal:        1844596 kB
MemFree:          688256 kB
MemAvailable:    1508112 kB
Buffers:           60392 kB
Cached:           860208 kB
MemTotal:        1844596 kB
MemFree:          688952 kB
MemAvailable:    1508808 kB
Buffers:           60392 kB
Cached:           860208 kB
MemTotal:        1844596 kB
MemFree:          689208 kB
MemAvailable:    1509064 kB
Buffers:           60392 kB
Cached:           860208 kB
MemTotal:        1844596 kB
MemFree:          688488 kB
MemAvailable:    1508344 kB
Buffers:           60392 kB
Cached:           860208 kB
MemTotal:        1844596 kB
MemFree:          688488 kB
MemAvailable:    1508344 kB
Buffers:           60392 kB
Cached:           860208 kB
MemTotal:        1844596 kB
MemFree:          687860 kB
MemAvailable:    1507716 kB
Buffers:           60392 kB
Cached:           860208 kB
MemTotal:        1844596 kB
MemFree:          687380 kB
MemAvailable:    1507236 kB
Buffers:           60392 kB
Cached:           860208 kB
MemTotal:        1844596 kB
MemFree:          686828 kB
MemAvailable:    1506684 kB
Buffers:           60392 kB
Cached:           860208 kB
MemTotal:        1844596 kB
MemFree:          688200 kB
MemAvailable:    1508056 kB
Buffers:           60392 kB
Cached:           860208 kB
MemTotal:        1844596 kB
MemFree:          688060 kB
MemAvailable:    1507916 kB
Buffers:           60392 kB
Cached:           860208 kB
MemTotal:        1844596 kB
MemFree:          688228 kB
MemAvailable:    1507988 kB
Buffers:           60392 kB
Cached:           860208 kB
MemTotal:        1844596 kB
MemFree:          688120 kB
MemAvailable:    1507976 kB
Buffers:           60392 kB
Cached:           860208 kB
MemTotal:        1844596 kB
MemFree:          688072 kB
MemAvailable:    1507928 kB
Buffers:           60392 kB
Cached:           860208 kB
MemTotal:        1844596 kB
MemFree:          688068 kB
MemAvailable:    1507924 kB
Buffers:           60392 kB
Cached:           860208 kB
MemTotal:        1844596 kB
MemFree:          687388 kB
MemAvailable:    1507244 kB
Buffers:           60392 kB
Cached:           860208 kB
MemTotal:        1844596 kB
MemFree:          688240 kB
MemAvailable:    1508096 kB
Buffers:           60392 kB
Cached:           860208 kB
MemTotal:        1844596 kB
MemFree:          688240 kB
MemAvailable:    1508096 kB
Buffers:           60392 kB
Cached:           860208 kB
MemTotal:        1844596 kB
MemFree:          687620 kB
MemAvailable:    1507476 kB
Buffers:           60392 kB
Cached:           860208 kB
MemTotal:        1844596 kB
MemFree:          687704 kB
MemAvailable:    1507560 kB
Buffers:           60392 kB
Cached:           860208 kB
MemTotal:        1844596 kB
MemFree:          686380 kB
MemAvailable:    1506236 kB
Buffers:           60392 kB
Cached:           860208 kB
MemTotal:        1844596 kB
MemFree:          687388 kB
MemAvailable:    1507244 kB
Buffers:           60392 kB
Cached:           860208 kB
MemTotal:        1844596 kB
MemFree:          686016 kB
MemAvailable:    1505872 kB
Buffers:           60392 kB
Cached:           860208 kB
MemTotal:        1844596 kB
MemFree:          687184 kB
MemAvailable:    1507040 kB
Buffers:           60392 kB
Cached:           860208 kB
MemTotal:        1844596 kB
MemFree:          686992 kB
MemAvailable:    1506848 kB
Buffers:           60392 kB
Cached:           860208 kB
MemTotal:        1844596 kB
MemFree:          687016 kB
MemAvailable:    1506872 kB
Buffers:           60392 kB
Cached:           860208 kB
MemTotal:        1844596 kB
MemFree:          685880 kB
MemAvailable:    1505736 kB
Buffers:           60392 kB
Cached:           860208 kB
MemTotal:        1844596 kB
MemFree:          685880 kB
MemAvailable:    1505736 kB
Buffers:           60392 kB
Cached:           860208 kB
MemTotal:        1844596 kB
MemFree:          686512 kB
MemAvailable:    1506368 kB
Buffers:           60392 kB
Cached:           860208 kB
MemTotal:        1844596 kB
MemFree:          687120 kB
MemAvailable:    1506976 kB
Buffers:           60392 kB
Cached:           860208 kB
MemTotal:        1844596 kB
MemFree:          687148 kB
MemAvailable:    1507004 kB
Buffers:           60392 kB
Cached:           860208 kB
MemTotal:        1844596 kB
MemFree:          686140 kB
MemAvailable:    1505996 kB
Buffers:           60392 kB
Cached:           860208 kB
MemTotal:        1844596 kB
MemFree:          685388 kB
MemAvailable:    1505244 kB
Buffers:           60392 kB
Cached:           860208 kB
MemTotal:        1844596 kB
MemFree:          684536 kB
MemAvailable:    1504392 kB
Buffers:           60392 kB
Cached:           860208 kB
MemTotal:        1844596 kB
MemFree:          682288 kB
MemAvailable:    1502144 kB
Buffers:           60392 kB
Cached:           860208 kB
MemTotal:        1844596 kB
MemFree:          682252 kB
MemAvailable:    1502108 kB
Buffers:           60392 kB
Cached:           860208 kB
MemTotal:        1844596 kB
MemFree:          679560 kB
MemAvailable:    1499416 kB
Buffers:           60392 kB
Cached:           860208 kB
MemTotal:        1844596 kB
MemFree:          679328 kB
MemAvailable:    1499184 kB
Buffers:           60392 kB
Cached:           860208 kB
MemTotal:        1844596 kB
MemFree:          679240 kB
MemAvailable:    1499096 kB
Buffers:           60392 kB
Cached:           860208 kB
MemTotal:        1844596 kB
MemFree:          679200 kB
MemAvailable:    1499056 kB
Buffers:           60392 kB
Cached:           860208 kB
MemTotal:        1844596 kB
MemFree:          678592 kB
MemAvailable:    1498448 kB
Buffers:           60392 kB
Cached:           860208 kB
MemTotal:        1844596 kB
MemFree:          679072 kB
MemAvailable:    1498928 kB
Buffers:           60392 kB
Cached:           860208 kB
MemTotal:        1844596 kB
MemFree:          679408 kB
MemAvailable:    1499264 kB
Buffers:           60392 kB
Cached:           860208 kB
MemTotal:        1844596 kB
MemFree:          679164 kB
MemAvailable:    1499024 kB
Buffers:           60392 kB
Cached:           860212 kB
MemTotal:        1844596 kB
MemFree:          677964 kB
MemAvailable:    1497824 kB
Buffers:           60392 kB
Cached:           860212 kB
MemTotal:        1844596 kB
MemFree:          679204 kB
MemAvailable:    1499064 kB
Buffers:           60392 kB
Cached:           860212 kB
MemTotal:        1844596 kB
MemFree:          679204 kB
MemAvailable:    1499064 kB
Buffers:           60392 kB
Cached:           860212 kB
MemTotal:        1844596 kB
MemFree:          678452 kB
MemAvailable:    1498312 kB
Buffers:           60392 kB
Cached:           860212 kB
MemTotal:        1844596 kB
MemFree:          677804 kB
MemAvailable:    1497664 kB
Buffers:           60392 kB
Cached:           860212 kB
MemTotal:        1844596 kB
MemFree:          679260 kB
MemAvailable:    1499120 kB
Buffers:           60392 kB
Cached:           860212 kB
MemTotal:        1844596 kB
MemFree:          679332 kB
MemAvailable:    1499192 kB
Buffers:           60392 kB
Cached:           860212 kB
MemTotal:        1844596 kB
MemFree:          678328 kB
MemAvailable:    1498188 kB
Buffers:           60392 kB
Cached:           860212 kB
MemTotal:        1844596 kB
MemFree:          678420 kB
MemAvailable:    1498280 kB
Buffers:           60392 kB
Cached:           860212 kB
MemTotal:        1844596 kB
MemFree:          678504 kB
MemAvailable:    1498364 kB
Buffers:           60392 kB
Cached:           860212 kB
MemTotal:        1844596 kB
MemFree:          678208 kB
MemAvailable:    1498068 kB
Buffers:           60392 kB
Cached:           860212 kB
MemTotal:        1844596 kB
MemFree:          677584 kB
MemAvailable:    1497444 kB
Buffers:           60392 kB
Cached:           860212 kB
MemTotal:        1844596 kB
MemFree:          677584 kB
MemAvailable:    1497444 kB
Buffers:           60392 kB
Cached:           860212 kB
MemTotal:        1844596 kB
MemFree:          676040 kB
MemAvailable:    1495900 kB
Buffers:           60392 kB
Cached:           860212 kB
MemTotal:        1844596 kB
MemFree:          676228 kB
MemAvailable:    1496088 kB
Buffers:           60392 kB
Cached:           860212 kB
MemTotal:        1844596 kB
MemFree:          676336 kB
MemAvailable:    1496196 kB
Buffers:           60392 kB
Cached:           860212 kB
MemTotal:        1844596 kB
MemFree:          675608 kB
MemAvailable:    1495468 kB
Buffers:           60392 kB
Cached:           860212 kB
MemTotal:        1844596 kB
MemFree:          676340 kB
MemAvailable:    1496200 kB
Buffers:           60392 kB
Cached:           860212 kB
MemTotal:        1844596 kB
MemFree:          674616 kB
MemAvailable:    1494476 kB
Buffers:           60392 kB
Cached:           860212 kB
MemTotal:        1844596 kB
MemFree:          675716 kB
MemAvailable:    1495576 kB
Buffers:           60392 kB
Cached:           860212 kB
MemTotal:        1844596 kB
MemFree:          675716 kB
MemAvailable:    1495576 kB
Buffers:           60392 kB
Cached:           860212 kB
MemTotal:        1844596 kB
MemFree:          674096 kB
MemAvailable:    1493956 kB
Buffers:           60392 kB
Cached:           860212 kB
MemTotal:        1844596 kB
MemFree:          674228 kB
MemAvailable:    1494088 kB
Buffers:           60392 kB
Cached:           860212 kB
MemTotal:        1844596 kB
MemFree:          675396 kB
MemAvailable:    1495256 kB
Buffers:           60392 kB
Cached:           860212 kB
MemTotal:        1844596 kB
MemFree:          674368 kB
MemAvailable:    1494228 kB
Buffers:           60392 kB
Cached:           860212 kB
MemTotal:        1844596 kB
MemFree:          675168 kB
MemAvailable:    1495028 kB
Buffers:           60392 kB
Cached:           860212 kB
MemTotal:        1844596 kB
MemFree:          675420 kB
MemAvailable:    1495280 kB
Buffers:           60392 kB
Cached:           860212 kB
MemTotal:        1844596 kB
MemFree:          673932 kB
MemAvailable:    1493792 kB
Buffers:           60392 kB
Cached:           860212 kB
MemTotal:        1844596 kB
MemFree:          675208 kB
MemAvailable:    1495068 kB
Buffers:           60392 kB
Cached:           860212 kB
MemTotal:        1844596 kB
MemFree:          675460 kB
MemAvailable:    1495320 kB
Buffers:           60392 kB
Cached:           860212 kB
MemTotal:        1844596 kB
MemFree:          674864 kB
MemAvailable:    1494724 kB
Buffers:           60392 kB
Cached:           860212 kB
MemTotal:        1844596 kB
MemFree:          673492 kB
MemAvailable:    1493352 kB
Buffers:           60392 kB
Cached:           860212 kB
MemTotal:        1844596 kB
MemFree:          673384 kB
MemAvailable:    1493244 kB
Buffers:           60392 kB
Cached:           860212 kB
MemTotal:        1844596 kB
MemFree:          670028 kB
MemAvailable:    1489888 kB
Buffers:           60392 kB
Cached:           860212 kB
MemTotal:        1844596 kB
MemFree:          668532 kB
MemAvailable:    1488392 kB
Buffers:           60392 kB
Cached:           860212 kB
MemTotal:        1844596 kB
MemFree:          669036 kB
MemAvailable:    1488896 kB
Buffers:           60392 kB
Cached:           860212 kB
MemTotal:        1844596 kB
MemFree:          669504 kB
MemAvailable:    1489364 kB
Buffers:           60392 kB
Cached:           860212 kB
MemTotal:        1844596 kB
MemFree:          669728 kB
MemAvailable:    1489588 kB
Buffers:           60392 kB
Cached:           860212 kB
MemTotal:        1844596 kB
MemFree:          668136 kB
MemAvailable:    1487996 kB
Buffers:           60392 kB
Cached:           860212 kB
MemTotal:        1844596 kB
MemFree:          667972 kB
MemAvailable:    1487832 kB
Buffers:           60392 kB
Cached:           860212 kB
MemTotal:        1844596 kB
MemFree:          669380 kB
MemAvailable:    1489240 kB
Buffers:           60392 kB
Cached:           860212 kB
MemTotal:        1844596 kB
MemFree:          669392 kB
MemAvailable:    1489252 kB
Buffers:           60392 kB
Cached:           860212 kB
MemTotal:        1844596 kB
MemFree:          669104 kB
MemAvailable:    1488964 kB
Buffers:           60392 kB
Cached:           860212 kB
MemTotal:        1844596 kB
MemFree:          668004 kB
MemAvailable:    1487864 kB
Buffers:           60392 kB
Cached:           860212 kB
MemTotal:        1844596 kB
MemFree:          668896 kB
MemAvailable:    1488756 kB
Buffers:           60392 kB
Cached:           860212 kB
MemTotal:        1844596 kB
MemFree:          669148 kB
MemAvailable:    1489008 kB
Buffers:           60392 kB
Cached:           860212 kB
MemTotal:        1844596 kB
MemFree:          666424 kB
MemAvailable:    1486284 kB
Buffers:           60392 kB
Cached:           860212 kB
MemTotal:        1844596 kB
MemFree:          665192 kB
MemAvailable:    1485052 kB
Buffers:           60392 kB
Cached:           860212 kB
MemTotal:        1844596 kB
MemFree:          666044 kB
MemAvailable:    1485904 kB
Buffers:           60392 kB
Cached:           860212 kB
MemTotal:        1844596 kB
MemFree:          666112 kB
MemAvailable:    1485972 kB
Buffers:           60392 kB
Cached:           860212 kB
MemTotal:        1844596 kB
MemFree:          666364 kB
MemAvailable:    1486224 kB
Buffers:           60392 kB
Cached:           860212 kB
MemTotal:        1844596 kB
MemFree:          666188 kB
MemAvailable:    1486048 kB
Buffers:           60392 kB
Cached:           860212 kB
MemTotal:        1844596 kB
MemFree:          664756 kB
MemAvailable:    1484616 kB
Buffers:           60392 kB
Cached:           860212 kB
MemTotal:        1844596 kB
MemFree:          666764 kB
MemAvailable:    1486624 kB
Buffers:           60392 kB
Cached:           860212 kB
MemTotal:        1844596 kB
MemFree:          666848 kB
MemAvailable:    1486708 kB
Buffers:           60392 kB
Cached:           860212 kB
MemTotal:        1844596 kB
MemFree:          667176 kB
MemAvailable:    1487120 kB
Buffers:           60392 kB
Cached:           860336 kB
MemTotal:        1844596 kB
MemFree:          668228 kB
MemAvailable:    1488260 kB
Buffers:           60392 kB
Cached:           860464 kB
MemTotal:        1844596 kB
MemFree:          667300 kB
MemAvailable:    1487416 kB
Buffers:           60392 kB
Cached:           860464 kB
MemTotal:        1844596 kB
MemFree:          667868 kB
MemAvailable:    1488068 kB
Buffers:           60392 kB
Cached:           860588 kB
MemTotal:        1844596 kB
MemFree:          667644 kB
MemAvailable:    1488012 kB
Buffers:           60392 kB
Cached:           860712 kB
MemTotal:        1844596 kB
MemFree:          667176 kB
MemAvailable:    1487544 kB
Buffers:           60392 kB
Cached:           860712 kB
MemTotal:        1844596 kB
MemFree:          667368 kB
MemAvailable:    1487820 kB
Buffers:           60392 kB
Cached:           860836 kB
MemTotal:        1844596 kB
MemFree:          666248 kB
MemAvailable:    1486700 kB
Buffers:           60392 kB
Cached:           860836 kB
MemTotal:        1844596 kB
MemFree:          666108 kB
MemAvailable:    1486560 kB
Buffers:           60392 kB
Cached:           860836 kB
MemTotal:        1844596 kB
MemFree:          667392 kB
MemAvailable:    1487844 kB
Buffers:           60392 kB
Cached:           860836 kB
MemTotal:        1844596 kB
MemFree:          667392 kB
MemAvailable:    1487844 kB
Buffers:           60392 kB
Cached:           860836 kB
MemTotal:        1844596 kB
MemFree:          667160 kB
MemAvailable:    1487612 kB
Buffers:           60392 kB
Cached:           860836 kB
MemTotal:        1844596 kB
MemFree:          667496 kB
MemAvailable:    1487948 kB
Buffers:           60392 kB
Cached:           860836 kB
MemTotal:        1844596 kB
MemFree:          667120 kB
MemAvailable:    1487656 kB
Buffers:           60392 kB
Cached:           860960 kB
MemTotal:        1844596 kB
MemFree:          667456 kB
MemAvailable:    1487992 kB
Buffers:           60392 kB
Cached:           860960 kB
MemTotal:        1844596 kB
MemFree:          736456 kB
MemAvailable:    1556320 kB
Buffers:           60392 kB
Cached:           860288 kB
