MemTotal:        1844596 kB
MemFree:          873076 kB
MemAvailable:    1545376 kB
Buffers:           44584 kB
Cached:           738180 kB
MemTotal:        1844596 kB
MemFree:          871272 kB
MemAvailable:    1543572 kB
Buffers:           44584 kB
Cached:           738180 kB
MemTotal:        1844596 kB
MemFree:          869224 kB
MemAvailable:    1541524 kB
Buffers:           44584 kB
Cached:           738180 kB
MemTotal:        1844596 kB
MemFree:          868852 kB
MemAvailable:    1541152 kB
Buffers:           44584 kB
Cached:           738180 kB
MemTotal:        1844596 kB
MemFree:          868852 kB
MemAvailable:    1541152 kB
Buffers:           44584 kB
Cached:           738180 kB
MemTotal:        1844596 kB
MemFree:          866372 kB
MemAvailable:    1538672 kB
Buffers:           44584 kB
Cached:           738180 kB
MemTotal:        1844596 kB
MemFree:          866256 kB
MemAvailable:    1538560 kB
Buffers:           44584 kB
Cached:           738184 kB
MemTotal:        1844596 kB
MemFree:          864892 kB
MemAvailable:    1537196 kB
Buffers:           44584 kB
Cached:           738184 kB
MemTotal:        1844596 kB
MemFree:          861404 kB
MemAvailable:    1533708 kB
Buffers:           44584 kB
Cached:           738184 kB
MemTotal:        1844596 kB
MemFree:          860676 kB
MemAvailable:    1532980 kB
Buffers:           44584 kB
Cached:           738184 kB
MemTotal:        1844596 kB
MemFree:          857256 kB
MemAvailable:    1529560 kB
Buffers:           44584 kB
Cached:           738184 kB
MemTotal:        1844596 kB
MemFree:          857904 kB
MemAvailable:    1530208 kB
Buffers:           44584 kB
Cached:           738184 kB
MemTotal:        1844596 kB
MemFree:          857080 kB
MemAvailable:    1529384 kB
Buffers:           44584 kB
Cached:           738184 kB
MemTotal:        1844596 kB
MemFree:          857436 kB
MemAvailable:    1529740 kB
Buffers:           44584 kB
Cached:           738184 kB
MemTotal:        1844596 kB
MemFree:          857772 kB
MemAvailable:    1530076 kB
Buffers:           44584 kB
Cached:           738184 kB
MemTotal:        1844596 kB
MemFree:          856528 kB
MemAvailable:    1528832 kB
Buffers:           44584 kB
Cached:           738184 kB
MemTotal:        1844596 kB
MemFree:          857520 kB
MemAvailable:    1529824 kB
Buffers:           44584 kB
Cached:           738184 kB
MemTotal:        1844596 kB
MemFree:          857520 kB
MemAvailable:    1529824 kB
Buffers:           44584 kB
Cached:           738184 kB
MemTotal:        1844596 kB
MemFree:          856204 kB
MemAvailable:    1528508 kB
Buffers:           44584 kB
Cached:           738184 kB
MemTotal:        1844596 kB
MemFree:          856416 kB
MemAvailable:    1528720 kB
Buffers:           44584 kB
Cached:           738184 kB
MemTotal:        1844596 kB
MemFree:          855204 kB
MemAvailable:    1527508 kB
Buffers:           44584 kB
Cached:           738184 kB
MemTotal:        1844596 kB
MemFree:          855288 kB
MemAvailable:    1527592 kB
Buffers:           44584 kB
Cached:           738184 kB
MemTotal:        1844596 kB
MemFree:          855208 kB
MemAvailable:    1527512 kB
Buffers:           44584 kB
Cached:           738184 kB
MemTotal:        1844596 kB
MemFree:          853920 kB
MemAvailable:    1526224 kB
Buffers:           44584 kB
Cached:           738184 kB
MemTotal:        1844596 kB
MemFree:          854724 kB
MemAvailable:    1527028 kB
Buffers:           44584 kB
Cached:           738184 kB
MemTotal:        1844596 kB
MemFree:          854944 kB
MemAvailable:    1527248 kB
Buffers:           44584 kB
Cached:           738184 kB
MemTotal:        1844596 kB
MemFree:          855280 kB
MemAvailable:    1527584 kB
Buffers:           44584 kB
Cached:           738184 kB
MemTotal:        1844596 kB
MemFree:          853848 kB
MemAvailable:    1526152 kB
Buffers:           44584 kB
Cached:           738184 kB
MemTotal:        1844596 kB
MemFree:          855240 kB
MemAvailable:    1527544 kB
Buffers:           44584 kB
Cached:           738184 kB
MemTotal:        1844596 kB
MemFree:          856132 kB
MemAvailable:    1528436 kB
Buffers:           44584 kB
Cached:           738184 kB
MemTotal:        1844596 kB
MemFree:          856468 kB
MemAvailable:    1528772 kB
Buffers:           44584 kB
Cached:           738184 kB
MemTotal:        1844596 kB
MemFree:          856404 kB
MemAvailable:    1528708 kB
Buffers:           44584 kB
Cached:           738184 kB
MemTotal:        1844596 kB
MemFree:          854476 kB
MemAvailable:    1526780 kB
Buffers:           44584 kB
Cached:           738184 kB
MemTotal:        1844596 kB
MemFree:          853288 kB
MemAvailable:    1525592 kB
Buffers:           44584 kB
Cached:           738184 kB
MemTotal:        1844596 kB
MemFree:          852732 kB
MemAvailable:    1525036 kB
Buffers:           44584 kB
Cached:           738184 kB
MemTotal:        1844596 kB
MemFree:          852988 kB
MemAvailable:    1525292 kB
Buffers:           44584 kB
Cached:           738184 kB
MemTotal:        1844596 kB
MemFree:          850996 kB
MemAvailable:    1523300 kB
Buffers:           44584 kB
Cached:           738184 kB
MemTotal:        1844596 kB
MemFree:          851732 kB
MemAvailable:    1524036 kB
Buffers:           44584 kB
Cached:           738184 kB
MemTotal:        1844596 kB
MemFree:          851624 kB
MemAvailable:    1523928 kB
Buffers:           44584 kB
Cached:           738184 kB
MemTotal:        1844596 kB
MemFree:          851112 kB
MemAvailable:    1523416 kB
Buffers:           44584 kB
Cached:           738184 kB
MemTotal:        1844596 kB
MemFree:          851448 kB
MemAvailable:    1523752 kB
Buffers:           44584 kB
Cached:           738184 kB
MemTotal:        1844596 kB
MemFree:          850980 kB
MemAvailable:    1523284 kB
Buffers:           44584 kB
Cached:           738184 kB
MemTotal:        1844596 kB
MemFree:          851064 kB
MemAvailable:    1523368 kB
Buffers:           44584 kB
Cached:           738184 kB
MemTotal:        1844596 kB
MemFree:          850876 kB
MemAvailable:    1523180 kB
Buffers:           44584 kB
Cached:           738184 kB
MemTotal:        1844596 kB
MemFree:          851072 kB
MemAvailable:    1523376 kB
Buffers:           44584 kB
Cached:           738184 kB
MemTotal:        1844596 kB
MemFree:          850808 kB
MemAvailable:    1523112 kB
Buffers:           44584 kB
Cached:           738184 kB
MemTotal:        1844596 kB
MemFree:          850892 kB
MemAvailable:    1523196 kB
Buffers:           44584 kB
Cached:           738184 kB
MemTotal:        1844596 kB
MemFree:          849144 kB
MemAvailable:    1521448 kB
Buffers:           44584 kB
Cached:           738184 kB
MemTotal:        1844596 kB
MemFree:          850440 kB
MemAvailable:    1522744 kB
Buffers:           44584 kB
Cached:           738184 kB
MemTotal:        1844596 kB
MemFree:          850244 kB
MemAvailable:    1522548 kB
Buffers:           44584 kB
Cached:           738184 kB
MemTotal:        1844596 kB
MemFree:          850080 kB
MemAvailable:    1522384 kB
Buffers:           44584 kB
Cached:           738184 kB
MemTotal:        1844596 kB
MemFree:          850080 kB
MemAvailable:    1522384 kB
Buffers:           44584 kB
Cached:           738184 kB
MemTotal:        1844596 kB
MemFree:          848632 kB
MemAvailable:    1520936 kB
Buffers:           44584 kB
Cached:           738184 kB
MemTotal:        1844596 kB
MemFree:          850004 kB
MemAvailable:    1522308 kB
Buffers:           44584 kB
Cached:           738184 kB
MemTotal:        1844596 kB
MemFree:          848884 kB
MemAvailable:    1521188 kB
Buffers:           44584 kB
Cached:           738184 kB
MemTotal:        1844596 kB
MemFree:          848712 kB
MemAvailable:    1521016 kB
Buffers:           44584 kB
Cached:           738184 kB
MemTotal:        1844596 kB
MemFree:          849820 kB
MemAvailable:    1522124 kB
Buffers:           44584 kB
Cached:           738184 kB
MemTotal:        1844596 kB
MemFree:          849820 kB
MemAvailable:    1522124 kB
Buffers:           44584 kB
Cached:           738184 kB
MemTotal:        1844596 kB
MemFree:          849944 kB
MemAvailable:    1522248 kB
Buffers:           44584 kB
Cached:           738184 kB
MemTotal:        1844596 kB
MemFree:          849756 kB
MemAvailable:    1522060 kB
Buffers:           44584 kB
Cached:           738184 kB
MemTotal:        1844596 kB
MemFree:          849492 kB
MemAvailable:    1521796 kB
Buffers:           44584 kB
Cached:           738184 kB
MemTotal:        1844596 kB
MemFree:          849576 kB
MemAvailable:    1521880 kB
Buffers:           44584 kB
Cached:           738184 kB
MemTotal:        1844596 kB
MemFree:          849544 kB
MemAvailable:    1521848 kB
Buffers:           44584 kB
Cached:           738184 kB
MemTotal:        1844596 kB
MemFree:          849184 kB
MemAvailable:    1521488 kB
Buffers:           44584 kB
Cached:           738184 kB
MemTotal:        1844596 kB
MemFree:          849276 kB
MemAvailable:    1521580 kB
Buffers:           44584 kB
Cached:           738184 kB
MemTotal:        1844596 kB
MemFree:          849136 kB
MemAvailable:    1521440 kB
Buffers:           44584 kB
Cached:           738184 kB
MemTotal:        1844596 kB
MemFree:          848012 kB
MemAvailable:    1520316 kB
Buffers:           44584 kB
Cached:           738184 kB
MemTotal:        1844596 kB
MemFree:          849124 kB
MemAvailable:    1521428 kB
Buffers:           44584 kB
Cached:           738184 kB
MemTotal:        1844596 kB
MemFree:          848904 kB
MemAvailable:    1521208 kB
Buffers:           44584 kB
Cached:           738184 kB
MemTotal:        1844596 kB
MemFree:          848972 kB
MemAvailable:    1521276 kB
Buffers:           44584 kB
Cached:           738184 kB
MemTotal:        1844596 kB
MemFree:          849152 kB
MemAvailable:    1521456 kB
Buffers:           44584 kB
Cached:           738184 kB
MemTotal:        1844596 kB
MemFree:          848392 kB
MemAvailable:    1520696 kB
Buffers:           44584 kB
Cached:           738184 kB
MemTotal:        1844596 kB
MemFree:          849260 kB
MemAvailable:    1521564 kB
Buffers:           44584 kB
Cached:           738184 kB
MemTotal:        1844596 kB
MemFree:          849516 kB
MemAvailable:    1521820 kB
Buffers:           44584 kB
Cached:           738184 kB
MemTotal:        1844596 kB
MemFree:          849128 kB
MemAvailable:    1521432 kB
Buffers:           44584 kB
Cached:           738184 kB
MemTotal:        1844596 kB
MemFree:          849028 kB
MemAvailable:    1521332 kB
Buffers:           44584 kB
Cached:           738184 kB
MemTotal:        1844596 kB
MemFree:          847460 kB
MemAvailable:    1519764 kB
Buffers:           44584 kB
Cached:           738184 kB
MemTotal:        1844596 kB
MemFree:          846476 kB
MemAvailable:    1518780 kB
Buffers:           44584 kB
Cached:           738184 kB
MemTotal:        1844596 kB
MemFree:          843440 kB
MemAvailable:    1515744 kB
Buffers:           44584 kB
Cached:           738184 kB
MemTotal:        1844596 kB
MemFree:          841688 kB
MemAvailable:    1513992 kB
Buffers:           44584 kB
Cached:           738184 kB
MemTotal:        1844596 kB
MemFree:          841524 kB
MemAvailable:    1513828 kB
Buffers:           44584 kB
Cached:           738184 kB
MemTotal:        1844596 kB
MemFree:          840024 kB
MemAvailable:    1512328 kB
Buffers:           44584 kB
Cached:           738184 kB
MemTotal:        1844596 kB
MemFree:          840272 kB
MemAvailable:    1512576 kB
Buffers:           44584 kB
Cached:           738184 kB
MemTotal:        1844596 kB
MemFree:          841192 kB
MemAvailable:    1513496 kB
Buffers:           44584 kB
Cached:           738184 kB
MemTotal:        1844596 kB
MemFree:          841528 kB
MemAvailable:    1513832 kB
Buffers:           44584 kB
Cached:           738184 kB
MemTotal:        1844596 kB
MemFree:          841052 kB
MemAvailable:    1513364 kB
Buffers:           44584 kB
Cached:           738192 kB
MemTotal:        1844596 kB
MemFree:          841208 kB
MemAvailable:    1513520 kB
Buffers:           44584 kB
Cached:           738192 kB
MemTotal:        1844596 kB
MemFree:          841196 kB
MemAvailable:    1513508 kB
Buffers:           44584 kB
Cached:           738192 kB
MemTotal:        1844596 kB
MemFree:          841052 kB
MemAvailable:    1513364 kB
Buffers:           44584 kB
Cached:           738192 kB
MemTotal:        1844596 kB
MemFree:          840952 kB
MemAvailable:    1513264 kB
Buffers:           44584 kB
Cached:           738192 kB
MemTotal:        1844596 kB
MemFree:          841036 kB
MemAvailable:    1513348 kB
Buffers:           44584 kB
Cached:           738192 kB
MemTotal:        1844596 kB
MemFree:          839956 kB
MemAvailable:    1512268 kB
Buffers:           44584 kB
Cached:           738192 kB
MemTotal:        1844596 kB
MemFree:          839832 kB
MemAvailable:    1512144 kB
Buffers:           44584 kB
Cached:           738192 kB
MemTotal:        1844596 kB
MemFree:          840196 kB
MemAvailable:    1512508 kB
Buffers:           44584 kB
Cached:           738192 kB
MemTotal:        1844596 kB
MemFree:          839956 kB
MemAvailable:    1512268 kB
Buffers:           44584 kB
Cached:           738192 kB
MemTotal:        1844596 kB
MemFree:          840524 kB
MemAvailable:    1512836 kB
Buffers:           44584 kB
Cached:           738192 kB
MemTotal:        1844596 kB
MemFree:          839356 kB
MemAvailable:    1511668 kB
Buffers:           44584 kB
Cached:           738192 kB
MemTotal:        1844596 kB
MemFree:          840432 kB
MemAvailable:    1512748 kB
Buffers:           44584 kB
Cached:           738196 kB
MemTotal:        1844596 kB
MemFree:          838984 kB
MemAvailable:    1511300 kB
Buffers:           44584 kB
Cached:           738196 kB
MemTotal:        1844596 kB
MemFree:          839724 kB
MemAvailable:    1512040 kB
Buffers:           44584 kB
Cached:           738196 kB
MemTotal:        1844596 kB
MemFree:          838612 kB
MemAvailable:    1510928 kB
Buffers:           44584 kB
Cached:           738196 kB
MemTotal:        1844596 kB
MemFree:          839160 kB
MemAvailable:    1511476 kB
Buffers:           44584 kB
Cached:           738196 kB
MemTotal:        1844596 kB
MemFree:          839360 kB
MemAvailable:    1511676 kB
Buffers:           44584 kB
Cached:           738196 kB
MemTotal:        1844596 kB
MemFree:          837372 kB
MemAvailable:    1509688 kB
Buffers:           44584 kB
Cached:           738196 kB
MemTotal:        1844596 kB
MemFree:          838604 kB
MemAvailable:    1510920 kB
Buffers:           44584 kB
Cached:           738196 kB
MemTotal:        1844596 kB
MemFree:          838160 kB
MemAvailable:    1510476 kB
Buffers:           44584 kB
Cached:           738196 kB
MemTotal:        1844596 kB
MemFree:          836504 kB
MemAvailable:    1508820 kB
Buffers:           44584 kB
Cached:           738196 kB
MemTotal:        1844596 kB
MemFree:          836496 kB
MemAvailable:    1508812 kB
Buffers:           44584 kB
Cached:           738196 kB
MemTotal:        1844596 kB
MemFree:          837448 kB
MemAvailable:    1509764 kB
Buffers:           44584 kB
Cached:           738196 kB
MemTotal:        1844596 kB
MemFree:          837704 kB
MemAvailable:    1510020 kB
Buffers:           44584 kB
Cached:           738196 kB
MemTotal:        1844596 kB
MemFree:          837376 kB
MemAvailable:    1509692 kB
Buffers:           44584 kB
Cached:           738196 kB
MemTotal:        1844596 kB
MemFree:          836200 kB
MemAvailable:    1508516 kB
Buffers:           44584 kB
Cached:           738196 kB
MemTotal:        1844596 kB
MemFree:          836076 kB
MemAvailable:    1508392 kB
Buffers:           44584 kB
Cached:           738196 kB
MemTotal:        1844596 kB
MemFree:          837244 kB
MemAvailable:    1509560 kB
Buffers:           44584 kB
Cached:           738196 kB
MemTotal:        1844596 kB
MemFree:          837408 kB
MemAvailable:    1509724 kB
Buffers:           44584 kB
Cached:           738196 kB
MemTotal:        1844596 kB
MemFree:          835940 kB
MemAvailable:    1508256 kB
Buffers:           44584 kB
Cached:           738196 kB
MemTotal:        1844596 kB
MemFree:          836060 kB
MemAvailable:    1508376 kB
Buffers:           44584 kB
Cached:           738196 kB
MemTotal:        1844596 kB
MemFree:          837272 kB
MemAvailable:    1509588 kB
Buffers:           44584 kB
Cached:           738196 kB
MemTotal:        1844596 kB
MemFree:          835876 kB
MemAvailable:    1508192 kB
Buffers:           44584 kB
Cached:           738196 kB
MemTotal:        1844596 kB
MemFree:          836876 kB
MemAvailable:    1509192 kB
Buffers:           44584 kB
Cached:           738196 kB
MemTotal:        1844596 kB
MemFree:          836256 kB
MemAvailable:    1508572 kB
Buffers:           44584 kB
Cached:           738196 kB
MemTotal:        1844596 kB
MemFree:          832032 kB
MemAvailable:    1504348 kB
Buffers:           44584 kB
Cached:           738196 kB
MemTotal:        1844596 kB
MemFree:          831048 kB
MemAvailable:    1503364 kB
Buffers:           44584 kB
Cached:           738196 kB
MemTotal:        1844596 kB
MemFree:          831712 kB
MemAvailable:    1504028 kB
Buffers:           44584 kB
Cached:           738196 kB
MemTotal:        1844596 kB
MemFree:          831340 kB
MemAvailable:    1503656 kB
Buffers:           44584 kB
Cached:           738196 kB
MemTotal:        1844596 kB
MemFree:          831424 kB
MemAvailable:    1503740 kB
Buffers:           44592 kB
Cached:           738188 kB
MemTotal:        1844596 kB
MemFree:          830108 kB
MemAvailable:    1502424 kB
Buffers:           44596 kB
Cached:           738184 kB
MemTotal:        1844596 kB
MemFree:          831408 kB
MemAvailable:    1503724 kB
Buffers:           44596 kB
Cached:           738184 kB
MemTotal:        1844596 kB
MemFree:          830428 kB
MemAvailable:    1502744 kB
Buffers:           44596 kB
Cached:           738184 kB
MemTotal:        1844596 kB
MemFree:          831240 kB
MemAvailable:    1503556 kB
Buffers:           44596 kB
Cached:           738184 kB
MemTotal:        1844596 kB
MemFree:          830000 kB
MemAvailable:    1502316 kB
Buffers:           44596 kB
Cached:           738184 kB
MemTotal:        1844596 kB
MemFree:          829992 kB
MemAvailable:    1502308 kB
Buffers:           44596 kB
Cached:           738184 kB
MemTotal:        1844596 kB
MemFree:          829992 kB
MemAvailable:    1502308 kB
Buffers:           44596 kB
Cached:           738184 kB
MemTotal:        1844596 kB
MemFree:          829180 kB
MemAvailable:    1501496 kB
Buffers:           44596 kB
Cached:           738184 kB
MemTotal:        1844596 kB
MemFree:          830420 kB
MemAvailable:    1502736 kB
Buffers:           44596 kB
Cached:           738184 kB
MemTotal:        1844596 kB
MemFree:          828180 kB
MemAvailable:    1500496 kB
Buffers:           44596 kB
Cached:           738184 kB
MemTotal:        1844596 kB
MemFree:          828180 kB
MemAvailable:    1500496 kB
Buffers:           44596 kB
Cached:           738184 kB
MemTotal:        1844596 kB
MemFree:          828016 kB
MemAvailable:    1500332 kB
Buffers:           44596 kB
Cached:           738184 kB
MemTotal:        1844596 kB
MemFree:          828112 kB
MemAvailable:    1500428 kB
Buffers:           44596 kB
Cached:           738184 kB
MemTotal:        1844596 kB
MemFree:          827328 kB
MemAvailable:    1499644 kB
Buffers:           44596 kB
Cached:           738184 kB
MemTotal:        1844596 kB
MemFree:          827928 kB
MemAvailable:    1500244 kB
Buffers:           44596 kB
Cached:           738184 kB
MemTotal:        1844596 kB
MemFree:          828012 kB
MemAvailable:    1500328 kB
Buffers:           44596 kB
Cached:           738184 kB
MemTotal:        1844596 kB
MemFree:          830040 kB
MemAvailable:    1502356 kB
Buffers:           44596 kB
Cached:           738184 kB
MemTotal:        1844596 kB
MemFree:          830116 kB
MemAvailable:    1502432 kB
Buffers:           44596 kB
Cached:           738184 kB
MemTotal:        1844596 kB
MemFree:          829312 kB
MemAvailable:    1501628 kB
Buffers:           44596 kB
Cached:           738184 kB
MemTotal:        1844596 kB
MemFree:          829924 kB
MemAvailable:    1502508 kB
Buffers:           44596 kB
Cached:           738448 kB
MemTotal:        1844596 kB
MemFree:          830260 kB
MemAvailable:    1502844 kB
Buffers:           44596 kB
Cached:           738448 kB
MemTotal:        1844596 kB
MemFree:          828684 kB
MemAvailable:    1501352 kB
Buffers:           44596 kB
Cached:           738572 kB
MemTotal:        1844596 kB
MemFree:          829620 kB
MemAvailable:    1502540 kB
Buffers:           44596 kB
Cached:           738820 kB
MemTotal:        1844596 kB
MemFree:          829488 kB
MemAvailable:    1502408 kB
Buffers:           44596 kB
Cached:           738820 kB
MemTotal:        1844596 kB
MemFree:          828056 kB
MemAvailable:    1500976 kB
Buffers:           44596 kB
Cached:           738820 kB
MemTotal:        1844596 kB
MemFree:          829356 kB
MemAvailable:    1502276 kB
Buffers:           44596 kB
Cached:           738820 kB
MemTotal:        1844596 kB
MemFree:          829280 kB
MemAvailable:    1502284 kB
Buffers:           44596 kB
Cached:           738820 kB
MemTotal:        1844596 kB
MemFree:          829532 kB
MemAvailable:    1502536 kB
Buffers:           44596 kB
Cached:           738820 kB
MemTotal:        1844596 kB
MemFree:          829276 kB
MemAvailable:    1502280 kB
Buffers:           44596 kB
Cached:           738820 kB
MemTotal:        1844596 kB
MemFree:          829360 kB
MemAvailable:    1502364 kB
Buffers:           44596 kB
Cached:           738820 kB
MemTotal:        1844596 kB
MemFree:          829352 kB
MemAvailable:    1502356 kB
Buffers:           44596 kB
Cached:           738820 kB
MemTotal:        1844596 kB
MemFree:          830068 kB
MemAvailable:    1502484 kB
Buffers:           44596 kB
Cached:           738188 kB
MemTotal:        1844596 kB
MemFree:          829872 kB
MemAvailable:    1502288 kB
Buffers:           44596 kB
Cached:           738188 kB
MemTotal:        1844596 kB
MemFree:          896364 kB
MemAvailable:    1568780 kB
Buffers:           44596 kB
Cached:           738188 kB
