MemTotal:        1844596 kB
MemFree:          934572 kB
MemAvailable:    1556988 kB
Buffers:           37960 kB
Cached:           690608 kB
MemTotal:        1844596 kB
MemFree:          931512 kB
MemAvailable:    1553928 kB
Buffers:           37960 kB
Cached:           690608 kB
MemTotal:        1844596 kB
MemFree:          932432 kB
MemAvailable:    1554848 kB
Buffers:           37960 kB
Cached:           690608 kB
MemTotal:        1844596 kB
MemFree:          929900 kB
MemAvailable:    1552316 kB
Buffers:           37960 kB
Cached:           690608 kB
MemTotal:        1844596 kB
MemFree:          930756 kB
MemAvailable:    1553172 kB
Buffers:           37960 kB
Cached:           690608 kB
MemTotal:        1844596 kB
MemFree:          929016 kB
MemAvailable:    1551432 kB
Buffers:           37960 kB
Cached:           690608 kB
MemTotal:        1844596 kB
MemFree:          928784 kB
MemAvailable:    1551200 kB
Buffers:           37960 kB
Cached:           690608 kB
MemTotal:        1844596 kB
MemFree:          927660 kB
MemAvailable:    1550076 kB
Buffers:           37960 kB
Cached:           690608 kB
MemTotal:        1844596 kB
MemFree:          926808 kB
MemAvailable:    1549224 kB
Buffers:           37960 kB
Cached:           690608 kB
MemTotal:        1844596 kB
MemFree:          923932 kB
MemAvailable:    1546348 kB
Buffers:           37960 kB
Cached:           690608 kB
MemTotal:        1844596 kB
MemFree:          923080 kB
MemAvailable:    1545496 kB
Buffers:           37960 kB
Cached:           690608 kB
MemTotal:        1844596 kB
MemFree:          920964 kB
MemAvailable:    1543380 kB
Buffers:           37960 kB
Cached:           690608 kB
MemTotal:        1844596 kB
MemFree:          917252 kB
MemAvailable:    1539668 kB
Buffers:           37960 kB
Cached:           690608 kB
MemTotal:        1844596 kB
MemFree:          917916 kB
MemAvailable:    1540332 kB
Buffers:           37960 kB
Cached:           690608 kB
MemTotal:        1844596 kB
MemFree:          917740 kB
MemAvailable:    1540156 kB
Buffers:           37960 kB
Cached:           690608 kB
MemTotal:        1844596 kB
MemFree:          919172 kB
MemAvailable:    1541588 kB
Buffers:           37960 kB
Cached:           690608 kB
MemTotal:        1844596 kB
MemFree:          917824 kB
MemAvailable:    1540240 kB
Buffers:           37960 kB
Cached:           690608 kB
MemTotal:        1844596 kB
MemFree:          919064 kB
MemAvailable:    1541480 kB
Buffers:           37960 kB
Cached:           690608 kB
MemTotal:        1844596 kB
MemFree:          918808 kB
MemAvailable:    1541224 kB
Buffers:           37960 kB
Cached:           690608 kB
MemTotal:        1844596 kB
MemFree:          917376 kB
MemAvailable:    1539792 kB
Buffers:           37960 kB
Cached:           690608 kB
MemTotal:        1844596 kB
MemFree:          917236 kB
MemAvailable:    1539652 kB
Buffers:           37960 kB
Cached:           690608 kB
MemTotal:        1844596 kB
MemFree:          917448 kB
MemAvailable:    1539864 kB
Buffers:           37960 kB
Cached:           690608 kB
MemTotal:        1844596 kB
MemFree:          916740 kB
MemAvailable:    1539156 kB
Buffers:           37960 kB
Cached:           690608 kB
MemTotal:        1844596 kB
MemFree:          916740 kB
MemAvailable:    1539156 kB
Buffers:           37960 kB
Cached:           690608 kB
MemTotal:        1844596 kB
MemFree:          915372 kB
MemAvailable:    1537788 kB
Buffers:           37960 kB
Cached:           690608 kB
MemTotal:        1844596 kB
MemFree:          915372 kB
MemAvailable:    1537788 kB
Buffers:           37960 kB
Cached:           690608 kB
MemTotal:        1844596 kB
MemFree:          916696 kB
MemAvailable:    1539112 kB
Buffers:           37960 kB
Cached:           690608 kB
MemTotal:        1844596 kB
MemFree:          915200 kB
MemAvailable:    1537616 kB
Buffers:           37960 kB
Cached:           690608 kB
MemTotal:        1844596 kB
MemFree:          916684 kB
MemAvailable:    1539100 kB
Buffers:           37960 kB
Cached:           690608 kB
MemTotal:        1844596 kB
MemFree:          916852 kB
MemAvailable:    1539268 kB
Buffers:           37960 kB
Cached:           690608 kB
MemTotal:        1844596 kB
MemFree:          917844 kB
MemAvailable:    1540260 kB
Buffers:           37960 kB
Cached:           690608 kB
MemTotal:        1844596 kB
MemFree:          916632 kB
MemAvailable:    1539048 kB
Buffers:           37960 kB
Cached:           690608 kB
MemTotal:        1844596 kB
MemFree:          917500 kB
MemAvailable:    1539916 kB
Buffers:           37960 kB
Cached:           690608 kB
MemTotal:        1844596 kB
MemFree:          914880 kB
MemAvailable:    1537296 kB
Buffers:           37960 kB
Cached:           690608 kB
MemTotal:        1844596 kB
MemFree:          915092 kB
MemAvailable:    1537508 kB
Buffers:           37960 kB
Cached:           690608 kB
MemTotal:        1844596 kB
MemFree:          914484 kB
MemAvailable:    1536900 kB
Buffers:           37960 kB
Cached:           690608 kB
MemTotal:        1844596 kB
MemFree:          913392 kB
MemAvailable:    1535808 kB
Buffers:           37960 kB
Cached:           690608 kB
MemTotal:        1844596 kB
MemFree:          913476 kB
MemAvailable:    1535892 kB
Buffers:           37960 kB
Cached:           690608 kB
MemTotal:        1844596 kB
MemFree:          912896 kB
MemAvailable:    1535312 kB
Buffers:           37960 kB
Cached:           690608 kB
MemTotal:        1844596 kB
MemFree:          913108 kB
MemAvailable:    1535524 kB
Buffers:           37960 kB
Cached:           690608 kB
MemTotal:        1844596 kB
MemFree:          911548 kB
MemAvailable:    1533964 kB
Buffers:           37960 kB
Cached:           690608 kB
MemTotal:        1844596 kB
MemFree:          911292 kB
MemAvailable:    1533708 kB
Buffers:           37960 kB
Cached:           690608 kB
MemTotal:        1844596 kB
MemFree:          912484 kB
MemAvailable:    1534900 kB
Buffers:           37960 kB
Cached:           690608 kB
MemTotal:        1844596 kB
MemFree:          912484 kB
MemAvailable:    1534900 kB
Buffers:           37960 kB
Cached:           690608 kB
MemTotal:        1844596 kB
MemFree:          912452 kB
MemAvailable:    1534868 kB
Buffers:           37960 kB
Cached:           690608 kB
MemTotal:        1844596 kB
MemFree:          912452 kB
MemAvailable:    1534868 kB
Buffers:           37960 kB
Cached:           690608 kB
MemTotal:        1844596 kB
MemFree:          912224 kB
MemAvailable:    1534648 kB
Buffers:           37960 kB
Cached:           690616 kB
MemTotal:        1844596 kB
MemFree:          910640 kB
MemAvailable:    1533064 kB
Buffers:           37960 kB
Cached:           690616 kB
MemTotal:        1844596 kB
MemFree:          910680 kB
MemAvailable:    1533104 kB
Buffers:           37960 kB
Cached:           690616 kB
MemTotal:        1844596 kB
MemFree:          911980 kB
MemAvailable:    1534404 kB
Buffers:           37960 kB
Cached:           690616 kB
MemTotal:        1844596 kB
MemFree:          910804 kB
MemAvailable:    1533228 kB
Buffers:           37960 kB
Cached:           690616 kB
MemTotal:        1844596 kB
MemFree:          911536 kB
MemAvailable:    1533960 kB
Buffers:           37960 kB
Cached:           690616 kB
MemTotal:        1844596 kB
MemFree:          910124 kB
MemAvailable:    1532548 kB
Buffers:           37960 kB
Cached:           690616 kB
MemTotal:        1844596 kB
MemFree:          910240 kB
MemAvailable:    1532664 kB
Buffers:           37960 kB
Cached:           690616 kB
MemTotal:        1844596 kB
MemFree:          911348 kB
MemAvailable:    1533772 kB
Buffers:           37960 kB
Cached:           690616 kB
MemTotal:        1844596 kB
MemFree:          911432 kB
MemAvailable:    1533856 kB
Buffers:           37960 kB
Cached:           690616 kB
MemTotal:        1844596 kB
MemFree:          911604 kB
MemAvailable:    1534028 kB
Buffers:           37960 kB
Cached:           690616 kB
MemTotal:        1844596 kB
MemFree:          911660 kB
MemAvailable:    1534084 kB
Buffers:           37960 kB
Cached:           690616 kB
MemTotal:        1844596 kB
MemFree:          911504 kB
MemAvailable:    1533928 kB
Buffers:           37960 kB
Cached:           690616 kB
MemTotal:        1844596 kB
MemFree:          911672 kB
MemAvailable:    1534096 kB
Buffers:           37960 kB
Cached:           690616 kB
MemTotal:        1844596 kB
MemFree:          911548 kB
MemAvailable:    1533972 kB
Buffers:           37960 kB
Cached:           690616 kB
MemTotal:        1844596 kB
MemFree:          910176 kB
MemAvailable:    1532600 kB
Buffers:           37960 kB
Cached:           690616 kB
MemTotal:        1844596 kB
MemFree:          911276 kB
MemAvailable:    1533700 kB
Buffers:           37960 kB
Cached:           690616 kB
MemTotal:        1844596 kB
MemFree:          911276 kB
MemAvailable:    1533700 kB
Buffers:           37960 kB
Cached:           690616 kB
MemTotal:        1844596 kB
MemFree:          909664 kB
MemAvailable:    1532088 kB
Buffers:           37960 kB
Cached:           690616 kB
MemTotal:        1844596 kB
MemFree:          910664 kB
MemAvailable:    1533088 kB
Buffers:           37960 kB
Cached:           690616 kB
MemTotal:        1844596 kB
MemFree:          910664 kB
MemAvailable:    1533088 kB
Buffers:           37960 kB
Cached:           690616 kB
MemTotal:        1844596 kB
MemFree:          910492 kB
MemAvailable:    1532916 kB
Buffers:           37960 kB
Cached:           690616 kB
MemTotal:        1844596 kB
MemFree:          910748 kB
MemAvailable:    1533172 kB
Buffers:           37960 kB
Cached:           690616 kB
MemTotal:        1844596 kB
MemFree:          910596 kB
MemAvailable:    1533020 kB
Buffers:           37960 kB
Cached:           690616 kB
MemTotal:        1844596 kB
MemFree:          909248 kB
MemAvailable:    1531672 kB
Buffers:           37960 kB
Cached:           690616 kB
MemTotal:        1844596 kB
MemFree:          910604 kB
MemAvailable:    1533028 kB
Buffers:           37960 kB
Cached:           690616 kB
MemTotal:        1844596 kB
MemFree:          910608 kB
MemAvailable:    1533032 kB
Buffers:           37960 kB
Cached:           690616 kB
MemTotal:        1844596 kB
MemFree:          909360 kB
MemAvailable:    1531784 kB
Buffers:           37960 kB
Cached:           690616 kB
MemTotal:        1844596 kB
MemFree:          909236 kB
MemAvailable:    1531660 kB
Buffers:           37960 kB
Cached:           690616 kB
MemTotal:        1844596 kB
MemFree:          910336 kB
MemAvailable:    1532760 kB
Buffers:           37960 kB
Cached:           690616 kB
MemTotal:        1844596 kB
MemFree:          910508 kB
MemAvailable:    1532932 kB
Buffers:           37960 kB
Cached:           690616 kB
MemTotal:        1844596 kB
MemFree:          908432 kB
MemAvailable:    1530856 kB
Buffers:           37960 kB
Cached:           690616 kB
MemTotal:        1844596 kB
MemFree:          908644 kB
MemAvailable:    1531068 kB
Buffers:           37960 kB
Cached:           690616 kB
MemTotal:        1844596 kB
MemFree:          904968 kB
MemAvailable:    1527392 kB
Buffers:           37960 kB
Cached:           690616 kB
MemTotal:        1844596 kB
MemFree:          902000 kB
MemAvailable:    1524424 kB
Buffers:           37960 kB
Cached:           690616 kB
MemTotal:        1844596 kB
MemFree:          901876 kB
MemAvailable:    1524300 kB
Buffers:           37960 kB
Cached:           690616 kB
MemTotal:        1844596 kB
MemFree:          901992 kB
MemAvailable:    1524416 kB
Buffers:           37960 kB
Cached:           690616 kB
MemTotal:        1844596 kB
MemFree:          901504 kB
MemAvailable:    1523928 kB
Buffers:           37960 kB
Cached:           690616 kB
MemTotal:        1844596 kB
MemFree:          901628 kB
MemAvailable:    1524052 kB
Buffers:           37960 kB
Cached:           690616 kB
MemTotal:        1844596 kB
MemFree:          902632 kB
MemAvailable:    1525056 kB
Buffers:           37960 kB
Cached:           690616 kB
MemTotal:        1844596 kB
MemFree:          901628 kB
MemAvailable:    1524052 kB
Buffers:           37960 kB
Cached:           690616 kB
MemTotal:        1844596 kB
MemFree:          902704 kB
MemAvailable:    1525128 kB
Buffers:           37960 kB
Cached:           690616 kB
MemTotal:        1844596 kB
MemFree:          901628 kB
MemAvailable:    1524052 kB
Buffers:           37960 kB
Cached:           690616 kB
MemTotal:        1844596 kB
MemFree:          902476 kB
MemAvailable:    1524900 kB
Buffers:           37960 kB
Cached:           690616 kB
MemTotal:        1844596 kB
MemFree:          902732 kB
MemAvailable:    1525156 kB
Buffers:           37960 kB
Cached:           690616 kB
MemTotal:        1844596 kB
MemFree:          901360 kB
MemAvailable:    1523784 kB
Buffers:           37960 kB
Cached:           690616 kB
MemTotal:        1844596 kB
MemFree:          902420 kB
MemAvailable:    1524844 kB
Buffers:           37960 kB
Cached:           690616 kB
MemTotal:        1844596 kB
MemFree:          902480 kB
MemAvailable:    1524904 kB
Buffers:           37960 kB
Cached:           690616 kB
MemTotal:        1844596 kB
MemFree:          901360 kB
MemAvailable:    1523784 kB
Buffers:           37960 kB
Cached:           690616 kB
MemTotal:        1844596 kB
MemFree:          901876 kB
MemAvailable:    1524300 kB
Buffers:           37960 kB
Cached:           690616 kB
MemTotal:        1844596 kB
MemFree:          902424 kB
MemAvailable:    1524848 kB
Buffers:           37960 kB
Cached:           690616 kB
MemTotal:        1844596 kB
MemFree:          902060 kB
MemAvailable:    1524484 kB
Buffers:           37960 kB
Cached:           690616 kB
MemTotal:        1844596 kB
MemFree:          900876 kB
MemAvailable:    1523300 kB
Buffers:           37960 kB
Cached:           690616 kB
MemTotal:        1844596 kB
MemFree:          901660 kB
MemAvailable:    1524084 kB
Buffers:           37960 kB
Cached:           690616 kB
MemTotal:        1844596 kB
MemFree:          900636 kB
MemAvailable:    1523060 kB
Buffers:           37960 kB
Cached:           690616 kB
MemTotal:        1844596 kB
MemFree:          901200 kB
MemAvailable:    1523624 kB
Buffers:           37960 kB
Cached:           690616 kB
MemTotal:        1844596 kB
MemFree:          901004 kB
MemAvailable:    1523428 kB
Buffers:           37960 kB
Cached:           690616 kB
MemTotal:        1844596 kB
MemFree:          899820 kB
MemAvailable:    1522244 kB
Buffers:           37960 kB
Cached:           690616 kB
MemTotal:        1844596 kB
MemFree:          900936 kB
MemAvailable:    1523360 kB
Buffers:           37960 kB
Cached:           690616 kB
MemTotal:        1844596 kB
MemFree:          899752 kB
MemAvailable:    1522176 kB
Buffers:           37960 kB
Cached:           690616 kB
MemTotal:        1844596 kB
MemFree:          899520 kB
MemAvailable:    1521944 kB
Buffers:           37960 kB
Cached:           690616 kB
MemTotal:        1844596 kB
MemFree:          899524 kB
MemAvailable:    1521948 kB
Buffers:           37960 kB
Cached:           690616 kB
MemTotal:        1844596 kB
MemFree:          898404 kB
MemAvailable:    1520828 kB
Buffers:           37960 kB
Cached:           690616 kB
MemTotal:        1844596 kB
MemFree:          899396 kB
MemAvailable:    1521820 kB
Buffers:           37960 kB
Cached:           690616 kB
MemTotal:        1844596 kB
MemFree:          899140 kB
MemAvailable:    1521564 kB
Buffers:           37960 kB
Cached:           690616 kB
MemTotal:        1844596 kB
MemFree:          899068 kB
MemAvailable:    1521492 kB
Buffers:           37960 kB
Cached:           690616 kB
MemTotal:        1844596 kB
MemFree:          897784 kB
MemAvailable:    1520208 kB
Buffers:           37960 kB
Cached:           690616 kB
MemTotal:        1844596 kB
MemFree:          898692 kB
MemAvailable:    1521116 kB
Buffers:           37960 kB
Cached:           690616 kB
MemTotal:        1844596 kB
MemFree:          898880 kB
MemAvailable:    1521304 kB
Buffers:           37960 kB
Cached:           690616 kB
MemTotal:        1844596 kB
MemFree:          898852 kB
MemAvailable:    1521276 kB
Buffers:           37960 kB
Cached:           690616 kB
MemTotal:        1844596 kB
MemFree:          898860 kB
MemAvailable:    1521284 kB
Buffers:           37960 kB
Cached:           690616 kB
MemTotal:        1844596 kB
MemFree:          898688 kB
MemAvailable:    1521112 kB
Buffers:           37960 kB
Cached:           690616 kB
MemTotal:        1844596 kB
MemFree:          898860 kB
MemAvailable:    1521284 kB
Buffers:           37960 kB
Cached:           690616 kB
MemTotal:        1844596 kB
MemFree:          897528 kB
MemAvailable:    1519952 kB
Buffers:           37960 kB
Cached:           690616 kB
MemTotal:        1844596 kB
MemFree:          898728 kB
MemAvailable:    1521152 kB
Buffers:           37960 kB
Cached:           690616 kB
MemTotal:        1844596 kB
MemFree:          898332 kB
MemAvailable:    1520756 kB
Buffers:           37960 kB
Cached:           690616 kB
MemTotal:        1844596 kB
MemFree:          898332 kB
MemAvailable:    1520756 kB
Buffers:           37960 kB
Cached:           690616 kB
MemTotal:        1844596 kB
MemFree:          896736 kB
MemAvailable:    1519160 kB
Buffers:           37960 kB
Cached:           690616 kB
MemTotal:        1844596 kB
MemFree:          892204 kB
MemAvailable:    1514628 kB
Buffers:           37960 kB
Cached:           690616 kB
MemTotal:        1844596 kB
MemFree:          892328 kB
MemAvailable:    1514752 kB
Buffers:           37960 kB
Cached:           690616 kB
MemTotal:        1844596 kB
MemFree:          892452 kB
MemAvailable:    1514888 kB
Buffers:           37960 kB
Cached:           690628 kB
MemTotal:        1844596 kB
MemFree:          893444 kB
MemAvailable:    1515880 kB
Buffers:           37960 kB
Cached:           690628 kB
MemTotal:        1844596 kB
MemFree:          893248 kB
MemAvailable:    1515684 kB
Buffers:           37960 kB
Cached:           690628 kB
MemTotal:        1844596 kB
MemFree:          891816 kB
MemAvailable:    1514252 kB
Buffers:           37960 kB
Cached:           690628 kB
MemTotal:        1844596 kB
MemFree:          891808 kB
MemAvailable:    1514244 kB
Buffers:           37960 kB
Cached:           690628 kB
MemTotal:        1844596 kB
MemFree:          891816 kB
MemAvailable:    1514252 kB
Buffers:           37960 kB
Cached:           690628 kB
MemTotal:        1844596 kB
MemFree:          892684 kB
MemAvailable:    1515120 kB
Buffers:           37960 kB
Cached:           690628 kB
MemTotal:        1844596 kB
MemFree:          893020 kB
MemAvailable:    1515456 kB
Buffers:           37960 kB
Cached:           690628 kB
MemTotal:        1844596 kB
MemFree:          892576 kB
MemAvailable:    1515012 kB
Buffers:           37960 kB
Cached:           690628 kB
MemTotal:        1844596 kB
MemFree:          890592 kB
MemAvailable:    1513028 kB
Buffers:           37960 kB
Cached:           690628 kB
MemTotal:        1844596 kB
MemFree:          889964 kB
MemAvailable:    1512400 kB
Buffers:           37960 kB
Cached:           690628 kB
MemTotal:        1844596 kB
MemFree:          888732 kB
MemAvailable:    1511168 kB
Buffers:           37960 kB
Cached:           690628 kB
MemTotal:        1844596 kB
MemFree:          889532 kB
MemAvailable:    1511968 kB
Buffers:           37960 kB
Cached:           690628 kB
MemTotal:        1844596 kB
MemFree:          889532 kB
MemAvailable:    1511968 kB
Buffers:           37960 kB
Cached:           690628 kB
MemTotal:        1844596 kB
MemFree:          889504 kB
MemAvailable:    1511940 kB
Buffers:           37960 kB
Cached:           690628 kB
MemTotal:        1844596 kB
MemFree:          889676 kB
MemAvailable:    1512112 kB
Buffers:           37960 kB
Cached:           690628 kB
MemTotal:        1844596 kB
MemFree:          888340 kB
MemAvailable:    1510776 kB
Buffers:           37960 kB
Cached:           690628 kB
MemTotal:        1844596 kB
MemFree:          888340 kB
MemAvailable:    1510776 kB
Buffers:           37960 kB
Cached:           690628 kB
MemTotal:        1844596 kB
MemFree:          889352 kB
MemAvailable:    1511788 kB
Buffers:           37960 kB
Cached:           690628 kB
MemTotal:        1844596 kB
MemFree:          891556 kB
MemAvailable:    1513992 kB
Buffers:           37960 kB
Cached:           690628 kB
MemTotal:        1844596 kB
MemFree:          891604 kB
MemAvailable:    1514040 kB
Buffers:           37960 kB
Cached:           690628 kB
MemTotal:        1844596 kB
MemFree:          891348 kB
MemAvailable:    1513952 kB
Buffers:           37960 kB
Cached:           690752 kB
MemTotal:        1844596 kB
MemFree:          891384 kB
MemAvailable:    1514072 kB
Buffers:           37960 kB
Cached:           690876 kB
MemTotal:        1844596 kB
MemFree:          890344 kB
MemAvailable:    1513116 kB
Buffers:           37960 kB
Cached:           691000 kB
MemTotal:        1844596 kB
MemFree:          891060 kB
MemAvailable:    1514000 kB
Buffers:           37960 kB
Cached:           691124 kB
MemTotal:        1844596 kB
MemFree:          891200 kB
MemAvailable:    1514056 kB
Buffers:           37960 kB
Cached:           691124 kB
MemTotal:        1844596 kB
MemFree:          890764 kB
MemAvailable:    1513788 kB
Buffers:           37960 kB
Cached:           691248 kB
MemTotal:        1844596 kB
MemFree:          890764 kB
MemAvailable:    1513788 kB
Buffers:           37960 kB
Cached:           691248 kB
MemTotal:        1844596 kB
MemFree:          891008 kB
MemAvailable:    1514116 kB
Buffers:           37960 kB
Cached:           691372 kB
MemTotal:        1844596 kB
MemFree:          890700 kB
MemAvailable:    1513808 kB
Buffers:           37960 kB
Cached:           691372 kB
MemTotal:        1844596 kB
MemFree:          890700 kB
MemAvailable:    1513808 kB
Buffers:           37960 kB
Cached:           691372 kB
MemTotal:        1844596 kB
MemFree:          891132 kB
MemAvailable:    1514240 kB
Buffers:           37960 kB
Cached:           691372 kB
MemTotal:        1844596 kB
MemFree:          889540 kB
MemAvailable:    1512648 kB
Buffers:           37960 kB
Cached:           691372 kB
MemTotal:        1844596 kB
MemFree:          890468 kB
MemAvailable:    1513576 kB
Buffers:           37960 kB
Cached:           691372 kB
MemTotal:        1844596 kB
MemFree:          890772 kB
MemAvailable:    1513880 kB
Buffers:           37960 kB
Cached:           691372 kB
MemTotal:        1844596 kB
MemFree:          891024 kB
MemAvailable:    1514132 kB
Buffers:           37960 kB
Cached:           691372 kB
MemTotal:        1844596 kB
MemFree:          890180 kB
MemAvailable:    1512616 kB
Buffers:           37960 kB
Cached:           690616 kB
MemTotal:        1844596 kB
MemFree:          958656 kB
MemAvailable:    1581092 kB
Buffers:           37960 kB
Cached:           690616 kB
