MemTotal:        1844596 kB
MemFree:          890964 kB
MemAvailable:    1545888 kB
Buffers:           42512 kB
Cached:           721968 kB
MemTotal:        1844596 kB
MemFree:          890220 kB
MemAvailable:    1545144 kB
Buffers:           42512 kB
Cached:           721968 kB
MemTotal:        1844596 kB
MemFree:          889856 kB
MemAvailable:    1544780 kB
Buffers:           42512 kB
Cached:           721968 kB
MemTotal:        1844596 kB
MemFree:          889740 kB
MemAvailable:    1544664 kB
Buffers:           42512 kB
Cached:           721968 kB
MemTotal:        1844596 kB
MemFree:          886996 kB
MemAvailable:    1541920 kB
Buffers:           42512 kB
Cached:           721968 kB
MemTotal:        1844596 kB
MemFree:          887136 kB
MemAvailable:    1542060 kB
Buffers:           42512 kB
Cached:           721968 kB
MemTotal:        1844596 kB
MemFree:          887468 kB
MemAvailable:    1542392 kB
Buffers:           42512 kB
Cached:           721968 kB
MemTotal:        1844596 kB
MemFree:          885268 kB
MemAvailable:    1540196 kB
Buffers:           42512 kB
Cached:           721972 kB
MemTotal:        1844596 kB
MemFree:          885152 kB
MemAvailable:    1540080 kB
Buffers:           42512 kB
Cached:           721972 kB
MemTotal:        1844596 kB
MemFree:          881764 kB
MemAvailable:    1536692 kB
Buffers:           42512 kB
Cached:           721972 kB
MemTotal:        1844596 kB
MemFree:          878332 kB
MemAvailable:    1533260 kB
Buffers:           42512 kB
Cached:           721972 kB
MemTotal:        1844596 kB
MemFree:          878448 kB
MemAvailable:    1533376 kB
Buffers:           42512 kB
Cached:           721972 kB
MemTotal:        1844596 kB
MemFree:          878700 kB
MemAvailable:    1533628 kB
Buffers:           42512 kB
Cached:           721972 kB
MemTotal:        1844596 kB
MemFree:          877160 kB
MemAvailable:    1532088 kB
Buffers:           42512 kB
Cached:           721972 kB
MemTotal:        1844596 kB
MemFree:          877204 kB
MemAvailable:    1532132 kB
Buffers:           42512 kB
Cached:           721972 kB
MemTotal:        1844596 kB
MemFree:          878588 kB
MemAvailable:    1533516 kB
Buffers:           42512 kB
Cached:           721972 kB
MemTotal:        1844596 kB
MemFree:          877032 kB
MemAvailable:    1531960 kB
Buffers:           42512 kB
Cached:           721972 kB
MemTotal:        1844596 kB
MemFree:          878256 kB
MemAvailable:    1533184 kB
Buffers:           42512 kB
Cached:           721972 kB
MemTotal:        1844596 kB
MemFree:          877588 kB
MemAvailable:    1532516 kB
Buffers:           42512 kB
Cached:           721972 kB
MemTotal:        1844596 kB
MemFree:          876456 kB
MemAvailable:    1531384 kB
Buffers:           42512 kB
Cached:           721972 kB
MemTotal:        1844596 kB
MemFree:          876792 kB
MemAvailable:    1531720 kB
Buffers:           42512 kB
Cached:           721972 kB
MemTotal:        1844596 kB
MemFree:          875960 kB
MemAvailable:    1530888 kB
Buffers:           42512 kB
Cached:           721972 kB
MemTotal:        1844596 kB
MemFree:          876296 kB
MemAvailable:    1531224 kB
Buffers:           42512 kB
Cached:           721972 kB
MemTotal:        1844596 kB
MemFree:          874720 kB
MemAvailable:    1529648 kB
Buffers:           42512 kB
Cached:           721972 kB
MemTotal:        1844596 kB
MemFree:          874976 kB
MemAvailable:    1529904 kB
Buffers:           42512 kB
Cached:           721972 kB
MemTotal:        1844596 kB
MemFree:          876320 kB
MemAvailable:    1531248 kB
Buffers:           42512 kB
Cached:           721972 kB
MemTotal:        1844596 kB
MemFree:          874728 kB
MemAvailable:    1529656 kB
Buffers:           42512 kB
Cached:           721972 kB
MemTotal:        1844596 kB
MemFree:          874976 kB
MemAvailable:    1529904 kB
Buffers:           42512 kB
Cached:           721972 kB
MemTotal:        1844596 kB
MemFree:          874860 kB
MemAvailable:    1529788 kB
Buffers:           42512 kB
Cached:           721972 kB
MemTotal:        1844596 kB
MemFree:          877200 kB
MemAvailable:    1532128 kB
Buffers:           42512 kB
Cached:           721972 kB
MemTotal:        1844596 kB
MemFree:          877284 kB
MemAvailable:    1532212 kB
Buffers:           42512 kB
Cached:           721972 kB
MemTotal:        1844596 kB
MemFree:          876844 kB
MemAvailable:    1531772 kB
Buffers:           42512 kB
Cached:           721972 kB
MemTotal:        1844596 kB
MemFree:          874736 kB
MemAvailable:    1529664 kB
Buffers:           42512 kB
Cached:           721972 kB
MemTotal:        1844596 kB
MemFree:          873736 kB
MemAvailable:    1528664 kB
Buffers:           42512 kB
Cached:           721972 kB
MemTotal:        1844596 kB
MemFree:          872488 kB
MemAvailable:    1527416 kB
Buffers:           42512 kB
Cached:           721972 kB
MemTotal:        1844596 kB
MemFree:          872936 kB
MemAvailable:    1527864 kB
Buffers:           42512 kB
Cached:           721972 kB
MemTotal:        1844596 kB
MemFree:          871628 kB
MemAvailable:    1526556 kB
Buffers:           42512 kB
Cached:           721972 kB
MemTotal:        1844596 kB
MemFree:          871264 kB
MemAvailable:    1526192 kB
Buffers:           42512 kB
Cached:           721972 kB
MemTotal:        1844596 kB
MemFree:          872124 kB
MemAvailable:    1527052 kB
Buffers:           42512 kB
Cached:           721972 kB
MemTotal:        1844596 kB
MemFree:          871696 kB
MemAvailable:    1526624 kB
Buffers:           42512 kB
Cached:           721972 kB
MemTotal:        1844596 kB
MemFree:          871948 kB
MemAvailable:    1526876 kB
Buffers:           42512 kB
Cached:           721972 kB
MemTotal:        1844596 kB
MemFree:          872060 kB
MemAvailable:    1526988 kB
Buffers:           42512 kB
Cached:           721972 kB
MemTotal:        1844596 kB
MemFree:          870500 kB
MemAvailable:    1525428 kB
Buffers:           42512 kB
Cached:           721972 kB
MemTotal:        1844596 kB
MemFree:          871760 kB
MemAvailable:    1526688 kB
Buffers:           42512 kB
Cached:           721972 kB
MemTotal:        1844596 kB
MemFree:          871436 kB
MemAvailable:    1526364 kB
Buffers:           42512 kB
Cached:           721972 kB
MemTotal:        1844596 kB
MemFree:          871520 kB
MemAvailable:    1526448 kB
Buffers:           42512 kB
Cached:           721972 kB
MemTotal:        1844596 kB
MemFree:          870008 kB
MemAvailable:    1524936 kB
Buffers:           42512 kB
Cached:           721972 kB
MemTotal:        1844596 kB
MemFree:          871140 kB
MemAvailable:    1526068 kB
Buffers:           42512 kB
Cached:           721972 kB
MemTotal:        1844596 kB
MemFree:          870712 kB
MemAvailable:    1525640 kB
Buffers:           42512 kB
Cached:           721972 kB
MemTotal:        1844596 kB
MemFree:          870676 kB
MemAvailable:    1525604 kB
Buffers:           42512 kB
Cached:           721972 kB
MemTotal:        1844596 kB
MemFree:          870692 kB
MemAvailable:    1525620 kB
Buffers:           42512 kB
Cached:           721972 kB
MemTotal:        1844596 kB
MemFree:          870396 kB
MemAvailable:    1525324 kB
Buffers:           42512 kB
Cached:           721972 kB
MemTotal:        1844596 kB
MemFree:          870880 kB
MemAvailable:    1525808 kB
Buffers:           42512 kB
Cached:           721972 kB
MemTotal:        1844596 kB
MemFree:          870936 kB
MemAvailable:    1525864 kB
Buffers:           42512 kB
Cached:           721972 kB
MemTotal:        1844596 kB
MemFree:          870396 kB
MemAvailable:    1525324 kB
Buffers:           42512 kB
Cached:           721972 kB
MemTotal:        1844596 kB
MemFree:          870616 kB
MemAvailable:    1525544 kB
Buffers:           42512 kB
Cached:           721972 kB
MemTotal:        1844596 kB
MemFree:          870952 kB
MemAvailable:    1525880 kB
Buffers:           42512 kB
Cached:           721972 kB
MemTotal:        1844596 kB
MemFree:          870708 kB
MemAvailable:    1525636 kB
Buffers:           42512 kB
Cached:           721972 kB
MemTotal:        1844596 kB
MemFree:          869588 kB
MemAvailable:    1524516 kB
Buffers:           42512 kB
Cached:           721972 kB
MemTotal:        1844596 kB
MemFree:          869332 kB
MemAvailable:    1524260 kB
Buffers:           42512 kB
Cached:           721972 kB
MemTotal:        1844596 kB
MemFree:          869456 kB
MemAvailable:    1524384 kB
Buffers:           42512 kB
Cached:           721972 kB
MemTotal:        1844596 kB
MemFree:          869324 kB
MemAvailable:    1524252 kB
Buffers:           42512 kB
Cached:           721972 kB
MemTotal:        1844596 kB
MemFree:          870480 kB
MemAvailable:    1525408 kB
Buffers:           42512 kB
Cached:           721972 kB
MemTotal:        1844596 kB
MemFree:          869148 kB
MemAvailable:    1524076 kB
Buffers:           42512 kB
Cached:           721972 kB
MemTotal:        1844596 kB
MemFree:          870076 kB
MemAvailable:    1525004 kB
Buffers:           42512 kB
Cached:           721972 kB
MemTotal:        1844596 kB
MemFree:          869844 kB
MemAvailable:    1524772 kB
Buffers:           42512 kB
Cached:           721972 kB
MemTotal:        1844596 kB
MemFree:          869908 kB
MemAvailable:    1524836 kB
Buffers:           42512 kB
Cached:           721972 kB
MemTotal:        1844596 kB
MemFree:          868520 kB
MemAvailable:    1523448 kB
Buffers:           42512 kB
Cached:           721972 kB
MemTotal:        1844596 kB
MemFree:          868528 kB
MemAvailable:    1523456 kB
Buffers:           42512 kB
Cached:           721972 kB
MemTotal:        1844596 kB
MemFree:          868892 kB
MemAvailable:    1523820 kB
Buffers:           42512 kB
Cached:           721972 kB
MemTotal:        1844596 kB
MemFree:          869844 kB
MemAvailable:    1524772 kB
Buffers:           42512 kB
Cached:           721972 kB
MemTotal:        1844596 kB
MemFree:          869784 kB
MemAvailable:    1524712 kB
Buffers:           42512 kB
Cached:           721972 kB
MemTotal:        1844596 kB
MemFree:          869696 kB
MemAvailable:    1524624 kB
Buffers:           42512 kB
Cached:           721972 kB
MemTotal:        1844596 kB
MemFree:          869712 kB
MemAvailable:    1524640 kB
Buffers:           42512 kB
Cached:           721972 kB
MemTotal:        1844596 kB
MemFree:          869652 kB
MemAvailable:    1524580 kB
Buffers:           42512 kB
Cached:           721972 kB
MemTotal:        1844596 kB
MemFree:          868464 kB
MemAvailable:    1523392 kB
Buffers:           42512 kB
Cached:           721972 kB
MemTotal:        1844596 kB
MemFree:          867480 kB
MemAvailable:    1522408 kB
Buffers:           42512 kB
Cached:           721972 kB
MemTotal:        1844596 kB
MemFree:          864692 kB
MemAvailable:    1519620 kB
Buffers:           42512 kB
Cached:           721972 kB
MemTotal:        1844596 kB
MemFree:          862436 kB
MemAvailable:    1517364 kB
Buffers:           42512 kB
Cached:           721972 kB
MemTotal:        1844596 kB
MemFree:          862436 kB
MemAvailable:    1517364 kB
Buffers:           42512 kB
Cached:           721972 kB
MemTotal:        1844596 kB
MemFree:          860908 kB
MemAvailable:    1515836 kB
Buffers:           42512 kB
Cached:           721972 kB
MemTotal:        1844596 kB
MemFree:          860784 kB
MemAvailable:    1515712 kB
Buffers:           42512 kB
Cached:           721972 kB
MemTotal:        1844596 kB
MemFree:          862148 kB
MemAvailable:    1517076 kB
Buffers:           42512 kB
Cached:           721972 kB
MemTotal:        1844596 kB
MemFree:          861900 kB
MemAvailable:    1516828 kB
Buffers:           42512 kB
Cached:           721972 kB
MemTotal:        1844596 kB
MemFree:          861964 kB
MemAvailable:    1516892 kB
Buffers:           42512 kB
Cached:           721972 kB
MemTotal:        1844596 kB
MemFree:          861744 kB
MemAvailable:    1516680 kB
Buffers:           42512 kB
Cached:           721980 kB
MemTotal:        1844596 kB
MemFree:          861592 kB
MemAvailable:    1516528 kB
Buffers:           42512 kB
Cached:           721980 kB
MemTotal:        1844596 kB
MemFree:          860668 kB
MemAvailable:    1515604 kB
Buffers:           42512 kB
Cached:           721980 kB
MemTotal:        1844596 kB
MemFree:          860836 kB
MemAvailable:    1515772 kB
Buffers:           42512 kB
Cached:           721980 kB
MemTotal:        1844596 kB
MemFree:          861416 kB
MemAvailable:    1516352 kB
Buffers:           42512 kB
Cached:           721980 kB
MemTotal:        1844596 kB
MemFree:          861932 kB
MemAvailable:    1516868 kB
Buffers:           42512 kB
Cached:           721980 kB
MemTotal:        1844596 kB
MemFree:          862168 kB
MemAvailable:    1517104 kB
Buffers:           42512 kB
Cached:           721980 kB
MemTotal:        1844596 kB
MemFree:          860584 kB
MemAvailable:    1515520 kB
Buffers:           42512 kB
Cached:           721980 kB
MemTotal:        1844596 kB
MemFree:          860592 kB
MemAvailable:    1515528 kB
Buffers:           42512 kB
Cached:           721980 kB
MemTotal:        1844596 kB
MemFree:          861884 kB
MemAvailable:    1516820 kB
Buffers:           42512 kB
Cached:           721980 kB
MemTotal:        1844596 kB
MemFree:          860972 kB
MemAvailable:    1515908 kB
Buffers:           42512 kB
Cached:           721980 kB
MemTotal:        1844596 kB
MemFree:          861148 kB
MemAvailable:    1516084 kB
Buffers:           42512 kB
Cached:           721980 kB
MemTotal:        1844596 kB
MemFree:          861148 kB
MemAvailable:    1516084 kB
Buffers:           42512 kB
Cached:           721980 kB
MemTotal:        1844596 kB
MemFree:          859668 kB
MemAvailable:    1514604 kB
Buffers:           42512 kB
Cached:           721980 kB
MemTotal:        1844596 kB
MemFree:          860972 kB
MemAvailable:    1515908 kB
Buffers:           42512 kB
Cached:           721980 kB
MemTotal:        1844596 kB
MemFree:          860336 kB
MemAvailable:    1515272 kB
Buffers:           42512 kB
Cached:           721980 kB
MemTotal:        1844596 kB
MemFree:          860336 kB
MemAvailable:    1515272 kB
Buffers:           42512 kB
Cached:           721980 kB
MemTotal:        1844596 kB
MemFree:          859112 kB
MemAvailable:    1514048 kB
Buffers:           42512 kB
Cached:           721980 kB
MemTotal:        1844596 kB
MemFree:          857824 kB
MemAvailable:    1512760 kB
Buffers:           42512 kB
Cached:           721980 kB
MemTotal:        1844596 kB
MemFree:          858352 kB
MemAvailable:    1513288 kB
Buffers:           42512 kB
Cached:           721980 kB
MemTotal:        1844596 kB
MemFree:          858436 kB
MemAvailable:    1513372 kB
Buffers:           42512 kB
Cached:           721980 kB
MemTotal:        1844596 kB
MemFree:          858356 kB
MemAvailable:    1513292 kB
Buffers:           42512 kB
Cached:           721980 kB
MemTotal:        1844596 kB
MemFree:          858244 kB
MemAvailable:    1513180 kB
Buffers:           42512 kB
Cached:           721980 kB
MemTotal:        1844596 kB
MemFree:          857624 kB
MemAvailable:    1512560 kB
Buffers:           42512 kB
Cached:           721980 kB
MemTotal:        1844596 kB
MemFree:          857924 kB
MemAvailable:    1512860 kB
Buffers:           42512 kB
Cached:           721980 kB
MemTotal:        1844596 kB
MemFree:          858260 kB
MemAvailable:    1513196 kB
Buffers:           42512 kB
Cached:           721980 kB
MemTotal:        1844596 kB
MemFree:          856808 kB
MemAvailable:    1511744 kB
Buffers:           42512 kB
Cached:           721980 kB
MemTotal:        1844596 kB
MemFree:          856816 kB
MemAvailable:    1511752 kB
Buffers:           42512 kB
Cached:           721980 kB
MemTotal:        1844596 kB
MemFree:          858084 kB
MemAvailable:    1513020 kB
Buffers:           42512 kB
Cached:           721980 kB
MemTotal:        1844596 kB
MemFree:          858168 kB
MemAvailable:    1513104 kB
Buffers:           42512 kB
Cached:           721980 kB
MemTotal:        1844596 kB
MemFree:          856692 kB
MemAvailable:    1511628 kB
Buffers:           42512 kB
Cached:           721980 kB
MemTotal:        1844596 kB
MemFree:          858108 kB
MemAvailable:    1513044 kB
Buffers:           42512 kB
Cached:           721980 kB
MemTotal:        1844596 kB
MemFree:          858060 kB
MemAvailable:    1512996 kB
Buffers:           42512 kB
Cached:           721980 kB
MemTotal:        1844596 kB
MemFree:          856384 kB
MemAvailable:    1511320 kB
Buffers:           42512 kB
Cached:           721980 kB
MemTotal:        1844596 kB
MemFree:          856632 kB
MemAvailable:    1511568 kB
Buffers:           42512 kB
Cached:           721980 kB
MemTotal:        1844596 kB
MemFree:          857004 kB
MemAvailable:    1511940 kB
Buffers:           42512 kB
Cached:           721980 kB
MemTotal:        1844596 kB
MemFree:          852976 kB
MemAvailable:    1507912 kB
Buffers:           42512 kB
Cached:           721980 kB
MemTotal:        1844596 kB
MemFree:          851744 kB
MemAvailable:    1506680 kB
Buffers:           42512 kB
Cached:           721980 kB
MemTotal:        1844596 kB
MemFree:          852236 kB
MemAvailable:    1507180 kB
Buffers:           42512 kB
Cached:           721988 kB
MemTotal:        1844596 kB
MemFree:          852572 kB
MemAvailable:    1507516 kB
Buffers:           42512 kB
Cached:           721988 kB
MemTotal:        1844596 kB
MemFree:          850996 kB
MemAvailable:    1505940 kB
Buffers:           42512 kB
Cached:           721988 kB
MemTotal:        1844596 kB
MemFree:          851548 kB
MemAvailable:    1506492 kB
Buffers:           42512 kB
Cached:           721988 kB
MemTotal:        1844596 kB
MemFree:          851980 kB
MemAvailable:    1506924 kB
Buffers:           42512 kB
Cached:           721988 kB
MemTotal:        1844596 kB
MemFree:          852316 kB
MemAvailable:    1507260 kB
Buffers:           42512 kB
Cached:           721988 kB
MemTotal:        1844596 kB
MemFree:          852336 kB
MemAvailable:    1507280 kB
Buffers:           42512 kB
Cached:           721988 kB
MemTotal:        1844596 kB
MemFree:          851836 kB
MemAvailable:    1506780 kB
Buffers:           42512 kB
Cached:           721988 kB
MemTotal:        1844596 kB
MemFree:          851836 kB
MemAvailable:    1506780 kB
Buffers:           42512 kB
Cached:           721988 kB
MemTotal:        1844596 kB
MemFree:          851864 kB
MemAvailable:    1506808 kB
Buffers:           42512 kB
Cached:           721988 kB
MemTotal:        1844596 kB
MemFree:          850784 kB
MemAvailable:    1505728 kB
Buffers:           42512 kB
Cached:           721988 kB
MemTotal:        1844596 kB
MemFree:          851052 kB
MemAvailable:    1505996 kB
Buffers:           42512 kB
Cached:           721988 kB
MemTotal:        1844596 kB
MemFree:          850856 kB
MemAvailable:    1505800 kB
Buffers:           42512 kB
Cached:           721988 kB
MemTotal:        1844596 kB
MemFree:          847820 kB
MemAvailable:    1502764 kB
Buffers:           42512 kB
Cached:           721988 kB
MemTotal:        1844596 kB
MemFree:          848068 kB
MemAvailable:    1503012 kB
Buffers:           42512 kB
Cached:           721988 kB
MemTotal:        1844596 kB
MemFree:          848812 kB
MemAvailable:    1503756 kB
Buffers:           42512 kB
Cached:           721988 kB
MemTotal:        1844596 kB
MemFree:          848804 kB
MemAvailable:    1503748 kB
Buffers:           42512 kB
Cached:           721988 kB
MemTotal:        1844596 kB
MemFree:          849056 kB
MemAvailable:    1504000 kB
Buffers:           42512 kB
Cached:           721988 kB
MemTotal:        1844596 kB
MemFree:          848764 kB
MemAvailable:    1503708 kB
Buffers:           42512 kB
Cached:           721988 kB
MemTotal:        1844596 kB
MemFree:          847644 kB
MemAvailable:    1502588 kB
Buffers:           42512 kB
Cached:           721988 kB
MemTotal:        1844596 kB
MemFree:          847636 kB
MemAvailable:    1502580 kB
Buffers:           42512 kB
Cached:           721988 kB
MemTotal:        1844596 kB
MemFree:          849608 kB
MemAvailable:    1504552 kB
Buffers:           42512 kB
Cached:           721988 kB
MemTotal:        1844596 kB
MemFree:          850848 kB
MemAvailable:    1505792 kB
Buffers:           42512 kB
Cached:           721988 kB
MemTotal:        1844596 kB
MemFree:          849344 kB
MemAvailable:    1504456 kB
Buffers:           42512 kB
Cached:           722112 kB
MemTotal:        1844596 kB
MemFree:          849600 kB
MemAvailable:    1504712 kB
Buffers:           42512 kB
Cached:           722236 kB
MemTotal:        1844596 kB
MemFree:          850924 kB
MemAvailable:    1506204 kB
Buffers:           42512 kB
Cached:           722360 kB
MemTotal:        1844596 kB
MemFree:          850616 kB
MemAvailable:    1506064 kB
Buffers:           42512 kB
Cached:           722484 kB
MemTotal:        1844596 kB
MemFree:          849440 kB
MemAvailable:    1504972 kB
Buffers:           42512 kB
Cached:           722608 kB
MemTotal:        1844596 kB
MemFree:          850044 kB
MemAvailable:    1505660 kB
Buffers:           42512 kB
Cached:           722608 kB
MemTotal:        1844596 kB
MemFree:          850044 kB
MemAvailable:    1505660 kB
Buffers:           42512 kB
Cached:           722608 kB
MemTotal:        1844596 kB
MemFree:          849872 kB
MemAvailable:    1505488 kB
Buffers:           42512 kB
Cached:           722608 kB
MemTotal:        1844596 kB
MemFree:          850208 kB
MemAvailable:    1505824 kB
Buffers:           42512 kB
Cached:           722608 kB
MemTotal:        1844596 kB
MemFree:          848884 kB
MemAvailable:    1504500 kB
Buffers:           42512 kB
Cached:           722608 kB
MemTotal:        1844596 kB
MemFree:          850132 kB
MemAvailable:    1505748 kB
Buffers:           42512 kB
Cached:           722608 kB
MemTotal:        1844596 kB
MemFree:          850104 kB
MemAvailable:    1505720 kB
Buffers:           42512 kB
Cached:           722608 kB
MemTotal:        1844596 kB
MemFree:          848672 kB
MemAvailable:    1504288 kB
Buffers:           42512 kB
Cached:           722608 kB
MemTotal:        1844596 kB
MemFree:          849440 kB
MemAvailable:    1504468 kB
Buffers:           42512 kB
Cached:           722028 kB
MemTotal:        1844596 kB
MemFree:          919468 kB
MemAvailable:    1574496 kB
Buffers:           42512 kB
Cached:           722028 kB
