MemTotal:        1844596 kB
MemFree:          863412 kB
MemAvailable:    1543648 kB
Buffers:           45600 kB
Cached:           744468 kB
MemTotal:        1844596 kB
MemFree:          860668 kB
MemAvailable:    1540904 kB
Buffers:           45604 kB
Cached:           744464 kB
MemTotal:        1844596 kB
MemFree:          861612 kB
MemAvailable:    1541848 kB
Buffers:           45604 kB
Cached:           744464 kB
MemTotal:        1844596 kB
MemFree:          860684 kB
MemAvailable:    1540920 kB
Buffers:           45604 kB
Cached:           744464 kB
MemTotal:        1844596 kB
MemFree:          857948 kB
MemAvailable:    1538184 kB
Buffers:           45604 kB
Cached:           744464 kB
MemTotal:        1844596 kB
MemFree:          858700 kB
MemAvailable:    1538936 kB
Buffers:           45604 kB
Cached:           744464 kB
MemTotal:        1844596 kB
MemFree:          857940 kB
MemAvailable:    1538176 kB
Buffers:           45604 kB
Cached:           744464 kB
MemTotal:        1844596 kB
MemFree:          858152 kB
MemAvailable:    1538388 kB
Buffers:           45604 kB
Cached:           744464 kB
MemTotal:        1844596 kB
MemFree:          853856 kB
MemAvailable:    1534092 kB
Buffers:           45604 kB
Cached:           744464 kB
MemTotal:        1844596 kB
MemFree:          853368 kB
MemAvailable:    1533604 kB
Buffers:           45604 kB
Cached:           744464 kB
MemTotal:        1844596 kB
MemFree:          849384 kB
MemAvailable:    1529620 kB
Buffers:           45604 kB
Cached:           744464 kB
MemTotal:        1844596 kB
MemFree:          849384 kB
MemAvailable:    1529620 kB
Buffers:           45604 kB
Cached:           744464 kB
MemTotal:        1844596 kB
MemFree:          849312 kB
MemAvailable:    1529548 kB
Buffers:           45604 kB
Cached:           744464 kB
MemTotal:        1844596 kB
MemFree:          849440 kB
MemAvailable:    1529676 kB
Buffers:           45604 kB
Cached:           744464 kB
MemTotal:        1844596 kB
MemFree:          848132 kB
MemAvailable:    1528368 kB
Buffers:           45604 kB
Cached:           744464 kB
MemTotal:        1844596 kB
MemFree:          849108 kB
MemAvailable:    1529344 kB
Buffers:           45604 kB
Cached:           744464 kB
MemTotal:        1844596 kB
MemFree:          849444 kB
MemAvailable:    1529680 kB
Buffers:           45604 kB
Cached:           744464 kB
MemTotal:        1844596 kB
MemFree:          848144 kB
MemAvailable:    1528380 kB
Buffers:           45604 kB
Cached:           744464 kB
MemTotal:        1844596 kB
MemFree:          848144 kB
MemAvailable:    1528380 kB
Buffers:           45604 kB
Cached:           744464 kB
MemTotal:        1844596 kB
MemFree:          846168 kB
MemAvailable:    1526404 kB
Buffers:           45604 kB
Cached:           744464 kB
MemTotal:        1844596 kB
MemFree:          846780 kB
MemAvailable:    1527016 kB
Buffers:           45604 kB
Cached:           744464 kB
MemTotal:        1844596 kB
MemFree:          846864 kB
MemAvailable:    1527100 kB
Buffers:           45604 kB
Cached:           744464 kB
MemTotal:        1844596 kB
MemFree:          845660 kB
MemAvailable:    1525896 kB
Buffers:           45604 kB
Cached:           744464 kB
MemTotal:        1844596 kB
MemFree:          845536 kB
MemAvailable:    1525772 kB
Buffers:           45604 kB
Cached:           744464 kB
MemTotal:        1844596 kB
MemFree:          845660 kB
MemAvailable:    1525896 kB
Buffers:           45604 kB
Cached:           744464 kB
MemTotal:        1844596 kB
MemFree:          846900 kB
MemAvailable:    1527136 kB
Buffers:           45604 kB
Cached:           744464 kB
MemTotal:        1844596 kB
MemFree:          846052 kB
MemAvailable:    1526288 kB
Buffers:           45604 kB
Cached:           744464 kB
MemTotal:        1844596 kB
MemFree:          846728 kB
MemAvailable:    1526964 kB
Buffers:           45604 kB
Cached:           744464 kB
MemTotal:        1844596 kB
MemFree:          846952 kB
MemAvailable:    1527188 kB
Buffers:           45604 kB
Cached:           744464 kB
MemTotal:        1844596 kB
MemFree:          846964 kB
MemAvailable:    1527200 kB
Buffers:           45604 kB
Cached:           744464 kB
MemTotal:        1844596 kB
MemFree:          848244 kB
MemAvailable:    1528480 kB
Buffers:           45604 kB
Cached:           744464 kB
MemTotal:        1844596 kB
MemFree:          847416 kB
MemAvailable:    1527652 kB
Buffers:           45604 kB
Cached:           744464 kB
MemTotal:        1844596 kB
MemFree:          845672 kB
MemAvailable:    1525912 kB
Buffers:           45604 kB
Cached:           744468 kB
MemTotal:        1844596 kB
MemFree:          845672 kB
MemAvailable:    1525912 kB
Buffers:           45604 kB
Cached:           744468 kB
MemTotal:        1844596 kB
MemFree:          844616 kB
MemAvailable:    1524856 kB
Buffers:           45604 kB
Cached:           744468 kB
MemTotal:        1844596 kB
MemFree:          843068 kB
MemAvailable:    1523308 kB
Buffers:           45604 kB
Cached:           744468 kB
MemTotal:        1844596 kB
MemFree:          843324 kB
MemAvailable:    1523564 kB
Buffers:           45604 kB
Cached:           744468 kB
MemTotal:        1844596 kB
MemFree:          843624 kB
MemAvailable:    1523864 kB
Buffers:           45604 kB
Cached:           744468 kB
MemTotal:        1844596 kB
MemFree:          843960 kB
MemAvailable:    1524200 kB
Buffers:           45604 kB
Cached:           744468 kB
MemTotal:        1844596 kB
MemFree:          841960 kB
MemAvailable:    1522200 kB
Buffers:           45604 kB
Cached:           744468 kB
MemTotal:        1844596 kB
MemFree:          843192 kB
MemAvailable:    1523432 kB
Buffers:           45612 kB
Cached:           744460 kB
MemTotal:        1844596 kB
MemFree:          842820 kB
MemAvailable:    1523060 kB
Buffers:           45612 kB
Cached:           744460 kB
MemTotal:        1844596 kB
MemFree:          842588 kB
MemAvailable:    1522828 kB
Buffers:           45612 kB
Cached:           744460 kB
MemTotal:        1844596 kB
MemFree:          842524 kB
MemAvailable:    1522764 kB
Buffers:           45612 kB
Cached:           744460 kB
MemTotal:        1844596 kB
MemFree:          842780 kB
MemAvailable:    1523020 kB
Buffers:           45612 kB
Cached:           744460 kB
MemTotal:        1844596 kB
MemFree:          841400 kB
MemAvailable:    1521640 kB
Buffers:           45612 kB
Cached:           744460 kB
MemTotal:        1844596 kB
MemFree:          842584 kB
MemAvailable:    1522824 kB
Buffers:           45612 kB
Cached:           744460 kB
MemTotal:        1844596 kB
MemFree:          841276 kB
MemAvailable:    1521516 kB
Buffers:           45612 kB
Cached:           744460 kB
MemTotal:        1844596 kB
MemFree:          841688 kB
MemAvailable:    1521928 kB
Buffers:           45612 kB
Cached:           744460 kB
MemTotal:        1844596 kB
MemFree:          841688 kB
MemAvailable:    1521928 kB
Buffers:           45612 kB
Cached:           744460 kB
MemTotal:        1844596 kB
MemFree:          841644 kB
MemAvailable:    1521884 kB
Buffers:           45612 kB
Cached:           744460 kB
MemTotal:        1844596 kB
MemFree:          841644 kB
MemAvailable:    1521884 kB
Buffers:           45612 kB
Cached:           744460 kB
MemTotal:        1844596 kB
MemFree:          841692 kB
MemAvailable:    1521932 kB
Buffers:           45612 kB
Cached:           744460 kB
MemTotal:        1844596 kB
MemFree:          841944 kB
MemAvailable:    1522184 kB
Buffers:           45612 kB
Cached:           744460 kB
MemTotal:        1844596 kB
MemFree:          841664 kB
MemAvailable:    1521904 kB
Buffers:           45612 kB
Cached:           744460 kB
MemTotal:        1844596 kB
MemFree:          840584 kB
MemAvailable:    1520824 kB
Buffers:           45612 kB
Cached:           744460 kB
MemTotal:        1844596 kB
MemFree:          841940 kB
MemAvailable:    1522180 kB
Buffers:           45612 kB
Cached:           744460 kB
MemTotal:        1844596 kB
MemFree:          841464 kB
MemAvailable:    1521704 kB
Buffers:           45612 kB
Cached:           744460 kB
MemTotal:        1844596 kB
MemFree:          841560 kB
MemAvailable:    1521800 kB
Buffers:           45612 kB
Cached:           744460 kB
MemTotal:        1844596 kB
MemFree:          841896 kB
MemAvailable:    1522136 kB
Buffers:           45612 kB
Cached:           744460 kB
MemTotal:        1844596 kB
MemFree:          840320 kB
MemAvailable:    1520560 kB
Buffers:           45612 kB
Cached:           744460 kB
MemTotal:        1844596 kB
MemFree:          841372 kB
MemAvailable:    1521612 kB
Buffers:           45612 kB
Cached:           744460 kB
MemTotal:        1844596 kB
MemFree:          841048 kB
MemAvailable:    1521288 kB
Buffers:           45612 kB
Cached:           744460 kB
MemTotal:        1844596 kB
MemFree:          841048 kB
MemAvailable:    1521288 kB
Buffers:           45612 kB
Cached:           744460 kB
MemTotal:        1844596 kB
MemFree:          840820 kB
MemAvailable:    1521060 kB
Buffers:           45612 kB
Cached:           744460 kB
MemTotal:        1844596 kB
MemFree:          841156 kB
MemAvailable:    1521396 kB
Buffers:           45612 kB
Cached:           744460 kB
MemTotal:        1844596 kB
MemFree:          840688 kB
MemAvailable:    1520928 kB
Buffers:           45612 kB
Cached:           744460 kB
MemTotal:        1844596 kB
MemFree:          840688 kB
MemAvailable:    1520928 kB
Buffers:           45612 kB
Cached:           744460 kB
MemTotal:        1844596 kB
MemFree:          840664 kB
MemAvailable:    1520904 kB
Buffers:           45612 kB
Cached:           744460 kB
MemTotal:        1844596 kB
MemFree:          840888 kB
MemAvailable:    1521148 kB
Buffers:           45612 kB
Cached:           744480 kB
MemTotal:        1844596 kB
MemFree:          839432 kB
MemAvailable:    1519692 kB
Buffers:           45612 kB
Cached:           744480 kB
MemTotal:        1844596 kB
MemFree:          839804 kB
MemAvailable:    1520064 kB
Buffers:           45612 kB
Cached:           744480 kB
MemTotal:        1844596 kB
MemFree:          839556 kB
MemAvailable:    1519816 kB
Buffers:           45612 kB
Cached:           744480 kB
MemTotal:        1844596 kB
MemFree:          840876 kB
MemAvailable:    1521136 kB
Buffers:           45612 kB
Cached:           744480 kB
MemTotal:        1844596 kB
MemFree:          839976 kB
MemAvailable:    1520236 kB
Buffers:           45612 kB
Cached:           744480 kB
MemTotal:        1844596 kB
MemFree:          838844 kB
MemAvailable:    1519104 kB
Buffers:           45612 kB
Cached:           744480 kB
MemTotal:        1844596 kB
MemFree:          839056 kB
MemAvailable:    1519316 kB
Buffers:           45612 kB
Cached:           744480 kB
MemTotal:        1844596 kB
MemFree:          835132 kB
MemAvailable:    1515392 kB
Buffers:           45612 kB
Cached:           744480 kB
MemTotal:        1844596 kB
MemFree:          832288 kB
MemAvailable:    1512548 kB
Buffers:           45612 kB
Cached:           744480 kB
MemTotal:        1844596 kB
MemFree:          832280 kB
MemAvailable:    1512540 kB
Buffers:           45612 kB
Cached:           744480 kB
MemTotal:        1844596 kB
MemFree:          832872 kB
MemAvailable:    1513132 kB
Buffers:           45612 kB
Cached:           744480 kB
MemTotal:        1844596 kB
MemFree:          833208 kB
MemAvailable:    1513468 kB
Buffers:           45612 kB
Cached:           744480 kB
MemTotal:        1844596 kB
MemFree:          831632 kB
MemAvailable:    1511892 kB
Buffers:           45612 kB
Cached:           744480 kB
MemTotal:        1844596 kB
MemFree:          831624 kB
MemAvailable:    1511884 kB
Buffers:           45612 kB
Cached:           744480 kB
MemTotal:        1844596 kB
MemFree:          832692 kB
MemAvailable:    1512952 kB
Buffers:           45612 kB
Cached:           744480 kB
MemTotal:        1844596 kB
MemFree:          832860 kB
MemAvailable:    1513120 kB
Buffers:           45612 kB
Cached:           744480 kB
MemTotal:        1844596 kB
MemFree:          832824 kB
MemAvailable:    1513084 kB
Buffers:           45612 kB
Cached:           744480 kB
MemTotal:        1844596 kB
MemFree:          832784 kB
MemAvailable:    1513044 kB
Buffers:           45612 kB
Cached:           744480 kB
MemTotal:        1844596 kB
MemFree:          831476 kB
MemAvailable:    1511736 kB
Buffers:           45612 kB
Cached:           744480 kB
MemTotal:        1844596 kB
MemFree:          832620 kB
MemAvailable:    1512880 kB
Buffers:           45612 kB
Cached:           744480 kB
MemTotal:        1844596 kB
MemFree:          832732 kB
MemAvailable:    1512992 kB
Buffers:           45612 kB
Cached:           744480 kB
MemTotal:        1844596 kB
MemFree:          833032 kB
MemAvailable:    1513292 kB
Buffers:           45612 kB
Cached:           744480 kB
MemTotal:        1844596 kB
MemFree:          832768 kB
MemAvailable:    1513028 kB
Buffers:           45612 kB
Cached:           744480 kB
MemTotal:        1844596 kB
MemFree:          833024 kB
MemAvailable:    1513284 kB
Buffers:           45612 kB
Cached:           744480 kB
MemTotal:        1844596 kB
MemFree:          832588 kB
MemAvailable:    1512848 kB
Buffers:           45612 kB
Cached:           744480 kB
MemTotal:        1844596 kB
MemFree:          831296 kB
MemAvailable:    1511556 kB
Buffers:           45612 kB
Cached:           744480 kB
MemTotal:        1844596 kB
MemFree:          830924 kB
MemAvailable:    1511184 kB
Buffers:           45612 kB
Cached:           744480 kB
MemTotal:        1844596 kB
MemFree:          830676 kB
MemAvailable:    1510936 kB
Buffers:           45612 kB
Cached:           744480 kB
MemTotal:        1844596 kB
MemFree:          831156 kB
MemAvailable:    1511416 kB
Buffers:           45612 kB
Cached:           744480 kB
MemTotal:        1844596 kB
MemFree:          831492 kB
MemAvailable:    1511752 kB
Buffers:           45612 kB
Cached:           744480 kB
MemTotal:        1844596 kB
MemFree:          829800 kB
MemAvailable:    1510060 kB
Buffers:           45612 kB
Cached:           744480 kB
MemTotal:        1844596 kB
MemFree:          829932 kB
MemAvailable:    1510192 kB
Buffers:           45612 kB
Cached:           744480 kB
MemTotal:        1844596 kB
MemFree:          829992 kB
MemAvailable:    1510252 kB
Buffers:           45612 kB
Cached:           744480 kB
MemTotal:        1844596 kB
MemFree:          829860 kB
MemAvailable:    1510120 kB
Buffers:           45612 kB
Cached:           744480 kB
MemTotal:        1844596 kB
MemFree:          829324 kB
MemAvailable:    1509584 kB
Buffers:           45612 kB
Cached:           744480 kB
MemTotal:        1844596 kB
MemFree:          829068 kB
MemAvailable:    1509328 kB
Buffers:           45612 kB
Cached:           744480 kB
MemTotal:        1844596 kB
MemFree:          829068 kB
MemAvailable:    1509328 kB
Buffers:           45612 kB
Cached:           744480 kB
MemTotal:        1844596 kB
MemFree:          828012 kB
MemAvailable:    1508272 kB
Buffers:           45612 kB
Cached:           744480 kB
MemTotal:        1844596 kB
MemFree:          829056 kB
MemAvailable:    1509316 kB
Buffers:           45612 kB
Cached:           744480 kB
MemTotal:        1844596 kB
MemFree:          827624 kB
MemAvailable:    1507884 kB
Buffers:           45612 kB
Cached:           744480 kB
MemTotal:        1844596 kB
MemFree:          828924 kB
MemAvailable:    1509184 kB
Buffers:           45612 kB
Cached:           744480 kB
MemTotal:        1844596 kB
MemFree:          828720 kB
MemAvailable:    1508980 kB
Buffers:           45612 kB
Cached:           744480 kB
MemTotal:        1844596 kB
MemFree:          828720 kB
MemAvailable:    1508980 kB
Buffers:           45612 kB
Cached:           744480 kB
MemTotal:        1844596 kB
MemFree:          828864 kB
MemAvailable:    1509124 kB
Buffers:           45612 kB
Cached:           744480 kB
MemTotal:        1844596 kB
MemFree:          829032 kB
MemAvailable:    1509292 kB
Buffers:           45612 kB
Cached:           744480 kB
MemTotal:        1844596 kB
MemFree:          828780 kB
MemAvailable:    1509040 kB
Buffers:           45612 kB
Cached:           744480 kB
MemTotal:        1844596 kB
MemFree:          829032 kB
MemAvailable:    1509292 kB
Buffers:           45612 kB
Cached:           744480 kB
MemTotal:        1844596 kB
MemFree:          828568 kB
MemAvailable:    1508828 kB
Buffers:           45612 kB
Cached:           744480 kB
MemTotal:        1844596 kB
MemFree:          828436 kB
MemAvailable:    1508696 kB
Buffers:           45612 kB
Cached:           744480 kB
MemTotal:        1844596 kB
MemFree:          828132 kB
MemAvailable:    1508392 kB
Buffers:           45612 kB
Cached:           744480 kB
MemTotal:        1844596 kB
MemFree:          823436 kB
MemAvailable:    1503696 kB
Buffers:           45612 kB
Cached:           744480 kB
MemTotal:        1844596 kB
MemFree:          822732 kB
MemAvailable:    1502992 kB
Buffers:           45612 kB
Cached:           744480 kB
MemTotal:        1844596 kB
MemFree:          822492 kB
MemAvailable:    1502756 kB
Buffers:           45612 kB
Cached:           744484 kB
MemTotal:        1844596 kB
MemFree:          823608 kB
MemAvailable:    1503872 kB
Buffers:           45612 kB
Cached:           744484 kB
MemTotal:        1844596 kB
MemFree:          823228 kB
MemAvailable:    1503492 kB
Buffers:           45612 kB
Cached:           744484 kB
MemTotal:        1844596 kB
MemFree:          823368 kB
MemAvailable:    1503632 kB
Buffers:           45612 kB
Cached:           744484 kB
MemTotal:        1844596 kB
MemFree:          823188 kB
MemAvailable:    1503452 kB
Buffers:           45612 kB
Cached:           744484 kB
MemTotal:        1844596 kB
MemFree:          822992 kB
MemAvailable:    1503256 kB
Buffers:           45612 kB
Cached:           744484 kB
MemTotal:        1844596 kB
MemFree:          823056 kB
MemAvailable:    1503320 kB
Buffers:           45612 kB
Cached:           744484 kB
MemTotal:        1844596 kB
MemFree:          822828 kB
MemAvailable:    1503092 kB
Buffers:           45612 kB
Cached:           744484 kB
MemTotal:        1844596 kB
MemFree:          822348 kB
MemAvailable:    1502612 kB
Buffers:           45612 kB
Cached:           744484 kB
MemTotal:        1844596 kB
MemFree:          822836 kB
MemAvailable:    1503100 kB
Buffers:           45612 kB
Cached:           744484 kB
MemTotal:        1844596 kB
MemFree:          822896 kB
MemAvailable:    1503160 kB
Buffers:           45612 kB
Cached:           744484 kB
MemTotal:        1844596 kB
MemFree:          822564 kB
MemAvailable:    1502828 kB
Buffers:           45612 kB
Cached:           744484 kB
MemTotal:        1844596 kB
MemFree:          822816 kB
MemAvailable:    1503080 kB
Buffers:           45612 kB
Cached:           744484 kB
MemTotal:        1844596 kB
MemFree:          822588 kB
MemAvailable:    1502852 kB
Buffers:           45612 kB
Cached:           744484 kB
MemTotal:        1844596 kB
MemFree:          822588 kB
MemAvailable:    1502852 kB
Buffers:           45612 kB
Cached:           744484 kB
MemTotal:        1844596 kB
MemFree:          822424 kB
MemAvailable:    1502688 kB
Buffers:           45612 kB
Cached:           744484 kB
MemTotal:        1844596 kB
MemFree:          821128 kB
MemAvailable:    1501392 kB
Buffers:           45612 kB
Cached:           744484 kB
MemTotal:        1844596 kB
MemFree:          820880 kB
MemAvailable:    1501144 kB
Buffers:           45612 kB
Cached:           744484 kB
MemTotal:        1844596 kB
MemFree:          818524 kB
MemAvailable:    1498788 kB
Buffers:           45612 kB
Cached:           744484 kB
MemTotal:        1844596 kB
MemFree:          819452 kB
MemAvailable:    1499716 kB
Buffers:           45612 kB
Cached:           744484 kB
MemTotal:        1844596 kB
MemFree:          819620 kB
MemAvailable:    1499884 kB
Buffers:           45612 kB
Cached:           744484 kB
MemTotal:        1844596 kB
MemFree:          819808 kB
MemAvailable:    1500072 kB
Buffers:           45612 kB
Cached:           744484 kB
MemTotal:        1844596 kB
MemFree:          819516 kB
MemAvailable:    1499780 kB
Buffers:           45612 kB
Cached:           744484 kB
MemTotal:        1844596 kB
MemFree:          819552 kB
MemAvailable:    1499816 kB
Buffers:           45612 kB
Cached:           744484 kB
MemTotal:        1844596 kB
MemFree:          819380 kB
MemAvailable:    1499644 kB
Buffers:           45612 kB
Cached:           744484 kB
MemTotal:        1844596 kB
MemFree:          819632 kB
MemAvailable:    1499896 kB
Buffers:           45612 kB
Cached:           744484 kB
MemTotal:        1844596 kB
MemFree:          820188 kB
MemAvailable:    1500460 kB
Buffers:           45612 kB
Cached:           744492 kB
MemTotal:        1844596 kB
MemFree:          821296 kB
MemAvailable:    1501652 kB
Buffers:           45612 kB
Cached:           744616 kB
MemTotal:        1844596 kB
MemFree:          821468 kB
MemAvailable:    1501824 kB
Buffers:           45612 kB
Cached:           744616 kB
MemTotal:        1844596 kB
MemFree:          821080 kB
MemAvailable:    1501664 kB
Buffers:           45612 kB
Cached:           744760 kB
MemTotal:        1844596 kB
MemFree:          821332 kB
MemAvailable:    1501916 kB
Buffers:           45612 kB
Cached:           744760 kB
MemTotal:        1844596 kB
MemFree:          821276 kB
MemAvailable:    1501944 kB
Buffers:           45612 kB
Cached:           744884 kB
MemTotal:        1844596 kB
MemFree:          821080 kB
MemAvailable:    1501748 kB
Buffers:           45612 kB
Cached:           744884 kB
MemTotal:        1844596 kB
MemFree:          820700 kB
MemAvailable:    1501536 kB
Buffers:           45612 kB
Cached:           745008 kB
MemTotal:        1844596 kB
MemFree:          820220 kB
MemAvailable:    1501056 kB
Buffers:           45612 kB
Cached:           745008 kB
MemTotal:        1844596 kB
MemFree:          820872 kB
MemAvailable:    1501792 kB
Buffers:           45612 kB
Cached:           745132 kB
MemTotal:        1844596 kB
MemFree:          820760 kB
MemAvailable:    1501680 kB
Buffers:           45612 kB
Cached:           745132 kB
MemTotal:        1844596 kB
MemFree:          820880 kB
MemAvailable:    1501800 kB
Buffers:           45612 kB
Cached:           745132 kB
MemTotal:        1844596 kB
MemFree:          819312 kB
MemAvailable:    1500232 kB
Buffers:           45612 kB
Cached:           745132 kB
MemTotal:        1844596 kB
MemFree:          819404 kB
MemAvailable:    1500324 kB
Buffers:           45612 kB
Cached:           745132 kB
MemTotal:        1844596 kB
MemFree:          820816 kB
MemAvailable:    1501736 kB
Buffers:           45612 kB
Cached:           745132 kB
MemTotal:        1844596 kB
MemFree:          819228 kB
MemAvailable:    1500232 kB
Buffers:           45612 kB
Cached:           745132 kB
MemTotal:        1844596 kB
MemFree:          819896 kB
MemAvailable:    1500228 kB
Buffers:           45612 kB
Cached:           744500 kB
MemTotal:        1844596 kB
MemFree:          821732 kB
MemAvailable:    1502064 kB
Buffers:           45612 kB
Cached:           744500 kB
MemTotal:        1844596 kB
MemFree:          889968 kB
MemAvailable:    1570324 kB
Buffers:           45612 kB
Cached:           744568 kB
