MemTotal:        1844596 kB
MemFree:          846196 kB
MemAvailable:    1540192 kB
Buffers:           47248 kB
Cached:           757780 kB
MemTotal:        1844596 kB
MemFree:          844708 kB
MemAvailable:    1538704 kB
Buffers:           47248 kB
Cached:           757780 kB
MemTotal:        1844596 kB
MemFree:          845576 kB
MemAvailable:    1539572 kB
Buffers:           47248 kB
Cached:           757780 kB
MemTotal:        1844596 kB
MemFree:          842468 kB
MemAvailable:    1536464 kB
Buffers:           47248 kB
Cached:           757780 kB
MemTotal:        1844596 kB
MemFree:          842468 kB
MemAvailable:    1536464 kB
Buffers:           47248 kB
Cached:           757780 kB
MemTotal:        1844596 kB
MemFree:          842508 kB
MemAvailable:    1536504 kB
Buffers:           47248 kB
Cached:           757780 kB
MemTotal:        1844596 kB
MemFree:          841360 kB
MemAvailable:    1535356 kB
Buffers:           47248 kB
Cached:           757780 kB
MemTotal:        1844596 kB
MemFree:          839872 kB
MemAvailable:    1533868 kB
Buffers:           47248 kB
Cached:           757780 kB
MemTotal:        1844596 kB
MemFree:          837764 kB
MemAvailable:    1531760 kB
Buffers:           47248 kB
Cached:           757780 kB
MemTotal:        1844596 kB
MemFree:          835276 kB
MemAvailable:    1529272 kB
Buffers:           47248 kB
Cached:           757780 kB
MemTotal:        1844596 kB
MemFree:          834416 kB
MemAvailable:    1528412 kB
Buffers:           47248 kB
Cached:           757780 kB
MemTotal:        1844596 kB
MemFree:          832680 kB
MemAvailable:    1526676 kB
Buffers:           47248 kB
Cached:           757780 kB
MemTotal:        1844596 kB
MemFree:          832556 kB
MemAvailable:    1526552 kB
Buffers:           47248 kB
Cached:           757780 kB
MemTotal:        1844596 kB
MemFree:          831812 kB
MemAvailable:    1525808 kB
Buffers:           47248 kB
Cached:           757780 kB
MemTotal:        1844596 kB
MemFree:          832688 kB
MemAvailable:    1526684 kB
Buffers:           47248 kB
Cached:           757780 kB
MemTotal:        1844596 kB
MemFree:          832852 kB
MemAvailable:    1526848 kB
Buffers:           47248 kB
Cached:           757780 kB
MemTotal:        1844596 kB
MemFree:          832008 kB
MemAvailable:    1526004 kB
Buffers:           47248 kB
Cached:           757780 kB
MemTotal:        1844596 kB
MemFree:          831052 kB
MemAvailable:    1525048 kB
Buffers:           47248 kB
Cached:           757780 kB
MemTotal:        1844596 kB
MemFree:          830804 kB
MemAvailable:    1524800 kB
Buffers:           47248 kB
Cached:           757780 kB
MemTotal:        1844596 kB
MemFree:          831372 kB
MemAvailable:    1525368 kB
Buffers:           47248 kB
Cached:           757780 kB
MemTotal:        1844596 kB
MemFree:          830200 kB
MemAvailable:    1524196 kB
Buffers:           47248 kB
Cached:           757780 kB
MemTotal:        1844596 kB
MemFree:          830260 kB
MemAvailable:    1524256 kB
Buffers:           47248 kB
Cached:           757780 kB
MemTotal:        1844596 kB
MemFree:          830068 kB
MemAvailable:    1524064 kB
Buffers:           47248 kB
Cached:           757780 kB
MemTotal:        1844596 kB
MemFree:          830320 kB
MemAvailable:    1524316 kB
Buffers:           47248 kB
Cached:           757780 kB
MemTotal:        1844596 kB
MemFree:          828780 kB
MemAvailable:    1522776 kB
Buffers:           47248 kB
Cached:           757780 kB
MemTotal:        1844596 kB
MemFree:          829456 kB
MemAvailable:    1523452 kB
Buffers:           47248 kB
Cached:           757780 kB
MemTotal:        1844596 kB
MemFree:          830448 kB
MemAvailable:    1524448 kB
Buffers:           47248 kB
Cached:           757784 kB
MemTotal:        1844596 kB
MemFree:          830052 kB
MemAvailable:    1524052 kB
Buffers:           47248 kB
Cached:           757784 kB
MemTotal:        1844596 kB
MemFree:          830388 kB
MemAvailable:    1524388 kB
Buffers:           47248 kB
Cached:           757784 kB
MemTotal:        1844596 kB
MemFree:          830244 kB
MemAvailable:    1524244 kB
Buffers:           47248 kB
Cached:           757784 kB
MemTotal:        1844596 kB
MemFree:          831352 kB
MemAvailable:    1525352 kB
Buffers:           47248 kB
Cached:           757784 kB
MemTotal:        1844596 kB
MemFree:          831696 kB
MemAvailable:    1525696 kB
Buffers:           47248 kB
Cached:           757784 kB
MemTotal:        1844596 kB
MemFree:          830880 kB
MemAvailable:    1524880 kB
Buffers:           47248 kB
Cached:           757784 kB
MemTotal:        1844596 kB
MemFree:          828572 kB
MemAvailable:    1522572 kB
Buffers:           47248 kB
Cached:           757784 kB
MemTotal:        1844596 kB
MemFree:          828408 kB
MemAvailable:    1522408 kB
Buffers:           47248 kB
Cached:           757784 kB
MemTotal:        1844596 kB
MemFree:          826852 kB
MemAvailable:    1520852 kB
Buffers:           47248 kB
Cached:           757784 kB
MemTotal:        1844596 kB
MemFree:          827720 kB
MemAvailable:    1521720 kB
Buffers:           47248 kB
Cached:           757784 kB
MemTotal:        1844596 kB
MemFree:          826100 kB
MemAvailable:    1520100 kB
Buffers:           47248 kB
Cached:           757784 kB
MemTotal:        1844596 kB
MemFree:          826532 kB
MemAvailable:    1520532 kB
Buffers:           47248 kB
Cached:           757784 kB
MemTotal:        1844596 kB
MemFree:          826868 kB
MemAvailable:    1520868 kB
Buffers:           47248 kB
Cached:           757784 kB
MemTotal:        1844596 kB
MemFree:          826108 kB
MemAvailable:    1520108 kB
Buffers:           47248 kB
Cached:           757784 kB
MemTotal:        1844596 kB
MemFree:          824992 kB
MemAvailable:    1518992 kB
Buffers:           47248 kB
Cached:           757784 kB
MemTotal:        1844596 kB
MemFree:          824724 kB
MemAvailable:    1518724 kB
Buffers:           47248 kB
Cached:           757784 kB
MemTotal:        1844596 kB
MemFree:          825720 kB
MemAvailable:    1519720 kB
Buffers:           47248 kB
Cached:           757784 kB
MemTotal:        1844596 kB
MemFree:          826056 kB
MemAvailable:    1520056 kB
Buffers:           47248 kB
Cached:           757784 kB
MemTotal:        1844596 kB
MemFree:          825840 kB
MemAvailable:    1519840 kB
Buffers:           47248 kB
Cached:           757784 kB
MemTotal:        1844596 kB
MemFree:          826092 kB
MemAvailable:    1520092 kB
Buffers:           47248 kB
Cached:           757784 kB
MemTotal:        1844596 kB
MemFree:          825588 kB
MemAvailable:    1519588 kB
Buffers:           47248 kB
Cached:           757784 kB
MemTotal:        1844596 kB
MemFree:          825240 kB
MemAvailable:    1519240 kB
Buffers:           47248 kB
Cached:           757784 kB
MemTotal:        1844596 kB
MemFree:          824192 kB
MemAvailable:    1518192 kB
Buffers:           47248 kB
Cached:           757784 kB
MemTotal:        1844596 kB
MemFree:          823936 kB
MemAvailable:    1517936 kB
Buffers:           47248 kB
Cached:           757784 kB
MemTotal:        1844596 kB
MemFree:          823728 kB
MemAvailable:    1517732 kB
Buffers:           47248 kB
Cached:           757788 kB
MemTotal:        1844596 kB
MemFree:          824944 kB
MemAvailable:    1518948 kB
Buffers:           47248 kB
Cached:           757788 kB
MemTotal:        1844596 kB
MemFree:          825200 kB
MemAvailable:    1519204 kB
Buffers:           47248 kB
Cached:           757788 kB
MemTotal:        1844596 kB
MemFree:          824944 kB
MemAvailable:    1518948 kB
Buffers:           47248 kB
Cached:           757788 kB
MemTotal:        1844596 kB
MemFree:          824872 kB
MemAvailable:    1518876 kB
Buffers:           47248 kB
Cached:           757788 kB
MemTotal:        1844596 kB
MemFree:          824840 kB
MemAvailable:    1518844 kB
Buffers:           47248 kB
Cached:           757788 kB
MemTotal:        1844596 kB
MemFree:          825092 kB
MemAvailable:    1519096 kB
Buffers:           47248 kB
Cached:           757788 kB
MemTotal:        1844596 kB
MemFree:          824980 kB
MemAvailable:    1518984 kB
Buffers:           47248 kB
Cached:           757788 kB
MemTotal:        1844596 kB
MemFree:          824868 kB
MemAvailable:    1518872 kB
Buffers:           47248 kB
Cached:           757788 kB
MemTotal:        1844596 kB
MemFree:          824988 kB
MemAvailable:    1518992 kB
Buffers:           47248 kB
Cached:           757788 kB
MemTotal:        1844596 kB
MemFree:          824248 kB
MemAvailable:    1518252 kB
Buffers:           47248 kB
Cached:           757788 kB
MemTotal:        1844596 kB
MemFree:          824896 kB
MemAvailable:    1518900 kB
Buffers:           47248 kB
Cached:           757788 kB
MemTotal:        1844596 kB
MemFree:          823440 kB
MemAvailable:    1517444 kB
Buffers:           47248 kB
Cached:           757788 kB
MemTotal:        1844596 kB
MemFree:          824868 kB
MemAvailable:    1518872 kB
Buffers:           47248 kB
Cached:           757788 kB
MemTotal:        1844596 kB
MemFree:          824424 kB
MemAvailable:    1518428 kB
Buffers:           47248 kB
Cached:           757788 kB
MemTotal:        1844596 kB
MemFree:          824396 kB
MemAvailable:    1518400 kB
Buffers:           47248 kB
Cached:           757788 kB
MemTotal:        1844596 kB
MemFree:          823008 kB
MemAvailable:    1517012 kB
Buffers:           47248 kB
Cached:           757788 kB
MemTotal:        1844596 kB
MemFree:          823952 kB
MemAvailable:    1517960 kB
Buffers:           47248 kB
Cached:           757792 kB
MemTotal:        1844596 kB
MemFree:          824208 kB
MemAvailable:    1518216 kB
Buffers:           47248 kB
Cached:           757792 kB
MemTotal:        1844596 kB
MemFree:          823820 kB
MemAvailable:    1517828 kB
Buffers:           47248 kB
Cached:           757792 kB
MemTotal:        1844596 kB
MemFree:          824156 kB
MemAvailable:    1518164 kB
Buffers:           47248 kB
Cached:           757792 kB
MemTotal:        1844596 kB
MemFree:          824072 kB
MemAvailable:    1518080 kB
Buffers:           47248 kB
Cached:           757792 kB
MemTotal:        1844596 kB
MemFree:          823860 kB
MemAvailable:    1517868 kB
Buffers:           47248 kB
Cached:           757792 kB
MemTotal:        1844596 kB
MemFree:          823944 kB
MemAvailable:    1517952 kB
Buffers:           47248 kB
Cached:           757792 kB
MemTotal:        1844596 kB
MemFree:          822728 kB
MemAvailable:    1516736 kB
Buffers:           47248 kB
Cached:           757792 kB
MemTotal:        1844596 kB
MemFree:          822860 kB
MemAvailable:    1516868 kB
Buffers:           47248 kB
Cached:           757792 kB
MemTotal:        1844596 kB
MemFree:          824204 kB
MemAvailable:    1518212 kB
Buffers:           47248 kB
Cached:           757792 kB
MemTotal:        1844596 kB
MemFree:          821396 kB
MemAvailable:    1515404 kB
Buffers:           47248 kB
Cached:           757792 kB
MemTotal:        1844596 kB
MemFree:          818412 kB
MemAvailable:    1512420 kB
Buffers:           47248 kB
Cached:           757792 kB
MemTotal:        1844596 kB
MemFree:          817552 kB
MemAvailable:    1511560 kB
Buffers:           47248 kB
Cached:           757792 kB
MemTotal:        1844596 kB
MemFree:          816544 kB
MemAvailable:    1510552 kB
Buffers:           47248 kB
Cached:           757792 kB
MemTotal:        1844596 kB
MemFree:          816544 kB
MemAvailable:    1510552 kB
Buffers:           47248 kB
Cached:           757792 kB
MemTotal:        1844596 kB
MemFree:          816116 kB
MemAvailable:    1510124 kB
Buffers:           47248 kB
Cached:           757792 kB
MemTotal:        1844596 kB
MemFree:          816116 kB
MemAvailable:    1510124 kB
Buffers:           47248 kB
Cached:           757792 kB
MemTotal:        1844596 kB
MemFree:          814636 kB
MemAvailable:    1508644 kB
Buffers:           47248 kB
Cached:           757792 kB
MemTotal:        1844596 kB
MemFree:          814764 kB
MemAvailable:    1508772 kB
Buffers:           47248 kB
Cached:           757792 kB
MemTotal:        1844596 kB
MemFree:          815320 kB
MemAvailable:    1509328 kB
Buffers:           47248 kB
Cached:           757792 kB
MemTotal:        1844596 kB
MemFree:          816312 kB
MemAvailable:    1510324 kB
Buffers:           47248 kB
Cached:           757796 kB
MemTotal:        1844596 kB
MemFree:          816000 kB
MemAvailable:    1510012 kB
Buffers:           47248 kB
Cached:           757796 kB
MemTotal:        1844596 kB
MemFree:          816000 kB
MemAvailable:    1510012 kB
Buffers:           47248 kB
Cached:           757796 kB
MemTotal:        1844596 kB
MemFree:          814800 kB
MemAvailable:    1508812 kB
Buffers:           47248 kB
Cached:           757796 kB
MemTotal:        1844596 kB
MemFree:          815320 kB
MemAvailable:    1509332 kB
Buffers:           47248 kB
Cached:           757796 kB
MemTotal:        1844596 kB
MemFree:          815952 kB
MemAvailable:    1509964 kB
Buffers:           47248 kB
Cached:           757796 kB
MemTotal:        1844596 kB
MemFree:          816080 kB
MemAvailable:    1510092 kB
Buffers:           47248 kB
Cached:           757796 kB
MemTotal:        1844596 kB
MemFree:          814816 kB
MemAvailable:    1508828 kB
Buffers:           47248 kB
Cached:           757796 kB
MemTotal:        1844596 kB
MemFree:          814684 kB
MemAvailable:    1508696 kB
Buffers:           47248 kB
Cached:           757796 kB
MemTotal:        1844596 kB
MemFree:          815676 kB
MemAvailable:    1509688 kB
Buffers:           47248 kB
Cached:           757796 kB
MemTotal:        1844596 kB
MemFree:          815760 kB
MemAvailable:    1509772 kB
Buffers:           47248 kB
Cached:           757796 kB
MemTotal:        1844596 kB
MemFree:          815436 kB
MemAvailable:    1509448 kB
Buffers:           47248 kB
Cached:           757796 kB
MemTotal:        1844596 kB
MemFree:          814064 kB
MemAvailable:    1508076 kB
Buffers:           47248 kB
Cached:           757796 kB
MemTotal:        1844596 kB
MemFree:          813584 kB
MemAvailable:    1507596 kB
Buffers:           47248 kB
Cached:           757796 kB
MemTotal:        1844596 kB
MemFree:          813832 kB
MemAvailable:    1507844 kB
Buffers:           47248 kB
Cached:           757796 kB
MemTotal:        1844596 kB
MemFree:          814396 kB
MemAvailable:    1508408 kB
Buffers:           47248 kB
Cached:           757796 kB
MemTotal:        1844596 kB
MemFree:          813024 kB
MemAvailable:    1507036 kB
Buffers:           47248 kB
Cached:           757796 kB
MemTotal:        1844596 kB
MemFree:          812760 kB
MemAvailable:    1506772 kB
Buffers:           47248 kB
Cached:           757796 kB
MemTotal:        1844596 kB
MemFree:          813336 kB
MemAvailable:    1507348 kB
Buffers:           47248 kB
Cached:           757796 kB
MemTotal:        1844596 kB
MemFree:          813164 kB
MemAvailable:    1507176 kB
Buffers:           47248 kB
Cached:           757796 kB
MemTotal:        1844596 kB
MemFree:          812096 kB
MemAvailable:    1506108 kB
Buffers:           47248 kB
Cached:           757796 kB
MemTotal:        1844596 kB
MemFree:          812708 kB
MemAvailable:    1506720 kB
Buffers:           47248 kB
Cached:           757796 kB
MemTotal:        1844596 kB
MemFree:          812708 kB
MemAvailable:    1506720 kB
Buffers:           47248 kB
Cached:           757796 kB
MemTotal:        1844596 kB
MemFree:          812580 kB
MemAvailable:    1506592 kB
Buffers:           47248 kB
Cached:           757796 kB
MemTotal:        1844596 kB
MemFree:          812520 kB
MemAvailable:    1506532 kB
Buffers:           47248 kB
Cached:           757796 kB
MemTotal:        1844596 kB
MemFree:          812052 kB
MemAvailable:    1506064 kB
Buffers:           47248 kB
Cached:           757796 kB
MemTotal:        1844596 kB
MemFree:          812040 kB
MemAvailable:    1506052 kB
Buffers:           47248 kB
Cached:           757796 kB
MemTotal:        1844596 kB
MemFree:          810656 kB
MemAvailable:    1504668 kB
Buffers:           47248 kB
Cached:           757796 kB
MemTotal:        1844596 kB
MemFree:          812016 kB
MemAvailable:    1506028 kB
Buffers:           47248 kB
Cached:           757796 kB
MemTotal:        1844596 kB
MemFree:          812016 kB
MemAvailable:    1506028 kB
Buffers:           47248 kB
Cached:           757796 kB
MemTotal:        1844596 kB
MemFree:          812208 kB
MemAvailable:    1506220 kB
Buffers:           47248 kB
Cached:           757796 kB
MemTotal:        1844596 kB
MemFree:          810836 kB
MemAvailable:    1504848 kB
Buffers:           47248 kB
Cached:           757796 kB
MemTotal:        1844596 kB
MemFree:          812136 kB
MemAvailable:    1506148 kB
Buffers:           47248 kB
Cached:           757796 kB
MemTotal:        1844596 kB
MemFree:          811776 kB
MemAvailable:    1505788 kB
Buffers:           47248 kB
Cached:           757796 kB
MemTotal:        1844596 kB
MemFree:          811320 kB
MemAvailable:    1505332 kB
Buffers:           47248 kB
Cached:           757796 kB
MemTotal:        1844596 kB
MemFree:          811488 kB
MemAvailable:    1505500 kB
Buffers:           47248 kB
Cached:           757796 kB
MemTotal:        1844596 kB
MemFree:          807012 kB
MemAvailable:    1501024 kB
Buffers:           47248 kB
Cached:           757796 kB
MemTotal:        1844596 kB
MemFree:          805516 kB
MemAvailable:    1499528 kB
Buffers:           47248 kB
Cached:           757796 kB
MemTotal:        1844596 kB
MemFree:          806992 kB
MemAvailable:    1501004 kB
Buffers:           47248 kB
Cached:           757796 kB
MemTotal:        1844596 kB
MemFree:          805772 kB
MemAvailable:    1499784 kB
Buffers:           47248 kB
Cached:           757796 kB
MemTotal:        1844596 kB
MemFree:          806700 kB
MemAvailable:    1500712 kB
Buffers:           47248 kB
Cached:           757796 kB
MemTotal:        1844596 kB
MemFree:          805524 kB
MemAvailable:    1499536 kB
Buffers:           47248 kB
Cached:           757796 kB
MemTotal:        1844596 kB
MemFree:          806308 kB
MemAvailable:    1500320 kB
Buffers:           47248 kB
Cached:           757796 kB
MemTotal:        1844596 kB
MemFree:          805008 kB
MemAvailable:    1499020 kB
Buffers:           47248 kB
Cached:           757796 kB
MemTotal:        1844596 kB
MemFree:          806128 kB
MemAvailable:    1500144 kB
Buffers:           47248 kB
Cached:           757800 kB
MemTotal:        1844596 kB
MemFree:          806380 kB
MemAvailable:    1500396 kB
Buffers:           47248 kB
Cached:           757800 kB
MemTotal:        1844596 kB
MemFree:          806128 kB
MemAvailable:    1500144 kB
Buffers:           47248 kB
Cached:           757800 kB
MemTotal:        1844596 kB
MemFree:          806064 kB
MemAvailable:    1500080 kB
Buffers:           47248 kB
Cached:           757800 kB
MemTotal:        1844596 kB
MemFree:          806012 kB
MemAvailable:    1500028 kB
Buffers:           47248 kB
Cached:           757800 kB
MemTotal:        1844596 kB
MemFree:          805088 kB
MemAvailable:    1499104 kB
Buffers:           47248 kB
Cached:           757800 kB
MemTotal:        1844596 kB
MemFree:          803228 kB
MemAvailable:    1497244 kB
Buffers:           47248 kB
Cached:           757800 kB
MemTotal:        1844596 kB
MemFree:          801796 kB
MemAvailable:    1495812 kB
Buffers:           47248 kB
Cached:           757800 kB
MemTotal:        1844596 kB
MemFree:          803096 kB
MemAvailable:    1497112 kB
Buffers:           47248 kB
Cached:           757800 kB
MemTotal:        1844596 kB
MemFree:          802856 kB
MemAvailable:    1496872 kB
Buffers:           47248 kB
Cached:           757800 kB
MemTotal:        1844596 kB
MemFree:          802912 kB
MemAvailable:    1496928 kB
Buffers:           47248 kB
Cached:           757800 kB
MemTotal:        1844596 kB
MemFree:          803204 kB
MemAvailable:    1497220 kB
Buffers:           47248 kB
Cached:           757800 kB
MemTotal:        1844596 kB
MemFree:          802880 kB
MemAvailable:    1496896 kB
Buffers:           47248 kB
Cached:           757800 kB
MemTotal:        1844596 kB
MemFree:          803132 kB
MemAvailable:    1497148 kB
Buffers:           47248 kB
Cached:           757800 kB
MemTotal:        1844596 kB
MemFree:          803708 kB
MemAvailable:    1497724 kB
Buffers:           47248 kB
Cached:           757800 kB
MemTotal:        1844596 kB
MemFree:          804924 kB
MemAvailable:    1498940 kB
Buffers:           47248 kB
Cached:           757800 kB
MemTotal:        1844596 kB
MemFree:          804160 kB
MemAvailable:    1498260 kB
Buffers:           47248 kB
Cached:           757924 kB
MemTotal:        1844596 kB
MemFree:          804460 kB
MemAvailable:    1498728 kB
Buffers:           47248 kB
Cached:           758172 kB
MemTotal:        1844596 kB
MemFree:          804544 kB
MemAvailable:    1498812 kB
Buffers:           47248 kB
Cached:           758172 kB
MemTotal:        1844596 kB
MemFree:          804464 kB
MemAvailable:    1498900 kB
Buffers:           47248 kB
Cached:           758296 kB
MemTotal:        1844596 kB
MemFree:          804604 kB
MemAvailable:    1499124 kB
Buffers:           47248 kB
Cached:           758296 kB
MemTotal:        1844596 kB
MemFree:          804196 kB
MemAvailable:    1498800 kB
Buffers:           47248 kB
Cached:           758420 kB
MemTotal:        1844596 kB
MemFree:          804196 kB
MemAvailable:    1498800 kB
Buffers:           47248 kB
Cached:           758420 kB
MemTotal:        1844596 kB
MemFree:          804236 kB
MemAvailable:    1498840 kB
Buffers:           47248 kB
Cached:           758420 kB
MemTotal:        1844596 kB
MemFree:          804208 kB
MemAvailable:    1498812 kB
Buffers:           47248 kB
Cached:           758420 kB
MemTotal:        1844596 kB
MemFree:          804220 kB
MemAvailable:    1498824 kB
Buffers:           47248 kB
Cached:           758420 kB
MemTotal:        1844596 kB
MemFree:          804048 kB
MemAvailable:    1498652 kB
Buffers:           47248 kB
Cached:           758420 kB
MemTotal:        1844596 kB
MemFree:          804344 kB
MemAvailable:    1498948 kB
Buffers:           47248 kB
Cached:           758420 kB
MemTotal:        1844596 kB
MemFree:          804172 kB
MemAvailable:    1498776 kB
Buffers:           47248 kB
Cached:           758420 kB
MemTotal:        1844596 kB
MemFree:          804292 kB
MemAvailable:    1498896 kB
Buffers:           47248 kB
Cached:           758420 kB
MemTotal:        1844596 kB
MemFree:          804100 kB
MemAvailable:    1498788 kB
Buffers:           47248 kB
Cached:           758420 kB
MemTotal:        1844596 kB
MemFree:          804476 kB
MemAvailable:    1498492 kB
Buffers:           47248 kB
Cached:           757788 kB
MemTotal:        1844596 kB
MemFree:          873292 kB
MemAvailable:    1567308 kB
Buffers:           47248 kB
Cached:           757788 kB
