MemTotal:        1844596 kB
MemFree:          806260 kB
MemAvailable:    1537988 kB
Buffers:           51320 kB
Cached:           788368 kB
MemTotal:        1844596 kB
MemFree:          804516 kB
MemAvailable:    1536244 kB
Buffers:           51320 kB
Cached:           788368 kB
MemTotal:        1844596 kB
MemFree:          802780 kB
MemAvailable:    1534508 kB
Buffers:           51320 kB
Cached:           788368 kB
MemTotal:        1844596 kB
MemFree:          801300 kB
MemAvailable:    1533028 kB
Buffers:           51320 kB
Cached:           788368 kB
MemTotal:        1844596 kB
MemFree:          801300 kB
MemAvailable:    1533028 kB
Buffers:           51320 kB
Cached:           788368 kB
MemTotal:        1844596 kB
MemFree:          802416 kB
MemAvailable:    1534144 kB
Buffers:           51320 kB
Cached:           788368 kB
MemTotal:        1844596 kB
MemFree:          801052 kB
MemAvailable:    1532780 kB
Buffers:           51320 kB
Cached:           788368 kB
MemTotal:        1844596 kB
MemFree:          799244 kB
MemAvailable:    1530972 kB
Buffers:           51320 kB
Cached:           788368 kB
MemTotal:        1844596 kB
MemFree:          796836 kB
MemAvailable:    1528564 kB
Buffers:           51320 kB
Cached:           788368 kB
MemTotal:        1844596 kB
MemFree:          793116 kB
MemAvailable:    1524844 kB
Buffers:           51320 kB
Cached:           788368 kB
MemTotal:        1844596 kB
MemFree:          792040 kB
MemAvailable:    1523768 kB
Buffers:           51320 kB
Cached:           788368 kB
MemTotal:        1844596 kB
MemFree:          792356 kB
MemAvailable:    1524084 kB
Buffers:           51320 kB
Cached:           788368 kB
MemTotal:        1844596 kB
MemFree:          792372 kB
MemAvailable:    1524100 kB
Buffers:           51320 kB
Cached:           788368 kB
MemTotal:        1844596 kB
MemFree:          792500 kB
MemAvailable:    1524228 kB
Buffers:           51320 kB
Cached:           788368 kB
MemTotal:        1844596 kB
MemFree:          792356 kB
MemAvailable:    1524084 kB
Buffers:           51320 kB
Cached:           788368 kB
MemTotal:        1844596 kB
MemFree:          792356 kB
MemAvailable:    1524084 kB
Buffers:           51320 kB
Cached:           788368 kB
MemTotal:        1844596 kB
MemFree:          792184 kB
MemAvailable:    1523912 kB
Buffers:           51320 kB
Cached:           788368 kB
MemTotal:        1844596 kB
MemFree:          792520 kB
MemAvailable:    1524248 kB
Buffers:           51320 kB
Cached:           788368 kB
MemTotal:        1844596 kB
MemFree:          789768 kB
MemAvailable:    1521496 kB
Buffers:           51320 kB
Cached:           788368 kB
MemTotal:        1844596 kB
MemFree:          789512 kB
MemAvailable:    1521240 kB
Buffers:           51320 kB
Cached:           788368 kB
MemTotal:        1844596 kB
MemFree:          790104 kB
MemAvailable:    1521832 kB
Buffers:           51320 kB
Cached:           788368 kB
MemTotal:        1844596 kB
MemFree:          790440 kB
MemAvailable:    1522168 kB
Buffers:           51320 kB
Cached:           788368 kB
MemTotal:        1844596 kB
MemFree:          790112 kB
MemAvailable:    1521840 kB
Buffers:           51320 kB
Cached:           788368 kB
MemTotal:        1844596 kB
MemFree:          789916 kB
MemAvailable:    1521644 kB
Buffers:           51320 kB
Cached:           788368 kB
MemTotal:        1844596 kB
MemFree:          789148 kB
MemAvailable:    1520876 kB
Buffers:           51320 kB
Cached:           788368 kB
MemTotal:        1844596 kB
MemFree:          789824 kB
MemAvailable:    1521552 kB
Buffers:           51320 kB
Cached:           788368 kB
MemTotal:        1844596 kB
MemFree:          790024 kB
MemAvailable:    1521752 kB
Buffers:           51320 kB
Cached:           788368 kB
MemTotal:        1844596 kB
MemFree:          789696 kB
MemAvailable:    1521424 kB
Buffers:           51320 kB
Cached:           788368 kB
MemTotal:        1844596 kB
MemFree:          789864 kB
MemAvailable:    1521592 kB
Buffers:           51320 kB
Cached:           788368 kB
MemTotal:        1844596 kB
MemFree:          790540 kB
MemAvailable:    1522268 kB
Buffers:           51320 kB
Cached:           788368 kB
MemTotal:        1844596 kB
MemFree:          789892 kB
MemAvailable:    1521620 kB
Buffers:           51320 kB
Cached:           788368 kB
MemTotal:        1844596 kB
MemFree:          789768 kB
MemAvailable:    1521496 kB
Buffers:           51320 kB
Cached:           788368 kB
MemTotal:        1844596 kB
MemFree:          788140 kB
MemAvailable:    1519868 kB
Buffers:           51320 kB
Cached:           788368 kB
MemTotal:        1844596 kB
MemFree:          788016 kB
MemAvailable:    1519744 kB
Buffers:           51320 kB
Cached:           788368 kB
MemTotal:        1844596 kB
MemFree:          787272 kB
MemAvailable:    1519008 kB
Buffers:           51320 kB
Cached:           788376 kB
MemTotal:        1844596 kB
MemFree:          787356 kB
MemAvailable:    1519092 kB
Buffers:           51320 kB
Cached:           788376 kB
MemTotal:        1844596 kB
MemFree:          786784 kB
MemAvailable:    1518520 kB
Buffers:           51320 kB
Cached:           788376 kB
MemTotal:        1844596 kB
MemFree:          787040 kB
MemAvailable:    1518776 kB
Buffers:           51320 kB
Cached:           788376 kB
MemTotal:        1844596 kB
MemFree:          785984 kB
MemAvailable:    1517720 kB
Buffers:           51320 kB
Cached:           788376 kB
MemTotal:        1844596 kB
MemFree:          785652 kB
MemAvailable:    1517388 kB
Buffers:           51320 kB
Cached:           788376 kB
MemTotal:        1844596 kB
MemFree:          785132 kB
MemAvailable:    1516868 kB
Buffers:           51320 kB
Cached:           788376 kB
MemTotal:        1844596 kB
MemFree:          785784 kB
MemAvailable:    1517520 kB
Buffers:           51320 kB
Cached:           788376 kB
MemTotal:        1844596 kB
MemFree:          785772 kB
MemAvailable:    1517508 kB
Buffers:           51320 kB
Cached:           788376 kB
MemTotal:        1844596 kB
MemFree:          785772 kB
MemAvailable:    1517508 kB
Buffers:           51320 kB
Cached:           788376 kB
MemTotal:        1844596 kB
MemFree:          785680 kB
MemAvailable:    1517416 kB
Buffers:           51320 kB
Cached:           788376 kB
MemTotal:        1844596 kB
MemFree:          784380 kB
MemAvailable:    1516116 kB
Buffers:           51320 kB
Cached:           788376 kB
MemTotal:        1844596 kB
MemFree:          784380 kB
MemAvailable:    1516116 kB
Buffers:           51320 kB
Cached:           788376 kB
MemTotal:        1844596 kB
MemFree:          785364 kB
MemAvailable:    1517100 kB
Buffers:           51320 kB
Cached:           788376 kB
MemTotal:        1844596 kB
MemFree:          783808 kB
MemAvailable:    1515544 kB
Buffers:           51320 kB
Cached:           788376 kB
MemTotal:        1844596 kB
MemFree:          783376 kB
MemAvailable:    1515112 kB
Buffers:           51320 kB
Cached:           788376 kB
MemTotal:        1844596 kB
MemFree:          783508 kB
MemAvailable:    1515244 kB
Buffers:           51320 kB
Cached:           788376 kB
MemTotal:        1844596 kB
MemFree:          784808 kB
MemAvailable:    1516544 kB
Buffers:           51320 kB
Cached:           788376 kB
MemTotal:        1844596 kB
MemFree:          783748 kB
MemAvailable:    1515484 kB
Buffers:           51320 kB
Cached:           788376 kB
MemTotal:        1844596 kB
MemFree:          783500 kB
MemAvailable:    1515236 kB
Buffers:           51320 kB
Cached:           788376 kB
MemTotal:        1844596 kB
MemFree:          783624 kB
MemAvailable:    1515360 kB
Buffers:           51320 kB
Cached:           788376 kB
MemTotal:        1844596 kB
MemFree:          783492 kB
MemAvailable:    1515228 kB
Buffers:           51320 kB
Cached:           788376 kB
MemTotal:        1844596 kB
MemFree:          783368 kB
MemAvailable:    1515104 kB
Buffers:           51320 kB
Cached:           788376 kB
MemTotal:        1844596 kB
MemFree:          784296 kB
MemAvailable:    1516032 kB
Buffers:           51320 kB
Cached:           788376 kB
MemTotal:        1844596 kB
MemFree:          784380 kB
MemAvailable:    1516116 kB
Buffers:           51320 kB
Cached:           788376 kB
MemTotal:        1844596 kB
MemFree:          784120 kB
MemAvailable:    1515856 kB
Buffers:           51320 kB
Cached:           788376 kB
MemTotal:        1844596 kB
MemFree:          784456 kB
MemAvailable:    1516192 kB
Buffers:           51320 kB
Cached:           788376 kB
MemTotal:        1844596 kB
MemFree:          782880 kB
MemAvailable:    1514616 kB
Buffers:           51320 kB
Cached:           788376 kB
MemTotal:        1844596 kB
MemFree:          784244 kB
MemAvailable:    1515980 kB
Buffers:           51320 kB
Cached:           788376 kB
MemTotal:        1844596 kB
MemFree:          783684 kB
MemAvailable:    1515420 kB
Buffers:           51320 kB
Cached:           788376 kB
MemTotal:        1844596 kB
MemFree:          783940 kB
MemAvailable:    1515676 kB
Buffers:           51320 kB
Cached:           788376 kB
MemTotal:        1844596 kB
MemFree:          783760 kB
MemAvailable:    1515496 kB
Buffers:           51320 kB
Cached:           788376 kB
MemTotal:        1844596 kB
MemFree:          783692 kB
MemAvailable:    1515428 kB
Buffers:           51320 kB
Cached:           788376 kB
MemTotal:        1844596 kB
MemFree:          783856 kB
MemAvailable:    1515592 kB
Buffers:           51320 kB
Cached:           788376 kB
MemTotal:        1844596 kB
MemFree:          782640 kB
MemAvailable:    1514376 kB
Buffers:           51320 kB
Cached:           788376 kB
MemTotal:        1844596 kB
MemFree:          782552 kB
MemAvailable:    1514288 kB
Buffers:           51320 kB
Cached:           788376 kB
MemTotal:        1844596 kB
MemFree:          783916 kB
MemAvailable:    1515652 kB
Buffers:           51320 kB
Cached:           788376 kB
MemTotal:        1844596 kB
MemFree:          783072 kB
MemAvailable:    1514808 kB
Buffers:           51320 kB
Cached:           788376 kB
MemTotal:        1844596 kB
MemFree:          784124 kB
MemAvailable:    1515864 kB
Buffers:           51320 kB
Cached:           788380 kB
MemTotal:        1844596 kB
MemFree:          782312 kB
MemAvailable:    1514052 kB
Buffers:           51320 kB
Cached:           788380 kB
MemTotal:        1844596 kB
MemFree:          781708 kB
MemAvailable:    1513448 kB
Buffers:           51320 kB
Cached:           788380 kB
MemTotal:        1844596 kB
MemFree:          779220 kB
MemAvailable:    1510960 kB
Buffers:           51320 kB
Cached:           788380 kB
MemTotal:        1844596 kB
MemFree:          779112 kB
MemAvailable:    1510852 kB
Buffers:           51320 kB
Cached:           788380 kB
MemTotal:        1844596 kB
MemFree:          776360 kB
MemAvailable:    1508100 kB
Buffers:           51320 kB
Cached:           788380 kB
MemTotal:        1844596 kB
MemFree:          776360 kB
MemAvailable:    1508100 kB
Buffers:           51320 kB
Cached:           788380 kB
MemTotal:        1844596 kB
MemFree:          775932 kB
MemAvailable:    1507672 kB
Buffers:           51320 kB
Cached:           788380 kB
MemTotal:        1844596 kB
MemFree:          776016 kB
MemAvailable:    1507756 kB
Buffers:           51320 kB
Cached:           788380 kB
MemTotal:        1844596 kB
MemFree:          775796 kB
MemAvailable:    1507536 kB
Buffers:           51320 kB
Cached:           788380 kB
MemTotal:        1844596 kB
MemFree:          775796 kB
MemAvailable:    1507536 kB
Buffers:           51320 kB
Cached:           788380 kB
MemTotal:        1844596 kB
MemFree:          775692 kB
MemAvailable:    1507432 kB
Buffers:           51320 kB
Cached:           788380 kB
MemTotal:        1844596 kB
MemFree:          775860 kB
MemAvailable:    1507600 kB
Buffers:           51320 kB
Cached:           788380 kB
MemTotal:        1844596 kB
MemFree:          775816 kB
MemAvailable:    1507556 kB
Buffers:           51320 kB
Cached:           788380 kB
MemTotal:        1844596 kB
MemFree:          775872 kB
MemAvailable:    1507612 kB
Buffers:           51320 kB
Cached:           788380 kB
MemTotal:        1844596 kB
MemFree:          775716 kB
MemAvailable:    1507456 kB
Buffers:           51320 kB
Cached:           788380 kB
MemTotal:        1844596 kB
MemFree:          775012 kB
MemAvailable:    1506752 kB
Buffers:           51320 kB
Cached:           788380 kB
MemTotal:        1844596 kB
MemFree:          774508 kB
MemAvailable:    1506248 kB
Buffers:           51320 kB
Cached:           788380 kB
MemTotal:        1844596 kB
MemFree:          775816 kB
MemAvailable:    1507556 kB
Buffers:           51320 kB
Cached:           788380 kB
MemTotal:        1844596 kB
MemFree:          774764 kB
MemAvailable:    1506504 kB
Buffers:           51320 kB
Cached:           788380 kB
MemTotal:        1844596 kB
MemFree:          774640 kB
MemAvailable:    1506380 kB
Buffers:           51320 kB
Cached:           788380 kB
MemTotal:        1844596 kB
MemFree:          775220 kB
MemAvailable:    1506960 kB
Buffers:           51320 kB
Cached:           788380 kB
MemTotal:        1844596 kB
MemFree:          775260 kB
MemAvailable:    1507000 kB
Buffers:           51320 kB
Cached:           788380 kB
MemTotal:        1844596 kB
MemFree:          775128 kB
MemAvailable:    1506868 kB
Buffers:           51320 kB
Cached:           788380 kB
MemTotal:        1844596 kB
MemFree:          774764 kB
MemAvailable:    1506504 kB
Buffers:           51320 kB
Cached:           788380 kB
MemTotal:        1844596 kB
MemFree:          774632 kB
MemAvailable:    1506372 kB
Buffers:           51320 kB
Cached:           788380 kB
MemTotal:        1844596 kB
MemFree:          774196 kB
MemAvailable:    1505936 kB
Buffers:           51320 kB
Cached:           788380 kB
MemTotal:        1844596 kB
MemFree:          773964 kB
MemAvailable:    1505704 kB
Buffers:           51320 kB
Cached:           788380 kB
MemTotal:        1844596 kB
MemFree:          774220 kB
MemAvailable:    1505960 kB
Buffers:           51320 kB
Cached:           788380 kB
MemTotal:        1844596 kB
MemFree:          772980 kB
MemAvailable:    1504720 kB
Buffers:           51320 kB
Cached:           788380 kB
MemTotal:        1844596 kB
MemFree:          772276 kB
MemAvailable:    1504016 kB
Buffers:           51320 kB
Cached:           788380 kB
MemTotal:        1844596 kB
MemFree:          772904 kB
MemAvailable:    1504648 kB
Buffers:           51320 kB
Cached:           788384 kB
MemTotal:        1844596 kB
MemFree:          771788 kB
MemAvailable:    1503532 kB
Buffers:           51320 kB
Cached:           788384 kB
MemTotal:        1844596 kB
MemFree:          772392 kB
MemAvailable:    1504136 kB
Buffers:           51320 kB
Cached:           788384 kB
MemTotal:        1844596 kB
MemFree:          772160 kB
MemAvailable:    1503904 kB
Buffers:           51320 kB
Cached:           788384 kB
MemTotal:        1844596 kB
MemFree:          772396 kB
MemAvailable:    1504140 kB
Buffers:           51320 kB
Cached:           788384 kB
MemTotal:        1844596 kB
MemFree:          772308 kB
MemAvailable:    1504052 kB
Buffers:           51320 kB
Cached:           788384 kB
MemTotal:        1844596 kB
MemFree:          771828 kB
MemAvailable:    1503572 kB
Buffers:           51320 kB
Cached:           788384 kB
MemTotal:        1844596 kB
MemFree:          772164 kB
MemAvailable:    1503908 kB
Buffers:           51320 kB
Cached:           788384 kB
MemTotal:        1844596 kB
MemFree:          771864 kB
MemAvailable:    1503608 kB
Buffers:           51320 kB
Cached:           788384 kB
MemTotal:        1844596 kB
MemFree:          771948 kB
MemAvailable:    1503692 kB
Buffers:           51320 kB
Cached:           788384 kB
MemTotal:        1844596 kB
MemFree:          771716 kB
MemAvailable:    1503460 kB
Buffers:           51320 kB
Cached:           788384 kB
MemTotal:        1844596 kB
MemFree:          771968 kB
MemAvailable:    1503712 kB
Buffers:           51320 kB
Cached:           788384 kB
MemTotal:        1844596 kB
MemFree:          772164 kB
MemAvailable:    1503908 kB
Buffers:           51320 kB
Cached:           788384 kB
MemTotal:        1844596 kB
MemFree:          771904 kB
MemAvailable:    1503648 kB
Buffers:           51320 kB
Cached:           788384 kB
MemTotal:        1844596 kB
MemFree:          772240 kB
MemAvailable:    1503984 kB
Buffers:           51320 kB
Cached:           788384 kB
MemTotal:        1844596 kB
MemFree:          770292 kB
MemAvailable:    1502036 kB
Buffers:           51320 kB
Cached:           788384 kB
MemTotal:        1844596 kB
MemFree:          770168 kB
MemAvailable:    1501912 kB
Buffers:           51320 kB
Cached:           788384 kB
MemTotal:        1844596 kB
MemFree:          770052 kB
MemAvailable:    1501796 kB
Buffers:           51320 kB
Cached:           788384 kB
MemTotal:        1844596 kB
MemFree:          766764 kB
MemAvailable:    1498508 kB
Buffers:           51320 kB
Cached:           788384 kB
MemTotal:        1844596 kB
MemFree:          765340 kB
MemAvailable:    1497084 kB
Buffers:           51320 kB
Cached:           788384 kB
MemTotal:        1844596 kB
MemFree:          766704 kB
MemAvailable:    1498448 kB
Buffers:           51320 kB
Cached:           788384 kB
MemTotal:        1844596 kB
MemFree:          766580 kB
MemAvailable:    1498324 kB
Buffers:           51320 kB
Cached:           788384 kB
MemTotal:        1844596 kB
MemFree:          766392 kB
MemAvailable:    1498136 kB
Buffers:           51320 kB
Cached:           788384 kB
MemTotal:        1844596 kB
MemFree:          765340 kB
MemAvailable:    1497084 kB
Buffers:           51320 kB
Cached:           788384 kB
MemTotal:        1844596 kB
MemFree:          766132 kB
MemAvailable:    1497876 kB
Buffers:           51320 kB
Cached:           788384 kB
MemTotal:        1844596 kB
MemFree:          766148 kB
MemAvailable:    1497892 kB
Buffers:           51320 kB
Cached:           788384 kB
MemTotal:        1844596 kB
MemFree:          765928 kB
MemAvailable:    1497672 kB
Buffers:           51320 kB
Cached:           788384 kB
MemTotal:        1844596 kB
MemFree:          765836 kB
MemAvailable:    1497580 kB
Buffers:           51320 kB
Cached:           788384 kB
MemTotal:        1844596 kB
MemFree:          765968 kB
MemAvailable:    1497712 kB
Buffers:           51320 kB
Cached:           788384 kB
MemTotal:        1844596 kB
MemFree:          764536 kB
MemAvailable:    1496280 kB
Buffers:           51320 kB
Cached:           788384 kB
MemTotal:        1844596 kB
MemFree:          765084 kB
MemAvailable:    1496828 kB
Buffers:           51320 kB
Cached:           788384 kB
MemTotal:        1844596 kB
MemFree:          764780 kB
MemAvailable:    1496524 kB
Buffers:           51320 kB
Cached:           788384 kB
MemTotal:        1844596 kB
MemFree:          763168 kB
MemAvailable:    1494912 kB
Buffers:           51320 kB
Cached:           788384 kB
MemTotal:        1844596 kB
MemFree:          762712 kB
MemAvailable:    1494456 kB
Buffers:           51320 kB
Cached:           788384 kB
MemTotal:        1844596 kB
MemFree:          762796 kB
MemAvailable:    1494540 kB
Buffers:           51320 kB
Cached:           788384 kB
MemTotal:        1844596 kB
MemFree:          762208 kB
MemAvailable:    1493952 kB
Buffers:           51320 kB
Cached:           788384 kB
MemTotal:        1844596 kB
MemFree:          761344 kB
MemAvailable:    1493088 kB
Buffers:           51320 kB
Cached:           788384 kB
MemTotal:        1844596 kB
MemFree:          761676 kB
MemAvailable:    1493420 kB
Buffers:           51320 kB
Cached:           788384 kB
MemTotal:        1844596 kB
MemFree:          762784 kB
MemAvailable:    1494528 kB
Buffers:           51320 kB
Cached:           788384 kB
MemTotal:        1844596 kB
MemFree:          764772 kB
MemAvailable:    1496516 kB
Buffers:           51320 kB
Cached:           788384 kB
MemTotal:        1844596 kB
MemFree:          763648 kB
MemAvailable:    1495392 kB
Buffers:           51320 kB
Cached:           788384 kB
MemTotal:        1844596 kB
MemFree:          764540 kB
MemAvailable:    1496368 kB
Buffers:           51320 kB
Cached:           788508 kB
MemTotal:        1844596 kB
MemFree:          764792 kB
MemAvailable:    1496620 kB
Buffers:           51320 kB
Cached:           788508 kB
MemTotal:        1844596 kB
MemFree:          764276 kB
MemAvailable:    1496272 kB
Buffers:           51320 kB
Cached:           788632 kB
MemTotal:        1844596 kB
MemFree:          764612 kB
MemAvailable:    1496608 kB
Buffers:           51320 kB
Cached:           788756 kB
MemTotal:        1844596 kB
MemFree:          763160 kB
MemAvailable:    1495240 kB
Buffers:           51320 kB
Cached:           788880 kB
MemTotal:        1844596 kB
MemFree:          764136 kB
MemAvailable:    1496384 kB
Buffers:           51320 kB
Cached:           789004 kB
MemTotal:        1844596 kB
MemFree:          764472 kB
MemAvailable:    1496720 kB
Buffers:           51320 kB
Cached:           789004 kB
MemTotal:        1844596 kB
MemFree:          764012 kB
MemAvailable:    1496344 kB
Buffers:           51320 kB
Cached:           789004 kB
MemTotal:        1844596 kB
MemFree:          764012 kB
MemAvailable:    1496344 kB
Buffers:           51320 kB
Cached:           789004 kB
MemTotal:        1844596 kB
MemFree:          763780 kB
MemAvailable:    1496112 kB
Buffers:           51320 kB
Cached:           789004 kB
MemTotal:        1844596 kB
MemFree:          764116 kB
MemAvailable:    1496448 kB
Buffers:           51320 kB
Cached:           789004 kB
MemTotal:        1844596 kB
MemFree:          762792 kB
MemAvailable:    1495124 kB
Buffers:           51320 kB
Cached:           789004 kB
MemTotal:        1844596 kB
MemFree:          763488 kB
MemAvailable:    1495820 kB
Buffers:           51320 kB
Cached:           789004 kB
MemTotal:        1844596 kB
MemFree:          764400 kB
MemAvailable:    1496756 kB
Buffers:           51320 kB
Cached:           789036 kB
MemTotal:        1844596 kB
MemFree:          763232 kB
MemAvailable:    1495588 kB
Buffers:           51320 kB
Cached:           789036 kB
MemTotal:        1844596 kB
MemFree:          764100 kB
MemAvailable:    1496456 kB
Buffers:           51320 kB
Cached:           788992 kB
MemTotal:        1844596 kB
MemFree:          765032 kB
MemAvailable:    1496800 kB
Buffers:           51320 kB
Cached:           788404 kB
MemTotal:        1844596 kB
MemFree:          831580 kB
MemAvailable:    1563348 kB
Buffers:           51320 kB
Cached:           788404 kB
