MemTotal:        1844596 kB
MemFree:          913752 kB
MemAvailable:    1547784 kB
Buffers:           39660 kB
Cached:           702556 kB
MemTotal:        1844596 kB
MemFree:          915504 kB
MemAvailable:    1549536 kB
Buffers:           39660 kB
Cached:           702556 kB
MemTotal:        1844596 kB
MemFree:          913380 kB
MemAvailable:    1547412 kB
Buffers:           39660 kB
Cached:           702556 kB
MemTotal:        1844596 kB
MemFree:          913380 kB
MemAvailable:    1547412 kB
Buffers:           39660 kB
Cached:           702556 kB
MemTotal:        1844596 kB
MemFree:          911760 kB
MemAvailable:    1545792 kB
Buffers:           39660 kB
Cached:           702556 kB
MemTotal:        1844596 kB
MemFree:          910916 kB
MemAvailable:    1544948 kB
Buffers:           39660 kB
Cached:           702556 kB
MemTotal:        1844596 kB
MemFree:          910792 kB
MemAvailable:    1544824 kB
Buffers:           39660 kB
Cached:           702556 kB
MemTotal:        1844596 kB
MemFree:          910032 kB
MemAvailable:    1544064 kB
Buffers:           39660 kB
Cached:           702556 kB
MemTotal:        1844596 kB
MemFree:          909872 kB
MemAvailable:    1543904 kB
Buffers:           39660 kB
Cached:           702556 kB
MemTotal:        1844596 kB
MemFree:          905444 kB
MemAvailable:    1539476 kB
Buffers:           39660 kB
Cached:           702556 kB
MemTotal:        1844596 kB
MemFree:          905088 kB
MemAvailable:    1539120 kB
Buffers:           39660 kB
Cached:           702556 kB
MemTotal:        1844596 kB
MemFree:          899872 kB
MemAvailable:    1533904 kB
Buffers:           39660 kB
Cached:           702556 kB
MemTotal:        1844596 kB
MemFree:          902008 kB
MemAvailable:    1536040 kB
Buffers:           39660 kB
Cached:           702556 kB
MemTotal:        1844596 kB
MemFree:          902044 kB
MemAvailable:    1536076 kB
Buffers:           39660 kB
Cached:           702556 kB
MemTotal:        1844596 kB
MemFree:          900956 kB
MemAvailable:    1534988 kB
Buffers:           39660 kB
Cached:           702556 kB
MemTotal:        1844596 kB
MemFree:          900948 kB
MemAvailable:    1534980 kB
Buffers:           39660 kB
Cached:           702556 kB
MemTotal:        1844596 kB
MemFree:          900824 kB
MemAvailable:    1534856 kB
Buffers:           39660 kB
Cached:           702556 kB
MemTotal:        1844596 kB
MemFree:          900616 kB
MemAvailable:    1534648 kB
Buffers:           39660 kB
Cached:           702556 kB
MemTotal:        1844596 kB
MemFree:          900800 kB
MemAvailable:    1534832 kB
Buffers:           39660 kB
Cached:           702556 kB
MemTotal:        1844596 kB
MemFree:          898872 kB
MemAvailable:    1532904 kB
Buffers:           39660 kB
Cached:           702556 kB
MemTotal:        1844596 kB
MemFree:          900128 kB
MemAvailable:    1534160 kB
Buffers:           39660 kB
Cached:           702556 kB
MemTotal:        1844596 kB
MemFree:          899616 kB
MemAvailable:    1533648 kB
Buffers:           39660 kB
Cached:           702556 kB
MemTotal:        1844596 kB
MemFree:          899868 kB
MemAvailable:    1533900 kB
Buffers:           39660 kB
Cached:           702556 kB
MemTotal:        1844596 kB
MemFree:          899512 kB
MemAvailable:    1533544 kB
Buffers:           39660 kB
Cached:           702556 kB
MemTotal:        1844596 kB
MemFree:          899440 kB
MemAvailable:    1533472 kB
Buffers:           39660 kB
Cached:           702556 kB
MemTotal:        1844596 kB
MemFree:          899776 kB
MemAvailable:    1533808 kB
Buffers:           39660 kB
Cached:           702556 kB
MemTotal:        1844596 kB
MemFree:          899500 kB
MemAvailable:    1533532 kB
Buffers:           39660 kB
Cached:           702556 kB
MemTotal:        1844596 kB
MemFree:          899500 kB
MemAvailable:    1533532 kB
Buffers:           39660 kB
Cached:           702556 kB
MemTotal:        1844596 kB
MemFree:          899584 kB
MemAvailable:    1533616 kB
Buffers:           39660 kB
Cached:           702556 kB
MemTotal:        1844596 kB
MemFree:          899600 kB
MemAvailable:    1533632 kB
Buffers:           39660 kB
Cached:           702556 kB
MemTotal:        1844596 kB
MemFree:          900872 kB
MemAvailable:    1534904 kB
Buffers:           39660 kB
Cached:           702556 kB
MemTotal:        1844596 kB
MemFree:          899940 kB
MemAvailable:    1533972 kB
Buffers:           39660 kB
Cached:           702556 kB
MemTotal:        1844596 kB
MemFree:          899260 kB
MemAvailable:    1533292 kB
Buffers:           39660 kB
Cached:           702556 kB
MemTotal:        1844596 kB
MemFree:          896276 kB
MemAvailable:    1530308 kB
Buffers:           39660 kB
Cached:           702556 kB
MemTotal:        1844596 kB
MemFree:          895912 kB
MemAvailable:    1529944 kB
Buffers:           39660 kB
Cached:           702556 kB
MemTotal:        1844596 kB
MemFree:          896460 kB
MemAvailable:    1530492 kB
Buffers:           39660 kB
Cached:           702556 kB
MemTotal:        1844596 kB
MemFree:          896020 kB
MemAvailable:    1530052 kB
Buffers:           39660 kB
Cached:           702556 kB
MemTotal:        1844596 kB
MemFree:          895772 kB
MemAvailable:    1529804 kB
Buffers:           39660 kB
Cached:           702556 kB
MemTotal:        1844596 kB
MemFree:          895664 kB
MemAvailable:    1529696 kB
Buffers:           39660 kB
Cached:           702556 kB
MemTotal:        1844596 kB
MemFree:          895400 kB
MemAvailable:    1529432 kB
Buffers:           39660 kB
Cached:           702556 kB
MemTotal:        1844596 kB
MemFree:          895656 kB
MemAvailable:    1529688 kB
Buffers:           39660 kB
Cached:           702556 kB
MemTotal:        1844596 kB
MemFree:          894532 kB
MemAvailable:    1528564 kB
Buffers:           39660 kB
Cached:           702556 kB
MemTotal:        1844596 kB
MemFree:          895460 kB
MemAvailable:    1529492 kB
Buffers:           39660 kB
Cached:           702556 kB
MemTotal:        1844596 kB
MemFree:          894152 kB
MemAvailable:    1528184 kB
Buffers:           39660 kB
Cached:           702556 kB
MemTotal:        1844596 kB
MemFree:          894044 kB
MemAvailable:    1528076 kB
Buffers:           39660 kB
Cached:           702556 kB
MemTotal:        1844596 kB
MemFree:          893796 kB
MemAvailable:    1527828 kB
Buffers:           39660 kB
Cached:           702556 kB
MemTotal:        1844596 kB
MemFree:          894796 kB
MemAvailable:    1528828 kB
Buffers:           39660 kB
Cached:           702556 kB
MemTotal:        1844596 kB
MemFree:          893176 kB
MemAvailable:    1527208 kB
Buffers:           39660 kB
Cached:           702556 kB
MemTotal:        1844596 kB
MemFree:          893036 kB
MemAvailable:    1527068 kB
Buffers:           39660 kB
Cached:           702556 kB
MemTotal:        1844596 kB
MemFree:          894468 kB
MemAvailable:    1528500 kB
Buffers:           39660 kB
Cached:           702556 kB
MemTotal:        1844596 kB
MemFree:          894420 kB
MemAvailable:    1528452 kB
Buffers:           39660 kB
Cached:           702556 kB
MemTotal:        1844596 kB
MemFree:          893240 kB
MemAvailable:    1527272 kB
Buffers:           39660 kB
Cached:           702556 kB
MemTotal:        1844596 kB
MemFree:          893108 kB
MemAvailable:    1527140 kB
Buffers:           39660 kB
Cached:           702556 kB
MemTotal:        1844596 kB
MemFree:          894224 kB
MemAvailable:    1528256 kB
Buffers:           39660 kB
Cached:           702556 kB
MemTotal:        1844596 kB
MemFree:          894384 kB
MemAvailable:    1528416 kB
Buffers:           39660 kB
Cached:           702556 kB
MemTotal:        1844596 kB
MemFree:          893936 kB
MemAvailable:    1527968 kB
Buffers:           39660 kB
Cached:           702556 kB
MemTotal:        1844596 kB
MemFree:          894284 kB
MemAvailable:    1528316 kB
Buffers:           39660 kB
Cached:           702556 kB
MemTotal:        1844596 kB
MemFree:          894292 kB
MemAvailable:    1528324 kB
Buffers:           39660 kB
Cached:           702556 kB
MemTotal:        1844596 kB
MemFree:          894048 kB
MemAvailable:    1528080 kB
Buffers:           39660 kB
Cached:           702556 kB
MemTotal:        1844596 kB
MemFree:          894108 kB
MemAvailable:    1528140 kB
Buffers:           39660 kB
Cached:           702556 kB
MemTotal:        1844596 kB
MemFree:          893860 kB
MemAvailable:    1527892 kB
Buffers:           39660 kB
Cached:           702556 kB
MemTotal:        1844596 kB
MemFree:          893664 kB
MemAvailable:    1527696 kB
Buffers:           39660 kB
Cached:           702556 kB
MemTotal:        1844596 kB
MemFree:          892440 kB
MemAvailable:    1526472 kB
Buffers:           39660 kB
Cached:           702556 kB
MemTotal:        1844596 kB
MemFree:          893616 kB
MemAvailable:    1527648 kB
Buffers:           39660 kB
Cached:           702556 kB
MemTotal:        1844596 kB
MemFree:          892268 kB
MemAvailable:    1526300 kB
Buffers:           39660 kB
Cached:           702556 kB
MemTotal:        1844596 kB
MemFree:          892244 kB
MemAvailable:    1526284 kB
Buffers:           39660 kB
Cached:           702568 kB
MemTotal:        1844596 kB
MemFree:          892448 kB
MemAvailable:    1526488 kB
Buffers:           39660 kB
Cached:           702568 kB
MemTotal:        1844596 kB
MemFree:          893740 kB
MemAvailable:    1527780 kB
Buffers:           39660 kB
Cached:           702568 kB
MemTotal:        1844596 kB
MemFree:          893616 kB
MemAvailable:    1527656 kB
Buffers:           39660 kB
Cached:           702568 kB
MemTotal:        1844596 kB
MemFree:          892944 kB
MemAvailable:    1526984 kB
Buffers:           39660 kB
Cached:           702568 kB
MemTotal:        1844596 kB
MemFree:          892268 kB
MemAvailable:    1526308 kB
Buffers:           39660 kB
Cached:           702568 kB
MemTotal:        1844596 kB
MemFree:          893632 kB
MemAvailable:    1527672 kB
Buffers:           39660 kB
Cached:           702568 kB
MemTotal:        1844596 kB
MemFree:          892308 kB
MemAvailable:    1526348 kB
Buffers:           39660 kB
Cached:           702568 kB
MemTotal:        1844596 kB
MemFree:          891952 kB
MemAvailable:    1525992 kB
Buffers:           39660 kB
Cached:           702568 kB
MemTotal:        1844596 kB
MemFree:          889844 kB
MemAvailable:    1523884 kB
Buffers:           39660 kB
Cached:           702568 kB
MemTotal:        1844596 kB
MemFree:          887984 kB
MemAvailable:    1522024 kB
Buffers:           39660 kB
Cached:           702568 kB
MemTotal:        1844596 kB
MemFree:          886000 kB
MemAvailable:    1520040 kB
Buffers:           39660 kB
Cached:           702568 kB
MemTotal:        1844596 kB
MemFree:          885812 kB
MemAvailable:    1519852 kB
Buffers:           39660 kB
Cached:           702568 kB
MemTotal:        1844596 kB
MemFree:          886068 kB
MemAvailable:    1520108 kB
Buffers:           39660 kB
Cached:           702568 kB
MemTotal:        1844596 kB
MemFree:          885672 kB
MemAvailable:    1519712 kB
Buffers:           39660 kB
Cached:           702568 kB
MemTotal:        1844596 kB
MemFree:          885672 kB
MemAvailable:    1519712 kB
Buffers:           39660 kB
Cached:           702568 kB
MemTotal:        1844596 kB
MemFree:          885448 kB
MemAvailable:    1519488 kB
Buffers:           39660 kB
Cached:           702568 kB
MemTotal:        1844596 kB
MemFree:          884448 kB
MemAvailable:    1518488 kB
Buffers:           39660 kB
Cached:           702568 kB
MemTotal:        1844596 kB
MemFree:          885376 kB
MemAvailable:    1519416 kB
Buffers:           39660 kB
Cached:           702568 kB
MemTotal:        1844596 kB
MemFree:          884192 kB
MemAvailable:    1518232 kB
Buffers:           39660 kB
Cached:           702568 kB
MemTotal:        1844596 kB
MemFree:          884316 kB
MemAvailable:    1518356 kB
Buffers:           39660 kB
Cached:           702568 kB
MemTotal:        1844596 kB
MemFree:          885500 kB
MemAvailable:    1519540 kB
Buffers:           39660 kB
Cached:           702568 kB
MemTotal:        1844596 kB
MemFree:          884228 kB
MemAvailable:    1518268 kB
Buffers:           39660 kB
Cached:           702568 kB
MemTotal:        1844596 kB
MemFree:          885336 kB
MemAvailable:    1519376 kB
Buffers:           39660 kB
Cached:           702568 kB
MemTotal:        1844596 kB
MemFree:          885588 kB
MemAvailable:    1519628 kB
Buffers:           39660 kB
Cached:           702568 kB
MemTotal:        1844596 kB
MemFree:          885436 kB
MemAvailable:    1519476 kB
Buffers:           39660 kB
Cached:           702568 kB
MemTotal:        1844596 kB
MemFree:          885008 kB
MemAvailable:    1519048 kB
Buffers:           39660 kB
Cached:           702568 kB
MemTotal:        1844596 kB
MemFree:          884076 kB
MemAvailable:    1518116 kB
Buffers:           39660 kB
Cached:           702568 kB
MemTotal:        1844596 kB
MemFree:          884820 kB
MemAvailable:    1518860 kB
Buffers:           39660 kB
Cached:           702568 kB
MemTotal:        1844596 kB
MemFree:          884712 kB
MemAvailable:    1518752 kB
Buffers:           39660 kB
Cached:           702568 kB
MemTotal:        1844596 kB
MemFree:          883200 kB
MemAvailable:    1517240 kB
Buffers:           39660 kB
Cached:           702568 kB
MemTotal:        1844596 kB
MemFree:          882900 kB
MemAvailable:    1516940 kB
Buffers:           39660 kB
Cached:           702568 kB
MemTotal:        1844596 kB
MemFree:          884016 kB
MemAvailable:    1518056 kB
Buffers:           39660 kB
Cached:           702568 kB
MemTotal:        1844596 kB
MemFree:          882776 kB
MemAvailable:    1516816 kB
Buffers:           39660 kB
Cached:           702568 kB
MemTotal:        1844596 kB
MemFree:          882900 kB
MemAvailable:    1516940 kB
Buffers:           39660 kB
Cached:           702568 kB
MemTotal:        1844596 kB
MemFree:          882636 kB
MemAvailable:    1516676 kB
Buffers:           39660 kB
Cached:           702568 kB
MemTotal:        1844596 kB
MemFree:          882784 kB
MemAvailable:    1516824 kB
Buffers:           39660 kB
Cached:           702568 kB
MemTotal:        1844596 kB
MemFree:          882604 kB
MemAvailable:    1516644 kB
Buffers:           39660 kB
Cached:           702568 kB
MemTotal:        1844596 kB
MemFree:          882008 kB
MemAvailable:    1516048 kB
Buffers:           39660 kB
Cached:           702568 kB
MemTotal:        1844596 kB
MemFree:          881908 kB
MemAvailable:    1515948 kB
Buffers:           39660 kB
Cached:           702568 kB
MemTotal:        1844596 kB
MemFree:          882020 kB
MemAvailable:    1516060 kB
Buffers:           39660 kB
Cached:           702568 kB
MemTotal:        1844596 kB
MemFree:          881972 kB
MemAvailable:    1516012 kB
Buffers:           39660 kB
Cached:           702568 kB
MemTotal:        1844596 kB
MemFree:          880784 kB
MemAvailable:    1514824 kB
Buffers:           39660 kB
Cached:           702568 kB
MemTotal:        1844596 kB
MemFree:          881620 kB
MemAvailable:    1515664 kB
Buffers:           39660 kB
Cached:           702572 kB
MemTotal:        1844596 kB
MemFree:          881720 kB
MemAvailable:    1515764 kB
Buffers:           39660 kB
Cached:           702572 kB
MemTotal:        1844596 kB
MemFree:          881520 kB
MemAvailable:    1515564 kB
Buffers:           39660 kB
Cached:           702572 kB
MemTotal:        1844596 kB
MemFree:          881412 kB
MemAvailable:    1515456 kB
Buffers:           39660 kB
Cached:           702572 kB
MemTotal:        1844596 kB
MemFree:          880232 kB
MemAvailable:    1514276 kB
Buffers:           39660 kB
Cached:           702572 kB
MemTotal:        1844596 kB
MemFree:          880532 kB
MemAvailable:    1514576 kB
Buffers:           39660 kB
Cached:           702572 kB
MemTotal:        1844596 kB
MemFree:          880916 kB
MemAvailable:    1514960 kB
Buffers:           39660 kB
Cached:           702572 kB
MemTotal:        1844596 kB
MemFree:          881648 kB
MemAvailable:    1515692 kB
Buffers:           39660 kB
Cached:           702572 kB
MemTotal:        1844596 kB
MemFree:          881704 kB
MemAvailable:    1515748 kB
Buffers:           39660 kB
Cached:           702572 kB
MemTotal:        1844596 kB
MemFree:          880296 kB
MemAvailable:    1514340 kB
Buffers:           39660 kB
Cached:           702572 kB
MemTotal:        1844596 kB
MemFree:          879924 kB
MemAvailable:    1513968 kB
Buffers:           39660 kB
Cached:           702572 kB
MemTotal:        1844596 kB
MemFree:          876452 kB
MemAvailable:    1510496 kB
Buffers:           39660 kB
Cached:           702572 kB
MemTotal:        1844596 kB
MemFree:          875212 kB
MemAvailable:    1509256 kB
Buffers:           39660 kB
Cached:           702572 kB
MemTotal:        1844596 kB
MemFree:          875936 kB
MemAvailable:    1509980 kB
Buffers:           39660 kB
Cached:           702572 kB
MemTotal:        1844596 kB
MemFree:          876020 kB
MemAvailable:    1510064 kB
Buffers:           39660 kB
Cached:           702572 kB
MemTotal:        1844596 kB
MemFree:          875876 kB
MemAvailable:    1509920 kB
Buffers:           39660 kB
Cached:           702572 kB
MemTotal:        1844596 kB
MemFree:          874828 kB
MemAvailable:    1508872 kB
Buffers:           39660 kB
Cached:           702572 kB
MemTotal:        1844596 kB
MemFree:          874696 kB
MemAvailable:    1508740 kB
Buffers:           39660 kB
Cached:           702572 kB
MemTotal:        1844596 kB
MemFree:          875672 kB
MemAvailable:    1509716 kB
Buffers:           39660 kB
Cached:           702572 kB
MemTotal:        1844596 kB
MemFree:          875708 kB
MemAvailable:    1509752 kB
Buffers:           39660 kB
Cached:           702572 kB
MemTotal:        1844596 kB
MemFree:          874280 kB
MemAvailable:    1508324 kB
Buffers:           39660 kB
Cached:           702572 kB
MemTotal:        1844596 kB
MemFree:          874404 kB
MemAvailable:    1508448 kB
Buffers:           39660 kB
Cached:           702572 kB
MemTotal:        1844596 kB
MemFree:          875148 kB
MemAvailable:    1509192 kB
Buffers:           39660 kB
Cached:           702572 kB
MemTotal:        1844596 kB
MemFree:          874328 kB
MemAvailable:    1508372 kB
Buffers:           39660 kB
Cached:           702572 kB
MemTotal:        1844596 kB
MemFree:          873600 kB
MemAvailable:    1507644 kB
Buffers:           39660 kB
Cached:           702572 kB
MemTotal:        1844596 kB
MemFree:          872732 kB
MemAvailable:    1506776 kB
Buffers:           39660 kB
Cached:           702572 kB
MemTotal:        1844596 kB
MemFree:          872420 kB
MemAvailable:    1506464 kB
Buffers:           39660 kB
Cached:           702572 kB
MemTotal:        1844596 kB
MemFree:          872504 kB
MemAvailable:    1506548 kB
Buffers:           39660 kB
Cached:           702572 kB
MemTotal:        1844596 kB
MemFree:          872460 kB
MemAvailable:    1506504 kB
Buffers:           39660 kB
Cached:           702572 kB
MemTotal:        1844596 kB
MemFree:          872420 kB
MemAvailable:    1506464 kB
Buffers:           39660 kB
Cached:           702572 kB
MemTotal:        1844596 kB
MemFree:          871740 kB
MemAvailable:    1505784 kB
Buffers:           39660 kB
Cached:           702572 kB
MemTotal:        1844596 kB
MemFree:          871224 kB
MemAvailable:    1505268 kB
Buffers:           39660 kB
Cached:           702572 kB
MemTotal:        1844596 kB
MemFree:          874416 kB
MemAvailable:    1508460 kB
Buffers:           39660 kB
Cached:           702572 kB
MemTotal:        1844596 kB
MemFree:          874668 kB
MemAvailable:    1508712 kB
Buffers:           39660 kB
Cached:           702572 kB
MemTotal:        1844596 kB
MemFree:          873096 kB
MemAvailable:    1507228 kB
Buffers:           39660 kB
Cached:           702700 kB
MemTotal:        1844596 kB
MemFree:          873088 kB
MemAvailable:    1507304 kB
Buffers:           39660 kB
Cached:           702824 kB
MemTotal:        1844596 kB
MemFree:          874204 kB
MemAvailable:    1508588 kB
Buffers:           39660 kB
Cached:           702948 kB
MemTotal:        1844596 kB
MemFree:          873600 kB
MemAvailable:    1508068 kB
Buffers:           39660 kB
Cached:           702948 kB
MemTotal:        1844596 kB
MemFree:          873828 kB
MemAvailable:    1508464 kB
Buffers:           39660 kB
Cached:           703072 kB
MemTotal:        1844596 kB
MemFree:          874164 kB
MemAvailable:    1508800 kB
Buffers:           39660 kB
Cached:           703072 kB
MemTotal:        1844596 kB
MemFree:          873780 kB
MemAvailable:    1508416 kB
Buffers:           39660 kB
Cached:           703196 kB
MemTotal:        1844596 kB
MemFree:          873856 kB
MemAvailable:    1508492 kB
Buffers:           39660 kB
Cached:           703196 kB
MemTotal:        1844596 kB
MemFree:          873676 kB
MemAvailable:    1508312 kB
Buffers:           39660 kB
Cached:           703196 kB
MemTotal:        1844596 kB
MemFree:          872428 kB
MemAvailable:    1507064 kB
Buffers:           39660 kB
Cached:           703196 kB
MemTotal:        1844596 kB
MemFree:          873772 kB
MemAvailable:    1508408 kB
Buffers:           39660 kB
Cached:           703196 kB
MemTotal:        1844596 kB
MemFree:          872464 kB
MemAvailable:    1507100 kB
Buffers:           39660 kB
Cached:           703196 kB
MemTotal:        1844596 kB
MemFree:          874392 kB
MemAvailable:    1508440 kB
Buffers:           39660 kB
Cached:           702648 kB
MemTotal:        1844596 kB
MemFree:          874392 kB
MemAvailable:    1508440 kB
Buffers:           39660 kB
Cached:           702648 kB
MemTotal:        1844596 kB
MemFree:          942464 kB
MemAvailable:    1576512 kB
Buffers:           39660 kB
Cached:           702648 kB
