MemTotal:        1844596 kB
MemFree:          983452 kB
MemAvailable:    1561364 kB
Buffers:           31048 kB
Cached:           649096 kB
MemTotal:        1844596 kB
MemFree:          980660 kB
MemAvailable:    1558572 kB
Buffers:           31048 kB
Cached:           649096 kB
MemTotal:        1844596 kB
MemFree:          979792 kB
MemAvailable:    1557704 kB
Buffers:           31048 kB
Cached:           649096 kB
MemTotal:        1844596 kB
MemFree:          978552 kB
MemAvailable:    1556464 kB
Buffers:           31048 kB
Cached:           649096 kB
MemTotal:        1844596 kB
MemFree:          975872 kB
MemAvailable:    1553784 kB
Buffers:           31048 kB
Cached:           649096 kB
MemTotal:        1844596 kB
MemFree:          976012 kB
MemAvailable:    1553924 kB
Buffers:           31048 kB
Cached:           649096 kB
MemTotal:        1844596 kB
MemFree:          976492 kB
MemAvailable:    1554408 kB
Buffers:           31048 kB
Cached:           649100 kB
MemTotal:        1844596 kB
MemFree:          976456 kB
MemAvailable:    1554372 kB
Buffers:           31048 kB
Cached:           649100 kB
MemTotal:        1844596 kB
MemFree:          972284 kB
MemAvailable:    1550200 kB
Buffers:           31048 kB
Cached:           649100 kB
MemTotal:        1844596 kB
MemFree:          970052 kB
MemAvailable:    1547968 kB
Buffers:           31048 kB
Cached:           649100 kB
MemTotal:        1844596 kB
MemFree:          966704 kB
MemAvailable:    1544620 kB
Buffers:           31048 kB
Cached:           649100 kB
MemTotal:        1844596 kB
MemFree:          964596 kB
MemAvailable:    1542512 kB
Buffers:           31048 kB
Cached:           649100 kB
MemTotal:        1844596 kB
MemFree:          967220 kB
MemAvailable:    1545136 kB
Buffers:           31048 kB
Cached:           649100 kB
MemTotal:        1844596 kB
MemFree:          967396 kB
MemAvailable:    1545312 kB
Buffers:           31048 kB
Cached:           649100 kB
MemTotal:        1844596 kB
MemFree:          966588 kB
MemAvailable:    1544504 kB
Buffers:           31048 kB
Cached:           649100 kB
MemTotal:        1844596 kB
MemFree:          967580 kB
MemAvailable:    1545496 kB
Buffers:           31048 kB
Cached:           649100 kB
MemTotal:        1844596 kB
MemFree:          967184 kB
MemAvailable:    1545100 kB
Buffers:           31048 kB
Cached:           649100 kB
MemTotal:        1844596 kB
MemFree:          967184 kB
MemAvailable:    1545100 kB
Buffers:           31048 kB
Cached:           649100 kB
MemTotal:        1844596 kB
MemFree:          965464 kB
MemAvailable:    1543380 kB
Buffers:           31048 kB
Cached:           649100 kB
MemTotal:        1844596 kB
MemFree:          965100 kB
MemAvailable:    1543016 kB
Buffers:           31048 kB
Cached:           649100 kB
MemTotal:        1844596 kB
MemFree:          965216 kB
MemAvailable:    1543132 kB
Buffers:           31048 kB
Cached:           649100 kB
MemTotal:        1844596 kB
MemFree:          965348 kB
MemAvailable:    1543264 kB
Buffers:           31048 kB
Cached:           649100 kB
MemTotal:        1844596 kB
MemFree:          963720 kB
MemAvailable:    1541636 kB
Buffers:           31048 kB
Cached:           649100 kB
MemTotal:        1844596 kB
MemFree:          963720 kB
MemAvailable:    1541636 kB
Buffers:           31048 kB
Cached:           649100 kB
MemTotal:        1844596 kB
MemFree:          964704 kB
MemAvailable:    1542620 kB
Buffers:           31048 kB
Cached:           649100 kB
MemTotal:        1844596 kB
MemFree:          964788 kB
MemAvailable:    1542704 kB
Buffers:           31048 kB
Cached:           649100 kB
MemTotal:        1844596 kB
MemFree:          964768 kB
MemAvailable:    1542684 kB
Buffers:           31048 kB
Cached:           649100 kB
MemTotal:        1844596 kB
MemFree:          963552 kB
MemAvailable:    1541468 kB
Buffers:           31048 kB
Cached:           649100 kB
MemTotal:        1844596 kB
MemFree:          964764 kB
MemAvailable:    1542680 kB
Buffers:           31048 kB
Cached:           649100 kB
MemTotal:        1844596 kB
MemFree:          964648 kB
MemAvailable:    1542564 kB
Buffers:           31048 kB
Cached:           649100 kB
MemTotal:        1844596 kB
MemFree:          964648 kB
MemAvailable:    1542564 kB
Buffers:           31048 kB
Cached:           649100 kB
MemTotal:        1844596 kB
MemFree:          964764 kB
MemAvailable:    1542680 kB
Buffers:           31048 kB
Cached:           649100 kB
MemTotal:        1844596 kB
MemFree:          966012 kB
MemAvailable:    1543928 kB
Buffers:           31048 kB
Cached:           649100 kB
MemTotal:        1844596 kB
MemFree:          964720 kB
MemAvailable:    1542512 kB
Buffers:           31048 kB
Cached:           649100 kB
MemTotal:        1844596 kB
MemFree:          963416 kB
MemAvailable:    1541332 kB
Buffers:           31048 kB
Cached:           649100 kB
MemTotal:        1844596 kB
MemFree:          962556 kB
MemAvailable:    1540472 kB
Buffers:           31048 kB
Cached:           649100 kB
MemTotal:        1844596 kB
MemFree:          961504 kB
MemAvailable:    1539420 kB
Buffers:           31048 kB
Cached:           649100 kB
MemTotal:        1844596 kB
MemFree:          962276 kB
MemAvailable:    1540192 kB
Buffers:           31048 kB
Cached:           649100 kB
MemTotal:        1844596 kB
MemFree:          960752 kB
MemAvailable:    1538668 kB
Buffers:           31048 kB
Cached:           649100 kB
MemTotal:        1844596 kB
MemFree:          961496 kB
MemAvailable:    1539416 kB
Buffers:           31048 kB
Cached:           649104 kB
MemTotal:        1844596 kB
MemFree:          961496 kB
MemAvailable:    1539416 kB
Buffers:           31048 kB
Cached:           649104 kB
MemTotal:        1844596 kB
MemFree:          960928 kB
MemAvailable:    1538848 kB
Buffers:           31048 kB
Cached:           649104 kB
MemTotal:        1844596 kB
MemFree:          960016 kB
MemAvailable:    1537936 kB
Buffers:           31048 kB
Cached:           649104 kB
MemTotal:        1844596 kB
MemFree:          960492 kB
MemAvailable:    1538412 kB
Buffers:           31048 kB
Cached:           649104 kB
MemTotal:        1844596 kB
MemFree:          960748 kB
MemAvailable:    1538668 kB
Buffers:           31048 kB
Cached:           649104 kB
MemTotal:        1844596 kB
MemFree:          960444 kB
MemAvailable:    1538364 kB
Buffers:           31048 kB
Cached:           649104 kB
MemTotal:        1844596 kB
MemFree:          960504 kB
MemAvailable:    1538424 kB
Buffers:           31048 kB
Cached:           649104 kB
MemTotal:        1844596 kB
MemFree:          960324 kB
MemAvailable:    1538244 kB
Buffers:           31048 kB
Cached:           649104 kB
MemTotal:        1844596 kB
MemFree:          960324 kB
MemAvailable:    1538244 kB
Buffers:           31048 kB
Cached:           649104 kB
MemTotal:        1844596 kB
MemFree:          960440 kB
MemAvailable:    1538360 kB
Buffers:           31048 kB
Cached:           649104 kB
MemTotal:        1844596 kB
MemFree:          958748 kB
MemAvailable:    1536668 kB
Buffers:           31048 kB
Cached:           649104 kB
MemTotal:        1844596 kB
MemFree:          958776 kB
MemAvailable:    1536696 kB
Buffers:           31048 kB
Cached:           649104 kB
MemTotal:        1844596 kB
MemFree:          959440 kB
MemAvailable:    1537360 kB
Buffers:           31048 kB
Cached:           649104 kB
MemTotal:        1844596 kB
MemFree:          958264 kB
MemAvailable:    1536184 kB
Buffers:           31048 kB
Cached:           649104 kB
MemTotal:        1844596 kB
MemFree:          959768 kB
MemAvailable:    1537688 kB
Buffers:           31048 kB
Cached:           649104 kB
MemTotal:        1844596 kB
MemFree:          959568 kB
MemAvailable:    1537488 kB
Buffers:           31048 kB
Cached:           649104 kB
MemTotal:        1844596 kB
MemFree:          959736 kB
MemAvailable:    1537656 kB
Buffers:           31048 kB
Cached:           649104 kB
MemTotal:        1844596 kB
MemFree:          958140 kB
MemAvailable:    1536060 kB
Buffers:           31048 kB
Cached:           649104 kB
MemTotal:        1844596 kB
MemFree:          959596 kB
MemAvailable:    1537516 kB
Buffers:           31048 kB
Cached:           649104 kB
MemTotal:        1844596 kB
MemFree:          958224 kB
MemAvailable:    1536144 kB
Buffers:           31048 kB
Cached:           649104 kB
MemTotal:        1844596 kB
MemFree:          958472 kB
MemAvailable:    1536392 kB
Buffers:           31048 kB
Cached:           649104 kB
MemTotal:        1844596 kB
MemFree:          959448 kB
MemAvailable:    1537368 kB
Buffers:           31048 kB
Cached:           649104 kB
MemTotal:        1844596 kB
MemFree:          959444 kB
MemAvailable:    1537364 kB
Buffers:           31048 kB
Cached:           649104 kB
MemTotal:        1844596 kB
MemFree:          958200 kB
MemAvailable:    1536120 kB
Buffers:           31048 kB
Cached:           649104 kB
MemTotal:        1844596 kB
MemFree:          959572 kB
MemAvailable:    1537492 kB
Buffers:           31048 kB
Cached:           649104 kB
MemTotal:        1844596 kB
MemFree:          959308 kB
MemAvailable:    1537228 kB
Buffers:           31048 kB
Cached:           649104 kB
MemTotal:        1844596 kB
MemFree:          959308 kB
MemAvailable:    1537228 kB
Buffers:           31048 kB
Cached:           649104 kB
MemTotal:        1844596 kB
MemFree:          959264 kB
MemAvailable:    1537184 kB
Buffers:           31048 kB
Cached:           649104 kB
MemTotal:        1844596 kB
MemFree:          958760 kB
MemAvailable:    1536680 kB
Buffers:           31048 kB
Cached:           649104 kB
MemTotal:        1844596 kB
MemFree:          958784 kB
MemAvailable:    1536704 kB
Buffers:           31048 kB
Cached:           649104 kB
MemTotal:        1844596 kB
MemFree:          958704 kB
MemAvailable:    1536624 kB
Buffers:           31048 kB
Cached:           649104 kB
MemTotal:        1844596 kB
MemFree:          957524 kB
MemAvailable:    1535444 kB
Buffers:           31048 kB
Cached:           649104 kB
MemTotal:        1844596 kB
MemFree:          957392 kB
MemAvailable:    1535312 kB
Buffers:           31048 kB
Cached:           649104 kB
MemTotal:        1844596 kB
MemFree:          957640 kB
MemAvailable:    1535560 kB
Buffers:           31048 kB
Cached:           649104 kB
MemTotal:        1844596 kB
MemFree:          957524 kB
MemAvailable:    1535444 kB
Buffers:           31048 kB
Cached:           649104 kB
MemTotal:        1844596 kB
MemFree:          958824 kB
MemAvailable:    1536744 kB
Buffers:           31048 kB
Cached:           649104 kB
MemTotal:        1844596 kB
MemFree:          957648 kB
MemAvailable:    1535568 kB
Buffers:           31048 kB
Cached:           649104 kB
MemTotal:        1844596 kB
MemFree:          958820 kB
MemAvailable:    1536740 kB
Buffers:           31048 kB
Cached:           649104 kB
MemTotal:        1844596 kB
MemFree:          958156 kB
MemAvailable:    1536076 kB
Buffers:           31048 kB
Cached:           649104 kB
MemTotal:        1844596 kB
MemFree:          958016 kB
MemAvailable:    1535936 kB
Buffers:           31048 kB
Cached:           649104 kB
MemTotal:        1844596 kB
MemFree:          958016 kB
MemAvailable:    1535936 kB
Buffers:           31048 kB
Cached:           649104 kB
MemTotal:        1844596 kB
MemFree:          954916 kB
MemAvailable:    1532836 kB
Buffers:           31048 kB
Cached:           649104 kB
MemTotal:        1844596 kB
MemFree:          954808 kB
MemAvailable:    1532728 kB
Buffers:           31048 kB
Cached:           649104 kB
MemTotal:        1844596 kB
MemFree:          951212 kB
MemAvailable:    1529132 kB
Buffers:           31048 kB
Cached:           649104 kB
MemTotal:        1844596 kB
MemFree:          951124 kB
MemAvailable:    1529044 kB
Buffers:           31048 kB
Cached:           649104 kB
MemTotal:        1844596 kB
MemFree:          949972 kB
MemAvailable:    1527892 kB
Buffers:           31048 kB
Cached:           649104 kB
MemTotal:        1844596 kB
MemFree:          950900 kB
MemAvailable:    1528824 kB
Buffers:           31048 kB
Cached:           649108 kB
MemTotal:        1844596 kB
MemFree:          949476 kB
MemAvailable:    1527400 kB
Buffers:           31048 kB
Cached:           649108 kB
MemTotal:        1844596 kB
MemFree:          950664 kB
MemAvailable:    1528588 kB
Buffers:           31048 kB
Cached:           649108 kB
MemTotal:        1844596 kB
MemFree:          950760 kB
MemAvailable:    1528684 kB
Buffers:           31048 kB
Cached:           649108 kB
MemTotal:        1844596 kB
MemFree:          950528 kB
MemAvailable:    1528456 kB
Buffers:           31048 kB
Cached:           649112 kB
MemTotal:        1844596 kB
MemFree:          949352 kB
MemAvailable:    1527280 kB
Buffers:           31048 kB
Cached:           649112 kB
MemTotal:        1844596 kB
MemFree:          949560 kB
MemAvailable:    1527488 kB
Buffers:           31048 kB
Cached:           649112 kB
MemTotal:        1844596 kB
MemFree:          950452 kB
MemAvailable:    1528380 kB
Buffers:           31048 kB
Cached:           649112 kB
MemTotal:        1844596 kB
MemFree:          950620 kB
MemAvailable:    1528548 kB
Buffers:           31048 kB
Cached:           649112 kB
MemTotal:        1844596 kB
MemFree:          950652 kB
MemAvailable:    1528580 kB
Buffers:           31048 kB
Cached:           649112 kB
MemTotal:        1844596 kB
MemFree:          949304 kB
MemAvailable:    1527232 kB
Buffers:           31048 kB
Cached:           649112 kB
MemTotal:        1844596 kB
MemFree:          949428 kB
MemAvailable:    1527356 kB
Buffers:           31048 kB
Cached:           649112 kB
MemTotal:        1844596 kB
MemFree:          950744 kB
MemAvailable:    1528672 kB
Buffers:           31048 kB
Cached:           649112 kB
MemTotal:        1844596 kB
MemFree:          949972 kB
MemAvailable:    1527900 kB
Buffers:           31048 kB
Cached:           649112 kB
MemTotal:        1844596 kB
MemFree:          951048 kB
MemAvailable:    1528976 kB
Buffers:           31048 kB
Cached:           649112 kB
MemTotal:        1844596 kB
MemFree:          950080 kB
MemAvailable:    1528008 kB
Buffers:           31048 kB
Cached:           649112 kB
MemTotal:        1844596 kB
MemFree:          950416 kB
MemAvailable:    1528344 kB
Buffers:           31048 kB
Cached:           649112 kB
MemTotal:        1844596 kB
MemFree:          949724 kB
MemAvailable:    1527652 kB
Buffers:           31048 kB
Cached:           649112 kB
MemTotal:        1844596 kB
MemFree:          949104 kB
MemAvailable:    1527032 kB
Buffers:           31048 kB
Cached:           649112 kB
MemTotal:        1844596 kB
MemFree:          949524 kB
MemAvailable:    1527452 kB
Buffers:           31048 kB
Cached:           649112 kB
MemTotal:        1844596 kB
MemFree:          949420 kB
MemAvailable:    1527348 kB
Buffers:           31048 kB
Cached:           649112 kB
MemTotal:        1844596 kB
MemFree:          948900 kB
MemAvailable:    1526828 kB
Buffers:           31048 kB
Cached:           649112 kB
MemTotal:        1844596 kB
MemFree:          948900 kB
MemAvailable:    1526828 kB
Buffers:           31048 kB
Cached:           649112 kB
MemTotal:        1844596 kB
MemFree:          948040 kB
MemAvailable:    1525968 kB
Buffers:           31048 kB
Cached:           649112 kB
MemTotal:        1844596 kB
MemFree:          946740 kB
MemAvailable:    1524668 kB
Buffers:           31048 kB
Cached:           649112 kB
MemTotal:        1844596 kB
MemFree:          947368 kB
MemAvailable:    1525296 kB
Buffers:           31048 kB
Cached:           649112 kB
MemTotal:        1844596 kB
MemFree:          947236 kB
MemAvailable:    1525164 kB
Buffers:           31048 kB
Cached:           649112 kB
MemTotal:        1844596 kB
MemFree:          947124 kB
MemAvailable:    1525052 kB
Buffers:           31048 kB
Cached:           649112 kB
MemTotal:        1844596 kB
MemFree:          945692 kB
MemAvailable:    1523620 kB
Buffers:           31048 kB
Cached:           649112 kB
MemTotal:        1844596 kB
MemFree:          946992 kB
MemAvailable:    1524920 kB
Buffers:           31048 kB
Cached:           649112 kB
MemTotal:        1844596 kB
MemFree:          947056 kB
MemAvailable:    1524984 kB
Buffers:           31048 kB
Cached:           649112 kB
MemTotal:        1844596 kB
MemFree:          946668 kB
MemAvailable:    1524596 kB
Buffers:           31048 kB
Cached:           649112 kB
MemTotal:        1844596 kB
MemFree:          946836 kB
MemAvailable:    1524764 kB
Buffers:           31048 kB
Cached:           649112 kB
MemTotal:        1844596 kB
MemFree:          946652 kB
MemAvailable:    1524580 kB
Buffers:           31048 kB
Cached:           649112 kB
MemTotal:        1844596 kB
MemFree:          946624 kB
MemAvailable:    1524552 kB
Buffers:           31048 kB
Cached:           649112 kB
MemTotal:        1844596 kB
MemFree:          945452 kB
MemAvailable:    1523380 kB
Buffers:           31048 kB
Cached:           649112 kB
MemTotal:        1844596 kB
MemFree:          946752 kB
MemAvailable:    1524680 kB
Buffers:           31048 kB
Cached:           649112 kB
MemTotal:        1844596 kB
MemFree:          945576 kB
MemAvailable:    1523504 kB
Buffers:           31048 kB
Cached:           649112 kB
MemTotal:        1844596 kB
MemFree:          946560 kB
MemAvailable:    1524488 kB
Buffers:           31048 kB
Cached:           649112 kB
MemTotal:        1844596 kB
MemFree:          945632 kB
MemAvailable:    1523560 kB
Buffers:           31048 kB
Cached:           649112 kB
MemTotal:        1844596 kB
MemFree:          945948 kB
MemAvailable:    1523876 kB
Buffers:           31048 kB
Cached:           649112 kB
MemTotal:        1844596 kB
MemFree:          942840 kB
MemAvailable:    1520768 kB
Buffers:           31048 kB
Cached:           649112 kB
MemTotal:        1844596 kB
MemFree:          940540 kB
MemAvailable:    1518468 kB
Buffers:           31048 kB
Cached:           649112 kB
MemTotal:        1844596 kB
MemFree:          940024 kB
MemAvailable:    1517952 kB
Buffers:           31048 kB
Cached:           649112 kB
MemTotal:        1844596 kB
MemFree:          941140 kB
MemAvailable:    1519068 kB
Buffers:           31048 kB
Cached:           649112 kB
MemTotal:        1844596 kB
MemFree:          940652 kB
MemAvailable:    1518580 kB
Buffers:           31048 kB
Cached:           649112 kB
MemTotal:        1844596 kB
MemFree:          939596 kB
MemAvailable:    1517524 kB
Buffers:           31048 kB
Cached:           649112 kB
MemTotal:        1844596 kB
MemFree:          940872 kB
MemAvailable:    1518800 kB
Buffers:           31048 kB
Cached:           649112 kB
MemTotal:        1844596 kB
MemFree:          939556 kB
MemAvailable:    1517484 kB
Buffers:           31048 kB
Cached:           649112 kB
MemTotal:        1844596 kB
MemFree:          940932 kB
MemAvailable:    1518860 kB
Buffers:           31048 kB
Cached:           649112 kB
MemTotal:        1844596 kB
MemFree:          940788 kB
MemAvailable:    1518716 kB
Buffers:           31048 kB
Cached:           649112 kB
MemTotal:        1844596 kB
MemFree:          940788 kB
MemAvailable:    1518716 kB
Buffers:           31048 kB
Cached:           649112 kB
MemTotal:        1844596 kB
MemFree:          940660 kB
MemAvailable:    1518588 kB
Buffers:           31048 kB
Cached:           649112 kB
MemTotal:        1844596 kB
MemFree:          940480 kB
MemAvailable:    1518408 kB
Buffers:           31048 kB
Cached:           649112 kB
MemTotal:        1844596 kB
MemFree:          939928 kB
MemAvailable:    1517856 kB
Buffers:           31048 kB
Cached:           649112 kB
MemTotal:        1844596 kB
MemFree:          939372 kB
MemAvailable:    1517300 kB
Buffers:           31048 kB
Cached:           649112 kB
MemTotal:        1844596 kB
MemFree:          940620 kB
MemAvailable:    1518548 kB
Buffers:           31048 kB
Cached:           649112 kB
MemTotal:        1844596 kB
MemFree:          939616 kB
MemAvailable:    1517544 kB
Buffers:           31048 kB
Cached:           649112 kB
MemTotal:        1844596 kB
MemFree:          937440 kB
MemAvailable:    1515368 kB
Buffers:           31048 kB
Cached:           649112 kB
MemTotal:        1844596 kB
MemFree:          937812 kB
MemAvailable:    1515740 kB
Buffers:           31048 kB
Cached:           649112 kB
MemTotal:        1844596 kB
MemFree:          937616 kB
MemAvailable:    1515544 kB
Buffers:           31048 kB
Cached:           649112 kB
MemTotal:        1844596 kB
MemFree:          936456 kB
MemAvailable:    1514384 kB
Buffers:           31048 kB
Cached:           649112 kB
MemTotal:        1844596 kB
MemFree:          937428 kB
MemAvailable:    1515356 kB
Buffers:           31048 kB
Cached:           649112 kB
MemTotal:        1844596 kB
MemFree:          937684 kB
MemAvailable:    1515612 kB
Buffers:           31048 kB
Cached:           649112 kB
MemTotal:        1844596 kB
MemFree:          936264 kB
MemAvailable:    1514192 kB
Buffers:           31048 kB
Cached:           649112 kB
MemTotal:        1844596 kB
MemFree:          937260 kB
MemAvailable:    1515188 kB
Buffers:           31048 kB
Cached:           649112 kB
MemTotal:        1844596 kB
MemFree:          937432 kB
MemAvailable:    1515360 kB
Buffers:           31048 kB
Cached:           649112 kB
MemTotal:        1844596 kB
MemFree:          938288 kB
MemAvailable:    1516216 kB
Buffers:           31060 kB
Cached:           649100 kB
MemTotal:        1844596 kB
MemFree:          939492 kB
MemAvailable:    1517588 kB
Buffers:           31060 kB
Cached:           649224 kB
MemTotal:        1844596 kB
MemFree:          939424 kB
MemAvailable:    1517688 kB
Buffers:           31060 kB
Cached:           649472 kB
MemTotal:        1844596 kB
MemFree:          939424 kB
MemAvailable:    1517688 kB
Buffers:           31060 kB
Cached:           649472 kB
MemTotal:        1844596 kB
MemFree:          938920 kB
MemAvailable:    1517352 kB
Buffers:           31060 kB
Cached:           649596 kB
MemTotal:        1844596 kB
MemFree:          939176 kB
MemAvailable:    1517608 kB
Buffers:           31060 kB
Cached:           649596 kB
MemTotal:        1844596 kB
MemFree:          938656 kB
MemAvailable:    1517172 kB
Buffers:           31060 kB
Cached:           649720 kB
MemTotal:        1844596 kB
MemFree:          938740 kB
MemAvailable:    1517256 kB
Buffers:           31060 kB
Cached:           649720 kB
MemTotal:        1844596 kB
MemFree:          938804 kB
MemAvailable:    1517404 kB
Buffers:           31060 kB
Cached:           649844 kB
MemTotal:        1844596 kB
MemFree:          937820 kB
MemAvailable:    1516420 kB
Buffers:           31060 kB
Cached:           649844 kB
MemTotal:        1844596 kB
MemFree:          938760 kB
MemAvailable:    1517360 kB
Buffers:           31060 kB
Cached:           649844 kB
MemTotal:        1844596 kB
MemFree:          938976 kB
MemAvailable:    1517576 kB
Buffers:           31060 kB
Cached:           649844 kB
MemTotal:        1844596 kB
MemFree:          938624 kB
MemAvailable:    1517232 kB
Buffers:           31060 kB
Cached:           649816 kB
MemTotal:        1844596 kB
MemFree:          938720 kB
MemAvailable:    1517328 kB
Buffers:           31060 kB
Cached:           649816 kB
MemTotal:        1844596 kB
MemFree:          938564 kB
MemAvailable:    1517172 kB
Buffers:           31060 kB
Cached:           649816 kB
MemTotal:        1844596 kB
MemFree:          938960 kB
MemAvailable:    1517580 kB
Buffers:           31060 kB
Cached:           649792 kB
MemTotal:        1844596 kB
MemFree:          938152 kB
MemAvailable:    1516184 kB
Buffers:           31060 kB
Cached:           649160 kB
MemTotal:        1844596 kB
MemFree:         1007796 kB
MemAvailable:    1585828 kB
Buffers:           31060 kB
Cached:           649160 kB
