MemTotal:        1844596 kB
MemFree:          868212 kB
MemAvailable:    1543268 kB
Buffers:           44932 kB
Cached:           740368 kB
MemTotal:        1844596 kB
MemFree:          867344 kB
MemAvailable:    1542400 kB
Buffers:           44932 kB
Cached:           740368 kB
MemTotal:        1844596 kB
MemFree:          866208 kB
MemAvailable:    1541264 kB
Buffers:           44932 kB
Cached:           740368 kB
MemTotal:        1844596 kB
MemFree:          864600 kB
MemAvailable:    1539656 kB
Buffers:           44932 kB
Cached:           740368 kB
MemTotal:        1844596 kB
MemFree:          864608 kB
MemAvailable:    1539664 kB
Buffers:           44932 kB
Cached:           740368 kB
MemTotal:        1844596 kB
MemFree:          863444 kB
MemAvailable:    1538500 kB
Buffers:           44932 kB
Cached:           740368 kB
MemTotal:        1844596 kB
MemFree:          863624 kB
MemAvailable:    1538680 kB
Buffers:           44932 kB
Cached:           740368 kB
MemTotal:        1844596 kB
MemFree:          861952 kB
MemAvailable:    1537008 kB
Buffers:           44932 kB
Cached:           740368 kB
MemTotal:        1844596 kB
MemFree:          858848 kB
MemAvailable:    1533908 kB
Buffers:           44932 kB
Cached:           740372 kB
MemTotal:        1844596 kB
MemFree:          856680 kB
MemAvailable:    1531740 kB
Buffers:           44932 kB
Cached:           740372 kB
MemTotal:        1844596 kB
MemFree:          852340 kB
MemAvailable:    1527400 kB
Buffers:           44932 kB
Cached:           740372 kB
MemTotal:        1844596 kB
MemFree:          854572 kB
MemAvailable:    1529632 kB
Buffers:           44932 kB
Cached:           740372 kB
MemTotal:        1844596 kB
MemFree:          853448 kB
MemAvailable:    1528508 kB
Buffers:           44932 kB
Cached:           740372 kB
MemTotal:        1844596 kB
MemFree:          853324 kB
MemAvailable:    1528384 kB
Buffers:           44932 kB
Cached:           740372 kB
MemTotal:        1844596 kB
MemFree:          854624 kB
MemAvailable:    1529684 kB
Buffers:           44932 kB
Cached:           740372 kB
MemTotal:        1844596 kB
MemFree:          854748 kB
MemAvailable:    1529808 kB
Buffers:           44932 kB
Cached:           740372 kB
MemTotal:        1844596 kB
MemFree:          854484 kB
MemAvailable:    1529544 kB
Buffers:           44932 kB
Cached:           740372 kB
MemTotal:        1844596 kB
MemFree:          853888 kB
MemAvailable:    1528948 kB
Buffers:           44932 kB
Cached:           740372 kB
MemTotal:        1844596 kB
MemFree:          852572 kB
MemAvailable:    1527632 kB
Buffers:           44932 kB
Cached:           740372 kB
MemTotal:        1844596 kB
MemFree:          852572 kB
MemAvailable:    1527632 kB
Buffers:           44932 kB
Cached:           740372 kB
MemTotal:        1844596 kB
MemFree:          852184 kB
MemAvailable:    1527244 kB
Buffers:           44932 kB
Cached:           740372 kB
MemTotal:        1844596 kB
MemFree:          852520 kB
MemAvailable:    1527580 kB
Buffers:           44932 kB
Cached:           740372 kB
MemTotal:        1844596 kB
MemFree:          850944 kB
MemAvailable:    1526004 kB
Buffers:           44932 kB
Cached:           740372 kB
MemTotal:        1844596 kB
MemFree:          852052 kB
MemAvailable:    1527112 kB
Buffers:           44932 kB
Cached:           740372 kB
MemTotal:        1844596 kB
MemFree:          852388 kB
MemAvailable:    1527448 kB
Buffers:           44932 kB
Cached:           740372 kB
MemTotal:        1844596 kB
MemFree:          852172 kB
MemAvailable:    1527232 kB
Buffers:           44932 kB
Cached:           740372 kB
MemTotal:        1844596 kB
MemFree:          852172 kB
MemAvailable:    1527232 kB
Buffers:           44932 kB
Cached:           740372 kB
MemTotal:        1844596 kB
MemFree:          850788 kB
MemAvailable:    1525848 kB
Buffers:           44932 kB
Cached:           740372 kB
MemTotal:        1844596 kB
MemFree:          852004 kB
MemAvailable:    1527064 kB
Buffers:           44932 kB
Cached:           740372 kB
MemTotal:        1844596 kB
MemFree:          853324 kB
MemAvailable:    1528384 kB
Buffers:           44932 kB
Cached:           740372 kB
MemTotal:        1844596 kB
MemFree:          853324 kB
MemAvailable:    1528384 kB
Buffers:           44932 kB
Cached:           740372 kB
MemTotal:        1844596 kB
MemFree:          850340 kB
MemAvailable:    1525400 kB
Buffers:           44932 kB
Cached:           740372 kB
MemTotal:        1844596 kB
MemFree:          850424 kB
MemAvailable:    1525484 kB
Buffers:           44932 kB
Cached:           740372 kB
MemTotal:        1844596 kB
MemFree:          849604 kB
MemAvailable:    1524664 kB
Buffers:           44932 kB
Cached:           740372 kB
MemTotal:        1844596 kB
MemFree:          849688 kB
MemAvailable:    1524748 kB
Buffers:           44932 kB
Cached:           740372 kB
MemTotal:        1844596 kB
MemFree:          847868 kB
MemAvailable:    1522928 kB
Buffers:           44932 kB
Cached:           740372 kB
MemTotal:        1844596 kB
MemFree:          848720 kB
MemAvailable:    1523780 kB
Buffers:           44932 kB
Cached:           740372 kB
MemTotal:        1844596 kB
MemFree:          848720 kB
MemAvailable:    1523780 kB
Buffers:           44932 kB
Cached:           740372 kB
MemTotal:        1844596 kB
MemFree:          847008 kB
MemAvailable:    1522068 kB
Buffers:           44932 kB
Cached:           740372 kB
MemTotal:        1844596 kB
MemFree:          846744 kB
MemAvailable:    1521804 kB
Buffers:           44932 kB
Cached:           740372 kB
MemTotal:        1844596 kB
MemFree:          847132 kB
MemAvailable:    1522192 kB
Buffers:           44932 kB
Cached:           740372 kB
MemTotal:        1844596 kB
MemFree:          848124 kB
MemAvailable:    1523188 kB
Buffers:           44932 kB
Cached:           740376 kB
MemTotal:        1844596 kB
MemFree:          847860 kB
MemAvailable:    1522924 kB
Buffers:           44932 kB
Cached:           740376 kB
MemTotal:        1844596 kB
MemFree:          847876 kB
MemAvailable:    1522940 kB
Buffers:           44932 kB
Cached:           740376 kB
MemTotal:        1844596 kB
MemFree:          847820 kB
MemAvailable:    1522884 kB
Buffers:           44932 kB
Cached:           740376 kB
MemTotal:        1844596 kB
MemFree:          846448 kB
MemAvailable:    1521512 kB
Buffers:           44932 kB
Cached:           740376 kB
MemTotal:        1844596 kB
MemFree:          847748 kB
MemAvailable:    1522812 kB
Buffers:           44932 kB
Cached:           740376 kB
MemTotal:        1844596 kB
MemFree:          846140 kB
MemAvailable:    1521204 kB
Buffers:           44932 kB
Cached:           740376 kB
MemTotal:        1844596 kB
MemFree:          847372 kB
MemAvailable:    1522436 kB
Buffers:           44932 kB
Cached:           740376 kB
MemTotal:        1844596 kB
MemFree:          845992 kB
MemAvailable:    1521056 kB
Buffers:           44932 kB
Cached:           740376 kB
MemTotal:        1844596 kB
MemFree:          845752 kB
MemAvailable:    1520816 kB
Buffers:           44932 kB
Cached:           740376 kB
MemTotal:        1844596 kB
MemFree:          845868 kB
MemAvailable:    1520932 kB
Buffers:           44932 kB
Cached:           740376 kB
MemTotal:        1844596 kB
MemFree:          845744 kB
MemAvailable:    1520808 kB
Buffers:           44932 kB
Cached:           740376 kB
MemTotal:        1844596 kB
MemFree:          846972 kB
MemAvailable:    1522036 kB
Buffers:           44932 kB
Cached:           740376 kB
MemTotal:        1844596 kB
MemFree:          847224 kB
MemAvailable:    1522288 kB
Buffers:           44932 kB
Cached:           740376 kB
MemTotal:        1844596 kB
MemFree:          846856 kB
MemAvailable:    1521920 kB
Buffers:           44932 kB
Cached:           740376 kB
MemTotal:        1844596 kB
MemFree:          847024 kB
MemAvailable:    1522088 kB
Buffers:           44932 kB
Cached:           740376 kB
MemTotal:        1844596 kB
MemFree:          847064 kB
MemAvailable:    1522128 kB
Buffers:           44932 kB
Cached:           740376 kB
MemTotal:        1844596 kB
MemFree:          847064 kB
MemAvailable:    1522128 kB
Buffers:           44932 kB
Cached:           740376 kB
MemTotal:        1844596 kB
MemFree:          846884 kB
MemAvailable:    1521948 kB
Buffers:           44932 kB
Cached:           740376 kB
MemTotal:        1844596 kB
MemFree:          846712 kB
MemAvailable:    1521776 kB
Buffers:           44932 kB
Cached:           740376 kB
MemTotal:        1844596 kB
MemFree:          845520 kB
MemAvailable:    1520584 kB
Buffers:           44932 kB
Cached:           740376 kB
MemTotal:        1844596 kB
MemFree:          846368 kB
MemAvailable:    1521432 kB
Buffers:           44932 kB
Cached:           740376 kB
MemTotal:        1844596 kB
MemFree:          846368 kB
MemAvailable:    1521432 kB
Buffers:           44932 kB
Cached:           740376 kB
MemTotal:        1844596 kB
MemFree:          844824 kB
MemAvailable:    1519888 kB
Buffers:           44932 kB
Cached:           740376 kB
MemTotal:        1844596 kB
MemFree:          845080 kB
MemAvailable:    1520144 kB
Buffers:           44932 kB
Cached:           740376 kB
MemTotal:        1844596 kB
MemFree:          844956 kB
MemAvailable:    1520020 kB
Buffers:           44932 kB
Cached:           740376 kB
MemTotal:        1844596 kB
MemFree:          846188 kB
MemAvailable:    1521252 kB
Buffers:           44932 kB
Cached:           740376 kB
MemTotal:        1844596 kB
MemFree:          845800 kB
MemAvailable:    1520864 kB
Buffers:           44932 kB
Cached:           740376 kB
MemTotal:        1844596 kB
MemFree:          846052 kB
MemAvailable:    1521116 kB
Buffers:           44932 kB
Cached:           740376 kB
MemTotal:        1844596 kB
MemFree:          846328 kB
MemAvailable:    1521392 kB
Buffers:           44932 kB
Cached:           740376 kB
MemTotal:        1844596 kB
MemFree:          844720 kB
MemAvailable:    1519784 kB
Buffers:           44932 kB
Cached:           740376 kB
MemTotal:        1844596 kB
MemFree:          846052 kB
MemAvailable:    1521116 kB
Buffers:           44932 kB
Cached:           740376 kB
MemTotal:        1844596 kB
MemFree:          845644 kB
MemAvailable:    1520708 kB
Buffers:           44932 kB
Cached:           740376 kB
MemTotal:        1844596 kB
MemFree:          844892 kB
MemAvailable:    1519956 kB
Buffers:           44932 kB
Cached:           740376 kB
MemTotal:        1844596 kB
MemFree:          844164 kB
MemAvailable:    1519228 kB
Buffers:           44932 kB
Cached:           740376 kB
MemTotal:        1844596 kB
MemFree:          842288 kB
MemAvailable:    1517352 kB
Buffers:           44932 kB
Cached:           740376 kB
MemTotal:        1844596 kB
MemFree:          839808 kB
MemAvailable:    1514872 kB
Buffers:           44932 kB
Cached:           740376 kB
MemTotal:        1844596 kB
MemFree:          839700 kB
MemAvailable:    1514764 kB
Buffers:           44932 kB
Cached:           740376 kB
MemTotal:        1844596 kB
MemFree:          837460 kB
MemAvailable:    1512524 kB
Buffers:           44932 kB
Cached:           740376 kB
MemTotal:        1844596 kB
MemFree:          837584 kB
MemAvailable:    1512648 kB
Buffers:           44932 kB
Cached:           740376 kB
MemTotal:        1844596 kB
MemFree:          838008 kB
MemAvailable:    1513072 kB
Buffers:           44932 kB
Cached:           740376 kB
MemTotal:        1844596 kB
MemFree:          838008 kB
MemAvailable:    1513072 kB
Buffers:           44932 kB
Cached:           740376 kB
MemTotal:        1844596 kB
MemFree:          838108 kB
MemAvailable:    1513172 kB
Buffers:           44932 kB
Cached:           740376 kB
MemTotal:        1844596 kB
MemFree:          838036 kB
MemAvailable:    1513100 kB
Buffers:           44932 kB
Cached:           740376 kB
MemTotal:        1844596 kB
MemFree:          838036 kB
MemAvailable:    1513100 kB
Buffers:           44932 kB
Cached:           740376 kB
MemTotal:        1844596 kB
MemFree:          837884 kB
MemAvailable:    1512948 kB
Buffers:           44932 kB
Cached:           740376 kB
MemTotal:        1844596 kB
MemFree:          838220 kB
MemAvailable:    1513284 kB
Buffers:           44932 kB
Cached:           740376 kB
MemTotal:        1844596 kB
MemFree:          838072 kB
MemAvailable:    1513144 kB
Buffers:           44932 kB
Cached:           740384 kB
MemTotal:        1844596 kB
MemFree:          838072 kB
MemAvailable:    1513144 kB
Buffers:           44932 kB
Cached:           740384 kB
MemTotal:        1844596 kB
MemFree:          836696 kB
MemAvailable:    1511768 kB
Buffers:           44932 kB
Cached:           740384 kB
MemTotal:        1844596 kB
MemFree:          838020 kB
MemAvailable:    1513092 kB
Buffers:           44932 kB
Cached:           740384 kB
MemTotal:        1844596 kB
MemFree:          838072 kB
MemAvailable:    1513144 kB
Buffers:           44932 kB
Cached:           740384 kB
MemTotal:        1844596 kB
MemFree:          836840 kB
MemAvailable:    1511912 kB
Buffers:           44932 kB
Cached:           740384 kB
MemTotal:        1844596 kB
MemFree:          837336 kB
MemAvailable:    1512408 kB
Buffers:           44932 kB
Cached:           740384 kB
MemTotal:        1844596 kB
MemFree:          837692 kB
MemAvailable:    1512764 kB
Buffers:           44932 kB
Cached:           740384 kB
MemTotal:        1844596 kB
MemFree:          837692 kB
MemAvailable:    1512764 kB
Buffers:           44932 kB
Cached:           740384 kB
MemTotal:        1844596 kB
MemFree:          836956 kB
MemAvailable:    1512028 kB
Buffers:           44932 kB
Cached:           740384 kB
MemTotal:        1844596 kB
MemFree:          836832 kB
MemAvailable:    1511904 kB
Buffers:           44932 kB
Cached:           740384 kB
MemTotal:        1844596 kB
MemFree:          836576 kB
MemAvailable:    1511648 kB
Buffers:           44932 kB
Cached:           740384 kB
MemTotal:        1844596 kB
MemFree:          836168 kB
MemAvailable:    1511240 kB
Buffers:           44932 kB
Cached:           740384 kB
MemTotal:        1844596 kB
MemFree:          836800 kB
MemAvailable:    1511872 kB
Buffers:           44932 kB
Cached:           740384 kB
MemTotal:        1844596 kB
MemFree:          836204 kB
MemAvailable:    1511276 kB
Buffers:           44932 kB
Cached:           740384 kB
MemTotal:        1844596 kB
MemFree:          835972 kB
MemAvailable:    1511044 kB
Buffers:           44932 kB
Cached:           740384 kB
MemTotal:        1844596 kB
MemFree:          834228 kB
MemAvailable:    1509300 kB
Buffers:           44932 kB
Cached:           740384 kB
MemTotal:        1844596 kB
MemFree:          835412 kB
MemAvailable:    1510484 kB
Buffers:           44932 kB
Cached:           740384 kB
MemTotal:        1844596 kB
MemFree:          834716 kB
MemAvailable:    1509788 kB
Buffers:           44932 kB
Cached:           740384 kB
MemTotal:        1844596 kB
MemFree:          834716 kB
MemAvailable:    1509788 kB
Buffers:           44932 kB
Cached:           740384 kB
MemTotal:        1844596 kB
MemFree:          834548 kB
MemAvailable:    1509620 kB
Buffers:           44932 kB
Cached:           740384 kB
MemTotal:        1844596 kB
MemFree:          834800 kB
MemAvailable:    1509872 kB
Buffers:           44932 kB
Cached:           740384 kB
MemTotal:        1844596 kB
MemFree:          834352 kB
MemAvailable:    1509424 kB
Buffers:           44932 kB
Cached:           740384 kB
MemTotal:        1844596 kB
MemFree:          833104 kB
MemAvailable:    1508176 kB
Buffers:           44932 kB
Cached:           740384 kB
MemTotal:        1844596 kB
MemFree:          832972 kB
MemAvailable:    1508044 kB
Buffers:           44932 kB
Cached:           740384 kB
MemTotal:        1844596 kB
MemFree:          834336 kB
MemAvailable:    1509408 kB
Buffers:           44932 kB
Cached:           740384 kB
MemTotal:        1844596 kB
MemFree:          834088 kB
MemAvailable:    1509160 kB
Buffers:           44932 kB
Cached:           740384 kB
MemTotal:        1844596 kB
MemFree:          834324 kB
MemAvailable:    1509396 kB
Buffers:           44932 kB
Cached:           740384 kB
MemTotal:        1844596 kB
MemFree:          834220 kB
MemAvailable:    1509292 kB
Buffers:           44932 kB
Cached:           740384 kB
MemTotal:        1844596 kB
MemFree:          834336 kB
MemAvailable:    1509408 kB
Buffers:           44932 kB
Cached:           740384 kB
MemTotal:        1844596 kB
MemFree:          834216 kB
MemAvailable:    1509288 kB
Buffers:           44932 kB
Cached:           740384 kB
MemTotal:        1844596 kB
MemFree:          832916 kB
MemAvailable:    1507988 kB
Buffers:           44932 kB
Cached:           740384 kB
MemTotal:        1844596 kB
MemFree:          833732 kB
MemAvailable:    1508804 kB
Buffers:           44932 kB
Cached:           740384 kB
MemTotal:        1844596 kB
MemFree:          833960 kB
MemAvailable:    1509032 kB
Buffers:           44932 kB
Cached:           740384 kB
MemTotal:        1844596 kB
MemFree:          828656 kB
MemAvailable:    1503728 kB
Buffers:           44932 kB
Cached:           740384 kB
MemTotal:        1844596 kB
MemFree:          828964 kB
MemAvailable:    1504036 kB
Buffers:           44932 kB
Cached:           740384 kB
MemTotal:        1844596 kB
MemFree:          828832 kB
MemAvailable:    1503904 kB
Buffers:           44932 kB
Cached:           740384 kB
MemTotal:        1844596 kB
MemFree:          827524 kB
MemAvailable:    1502596 kB
Buffers:           44932 kB
Cached:           740384 kB
MemTotal:        1844596 kB
MemFree:          828576 kB
MemAvailable:    1503648 kB
Buffers:           44932 kB
Cached:           740384 kB
MemTotal:        1844596 kB
MemFree:          828392 kB
MemAvailable:    1503464 kB
Buffers:           44932 kB
Cached:           740384 kB
MemTotal:        1844596 kB
MemFree:          828392 kB
MemAvailable:    1503464 kB
Buffers:           44932 kB
Cached:           740384 kB
MemTotal:        1844596 kB
MemFree:          828220 kB
MemAvailable:    1503292 kB
Buffers:           44932 kB
Cached:           740384 kB
MemTotal:        1844596 kB
MemFree:          828556 kB
MemAvailable:    1503628 kB
Buffers:           44932 kB
Cached:           740384 kB
MemTotal:        1844596 kB
MemFree:          828220 kB
MemAvailable:    1503292 kB
Buffers:           44932 kB
Cached:           740384 kB
MemTotal:        1844596 kB
MemFree:          828192 kB
MemAvailable:    1503264 kB
Buffers:           44932 kB
Cached:           740384 kB
MemTotal:        1844596 kB
MemFree:          826760 kB
MemAvailable:    1501832 kB
Buffers:           44932 kB
Cached:           740384 kB
MemTotal:        1844596 kB
MemFree:          825920 kB
MemAvailable:    1500992 kB
Buffers:           44932 kB
Cached:           740384 kB
MemTotal:        1844596 kB
MemFree:          825928 kB
MemAvailable:    1501000 kB
Buffers:           44932 kB
Cached:           740384 kB
MemTotal:        1844596 kB
MemFree:          825120 kB
MemAvailable:    1500196 kB
Buffers:           44932 kB
Cached:           740388 kB
MemTotal:        1844596 kB
MemFree:          824068 kB
MemAvailable:    1499144 kB
Buffers:           44932 kB
Cached:           740388 kB
MemTotal:        1844596 kB
MemFree:          825048 kB
MemAvailable:    1500124 kB
Buffers:           44932 kB
Cached:           740388 kB
MemTotal:        1844596 kB
MemFree:          825120 kB
MemAvailable:    1500196 kB
Buffers:           44932 kB
Cached:           740388 kB
MemTotal:        1844596 kB
MemFree:          825120 kB
MemAvailable:    1500196 kB
Buffers:           44932 kB
Cached:           740388 kB
MemTotal:        1844596 kB
MemFree:          824308 kB
MemAvailable:    1499384 kB
Buffers:           44932 kB
Cached:           740388 kB
MemTotal:        1844596 kB
MemFree:          824860 kB
MemAvailable:    1499936 kB
Buffers:           44932 kB
Cached:           740388 kB
MemTotal:        1844596 kB
MemFree:          823820 kB
MemAvailable:    1498896 kB
Buffers:           44932 kB
Cached:           740388 kB
MemTotal:        1844596 kB
MemFree:          827024 kB
MemAvailable:    1502100 kB
Buffers:           44932 kB
Cached:           740388 kB
MemTotal:        1844596 kB
MemFree:          825800 kB
MemAvailable:    1500876 kB
Buffers:           44932 kB
Cached:           740388 kB
MemTotal:        1844596 kB
MemFree:          826900 kB
MemAvailable:    1502144 kB
Buffers:           44932 kB
Cached:           740636 kB
MemTotal:        1844596 kB
MemFree:          827236 kB
MemAvailable:    1502480 kB
Buffers:           44932 kB
Cached:           740636 kB
MemTotal:        1844596 kB
MemFree:          826908 kB
MemAvailable:    1502320 kB
Buffers:           44932 kB
Cached:           740760 kB
MemTotal:        1844596 kB
MemFree:          826836 kB
MemAvailable:    1502332 kB
Buffers:           44932 kB
Cached:           740884 kB
MemTotal:        1844596 kB
MemFree:          825528 kB
MemAvailable:    1501024 kB
Buffers:           44932 kB
Cached:           740884 kB
MemTotal:        1844596 kB
MemFree:          826380 kB
MemAvailable:    1502044 kB
Buffers:           44932 kB
Cached:           741008 kB
MemTotal:        1844596 kB
MemFree:          826244 kB
MemAvailable:    1501908 kB
Buffers:           44932 kB
Cached:           741008 kB
MemTotal:        1844596 kB
MemFree:          826328 kB
MemAvailable:    1501992 kB
Buffers:           44932 kB
Cached:           741008 kB
MemTotal:        1844596 kB
MemFree:          826360 kB
MemAvailable:    1502024 kB
Buffers:           44932 kB
Cached:           741008 kB
MemTotal:        1844596 kB
MemFree:          826360 kB
MemAvailable:    1502024 kB
Buffers:           44932 kB
Cached:           741008 kB
MemTotal:        1844596 kB
MemFree:          826360 kB
MemAvailable:    1502024 kB
Buffers:           44932 kB
Cached:           741008 kB
MemTotal:        1844596 kB
MemFree:          825680 kB
MemAvailable:    1501344 kB
Buffers:           44932 kB
Cached:           741008 kB
MemTotal:        1844596 kB
MemFree:          826120 kB
MemAvailable:    1501784 kB
Buffers:           44932 kB
Cached:           741008 kB
MemTotal:        1844596 kB
MemFree:          825004 kB
MemAvailable:    1500668 kB
Buffers:           44932 kB
Cached:           741008 kB
MemTotal:        1844596 kB
MemFree:          826176 kB
MemAvailable:    1501924 kB
Buffers:           44932 kB
Cached:           741008 kB
MemTotal:        1844596 kB
MemFree:          825548 kB
MemAvailable:    1500708 kB
Buffers:           44932 kB
Cached:           740376 kB
MemTotal:        1844596 kB
MemFree:          894256 kB
MemAvailable:    1569416 kB
Buffers:           44932 kB
Cached:           740376 kB
