MemTotal:        1844596 kB
MemFree:          758820 kB
MemAvailable:    1532132 kB
Buffers:           55620 kB
Cached:           822256 kB
MemTotal:        1844596 kB
MemFree:          756884 kB
MemAvailable:    1530196 kB
Buffers:           55620 kB
Cached:           822256 kB
MemTotal:        1844596 kB
MemFree:          755412 kB
MemAvailable:    1528724 kB
Buffers:           55620 kB
Cached:           822256 kB
MemTotal:        1844596 kB
MemFree:          755148 kB
MemAvailable:    1528460 kB
Buffers:           55620 kB
Cached:           822256 kB
MemTotal:        1844596 kB
MemFree:          755148 kB
MemAvailable:    1528460 kB
Buffers:           55620 kB
Cached:           822256 kB
MemTotal:        1844596 kB
MemFree:          754280 kB
MemAvailable:    1527592 kB
Buffers:           55620 kB
Cached:           822256 kB
MemTotal:        1844596 kB
MemFree:          754280 kB
MemAvailable:    1527592 kB
Buffers:           55620 kB
Cached:           822256 kB
MemTotal:        1844596 kB
MemFree:          750452 kB
MemAvailable:    1523764 kB
Buffers:           55620 kB
Cached:           822256 kB
MemTotal:        1844596 kB
MemFree:          749256 kB
MemAvailable:    1522568 kB
Buffers:           55620 kB
Cached:           822256 kB
MemTotal:        1844596 kB
MemFree:          747484 kB
MemAvailable:    1520796 kB
Buffers:           55620 kB
Cached:           822256 kB
MemTotal:        1844596 kB
MemFree:          745316 kB
MemAvailable:    1518628 kB
Buffers:           55620 kB
Cached:           822256 kB
MemTotal:        1844596 kB
MemFree:          745568 kB
MemAvailable:    1518880 kB
Buffers:           55620 kB
Cached:           822256 kB
MemTotal:        1844596 kB
MemFree:          744204 kB
MemAvailable:    1517516 kB
Buffers:           55620 kB
Cached:           822256 kB
MemTotal:        1844596 kB
MemFree:          745320 kB
MemAvailable:    1518632 kB
Buffers:           55620 kB
Cached:           822256 kB
MemTotal:        1844596 kB
MemFree:          744204 kB
MemAvailable:    1517516 kB
Buffers:           55620 kB
Cached:           822256 kB
MemTotal:        1844596 kB
MemFree:          745056 kB
MemAvailable:    1518368 kB
Buffers:           55620 kB
Cached:           822256 kB
MemTotal:        1844596 kB
MemFree:          745124 kB
MemAvailable:    1518436 kB
Buffers:           55620 kB
Cached:           822256 kB
MemTotal:        1844596 kB
MemFree:          743120 kB
MemAvailable:    1516432 kB
Buffers:           55620 kB
Cached:           822256 kB
MemTotal:        1844596 kB
MemFree:          741880 kB
MemAvailable:    1515192 kB
Buffers:           55620 kB
Cached:           822256 kB
MemTotal:        1844596 kB
MemFree:          742792 kB
MemAvailable:    1516104 kB
Buffers:           55620 kB
Cached:           822256 kB
MemTotal:        1844596 kB
MemFree:          741624 kB
MemAvailable:    1514936 kB
Buffers:           55628 kB
Cached:           822248 kB
MemTotal:        1844596 kB
MemFree:          742508 kB
MemAvailable:    1515820 kB
Buffers:           55628 kB
Cached:           822248 kB
MemTotal:        1844596 kB
MemFree:          741976 kB
MemAvailable:    1515288 kB
Buffers:           55628 kB
Cached:           822248 kB
MemTotal:        1844596 kB
MemFree:          742584 kB
MemAvailable:    1515896 kB
Buffers:           55628 kB
Cached:           822248 kB
MemTotal:        1844596 kB
MemFree:          742352 kB
MemAvailable:    1515664 kB
Buffers:           55628 kB
Cached:           822248 kB
MemTotal:        1844596 kB
MemFree:          741464 kB
MemAvailable:    1514776 kB
Buffers:           55628 kB
Cached:           822248 kB
MemTotal:        1844596 kB
MemFree:          742572 kB
MemAvailable:    1515884 kB
Buffers:           55628 kB
Cached:           822248 kB
MemTotal:        1844596 kB
MemFree:          742824 kB
MemAvailable:    1516136 kB
Buffers:           55628 kB
Cached:           822248 kB
MemTotal:        1844596 kB
MemFree:          744128 kB
MemAvailable:    1517440 kB
Buffers:           55628 kB
Cached:           822248 kB
MemTotal:        1844596 kB
MemFree:          742764 kB
MemAvailable:    1516076 kB
Buffers:           55628 kB
Cached:           822248 kB
MemTotal:        1844596 kB
MemFree:          741020 kB
MemAvailable:    1514348 kB
Buffers:           55628 kB
Cached:           822264 kB
MemTotal:        1844596 kB
MemFree:          741400 kB
MemAvailable:    1514728 kB
Buffers:           55628 kB
Cached:           822264 kB
MemTotal:        1844596 kB
MemFree:          740392 kB
MemAvailable:    1513720 kB
Buffers:           55628 kB
Cached:           822264 kB
MemTotal:        1844596 kB
MemFree:          739796 kB
MemAvailable:    1513124 kB
Buffers:           55628 kB
Cached:           822264 kB
MemTotal:        1844596 kB
MemFree:          739788 kB
MemAvailable:    1513116 kB
Buffers:           55628 kB
Cached:           822264 kB
MemTotal:        1844596 kB
MemFree:          738292 kB
MemAvailable:    1511620 kB
Buffers:           55628 kB
Cached:           822264 kB
MemTotal:        1844596 kB
MemFree:          739108 kB
MemAvailable:    1512436 kB
Buffers:           55628 kB
Cached:           822264 kB
MemTotal:        1844596 kB
MemFree:          738608 kB
MemAvailable:    1511936 kB
Buffers:           55628 kB
Cached:           822264 kB
MemTotal:        1844596 kB
MemFree:          738300 kB
MemAvailable:    1511628 kB
Buffers:           55628 kB
Cached:           822264 kB
MemTotal:        1844596 kB
MemFree:          738616 kB
MemAvailable:    1511944 kB
Buffers:           55628 kB
Cached:           822264 kB
MemTotal:        1844596 kB
MemFree:          738472 kB
MemAvailable:    1511800 kB
Buffers:           55628 kB
Cached:           822264 kB
MemTotal:        1844596 kB
MemFree:          738472 kB
MemAvailable:    1511800 kB
Buffers:           55628 kB
Cached:           822264 kB
MemTotal:        1844596 kB
MemFree:          738352 kB
MemAvailable:    1511680 kB
Buffers:           55628 kB
Cached:           822264 kB
MemTotal:        1844596 kB
MemFree:          738436 kB
MemAvailable:    1511764 kB
Buffers:           55628 kB
Cached:           822264 kB
MemTotal:        1844596 kB
MemFree:          736928 kB
MemAvailable:    1510256 kB
Buffers:           55628 kB
Cached:           822264 kB
MemTotal:        1844596 kB
MemFree:          737788 kB
MemAvailable:    1511116 kB
Buffers:           55628 kB
Cached:           822264 kB
MemTotal:        1844596 kB
MemFree:          737360 kB
MemAvailable:    1510688 kB
Buffers:           55628 kB
Cached:           822264 kB
MemTotal:        1844596 kB
MemFree:          737132 kB
MemAvailable:    1510460 kB
Buffers:           55628 kB
Cached:           822264 kB
MemTotal:        1844596 kB
MemFree:          736412 kB
MemAvailable:    1509740 kB
Buffers:           55628 kB
Cached:           822264 kB
MemTotal:        1844596 kB
MemFree:          737784 kB
MemAvailable:    1511112 kB
Buffers:           55628 kB
Cached:           822264 kB
MemTotal:        1844596 kB
MemFree:          737640 kB
MemAvailable:    1510968 kB
Buffers:           55628 kB
Cached:           822264 kB
MemTotal:        1844596 kB
MemFree:          737640 kB
MemAvailable:    1510968 kB
Buffers:           55628 kB
Cached:           822264 kB
MemTotal:        1844596 kB
MemFree:          737668 kB
MemAvailable:    1510996 kB
Buffers:           55628 kB
Cached:           822264 kB
MemTotal:        1844596 kB
MemFree:          737656 kB
MemAvailable:    1510984 kB
Buffers:           55628 kB
Cached:           822264 kB
MemTotal:        1844596 kB
MemFree:          737908 kB
MemAvailable:    1511236 kB
Buffers:           55628 kB
Cached:           822264 kB
MemTotal:        1844596 kB
MemFree:          737692 kB
MemAvailable:    1511020 kB
Buffers:           55628 kB
Cached:           822264 kB
MemTotal:        1844596 kB
MemFree:          737436 kB
MemAvailable:    1510764 kB
Buffers:           55628 kB
Cached:           822264 kB
MemTotal:        1844596 kB
MemFree:          736316 kB
MemAvailable:    1509644 kB
Buffers:           55628 kB
Cached:           822264 kB
MemTotal:        1844596 kB
MemFree:          737176 kB
MemAvailable:    1510504 kB
Buffers:           55628 kB
Cached:           822264 kB
MemTotal:        1844596 kB
MemFree:          737068 kB
MemAvailable:    1510396 kB
Buffers:           55628 kB
Cached:           822264 kB
MemTotal:        1844596 kB
MemFree:          736928 kB
MemAvailable:    1510256 kB
Buffers:           55628 kB
Cached:           822264 kB
MemTotal:        1844596 kB
MemFree:          736880 kB
MemAvailable:    1510208 kB
Buffers:           55628 kB
Cached:           822264 kB
MemTotal:        1844596 kB
MemFree:          735812 kB
MemAvailable:    1509140 kB
Buffers:           55628 kB
Cached:           822264 kB
MemTotal:        1844596 kB
MemFree:          736508 kB
MemAvailable:    1509840 kB
Buffers:           55628 kB
Cached:           822268 kB
MemTotal:        1844596 kB
MemFree:          736844 kB
MemAvailable:    1510176 kB
Buffers:           55628 kB
Cached:           822268 kB
MemTotal:        1844596 kB
MemFree:          736680 kB
MemAvailable:    1510012 kB
Buffers:           55628 kB
Cached:           822268 kB
MemTotal:        1844596 kB
MemFree:          736932 kB
MemAvailable:    1510264 kB
Buffers:           55628 kB
Cached:           822268 kB
MemTotal:        1844596 kB
MemFree:          736640 kB
MemAvailable:    1509972 kB
Buffers:           55628 kB
Cached:           822268 kB
MemTotal:        1844596 kB
MemFree:          736760 kB
MemAvailable:    1510092 kB
Buffers:           55628 kB
Cached:           822268 kB
MemTotal:        1844596 kB
MemFree:          735424 kB
MemAvailable:    1508756 kB
Buffers:           55628 kB
Cached:           822268 kB
MemTotal:        1844596 kB
MemFree:          736708 kB
MemAvailable:    1510040 kB
Buffers:           55628 kB
Cached:           822268 kB
MemTotal:        1844596 kB
MemFree:          736616 kB
MemAvailable:    1509948 kB
Buffers:           55628 kB
Cached:           822268 kB
MemTotal:        1844596 kB
MemFree:          732952 kB
MemAvailable:    1506284 kB
Buffers:           55628 kB
Cached:           822268 kB
MemTotal:        1844596 kB
MemFree:          732952 kB
MemAvailable:    1506284 kB
Buffers:           55628 kB
Cached:           822268 kB
MemTotal:        1844596 kB
MemFree:          729364 kB
MemAvailable:    1502696 kB
Buffers:           55628 kB
Cached:           822268 kB
MemTotal:        1844596 kB
MemFree:          728760 kB
MemAvailable:    1502092 kB
Buffers:           55628 kB
Cached:           822268 kB
MemTotal:        1844596 kB
MemFree:          728992 kB
MemAvailable:    1502324 kB
Buffers:           55628 kB
Cached:           822268 kB
MemTotal:        1844596 kB
MemFree:          728984 kB
MemAvailable:    1502316 kB
Buffers:           55628 kB
Cached:           822268 kB
MemTotal:        1844596 kB
MemFree:          728696 kB
MemAvailable:    1502028 kB
Buffers:           55628 kB
Cached:           822268 kB
MemTotal:        1844596 kB
MemFree:          727448 kB
MemAvailable:    1500780 kB
Buffers:           55628 kB
Cached:           822268 kB
MemTotal:        1844596 kB
MemFree:          728676 kB
MemAvailable:    1502008 kB
Buffers:           55628 kB
Cached:           822268 kB
MemTotal:        1844596 kB
MemFree:          728928 kB
MemAvailable:    1502260 kB
Buffers:           55628 kB
Cached:           822268 kB
MemTotal:        1844596 kB
MemFree:          728684 kB
MemAvailable:    1502016 kB
Buffers:           55628 kB
Cached:           822268 kB
MemTotal:        1844596 kB
MemFree:          728628 kB
MemAvailable:    1501960 kB
Buffers:           55628 kB
Cached:           822268 kB
MemTotal:        1844596 kB
MemFree:          728684 kB
MemAvailable:    1502016 kB
Buffers:           55628 kB
Cached:           822268 kB
MemTotal:        1844596 kB
MemFree:          728936 kB
MemAvailable:    1502268 kB
Buffers:           55628 kB
Cached:           822268 kB
MemTotal:        1844596 kB
MemFree:          728600 kB
MemAvailable:    1501932 kB
Buffers:           55628 kB
Cached:           822268 kB
MemTotal:        1844596 kB
MemFree:          728600 kB
MemAvailable:    1501932 kB
Buffers:           55628 kB
Cached:           822268 kB
MemTotal:        1844596 kB
MemFree:          728588 kB
MemAvailable:    1501920 kB
Buffers:           55628 kB
Cached:           822268 kB
MemTotal:        1844596 kB
MemFree:          728628 kB
MemAvailable:    1501960 kB
Buffers:           55628 kB
Cached:           822268 kB
MemTotal:        1844596 kB
MemFree:          728740 kB
MemAvailable:    1502072 kB
Buffers:           55628 kB
Cached:           822268 kB
MemTotal:        1844596 kB
MemFree:          728184 kB
MemAvailable:    1501516 kB
Buffers:           55628 kB
Cached:           822268 kB
MemTotal:        1844596 kB
MemFree:          726876 kB
MemAvailable:    1500208 kB
Buffers:           55628 kB
Cached:           822268 kB
MemTotal:        1844596 kB
MemFree:          726620 kB
MemAvailable:    1499952 kB
Buffers:           55628 kB
Cached:           822268 kB
MemTotal:        1844596 kB
MemFree:          727132 kB
MemAvailable:    1500464 kB
Buffers:           55628 kB
Cached:           822268 kB
MemTotal:        1844596 kB
MemFree:          727272 kB
MemAvailable:    1500604 kB
Buffers:           55628 kB
Cached:           822268 kB
MemTotal:        1844596 kB
MemFree:          726628 kB
MemAvailable:    1499960 kB
Buffers:           55628 kB
Cached:           822268 kB
MemTotal:        1844596 kB
MemFree:          725888 kB
MemAvailable:    1499220 kB
Buffers:           55628 kB
Cached:           822268 kB
MemTotal:        1844596 kB
MemFree:          726140 kB
MemAvailable:    1499472 kB
Buffers:           55628 kB
Cached:           822268 kB
MemTotal:        1844596 kB
MemFree:          726032 kB
MemAvailable:    1499364 kB
Buffers:           55628 kB
Cached:           822268 kB
MemTotal:        1844596 kB
MemFree:          725852 kB
MemAvailable:    1499184 kB
Buffers:           55628 kB
Cached:           822268 kB
MemTotal:        1844596 kB
MemFree:          724604 kB
MemAvailable:    1497936 kB
Buffers:           55628 kB
Cached:           822268 kB
MemTotal:        1844596 kB
MemFree:          725272 kB
MemAvailable:    1498604 kB
Buffers:           55628 kB
Cached:           822268 kB
MemTotal:        1844596 kB
MemFree:          724156 kB
MemAvailable:    1497488 kB
Buffers:           55628 kB
Cached:           822268 kB
MemTotal:        1844596 kB
MemFree:          725080 kB
MemAvailable:    1498412 kB
Buffers:           55628 kB
Cached:           822268 kB
MemTotal:        1844596 kB
MemFree:          725332 kB
MemAvailable:    1498664 kB
Buffers:           55628 kB
Cached:           822268 kB
MemTotal:        1844596 kB
MemFree:          724824 kB
MemAvailable:    1498160 kB
Buffers:           55628 kB
Cached:           822272 kB
MemTotal:        1844596 kB
MemFree:          724908 kB
MemAvailable:    1498244 kB
Buffers:           55628 kB
Cached:           822272 kB
MemTotal:        1844596 kB
MemFree:          724836 kB
MemAvailable:    1498172 kB
Buffers:           55628 kB
Cached:           822272 kB
MemTotal:        1844596 kB
MemFree:          724836 kB
MemAvailable:    1498172 kB
Buffers:           55628 kB
Cached:           822272 kB
MemTotal:        1844596 kB
MemFree:          724900 kB
MemAvailable:    1498236 kB
Buffers:           55628 kB
Cached:           822272 kB
MemTotal:        1844596 kB
MemFree:          724000 kB
MemAvailable:    1497336 kB
Buffers:           55628 kB
Cached:           822272 kB
MemTotal:        1844596 kB
MemFree:          724752 kB
MemAvailable:    1498088 kB
Buffers:           55628 kB
Cached:           822272 kB
MemTotal:        1844596 kB
MemFree:          725004 kB
MemAvailable:    1498340 kB
Buffers:           55628 kB
Cached:           822272 kB
MemTotal:        1844596 kB
MemFree:          724536 kB
MemAvailable:    1497872 kB
Buffers:           55628 kB
Cached:           822272 kB
MemTotal:        1844596 kB
MemFree:          724140 kB
MemAvailable:    1497476 kB
Buffers:           55628 kB
Cached:           822272 kB
MemTotal:        1844596 kB
MemFree:          723916 kB
MemAvailable:    1497252 kB
Buffers:           55628 kB
Cached:           822272 kB
MemTotal:        1844596 kB
MemFree:          719568 kB
MemAvailable:    1492904 kB
Buffers:           55628 kB
Cached:           822272 kB
MemTotal:        1844596 kB
MemFree:          719824 kB
MemAvailable:    1493160 kB
Buffers:           55628 kB
Cached:           822272 kB
MemTotal:        1844596 kB
MemFree:          718196 kB
MemAvailable:    1491532 kB
Buffers:           55628 kB
Cached:           822272 kB
MemTotal:        1844596 kB
MemFree:          719560 kB
MemAvailable:    1492896 kB
Buffers:           55628 kB
Cached:           822272 kB
MemTotal:        1844596 kB
MemFree:          718064 kB
MemAvailable:    1491400 kB
Buffers:           55628 kB
Cached:           822272 kB
MemTotal:        1844596 kB
MemFree:          717940 kB
MemAvailable:    1491276 kB
Buffers:           55628 kB
Cached:           822272 kB
MemTotal:        1844596 kB
MemFree:          718064 kB
MemAvailable:    1491400 kB
Buffers:           55628 kB
Cached:           822272 kB
MemTotal:        1844596 kB
MemFree:          719080 kB
MemAvailable:    1492416 kB
Buffers:           55628 kB
Cached:           822272 kB
MemTotal:        1844596 kB
MemFree:          717832 kB
MemAvailable:    1491168 kB
Buffers:           55628 kB
Cached:           822272 kB
MemTotal:        1844596 kB
MemFree:          718700 kB
MemAvailable:    1492036 kB
Buffers:           55628 kB
Cached:           822272 kB
MemTotal:        1844596 kB
MemFree:          718956 kB
MemAvailable:    1492292 kB
Buffers:           55628 kB
Cached:           822272 kB
MemTotal:        1844596 kB
MemFree:          716336 kB
MemAvailable:    1489672 kB
Buffers:           55628 kB
Cached:           822272 kB
MemTotal:        1844596 kB
MemFree:          716336 kB
MemAvailable:    1489672 kB
Buffers:           55628 kB
Cached:           822272 kB
MemTotal:        1844596 kB
MemFree:          715848 kB
MemAvailable:    1489184 kB
Buffers:           55628 kB
Cached:           822272 kB
MemTotal:        1844596 kB
MemFree:          715932 kB
MemAvailable:    1489268 kB
Buffers:           55628 kB
Cached:           822272 kB
MemTotal:        1844596 kB
MemFree:          714436 kB
MemAvailable:    1487772 kB
Buffers:           55628 kB
Cached:           822272 kB
MemTotal:        1844596 kB
MemFree:          714604 kB
MemAvailable:    1487940 kB
Buffers:           55628 kB
Cached:           822272 kB
MemTotal:        1844596 kB
MemFree:          714604 kB
MemAvailable:    1487940 kB
Buffers:           55628 kB
Cached:           822272 kB
MemTotal:        1844596 kB
MemFree:          715112 kB
MemAvailable:    1488448 kB
Buffers:           55628 kB
Cached:           822272 kB
MemTotal:        1844596 kB
MemFree:          717716 kB
MemAvailable:    1491056 kB
Buffers:           55628 kB
Cached:           822276 kB
MemTotal:        1844596 kB
MemFree:          717708 kB
MemAvailable:    1491048 kB
Buffers:           55628 kB
Cached:           822276 kB
MemTotal:        1844596 kB
MemFree:          717964 kB
MemAvailable:    1491304 kB
Buffers:           55628 kB
Cached:           822276 kB
MemTotal:        1844596 kB
MemFree:          717636 kB
MemAvailable:    1491144 kB
Buffers:           55628 kB
Cached:           822524 kB
MemTotal:        1844596 kB
MemFree:          717320 kB
MemAvailable:    1491080 kB
Buffers:           55628 kB
Cached:           822648 kB
MemTotal:        1844596 kB
MemFree:          717320 kB
MemAvailable:    1491080 kB
Buffers:           55628 kB
Cached:           822648 kB
MemTotal:        1844596 kB
MemFree:          717080 kB
MemAvailable:    1491008 kB
Buffers:           55628 kB
Cached:           822772 kB
MemTotal:        1844596 kB
MemFree:          717336 kB
MemAvailable:    1491264 kB
Buffers:           55628 kB
Cached:           822772 kB
MemTotal:        1844596 kB
MemFree:          715832 kB
MemAvailable:    1489760 kB
Buffers:           55628 kB
Cached:           822772 kB
MemTotal:        1844596 kB
MemFree:          715832 kB
MemAvailable:    1489760 kB
Buffers:           55628 kB
Cached:           822896 kB
MemTotal:        1844596 kB
MemFree:          716608 kB
MemAvailable:    1490536 kB
Buffers:           55628 kB
Cached:           822896 kB
MemTotal:        1844596 kB
MemFree:          717048 kB
MemAvailable:    1490976 kB
Buffers:           55628 kB
Cached:           822896 kB
MemTotal:        1844596 kB
MemFree:          717084 kB
MemAvailable:    1491012 kB
Buffers:           55628 kB
Cached:           822896 kB
MemTotal:        1844596 kB
MemFree:          717160 kB
MemAvailable:    1491088 kB
Buffers:           55628 kB
Cached:           822896 kB
MemTotal:        1844596 kB
MemFree:          715552 kB
MemAvailable:    1489480 kB
Buffers:           55628 kB
Cached:           822896 kB
MemTotal:        1844596 kB
MemFree:          715980 kB
MemAvailable:    1489908 kB
Buffers:           55628 kB
Cached:           823020 kB
MemTotal:        1844596 kB
MemFree:          715708 kB
MemAvailable:    1489048 kB
Buffers:           55628 kB
Cached:           822348 kB
MemTotal:        1844596 kB
MemFree:          786104 kB
MemAvailable:    1559444 kB
Buffers:           55628 kB
Cached:           822348 kB
