MemTotal:        1844596 kB
MemFree:          804652 kB
MemAvailable:    1541124 kB
Buffers:           51812 kB
Cached:           792240 kB
MemTotal:        1844596 kB
MemFree:          799940 kB
MemAvailable:    1536412 kB
Buffers:           51812 kB
Cached:           792240 kB
MemTotal:        1844596 kB
MemFree:          798824 kB
MemAvailable:    1535296 kB
Buffers:           51812 kB
Cached:           792240 kB
MemTotal:        1844596 kB
MemFree:          797700 kB
MemAvailable:    1534172 kB
Buffers:           51812 kB
Cached:           792240 kB
MemTotal:        1844596 kB
MemFree:          797460 kB
MemAvailable:    1533932 kB
Buffers:           51812 kB
Cached:           792240 kB
MemTotal:        1844596 kB
MemFree:          796460 kB
MemAvailable:    1532932 kB
Buffers:           51812 kB
Cached:           792240 kB
MemTotal:        1844596 kB
MemFree:          795608 kB
MemAvailable:    1532080 kB
Buffers:           51812 kB
Cached:           792240 kB
MemTotal:        1844596 kB
MemFree:          793228 kB
MemAvailable:    1529700 kB
Buffers:           51812 kB
Cached:           792240 kB
MemTotal:        1844596 kB
MemFree:          793120 kB
MemAvailable:    1529592 kB
Buffers:           51812 kB
Cached:           792240 kB
MemTotal:        1844596 kB
MemFree:          786980 kB
MemAvailable:    1523452 kB
Buffers:           51812 kB
Cached:           792240 kB
MemTotal:        1844596 kB
MemFree:          786548 kB
MemAvailable:    1523020 kB
Buffers:           51812 kB
Cached:           792240 kB
MemTotal:        1844596 kB
MemFree:          787460 kB
MemAvailable:    1523932 kB
Buffers:           51812 kB
Cached:           792240 kB
MemTotal:        1844596 kB
MemFree:          786128 kB
MemAvailable:    1522600 kB
Buffers:           51812 kB
Cached:           792240 kB
MemTotal:        1844596 kB
MemFree:          787512 kB
MemAvailable:    1523984 kB
Buffers:           51812 kB
Cached:           792240 kB
MemTotal:        1844596 kB
MemFree:          786796 kB
MemAvailable:    1523268 kB
Buffers:           51812 kB
Cached:           792240 kB
MemTotal:        1844596 kB
MemFree:          787444 kB
MemAvailable:    1523916 kB
Buffers:           51812 kB
Cached:           792240 kB
MemTotal:        1844596 kB
MemFree:          786368 kB
MemAvailable:    1522840 kB
Buffers:           51812 kB
Cached:           792240 kB
MemTotal:        1844596 kB
MemFree:          786484 kB
MemAvailable:    1522956 kB
Buffers:           51812 kB
Cached:           792240 kB
MemTotal:        1844596 kB
MemFree:          784936 kB
MemAvailable:    1521408 kB
Buffers:           51812 kB
Cached:           792240 kB
MemTotal:        1844596 kB
MemFree:          785236 kB
MemAvailable:    1521712 kB
Buffers:           51812 kB
Cached:           792244 kB
MemTotal:        1844596 kB
MemFree:          783936 kB
MemAvailable:    1520412 kB
Buffers:           51812 kB
Cached:           792244 kB
MemTotal:        1844596 kB
MemFree:          783764 kB
MemAvailable:    1520240 kB
Buffers:           51812 kB
Cached:           792244 kB
MemTotal:        1844596 kB
MemFree:          783760 kB
MemAvailable:    1520236 kB
Buffers:           51812 kB
Cached:           792244 kB
MemTotal:        1844596 kB
MemFree:          784972 kB
MemAvailable:    1521448 kB
Buffers:           51812 kB
Cached:           792244 kB
MemTotal:        1844596 kB
MemFree:          783748 kB
MemAvailable:    1520224 kB
Buffers:           51812 kB
Cached:           792244 kB
MemTotal:        1844596 kB
MemFree:          783660 kB
MemAvailable:    1520136 kB
Buffers:           51812 kB
Cached:           792244 kB
MemTotal:        1844596 kB
MemFree:          783780 kB
MemAvailable:    1520256 kB
Buffers:           51812 kB
Cached:           792244 kB
MemTotal:        1844596 kB
MemFree:          783896 kB
MemAvailable:    1520372 kB
Buffers:           51812 kB
Cached:           792244 kB
MemTotal:        1844596 kB
MemFree:          786256 kB
MemAvailable:    1522732 kB
Buffers:           51812 kB
Cached:           792244 kB
MemTotal:        1844596 kB
MemFree:          785936 kB
MemAvailable:    1522412 kB
Buffers:           51812 kB
Cached:           792244 kB
MemTotal:        1844596 kB
MemFree:          784680 kB
MemAvailable:    1521156 kB
Buffers:           51812 kB
Cached:           792244 kB
MemTotal:        1844596 kB
MemFree:          784324 kB
MemAvailable:    1520800 kB
Buffers:           51812 kB
Cached:           792244 kB
MemTotal:        1844596 kB
MemFree:          782696 kB
MemAvailable:    1519172 kB
Buffers:           51812 kB
Cached:           792244 kB
MemTotal:        1844596 kB
MemFree:          782464 kB
MemAvailable:    1518940 kB
Buffers:           51812 kB
Cached:           792244 kB
MemTotal:        1844596 kB
MemFree:          782084 kB
MemAvailable:    1518560 kB
Buffers:           51812 kB
Cached:           792244 kB
MemTotal:        1844596 kB
MemFree:          780704 kB
MemAvailable:    1517180 kB
Buffers:           51812 kB
Cached:           792244 kB
MemTotal:        1844596 kB
MemFree:          780348 kB
MemAvailable:    1516824 kB
Buffers:           51812 kB
Cached:           792244 kB
MemTotal:        1844596 kB
MemFree:          780968 kB
MemAvailable:    1517444 kB
Buffers:           51812 kB
Cached:           792244 kB
MemTotal:        1844596 kB
MemFree:          779984 kB
MemAvailable:    1516460 kB
Buffers:           51812 kB
Cached:           792244 kB
MemTotal:        1844596 kB
MemFree:          780904 kB
MemAvailable:    1517380 kB
Buffers:           51812 kB
Cached:           792244 kB
MemTotal:        1844596 kB
MemFree:          780856 kB
MemAvailable:    1517332 kB
Buffers:           51812 kB
Cached:           792244 kB
MemTotal:        1844596 kB
MemFree:          779592 kB
MemAvailable:    1516068 kB
Buffers:           51812 kB
Cached:           792244 kB
MemTotal:        1844596 kB
MemFree:          780704 kB
MemAvailable:    1517180 kB
Buffers:           51812 kB
Cached:           792244 kB
MemTotal:        1844596 kB
MemFree:          780348 kB
MemAvailable:    1516824 kB
Buffers:           51812 kB
Cached:           792244 kB
MemTotal:        1844596 kB
MemFree:          780400 kB
MemAvailable:    1516876 kB
Buffers:           51812 kB
Cached:           792244 kB
MemTotal:        1844596 kB
MemFree:          780224 kB
MemAvailable:    1516700 kB
Buffers:           51812 kB
Cached:           792244 kB
MemTotal:        1844596 kB
MemFree:          780352 kB
MemAvailable:    1516828 kB
Buffers:           51812 kB
Cached:           792244 kB
MemTotal:        1844596 kB
MemFree:          779292 kB
MemAvailable:    1515768 kB
Buffers:           51812 kB
Cached:           792244 kB
MemTotal:        1844596 kB
MemFree:          780172 kB
MemAvailable:    1516648 kB
Buffers:           51812 kB
Cached:           792244 kB
MemTotal:        1844596 kB
MemFree:          780348 kB
MemAvailable:    1516824 kB
Buffers:           51812 kB
Cached:           792244 kB
MemTotal:        1844596 kB
MemFree:          780464 kB
MemAvailable:    1516940 kB
Buffers:           51812 kB
Cached:           792244 kB
MemTotal:        1844596 kB
MemFree:          778984 kB
MemAvailable:    1515460 kB
Buffers:           51812 kB
Cached:           792244 kB
MemTotal:        1844596 kB
MemFree:          780224 kB
MemAvailable:    1516700 kB
Buffers:           51812 kB
Cached:           792244 kB
MemTotal:        1844596 kB
MemFree:          779832 kB
MemAvailable:    1516312 kB
Buffers:           51812 kB
Cached:           792248 kB
MemTotal:        1844596 kB
MemFree:          778572 kB
MemAvailable:    1515052 kB
Buffers:           51812 kB
Cached:           792248 kB
MemTotal:        1844596 kB
MemFree:          779844 kB
MemAvailable:    1516324 kB
Buffers:           51812 kB
Cached:           792248 kB
MemTotal:        1844596 kB
MemFree:          779860 kB
MemAvailable:    1516340 kB
Buffers:           51812 kB
Cached:           792248 kB
MemTotal:        1844596 kB
MemFree:          779732 kB
MemAvailable:    1516212 kB
Buffers:           51812 kB
Cached:           792248 kB
MemTotal:        1844596 kB
MemFree:          780028 kB
MemAvailable:    1516508 kB
Buffers:           51812 kB
Cached:           792248 kB
MemTotal:        1844596 kB
MemFree:          779916 kB
MemAvailable:    1516396 kB
Buffers:           51812 kB
Cached:           792248 kB
MemTotal:        1844596 kB
MemFree:          778296 kB
MemAvailable:    1514776 kB
Buffers:           51812 kB
Cached:           792248 kB
MemTotal:        1844596 kB
MemFree:          779416 kB
MemAvailable:    1515896 kB
Buffers:           51812 kB
Cached:           792248 kB
MemTotal:        1844596 kB
MemFree:          779216 kB
MemAvailable:    1515696 kB
Buffers:           51812 kB
Cached:           792248 kB
MemTotal:        1844596 kB
MemFree:          777852 kB
MemAvailable:    1514332 kB
Buffers:           51812 kB
Cached:           792248 kB
MemTotal:        1844596 kB
MemFree:          777724 kB
MemAvailable:    1514204 kB
Buffers:           51812 kB
Cached:           792248 kB
MemTotal:        1844596 kB
MemFree:          777468 kB
MemAvailable:    1513948 kB
Buffers:           51812 kB
Cached:           792248 kB
MemTotal:        1844596 kB
MemFree:          778652 kB
MemAvailable:    1515132 kB
Buffers:           51812 kB
Cached:           792248 kB
MemTotal:        1844596 kB
MemFree:          778364 kB
MemAvailable:    1514844 kB
Buffers:           51812 kB
Cached:           792248 kB
MemTotal:        1844596 kB
MemFree:          778932 kB
MemAvailable:    1515412 kB
Buffers:           51812 kB
Cached:           792248 kB
MemTotal:        1844596 kB
MemFree:          778932 kB
MemAvailable:    1515412 kB
Buffers:           51812 kB
Cached:           792248 kB
MemTotal:        1844596 kB
MemFree:          777728 kB
MemAvailable:    1514208 kB
Buffers:           51812 kB
Cached:           792248 kB
MemTotal:        1844596 kB
MemFree:          777620 kB
MemAvailable:    1514100 kB
Buffers:           51812 kB
Cached:           792248 kB
MemTotal:        1844596 kB
MemFree:          778844 kB
MemAvailable:    1515324 kB
Buffers:           51812 kB
Cached:           792248 kB
MemTotal:        1844596 kB
MemFree:          776248 kB
MemAvailable:    1512728 kB
Buffers:           51812 kB
Cached:           792248 kB
MemTotal:        1844596 kB
MemFree:          774388 kB
MemAvailable:    1510868 kB
Buffers:           51812 kB
Cached:           792248 kB
MemTotal:        1844596 kB
MemFree:          774032 kB
MemAvailable:    1510512 kB
Buffers:           51812 kB
Cached:           792248 kB
MemTotal:        1844596 kB
MemFree:          770916 kB
MemAvailable:    1507396 kB
Buffers:           51812 kB
Cached:           792248 kB
MemTotal:        1844596 kB
MemFree:          770304 kB
MemAvailable:    1506784 kB
Buffers:           51812 kB
Cached:           792248 kB
MemTotal:        1844596 kB
MemFree:          771172 kB
MemAvailable:    1507652 kB
Buffers:           51812 kB
Cached:           792248 kB
MemTotal:        1844596 kB
MemFree:          769932 kB
MemAvailable:    1506412 kB
Buffers:           51812 kB
Cached:           792248 kB
MemTotal:        1844596 kB
MemFree:          770784 kB
MemAvailable:    1507264 kB
Buffers:           51812 kB
Cached:           792248 kB
MemTotal:        1844596 kB
MemFree:          770552 kB
MemAvailable:    1507032 kB
Buffers:           51812 kB
Cached:           792248 kB
MemTotal:        1844596 kB
MemFree:          770912 kB
MemAvailable:    1507392 kB
Buffers:           51812 kB
Cached:           792248 kB
MemTotal:        1844596 kB
MemFree:          769624 kB
MemAvailable:    1506104 kB
Buffers:           51812 kB
Cached:           792248 kB
MemTotal:        1844596 kB
MemFree:          770860 kB
MemAvailable:    1507340 kB
Buffers:           51812 kB
Cached:           792248 kB
MemTotal:        1844596 kB
MemFree:          769656 kB
MemAvailable:    1506136 kB
Buffers:           51812 kB
Cached:           792248 kB
MemTotal:        1844596 kB
MemFree:          771160 kB
MemAvailable:    1507640 kB
Buffers:           51812 kB
Cached:           792248 kB
MemTotal:        1844596 kB
MemFree:          771104 kB
MemAvailable:    1507584 kB
Buffers:           51812 kB
Cached:           792248 kB
MemTotal:        1844596 kB
MemFree:          770792 kB
MemAvailable:    1507272 kB
Buffers:           51812 kB
Cached:           792248 kB
MemTotal:        1844596 kB
MemFree:          771128 kB
MemAvailable:    1507608 kB
Buffers:           51812 kB
Cached:           792248 kB
MemTotal:        1844596 kB
MemFree:          769676 kB
MemAvailable:    1506156 kB
Buffers:           51812 kB
Cached:           792248 kB
MemTotal:        1844596 kB
MemFree:          769924 kB
MemAvailable:    1506404 kB
Buffers:           51812 kB
Cached:           792248 kB
MemTotal:        1844596 kB
MemFree:          770752 kB
MemAvailable:    1507232 kB
Buffers:           51812 kB
Cached:           792248 kB
MemTotal:        1844596 kB
MemFree:          769180 kB
MemAvailable:    1505660 kB
Buffers:           51812 kB
Cached:           792248 kB
MemTotal:        1844596 kB
MemFree:          769876 kB
MemAvailable:    1506356 kB
Buffers:           51812 kB
Cached:           792248 kB
MemTotal:        1844596 kB
MemFree:          769876 kB
MemAvailable:    1506356 kB
Buffers:           51812 kB
Cached:           792248 kB
MemTotal:        1844596 kB
MemFree:          769404 kB
MemAvailable:    1505884 kB
Buffers:           51812 kB
Cached:           792248 kB
MemTotal:        1844596 kB
MemFree:          768668 kB
MemAvailable:    1505148 kB
Buffers:           51812 kB
Cached:           792248 kB
MemTotal:        1844596 kB
MemFree:          767868 kB
MemAvailable:    1504348 kB
Buffers:           51812 kB
Cached:           792248 kB
MemTotal:        1844596 kB
MemFree:          767924 kB
MemAvailable:    1504404 kB
Buffers:           51812 kB
Cached:           792248 kB
MemTotal:        1844596 kB
MemFree:          767816 kB
MemAvailable:    1504296 kB
Buffers:           51812 kB
Cached:           792248 kB
MemTotal:        1844596 kB
MemFree:          768052 kB
MemAvailable:    1504532 kB
Buffers:           51812 kB
Cached:           792248 kB
MemTotal:        1844596 kB
MemFree:          767552 kB
MemAvailable:    1504032 kB
Buffers:           51812 kB
Cached:           792248 kB
MemTotal:        1844596 kB
MemFree:          766576 kB
MemAvailable:    1503056 kB
Buffers:           51812 kB
Cached:           792248 kB
MemTotal:        1844596 kB
MemFree:          767140 kB
MemAvailable:    1503620 kB
Buffers:           51812 kB
Cached:           792248 kB
MemTotal:        1844596 kB
MemFree:          766024 kB
MemAvailable:    1502504 kB
Buffers:           51812 kB
Cached:           792248 kB
MemTotal:        1844596 kB
MemFree:          766148 kB
MemAvailable:    1502628 kB
Buffers:           51812 kB
Cached:           792248 kB
MemTotal:        1844596 kB
MemFree:          767448 kB
MemAvailable:    1503928 kB
Buffers:           51812 kB
Cached:           792248 kB
MemTotal:        1844596 kB
MemFree:          767056 kB
MemAvailable:    1503536 kB
Buffers:           51812 kB
Cached:           792248 kB
MemTotal:        1844596 kB
MemFree:          766452 kB
MemAvailable:    1502932 kB
Buffers:           51812 kB
Cached:           792248 kB
MemTotal:        1844596 kB
MemFree:          765892 kB
MemAvailable:    1502372 kB
Buffers:           51812 kB
Cached:           792248 kB
MemTotal:        1844596 kB
MemFree:          765892 kB
MemAvailable:    1502372 kB
Buffers:           51812 kB
Cached:           792248 kB
MemTotal:        1844596 kB
MemFree:          765892 kB
MemAvailable:    1502372 kB
Buffers:           51812 kB
Cached:           792248 kB
MemTotal:        1844596 kB
MemFree:          765688 kB
MemAvailable:    1502168 kB
Buffers:           51812 kB
Cached:           792248 kB
MemTotal:        1844596 kB
MemFree:          765320 kB
MemAvailable:    1501800 kB
Buffers:           51812 kB
Cached:           792248 kB
MemTotal:        1844596 kB
MemFree:          766428 kB
MemAvailable:    1502908 kB
Buffers:           51812 kB
Cached:           792248 kB
MemTotal:        1844596 kB
MemFree:          766512 kB
MemAvailable:    1502992 kB
Buffers:           51812 kB
Cached:           792248 kB
MemTotal:        1844596 kB
MemFree:          761792 kB
MemAvailable:    1498272 kB
Buffers:           51812 kB
Cached:           792248 kB
MemTotal:        1844596 kB
MemFree:          760492 kB
MemAvailable:    1496972 kB
Buffers:           51812 kB
Cached:           792248 kB
MemTotal:        1844596 kB
MemFree:          761404 kB
MemAvailable:    1497884 kB
Buffers:           51812 kB
Cached:           792248 kB
MemTotal:        1844596 kB
MemFree:          760188 kB
MemAvailable:    1496668 kB
Buffers:           51812 kB
Cached:           792248 kB
MemTotal:        1844596 kB
MemFree:          760252 kB
MemAvailable:    1496732 kB
Buffers:           51812 kB
Cached:           792248 kB
MemTotal:        1844596 kB
MemFree:          761116 kB
MemAvailable:    1497596 kB
Buffers:           51812 kB
Cached:           792248 kB
MemTotal:        1844596 kB
MemFree:          760004 kB
MemAvailable:    1496496 kB
Buffers:           51812 kB
Cached:           792260 kB
MemTotal:        1844596 kB
MemFree:          760120 kB
MemAvailable:    1496612 kB
Buffers:           51812 kB
Cached:           792260 kB
MemTotal:        1844596 kB
MemFree:          761236 kB
MemAvailable:    1497728 kB
Buffers:           51812 kB
Cached:           792260 kB
MemTotal:        1844596 kB
MemFree:          760880 kB
MemAvailable:    1497372 kB
Buffers:           51812 kB
Cached:           792260 kB
MemTotal:        1844596 kB
MemFree:          760864 kB
MemAvailable:    1497356 kB
Buffers:           51812 kB
Cached:           792260 kB
MemTotal:        1844596 kB
MemFree:          760948 kB
MemAvailable:    1497440 kB
Buffers:           51812 kB
Cached:           792260 kB
MemTotal:        1844596 kB
MemFree:          758756 kB
MemAvailable:    1495248 kB
Buffers:           51812 kB
Cached:           792260 kB
MemTotal:        1844596 kB
MemFree:          756904 kB
MemAvailable:    1493396 kB
Buffers:           51812 kB
Cached:           792260 kB
MemTotal:        1844596 kB
MemFree:          757948 kB
MemAvailable:    1494440 kB
Buffers:           51812 kB
Cached:           792260 kB
MemTotal:        1844596 kB
MemFree:          756724 kB
MemAvailable:    1493216 kB
Buffers:           51812 kB
Cached:           792260 kB
MemTotal:        1844596 kB
MemFree:          756512 kB
MemAvailable:    1493004 kB
Buffers:           51812 kB
Cached:           792260 kB
MemTotal:        1844596 kB
MemFree:          757952 kB
MemAvailable:    1494444 kB
Buffers:           51812 kB
Cached:           792260 kB
MemTotal:        1844596 kB
MemFree:          756624 kB
MemAvailable:    1493116 kB
Buffers:           51812 kB
Cached:           792260 kB
MemTotal:        1844596 kB
MemFree:          756624 kB
MemAvailable:    1493116 kB
Buffers:           51812 kB
Cached:           792260 kB
MemTotal:        1844596 kB
MemFree:          759900 kB
MemAvailable:    1496392 kB
Buffers:           51812 kB
Cached:           792260 kB
MemTotal:        1844596 kB
MemFree:          759708 kB
MemAvailable:    1496284 kB
Buffers:           51812 kB
Cached:           792384 kB
MemTotal:        1844596 kB
MemFree:          759820 kB
MemAvailable:    1496396 kB
Buffers:           51812 kB
Cached:           792384 kB
MemTotal:        1844596 kB
MemFree:          759500 kB
MemAvailable:    1496328 kB
Buffers:           51812 kB
Cached:           792632 kB
MemTotal:        1844596 kB
MemFree:          759176 kB
MemAvailable:    1496088 kB
Buffers:           51812 kB
Cached:           792756 kB
MemTotal:        1844596 kB
MemFree:          759428 kB
MemAvailable:    1496340 kB
Buffers:           51812 kB
Cached:           792756 kB
MemTotal:        1844596 kB
MemFree:          758080 kB
MemAvailable:    1495076 kB
Buffers:           51812 kB
Cached:           792880 kB
MemTotal:        1844596 kB
MemFree:          758088 kB
MemAvailable:    1495084 kB
Buffers:           51812 kB
Cached:           792880 kB
MemTotal:        1844596 kB
MemFree:          759064 kB
MemAvailable:    1496144 kB
Buffers:           51812 kB
Cached:           792880 kB
MemTotal:        1844596 kB
MemFree:          759136 kB
MemAvailable:    1496216 kB
Buffers:           51812 kB
Cached:           792880 kB
MemTotal:        1844596 kB
MemFree:          757876 kB
MemAvailable:    1494956 kB
Buffers:           51812 kB
Cached:           792880 kB
MemTotal:        1844596 kB
MemFree:          757876 kB
MemAvailable:    1494956 kB
Buffers:           51812 kB
Cached:           792880 kB
MemTotal:        1844596 kB
MemFree:          759184 kB
MemAvailable:    1496264 kB
Buffers:           51812 kB
Cached:           792880 kB
MemTotal:        1844596 kB
MemFree:          757752 kB
MemAvailable:    1494832 kB
Buffers:           51812 kB
Cached:           792880 kB
MemTotal:        1844596 kB
MemFree:          759396 kB
MemAvailable:    1495888 kB
Buffers:           51812 kB
Cached:           792248 kB
MemTotal:        1844596 kB
MemFree:          759460 kB
MemAvailable:    1495932 kB
Buffers:           51812 kB
Cached:           792196 kB
MemTotal:        1844596 kB
MemFree:          828064 kB
MemAvailable:    1564560 kB
Buffers:           51820 kB
Cached:           792256 kB
