MemTotal:        1844596 kB
MemFree:          984940 kB
MemAvailable:    1562012 kB
Buffers:           30912 kB
Cached:           648408 kB
MemTotal:        1844596 kB
MemFree:          982396 kB
MemAvailable:    1559468 kB
Buffers:           30912 kB
Cached:           648408 kB
MemTotal:        1844596 kB
MemFree:          980476 kB
MemAvailable:    1557548 kB
Buffers:           30912 kB
Cached:           648408 kB
MemTotal:        1844596 kB
MemFree:          980972 kB
MemAvailable:    1558044 kB
Buffers:           30912 kB
Cached:           648408 kB
MemTotal:        1844596 kB
MemFree:          978112 kB
MemAvailable:    1555184 kB
Buffers:           30912 kB
Cached:           648408 kB
MemTotal:        1844596 kB
MemFree:          977492 kB
MemAvailable:    1554564 kB
Buffers:           30912 kB
Cached:           648408 kB
MemTotal:        1844596 kB
MemFree:          978120 kB
MemAvailable:    1555192 kB
Buffers:           30912 kB
Cached:           648408 kB
MemTotal:        1844596 kB
MemFree:          978048 kB
MemAvailable:    1555120 kB
Buffers:           30912 kB
Cached:           648408 kB
MemTotal:        1844596 kB
MemFree:          975888 kB
MemAvailable:    1552960 kB
Buffers:           30912 kB
Cached:           648408 kB
MemTotal:        1844596 kB
MemFree:          973152 kB
MemAvailable:    1550224 kB
Buffers:           30912 kB
Cached:           648408 kB
MemTotal:        1844596 kB
MemFree:          973152 kB
MemAvailable:    1550224 kB
Buffers:           30912 kB
Cached:           648408 kB
MemTotal:        1844596 kB
MemFree:          969556 kB
MemAvailable:    1546628 kB
Buffers:           30912 kB
Cached:           648408 kB
MemTotal:        1844596 kB
MemFree:          967868 kB
MemAvailable:    1544940 kB
Buffers:           30912 kB
Cached:           648408 kB
MemTotal:        1844596 kB
MemFree:          968204 kB
MemAvailable:    1545276 kB
Buffers:           30912 kB
Cached:           648408 kB
MemTotal:        1844596 kB
MemFree:          968260 kB
MemAvailable:    1545332 kB
Buffers:           30912 kB
Cached:           648408 kB
MemTotal:        1844596 kB
MemFree:          967456 kB
MemAvailable:    1544528 kB
Buffers:           30912 kB
Cached:           648408 kB
MemTotal:        1844596 kB
MemFree:          968132 kB
MemAvailable:    1545204 kB
Buffers:           30912 kB
Cached:           648408 kB
MemTotal:        1844596 kB
MemFree:          968332 kB
MemAvailable:    1545404 kB
Buffers:           30912 kB
Cached:           648408 kB
MemTotal:        1844596 kB
MemFree:          968052 kB
MemAvailable:    1545124 kB
Buffers:           30912 kB
Cached:           648408 kB
MemTotal:        1844596 kB
MemFree:          967796 kB
MemAvailable:    1544868 kB
Buffers:           30912 kB
Cached:           648408 kB
MemTotal:        1844596 kB
MemFree:          966704 kB
MemAvailable:    1543776 kB
Buffers:           30912 kB
Cached:           648408 kB
MemTotal:        1844596 kB
MemFree:          966704 kB
MemAvailable:    1543776 kB
Buffers:           30912 kB
Cached:           648408 kB
MemTotal:        1844596 kB
MemFree:          966252 kB
MemAvailable:    1543324 kB
Buffers:           30912 kB
Cached:           648408 kB
MemTotal:        1844596 kB
MemFree:          964984 kB
MemAvailable:    1542056 kB
Buffers:           30912 kB
Cached:           648408 kB
MemTotal:        1844596 kB
MemFree:          964976 kB
MemAvailable:    1542048 kB
Buffers:           30912 kB
Cached:           648408 kB
MemTotal:        1844596 kB
MemFree:          965704 kB
MemAvailable:    1542776 kB
Buffers:           30912 kB
Cached:           648408 kB
MemTotal:        1844596 kB
MemFree:          965704 kB
MemAvailable:    1542776 kB
Buffers:           30912 kB
Cached:           648408 kB
MemTotal:        1844596 kB
MemFree:          964592 kB
MemAvailable:    1541664 kB
Buffers:           30912 kB
Cached:           648408 kB
MemTotal:        1844596 kB
MemFree:          964852 kB
MemAvailable:    1541924 kB
Buffers:           30912 kB
Cached:           648408 kB
MemTotal:        1844596 kB
MemFree:          965960 kB
MemAvailable:    1543032 kB
Buffers:           30912 kB
Cached:           648408 kB
MemTotal:        1844596 kB
MemFree:          965960 kB
MemAvailable:    1543032 kB
Buffers:           30912 kB
Cached:           648408 kB
MemTotal:        1844596 kB
MemFree:          965664 kB
MemAvailable:    1542736 kB
Buffers:           30912 kB
Cached:           648408 kB
MemTotal:        1844596 kB
MemFree:          964976 kB
MemAvailable:    1542048 kB
Buffers:           30912 kB
Cached:           648408 kB
MemTotal:        1844596 kB
MemFree:          966904 kB
MemAvailable:    1543976 kB
Buffers:           30912 kB
Cached:           648408 kB
MemTotal:        1844596 kB
MemFree:          967160 kB
MemAvailable:    1544232 kB
Buffers:           30912 kB
Cached:           648408 kB
MemTotal:        1844596 kB
MemFree:          965656 kB
MemAvailable:    1542728 kB
Buffers:           30912 kB
Cached:           648408 kB
MemTotal:        1844596 kB
MemFree:          965348 kB
MemAvailable:    1542420 kB
Buffers:           30912 kB
Cached:           648408 kB
MemTotal:        1844596 kB
MemFree:          963596 kB
MemAvailable:    1540668 kB
Buffers:           30912 kB
Cached:           648408 kB
MemTotal:        1844596 kB
MemFree:          963240 kB
MemAvailable:    1540312 kB
Buffers:           30912 kB
Cached:           648408 kB
MemTotal:        1844596 kB
MemFree:          963184 kB
MemAvailable:    1540256 kB
Buffers:           30912 kB
Cached:           648408 kB
MemTotal:        1844596 kB
MemFree:          961928 kB
MemAvailable:    1539000 kB
Buffers:           30912 kB
Cached:           648408 kB
MemTotal:        1844596 kB
MemFree:          962680 kB
MemAvailable:    1539752 kB
Buffers:           30912 kB
Cached:           648408 kB
MemTotal:        1844596 kB
MemFree:          961860 kB
MemAvailable:    1538932 kB
Buffers:           30912 kB
Cached:           648408 kB
MemTotal:        1844596 kB
MemFree:          961944 kB
MemAvailable:    1539016 kB
Buffers:           30912 kB
Cached:           648408 kB
MemTotal:        1844596 kB
MemFree:          961612 kB
MemAvailable:    1538684 kB
Buffers:           30912 kB
Cached:           648408 kB
MemTotal:        1844596 kB
MemFree:          960492 kB
MemAvailable:    1537564 kB
Buffers:           30912 kB
Cached:           648408 kB
MemTotal:        1844596 kB
MemFree:          960360 kB
MemAvailable:    1537432 kB
Buffers:           30912 kB
Cached:           648408 kB
MemTotal:        1844596 kB
MemFree:          961544 kB
MemAvailable:    1538616 kB
Buffers:           30912 kB
Cached:           648408 kB
MemTotal:        1844596 kB
MemFree:          961544 kB
MemAvailable:    1538616 kB
Buffers:           30912 kB
Cached:           648408 kB
MemTotal:        1844596 kB
MemFree:          961440 kB
MemAvailable:    1538512 kB
Buffers:           30912 kB
Cached:           648408 kB
MemTotal:        1844596 kB
MemFree:          961440 kB
MemAvailable:    1538512 kB
Buffers:           30912 kB
Cached:           648408 kB
MemTotal:        1844596 kB
MemFree:          960116 kB
MemAvailable:    1537188 kB
Buffers:           30912 kB
Cached:           648408 kB
MemTotal:        1844596 kB
MemFree:          959892 kB
MemAvailable:    1536964 kB
Buffers:           30912 kB
Cached:           648408 kB
MemTotal:        1844596 kB
MemFree:          959760 kB
MemAvailable:    1536832 kB
Buffers:           30912 kB
Cached:           648408 kB
MemTotal:        1844596 kB
MemFree:          959256 kB
MemAvailable:    1536328 kB
Buffers:           30924 kB
Cached:           648396 kB
MemTotal:        1844596 kB
MemFree:          959208 kB
MemAvailable:    1536280 kB
Buffers:           30924 kB
Cached:           648396 kB
MemTotal:        1844596 kB
MemFree:          959340 kB
MemAvailable:    1536412 kB
Buffers:           30924 kB
Cached:           648396 kB
MemTotal:        1844596 kB
MemFree:          959712 kB
MemAvailable:    1536784 kB
Buffers:           30924 kB
Cached:           648396 kB
MemTotal:        1844596 kB
MemFree:          959464 kB
MemAvailable:    1536536 kB
Buffers:           30924 kB
Cached:           648396 kB
MemTotal:        1844596 kB
MemFree:          960764 kB
MemAvailable:    1537836 kB
Buffers:           30924 kB
Cached:           648396 kB
MemTotal:        1844596 kB
MemFree:          960504 kB
MemAvailable:    1537576 kB
Buffers:           30924 kB
Cached:           648396 kB
MemTotal:        1844596 kB
MemFree:          959480 kB
MemAvailable:    1536552 kB
Buffers:           30924 kB
Cached:           648396 kB
MemTotal:        1844596 kB
MemFree:          960460 kB
MemAvailable:    1537532 kB
Buffers:           30924 kB
Cached:           648396 kB
MemTotal:        1844596 kB
MemFree:          960620 kB
MemAvailable:    1537692 kB
Buffers:           30924 kB
Cached:           648396 kB
MemTotal:        1844596 kB
MemFree:          960256 kB
MemAvailable:    1537328 kB
Buffers:           30924 kB
Cached:           648396 kB
MemTotal:        1844596 kB
MemFree:          960008 kB
MemAvailable:    1537080 kB
Buffers:           30924 kB
Cached:           648396 kB
MemTotal:        1844596 kB
MemFree:          959984 kB
MemAvailable:    1537056 kB
Buffers:           30924 kB
Cached:           648396 kB
MemTotal:        1844596 kB
MemFree:          960236 kB
MemAvailable:    1537308 kB
Buffers:           30924 kB
Cached:           648396 kB
MemTotal:        1844596 kB
MemFree:          959752 kB
MemAvailable:    1536824 kB
Buffers:           30924 kB
Cached:           648396 kB
MemTotal:        1844596 kB
MemFree:          959752 kB
MemAvailable:    1536824 kB
Buffers:           30924 kB
Cached:           648396 kB
MemTotal:        1844596 kB
MemFree:          959636 kB
MemAvailable:    1536708 kB
Buffers:           30924 kB
Cached:           648396 kB
MemTotal:        1844596 kB
MemFree:          958388 kB
MemAvailable:    1535460 kB
Buffers:           30924 kB
Cached:           648396 kB
MemTotal:        1844596 kB
MemFree:          959744 kB
MemAvailable:    1536840 kB
Buffers:           30924 kB
Cached:           648420 kB
MemTotal:        1844596 kB
MemFree:          959720 kB
MemAvailable:    1536816 kB
Buffers:           30924 kB
Cached:           648420 kB
MemTotal:        1844596 kB
MemFree:          959784 kB
MemAvailable:    1536880 kB
Buffers:           30924 kB
Cached:           648420 kB
MemTotal:        1844596 kB
MemFree:          958784 kB
MemAvailable:    1535880 kB
Buffers:           30924 kB
Cached:           648420 kB
MemTotal:        1844596 kB
MemFree:          959508 kB
MemAvailable:    1536604 kB
Buffers:           30924 kB
Cached:           648420 kB
MemTotal:        1844596 kB
MemFree:          959764 kB
MemAvailable:    1536860 kB
Buffers:           30924 kB
Cached:           648420 kB
MemTotal:        1844596 kB
MemFree:          959628 kB
MemAvailable:    1536724 kB
Buffers:           30924 kB
Cached:           648420 kB
MemTotal:        1844596 kB
MemFree:          959712 kB
MemAvailable:    1536808 kB
Buffers:           30924 kB
Cached:           648420 kB
MemTotal:        1844596 kB
MemFree:          959340 kB
MemAvailable:    1536436 kB
Buffers:           30924 kB
Cached:           648420 kB
MemTotal:        1844596 kB
MemFree:          957736 kB
MemAvailable:    1534832 kB
Buffers:           30924 kB
Cached:           648420 kB
MemTotal:        1844596 kB
MemFree:          956064 kB
MemAvailable:    1533160 kB
Buffers:           30924 kB
Cached:           648420 kB
MemTotal:        1844596 kB
MemFree:          953320 kB
MemAvailable:    1530416 kB
Buffers:           30924 kB
Cached:           648420 kB
MemTotal:        1844596 kB
MemFree:          953320 kB
MemAvailable:    1530416 kB
Buffers:           30924 kB
Cached:           648420 kB
MemTotal:        1844596 kB
MemFree:          952220 kB
MemAvailable:    1529316 kB
Buffers:           30924 kB
Cached:           648420 kB
MemTotal:        1844596 kB
MemFree:          952204 kB
MemAvailable:    1529300 kB
Buffers:           30924 kB
Cached:           648420 kB
MemTotal:        1844596 kB
MemFree:          951776 kB
MemAvailable:    1528872 kB
Buffers:           30924 kB
Cached:           648420 kB
MemTotal:        1844596 kB
MemFree:          950608 kB
MemAvailable:    1527704 kB
Buffers:           30924 kB
Cached:           648420 kB
MemTotal:        1844596 kB
MemFree:          951580 kB
MemAvailable:    1528676 kB
Buffers:           30924 kB
Cached:           648420 kB
MemTotal:        1844596 kB
MemFree:          951836 kB
MemAvailable:    1528932 kB
Buffers:           30924 kB
Cached:           648420 kB
MemTotal:        1844596 kB
MemFree:          950208 kB
MemAvailable:    1527304 kB
Buffers:           30924 kB
Cached:           648420 kB
MemTotal:        1844596 kB
MemFree:          950712 kB
MemAvailable:    1527808 kB
Buffers:           30924 kB
Cached:           648420 kB
MemTotal:        1844596 kB
MemFree:          950464 kB
MemAvailable:    1527560 kB
Buffers:           30924 kB
Cached:           648420 kB
MemTotal:        1844596 kB
MemFree:          950456 kB
MemAvailable:    1527552 kB
Buffers:           30924 kB
Cached:           648420 kB
MemTotal:        1844596 kB
MemFree:          951648 kB
MemAvailable:    1528744 kB
Buffers:           30924 kB
Cached:           648420 kB
MemTotal:        1844596 kB
MemFree:          951648 kB
MemAvailable:    1528744 kB
Buffers:           30924 kB
Cached:           648420 kB
MemTotal:        1844596 kB
MemFree:          951596 kB
MemAvailable:    1528692 kB
Buffers:           30924 kB
Cached:           648420 kB
MemTotal:        1844596 kB
MemFree:          950548 kB
MemAvailable:    1527644 kB
Buffers:           30924 kB
Cached:           648420 kB
MemTotal:        1844596 kB
MemFree:          951700 kB
MemAvailable:    1528796 kB
Buffers:           30924 kB
Cached:           648420 kB
MemTotal:        1844596 kB
MemFree:          951412 kB
MemAvailable:    1528508 kB
Buffers:           30924 kB
Cached:           648420 kB
MemTotal:        1844596 kB
MemFree:          949988 kB
MemAvailable:    1527084 kB
Buffers:           30924 kB
Cached:           648420 kB
MemTotal:        1844596 kB
MemFree:          950704 kB
MemAvailable:    1527800 kB
Buffers:           30924 kB
Cached:           648420 kB
MemTotal:        1844596 kB
MemFree:          950704 kB
MemAvailable:    1527800 kB
Buffers:           30924 kB
Cached:           648420 kB
MemTotal:        1844596 kB
MemFree:          949344 kB
MemAvailable:    1526440 kB
Buffers:           30924 kB
Cached:           648420 kB
MemTotal:        1844596 kB
MemFree:          950360 kB
MemAvailable:    1527456 kB
Buffers:           30924 kB
Cached:           648420 kB
MemTotal:        1844596 kB
MemFree:          949840 kB
MemAvailable:    1526936 kB
Buffers:           30924 kB
Cached:           648420 kB
MemTotal:        1844596 kB
MemFree:          949924 kB
MemAvailable:    1527020 kB
Buffers:           30924 kB
Cached:           648420 kB
MemTotal:        1844596 kB
MemFree:          948988 kB
MemAvailable:    1526084 kB
Buffers:           30924 kB
Cached:           648420 kB
MemTotal:        1844596 kB
MemFree:          948384 kB
MemAvailable:    1525480 kB
Buffers:           30924 kB
Cached:           648420 kB
MemTotal:        1844596 kB
MemFree:          948676 kB
MemAvailable:    1525772 kB
Buffers:           30924 kB
Cached:           648420 kB
MemTotal:        1844596 kB
MemFree:          948560 kB
MemAvailable:    1525656 kB
Buffers:           30924 kB
Cached:           648420 kB
MemTotal:        1844596 kB
MemFree:          948104 kB
MemAvailable:    1525200 kB
Buffers:           30924 kB
Cached:           648420 kB
MemTotal:        1844596 kB
MemFree:          948188 kB
MemAvailable:    1525284 kB
Buffers:           30924 kB
Cached:           648420 kB
MemTotal:        1844596 kB
MemFree:          948168 kB
MemAvailable:    1525264 kB
Buffers:           30924 kB
Cached:           648420 kB
MemTotal:        1844596 kB
MemFree:          947852 kB
MemAvailable:    1524948 kB
Buffers:           30924 kB
Cached:           648420 kB
MemTotal:        1844596 kB
MemFree:          947936 kB
MemAvailable:    1525032 kB
Buffers:           30924 kB
Cached:           648420 kB
MemTotal:        1844596 kB
MemFree:          946460 kB
MemAvailable:    1523556 kB
Buffers:           30924 kB
Cached:           648420 kB
MemTotal:        1844596 kB
MemFree:          947824 kB
MemAvailable:    1524920 kB
Buffers:           30924 kB
Cached:           648420 kB
MemTotal:        1844596 kB
MemFree:          947688 kB
MemAvailable:    1524784 kB
Buffers:           30924 kB
Cached:           648420 kB
MemTotal:        1844596 kB
MemFree:          947940 kB
MemAvailable:    1525036 kB
Buffers:           30924 kB
Cached:           648420 kB
MemTotal:        1844596 kB
MemFree:          947120 kB
MemAvailable:    1524216 kB
Buffers:           30924 kB
Cached:           648420 kB
MemTotal:        1844596 kB
MemFree:          946712 kB
MemAvailable:    1523808 kB
Buffers:           30924 kB
Cached:           648420 kB
MemTotal:        1844596 kB
MemFree:          948056 kB
MemAvailable:    1525160 kB
Buffers:           30924 kB
Cached:           648428 kB
MemTotal:        1844596 kB
MemFree:          948100 kB
MemAvailable:    1525204 kB
Buffers:           30924 kB
Cached:           648428 kB
MemTotal:        1844596 kB
MemFree:          947760 kB
MemAvailable:    1524864 kB
Buffers:           30924 kB
Cached:           648428 kB
MemTotal:        1844596 kB
MemFree:          947120 kB
MemAvailable:    1524224 kB
Buffers:           30924 kB
Cached:           648428 kB
MemTotal:        1844596 kB
MemFree:          947204 kB
MemAvailable:    1524308 kB
Buffers:           30924 kB
Cached:           648428 kB
MemTotal:        1844596 kB
MemFree:          945708 kB
MemAvailable:    1522812 kB
Buffers:           30924 kB
Cached:           648428 kB
MemTotal:        1844596 kB
MemFree:          941308 kB
MemAvailable:    1518412 kB
Buffers:           30924 kB
Cached:           648428 kB
MemTotal:        1844596 kB
MemFree:          942028 kB
MemAvailable:    1519132 kB
Buffers:           30924 kB
Cached:           648428 kB
MemTotal:        1844596 kB
MemFree:          942364 kB
MemAvailable:    1519468 kB
Buffers:           30924 kB
Cached:           648428 kB
MemTotal:        1844596 kB
MemFree:          942180 kB
MemAvailable:    1519284 kB
Buffers:           30924 kB
Cached:           648428 kB
MemTotal:        1844596 kB
MemFree:          942016 kB
MemAvailable:    1519120 kB
Buffers:           30924 kB
Cached:           648428 kB
MemTotal:        1844596 kB
MemFree:          941412 kB
MemAvailable:    1518516 kB
Buffers:           30924 kB
Cached:           648428 kB
MemTotal:        1844596 kB
MemFree:          940904 kB
MemAvailable:    1518008 kB
Buffers:           30924 kB
Cached:           648428 kB
MemTotal:        1844596 kB
MemFree:          940776 kB
MemAvailable:    1517880 kB
Buffers:           30924 kB
Cached:           648428 kB
MemTotal:        1844596 kB
MemFree:          941752 kB
MemAvailable:    1518856 kB
Buffers:           30924 kB
Cached:           648428 kB
MemTotal:        1844596 kB
MemFree:          941752 kB
MemAvailable:    1518856 kB
Buffers:           30924 kB
Cached:           648428 kB
MemTotal:        1844596 kB
MemFree:          941684 kB
MemAvailable:    1518788 kB
Buffers:           30924 kB
Cached:           648428 kB
MemTotal:        1844596 kB
MemFree:          941060 kB
MemAvailable:    1518164 kB
Buffers:           30924 kB
Cached:           648428 kB
MemTotal:        1844596 kB
MemFree:          940500 kB
MemAvailable:    1517604 kB
Buffers:           30924 kB
Cached:           648428 kB
MemTotal:        1844596 kB
MemFree:          941492 kB
MemAvailable:    1518596 kB
Buffers:           30924 kB
Cached:           648428 kB
MemTotal:        1844596 kB
MemFree:          941748 kB
MemAvailable:    1518852 kB
Buffers:           30924 kB
Cached:           648428 kB
MemTotal:        1844596 kB
MemFree:          940432 kB
MemAvailable:    1517536 kB
Buffers:           30924 kB
Cached:           648428 kB
MemTotal:        1844596 kB
MemFree:          940432 kB
MemAvailable:    1517536 kB
Buffers:           30924 kB
Cached:           648428 kB
MemTotal:        1844596 kB
MemFree:          938760 kB
MemAvailable:    1515864 kB
Buffers:           30924 kB
Cached:           648428 kB
MemTotal:        1844596 kB
MemFree:          937284 kB
MemAvailable:    1514388 kB
Buffers:           30924 kB
Cached:           648428 kB
MemTotal:        1844596 kB
MemFree:          938532 kB
MemAvailable:    1515636 kB
Buffers:           30924 kB
Cached:           648428 kB
MemTotal:        1844596 kB
MemFree:          937204 kB
MemAvailable:    1514308 kB
Buffers:           30924 kB
Cached:           648428 kB
MemTotal:        1844596 kB
MemFree:          937720 kB
MemAvailable:    1514824 kB
Buffers:           30924 kB
Cached:           648428 kB
MemTotal:        1844596 kB
MemFree:          938704 kB
MemAvailable:    1515808 kB
Buffers:           30924 kB
Cached:           648428 kB
MemTotal:        1844596 kB
MemFree:          937464 kB
MemAvailable:    1514568 kB
Buffers:           30924 kB
Cached:           648428 kB
MemTotal:        1844596 kB
MemFree:          939324 kB
MemAvailable:    1516432 kB
Buffers:           30924 kB
Cached:           648432 kB
MemTotal:        1844596 kB
MemFree:          940300 kB
MemAvailable:    1517408 kB
Buffers:           30924 kB
Cached:           648432 kB
MemTotal:        1844596 kB
MemFree:          940300 kB
MemAvailable:    1517408 kB
Buffers:           30924 kB
Cached:           648432 kB
MemTotal:        1844596 kB
MemFree:          940260 kB
MemAvailable:    1517536 kB
Buffers:           30924 kB
Cached:           648680 kB
MemTotal:        1844596 kB
MemFree:          938888 kB
MemAvailable:    1516248 kB
Buffers:           30924 kB
Cached:           648680 kB
MemTotal:        1844596 kB
MemFree:          939076 kB
MemAvailable:    1516520 kB
Buffers:           30924 kB
Cached:           648804 kB
MemTotal:        1844596 kB
MemFree:          939792 kB
MemAvailable:    1517404 kB
Buffers:           30924 kB
Cached:           649052 kB
MemTotal:        1844596 kB
MemFree:          939792 kB
MemAvailable:    1517404 kB
Buffers:           30924 kB
Cached:           649052 kB
MemTotal:        1844596 kB
MemFree:          939824 kB
MemAvailable:    1517436 kB
Buffers:           30924 kB
Cached:           649052 kB
MemTotal:        1844596 kB
MemFree:          938944 kB
MemAvailable:    1516556 kB
Buffers:           30924 kB
Cached:           649052 kB
MemTotal:        1844596 kB
MemFree:          939696 kB
MemAvailable:    1517308 kB
Buffers:           30924 kB
Cached:           649052 kB
MemTotal:        1844596 kB
MemFree:          939696 kB
MemAvailable:    1517392 kB
Buffers:           30924 kB
Cached:           649052 kB
MemTotal:        1844596 kB
MemFree:          939688 kB
MemAvailable:    1517384 kB
Buffers:           30924 kB
Cached:           649052 kB
MemTotal:        1844596 kB
MemFree:          939772 kB
MemAvailable:    1517468 kB
Buffers:           30924 kB
Cached:           649052 kB
MemTotal:        1844596 kB
MemFree:          939504 kB
MemAvailable:    1517200 kB
Buffers:           30924 kB
Cached:           649052 kB
MemTotal:        1844596 kB
MemFree:          939840 kB
MemAvailable:    1517536 kB
Buffers:           30924 kB
Cached:           649052 kB
MemTotal:        1844596 kB
MemFree:          939740 kB
MemAvailable:    1517520 kB
Buffers:           30924 kB
Cached:           649176 kB
MemTotal:        1844596 kB
MemFree:          939200 kB
MemAvailable:    1516308 kB
Buffers:           30924 kB
Cached:           648420 kB
MemTotal:        1844596 kB
MemFree:         1005212 kB
MemAvailable:    1582384 kB
Buffers:           30924 kB
Cached:           648448 kB
