MemTotal:        1844596 kB
MemFree:          668084 kB
MemAvailable:    1527096 kB
Buffers:           64244 kB
Cached:           892272 kB
MemTotal:        1844596 kB
MemFree:          666216 kB
MemAvailable:    1525228 kB
Buffers:           64244 kB
Cached:           892272 kB
MemTotal:        1844596 kB
MemFree:          664488 kB
MemAvailable:    1523500 kB
Buffers:           64244 kB
Cached:           892272 kB
MemTotal:        1844596 kB
MemFree:          663100 kB
MemAvailable:    1522112 kB
Buffers:           64244 kB
Cached:           892272 kB
MemTotal:        1844596 kB
MemFree:          663172 kB
MemAvailable:    1522184 kB
Buffers:           64244 kB
Cached:           892272 kB
MemTotal:        1844596 kB
MemFree:          662680 kB
MemAvailable:    1521692 kB
Buffers:           64244 kB
Cached:           892272 kB
MemTotal:        1844596 kB
MemFree:          660636 kB
MemAvailable:    1519648 kB
Buffers:           64244 kB
Cached:           892272 kB
MemTotal:        1844596 kB
MemFree:          657660 kB
MemAvailable:    1516672 kB
Buffers:           64244 kB
Cached:           892272 kB
MemTotal:        1844596 kB
MemFree:          657660 kB
MemAvailable:    1516672 kB
Buffers:           64244 kB
Cached:           892272 kB
MemTotal:        1844596 kB
MemFree:          654240 kB
MemAvailable:    1513252 kB
Buffers:           64244 kB
Cached:           892272 kB
MemTotal:        1844596 kB
MemFree:          653080 kB
MemAvailable:    1512092 kB
Buffers:           64244 kB
Cached:           892272 kB
MemTotal:        1844596 kB
MemFree:          654140 kB
MemAvailable:    1513152 kB
Buffers:           64244 kB
Cached:           892272 kB
MemTotal:        1844596 kB
MemFree:          654224 kB
MemAvailable:    1513236 kB
Buffers:           64244 kB
Cached:           892272 kB
MemTotal:        1844596 kB
MemFree:          654140 kB
MemAvailable:    1513152 kB
Buffers:           64244 kB
Cached:           892272 kB
MemTotal:        1844596 kB
MemFree:          654008 kB
MemAvailable:    1513020 kB
Buffers:           64244 kB
Cached:           892272 kB
MemTotal:        1844596 kB
MemFree:          653636 kB
MemAvailable:    1512648 kB
Buffers:           64244 kB
Cached:           892272 kB
MemTotal:        1844596 kB
MemFree:          653016 kB
MemAvailable:    1512028 kB
Buffers:           64244 kB
Cached:           892272 kB
MemTotal:        1844596 kB
MemFree:          651468 kB
MemAvailable:    1510480 kB
Buffers:           64244 kB
Cached:           892272 kB
MemTotal:        1844596 kB
MemFree:          651956 kB
MemAvailable:    1510968 kB
Buffers:           64244 kB
Cached:           892272 kB
MemTotal:        1844596 kB
MemFree:          652212 kB
MemAvailable:    1511224 kB
Buffers:           64244 kB
Cached:           892272 kB
MemTotal:        1844596 kB
MemFree:          650716 kB
MemAvailable:    1509728 kB
Buffers:           64244 kB
Cached:           892272 kB
MemTotal:        1844596 kB
MemFree:          651816 kB
MemAvailable:    1510828 kB
Buffers:           64244 kB
Cached:           892272 kB
MemTotal:        1844596 kB
MemFree:          651816 kB
MemAvailable:    1510828 kB
Buffers:           64244 kB
Cached:           892272 kB
MemTotal:        1844596 kB
MemFree:          651784 kB
MemAvailable:    1510796 kB
Buffers:           64244 kB
Cached:           892272 kB
MemTotal:        1844596 kB
MemFree:          651880 kB
MemAvailable:    1510892 kB
Buffers:           64244 kB
Cached:           892272 kB
MemTotal:        1844596 kB
MemFree:          651624 kB
MemAvailable:    1510636 kB
Buffers:           64244 kB
Cached:           892272 kB
MemTotal:        1844596 kB
MemFree:          651840 kB
MemAvailable:    1510852 kB
Buffers:           64244 kB
Cached:           892272 kB
MemTotal:        1844596 kB
MemFree:          651924 kB
MemAvailable:    1510936 kB
Buffers:           64244 kB
Cached:           892272 kB
MemTotal:        1844596 kB
MemFree:          651776 kB
MemAvailable:    1510788 kB
Buffers:           64244 kB
Cached:           892272 kB
MemTotal:        1844596 kB
MemFree:          648988 kB
MemAvailable:    1508000 kB
Buffers:           64244 kB
Cached:           892272 kB
MemTotal:        1844596 kB
MemFree:          649776 kB
MemAvailable:    1508788 kB
Buffers:           64244 kB
Cached:           892272 kB
MemTotal:        1844596 kB
MemFree:          648376 kB
MemAvailable:    1507388 kB
Buffers:           64244 kB
Cached:           892272 kB
MemTotal:        1844596 kB
MemFree:          648864 kB
MemAvailable:    1507880 kB
Buffers:           64244 kB
Cached:           892276 kB
MemTotal:        1844596 kB
MemFree:          647616 kB
MemAvailable:    1506632 kB
Buffers:           64244 kB
Cached:           892276 kB
MemTotal:        1844596 kB
MemFree:          648180 kB
MemAvailable:    1507196 kB
Buffers:           64244 kB
Cached:           892276 kB
MemTotal:        1844596 kB
MemFree:          647988 kB
MemAvailable:    1507004 kB
Buffers:           64244 kB
Cached:           892276 kB
MemTotal:        1844596 kB
MemFree:          646872 kB
MemAvailable:    1505888 kB
Buffers:           64244 kB
Cached:           892276 kB
MemTotal:        1844596 kB
MemFree:          646632 kB
MemAvailable:    1505648 kB
Buffers:           64244 kB
Cached:           892276 kB
MemTotal:        1844596 kB
MemFree:          647616 kB
MemAvailable:    1506632 kB
Buffers:           64244 kB
Cached:           892276 kB
MemTotal:        1844596 kB
MemFree:          647636 kB
MemAvailable:    1506652 kB
Buffers:           64244 kB
Cached:           892276 kB
MemTotal:        1844596 kB
MemFree:          646196 kB
MemAvailable:    1505212 kB
Buffers:           64244 kB
Cached:           892276 kB
MemTotal:        1844596 kB
MemFree:          646452 kB
MemAvailable:    1505468 kB
Buffers:           64244 kB
Cached:           892276 kB
MemTotal:        1844596 kB
MemFree:          645764 kB
MemAvailable:    1504780 kB
Buffers:           64244 kB
Cached:           892276 kB
MemTotal:        1844596 kB
MemFree:          646748 kB
MemAvailable:    1505764 kB
Buffers:           64244 kB
Cached:           892276 kB
MemTotal:        1844596 kB
MemFree:          645348 kB
MemAvailable:    1504364 kB
Buffers:           64244 kB
Cached:           892276 kB
MemTotal:        1844596 kB
MemFree:          645372 kB
MemAvailable:    1504388 kB
Buffers:           64244 kB
Cached:           892276 kB
MemTotal:        1844596 kB
MemFree:          646680 kB
MemAvailable:    1505696 kB
Buffers:           64244 kB
Cached:           892276 kB
MemTotal:        1844596 kB
MemFree:          646260 kB
MemAvailable:    1505276 kB
Buffers:           64244 kB
Cached:           892276 kB
MemTotal:        1844596 kB
MemFree:          646488 kB
MemAvailable:    1505504 kB
Buffers:           64244 kB
Cached:           892276 kB
MemTotal:        1844596 kB
MemFree:          646744 kB
MemAvailable:    1505760 kB
Buffers:           64244 kB
Cached:           892276 kB
MemTotal:        1844596 kB
MemFree:          645372 kB
MemAvailable:    1504388 kB
Buffers:           64244 kB
Cached:           892276 kB
MemTotal:        1844596 kB
MemFree:          645248 kB
MemAvailable:    1504264 kB
Buffers:           64244 kB
Cached:           892276 kB
MemTotal:        1844596 kB
MemFree:          645364 kB
MemAvailable:    1504380 kB
Buffers:           64244 kB
Cached:           892276 kB
MemTotal:        1844596 kB
MemFree:          645496 kB
MemAvailable:    1504512 kB
Buffers:           64244 kB
Cached:           892276 kB
MemTotal:        1844596 kB
MemFree:          645392 kB
MemAvailable:    1504408 kB
Buffers:           64244 kB
Cached:           892276 kB
MemTotal:        1844596 kB
MemFree:          646508 kB
MemAvailable:    1505524 kB
Buffers:           64244 kB
Cached:           892276 kB
MemTotal:        1844596 kB
MemFree:          645268 kB
MemAvailable:    1504284 kB
Buffers:           64244 kB
Cached:           892276 kB
MemTotal:        1844596 kB
MemFree:          645868 kB
MemAvailable:    1504884 kB
Buffers:           64244 kB
Cached:           892276 kB
MemTotal:        1844596 kB
MemFree:          646000 kB
MemAvailable:    1505016 kB
Buffers:           64244 kB
Cached:           892276 kB
MemTotal:        1844596 kB
MemFree:          645672 kB
MemAvailable:    1504688 kB
Buffers:           64244 kB
Cached:           892276 kB
MemTotal:        1844596 kB
MemFree:          645692 kB
MemAvailable:    1504708 kB
Buffers:           64244 kB
Cached:           892276 kB
MemTotal:        1844596 kB
MemFree:          645276 kB
MemAvailable:    1504292 kB
Buffers:           64244 kB
Cached:           892276 kB
MemTotal:        1844596 kB
MemFree:          645508 kB
MemAvailable:    1504524 kB
Buffers:           64244 kB
Cached:           892276 kB
MemTotal:        1844596 kB
MemFree:          644384 kB
MemAvailable:    1503400 kB
Buffers:           64244 kB
Cached:           892276 kB
MemTotal:        1844596 kB
MemFree:          644508 kB
MemAvailable:    1503524 kB
Buffers:           64244 kB
Cached:           892276 kB
MemTotal:        1844596 kB
MemFree:          644516 kB
MemAvailable:    1503532 kB
Buffers:           64244 kB
Cached:           892276 kB
MemTotal:        1844596 kB
MemFree:          645756 kB
MemAvailable:    1504772 kB
Buffers:           64244 kB
Cached:           892276 kB
MemTotal:        1844596 kB
MemFree:          644772 kB
MemAvailable:    1503788 kB
Buffers:           64244 kB
Cached:           892276 kB
MemTotal:        1844596 kB
MemFree:          643640 kB
MemAvailable:    1502664 kB
Buffers:           64244 kB
Cached:           892284 kB
MemTotal:        1844596 kB
MemFree:          643532 kB
MemAvailable:    1502556 kB
Buffers:           64244 kB
Cached:           892284 kB
MemTotal:        1844596 kB
MemFree:          641236 kB
MemAvailable:    1500260 kB
Buffers:           64244 kB
Cached:           892284 kB
MemTotal:        1844596 kB
MemFree:          638324 kB
MemAvailable:    1497348 kB
Buffers:           64244 kB
Cached:           892284 kB
MemTotal:        1844596 kB
MemFree:          636960 kB
MemAvailable:    1495984 kB
Buffers:           64244 kB
Cached:           892284 kB
MemTotal:        1844596 kB
MemFree:          636960 kB
MemAvailable:    1495984 kB
Buffers:           64244 kB
Cached:           892284 kB
MemTotal:        1844596 kB
MemFree:          637888 kB
MemAvailable:    1496912 kB
Buffers:           64244 kB
Cached:           892284 kB
MemTotal:        1844596 kB
MemFree:          636588 kB
MemAvailable:    1495612 kB
Buffers:           64244 kB
Cached:           892284 kB
MemTotal:        1844596 kB
MemFree:          638016 kB
MemAvailable:    1497040 kB
Buffers:           64244 kB
Cached:           892284 kB
MemTotal:        1844596 kB
MemFree:          637780 kB
MemAvailable:    1496804 kB
Buffers:           64244 kB
Cached:           892284 kB
MemTotal:        1844596 kB
MemFree:          636532 kB
MemAvailable:    1495556 kB
Buffers:           64244 kB
Cached:           892284 kB
MemTotal:        1844596 kB
MemFree:          636408 kB
MemAvailable:    1495432 kB
Buffers:           64244 kB
Cached:           892284 kB
MemTotal:        1844596 kB
MemFree:          636532 kB
MemAvailable:    1495556 kB
Buffers:           64244 kB
Cached:           892284 kB
MemTotal:        1844596 kB
MemFree:          637832 kB
MemAvailable:    1496856 kB
Buffers:           64244 kB
Cached:           892284 kB
MemTotal:        1844596 kB
MemFree:          637764 kB
MemAvailable:    1496788 kB
Buffers:           64244 kB
Cached:           892284 kB
MemTotal:        1844596 kB
MemFree:          637712 kB
MemAvailable:    1496736 kB
Buffers:           64244 kB
Cached:           892284 kB
MemTotal:        1844596 kB
MemFree:          637656 kB
MemAvailable:    1496680 kB
Buffers:           64244 kB
Cached:           892284 kB
MemTotal:        1844596 kB
MemFree:          636408 kB
MemAvailable:    1495432 kB
Buffers:           64244 kB
Cached:           892284 kB
MemTotal:        1844596 kB
MemFree:          637060 kB
MemAvailable:    1496084 kB
Buffers:           64244 kB
Cached:           892284 kB
MemTotal:        1844596 kB
MemFree:          636836 kB
MemAvailable:    1495860 kB
Buffers:           64244 kB
Cached:           892284 kB
MemTotal:        1844596 kB
MemFree:          636648 kB
MemAvailable:    1495672 kB
Buffers:           64244 kB
Cached:           892284 kB
MemTotal:        1844596 kB
MemFree:          636984 kB
MemAvailable:    1496008 kB
Buffers:           64244 kB
Cached:           892284 kB
MemTotal:        1844596 kB
MemFree:          636084 kB
MemAvailable:    1495108 kB
Buffers:           64244 kB
Cached:           892284 kB
MemTotal:        1844596 kB
MemFree:          636084 kB
MemAvailable:    1495108 kB
Buffers:           64244 kB
Cached:           892284 kB
MemTotal:        1844596 kB
MemFree:          634968 kB
MemAvailable:    1493992 kB
Buffers:           64244 kB
Cached:           892284 kB
MemTotal:        1844596 kB
MemFree:          635224 kB
MemAvailable:    1494248 kB
Buffers:           64244 kB
Cached:           892284 kB
MemTotal:        1844596 kB
MemFree:          634836 kB
MemAvailable:    1493860 kB
Buffers:           64244 kB
Cached:           892284 kB
MemTotal:        1844596 kB
MemFree:          635088 kB
MemAvailable:    1494112 kB
Buffers:           64244 kB
Cached:           892284 kB
MemTotal:        1844596 kB
MemFree:          634408 kB
MemAvailable:    1493432 kB
Buffers:           64244 kB
Cached:           892284 kB
MemTotal:        1844596 kB
MemFree:          633100 kB
MemAvailable:    1492124 kB
Buffers:           64244 kB
Cached:           892284 kB
MemTotal:        1844596 kB
MemFree:          634168 kB
MemAvailable:    1493192 kB
Buffers:           64244 kB
Cached:           892284 kB
MemTotal:        1844596 kB
MemFree:          632860 kB
MemAvailable:    1491884 kB
Buffers:           64244 kB
Cached:           892284 kB
MemTotal:        1844596 kB
MemFree:          633836 kB
MemAvailable:    1492860 kB
Buffers:           64244 kB
Cached:           892284 kB
MemTotal:        1844596 kB
MemFree:          633736 kB
MemAvailable:    1492760 kB
Buffers:           64244 kB
Cached:           892284 kB
MemTotal:        1844596 kB
MemFree:          632432 kB
MemAvailable:    1491456 kB
Buffers:           64244 kB
Cached:           892284 kB
MemTotal:        1844596 kB
MemFree:          633832 kB
MemAvailable:    1492856 kB
Buffers:           64244 kB
Cached:           892284 kB
MemTotal:        1844596 kB
MemFree:          634084 kB
MemAvailable:    1493108 kB
Buffers:           64244 kB
Cached:           892284 kB
MemTotal:        1844596 kB
MemFree:          633804 kB
MemAvailable:    1492828 kB
Buffers:           64244 kB
Cached:           892284 kB
MemTotal:        1844596 kB
MemFree:          633480 kB
MemAvailable:    1492504 kB
Buffers:           64244 kB
Cached:           892284 kB
MemTotal:        1844596 kB
MemFree:          633736 kB
MemAvailable:    1492760 kB
Buffers:           64244 kB
Cached:           892284 kB
MemTotal:        1844596 kB
MemFree:          629760 kB
MemAvailable:    1488784 kB
Buffers:           64244 kB
Cached:           892284 kB
MemTotal:        1844596 kB
MemFree:          629644 kB
MemAvailable:    1488668 kB
Buffers:           64244 kB
Cached:           892284 kB
MemTotal:        1844596 kB
MemFree:          628264 kB
MemAvailable:    1487288 kB
Buffers:           64244 kB
Cached:           892284 kB
MemTotal:        1844596 kB
MemFree:          628348 kB
MemAvailable:    1487372 kB
Buffers:           64244 kB
Cached:           892284 kB
MemTotal:        1844596 kB
MemFree:          628436 kB
MemAvailable:    1487460 kB
Buffers:           64244 kB
Cached:           892284 kB
MemTotal:        1844596 kB
MemFree:          626716 kB
MemAvailable:    1485740 kB
Buffers:           64244 kB
Cached:           892284 kB
MemTotal:        1844596 kB
MemFree:          626596 kB
MemAvailable:    1485620 kB
Buffers:           64244 kB
Cached:           892284 kB
MemTotal:        1844596 kB
MemFree:          626844 kB
MemAvailable:    1485868 kB
Buffers:           64244 kB
Cached:           892284 kB
MemTotal:        1844596 kB
MemFree:          627288 kB
MemAvailable:    1486312 kB
Buffers:           64244 kB
Cached:           892284 kB
MemTotal:        1844596 kB
MemFree:          627888 kB
MemAvailable:    1486912 kB
Buffers:           64244 kB
Cached:           892284 kB
MemTotal:        1844596 kB
MemFree:          627888 kB
MemAvailable:    1486912 kB
Buffers:           64244 kB
Cached:           892284 kB
MemTotal:        1844596 kB
MemFree:          627728 kB
MemAvailable:    1486752 kB
Buffers:           64244 kB
Cached:           892284 kB
MemTotal:        1844596 kB
MemFree:          627728 kB
MemAvailable:    1486752 kB
Buffers:           64244 kB
Cached:           892284 kB
MemTotal:        1844596 kB
MemFree:          625668 kB
MemAvailable:    1484692 kB
Buffers:           64244 kB
Cached:           892284 kB
MemTotal:        1844596 kB
MemFree:          625924 kB
MemAvailable:    1484948 kB
Buffers:           64244 kB
Cached:           892284 kB
MemTotal:        1844596 kB
MemFree:          623816 kB
MemAvailable:    1482840 kB
Buffers:           64244 kB
Cached:           892284 kB
MemTotal:        1844596 kB
MemFree:          624932 kB
MemAvailable:    1483956 kB
Buffers:           64244 kB
Cached:           892284 kB
MemTotal:        1844596 kB
MemFree:          624620 kB
MemAvailable:    1483644 kB
Buffers:           64244 kB
Cached:           892284 kB
MemTotal:        1844596 kB
MemFree:          624872 kB
MemAvailable:    1483896 kB
Buffers:           64244 kB
Cached:           892284 kB
MemTotal:        1844596 kB
MemFree:          624628 kB
MemAvailable:    1483652 kB
Buffers:           64244 kB
Cached:           892284 kB
MemTotal:        1844596 kB
MemFree:          624876 kB
MemAvailable:    1483900 kB
Buffers:           64244 kB
Cached:           892284 kB
MemTotal:        1844596 kB
MemFree:          626672 kB
MemAvailable:    1485696 kB
Buffers:           64248 kB
Cached:           892280 kB
MemTotal:        1844596 kB
MemFree:          625372 kB
MemAvailable:    1484480 kB
Buffers:           64248 kB
Cached:           892404 kB
MemTotal:        1844596 kB
MemFree:          626480 kB
MemAvailable:    1485756 kB
Buffers:           64248 kB
Cached:           892652 kB
MemTotal:        1844596 kB
MemFree:          626480 kB
MemAvailable:    1485840 kB
Buffers:           64248 kB
Cached:           892652 kB
MemTotal:        1844596 kB
MemFree:          626288 kB
MemAvailable:    1485732 kB
Buffers:           64248 kB
Cached:           892776 kB
MemTotal:        1844596 kB
MemFree:          624876 kB
MemAvailable:    1484404 kB
Buffers:           64248 kB
Cached:           892900 kB
MemTotal:        1844596 kB
MemFree:          626100 kB
MemAvailable:    1485712 kB
Buffers:           64248 kB
Cached:           892900 kB
MemTotal:        1844596 kB
MemFree:          626100 kB
MemAvailable:    1485712 kB
Buffers:           64248 kB
Cached:           892900 kB
MemTotal:        1844596 kB
MemFree:          624660 kB
MemAvailable:    1484272 kB
Buffers:           64248 kB
Cached:           892900 kB
MemTotal:        1844596 kB
MemFree:          624620 kB
MemAvailable:    1484232 kB
Buffers:           64248 kB
Cached:           892900 kB
MemTotal:        1844596 kB
MemFree:          626020 kB
MemAvailable:    1485632 kB
Buffers:           64248 kB
Cached:           892900 kB
MemTotal:        1844596 kB
MemFree:          625916 kB
MemAvailable:    1485528 kB
Buffers:           64248 kB
Cached:           892900 kB
MemTotal:        1844596 kB
MemFree:          624676 kB
MemAvailable:    1484288 kB
Buffers:           64248 kB
Cached:           892900 kB
MemTotal:        1844596 kB
MemFree:          625304 kB
MemAvailable:    1484916 kB
Buffers:           64248 kB
Cached:           892900 kB
MemTotal:        1844596 kB
MemFree:          625924 kB
MemAvailable:    1485672 kB
Buffers:           64248 kB
Cached:           893040 kB
MemTotal:        1844596 kB
MemFree:          649976 kB
MemAvailable:    1509052 kB
Buffers:           64248 kB
Cached:           892284 kB
MemTotal:        1844596 kB
MemFree:          690112 kB
MemAvailable:    1549188 kB
Buffers:           64248 kB
Cached:           892284 kB
