MemTotal:        1844596 kB
MemFree:          902620 kB
MemAvailable:    1549332 kB
Buffers:           41448 kB
Cached:           715388 kB
MemTotal:        1844596 kB
MemFree:          900024 kB
MemAvailable:    1546736 kB
Buffers:           41448 kB
Cached:           715388 kB
MemTotal:        1844596 kB
MemFree:          899156 kB
MemAvailable:    1545868 kB
Buffers:           41448 kB
Cached:           715388 kB
MemTotal:        1844596 kB
MemFree:          898476 kB
MemAvailable:    1545188 kB
Buffers:           41448 kB
Cached:           715388 kB
MemTotal:        1844596 kB
MemFree:          898560 kB
MemAvailable:    1545272 kB
Buffers:           41448 kB
Cached:           715388 kB
MemTotal:        1844596 kB
MemFree:          896868 kB
MemAvailable:    1543580 kB
Buffers:           41448 kB
Cached:           715388 kB
MemTotal:        1844596 kB
MemFree:          896800 kB
MemAvailable:    1543512 kB
Buffers:           41448 kB
Cached:           715388 kB
MemTotal:        1844596 kB
MemFree:          895240 kB
MemAvailable:    1541952 kB
Buffers:           41448 kB
Cached:           715388 kB
MemTotal:        1844596 kB
MemFree:          893388 kB
MemAvailable:    1540100 kB
Buffers:           41448 kB
Cached:           715388 kB
MemTotal:        1844596 kB
MemFree:          890476 kB
MemAvailable:    1537188 kB
Buffers:           41448 kB
Cached:           715388 kB
MemTotal:        1844596 kB
MemFree:          887932 kB
MemAvailable:    1534644 kB
Buffers:           41448 kB
Cached:           715388 kB
MemTotal:        1844596 kB
MemFree:          884732 kB
MemAvailable:    1531444 kB
Buffers:           41448 kB
Cached:           715388 kB
MemTotal:        1844596 kB
MemFree:          885944 kB
MemAvailable:    1532656 kB
Buffers:           41448 kB
Cached:           715388 kB
MemTotal:        1844596 kB
MemFree:          886920 kB
MemAvailable:    1533632 kB
Buffers:           41448 kB
Cached:           715388 kB
MemTotal:        1844596 kB
MemFree:          887172 kB
MemAvailable:    1533884 kB
Buffers:           41448 kB
Cached:           715388 kB
MemTotal:        1844596 kB
MemFree:          887116 kB
MemAvailable:    1533828 kB
Buffers:           41448 kB
Cached:           715388 kB
MemTotal:        1844596 kB
MemFree:          887044 kB
MemAvailable:    1533756 kB
Buffers:           41448 kB
Cached:           715388 kB
MemTotal:        1844596 kB
MemFree:          885612 kB
MemAvailable:    1532324 kB
Buffers:           41448 kB
Cached:           715388 kB
MemTotal:        1844596 kB
MemFree:          886444 kB
MemAvailable:    1533156 kB
Buffers:           41448 kB
Cached:           715388 kB
MemTotal:        1844596 kB
MemFree:          885136 kB
MemAvailable:    1531848 kB
Buffers:           41448 kB
Cached:           715388 kB
MemTotal:        1844596 kB
MemFree:          885392 kB
MemAvailable:    1532104 kB
Buffers:           41448 kB
Cached:           715388 kB
MemTotal:        1844596 kB
MemFree:          884868 kB
MemAvailable:    1531580 kB
Buffers:           41448 kB
Cached:           715388 kB
MemTotal:        1844596 kB
MemFree:          884460 kB
MemAvailable:    1531172 kB
Buffers:           41448 kB
Cached:           715388 kB
MemTotal:        1844596 kB
MemFree:          884152 kB
MemAvailable:    1530864 kB
Buffers:           41448 kB
Cached:           715388 kB
MemTotal:        1844596 kB
MemFree:          884496 kB
MemAvailable:    1531208 kB
Buffers:           41448 kB
Cached:           715388 kB
MemTotal:        1844596 kB
MemFree:          884400 kB
MemAvailable:    1531112 kB
Buffers:           41448 kB
Cached:           715388 kB
MemTotal:        1844596 kB
MemFree:          884468 kB
MemAvailable:    1531180 kB
Buffers:           41448 kB
Cached:           715388 kB
MemTotal:        1844596 kB
MemFree:          883220 kB
MemAvailable:    1529932 kB
Buffers:           41448 kB
Cached:           715388 kB
MemTotal:        1844596 kB
MemFree:          884592 kB
MemAvailable:    1531304 kB
Buffers:           41448 kB
Cached:           715388 kB
MemTotal:        1844596 kB
MemFree:          884904 kB
MemAvailable:    1531616 kB
Buffers:           41448 kB
Cached:           715388 kB
MemTotal:        1844596 kB
MemFree:          885888 kB
MemAvailable:    1532600 kB
Buffers:           41448 kB
Cached:           715388 kB
MemTotal:        1844596 kB
MemFree:          885924 kB
MemAvailable:    1532636 kB
Buffers:           41448 kB
Cached:           715388 kB
MemTotal:        1844596 kB
MemFree:          885924 kB
MemAvailable:    1532636 kB
Buffers:           41448 kB
Cached:           715388 kB
MemTotal:        1844596 kB
MemFree:          884824 kB
MemAvailable:    1531536 kB
Buffers:           41448 kB
Cached:           715388 kB
MemTotal:        1844596 kB
MemFree:          882788 kB
MemAvailable:    1529500 kB
Buffers:           41448 kB
Cached:           715388 kB
MemTotal:        1844596 kB
MemFree:          882284 kB
MemAvailable:    1528996 kB
Buffers:           41448 kB
Cached:           715388 kB
MemTotal:        1844596 kB
MemFree:          880664 kB
MemAvailable:    1527376 kB
Buffers:           41448 kB
Cached:           715388 kB
MemTotal:        1844596 kB
MemFree:          881548 kB
MemAvailable:    1528260 kB
Buffers:           41448 kB
Cached:           715388 kB
MemTotal:        1844596 kB
MemFree:          880176 kB
MemAvailable:    1526888 kB
Buffers:           41448 kB
Cached:           715388 kB
MemTotal:        1844596 kB
MemFree:          881244 kB
MemAvailable:    1527956 kB
Buffers:           41448 kB
Cached:           715388 kB
MemTotal:        1844596 kB
MemFree:          879316 kB
MemAvailable:    1526028 kB
Buffers:           41448 kB
Cached:           715388 kB
MemTotal:        1844596 kB
MemFree:          880724 kB
MemAvailable:    1527436 kB
Buffers:           41448 kB
Cached:           715388 kB
MemTotal:        1844596 kB
MemFree:          880608 kB
MemAvailable:    1527320 kB
Buffers:           41448 kB
Cached:           715388 kB
MemTotal:        1844596 kB
MemFree:          880548 kB
MemAvailable:    1527260 kB
Buffers:           41448 kB
Cached:           715388 kB
MemTotal:        1844596 kB
MemFree:          880480 kB
MemAvailable:    1527192 kB
Buffers:           41448 kB
Cached:           715388 kB
MemTotal:        1844596 kB
MemFree:          880308 kB
MemAvailable:    1527020 kB
Buffers:           41448 kB
Cached:           715388 kB
MemTotal:        1844596 kB
MemFree:          879292 kB
MemAvailable:    1526004 kB
Buffers:           41448 kB
Cached:           715388 kB
MemTotal:        1844596 kB
MemFree:          879168 kB
MemAvailable:    1525880 kB
Buffers:           41448 kB
Cached:           715388 kB
MemTotal:        1844596 kB
MemFree:          879672 kB
MemAvailable:    1526384 kB
Buffers:           41448 kB
Cached:           715388 kB
MemTotal:        1844596 kB
MemFree:          879756 kB
MemAvailable:    1526468 kB
Buffers:           41448 kB
Cached:           715388 kB
MemTotal:        1844596 kB
MemFree:          878192 kB
MemAvailable:    1524904 kB
Buffers:           41448 kB
Cached:           715388 kB
MemTotal:        1844596 kB
MemFree:          878152 kB
MemAvailable:    1524864 kB
Buffers:           41448 kB
Cached:           715388 kB
MemTotal:        1844596 kB
MemFree:          878264 kB
MemAvailable:    1524976 kB
Buffers:           41448 kB
Cached:           715388 kB
MemTotal:        1844596 kB
MemFree:          879228 kB
MemAvailable:    1525940 kB
Buffers:           41448 kB
Cached:           715388 kB
MemTotal:        1844596 kB
MemFree:          879564 kB
MemAvailable:    1526276 kB
Buffers:           41448 kB
Cached:           715388 kB
MemTotal:        1844596 kB
MemFree:          878068 kB
MemAvailable:    1524788 kB
Buffers:           41448 kB
Cached:           715396 kB
MemTotal:        1844596 kB
MemFree:          878200 kB
MemAvailable:    1524920 kB
Buffers:           41448 kB
Cached:           715396 kB
MemTotal:        1844596 kB
MemFree:          879880 kB
MemAvailable:    1526600 kB
Buffers:           41448 kB
Cached:           715396 kB
MemTotal:        1844596 kB
MemFree:          879548 kB
MemAvailable:    1526268 kB
Buffers:           41448 kB
Cached:           715396 kB
MemTotal:        1844596 kB
MemFree:          879840 kB
MemAvailable:    1526560 kB
Buffers:           41448 kB
Cached:           715396 kB
MemTotal:        1844596 kB
MemFree:          878408 kB
MemAvailable:    1525128 kB
Buffers:           41448 kB
Cached:           715396 kB
MemTotal:        1844596 kB
MemFree:          879232 kB
MemAvailable:    1525952 kB
Buffers:           41448 kB
Cached:           715396 kB
MemTotal:        1844596 kB
MemFree:          879020 kB
MemAvailable:    1525740 kB
Buffers:           41448 kB
Cached:           715396 kB
MemTotal:        1844596 kB
MemFree:          879104 kB
MemAvailable:    1525824 kB
Buffers:           41448 kB
Cached:           715396 kB
MemTotal:        1844596 kB
MemFree:          877740 kB
MemAvailable:    1524460 kB
Buffers:           41448 kB
Cached:           715396 kB
MemTotal:        1844596 kB
MemFree:          878628 kB
MemAvailable:    1525348 kB
Buffers:           41448 kB
Cached:           715396 kB
MemTotal:        1844596 kB
MemFree:          878628 kB
MemAvailable:    1525348 kB
Buffers:           41448 kB
Cached:           715396 kB
MemTotal:        1844596 kB
MemFree:          878396 kB
MemAvailable:    1525116 kB
Buffers:           41448 kB
Cached:           715396 kB
MemTotal:        1844596 kB
MemFree:          877344 kB
MemAvailable:    1524064 kB
Buffers:           41448 kB
Cached:           715396 kB
MemTotal:        1844596 kB
MemFree:          877176 kB
MemAvailable:    1523896 kB
Buffers:           41448 kB
Cached:           715396 kB
MemTotal:        1844596 kB
MemFree:          878276 kB
MemAvailable:    1524996 kB
Buffers:           41448 kB
Cached:           715396 kB
MemTotal:        1844596 kB
MemFree:          878360 kB
MemAvailable:    1525080 kB
Buffers:           41448 kB
Cached:           715396 kB
MemTotal:        1844596 kB
MemFree:          878468 kB
MemAvailable:    1525188 kB
Buffers:           41448 kB
Cached:           715396 kB
MemTotal:        1844596 kB
MemFree:          877300 kB
MemAvailable:    1524020 kB
Buffers:           41448 kB
Cached:           715396 kB
MemTotal:        1844596 kB
MemFree:          878468 kB
MemAvailable:    1525188 kB
Buffers:           41448 kB
Cached:           715396 kB
MemTotal:        1844596 kB
MemFree:          877300 kB
MemAvailable:    1524020 kB
Buffers:           41448 kB
Cached:           715396 kB
MemTotal:        1844596 kB
MemFree:          877252 kB
MemAvailable:    1523972 kB
Buffers:           41448 kB
Cached:           715396 kB
MemTotal:        1844596 kB
MemFree:          878428 kB
MemAvailable:    1525148 kB
Buffers:           41448 kB
Cached:           715396 kB
MemTotal:        1844596 kB
MemFree:          876912 kB
MemAvailable:    1523632 kB
Buffers:           41448 kB
Cached:           715396 kB
MemTotal:        1844596 kB
MemFree:          877124 kB
MemAvailable:    1523844 kB
Buffers:           41448 kB
Cached:           715396 kB
MemTotal:        1844596 kB
MemFree:          873944 kB
MemAvailable:    1520664 kB
Buffers:           41448 kB
Cached:           715396 kB
MemTotal:        1844596 kB
MemFree:          871720 kB
MemAvailable:    1518440 kB
Buffers:           41448 kB
Cached:           715396 kB
MemTotal:        1844596 kB
MemFree:          871184 kB
MemAvailable:    1517904 kB
Buffers:           41448 kB
Cached:           715396 kB
MemTotal:        1844596 kB
MemFree:          870464 kB
MemAvailable:    1517184 kB
Buffers:           41448 kB
Cached:           715396 kB
MemTotal:        1844596 kB
MemFree:          870800 kB
MemAvailable:    1517520 kB
Buffers:           41448 kB
Cached:           715396 kB
MemTotal:        1844596 kB
MemFree:          869224 kB
MemAvailable:    1515944 kB
Buffers:           41448 kB
Cached:           715396 kB
MemTotal:        1844596 kB
MemFree:          869356 kB
MemAvailable:    1516076 kB
Buffers:           41448 kB
Cached:           715396 kB
MemTotal:        1844596 kB
MemFree:          870216 kB
MemAvailable:    1516940 kB
Buffers:           41448 kB
Cached:           715400 kB
MemTotal:        1844596 kB
MemFree:          870552 kB
MemAvailable:    1517276 kB
Buffers:           41448 kB
Cached:           715400 kB
MemTotal:        1844596 kB
MemFree:          870340 kB
MemAvailable:    1517064 kB
Buffers:           41448 kB
Cached:           715400 kB
MemTotal:        1844596 kB
MemFree:          870676 kB
MemAvailable:    1517400 kB
Buffers:           41448 kB
Cached:           715400 kB
MemTotal:        1844596 kB
MemFree:          870432 kB
MemAvailable:    1517156 kB
Buffers:           41448 kB
Cached:           715400 kB
MemTotal:        1844596 kB
MemFree:          870360 kB
MemAvailable:    1517084 kB
Buffers:           41448 kB
Cached:           715400 kB
MemTotal:        1844596 kB
MemFree:          870360 kB
MemAvailable:    1517084 kB
Buffers:           41448 kB
Cached:           715400 kB
MemTotal:        1844596 kB
MemFree:          869584 kB
MemAvailable:    1516308 kB
Buffers:           41448 kB
Cached:           715400 kB
MemTotal:        1844596 kB
MemFree:          869092 kB
MemAvailable:    1515816 kB
Buffers:           41448 kB
Cached:           715400 kB
MemTotal:        1844596 kB
MemFree:          869036 kB
MemAvailable:    1515760 kB
Buffers:           41448 kB
Cached:           715400 kB
MemTotal:        1844596 kB
MemFree:          868916 kB
MemAvailable:    1515640 kB
Buffers:           41448 kB
Cached:           715400 kB
MemTotal:        1844596 kB
MemFree:          870280 kB
MemAvailable:    1517004 kB
Buffers:           41448 kB
Cached:           715400 kB
MemTotal:        1844596 kB
MemFree:          869820 kB
MemAvailable:    1516544 kB
Buffers:           41448 kB
Cached:           715400 kB
MemTotal:        1844596 kB
MemFree:          868612 kB
MemAvailable:    1515336 kB
Buffers:           41448 kB
Cached:           715400 kB
MemTotal:        1844596 kB
MemFree:          868496 kB
MemAvailable:    1515220 kB
Buffers:           41448 kB
Cached:           715400 kB
MemTotal:        1844596 kB
MemFree:          869176 kB
MemAvailable:    1515900 kB
Buffers:           41448 kB
Cached:           715400 kB
MemTotal:        1844596 kB
MemFree:          869052 kB
MemAvailable:    1515776 kB
Buffers:           41448 kB
Cached:           715400 kB
MemTotal:        1844596 kB
MemFree:          867576 kB
MemAvailable:    1514300 kB
Buffers:           41448 kB
Cached:           715400 kB
MemTotal:        1844596 kB
MemFree:          868048 kB
MemAvailable:    1514772 kB
Buffers:           41448 kB
Cached:           715400 kB
MemTotal:        1844596 kB
MemFree:          867060 kB
MemAvailable:    1513784 kB
Buffers:           41448 kB
Cached:           715400 kB
MemTotal:        1844596 kB
MemFree:          866496 kB
MemAvailable:    1513220 kB
Buffers:           41448 kB
Cached:           715400 kB
MemTotal:        1844596 kB
MemFree:          866208 kB
MemAvailable:    1512932 kB
Buffers:           41448 kB
Cached:           715400 kB
MemTotal:        1844596 kB
MemFree:          867132 kB
MemAvailable:    1513856 kB
Buffers:           41448 kB
Cached:           715400 kB
MemTotal:        1844596 kB
MemFree:          866960 kB
MemAvailable:    1513684 kB
Buffers:           41448 kB
Cached:           715400 kB
MemTotal:        1844596 kB
MemFree:          866764 kB
MemAvailable:    1513488 kB
Buffers:           41448 kB
Cached:           715400 kB
MemTotal:        1844596 kB
MemFree:          867052 kB
MemAvailable:    1513776 kB
Buffers:           41448 kB
Cached:           715400 kB
MemTotal:        1844596 kB
MemFree:          866796 kB
MemAvailable:    1513520 kB
Buffers:           41448 kB
Cached:           715400 kB
MemTotal:        1844596 kB
MemFree:          866664 kB
MemAvailable:    1513388 kB
Buffers:           41448 kB
Cached:           715400 kB
MemTotal:        1844596 kB
MemFree:          866492 kB
MemAvailable:    1513216 kB
Buffers:           41448 kB
Cached:           715400 kB
MemTotal:        1844596 kB
MemFree:          866600 kB
MemAvailable:    1513324 kB
Buffers:           41448 kB
Cached:           715400 kB
MemTotal:        1844596 kB
MemFree:          866372 kB
MemAvailable:    1513096 kB
Buffers:           41448 kB
Cached:           715400 kB
MemTotal:        1844596 kB
MemFree:          866540 kB
MemAvailable:    1513264 kB
Buffers:           41448 kB
Cached:           715400 kB
MemTotal:        1844596 kB
MemFree:          866720 kB
MemAvailable:    1513444 kB
Buffers:           41448 kB
Cached:           715400 kB
MemTotal:        1844596 kB
MemFree:          866596 kB
MemAvailable:    1513320 kB
Buffers:           41448 kB
Cached:           715400 kB
MemTotal:        1844596 kB
MemFree:          866696 kB
MemAvailable:    1513420 kB
Buffers:           41448 kB
Cached:           715400 kB
MemTotal:        1844596 kB
MemFree:          865760 kB
MemAvailable:    1512484 kB
Buffers:           41448 kB
Cached:           715400 kB
MemTotal:        1844596 kB
MemFree:          866124 kB
MemAvailable:    1512848 kB
Buffers:           41448 kB
Cached:           715400 kB
MemTotal:        1844596 kB
MemFree:          866264 kB
MemAvailable:    1512988 kB
Buffers:           41448 kB
Cached:           715400 kB
MemTotal:        1844596 kB
MemFree:          866008 kB
MemAvailable:    1512732 kB
Buffers:           41448 kB
Cached:           715400 kB
MemTotal:        1844596 kB
MemFree:          861164 kB
MemAvailable:    1507888 kB
Buffers:           41448 kB
Cached:           715400 kB
MemTotal:        1844596 kB
MemFree:          861056 kB
MemAvailable:    1507780 kB
Buffers:           41448 kB
Cached:           715400 kB
MemTotal:        1844596 kB
MemFree:          860868 kB
MemAvailable:    1507592 kB
Buffers:           41448 kB
Cached:           715400 kB
MemTotal:        1844596 kB
MemFree:          860052 kB
MemAvailable:    1506652 kB
Buffers:           41448 kB
Cached:           715400 kB
MemTotal:        1844596 kB
MemFree:          860768 kB
MemAvailable:    1507492 kB
Buffers:           41448 kB
Cached:           715400 kB
MemTotal:        1844596 kB
MemFree:          860852 kB
MemAvailable:    1507576 kB
Buffers:           41448 kB
Cached:           715400 kB
MemTotal:        1844596 kB
MemFree:          859608 kB
MemAvailable:    1506332 kB
Buffers:           41448 kB
Cached:           715400 kB
MemTotal:        1844596 kB
MemFree:          859616 kB
MemAvailable:    1506340 kB
Buffers:           41448 kB
Cached:           715400 kB
MemTotal:        1844596 kB
MemFree:          860980 kB
MemAvailable:    1507704 kB
Buffers:           41448 kB
Cached:           715400 kB
MemTotal:        1844596 kB
MemFree:          860868 kB
MemAvailable:    1507592 kB
Buffers:           41448 kB
Cached:           715400 kB
MemTotal:        1844596 kB
MemFree:          859320 kB
MemAvailable:    1506056 kB
Buffers:           41448 kB
Cached:           715408 kB
MemTotal:        1844596 kB
MemFree:          860196 kB
MemAvailable:    1506932 kB
Buffers:           41448 kB
Cached:           715408 kB
MemTotal:        1844596 kB
MemFree:          860416 kB
MemAvailable:    1507152 kB
Buffers:           41448 kB
Cached:           715408 kB
MemTotal:        1844596 kB
MemFree:          860432 kB
MemAvailable:    1507168 kB
Buffers:           41448 kB
Cached:           715408 kB
MemTotal:        1844596 kB
MemFree:          859048 kB
MemAvailable:    1505784 kB
Buffers:           41448 kB
Cached:           715408 kB
MemTotal:        1844596 kB
MemFree:          859948 kB
MemAvailable:    1506684 kB
Buffers:           41448 kB
Cached:           715408 kB
MemTotal:        1844596 kB
MemFree:          856848 kB
MemAvailable:    1503584 kB
Buffers:           41448 kB
Cached:           715408 kB
MemTotal:        1844596 kB
MemFree:          856848 kB
MemAvailable:    1503584 kB
Buffers:           41448 kB
Cached:           715408 kB
MemTotal:        1844596 kB
MemFree:          857768 kB
MemAvailable:    1504504 kB
Buffers:           41448 kB
Cached:           715408 kB
MemTotal:        1844596 kB
MemFree:          857512 kB
MemAvailable:    1504248 kB
Buffers:           41448 kB
Cached:           715408 kB
MemTotal:        1844596 kB
MemFree:          857636 kB
MemAvailable:    1504372 kB
Buffers:           41448 kB
Cached:           715408 kB
MemTotal:        1844596 kB
MemFree:          856204 kB
MemAvailable:    1502940 kB
Buffers:           41448 kB
Cached:           715408 kB
MemTotal:        1844596 kB
MemFree:          857304 kB
MemAvailable:    1504040 kB
Buffers:           41448 kB
Cached:           715408 kB
MemTotal:        1844596 kB
MemFree:          856288 kB
MemAvailable:    1503024 kB
Buffers:           41448 kB
Cached:           715408 kB
MemTotal:        1844596 kB
MemFree:          858160 kB
MemAvailable:    1504896 kB
Buffers:           41448 kB
Cached:           715408 kB
MemTotal:        1844596 kB
MemFree:          859468 kB
MemAvailable:    1506204 kB
Buffers:           41448 kB
Cached:           715532 kB
MemTotal:        1844596 kB
MemFree:          859304 kB
MemAvailable:    1506292 kB
Buffers:           41448 kB
Cached:           715656 kB
MemTotal:        1844596 kB
MemFree:          859304 kB
MemAvailable:    1506292 kB
Buffers:           41448 kB
Cached:           715656 kB
MemTotal:        1844596 kB
MemFree:          857684 kB
MemAvailable:    1504840 kB
Buffers:           41448 kB
Cached:           715780 kB
MemTotal:        1844596 kB
MemFree:          857564 kB
MemAvailable:    1504720 kB
Buffers:           41448 kB
Cached:           715780 kB
MemTotal:        1844596 kB
MemFree:          858664 kB
MemAvailable:    1505988 kB
Buffers:           41448 kB
Cached:           716028 kB
MemTotal:        1844596 kB
MemFree:          858664 kB
MemAvailable:    1505988 kB
Buffers:           41448 kB
Cached:           716028 kB
MemTotal:        1844596 kB
MemFree:          858680 kB
MemAvailable:    1506004 kB
Buffers:           41448 kB
Cached:           716028 kB
MemTotal:        1844596 kB
MemFree:          858536 kB
MemAvailable:    1505860 kB
Buffers:           41448 kB
Cached:           716028 kB
MemTotal:        1844596 kB
MemFree:          857636 kB
MemAvailable:    1504960 kB
Buffers:           41448 kB
Cached:           716028 kB
MemTotal:        1844596 kB
MemFree:          858692 kB
MemAvailable:    1506016 kB
Buffers:           41448 kB
Cached:           716028 kB
MemTotal:        1844596 kB
MemFree:          858904 kB
MemAvailable:    1506228 kB
Buffers:           41448 kB
Cached:           716028 kB
MemTotal:        1844596 kB
MemFree:          858820 kB
MemAvailable:    1506144 kB
Buffers:           41448 kB
Cached:           716028 kB
MemTotal:        1844596 kB
MemFree:          858616 kB
MemAvailable:    1505940 kB
Buffers:           41448 kB
Cached:           716028 kB
MemTotal:        1844596 kB
MemFree:          857448 kB
MemAvailable:    1504772 kB
Buffers:           41448 kB
Cached:           716028 kB
MemTotal:        1844596 kB
MemFree:          859196 kB
MemAvailable:    1505932 kB
Buffers:           41448 kB
Cached:           715480 kB
MemTotal:        1844596 kB
MemFree:          860896 kB
MemAvailable:    1507632 kB
Buffers:           41448 kB
Cached:           715480 kB
MemTotal:        1844596 kB
MemFree:          927592 kB
MemAvailable:    1574328 kB
Buffers:           41448 kB
Cached:           715480 kB
