MemTotal:        1844596 kB
MemFree:          612776 kB
MemAvailable:    1520772 kB
Buffers:           68716 kB
Cached:           931448 kB
MemTotal:        1844596 kB
MemFree:          612776 kB
MemAvailable:    1520772 kB
Buffers:           68716 kB
Cached:           931448 kB
MemTotal:        1844596 kB
MemFree:          612092 kB
MemAvailable:    1520092 kB
Buffers:           68716 kB
Cached:           931452 kB
MemTotal:        1844596 kB
MemFree:          610792 kB
MemAvailable:    1518792 kB
Buffers:           68716 kB
Cached:           931452 kB
MemTotal:        1844596 kB
MemFree:          610520 kB
MemAvailable:    1518524 kB
Buffers:           68716 kB
Cached:           931456 kB
MemTotal:        1844596 kB
MemFree:          610856 kB
MemAvailable:    1518860 kB
Buffers:           68716 kB
Cached:           931456 kB
MemTotal:        1844596 kB
MemFree:          607180 kB
MemAvailable:    1515184 kB
Buffers:           68716 kB
Cached:           931456 kB
MemTotal:        1844596 kB
MemFree:          606328 kB
MemAvailable:    1514332 kB
Buffers:           68716 kB
Cached:           931456 kB
MemTotal:        1844596 kB
MemFree:          604344 kB
MemAvailable:    1512348 kB
Buffers:           68716 kB
Cached:           931456 kB
MemTotal:        1844596 kB
MemFree:          599384 kB
MemAvailable:    1507388 kB
Buffers:           68716 kB
Cached:           931456 kB
MemTotal:        1844596 kB
MemFree:          600484 kB
MemAvailable:    1508488 kB
Buffers:           68716 kB
Cached:           931456 kB
MemTotal:        1844596 kB
MemFree:          600484 kB
MemAvailable:    1508488 kB
Buffers:           68716 kB
Cached:           931456 kB
MemTotal:        1844596 kB
MemFree:          599328 kB
MemAvailable:    1507332 kB
Buffers:           68716 kB
Cached:           931456 kB
MemTotal:        1844596 kB
MemFree:          600748 kB
MemAvailable:    1508752 kB
Buffers:           68716 kB
Cached:           931456 kB
MemTotal:        1844596 kB
MemFree:          600304 kB
MemAvailable:    1508308 kB
Buffers:           68716 kB
Cached:           931456 kB
MemTotal:        1844596 kB
MemFree:          600136 kB
MemAvailable:    1508140 kB
Buffers:           68716 kB
Cached:           931456 kB
MemTotal:        1844596 kB
MemFree:          599880 kB
MemAvailable:    1507884 kB
Buffers:           68716 kB
Cached:           931456 kB
MemTotal:        1844596 kB
MemFree:          598500 kB
MemAvailable:    1506504 kB
Buffers:           68716 kB
Cached:           931456 kB
MemTotal:        1844596 kB
MemFree:          598500 kB
MemAvailable:    1506504 kB
Buffers:           68716 kB
Cached:           931456 kB
MemTotal:        1844596 kB
MemFree:          598252 kB
MemAvailable:    1506256 kB
Buffers:           68716 kB
Cached:           931456 kB
MemTotal:        1844596 kB
MemFree:          597136 kB
MemAvailable:    1505140 kB
Buffers:           68716 kB
Cached:           931456 kB
MemTotal:        1844596 kB
MemFree:          597136 kB
MemAvailable:    1505140 kB
Buffers:           68716 kB
Cached:           931456 kB
MemTotal:        1844596 kB
MemFree:          598368 kB
MemAvailable:    1506372 kB
Buffers:           68716 kB
Cached:           931456 kB
MemTotal:        1844596 kB
MemFree:          597980 kB
MemAvailable:    1505984 kB
Buffers:           68716 kB
Cached:           931456 kB
MemTotal:        1844596 kB
MemFree:          598232 kB
MemAvailable:    1506236 kB
Buffers:           68716 kB
Cached:           931456 kB
MemTotal:        1844596 kB
MemFree:          598132 kB
MemAvailable:    1506136 kB
Buffers:           68716 kB
Cached:           931456 kB
MemTotal:        1844596 kB
MemFree:          598104 kB
MemAvailable:    1506108 kB
Buffers:           68716 kB
Cached:           931456 kB
MemTotal:        1844596 kB
MemFree:          599320 kB
MemAvailable:    1507324 kB
Buffers:           68716 kB
Cached:           931456 kB
MemTotal:        1844596 kB
MemFree:          598080 kB
MemAvailable:    1506084 kB
Buffers:           68716 kB
Cached:           931456 kB
MemTotal:        1844596 kB
MemFree:          595664 kB
MemAvailable:    1503668 kB
Buffers:           68716 kB
Cached:           931456 kB
MemTotal:        1844596 kB
MemFree:          595648 kB
MemAvailable:    1503652 kB
Buffers:           68716 kB
Cached:           931456 kB
MemTotal:        1844596 kB
MemFree:          595540 kB
MemAvailable:    1503544 kB
Buffers:           68716 kB
Cached:           931456 kB
MemTotal:        1844596 kB
MemFree:          593796 kB
MemAvailable:    1501800 kB
Buffers:           68716 kB
Cached:           931456 kB
MemTotal:        1844596 kB
MemFree:          595140 kB
MemAvailable:    1503144 kB
Buffers:           68716 kB
Cached:           931456 kB
MemTotal:        1844596 kB
MemFree:          593680 kB
MemAvailable:    1501684 kB
Buffers:           68716 kB
Cached:           931456 kB
MemTotal:        1844596 kB
MemFree:          594168 kB
MemAvailable:    1502172 kB
Buffers:           68716 kB
Cached:           931456 kB
MemTotal:        1844596 kB
MemFree:          594504 kB
MemAvailable:    1502508 kB
Buffers:           68716 kB
Cached:           931456 kB
MemTotal:        1844596 kB
MemFree:          594036 kB
MemAvailable:    1502040 kB
Buffers:           68716 kB
Cached:           931456 kB
MemTotal:        1844596 kB
MemFree:          593812 kB
MemAvailable:    1501816 kB
Buffers:           68716 kB
Cached:           931456 kB
MemTotal:        1844596 kB
MemFree:          593748 kB
MemAvailable:    1501752 kB
Buffers:           68716 kB
Cached:           931456 kB
MemTotal:        1844596 kB
MemFree:          594084 kB
MemAvailable:    1502088 kB
Buffers:           68716 kB
Cached:           931456 kB
MemTotal:        1844596 kB
MemFree:          593748 kB
MemAvailable:    1501752 kB
Buffers:           68716 kB
Cached:           931456 kB
MemTotal:        1844596 kB
MemFree:          592376 kB
MemAvailable:    1500380 kB
Buffers:           68716 kB
Cached:           931456 kB
MemTotal:        1844596 kB
MemFree:          592192 kB
MemAvailable:    1500196 kB
Buffers:           68716 kB
Cached:           931456 kB
MemTotal:        1844596 kB
MemFree:          592848 kB
MemAvailable:    1500852 kB
Buffers:           68716 kB
Cached:           931456 kB
MemTotal:        1844596 kB
MemFree:          592992 kB
MemAvailable:    1500996 kB
Buffers:           68716 kB
Cached:           931456 kB
MemTotal:        1844596 kB
MemFree:          591800 kB
MemAvailable:    1499804 kB
Buffers:           68716 kB
Cached:           931456 kB
MemTotal:        1844596 kB
MemFree:          592048 kB
MemAvailable:    1500052 kB
Buffers:           68716 kB
Cached:           931456 kB
MemTotal:        1844596 kB
MemFree:          593100 kB
MemAvailable:    1501104 kB
Buffers:           68716 kB
Cached:           931456 kB
MemTotal:        1844596 kB
MemFree:          591688 kB
MemAvailable:    1499692 kB
Buffers:           68716 kB
Cached:           931456 kB
MemTotal:        1844596 kB
MemFree:          591820 kB
MemAvailable:    1499824 kB
Buffers:           68716 kB
Cached:           931456 kB
MemTotal:        1844596 kB
MemFree:          593120 kB
MemAvailable:    1501124 kB
Buffers:           68716 kB
Cached:           931456 kB
MemTotal:        1844596 kB
MemFree:          593116 kB
MemAvailable:    1501120 kB
Buffers:           68716 kB
Cached:           931456 kB
MemTotal:        1844596 kB
MemFree:          591944 kB
MemAvailable:    1499948 kB
Buffers:           68716 kB
Cached:           931456 kB
MemTotal:        1844596 kB
MemFree:          592772 kB
MemAvailable:    1500776 kB
Buffers:           68716 kB
Cached:           931456 kB
MemTotal:        1844596 kB
MemFree:          591696 kB
MemAvailable:    1499700 kB
Buffers:           68716 kB
Cached:           931456 kB
MemTotal:        1844596 kB
MemFree:          592300 kB
MemAvailable:    1500304 kB
Buffers:           68716 kB
Cached:           931456 kB
MemTotal:        1844596 kB
MemFree:          591184 kB
MemAvailable:    1499188 kB
Buffers:           68716 kB
Cached:           931456 kB
MemTotal:        1844596 kB
MemFree:          592416 kB
MemAvailable:    1500420 kB
Buffers:           68716 kB
Cached:           931456 kB
MemTotal:        1844596 kB
MemFree:          591928 kB
MemAvailable:    1499932 kB
Buffers:           68716 kB
Cached:           931456 kB
MemTotal:        1844596 kB
MemFree:          591928 kB
MemAvailable:    1499932 kB
Buffers:           68716 kB
Cached:           931456 kB
MemTotal:        1844596 kB
MemFree:          591888 kB
MemAvailable:    1499892 kB
Buffers:           68716 kB
Cached:           931456 kB
MemTotal:        1844596 kB
MemFree:          592008 kB
MemAvailable:    1500012 kB
Buffers:           68716 kB
Cached:           931456 kB
MemTotal:        1844596 kB
MemFree:          591200 kB
MemAvailable:    1499204 kB
Buffers:           68716 kB
Cached:           931456 kB
MemTotal:        1844596 kB
MemFree:          591884 kB
MemAvailable:    1499888 kB
Buffers:           68716 kB
Cached:           931456 kB
MemTotal:        1844596 kB
MemFree:          592136 kB
MemAvailable:    1500140 kB
Buffers:           68716 kB
Cached:           931456 kB
MemTotal:        1844596 kB
MemFree:          591896 kB
MemAvailable:    1499900 kB
Buffers:           68716 kB
Cached:           931456 kB
MemTotal:        1844596 kB
MemFree:          590772 kB
MemAvailable:    1498776 kB
Buffers:           68716 kB
Cached:           931456 kB
MemTotal:        1844596 kB
MemFree:          589216 kB
MemAvailable:    1497220 kB
Buffers:           68716 kB
Cached:           931456 kB
MemTotal:        1844596 kB
MemFree:          587664 kB
MemAvailable:    1495668 kB
Buffers:           68716 kB
Cached:           931456 kB
MemTotal:        1844596 kB
MemFree:          586116 kB
MemAvailable:    1494120 kB
Buffers:           68716 kB
Cached:           931456 kB
MemTotal:        1844596 kB
MemFree:          584488 kB
MemAvailable:    1492492 kB
Buffers:           68716 kB
Cached:           931456 kB
MemTotal:        1844596 kB
MemFree:          584488 kB
MemAvailable:    1492492 kB
Buffers:           68716 kB
Cached:           931456 kB
MemTotal:        1844596 kB
MemFree:          582868 kB
MemAvailable:    1490872 kB
Buffers:           68716 kB
Cached:           931456 kB
MemTotal:        1844596 kB
MemFree:          584300 kB
MemAvailable:    1492304 kB
Buffers:           68716 kB
Cached:           931456 kB
MemTotal:        1844596 kB
MemFree:          583116 kB
MemAvailable:    1491120 kB
Buffers:           68716 kB
Cached:           931456 kB
MemTotal:        1844596 kB
MemFree:          584000 kB
MemAvailable:    1492012 kB
Buffers:           68716 kB
Cached:           931464 kB
MemTotal:        1844596 kB
MemFree:          583892 kB
MemAvailable:    1491904 kB
Buffers:           68716 kB
Cached:           931464 kB
MemTotal:        1844596 kB
MemFree:          583960 kB
MemAvailable:    1491972 kB
Buffers:           68716 kB
Cached:           931464 kB
MemTotal:        1844596 kB
MemFree:          583004 kB
MemAvailable:    1491016 kB
Buffers:           68716 kB
Cached:           931464 kB
MemTotal:        1844596 kB
MemFree:          582748 kB
MemAvailable:    1490760 kB
Buffers:           68716 kB
Cached:           931464 kB
MemTotal:        1844596 kB
MemFree:          582880 kB
MemAvailable:    1490892 kB
Buffers:           68716 kB
Cached:           931464 kB
MemTotal:        1844596 kB
MemFree:          582624 kB
MemAvailable:    1490636 kB
Buffers:           68716 kB
Cached:           931464 kB
MemTotal:        1844596 kB
MemFree:          583856 kB
MemAvailable:    1491868 kB
Buffers:           68716 kB
Cached:           931464 kB
MemTotal:        1844596 kB
MemFree:          583940 kB
MemAvailable:    1491952 kB
Buffers:           68716 kB
Cached:           931464 kB
MemTotal:        1844596 kB
MemFree:          583496 kB
MemAvailable:    1491508 kB
Buffers:           68716 kB
Cached:           931464 kB
MemTotal:        1844596 kB
MemFree:          583832 kB
MemAvailable:    1491844 kB
Buffers:           68716 kB
Cached:           931464 kB
MemTotal:        1844596 kB
MemFree:          582256 kB
MemAvailable:    1490268 kB
Buffers:           68716 kB
Cached:           931464 kB
MemTotal:        1844596 kB
MemFree:          581768 kB
MemAvailable:    1489780 kB
Buffers:           68716 kB
Cached:           931464 kB
MemTotal:        1844596 kB
MemFree:          582704 kB
MemAvailable:    1490716 kB
Buffers:           68716 kB
Cached:           931464 kB
MemTotal:        1844596 kB
MemFree:          582388 kB
MemAvailable:    1490400 kB
Buffers:           68716 kB
Cached:           931464 kB
MemTotal:        1844596 kB
MemFree:          582388 kB
MemAvailable:    1490400 kB
Buffers:           68716 kB
Cached:           931464 kB
MemTotal:        1844596 kB
MemFree:          581148 kB
MemAvailable:    1489160 kB
Buffers:           68716 kB
Cached:           931464 kB
MemTotal:        1844596 kB
MemFree:          581148 kB
MemAvailable:    1489160 kB
Buffers:           68716 kB
Cached:           931464 kB
MemTotal:        1844596 kB
MemFree:          581108 kB
MemAvailable:    1489120 kB
Buffers:           68716 kB
Cached:           931464 kB
MemTotal:        1844596 kB
MemFree:          580720 kB
MemAvailable:    1488732 kB
Buffers:           68716 kB
Cached:           931464 kB
MemTotal:        1844596 kB
MemFree:          579412 kB
MemAvailable:    1487424 kB
Buffers:           68716 kB
Cached:           931464 kB
MemTotal:        1844596 kB
MemFree:          580472 kB
MemAvailable:    1488484 kB
Buffers:           68716 kB
Cached:           931464 kB
MemTotal:        1844596 kB
MemFree:          579032 kB
MemAvailable:    1487044 kB
Buffers:           68716 kB
Cached:           931464 kB
MemTotal:        1844596 kB
MemFree:          579172 kB
MemAvailable:    1487184 kB
Buffers:           68716 kB
Cached:           931464 kB
MemTotal:        1844596 kB
MemFree:          580156 kB
MemAvailable:    1488168 kB
Buffers:           68716 kB
Cached:           931464 kB
MemTotal:        1844596 kB
MemFree:          580380 kB
MemAvailable:    1488392 kB
Buffers:           68716 kB
Cached:           931464 kB
MemTotal:        1844596 kB
MemFree:          579172 kB
MemAvailable:    1487184 kB
Buffers:           68716 kB
Cached:           931464 kB
MemTotal:        1844596 kB
MemFree:          580024 kB
MemAvailable:    1488036 kB
Buffers:           68716 kB
Cached:           931464 kB
MemTotal:        1844596 kB
MemFree:          580360 kB
MemAvailable:    1488372 kB
Buffers:           68716 kB
Cached:           931464 kB
MemTotal:        1844596 kB
MemFree:          579040 kB
MemAvailable:    1487052 kB
Buffers:           68716 kB
Cached:           931464 kB
MemTotal:        1844596 kB
MemFree:          579564 kB
MemAvailable:    1487576 kB
Buffers:           68716 kB
Cached:           931464 kB
MemTotal:        1844596 kB
MemFree:          579772 kB
MemAvailable:    1487784 kB
Buffers:           68716 kB
Cached:           931464 kB
MemTotal:        1844596 kB
MemFree:          579660 kB
MemAvailable:    1487672 kB
Buffers:           68716 kB
Cached:           931464 kB
MemTotal:        1844596 kB
MemFree:          574708 kB
MemAvailable:    1482720 kB
Buffers:           68716 kB
Cached:           931464 kB
MemTotal:        1844596 kB
MemFree:          573468 kB
MemAvailable:    1481480 kB
Buffers:           68716 kB
Cached:           931464 kB
MemTotal:        1844596 kB
MemFree:          574632 kB
MemAvailable:    1482644 kB
Buffers:           68716 kB
Cached:           931464 kB
MemTotal:        1844596 kB
MemFree:          574460 kB
MemAvailable:    1482472 kB
Buffers:           68716 kB
Cached:           931464 kB
MemTotal:        1844596 kB
MemFree:          573152 kB
MemAvailable:    1481164 kB
Buffers:           68716 kB
Cached:           931464 kB
MemTotal:        1844596 kB
MemFree:          574328 kB
MemAvailable:    1482340 kB
Buffers:           68716 kB
Cached:           931464 kB
MemTotal:        1844596 kB
MemFree:          574428 kB
MemAvailable:    1482440 kB
Buffers:           68716 kB
Cached:           931464 kB
MemTotal:        1844596 kB
MemFree:          574184 kB
MemAvailable:    1482196 kB
Buffers:           68716 kB
Cached:           931464 kB
MemTotal:        1844596 kB
MemFree:          574184 kB
MemAvailable:    1482196 kB
Buffers:           68716 kB
Cached:           931464 kB
MemTotal:        1844596 kB
MemFree:          574116 kB
MemAvailable:    1482128 kB
Buffers:           68716 kB
Cached:           931464 kB
MemTotal:        1844596 kB
MemFree:          573876 kB
MemAvailable:    1481888 kB
Buffers:           68716 kB
Cached:           931464 kB
MemTotal:        1844596 kB
MemFree:          573344 kB
MemAvailable:    1481356 kB
Buffers:           68716 kB
Cached:           931464 kB
MemTotal:        1844596 kB
MemFree:          573204 kB
MemAvailable:    1481216 kB
Buffers:           68716 kB
Cached:           931464 kB
MemTotal:        1844596 kB
MemFree:          573540 kB
MemAvailable:    1481552 kB
Buffers:           68716 kB
Cached:           931464 kB
MemTotal:        1844596 kB
MemFree:          571096 kB
MemAvailable:    1479108 kB
Buffers:           68716 kB
Cached:           931464 kB
MemTotal:        1844596 kB
MemFree:          571180 kB
MemAvailable:    1479192 kB
Buffers:           68716 kB
Cached:           931464 kB
MemTotal:        1844596 kB
MemFree:          570932 kB
MemAvailable:    1478944 kB
Buffers:           68716 kB
Cached:           931464 kB
MemTotal:        1844596 kB
MemFree:          569692 kB
MemAvailable:    1477704 kB
Buffers:           68716 kB
Cached:           931464 kB
MemTotal:        1844596 kB
MemFree:          569684 kB
MemAvailable:    1477696 kB
Buffers:           68716 kB
Cached:           931464 kB
MemTotal:        1844596 kB
MemFree:          569936 kB
MemAvailable:    1477948 kB
Buffers:           68716 kB
Cached:           931464 kB
MemTotal:        1844596 kB
MemFree:          572832 kB
MemAvailable:    1480844 kB
Buffers:           68728 kB
Cached:           931452 kB
MemTotal:        1844596 kB
MemFree:          573084 kB
MemAvailable:    1481096 kB
Buffers:           68728 kB
Cached:           931452 kB
MemTotal:        1844596 kB
MemFree:          572844 kB
MemAvailable:    1480940 kB
Buffers:           68728 kB
Cached:           931576 kB
MemTotal:        1844596 kB
MemFree:          571420 kB
MemAvailable:    1479600 kB
Buffers:           68728 kB
Cached:           931700 kB
MemTotal:        1844596 kB
MemFree:          572896 kB
MemAvailable:    1481160 kB
Buffers:           68728 kB
Cached:           931824 kB
MemTotal:        1844596 kB
MemFree:          572644 kB
MemAvailable:    1481160 kB
Buffers:           68728 kB
Cached:           931948 kB
MemTotal:        1844596 kB
MemFree:          572644 kB
MemAvailable:    1481160 kB
Buffers:           68728 kB
Cached:           931948 kB
MemTotal:        1844596 kB
MemFree:          572204 kB
MemAvailable:    1480804 kB
Buffers:           68728 kB
Cached:           932072 kB
MemTotal:        1844596 kB
MemFree:          572460 kB
MemAvailable:    1481060 kB
Buffers:           68728 kB
Cached:           932072 kB
MemTotal:        1844596 kB
MemFree:          570832 kB
MemAvailable:    1479432 kB
Buffers:           68728 kB
Cached:           932072 kB
MemTotal:        1844596 kB
MemFree:          571172 kB
MemAvailable:    1479772 kB
Buffers:           68728 kB
Cached:           932072 kB
MemTotal:        1844596 kB
MemFree:          570916 kB
MemAvailable:    1479516 kB
Buffers:           68728 kB
Cached:           932072 kB
MemTotal:        1844596 kB
MemFree:          572216 kB
MemAvailable:    1480816 kB
Buffers:           68728 kB
Cached:           932072 kB
MemTotal:        1844596 kB
MemFree:          572408 kB
MemAvailable:    1481008 kB
Buffers:           68728 kB
Cached:           932072 kB
MemTotal:        1844596 kB
MemFree:          572548 kB
MemAvailable:    1481148 kB
Buffers:           68728 kB
Cached:           932072 kB
MemTotal:        1844596 kB
MemFree:          571484 kB
MemAvailable:    1480168 kB
Buffers:           68728 kB
Cached:           932196 kB
MemTotal:        1844596 kB
MemFree:          571140 kB
MemAvailable:    1479152 kB
Buffers:           68728 kB
Cached:           931564 kB
MemTotal:        1844596 kB
MemFree:          641312 kB
MemAvailable:    1549324 kB
Buffers:           68728 kB
Cached:           931564 kB
