MemTotal:        1844596 kB
MemFree:          658968 kB
MemAvailable:    1525340 kB
Buffers:           64996 kB
Cached:           898268 kB
MemTotal:        1844596 kB
MemFree:          658720 kB
MemAvailable:    1525092 kB
Buffers:           64996 kB
Cached:           898268 kB
MemTotal:        1844596 kB
MemFree:          656736 kB
MemAvailable:    1523108 kB
Buffers:           64996 kB
Cached:           898268 kB
MemTotal:        1844596 kB
MemFree:          656596 kB
MemAvailable:    1522968 kB
Buffers:           64996 kB
Cached:           898268 kB
MemTotal:        1844596 kB
MemFree:          656364 kB
MemAvailable:    1522736 kB
Buffers:           64996 kB
Cached:           898268 kB
MemTotal:        1844596 kB
MemFree:          656284 kB
MemAvailable:    1522656 kB
Buffers:           64996 kB
Cached:           898268 kB
MemTotal:        1844596 kB
MemFree:          653200 kB
MemAvailable:    1519572 kB
Buffers:           64996 kB
Cached:           898268 kB
MemTotal:        1844596 kB
MemFree:          651032 kB
MemAvailable:    1517404 kB
Buffers:           64996 kB
Cached:           898268 kB
MemTotal:        1844596 kB
MemFree:          647612 kB
MemAvailable:    1513984 kB
Buffers:           64996 kB
Cached:           898268 kB
MemTotal:        1844596 kB
MemFree:          645264 kB
MemAvailable:    1511636 kB
Buffers:           64996 kB
Cached:           898268 kB
MemTotal:        1844596 kB
MemFree:          645260 kB
MemAvailable:    1511632 kB
Buffers:           64996 kB
Cached:           898268 kB
MemTotal:        1844596 kB
MemFree:          646812 kB
MemAvailable:    1513184 kB
Buffers:           64996 kB
Cached:           898268 kB
MemTotal:        1844596 kB
MemFree:          645700 kB
MemAvailable:    1512072 kB
Buffers:           64996 kB
Cached:           898268 kB
MemTotal:        1844596 kB
MemFree:          646388 kB
MemAvailable:    1512760 kB
Buffers:           64996 kB
Cached:           898268 kB
MemTotal:        1844596 kB
MemFree:          646204 kB
MemAvailable:    1512576 kB
Buffers:           64996 kB
Cached:           898268 kB
MemTotal:        1844596 kB
MemFree:          645188 kB
MemAvailable:    1511560 kB
Buffers:           64996 kB
Cached:           898268 kB
MemTotal:        1844596 kB
MemFree:          644460 kB
MemAvailable:    1510832 kB
Buffers:           64996 kB
Cached:           898268 kB
MemTotal:        1844596 kB
MemFree:          643344 kB
MemAvailable:    1509716 kB
Buffers:           64996 kB
Cached:           898268 kB
MemTotal:        1844596 kB
MemFree:          644336 kB
MemAvailable:    1510708 kB
Buffers:           64996 kB
Cached:           898268 kB
MemTotal:        1844596 kB
MemFree:          643220 kB
MemAvailable:    1509592 kB
Buffers:           64996 kB
Cached:           898268 kB
MemTotal:        1844596 kB
MemFree:          643784 kB
MemAvailable:    1510160 kB
Buffers:           64996 kB
Cached:           898268 kB
MemTotal:        1844596 kB
MemFree:          644120 kB
MemAvailable:    1510496 kB
Buffers:           64996 kB
Cached:           898268 kB
MemTotal:        1844596 kB
MemFree:          644044 kB
MemAvailable:    1510420 kB
Buffers:           64996 kB
Cached:           898268 kB
MemTotal:        1844596 kB
MemFree:          644140 kB
MemAvailable:    1510516 kB
Buffers:           64996 kB
Cached:           898268 kB
MemTotal:        1844596 kB
MemFree:          643768 kB
MemAvailable:    1510144 kB
Buffers:           64996 kB
Cached:           898268 kB
MemTotal:        1844596 kB
MemFree:          644104 kB
MemAvailable:    1510480 kB
Buffers:           64996 kB
Cached:           898268 kB
MemTotal:        1844596 kB
MemFree:          645276 kB
MemAvailable:    1511652 kB
Buffers:           64996 kB
Cached:           898268 kB
MemTotal:        1844596 kB
MemFree:          645204 kB
MemAvailable:    1511580 kB
Buffers:           64996 kB
Cached:           898268 kB
MemTotal:        1844596 kB
MemFree:          644460 kB
MemAvailable:    1510836 kB
Buffers:           64996 kB
Cached:           898268 kB
MemTotal:        1844596 kB
MemFree:          642660 kB
MemAvailable:    1509036 kB
Buffers:           64996 kB
Cached:           898268 kB
MemTotal:        1844596 kB
MemFree:          640740 kB
MemAvailable:    1507116 kB
Buffers:           64996 kB
Cached:           898268 kB
MemTotal:        1844596 kB
MemFree:          641412 kB
MemAvailable:    1507788 kB
Buffers:           64996 kB
Cached:           898268 kB
MemTotal:        1844596 kB
MemFree:          641112 kB
MemAvailable:    1507488 kB
Buffers:           64996 kB
Cached:           898268 kB
MemTotal:        1844596 kB
MemFree:          639748 kB
MemAvailable:    1506124 kB
Buffers:           64996 kB
Cached:           898268 kB
MemTotal:        1844596 kB
MemFree:          640948 kB
MemAvailable:    1507324 kB
Buffers:           64996 kB
Cached:           898268 kB
MemTotal:        1844596 kB
MemFree:          638996 kB
MemAvailable:    1505372 kB
Buffers:           64996 kB
Cached:           898268 kB
MemTotal:        1844596 kB
MemFree:          639740 kB
MemAvailable:    1506116 kB
Buffers:           64996 kB
Cached:           898268 kB
MemTotal:        1844596 kB
MemFree:          639996 kB
MemAvailable:    1506372 kB
Buffers:           64996 kB
Cached:           898268 kB
MemTotal:        1844596 kB
MemFree:          639732 kB
MemAvailable:    1506108 kB
Buffers:           64996 kB
Cached:           898268 kB
MemTotal:        1844596 kB
MemFree:          639984 kB
MemAvailable:    1506360 kB
Buffers:           64996 kB
Cached:           898268 kB
MemTotal:        1844596 kB
MemFree:          638444 kB
MemAvailable:    1504820 kB
Buffers:           64996 kB
Cached:           898268 kB
MemTotal:        1844596 kB
MemFree:          638576 kB
MemAvailable:    1504952 kB
Buffers:           64996 kB
Cached:           898268 kB
MemTotal:        1844596 kB
MemFree:          639684 kB
MemAvailable:    1506060 kB
Buffers:           64996 kB
Cached:           898268 kB
MemTotal:        1844596 kB
MemFree:          639120 kB
MemAvailable:    1505496 kB
Buffers:           64996 kB
Cached:           898268 kB
MemTotal:        1844596 kB
MemFree:          638640 kB
MemAvailable:    1505016 kB
Buffers:           64996 kB
Cached:           898268 kB
MemTotal:        1844596 kB
MemFree:          638792 kB
MemAvailable:    1505168 kB
Buffers:           64996 kB
Cached:           898268 kB
MemTotal:        1844596 kB
MemFree:          638760 kB
MemAvailable:    1505136 kB
Buffers:           64996 kB
Cached:           898268 kB
MemTotal:        1844596 kB
MemFree:          638852 kB
MemAvailable:    1505228 kB
Buffers:           64996 kB
Cached:           898268 kB
MemTotal:        1844596 kB
MemFree:          638632 kB
MemAvailable:    1505008 kB
Buffers:           64996 kB
Cached:           898268 kB
MemTotal:        1844596 kB
MemFree:          637492 kB
MemAvailable:    1503868 kB
Buffers:           64996 kB
Cached:           898268 kB
MemTotal:        1844596 kB
MemFree:          637624 kB
MemAvailable:    1504000 kB
Buffers:           64996 kB
Cached:           898268 kB
MemTotal:        1844596 kB
MemFree:          637700 kB
MemAvailable:    1504076 kB
Buffers:           64996 kB
Cached:           898268 kB
MemTotal:        1844596 kB
MemFree:          637576 kB
MemAvailable:    1503952 kB
Buffers:           64996 kB
Cached:           898268 kB
MemTotal:        1844596 kB
MemFree:          638816 kB
MemAvailable:    1505192 kB
Buffers:           64996 kB
Cached:           898268 kB
MemTotal:        1844596 kB
MemFree:          638588 kB
MemAvailable:    1504964 kB
Buffers:           64996 kB
Cached:           898268 kB
MemTotal:        1844596 kB
MemFree:          638924 kB
MemAvailable:    1505300 kB
Buffers:           64996 kB
Cached:           898268 kB
MemTotal:        1844596 kB
MemFree:          638752 kB
MemAvailable:    1505128 kB
Buffers:           64996 kB
Cached:           898268 kB
MemTotal:        1844596 kB
MemFree:          637384 kB
MemAvailable:    1503760 kB
Buffers:           64996 kB
Cached:           898268 kB
MemTotal:        1844596 kB
MemFree:          637384 kB
MemAvailable:    1503760 kB
Buffers:           64996 kB
Cached:           898268 kB
MemTotal:        1844596 kB
MemFree:          637144 kB
MemAvailable:    1503520 kB
Buffers:           64996 kB
Cached:           898268 kB
MemTotal:        1844596 kB
MemFree:          638120 kB
MemAvailable:    1504496 kB
Buffers:           64996 kB
Cached:           898268 kB
MemTotal:        1844596 kB
MemFree:          638120 kB
MemAvailable:    1504496 kB
Buffers:           64996 kB
Cached:           898268 kB
MemTotal:        1844596 kB
MemFree:          637832 kB
MemAvailable:    1504208 kB
Buffers:           64996 kB
Cached:           898268 kB
MemTotal:        1844596 kB
MemFree:          636712 kB
MemAvailable:    1503088 kB
Buffers:           64996 kB
Cached:           898268 kB
MemTotal:        1844596 kB
MemFree:          636704 kB
MemAvailable:    1503080 kB
Buffers:           64996 kB
Cached:           898268 kB
MemTotal:        1844596 kB
MemFree:          637940 kB
MemAvailable:    1504316 kB
Buffers:           64996 kB
Cached:           898268 kB
MemTotal:        1844596 kB
MemFree:          636628 kB
MemAvailable:    1503004 kB
Buffers:           64996 kB
Cached:           898268 kB
MemTotal:        1844596 kB
MemFree:          637928 kB
MemAvailable:    1504304 kB
Buffers:           64996 kB
Cached:           898268 kB
MemTotal:        1844596 kB
MemFree:          636276 kB
MemAvailable:    1502652 kB
Buffers:           64996 kB
Cached:           898268 kB
MemTotal:        1844596 kB
MemFree:          633656 kB
MemAvailable:    1500044 kB
Buffers:           64996 kB
Cached:           898280 kB
MemTotal:        1844596 kB
MemFree:          633548 kB
MemAvailable:    1499936 kB
Buffers:           64996 kB
Cached:           898280 kB
MemTotal:        1844596 kB
MemFree:          629820 kB
MemAvailable:    1496208 kB
Buffers:           64996 kB
Cached:           898280 kB
MemTotal:        1844596 kB
MemFree:          629696 kB
MemAvailable:    1496084 kB
Buffers:           64996 kB
Cached:           898280 kB
MemTotal:        1844596 kB
MemFree:          630192 kB
MemAvailable:    1496580 kB
Buffers:           64996 kB
Cached:           898280 kB
MemTotal:        1844596 kB
MemFree:          629580 kB
MemAvailable:    1495968 kB
Buffers:           64996 kB
Cached:           898280 kB
MemTotal:        1844596 kB
MemFree:          629884 kB
MemAvailable:    1496272 kB
Buffers:           64996 kB
Cached:           898280 kB
MemTotal:        1844596 kB
MemFree:          630136 kB
MemAvailable:    1496524 kB
Buffers:           64996 kB
Cached:           898280 kB
MemTotal:        1844596 kB
MemFree:          629992 kB
MemAvailable:    1496380 kB
Buffers:           64996 kB
Cached:           898280 kB
MemTotal:        1844596 kB
MemFree:          628816 kB
MemAvailable:    1495204 kB
Buffers:           64996 kB
Cached:           898280 kB
MemTotal:        1844596 kB
MemFree:          628692 kB
MemAvailable:    1495080 kB
Buffers:           64996 kB
Cached:           898280 kB
MemTotal:        1844596 kB
MemFree:          629876 kB
MemAvailable:    1496264 kB
Buffers:           64996 kB
Cached:           898280 kB
MemTotal:        1844596 kB
MemFree:          629876 kB
MemAvailable:    1496264 kB
Buffers:           64996 kB
Cached:           898280 kB
MemTotal:        1844596 kB
MemFree:          628824 kB
MemAvailable:    1495212 kB
Buffers:           64996 kB
Cached:           898280 kB
MemTotal:        1844596 kB
MemFree:          628560 kB
MemAvailable:    1494948 kB
Buffers:           64996 kB
Cached:           898280 kB
MemTotal:        1844596 kB
MemFree:          629896 kB
MemAvailable:    1496284 kB
Buffers:           64996 kB
Cached:           898280 kB
MemTotal:        1844596 kB
MemFree:          629896 kB
MemAvailable:    1496284 kB
Buffers:           64996 kB
Cached:           898280 kB
MemTotal:        1844596 kB
MemFree:          629316 kB
MemAvailable:    1495704 kB
Buffers:           64996 kB
Cached:           898280 kB
MemTotal:        1844596 kB
MemFree:          628960 kB
MemAvailable:    1495348 kB
Buffers:           64996 kB
Cached:           898280 kB
MemTotal:        1844596 kB
MemFree:          627780 kB
MemAvailable:    1494168 kB
Buffers:           64996 kB
Cached:           898280 kB
MemTotal:        1844596 kB
MemFree:          627844 kB
MemAvailable:    1494232 kB
Buffers:           64996 kB
Cached:           898280 kB
MemTotal:        1844596 kB
MemFree:          628712 kB
MemAvailable:    1495100 kB
Buffers:           64996 kB
Cached:           898280 kB
MemTotal:        1844596 kB
MemFree:          627960 kB
MemAvailable:    1494348 kB
Buffers:           64996 kB
Cached:           898280 kB
MemTotal:        1844596 kB
MemFree:          626904 kB
MemAvailable:    1493292 kB
Buffers:           64996 kB
Cached:           898280 kB
MemTotal:        1844596 kB
MemFree:          628080 kB
MemAvailable:    1494468 kB
Buffers:           64996 kB
Cached:           898280 kB
MemTotal:        1844596 kB
MemFree:          626108 kB
MemAvailable:    1492496 kB
Buffers:           64996 kB
Cached:           898280 kB
MemTotal:        1844596 kB
MemFree:          626232 kB
MemAvailable:    1492620 kB
Buffers:           64996 kB
Cached:           898280 kB
MemTotal:        1844596 kB
MemFree:          626340 kB
MemAvailable:    1492728 kB
Buffers:           64996 kB
Cached:           898280 kB
MemTotal:        1844596 kB
MemFree:          626356 kB
MemAvailable:    1492744 kB
Buffers:           64996 kB
Cached:           898280 kB
MemTotal:        1844596 kB
MemFree:          626204 kB
MemAvailable:    1492592 kB
Buffers:           64996 kB
Cached:           898280 kB
MemTotal:        1844596 kB
MemFree:          626540 kB
MemAvailable:    1492928 kB
Buffers:           64996 kB
Cached:           898280 kB
MemTotal:        1844596 kB
MemFree:          625212 kB
MemAvailable:    1491600 kB
Buffers:           64996 kB
Cached:           898280 kB
MemTotal:        1844596 kB
MemFree:          626336 kB
MemAvailable:    1492724 kB
Buffers:           64996 kB
Cached:           898280 kB
MemTotal:        1844596 kB
MemFree:          626140 kB
MemAvailable:    1492528 kB
Buffers:           64996 kB
Cached:           898280 kB
MemTotal:        1844596 kB
MemFree:          624700 kB
MemAvailable:    1491088 kB
Buffers:           64996 kB
Cached:           898280 kB
MemTotal:        1844596 kB
MemFree:          626176 kB
MemAvailable:    1492564 kB
Buffers:           64996 kB
Cached:           898280 kB
MemTotal:        1844596 kB
MemFree:          626024 kB
MemAvailable:    1492412 kB
Buffers:           64996 kB
Cached:           898280 kB
MemTotal:        1844596 kB
MemFree:          626116 kB
MemAvailable:    1492504 kB
Buffers:           64996 kB
Cached:           898280 kB
MemTotal:        1844596 kB
MemFree:          625736 kB
MemAvailable:    1492124 kB
Buffers:           64996 kB
Cached:           898280 kB
MemTotal:        1844596 kB
MemFree:          624364 kB
MemAvailable:    1490752 kB
Buffers:           64996 kB
Cached:           898280 kB
MemTotal:        1844596 kB
MemFree:          625364 kB
MemAvailable:    1491752 kB
Buffers:           64996 kB
Cached:           898280 kB
MemTotal:        1844596 kB
MemFree:          621768 kB
MemAvailable:    1488156 kB
Buffers:           64996 kB
Cached:           898280 kB
MemTotal:        1844596 kB
MemFree:          620636 kB
MemAvailable:    1487024 kB
Buffers:           64996 kB
Cached:           898280 kB
MemTotal:        1844596 kB
MemFree:          620828 kB
MemAvailable:    1487216 kB
Buffers:           64996 kB
Cached:           898280 kB
MemTotal:        1844596 kB
MemFree:          620580 kB
MemAvailable:    1486968 kB
Buffers:           64996 kB
Cached:           898280 kB
MemTotal:        1844596 kB
MemFree:          620124 kB
MemAvailable:    1486512 kB
Buffers:           64996 kB
Cached:           898280 kB
MemTotal:        1844596 kB
MemFree:          619852 kB
MemAvailable:    1486240 kB
Buffers:           64996 kB
Cached:           898280 kB
MemTotal:        1844596 kB
MemFree:          620212 kB
MemAvailable:    1486600 kB
Buffers:           64996 kB
Cached:           898280 kB
MemTotal:        1844596 kB
MemFree:          620212 kB
MemAvailable:    1486600 kB
Buffers:           64996 kB
Cached:           898280 kB
MemTotal:        1844596 kB
MemFree:          620204 kB
MemAvailable:    1486592 kB
Buffers:           64996 kB
Cached:           898280 kB
MemTotal:        1844596 kB
MemFree:          620204 kB
MemAvailable:    1486592 kB
Buffers:           64996 kB
Cached:           898280 kB
MemTotal:        1844596 kB
MemFree:          619972 kB
MemAvailable:    1486360 kB
Buffers:           64996 kB
Cached:           898280 kB
MemTotal:        1844596 kB
MemFree:          619404 kB
MemAvailable:    1485792 kB
Buffers:           64996 kB
Cached:           898280 kB
MemTotal:        1844596 kB
MemFree:          619404 kB
MemAvailable:    1485792 kB
Buffers:           64996 kB
Cached:           898280 kB
MemTotal:        1844596 kB
MemFree:          618028 kB
MemAvailable:    1484416 kB
Buffers:           64996 kB
Cached:           898280 kB
MemTotal:        1844596 kB
MemFree:          615940 kB
MemAvailable:    1482328 kB
Buffers:           64996 kB
Cached:           898280 kB
MemTotal:        1844596 kB
MemFree:          616912 kB
MemAvailable:    1483300 kB
Buffers:           64996 kB
Cached:           898280 kB
MemTotal:        1844596 kB
MemFree:          617048 kB
MemAvailable:    1483436 kB
Buffers:           64996 kB
Cached:           898280 kB
MemTotal:        1844596 kB
MemFree:          617160 kB
MemAvailable:    1483548 kB
Buffers:           64996 kB
Cached:           898280 kB
MemTotal:        1844596 kB
MemFree:          615676 kB
MemAvailable:    1482064 kB
Buffers:           64996 kB
Cached:           898280 kB
MemTotal:        1844596 kB
MemFree:          616008 kB
MemAvailable:    1482396 kB
Buffers:           64996 kB
Cached:           898280 kB
MemTotal:        1844596 kB
MemFree:          617536 kB
MemAvailable:    1483924 kB
Buffers:           64996 kB
Cached:           898280 kB
MemTotal:        1844596 kB
MemFree:          618828 kB
MemAvailable:    1485216 kB
Buffers:           64996 kB
Cached:           898280 kB
MemTotal:        1844596 kB
MemFree:          618744 kB
MemAvailable:    1485300 kB
Buffers:           64996 kB
Cached:           898404 kB
MemTotal:        1844596 kB
MemFree:          618744 kB
MemAvailable:    1485300 kB
Buffers:           64996 kB
Cached:           898404 kB
MemTotal:        1844596 kB
MemFree:          617244 kB
MemAvailable:    1483884 kB
Buffers:           64996 kB
Cached:           898652 kB
MemTotal:        1844596 kB
MemFree:          617500 kB
MemAvailable:    1484308 kB
Buffers:           64996 kB
Cached:           898652 kB
MemTotal:        1844596 kB
MemFree:          617368 kB
MemAvailable:    1484260 kB
Buffers:           64996 kB
Cached:           898900 kB
MemTotal:        1844596 kB
MemFree:          618344 kB
MemAvailable:    1485320 kB
Buffers:           64996 kB
Cached:           898900 kB
MemTotal:        1844596 kB
MemFree:          618428 kB
MemAvailable:    1485404 kB
Buffers:           64996 kB
Cached:           898900 kB
MemTotal:        1844596 kB
MemFree:          618124 kB
MemAvailable:    1485184 kB
Buffers:           64996 kB
Cached:           898900 kB
MemTotal:        1844596 kB
MemFree:          618032 kB
MemAvailable:    1485092 kB
Buffers:           64996 kB
Cached:           898900 kB
MemTotal:        1844596 kB
MemFree:          618200 kB
MemAvailable:    1485260 kB
Buffers:           64996 kB
Cached:           898900 kB
MemTotal:        1844596 kB
MemFree:          617968 kB
MemAvailable:    1485028 kB
Buffers:           64996 kB
Cached:           898900 kB
MemTotal:        1844596 kB
MemFree:          618304 kB
MemAvailable:    1485364 kB
Buffers:           64996 kB
Cached:           898900 kB
MemTotal:        1844596 kB
MemFree:          618304 kB
MemAvailable:    1485364 kB
Buffers:           64996 kB
Cached:           898900 kB
MemTotal:        1844596 kB
MemFree:          617156 kB
MemAvailable:    1483628 kB
Buffers:           64996 kB
Cached:           898268 kB
MemTotal:        1844596 kB
MemFree:          616988 kB
MemAvailable:    1483460 kB
Buffers:           64996 kB
Cached:           898268 kB
MemTotal:        1844596 kB
MemFree:          656236 kB
MemAvailable:    1522708 kB
Buffers:           64996 kB
Cached:           898268 kB
