MemTotal:        1844596 kB
MemFree:          642256 kB
MemAvailable:    1525088 kB
Buffers:           66440 kB
Cached:           911892 kB
MemTotal:        1844596 kB
MemFree:          642496 kB
MemAvailable:    1525328 kB
Buffers:           66440 kB
Cached:           911892 kB
MemTotal:        1844596 kB
MemFree:          640216 kB
MemAvailable:    1523048 kB
Buffers:           66440 kB
Cached:           911892 kB
MemTotal:        1844596 kB
MemFree:          639528 kB
MemAvailable:    1522360 kB
Buffers:           66440 kB
Cached:           911892 kB
MemTotal:        1844596 kB
MemFree:          638892 kB
MemAvailable:    1521724 kB
Buffers:           66440 kB
Cached:           911892 kB
MemTotal:        1844596 kB
MemFree:          639228 kB
MemAvailable:    1522060 kB
Buffers:           66440 kB
Cached:           911892 kB
MemTotal:        1844596 kB
MemFree:          635428 kB
MemAvailable:    1518260 kB
Buffers:           66440 kB
Cached:           911892 kB
MemTotal:        1844596 kB
MemFree:          635428 kB
MemAvailable:    1518260 kB
Buffers:           66440 kB
Cached:           911892 kB
MemTotal:        1844596 kB
MemFree:          631336 kB
MemAvailable:    1514168 kB
Buffers:           66440 kB
Cached:           911892 kB
MemTotal:        1844596 kB
MemFree:          628112 kB
MemAvailable:    1510944 kB
Buffers:           66440 kB
Cached:           911892 kB
MemTotal:        1844596 kB
MemFree:          628924 kB
MemAvailable:    1511756 kB
Buffers:           66440 kB
Cached:           911892 kB
MemTotal:        1844596 kB
MemFree:          628892 kB
MemAvailable:    1511724 kB
Buffers:           66440 kB
Cached:           911892 kB
MemTotal:        1844596 kB
MemFree:          629004 kB
MemAvailable:    1511836 kB
Buffers:           66440 kB
Cached:           911892 kB
MemTotal:        1844596 kB
MemFree:          627740 kB
MemAvailable:    1510572 kB
Buffers:           66440 kB
Cached:           911892 kB
MemTotal:        1844596 kB
MemFree:          628752 kB
MemAvailable:    1511584 kB
Buffers:           66440 kB
Cached:           911892 kB
MemTotal:        1844596 kB
MemFree:          628560 kB
MemAvailable:    1511392 kB
Buffers:           66440 kB
Cached:           911892 kB
MemTotal:        1844596 kB
MemFree:          627484 kB
MemAvailable:    1510316 kB
Buffers:           66440 kB
Cached:           911892 kB
MemTotal:        1844596 kB
MemFree:          627484 kB
MemAvailable:    1510316 kB
Buffers:           66440 kB
Cached:           911892 kB
MemTotal:        1844596 kB
MemFree:          625384 kB
MemAvailable:    1508216 kB
Buffers:           66440 kB
Cached:           911892 kB
MemTotal:        1844596 kB
MemFree:          626692 kB
MemAvailable:    1509524 kB
Buffers:           66440 kB
Cached:           911892 kB
MemTotal:        1844596 kB
MemFree:          626520 kB
MemAvailable:    1509352 kB
Buffers:           66440 kB
Cached:           911892 kB
MemTotal:        1844596 kB
MemFree:          626448 kB
MemAvailable:    1509280 kB
Buffers:           66440 kB
Cached:           911892 kB
MemTotal:        1844596 kB
MemFree:          626448 kB
MemAvailable:    1509280 kB
Buffers:           66440 kB
Cached:           911892 kB
MemTotal:        1844596 kB
MemFree:          625072 kB
MemAvailable:    1507904 kB
Buffers:           66440 kB
Cached:           911892 kB
MemTotal:        1844596 kB
MemFree:          626180 kB
MemAvailable:    1509012 kB
Buffers:           66440 kB
Cached:           911892 kB
MemTotal:        1844596 kB
MemFree:          626432 kB
MemAvailable:    1509264 kB
Buffers:           66440 kB
Cached:           911892 kB
MemTotal:        1844596 kB
MemFree:          627792 kB
MemAvailable:    1510624 kB
Buffers:           66440 kB
Cached:           911892 kB
MemTotal:        1844596 kB
MemFree:          627632 kB
MemAvailable:    1510464 kB
Buffers:           66440 kB
Cached:           911892 kB
MemTotal:        1844596 kB
MemFree:          626988 kB
MemAvailable:    1509820 kB
Buffers:           66440 kB
Cached:           911892 kB
MemTotal:        1844596 kB
MemFree:          627072 kB
MemAvailable:    1509904 kB
Buffers:           66440 kB
Cached:           911892 kB
MemTotal:        1844596 kB
MemFree:          624400 kB
MemAvailable:    1507232 kB
Buffers:           66440 kB
Cached:           911892 kB
MemTotal:        1844596 kB
MemFree:          623036 kB
MemAvailable:    1505868 kB
Buffers:           66440 kB
Cached:           911892 kB
MemTotal:        1844596 kB
MemFree:          622532 kB
MemAvailable:    1505364 kB
Buffers:           66440 kB
Cached:           911892 kB
MemTotal:        1844596 kB
MemFree:          623592 kB
MemAvailable:    1506424 kB
Buffers:           66440 kB
Cached:           911892 kB
MemTotal:        1844596 kB
MemFree:          623472 kB
MemAvailable:    1506304 kB
Buffers:           66440 kB
Cached:           911892 kB
MemTotal:        1844596 kB
MemFree:          622664 kB
MemAvailable:    1505500 kB
Buffers:           66440 kB
Cached:           911892 kB
MemTotal:        1844596 kB
MemFree:          621292 kB
MemAvailable:    1504128 kB
Buffers:           66440 kB
Cached:           911892 kB
MemTotal:        1844596 kB
MemFree:          622276 kB
MemAvailable:    1505112 kB
Buffers:           66440 kB
Cached:           911892 kB
MemTotal:        1844596 kB
MemFree:          621160 kB
MemAvailable:    1504004 kB
Buffers:           66440 kB
Cached:           911900 kB
MemTotal:        1844596 kB
MemFree:          620988 kB
MemAvailable:    1503832 kB
Buffers:           66440 kB
Cached:           911900 kB
MemTotal:        1844596 kB
MemFree:          622228 kB
MemAvailable:    1505072 kB
Buffers:           66440 kB
Cached:           911900 kB
MemTotal:        1844596 kB
MemFree:          622044 kB
MemAvailable:    1504888 kB
Buffers:           66440 kB
Cached:           911900 kB
MemTotal:        1844596 kB
MemFree:          621528 kB
MemAvailable:    1504372 kB
Buffers:           66440 kB
Cached:           911900 kB
MemTotal:        1844596 kB
MemFree:          621864 kB
MemAvailable:    1504708 kB
Buffers:           66440 kB
Cached:           911900 kB
MemTotal:        1844596 kB
MemFree:          621284 kB
MemAvailable:    1504128 kB
Buffers:           66440 kB
Cached:           911900 kB
MemTotal:        1844596 kB
MemFree:          619992 kB
MemAvailable:    1502836 kB
Buffers:           66440 kB
Cached:           911900 kB
MemTotal:        1844596 kB
MemFree:          621308 kB
MemAvailable:    1504152 kB
Buffers:           66440 kB
Cached:           911900 kB
MemTotal:        1844596 kB
MemFree:          619992 kB
MemAvailable:    1502836 kB
Buffers:           66440 kB
Cached:           911900 kB
MemTotal:        1844596 kB
MemFree:          620108 kB
MemAvailable:    1502952 kB
Buffers:           66440 kB
Cached:           911900 kB
MemTotal:        1844596 kB
MemFree:          620108 kB
MemAvailable:    1502952 kB
Buffers:           66440 kB
Cached:           911900 kB
MemTotal:        1844596 kB
MemFree:          621356 kB
MemAvailable:    1504200 kB
Buffers:           66440 kB
Cached:           911900 kB
MemTotal:        1844596 kB
MemFree:          620232 kB
MemAvailable:    1503076 kB
Buffers:           66440 kB
Cached:           911900 kB
MemTotal:        1844596 kB
MemFree:          620108 kB
MemAvailable:    1502952 kB
Buffers:           66440 kB
Cached:           911900 kB
MemTotal:        1844596 kB
MemFree:          620796 kB
MemAvailable:    1503640 kB
Buffers:           66440 kB
Cached:           911900 kB
MemTotal:        1844596 kB
MemFree:          621052 kB
MemAvailable:    1503896 kB
Buffers:           66440 kB
Cached:           911900 kB
MemTotal:        1844596 kB
MemFree:          620756 kB
MemAvailable:    1503600 kB
Buffers:           66440 kB
Cached:           911900 kB
MemTotal:        1844596 kB
MemFree:          620852 kB
MemAvailable:    1503696 kB
Buffers:           66440 kB
Cached:           911900 kB
MemTotal:        1844596 kB
MemFree:          619440 kB
MemAvailable:    1502284 kB
Buffers:           66440 kB
Cached:           911900 kB
MemTotal:        1844596 kB
MemFree:          620280 kB
MemAvailable:    1503124 kB
Buffers:           66440 kB
Cached:           911900 kB
MemTotal:        1844596 kB
MemFree:          620616 kB
MemAvailable:    1503460 kB
Buffers:           66440 kB
Cached:           911900 kB
MemTotal:        1844596 kB
MemFree:          619124 kB
MemAvailable:    1501968 kB
Buffers:           66440 kB
Cached:           911900 kB
MemTotal:        1844596 kB
MemFree:          620492 kB
MemAvailable:    1503336 kB
Buffers:           66440 kB
Cached:           911900 kB
MemTotal:        1844596 kB
MemFree:          619556 kB
MemAvailable:    1502400 kB
Buffers:           66440 kB
Cached:           911900 kB
MemTotal:        1844596 kB
MemFree:          620680 kB
MemAvailable:    1503528 kB
Buffers:           66440 kB
Cached:           911904 kB
MemTotal:        1844596 kB
MemFree:          619564 kB
MemAvailable:    1502412 kB
Buffers:           66440 kB
Cached:           911904 kB
MemTotal:        1844596 kB
MemFree:          620168 kB
MemAvailable:    1503016 kB
Buffers:           66440 kB
Cached:           911904 kB
MemTotal:        1844596 kB
MemFree:          620168 kB
MemAvailable:    1503016 kB
Buffers:           66440 kB
Cached:           911904 kB
MemTotal:        1844596 kB
MemFree:          619180 kB
MemAvailable:    1502028 kB
Buffers:           66440 kB
Cached:           911904 kB
MemTotal:        1844596 kB
MemFree:          618688 kB
MemAvailable:    1501536 kB
Buffers:           66440 kB
Cached:           911904 kB
MemTotal:        1844596 kB
MemFree:          618916 kB
MemAvailable:    1501764 kB
Buffers:           66440 kB
Cached:           911904 kB
MemTotal:        1844596 kB
MemFree:          615780 kB
MemAvailable:    1498628 kB
Buffers:           66440 kB
Cached:           911904 kB
MemTotal:        1844596 kB
MemFree:          614728 kB
MemAvailable:    1497576 kB
Buffers:           66440 kB
Cached:           911904 kB
MemTotal:        1844596 kB
MemFree:          612736 kB
MemAvailable:    1495584 kB
Buffers:           66440 kB
Cached:           911904 kB
MemTotal:        1844596 kB
MemFree:          612736 kB
MemAvailable:    1495584 kB
Buffers:           66440 kB
Cached:           911904 kB
MemTotal:        1844596 kB
MemFree:          612540 kB
MemAvailable:    1495388 kB
Buffers:           66440 kB
Cached:           911904 kB
MemTotal:        1844596 kB
MemFree:          611240 kB
MemAvailable:    1494088 kB
Buffers:           66440 kB
Cached:           911904 kB
MemTotal:        1844596 kB
MemFree:          612300 kB
MemAvailable:    1495148 kB
Buffers:           66440 kB
Cached:           911904 kB
MemTotal:        1844596 kB
MemFree:          612300 kB
MemAvailable:    1495148 kB
Buffers:           66440 kB
Cached:           911904 kB
MemTotal:        1844596 kB
MemFree:          612220 kB
MemAvailable:    1495068 kB
Buffers:           66440 kB
Cached:           911904 kB
MemTotal:        1844596 kB
MemFree:          612556 kB
MemAvailable:    1495404 kB
Buffers:           66440 kB
Cached:           911904 kB
MemTotal:        1844596 kB
MemFree:          612172 kB
MemAvailable:    1495020 kB
Buffers:           66440 kB
Cached:           911904 kB
MemTotal:        1844596 kB
MemFree:          611736 kB
MemAvailable:    1494584 kB
Buffers:           66440 kB
Cached:           911904 kB
MemTotal:        1844596 kB
MemFree:          612220 kB
MemAvailable:    1495068 kB
Buffers:           66440 kB
Cached:           911904 kB
MemTotal:        1844596 kB
MemFree:          612284 kB
MemAvailable:    1495132 kB
Buffers:           66440 kB
Cached:           911904 kB
MemTotal:        1844596 kB
MemFree:          612284 kB
MemAvailable:    1495132 kB
Buffers:           66440 kB
Cached:           911904 kB
MemTotal:        1844596 kB
MemFree:          612324 kB
MemAvailable:    1495172 kB
Buffers:           66440 kB
Cached:           911904 kB
MemTotal:        1844596 kB
MemFree:          610952 kB
MemAvailable:    1493800 kB
Buffers:           66440 kB
Cached:           911904 kB
MemTotal:        1844596 kB
MemFree:          610696 kB
MemAvailable:    1493544 kB
Buffers:           66440 kB
Cached:           911904 kB
MemTotal:        1844596 kB
MemFree:          611364 kB
MemAvailable:    1494212 kB
Buffers:           66440 kB
Cached:           911904 kB
MemTotal:        1844596 kB
MemFree:          611364 kB
MemAvailable:    1494212 kB
Buffers:           66440 kB
Cached:           911904 kB
MemTotal:        1844596 kB
MemFree:          611160 kB
MemAvailable:    1494008 kB
Buffers:           66440 kB
Cached:           911904 kB
MemTotal:        1844596 kB
MemFree:          611048 kB
MemAvailable:    1493896 kB
Buffers:           66440 kB
Cached:           911904 kB
MemTotal:        1844596 kB
MemFree:          609520 kB
MemAvailable:    1492368 kB
Buffers:           66440 kB
Cached:           911904 kB
MemTotal:        1844596 kB
MemFree:          608396 kB
MemAvailable:    1491244 kB
Buffers:           66440 kB
Cached:           911904 kB
MemTotal:        1844596 kB
MemFree:          609704 kB
MemAvailable:    1492552 kB
Buffers:           66440 kB
Cached:           911904 kB
MemTotal:        1844596 kB
MemFree:          609580 kB
MemAvailable:    1492428 kB
Buffers:           66440 kB
Cached:           911904 kB
MemTotal:        1844596 kB
MemFree:          609084 kB
MemAvailable:    1491932 kB
Buffers:           66440 kB
Cached:           911904 kB
MemTotal:        1844596 kB
MemFree:          608760 kB
MemAvailable:    1491608 kB
Buffers:           66440 kB
Cached:           911904 kB
MemTotal:        1844596 kB
MemFree:          608760 kB
MemAvailable:    1491608 kB
Buffers:           66440 kB
Cached:           911904 kB
MemTotal:        1844596 kB
MemFree:          608720 kB
MemAvailable:    1491568 kB
Buffers:           66440 kB
Cached:           911904 kB
MemTotal:        1844596 kB
MemFree:          607224 kB
MemAvailable:    1490072 kB
Buffers:           66440 kB
Cached:           911904 kB
MemTotal:        1844596 kB
MemFree:          607216 kB
MemAvailable:    1490064 kB
Buffers:           66440 kB
Cached:           911904 kB
MemTotal:        1844596 kB
MemFree:          608360 kB
MemAvailable:    1491208 kB
Buffers:           66440 kB
Cached:           911904 kB
MemTotal:        1844596 kB
MemFree:          608404 kB
MemAvailable:    1491252 kB
Buffers:           66440 kB
Cached:           911904 kB
MemTotal:        1844596 kB
MemFree:          608376 kB
MemAvailable:    1491224 kB
Buffers:           66440 kB
Cached:           911904 kB
MemTotal:        1844596 kB
MemFree:          608712 kB
MemAvailable:    1491560 kB
Buffers:           66440 kB
Cached:           911904 kB
MemTotal:        1844596 kB
MemFree:          607392 kB
MemAvailable:    1490240 kB
Buffers:           66440 kB
Cached:           911904 kB
MemTotal:        1844596 kB
MemFree:          606784 kB
MemAvailable:    1489632 kB
Buffers:           66440 kB
Cached:           911904 kB
MemTotal:        1844596 kB
MemFree:          607040 kB
MemAvailable:    1489888 kB
Buffers:           66440 kB
Cached:           911904 kB
MemTotal:        1844596 kB
MemFree:          607776 kB
MemAvailable:    1490624 kB
Buffers:           66440 kB
Cached:           911904 kB
MemTotal:        1844596 kB
MemFree:          603940 kB
MemAvailable:    1486788 kB
Buffers:           66440 kB
Cached:           911904 kB
MemTotal:        1844596 kB
MemFree:          603320 kB
MemAvailable:    1486168 kB
Buffers:           66440 kB
Cached:           911904 kB
MemTotal:        1844596 kB
MemFree:          603024 kB
MemAvailable:    1485872 kB
Buffers:           66440 kB
Cached:           911904 kB
MemTotal:        1844596 kB
MemFree:          601692 kB
MemAvailable:    1484540 kB
Buffers:           66440 kB
Cached:           911904 kB
MemTotal:        1844596 kB
MemFree:          602792 kB
MemAvailable:    1485640 kB
Buffers:           66440 kB
Cached:           911904 kB
MemTotal:        1844596 kB
MemFree:          603128 kB
MemAvailable:    1485976 kB
Buffers:           66440 kB
Cached:           911904 kB
MemTotal:        1844596 kB
MemFree:          602560 kB
MemAvailable:    1485412 kB
Buffers:           66440 kB
Cached:           911908 kB
MemTotal:        1844596 kB
MemFree:          602560 kB
MemAvailable:    1485412 kB
Buffers:           66440 kB
Cached:           911908 kB
MemTotal:        1844596 kB
MemFree:          601444 kB
MemAvailable:    1484296 kB
Buffers:           66440 kB
Cached:           911908 kB
MemTotal:        1844596 kB
MemFree:          602500 kB
MemAvailable:    1485352 kB
Buffers:           66440 kB
Cached:           911908 kB
MemTotal:        1844596 kB
MemFree:          602564 kB
MemAvailable:    1485416 kB
Buffers:           66440 kB
Cached:           911908 kB
MemTotal:        1844596 kB
MemFree:          602460 kB
MemAvailable:    1485312 kB
Buffers:           66440 kB
Cached:           911908 kB
MemTotal:        1844596 kB
MemFree:          602372 kB
MemAvailable:    1485224 kB
Buffers:           66440 kB
Cached:           911908 kB
MemTotal:        1844596 kB
MemFree:          601204 kB
MemAvailable:    1484056 kB
Buffers:           66440 kB
Cached:           911908 kB
MemTotal:        1844596 kB
MemFree:          601204 kB
MemAvailable:    1484056 kB
Buffers:           66440 kB
Cached:           911908 kB
MemTotal:        1844596 kB
MemFree:          599460 kB
MemAvailable:    1482312 kB
Buffers:           66440 kB
Cached:           911908 kB
MemTotal:        1844596 kB
MemFree:          599460 kB
MemAvailable:    1482312 kB
Buffers:           66440 kB
Cached:           911908 kB
MemTotal:        1844596 kB
MemFree:          597972 kB
MemAvailable:    1480824 kB
Buffers:           66440 kB
Cached:           911908 kB
MemTotal:        1844596 kB
MemFree:          599428 kB
MemAvailable:    1482280 kB
Buffers:           66440 kB
Cached:           911908 kB
MemTotal:        1844596 kB
MemFree:          599200 kB
MemAvailable:    1482052 kB
Buffers:           66440 kB
Cached:           911908 kB
MemTotal:        1844596 kB
MemFree:          599536 kB
MemAvailable:    1482388 kB
Buffers:           66440 kB
Cached:           911908 kB
MemTotal:        1844596 kB
MemFree:          601248 kB
MemAvailable:    1484100 kB
Buffers:           66440 kB
Cached:           911908 kB
MemTotal:        1844596 kB
MemFree:          601592 kB
MemAvailable:    1484444 kB
Buffers:           66440 kB
Cached:           911908 kB
MemTotal:        1844596 kB
MemFree:          601288 kB
MemAvailable:    1484224 kB
Buffers:           66440 kB
Cached:           912032 kB
MemTotal:        1844596 kB
MemFree:          601032 kB
MemAvailable:    1484136 kB
Buffers:           66440 kB
Cached:           912156 kB
MemTotal:        1844596 kB
MemFree:          599828 kB
MemAvailable:    1483016 kB
Buffers:           66440 kB
Cached:           912280 kB
MemTotal:        1844596 kB
MemFree:          600872 kB
MemAvailable:    1484144 kB
Buffers:           66440 kB
Cached:           912280 kB
MemTotal:        1844596 kB
MemFree:          600908 kB
MemAvailable:    1484264 kB
Buffers:           66440 kB
Cached:           912404 kB
MemTotal:        1844596 kB
MemFree:          600776 kB
MemAvailable:    1484216 kB
Buffers:           66440 kB
Cached:           912528 kB
MemTotal:        1844596 kB
MemFree:          600604 kB
MemAvailable:    1484044 kB
Buffers:           66440 kB
Cached:           912528 kB
MemTotal:        1844596 kB
MemFree:          600544 kB
MemAvailable:    1483984 kB
Buffers:           66440 kB
Cached:           912528 kB
MemTotal:        1844596 kB
MemFree:          600696 kB
MemAvailable:    1484136 kB
Buffers:           66440 kB
Cached:           912528 kB
MemTotal:        1844596 kB
MemFree:          600848 kB
MemAvailable:    1484288 kB
Buffers:           66440 kB
Cached:           912528 kB
MemTotal:        1844596 kB
MemFree:          599428 kB
MemAvailable:    1482868 kB
Buffers:           66440 kB
Cached:           912528 kB
MemTotal:        1844596 kB
MemFree:          599856 kB
MemAvailable:    1483296 kB
Buffers:           66440 kB
Cached:           912528 kB
MemTotal:        1844596 kB
MemFree:          600708 kB
MemAvailable:    1484200 kB
Buffers:           66440 kB
Cached:           912548 kB
MemTotal:        1844596 kB
MemFree:          601044 kB
MemAvailable:    1484536 kB
Buffers:           66440 kB
Cached:           912548 kB
MemTotal:        1844596 kB
MemFree:          601032 kB
MemAvailable:    1483936 kB
Buffers:           66440 kB
Cached:           911916 kB
MemTotal:        1844596 kB
MemFree:          601032 kB
MemAvailable:    1483936 kB
Buffers:           66440 kB
Cached:           911916 kB
MemTotal:        1844596 kB
MemFree:          668520 kB
MemAvailable:    1551424 kB
Buffers:           66440 kB
Cached:           911916 kB
