MemTotal:        1844596 kB
MemFree:          809304 kB
MemAvailable:    1538968 kB
Buffers:           51056 kB
Cached:           786732 kB
MemTotal:        1844596 kB
MemFree:          806816 kB
MemAvailable:    1536480 kB
Buffers:           51056 kB
Cached:           786732 kB
MemTotal:        1844596 kB
MemFree:          806016 kB
MemAvailable:    1535680 kB
Buffers:           51056 kB
Cached:           786732 kB
MemTotal:        1844596 kB
MemFree:          804652 kB
MemAvailable:    1534316 kB
Buffers:           51056 kB
Cached:           786732 kB
MemTotal:        1844596 kB
MemFree:          804196 kB
MemAvailable:    1533860 kB
Buffers:           51056 kB
Cached:           786732 kB
MemTotal:        1844596 kB
MemFree:          804532 kB
MemAvailable:    1534196 kB
Buffers:           51056 kB
Cached:           786732 kB
MemTotal:        1844596 kB
MemFree:          800360 kB
MemAvailable:    1530024 kB
Buffers:           51056 kB
Cached:           786732 kB
MemTotal:        1844596 kB
MemFree:          800360 kB
MemAvailable:    1530024 kB
Buffers:           51056 kB
Cached:           786732 kB
MemTotal:        1844596 kB
MemFree:          795276 kB
MemAvailable:    1524940 kB
Buffers:           51056 kB
Cached:           786732 kB
MemTotal:        1844596 kB
MemFree:          794796 kB
MemAvailable:    1524460 kB
Buffers:           51056 kB
Cached:           786732 kB
MemTotal:        1844596 kB
MemFree:          794520 kB
MemAvailable:    1524184 kB
Buffers:           51056 kB
Cached:           786732 kB
MemTotal:        1844596 kB
MemFree:          793176 kB
MemAvailable:    1522840 kB
Buffers:           51056 kB
Cached:           786732 kB
MemTotal:        1844596 kB
MemFree:          794632 kB
MemAvailable:    1524296 kB
Buffers:           51056 kB
Cached:           786732 kB
MemTotal:        1844596 kB
MemFree:          793308 kB
MemAvailable:    1522984 kB
Buffers:           51056 kB
Cached:           786744 kB
MemTotal:        1844596 kB
MemFree:          794548 kB
MemAvailable:    1524224 kB
Buffers:           51056 kB
Cached:           786744 kB
MemTotal:        1844596 kB
MemFree:          794476 kB
MemAvailable:    1524152 kB
Buffers:           51056 kB
Cached:           786744 kB
MemTotal:        1844596 kB
MemFree:          793044 kB
MemAvailable:    1522720 kB
Buffers:           51056 kB
Cached:           786744 kB
MemTotal:        1844596 kB
MemFree:          793128 kB
MemAvailable:    1522804 kB
Buffers:           51056 kB
Cached:           786744 kB
MemTotal:        1844596 kB
MemFree:          791192 kB
MemAvailable:    1520868 kB
Buffers:           51056 kB
Cached:           786744 kB
MemTotal:        1844596 kB
MemFree:          791068 kB
MemAvailable:    1520744 kB
Buffers:           51056 kB
Cached:           786744 kB
MemTotal:        1844596 kB
MemFree:          792368 kB
MemAvailable:    1522044 kB
Buffers:           51056 kB
Cached:           786744 kB
MemTotal:        1844596 kB
MemFree:          792236 kB
MemAvailable:    1521912 kB
Buffers:           51056 kB
Cached:           786744 kB
MemTotal:        1844596 kB
MemFree:          792176 kB
MemAvailable:    1521852 kB
Buffers:           51056 kB
Cached:           786744 kB
MemTotal:        1844596 kB
MemFree:          792036 kB
MemAvailable:    1521712 kB
Buffers:           51056 kB
Cached:           786744 kB
MemTotal:        1844596 kB
MemFree:          790632 kB
MemAvailable:    1520308 kB
Buffers:           51056 kB
Cached:           786744 kB
MemTotal:        1844596 kB
MemFree:          792048 kB
MemAvailable:    1521724 kB
Buffers:           51056 kB
Cached:           786744 kB
MemTotal:        1844596 kB
MemFree:          791900 kB
MemAvailable:    1521576 kB
Buffers:           51056 kB
Cached:           786744 kB
MemTotal:        1844596 kB
MemFree:          791984 kB
MemAvailable:    1521660 kB
Buffers:           51056 kB
Cached:           786744 kB
MemTotal:        1844596 kB
MemFree:          793352 kB
MemAvailable:    1523028 kB
Buffers:           51056 kB
Cached:           786744 kB
MemTotal:        1844596 kB
MemFree:          791928 kB
MemAvailable:    1521604 kB
Buffers:           51056 kB
Cached:           786744 kB
MemTotal:        1844596 kB
MemFree:          791928 kB
MemAvailable:    1521604 kB
Buffers:           51056 kB
Cached:           786744 kB
MemTotal:        1844596 kB
MemFree:          788720 kB
MemAvailable:    1518396 kB
Buffers:           51056 kB
Cached:           786744 kB
MemTotal:        1844596 kB
MemFree:          790032 kB
MemAvailable:    1519708 kB
Buffers:           51056 kB
Cached:           786744 kB
MemTotal:        1844596 kB
MemFree:          788960 kB
MemAvailable:    1518636 kB
Buffers:           51056 kB
Cached:           786744 kB
MemTotal:        1844596 kB
MemFree:          788952 kB
MemAvailable:    1518628 kB
Buffers:           51056 kB
Cached:           786744 kB
MemTotal:        1844596 kB
MemFree:          789164 kB
MemAvailable:    1518840 kB
Buffers:           51056 kB
Cached:           786744 kB
MemTotal:        1844596 kB
MemFree:          787968 kB
MemAvailable:    1517644 kB
Buffers:           51056 kB
Cached:           786744 kB
MemTotal:        1844596 kB
MemFree:          787736 kB
MemAvailable:    1517412 kB
Buffers:           51056 kB
Cached:           786744 kB
MemTotal:        1844596 kB
MemFree:          786596 kB
MemAvailable:    1516272 kB
Buffers:           51056 kB
Cached:           786744 kB
MemTotal:        1844596 kB
MemFree:          787988 kB
MemAvailable:    1517664 kB
Buffers:           51056 kB
Cached:           786744 kB
MemTotal:        1844596 kB
MemFree:          787224 kB
MemAvailable:    1516900 kB
Buffers:           51056 kB
Cached:           786744 kB
MemTotal:        1844596 kB
MemFree:          788100 kB
MemAvailable:    1517780 kB
Buffers:           51056 kB
Cached:           786748 kB
MemTotal:        1844596 kB
MemFree:          787108 kB
MemAvailable:    1516788 kB
Buffers:           51056 kB
Cached:           786748 kB
MemTotal:        1844596 kB
MemFree:          787724 kB
MemAvailable:    1517404 kB
Buffers:           51056 kB
Cached:           786748 kB
MemTotal:        1844596 kB
MemFree:          787664 kB
MemAvailable:    1517344 kB
Buffers:           51056 kB
Cached:           786748 kB
MemTotal:        1844596 kB
MemFree:          787116 kB
MemAvailable:    1516796 kB
Buffers:           51056 kB
Cached:           786748 kB
MemTotal:        1844596 kB
MemFree:          787160 kB
MemAvailable:    1516840 kB
Buffers:           51056 kB
Cached:           786748 kB
MemTotal:        1844596 kB
MemFree:          786604 kB
MemAvailable:    1516284 kB
Buffers:           51056 kB
Cached:           786748 kB
MemTotal:        1844596 kB
MemFree:          785612 kB
MemAvailable:    1515292 kB
Buffers:           51056 kB
Cached:           786748 kB
MemTotal:        1844596 kB
MemFree:          787068 kB
MemAvailable:    1516748 kB
Buffers:           51056 kB
Cached:           786748 kB
MemTotal:        1844596 kB
MemFree:          786116 kB
MemAvailable:    1515796 kB
Buffers:           51056 kB
Cached:           786748 kB
MemTotal:        1844596 kB
MemFree:          786840 kB
MemAvailable:    1516520 kB
Buffers:           51056 kB
Cached:           786748 kB
MemTotal:        1844596 kB
MemFree:          787096 kB
MemAvailable:    1516776 kB
Buffers:           51056 kB
Cached:           786748 kB
MemTotal:        1844596 kB
MemFree:          786660 kB
MemAvailable:    1516340 kB
Buffers:           51056 kB
Cached:           786748 kB
MemTotal:        1844596 kB
MemFree:          786912 kB
MemAvailable:    1516592 kB
Buffers:           51056 kB
Cached:           786748 kB
MemTotal:        1844596 kB
MemFree:          785724 kB
MemAvailable:    1515404 kB
Buffers:           51056 kB
Cached:           786748 kB
MemTotal:        1844596 kB
MemFree:          786972 kB
MemAvailable:    1516652 kB
Buffers:           51056 kB
Cached:           786748 kB
MemTotal:        1844596 kB
MemFree:          787084 kB
MemAvailable:    1516764 kB
Buffers:           51056 kB
Cached:           786748 kB
MemTotal:        1844596 kB
MemFree:          786240 kB
MemAvailable:    1515920 kB
Buffers:           51056 kB
Cached:           786748 kB
MemTotal:        1844596 kB
MemFree:          785488 kB
MemAvailable:    1515172 kB
Buffers:           51056 kB
Cached:           786752 kB
MemTotal:        1844596 kB
MemFree:          786612 kB
MemAvailable:    1516296 kB
Buffers:           51056 kB
Cached:           786752 kB
MemTotal:        1844596 kB
MemFree:          786216 kB
MemAvailable:    1515900 kB
Buffers:           51056 kB
Cached:           786752 kB
MemTotal:        1844596 kB
MemFree:          786216 kB
MemAvailable:    1515900 kB
Buffers:           51056 kB
Cached:           786752 kB
MemTotal:        1844596 kB
MemFree:          786060 kB
MemAvailable:    1515744 kB
Buffers:           51056 kB
Cached:           786752 kB
MemTotal:        1844596 kB
MemFree:          784688 kB
MemAvailable:    1514372 kB
Buffers:           51056 kB
Cached:           786752 kB
MemTotal:        1844596 kB
MemFree:          785984 kB
MemAvailable:    1515668 kB
Buffers:           51056 kB
Cached:           786752 kB
MemTotal:        1844596 kB
MemFree:          785248 kB
MemAvailable:    1514808 kB
Buffers:           51056 kB
Cached:           786752 kB
MemTotal:        1844596 kB
MemFree:          785976 kB
MemAvailable:    1515660 kB
Buffers:           51056 kB
Cached:           786752 kB
MemTotal:        1844596 kB
MemFree:          786312 kB
MemAvailable:    1515996 kB
Buffers:           51056 kB
Cached:           786752 kB
MemTotal:        1844596 kB
MemFree:          785984 kB
MemAvailable:    1515668 kB
Buffers:           51056 kB
Cached:           786752 kB
MemTotal:        1844596 kB
MemFree:          786060 kB
MemAvailable:    1515744 kB
Buffers:           51056 kB
Cached:           786752 kB
MemTotal:        1844596 kB
MemFree:          784856 kB
MemAvailable:    1514540 kB
Buffers:           51056 kB
Cached:           786752 kB
MemTotal:        1844596 kB
MemFree:          786032 kB
MemAvailable:    1515716 kB
Buffers:           51056 kB
Cached:           786752 kB
MemTotal:        1844596 kB
MemFree:          784972 kB
MemAvailable:    1514656 kB
Buffers:           51056 kB
Cached:           786752 kB
MemTotal:        1844596 kB
MemFree:          782520 kB
MemAvailable:    1512204 kB
Buffers:           51056 kB
Cached:           786752 kB
MemTotal:        1844596 kB
MemFree:          781356 kB
MemAvailable:    1511040 kB
Buffers:           51056 kB
Cached:           786752 kB
MemTotal:        1844596 kB
MemFree:          779056 kB
MemAvailable:    1508740 kB
Buffers:           51056 kB
Cached:           786752 kB
MemTotal:        1844596 kB
MemFree:          778916 kB
MemAvailable:    1508600 kB
Buffers:           51056 kB
Cached:           786752 kB
MemTotal:        1844596 kB
MemFree:          777304 kB
MemAvailable:    1506988 kB
Buffers:           51056 kB
Cached:           786752 kB
MemTotal:        1844596 kB
MemFree:          778420 kB
MemAvailable:    1508104 kB
Buffers:           51056 kB
Cached:           786752 kB
MemTotal:        1844596 kB
MemFree:          778040 kB
MemAvailable:    1507724 kB
Buffers:           51056 kB
Cached:           786752 kB
MemTotal:        1844596 kB
MemFree:          778292 kB
MemAvailable:    1507976 kB
Buffers:           51056 kB
Cached:           786752 kB
MemTotal:        1844596 kB
MemFree:          778040 kB
MemAvailable:    1507724 kB
Buffers:           51056 kB
Cached:           786752 kB
MemTotal:        1844596 kB
MemFree:          778292 kB
MemAvailable:    1507976 kB
Buffers:           51056 kB
Cached:           786752 kB
MemTotal:        1844596 kB
MemFree:          776760 kB
MemAvailable:    1506444 kB
Buffers:           51056 kB
Cached:           786752 kB
MemTotal:        1844596 kB
MemFree:          777936 kB
MemAvailable:    1507620 kB
Buffers:           51056 kB
Cached:           786752 kB
MemTotal:        1844596 kB
MemFree:          778060 kB
MemAvailable:    1507744 kB
Buffers:           51056 kB
Cached:           786752 kB
MemTotal:        1844596 kB
MemFree:          777856 kB
MemAvailable:    1507540 kB
Buffers:           51056 kB
Cached:           786752 kB
MemTotal:        1844596 kB
MemFree:          778108 kB
MemAvailable:    1507792 kB
Buffers:           51056 kB
Cached:           786752 kB
MemTotal:        1844596 kB
MemFree:          777996 kB
MemAvailable:    1507684 kB
Buffers:           51056 kB
Cached:           786756 kB
MemTotal:        1844596 kB
MemFree:          778164 kB
MemAvailable:    1507852 kB
Buffers:           51056 kB
Cached:           786756 kB
MemTotal:        1844596 kB
MemFree:          777736 kB
MemAvailable:    1507424 kB
Buffers:           51056 kB
Cached:           786756 kB
MemTotal:        1844596 kB
MemFree:          778072 kB
MemAvailable:    1507760 kB
Buffers:           51056 kB
Cached:           786756 kB
MemTotal:        1844596 kB
MemFree:          776752 kB
MemAvailable:    1506440 kB
Buffers:           51056 kB
Cached:           786756 kB
MemTotal:        1844596 kB
MemFree:          777744 kB
MemAvailable:    1507432 kB
Buffers:           51056 kB
Cached:           786756 kB
MemTotal:        1844596 kB
MemFree:          775948 kB
MemAvailable:    1505636 kB
Buffers:           51056 kB
Cached:           786756 kB
MemTotal:        1844596 kB
MemFree:          776752 kB
MemAvailable:    1506440 kB
Buffers:           51056 kB
Cached:           786756 kB
MemTotal:        1844596 kB
MemFree:          776504 kB
MemAvailable:    1506192 kB
Buffers:           51056 kB
Cached:           786756 kB
MemTotal:        1844596 kB
MemFree:          776304 kB
MemAvailable:    1505992 kB
Buffers:           51056 kB
Cached:           786756 kB
MemTotal:        1844596 kB
MemFree:          776304 kB
MemAvailable:    1505992 kB
Buffers:           51056 kB
Cached:           786756 kB
MemTotal:        1844596 kB
MemFree:          775064 kB
MemAvailable:    1504752 kB
Buffers:           51056 kB
Cached:           786756 kB
MemTotal:        1844596 kB
MemFree:          775064 kB
MemAvailable:    1504752 kB
Buffers:           51056 kB
Cached:           786756 kB
MemTotal:        1844596 kB
MemFree:          774700 kB
MemAvailable:    1504388 kB
Buffers:           51056 kB
Cached:           786756 kB
MemTotal:        1844596 kB
MemFree:          774956 kB
MemAvailable:    1504644 kB
Buffers:           51056 kB
Cached:           786756 kB
MemTotal:        1844596 kB
MemFree:          774560 kB
MemAvailable:    1504248 kB
Buffers:           51056 kB
Cached:           786756 kB
MemTotal:        1844596 kB
MemFree:          774088 kB
MemAvailable:    1503776 kB
Buffers:           51056 kB
Cached:           786756 kB
MemTotal:        1844596 kB
MemFree:          774320 kB
MemAvailable:    1504008 kB
Buffers:           51056 kB
Cached:           786756 kB
MemTotal:        1844596 kB
MemFree:          772948 kB
MemAvailable:    1502636 kB
Buffers:           51056 kB
Cached:           786756 kB
MemTotal:        1844596 kB
MemFree:          772776 kB
MemAvailable:    1502464 kB
Buffers:           51056 kB
Cached:           786756 kB
MemTotal:        1844596 kB
MemFree:          774216 kB
MemAvailable:    1503904 kB
Buffers:           51056 kB
Cached:           786756 kB
MemTotal:        1844596 kB
MemFree:          774068 kB
MemAvailable:    1503756 kB
Buffers:           51056 kB
Cached:           786756 kB
MemTotal:        1844596 kB
MemFree:          774136 kB
MemAvailable:    1503824 kB
Buffers:           51056 kB
Cached:           786756 kB
MemTotal:        1844596 kB
MemFree:          773220 kB
MemAvailable:    1502908 kB
Buffers:           51056 kB
Cached:           786756 kB
MemTotal:        1844596 kB
MemFree:          774160 kB
MemAvailable:    1503848 kB
Buffers:           51056 kB
Cached:           786756 kB
MemTotal:        1844596 kB
MemFree:          772956 kB
MemAvailable:    1502644 kB
Buffers:           51056 kB
Cached:           786756 kB
MemTotal:        1844596 kB
MemFree:          772716 kB
MemAvailable:    1502404 kB
Buffers:           51056 kB
Cached:           786756 kB
MemTotal:        1844596 kB
MemFree:          773452 kB
MemAvailable:    1503140 kB
Buffers:           51056 kB
Cached:           786756 kB
MemTotal:        1844596 kB
MemFree:          773220 kB
MemAvailable:    1502908 kB
Buffers:           51056 kB
Cached:           786756 kB
MemTotal:        1844596 kB
MemFree:          768600 kB
MemAvailable:    1498288 kB
Buffers:           51056 kB
Cached:           786756 kB
MemTotal:        1844596 kB
MemFree:          768500 kB
MemAvailable:    1498188 kB
Buffers:           51056 kB
Cached:           786756 kB
MemTotal:        1844596 kB
MemFree:          767204 kB
MemAvailable:    1496892 kB
Buffers:           51056 kB
Cached:           786756 kB
MemTotal:        1844596 kB
MemFree:          768012 kB
MemAvailable:    1497700 kB
Buffers:           51056 kB
Cached:           786756 kB
MemTotal:        1844596 kB
MemFree:          768356 kB
MemAvailable:    1498044 kB
Buffers:           51056 kB
Cached:           786756 kB
MemTotal:        1844596 kB
MemFree:          768356 kB
MemAvailable:    1498044 kB
Buffers:           51056 kB
Cached:           786756 kB
MemTotal:        1844596 kB
MemFree:          768196 kB
MemAvailable:    1497884 kB
Buffers:           51056 kB
Cached:           786756 kB
MemTotal:        1844596 kB
MemFree:          768452 kB
MemAvailable:    1498140 kB
Buffers:           51056 kB
Cached:           786756 kB
MemTotal:        1844596 kB
MemFree:          766956 kB
MemAvailable:    1496644 kB
Buffers:           51056 kB
Cached:           786756 kB
MemTotal:        1844596 kB
MemFree:          768256 kB
MemAvailable:    1497944 kB
Buffers:           51056 kB
Cached:           786756 kB
MemTotal:        1844596 kB
MemFree:          768256 kB
MemAvailable:    1497944 kB
Buffers:           51056 kB
Cached:           786756 kB
MemTotal:        1844596 kB
MemFree:          767252 kB
MemAvailable:    1496940 kB
Buffers:           51056 kB
Cached:           786756 kB
MemTotal:        1844596 kB
MemFree:          767252 kB
MemAvailable:    1496940 kB
Buffers:           51056 kB
Cached:           786756 kB
MemTotal:        1844596 kB
MemFree:          765020 kB
MemAvailable:    1494708 kB
Buffers:           51056 kB
Cached:           786756 kB
MemTotal:        1844596 kB
MemFree:          765356 kB
MemAvailable:    1495044 kB
Buffers:           51056 kB
Cached:           786756 kB
MemTotal:        1844596 kB
MemFree:          765028 kB
MemAvailable:    1494716 kB
Buffers:           51056 kB
Cached:           786756 kB
MemTotal:        1844596 kB
MemFree:          765040 kB
MemAvailable:    1494728 kB
Buffers:           51056 kB
Cached:           786756 kB
MemTotal:        1844596 kB
MemFree:          763608 kB
MemAvailable:    1493296 kB
Buffers:           51056 kB
Cached:           786756 kB
MemTotal:        1844596 kB
MemFree:          764784 kB
MemAvailable:    1494472 kB
Buffers:           51056 kB
Cached:           786756 kB
MemTotal:        1844596 kB
MemFree:          763608 kB
MemAvailable:    1493296 kB
Buffers:           51056 kB
Cached:           786756 kB
MemTotal:        1844596 kB
MemFree:          766940 kB
MemAvailable:    1496628 kB
Buffers:           51056 kB
Cached:           786756 kB
MemTotal:        1844596 kB
MemFree:          766716 kB
MemAvailable:    1496404 kB
Buffers:           51056 kB
Cached:           786880 kB
MemTotal:        1844596 kB
MemFree:          766968 kB
MemAvailable:    1496656 kB
Buffers:           51056 kB
Cached:           786880 kB
MemTotal:        1844596 kB
MemFree:          766600 kB
MemAvailable:    1496456 kB
Buffers:           51056 kB
Cached:           787004 kB
MemTotal:        1844596 kB
MemFree:          766528 kB
MemAvailable:    1496552 kB
Buffers:           51056 kB
Cached:           787128 kB
MemTotal:        1844596 kB
MemFree:          765904 kB
MemAvailable:    1496012 kB
Buffers:           51056 kB
Cached:           787128 kB
MemTotal:        1844596 kB
MemFree:          764972 kB
MemAvailable:    1495164 kB
Buffers:           51056 kB
Cached:           787252 kB
MemTotal:        1844596 kB
MemFree:          766404 kB
MemAvailable:    1496680 kB
Buffers:           51056 kB
Cached:           787252 kB
MemTotal:        1844596 kB
MemFree:          765104 kB
MemAvailable:    1495380 kB
Buffers:           51056 kB
Cached:           787252 kB
MemTotal:        1844596 kB
MemFree:          766468 kB
MemAvailable:    1496744 kB
Buffers:           51056 kB
Cached:           787376 kB
MemTotal:        1844596 kB
MemFree:          766272 kB
MemAvailable:    1496548 kB
Buffers:           51056 kB
Cached:           787376 kB
MemTotal:        1844596 kB
MemFree:          766308 kB
MemAvailable:    1496584 kB
Buffers:           51056 kB
Cached:           787376 kB
MemTotal:        1844596 kB
MemFree:          766304 kB
MemAvailable:    1496580 kB
Buffers:           51056 kB
Cached:           787376 kB
MemTotal:        1844596 kB
MemFree:          765408 kB
MemAvailable:    1495684 kB
Buffers:           51056 kB
Cached:           787376 kB
MemTotal:        1844596 kB
MemFree:          766400 kB
MemAvailable:    1496700 kB
Buffers:           51056 kB
Cached:           787444 kB
MemTotal:        1844596 kB
MemFree:          765408 kB
MemAvailable:    1495708 kB
Buffers:           51056 kB
Cached:           787444 kB
MemTotal:        1844596 kB
MemFree:          766496 kB
MemAvailable:    1496208 kB
Buffers:           51056 kB
Cached:           786812 kB
MemTotal:        1844596 kB
MemFree:          765392 kB
MemAvailable:    1495104 kB
Buffers:           51056 kB
Cached:           786812 kB
MemTotal:        1844596 kB
MemFree:          832968 kB
MemAvailable:    1562680 kB
Buffers:           51056 kB
Cached:           786812 kB
