MemTotal:        1844596 kB
MemFree:          986696 kB
MemAvailable:    1561188 kB
Buffers:           30488 kB
Cached:           646280 kB
MemTotal:        1844596 kB
MemFree:          983092 kB
MemAvailable:    1557584 kB
Buffers:           30488 kB
Cached:           646280 kB
MemTotal:        1844596 kB
MemFree:          982168 kB
MemAvailable:    1556660 kB
Buffers:           30488 kB
Cached:           646280 kB
MemTotal:        1844596 kB
MemFree:          980744 kB
MemAvailable:    1555236 kB
Buffers:           30488 kB
Cached:           646280 kB
MemTotal:        1844596 kB
MemFree:          980920 kB
MemAvailable:    1555412 kB
Buffers:           30488 kB
Cached:           646280 kB
MemTotal:        1844596 kB
MemFree:          979744 kB
MemAvailable:    1554236 kB
Buffers:           30488 kB
Cached:           646280 kB
MemTotal:        1844596 kB
MemFree:          980000 kB
MemAvailable:    1554492 kB
Buffers:           30488 kB
Cached:           646280 kB
MemTotal:        1844596 kB
MemFree:          978944 kB
MemAvailable:    1553436 kB
Buffers:           30488 kB
Cached:           646280 kB
MemTotal:        1844596 kB
MemFree:          976528 kB
MemAvailable:    1551020 kB
Buffers:           30488 kB
Cached:           646280 kB
MemTotal:        1844596 kB
MemFree:          975040 kB
MemAvailable:    1549532 kB
Buffers:           30488 kB
Cached:           646280 kB
MemTotal:        1844596 kB
MemFree:          973552 kB
MemAvailable:    1548044 kB
Buffers:           30488 kB
Cached:           646280 kB
MemTotal:        1844596 kB
MemFree:          969700 kB
MemAvailable:    1544196 kB
Buffers:           30488 kB
Cached:           646284 kB
MemTotal:        1844596 kB
MemFree:          969956 kB
MemAvailable:    1544452 kB
Buffers:           30488 kB
Cached:           646284 kB
MemTotal:        1844596 kB
MemFree:          969452 kB
MemAvailable:    1543948 kB
Buffers:           30488 kB
Cached:           646284 kB
MemTotal:        1844596 kB
MemFree:          969412 kB
MemAvailable:    1543908 kB
Buffers:           30488 kB
Cached:           646284 kB
MemTotal:        1844596 kB
MemFree:          970712 kB
MemAvailable:    1545208 kB
Buffers:           30488 kB
Cached:           646284 kB
MemTotal:        1844596 kB
MemFree:          969584 kB
MemAvailable:    1544080 kB
Buffers:           30488 kB
Cached:           646284 kB
MemTotal:        1844596 kB
MemFree:          970684 kB
MemAvailable:    1545180 kB
Buffers:           30488 kB
Cached:           646284 kB
MemTotal:        1844596 kB
MemFree:          970684 kB
MemAvailable:    1545180 kB
Buffers:           30488 kB
Cached:           646284 kB
MemTotal:        1844596 kB
MemFree:          969916 kB
MemAvailable:    1544412 kB
Buffers:           30488 kB
Cached:           646284 kB
MemTotal:        1844596 kB
MemFree:          968228 kB
MemAvailable:    1542724 kB
Buffers:           30488 kB
Cached:           646284 kB
MemTotal:        1844596 kB
MemFree:          968784 kB
MemAvailable:    1543280 kB
Buffers:           30488 kB
Cached:           646284 kB
MemTotal:        1844596 kB
MemFree:          967368 kB
MemAvailable:    1541864 kB
Buffers:           30488 kB
Cached:           646284 kB
MemTotal:        1844596 kB
MemFree:          968224 kB
MemAvailable:    1542720 kB
Buffers:           30488 kB
Cached:           646284 kB
MemTotal:        1844596 kB
MemFree:          966976 kB
MemAvailable:    1541472 kB
Buffers:           30488 kB
Cached:           646284 kB
MemTotal:        1844596 kB
MemFree:          968152 kB
MemAvailable:    1542648 kB
Buffers:           30488 kB
Cached:           646284 kB
MemTotal:        1844596 kB
MemFree:          968236 kB
MemAvailable:    1542732 kB
Buffers:           30488 kB
Cached:           646284 kB
MemTotal:        1844596 kB
MemFree:          967492 kB
MemAvailable:    1541988 kB
Buffers:           30488 kB
Cached:           646284 kB
MemTotal:        1844596 kB
MemFree:          968172 kB
MemAvailable:    1542668 kB
Buffers:           30488 kB
Cached:           646284 kB
MemTotal:        1844596 kB
MemFree:          968276 kB
MemAvailable:    1542772 kB
Buffers:           30488 kB
Cached:           646284 kB
MemTotal:        1844596 kB
MemFree:          967224 kB
MemAvailable:    1541720 kB
Buffers:           30488 kB
Cached:           646284 kB
MemTotal:        1844596 kB
MemFree:          969456 kB
MemAvailable:    1543952 kB
Buffers:           30488 kB
Cached:           646284 kB
MemTotal:        1844596 kB
MemFree:          968184 kB
MemAvailable:    1542680 kB
Buffers:           30488 kB
Cached:           646284 kB
MemTotal:        1844596 kB
MemFree:          969492 kB
MemAvailable:    1543988 kB
Buffers:           30488 kB
Cached:           646284 kB
MemTotal:        1844596 kB
MemFree:          966872 kB
MemAvailable:    1541368 kB
Buffers:           30488 kB
Cached:           646284 kB
MemTotal:        1844596 kB
MemFree:          965508 kB
MemAvailable:    1540004 kB
Buffers:           30488 kB
Cached:           646284 kB
MemTotal:        1844596 kB
MemFree:          965128 kB
MemAvailable:    1539624 kB
Buffers:           30488 kB
Cached:           646284 kB
MemTotal:        1844596 kB
MemFree:          965568 kB
MemAvailable:    1540064 kB
Buffers:           30488 kB
Cached:           646284 kB
MemTotal:        1844596 kB
MemFree:          965376 kB
MemAvailable:    1539872 kB
Buffers:           30488 kB
Cached:           646284 kB
MemTotal:        1844596 kB
MemFree:          964872 kB
MemAvailable:    1539368 kB
Buffers:           30488 kB
Cached:           646284 kB
MemTotal:        1844596 kB
MemFree:          964392 kB
MemAvailable:    1538888 kB
Buffers:           30488 kB
Cached:           646284 kB
MemTotal:        1844596 kB
MemFree:          964392 kB
MemAvailable:    1538888 kB
Buffers:           30488 kB
Cached:           646284 kB
MemTotal:        1844596 kB
MemFree:          963020 kB
MemAvailable:    1537516 kB
Buffers:           30488 kB
Cached:           646284 kB
MemTotal:        1844596 kB
MemFree:          963012 kB
MemAvailable:    1537508 kB
Buffers:           30488 kB
Cached:           646284 kB
MemTotal:        1844596 kB
MemFree:          964128 kB
MemAvailable:    1538624 kB
Buffers:           30488 kB
Cached:           646284 kB
MemTotal:        1844596 kB
MemFree:          964384 kB
MemAvailable:    1538880 kB
Buffers:           30488 kB
Cached:           646284 kB
MemTotal:        1844596 kB
MemFree:          963988 kB
MemAvailable:    1538484 kB
Buffers:           30488 kB
Cached:           646284 kB
MemTotal:        1844596 kB
MemFree:          963988 kB
MemAvailable:    1538484 kB
Buffers:           30488 kB
Cached:           646284 kB
MemTotal:        1844596 kB
MemFree:          963824 kB
MemAvailable:    1538320 kB
Buffers:           30488 kB
Cached:           646284 kB
MemTotal:        1844596 kB
MemFree:          962656 kB
MemAvailable:    1537152 kB
Buffers:           30488 kB
Cached:           646284 kB
MemTotal:        1844596 kB
MemFree:          963528 kB
MemAvailable:    1538024 kB
Buffers:           30488 kB
Cached:           646284 kB
MemTotal:        1844596 kB
MemFree:          962096 kB
MemAvailable:    1536592 kB
Buffers:           30488 kB
Cached:           646284 kB
MemTotal:        1844596 kB
MemFree:          961772 kB
MemAvailable:    1536268 kB
Buffers:           30488 kB
Cached:           646284 kB
MemTotal:        1844596 kB
MemFree:          961772 kB
MemAvailable:    1536268 kB
Buffers:           30488 kB
Cached:           646284 kB
MemTotal:        1844596 kB
MemFree:          963072 kB
MemAvailable:    1537568 kB
Buffers:           30488 kB
Cached:           646284 kB
MemTotal:        1844596 kB
MemFree:          961848 kB
MemAvailable:    1536344 kB
Buffers:           30488 kB
Cached:           646284 kB
MemTotal:        1844596 kB
MemFree:          963276 kB
MemAvailable:    1537772 kB
Buffers:           30488 kB
Cached:           646284 kB
MemTotal:        1844596 kB
MemFree:          962892 kB
MemAvailable:    1537388 kB
Buffers:           30488 kB
Cached:           646284 kB
MemTotal:        1844596 kB
MemFree:          962984 kB
MemAvailable:    1537480 kB
Buffers:           30488 kB
Cached:           646284 kB
MemTotal:        1844596 kB
MemFree:          963236 kB
MemAvailable:    1537732 kB
Buffers:           30488 kB
Cached:           646284 kB
MemTotal:        1844596 kB
MemFree:          961620 kB
MemAvailable:    1536116 kB
Buffers:           30488 kB
Cached:           646284 kB
MemTotal:        1844596 kB
MemFree:          962860 kB
MemAvailable:    1537356 kB
Buffers:           30488 kB
Cached:           646284 kB
MemTotal:        1844596 kB
MemFree:          963116 kB
MemAvailable:    1537612 kB
Buffers:           30488 kB
Cached:           646284 kB
MemTotal:        1844596 kB
MemFree:          962656 kB
MemAvailable:    1537152 kB
Buffers:           30488 kB
Cached:           646284 kB
MemTotal:        1844596 kB
MemFree:          961236 kB
MemAvailable:    1535732 kB
Buffers:           30488 kB
Cached:           646284 kB
MemTotal:        1844596 kB
MemFree:          961912 kB
MemAvailable:    1536408 kB
Buffers:           30488 kB
Cached:           646284 kB
MemTotal:        1844596 kB
MemFree:          962212 kB
MemAvailable:    1536708 kB
Buffers:           30488 kB
Cached:           646284 kB
MemTotal:        1844596 kB
MemFree:          962464 kB
MemAvailable:    1536960 kB
Buffers:           30488 kB
Cached:           646284 kB
MemTotal:        1844596 kB
MemFree:          961104 kB
MemAvailable:    1535600 kB
Buffers:           30488 kB
Cached:           646284 kB
MemTotal:        1844596 kB
MemFree:          962024 kB
MemAvailable:    1536520 kB
Buffers:           30488 kB
Cached:           646284 kB
MemTotal:        1844596 kB
MemFree:          960884 kB
MemAvailable:    1535380 kB
Buffers:           30488 kB
Cached:           646284 kB
MemTotal:        1844596 kB
MemFree:          962208 kB
MemAvailable:    1536704 kB
Buffers:           30488 kB
Cached:           646284 kB
MemTotal:        1844596 kB
MemFree:          962180 kB
MemAvailable:    1536676 kB
Buffers:           30488 kB
Cached:           646284 kB
MemTotal:        1844596 kB
MemFree:          961168 kB
MemAvailable:    1535664 kB
Buffers:           30488 kB
Cached:           646284 kB
MemTotal:        1844596 kB
MemFree:          961968 kB
MemAvailable:    1536464 kB
Buffers:           30488 kB
Cached:           646284 kB
MemTotal:        1844596 kB
MemFree:          962304 kB
MemAvailable:    1536800 kB
Buffers:           30488 kB
Cached:           646284 kB
MemTotal:        1844596 kB
MemFree:          961028 kB
MemAvailable:    1535524 kB
Buffers:           30488 kB
Cached:           646284 kB
MemTotal:        1844596 kB
MemFree:          962032 kB
MemAvailable:    1536528 kB
Buffers:           30488 kB
Cached:           646284 kB
MemTotal:        1844596 kB
MemFree:          961292 kB
MemAvailable:    1535788 kB
Buffers:           30488 kB
Cached:           646284 kB
MemTotal:        1844596 kB
MemFree:          960292 kB
MemAvailable:    1534788 kB
Buffers:           30488 kB
Cached:           646284 kB
MemTotal:        1844596 kB
MemFree:          960044 kB
MemAvailable:    1534540 kB
Buffers:           30488 kB
Cached:           646284 kB
MemTotal:        1844596 kB
MemFree:          958116 kB
MemAvailable:    1532612 kB
Buffers:           30488 kB
Cached:           646284 kB
MemTotal:        1844596 kB
MemFree:          956092 kB
MemAvailable:    1530588 kB
Buffers:           30488 kB
Cached:           646284 kB
MemTotal:        1844596 kB
MemFree:          954704 kB
MemAvailable:    1529200 kB
Buffers:           30488 kB
Cached:           646288 kB
MemTotal:        1844596 kB
MemFree:          954704 kB
MemAvailable:    1529200 kB
Buffers:           30488 kB
Cached:           646288 kB
MemTotal:        1844596 kB
MemFree:          953712 kB
MemAvailable:    1528208 kB
Buffers:           30488 kB
Cached:           646288 kB
MemTotal:        1844596 kB
MemFree:          953180 kB
MemAvailable:    1527676 kB
Buffers:           30488 kB
Cached:           646288 kB
MemTotal:        1844596 kB
MemFree:          954472 kB
MemAvailable:    1528968 kB
Buffers:           30488 kB
Cached:           646288 kB
MemTotal:        1844596 kB
MemFree:          954076 kB
MemAvailable:    1528572 kB
Buffers:           30488 kB
Cached:           646288 kB
MemTotal:        1844596 kB
MemFree:          954412 kB
MemAvailable:    1528908 kB
Buffers:           30488 kB
Cached:           646288 kB
MemTotal:        1844596 kB
MemFree:          954028 kB
MemAvailable:    1528524 kB
Buffers:           30488 kB
Cached:           646288 kB
MemTotal:        1844596 kB
MemFree:          954028 kB
MemAvailable:    1528524 kB
Buffers:           30488 kB
Cached:           646288 kB
MemTotal:        1844596 kB
MemFree:          954032 kB
MemAvailable:    1528528 kB
Buffers:           30488 kB
Cached:           646288 kB
MemTotal:        1844596 kB
MemFree:          954196 kB
MemAvailable:    1528692 kB
Buffers:           30488 kB
Cached:           646288 kB
MemTotal:        1844596 kB
MemFree:          953884 kB
MemAvailable:    1528380 kB
Buffers:           30488 kB
Cached:           646288 kB
MemTotal:        1844596 kB
MemFree:          953200 kB
MemAvailable:    1527696 kB
Buffers:           30488 kB
Cached:           646288 kB
MemTotal:        1844596 kB
MemFree:          952860 kB
MemAvailable:    1527356 kB
Buffers:           30488 kB
Cached:           646288 kB
MemTotal:        1844596 kB
MemFree:          953068 kB
MemAvailable:    1527564 kB
Buffers:           30488 kB
Cached:           646288 kB
MemTotal:        1844596 kB
MemFree:          954160 kB
MemAvailable:    1528656 kB
Buffers:           30488 kB
Cached:           646288 kB
MemTotal:        1844596 kB
MemFree:          952936 kB
MemAvailable:    1527432 kB
Buffers:           30488 kB
Cached:           646288 kB
MemTotal:        1844596 kB
MemFree:          953348 kB
MemAvailable:    1527844 kB
Buffers:           30488 kB
Cached:           646288 kB
MemTotal:        1844596 kB
MemFree:          954020 kB
MemAvailable:    1528516 kB
Buffers:           30488 kB
Cached:           646288 kB
MemTotal:        1844596 kB
MemFree:          953844 kB
MemAvailable:    1528340 kB
Buffers:           30488 kB
Cached:           646288 kB
MemTotal:        1844596 kB
MemFree:          953480 kB
MemAvailable:    1527984 kB
Buffers:           30488 kB
Cached:           646296 kB
MemTotal:        1844596 kB
MemFree:          953044 kB
MemAvailable:    1527548 kB
Buffers:           30488 kB
Cached:           646296 kB
MemTotal:        1844596 kB
MemFree:          952472 kB
MemAvailable:    1526976 kB
Buffers:           30488 kB
Cached:           646296 kB
MemTotal:        1844596 kB
MemFree:          952808 kB
MemAvailable:    1527312 kB
Buffers:           30488 kB
Cached:           646296 kB
MemTotal:        1844596 kB
MemFree:          952540 kB
MemAvailable:    1527044 kB
Buffers:           30488 kB
Cached:           646296 kB
MemTotal:        1844596 kB
MemFree:          949744 kB
MemAvailable:    1524248 kB
Buffers:           30488 kB
Cached:           646296 kB
MemTotal:        1844596 kB
MemFree:          951676 kB
MemAvailable:    1526180 kB
Buffers:           30488 kB
Cached:           646296 kB
MemTotal:        1844596 kB
MemFree:          951356 kB
MemAvailable:    1525860 kB
Buffers:           30488 kB
Cached:           646296 kB
MemTotal:        1844596 kB
MemFree:          951292 kB
MemAvailable:    1525796 kB
Buffers:           30488 kB
Cached:           646296 kB
MemTotal:        1844596 kB
MemFree:          949636 kB
MemAvailable:    1524140 kB
Buffers:           30488 kB
Cached:           646296 kB
MemTotal:        1844596 kB
MemFree:          949504 kB
MemAvailable:    1524008 kB
Buffers:           30488 kB
Cached:           646296 kB
MemTotal:        1844596 kB
MemFree:          950680 kB
MemAvailable:    1525184 kB
Buffers:           30488 kB
Cached:           646296 kB
MemTotal:        1844596 kB
MemFree:          950372 kB
MemAvailable:    1524876 kB
Buffers:           30488 kB
Cached:           646296 kB
MemTotal:        1844596 kB
MemFree:          950372 kB
MemAvailable:    1524876 kB
Buffers:           30488 kB
Cached:           646296 kB
MemTotal:        1844596 kB
MemFree:          950308 kB
MemAvailable:    1524812 kB
Buffers:           30488 kB
Cached:           646296 kB
MemTotal:        1844596 kB
MemFree:          950368 kB
MemAvailable:    1524872 kB
Buffers:           30488 kB
Cached:           646296 kB
MemTotal:        1844596 kB
MemFree:          948996 kB
MemAvailable:    1523500 kB
Buffers:           30488 kB
Cached:           646296 kB
MemTotal:        1844596 kB
MemFree:          950188 kB
MemAvailable:    1524692 kB
Buffers:           30488 kB
Cached:           646296 kB
MemTotal:        1844596 kB
MemFree:          950440 kB
MemAvailable:    1524944 kB
Buffers:           30488 kB
Cached:           646296 kB
MemTotal:        1844596 kB
MemFree:          950240 kB
MemAvailable:    1524744 kB
Buffers:           30488 kB
Cached:           646296 kB
MemTotal:        1844596 kB
MemFree:          950492 kB
MemAvailable:    1524996 kB
Buffers:           30488 kB
Cached:           646296 kB
MemTotal:        1844596 kB
MemFree:          950428 kB
MemAvailable:    1524932 kB
Buffers:           30488 kB
Cached:           646296 kB
MemTotal:        1844596 kB
MemFree:          950256 kB
MemAvailable:    1524760 kB
Buffers:           30488 kB
Cached:           646296 kB
MemTotal:        1844596 kB
MemFree:          949944 kB
MemAvailable:    1524448 kB
Buffers:           30488 kB
Cached:           646296 kB
MemTotal:        1844596 kB
MemFree:          949264 kB
MemAvailable:    1523768 kB
Buffers:           30488 kB
Cached:           646296 kB
MemTotal:        1844596 kB
MemFree:          947388 kB
MemAvailable:    1521892 kB
Buffers:           30488 kB
Cached:           646296 kB
MemTotal:        1844596 kB
MemFree:          947388 kB
MemAvailable:    1521892 kB
Buffers:           30488 kB
Cached:           646296 kB
MemTotal:        1844596 kB
MemFree:          944784 kB
MemAvailable:    1519288 kB
Buffers:           30488 kB
Cached:           646296 kB
MemTotal:        1844596 kB
MemFree:          944784 kB
MemAvailable:    1519288 kB
Buffers:           30488 kB
Cached:           646296 kB
MemTotal:        1844596 kB
MemFree:          944548 kB
MemAvailable:    1519052 kB
Buffers:           30488 kB
Cached:           646296 kB
MemTotal:        1844596 kB
MemFree:          944592 kB
MemAvailable:    1519096 kB
Buffers:           30488 kB
Cached:           646296 kB
MemTotal:        1844596 kB
MemFree:          944352 kB
MemAvailable:    1518856 kB
Buffers:           30488 kB
Cached:           646296 kB
MemTotal:        1844596 kB
MemFree:          944608 kB
MemAvailable:    1519112 kB
Buffers:           30488 kB
Cached:           646296 kB
MemTotal:        1844596 kB
MemFree:          943148 kB
MemAvailable:    1517652 kB
Buffers:           30500 kB
Cached:           646284 kB
MemTotal:        1844596 kB
MemFree:          944456 kB
MemAvailable:    1518960 kB
Buffers:           30500 kB
Cached:           646284 kB
MemTotal:        1844596 kB
MemFree:          944084 kB
MemAvailable:    1518588 kB
Buffers:           30500 kB
Cached:           646284 kB
MemTotal:        1844596 kB
MemFree:          944420 kB
MemAvailable:    1518924 kB
Buffers:           30500 kB
Cached:           646284 kB
MemTotal:        1844596 kB
MemFree:          944180 kB
MemAvailable:    1518684 kB
Buffers:           30500 kB
Cached:           646284 kB
MemTotal:        1844596 kB
MemFree:          944040 kB
MemAvailable:    1518544 kB
Buffers:           30500 kB
Cached:           646284 kB
MemTotal:        1844596 kB
MemFree:          944376 kB
MemAvailable:    1518880 kB
Buffers:           30500 kB
Cached:           646284 kB
MemTotal:        1844596 kB
MemFree:          943048 kB
MemAvailable:    1517552 kB
Buffers:           30500 kB
Cached:           646284 kB
MemTotal:        1844596 kB
MemFree:          942692 kB
MemAvailable:    1517196 kB
Buffers:           30500 kB
Cached:           646284 kB
MemTotal:        1844596 kB
MemFree:          941080 kB
MemAvailable:    1515584 kB
Buffers:           30500 kB
Cached:           646284 kB
MemTotal:        1844596 kB
MemFree:          940884 kB
MemAvailable:    1515388 kB
Buffers:           30500 kB
Cached:           646284 kB
MemTotal:        1844596 kB
MemFree:          941092 kB
MemAvailable:    1515596 kB
Buffers:           30500 kB
Cached:           646284 kB
MemTotal:        1844596 kB
MemFree:          939840 kB
MemAvailable:    1514344 kB
Buffers:           30500 kB
Cached:           646284 kB
MemTotal:        1844596 kB
MemFree:          940996 kB
MemAvailable:    1515500 kB
Buffers:           30500 kB
Cached:           646284 kB
MemTotal:        1844596 kB
MemFree:          940336 kB
MemAvailable:    1514840 kB
Buffers:           30500 kB
Cached:           646284 kB
MemTotal:        1844596 kB
MemFree:          940328 kB
MemAvailable:    1514832 kB
Buffers:           30500 kB
Cached:           646284 kB
MemTotal:        1844596 kB
MemFree:          941180 kB
MemAvailable:    1515684 kB
Buffers:           30500 kB
Cached:           646284 kB
MemTotal:        1844596 kB
MemFree:          941024 kB
MemAvailable:    1515528 kB
Buffers:           30500 kB
Cached:           646284 kB
MemTotal:        1844596 kB
MemFree:          942884 kB
MemAvailable:    1517388 kB
Buffers:           30500 kB
Cached:           646284 kB
MemTotal:        1844596 kB
MemFree:          942816 kB
MemAvailable:    1517320 kB
Buffers:           30500 kB
Cached:           646284 kB
MemTotal:        1844596 kB
MemFree:          942884 kB
MemAvailable:    1517556 kB
Buffers:           30500 kB
Cached:           646408 kB
MemTotal:        1844596 kB
MemFree:          942680 kB
MemAvailable:    1517352 kB
Buffers:           30500 kB
Cached:           646532 kB
MemTotal:        1844596 kB
MemFree:          941824 kB
MemAvailable:    1516580 kB
Buffers:           30500 kB
Cached:           646532 kB
MemTotal:        1844596 kB
MemFree:          942564 kB
MemAvailable:    1517488 kB
Buffers:           30500 kB
Cached:           646656 kB
MemTotal:        1844596 kB
MemFree:          941264 kB
MemAvailable:    1516188 kB
Buffers:           30500 kB
Cached:           646780 kB
MemTotal:        1844596 kB
MemFree:          942504 kB
MemAvailable:    1517596 kB
Buffers:           30500 kB
Cached:           646904 kB
MemTotal:        1844596 kB
MemFree:          942364 kB
MemAvailable:    1517456 kB
Buffers:           30500 kB
Cached:           646904 kB
MemTotal:        1844596 kB
MemFree:          942700 kB
MemAvailable:    1517792 kB
Buffers:           30500 kB
Cached:           646904 kB
MemTotal:        1844596 kB
MemFree:          942240 kB
MemAvailable:    1517332 kB
Buffers:           30500 kB
Cached:           646904 kB
MemTotal:        1844596 kB
MemFree:          942240 kB
MemAvailable:    1517332 kB
Buffers:           30500 kB
Cached:           646904 kB
MemTotal:        1844596 kB
MemFree:          942056 kB
MemAvailable:    1517148 kB
Buffers:           30500 kB
Cached:           646904 kB
MemTotal:        1844596 kB
MemFree:          942224 kB
MemAvailable:    1517316 kB
Buffers:           30500 kB
Cached:           646904 kB
MemTotal:        1844596 kB
MemFree:          942208 kB
MemAvailable:    1517300 kB
Buffers:           30500 kB
Cached:           646904 kB
MemTotal:        1844596 kB
MemFree:          942256 kB
MemAvailable:    1517348 kB
Buffers:           30500 kB
Cached:           646904 kB
MemTotal:        1844596 kB
MemFree:          942496 kB
MemAvailable:    1517084 kB
Buffers:           30500 kB
Cached:           646356 kB
MemTotal:        1844596 kB
MemFree:          941660 kB
MemAvailable:    1516248 kB
Buffers:           30500 kB
Cached:           646356 kB
MemTotal:        1844596 kB
MemFree:         1010588 kB
MemAvailable:    1585176 kB
Buffers:           30500 kB
Cached:           646356 kB
