MemTotal:        1844596 kB
MemFree:          795448 kB
MemAvailable:    1536404 kB
Buffers:           52324 kB
Cached:           795848 kB
MemTotal:        1844596 kB
MemFree:          795068 kB
MemAvailable:    1536024 kB
Buffers:           52324 kB
Cached:           795848 kB
MemTotal:        1844596 kB
MemFree:          792968 kB
MemAvailable:    1533924 kB
Buffers:           52324 kB
Cached:           795848 kB
MemTotal:        1844596 kB
MemFree:          792580 kB
MemAvailable:    1533536 kB
Buffers:           52324 kB
Cached:           795848 kB
MemTotal:        1844596 kB
MemFree:          792720 kB
MemAvailable:    1533676 kB
Buffers:           52324 kB
Cached:           795848 kB
MemTotal:        1844596 kB
MemFree:          791216 kB
MemAvailable:    1532172 kB
Buffers:           52324 kB
Cached:           795848 kB
MemTotal:        1844596 kB
MemFree:          788876 kB
MemAvailable:    1529832 kB
Buffers:           52324 kB
Cached:           795848 kB
MemTotal:        1844596 kB
MemFree:          786760 kB
MemAvailable:    1527716 kB
Buffers:           52324 kB
Cached:           795848 kB
MemTotal:        1844596 kB
MemFree:          785364 kB
MemAvailable:    1526320 kB
Buffers:           52324 kB
Cached:           795848 kB
MemTotal:        1844596 kB
MemFree:          782724 kB
MemAvailable:    1523680 kB
Buffers:           52324 kB
Cached:           795848 kB
MemTotal:        1844596 kB
MemFree:          782976 kB
MemAvailable:    1523932 kB
Buffers:           52324 kB
Cached:           795848 kB
MemTotal:        1844596 kB
MemFree:          782780 kB
MemAvailable:    1523736 kB
Buffers:           52324 kB
Cached:           795848 kB
MemTotal:        1844596 kB
MemFree:          782932 kB
MemAvailable:    1523888 kB
Buffers:           52324 kB
Cached:           795848 kB
MemTotal:        1844596 kB
MemFree:          781552 kB
MemAvailable:    1522508 kB
Buffers:           52324 kB
Cached:           795848 kB
MemTotal:        1844596 kB
MemFree:          781412 kB
MemAvailable:    1522368 kB
Buffers:           52324 kB
Cached:           795848 kB
MemTotal:        1844596 kB
MemFree:          782852 kB
MemAvailable:    1523808 kB
Buffers:           52324 kB
Cached:           795848 kB
MemTotal:        1844596 kB
MemFree:          780684 kB
MemAvailable:    1521640 kB
Buffers:           52324 kB
Cached:           795848 kB
MemTotal:        1844596 kB
MemFree:          780188 kB
MemAvailable:    1521144 kB
Buffers:           52324 kB
Cached:           795848 kB
MemTotal:        1844596 kB
MemFree:          779328 kB
MemAvailable:    1520284 kB
Buffers:           52324 kB
Cached:           795848 kB
MemTotal:        1844596 kB
MemFree:          779576 kB
MemAvailable:    1520532 kB
Buffers:           52324 kB
Cached:           795848 kB
MemTotal:        1844596 kB
MemFree:          780128 kB
MemAvailable:    1521084 kB
Buffers:           52324 kB
Cached:           795848 kB
MemTotal:        1844596 kB
MemFree:          780196 kB
MemAvailable:    1521152 kB
Buffers:           52324 kB
Cached:           795848 kB
MemTotal:        1844596 kB
MemFree:          779060 kB
MemAvailable:    1520016 kB
Buffers:           52324 kB
Cached:           795848 kB
MemTotal:        1844596 kB
MemFree:          780404 kB
MemAvailable:    1521364 kB
Buffers:           52324 kB
Cached:           795852 kB
MemTotal:        1844596 kB
MemFree:          779204 kB
MemAvailable:    1520164 kB
Buffers:           52324 kB
Cached:           795852 kB
MemTotal:        1844596 kB
MemFree:          780180 kB
MemAvailable:    1521140 kB
Buffers:           52324 kB
Cached:           795852 kB
MemTotal:        1844596 kB
MemFree:          780180 kB
MemAvailable:    1521140 kB
Buffers:           52324 kB
Cached:           795852 kB
MemTotal:        1844596 kB
MemFree:          780364 kB
MemAvailable:    1521324 kB
Buffers:           52324 kB
Cached:           795852 kB
MemTotal:        1844596 kB
MemFree:          780272 kB
MemAvailable:    1521232 kB
Buffers:           52324 kB
Cached:           795852 kB
MemTotal:        1844596 kB
MemFree:          781436 kB
MemAvailable:    1522396 kB
Buffers:           52324 kB
Cached:           795852 kB
MemTotal:        1844596 kB
MemFree:          778080 kB
MemAvailable:    1519040 kB
Buffers:           52324 kB
Cached:           795852 kB
MemTotal:        1844596 kB
MemFree:          778080 kB
MemAvailable:    1519040 kB
Buffers:           52324 kB
Cached:           795852 kB
MemTotal:        1844596 kB
MemFree:          777576 kB
MemAvailable:    1518536 kB
Buffers:           52324 kB
Cached:           795852 kB
MemTotal:        1844596 kB
MemFree:          776980 kB
MemAvailable:    1517940 kB
Buffers:           52324 kB
Cached:           795852 kB
MemTotal:        1844596 kB
MemFree:          775972 kB
MemAvailable:    1516932 kB
Buffers:           52324 kB
Cached:           795852 kB
MemTotal:        1844596 kB
MemFree:          777156 kB
MemAvailable:    1518116 kB
Buffers:           52324 kB
Cached:           795852 kB
MemTotal:        1844596 kB
MemFree:          775360 kB
MemAvailable:    1516320 kB
Buffers:           52324 kB
Cached:           795852 kB
MemTotal:        1844596 kB
MemFree:          776412 kB
MemAvailable:    1517372 kB
Buffers:           52324 kB
Cached:           795852 kB
MemTotal:        1844596 kB
MemFree:          776344 kB
MemAvailable:    1517304 kB
Buffers:           52324 kB
Cached:           795852 kB
MemTotal:        1844596 kB
MemFree:          775608 kB
MemAvailable:    1516568 kB
Buffers:           52324 kB
Cached:           795852 kB
MemTotal:        1844596 kB
MemFree:          775784 kB
MemAvailable:    1516744 kB
Buffers:           52324 kB
Cached:           795852 kB
MemTotal:        1844596 kB
MemFree:          776120 kB
MemAvailable:    1517080 kB
Buffers:           52324 kB
Cached:           795852 kB
MemTotal:        1844596 kB
MemFree:          775820 kB
MemAvailable:    1516780 kB
Buffers:           52324 kB
Cached:           795852 kB
MemTotal:        1844596 kB
MemFree:          775360 kB
MemAvailable:    1516320 kB
Buffers:           52324 kB
Cached:           795852 kB
MemTotal:        1844596 kB
MemFree:          775520 kB
MemAvailable:    1516480 kB
Buffers:           52324 kB
Cached:           795852 kB
MemTotal:        1844596 kB
MemFree:          773988 kB
MemAvailable:    1514948 kB
Buffers:           52324 kB
Cached:           795852 kB
MemTotal:        1844596 kB
MemFree:          775352 kB
MemAvailable:    1516312 kB
Buffers:           52324 kB
Cached:           795852 kB
MemTotal:        1844596 kB
MemFree:          775216 kB
MemAvailable:    1516176 kB
Buffers:           52324 kB
Cached:           795852 kB
MemTotal:        1844596 kB
MemFree:          775216 kB
MemAvailable:    1516176 kB
Buffers:           52324 kB
Cached:           795852 kB
MemTotal:        1844596 kB
MemFree:          773856 kB
MemAvailable:    1514816 kB
Buffers:           52324 kB
Cached:           795852 kB
MemTotal:        1844596 kB
MemFree:          773864 kB
MemAvailable:    1514824 kB
Buffers:           52324 kB
Cached:           795852 kB
MemTotal:        1844596 kB
MemFree:          775048 kB
MemAvailable:    1516008 kB
Buffers:           52324 kB
Cached:           795852 kB
MemTotal:        1844596 kB
MemFree:          775216 kB
MemAvailable:    1516176 kB
Buffers:           52324 kB
Cached:           795852 kB
MemTotal:        1844596 kB
MemFree:          775100 kB
MemAvailable:    1516060 kB
Buffers:           52324 kB
Cached:           795852 kB
MemTotal:        1844596 kB
MemFree:          773852 kB
MemAvailable:    1514812 kB
Buffers:           52324 kB
Cached:           795852 kB
MemTotal:        1844596 kB
MemFree:          775112 kB
MemAvailable:    1516072 kB
Buffers:           52324 kB
Cached:           795852 kB
MemTotal:        1844596 kB
MemFree:          773804 kB
MemAvailable:    1514764 kB
Buffers:           52324 kB
Cached:           795852 kB
MemTotal:        1844596 kB
MemFree:          774780 kB
MemAvailable:    1515740 kB
Buffers:           52324 kB
Cached:           795852 kB
MemTotal:        1844596 kB
MemFree:          774616 kB
MemAvailable:    1515576 kB
Buffers:           52324 kB
Cached:           795852 kB
MemTotal:        1844596 kB
MemFree:          774436 kB
MemAvailable:    1515396 kB
Buffers:           52324 kB
Cached:           795852 kB
MemTotal:        1844596 kB
MemFree:          774296 kB
MemAvailable:    1515256 kB
Buffers:           52324 kB
Cached:           795852 kB
MemTotal:        1844596 kB
MemFree:          774632 kB
MemAvailable:    1515592 kB
Buffers:           52324 kB
Cached:           795852 kB
MemTotal:        1844596 kB
MemFree:          774164 kB
MemAvailable:    1515124 kB
Buffers:           52324 kB
Cached:           795852 kB
MemTotal:        1844596 kB
MemFree:          774164 kB
MemAvailable:    1515124 kB
Buffers:           52324 kB
Cached:           795852 kB
MemTotal:        1844596 kB
MemFree:          774064 kB
MemAvailable:    1515024 kB
Buffers:           52324 kB
Cached:           795852 kB
MemTotal:        1844596 kB
MemFree:          774184 kB
MemAvailable:    1515144 kB
Buffers:           52324 kB
Cached:           795852 kB
MemTotal:        1844596 kB
MemFree:          772856 kB
MemAvailable:    1513816 kB
Buffers:           52324 kB
Cached:           795852 kB
MemTotal:        1844596 kB
MemFree:          773172 kB
MemAvailable:    1514132 kB
Buffers:           52324 kB
Cached:           795852 kB
MemTotal:        1844596 kB
MemFree:          772800 kB
MemAvailable:    1513760 kB
Buffers:           52324 kB
Cached:           795852 kB
MemTotal:        1844596 kB
MemFree:          774100 kB
MemAvailable:    1515060 kB
Buffers:           52324 kB
Cached:           795852 kB
MemTotal:        1844596 kB
MemFree:          772508 kB
MemAvailable:    1513468 kB
Buffers:           52324 kB
Cached:           795852 kB
MemTotal:        1844596 kB
MemFree:          771128 kB
MemAvailable:    1512092 kB
Buffers:           52324 kB
Cached:           795856 kB
MemTotal:        1844596 kB
MemFree:          771128 kB
MemAvailable:    1512092 kB
Buffers:           52324 kB
Cached:           795856 kB
MemTotal:        1844596 kB
MemFree:          766664 kB
MemAvailable:    1507628 kB
Buffers:           52324 kB
Cached:           795856 kB
MemTotal:        1844596 kB
MemFree:          766184 kB
MemAvailable:    1507148 kB
Buffers:           52324 kB
Cached:           795856 kB
MemTotal:        1844596 kB
MemFree:          766428 kB
MemAvailable:    1507392 kB
Buffers:           52324 kB
Cached:           795856 kB
MemTotal:        1844596 kB
MemFree:          766304 kB
MemAvailable:    1507268 kB
Buffers:           52324 kB
Cached:           795856 kB
MemTotal:        1844596 kB
MemFree:          765316 kB
MemAvailable:    1506280 kB
Buffers:           52324 kB
Cached:           795856 kB
MemTotal:        1844596 kB
MemFree:          766032 kB
MemAvailable:    1506996 kB
Buffers:           52324 kB
Cached:           795856 kB
MemTotal:        1844596 kB
MemFree:          766368 kB
MemAvailable:    1507332 kB
Buffers:           52324 kB
Cached:           795856 kB
MemTotal:        1844596 kB
MemFree:          766040 kB
MemAvailable:    1507004 kB
Buffers:           52324 kB
Cached:           795856 kB
MemTotal:        1844596 kB
MemFree:          766044 kB
MemAvailable:    1507008 kB
Buffers:           52324 kB
Cached:           795856 kB
MemTotal:        1844596 kB
MemFree:          766184 kB
MemAvailable:    1507148 kB
Buffers:           52324 kB
Cached:           795856 kB
MemTotal:        1844596 kB
MemFree:          766172 kB
MemAvailable:    1507136 kB
Buffers:           52324 kB
Cached:           795856 kB
MemTotal:        1844596 kB
MemFree:          766184 kB
MemAvailable:    1507148 kB
Buffers:           52324 kB
Cached:           795856 kB
MemTotal:        1844596 kB
MemFree:          765440 kB
MemAvailable:    1506404 kB
Buffers:           52324 kB
Cached:           795856 kB
MemTotal:        1844596 kB
MemFree:          766032 kB
MemAvailable:    1506996 kB
Buffers:           52324 kB
Cached:           795856 kB
MemTotal:        1844596 kB
MemFree:          766116 kB
MemAvailable:    1507080 kB
Buffers:           52324 kB
Cached:           795856 kB
MemTotal:        1844596 kB
MemFree:          766128 kB
MemAvailable:    1507092 kB
Buffers:           52324 kB
Cached:           795856 kB
MemTotal:        1844596 kB
MemFree:          765996 kB
MemAvailable:    1506960 kB
Buffers:           52324 kB
Cached:           795856 kB
MemTotal:        1844596 kB
MemFree:          765864 kB
MemAvailable:    1506828 kB
Buffers:           52324 kB
Cached:           795856 kB
MemTotal:        1844596 kB
MemFree:          764572 kB
MemAvailable:    1505536 kB
Buffers:           52324 kB
Cached:           795856 kB
MemTotal:        1844596 kB
MemFree:          765672 kB
MemAvailable:    1506640 kB
Buffers:           52324 kB
Cached:           795860 kB
MemTotal:        1844596 kB
MemFree:          763820 kB
MemAvailable:    1504788 kB
Buffers:           52336 kB
Cached:           795848 kB
MemTotal:        1844596 kB
MemFree:          764672 kB
MemAvailable:    1505652 kB
Buffers:           52336 kB
Cached:           795860 kB
MemTotal:        1844596 kB
MemFree:          765008 kB
MemAvailable:    1505988 kB
Buffers:           52336 kB
Cached:           795860 kB
MemTotal:        1844596 kB
MemFree:          764308 kB
MemAvailable:    1505288 kB
Buffers:           52336 kB
Cached:           795860 kB
MemTotal:        1844596 kB
MemFree:          764308 kB
MemAvailable:    1505288 kB
Buffers:           52336 kB
Cached:           795860 kB
MemTotal:        1844596 kB
MemFree:          763448 kB
MemAvailable:    1504432 kB
Buffers:           52336 kB
Cached:           795864 kB
MemTotal:        1844596 kB
MemFree:          763184 kB
MemAvailable:    1504168 kB
Buffers:           52336 kB
Cached:           795864 kB
MemTotal:        1844596 kB
MemFree:          763268 kB
MemAvailable:    1504252 kB
Buffers:           52336 kB
Cached:           795864 kB
MemTotal:        1844596 kB
MemFree:          762572 kB
MemAvailable:    1503556 kB
Buffers:           52336 kB
Cached:           795864 kB
MemTotal:        1844596 kB
MemFree:          762340 kB
MemAvailable:    1503324 kB
Buffers:           52336 kB
Cached:           795864 kB
MemTotal:        1844596 kB
MemFree:          762400 kB
MemAvailable:    1503384 kB
Buffers:           52336 kB
Cached:           795864 kB
MemTotal:        1844596 kB
MemFree:          761788 kB
MemAvailable:    1502772 kB
Buffers:           52336 kB
Cached:           795864 kB
MemTotal:        1844596 kB
MemFree:          762452 kB
MemAvailable:    1503436 kB
Buffers:           52336 kB
Cached:           795864 kB
MemTotal:        1844596 kB
MemFree:          762396 kB
MemAvailable:    1503380 kB
Buffers:           52336 kB
Cached:           795864 kB
MemTotal:        1844596 kB
MemFree:          762136 kB
MemAvailable:    1503120 kB
Buffers:           52336 kB
Cached:           795864 kB
MemTotal:        1844596 kB
MemFree:          762388 kB
MemAvailable:    1503372 kB
Buffers:           52336 kB
Cached:           795864 kB
MemTotal:        1844596 kB
MemFree:          762192 kB
MemAvailable:    1503176 kB
Buffers:           52336 kB
Cached:           795864 kB
MemTotal:        1844596 kB
MemFree:          762208 kB
MemAvailable:    1503192 kB
Buffers:           52336 kB
Cached:           795864 kB
MemTotal:        1844596 kB
MemFree:          762212 kB
MemAvailable:    1503196 kB
Buffers:           52336 kB
Cached:           795864 kB
MemTotal:        1844596 kB
MemFree:          760904 kB
MemAvailable:    1501888 kB
Buffers:           52336 kB
Cached:           795864 kB
MemTotal:        1844596 kB
MemFree:          762020 kB
MemAvailable:    1503004 kB
Buffers:           52336 kB
Cached:           795864 kB
MemTotal:        1844596 kB
MemFree:          760712 kB
MemAvailable:    1501696 kB
Buffers:           52336 kB
Cached:           795864 kB
MemTotal:        1844596 kB
MemFree:          756992 kB
MemAvailable:    1497976 kB
Buffers:           52336 kB
Cached:           795864 kB
MemTotal:        1844596 kB
MemFree:          756884 kB
MemAvailable:    1497868 kB
Buffers:           52336 kB
Cached:           795864 kB
MemTotal:        1844596 kB
MemFree:          756884 kB
MemAvailable:    1497868 kB
Buffers:           52336 kB
Cached:           795864 kB
MemTotal:        1844596 kB
MemFree:          756476 kB
MemAvailable:    1497460 kB
Buffers:           52336 kB
Cached:           795864 kB
MemTotal:        1844596 kB
MemFree:          756812 kB
MemAvailable:    1497796 kB
Buffers:           52336 kB
Cached:           795864 kB
MemTotal:        1844596 kB
MemFree:          756536 kB
MemAvailable:    1497520 kB
Buffers:           52336 kB
Cached:           795864 kB
MemTotal:        1844596 kB
MemFree:          756668 kB
MemAvailable:    1497652 kB
Buffers:           52336 kB
Cached:           795864 kB
MemTotal:        1844596 kB
MemFree:          755636 kB
MemAvailable:    1496620 kB
Buffers:           52336 kB
Cached:           795864 kB
MemTotal:        1844596 kB
MemFree:          756324 kB
MemAvailable:    1497308 kB
Buffers:           52336 kB
Cached:           795864 kB
MemTotal:        1844596 kB
MemFree:          755084 kB
MemAvailable:    1496068 kB
Buffers:           52336 kB
Cached:           795864 kB
MemTotal:        1844596 kB
MemFree:          755076 kB
MemAvailable:    1496060 kB
Buffers:           52336 kB
Cached:           795864 kB
MemTotal:        1844596 kB
MemFree:          755200 kB
MemAvailable:    1496184 kB
Buffers:           52336 kB
Cached:           795864 kB
MemTotal:        1844596 kB
MemFree:          755200 kB
MemAvailable:    1496184 kB
Buffers:           52336 kB
Cached:           795864 kB
MemTotal:        1844596 kB
MemFree:          755512 kB
MemAvailable:    1496496 kB
Buffers:           52336 kB
Cached:           795864 kB
MemTotal:        1844596 kB
MemFree:          755988 kB
MemAvailable:    1496972 kB
Buffers:           52336 kB
Cached:           795864 kB
MemTotal:        1844596 kB
MemFree:          756016 kB
MemAvailable:    1497000 kB
Buffers:           52336 kB
Cached:           795864 kB
MemTotal:        1844596 kB
MemFree:          755960 kB
MemAvailable:    1496944 kB
Buffers:           52336 kB
Cached:           795864 kB
MemTotal:        1844596 kB
MemFree:          754632 kB
MemAvailable:    1495616 kB
Buffers:           52336 kB
Cached:           795864 kB
MemTotal:        1844596 kB
MemFree:          754752 kB
MemAvailable:    1495736 kB
Buffers:           52336 kB
Cached:           795864 kB
MemTotal:        1844596 kB
MemFree:          754752 kB
MemAvailable:    1495736 kB
Buffers:           52336 kB
Cached:           795864 kB
MemTotal:        1844596 kB
MemFree:          753324 kB
MemAvailable:    1494308 kB
Buffers:           52336 kB
Cached:           795864 kB
MemTotal:        1844596 kB
MemFree:          753272 kB
MemAvailable:    1494256 kB
Buffers:           52336 kB
Cached:           795864 kB
MemTotal:        1844596 kB
MemFree:          753024 kB
MemAvailable:    1494008 kB
Buffers:           52336 kB
Cached:           795864 kB
MemTotal:        1844596 kB
MemFree:          751652 kB
MemAvailable:    1492636 kB
Buffers:           52336 kB
Cached:           795864 kB
MemTotal:        1844596 kB
MemFree:          752844 kB
MemAvailable:    1493828 kB
Buffers:           52336 kB
Cached:           795864 kB
MemTotal:        1844596 kB
MemFree:          753096 kB
MemAvailable:    1494080 kB
Buffers:           52336 kB
Cached:           795864 kB
MemTotal:        1844596 kB
MemFree:          754936 kB
MemAvailable:    1495920 kB
Buffers:           52336 kB
Cached:           795864 kB
MemTotal:        1844596 kB
MemFree:          755080 kB
MemAvailable:    1496064 kB
Buffers:           52336 kB
Cached:           795864 kB
MemTotal:        1844596 kB
MemFree:          754468 kB
MemAvailable:    1495452 kB
Buffers:           52336 kB
Cached:           795864 kB
MemTotal:        1844596 kB
MemFree:          754568 kB
MemAvailable:    1495720 kB
Buffers:           52336 kB
Cached:           796112 kB
MemTotal:        1844596 kB
MemFree:          754904 kB
MemAvailable:    1496056 kB
Buffers:           52336 kB
Cached:           796112 kB
MemTotal:        1844596 kB
MemFree:          754568 kB
MemAvailable:    1495888 kB
Buffers:           52336 kB
Cached:           796236 kB
MemTotal:        1844596 kB
MemFree:          754000 kB
MemAvailable:    1495488 kB
Buffers:           52336 kB
Cached:           796360 kB
MemTotal:        1844596 kB
MemFree:          754168 kB
MemAvailable:    1495656 kB
Buffers:           52336 kB
Cached:           796360 kB
MemTotal:        1844596 kB
MemFree:          754332 kB
MemAvailable:    1495820 kB
Buffers:           52336 kB
Cached:           796360 kB
MemTotal:        1844596 kB
MemFree:          754272 kB
MemAvailable:    1495844 kB
Buffers:           52336 kB
Cached:           796484 kB
MemTotal:        1844596 kB
MemFree:          754200 kB
MemAvailable:    1495772 kB
Buffers:           52336 kB
Cached:           796484 kB
MemTotal:        1844596 kB
MemFree:          752828 kB
MemAvailable:    1494400 kB
Buffers:           52336 kB
Cached:           796484 kB
MemTotal:        1844596 kB
MemFree:          754012 kB
MemAvailable:    1495584 kB
Buffers:           52336 kB
Cached:           796484 kB
MemTotal:        1844596 kB
MemFree:          753932 kB
MemAvailable:    1495504 kB
Buffers:           52336 kB
Cached:           796484 kB
MemTotal:        1844596 kB
MemFree:          754148 kB
MemAvailable:    1495720 kB
Buffers:           52336 kB
Cached:           796484 kB
MemTotal:        1844596 kB
MemFree:          754248 kB
MemAvailable:    1495316 kB
Buffers:           52336 kB
Cached:           795892 kB
MemTotal:        1844596 kB
MemFree:          754388 kB
MemAvailable:    1495456 kB
Buffers:           52336 kB
Cached:           795892 kB
MemTotal:        1844596 kB
MemFree:          820160 kB
MemAvailable:    1561228 kB
Buffers:           52336 kB
Cached:           795892 kB
