MemTotal:        1844596 kB
MemFree:          814552 kB
MemAvailable:    1537444 kB
Buffers:           50516 kB
Cached:           781068 kB
MemTotal:        1844596 kB
MemFree:          815380 kB
MemAvailable:    1538272 kB
Buffers:           50516 kB
Cached:           781068 kB
MemTotal:        1844596 kB
MemFree:          812188 kB
MemAvailable:    1535080 kB
Buffers:           50516 kB
Cached:           781068 kB
MemTotal:        1844596 kB
MemFree:          813312 kB
MemAvailable:    1536208 kB
Buffers:           50516 kB
Cached:           781072 kB
MemTotal:        1844596 kB
MemFree:          810708 kB
MemAvailable:    1533604 kB
Buffers:           50516 kB
Cached:           781072 kB
MemTotal:        1844596 kB
MemFree:          811824 kB
MemAvailable:    1534720 kB
Buffers:           50516 kB
Cached:           781072 kB
MemTotal:        1844596 kB
MemFree:          810072 kB
MemAvailable:    1532968 kB
Buffers:           50516 kB
Cached:           781072 kB
MemTotal:        1844596 kB
MemFree:          810160 kB
MemAvailable:    1533056 kB
Buffers:           50516 kB
Cached:           781072 kB
MemTotal:        1844596 kB
MemFree:          805244 kB
MemAvailable:    1528140 kB
Buffers:           50516 kB
Cached:           781072 kB
MemTotal:        1844596 kB
MemFree:          805204 kB
MemAvailable:    1528100 kB
Buffers:           50516 kB
Cached:           781072 kB
MemTotal:        1844596 kB
MemFree:          800716 kB
MemAvailable:    1523612 kB
Buffers:           50516 kB
Cached:           781072 kB
MemTotal:        1844596 kB
MemFree:          800636 kB
MemAvailable:    1523532 kB
Buffers:           50516 kB
Cached:           781072 kB
MemTotal:        1844596 kB
MemFree:          800504 kB
MemAvailable:    1523400 kB
Buffers:           50516 kB
Cached:           781072 kB
MemTotal:        1844596 kB
MemFree:          802056 kB
MemAvailable:    1524952 kB
Buffers:           50516 kB
Cached:           781072 kB
MemTotal:        1844596 kB
MemFree:          801724 kB
MemAvailable:    1524620 kB
Buffers:           50516 kB
Cached:           781072 kB
MemTotal:        1844596 kB
MemFree:          801976 kB
MemAvailable:    1524872 kB
Buffers:           50516 kB
Cached:           781072 kB
MemTotal:        1844596 kB
MemFree:          801576 kB
MemAvailable:    1524472 kB
Buffers:           50516 kB
Cached:           781072 kB
MemTotal:        1844596 kB
MemFree:          801220 kB
MemAvailable:    1524116 kB
Buffers:           50516 kB
Cached:           781072 kB
MemTotal:        1844596 kB
MemFree:          799672 kB
MemAvailable:    1522568 kB
Buffers:           50516 kB
Cached:           781072 kB
MemTotal:        1844596 kB
MemFree:          799656 kB
MemAvailable:    1522552 kB
Buffers:           50516 kB
Cached:           781072 kB
MemTotal:        1844596 kB
MemFree:          799992 kB
MemAvailable:    1522888 kB
Buffers:           50516 kB
Cached:           781072 kB
MemTotal:        1844596 kB
MemFree:          798540 kB
MemAvailable:    1521436 kB
Buffers:           50516 kB
Cached:           781072 kB
MemTotal:        1844596 kB
MemFree:          799788 kB
MemAvailable:    1522684 kB
Buffers:           50516 kB
Cached:           781072 kB
MemTotal:        1844596 kB
MemFree:          798556 kB
MemAvailable:    1521452 kB
Buffers:           50516 kB
Cached:           781072 kB
MemTotal:        1844596 kB
MemFree:          798556 kB
MemAvailable:    1521452 kB
Buffers:           50516 kB
Cached:           781072 kB
MemTotal:        1844596 kB
MemFree:          798680 kB
MemAvailable:    1521576 kB
Buffers:           50516 kB
Cached:           781072 kB
MemTotal:        1844596 kB
MemFree:          799532 kB
MemAvailable:    1522428 kB
Buffers:           50516 kB
Cached:           781072 kB
MemTotal:        1844596 kB
MemFree:          799052 kB
MemAvailable:    1521948 kB
Buffers:           50516 kB
Cached:           781072 kB
MemTotal:        1844596 kB
MemFree:          800664 kB
MemAvailable:    1523560 kB
Buffers:           50516 kB
Cached:           781072 kB
MemTotal:        1844596 kB
MemFree:          800788 kB
MemAvailable:    1523684 kB
Buffers:           50516 kB
Cached:           781072 kB
MemTotal:        1844596 kB
MemFree:          799796 kB
MemAvailable:    1522692 kB
Buffers:           50516 kB
Cached:           781072 kB
MemTotal:        1844596 kB
MemFree:          797920 kB
MemAvailable:    1520816 kB
Buffers:           50516 kB
Cached:           781072 kB
MemTotal:        1844596 kB
MemFree:          797564 kB
MemAvailable:    1520460 kB
Buffers:           50516 kB
Cached:           781072 kB
MemTotal:        1844596 kB
MemFree:          796068 kB
MemAvailable:    1518964 kB
Buffers:           50516 kB
Cached:           781072 kB
MemTotal:        1844596 kB
MemFree:          796756 kB
MemAvailable:    1519652 kB
Buffers:           50516 kB
Cached:           781072 kB
MemTotal:        1844596 kB
MemFree:          796060 kB
MemAvailable:    1518956 kB
Buffers:           50516 kB
Cached:           781072 kB
MemTotal:        1844596 kB
MemFree:          796144 kB
MemAvailable:    1519040 kB
Buffers:           50516 kB
Cached:           781072 kB
MemTotal:        1844596 kB
MemFree:          795448 kB
MemAvailable:    1518344 kB
Buffers:           50516 kB
Cached:           781072 kB
MemTotal:        1844596 kB
MemFree:          795092 kB
MemAvailable:    1517988 kB
Buffers:           50516 kB
Cached:           781072 kB
MemTotal:        1844596 kB
MemFree:          794044 kB
MemAvailable:    1516940 kB
Buffers:           50516 kB
Cached:           781072 kB
MemTotal:        1844596 kB
MemFree:          795016 kB
MemAvailable:    1517912 kB
Buffers:           50516 kB
Cached:           781072 kB
MemTotal:        1844596 kB
MemFree:          795268 kB
MemAvailable:    1518164 kB
Buffers:           50516 kB
Cached:           781072 kB
MemTotal:        1844596 kB
MemFree:          795196 kB
MemAvailable:    1518092 kB
Buffers:           50516 kB
Cached:           781072 kB
MemTotal:        1844596 kB
MemFree:          795132 kB
MemAvailable:    1518028 kB
Buffers:           50516 kB
Cached:           781072 kB
MemTotal:        1844596 kB
MemFree:          795148 kB
MemAvailable:    1518044 kB
Buffers:           50516 kB
Cached:           781072 kB
MemTotal:        1844596 kB
MemFree:          794772 kB
MemAvailable:    1517668 kB
Buffers:           50516 kB
Cached:           781072 kB
MemTotal:        1844596 kB
MemFree:          794576 kB
MemAvailable:    1517472 kB
Buffers:           50516 kB
Cached:           781072 kB
MemTotal:        1844596 kB
MemFree:          794444 kB
MemAvailable:    1517340 kB
Buffers:           50516 kB
Cached:           781072 kB
MemTotal:        1844596 kB
MemFree:          792920 kB
MemAvailable:    1515816 kB
Buffers:           50516 kB
Cached:           781072 kB
MemTotal:        1844596 kB
MemFree:          794392 kB
MemAvailable:    1517288 kB
Buffers:           50516 kB
Cached:           781072 kB
MemTotal:        1844596 kB
MemFree:          794812 kB
MemAvailable:    1517708 kB
Buffers:           50516 kB
Cached:           781072 kB
MemTotal:        1844596 kB
MemFree:          794836 kB
MemAvailable:    1517732 kB
Buffers:           50516 kB
Cached:           781072 kB
MemTotal:        1844596 kB
MemFree:          794704 kB
MemAvailable:    1517600 kB
Buffers:           50516 kB
Cached:           781072 kB
MemTotal:        1844596 kB
MemFree:          794712 kB
MemAvailable:    1517608 kB
Buffers:           50516 kB
Cached:           781072 kB
MemTotal:        1844596 kB
MemFree:          794820 kB
MemAvailable:    1517720 kB
Buffers:           50516 kB
Cached:           781076 kB
MemTotal:        1844596 kB
MemFree:          793256 kB
MemAvailable:    1516156 kB
Buffers:           50516 kB
Cached:           781076 kB
MemTotal:        1844596 kB
MemFree:          793504 kB
MemAvailable:    1516404 kB
Buffers:           50516 kB
Cached:           781076 kB
MemTotal:        1844596 kB
MemFree:          794620 kB
MemAvailable:    1517520 kB
Buffers:           50516 kB
Cached:           781076 kB
MemTotal:        1844596 kB
MemFree:          793504 kB
MemAvailable:    1516404 kB
Buffers:           50516 kB
Cached:           781076 kB
MemTotal:        1844596 kB
MemFree:          793992 kB
MemAvailable:    1516896 kB
Buffers:           50516 kB
Cached:           781080 kB
MemTotal:        1844596 kB
MemFree:          794248 kB
MemAvailable:    1517152 kB
Buffers:           50516 kB
Cached:           781080 kB
MemTotal:        1844596 kB
MemFree:          793920 kB
MemAvailable:    1516824 kB
Buffers:           50516 kB
Cached:           781080 kB
MemTotal:        1844596 kB
MemFree:          792760 kB
MemAvailable:    1515664 kB
Buffers:           50516 kB
Cached:           781080 kB
MemTotal:        1844596 kB
MemFree:          793508 kB
MemAvailable:    1516412 kB
Buffers:           50516 kB
Cached:           781080 kB
MemTotal:        1844596 kB
MemFree:          792076 kB
MemAvailable:    1514980 kB
Buffers:           50516 kB
Cached:           781080 kB
MemTotal:        1844596 kB
MemFree:          793376 kB
MemAvailable:    1516280 kB
Buffers:           50516 kB
Cached:           781080 kB
MemTotal:        1844596 kB
MemFree:          792200 kB
MemAvailable:    1515104 kB
Buffers:           50516 kB
Cached:           781080 kB
MemTotal:        1844596 kB
MemFree:          792388 kB
MemAvailable:    1515292 kB
Buffers:           50516 kB
Cached:           781080 kB
MemTotal:        1844596 kB
MemFree:          793556 kB
MemAvailable:    1516460 kB
Buffers:           50516 kB
Cached:           781080 kB
MemTotal:        1844596 kB
MemFree:          793308 kB
MemAvailable:    1516212 kB
Buffers:           50516 kB
Cached:           781080 kB
MemTotal:        1844596 kB
MemFree:          793228 kB
MemAvailable:    1516132 kB
Buffers:           50516 kB
Cached:           781080 kB
MemTotal:        1844596 kB
MemFree:          793228 kB
MemAvailable:    1516132 kB
Buffers:           50516 kB
Cached:           781080 kB
MemTotal:        1844596 kB
MemFree:          793200 kB
MemAvailable:    1516104 kB
Buffers:           50516 kB
Cached:           781080 kB
MemTotal:        1844596 kB
MemFree:          791952 kB
MemAvailable:    1514856 kB
Buffers:           50516 kB
Cached:           781080 kB
MemTotal:        1844596 kB
MemFree:          793168 kB
MemAvailable:    1516072 kB
Buffers:           50516 kB
Cached:           781080 kB
MemTotal:        1844596 kB
MemFree:          791820 kB
MemAvailable:    1514724 kB
Buffers:           50516 kB
Cached:           781080 kB
MemTotal:        1844596 kB
MemFree:          790652 kB
MemAvailable:    1513556 kB
Buffers:           50516 kB
Cached:           781080 kB
MemTotal:        1844596 kB
MemFree:          788280 kB
MemAvailable:    1511184 kB
Buffers:           50516 kB
Cached:           781080 kB
MemTotal:        1844596 kB
MemFree:          786188 kB
MemAvailable:    1509092 kB
Buffers:           50516 kB
Cached:           781080 kB
MemTotal:        1844596 kB
MemFree:          785868 kB
MemAvailable:    1508772 kB
Buffers:           50516 kB
Cached:           781080 kB
MemTotal:        1844596 kB
MemFree:          785072 kB
MemAvailable:    1507976 kB
Buffers:           50516 kB
Cached:           781080 kB
MemTotal:        1844596 kB
MemFree:          785448 kB
MemAvailable:    1508352 kB
Buffers:           50516 kB
Cached:           781080 kB
MemTotal:        1844596 kB
MemFree:          785508 kB
MemAvailable:    1508412 kB
Buffers:           50516 kB
Cached:           781080 kB
MemTotal:        1844596 kB
MemFree:          785564 kB
MemAvailable:    1508468 kB
Buffers:           50516 kB
Cached:           781080 kB
MemTotal:        1844596 kB
MemFree:          785156 kB
MemAvailable:    1508060 kB
Buffers:           50516 kB
Cached:           781080 kB
MemTotal:        1844596 kB
MemFree:          785492 kB
MemAvailable:    1508396 kB
Buffers:           50516 kB
Cached:           781080 kB
MemTotal:        1844596 kB
MemFree:          784040 kB
MemAvailable:    1506944 kB
Buffers:           50516 kB
Cached:           781080 kB
MemTotal:        1844596 kB
MemFree:          785300 kB
MemAvailable:    1508204 kB
Buffers:           50516 kB
Cached:           781080 kB
MemTotal:        1844596 kB
MemFree:          785148 kB
MemAvailable:    1508052 kB
Buffers:           50516 kB
Cached:           781080 kB
MemTotal:        1844596 kB
MemFree:          785404 kB
MemAvailable:    1508308 kB
Buffers:           50516 kB
Cached:           781080 kB
MemTotal:        1844596 kB
MemFree:          785180 kB
MemAvailable:    1508084 kB
Buffers:           50516 kB
Cached:           781080 kB
MemTotal:        1844596 kB
MemFree:          785156 kB
MemAvailable:    1508060 kB
Buffers:           50516 kB
Cached:           781080 kB
MemTotal:        1844596 kB
MemFree:          785064 kB
MemAvailable:    1507968 kB
Buffers:           50516 kB
Cached:           781080 kB
MemTotal:        1844596 kB
MemFree:          785232 kB
MemAvailable:    1508136 kB
Buffers:           50516 kB
Cached:           781080 kB
MemTotal:        1844596 kB
MemFree:          785196 kB
MemAvailable:    1508100 kB
Buffers:           50516 kB
Cached:           781080 kB
MemTotal:        1844596 kB
MemFree:          784948 kB
MemAvailable:    1507852 kB
Buffers:           50516 kB
Cached:           781080 kB
MemTotal:        1844596 kB
MemFree:          784684 kB
MemAvailable:    1507588 kB
Buffers:           50516 kB
Cached:           781080 kB
MemTotal:        1844596 kB
MemFree:          784684 kB
MemAvailable:    1507588 kB
Buffers:           50516 kB
Cached:           781080 kB
MemTotal:        1844596 kB
MemFree:          783824 kB
MemAvailable:    1506728 kB
Buffers:           50516 kB
Cached:           781080 kB
MemTotal:        1844596 kB
MemFree:          783416 kB
MemAvailable:    1506320 kB
Buffers:           50516 kB
Cached:           781080 kB
MemTotal:        1844596 kB
MemFree:          782832 kB
MemAvailable:    1505740 kB
Buffers:           50516 kB
Cached:           781084 kB
MemTotal:        1844596 kB
MemFree:          783444 kB
MemAvailable:    1506352 kB
Buffers:           50516 kB
Cached:           781084 kB
MemTotal:        1844596 kB
MemFree:          783780 kB
MemAvailable:    1506688 kB
Buffers:           50516 kB
Cached:           781084 kB
MemTotal:        1844596 kB
MemFree:          782520 kB
MemAvailable:    1505428 kB
Buffers:           50516 kB
Cached:           781084 kB
MemTotal:        1844596 kB
MemFree:          782204 kB
MemAvailable:    1505112 kB
Buffers:           50516 kB
Cached:           781084 kB
MemTotal:        1844596 kB
MemFree:          782288 kB
MemAvailable:    1505196 kB
Buffers:           50516 kB
Cached:           781084 kB
MemTotal:        1844596 kB
MemFree:          781848 kB
MemAvailable:    1504756 kB
Buffers:           50516 kB
Cached:           781084 kB
MemTotal:        1844596 kB
MemFree:          781584 kB
MemAvailable:    1504492 kB
Buffers:           50516 kB
Cached:           781084 kB
MemTotal:        1844596 kB
MemFree:          781668 kB
MemAvailable:    1504576 kB
Buffers:           50516 kB
Cached:           781084 kB
MemTotal:        1844596 kB
MemFree:          781540 kB
MemAvailable:    1504448 kB
Buffers:           50516 kB
Cached:           781084 kB
MemTotal:        1844596 kB
MemFree:          781468 kB
MemAvailable:    1504376 kB
Buffers:           50516 kB
Cached:           781084 kB
MemTotal:        1844596 kB
MemFree:          781144 kB
MemAvailable:    1504052 kB
Buffers:           50516 kB
Cached:           781084 kB
MemTotal:        1844596 kB
MemFree:          781212 kB
MemAvailable:    1504120 kB
Buffers:           50516 kB
Cached:           781084 kB
MemTotal:        1844596 kB
MemFree:          781460 kB
MemAvailable:    1504368 kB
Buffers:           50516 kB
Cached:           781084 kB
MemTotal:        1844596 kB
MemFree:          781372 kB
MemAvailable:    1504280 kB
Buffers:           50516 kB
Cached:           781084 kB
MemTotal:        1844596 kB
MemFree:          781496 kB
MemAvailable:    1504404 kB
Buffers:           50516 kB
Cached:           781084 kB
MemTotal:        1844596 kB
MemFree:          781412 kB
MemAvailable:    1504320 kB
Buffers:           50516 kB
Cached:           781084 kB
MemTotal:        1844596 kB
MemFree:          781088 kB
MemAvailable:    1503996 kB
Buffers:           50516 kB
Cached:           781084 kB
MemTotal:        1844596 kB
MemFree:          781424 kB
MemAvailable:    1504332 kB
Buffers:           50516 kB
Cached:           781084 kB
MemTotal:        1844596 kB
MemFree:          780856 kB
MemAvailable:    1503764 kB
Buffers:           50516 kB
Cached:           781084 kB
MemTotal:        1844596 kB
MemFree:          779924 kB
MemAvailable:    1502832 kB
Buffers:           50516 kB
Cached:           781084 kB
MemTotal:        1844596 kB
MemFree:          775152 kB
MemAvailable:    1498060 kB
Buffers:           50516 kB
Cached:           781084 kB
MemTotal:        1844596 kB
MemFree:          775832 kB
MemAvailable:    1498740 kB
Buffers:           50516 kB
Cached:           781084 kB
MemTotal:        1844596 kB
MemFree:          776084 kB
MemAvailable:    1498992 kB
Buffers:           50516 kB
Cached:           781084 kB
MemTotal:        1844596 kB
MemFree:          775704 kB
MemAvailable:    1498612 kB
Buffers:           50516 kB
Cached:           781084 kB
MemTotal:        1844596 kB
MemFree:          775400 kB
MemAvailable:    1498308 kB
Buffers:           50516 kB
Cached:           781084 kB
MemTotal:        1844596 kB
MemFree:          775628 kB
MemAvailable:    1498536 kB
Buffers:           50516 kB
Cached:           781084 kB
MemTotal:        1844596 kB
MemFree:          775760 kB
MemAvailable:    1498668 kB
Buffers:           50516 kB
Cached:           781084 kB
MemTotal:        1844596 kB
MemFree:          774252 kB
MemAvailable:    1497160 kB
Buffers:           50516 kB
Cached:           781084 kB
MemTotal:        1844596 kB
MemFree:          775104 kB
MemAvailable:    1498012 kB
Buffers:           50516 kB
Cached:           781084 kB
MemTotal:        1844596 kB
MemFree:          775204 kB
MemAvailable:    1498112 kB
Buffers:           50516 kB
Cached:           781084 kB
MemTotal:        1844596 kB
MemFree:          775540 kB
MemAvailable:    1498448 kB
Buffers:           50516 kB
Cached:           781084 kB
MemTotal:        1844596 kB
MemFree:          775240 kB
MemAvailable:    1498148 kB
Buffers:           50516 kB
Cached:           781084 kB
MemTotal:        1844596 kB
MemFree:          775576 kB
MemAvailable:    1498484 kB
Buffers:           50516 kB
Cached:           781084 kB
MemTotal:        1844596 kB
MemFree:          774000 kB
MemAvailable:    1496908 kB
Buffers:           50516 kB
Cached:           781084 kB
MemTotal:        1844596 kB
MemFree:          774904 kB
MemAvailable:    1497812 kB
Buffers:           50516 kB
Cached:           781084 kB
MemTotal:        1844596 kB
MemFree:          772912 kB
MemAvailable:    1495820 kB
Buffers:           50516 kB
Cached:           781084 kB
MemTotal:        1844596 kB
MemFree:          772664 kB
MemAvailable:    1495572 kB
Buffers:           50516 kB
Cached:           781084 kB
MemTotal:        1844596 kB
MemFree:          771176 kB
MemAvailable:    1494084 kB
Buffers:           50516 kB
Cached:           781084 kB
MemTotal:        1844596 kB
MemFree:          772360 kB
MemAvailable:    1495272 kB
Buffers:           50516 kB
Cached:           781088 kB
MemTotal:        1844596 kB
MemFree:          771052 kB
MemAvailable:    1493964 kB
Buffers:           50516 kB
Cached:           781088 kB
MemTotal:        1844596 kB
MemFree:          771804 kB
MemAvailable:    1494716 kB
Buffers:           50516 kB
Cached:           781088 kB
MemTotal:        1844596 kB
MemFree:          772300 kB
MemAvailable:    1495212 kB
Buffers:           50516 kB
Cached:           781088 kB
MemTotal:        1844596 kB
MemFree:          772344 kB
MemAvailable:    1495256 kB
Buffers:           50516 kB
Cached:           781088 kB
MemTotal:        1844596 kB
MemFree:          774164 kB
MemAvailable:    1497076 kB
Buffers:           50516 kB
Cached:           781088 kB
MemTotal:        1844596 kB
MemFree:          774348 kB
MemAvailable:    1497260 kB
Buffers:           50516 kB
Cached:           781088 kB
MemTotal:        1844596 kB
MemFree:          774028 kB
MemAvailable:    1497108 kB
Buffers:           50516 kB
Cached:           781212 kB
MemTotal:        1844596 kB
MemFree:          773704 kB
MemAvailable:    1496868 kB
Buffers:           50516 kB
Cached:           781460 kB
MemTotal:        1844596 kB
MemFree:          774040 kB
MemAvailable:    1497204 kB
Buffers:           50516 kB
Cached:           781460 kB
MemTotal:        1844596 kB
MemFree:          773872 kB
MemAvailable:    1497204 kB
Buffers:           50516 kB
Cached:           781584 kB
MemTotal:        1844596 kB
MemFree:          773668 kB
MemAvailable:    1497084 kB
Buffers:           50516 kB
Cached:           781708 kB
MemTotal:        1844596 kB
MemFree:          772672 kB
MemAvailable:    1496172 kB
Buffers:           50516 kB
Cached:           781708 kB
MemTotal:        1844596 kB
MemFree:          773580 kB
MemAvailable:    1497080 kB
Buffers:           50516 kB
Cached:           781708 kB
MemTotal:        1844596 kB
MemFree:          773540 kB
MemAvailable:    1497040 kB
Buffers:           50516 kB
Cached:           781708 kB
MemTotal:        1844596 kB
MemFree:          773376 kB
MemAvailable:    1496876 kB
Buffers:           50516 kB
Cached:           781708 kB
MemTotal:        1844596 kB
MemFree:          773628 kB
MemAvailable:    1497128 kB
Buffers:           50516 kB
Cached:           781708 kB
MemTotal:        1844596 kB
MemFree:          773492 kB
MemAvailable:    1496992 kB
Buffers:           50516 kB
Cached:           781708 kB
MemTotal:        1844596 kB
MemFree:          772788 kB
MemAvailable:    1496288 kB
Buffers:           50516 kB
Cached:           781708 kB
MemTotal:        1844596 kB
MemFree:          773532 kB
MemAvailable:    1497032 kB
Buffers:           50516 kB
Cached:           781708 kB
MemTotal:        1844596 kB
MemFree:          772232 kB
MemAvailable:    1495732 kB
Buffers:           50516 kB
Cached:           781708 kB
MemTotal:        1844596 kB
MemFree:          772480 kB
MemAvailable:    1496064 kB
Buffers:           50516 kB
Cached:           781832 kB
MemTotal:        1844596 kB
MemFree:          773772 kB
MemAvailable:    1496684 kB
Buffers:           50516 kB
Cached:           781076 kB
MemTotal:        1844596 kB
MemFree:          841440 kB
MemAvailable:    1564400 kB
Buffers:           50516 kB
Cached:           781124 kB
