MemTotal:        1844596 kB
MemFree:          768680 kB
MemAvailable:    1532964 kB
Buffers:           54732 kB
Cached:           814860 kB
MemTotal:        1844596 kB
MemFree:          764952 kB
MemAvailable:    1529236 kB
Buffers:           54732 kB
Cached:           814860 kB
MemTotal:        1844596 kB
MemFree:          766072 kB
MemAvailable:    1530356 kB
Buffers:           54732 kB
Cached:           814860 kB
MemTotal:        1844596 kB
MemFree:          766144 kB
MemAvailable:    1530428 kB
Buffers:           54732 kB
Cached:           814860 kB
MemTotal:        1844596 kB
MemFree:          763976 kB
MemAvailable:    1528260 kB
Buffers:           54732 kB
Cached:           814860 kB
MemTotal:        1844596 kB
MemFree:          763728 kB
MemAvailable:    1528012 kB
Buffers:           54732 kB
Cached:           814860 kB
MemTotal:        1844596 kB
MemFree:          763100 kB
MemAvailable:    1527384 kB
Buffers:           54732 kB
Cached:           814860 kB
MemTotal:        1844596 kB
MemFree:          761504 kB
MemAvailable:    1525788 kB
Buffers:           54732 kB
Cached:           814860 kB
MemTotal:        1844596 kB
MemFree:          756652 kB
MemAvailable:    1520936 kB
Buffers:           54732 kB
Cached:           814860 kB
MemTotal:        1844596 kB
MemFree:          754468 kB
MemAvailable:    1518752 kB
Buffers:           54732 kB
Cached:           814860 kB
MemTotal:        1844596 kB
MemFree:          754804 kB
MemAvailable:    1519088 kB
Buffers:           54732 kB
Cached:           814860 kB
MemTotal:        1844596 kB
MemFree:          754756 kB
MemAvailable:    1519040 kB
Buffers:           54732 kB
Cached:           814860 kB
MemTotal:        1844596 kB
MemFree:          755008 kB
MemAvailable:    1519292 kB
Buffers:           54732 kB
Cached:           814860 kB
MemTotal:        1844596 kB
MemFree:          754912 kB
MemAvailable:    1519196 kB
Buffers:           54732 kB
Cached:           814860 kB
MemTotal:        1844596 kB
MemFree:          754508 kB
MemAvailable:    1518792 kB
Buffers:           54732 kB
Cached:           814860 kB
MemTotal:        1844596 kB
MemFree:          754760 kB
MemAvailable:    1519044 kB
Buffers:           54732 kB
Cached:           814860 kB
MemTotal:        1844596 kB
MemFree:          752932 kB
MemAvailable:    1517216 kB
Buffers:           54732 kB
Cached:           814860 kB
MemTotal:        1844596 kB
MemFree:          751948 kB
MemAvailable:    1516232 kB
Buffers:           54732 kB
Cached:           814860 kB
MemTotal:        1844596 kB
MemFree:          752552 kB
MemAvailable:    1516848 kB
Buffers:           54732 kB
Cached:           814868 kB
MemTotal:        1844596 kB
MemFree:          752444 kB
MemAvailable:    1516740 kB
Buffers:           54732 kB
Cached:           814868 kB
MemTotal:        1844596 kB
MemFree:          751016 kB
MemAvailable:    1515312 kB
Buffers:           54732 kB
Cached:           814868 kB
MemTotal:        1844596 kB
MemFree:          752324 kB
MemAvailable:    1516620 kB
Buffers:           54732 kB
Cached:           814868 kB
MemTotal:        1844596 kB
MemFree:          751184 kB
MemAvailable:    1515480 kB
Buffers:           54732 kB
Cached:           814868 kB
MemTotal:        1844596 kB
MemFree:          752376 kB
MemAvailable:    1516672 kB
Buffers:           54732 kB
Cached:           814868 kB
MemTotal:        1844596 kB
MemFree:          752628 kB
MemAvailable:    1516924 kB
Buffers:           54732 kB
Cached:           814868 kB
MemTotal:        1844596 kB
MemFree:          752312 kB
MemAvailable:    1516608 kB
Buffers:           54732 kB
Cached:           814868 kB
MemTotal:        1844596 kB
MemFree:          751280 kB
MemAvailable:    1515576 kB
Buffers:           54732 kB
Cached:           814868 kB
MemTotal:        1844596 kB
MemFree:          752360 kB
MemAvailable:    1516656 kB
Buffers:           54732 kB
Cached:           814868 kB
MemTotal:        1844596 kB
MemFree:          752196 kB
MemAvailable:    1516492 kB
Buffers:           54732 kB
Cached:           814868 kB
MemTotal:        1844596 kB
MemFree:          751504 kB
MemAvailable:    1515800 kB
Buffers:           54732 kB
Cached:           814868 kB
MemTotal:        1844596 kB
MemFree:          750072 kB
MemAvailable:    1514368 kB
Buffers:           54732 kB
Cached:           814868 kB
MemTotal:        1844596 kB
MemFree:          750156 kB
MemAvailable:    1514452 kB
Buffers:           54732 kB
Cached:           814868 kB
MemTotal:        1844596 kB
MemFree:          749336 kB
MemAvailable:    1513632 kB
Buffers:           54732 kB
Cached:           814868 kB
MemTotal:        1844596 kB
MemFree:          749592 kB
MemAvailable:    1513888 kB
Buffers:           54732 kB
Cached:           814868 kB
MemTotal:        1844596 kB
MemFree:          748592 kB
MemAvailable:    1512888 kB
Buffers:           54732 kB
Cached:           814868 kB
MemTotal:        1844596 kB
MemFree:          748236 kB
MemAvailable:    1512532 kB
Buffers:           54732 kB
Cached:           814868 kB
MemTotal:        1844596 kB
MemFree:          748272 kB
MemAvailable:    1512568 kB
Buffers:           54732 kB
Cached:           814868 kB
MemTotal:        1844596 kB
MemFree:          747220 kB
MemAvailable:    1511516 kB
Buffers:           54732 kB
Cached:           814868 kB
MemTotal:        1844596 kB
MemFree:          748212 kB
MemAvailable:    1512508 kB
Buffers:           54732 kB
Cached:           814868 kB
MemTotal:        1844596 kB
MemFree:          748212 kB
MemAvailable:    1512508 kB
Buffers:           54732 kB
Cached:           814868 kB
MemTotal:        1844596 kB
MemFree:          747096 kB
MemAvailable:    1511392 kB
Buffers:           54732 kB
Cached:           814868 kB
MemTotal:        1844596 kB
MemFree:          748080 kB
MemAvailable:    1512376 kB
Buffers:           54732 kB
Cached:           814868 kB
MemTotal:        1844596 kB
MemFree:          746740 kB
MemAvailable:    1511036 kB
Buffers:           54732 kB
Cached:           814868 kB
MemTotal:        1844596 kB
MemFree:          746492 kB
MemAvailable:    1510788 kB
Buffers:           54732 kB
Cached:           814868 kB
MemTotal:        1844596 kB
MemFree:          746244 kB
MemAvailable:    1510540 kB
Buffers:           54732 kB
Cached:           814868 kB
MemTotal:        1844596 kB
MemFree:          747296 kB
MemAvailable:    1511592 kB
Buffers:           54732 kB
Cached:           814868 kB
MemTotal:        1844596 kB
MemFree:          747304 kB
MemAvailable:    1511600 kB
Buffers:           54732 kB
Cached:           814868 kB
MemTotal:        1844596 kB
MemFree:          745800 kB
MemAvailable:    1510096 kB
Buffers:           54732 kB
Cached:           814868 kB
MemTotal:        1844596 kB
MemFree:          747172 kB
MemAvailable:    1511468 kB
Buffers:           54732 kB
Cached:           814868 kB
MemTotal:        1844596 kB
MemFree:          746244 kB
MemAvailable:    1510540 kB
Buffers:           54732 kB
Cached:           814868 kB
MemTotal:        1844596 kB
MemFree:          747044 kB
MemAvailable:    1511340 kB
Buffers:           54732 kB
Cached:           814868 kB
MemTotal:        1844596 kB
MemFree:          746368 kB
MemAvailable:    1510664 kB
Buffers:           54732 kB
Cached:           814868 kB
MemTotal:        1844596 kB
MemFree:          745996 kB
MemAvailable:    1510292 kB
Buffers:           54732 kB
Cached:           814868 kB
MemTotal:        1844596 kB
MemFree:          747312 kB
MemAvailable:    1511608 kB
Buffers:           54732 kB
Cached:           814868 kB
MemTotal:        1844596 kB
MemFree:          746924 kB
MemAvailable:    1511220 kB
Buffers:           54732 kB
Cached:           814868 kB
MemTotal:        1844596 kB
MemFree:          746924 kB
MemAvailable:    1511220 kB
Buffers:           54732 kB
Cached:           814868 kB
MemTotal:        1844596 kB
MemFree:          746600 kB
MemAvailable:    1510896 kB
Buffers:           54732 kB
Cached:           814868 kB
MemTotal:        1844596 kB
MemFree:          746420 kB
MemAvailable:    1510716 kB
Buffers:           54732 kB
Cached:           814868 kB
MemTotal:        1844596 kB
MemFree:          746756 kB
MemAvailable:    1511052 kB
Buffers:           54732 kB
Cached:           814868 kB
MemTotal:        1844596 kB
MemFree:          746420 kB
MemAvailable:    1510716 kB
Buffers:           54732 kB
Cached:           814868 kB
MemTotal:        1844596 kB
MemFree:          745048 kB
MemAvailable:    1509344 kB
Buffers:           54732 kB
Cached:           814868 kB
MemTotal:        1844596 kB
MemFree:          746348 kB
MemAvailable:    1510644 kB
Buffers:           54732 kB
Cached:           814868 kB
MemTotal:        1844596 kB
MemFree:          746148 kB
MemAvailable:    1510444 kB
Buffers:           54732 kB
Cached:           814868 kB
MemTotal:        1844596 kB
MemFree:          746484 kB
MemAvailable:    1510780 kB
Buffers:           54732 kB
Cached:           814868 kB
MemTotal:        1844596 kB
MemFree:          745108 kB
MemAvailable:    1509404 kB
Buffers:           54732 kB
Cached:           814868 kB
MemTotal:        1844596 kB
MemFree:          746440 kB
MemAvailable:    1510736 kB
Buffers:           54732 kB
Cached:           814868 kB
MemTotal:        1844596 kB
MemFree:          746480 kB
MemAvailable:    1510776 kB
Buffers:           54732 kB
Cached:           814868 kB
MemTotal:        1844596 kB
MemFree:          746540 kB
MemAvailable:    1510836 kB
Buffers:           54732 kB
Cached:           814868 kB
MemTotal:        1844596 kB
MemFree:          744508 kB
MemAvailable:    1508804 kB
Buffers:           54732 kB
Cached:           814868 kB
MemTotal:        1844596 kB
MemFree:          742392 kB
MemAvailable:    1506688 kB
Buffers:           54732 kB
Cached:           814868 kB
MemTotal:        1844596 kB
MemFree:          742476 kB
MemAvailable:    1506772 kB
Buffers:           54732 kB
Cached:           814868 kB
MemTotal:        1844596 kB
MemFree:          738920 kB
MemAvailable:    1503216 kB
Buffers:           54732 kB
Cached:           814868 kB
MemTotal:        1844596 kB
MemFree:          738192 kB
MemAvailable:    1502488 kB
Buffers:           54732 kB
Cached:           814868 kB
MemTotal:        1844596 kB
MemFree:          737300 kB
MemAvailable:    1501596 kB
Buffers:           54732 kB
Cached:           814868 kB
MemTotal:        1844596 kB
MemFree:          737308 kB
MemAvailable:    1501604 kB
Buffers:           54732 kB
Cached:           814868 kB
MemTotal:        1844596 kB
MemFree:          738672 kB
MemAvailable:    1502968 kB
Buffers:           54732 kB
Cached:           814868 kB
MemTotal:        1844596 kB
MemFree:          737184 kB
MemAvailable:    1501480 kB
Buffers:           54732 kB
Cached:           814868 kB
MemTotal:        1844596 kB
MemFree:          738312 kB
MemAvailable:    1502608 kB
Buffers:           54732 kB
Cached:           814868 kB
MemTotal:        1844596 kB
MemFree:          738408 kB
MemAvailable:    1502704 kB
Buffers:           54732 kB
Cached:           814868 kB
MemTotal:        1844596 kB
MemFree:          738492 kB
MemAvailable:    1502788 kB
Buffers:           54732 kB
Cached:           814868 kB
MemTotal:        1844596 kB
MemFree:          738312 kB
MemAvailable:    1502608 kB
Buffers:           54732 kB
Cached:           814868 kB
MemTotal:        1844596 kB
MemFree:          738440 kB
MemAvailable:    1502736 kB
Buffers:           54732 kB
Cached:           814868 kB
MemTotal:        1844596 kB
MemFree:          737688 kB
MemAvailable:    1501984 kB
Buffers:           54732 kB
Cached:           814868 kB
MemTotal:        1844596 kB
MemFree:          738248 kB
MemAvailable:    1502544 kB
Buffers:           54732 kB
Cached:           814868 kB
MemTotal:        1844596 kB
MemFree:          738504 kB
MemAvailable:    1502800 kB
Buffers:           54732 kB
Cached:           814868 kB
MemTotal:        1844596 kB
MemFree:          737000 kB
MemAvailable:    1501296 kB
Buffers:           54732 kB
Cached:           814868 kB
MemTotal:        1844596 kB
MemFree:          737132 kB
MemAvailable:    1501428 kB
Buffers:           54732 kB
Cached:           814868 kB
MemTotal:        1844596 kB
MemFree:          737248 kB
MemAvailable:    1501544 kB
Buffers:           54732 kB
Cached:           814868 kB
MemTotal:        1844596 kB
MemFree:          736572 kB
MemAvailable:    1500868 kB
Buffers:           54732 kB
Cached:           814868 kB
MemTotal:        1844596 kB
MemFree:          737184 kB
MemAvailable:    1501480 kB
Buffers:           54732 kB
Cached:           814868 kB
MemTotal:        1844596 kB
MemFree:          737184 kB
MemAvailable:    1501480 kB
Buffers:           54732 kB
Cached:           814868 kB
MemTotal:        1844596 kB
MemFree:          736820 kB
MemAvailable:    1501128 kB
Buffers:           54732 kB
Cached:           814880 kB
MemTotal:        1844596 kB
MemFree:          735448 kB
MemAvailable:    1499756 kB
Buffers:           54732 kB
Cached:           814880 kB
MemTotal:        1844596 kB
MemFree:          735572 kB
MemAvailable:    1499880 kB
Buffers:           54732 kB
Cached:           814880 kB
MemTotal:        1844596 kB
MemFree:          735908 kB
MemAvailable:    1500216 kB
Buffers:           54732 kB
Cached:           814880 kB
MemTotal:        1844596 kB
MemFree:          734456 kB
MemAvailable:    1498764 kB
Buffers:           54732 kB
Cached:           814880 kB
MemTotal:        1844596 kB
MemFree:          734820 kB
MemAvailable:    1499128 kB
Buffers:           54732 kB
Cached:           814880 kB
MemTotal:        1844596 kB
MemFree:          734784 kB
MemAvailable:    1499092 kB
Buffers:           54732 kB
Cached:           814880 kB
MemTotal:        1844596 kB
MemFree:          733580 kB
MemAvailable:    1497888 kB
Buffers:           54732 kB
Cached:           814880 kB
MemTotal:        1844596 kB
MemFree:          734516 kB
MemAvailable:    1498824 kB
Buffers:           54732 kB
Cached:           814880 kB
MemTotal:        1844596 kB
MemFree:          733960 kB
MemAvailable:    1498268 kB
Buffers:           54732 kB
Cached:           814880 kB
MemTotal:        1844596 kB
MemFree:          734572 kB
MemAvailable:    1498880 kB
Buffers:           54732 kB
Cached:           814880 kB
MemTotal:        1844596 kB
MemFree:          734572 kB
MemAvailable:    1498880 kB
Buffers:           54732 kB
Cached:           814880 kB
MemTotal:        1844596 kB
MemFree:          734392 kB
MemAvailable:    1498700 kB
Buffers:           54732 kB
Cached:           814880 kB
MemTotal:        1844596 kB
MemFree:          734644 kB
MemAvailable:    1498952 kB
Buffers:           54732 kB
Cached:           814880 kB
MemTotal:        1844596 kB
MemFree:          734268 kB
MemAvailable:    1498576 kB
Buffers:           54732 kB
Cached:           814880 kB
MemTotal:        1844596 kB
MemFree:          732920 kB
MemAvailable:    1497228 kB
Buffers:           54732 kB
Cached:           814880 kB
MemTotal:        1844596 kB
MemFree:          734444 kB
MemAvailable:    1498752 kB
Buffers:           54732 kB
Cached:           814880 kB
MemTotal:        1844596 kB
MemFree:          734152 kB
MemAvailable:    1498460 kB
Buffers:           54732 kB
Cached:           814880 kB
MemTotal:        1844596 kB
MemFree:          732976 kB
MemAvailable:    1497284 kB
Buffers:           54732 kB
Cached:           814880 kB
MemTotal:        1844596 kB
MemFree:          730300 kB
MemAvailable:    1494608 kB
Buffers:           54732 kB
Cached:           814880 kB
MemTotal:        1844596 kB
MemFree:          728016 kB
MemAvailable:    1492324 kB
Buffers:           54732 kB
Cached:           814880 kB
MemTotal:        1844596 kB
MemFree:          727752 kB
MemAvailable:    1492060 kB
Buffers:           54732 kB
Cached:           814880 kB
MemTotal:        1844596 kB
MemFree:          728868 kB
MemAvailable:    1493176 kB
Buffers:           54732 kB
Cached:           814880 kB
MemTotal:        1844596 kB
MemFree:          728952 kB
MemAvailable:    1493260 kB
Buffers:           54732 kB
Cached:           814880 kB
MemTotal:        1844596 kB
MemFree:          728572 kB
MemAvailable:    1492880 kB
Buffers:           54732 kB
Cached:           814880 kB
MemTotal:        1844596 kB
MemFree:          728824 kB
MemAvailable:    1493132 kB
Buffers:           54732 kB
Cached:           814880 kB
MemTotal:        1844596 kB
MemFree:          728616 kB
MemAvailable:    1492924 kB
Buffers:           54732 kB
Cached:           814880 kB
MemTotal:        1844596 kB
MemFree:          728700 kB
MemAvailable:    1493008 kB
Buffers:           54732 kB
Cached:           814880 kB
MemTotal:        1844596 kB
MemFree:          728324 kB
MemAvailable:    1492632 kB
Buffers:           54732 kB
Cached:           814880 kB
MemTotal:        1844596 kB
MemFree:          728660 kB
MemAvailable:    1492968 kB
Buffers:           54732 kB
Cached:           814880 kB
MemTotal:        1844596 kB
MemFree:          727208 kB
MemAvailable:    1491516 kB
Buffers:           54732 kB
Cached:           814880 kB
MemTotal:        1844596 kB
MemFree:          726404 kB
MemAvailable:    1490712 kB
Buffers:           54732 kB
Cached:           814880 kB
MemTotal:        1844596 kB
MemFree:          725472 kB
MemAvailable:    1489780 kB
Buffers:           54732 kB
Cached:           814880 kB
MemTotal:        1844596 kB
MemFree:          725396 kB
MemAvailable:    1489704 kB
Buffers:           54732 kB
Cached:           814880 kB
MemTotal:        1844596 kB
MemFree:          725480 kB
MemAvailable:    1489788 kB
Buffers:           54732 kB
Cached:           814880 kB
MemTotal:        1844596 kB
MemFree:          725232 kB
MemAvailable:    1489540 kB
Buffers:           54732 kB
Cached:           814880 kB
MemTotal:        1844596 kB
MemFree:          724160 kB
MemAvailable:    1488468 kB
Buffers:           54732 kB
Cached:           814880 kB
MemTotal:        1844596 kB
MemFree:          724040 kB
MemAvailable:    1488348 kB
Buffers:           54732 kB
Cached:           814880 kB
MemTotal:        1844596 kB
MemFree:          725412 kB
MemAvailable:    1489720 kB
Buffers:           54732 kB
Cached:           814880 kB
MemTotal:        1844596 kB
MemFree:          727496 kB
MemAvailable:    1491804 kB
Buffers:           54732 kB
Cached:           814880 kB
MemTotal:        1844596 kB
MemFree:          727192 kB
MemAvailable:    1491668 kB
Buffers:           54732 kB
Cached:           815004 kB
MemTotal:        1844596 kB
MemFree:          725976 kB
MemAvailable:    1490452 kB
Buffers:           54732 kB
Cached:           815128 kB
MemTotal:        1844596 kB
MemFree:          726960 kB
MemAvailable:    1491604 kB
Buffers:           54732 kB
Cached:           815252 kB
MemTotal:        1844596 kB
MemFree:          726696 kB
MemAvailable:    1491508 kB
Buffers:           54732 kB
Cached:           815376 kB
MemTotal:        1844596 kB
MemFree:          726948 kB
MemAvailable:    1491760 kB
Buffers:           54732 kB
Cached:           815376 kB
MemTotal:        1844596 kB
MemFree:          726720 kB
MemAvailable:    1491616 kB
Buffers:           54732 kB
Cached:           815500 kB
MemTotal:        1844596 kB
MemFree:          726656 kB
MemAvailable:    1491552 kB
Buffers:           54732 kB
Cached:           815500 kB
MemTotal:        1844596 kB
MemFree:          725604 kB
MemAvailable:    1490500 kB
Buffers:           54732 kB
Cached:           815500 kB
MemTotal:        1844596 kB
MemFree:          726904 kB
MemAvailable:    1491800 kB
Buffers:           54732 kB
Cached:           815500 kB
MemTotal:        1844596 kB
MemFree:          726904 kB
MemAvailable:    1491800 kB
Buffers:           54732 kB
Cached:           815500 kB
MemTotal:        1844596 kB
MemFree:          725784 kB
MemAvailable:    1490680 kB
Buffers:           54732 kB
Cached:           815500 kB
MemTotal:        1844596 kB
MemFree:          726584 kB
MemAvailable:    1491480 kB
Buffers:           54732 kB
Cached:           815500 kB
MemTotal:        1844596 kB
MemFree:          726808 kB
MemAvailable:    1491704 kB
Buffers:           54732 kB
Cached:           815500 kB
MemTotal:        1844596 kB
MemFree:          727224 kB
MemAvailable:    1491532 kB
Buffers:           54732 kB
Cached:           814868 kB
MemTotal:        1844596 kB
MemFree:          725984 kB
MemAvailable:    1490292 kB
Buffers:           54732 kB
Cached:           814868 kB
MemTotal:        1844596 kB
MemFree:          794760 kB
MemAvailable:    1559152 kB
Buffers:           54732 kB
Cached:           814868 kB
