MemTotal:        1844596 kB
MemFree:          706824 kB
MemAvailable:    1529040 kB
Buffers:           60652 kB
Cached:           862116 kB
MemTotal:        1844596 kB
MemFree:          706080 kB
MemAvailable:    1528296 kB
Buffers:           60652 kB
Cached:           862116 kB
MemTotal:        1844596 kB
MemFree:          703540 kB
MemAvailable:    1525756 kB
Buffers:           60652 kB
Cached:           862116 kB
MemTotal:        1844596 kB
MemFree:          703468 kB
MemAvailable:    1525684 kB
Buffers:           60652 kB
Cached:           862116 kB
MemTotal:        1844596 kB
MemFree:          703344 kB
MemAvailable:    1525560 kB
Buffers:           60652 kB
Cached:           862116 kB
MemTotal:        1844596 kB
MemFree:          702300 kB
MemAvailable:    1524516 kB
Buffers:           60652 kB
Cached:           862116 kB
MemTotal:        1844596 kB
MemFree:          700804 kB
MemAvailable:    1523020 kB
Buffers:           60652 kB
Cached:           862116 kB
MemTotal:        1844596 kB
MemFree:          699820 kB
MemAvailable:    1522036 kB
Buffers:           60652 kB
Cached:           862116 kB
MemTotal:        1844596 kB
MemFree:          696224 kB
MemAvailable:    1518440 kB
Buffers:           60652 kB
Cached:           862116 kB
MemTotal:        1844596 kB
MemFree:          693000 kB
MemAvailable:    1515216 kB
Buffers:           60652 kB
Cached:           862116 kB
MemTotal:        1844596 kB
MemFree:          693368 kB
MemAvailable:    1515584 kB
Buffers:           60652 kB
Cached:           862116 kB
MemTotal:        1844596 kB
MemFree:          693404 kB
MemAvailable:    1515620 kB
Buffers:           60652 kB
Cached:           862116 kB
MemTotal:        1844596 kB
MemFree:          692096 kB
MemAvailable:    1514312 kB
Buffers:           60652 kB
Cached:           862116 kB
MemTotal:        1844596 kB
MemFree:          692216 kB
MemAvailable:    1514432 kB
Buffers:           60652 kB
Cached:           862116 kB
MemTotal:        1844596 kB
MemFree:          693240 kB
MemAvailable:    1515456 kB
Buffers:           60652 kB
Cached:           862116 kB
MemTotal:        1844596 kB
MemFree:          691868 kB
MemAvailable:    1514084 kB
Buffers:           60652 kB
Cached:           862116 kB
MemTotal:        1844596 kB
MemFree:          691752 kB
MemAvailable:    1513968 kB
Buffers:           60652 kB
Cached:           862116 kB
MemTotal:        1844596 kB
MemFree:          691836 kB
MemAvailable:    1514052 kB
Buffers:           60652 kB
Cached:           862116 kB
MemTotal:        1844596 kB
MemFree:          689900 kB
MemAvailable:    1512116 kB
Buffers:           60652 kB
Cached:           862116 kB
MemTotal:        1844596 kB
MemFree:          690024 kB
MemAvailable:    1512240 kB
Buffers:           60652 kB
Cached:           862116 kB
MemTotal:        1844596 kB
MemFree:          689776 kB
MemAvailable:    1511992 kB
Buffers:           60652 kB
Cached:           862116 kB
MemTotal:        1844596 kB
MemFree:          689892 kB
MemAvailable:    1512108 kB
Buffers:           60652 kB
Cached:           862116 kB
MemTotal:        1844596 kB
MemFree:          691076 kB
MemAvailable:    1513292 kB
Buffers:           60652 kB
Cached:           862116 kB
MemTotal:        1844596 kB
MemFree:          691076 kB
MemAvailable:    1513292 kB
Buffers:           60652 kB
Cached:           862116 kB
MemTotal:        1844596 kB
MemFree:          690820 kB
MemAvailable:    1513036 kB
Buffers:           60652 kB
Cached:           862116 kB
MemTotal:        1844596 kB
MemFree:          691832 kB
MemAvailable:    1514048 kB
Buffers:           60652 kB
Cached:           862116 kB
MemTotal:        1844596 kB
MemFree:          692116 kB
MemAvailable:    1514332 kB
Buffers:           60652 kB
Cached:           862116 kB
MemTotal:        1844596 kB
MemFree:          690832 kB
MemAvailable:    1513048 kB
Buffers:           60652 kB
Cached:           862116 kB
MemTotal:        1844596 kB
MemFree:          689884 kB
MemAvailable:    1512100 kB
Buffers:           60652 kB
Cached:           862116 kB
MemTotal:        1844596 kB
MemFree:          689968 kB
MemAvailable:    1512184 kB
Buffers:           60652 kB
Cached:           862116 kB
MemTotal:        1844596 kB
MemFree:          688396 kB
MemAvailable:    1510612 kB
Buffers:           60652 kB
Cached:           862116 kB
MemTotal:        1844596 kB
MemFree:          687544 kB
MemAvailable:    1509760 kB
Buffers:           60652 kB
Cached:           862116 kB
MemTotal:        1844596 kB
MemFree:          687792 kB
MemAvailable:    1510008 kB
Buffers:           60652 kB
Cached:           862116 kB
MemTotal:        1844596 kB
MemFree:          686552 kB
MemAvailable:    1508768 kB
Buffers:           60652 kB
Cached:           862116 kB
MemTotal:        1844596 kB
MemFree:          687040 kB
MemAvailable:    1509256 kB
Buffers:           60652 kB
Cached:           862116 kB
MemTotal:        1844596 kB
MemFree:          686916 kB
MemAvailable:    1509132 kB
Buffers:           60652 kB
Cached:           862116 kB
MemTotal:        1844596 kB
MemFree:          686620 kB
MemAvailable:    1508836 kB
Buffers:           60652 kB
Cached:           862116 kB
MemTotal:        1844596 kB
MemFree:          686716 kB
MemAvailable:    1508932 kB
Buffers:           60652 kB
Cached:           862116 kB
MemTotal:        1844596 kB
MemFree:          685528 kB
MemAvailable:    1507744 kB
Buffers:           60652 kB
Cached:           862116 kB
MemTotal:        1844596 kB
MemFree:          686664 kB
MemAvailable:    1508880 kB
Buffers:           60652 kB
Cached:           862116 kB
MemTotal:        1844596 kB
MemFree:          685932 kB
MemAvailable:    1508148 kB
Buffers:           60652 kB
Cached:           862116 kB
MemTotal:        1844596 kB
MemFree:          686364 kB
MemAvailable:    1508580 kB
Buffers:           60652 kB
Cached:           862116 kB
MemTotal:        1844596 kB
MemFree:          686364 kB
MemAvailable:    1508580 kB
Buffers:           60652 kB
Cached:           862116 kB
MemTotal:        1844596 kB
MemFree:          686628 kB
MemAvailable:    1508844 kB
Buffers:           60652 kB
Cached:           862116 kB
MemTotal:        1844596 kB
MemFree:          685800 kB
MemAvailable:    1508016 kB
Buffers:           60652 kB
Cached:           862116 kB
MemTotal:        1844596 kB
MemFree:          685496 kB
MemAvailable:    1507712 kB
Buffers:           60652 kB
Cached:           862116 kB
MemTotal:        1844596 kB
MemFree:          685844 kB
MemAvailable:    1508060 kB
Buffers:           60652 kB
Cached:           862116 kB
MemTotal:        1844596 kB
MemFree:          685900 kB
MemAvailable:    1508116 kB
Buffers:           60652 kB
Cached:           862116 kB
MemTotal:        1844596 kB
MemFree:          684652 kB
MemAvailable:    1506868 kB
Buffers:           60652 kB
Cached:           862116 kB
MemTotal:        1844596 kB
MemFree:          684660 kB
MemAvailable:    1506876 kB
Buffers:           60652 kB
Cached:           862116 kB
MemTotal:        1844596 kB
MemFree:          684404 kB
MemAvailable:    1506620 kB
Buffers:           60652 kB
Cached:           862116 kB
MemTotal:        1844596 kB
MemFree:          685636 kB
MemAvailable:    1507852 kB
Buffers:           60652 kB
Cached:           862116 kB
MemTotal:        1844596 kB
MemFree:          685892 kB
MemAvailable:    1508108 kB
Buffers:           60652 kB
Cached:           862116 kB
MemTotal:        1844596 kB
MemFree:          685636 kB
MemAvailable:    1507852 kB
Buffers:           60652 kB
Cached:           862116 kB
MemTotal:        1844596 kB
MemFree:          684680 kB
MemAvailable:    1506896 kB
Buffers:           60652 kB
Cached:           862116 kB
MemTotal:        1844596 kB
MemFree:          685420 kB
MemAvailable:    1507636 kB
Buffers:           60652 kB
Cached:           862116 kB
MemTotal:        1844596 kB
MemFree:          685188 kB
MemAvailable:    1507404 kB
Buffers:           60652 kB
Cached:           862116 kB
MemTotal:        1844596 kB
MemFree:          684992 kB
MemAvailable:    1507208 kB
Buffers:           60652 kB
Cached:           862116 kB
MemTotal:        1844596 kB
MemFree:          685328 kB
MemAvailable:    1507544 kB
Buffers:           60652 kB
Cached:           862116 kB
MemTotal:        1844596 kB
MemFree:          684868 kB
MemAvailable:    1507084 kB
Buffers:           60652 kB
Cached:           862116 kB
MemTotal:        1844596 kB
MemFree:          684868 kB
MemAvailable:    1507084 kB
Buffers:           60652 kB
Cached:           862116 kB
MemTotal:        1844596 kB
MemFree:          684612 kB
MemAvailable:    1506832 kB
Buffers:           60652 kB
Cached:           862120 kB
MemTotal:        1844596 kB
MemFree:          684620 kB
MemAvailable:    1506840 kB
Buffers:           60652 kB
Cached:           862120 kB
MemTotal:        1844596 kB
MemFree:          684692 kB
MemAvailable:    1506924 kB
Buffers:           60652 kB
Cached:           862132 kB
MemTotal:        1844596 kB
MemFree:          683700 kB
MemAvailable:    1505932 kB
Buffers:           60652 kB
Cached:           862132 kB
MemTotal:        1844596 kB
MemFree:          684768 kB
MemAvailable:    1507000 kB
Buffers:           60652 kB
Cached:           862132 kB
MemTotal:        1844596 kB
MemFree:          683940 kB
MemAvailable:    1506172 kB
Buffers:           60652 kB
Cached:           862132 kB
MemTotal:        1844596 kB
MemFree:          684532 kB
MemAvailable:    1506764 kB
Buffers:           60652 kB
Cached:           862132 kB
MemTotal:        1844596 kB
MemFree:          684616 kB
MemAvailable:    1506848 kB
Buffers:           60652 kB
Cached:           862132 kB
MemTotal:        1844596 kB
MemFree:          683008 kB
MemAvailable:    1505240 kB
Buffers:           60652 kB
Cached:           862132 kB
MemTotal:        1844596 kB
MemFree:          681096 kB
MemAvailable:    1503328 kB
Buffers:           60652 kB
Cached:           862132 kB
MemTotal:        1844596 kB
MemFree:          680344 kB
MemAvailable:    1502576 kB
Buffers:           60652 kB
Cached:           862132 kB
MemTotal:        1844596 kB
MemFree:          677304 kB
MemAvailable:    1499536 kB
Buffers:           60652 kB
Cached:           862132 kB
MemTotal:        1844596 kB
MemFree:          677180 kB
MemAvailable:    1499412 kB
Buffers:           60652 kB
Cached:           862132 kB
MemTotal:        1844596 kB
MemFree:          675632 kB
MemAvailable:    1497864 kB
Buffers:           60652 kB
Cached:           862132 kB
MemTotal:        1844596 kB
MemFree:          676680 kB
MemAvailable:    1498912 kB
Buffers:           60652 kB
Cached:           862132 kB
MemTotal:        1844596 kB
MemFree:          676904 kB
MemAvailable:    1499136 kB
Buffers:           60652 kB
Cached:           862132 kB
MemTotal:        1844596 kB
MemFree:          675516 kB
MemAvailable:    1497748 kB
Buffers:           60652 kB
Cached:           862132 kB
MemTotal:        1844596 kB
MemFree:          675344 kB
MemAvailable:    1497576 kB
Buffers:           60652 kB
Cached:           862132 kB
MemTotal:        1844596 kB
MemFree:          676880 kB
MemAvailable:    1499112 kB
Buffers:           60652 kB
Cached:           862132 kB
MemTotal:        1844596 kB
MemFree:          676740 kB
MemAvailable:    1498972 kB
Buffers:           60652 kB
Cached:           862132 kB
MemTotal:        1844596 kB
MemFree:          676740 kB
MemAvailable:    1498972 kB
Buffers:           60652 kB
Cached:           862132 kB
MemTotal:        1844596 kB
MemFree:          676928 kB
MemAvailable:    1499160 kB
Buffers:           60652 kB
Cached:           862132 kB
MemTotal:        1844596 kB
MemFree:          675580 kB
MemAvailable:    1497812 kB
Buffers:           60652 kB
Cached:           862132 kB
MemTotal:        1844596 kB
MemFree:          675448 kB
MemAvailable:    1497680 kB
Buffers:           60652 kB
Cached:           862132 kB
MemTotal:        1844596 kB
MemFree:          675448 kB
MemAvailable:    1497680 kB
Buffers:           60652 kB
Cached:           862132 kB
MemTotal:        1844596 kB
MemFree:          676792 kB
MemAvailable:    1499024 kB
Buffers:           60652 kB
Cached:           862132 kB
MemTotal:        1844596 kB
MemFree:          676252 kB
MemAvailable:    1498484 kB
Buffers:           60652 kB
Cached:           862132 kB
MemTotal:        1844596 kB
MemFree:          676508 kB
MemAvailable:    1498740 kB
Buffers:           60652 kB
Cached:           862132 kB
MemTotal:        1844596 kB
MemFree:          674772 kB
MemAvailable:    1497004 kB
Buffers:           60652 kB
Cached:           862132 kB
MemTotal:        1844596 kB
MemFree:          675700 kB
MemAvailable:    1497932 kB
Buffers:           60652 kB
Cached:           862132 kB
MemTotal:        1844596 kB
MemFree:          675560 kB
MemAvailable:    1497792 kB
Buffers:           60652 kB
Cached:           862132 kB
MemTotal:        1844596 kB
MemFree:          674284 kB
MemAvailable:    1496516 kB
Buffers:           60652 kB
Cached:           862132 kB
MemTotal:        1844596 kB
MemFree:          674840 kB
MemAvailable:    1497072 kB
Buffers:           60652 kB
Cached:           862132 kB
MemTotal:        1844596 kB
MemFree:          675032 kB
MemAvailable:    1497264 kB
Buffers:           60652 kB
Cached:           862132 kB
MemTotal:        1844596 kB
MemFree:          674400 kB
MemAvailable:    1496632 kB
Buffers:           60652 kB
Cached:           862132 kB
MemTotal:        1844596 kB
MemFree:          673044 kB
MemAvailable:    1495276 kB
Buffers:           60652 kB
Cached:           862132 kB
MemTotal:        1844596 kB
MemFree:          673336 kB
MemAvailable:    1495568 kB
Buffers:           60652 kB
Cached:           862132 kB
MemTotal:        1844596 kB
MemFree:          672292 kB
MemAvailable:    1494524 kB
Buffers:           60652 kB
Cached:           862132 kB
MemTotal:        1844596 kB
MemFree:          673008 kB
MemAvailable:    1495240 kB
Buffers:           60652 kB
Cached:           862132 kB
MemTotal:        1844596 kB
MemFree:          673344 kB
MemAvailable:    1495576 kB
Buffers:           60652 kB
Cached:           862132 kB
MemTotal:        1844596 kB
MemFree:          673016 kB
MemAvailable:    1495248 kB
Buffers:           60652 kB
Cached:           862132 kB
MemTotal:        1844596 kB
MemFree:          671768 kB
MemAvailable:    1494000 kB
Buffers:           60652 kB
Cached:           862132 kB
MemTotal:        1844596 kB
MemFree:          671636 kB
MemAvailable:    1493868 kB
Buffers:           60652 kB
Cached:           862132 kB
MemTotal:        1844596 kB
MemFree:          673000 kB
MemAvailable:    1495232 kB
Buffers:           60652 kB
Cached:           862132 kB
MemTotal:        1844596 kB
MemFree:          673004 kB
MemAvailable:    1495236 kB
Buffers:           60652 kB
Cached:           862132 kB
MemTotal:        1844596 kB
MemFree:          672160 kB
MemAvailable:    1494392 kB
Buffers:           60652 kB
Cached:           862132 kB
MemTotal:        1844596 kB
MemFree:          672760 kB
MemAvailable:    1494992 kB
Buffers:           60652 kB
Cached:           862132 kB
MemTotal:        1844596 kB
MemFree:          673016 kB
MemAvailable:    1495248 kB
Buffers:           60652 kB
Cached:           862132 kB
MemTotal:        1844596 kB
MemFree:          672276 kB
MemAvailable:    1494508 kB
Buffers:           60652 kB
Cached:           862132 kB
MemTotal:        1844596 kB
MemFree:          672360 kB
MemAvailable:    1494592 kB
Buffers:           60652 kB
Cached:           862132 kB
MemTotal:        1844596 kB
MemFree:          667572 kB
MemAvailable:    1489804 kB
Buffers:           60652 kB
Cached:           862132 kB
MemTotal:        1844596 kB
MemFree:          667908 kB
MemAvailable:    1490140 kB
Buffers:           60652 kB
Cached:           862132 kB
MemTotal:        1844596 kB
MemFree:          666332 kB
MemAvailable:    1488564 kB
Buffers:           60652 kB
Cached:           862132 kB
MemTotal:        1844596 kB
MemFree:          667564 kB
MemAvailable:    1489796 kB
Buffers:           60652 kB
Cached:           862132 kB
MemTotal:        1844596 kB
MemFree:          667316 kB
MemAvailable:    1489548 kB
Buffers:           60652 kB
Cached:           862132 kB
MemTotal:        1844596 kB
MemFree:          667316 kB
MemAvailable:    1489548 kB
Buffers:           60652 kB
Cached:           862132 kB
MemTotal:        1844596 kB
MemFree:          667120 kB
MemAvailable:    1489352 kB
Buffers:           60652 kB
Cached:           862132 kB
MemTotal:        1844596 kB
MemFree:          666952 kB
MemAvailable:    1489184 kB
Buffers:           60652 kB
Cached:           862132 kB
MemTotal:        1844596 kB
MemFree:          667208 kB
MemAvailable:    1489440 kB
Buffers:           60652 kB
Cached:           862132 kB
MemTotal:        1844596 kB
MemFree:          665580 kB
MemAvailable:    1487812 kB
Buffers:           60652 kB
Cached:           862132 kB
MemTotal:        1844596 kB
MemFree:          666896 kB
MemAvailable:    1489128 kB
Buffers:           60652 kB
Cached:           862132 kB
MemTotal:        1844596 kB
MemFree:          665464 kB
MemAvailable:    1487696 kB
Buffers:           60652 kB
Cached:           862132 kB
MemTotal:        1844596 kB
MemFree:          666732 kB
MemAvailable:    1488964 kB
Buffers:           60652 kB
Cached:           862132 kB
MemTotal:        1844596 kB
MemFree:          664604 kB
MemAvailable:    1486836 kB
Buffers:           60652 kB
Cached:           862132 kB
MemTotal:        1844596 kB
MemFree:          664232 kB
MemAvailable:    1486464 kB
Buffers:           60652 kB
Cached:           862132 kB
MemTotal:        1844596 kB
MemFree:          664036 kB
MemAvailable:    1486268 kB
Buffers:           60652 kB
Cached:           862132 kB
MemTotal:        1844596 kB
MemFree:          664160 kB
MemAvailable:    1486392 kB
Buffers:           60652 kB
Cached:           862132 kB
MemTotal:        1844596 kB
MemFree:          662868 kB
MemAvailable:    1485100 kB
Buffers:           60652 kB
Cached:           862132 kB
MemTotal:        1844596 kB
MemFree:          662860 kB
MemAvailable:    1485092 kB
Buffers:           60652 kB
Cached:           862132 kB
MemTotal:        1844596 kB
MemFree:          663976 kB
MemAvailable:    1486208 kB
Buffers:           60652 kB
Cached:           862132 kB
MemTotal:        1844596 kB
MemFree:          664060 kB
MemAvailable:    1486292 kB
Buffers:           60652 kB
Cached:           862132 kB
MemTotal:        1844596 kB
MemFree:          665648 kB
MemAvailable:    1487880 kB
Buffers:           60652 kB
Cached:           862132 kB
MemTotal:        1844596 kB
MemFree:          665608 kB
MemAvailable:    1487840 kB
Buffers:           60652 kB
Cached:           862132 kB
MemTotal:        1844596 kB
MemFree:          665608 kB
MemAvailable:    1488008 kB
Buffers:           60652 kB
Cached:           862256 kB
MemTotal:        1844596 kB
MemFree:          664480 kB
MemAvailable:    1486964 kB
Buffers:           60652 kB
Cached:           862380 kB
MemTotal:        1844596 kB
MemFree:          665160 kB
MemAvailable:    1487728 kB
Buffers:           60652 kB
Cached:           862504 kB
MemTotal:        1844596 kB
MemFree:          665496 kB
MemAvailable:    1488148 kB
Buffers:           60652 kB
Cached:           862504 kB
MemTotal:        1844596 kB
MemFree:          664044 kB
MemAvailable:    1486780 kB
Buffers:           60652 kB
Cached:           862628 kB
MemTotal:        1844596 kB
MemFree:          663984 kB
MemAvailable:    1486788 kB
Buffers:           60652 kB
Cached:           862724 kB
MemTotal:        1844596 kB
MemFree:          663804 kB
MemAvailable:    1486608 kB
Buffers:           60652 kB
Cached:           862724 kB
MemTotal:        1844596 kB
MemFree:          663928 kB
MemAvailable:    1486732 kB
Buffers:           60652 kB
Cached:           862724 kB
MemTotal:        1844596 kB
MemFree:          665176 kB
MemAvailable:    1488016 kB
Buffers:           60652 kB
Cached:           862764 kB
MemTotal:        1844596 kB
MemFree:          665036 kB
MemAvailable:    1487876 kB
Buffers:           60652 kB
Cached:           862764 kB
MemTotal:        1844596 kB
MemFree:          665204 kB
MemAvailable:    1488044 kB
Buffers:           60652 kB
Cached:           862764 kB
MemTotal:        1844596 kB
MemFree:          663800 kB
MemAvailable:    1486640 kB
Buffers:           60652 kB
Cached:           862764 kB
MemTotal:        1844596 kB
MemFree:          663796 kB
MemAvailable:    1486636 kB
Buffers:           60652 kB
Cached:           862764 kB
MemTotal:        1844596 kB
MemFree:          665356 kB
MemAvailable:    1487692 kB
Buffers:           60652 kB
Cached:           862216 kB
MemTotal:        1844596 kB
MemFree:          730316 kB
MemAvailable:    1552652 kB
Buffers:           60652 kB
Cached:           862216 kB
MemTotal:        1844596 kB
MemFree:          732928 kB
MemAvailable:    1555264 kB
Buffers:           60652 kB
Cached:           862216 kB
