MemTotal:        1844596 kB
MemFree:          819200 kB
MemAvailable:    1538456 kB
Buffers:           50076 kB
Cached:           778164 kB
MemTotal:        1844596 kB
MemFree:          819256 kB
MemAvailable:    1538512 kB
Buffers:           50076 kB
Cached:           778164 kB
MemTotal:        1844596 kB
MemFree:          816968 kB
MemAvailable:    1536224 kB
Buffers:           50076 kB
Cached:           778164 kB
MemTotal:        1844596 kB
MemFree:          815844 kB
MemAvailable:    1535100 kB
Buffers:           50076 kB
Cached:           778164 kB
MemTotal:        1844596 kB
MemFree:          815548 kB
MemAvailable:    1534804 kB
Buffers:           50076 kB
Cached:           778164 kB
MemTotal:        1844596 kB
MemFree:          815604 kB
MemAvailable:    1534860 kB
Buffers:           50076 kB
Cached:           778164 kB
MemTotal:        1844596 kB
MemFree:          813736 kB
MemAvailable:    1532992 kB
Buffers:           50076 kB
Cached:           778164 kB
MemTotal:        1844596 kB
MemFree:          811760 kB
MemAvailable:    1531016 kB
Buffers:           50076 kB
Cached:           778164 kB
MemTotal:        1844596 kB
MemFree:          809528 kB
MemAvailable:    1528784 kB
Buffers:           50076 kB
Cached:           778164 kB
MemTotal:        1844596 kB
MemFree:          806056 kB
MemAvailable:    1525312 kB
Buffers:           50076 kB
Cached:           778164 kB
MemTotal:        1844596 kB
MemFree:          804628 kB
MemAvailable:    1523884 kB
Buffers:           50076 kB
Cached:           778164 kB
MemTotal:        1844596 kB
MemFree:          805788 kB
MemAvailable:    1525044 kB
Buffers:           50076 kB
Cached:           778164 kB
MemTotal:        1844596 kB
MemFree:          805848 kB
MemAvailable:    1525104 kB
Buffers:           50076 kB
Cached:           778164 kB
MemTotal:        1844596 kB
MemFree:          805620 kB
MemAvailable:    1524876 kB
Buffers:           50076 kB
Cached:           778164 kB
MemTotal:        1844596 kB
MemFree:          805956 kB
MemAvailable:    1525212 kB
Buffers:           50076 kB
Cached:           778164 kB
MemTotal:        1844596 kB
MemFree:          804504 kB
MemAvailable:    1523760 kB
Buffers:           50076 kB
Cached:           778164 kB
MemTotal:        1844596 kB
MemFree:          805560 kB
MemAvailable:    1524816 kB
Buffers:           50076 kB
Cached:           778164 kB
MemTotal:        1844596 kB
MemFree:          804056 kB
MemAvailable:    1523312 kB
Buffers:           50076 kB
Cached:           778164 kB
MemTotal:        1844596 kB
MemFree:          803576 kB
MemAvailable:    1522832 kB
Buffers:           50076 kB
Cached:           778164 kB
MemTotal:        1844596 kB
MemFree:          803444 kB
MemAvailable:    1522700 kB
Buffers:           50076 kB
Cached:           778164 kB
MemTotal:        1844596 kB
MemFree:          803700 kB
MemAvailable:    1522956 kB
Buffers:           50076 kB
Cached:           778164 kB
MemTotal:        1844596 kB
MemFree:          803444 kB
MemAvailable:    1522700 kB
Buffers:           50076 kB
Cached:           778164 kB
MemTotal:        1844596 kB
MemFree:          803132 kB
MemAvailable:    1522388 kB
Buffers:           50076 kB
Cached:           778164 kB
MemTotal:        1844596 kB
MemFree:          803068 kB
MemAvailable:    1522324 kB
Buffers:           50076 kB
Cached:           778164 kB
MemTotal:        1844596 kB
MemFree:          803232 kB
MemAvailable:    1522488 kB
Buffers:           50076 kB
Cached:           778164 kB
MemTotal:        1844596 kB
MemFree:          803036 kB
MemAvailable:    1522292 kB
Buffers:           50076 kB
Cached:           778164 kB
MemTotal:        1844596 kB
MemFree:          803204 kB
MemAvailable:    1522460 kB
Buffers:           50076 kB
Cached:           778164 kB
MemTotal:        1844596 kB
MemFree:          803260 kB
MemAvailable:    1522516 kB
Buffers:           50076 kB
Cached:           778164 kB
MemTotal:        1844596 kB
MemFree:          803428 kB
MemAvailable:    1522684 kB
Buffers:           50076 kB
Cached:           778164 kB
MemTotal:        1844596 kB
MemFree:          803240 kB
MemAvailable:    1522496 kB
Buffers:           50076 kB
Cached:           778164 kB
MemTotal:        1844596 kB
MemFree:          804124 kB
MemAvailable:    1523380 kB
Buffers:           50076 kB
Cached:           778164 kB
MemTotal:        1844596 kB
MemFree:          802336 kB
MemAvailable:    1521592 kB
Buffers:           50076 kB
Cached:           778164 kB
MemTotal:        1844596 kB
MemFree:          801088 kB
MemAvailable:    1520344 kB
Buffers:           50076 kB
Cached:           778164 kB
MemTotal:        1844596 kB
MemFree:          801424 kB
MemAvailable:    1520680 kB
Buffers:           50076 kB
Cached:           778164 kB
MemTotal:        1844596 kB
MemFree:          800220 kB
MemAvailable:    1519476 kB
Buffers:           50076 kB
Cached:           778164 kB
MemTotal:        1844596 kB
MemFree:          800112 kB
MemAvailable:    1519368 kB
Buffers:           50076 kB
Cached:           778164 kB
MemTotal:        1844596 kB
MemFree:          799972 kB
MemAvailable:    1519228 kB
Buffers:           50076 kB
Cached:           778164 kB
MemTotal:        1844596 kB
MemFree:          798616 kB
MemAvailable:    1517872 kB
Buffers:           50076 kB
Cached:           778164 kB
MemTotal:        1844596 kB
MemFree:          799228 kB
MemAvailable:    1518484 kB
Buffers:           50076 kB
Cached:           778164 kB
MemTotal:        1844596 kB
MemFree:          799120 kB
MemAvailable:    1518376 kB
Buffers:           50076 kB
Cached:           778164 kB
MemTotal:        1844596 kB
MemFree:          798924 kB
MemAvailable:    1518180 kB
Buffers:           50076 kB
Cached:           778164 kB
MemTotal:        1844596 kB
MemFree:          799260 kB
MemAvailable:    1518516 kB
Buffers:           50076 kB
Cached:           778164 kB
MemTotal:        1844596 kB
MemFree:          797692 kB
MemAvailable:    1516948 kB
Buffers:           50076 kB
Cached:           778164 kB
MemTotal:        1844596 kB
MemFree:          797944 kB
MemAvailable:    1517200 kB
Buffers:           50076 kB
Cached:           778164 kB
MemTotal:        1844596 kB
MemFree:          797688 kB
MemAvailable:    1516944 kB
Buffers:           50076 kB
Cached:           778164 kB
MemTotal:        1844596 kB
MemFree:          799052 kB
MemAvailable:    1518308 kB
Buffers:           50076 kB
Cached:           778164 kB
MemTotal:        1844596 kB
MemFree:          798352 kB
MemAvailable:    1517608 kB
Buffers:           50076 kB
Cached:           778164 kB
MemTotal:        1844596 kB
MemFree:          796740 kB
MemAvailable:    1515996 kB
Buffers:           50076 kB
Cached:           778164 kB
MemTotal:        1844596 kB
MemFree:          798244 kB
MemAvailable:    1517500 kB
Buffers:           50076 kB
Cached:           778164 kB
MemTotal:        1844596 kB
MemFree:          798132 kB
MemAvailable:    1517388 kB
Buffers:           50076 kB
Cached:           778164 kB
MemTotal:        1844596 kB
MemFree:          798168 kB
MemAvailable:    1517424 kB
Buffers:           50076 kB
Cached:           778164 kB
MemTotal:        1844596 kB
MemFree:          796992 kB
MemAvailable:    1516248 kB
Buffers:           50076 kB
Cached:           778164 kB
MemTotal:        1844596 kB
MemFree:          797108 kB
MemAvailable:    1516364 kB
Buffers:           50076 kB
Cached:           778164 kB
MemTotal:        1844596 kB
MemFree:          797116 kB
MemAvailable:    1516372 kB
Buffers:           50076 kB
Cached:           778164 kB
MemTotal:        1844596 kB
MemFree:          798044 kB
MemAvailable:    1517300 kB
Buffers:           50076 kB
Cached:           778164 kB
MemTotal:        1844596 kB
MemFree:          798120 kB
MemAvailable:    1517376 kB
Buffers:           50076 kB
Cached:           778164 kB
MemTotal:        1844596 kB
MemFree:          798064 kB
MemAvailable:    1517320 kB
Buffers:           50076 kB
Cached:           778164 kB
MemTotal:        1844596 kB
MemFree:          796944 kB
MemAvailable:    1516200 kB
Buffers:           50076 kB
Cached:           778164 kB
MemTotal:        1844596 kB
MemFree:          796936 kB
MemAvailable:    1516192 kB
Buffers:           50076 kB
Cached:           778164 kB
MemTotal:        1844596 kB
MemFree:          798244 kB
MemAvailable:    1517500 kB
Buffers:           50076 kB
Cached:           778164 kB
MemTotal:        1844596 kB
MemFree:          797808 kB
MemAvailable:    1517064 kB
Buffers:           50076 kB
Cached:           778164 kB
MemTotal:        1844596 kB
MemFree:          797484 kB
MemAvailable:    1516740 kB
Buffers:           50076 kB
Cached:           778164 kB
MemTotal:        1844596 kB
MemFree:          797820 kB
MemAvailable:    1517076 kB
Buffers:           50076 kB
Cached:           778164 kB
MemTotal:        1844596 kB
MemFree:          796492 kB
MemAvailable:    1515748 kB
Buffers:           50076 kB
Cached:           778164 kB
MemTotal:        1844596 kB
MemFree:          796136 kB
MemAvailable:    1515392 kB
Buffers:           50076 kB
Cached:           778164 kB
MemTotal:        1844596 kB
MemFree:          797204 kB
MemAvailable:    1516460 kB
Buffers:           50076 kB
Cached:           778164 kB
MemTotal:        1844596 kB
MemFree:          797176 kB
MemAvailable:    1516432 kB
Buffers:           50076 kB
Cached:           778164 kB
MemTotal:        1844596 kB
MemFree:          797128 kB
MemAvailable:    1516384 kB
Buffers:           50076 kB
Cached:           778164 kB
MemTotal:        1844596 kB
MemFree:          797164 kB
MemAvailable:    1516420 kB
Buffers:           50076 kB
Cached:           778164 kB
MemTotal:        1844596 kB
MemFree:          797308 kB
MemAvailable:    1516564 kB
Buffers:           50076 kB
Cached:           778164 kB
MemTotal:        1844596 kB
MemFree:          797300 kB
MemAvailable:    1516556 kB
Buffers:           50076 kB
Cached:           778164 kB
MemTotal:        1844596 kB
MemFree:          797072 kB
MemAvailable:    1516332 kB
Buffers:           50076 kB
Cached:           778168 kB
MemTotal:        1844596 kB
MemFree:          797004 kB
MemAvailable:    1516264 kB
Buffers:           50076 kB
Cached:           778168 kB
MemTotal:        1844596 kB
MemFree:          794144 kB
MemAvailable:    1513404 kB
Buffers:           50076 kB
Cached:           778168 kB
MemTotal:        1844596 kB
MemFree:          793236 kB
MemAvailable:    1512504 kB
Buffers:           50076 kB
Cached:           778176 kB
MemTotal:        1844596 kB
MemFree:          792052 kB
MemAvailable:    1511320 kB
Buffers:           50076 kB
Cached:           778176 kB
MemTotal:        1844596 kB
MemFree:          789812 kB
MemAvailable:    1509080 kB
Buffers:           50076 kB
Cached:           778176 kB
MemTotal:        1844596 kB
MemFree:          788448 kB
MemAvailable:    1507716 kB
Buffers:           50076 kB
Cached:           778176 kB
MemTotal:        1844596 kB
MemFree:          788324 kB
MemAvailable:    1507592 kB
Buffers:           50076 kB
Cached:           778176 kB
MemTotal:        1844596 kB
MemFree:          789252 kB
MemAvailable:    1508520 kB
Buffers:           50076 kB
Cached:           778176 kB
MemTotal:        1844596 kB
MemFree:          788076 kB
MemAvailable:    1507344 kB
Buffers:           50076 kB
Cached:           778176 kB
MemTotal:        1844596 kB
MemFree:          789180 kB
MemAvailable:    1508448 kB
Buffers:           50076 kB
Cached:           778176 kB
MemTotal:        1844596 kB
MemFree:          789192 kB
MemAvailable:    1508460 kB
Buffers:           50076 kB
Cached:           778176 kB
MemTotal:        1844596 kB
MemFree:          787780 kB
MemAvailable:    1507048 kB
Buffers:           50076 kB
Cached:           778176 kB
MemTotal:        1844596 kB
MemFree:          789012 kB
MemAvailable:    1508280 kB
Buffers:           50076 kB
Cached:           778176 kB
MemTotal:        1844596 kB
MemFree:          789264 kB
MemAvailable:    1508532 kB
Buffers:           50076 kB
Cached:           778176 kB
MemTotal:        1844596 kB
MemFree:          789144 kB
MemAvailable:    1508412 kB
Buffers:           50076 kB
Cached:           778176 kB
MemTotal:        1844596 kB
MemFree:          789240 kB
MemAvailable:    1508508 kB
Buffers:           50076 kB
Cached:           778176 kB
MemTotal:        1844596 kB
MemFree:          789128 kB
MemAvailable:    1508396 kB
Buffers:           50076 kB
Cached:           778176 kB
MemTotal:        1844596 kB
MemFree:          789252 kB
MemAvailable:    1508520 kB
Buffers:           50076 kB
Cached:           778176 kB
MemTotal:        1844596 kB
MemFree:          788572 kB
MemAvailable:    1507840 kB
Buffers:           50076 kB
Cached:           778176 kB
MemTotal:        1844596 kB
MemFree:          789232 kB
MemAvailable:    1508500 kB
Buffers:           50076 kB
Cached:           778176 kB
MemTotal:        1844596 kB
MemFree:          788076 kB
MemAvailable:    1507344 kB
Buffers:           50076 kB
Cached:           778176 kB
MemTotal:        1844596 kB
MemFree:          787640 kB
MemAvailable:    1506908 kB
Buffers:           50076 kB
Cached:           778176 kB
MemTotal:        1844596 kB
MemFree:          788992 kB
MemAvailable:    1508260 kB
Buffers:           50076 kB
Cached:           778176 kB
MemTotal:        1844596 kB
MemFree:          787340 kB
MemAvailable:    1506608 kB
Buffers:           50076 kB
Cached:           778176 kB
MemTotal:        1844596 kB
MemFree:          788076 kB
MemAvailable:    1507344 kB
Buffers:           50076 kB
Cached:           778176 kB
MemTotal:        1844596 kB
MemFree:          787688 kB
MemAvailable:    1506956 kB
Buffers:           50076 kB
Cached:           778176 kB
MemTotal:        1844596 kB
MemFree:          787688 kB
MemAvailable:    1506956 kB
Buffers:           50076 kB
Cached:           778176 kB
MemTotal:        1844596 kB
MemFree:          787336 kB
MemAvailable:    1506604 kB
Buffers:           50076 kB
Cached:           778176 kB
MemTotal:        1844596 kB
MemFree:          786524 kB
MemAvailable:    1505792 kB
Buffers:           50076 kB
Cached:           778176 kB
MemTotal:        1844596 kB
MemFree:          786392 kB
MemAvailable:    1505660 kB
Buffers:           50076 kB
Cached:           778176 kB
MemTotal:        1844596 kB
MemFree:          786220 kB
MemAvailable:    1505488 kB
Buffers:           50076 kB
Cached:           778176 kB
MemTotal:        1844596 kB
MemFree:          784976 kB
MemAvailable:    1504244 kB
Buffers:           50076 kB
Cached:           778176 kB
MemTotal:        1844596 kB
MemFree:          785780 kB
MemAvailable:    1505048 kB
Buffers:           50076 kB
Cached:           778176 kB
MemTotal:        1844596 kB
MemFree:          785928 kB
MemAvailable:    1505196 kB
Buffers:           50076 kB
Cached:           778176 kB
MemTotal:        1844596 kB
MemFree:          785532 kB
MemAvailable:    1504800 kB
Buffers:           50076 kB
Cached:           778176 kB
MemTotal:        1844596 kB
MemFree:          784356 kB
MemAvailable:    1503624 kB
Buffers:           50076 kB
Cached:           778176 kB
MemTotal:        1844596 kB
MemFree:          785204 kB
MemAvailable:    1504472 kB
Buffers:           50076 kB
Cached:           778176 kB
MemTotal:        1844596 kB
MemFree:          785540 kB
MemAvailable:    1504808 kB
Buffers:           50076 kB
Cached:           778176 kB
MemTotal:        1844596 kB
MemFree:          784212 kB
MemAvailable:    1503480 kB
Buffers:           50076 kB
Cached:           778176 kB
MemTotal:        1844596 kB
MemFree:          784088 kB
MemAvailable:    1503356 kB
Buffers:           50076 kB
Cached:           778176 kB
MemTotal:        1844596 kB
MemFree:          785388 kB
MemAvailable:    1504656 kB
Buffers:           50076 kB
Cached:           778176 kB
MemTotal:        1844596 kB
MemFree:          784040 kB
MemAvailable:    1503308 kB
Buffers:           50076 kB
Cached:           778176 kB
MemTotal:        1844596 kB
MemFree:          783736 kB
MemAvailable:    1503004 kB
Buffers:           50076 kB
Cached:           778176 kB
MemTotal:        1844596 kB
MemFree:          784704 kB
MemAvailable:    1503972 kB
Buffers:           50076 kB
Cached:           778176 kB
MemTotal:        1844596 kB
MemFree:          784788 kB
MemAvailable:    1504056 kB
Buffers:           50076 kB
Cached:           778176 kB
MemTotal:        1844596 kB
MemFree:          780008 kB
MemAvailable:    1499276 kB
Buffers:           50076 kB
Cached:           778176 kB
MemTotal:        1844596 kB
MemFree:          779024 kB
MemAvailable:    1498292 kB
Buffers:           50076 kB
Cached:           778176 kB
MemTotal:        1844596 kB
MemFree:          779712 kB
MemAvailable:    1498980 kB
Buffers:           50076 kB
Cached:           778176 kB
MemTotal:        1844596 kB
MemFree:          778908 kB
MemAvailable:    1498176 kB
Buffers:           50076 kB
Cached:           778176 kB
MemTotal:        1844596 kB
MemFree:          779588 kB
MemAvailable:    1498856 kB
Buffers:           50076 kB
Cached:           778176 kB
MemTotal:        1844596 kB
MemFree:          779596 kB
MemAvailable:    1498864 kB
Buffers:           50076 kB
Cached:           778176 kB
MemTotal:        1844596 kB
MemFree:          779560 kB
MemAvailable:    1498828 kB
Buffers:           50076 kB
Cached:           778176 kB
MemTotal:        1844596 kB
MemFree:          778652 kB
MemAvailable:    1497920 kB
Buffers:           50076 kB
Cached:           778176 kB
MemTotal:        1844596 kB
MemFree:          779508 kB
MemAvailable:    1498776 kB
Buffers:           50076 kB
Cached:           778176 kB
MemTotal:        1844596 kB
MemFree:          779196 kB
MemAvailable:    1498464 kB
Buffers:           50076 kB
Cached:           778176 kB
MemTotal:        1844596 kB
MemFree:          779448 kB
MemAvailable:    1498716 kB
Buffers:           50076 kB
Cached:           778176 kB
MemTotal:        1844596 kB
MemFree:          779076 kB
MemAvailable:    1498344 kB
Buffers:           50076 kB
Cached:           778176 kB
MemTotal:        1844596 kB
MemFree:          779412 kB
MemAvailable:    1498680 kB
Buffers:           50076 kB
Cached:           778176 kB
MemTotal:        1844596 kB
MemFree:          779252 kB
MemAvailable:    1498520 kB
Buffers:           50076 kB
Cached:           778176 kB
MemTotal:        1844596 kB
MemFree:          777164 kB
MemAvailable:    1496432 kB
Buffers:           50076 kB
Cached:           778176 kB
MemTotal:        1844596 kB
MemFree:          777412 kB
MemAvailable:    1496680 kB
Buffers:           50076 kB
Cached:           778176 kB
MemTotal:        1844596 kB
MemFree:          775180 kB
MemAvailable:    1494448 kB
Buffers:           50076 kB
Cached:           778176 kB
MemTotal:        1844596 kB
MemFree:          776160 kB
MemAvailable:    1495428 kB
Buffers:           50076 kB
Cached:           778176 kB
MemTotal:        1844596 kB
MemFree:          776112 kB
MemAvailable:    1495380 kB
Buffers:           50076 kB
Cached:           778176 kB
MemTotal:        1844596 kB
MemFree:          776100 kB
MemAvailable:    1495368 kB
Buffers:           50076 kB
Cached:           778176 kB
MemTotal:        1844596 kB
MemFree:          774884 kB
MemAvailable:    1494152 kB
Buffers:           50076 kB
Cached:           778176 kB
MemTotal:        1844596 kB
MemFree:          775860 kB
MemAvailable:    1495128 kB
Buffers:           50076 kB
Cached:           778176 kB
MemTotal:        1844596 kB
MemFree:          776196 kB
MemAvailable:    1495464 kB
Buffers:           50076 kB
Cached:           778176 kB
MemTotal:        1844596 kB
MemFree:          776960 kB
MemAvailable:    1496228 kB
Buffers:           50076 kB
Cached:           778176 kB
MemTotal:        1844596 kB
MemFree:          776996 kB
MemAvailable:    1496264 kB
Buffers:           50076 kB
Cached:           778176 kB
MemTotal:        1844596 kB
MemFree:          777892 kB
MemAvailable:    1497412 kB
Buffers:           50076 kB
Cached:           778424 kB
MemTotal:        1844596 kB
MemFree:          777892 kB
MemAvailable:    1497412 kB
Buffers:           50076 kB
Cached:           778424 kB
MemTotal:        1844596 kB
MemFree:          777776 kB
MemAvailable:    1497464 kB
Buffers:           50076 kB
Cached:           778548 kB
MemTotal:        1844596 kB
MemFree:          777580 kB
MemAvailable:    1497268 kB
Buffers:           50076 kB
Cached:           778672 kB
MemTotal:        1844596 kB
MemFree:          776396 kB
MemAvailable:    1496252 kB
Buffers:           50076 kB
Cached:           778796 kB
MemTotal:        1844596 kB
MemFree:          776652 kB
MemAvailable:    1496508 kB
Buffers:           50076 kB
Cached:           778796 kB
MemTotal:        1844596 kB
MemFree:          777528 kB
MemAvailable:    1497468 kB
Buffers:           50076 kB
Cached:           778796 kB
MemTotal:        1844596 kB
MemFree:          777528 kB
MemAvailable:    1497468 kB
Buffers:           50076 kB
Cached:           778796 kB
MemTotal:        1844596 kB
MemFree:          777372 kB
MemAvailable:    1497320 kB
Buffers:           50076 kB
Cached:           778808 kB
MemTotal:        1844596 kB
MemFree:          776252 kB
MemAvailable:    1496200 kB
Buffers:           50076 kB
Cached:           778808 kB
MemTotal:        1844596 kB
MemFree:          777492 kB
MemAvailable:    1497444 kB
Buffers:           50076 kB
Cached:           778860 kB
MemTotal:        1844596 kB
MemFree:          777412 kB
MemAvailable:    1497364 kB
Buffers:           50076 kB
Cached:           778860 kB
MemTotal:        1844596 kB
MemFree:          776552 kB
MemAvailable:    1496504 kB
Buffers:           50076 kB
Cached:           778860 kB
MemTotal:        1844596 kB
MemFree:          777572 kB
MemAvailable:    1496936 kB
Buffers:           50076 kB
Cached:           778228 kB
MemTotal:        1844596 kB
MemFree:          777852 kB
MemAvailable:    1497216 kB
Buffers:           50076 kB
Cached:           778228 kB
MemTotal:        1844596 kB
MemFree:          846388 kB
MemAvailable:    1565752 kB
Buffers:           50076 kB
Cached:           778228 kB
