MemTotal:        1844596 kB
MemFree:          879124 kB
MemAvailable:    1545740 kB
Buffers:           44024 kB
Cached:           733524 kB
MemTotal:        1844596 kB
MemFree:          876024 kB
MemAvailable:    1542640 kB
Buffers:           44024 kB
Cached:           733524 kB
MemTotal:        1844596 kB
MemFree:          874892 kB
MemAvailable:    1541508 kB
Buffers:           44024 kB
Cached:           733524 kB
MemTotal:        1844596 kB
MemFree:          874976 kB
MemAvailable:    1541592 kB
Buffers:           44024 kB
Cached:           733524 kB
MemTotal:        1844596 kB
MemFree:          873652 kB
MemAvailable:    1540268 kB
Buffers:           44024 kB
Cached:           733524 kB
MemTotal:        1844596 kB
MemFree:          873988 kB
MemAvailable:    1540604 kB
Buffers:           44024 kB
Cached:           733524 kB
MemTotal:        1844596 kB
MemFree:          871304 kB
MemAvailable:    1537920 kB
Buffers:           44024 kB
Cached:           733524 kB
MemTotal:        1844596 kB
MemFree:          868460 kB
MemAvailable:    1535076 kB
Buffers:           44024 kB
Cached:           733524 kB
MemTotal:        1844596 kB
MemFree:          867180 kB
MemAvailable:    1533796 kB
Buffers:           44024 kB
Cached:           733524 kB
MemTotal:        1844596 kB
MemFree:          863872 kB
MemAvailable:    1530488 kB
Buffers:           44024 kB
Cached:           733524 kB
MemTotal:        1844596 kB
MemFree:          863464 kB
MemAvailable:    1530084 kB
Buffers:           44024 kB
Cached:           733524 kB
MemTotal:        1844596 kB
MemFree:          863800 kB
MemAvailable:    1530420 kB
Buffers:           44024 kB
Cached:           733524 kB
MemTotal:        1844596 kB
MemFree:          862600 kB
MemAvailable:    1529220 kB
Buffers:           44024 kB
Cached:           733524 kB
MemTotal:        1844596 kB
MemFree:          863768 kB
MemAvailable:    1530388 kB
Buffers:           44024 kB
Cached:           733524 kB
MemTotal:        1844596 kB
MemFree:          862460 kB
MemAvailable:    1529080 kB
Buffers:           44024 kB
Cached:           733524 kB
MemTotal:        1844596 kB
MemFree:          863568 kB
MemAvailable:    1530188 kB
Buffers:           44024 kB
Cached:           733524 kB
MemTotal:        1844596 kB
MemFree:          863452 kB
MemAvailable:    1530072 kB
Buffers:           44024 kB
Cached:           733524 kB
MemTotal:        1844596 kB
MemFree:          862560 kB
MemAvailable:    1529180 kB
Buffers:           44024 kB
Cached:           733524 kB
MemTotal:        1844596 kB
MemFree:          860648 kB
MemAvailable:    1527268 kB
Buffers:           44024 kB
Cached:           733524 kB
MemTotal:        1844596 kB
MemFree:          860268 kB
MemAvailable:    1526888 kB
Buffers:           44024 kB
Cached:           733524 kB
MemTotal:        1844596 kB
MemFree:          861312 kB
MemAvailable:    1527932 kB
Buffers:           44024 kB
Cached:           733524 kB
MemTotal:        1844596 kB
MemFree:          860524 kB
MemAvailable:    1527144 kB
Buffers:           44024 kB
Cached:           733524 kB
MemTotal:        1844596 kB
MemFree:          861256 kB
MemAvailable:    1527876 kB
Buffers:           44024 kB
Cached:           733524 kB
MemTotal:        1844596 kB
MemFree:          860092 kB
MemAvailable:    1526712 kB
Buffers:           44024 kB
Cached:           733524 kB
MemTotal:        1844596 kB
MemFree:          861244 kB
MemAvailable:    1527864 kB
Buffers:           44024 kB
Cached:           733524 kB
MemTotal:        1844596 kB
MemFree:          861496 kB
MemAvailable:    1528116 kB
Buffers:           44024 kB
Cached:           733524 kB
MemTotal:        1844596 kB
MemFree:          861388 kB
MemAvailable:    1528008 kB
Buffers:           44024 kB
Cached:           733524 kB
MemTotal:        1844596 kB
MemFree:          861208 kB
MemAvailable:    1527828 kB
Buffers:           44024 kB
Cached:           733524 kB
MemTotal:        1844596 kB
MemFree:          861460 kB
MemAvailable:    1528080 kB
Buffers:           44024 kB
Cached:           733524 kB
MemTotal:        1844596 kB
MemFree:          862412 kB
MemAvailable:    1529032 kB
Buffers:           44024 kB
Cached:           733524 kB
MemTotal:        1844596 kB
MemFree:          861516 kB
MemAvailable:    1528136 kB
Buffers:           44024 kB
Cached:           733524 kB
MemTotal:        1844596 kB
MemFree:          861064 kB
MemAvailable:    1527684 kB
Buffers:           44024 kB
Cached:           733524 kB
MemTotal:        1844596 kB
MemFree:          858896 kB
MemAvailable:    1525516 kB
Buffers:           44024 kB
Cached:           733524 kB
MemTotal:        1844596 kB
MemFree:          858896 kB
MemAvailable:    1525516 kB
Buffers:           44024 kB
Cached:           733524 kB
MemTotal:        1844596 kB
MemFree:          858732 kB
MemAvailable:    1525352 kB
Buffers:           44024 kB
Cached:           733524 kB
MemTotal:        1844596 kB
MemFree:          857176 kB
MemAvailable:    1523796 kB
Buffers:           44024 kB
Cached:           733524 kB
MemTotal:        1844596 kB
MemFree:          857176 kB
MemAvailable:    1523796 kB
Buffers:           44024 kB
Cached:           733524 kB
MemTotal:        1844596 kB
MemFree:          857284 kB
MemAvailable:    1523904 kB
Buffers:           44024 kB
Cached:           733524 kB
MemTotal:        1844596 kB
MemFree:          857176 kB
MemAvailable:    1523796 kB
Buffers:           44024 kB
Cached:           733524 kB
MemTotal:        1844596 kB
MemFree:          856856 kB
MemAvailable:    1523476 kB
Buffers:           44024 kB
Cached:           733524 kB
MemTotal:        1844596 kB
MemFree:          857192 kB
MemAvailable:    1523812 kB
Buffers:           44024 kB
Cached:           733524 kB
MemTotal:        1844596 kB
MemFree:          855784 kB
MemAvailable:    1522404 kB
Buffers:           44024 kB
Cached:           733524 kB
MemTotal:        1844596 kB
MemFree:          857156 kB
MemAvailable:    1523776 kB
Buffers:           44024 kB
Cached:           733524 kB
MemTotal:        1844596 kB
MemFree:          856912 kB
MemAvailable:    1523532 kB
Buffers:           44024 kB
Cached:           733524 kB
MemTotal:        1844596 kB
MemFree:          856748 kB
MemAvailable:    1523368 kB
Buffers:           44024 kB
Cached:           733524 kB
MemTotal:        1844596 kB
MemFree:          856656 kB
MemAvailable:    1523276 kB
Buffers:           44024 kB
Cached:           733524 kB
MemTotal:        1844596 kB
MemFree:          855316 kB
MemAvailable:    1521940 kB
Buffers:           44024 kB
Cached:           733528 kB
MemTotal:        1844596 kB
MemFree:          856160 kB
MemAvailable:    1522784 kB
Buffers:           44024 kB
Cached:           733528 kB
MemTotal:        1844596 kB
MemFree:          856496 kB
MemAvailable:    1523120 kB
Buffers:           44024 kB
Cached:           733528 kB
MemTotal:        1844596 kB
MemFree:          854756 kB
MemAvailable:    1521388 kB
Buffers:           44024 kB
Cached:           733536 kB
MemTotal:        1844596 kB
MemFree:          854756 kB
MemAvailable:    1521388 kB
Buffers:           44024 kB
Cached:           733536 kB
MemTotal:        1844596 kB
MemFree:          855988 kB
MemAvailable:    1522620 kB
Buffers:           44024 kB
Cached:           733536 kB
MemTotal:        1844596 kB
MemFree:          855936 kB
MemAvailable:    1522568 kB
Buffers:           44024 kB
Cached:           733536 kB
MemTotal:        1844596 kB
MemFree:          856040 kB
MemAvailable:    1522672 kB
Buffers:           44024 kB
Cached:           733536 kB
MemTotal:        1844596 kB
MemFree:          856296 kB
MemAvailable:    1522928 kB
Buffers:           44024 kB
Cached:           733536 kB
MemTotal:        1844596 kB
MemFree:          854800 kB
MemAvailable:    1521432 kB
Buffers:           44024 kB
Cached:           733536 kB
MemTotal:        1844596 kB
MemFree:          855048 kB
MemAvailable:    1521680 kB
Buffers:           44024 kB
Cached:           733536 kB
MemTotal:        1844596 kB
MemFree:          855984 kB
MemAvailable:    1522616 kB
Buffers:           44024 kB
Cached:           733536 kB
MemTotal:        1844596 kB
MemFree:          855984 kB
MemAvailable:    1522616 kB
Buffers:           44024 kB
Cached:           733536 kB
MemTotal:        1844596 kB
MemFree:          854748 kB
MemAvailable:    1521380 kB
Buffers:           44024 kB
Cached:           733536 kB
MemTotal:        1844596 kB
MemFree:          854820 kB
MemAvailable:    1521452 kB
Buffers:           44024 kB
Cached:           733536 kB
MemTotal:        1844596 kB
MemFree:          855740 kB
MemAvailable:    1522376 kB
Buffers:           44024 kB
Cached:           733540 kB
MemTotal:        1844596 kB
MemFree:          855068 kB
MemAvailable:    1521704 kB
Buffers:           44024 kB
Cached:           733540 kB
MemTotal:        1844596 kB
MemFree:          855384 kB
MemAvailable:    1522020 kB
Buffers:           44024 kB
Cached:           733540 kB
MemTotal:        1844596 kB
MemFree:          855188 kB
MemAvailable:    1521824 kB
Buffers:           44024 kB
Cached:           733540 kB
MemTotal:        1844596 kB
MemFree:          854900 kB
MemAvailable:    1521536 kB
Buffers:           44024 kB
Cached:           733540 kB
MemTotal:        1844596 kB
MemFree:          855068 kB
MemAvailable:    1521704 kB
Buffers:           44024 kB
Cached:           733540 kB
MemTotal:        1844596 kB
MemFree:          855024 kB
MemAvailable:    1521660 kB
Buffers:           44024 kB
Cached:           733540 kB
MemTotal:        1844596 kB
MemFree:          855280 kB
MemAvailable:    1521916 kB
Buffers:           44024 kB
Cached:           733540 kB
MemTotal:        1844596 kB
MemFree:          853784 kB
MemAvailable:    1520420 kB
Buffers:           44024 kB
Cached:           733540 kB
MemTotal:        1844596 kB
MemFree:          855252 kB
MemAvailable:    1521888 kB
Buffers:           44024 kB
Cached:           733540 kB
MemTotal:        1844596 kB
MemFree:          855192 kB
MemAvailable:    1521828 kB
Buffers:           44024 kB
Cached:           733540 kB
MemTotal:        1844596 kB
MemFree:          854448 kB
MemAvailable:    1521084 kB
Buffers:           44024 kB
Cached:           733540 kB
MemTotal:        1844596 kB
MemFree:          855168 kB
MemAvailable:    1521804 kB
Buffers:           44024 kB
Cached:           733540 kB
MemTotal:        1844596 kB
MemFree:          855504 kB
MemAvailable:    1522140 kB
Buffers:           44024 kB
Cached:           733540 kB
MemTotal:        1844596 kB
MemFree:          853316 kB
MemAvailable:    1519952 kB
Buffers:           44024 kB
Cached:           733540 kB
MemTotal:        1844596 kB
MemFree:          853316 kB
MemAvailable:    1519952 kB
Buffers:           44024 kB
Cached:           733540 kB
MemTotal:        1844596 kB
MemFree:          849232 kB
MemAvailable:    1515868 kB
Buffers:           44024 kB
Cached:           733540 kB
MemTotal:        1844596 kB
MemFree:          847804 kB
MemAvailable:    1514440 kB
Buffers:           44024 kB
Cached:           733540 kB
MemTotal:        1844596 kB
MemFree:          846512 kB
MemAvailable:    1513148 kB
Buffers:           44024 kB
Cached:           733540 kB
MemTotal:        1844596 kB
MemFree:          846016 kB
MemAvailable:    1512652 kB
Buffers:           44024 kB
Cached:           733540 kB
MemTotal:        1844596 kB
MemFree:          846264 kB
MemAvailable:    1512900 kB
Buffers:           44024 kB
Cached:           733540 kB
MemTotal:        1844596 kB
MemFree:          847208 kB
MemAvailable:    1513844 kB
Buffers:           44024 kB
Cached:           733540 kB
MemTotal:        1844596 kB
MemFree:          847208 kB
MemAvailable:    1513844 kB
Buffers:           44024 kB
Cached:           733540 kB
MemTotal:        1844596 kB
MemFree:          847076 kB
MemAvailable:    1513712 kB
Buffers:           44024 kB
Cached:           733540 kB
MemTotal:        1844596 kB
MemFree:          847332 kB
MemAvailable:    1513968 kB
Buffers:           44024 kB
Cached:           733540 kB
MemTotal:        1844596 kB
MemFree:          846076 kB
MemAvailable:    1512712 kB
Buffers:           44024 kB
Cached:           733540 kB
MemTotal:        1844596 kB
MemFree:          845996 kB
MemAvailable:    1512632 kB
Buffers:           44024 kB
Cached:           733540 kB
MemTotal:        1844596 kB
MemFree:          847112 kB
MemAvailable:    1513748 kB
Buffers:           44024 kB
Cached:           733540 kB
MemTotal:        1844596 kB
MemFree:          847196 kB
MemAvailable:    1513832 kB
Buffers:           44024 kB
Cached:           733540 kB
MemTotal:        1844596 kB
MemFree:          847216 kB
MemAvailable:    1513852 kB
Buffers:           44024 kB
Cached:           733540 kB
MemTotal:        1844596 kB
MemFree:          847256 kB
MemAvailable:    1513892 kB
Buffers:           44024 kB
Cached:           733540 kB
MemTotal:        1844596 kB
MemFree:          846636 kB
MemAvailable:    1513272 kB
Buffers:           44024 kB
Cached:           733540 kB
MemTotal:        1844596 kB
MemFree:          847372 kB
MemAvailable:    1514012 kB
Buffers:           44024 kB
Cached:           733544 kB
MemTotal:        1844596 kB
MemFree:          847372 kB
MemAvailable:    1514012 kB
Buffers:           44024 kB
Cached:           733544 kB
MemTotal:        1844596 kB
MemFree:          845636 kB
MemAvailable:    1512276 kB
Buffers:           44024 kB
Cached:           733544 kB
MemTotal:        1844596 kB
MemFree:          846364 kB
MemAvailable:    1513004 kB
Buffers:           44024 kB
Cached:           733544 kB
MemTotal:        1844596 kB
MemFree:          846448 kB
MemAvailable:    1513088 kB
Buffers:           44024 kB
Cached:           733544 kB
MemTotal:        1844596 kB
MemFree:          846208 kB
MemAvailable:    1512848 kB
Buffers:           44024 kB
Cached:           733544 kB
MemTotal:        1844596 kB
MemFree:          845892 kB
MemAvailable:    1512532 kB
Buffers:           44024 kB
Cached:           733544 kB
MemTotal:        1844596 kB
MemFree:          845644 kB
MemAvailable:    1512284 kB
Buffers:           44024 kB
Cached:           733544 kB
MemTotal:        1844596 kB
MemFree:          845448 kB
MemAvailable:    1512088 kB
Buffers:           44024 kB
Cached:           733544 kB
MemTotal:        1844596 kB
MemFree:          845316 kB
MemAvailable:    1511956 kB
Buffers:           44024 kB
Cached:           733544 kB
MemTotal:        1844596 kB
MemFree:          843288 kB
MemAvailable:    1509928 kB
Buffers:           44024 kB
Cached:           733544 kB
MemTotal:        1844596 kB
MemFree:          843156 kB
MemAvailable:    1509796 kB
Buffers:           44032 kB
Cached:           733536 kB
MemTotal:        1844596 kB
MemFree:          843156 kB
MemAvailable:    1509796 kB
Buffers:           44032 kB
Cached:           733536 kB
MemTotal:        1844596 kB
MemFree:          842916 kB
MemAvailable:    1509556 kB
Buffers:           44032 kB
Cached:           733536 kB
MemTotal:        1844596 kB
MemFree:          843520 kB
MemAvailable:    1510160 kB
Buffers:           44032 kB
Cached:           733536 kB
MemTotal:        1844596 kB
MemFree:          843520 kB
MemAvailable:    1510160 kB
Buffers:           44032 kB
Cached:           733536 kB
MemTotal:        1844596 kB
MemFree:          843460 kB
MemAvailable:    1510100 kB
Buffers:           44032 kB
Cached:           733536 kB
MemTotal:        1844596 kB
MemFree:          842152 kB
MemAvailable:    1508792 kB
Buffers:           44032 kB
Cached:           733536 kB
MemTotal:        1844596 kB
MemFree:          842152 kB
MemAvailable:    1508792 kB
Buffers:           44032 kB
Cached:           733536 kB
MemTotal:        1844596 kB
MemFree:          842020 kB
MemAvailable:    1508660 kB
Buffers:           44032 kB
Cached:           733536 kB
MemTotal:        1844596 kB
MemFree:          842020 kB
MemAvailable:    1508660 kB
Buffers:           44032 kB
Cached:           733536 kB
MemTotal:        1844596 kB
MemFree:          843212 kB
MemAvailable:    1509852 kB
Buffers:           44032 kB
Cached:           733536 kB
MemTotal:        1844596 kB
MemFree:          843172 kB
MemAvailable:    1509812 kB
Buffers:           44032 kB
Cached:           733536 kB
MemTotal:        1844596 kB
MemFree:          843108 kB
MemAvailable:    1509748 kB
Buffers:           44032 kB
Cached:           733536 kB
MemTotal:        1844596 kB
MemFree:          841992 kB
MemAvailable:    1508632 kB
Buffers:           44032 kB
Cached:           733536 kB
MemTotal:        1844596 kB
MemFree:          843144 kB
MemAvailable:    1509784 kB
Buffers:           44032 kB
Cached:           733536 kB
MemTotal:        1844596 kB
MemFree:          841792 kB
MemAvailable:    1508432 kB
Buffers:           44032 kB
Cached:           733536 kB
MemTotal:        1844596 kB
MemFree:          841792 kB
MemAvailable:    1508444 kB
Buffers:           44032 kB
Cached:           733548 kB
MemTotal:        1844596 kB
MemFree:          838080 kB
MemAvailable:    1504732 kB
Buffers:           44032 kB
Cached:           733548 kB
MemTotal:        1844596 kB
MemFree:          837684 kB
MemAvailable:    1504336 kB
Buffers:           44032 kB
Cached:           733548 kB
MemTotal:        1844596 kB
MemFree:          837700 kB
MemAvailable:    1504352 kB
Buffers:           44032 kB
Cached:           733548 kB
MemTotal:        1844596 kB
MemFree:          837720 kB
MemAvailable:    1504372 kB
Buffers:           44032 kB
Cached:           733548 kB
MemTotal:        1844596 kB
MemFree:          837768 kB
MemAvailable:    1504420 kB
Buffers:           44032 kB
Cached:           733548 kB
MemTotal:        1844596 kB
MemFree:          837312 kB
MemAvailable:    1503964 kB
Buffers:           44032 kB
Cached:           733548 kB
MemTotal:        1844596 kB
MemFree:          837576 kB
MemAvailable:    1504228 kB
Buffers:           44032 kB
Cached:           733548 kB
MemTotal:        1844596 kB
MemFree:          837404 kB
MemAvailable:    1504056 kB
Buffers:           44032 kB
Cached:           733548 kB
MemTotal:        1844596 kB
MemFree:          837332 kB
MemAvailable:    1503984 kB
Buffers:           44032 kB
Cached:           733548 kB
MemTotal:        1844596 kB
MemFree:          836032 kB
MemAvailable:    1502684 kB
Buffers:           44032 kB
Cached:           733548 kB
MemTotal:        1844596 kB
MemFree:          837500 kB
MemAvailable:    1504152 kB
Buffers:           44032 kB
Cached:           733548 kB
MemTotal:        1844596 kB
MemFree:          836220 kB
MemAvailable:    1502872 kB
Buffers:           44032 kB
Cached:           733548 kB
MemTotal:        1844596 kB
MemFree:          836528 kB
MemAvailable:    1503180 kB
Buffers:           44032 kB
Cached:           733548 kB
MemTotal:        1844596 kB
MemFree:          836156 kB
MemAvailable:    1502808 kB
Buffers:           44032 kB
Cached:           733548 kB
MemTotal:        1844596 kB
MemFree:          834856 kB
MemAvailable:    1501508 kB
Buffers:           44032 kB
Cached:           733548 kB
MemTotal:        1844596 kB
MemFree:          834360 kB
MemAvailable:    1501012 kB
Buffers:           44032 kB
Cached:           733548 kB
MemTotal:        1844596 kB
MemFree:          833964 kB
MemAvailable:    1500616 kB
Buffers:           44032 kB
Cached:           733548 kB
MemTotal:        1844596 kB
MemFree:          834132 kB
MemAvailable:    1500784 kB
Buffers:           44032 kB
Cached:           733548 kB
MemTotal:        1844596 kB
MemFree:          834400 kB
MemAvailable:    1501052 kB
Buffers:           44032 kB
Cached:           733548 kB
MemTotal:        1844596 kB
MemFree:          833872 kB
MemAvailable:    1500524 kB
Buffers:           44032 kB
Cached:           733548 kB
MemTotal:        1844596 kB
MemFree:          833924 kB
MemAvailable:    1500576 kB
Buffers:           44032 kB
Cached:           733548 kB
MemTotal:        1844596 kB
MemFree:          834260 kB
MemAvailable:    1500912 kB
Buffers:           44032 kB
Cached:           733548 kB
MemTotal:        1844596 kB
MemFree:          834848 kB
MemAvailable:    1501500 kB
Buffers:           44032 kB
Cached:           733548 kB
MemTotal:        1844596 kB
MemFree:          835984 kB
MemAvailable:    1502720 kB
Buffers:           44032 kB
Cached:           733672 kB
MemTotal:        1844596 kB
MemFree:          835860 kB
MemAvailable:    1502680 kB
Buffers:           44032 kB
Cached:           733796 kB
MemTotal:        1844596 kB
MemFree:          834676 kB
MemAvailable:    1501496 kB
Buffers:           44032 kB
Cached:           733796 kB
MemTotal:        1844596 kB
MemFree:          835792 kB
MemAvailable:    1502864 kB
Buffers:           44032 kB
Cached:           733920 kB
MemTotal:        1844596 kB
MemFree:          834856 kB
MemAvailable:    1501928 kB
Buffers:           44032 kB
Cached:           734044 kB
MemTotal:        1844596 kB
MemFree:          834296 kB
MemAvailable:    1501368 kB
Buffers:           44032 kB
Cached:           734168 kB
MemTotal:        1844596 kB
MemFree:          835544 kB
MemAvailable:    1502700 kB
Buffers:           44032 kB
Cached:           734168 kB
MemTotal:        1844596 kB
MemFree:          835340 kB
MemAvailable:    1502580 kB
Buffers:           44032 kB
Cached:           734168 kB
MemTotal:        1844596 kB
MemFree:          834332 kB
MemAvailable:    1501572 kB
Buffers:           44032 kB
Cached:           734168 kB
MemTotal:        1844596 kB
MemFree:          835384 kB
MemAvailable:    1502624 kB
Buffers:           44032 kB
Cached:           734168 kB
MemTotal:        1844596 kB
MemFree:          835508 kB
MemAvailable:    1502748 kB
Buffers:           44032 kB
Cached:           734168 kB
MemTotal:        1844596 kB
MemFree:          834484 kB
MemAvailable:    1501724 kB
Buffers:           44032 kB
Cached:           734168 kB
MemTotal:        1844596 kB
MemFree:          835424 kB
MemAvailable:    1502664 kB
Buffers:           44032 kB
Cached:           734168 kB
MemTotal:        1844596 kB
MemFree:          834220 kB
MemAvailable:    1501460 kB
Buffers:           44032 kB
Cached:           734168 kB
MemTotal:        1844596 kB
MemFree:          834048 kB
MemAvailable:    1501288 kB
Buffers:           44032 kB
Cached:           734168 kB
MemTotal:        1844596 kB
MemFree:          834272 kB
MemAvailable:    1500924 kB
Buffers:           44032 kB
Cached:           733536 kB
MemTotal:        1844596 kB
MemFree:          902416 kB
MemAvailable:    1569068 kB
Buffers:           44032 kB
Cached:           733536 kB
