MemTotal:        1844596 kB
MemFree:          723180 kB
MemAvailable:    1530020 kB
Buffers:           59000 kB
Cached:           849648 kB
MemTotal:        1844596 kB
MemFree:          720144 kB
MemAvailable:    1526984 kB
Buffers:           59000 kB
Cached:           849648 kB
MemTotal:        1844596 kB
MemFree:          719404 kB
MemAvailable:    1526244 kB
Buffers:           59000 kB
Cached:           849648 kB
MemTotal:        1844596 kB
MemFree:          719788 kB
MemAvailable:    1526628 kB
Buffers:           59000 kB
Cached:           849648 kB
MemTotal:        1844596 kB
MemFree:          719832 kB
MemAvailable:    1526672 kB
Buffers:           59000 kB
Cached:           849648 kB
MemTotal:        1844596 kB
MemFree:          718680 kB
MemAvailable:    1525520 kB
Buffers:           59000 kB
Cached:           849648 kB
MemTotal:        1844596 kB
MemFree:          716928 kB
MemAvailable:    1523768 kB
Buffers:           59000 kB
Cached:           849648 kB
MemTotal:        1844596 kB
MemFree:          716928 kB
MemAvailable:    1523768 kB
Buffers:           59000 kB
Cached:           849648 kB
MemTotal:        1844596 kB
MemFree:          712588 kB
MemAvailable:    1519428 kB
Buffers:           59000 kB
Cached:           849648 kB
MemTotal:        1844596 kB
MemFree:          711232 kB
MemAvailable:    1518072 kB
Buffers:           59000 kB
Cached:           849648 kB
MemTotal:        1844596 kB
MemFree:          709568 kB
MemAvailable:    1516408 kB
Buffers:           59000 kB
Cached:           849648 kB
MemTotal:        1844596 kB
MemFree:          709820 kB
MemAvailable:    1516660 kB
Buffers:           59000 kB
Cached:           849648 kB
MemTotal:        1844596 kB
MemFree:          709600 kB
MemAvailable:    1516440 kB
Buffers:           59000 kB
Cached:           849648 kB
MemTotal:        1844596 kB
MemFree:          709852 kB
MemAvailable:    1516692 kB
Buffers:           59000 kB
Cached:           849648 kB
MemTotal:        1844596 kB
MemFree:          709572 kB
MemAvailable:    1516412 kB
Buffers:           59000 kB
Cached:           849648 kB
MemTotal:        1844596 kB
MemFree:          708368 kB
MemAvailable:    1515208 kB
Buffers:           59000 kB
Cached:           849648 kB
MemTotal:        1844596 kB
MemFree:          709124 kB
MemAvailable:    1515964 kB
Buffers:           59000 kB
Cached:           849648 kB
MemTotal:        1844596 kB
MemFree:          708380 kB
MemAvailable:    1515220 kB
Buffers:           59000 kB
Cached:           849648 kB
MemTotal:        1844596 kB
MemFree:          707820 kB
MemAvailable:    1514660 kB
Buffers:           59000 kB
Cached:           849648 kB
MemTotal:        1844596 kB
MemFree:          706148 kB
MemAvailable:    1512988 kB
Buffers:           59000 kB
Cached:           849648 kB
MemTotal:        1844596 kB
MemFree:          706016 kB
MemAvailable:    1512856 kB
Buffers:           59000 kB
Cached:           849648 kB
MemTotal:        1844596 kB
MemFree:          707316 kB
MemAvailable:    1514156 kB
Buffers:           59000 kB
Cached:           849648 kB
MemTotal:        1844596 kB
MemFree:          707124 kB
MemAvailable:    1513964 kB
Buffers:           59000 kB
Cached:           849648 kB
MemTotal:        1844596 kB
MemFree:          705836 kB
MemAvailable:    1512676 kB
Buffers:           59000 kB
Cached:           849648 kB
MemTotal:        1844596 kB
MemFree:          707112 kB
MemAvailable:    1513952 kB
Buffers:           59000 kB
Cached:           849648 kB
MemTotal:        1844596 kB
MemFree:          707364 kB
MemAvailable:    1514204 kB
Buffers:           59000 kB
Cached:           849648 kB
MemTotal:        1844596 kB
MemFree:          707152 kB
MemAvailable:    1513992 kB
Buffers:           59000 kB
Cached:           849648 kB
MemTotal:        1844596 kB
MemFree:          707436 kB
MemAvailable:    1514276 kB
Buffers:           59000 kB
Cached:           849648 kB
MemTotal:        1844596 kB
MemFree:          707188 kB
MemAvailable:    1514028 kB
Buffers:           59000 kB
Cached:           849648 kB
MemTotal:        1844596 kB
MemFree:          706024 kB
MemAvailable:    1512864 kB
Buffers:           59000 kB
Cached:           849648 kB
MemTotal:        1844596 kB
MemFree:          706140 kB
MemAvailable:    1512980 kB
Buffers:           59000 kB
Cached:           849648 kB
MemTotal:        1844596 kB
MemFree:          703528 kB
MemAvailable:    1510368 kB
Buffers:           59000 kB
Cached:           849648 kB
MemTotal:        1844596 kB
MemFree:          704776 kB
MemAvailable:    1511616 kB
Buffers:           59000 kB
Cached:           849648 kB
MemTotal:        1844596 kB
MemFree:          704164 kB
MemAvailable:    1511004 kB
Buffers:           59000 kB
Cached:           849648 kB
MemTotal:        1844596 kB
MemFree:          703164 kB
MemAvailable:    1510004 kB
Buffers:           59000 kB
Cached:           849648 kB
MemTotal:        1844596 kB
MemFree:          703248 kB
MemAvailable:    1510088 kB
Buffers:           59000 kB
Cached:           849648 kB
MemTotal:        1844596 kB
MemFree:          702868 kB
MemAvailable:    1509708 kB
Buffers:           59000 kB
Cached:           849648 kB
MemTotal:        1844596 kB
MemFree:          702180 kB
MemAvailable:    1509020 kB
Buffers:           59000 kB
Cached:           849648 kB
MemTotal:        1844596 kB
MemFree:          702908 kB
MemAvailable:    1509748 kB
Buffers:           59000 kB
Cached:           849648 kB
MemTotal:        1844596 kB
MemFree:          703036 kB
MemAvailable:    1509876 kB
Buffers:           59000 kB
Cached:           849648 kB
MemTotal:        1844596 kB
MemFree:          702912 kB
MemAvailable:    1509752 kB
Buffers:           59000 kB
Cached:           849648 kB
MemTotal:        1844596 kB
MemFree:          702840 kB
MemAvailable:    1509680 kB
Buffers:           59000 kB
Cached:           849648 kB
MemTotal:        1844596 kB
MemFree:          702752 kB
MemAvailable:    1509592 kB
Buffers:           59000 kB
Cached:           849648 kB
MemTotal:        1844596 kB
MemFree:          701152 kB
MemAvailable:    1507992 kB
Buffers:           59000 kB
Cached:           849648 kB
MemTotal:        1844596 kB
MemFree:          702420 kB
MemAvailable:    1509260 kB
Buffers:           59000 kB
Cached:           849648 kB
MemTotal:        1844596 kB
MemFree:          701768 kB
MemAvailable:    1508692 kB
Buffers:           59000 kB
Cached:           849648 kB
MemTotal:        1844596 kB
MemFree:          700924 kB
MemAvailable:    1507764 kB
Buffers:           59000 kB
Cached:           849648 kB
MemTotal:        1844596 kB
MemFree:          701040 kB
MemAvailable:    1507880 kB
Buffers:           59000 kB
Cached:           849648 kB
MemTotal:        1844596 kB
MemFree:          702048 kB
MemAvailable:    1508888 kB
Buffers:           59000 kB
Cached:           849648 kB
MemTotal:        1844596 kB
MemFree:          702132 kB
MemAvailable:    1508972 kB
Buffers:           59000 kB
Cached:           849648 kB
MemTotal:        1844596 kB
MemFree:          701884 kB
MemAvailable:    1508724 kB
Buffers:           59000 kB
Cached:           849648 kB
MemTotal:        1844596 kB
MemFree:          701684 kB
MemAvailable:    1508524 kB
Buffers:           59000 kB
Cached:           849648 kB
MemTotal:        1844596 kB
MemFree:          702100 kB
MemAvailable:    1508940 kB
Buffers:           59000 kB
Cached:           849648 kB
MemTotal:        1844596 kB
MemFree:          700548 kB
MemAvailable:    1507388 kB
Buffers:           59000 kB
Cached:           849648 kB
MemTotal:        1844596 kB
MemFree:          700672 kB
MemAvailable:    1507512 kB
Buffers:           59000 kB
Cached:           849648 kB
MemTotal:        1844596 kB
MemFree:          700560 kB
MemAvailable:    1507400 kB
Buffers:           59000 kB
Cached:           849648 kB
MemTotal:        1844596 kB
MemFree:          701676 kB
MemAvailable:    1508516 kB
Buffers:           59000 kB
Cached:           849648 kB
MemTotal:        1844596 kB
MemFree:          701676 kB
MemAvailable:    1508516 kB
Buffers:           59000 kB
Cached:           849648 kB
MemTotal:        1844596 kB
MemFree:          701304 kB
MemAvailable:    1508144 kB
Buffers:           59000 kB
Cached:           849648 kB
MemTotal:        1844596 kB
MemFree:          699924 kB
MemAvailable:    1506764 kB
Buffers:           59000 kB
Cached:           849648 kB
MemTotal:        1844596 kB
MemFree:          699932 kB
MemAvailable:    1506772 kB
Buffers:           59000 kB
Cached:           849648 kB
MemTotal:        1844596 kB
MemFree:          700048 kB
MemAvailable:    1506888 kB
Buffers:           59000 kB
Cached:           849648 kB
MemTotal:        1844596 kB
MemFree:          701032 kB
MemAvailable:    1507872 kB
Buffers:           59000 kB
Cached:           849648 kB
MemTotal:        1844596 kB
MemFree:          701116 kB
MemAvailable:    1507956 kB
Buffers:           59000 kB
Cached:           849648 kB
MemTotal:        1844596 kB
MemFree:          700996 kB
MemAvailable:    1507836 kB
Buffers:           59000 kB
Cached:           849648 kB
MemTotal:        1844596 kB
MemFree:          701164 kB
MemAvailable:    1508004 kB
Buffers:           59000 kB
Cached:           849648 kB
MemTotal:        1844596 kB
MemFree:          700984 kB
MemAvailable:    1507840 kB
Buffers:           59000 kB
Cached:           849660 kB
MemTotal:        1844596 kB
MemFree:          700892 kB
MemAvailable:    1507748 kB
Buffers:           59000 kB
Cached:           849660 kB
MemTotal:        1844596 kB
MemFree:          700892 kB
MemAvailable:    1507748 kB
Buffers:           59000 kB
Cached:           849660 kB
MemTotal:        1844596 kB
MemFree:          699560 kB
MemAvailable:    1506416 kB
Buffers:           59000 kB
Cached:           849660 kB
MemTotal:        1844596 kB
MemFree:          698452 kB
MemAvailable:    1505308 kB
Buffers:           59000 kB
Cached:           849660 kB
MemTotal:        1844596 kB
MemFree:          695600 kB
MemAvailable:    1502456 kB
Buffers:           59000 kB
Cached:           849660 kB
MemTotal:        1844596 kB
MemFree:          695492 kB
MemAvailable:    1502348 kB
Buffers:           59000 kB
Cached:           849660 kB
MemTotal:        1844596 kB
MemFree:          693484 kB
MemAvailable:    1500340 kB
Buffers:           59000 kB
Cached:           849660 kB
MemTotal:        1844596 kB
MemFree:          693820 kB
MemAvailable:    1500676 kB
Buffers:           59000 kB
Cached:           849660 kB
MemTotal:        1844596 kB
MemFree:          692252 kB
MemAvailable:    1499108 kB
Buffers:           59000 kB
Cached:           849660 kB
MemTotal:        1844596 kB
MemFree:          693008 kB
MemAvailable:    1499864 kB
Buffers:           59000 kB
Cached:           849660 kB
MemTotal:        1844596 kB
MemFree:          691820 kB
MemAvailable:    1498676 kB
Buffers:           59000 kB
Cached:           849660 kB
MemTotal:        1844596 kB
MemFree:          692136 kB
MemAvailable:    1498992 kB
Buffers:           59000 kB
Cached:           849660 kB
MemTotal:        1844596 kB
MemFree:          693088 kB
MemAvailable:    1499944 kB
Buffers:           59000 kB
Cached:           849660 kB
MemTotal:        1844596 kB
MemFree:          692988 kB
MemAvailable:    1499844 kB
Buffers:           59000 kB
Cached:           849660 kB
MemTotal:        1844596 kB
MemFree:          693128 kB
MemAvailable:    1499984 kB
Buffers:           59000 kB
Cached:           849660 kB
MemTotal:        1844596 kB
MemFree:          693068 kB
MemAvailable:    1499924 kB
Buffers:           59000 kB
Cached:           849660 kB
MemTotal:        1844596 kB
MemFree:          692888 kB
MemAvailable:    1499744 kB
Buffers:           59000 kB
Cached:           849660 kB
MemTotal:        1844596 kB
MemFree:          692988 kB
MemAvailable:    1499844 kB
Buffers:           59000 kB
Cached:           849660 kB
MemTotal:        1844596 kB
MemFree:          693128 kB
MemAvailable:    1499984 kB
Buffers:           59000 kB
Cached:           849660 kB
MemTotal:        1844596 kB
MemFree:          692948 kB
MemAvailable:    1499804 kB
Buffers:           59000 kB
Cached:           849660 kB
MemTotal:        1844596 kB
MemFree:          693128 kB
MemAvailable:    1499984 kB
Buffers:           59000 kB
Cached:           849660 kB
MemTotal:        1844596 kB
MemFree:          691864 kB
MemAvailable:    1498720 kB
Buffers:           59000 kB
Cached:           849660 kB
MemTotal:        1844596 kB
MemFree:          693096 kB
MemAvailable:    1499952 kB
Buffers:           59000 kB
Cached:           849660 kB
MemTotal:        1844596 kB
MemFree:          692632 kB
MemAvailable:    1499488 kB
Buffers:           59000 kB
Cached:           849660 kB
MemTotal:        1844596 kB
MemFree:          691136 kB
MemAvailable:    1497992 kB
Buffers:           59000 kB
Cached:           849660 kB
MemTotal:        1844596 kB
MemFree:          691624 kB
MemAvailable:    1498480 kB
Buffers:           59000 kB
Cached:           849660 kB
MemTotal:        1844596 kB
MemFree:          691624 kB
MemAvailable:    1498480 kB
Buffers:           59000 kB
Cached:           849660 kB
MemTotal:        1844596 kB
MemFree:          691648 kB
MemAvailable:    1498504 kB
Buffers:           59000 kB
Cached:           849660 kB
MemTotal:        1844596 kB
MemFree:          689964 kB
MemAvailable:    1496820 kB
Buffers:           59000 kB
Cached:           849660 kB
MemTotal:        1844596 kB
MemFree:          691328 kB
MemAvailable:    1498184 kB
Buffers:           59000 kB
Cached:           849660 kB
MemTotal:        1844596 kB
MemFree:          690212 kB
MemAvailable:    1497068 kB
Buffers:           59000 kB
Cached:           849660 kB
MemTotal:        1844596 kB
MemFree:          690228 kB
MemAvailable:    1497084 kB
Buffers:           59000 kB
Cached:           849660 kB
MemTotal:        1844596 kB
MemFree:          688416 kB
MemAvailable:    1495272 kB
Buffers:           59000 kB
Cached:           849660 kB
MemTotal:        1844596 kB
MemFree:          688284 kB
MemAvailable:    1495140 kB
Buffers:           59000 kB
Cached:           849660 kB
MemTotal:        1844596 kB
MemFree:          689532 kB
MemAvailable:    1496388 kB
Buffers:           59000 kB
Cached:           849660 kB
MemTotal:        1844596 kB
MemFree:          689220 kB
MemAvailable:    1496076 kB
Buffers:           59000 kB
Cached:           849660 kB
MemTotal:        1844596 kB
MemFree:          689112 kB
MemAvailable:    1495968 kB
Buffers:           59000 kB
Cached:           849660 kB
MemTotal:        1844596 kB
MemFree:          687740 kB
MemAvailable:    1494596 kB
Buffers:           59000 kB
Cached:           849660 kB
MemTotal:        1844596 kB
MemFree:          689208 kB
MemAvailable:    1496064 kB
Buffers:           59000 kB
Cached:           849660 kB
MemTotal:        1844596 kB
MemFree:          689204 kB
MemAvailable:    1496060 kB
Buffers:           59000 kB
Cached:           849660 kB
MemTotal:        1844596 kB
MemFree:          688168 kB
MemAvailable:    1494900 kB
Buffers:           59000 kB
Cached:           849660 kB
MemTotal:        1844596 kB
MemFree:          689148 kB
MemAvailable:    1496004 kB
Buffers:           59000 kB
Cached:           849660 kB
MemTotal:        1844596 kB
MemFree:          689160 kB
MemAvailable:    1496016 kB
Buffers:           59000 kB
Cached:           849660 kB
MemTotal:        1844596 kB
MemFree:          688788 kB
MemAvailable:    1495644 kB
Buffers:           59000 kB
Cached:           849660 kB
MemTotal:        1844596 kB
MemFree:          688716 kB
MemAvailable:    1495572 kB
Buffers:           59000 kB
Cached:           849660 kB
MemTotal:        1844596 kB
MemFree:          687424 kB
MemAvailable:    1494280 kB
Buffers:           59000 kB
Cached:           849660 kB
MemTotal:        1844596 kB
MemFree:          683820 kB
MemAvailable:    1490676 kB
Buffers:           59000 kB
Cached:           849660 kB
MemTotal:        1844596 kB
MemFree:          683820 kB
MemAvailable:    1490676 kB
Buffers:           59000 kB
Cached:           849660 kB
MemTotal:        1844596 kB
MemFree:          683384 kB
MemAvailable:    1490240 kB
Buffers:           59000 kB
Cached:           849660 kB
MemTotal:        1844596 kB
MemFree:          683552 kB
MemAvailable:    1490408 kB
Buffers:           59000 kB
Cached:           849660 kB
MemTotal:        1844596 kB
MemFree:          683432 kB
MemAvailable:    1490288 kB
Buffers:           59000 kB
Cached:           849660 kB
MemTotal:        1844596 kB
MemFree:          683252 kB
MemAvailable:    1490108 kB
Buffers:           59000 kB
Cached:           849660 kB
MemTotal:        1844596 kB
MemFree:          683508 kB
MemAvailable:    1490364 kB
Buffers:           59000 kB
Cached:           849660 kB
MemTotal:        1844596 kB
MemFree:          683188 kB
MemAvailable:    1490044 kB
Buffers:           59000 kB
Cached:           849660 kB
MemTotal:        1844596 kB
MemFree:          683028 kB
MemAvailable:    1489884 kB
Buffers:           59000 kB
Cached:           849660 kB
MemTotal:        1844596 kB
MemFree:          681804 kB
MemAvailable:    1488660 kB
Buffers:           59000 kB
Cached:           849660 kB
MemTotal:        1844596 kB
MemFree:          683220 kB
MemAvailable:    1490076 kB
Buffers:           59000 kB
Cached:           849660 kB
MemTotal:        1844596 kB
MemFree:          681920 kB
MemAvailable:    1488776 kB
Buffers:           59000 kB
Cached:           849660 kB
MemTotal:        1844596 kB
MemFree:          681100 kB
MemAvailable:    1487956 kB
Buffers:           59000 kB
Cached:           849660 kB
MemTotal:        1844596 kB
MemFree:          680544 kB
MemAvailable:    1487400 kB
Buffers:           59000 kB
Cached:           849660 kB
MemTotal:        1844596 kB
MemFree:          680160 kB
MemAvailable:    1487016 kB
Buffers:           59000 kB
Cached:           849660 kB
MemTotal:        1844596 kB
MemFree:          679904 kB
MemAvailable:    1486760 kB
Buffers:           59000 kB
Cached:           849660 kB
MemTotal:        1844596 kB
MemFree:          678804 kB
MemAvailable:    1485660 kB
Buffers:           59000 kB
Cached:           849660 kB
MemTotal:        1844596 kB
MemFree:          679488 kB
MemAvailable:    1486344 kB
Buffers:           59000 kB
Cached:           849660 kB
MemTotal:        1844596 kB
MemFree:          680096 kB
MemAvailable:    1486952 kB
Buffers:           59000 kB
Cached:           849660 kB
MemTotal:        1844596 kB
MemFree:          680236 kB
MemAvailable:    1487092 kB
Buffers:           59000 kB
Cached:           849660 kB
MemTotal:        1844596 kB
MemFree:          682336 kB
MemAvailable:    1489192 kB
Buffers:           59000 kB
Cached:           849660 kB
MemTotal:        1844596 kB
MemFree:          681892 kB
MemAvailable:    1488832 kB
Buffers:           59000 kB
Cached:           849784 kB
MemTotal:        1844596 kB
MemFree:          681580 kB
MemAvailable:    1488772 kB
Buffers:           59000 kB
Cached:           850032 kB
MemTotal:        1844596 kB
MemFree:          681832 kB
MemAvailable:    1489024 kB
Buffers:           59000 kB
Cached:           850032 kB
MemTotal:        1844596 kB
MemFree:          681400 kB
MemAvailable:    1488760 kB
Buffers:           59000 kB
Cached:           850156 kB
MemTotal:        1844596 kB
MemFree:          681736 kB
MemAvailable:    1489096 kB
Buffers:           59000 kB
Cached:           850156 kB
MemTotal:        1844596 kB
MemFree:          680160 kB
MemAvailable:    1487604 kB
Buffers:           59000 kB
Cached:           850280 kB
MemTotal:        1844596 kB
MemFree:          680480 kB
MemAvailable:    1487924 kB
Buffers:           59000 kB
Cached:           850280 kB
MemTotal:        1844596 kB
MemFree:          680356 kB
MemAvailable:    1487808 kB
Buffers:           59000 kB
Cached:           850248 kB
MemTotal:        1844596 kB
MemFree:          681664 kB
MemAvailable:    1489200 kB
Buffers:           59000 kB
Cached:           850372 kB
MemTotal:        1844596 kB
MemFree:          681532 kB
MemAvailable:    1489068 kB
Buffers:           59000 kB
Cached:           850372 kB
MemTotal:        1844596 kB
MemFree:          681340 kB
MemAvailable:    1488876 kB
Buffers:           59000 kB
Cached:           850372 kB
MemTotal:        1844596 kB
MemFree:          681336 kB
MemAvailable:    1488872 kB
Buffers:           59000 kB
Cached:           850372 kB
MemTotal:        1844596 kB
MemFree:          681288 kB
MemAvailable:    1488824 kB
Buffers:           59000 kB
Cached:           850372 kB
MemTotal:        1844596 kB
MemFree:          681144 kB
MemAvailable:    1488680 kB
Buffers:           59000 kB
Cached:           850372 kB
MemTotal:        1844596 kB
MemFree:          681480 kB
MemAvailable:    1489016 kB
Buffers:           59000 kB
Cached:           850372 kB
MemTotal:        1844596 kB
MemFree:          680556 kB
MemAvailable:    1487492 kB
Buffers:           59000 kB
Cached:           849684 kB
MemTotal:        1844596 kB
MemFree:          750440 kB
MemAvailable:    1557376 kB
Buffers:           59000 kB
Cached:           849684 kB
