MemTotal:        1844596 kB
MemFree:          960156 kB
MemAvailable:    1557948 kB
Buffers:           34248 kB
Cached:           667836 kB
MemTotal:        1844596 kB
MemFree:          957616 kB
MemAvailable:    1555408 kB
Buffers:           34248 kB
Cached:           667836 kB
MemTotal:        1844596 kB
MemFree:          956616 kB
MemAvailable:    1554408 kB
Buffers:           34248 kB
Cached:           667836 kB
MemTotal:        1844596 kB
MemFree:          956500 kB
MemAvailable:    1554292 kB
Buffers:           34248 kB
Cached:           667836 kB
MemTotal:        1844596 kB
MemFree:          955188 kB
MemAvailable:    1552980 kB
Buffers:           34248 kB
Cached:           667836 kB
MemTotal:        1844596 kB
MemFree:          953848 kB
MemAvailable:    1551640 kB
Buffers:           34248 kB
Cached:           667836 kB
MemTotal:        1844596 kB
MemFree:          954144 kB
MemAvailable:    1551936 kB
Buffers:           34248 kB
Cached:           667836 kB
MemTotal:        1844596 kB
MemFree:          952284 kB
MemAvailable:    1550076 kB
Buffers:           34248 kB
Cached:           667836 kB
MemTotal:        1844596 kB
MemFree:          950292 kB
MemAvailable:    1548084 kB
Buffers:           34248 kB
Cached:           667836 kB
MemTotal:        1844596 kB
MemFree:          946812 kB
MemAvailable:    1544604 kB
Buffers:           34248 kB
Cached:           667836 kB
MemTotal:        1844596 kB
MemFree:          946568 kB
MemAvailable:    1544360 kB
Buffers:           34248 kB
Cached:           667836 kB
MemTotal:        1844596 kB
MemFree:          945296 kB
MemAvailable:    1543088 kB
Buffers:           34248 kB
Cached:           667836 kB
MemTotal:        1844596 kB
MemFree:          945548 kB
MemAvailable:    1543340 kB
Buffers:           34248 kB
Cached:           667836 kB
MemTotal:        1844596 kB
MemFree:          945456 kB
MemAvailable:    1543248 kB
Buffers:           34248 kB
Cached:           667836 kB
MemTotal:        1844596 kB
MemFree:          945352 kB
MemAvailable:    1543144 kB
Buffers:           34248 kB
Cached:           667836 kB
MemTotal:        1844596 kB
MemFree:          944348 kB
MemAvailable:    1542140 kB
Buffers:           34248 kB
Cached:           667836 kB
MemTotal:        1844596 kB
MemFree:          945076 kB
MemAvailable:    1542868 kB
Buffers:           34248 kB
Cached:           667836 kB
MemTotal:        1844596 kB
MemFree:          945412 kB
MemAvailable:    1543204 kB
Buffers:           34248 kB
Cached:           667836 kB
MemTotal:        1844596 kB
MemFree:          943844 kB
MemAvailable:    1541636 kB
Buffers:           34248 kB
Cached:           667836 kB
MemTotal:        1844596 kB
MemFree:          943844 kB
MemAvailable:    1541636 kB
Buffers:           34248 kB
Cached:           667836 kB
MemTotal:        1844596 kB
MemFree:          942720 kB
MemAvailable:    1540512 kB
Buffers:           34248 kB
Cached:           667836 kB
MemTotal:        1844596 kB
MemFree:          942972 kB
MemAvailable:    1540764 kB
Buffers:           34248 kB
Cached:           667836 kB
MemTotal:        1844596 kB
MemFree:          942848 kB
MemAvailable:    1540640 kB
Buffers:           34248 kB
Cached:           667836 kB
MemTotal:        1844596 kB
MemFree:          942796 kB
MemAvailable:    1540588 kB
Buffers:           34248 kB
Cached:           667836 kB
MemTotal:        1844596 kB
MemFree:          942588 kB
MemAvailable:    1540380 kB
Buffers:           34248 kB
Cached:           667836 kB
MemTotal:        1844596 kB
MemFree:          942720 kB
MemAvailable:    1540512 kB
Buffers:           34248 kB
Cached:           667836 kB
MemTotal:        1844596 kB
MemFree:          942864 kB
MemAvailable:    1540656 kB
Buffers:           34248 kB
Cached:           667836 kB
MemTotal:        1844596 kB
MemFree:          942660 kB
MemAvailable:    1540452 kB
Buffers:           34248 kB
Cached:           667836 kB
MemTotal:        1844596 kB
MemFree:          942736 kB
MemAvailable:    1540528 kB
Buffers:           34248 kB
Cached:           667836 kB
MemTotal:        1844596 kB
MemFree:          942908 kB
MemAvailable:    1540700 kB
Buffers:           34248 kB
Cached:           667836 kB
MemTotal:        1844596 kB
MemFree:          941476 kB
MemAvailable:    1539268 kB
Buffers:           34248 kB
Cached:           667836 kB
MemTotal:        1844596 kB
MemFree:          943796 kB
MemAvailable:    1541600 kB
Buffers:           34248 kB
Cached:           667848 kB
MemTotal:        1844596 kB
MemFree:          943964 kB
MemAvailable:    1541768 kB
Buffers:           34248 kB
Cached:           667848 kB
MemTotal:        1844596 kB
MemFree:          941736 kB
MemAvailable:    1539540 kB
Buffers:           34248 kB
Cached:           667848 kB
MemTotal:        1844596 kB
MemFree:          940364 kB
MemAvailable:    1538168 kB
Buffers:           34248 kB
Cached:           667848 kB
MemTotal:        1844596 kB
MemFree:          939760 kB
MemAvailable:    1537564 kB
Buffers:           34248 kB
Cached:           667848 kB
MemTotal:        1844596 kB
MemFree:          938952 kB
MemAvailable:    1536756 kB
Buffers:           34248 kB
Cached:           667848 kB
MemTotal:        1844596 kB
MemFree:          938892 kB
MemAvailable:    1536696 kB
Buffers:           34248 kB
Cached:           667848 kB
MemTotal:        1844596 kB
MemFree:          939620 kB
MemAvailable:    1537424 kB
Buffers:           34248 kB
Cached:           667848 kB
MemTotal:        1844596 kB
MemFree:          939620 kB
MemAvailable:    1537424 kB
Buffers:           34248 kB
Cached:           667848 kB
MemTotal:        1844596 kB
MemFree:          937644 kB
MemAvailable:    1535448 kB
Buffers:           34248 kB
Cached:           667848 kB
MemTotal:        1844596 kB
MemFree:          939016 kB
MemAvailable:    1536820 kB
Buffers:           34248 kB
Cached:           667848 kB
MemTotal:        1844596 kB
MemFree:          939120 kB
MemAvailable:    1536924 kB
Buffers:           34248 kB
Cached:           667848 kB
MemTotal:        1844596 kB
MemFree:          937776 kB
MemAvailable:    1535580 kB
Buffers:           34248 kB
Cached:           667848 kB
MemTotal:        1844596 kB
MemFree:          938380 kB
MemAvailable:    1536184 kB
Buffers:           34248 kB
Cached:           667848 kB
MemTotal:        1844596 kB
MemFree:          938716 kB
MemAvailable:    1536520 kB
Buffers:           34248 kB
Cached:           667848 kB
MemTotal:        1844596 kB
MemFree:          937224 kB
MemAvailable:    1535028 kB
Buffers:           34248 kB
Cached:           667848 kB
MemTotal:        1844596 kB
MemFree:          938556 kB
MemAvailable:    1536360 kB
Buffers:           34248 kB
Cached:           667848 kB
MemTotal:        1844596 kB
MemFree:          938656 kB
MemAvailable:    1536460 kB
Buffers:           34248 kB
Cached:           667848 kB
MemTotal:        1844596 kB
MemFree:          938140 kB
MemAvailable:    1535944 kB
Buffers:           34248 kB
Cached:           667848 kB
MemTotal:        1844596 kB
MemFree:          936768 kB
MemAvailable:    1534572 kB
Buffers:           34248 kB
Cached:           667848 kB
MemTotal:        1844596 kB
MemFree:          938080 kB
MemAvailable:    1535884 kB
Buffers:           34248 kB
Cached:           667848 kB
MemTotal:        1844596 kB
MemFree:          938200 kB
MemAvailable:    1536004 kB
Buffers:           34248 kB
Cached:           667848 kB
MemTotal:        1844596 kB
MemFree:          938272 kB
MemAvailable:    1536076 kB
Buffers:           34248 kB
Cached:           667848 kB
MemTotal:        1844596 kB
MemFree:          937960 kB
MemAvailable:    1535764 kB
Buffers:           34248 kB
Cached:           667848 kB
MemTotal:        1844596 kB
MemFree:          936652 kB
MemAvailable:    1534456 kB
Buffers:           34248 kB
Cached:           667848 kB
MemTotal:        1844596 kB
MemFree:          936264 kB
MemAvailable:    1534068 kB
Buffers:           34248 kB
Cached:           667848 kB
MemTotal:        1844596 kB
MemFree:          936224 kB
MemAvailable:    1534028 kB
Buffers:           34248 kB
Cached:           667848 kB
MemTotal:        1844596 kB
MemFree:          937516 kB
MemAvailable:    1535320 kB
Buffers:           34248 kB
Cached:           667848 kB
MemTotal:        1844596 kB
MemFree:          937644 kB
MemAvailable:    1535448 kB
Buffers:           34248 kB
Cached:           667848 kB
MemTotal:        1844596 kB
MemFree:          937568 kB
MemAvailable:    1535372 kB
Buffers:           34248 kB
Cached:           667848 kB
MemTotal:        1844596 kB
MemFree:          937504 kB
MemAvailable:    1535308 kB
Buffers:           34248 kB
Cached:           667848 kB
MemTotal:        1844596 kB
MemFree:          936784 kB
MemAvailable:    1534588 kB
Buffers:           34248 kB
Cached:           667848 kB
MemTotal:        1844596 kB
MemFree:          937004 kB
MemAvailable:    1534808 kB
Buffers:           34248 kB
Cached:           667848 kB
MemTotal:        1844596 kB
MemFree:          937340 kB
MemAvailable:    1535144 kB
Buffers:           34248 kB
Cached:           667848 kB
MemTotal:        1844596 kB
MemFree:          937012 kB
MemAvailable:    1534816 kB
Buffers:           34248 kB
Cached:           667848 kB
MemTotal:        1844596 kB
MemFree:          936156 kB
MemAvailable:    1533960 kB
Buffers:           34248 kB
Cached:           667848 kB
MemTotal:        1844596 kB
MemFree:          935524 kB
MemAvailable:    1533328 kB
Buffers:           34248 kB
Cached:           667848 kB
MemTotal:        1844596 kB
MemFree:          935896 kB
MemAvailable:    1533700 kB
Buffers:           34248 kB
Cached:           667848 kB
MemTotal:        1844596 kB
MemFree:          935772 kB
MemAvailable:    1533576 kB
Buffers:           34248 kB
Cached:           667848 kB
MemTotal:        1844596 kB
MemFree:          937072 kB
MemAvailable:    1534876 kB
Buffers:           34248 kB
Cached:           667848 kB
MemTotal:        1844596 kB
MemFree:          937004 kB
MemAvailable:    1534808 kB
Buffers:           34248 kB
Cached:           667848 kB
MemTotal:        1844596 kB
MemFree:          935508 kB
MemAvailable:    1533312 kB
Buffers:           34248 kB
Cached:           667848 kB
MemTotal:        1844596 kB
MemFree:          936880 kB
MemAvailable:    1534684 kB
Buffers:           34248 kB
Cached:           667848 kB
MemTotal:        1844596 kB
MemFree:          935508 kB
MemAvailable:    1533312 kB
Buffers:           34248 kB
Cached:           667848 kB
MemTotal:        1844596 kB
MemFree:          936608 kB
MemAvailable:    1534412 kB
Buffers:           34248 kB
Cached:           667848 kB
MemTotal:        1844596 kB
MemFree:          936608 kB
MemAvailable:    1534412 kB
Buffers:           34248 kB
Cached:           667848 kB
MemTotal:        1844596 kB
MemFree:          935172 kB
MemAvailable:    1532976 kB
Buffers:           34248 kB
Cached:           667848 kB
MemTotal:        1844596 kB
MemFree:          931932 kB
MemAvailable:    1529736 kB
Buffers:           34248 kB
Cached:           667848 kB
MemTotal:        1844596 kB
MemFree:          932268 kB
MemAvailable:    1530072 kB
Buffers:           34248 kB
Cached:           667848 kB
MemTotal:        1844596 kB
MemFree:          929080 kB
MemAvailable:    1526884 kB
Buffers:           34248 kB
Cached:           667848 kB
MemTotal:        1844596 kB
MemFree:          929164 kB
MemAvailable:    1526968 kB
Buffers:           34248 kB
Cached:           667848 kB
MemTotal:        1844596 kB
MemFree:          927668 kB
MemAvailable:    1525472 kB
Buffers:           34248 kB
Cached:           667848 kB
MemTotal:        1844596 kB
MemFree:          929040 kB
MemAvailable:    1526844 kB
Buffers:           34248 kB
Cached:           667848 kB
MemTotal:        1844596 kB
MemFree:          927668 kB
MemAvailable:    1525472 kB
Buffers:           34248 kB
Cached:           667848 kB
MemTotal:        1844596 kB
MemFree:          928644 kB
MemAvailable:    1526448 kB
Buffers:           34248 kB
Cached:           667848 kB
MemTotal:        1844596 kB
MemFree:          928980 kB
MemAvailable:    1526784 kB
Buffers:           34248 kB
Cached:           667848 kB
MemTotal:        1844596 kB
MemFree:          928736 kB
MemAvailable:    1526540 kB
Buffers:           34248 kB
Cached:           667848 kB
MemTotal:        1844596 kB
MemFree:          927732 kB
MemAvailable:    1525536 kB
Buffers:           34248 kB
Cached:           667848 kB
MemTotal:        1844596 kB
MemFree:          928848 kB
MemAvailable:    1526652 kB
Buffers:           34248 kB
Cached:           667848 kB
MemTotal:        1844596 kB
MemFree:          928776 kB
MemAvailable:    1526580 kB
Buffers:           34248 kB
Cached:           667848 kB
MemTotal:        1844596 kB
MemFree:          927344 kB
MemAvailable:    1525148 kB
Buffers:           34248 kB
Cached:           667848 kB
MemTotal:        1844596 kB
MemFree:          928696 kB
MemAvailable:    1526500 kB
Buffers:           34248 kB
Cached:           667848 kB
MemTotal:        1844596 kB
MemFree:          928780 kB
MemAvailable:    1526584 kB
Buffers:           34248 kB
Cached:           667848 kB
MemTotal:        1844596 kB
MemFree:          928764 kB
MemAvailable:    1526568 kB
Buffers:           34248 kB
Cached:           667848 kB
MemTotal:        1844596 kB
MemFree:          928724 kB
MemAvailable:    1526528 kB
Buffers:           34248 kB
Cached:           667848 kB
MemTotal:        1844596 kB
MemFree:          928468 kB
MemAvailable:    1526272 kB
Buffers:           34248 kB
Cached:           667848 kB
MemTotal:        1844596 kB
MemFree:          926988 kB
MemAvailable:    1524792 kB
Buffers:           34248 kB
Cached:           667848 kB
MemTotal:        1844596 kB
MemFree:          928220 kB
MemAvailable:    1526024 kB
Buffers:           34248 kB
Cached:           667848 kB
MemTotal:        1844596 kB
MemFree:          927980 kB
MemAvailable:    1525784 kB
Buffers:           34248 kB
Cached:           667848 kB
MemTotal:        1844596 kB
MemFree:          927164 kB
MemAvailable:    1524968 kB
Buffers:           34248 kB
Cached:           667848 kB
MemTotal:        1844596 kB
MemFree:          927124 kB
MemAvailable:    1524928 kB
Buffers:           34248 kB
Cached:           667848 kB
MemTotal:        1844596 kB
MemFree:          925872 kB
MemAvailable:    1523676 kB
Buffers:           34248 kB
Cached:           667848 kB
MemTotal:        1844596 kB
MemFree:          926988 kB
MemAvailable:    1524800 kB
Buffers:           34248 kB
Cached:           667856 kB
MemTotal:        1844596 kB
MemFree:          925864 kB
MemAvailable:    1523676 kB
Buffers:           34248 kB
Cached:           667856 kB
MemTotal:        1844596 kB
MemFree:          925012 kB
MemAvailable:    1522824 kB
Buffers:           34248 kB
Cached:           667856 kB
MemTotal:        1844596 kB
MemFree:          925752 kB
MemAvailable:    1523564 kB
Buffers:           34248 kB
Cached:           667856 kB
MemTotal:        1844596 kB
MemFree:          925880 kB
MemAvailable:    1523692 kB
Buffers:           34248 kB
Cached:           667856 kB
MemTotal:        1844596 kB
MemFree:          924260 kB
MemAvailable:    1522072 kB
Buffers:           34248 kB
Cached:           667856 kB
MemTotal:        1844596 kB
MemFree:          925236 kB
MemAvailable:    1523048 kB
Buffers:           34248 kB
Cached:           667856 kB
MemTotal:        1844596 kB
MemFree:          925236 kB
MemAvailable:    1523048 kB
Buffers:           34248 kB
Cached:           667856 kB
MemTotal:        1844596 kB
MemFree:          924988 kB
MemAvailable:    1522800 kB
Buffers:           34248 kB
Cached:           667856 kB
MemTotal:        1844596 kB
MemFree:          923748 kB
MemAvailable:    1521560 kB
Buffers:           34248 kB
Cached:           667856 kB
MemTotal:        1844596 kB
MemFree:          923568 kB
MemAvailable:    1521380 kB
Buffers:           34248 kB
Cached:           667856 kB
MemTotal:        1844596 kB
MemFree:          923816 kB
MemAvailable:    1521628 kB
Buffers:           34248 kB
Cached:           667856 kB
MemTotal:        1844596 kB
MemFree:          923444 kB
MemAvailable:    1521256 kB
Buffers:           34248 kB
Cached:           667856 kB
MemTotal:        1844596 kB
MemFree:          924904 kB
MemAvailable:    1522716 kB
Buffers:           34248 kB
Cached:           667856 kB
MemTotal:        1844596 kB
MemFree:          924804 kB
MemAvailable:    1522616 kB
Buffers:           34248 kB
Cached:           667856 kB
MemTotal:        1844596 kB
MemFree:          924004 kB
MemAvailable:    1521816 kB
Buffers:           34248 kB
Cached:           667856 kB
MemTotal:        1844596 kB
MemFree:          925128 kB
MemAvailable:    1522940 kB
Buffers:           34248 kB
Cached:           667856 kB
MemTotal:        1844596 kB
MemFree:          923888 kB
MemAvailable:    1521700 kB
Buffers:           34248 kB
Cached:           667856 kB
MemTotal:        1844596 kB
MemFree:          924244 kB
MemAvailable:    1522056 kB
Buffers:           34248 kB
Cached:           667856 kB
MemTotal:        1844596 kB
MemFree:          923888 kB
MemAvailable:    1521700 kB
Buffers:           34248 kB
Cached:           667856 kB
MemTotal:        1844596 kB
MemFree:          924248 kB
MemAvailable:    1522060 kB
Buffers:           34248 kB
Cached:           667856 kB
MemTotal:        1844596 kB
MemFree:          922212 kB
MemAvailable:    1520024 kB
Buffers:           34248 kB
Cached:           667856 kB
MemTotal:        1844596 kB
MemFree:          918928 kB
MemAvailable:    1516740 kB
Buffers:           34248 kB
Cached:           667856 kB
MemTotal:        1844596 kB
MemFree:          919112 kB
MemAvailable:    1516924 kB
Buffers:           34248 kB
Cached:           667856 kB
MemTotal:        1844596 kB
MemFree:          919196 kB
MemAvailable:    1517008 kB
Buffers:           34248 kB
Cached:           667856 kB
MemTotal:        1844596 kB
MemFree:          919012 kB
MemAvailable:    1516824 kB
Buffers:           34248 kB
Cached:           667856 kB
MemTotal:        1844596 kB
MemFree:          919264 kB
MemAvailable:    1517076 kB
Buffers:           34248 kB
Cached:           667856 kB
MemTotal:        1844596 kB
MemFree:          919024 kB
MemAvailable:    1516836 kB
Buffers:           34248 kB
Cached:           667856 kB
MemTotal:        1844596 kB
MemFree:          919108 kB
MemAvailable:    1516920 kB
Buffers:           34248 kB
Cached:           667856 kB
MemTotal:        1844596 kB
MemFree:          918900 kB
MemAvailable:    1516712 kB
Buffers:           34248 kB
Cached:           667856 kB
MemTotal:        1844596 kB
MemFree:          918900 kB
MemAvailable:    1516712 kB
Buffers:           34248 kB
Cached:           667856 kB
MemTotal:        1844596 kB
MemFree:          918600 kB
MemAvailable:    1516412 kB
Buffers:           34248 kB
Cached:           667856 kB
MemTotal:        1844596 kB
MemFree:          918936 kB
MemAvailable:    1516748 kB
Buffers:           34248 kB
Cached:           667856 kB
MemTotal:        1844596 kB
MemFree:          918668 kB
MemAvailable:    1516480 kB
Buffers:           34248 kB
Cached:           667856 kB
MemTotal:        1844596 kB
MemFree:          917812 kB
MemAvailable:    1515624 kB
Buffers:           34248 kB
Cached:           667856 kB
MemTotal:        1844596 kB
MemFree:          918500 kB
MemAvailable:    1516312 kB
Buffers:           34248 kB
Cached:           667856 kB
MemTotal:        1844596 kB
MemFree:          918596 kB
MemAvailable:    1516408 kB
Buffers:           34248 kB
Cached:           667856 kB
MemTotal:        1844596 kB
MemFree:          917688 kB
MemAvailable:    1515500 kB
Buffers:           34248 kB
Cached:           667856 kB
MemTotal:        1844596 kB
MemFree:          917740 kB
MemAvailable:    1515552 kB
Buffers:           34248 kB
Cached:           667856 kB
MemTotal:        1844596 kB
MemFree:          916632 kB
MemAvailable:    1514444 kB
Buffers:           34248 kB
Cached:           667856 kB
MemTotal:        1844596 kB
MemFree:          914588 kB
MemAvailable:    1512400 kB
Buffers:           34248 kB
Cached:           667856 kB
MemTotal:        1844596 kB
MemFree:          915388 kB
MemAvailable:    1513200 kB
Buffers:           34248 kB
Cached:           667856 kB
MemTotal:        1844596 kB
MemFree:          915640 kB
MemAvailable:    1513452 kB
Buffers:           34248 kB
Cached:           667856 kB
MemTotal:        1844596 kB
MemFree:          915400 kB
MemAvailable:    1513212 kB
Buffers:           34248 kB
Cached:           667856 kB
MemTotal:        1844596 kB
MemFree:          915428 kB
MemAvailable:    1513240 kB
Buffers:           34248 kB
Cached:           667856 kB
MemTotal:        1844596 kB
MemFree:          915456 kB
MemAvailable:    1513268 kB
Buffers:           34248 kB
Cached:           667856 kB
MemTotal:        1844596 kB
MemFree:          914328 kB
MemAvailable:    1512140 kB
Buffers:           34248 kB
Cached:           667856 kB
MemTotal:        1844596 kB
MemFree:          915628 kB
MemAvailable:    1513440 kB
Buffers:           34248 kB
Cached:           667856 kB
MemTotal:        1844596 kB
MemFree:          916368 kB
MemAvailable:    1514180 kB
Buffers:           34248 kB
Cached:           667856 kB
MemTotal:        1844596 kB
MemFree:          916492 kB
MemAvailable:    1514388 kB
Buffers:           34248 kB
Cached:           667980 kB
MemTotal:        1844596 kB
MemFree:          916492 kB
MemAvailable:    1514472 kB
Buffers:           34248 kB
Cached:           667980 kB
MemTotal:        1844596 kB
MemFree:          916324 kB
MemAvailable:    1514472 kB
Buffers:           34248 kB
Cached:           668228 kB
MemTotal:        1844596 kB
MemFree:          916200 kB
MemAvailable:    1514432 kB
Buffers:           34248 kB
Cached:           668352 kB
MemTotal:        1844596 kB
MemFree:          915944 kB
MemAvailable:    1514260 kB
Buffers:           34248 kB
Cached:           668476 kB
MemTotal:        1844596 kB
MemFree:          916324 kB
MemAvailable:    1514724 kB
Buffers:           34248 kB
Cached:           668476 kB
MemTotal:        1844596 kB
MemFree:          916076 kB
MemAvailable:    1514476 kB
Buffers:           34248 kB
Cached:           668476 kB
MemTotal:        1844596 kB
MemFree:          917192 kB
MemAvailable:    1515676 kB
Buffers:           34248 kB
Cached:           668476 kB
MemTotal:        1844596 kB
MemFree:          915952 kB
MemAvailable:    1514436 kB
Buffers:           34248 kB
Cached:           668476 kB
MemTotal:        1844596 kB
MemFree:          916952 kB
MemAvailable:    1515436 kB
Buffers:           34248 kB
Cached:           668476 kB
MemTotal:        1844596 kB
MemFree:          916864 kB
MemAvailable:    1515348 kB
Buffers:           34248 kB
Cached:           668476 kB
MemTotal:        1844596 kB
MemFree:          916964 kB
MemAvailable:    1515448 kB
Buffers:           34248 kB
Cached:           668476 kB
MemTotal:        1844596 kB
MemFree:          916680 kB
MemAvailable:    1515164 kB
Buffers:           34248 kB
Cached:           668476 kB
MemTotal:        1844596 kB
MemFree:          916764 kB
MemAvailable:    1515248 kB
Buffers:           34248 kB
Cached:           668476 kB
MemTotal:        1844596 kB
MemFree:          916160 kB
MemAvailable:    1514056 kB
Buffers:           34248 kB
Cached:           667844 kB
MemTotal:        1844596 kB
MemFree:          985612 kB
MemAvailable:    1583508 kB
Buffers:           34248 kB
Cached:           667844 kB
