MemTotal:        1844596 kB
MemFree:          904844 kB
MemAvailable:    1551512 kB
Buffers:           41436 kB
Cached:           715356 kB
MemTotal:        1844596 kB
MemFree:          899628 kB
MemAvailable:    1546296 kB
Buffers:           41436 kB
Cached:           715356 kB
MemTotal:        1844596 kB
MemFree:          898464 kB
MemAvailable:    1545132 kB
Buffers:           41436 kB
Cached:           715356 kB
MemTotal:        1844596 kB
MemFree:          898548 kB
MemAvailable:    1545216 kB
Buffers:           41436 kB
Cached:           715356 kB
MemTotal:        1844596 kB
MemFree:          898216 kB
MemAvailable:    1544884 kB
Buffers:           41436 kB
Cached:           715356 kB
MemTotal:        1844596 kB
MemFree:          896040 kB
MemAvailable:    1542708 kB
Buffers:           41436 kB
Cached:           715356 kB
MemTotal:        1844596 kB
MemFree:          896164 kB
MemAvailable:    1542832 kB
Buffers:           41436 kB
Cached:           715356 kB
MemTotal:        1844596 kB
MemFree:          895132 kB
MemAvailable:    1541800 kB
Buffers:           41436 kB
Cached:           715356 kB
MemTotal:        1844596 kB
MemFree:          892816 kB
MemAvailable:    1539488 kB
Buffers:           41436 kB
Cached:           715360 kB
MemTotal:        1844596 kB
MemFree:          890848 kB
MemAvailable:    1537520 kB
Buffers:           41436 kB
Cached:           715360 kB
MemTotal:        1844596 kB
MemFree:          886932 kB
MemAvailable:    1533604 kB
Buffers:           41436 kB
Cached:           715360 kB
MemTotal:        1844596 kB
MemFree:          886796 kB
MemAvailable:    1533468 kB
Buffers:           41436 kB
Cached:           715360 kB
MemTotal:        1844596 kB
MemFree:          887132 kB
MemAvailable:    1533804 kB
Buffers:           41436 kB
Cached:           715360 kB
MemTotal:        1844596 kB
MemFree:          885940 kB
MemAvailable:    1532612 kB
Buffers:           41436 kB
Cached:           715360 kB
MemTotal:        1844596 kB
MemFree:          885804 kB
MemAvailable:    1532476 kB
Buffers:           41436 kB
Cached:           715360 kB
MemTotal:        1844596 kB
MemFree:          887004 kB
MemAvailable:    1533676 kB
Buffers:           41436 kB
Cached:           715360 kB
MemTotal:        1844596 kB
MemFree:          886640 kB
MemAvailable:    1533312 kB
Buffers:           41436 kB
Cached:           715360 kB
MemTotal:        1844596 kB
MemFree:          886892 kB
MemAvailable:    1533564 kB
Buffers:           41436 kB
Cached:           715360 kB
MemTotal:        1844596 kB
MemFree:          886448 kB
MemAvailable:    1533120 kB
Buffers:           41436 kB
Cached:           715360 kB
MemTotal:        1844596 kB
MemFree:          886076 kB
MemAvailable:    1532748 kB
Buffers:           41436 kB
Cached:           715360 kB
MemTotal:        1844596 kB
MemFree:          884772 kB
MemAvailable:    1531444 kB
Buffers:           41436 kB
Cached:           715360 kB
MemTotal:        1844596 kB
MemFree:          884592 kB
MemAvailable:    1531264 kB
Buffers:           41436 kB
Cached:           715360 kB
MemTotal:        1844596 kB
MemFree:          884656 kB
MemAvailable:    1531328 kB
Buffers:           41436 kB
Cached:           715360 kB
MemTotal:        1844596 kB
MemFree:          883360 kB
MemAvailable:    1530032 kB
Buffers:           41436 kB
Cached:           715360 kB
MemTotal:        1844596 kB
MemFree:          884640 kB
MemAvailable:    1531312 kB
Buffers:           41436 kB
Cached:           715360 kB
MemTotal:        1844596 kB
MemFree:          884892 kB
MemAvailable:    1531564 kB
Buffers:           41436 kB
Cached:           715360 kB
MemTotal:        1844596 kB
MemFree:          884576 kB
MemAvailable:    1531248 kB
Buffers:           41436 kB
Cached:           715360 kB
MemTotal:        1844596 kB
MemFree:          884576 kB
MemAvailable:    1531248 kB
Buffers:           41436 kB
Cached:           715360 kB
MemTotal:        1844596 kB
MemFree:          884584 kB
MemAvailable:    1531256 kB
Buffers:           41436 kB
Cached:           715360 kB
MemTotal:        1844596 kB
MemFree:          884648 kB
MemAvailable:    1531320 kB
Buffers:           41436 kB
Cached:           715360 kB
MemTotal:        1844596 kB
MemFree:          885800 kB
MemAvailable:    1532472 kB
Buffers:           41436 kB
Cached:           715360 kB
MemTotal:        1844596 kB
MemFree:          885880 kB
MemAvailable:    1532552 kB
Buffers:           41436 kB
Cached:           715360 kB
MemTotal:        1844596 kB
MemFree:          884896 kB
MemAvailable:    1531568 kB
Buffers:           41436 kB
Cached:           715360 kB
MemTotal:        1844596 kB
MemFree:          882044 kB
MemAvailable:    1528716 kB
Buffers:           41436 kB
Cached:           715360 kB
MemTotal:        1844596 kB
MemFree:          881292 kB
MemAvailable:    1527964 kB
Buffers:           41436 kB
Cached:           715360 kB
MemTotal:        1844596 kB
MemFree:          881904 kB
MemAvailable:    1528576 kB
Buffers:           41436 kB
Cached:           715360 kB
MemTotal:        1844596 kB
MemFree:          881176 kB
MemAvailable:    1527848 kB
Buffers:           41436 kB
Cached:           715360 kB
MemTotal:        1844596 kB
MemFree:          881544 kB
MemAvailable:    1528216 kB
Buffers:           41436 kB
Cached:           715360 kB
MemTotal:        1844596 kB
MemFree:          880432 kB
MemAvailable:    1527104 kB
Buffers:           41436 kB
Cached:           715360 kB
MemTotal:        1844596 kB
MemFree:          880928 kB
MemAvailable:    1527600 kB
Buffers:           41436 kB
Cached:           715360 kB
MemTotal:        1844596 kB
MemFree:          880532 kB
MemAvailable:    1527204 kB
Buffers:           41436 kB
Cached:           715360 kB
MemTotal:        1844596 kB
MemFree:          880308 kB
MemAvailable:    1526980 kB
Buffers:           41436 kB
Cached:           715360 kB
MemTotal:        1844596 kB
MemFree:          880412 kB
MemAvailable:    1527084 kB
Buffers:           41436 kB
Cached:           715360 kB
MemTotal:        1844596 kB
MemFree:          880668 kB
MemAvailable:    1527340 kB
Buffers:           41436 kB
Cached:           715360 kB
MemTotal:        1844596 kB
MemFree:          879172 kB
MemAvailable:    1525844 kB
Buffers:           41436 kB
Cached:           715360 kB
MemTotal:        1844596 kB
MemFree:          879172 kB
MemAvailable:    1525844 kB
Buffers:           41436 kB
Cached:           715360 kB
MemTotal:        1844596 kB
MemFree:          880280 kB
MemAvailable:    1526952 kB
Buffers:           41436 kB
Cached:           715360 kB
MemTotal:        1844596 kB
MemFree:          878936 kB
MemAvailable:    1525608 kB
Buffers:           41436 kB
Cached:           715360 kB
MemTotal:        1844596 kB
MemFree:          879796 kB
MemAvailable:    1526468 kB
Buffers:           41436 kB
Cached:           715360 kB
MemTotal:        1844596 kB
MemFree:          879316 kB
MemAvailable:    1525988 kB
Buffers:           41436 kB
Cached:           715360 kB
MemTotal:        1844596 kB
MemFree:          879416 kB
MemAvailable:    1526088 kB
Buffers:           41436 kB
Cached:           715360 kB
MemTotal:        1844596 kB
MemFree:          879444 kB
MemAvailable:    1526116 kB
Buffers:           41436 kB
Cached:           715360 kB
MemTotal:        1844596 kB
MemFree:          879444 kB
MemAvailable:    1526116 kB
Buffers:           41436 kB
Cached:           715360 kB
MemTotal:        1844596 kB
MemFree:          878268 kB
MemAvailable:    1524940 kB
Buffers:           41436 kB
Cached:           715360 kB
MemTotal:        1844596 kB
MemFree:          879420 kB
MemAvailable:    1526092 kB
Buffers:           41436 kB
Cached:           715360 kB
MemTotal:        1844596 kB
MemFree:          879372 kB
MemAvailable:    1526044 kB
Buffers:           41436 kB
Cached:           715360 kB
MemTotal:        1844596 kB
MemFree:          879448 kB
MemAvailable:    1526120 kB
Buffers:           41436 kB
Cached:           715360 kB
MemTotal:        1844596 kB
MemFree:          878144 kB
MemAvailable:    1524816 kB
Buffers:           41436 kB
Cached:           715360 kB
MemTotal:        1844596 kB
MemFree:          879392 kB
MemAvailable:    1526064 kB
Buffers:           41436 kB
Cached:           715360 kB
MemTotal:        1844596 kB
MemFree:          879512 kB
MemAvailable:    1526184 kB
Buffers:           41436 kB
Cached:           715360 kB
MemTotal:        1844596 kB
MemFree:          879488 kB
MemAvailable:    1526160 kB
Buffers:           41436 kB
Cached:           715360 kB
MemTotal:        1844596 kB
MemFree:          878388 kB
MemAvailable:    1525060 kB
Buffers:           41436 kB
Cached:           715360 kB
MemTotal:        1844596 kB
MemFree:          878264 kB
MemAvailable:    1524936 kB
Buffers:           41436 kB
Cached:           715360 kB
MemTotal:        1844596 kB
MemFree:          878076 kB
MemAvailable:    1524748 kB
Buffers:           41436 kB
Cached:           715360 kB
MemTotal:        1844596 kB
MemFree:          878936 kB
MemAvailable:    1525608 kB
Buffers:           41436 kB
Cached:           715360 kB
MemTotal:        1844596 kB
MemFree:          877828 kB
MemAvailable:    1524500 kB
Buffers:           41436 kB
Cached:           715360 kB
MemTotal:        1844596 kB
MemFree:          877436 kB
MemAvailable:    1524108 kB
Buffers:           41436 kB
Cached:           715360 kB
MemTotal:        1844596 kB
MemFree:          878544 kB
MemAvailable:    1525216 kB
Buffers:           41436 kB
Cached:           715360 kB
MemTotal:        1844596 kB
MemFree:          878628 kB
MemAvailable:    1525300 kB
Buffers:           41436 kB
Cached:           715360 kB
MemTotal:        1844596 kB
MemFree:          877268 kB
MemAvailable:    1523940 kB
Buffers:           41436 kB
Cached:           715360 kB
MemTotal:        1844596 kB
MemFree:          877648 kB
MemAvailable:    1524320 kB
Buffers:           41436 kB
Cached:           715360 kB
MemTotal:        1844596 kB
MemFree:          877268 kB
MemAvailable:    1523940 kB
Buffers:           41436 kB
Cached:           715360 kB
MemTotal:        1844596 kB
MemFree:          878376 kB
MemAvailable:    1525048 kB
Buffers:           41436 kB
Cached:           715360 kB
MemTotal:        1844596 kB
MemFree:          878460 kB
MemAvailable:    1525132 kB
Buffers:           41436 kB
Cached:           715360 kB
MemTotal:        1844596 kB
MemFree:          878420 kB
MemAvailable:    1525092 kB
Buffers:           41436 kB
Cached:           715360 kB
MemTotal:        1844596 kB
MemFree:          878268 kB
MemAvailable:    1524940 kB
Buffers:           41436 kB
Cached:           715360 kB
MemTotal:        1844596 kB
MemFree:          877316 kB
MemAvailable:    1523992 kB
Buffers:           41436 kB
Cached:           715364 kB
MemTotal:        1844596 kB
MemFree:          876464 kB
MemAvailable:    1523140 kB
Buffers:           41436 kB
Cached:           715364 kB
MemTotal:        1844596 kB
MemFree:          874480 kB
MemAvailable:    1521156 kB
Buffers:           41436 kB
Cached:           715364 kB
MemTotal:        1844596 kB
MemFree:          872124 kB
MemAvailable:    1518800 kB
Buffers:           41436 kB
Cached:           715364 kB
MemTotal:        1844596 kB
MemFree:          869768 kB
MemAvailable:    1516444 kB
Buffers:           41436 kB
Cached:           715364 kB
MemTotal:        1844596 kB
MemFree:          869512 kB
MemAvailable:    1516192 kB
Buffers:           41436 kB
Cached:           715368 kB
MemTotal:        1844596 kB
MemFree:          870588 kB
MemAvailable:    1517268 kB
Buffers:           41436 kB
Cached:           715368 kB
MemTotal:        1844596 kB
MemFree:          870396 kB
MemAvailable:    1517076 kB
Buffers:           41436 kB
Cached:           715368 kB
MemTotal:        1844596 kB
MemFree:          869216 kB
MemAvailable:    1515896 kB
Buffers:           41436 kB
Cached:           715368 kB
MemTotal:        1844596 kB
MemFree:          870516 kB
MemAvailable:    1517196 kB
Buffers:           41436 kB
Cached:           715368 kB
MemTotal:        1844596 kB
MemFree:          869892 kB
MemAvailable:    1516572 kB
Buffers:           41436 kB
Cached:           715368 kB
MemTotal:        1844596 kB
MemFree:          870444 kB
MemAvailable:    1517124 kB
Buffers:           41436 kB
Cached:           715368 kB
MemTotal:        1844596 kB
MemFree:          870444 kB
MemAvailable:    1517124 kB
Buffers:           41436 kB
Cached:           715368 kB
MemTotal:        1844596 kB
MemFree:          869216 kB
MemAvailable:    1515896 kB
Buffers:           41436 kB
Cached:           715368 kB
MemTotal:        1844596 kB
MemFree:          870484 kB
MemAvailable:    1517164 kB
Buffers:           41436 kB
Cached:           715368 kB
MemTotal:        1844596 kB
MemFree:          870484 kB
MemAvailable:    1517164 kB
Buffers:           41436 kB
Cached:           715368 kB
MemTotal:        1844596 kB
MemFree:          870316 kB
MemAvailable:    1516996 kB
Buffers:           41436 kB
Cached:           715368 kB
MemTotal:        1844596 kB
MemFree:          869996 kB
MemAvailable:    1516676 kB
Buffers:           41444 kB
Cached:           715360 kB
MemTotal:        1844596 kB
MemFree:          869200 kB
MemAvailable:    1515880 kB
Buffers:           41448 kB
Cached:           715356 kB
MemTotal:        1844596 kB
MemFree:          869368 kB
MemAvailable:    1516048 kB
Buffers:           41448 kB
Cached:           715356 kB
MemTotal:        1844596 kB
MemFree:          869356 kB
MemAvailable:    1516036 kB
Buffers:           41448 kB
Cached:           715356 kB
MemTotal:        1844596 kB
MemFree:          869884 kB
MemAvailable:    1516564 kB
Buffers:           41448 kB
Cached:           715356 kB
MemTotal:        1844596 kB
MemFree:          870220 kB
MemAvailable:    1516900 kB
Buffers:           41448 kB
Cached:           715356 kB
MemTotal:        1844596 kB
MemFree:          869388 kB
MemAvailable:    1516068 kB
Buffers:           41448 kB
Cached:           715356 kB
MemTotal:        1844596 kB
MemFree:          869032 kB
MemAvailable:    1515712 kB
Buffers:           41448 kB
Cached:           715356 kB
MemTotal:        1844596 kB
MemFree:          869000 kB
MemAvailable:    1515680 kB
Buffers:           41448 kB
Cached:           715356 kB
MemTotal:        1844596 kB
MemFree:          868528 kB
MemAvailable:    1515208 kB
Buffers:           41448 kB
Cached:           715356 kB
MemTotal:        1844596 kB
MemFree:          867604 kB
MemAvailable:    1514284 kB
Buffers:           41448 kB
Cached:           715356 kB
MemTotal:        1844596 kB
MemFree:          868836 kB
MemAvailable:    1515516 kB
Buffers:           41448 kB
Cached:           715356 kB
MemTotal:        1844596 kB
MemFree:          867784 kB
MemAvailable:    1514464 kB
Buffers:           41448 kB
Cached:           715356 kB
MemTotal:        1844596 kB
MemFree:          866412 kB
MemAvailable:    1513092 kB
Buffers:           41448 kB
Cached:           715356 kB
MemTotal:        1844596 kB
MemFree:          867016 kB
MemAvailable:    1513696 kB
Buffers:           41448 kB
Cached:           715356 kB
MemTotal:        1844596 kB
MemFree:          867016 kB
MemAvailable:    1513696 kB
Buffers:           41448 kB
Cached:           715356 kB
MemTotal:        1844596 kB
MemFree:          867044 kB
MemAvailable:    1513724 kB
Buffers:           41448 kB
Cached:           715356 kB
MemTotal:        1844596 kB
MemFree:          866956 kB
MemAvailable:    1513636 kB
Buffers:           41448 kB
Cached:           715356 kB
MemTotal:        1844596 kB
MemFree:          866708 kB
MemAvailable:    1513388 kB
Buffers:           41448 kB
Cached:           715356 kB
MemTotal:        1844596 kB
MemFree:          866692 kB
MemAvailable:    1513372 kB
Buffers:           41448 kB
Cached:           715356 kB
MemTotal:        1844596 kB
MemFree:          865384 kB
MemAvailable:    1512064 kB
Buffers:           41448 kB
Cached:           715356 kB
MemTotal:        1844596 kB
MemFree:          865384 kB
MemAvailable:    1512064 kB
Buffers:           41448 kB
Cached:           715356 kB
MemTotal:        1844596 kB
MemFree:          866660 kB
MemAvailable:    1513340 kB
Buffers:           41448 kB
Cached:           715356 kB
MemTotal:        1844596 kB
MemFree:          866912 kB
MemAvailable:    1513592 kB
Buffers:           41448 kB
Cached:           715356 kB
MemTotal:        1844596 kB
MemFree:          865372 kB
MemAvailable:    1512052 kB
Buffers:           41448 kB
Cached:           715356 kB
MemTotal:        1844596 kB
MemFree:          866620 kB
MemAvailable:    1513300 kB
Buffers:           41448 kB
Cached:           715356 kB
MemTotal:        1844596 kB
MemFree:          865924 kB
MemAvailable:    1512604 kB
Buffers:           41448 kB
Cached:           715356 kB
MemTotal:        1844596 kB
MemFree:          866668 kB
MemAvailable:    1513348 kB
Buffers:           41448 kB
Cached:           715356 kB
MemTotal:        1844596 kB
MemFree:          865180 kB
MemAvailable:    1511860 kB
Buffers:           41448 kB
Cached:           715356 kB
MemTotal:        1844596 kB
MemFree:          866044 kB
MemAvailable:    1512724 kB
Buffers:           41448 kB
Cached:           715356 kB
MemTotal:        1844596 kB
MemFree:          864992 kB
MemAvailable:    1511672 kB
Buffers:           41448 kB
Cached:           715356 kB
MemTotal:        1844596 kB
MemFree:          861212 kB
MemAvailable:    1507892 kB
Buffers:           41448 kB
Cached:           715356 kB
MemTotal:        1844596 kB
MemFree:          860220 kB
MemAvailable:    1506900 kB
Buffers:           41448 kB
Cached:           715356 kB
MemTotal:        1844596 kB
MemFree:          860220 kB
MemAvailable:    1506900 kB
Buffers:           41448 kB
Cached:           715356 kB
MemTotal:        1844596 kB
MemFree:          860908 kB
MemAvailable:    1507604 kB
Buffers:           41448 kB
Cached:           715372 kB
MemTotal:        1844596 kB
MemFree:          861132 kB
MemAvailable:    1507828 kB
Buffers:           41448 kB
Cached:           715372 kB
MemTotal:        1844596 kB
MemFree:          860964 kB
MemAvailable:    1507660 kB
Buffers:           41448 kB
Cached:           715372 kB
MemTotal:        1844596 kB
MemFree:          859676 kB
MemAvailable:    1506372 kB
Buffers:           41448 kB
Cached:           715372 kB
MemTotal:        1844596 kB
MemFree:          860908 kB
MemAvailable:    1507604 kB
Buffers:           41448 kB
Cached:           715372 kB
MemTotal:        1844596 kB
MemFree:          860696 kB
MemAvailable:    1507392 kB
Buffers:           41448 kB
Cached:           715372 kB
MemTotal:        1844596 kB
MemFree:          860696 kB
MemAvailable:    1507392 kB
Buffers:           41448 kB
Cached:           715372 kB
MemTotal:        1844596 kB
MemFree:          860736 kB
MemAvailable:    1507432 kB
Buffers:           41448 kB
Cached:           715372 kB
MemTotal:        1844596 kB
MemFree:          859848 kB
MemAvailable:    1506544 kB
Buffers:           41448 kB
Cached:           715372 kB
MemTotal:        1844596 kB
MemFree:          860440 kB
MemAvailable:    1507136 kB
Buffers:           41448 kB
Cached:           715372 kB
MemTotal:        1844596 kB
MemFree:          860632 kB
MemAvailable:    1507328 kB
Buffers:           41448 kB
Cached:           715372 kB
MemTotal:        1844596 kB
MemFree:          858104 kB
MemAvailable:    1504800 kB
Buffers:           41448 kB
Cached:           715372 kB
MemTotal:        1844596 kB
MemFree:          857980 kB
MemAvailable:    1504676 kB
Buffers:           41448 kB
Cached:           715372 kB
MemTotal:        1844596 kB
MemFree:          857892 kB
MemAvailable:    1504588 kB
Buffers:           41448 kB
Cached:           715372 kB
MemTotal:        1844596 kB
MemFree:          856748 kB
MemAvailable:    1503444 kB
Buffers:           41448 kB
Cached:           715372 kB
MemTotal:        1844596 kB
MemFree:          857320 kB
MemAvailable:    1504016 kB
Buffers:           41448 kB
Cached:           715372 kB
MemTotal:        1844596 kB
MemFree:          857576 kB
MemAvailable:    1504272 kB
Buffers:           41448 kB
Cached:           715372 kB
MemTotal:        1844596 kB
MemFree:          857512 kB
MemAvailable:    1504208 kB
Buffers:           41448 kB
Cached:           715372 kB
MemTotal:        1844596 kB
MemFree:          857552 kB
MemAvailable:    1504248 kB
Buffers:           41448 kB
Cached:           715372 kB
MemTotal:        1844596 kB
MemFree:          859468 kB
MemAvailable:    1506164 kB
Buffers:           41448 kB
Cached:           715372 kB
MemTotal:        1844596 kB
MemFree:          859720 kB
MemAvailable:    1506416 kB
Buffers:           41448 kB
Cached:           715372 kB
MemTotal:        1844596 kB
MemFree:          858344 kB
MemAvailable:    1505040 kB
Buffers:           41448 kB
Cached:           715372 kB
MemTotal:        1844596 kB
MemFree:          859528 kB
MemAvailable:    1506392 kB
Buffers:           41448 kB
Cached:           715496 kB
MemTotal:        1844596 kB
MemFree:          858484 kB
MemAvailable:    1505348 kB
Buffers:           41448 kB
Cached:           715620 kB
MemTotal:        1844596 kB
MemFree:          859156 kB
MemAvailable:    1506108 kB
Buffers:           41448 kB
Cached:           715748 kB
MemTotal:        1844596 kB
MemFree:          859264 kB
MemAvailable:    1506300 kB
Buffers:           41448 kB
Cached:           715748 kB
MemTotal:        1844596 kB
MemFree:          858236 kB
MemAvailable:    1505272 kB
Buffers:           41448 kB
Cached:           715872 kB
MemTotal:        1844596 kB
MemFree:          858840 kB
MemAvailable:    1506120 kB
Buffers:           41448 kB
Cached:           715992 kB
MemTotal:        1844596 kB
MemFree:          857616 kB
MemAvailable:    1504896 kB
Buffers:           41448 kB
Cached:           715992 kB
MemTotal:        1844596 kB
MemFree:          857480 kB
MemAvailable:    1504760 kB
Buffers:           41448 kB
Cached:           715992 kB
MemTotal:        1844596 kB
MemFree:          858592 kB
MemAvailable:    1505920 kB
Buffers:           41448 kB
Cached:           716052 kB
MemTotal:        1844596 kB
MemFree:          858928 kB
MemAvailable:    1506256 kB
Buffers:           41448 kB
Cached:           716052 kB
MemTotal:        1844596 kB
MemFree:          858716 kB
MemAvailable:    1506044 kB
Buffers:           41448 kB
Cached:           716052 kB
MemTotal:        1844596 kB
MemFree:          858800 kB
MemAvailable:    1506128 kB
Buffers:           41448 kB
Cached:           716052 kB
MemTotal:        1844596 kB
MemFree:          858844 kB
MemAvailable:    1506172 kB
Buffers:           41448 kB
Cached:           716052 kB
MemTotal:        1844596 kB
MemFree:          858960 kB
MemAvailable:    1506288 kB
Buffers:           41448 kB
Cached:           716052 kB
MemTotal:        1844596 kB
MemFree:          859300 kB
MemAvailable:    1506040 kB
Buffers:           41448 kB
Cached:           715420 kB
MemTotal:        1844596 kB
MemFree:          857940 kB
MemAvailable:    1504680 kB
Buffers:           41448 kB
Cached:           715420 kB
MemTotal:        1844596 kB
MemFree:          927940 kB
MemAvailable:    1574680 kB
Buffers:           41448 kB
Cached:           715420 kB
