MemTotal:        1844596 kB
MemFree:          965400 kB
MemAvailable:    1556944 kB
Buffers:           33256 kB
Cached:           662660 kB
MemTotal:        1844596 kB
MemFree:          965144 kB
MemAvailable:    1556688 kB
Buffers:           33256 kB
Cached:           662660 kB
MemTotal:        1844596 kB
MemFree:          962788 kB
MemAvailable:    1554332 kB
Buffers:           33256 kB
Cached:           662660 kB
MemTotal:        1844596 kB
MemFree:          962788 kB
MemAvailable:    1554332 kB
Buffers:           33256 kB
Cached:           662660 kB
MemTotal:        1844596 kB
MemFree:          960308 kB
MemAvailable:    1551852 kB
Buffers:           33256 kB
Cached:           662660 kB
MemTotal:        1844596 kB
MemFree:          961492 kB
MemAvailable:    1553036 kB
Buffers:           33268 kB
Cached:           662648 kB
MemTotal:        1844596 kB
MemFree:          959076 kB
MemAvailable:    1550620 kB
Buffers:           33268 kB
Cached:           662648 kB
MemTotal:        1844596 kB
MemFree:          957764 kB
MemAvailable:    1549308 kB
Buffers:           33268 kB
Cached:           662648 kB
MemTotal:        1844596 kB
MemFree:          955480 kB
MemAvailable:    1547024 kB
Buffers:           33268 kB
Cached:           662648 kB
MemTotal:        1844596 kB
MemFree:          952752 kB
MemAvailable:    1544296 kB
Buffers:           33268 kB
Cached:           662648 kB
MemTotal:        1844596 kB
MemFree:          951564 kB
MemAvailable:    1543108 kB
Buffers:           33268 kB
Cached:           662648 kB
MemTotal:        1844596 kB
MemFree:          951732 kB
MemAvailable:    1543276 kB
Buffers:           33268 kB
Cached:           662648 kB
MemTotal:        1844596 kB
MemFree:          950256 kB
MemAvailable:    1541800 kB
Buffers:           33268 kB
Cached:           662648 kB
MemTotal:        1844596 kB
MemFree:          950256 kB
MemAvailable:    1541800 kB
Buffers:           33268 kB
Cached:           662648 kB
MemTotal:        1844596 kB
MemFree:          951684 kB
MemAvailable:    1543228 kB
Buffers:           33268 kB
Cached:           662648 kB
MemTotal:        1844596 kB
MemFree:          951228 kB
MemAvailable:    1542772 kB
Buffers:           33268 kB
Cached:           662648 kB
MemTotal:        1844596 kB
MemFree:          951228 kB
MemAvailable:    1542772 kB
Buffers:           33268 kB
Cached:           662648 kB
MemTotal:        1844596 kB
MemFree:          949836 kB
MemAvailable:    1541380 kB
Buffers:           33268 kB
Cached:           662648 kB
MemTotal:        1844596 kB
MemFree:          950760 kB
MemAvailable:    1542304 kB
Buffers:           33268 kB
Cached:           662648 kB
MemTotal:        1844596 kB
MemFree:          948536 kB
MemAvailable:    1540080 kB
Buffers:           33268 kB
Cached:           662648 kB
MemTotal:        1844596 kB
MemFree:          949016 kB
MemAvailable:    1540560 kB
Buffers:           33268 kB
Cached:           662648 kB
MemTotal:        1844596 kB
MemFree:          949016 kB
MemAvailable:    1540560 kB
Buffers:           33268 kB
Cached:           662648 kB
MemTotal:        1844596 kB
MemFree:          949072 kB
MemAvailable:    1540616 kB
Buffers:           33268 kB
Cached:           662648 kB
MemTotal:        1844596 kB
MemFree:          947856 kB
MemAvailable:    1539400 kB
Buffers:           33268 kB
Cached:           662648 kB
MemTotal:        1844596 kB
MemFree:          948832 kB
MemAvailable:    1540376 kB
Buffers:           33268 kB
Cached:           662648 kB
MemTotal:        1844596 kB
MemFree:          948976 kB
MemAvailable:    1540520 kB
Buffers:           33268 kB
Cached:           662648 kB
MemTotal:        1844596 kB
MemFree:          947896 kB
MemAvailable:    1539440 kB
Buffers:           33268 kB
Cached:           662648 kB
MemTotal:        1844596 kB
MemFree:          947772 kB
MemAvailable:    1539316 kB
Buffers:           33268 kB
Cached:           662648 kB
MemTotal:        1844596 kB
MemFree:          947764 kB
MemAvailable:    1539308 kB
Buffers:           33268 kB
Cached:           662648 kB
MemTotal:        1844596 kB
MemFree:          949280 kB
MemAvailable:    1540824 kB
Buffers:           33268 kB
Cached:           662648 kB
MemTotal:        1844596 kB
MemFree:          949884 kB
MemAvailable:    1541428 kB
Buffers:           33268 kB
Cached:           662648 kB
MemTotal:        1844596 kB
MemFree:          949776 kB
MemAvailable:    1541320 kB
Buffers:           33268 kB
Cached:           662648 kB
MemTotal:        1844596 kB
MemFree:          947728 kB
MemAvailable:    1539272 kB
Buffers:           33268 kB
Cached:           662648 kB
MemTotal:        1844596 kB
MemFree:          946860 kB
MemAvailable:    1538404 kB
Buffers:           33268 kB
Cached:           662648 kB
MemTotal:        1844596 kB
MemFree:          946412 kB
MemAvailable:    1537956 kB
Buffers:           33268 kB
Cached:           662648 kB
MemTotal:        1844596 kB
MemFree:          946412 kB
MemAvailable:    1537956 kB
Buffers:           33268 kB
Cached:           662648 kB
MemTotal:        1844596 kB
MemFree:          944808 kB
MemAvailable:    1536352 kB
Buffers:           33268 kB
Cached:           662648 kB
MemTotal:        1844596 kB
MemFree:          945744 kB
MemAvailable:    1537288 kB
Buffers:           33268 kB
Cached:           662648 kB
MemTotal:        1844596 kB
MemFree:          945124 kB
MemAvailable:    1536668 kB
Buffers:           33268 kB
Cached:           662648 kB
MemTotal:        1844596 kB
MemFree:          944884 kB
MemAvailable:    1536428 kB
Buffers:           33268 kB
Cached:           662648 kB
MemTotal:        1844596 kB
MemFree:          945052 kB
MemAvailable:    1536596 kB
Buffers:           33268 kB
Cached:           662648 kB
MemTotal:        1844596 kB
MemFree:          944800 kB
MemAvailable:    1536344 kB
Buffers:           33268 kB
Cached:           662648 kB
MemTotal:        1844596 kB
MemFree:          944884 kB
MemAvailable:    1536428 kB
Buffers:           33268 kB
Cached:           662648 kB
MemTotal:        1844596 kB
MemFree:          943556 kB
MemAvailable:    1535100 kB
Buffers:           33268 kB
Cached:           662648 kB
MemTotal:        1844596 kB
MemFree:          944320 kB
MemAvailable:    1535864 kB
Buffers:           33268 kB
Cached:           662648 kB
MemTotal:        1844596 kB
MemFree:          944672 kB
MemAvailable:    1536216 kB
Buffers:           33268 kB
Cached:           662648 kB
MemTotal:        1844596 kB
MemFree:          944928 kB
MemAvailable:    1536472 kB
Buffers:           33268 kB
Cached:           662648 kB
MemTotal:        1844596 kB
MemFree:          943320 kB
MemAvailable:    1534864 kB
Buffers:           33268 kB
Cached:           662648 kB
MemTotal:        1844596 kB
MemFree:          942832 kB
MemAvailable:    1534396 kB
Buffers:           33268 kB
Cached:           662668 kB
MemTotal:        1844596 kB
MemFree:          943992 kB
MemAvailable:    1535556 kB
Buffers:           33268 kB
Cached:           662668 kB
MemTotal:        1844596 kB
MemFree:          942564 kB
MemAvailable:    1534128 kB
Buffers:           33268 kB
Cached:           662668 kB
MemTotal:        1844596 kB
MemFree:          942688 kB
MemAvailable:    1534252 kB
Buffers:           33268 kB
Cached:           662668 kB
MemTotal:        1844596 kB
MemFree:          943788 kB
MemAvailable:    1535352 kB
Buffers:           33268 kB
Cached:           662668 kB
MemTotal:        1844596 kB
MemFree:          943788 kB
MemAvailable:    1535352 kB
Buffers:           33268 kB
Cached:           662668 kB
MemTotal:        1844596 kB
MemFree:          943628 kB
MemAvailable:    1535192 kB
Buffers:           33268 kB
Cached:           662668 kB
MemTotal:        1844596 kB
MemFree:          943316 kB
MemAvailable:    1534880 kB
Buffers:           33268 kB
Cached:           662668 kB
MemTotal:        1844596 kB
MemFree:          942392 kB
MemAvailable:    1533956 kB
Buffers:           33268 kB
Cached:           662668 kB
MemTotal:        1844596 kB
MemFree:          942552 kB
MemAvailable:    1534116 kB
Buffers:           33268 kB
Cached:           662668 kB
MemTotal:        1844596 kB
MemFree:          943808 kB
MemAvailable:    1535372 kB
Buffers:           33268 kB
Cached:           662668 kB
MemTotal:        1844596 kB
MemFree:          943768 kB
MemAvailable:    1535332 kB
Buffers:           33268 kB
Cached:           662668 kB
MemTotal:        1844596 kB
MemFree:          943536 kB
MemAvailable:    1535100 kB
Buffers:           33268 kB
Cached:           662668 kB
MemTotal:        1844596 kB
MemFree:          943204 kB
MemAvailable:    1534768 kB
Buffers:           33268 kB
Cached:           662668 kB
MemTotal:        1844596 kB
MemFree:          943208 kB
MemAvailable:    1534772 kB
Buffers:           33268 kB
Cached:           662668 kB
MemTotal:        1844596 kB
MemFree:          942156 kB
MemAvailable:    1533720 kB
Buffers:           33268 kB
Cached:           662668 kB
MemTotal:        1844596 kB
MemFree:          943388 kB
MemAvailable:    1534952 kB
Buffers:           33268 kB
Cached:           662668 kB
MemTotal:        1844596 kB
MemFree:          943140 kB
MemAvailable:    1534704 kB
Buffers:           33268 kB
Cached:           662668 kB
MemTotal:        1844596 kB
MemFree:          943092 kB
MemAvailable:    1534656 kB
Buffers:           33268 kB
Cached:           662668 kB
MemTotal:        1844596 kB
MemFree:          942452 kB
MemAvailable:    1534016 kB
Buffers:           33268 kB
Cached:           662668 kB
MemTotal:        1844596 kB
MemFree:          942936 kB
MemAvailable:    1534500 kB
Buffers:           33268 kB
Cached:           662668 kB
MemTotal:        1844596 kB
MemFree:          941816 kB
MemAvailable:    1533380 kB
Buffers:           33268 kB
Cached:           662668 kB
MemTotal:        1844596 kB
MemFree:          942776 kB
MemAvailable:    1534340 kB
Buffers:           33268 kB
Cached:           662668 kB
MemTotal:        1844596 kB
MemFree:          942944 kB
MemAvailable:    1534508 kB
Buffers:           33268 kB
Cached:           662668 kB
MemTotal:        1844596 kB
MemFree:          942816 kB
MemAvailable:    1534380 kB
Buffers:           33268 kB
Cached:           662668 kB
MemTotal:        1844596 kB
MemFree:          943068 kB
MemAvailable:    1534632 kB
Buffers:           33268 kB
Cached:           662668 kB
MemTotal:        1844596 kB
MemFree:          942776 kB
MemAvailable:    1534340 kB
Buffers:           33268 kB
Cached:           662668 kB
MemTotal:        1844596 kB
MemFree:          941536 kB
MemAvailable:    1533100 kB
Buffers:           33268 kB
Cached:           662668 kB
MemTotal:        1844596 kB
MemFree:          941440 kB
MemAvailable:    1533004 kB
Buffers:           33268 kB
Cached:           662668 kB
MemTotal:        1844596 kB
MemFree:          939484 kB
MemAvailable:    1531048 kB
Buffers:           33268 kB
Cached:           662668 kB
MemTotal:        1844596 kB
MemFree:          937616 kB
MemAvailable:    1529180 kB
Buffers:           33268 kB
Cached:           662668 kB
MemTotal:        1844596 kB
MemFree:          934648 kB
MemAvailable:    1526212 kB
Buffers:           33268 kB
Cached:           662668 kB
MemTotal:        1844596 kB
MemFree:          935700 kB
MemAvailable:    1527264 kB
Buffers:           33268 kB
Cached:           662668 kB
MemTotal:        1844596 kB
MemFree:          934268 kB
MemAvailable:    1525832 kB
Buffers:           33268 kB
Cached:           662668 kB
MemTotal:        1844596 kB
MemFree:          935136 kB
MemAvailable:    1526700 kB
Buffers:           33268 kB
Cached:           662668 kB
MemTotal:        1844596 kB
MemFree:          935136 kB
MemAvailable:    1526700 kB
Buffers:           33268 kB
Cached:           662668 kB
MemTotal:        1844596 kB
MemFree:          934764 kB
MemAvailable:    1526328 kB
Buffers:           33268 kB
Cached:           662668 kB
MemTotal:        1844596 kB
MemFree:          935032 kB
MemAvailable:    1526596 kB
Buffers:           33268 kB
Cached:           662668 kB
MemTotal:        1844596 kB
MemFree:          934832 kB
MemAvailable:    1526396 kB
Buffers:           33268 kB
Cached:           662668 kB
MemTotal:        1844596 kB
MemFree:          935084 kB
MemAvailable:    1526648 kB
Buffers:           33268 kB
Cached:           662668 kB
MemTotal:        1844596 kB
MemFree:          934620 kB
MemAvailable:    1526184 kB
Buffers:           33268 kB
Cached:           662668 kB
MemTotal:        1844596 kB
MemFree:          933508 kB
MemAvailable:    1525072 kB
Buffers:           33268 kB
Cached:           662668 kB
MemTotal:        1844596 kB
MemFree:          934784 kB
MemAvailable:    1526352 kB
Buffers:           33268 kB
Cached:           662672 kB
MemTotal:        1844596 kB
MemFree:          933600 kB
MemAvailable:    1525168 kB
Buffers:           33268 kB
Cached:           662672 kB
MemTotal:        1844596 kB
MemFree:          933980 kB
MemAvailable:    1525548 kB
Buffers:           33268 kB
Cached:           662672 kB
MemTotal:        1844596 kB
MemFree:          933732 kB
MemAvailable:    1525300 kB
Buffers:           33268 kB
Cached:           662672 kB
MemTotal:        1844596 kB
MemFree:          934708 kB
MemAvailable:    1526276 kB
Buffers:           33268 kB
Cached:           662672 kB
MemTotal:        1844596 kB
MemFree:          934708 kB
MemAvailable:    1526276 kB
Buffers:           33268 kB
Cached:           662672 kB
MemTotal:        1844596 kB
MemFree:          934260 kB
MemAvailable:    1525828 kB
Buffers:           33268 kB
Cached:           662672 kB
MemTotal:        1844596 kB
MemFree:          934596 kB
MemAvailable:    1526164 kB
Buffers:           33268 kB
Cached:           662672 kB
MemTotal:        1844596 kB
MemFree:          933780 kB
MemAvailable:    1525348 kB
Buffers:           33268 kB
Cached:           662672 kB
MemTotal:        1844596 kB
MemFree:          932152 kB
MemAvailable:    1523720 kB
Buffers:           33268 kB
Cached:           662672 kB
MemTotal:        1844596 kB
MemFree:          933524 kB
MemAvailable:    1525092 kB
Buffers:           33268 kB
Cached:           662672 kB
MemTotal:        1844596 kB
MemFree:          933160 kB
MemAvailable:    1524728 kB
Buffers:           33268 kB
Cached:           662672 kB
MemTotal:        1844596 kB
MemFree:          932416 kB
MemAvailable:    1523984 kB
Buffers:           33268 kB
Cached:           662672 kB
MemTotal:        1844596 kB
MemFree:          931176 kB
MemAvailable:    1522744 kB
Buffers:           33268 kB
Cached:           662672 kB
MemTotal:        1844596 kB
MemFree:          932220 kB
MemAvailable:    1523788 kB
Buffers:           33268 kB
Cached:           662672 kB
MemTotal:        1844596 kB
MemFree:          930556 kB
MemAvailable:    1522124 kB
Buffers:           33268 kB
Cached:           662672 kB
MemTotal:        1844596 kB
MemFree:          930804 kB
MemAvailable:    1522372 kB
Buffers:           33268 kB
Cached:           662672 kB
MemTotal:        1844596 kB
MemFree:          931044 kB
MemAvailable:    1522612 kB
Buffers:           33268 kB
Cached:           662672 kB
MemTotal:        1844596 kB
MemFree:          931600 kB
MemAvailable:    1523168 kB
Buffers:           33268 kB
Cached:           662672 kB
MemTotal:        1844596 kB
MemFree:          930308 kB
MemAvailable:    1521876 kB
Buffers:           33268 kB
Cached:           662672 kB
MemTotal:        1844596 kB
MemFree:          930856 kB
MemAvailable:    1522424 kB
Buffers:           33268 kB
Cached:           662672 kB
MemTotal:        1844596 kB
MemFree:          931192 kB
MemAvailable:    1522760 kB
Buffers:           33268 kB
Cached:           662672 kB
MemTotal:        1844596 kB
MemFree:          931116 kB
MemAvailable:    1522684 kB
Buffers:           33268 kB
Cached:           662672 kB
MemTotal:        1844596 kB
MemFree:          931148 kB
MemAvailable:    1522716 kB
Buffers:           33268 kB
Cached:           662672 kB
MemTotal:        1844596 kB
MemFree:          930024 kB
MemAvailable:    1521592 kB
Buffers:           33268 kB
Cached:           662672 kB
MemTotal:        1844596 kB
MemFree:          931132 kB
MemAvailable:    1522700 kB
Buffers:           33268 kB
Cached:           662672 kB
MemTotal:        1844596 kB
MemFree:          930804 kB
MemAvailable:    1522372 kB
Buffers:           33268 kB
Cached:           662672 kB
MemTotal:        1844596 kB
MemFree:          929748 kB
MemAvailable:    1521316 kB
Buffers:           33268 kB
Cached:           662672 kB
MemTotal:        1844596 kB
MemFree:          930848 kB
MemAvailable:    1522416 kB
Buffers:           33268 kB
Cached:           662672 kB
MemTotal:        1844596 kB
MemFree:          929572 kB
MemAvailable:    1521140 kB
Buffers:           33268 kB
Cached:           662672 kB
MemTotal:        1844596 kB
MemFree:          930392 kB
MemAvailable:    1521964 kB
Buffers:           33268 kB
Cached:           662676 kB
MemTotal:        1844596 kB
MemFree:          930508 kB
MemAvailable:    1522080 kB
Buffers:           33268 kB
Cached:           662676 kB
MemTotal:        1844596 kB
MemFree:          926052 kB
MemAvailable:    1517628 kB
Buffers:           33268 kB
Cached:           662680 kB
MemTotal:        1844596 kB
MemFree:          924728 kB
MemAvailable:    1516304 kB
Buffers:           33268 kB
Cached:           662680 kB
MemTotal:        1844596 kB
MemFree:          925712 kB
MemAvailable:    1517288 kB
Buffers:           33268 kB
Cached:           662680 kB
MemTotal:        1844596 kB
MemFree:          924472 kB
MemAvailable:    1516048 kB
Buffers:           33268 kB
Cached:           662680 kB
MemTotal:        1844596 kB
MemFree:          925188 kB
MemAvailable:    1516764 kB
Buffers:           33268 kB
Cached:           662680 kB
MemTotal:        1844596 kB
MemFree:          925328 kB
MemAvailable:    1516904 kB
Buffers:           33268 kB
Cached:           662680 kB
MemTotal:        1844596 kB
MemFree:          925216 kB
MemAvailable:    1516792 kB
Buffers:           33268 kB
Cached:           662680 kB
MemTotal:        1844596 kB
MemFree:          925380 kB
MemAvailable:    1516956 kB
Buffers:           33268 kB
Cached:           662680 kB
MemTotal:        1844596 kB
MemFree:          923780 kB
MemAvailable:    1515356 kB
Buffers:           33268 kB
Cached:           662680 kB
MemTotal:        1844596 kB
MemFree:          925224 kB
MemAvailable:    1516800 kB
Buffers:           33268 kB
Cached:           662680 kB
MemTotal:        1844596 kB
MemFree:          923984 kB
MemAvailable:    1515560 kB
Buffers:           33268 kB
Cached:           662680 kB
MemTotal:        1844596 kB
MemFree:          924836 kB
MemAvailable:    1516412 kB
Buffers:           33268 kB
Cached:           662680 kB
MemTotal:        1844596 kB
MemFree:          924836 kB
MemAvailable:    1516412 kB
Buffers:           33268 kB
Cached:           662680 kB
MemTotal:        1844596 kB
MemFree:          924532 kB
MemAvailable:    1516108 kB
Buffers:           33268 kB
Cached:           662680 kB
MemTotal:        1844596 kB
MemFree:          924304 kB
MemAvailable:    1515880 kB
Buffers:           33268 kB
Cached:           662680 kB
MemTotal:        1844596 kB
MemFree:          922736 kB
MemAvailable:    1514312 kB
Buffers:           33268 kB
Cached:           662680 kB
MemTotal:        1844596 kB
MemFree:          921868 kB
MemAvailable:    1513444 kB
Buffers:           33268 kB
Cached:           662680 kB
MemTotal:        1844596 kB
MemFree:          921636 kB
MemAvailable:    1513212 kB
Buffers:           33268 kB
Cached:           662680 kB
MemTotal:        1844596 kB
MemFree:          921876 kB
MemAvailable:    1513452 kB
Buffers:           33268 kB
Cached:           662680 kB
MemTotal:        1844596 kB
MemFree:          920752 kB
MemAvailable:    1512328 kB
Buffers:           33268 kB
Cached:           662680 kB
MemTotal:        1844596 kB
MemFree:          921804 kB
MemAvailable:    1513380 kB
Buffers:           33268 kB
Cached:           662680 kB
MemTotal:        1844596 kB
MemFree:          921812 kB
MemAvailable:    1513388 kB
Buffers:           33268 kB
Cached:           662680 kB
MemTotal:        1844596 kB
MemFree:          923460 kB
MemAvailable:    1515036 kB
Buffers:           33268 kB
Cached:           662680 kB
MemTotal:        1844596 kB
MemFree:          923760 kB
MemAvailable:    1515336 kB
Buffers:           33268 kB
Cached:           662680 kB
MemTotal:        1844596 kB
MemFree:          923680 kB
MemAvailable:    1515256 kB
Buffers:           33268 kB
Cached:           662680 kB
MemTotal:        1844596 kB
MemFree:          923548 kB
MemAvailable:    1515292 kB
Buffers:           33268 kB
Cached:           662928 kB
MemTotal:        1844596 kB
MemFree:          923804 kB
MemAvailable:    1515548 kB
Buffers:           33268 kB
Cached:           662928 kB
MemTotal:        1844596 kB
MemFree:          923548 kB
MemAvailable:    1515460 kB
Buffers:           33268 kB
Cached:           663052 kB
MemTotal:        1844596 kB
MemFree:          923232 kB
MemAvailable:    1515312 kB
Buffers:           33268 kB
Cached:           663176 kB
MemTotal:        1844596 kB
MemFree:          923316 kB
MemAvailable:    1515396 kB
Buffers:           33268 kB
Cached:           663176 kB
MemTotal:        1844596 kB
MemFree:          922928 kB
MemAvailable:    1515008 kB
Buffers:           33268 kB
Cached:           663176 kB
MemTotal:        1844596 kB
MemFree:          923152 kB
MemAvailable:    1515232 kB
Buffers:           33268 kB
Cached:           663176 kB
MemTotal:        1844596 kB
MemFree:          921816 kB
MemAvailable:    1513896 kB
Buffers:           33268 kB
Cached:           663300 kB
MemTotal:        1844596 kB
MemFree:          922992 kB
MemAvailable:    1515156 kB
Buffers:           33268 kB
Cached:           663300 kB
MemTotal:        1844596 kB
MemFree:          922992 kB
MemAvailable:    1515156 kB
Buffers:           33268 kB
Cached:           663300 kB
MemTotal:        1844596 kB
MemFree:          923056 kB
MemAvailable:    1515220 kB
Buffers:           33268 kB
Cached:           663300 kB
MemTotal:        1844596 kB
MemFree:          923308 kB
MemAvailable:    1515472 kB
Buffers:           33268 kB
Cached:           663300 kB
MemTotal:        1844596 kB
MemFree:          922992 kB
MemAvailable:    1515156 kB
Buffers:           33268 kB
Cached:           663300 kB
MemTotal:        1844596 kB
MemFree:          923176 kB
MemAvailable:    1515340 kB
Buffers:           33268 kB
Cached:           663300 kB
MemTotal:        1844596 kB
MemFree:          921744 kB
MemAvailable:    1513908 kB
Buffers:           33268 kB
Cached:           663424 kB
MemTotal:        1844596 kB
MemFree:          923356 kB
MemAvailable:    1515016 kB
Buffers:           33268 kB
Cached:           662752 kB
MemTotal:        1844596 kB
MemFree:          992324 kB
MemAvailable:    1583984 kB
Buffers:           33268 kB
Cached:           662752 kB
