MemTotal:        1844596 kB
MemFree:          660260 kB
MemAvailable:    1525216 kB
Buffers:           64864 kB
Cached:           897104 kB
MemTotal:        1844596 kB
MemFree:          660128 kB
MemAvailable:    1525084 kB
Buffers:           64864 kB
Cached:           897104 kB
MemTotal:        1844596 kB
MemFree:          659392 kB
MemAvailable:    1524348 kB
Buffers:           64864 kB
Cached:           897104 kB
MemTotal:        1844596 kB
MemFree:          656912 kB
MemAvailable:    1521868 kB
Buffers:           64864 kB
Cached:           897104 kB
MemTotal:        1844596 kB
MemFree:          658028 kB
MemAvailable:    1522984 kB
Buffers:           64864 kB
Cached:           897104 kB
MemTotal:        1844596 kB
MemFree:          655424 kB
MemAvailable:    1520380 kB
Buffers:           64864 kB
Cached:           897104 kB
MemTotal:        1844596 kB
MemFree:          652936 kB
MemAvailable:    1517892 kB
Buffers:           64864 kB
Cached:           897104 kB
MemTotal:        1844596 kB
MemFree:          652324 kB
MemAvailable:    1517280 kB
Buffers:           64864 kB
Cached:           897104 kB
MemTotal:        1844596 kB
MemFree:          646696 kB
MemAvailable:    1511652 kB
Buffers:           64864 kB
Cached:           897104 kB
MemTotal:        1844596 kB
MemFree:          646628 kB
MemAvailable:    1511584 kB
Buffers:           64864 kB
Cached:           897104 kB
MemTotal:        1844596 kB
MemFree:          647928 kB
MemAvailable:    1512884 kB
Buffers:           64864 kB
Cached:           897104 kB
MemTotal:        1844596 kB
MemFree:          648180 kB
MemAvailable:    1513136 kB
Buffers:           64864 kB
Cached:           897104 kB
MemTotal:        1844596 kB
MemFree:          647916 kB
MemAvailable:    1512872 kB
Buffers:           64864 kB
Cached:           897104 kB
MemTotal:        1844596 kB
MemFree:          647860 kB
MemAvailable:    1512816 kB
Buffers:           64864 kB
Cached:           897104 kB
MemTotal:        1844596 kB
MemFree:          647804 kB
MemAvailable:    1512760 kB
Buffers:           64864 kB
Cached:           897104 kB
MemTotal:        1844596 kB
MemFree:          647232 kB
MemAvailable:    1512188 kB
Buffers:           64864 kB
Cached:           897104 kB
MemTotal:        1844596 kB
MemFree:          646984 kB
MemAvailable:    1511940 kB
Buffers:           64864 kB
Cached:           897104 kB
MemTotal:        1844596 kB
MemFree:          646124 kB
MemAvailable:    1511080 kB
Buffers:           64864 kB
Cached:           897104 kB
MemTotal:        1844596 kB
MemFree:          645812 kB
MemAvailable:    1510768 kB
Buffers:           64864 kB
Cached:           897104 kB
MemTotal:        1844596 kB
MemFree:          644504 kB
MemAvailable:    1509460 kB
Buffers:           64864 kB
Cached:           897104 kB
MemTotal:        1844596 kB
MemFree:          645480 kB
MemAvailable:    1510436 kB
Buffers:           64864 kB
Cached:           897104 kB
MemTotal:        1844596 kB
MemFree:          644884 kB
MemAvailable:    1509840 kB
Buffers:           64864 kB
Cached:           897104 kB
MemTotal:        1844596 kB
MemFree:          645544 kB
MemAvailable:    1510500 kB
Buffers:           64864 kB
Cached:           897104 kB
MemTotal:        1844596 kB
MemFree:          645372 kB
MemAvailable:    1510328 kB
Buffers:           64864 kB
Cached:           897104 kB
MemTotal:        1844596 kB
MemFree:          645708 kB
MemAvailable:    1510664 kB
Buffers:           64864 kB
Cached:           897104 kB
MemTotal:        1844596 kB
MemFree:          645496 kB
MemAvailable:    1510452 kB
Buffers:           64864 kB
Cached:           897104 kB
MemTotal:        1844596 kB
MemFree:          645636 kB
MemAvailable:    1510592 kB
Buffers:           64864 kB
Cached:           897104 kB
MemTotal:        1844596 kB
MemFree:          645840 kB
MemAvailable:    1510796 kB
Buffers:           64864 kB
Cached:           897104 kB
MemTotal:        1844596 kB
MemFree:          645456 kB
MemAvailable:    1510412 kB
Buffers:           64864 kB
Cached:           897104 kB
MemTotal:        1844596 kB
MemFree:          644380 kB
MemAvailable:    1509336 kB
Buffers:           64864 kB
Cached:           897104 kB
MemTotal:        1844596 kB
MemFree:          642776 kB
MemAvailable:    1507732 kB
Buffers:           64864 kB
Cached:           897104 kB
MemTotal:        1844596 kB
MemFree:          643332 kB
MemAvailable:    1508288 kB
Buffers:           64864 kB
Cached:           897104 kB
MemTotal:        1844596 kB
MemFree:          642404 kB
MemAvailable:    1507360 kB
Buffers:           64864 kB
Cached:           897104 kB
MemTotal:        1844596 kB
MemFree:          641288 kB
MemAvailable:    1506244 kB
Buffers:           64864 kB
Cached:           897104 kB
MemTotal:        1844596 kB
MemFree:          641280 kB
MemAvailable:    1506236 kB
Buffers:           64864 kB
Cached:           897104 kB
MemTotal:        1844596 kB
MemFree:          641776 kB
MemAvailable:    1506732 kB
Buffers:           64864 kB
Cached:           897104 kB
MemTotal:        1844596 kB
MemFree:          640164 kB
MemAvailable:    1505120 kB
Buffers:           64864 kB
Cached:           897104 kB
MemTotal:        1844596 kB
MemFree:          640156 kB
MemAvailable:    1505112 kB
Buffers:           64864 kB
Cached:           897104 kB
MemTotal:        1844596 kB
MemFree:          641396 kB
MemAvailable:    1506352 kB
Buffers:           64864 kB
Cached:           897104 kB
MemTotal:        1844596 kB
MemFree:          641480 kB
MemAvailable:    1506436 kB
Buffers:           64864 kB
Cached:           897104 kB
MemTotal:        1844596 kB
MemFree:          641300 kB
MemAvailable:    1506256 kB
Buffers:           64864 kB
Cached:           897104 kB
MemTotal:        1844596 kB
MemFree:          640036 kB
MemAvailable:    1504992 kB
Buffers:           64864 kB
Cached:           897104 kB
MemTotal:        1844596 kB
MemFree:          641020 kB
MemAvailable:    1505976 kB
Buffers:           64864 kB
Cached:           897104 kB
MemTotal:        1844596 kB
MemFree:          639676 kB
MemAvailable:    1504632 kB
Buffers:           64864 kB
Cached:           897104 kB
MemTotal:        1844596 kB
MemFree:          640016 kB
MemAvailable:    1504972 kB
Buffers:           64864 kB
Cached:           897104 kB
MemTotal:        1844596 kB
MemFree:          640016 kB
MemAvailable:    1504972 kB
Buffers:           64864 kB
Cached:           897104 kB
MemTotal:        1844596 kB
MemFree:          639032 kB
MemAvailable:    1503988 kB
Buffers:           64864 kB
Cached:           897104 kB
MemTotal:        1844596 kB
MemFree:          639164 kB
MemAvailable:    1504120 kB
Buffers:           64864 kB
Cached:           897104 kB
MemTotal:        1844596 kB
MemFree:          640404 kB
MemAvailable:    1505360 kB
Buffers:           64864 kB
Cached:           897104 kB
MemTotal:        1844596 kB
MemFree:          639156 kB
MemAvailable:    1504112 kB
Buffers:           64864 kB
Cached:           897104 kB
MemTotal:        1844596 kB
MemFree:          640216 kB
MemAvailable:    1505172 kB
Buffers:           64864 kB
Cached:           897104 kB
MemTotal:        1844596 kB
MemFree:          640468 kB
MemAvailable:    1505424 kB
Buffers:           64864 kB
Cached:           897104 kB
MemTotal:        1844596 kB
MemFree:          640420 kB
MemAvailable:    1505376 kB
Buffers:           64864 kB
Cached:           897104 kB
MemTotal:        1844596 kB
MemFree:          639048 kB
MemAvailable:    1504004 kB
Buffers:           64864 kB
Cached:           897104 kB
MemTotal:        1844596 kB
MemFree:          640032 kB
MemAvailable:    1504988 kB
Buffers:           64864 kB
Cached:           897104 kB
MemTotal:        1844596 kB
MemFree:          640032 kB
MemAvailable:    1504988 kB
Buffers:           64864 kB
Cached:           897104 kB
MemTotal:        1844596 kB
MemFree:          639796 kB
MemAvailable:    1504752 kB
Buffers:           64864 kB
Cached:           897104 kB
MemTotal:        1844596 kB
MemFree:          638664 kB
MemAvailable:    1503620 kB
Buffers:           64864 kB
Cached:           897104 kB
MemTotal:        1844596 kB
MemFree:          638408 kB
MemAvailable:    1503364 kB
Buffers:           64864 kB
Cached:           897104 kB
MemTotal:        1844596 kB
MemFree:          639412 kB
MemAvailable:    1504368 kB
Buffers:           64864 kB
Cached:           897104 kB
MemTotal:        1844596 kB
MemFree:          639496 kB
MemAvailable:    1504452 kB
Buffers:           64864 kB
Cached:           897104 kB
MemTotal:        1844596 kB
MemFree:          639332 kB
MemAvailable:    1504304 kB
Buffers:           64864 kB
Cached:           897116 kB
MemTotal:        1844596 kB
MemFree:          639304 kB
MemAvailable:    1504276 kB
Buffers:           64864 kB
Cached:           897116 kB
MemTotal:        1844596 kB
MemFree:          639468 kB
MemAvailable:    1504440 kB
Buffers:           64864 kB
Cached:           897116 kB
MemTotal:        1844596 kB
MemFree:          638168 kB
MemAvailable:    1503140 kB
Buffers:           64864 kB
Cached:           897116 kB
MemTotal:        1844596 kB
MemFree:          638168 kB
MemAvailable:    1503140 kB
Buffers:           64864 kB
Cached:           897116 kB
MemTotal:        1844596 kB
MemFree:          639408 kB
MemAvailable:    1504380 kB
Buffers:           64864 kB
Cached:           897116 kB
MemTotal:        1844596 kB
MemFree:          639096 kB
MemAvailable:    1504068 kB
Buffers:           64864 kB
Cached:           897116 kB
MemTotal:        1844596 kB
MemFree:          637996 kB
MemAvailable:    1502968 kB
Buffers:           64864 kB
Cached:           897116 kB
MemTotal:        1844596 kB
MemFree:          637496 kB
MemAvailable:    1502468 kB
Buffers:           64864 kB
Cached:           897116 kB
MemTotal:        1844596 kB
MemFree:          634336 kB
MemAvailable:    1499308 kB
Buffers:           64864 kB
Cached:           897116 kB
MemTotal:        1844596 kB
MemFree:          634336 kB
MemAvailable:    1499308 kB
Buffers:           64864 kB
Cached:           897116 kB
MemTotal:        1844596 kB
MemFree:          632208 kB
MemAvailable:    1497180 kB
Buffers:           64864 kB
Cached:           897116 kB
MemTotal:        1844596 kB
MemFree:          632104 kB
MemAvailable:    1497076 kB
Buffers:           64864 kB
Cached:           897116 kB
MemTotal:        1844596 kB
MemFree:          631616 kB
MemAvailable:    1496588 kB
Buffers:           64864 kB
Cached:           897116 kB
MemTotal:        1844596 kB
MemFree:          631544 kB
MemAvailable:    1496516 kB
Buffers:           64864 kB
Cached:           897116 kB
MemTotal:        1844596 kB
MemFree:          631676 kB
MemAvailable:    1496648 kB
Buffers:           64864 kB
Cached:           897116 kB
MemTotal:        1844596 kB
MemFree:          631368 kB
MemAvailable:    1496340 kB
Buffers:           64864 kB
Cached:           897116 kB
MemTotal:        1844596 kB
MemFree:          630196 kB
MemAvailable:    1495168 kB
Buffers:           64864 kB
Cached:           897116 kB
MemTotal:        1844596 kB
MemFree:          631436 kB
MemAvailable:    1496408 kB
Buffers:           64864 kB
Cached:           897116 kB
MemTotal:        1844596 kB
MemFree:          631312 kB
MemAvailable:    1496284 kB
Buffers:           64864 kB
Cached:           897116 kB
MemTotal:        1844596 kB
MemFree:          631424 kB
MemAvailable:    1496396 kB
Buffers:           64864 kB
Cached:           897116 kB
MemTotal:        1844596 kB
MemFree:          631424 kB
MemAvailable:    1496396 kB
Buffers:           64864 kB
Cached:           897116 kB
MemTotal:        1844596 kB
MemFree:          629980 kB
MemAvailable:    1494952 kB
Buffers:           64864 kB
Cached:           897116 kB
MemTotal:        1844596 kB
MemFree:          630236 kB
MemAvailable:    1495208 kB
Buffers:           64864 kB
Cached:           897116 kB
MemTotal:        1844596 kB
MemFree:          631664 kB
MemAvailable:    1496636 kB
Buffers:           64864 kB
Cached:           897116 kB
MemTotal:        1844596 kB
MemFree:          629756 kB
MemAvailable:    1494728 kB
Buffers:           64864 kB
Cached:           897116 kB
MemTotal:        1844596 kB
MemFree:          630740 kB
MemAvailable:    1495712 kB
Buffers:           64864 kB
Cached:           897116 kB
MemTotal:        1844596 kB
MemFree:          629136 kB
MemAvailable:    1494108 kB
Buffers:           64864 kB
Cached:           897116 kB
MemTotal:        1844596 kB
MemFree:          629004 kB
MemAvailable:    1493976 kB
Buffers:           64864 kB
Cached:           897116 kB
MemTotal:        1844596 kB
MemFree:          628632 kB
MemAvailable:    1493604 kB
Buffers:           64864 kB
Cached:           897116 kB
MemTotal:        1844596 kB
MemFree:          629748 kB
MemAvailable:    1494720 kB
Buffers:           64864 kB
Cached:           897116 kB
MemTotal:        1844596 kB
MemFree:          628640 kB
MemAvailable:    1493612 kB
Buffers:           64864 kB
Cached:           897116 kB
MemTotal:        1844596 kB
MemFree:          628508 kB
MemAvailable:    1493480 kB
Buffers:           64864 kB
Cached:           897116 kB
MemTotal:        1844596 kB
MemFree:          627904 kB
MemAvailable:    1492876 kB
Buffers:           64864 kB
Cached:           897116 kB
MemTotal:        1844596 kB
MemFree:          626896 kB
MemAvailable:    1491868 kB
Buffers:           64864 kB
Cached:           897116 kB
MemTotal:        1844596 kB
MemFree:          627152 kB
MemAvailable:    1492124 kB
Buffers:           64864 kB
Cached:           897116 kB
MemTotal:        1844596 kB
MemFree:          628012 kB
MemAvailable:    1492984 kB
Buffers:           64864 kB
Cached:           897116 kB
MemTotal:        1844596 kB
MemFree:          627284 kB
MemAvailable:    1492256 kB
Buffers:           64864 kB
Cached:           897116 kB
MemTotal:        1844596 kB
MemFree:          627500 kB
MemAvailable:    1492472 kB
Buffers:           64864 kB
Cached:           897116 kB
MemTotal:        1844596 kB
MemFree:          627648 kB
MemAvailable:    1492620 kB
Buffers:           64864 kB
Cached:           897116 kB
MemTotal:        1844596 kB
MemFree:          626228 kB
MemAvailable:    1491200 kB
Buffers:           64864 kB
Cached:           897116 kB
MemTotal:        1844596 kB
MemFree:          626228 kB
MemAvailable:    1491200 kB
Buffers:           64864 kB
Cached:           897116 kB
MemTotal:        1844596 kB
MemFree:          626352 kB
MemAvailable:    1491324 kB
Buffers:           64864 kB
Cached:           897116 kB
MemTotal:        1844596 kB
MemFree:          627652 kB
MemAvailable:    1492624 kB
Buffers:           64864 kB
Cached:           897116 kB
MemTotal:        1844596 kB
MemFree:          627732 kB
MemAvailable:    1492704 kB
Buffers:           64864 kB
Cached:           897116 kB
MemTotal:        1844596 kB
MemFree:          627136 kB
MemAvailable:    1492108 kB
Buffers:           64864 kB
Cached:           897116 kB
MemTotal:        1844596 kB
MemFree:          627388 kB
MemAvailable:    1492360 kB
Buffers:           64864 kB
Cached:           897116 kB
MemTotal:        1844596 kB
MemFree:          625096 kB
MemAvailable:    1490068 kB
Buffers:           64864 kB
Cached:           897116 kB
MemTotal:        1844596 kB
MemFree:          621076 kB
MemAvailable:    1486048 kB
Buffers:           64864 kB
Cached:           897116 kB
MemTotal:        1844596 kB
MemFree:          620820 kB
MemAvailable:    1485792 kB
Buffers:           64864 kB
Cached:           897116 kB
MemTotal:        1844596 kB
MemFree:          621804 kB
MemAvailable:    1486776 kB
Buffers:           64864 kB
Cached:           897116 kB
MemTotal:        1844596 kB
MemFree:          621656 kB
MemAvailable:    1486628 kB
Buffers:           64864 kB
Cached:           897116 kB
MemTotal:        1844596 kB
MemFree:          621944 kB
MemAvailable:    1486916 kB
Buffers:           64864 kB
Cached:           897116 kB
MemTotal:        1844596 kB
MemFree:          621672 kB
MemAvailable:    1486644 kB
Buffers:           64864 kB
Cached:           897116 kB
MemTotal:        1844596 kB
MemFree:          621924 kB
MemAvailable:    1486896 kB
Buffers:           64864 kB
Cached:           897116 kB
MemTotal:        1844596 kB
MemFree:          620012 kB
MemAvailable:    1484984 kB
Buffers:           64864 kB
Cached:           897116 kB
MemTotal:        1844596 kB
MemFree:          621736 kB
MemAvailable:    1486708 kB
Buffers:           64864 kB
Cached:           897116 kB
MemTotal:        1844596 kB
MemFree:          620256 kB
MemAvailable:    1485228 kB
Buffers:           64864 kB
Cached:           897116 kB
MemTotal:        1844596 kB
MemFree:          621496 kB
MemAvailable:    1486468 kB
Buffers:           64864 kB
Cached:           897116 kB
MemTotal:        1844596 kB
MemFree:          621364 kB
MemAvailable:    1486336 kB
Buffers:           64864 kB
Cached:           897116 kB
MemTotal:        1844596 kB
MemFree:          621364 kB
MemAvailable:    1486336 kB
Buffers:           64864 kB
Cached:           897116 kB
MemTotal:        1844596 kB
MemFree:          620200 kB
MemAvailable:    1485172 kB
Buffers:           64864 kB
Cached:           897116 kB
MemTotal:        1844596 kB
MemFree:          620200 kB
MemAvailable:    1485172 kB
Buffers:           64864 kB
Cached:           897116 kB
MemTotal:        1844596 kB
MemFree:          618456 kB
MemAvailable:    1483428 kB
Buffers:           64864 kB
Cached:           897116 kB
MemTotal:        1844596 kB
MemFree:          618712 kB
MemAvailable:    1483684 kB
Buffers:           64864 kB
Cached:           897116 kB
MemTotal:        1844596 kB
MemFree:          618540 kB
MemAvailable:    1483512 kB
Buffers:           64864 kB
Cached:           897116 kB
MemTotal:        1844596 kB
MemFree:          617340 kB
MemAvailable:    1482312 kB
Buffers:           64864 kB
Cached:           897116 kB
MemTotal:        1844596 kB
MemFree:          618456 kB
MemAvailable:    1483428 kB
Buffers:           64864 kB
Cached:           897116 kB
MemTotal:        1844596 kB
MemFree:          617480 kB
MemAvailable:    1482452 kB
Buffers:           64864 kB
Cached:           897116 kB
MemTotal:        1844596 kB
MemFree:          620244 kB
MemAvailable:    1485216 kB
Buffers:           64864 kB
Cached:           897116 kB
MemTotal:        1844596 kB
MemFree:          620500 kB
MemAvailable:    1485556 kB
Buffers:           64864 kB
Cached:           897240 kB
MemTotal:        1844596 kB
MemFree:          619952 kB
MemAvailable:    1485176 kB
Buffers:           64864 kB
Cached:           897364 kB
MemTotal:        1844596 kB
MemFree:          620120 kB
MemAvailable:    1485344 kB
Buffers:           64864 kB
Cached:           897364 kB
MemTotal:        1844596 kB
MemFree:          619952 kB
MemAvailable:    1485344 kB
Buffers:           64864 kB
Cached:           897612 kB
MemTotal:        1844596 kB
MemFree:          620092 kB
MemAvailable:    1485484 kB
Buffers:           64864 kB
Cached:           897612 kB
MemTotal:        1844596 kB
MemFree:          619780 kB
MemAvailable:    1485384 kB
Buffers:           64864 kB
Cached:           897748 kB
MemTotal:        1844596 kB
MemFree:          619844 kB
MemAvailable:    1485448 kB
Buffers:           64864 kB
Cached:           897748 kB
MemTotal:        1844596 kB
MemFree:          618332 kB
MemAvailable:    1483936 kB
Buffers:           64864 kB
Cached:           897748 kB
MemTotal:        1844596 kB
MemFree:          619764 kB
MemAvailable:    1485368 kB
Buffers:           64864 kB
Cached:           897748 kB
MemTotal:        1844596 kB
MemFree:          619564 kB
MemAvailable:    1485168 kB
Buffers:           64864 kB
Cached:           897748 kB
MemTotal:        1844596 kB
MemFree:          619564 kB
MemAvailable:    1485168 kB
Buffers:           64864 kB
Cached:           897748 kB
MemTotal:        1844596 kB
MemFree:          619708 kB
MemAvailable:    1485312 kB
Buffers:           64864 kB
Cached:           897748 kB
MemTotal:        1844596 kB
MemFree:          619720 kB
MemAvailable:    1485324 kB
Buffers:           64864 kB
Cached:           897748 kB
MemTotal:        1844596 kB
MemFree:          618456 kB
MemAvailable:    1484060 kB
Buffers:           64864 kB
Cached:           897748 kB
MemTotal:        1844596 kB
MemFree:          618580 kB
MemAvailable:    1484268 kB
Buffers:           64864 kB
Cached:           897872 kB
MemTotal:        1844596 kB
MemFree:          678932 kB
MemAvailable:    1543948 kB
Buffers:           64864 kB
Cached:           897116 kB
