MemTotal:        1844596 kB
MemFree:          744448 kB
MemAvailable:    1530812 kB
Buffers:           57016 kB
Cached:           832848 kB
MemTotal:        1844596 kB
MemFree:          743556 kB
MemAvailable:    1529920 kB
Buffers:           57016 kB
Cached:           832848 kB
MemTotal:        1844596 kB
MemFree:          741720 kB
MemAvailable:    1528084 kB
Buffers:           57016 kB
Cached:           832848 kB
MemTotal:        1844596 kB
MemFree:          741580 kB
MemAvailable:    1527944 kB
Buffers:           57016 kB
Cached:           832848 kB
MemTotal:        1844596 kB
MemFree:          740852 kB
MemAvailable:    1527216 kB
Buffers:           57016 kB
Cached:           832848 kB
MemTotal:        1844596 kB
MemFree:          739920 kB
MemAvailable:    1526284 kB
Buffers:           57016 kB
Cached:           832848 kB
MemTotal:        1844596 kB
MemFree:          738992 kB
MemAvailable:    1525356 kB
Buffers:           57016 kB
Cached:           832848 kB
MemTotal:        1844596 kB
MemFree:          737564 kB
MemAvailable:    1523928 kB
Buffers:           57016 kB
Cached:           832848 kB
MemTotal:        1844596 kB
MemFree:          734836 kB
MemAvailable:    1521200 kB
Buffers:           57016 kB
Cached:           832848 kB
MemTotal:        1844596 kB
MemFree:          731056 kB
MemAvailable:    1517420 kB
Buffers:           57016 kB
Cached:           832848 kB
MemTotal:        1844596 kB
MemFree:          731692 kB
MemAvailable:    1518056 kB
Buffers:           57016 kB
Cached:           832848 kB
MemTotal:        1844596 kB
MemFree:          730932 kB
MemAvailable:    1517296 kB
Buffers:           57016 kB
Cached:           832848 kB
MemTotal:        1844596 kB
MemFree:          731232 kB
MemAvailable:    1517596 kB
Buffers:           57016 kB
Cached:           832848 kB
MemTotal:        1844596 kB
MemFree:          731568 kB
MemAvailable:    1517932 kB
Buffers:           57016 kB
Cached:           832848 kB
MemTotal:        1844596 kB
MemFree:          731268 kB
MemAvailable:    1517632 kB
Buffers:           57016 kB
Cached:           832848 kB
MemTotal:        1844596 kB
MemFree:          731268 kB
MemAvailable:    1517632 kB
Buffers:           57016 kB
Cached:           832848 kB
MemTotal:        1844596 kB
MemFree:          730932 kB
MemAvailable:    1517296 kB
Buffers:           57016 kB
Cached:           832848 kB
MemTotal:        1844596 kB
MemFree:          730116 kB
MemAvailable:    1516480 kB
Buffers:           57016 kB
Cached:           832848 kB
MemTotal:        1844596 kB
MemFree:          728328 kB
MemAvailable:    1514692 kB
Buffers:           57016 kB
Cached:           832848 kB
MemTotal:        1844596 kB
MemFree:          729008 kB
MemAvailable:    1515372 kB
Buffers:           57016 kB
Cached:           832848 kB
MemTotal:        1844596 kB
MemFree:          729132 kB
MemAvailable:    1515496 kB
Buffers:           57016 kB
Cached:           832848 kB
MemTotal:        1844596 kB
MemFree:          728876 kB
MemAvailable:    1515240 kB
Buffers:           57016 kB
Cached:           832848 kB
MemTotal:        1844596 kB
MemFree:          727776 kB
MemAvailable:    1514140 kB
Buffers:           57016 kB
Cached:           832848 kB
MemTotal:        1844596 kB
MemFree:          727956 kB
MemAvailable:    1514320 kB
Buffers:           57016 kB
Cached:           832848 kB
MemTotal:        1844596 kB
MemFree:          728928 kB
MemAvailable:    1515292 kB
Buffers:           57016 kB
Cached:           832848 kB
MemTotal:        1844596 kB
MemFree:          729184 kB
MemAvailable:    1515548 kB
Buffers:           57016 kB
Cached:           832848 kB
MemTotal:        1844596 kB
MemFree:          728880 kB
MemAvailable:    1515244 kB
Buffers:           57016 kB
Cached:           832848 kB
MemTotal:        1844596 kB
MemFree:          729048 kB
MemAvailable:    1515412 kB
Buffers:           57016 kB
Cached:           832848 kB
MemTotal:        1844596 kB
MemFree:          729196 kB
MemAvailable:    1515560 kB
Buffers:           57016 kB
Cached:           832848 kB
MemTotal:        1844596 kB
MemFree:          730180 kB
MemAvailable:    1516544 kB
Buffers:           57016 kB
Cached:           832848 kB
MemTotal:        1844596 kB
MemFree:          728452 kB
MemAvailable:    1514816 kB
Buffers:           57016 kB
Cached:           832848 kB
MemTotal:        1844596 kB
MemFree:          726824 kB
MemAvailable:    1513188 kB
Buffers:           57016 kB
Cached:           832848 kB
MemTotal:        1844596 kB
MemFree:          726468 kB
MemAvailable:    1512832 kB
Buffers:           57016 kB
Cached:           832848 kB
MemTotal:        1844596 kB
MemFree:          726452 kB
MemAvailable:    1512816 kB
Buffers:           57016 kB
Cached:           832848 kB
MemTotal:        1844596 kB
MemFree:          724980 kB
MemAvailable:    1511344 kB
Buffers:           57016 kB
Cached:           832848 kB
MemTotal:        1844596 kB
MemFree:          725652 kB
MemAvailable:    1512016 kB
Buffers:           57016 kB
Cached:           832848 kB
MemTotal:        1844596 kB
MemFree:          725040 kB
MemAvailable:    1511404 kB
Buffers:           57016 kB
Cached:           832848 kB
MemTotal:        1844596 kB
MemFree:          725016 kB
MemAvailable:    1511380 kB
Buffers:           57016 kB
Cached:           832848 kB
MemTotal:        1844596 kB
MemFree:          724788 kB
MemAvailable:    1511152 kB
Buffers:           57016 kB
Cached:           832848 kB
MemTotal:        1844596 kB
MemFree:          725040 kB
MemAvailable:    1511404 kB
Buffers:           57016 kB
Cached:           832848 kB
MemTotal:        1844596 kB
MemFree:          724896 kB
MemAvailable:    1511260 kB
Buffers:           57016 kB
Cached:           832848 kB
MemTotal:        1844596 kB
MemFree:          724772 kB
MemAvailable:    1511136 kB
Buffers:           57016 kB
Cached:           832848 kB
MemTotal:        1844596 kB
MemFree:          723596 kB
MemAvailable:    1509960 kB
Buffers:           57016 kB
Cached:           832848 kB
MemTotal:        1844596 kB
MemFree:          724572 kB
MemAvailable:    1510936 kB
Buffers:           57016 kB
Cached:           832848 kB
MemTotal:        1844596 kB
MemFree:          724360 kB
MemAvailable:    1510724 kB
Buffers:           57016 kB
Cached:           832848 kB
MemTotal:        1844596 kB
MemFree:          724232 kB
MemAvailable:    1510596 kB
Buffers:           57016 kB
Cached:           832848 kB
MemTotal:        1844596 kB
MemFree:          724108 kB
MemAvailable:    1510472 kB
Buffers:           57016 kB
Cached:           832848 kB
MemTotal:        1844596 kB
MemFree:          724048 kB
MemAvailable:    1510412 kB
Buffers:           57016 kB
Cached:           832848 kB
MemTotal:        1844596 kB
MemFree:          724000 kB
MemAvailable:    1510364 kB
Buffers:           57016 kB
Cached:           832848 kB
MemTotal:        1844596 kB
MemFree:          722444 kB
MemAvailable:    1508808 kB
Buffers:           57016 kB
Cached:           832848 kB
MemTotal:        1844596 kB
MemFree:          723808 kB
MemAvailable:    1510172 kB
Buffers:           57016 kB
Cached:           832848 kB
MemTotal:        1844596 kB
MemFree:          723832 kB
MemAvailable:    1510196 kB
Buffers:           57016 kB
Cached:           832848 kB
MemTotal:        1844596 kB
MemFree:          723916 kB
MemAvailable:    1510280 kB
Buffers:           57016 kB
Cached:           832848 kB
MemTotal:        1844596 kB
MemFree:          722436 kB
MemAvailable:    1508800 kB
Buffers:           57016 kB
Cached:           832848 kB
MemTotal:        1844596 kB
MemFree:          723676 kB
MemAvailable:    1510040 kB
Buffers:           57016 kB
Cached:           832848 kB
MemTotal:        1844596 kB
MemFree:          722444 kB
MemAvailable:    1508808 kB
Buffers:           57016 kB
Cached:           832848 kB
MemTotal:        1844596 kB
MemFree:          723808 kB
MemAvailable:    1510172 kB
Buffers:           57016 kB
Cached:           832848 kB
MemTotal:        1844596 kB
MemFree:          722808 kB
MemAvailable:    1509172 kB
Buffers:           57016 kB
Cached:           832848 kB
MemTotal:        1844596 kB
MemFree:          723552 kB
MemAvailable:    1509916 kB
Buffers:           57016 kB
Cached:           832848 kB
MemTotal:        1844596 kB
MemFree:          723304 kB
MemAvailable:    1509668 kB
Buffers:           57016 kB
Cached:           832848 kB
MemTotal:        1844596 kB
MemFree:          722988 kB
MemAvailable:    1509352 kB
Buffers:           57016 kB
Cached:           832848 kB
MemTotal:        1844596 kB
MemFree:          722880 kB
MemAvailable:    1509244 kB
Buffers:           57016 kB
Cached:           832848 kB
MemTotal:        1844596 kB
MemFree:          722824 kB
MemAvailable:    1509188 kB
Buffers:           57016 kB
Cached:           832848 kB
MemTotal:        1844596 kB
MemFree:          721868 kB
MemAvailable:    1508232 kB
Buffers:           57016 kB
Cached:           832848 kB
MemTotal:        1844596 kB
MemFree:          721612 kB
MemAvailable:    1507976 kB
Buffers:           57016 kB
Cached:           832848 kB
MemTotal:        1844596 kB
MemFree:          722804 kB
MemAvailable:    1509168 kB
Buffers:           57016 kB
Cached:           832848 kB
MemTotal:        1844596 kB
MemFree:          723056 kB
MemAvailable:    1509420 kB
Buffers:           57016 kB
Cached:           832848 kB
MemTotal:        1844596 kB
MemFree:          722984 kB
MemAvailable:    1509348 kB
Buffers:           57016 kB
Cached:           832848 kB
MemTotal:        1844596 kB
MemFree:          721564 kB
MemAvailable:    1507928 kB
Buffers:           57016 kB
Cached:           832848 kB
MemTotal:        1844596 kB
MemFree:          723112 kB
MemAvailable:    1509488 kB
Buffers:           57016 kB
Cached:           832860 kB
MemTotal:        1844596 kB
MemFree:          722128 kB
MemAvailable:    1508504 kB
Buffers:           57016 kB
Cached:           832860 kB
MemTotal:        1844596 kB
MemFree:          718268 kB
MemAvailable:    1504644 kB
Buffers:           57016 kB
Cached:           832860 kB
MemTotal:        1844596 kB
MemFree:          718352 kB
MemAvailable:    1504728 kB
Buffers:           57016 kB
Cached:           832860 kB
MemTotal:        1844596 kB
MemFree:          715548 kB
MemAvailable:    1501924 kB
Buffers:           57016 kB
Cached:           832860 kB
MemTotal:        1844596 kB
MemFree:          715804 kB
MemAvailable:    1502180 kB
Buffers:           57016 kB
Cached:           832860 kB
MemTotal:        1844596 kB
MemFree:          714068 kB
MemAvailable:    1500444 kB
Buffers:           57016 kB
Cached:           832860 kB
MemTotal:        1844596 kB
MemFree:          715144 kB
MemAvailable:    1501520 kB
Buffers:           57016 kB
Cached:           832860 kB
MemTotal:        1844596 kB
MemFree:          714184 kB
MemAvailable:    1500560 kB
Buffers:           57016 kB
Cached:           832860 kB
MemTotal:        1844596 kB
MemFree:          714788 kB
MemAvailable:    1501164 kB
Buffers:           57016 kB
Cached:           832860 kB
MemTotal:        1844596 kB
MemFree:          715040 kB
MemAvailable:    1501416 kB
Buffers:           57016 kB
Cached:           832860 kB
MemTotal:        1844596 kB
MemFree:          714868 kB
MemAvailable:    1501244 kB
Buffers:           57016 kB
Cached:           832860 kB
MemTotal:        1844596 kB
MemFree:          715120 kB
MemAvailable:    1501496 kB
Buffers:           57016 kB
Cached:           832860 kB
MemTotal:        1844596 kB
MemFree:          713548 kB
MemAvailable:    1499924 kB
Buffers:           57016 kB
Cached:           832860 kB
MemTotal:        1844596 kB
MemFree:          715064 kB
MemAvailable:    1501440 kB
Buffers:           57016 kB
Cached:           832860 kB
MemTotal:        1844596 kB
MemFree:          714068 kB
MemAvailable:    1500444 kB
Buffers:           57016 kB
Cached:           832860 kB
MemTotal:        1844596 kB
MemFree:          714792 kB
MemAvailable:    1501168 kB
Buffers:           57016 kB
Cached:           832860 kB
MemTotal:        1844596 kB
MemFree:          715048 kB
MemAvailable:    1501424 kB
Buffers:           57016 kB
Cached:           832860 kB
MemTotal:        1844596 kB
MemFree:          714780 kB
MemAvailable:    1501156 kB
Buffers:           57016 kB
Cached:           832860 kB
MemTotal:        1844596 kB
MemFree:          714780 kB
MemAvailable:    1501156 kB
Buffers:           57016 kB
Cached:           832860 kB
MemTotal:        1844596 kB
MemFree:          714308 kB
MemAvailable:    1500684 kB
Buffers:           57016 kB
Cached:           832860 kB
MemTotal:        1844596 kB
MemFree:          713184 kB
MemAvailable:    1499560 kB
Buffers:           57016 kB
Cached:           832860 kB
MemTotal:        1844596 kB
MemFree:          713432 kB
MemAvailable:    1499808 kB
Buffers:           57016 kB
Cached:           832860 kB
MemTotal:        1844596 kB
MemFree:          713076 kB
MemAvailable:    1499452 kB
Buffers:           57016 kB
Cached:           832860 kB
MemTotal:        1844596 kB
MemFree:          713136 kB
MemAvailable:    1499512 kB
Buffers:           57016 kB
Cached:           832860 kB
MemTotal:        1844596 kB
MemFree:          713084 kB
MemAvailable:    1499460 kB
Buffers:           57016 kB
Cached:           832860 kB
MemTotal:        1844596 kB
MemFree:          713068 kB
MemAvailable:    1499444 kB
Buffers:           57016 kB
Cached:           832860 kB
MemTotal:        1844596 kB
MemFree:          712208 kB
MemAvailable:    1498584 kB
Buffers:           57016 kB
Cached:           832860 kB
MemTotal:        1844596 kB
MemFree:          711896 kB
MemAvailable:    1498272 kB
Buffers:           57016 kB
Cached:           832860 kB
MemTotal:        1844596 kB
MemFree:          712148 kB
MemAvailable:    1498524 kB
Buffers:           57016 kB
Cached:           832860 kB
MemTotal:        1844596 kB
MemFree:          711456 kB
MemAvailable:    1497832 kB
Buffers:           57016 kB
Cached:           832860 kB
MemTotal:        1844596 kB
MemFree:          710976 kB
MemAvailable:    1497352 kB
Buffers:           57016 kB
Cached:           832860 kB
MemTotal:        1844596 kB
MemFree:          711352 kB
MemAvailable:    1497728 kB
Buffers:           57016 kB
Cached:           832860 kB
MemTotal:        1844596 kB
MemFree:          711432 kB
MemAvailable:    1497808 kB
Buffers:           57016 kB
Cached:           832860 kB
MemTotal:        1844596 kB
MemFree:          710224 kB
MemAvailable:    1496600 kB
Buffers:           57016 kB
Cached:           832860 kB
MemTotal:        1844596 kB
MemFree:          710920 kB
MemAvailable:    1497300 kB
Buffers:           57016 kB
Cached:           832864 kB
MemTotal:        1844596 kB
MemFree:          711176 kB
MemAvailable:    1497556 kB
Buffers:           57016 kB
Cached:           832864 kB
MemTotal:        1844596 kB
MemFree:          710904 kB
MemAvailable:    1497284 kB
Buffers:           57016 kB
Cached:           832864 kB
MemTotal:        1844596 kB
MemFree:          711160 kB
MemAvailable:    1497540 kB
Buffers:           57016 kB
Cached:           832864 kB
MemTotal:        1844596 kB
MemFree:          709832 kB
MemAvailable:    1496212 kB
Buffers:           57016 kB
Cached:           832864 kB
MemTotal:        1844596 kB
MemFree:          711240 kB
MemAvailable:    1497620 kB
Buffers:           57016 kB
Cached:           832864 kB
MemTotal:        1844596 kB
MemFree:          711188 kB
MemAvailable:    1497568 kB
Buffers:           57016 kB
Cached:           832864 kB
MemTotal:        1844596 kB
MemFree:          709348 kB
MemAvailable:    1495728 kB
Buffers:           57016 kB
Cached:           832864 kB
MemTotal:        1844596 kB
MemFree:          710472 kB
MemAvailable:    1496852 kB
Buffers:           57016 kB
Cached:           832864 kB
MemTotal:        1844596 kB
MemFree:          705620 kB
MemAvailable:    1492000 kB
Buffers:           57016 kB
Cached:           832864 kB
MemTotal:        1844596 kB
MemFree:          705704 kB
MemAvailable:    1492084 kB
Buffers:           57016 kB
Cached:           832864 kB
MemTotal:        1844596 kB
MemFree:          705580 kB
MemAvailable:    1491960 kB
Buffers:           57016 kB
Cached:           832864 kB
MemTotal:        1844596 kB
MemFree:          704128 kB
MemAvailable:    1490508 kB
Buffers:           57016 kB
Cached:           832864 kB
MemTotal:        1844596 kB
MemFree:          705360 kB
MemAvailable:    1491740 kB
Buffers:           57016 kB
Cached:           832864 kB
MemTotal:        1844596 kB
MemFree:          705520 kB
MemAvailable:    1491900 kB
Buffers:           57016 kB
Cached:           832864 kB
MemTotal:        1844596 kB
MemFree:          705268 kB
MemAvailable:    1491648 kB
Buffers:           57016 kB
Cached:           832864 kB
MemTotal:        1844596 kB
MemFree:          704004 kB
MemAvailable:    1490384 kB
Buffers:           57016 kB
Cached:           832864 kB
MemTotal:        1844596 kB
MemFree:          704264 kB
MemAvailable:    1490644 kB
Buffers:           57016 kB
Cached:           832864 kB
MemTotal:        1844596 kB
MemFree:          705388 kB
MemAvailable:    1491772 kB
Buffers:           57016 kB
Cached:           832868 kB
MemTotal:        1844596 kB
MemFree:          704272 kB
MemAvailable:    1490656 kB
Buffers:           57016 kB
Cached:           832868 kB
MemTotal:        1844596 kB
MemFree:          703844 kB
MemAvailable:    1490228 kB
Buffers:           57016 kB
Cached:           832868 kB
MemTotal:        1844596 kB
MemFree:          705020 kB
MemAvailable:    1491404 kB
Buffers:           57016 kB
Cached:           832868 kB
MemTotal:        1844596 kB
MemFree:          704084 kB
MemAvailable:    1490468 kB
Buffers:           57016 kB
Cached:           832868 kB
MemTotal:        1844596 kB
MemFree:          702288 kB
MemAvailable:    1488672 kB
Buffers:           57016 kB
Cached:           832868 kB
MemTotal:        1844596 kB
MemFree:          702100 kB
MemAvailable:    1488484 kB
Buffers:           57016 kB
Cached:           832868 kB
MemTotal:        1844596 kB
MemFree:          700660 kB
MemAvailable:    1487044 kB
Buffers:           57016 kB
Cached:           832868 kB
MemTotal:        1844596 kB
MemFree:          701984 kB
MemAvailable:    1488368 kB
Buffers:           57016 kB
Cached:           832868 kB
MemTotal:        1844596 kB
MemFree:          700488 kB
MemAvailable:    1486872 kB
Buffers:           57016 kB
Cached:           832868 kB
MemTotal:        1844596 kB
MemFree:          700744 kB
MemAvailable:    1487128 kB
Buffers:           57016 kB
Cached:           832868 kB
MemTotal:        1844596 kB
MemFree:          700620 kB
MemAvailable:    1487004 kB
Buffers:           57016 kB
Cached:           832868 kB
MemTotal:        1844596 kB
MemFree:          702536 kB
MemAvailable:    1488920 kB
Buffers:           57016 kB
Cached:           832868 kB
MemTotal:        1844596 kB
MemFree:          703644 kB
MemAvailable:    1490196 kB
Buffers:           57016 kB
Cached:           832992 kB
MemTotal:        1844596 kB
MemFree:          703644 kB
MemAvailable:    1490196 kB
Buffers:           57016 kB
Cached:           832992 kB
MemTotal:        1844596 kB
MemFree:          702268 kB
MemAvailable:    1488988 kB
Buffers:           57016 kB
Cached:           833240 kB
MemTotal:        1844596 kB
MemFree:          703468 kB
MemAvailable:    1490272 kB
Buffers:           57016 kB
Cached:           833240 kB
MemTotal:        1844596 kB
MemFree:          702536 kB
MemAvailable:    1489340 kB
Buffers:           57016 kB
Cached:           833364 kB
MemTotal:        1844596 kB
MemFree:          702268 kB
MemAvailable:    1489156 kB
Buffers:           57016 kB
Cached:           833488 kB
MemTotal:        1844596 kB
MemFree:          703572 kB
MemAvailable:    1490460 kB
Buffers:           57016 kB
Cached:           833488 kB
MemTotal:        1844596 kB
MemFree:          702020 kB
MemAvailable:    1489052 kB
Buffers:           57016 kB
Cached:           833472 kB
MemTotal:        1844596 kB
MemFree:          702476 kB
MemAvailable:    1489508 kB
Buffers:           57016 kB
Cached:           833472 kB
MemTotal:        1844596 kB
MemFree:          703132 kB
MemAvailable:    1490164 kB
Buffers:           57016 kB
Cached:           833472 kB
MemTotal:        1844596 kB
MemFree:          703216 kB
MemAvailable:    1490272 kB
Buffers:           57016 kB
Cached:           833540 kB
MemTotal:        1844596 kB
MemFree:          702404 kB
MemAvailable:    1489460 kB
Buffers:           57016 kB
Cached:           833540 kB
MemTotal:        1844596 kB
MemFree:          702984 kB
MemAvailable:    1490044 kB
Buffers:           57016 kB
Cached:           833544 kB
MemTotal:        1844596 kB
MemFree:          703240 kB
MemAvailable:    1490300 kB
Buffers:           57016 kB
Cached:           833544 kB
MemTotal:        1844596 kB
MemFree:          702036 kB
MemAvailable:    1489180 kB
Buffers:           57016 kB
Cached:           833668 kB
MemTotal:        1844596 kB
MemFree:          741172 kB
MemAvailable:    1527644 kB
Buffers:           57016 kB
Cached:           832912 kB
