MemTotal:        1844596 kB
MemFree:          815660 kB
MemAvailable:    1537044 kB
Buffers:           50340 kB
Cached:           779860 kB
MemTotal:        1844596 kB
MemFree:          815288 kB
MemAvailable:    1536672 kB
Buffers:           50340 kB
Cached:           779860 kB
MemTotal:        1844596 kB
MemFree:          813436 kB
MemAvailable:    1534820 kB
Buffers:           50340 kB
Cached:           779860 kB
MemTotal:        1844596 kB
MemFree:          813372 kB
MemAvailable:    1534756 kB
Buffers:           50340 kB
Cached:           779860 kB
MemTotal:        1844596 kB
MemFree:          812072 kB
MemAvailable:    1533456 kB
Buffers:           50340 kB
Cached:           779860 kB
MemTotal:        1844596 kB
MemFree:          812196 kB
MemAvailable:    1533580 kB
Buffers:           50340 kB
Cached:           779860 kB
MemTotal:        1844596 kB
MemFree:          810220 kB
MemAvailable:    1531604 kB
Buffers:           50340 kB
Cached:           779860 kB
MemTotal:        1844596 kB
MemFree:          808172 kB
MemAvailable:    1529556 kB
Buffers:           50340 kB
Cached:           779860 kB
MemTotal:        1844596 kB
MemFree:          804004 kB
MemAvailable:    1525388 kB
Buffers:           50340 kB
Cached:           779860 kB
MemTotal:        1844596 kB
MemFree:          803648 kB
MemAvailable:    1525032 kB
Buffers:           50340 kB
Cached:           779860 kB
MemTotal:        1844596 kB
MemFree:          803568 kB
MemAvailable:    1524952 kB
Buffers:           50340 kB
Cached:           779860 kB
MemTotal:        1844596 kB
MemFree:          803344 kB
MemAvailable:    1524728 kB
Buffers:           50340 kB
Cached:           779860 kB
MemTotal:        1844596 kB
MemFree:          803680 kB
MemAvailable:    1525064 kB
Buffers:           50340 kB
Cached:           779860 kB
MemTotal:        1844596 kB
MemFree:          803336 kB
MemAvailable:    1524720 kB
Buffers:           50340 kB
Cached:           779860 kB
MemTotal:        1844596 kB
MemFree:          803336 kB
MemAvailable:    1524720 kB
Buffers:           50340 kB
Cached:           779860 kB
MemTotal:        1844596 kB
MemFree:          803388 kB
MemAvailable:    1524772 kB
Buffers:           50340 kB
Cached:           779860 kB
MemTotal:        1844596 kB
MemFree:          802716 kB
MemAvailable:    1524100 kB
Buffers:           50340 kB
Cached:           779860 kB
MemTotal:        1844596 kB
MemFree:          802096 kB
MemAvailable:    1523480 kB
Buffers:           50340 kB
Cached:           779860 kB
MemTotal:        1844596 kB
MemFree:          801104 kB
MemAvailable:    1522488 kB
Buffers:           50340 kB
Cached:           779860 kB
MemTotal:        1844596 kB
MemFree:          800972 kB
MemAvailable:    1522356 kB
Buffers:           50340 kB
Cached:           779860 kB
MemTotal:        1844596 kB
MemFree:          800988 kB
MemAvailable:    1522372 kB
Buffers:           50340 kB
Cached:           779860 kB
MemTotal:        1844596 kB
MemFree:          800804 kB
MemAvailable:    1522188 kB
Buffers:           50340 kB
Cached:           779860 kB
MemTotal:        1844596 kB
MemFree:          800996 kB
MemAvailable:    1522380 kB
Buffers:           50340 kB
Cached:           779860 kB
MemTotal:        1844596 kB
MemFree:          800040 kB
MemAvailable:    1521424 kB
Buffers:           50340 kB
Cached:           779860 kB
MemTotal:        1844596 kB
MemFree:          800984 kB
MemAvailable:    1522368 kB
Buffers:           50340 kB
Cached:           779860 kB
MemTotal:        1844596 kB
MemFree:          801236 kB
MemAvailable:    1522620 kB
Buffers:           50340 kB
Cached:           779860 kB
MemTotal:        1844596 kB
MemFree:          800996 kB
MemAvailable:    1522380 kB
Buffers:           50340 kB
Cached:           779860 kB
MemTotal:        1844596 kB
MemFree:          801052 kB
MemAvailable:    1522436 kB
Buffers:           50340 kB
Cached:           779860 kB
MemTotal:        1844596 kB
MemFree:          802320 kB
MemAvailable:    1523704 kB
Buffers:           50340 kB
Cached:           779860 kB
MemTotal:        1844596 kB
MemFree:          802416 kB
MemAvailable:    1523800 kB
Buffers:           50340 kB
Cached:           779860 kB
MemTotal:        1844596 kB
MemFree:          800540 kB
MemAvailable:    1521924 kB
Buffers:           50340 kB
Cached:           779860 kB
MemTotal:        1844596 kB
MemFree:          799424 kB
MemAvailable:    1520808 kB
Buffers:           50340 kB
Cached:           779860 kB
MemTotal:        1844596 kB
MemFree:          799424 kB
MemAvailable:    1520808 kB
Buffers:           50340 kB
Cached:           779860 kB
MemTotal:        1844596 kB
MemFree:          798812 kB
MemAvailable:    1520196 kB
Buffers:           50340 kB
Cached:           779860 kB
MemTotal:        1844596 kB
MemFree:          797068 kB
MemAvailable:    1518452 kB
Buffers:           50340 kB
Cached:           779860 kB
MemTotal:        1844596 kB
MemFree:          797944 kB
MemAvailable:    1519328 kB
Buffers:           50340 kB
Cached:           779860 kB
MemTotal:        1844596 kB
MemFree:          797060 kB
MemAvailable:    1518444 kB
Buffers:           50340 kB
Cached:           779860 kB
MemTotal:        1844596 kB
MemFree:          797060 kB
MemAvailable:    1518444 kB
Buffers:           50340 kB
Cached:           779860 kB
MemTotal:        1844596 kB
MemFree:          795532 kB
MemAvailable:    1516916 kB
Buffers:           50340 kB
Cached:           779860 kB
MemTotal:        1844596 kB
MemFree:          795516 kB
MemAvailable:    1516900 kB
Buffers:           50340 kB
Cached:           779860 kB
MemTotal:        1844596 kB
MemFree:          796888 kB
MemAvailable:    1518272 kB
Buffers:           50340 kB
Cached:           779860 kB
MemTotal:        1844596 kB
MemFree:          796868 kB
MemAvailable:    1518252 kB
Buffers:           50340 kB
Cached:           779860 kB
MemTotal:        1844596 kB
MemFree:          795588 kB
MemAvailable:    1516976 kB
Buffers:           50340 kB
Cached:           779864 kB
MemTotal:        1844596 kB
MemFree:          796572 kB
MemAvailable:    1517960 kB
Buffers:           50340 kB
Cached:           779864 kB
MemTotal:        1844596 kB
MemFree:          795464 kB
MemAvailable:    1516852 kB
Buffers:           50340 kB
Cached:           779864 kB
MemTotal:        1844596 kB
MemFree:          796332 kB
MemAvailable:    1517724 kB
Buffers:           50340 kB
Cached:           779868 kB
MemTotal:        1844596 kB
MemFree:          794960 kB
MemAvailable:    1516352 kB
Buffers:           50340 kB
Cached:           779868 kB
MemTotal:        1844596 kB
MemFree:          794448 kB
MemAvailable:    1515840 kB
Buffers:           50340 kB
Cached:           779868 kB
MemTotal:        1844596 kB
MemFree:          795904 kB
MemAvailable:    1517296 kB
Buffers:           50340 kB
Cached:           779868 kB
MemTotal:        1844596 kB
MemFree:          794532 kB
MemAvailable:    1515924 kB
Buffers:           50340 kB
Cached:           779868 kB
MemTotal:        1844596 kB
MemFree:          795640 kB
MemAvailable:    1517032 kB
Buffers:           50340 kB
Cached:           779868 kB
MemTotal:        1844596 kB
MemFree:          795808 kB
MemAvailable:    1517200 kB
Buffers:           50340 kB
Cached:           779868 kB
MemTotal:        1844596 kB
MemFree:          795820 kB
MemAvailable:    1517212 kB
Buffers:           50340 kB
Cached:           779868 kB
MemTotal:        1844596 kB
MemFree:          796072 kB
MemAvailable:    1517464 kB
Buffers:           50340 kB
Cached:           779868 kB
MemTotal:        1844596 kB
MemFree:          795948 kB
MemAvailable:    1517340 kB
Buffers:           50340 kB
Cached:           779868 kB
MemTotal:        1844596 kB
MemFree:          794660 kB
MemAvailable:    1516052 kB
Buffers:           50340 kB
Cached:           779868 kB
MemTotal:        1844596 kB
MemFree:          794652 kB
MemAvailable:    1516044 kB
Buffers:           50340 kB
Cached:           779868 kB
MemTotal:        1844596 kB
MemFree:          795496 kB
MemAvailable:    1516888 kB
Buffers:           50340 kB
Cached:           779868 kB
MemTotal:        1844596 kB
MemFree:          795580 kB
MemAvailable:    1516972 kB
Buffers:           50340 kB
Cached:           779868 kB
MemTotal:        1844596 kB
MemFree:          794188 kB
MemAvailable:    1515580 kB
Buffers:           50340 kB
Cached:           779868 kB
MemTotal:        1844596 kB
MemFree:          795240 kB
MemAvailable:    1516632 kB
Buffers:           50340 kB
Cached:           779868 kB
MemTotal:        1844596 kB
MemFree:          795388 kB
MemAvailable:    1516780 kB
Buffers:           50340 kB
Cached:           779868 kB
MemTotal:        1844596 kB
MemFree:          794792 kB
MemAvailable:    1516184 kB
Buffers:           50340 kB
Cached:           779868 kB
MemTotal:        1844596 kB
MemFree:          795128 kB
MemAvailable:    1516520 kB
Buffers:           50340 kB
Cached:           779868 kB
MemTotal:        1844596 kB
MemFree:          793676 kB
MemAvailable:    1515068 kB
Buffers:           50340 kB
Cached:           779868 kB
MemTotal:        1844596 kB
MemFree:          795092 kB
MemAvailable:    1516484 kB
Buffers:           50340 kB
Cached:           779868 kB
MemTotal:        1844596 kB
MemFree:          795044 kB
MemAvailable:    1516436 kB
Buffers:           50340 kB
Cached:           779868 kB
MemTotal:        1844596 kB
MemFree:          794692 kB
MemAvailable:    1516084 kB
Buffers:           50340 kB
Cached:           779868 kB
MemTotal:        1844596 kB
MemFree:          795028 kB
MemAvailable:    1516420 kB
Buffers:           50340 kB
Cached:           779868 kB
MemTotal:        1844596 kB
MemFree:          793576 kB
MemAvailable:    1514968 kB
Buffers:           50340 kB
Cached:           779868 kB
MemTotal:        1844596 kB
MemFree:          794848 kB
MemAvailable:    1516240 kB
Buffers:           50340 kB
Cached:           779868 kB
MemTotal:        1844596 kB
MemFree:          793976 kB
MemAvailable:    1515368 kB
Buffers:           50340 kB
Cached:           779868 kB
MemTotal:        1844596 kB
MemFree:          793216 kB
MemAvailable:    1514608 kB
Buffers:           50340 kB
Cached:           779868 kB
MemTotal:        1844596 kB
MemFree:          793216 kB
MemAvailable:    1514608 kB
Buffers:           50340 kB
Cached:           779868 kB
MemTotal:        1844596 kB
MemFree:          789876 kB
MemAvailable:    1511268 kB
Buffers:           50340 kB
Cached:           779868 kB
MemTotal:        1844596 kB
MemFree:          789752 kB
MemAvailable:    1511144 kB
Buffers:           50340 kB
Cached:           779868 kB
MemTotal:        1844596 kB
MemFree:          787652 kB
MemAvailable:    1509044 kB
Buffers:           50340 kB
Cached:           779868 kB
MemTotal:        1844596 kB
MemFree:          787520 kB
MemAvailable:    1508912 kB
Buffers:           50340 kB
Cached:           779868 kB
MemTotal:        1844596 kB
MemFree:          787016 kB
MemAvailable:    1508408 kB
Buffers:           50340 kB
Cached:           779868 kB
MemTotal:        1844596 kB
MemFree:          787100 kB
MemAvailable:    1508492 kB
Buffers:           50340 kB
Cached:           779868 kB
MemTotal:        1844596 kB
MemFree:          786720 kB
MemAvailable:    1508112 kB
Buffers:           50340 kB
Cached:           779868 kB
MemTotal:        1844596 kB
MemFree:          787056 kB
MemAvailable:    1508448 kB
Buffers:           50340 kB
Cached:           779868 kB
MemTotal:        1844596 kB
MemFree:          785732 kB
MemAvailable:    1507124 kB
Buffers:           50340 kB
Cached:           779868 kB
MemTotal:        1844596 kB
MemFree:          787032 kB
MemAvailable:    1508424 kB
Buffers:           50340 kB
Cached:           779868 kB
MemTotal:        1844596 kB
MemFree:          786744 kB
MemAvailable:    1508136 kB
Buffers:           50340 kB
Cached:           779868 kB
MemTotal:        1844596 kB
MemFree:          786912 kB
MemAvailable:    1508304 kB
Buffers:           50340 kB
Cached:           779868 kB
MemTotal:        1844596 kB
MemFree:          786928 kB
MemAvailable:    1508320 kB
Buffers:           50340 kB
Cached:           779868 kB
MemTotal:        1844596 kB
MemFree:          786968 kB
MemAvailable:    1508360 kB
Buffers:           50340 kB
Cached:           779868 kB
MemTotal:        1844596 kB
MemFree:          786892 kB
MemAvailable:    1508284 kB
Buffers:           50340 kB
Cached:           779868 kB
MemTotal:        1844596 kB
MemFree:          787144 kB
MemAvailable:    1508536 kB
Buffers:           50340 kB
Cached:           779868 kB
MemTotal:        1844596 kB
MemFree:          786960 kB
MemAvailable:    1508352 kB
Buffers:           50340 kB
Cached:           779868 kB
MemTotal:        1844596 kB
MemFree:          786644 kB
MemAvailable:    1508036 kB
Buffers:           50340 kB
Cached:           779868 kB
MemTotal:        1844596 kB
MemFree:          786644 kB
MemAvailable:    1508036 kB
Buffers:           50340 kB
Cached:           779868 kB
MemTotal:        1844596 kB
MemFree:          786140 kB
MemAvailable:    1507532 kB
Buffers:           50340 kB
Cached:           779868 kB
MemTotal:        1844596 kB
MemFree:          786476 kB
MemAvailable:    1507868 kB
Buffers:           50340 kB
Cached:           779868 kB
MemTotal:        1844596 kB
MemFree:          784792 kB
MemAvailable:    1506184 kB
Buffers:           50340 kB
Cached:           779868 kB
MemTotal:        1844596 kB
MemFree:          785668 kB
MemAvailable:    1507060 kB
Buffers:           50340 kB
Cached:           779868 kB
MemTotal:        1844596 kB
MemFree:          785480 kB
MemAvailable:    1506872 kB
Buffers:           50340 kB
Cached:           779868 kB
MemTotal:        1844596 kB
MemFree:          785172 kB
MemAvailable:    1506564 kB
Buffers:           50340 kB
Cached:           779868 kB
MemTotal:        1844596 kB
MemFree:          784240 kB
MemAvailable:    1505632 kB
Buffers:           50340 kB
Cached:           779868 kB
MemTotal:        1844596 kB
MemFree:          784048 kB
MemAvailable:    1505440 kB
Buffers:           50340 kB
Cached:           779868 kB
MemTotal:        1844596 kB
MemFree:          784300 kB
MemAvailable:    1505692 kB
Buffers:           50340 kB
Cached:           779868 kB
MemTotal:        1844596 kB
MemFree:          783544 kB
MemAvailable:    1504936 kB
Buffers:           50340 kB
Cached:           779868 kB
MemTotal:        1844596 kB
MemFree:          783880 kB
MemAvailable:    1505272 kB
Buffers:           50340 kB
Cached:           779868 kB
MemTotal:        1844596 kB
MemFree:          782436 kB
MemAvailable:    1503828 kB
Buffers:           50340 kB
Cached:           779868 kB
MemTotal:        1844596 kB
MemFree:          783172 kB
MemAvailable:    1504564 kB
Buffers:           50340 kB
Cached:           779868 kB
MemTotal:        1844596 kB
MemFree:          783256 kB
MemAvailable:    1504648 kB
Buffers:           50340 kB
Cached:           779868 kB
MemTotal:        1844596 kB
MemFree:          783176 kB
MemAvailable:    1504568 kB
Buffers:           50340 kB
Cached:           779868 kB
MemTotal:        1844596 kB
MemFree:          782864 kB
MemAvailable:    1504256 kB
Buffers:           50340 kB
Cached:           779868 kB
MemTotal:        1844596 kB
MemFree:          783200 kB
MemAvailable:    1504592 kB
Buffers:           50340 kB
Cached:           779868 kB
MemTotal:        1844596 kB
MemFree:          782984 kB
MemAvailable:    1504376 kB
Buffers:           50340 kB
Cached:           779868 kB
MemTotal:        1844596 kB
MemFree:          782984 kB
MemAvailable:    1504376 kB
Buffers:           50340 kB
Cached:           779868 kB
MemTotal:        1844596 kB
MemFree:          782968 kB
MemAvailable:    1504360 kB
Buffers:           50340 kB
Cached:           779868 kB
MemTotal:        1844596 kB
MemFree:          783312 kB
MemAvailable:    1504704 kB
Buffers:           50340 kB
Cached:           779868 kB
MemTotal:        1844596 kB
MemFree:          781576 kB
MemAvailable:    1502968 kB
Buffers:           50340 kB
Cached:           779868 kB
MemTotal:        1844596 kB
MemFree:          782428 kB
MemAvailable:    1503820 kB
Buffers:           50340 kB
Cached:           779868 kB
MemTotal:        1844596 kB
MemFree:          782764 kB
MemAvailable:    1504156 kB
Buffers:           50340 kB
Cached:           779868 kB
MemTotal:        1844596 kB
MemFree:          777856 kB
MemAvailable:    1499248 kB
Buffers:           50340 kB
Cached:           779868 kB
MemTotal:        1844596 kB
MemFree:          778104 kB
MemAvailable:    1499496 kB
Buffers:           50340 kB
Cached:           779868 kB
MemTotal:        1844596 kB
MemFree:          777792 kB
MemAvailable:    1499184 kB
Buffers:           50340 kB
Cached:           779868 kB
MemTotal:        1844596 kB
MemFree:          777468 kB
MemAvailable:    1498868 kB
Buffers:           50340 kB
Cached:           779876 kB
MemTotal:        1844596 kB
MemFree:          777468 kB
MemAvailable:    1498868 kB
Buffers:           50340 kB
Cached:           779876 kB
MemTotal:        1844596 kB
MemFree:          777208 kB
MemAvailable:    1498612 kB
Buffers:           50340 kB
Cached:           779880 kB
MemTotal:        1844596 kB
MemFree:          776576 kB
MemAvailable:    1497980 kB
Buffers:           50340 kB
Cached:           779880 kB
MemTotal:        1844596 kB
MemFree:          777052 kB
MemAvailable:    1498456 kB
Buffers:           50340 kB
Cached:           779880 kB
MemTotal:        1844596 kB
MemFree:          777308 kB
MemAvailable:    1498712 kB
Buffers:           50340 kB
Cached:           779880 kB
MemTotal:        1844596 kB
MemFree:          777052 kB
MemAvailable:    1498456 kB
Buffers:           50340 kB
Cached:           779880 kB
MemTotal:        1844596 kB
MemFree:          776912 kB
MemAvailable:    1498316 kB
Buffers:           50340 kB
Cached:           779880 kB
MemTotal:        1844596 kB
MemFree:          776912 kB
MemAvailable:    1498316 kB
Buffers:           50340 kB
Cached:           779880 kB
MemTotal:        1844596 kB
MemFree:          776048 kB
MemAvailable:    1497452 kB
Buffers:           50340 kB
Cached:           779880 kB
MemTotal:        1844596 kB
MemFree:          774320 kB
MemAvailable:    1495724 kB
Buffers:           50340 kB
Cached:           779880 kB
MemTotal:        1844596 kB
MemFree:          774064 kB
MemAvailable:    1495468 kB
Buffers:           50340 kB
Cached:           779880 kB
MemTotal:        1844596 kB
MemFree:          774200 kB
MemAvailable:    1495604 kB
Buffers:           50340 kB
Cached:           779880 kB
MemTotal:        1844596 kB
MemFree:          773840 kB
MemAvailable:    1495244 kB
Buffers:           50340 kB
Cached:           779880 kB
MemTotal:        1844596 kB
MemFree:          772592 kB
MemAvailable:    1493996 kB
Buffers:           50340 kB
Cached:           779880 kB
MemTotal:        1844596 kB
MemFree:          772760 kB
MemAvailable:    1494164 kB
Buffers:           50340 kB
Cached:           779880 kB
MemTotal:        1844596 kB
MemFree:          773992 kB
MemAvailable:    1495396 kB
Buffers:           50340 kB
Cached:           779880 kB
MemTotal:        1844596 kB
MemFree:          772620 kB
MemAvailable:    1494024 kB
Buffers:           50340 kB
Cached:           779880 kB
MemTotal:        1844596 kB
MemFree:          775660 kB
MemAvailable:    1497064 kB
Buffers:           50340 kB
Cached:           779880 kB
MemTotal:        1844596 kB
MemFree:          775916 kB
MemAvailable:    1497320 kB
Buffers:           50340 kB
Cached:           779880 kB
MemTotal:        1844596 kB
MemFree:          774508 kB
MemAvailable:    1496080 kB
Buffers:           50340 kB
Cached:           780004 kB
MemTotal:        1844596 kB
MemFree:          775252 kB
MemAvailable:    1496908 kB
Buffers:           50340 kB
Cached:           780128 kB
MemTotal:        1844596 kB
MemFree:          775444 kB
MemAvailable:    1497184 kB
Buffers:           50340 kB
Cached:           780252 kB
MemTotal:        1844596 kB
MemFree:          775480 kB
MemAvailable:    1497304 kB
Buffers:           50340 kB
Cached:           780252 kB
MemTotal:        1844596 kB
MemFree:          775388 kB
MemAvailable:    1497320 kB
Buffers:           50348 kB
Cached:           780440 kB
MemTotal:        1844596 kB
MemFree:          775280 kB
MemAvailable:    1497212 kB
Buffers:           50348 kB
Cached:           780440 kB
MemTotal:        1844596 kB
MemFree:          775252 kB
MemAvailable:    1497268 kB
Buffers:           50348 kB
Cached:           780440 kB
MemTotal:        1844596 kB
MemFree:          775164 kB
MemAvailable:    1497180 kB
Buffers:           50348 kB
Cached:           780440 kB
MemTotal:        1844596 kB
MemFree:          775284 kB
MemAvailable:    1497300 kB
Buffers:           50348 kB
Cached:           780440 kB
MemTotal:        1844596 kB
MemFree:          773852 kB
MemAvailable:    1495868 kB
Buffers:           50348 kB
Cached:           780440 kB
MemTotal:        1844596 kB
MemFree:          775168 kB
MemAvailable:    1497184 kB
Buffers:           50348 kB
Cached:           780440 kB
MemTotal:        1844596 kB
MemFree:          775008 kB
MemAvailable:    1497024 kB
Buffers:           50348 kB
Cached:           780440 kB
MemTotal:        1844596 kB
MemFree:          775016 kB
MemAvailable:    1497032 kB
Buffers:           50348 kB
Cached:           780440 kB
MemTotal:        1844596 kB
MemFree:          775444 kB
MemAvailable:    1496872 kB
Buffers:           50348 kB
Cached:           779848 kB
MemTotal:        1844596 kB
MemFree:          775688 kB
MemAvailable:    1497116 kB
Buffers:           50348 kB
Cached:           779848 kB
MemTotal:        1844596 kB
MemFree:          840944 kB
MemAvailable:    1562372 kB
Buffers:           50348 kB
Cached:           779848 kB
