MemTotal:        1844596 kB
MemFree:          740452 kB
MemAvailable:    1530616 kB
Buffers:           57412 kB
Cached:           835936 kB
MemTotal:        1844596 kB
MemFree:          738948 kB
MemAvailable:    1529112 kB
Buffers:           57412 kB
Cached:           835936 kB
MemTotal:        1844596 kB
MemFree:          738592 kB
MemAvailable:    1528756 kB
Buffers:           57412 kB
Cached:           835936 kB
MemTotal:        1844596 kB
MemFree:          737660 kB
MemAvailable:    1527824 kB
Buffers:           57412 kB
Cached:           835936 kB
MemTotal:        1844596 kB
MemFree:          737336 kB
MemAvailable:    1527500 kB
Buffers:           57412 kB
Cached:           835936 kB
MemTotal:        1844596 kB
MemFree:          737228 kB
MemAvailable:    1527392 kB
Buffers:           57412 kB
Cached:           835936 kB
MemTotal:        1844596 kB
MemFree:          734492 kB
MemAvailable:    1524656 kB
Buffers:           57412 kB
Cached:           835936 kB
MemTotal:        1844596 kB
MemFree:          731648 kB
MemAvailable:    1521812 kB
Buffers:           57412 kB
Cached:           835936 kB
MemTotal:        1844596 kB
MemFree:          727424 kB
MemAvailable:    1517588 kB
Buffers:           57412 kB
Cached:           835936 kB
MemTotal:        1844596 kB
MemFree:          727388 kB
MemAvailable:    1517552 kB
Buffers:           57412 kB
Cached:           835936 kB
MemTotal:        1844596 kB
MemFree:          726112 kB
MemAvailable:    1516276 kB
Buffers:           57412 kB
Cached:           835936 kB
MemTotal:        1844596 kB
MemFree:          727300 kB
MemAvailable:    1517464 kB
Buffers:           57412 kB
Cached:           835936 kB
MemTotal:        1844596 kB
MemFree:          727636 kB
MemAvailable:    1517800 kB
Buffers:           57412 kB
Cached:           835936 kB
MemTotal:        1844596 kB
MemFree:          727312 kB
MemAvailable:    1517476 kB
Buffers:           57412 kB
Cached:           835936 kB
MemTotal:        1844596 kB
MemFree:          727288 kB
MemAvailable:    1517452 kB
Buffers:           57412 kB
Cached:           835936 kB
MemTotal:        1844596 kB
MemFree:          726304 kB
MemAvailable:    1516468 kB
Buffers:           57412 kB
Cached:           835936 kB
MemTotal:        1844596 kB
MemFree:          724944 kB
MemAvailable:    1515112 kB
Buffers:           57412 kB
Cached:           835940 kB
MemTotal:        1844596 kB
MemFree:          725936 kB
MemAvailable:    1516104 kB
Buffers:           57412 kB
Cached:           835940 kB
MemTotal:        1844596 kB
MemFree:          725324 kB
MemAvailable:    1515492 kB
Buffers:           57412 kB
Cached:           835940 kB
MemTotal:        1844596 kB
MemFree:          725276 kB
MemAvailable:    1515444 kB
Buffers:           57412 kB
Cached:           835940 kB
MemTotal:        1844596 kB
MemFree:          724944 kB
MemAvailable:    1515112 kB
Buffers:           57412 kB
Cached:           835940 kB
MemTotal:        1844596 kB
MemFree:          724804 kB
MemAvailable:    1514972 kB
Buffers:           57412 kB
Cached:           835940 kB
MemTotal:        1844596 kB
MemFree:          724456 kB
MemAvailable:    1514624 kB
Buffers:           57412 kB
Cached:           835940 kB
MemTotal:        1844596 kB
MemFree:          724800 kB
MemAvailable:    1514968 kB
Buffers:           57412 kB
Cached:           835940 kB
MemTotal:        1844596 kB
MemFree:          725136 kB
MemAvailable:    1515304 kB
Buffers:           57412 kB
Cached:           835940 kB
MemTotal:        1844596 kB
MemFree:          725936 kB
MemAvailable:    1516104 kB
Buffers:           57412 kB
Cached:           835940 kB
MemTotal:        1844596 kB
MemFree:          726184 kB
MemAvailable:    1516352 kB
Buffers:           57412 kB
Cached:           835940 kB
MemTotal:        1844596 kB
MemFree:          726196 kB
MemAvailable:    1516364 kB
Buffers:           57412 kB
Cached:           835940 kB
MemTotal:        1844596 kB
MemFree:          725384 kB
MemAvailable:    1515552 kB
Buffers:           57412 kB
Cached:           835940 kB
MemTotal:        1844596 kB
MemFree:          722704 kB
MemAvailable:    1512872 kB
Buffers:           57412 kB
Cached:           835940 kB
MemTotal:        1844596 kB
MemFree:          722704 kB
MemAvailable:    1512872 kB
Buffers:           57412 kB
Cached:           835940 kB
MemTotal:        1844596 kB
MemFree:          722340 kB
MemAvailable:    1512508 kB
Buffers:           57412 kB
Cached:           835940 kB
MemTotal:        1844596 kB
MemFree:          720984 kB
MemAvailable:    1511152 kB
Buffers:           57412 kB
Cached:           835940 kB
MemTotal:        1844596 kB
MemFree:          721092 kB
MemAvailable:    1511260 kB
Buffers:           57412 kB
Cached:           835940 kB
MemTotal:        1844596 kB
MemFree:          720560 kB
MemAvailable:    1510728 kB
Buffers:           57412 kB
Cached:           835940 kB
MemTotal:        1844596 kB
MemFree:          720836 kB
MemAvailable:    1511008 kB
Buffers:           57412 kB
Cached:           835944 kB
MemTotal:        1844596 kB
MemFree:          720836 kB
MemAvailable:    1511008 kB
Buffers:           57412 kB
Cached:           835944 kB
MemTotal:        1844596 kB
MemFree:          719348 kB
MemAvailable:    1509520 kB
Buffers:           57412 kB
Cached:           835944 kB
MemTotal:        1844596 kB
MemFree:          720740 kB
MemAvailable:    1510912 kB
Buffers:           57412 kB
Cached:           835944 kB
MemTotal:        1844596 kB
MemFree:          720660 kB
MemAvailable:    1510832 kB
Buffers:           57412 kB
Cached:           835944 kB
MemTotal:        1844596 kB
MemFree:          720828 kB
MemAvailable:    1511000 kB
Buffers:           57412 kB
Cached:           835944 kB
MemTotal:        1844596 kB
MemFree:          720472 kB
MemAvailable:    1510644 kB
Buffers:           57412 kB
Cached:           835944 kB
MemTotal:        1844596 kB
MemFree:          720400 kB
MemAvailable:    1510572 kB
Buffers:           57412 kB
Cached:           835944 kB
MemTotal:        1844596 kB
MemFree:          719124 kB
MemAvailable:    1509296 kB
Buffers:           57412 kB
Cached:           835944 kB
MemTotal:        1844596 kB
MemFree:          719796 kB
MemAvailable:    1509968 kB
Buffers:           57412 kB
Cached:           835944 kB
MemTotal:        1844596 kB
MemFree:          720132 kB
MemAvailable:    1510304 kB
Buffers:           57412 kB
Cached:           835944 kB
MemTotal:        1844596 kB
MemFree:          718356 kB
MemAvailable:    1508528 kB
Buffers:           57412 kB
Cached:           835944 kB
MemTotal:        1844596 kB
MemFree:          718564 kB
MemAvailable:    1508736 kB
Buffers:           57412 kB
Cached:           835944 kB
MemTotal:        1844596 kB
MemFree:          719784 kB
MemAvailable:    1509956 kB
Buffers:           57412 kB
Cached:           835944 kB
MemTotal:        1844596 kB
MemFree:          719904 kB
MemAvailable:    1510076 kB
Buffers:           57412 kB
Cached:           835944 kB
MemTotal:        1844596 kB
MemFree:          718752 kB
MemAvailable:    1508924 kB
Buffers:           57412 kB
Cached:           835944 kB
MemTotal:        1844596 kB
MemFree:          719564 kB
MemAvailable:    1509736 kB
Buffers:           57412 kB
Cached:           835944 kB
MemTotal:        1844596 kB
MemFree:          719900 kB
MemAvailable:    1510072 kB
Buffers:           57412 kB
Cached:           835944 kB
MemTotal:        1844596 kB
MemFree:          719696 kB
MemAvailable:    1509868 kB
Buffers:           57412 kB
Cached:           835944 kB
MemTotal:        1844596 kB
MemFree:          719612 kB
MemAvailable:    1509784 kB
Buffers:           57412 kB
Cached:           835944 kB
MemTotal:        1844596 kB
MemFree:          718456 kB
MemAvailable:    1508628 kB
Buffers:           57412 kB
Cached:           835944 kB
MemTotal:        1844596 kB
MemFree:          719480 kB
MemAvailable:    1509652 kB
Buffers:           57412 kB
Cached:           835944 kB
MemTotal:        1844596 kB
MemFree:          719256 kB
MemAvailable:    1509428 kB
Buffers:           57412 kB
Cached:           835944 kB
MemTotal:        1844596 kB
MemFree:          717868 kB
MemAvailable:    1508040 kB
Buffers:           57412 kB
Cached:           835944 kB
MemTotal:        1844596 kB
MemFree:          719200 kB
MemAvailable:    1509372 kB
Buffers:           57412 kB
Cached:           835944 kB
MemTotal:        1844596 kB
MemFree:          718132 kB
MemAvailable:    1508304 kB
Buffers:           57412 kB
Cached:           835944 kB
MemTotal:        1844596 kB
MemFree:          718744 kB
MemAvailable:    1508920 kB
Buffers:           57412 kB
Cached:           835948 kB
MemTotal:        1844596 kB
MemFree:          719000 kB
MemAvailable:    1509176 kB
Buffers:           57412 kB
Cached:           835948 kB
MemTotal:        1844596 kB
MemFree:          718860 kB
MemAvailable:    1509036 kB
Buffers:           57412 kB
Cached:           835948 kB
MemTotal:        1844596 kB
MemFree:          718944 kB
MemAvailable:    1509120 kB
Buffers:           57412 kB
Cached:           835948 kB
MemTotal:        1844596 kB
MemFree:          718748 kB
MemAvailable:    1508924 kB
Buffers:           57412 kB
Cached:           835948 kB
MemTotal:        1844596 kB
MemFree:          718624 kB
MemAvailable:    1508800 kB
Buffers:           57412 kB
Cached:           835948 kB
MemTotal:        1844596 kB
MemFree:          718800 kB
MemAvailable:    1508976 kB
Buffers:           57412 kB
Cached:           835948 kB
MemTotal:        1844596 kB
MemFree:          718380 kB
MemAvailable:    1508556 kB
Buffers:           57412 kB
Cached:           835948 kB
MemTotal:        1844596 kB
MemFree:          718696 kB
MemAvailable:    1508872 kB
Buffers:           57412 kB
Cached:           835948 kB
MemTotal:        1844596 kB
MemFree:          717504 kB
MemAvailable:    1507680 kB
Buffers:           57412 kB
Cached:           835948 kB
MemTotal:        1844596 kB
MemFree:          717512 kB
MemAvailable:    1507688 kB
Buffers:           57412 kB
Cached:           835948 kB
MemTotal:        1844596 kB
MemFree:          714340 kB
MemAvailable:    1504516 kB
Buffers:           57412 kB
Cached:           835948 kB
MemTotal:        1844596 kB
MemFree:          711172 kB
MemAvailable:    1501348 kB
Buffers:           57412 kB
Cached:           835948 kB
MemTotal:        1844596 kB
MemFree:          710940 kB
MemAvailable:    1501116 kB
Buffers:           57412 kB
Cached:           835948 kB
MemTotal:        1844596 kB
MemFree:          711132 kB
MemAvailable:    1501308 kB
Buffers:           57412 kB
Cached:           835948 kB
MemTotal:        1844596 kB
MemFree:          709760 kB
MemAvailable:    1499936 kB
Buffers:           57412 kB
Cached:           835948 kB
MemTotal:        1844596 kB
MemFree:          709760 kB
MemAvailable:    1499936 kB
Buffers:           57412 kB
Cached:           835948 kB
MemTotal:        1844596 kB
MemFree:          711000 kB
MemAvailable:    1501176 kB
Buffers:           57412 kB
Cached:           835948 kB
MemTotal:        1844596 kB
MemFree:          709824 kB
MemAvailable:    1500000 kB
Buffers:           57412 kB
Cached:           835948 kB
MemTotal:        1844596 kB
MemFree:          710888 kB
MemAvailable:    1501064 kB
Buffers:           57412 kB
Cached:           835948 kB
MemTotal:        1844596 kB
MemFree:          710920 kB
MemAvailable:    1501096 kB
Buffers:           57412 kB
Cached:           835948 kB
MemTotal:        1844596 kB
MemFree:          710892 kB
MemAvailable:    1501068 kB
Buffers:           57412 kB
Cached:           835948 kB
MemTotal:        1844596 kB
MemFree:          709700 kB
MemAvailable:    1499876 kB
Buffers:           57412 kB
Cached:           835948 kB
MemTotal:        1844596 kB
MemFree:          709528 kB
MemAvailable:    1499704 kB
Buffers:           57412 kB
Cached:           835948 kB
MemTotal:        1844596 kB
MemFree:          710684 kB
MemAvailable:    1500860 kB
Buffers:           57412 kB
Cached:           835948 kB
MemTotal:        1844596 kB
MemFree:          711020 kB
MemAvailable:    1501196 kB
Buffers:           57412 kB
Cached:           835948 kB
MemTotal:        1844596 kB
MemFree:          710808 kB
MemAvailable:    1500984 kB
Buffers:           57412 kB
Cached:           835948 kB
MemTotal:        1844596 kB
MemFree:          710700 kB
MemAvailable:    1500876 kB
Buffers:           57412 kB
Cached:           835948 kB
MemTotal:        1844596 kB
MemFree:          710684 kB
MemAvailable:    1500860 kB
Buffers:           57412 kB
Cached:           835948 kB
MemTotal:        1844596 kB
MemFree:          709328 kB
MemAvailable:    1499508 kB
Buffers:           57412 kB
Cached:           835952 kB
MemTotal:        1844596 kB
MemFree:          708956 kB
MemAvailable:    1499136 kB
Buffers:           57412 kB
Cached:           835952 kB
MemTotal:        1844596 kB
MemFree:          708824 kB
MemAvailable:    1499004 kB
Buffers:           57412 kB
Cached:           835952 kB
MemTotal:        1844596 kB
MemFree:          709256 kB
MemAvailable:    1499436 kB
Buffers:           57412 kB
Cached:           835952 kB
MemTotal:        1844596 kB
MemFree:          707956 kB
MemAvailable:    1498136 kB
Buffers:           57420 kB
Cached:           835944 kB
MemTotal:        1844596 kB
MemFree:          708212 kB
MemAvailable:    1498392 kB
Buffers:           57420 kB
Cached:           835944 kB
MemTotal:        1844596 kB
MemFree:          708080 kB
MemAvailable:    1498260 kB
Buffers:           57420 kB
Cached:           835944 kB
MemTotal:        1844596 kB
MemFree:          708336 kB
MemAvailable:    1498516 kB
Buffers:           57420 kB
Cached:           835944 kB
MemTotal:        1844596 kB
MemFree:          706708 kB
MemAvailable:    1496888 kB
Buffers:           57420 kB
Cached:           835944 kB
MemTotal:        1844596 kB
MemFree:          706228 kB
MemAvailable:    1496408 kB
Buffers:           57420 kB
Cached:           835944 kB
MemTotal:        1844596 kB
MemFree:          706104 kB
MemAvailable:    1496284 kB
Buffers:           57420 kB
Cached:           835944 kB
MemTotal:        1844596 kB
MemFree:          706228 kB
MemAvailable:    1496408 kB
Buffers:           57420 kB
Cached:           835944 kB
MemTotal:        1844596 kB
MemFree:          706908 kB
MemAvailable:    1497088 kB
Buffers:           57420 kB
Cached:           835944 kB
MemTotal:        1844596 kB
MemFree:          707164 kB
MemAvailable:    1497344 kB
Buffers:           57420 kB
Cached:           835944 kB
MemTotal:        1844596 kB
MemFree:          705536 kB
MemAvailable:    1495716 kB
Buffers:           57420 kB
Cached:           835944 kB
MemTotal:        1844596 kB
MemFree:          707068 kB
MemAvailable:    1497248 kB
Buffers:           57420 kB
Cached:           835944 kB
MemTotal:        1844596 kB
MemFree:          706932 kB
MemAvailable:    1497112 kB
Buffers:           57420 kB
Cached:           835944 kB
MemTotal:        1844596 kB
MemFree:          706932 kB
MemAvailable:    1497112 kB
Buffers:           57420 kB
Cached:           835944 kB
MemTotal:        1844596 kB
MemFree:          706820 kB
MemAvailable:    1497000 kB
Buffers:           57420 kB
Cached:           835944 kB
MemTotal:        1844596 kB
MemFree:          706724 kB
MemAvailable:    1496904 kB
Buffers:           57420 kB
Cached:           835944 kB
MemTotal:        1844596 kB
MemFree:          706660 kB
MemAvailable:    1496840 kB
Buffers:           57420 kB
Cached:           835944 kB
MemTotal:        1844596 kB
MemFree:          706404 kB
MemAvailable:    1496584 kB
Buffers:           57420 kB
Cached:           835944 kB
MemTotal:        1844596 kB
MemFree:          705360 kB
MemAvailable:    1495540 kB
Buffers:           57420 kB
Cached:           835944 kB
MemTotal:        1844596 kB
MemFree:          701872 kB
MemAvailable:    1492052 kB
Buffers:           57420 kB
Cached:           835944 kB
MemTotal:        1844596 kB
MemFree:          701392 kB
MemAvailable:    1491572 kB
Buffers:           57420 kB
Cached:           835944 kB
MemTotal:        1844596 kB
MemFree:          701460 kB
MemAvailable:    1491640 kB
Buffers:           57420 kB
Cached:           835944 kB
MemTotal:        1844596 kB
MemFree:          701388 kB
MemAvailable:    1491568 kB
Buffers:           57420 kB
Cached:           835944 kB
MemTotal:        1844596 kB
MemFree:          701364 kB
MemAvailable:    1491544 kB
Buffers:           57420 kB
Cached:           835944 kB
MemTotal:        1844596 kB
MemFree:          700392 kB
MemAvailable:    1490572 kB
Buffers:           57420 kB
Cached:           835944 kB
MemTotal:        1844596 kB
MemFree:          701248 kB
MemAvailable:    1491428 kB
Buffers:           57420 kB
Cached:           835944 kB
MemTotal:        1844596 kB
MemFree:          701076 kB
MemAvailable:    1491256 kB
Buffers:           57420 kB
Cached:           835944 kB
MemTotal:        1844596 kB
MemFree:          700276 kB
MemAvailable:    1490456 kB
Buffers:           57420 kB
Cached:           835944 kB
MemTotal:        1844596 kB
MemFree:          700964 kB
MemAvailable:    1491144 kB
Buffers:           57420 kB
Cached:           835944 kB
MemTotal:        1844596 kB
MemFree:          700936 kB
MemAvailable:    1491116 kB
Buffers:           57420 kB
Cached:           835944 kB
MemTotal:        1844596 kB
MemFree:          699712 kB
MemAvailable:    1489892 kB
Buffers:           57420 kB
Cached:           835944 kB
MemTotal:        1844596 kB
MemFree:          699764 kB
MemAvailable:    1489944 kB
Buffers:           57420 kB
Cached:           835944 kB
MemTotal:        1844596 kB
MemFree:          699764 kB
MemAvailable:    1489944 kB
Buffers:           57420 kB
Cached:           835944 kB
MemTotal:        1844596 kB
MemFree:          696920 kB
MemAvailable:    1487100 kB
Buffers:           57420 kB
Cached:           835944 kB
MemTotal:        1844596 kB
MemFree:          696928 kB
MemAvailable:    1487108 kB
Buffers:           57420 kB
Cached:           835944 kB
MemTotal:        1844596 kB
MemFree:          697912 kB
MemAvailable:    1488092 kB
Buffers:           57420 kB
Cached:           835944 kB
MemTotal:        1844596 kB
MemFree:          697924 kB
MemAvailable:    1488104 kB
Buffers:           57420 kB
Cached:           835944 kB
MemTotal:        1844596 kB
MemFree:          696928 kB
MemAvailable:    1487108 kB
Buffers:           57420 kB
Cached:           835944 kB
MemTotal:        1844596 kB
MemFree:          697952 kB
MemAvailable:    1488132 kB
Buffers:           57420 kB
Cached:           835944 kB
MemTotal:        1844596 kB
MemFree:          697728 kB
MemAvailable:    1487908 kB
Buffers:           57420 kB
Cached:           835944 kB
MemTotal:        1844596 kB
MemFree:          698584 kB
MemAvailable:    1488764 kB
Buffers:           57424 kB
Cached:           835940 kB
MemTotal:        1844596 kB
MemFree:          699824 kB
MemAvailable:    1490088 kB
Buffers:           57424 kB
Cached:           836064 kB
MemTotal:        1844596 kB
MemFree:          698576 kB
MemAvailable:    1488924 kB
Buffers:           57424 kB
Cached:           836188 kB
MemTotal:        1844596 kB
MemFree:          699552 kB
MemAvailable:    1490152 kB
Buffers:           57424 kB
Cached:           836312 kB
MemTotal:        1844596 kB
MemFree:          699552 kB
MemAvailable:    1490152 kB
Buffers:           57424 kB
Cached:           836312 kB
MemTotal:        1844596 kB
MemFree:          699448 kB
MemAvailable:    1490132 kB
Buffers:           57424 kB
Cached:           836436 kB
MemTotal:        1844596 kB
MemFree:          697856 kB
MemAvailable:    1488624 kB
Buffers:           57424 kB
Cached:           836436 kB
MemTotal:        1844596 kB
MemFree:          698540 kB
MemAvailable:    1489308 kB
Buffers:           57424 kB
Cached:           836436 kB
MemTotal:        1844596 kB
MemFree:          698840 kB
MemAvailable:    1489608 kB
Buffers:           57424 kB
Cached:           836560 kB
MemTotal:        1844596 kB
MemFree:          699176 kB
MemAvailable:    1489944 kB
Buffers:           57424 kB
Cached:           836560 kB
MemTotal:        1844596 kB
MemFree:          697844 kB
MemAvailable:    1488612 kB
Buffers:           57424 kB
Cached:           836560 kB
MemTotal:        1844596 kB
MemFree:          698788 kB
MemAvailable:    1489556 kB
Buffers:           57424 kB
Cached:           836560 kB
MemTotal:        1844596 kB
MemFree:          699016 kB
MemAvailable:    1489784 kB
Buffers:           57424 kB
Cached:           836560 kB
MemTotal:        1844596 kB
MemFree:          699272 kB
MemAvailable:    1490040 kB
Buffers:           57424 kB
Cached:           836560 kB
MemTotal:        1844596 kB
MemFree:          697852 kB
MemAvailable:    1488620 kB
Buffers:           57424 kB
Cached:           836560 kB
MemTotal:        1844596 kB
MemFree:          699468 kB
MemAvailable:    1489648 kB
Buffers:           57424 kB
Cached:           835968 kB
MemTotal:        1844596 kB
MemFree:          699720 kB
MemAvailable:    1489900 kB
Buffers:           57424 kB
Cached:           835968 kB
MemTotal:        1844596 kB
MemFree:          768100 kB
MemAvailable:    1558280 kB
Buffers:           57424 kB
Cached:           835968 kB
