MemTotal:        1844596 kB
MemFree:          819868 kB
MemAvailable:    1540456 kB
Buffers:           50228 kB
Cached:           779244 kB
MemTotal:        1844596 kB
MemFree:          816768 kB
MemAvailable:    1537356 kB
Buffers:           50228 kB
Cached:           779244 kB
MemTotal:        1844596 kB
MemFree:          815644 kB
MemAvailable:    1536232 kB
Buffers:           50228 kB
Cached:           779244 kB
MemTotal:        1844596 kB
MemFree:          815728 kB
MemAvailable:    1536316 kB
Buffers:           50228 kB
Cached:           779244 kB
MemTotal:        1844596 kB
MemFree:          814280 kB
MemAvailable:    1534868 kB
Buffers:           50228 kB
Cached:           779244 kB
MemTotal:        1844596 kB
MemFree:          814536 kB
MemAvailable:    1535124 kB
Buffers:           50228 kB
Cached:           779244 kB
MemTotal:        1844596 kB
MemFree:          811056 kB
MemAvailable:    1531644 kB
Buffers:           50228 kB
Cached:           779244 kB
MemTotal:        1844596 kB
MemFree:          810932 kB
MemAvailable:    1531520 kB
Buffers:           50228 kB
Cached:           779244 kB
MemTotal:        1844596 kB
MemFree:          807768 kB
MemAvailable:    1528356 kB
Buffers:           50228 kB
Cached:           779244 kB
MemTotal:        1844596 kB
MemFree:          804236 kB
MemAvailable:    1524824 kB
Buffers:           50228 kB
Cached:           779244 kB
MemTotal:        1844596 kB
MemFree:          803128 kB
MemAvailable:    1523716 kB
Buffers:           50228 kB
Cached:           779244 kB
MemTotal:        1844596 kB
MemFree:          804368 kB
MemAvailable:    1524956 kB
Buffers:           50228 kB
Cached:           779244 kB
MemTotal:        1844596 kB
MemFree:          803616 kB
MemAvailable:    1524204 kB
Buffers:           50228 kB
Cached:           779244 kB
MemTotal:        1844596 kB
MemFree:          804292 kB
MemAvailable:    1524880 kB
Buffers:           50228 kB
Cached:           779244 kB
MemTotal:        1844596 kB
MemFree:          803980 kB
MemAvailable:    1524568 kB
Buffers:           50228 kB
Cached:           779244 kB
MemTotal:        1844596 kB
MemFree:          804244 kB
MemAvailable:    1524836 kB
Buffers:           50228 kB
Cached:           779244 kB
MemTotal:        1844596 kB
MemFree:          803996 kB
MemAvailable:    1524588 kB
Buffers:           50228 kB
Cached:           779244 kB
MemTotal:        1844596 kB
MemFree:          802584 kB
MemAvailable:    1523176 kB
Buffers:           50228 kB
Cached:           779244 kB
MemTotal:        1844596 kB
MemFree:          802692 kB
MemAvailable:    1523284 kB
Buffers:           50228 kB
Cached:           779244 kB
MemTotal:        1844596 kB
MemFree:          801392 kB
MemAvailable:    1521984 kB
Buffers:           50228 kB
Cached:           779244 kB
MemTotal:        1844596 kB
MemFree:          801816 kB
MemAvailable:    1522408 kB
Buffers:           50228 kB
Cached:           779244 kB
MemTotal:        1844596 kB
MemFree:          802152 kB
MemAvailable:    1522744 kB
Buffers:           50228 kB
Cached:           779244 kB
MemTotal:        1844596 kB
MemFree:          800576 kB
MemAvailable:    1521168 kB
Buffers:           50228 kB
Cached:           779244 kB
MemTotal:        1844596 kB
MemFree:          800708 kB
MemAvailable:    1521300 kB
Buffers:           50228 kB
Cached:           779244 kB
MemTotal:        1844596 kB
MemFree:          800700 kB
MemAvailable:    1521292 kB
Buffers:           50228 kB
Cached:           779244 kB
MemTotal:        1844596 kB
MemFree:          801880 kB
MemAvailable:    1522476 kB
Buffers:           50228 kB
Cached:           779248 kB
MemTotal:        1844596 kB
MemFree:          802020 kB
MemAvailable:    1522616 kB
Buffers:           50228 kB
Cached:           779248 kB
MemTotal:        1844596 kB
MemFree:          801940 kB
MemAvailable:    1522536 kB
Buffers:           50228 kB
Cached:           779248 kB
MemTotal:        1844596 kB
MemFree:          803296 kB
MemAvailable:    1523892 kB
Buffers:           50228 kB
Cached:           779248 kB
MemTotal:        1844596 kB
MemFree:          802508 kB
MemAvailable:    1523104 kB
Buffers:           50228 kB
Cached:           779248 kB
MemTotal:        1844596 kB
MemFree:          802500 kB
MemAvailable:    1523100 kB
Buffers:           50228 kB
Cached:           779252 kB
MemTotal:        1844596 kB
MemFree:          802632 kB
MemAvailable:    1523232 kB
Buffers:           50228 kB
Cached:           779252 kB
MemTotal:        1844596 kB
MemFree:          799988 kB
MemAvailable:    1520588 kB
Buffers:           50228 kB
Cached:           779252 kB
MemTotal:        1844596 kB
MemFree:          798664 kB
MemAvailable:    1519264 kB
Buffers:           50228 kB
Cached:           779252 kB
MemTotal:        1844596 kB
MemFree:          799028 kB
MemAvailable:    1519628 kB
Buffers:           50228 kB
Cached:           779252 kB
MemTotal:        1844596 kB
MemFree:          799112 kB
MemAvailable:    1519712 kB
Buffers:           50228 kB
Cached:           779252 kB
MemTotal:        1844596 kB
MemFree:          797540 kB
MemAvailable:    1518140 kB
Buffers:           50228 kB
Cached:           779252 kB
MemTotal:        1844596 kB
MemFree:          797532 kB
MemAvailable:    1518132 kB
Buffers:           50228 kB
Cached:           779252 kB
MemTotal:        1844596 kB
MemFree:          798044 kB
MemAvailable:    1518644 kB
Buffers:           50228 kB
Cached:           779252 kB
MemTotal:        1844596 kB
MemFree:          796548 kB
MemAvailable:    1517148 kB
Buffers:           50228 kB
Cached:           779252 kB
MemTotal:        1844596 kB
MemFree:          797656 kB
MemAvailable:    1518256 kB
Buffers:           50228 kB
Cached:           779252 kB
MemTotal:        1844596 kB
MemFree:          797656 kB
MemAvailable:    1518256 kB
Buffers:           50228 kB
Cached:           779252 kB
MemTotal:        1844596 kB
MemFree:          797676 kB
MemAvailable:    1518276 kB
Buffers:           50228 kB
Cached:           779252 kB
MemTotal:        1844596 kB
MemFree:          796376 kB
MemAvailable:    1516976 kB
Buffers:           50228 kB
Cached:           779252 kB
MemTotal:        1844596 kB
MemFree:          797352 kB
MemAvailable:    1517952 kB
Buffers:           50228 kB
Cached:           779252 kB
MemTotal:        1844596 kB
MemFree:          797352 kB
MemAvailable:    1517952 kB
Buffers:           50228 kB
Cached:           779252 kB
MemTotal:        1844596 kB
MemFree:          797120 kB
MemAvailable:    1517720 kB
Buffers:           50228 kB
Cached:           779252 kB
MemTotal:        1844596 kB
MemFree:          797048 kB
MemAvailable:    1517648 kB
Buffers:           50228 kB
Cached:           779252 kB
MemTotal:        1844596 kB
MemFree:          796788 kB
MemAvailable:    1517388 kB
Buffers:           50228 kB
Cached:           779252 kB
MemTotal:        1844596 kB
MemFree:          796616 kB
MemAvailable:    1517216 kB
Buffers:           50228 kB
Cached:           779252 kB
MemTotal:        1844596 kB
MemFree:          796868 kB
MemAvailable:    1517468 kB
Buffers:           50228 kB
Cached:           779252 kB
MemTotal:        1844596 kB
MemFree:          796792 kB
MemAvailable:    1517392 kB
Buffers:           50228 kB
Cached:           779252 kB
MemTotal:        1844596 kB
MemFree:          796680 kB
MemAvailable:    1517280 kB
Buffers:           50228 kB
Cached:           779252 kB
MemTotal:        1844596 kB
MemFree:          795240 kB
MemAvailable:    1515840 kB
Buffers:           50228 kB
Cached:           779252 kB
MemTotal:        1844596 kB
MemFree:          795372 kB
MemAvailable:    1515972 kB
Buffers:           50228 kB
Cached:           779252 kB
MemTotal:        1844596 kB
MemFree:          796664 kB
MemAvailable:    1517264 kB
Buffers:           50228 kB
Cached:           779252 kB
MemTotal:        1844596 kB
MemFree:          796708 kB
MemAvailable:    1517308 kB
Buffers:           50228 kB
Cached:           779252 kB
MemTotal:        1844596 kB
MemFree:          795936 kB
MemAvailable:    1516536 kB
Buffers:           50228 kB
Cached:           779252 kB
MemTotal:        1844596 kB
MemFree:          796488 kB
MemAvailable:    1517088 kB
Buffers:           50228 kB
Cached:           779252 kB
MemTotal:        1844596 kB
MemFree:          796824 kB
MemAvailable:    1517424 kB
Buffers:           50228 kB
Cached:           779252 kB
MemTotal:        1844596 kB
MemFree:          795248 kB
MemAvailable:    1515848 kB
Buffers:           50228 kB
Cached:           779252 kB
MemTotal:        1844596 kB
MemFree:          796516 kB
MemAvailable:    1517116 kB
Buffers:           50228 kB
Cached:           779252 kB
MemTotal:        1844596 kB
MemFree:          795192 kB
MemAvailable:    1515792 kB
Buffers:           50228 kB
Cached:           779252 kB
MemTotal:        1844596 kB
MemFree:          796184 kB
MemAvailable:    1516788 kB
Buffers:           50228 kB
Cached:           779256 kB
MemTotal:        1844596 kB
MemFree:          794572 kB
MemAvailable:    1515176 kB
Buffers:           50228 kB
Cached:           779256 kB
MemTotal:        1844596 kB
MemFree:          795632 kB
MemAvailable:    1516236 kB
Buffers:           50228 kB
Cached:           779256 kB
MemTotal:        1844596 kB
MemFree:          795804 kB
MemAvailable:    1516408 kB
Buffers:           50228 kB
Cached:           779256 kB
MemTotal:        1844596 kB
MemFree:          794520 kB
MemAvailable:    1515124 kB
Buffers:           50228 kB
Cached:           779256 kB
MemTotal:        1844596 kB
MemFree:          794512 kB
MemAvailable:    1515116 kB
Buffers:           50228 kB
Cached:           779256 kB
MemTotal:        1844596 kB
MemFree:          795876 kB
MemAvailable:    1516480 kB
Buffers:           50228 kB
Cached:           779256 kB
MemTotal:        1844596 kB
MemFree:          794636 kB
MemAvailable:    1515240 kB
Buffers:           50228 kB
Cached:           779256 kB
MemTotal:        1844596 kB
MemFree:          795656 kB
MemAvailable:    1516260 kB
Buffers:           50228 kB
Cached:           779256 kB
MemTotal:        1844596 kB
MemFree:          795688 kB
MemAvailable:    1516292 kB
Buffers:           50228 kB
Cached:           779256 kB
MemTotal:        1844596 kB
MemFree:          795560 kB
MemAvailable:    1516164 kB
Buffers:           50228 kB
Cached:           779256 kB
MemTotal:        1844596 kB
MemFree:          793084 kB
MemAvailable:    1513688 kB
Buffers:           50228 kB
Cached:           779256 kB
MemTotal:        1844596 kB
MemFree:          791092 kB
MemAvailable:    1511696 kB
Buffers:           50228 kB
Cached:           779256 kB
MemTotal:        1844596 kB
MemFree:          791092 kB
MemAvailable:    1511696 kB
Buffers:           50228 kB
Cached:           779256 kB
MemTotal:        1844596 kB
MemFree:          788232 kB
MemAvailable:    1508836 kB
Buffers:           50228 kB
Cached:           779256 kB
MemTotal:        1844596 kB
MemFree:          788568 kB
MemAvailable:    1509172 kB
Buffers:           50228 kB
Cached:           779256 kB
MemTotal:        1844596 kB
MemFree:          787736 kB
MemAvailable:    1508340 kB
Buffers:           50228 kB
Cached:           779256 kB
MemTotal:        1844596 kB
MemFree:          787736 kB
MemAvailable:    1508340 kB
Buffers:           50228 kB
Cached:           779256 kB
MemTotal:        1844596 kB
MemFree:          786452 kB
MemAvailable:    1507056 kB
Buffers:           50228 kB
Cached:           779256 kB
MemTotal:        1844596 kB
MemFree:          787752 kB
MemAvailable:    1508356 kB
Buffers:           50228 kB
Cached:           779256 kB
MemTotal:        1844596 kB
MemFree:          787008 kB
MemAvailable:    1507612 kB
Buffers:           50228 kB
Cached:           779256 kB
MemTotal:        1844596 kB
MemFree:          787656 kB
MemAvailable:    1508260 kB
Buffers:           50228 kB
Cached:           779256 kB
MemTotal:        1844596 kB
MemFree:          786456 kB
MemAvailable:    1507060 kB
Buffers:           50228 kB
Cached:           779256 kB
MemTotal:        1844596 kB
MemFree:          787756 kB
MemAvailable:    1508360 kB
Buffers:           50228 kB
Cached:           779256 kB
MemTotal:        1844596 kB
MemFree:          787676 kB
MemAvailable:    1508280 kB
Buffers:           50228 kB
Cached:           779256 kB
MemTotal:        1844596 kB
MemFree:          787736 kB
MemAvailable:    1508340 kB
Buffers:           50228 kB
Cached:           779256 kB
MemTotal:        1844596 kB
MemFree:          786460 kB
MemAvailable:    1507064 kB
Buffers:           50228 kB
Cached:           779256 kB
MemTotal:        1844596 kB
MemFree:          787852 kB
MemAvailable:    1508456 kB
Buffers:           50228 kB
Cached:           779256 kB
MemTotal:        1844596 kB
MemFree:          787364 kB
MemAvailable:    1507968 kB
Buffers:           50228 kB
Cached:           779256 kB
MemTotal:        1844596 kB
MemFree:          787448 kB
MemAvailable:    1508052 kB
Buffers:           50228 kB
Cached:           779256 kB
MemTotal:        1844596 kB
MemFree:          787324 kB
MemAvailable:    1507928 kB
Buffers:           50228 kB
Cached:           779256 kB
MemTotal:        1844596 kB
MemFree:          785820 kB
MemAvailable:    1506424 kB
Buffers:           50228 kB
Cached:           779256 kB
MemTotal:        1844596 kB
MemFree:          786380 kB
MemAvailable:    1506984 kB
Buffers:           50228 kB
Cached:           779256 kB
MemTotal:        1844596 kB
MemFree:          785900 kB
MemAvailable:    1506504 kB
Buffers:           50228 kB
Cached:           779256 kB
MemTotal:        1844596 kB
MemFree:          786192 kB
MemAvailable:    1506796 kB
Buffers:           50228 kB
Cached:           779256 kB
MemTotal:        1844596 kB
MemFree:          786000 kB
MemAvailable:    1506604 kB
Buffers:           50228 kB
Cached:           779256 kB
MemTotal:        1844596 kB
MemFree:          785796 kB
MemAvailable:    1506400 kB
Buffers:           50228 kB
Cached:           779256 kB
MemTotal:        1844596 kB
MemFree:          785148 kB
MemAvailable:    1505752 kB
Buffers:           50228 kB
Cached:           779256 kB
MemTotal:        1844596 kB
MemFree:          784920 kB
MemAvailable:    1505524 kB
Buffers:           50228 kB
Cached:           779256 kB
MemTotal:        1844596 kB
MemFree:          783660 kB
MemAvailable:    1504264 kB
Buffers:           50228 kB
Cached:           779256 kB
MemTotal:        1844596 kB
MemFree:          783412 kB
MemAvailable:    1504016 kB
Buffers:           50228 kB
Cached:           779256 kB
MemTotal:        1844596 kB
MemFree:          784016 kB
MemAvailable:    1504624 kB
Buffers:           50228 kB
Cached:           779260 kB
MemTotal:        1844596 kB
MemFree:          784352 kB
MemAvailable:    1504960 kB
Buffers:           50228 kB
Cached:           779260 kB
MemTotal:        1844596 kB
MemFree:          783976 kB
MemAvailable:    1504584 kB
Buffers:           50228 kB
Cached:           779260 kB
MemTotal:        1844596 kB
MemFree:          783976 kB
MemAvailable:    1504584 kB
Buffers:           50228 kB
Cached:           779260 kB
MemTotal:        1844596 kB
MemFree:          783716 kB
MemAvailable:    1504324 kB
Buffers:           50228 kB
Cached:           779260 kB
MemTotal:        1844596 kB
MemFree:          782652 kB
MemAvailable:    1503260 kB
Buffers:           50228 kB
Cached:           779260 kB
MemTotal:        1844596 kB
MemFree:          783812 kB
MemAvailable:    1504420 kB
Buffers:           50228 kB
Cached:           779260 kB
MemTotal:        1844596 kB
MemFree:          784156 kB
MemAvailable:    1504764 kB
Buffers:           50228 kB
Cached:           779260 kB
MemTotal:        1844596 kB
MemFree:          783720 kB
MemAvailable:    1504328 kB
Buffers:           50228 kB
Cached:           779260 kB
MemTotal:        1844596 kB
MemFree:          783976 kB
MemAvailable:    1504584 kB
Buffers:           50228 kB
Cached:           779260 kB
MemTotal:        1844596 kB
MemFree:          783012 kB
MemAvailable:    1503620 kB
Buffers:           50228 kB
Cached:           779260 kB
MemTotal:        1844596 kB
MemFree:          783404 kB
MemAvailable:    1504012 kB
Buffers:           50228 kB
Cached:           779260 kB
MemTotal:        1844596 kB
MemFree:          782924 kB
MemAvailable:    1503532 kB
Buffers:           50228 kB
Cached:           779260 kB
MemTotal:        1844596 kB
MemFree:          781784 kB
MemAvailable:    1502392 kB
Buffers:           50228 kB
Cached:           779260 kB
MemTotal:        1844596 kB
MemFree:          779692 kB
MemAvailable:    1500300 kB
Buffers:           50228 kB
Cached:           779260 kB
MemTotal:        1844596 kB
MemFree:          778436 kB
MemAvailable:    1499044 kB
Buffers:           50228 kB
Cached:           779260 kB
MemTotal:        1844596 kB
MemFree:          777832 kB
MemAvailable:    1498440 kB
Buffers:           50228 kB
Cached:           779260 kB
MemTotal:        1844596 kB
MemFree:          777024 kB
MemAvailable:    1497632 kB
Buffers:           50228 kB
Cached:           779260 kB
MemTotal:        1844596 kB
MemFree:          778272 kB
MemAvailable:    1498880 kB
Buffers:           50228 kB
Cached:           779260 kB
MemTotal:        1844596 kB
MemFree:          778244 kB
MemAvailable:    1498852 kB
Buffers:           50228 kB
Cached:           779260 kB
MemTotal:        1844596 kB
MemFree:          777996 kB
MemAvailable:    1498604 kB
Buffers:           50228 kB
Cached:           779260 kB
MemTotal:        1844596 kB
MemFree:          777188 kB
MemAvailable:    1497796 kB
Buffers:           50228 kB
Cached:           779260 kB
MemTotal:        1844596 kB
MemFree:          776760 kB
MemAvailable:    1497368 kB
Buffers:           50228 kB
Cached:           779260 kB
MemTotal:        1844596 kB
MemFree:          777936 kB
MemAvailable:    1498544 kB
Buffers:           50228 kB
Cached:           779260 kB
MemTotal:        1844596 kB
MemFree:          776964 kB
MemAvailable:    1497572 kB
Buffers:           50228 kB
Cached:           779260 kB
MemTotal:        1844596 kB
MemFree:          777704 kB
MemAvailable:    1498312 kB
Buffers:           50228 kB
Cached:           779260 kB
MemTotal:        1844596 kB
MemFree:          777852 kB
MemAvailable:    1498460 kB
Buffers:           50228 kB
Cached:           779260 kB
MemTotal:        1844596 kB
MemFree:          776316 kB
MemAvailable:    1496924 kB
Buffers:           50228 kB
Cached:           779260 kB
MemTotal:        1844596 kB
MemFree:          775344 kB
MemAvailable:    1495952 kB
Buffers:           50228 kB
Cached:           779260 kB
MemTotal:        1844596 kB
MemFree:          775220 kB
MemAvailable:    1495828 kB
Buffers:           50228 kB
Cached:           779260 kB
MemTotal:        1844596 kB
MemFree:          773584 kB
MemAvailable:    1494192 kB
Buffers:           50228 kB
Cached:           779260 kB
MemTotal:        1844596 kB
MemFree:          774956 kB
MemAvailable:    1495564 kB
Buffers:           50228 kB
Cached:           779260 kB
MemTotal:        1844596 kB
MemFree:          774576 kB
MemAvailable:    1495184 kB
Buffers:           50228 kB
Cached:           779260 kB
MemTotal:        1844596 kB
MemFree:          774660 kB
MemAvailable:    1495268 kB
Buffers:           50228 kB
Cached:           779260 kB
MemTotal:        1844596 kB
MemFree:          774652 kB
MemAvailable:    1495260 kB
Buffers:           50228 kB
Cached:           779260 kB
MemTotal:        1844596 kB
MemFree:          774988 kB
MemAvailable:    1495596 kB
Buffers:           50228 kB
Cached:           779260 kB
MemTotal:        1844596 kB
MemFree:          776760 kB
MemAvailable:    1497368 kB
Buffers:           50228 kB
Cached:           779260 kB
MemTotal:        1844596 kB
MemFree:          776452 kB
MemAvailable:    1497060 kB
Buffers:           50232 kB
Cached:           779380 kB
MemTotal:        1844596 kB
MemFree:          776536 kB
MemAvailable:    1497228 kB
Buffers:           50232 kB
Cached:           779380 kB
MemTotal:        1844596 kB
MemFree:          776624 kB
MemAvailable:    1497400 kB
Buffers:           50232 kB
Cached:           779504 kB
MemTotal:        1844596 kB
MemFree:          776144 kB
MemAvailable:    1497172 kB
Buffers:           50232 kB
Cached:           779628 kB
MemTotal:        1844596 kB
MemFree:          776396 kB
MemAvailable:    1497424 kB
Buffers:           50232 kB
Cached:           779628 kB
MemTotal:        1844596 kB
MemFree:          776032 kB
MemAvailable:    1497228 kB
Buffers:           50232 kB
Cached:           779752 kB
MemTotal:        1844596 kB
MemFree:          776284 kB
MemAvailable:    1497480 kB
Buffers:           50232 kB
Cached:           779752 kB
MemTotal:        1844596 kB
MemFree:          775916 kB
MemAvailable:    1497112 kB
Buffers:           50232 kB
Cached:           779752 kB
MemTotal:        1844596 kB
MemFree:          776172 kB
MemAvailable:    1497368 kB
Buffers:           50232 kB
Cached:           779876 kB
MemTotal:        1844596 kB
MemFree:          774800 kB
MemAvailable:    1495996 kB
Buffers:           50232 kB
Cached:           779876 kB
MemTotal:        1844596 kB
MemFree:          775976 kB
MemAvailable:    1497172 kB
Buffers:           50232 kB
Cached:           779876 kB
MemTotal:        1844596 kB
MemFree:          775972 kB
MemAvailable:    1497168 kB
Buffers:           50232 kB
Cached:           779876 kB
MemTotal:        1844596 kB
MemFree:          775816 kB
MemAvailable:    1497012 kB
Buffers:           50232 kB
Cached:           779876 kB
MemTotal:        1844596 kB
MemFree:          776152 kB
MemAvailable:    1497348 kB
Buffers:           50232 kB
Cached:           779876 kB
MemTotal:        1844596 kB
MemFree:          775900 kB
MemAvailable:    1497180 kB
Buffers:           50232 kB
Cached:           779876 kB
MemTotal:        1844596 kB
MemFree:          776108 kB
MemAvailable:    1496716 kB
Buffers:           50232 kB
Cached:           779244 kB
MemTotal:        1844596 kB
MemFree:          845064 kB
MemAvailable:    1565672 kB
Buffers:           50232 kB
Cached:           779244 kB
