MemTotal:        1844596 kB
MemFree:          787144 kB
MemAvailable:    1535364 kB
Buffers:           53024 kB
Cached:           801812 kB
MemTotal:        1844596 kB
MemFree:          784540 kB
MemAvailable:    1532760 kB
Buffers:           53024 kB
Cached:           801812 kB
MemTotal:        1844596 kB
MemFree:          783352 kB
MemAvailable:    1531572 kB
Buffers:           53024 kB
Cached:           801812 kB
MemTotal:        1844596 kB
MemFree:          782184 kB
MemAvailable:    1530404 kB
Buffers:           53024 kB
Cached:           801812 kB
MemTotal:        1844596 kB
MemFree:          780812 kB
MemAvailable:    1529032 kB
Buffers:           53024 kB
Cached:           801812 kB
MemTotal:        1844596 kB
MemFree:          779564 kB
MemAvailable:    1527784 kB
Buffers:           53024 kB
Cached:           801812 kB
MemTotal:        1844596 kB
MemFree:          778960 kB
MemAvailable:    1527180 kB
Buffers:           53024 kB
Cached:           801812 kB
MemTotal:        1844596 kB
MemFree:          776356 kB
MemAvailable:    1524576 kB
Buffers:           53024 kB
Cached:           801812 kB
MemTotal:        1844596 kB
MemFree:          773504 kB
MemAvailable:    1521724 kB
Buffers:           53024 kB
Cached:           801812 kB
MemTotal:        1844596 kB
MemFree:          769908 kB
MemAvailable:    1518128 kB
Buffers:           53024 kB
Cached:           801812 kB
MemTotal:        1844596 kB
MemFree:          772016 kB
MemAvailable:    1520236 kB
Buffers:           53024 kB
Cached:           801812 kB
MemTotal:        1844596 kB
MemFree:          772140 kB
MemAvailable:    1520360 kB
Buffers:           53024 kB
Cached:           801812 kB
MemTotal:        1844596 kB
MemFree:          771396 kB
MemAvailable:    1519616 kB
Buffers:           53024 kB
Cached:           801812 kB
MemTotal:        1844596 kB
MemFree:          772004 kB
MemAvailable:    1520224 kB
Buffers:           53024 kB
Cached:           801812 kB
MemTotal:        1844596 kB
MemFree:          771004 kB
MemAvailable:    1519224 kB
Buffers:           53024 kB
Cached:           801812 kB
MemTotal:        1844596 kB
MemFree:          770520 kB
MemAvailable:    1518740 kB
Buffers:           53024 kB
Cached:           801812 kB
MemTotal:        1844596 kB
MemFree:          770528 kB
MemAvailable:    1518748 kB
Buffers:           53024 kB
Cached:           801812 kB
MemTotal:        1844596 kB
MemFree:          769784 kB
MemAvailable:    1518004 kB
Buffers:           53024 kB
Cached:           801812 kB
MemTotal:        1844596 kB
MemFree:          769528 kB
MemAvailable:    1517748 kB
Buffers:           53024 kB
Cached:           801812 kB
MemTotal:        1844596 kB
MemFree:          768544 kB
MemAvailable:    1516764 kB
Buffers:           53024 kB
Cached:           801812 kB
MemTotal:        1844596 kB
MemFree:          768108 kB
MemAvailable:    1516328 kB
Buffers:           53024 kB
Cached:           801812 kB
MemTotal:        1844596 kB
MemFree:          769472 kB
MemAvailable:    1517696 kB
Buffers:           53024 kB
Cached:           801816 kB
MemTotal:        1844596 kB
MemFree:          768792 kB
MemAvailable:    1517016 kB
Buffers:           53024 kB
Cached:           801816 kB
MemTotal:        1844596 kB
MemFree:          768536 kB
MemAvailable:    1516764 kB
Buffers:           53024 kB
Cached:           801820 kB
MemTotal:        1844596 kB
MemFree:          769900 kB
MemAvailable:    1518128 kB
Buffers:           53024 kB
Cached:           801820 kB
MemTotal:        1844596 kB
MemFree:          769520 kB
MemAvailable:    1517748 kB
Buffers:           53024 kB
Cached:           801820 kB
MemTotal:        1844596 kB
MemFree:          769544 kB
MemAvailable:    1517772 kB
Buffers:           53024 kB
Cached:           801820 kB
MemTotal:        1844596 kB
MemFree:          770748 kB
MemAvailable:    1518976 kB
Buffers:           53024 kB
Cached:           801820 kB
MemTotal:        1844596 kB
MemFree:          770880 kB
MemAvailable:    1519108 kB
Buffers:           53024 kB
Cached:           801820 kB
MemTotal:        1844596 kB
MemFree:          770216 kB
MemAvailable:    1518444 kB
Buffers:           53024 kB
Cached:           801820 kB
MemTotal:        1844596 kB
MemFree:          768608 kB
MemAvailable:    1516836 kB
Buffers:           53024 kB
Cached:           801820 kB
MemTotal:        1844596 kB
MemFree:          767864 kB
MemAvailable:    1516092 kB
Buffers:           53024 kB
Cached:           801820 kB
MemTotal:        1844596 kB
MemFree:          766544 kB
MemAvailable:    1514772 kB
Buffers:           53024 kB
Cached:           801820 kB
MemTotal:        1844596 kB
MemFree:          766312 kB
MemAvailable:    1514540 kB
Buffers:           53024 kB
Cached:           801820 kB
MemTotal:        1844596 kB
MemFree:          766224 kB
MemAvailable:    1514452 kB
Buffers:           53024 kB
Cached:           801820 kB
MemTotal:        1844596 kB
MemFree:          765172 kB
MemAvailable:    1513400 kB
Buffers:           53024 kB
Cached:           801820 kB
MemTotal:        1844596 kB
MemFree:          764196 kB
MemAvailable:    1512424 kB
Buffers:           53024 kB
Cached:           801820 kB
MemTotal:        1844596 kB
MemFree:          765304 kB
MemAvailable:    1513532 kB
Buffers:           53024 kB
Cached:           801820 kB
MemTotal:        1844596 kB
MemFree:          765304 kB
MemAvailable:    1513532 kB
Buffers:           53024 kB
Cached:           801820 kB
MemTotal:        1844596 kB
MemFree:          765264 kB
MemAvailable:    1513492 kB
Buffers:           53024 kB
Cached:           801820 kB
MemTotal:        1844596 kB
MemFree:          765292 kB
MemAvailable:    1513520 kB
Buffers:           53024 kB
Cached:           801820 kB
MemTotal:        1844596 kB
MemFree:          765376 kB
MemAvailable:    1513604 kB
Buffers:           53024 kB
Cached:           801820 kB
MemTotal:        1844596 kB
MemFree:          763808 kB
MemAvailable:    1512036 kB
Buffers:           53024 kB
Cached:           801820 kB
MemTotal:        1844596 kB
MemFree:          764684 kB
MemAvailable:    1512912 kB
Buffers:           53024 kB
Cached:           801820 kB
MemTotal:        1844596 kB
MemFree:          764520 kB
MemAvailable:    1512748 kB
Buffers:           53024 kB
Cached:           801820 kB
MemTotal:        1844596 kB
MemFree:          764064 kB
MemAvailable:    1512292 kB
Buffers:           53024 kB
Cached:           801820 kB
MemTotal:        1844596 kB
MemFree:          763832 kB
MemAvailable:    1512060 kB
Buffers:           53024 kB
Cached:           801820 kB
MemTotal:        1844596 kB
MemFree:          764488 kB
MemAvailable:    1512716 kB
Buffers:           53024 kB
Cached:           801820 kB
MemTotal:        1844596 kB
MemFree:          764396 kB
MemAvailable:    1512624 kB
Buffers:           53024 kB
Cached:           801820 kB
MemTotal:        1844596 kB
MemFree:          763156 kB
MemAvailable:    1511384 kB
Buffers:           53024 kB
Cached:           801820 kB
MemTotal:        1844596 kB
MemFree:          764272 kB
MemAvailable:    1512500 kB
Buffers:           53024 kB
Cached:           801820 kB
MemTotal:        1844596 kB
MemFree:          763068 kB
MemAvailable:    1511296 kB
Buffers:           53024 kB
Cached:           801820 kB
MemTotal:        1844596 kB
MemFree:          764368 kB
MemAvailable:    1512596 kB
Buffers:           53024 kB
Cached:           801820 kB
MemTotal:        1844596 kB
MemFree:          764296 kB
MemAvailable:    1512524 kB
Buffers:           53024 kB
Cached:           801820 kB
MemTotal:        1844596 kB
MemFree:          764548 kB
MemAvailable:    1512776 kB
Buffers:           53024 kB
Cached:           801820 kB
MemTotal:        1844596 kB
MemFree:          763040 kB
MemAvailable:    1511268 kB
Buffers:           53024 kB
Cached:           801820 kB
MemTotal:        1844596 kB
MemFree:          764280 kB
MemAvailable:    1512508 kB
Buffers:           53024 kB
Cached:           801820 kB
MemTotal:        1844596 kB
MemFree:          762956 kB
MemAvailable:    1511184 kB
Buffers:           53024 kB
Cached:           801820 kB
MemTotal:        1844596 kB
MemFree:          763700 kB
MemAvailable:    1511928 kB
Buffers:           53024 kB
Cached:           801820 kB
MemTotal:        1844596 kB
MemFree:          764036 kB
MemAvailable:    1512264 kB
Buffers:           53024 kB
Cached:           801820 kB
MemTotal:        1844596 kB
MemFree:          763568 kB
MemAvailable:    1511796 kB
Buffers:           53024 kB
Cached:           801820 kB
MemTotal:        1844596 kB
MemFree:          763820 kB
MemAvailable:    1512048 kB
Buffers:           53024 kB
Cached:           801820 kB
MemTotal:        1844596 kB
MemFree:          762212 kB
MemAvailable:    1510440 kB
Buffers:           53024 kB
Cached:           801820 kB
MemTotal:        1844596 kB
MemFree:          763536 kB
MemAvailable:    1511764 kB
Buffers:           53024 kB
Cached:           801820 kB
MemTotal:        1844596 kB
MemFree:          763140 kB
MemAvailable:    1511368 kB
Buffers:           53024 kB
Cached:           801820 kB
MemTotal:        1844596 kB
MemFree:          762580 kB
MemAvailable:    1510808 kB
Buffers:           53024 kB
Cached:           801820 kB
MemTotal:        1844596 kB
MemFree:          763520 kB
MemAvailable:    1511748 kB
Buffers:           53024 kB
Cached:           801820 kB
MemTotal:        1844596 kB
MemFree:          763452 kB
MemAvailable:    1511680 kB
Buffers:           53024 kB
Cached:           801820 kB
MemTotal:        1844596 kB
MemFree:          762144 kB
MemAvailable:    1510372 kB
Buffers:           53024 kB
Cached:           801820 kB
MemTotal:        1844596 kB
MemFree:          762144 kB
MemAvailable:    1510372 kB
Buffers:           53024 kB
Cached:           801820 kB
MemTotal:        1844596 kB
MemFree:          763380 kB
MemAvailable:    1511608 kB
Buffers:           53024 kB
Cached:           801820 kB
MemTotal:        1844596 kB
MemFree:          762344 kB
MemAvailable:    1510572 kB
Buffers:           53024 kB
Cached:           801820 kB
MemTotal:        1844596 kB
MemFree:          760352 kB
MemAvailable:    1508580 kB
Buffers:           53024 kB
Cached:           801820 kB
MemTotal:        1844596 kB
MemFree:          758872 kB
MemAvailable:    1507100 kB
Buffers:           53024 kB
Cached:           801820 kB
MemTotal:        1844596 kB
MemFree:          755648 kB
MemAvailable:    1503876 kB
Buffers:           53024 kB
Cached:           801820 kB
MemTotal:        1844596 kB
MemFree:          755888 kB
MemAvailable:    1504116 kB
Buffers:           53024 kB
Cached:           801820 kB
MemTotal:        1844596 kB
MemFree:          755972 kB
MemAvailable:    1504200 kB
Buffers:           53024 kB
Cached:           801820 kB
MemTotal:        1844596 kB
MemFree:          755640 kB
MemAvailable:    1503868 kB
Buffers:           53024 kB
Cached:           801820 kB
MemTotal:        1844596 kB
MemFree:          755384 kB
MemAvailable:    1503612 kB
Buffers:           53024 kB
Cached:           801820 kB
MemTotal:        1844596 kB
MemFree:          754268 kB
MemAvailable:    1502496 kB
Buffers:           53024 kB
Cached:           801820 kB
MemTotal:        1844596 kB
MemFree:          754384 kB
MemAvailable:    1502612 kB
Buffers:           53024 kB
Cached:           801820 kB
MemTotal:        1844596 kB
MemFree:          754392 kB
MemAvailable:    1502620 kB
Buffers:           53024 kB
Cached:           801820 kB
MemTotal:        1844596 kB
MemFree:          755800 kB
MemAvailable:    1504028 kB
Buffers:           53024 kB
Cached:           801820 kB
MemTotal:        1844596 kB
MemFree:          754532 kB
MemAvailable:    1502760 kB
Buffers:           53024 kB
Cached:           801820 kB
MemTotal:        1844596 kB
MemFree:          755228 kB
MemAvailable:    1503456 kB
Buffers:           53024 kB
Cached:           801820 kB
MemTotal:        1844596 kB
MemFree:          755564 kB
MemAvailable:    1503792 kB
Buffers:           53024 kB
Cached:           801820 kB
MemTotal:        1844596 kB
MemFree:          754612 kB
MemAvailable:    1502840 kB
Buffers:           53024 kB
Cached:           801820 kB
MemTotal:        1844596 kB
MemFree:          755384 kB
MemAvailable:    1503612 kB
Buffers:           53024 kB
Cached:           801820 kB
MemTotal:        1844596 kB
MemFree:          755400 kB
MemAvailable:    1503628 kB
Buffers:           53024 kB
Cached:           801820 kB
MemTotal:        1844596 kB
MemFree:          754104 kB
MemAvailable:    1502332 kB
Buffers:           53024 kB
Cached:           801820 kB
MemTotal:        1844596 kB
MemFree:          754888 kB
MemAvailable:    1503116 kB
Buffers:           53024 kB
Cached:           801820 kB
MemTotal:        1844596 kB
MemFree:          754888 kB
MemAvailable:    1503116 kB
Buffers:           53024 kB
Cached:           801820 kB
MemTotal:        1844596 kB
MemFree:          754384 kB
MemAvailable:    1502612 kB
Buffers:           53024 kB
Cached:           801820 kB
MemTotal:        1844596 kB
MemFree:          754720 kB
MemAvailable:    1502948 kB
Buffers:           53024 kB
Cached:           801820 kB
MemTotal:        1844596 kB
MemFree:          753780 kB
MemAvailable:    1502012 kB
Buffers:           53024 kB
Cached:           801824 kB
MemTotal:        1844596 kB
MemFree:          754032 kB
MemAvailable:    1502264 kB
Buffers:           53024 kB
Cached:           801824 kB
MemTotal:        1844596 kB
MemFree:          753532 kB
MemAvailable:    1501772 kB
Buffers:           53024 kB
Cached:           801832 kB
MemTotal:        1844596 kB
MemFree:          752672 kB
MemAvailable:    1500912 kB
Buffers:           53024 kB
Cached:           801832 kB
MemTotal:        1844596 kB
MemFree:          751424 kB
MemAvailable:    1499664 kB
Buffers:           53024 kB
Cached:           801832 kB
MemTotal:        1844596 kB
MemFree:          752468 kB
MemAvailable:    1500708 kB
Buffers:           53024 kB
Cached:           801832 kB
MemTotal:        1844596 kB
MemFree:          751988 kB
MemAvailable:    1500228 kB
Buffers:           53024 kB
Cached:           801832 kB
MemTotal:        1844596 kB
MemFree:          750556 kB
MemAvailable:    1498796 kB
Buffers:           53024 kB
Cached:           801832 kB
MemTotal:        1844596 kB
MemFree:          751756 kB
MemAvailable:    1499996 kB
Buffers:           53024 kB
Cached:           801832 kB
MemTotal:        1844596 kB
MemFree:          751500 kB
MemAvailable:    1499740 kB
Buffers:           53024 kB
Cached:           801832 kB
MemTotal:        1844596 kB
MemFree:          751500 kB
MemAvailable:    1499740 kB
Buffers:           53024 kB
Cached:           801832 kB
MemTotal:        1844596 kB
MemFree:          751536 kB
MemAvailable:    1499776 kB
Buffers:           53024 kB
Cached:           801832 kB
MemTotal:        1844596 kB
MemFree:          751564 kB
MemAvailable:    1499804 kB
Buffers:           53024 kB
Cached:           801832 kB
MemTotal:        1844596 kB
MemFree:          751568 kB
MemAvailable:    1499808 kB
Buffers:           53024 kB
Cached:           801832 kB
MemTotal:        1844596 kB
MemFree:          751628 kB
MemAvailable:    1499868 kB
Buffers:           53024 kB
Cached:           801832 kB
MemTotal:        1844596 kB
MemFree:          750812 kB
MemAvailable:    1499052 kB
Buffers:           53024 kB
Cached:           801832 kB
MemTotal:        1844596 kB
MemFree:          751384 kB
MemAvailable:    1499624 kB
Buffers:           53024 kB
Cached:           801832 kB
MemTotal:        1844596 kB
MemFree:          751640 kB
MemAvailable:    1499880 kB
Buffers:           53024 kB
Cached:           801832 kB
MemTotal:        1844596 kB
MemFree:          751052 kB
MemAvailable:    1499292 kB
Buffers:           53024 kB
Cached:           801832 kB
MemTotal:        1844596 kB
MemFree:          751136 kB
MemAvailable:    1499376 kB
Buffers:           53024 kB
Cached:           801832 kB
MemTotal:        1844596 kB
MemFree:          750804 kB
MemAvailable:    1499044 kB
Buffers:           53024 kB
Cached:           801832 kB
MemTotal:        1844596 kB
MemFree:          746904 kB
MemAvailable:    1495144 kB
Buffers:           53024 kB
Cached:           801832 kB
MemTotal:        1844596 kB
MemFree:          745108 kB
MemAvailable:    1493348 kB
Buffers:           53024 kB
Cached:           801832 kB
MemTotal:        1844596 kB
MemFree:          745656 kB
MemAvailable:    1493896 kB
Buffers:           53024 kB
Cached:           801832 kB
MemTotal:        1844596 kB
MemFree:          745992 kB
MemAvailable:    1494232 kB
Buffers:           53024 kB
Cached:           801832 kB
MemTotal:        1844596 kB
MemFree:          745776 kB
MemAvailable:    1494016 kB
Buffers:           53024 kB
Cached:           801832 kB
MemTotal:        1844596 kB
MemFree:          745776 kB
MemAvailable:    1494016 kB
Buffers:           53024 kB
Cached:           801832 kB
MemTotal:        1844596 kB
MemFree:          745724 kB
MemAvailable:    1493964 kB
Buffers:           53024 kB
Cached:           801832 kB
MemTotal:        1844596 kB
MemFree:          744592 kB
MemAvailable:    1492832 kB
Buffers:           53024 kB
Cached:           801832 kB
MemTotal:        1844596 kB
MemFree:          744984 kB
MemAvailable:    1493224 kB
Buffers:           53024 kB
Cached:           801832 kB
MemTotal:        1844596 kB
MemFree:          745584 kB
MemAvailable:    1493824 kB
Buffers:           53024 kB
Cached:           801832 kB
MemTotal:        1844596 kB
MemFree:          745584 kB
MemAvailable:    1493824 kB
Buffers:           53024 kB
Cached:           801832 kB
MemTotal:        1844596 kB
MemFree:          745420 kB
MemAvailable:    1493660 kB
Buffers:           53024 kB
Cached:           801832 kB
MemTotal:        1844596 kB
MemFree:          744040 kB
MemAvailable:    1492280 kB
Buffers:           53024 kB
Cached:           801832 kB
MemTotal:        1844596 kB
MemFree:          744172 kB
MemAvailable:    1492412 kB
Buffers:           53024 kB
Cached:           801832 kB
MemTotal:        1844596 kB
MemFree:          745412 kB
MemAvailable:    1493652 kB
Buffers:           53024 kB
Cached:           801832 kB
MemTotal:        1844596 kB
MemFree:          744356 kB
MemAvailable:    1492596 kB
Buffers:           53024 kB
Cached:           801832 kB
MemTotal:        1844596 kB
MemFree:          745080 kB
MemAvailable:    1493320 kB
Buffers:           53024 kB
Cached:           801832 kB
MemTotal:        1844596 kB
MemFree:          745416 kB
MemAvailable:    1493656 kB
Buffers:           53024 kB
Cached:           801832 kB
MemTotal:        1844596 kB
MemFree:          744364 kB
MemAvailable:    1492604 kB
Buffers:           53024 kB
Cached:           801832 kB
MemTotal:        1844596 kB
MemFree:          741868 kB
MemAvailable:    1490108 kB
Buffers:           53024 kB
Cached:           801832 kB
MemTotal:        1844596 kB
MemFree:          741472 kB
MemAvailable:    1489712 kB
Buffers:           53024 kB
Cached:           801832 kB
MemTotal:        1844596 kB
MemFree:          741132 kB
MemAvailable:    1489376 kB
Buffers:           53024 kB
Cached:           801836 kB
MemTotal:        1844596 kB
MemFree:          742496 kB
MemAvailable:    1490740 kB
Buffers:           53024 kB
Cached:           801836 kB
MemTotal:        1844596 kB
MemFree:          741132 kB
MemAvailable:    1489376 kB
Buffers:           53024 kB
Cached:           801836 kB
MemTotal:        1844596 kB
MemFree:          741132 kB
MemAvailable:    1489376 kB
Buffers:           53024 kB
Cached:           801836 kB
MemTotal:        1844596 kB
MemFree:          742496 kB
MemAvailable:    1490740 kB
Buffers:           53024 kB
Cached:           801836 kB
MemTotal:        1844596 kB
MemFree:          742912 kB
MemAvailable:    1491156 kB
Buffers:           53024 kB
Cached:           801836 kB
MemTotal:        1844596 kB
MemFree:          742904 kB
MemAvailable:    1491148 kB
Buffers:           53024 kB
Cached:           801836 kB
MemTotal:        1844596 kB
MemFree:          742780 kB
MemAvailable:    1491192 kB
Buffers:           53024 kB
Cached:           801960 kB
MemTotal:        1844596 kB
MemFree:          742780 kB
MemAvailable:    1491192 kB
Buffers:           53024 kB
Cached:           802084 kB
MemTotal:        1844596 kB
MemFree:          743956 kB
MemAvailable:    1492620 kB
Buffers:           53024 kB
Cached:           802208 kB
MemTotal:        1844596 kB
MemFree:          742648 kB
MemAvailable:    1491396 kB
Buffers:           53024 kB
Cached:           802332 kB
MemTotal:        1844596 kB
MemFree:          743424 kB
MemAvailable:    1492256 kB
Buffers:           53036 kB
Cached:           802444 kB
MemTotal:        1844596 kB
MemFree:          742380 kB
MemAvailable:    1491212 kB
Buffers:           53036 kB
Cached:           802444 kB
MemTotal:        1844596 kB
MemFree:          743344 kB
MemAvailable:    1492176 kB
Buffers:           53036 kB
Cached:           802444 kB
MemTotal:        1844596 kB
MemFree:          743596 kB
MemAvailable:    1492428 kB
Buffers:           53036 kB
Cached:           802444 kB
MemTotal:        1844596 kB
MemFree:          743364 kB
MemAvailable:    1492196 kB
Buffers:           53036 kB
Cached:           802444 kB
MemTotal:        1844596 kB
MemFree:          743456 kB
MemAvailable:    1492288 kB
Buffers:           53036 kB
Cached:           802444 kB
MemTotal:        1844596 kB
MemFree:          742620 kB
MemAvailable:    1491452 kB
Buffers:           53036 kB
Cached:           802444 kB
MemTotal:        1844596 kB
MemFree:          743612 kB
MemAvailable:    1492484 kB
Buffers:           53036 kB
Cached:           802452 kB
MemTotal:        1844596 kB
MemFree:          742868 kB
MemAvailable:    1491740 kB
Buffers:           53036 kB
Cached:           802452 kB
MemTotal:        1844596 kB
MemFree:          743696 kB
MemAvailable:    1492652 kB
Buffers:           53036 kB
Cached:           802576 kB
MemTotal:        1844596 kB
MemFree:          742540 kB
MemAvailable:    1490824 kB
Buffers:           53036 kB
Cached:           801904 kB
MemTotal:        1844596 kB
MemFree:          811348 kB
MemAvailable:    1559632 kB
Buffers:           53036 kB
Cached:           801904 kB
