MemTotal:        1844596 kB
MemFree:          940936 kB
MemAvailable:    1556500 kB
Buffers:           37016 kB
Cached:           684840 kB
MemTotal:        1844596 kB
MemFree:          939448 kB
MemAvailable:    1555012 kB
Buffers:           37016 kB
Cached:           684840 kB
MemTotal:        1844596 kB
MemFree:          938208 kB
MemAvailable:    1553772 kB
Buffers:           37016 kB
Cached:           684840 kB
MemTotal:        1844596 kB
MemFree:          937084 kB
MemAvailable:    1552648 kB
Buffers:           37016 kB
Cached:           684840 kB
MemTotal:        1844596 kB
MemFree:          937224 kB
MemAvailable:    1552788 kB
Buffers:           37016 kB
Cached:           684840 kB
MemTotal:        1844596 kB
MemFree:          935976 kB
MemAvailable:    1551540 kB
Buffers:           37016 kB
Cached:           684840 kB
MemTotal:        1844596 kB
MemFree:          934604 kB
MemAvailable:    1550168 kB
Buffers:           37016 kB
Cached:           684840 kB
MemTotal:        1844596 kB
MemFree:          934356 kB
MemAvailable:    1549920 kB
Buffers:           37016 kB
Cached:           684840 kB
MemTotal:        1844596 kB
MemFree:          931512 kB
MemAvailable:    1547076 kB
Buffers:           37016 kB
Cached:           684840 kB
MemTotal:        1844596 kB
MemFree:          929892 kB
MemAvailable:    1545456 kB
Buffers:           37016 kB
Cached:           684840 kB
MemTotal:        1844596 kB
MemFree:          925172 kB
MemAvailable:    1540736 kB
Buffers:           37016 kB
Cached:           684840 kB
MemTotal:        1844596 kB
MemFree:          924816 kB
MemAvailable:    1540380 kB
Buffers:           37016 kB
Cached:           684840 kB
MemTotal:        1844596 kB
MemFree:          925976 kB
MemAvailable:    1541540 kB
Buffers:           37016 kB
Cached:           684840 kB
MemTotal:        1844596 kB
MemFree:          925892 kB
MemAvailable:    1541456 kB
Buffers:           37016 kB
Cached:           684840 kB
MemTotal:        1844596 kB
MemFree:          925312 kB
MemAvailable:    1540876 kB
Buffers:           37016 kB
Cached:           684840 kB
MemTotal:        1844596 kB
MemFree:          925740 kB
MemAvailable:    1541304 kB
Buffers:           37016 kB
Cached:           684840 kB
MemTotal:        1844596 kB
MemFree:          926076 kB
MemAvailable:    1541640 kB
Buffers:           37016 kB
Cached:           684840 kB
MemTotal:        1844596 kB
MemFree:          925748 kB
MemAvailable:    1541312 kB
Buffers:           37016 kB
Cached:           684840 kB
MemTotal:        1844596 kB
MemFree:          925376 kB
MemAvailable:    1540940 kB
Buffers:           37016 kB
Cached:           684840 kB
MemTotal:        1844596 kB
MemFree:          924380 kB
MemAvailable:    1539944 kB
Buffers:           37016 kB
Cached:           684840 kB
MemTotal:        1844596 kB
MemFree:          923444 kB
MemAvailable:    1539008 kB
Buffers:           37016 kB
Cached:           684840 kB
MemTotal:        1844596 kB
MemFree:          923444 kB
MemAvailable:    1539008 kB
Buffers:           37016 kB
Cached:           684840 kB
MemTotal:        1844596 kB
MemFree:          923404 kB
MemAvailable:    1538968 kB
Buffers:           37016 kB
Cached:           684840 kB
MemTotal:        1844596 kB
MemFree:          922200 kB
MemAvailable:    1537764 kB
Buffers:           37016 kB
Cached:           684840 kB
MemTotal:        1844596 kB
MemFree:          923524 kB
MemAvailable:    1539088 kB
Buffers:           37016 kB
Cached:           684840 kB
MemTotal:        1844596 kB
MemFree:          923604 kB
MemAvailable:    1539168 kB
Buffers:           37016 kB
Cached:           684840 kB
MemTotal:        1844596 kB
MemFree:          922328 kB
MemAvailable:    1537892 kB
Buffers:           37016 kB
Cached:           684840 kB
MemTotal:        1844596 kB
MemFree:          923480 kB
MemAvailable:    1539044 kB
Buffers:           37016 kB
Cached:           684840 kB
MemTotal:        1844596 kB
MemFree:          923240 kB
MemAvailable:    1538804 kB
Buffers:           37016 kB
Cached:           684840 kB
MemTotal:        1844596 kB
MemFree:          923400 kB
MemAvailable:    1538964 kB
Buffers:           37016 kB
Cached:           684840 kB
MemTotal:        1844596 kB
MemFree:          923304 kB
MemAvailable:    1538868 kB
Buffers:           37016 kB
Cached:           684840 kB
MemTotal:        1844596 kB
MemFree:          924572 kB
MemAvailable:    1540136 kB
Buffers:           37016 kB
Cached:           684840 kB
MemTotal:        1844596 kB
MemFree:          924040 kB
MemAvailable:    1539604 kB
Buffers:           37016 kB
Cached:           684840 kB
MemTotal:        1844596 kB
MemFree:          924200 kB
MemAvailable:    1539764 kB
Buffers:           37016 kB
Cached:           684840 kB
MemTotal:        1844596 kB
MemFree:          923296 kB
MemAvailable:    1538860 kB
Buffers:           37016 kB
Cached:           684840 kB
MemTotal:        1844596 kB
MemFree:          921056 kB
MemAvailable:    1536620 kB
Buffers:           37016 kB
Cached:           684840 kB
MemTotal:        1844596 kB
MemFree:          920700 kB
MemAvailable:    1536264 kB
Buffers:           37016 kB
Cached:           684840 kB
MemTotal:        1844596 kB
MemFree:          920304 kB
MemAvailable:    1535868 kB
Buffers:           37016 kB
Cached:           684840 kB
MemTotal:        1844596 kB
MemFree:          920072 kB
MemAvailable:    1535636 kB
Buffers:           37016 kB
Cached:           684840 kB
MemTotal:        1844596 kB
MemFree:          918768 kB
MemAvailable:    1534332 kB
Buffers:           37016 kB
Cached:           684840 kB
MemTotal:        1844596 kB
MemFree:          919576 kB
MemAvailable:    1535140 kB
Buffers:           37016 kB
Cached:           684840 kB
MemTotal:        1844596 kB
MemFree:          918460 kB
MemAvailable:    1534024 kB
Buffers:           37016 kB
Cached:           684840 kB
MemTotal:        1844596 kB
MemFree:          919196 kB
MemAvailable:    1534760 kB
Buffers:           37016 kB
Cached:           684840 kB
MemTotal:        1844596 kB
MemFree:          919328 kB
MemAvailable:    1534892 kB
Buffers:           37016 kB
Cached:           684840 kB
MemTotal:        1844596 kB
MemFree:          919180 kB
MemAvailable:    1534744 kB
Buffers:           37016 kB
Cached:           684840 kB
MemTotal:        1844596 kB
MemFree:          919400 kB
MemAvailable:    1534964 kB
Buffers:           37016 kB
Cached:           684840 kB
MemTotal:        1844596 kB
MemFree:          919184 kB
MemAvailable:    1534748 kB
Buffers:           37016 kB
Cached:           684840 kB
MemTotal:        1844596 kB
MemFree:          919436 kB
MemAvailable:    1535000 kB
Buffers:           37016 kB
Cached:           684840 kB
MemTotal:        1844596 kB
MemFree:          919072 kB
MemAvailable:    1534636 kB
Buffers:           37016 kB
Cached:           684840 kB
MemTotal:        1844596 kB
MemFree:          917700 kB
MemAvailable:    1533264 kB
Buffers:           37016 kB
Cached:           684840 kB
MemTotal:        1844596 kB
MemFree:          918460 kB
MemAvailable:    1534024 kB
Buffers:           37016 kB
Cached:           684840 kB
MemTotal:        1844596 kB
MemFree:          917468 kB
MemAvailable:    1533032 kB
Buffers:           37016 kB
Cached:           684840 kB
MemTotal:        1844596 kB
MemFree:          916716 kB
MemAvailable:    1532280 kB
Buffers:           37016 kB
Cached:           684840 kB
MemTotal:        1844596 kB
MemFree:          918316 kB
MemAvailable:    1533880 kB
Buffers:           37016 kB
Cached:           684840 kB
MemTotal:        1844596 kB
MemFree:          917220 kB
MemAvailable:    1532784 kB
Buffers:           37016 kB
Cached:           684840 kB
MemTotal:        1844596 kB
MemFree:          918396 kB
MemAvailable:    1533960 kB
Buffers:           37016 kB
Cached:           684840 kB
MemTotal:        1844596 kB
MemFree:          918196 kB
MemAvailable:    1533760 kB
Buffers:           37016 kB
Cached:           684840 kB
MemTotal:        1844596 kB
MemFree:          918088 kB
MemAvailable:    1533652 kB
Buffers:           37016 kB
Cached:           684840 kB
MemTotal:        1844596 kB
MemFree:          918144 kB
MemAvailable:    1533708 kB
Buffers:           37016 kB
Cached:           684840 kB
MemTotal:        1844596 kB
MemFree:          918396 kB
MemAvailable:    1533960 kB
Buffers:           37016 kB
Cached:           684840 kB
MemTotal:        1844596 kB
MemFree:          918324 kB
MemAvailable:    1533888 kB
Buffers:           37016 kB
Cached:           684840 kB
MemTotal:        1844596 kB
MemFree:          916952 kB
MemAvailable:    1532516 kB
Buffers:           37016 kB
Cached:           684840 kB
MemTotal:        1844596 kB
MemFree:          918192 kB
MemAvailable:    1533756 kB
Buffers:           37016 kB
Cached:           684840 kB
MemTotal:        1844596 kB
MemFree:          916952 kB
MemAvailable:    1532516 kB
Buffers:           37016 kB
Cached:           684840 kB
MemTotal:        1844596 kB
MemFree:          916944 kB
MemAvailable:    1532508 kB
Buffers:           37016 kB
Cached:           684840 kB
MemTotal:        1844596 kB
MemFree:          916848 kB
MemAvailable:    1532412 kB
Buffers:           37016 kB
Cached:           684840 kB
MemTotal:        1844596 kB
MemFree:          917900 kB
MemAvailable:    1533464 kB
Buffers:           37016 kB
Cached:           684840 kB
MemTotal:        1844596 kB
MemFree:          917584 kB
MemAvailable:    1533148 kB
Buffers:           37016 kB
Cached:           684840 kB
MemTotal:        1844596 kB
MemFree:          917584 kB
MemAvailable:    1533148 kB
Buffers:           37016 kB
Cached:           684840 kB
MemTotal:        1844596 kB
MemFree:          917224 kB
MemAvailable:    1532788 kB
Buffers:           37016 kB
Cached:           684840 kB
MemTotal:        1844596 kB
MemFree:          917160 kB
MemAvailable:    1532724 kB
Buffers:           37016 kB
Cached:           684840 kB
MemTotal:        1844596 kB
MemFree:          917496 kB
MemAvailable:    1533060 kB
Buffers:           37016 kB
Cached:           684840 kB
MemTotal:        1844596 kB
MemFree:          916044 kB
MemAvailable:    1531608 kB
Buffers:           37016 kB
Cached:           684840 kB
MemTotal:        1844596 kB
MemFree:          916044 kB
MemAvailable:    1531608 kB
Buffers:           37016 kB
Cached:           684840 kB
MemTotal:        1844596 kB
MemFree:          916408 kB
MemAvailable:    1531972 kB
Buffers:           37016 kB
Cached:           684840 kB
MemTotal:        1844596 kB
MemFree:          917408 kB
MemAvailable:    1532972 kB
Buffers:           37016 kB
Cached:           684840 kB
MemTotal:        1844596 kB
MemFree:          916476 kB
MemAvailable:    1532040 kB
Buffers:           37016 kB
Cached:           684840 kB
MemTotal:        1844596 kB
MemFree:          916212 kB
MemAvailable:    1531788 kB
Buffers:           37016 kB
Cached:           684852 kB
MemTotal:        1844596 kB
MemFree:          915236 kB
MemAvailable:    1530812 kB
Buffers:           37016 kB
Cached:           684852 kB
MemTotal:        1844596 kB
MemFree:          912492 kB
MemAvailable:    1528068 kB
Buffers:           37016 kB
Cached:           684852 kB
MemTotal:        1844596 kB
MemFree:          912576 kB
MemAvailable:    1528152 kB
Buffers:           37016 kB
Cached:           684852 kB
MemTotal:        1844596 kB
MemFree:          910080 kB
MemAvailable:    1525656 kB
Buffers:           37016 kB
Cached:           684852 kB
MemTotal:        1844596 kB
MemFree:          908788 kB
MemAvailable:    1524364 kB
Buffers:           37016 kB
Cached:           684852 kB
MemTotal:        1844596 kB
MemFree:          908416 kB
MemAvailable:    1523992 kB
Buffers:           37016 kB
Cached:           684852 kB
MemTotal:        1844596 kB
MemFree:          909460 kB
MemAvailable:    1525036 kB
Buffers:           37016 kB
Cached:           684852 kB
MemTotal:        1844596 kB
MemFree:          908416 kB
MemAvailable:    1523992 kB
Buffers:           37016 kB
Cached:           684852 kB
MemTotal:        1844596 kB
MemFree:          908156 kB
MemAvailable:    1523732 kB
Buffers:           37016 kB
Cached:           684852 kB
MemTotal:        1844596 kB
MemFree:          907984 kB
MemAvailable:    1523560 kB
Buffers:           37016 kB
Cached:           684852 kB
MemTotal:        1844596 kB
MemFree:          909496 kB
MemAvailable:    1525072 kB
Buffers:           37016 kB
Cached:           684852 kB
MemTotal:        1844596 kB
MemFree:          908148 kB
MemAvailable:    1523724 kB
Buffers:           37016 kB
Cached:           684852 kB
MemTotal:        1844596 kB
MemFree:          908120 kB
MemAvailable:    1523696 kB
Buffers:           37016 kB
Cached:           684852 kB
MemTotal:        1844596 kB
MemFree:          908112 kB
MemAvailable:    1523688 kB
Buffers:           37016 kB
Cached:           684852 kB
MemTotal:        1844596 kB
MemFree:          909392 kB
MemAvailable:    1524968 kB
Buffers:           37016 kB
Cached:           684852 kB
MemTotal:        1844596 kB
MemFree:          909476 kB
MemAvailable:    1525052 kB
Buffers:           37016 kB
Cached:           684852 kB
MemTotal:        1844596 kB
MemFree:          907980 kB
MemAvailable:    1523556 kB
Buffers:           37016 kB
Cached:           684852 kB
MemTotal:        1844596 kB
MemFree:          909088 kB
MemAvailable:    1524664 kB
Buffers:           37016 kB
Cached:           684852 kB
MemTotal:        1844596 kB
MemFree:          909424 kB
MemAvailable:    1525000 kB
Buffers:           37016 kB
Cached:           684852 kB
MemTotal:        1844596 kB
MemFree:          908096 kB
MemAvailable:    1523672 kB
Buffers:           37016 kB
Cached:           684852 kB
MemTotal:        1844596 kB
MemFree:          908912 kB
MemAvailable:    1524488 kB
Buffers:           37016 kB
Cached:           684852 kB
MemTotal:        1844596 kB
MemFree:          907424 kB
MemAvailable:    1523000 kB
Buffers:           37016 kB
Cached:           684852 kB
MemTotal:        1844596 kB
MemFree:          906928 kB
MemAvailable:    1522504 kB
Buffers:           37016 kB
Cached:           684852 kB
MemTotal:        1844596 kB
MemFree:          906796 kB
MemAvailable:    1522372 kB
Buffers:           37016 kB
Cached:           684852 kB
MemTotal:        1844596 kB
MemFree:          907776 kB
MemAvailable:    1523352 kB
Buffers:           37016 kB
Cached:           684852 kB
MemTotal:        1844596 kB
MemFree:          906432 kB
MemAvailable:    1522008 kB
Buffers:           37016 kB
Cached:           684852 kB
MemTotal:        1844596 kB
MemFree:          906416 kB
MemAvailable:    1521992 kB
Buffers:           37016 kB
Cached:           684852 kB
MemTotal:        1844596 kB
MemFree:          906752 kB
MemAvailable:    1522328 kB
Buffers:           37016 kB
Cached:           684852 kB
MemTotal:        1844596 kB
MemFree:          905796 kB
MemAvailable:    1521372 kB
Buffers:           37016 kB
Cached:           684852 kB
MemTotal:        1844596 kB
MemFree:          906132 kB
MemAvailable:    1521708 kB
Buffers:           37016 kB
Cached:           684852 kB
MemTotal:        1844596 kB
MemFree:          904564 kB
MemAvailable:    1520140 kB
Buffers:           37016 kB
Cached:           684852 kB
MemTotal:        1844596 kB
MemFree:          905832 kB
MemAvailable:    1521408 kB
Buffers:           37016 kB
Cached:           684852 kB
MemTotal:        1844596 kB
MemFree:          905800 kB
MemAvailable:    1521376 kB
Buffers:           37028 kB
Cached:           684840 kB
MemTotal:        1844596 kB
MemFree:          904304 kB
MemAvailable:    1519880 kB
Buffers:           37028 kB
Cached:           684840 kB
MemTotal:        1844596 kB
MemFree:          905500 kB
MemAvailable:    1521076 kB
Buffers:           37028 kB
Cached:           684840 kB
MemTotal:        1844596 kB
MemFree:          905368 kB
MemAvailable:    1520944 kB
Buffers:           37028 kB
Cached:           684840 kB
MemTotal:        1844596 kB
MemFree:          904276 kB
MemAvailable:    1519852 kB
Buffers:           37028 kB
Cached:           684840 kB
MemTotal:        1844596 kB
MemFree:          904324 kB
MemAvailable:    1519900 kB
Buffers:           37028 kB
Cached:           684840 kB
MemTotal:        1844596 kB
MemFree:          905296 kB
MemAvailable:    1520872 kB
Buffers:           37028 kB
Cached:           684840 kB
MemTotal:        1844596 kB
MemFree:          905552 kB
MemAvailable:    1521128 kB
Buffers:           37028 kB
Cached:           684840 kB
MemTotal:        1844596 kB
MemFree:          905344 kB
MemAvailable:    1520920 kB
Buffers:           37028 kB
Cached:           684840 kB
MemTotal:        1844596 kB
MemFree:          905316 kB
MemAvailable:    1520768 kB
Buffers:           37028 kB
Cached:           684840 kB
MemTotal:        1844596 kB
MemFree:          904928 kB
MemAvailable:    1520504 kB
Buffers:           37028 kB
Cached:           684840 kB
MemTotal:        1844596 kB
MemFree:          904324 kB
MemAvailable:    1519900 kB
Buffers:           37028 kB
Cached:           684840 kB
MemTotal:        1844596 kB
MemFree:          903392 kB
MemAvailable:    1518968 kB
Buffers:           37028 kB
Cached:           684840 kB
MemTotal:        1844596 kB
MemFree:          899108 kB
MemAvailable:    1514684 kB
Buffers:           37028 kB
Cached:           684840 kB
MemTotal:        1844596 kB
MemFree:          898992 kB
MemAvailable:    1514568 kB
Buffers:           37028 kB
Cached:           684840 kB
MemTotal:        1844596 kB
MemFree:          900224 kB
MemAvailable:    1515800 kB
Buffers:           37028 kB
Cached:           684840 kB
MemTotal:        1844596 kB
MemFree:          899976 kB
MemAvailable:    1515552 kB
Buffers:           37028 kB
Cached:           684840 kB
MemTotal:        1844596 kB
MemFree:          899240 kB
MemAvailable:    1514816 kB
Buffers:           37028 kB
Cached:           684840 kB
MemTotal:        1844596 kB
MemFree:          899544 kB
MemAvailable:    1515120 kB
Buffers:           37028 kB
Cached:           684840 kB
MemTotal:        1844596 kB
MemFree:          899684 kB
MemAvailable:    1515260 kB
Buffers:           37028 kB
Cached:           684840 kB
MemTotal:        1844596 kB
MemFree:          899524 kB
MemAvailable:    1515100 kB
Buffers:           37028 kB
Cached:           684840 kB
MemTotal:        1844596 kB
MemFree:          899652 kB
MemAvailable:    1515228 kB
Buffers:           37028 kB
Cached:           684840 kB
MemTotal:        1844596 kB
MemFree:          898736 kB
MemAvailable:    1514188 kB
Buffers:           37028 kB
Cached:           684840 kB
MemTotal:        1844596 kB
MemFree:          899472 kB
MemAvailable:    1515052 kB
Buffers:           37028 kB
Cached:           684844 kB
MemTotal:        1844596 kB
MemFree:          899472 kB
MemAvailable:    1515052 kB
Buffers:           37028 kB
Cached:           684844 kB
MemTotal:        1844596 kB
MemFree:          898356 kB
MemAvailable:    1513936 kB
Buffers:           37028 kB
Cached:           684844 kB
MemTotal:        1844596 kB
MemFree:          898692 kB
MemAvailable:    1514272 kB
Buffers:           37028 kB
Cached:           684844 kB
MemTotal:        1844596 kB
MemFree:          896240 kB
MemAvailable:    1511820 kB
Buffers:           37028 kB
Cached:           684844 kB
MemTotal:        1844596 kB
MemFree:          896388 kB
MemAvailable:    1511968 kB
Buffers:           37028 kB
Cached:           684844 kB
MemTotal:        1844596 kB
MemFree:          896312 kB
MemAvailable:    1511892 kB
Buffers:           37028 kB
Cached:           684844 kB
MemTotal:        1844596 kB
MemFree:          895088 kB
MemAvailable:    1510668 kB
Buffers:           37028 kB
Cached:           684844 kB
MemTotal:        1844596 kB
MemFree:          894832 kB
MemAvailable:    1510412 kB
Buffers:           37028 kB
Cached:           684844 kB
MemTotal:        1844596 kB
MemFree:          896100 kB
MemAvailable:    1511680 kB
Buffers:           37028 kB
Cached:           684844 kB
MemTotal:        1844596 kB
MemFree:          896436 kB
MemAvailable:    1512016 kB
Buffers:           37028 kB
Cached:           684844 kB
MemTotal:        1844596 kB
MemFree:          897176 kB
MemAvailable:    1512756 kB
Buffers:           37028 kB
Cached:           684844 kB
MemTotal:        1844596 kB
MemFree:          896960 kB
MemAvailable:    1512540 kB
Buffers:           37028 kB
Cached:           684844 kB
MemTotal:        1844596 kB
MemFree:          897380 kB
MemAvailable:    1513044 kB
Buffers:           37028 kB
Cached:           684968 kB
MemTotal:        1844596 kB
MemFree:          897860 kB
MemAvailable:    1513696 kB
Buffers:           37028 kB
Cached:           685220 kB
MemTotal:        1844596 kB
MemFree:          898196 kB
MemAvailable:    1514032 kB
Buffers:           37028 kB
Cached:           685220 kB
MemTotal:        1844596 kB
MemFree:          896628 kB
MemAvailable:    1512616 kB
Buffers:           37028 kB
Cached:           685324 kB
MemTotal:        1844596 kB
MemFree:          897804 kB
MemAvailable:    1513960 kB
Buffers:           37028 kB
Cached:           685448 kB
MemTotal:        1844596 kB
MemFree:          896380 kB
MemAvailable:    1512548 kB
Buffers:           37028 kB
Cached:           685420 kB
MemTotal:        1844596 kB
MemFree:          897680 kB
MemAvailable:    1513848 kB
Buffers:           37028 kB
Cached:           685420 kB
MemTotal:        1844596 kB
MemFree:          897820 kB
MemAvailable:    1514072 kB
Buffers:           37028 kB
Cached:           685544 kB
MemTotal:        1844596 kB
MemFree:          897868 kB
MemAvailable:    1514120 kB
Buffers:           37028 kB
Cached:           685544 kB
MemTotal:        1844596 kB
MemFree:          896512 kB
MemAvailable:    1512764 kB
Buffers:           37028 kB
Cached:           685544 kB
MemTotal:        1844596 kB
MemFree:          897456 kB
MemAvailable:    1513708 kB
Buffers:           37028 kB
Cached:           685544 kB
MemTotal:        1844596 kB
MemFree:          897712 kB
MemAvailable:    1513964 kB
Buffers:           37028 kB
Cached:           685544 kB
MemTotal:        1844596 kB
MemFree:          897364 kB
MemAvailable:    1513616 kB
Buffers:           37028 kB
Cached:           685544 kB
MemTotal:        1844596 kB
MemFree:          897700 kB
MemAvailable:    1513952 kB
Buffers:           37028 kB
Cached:           685544 kB
MemTotal:        1844596 kB
MemFree:          896416 kB
MemAvailable:    1512080 kB
Buffers:           37028 kB
Cached:           684912 kB
MemTotal:        1844596 kB
MemFree:          966420 kB
MemAvailable:    1582084 kB
Buffers:           37028 kB
Cached:           684912 kB
