MemTotal:        1844596 kB
MemFree:          720060 kB
MemAvailable:    1529816 kB
Buffers:           59264 kB
Cached:           852060 kB
MemTotal:        1844596 kB
MemFree:          720308 kB
MemAvailable:    1530064 kB
Buffers:           59264 kB
Cached:           852060 kB
MemTotal:        1844596 kB
MemFree:          718884 kB
MemAvailable:    1528640 kB
Buffers:           59264 kB
Cached:           852060 kB
MemTotal:        1844596 kB
MemFree:          715404 kB
MemAvailable:    1525160 kB
Buffers:           59264 kB
Cached:           852060 kB
MemTotal:        1844596 kB
MemFree:          715412 kB
MemAvailable:    1525168 kB
Buffers:           59264 kB
Cached:           852060 kB
MemTotal:        1844596 kB
MemFree:          714536 kB
MemAvailable:    1524292 kB
Buffers:           59264 kB
Cached:           852060 kB
MemTotal:        1844596 kB
MemFree:          714748 kB
MemAvailable:    1524504 kB
Buffers:           59264 kB
Cached:           852060 kB
MemTotal:        1844596 kB
MemFree:          709336 kB
MemAvailable:    1519092 kB
Buffers:           59264 kB
Cached:           852060 kB
MemTotal:        1844596 kB
MemFree:          706608 kB
MemAvailable:    1516364 kB
Buffers:           59264 kB
Cached:           852060 kB
MemTotal:        1844596 kB
MemFree:          705412 kB
MemAvailable:    1515168 kB
Buffers:           59264 kB
Cached:           852060 kB
MemTotal:        1844596 kB
MemFree:          705368 kB
MemAvailable:    1515124 kB
Buffers:           59264 kB
Cached:           852060 kB
MemTotal:        1844596 kB
MemFree:          706732 kB
MemAvailable:    1516488 kB
Buffers:           59264 kB
Cached:           852060 kB
MemTotal:        1844596 kB
MemFree:          706344 kB
MemAvailable:    1516100 kB
Buffers:           59264 kB
Cached:           852060 kB
MemTotal:        1844596 kB
MemFree:          706344 kB
MemAvailable:    1516100 kB
Buffers:           59264 kB
Cached:           852060 kB
MemTotal:        1844596 kB
MemFree:          706172 kB
MemAvailable:    1515928 kB
Buffers:           59264 kB
Cached:           852060 kB
MemTotal:        1844596 kB
MemFree:          705748 kB
MemAvailable:    1515504 kB
Buffers:           59264 kB
Cached:           852060 kB
MemTotal:        1844596 kB
MemFree:          705484 kB
MemAvailable:    1515240 kB
Buffers:           59264 kB
Cached:           852060 kB
MemTotal:        1844596 kB
MemFree:          704304 kB
MemAvailable:    1514060 kB
Buffers:           59264 kB
Cached:           852060 kB
MemTotal:        1844596 kB
MemFree:          704180 kB
MemAvailable:    1513936 kB
Buffers:           59264 kB
Cached:           852060 kB
MemTotal:        1844596 kB
MemFree:          702996 kB
MemAvailable:    1512752 kB
Buffers:           59264 kB
Cached:           852060 kB
MemTotal:        1844596 kB
MemFree:          702740 kB
MemAvailable:    1512496 kB
Buffers:           59264 kB
Cached:           852060 kB
MemTotal:        1844596 kB
MemFree:          704100 kB
MemAvailable:    1513856 kB
Buffers:           59264 kB
Cached:           852060 kB
MemTotal:        1844596 kB
MemFree:          704100 kB
MemAvailable:    1513856 kB
Buffers:           59264 kB
Cached:           852060 kB
MemTotal:        1844596 kB
MemFree:          703916 kB
MemAvailable:    1513672 kB
Buffers:           59264 kB
Cached:           852060 kB
MemTotal:        1844596 kB
MemFree:          702748 kB
MemAvailable:    1512504 kB
Buffers:           59264 kB
Cached:           852060 kB
MemTotal:        1844596 kB
MemFree:          704216 kB
MemAvailable:    1513972 kB
Buffers:           59264 kB
Cached:           852060 kB
MemTotal:        1844596 kB
MemFree:          705188 kB
MemAvailable:    1514944 kB
Buffers:           59264 kB
Cached:           852060 kB
MemTotal:        1844596 kB
MemFree:          704748 kB
MemAvailable:    1514504 kB
Buffers:           59264 kB
Cached:           852060 kB
MemTotal:        1844596 kB
MemFree:          702756 kB
MemAvailable:    1512512 kB
Buffers:           59264 kB
Cached:           852060 kB
MemTotal:        1844596 kB
MemFree:          702276 kB
MemAvailable:    1512032 kB
Buffers:           59264 kB
Cached:           852060 kB
MemTotal:        1844596 kB
MemFree:          700772 kB
MemAvailable:    1510528 kB
Buffers:           59264 kB
Cached:           852060 kB
MemTotal:        1844596 kB
MemFree:          701276 kB
MemAvailable:    1511032 kB
Buffers:           59264 kB
Cached:           852060 kB
MemTotal:        1844596 kB
MemFree:          701132 kB
MemAvailable:    1510888 kB
Buffers:           59264 kB
Cached:           852060 kB
MemTotal:        1844596 kB
MemFree:          699788 kB
MemAvailable:    1509544 kB
Buffers:           59264 kB
Cached:           852060 kB
MemTotal:        1844596 kB
MemFree:          700408 kB
MemAvailable:    1510164 kB
Buffers:           59264 kB
Cached:           852060 kB
MemTotal:        1844596 kB
MemFree:          698920 kB
MemAvailable:    1508676 kB
Buffers:           59264 kB
Cached:           852060 kB
MemTotal:        1844596 kB
MemFree:          699940 kB
MemAvailable:    1509704 kB
Buffers:           59264 kB
Cached:           852068 kB
MemTotal:        1844596 kB
MemFree:          700108 kB
MemAvailable:    1509872 kB
Buffers:           59264 kB
Cached:           852068 kB
MemTotal:        1844596 kB
MemFree:          699044 kB
MemAvailable:    1508808 kB
Buffers:           59264 kB
Cached:           852068 kB
MemTotal:        1844596 kB
MemFree:          700220 kB
MemAvailable:    1509984 kB
Buffers:           59264 kB
Cached:           852068 kB
MemTotal:        1844596 kB
MemFree:          699780 kB
MemAvailable:    1509544 kB
Buffers:           59264 kB
Cached:           852068 kB
MemTotal:        1844596 kB
MemFree:          699864 kB
MemAvailable:    1509628 kB
Buffers:           59264 kB
Cached:           852068 kB
MemTotal:        1844596 kB
MemFree:          698244 kB
MemAvailable:    1508008 kB
Buffers:           59264 kB
Cached:           852068 kB
MemTotal:        1844596 kB
MemFree:          699608 kB
MemAvailable:    1509372 kB
Buffers:           59264 kB
Cached:           852068 kB
MemTotal:        1844596 kB
MemFree:          699168 kB
MemAvailable:    1508932 kB
Buffers:           59264 kB
Cached:           852068 kB
MemTotal:        1844596 kB
MemFree:          697548 kB
MemAvailable:    1507312 kB
Buffers:           59264 kB
Cached:           852068 kB
MemTotal:        1844596 kB
MemFree:          698732 kB
MemAvailable:    1508496 kB
Buffers:           59264 kB
Cached:           852068 kB
MemTotal:        1844596 kB
MemFree:          697804 kB
MemAvailable:    1507568 kB
Buffers:           59264 kB
Cached:           852068 kB
MemTotal:        1844596 kB
MemFree:          697508 kB
MemAvailable:    1507272 kB
Buffers:           59264 kB
Cached:           852068 kB
MemTotal:        1844596 kB
MemFree:          699040 kB
MemAvailable:    1508804 kB
Buffers:           59264 kB
Cached:           852068 kB
MemTotal:        1844596 kB
MemFree:          698168 kB
MemAvailable:    1507932 kB
Buffers:           59264 kB
Cached:           852068 kB
MemTotal:        1844596 kB
MemFree:          699028 kB
MemAvailable:    1508792 kB
Buffers:           59264 kB
Cached:           852068 kB
MemTotal:        1844596 kB
MemFree:          699028 kB
MemAvailable:    1508792 kB
Buffers:           59264 kB
Cached:           852068 kB
MemTotal:        1844596 kB
MemFree:          698600 kB
MemAvailable:    1508364 kB
Buffers:           59264 kB
Cached:           852068 kB
MemTotal:        1844596 kB
MemFree:          698040 kB
MemAvailable:    1507804 kB
Buffers:           59264 kB
Cached:           852068 kB
MemTotal:        1844596 kB
MemFree:          698772 kB
MemAvailable:    1508536 kB
Buffers:           59264 kB
Cached:           852068 kB
MemTotal:        1844596 kB
MemFree:          698376 kB
MemAvailable:    1508140 kB
Buffers:           59264 kB
Cached:           852068 kB
MemTotal:        1844596 kB
MemFree:          698376 kB
MemAvailable:    1508140 kB
Buffers:           59264 kB
Cached:           852068 kB
MemTotal:        1844596 kB
MemFree:          698152 kB
MemAvailable:    1507916 kB
Buffers:           59264 kB
Cached:           852068 kB
MemTotal:        1844596 kB
MemFree:          698404 kB
MemAvailable:    1508168 kB
Buffers:           59264 kB
Cached:           852068 kB
MemTotal:        1844596 kB
MemFree:          697996 kB
MemAvailable:    1507760 kB
Buffers:           59264 kB
Cached:           852068 kB
MemTotal:        1844596 kB
MemFree:          698252 kB
MemAvailable:    1508016 kB
Buffers:           59264 kB
Cached:           852068 kB
MemTotal:        1844596 kB
MemFree:          697900 kB
MemAvailable:    1507664 kB
Buffers:           59264 kB
Cached:           852068 kB
MemTotal:        1844596 kB
MemFree:          697500 kB
MemAvailable:    1507264 kB
Buffers:           59264 kB
Cached:           852068 kB
MemTotal:        1844596 kB
MemFree:          698160 kB
MemAvailable:    1507928 kB
Buffers:           59264 kB
Cached:           852072 kB
MemTotal:        1844596 kB
MemFree:          698244 kB
MemAvailable:    1508012 kB
Buffers:           59264 kB
Cached:           852072 kB
MemTotal:        1844596 kB
MemFree:          697864 kB
MemAvailable:    1507632 kB
Buffers:           59264 kB
Cached:           852072 kB
MemTotal:        1844596 kB
MemFree:          697544 kB
MemAvailable:    1507312 kB
Buffers:           59264 kB
Cached:           852072 kB
MemTotal:        1844596 kB
MemFree:          696664 kB
MemAvailable:    1506432 kB
Buffers:           59264 kB
Cached:           852072 kB
MemTotal:        1844596 kB
MemFree:          697748 kB
MemAvailable:    1507516 kB
Buffers:           59264 kB
Cached:           852072 kB
MemTotal:        1844596 kB
MemFree:          697564 kB
MemAvailable:    1507332 kB
Buffers:           59264 kB
Cached:           852072 kB
MemTotal:        1844596 kB
MemFree:          695500 kB
MemAvailable:    1505268 kB
Buffers:           59264 kB
Cached:           852072 kB
MemTotal:        1844596 kB
MemFree:          693276 kB
MemAvailable:    1503044 kB
Buffers:           59264 kB
Cached:           852072 kB
MemTotal:        1844596 kB
MemFree:          690540 kB
MemAvailable:    1500308 kB
Buffers:           59264 kB
Cached:           852072 kB
MemTotal:        1844596 kB
MemFree:          689240 kB
MemAvailable:    1499008 kB
Buffers:           59264 kB
Cached:           852072 kB
MemTotal:        1844596 kB
MemFree:          690116 kB
MemAvailable:    1499884 kB
Buffers:           59264 kB
Cached:           852072 kB
MemTotal:        1844596 kB
MemFree:          688868 kB
MemAvailable:    1498636 kB
Buffers:           59264 kB
Cached:           852072 kB
MemTotal:        1844596 kB
MemFree:          688736 kB
MemAvailable:    1498504 kB
Buffers:           59264 kB
Cached:           852072 kB
MemTotal:        1844596 kB
MemFree:          690068 kB
MemAvailable:    1499836 kB
Buffers:           59264 kB
Cached:           852072 kB
MemTotal:        1844596 kB
MemFree:          688876 kB
MemAvailable:    1498644 kB
Buffers:           59264 kB
Cached:           852072 kB
MemTotal:        1844596 kB
MemFree:          689728 kB
MemAvailable:    1499496 kB
Buffers:           59264 kB
Cached:           852072 kB
MemTotal:        1844596 kB
MemFree:          690064 kB
MemAvailable:    1499832 kB
Buffers:           59264 kB
Cached:           852072 kB
MemTotal:        1844596 kB
MemFree:          689896 kB
MemAvailable:    1499664 kB
Buffers:           59264 kB
Cached:           852072 kB
MemTotal:        1844596 kB
MemFree:          689896 kB
MemAvailable:    1499664 kB
Buffers:           59264 kB
Cached:           852072 kB
MemTotal:        1844596 kB
MemFree:          688564 kB
MemAvailable:    1498332 kB
Buffers:           59264 kB
Cached:           852072 kB
MemTotal:        1844596 kB
MemFree:          689996 kB
MemAvailable:    1499764 kB
Buffers:           59264 kB
Cached:           852072 kB
MemTotal:        1844596 kB
MemFree:          688820 kB
MemAvailable:    1498588 kB
Buffers:           59264 kB
Cached:           852072 kB
MemTotal:        1844596 kB
MemFree:          689124 kB
MemAvailable:    1498892 kB
Buffers:           59264 kB
Cached:           852072 kB
MemTotal:        1844596 kB
MemFree:          689736 kB
MemAvailable:    1499508 kB
Buffers:           59264 kB
Cached:           852076 kB
MemTotal:        1844596 kB
MemFree:          688504 kB
MemAvailable:    1498276 kB
Buffers:           59264 kB
Cached:           852076 kB
MemTotal:        1844596 kB
MemFree:          689068 kB
MemAvailable:    1498840 kB
Buffers:           59264 kB
Cached:           852076 kB
MemTotal:        1844596 kB
MemFree:          689104 kB
MemAvailable:    1498876 kB
Buffers:           59264 kB
Cached:           852076 kB
MemTotal:        1844596 kB
MemFree:          688876 kB
MemAvailable:    1498648 kB
Buffers:           59264 kB
Cached:           852076 kB
MemTotal:        1844596 kB
MemFree:          688620 kB
MemAvailable:    1498392 kB
Buffers:           59264 kB
Cached:           852076 kB
MemTotal:        1844596 kB
MemFree:          688300 kB
MemAvailable:    1498072 kB
Buffers:           59264 kB
Cached:           852076 kB
MemTotal:        1844596 kB
MemFree:          686868 kB
MemAvailable:    1496640 kB
Buffers:           59264 kB
Cached:           852076 kB
MemTotal:        1844596 kB
MemFree:          687200 kB
MemAvailable:    1496972 kB
Buffers:           59264 kB
Cached:           852076 kB
MemTotal:        1844596 kB
MemFree:          687076 kB
MemAvailable:    1496848 kB
Buffers:           59264 kB
Cached:           852076 kB
MemTotal:        1844596 kB
MemFree:          685280 kB
MemAvailable:    1495052 kB
Buffers:           59264 kB
Cached:           852076 kB
MemTotal:        1844596 kB
MemFree:          685156 kB
MemAvailable:    1494928 kB
Buffers:           59264 kB
Cached:           852076 kB
MemTotal:        1844596 kB
MemFree:          686432 kB
MemAvailable:    1496204 kB
Buffers:           59264 kB
Cached:           852076 kB
MemTotal:        1844596 kB
MemFree:          685784 kB
MemAvailable:    1495556 kB
Buffers:           59264 kB
Cached:           852076 kB
MemTotal:        1844596 kB
MemFree:          686124 kB
MemAvailable:    1495896 kB
Buffers:           59264 kB
Cached:           852076 kB
MemTotal:        1844596 kB
MemFree:          686460 kB
MemAvailable:    1496232 kB
Buffers:           59264 kB
Cached:           852076 kB
MemTotal:        1844596 kB
MemFree:          686132 kB
MemAvailable:    1495904 kB
Buffers:           59264 kB
Cached:           852076 kB
MemTotal:        1844596 kB
MemFree:          685156 kB
MemAvailable:    1494928 kB
Buffers:           59264 kB
Cached:           852076 kB
MemTotal:        1844596 kB
MemFree:          686008 kB
MemAvailable:    1495780 kB
Buffers:           59264 kB
Cached:           852076 kB
MemTotal:        1844596 kB
MemFree:          686092 kB
MemAvailable:    1495864 kB
Buffers:           59264 kB
Cached:           852076 kB
MemTotal:        1844596 kB
MemFree:          684884 kB
MemAvailable:    1494656 kB
Buffers:           59264 kB
Cached:           852076 kB
MemTotal:        1844596 kB
MemFree:          685404 kB
MemAvailable:    1495176 kB
Buffers:           59264 kB
Cached:           852076 kB
MemTotal:        1844596 kB
MemFree:          685968 kB
MemAvailable:    1495740 kB
Buffers:           59264 kB
Cached:           852076 kB
MemTotal:        1844596 kB
MemFree:          684536 kB
MemAvailable:    1494308 kB
Buffers:           59264 kB
Cached:           852076 kB
MemTotal:        1844596 kB
MemFree:          683288 kB
MemAvailable:    1493060 kB
Buffers:           59264 kB
Cached:           852076 kB
MemTotal:        1844596 kB
MemFree:          680868 kB
MemAvailable:    1490640 kB
Buffers:           59264 kB
Cached:           852076 kB
MemTotal:        1844596 kB
MemFree:          680544 kB
MemAvailable:    1490316 kB
Buffers:           59264 kB
Cached:           852076 kB
MemTotal:        1844596 kB
MemFree:          680880 kB
MemAvailable:    1490652 kB
Buffers:           59264 kB
Cached:           852076 kB
MemTotal:        1844596 kB
MemFree:          680792 kB
MemAvailable:    1490564 kB
Buffers:           59264 kB
Cached:           852076 kB
MemTotal:        1844596 kB
MemFree:          679452 kB
MemAvailable:    1489224 kB
Buffers:           59264 kB
Cached:           852076 kB
MemTotal:        1844596 kB
MemFree:          679320 kB
MemAvailable:    1489096 kB
Buffers:           59264 kB
Cached:           852080 kB
MemTotal:        1844596 kB
MemFree:          680504 kB
MemAvailable:    1490280 kB
Buffers:           59264 kB
Cached:           852080 kB
MemTotal:        1844596 kB
MemFree:          680248 kB
MemAvailable:    1490024 kB
Buffers:           59264 kB
Cached:           852080 kB
MemTotal:        1844596 kB
MemFree:          678940 kB
MemAvailable:    1488716 kB
Buffers:           59264 kB
Cached:           852080 kB
MemTotal:        1844596 kB
MemFree:          680300 kB
MemAvailable:    1490076 kB
Buffers:           59264 kB
Cached:           852080 kB
MemTotal:        1844596 kB
MemFree:          679792 kB
MemAvailable:    1489568 kB
Buffers:           59264 kB
Cached:           852080 kB
MemTotal:        1844596 kB
MemFree:          679960 kB
MemAvailable:    1489736 kB
Buffers:           59264 kB
Cached:           852080 kB
MemTotal:        1844596 kB
MemFree:          678824 kB
MemAvailable:    1488600 kB
Buffers:           59264 kB
Cached:           852080 kB
MemTotal:        1844596 kB
MemFree:          678824 kB
MemAvailable:    1488600 kB
Buffers:           59264 kB
Cached:           852080 kB
MemTotal:        1844596 kB
MemFree:          677080 kB
MemAvailable:    1486856 kB
Buffers:           59264 kB
Cached:           852080 kB
MemTotal:        1844596 kB
MemFree:          677164 kB
MemAvailable:    1486940 kB
Buffers:           59264 kB
Cached:           852080 kB
MemTotal:        1844596 kB
MemFree:          675584 kB
MemAvailable:    1485360 kB
Buffers:           59264 kB
Cached:           852080 kB
MemTotal:        1844596 kB
MemFree:          676908 kB
MemAvailable:    1486684 kB
Buffers:           59264 kB
Cached:           852080 kB
MemTotal:        1844596 kB
MemFree:          676908 kB
MemAvailable:    1486684 kB
Buffers:           59264 kB
Cached:           852080 kB
MemTotal:        1844596 kB
MemFree:          675676 kB
MemAvailable:    1485452 kB
Buffers:           59264 kB
Cached:           852080 kB
MemTotal:        1844596 kB
MemFree:          678336 kB
MemAvailable:    1488112 kB
Buffers:           59264 kB
Cached:           852080 kB
MemTotal:        1844596 kB
MemFree:          678844 kB
MemAvailable:    1488620 kB
Buffers:           59264 kB
Cached:           852080 kB
MemTotal:        1844596 kB
MemFree:          677580 kB
MemAvailable:    1487356 kB
Buffers:           59264 kB
Cached:           852080 kB
MemTotal:        1844596 kB
MemFree:          677840 kB
MemAvailable:    1487784 kB
Buffers:           59264 kB
Cached:           852204 kB
MemTotal:        1844596 kB
MemFree:          678832 kB
MemAvailable:    1488860 kB
Buffers:           59264 kB
Cached:           852328 kB
MemTotal:        1844596 kB
MemFree:          677592 kB
MemAvailable:    1487704 kB
Buffers:           59264 kB
Cached:           852452 kB
MemTotal:        1844596 kB
MemFree:          678404 kB
MemAvailable:    1488600 kB
Buffers:           59264 kB
Cached:           852576 kB
MemTotal:        1844596 kB
MemFree:          678376 kB
MemAvailable:    1488656 kB
Buffers:           59264 kB
Cached:           852700 kB
MemTotal:        1844596 kB
MemFree:          678328 kB
MemAvailable:    1488692 kB
Buffers:           59264 kB
Cached:           852700 kB
MemTotal:        1844596 kB
MemFree:          678116 kB
MemAvailable:    1488564 kB
Buffers:           59264 kB
Cached:           852824 kB
MemTotal:        1844596 kB
MemFree:          678456 kB
MemAvailable:    1488904 kB
Buffers:           59264 kB
Cached:           852824 kB
MemTotal:        1844596 kB
MemFree:          678260 kB
MemAvailable:    1488708 kB
Buffers:           59264 kB
Cached:           852824 kB
MemTotal:        1844596 kB
MemFree:          676952 kB
MemAvailable:    1487400 kB
Buffers:           59264 kB
Cached:           852824 kB
MemTotal:        1844596 kB
MemFree:          678060 kB
MemAvailable:    1488508 kB
Buffers:           59264 kB
Cached:           852824 kB
MemTotal:        1844596 kB
MemFree:          678204 kB
MemAvailable:    1488652 kB
Buffers:           59264 kB
Cached:           852824 kB
MemTotal:        1844596 kB
MemFree:          678196 kB
MemAvailable:    1488644 kB
Buffers:           59264 kB
Cached:           852824 kB
MemTotal:        1844596 kB
MemFree:          678448 kB
MemAvailable:    1488896 kB
Buffers:           59264 kB
Cached:           852824 kB
MemTotal:        1844596 kB
MemFree:          677132 kB
MemAvailable:    1486992 kB
Buffers:           59264 kB
Cached:           852192 kB
MemTotal:        1844596 kB
MemFree:          746856 kB
MemAvailable:    1556716 kB
Buffers:           59264 kB
Cached:           852192 kB
