MemTotal:        1844596 kB
MemFree:          889340 kB
MemAvailable:    1547092 kB
Buffers:           42872 kB
Cached:           724212 kB
MemTotal:        1844596 kB
MemFree:          889080 kB
MemAvailable:    1546832 kB
Buffers:           42872 kB
Cached:           724212 kB
MemTotal:        1844596 kB
MemFree:          886620 kB
MemAvailable:    1544372 kB
Buffers:           42872 kB
Cached:           724212 kB
MemTotal:        1844596 kB
MemFree:          885364 kB
MemAvailable:    1543116 kB
Buffers:           42872 kB
Cached:           724212 kB
MemTotal:        1844596 kB
MemFree:          885364 kB
MemAvailable:    1543116 kB
Buffers:           42872 kB
Cached:           724212 kB
MemTotal:        1844596 kB
MemFree:          885104 kB
MemAvailable:    1542856 kB
Buffers:           42872 kB
Cached:           724212 kB
MemTotal:        1844596 kB
MemFree:          885440 kB
MemAvailable:    1543192 kB
Buffers:           42872 kB
Cached:           724212 kB
MemTotal:        1844596 kB
MemFree:          881156 kB
MemAvailable:    1538908 kB
Buffers:           42872 kB
Cached:           724212 kB
MemTotal:        1844596 kB
MemFree:          880924 kB
MemAvailable:    1538676 kB
Buffers:           42872 kB
Cached:           724212 kB
MemTotal:        1844596 kB
MemFree:          877568 kB
MemAvailable:    1535320 kB
Buffers:           42872 kB
Cached:           724212 kB
MemTotal:        1844596 kB
MemFree:          874404 kB
MemAvailable:    1532156 kB
Buffers:           42872 kB
Cached:           724212 kB
MemTotal:        1844596 kB
MemFree:          875320 kB
MemAvailable:    1533072 kB
Buffers:           42872 kB
Cached:           724212 kB
MemTotal:        1844596 kB
MemFree:          875336 kB
MemAvailable:    1533088 kB
Buffers:           42872 kB
Cached:           724212 kB
MemTotal:        1844596 kB
MemFree:          874324 kB
MemAvailable:    1532076 kB
Buffers:           42872 kB
Cached:           724212 kB
MemTotal:        1844596 kB
MemFree:          874200 kB
MemAvailable:    1531952 kB
Buffers:           42872 kB
Cached:           724212 kB
MemTotal:        1844596 kB
MemFree:          875440 kB
MemAvailable:    1533192 kB
Buffers:           42872 kB
Cached:           724212 kB
MemTotal:        1844596 kB
MemFree:          875044 kB
MemAvailable:    1532796 kB
Buffers:           42872 kB
Cached:           724212 kB
MemTotal:        1844596 kB
MemFree:          874964 kB
MemAvailable:    1532716 kB
Buffers:           42872 kB
Cached:           724212 kB
MemTotal:        1844596 kB
MemFree:          873840 kB
MemAvailable:    1531592 kB
Buffers:           42872 kB
Cached:           724212 kB
MemTotal:        1844596 kB
MemFree:          872608 kB
MemAvailable:    1530360 kB
Buffers:           42872 kB
Cached:           724212 kB
MemTotal:        1844596 kB
MemFree:          871856 kB
MemAvailable:    1529608 kB
Buffers:           42872 kB
Cached:           724212 kB
MemTotal:        1844596 kB
MemFree:          871732 kB
MemAvailable:    1529492 kB
Buffers:           42872 kB
Cached:           724216 kB
MemTotal:        1844596 kB
MemFree:          871856 kB
MemAvailable:    1529616 kB
Buffers:           42872 kB
Cached:           724216 kB
MemTotal:        1844596 kB
MemFree:          871848 kB
MemAvailable:    1529608 kB
Buffers:           42872 kB
Cached:           724216 kB
MemTotal:        1844596 kB
MemFree:          872964 kB
MemAvailable:    1530724 kB
Buffers:           42872 kB
Cached:           724216 kB
MemTotal:        1844596 kB
MemFree:          873216 kB
MemAvailable:    1530976 kB
Buffers:           42872 kB
Cached:           724216 kB
MemTotal:        1844596 kB
MemFree:          872800 kB
MemAvailable:    1530560 kB
Buffers:           42872 kB
Cached:           724216 kB
MemTotal:        1844596 kB
MemFree:          873056 kB
MemAvailable:    1530816 kB
Buffers:           42872 kB
Cached:           724216 kB
MemTotal:        1844596 kB
MemFree:          874012 kB
MemAvailable:    1531772 kB
Buffers:           42872 kB
Cached:           724216 kB
MemTotal:        1844596 kB
MemFree:          874264 kB
MemAvailable:    1532024 kB
Buffers:           42872 kB
Cached:           724216 kB
MemTotal:        1844596 kB
MemFree:          874296 kB
MemAvailable:    1532056 kB
Buffers:           42872 kB
Cached:           724216 kB
MemTotal:        1844596 kB
MemFree:          873104 kB
MemAvailable:    1530864 kB
Buffers:           42872 kB
Cached:           724216 kB
MemTotal:        1844596 kB
MemFree:          870748 kB
MemAvailable:    1528508 kB
Buffers:           42872 kB
Cached:           724216 kB
MemTotal:        1844596 kB
MemFree:          870492 kB
MemAvailable:    1528252 kB
Buffers:           42872 kB
Cached:           724216 kB
MemTotal:        1844596 kB
MemFree:          870576 kB
MemAvailable:    1528336 kB
Buffers:           42872 kB
Cached:           724216 kB
MemTotal:        1844596 kB
MemFree:          869864 kB
MemAvailable:    1527624 kB
Buffers:           42872 kB
Cached:           724216 kB
MemTotal:        1844596 kB
MemFree:          870200 kB
MemAvailable:    1527960 kB
Buffers:           42872 kB
Cached:           724216 kB
MemTotal:        1844596 kB
MemFree:          869136 kB
MemAvailable:    1526896 kB
Buffers:           42872 kB
Cached:           724216 kB
MemTotal:        1844596 kB
MemFree:          869232 kB
MemAvailable:    1526992 kB
Buffers:           42872 kB
Cached:           724216 kB
MemTotal:        1844596 kB
MemFree:          867632 kB
MemAvailable:    1525392 kB
Buffers:           42872 kB
Cached:           724216 kB
MemTotal:        1844596 kB
MemFree:          867624 kB
MemAvailable:    1525384 kB
Buffers:           42872 kB
Cached:           724216 kB
MemTotal:        1844596 kB
MemFree:          868824 kB
MemAvailable:    1526584 kB
Buffers:           42872 kB
Cached:           724216 kB
MemTotal:        1844596 kB
MemFree:          868948 kB
MemAvailable:    1526708 kB
Buffers:           42872 kB
Cached:           724216 kB
MemTotal:        1844596 kB
MemFree:          867508 kB
MemAvailable:    1525268 kB
Buffers:           42872 kB
Cached:           724216 kB
MemTotal:        1844596 kB
MemFree:          867276 kB
MemAvailable:    1525036 kB
Buffers:           42872 kB
Cached:           724216 kB
MemTotal:        1844596 kB
MemFree:          867392 kB
MemAvailable:    1525152 kB
Buffers:           42872 kB
Cached:           724216 kB
MemTotal:        1844596 kB
MemFree:          868240 kB
MemAvailable:    1526000 kB
Buffers:           42872 kB
Cached:           724216 kB
MemTotal:        1844596 kB
MemFree:          867656 kB
MemAvailable:    1525416 kB
Buffers:           42872 kB
Cached:           724216 kB
MemTotal:        1844596 kB
MemFree:          866516 kB
MemAvailable:    1524276 kB
Buffers:           42872 kB
Cached:           724216 kB
MemTotal:        1844596 kB
MemFree:          866484 kB
MemAvailable:    1524244 kB
Buffers:           42872 kB
Cached:           724216 kB
MemTotal:        1844596 kB
MemFree:          866608 kB
MemAvailable:    1524368 kB
Buffers:           42872 kB
Cached:           724216 kB
MemTotal:        1844596 kB
MemFree:          867900 kB
MemAvailable:    1525660 kB
Buffers:           42872 kB
Cached:           724216 kB
MemTotal:        1844596 kB
MemFree:          867776 kB
MemAvailable:    1525536 kB
Buffers:           42872 kB
Cached:           724216 kB
MemTotal:        1844596 kB
MemFree:          867620 kB
MemAvailable:    1525380 kB
Buffers:           42872 kB
Cached:           724216 kB
MemTotal:        1844596 kB
MemFree:          867704 kB
MemAvailable:    1525464 kB
Buffers:           42872 kB
Cached:           724216 kB
MemTotal:        1844596 kB
MemFree:          867912 kB
MemAvailable:    1525672 kB
Buffers:           42872 kB
Cached:           724216 kB
MemTotal:        1844596 kB
MemFree:          867980 kB
MemAvailable:    1525740 kB
Buffers:           42872 kB
Cached:           724216 kB
MemTotal:        1844596 kB
MemFree:          867152 kB
MemAvailable:    1524912 kB
Buffers:           42872 kB
Cached:           724216 kB
MemTotal:        1844596 kB
MemFree:          868144 kB
MemAvailable:    1525904 kB
Buffers:           42872 kB
Cached:           724216 kB
MemTotal:        1844596 kB
MemFree:          867508 kB
MemAvailable:    1525268 kB
Buffers:           42872 kB
Cached:           724216 kB
MemTotal:        1844596 kB
MemFree:          867508 kB
MemAvailable:    1525268 kB
Buffers:           42872 kB
Cached:           724216 kB
MemTotal:        1844596 kB
MemFree:          867568 kB
MemAvailable:    1525328 kB
Buffers:           42872 kB
Cached:           724216 kB
MemTotal:        1844596 kB
MemFree:          867208 kB
MemAvailable:    1524968 kB
Buffers:           42872 kB
Cached:           724216 kB
MemTotal:        1844596 kB
MemFree:          867460 kB
MemAvailable:    1525220 kB
Buffers:           42872 kB
Cached:           724216 kB
MemTotal:        1844596 kB
MemFree:          865772 kB
MemAvailable:    1523532 kB
Buffers:           42872 kB
Cached:           724216 kB
MemTotal:        1844596 kB
MemFree:          866880 kB
MemAvailable:    1524640 kB
Buffers:           42872 kB
Cached:           724216 kB
MemTotal:        1844596 kB
MemFree:          866880 kB
MemAvailable:    1524640 kB
Buffers:           42872 kB
Cached:           724216 kB
MemTotal:        1844596 kB
MemFree:          866836 kB
MemAvailable:    1524596 kB
Buffers:           42872 kB
Cached:           724216 kB
MemTotal:        1844596 kB
MemFree:          867004 kB
MemAvailable:    1524764 kB
Buffers:           42872 kB
Cached:           724216 kB
MemTotal:        1844596 kB
MemFree:          866752 kB
MemAvailable:    1524512 kB
Buffers:           42872 kB
Cached:           724216 kB
MemTotal:        1844596 kB
MemFree:          867004 kB
MemAvailable:    1524764 kB
Buffers:           42872 kB
Cached:           724216 kB
MemTotal:        1844596 kB
MemFree:          866892 kB
MemAvailable:    1524652 kB
Buffers:           42872 kB
Cached:           724216 kB
MemTotal:        1844596 kB
MemFree:          866904 kB
MemAvailable:    1524664 kB
Buffers:           42872 kB
Cached:           724216 kB
MemTotal:        1844596 kB
MemFree:          865632 kB
MemAvailable:    1523392 kB
Buffers:           42872 kB
Cached:           724216 kB
MemTotal:        1844596 kB
MemFree:          866748 kB
MemAvailable:    1524508 kB
Buffers:           42872 kB
Cached:           724216 kB
MemTotal:        1844596 kB
MemFree:          866664 kB
MemAvailable:    1524424 kB
Buffers:           42872 kB
Cached:           724216 kB
MemTotal:        1844596 kB
MemFree:          865788 kB
MemAvailable:    1523548 kB
Buffers:           42872 kB
Cached:           724216 kB
MemTotal:        1844596 kB
MemFree:          863184 kB
MemAvailable:    1520944 kB
Buffers:           42872 kB
Cached:           724216 kB
MemTotal:        1844596 kB
MemFree:          861696 kB
MemAvailable:    1519456 kB
Buffers:           42872 kB
Cached:           724216 kB
MemTotal:        1844596 kB
MemFree:          859692 kB
MemAvailable:    1517452 kB
Buffers:           42872 kB
Cached:           724216 kB
MemTotal:        1844596 kB
MemFree:          858340 kB
MemAvailable:    1516100 kB
Buffers:           42872 kB
Cached:           724216 kB
MemTotal:        1844596 kB
MemFree:          859084 kB
MemAvailable:    1516848 kB
Buffers:           42872 kB
Cached:           724220 kB
MemTotal:        1844596 kB
MemFree:          859084 kB
MemAvailable:    1516848 kB
Buffers:           42872 kB
Cached:           724220 kB
MemTotal:        1844596 kB
MemFree:          858696 kB
MemAvailable:    1516460 kB
Buffers:           42872 kB
Cached:           724220 kB
MemTotal:        1844596 kB
MemFree:          859032 kB
MemAvailable:    1516796 kB
Buffers:           42872 kB
Cached:           724220 kB
MemTotal:        1844596 kB
MemFree:          857840 kB
MemAvailable:    1515604 kB
Buffers:           42872 kB
Cached:           724220 kB
MemTotal:        1844596 kB
MemFree:          858812 kB
MemAvailable:    1516576 kB
Buffers:           42872 kB
Cached:           724220 kB
MemTotal:        1844596 kB
MemFree:          859064 kB
MemAvailable:    1516828 kB
Buffers:           42872 kB
Cached:           724220 kB
MemTotal:        1844596 kB
MemFree:          858896 kB
MemAvailable:    1516660 kB
Buffers:           42872 kB
Cached:           724220 kB
MemTotal:        1844596 kB
MemFree:          858704 kB
MemAvailable:    1516468 kB
Buffers:           42872 kB
Cached:           724220 kB
MemTotal:        1844596 kB
MemFree:          858788 kB
MemAvailable:    1516552 kB
Buffers:           42872 kB
Cached:           724220 kB
MemTotal:        1844596 kB
MemFree:          858920 kB
MemAvailable:    1516684 kB
Buffers:           42872 kB
Cached:           724220 kB
MemTotal:        1844596 kB
MemFree:          859088 kB
MemAvailable:    1516852 kB
Buffers:           42872 kB
Cached:           724220 kB
MemTotal:        1844596 kB
MemFree:          857548 kB
MemAvailable:    1515312 kB
Buffers:           42872 kB
Cached:           724220 kB
MemTotal:        1844596 kB
MemFree:          859212 kB
MemAvailable:    1516976 kB
Buffers:           42872 kB
Cached:           724220 kB
MemTotal:        1844596 kB
MemFree:          858588 kB
MemAvailable:    1516352 kB
Buffers:           42872 kB
Cached:           724220 kB
MemTotal:        1844596 kB
MemFree:          858588 kB
MemAvailable:    1516352 kB
Buffers:           42872 kB
Cached:           724220 kB
MemTotal:        1844596 kB
MemFree:          858224 kB
MemAvailable:    1515996 kB
Buffers:           42872 kB
Cached:           724228 kB
MemTotal:        1844596 kB
MemFree:          856736 kB
MemAvailable:    1514508 kB
Buffers:           42872 kB
Cached:           724228 kB
MemTotal:        1844596 kB
MemFree:          856728 kB
MemAvailable:    1514500 kB
Buffers:           42872 kB
Cached:           724228 kB
MemTotal:        1844596 kB
MemFree:          857224 kB
MemAvailable:    1514996 kB
Buffers:           42872 kB
Cached:           724228 kB
MemTotal:        1844596 kB
MemFree:          856116 kB
MemAvailable:    1513888 kB
Buffers:           42872 kB
Cached:           724228 kB
MemTotal:        1844596 kB
MemFree:          856964 kB
MemAvailable:    1514736 kB
Buffers:           42872 kB
Cached:           724228 kB
MemTotal:        1844596 kB
MemFree:          857300 kB
MemAvailable:    1515072 kB
Buffers:           42872 kB
Cached:           724228 kB
MemTotal:        1844596 kB
MemFree:          856240 kB
MemAvailable:    1514012 kB
Buffers:           42872 kB
Cached:           724228 kB
MemTotal:        1844596 kB
MemFree:          855124 kB
MemAvailable:    1512896 kB
Buffers:           42872 kB
Cached:           724228 kB
MemTotal:        1844596 kB
MemFree:          855728 kB
MemAvailable:    1513500 kB
Buffers:           42872 kB
Cached:           724228 kB
MemTotal:        1844596 kB
MemFree:          855980 kB
MemAvailable:    1513752 kB
Buffers:           42872 kB
Cached:           724228 kB
MemTotal:        1844596 kB
MemFree:          854240 kB
MemAvailable:    1512012 kB
Buffers:           42872 kB
Cached:           724228 kB
MemTotal:        1844596 kB
MemFree:          854752 kB
MemAvailable:    1512524 kB
Buffers:           42872 kB
Cached:           724228 kB
MemTotal:        1844596 kB
MemFree:          855060 kB
MemAvailable:    1512832 kB
Buffers:           42872 kB
Cached:           724228 kB
MemTotal:        1844596 kB
MemFree:          855228 kB
MemAvailable:    1513000 kB
Buffers:           42872 kB
Cached:           724228 kB
MemTotal:        1844596 kB
MemFree:          855132 kB
MemAvailable:    1512904 kB
Buffers:           42872 kB
Cached:           724228 kB
MemTotal:        1844596 kB
MemFree:          854880 kB
MemAvailable:    1512652 kB
Buffers:           42872 kB
Cached:           724228 kB
MemTotal:        1844596 kB
MemFree:          854896 kB
MemAvailable:    1512668 kB
Buffers:           42872 kB
Cached:           724228 kB
MemTotal:        1844596 kB
MemFree:          853704 kB
MemAvailable:    1511476 kB
Buffers:           42872 kB
Cached:           724228 kB
MemTotal:        1844596 kB
MemFree:          855004 kB
MemAvailable:    1512776 kB
Buffers:           42872 kB
Cached:           724228 kB
MemTotal:        1844596 kB
MemFree:          853864 kB
MemAvailable:    1511636 kB
Buffers:           42872 kB
Cached:           724228 kB
MemTotal:        1844596 kB
MemFree:          853740 kB
MemAvailable:    1511512 kB
Buffers:           42872 kB
Cached:           724228 kB
MemTotal:        1844596 kB
MemFree:          853380 kB
MemAvailable:    1511152 kB
Buffers:           42872 kB
Cached:           724228 kB
MemTotal:        1844596 kB
MemFree:          853760 kB
MemAvailable:    1511408 kB
Buffers:           42872 kB
Cached:           724228 kB
MemTotal:        1844596 kB
MemFree:          852636 kB
MemAvailable:    1510408 kB
Buffers:           42872 kB
Cached:           724228 kB
MemTotal:        1844596 kB
MemFree:          851856 kB
MemAvailable:    1509628 kB
Buffers:           42872 kB
Cached:           724228 kB
MemTotal:        1844596 kB
MemFree:          849792 kB
MemAvailable:    1507564 kB
Buffers:           42872 kB
Cached:           724228 kB
MemTotal:        1844596 kB
MemFree:          849396 kB
MemAvailable:    1507168 kB
Buffers:           42872 kB
Cached:           724228 kB
MemTotal:        1844596 kB
MemFree:          849732 kB
MemAvailable:    1507504 kB
Buffers:           42872 kB
Cached:           724228 kB
MemTotal:        1844596 kB
MemFree:          849280 kB
MemAvailable:    1507052 kB
Buffers:           42872 kB
Cached:           724228 kB
MemTotal:        1844596 kB
MemFree:          849284 kB
MemAvailable:    1507056 kB
Buffers:           42872 kB
Cached:           724228 kB
MemTotal:        1844596 kB
MemFree:          848108 kB
MemAvailable:    1505880 kB
Buffers:           42872 kB
Cached:           724228 kB
MemTotal:        1844596 kB
MemFree:          848960 kB
MemAvailable:    1506732 kB
Buffers:           42872 kB
Cached:           724228 kB
MemTotal:        1844596 kB
MemFree:          848960 kB
MemAvailable:    1506732 kB
Buffers:           42872 kB
Cached:           724228 kB
MemTotal:        1844596 kB
MemFree:          848992 kB
MemAvailable:    1506764 kB
Buffers:           42872 kB
Cached:           724228 kB
MemTotal:        1844596 kB
MemFree:          848984 kB
MemAvailable:    1506756 kB
Buffers:           42872 kB
Cached:           724228 kB
MemTotal:        1844596 kB
MemFree:          848800 kB
MemAvailable:    1506656 kB
Buffers:           42872 kB
Cached:           724228 kB
MemTotal:        1844596 kB
MemFree:          848944 kB
MemAvailable:    1506716 kB
Buffers:           42872 kB
Cached:           724228 kB
MemTotal:        1844596 kB
MemFree:          846692 kB
MemAvailable:    1504464 kB
Buffers:           42872 kB
Cached:           724228 kB
MemTotal:        1844596 kB
MemFree:          846940 kB
MemAvailable:    1504712 kB
Buffers:           42872 kB
Cached:           724228 kB
MemTotal:        1844596 kB
MemFree:          845932 kB
MemAvailable:    1503704 kB
Buffers:           42872 kB
Cached:           724228 kB
MemTotal:        1844596 kB
MemFree:          845932 kB
MemAvailable:    1503704 kB
Buffers:           42872 kB
Cached:           724228 kB
MemTotal:        1844596 kB
MemFree:          844696 kB
MemAvailable:    1502468 kB
Buffers:           42872 kB
Cached:           724228 kB
MemTotal:        1844596 kB
MemFree:          845928 kB
MemAvailable:    1503700 kB
Buffers:           42872 kB
Cached:           724228 kB
MemTotal:        1844596 kB
MemFree:          845624 kB
MemAvailable:    1503396 kB
Buffers:           42872 kB
Cached:           724228 kB
MemTotal:        1844596 kB
MemFree:          845792 kB
MemAvailable:    1503564 kB
Buffers:           42872 kB
Cached:           724228 kB
MemTotal:        1844596 kB
MemFree:          845808 kB
MemAvailable:    1503580 kB
Buffers:           42872 kB
Cached:           724228 kB
MemTotal:        1844596 kB
MemFree:          847912 kB
MemAvailable:    1505684 kB
Buffers:           42872 kB
Cached:           724228 kB
MemTotal:        1844596 kB
MemFree:          847636 kB
MemAvailable:    1505492 kB
Buffers:           42872 kB
Cached:           724352 kB
MemTotal:        1844596 kB
MemFree:          847428 kB
MemAvailable:    1505284 kB
Buffers:           42872 kB
Cached:           724352 kB
MemTotal:        1844596 kB
MemFree:          847504 kB
MemAvailable:    1505448 kB
Buffers:           42872 kB
Cached:           724480 kB
MemTotal:        1844596 kB
MemFree:          847504 kB
MemAvailable:    1505448 kB
Buffers:           42872 kB
Cached:           724480 kB
MemTotal:        1844596 kB
MemFree:          847160 kB
MemAvailable:    1505272 kB
Buffers:           42872 kB
Cached:           724728 kB
MemTotal:        1844596 kB
MemFree:          847328 kB
MemAvailable:    1505524 kB
Buffers:           42872 kB
Cached:           724728 kB
MemTotal:        1844596 kB
MemFree:          847108 kB
MemAvailable:    1505388 kB
Buffers:           42872 kB
Cached:           724852 kB
MemTotal:        1844596 kB
MemFree:          847108 kB
MemAvailable:    1505388 kB
Buffers:           42872 kB
Cached:           724852 kB
MemTotal:        1844596 kB
MemFree:          847132 kB
MemAvailable:    1505496 kB
Buffers:           42872 kB
Cached:           724852 kB
MemTotal:        1844596 kB
MemFree:          847356 kB
MemAvailable:    1505720 kB
Buffers:           42872 kB
Cached:           724852 kB
MemTotal:        1844596 kB
MemFree:          846516 kB
MemAvailable:    1504880 kB
Buffers:           42872 kB
Cached:           724852 kB
MemTotal:        1844596 kB
MemFree:          846856 kB
MemAvailable:    1505220 kB
Buffers:           42872 kB
Cached:           724852 kB
MemTotal:        1844596 kB
MemFree:          847192 kB
MemAvailable:    1505556 kB
Buffers:           42872 kB
Cached:           724852 kB
MemTotal:        1844596 kB
MemFree:          847164 kB
MemAvailable:    1505528 kB
Buffers:           42872 kB
Cached:           724852 kB
MemTotal:        1844596 kB
MemFree:          847056 kB
MemAvailable:    1505420 kB
Buffers:           42872 kB
Cached:           724852 kB
MemTotal:        1844596 kB
MemFree:          847180 kB
MemAvailable:    1504956 kB
Buffers:           42872 kB
Cached:           724220 kB
MemTotal:        1844596 kB
MemFree:          912272 kB
MemAvailable:    1570048 kB
Buffers:           42872 kB
Cached:           724220 kB
MemTotal:        1844596 kB
MemFree:          912272 kB
MemAvailable:    1570048 kB
Buffers:           42872 kB
Cached:           724220 kB
