MemTotal:        1844596 kB
MemFree:          825712 kB
MemAvailable:    1538700 kB
Buffers:           49436 kB
Cached:           773052 kB
MemTotal:        1844596 kB
MemFree:          825796 kB
MemAvailable:    1538784 kB
Buffers:           49436 kB
Cached:           773052 kB
MemTotal:        1844596 kB
MemFree:          823992 kB
MemAvailable:    1536980 kB
Buffers:           49436 kB
Cached:           773052 kB
MemTotal:        1844596 kB
MemFree:          823992 kB
MemAvailable:    1536980 kB
Buffers:           49436 kB
Cached:           773052 kB
MemTotal:        1844596 kB
MemFree:          821264 kB
MemAvailable:    1534252 kB
Buffers:           49436 kB
Cached:           773052 kB
MemTotal:        1844596 kB
MemFree:          821380 kB
MemAvailable:    1534368 kB
Buffers:           49436 kB
Cached:           773052 kB
MemTotal:        1844596 kB
MemFree:          819520 kB
MemAvailable:    1532508 kB
Buffers:           49436 kB
Cached:           773052 kB
MemTotal:        1844596 kB
MemFree:          816412 kB
MemAvailable:    1529400 kB
Buffers:           49436 kB
Cached:           773052 kB
MemTotal:        1844596 kB
MemFree:          816412 kB
MemAvailable:    1529400 kB
Buffers:           49436 kB
Cached:           773052 kB
MemTotal:        1844596 kB
MemFree:          810724 kB
MemAvailable:    1523712 kB
Buffers:           49436 kB
Cached:           773052 kB
MemTotal:        1844596 kB
MemFree:          812508 kB
MemAvailable:    1525496 kB
Buffers:           49436 kB
Cached:           773052 kB
MemTotal:        1844596 kB
MemFree:          812320 kB
MemAvailable:    1525308 kB
Buffers:           49436 kB
Cached:           773052 kB
MemTotal:        1844596 kB
MemFree:          812328 kB
MemAvailable:    1525316 kB
Buffers:           49436 kB
Cached:           773052 kB
MemTotal:        1844596 kB
MemFree:          812220 kB
MemAvailable:    1525208 kB
Buffers:           49436 kB
Cached:           773052 kB
MemTotal:        1844596 kB
MemFree:          812148 kB
MemAvailable:    1525136 kB
Buffers:           49436 kB
Cached:           773052 kB
MemTotal:        1844596 kB
MemFree:          811840 kB
MemAvailable:    1524828 kB
Buffers:           49436 kB
Cached:           773052 kB
MemTotal:        1844596 kB
MemFree:          812156 kB
MemAvailable:    1525144 kB
Buffers:           49436 kB
Cached:           773052 kB
MemTotal:        1844596 kB
MemFree:          811428 kB
MemAvailable:    1524416 kB
Buffers:           49436 kB
Cached:           773052 kB
MemTotal:        1844596 kB
MemFree:          809732 kB
MemAvailable:    1522720 kB
Buffers:           49436 kB
Cached:           773052 kB
MemTotal:        1844596 kB
MemFree:          808732 kB
MemAvailable:    1521728 kB
Buffers:           49436 kB
Cached:           773056 kB
MemTotal:        1844596 kB
MemFree:          809964 kB
MemAvailable:    1522960 kB
Buffers:           49436 kB
Cached:           773056 kB
MemTotal:        1844596 kB
MemFree:          808476 kB
MemAvailable:    1521472 kB
Buffers:           49436 kB
Cached:           773056 kB
MemTotal:        1844596 kB
MemFree:          809992 kB
MemAvailable:    1522988 kB
Buffers:           49436 kB
Cached:           773056 kB
MemTotal:        1844596 kB
MemFree:          809920 kB
MemAvailable:    1522916 kB
Buffers:           49436 kB
Cached:           773056 kB
MemTotal:        1844596 kB
MemFree:          810172 kB
MemAvailable:    1523168 kB
Buffers:           49436 kB
Cached:           773056 kB
MemTotal:        1844596 kB
MemFree:          809932 kB
MemAvailable:    1522928 kB
Buffers:           49436 kB
Cached:           773056 kB
MemTotal:        1844596 kB
MemFree:          809788 kB
MemAvailable:    1522784 kB
Buffers:           49436 kB
Cached:           773056 kB
MemTotal:        1844596 kB
MemFree:          810040 kB
MemAvailable:    1523036 kB
Buffers:           49436 kB
Cached:           773056 kB
MemTotal:        1844596 kB
MemFree:          811220 kB
MemAvailable:    1524216 kB
Buffers:           49436 kB
Cached:           773056 kB
MemTotal:        1844596 kB
MemFree:          811072 kB
MemAvailable:    1524068 kB
Buffers:           49436 kB
Cached:           773056 kB
MemTotal:        1844596 kB
MemFree:          811408 kB
MemAvailable:    1524404 kB
Buffers:           49436 kB
Cached:           773056 kB
MemTotal:        1844596 kB
MemFree:          808104 kB
MemAvailable:    1521100 kB
Buffers:           49436 kB
Cached:           773056 kB
MemTotal:        1844596 kB
MemFree:          808104 kB
MemAvailable:    1521100 kB
Buffers:           49436 kB
Cached:           773056 kB
MemTotal:        1844596 kB
MemFree:          807624 kB
MemAvailable:    1520620 kB
Buffers:           49436 kB
Cached:           773056 kB
MemTotal:        1844596 kB
MemFree:          806872 kB
MemAvailable:    1519868 kB
Buffers:           49436 kB
Cached:           773056 kB
MemTotal:        1844596 kB
MemFree:          806872 kB
MemAvailable:    1519868 kB
Buffers:           49436 kB
Cached:           773056 kB
MemTotal:        1844596 kB
MemFree:          805964 kB
MemAvailable:    1518960 kB
Buffers:           49436 kB
Cached:           773056 kB
MemTotal:        1844596 kB
MemFree:          806132 kB
MemAvailable:    1519128 kB
Buffers:           49436 kB
Cached:           773056 kB
MemTotal:        1844596 kB
MemFree:          805836 kB
MemAvailable:    1518832 kB
Buffers:           49436 kB
Cached:           773056 kB
MemTotal:        1844596 kB
MemFree:          804772 kB
MemAvailable:    1517768 kB
Buffers:           49436 kB
Cached:           773056 kB
MemTotal:        1844596 kB
MemFree:          805632 kB
MemAvailable:    1518628 kB
Buffers:           49436 kB
Cached:           773056 kB
MemTotal:        1844596 kB
MemFree:          805888 kB
MemAvailable:    1518884 kB
Buffers:           49436 kB
Cached:           773056 kB
MemTotal:        1844596 kB
MemFree:          804516 kB
MemAvailable:    1517512 kB
Buffers:           49436 kB
Cached:           773056 kB
MemTotal:        1844596 kB
MemFree:          805252 kB
MemAvailable:    1518248 kB
Buffers:           49436 kB
Cached:           773056 kB
MemTotal:        1844596 kB
MemFree:          804484 kB
MemAvailable:    1517480 kB
Buffers:           49436 kB
Cached:           773056 kB
MemTotal:        1844596 kB
MemFree:          805072 kB
MemAvailable:    1518068 kB
Buffers:           49436 kB
Cached:           773056 kB
MemTotal:        1844596 kB
MemFree:          804948 kB
MemAvailable:    1517944 kB
Buffers:           49436 kB
Cached:           773056 kB
MemTotal:        1844596 kB
MemFree:          804700 kB
MemAvailable:    1517696 kB
Buffers:           49436 kB
Cached:           773056 kB
MemTotal:        1844596 kB
MemFree:          804840 kB
MemAvailable:    1517836 kB
Buffers:           49436 kB
Cached:           773056 kB
MemTotal:        1844596 kB
MemFree:          804812 kB
MemAvailable:    1517808 kB
Buffers:           49436 kB
Cached:           773056 kB
MemTotal:        1844596 kB
MemFree:          804400 kB
MemAvailable:    1517396 kB
Buffers:           49436 kB
Cached:           773056 kB
MemTotal:        1844596 kB
MemFree:          804712 kB
MemAvailable:    1517708 kB
Buffers:           49436 kB
Cached:           773056 kB
MemTotal:        1844596 kB
MemFree:          804964 kB
MemAvailable:    1517960 kB
Buffers:           49436 kB
Cached:           773056 kB
MemTotal:        1844596 kB
MemFree:          804724 kB
MemAvailable:    1517720 kB
Buffers:           49436 kB
Cached:           773056 kB
MemTotal:        1844596 kB
MemFree:          803396 kB
MemAvailable:    1516392 kB
Buffers:           49436 kB
Cached:           773056 kB
MemTotal:        1844596 kB
MemFree:          804636 kB
MemAvailable:    1517632 kB
Buffers:           49436 kB
Cached:           773056 kB
MemTotal:        1844596 kB
MemFree:          803340 kB
MemAvailable:    1516336 kB
Buffers:           49436 kB
Cached:           773056 kB
MemTotal:        1844596 kB
MemFree:          804448 kB
MemAvailable:    1517444 kB
Buffers:           49436 kB
Cached:           773056 kB
MemTotal:        1844596 kB
MemFree:          804448 kB
MemAvailable:    1517444 kB
Buffers:           49436 kB
Cached:           773056 kB
MemTotal:        1844596 kB
MemFree:          802996 kB
MemAvailable:    1515992 kB
Buffers:           49436 kB
Cached:           773056 kB
MemTotal:        1844596 kB
MemFree:          804112 kB
MemAvailable:    1517108 kB
Buffers:           49436 kB
Cached:           773056 kB
MemTotal:        1844596 kB
MemFree:          802996 kB
MemAvailable:    1515992 kB
Buffers:           49436 kB
Cached:           773056 kB
MemTotal:        1844596 kB
MemFree:          804152 kB
MemAvailable:    1517148 kB
Buffers:           49436 kB
Cached:           773056 kB
MemTotal:        1844596 kB
MemFree:          803964 kB
MemAvailable:    1516968 kB
Buffers:           49436 kB
Cached:           773064 kB
MemTotal:        1844596 kB
MemFree:          804044 kB
MemAvailable:    1517048 kB
Buffers:           49436 kB
Cached:           773064 kB
MemTotal:        1844596 kB
MemFree:          802352 kB
MemAvailable:    1515356 kB
Buffers:           49436 kB
Cached:           773064 kB
MemTotal:        1844596 kB
MemFree:          803784 kB
MemAvailable:    1516788 kB
Buffers:           49436 kB
Cached:           773064 kB
MemTotal:        1844596 kB
MemFree:          803160 kB
MemAvailable:    1516164 kB
Buffers:           49436 kB
Cached:           773064 kB
MemTotal:        1844596 kB
MemFree:          803800 kB
MemAvailable:    1516804 kB
Buffers:           49436 kB
Cached:           773064 kB
MemTotal:        1844596 kB
MemFree:          803952 kB
MemAvailable:    1516956 kB
Buffers:           49436 kB
Cached:           773064 kB
MemTotal:        1844596 kB
MemFree:          802392 kB
MemAvailable:    1515396 kB
Buffers:           49436 kB
Cached:           773064 kB
MemTotal:        1844596 kB
MemFree:          802532 kB
MemAvailable:    1515536 kB
Buffers:           49436 kB
Cached:           773064 kB
MemTotal:        1844596 kB
MemFree:          803204 kB
MemAvailable:    1516208 kB
Buffers:           49436 kB
Cached:           773064 kB
MemTotal:        1844596 kB
MemFree:          800920 kB
MemAvailable:    1513924 kB
Buffers:           49436 kB
Cached:           773064 kB
MemTotal:        1844596 kB
MemFree:          800432 kB
MemAvailable:    1513436 kB
Buffers:           49436 kB
Cached:           773064 kB
MemTotal:        1844596 kB
MemFree:          799192 kB
MemAvailable:    1512196 kB
Buffers:           49436 kB
Cached:           773064 kB
MemTotal:        1844596 kB
MemFree:          795472 kB
MemAvailable:    1508476 kB
Buffers:           49436 kB
Cached:           773064 kB
MemTotal:        1844596 kB
MemFree:          796400 kB
MemAvailable:    1509404 kB
Buffers:           49436 kB
Cached:           773064 kB
MemTotal:        1844596 kB
MemFree:          796152 kB
MemAvailable:    1509156 kB
Buffers:           49436 kB
Cached:           773064 kB
MemTotal:        1844596 kB
MemFree:          794844 kB
MemAvailable:    1507848 kB
Buffers:           49436 kB
Cached:           773064 kB
MemTotal:        1844596 kB
MemFree:          795992 kB
MemAvailable:    1508996 kB
Buffers:           49436 kB
Cached:           773064 kB
MemTotal:        1844596 kB
MemFree:          794660 kB
MemAvailable:    1507664 kB
Buffers:           49436 kB
Cached:           773064 kB
MemTotal:        1844596 kB
MemFree:          795712 kB
MemAvailable:    1508716 kB
Buffers:           49436 kB
Cached:           773064 kB
MemTotal:        1844596 kB
MemFree:          795704 kB
MemAvailable:    1508708 kB
Buffers:           49436 kB
Cached:           773064 kB
MemTotal:        1844596 kB
MemFree:          795832 kB
MemAvailable:    1508836 kB
Buffers:           49436 kB
Cached:           773064 kB
MemTotal:        1844596 kB
MemFree:          794568 kB
MemAvailable:    1507572 kB
Buffers:           49436 kB
Cached:           773064 kB
MemTotal:        1844596 kB
MemFree:          794604 kB
MemAvailable:    1507608 kB
Buffers:           49436 kB
Cached:           773064 kB
MemTotal:        1844596 kB
MemFree:          795836 kB
MemAvailable:    1508840 kB
Buffers:           49436 kB
Cached:           773064 kB
MemTotal:        1844596 kB
MemFree:          796088 kB
MemAvailable:    1509092 kB
Buffers:           49436 kB
Cached:           773064 kB
MemTotal:        1844596 kB
MemFree:          795796 kB
MemAvailable:    1508800 kB
Buffers:           49436 kB
Cached:           773064 kB
MemTotal:        1844596 kB
MemFree:          794716 kB
MemAvailable:    1507720 kB
Buffers:           49436 kB
Cached:           773064 kB
MemTotal:        1844596 kB
MemFree:          796000 kB
MemAvailable:    1509004 kB
Buffers:           49436 kB
Cached:           773064 kB
MemTotal:        1844596 kB
MemFree:          794604 kB
MemAvailable:    1507608 kB
Buffers:           49436 kB
Cached:           773064 kB
MemTotal:        1844596 kB
MemFree:          794356 kB
MemAvailable:    1507364 kB
Buffers:           49436 kB
Cached:           773068 kB
MemTotal:        1844596 kB
MemFree:          795204 kB
MemAvailable:    1508212 kB
Buffers:           49436 kB
Cached:           773068 kB
MemTotal:        1844596 kB
MemFree:          794472 kB
MemAvailable:    1507480 kB
Buffers:           49436 kB
Cached:           773068 kB
MemTotal:        1844596 kB
MemFree:          794240 kB
MemAvailable:    1507248 kB
Buffers:           49436 kB
Cached:           773068 kB
MemTotal:        1844596 kB
MemFree:          794052 kB
MemAvailable:    1507060 kB
Buffers:           49436 kB
Cached:           773068 kB
MemTotal:        1844596 kB
MemFree:          794304 kB
MemAvailable:    1507312 kB
Buffers:           49436 kB
Cached:           773068 kB
MemTotal:        1844596 kB
MemFree:          794060 kB
MemAvailable:    1507068 kB
Buffers:           49436 kB
Cached:           773068 kB
MemTotal:        1844596 kB
MemFree:          793324 kB
MemAvailable:    1506332 kB
Buffers:           49436 kB
Cached:           773068 kB
MemTotal:        1844596 kB
MemFree:          792488 kB
MemAvailable:    1505496 kB
Buffers:           49436 kB
Cached:           773068 kB
MemTotal:        1844596 kB
MemFree:          791556 kB
MemAvailable:    1504564 kB
Buffers:           49436 kB
Cached:           773068 kB
MemTotal:        1844596 kB
MemFree:          792356 kB
MemAvailable:    1505364 kB
Buffers:           49436 kB
Cached:           773068 kB
MemTotal:        1844596 kB
MemFree:          792440 kB
MemAvailable:    1505448 kB
Buffers:           49436 kB
Cached:           773068 kB
MemTotal:        1844596 kB
MemFree:          792344 kB
MemAvailable:    1505352 kB
Buffers:           49436 kB
Cached:           773068 kB
MemTotal:        1844596 kB
MemFree:          791504 kB
MemAvailable:    1504512 kB
Buffers:           49436 kB
Cached:           773068 kB
MemTotal:        1844596 kB
MemFree:          791980 kB
MemAvailable:    1504988 kB
Buffers:           49436 kB
Cached:           773068 kB
MemTotal:        1844596 kB
MemFree:          792232 kB
MemAvailable:    1505240 kB
Buffers:           49436 kB
Cached:           773068 kB
MemTotal:        1844596 kB
MemFree:          791820 kB
MemAvailable:    1504828 kB
Buffers:           49436 kB
Cached:           773068 kB
MemTotal:        1844596 kB
MemFree:          792076 kB
MemAvailable:    1505084 kB
Buffers:           49436 kB
Cached:           773068 kB
MemTotal:        1844596 kB
MemFree:          791940 kB
MemAvailable:    1504948 kB
Buffers:           49436 kB
Cached:           773068 kB
MemTotal:        1844596 kB
MemFree:          791940 kB
MemAvailable:    1504948 kB
Buffers:           49436 kB
Cached:           773068 kB
MemTotal:        1844596 kB
MemFree:          791984 kB
MemAvailable:    1504992 kB
Buffers:           49436 kB
Cached:           773068 kB
MemTotal:        1844596 kB
MemFree:          792124 kB
MemAvailable:    1505132 kB
Buffers:           49436 kB
Cached:           773068 kB
MemTotal:        1844596 kB
MemFree:          791680 kB
MemAvailable:    1504688 kB
Buffers:           49436 kB
Cached:           773068 kB
MemTotal:        1844596 kB
MemFree:          791688 kB
MemAvailable:    1504696 kB
Buffers:           49436 kB
Cached:           773068 kB
MemTotal:        1844596 kB
MemFree:          789768 kB
MemAvailable:    1502776 kB
Buffers:           49436 kB
Cached:           773068 kB
MemTotal:        1844596 kB
MemFree:          785552 kB
MemAvailable:    1498560 kB
Buffers:           49436 kB
Cached:           773068 kB
MemTotal:        1844596 kB
MemFree:          786784 kB
MemAvailable:    1499792 kB
Buffers:           49436 kB
Cached:           773068 kB
MemTotal:        1844596 kB
MemFree:          786280 kB
MemAvailable:    1499288 kB
Buffers:           49436 kB
Cached:           773068 kB
MemTotal:        1844596 kB
MemFree:          786532 kB
MemAvailable:    1499540 kB
Buffers:           49436 kB
Cached:           773068 kB
MemTotal:        1844596 kB
MemFree:          786216 kB
MemAvailable:    1499224 kB
Buffers:           49436 kB
Cached:           773068 kB
MemTotal:        1844596 kB
MemFree:          786276 kB
MemAvailable:    1499284 kB
Buffers:           49436 kB
Cached:           773068 kB
MemTotal:        1844596 kB
MemFree:          786284 kB
MemAvailable:    1499292 kB
Buffers:           49436 kB
Cached:           773068 kB
MemTotal:        1844596 kB
MemFree:          785056 kB
MemAvailable:    1498064 kB
Buffers:           49436 kB
Cached:           773068 kB
MemTotal:        1844596 kB
MemFree:          786108 kB
MemAvailable:    1499116 kB
Buffers:           49436 kB
Cached:           773068 kB
MemTotal:        1844596 kB
MemFree:          786108 kB
MemAvailable:    1499116 kB
Buffers:           49436 kB
Cached:           773068 kB
MemTotal:        1844596 kB
MemFree:          785652 kB
MemAvailable:    1498660 kB
Buffers:           49436 kB
Cached:           773068 kB
MemTotal:        1844596 kB
MemFree:          785820 kB
MemAvailable:    1498828 kB
Buffers:           49436 kB
Cached:           773068 kB
MemTotal:        1844596 kB
MemFree:          785056 kB
MemAvailable:    1498064 kB
Buffers:           49436 kB
Cached:           773068 kB
MemTotal:        1844596 kB
MemFree:          783568 kB
MemAvailable:    1496576 kB
Buffers:           49436 kB
Cached:           773068 kB
MemTotal:        1844596 kB
MemFree:          782636 kB
MemAvailable:    1495644 kB
Buffers:           49436 kB
Cached:           773068 kB
MemTotal:        1844596 kB
MemFree:          782892 kB
MemAvailable:    1495900 kB
Buffers:           49436 kB
Cached:           773068 kB
MemTotal:        1844596 kB
MemFree:          783020 kB
MemAvailable:    1496028 kB
Buffers:           49436 kB
Cached:           773068 kB
MemTotal:        1844596 kB
MemFree:          781392 kB
MemAvailable:    1494400 kB
Buffers:           49436 kB
Cached:           773068 kB
MemTotal:        1844596 kB
MemFree:          782632 kB
MemAvailable:    1495640 kB
Buffers:           49436 kB
Cached:           773068 kB
MemTotal:        1844596 kB
MemFree:          782396 kB
MemAvailable:    1495404 kB
Buffers:           49436 kB
Cached:           773068 kB
MemTotal:        1844596 kB
MemFree:          782756 kB
MemAvailable:    1495764 kB
Buffers:           49436 kB
Cached:           773068 kB
MemTotal:        1844596 kB
MemFree:          782080 kB
MemAvailable:    1495088 kB
Buffers:           49436 kB
Cached:           773068 kB
MemTotal:        1844596 kB
MemFree:          784604 kB
MemAvailable:    1497612 kB
Buffers:           49436 kB
Cached:           773068 kB
MemTotal:        1844596 kB
MemFree:          784856 kB
MemAvailable:    1497864 kB
Buffers:           49436 kB
Cached:           773068 kB
MemTotal:        1844596 kB
MemFree:          784348 kB
MemAvailable:    1497608 kB
Buffers:           49436 kB
Cached:           773316 kB
MemTotal:        1844596 kB
MemFree:          784684 kB
MemAvailable:    1497944 kB
Buffers:           49436 kB
Cached:           773316 kB
MemTotal:        1844596 kB
MemFree:          784436 kB
MemAvailable:    1497848 kB
Buffers:           49436 kB
Cached:           773504 kB
MemTotal:        1844596 kB
MemFree:          783188 kB
MemAvailable:    1496768 kB
Buffers:           49436 kB
Cached:           773628 kB
MemTotal:        1844596 kB
MemFree:          783320 kB
MemAvailable:    1496900 kB
Buffers:           49436 kB
Cached:           773628 kB
MemTotal:        1844596 kB
MemFree:          784364 kB
MemAvailable:    1497948 kB
Buffers:           49436 kB
Cached:           773632 kB
MemTotal:        1844596 kB
MemFree:          783072 kB
MemAvailable:    1496656 kB
Buffers:           49436 kB
Cached:           773632 kB
MemTotal:        1844596 kB
MemFree:          782760 kB
MemAvailable:    1496344 kB
Buffers:           49436 kB
Cached:           773632 kB
MemTotal:        1844596 kB
MemFree:          782760 kB
MemAvailable:    1496344 kB
Buffers:           49436 kB
Cached:           773632 kB
MemTotal:        1844596 kB
MemFree:          782812 kB
MemAvailable:    1496396 kB
Buffers:           49436 kB
Cached:           773632 kB
MemTotal:        1844596 kB
MemFree:          782928 kB
MemAvailable:    1496512 kB
Buffers:           49436 kB
Cached:           773632 kB
MemTotal:        1844596 kB
MemFree:          784112 kB
MemAvailable:    1497696 kB
Buffers:           49436 kB
Cached:           773632 kB
MemTotal:        1844596 kB
MemFree:          784064 kB
MemAvailable:    1497732 kB
Buffers:           49436 kB
Cached:           773756 kB
MemTotal:        1844596 kB
MemFree:          783148 kB
MemAvailable:    1496144 kB
Buffers:           49436 kB
Cached:           773084 kB
MemTotal:        1844596 kB
MemFree:          825640 kB
MemAvailable:    1538720 kB
Buffers:           49436 kB
Cached:           773084 kB
