MemTotal:        1844596 kB
MemFree:          957776 kB
MemAvailable:    1560844 kB
Buffers:           35088 kB
Cached:           672204 kB
MemTotal:        1844596 kB
MemFree:          953748 kB
MemAvailable:    1556816 kB
Buffers:           35088 kB
Cached:           672204 kB
MemTotal:        1844596 kB
MemFree:          952064 kB
MemAvailable:    1555132 kB
Buffers:           35088 kB
Cached:           672204 kB
MemTotal:        1844596 kB
MemFree:          951460 kB
MemAvailable:    1554528 kB
Buffers:           35088 kB
Cached:           672204 kB
MemTotal:        1844596 kB
MemFree:          950088 kB
MemAvailable:    1553156 kB
Buffers:           35088 kB
Cached:           672204 kB
MemTotal:        1844596 kB
MemFree:          950032 kB
MemAvailable:    1553100 kB
Buffers:           35088 kB
Cached:           672204 kB
MemTotal:        1844596 kB
MemFree:          949660 kB
MemAvailable:    1552728 kB
Buffers:           35088 kB
Cached:           672204 kB
MemTotal:        1844596 kB
MemFree:          947120 kB
MemAvailable:    1550188 kB
Buffers:           35088 kB
Cached:           672204 kB
MemTotal:        1844596 kB
MemFree:          944640 kB
MemAvailable:    1547708 kB
Buffers:           35088 kB
Cached:           672204 kB
MemTotal:        1844596 kB
MemFree:          943236 kB
MemAvailable:    1546304 kB
Buffers:           35088 kB
Cached:           672204 kB
MemTotal:        1844596 kB
MemFree:          937696 kB
MemAvailable:    1540764 kB
Buffers:           35088 kB
Cached:           672204 kB
MemTotal:        1844596 kB
MemFree:          940044 kB
MemAvailable:    1543112 kB
Buffers:           35088 kB
Cached:           672204 kB
MemTotal:        1844596 kB
MemFree:          940044 kB
MemAvailable:    1543112 kB
Buffers:           35088 kB
Cached:           672204 kB
MemTotal:        1844596 kB
MemFree:          939864 kB
MemAvailable:    1542932 kB
Buffers:           35088 kB
Cached:           672204 kB
MemTotal:        1844596 kB
MemFree:          939948 kB
MemAvailable:    1543016 kB
Buffers:           35088 kB
Cached:           672204 kB
MemTotal:        1844596 kB
MemFree:          938624 kB
MemAvailable:    1541692 kB
Buffers:           35088 kB
Cached:           672204 kB
MemTotal:        1844596 kB
MemFree:          939932 kB
MemAvailable:    1543000 kB
Buffers:           35088 kB
Cached:           672204 kB
MemTotal:        1844596 kB
MemFree:          939352 kB
MemAvailable:    1542420 kB
Buffers:           35088 kB
Cached:           672204 kB
MemTotal:        1844596 kB
MemFree:          938192 kB
MemAvailable:    1541260 kB
Buffers:           35088 kB
Cached:           672204 kB
MemTotal:        1844596 kB
MemFree:          937756 kB
MemAvailable:    1540824 kB
Buffers:           35088 kB
Cached:           672204 kB
MemTotal:        1844596 kB
MemFree:          937584 kB
MemAvailable:    1540652 kB
Buffers:           35088 kB
Cached:           672204 kB
MemTotal:        1844596 kB
MemFree:          936276 kB
MemAvailable:    1539344 kB
Buffers:           35088 kB
Cached:           672204 kB
MemTotal:        1844596 kB
MemFree:          936276 kB
MemAvailable:    1539344 kB
Buffers:           35088 kB
Cached:           672204 kB
MemTotal:        1844596 kB
MemFree:          937744 kB
MemAvailable:    1540812 kB
Buffers:           35088 kB
Cached:           672204 kB
MemTotal:        1844596 kB
MemFree:          936256 kB
MemAvailable:    1539324 kB
Buffers:           35088 kB
Cached:           672204 kB
MemTotal:        1844596 kB
MemFree:          937416 kB
MemAvailable:    1540484 kB
Buffers:           35088 kB
Cached:           672204 kB
MemTotal:        1844596 kB
MemFree:          937752 kB
MemAvailable:    1540820 kB
Buffers:           35088 kB
Cached:           672204 kB
MemTotal:        1844596 kB
MemFree:          936300 kB
MemAvailable:    1539368 kB
Buffers:           35088 kB
Cached:           672204 kB
MemTotal:        1844596 kB
MemFree:          937768 kB
MemAvailable:    1540836 kB
Buffers:           35088 kB
Cached:           672204 kB
MemTotal:        1844596 kB
MemFree:          937768 kB
MemAvailable:    1540836 kB
Buffers:           35088 kB
Cached:           672204 kB
MemTotal:        1844596 kB
MemFree:          936696 kB
MemAvailable:    1539764 kB
Buffers:           35088 kB
Cached:           672204 kB
MemTotal:        1844596 kB
MemFree:          936588 kB
MemAvailable:    1539656 kB
Buffers:           35088 kB
Cached:           672204 kB
MemTotal:        1844596 kB
MemFree:          935464 kB
MemAvailable:    1538532 kB
Buffers:           35088 kB
Cached:           672204 kB
MemTotal:        1844596 kB
MemFree:          935092 kB
MemAvailable:    1538160 kB
Buffers:           35088 kB
Cached:           672204 kB
MemTotal:        1844596 kB
MemFree:          933348 kB
MemAvailable:    1536416 kB
Buffers:           35088 kB
Cached:           672204 kB
MemTotal:        1844596 kB
MemFree:          934400 kB
MemAvailable:    1537468 kB
Buffers:           35088 kB
Cached:           672204 kB
MemTotal:        1844596 kB
MemFree:          933424 kB
MemAvailable:    1536492 kB
Buffers:           35088 kB
Cached:           672204 kB
MemTotal:        1844596 kB
MemFree:          933424 kB
MemAvailable:    1536492 kB
Buffers:           35088 kB
Cached:           672204 kB
MemTotal:        1844596 kB
MemFree:          933424 kB
MemAvailable:    1536492 kB
Buffers:           35088 kB
Cached:           672204 kB
MemTotal:        1844596 kB
MemFree:          933480 kB
MemAvailable:    1536548 kB
Buffers:           35088 kB
Cached:           672204 kB
MemTotal:        1844596 kB
MemFree:          932736 kB
MemAvailable:    1535804 kB
Buffers:           35088 kB
Cached:           672204 kB
MemTotal:        1844596 kB
MemFree:          933468 kB
MemAvailable:    1536536 kB
Buffers:           35088 kB
Cached:           672204 kB
MemTotal:        1844596 kB
MemFree:          933356 kB
MemAvailable:    1536424 kB
Buffers:           35088 kB
Cached:           672204 kB
MemTotal:        1844596 kB
MemFree:          932172 kB
MemAvailable:    1535240 kB
Buffers:           35088 kB
Cached:           672204 kB
MemTotal:        1844596 kB
MemFree:          933288 kB
MemAvailable:    1536356 kB
Buffers:           35088 kB
Cached:           672204 kB
MemTotal:        1844596 kB
MemFree:          932164 kB
MemAvailable:    1535232 kB
Buffers:           35088 kB
Cached:           672204 kB
MemTotal:        1844596 kB
MemFree:          931744 kB
MemAvailable:    1534812 kB
Buffers:           35088 kB
Cached:           672204 kB
MemTotal:        1844596 kB
MemFree:          932168 kB
MemAvailable:    1535236 kB
Buffers:           35088 kB
Cached:           672204 kB
MemTotal:        1844596 kB
MemFree:          932168 kB
MemAvailable:    1535236 kB
Buffers:           35088 kB
Cached:           672204 kB
MemTotal:        1844596 kB
MemFree:          931104 kB
MemAvailable:    1534172 kB
Buffers:           35088 kB
Cached:           672204 kB
MemTotal:        1844596 kB
MemFree:          932428 kB
MemAvailable:    1535496 kB
Buffers:           35088 kB
Cached:           672204 kB
MemTotal:        1844596 kB
MemFree:          932596 kB
MemAvailable:    1535664 kB
Buffers:           35088 kB
Cached:           672204 kB
MemTotal:        1844596 kB
MemFree:          932316 kB
MemAvailable:    1535384 kB
Buffers:           35088 kB
Cached:           672204 kB
MemTotal:        1844596 kB
MemFree:          931236 kB
MemAvailable:    1534304 kB
Buffers:           35088 kB
Cached:           672204 kB
MemTotal:        1844596 kB
MemFree:          932572 kB
MemAvailable:    1535640 kB
Buffers:           35088 kB
Cached:           672204 kB
MemTotal:        1844596 kB
MemFree:          931248 kB
MemAvailable:    1534316 kB
Buffers:           35088 kB
Cached:           672204 kB
MemTotal:        1844596 kB
MemFree:          931200 kB
MemAvailable:    1534268 kB
Buffers:           35088 kB
Cached:           672204 kB
MemTotal:        1844596 kB
MemFree:          932424 kB
MemAvailable:    1535492 kB
Buffers:           35088 kB
Cached:           672204 kB
MemTotal:        1844596 kB
MemFree:          932312 kB
MemAvailable:    1535380 kB
Buffers:           35088 kB
Cached:           672204 kB
MemTotal:        1844596 kB
MemFree:          931124 kB
MemAvailable:    1534192 kB
Buffers:           35088 kB
Cached:           672204 kB
MemTotal:        1844596 kB
MemFree:          931000 kB
MemAvailable:    1534068 kB
Buffers:           35088 kB
Cached:           672204 kB
MemTotal:        1844596 kB
MemFree:          931000 kB
MemAvailable:    1534068 kB
Buffers:           35088 kB
Cached:           672204 kB
MemTotal:        1844596 kB
MemFree:          931716 kB
MemAvailable:    1534784 kB
Buffers:           35088 kB
Cached:           672204 kB
MemTotal:        1844596 kB
MemFree:          931800 kB
MemAvailable:    1534868 kB
Buffers:           35088 kB
Cached:           672204 kB
MemTotal:        1844596 kB
MemFree:          930324 kB
MemAvailable:    1533392 kB
Buffers:           35088 kB
Cached:           672204 kB
MemTotal:        1844596 kB
MemFree:          931424 kB
MemAvailable:    1534492 kB
Buffers:           35088 kB
Cached:           672204 kB
MemTotal:        1844596 kB
MemFree:          931068 kB
MemAvailable:    1534136 kB
Buffers:           35088 kB
Cached:           672204 kB
MemTotal:        1844596 kB
MemFree:          930496 kB
MemAvailable:    1533576 kB
Buffers:           35088 kB
Cached:           672216 kB
MemTotal:        1844596 kB
MemFree:          931604 kB
MemAvailable:    1534684 kB
Buffers:           35088 kB
Cached:           672216 kB
MemTotal:        1844596 kB
MemFree:          931496 kB
MemAvailable:    1534576 kB
Buffers:           35088 kB
Cached:           672216 kB
MemTotal:        1844596 kB
MemFree:          931436 kB
MemAvailable:    1534516 kB
Buffers:           35088 kB
Cached:           672216 kB
MemTotal:        1844596 kB
MemFree:          931688 kB
MemAvailable:    1534768 kB
Buffers:           35088 kB
Cached:           672216 kB
MemTotal:        1844596 kB
MemFree:          931356 kB
MemAvailable:    1534436 kB
Buffers:           35088 kB
Cached:           672216 kB
MemTotal:        1844596 kB
MemFree:          931608 kB
MemAvailable:    1534688 kB
Buffers:           35088 kB
Cached:           672216 kB
MemTotal:        1844596 kB
MemFree:          931352 kB
MemAvailable:    1534432 kB
Buffers:           35088 kB
Cached:           672216 kB
MemTotal:        1844596 kB
MemFree:          931380 kB
MemAvailable:    1534460 kB
Buffers:           35088 kB
Cached:           672216 kB
MemTotal:        1844596 kB
MemFree:          929760 kB
MemAvailable:    1532840 kB
Buffers:           35088 kB
Cached:           672216 kB
MemTotal:        1844596 kB
MemFree:          928572 kB
MemAvailable:    1531652 kB
Buffers:           35088 kB
Cached:           672216 kB
MemTotal:        1844596 kB
MemFree:          926164 kB
MemAvailable:    1529244 kB
Buffers:           35088 kB
Cached:           672216 kB
MemTotal:        1844596 kB
MemFree:          924040 kB
MemAvailable:    1527120 kB
Buffers:           35088 kB
Cached:           672216 kB
MemTotal:        1844596 kB
MemFree:          924376 kB
MemAvailable:    1527456 kB
Buffers:           35088 kB
Cached:           672216 kB
MemTotal:        1844596 kB
MemFree:          923976 kB
MemAvailable:    1527056 kB
Buffers:           35088 kB
Cached:           672216 kB
MemTotal:        1844596 kB
MemFree:          922816 kB
MemAvailable:    1525896 kB
Buffers:           35088 kB
Cached:           672216 kB
MemTotal:        1844596 kB
MemFree:          923408 kB
MemAvailable:    1526488 kB
Buffers:           35088 kB
Cached:           672216 kB
MemTotal:        1844596 kB
MemFree:          923660 kB
MemAvailable:    1526740 kB
Buffers:           35088 kB
Cached:           672216 kB
MemTotal:        1844596 kB
MemFree:          923428 kB
MemAvailable:    1526508 kB
Buffers:           35088 kB
Cached:           672216 kB
MemTotal:        1844596 kB
MemFree:          923764 kB
MemAvailable:    1526844 kB
Buffers:           35088 kB
Cached:           672216 kB
MemTotal:        1844596 kB
MemFree:          922188 kB
MemAvailable:    1525268 kB
Buffers:           35088 kB
Cached:           672216 kB
MemTotal:        1844596 kB
MemFree:          923296 kB
MemAvailable:    1526376 kB
Buffers:           35088 kB
Cached:           672216 kB
MemTotal:        1844596 kB
MemFree:          923464 kB
MemAvailable:    1526544 kB
Buffers:           35088 kB
Cached:           672216 kB
MemTotal:        1844596 kB
MemFree:          923240 kB
MemAvailable:    1526320 kB
Buffers:           35088 kB
Cached:           672216 kB
MemTotal:        1844596 kB
MemFree:          923576 kB
MemAvailable:    1526656 kB
Buffers:           35088 kB
Cached:           672216 kB
MemTotal:        1844596 kB
MemFree:          923360 kB
MemAvailable:    1526440 kB
Buffers:           35088 kB
Cached:           672216 kB
MemTotal:        1844596 kB
MemFree:          923360 kB
MemAvailable:    1526440 kB
Buffers:           35088 kB
Cached:           672216 kB
MemTotal:        1844596 kB
MemFree:          923408 kB
MemAvailable:    1526488 kB
Buffers:           35088 kB
Cached:           672216 kB
MemTotal:        1844596 kB
MemFree:          923660 kB
MemAvailable:    1526740 kB
Buffers:           35088 kB
Cached:           672216 kB
MemTotal:        1844596 kB
MemFree:          922924 kB
MemAvailable:    1526004 kB
Buffers:           35088 kB
Cached:           672216 kB
MemTotal:        1844596 kB
MemFree:          922824 kB
MemAvailable:    1525904 kB
Buffers:           35088 kB
Cached:           672216 kB
MemTotal:        1844596 kB
MemFree:          922512 kB
MemAvailable:    1525592 kB
Buffers:           35088 kB
Cached:           672216 kB
MemTotal:        1844596 kB
MemFree:          922328 kB
MemAvailable:    1525408 kB
Buffers:           35088 kB
Cached:           672216 kB
MemTotal:        1844596 kB
MemFree:          921924 kB
MemAvailable:    1525004 kB
Buffers:           35088 kB
Cached:           672216 kB
MemTotal:        1844596 kB
MemFree:          921700 kB
MemAvailable:    1524780 kB
Buffers:           35088 kB
Cached:           672216 kB
MemTotal:        1844596 kB
MemFree:          921884 kB
MemAvailable:    1524964 kB
Buffers:           35088 kB
Cached:           672216 kB
MemTotal:        1844596 kB
MemFree:          921616 kB
MemAvailable:    1524696 kB
Buffers:           35088 kB
Cached:           672216 kB
MemTotal:        1844596 kB
MemFree:          920700 kB
MemAvailable:    1523780 kB
Buffers:           35088 kB
Cached:           672216 kB
MemTotal:        1844596 kB
MemFree:          920700 kB
MemAvailable:    1523780 kB
Buffers:           35088 kB
Cached:           672216 kB
MemTotal:        1844596 kB
MemFree:          919212 kB
MemAvailable:    1522292 kB
Buffers:           35088 kB
Cached:           672216 kB
MemTotal:        1844596 kB
MemFree:          920072 kB
MemAvailable:    1523152 kB
Buffers:           35088 kB
Cached:           672216 kB
MemTotal:        1844596 kB
MemFree:          920324 kB
MemAvailable:    1523404 kB
Buffers:           35088 kB
Cached:           672216 kB
MemTotal:        1844596 kB
MemFree:          918832 kB
MemAvailable:    1521912 kB
Buffers:           35088 kB
Cached:           672216 kB
MemTotal:        1844596 kB
MemFree:          919900 kB
MemAvailable:    1522980 kB
Buffers:           35088 kB
Cached:           672216 kB
MemTotal:        1844596 kB
MemFree:          918724 kB
MemAvailable:    1521680 kB
Buffers:           35088 kB
Cached:           672216 kB
MemTotal:        1844596 kB
MemFree:          919448 kB
MemAvailable:    1522528 kB
Buffers:           35088 kB
Cached:           672216 kB
MemTotal:        1844596 kB
MemFree:          919704 kB
MemAvailable:    1522784 kB
Buffers:           35088 kB
Cached:           672216 kB
MemTotal:        1844596 kB
MemFree:          919460 kB
MemAvailable:    1522540 kB
Buffers:           35088 kB
Cached:           672216 kB
MemTotal:        1844596 kB
MemFree:          919628 kB
MemAvailable:    1522708 kB
Buffers:           35088 kB
Cached:           672216 kB
MemTotal:        1844596 kB
MemFree:          919596 kB
MemAvailable:    1522676 kB
Buffers:           35088 kB
Cached:           672216 kB
MemTotal:        1844596 kB
MemFree:          919640 kB
MemAvailable:    1522720 kB
Buffers:           35088 kB
Cached:           672216 kB
MemTotal:        1844596 kB
MemFree:          918664 kB
MemAvailable:    1521744 kB
Buffers:           35088 kB
Cached:           672216 kB
MemTotal:        1844596 kB
MemFree:          919428 kB
MemAvailable:    1522508 kB
Buffers:           35088 kB
Cached:           672216 kB
MemTotal:        1844596 kB
MemFree:          918352 kB
MemAvailable:    1521432 kB
Buffers:           35088 kB
Cached:           672216 kB
MemTotal:        1844596 kB
MemFree:          918792 kB
MemAvailable:    1521872 kB
Buffers:           35088 kB
Cached:           672216 kB
MemTotal:        1844596 kB
MemFree:          919128 kB
MemAvailable:    1522208 kB
Buffers:           35088 kB
Cached:           672216 kB
MemTotal:        1844596 kB
MemFree:          914384 kB
MemAvailable:    1517464 kB
Buffers:           35088 kB
Cached:           672216 kB
MemTotal:        1844596 kB
MemFree:          913144 kB
MemAvailable:    1516224 kB
Buffers:           35088 kB
Cached:           672216 kB
MemTotal:        1844596 kB
MemFree:          914060 kB
MemAvailable:    1517140 kB
Buffers:           35088 kB
Cached:           672216 kB
MemTotal:        1844596 kB
MemFree:          913144 kB
MemAvailable:    1516224 kB
Buffers:           35088 kB
Cached:           672216 kB
MemTotal:        1844596 kB
MemFree:          913876 kB
MemAvailable:    1516956 kB
Buffers:           35088 kB
Cached:           672216 kB
MemTotal:        1844596 kB
MemFree:          912628 kB
MemAvailable:    1515708 kB
Buffers:           35088 kB
Cached:           672216 kB
MemTotal:        1844596 kB
MemFree:          913804 kB
MemAvailable:    1516884 kB
Buffers:           35088 kB
Cached:           672216 kB
MemTotal:        1844596 kB
MemFree:          913376 kB
MemAvailable:    1516456 kB
Buffers:           35088 kB
Cached:           672216 kB
MemTotal:        1844596 kB
MemFree:          912720 kB
MemAvailable:    1515800 kB
Buffers:           35088 kB
Cached:           672216 kB
MemTotal:        1844596 kB
MemFree:          913632 kB
MemAvailable:    1516720 kB
Buffers:           35088 kB
Cached:           672224 kB
MemTotal:        1844596 kB
MemFree:          913716 kB
MemAvailable:    1516804 kB
Buffers:           35088 kB
Cached:           672224 kB
MemTotal:        1844596 kB
MemFree:          913520 kB
MemAvailable:    1516608 kB
Buffers:           35088 kB
Cached:           672224 kB
MemTotal:        1844596 kB
MemFree:          913396 kB
MemAvailable:    1516484 kB
Buffers:           35088 kB
Cached:           672224 kB
MemTotal:        1844596 kB
MemFree:          912132 kB
MemAvailable:    1515220 kB
Buffers:           35088 kB
Cached:           672224 kB
MemTotal:        1844596 kB
MemFree:          913432 kB
MemAvailable:    1516520 kB
Buffers:           35088 kB
Cached:           672224 kB
MemTotal:        1844596 kB
MemFree:          912584 kB
MemAvailable:    1515672 kB
Buffers:           35088 kB
Cached:           672224 kB
MemTotal:        1844596 kB
MemFree:          911524 kB
MemAvailable:    1514612 kB
Buffers:           35088 kB
Cached:           672224 kB
MemTotal:        1844596 kB
MemFree:          910400 kB
MemAvailable:    1513488 kB
Buffers:           35088 kB
Cached:           672224 kB
MemTotal:        1844596 kB
MemFree:          910736 kB
MemAvailable:    1513824 kB
Buffers:           35088 kB
Cached:           672224 kB
MemTotal:        1844596 kB
MemFree:          909152 kB
MemAvailable:    1512240 kB
Buffers:           35088 kB
Cached:           672224 kB
MemTotal:        1844596 kB
MemFree:          910524 kB
MemAvailable:    1513612 kB
Buffers:           35088 kB
Cached:           672224 kB
MemTotal:        1844596 kB
MemFree:          910360 kB
MemAvailable:    1513448 kB
Buffers:           35088 kB
Cached:           672224 kB
MemTotal:        1844596 kB
MemFree:          909244 kB
MemAvailable:    1512332 kB
Buffers:           35088 kB
Cached:           672224 kB
MemTotal:        1844596 kB
MemFree:          909104 kB
MemAvailable:    1512192 kB
Buffers:           35088 kB
Cached:           672224 kB
MemTotal:        1844596 kB
MemFree:          912716 kB
MemAvailable:    1515804 kB
Buffers:           35088 kB
Cached:           672224 kB
MemTotal:        1844596 kB
MemFree:          912260 kB
MemAvailable:    1515348 kB
Buffers:           35088 kB
Cached:           672224 kB
MemTotal:        1844596 kB
MemFree:          912272 kB
MemAvailable:    1515444 kB
Buffers:           35088 kB
Cached:           672348 kB
MemTotal:        1844596 kB
MemFree:          911816 kB
MemAvailable:    1515240 kB
Buffers:           35088 kB
Cached:           672596 kB
MemTotal:        1844596 kB
MemFree:          911904 kB
MemAvailable:    1515328 kB
Buffers:           35088 kB
Cached:           672596 kB
MemTotal:        1844596 kB
MemFree:          911908 kB
MemAvailable:    1515416 kB
Buffers:           35088 kB
Cached:           672720 kB
MemTotal:        1844596 kB
MemFree:          910644 kB
MemAvailable:    1514236 kB
Buffers:           35088 kB
Cached:           672720 kB
MemTotal:        1844596 kB
MemFree:          910892 kB
MemAvailable:    1514568 kB
Buffers:           35088 kB
Cached:           672844 kB
MemTotal:        1844596 kB
MemFree:          911944 kB
MemAvailable:    1515704 kB
Buffers:           35088 kB
Cached:           672968 kB
MemTotal:        1844596 kB
MemFree:          911612 kB
MemAvailable:    1515372 kB
Buffers:           35088 kB
Cached:           672968 kB
MemTotal:        1844596 kB
MemFree:          911408 kB
MemAvailable:    1515168 kB
Buffers:           35088 kB
Cached:           672968 kB
MemTotal:        1844596 kB
MemFree:          910404 kB
MemAvailable:    1514164 kB
Buffers:           35088 kB
Cached:           672968 kB
MemTotal:        1844596 kB
MemFree:          911472 kB
MemAvailable:    1515232 kB
Buffers:           35088 kB
Cached:           672968 kB
MemTotal:        1844596 kB
MemFree:          911592 kB
MemAvailable:    1515352 kB
Buffers:           35088 kB
Cached:           672968 kB
MemTotal:        1844596 kB
MemFree:          910264 kB
MemAvailable:    1514024 kB
Buffers:           35088 kB
Cached:           672968 kB
MemTotal:        1844596 kB
MemFree:          910912 kB
MemAvailable:    1514672 kB
Buffers:           35088 kB
Cached:           672968 kB
MemTotal:        1844596 kB
MemFree:          911888 kB
MemAvailable:    1515060 kB
Buffers:           35088 kB
Cached:           672296 kB
MemTotal:        1844596 kB
MemFree:          957896 kB
MemAvailable:    1561068 kB
Buffers:           35088 kB
Cached:           672296 kB
