MemTotal:        1844596 kB
MemFree:          827880 kB
MemAvailable:    1537976 kB
Buffers:           49088 kB
Cached:           770736 kB
MemTotal:        1844596 kB
MemFree:          827756 kB
MemAvailable:    1537852 kB
Buffers:           49088 kB
Cached:           770736 kB
MemTotal:        1844596 kB
MemFree:          826764 kB
MemAvailable:    1536860 kB
Buffers:           49088 kB
Cached:           770736 kB
MemTotal:        1844596 kB
MemFree:          824284 kB
MemAvailable:    1534380 kB
Buffers:           49088 kB
Cached:           770736 kB
MemTotal:        1844596 kB
MemFree:          824640 kB
MemAvailable:    1534736 kB
Buffers:           49088 kB
Cached:           770736 kB
MemTotal:        1844596 kB
MemFree:          823732 kB
MemAvailable:    1533828 kB
Buffers:           49088 kB
Cached:           770736 kB
MemTotal:        1844596 kB
MemFree:          821912 kB
MemAvailable:    1532008 kB
Buffers:           49088 kB
Cached:           770736 kB
MemTotal:        1844596 kB
MemFree:          817200 kB
MemAvailable:    1527296 kB
Buffers:           49088 kB
Cached:           770736 kB
MemTotal:        1844596 kB
MemFree:          819200 kB
MemAvailable:    1529296 kB
Buffers:           49088 kB
Cached:           770736 kB
MemTotal:        1844596 kB
MemFree:          813976 kB
MemAvailable:    1524072 kB
Buffers:           49088 kB
Cached:           770736 kB
MemTotal:        1844596 kB
MemFree:          812820 kB
MemAvailable:    1522916 kB
Buffers:           49088 kB
Cached:           770736 kB
MemTotal:        1844596 kB
MemFree:          815268 kB
MemAvailable:    1525364 kB
Buffers:           49088 kB
Cached:           770736 kB
MemTotal:        1844596 kB
MemFree:          815604 kB
MemAvailable:    1525700 kB
Buffers:           49088 kB
Cached:           770736 kB
MemTotal:        1844596 kB
MemFree:          815168 kB
MemAvailable:    1525264 kB
Buffers:           49088 kB
Cached:           770736 kB
MemTotal:        1844596 kB
MemFree:          815504 kB
MemAvailable:    1525600 kB
Buffers:           49088 kB
Cached:           770736 kB
MemTotal:        1844596 kB
MemFree:          815204 kB
MemAvailable:    1525300 kB
Buffers:           49088 kB
Cached:           770736 kB
MemTotal:        1844596 kB
MemFree:          815288 kB
MemAvailable:    1525384 kB
Buffers:           49088 kB
Cached:           770736 kB
MemTotal:        1844596 kB
MemFree:          815020 kB
MemAvailable:    1525116 kB
Buffers:           49088 kB
Cached:           770736 kB
MemTotal:        1844596 kB
MemFree:          814116 kB
MemAvailable:    1524212 kB
Buffers:           49088 kB
Cached:           770736 kB
MemTotal:        1844596 kB
MemFree:          813308 kB
MemAvailable:    1523404 kB
Buffers:           49088 kB
Cached:           770736 kB
MemTotal:        1844596 kB
MemFree:          813060 kB
MemAvailable:    1523156 kB
Buffers:           49088 kB
Cached:           770736 kB
MemTotal:        1844596 kB
MemFree:          812688 kB
MemAvailable:    1522784 kB
Buffers:           49088 kB
Cached:           770736 kB
MemTotal:        1844596 kB
MemFree:          812944 kB
MemAvailable:    1523040 kB
Buffers:           49088 kB
Cached:           770736 kB
MemTotal:        1844596 kB
MemFree:          813032 kB
MemAvailable:    1523128 kB
Buffers:           49088 kB
Cached:           770736 kB
MemTotal:        1844596 kB
MemFree:          812984 kB
MemAvailable:    1523080 kB
Buffers:           49088 kB
Cached:           770736 kB
MemTotal:        1844596 kB
MemFree:          812132 kB
MemAvailable:    1522228 kB
Buffers:           49088 kB
Cached:           770736 kB
MemTotal:        1844596 kB
MemFree:          812864 kB
MemAvailable:    1522960 kB
Buffers:           49088 kB
Cached:           770736 kB
MemTotal:        1844596 kB
MemFree:          811824 kB
MemAvailable:    1521920 kB
Buffers:           49088 kB
Cached:           770736 kB
MemTotal:        1844596 kB
MemFree:          812876 kB
MemAvailable:    1522972 kB
Buffers:           49088 kB
Cached:           770736 kB
MemTotal:        1844596 kB
MemFree:          813980 kB
MemAvailable:    1524076 kB
Buffers:           49088 kB
Cached:           770736 kB
MemTotal:        1844596 kB
MemFree:          814188 kB
MemAvailable:    1524284 kB
Buffers:           49088 kB
Cached:           770736 kB
MemTotal:        1844596 kB
MemFree:          812860 kB
MemAvailable:    1522956 kB
Buffers:           49088 kB
Cached:           770736 kB
MemTotal:        1844596 kB
MemFree:          811876 kB
MemAvailable:    1521972 kB
Buffers:           49088 kB
Cached:           770736 kB
MemTotal:        1844596 kB
MemFree:          811512 kB
MemAvailable:    1521608 kB
Buffers:           49088 kB
Cached:           770736 kB
MemTotal:        1844596 kB
MemFree:          810380 kB
MemAvailable:    1520476 kB
Buffers:           49088 kB
Cached:           770736 kB
MemTotal:        1844596 kB
MemFree:          810380 kB
MemAvailable:    1520476 kB
Buffers:           49088 kB
Cached:           770736 kB
MemTotal:        1844596 kB
MemFree:          810068 kB
MemAvailable:    1520164 kB
Buffers:           49088 kB
Cached:           770736 kB
MemTotal:        1844596 kB
MemFree:          809768 kB
MemAvailable:    1519864 kB
Buffers:           49088 kB
Cached:           770736 kB
MemTotal:        1844596 kB
MemFree:          809512 kB
MemAvailable:    1519608 kB
Buffers:           49088 kB
Cached:           770736 kB
MemTotal:        1844596 kB
MemFree:          809136 kB
MemAvailable:    1519232 kB
Buffers:           49088 kB
Cached:           770736 kB
MemTotal:        1844596 kB
MemFree:          807924 kB
MemAvailable:    1518020 kB
Buffers:           49088 kB
Cached:           770736 kB
MemTotal:        1844596 kB
MemFree:          808836 kB
MemAvailable:    1518932 kB
Buffers:           49088 kB
Cached:           770736 kB
MemTotal:        1844596 kB
MemFree:          807536 kB
MemAvailable:    1517632 kB
Buffers:           49088 kB
Cached:           770736 kB
MemTotal:        1844596 kB
MemFree:          808712 kB
MemAvailable:    1518808 kB
Buffers:           49088 kB
Cached:           770736 kB
MemTotal:        1844596 kB
MemFree:          808644 kB
MemAvailable:    1518740 kB
Buffers:           49088 kB
Cached:           770736 kB
MemTotal:        1844596 kB
MemFree:          808644 kB
MemAvailable:    1518740 kB
Buffers:           49088 kB
Cached:           770736 kB
MemTotal:        1844596 kB
MemFree:          808388 kB
MemAvailable:    1518484 kB
Buffers:           49088 kB
Cached:           770736 kB
MemTotal:        1844596 kB
MemFree:          808724 kB
MemAvailable:    1518820 kB
Buffers:           49088 kB
Cached:           770736 kB
MemTotal:        1844596 kB
MemFree:          806916 kB
MemAvailable:    1517012 kB
Buffers:           49088 kB
Cached:           770736 kB
MemTotal:        1844596 kB
MemFree:          807388 kB
MemAvailable:    1517484 kB
Buffers:           49088 kB
Cached:           770736 kB
MemTotal:        1844596 kB
MemFree:          807800 kB
MemAvailable:    1517896 kB
Buffers:           49088 kB
Cached:           770736 kB
MemTotal:        1844596 kB
MemFree:          807896 kB
MemAvailable:    1517992 kB
Buffers:           49088 kB
Cached:           770736 kB
MemTotal:        1844596 kB
MemFree:          807848 kB
MemAvailable:    1517944 kB
Buffers:           49088 kB
Cached:           770736 kB
MemTotal:        1844596 kB
MemFree:          806524 kB
MemAvailable:    1516620 kB
Buffers:           49088 kB
Cached:           770736 kB
MemTotal:        1844596 kB
MemFree:          806516 kB
MemAvailable:    1516612 kB
Buffers:           49088 kB
Cached:           770736 kB
MemTotal:        1844596 kB
MemFree:          806648 kB
MemAvailable:    1516744 kB
Buffers:           49088 kB
Cached:           770736 kB
MemTotal:        1844596 kB
MemFree:          807948 kB
MemAvailable:    1518044 kB
Buffers:           49088 kB
Cached:           770736 kB
MemTotal:        1844596 kB
MemFree:          808096 kB
MemAvailable:    1518192 kB
Buffers:           49088 kB
Cached:           770736 kB
MemTotal:        1844596 kB
MemFree:          806508 kB
MemAvailable:    1516604 kB
Buffers:           49088 kB
Cached:           770736 kB
MemTotal:        1844596 kB
MemFree:          806800 kB
MemAvailable:    1516900 kB
Buffers:           49088 kB
Cached:           770740 kB
MemTotal:        1844596 kB
MemFree:          807420 kB
MemAvailable:    1517520 kB
Buffers:           49088 kB
Cached:           770740 kB
MemTotal:        1844596 kB
MemFree:          807316 kB
MemAvailable:    1517428 kB
Buffers:           49088 kB
Cached:           770752 kB
MemTotal:        1844596 kB
MemFree:          807352 kB
MemAvailable:    1517464 kB
Buffers:           49088 kB
Cached:           770752 kB
MemTotal:        1844596 kB
MemFree:          807504 kB
MemAvailable:    1517616 kB
Buffers:           49088 kB
Cached:           770752 kB
MemTotal:        1844596 kB
MemFree:          807008 kB
MemAvailable:    1517120 kB
Buffers:           49088 kB
Cached:           770752 kB
MemTotal:        1844596 kB
MemFree:          806528 kB
MemAvailable:    1516640 kB
Buffers:           49088 kB
Cached:           770752 kB
MemTotal:        1844596 kB
MemFree:          806864 kB
MemAvailable:    1516976 kB
Buffers:           49088 kB
Cached:           770752 kB
MemTotal:        1844596 kB
MemFree:          806732 kB
MemAvailable:    1516844 kB
Buffers:           49088 kB
Cached:           770752 kB
MemTotal:        1844596 kB
MemFree:          806732 kB
MemAvailable:    1516844 kB
Buffers:           49088 kB
Cached:           770752 kB
MemTotal:        1844596 kB
MemFree:          806480 kB
MemAvailable:    1516592 kB
Buffers:           49088 kB
Cached:           770752 kB
MemTotal:        1844596 kB
MemFree:          806816 kB
MemAvailable:    1516928 kB
Buffers:           49088 kB
Cached:           770752 kB
MemTotal:        1844596 kB
MemFree:          806648 kB
MemAvailable:    1516760 kB
Buffers:           49088 kB
Cached:           770752 kB
MemTotal:        1844596 kB
MemFree:          806984 kB
MemAvailable:    1517096 kB
Buffers:           49088 kB
Cached:           770752 kB
MemTotal:        1844596 kB
MemFree:          806732 kB
MemAvailable:    1516844 kB
Buffers:           49088 kB
Cached:           770752 kB
MemTotal:        1844596 kB
MemFree:          805932 kB
MemAvailable:    1516044 kB
Buffers:           49088 kB
Cached:           770752 kB
MemTotal:        1844596 kB
MemFree:          806420 kB
MemAvailable:    1516532 kB
Buffers:           49088 kB
Cached:           770752 kB
MemTotal:        1844596 kB
MemFree:          806552 kB
MemAvailable:    1516664 kB
Buffers:           49088 kB
Cached:           770752 kB
MemTotal:        1844596 kB
MemFree:          803072 kB
MemAvailable:    1513184 kB
Buffers:           49088 kB
Cached:           770752 kB
MemTotal:        1844596 kB
MemFree:          801344 kB
MemAvailable:    1511456 kB
Buffers:           49088 kB
Cached:           770752 kB
MemTotal:        1844596 kB
MemFree:          800476 kB
MemAvailable:    1510588 kB
Buffers:           49088 kB
Cached:           770752 kB
MemTotal:        1844596 kB
MemFree:          799296 kB
MemAvailable:    1509408 kB
Buffers:           49088 kB
Cached:           770752 kB
MemTotal:        1844596 kB
MemFree:          799048 kB
MemAvailable:    1509160 kB
Buffers:           49088 kB
Cached:           770752 kB
MemTotal:        1844596 kB
MemFree:          798792 kB
MemAvailable:    1508904 kB
Buffers:           49088 kB
Cached:           770752 kB
MemTotal:        1844596 kB
MemFree:          798916 kB
MemAvailable:    1509028 kB
Buffers:           49088 kB
Cached:           770752 kB
MemTotal:        1844596 kB
MemFree:          798660 kB
MemAvailable:    1508772 kB
Buffers:           49088 kB
Cached:           770752 kB
MemTotal:        1844596 kB
MemFree:          798868 kB
MemAvailable:    1508980 kB
Buffers:           49088 kB
Cached:           770752 kB
MemTotal:        1844596 kB
MemFree:          797748 kB
MemAvailable:    1507860 kB
Buffers:           49088 kB
Cached:           770752 kB
MemTotal:        1844596 kB
MemFree:          798812 kB
MemAvailable:    1508924 kB
Buffers:           49088 kB
Cached:           770752 kB
MemTotal:        1844596 kB
MemFree:          797564 kB
MemAvailable:    1507676 kB
Buffers:           49088 kB
Cached:           770752 kB
MemTotal:        1844596 kB
MemFree:          798680 kB
MemAvailable:    1508792 kB
Buffers:           49088 kB
Cached:           770752 kB
MemTotal:        1844596 kB
MemFree:          798672 kB
MemAvailable:    1508784 kB
Buffers:           49088 kB
Cached:           770752 kB
MemTotal:        1844596 kB
MemFree:          798840 kB
MemAvailable:    1508952 kB
Buffers:           49088 kB
Cached:           770752 kB
MemTotal:        1844596 kB
MemFree:          797492 kB
MemAvailable:    1507604 kB
Buffers:           49088 kB
Cached:           770752 kB
MemTotal:        1844596 kB
MemFree:          798808 kB
MemAvailable:    1508920 kB
Buffers:           49088 kB
Cached:           770752 kB
MemTotal:        1844596 kB
MemFree:          799060 kB
MemAvailable:    1509172 kB
Buffers:           49088 kB
Cached:           770752 kB
MemTotal:        1844596 kB
MemFree:          797492 kB
MemAvailable:    1507604 kB
Buffers:           49088 kB
Cached:           770752 kB
MemTotal:        1844596 kB
MemFree:          797244 kB
MemAvailable:    1507356 kB
Buffers:           49088 kB
Cached:           770752 kB
MemTotal:        1844596 kB
MemFree:          798104 kB
MemAvailable:    1508216 kB
Buffers:           49088 kB
Cached:           770752 kB
MemTotal:        1844596 kB
MemFree:          797500 kB
MemAvailable:    1507612 kB
Buffers:           49088 kB
Cached:           770752 kB
MemTotal:        1844596 kB
MemFree:          797552 kB
MemAvailable:    1507664 kB
Buffers:           49088 kB
Cached:           770752 kB
MemTotal:        1844596 kB
MemFree:          796136 kB
MemAvailable:    1506248 kB
Buffers:           49088 kB
Cached:           770752 kB
MemTotal:        1844596 kB
MemFree:          797240 kB
MemAvailable:    1507352 kB
Buffers:           49088 kB
Cached:           770752 kB
MemTotal:        1844596 kB
MemFree:          795744 kB
MemAvailable:    1505856 kB
Buffers:           49088 kB
Cached:           770752 kB
MemTotal:        1844596 kB
MemFree:          795612 kB
MemAvailable:    1505724 kB
Buffers:           49088 kB
Cached:           770752 kB
MemTotal:        1844596 kB
MemFree:          795996 kB
MemAvailable:    1506108 kB
Buffers:           49088 kB
Cached:           770752 kB
MemTotal:        1844596 kB
MemFree:          796080 kB
MemAvailable:    1506192 kB
Buffers:           49088 kB
Cached:           770752 kB
MemTotal:        1844596 kB
MemFree:          795640 kB
MemAvailable:    1505752 kB
Buffers:           49088 kB
Cached:           770752 kB
MemTotal:        1844596 kB
MemFree:          795612 kB
MemAvailable:    1505724 kB
Buffers:           49088 kB
Cached:           770752 kB
MemTotal:        1844596 kB
MemFree:          795120 kB
MemAvailable:    1505232 kB
Buffers:           49088 kB
Cached:           770752 kB
MemTotal:        1844596 kB
MemFree:          795204 kB
MemAvailable:    1505316 kB
Buffers:           49088 kB
Cached:           770752 kB
MemTotal:        1844596 kB
MemFree:          795076 kB
MemAvailable:    1505188 kB
Buffers:           49088 kB
Cached:           770752 kB
MemTotal:        1844596 kB
MemFree:          794812 kB
MemAvailable:    1504924 kB
Buffers:           49088 kB
Cached:           770752 kB
MemTotal:        1844596 kB
MemFree:          795068 kB
MemAvailable:    1505180 kB
Buffers:           49088 kB
Cached:           770752 kB
MemTotal:        1844596 kB
MemFree:          794908 kB
MemAvailable:    1505020 kB
Buffers:           49088 kB
Cached:           770752 kB
MemTotal:        1844596 kB
MemFree:          794924 kB
MemAvailable:    1505036 kB
Buffers:           49088 kB
Cached:           770752 kB
MemTotal:        1844596 kB
MemFree:          794924 kB
MemAvailable:    1505036 kB
Buffers:           49088 kB
Cached:           770752 kB
MemTotal:        1844596 kB
MemFree:          794976 kB
MemAvailable:    1505088 kB
Buffers:           49088 kB
Cached:           770752 kB
MemTotal:        1844596 kB
MemFree:          794880 kB
MemAvailable:    1504992 kB
Buffers:           49088 kB
Cached:           770752 kB
MemTotal:        1844596 kB
MemFree:          795136 kB
MemAvailable:    1505248 kB
Buffers:           49088 kB
Cached:           770752 kB
MemTotal:        1844596 kB
MemFree:          794384 kB
MemAvailable:    1504496 kB
Buffers:           49088 kB
Cached:           770752 kB
MemTotal:        1844596 kB
MemFree:          792896 kB
MemAvailable:    1503008 kB
Buffers:           49088 kB
Cached:           770752 kB
MemTotal:        1844596 kB
MemFree:          794084 kB
MemAvailable:    1504196 kB
Buffers:           49088 kB
Cached:           770752 kB
MemTotal:        1844596 kB
MemFree:          794084 kB
MemAvailable:    1504196 kB
Buffers:           49088 kB
Cached:           770752 kB
MemTotal:        1844596 kB
MemFree:          789688 kB
MemAvailable:    1499800 kB
Buffers:           49088 kB
Cached:           770752 kB
MemTotal:        1844596 kB
MemFree:          789292 kB
MemAvailable:    1499404 kB
Buffers:           49088 kB
Cached:           770752 kB
MemTotal:        1844596 kB
MemFree:          789628 kB
MemAvailable:    1499740 kB
Buffers:           49088 kB
Cached:           770752 kB
MemTotal:        1844596 kB
MemFree:          789352 kB
MemAvailable:    1499464 kB
Buffers:           49088 kB
Cached:           770752 kB
MemTotal:        1844596 kB
MemFree:          789508 kB
MemAvailable:    1499620 kB
Buffers:           49088 kB
Cached:           770752 kB
MemTotal:        1844596 kB
MemFree:          789228 kB
MemAvailable:    1499340 kB
Buffers:           49088 kB
Cached:           770752 kB
MemTotal:        1844596 kB
MemFree:          789120 kB
MemAvailable:    1499232 kB
Buffers:           49088 kB
Cached:           770752 kB
MemTotal:        1844596 kB
MemFree:          788892 kB
MemAvailable:    1499004 kB
Buffers:           49088 kB
Cached:           770752 kB
MemTotal:        1844596 kB
MemFree:          789144 kB
MemAvailable:    1499256 kB
Buffers:           49088 kB
Cached:           770752 kB
MemTotal:        1844596 kB
MemFree:          787656 kB
MemAvailable:    1497768 kB
Buffers:           49088 kB
Cached:           770752 kB
MemTotal:        1844596 kB
MemFree:          787780 kB
MemAvailable:    1497892 kB
Buffers:           49088 kB
Cached:           770752 kB
MemTotal:        1844596 kB
MemFree:          787828 kB
MemAvailable:    1497940 kB
Buffers:           49088 kB
Cached:           770752 kB
MemTotal:        1844596 kB
MemFree:          788128 kB
MemAvailable:    1498240 kB
Buffers:           49088 kB
Cached:           770752 kB
MemTotal:        1844596 kB
MemFree:          786896 kB
MemAvailable:    1497008 kB
Buffers:           49088 kB
Cached:           770752 kB
MemTotal:        1844596 kB
MemFree:          786092 kB
MemAvailable:    1496204 kB
Buffers:           49088 kB
Cached:           770752 kB
MemTotal:        1844596 kB
MemFree:          785896 kB
MemAvailable:    1496008 kB
Buffers:           49088 kB
Cached:           770752 kB
MemTotal:        1844596 kB
MemFree:          784588 kB
MemAvailable:    1494700 kB
Buffers:           49088 kB
Cached:           770752 kB
MemTotal:        1844596 kB
MemFree:          785764 kB
MemAvailable:    1495880 kB
Buffers:           49088 kB
Cached:           770756 kB
MemTotal:        1844596 kB
MemFree:          785704 kB
MemAvailable:    1495820 kB
Buffers:           49088 kB
Cached:           770756 kB
MemTotal:        1844596 kB
MemFree:          785888 kB
MemAvailable:    1496004 kB
Buffers:           49088 kB
Cached:           770756 kB
MemTotal:        1844596 kB
MemFree:          785864 kB
MemAvailable:    1495984 kB
Buffers:           49088 kB
Cached:           770760 kB
MemTotal:        1844596 kB
MemFree:          787708 kB
MemAvailable:    1497828 kB
Buffers:           49088 kB
Cached:           770760 kB
MemTotal:        1844596 kB
MemFree:          787832 kB
MemAvailable:    1497952 kB
Buffers:           49088 kB
Cached:           770760 kB
MemTotal:        1844596 kB
MemFree:          787640 kB
MemAvailable:    1497928 kB
Buffers:           49088 kB
Cached:           770884 kB
MemTotal:        1844596 kB
MemFree:          785952 kB
MemAvailable:    1496408 kB
Buffers:           49088 kB
Cached:           771132 kB
MemTotal:        1844596 kB
MemFree:          786080 kB
MemAvailable:    1496536 kB
Buffers:           49088 kB
Cached:           771132 kB
MemTotal:        1844596 kB
MemFree:          787380 kB
MemAvailable:    1497920 kB
Buffers:           49088 kB
Cached:           771256 kB
MemTotal:        1844596 kB
MemFree:          787132 kB
MemAvailable:    1497840 kB
Buffers:           49088 kB
Cached:           771380 kB
MemTotal:        1844596 kB
MemFree:          787300 kB
MemAvailable:    1498008 kB
Buffers:           49088 kB
Cached:           771380 kB
MemTotal:        1844596 kB
MemFree:          786888 kB
MemAvailable:    1497596 kB
Buffers:           49088 kB
Cached:           771380 kB
MemTotal:        1844596 kB
MemFree:          787224 kB
MemAvailable:    1497932 kB
Buffers:           49088 kB
Cached:           771380 kB
MemTotal:        1844596 kB
MemFree:          787064 kB
MemAvailable:    1497772 kB
Buffers:           49088 kB
Cached:           771380 kB
MemTotal:        1844596 kB
MemFree:          787076 kB
MemAvailable:    1497784 kB
Buffers:           49088 kB
Cached:           771380 kB
MemTotal:        1844596 kB
MemFree:          785580 kB
MemAvailable:    1496288 kB
Buffers:           49088 kB
Cached:           771380 kB
MemTotal:        1844596 kB
MemFree:          785584 kB
MemAvailable:    1496292 kB
Buffers:           49088 kB
Cached:           771380 kB
MemTotal:        1844596 kB
MemFree:          787084 kB
MemAvailable:    1497792 kB
Buffers:           49088 kB
Cached:           771380 kB
MemTotal:        1844596 kB
MemFree:          787160 kB
MemAvailable:    1497868 kB
Buffers:           49088 kB
Cached:           771380 kB
MemTotal:        1844596 kB
MemFree:          785664 kB
MemAvailable:    1496372 kB
Buffers:           49088 kB
Cached:           771504 kB
MemTotal:        1844596 kB
MemFree:          786700 kB
MemAvailable:    1497492 kB
Buffers:           49088 kB
Cached:           771504 kB
MemTotal:        1844596 kB
MemFree:          786292 kB
MemAvailable:    1496412 kB
Buffers:           49088 kB
Cached:           770748 kB
MemTotal:        1844596 kB
MemFree:          855228 kB
MemAvailable:    1565348 kB
Buffers:           49088 kB
Cached:           770748 kB
