MemTotal:        1844596 kB
MemFree:          842100 kB
MemAvailable:    1541564 kB
Buffers:           47844 kB
Cached:           762208 kB
MemTotal:        1844596 kB
MemFree:          840356 kB
MemAvailable:    1539820 kB
Buffers:           47844 kB
Cached:           762208 kB
MemTotal:        1844596 kB
MemFree:          836760 kB
MemAvailable:    1536224 kB
Buffers:           47844 kB
Cached:           762208 kB
MemTotal:        1844596 kB
MemFree:          836496 kB
MemAvailable:    1535960 kB
Buffers:           47844 kB
Cached:           762208 kB
MemTotal:        1844596 kB
MemFree:          836016 kB
MemAvailable:    1535480 kB
Buffers:           47844 kB
Cached:           762208 kB
MemTotal:        1844596 kB
MemFree:          836520 kB
MemAvailable:    1535984 kB
Buffers:           47844 kB
Cached:           762208 kB
MemTotal:        1844596 kB
MemFree:          834660 kB
MemAvailable:    1534124 kB
Buffers:           47844 kB
Cached:           762208 kB
MemTotal:        1844596 kB
MemFree:          832428 kB
MemAvailable:    1531892 kB
Buffers:           47844 kB
Cached:           762208 kB
MemTotal:        1844596 kB
MemFree:          829932 kB
MemAvailable:    1529396 kB
Buffers:           47844 kB
Cached:           762208 kB
MemTotal:        1844596 kB
MemFree:          829932 kB
MemAvailable:    1529396 kB
Buffers:           47844 kB
Cached:           762208 kB
MemTotal:        1844596 kB
MemFree:          826584 kB
MemAvailable:    1526048 kB
Buffers:           47844 kB
Cached:           762208 kB
MemTotal:        1844596 kB
MemFree:          826836 kB
MemAvailable:    1526300 kB
Buffers:           47844 kB
Cached:           762208 kB
MemTotal:        1844596 kB
MemFree:          825464 kB
MemAvailable:    1524928 kB
Buffers:           47844 kB
Cached:           762208 kB
MemTotal:        1844596 kB
MemFree:          825340 kB
MemAvailable:    1524804 kB
Buffers:           47844 kB
Cached:           762208 kB
MemTotal:        1844596 kB
MemFree:          826640 kB
MemAvailable:    1526104 kB
Buffers:           47844 kB
Cached:           762208 kB
MemTotal:        1844596 kB
MemFree:          826400 kB
MemAvailable:    1525864 kB
Buffers:           47844 kB
Cached:           762208 kB
MemTotal:        1844596 kB
MemFree:          826400 kB
MemAvailable:    1525864 kB
Buffers:           47844 kB
Cached:           762208 kB
MemTotal:        1844596 kB
MemFree:          825784 kB
MemAvailable:    1525248 kB
Buffers:           47844 kB
Cached:           762208 kB
MemTotal:        1844596 kB
MemFree:          824120 kB
MemAvailable:    1523584 kB
Buffers:           47844 kB
Cached:           762208 kB
MemTotal:        1844596 kB
MemFree:          824236 kB
MemAvailable:    1523700 kB
Buffers:           47844 kB
Cached:           762208 kB
MemTotal:        1844596 kB
MemFree:          824236 kB
MemAvailable:    1523700 kB
Buffers:           47844 kB
Cached:           762208 kB
MemTotal:        1844596 kB
MemFree:          824196 kB
MemAvailable:    1523660 kB
Buffers:           47844 kB
Cached:           762208 kB
MemTotal:        1844596 kB
MemFree:          822868 kB
MemAvailable:    1522332 kB
Buffers:           47844 kB
Cached:           762208 kB
MemTotal:        1844596 kB
MemFree:          823116 kB
MemAvailable:    1522580 kB
Buffers:           47844 kB
Cached:           762208 kB
MemTotal:        1844596 kB
MemFree:          824292 kB
MemAvailable:    1523756 kB
Buffers:           47844 kB
Cached:           762208 kB
MemTotal:        1844596 kB
MemFree:          824084 kB
MemAvailable:    1523548 kB
Buffers:           47844 kB
Cached:           762208 kB
MemTotal:        1844596 kB
MemFree:          824336 kB
MemAvailable:    1523800 kB
Buffers:           47844 kB
Cached:           762208 kB
MemTotal:        1844596 kB
MemFree:          824392 kB
MemAvailable:    1523856 kB
Buffers:           47844 kB
Cached:           762208 kB
MemTotal:        1844596 kB
MemFree:          825484 kB
MemAvailable:    1524948 kB
Buffers:           47844 kB
Cached:           762208 kB
MemTotal:        1844596 kB
MemFree:          824196 kB
MemAvailable:    1523660 kB
Buffers:           47844 kB
Cached:           762208 kB
MemTotal:        1844596 kB
MemFree:          824444 kB
MemAvailable:    1523908 kB
Buffers:           47844 kB
Cached:           762208 kB
MemTotal:        1844596 kB
MemFree:          824040 kB
MemAvailable:    1523504 kB
Buffers:           47844 kB
Cached:           762208 kB
MemTotal:        1844596 kB
MemFree:          821996 kB
MemAvailable:    1521460 kB
Buffers:           47844 kB
Cached:           762208 kB
MemTotal:        1844596 kB
MemFree:          821996 kB
MemAvailable:    1521460 kB
Buffers:           47844 kB
Cached:           762208 kB
MemTotal:        1844596 kB
MemFree:          820244 kB
MemAvailable:    1519708 kB
Buffers:           47844 kB
Cached:           762208 kB
MemTotal:        1844596 kB
MemFree:          820028 kB
MemAvailable:    1519492 kB
Buffers:           47844 kB
Cached:           762208 kB
MemTotal:        1844596 kB
MemFree:          819896 kB
MemAvailable:    1519360 kB
Buffers:           47844 kB
Cached:           762208 kB
MemTotal:        1844596 kB
MemFree:          820136 kB
MemAvailable:    1519600 kB
Buffers:           47844 kB
Cached:           762208 kB
MemTotal:        1844596 kB
MemFree:          820136 kB
MemAvailable:    1519600 kB
Buffers:           47844 kB
Cached:           762208 kB
MemTotal:        1844596 kB
MemFree:          820000 kB
MemAvailable:    1519464 kB
Buffers:           47844 kB
Cached:           762208 kB
MemTotal:        1844596 kB
MemFree:          820000 kB
MemAvailable:    1519464 kB
Buffers:           47844 kB
Cached:           762208 kB
MemTotal:        1844596 kB
MemFree:          820120 kB
MemAvailable:    1519584 kB
Buffers:           47844 kB
Cached:           762208 kB
MemTotal:        1844596 kB
MemFree:          819908 kB
MemAvailable:    1519372 kB
Buffers:           47844 kB
Cached:           762208 kB
MemTotal:        1844596 kB
MemFree:          820036 kB
MemAvailable:    1519500 kB
Buffers:           47844 kB
Cached:           762208 kB
MemTotal:        1844596 kB
MemFree:          819780 kB
MemAvailable:    1519244 kB
Buffers:           47844 kB
Cached:           762208 kB
MemTotal:        1844596 kB
MemFree:          819648 kB
MemAvailable:    1519112 kB
Buffers:           47844 kB
Cached:           762208 kB
MemTotal:        1844596 kB
MemFree:          819392 kB
MemAvailable:    1518856 kB
Buffers:           47844 kB
Cached:           762208 kB
MemTotal:        1844596 kB
MemFree:          819060 kB
MemAvailable:    1518524 kB
Buffers:           47844 kB
Cached:           762208 kB
MemTotal:        1844596 kB
MemFree:          819060 kB
MemAvailable:    1518524 kB
Buffers:           47844 kB
Cached:           762208 kB
MemTotal:        1844596 kB
MemFree:          817744 kB
MemAvailable:    1517208 kB
Buffers:           47844 kB
Cached:           762208 kB
MemTotal:        1844596 kB
MemFree:          819012 kB
MemAvailable:    1518476 kB
Buffers:           47844 kB
Cached:           762208 kB
MemTotal:        1844596 kB
MemFree:          819096 kB
MemAvailable:    1518560 kB
Buffers:           47844 kB
Cached:           762208 kB
MemTotal:        1844596 kB
MemFree:          818968 kB
MemAvailable:    1518432 kB
Buffers:           47844 kB
Cached:           762208 kB
MemTotal:        1844596 kB
MemFree:          819136 kB
MemAvailable:    1518600 kB
Buffers:           47844 kB
Cached:           762208 kB
MemTotal:        1844596 kB
MemFree:          818856 kB
MemAvailable:    1518332 kB
Buffers:           47844 kB
Cached:           762216 kB
MemTotal:        1844596 kB
MemFree:          819112 kB
MemAvailable:    1518588 kB
Buffers:           47844 kB
Cached:           762216 kB
MemTotal:        1844596 kB
MemFree:          818940 kB
MemAvailable:    1518416 kB
Buffers:           47844 kB
Cached:           762216 kB
MemTotal:        1844596 kB
MemFree:          818940 kB
MemAvailable:    1518416 kB
Buffers:           47844 kB
Cached:           762216 kB
MemTotal:        1844596 kB
MemFree:          819076 kB
MemAvailable:    1518552 kB
Buffers:           47844 kB
Cached:           762216 kB
MemTotal:        1844596 kB
MemFree:          817776 kB
MemAvailable:    1517252 kB
Buffers:           47844 kB
Cached:           762216 kB
MemTotal:        1844596 kB
MemFree:          818848 kB
MemAvailable:    1518324 kB
Buffers:           47844 kB
Cached:           762216 kB
MemTotal:        1844596 kB
MemFree:          817796 kB
MemAvailable:    1517272 kB
Buffers:           47844 kB
Cached:           762216 kB
MemTotal:        1844596 kB
MemFree:          818360 kB
MemAvailable:    1517836 kB
Buffers:           47844 kB
Cached:           762216 kB
MemTotal:        1844596 kB
MemFree:          818456 kB
MemAvailable:    1517932 kB
Buffers:           47844 kB
Cached:           762216 kB
MemTotal:        1844596 kB
MemFree:          818284 kB
MemAvailable:    1517760 kB
Buffers:           47844 kB
Cached:           762216 kB
MemTotal:        1844596 kB
MemFree:          817828 kB
MemAvailable:    1517304 kB
Buffers:           47844 kB
Cached:           762216 kB
MemTotal:        1844596 kB
MemFree:          818080 kB
MemAvailable:    1517556 kB
Buffers:           47844 kB
Cached:           762216 kB
MemTotal:        1844596 kB
MemFree:          818240 kB
MemAvailable:    1517716 kB
Buffers:           47844 kB
Cached:           762216 kB
MemTotal:        1844596 kB
MemFree:          816744 kB
MemAvailable:    1516220 kB
Buffers:           47844 kB
Cached:           762216 kB
MemTotal:        1844596 kB
MemFree:          817964 kB
MemAvailable:    1517440 kB
Buffers:           47844 kB
Cached:           762216 kB
MemTotal:        1844596 kB
MemFree:          817964 kB
MemAvailable:    1517440 kB
Buffers:           47844 kB
Cached:           762216 kB
MemTotal:        1844596 kB
MemFree:          818156 kB
MemAvailable:    1517632 kB
Buffers:           47844 kB
Cached:           762216 kB
MemTotal:        1844596 kB
MemFree:          818044 kB
MemAvailable:    1517520 kB
Buffers:           47844 kB
Cached:           762216 kB
MemTotal:        1844596 kB
MemFree:          817796 kB
MemAvailable:    1517272 kB
Buffers:           47844 kB
Cached:           762216 kB
MemTotal:        1844596 kB
MemFree:          817864 kB
MemAvailable:    1517340 kB
Buffers:           47844 kB
Cached:           762216 kB
MemTotal:        1844596 kB
MemFree:          817800 kB
MemAvailable:    1517276 kB
Buffers:           47844 kB
Cached:           762216 kB
MemTotal:        1844596 kB
MemFree:          815184 kB
MemAvailable:    1514660 kB
Buffers:           47844 kB
Cached:           762216 kB
MemTotal:        1844596 kB
MemFree:          812696 kB
MemAvailable:    1512172 kB
Buffers:           47844 kB
Cached:           762216 kB
MemTotal:        1844596 kB
MemFree:          811912 kB
MemAvailable:    1511388 kB
Buffers:           47844 kB
Cached:           762216 kB
MemTotal:        1844596 kB
MemFree:          810604 kB
MemAvailable:    1510080 kB
Buffers:           47844 kB
Cached:           762216 kB
MemTotal:        1844596 kB
MemFree:          810340 kB
MemAvailable:    1509816 kB
Buffers:           47844 kB
Cached:           762216 kB
MemTotal:        1844596 kB
MemFree:          810592 kB
MemAvailable:    1510068 kB
Buffers:           47844 kB
Cached:           762216 kB
MemTotal:        1844596 kB
MemFree:          810084 kB
MemAvailable:    1509560 kB
Buffers:           47844 kB
Cached:           762216 kB
MemTotal:        1844596 kB
MemFree:          810420 kB
MemAvailable:    1509896 kB
Buffers:           47844 kB
Cached:           762216 kB
MemTotal:        1844596 kB
MemFree:          810084 kB
MemAvailable:    1509560 kB
Buffers:           47844 kB
Cached:           762216 kB
MemTotal:        1844596 kB
MemFree:          808976 kB
MemAvailable:    1508452 kB
Buffers:           47844 kB
Cached:           762216 kB
MemTotal:        1844596 kB
MemFree:          810256 kB
MemAvailable:    1509732 kB
Buffers:           47844 kB
Cached:           762216 kB
MemTotal:        1844596 kB
MemFree:          810084 kB
MemAvailable:    1509560 kB
Buffers:           47844 kB
Cached:           762216 kB
MemTotal:        1844596 kB
MemFree:          810012 kB
MemAvailable:    1509488 kB
Buffers:           47844 kB
Cached:           762216 kB
MemTotal:        1844596 kB
MemFree:          808920 kB
MemAvailable:    1508396 kB
Buffers:           47844 kB
Cached:           762216 kB
MemTotal:        1844596 kB
MemFree:          809364 kB
MemAvailable:    1508840 kB
Buffers:           47844 kB
Cached:           762216 kB
MemTotal:        1844596 kB
MemFree:          808936 kB
MemAvailable:    1508412 kB
Buffers:           47844 kB
Cached:           762216 kB
MemTotal:        1844596 kB
MemFree:          809956 kB
MemAvailable:    1509432 kB
Buffers:           47844 kB
Cached:           762216 kB
MemTotal:        1844596 kB
MemFree:          810292 kB
MemAvailable:    1509768 kB
Buffers:           47844 kB
Cached:           762216 kB
MemTotal:        1844596 kB
MemFree:          809968 kB
MemAvailable:    1509444 kB
Buffers:           47844 kB
Cached:           762216 kB
MemTotal:        1844596 kB
MemFree:          809968 kB
MemAvailable:    1509444 kB
Buffers:           47844 kB
Cached:           762216 kB
MemTotal:        1844596 kB
MemFree:          809612 kB
MemAvailable:    1509088 kB
Buffers:           47844 kB
Cached:           762216 kB
MemTotal:        1844596 kB
MemFree:          809356 kB
MemAvailable:    1508832 kB
Buffers:           47844 kB
Cached:           762216 kB
MemTotal:        1844596 kB
MemFree:          808860 kB
MemAvailable:    1508336 kB
Buffers:           47844 kB
Cached:           762216 kB
MemTotal:        1844596 kB
MemFree:          808992 kB
MemAvailable:    1508468 kB
Buffers:           47844 kB
Cached:           762216 kB
MemTotal:        1844596 kB
MemFree:          808548 kB
MemAvailable:    1508024 kB
Buffers:           47844 kB
Cached:           762216 kB
MemTotal:        1844596 kB
MemFree:          807124 kB
MemAvailable:    1506600 kB
Buffers:           47844 kB
Cached:           762216 kB
MemTotal:        1844596 kB
MemFree:          806876 kB
MemAvailable:    1506352 kB
Buffers:           47844 kB
Cached:           762216 kB
MemTotal:        1844596 kB
MemFree:          807308 kB
MemAvailable:    1506784 kB
Buffers:           47844 kB
Cached:           762216 kB
MemTotal:        1844596 kB
MemFree:          807324 kB
MemAvailable:    1506800 kB
Buffers:           47844 kB
Cached:           762216 kB
MemTotal:        1844596 kB
MemFree:          806380 kB
MemAvailable:    1505856 kB
Buffers:           47844 kB
Cached:           762216 kB
MemTotal:        1844596 kB
MemFree:          806636 kB
MemAvailable:    1506112 kB
Buffers:           47844 kB
Cached:           762216 kB
MemTotal:        1844596 kB
MemFree:          806876 kB
MemAvailable:    1506352 kB
Buffers:           47844 kB
Cached:           762216 kB
MemTotal:        1844596 kB
MemFree:          805644 kB
MemAvailable:    1505120 kB
Buffers:           47844 kB
Cached:           762216 kB
MemTotal:        1844596 kB
MemFree:          805256 kB
MemAvailable:    1504732 kB
Buffers:           47844 kB
Cached:           762216 kB
MemTotal:        1844596 kB
MemFree:          806432 kB
MemAvailable:    1505908 kB
Buffers:           47844 kB
Cached:           762216 kB
MemTotal:        1844596 kB
MemFree:          806232 kB
MemAvailable:    1505708 kB
Buffers:           47844 kB
Cached:           762216 kB
MemTotal:        1844596 kB
MemFree:          806232 kB
MemAvailable:    1505708 kB
Buffers:           47844 kB
Cached:           762216 kB
MemTotal:        1844596 kB
MemFree:          806112 kB
MemAvailable:    1505588 kB
Buffers:           47844 kB
Cached:           762216 kB
MemTotal:        1844596 kB
MemFree:          806448 kB
MemAvailable:    1505924 kB
Buffers:           47844 kB
Cached:           762216 kB
MemTotal:        1844596 kB
MemFree:          804956 kB
MemAvailable:    1504432 kB
Buffers:           47844 kB
Cached:           762216 kB
MemTotal:        1844596 kB
MemFree:          804832 kB
MemAvailable:    1504308 kB
Buffers:           47844 kB
Cached:           762216 kB
MemTotal:        1844596 kB
MemFree:          805752 kB
MemAvailable:    1505228 kB
Buffers:           47844 kB
Cached:           762216 kB
MemTotal:        1844596 kB
MemFree:          805520 kB
MemAvailable:    1504996 kB
Buffers:           47844 kB
Cached:           762216 kB
MemTotal:        1844596 kB
MemFree:          805464 kB
MemAvailable:    1504940 kB
Buffers:           47844 kB
Cached:           762216 kB
MemTotal:        1844596 kB
MemFree:          800792 kB
MemAvailable:    1500268 kB
Buffers:           47844 kB
Cached:           762216 kB
MemTotal:        1844596 kB
MemFree:          800560 kB
MemAvailable:    1500036 kB
Buffers:           47844 kB
Cached:           762216 kB
MemTotal:        1844596 kB
MemFree:          800364 kB
MemAvailable:    1499840 kB
Buffers:           47844 kB
Cached:           762216 kB
MemTotal:        1844596 kB
MemFree:          800700 kB
MemAvailable:    1500176 kB
Buffers:           47844 kB
Cached:           762216 kB
MemTotal:        1844596 kB
MemFree:          800592 kB
MemAvailable:    1500068 kB
Buffers:           47844 kB
Cached:           762216 kB
MemTotal:        1844596 kB
MemFree:          800552 kB
MemAvailable:    1500028 kB
Buffers:           47844 kB
Cached:           762216 kB
MemTotal:        1844596 kB
MemFree:          800464 kB
MemAvailable:    1499940 kB
Buffers:           47844 kB
Cached:           762216 kB
MemTotal:        1844596 kB
MemFree:          800544 kB
MemAvailable:    1500020 kB
Buffers:           47844 kB
Cached:           762216 kB
MemTotal:        1844596 kB
MemFree:          800396 kB
MemAvailable:    1499872 kB
Buffers:           47844 kB
Cached:           762216 kB
MemTotal:        1844596 kB
MemFree:          800000 kB
MemAvailable:    1499476 kB
Buffers:           47844 kB
Cached:           762216 kB
MemTotal:        1844596 kB
MemFree:          799024 kB
MemAvailable:    1498500 kB
Buffers:           47844 kB
Cached:           762216 kB
MemTotal:        1844596 kB
MemFree:          798760 kB
MemAvailable:    1498236 kB
Buffers:           47844 kB
Cached:           762216 kB
MemTotal:        1844596 kB
MemFree:          800192 kB
MemAvailable:    1499668 kB
Buffers:           47844 kB
Cached:           762216 kB
MemTotal:        1844596 kB
MemFree:          800068 kB
MemAvailable:    1499544 kB
Buffers:           47844 kB
Cached:           762216 kB
MemTotal:        1844596 kB
MemFree:          799876 kB
MemAvailable:    1499356 kB
Buffers:           47844 kB
Cached:           762220 kB
MemTotal:        1844596 kB
MemFree:          797832 kB
MemAvailable:    1497312 kB
Buffers:           47844 kB
Cached:           762220 kB
MemTotal:        1844596 kB
MemFree:          797668 kB
MemAvailable:    1497148 kB
Buffers:           47844 kB
Cached:           762220 kB
MemTotal:        1844596 kB
MemFree:          795964 kB
MemAvailable:    1495452 kB
Buffers:           47844 kB
Cached:           762228 kB
MemTotal:        1844596 kB
MemFree:          797320 kB
MemAvailable:    1496808 kB
Buffers:           47844 kB
Cached:           762228 kB
MemTotal:        1844596 kB
MemFree:          797156 kB
MemAvailable:    1496644 kB
Buffers:           47844 kB
Cached:           762228 kB
MemTotal:        1844596 kB
MemFree:          796096 kB
MemAvailable:    1495460 kB
Buffers:           47844 kB
Cached:           762228 kB
MemTotal:        1844596 kB
MemFree:          797024 kB
MemAvailable:    1496512 kB
Buffers:           47844 kB
Cached:           762228 kB
MemTotal:        1844596 kB
MemFree:          795848 kB
MemAvailable:    1495336 kB
Buffers:           47844 kB
Cached:           762228 kB
MemTotal:        1844596 kB
MemFree:          797080 kB
MemAvailable:    1496568 kB
Buffers:           47844 kB
Cached:           762228 kB
MemTotal:        1844596 kB
MemFree:          798728 kB
MemAvailable:    1498216 kB
Buffers:           47844 kB
Cached:           762228 kB
MemTotal:        1844596 kB
MemFree:          799064 kB
MemAvailable:    1498552 kB
Buffers:           47844 kB
Cached:           762228 kB
MemTotal:        1844596 kB
MemFree:          797700 kB
MemAvailable:    1497272 kB
Buffers:           47844 kB
Cached:           762352 kB
MemTotal:        1844596 kB
MemFree:          798948 kB
MemAvailable:    1498772 kB
Buffers:           47844 kB
Cached:           762600 kB
MemTotal:        1844596 kB
MemFree:          797708 kB
MemAvailable:    1497532 kB
Buffers:           47844 kB
Cached:           762600 kB
MemTotal:        1844596 kB
MemFree:          798396 kB
MemAvailable:    1498304 kB
Buffers:           47844 kB
Cached:           762724 kB
MemTotal:        1844596 kB
MemFree:          797316 kB
MemAvailable:    1497224 kB
Buffers:           47844 kB
Cached:           762724 kB
MemTotal:        1844596 kB
MemFree:          798300 kB
MemAvailable:    1498292 kB
Buffers:           47844 kB
Cached:           762848 kB
MemTotal:        1844596 kB
MemFree:          798552 kB
MemAvailable:    1498544 kB
Buffers:           47844 kB
Cached:           762848 kB
MemTotal:        1844596 kB
MemFree:          798196 kB
MemAvailable:    1498188 kB
Buffers:           47844 kB
Cached:           762848 kB
MemTotal:        1844596 kB
MemFree:          798056 kB
MemAvailable:    1498132 kB
Buffers:           47844 kB
Cached:           762848 kB
MemTotal:        1844596 kB
MemFree:          798224 kB
MemAvailable:    1498300 kB
Buffers:           47844 kB
Cached:           762848 kB
MemTotal:        1844596 kB
MemFree:          797516 kB
MemAvailable:    1497592 kB
Buffers:           47844 kB
Cached:           762848 kB
MemTotal:        1844596 kB
MemFree:          796816 kB
MemAvailable:    1496892 kB
Buffers:           47844 kB
Cached:           762848 kB
MemTotal:        1844596 kB
MemFree:          798000 kB
MemAvailable:    1498160 kB
Buffers:           47844 kB
Cached:           762848 kB
MemTotal:        1844596 kB
MemFree:          798148 kB
MemAvailable:    1498308 kB
Buffers:           47844 kB
Cached:           762848 kB
MemTotal:        1844596 kB
MemFree:          797124 kB
MemAvailable:    1496696 kB
Buffers:           47844 kB
Cached:           762216 kB
MemTotal:        1844596 kB
MemFree:          864408 kB
MemAvailable:    1564064 kB
Buffers:           47844 kB
Cached:           762216 kB
