MemTotal:        1844596 kB
MemFree:          738044 kB
MemAvailable:    1530848 kB
Buffers:           57652 kB
Cached:           838116 kB
MemTotal:        1844596 kB
MemFree:          737848 kB
MemAvailable:    1530652 kB
Buffers:           57652 kB
Cached:           838116 kB
MemTotal:        1844596 kB
MemFree:          734572 kB
MemAvailable:    1527376 kB
Buffers:           57652 kB
Cached:           838116 kB
MemTotal:        1844596 kB
MemFree:          734572 kB
MemAvailable:    1527376 kB
Buffers:           57652 kB
Cached:           838116 kB
MemTotal:        1844596 kB
MemFree:          734400 kB
MemAvailable:    1527204 kB
Buffers:           57652 kB
Cached:           838116 kB
MemTotal:        1844596 kB
MemFree:          734372 kB
MemAvailable:    1527176 kB
Buffers:           57652 kB
Cached:           838116 kB
MemTotal:        1844596 kB
MemFree:          732568 kB
MemAvailable:    1525372 kB
Buffers:           57652 kB
Cached:           838116 kB
MemTotal:        1844596 kB
MemFree:          729860 kB
MemAvailable:    1522664 kB
Buffers:           57652 kB
Cached:           838116 kB
MemTotal:        1844596 kB
MemFree:          727372 kB
MemAvailable:    1520176 kB
Buffers:           57652 kB
Cached:           838116 kB
MemTotal:        1844596 kB
MemFree:          723596 kB
MemAvailable:    1516400 kB
Buffers:           57652 kB
Cached:           838116 kB
MemTotal:        1844596 kB
MemFree:          723332 kB
MemAvailable:    1516136 kB
Buffers:           57652 kB
Cached:           838116 kB
MemTotal:        1844596 kB
MemFree:          724500 kB
MemAvailable:    1517304 kB
Buffers:           57652 kB
Cached:           838116 kB
MemTotal:        1844596 kB
MemFree:          723324 kB
MemAvailable:    1516128 kB
Buffers:           57652 kB
Cached:           838116 kB
MemTotal:        1844596 kB
MemFree:          724432 kB
MemAvailable:    1517236 kB
Buffers:           57652 kB
Cached:           838116 kB
MemTotal:        1844596 kB
MemFree:          723164 kB
MemAvailable:    1515968 kB
Buffers:           57652 kB
Cached:           838116 kB
MemTotal:        1844596 kB
MemFree:          724232 kB
MemAvailable:    1517036 kB
Buffers:           57652 kB
Cached:           838116 kB
MemTotal:        1844596 kB
MemFree:          723968 kB
MemAvailable:    1516772 kB
Buffers:           57652 kB
Cached:           838116 kB
MemTotal:        1844596 kB
MemFree:          722544 kB
MemAvailable:    1515348 kB
Buffers:           57652 kB
Cached:           838116 kB
MemTotal:        1844596 kB
MemFree:          722288 kB
MemAvailable:    1515092 kB
Buffers:           57652 kB
Cached:           838116 kB
MemTotal:        1844596 kB
MemFree:          722624 kB
MemAvailable:    1515428 kB
Buffers:           57652 kB
Cached:           838116 kB
MemTotal:        1844596 kB
MemFree:          721048 kB
MemAvailable:    1513852 kB
Buffers:           57652 kB
Cached:           838116 kB
MemTotal:        1844596 kB
MemFree:          722148 kB
MemAvailable:    1514952 kB
Buffers:           57652 kB
Cached:           838116 kB
MemTotal:        1844596 kB
MemFree:          722232 kB
MemAvailable:    1515036 kB
Buffers:           57652 kB
Cached:           838116 kB
MemTotal:        1844596 kB
MemFree:          722008 kB
MemAvailable:    1514816 kB
Buffers:           57652 kB
Cached:           838120 kB
MemTotal:        1844596 kB
MemFree:          721916 kB
MemAvailable:    1514724 kB
Buffers:           57652 kB
Cached:           838120 kB
MemTotal:        1844596 kB
MemFree:          721916 kB
MemAvailable:    1514724 kB
Buffers:           57652 kB
Cached:           838120 kB
MemTotal:        1844596 kB
MemFree:          720760 kB
MemAvailable:    1513568 kB
Buffers:           57652 kB
Cached:           838120 kB
MemTotal:        1844596 kB
MemFree:          722012 kB
MemAvailable:    1514820 kB
Buffers:           57652 kB
Cached:           838120 kB
MemTotal:        1844596 kB
MemFree:          722048 kB
MemAvailable:    1514856 kB
Buffers:           57652 kB
Cached:           838120 kB
MemTotal:        1844596 kB
MemFree:          722852 kB
MemAvailable:    1515660 kB
Buffers:           57652 kB
Cached:           838120 kB
MemTotal:        1844596 kB
MemFree:          720560 kB
MemAvailable:    1513368 kB
Buffers:           57652 kB
Cached:           838120 kB
MemTotal:        1844596 kB
MemFree:          719932 kB
MemAvailable:    1512740 kB
Buffers:           57652 kB
Cached:           838120 kB
MemTotal:        1844596 kB
MemFree:          720064 kB
MemAvailable:    1512872 kB
Buffers:           57652 kB
Cached:           838120 kB
MemTotal:        1844596 kB
MemFree:          718072 kB
MemAvailable:    1510880 kB
Buffers:           57652 kB
Cached:           838120 kB
MemTotal:        1844596 kB
MemFree:          717948 kB
MemAvailable:    1510756 kB
Buffers:           57652 kB
Cached:           838120 kB
MemTotal:        1844596 kB
MemFree:          718328 kB
MemAvailable:    1511136 kB
Buffers:           57652 kB
Cached:           838120 kB
MemTotal:        1844596 kB
MemFree:          718204 kB
MemAvailable:    1511012 kB
Buffers:           57652 kB
Cached:           838120 kB
MemTotal:        1844596 kB
MemFree:          718576 kB
MemAvailable:    1511384 kB
Buffers:           57652 kB
Cached:           838120 kB
MemTotal:        1844596 kB
MemFree:          718072 kB
MemAvailable:    1510880 kB
Buffers:           57652 kB
Cached:           838120 kB
MemTotal:        1844596 kB
MemFree:          718072 kB
MemAvailable:    1510880 kB
Buffers:           57652 kB
Cached:           838120 kB
MemTotal:        1844596 kB
MemFree:          717824 kB
MemAvailable:    1510632 kB
Buffers:           57652 kB
Cached:           838120 kB
MemTotal:        1844596 kB
MemFree:          717716 kB
MemAvailable:    1510524 kB
Buffers:           57652 kB
Cached:           838120 kB
MemTotal:        1844596 kB
MemFree:          716460 kB
MemAvailable:    1509268 kB
Buffers:           57652 kB
Cached:           838120 kB
MemTotal:        1844596 kB
MemFree:          717396 kB
MemAvailable:    1510204 kB
Buffers:           57656 kB
Cached:           838116 kB
MemTotal:        1844596 kB
MemFree:          715964 kB
MemAvailable:    1508772 kB
Buffers:           57656 kB
Cached:           838116 kB
MemTotal:        1844596 kB
MemFree:          716652 kB
MemAvailable:    1509460 kB
Buffers:           57656 kB
Cached:           838116 kB
MemTotal:        1844596 kB
MemFree:          715672 kB
MemAvailable:    1508480 kB
Buffers:           57656 kB
Cached:           838116 kB
MemTotal:        1844596 kB
MemFree:          715696 kB
MemAvailable:    1508504 kB
Buffers:           57656 kB
Cached:           838116 kB
MemTotal:        1844596 kB
MemFree:          716832 kB
MemAvailable:    1509640 kB
Buffers:           57656 kB
Cached:           838116 kB
MemTotal:        1844596 kB
MemFree:          716096 kB
MemAvailable:    1508904 kB
Buffers:           57656 kB
Cached:           838116 kB
MemTotal:        1844596 kB
MemFree:          716688 kB
MemAvailable:    1509496 kB
Buffers:           57656 kB
Cached:           838116 kB
MemTotal:        1844596 kB
MemFree:          717024 kB
MemAvailable:    1509832 kB
Buffers:           57656 kB
Cached:           838116 kB
MemTotal:        1844596 kB
MemFree:          716648 kB
MemAvailable:    1509456 kB
Buffers:           57656 kB
Cached:           838116 kB
MemTotal:        1844596 kB
MemFree:          716900 kB
MemAvailable:    1509708 kB
Buffers:           57656 kB
Cached:           838116 kB
MemTotal:        1844596 kB
MemFree:          716808 kB
MemAvailable:    1509616 kB
Buffers:           57656 kB
Cached:           838116 kB
MemTotal:        1844596 kB
MemFree:          715440 kB
MemAvailable:    1508248 kB
Buffers:           57656 kB
Cached:           838116 kB
MemTotal:        1844596 kB
MemFree:          715424 kB
MemAvailable:    1508232 kB
Buffers:           57656 kB
Cached:           838116 kB
MemTotal:        1844596 kB
MemFree:          715672 kB
MemAvailable:    1508480 kB
Buffers:           57656 kB
Cached:           838116 kB
MemTotal:        1844596 kB
MemFree:          715548 kB
MemAvailable:    1508356 kB
Buffers:           57656 kB
Cached:           838116 kB
MemTotal:        1844596 kB
MemFree:          716528 kB
MemAvailable:    1509336 kB
Buffers:           57656 kB
Cached:           838116 kB
MemTotal:        1844596 kB
MemFree:          716512 kB
MemAvailable:    1509320 kB
Buffers:           57656 kB
Cached:           838116 kB
MemTotal:        1844596 kB
MemFree:          715948 kB
MemAvailable:    1508756 kB
Buffers:           57656 kB
Cached:           838116 kB
MemTotal:        1844596 kB
MemFree:          715848 kB
MemAvailable:    1508656 kB
Buffers:           57656 kB
Cached:           838116 kB
MemTotal:        1844596 kB
MemFree:          714544 kB
MemAvailable:    1507352 kB
Buffers:           57656 kB
Cached:           838116 kB
MemTotal:        1844596 kB
MemFree:          715792 kB
MemAvailable:    1508600 kB
Buffers:           57656 kB
Cached:           838116 kB
MemTotal:        1844596 kB
MemFree:          715952 kB
MemAvailable:    1508760 kB
Buffers:           57656 kB
Cached:           838116 kB
MemTotal:        1844596 kB
MemFree:          716204 kB
MemAvailable:    1509012 kB
Buffers:           57656 kB
Cached:           838116 kB
MemTotal:        1844596 kB
MemFree:          714724 kB
MemAvailable:    1507532 kB
Buffers:           57656 kB
Cached:           838116 kB
MemTotal:        1844596 kB
MemFree:          715900 kB
MemAvailable:    1508708 kB
Buffers:           57656 kB
Cached:           838116 kB
MemTotal:        1844596 kB
MemFree:          714716 kB
MemAvailable:    1507524 kB
Buffers:           57656 kB
Cached:           838116 kB
MemTotal:        1844596 kB
MemFree:          714816 kB
MemAvailable:    1507624 kB
Buffers:           57656 kB
Cached:           838116 kB
MemTotal:        1844596 kB
MemFree:          711740 kB
MemAvailable:    1504548 kB
Buffers:           57656 kB
Cached:           838116 kB
MemTotal:        1844596 kB
MemFree:          711492 kB
MemAvailable:    1504300 kB
Buffers:           57656 kB
Cached:           838116 kB
MemTotal:        1844596 kB
MemFree:          708516 kB
MemAvailable:    1501324 kB
Buffers:           57656 kB
Cached:           838116 kB
MemTotal:        1844596 kB
MemFree:          708852 kB
MemAvailable:    1501660 kB
Buffers:           57656 kB
Cached:           838116 kB
MemTotal:        1844596 kB
MemFree:          707036 kB
MemAvailable:    1499844 kB
Buffers:           57656 kB
Cached:           838116 kB
MemTotal:        1844596 kB
MemFree:          708284 kB
MemAvailable:    1501092 kB
Buffers:           57656 kB
Cached:           838116 kB
MemTotal:        1844596 kB
MemFree:          707888 kB
MemAvailable:    1500696 kB
Buffers:           57656 kB
Cached:           838116 kB
MemTotal:        1844596 kB
MemFree:          707856 kB
MemAvailable:    1500664 kB
Buffers:           57656 kB
Cached:           838116 kB
MemTotal:        1844596 kB
MemFree:          708036 kB
MemAvailable:    1500848 kB
Buffers:           57656 kB
Cached:           838120 kB
MemTotal:        1844596 kB
MemFree:          707044 kB
MemAvailable:    1499856 kB
Buffers:           57656 kB
Cached:           838120 kB
MemTotal:        1844596 kB
MemFree:          707884 kB
MemAvailable:    1500696 kB
Buffers:           57656 kB
Cached:           838120 kB
MemTotal:        1844596 kB
MemFree:          708136 kB
MemAvailable:    1500948 kB
Buffers:           57656 kB
Cached:           838120 kB
MemTotal:        1844596 kB
MemFree:          706604 kB
MemAvailable:    1499416 kB
Buffers:           57656 kB
Cached:           838120 kB
MemTotal:        1844596 kB
MemFree:          708136 kB
MemAvailable:    1500948 kB
Buffers:           57656 kB
Cached:           838120 kB
MemTotal:        1844596 kB
MemFree:          707912 kB
MemAvailable:    1500724 kB
Buffers:           57656 kB
Cached:           838120 kB
MemTotal:        1844596 kB
MemFree:          706748 kB
MemAvailable:    1499560 kB
Buffers:           57656 kB
Cached:           838120 kB
MemTotal:        1844596 kB
MemFree:          707924 kB
MemAvailable:    1500736 kB
Buffers:           57656 kB
Cached:           838120 kB
MemTotal:        1844596 kB
MemFree:          707900 kB
MemAvailable:    1500712 kB
Buffers:           57656 kB
Cached:           838120 kB
MemTotal:        1844596 kB
MemFree:          706540 kB
MemAvailable:    1499352 kB
Buffers:           57656 kB
Cached:           838120 kB
MemTotal:        1844596 kB
MemFree:          706548 kB
MemAvailable:    1499360 kB
Buffers:           57656 kB
Cached:           838120 kB
MemTotal:        1844596 kB
MemFree:          707024 kB
MemAvailable:    1499836 kB
Buffers:           57656 kB
Cached:           838120 kB
MemTotal:        1844596 kB
MemFree:          707280 kB
MemAvailable:    1500092 kB
Buffers:           57656 kB
Cached:           838120 kB
MemTotal:        1844596 kB
MemFree:          705432 kB
MemAvailable:    1498244 kB
Buffers:           57656 kB
Cached:           838120 kB
MemTotal:        1844596 kB
MemFree:          706292 kB
MemAvailable:    1499104 kB
Buffers:           57656 kB
Cached:           838120 kB
MemTotal:        1844596 kB
MemFree:          706292 kB
MemAvailable:    1499104 kB
Buffers:           57656 kB
Cached:           838120 kB
MemTotal:        1844596 kB
MemFree:          705308 kB
MemAvailable:    1498120 kB
Buffers:           57656 kB
Cached:           838120 kB
MemTotal:        1844596 kB
MemFree:          705236 kB
MemAvailable:    1498048 kB
Buffers:           57656 kB
Cached:           838120 kB
MemTotal:        1844596 kB
MemFree:          703936 kB
MemAvailable:    1496748 kB
Buffers:           57656 kB
Cached:           838120 kB
MemTotal:        1844596 kB
MemFree:          704200 kB
MemAvailable:    1497012 kB
Buffers:           57656 kB
Cached:           838120 kB
MemTotal:        1844596 kB
MemFree:          704432 kB
MemAvailable:    1497252 kB
Buffers:           57656 kB
Cached:           838128 kB
MemTotal:        1844596 kB
MemFree:          704688 kB
MemAvailable:    1497512 kB
Buffers:           57656 kB
Cached:           838132 kB
MemTotal:        1844596 kB
MemFree:          704432 kB
MemAvailable:    1497256 kB
Buffers:           57656 kB
Cached:           838132 kB
MemTotal:        1844596 kB
MemFree:          704068 kB
MemAvailable:    1496892 kB
Buffers:           57656 kB
Cached:           838132 kB
MemTotal:        1844596 kB
MemFree:          702952 kB
MemAvailable:    1495776 kB
Buffers:           57656 kB
Cached:           838132 kB
MemTotal:        1844596 kB
MemFree:          704056 kB
MemAvailable:    1496880 kB
Buffers:           57656 kB
Cached:           838132 kB
MemTotal:        1844596 kB
MemFree:          702768 kB
MemAvailable:    1495592 kB
Buffers:           57656 kB
Cached:           838132 kB
MemTotal:        1844596 kB
MemFree:          704068 kB
MemAvailable:    1496892 kB
Buffers:           57656 kB
Cached:           838132 kB
MemTotal:        1844596 kB
MemFree:          704060 kB
MemAvailable:    1496884 kB
Buffers:           57656 kB
Cached:           838132 kB
MemTotal:        1844596 kB
MemFree:          704060 kB
MemAvailable:    1496884 kB
Buffers:           57656 kB
Cached:           838132 kB
MemTotal:        1844596 kB
MemFree:          703876 kB
MemAvailable:    1496700 kB
Buffers:           57656 kB
Cached:           838132 kB
MemTotal:        1844596 kB
MemFree:          704132 kB
MemAvailable:    1496956 kB
Buffers:           57656 kB
Cached:           838132 kB
MemTotal:        1844596 kB
MemFree:          702448 kB
MemAvailable:    1495272 kB
Buffers:           57656 kB
Cached:           838132 kB
MemTotal:        1844596 kB
MemFree:          702324 kB
MemAvailable:    1495148 kB
Buffers:           57656 kB
Cached:           838132 kB
MemTotal:        1844596 kB
MemFree:          699976 kB
MemAvailable:    1492800 kB
Buffers:           57656 kB
Cached:           838132 kB
MemTotal:        1844596 kB
MemFree:          697744 kB
MemAvailable:    1490568 kB
Buffers:           57656 kB
Cached:           838132 kB
MemTotal:        1844596 kB
MemFree:          698476 kB
MemAvailable:    1491300 kB
Buffers:           57656 kB
Cached:           838132 kB
MemTotal:        1844596 kB
MemFree:          697180 kB
MemAvailable:    1490004 kB
Buffers:           57656 kB
Cached:           838132 kB
MemTotal:        1844596 kB
MemFree:          698284 kB
MemAvailable:    1491108 kB
Buffers:           57656 kB
Cached:           838132 kB
MemTotal:        1844596 kB
MemFree:          698284 kB
MemAvailable:    1491108 kB
Buffers:           57656 kB
Cached:           838132 kB
MemTotal:        1844596 kB
MemFree:          696972 kB
MemAvailable:    1489796 kB
Buffers:           57656 kB
Cached:           838132 kB
MemTotal:        1844596 kB
MemFree:          696808 kB
MemAvailable:    1489632 kB
Buffers:           57656 kB
Cached:           838132 kB
MemTotal:        1844596 kB
MemFree:          698216 kB
MemAvailable:    1491040 kB
Buffers:           57656 kB
Cached:           838132 kB
MemTotal:        1844596 kB
MemFree:          697952 kB
MemAvailable:    1490776 kB
Buffers:           57656 kB
Cached:           838132 kB
MemTotal:        1844596 kB
MemFree:          697052 kB
MemAvailable:    1489876 kB
Buffers:           57656 kB
Cached:           838132 kB
MemTotal:        1844596 kB
MemFree:          696744 kB
MemAvailable:    1489568 kB
Buffers:           57656 kB
Cached:           838132 kB
MemTotal:        1844596 kB
MemFree:          698192 kB
MemAvailable:    1491016 kB
Buffers:           57656 kB
Cached:           838132 kB
MemTotal:        1844596 kB
MemFree:          695504 kB
MemAvailable:    1488328 kB
Buffers:           57656 kB
Cached:           838132 kB
MemTotal:        1844596 kB
MemFree:          696008 kB
MemAvailable:    1488832 kB
Buffers:           57656 kB
Cached:           838132 kB
MemTotal:        1844596 kB
MemFree:          694960 kB
MemAvailable:    1487784 kB
Buffers:           57656 kB
Cached:           838132 kB
MemTotal:        1844596 kB
MemFree:          695016 kB
MemAvailable:    1487840 kB
Buffers:           57656 kB
Cached:           838132 kB
MemTotal:        1844596 kB
MemFree:          694852 kB
MemAvailable:    1487676 kB
Buffers:           57656 kB
Cached:           838132 kB
MemTotal:        1844596 kB
MemFree:          695188 kB
MemAvailable:    1488012 kB
Buffers:           57656 kB
Cached:           838132 kB
MemTotal:        1844596 kB
MemFree:          696948 kB
MemAvailable:    1489772 kB
Buffers:           57656 kB
Cached:           838132 kB
MemTotal:        1844596 kB
MemFree:          697200 kB
MemAvailable:    1490024 kB
Buffers:           57656 kB
Cached:           838132 kB
MemTotal:        1844596 kB
MemFree:          696868 kB
MemAvailable:    1489692 kB
Buffers:           57656 kB
Cached:           838132 kB
MemTotal:        1844596 kB
MemFree:          695704 kB
MemAvailable:    1488612 kB
Buffers:           57656 kB
Cached:           838256 kB
MemTotal:        1844596 kB
MemFree:          696880 kB
MemAvailable:    1489956 kB
Buffers:           57656 kB
Cached:           838380 kB
MemTotal:        1844596 kB
MemFree:          696556 kB
MemAvailable:    1489800 kB
Buffers:           57656 kB
Cached:           838504 kB
MemTotal:        1844596 kB
MemFree:          696556 kB
MemAvailable:    1489800 kB
Buffers:           57656 kB
Cached:           838504 kB
MemTotal:        1844596 kB
MemFree:          696232 kB
MemAvailable:    1489644 kB
Buffers:           57656 kB
Cached:           838628 kB
MemTotal:        1844596 kB
MemFree:          696568 kB
MemAvailable:    1489980 kB
Buffers:           57656 kB
Cached:           838628 kB
MemTotal:        1844596 kB
MemFree:          694992 kB
MemAvailable:    1488404 kB
Buffers:           57656 kB
Cached:           838628 kB
MemTotal:        1844596 kB
MemFree:          695264 kB
MemAvailable:    1488676 kB
Buffers:           57656 kB
Cached:           838752 kB
MemTotal:        1844596 kB
MemFree:          696244 kB
MemAvailable:    1489656 kB
Buffers:           57656 kB
Cached:           838752 kB
MemTotal:        1844596 kB
MemFree:          694956 kB
MemAvailable:    1488368 kB
Buffers:           57656 kB
Cached:           838752 kB
MemTotal:        1844596 kB
MemFree:          694956 kB
MemAvailable:    1488368 kB
Buffers:           57656 kB
Cached:           838752 kB
MemTotal:        1844596 kB
MemFree:          696116 kB
MemAvailable:    1489528 kB
Buffers:           57656 kB
Cached:           838752 kB
MemTotal:        1844596 kB
MemFree:          696368 kB
MemAvailable:    1489780 kB
Buffers:           57656 kB
Cached:           838752 kB
MemTotal:        1844596 kB
MemFree:          696296 kB
MemAvailable:    1489708 kB
Buffers:           57656 kB
Cached:           838752 kB
MemTotal:        1844596 kB
MemFree:          696256 kB
MemAvailable:    1489836 kB
Buffers:           57656 kB
Cached:           838876 kB
MemTotal:        1844596 kB
MemFree:          695300 kB
MemAvailable:    1488208 kB
Buffers:           57656 kB
Cached:           838120 kB
MemTotal:        1844596 kB
MemFree:          761956 kB
MemAvailable:    1554864 kB
Buffers:           57656 kB
Cached:           838120 kB
