MemTotal:        1844596 kB
MemFree:          629220 kB
MemAvailable:    1521808 kB
Buffers:           67388 kB
Cached:           919768 kB
MemTotal:        1844596 kB
MemFree:          628316 kB
MemAvailable:    1520904 kB
Buffers:           67388 kB
Cached:           919768 kB
MemTotal:        1844596 kB
MemFree:          625900 kB
MemAvailable:    1518488 kB
Buffers:           67388 kB
Cached:           919768 kB
MemTotal:        1844596 kB
MemFree:          624280 kB
MemAvailable:    1516868 kB
Buffers:           67388 kB
Cached:           919768 kB
MemTotal:        1844596 kB
MemFree:          624852 kB
MemAvailable:    1517440 kB
Buffers:           67388 kB
Cached:           919768 kB
MemTotal:        1844596 kB
MemFree:          623296 kB
MemAvailable:    1515884 kB
Buffers:           67388 kB
Cached:           919768 kB
MemTotal:        1844596 kB
MemFree:          621560 kB
MemAvailable:    1514148 kB
Buffers:           67388 kB
Cached:           919768 kB
MemTotal:        1844596 kB
MemFree:          619452 kB
MemAvailable:    1512040 kB
Buffers:           67388 kB
Cached:           919768 kB
MemTotal:        1844596 kB
MemFree:          617468 kB
MemAvailable:    1510056 kB
Buffers:           67388 kB
Cached:           919768 kB
MemTotal:        1844596 kB
MemFree:          615476 kB
MemAvailable:    1508064 kB
Buffers:           67388 kB
Cached:           919768 kB
MemTotal:        1844596 kB
MemFree:          614616 kB
MemAvailable:    1507204 kB
Buffers:           67388 kB
Cached:           919768 kB
MemTotal:        1844596 kB
MemFree:          614484 kB
MemAvailable:    1507072 kB
Buffers:           67388 kB
Cached:           919768 kB
MemTotal:        1844596 kB
MemFree:          614484 kB
MemAvailable:    1507072 kB
Buffers:           67388 kB
Cached:           919768 kB
MemTotal:        1844596 kB
MemFree:          615784 kB
MemAvailable:    1508372 kB
Buffers:           67388 kB
Cached:           919768 kB
MemTotal:        1844596 kB
MemFree:          614732 kB
MemAvailable:    1507320 kB
Buffers:           67388 kB
Cached:           919768 kB
MemTotal:        1844596 kB
MemFree:          614224 kB
MemAvailable:    1506812 kB
Buffers:           67388 kB
Cached:           919768 kB
MemTotal:        1844596 kB
MemFree:          613616 kB
MemAvailable:    1506204 kB
Buffers:           67388 kB
Cached:           919768 kB
MemTotal:        1844596 kB
MemFree:          612500 kB
MemAvailable:    1505088 kB
Buffers:           67388 kB
Cached:           919768 kB
MemTotal:        1844596 kB
MemFree:          612136 kB
MemAvailable:    1504724 kB
Buffers:           67388 kB
Cached:           919768 kB
MemTotal:        1844596 kB
MemFree:          613236 kB
MemAvailable:    1505824 kB
Buffers:           67388 kB
Cached:           919768 kB
MemTotal:        1844596 kB
MemFree:          613320 kB
MemAvailable:    1505908 kB
Buffers:           67388 kB
Cached:           919768 kB
MemTotal:        1844596 kB
MemFree:          611992 kB
MemAvailable:    1504580 kB
Buffers:           67388 kB
Cached:           919768 kB
MemTotal:        1844596 kB
MemFree:          613184 kB
MemAvailable:    1505772 kB
Buffers:           67388 kB
Cached:           919768 kB
MemTotal:        1844596 kB
MemFree:          613252 kB
MemAvailable:    1505840 kB
Buffers:           67388 kB
Cached:           919768 kB
MemTotal:        1844596 kB
MemFree:          613292 kB
MemAvailable:    1505880 kB
Buffers:           67388 kB
Cached:           919768 kB
MemTotal:        1844596 kB
MemFree:          613192 kB
MemAvailable:    1505780 kB
Buffers:           67388 kB
Cached:           919768 kB
MemTotal:        1844596 kB
MemFree:          613172 kB
MemAvailable:    1505760 kB
Buffers:           67388 kB
Cached:           919768 kB
MemTotal:        1844596 kB
MemFree:          614272 kB
MemAvailable:    1506860 kB
Buffers:           67388 kB
Cached:           919768 kB
MemTotal:        1844596 kB
MemFree:          614244 kB
MemAvailable:    1506832 kB
Buffers:           67388 kB
Cached:           919768 kB
MemTotal:        1844596 kB
MemFree:          612260 kB
MemAvailable:    1504848 kB
Buffers:           67388 kB
Cached:           919768 kB
MemTotal:        1844596 kB
MemFree:          610948 kB
MemAvailable:    1503536 kB
Buffers:           67388 kB
Cached:           919768 kB
MemTotal:        1844596 kB
MemFree:          609640 kB
MemAvailable:    1502228 kB
Buffers:           67388 kB
Cached:           919768 kB
MemTotal:        1844596 kB
MemFree:          610028 kB
MemAvailable:    1502616 kB
Buffers:           67388 kB
Cached:           919768 kB
MemTotal:        1844596 kB
MemFree:          608788 kB
MemAvailable:    1501376 kB
Buffers:           67388 kB
Cached:           919768 kB
MemTotal:        1844596 kB
MemFree:          609524 kB
MemAvailable:    1502112 kB
Buffers:           67388 kB
Cached:           919768 kB
MemTotal:        1844596 kB
MemFree:          609656 kB
MemAvailable:    1502244 kB
Buffers:           67388 kB
Cached:           919768 kB
MemTotal:        1844596 kB
MemFree:          609136 kB
MemAvailable:    1501724 kB
Buffers:           67388 kB
Cached:           919768 kB
MemTotal:        1844596 kB
MemFree:          609036 kB
MemAvailable:    1501624 kB
Buffers:           67388 kB
Cached:           919768 kB
MemTotal:        1844596 kB
MemFree:          608856 kB
MemAvailable:    1501444 kB
Buffers:           67388 kB
Cached:           919768 kB
MemTotal:        1844596 kB
MemFree:          609016 kB
MemAvailable:    1501604 kB
Buffers:           67388 kB
Cached:           919768 kB
MemTotal:        1844596 kB
MemFree:          609268 kB
MemAvailable:    1501856 kB
Buffers:           67388 kB
Cached:           919768 kB
MemTotal:        1844596 kB
MemFree:          607788 kB
MemAvailable:    1500376 kB
Buffers:           67388 kB
Cached:           919768 kB
MemTotal:        1844596 kB
MemFree:          607672 kB
MemAvailable:    1500260 kB
Buffers:           67388 kB
Cached:           919768 kB
MemTotal:        1844596 kB
MemFree:          608368 kB
MemAvailable:    1500956 kB
Buffers:           67388 kB
Cached:           919768 kB
MemTotal:        1844596 kB
MemFree:          607176 kB
MemAvailable:    1499764 kB
Buffers:           67388 kB
Cached:           919768 kB
MemTotal:        1844596 kB
MemFree:          607896 kB
MemAvailable:    1500496 kB
Buffers:           67388 kB
Cached:           919776 kB
MemTotal:        1844596 kB
MemFree:          608116 kB
MemAvailable:    1500716 kB
Buffers:           67388 kB
Cached:           919776 kB
MemTotal:        1844596 kB
MemFree:          607972 kB
MemAvailable:    1500572 kB
Buffers:           67388 kB
Cached:           919776 kB
MemTotal:        1844596 kB
MemFree:          608224 kB
MemAvailable:    1500824 kB
Buffers:           67388 kB
Cached:           919776 kB
MemTotal:        1844596 kB
MemFree:          608084 kB
MemAvailable:    1500684 kB
Buffers:           67388 kB
Cached:           919776 kB
MemTotal:        1844596 kB
MemFree:          606868 kB
MemAvailable:    1499468 kB
Buffers:           67388 kB
Cached:           919776 kB
MemTotal:        1844596 kB
MemFree:          606736 kB
MemAvailable:    1499336 kB
Buffers:           67388 kB
Cached:           919776 kB
MemTotal:        1844596 kB
MemFree:          606736 kB
MemAvailable:    1499336 kB
Buffers:           67388 kB
Cached:           919776 kB
MemTotal:        1844596 kB
MemFree:          607976 kB
MemAvailable:    1500576 kB
Buffers:           67388 kB
Cached:           919776 kB
MemTotal:        1844596 kB
MemFree:          607948 kB
MemAvailable:    1500548 kB
Buffers:           67388 kB
Cached:           919776 kB
MemTotal:        1844596 kB
MemFree:          607616 kB
MemAvailable:    1500216 kB
Buffers:           67388 kB
Cached:           919776 kB
MemTotal:        1844596 kB
MemFree:          607616 kB
MemAvailable:    1500216 kB
Buffers:           67388 kB
Cached:           919776 kB
MemTotal:        1844596 kB
MemFree:          606292 kB
MemAvailable:    1498892 kB
Buffers:           67388 kB
Cached:           919776 kB
MemTotal:        1844596 kB
MemFree:          607284 kB
MemAvailable:    1499884 kB
Buffers:           67388 kB
Cached:           919776 kB
MemTotal:        1844596 kB
MemFree:          606680 kB
MemAvailable:    1499280 kB
Buffers:           67388 kB
Cached:           919776 kB
MemTotal:        1844596 kB
MemFree:          607048 kB
MemAvailable:    1499648 kB
Buffers:           67388 kB
Cached:           919776 kB
MemTotal:        1844596 kB
MemFree:          605868 kB
MemAvailable:    1498468 kB
Buffers:           67388 kB
Cached:           919776 kB
MemTotal:        1844596 kB
MemFree:          605744 kB
MemAvailable:    1498344 kB
Buffers:           67388 kB
Cached:           919776 kB
MemTotal:        1844596 kB
MemFree:          607112 kB
MemAvailable:    1499720 kB
Buffers:           67388 kB
Cached:           919784 kB
MemTotal:        1844596 kB
MemFree:          605804 kB
MemAvailable:    1498412 kB
Buffers:           67388 kB
Cached:           919784 kB
MemTotal:        1844596 kB
MemFree:          607044 kB
MemAvailable:    1499652 kB
Buffers:           67388 kB
Cached:           919784 kB
MemTotal:        1844596 kB
MemFree:          607296 kB
MemAvailable:    1499904 kB
Buffers:           67388 kB
Cached:           919784 kB
MemTotal:        1844596 kB
MemFree:          605764 kB
MemAvailable:    1498372 kB
Buffers:           67388 kB
Cached:           919784 kB
MemTotal:        1844596 kB
MemFree:          605628 kB
MemAvailable:    1498236 kB
Buffers:           67388 kB
Cached:           919784 kB
MemTotal:        1844596 kB
MemFree:          603324 kB
MemAvailable:    1495932 kB
Buffers:           67388 kB
Cached:           919784 kB
MemTotal:        1844596 kB
MemFree:          600656 kB
MemAvailable:    1493264 kB
Buffers:           67388 kB
Cached:           919784 kB
MemTotal:        1844596 kB
MemFree:          598620 kB
MemAvailable:    1491228 kB
Buffers:           67388 kB
Cached:           919784 kB
MemTotal:        1844596 kB
MemFree:          599364 kB
MemAvailable:    1491972 kB
Buffers:           67388 kB
Cached:           919784 kB
MemTotal:        1844596 kB
MemFree:          597992 kB
MemAvailable:    1490600 kB
Buffers:           67388 kB
Cached:           919784 kB
MemTotal:        1844596 kB
MemFree:          599224 kB
MemAvailable:    1491832 kB
Buffers:           67388 kB
Cached:           919784 kB
MemTotal:        1844596 kB
MemFree:          599184 kB
MemAvailable:    1491792 kB
Buffers:           67388 kB
Cached:           919784 kB
MemTotal:        1844596 kB
MemFree:          599156 kB
MemAvailable:    1491764 kB
Buffers:           67388 kB
Cached:           919784 kB
MemTotal:        1844596 kB
MemFree:          598916 kB
MemAvailable:    1491524 kB
Buffers:           67388 kB
Cached:           919784 kB
MemTotal:        1844596 kB
MemFree:          599168 kB
MemAvailable:    1491776 kB
Buffers:           67388 kB
Cached:           919784 kB
MemTotal:        1844596 kB
MemFree:          597792 kB
MemAvailable:    1490400 kB
Buffers:           67388 kB
Cached:           919784 kB
MemTotal:        1844596 kB
MemFree:          599220 kB
MemAvailable:    1491828 kB
Buffers:           67388 kB
Cached:           919784 kB
MemTotal:        1844596 kB
MemFree:          598372 kB
MemAvailable:    1490980 kB
Buffers:           67388 kB
Cached:           919784 kB
MemTotal:        1844596 kB
MemFree:          599056 kB
MemAvailable:    1491664 kB
Buffers:           67388 kB
Cached:           919784 kB
MemTotal:        1844596 kB
MemFree:          599308 kB
MemAvailable:    1491916 kB
Buffers:           67388 kB
Cached:           919784 kB
MemTotal:        1844596 kB
MemFree:          599068 kB
MemAvailable:    1491676 kB
Buffers:           67388 kB
Cached:           919784 kB
MemTotal:        1844596 kB
MemFree:          599188 kB
MemAvailable:    1491796 kB
Buffers:           67388 kB
Cached:           919784 kB
MemTotal:        1844596 kB
MemFree:          597692 kB
MemAvailable:    1490300 kB
Buffers:           67388 kB
Cached:           919784 kB
MemTotal:        1844596 kB
MemFree:          598488 kB
MemAvailable:    1491096 kB
Buffers:           67388 kB
Cached:           919784 kB
MemTotal:        1844596 kB
MemFree:          598380 kB
MemAvailable:    1490988 kB
Buffers:           67388 kB
Cached:           919784 kB
MemTotal:        1844596 kB
MemFree:          597876 kB
MemAvailable:    1490484 kB
Buffers:           67388 kB
Cached:           919784 kB
MemTotal:        1844596 kB
MemFree:          597628 kB
MemAvailable:    1490236 kB
Buffers:           67388 kB
Cached:           919784 kB
MemTotal:        1844596 kB
MemFree:          596388 kB
MemAvailable:    1488996 kB
Buffers:           67388 kB
Cached:           919784 kB
MemTotal:        1844596 kB
MemFree:          597060 kB
MemAvailable:    1489668 kB
Buffers:           67388 kB
Cached:           919784 kB
MemTotal:        1844596 kB
MemFree:          597312 kB
MemAvailable:    1489920 kB
Buffers:           67388 kB
Cached:           919784 kB
MemTotal:        1844596 kB
MemFree:          596388 kB
MemAvailable:    1488996 kB
Buffers:           67388 kB
Cached:           919784 kB
MemTotal:        1844596 kB
MemFree:          596444 kB
MemAvailable:    1489052 kB
Buffers:           67388 kB
Cached:           919784 kB
MemTotal:        1844596 kB
MemFree:          596080 kB
MemAvailable:    1488688 kB
Buffers:           67388 kB
Cached:           919784 kB
MemTotal:        1844596 kB
MemFree:          595636 kB
MemAvailable:    1488244 kB
Buffers:           67388 kB
Cached:           919784 kB
MemTotal:        1844596 kB
MemFree:          594264 kB
MemAvailable:    1486872 kB
Buffers:           67388 kB
Cached:           919784 kB
MemTotal:        1844596 kB
MemFree:          595292 kB
MemAvailable:    1487900 kB
Buffers:           67388 kB
Cached:           919784 kB
MemTotal:        1844596 kB
MemFree:          594156 kB
MemAvailable:    1486764 kB
Buffers:           67388 kB
Cached:           919784 kB
MemTotal:        1844596 kB
MemFree:          595076 kB
MemAvailable:    1487684 kB
Buffers:           67388 kB
Cached:           919784 kB
MemTotal:        1844596 kB
MemFree:          595084 kB
MemAvailable:    1487692 kB
Buffers:           67388 kB
Cached:           919784 kB
MemTotal:        1844596 kB
MemFree:          594776 kB
MemAvailable:    1487384 kB
Buffers:           67388 kB
Cached:           919784 kB
MemTotal:        1844596 kB
MemFree:          593888 kB
MemAvailable:    1486496 kB
Buffers:           67388 kB
Cached:           919784 kB
MemTotal:        1844596 kB
MemFree:          594768 kB
MemAvailable:    1487376 kB
Buffers:           67388 kB
Cached:           919784 kB
MemTotal:        1844596 kB
MemFree:          595024 kB
MemAvailable:    1487632 kB
Buffers:           67388 kB
Cached:           919784 kB
MemTotal:        1844596 kB
MemFree:          593528 kB
MemAvailable:    1486136 kB
Buffers:           67388 kB
Cached:           919784 kB
MemTotal:        1844596 kB
MemFree:          589808 kB
MemAvailable:    1482416 kB
Buffers:           67388 kB
Cached:           919784 kB
MemTotal:        1844596 kB
MemFree:          590060 kB
MemAvailable:    1482668 kB
Buffers:           67388 kB
Cached:           919784 kB
MemTotal:        1844596 kB
MemFree:          589636 kB
MemAvailable:    1482244 kB
Buffers:           67388 kB
Cached:           919784 kB
MemTotal:        1844596 kB
MemFree:          589576 kB
MemAvailable:    1482184 kB
Buffers:           67388 kB
Cached:           919784 kB
MemTotal:        1844596 kB
MemFree:          588396 kB
MemAvailable:    1481004 kB
Buffers:           67388 kB
Cached:           919784 kB
MemTotal:        1844596 kB
MemFree:          589580 kB
MemAvailable:    1482188 kB
Buffers:           67388 kB
Cached:           919784 kB
MemTotal:        1844596 kB
MemFree:          588272 kB
MemAvailable:    1480880 kB
Buffers:           67388 kB
Cached:           919784 kB
MemTotal:        1844596 kB
MemFree:          589424 kB
MemAvailable:    1482032 kB
Buffers:           67388 kB
Cached:           919784 kB
MemTotal:        1844596 kB
MemFree:          589452 kB
MemAvailable:    1482060 kB
Buffers:           67388 kB
Cached:           919784 kB
MemTotal:        1844596 kB
MemFree:          589312 kB
MemAvailable:    1481920 kB
Buffers:           67388 kB
Cached:           919784 kB
MemTotal:        1844596 kB
MemFree:          588024 kB
MemAvailable:    1480632 kB
Buffers:           67388 kB
Cached:           919784 kB
MemTotal:        1844596 kB
MemFree:          589140 kB
MemAvailable:    1481748 kB
Buffers:           67388 kB
Cached:           919784 kB
MemTotal:        1844596 kB
MemFree:          588576 kB
MemAvailable:    1481184 kB
Buffers:           67388 kB
Cached:           919784 kB
MemTotal:        1844596 kB
MemFree:          588072 kB
MemAvailable:    1480680 kB
Buffers:           67388 kB
Cached:           919784 kB
MemTotal:        1844596 kB
MemFree:          588204 kB
MemAvailable:    1480812 kB
Buffers:           67388 kB
Cached:           919784 kB
MemTotal:        1844596 kB
MemFree:          586528 kB
MemAvailable:    1479136 kB
Buffers:           67388 kB
Cached:           919784 kB
MemTotal:        1844596 kB
MemFree:          585228 kB
MemAvailable:    1477836 kB
Buffers:           67388 kB
Cached:           919784 kB
MemTotal:        1844596 kB
MemFree:          584972 kB
MemAvailable:    1477580 kB
Buffers:           67388 kB
Cached:           919784 kB
MemTotal:        1844596 kB
MemFree:          584924 kB
MemAvailable:    1477532 kB
Buffers:           67388 kB
Cached:           919784 kB
MemTotal:        1844596 kB
MemFree:          586200 kB
MemAvailable:    1478808 kB
Buffers:           67388 kB
Cached:           919784 kB
MemTotal:        1844596 kB
MemFree:          585608 kB
MemAvailable:    1478216 kB
Buffers:           67388 kB
Cached:           919784 kB
MemTotal:        1844596 kB
MemFree:          588188 kB
MemAvailable:    1480796 kB
Buffers:           67388 kB
Cached:           919784 kB
MemTotal:        1844596 kB
MemFree:          588392 kB
MemAvailable:    1481084 kB
Buffers:           67388 kB
Cached:           919908 kB
MemTotal:        1844596 kB
MemFree:          588008 kB
MemAvailable:    1480868 kB
Buffers:           67388 kB
Cached:           920032 kB
MemTotal:        1844596 kB
MemFree:          587684 kB
MemAvailable:    1480712 kB
Buffers:           67388 kB
Cached:           920156 kB
MemTotal:        1844596 kB
MemFree:          587936 kB
MemAvailable:    1480964 kB
Buffers:           67388 kB
Cached:           920156 kB
MemTotal:        1844596 kB
MemFree:          586328 kB
MemAvailable:    1479440 kB
Buffers:           67388 kB
Cached:           920280 kB
MemTotal:        1844596 kB
MemFree:          586460 kB
MemAvailable:    1479656 kB
Buffers:           67388 kB
Cached:           920280 kB
MemTotal:        1844596 kB
MemFree:          587692 kB
MemAvailable:    1480888 kB
Buffers:           67388 kB
Cached:           920280 kB
MemTotal:        1844596 kB
MemFree:          587412 kB
MemAvailable:    1480652 kB
Buffers:           67388 kB
Cached:           920464 kB
MemTotal:        1844596 kB
MemFree:          587664 kB
MemAvailable:    1480904 kB
Buffers:           67388 kB
Cached:           920464 kB
MemTotal:        1844596 kB
MemFree:          587412 kB
MemAvailable:    1480652 kB
Buffers:           67388 kB
Cached:           920464 kB
MemTotal:        1844596 kB
MemFree:          587468 kB
MemAvailable:    1480708 kB
Buffers:           67388 kB
Cached:           920464 kB
MemTotal:        1844596 kB
MemFree:          586716 kB
MemAvailable:    1479956 kB
Buffers:           67388 kB
Cached:           920464 kB
MemTotal:        1844596 kB
MemFree:          587328 kB
MemAvailable:    1480652 kB
Buffers:           67388 kB
Cached:           920464 kB
MemTotal:        1844596 kB
MemFree:          587328 kB
MemAvailable:    1480652 kB
Buffers:           67388 kB
Cached:           920464 kB
MemTotal:        1844596 kB
MemFree:          586788 kB
MemAvailable:    1479440 kB
Buffers:           67388 kB
Cached:           919748 kB
MemTotal:        1844596 kB
MemFree:          656496 kB
MemAvailable:    1549148 kB
Buffers:           67388 kB
Cached:           919748 kB
