MemTotal:        1844596 kB
MemFree:          921164 kB
MemAvailable:    1549276 kB
Buffers:           38800 kB
Cached:           697632 kB
MemTotal:        1844596 kB
MemFree:          920064 kB
MemAvailable:    1548176 kB
Buffers:           38800 kB
Cached:           697632 kB
MemTotal:        1844596 kB
MemFree:          920560 kB
MemAvailable:    1548672 kB
Buffers:           38800 kB
Cached:           697632 kB
MemTotal:        1844596 kB
MemFree:          918072 kB
MemAvailable:    1546184 kB
Buffers:           38800 kB
Cached:           697632 kB
MemTotal:        1844596 kB
MemFree:          917816 kB
MemAvailable:    1545928 kB
Buffers:           38800 kB
Cached:           697632 kB
MemTotal:        1844596 kB
MemFree:          917652 kB
MemAvailable:    1545764 kB
Buffers:           38800 kB
Cached:           697632 kB
MemTotal:        1844596 kB
MemFree:          917212 kB
MemAvailable:    1545324 kB
Buffers:           38800 kB
Cached:           697632 kB
MemTotal:        1844596 kB
MemFree:          915104 kB
MemAvailable:    1543216 kB
Buffers:           38800 kB
Cached:           697632 kB
MemTotal:        1844596 kB
MemFree:          911996 kB
MemAvailable:    1540108 kB
Buffers:           38800 kB
Cached:           697632 kB
MemTotal:        1844596 kB
MemFree:          911888 kB
MemAvailable:    1540000 kB
Buffers:           38800 kB
Cached:           697632 kB
MemTotal:        1844596 kB
MemFree:          907168 kB
MemAvailable:    1535280 kB
Buffers:           38800 kB
Cached:           697632 kB
MemTotal:        1844596 kB
MemFree:          906636 kB
MemAvailable:    1534748 kB
Buffers:           38800 kB
Cached:           697632 kB
MemTotal:        1844596 kB
MemFree:          908092 kB
MemAvailable:    1536204 kB
Buffers:           38800 kB
Cached:           697632 kB
MemTotal:        1844596 kB
MemFree:          907292 kB
MemAvailable:    1535404 kB
Buffers:           38800 kB
Cached:           697632 kB
MemTotal:        1844596 kB
MemFree:          907924 kB
MemAvailable:    1536036 kB
Buffers:           38800 kB
Cached:           697632 kB
MemTotal:        1844596 kB
MemFree:          906796 kB
MemAvailable:    1534908 kB
Buffers:           38800 kB
Cached:           697632 kB
MemTotal:        1844596 kB
MemFree:          907292 kB
MemAvailable:    1535404 kB
Buffers:           38800 kB
Cached:           697632 kB
MemTotal:        1844596 kB
MemFree:          907152 kB
MemAvailable:    1535264 kB
Buffers:           38800 kB
Cached:           697632 kB
MemTotal:        1844596 kB
MemFree:          906796 kB
MemAvailable:    1534908 kB
Buffers:           38800 kB
Cached:           697632 kB
MemTotal:        1844596 kB
MemFree:          905184 kB
MemAvailable:    1533296 kB
Buffers:           38800 kB
Cached:           697632 kB
MemTotal:        1844596 kB
MemFree:          904556 kB
MemAvailable:    1532668 kB
Buffers:           38800 kB
Cached:           697632 kB
MemTotal:        1844596 kB
MemFree:          904564 kB
MemAvailable:    1532676 kB
Buffers:           38800 kB
Cached:           697632 kB
MemTotal:        1844596 kB
MemFree:          904432 kB
MemAvailable:    1532544 kB
Buffers:           38800 kB
Cached:           697632 kB
MemTotal:        1844596 kB
MemFree:          905416 kB
MemAvailable:    1533536 kB
Buffers:           38800 kB
Cached:           697640 kB
MemTotal:        1844596 kB
MemFree:          904316 kB
MemAvailable:    1532436 kB
Buffers:           38800 kB
Cached:           697640 kB
MemTotal:        1844596 kB
MemFree:          905348 kB
MemAvailable:    1533468 kB
Buffers:           38800 kB
Cached:           697640 kB
MemTotal:        1844596 kB
MemFree:          905732 kB
MemAvailable:    1533852 kB
Buffers:           38800 kB
Cached:           697640 kB
MemTotal:        1844596 kB
MemFree:          904004 kB
MemAvailable:    1532124 kB
Buffers:           38800 kB
Cached:           697640 kB
MemTotal:        1844596 kB
MemFree:          904288 kB
MemAvailable:    1532408 kB
Buffers:           38800 kB
Cached:           697640 kB
MemTotal:        1844596 kB
MemFree:          905384 kB
MemAvailable:    1533504 kB
Buffers:           38800 kB
Cached:           697640 kB
MemTotal:        1844596 kB
MemFree:          905556 kB
MemAvailable:    1533676 kB
Buffers:           38800 kB
Cached:           697640 kB
MemTotal:        1844596 kB
MemFree:          905060 kB
MemAvailable:    1533180 kB
Buffers:           38800 kB
Cached:           697640 kB
MemTotal:        1844596 kB
MemFree:          904252 kB
MemAvailable:    1532372 kB
Buffers:           38800 kB
Cached:           697640 kB
MemTotal:        1844596 kB
MemFree:          902332 kB
MemAvailable:    1530452 kB
Buffers:           38800 kB
Cached:           697640 kB
MemTotal:        1844596 kB
MemFree:          902756 kB
MemAvailable:    1530876 kB
Buffers:           38800 kB
Cached:           697640 kB
MemTotal:        1844596 kB
MemFree:          902704 kB
MemAvailable:    1530824 kB
Buffers:           38800 kB
Cached:           697640 kB
MemTotal:        1844596 kB
MemFree:          902456 kB
MemAvailable:    1530576 kB
Buffers:           38800 kB
Cached:           697640 kB
MemTotal:        1844596 kB
MemFree:          902384 kB
MemAvailable:    1530504 kB
Buffers:           38800 kB
Cached:           697640 kB
MemTotal:        1844596 kB
MemFree:          900968 kB
MemAvailable:    1529088 kB
Buffers:           38800 kB
Cached:           697640 kB
MemTotal:        1844596 kB
MemFree:          901648 kB
MemAvailable:    1529768 kB
Buffers:           38800 kB
Cached:           697640 kB
MemTotal:        1844596 kB
MemFree:          901284 kB
MemAvailable:    1529404 kB
Buffers:           38800 kB
Cached:           697640 kB
MemTotal:        1844596 kB
MemFree:          901384 kB
MemAvailable:    1529504 kB
Buffers:           38800 kB
Cached:           697640 kB
MemTotal:        1844596 kB
MemFree:          901092 kB
MemAvailable:    1529212 kB
Buffers:           38800 kB
Cached:           697640 kB
MemTotal:        1844596 kB
MemFree:          901328 kB
MemAvailable:    1529448 kB
Buffers:           38800 kB
Cached:           697640 kB
MemTotal:        1844596 kB
MemFree:          901208 kB
MemAvailable:    1529328 kB
Buffers:           38800 kB
Cached:           697640 kB
MemTotal:        1844596 kB
MemFree:          901460 kB
MemAvailable:    1529580 kB
Buffers:           38800 kB
Cached:           697640 kB
MemTotal:        1844596 kB
MemFree:          899836 kB
MemAvailable:    1527956 kB
Buffers:           38800 kB
Cached:           697640 kB
MemTotal:        1844596 kB
MemFree:          900772 kB
MemAvailable:    1528892 kB
Buffers:           38800 kB
Cached:           697640 kB
MemTotal:        1844596 kB
MemFree:          899472 kB
MemAvailable:    1527592 kB
Buffers:           38800 kB
Cached:           697640 kB
MemTotal:        1844596 kB
MemFree:          899596 kB
MemAvailable:    1527716 kB
Buffers:           38800 kB
Cached:           697640 kB
MemTotal:        1844596 kB
MemFree:          899052 kB
MemAvailable:    1527172 kB
Buffers:           38800 kB
Cached:           697640 kB
MemTotal:        1844596 kB
MemFree:          900520 kB
MemAvailable:    1528640 kB
Buffers:           38800 kB
Cached:           697640 kB
MemTotal:        1844596 kB
MemFree:          899212 kB
MemAvailable:    1527332 kB
Buffers:           38800 kB
Cached:           697640 kB
MemTotal:        1844596 kB
MemFree:          898956 kB
MemAvailable:    1527076 kB
Buffers:           38800 kB
Cached:           697640 kB
MemTotal:        1844596 kB
MemFree:          898948 kB
MemAvailable:    1527068 kB
Buffers:           38800 kB
Cached:           697640 kB
MemTotal:        1844596 kB
MemFree:          900272 kB
MemAvailable:    1528392 kB
Buffers:           38800 kB
Cached:           697640 kB
MemTotal:        1844596 kB
MemFree:          900356 kB
MemAvailable:    1528476 kB
Buffers:           38800 kB
Cached:           697640 kB
MemTotal:        1844596 kB
MemFree:          900228 kB
MemAvailable:    1528348 kB
Buffers:           38800 kB
Cached:           697640 kB
MemTotal:        1844596 kB
MemFree:          900208 kB
MemAvailable:    1528328 kB
Buffers:           38800 kB
Cached:           697640 kB
MemTotal:        1844596 kB
MemFree:          899728 kB
MemAvailable:    1527848 kB
Buffers:           38800 kB
Cached:           697640 kB
MemTotal:        1844596 kB
MemFree:          899044 kB
MemAvailable:    1527164 kB
Buffers:           38800 kB
Cached:           697640 kB
MemTotal:        1844596 kB
MemFree:          899044 kB
MemAvailable:    1527164 kB
Buffers:           38800 kB
Cached:           697640 kB
MemTotal:        1844596 kB
MemFree:          899836 kB
MemAvailable:    1527956 kB
Buffers:           38800 kB
Cached:           697640 kB
MemTotal:        1844596 kB
MemFree:          899920 kB
MemAvailable:    1528040 kB
Buffers:           38800 kB
Cached:           697640 kB
MemTotal:        1844596 kB
MemFree:          899672 kB
MemAvailable:    1527792 kB
Buffers:           38800 kB
Cached:           697640 kB
MemTotal:        1844596 kB
MemFree:          899476 kB
MemAvailable:    1527596 kB
Buffers:           38800 kB
Cached:           697640 kB
MemTotal:        1844596 kB
MemFree:          899512 kB
MemAvailable:    1527632 kB
Buffers:           38800 kB
Cached:           697640 kB
MemTotal:        1844596 kB
MemFree:          898080 kB
MemAvailable:    1526200 kB
Buffers:           38800 kB
Cached:           697640 kB
MemTotal:        1844596 kB
MemFree:          899272 kB
MemAvailable:    1527392 kB
Buffers:           38800 kB
Cached:           697640 kB
MemTotal:        1844596 kB
MemFree:          899588 kB
MemAvailable:    1527708 kB
Buffers:           38800 kB
Cached:           697640 kB
MemTotal:        1844596 kB
MemFree:          900008 kB
MemAvailable:    1528128 kB
Buffers:           38800 kB
Cached:           697640 kB
MemTotal:        1844596 kB
MemFree:          898488 kB
MemAvailable:    1526608 kB
Buffers:           38800 kB
Cached:           697640 kB
MemTotal:        1844596 kB
MemFree:          899596 kB
MemAvailable:    1527716 kB
Buffers:           38800 kB
Cached:           697640 kB
MemTotal:        1844596 kB
MemFree:          898744 kB
MemAvailable:    1526864 kB
Buffers:           38800 kB
Cached:           697640 kB
MemTotal:        1844596 kB
MemFree:          899308 kB
MemAvailable:    1527428 kB
Buffers:           38800 kB
Cached:           697640 kB
MemTotal:        1844596 kB
MemFree:          897936 kB
MemAvailable:    1526056 kB
Buffers:           38800 kB
Cached:           697640 kB
MemTotal:        1844596 kB
MemFree:          897432 kB
MemAvailable:    1525552 kB
Buffers:           38800 kB
Cached:           697640 kB
MemTotal:        1844596 kB
MemFree:          895760 kB
MemAvailable:    1523880 kB
Buffers:           38800 kB
Cached:           697640 kB
MemTotal:        1844596 kB
MemFree:          892892 kB
MemAvailable:    1521016 kB
Buffers:           38800 kB
Cached:           697644 kB
MemTotal:        1844596 kB
MemFree:          892668 kB
MemAvailable:    1520792 kB
Buffers:           38800 kB
Cached:           697644 kB
MemTotal:        1844596 kB
MemFree:          890792 kB
MemAvailable:    1518916 kB
Buffers:           38800 kB
Cached:           697644 kB
MemTotal:        1844596 kB
MemFree:          891528 kB
MemAvailable:    1519652 kB
Buffers:           38800 kB
Cached:           697644 kB
MemTotal:        1844596 kB
MemFree:          891420 kB
MemAvailable:    1519544 kB
Buffers:           38800 kB
Cached:           697644 kB
MemTotal:        1844596 kB
MemFree:          891460 kB
MemAvailable:    1519584 kB
Buffers:           38800 kB
Cached:           697644 kB
MemTotal:        1844596 kB
MemFree:          890244 kB
MemAvailable:    1518368 kB
Buffers:           38800 kB
Cached:           697644 kB
MemTotal:        1844596 kB
MemFree:          891528 kB
MemAvailable:    1519652 kB
Buffers:           38800 kB
Cached:           697644 kB
MemTotal:        1844596 kB
MemFree:          891280 kB
MemAvailable:    1519404 kB
Buffers:           38800 kB
Cached:           697644 kB
MemTotal:        1844596 kB
MemFree:          891172 kB
MemAvailable:    1519296 kB
Buffers:           38800 kB
Cached:           697644 kB
MemTotal:        1844596 kB
MemFree:          890160 kB
MemAvailable:    1518284 kB
Buffers:           38800 kB
Cached:           697644 kB
MemTotal:        1844596 kB
MemFree:          891404 kB
MemAvailable:    1519528 kB
Buffers:           38800 kB
Cached:           697644 kB
MemTotal:        1844596 kB
MemFree:          891352 kB
MemAvailable:    1519476 kB
Buffers:           38800 kB
Cached:           697644 kB
MemTotal:        1844596 kB
MemFree:          890288 kB
MemAvailable:    1518412 kB
Buffers:           38800 kB
Cached:           697644 kB
MemTotal:        1844596 kB
MemFree:          891380 kB
MemAvailable:    1519504 kB
Buffers:           38800 kB
Cached:           697644 kB
MemTotal:        1844596 kB
MemFree:          891288 kB
MemAvailable:    1519412 kB
Buffers:           38800 kB
Cached:           697644 kB
MemTotal:        1844596 kB
MemFree:          891544 kB
MemAvailable:    1519668 kB
Buffers:           38800 kB
Cached:           697644 kB
MemTotal:        1844596 kB
MemFree:          890908 kB
MemAvailable:    1519032 kB
Buffers:           38800 kB
Cached:           697644 kB
MemTotal:        1844596 kB
MemFree:          890304 kB
MemAvailable:    1518428 kB
Buffers:           38800 kB
Cached:           697644 kB
MemTotal:        1844596 kB
MemFree:          890680 kB
MemAvailable:    1518804 kB
Buffers:           38800 kB
Cached:           697644 kB
MemTotal:        1844596 kB
MemFree:          889312 kB
MemAvailable:    1517436 kB
Buffers:           38800 kB
Cached:           697644 kB
MemTotal:        1844596 kB
MemFree:          889916 kB
MemAvailable:    1518048 kB
Buffers:           38800 kB
Cached:           697652 kB
MemTotal:        1844596 kB
MemFree:          889916 kB
MemAvailable:    1518048 kB
Buffers:           38800 kB
Cached:           697652 kB
MemTotal:        1844596 kB
MemFree:          889680 kB
MemAvailable:    1517812 kB
Buffers:           38800 kB
Cached:           697652 kB
MemTotal:        1844596 kB
MemFree:          888684 kB
MemAvailable:    1516816 kB
Buffers:           38800 kB
Cached:           697652 kB
MemTotal:        1844596 kB
MemFree:          888940 kB
MemAvailable:    1517072 kB
Buffers:           38800 kB
Cached:           697652 kB
MemTotal:        1844596 kB
MemFree:          888552 kB
MemAvailable:    1516684 kB
Buffers:           38800 kB
Cached:           697652 kB
MemTotal:        1844596 kB
MemFree:          888636 kB
MemAvailable:    1516768 kB
Buffers:           38800 kB
Cached:           697652 kB
MemTotal:        1844596 kB
MemFree:          887824 kB
MemAvailable:    1515956 kB
Buffers:           38800 kB
Cached:           697652 kB
MemTotal:        1844596 kB
MemFree:          887836 kB
MemAvailable:    1515968 kB
Buffers:           38800 kB
Cached:           697652 kB
MemTotal:        1844596 kB
MemFree:          888020 kB
MemAvailable:    1516152 kB
Buffers:           38800 kB
Cached:           697652 kB
MemTotal:        1844596 kB
MemFree:          887500 kB
MemAvailable:    1515632 kB
Buffers:           38800 kB
Cached:           697652 kB
MemTotal:        1844596 kB
MemFree:          887836 kB
MemAvailable:    1515968 kB
Buffers:           38800 kB
Cached:           697652 kB
MemTotal:        1844596 kB
MemFree:          886384 kB
MemAvailable:    1514516 kB
Buffers:           38800 kB
Cached:           697652 kB
MemTotal:        1844596 kB
MemFree:          886516 kB
MemAvailable:    1514648 kB
Buffers:           38800 kB
Cached:           697652 kB
MemTotal:        1844596 kB
MemFree:          886392 kB
MemAvailable:    1514524 kB
Buffers:           38800 kB
Cached:           697652 kB
MemTotal:        1844596 kB
MemFree:          887604 kB
MemAvailable:    1515736 kB
Buffers:           38800 kB
Cached:           697652 kB
MemTotal:        1844596 kB
MemFree:          886584 kB
MemAvailable:    1514716 kB
Buffers:           38800 kB
Cached:           697652 kB
MemTotal:        1844596 kB
MemFree:          887404 kB
MemAvailable:    1515536 kB
Buffers:           38800 kB
Cached:           697652 kB
MemTotal:        1844596 kB
MemFree:          887660 kB
MemAvailable:    1515792 kB
Buffers:           38800 kB
Cached:           697652 kB
MemTotal:        1844596 kB
MemFree:          887204 kB
MemAvailable:    1515336 kB
Buffers:           38800 kB
Cached:           697652 kB
MemTotal:        1844596 kB
MemFree:          885832 kB
MemAvailable:    1513964 kB
Buffers:           38800 kB
Cached:           697652 kB
MemTotal:        1844596 kB
MemFree:          884724 kB
MemAvailable:    1512856 kB
Buffers:           38800 kB
Cached:           697652 kB
MemTotal:        1844596 kB
MemFree:          882244 kB
MemAvailable:    1510376 kB
Buffers:           38800 kB
Cached:           697652 kB
MemTotal:        1844596 kB
MemFree:          881848 kB
MemAvailable:    1509980 kB
Buffers:           38800 kB
Cached:           697652 kB
MemTotal:        1844596 kB
MemFree:          881932 kB
MemAvailable:    1510064 kB
Buffers:           38800 kB
Cached:           697652 kB
MemTotal:        1844596 kB
MemFree:          881712 kB
MemAvailable:    1509844 kB
Buffers:           38800 kB
Cached:           697652 kB
MemTotal:        1844596 kB
MemFree:          881964 kB
MemAvailable:    1510096 kB
Buffers:           38800 kB
Cached:           697652 kB
MemTotal:        1844596 kB
MemFree:          881540 kB
MemAvailable:    1509672 kB
Buffers:           38800 kB
Cached:           697652 kB
MemTotal:        1844596 kB
MemFree:          881792 kB
MemAvailable:    1509924 kB
Buffers:           38800 kB
Cached:           697652 kB
MemTotal:        1844596 kB
MemFree:          880624 kB
MemAvailable:    1508756 kB
Buffers:           38800 kB
Cached:           697652 kB
MemTotal:        1844596 kB
MemFree:          881932 kB
MemAvailable:    1510064 kB
Buffers:           38800 kB
Cached:           697652 kB
MemTotal:        1844596 kB
MemFree:          881988 kB
MemAvailable:    1510120 kB
Buffers:           38800 kB
Cached:           697652 kB
MemTotal:        1844596 kB
MemFree:          879756 kB
MemAvailable:    1507888 kB
Buffers:           38800 kB
Cached:           697652 kB
MemTotal:        1844596 kB
MemFree:          877780 kB
MemAvailable:    1505912 kB
Buffers:           38800 kB
Cached:           697652 kB
MemTotal:        1844596 kB
MemFree:          878460 kB
MemAvailable:    1506592 kB
Buffers:           38800 kB
Cached:           697652 kB
MemTotal:        1844596 kB
MemFree:          878284 kB
MemAvailable:    1506416 kB
Buffers:           38800 kB
Cached:           697652 kB
MemTotal:        1844596 kB
MemFree:          878584 kB
MemAvailable:    1506716 kB
Buffers:           38800 kB
Cached:           697652 kB
MemTotal:        1844596 kB
MemFree:          877236 kB
MemAvailable:    1505368 kB
Buffers:           38800 kB
Cached:           697652 kB
MemTotal:        1844596 kB
MemFree:          878404 kB
MemAvailable:    1506536 kB
Buffers:           38800 kB
Cached:           697652 kB
MemTotal:        1844596 kB
MemFree:          877476 kB
MemAvailable:    1505608 kB
Buffers:           38800 kB
Cached:           697652 kB
MemTotal:        1844596 kB
MemFree:          877476 kB
MemAvailable:    1505608 kB
Buffers:           38800 kB
Cached:           697652 kB
MemTotal:        1844596 kB
MemFree:          879012 kB
MemAvailable:    1507144 kB
Buffers:           38800 kB
Cached:           697652 kB
MemTotal:        1844596 kB
MemFree:          879144 kB
MemAvailable:    1507360 kB
Buffers:           38800 kB
Cached:           697776 kB
MemTotal:        1844596 kB
MemFree:          879012 kB
MemAvailable:    1507396 kB
Buffers:           38800 kB
Cached:           697900 kB
MemTotal:        1844596 kB
MemFree:          878888 kB
MemAvailable:    1507356 kB
Buffers:           38800 kB
Cached:           698024 kB
MemTotal:        1844596 kB
MemFree:          879012 kB
MemAvailable:    1507564 kB
Buffers:           38800 kB
Cached:           698148 kB
MemTotal:        1844596 kB
MemFree:          879972 kB
MemAvailable:    1508692 kB
Buffers:           38800 kB
Cached:           698272 kB
MemTotal:        1844596 kB
MemFree:          878896 kB
MemAvailable:    1507616 kB
Buffers:           38800 kB
Cached:           698272 kB
MemTotal:        1844596 kB
MemFree:          879544 kB
MemAvailable:    1508268 kB
Buffers:           38800 kB
Cached:           698276 kB
MemTotal:        1844596 kB
MemFree:          879884 kB
MemAvailable:    1508608 kB
Buffers:           38800 kB
Cached:           698276 kB
MemTotal:        1844596 kB
MemFree:          879680 kB
MemAvailable:    1508404 kB
Buffers:           38800 kB
Cached:           698276 kB
MemTotal:        1844596 kB
MemFree:          878504 kB
MemAvailable:    1507228 kB
Buffers:           38800 kB
Cached:           698276 kB
MemTotal:        1844596 kB
MemFree:          879704 kB
MemAvailable:    1508428 kB
Buffers:           38800 kB
Cached:           698276 kB
MemTotal:        1844596 kB
MemFree:          879928 kB
MemAvailable:    1508652 kB
Buffers:           38800 kB
Cached:           698276 kB
MemTotal:        1844596 kB
MemFree:          879928 kB
MemAvailable:    1508652 kB
Buffers:           38800 kB
Cached:           698276 kB
MemTotal:        1844596 kB
MemFree:          880140 kB
MemAvailable:    1508276 kB
Buffers:           38800 kB
Cached:           697644 kB
MemTotal:        1844596 kB
MemFree:          931716 kB
MemAvailable:    1559852 kB
Buffers:           38800 kB
Cached:           697644 kB
