MemTotal:        1844596 kB
MemFree:          898788 kB
MemAvailable:    1549060 kB
Buffers:           41908 kB
Cached:           718284 kB
MemTotal:        1844596 kB
MemFree:          895688 kB
MemAvailable:    1545960 kB
Buffers:           41908 kB
Cached:           718284 kB
MemTotal:        1844596 kB
MemFree:          895740 kB
MemAvailable:    1546012 kB
Buffers:           41908 kB
Cached:           718284 kB
MemTotal:        1844596 kB
MemFree:          895068 kB
MemAvailable:    1545340 kB
Buffers:           41908 kB
Cached:           718284 kB
MemTotal:        1844596 kB
MemFree:          893392 kB
MemAvailable:    1543664 kB
Buffers:           41908 kB
Cached:           718284 kB
MemTotal:        1844596 kB
MemFree:          892208 kB
MemAvailable:    1542480 kB
Buffers:           41908 kB
Cached:           718284 kB
MemTotal:        1844596 kB
MemFree:          892712 kB
MemAvailable:    1542984 kB
Buffers:           41908 kB
Cached:           718284 kB
MemTotal:        1844596 kB
MemFree:          890604 kB
MemAvailable:    1540876 kB
Buffers:           41908 kB
Cached:           718284 kB
MemTotal:        1844596 kB
MemFree:          887868 kB
MemAvailable:    1538140 kB
Buffers:           41908 kB
Cached:           718284 kB
MemTotal:        1844596 kB
MemFree:          885272 kB
MemAvailable:    1535544 kB
Buffers:           41908 kB
Cached:           718284 kB
MemTotal:        1844596 kB
MemFree:          880932 kB
MemAvailable:    1531204 kB
Buffers:           41908 kB
Cached:           718284 kB
MemTotal:        1844596 kB
MemFree:          883272 kB
MemAvailable:    1533544 kB
Buffers:           41908 kB
Cached:           718284 kB
MemTotal:        1844596 kB
MemFree:          883608 kB
MemAvailable:    1533880 kB
Buffers:           41908 kB
Cached:           718284 kB
MemTotal:        1844596 kB
MemFree:          882108 kB
MemAvailable:    1532380 kB
Buffers:           41908 kB
Cached:           718284 kB
MemTotal:        1844596 kB
MemFree:          882364 kB
MemAvailable:    1532636 kB
Buffers:           41908 kB
Cached:           718284 kB
MemTotal:        1844596 kB
MemFree:          882108 kB
MemAvailable:    1532380 kB
Buffers:           41908 kB
Cached:           718284 kB
MemTotal:        1844596 kB
MemFree:          883156 kB
MemAvailable:    1533428 kB
Buffers:           41908 kB
Cached:           718284 kB
MemTotal:        1844596 kB
MemFree:          882428 kB
MemAvailable:    1532700 kB
Buffers:           41908 kB
Cached:           718284 kB
MemTotal:        1844596 kB
MemFree:          881976 kB
MemAvailable:    1532248 kB
Buffers:           41908 kB
Cached:           718284 kB
MemTotal:        1844596 kB
MemFree:          880188 kB
MemAvailable:    1530460 kB
Buffers:           41908 kB
Cached:           718284 kB
MemTotal:        1844596 kB
MemFree:          879808 kB
MemAvailable:    1530080 kB
Buffers:           41908 kB
Cached:           718284 kB
MemTotal:        1844596 kB
MemFree:          879552 kB
MemAvailable:    1529824 kB
Buffers:           41908 kB
Cached:           718284 kB
MemTotal:        1844596 kB
MemFree:          880920 kB
MemAvailable:    1531192 kB
Buffers:           41908 kB
Cached:           718284 kB
MemTotal:        1844596 kB
MemFree:          879548 kB
MemAvailable:    1529820 kB
Buffers:           41908 kB
Cached:           718284 kB
MemTotal:        1844596 kB
MemFree:          880896 kB
MemAvailable:    1531168 kB
Buffers:           41908 kB
Cached:           718284 kB
MemTotal:        1844596 kB
MemFree:          880980 kB
MemAvailable:    1531252 kB
Buffers:           41908 kB
Cached:           718284 kB
MemTotal:        1844596 kB
MemFree:          879628 kB
MemAvailable:    1529900 kB
Buffers:           41908 kB
Cached:           718284 kB
MemTotal:        1844596 kB
MemFree:          880876 kB
MemAvailable:    1531148 kB
Buffers:           41908 kB
Cached:           718284 kB
MemTotal:        1844596 kB
MemFree:          880064 kB
MemAvailable:    1530336 kB
Buffers:           41908 kB
Cached:           718284 kB
MemTotal:        1844596 kB
MemFree:          882224 kB
MemAvailable:    1532496 kB
Buffers:           41908 kB
Cached:           718284 kB
MemTotal:        1844596 kB
MemFree:          881020 kB
MemAvailable:    1531292 kB
Buffers:           41908 kB
Cached:           718284 kB
MemTotal:        1844596 kB
MemFree:          880436 kB
MemAvailable:    1530708 kB
Buffers:           41908 kB
Cached:           718284 kB
MemTotal:        1844596 kB
MemFree:          880808 kB
MemAvailable:    1531080 kB
Buffers:           41908 kB
Cached:           718284 kB
MemTotal:        1844596 kB
MemFree:          878824 kB
MemAvailable:    1529104 kB
Buffers:           41908 kB
Cached:           718292 kB
MemTotal:        1844596 kB
MemFree:          878188 kB
MemAvailable:    1528468 kB
Buffers:           41908 kB
Cached:           718292 kB
MemTotal:        1844596 kB
MemFree:          877584 kB
MemAvailable:    1527864 kB
Buffers:           41908 kB
Cached:           718292 kB
MemTotal:        1844596 kB
MemFree:          877700 kB
MemAvailable:    1527980 kB
Buffers:           41908 kB
Cached:           718292 kB
MemTotal:        1844596 kB
MemFree:          877956 kB
MemAvailable:    1528236 kB
Buffers:           41908 kB
Cached:           718292 kB
MemTotal:        1844596 kB
MemFree:          875724 kB
MemAvailable:    1526004 kB
Buffers:           41908 kB
Cached:           718292 kB
MemTotal:        1844596 kB
MemFree:          876824 kB
MemAvailable:    1527104 kB
Buffers:           41908 kB
Cached:           718292 kB
MemTotal:        1844596 kB
MemFree:          876908 kB
MemAvailable:    1527188 kB
Buffers:           41908 kB
Cached:           718292 kB
MemTotal:        1844596 kB
MemFree:          876576 kB
MemAvailable:    1526856 kB
Buffers:           41908 kB
Cached:           718292 kB
MemTotal:        1844596 kB
MemFree:          875460 kB
MemAvailable:    1525740 kB
Buffers:           41908 kB
Cached:           718292 kB
MemTotal:        1844596 kB
MemFree:          876760 kB
MemAvailable:    1527040 kB
Buffers:           41908 kB
Cached:           718292 kB
MemTotal:        1844596 kB
MemFree:          875220 kB
MemAvailable:    1525500 kB
Buffers:           41908 kB
Cached:           718292 kB
MemTotal:        1844596 kB
MemFree:          876420 kB
MemAvailable:    1526700 kB
Buffers:           41908 kB
Cached:           718292 kB
MemTotal:        1844596 kB
MemFree:          876320 kB
MemAvailable:    1526600 kB
Buffers:           41908 kB
Cached:           718292 kB
MemTotal:        1844596 kB
MemFree:          875848 kB
MemAvailable:    1526128 kB
Buffers:           41908 kB
Cached:           718292 kB
MemTotal:        1844596 kB
MemFree:          874428 kB
MemAvailable:    1524708 kB
Buffers:           41908 kB
Cached:           718292 kB
MemTotal:        1844596 kB
MemFree:          875836 kB
MemAvailable:    1526116 kB
Buffers:           41908 kB
Cached:           718292 kB
MemTotal:        1844596 kB
MemFree:          875704 kB
MemAvailable:    1525984 kB
Buffers:           41908 kB
Cached:           718292 kB
MemTotal:        1844596 kB
MemFree:          875560 kB
MemAvailable:    1525840 kB
Buffers:           41908 kB
Cached:           718292 kB
MemTotal:        1844596 kB
MemFree:          875164 kB
MemAvailable:    1525444 kB
Buffers:           41908 kB
Cached:           718292 kB
MemTotal:        1844596 kB
MemFree:          874576 kB
MemAvailable:    1524856 kB
Buffers:           41908 kB
Cached:           718292 kB
MemTotal:        1844596 kB
MemFree:          874404 kB
MemAvailable:    1524684 kB
Buffers:           41908 kB
Cached:           718292 kB
MemTotal:        1844596 kB
MemFree:          875760 kB
MemAvailable:    1526040 kB
Buffers:           41908 kB
Cached:           718292 kB
MemTotal:        1844596 kB
MemFree:          875544 kB
MemAvailable:    1525824 kB
Buffers:           41908 kB
Cached:           718292 kB
MemTotal:        1844596 kB
MemFree:          875228 kB
MemAvailable:    1525508 kB
Buffers:           41908 kB
Cached:           718292 kB
MemTotal:        1844596 kB
MemFree:          875544 kB
MemAvailable:    1525824 kB
Buffers:           41908 kB
Cached:           718292 kB
MemTotal:        1844596 kB
MemFree:          874172 kB
MemAvailable:    1524452 kB
Buffers:           41908 kB
Cached:           718292 kB
MemTotal:        1844596 kB
MemFree:          874172 kB
MemAvailable:    1524452 kB
Buffers:           41908 kB
Cached:           718292 kB
MemTotal:        1844596 kB
MemFree:          875412 kB
MemAvailable:    1525692 kB
Buffers:           41908 kB
Cached:           718292 kB
MemTotal:        1844596 kB
MemFree:          875280 kB
MemAvailable:    1525560 kB
Buffers:           41908 kB
Cached:           718292 kB
MemTotal:        1844596 kB
MemFree:          873900 kB
MemAvailable:    1524180 kB
Buffers:           41908 kB
Cached:           718292 kB
MemTotal:        1844596 kB
MemFree:          875108 kB
MemAvailable:    1525388 kB
Buffers:           41908 kB
Cached:           718292 kB
MemTotal:        1844596 kB
MemFree:          875008 kB
MemAvailable:    1525288 kB
Buffers:           41908 kB
Cached:           718292 kB
MemTotal:        1844596 kB
MemFree:          874768 kB
MemAvailable:    1525048 kB
Buffers:           41908 kB
Cached:           718292 kB
MemTotal:        1844596 kB
MemFree:          874864 kB
MemAvailable:    1525144 kB
Buffers:           41908 kB
Cached:           718292 kB
MemTotal:        1844596 kB
MemFree:          874660 kB
MemAvailable:    1524940 kB
Buffers:           41908 kB
Cached:           718292 kB
MemTotal:        1844596 kB
MemFree:          874732 kB
MemAvailable:    1525012 kB
Buffers:           41908 kB
Cached:           718292 kB
MemTotal:        1844596 kB
MemFree:          874604 kB
MemAvailable:    1524884 kB
Buffers:           41908 kB
Cached:           718292 kB
MemTotal:        1844596 kB
MemFree:          874712 kB
MemAvailable:    1524992 kB
Buffers:           41908 kB
Cached:           718292 kB
MemTotal:        1844596 kB
MemFree:          874964 kB
MemAvailable:    1525244 kB
Buffers:           41908 kB
Cached:           718292 kB
MemTotal:        1844596 kB
MemFree:          873856 kB
MemAvailable:    1524136 kB
Buffers:           41908 kB
Cached:           718292 kB
MemTotal:        1844596 kB
MemFree:          873624 kB
MemAvailable:    1523904 kB
Buffers:           41908 kB
Cached:           718292 kB
MemTotal:        1844596 kB
MemFree:          872180 kB
MemAvailable:    1522460 kB
Buffers:           41908 kB
Cached:           718292 kB
MemTotal:        1844596 kB
MemFree:          868656 kB
MemAvailable:    1518936 kB
Buffers:           41908 kB
Cached:           718292 kB
MemTotal:        1844596 kB
MemFree:          867532 kB
MemAvailable:    1517812 kB
Buffers:           41908 kB
Cached:           718292 kB
MemTotal:        1844596 kB
MemFree:          866300 kB
MemAvailable:    1516580 kB
Buffers:           41908 kB
Cached:           718292 kB
MemTotal:        1844596 kB
MemFree:          865740 kB
MemAvailable:    1516020 kB
Buffers:           41908 kB
Cached:           718292 kB
MemTotal:        1844596 kB
MemFree:          865740 kB
MemAvailable:    1516020 kB
Buffers:           41908 kB
Cached:           718292 kB
MemTotal:        1844596 kB
MemFree:          866856 kB
MemAvailable:    1517136 kB
Buffers:           41908 kB
Cached:           718292 kB
MemTotal:        1844596 kB
MemFree:          866912 kB
MemAvailable:    1517192 kB
Buffers:           41908 kB
Cached:           718292 kB
MemTotal:        1844596 kB
MemFree:          866620 kB
MemAvailable:    1516900 kB
Buffers:           41908 kB
Cached:           718292 kB
MemTotal:        1844596 kB
MemFree:          866872 kB
MemAvailable:    1517152 kB
Buffers:           41908 kB
Cached:           718292 kB
MemTotal:        1844596 kB
MemFree:          865424 kB
MemAvailable:    1515704 kB
Buffers:           41908 kB
Cached:           718292 kB
MemTotal:        1844596 kB
MemFree:          865516 kB
MemAvailable:    1515796 kB
Buffers:           41920 kB
Cached:           718280 kB
MemTotal:        1844596 kB
MemFree:          865508 kB
MemAvailable:    1515788 kB
Buffers:           41920 kB
Cached:           718280 kB
MemTotal:        1844596 kB
MemFree:          865508 kB
MemAvailable:    1515788 kB
Buffers:           41920 kB
Cached:           718280 kB
MemTotal:        1844596 kB
MemFree:          866780 kB
MemAvailable:    1517060 kB
Buffers:           41920 kB
Cached:           718280 kB
MemTotal:        1844596 kB
MemFree:          866548 kB
MemAvailable:    1516828 kB
Buffers:           41920 kB
Cached:           718280 kB
MemTotal:        1844596 kB
MemFree:          866740 kB
MemAvailable:    1517020 kB
Buffers:           41920 kB
Cached:           718280 kB
MemTotal:        1844596 kB
MemFree:          866596 kB
MemAvailable:    1516876 kB
Buffers:           41920 kB
Cached:           718280 kB
MemTotal:        1844596 kB
MemFree:          866300 kB
MemAvailable:    1516580 kB
Buffers:           41920 kB
Cached:           718280 kB
MemTotal:        1844596 kB
MemFree:          865044 kB
MemAvailable:    1515324 kB
Buffers:           41920 kB
Cached:           718280 kB
MemTotal:        1844596 kB
MemFree:          865664 kB
MemAvailable:    1515944 kB
Buffers:           41920 kB
Cached:           718280 kB
MemTotal:        1844596 kB
MemFree:          865432 kB
MemAvailable:    1515712 kB
Buffers:           41920 kB
Cached:           718280 kB
MemTotal:        1844596 kB
MemFree:          865500 kB
MemAvailable:    1515780 kB
Buffers:           41920 kB
Cached:           718280 kB
MemTotal:        1844596 kB
MemFree:          865104 kB
MemAvailable:    1515384 kB
Buffers:           41920 kB
Cached:           718280 kB
MemTotal:        1844596 kB
MemFree:          864688 kB
MemAvailable:    1514968 kB
Buffers:           41920 kB
Cached:           718280 kB
MemTotal:        1844596 kB
MemFree:          863888 kB
MemAvailable:    1514168 kB
Buffers:           41920 kB
Cached:           718280 kB
MemTotal:        1844596 kB
MemFree:          863068 kB
MemAvailable:    1513348 kB
Buffers:           41920 kB
Cached:           718280 kB
MemTotal:        1844596 kB
MemFree:          864120 kB
MemAvailable:    1514412 kB
Buffers:           41920 kB
Cached:           718292 kB
MemTotal:        1844596 kB
MemFree:          863076 kB
MemAvailable:    1513368 kB
Buffers:           41920 kB
Cached:           718292 kB
MemTotal:        1844596 kB
MemFree:          863564 kB
MemAvailable:    1513864 kB
Buffers:           41920 kB
Cached:           718300 kB
MemTotal:        1844596 kB
MemFree:          863332 kB
MemAvailable:    1513632 kB
Buffers:           41920 kB
Cached:           718300 kB
MemTotal:        1844596 kB
MemFree:          863068 kB
MemAvailable:    1513368 kB
Buffers:           41920 kB
Cached:           718300 kB
MemTotal:        1844596 kB
MemFree:          862036 kB
MemAvailable:    1512336 kB
Buffers:           41920 kB
Cached:           718300 kB
MemTotal:        1844596 kB
MemFree:          863012 kB
MemAvailable:    1513312 kB
Buffers:           41920 kB
Cached:           718300 kB
MemTotal:        1844596 kB
MemFree:          862828 kB
MemAvailable:    1513128 kB
Buffers:           41920 kB
Cached:           718300 kB
MemTotal:        1844596 kB
MemFree:          862772 kB
MemAvailable:    1513072 kB
Buffers:           41920 kB
Cached:           718300 kB
MemTotal:        1844596 kB
MemFree:          861656 kB
MemAvailable:    1511956 kB
Buffers:           41920 kB
Cached:           718300 kB
MemTotal:        1844596 kB
MemFree:          861656 kB
MemAvailable:    1511956 kB
Buffers:           41920 kB
Cached:           718300 kB
MemTotal:        1844596 kB
MemFree:          862952 kB
MemAvailable:    1513252 kB
Buffers:           41920 kB
Cached:           718300 kB
MemTotal:        1844596 kB
MemFree:          862208 kB
MemAvailable:    1512508 kB
Buffers:           41920 kB
Cached:           718300 kB
MemTotal:        1844596 kB
MemFree:          862780 kB
MemAvailable:    1513080 kB
Buffers:           41920 kB
Cached:           718300 kB
MemTotal:        1844596 kB
MemFree:          863036 kB
MemAvailable:    1513336 kB
Buffers:           41920 kB
Cached:           718300 kB
MemTotal:        1844596 kB
MemFree:          861712 kB
MemAvailable:    1512012 kB
Buffers:           41920 kB
Cached:           718300 kB
MemTotal:        1844596 kB
MemFree:          862572 kB
MemAvailable:    1512872 kB
Buffers:           41920 kB
Cached:           718300 kB
MemTotal:        1844596 kB
MemFree:          861200 kB
MemAvailable:    1511500 kB
Buffers:           41920 kB
Cached:           718300 kB
MemTotal:        1844596 kB
MemFree:          857804 kB
MemAvailable:    1508104 kB
Buffers:           41920 kB
Cached:           718300 kB
MemTotal:        1844596 kB
MemFree:          856504 kB
MemAvailable:    1506804 kB
Buffers:           41920 kB
Cached:           718300 kB
MemTotal:        1844596 kB
MemFree:          857356 kB
MemAvailable:    1507656 kB
Buffers:           41920 kB
Cached:           718300 kB
MemTotal:        1844596 kB
MemFree:          857440 kB
MemAvailable:    1507740 kB
Buffers:           41920 kB
Cached:           718300 kB
MemTotal:        1844596 kB
MemFree:          855952 kB
MemAvailable:    1506252 kB
Buffers:           41920 kB
Cached:           718300 kB
MemTotal:        1844596 kB
MemFree:          857060 kB
MemAvailable:    1507360 kB
Buffers:           41920 kB
Cached:           718300 kB
MemTotal:        1844596 kB
MemFree:          857312 kB
MemAvailable:    1507612 kB
Buffers:           41920 kB
Cached:           718300 kB
MemTotal:        1844596 kB
MemFree:          855752 kB
MemAvailable:    1506052 kB
Buffers:           41920 kB
Cached:           718300 kB
MemTotal:        1844596 kB
MemFree:          855876 kB
MemAvailable:    1506176 kB
Buffers:           41920 kB
Cached:           718300 kB
MemTotal:        1844596 kB
MemFree:          857108 kB
MemAvailable:    1507408 kB
Buffers:           41920 kB
Cached:           718300 kB
MemTotal:        1844596 kB
MemFree:          856728 kB
MemAvailable:    1507028 kB
Buffers:           41920 kB
Cached:           718300 kB
MemTotal:        1844596 kB
MemFree:          856884 kB
MemAvailable:    1507184 kB
Buffers:           41920 kB
Cached:           718300 kB
MemTotal:        1844596 kB
MemFree:          855760 kB
MemAvailable:    1506060 kB
Buffers:           41920 kB
Cached:           718300 kB
MemTotal:        1844596 kB
MemFree:          853768 kB
MemAvailable:    1504068 kB
Buffers:           41920 kB
Cached:           718300 kB
MemTotal:        1844596 kB
MemFree:          854024 kB
MemAvailable:    1504324 kB
Buffers:           41920 kB
Cached:           718300 kB
MemTotal:        1844596 kB
MemFree:          852396 kB
MemAvailable:    1502696 kB
Buffers:           41920 kB
Cached:           718300 kB
MemTotal:        1844596 kB
MemFree:          853948 kB
MemAvailable:    1504248 kB
Buffers:           41920 kB
Cached:           718300 kB
MemTotal:        1844596 kB
MemFree:          853844 kB
MemAvailable:    1504144 kB
Buffers:           41920 kB
Cached:           718300 kB
MemTotal:        1844596 kB
MemFree:          853716 kB
MemAvailable:    1504016 kB
Buffers:           41920 kB
Cached:           718300 kB
MemTotal:        1844596 kB
MemFree:          853784 kB
MemAvailable:    1504084 kB
Buffers:           41920 kB
Cached:           718300 kB
MemTotal:        1844596 kB
MemFree:          855680 kB
MemAvailable:    1505980 kB
Buffers:           41920 kB
Cached:           718300 kB
MemTotal:        1844596 kB
MemFree:          854480 kB
MemAvailable:    1504780 kB
Buffers:           41920 kB
Cached:           718300 kB
MemTotal:        1844596 kB
MemFree:          855588 kB
MemAvailable:    1506056 kB
Buffers:           41920 kB
Cached:           718424 kB
MemTotal:        1844596 kB
MemFree:          855756 kB
MemAvailable:    1506224 kB
Buffers:           41920 kB
Cached:           718424 kB
MemTotal:        1844596 kB
MemFree:          855332 kB
MemAvailable:    1505968 kB
Buffers:           41920 kB
Cached:           718548 kB
MemTotal:        1844596 kB
MemFree:          855396 kB
MemAvailable:    1505908 kB
Buffers:           41920 kB
Cached:           718548 kB
MemTotal:        1844596 kB
MemFree:          855184 kB
MemAvailable:    1505904 kB
Buffers:           41920 kB
Cached:           718796 kB
MemTotal:        1844596 kB
MemFree:          854016 kB
MemAvailable:    1504904 kB
Buffers:           41920 kB
Cached:           718796 kB
MemTotal:        1844596 kB
MemFree:          853760 kB
MemAvailable:    1504648 kB
Buffers:           41920 kB
Cached:           718796 kB
MemTotal:        1844596 kB
MemFree:          854944 kB
MemAvailable:    1505832 kB
Buffers:           41920 kB
Cached:           718920 kB
MemTotal:        1844596 kB
MemFree:          854944 kB
MemAvailable:    1505832 kB
Buffers:           41920 kB
Cached:           718920 kB
MemTotal:        1844596 kB
MemFree:          854996 kB
MemAvailable:    1505884 kB
Buffers:           41920 kB
Cached:           718920 kB
MemTotal:        1844596 kB
MemFree:          855248 kB
MemAvailable:    1506136 kB
Buffers:           41920 kB
Cached:           718920 kB
MemTotal:        1844596 kB
MemFree:          853728 kB
MemAvailable:    1504616 kB
Buffers:           41920 kB
Cached:           718920 kB
MemTotal:        1844596 kB
MemFree:          854836 kB
MemAvailable:    1505724 kB
Buffers:           41920 kB
Cached:           718920 kB
MemTotal:        1844596 kB
MemFree:          855092 kB
MemAvailable:    1505980 kB
Buffers:           41920 kB
Cached:           718920 kB
MemTotal:        1844596 kB
MemFree:          853764 kB
MemAvailable:    1504736 kB
Buffers:           41920 kB
Cached:           718920 kB
MemTotal:        1844596 kB
MemFree:          920204 kB
MemAvailable:    1570504 kB
Buffers:           41920 kB
Cached:           718288 kB
MemTotal:        1844596 kB
MemFree:          922828 kB
MemAvailable:    1573128 kB
Buffers:           41920 kB
Cached:           718288 kB
