MemTotal:        1844596 kB
MemFree:          617288 kB
MemAvailable:    1521864 kB
Buffers:           68460 kB
Cached:           928824 kB
MemTotal:        1844596 kB
MemFree:          616796 kB
MemAvailable:    1521372 kB
Buffers:           68460 kB
Cached:           928824 kB
MemTotal:        1844596 kB
MemFree:          613748 kB
MemAvailable:    1518324 kB
Buffers:           68460 kB
Cached:           928824 kB
MemTotal:        1844596 kB
MemFree:          613756 kB
MemAvailable:    1518332 kB
Buffers:           68460 kB
Cached:           928824 kB
MemTotal:        1844596 kB
MemFree:          612516 kB
MemAvailable:    1517092 kB
Buffers:           68460 kB
Cached:           928824 kB
MemTotal:        1844596 kB
MemFree:          613748 kB
MemAvailable:    1518324 kB
Buffers:           68460 kB
Cached:           928824 kB
MemTotal:        1844596 kB
MemFree:          608864 kB
MemAvailable:    1513440 kB
Buffers:           68460 kB
Cached:           928824 kB
MemTotal:        1844596 kB
MemFree:          608424 kB
MemAvailable:    1513000 kB
Buffers:           68460 kB
Cached:           928824 kB
MemTotal:        1844596 kB
MemFree:          605440 kB
MemAvailable:    1510016 kB
Buffers:           68460 kB
Cached:           928824 kB
MemTotal:        1844596 kB
MemFree:          602348 kB
MemAvailable:    1506924 kB
Buffers:           68460 kB
Cached:           928824 kB
MemTotal:        1844596 kB
MemFree:          602384 kB
MemAvailable:    1506960 kB
Buffers:           68460 kB
Cached:           928824 kB
MemTotal:        1844596 kB
MemFree:          602348 kB
MemAvailable:    1506924 kB
Buffers:           68460 kB
Cached:           928824 kB
MemTotal:        1844596 kB
MemFree:          602472 kB
MemAvailable:    1507048 kB
Buffers:           68460 kB
Cached:           928824 kB
MemTotal:        1844596 kB
MemFree:          603772 kB
MemAvailable:    1508348 kB
Buffers:           68460 kB
Cached:           928824 kB
MemTotal:        1844596 kB
MemFree:          602340 kB
MemAvailable:    1506916 kB
Buffers:           68460 kB
Cached:           928824 kB
MemTotal:        1844596 kB
MemFree:          603456 kB
MemAvailable:    1508032 kB
Buffers:           68460 kB
Cached:           928824 kB
MemTotal:        1844596 kB
MemFree:          601340 kB
MemAvailable:    1505916 kB
Buffers:           68460 kB
Cached:           928824 kB
MemTotal:        1844596 kB
MemFree:          601676 kB
MemAvailable:    1506252 kB
Buffers:           68460 kB
Cached:           928824 kB
MemTotal:        1844596 kB
MemFree:          601208 kB
MemAvailable:    1505784 kB
Buffers:           68460 kB
Cached:           928824 kB
MemTotal:        1844596 kB
MemFree:          601208 kB
MemAvailable:    1505784 kB
Buffers:           68460 kB
Cached:           928824 kB
MemTotal:        1844596 kB
MemFree:          600048 kB
MemAvailable:    1504624 kB
Buffers:           68460 kB
Cached:           928824 kB
MemTotal:        1844596 kB
MemFree:          601172 kB
MemAvailable:    1505748 kB
Buffers:           68460 kB
Cached:           928824 kB
MemTotal:        1844596 kB
MemFree:          600488 kB
MemAvailable:    1505064 kB
Buffers:           68460 kB
Cached:           928824 kB
MemTotal:        1844596 kB
MemFree:          600104 kB
MemAvailable:    1504680 kB
Buffers:           68460 kB
Cached:           928824 kB
MemTotal:        1844596 kB
MemFree:          601336 kB
MemAvailable:    1505912 kB
Buffers:           68460 kB
Cached:           928824 kB
MemTotal:        1844596 kB
MemFree:          602516 kB
MemAvailable:    1507092 kB
Buffers:           68460 kB
Cached:           928824 kB
MemTotal:        1844596 kB
MemFree:          601232 kB
MemAvailable:    1505808 kB
Buffers:           68460 kB
Cached:           928824 kB
MemTotal:        1844596 kB
MemFree:          600472 kB
MemAvailable:    1505048 kB
Buffers:           68460 kB
Cached:           928824 kB
MemTotal:        1844596 kB
MemFree:          600472 kB
MemAvailable:    1505048 kB
Buffers:           68460 kB
Cached:           928824 kB
MemTotal:        1844596 kB
MemFree:          598000 kB
MemAvailable:    1502576 kB
Buffers:           68460 kB
Cached:           928824 kB
MemTotal:        1844596 kB
MemFree:          598248 kB
MemAvailable:    1502824 kB
Buffers:           68460 kB
Cached:           928824 kB
MemTotal:        1844596 kB
MemFree:          598248 kB
MemAvailable:    1502824 kB
Buffers:           68460 kB
Cached:           928824 kB
MemTotal:        1844596 kB
MemFree:          596620 kB
MemAvailable:    1501196 kB
Buffers:           68460 kB
Cached:           928824 kB
MemTotal:        1844596 kB
MemFree:          596768 kB
MemAvailable:    1501344 kB
Buffers:           68460 kB
Cached:           928824 kB
MemTotal:        1844596 kB
MemFree:          597348 kB
MemAvailable:    1501932 kB
Buffers:           68460 kB
Cached:           928832 kB
MemTotal:        1844596 kB
MemFree:          596016 kB
MemAvailable:    1500600 kB
Buffers:           68460 kB
Cached:           928832 kB
MemTotal:        1844596 kB
MemFree:          597132 kB
MemAvailable:    1501716 kB
Buffers:           68460 kB
Cached:           928832 kB
MemTotal:        1844596 kB
MemFree:          595700 kB
MemAvailable:    1500284 kB
Buffers:           68460 kB
Cached:           928832 kB
MemTotal:        1844596 kB
MemFree:          596976 kB
MemAvailable:    1501560 kB
Buffers:           68460 kB
Cached:           928832 kB
MemTotal:        1844596 kB
MemFree:          597212 kB
MemAvailable:    1501796 kB
Buffers:           68460 kB
Cached:           928832 kB
MemTotal:        1844596 kB
MemFree:          596876 kB
MemAvailable:    1501460 kB
Buffers:           68460 kB
Cached:           928832 kB
MemTotal:        1844596 kB
MemFree:          597212 kB
MemAvailable:    1501796 kB
Buffers:           68460 kB
Cached:           928832 kB
MemTotal:        1844596 kB
MemFree:          596380 kB
MemAvailable:    1500964 kB
Buffers:           68460 kB
Cached:           928832 kB
MemTotal:        1844596 kB
MemFree:          595968 kB
MemAvailable:    1500552 kB
Buffers:           68460 kB
Cached:           928832 kB
MemTotal:        1844596 kB
MemFree:          596016 kB
MemAvailable:    1500600 kB
Buffers:           68460 kB
Cached:           928832 kB
MemTotal:        1844596 kB
MemFree:          596136 kB
MemAvailable:    1500720 kB
Buffers:           68460 kB
Cached:           928832 kB
MemTotal:        1844596 kB
MemFree:          595224 kB
MemAvailable:    1499808 kB
Buffers:           68460 kB
Cached:           928832 kB
MemTotal:        1844596 kB
MemFree:          596124 kB
MemAvailable:    1500708 kB
Buffers:           68460 kB
Cached:           928832 kB
MemTotal:        1844596 kB
MemFree:          594836 kB
MemAvailable:    1499420 kB
Buffers:           68460 kB
Cached:           928832 kB
MemTotal:        1844596 kB
MemFree:          594828 kB
MemAvailable:    1499412 kB
Buffers:           68460 kB
Cached:           928832 kB
MemTotal:        1844596 kB
MemFree:          596076 kB
MemAvailable:    1500660 kB
Buffers:           68460 kB
Cached:           928832 kB
MemTotal:        1844596 kB
MemFree:          594740 kB
MemAvailable:    1499324 kB
Buffers:           68460 kB
Cached:           928832 kB
MemTotal:        1844596 kB
MemFree:          594784 kB
MemAvailable:    1499368 kB
Buffers:           68460 kB
Cached:           928832 kB
MemTotal:        1844596 kB
MemFree:          595032 kB
MemAvailable:    1499616 kB
Buffers:           68460 kB
Cached:           928832 kB
MemTotal:        1844596 kB
MemFree:          596272 kB
MemAvailable:    1500856 kB
Buffers:           68460 kB
Cached:           928832 kB
MemTotal:        1844596 kB
MemFree:          594660 kB
MemAvailable:    1499244 kB
Buffers:           68460 kB
Cached:           928832 kB
MemTotal:        1844596 kB
MemFree:          595636 kB
MemAvailable:    1500220 kB
Buffers:           68460 kB
Cached:           928832 kB
MemTotal:        1844596 kB
MemFree:          595472 kB
MemAvailable:    1500056 kB
Buffers:           68460 kB
Cached:           928832 kB
MemTotal:        1844596 kB
MemFree:          595272 kB
MemAvailable:    1499856 kB
Buffers:           68460 kB
Cached:           928832 kB
MemTotal:        1844596 kB
MemFree:          594024 kB
MemAvailable:    1498608 kB
Buffers:           68460 kB
Cached:           928832 kB
MemTotal:        1844596 kB
MemFree:          595348 kB
MemAvailable:    1499932 kB
Buffers:           68460 kB
Cached:           928832 kB
MemTotal:        1844596 kB
MemFree:          594352 kB
MemAvailable:    1498936 kB
Buffers:           68460 kB
Cached:           928832 kB
MemTotal:        1844596 kB
MemFree:          595204 kB
MemAvailable:    1499788 kB
Buffers:           68460 kB
Cached:           928832 kB
MemTotal:        1844596 kB
MemFree:          595164 kB
MemAvailable:    1499748 kB
Buffers:           68460 kB
Cached:           928832 kB
MemTotal:        1844596 kB
MemFree:          595064 kB
MemAvailable:    1499648 kB
Buffers:           68460 kB
Cached:           928832 kB
MemTotal:        1844596 kB
MemFree:          595320 kB
MemAvailable:    1499904 kB
Buffers:           68460 kB
Cached:           928832 kB
MemTotal:        1844596 kB
MemFree:          595080 kB
MemAvailable:    1499664 kB
Buffers:           68460 kB
Cached:           928832 kB
MemTotal:        1844596 kB
MemFree:          595416 kB
MemAvailable:    1500000 kB
Buffers:           68460 kB
Cached:           928832 kB
MemTotal:        1844596 kB
MemFree:          595080 kB
MemAvailable:    1499664 kB
Buffers:           68460 kB
Cached:           928832 kB
MemTotal:        1844596 kB
MemFree:          592740 kB
MemAvailable:    1497324 kB
Buffers:           68460 kB
Cached:           928832 kB
MemTotal:        1844596 kB
MemFree:          590508 kB
MemAvailable:    1495092 kB
Buffers:           68460 kB
Cached:           928832 kB
MemTotal:        1844596 kB
MemFree:          587764 kB
MemAvailable:    1492348 kB
Buffers:           68460 kB
Cached:           928832 kB
MemTotal:        1844596 kB
MemFree:          587408 kB
MemAvailable:    1491992 kB
Buffers:           68460 kB
Cached:           928832 kB
MemTotal:        1844596 kB
MemFree:          586484 kB
MemAvailable:    1491068 kB
Buffers:           68460 kB
Cached:           928832 kB
MemTotal:        1844596 kB
MemFree:          586228 kB
MemAvailable:    1490812 kB
Buffers:           68460 kB
Cached:           928832 kB
MemTotal:        1844596 kB
MemFree:          587528 kB
MemAvailable:    1492112 kB
Buffers:           68460 kB
Cached:           928832 kB
MemTotal:        1844596 kB
MemFree:          587204 kB
MemAvailable:    1491788 kB
Buffers:           68460 kB
Cached:           928832 kB
MemTotal:        1844596 kB
MemFree:          587204 kB
MemAvailable:    1491788 kB
Buffers:           68460 kB
Cached:           928832 kB
MemTotal:        1844596 kB
MemFree:          587236 kB
MemAvailable:    1491820 kB
Buffers:           68460 kB
Cached:           928832 kB
MemTotal:        1844596 kB
MemFree:          586032 kB
MemAvailable:    1490616 kB
Buffers:           68460 kB
Cached:           928832 kB
MemTotal:        1844596 kB
MemFree:          587136 kB
MemAvailable:    1491720 kB
Buffers:           68460 kB
Cached:           928832 kB
MemTotal:        1844596 kB
MemFree:          585872 kB
MemAvailable:    1490456 kB
Buffers:           68460 kB
Cached:           928832 kB
MemTotal:        1844596 kB
MemFree:          585996 kB
MemAvailable:    1490580 kB
Buffers:           68460 kB
Cached:           928832 kB
MemTotal:        1844596 kB
MemFree:          585996 kB
MemAvailable:    1490580 kB
Buffers:           68460 kB
Cached:           928832 kB
MemTotal:        1844596 kB
MemFree:          587208 kB
MemAvailable:    1491792 kB
Buffers:           68460 kB
Cached:           928832 kB
MemTotal:        1844596 kB
MemFree:          587328 kB
MemAvailable:    1491912 kB
Buffers:           68460 kB
Cached:           928832 kB
MemTotal:        1844596 kB
MemFree:          587208 kB
MemAvailable:    1491792 kB
Buffers:           68460 kB
Cached:           928832 kB
MemTotal:        1844596 kB
MemFree:          585672 kB
MemAvailable:    1490256 kB
Buffers:           68460 kB
Cached:           928832 kB
MemTotal:        1844596 kB
MemFree:          586592 kB
MemAvailable:    1491180 kB
Buffers:           68460 kB
Cached:           928836 kB
MemTotal:        1844596 kB
MemFree:          586252 kB
MemAvailable:    1490840 kB
Buffers:           68460 kB
Cached:           928836 kB
MemTotal:        1844596 kB
MemFree:          585044 kB
MemAvailable:    1489632 kB
Buffers:           68460 kB
Cached:           928836 kB
MemTotal:        1844596 kB
MemFree:          585732 kB
MemAvailable:    1490320 kB
Buffers:           68460 kB
Cached:           928836 kB
MemTotal:        1844596 kB
MemFree:          585468 kB
MemAvailable:    1490056 kB
Buffers:           68460 kB
Cached:           928836 kB
MemTotal:        1844596 kB
MemFree:          585432 kB
MemAvailable:    1490020 kB
Buffers:           68460 kB
Cached:           928836 kB
MemTotal:        1844596 kB
MemFree:          584416 kB
MemAvailable:    1489004 kB
Buffers:           68460 kB
Cached:           928836 kB
MemTotal:        1844596 kB
MemFree:          583936 kB
MemAvailable:    1488524 kB
Buffers:           68460 kB
Cached:           928836 kB
MemTotal:        1844596 kB
MemFree:          584128 kB
MemAvailable:    1488716 kB
Buffers:           68460 kB
Cached:           928836 kB
MemTotal:        1844596 kB
MemFree:          583804 kB
MemAvailable:    1488392 kB
Buffers:           68460 kB
Cached:           928836 kB
MemTotal:        1844596 kB
MemFree:          584060 kB
MemAvailable:    1488648 kB
Buffers:           68460 kB
Cached:           928836 kB
MemTotal:        1844596 kB
MemFree:          582680 kB
MemAvailable:    1487268 kB
Buffers:           68460 kB
Cached:           928836 kB
MemTotal:        1844596 kB
MemFree:          583424 kB
MemAvailable:    1488012 kB
Buffers:           68460 kB
Cached:           928836 kB
MemTotal:        1844596 kB
MemFree:          583316 kB
MemAvailable:    1487904 kB
Buffers:           68460 kB
Cached:           928836 kB
MemTotal:        1844596 kB
MemFree:          583260 kB
MemAvailable:    1487848 kB
Buffers:           68460 kB
Cached:           928836 kB
MemTotal:        1844596 kB
MemFree:          583296 kB
MemAvailable:    1487884 kB
Buffers:           68460 kB
Cached:           928836 kB
MemTotal:        1844596 kB
MemFree:          582180 kB
MemAvailable:    1486768 kB
Buffers:           68460 kB
Cached:           928836 kB
MemTotal:        1844596 kB
MemFree:          583608 kB
MemAvailable:    1488196 kB
Buffers:           68460 kB
Cached:           928836 kB
MemTotal:        1844596 kB
MemFree:          583248 kB
MemAvailable:    1487836 kB
Buffers:           68460 kB
Cached:           928836 kB
MemTotal:        1844596 kB
MemFree:          582796 kB
MemAvailable:    1487384 kB
Buffers:           68460 kB
Cached:           928836 kB
MemTotal:        1844596 kB
MemFree:          582796 kB
MemAvailable:    1487384 kB
Buffers:           68460 kB
Cached:           928836 kB
MemTotal:        1844596 kB
MemFree:          581436 kB
MemAvailable:    1486024 kB
Buffers:           68460 kB
Cached:           928836 kB
MemTotal:        1844596 kB
MemFree:          581436 kB
MemAvailable:    1486024 kB
Buffers:           68460 kB
Cached:           928836 kB
MemTotal:        1844596 kB
MemFree:          578092 kB
MemAvailable:    1482680 kB
Buffers:           68460 kB
Cached:           928836 kB
MemTotal:        1844596 kB
MemFree:          577860 kB
MemAvailable:    1482448 kB
Buffers:           68460 kB
Cached:           928836 kB
MemTotal:        1844596 kB
MemFree:          577720 kB
MemAvailable:    1482308 kB
Buffers:           68460 kB
Cached:           928836 kB
MemTotal:        1844596 kB
MemFree:          577608 kB
MemAvailable:    1482196 kB
Buffers:           68460 kB
Cached:           928836 kB
MemTotal:        1844596 kB
MemFree:          576300 kB
MemAvailable:    1480888 kB
Buffers:           68460 kB
Cached:           928836 kB
MemTotal:        1844596 kB
MemFree:          577408 kB
MemAvailable:    1481996 kB
Buffers:           68460 kB
Cached:           928836 kB
MemTotal:        1844596 kB
MemFree:          577576 kB
MemAvailable:    1482164 kB
Buffers:           68460 kB
Cached:           928836 kB
MemTotal:        1844596 kB
MemFree:          577620 kB
MemAvailable:    1482216 kB
Buffers:           68460 kB
Cached:           928844 kB
MemTotal:        1844596 kB
MemFree:          577356 kB
MemAvailable:    1481952 kB
Buffers:           68460 kB
Cached:           928844 kB
MemTotal:        1844596 kB
MemFree:          577608 kB
MemAvailable:    1482204 kB
Buffers:           68460 kB
Cached:           928844 kB
MemTotal:        1844596 kB
MemFree:          575992 kB
MemAvailable:    1480588 kB
Buffers:           68460 kB
Cached:           928844 kB
MemTotal:        1844596 kB
MemFree:          576240 kB
MemAvailable:    1480836 kB
Buffers:           68460 kB
Cached:           928844 kB
MemTotal:        1844596 kB
MemFree:          574496 kB
MemAvailable:    1479092 kB
Buffers:           68460 kB
Cached:           928844 kB
MemTotal:        1844596 kB
MemFree:          574016 kB
MemAvailable:    1478612 kB
Buffers:           68460 kB
Cached:           928844 kB
MemTotal:        1844596 kB
MemFree:          574068 kB
MemAvailable:    1478664 kB
Buffers:           68460 kB
Cached:           928844 kB
MemTotal:        1844596 kB
MemFree:          574404 kB
MemAvailable:    1479000 kB
Buffers:           68460 kB
Cached:           928844 kB
MemTotal:        1844596 kB
MemFree:          574424 kB
MemAvailable:    1479020 kB
Buffers:           68460 kB
Cached:           928844 kB
MemTotal:        1844596 kB
MemFree:          572872 kB
MemAvailable:    1477468 kB
Buffers:           68460 kB
Cached:           928844 kB
MemTotal:        1844596 kB
MemFree:          576156 kB
MemAvailable:    1480752 kB
Buffers:           68460 kB
Cached:           928844 kB
MemTotal:        1844596 kB
MemFree:          576156 kB
MemAvailable:    1480752 kB
Buffers:           68460 kB
Cached:           928844 kB
MemTotal:        1844596 kB
MemFree:          576192 kB
MemAvailable:    1480788 kB
Buffers:           68460 kB
Cached:           928844 kB
MemTotal:        1844596 kB
MemFree:          576120 kB
MemAvailable:    1480884 kB
Buffers:           68460 kB
Cached:           928968 kB
MemTotal:        1844596 kB
MemFree:          575008 kB
MemAvailable:    1479772 kB
Buffers:           68460 kB
Cached:           929092 kB
MemTotal:        1844596 kB
MemFree:          575724 kB
MemAvailable:    1480656 kB
Buffers:           68460 kB
Cached:           929216 kB
MemTotal:        1844596 kB
MemFree:          575808 kB
MemAvailable:    1480740 kB
Buffers:           68460 kB
Cached:           929216 kB
MemTotal:        1844596 kB
MemFree:          575860 kB
MemAvailable:    1481044 kB
Buffers:           68460 kB
Cached:           929340 kB
MemTotal:        1844596 kB
MemFree:          575860 kB
MemAvailable:    1481044 kB
Buffers:           68460 kB
Cached:           929340 kB
MemTotal:        1844596 kB
MemFree:          575600 kB
MemAvailable:    1480784 kB
Buffers:           68460 kB
Cached:           929464 kB
MemTotal:        1844596 kB
MemFree:          575852 kB
MemAvailable:    1481036 kB
Buffers:           68460 kB
Cached:           929464 kB
MemTotal:        1844596 kB
MemFree:          574492 kB
MemAvailable:    1479676 kB
Buffers:           68460 kB
Cached:           929464 kB
MemTotal:        1844596 kB
MemFree:          574360 kB
MemAvailable:    1479544 kB
Buffers:           68460 kB
Cached:           929464 kB
MemTotal:        1844596 kB
MemFree:          575780 kB
MemAvailable:    1480964 kB
Buffers:           68460 kB
Cached:           929464 kB
MemTotal:        1844596 kB
MemFree:          575588 kB
MemAvailable:    1480772 kB
Buffers:           68460 kB
Cached:           929464 kB
MemTotal:        1844596 kB
MemFree:          575840 kB
MemAvailable:    1481024 kB
Buffers:           68460 kB
Cached:           929464 kB
MemTotal:        1844596 kB
MemFree:          575432 kB
MemAvailable:    1480784 kB
Buffers:           68460 kB
Cached:           929588 kB
MemTotal:        1844596 kB
MemFree:          575132 kB
MemAvailable:    1480484 kB
Buffers:           68460 kB
Cached:           929588 kB
MemTotal:        1844596 kB
MemFree:          616212 kB
MemAvailable:    1520892 kB
Buffers:           68460 kB
Cached:           928916 kB
