MemTotal:        1844596 kB
MemFree:          826364 kB
MemAvailable:    1540640 kB
Buffers:           49576 kB
Cached:           774092 kB
MemTotal:        1844596 kB
MemFree:          824576 kB
MemAvailable:    1538852 kB
Buffers:           49576 kB
Cached:           774092 kB
MemTotal:        1844596 kB
MemFree:          821156 kB
MemAvailable:    1535432 kB
Buffers:           49576 kB
Cached:           774092 kB
MemTotal:        1844596 kB
MemFree:          821404 kB
MemAvailable:    1535680 kB
Buffers:           49576 kB
Cached:           774092 kB
MemTotal:        1844596 kB
MemFree:          819792 kB
MemAvailable:    1534068 kB
Buffers:           49576 kB
Cached:           774092 kB
MemTotal:        1844596 kB
MemFree:          818800 kB
MemAvailable:    1533076 kB
Buffers:           49576 kB
Cached:           774092 kB
MemTotal:        1844596 kB
MemFree:          817428 kB
MemAvailable:    1531704 kB
Buffers:           49576 kB
Cached:           774092 kB
MemTotal:        1844596 kB
MemFree:          814196 kB
MemAvailable:    1528472 kB
Buffers:           49576 kB
Cached:           774092 kB
MemTotal:        1844596 kB
MemFree:          814088 kB
MemAvailable:    1528364 kB
Buffers:           49576 kB
Cached:           774092 kB
MemTotal:        1844596 kB
MemFree:          808632 kB
MemAvailable:    1522908 kB
Buffers:           49576 kB
Cached:           774092 kB
MemTotal:        1844596 kB
MemFree:          810644 kB
MemAvailable:    1524920 kB
Buffers:           49576 kB
Cached:           774092 kB
MemTotal:        1844596 kB
MemFree:          810980 kB
MemAvailable:    1525256 kB
Buffers:           49576 kB
Cached:           774092 kB
MemTotal:        1844596 kB
MemFree:          809492 kB
MemAvailable:    1523768 kB
Buffers:           49576 kB
Cached:           774092 kB
MemTotal:        1844596 kB
MemFree:          809492 kB
MemAvailable:    1523768 kB
Buffers:           49576 kB
Cached:           774092 kB
MemTotal:        1844596 kB
MemFree:          810724 kB
MemAvailable:    1525000 kB
Buffers:           49576 kB
Cached:           774092 kB
MemTotal:        1844596 kB
MemFree:          810808 kB
MemAvailable:    1525084 kB
Buffers:           49576 kB
Cached:           774092 kB
MemTotal:        1844596 kB
MemFree:          808632 kB
MemAvailable:    1522908 kB
Buffers:           49576 kB
Cached:           774092 kB
MemTotal:        1844596 kB
MemFree:          809368 kB
MemAvailable:    1523644 kB
Buffers:           49576 kB
Cached:           774092 kB
MemTotal:        1844596 kB
MemFree:          808320 kB
MemAvailable:    1522596 kB
Buffers:           49576 kB
Cached:           774092 kB
MemTotal:        1844596 kB
MemFree:          808320 kB
MemAvailable:    1522596 kB
Buffers:           49576 kB
Cached:           774092 kB
MemTotal:        1844596 kB
MemFree:          807088 kB
MemAvailable:    1521364 kB
Buffers:           49576 kB
Cached:           774092 kB
MemTotal:        1844596 kB
MemFree:          808328 kB
MemAvailable:    1522608 kB
Buffers:           49576 kB
Cached:           774096 kB
MemTotal:        1844596 kB
MemFree:          808328 kB
MemAvailable:    1522608 kB
Buffers:           49576 kB
Cached:           774096 kB
MemTotal:        1844596 kB
MemFree:          808328 kB
MemAvailable:    1522608 kB
Buffers:           49576 kB
Cached:           774096 kB
MemTotal:        1844596 kB
MemFree:          808508 kB
MemAvailable:    1522788 kB
Buffers:           49576 kB
Cached:           774096 kB
MemTotal:        1844596 kB
MemFree:          807632 kB
MemAvailable:    1521912 kB
Buffers:           49576 kB
Cached:           774096 kB
MemTotal:        1844596 kB
MemFree:          808368 kB
MemAvailable:    1522648 kB
Buffers:           49576 kB
Cached:           774096 kB
MemTotal:        1844596 kB
MemFree:          808368 kB
MemAvailable:    1522648 kB
Buffers:           49576 kB
Cached:           774096 kB
MemTotal:        1844596 kB
MemFree:          808336 kB
MemAvailable:    1522616 kB
Buffers:           49576 kB
Cached:           774096 kB
MemTotal:        1844596 kB
MemFree:          809064 kB
MemAvailable:    1523344 kB
Buffers:           49576 kB
Cached:           774096 kB
MemTotal:        1844596 kB
MemFree:          806524 kB
MemAvailable:    1520804 kB
Buffers:           49576 kB
Cached:           774096 kB
MemTotal:        1844596 kB
MemFree:          805888 kB
MemAvailable:    1520168 kB
Buffers:           49576 kB
Cached:           774096 kB
MemTotal:        1844596 kB
MemFree:          806224 kB
MemAvailable:    1520504 kB
Buffers:           49576 kB
Cached:           774096 kB
MemTotal:        1844596 kB
MemFree:          805020 kB
MemAvailable:    1519300 kB
Buffers:           49576 kB
Cached:           774096 kB
MemTotal:        1844596 kB
MemFree:          805160 kB
MemAvailable:    1519440 kB
Buffers:           49576 kB
Cached:           774096 kB
MemTotal:        1844596 kB
MemFree:          804664 kB
MemAvailable:    1518944 kB
Buffers:           49576 kB
Cached:           774096 kB
MemTotal:        1844596 kB
MemFree:          804284 kB
MemAvailable:    1518564 kB
Buffers:           49576 kB
Cached:           774096 kB
MemTotal:        1844596 kB
MemFree:          804540 kB
MemAvailable:    1518820 kB
Buffers:           49576 kB
Cached:           774096 kB
MemTotal:        1844596 kB
MemFree:          803292 kB
MemAvailable:    1517572 kB
Buffers:           49576 kB
Cached:           774096 kB
MemTotal:        1844596 kB
MemFree:          803036 kB
MemAvailable:    1517316 kB
Buffers:           49576 kB
Cached:           774096 kB
MemTotal:        1844596 kB
MemFree:          804144 kB
MemAvailable:    1518424 kB
Buffers:           49576 kB
Cached:           774096 kB
MemTotal:        1844596 kB
MemFree:          803988 kB
MemAvailable:    1518268 kB
Buffers:           49576 kB
Cached:           774096 kB
MemTotal:        1844596 kB
MemFree:          803844 kB
MemAvailable:    1518124 kB
Buffers:           49576 kB
Cached:           774096 kB
MemTotal:        1844596 kB
MemFree:          803556 kB
MemAvailable:    1517836 kB
Buffers:           49576 kB
Cached:           774096 kB
MemTotal:        1844596 kB
MemFree:          803664 kB
MemAvailable:    1517944 kB
Buffers:           49576 kB
Cached:           774096 kB
MemTotal:        1844596 kB
MemFree:          803484 kB
MemAvailable:    1517764 kB
Buffers:           49576 kB
Cached:           774096 kB
MemTotal:        1844596 kB
MemFree:          802896 kB
MemAvailable:    1517176 kB
Buffers:           49576 kB
Cached:           774096 kB
MemTotal:        1844596 kB
MemFree:          803248 kB
MemAvailable:    1517528 kB
Buffers:           49576 kB
Cached:           774096 kB
MemTotal:        1844596 kB
MemFree:          803164 kB
MemAvailable:    1517444 kB
Buffers:           49576 kB
Cached:           774096 kB
MemTotal:        1844596 kB
MemFree:          801908 kB
MemAvailable:    1516188 kB
Buffers:           49588 kB
Cached:           774084 kB
MemTotal:        1844596 kB
MemFree:          803148 kB
MemAvailable:    1517428 kB
Buffers:           49588 kB
Cached:           774084 kB
MemTotal:        1844596 kB
MemFree:          803136 kB
MemAvailable:    1517416 kB
Buffers:           49588 kB
Cached:           774084 kB
MemTotal:        1844596 kB
MemFree:          803136 kB
MemAvailable:    1517416 kB
Buffers:           49588 kB
Cached:           774084 kB
MemTotal:        1844596 kB
MemFree:          803364 kB
MemAvailable:    1517644 kB
Buffers:           49588 kB
Cached:           774084 kB
MemTotal:        1844596 kB
MemFree:          801928 kB
MemAvailable:    1516208 kB
Buffers:           49588 kB
Cached:           774084 kB
MemTotal:        1844596 kB
MemFree:          802012 kB
MemAvailable:    1516292 kB
Buffers:           49588 kB
Cached:           774084 kB
MemTotal:        1844596 kB
MemFree:          802740 kB
MemAvailable:    1517020 kB
Buffers:           49588 kB
Cached:           774084 kB
MemTotal:        1844596 kB
MemFree:          801376 kB
MemAvailable:    1515656 kB
Buffers:           49588 kB
Cached:           774084 kB
MemTotal:        1844596 kB
MemFree:          801492 kB
MemAvailable:    1515772 kB
Buffers:           49588 kB
Cached:           774084 kB
MemTotal:        1844596 kB
MemFree:          802476 kB
MemAvailable:    1516756 kB
Buffers:           49588 kB
Cached:           774084 kB
MemTotal:        1844596 kB
MemFree:          802308 kB
MemAvailable:    1516588 kB
Buffers:           49588 kB
Cached:           774084 kB
MemTotal:        1844596 kB
MemFree:          802472 kB
MemAvailable:    1516752 kB
Buffers:           49588 kB
Cached:           774084 kB
MemTotal:        1844596 kB
MemFree:          801420 kB
MemAvailable:    1515700 kB
Buffers:           49588 kB
Cached:           774084 kB
MemTotal:        1844596 kB
MemFree:          801172 kB
MemAvailable:    1515452 kB
Buffers:           49588 kB
Cached:           774084 kB
MemTotal:        1844596 kB
MemFree:          802472 kB
MemAvailable:    1516752 kB
Buffers:           49588 kB
Cached:           774084 kB
MemTotal:        1844596 kB
MemFree:          801040 kB
MemAvailable:    1515320 kB
Buffers:           49588 kB
Cached:           774084 kB
MemTotal:        1844596 kB
MemFree:          802340 kB
MemAvailable:    1516620 kB
Buffers:           49588 kB
Cached:           774084 kB
MemTotal:        1844596 kB
MemFree:          802292 kB
MemAvailable:    1516572 kB
Buffers:           49588 kB
Cached:           774084 kB
MemTotal:        1844596 kB
MemFree:          800944 kB
MemAvailable:    1515224 kB
Buffers:           49588 kB
Cached:           774084 kB
MemTotal:        1844596 kB
MemFree:          802128 kB
MemAvailable:    1516408 kB
Buffers:           49588 kB
Cached:           774084 kB
MemTotal:        1844596 kB
MemFree:          801936 kB
MemAvailable:    1516216 kB
Buffers:           49588 kB
Cached:           774084 kB
MemTotal:        1844596 kB
MemFree:          801316 kB
MemAvailable:    1515596 kB
Buffers:           49588 kB
Cached:           774084 kB
MemTotal:        1844596 kB
MemFree:          800012 kB
MemAvailable:    1514292 kB
Buffers:           49588 kB
Cached:           774084 kB
MemTotal:        1844596 kB
MemFree:          797968 kB
MemAvailable:    1512248 kB
Buffers:           49588 kB
Cached:           774084 kB
MemTotal:        1844596 kB
MemFree:          794852 kB
MemAvailable:    1509148 kB
Buffers:           49588 kB
Cached:           774100 kB
MemTotal:        1844596 kB
MemFree:          794868 kB
MemAvailable:    1509164 kB
Buffers:           49588 kB
Cached:           774100 kB
MemTotal:        1844596 kB
MemFree:          794680 kB
MemAvailable:    1508976 kB
Buffers:           49588 kB
Cached:           774100 kB
MemTotal:        1844596 kB
MemFree:          795016 kB
MemAvailable:    1509312 kB
Buffers:           49588 kB
Cached:           774100 kB
MemTotal:        1844596 kB
MemFree:          794496 kB
MemAvailable:    1508792 kB
Buffers:           49588 kB
Cached:           774100 kB
MemTotal:        1844596 kB
MemFree:          793124 kB
MemAvailable:    1507420 kB
Buffers:           49588 kB
Cached:           774100 kB
MemTotal:        1844596 kB
MemFree:          792868 kB
MemAvailable:    1507164 kB
Buffers:           49588 kB
Cached:           774100 kB
MemTotal:        1844596 kB
MemFree:          794220 kB
MemAvailable:    1508516 kB
Buffers:           49588 kB
Cached:           774100 kB
MemTotal:        1844596 kB
MemFree:          793876 kB
MemAvailable:    1508172 kB
Buffers:           49588 kB
Cached:           774100 kB
MemTotal:        1844596 kB
MemFree:          792820 kB
MemAvailable:    1507116 kB
Buffers:           49588 kB
Cached:           774100 kB
MemTotal:        1844596 kB
MemFree:          794228 kB
MemAvailable:    1508524 kB
Buffers:           49588 kB
Cached:           774100 kB
MemTotal:        1844596 kB
MemFree:          794480 kB
MemAvailable:    1508776 kB
Buffers:           49588 kB
Cached:           774100 kB
MemTotal:        1844596 kB
MemFree:          794068 kB
MemAvailable:    1508364 kB
Buffers:           49588 kB
Cached:           774100 kB
MemTotal:        1844596 kB
MemFree:          794404 kB
MemAvailable:    1508700 kB
Buffers:           49588 kB
Cached:           774100 kB
MemTotal:        1844596 kB
MemFree:          792996 kB
MemAvailable:    1507292 kB
Buffers:           49588 kB
Cached:           774100 kB
MemTotal:        1844596 kB
MemFree:          794248 kB
MemAvailable:    1508544 kB
Buffers:           49588 kB
Cached:           774100 kB
MemTotal:        1844596 kB
MemFree:          793504 kB
MemAvailable:    1507800 kB
Buffers:           49588 kB
Cached:           774100 kB
MemTotal:        1844596 kB
MemFree:          794168 kB
MemAvailable:    1508468 kB
Buffers:           49588 kB
Cached:           774104 kB
MemTotal:        1844596 kB
MemFree:          793992 kB
MemAvailable:    1508292 kB
Buffers:           49588 kB
Cached:           774104 kB
MemTotal:        1844596 kB
MemFree:          792140 kB
MemAvailable:    1506440 kB
Buffers:           49588 kB
Cached:           774104 kB
MemTotal:        1844596 kB
MemFree:          791892 kB
MemAvailable:    1506192 kB
Buffers:           49588 kB
Cached:           774104 kB
MemTotal:        1844596 kB
MemFree:          792876 kB
MemAvailable:    1507176 kB
Buffers:           49588 kB
Cached:           774104 kB
MemTotal:        1844596 kB
MemFree:          792504 kB
MemAvailable:    1506804 kB
Buffers:           49588 kB
Cached:           774104 kB
MemTotal:        1844596 kB
MemFree:          792148 kB
MemAvailable:    1506448 kB
Buffers:           49588 kB
Cached:           774104 kB
MemTotal:        1844596 kB
MemFree:          791644 kB
MemAvailable:    1505944 kB
Buffers:           49588 kB
Cached:           774104 kB
MemTotal:        1844596 kB
MemFree:          790396 kB
MemAvailable:    1504700 kB
Buffers:           49588 kB
Cached:           774108 kB
MemTotal:        1844596 kB
MemFree:          791084 kB
MemAvailable:    1505388 kB
Buffers:           49588 kB
Cached:           774108 kB
MemTotal:        1844596 kB
MemFree:          789660 kB
MemAvailable:    1503964 kB
Buffers:           49588 kB
Cached:           774108 kB
MemTotal:        1844596 kB
MemFree:          789652 kB
MemAvailable:    1503956 kB
Buffers:           49588 kB
Cached:           774108 kB
MemTotal:        1844596 kB
MemFree:          790580 kB
MemAvailable:    1504884 kB
Buffers:           49588 kB
Cached:           774108 kB
MemTotal:        1844596 kB
MemFree:          790768 kB
MemAvailable:    1505072 kB
Buffers:           49588 kB
Cached:           774108 kB
MemTotal:        1844596 kB
MemFree:          789668 kB
MemAvailable:    1503972 kB
Buffers:           49588 kB
Cached:           774108 kB
MemTotal:        1844596 kB
MemFree:          789288 kB
MemAvailable:    1503592 kB
Buffers:           49588 kB
Cached:           774108 kB
MemTotal:        1844596 kB
MemFree:          790416 kB
MemAvailable:    1504720 kB
Buffers:           49588 kB
Cached:           774108 kB
MemTotal:        1844596 kB
MemFree:          790260 kB
MemAvailable:    1504564 kB
Buffers:           49588 kB
Cached:           774108 kB
MemTotal:        1844596 kB
MemFree:          790344 kB
MemAvailable:    1504648 kB
Buffers:           49588 kB
Cached:           774108 kB
MemTotal:        1844596 kB
MemFree:          790224 kB
MemAvailable:    1504528 kB
Buffers:           49588 kB
Cached:           774108 kB
MemTotal:        1844596 kB
MemFree:          790480 kB
MemAvailable:    1504784 kB
Buffers:           49588 kB
Cached:           774108 kB
MemTotal:        1844596 kB
MemFree:          788792 kB
MemAvailable:    1503096 kB
Buffers:           49588 kB
Cached:           774108 kB
MemTotal:        1844596 kB
MemFree:          790032 kB
MemAvailable:    1504336 kB
Buffers:           49588 kB
Cached:           774108 kB
MemTotal:        1844596 kB
MemFree:          789836 kB
MemAvailable:    1504140 kB
Buffers:           49588 kB
Cached:           774108 kB
MemTotal:        1844596 kB
MemFree:          785064 kB
MemAvailable:    1499368 kB
Buffers:           49588 kB
Cached:           774108 kB
MemTotal:        1844596 kB
MemFree:          784956 kB
MemAvailable:    1499260 kB
Buffers:           49588 kB
Cached:           774108 kB
MemTotal:        1844596 kB
MemFree:          784636 kB
MemAvailable:    1498940 kB
Buffers:           49588 kB
Cached:           774108 kB
MemTotal:        1844596 kB
MemFree:          784636 kB
MemAvailable:    1498940 kB
Buffers:           49588 kB
Cached:           774108 kB
MemTotal:        1844596 kB
MemFree:          784640 kB
MemAvailable:    1498944 kB
Buffers:           49588 kB
Cached:           774108 kB
MemTotal:        1844596 kB
MemFree:          783436 kB
MemAvailable:    1497740 kB
Buffers:           49588 kB
Cached:           774108 kB
MemTotal:        1844596 kB
MemFree:          784668 kB
MemAvailable:    1498972 kB
Buffers:           49588 kB
Cached:           774108 kB
MemTotal:        1844596 kB
MemFree:          783296 kB
MemAvailable:    1497600 kB
Buffers:           49588 kB
Cached:           774108 kB
MemTotal:        1844596 kB
MemFree:          784412 kB
MemAvailable:    1498716 kB
Buffers:           49588 kB
Cached:           774108 kB
MemTotal:        1844596 kB
MemFree:          784412 kB
MemAvailable:    1498716 kB
Buffers:           49588 kB
Cached:           774108 kB
MemTotal:        1844596 kB
MemFree:          784320 kB
MemAvailable:    1498624 kB
Buffers:           49588 kB
Cached:           774108 kB
MemTotal:        1844596 kB
MemFree:          784332 kB
MemAvailable:    1498636 kB
Buffers:           49588 kB
Cached:           774108 kB
MemTotal:        1844596 kB
MemFree:          782344 kB
MemAvailable:    1496648 kB
Buffers:           49588 kB
Cached:           774108 kB
MemTotal:        1844596 kB
MemFree:          782096 kB
MemAvailable:    1496400 kB
Buffers:           49588 kB
Cached:           774108 kB
MemTotal:        1844596 kB
MemFree:          780608 kB
MemAvailable:    1494912 kB
Buffers:           49588 kB
Cached:           774108 kB
MemTotal:        1844596 kB
MemFree:          781084 kB
MemAvailable:    1495388 kB
Buffers:           49588 kB
Cached:           774108 kB
MemTotal:        1844596 kB
MemFree:          781340 kB
MemAvailable:    1495644 kB
Buffers:           49588 kB
Cached:           774108 kB
MemTotal:        1844596 kB
MemFree:          781228 kB
MemAvailable:    1495532 kB
Buffers:           49588 kB
Cached:           774108 kB
MemTotal:        1844596 kB
MemFree:          780484 kB
MemAvailable:    1494788 kB
Buffers:           49588 kB
Cached:           774108 kB
MemTotal:        1844596 kB
MemFree:          781336 kB
MemAvailable:    1495640 kB
Buffers:           49588 kB
Cached:           774108 kB
MemTotal:        1844596 kB
MemFree:          781420 kB
MemAvailable:    1495724 kB
Buffers:           49588 kB
Cached:           774108 kB
MemTotal:        1844596 kB
MemFree:          783336 kB
MemAvailable:    1497640 kB
Buffers:           49588 kB
Cached:           774108 kB
MemTotal:        1844596 kB
MemFree:          783540 kB
MemAvailable:    1497844 kB
Buffers:           49588 kB
Cached:           774108 kB
MemTotal:        1844596 kB
MemFree:          783040 kB
MemAvailable:    1497512 kB
Buffers:           49588 kB
Cached:           774232 kB
MemTotal:        1844596 kB
MemFree:          782908 kB
MemAvailable:    1497464 kB
Buffers:           49588 kB
Cached:           774356 kB
MemTotal:        1844596 kB
MemFree:          782872 kB
MemAvailable:    1497512 kB
Buffers:           49588 kB
Cached:           774480 kB
MemTotal:        1844596 kB
MemFree:          782748 kB
MemAvailable:    1497472 kB
Buffers:           49588 kB
Cached:           774604 kB
MemTotal:        1844596 kB
MemFree:          781732 kB
MemAvailable:    1496540 kB
Buffers:           49588 kB
Cached:           774604 kB
MemTotal:        1844596 kB
MemFree:          782544 kB
MemAvailable:    1497440 kB
Buffers:           49588 kB
Cached:           774732 kB
MemTotal:        1844596 kB
MemFree:          782544 kB
MemAvailable:    1497440 kB
Buffers:           49588 kB
Cached:           774732 kB
MemTotal:        1844596 kB
MemFree:          782544 kB
MemAvailable:    1497440 kB
Buffers:           49588 kB
Cached:           774732 kB
MemTotal:        1844596 kB
MemFree:          781172 kB
MemAvailable:    1496068 kB
Buffers:           49588 kB
Cached:           774732 kB
MemTotal:        1844596 kB
MemFree:          782272 kB
MemAvailable:    1497168 kB
Buffers:           49588 kB
Cached:           774732 kB
MemTotal:        1844596 kB
MemFree:          782440 kB
MemAvailable:    1497336 kB
Buffers:           49588 kB
Cached:           774732 kB
MemTotal:        1844596 kB
MemFree:          782432 kB
MemAvailable:    1497328 kB
Buffers:           49588 kB
Cached:           774732 kB
MemTotal:        1844596 kB
MemFree:          782684 kB
MemAvailable:    1497580 kB
Buffers:           49588 kB
Cached:           774732 kB
MemTotal:        1844596 kB
MemFree:          781340 kB
MemAvailable:    1496236 kB
Buffers:           49588 kB
Cached:           774732 kB
MemTotal:        1844596 kB
MemFree:          781672 kB
MemAvailable:    1495980 kB
Buffers:           49588 kB
Cached:           774100 kB
MemTotal:        1844596 kB
MemFree:          818508 kB
MemAvailable:    1532816 kB
Buffers:           49588 kB
Cached:           774100 kB
