MemTotal:        1844596 kB
MemFree:          611468 kB
MemAvailable:    1522400 kB
Buffers:           68932 kB
Cached:           933696 kB
MemTotal:        1844596 kB
MemFree:          607864 kB
MemAvailable:    1518796 kB
Buffers:           68932 kB
Cached:           933696 kB
MemTotal:        1844596 kB
MemFree:          607800 kB
MemAvailable:    1518732 kB
Buffers:           68932 kB
Cached:           933696 kB
MemTotal:        1844596 kB
MemFree:          606484 kB
MemAvailable:    1517416 kB
Buffers:           68932 kB
Cached:           933696 kB
MemTotal:        1844596 kB
MemFree:          605948 kB
MemAvailable:    1516880 kB
Buffers:           68932 kB
Cached:           933696 kB
MemTotal:        1844596 kB
MemFree:          604896 kB
MemAvailable:    1515828 kB
Buffers:           68932 kB
Cached:           933696 kB
MemTotal:        1844596 kB
MemFree:          602540 kB
MemAvailable:    1513472 kB
Buffers:           68932 kB
Cached:           933696 kB
MemTotal:        1844596 kB
MemFree:          600060 kB
MemAvailable:    1510992 kB
Buffers:           68932 kB
Cached:           933696 kB
MemTotal:        1844596 kB
MemFree:          596836 kB
MemAvailable:    1507768 kB
Buffers:           68932 kB
Cached:           933696 kB
MemTotal:        1844596 kB
MemFree:          597920 kB
MemAvailable:    1508852 kB
Buffers:           68932 kB
Cached:           933696 kB
MemTotal:        1844596 kB
MemFree:          597484 kB
MemAvailable:    1508416 kB
Buffers:           68932 kB
Cached:           933696 kB
MemTotal:        1844596 kB
MemFree:          596308 kB
MemAvailable:    1507240 kB
Buffers:           68932 kB
Cached:           933696 kB
MemTotal:        1844596 kB
MemFree:          597548 kB
MemAvailable:    1508480 kB
Buffers:           68932 kB
Cached:           933696 kB
MemTotal:        1844596 kB
MemFree:          597276 kB
MemAvailable:    1508208 kB
Buffers:           68932 kB
Cached:           933696 kB
MemTotal:        1844596 kB
MemFree:          597276 kB
MemAvailable:    1508208 kB
Buffers:           68932 kB
Cached:           933696 kB
MemTotal:        1844596 kB
MemFree:          595960 kB
MemAvailable:    1506892 kB
Buffers:           68932 kB
Cached:           933696 kB
MemTotal:        1844596 kB
MemFree:          595960 kB
MemAvailable:    1506892 kB
Buffers:           68932 kB
Cached:           933696 kB
MemTotal:        1844596 kB
MemFree:          593976 kB
MemAvailable:    1504908 kB
Buffers:           68932 kB
Cached:           933696 kB
MemTotal:        1844596 kB
MemFree:          594108 kB
MemAvailable:    1505040 kB
Buffers:           68932 kB
Cached:           933696 kB
MemTotal:        1844596 kB
MemFree:          595040 kB
MemAvailable:    1505972 kB
Buffers:           68932 kB
Cached:           933696 kB
MemTotal:        1844596 kB
MemFree:          595296 kB
MemAvailable:    1506228 kB
Buffers:           68932 kB
Cached:           933696 kB
MemTotal:        1844596 kB
MemFree:          593916 kB
MemAvailable:    1504848 kB
Buffers:           68932 kB
Cached:           933696 kB
MemTotal:        1844596 kB
MemFree:          593800 kB
MemAvailable:    1504732 kB
Buffers:           68932 kB
Cached:           933696 kB
MemTotal:        1844596 kB
MemFree:          593924 kB
MemAvailable:    1504856 kB
Buffers:           68932 kB
Cached:           933696 kB
MemTotal:        1844596 kB
MemFree:          596404 kB
MemAvailable:    1507336 kB
Buffers:           68932 kB
Cached:           933696 kB
MemTotal:        1844596 kB
MemFree:          596656 kB
MemAvailable:    1507588 kB
Buffers:           68932 kB
Cached:           933696 kB
MemTotal:        1844596 kB
MemFree:          595828 kB
MemAvailable:    1506760 kB
Buffers:           68932 kB
Cached:           933696 kB
MemTotal:        1844596 kB
MemFree:          594976 kB
MemAvailable:    1505908 kB
Buffers:           68932 kB
Cached:           933696 kB
MemTotal:        1844596 kB
MemFree:          593796 kB
MemAvailable:    1504728 kB
Buffers:           68932 kB
Cached:           933696 kB
MemTotal:        1844596 kB
MemFree:          591876 kB
MemAvailable:    1502808 kB
Buffers:           68932 kB
Cached:           933696 kB
MemTotal:        1844596 kB
MemFree:          592232 kB
MemAvailable:    1503164 kB
Buffers:           68932 kB
Cached:           933696 kB
MemTotal:        1844596 kB
MemFree:          592232 kB
MemAvailable:    1503164 kB
Buffers:           68932 kB
Cached:           933696 kB
MemTotal:        1844596 kB
MemFree:          592040 kB
MemAvailable:    1502972 kB
Buffers:           68932 kB
Cached:           933696 kB
MemTotal:        1844596 kB
MemFree:          590388 kB
MemAvailable:    1501320 kB
Buffers:           68932 kB
Cached:           933696 kB
MemTotal:        1844596 kB
MemFree:          590944 kB
MemAvailable:    1501876 kB
Buffers:           68932 kB
Cached:           933696 kB
MemTotal:        1844596 kB
MemFree:          590944 kB
MemAvailable:    1501876 kB
Buffers:           68932 kB
Cached:           933696 kB
MemTotal:        1844596 kB
MemFree:          591072 kB
MemAvailable:    1502004 kB
Buffers:           68932 kB
Cached:           933696 kB
MemTotal:        1844596 kB
MemFree:          590944 kB
MemAvailable:    1501876 kB
Buffers:           68932 kB
Cached:           933696 kB
MemTotal:        1844596 kB
MemFree:          590944 kB
MemAvailable:    1501876 kB
Buffers:           68932 kB
Cached:           933696 kB
MemTotal:        1844596 kB
MemFree:          589636 kB
MemAvailable:    1500568 kB
Buffers:           68932 kB
Cached:           933696 kB
MemTotal:        1844596 kB
MemFree:          589884 kB
MemAvailable:    1500816 kB
Buffers:           68932 kB
Cached:           933696 kB
MemTotal:        1844596 kB
MemFree:          590628 kB
MemAvailable:    1501560 kB
Buffers:           68932 kB
Cached:           933696 kB
MemTotal:        1844596 kB
MemFree:          589876 kB
MemAvailable:    1500808 kB
Buffers:           68932 kB
Cached:           933696 kB
MemTotal:        1844596 kB
MemFree:          589876 kB
MemAvailable:    1500808 kB
Buffers:           68932 kB
Cached:           933696 kB
MemTotal:        1844596 kB
MemFree:          588592 kB
MemAvailable:    1499532 kB
Buffers:           68932 kB
Cached:           933704 kB
MemTotal:        1844596 kB
MemFree:          588848 kB
MemAvailable:    1499788 kB
Buffers:           68932 kB
Cached:           933704 kB
MemTotal:        1844596 kB
MemFree:          588724 kB
MemAvailable:    1499664 kB
Buffers:           68932 kB
Cached:           933704 kB
MemTotal:        1844596 kB
MemFree:          589964 kB
MemAvailable:    1500904 kB
Buffers:           68932 kB
Cached:           933704 kB
MemTotal:        1844596 kB
MemFree:          588592 kB
MemAvailable:    1499532 kB
Buffers:           68932 kB
Cached:           933704 kB
MemTotal:        1844596 kB
MemFree:          589884 kB
MemAvailable:    1500824 kB
Buffers:           68932 kB
Cached:           933704 kB
MemTotal:        1844596 kB
MemFree:          590268 kB
MemAvailable:    1501208 kB
Buffers:           68932 kB
Cached:           933704 kB
MemTotal:        1844596 kB
MemFree:          590268 kB
MemAvailable:    1501208 kB
Buffers:           68932 kB
Cached:           933704 kB
MemTotal:        1844596 kB
MemFree:          589504 kB
MemAvailable:    1500444 kB
Buffers:           68932 kB
Cached:           933704 kB
MemTotal:        1844596 kB
MemFree:          589504 kB
MemAvailable:    1500444 kB
Buffers:           68932 kB
Cached:           933704 kB
MemTotal:        1844596 kB
MemFree:          588136 kB
MemAvailable:    1499076 kB
Buffers:           68932 kB
Cached:           933704 kB
MemTotal:        1844596 kB
MemFree:          589500 kB
MemAvailable:    1500440 kB
Buffers:           68932 kB
Cached:           933704 kB
MemTotal:        1844596 kB
MemFree:          589016 kB
MemAvailable:    1499956 kB
Buffers:           68932 kB
Cached:           933704 kB
MemTotal:        1844596 kB
MemFree:          589032 kB
MemAvailable:    1499972 kB
Buffers:           68932 kB
Cached:           933704 kB
MemTotal:        1844596 kB
MemFree:          589008 kB
MemAvailable:    1499948 kB
Buffers:           68932 kB
Cached:           933704 kB
MemTotal:        1844596 kB
MemFree:          589148 kB
MemAvailable:    1500088 kB
Buffers:           68932 kB
Cached:           933704 kB
MemTotal:        1844596 kB
MemFree:          588968 kB
MemAvailable:    1499908 kB
Buffers:           68932 kB
Cached:           933704 kB
MemTotal:        1844596 kB
MemFree:          589024 kB
MemAvailable:    1499964 kB
Buffers:           68932 kB
Cached:           933704 kB
MemTotal:        1844596 kB
MemFree:          588280 kB
MemAvailable:    1499220 kB
Buffers:           68932 kB
Cached:           933704 kB
MemTotal:        1844596 kB
MemFree:          589012 kB
MemAvailable:    1499952 kB
Buffers:           68932 kB
Cached:           933704 kB
MemTotal:        1844596 kB
MemFree:          587632 kB
MemAvailable:    1498572 kB
Buffers:           68932 kB
Cached:           933704 kB
MemTotal:        1844596 kB
MemFree:          589004 kB
MemAvailable:    1499944 kB
Buffers:           68932 kB
Cached:           933704 kB
MemTotal:        1844596 kB
MemFree:          587272 kB
MemAvailable:    1498212 kB
Buffers:           68932 kB
Cached:           933704 kB
MemTotal:        1844596 kB
MemFree:          587164 kB
MemAvailable:    1498104 kB
Buffers:           68932 kB
Cached:           933704 kB
MemTotal:        1844596 kB
MemFree:          584488 kB
MemAvailable:    1495428 kB
Buffers:           68932 kB
Cached:           933704 kB
MemTotal:        1844596 kB
MemFree:          581452 kB
MemAvailable:    1492392 kB
Buffers:           68932 kB
Cached:           933704 kB
MemTotal:        1844596 kB
MemFree:          580724 kB
MemAvailable:    1491664 kB
Buffers:           68932 kB
Cached:           933704 kB
MemTotal:        1844596 kB
MemFree:          581272 kB
MemAvailable:    1492212 kB
Buffers:           68932 kB
Cached:           933704 kB
MemTotal:        1844596 kB
MemFree:          581524 kB
MemAvailable:    1492464 kB
Buffers:           68932 kB
Cached:           933704 kB
MemTotal:        1844596 kB
MemFree:          579948 kB
MemAvailable:    1490888 kB
Buffers:           68932 kB
Cached:           933704 kB
MemTotal:        1844596 kB
MemFree:          580328 kB
MemAvailable:    1491268 kB
Buffers:           68932 kB
Cached:           933704 kB
MemTotal:        1844596 kB
MemFree:          580096 kB
MemAvailable:    1491036 kB
Buffers:           68932 kB
Cached:           933704 kB
MemTotal:        1844596 kB
MemFree:          580948 kB
MemAvailable:    1491888 kB
Buffers:           68932 kB
Cached:           933704 kB
MemTotal:        1844596 kB
MemFree:          580468 kB
MemAvailable:    1491408 kB
Buffers:           68932 kB
Cached:           933704 kB
MemTotal:        1844596 kB
MemFree:          580812 kB
MemAvailable:    1491752 kB
Buffers:           68932 kB
Cached:           933704 kB
MemTotal:        1844596 kB
MemFree:          581148 kB
MemAvailable:    1492088 kB
Buffers:           68932 kB
Cached:           933704 kB
MemTotal:        1844596 kB
MemFree:          579656 kB
MemAvailable:    1490596 kB
Buffers:           68932 kB
Cached:           933704 kB
MemTotal:        1844596 kB
MemFree:          580956 kB
MemAvailable:    1491896 kB
Buffers:           68932 kB
Cached:           933704 kB
MemTotal:        1844596 kB
MemFree:          581292 kB
MemAvailable:    1492232 kB
Buffers:           68932 kB
Cached:           933704 kB
MemTotal:        1844596 kB
MemFree:          581220 kB
MemAvailable:    1492160 kB
Buffers:           68932 kB
Cached:           933704 kB
MemTotal:        1844596 kB
MemFree:          581024 kB
MemAvailable:    1491964 kB
Buffers:           68932 kB
Cached:           933704 kB
MemTotal:        1844596 kB
MemFree:          579600 kB
MemAvailable:    1490540 kB
Buffers:           68932 kB
Cached:           933704 kB
MemTotal:        1844596 kB
MemFree:          580192 kB
MemAvailable:    1491132 kB
Buffers:           68932 kB
Cached:           933704 kB
MemTotal:        1844596 kB
MemFree:          580384 kB
MemAvailable:    1491324 kB
Buffers:           68932 kB
Cached:           933704 kB
MemTotal:        1844596 kB
MemFree:          579592 kB
MemAvailable:    1490532 kB
Buffers:           68932 kB
Cached:           933704 kB
MemTotal:        1844596 kB
MemFree:          579592 kB
MemAvailable:    1490532 kB
Buffers:           68932 kB
Cached:           933704 kB
MemTotal:        1844596 kB
MemFree:          579212 kB
MemAvailable:    1490152 kB
Buffers:           68932 kB
Cached:           933704 kB
MemTotal:        1844596 kB
MemFree:          579464 kB
MemAvailable:    1490404 kB
Buffers:           68932 kB
Cached:           933704 kB
MemTotal:        1844596 kB
MemFree:          577360 kB
MemAvailable:    1488300 kB
Buffers:           68932 kB
Cached:           933704 kB
MemTotal:        1844596 kB
MemFree:          578544 kB
MemAvailable:    1489484 kB
Buffers:           68932 kB
Cached:           933704 kB
MemTotal:        1844596 kB
MemFree:          576616 kB
MemAvailable:    1487556 kB
Buffers:           68932 kB
Cached:           933704 kB
MemTotal:        1844596 kB
MemFree:          577864 kB
MemAvailable:    1488804 kB
Buffers:           68932 kB
Cached:           933704 kB
MemTotal:        1844596 kB
MemFree:          577864 kB
MemAvailable:    1488804 kB
Buffers:           68932 kB
Cached:           933704 kB
MemTotal:        1844596 kB
MemFree:          577484 kB
MemAvailable:    1488424 kB
Buffers:           68932 kB
Cached:           933704 kB
MemTotal:        1844596 kB
MemFree:          577376 kB
MemAvailable:    1488316 kB
Buffers:           68932 kB
Cached:           933704 kB
MemTotal:        1844596 kB
MemFree:          575956 kB
MemAvailable:    1486896 kB
Buffers:           68932 kB
Cached:           933704 kB
MemTotal:        1844596 kB
MemFree:          577052 kB
MemAvailable:    1487992 kB
Buffers:           68932 kB
Cached:           933704 kB
MemTotal:        1844596 kB
MemFree:          576996 kB
MemAvailable:    1487936 kB
Buffers:           68932 kB
Cached:           933704 kB
MemTotal:        1844596 kB
MemFree:          577232 kB
MemAvailable:    1488172 kB
Buffers:           68932 kB
Cached:           933704 kB
MemTotal:        1844596 kB
MemFree:          575944 kB
MemAvailable:    1486884 kB
Buffers:           68932 kB
Cached:           933704 kB
MemTotal:        1844596 kB
MemFree:          577096 kB
MemAvailable:    1488036 kB
Buffers:           68932 kB
Cached:           933704 kB
MemTotal:        1844596 kB
MemFree:          576856 kB
MemAvailable:    1487796 kB
Buffers:           68932 kB
Cached:           933704 kB
MemTotal:        1844596 kB
MemFree:          576748 kB
MemAvailable:    1487688 kB
Buffers:           68932 kB
Cached:           933704 kB
MemTotal:        1844596 kB
MemFree:          576568 kB
MemAvailable:    1487508 kB
Buffers:           68932 kB
Cached:           933704 kB
MemTotal:        1844596 kB
MemFree:          574888 kB
MemAvailable:    1485828 kB
Buffers:           68932 kB
Cached:           933704 kB
MemTotal:        1844596 kB
MemFree:          571788 kB
MemAvailable:    1482728 kB
Buffers:           68932 kB
Cached:           933704 kB
MemTotal:        1844596 kB
MemFree:          571592 kB
MemAvailable:    1482532 kB
Buffers:           68932 kB
Cached:           933704 kB
MemTotal:        1844596 kB
MemFree:          571544 kB
MemAvailable:    1482484 kB
Buffers:           68932 kB
Cached:           933704 kB
MemTotal:        1844596 kB
MemFree:          571520 kB
MemAvailable:    1482460 kB
Buffers:           68932 kB
Cached:           933704 kB
MemTotal:        1844596 kB
MemFree:          570796 kB
MemAvailable:    1481736 kB
Buffers:           68932 kB
Cached:           933704 kB
MemTotal:        1844596 kB
MemFree:          571228 kB
MemAvailable:    1482168 kB
Buffers:           68932 kB
Cached:           933704 kB
MemTotal:        1844596 kB
MemFree:          571484 kB
MemAvailable:    1482424 kB
Buffers:           68932 kB
Cached:           933704 kB
MemTotal:        1844596 kB
MemFree:          571480 kB
MemAvailable:    1482420 kB
Buffers:           68932 kB
Cached:           933704 kB
MemTotal:        1844596 kB
MemFree:          571284 kB
MemAvailable:    1482224 kB
Buffers:           68932 kB
Cached:           933704 kB
MemTotal:        1844596 kB
MemFree:          570424 kB
MemAvailable:    1481364 kB
Buffers:           68932 kB
Cached:           933704 kB
MemTotal:        1844596 kB
MemFree:          571208 kB
MemAvailable:    1482148 kB
Buffers:           68932 kB
Cached:           933704 kB
MemTotal:        1844596 kB
MemFree:          569908 kB
MemAvailable:    1480848 kB
Buffers:           68932 kB
Cached:           933704 kB
MemTotal:        1844596 kB
MemFree:          571260 kB
MemAvailable:    1482200 kB
Buffers:           68932 kB
Cached:           933704 kB
MemTotal:        1844596 kB
MemFree:          570044 kB
MemAvailable:    1480988 kB
Buffers:           68932 kB
Cached:           933708 kB
MemTotal:        1844596 kB
MemFree:          570004 kB
MemAvailable:    1480948 kB
Buffers:           68932 kB
Cached:           933708 kB
MemTotal:        1844596 kB
MemFree:          567208 kB
MemAvailable:    1478160 kB
Buffers:           68932 kB
Cached:           933716 kB
MemTotal:        1844596 kB
MemFree:          566828 kB
MemAvailable:    1477780 kB
Buffers:           68932 kB
Cached:           933716 kB
MemTotal:        1844596 kB
MemFree:          567996 kB
MemAvailable:    1478948 kB
Buffers:           68932 kB
Cached:           933716 kB
MemTotal:        1844596 kB
MemFree:          566688 kB
MemAvailable:    1477640 kB
Buffers:           68932 kB
Cached:           933716 kB
MemTotal:        1844596 kB
MemFree:          567060 kB
MemAvailable:    1478012 kB
Buffers:           68932 kB
Cached:           933716 kB
MemTotal:        1844596 kB
MemFree:          568864 kB
MemAvailable:    1479816 kB
Buffers:           68932 kB
Cached:           933716 kB
MemTotal:        1844596 kB
MemFree:          570284 kB
MemAvailable:    1481236 kB
Buffers:           68932 kB
Cached:           933716 kB
MemTotal:        1844596 kB
MemFree:          569192 kB
MemAvailable:    1480228 kB
Buffers:           68932 kB
Cached:           933840 kB
MemTotal:        1844596 kB
MemFree:          570060 kB
MemAvailable:    1481180 kB
Buffers:           68932 kB
Cached:           933964 kB
MemTotal:        1844596 kB
MemFree:          568820 kB
MemAvailable:    1480108 kB
Buffers:           68932 kB
Cached:           934088 kB
MemTotal:        1844596 kB
MemFree:          569368 kB
MemAvailable:    1480740 kB
Buffers:           68932 kB
Cached:           934212 kB
MemTotal:        1844596 kB
MemFree:          569704 kB
MemAvailable:    1481160 kB
Buffers:           68932 kB
Cached:           934212 kB
MemTotal:        1844596 kB
MemFree:          568128 kB
MemAvailable:    1479668 kB
Buffers:           68932 kB
Cached:           934336 kB
MemTotal:        1844596 kB
MemFree:          569360 kB
MemAvailable:    1480900 kB
Buffers:           68932 kB
Cached:           934460 kB
MemTotal:        1844596 kB
MemFree:          569360 kB
MemAvailable:    1480984 kB
Buffers:           68932 kB
Cached:           934460 kB
MemTotal:        1844596 kB
MemFree:          569408 kB
MemAvailable:    1481032 kB
Buffers:           68932 kB
Cached:           934460 kB
MemTotal:        1844596 kB
MemFree:          569212 kB
MemAvailable:    1480836 kB
Buffers:           68932 kB
Cached:           934460 kB
MemTotal:        1844596 kB
MemFree:          569548 kB
MemAvailable:    1481172 kB
Buffers:           68932 kB
Cached:           934460 kB
MemTotal:        1844596 kB
MemFree:          569192 kB
MemAvailable:    1480816 kB
Buffers:           68932 kB
Cached:           934460 kB
MemTotal:        1844596 kB
MemFree:          569400 kB
MemAvailable:    1481024 kB
Buffers:           68932 kB
Cached:           934460 kB
MemTotal:        1844596 kB
MemFree:          569376 kB
MemAvailable:    1481084 kB
Buffers:           68932 kB
Cached:           934460 kB
MemTotal:        1844596 kB
MemFree:          568236 kB
MemAvailable:    1479272 kB
Buffers:           68932 kB
Cached:           933828 kB
MemTotal:        1844596 kB
MemFree:          636800 kB
MemAvailable:    1547836 kB
Buffers:           68932 kB
Cached:           933828 kB
