MemTotal:        1844596 kB
MemFree:          771916 kB
MemAvailable:    1531844 kB
Buffers:           54324 kB
Cached:           811276 kB
MemTotal:        1844596 kB
MemFree:          771792 kB
MemAvailable:    1531720 kB
Buffers:           54324 kB
Cached:           811276 kB
MemTotal:        1844596 kB
MemFree:          769568 kB
MemAvailable:    1529496 kB
Buffers:           54324 kB
Cached:           811276 kB
MemTotal:        1844596 kB
MemFree:          769496 kB
MemAvailable:    1529424 kB
Buffers:           54324 kB
Cached:           811276 kB
MemTotal:        1844596 kB
MemFree:          767940 kB
MemAvailable:    1527868 kB
Buffers:           54324 kB
Cached:           811276 kB
MemTotal:        1844596 kB
MemFree:          768144 kB
MemAvailable:    1528072 kB
Buffers:           54324 kB
Cached:           811276 kB
MemTotal:        1844596 kB
MemFree:          765908 kB
MemAvailable:    1525836 kB
Buffers:           54332 kB
Cached:           811268 kB
MemTotal:        1844596 kB
MemFree:          763368 kB
MemAvailable:    1523296 kB
Buffers:           54332 kB
Cached:           811268 kB
MemTotal:        1844596 kB
MemFree:          761632 kB
MemAvailable:    1521560 kB
Buffers:           54332 kB
Cached:           811268 kB
MemTotal:        1844596 kB
MemFree:          757044 kB
MemAvailable:    1516972 kB
Buffers:           54332 kB
Cached:           811268 kB
MemTotal:        1844596 kB
MemFree:          758468 kB
MemAvailable:    1518396 kB
Buffers:           54332 kB
Cached:           811268 kB
MemTotal:        1844596 kB
MemFree:          759840 kB
MemAvailable:    1519768 kB
Buffers:           54332 kB
Cached:           811268 kB
MemTotal:        1844596 kB
MemFree:          758344 kB
MemAvailable:    1518272 kB
Buffers:           54332 kB
Cached:           811268 kB
MemTotal:        1844596 kB
MemFree:          759576 kB
MemAvailable:    1519504 kB
Buffers:           54332 kB
Cached:           811268 kB
MemTotal:        1844596 kB
MemFree:          759188 kB
MemAvailable:    1519116 kB
Buffers:           54332 kB
Cached:           811268 kB
MemTotal:        1844596 kB
MemFree:          759028 kB
MemAvailable:    1518956 kB
Buffers:           54332 kB
Cached:           811268 kB
MemTotal:        1844596 kB
MemFree:          757516 kB
MemAvailable:    1517444 kB
Buffers:           54332 kB
Cached:           811268 kB
MemTotal:        1844596 kB
MemFree:          757292 kB
MemAvailable:    1517220 kB
Buffers:           54332 kB
Cached:           811268 kB
MemTotal:        1844596 kB
MemFree:          757360 kB
MemAvailable:    1517288 kB
Buffers:           54332 kB
Cached:           811268 kB
MemTotal:        1844596 kB
MemFree:          757672 kB
MemAvailable:    1517600 kB
Buffers:           54332 kB
Cached:           811268 kB
MemTotal:        1844596 kB
MemFree:          755980 kB
MemAvailable:    1515908 kB
Buffers:           54332 kB
Cached:           811268 kB
MemTotal:        1844596 kB
MemFree:          757548 kB
MemAvailable:    1517476 kB
Buffers:           54332 kB
Cached:           811268 kB
MemTotal:        1844596 kB
MemFree:          756664 kB
MemAvailable:    1516592 kB
Buffers:           54332 kB
Cached:           811268 kB
MemTotal:        1844596 kB
MemFree:          757016 kB
MemAvailable:    1516944 kB
Buffers:           54332 kB
Cached:           811268 kB
MemTotal:        1844596 kB
MemFree:          756804 kB
MemAvailable:    1516732 kB
Buffers:           54332 kB
Cached:           811268 kB
MemTotal:        1844596 kB
MemFree:          757168 kB
MemAvailable:    1517096 kB
Buffers:           54332 kB
Cached:           811268 kB
MemTotal:        1844596 kB
MemFree:          755920 kB
MemAvailable:    1515848 kB
Buffers:           54332 kB
Cached:           811268 kB
MemTotal:        1844596 kB
MemFree:          758380 kB
MemAvailable:    1518308 kB
Buffers:           54332 kB
Cached:           811268 kB
MemTotal:        1844596 kB
MemFree:          758160 kB
MemAvailable:    1518088 kB
Buffers:           54332 kB
Cached:           811268 kB
MemTotal:        1844596 kB
MemFree:          756532 kB
MemAvailable:    1516460 kB
Buffers:           54332 kB
Cached:           811268 kB
MemTotal:        1844596 kB
MemFree:          756300 kB
MemAvailable:    1516228 kB
Buffers:           54332 kB
Cached:           811268 kB
MemTotal:        1844596 kB
MemFree:          753812 kB
MemAvailable:    1513740 kB
Buffers:           54332 kB
Cached:           811268 kB
MemTotal:        1844596 kB
MemFree:          754688 kB
MemAvailable:    1514616 kB
Buffers:           54332 kB
Cached:           811268 kB
MemTotal:        1844596 kB
MemFree:          753804 kB
MemAvailable:    1513732 kB
Buffers:           54332 kB
Cached:           811268 kB
MemTotal:        1844596 kB
MemFree:          753804 kB
MemAvailable:    1513732 kB
Buffers:           54332 kB
Cached:           811268 kB
MemTotal:        1844596 kB
MemFree:          753068 kB
MemAvailable:    1512996 kB
Buffers:           54332 kB
Cached:           811268 kB
MemTotal:        1844596 kB
MemFree:          752952 kB
MemAvailable:    1512880 kB
Buffers:           54332 kB
Cached:           811268 kB
MemTotal:        1844596 kB
MemFree:          753068 kB
MemAvailable:    1512996 kB
Buffers:           54332 kB
Cached:           811268 kB
MemTotal:        1844596 kB
MemFree:          752864 kB
MemAvailable:    1512792 kB
Buffers:           54332 kB
Cached:           811268 kB
MemTotal:        1844596 kB
MemFree:          751836 kB
MemAvailable:    1511764 kB
Buffers:           54332 kB
Cached:           811268 kB
MemTotal:        1844596 kB
MemFree:          752688 kB
MemAvailable:    1512632 kB
Buffers:           54332 kB
Cached:           811284 kB
MemTotal:        1844596 kB
MemFree:          753024 kB
MemAvailable:    1512968 kB
Buffers:           54332 kB
Cached:           811284 kB
MemTotal:        1844596 kB
MemFree:          751524 kB
MemAvailable:    1511468 kB
Buffers:           54332 kB
Cached:           811284 kB
MemTotal:        1844596 kB
MemFree:          751656 kB
MemAvailable:    1511600 kB
Buffers:           54332 kB
Cached:           811284 kB
MemTotal:        1844596 kB
MemFree:          752332 kB
MemAvailable:    1512276 kB
Buffers:           54332 kB
Cached:           811284 kB
MemTotal:        1844596 kB
MemFree:          752004 kB
MemAvailable:    1511948 kB
Buffers:           54332 kB
Cached:           811284 kB
MemTotal:        1844596 kB
MemFree:          752028 kB
MemAvailable:    1511972 kB
Buffers:           54332 kB
Cached:           811284 kB
MemTotal:        1844596 kB
MemFree:          751948 kB
MemAvailable:    1511892 kB
Buffers:           54332 kB
Cached:           811284 kB
MemTotal:        1844596 kB
MemFree:          751216 kB
MemAvailable:    1511160 kB
Buffers:           54332 kB
Cached:           811284 kB
MemTotal:        1844596 kB
MemFree:          750584 kB
MemAvailable:    1510528 kB
Buffers:           54332 kB
Cached:           811284 kB
MemTotal:        1844596 kB
MemFree:          751824 kB
MemAvailable:    1511768 kB
Buffers:           54332 kB
Cached:           811284 kB
MemTotal:        1844596 kB
MemFree:          750536 kB
MemAvailable:    1510480 kB
Buffers:           54332 kB
Cached:           811284 kB
MemTotal:        1844596 kB
MemFree:          751828 kB
MemAvailable:    1511772 kB
Buffers:           54332 kB
Cached:           811284 kB
MemTotal:        1844596 kB
MemFree:          750660 kB
MemAvailable:    1510604 kB
Buffers:           54332 kB
Cached:           811284 kB
MemTotal:        1844596 kB
MemFree:          750784 kB
MemAvailable:    1510732 kB
Buffers:           54332 kB
Cached:           811288 kB
MemTotal:        1844596 kB
MemFree:          750652 kB
MemAvailable:    1510600 kB
Buffers:           54332 kB
Cached:           811288 kB
MemTotal:        1844596 kB
MemFree:          750472 kB
MemAvailable:    1510420 kB
Buffers:           54332 kB
Cached:           811288 kB
MemTotal:        1844596 kB
MemFree:          751208 kB
MemAvailable:    1511156 kB
Buffers:           54332 kB
Cached:           811288 kB
MemTotal:        1844596 kB
MemFree:          750100 kB
MemAvailable:    1510048 kB
Buffers:           54332 kB
Cached:           811288 kB
MemTotal:        1844596 kB
MemFree:          750948 kB
MemAvailable:    1510896 kB
Buffers:           54332 kB
Cached:           811288 kB
MemTotal:        1844596 kB
MemFree:          750948 kB
MemAvailable:    1510896 kB
Buffers:           54332 kB
Cached:           811288 kB
MemTotal:        1844596 kB
MemFree:          749656 kB
MemAvailable:    1509604 kB
Buffers:           54332 kB
Cached:           811288 kB
MemTotal:        1844596 kB
MemFree:          750988 kB
MemAvailable:    1510936 kB
Buffers:           54332 kB
Cached:           811288 kB
MemTotal:        1844596 kB
MemFree:          750100 kB
MemAvailable:    1510048 kB
Buffers:           54332 kB
Cached:           811288 kB
MemTotal:        1844596 kB
MemFree:          750824 kB
MemAvailable:    1510772 kB
Buffers:           54332 kB
Cached:           811288 kB
MemTotal:        1844596 kB
MemFree:          750100 kB
MemAvailable:    1510048 kB
Buffers:           54332 kB
Cached:           811288 kB
MemTotal:        1844596 kB
MemFree:          749712 kB
MemAvailable:    1509660 kB
Buffers:           54332 kB
Cached:           811288 kB
MemTotal:        1844596 kB
MemFree:          749680 kB
MemAvailable:    1509628 kB
Buffers:           54332 kB
Cached:           811288 kB
MemTotal:        1844596 kB
MemFree:          749556 kB
MemAvailable:    1509504 kB
Buffers:           54332 kB
Cached:           811288 kB
MemTotal:        1844596 kB
MemFree:          748488 kB
MemAvailable:    1508436 kB
Buffers:           54332 kB
Cached:           811288 kB
MemTotal:        1844596 kB
MemFree:          747116 kB
MemAvailable:    1507064 kB
Buffers:           54332 kB
Cached:           811288 kB
MemTotal:        1844596 kB
MemFree:          745192 kB
MemAvailable:    1505140 kB
Buffers:           54332 kB
Cached:           811288 kB
MemTotal:        1844596 kB
MemFree:          743396 kB
MemAvailable:    1503344 kB
Buffers:           54332 kB
Cached:           811288 kB
MemTotal:        1844596 kB
MemFree:          743480 kB
MemAvailable:    1503428 kB
Buffers:           54332 kB
Cached:           811288 kB
MemTotal:        1844596 kB
MemFree:          743016 kB
MemAvailable:    1502964 kB
Buffers:           54332 kB
Cached:           811288 kB
MemTotal:        1844596 kB
MemFree:          742668 kB
MemAvailable:    1502616 kB
Buffers:           54332 kB
Cached:           811288 kB
MemTotal:        1844596 kB
MemFree:          742776 kB
MemAvailable:    1502724 kB
Buffers:           54332 kB
Cached:           811288 kB
MemTotal:        1844596 kB
MemFree:          742776 kB
MemAvailable:    1502724 kB
Buffers:           54332 kB
Cached:           811288 kB
MemTotal:        1844596 kB
MemFree:          741744 kB
MemAvailable:    1501692 kB
Buffers:           54332 kB
Cached:           811288 kB
MemTotal:        1844596 kB
MemFree:          742840 kB
MemAvailable:    1502788 kB
Buffers:           54332 kB
Cached:           811288 kB
MemTotal:        1844596 kB
MemFree:          742840 kB
MemAvailable:    1502788 kB
Buffers:           54332 kB
Cached:           811288 kB
MemTotal:        1844596 kB
MemFree:          742712 kB
MemAvailable:    1502660 kB
Buffers:           54332 kB
Cached:           811288 kB
MemTotal:        1844596 kB
MemFree:          741988 kB
MemAvailable:    1501936 kB
Buffers:           54332 kB
Cached:           811288 kB
MemTotal:        1844596 kB
MemFree:          742644 kB
MemAvailable:    1502592 kB
Buffers:           54332 kB
Cached:           811288 kB
MemTotal:        1844596 kB
MemFree:          742980 kB
MemAvailable:    1502928 kB
Buffers:           54332 kB
Cached:           811288 kB
MemTotal:        1844596 kB
MemFree:          742892 kB
MemAvailable:    1502840 kB
Buffers:           54332 kB
Cached:           811288 kB
MemTotal:        1844596 kB
MemFree:          743104 kB
MemAvailable:    1503052 kB
Buffers:           54332 kB
Cached:           811288 kB
MemTotal:        1844596 kB
MemFree:          743020 kB
MemAvailable:    1502968 kB
Buffers:           54332 kB
Cached:           811288 kB
MemTotal:        1844596 kB
MemFree:          742272 kB
MemAvailable:    1502220 kB
Buffers:           54332 kB
Cached:           811288 kB
MemTotal:        1844596 kB
MemFree:          742272 kB
MemAvailable:    1502220 kB
Buffers:           54332 kB
Cached:           811288 kB
MemTotal:        1844596 kB
MemFree:          741984 kB
MemAvailable:    1501932 kB
Buffers:           54332 kB
Cached:           811288 kB
MemTotal:        1844596 kB
MemFree:          741852 kB
MemAvailable:    1501800 kB
Buffers:           54332 kB
Cached:           811288 kB
MemTotal:        1844596 kB
MemFree:          740304 kB
MemAvailable:    1500252 kB
Buffers:           54332 kB
Cached:           811288 kB
MemTotal:        1844596 kB
MemFree:          741144 kB
MemAvailable:    1501092 kB
Buffers:           54332 kB
Cached:           811288 kB
MemTotal:        1844596 kB
MemFree:          741368 kB
MemAvailable:    1501316 kB
Buffers:           54332 kB
Cached:           811288 kB
MemTotal:        1844596 kB
MemFree:          740488 kB
MemAvailable:    1500436 kB
Buffers:           54332 kB
Cached:           811288 kB
MemTotal:        1844596 kB
MemFree:          739064 kB
MemAvailable:    1499012 kB
Buffers:           54332 kB
Cached:           811288 kB
MemTotal:        1844596 kB
MemFree:          740428 kB
MemAvailable:    1500376 kB
Buffers:           54332 kB
Cached:           811288 kB
MemTotal:        1844596 kB
MemFree:          738560 kB
MemAvailable:    1498508 kB
Buffers:           54332 kB
Cached:           811288 kB
MemTotal:        1844596 kB
MemFree:          739152 kB
MemAvailable:    1499100 kB
Buffers:           54332 kB
Cached:           811288 kB
MemTotal:        1844596 kB
MemFree:          739488 kB
MemAvailable:    1499436 kB
Buffers:           54332 kB
Cached:           811288 kB
MemTotal:        1844596 kB
MemFree:          738800 kB
MemAvailable:    1498748 kB
Buffers:           54332 kB
Cached:           811288 kB
MemTotal:        1844596 kB
MemFree:          738144 kB
MemAvailable:    1498092 kB
Buffers:           54332 kB
Cached:           811288 kB
MemTotal:        1844596 kB
MemFree:          739056 kB
MemAvailable:    1499012 kB
Buffers:           54332 kB
Cached:           811296 kB
MemTotal:        1844596 kB
MemFree:          739308 kB
MemAvailable:    1499264 kB
Buffers:           54332 kB
Cached:           811296 kB
MemTotal:        1844596 kB
MemFree:          738932 kB
MemAvailable:    1498888 kB
Buffers:           54332 kB
Cached:           811296 kB
MemTotal:        1844596 kB
MemFree:          737948 kB
MemAvailable:    1497904 kB
Buffers:           54332 kB
Cached:           811296 kB
MemTotal:        1844596 kB
MemFree:          737900 kB
MemAvailable:    1497856 kB
Buffers:           54332 kB
Cached:           811296 kB
MemTotal:        1844596 kB
MemFree:          739124 kB
MemAvailable:    1499080 kB
Buffers:           54332 kB
Cached:           811296 kB
MemTotal:        1844596 kB
MemFree:          739076 kB
MemAvailable:    1499032 kB
Buffers:           54332 kB
Cached:           811296 kB
MemTotal:        1844596 kB
MemFree:          738944 kB
MemAvailable:    1498900 kB
Buffers:           54332 kB
Cached:           811296 kB
MemTotal:        1844596 kB
MemFree:          737576 kB
MemAvailable:    1497532 kB
Buffers:           54332 kB
Cached:           811296 kB
MemTotal:        1844596 kB
MemFree:          738360 kB
MemAvailable:    1498316 kB
Buffers:           54332 kB
Cached:           811296 kB
MemTotal:        1844596 kB
MemFree:          733980 kB
MemAvailable:    1493936 kB
Buffers:           54332 kB
Cached:           811296 kB
MemTotal:        1844596 kB
MemFree:          732872 kB
MemAvailable:    1492704 kB
Buffers:           54332 kB
Cached:           811296 kB
MemTotal:        1844596 kB
MemFree:          733468 kB
MemAvailable:    1493424 kB
Buffers:           54332 kB
Cached:           811296 kB
MemTotal:        1844596 kB
MemFree:          733804 kB
MemAvailable:    1493760 kB
Buffers:           54332 kB
Cached:           811296 kB
MemTotal:        1844596 kB
MemFree:          733476 kB
MemAvailable:    1493432 kB
Buffers:           54332 kB
Cached:           811296 kB
MemTotal:        1844596 kB
MemFree:          733364 kB
MemAvailable:    1493320 kB
Buffers:           54332 kB
Cached:           811296 kB
MemTotal:        1844596 kB
MemFree:          732368 kB
MemAvailable:    1492324 kB
Buffers:           54332 kB
Cached:           811296 kB
MemTotal:        1844596 kB
MemFree:          733276 kB
MemAvailable:    1493232 kB
Buffers:           54332 kB
Cached:           811296 kB
MemTotal:        1844596 kB
MemFree:          732492 kB
MemAvailable:    1492448 kB
Buffers:           54332 kB
Cached:           811296 kB
MemTotal:        1844596 kB
MemFree:          733084 kB
MemAvailable:    1493040 kB
Buffers:           54332 kB
Cached:           811296 kB
MemTotal:        1844596 kB
MemFree:          733336 kB
MemAvailable:    1493292 kB
Buffers:           54332 kB
Cached:           811296 kB
MemTotal:        1844596 kB
MemFree:          733020 kB
MemAvailable:    1492976 kB
Buffers:           54332 kB
Cached:           811296 kB
MemTotal:        1844596 kB
MemFree:          732228 kB
MemAvailable:    1492184 kB
Buffers:           54332 kB
Cached:           811296 kB
MemTotal:        1844596 kB
MemFree:          732228 kB
MemAvailable:    1492184 kB
Buffers:           54332 kB
Cached:           811296 kB
MemTotal:        1844596 kB
MemFree:          730508 kB
MemAvailable:    1490464 kB
Buffers:           54332 kB
Cached:           811296 kB
MemTotal:        1844596 kB
MemFree:          729020 kB
MemAvailable:    1488976 kB
Buffers:           54332 kB
Cached:           811296 kB
MemTotal:        1844596 kB
MemFree:          729736 kB
MemAvailable:    1489692 kB
Buffers:           54332 kB
Cached:           811296 kB
MemTotal:        1844596 kB
MemFree:          730072 kB
MemAvailable:    1490028 kB
Buffers:           54332 kB
Cached:           811296 kB
MemTotal:        1844596 kB
MemFree:          729696 kB
MemAvailable:    1489652 kB
Buffers:           54332 kB
Cached:           811296 kB
MemTotal:        1844596 kB
MemFree:          729948 kB
MemAvailable:    1489904 kB
Buffers:           54332 kB
Cached:           811296 kB
MemTotal:        1844596 kB
MemFree:          729932 kB
MemAvailable:    1489892 kB
Buffers:           54332 kB
Cached:           811300 kB
MemTotal:        1844596 kB
MemFree:          730740 kB
MemAvailable:    1490700 kB
Buffers:           54332 kB
Cached:           811300 kB
MemTotal:        1844596 kB
MemFree:          731872 kB
MemAvailable:    1491832 kB
Buffers:           54332 kB
Cached:           811300 kB
MemTotal:        1844596 kB
MemFree:          730624 kB
MemAvailable:    1490584 kB
Buffers:           54332 kB
Cached:           811300 kB
MemTotal:        1844596 kB
MemFree:          731600 kB
MemAvailable:    1491812 kB
Buffers:           54332 kB
Cached:           811672 kB
MemTotal:        1844596 kB
MemFree:          731936 kB
MemAvailable:    1492148 kB
Buffers:           54332 kB
Cached:           811672 kB
MemTotal:        1844596 kB
MemFree:          730360 kB
MemAvailable:    1490740 kB
Buffers:           54332 kB
Cached:           811796 kB
MemTotal:        1844596 kB
MemFree:          731560 kB
MemAvailable:    1492024 kB
Buffers:           54332 kB
Cached:           811796 kB
MemTotal:        1844596 kB
MemFree:          731104 kB
MemAvailable:    1491652 kB
Buffers:           54332 kB
Cached:           811920 kB
MemTotal:        1844596 kB
MemFree:          731440 kB
MemAvailable:    1491988 kB
Buffers:           54332 kB
Cached:           811920 kB
MemTotal:        1844596 kB
MemFree:          731056 kB
MemAvailable:    1491688 kB
Buffers:           54332 kB
Cached:           811920 kB
MemTotal:        1844596 kB
MemFree:          731224 kB
MemAvailable:    1491856 kB
Buffers:           54332 kB
Cached:           811920 kB
MemTotal:        1844596 kB
MemFree:          731292 kB
MemAvailable:    1491924 kB
Buffers:           54332 kB
Cached:           811920 kB
MemTotal:        1844596 kB
MemFree:          731380 kB
MemAvailable:    1492012 kB
Buffers:           54332 kB
Cached:           811920 kB
MemTotal:        1844596 kB
MemFree:          731284 kB
MemAvailable:    1491916 kB
Buffers:           54332 kB
Cached:           811920 kB
MemTotal:        1844596 kB
MemFree:          729816 kB
MemAvailable:    1490448 kB
Buffers:           54332 kB
Cached:           811920 kB
MemTotal:        1844596 kB
MemFree:          731672 kB
MemAvailable:    1491716 kB
Buffers:           54332 kB
Cached:           811288 kB
MemTotal:        1844596 kB
MemFree:          731616 kB
MemAvailable:    1491660 kB
Buffers:           54332 kB
Cached:           811288 kB
MemTotal:        1844596 kB
MemFree:          795096 kB
MemAvailable:    1555140 kB
Buffers:           54332 kB
Cached:           811288 kB
