MemTotal:        1844596 kB
MemFree:          692128 kB
MemAvailable:    1528404 kB
Buffers:           62084 kB
Cached:           873596 kB
MemTotal:        1844596 kB
MemFree:          689392 kB
MemAvailable:    1525668 kB
Buffers:           62084 kB
Cached:           873596 kB
MemTotal:        1844596 kB
MemFree:          688780 kB
MemAvailable:    1525056 kB
Buffers:           62084 kB
Cached:           873596 kB
MemTotal:        1844596 kB
MemFree:          688228 kB
MemAvailable:    1524504 kB
Buffers:           62084 kB
Cached:           873596 kB
MemTotal:        1844596 kB
MemFree:          688312 kB
MemAvailable:    1524588 kB
Buffers:           62084 kB
Cached:           873596 kB
MemTotal:        1844596 kB
MemFree:          686548 kB
MemAvailable:    1522824 kB
Buffers:           62084 kB
Cached:           873596 kB
MemTotal:        1844596 kB
MemFree:          683944 kB
MemAvailable:    1520220 kB
Buffers:           62084 kB
Cached:           873596 kB
MemTotal:        1844596 kB
MemFree:          681200 kB
MemAvailable:    1517476 kB
Buffers:           62084 kB
Cached:           873596 kB
MemTotal:        1844596 kB
MemFree:          681036 kB
MemAvailable:    1517312 kB
Buffers:           62084 kB
Cached:           873596 kB
MemTotal:        1844596 kB
MemFree:          676132 kB
MemAvailable:    1512408 kB
Buffers:           62084 kB
Cached:           873596 kB
MemTotal:        1844596 kB
MemFree:          678164 kB
MemAvailable:    1514440 kB
Buffers:           62084 kB
Cached:           873596 kB
MemTotal:        1844596 kB
MemFree:          678416 kB
MemAvailable:    1514692 kB
Buffers:           62084 kB
Cached:           873596 kB
MemTotal:        1844596 kB
MemFree:          677040 kB
MemAvailable:    1513316 kB
Buffers:           62084 kB
Cached:           873596 kB
MemTotal:        1844596 kB
MemFree:          678324 kB
MemAvailable:    1514600 kB
Buffers:           62084 kB
Cached:           873596 kB
MemTotal:        1844596 kB
MemFree:          678468 kB
MemAvailable:    1514744 kB
Buffers:           62084 kB
Cached:           873596 kB
MemTotal:        1844596 kB
MemFree:          677124 kB
MemAvailable:    1513400 kB
Buffers:           62084 kB
Cached:           873596 kB
MemTotal:        1844596 kB
MemFree:          677248 kB
MemAvailable:    1513528 kB
Buffers:           62084 kB
Cached:           873600 kB
MemTotal:        1844596 kB
MemFree:          675636 kB
MemAvailable:    1511916 kB
Buffers:           62084 kB
Cached:           873600 kB
MemTotal:        1844596 kB
MemFree:          676132 kB
MemAvailable:    1512412 kB
Buffers:           62084 kB
Cached:           873600 kB
MemTotal:        1844596 kB
MemFree:          676060 kB
MemAvailable:    1512340 kB
Buffers:           62084 kB
Cached:           873600 kB
MemTotal:        1844596 kB
MemFree:          674884 kB
MemAvailable:    1511164 kB
Buffers:           62084 kB
Cached:           873600 kB
MemTotal:        1844596 kB
MemFree:          675016 kB
MemAvailable:    1511296 kB
Buffers:           62084 kB
Cached:           873600 kB
MemTotal:        1844596 kB
MemFree:          675732 kB
MemAvailable:    1512012 kB
Buffers:           62084 kB
Cached:           873600 kB
MemTotal:        1844596 kB
MemFree:          676068 kB
MemAvailable:    1512348 kB
Buffers:           62084 kB
Cached:           873600 kB
MemTotal:        1844596 kB
MemFree:          674576 kB
MemAvailable:    1510856 kB
Buffers:           62084 kB
Cached:           873600 kB
MemTotal:        1844596 kB
MemFree:          675824 kB
MemAvailable:    1512104 kB
Buffers:           62084 kB
Cached:           873600 kB
MemTotal:        1844596 kB
MemFree:          675148 kB
MemAvailable:    1511428 kB
Buffers:           62084 kB
Cached:           873600 kB
MemTotal:        1844596 kB
MemFree:          677084 kB
MemAvailable:    1513364 kB
Buffers:           62084 kB
Cached:           873600 kB
MemTotal:        1844596 kB
MemFree:          677336 kB
MemAvailable:    1513616 kB
Buffers:           62084 kB
Cached:           873600 kB
MemTotal:        1844596 kB
MemFree:          676504 kB
MemAvailable:    1512784 kB
Buffers:           62084 kB
Cached:           873600 kB
MemTotal:        1844596 kB
MemFree:          674148 kB
MemAvailable:    1510428 kB
Buffers:           62084 kB
Cached:           873600 kB
MemTotal:        1844596 kB
MemFree:          673712 kB
MemAvailable:    1509992 kB
Buffers:           62084 kB
Cached:           873600 kB
MemTotal:        1844596 kB
MemFree:          672156 kB
MemAvailable:    1508436 kB
Buffers:           62084 kB
Cached:           873600 kB
MemTotal:        1844596 kB
MemFree:          672040 kB
MemAvailable:    1508320 kB
Buffers:           62084 kB
Cached:           873600 kB
MemTotal:        1844596 kB
MemFree:          672712 kB
MemAvailable:    1508992 kB
Buffers:           62084 kB
Cached:           873600 kB
MemTotal:        1844596 kB
MemFree:          671784 kB
MemAvailable:    1508064 kB
Buffers:           62084 kB
Cached:           873600 kB
MemTotal:        1844596 kB
MemFree:          671868 kB
MemAvailable:    1508148 kB
Buffers:           62084 kB
Cached:           873600 kB
MemTotal:        1844596 kB
MemFree:          670408 kB
MemAvailable:    1506688 kB
Buffers:           62084 kB
Cached:           873600 kB
MemTotal:        1844596 kB
MemFree:          670540 kB
MemAvailable:    1506820 kB
Buffers:           62084 kB
Cached:           873600 kB
MemTotal:        1844596 kB
MemFree:          671640 kB
MemAvailable:    1507920 kB
Buffers:           62084 kB
Cached:           873600 kB
MemTotal:        1844596 kB
MemFree:          671368 kB
MemAvailable:    1507648 kB
Buffers:           62084 kB
Cached:           873600 kB
MemTotal:        1844596 kB
MemFree:          671404 kB
MemAvailable:    1507684 kB
Buffers:           62084 kB
Cached:           873600 kB
MemTotal:        1844596 kB
MemFree:          671488 kB
MemAvailable:    1507768 kB
Buffers:           62088 kB
Cached:           873596 kB
MemTotal:        1844596 kB
MemFree:          671412 kB
MemAvailable:    1507692 kB
Buffers:           62088 kB
Cached:           873596 kB
MemTotal:        1844596 kB
MemFree:          670188 kB
MemAvailable:    1506468 kB
Buffers:           62088 kB
Cached:           873596 kB
MemTotal:        1844596 kB
MemFree:          670876 kB
MemAvailable:    1507156 kB
Buffers:           62088 kB
Cached:           873596 kB
MemTotal:        1844596 kB
MemFree:          669388 kB
MemAvailable:    1505668 kB
Buffers:           62088 kB
Cached:           873596 kB
MemTotal:        1844596 kB
MemFree:          669364 kB
MemAvailable:    1505644 kB
Buffers:           62088 kB
Cached:           873596 kB
MemTotal:        1844596 kB
MemFree:          669488 kB
MemAvailable:    1505768 kB
Buffers:           62088 kB
Cached:           873596 kB
MemTotal:        1844596 kB
MemFree:          669480 kB
MemAvailable:    1505760 kB
Buffers:           62088 kB
Cached:           873596 kB
MemTotal:        1844596 kB
MemFree:          670632 kB
MemAvailable:    1506912 kB
Buffers:           62088 kB
Cached:           873596 kB
MemTotal:        1844596 kB
MemFree:          670884 kB
MemAvailable:    1507164 kB
Buffers:           62088 kB
Cached:           873596 kB
MemTotal:        1844596 kB
MemFree:          670660 kB
MemAvailable:    1506940 kB
Buffers:           62088 kB
Cached:           873596 kB
MemTotal:        1844596 kB
MemFree:          670800 kB
MemAvailable:    1507080 kB
Buffers:           62088 kB
Cached:           873596 kB
MemTotal:        1844596 kB
MemFree:          669548 kB
MemAvailable:    1505828 kB
Buffers:           62088 kB
Cached:           873596 kB
MemTotal:        1844596 kB
MemFree:          670780 kB
MemAvailable:    1507060 kB
Buffers:           62088 kB
Cached:           873596 kB
MemTotal:        1844596 kB
MemFree:          669284 kB
MemAvailable:    1505564 kB
Buffers:           62088 kB
Cached:           873596 kB
MemTotal:        1844596 kB
MemFree:          670400 kB
MemAvailable:    1506680 kB
Buffers:           62088 kB
Cached:           873596 kB
MemTotal:        1844596 kB
MemFree:          669684 kB
MemAvailable:    1505964 kB
Buffers:           62088 kB
Cached:           873596 kB
MemTotal:        1844596 kB
MemFree:          670048 kB
MemAvailable:    1506344 kB
Buffers:           62088 kB
Cached:           873612 kB
MemTotal:        1844596 kB
MemFree:          670048 kB
MemAvailable:    1506344 kB
Buffers:           62088 kB
Cached:           873612 kB
MemTotal:        1844596 kB
MemFree:          668552 kB
MemAvailable:    1504848 kB
Buffers:           62088 kB
Cached:           873612 kB
MemTotal:        1844596 kB
MemFree:          668560 kB
MemAvailable:    1504856 kB
Buffers:           62088 kB
Cached:           873612 kB
MemTotal:        1844596 kB
MemFree:          669668 kB
MemAvailable:    1505964 kB
Buffers:           62088 kB
Cached:           873612 kB
MemTotal:        1844596 kB
MemFree:          670004 kB
MemAvailable:    1506300 kB
Buffers:           62088 kB
Cached:           873612 kB
MemTotal:        1844596 kB
MemFree:          669800 kB
MemAvailable:    1506096 kB
Buffers:           62088 kB
Cached:           873612 kB
MemTotal:        1844596 kB
MemFree:          669800 kB
MemAvailable:    1506096 kB
Buffers:           62088 kB
Cached:           873612 kB
MemTotal:        1844596 kB
MemFree:          668520 kB
MemAvailable:    1504816 kB
Buffers:           62088 kB
Cached:           873612 kB
MemTotal:        1844596 kB
MemFree:          668512 kB
MemAvailable:    1504808 kB
Buffers:           62088 kB
Cached:           873612 kB
MemTotal:        1844596 kB
MemFree:          668388 kB
MemAvailable:    1504684 kB
Buffers:           62088 kB
Cached:           873612 kB
MemTotal:        1844596 kB
MemFree:          667568 kB
MemAvailable:    1503864 kB
Buffers:           62088 kB
Cached:           873612 kB
MemTotal:        1844596 kB
MemFree:          667432 kB
MemAvailable:    1503728 kB
Buffers:           62088 kB
Cached:           873612 kB
MemTotal:        1844596 kB
MemFree:          664104 kB
MemAvailable:    1500400 kB
Buffers:           62088 kB
Cached:           873612 kB
MemTotal:        1844596 kB
MemFree:          662352 kB
MemAvailable:    1498648 kB
Buffers:           62088 kB
Cached:           873612 kB
MemTotal:        1844596 kB
MemFree:          662688 kB
MemAvailable:    1498984 kB
Buffers:           62088 kB
Cached:           873612 kB
MemTotal:        1844596 kB
MemFree:          661120 kB
MemAvailable:    1497416 kB
Buffers:           62088 kB
Cached:           873612 kB
MemTotal:        1844596 kB
MemFree:          660880 kB
MemAvailable:    1497176 kB
Buffers:           62088 kB
Cached:           873612 kB
MemTotal:        1844596 kB
MemFree:          661004 kB
MemAvailable:    1497300 kB
Buffers:           62088 kB
Cached:           873612 kB
MemTotal:        1844596 kB
MemFree:          661856 kB
MemAvailable:    1498152 kB
Buffers:           62088 kB
Cached:           873612 kB
MemTotal:        1844596 kB
MemFree:          661196 kB
MemAvailable:    1497492 kB
Buffers:           62088 kB
Cached:           873612 kB
MemTotal:        1844596 kB
MemFree:          661924 kB
MemAvailable:    1498220 kB
Buffers:           62088 kB
Cached:           873612 kB
MemTotal:        1844596 kB
MemFree:          660880 kB
MemAvailable:    1497176 kB
Buffers:           62088 kB
Cached:           873612 kB
MemTotal:        1844596 kB
MemFree:          661596 kB
MemAvailable:    1497892 kB
Buffers:           62088 kB
Cached:           873612 kB
MemTotal:        1844596 kB
MemFree:          661816 kB
MemAvailable:    1498112 kB
Buffers:           62088 kB
Cached:           873612 kB
MemTotal:        1844596 kB
MemFree:          661740 kB
MemAvailable:    1498036 kB
Buffers:           62088 kB
Cached:           873612 kB
MemTotal:        1844596 kB
MemFree:          660508 kB
MemAvailable:    1496804 kB
Buffers:           62088 kB
Cached:           873612 kB
MemTotal:        1844596 kB
MemFree:          661800 kB
MemAvailable:    1498096 kB
Buffers:           62088 kB
Cached:           873612 kB
MemTotal:        1844596 kB
MemFree:          660500 kB
MemAvailable:    1496796 kB
Buffers:           62088 kB
Cached:           873612 kB
MemTotal:        1844596 kB
MemFree:          661236 kB
MemAvailable:    1497532 kB
Buffers:           62088 kB
Cached:           873612 kB
MemTotal:        1844596 kB
MemFree:          661128 kB
MemAvailable:    1497424 kB
Buffers:           62088 kB
Cached:           873612 kB
MemTotal:        1844596 kB
MemFree:          660816 kB
MemAvailable:    1497112 kB
Buffers:           62088 kB
Cached:           873612 kB
MemTotal:        1844596 kB
MemFree:          661072 kB
MemAvailable:    1497368 kB
Buffers:           62088 kB
Cached:           873612 kB
MemTotal:        1844596 kB
MemFree:          660244 kB
MemAvailable:    1496540 kB
Buffers:           62088 kB
Cached:           873612 kB
MemTotal:        1844596 kB
MemFree:          660496 kB
MemAvailable:    1496792 kB
Buffers:           62088 kB
Cached:           873612 kB
MemTotal:        1844596 kB
MemFree:          659872 kB
MemAvailable:    1496168 kB
Buffers:           62088 kB
Cached:           873612 kB
MemTotal:        1844596 kB
MemFree:          659956 kB
MemAvailable:    1496252 kB
Buffers:           62088 kB
Cached:           873612 kB
MemTotal:        1844596 kB
MemFree:          659004 kB
MemAvailable:    1495300 kB
Buffers:           62088 kB
Cached:           873612 kB
MemTotal:        1844596 kB
MemFree:          659088 kB
MemAvailable:    1495384 kB
Buffers:           62088 kB
Cached:           873612 kB
MemTotal:        1844596 kB
MemFree:          657152 kB
MemAvailable:    1493448 kB
Buffers:           62088 kB
Cached:           873612 kB
MemTotal:        1844596 kB
MemFree:          658452 kB
MemAvailable:    1494748 kB
Buffers:           62088 kB
Cached:           873612 kB
MemTotal:        1844596 kB
MemFree:          657284 kB
MemAvailable:    1493580 kB
Buffers:           62088 kB
Cached:           873612 kB
MemTotal:        1844596 kB
MemFree:          656896 kB
MemAvailable:    1493192 kB
Buffers:           62088 kB
Cached:           873612 kB
MemTotal:        1844596 kB
MemFree:          656896 kB
MemAvailable:    1493192 kB
Buffers:           62088 kB
Cached:           873612 kB
MemTotal:        1844596 kB
MemFree:          656772 kB
MemAvailable:    1493068 kB
Buffers:           62088 kB
Cached:           873612 kB
MemTotal:        1844596 kB
MemFree:          658072 kB
MemAvailable:    1494368 kB
Buffers:           62088 kB
Cached:           873612 kB
MemTotal:        1844596 kB
MemFree:          656640 kB
MemAvailable:    1492936 kB
Buffers:           62088 kB
Cached:           873612 kB
MemTotal:        1844596 kB
MemFree:          657824 kB
MemAvailable:    1494120 kB
Buffers:           62088 kB
Cached:           873612 kB
MemTotal:        1844596 kB
MemFree:          657824 kB
MemAvailable:    1494120 kB
Buffers:           62088 kB
Cached:           873612 kB
MemTotal:        1844596 kB
MemFree:          658016 kB
MemAvailable:    1494312 kB
Buffers:           62088 kB
Cached:           873612 kB
MemTotal:        1844596 kB
MemFree:          657392 kB
MemAvailable:    1493688 kB
Buffers:           62088 kB
Cached:           873612 kB
MemTotal:        1844596 kB
MemFree:          657728 kB
MemAvailable:    1494024 kB
Buffers:           62088 kB
Cached:           873612 kB
MemTotal:        1844596 kB
MemFree:          652556 kB
MemAvailable:    1488852 kB
Buffers:           62088 kB
Cached:           873612 kB
MemTotal:        1844596 kB
MemFree:          652640 kB
MemAvailable:    1488936 kB
Buffers:           62088 kB
Cached:           873612 kB
MemTotal:        1844596 kB
MemFree:          652328 kB
MemAvailable:    1488624 kB
Buffers:           62088 kB
Cached:           873612 kB
MemTotal:        1844596 kB
MemFree:          652124 kB
MemAvailable:    1488420 kB
Buffers:           62088 kB
Cached:           873612 kB
MemTotal:        1844596 kB
MemFree:          652376 kB
MemAvailable:    1488672 kB
Buffers:           62088 kB
Cached:           873612 kB
MemTotal:        1844596 kB
MemFree:          652200 kB
MemAvailable:    1488496 kB
Buffers:           62088 kB
Cached:           873612 kB
MemTotal:        1844596 kB
MemFree:          652060 kB
MemAvailable:    1488356 kB
Buffers:           62088 kB
Cached:           873612 kB
MemTotal:        1844596 kB
MemFree:          652060 kB
MemAvailable:    1488356 kB
Buffers:           62088 kB
Cached:           873612 kB
MemTotal:        1844596 kB
MemFree:          652076 kB
MemAvailable:    1488372 kB
Buffers:           62088 kB
Cached:           873612 kB
MemTotal:        1844596 kB
MemFree:          650652 kB
MemAvailable:    1486948 kB
Buffers:           62088 kB
Cached:           873612 kB
MemTotal:        1844596 kB
MemFree:          650948 kB
MemAvailable:    1487244 kB
Buffers:           62088 kB
Cached:           873612 kB
MemTotal:        1844596 kB
MemFree:          651200 kB
MemAvailable:    1487500 kB
Buffers:           62088 kB
Cached:           873616 kB
MemTotal:        1844596 kB
MemFree:          652136 kB
MemAvailable:    1488436 kB
Buffers:           62088 kB
Cached:           873616 kB
MemTotal:        1844596 kB
MemFree:          651268 kB
MemAvailable:    1487568 kB
Buffers:           62088 kB
Cached:           873616 kB
MemTotal:        1844596 kB
MemFree:          649348 kB
MemAvailable:    1485648 kB
Buffers:           62088 kB
Cached:           873616 kB
MemTotal:        1844596 kB
MemFree:          649268 kB
MemAvailable:    1485568 kB
Buffers:           62088 kB
Cached:           873616 kB
MemTotal:        1844596 kB
MemFree:          647984 kB
MemAvailable:    1484284 kB
Buffers:           62088 kB
Cached:           873616 kB
MemTotal:        1844596 kB
MemFree:          648976 kB
MemAvailable:    1485276 kB
Buffers:           62088 kB
Cached:           873616 kB
MemTotal:        1844596 kB
MemFree:          647860 kB
MemAvailable:    1484160 kB
Buffers:           62088 kB
Cached:           873616 kB
MemTotal:        1844596 kB
MemFree:          648800 kB
MemAvailable:    1485100 kB
Buffers:           62088 kB
Cached:           873616 kB
MemTotal:        1844596 kB
MemFree:          647552 kB
MemAvailable:    1483852 kB
Buffers:           62088 kB
Cached:           873616 kB
MemTotal:        1844596 kB
MemFree:          649044 kB
MemAvailable:    1485344 kB
Buffers:           62088 kB
Cached:           873616 kB
MemTotal:        1844596 kB
MemFree:          650756 kB
MemAvailable:    1487056 kB
Buffers:           62088 kB
Cached:           873616 kB
MemTotal:        1844596 kB
MemFree:          650924 kB
MemAvailable:    1487224 kB
Buffers:           62088 kB
Cached:           873616 kB
MemTotal:        1844596 kB
MemFree:          650440 kB
MemAvailable:    1486908 kB
Buffers:           62088 kB
Cached:           873864 kB
MemTotal:        1844596 kB
MemFree:          650776 kB
MemAvailable:    1487244 kB
Buffers:           62088 kB
Cached:           873864 kB
MemTotal:        1844596 kB
MemFree:          650424 kB
MemAvailable:    1487060 kB
Buffers:           62088 kB
Cached:           873988 kB
MemTotal:        1844596 kB
MemFree:          650292 kB
MemAvailable:    1486928 kB
Buffers:           62088 kB
Cached:           873988 kB
MemTotal:        1844596 kB
MemFree:          650168 kB
MemAvailable:    1487004 kB
Buffers:           62088 kB
Cached:           874144 kB
MemTotal:        1844596 kB
MemFree:          650264 kB
MemAvailable:    1487184 kB
Buffers:           62088 kB
Cached:           874268 kB
MemTotal:        1844596 kB
MemFree:          650008 kB
MemAvailable:    1486928 kB
Buffers:           62088 kB
Cached:           874268 kB
MemTotal:        1844596 kB
MemFree:          650168 kB
MemAvailable:    1487144 kB
Buffers:           62088 kB
Cached:           874292 kB
MemTotal:        1844596 kB
MemFree:          650092 kB
MemAvailable:    1487068 kB
Buffers:           62088 kB
Cached:           874292 kB
MemTotal:        1844596 kB
MemFree:          649952 kB
MemAvailable:    1486928 kB
Buffers:           62088 kB
Cached:           874292 kB
MemTotal:        1844596 kB
MemFree:          650288 kB
MemAvailable:    1487264 kB
Buffers:           62088 kB
Cached:           874292 kB
MemTotal:        1844596 kB
MemFree:          649960 kB
MemAvailable:    1486936 kB
Buffers:           62088 kB
Cached:           874292 kB
MemTotal:        1844596 kB
MemFree:          650076 kB
MemAvailable:    1487052 kB
Buffers:           62088 kB
Cached:           874292 kB
MemTotal:        1844596 kB
MemFree:          650076 kB
MemAvailable:    1487052 kB
Buffers:           62088 kB
Cached:           874292 kB
MemTotal:        1844596 kB
MemFree:          650592 kB
MemAvailable:    1486980 kB
Buffers:           62088 kB
Cached:           873660 kB
MemTotal:        1844596 kB
MemFree:          650848 kB
MemAvailable:    1487236 kB
Buffers:           62088 kB
Cached:           873660 kB
