MemTotal:        1844596 kB
MemFree:          619232 kB
MemAvailable:    1521920 kB
Buffers:           68292 kB
Cached:           927392 kB
MemTotal:        1844596 kB
MemFree:          618488 kB
MemAvailable:    1521176 kB
Buffers:           68292 kB
Cached:           927392 kB
MemTotal:        1844596 kB
MemFree:          615692 kB
MemAvailable:    1518380 kB
Buffers:           68292 kB
Cached:           927392 kB
MemTotal:        1844596 kB
MemFree:          614336 kB
MemAvailable:    1517024 kB
Buffers:           68292 kB
Cached:           927392 kB
MemTotal:        1844596 kB
MemFree:          615520 kB
MemAvailable:    1518208 kB
Buffers:           68292 kB
Cached:           927392 kB
MemTotal:        1844596 kB
MemFree:          615520 kB
MemAvailable:    1518208 kB
Buffers:           68292 kB
Cached:           927392 kB
MemTotal:        1844596 kB
MemFree:          611484 kB
MemAvailable:    1514172 kB
Buffers:           68292 kB
Cached:           927392 kB
MemTotal:        1844596 kB
MemFree:          608384 kB
MemAvailable:    1511072 kB
Buffers:           68292 kB
Cached:           927392 kB
MemTotal:        1844596 kB
MemFree:          605284 kB
MemAvailable:    1507972 kB
Buffers:           68292 kB
Cached:           927392 kB
MemTotal:        1844596 kB
MemFree:          605816 kB
MemAvailable:    1508504 kB
Buffers:           68292 kB
Cached:           927392 kB
MemTotal:        1844596 kB
MemFree:          605036 kB
MemAvailable:    1507724 kB
Buffers:           68292 kB
Cached:           927392 kB
MemTotal:        1844596 kB
MemFree:          606028 kB
MemAvailable:    1508728 kB
Buffers:           68292 kB
Cached:           927400 kB
MemTotal:        1844596 kB
MemFree:          604788 kB
MemAvailable:    1507488 kB
Buffers:           68292 kB
Cached:           927400 kB
MemTotal:        1844596 kB
MemFree:          605596 kB
MemAvailable:    1508296 kB
Buffers:           68292 kB
Cached:           927400 kB
MemTotal:        1844596 kB
MemFree:          605852 kB
MemAvailable:    1508552 kB
Buffers:           68292 kB
Cached:           927400 kB
MemTotal:        1844596 kB
MemFree:          605408 kB
MemAvailable:    1508108 kB
Buffers:           68292 kB
Cached:           927400 kB
MemTotal:        1844596 kB
MemFree:          603788 kB
MemAvailable:    1506488 kB
Buffers:           68292 kB
Cached:           927400 kB
MemTotal:        1844596 kB
MemFree:          603408 kB
MemAvailable:    1506108 kB
Buffers:           68292 kB
Cached:           927400 kB
MemTotal:        1844596 kB
MemFree:          603744 kB
MemAvailable:    1506444 kB
Buffers:           68292 kB
Cached:           927400 kB
MemTotal:        1844596 kB
MemFree:          602292 kB
MemAvailable:    1504992 kB
Buffers:           68292 kB
Cached:           927400 kB
MemTotal:        1844596 kB
MemFree:          603152 kB
MemAvailable:    1505852 kB
Buffers:           68292 kB
Cached:           927400 kB
MemTotal:        1844596 kB
MemFree:          602680 kB
MemAvailable:    1505380 kB
Buffers:           68292 kB
Cached:           927400 kB
MemTotal:        1844596 kB
MemFree:          603216 kB
MemAvailable:    1505916 kB
Buffers:           68292 kB
Cached:           927400 kB
MemTotal:        1844596 kB
MemFree:          603236 kB
MemAvailable:    1505936 kB
Buffers:           68292 kB
Cached:           927400 kB
MemTotal:        1844596 kB
MemFree:          602432 kB
MemAvailable:    1505132 kB
Buffers:           68292 kB
Cached:           927400 kB
MemTotal:        1844596 kB
MemFree:          603116 kB
MemAvailable:    1505816 kB
Buffers:           68292 kB
Cached:           927400 kB
MemTotal:        1844596 kB
MemFree:          603372 kB
MemAvailable:    1506072 kB
Buffers:           68292 kB
Cached:           927400 kB
MemTotal:        1844596 kB
MemFree:          604448 kB
MemAvailable:    1507148 kB
Buffers:           68292 kB
Cached:           927400 kB
MemTotal:        1844596 kB
MemFree:          604532 kB
MemAvailable:    1507232 kB
Buffers:           68292 kB
Cached:           927400 kB
MemTotal:        1844596 kB
MemFree:          601920 kB
MemAvailable:    1504620 kB
Buffers:           68292 kB
Cached:           927400 kB
MemTotal:        1844596 kB
MemFree:          601192 kB
MemAvailable:    1503892 kB
Buffers:           68292 kB
Cached:           927400 kB
MemTotal:        1844596 kB
MemFree:          599944 kB
MemAvailable:    1502644 kB
Buffers:           68292 kB
Cached:           927400 kB
MemTotal:        1844596 kB
MemFree:          600880 kB
MemAvailable:    1503580 kB
Buffers:           68292 kB
Cached:           927400 kB
MemTotal:        1844596 kB
MemFree:          599084 kB
MemAvailable:    1501784 kB
Buffers:           68292 kB
Cached:           927400 kB
MemTotal:        1844596 kB
MemFree:          599640 kB
MemAvailable:    1502340 kB
Buffers:           68292 kB
Cached:           927400 kB
MemTotal:        1844596 kB
MemFree:          599892 kB
MemAvailable:    1502592 kB
Buffers:           68292 kB
Cached:           927400 kB
MemTotal:        1844596 kB
MemFree:          599332 kB
MemAvailable:    1502032 kB
Buffers:           68292 kB
Cached:           927400 kB
MemTotal:        1844596 kB
MemFree:          599012 kB
MemAvailable:    1501712 kB
Buffers:           68292 kB
Cached:           927400 kB
MemTotal:        1844596 kB
MemFree:          597960 kB
MemAvailable:    1500660 kB
Buffers:           68292 kB
Cached:           927400 kB
MemTotal:        1844596 kB
MemFree:          597828 kB
MemAvailable:    1500528 kB
Buffers:           68292 kB
Cached:           927400 kB
MemTotal:        1844596 kB
MemFree:          597828 kB
MemAvailable:    1500528 kB
Buffers:           68292 kB
Cached:           927400 kB
MemTotal:        1844596 kB
MemFree:          597712 kB
MemAvailable:    1500412 kB
Buffers:           68292 kB
Cached:           927400 kB
MemTotal:        1844596 kB
MemFree:          597424 kB
MemAvailable:    1500124 kB
Buffers:           68292 kB
Cached:           927400 kB
MemTotal:        1844596 kB
MemFree:          598656 kB
MemAvailable:    1501356 kB
Buffers:           68292 kB
Cached:           927400 kB
MemTotal:        1844596 kB
MemFree:          598144 kB
MemAvailable:    1500844 kB
Buffers:           68292 kB
Cached:           927400 kB
MemTotal:        1844596 kB
MemFree:          596912 kB
MemAvailable:    1499612 kB
Buffers:           68292 kB
Cached:           927400 kB
MemTotal:        1844596 kB
MemFree:          597904 kB
MemAvailable:    1500604 kB
Buffers:           68292 kB
Cached:           927400 kB
MemTotal:        1844596 kB
MemFree:          598028 kB
MemAvailable:    1500728 kB
Buffers:           68292 kB
Cached:           927400 kB
MemTotal:        1844596 kB
MemFree:          597232 kB
MemAvailable:    1499932 kB
Buffers:           68292 kB
Cached:           927400 kB
MemTotal:        1844596 kB
MemFree:          597828 kB
MemAvailable:    1500528 kB
Buffers:           68292 kB
Cached:           927400 kB
MemTotal:        1844596 kB
MemFree:          598168 kB
MemAvailable:    1500868 kB
Buffers:           68292 kB
Cached:           927400 kB
MemTotal:        1844596 kB
MemFree:          598028 kB
MemAvailable:    1500728 kB
Buffers:           68292 kB
Cached:           927400 kB
MemTotal:        1844596 kB
MemFree:          596852 kB
MemAvailable:    1499552 kB
Buffers:           68292 kB
Cached:           927400 kB
MemTotal:        1844596 kB
MemFree:          596680 kB
MemAvailable:    1499380 kB
Buffers:           68292 kB
Cached:           927400 kB
MemTotal:        1844596 kB
MemFree:          597780 kB
MemAvailable:    1500480 kB
Buffers:           68292 kB
Cached:           927400 kB
MemTotal:        1844596 kB
MemFree:          597780 kB
MemAvailable:    1500480 kB
Buffers:           68292 kB
Cached:           927400 kB
MemTotal:        1844596 kB
MemFree:          596348 kB
MemAvailable:    1499052 kB
Buffers:           68292 kB
Cached:           927404 kB
MemTotal:        1844596 kB
MemFree:          596356 kB
MemAvailable:    1499060 kB
Buffers:           68292 kB
Cached:           927404 kB
MemTotal:        1844596 kB
MemFree:          596720 kB
MemAvailable:    1499424 kB
Buffers:           68292 kB
Cached:           927404 kB
MemTotal:        1844596 kB
MemFree:          596248 kB
MemAvailable:    1498952 kB
Buffers:           68292 kB
Cached:           927404 kB
MemTotal:        1844596 kB
MemFree:          597292 kB
MemAvailable:    1499996 kB
Buffers:           68292 kB
Cached:           927404 kB
MemTotal:        1844596 kB
MemFree:          596248 kB
MemAvailable:    1498952 kB
Buffers:           68292 kB
Cached:           927404 kB
MemTotal:        1844596 kB
MemFree:          596972 kB
MemAvailable:    1499676 kB
Buffers:           68292 kB
Cached:           927404 kB
MemTotal:        1844596 kB
MemFree:          597308 kB
MemAvailable:    1500012 kB
Buffers:           68292 kB
Cached:           927404 kB
MemTotal:        1844596 kB
MemFree:          597092 kB
MemAvailable:    1499796 kB
Buffers:           68292 kB
Cached:           927404 kB
MemTotal:        1844596 kB
MemFree:          597092 kB
MemAvailable:    1499796 kB
Buffers:           68292 kB
Cached:           927404 kB
MemTotal:        1844596 kB
MemFree:          595744 kB
MemAvailable:    1498448 kB
Buffers:           68292 kB
Cached:           927404 kB
MemTotal:        1844596 kB
MemFree:          597116 kB
MemAvailable:    1499820 kB
Buffers:           68304 kB
Cached:           927392 kB
MemTotal:        1844596 kB
MemFree:          596432 kB
MemAvailable:    1499136 kB
Buffers:           68304 kB
Cached:           927392 kB
MemTotal:        1844596 kB
MemFree:          594140 kB
MemAvailable:    1496844 kB
Buffers:           68304 kB
Cached:           927392 kB
MemTotal:        1844596 kB
MemFree:          591844 kB
MemAvailable:    1494548 kB
Buffers:           68304 kB
Cached:           927392 kB
MemTotal:        1844596 kB
MemFree:          588924 kB
MemAvailable:    1491628 kB
Buffers:           68304 kB
Cached:           927392 kB
MemTotal:        1844596 kB
MemFree:          589792 kB
MemAvailable:    1492496 kB
Buffers:           68304 kB
Cached:           927392 kB
MemTotal:        1844596 kB
MemFree:          589232 kB
MemAvailable:    1491936 kB
Buffers:           68304 kB
Cached:           927392 kB
MemTotal:        1844596 kB
MemFree:          589108 kB
MemAvailable:    1491812 kB
Buffers:           68304 kB
Cached:           927392 kB
MemTotal:        1844596 kB
MemFree:          587932 kB
MemAvailable:    1490636 kB
Buffers:           68304 kB
Cached:           927392 kB
MemTotal:        1844596 kB
MemFree:          589132 kB
MemAvailable:    1491836 kB
Buffers:           68304 kB
Cached:           927392 kB
MemTotal:        1844596 kB
MemFree:          589188 kB
MemAvailable:    1491892 kB
Buffers:           68304 kB
Cached:           927392 kB
MemTotal:        1844596 kB
MemFree:          587748 kB
MemAvailable:    1490452 kB
Buffers:           68304 kB
Cached:           927392 kB
MemTotal:        1844596 kB
MemFree:          589224 kB
MemAvailable:    1491928 kB
Buffers:           68304 kB
Cached:           927392 kB
MemTotal:        1844596 kB
MemFree:          589176 kB
MemAvailable:    1491880 kB
Buffers:           68304 kB
Cached:           927392 kB
MemTotal:        1844596 kB
MemFree:          589172 kB
MemAvailable:    1491876 kB
Buffers:           68304 kB
Cached:           927392 kB
MemTotal:        1844596 kB
MemFree:          587740 kB
MemAvailable:    1490444 kB
Buffers:           68304 kB
Cached:           927392 kB
MemTotal:        1844596 kB
MemFree:          589008 kB
MemAvailable:    1491712 kB
Buffers:           68304 kB
Cached:           927392 kB
MemTotal:        1844596 kB
MemFree:          589008 kB
MemAvailable:    1491712 kB
Buffers:           68304 kB
Cached:           927392 kB
MemTotal:        1844596 kB
MemFree:          589000 kB
MemAvailable:    1491704 kB
Buffers:           68304 kB
Cached:           927392 kB
MemTotal:        1844596 kB
MemFree:          588620 kB
MemAvailable:    1491324 kB
Buffers:           68304 kB
Cached:           927392 kB
MemTotal:        1844596 kB
MemFree:          587312 kB
MemAvailable:    1490016 kB
Buffers:           68304 kB
Cached:           927392 kB
MemTotal:        1844596 kB
MemFree:          588064 kB
MemAvailable:    1490776 kB
Buffers:           68304 kB
Cached:           927400 kB
MemTotal:        1844596 kB
MemFree:          586824 kB
MemAvailable:    1489536 kB
Buffers:           68304 kB
Cached:           927400 kB
MemTotal:        1844596 kB
MemFree:          587684 kB
MemAvailable:    1490396 kB
Buffers:           68304 kB
Cached:           927400 kB
MemTotal:        1844596 kB
MemFree:          588020 kB
MemAvailable:    1490732 kB
Buffers:           68304 kB
Cached:           927400 kB
MemTotal:        1844596 kB
MemFree:          587064 kB
MemAvailable:    1489776 kB
Buffers:           68304 kB
Cached:           927400 kB
MemTotal:        1844596 kB
MemFree:          587148 kB
MemAvailable:    1489860 kB
Buffers:           68304 kB
Cached:           927400 kB
MemTotal:        1844596 kB
MemFree:          586320 kB
MemAvailable:    1489032 kB
Buffers:           68304 kB
Cached:           927400 kB
MemTotal:        1844596 kB
MemFree:          586080 kB
MemAvailable:    1488792 kB
Buffers:           68304 kB
Cached:           927400 kB
MemTotal:        1844596 kB
MemFree:          585568 kB
MemAvailable:    1488280 kB
Buffers:           68304 kB
Cached:           927400 kB
MemTotal:        1844596 kB
MemFree:          585708 kB
MemAvailable:    1488420 kB
Buffers:           68304 kB
Cached:           927400 kB
MemTotal:        1844596 kB
MemFree:          585696 kB
MemAvailable:    1488408 kB
Buffers:           68304 kB
Cached:           927400 kB
MemTotal:        1844596 kB
MemFree:          584448 kB
MemAvailable:    1487160 kB
Buffers:           68304 kB
Cached:           927400 kB
MemTotal:        1844596 kB
MemFree:          584324 kB
MemAvailable:    1487036 kB
Buffers:           68304 kB
Cached:           927400 kB
MemTotal:        1844596 kB
MemFree:          585492 kB
MemAvailable:    1488204 kB
Buffers:           68304 kB
Cached:           927400 kB
MemTotal:        1844596 kB
MemFree:          584068 kB
MemAvailable:    1486780 kB
Buffers:           68304 kB
Cached:           927400 kB
MemTotal:        1844596 kB
MemFree:          584316 kB
MemAvailable:    1487028 kB
Buffers:           68304 kB
Cached:           927400 kB
MemTotal:        1844596 kB
MemFree:          585620 kB
MemAvailable:    1488332 kB
Buffers:           68304 kB
Cached:           927400 kB
MemTotal:        1844596 kB
MemFree:          584060 kB
MemAvailable:    1486772 kB
Buffers:           68304 kB
Cached:           927400 kB
MemTotal:        1844596 kB
MemFree:          584708 kB
MemAvailable:    1487420 kB
Buffers:           68304 kB
Cached:           927400 kB
MemTotal:        1844596 kB
MemFree:          584708 kB
MemAvailable:    1487420 kB
Buffers:           68304 kB
Cached:           927400 kB
MemTotal:        1844596 kB
MemFree:          583164 kB
MemAvailable:    1485876 kB
Buffers:           68304 kB
Cached:           927400 kB
MemTotal:        1844596 kB
MemFree:          579880 kB
MemAvailable:    1482592 kB
Buffers:           68304 kB
Cached:           927400 kB
MemTotal:        1844596 kB
MemFree:          579748 kB
MemAvailable:    1482460 kB
Buffers:           68304 kB
Cached:           927400 kB
MemTotal:        1844596 kB
MemFree:          578640 kB
MemAvailable:    1481352 kB
Buffers:           68304 kB
Cached:           927400 kB
MemTotal:        1844596 kB
MemFree:          579644 kB
MemAvailable:    1482368 kB
Buffers:           68304 kB
Cached:           927412 kB
MemTotal:        1844596 kB
MemFree:          578516 kB
MemAvailable:    1481240 kB
Buffers:           68304 kB
Cached:           927412 kB
MemTotal:        1844596 kB
MemFree:          579356 kB
MemAvailable:    1482080 kB
Buffers:           68304 kB
Cached:           927412 kB
MemTotal:        1844596 kB
MemFree:          579692 kB
MemAvailable:    1482416 kB
Buffers:           68304 kB
Cached:           927412 kB
MemTotal:        1844596 kB
MemFree:          578116 kB
MemAvailable:    1480840 kB
Buffers:           68304 kB
Cached:           927412 kB
MemTotal:        1844596 kB
MemFree:          579548 kB
MemAvailable:    1482272 kB
Buffers:           68304 kB
Cached:           927412 kB
MemTotal:        1844596 kB
MemFree:          578764 kB
MemAvailable:    1481488 kB
Buffers:           68304 kB
Cached:           927412 kB
MemTotal:        1844596 kB
MemFree:          579248 kB
MemAvailable:    1481972 kB
Buffers:           68304 kB
Cached:           927412 kB
MemTotal:        1844596 kB
MemFree:          579128 kB
MemAvailable:    1481852 kB
Buffers:           68304 kB
Cached:           927412 kB
MemTotal:        1844596 kB
MemFree:          577268 kB
MemAvailable:    1479992 kB
Buffers:           68304 kB
Cached:           927412 kB
MemTotal:        1844596 kB
MemFree:          578384 kB
MemAvailable:    1481108 kB
Buffers:           68304 kB
Cached:           927412 kB
MemTotal:        1844596 kB
MemFree:          576144 kB
MemAvailable:    1478868 kB
Buffers:           68304 kB
Cached:           927412 kB
MemTotal:        1844596 kB
MemFree:          575608 kB
MemAvailable:    1478332 kB
Buffers:           68304 kB
Cached:           927412 kB
MemTotal:        1844596 kB
MemFree:          576112 kB
MemAvailable:    1478840 kB
Buffers:           68304 kB
Cached:           927416 kB
MemTotal:        1844596 kB
MemFree:          576368 kB
MemAvailable:    1479096 kB
Buffers:           68304 kB
Cached:           927416 kB
MemTotal:        1844596 kB
MemFree:          574740 kB
MemAvailable:    1477468 kB
Buffers:           68304 kB
Cached:           927416 kB
MemTotal:        1844596 kB
MemFree:          574988 kB
MemAvailable:    1477716 kB
Buffers:           68304 kB
Cached:           927416 kB
MemTotal:        1844596 kB
MemFree:          576968 kB
MemAvailable:    1479696 kB
Buffers:           68304 kB
Cached:           927416 kB
MemTotal:        1844596 kB
MemFree:          578120 kB
MemAvailable:    1480932 kB
Buffers:           68304 kB
Cached:           927540 kB
MemTotal:        1844596 kB
MemFree:          577400 kB
MemAvailable:    1480296 kB
Buffers:           68304 kB
Cached:           927540 kB
MemTotal:        1844596 kB
MemFree:          577824 kB
MemAvailable:    1480828 kB
Buffers:           68304 kB
Cached:           927732 kB
MemTotal:        1844596 kB
MemFree:          577784 kB
MemAvailable:    1480872 kB
Buffers:           68304 kB
Cached:           927856 kB
MemTotal:        1844596 kB
MemFree:          577780 kB
MemAvailable:    1481036 kB
Buffers:           68304 kB
Cached:           927980 kB
MemTotal:        1844596 kB
MemFree:          576088 kB
MemAvailable:    1479428 kB
Buffers:           68304 kB
Cached:           927980 kB
MemTotal:        1844596 kB
MemFree:          577564 kB
MemAvailable:    1480904 kB
Buffers:           68304 kB
Cached:           927980 kB
MemTotal:        1844596 kB
MemFree:          576532 kB
MemAvailable:    1479872 kB
Buffers:           68304 kB
Cached:           928104 kB
MemTotal:        1844596 kB
MemFree:          577388 kB
MemAvailable:    1480728 kB
Buffers:           68304 kB
Cached:           928104 kB
MemTotal:        1844596 kB
MemFree:          576780 kB
MemAvailable:    1480120 kB
Buffers:           68304 kB
Cached:           928104 kB
MemTotal:        1844596 kB
MemFree:          577372 kB
MemAvailable:    1480712 kB
Buffers:           68304 kB
Cached:           928104 kB
MemTotal:        1844596 kB
MemFree:          577456 kB
MemAvailable:    1480796 kB
Buffers:           68304 kB
Cached:           928104 kB
MemTotal:        1844596 kB
MemFree:          577436 kB
MemAvailable:    1480776 kB
Buffers:           68304 kB
Cached:           928104 kB
MemTotal:        1844596 kB
MemFree:          577608 kB
MemAvailable:    1480948 kB
Buffers:           68304 kB
Cached:           928104 kB
MemTotal:        1844596 kB
MemFree:          576144 kB
MemAvailable:    1479568 kB
Buffers:           68304 kB
Cached:           928228 kB
MemTotal:        1844596 kB
MemFree:          580680 kB
MemAvailable:    1483432 kB
Buffers:           68304 kB
Cached:           927472 kB
MemTotal:        1844596 kB
MemFree:          646428 kB
MemAvailable:    1549180 kB
Buffers:           68304 kB
Cached:           927472 kB
