MemTotal:        1844596 kB
MemFree:          625748 kB
MemAvailable:    1522928 kB
Buffers:           67804 kB
Cached:           923228 kB
MemTotal:        1844596 kB
MemFree:          622764 kB
MemAvailable:    1519944 kB
Buffers:           67804 kB
Cached:           923228 kB
MemTotal:        1844596 kB
MemFree:          622764 kB
MemAvailable:    1519944 kB
Buffers:           67804 kB
Cached:           923228 kB
MemTotal:        1844596 kB
MemFree:          621020 kB
MemAvailable:    1518200 kB
Buffers:           67804 kB
Cached:           923228 kB
MemTotal:        1844596 kB
MemFree:          620912 kB
MemAvailable:    1518092 kB
Buffers:           67804 kB
Cached:           923228 kB
MemTotal:        1844596 kB
MemFree:          617548 kB
MemAvailable:    1514728 kB
Buffers:           67804 kB
Cached:           923228 kB
MemTotal:        1844596 kB
MemFree:          617548 kB
MemAvailable:    1514728 kB
Buffers:           67804 kB
Cached:           923228 kB
MemTotal:        1844596 kB
MemFree:          615084 kB
MemAvailable:    1512264 kB
Buffers:           67804 kB
Cached:           923228 kB
MemTotal:        1844596 kB
MemFree:          612976 kB
MemAvailable:    1510156 kB
Buffers:           67804 kB
Cached:           923228 kB
MemTotal:        1844596 kB
MemFree:          611216 kB
MemAvailable:    1508396 kB
Buffers:           67804 kB
Cached:           923228 kB
MemTotal:        1844596 kB
MemFree:          609804 kB
MemAvailable:    1506984 kB
Buffers:           67804 kB
Cached:           923228 kB
MemTotal:        1844596 kB
MemFree:          611228 kB
MemAvailable:    1508408 kB
Buffers:           67804 kB
Cached:           923228 kB
MemTotal:        1844596 kB
MemFree:          609796 kB
MemAvailable:    1506976 kB
Buffers:           67804 kB
Cached:           923228 kB
MemTotal:        1844596 kB
MemFree:          611096 kB
MemAvailable:    1508276 kB
Buffers:           67804 kB
Cached:           923228 kB
MemTotal:        1844596 kB
MemFree:          610728 kB
MemAvailable:    1507908 kB
Buffers:           67804 kB
Cached:           923228 kB
MemTotal:        1844596 kB
MemFree:          610728 kB
MemAvailable:    1507908 kB
Buffers:           67804 kB
Cached:           923228 kB
MemTotal:        1844596 kB
MemFree:          608504 kB
MemAvailable:    1505684 kB
Buffers:           67804 kB
Cached:           923228 kB
MemTotal:        1844596 kB
MemFree:          608820 kB
MemAvailable:    1506000 kB
Buffers:           67804 kB
Cached:           923228 kB
MemTotal:        1844596 kB
MemFree:          608016 kB
MemAvailable:    1505196 kB
Buffers:           67804 kB
Cached:           923228 kB
MemTotal:        1844596 kB
MemFree:          608484 kB
MemAvailable:    1505664 kB
Buffers:           67804 kB
Cached:           923228 kB
MemTotal:        1844596 kB
MemFree:          608820 kB
MemAvailable:    1506000 kB
Buffers:           67804 kB
Cached:           923228 kB
MemTotal:        1844596 kB
MemFree:          608696 kB
MemAvailable:    1505876 kB
Buffers:           67804 kB
Cached:           923228 kB
MemTotal:        1844596 kB
MemFree:          607884 kB
MemAvailable:    1505064 kB
Buffers:           67804 kB
Cached:           923228 kB
MemTotal:        1844596 kB
MemFree:          608504 kB
MemAvailable:    1505684 kB
Buffers:           67804 kB
Cached:           923228 kB
MemTotal:        1844596 kB
MemFree:          608760 kB
MemAvailable:    1505940 kB
Buffers:           67804 kB
Cached:           923228 kB
MemTotal:        1844596 kB
MemFree:          607520 kB
MemAvailable:    1504700 kB
Buffers:           67804 kB
Cached:           923228 kB
MemTotal:        1844596 kB
MemFree:          609908 kB
MemAvailable:    1507088 kB
Buffers:           67804 kB
Cached:           923228 kB
MemTotal:        1844596 kB
MemFree:          609940 kB
MemAvailable:    1507120 kB
Buffers:           67804 kB
Cached:           923228 kB
MemTotal:        1844596 kB
MemFree:          607636 kB
MemAvailable:    1504816 kB
Buffers:           67804 kB
Cached:           923228 kB
MemTotal:        1844596 kB
MemFree:          605528 kB
MemAvailable:    1502708 kB
Buffers:           67804 kB
Cached:           923228 kB
MemTotal:        1844596 kB
MemFree:          606272 kB
MemAvailable:    1503452 kB
Buffers:           67804 kB
Cached:           923228 kB
MemTotal:        1844596 kB
MemFree:          605668 kB
MemAvailable:    1502848 kB
Buffers:           67804 kB
Cached:           923228 kB
MemTotal:        1844596 kB
MemFree:          604544 kB
MemAvailable:    1501724 kB
Buffers:           67804 kB
Cached:           923228 kB
MemTotal:        1844596 kB
MemFree:          605596 kB
MemAvailable:    1502776 kB
Buffers:           67804 kB
Cached:           923228 kB
MemTotal:        1844596 kB
MemFree:          603800 kB
MemAvailable:    1500980 kB
Buffers:           67804 kB
Cached:           923228 kB
MemTotal:        1844596 kB
MemFree:          603552 kB
MemAvailable:    1500736 kB
Buffers:           67804 kB
Cached:           923232 kB
MemTotal:        1844596 kB
MemFree:          604784 kB
MemAvailable:    1501968 kB
Buffers:           67804 kB
Cached:           923232 kB
MemTotal:        1844596 kB
MemFree:          604536 kB
MemAvailable:    1501720 kB
Buffers:           67804 kB
Cached:           923232 kB
MemTotal:        1844596 kB
MemFree:          603304 kB
MemAvailable:    1500496 kB
Buffers:           67804 kB
Cached:           923236 kB
MemTotal:        1844596 kB
MemFree:          604480 kB
MemAvailable:    1501672 kB
Buffers:           67804 kB
Cached:           923236 kB
MemTotal:        1844596 kB
MemFree:          603180 kB
MemAvailable:    1500372 kB
Buffers:           67804 kB
Cached:           923236 kB
MemTotal:        1844596 kB
MemFree:          603776 kB
MemAvailable:    1500968 kB
Buffers:           67804 kB
Cached:           923236 kB
MemTotal:        1844596 kB
MemFree:          603676 kB
MemAvailable:    1500868 kB
Buffers:           67804 kB
Cached:           923236 kB
MemTotal:        1844596 kB
MemFree:          603744 kB
MemAvailable:    1500936 kB
Buffers:           67804 kB
Cached:           923236 kB
MemTotal:        1844596 kB
MemFree:          602172 kB
MemAvailable:    1499364 kB
Buffers:           67804 kB
Cached:           923236 kB
MemTotal:        1844596 kB
MemFree:          603468 kB
MemAvailable:    1500660 kB
Buffers:           67804 kB
Cached:           923236 kB
MemTotal:        1844596 kB
MemFree:          602276 kB
MemAvailable:    1499468 kB
Buffers:           67804 kB
Cached:           923236 kB
MemTotal:        1844596 kB
MemFree:          603508 kB
MemAvailable:    1500700 kB
Buffers:           67804 kB
Cached:           923236 kB
MemTotal:        1844596 kB
MemFree:          603508 kB
MemAvailable:    1500700 kB
Buffers:           67804 kB
Cached:           923236 kB
MemTotal:        1844596 kB
MemFree:          602040 kB
MemAvailable:    1499232 kB
Buffers:           67804 kB
Cached:           923236 kB
MemTotal:        1844596 kB
MemFree:          602256 kB
MemAvailable:    1499448 kB
Buffers:           67804 kB
Cached:           923236 kB
MemTotal:        1844596 kB
MemFree:          603612 kB
MemAvailable:    1500804 kB
Buffers:           67804 kB
Cached:           923236 kB
MemTotal:        1844596 kB
MemFree:          603484 kB
MemAvailable:    1500676 kB
Buffers:           67804 kB
Cached:           923236 kB
MemTotal:        1844596 kB
MemFree:          603484 kB
MemAvailable:    1500676 kB
Buffers:           67804 kB
Cached:           923236 kB
MemTotal:        1844596 kB
MemFree:          603304 kB
MemAvailable:    1500496 kB
Buffers:           67804 kB
Cached:           923236 kB
MemTotal:        1844596 kB
MemFree:          603108 kB
MemAvailable:    1500300 kB
Buffers:           67804 kB
Cached:           923236 kB
MemTotal:        1844596 kB
MemFree:          601940 kB
MemAvailable:    1499132 kB
Buffers:           67804 kB
Cached:           923236 kB
MemTotal:        1844596 kB
MemFree:          602676 kB
MemAvailable:    1499868 kB
Buffers:           67804 kB
Cached:           923236 kB
MemTotal:        1844596 kB
MemFree:          602928 kB
MemAvailable:    1500120 kB
Buffers:           67804 kB
Cached:           923236 kB
MemTotal:        1844596 kB
MemFree:          601304 kB
MemAvailable:    1498496 kB
Buffers:           67804 kB
Cached:           923236 kB
MemTotal:        1844596 kB
MemFree:          601552 kB
MemAvailable:    1498744 kB
Buffers:           67804 kB
Cached:           923236 kB
MemTotal:        1844596 kB
MemFree:          601436 kB
MemAvailable:    1498628 kB
Buffers:           67804 kB
Cached:           923236 kB
MemTotal:        1844596 kB
MemFree:          601428 kB
MemAvailable:    1498620 kB
Buffers:           67804 kB
Cached:           923236 kB
MemTotal:        1844596 kB
MemFree:          602628 kB
MemAvailable:    1499820 kB
Buffers:           67804 kB
Cached:           923236 kB
MemTotal:        1844596 kB
MemFree:          601692 kB
MemAvailable:    1498884 kB
Buffers:           67804 kB
Cached:           923236 kB
MemTotal:        1844596 kB
MemFree:          602500 kB
MemAvailable:    1499692 kB
Buffers:           67804 kB
Cached:           923236 kB
MemTotal:        1844596 kB
MemFree:          602320 kB
MemAvailable:    1499512 kB
Buffers:           67804 kB
Cached:           923236 kB
MemTotal:        1844596 kB
MemFree:          602440 kB
MemAvailable:    1499632 kB
Buffers:           67804 kB
Cached:           923236 kB
MemTotal:        1844596 kB
MemFree:          601380 kB
MemAvailable:    1498572 kB
Buffers:           67804 kB
Cached:           923236 kB
MemTotal:        1844596 kB
MemFree:          599460 kB
MemAvailable:    1496652 kB
Buffers:           67804 kB
Cached:           923236 kB
MemTotal:        1844596 kB
MemFree:          596600 kB
MemAvailable:    1493792 kB
Buffers:           67804 kB
Cached:           923236 kB
MemTotal:        1844596 kB
MemFree:          596608 kB
MemAvailable:    1493800 kB
Buffers:           67804 kB
Cached:           923236 kB
MemTotal:        1844596 kB
MemFree:          593748 kB
MemAvailable:    1490940 kB
Buffers:           67804 kB
Cached:           923236 kB
MemTotal:        1844596 kB
MemFree:          595112 kB
MemAvailable:    1492304 kB
Buffers:           67804 kB
Cached:           923236 kB
MemTotal:        1844596 kB
MemFree:          594608 kB
MemAvailable:    1491800 kB
Buffers:           67804 kB
Cached:           923236 kB
MemTotal:        1844596 kB
MemFree:          594692 kB
MemAvailable:    1491884 kB
Buffers:           67804 kB
Cached:           923236 kB
MemTotal:        1844596 kB
MemFree:          594748 kB
MemAvailable:    1491940 kB
Buffers:           67804 kB
Cached:           923236 kB
MemTotal:        1844596 kB
MemFree:          593624 kB
MemAvailable:    1490816 kB
Buffers:           67804 kB
Cached:           923236 kB
MemTotal:        1844596 kB
MemFree:          593500 kB
MemAvailable:    1490692 kB
Buffers:           67804 kB
Cached:           923236 kB
MemTotal:        1844596 kB
MemFree:          593500 kB
MemAvailable:    1490692 kB
Buffers:           67804 kB
Cached:           923236 kB
MemTotal:        1844596 kB
MemFree:          593748 kB
MemAvailable:    1490940 kB
Buffers:           67804 kB
Cached:           923236 kB
MemTotal:        1844596 kB
MemFree:          594600 kB
MemAvailable:    1491792 kB
Buffers:           67804 kB
Cached:           923236 kB
MemTotal:        1844596 kB
MemFree:          594376 kB
MemAvailable:    1491568 kB
Buffers:           67804 kB
Cached:           923236 kB
MemTotal:        1844596 kB
MemFree:          594472 kB
MemAvailable:    1491664 kB
Buffers:           67804 kB
Cached:           923236 kB
MemTotal:        1844596 kB
MemFree:          594376 kB
MemAvailable:    1491568 kB
Buffers:           67804 kB
Cached:           923236 kB
MemTotal:        1844596 kB
MemFree:          594444 kB
MemAvailable:    1491636 kB
Buffers:           67804 kB
Cached:           923236 kB
MemTotal:        1844596 kB
MemFree:          594004 kB
MemAvailable:    1491196 kB
Buffers:           67804 kB
Cached:           923236 kB
MemTotal:        1844596 kB
MemFree:          592880 kB
MemAvailable:    1490072 kB
Buffers:           67804 kB
Cached:           923236 kB
MemTotal:        1844596 kB
MemFree:          592516 kB
MemAvailable:    1489708 kB
Buffers:           67804 kB
Cached:           923236 kB
MemTotal:        1844596 kB
MemFree:          593220 kB
MemAvailable:    1490412 kB
Buffers:           67804 kB
Cached:           923236 kB
MemTotal:        1844596 kB
MemFree:          592144 kB
MemAvailable:    1489336 kB
Buffers:           67804 kB
Cached:           923236 kB
MemTotal:        1844596 kB
MemFree:          593072 kB
MemAvailable:    1490268 kB
Buffers:           67804 kB
Cached:           923240 kB
MemTotal:        1844596 kB
MemFree:          591772 kB
MemAvailable:    1488968 kB
Buffers:           67804 kB
Cached:           923240 kB
MemTotal:        1844596 kB
MemFree:          591880 kB
MemAvailable:    1489076 kB
Buffers:           67804 kB
Cached:           923240 kB
MemTotal:        1844596 kB
MemFree:          591880 kB
MemAvailable:    1489076 kB
Buffers:           67804 kB
Cached:           923240 kB
MemTotal:        1844596 kB
MemFree:          591508 kB
MemAvailable:    1488704 kB
Buffers:           67804 kB
Cached:           923240 kB
MemTotal:        1844596 kB
MemFree:          590036 kB
MemAvailable:    1487232 kB
Buffers:           67804 kB
Cached:           923240 kB
MemTotal:        1844596 kB
MemFree:          589904 kB
MemAvailable:    1487100 kB
Buffers:           67804 kB
Cached:           923240 kB
MemTotal:        1844596 kB
MemFree:          591204 kB
MemAvailable:    1488400 kB
Buffers:           67804 kB
Cached:           923240 kB
MemTotal:        1844596 kB
MemFree:          591028 kB
MemAvailable:    1488224 kB
Buffers:           67804 kB
Cached:           923240 kB
MemTotal:        1844596 kB
MemFree:          589788 kB
MemAvailable:    1486984 kB
Buffers:           67804 kB
Cached:           923240 kB
MemTotal:        1844596 kB
MemFree:          589788 kB
MemAvailable:    1486984 kB
Buffers:           67804 kB
Cached:           923240 kB
MemTotal:        1844596 kB
MemFree:          590632 kB
MemAvailable:    1487828 kB
Buffers:           67804 kB
Cached:           923240 kB
MemTotal:        1844596 kB
MemFree:          590104 kB
MemAvailable:    1487300 kB
Buffers:           67804 kB
Cached:           923240 kB
MemTotal:        1844596 kB
MemFree:          590904 kB
MemAvailable:    1488100 kB
Buffers:           67804 kB
Cached:           923240 kB
MemTotal:        1844596 kB
MemFree:          589664 kB
MemAvailable:    1486860 kB
Buffers:           67804 kB
Cached:           923240 kB
MemTotal:        1844596 kB
MemFree:          589396 kB
MemAvailable:    1486592 kB
Buffers:           67804 kB
Cached:           923240 kB
MemTotal:        1844596 kB
MemFree:          590532 kB
MemAvailable:    1487728 kB
Buffers:           67804 kB
Cached:           923240 kB
MemTotal:        1844596 kB
MemFree:          589168 kB
MemAvailable:    1486364 kB
Buffers:           67804 kB
Cached:           923240 kB
MemTotal:        1844596 kB
MemFree:          585432 kB
MemAvailable:    1482628 kB
Buffers:           67804 kB
Cached:           923240 kB
MemTotal:        1844596 kB
MemFree:          585432 kB
MemAvailable:    1482628 kB
Buffers:           67804 kB
Cached:           923240 kB
MemTotal:        1844596 kB
MemFree:          584936 kB
MemAvailable:    1482136 kB
Buffers:           67804 kB
Cached:           923244 kB
MemTotal:        1844596 kB
MemFree:          585272 kB
MemAvailable:    1482472 kB
Buffers:           67804 kB
Cached:           923244 kB
MemTotal:        1844596 kB
MemFree:          584896 kB
MemAvailable:    1482096 kB
Buffers:           67804 kB
Cached:           923244 kB
MemTotal:        1844596 kB
MemFree:          584896 kB
MemAvailable:    1482096 kB
Buffers:           67804 kB
Cached:           923244 kB
MemTotal:        1844596 kB
MemFree:          584628 kB
MemAvailable:    1481828 kB
Buffers:           67804 kB
Cached:           923244 kB
MemTotal:        1844596 kB
MemFree:          584964 kB
MemAvailable:    1482164 kB
Buffers:           67804 kB
Cached:           923244 kB
MemTotal:        1844596 kB
MemFree:          583512 kB
MemAvailable:    1480712 kB
Buffers:           67804 kB
Cached:           923244 kB
MemTotal:        1844596 kB
MemFree:          584844 kB
MemAvailable:    1482044 kB
Buffers:           67804 kB
Cached:           923244 kB
MemTotal:        1844596 kB
MemFree:          583588 kB
MemAvailable:    1480788 kB
Buffers:           67804 kB
Cached:           923244 kB
MemTotal:        1844596 kB
MemFree:          584428 kB
MemAvailable:    1481628 kB
Buffers:           67804 kB
Cached:           923244 kB
MemTotal:        1844596 kB
MemFree:          584620 kB
MemAvailable:    1481820 kB
Buffers:           67804 kB
Cached:           923244 kB
MemTotal:        1844596 kB
MemFree:          583580 kB
MemAvailable:    1480780 kB
Buffers:           67804 kB
Cached:           923244 kB
MemTotal:        1844596 kB
MemFree:          583472 kB
MemAvailable:    1480672 kB
Buffers:           67804 kB
Cached:           923244 kB
MemTotal:        1844596 kB
MemFree:          581588 kB
MemAvailable:    1478788 kB
Buffers:           67804 kB
Cached:           923244 kB
MemTotal:        1844596 kB
MemFree:          581356 kB
MemAvailable:    1478556 kB
Buffers:           67804 kB
Cached:           923244 kB
MemTotal:        1844596 kB
MemFree:          581592 kB
MemAvailable:    1478792 kB
Buffers:           67804 kB
Cached:           923244 kB
MemTotal:        1844596 kB
MemFree:          581412 kB
MemAvailable:    1478612 kB
Buffers:           67804 kB
Cached:           923244 kB
MemTotal:        1844596 kB
MemFree:          581668 kB
MemAvailable:    1478868 kB
Buffers:           67804 kB
Cached:           923244 kB
MemTotal:        1844596 kB
MemFree:          583500 kB
MemAvailable:    1480700 kB
Buffers:           67804 kB
Cached:           923244 kB
MemTotal:        1844596 kB
MemFree:          583500 kB
MemAvailable:    1480700 kB
Buffers:           67804 kB
Cached:           923244 kB
MemTotal:        1844596 kB
MemFree:          583532 kB
MemAvailable:    1480732 kB
Buffers:           67804 kB
Cached:           923244 kB
MemTotal:        1844596 kB
MemFree:          582416 kB
MemAvailable:    1479700 kB
Buffers:           67804 kB
Cached:           923368 kB
MemTotal:        1844596 kB
MemFree:          582416 kB
MemAvailable:    1479952 kB
Buffers:           67804 kB
Cached:           923616 kB
MemTotal:        1844596 kB
MemFree:          582348 kB
MemAvailable:    1479884 kB
Buffers:           67804 kB
Cached:           923616 kB
MemTotal:        1844596 kB
MemFree:          582964 kB
MemAvailable:    1480584 kB
Buffers:           67804 kB
Cached:           923740 kB
MemTotal:        1844596 kB
MemFree:          583008 kB
MemAvailable:    1480712 kB
Buffers:           67804 kB
Cached:           923864 kB
MemTotal:        1844596 kB
MemFree:          582928 kB
MemAvailable:    1480632 kB
Buffers:           67804 kB
Cached:           923864 kB
MemTotal:        1844596 kB
MemFree:          582928 kB
MemAvailable:    1480632 kB
Buffers:           67804 kB
Cached:           923864 kB
MemTotal:        1844596 kB
MemFree:          581652 kB
MemAvailable:    1479440 kB
Buffers:           67804 kB
Cached:           923864 kB
MemTotal:        1844596 kB
MemFree:          582828 kB
MemAvailable:    1480616 kB
Buffers:           67804 kB
Cached:           923864 kB
MemTotal:        1844596 kB
MemFree:          582828 kB
MemAvailable:    1480616 kB
Buffers:           67804 kB
Cached:           923864 kB
MemTotal:        1844596 kB
MemFree:          582752 kB
MemAvailable:    1480540 kB
Buffers:           67804 kB
Cached:           923864 kB
MemTotal:        1844596 kB
MemFree:          583092 kB
MemAvailable:    1480880 kB
Buffers:           67804 kB
Cached:           923864 kB
MemTotal:        1844596 kB
MemFree:          582824 kB
MemAvailable:    1480696 kB
Buffers:           67804 kB
Cached:           923988 kB
MemTotal:        1844596 kB
MemFree:          582824 kB
MemAvailable:    1480696 kB
Buffers:           67804 kB
Cached:           923988 kB
MemTotal:        1844596 kB
MemFree:          648020 kB
MemAvailable:    1545304 kB
Buffers:           67804 kB
Cached:           923232 kB
