MemTotal:        1844596 kB
MemFree:          748312 kB
MemAvailable:    1530224 kB
Buffers:           56576 kB
Cached:           829204 kB
MemTotal:        1844596 kB
MemFree:          747900 kB
MemAvailable:    1529812 kB
Buffers:           56576 kB
Cached:           829204 kB
MemTotal:        1844596 kB
MemFree:          746468 kB
MemAvailable:    1528380 kB
Buffers:           56576 kB
Cached:           829204 kB
MemTotal:        1844596 kB
MemFree:          746156 kB
MemAvailable:    1528068 kB
Buffers:           56576 kB
Cached:           829204 kB
MemTotal:        1844596 kB
MemFree:          746108 kB
MemAvailable:    1528020 kB
Buffers:           56576 kB
Cached:           829204 kB
MemTotal:        1844596 kB
MemFree:          744344 kB
MemAvailable:    1526256 kB
Buffers:           56576 kB
Cached:           829204 kB
MemTotal:        1844596 kB
MemFree:          744344 kB
MemAvailable:    1526256 kB
Buffers:           56576 kB
Cached:           829204 kB
MemTotal:        1844596 kB
MemFree:          740764 kB
MemAvailable:    1522676 kB
Buffers:           56576 kB
Cached:           829204 kB
MemTotal:        1844596 kB
MemFree:          739336 kB
MemAvailable:    1521248 kB
Buffers:           56576 kB
Cached:           829204 kB
MemTotal:        1844596 kB
MemFree:          735308 kB
MemAvailable:    1517220 kB
Buffers:           56576 kB
Cached:           829204 kB
MemTotal:        1844596 kB
MemFree:          736008 kB
MemAvailable:    1517924 kB
Buffers:           56576 kB
Cached:           829208 kB
MemTotal:        1844596 kB
MemFree:          736344 kB
MemAvailable:    1518260 kB
Buffers:           56576 kB
Cached:           829208 kB
MemTotal:        1844596 kB
MemFree:          736268 kB
MemAvailable:    1518184 kB
Buffers:           56576 kB
Cached:           829208 kB
MemTotal:        1844596 kB
MemFree:          736300 kB
MemAvailable:    1518216 kB
Buffers:           56576 kB
Cached:           829208 kB
MemTotal:        1844596 kB
MemFree:          735912 kB
MemAvailable:    1517828 kB
Buffers:           56576 kB
Cached:           829208 kB
MemTotal:        1844596 kB
MemFree:          736052 kB
MemAvailable:    1517968 kB
Buffers:           56576 kB
Cached:           829208 kB
MemTotal:        1844596 kB
MemFree:          734316 kB
MemAvailable:    1516232 kB
Buffers:           56576 kB
Cached:           829208 kB
MemTotal:        1844596 kB
MemFree:          734052 kB
MemAvailable:    1515968 kB
Buffers:           56576 kB
Cached:           829208 kB
MemTotal:        1844596 kB
MemFree:          734052 kB
MemAvailable:    1515968 kB
Buffers:           56576 kB
Cached:           829208 kB
MemTotal:        1844596 kB
MemFree:          733888 kB
MemAvailable:    1515804 kB
Buffers:           56576 kB
Cached:           829208 kB
MemTotal:        1844596 kB
MemFree:          732516 kB
MemAvailable:    1514432 kB
Buffers:           56576 kB
Cached:           829208 kB
MemTotal:        1844596 kB
MemFree:          733752 kB
MemAvailable:    1515668 kB
Buffers:           56576 kB
Cached:           829208 kB
MemTotal:        1844596 kB
MemFree:          732504 kB
MemAvailable:    1514420 kB
Buffers:           56576 kB
Cached:           829208 kB
MemTotal:        1844596 kB
MemFree:          733848 kB
MemAvailable:    1515764 kB
Buffers:           56576 kB
Cached:           829208 kB
MemTotal:        1844596 kB
MemFree:          732288 kB
MemAvailable:    1514204 kB
Buffers:           56576 kB
Cached:           829208 kB
MemTotal:        1844596 kB
MemFree:          732448 kB
MemAvailable:    1514364 kB
Buffers:           56576 kB
Cached:           829208 kB
MemTotal:        1844596 kB
MemFree:          733812 kB
MemAvailable:    1515728 kB
Buffers:           56576 kB
Cached:           829208 kB
MemTotal:        1844596 kB
MemFree:          734928 kB
MemAvailable:    1516844 kB
Buffers:           56576 kB
Cached:           829208 kB
MemTotal:        1844596 kB
MemFree:          735264 kB
MemAvailable:    1517180 kB
Buffers:           56576 kB
Cached:           829208 kB
MemTotal:        1844596 kB
MemFree:          733696 kB
MemAvailable:    1515612 kB
Buffers:           56576 kB
Cached:           829208 kB
MemTotal:        1844596 kB
MemFree:          731712 kB
MemAvailable:    1513628 kB
Buffers:           56576 kB
Cached:           829208 kB
MemTotal:        1844596 kB
MemFree:          730348 kB
MemAvailable:    1512264 kB
Buffers:           56576 kB
Cached:           829208 kB
MemTotal:        1844596 kB
MemFree:          731156 kB
MemAvailable:    1513076 kB
Buffers:           56576 kB
Cached:           829212 kB
MemTotal:        1844596 kB
MemFree:          729348 kB
MemAvailable:    1511268 kB
Buffers:           56576 kB
Cached:           829212 kB
MemTotal:        1844596 kB
MemFree:          729100 kB
MemAvailable:    1511020 kB
Buffers:           56576 kB
Cached:           829212 kB
MemTotal:        1844596 kB
MemFree:          728736 kB
MemAvailable:    1510656 kB
Buffers:           56576 kB
Cached:           829212 kB
MemTotal:        1844596 kB
MemFree:          729584 kB
MemAvailable:    1511504 kB
Buffers:           56576 kB
Cached:           829212 kB
MemTotal:        1844596 kB
MemFree:          729488 kB
MemAvailable:    1511408 kB
Buffers:           56576 kB
Cached:           829212 kB
MemTotal:        1844596 kB
MemFree:          729484 kB
MemAvailable:    1511404 kB
Buffers:           56576 kB
Cached:           829212 kB
MemTotal:        1844596 kB
MemFree:          728600 kB
MemAvailable:    1510520 kB
Buffers:           56576 kB
Cached:           829212 kB
MemTotal:        1844596 kB
MemFree:          728600 kB
MemAvailable:    1510520 kB
Buffers:           56576 kB
Cached:           829212 kB
MemTotal:        1844596 kB
MemFree:          728344 kB
MemAvailable:    1510264 kB
Buffers:           56576 kB
Cached:           829212 kB
MemTotal:        1844596 kB
MemFree:          728232 kB
MemAvailable:    1510152 kB
Buffers:           56576 kB
Cached:           829212 kB
MemTotal:        1844596 kB
MemFree:          729336 kB
MemAvailable:    1511256 kB
Buffers:           56576 kB
Cached:           829212 kB
MemTotal:        1844596 kB
MemFree:          729168 kB
MemAvailable:    1511088 kB
Buffers:           56576 kB
Cached:           829212 kB
MemTotal:        1844596 kB
MemFree:          727184 kB
MemAvailable:    1509104 kB
Buffers:           56576 kB
Cached:           829212 kB
MemTotal:        1844596 kB
MemFree:          727300 kB
MemAvailable:    1509220 kB
Buffers:           56576 kB
Cached:           829212 kB
MemTotal:        1844596 kB
MemFree:          728452 kB
MemAvailable:    1510372 kB
Buffers:           56576 kB
Cached:           829212 kB
MemTotal:        1844596 kB
MemFree:          728488 kB
MemAvailable:    1510408 kB
Buffers:           56576 kB
Cached:           829212 kB
MemTotal:        1844596 kB
MemFree:          727316 kB
MemAvailable:    1509236 kB
Buffers:           56576 kB
Cached:           829212 kB
MemTotal:        1844596 kB
MemFree:          727316 kB
MemAvailable:    1509236 kB
Buffers:           56576 kB
Cached:           829212 kB
MemTotal:        1844596 kB
MemFree:          728552 kB
MemAvailable:    1510472 kB
Buffers:           56576 kB
Cached:           829212 kB
MemTotal:        1844596 kB
MemFree:          728408 kB
MemAvailable:    1510328 kB
Buffers:           56576 kB
Cached:           829212 kB
MemTotal:        1844596 kB
MemFree:          728660 kB
MemAvailable:    1510580 kB
Buffers:           56576 kB
Cached:           829212 kB
MemTotal:        1844596 kB
MemFree:          727360 kB
MemAvailable:    1509280 kB
Buffers:           56576 kB
Cached:           829212 kB
MemTotal:        1844596 kB
MemFree:          728356 kB
MemAvailable:    1510276 kB
Buffers:           56576 kB
Cached:           829212 kB
MemTotal:        1844596 kB
MemFree:          728124 kB
MemAvailable:    1509920 kB
Buffers:           56576 kB
Cached:           829212 kB
MemTotal:        1844596 kB
MemFree:          728044 kB
MemAvailable:    1509964 kB
Buffers:           56576 kB
Cached:           829212 kB
MemTotal:        1844596 kB
MemFree:          727872 kB
MemAvailable:    1509792 kB
Buffers:           56576 kB
Cached:           829212 kB
MemTotal:        1844596 kB
MemFree:          727548 kB
MemAvailable:    1509468 kB
Buffers:           56576 kB
Cached:           829212 kB
MemTotal:        1844596 kB
MemFree:          727800 kB
MemAvailable:    1509720 kB
Buffers:           56576 kB
Cached:           829212 kB
MemTotal:        1844596 kB
MemFree:          726372 kB
MemAvailable:    1508292 kB
Buffers:           56576 kB
Cached:           829212 kB
MemTotal:        1844596 kB
MemFree:          726504 kB
MemAvailable:    1508424 kB
Buffers:           56576 kB
Cached:           829212 kB
MemTotal:        1844596 kB
MemFree:          727500 kB
MemAvailable:    1509420 kB
Buffers:           56576 kB
Cached:           829212 kB
MemTotal:        1844596 kB
MemFree:          726332 kB
MemAvailable:    1508252 kB
Buffers:           56576 kB
Cached:           829212 kB
MemTotal:        1844596 kB
MemFree:          727488 kB
MemAvailable:    1509408 kB
Buffers:           56576 kB
Cached:           829212 kB
MemTotal:        1844596 kB
MemFree:          727824 kB
MemAvailable:    1509744 kB
Buffers:           56576 kB
Cached:           829212 kB
MemTotal:        1844596 kB
MemFree:          727572 kB
MemAvailable:    1509492 kB
Buffers:           56576 kB
Cached:           829212 kB
MemTotal:        1844596 kB
MemFree:          727344 kB
MemAvailable:    1509264 kB
Buffers:           56576 kB
Cached:           829212 kB
MemTotal:        1844596 kB
MemFree:          727428 kB
MemAvailable:    1509348 kB
Buffers:           56576 kB
Cached:           829212 kB
MemTotal:        1844596 kB
MemFree:          724264 kB
MemAvailable:    1506184 kB
Buffers:           56576 kB
Cached:           829212 kB
MemTotal:        1844596 kB
MemFree:          721792 kB
MemAvailable:    1503712 kB
Buffers:           56576 kB
Cached:           829212 kB
MemTotal:        1844596 kB
MemFree:          720172 kB
MemAvailable:    1502092 kB
Buffers:           56576 kB
Cached:           829212 kB
MemTotal:        1844596 kB
MemFree:          720172 kB
MemAvailable:    1502092 kB
Buffers:           56576 kB
Cached:           829212 kB
MemTotal:        1844596 kB
MemFree:          718544 kB
MemAvailable:    1500464 kB
Buffers:           56576 kB
Cached:           829212 kB
MemTotal:        1844596 kB
MemFree:          719776 kB
MemAvailable:    1501696 kB
Buffers:           56576 kB
Cached:           829212 kB
MemTotal:        1844596 kB
MemFree:          719520 kB
MemAvailable:    1501440 kB
Buffers:           56576 kB
Cached:           829212 kB
MemTotal:        1844596 kB
MemFree:          719604 kB
MemAvailable:    1501524 kB
Buffers:           56576 kB
Cached:           829212 kB
MemTotal:        1844596 kB
MemFree:          718412 kB
MemAvailable:    1500332 kB
Buffers:           56576 kB
Cached:           829212 kB
MemTotal:        1844596 kB
MemFree:          719644 kB
MemAvailable:    1501564 kB
Buffers:           56576 kB
Cached:           829212 kB
MemTotal:        1844596 kB
MemFree:          719508 kB
MemAvailable:    1501428 kB
Buffers:           56576 kB
Cached:           829212 kB
MemTotal:        1844596 kB
MemFree:          719508 kB
MemAvailable:    1501428 kB
Buffers:           56576 kB
Cached:           829212 kB
MemTotal:        1844596 kB
MemFree:          719864 kB
MemAvailable:    1501784 kB
Buffers:           56576 kB
Cached:           829212 kB
MemTotal:        1844596 kB
MemFree:          718312 kB
MemAvailable:    1500232 kB
Buffers:           56576 kB
Cached:           829212 kB
MemTotal:        1844596 kB
MemFree:          718312 kB
MemAvailable:    1500232 kB
Buffers:           56576 kB
Cached:           829212 kB
MemTotal:        1844596 kB
MemFree:          719612 kB
MemAvailable:    1501532 kB
Buffers:           56576 kB
Cached:           829212 kB
MemTotal:        1844596 kB
MemFree:          719796 kB
MemAvailable:    1501716 kB
Buffers:           56576 kB
Cached:           829212 kB
MemTotal:        1844596 kB
MemFree:          718320 kB
MemAvailable:    1500240 kB
Buffers:           56576 kB
Cached:           829212 kB
MemTotal:        1844596 kB
MemFree:          717700 kB
MemAvailable:    1499620 kB
Buffers:           56576 kB
Cached:           829212 kB
MemTotal:        1844596 kB
MemFree:          717576 kB
MemAvailable:    1499496 kB
Buffers:           56576 kB
Cached:           829212 kB
MemTotal:        1844596 kB
MemFree:          718056 kB
MemAvailable:    1499976 kB
Buffers:           56576 kB
Cached:           829212 kB
MemTotal:        1844596 kB
MemFree:          718056 kB
MemAvailable:    1499976 kB
Buffers:           56576 kB
Cached:           829212 kB
MemTotal:        1844596 kB
MemFree:          716940 kB
MemAvailable:    1498860 kB
Buffers:           56576 kB
Cached:           829212 kB
MemTotal:        1844596 kB
MemFree:          717276 kB
MemAvailable:    1499196 kB
Buffers:           56576 kB
Cached:           829212 kB
MemTotal:        1844596 kB
MemFree:          716700 kB
MemAvailable:    1498620 kB
Buffers:           56576 kB
Cached:           829212 kB
MemTotal:        1844596 kB
MemFree:          716576 kB
MemAvailable:    1498496 kB
Buffers:           56576 kB
Cached:           829212 kB
MemTotal:        1844596 kB
MemFree:          715772 kB
MemAvailable:    1497692 kB
Buffers:           56576 kB
Cached:           829212 kB
MemTotal:        1844596 kB
MemFree:          716128 kB
MemAvailable:    1498048 kB
Buffers:           56576 kB
Cached:           829212 kB
MemTotal:        1844596 kB
MemFree:          716212 kB
MemAvailable:    1498132 kB
Buffers:           56576 kB
Cached:           829212 kB
MemTotal:        1844596 kB
MemFree:          715768 kB
MemAvailable:    1497688 kB
Buffers:           56576 kB
Cached:           829212 kB
MemTotal:        1844596 kB
MemFree:          714544 kB
MemAvailable:    1496464 kB
Buffers:           56576 kB
Cached:           829212 kB
MemTotal:        1844596 kB
MemFree:          715676 kB
MemAvailable:    1497596 kB
Buffers:           56576 kB
Cached:           829212 kB
MemTotal:        1844596 kB
MemFree:          715468 kB
MemAvailable:    1497388 kB
Buffers:           56576 kB
Cached:           829212 kB
MemTotal:        1844596 kB
MemFree:          715828 kB
MemAvailable:    1497748 kB
Buffers:           56576 kB
Cached:           829212 kB
MemTotal:        1844596 kB
MemFree:          715716 kB
MemAvailable:    1497636 kB
Buffers:           56576 kB
Cached:           829212 kB
MemTotal:        1844596 kB
MemFree:          715096 kB
MemAvailable:    1497016 kB
Buffers:           56576 kB
Cached:           829212 kB
MemTotal:        1844596 kB
MemFree:          715660 kB
MemAvailable:    1497588 kB
Buffers:           56576 kB
Cached:           829220 kB
MemTotal:        1844596 kB
MemFree:          715912 kB
MemAvailable:    1497840 kB
Buffers:           56576 kB
Cached:           829220 kB
MemTotal:        1844596 kB
MemFree:          715344 kB
MemAvailable:    1497272 kB
Buffers:           56576 kB
Cached:           829220 kB
MemTotal:        1844596 kB
MemFree:          715272 kB
MemAvailable:    1497200 kB
Buffers:           56576 kB
Cached:           829220 kB
MemTotal:        1844596 kB
MemFree:          710012 kB
MemAvailable:    1491940 kB
Buffers:           56576 kB
Cached:           829220 kB
MemTotal:        1844596 kB
MemFree:          710428 kB
MemAvailable:    1492356 kB
Buffers:           56576 kB
Cached:           829220 kB
MemTotal:        1844596 kB
MemFree:          710688 kB
MemAvailable:    1492616 kB
Buffers:           56576 kB
Cached:           829220 kB
MemTotal:        1844596 kB
MemFree:          710128 kB
MemAvailable:    1492056 kB
Buffers:           56576 kB
Cached:           829220 kB
MemTotal:        1844596 kB
MemFree:          710128 kB
MemAvailable:    1492056 kB
Buffers:           56576 kB
Cached:           829220 kB
MemTotal:        1844596 kB
MemFree:          709932 kB
MemAvailable:    1491860 kB
Buffers:           56576 kB
Cached:           829220 kB
MemTotal:        1844596 kB
MemFree:          709892 kB
MemAvailable:    1491820 kB
Buffers:           56576 kB
Cached:           829220 kB
MemTotal:        1844596 kB
MemFree:          708460 kB
MemAvailable:    1490388 kB
Buffers:           56576 kB
Cached:           829220 kB
MemTotal:        1844596 kB
MemFree:          709560 kB
MemAvailable:    1491488 kB
Buffers:           56576 kB
Cached:           829220 kB
MemTotal:        1844596 kB
MemFree:          709728 kB
MemAvailable:    1491656 kB
Buffers:           56576 kB
Cached:           829220 kB
MemTotal:        1844596 kB
MemFree:          709436 kB
MemAvailable:    1491364 kB
Buffers:           56576 kB
Cached:           829220 kB
MemTotal:        1844596 kB
MemFree:          709772 kB
MemAvailable:    1491700 kB
Buffers:           56576 kB
Cached:           829220 kB
MemTotal:        1844596 kB
MemFree:          708824 kB
MemAvailable:    1490752 kB
Buffers:           56576 kB
Cached:           829220 kB
MemTotal:        1844596 kB
MemFree:          707532 kB
MemAvailable:    1489460 kB
Buffers:           56576 kB
Cached:           829220 kB
MemTotal:        1844596 kB
MemFree:          706780 kB
MemAvailable:    1488708 kB
Buffers:           56576 kB
Cached:           829220 kB
MemTotal:        1844596 kB
MemFree:          707116 kB
MemAvailable:    1489044 kB
Buffers:           56576 kB
Cached:           829220 kB
MemTotal:        1844596 kB
MemFree:          706648 kB
MemAvailable:    1488576 kB
Buffers:           56576 kB
Cached:           829220 kB
MemTotal:        1844596 kB
MemFree:          706548 kB
MemAvailable:    1488476 kB
Buffers:           56576 kB
Cached:           829220 kB
MemTotal:        1844596 kB
MemFree:          706544 kB
MemAvailable:    1488472 kB
Buffers:           56576 kB
Cached:           829220 kB
MemTotal:        1844596 kB
MemFree:          706672 kB
MemAvailable:    1488600 kB
Buffers:           56576 kB
Cached:           829220 kB
MemTotal:        1844596 kB
MemFree:          705240 kB
MemAvailable:    1487168 kB
Buffers:           56576 kB
Cached:           829220 kB
MemTotal:        1844596 kB
MemFree:          708504 kB
MemAvailable:    1490432 kB
Buffers:           56576 kB
Cached:           829220 kB
MemTotal:        1844596 kB
MemFree:          708420 kB
MemAvailable:    1490432 kB
Buffers:           56576 kB
Cached:           829344 kB
MemTotal:        1844596 kB
MemFree:          708088 kB
MemAvailable:    1490352 kB
Buffers:           56576 kB
Cached:           829592 kB
MemTotal:        1844596 kB
MemFree:          708340 kB
MemAvailable:    1490604 kB
Buffers:           56576 kB
Cached:           829592 kB
MemTotal:        1844596 kB
MemFree:          708096 kB
MemAvailable:    1490444 kB
Buffers:           56576 kB
Cached:           829716 kB
MemTotal:        1844596 kB
MemFree:          707692 kB
MemAvailable:    1490208 kB
Buffers:           56576 kB
Cached:           829840 kB
MemTotal:        1844596 kB
MemFree:          707692 kB
MemAvailable:    1490208 kB
Buffers:           56576 kB
Cached:           829840 kB
MemTotal:        1844596 kB
MemFree:          707884 kB
MemAvailable:    1490400 kB
Buffers:           56576 kB
Cached:           829840 kB
MemTotal:        1844596 kB
MemFree:          707896 kB
MemAvailable:    1490412 kB
Buffers:           56576 kB
Cached:           829840 kB
MemTotal:        1844596 kB
MemFree:          706464 kB
MemAvailable:    1488980 kB
Buffers:           56576 kB
Cached:           829840 kB
MemTotal:        1844596 kB
MemFree:          707732 kB
MemAvailable:    1490248 kB
Buffers:           56576 kB
Cached:           829840 kB
MemTotal:        1844596 kB
MemFree:          707732 kB
MemAvailable:    1490248 kB
Buffers:           56576 kB
Cached:           829840 kB
MemTotal:        1844596 kB
MemFree:          707592 kB
MemAvailable:    1490108 kB
Buffers:           56576 kB
Cached:           829840 kB
MemTotal:        1844596 kB
MemFree:          707928 kB
MemAvailable:    1490444 kB
Buffers:           56576 kB
Cached:           829840 kB
MemTotal:        1844596 kB
MemFree:          708080 kB
MemAvailable:    1490008 kB
Buffers:           56576 kB
Cached:           829208 kB
MemTotal:        1844596 kB
MemFree:          708276 kB
MemAvailable:    1490204 kB
Buffers:           56576 kB
Cached:           829208 kB
MemTotal:        1844596 kB
MemFree:          775252 kB
MemAvailable:    1557180 kB
Buffers:           56576 kB
Cached:           829208 kB
