MemTotal:        1844596 kB
MemFree:          669260 kB
MemAvailable:    1525704 kB
Buffers:           63912 kB
Cached:           890244 kB
MemTotal:        1844596 kB
MemFree:          669120 kB
MemAvailable:    1525564 kB
Buffers:           63912 kB
Cached:           890244 kB
MemTotal:        1844596 kB
MemFree:          667276 kB
MemAvailable:    1523720 kB
Buffers:           63912 kB
Cached:           890244 kB
MemTotal:        1844596 kB
MemFree:          666152 kB
MemAvailable:    1522596 kB
Buffers:           63912 kB
Cached:           890244 kB
MemTotal:        1844596 kB
MemFree:          665912 kB
MemAvailable:    1522356 kB
Buffers:           63912 kB
Cached:           890244 kB
MemTotal:        1844596 kB
MemFree:          665788 kB
MemAvailable:    1522232 kB
Buffers:           63912 kB
Cached:           890244 kB
MemTotal:        1844596 kB
MemFree:          663168 kB
MemAvailable:    1519612 kB
Buffers:           63912 kB
Cached:           890244 kB
MemTotal:        1844596 kB
MemFree:          662936 kB
MemAvailable:    1519380 kB
Buffers:           63912 kB
Cached:           890244 kB
MemTotal:        1844596 kB
MemFree:          659960 kB
MemAvailable:    1516404 kB
Buffers:           63912 kB
Cached:           890244 kB
MemTotal:        1844596 kB
MemFree:          656832 kB
MemAvailable:    1513276 kB
Buffers:           63912 kB
Cached:           890244 kB
MemTotal:        1844596 kB
MemFree:          655840 kB
MemAvailable:    1512284 kB
Buffers:           63912 kB
Cached:           890244 kB
MemTotal:        1844596 kB
MemFree:          656976 kB
MemAvailable:    1513420 kB
Buffers:           63912 kB
Cached:           890244 kB
MemTotal:        1844596 kB
MemFree:          656976 kB
MemAvailable:    1513420 kB
Buffers:           63912 kB
Cached:           890244 kB
MemTotal:        1844596 kB
MemFree:          656936 kB
MemAvailable:    1513380 kB
Buffers:           63912 kB
Cached:           890244 kB
MemTotal:        1844596 kB
MemFree:          656744 kB
MemAvailable:    1513188 kB
Buffers:           63912 kB
Cached:           890244 kB
MemTotal:        1844596 kB
MemFree:          655480 kB
MemAvailable:    1511924 kB
Buffers:           63912 kB
Cached:           890244 kB
MemTotal:        1844596 kB
MemFree:          655488 kB
MemAvailable:    1511932 kB
Buffers:           63912 kB
Cached:           890244 kB
MemTotal:        1844596 kB
MemFree:          655488 kB
MemAvailable:    1511932 kB
Buffers:           63912 kB
Cached:           890244 kB
MemTotal:        1844596 kB
MemFree:          654612 kB
MemAvailable:    1511056 kB
Buffers:           63912 kB
Cached:           890244 kB
MemTotal:        1844596 kB
MemFree:          654948 kB
MemAvailable:    1511392 kB
Buffers:           63912 kB
Cached:           890244 kB
MemTotal:        1844596 kB
MemFree:          654620 kB
MemAvailable:    1511064 kB
Buffers:           63912 kB
Cached:           890244 kB
MemTotal:        1844596 kB
MemFree:          654760 kB
MemAvailable:    1511204 kB
Buffers:           63912 kB
Cached:           890244 kB
MemTotal:        1844596 kB
MemFree:          653068 kB
MemAvailable:    1509512 kB
Buffers:           63912 kB
Cached:           890244 kB
MemTotal:        1844596 kB
MemFree:          654440 kB
MemAvailable:    1510884 kB
Buffers:           63912 kB
Cached:           890244 kB
MemTotal:        1844596 kB
MemFree:          653324 kB
MemAvailable:    1509768 kB
Buffers:           63912 kB
Cached:           890244 kB
MemTotal:        1844596 kB
MemFree:          655808 kB
MemAvailable:    1512252 kB
Buffers:           63912 kB
Cached:           890244 kB
MemTotal:        1844596 kB
MemFree:          655808 kB
MemAvailable:    1512252 kB
Buffers:           63912 kB
Cached:           890244 kB
MemTotal:        1844596 kB
MemFree:          655980 kB
MemAvailable:    1512424 kB
Buffers:           63912 kB
Cached:           890244 kB
MemTotal:        1844596 kB
MemFree:          654316 kB
MemAvailable:    1510760 kB
Buffers:           63912 kB
Cached:           890244 kB
MemTotal:        1844596 kB
MemFree:          653368 kB
MemAvailable:    1509812 kB
Buffers:           63912 kB
Cached:           890244 kB
MemTotal:        1844596 kB
MemFree:          651404 kB
MemAvailable:    1507848 kB
Buffers:           63912 kB
Cached:           890244 kB
MemTotal:        1844596 kB
MemFree:          651876 kB
MemAvailable:    1508320 kB
Buffers:           63912 kB
Cached:           890244 kB
MemTotal:        1844596 kB
MemFree:          652024 kB
MemAvailable:    1508468 kB
Buffers:           63912 kB
Cached:           890244 kB
MemTotal:        1844596 kB
MemFree:          651140 kB
MemAvailable:    1507584 kB
Buffers:           63912 kB
Cached:           890244 kB
MemTotal:        1844596 kB
MemFree:          651140 kB
MemAvailable:    1507584 kB
Buffers:           63920 kB
Cached:           890236 kB
MemTotal:        1844596 kB
MemFree:          649296 kB
MemAvailable:    1505740 kB
Buffers:           63924 kB
Cached:           890232 kB
MemTotal:        1844596 kB
MemFree:          649544 kB
MemAvailable:    1505988 kB
Buffers:           63924 kB
Cached:           890232 kB
MemTotal:        1844596 kB
MemFree:          649296 kB
MemAvailable:    1505740 kB
Buffers:           63924 kB
Cached:           890232 kB
MemTotal:        1844596 kB
MemFree:          650536 kB
MemAvailable:    1506980 kB
Buffers:           63924 kB
Cached:           890232 kB
MemTotal:        1844596 kB
MemFree:          650272 kB
MemAvailable:    1506716 kB
Buffers:           63924 kB
Cached:           890232 kB
MemTotal:        1844596 kB
MemFree:          650524 kB
MemAvailable:    1506968 kB
Buffers:           63924 kB
Cached:           890232 kB
MemTotal:        1844596 kB
MemFree:          650148 kB
MemAvailable:    1506592 kB
Buffers:           63924 kB
Cached:           890232 kB
MemTotal:        1844596 kB
MemFree:          649792 kB
MemAvailable:    1506236 kB
Buffers:           63924 kB
Cached:           890232 kB
MemTotal:        1844596 kB
MemFree:          649536 kB
MemAvailable:    1505980 kB
Buffers:           63924 kB
Cached:           890232 kB
MemTotal:        1844596 kB
MemFree:          648420 kB
MemAvailable:    1504864 kB
Buffers:           63924 kB
Cached:           890232 kB
MemTotal:        1844596 kB
MemFree:          647996 kB
MemAvailable:    1504440 kB
Buffers:           63924 kB
Cached:           890232 kB
MemTotal:        1844596 kB
MemFree:          648128 kB
MemAvailable:    1504572 kB
Buffers:           63924 kB
Cached:           890232 kB
MemTotal:        1844596 kB
MemFree:          649236 kB
MemAvailable:    1505680 kB
Buffers:           63924 kB
Cached:           890232 kB
MemTotal:        1844596 kB
MemFree:          649404 kB
MemAvailable:    1505848 kB
Buffers:           63924 kB
Cached:           890232 kB
MemTotal:        1844596 kB
MemFree:          648112 kB
MemAvailable:    1504556 kB
Buffers:           63924 kB
Cached:           890232 kB
MemTotal:        1844596 kB
MemFree:          649360 kB
MemAvailable:    1505804 kB
Buffers:           63924 kB
Cached:           890232 kB
MemTotal:        1844596 kB
MemFree:          649288 kB
MemAvailable:    1505732 kB
Buffers:           63924 kB
Cached:           890232 kB
MemTotal:        1844596 kB
MemFree:          649488 kB
MemAvailable:    1505932 kB
Buffers:           63924 kB
Cached:           890232 kB
MemTotal:        1844596 kB
MemFree:          648144 kB
MemAvailable:    1504588 kB
Buffers:           63924 kB
Cached:           890232 kB
MemTotal:        1844596 kB
MemFree:          647924 kB
MemAvailable:    1504368 kB
Buffers:           63924 kB
Cached:           890232 kB
MemTotal:        1844596 kB
MemFree:          649024 kB
MemAvailable:    1505468 kB
Buffers:           63924 kB
Cached:           890232 kB
MemTotal:        1844596 kB
MemFree:          649108 kB
MemAvailable:    1505552 kB
Buffers:           63924 kB
Cached:           890232 kB
MemTotal:        1844596 kB
MemFree:          647496 kB
MemAvailable:    1503940 kB
Buffers:           63924 kB
Cached:           890232 kB
MemTotal:        1844596 kB
MemFree:          648612 kB
MemAvailable:    1505056 kB
Buffers:           63924 kB
Cached:           890232 kB
MemTotal:        1844596 kB
MemFree:          648348 kB
MemAvailable:    1504792 kB
Buffers:           63924 kB
Cached:           890232 kB
MemTotal:        1844596 kB
MemFree:          647116 kB
MemAvailable:    1503560 kB
Buffers:           63924 kB
Cached:           890232 kB
MemTotal:        1844596 kB
MemFree:          648388 kB
MemAvailable:    1504856 kB
Buffers:           63924 kB
Cached:           890256 kB
MemTotal:        1844596 kB
MemFree:          648332 kB
MemAvailable:    1504800 kB
Buffers:           63924 kB
Cached:           890256 kB
MemTotal:        1844596 kB
MemFree:          648504 kB
MemAvailable:    1504972 kB
Buffers:           63924 kB
Cached:           890256 kB
MemTotal:        1844596 kB
MemFree:          648276 kB
MemAvailable:    1504744 kB
Buffers:           63924 kB
Cached:           890256 kB
MemTotal:        1844596 kB
MemFree:          648612 kB
MemAvailable:    1505080 kB
Buffers:           63924 kB
Cached:           890256 kB
MemTotal:        1844596 kB
MemFree:          648228 kB
MemAvailable:    1504696 kB
Buffers:           63924 kB
Cached:           890256 kB
MemTotal:        1844596 kB
MemFree:          648480 kB
MemAvailable:    1504948 kB
Buffers:           63924 kB
Cached:           890256 kB
MemTotal:        1844596 kB
MemFree:          647172 kB
MemAvailable:    1503640 kB
Buffers:           63924 kB
Cached:           890256 kB
MemTotal:        1844596 kB
MemFree:          647260 kB
MemAvailable:    1503728 kB
Buffers:           63924 kB
Cached:           890256 kB
MemTotal:        1844596 kB
MemFree:          642956 kB
MemAvailable:    1499424 kB
Buffers:           63924 kB
Cached:           890256 kB
MemTotal:        1844596 kB
MemFree:          642956 kB
MemAvailable:    1499424 kB
Buffers:           63924 kB
Cached:           890256 kB
MemTotal:        1844596 kB
MemFree:          640988 kB
MemAvailable:    1497456 kB
Buffers:           63924 kB
Cached:           890256 kB
MemTotal:        1844596 kB
MemFree:          639616 kB
MemAvailable:    1496084 kB
Buffers:           63924 kB
Cached:           890256 kB
MemTotal:        1844596 kB
MemFree:          640796 kB
MemAvailable:    1497264 kB
Buffers:           63924 kB
Cached:           890256 kB
MemTotal:        1844596 kB
MemFree:          639696 kB
MemAvailable:    1496164 kB
Buffers:           63924 kB
Cached:           890256 kB
MemTotal:        1844596 kB
MemFree:          640404 kB
MemAvailable:    1496872 kB
Buffers:           63924 kB
Cached:           890256 kB
MemTotal:        1844596 kB
MemFree:          640404 kB
MemAvailable:    1496872 kB
Buffers:           63924 kB
Cached:           890256 kB
MemTotal:        1844596 kB
MemFree:          639120 kB
MemAvailable:    1495588 kB
Buffers:           63924 kB
Cached:           890256 kB
MemTotal:        1844596 kB
MemFree:          640568 kB
MemAvailable:    1497036 kB
Buffers:           63924 kB
Cached:           890256 kB
MemTotal:        1844596 kB
MemFree:          639872 kB
MemAvailable:    1496340 kB
Buffers:           63924 kB
Cached:           890256 kB
MemTotal:        1844596 kB
MemFree:          640320 kB
MemAvailable:    1496788 kB
Buffers:           63924 kB
Cached:           890256 kB
MemTotal:        1844596 kB
MemFree:          640656 kB
MemAvailable:    1497124 kB
Buffers:           63924 kB
Cached:           890256 kB
MemTotal:        1844596 kB
MemFree:          640444 kB
MemAvailable:    1496912 kB
Buffers:           63924 kB
Cached:           890256 kB
MemTotal:        1844596 kB
MemFree:          640236 kB
MemAvailable:    1496704 kB
Buffers:           63924 kB
Cached:           890256 kB
MemTotal:        1844596 kB
MemFree:          640908 kB
MemAvailable:    1497376 kB
Buffers:           63924 kB
Cached:           890256 kB
MemTotal:        1844596 kB
MemFree:          639624 kB
MemAvailable:    1496092 kB
Buffers:           63924 kB
Cached:           890256 kB
MemTotal:        1844596 kB
MemFree:          640700 kB
MemAvailable:    1497168 kB
Buffers:           63924 kB
Cached:           890256 kB
MemTotal:        1844596 kB
MemFree:          639128 kB
MemAvailable:    1495596 kB
Buffers:           63924 kB
Cached:           890256 kB
MemTotal:        1844596 kB
MemFree:          640120 kB
MemAvailable:    1496588 kB
Buffers:           63924 kB
Cached:           890256 kB
MemTotal:        1844596 kB
MemFree:          639684 kB
MemAvailable:    1496152 kB
Buffers:           63924 kB
Cached:           890256 kB
MemTotal:        1844596 kB
MemFree:          639436 kB
MemAvailable:    1495904 kB
Buffers:           63924 kB
Cached:           890256 kB
MemTotal:        1844596 kB
MemFree:          639192 kB
MemAvailable:    1495660 kB
Buffers:           63924 kB
Cached:           890256 kB
MemTotal:        1844596 kB
MemFree:          637632 kB
MemAvailable:    1494100 kB
Buffers:           63924 kB
Cached:           890256 kB
MemTotal:        1844596 kB
MemFree:          637500 kB
MemAvailable:    1493968 kB
Buffers:           63924 kB
Cached:           890256 kB
MemTotal:        1844596 kB
MemFree:          637508 kB
MemAvailable:    1493976 kB
Buffers:           63924 kB
Cached:           890256 kB
MemTotal:        1844596 kB
MemFree:          637648 kB
MemAvailable:    1494116 kB
Buffers:           63924 kB
Cached:           890256 kB
MemTotal:        1844596 kB
MemFree:          637468 kB
MemAvailable:    1493936 kB
Buffers:           63924 kB
Cached:           890256 kB
MemTotal:        1844596 kB
MemFree:          636152 kB
MemAvailable:    1492620 kB
Buffers:           63924 kB
Cached:           890256 kB
MemTotal:        1844596 kB
MemFree:          636028 kB
MemAvailable:    1492496 kB
Buffers:           63924 kB
Cached:           890256 kB
MemTotal:        1844596 kB
MemFree:          636020 kB
MemAvailable:    1492488 kB
Buffers:           63924 kB
Cached:           890256 kB
MemTotal:        1844596 kB
MemFree:          635896 kB
MemAvailable:    1492364 kB
Buffers:           63924 kB
Cached:           890256 kB
MemTotal:        1844596 kB
MemFree:          635780 kB
MemAvailable:    1492248 kB
Buffers:           63924 kB
Cached:           890256 kB
MemTotal:        1844596 kB
MemFree:          637012 kB
MemAvailable:    1493480 kB
Buffers:           63924 kB
Cached:           890256 kB
MemTotal:        1844596 kB
MemFree:          636624 kB
MemAvailable:    1493092 kB
Buffers:           63924 kB
Cached:           890256 kB
MemTotal:        1844596 kB
MemFree:          636708 kB
MemAvailable:    1493176 kB
Buffers:           63924 kB
Cached:           890256 kB
MemTotal:        1844596 kB
MemFree:          635088 kB
MemAvailable:    1491556 kB
Buffers:           63924 kB
Cached:           890256 kB
MemTotal:        1844596 kB
MemFree:          635388 kB
MemAvailable:    1491856 kB
Buffers:           63924 kB
Cached:           890256 kB
MemTotal:        1844596 kB
MemFree:          636152 kB
MemAvailable:    1492620 kB
Buffers:           63924 kB
Cached:           890256 kB
MemTotal:        1844596 kB
MemFree:          635956 kB
MemAvailable:    1492424 kB
Buffers:           63924 kB
Cached:           890256 kB
MemTotal:        1844596 kB
MemFree:          634540 kB
MemAvailable:    1491008 kB
Buffers:           63924 kB
Cached:           890256 kB
MemTotal:        1844596 kB
MemFree:          629828 kB
MemAvailable:    1486296 kB
Buffers:           63924 kB
Cached:           890256 kB
MemTotal:        1844596 kB
MemFree:          631068 kB
MemAvailable:    1487536 kB
Buffers:           63924 kB
Cached:           890256 kB
MemTotal:        1844596 kB
MemFree:          631020 kB
MemAvailable:    1487488 kB
Buffers:           63924 kB
Cached:           890256 kB
MemTotal:        1844596 kB
MemFree:          629772 kB
MemAvailable:    1486240 kB
Buffers:           63924 kB
Cached:           890256 kB
MemTotal:        1844596 kB
MemFree:          630756 kB
MemAvailable:    1487224 kB
Buffers:           63924 kB
Cached:           890256 kB
MemTotal:        1844596 kB
MemFree:          630756 kB
MemAvailable:    1487224 kB
Buffers:           63924 kB
Cached:           890256 kB
MemTotal:        1844596 kB
MemFree:          630548 kB
MemAvailable:    1487016 kB
Buffers:           63924 kB
Cached:           890256 kB
MemTotal:        1844596 kB
MemFree:          630884 kB
MemAvailable:    1487352 kB
Buffers:           63924 kB
Cached:           890256 kB
MemTotal:        1844596 kB
MemFree:          629308 kB
MemAvailable:    1485776 kB
Buffers:           63924 kB
Cached:           890256 kB
MemTotal:        1844596 kB
MemFree:          630680 kB
MemAvailable:    1487148 kB
Buffers:           63924 kB
Cached:           890256 kB
MemTotal:        1844596 kB
MemFree:          629580 kB
MemAvailable:    1486048 kB
Buffers:           63924 kB
Cached:           890256 kB
MemTotal:        1844596 kB
MemFree:          629580 kB
MemAvailable:    1486048 kB
Buffers:           63924 kB
Cached:           890256 kB
MemTotal:        1844596 kB
MemFree:          627092 kB
MemAvailable:    1483560 kB
Buffers:           63924 kB
Cached:           890256 kB
MemTotal:        1844596 kB
MemFree:          626604 kB
MemAvailable:    1483072 kB
Buffers:           63924 kB
Cached:           890256 kB
MemTotal:        1844596 kB
MemFree:          627908 kB
MemAvailable:    1484376 kB
Buffers:           63924 kB
Cached:           890256 kB
MemTotal:        1844596 kB
MemFree:          627464 kB
MemAvailable:    1483932 kB
Buffers:           63924 kB
Cached:           890256 kB
MemTotal:        1844596 kB
MemFree:          627484 kB
MemAvailable:    1483952 kB
Buffers:           63924 kB
Cached:           890256 kB
MemTotal:        1844596 kB
MemFree:          627404 kB
MemAvailable:    1483872 kB
Buffers:           63924 kB
Cached:           890256 kB
MemTotal:        1844596 kB
MemFree:          627656 kB
MemAvailable:    1484124 kB
Buffers:           63924 kB
Cached:           890256 kB
MemTotal:        1844596 kB
MemFree:          628192 kB
MemAvailable:    1484660 kB
Buffers:           63928 kB
Cached:           890252 kB
MemTotal:        1844596 kB
MemFree:          628340 kB
MemAvailable:    1484892 kB
Buffers:           63928 kB
Cached:           890376 kB
MemTotal:        1844596 kB
MemFree:          629516 kB
MemAvailable:    1486152 kB
Buffers:           63928 kB
Cached:           890500 kB
MemTotal:        1844596 kB
MemFree:          628216 kB
MemAvailable:    1485020 kB
Buffers:           63928 kB
Cached:           890624 kB
MemTotal:        1844596 kB
MemFree:          628216 kB
MemAvailable:    1485020 kB
Buffers:           63928 kB
Cached:           890624 kB
MemTotal:        1844596 kB
MemFree:          628808 kB
MemAvailable:    1485780 kB
Buffers:           63928 kB
Cached:           890748 kB
MemTotal:        1844596 kB
MemFree:          628808 kB
MemAvailable:    1485780 kB
Buffers:           63928 kB
Cached:           890748 kB
MemTotal:        1844596 kB
MemFree:          628572 kB
MemAvailable:    1485648 kB
Buffers:           63928 kB
Cached:           890816 kB
MemTotal:        1844596 kB
MemFree:          628908 kB
MemAvailable:    1485984 kB
Buffers:           63928 kB
Cached:           890816 kB
MemTotal:        1844596 kB
MemFree:          627456 kB
MemAvailable:    1484532 kB
Buffers:           63928 kB
Cached:           890816 kB
MemTotal:        1844596 kB
MemFree:          628932 kB
MemAvailable:    1486036 kB
Buffers:           63928 kB
Cached:           890888 kB
MemTotal:        1844596 kB
MemFree:          627968 kB
MemAvailable:    1485072 kB
Buffers:           63928 kB
Cached:           890888 kB
MemTotal:        1844596 kB
MemFree:          628896 kB
MemAvailable:    1486000 kB
Buffers:           63928 kB
Cached:           890888 kB
MemTotal:        1844596 kB
MemFree:          627844 kB
MemAvailable:    1484948 kB
Buffers:           63928 kB
Cached:           890888 kB
MemTotal:        1844596 kB
MemFree:          628568 kB
MemAvailable:    1485672 kB
Buffers:           63928 kB
Cached:           890888 kB
MemTotal:        1844596 kB
MemFree:          628904 kB
MemAvailable:    1486008 kB
Buffers:           63928 kB
Cached:           890888 kB
MemTotal:        1844596 kB
MemFree:          627960 kB
MemAvailable:    1484476 kB
Buffers:           63928 kB
Cached:           890256 kB
MemTotal:        1844596 kB
MemFree:          697760 kB
MemAvailable:    1554276 kB
Buffers:           63928 kB
Cached:           890256 kB
