MemTotal:        1844596 kB
MemFree:          913368 kB
MemAvailable:    1550356 kB
Buffers:           40072 kB
Cached:           705036 kB
MemTotal:        1844596 kB
MemFree:          911508 kB
MemAvailable:    1548496 kB
Buffers:           40072 kB
Cached:           705036 kB
MemTotal:        1844596 kB
MemFree:          910452 kB
MemAvailable:    1547440 kB
Buffers:           40072 kB
Cached:           705036 kB
MemTotal:        1844596 kB
MemFree:          909144 kB
MemAvailable:    1546132 kB
Buffers:           40072 kB
Cached:           705036 kB
MemTotal:        1844596 kB
MemFree:          909228 kB
MemAvailable:    1546216 kB
Buffers:           40072 kB
Cached:           705036 kB
MemTotal:        1844596 kB
MemFree:          908948 kB
MemAvailable:    1545936 kB
Buffers:           40072 kB
Cached:           705036 kB
MemTotal:        1844596 kB
MemFree:          907772 kB
MemAvailable:    1544760 kB
Buffers:           40072 kB
Cached:           705036 kB
MemTotal:        1844596 kB
MemFree:          904804 kB
MemAvailable:    1541792 kB
Buffers:           40072 kB
Cached:           705036 kB
MemTotal:        1844596 kB
MemFree:          902888 kB
MemAvailable:    1539876 kB
Buffers:           40072 kB
Cached:           705036 kB
MemTotal:        1844596 kB
MemFree:          900332 kB
MemAvailable:    1537320 kB
Buffers:           40072 kB
Cached:           705036 kB
MemTotal:        1844596 kB
MemFree:          898240 kB
MemAvailable:    1535228 kB
Buffers:           40072 kB
Cached:           705036 kB
MemTotal:        1844596 kB
MemFree:          899152 kB
MemAvailable:    1536144 kB
Buffers:           40072 kB
Cached:           705040 kB
MemTotal:        1844596 kB
MemFree:          897828 kB
MemAvailable:    1534820 kB
Buffers:           40072 kB
Cached:           705040 kB
MemTotal:        1844596 kB
MemFree:          899276 kB
MemAvailable:    1536268 kB
Buffers:           40072 kB
Cached:           705040 kB
MemTotal:        1844596 kB
MemFree:          899308 kB
MemAvailable:    1536300 kB
Buffers:           40072 kB
Cached:           705040 kB
MemTotal:        1844596 kB
MemFree:          897688 kB
MemAvailable:    1534680 kB
Buffers:           40072 kB
Cached:           705040 kB
MemTotal:        1844596 kB
MemFree:          898232 kB
MemAvailable:    1535224 kB
Buffers:           40072 kB
Cached:           705040 kB
MemTotal:        1844596 kB
MemFree:          896628 kB
MemAvailable:    1533620 kB
Buffers:           40072 kB
Cached:           705040 kB
MemTotal:        1844596 kB
MemFree:          896876 kB
MemAvailable:    1533868 kB
Buffers:           40072 kB
Cached:           705040 kB
MemTotal:        1844596 kB
MemFree:          896804 kB
MemAvailable:    1533796 kB
Buffers:           40072 kB
Cached:           705040 kB
MemTotal:        1844596 kB
MemFree:          895760 kB
MemAvailable:    1532752 kB
Buffers:           40072 kB
Cached:           705040 kB
MemTotal:        1844596 kB
MemFree:          896744 kB
MemAvailable:    1533736 kB
Buffers:           40072 kB
Cached:           705040 kB
MemTotal:        1844596 kB
MemFree:          897000 kB
MemAvailable:    1533992 kB
Buffers:           40072 kB
Cached:           705040 kB
MemTotal:        1844596 kB
MemFree:          896480 kB
MemAvailable:    1533472 kB
Buffers:           40072 kB
Cached:           705040 kB
MemTotal:        1844596 kB
MemFree:          896816 kB
MemAvailable:    1533808 kB
Buffers:           40072 kB
Cached:           705040 kB
MemTotal:        1844596 kB
MemFree:          896624 kB
MemAvailable:    1533616 kB
Buffers:           40072 kB
Cached:           705040 kB
MemTotal:        1844596 kB
MemFree:          896476 kB
MemAvailable:    1533468 kB
Buffers:           40072 kB
Cached:           705040 kB
MemTotal:        1844596 kB
MemFree:          896812 kB
MemAvailable:    1533804 kB
Buffers:           40072 kB
Cached:           705040 kB
MemTotal:        1844596 kB
MemFree:          897992 kB
MemAvailable:    1534984 kB
Buffers:           40072 kB
Cached:           705040 kB
MemTotal:        1844596 kB
MemFree:          896620 kB
MemAvailable:    1533612 kB
Buffers:           40072 kB
Cached:           705040 kB
MemTotal:        1844596 kB
MemFree:          895388 kB
MemAvailable:    1532380 kB
Buffers:           40072 kB
Cached:           705040 kB
MemTotal:        1844596 kB
MemFree:          893652 kB
MemAvailable:    1530644 kB
Buffers:           40072 kB
Cached:           705040 kB
MemTotal:        1844596 kB
MemFree:          892908 kB
MemAvailable:    1529900 kB
Buffers:           40072 kB
Cached:           705040 kB
MemTotal:        1844596 kB
MemFree:          893736 kB
MemAvailable:    1530728 kB
Buffers:           40072 kB
Cached:           705040 kB
MemTotal:        1844596 kB
MemFree:          893528 kB
MemAvailable:    1530520 kB
Buffers:           40072 kB
Cached:           705040 kB
MemTotal:        1844596 kB
MemFree:          892844 kB
MemAvailable:    1529836 kB
Buffers:           40072 kB
Cached:           705040 kB
MemTotal:        1844596 kB
MemFree:          891544 kB
MemAvailable:    1528536 kB
Buffers:           40072 kB
Cached:           705040 kB
MemTotal:        1844596 kB
MemFree:          891544 kB
MemAvailable:    1528536 kB
Buffers:           40072 kB
Cached:           705040 kB
MemTotal:        1844596 kB
MemFree:          891296 kB
MemAvailable:    1528288 kB
Buffers:           40072 kB
Cached:           705040 kB
MemTotal:        1844596 kB
MemFree:          892396 kB
MemAvailable:    1529388 kB
Buffers:           40072 kB
Cached:           705040 kB
MemTotal:        1844596 kB
MemFree:          892396 kB
MemAvailable:    1529388 kB
Buffers:           40072 kB
Cached:           705040 kB
MemTotal:        1844596 kB
MemFree:          892216 kB
MemAvailable:    1529208 kB
Buffers:           40072 kB
Cached:           705040 kB
MemTotal:        1844596 kB
MemFree:          891792 kB
MemAvailable:    1528784 kB
Buffers:           40072 kB
Cached:           705040 kB
MemTotal:        1844596 kB
MemFree:          891900 kB
MemAvailable:    1528892 kB
Buffers:           40072 kB
Cached:           705040 kB
MemTotal:        1844596 kB
MemFree:          891536 kB
MemAvailable:    1528528 kB
Buffers:           40072 kB
Cached:           705040 kB
MemTotal:        1844596 kB
MemFree:          891792 kB
MemAvailable:    1528784 kB
Buffers:           40072 kB
Cached:           705040 kB
MemTotal:        1844596 kB
MemFree:          890124 kB
MemAvailable:    1527116 kB
Buffers:           40072 kB
Cached:           705040 kB
MemTotal:        1844596 kB
MemFree:          890116 kB
MemAvailable:    1527108 kB
Buffers:           40072 kB
Cached:           705040 kB
MemTotal:        1844596 kB
MemFree:          890248 kB
MemAvailable:    1527240 kB
Buffers:           40072 kB
Cached:           705040 kB
MemTotal:        1844596 kB
MemFree:          891488 kB
MemAvailable:    1528480 kB
Buffers:           40072 kB
Cached:           705040 kB
MemTotal:        1844596 kB
MemFree:          891548 kB
MemAvailable:    1528540 kB
Buffers:           40072 kB
Cached:           705040 kB
MemTotal:        1844596 kB
MemFree:          890108 kB
MemAvailable:    1527100 kB
Buffers:           40072 kB
Cached:           705040 kB
MemTotal:        1844596 kB
MemFree:          891384 kB
MemAvailable:    1528376 kB
Buffers:           40072 kB
Cached:           705040 kB
MemTotal:        1844596 kB
MemFree:          891384 kB
MemAvailable:    1528376 kB
Buffers:           40072 kB
Cached:           705040 kB
MemTotal:        1844596 kB
MemFree:          891532 kB
MemAvailable:    1528524 kB
Buffers:           40072 kB
Cached:           705040 kB
MemTotal:        1844596 kB
MemFree:          891420 kB
MemAvailable:    1528412 kB
Buffers:           40072 kB
Cached:           705040 kB
MemTotal:        1844596 kB
MemFree:          891288 kB
MemAvailable:    1528280 kB
Buffers:           40072 kB
Cached:           705040 kB
MemTotal:        1844596 kB
MemFree:          891284 kB
MemAvailable:    1528276 kB
Buffers:           40072 kB
Cached:           705040 kB
MemTotal:        1844596 kB
MemFree:          889676 kB
MemAvailable:    1526668 kB
Buffers:           40072 kB
Cached:           705040 kB
MemTotal:        1844596 kB
MemFree:          890876 kB
MemAvailable:    1527868 kB
Buffers:           40072 kB
Cached:           705040 kB
MemTotal:        1844596 kB
MemFree:          889684 kB
MemAvailable:    1526676 kB
Buffers:           40072 kB
Cached:           705040 kB
MemTotal:        1844596 kB
MemFree:          890524 kB
MemAvailable:    1527516 kB
Buffers:           40072 kB
Cached:           705040 kB
MemTotal:        1844596 kB
MemFree:          890676 kB
MemAvailable:    1527668 kB
Buffers:           40072 kB
Cached:           705040 kB
MemTotal:        1844596 kB
MemFree:          890412 kB
MemAvailable:    1527404 kB
Buffers:           40072 kB
Cached:           705040 kB
MemTotal:        1844596 kB
MemFree:          890272 kB
MemAvailable:    1527264 kB
Buffers:           40072 kB
Cached:           705040 kB
MemTotal:        1844596 kB
MemFree:          890608 kB
MemAvailable:    1527600 kB
Buffers:           40072 kB
Cached:           705040 kB
MemTotal:        1844596 kB
MemFree:          890476 kB
MemAvailable:    1527468 kB
Buffers:           40072 kB
Cached:           705040 kB
MemTotal:        1844596 kB
MemFree:          890644 kB
MemAvailable:    1527636 kB
Buffers:           40072 kB
Cached:           705040 kB
MemTotal:        1844596 kB
MemFree:          890592 kB
MemAvailable:    1527584 kB
Buffers:           40072 kB
Cached:           705040 kB
MemTotal:        1844596 kB
MemFree:          889244 kB
MemAvailable:    1526236 kB
Buffers:           40072 kB
Cached:           705040 kB
MemTotal:        1844596 kB
MemFree:          890360 kB
MemAvailable:    1527352 kB
Buffers:           40072 kB
Cached:           705040 kB
MemTotal:        1844596 kB
MemFree:          889120 kB
MemAvailable:    1526112 kB
Buffers:           40072 kB
Cached:           705040 kB
MemTotal:        1844596 kB
MemFree:          888056 kB
MemAvailable:    1525048 kB
Buffers:           40072 kB
Cached:           705040 kB
MemTotal:        1844596 kB
MemFree:          888056 kB
MemAvailable:    1525048 kB
Buffers:           40072 kB
Cached:           705040 kB
MemTotal:        1844596 kB
MemFree:          884652 kB
MemAvailable:    1521644 kB
Buffers:           40072 kB
Cached:           705040 kB
MemTotal:        1844596 kB
MemFree:          881864 kB
MemAvailable:    1518856 kB
Buffers:           40072 kB
Cached:           705040 kB
MemTotal:        1844596 kB
MemFree:          883228 kB
MemAvailable:    1520220 kB
Buffers:           40072 kB
Cached:           705040 kB
MemTotal:        1844596 kB
MemFree:          882484 kB
MemAvailable:    1519476 kB
Buffers:           40072 kB
Cached:           705040 kB
MemTotal:        1844596 kB
MemFree:          882740 kB
MemAvailable:    1519732 kB
Buffers:           40072 kB
Cached:           705040 kB
MemTotal:        1844596 kB
MemFree:          882568 kB
MemAvailable:    1519560 kB
Buffers:           40072 kB
Cached:           705040 kB
MemTotal:        1844596 kB
MemFree:          881240 kB
MemAvailable:    1518232 kB
Buffers:           40072 kB
Cached:           705040 kB
MemTotal:        1844596 kB
MemFree:          882680 kB
MemAvailable:    1519672 kB
Buffers:           40072 kB
Cached:           705040 kB
MemTotal:        1844596 kB
MemFree:          882468 kB
MemAvailable:    1519460 kB
Buffers:           40072 kB
Cached:           705040 kB
MemTotal:        1844596 kB
MemFree:          882804 kB
MemAvailable:    1519796 kB
Buffers:           40072 kB
Cached:           705040 kB
MemTotal:        1844596 kB
MemFree:          882552 kB
MemAvailable:    1519548 kB
Buffers:           40072 kB
Cached:           705044 kB
MemTotal:        1844596 kB
MemFree:          881180 kB
MemAvailable:    1518176 kB
Buffers:           40072 kB
Cached:           705044 kB
MemTotal:        1844596 kB
MemFree:          882636 kB
MemAvailable:    1519636 kB
Buffers:           40072 kB
Cached:           705048 kB
MemTotal:        1844596 kB
MemFree:          882700 kB
MemAvailable:    1519700 kB
Buffers:           40072 kB
Cached:           705048 kB
MemTotal:        1844596 kB
MemFree:          882476 kB
MemAvailable:    1519476 kB
Buffers:           40072 kB
Cached:           705048 kB
MemTotal:        1844596 kB
MemFree:          882616 kB
MemAvailable:    1519616 kB
Buffers:           40072 kB
Cached:           705048 kB
MemTotal:        1844596 kB
MemFree:          882436 kB
MemAvailable:    1519436 kB
Buffers:           40072 kB
Cached:           705048 kB
MemTotal:        1844596 kB
MemFree:          880880 kB
MemAvailable:    1517880 kB
Buffers:           40072 kB
Cached:           705048 kB
MemTotal:        1844596 kB
MemFree:          880756 kB
MemAvailable:    1517756 kB
Buffers:           40072 kB
Cached:           705048 kB
MemTotal:        1844596 kB
MemFree:          881500 kB
MemAvailable:    1518500 kB
Buffers:           40072 kB
Cached:           705048 kB
MemTotal:        1844596 kB
MemFree:          881064 kB
MemAvailable:    1518064 kB
Buffers:           40072 kB
Cached:           705048 kB
MemTotal:        1844596 kB
MemFree:          880740 kB
MemAvailable:    1517740 kB
Buffers:           40072 kB
Cached:           705048 kB
MemTotal:        1844596 kB
MemFree:          880824 kB
MemAvailable:    1517824 kB
Buffers:           40072 kB
Cached:           705048 kB
MemTotal:        1844596 kB
MemFree:          879940 kB
MemAvailable:    1516940 kB
Buffers:           40072 kB
Cached:           705048 kB
MemTotal:        1844596 kB
MemFree:          878516 kB
MemAvailable:    1515516 kB
Buffers:           40072 kB
Cached:           705048 kB
MemTotal:        1844596 kB
MemFree:          879616 kB
MemAvailable:    1516616 kB
Buffers:           40072 kB
Cached:           705048 kB
MemTotal:        1844596 kB
MemFree:          879952 kB
MemAvailable:    1516952 kB
Buffers:           40072 kB
Cached:           705048 kB
MemTotal:        1844596 kB
MemFree:          879188 kB
MemAvailable:    1516188 kB
Buffers:           40072 kB
Cached:           705048 kB
MemTotal:        1844596 kB
MemFree:          878036 kB
MemAvailable:    1515036 kB
Buffers:           40072 kB
Cached:           705048 kB
MemTotal:        1844596 kB
MemFree:          879020 kB
MemAvailable:    1516020 kB
Buffers:           40072 kB
Cached:           705048 kB
MemTotal:        1844596 kB
MemFree:          877780 kB
MemAvailable:    1514780 kB
Buffers:           40072 kB
Cached:           705048 kB
MemTotal:        1844596 kB
MemFree:          879020 kB
MemAvailable:    1516020 kB
Buffers:           40072 kB
Cached:           705048 kB
MemTotal:        1844596 kB
MemFree:          877648 kB
MemAvailable:    1514648 kB
Buffers:           40072 kB
Cached:           705048 kB
MemTotal:        1844596 kB
MemFree:          877516 kB
MemAvailable:    1514516 kB
Buffers:           40072 kB
Cached:           705048 kB
MemTotal:        1844596 kB
MemFree:          878492 kB
MemAvailable:    1515492 kB
Buffers:           40072 kB
Cached:           705048 kB
MemTotal:        1844596 kB
MemFree:          877724 kB
MemAvailable:    1514724 kB
Buffers:           40072 kB
Cached:           705048 kB
MemTotal:        1844596 kB
MemFree:          877340 kB
MemAvailable:    1514340 kB
Buffers:           40072 kB
Cached:           705048 kB
MemTotal:        1844596 kB
MemFree:          878640 kB
MemAvailable:    1515640 kB
Buffers:           40072 kB
Cached:           705048 kB
MemTotal:        1844596 kB
MemFree:          877460 kB
MemAvailable:    1514460 kB
Buffers:           40072 kB
Cached:           705048 kB
MemTotal:        1844596 kB
MemFree:          878328 kB
MemAvailable:    1515328 kB
Buffers:           40072 kB
Cached:           705048 kB
MemTotal:        1844596 kB
MemFree:          877284 kB
MemAvailable:    1514284 kB
Buffers:           40072 kB
Cached:           705048 kB
MemTotal:        1844596 kB
MemFree:          876600 kB
MemAvailable:    1513600 kB
Buffers:           40072 kB
Cached:           705048 kB
MemTotal:        1844596 kB
MemFree:          873308 kB
MemAvailable:    1510308 kB
Buffers:           40072 kB
Cached:           705048 kB
MemTotal:        1844596 kB
MemFree:          873308 kB
MemAvailable:    1510308 kB
Buffers:           40072 kB
Cached:           705048 kB
MemTotal:        1844596 kB
MemFree:          871680 kB
MemAvailable:    1508680 kB
Buffers:           40072 kB
Cached:           705048 kB
MemTotal:        1844596 kB
MemFree:          871936 kB
MemAvailable:    1508936 kB
Buffers:           40072 kB
Cached:           705048 kB
MemTotal:        1844596 kB
MemFree:          873280 kB
MemAvailable:    1510280 kB
Buffers:           40072 kB
Cached:           705048 kB
MemTotal:        1844596 kB
MemFree:          871944 kB
MemAvailable:    1508944 kB
Buffers:           40072 kB
Cached:           705048 kB
MemTotal:        1844596 kB
MemFree:          872640 kB
MemAvailable:    1509644 kB
Buffers:           40072 kB
Cached:           705052 kB
MemTotal:        1844596 kB
MemFree:          872896 kB
MemAvailable:    1509900 kB
Buffers:           40072 kB
Cached:           705052 kB
MemTotal:        1844596 kB
MemFree:          871392 kB
MemAvailable:    1508396 kB
Buffers:           40072 kB
Cached:           705052 kB
MemTotal:        1844596 kB
MemFree:          872496 kB
MemAvailable:    1509500 kB
Buffers:           40072 kB
Cached:           705052 kB
MemTotal:        1844596 kB
MemFree:          872748 kB
MemAvailable:    1509752 kB
Buffers:           40072 kB
Cached:           705052 kB
MemTotal:        1844596 kB
MemFree:          872764 kB
MemAvailable:    1509768 kB
Buffers:           40072 kB
Cached:           705052 kB
MemTotal:        1844596 kB
MemFree:          871704 kB
MemAvailable:    1508708 kB
Buffers:           40072 kB
Cached:           705052 kB
MemTotal:        1844596 kB
MemFree:          870092 kB
MemAvailable:    1507096 kB
Buffers:           40072 kB
Cached:           705052 kB
MemTotal:        1844596 kB
MemFree:          869588 kB
MemAvailable:    1506592 kB
Buffers:           40072 kB
Cached:           705052 kB
MemTotal:        1844596 kB
MemFree:          868860 kB
MemAvailable:    1505864 kB
Buffers:           40072 kB
Cached:           705052 kB
MemTotal:        1844596 kB
MemFree:          868092 kB
MemAvailable:    1505096 kB
Buffers:           40072 kB
Cached:           705052 kB
MemTotal:        1844596 kB
MemFree:          868300 kB
MemAvailable:    1505304 kB
Buffers:           40072 kB
Cached:           705052 kB
MemTotal:        1844596 kB
MemFree:          868728 kB
MemAvailable:    1505732 kB
Buffers:           40072 kB
Cached:           705052 kB
MemTotal:        1844596 kB
MemFree:          869704 kB
MemAvailable:    1506708 kB
Buffers:           40072 kB
Cached:           705052 kB
MemTotal:        1844596 kB
MemFree:          869704 kB
MemAvailable:    1506708 kB
Buffers:           40072 kB
Cached:           705052 kB
MemTotal:        1844596 kB
MemFree:          868168 kB
MemAvailable:    1505172 kB
Buffers:           40072 kB
Cached:           705052 kB
MemTotal:        1844596 kB
MemFree:          871268 kB
MemAvailable:    1508356 kB
Buffers:           40072 kB
Cached:           705176 kB
MemTotal:        1844596 kB
MemFree:          871604 kB
MemAvailable:    1508692 kB
Buffers:           40072 kB
Cached:           705176 kB
MemTotal:        1844596 kB
MemFree:          871508 kB
MemAvailable:    1508680 kB
Buffers:           40084 kB
Cached:           705260 kB
MemTotal:        1844596 kB
MemFree:          870208 kB
MemAvailable:    1507464 kB
Buffers:           40084 kB
Cached:           705260 kB
MemTotal:        1844596 kB
MemFree:          870200 kB
MemAvailable:    1507540 kB
Buffers:           40084 kB
Cached:           705384 kB
MemTotal:        1844596 kB
MemFree:          871252 kB
MemAvailable:    1508760 kB
Buffers:           40084 kB
Cached:           705632 kB
MemTotal:        1844596 kB
MemFree:          869712 kB
MemAvailable:    1507304 kB
Buffers:           40084 kB
Cached:           705632 kB
MemTotal:        1844596 kB
MemFree:          869836 kB
MemAvailable:    1507428 kB
Buffers:           40084 kB
Cached:           705632 kB
MemTotal:        1844596 kB
MemFree:          870820 kB
MemAvailable:    1508496 kB
Buffers:           40084 kB
Cached:           705756 kB
MemTotal:        1844596 kB
MemFree:          871156 kB
MemAvailable:    1508832 kB
Buffers:           40084 kB
Cached:           705756 kB
MemTotal:        1844596 kB
MemFree:          870688 kB
MemAvailable:    1508364 kB
Buffers:           40084 kB
Cached:           705756 kB
MemTotal:        1844596 kB
MemFree:          870712 kB
MemAvailable:    1508388 kB
Buffers:           40084 kB
Cached:           705756 kB
MemTotal:        1844596 kB
MemFree:          870684 kB
MemAvailable:    1508360 kB
Buffers:           40084 kB
Cached:           705756 kB
MemTotal:        1844596 kB
MemFree:          870768 kB
MemAvailable:    1508444 kB
Buffers:           40084 kB
Cached:           705756 kB
MemTotal:        1844596 kB
MemFree:          870952 kB
MemAvailable:    1508040 kB
Buffers:           40084 kB
Cached:           705124 kB
MemTotal:        1844596 kB
MemFree:          935992 kB
MemAvailable:    1573080 kB
Buffers:           40084 kB
Cached:           705124 kB
MemTotal:        1844596 kB
MemFree:          936244 kB
MemAvailable:    1573332 kB
Buffers:           40084 kB
Cached:           705124 kB
