MemTotal:        1844596 kB
MemFree:          750000 kB
MemAvailable:    1530580 kB
Buffers:           56392 kB
Cached:           828160 kB
MemTotal:        1844596 kB
MemFree:          749504 kB
MemAvailable:    1530084 kB
Buffers:           56392 kB
Cached:           828160 kB
MemTotal:        1844596 kB
MemFree:          749068 kB
MemAvailable:    1529648 kB
Buffers:           56392 kB
Cached:           828160 kB
MemTotal:        1844596 kB
MemFree:          747704 kB
MemAvailable:    1528284 kB
Buffers:           56392 kB
Cached:           828160 kB
MemTotal:        1844596 kB
MemFree:          746272 kB
MemAvailable:    1526852 kB
Buffers:           56392 kB
Cached:           828160 kB
MemTotal:        1844596 kB
MemFree:          746404 kB
MemAvailable:    1526984 kB
Buffers:           56392 kB
Cached:           828160 kB
MemTotal:        1844596 kB
MemFree:          745496 kB
MemAvailable:    1526080 kB
Buffers:           56392 kB
Cached:           828164 kB
MemTotal:        1844596 kB
MemFree:          742924 kB
MemAvailable:    1523508 kB
Buffers:           56392 kB
Cached:           828164 kB
MemTotal:        1844596 kB
MemFree:          740568 kB
MemAvailable:    1521152 kB
Buffers:           56392 kB
Cached:           828164 kB
MemTotal:        1844596 kB
MemFree:          740656 kB
MemAvailable:    1521240 kB
Buffers:           56392 kB
Cached:           828164 kB
MemTotal:        1844596 kB
MemFree:          735368 kB
MemAvailable:    1515952 kB
Buffers:           56392 kB
Cached:           828164 kB
MemTotal:        1844596 kB
MemFree:          737536 kB
MemAvailable:    1518120 kB
Buffers:           56392 kB
Cached:           828164 kB
MemTotal:        1844596 kB
MemFree:          737828 kB
MemAvailable:    1518412 kB
Buffers:           56392 kB
Cached:           828164 kB
MemTotal:        1844596 kB
MemFree:          736864 kB
MemAvailable:    1517448 kB
Buffers:           56392 kB
Cached:           828164 kB
MemTotal:        1844596 kB
MemFree:          737296 kB
MemAvailable:    1517880 kB
Buffers:           56392 kB
Cached:           828164 kB
MemTotal:        1844596 kB
MemFree:          737632 kB
MemAvailable:    1518216 kB
Buffers:           56392 kB
Cached:           828164 kB
MemTotal:        1844596 kB
MemFree:          736056 kB
MemAvailable:    1516640 kB
Buffers:           56392 kB
Cached:           828164 kB
MemTotal:        1844596 kB
MemFree:          735492 kB
MemAvailable:    1516076 kB
Buffers:           56392 kB
Cached:           828164 kB
MemTotal:        1844596 kB
MemFree:          734244 kB
MemAvailable:    1514828 kB
Buffers:           56392 kB
Cached:           828164 kB
MemTotal:        1844596 kB
MemFree:          735616 kB
MemAvailable:    1516200 kB
Buffers:           56392 kB
Cached:           828164 kB
MemTotal:        1844596 kB
MemFree:          735104 kB
MemAvailable:    1515688 kB
Buffers:           56392 kB
Cached:           828164 kB
MemTotal:        1844596 kB
MemFree:          735104 kB
MemAvailable:    1515688 kB
Buffers:           56392 kB
Cached:           828164 kB
MemTotal:        1844596 kB
MemFree:          735060 kB
MemAvailable:    1515644 kB
Buffers:           56392 kB
Cached:           828164 kB
MemTotal:        1844596 kB
MemFree:          734916 kB
MemAvailable:    1515500 kB
Buffers:           56392 kB
Cached:           828164 kB
MemTotal:        1844596 kB
MemFree:          734916 kB
MemAvailable:    1515500 kB
Buffers:           56392 kB
Cached:           828164 kB
MemTotal:        1844596 kB
MemFree:          735168 kB
MemAvailable:    1515752 kB
Buffers:           56392 kB
Cached:           828164 kB
MemTotal:        1844596 kB
MemFree:          734988 kB
MemAvailable:    1515572 kB
Buffers:           56392 kB
Cached:           828164 kB
MemTotal:        1844596 kB
MemFree:          735072 kB
MemAvailable:    1515656 kB
Buffers:           56392 kB
Cached:           828164 kB
MemTotal:        1844596 kB
MemFree:          734864 kB
MemAvailable:    1515448 kB
Buffers:           56392 kB
Cached:           828164 kB
MemTotal:        1844596 kB
MemFree:          736164 kB
MemAvailable:    1516748 kB
Buffers:           56392 kB
Cached:           828164 kB
MemTotal:        1844596 kB
MemFree:          734624 kB
MemAvailable:    1515208 kB
Buffers:           56392 kB
Cached:           828164 kB
MemTotal:        1844596 kB
MemFree:          733632 kB
MemAvailable:    1514216 kB
Buffers:           56392 kB
Cached:           828164 kB
MemTotal:        1844596 kB
MemFree:          733072 kB
MemAvailable:    1513656 kB
Buffers:           56392 kB
Cached:           828164 kB
MemTotal:        1844596 kB
MemFree:          731524 kB
MemAvailable:    1512108 kB
Buffers:           56392 kB
Cached:           828164 kB
MemTotal:        1844596 kB
MemFree:          731880 kB
MemAvailable:    1512464 kB
Buffers:           56392 kB
Cached:           828164 kB
MemTotal:        1844596 kB
MemFree:          731964 kB
MemAvailable:    1512548 kB
Buffers:           56392 kB
Cached:           828164 kB
MemTotal:        1844596 kB
MemFree:          730888 kB
MemAvailable:    1511472 kB
Buffers:           56392 kB
Cached:           828164 kB
MemTotal:        1844596 kB
MemFree:          730656 kB
MemAvailable:    1511240 kB
Buffers:           56392 kB
Cached:           828164 kB
MemTotal:        1844596 kB
MemFree:          729476 kB
MemAvailable:    1510060 kB
Buffers:           56392 kB
Cached:           828164 kB
MemTotal:        1844596 kB
MemFree:          730716 kB
MemAvailable:    1511300 kB
Buffers:           56392 kB
Cached:           828164 kB
MemTotal:        1844596 kB
MemFree:          730972 kB
MemAvailable:    1511556 kB
Buffers:           56392 kB
Cached:           828164 kB
MemTotal:        1844596 kB
MemFree:          730620 kB
MemAvailable:    1511204 kB
Buffers:           56392 kB
Cached:           828164 kB
MemTotal:        1844596 kB
MemFree:          730788 kB
MemAvailable:    1511372 kB
Buffers:           56392 kB
Cached:           828164 kB
MemTotal:        1844596 kB
MemFree:          730724 kB
MemAvailable:    1511308 kB
Buffers:           56392 kB
Cached:           828164 kB
MemTotal:        1844596 kB
MemFree:          730344 kB
MemAvailable:    1510928 kB
Buffers:           56392 kB
Cached:           828164 kB
MemTotal:        1844596 kB
MemFree:          730012 kB
MemAvailable:    1510596 kB
Buffers:           56392 kB
Cached:           828164 kB
MemTotal:        1844596 kB
MemFree:          730012 kB
MemAvailable:    1510596 kB
Buffers:           56392 kB
Cached:           828164 kB
MemTotal:        1844596 kB
MemFree:          729844 kB
MemAvailable:    1510428 kB
Buffers:           56392 kB
Cached:           828164 kB
MemTotal:        1844596 kB
MemFree:          730100 kB
MemAvailable:    1510684 kB
Buffers:           56392 kB
Cached:           828164 kB
MemTotal:        1844596 kB
MemFree:          728596 kB
MemAvailable:    1509180 kB
Buffers:           56392 kB
Cached:           828164 kB
MemTotal:        1844596 kB
MemFree:          729840 kB
MemAvailable:    1510424 kB
Buffers:           56392 kB
Cached:           828164 kB
MemTotal:        1844596 kB
MemFree:          729820 kB
MemAvailable:    1510404 kB
Buffers:           56392 kB
Cached:           828164 kB
MemTotal:        1844596 kB
MemFree:          730160 kB
MemAvailable:    1510744 kB
Buffers:           56392 kB
Cached:           828164 kB
MemTotal:        1844596 kB
MemFree:          729740 kB
MemAvailable:    1510328 kB
Buffers:           56392 kB
Cached:           828168 kB
MemTotal:        1844596 kB
MemFree:          729996 kB
MemAvailable:    1510584 kB
Buffers:           56392 kB
Cached:           828168 kB
MemTotal:        1844596 kB
MemFree:          729856 kB
MemAvailable:    1510444 kB
Buffers:           56392 kB
Cached:           828168 kB
MemTotal:        1844596 kB
MemFree:          729856 kB
MemAvailable:    1510444 kB
Buffers:           56392 kB
Cached:           828168 kB
MemTotal:        1844596 kB
MemFree:          729532 kB
MemAvailable:    1510120 kB
Buffers:           56392 kB
Cached:           828168 kB
MemTotal:        1844596 kB
MemFree:          728928 kB
MemAvailable:    1509516 kB
Buffers:           56392 kB
Cached:           828168 kB
MemTotal:        1844596 kB
MemFree:          728128 kB
MemAvailable:    1508716 kB
Buffers:           56392 kB
Cached:           828168 kB
MemTotal:        1844596 kB
MemFree:          727996 kB
MemAvailable:    1508584 kB
Buffers:           56392 kB
Cached:           828168 kB
MemTotal:        1844596 kB
MemFree:          729172 kB
MemAvailable:    1509760 kB
Buffers:           56392 kB
Cached:           828168 kB
MemTotal:        1844596 kB
MemFree:          728884 kB
MemAvailable:    1509472 kB
Buffers:           56392 kB
Cached:           828168 kB
MemTotal:        1844596 kB
MemFree:          729136 kB
MemAvailable:    1509724 kB
Buffers:           56392 kB
Cached:           828168 kB
MemTotal:        1844596 kB
MemFree:          728984 kB
MemAvailable:    1509572 kB
Buffers:           56392 kB
Cached:           828168 kB
MemTotal:        1844596 kB
MemFree:          728804 kB
MemAvailable:    1509392 kB
Buffers:           56392 kB
Cached:           828168 kB
MemTotal:        1844596 kB
MemFree:          729028 kB
MemAvailable:    1509616 kB
Buffers:           56392 kB
Cached:           828168 kB
MemTotal:        1844596 kB
MemFree:          728872 kB
MemAvailable:    1509460 kB
Buffers:           56392 kB
Cached:           828168 kB
MemTotal:        1844596 kB
MemFree:          728860 kB
MemAvailable:    1509448 kB
Buffers:           56392 kB
Cached:           828168 kB
MemTotal:        1844596 kB
MemFree:          728860 kB
MemAvailable:    1509448 kB
Buffers:           56392 kB
Cached:           828168 kB
MemTotal:        1844596 kB
MemFree:          728732 kB
MemAvailable:    1509320 kB
Buffers:           56392 kB
Cached:           828168 kB
MemTotal:        1844596 kB
MemFree:          728548 kB
MemAvailable:    1509136 kB
Buffers:           56392 kB
Cached:           828168 kB
MemTotal:        1844596 kB
MemFree:          726688 kB
MemAvailable:    1507276 kB
Buffers:           56392 kB
Cached:           828168 kB
MemTotal:        1844596 kB
MemFree:          724208 kB
MemAvailable:    1504796 kB
Buffers:           56392 kB
Cached:           828168 kB
MemTotal:        1844596 kB
MemFree:          721340 kB
MemAvailable:    1501928 kB
Buffers:           56392 kB
Cached:           828168 kB
MemTotal:        1844596 kB
MemFree:          721424 kB
MemAvailable:    1502012 kB
Buffers:           56392 kB
Cached:           828168 kB
MemTotal:        1844596 kB
MemFree:          721176 kB
MemAvailable:    1501764 kB
Buffers:           56392 kB
Cached:           828168 kB
MemTotal:        1844596 kB
MemFree:          721104 kB
MemAvailable:    1501692 kB
Buffers:           56392 kB
Cached:           828168 kB
MemTotal:        1844596 kB
MemFree:          719672 kB
MemAvailable:    1500260 kB
Buffers:           56392 kB
Cached:           828168 kB
MemTotal:        1844596 kB
MemFree:          721140 kB
MemAvailable:    1501728 kB
Buffers:           56392 kB
Cached:           828168 kB
MemTotal:        1844596 kB
MemFree:          721028 kB
MemAvailable:    1501616 kB
Buffers:           56392 kB
Cached:           828168 kB
MemTotal:        1844596 kB
MemFree:          720948 kB
MemAvailable:    1501536 kB
Buffers:           56392 kB
Cached:           828168 kB
MemTotal:        1844596 kB
MemFree:          720804 kB
MemAvailable:    1501392 kB
Buffers:           56392 kB
Cached:           828168 kB
MemTotal:        1844596 kB
MemFree:          720888 kB
MemAvailable:    1501476 kB
Buffers:           56392 kB
Cached:           828168 kB
MemTotal:        1844596 kB
MemFree:          720844 kB
MemAvailable:    1501432 kB
Buffers:           56392 kB
Cached:           828168 kB
MemTotal:        1844596 kB
MemFree:          720844 kB
MemAvailable:    1501432 kB
Buffers:           56392 kB
Cached:           828168 kB
MemTotal:        1844596 kB
MemFree:          721044 kB
MemAvailable:    1501632 kB
Buffers:           56392 kB
Cached:           828168 kB
MemTotal:        1844596 kB
MemFree:          721024 kB
MemAvailable:    1501612 kB
Buffers:           56392 kB
Cached:           828168 kB
MemTotal:        1844596 kB
MemFree:          720984 kB
MemAvailable:    1501572 kB
Buffers:           56392 kB
Cached:           828168 kB
MemTotal:        1844596 kB
MemFree:          720116 kB
MemAvailable:    1500704 kB
Buffers:           56392 kB
Cached:           828168 kB
MemTotal:        1844596 kB
MemFree:          720480 kB
MemAvailable:    1501068 kB
Buffers:           56392 kB
Cached:           828168 kB
MemTotal:        1844596 kB
MemFree:          719232 kB
MemAvailable:    1499820 kB
Buffers:           56392 kB
Cached:           828168 kB
MemTotal:        1844596 kB
MemFree:          718752 kB
MemAvailable:    1499340 kB
Buffers:           56392 kB
Cached:           828168 kB
MemTotal:        1844596 kB
MemFree:          719364 kB
MemAvailable:    1499952 kB
Buffers:           56392 kB
Cached:           828168 kB
MemTotal:        1844596 kB
MemFree:          719256 kB
MemAvailable:    1499844 kB
Buffers:           56392 kB
Cached:           828168 kB
MemTotal:        1844596 kB
MemFree:          719060 kB
MemAvailable:    1499648 kB
Buffers:           56392 kB
Cached:           828168 kB
MemTotal:        1844596 kB
MemFree:          719396 kB
MemAvailable:    1499984 kB
Buffers:           56392 kB
Cached:           828168 kB
MemTotal:        1844596 kB
MemFree:          718116 kB
MemAvailable:    1498704 kB
Buffers:           56392 kB
Cached:           828168 kB
MemTotal:        1844596 kB
MemFree:          718452 kB
MemAvailable:    1499040 kB
Buffers:           56392 kB
Cached:           828168 kB
MemTotal:        1844596 kB
MemFree:          717636 kB
MemAvailable:    1498224 kB
Buffers:           56392 kB
Cached:           828168 kB
MemTotal:        1844596 kB
MemFree:          717580 kB
MemAvailable:    1498168 kB
Buffers:           56392 kB
Cached:           828168 kB
MemTotal:        1844596 kB
MemFree:          716008 kB
MemAvailable:    1496596 kB
Buffers:           56392 kB
Cached:           828168 kB
MemTotal:        1844596 kB
MemFree:          717372 kB
MemAvailable:    1497960 kB
Buffers:           56392 kB
Cached:           828168 kB
MemTotal:        1844596 kB
MemFree:          717200 kB
MemAvailable:    1497788 kB
Buffers:           56392 kB
Cached:           828168 kB
MemTotal:        1844596 kB
MemFree:          717176 kB
MemAvailable:    1497764 kB
Buffers:           56392 kB
Cached:           828168 kB
MemTotal:        1844596 kB
MemFree:          715756 kB
MemAvailable:    1496344 kB
Buffers:           56392 kB
Cached:           828168 kB
MemTotal:        1844596 kB
MemFree:          716272 kB
MemAvailable:    1496860 kB
Buffers:           56392 kB
Cached:           828168 kB
MemTotal:        1844596 kB
MemFree:          717192 kB
MemAvailable:    1497780 kB
Buffers:           56392 kB
Cached:           828168 kB
MemTotal:        1844596 kB
MemFree:          717200 kB
MemAvailable:    1497788 kB
Buffers:           56396 kB
Cached:           828164 kB
MemTotal:        1844596 kB
MemFree:          717280 kB
MemAvailable:    1497868 kB
Buffers:           56396 kB
Cached:           828164 kB
MemTotal:        1844596 kB
MemFree:          716220 kB
MemAvailable:    1496808 kB
Buffers:           56396 kB
Cached:           828164 kB
MemTotal:        1844596 kB
MemFree:          717000 kB
MemAvailable:    1497588 kB
Buffers:           56396 kB
Cached:           828164 kB
MemTotal:        1844596 kB
MemFree:          716636 kB
MemAvailable:    1497224 kB
Buffers:           56396 kB
Cached:           828164 kB
MemTotal:        1844596 kB
MemFree:          716636 kB
MemAvailable:    1497224 kB
Buffers:           56396 kB
Cached:           828164 kB
MemTotal:        1844596 kB
MemFree:          712784 kB
MemAvailable:    1493372 kB
Buffers:           56396 kB
Cached:           828164 kB
MemTotal:        1844596 kB
MemFree:          712784 kB
MemAvailable:    1493372 kB
Buffers:           56396 kB
Cached:           828164 kB
MemTotal:        1844596 kB
MemFree:          711420 kB
MemAvailable:    1492008 kB
Buffers:           56396 kB
Cached:           828164 kB
MemTotal:        1844596 kB
MemFree:          711756 kB
MemAvailable:    1492344 kB
Buffers:           56396 kB
Cached:           828164 kB
MemTotal:        1844596 kB
MemFree:          711296 kB
MemAvailable:    1491884 kB
Buffers:           56396 kB
Cached:           828164 kB
MemTotal:        1844596 kB
MemFree:          711380 kB
MemAvailable:    1491968 kB
Buffers:           56396 kB
Cached:           828164 kB
MemTotal:        1844596 kB
MemFree:          711128 kB
MemAvailable:    1491716 kB
Buffers:           56396 kB
Cached:           828164 kB
MemTotal:        1844596 kB
MemFree:          711348 kB
MemAvailable:    1491936 kB
Buffers:           56396 kB
Cached:           828164 kB
MemTotal:        1844596 kB
MemFree:          709916 kB
MemAvailable:    1490504 kB
Buffers:           56396 kB
Cached:           828164 kB
MemTotal:        1844596 kB
MemFree:          710040 kB
MemAvailable:    1490628 kB
Buffers:           56396 kB
Cached:           828164 kB
MemTotal:        1844596 kB
MemFree:          710040 kB
MemAvailable:    1490628 kB
Buffers:           56396 kB
Cached:           828164 kB
MemTotal:        1844596 kB
MemFree:          710072 kB
MemAvailable:    1490660 kB
Buffers:           56396 kB
Cached:           828164 kB
MemTotal:        1844596 kB
MemFree:          709948 kB
MemAvailable:    1490536 kB
Buffers:           56396 kB
Cached:           828164 kB
MemTotal:        1844596 kB
MemFree:          709080 kB
MemAvailable:    1489668 kB
Buffers:           56396 kB
Cached:           828164 kB
MemTotal:        1844596 kB
MemFree:          708768 kB
MemAvailable:    1489356 kB
Buffers:           56396 kB
Cached:           828164 kB
MemTotal:        1844596 kB
MemFree:          706972 kB
MemAvailable:    1487560 kB
Buffers:           56396 kB
Cached:           828164 kB
MemTotal:        1844596 kB
MemFree:          708024 kB
MemAvailable:    1488612 kB
Buffers:           56396 kB
Cached:           828164 kB
MemTotal:        1844596 kB
MemFree:          707824 kB
MemAvailable:    1488412 kB
Buffers:           56396 kB
Cached:           828164 kB
MemTotal:        1844596 kB
MemFree:          707824 kB
MemAvailable:    1488412 kB
Buffers:           56396 kB
Cached:           828164 kB
MemTotal:        1844596 kB
MemFree:          707952 kB
MemAvailable:    1488544 kB
Buffers:           56396 kB
Cached:           828168 kB
MemTotal:        1844596 kB
MemFree:          706656 kB
MemAvailable:    1487248 kB
Buffers:           56396 kB
Cached:           828168 kB
MemTotal:        1844596 kB
MemFree:          707220 kB
MemAvailable:    1487828 kB
Buffers:           56396 kB
Cached:           828180 kB
MemTotal:        1844596 kB
MemFree:          708516 kB
MemAvailable:    1489124 kB
Buffers:           56396 kB
Cached:           828180 kB
MemTotal:        1844596 kB
MemFree:          709948 kB
MemAvailable:    1490556 kB
Buffers:           56396 kB
Cached:           828180 kB
MemTotal:        1844596 kB
MemFree:          708956 kB
MemAvailable:    1489648 kB
Buffers:           56396 kB
Cached:           828304 kB
MemTotal:        1844596 kB
MemFree:          709644 kB
MemAvailable:    1490420 kB
Buffers:           56396 kB
Cached:           828428 kB
MemTotal:        1844596 kB
MemFree:          708272 kB
MemAvailable:    1489132 kB
Buffers:           56396 kB
Cached:           828552 kB
MemTotal:        1844596 kB
MemFree:          709448 kB
MemAvailable:    1490476 kB
Buffers:           56396 kB
Cached:           828676 kB
MemTotal:        1844596 kB
MemFree:          709380 kB
MemAvailable:    1490492 kB
Buffers:           56396 kB
Cached:           828800 kB
MemTotal:        1844596 kB
MemFree:          709380 kB
MemAvailable:    1490492 kB
Buffers:           56396 kB
Cached:           828800 kB
MemTotal:        1844596 kB
MemFree:          709016 kB
MemAvailable:    1490212 kB
Buffers:           56396 kB
Cached:           828800 kB
MemTotal:        1844596 kB
MemFree:          709352 kB
MemAvailable:    1490548 kB
Buffers:           56396 kB
Cached:           828800 kB
MemTotal:        1844596 kB
MemFree:          707776 kB
MemAvailable:    1488972 kB
Buffers:           56396 kB
Cached:           828800 kB
MemTotal:        1844596 kB
MemFree:          707908 kB
MemAvailable:    1489104 kB
Buffers:           56396 kB
Cached:           828800 kB
MemTotal:        1844596 kB
MemFree:          708832 kB
MemAvailable:    1490028 kB
Buffers:           56396 kB
Cached:           828800 kB
MemTotal:        1844596 kB
MemFree:          708884 kB
MemAvailable:    1490080 kB
Buffers:           56396 kB
Cached:           828800 kB
MemTotal:        1844596 kB
MemFree:          709220 kB
MemAvailable:    1490416 kB
Buffers:           56396 kB
Cached:           828800 kB
MemTotal:        1844596 kB
MemFree:          707812 kB
MemAvailable:    1489092 kB
Buffers:           56396 kB
Cached:           828924 kB
MemTotal:        1844596 kB
MemFree:          708948 kB
MemAvailable:    1489556 kB
Buffers:           56396 kB
Cached:           828168 kB
MemTotal:        1844596 kB
MemFree:          777924 kB
MemAvailable:    1558532 kB
Buffers:           56396 kB
Cached:           828168 kB
