MemTotal:        1844596 kB
MemFree:          861120 kB
MemAvailable:    1543640 kB
Buffers:           45912 kB
Cached:           746264 kB
MemTotal:        1844596 kB
MemFree:          858756 kB
MemAvailable:    1541276 kB
Buffers:           45912 kB
Cached:           746264 kB
MemTotal:        1844596 kB
MemFree:          857036 kB
MemAvailable:    1539556 kB
Buffers:           45912 kB
Cached:           746264 kB
MemTotal:        1844596 kB
MemFree:          857152 kB
MemAvailable:    1539672 kB
Buffers:           45912 kB
Cached:           746264 kB
MemTotal:        1844596 kB
MemFree:          856656 kB
MemAvailable:    1539176 kB
Buffers:           45912 kB
Cached:           746264 kB
MemTotal:        1844596 kB
MemFree:          856548 kB
MemAvailable:    1539068 kB
Buffers:           45912 kB
Cached:           746264 kB
MemTotal:        1844596 kB
MemFree:          854796 kB
MemAvailable:    1537316 kB
Buffers:           45912 kB
Cached:           746264 kB
MemTotal:        1844596 kB
MemFree:          853440 kB
MemAvailable:    1535960 kB
Buffers:           45912 kB
Cached:           746264 kB
MemTotal:        1844596 kB
MemFree:          850216 kB
MemAvailable:    1532736 kB
Buffers:           45912 kB
Cached:           746264 kB
MemTotal:        1844596 kB
MemFree:          846248 kB
MemAvailable:    1528768 kB
Buffers:           45912 kB
Cached:           746264 kB
MemTotal:        1844596 kB
MemFree:          846928 kB
MemAvailable:    1529448 kB
Buffers:           45912 kB
Cached:           746264 kB
MemTotal:        1844596 kB
MemFree:          846728 kB
MemAvailable:    1529248 kB
Buffers:           45912 kB
Cached:           746264 kB
MemTotal:        1844596 kB
MemFree:          847064 kB
MemAvailable:    1529584 kB
Buffers:           45912 kB
Cached:           746264 kB
MemTotal:        1844596 kB
MemFree:          846932 kB
MemAvailable:    1529452 kB
Buffers:           45912 kB
Cached:           746264 kB
MemTotal:        1844596 kB
MemFree:          846932 kB
MemAvailable:    1529452 kB
Buffers:           45912 kB
Cached:           746264 kB
MemTotal:        1844596 kB
MemFree:          846788 kB
MemAvailable:    1529308 kB
Buffers:           45912 kB
Cached:           746264 kB
MemTotal:        1844596 kB
MemFree:          845356 kB
MemAvailable:    1527876 kB
Buffers:           45912 kB
Cached:           746264 kB
MemTotal:        1844596 kB
MemFree:          845372 kB
MemAvailable:    1527892 kB
Buffers:           45912 kB
Cached:           746264 kB
MemTotal:        1844596 kB
MemFree:          845628 kB
MemAvailable:    1528152 kB
Buffers:           45912 kB
Cached:           746268 kB
MemTotal:        1844596 kB
MemFree:          844264 kB
MemAvailable:    1526788 kB
Buffers:           45912 kB
Cached:           746268 kB
MemTotal:        1844596 kB
MemFree:          844496 kB
MemAvailable:    1527020 kB
Buffers:           45912 kB
Cached:           746268 kB
MemTotal:        1844596 kB
MemFree:          844496 kB
MemAvailable:    1527020 kB
Buffers:           45912 kB
Cached:           746268 kB
MemTotal:        1844596 kB
MemFree:          844608 kB
MemAvailable:    1527132 kB
Buffers:           45912 kB
Cached:           746268 kB
MemTotal:        1844596 kB
MemFree:          843768 kB
MemAvailable:    1526292 kB
Buffers:           45912 kB
Cached:           746268 kB
MemTotal:        1844596 kB
MemFree:          844636 kB
MemAvailable:    1527160 kB
Buffers:           45912 kB
Cached:           746268 kB
MemTotal:        1844596 kB
MemFree:          843644 kB
MemAvailable:    1526168 kB
Buffers:           45912 kB
Cached:           746268 kB
MemTotal:        1844596 kB
MemFree:          844236 kB
MemAvailable:    1526760 kB
Buffers:           45912 kB
Cached:           746268 kB
MemTotal:        1844596 kB
MemFree:          844320 kB
MemAvailable:    1526844 kB
Buffers:           45912 kB
Cached:           746268 kB
MemTotal:        1844596 kB
MemFree:          844292 kB
MemAvailable:    1526816 kB
Buffers:           45912 kB
Cached:           746268 kB
MemTotal:        1844596 kB
MemFree:          844636 kB
MemAvailable:    1527160 kB
Buffers:           45912 kB
Cached:           746268 kB
MemTotal:        1844596 kB
MemFree:          842960 kB
MemAvailable:    1525484 kB
Buffers:           45912 kB
Cached:           746268 kB
MemTotal:        1844596 kB
MemFree:          844424 kB
MemAvailable:    1526948 kB
Buffers:           45912 kB
Cached:           746268 kB
MemTotal:        1844596 kB
MemFree:          844512 kB
MemAvailable:    1527036 kB
Buffers:           45912 kB
Cached:           746268 kB
MemTotal:        1844596 kB
MemFree:          844324 kB
MemAvailable:    1526848 kB
Buffers:           45912 kB
Cached:           746268 kB
MemTotal:        1844596 kB
MemFree:          842592 kB
MemAvailable:    1525116 kB
Buffers:           45912 kB
Cached:           746268 kB
MemTotal:        1844596 kB
MemFree:          840900 kB
MemAvailable:    1523424 kB
Buffers:           45912 kB
Cached:           746268 kB
MemTotal:        1844596 kB
MemFree:          842148 kB
MemAvailable:    1524672 kB
Buffers:           45912 kB
Cached:           746268 kB
MemTotal:        1844596 kB
MemFree:          841288 kB
MemAvailable:    1523812 kB
Buffers:           45912 kB
Cached:           746268 kB
MemTotal:        1844596 kB
MemFree:          841092 kB
MemAvailable:    1523616 kB
Buffers:           45912 kB
Cached:           746268 kB
MemTotal:        1844596 kB
MemFree:          839924 kB
MemAvailable:    1522448 kB
Buffers:           45912 kB
Cached:           746268 kB
MemTotal:        1844596 kB
MemFree:          840480 kB
MemAvailable:    1523004 kB
Buffers:           45912 kB
Cached:           746268 kB
MemTotal:        1844596 kB
MemFree:          840288 kB
MemAvailable:    1522812 kB
Buffers:           45912 kB
Cached:           746268 kB
MemTotal:        1844596 kB
MemFree:          840208 kB
MemAvailable:    1522732 kB
Buffers:           45912 kB
Cached:           746268 kB
MemTotal:        1844596 kB
MemFree:          840428 kB
MemAvailable:    1522952 kB
Buffers:           45912 kB
Cached:           746268 kB
MemTotal:        1844596 kB
MemFree:          838876 kB
MemAvailable:    1521400 kB
Buffers:           45912 kB
Cached:           746268 kB
MemTotal:        1844596 kB
MemFree:          838876 kB
MemAvailable:    1521400 kB
Buffers:           45912 kB
Cached:           746268 kB
MemTotal:        1844596 kB
MemFree:          840052 kB
MemAvailable:    1522576 kB
Buffers:           45912 kB
Cached:           746268 kB
MemTotal:        1844596 kB
MemFree:          839920 kB
MemAvailable:    1522444 kB
Buffers:           45912 kB
Cached:           746268 kB
MemTotal:        1844596 kB
MemFree:          838932 kB
MemAvailable:    1521456 kB
Buffers:           45912 kB
Cached:           746268 kB
MemTotal:        1844596 kB
MemFree:          839364 kB
MemAvailable:    1521888 kB
Buffers:           45912 kB
Cached:           746268 kB
MemTotal:        1844596 kB
MemFree:          839532 kB
MemAvailable:    1522056 kB
Buffers:           45912 kB
Cached:           746268 kB
MemTotal:        1844596 kB
MemFree:          837932 kB
MemAvailable:    1520456 kB
Buffers:           45912 kB
Cached:           746268 kB
MemTotal:        1844596 kB
MemFree:          837932 kB
MemAvailable:    1520456 kB
Buffers:           45912 kB
Cached:           746268 kB
MemTotal:        1844596 kB
MemFree:          839304 kB
MemAvailable:    1521828 kB
Buffers:           45912 kB
Cached:           746268 kB
MemTotal:        1844596 kB
MemFree:          839304 kB
MemAvailable:    1521828 kB
Buffers:           45912 kB
Cached:           746268 kB
MemTotal:        1844596 kB
MemFree:          839288 kB
MemAvailable:    1521812 kB
Buffers:           45912 kB
Cached:           746268 kB
MemTotal:        1844596 kB
MemFree:          839428 kB
MemAvailable:    1521952 kB
Buffers:           45912 kB
Cached:           746268 kB
MemTotal:        1844596 kB
MemFree:          839372 kB
MemAvailable:    1521896 kB
Buffers:           45912 kB
Cached:           746268 kB
MemTotal:        1844596 kB
MemFree:          838568 kB
MemAvailable:    1521092 kB
Buffers:           45912 kB
Cached:           746268 kB
MemTotal:        1844596 kB
MemFree:          839288 kB
MemAvailable:    1521816 kB
Buffers:           45912 kB
Cached:           746272 kB
MemTotal:        1844596 kB
MemFree:          839372 kB
MemAvailable:    1521900 kB
Buffers:           45912 kB
Cached:           746272 kB
MemTotal:        1844596 kB
MemFree:          837912 kB
MemAvailable:    1520440 kB
Buffers:           45912 kB
Cached:           746272 kB
MemTotal:        1844596 kB
MemFree:          839172 kB
MemAvailable:    1521700 kB
Buffers:           45912 kB
Cached:           746272 kB
MemTotal:        1844596 kB
MemFree:          838808 kB
MemAvailable:    1521336 kB
Buffers:           45912 kB
Cached:           746272 kB
MemTotal:        1844596 kB
MemFree:          837436 kB
MemAvailable:    1519964 kB
Buffers:           45912 kB
Cached:           746272 kB
MemTotal:        1844596 kB
MemFree:          837692 kB
MemAvailable:    1520220 kB
Buffers:           45912 kB
Cached:           746272 kB
MemTotal:        1844596 kB
MemFree:          838620 kB
MemAvailable:    1521148 kB
Buffers:           45912 kB
Cached:           746272 kB
MemTotal:        1844596 kB
MemFree:          838216 kB
MemAvailable:    1520744 kB
Buffers:           45912 kB
Cached:           746272 kB
MemTotal:        1844596 kB
MemFree:          838216 kB
MemAvailable:    1520744 kB
Buffers:           45912 kB
Cached:           746272 kB
MemTotal:        1844596 kB
MemFree:          838352 kB
MemAvailable:    1520880 kB
Buffers:           45912 kB
Cached:           746272 kB
MemTotal:        1844596 kB
MemFree:          837004 kB
MemAvailable:    1519532 kB
Buffers:           45912 kB
Cached:           746272 kB
MemTotal:        1844596 kB
MemFree:          837568 kB
MemAvailable:    1520096 kB
Buffers:           45912 kB
Cached:           746272 kB
MemTotal:        1844596 kB
MemFree:          837560 kB
MemAvailable:    1520092 kB
Buffers:           45912 kB
Cached:           746276 kB
MemTotal:        1844596 kB
MemFree:          838620 kB
MemAvailable:    1521152 kB
Buffers:           45912 kB
Cached:           746276 kB
MemTotal:        1844596 kB
MemFree:          838412 kB
MemAvailable:    1520944 kB
Buffers:           45912 kB
Cached:           746276 kB
MemTotal:        1844596 kB
MemFree:          838496 kB
MemAvailable:    1521028 kB
Buffers:           45912 kB
Cached:           746276 kB
MemTotal:        1844596 kB
MemFree:          838184 kB
MemAvailable:    1520716 kB
Buffers:           45912 kB
Cached:           746276 kB
MemTotal:        1844596 kB
MemFree:          838228 kB
MemAvailable:    1520760 kB
Buffers:           45912 kB
Cached:           746276 kB
MemTotal:        1844596 kB
MemFree:          837132 kB
MemAvailable:    1519664 kB
Buffers:           45912 kB
Cached:           746276 kB
MemTotal:        1844596 kB
MemFree:          836328 kB
MemAvailable:    1518860 kB
Buffers:           45912 kB
Cached:           746276 kB
MemTotal:        1844596 kB
MemFree:          832236 kB
MemAvailable:    1514768 kB
Buffers:           45912 kB
Cached:           746276 kB
MemTotal:        1844596 kB
MemFree:          830932 kB
MemAvailable:    1513464 kB
Buffers:           45912 kB
Cached:           746276 kB
MemTotal:        1844596 kB
MemFree:          829500 kB
MemAvailable:    1512032 kB
Buffers:           45912 kB
Cached:           746276 kB
MemTotal:        1844596 kB
MemFree:          830604 kB
MemAvailable:    1513136 kB
Buffers:           45912 kB
Cached:           746276 kB
MemTotal:        1844596 kB
MemFree:          830320 kB
MemAvailable:    1512852 kB
Buffers:           45912 kB
Cached:           746276 kB
MemTotal:        1844596 kB
MemFree:          830128 kB
MemAvailable:    1512660 kB
Buffers:           45912 kB
Cached:           746276 kB
MemTotal:        1844596 kB
MemFree:          830056 kB
MemAvailable:    1512588 kB
Buffers:           45912 kB
Cached:           746276 kB
MemTotal:        1844596 kB
MemFree:          829620 kB
MemAvailable:    1512152 kB
Buffers:           45912 kB
Cached:           746276 kB
MemTotal:        1844596 kB
MemFree:          830480 kB
MemAvailable:    1513012 kB
Buffers:           45912 kB
Cached:           746276 kB
MemTotal:        1844596 kB
MemFree:          830128 kB
MemAvailable:    1512660 kB
Buffers:           45912 kB
Cached:           746276 kB
MemTotal:        1844596 kB
MemFree:          830064 kB
MemAvailable:    1512596 kB
Buffers:           45912 kB
Cached:           746276 kB
MemTotal:        1844596 kB
MemFree:          830400 kB
MemAvailable:    1512932 kB
Buffers:           45912 kB
Cached:           746276 kB
MemTotal:        1844596 kB
MemFree:          830292 kB
MemAvailable:    1512824 kB
Buffers:           45912 kB
Cached:           746276 kB
MemTotal:        1844596 kB
MemFree:          830176 kB
MemAvailable:    1512708 kB
Buffers:           45912 kB
Cached:           746276 kB
MemTotal:        1844596 kB
MemFree:          830176 kB
MemAvailable:    1512708 kB
Buffers:           45912 kB
Cached:           746276 kB
MemTotal:        1844596 kB
MemFree:          830064 kB
MemAvailable:    1512596 kB
Buffers:           45912 kB
Cached:           746276 kB
MemTotal:        1844596 kB
MemFree:          830400 kB
MemAvailable:    1512932 kB
Buffers:           45912 kB
Cached:           746276 kB
MemTotal:        1844596 kB
MemFree:          829748 kB
MemAvailable:    1512280 kB
Buffers:           45912 kB
Cached:           746276 kB
MemTotal:        1844596 kB
MemFree:          829748 kB
MemAvailable:    1512280 kB
Buffers:           45912 kB
Cached:           746276 kB
MemTotal:        1844596 kB
MemFree:          829260 kB
MemAvailable:    1511796 kB
Buffers:           45912 kB
Cached:           746280 kB
MemTotal:        1844596 kB
MemFree:          828748 kB
MemAvailable:    1511284 kB
Buffers:           45912 kB
Cached:           746280 kB
MemTotal:        1844596 kB
MemFree:          828764 kB
MemAvailable:    1511300 kB
Buffers:           45912 kB
Cached:           746280 kB
MemTotal:        1844596 kB
MemFree:          827524 kB
MemAvailable:    1510060 kB
Buffers:           45912 kB
Cached:           746280 kB
MemTotal:        1844596 kB
MemFree:          827516 kB
MemAvailable:    1510052 kB
Buffers:           45912 kB
Cached:           746280 kB
MemTotal:        1844596 kB
MemFree:          827708 kB
MemAvailable:    1510244 kB
Buffers:           45912 kB
Cached:           746280 kB
MemTotal:        1844596 kB
MemFree:          827508 kB
MemAvailable:    1510044 kB
Buffers:           45912 kB
Cached:           746280 kB
MemTotal:        1844596 kB
MemFree:          827276 kB
MemAvailable:    1509812 kB
Buffers:           45912 kB
Cached:           746280 kB
MemTotal:        1844596 kB
MemFree:          826764 kB
MemAvailable:    1509300 kB
Buffers:           45912 kB
Cached:           746280 kB
MemTotal:        1844596 kB
MemFree:          827100 kB
MemAvailable:    1509636 kB
Buffers:           45912 kB
Cached:           746280 kB
MemTotal:        1844596 kB
MemFree:          825648 kB
MemAvailable:    1508184 kB
Buffers:           45912 kB
Cached:           746280 kB
MemTotal:        1844596 kB
MemFree:          826780 kB
MemAvailable:    1509316 kB
Buffers:           45912 kB
Cached:           746280 kB
MemTotal:        1844596 kB
MemFree:          826772 kB
MemAvailable:    1509308 kB
Buffers:           45912 kB
Cached:           746280 kB
MemTotal:        1844596 kB
MemFree:          826452 kB
MemAvailable:    1508988 kB
Buffers:           45912 kB
Cached:           746280 kB
MemTotal:        1844596 kB
MemFree:          826280 kB
MemAvailable:    1508816 kB
Buffers:           45912 kB
Cached:           746280 kB
MemTotal:        1844596 kB
MemFree:          826372 kB
MemAvailable:    1508908 kB
Buffers:           45912 kB
Cached:           746280 kB
MemTotal:        1844596 kB
MemFree:          826624 kB
MemAvailable:    1509160 kB
Buffers:           45912 kB
Cached:           746280 kB
MemTotal:        1844596 kB
MemFree:          826388 kB
MemAvailable:    1508924 kB
Buffers:           45912 kB
Cached:           746280 kB
MemTotal:        1844596 kB
MemFree:          826540 kB
MemAvailable:    1509076 kB
Buffers:           45912 kB
Cached:           746280 kB
MemTotal:        1844596 kB
MemFree:          826228 kB
MemAvailable:    1508764 kB
Buffers:           45912 kB
Cached:           746280 kB
MemTotal:        1844596 kB
MemFree:          826564 kB
MemAvailable:    1509100 kB
Buffers:           45912 kB
Cached:           746280 kB
MemTotal:        1844596 kB
MemFree:          826096 kB
MemAvailable:    1508632 kB
Buffers:           45912 kB
Cached:           746280 kB
MemTotal:        1844596 kB
MemFree:          825904 kB
MemAvailable:    1508440 kB
Buffers:           45912 kB
Cached:           746280 kB
MemTotal:        1844596 kB
MemFree:          824548 kB
MemAvailable:    1507084 kB
Buffers:           45912 kB
Cached:           746280 kB
MemTotal:        1844596 kB
MemFree:          821200 kB
MemAvailable:    1503736 kB
Buffers:           45912 kB
Cached:           746280 kB
MemTotal:        1844596 kB
MemFree:          820936 kB
MemAvailable:    1503472 kB
Buffers:           45912 kB
Cached:           746280 kB
MemTotal:        1844596 kB
MemFree:          821192 kB
MemAvailable:    1503728 kB
Buffers:           45912 kB
Cached:           746280 kB
MemTotal:        1844596 kB
MemFree:          819564 kB
MemAvailable:    1502100 kB
Buffers:           45912 kB
Cached:           746280 kB
MemTotal:        1844596 kB
MemFree:          819564 kB
MemAvailable:    1502100 kB
Buffers:           45912 kB
Cached:           746280 kB
MemTotal:        1844596 kB
MemFree:          820888 kB
MemAvailable:    1503424 kB
Buffers:           45912 kB
Cached:           746280 kB
MemTotal:        1844596 kB
MemFree:          820432 kB
MemAvailable:    1502968 kB
Buffers:           45912 kB
Cached:           746280 kB
MemTotal:        1844596 kB
MemFree:          820600 kB
MemAvailable:    1503136 kB
Buffers:           45912 kB
Cached:           746280 kB
MemTotal:        1844596 kB
MemFree:          820704 kB
MemAvailable:    1503240 kB
Buffers:           45912 kB
Cached:           746280 kB
MemTotal:        1844596 kB
MemFree:          819320 kB
MemAvailable:    1501856 kB
Buffers:           45912 kB
Cached:           746280 kB
MemTotal:        1844596 kB
MemFree:          819312 kB
MemAvailable:    1501848 kB
Buffers:           45912 kB
Cached:           746280 kB
MemTotal:        1844596 kB
MemFree:          820560 kB
MemAvailable:    1503096 kB
Buffers:           45912 kB
Cached:           746280 kB
MemTotal:        1844596 kB
MemFree:          820620 kB
MemAvailable:    1503156 kB
Buffers:           45912 kB
Cached:           746280 kB
MemTotal:        1844596 kB
MemFree:          820392 kB
MemAvailable:    1502928 kB
Buffers:           45912 kB
Cached:           746280 kB
MemTotal:        1844596 kB
MemFree:          819216 kB
MemAvailable:    1501752 kB
Buffers:           45912 kB
Cached:           746280 kB
MemTotal:        1844596 kB
MemFree:          818952 kB
MemAvailable:    1501488 kB
Buffers:           45912 kB
Cached:           746280 kB
MemTotal:        1844596 kB
MemFree:          820316 kB
MemAvailable:    1502852 kB
Buffers:           45912 kB
Cached:           746280 kB
MemTotal:        1844596 kB
MemFree:          818928 kB
MemAvailable:    1501464 kB
Buffers:           45912 kB
Cached:           746280 kB
MemTotal:        1844596 kB
MemFree:          815992 kB
MemAvailable:    1498528 kB
Buffers:           45912 kB
Cached:           746280 kB
MemTotal:        1844596 kB
MemFree:          817108 kB
MemAvailable:    1499644 kB
Buffers:           45912 kB
Cached:           746280 kB
MemTotal:        1844596 kB
MemFree:          815992 kB
MemAvailable:    1498528 kB
Buffers:           45912 kB
Cached:           746280 kB
MemTotal:        1844596 kB
MemFree:          816924 kB
MemAvailable:    1499460 kB
Buffers:           45912 kB
Cached:           746280 kB
MemTotal:        1844596 kB
MemFree:          817180 kB
MemAvailable:    1499716 kB
Buffers:           45912 kB
Cached:           746280 kB
MemTotal:        1844596 kB
MemFree:          816828 kB
MemAvailable:    1499364 kB
Buffers:           45912 kB
Cached:           746280 kB
MemTotal:        1844596 kB
MemFree:          817052 kB
MemAvailable:    1499588 kB
Buffers:           45912 kB
Cached:           746280 kB
MemTotal:        1844596 kB
MemFree:          815744 kB
MemAvailable:    1498280 kB
Buffers:           45912 kB
Cached:           746280 kB
MemTotal:        1844596 kB
MemFree:          819160 kB
MemAvailable:    1501696 kB
Buffers:           45912 kB
Cached:           746280 kB
MemTotal:        1844596 kB
MemFree:          818912 kB
MemAvailable:    1501532 kB
Buffers:           45912 kB
Cached:           746404 kB
MemTotal:        1844596 kB
MemFree:          818780 kB
MemAvailable:    1501484 kB
Buffers:           45912 kB
Cached:           746404 kB
MemTotal:        1844596 kB
MemFree:          818776 kB
MemAvailable:    1501648 kB
Buffers:           45912 kB
Cached:           746652 kB
MemTotal:        1844596 kB
MemFree:          818512 kB
MemAvailable:    1501468 kB
Buffers:           45912 kB
Cached:           746776 kB
MemTotal:        1844596 kB
MemFree:          818848 kB
MemAvailable:    1501804 kB
Buffers:           45912 kB
Cached:           746776 kB
MemTotal:        1844596 kB
MemFree:          818392 kB
MemAvailable:    1501432 kB
Buffers:           45912 kB
Cached:           746900 kB
MemTotal:        1844596 kB
MemFree:          817176 kB
MemAvailable:    1500216 kB
Buffers:           45912 kB
Cached:           746900 kB
MemTotal:        1844596 kB
MemFree:          818444 kB
MemAvailable:    1501484 kB
Buffers:           45912 kB
Cached:           746900 kB
MemTotal:        1844596 kB
MemFree:          818064 kB
MemAvailable:    1501188 kB
Buffers:           45912 kB
Cached:           746900 kB
MemTotal:        1844596 kB
MemFree:          818232 kB
MemAvailable:    1501356 kB
Buffers:           45912 kB
Cached:           746900 kB
MemTotal:        1844596 kB
MemFree:          818208 kB
MemAvailable:    1501332 kB
Buffers:           45912 kB
Cached:           746900 kB
MemTotal:        1844596 kB
MemFree:          818208 kB
MemAvailable:    1501332 kB
Buffers:           45912 kB
Cached:           746900 kB
MemTotal:        1844596 kB
MemFree:          818212 kB
MemAvailable:    1501336 kB
Buffers:           45912 kB
Cached:           746900 kB
MemTotal:        1844596 kB
MemFree:          818288 kB
MemAvailable:    1501412 kB
Buffers:           45912 kB
Cached:           746900 kB
MemTotal:        1844596 kB
MemFree:          818560 kB
MemAvailable:    1501096 kB
Buffers:           45912 kB
Cached:           746308 kB
MemTotal:        1844596 kB
MemFree:          857580 kB
MemAvailable:    1540116 kB
Buffers:           45912 kB
Cached:           746308 kB
MemTotal:        1844596 kB
MemFree:          887536 kB
MemAvailable:    1570072 kB
Buffers:           45912 kB
Cached:           746308 kB
