MemTotal:        1844596 kB
MemFree:          697988 kB
MemAvailable:    1528560 kB
Buffers:           61536 kB
Cached:           868908 kB
MemTotal:        1844596 kB
MemFree:          698024 kB
MemAvailable:    1528596 kB
Buffers:           61536 kB
Cached:           868908 kB
MemTotal:        1844596 kB
MemFree:          694836 kB
MemAvailable:    1525408 kB
Buffers:           61536 kB
Cached:           868908 kB
MemTotal:        1844596 kB
MemFree:          693572 kB
MemAvailable:    1524144 kB
Buffers:           61536 kB
Cached:           868908 kB
MemTotal:        1844596 kB
MemFree:          692952 kB
MemAvailable:    1523524 kB
Buffers:           61536 kB
Cached:           868908 kB
MemTotal:        1844596 kB
MemFree:          693580 kB
MemAvailable:    1524152 kB
Buffers:           61536 kB
Cached:           868908 kB
MemTotal:        1844596 kB
MemFree:          692976 kB
MemAvailable:    1523548 kB
Buffers:           61536 kB
Cached:           868908 kB
MemTotal:        1844596 kB
MemFree:          689984 kB
MemAvailable:    1520556 kB
Buffers:           61536 kB
Cached:           868908 kB
MemTotal:        1844596 kB
MemFree:          688380 kB
MemAvailable:    1518952 kB
Buffers:           61536 kB
Cached:           868908 kB
MemTotal:        1844596 kB
MemFree:          686264 kB
MemAvailable:    1516836 kB
Buffers:           61536 kB
Cached:           868908 kB
MemTotal:        1844596 kB
MemFree:          684120 kB
MemAvailable:    1514692 kB
Buffers:           61536 kB
Cached:           868908 kB
MemTotal:        1844596 kB
MemFree:          684456 kB
MemAvailable:    1515028 kB
Buffers:           61536 kB
Cached:           868908 kB
MemTotal:        1844596 kB
MemFree:          683164 kB
MemAvailable:    1513736 kB
Buffers:           61536 kB
Cached:           868908 kB
MemTotal:        1844596 kB
MemFree:          683124 kB
MemAvailable:    1513696 kB
Buffers:           61536 kB
Cached:           868908 kB
MemTotal:        1844596 kB
MemFree:          684096 kB
MemAvailable:    1514668 kB
Buffers:           61536 kB
Cached:           868908 kB
MemTotal:        1844596 kB
MemFree:          684264 kB
MemAvailable:    1514836 kB
Buffers:           61536 kB
Cached:           868908 kB
MemTotal:        1844596 kB
MemFree:          682784 kB
MemAvailable:    1513356 kB
Buffers:           61536 kB
Cached:           868908 kB
MemTotal:        1844596 kB
MemFree:          683784 kB
MemAvailable:    1514356 kB
Buffers:           61536 kB
Cached:           868908 kB
MemTotal:        1844596 kB
MemFree:          682048 kB
MemAvailable:    1512620 kB
Buffers:           61536 kB
Cached:           868908 kB
MemTotal:        1844596 kB
MemFree:          682384 kB
MemAvailable:    1512956 kB
Buffers:           61536 kB
Cached:           868908 kB
MemTotal:        1844596 kB
MemFree:          682000 kB
MemAvailable:    1512572 kB
Buffers:           61536 kB
Cached:           868908 kB
MemTotal:        1844596 kB
MemFree:          682252 kB
MemAvailable:    1512824 kB
Buffers:           61536 kB
Cached:           868908 kB
MemTotal:        1844596 kB
MemFree:          680552 kB
MemAvailable:    1511124 kB
Buffers:           61536 kB
Cached:           868908 kB
MemTotal:        1844596 kB
MemFree:          681976 kB
MemAvailable:    1512548 kB
Buffers:           61536 kB
Cached:           868908 kB
MemTotal:        1844596 kB
MemFree:          682104 kB
MemAvailable:    1512676 kB
Buffers:           61536 kB
Cached:           868908 kB
MemTotal:        1844596 kB
MemFree:          681996 kB
MemAvailable:    1512568 kB
Buffers:           61536 kB
Cached:           868908 kB
MemTotal:        1844596 kB
MemFree:          680880 kB
MemAvailable:    1511452 kB
Buffers:           61536 kB
Cached:           868908 kB
MemTotal:        1844596 kB
MemFree:          682168 kB
MemAvailable:    1512740 kB
Buffers:           61536 kB
Cached:           868908 kB
MemTotal:        1844596 kB
MemFree:          682860 kB
MemAvailable:    1513432 kB
Buffers:           61536 kB
Cached:           868908 kB
MemTotal:        1844596 kB
MemFree:          681620 kB
MemAvailable:    1512192 kB
Buffers:           61536 kB
Cached:           868908 kB
MemTotal:        1844596 kB
MemFree:          679204 kB
MemAvailable:    1509776 kB
Buffers:           61536 kB
Cached:           868908 kB
MemTotal:        1844596 kB
MemFree:          679312 kB
MemAvailable:    1509884 kB
Buffers:           61536 kB
Cached:           868908 kB
MemTotal:        1844596 kB
MemFree:          678088 kB
MemAvailable:    1508660 kB
Buffers:           61536 kB
Cached:           868908 kB
MemTotal:        1844596 kB
MemFree:          677584 kB
MemAvailable:    1508156 kB
Buffers:           61536 kB
Cached:           868908 kB
MemTotal:        1844596 kB
MemFree:          678668 kB
MemAvailable:    1509240 kB
Buffers:           61536 kB
Cached:           868908 kB
MemTotal:        1844596 kB
MemFree:          676848 kB
MemAvailable:    1507420 kB
Buffers:           61536 kB
Cached:           868908 kB
MemTotal:        1844596 kB
MemFree:          676964 kB
MemAvailable:    1507536 kB
Buffers:           61536 kB
Cached:           868908 kB
MemTotal:        1844596 kB
MemFree:          677700 kB
MemAvailable:    1508272 kB
Buffers:           61536 kB
Cached:           868908 kB
MemTotal:        1844596 kB
MemFree:          678036 kB
MemAvailable:    1508608 kB
Buffers:           61536 kB
Cached:           868908 kB
MemTotal:        1844596 kB
MemFree:          677708 kB
MemAvailable:    1508280 kB
Buffers:           61536 kB
Cached:           868908 kB
MemTotal:        1844596 kB
MemFree:          676956 kB
MemAvailable:    1507528 kB
Buffers:           61536 kB
Cached:           868908 kB
MemTotal:        1844596 kB
MemFree:          676092 kB
MemAvailable:    1506664 kB
Buffers:           61536 kB
Cached:           868908 kB
MemTotal:        1844596 kB
MemFree:          676956 kB
MemAvailable:    1507528 kB
Buffers:           61536 kB
Cached:           868908 kB
MemTotal:        1844596 kB
MemFree:          677040 kB
MemAvailable:    1507612 kB
Buffers:           61536 kB
Cached:           868908 kB
MemTotal:        1844596 kB
MemFree:          676916 kB
MemAvailable:    1507496 kB
Buffers:           61536 kB
Cached:           868916 kB
MemTotal:        1844596 kB
MemFree:          676692 kB
MemAvailable:    1507272 kB
Buffers:           61536 kB
Cached:           868916 kB
MemTotal:        1844596 kB
MemFree:          675536 kB
MemAvailable:    1506116 kB
Buffers:           61536 kB
Cached:           868916 kB
MemTotal:        1844596 kB
MemFree:          676972 kB
MemAvailable:    1507552 kB
Buffers:           61536 kB
Cached:           868916 kB
MemTotal:        1844596 kB
MemFree:          676104 kB
MemAvailable:    1506684 kB
Buffers:           61536 kB
Cached:           868916 kB
MemTotal:        1844596 kB
MemFree:          676544 kB
MemAvailable:    1507124 kB
Buffers:           61536 kB
Cached:           868916 kB
MemTotal:        1844596 kB
MemFree:          676880 kB
MemAvailable:    1507460 kB
Buffers:           61536 kB
Cached:           868916 kB
MemTotal:        1844596 kB
MemFree:          676708 kB
MemAvailable:    1507288 kB
Buffers:           61536 kB
Cached:           868916 kB
MemTotal:        1844596 kB
MemFree:          676960 kB
MemAvailable:    1507540 kB
Buffers:           61536 kB
Cached:           868916 kB
MemTotal:        1844596 kB
MemFree:          675420 kB
MemAvailable:    1506000 kB
Buffers:           61536 kB
Cached:           868916 kB
MemTotal:        1844596 kB
MemFree:          675420 kB
MemAvailable:    1506000 kB
Buffers:           61536 kB
Cached:           868916 kB
MemTotal:        1844596 kB
MemFree:          677040 kB
MemAvailable:    1507620 kB
Buffers:           61536 kB
Cached:           868916 kB
MemTotal:        1844596 kB
MemFree:          675608 kB
MemAvailable:    1506188 kB
Buffers:           61536 kB
Cached:           868916 kB
MemTotal:        1844596 kB
MemFree:          676180 kB
MemAvailable:    1506760 kB
Buffers:           61536 kB
Cached:           868916 kB
MemTotal:        1844596 kB
MemFree:          676516 kB
MemAvailable:    1507096 kB
Buffers:           61536 kB
Cached:           868916 kB
MemTotal:        1844596 kB
MemFree:          675064 kB
MemAvailable:    1505644 kB
Buffers:           61536 kB
Cached:           868916 kB
MemTotal:        1844596 kB
MemFree:          676156 kB
MemAvailable:    1506736 kB
Buffers:           61536 kB
Cached:           868916 kB
MemTotal:        1844596 kB
MemFree:          674724 kB
MemAvailable:    1505304 kB
Buffers:           61536 kB
Cached:           868916 kB
MemTotal:        1844596 kB
MemFree:          676024 kB
MemAvailable:    1506604 kB
Buffers:           61536 kB
Cached:           868916 kB
MemTotal:        1844596 kB
MemFree:          675892 kB
MemAvailable:    1506472 kB
Buffers:           61536 kB
Cached:           868916 kB
MemTotal:        1844596 kB
MemFree:          674460 kB
MemAvailable:    1505040 kB
Buffers:           61536 kB
Cached:           868916 kB
MemTotal:        1844596 kB
MemFree:          675760 kB
MemAvailable:    1506340 kB
Buffers:           61536 kB
Cached:           868916 kB
MemTotal:        1844596 kB
MemFree:          675776 kB
MemAvailable:    1506356 kB
Buffers:           61536 kB
Cached:           868916 kB
MemTotal:        1844596 kB
MemFree:          675244 kB
MemAvailable:    1505824 kB
Buffers:           61536 kB
Cached:           868916 kB
MemTotal:        1844596 kB
MemFree:          674560 kB
MemAvailable:    1505140 kB
Buffers:           61536 kB
Cached:           868916 kB
MemTotal:        1844596 kB
MemFree:          674436 kB
MemAvailable:    1505016 kB
Buffers:           61536 kB
Cached:           868916 kB
MemTotal:        1844596 kB
MemFree:          673312 kB
MemAvailable:    1503892 kB
Buffers:           61536 kB
Cached:           868916 kB
MemTotal:        1844596 kB
MemFree:          670152 kB
MemAvailable:    1500732 kB
Buffers:           61536 kB
Cached:           868916 kB
MemTotal:        1844596 kB
MemFree:          668276 kB
MemAvailable:    1498856 kB
Buffers:           61536 kB
Cached:           868916 kB
MemTotal:        1844596 kB
MemFree:          668612 kB
MemAvailable:    1499192 kB
Buffers:           61536 kB
Cached:           868916 kB
MemTotal:        1844596 kB
MemFree:          668128 kB
MemAvailable:    1498708 kB
Buffers:           61536 kB
Cached:           868916 kB
MemTotal:        1844596 kB
MemFree:          667780 kB
MemAvailable:    1498360 kB
Buffers:           61536 kB
Cached:           868916 kB
MemTotal:        1844596 kB
MemFree:          668036 kB
MemAvailable:    1498616 kB
Buffers:           61536 kB
Cached:           868916 kB
MemTotal:        1844596 kB
MemFree:          667920 kB
MemAvailable:    1498500 kB
Buffers:           61536 kB
Cached:           868916 kB
MemTotal:        1844596 kB
MemFree:          667424 kB
MemAvailable:    1498004 kB
Buffers:           61536 kB
Cached:           868916 kB
MemTotal:        1844596 kB
MemFree:          667776 kB
MemAvailable:    1498356 kB
Buffers:           61536 kB
Cached:           868916 kB
MemTotal:        1844596 kB
MemFree:          668032 kB
MemAvailable:    1498612 kB
Buffers:           61536 kB
Cached:           868916 kB
MemTotal:        1844596 kB
MemFree:          667728 kB
MemAvailable:    1498308 kB
Buffers:           61536 kB
Cached:           868916 kB
MemTotal:        1844596 kB
MemFree:          667984 kB
MemAvailable:    1498564 kB
Buffers:           61536 kB
Cached:           868916 kB
MemTotal:        1844596 kB
MemFree:          667860 kB
MemAvailable:    1498440 kB
Buffers:           61536 kB
Cached:           868916 kB
MemTotal:        1844596 kB
MemFree:          668028 kB
MemAvailable:    1498608 kB
Buffers:           61536 kB
Cached:           868916 kB
MemTotal:        1844596 kB
MemFree:          667740 kB
MemAvailable:    1498320 kB
Buffers:           61536 kB
Cached:           868916 kB
MemTotal:        1844596 kB
MemFree:          666500 kB
MemAvailable:    1497080 kB
Buffers:           61536 kB
Cached:           868916 kB
MemTotal:        1844596 kB
MemFree:          666432 kB
MemAvailable:    1497012 kB
Buffers:           61536 kB
Cached:           868916 kB
MemTotal:        1844596 kB
MemFree:          666300 kB
MemAvailable:    1496880 kB
Buffers:           61536 kB
Cached:           868916 kB
MemTotal:        1844596 kB
MemFree:          666988 kB
MemAvailable:    1497568 kB
Buffers:           61536 kB
Cached:           868916 kB
MemTotal:        1844596 kB
MemFree:          666556 kB
MemAvailable:    1497136 kB
Buffers:           61536 kB
Cached:           868916 kB
MemTotal:        1844596 kB
MemFree:          665184 kB
MemAvailable:    1495764 kB
Buffers:           61536 kB
Cached:           868916 kB
MemTotal:        1844596 kB
MemFree:          666168 kB
MemAvailable:    1496748 kB
Buffers:           61536 kB
Cached:           868916 kB
MemTotal:        1844596 kB
MemFree:          666120 kB
MemAvailable:    1496700 kB
Buffers:           61536 kB
Cached:           868916 kB
MemTotal:        1844596 kB
MemFree:          665020 kB
MemAvailable:    1495600 kB
Buffers:           61536 kB
Cached:           868916 kB
MemTotal:        1844596 kB
MemFree:          665076 kB
MemAvailable:    1495656 kB
Buffers:           61536 kB
Cached:           868916 kB
MemTotal:        1844596 kB
MemFree:          664556 kB
MemAvailable:    1495136 kB
Buffers:           61536 kB
Cached:           868916 kB
MemTotal:        1844596 kB
MemFree:          664436 kB
MemAvailable:    1495016 kB
Buffers:           61536 kB
Cached:           868916 kB
MemTotal:        1844596 kB
MemFree:          664292 kB
MemAvailable:    1494872 kB
Buffers:           61536 kB
Cached:           868916 kB
MemTotal:        1844596 kB
MemFree:          664520 kB
MemAvailable:    1495100 kB
Buffers:           61536 kB
Cached:           868916 kB
MemTotal:        1844596 kB
MemFree:          664004 kB
MemAvailable:    1494584 kB
Buffers:           61536 kB
Cached:           868916 kB
MemTotal:        1844596 kB
MemFree:          664172 kB
MemAvailable:    1494752 kB
Buffers:           61536 kB
Cached:           868916 kB
MemTotal:        1844596 kB
MemFree:          662816 kB
MemAvailable:    1493396 kB
Buffers:           61536 kB
Cached:           868916 kB
MemTotal:        1844596 kB
MemFree:          663340 kB
MemAvailable:    1493920 kB
Buffers:           61536 kB
Cached:           868916 kB
MemTotal:        1844596 kB
MemFree:          664408 kB
MemAvailable:    1494988 kB
Buffers:           61536 kB
Cached:           868916 kB
MemTotal:        1844596 kB
MemFree:          663076 kB
MemAvailable:    1493656 kB
Buffers:           61536 kB
Cached:           868916 kB
MemTotal:        1844596 kB
MemFree:          663324 kB
MemAvailable:    1493904 kB
Buffers:           61536 kB
Cached:           868916 kB
MemTotal:        1844596 kB
MemFree:          662952 kB
MemAvailable:    1493532 kB
Buffers:           61536 kB
Cached:           868916 kB
MemTotal:        1844596 kB
MemFree:          662960 kB
MemAvailable:    1493540 kB
Buffers:           61536 kB
Cached:           868916 kB
MemTotal:        1844596 kB
MemFree:          663448 kB
MemAvailable:    1494028 kB
Buffers:           61536 kB
Cached:           868916 kB
MemTotal:        1844596 kB
MemFree:          663448 kB
MemAvailable:    1494028 kB
Buffers:           61536 kB
Cached:           868916 kB
MemTotal:        1844596 kB
MemFree:          660836 kB
MemAvailable:    1491416 kB
Buffers:           61536 kB
Cached:           868916 kB
MemTotal:        1844596 kB
MemFree:          658868 kB
MemAvailable:    1489448 kB
Buffers:           61536 kB
Cached:           868916 kB
MemTotal:        1844596 kB
MemFree:          658620 kB
MemAvailable:    1489200 kB
Buffers:           61536 kB
Cached:           868916 kB
MemTotal:        1844596 kB
MemFree:          657504 kB
MemAvailable:    1488084 kB
Buffers:           61536 kB
Cached:           868916 kB
MemTotal:        1844596 kB
MemFree:          657076 kB
MemAvailable:    1487656 kB
Buffers:           61536 kB
Cached:           868916 kB
MemTotal:        1844596 kB
MemFree:          657200 kB
MemAvailable:    1487780 kB
Buffers:           61536 kB
Cached:           868916 kB
MemTotal:        1844596 kB
MemFree:          658500 kB
MemAvailable:    1489080 kB
Buffers:           61536 kB
Cached:           868916 kB
MemTotal:        1844596 kB
MemFree:          658044 kB
MemAvailable:    1488624 kB
Buffers:           61536 kB
Cached:           868916 kB
MemTotal:        1844596 kB
MemFree:          657440 kB
MemAvailable:    1488020 kB
Buffers:           61536 kB
Cached:           868916 kB
MemTotal:        1844596 kB
MemFree:          657984 kB
MemAvailable:    1488564 kB
Buffers:           61536 kB
Cached:           868916 kB
MemTotal:        1844596 kB
MemFree:          658108 kB
MemAvailable:    1488688 kB
Buffers:           61536 kB
Cached:           868916 kB
MemTotal:        1844596 kB
MemFree:          658248 kB
MemAvailable:    1488840 kB
Buffers:           61536 kB
Cached:           868928 kB
MemTotal:        1844596 kB
MemFree:          658052 kB
MemAvailable:    1488644 kB
Buffers:           61536 kB
Cached:           868928 kB
MemTotal:        1844596 kB
MemFree:          657008 kB
MemAvailable:    1487600 kB
Buffers:           61536 kB
Cached:           868928 kB
MemTotal:        1844596 kB
MemFree:          656556 kB
MemAvailable:    1487148 kB
Buffers:           61536 kB
Cached:           868928 kB
MemTotal:        1844596 kB
MemFree:          654032 kB
MemAvailable:    1484624 kB
Buffers:           61536 kB
Cached:           868928 kB
MemTotal:        1844596 kB
MemFree:          655208 kB
MemAvailable:    1485800 kB
Buffers:           61536 kB
Cached:           868928 kB
MemTotal:        1844596 kB
MemFree:          655204 kB
MemAvailable:    1485796 kB
Buffers:           61536 kB
Cached:           868928 kB
MemTotal:        1844596 kB
MemFree:          653596 kB
MemAvailable:    1484188 kB
Buffers:           61536 kB
Cached:           868928 kB
MemTotal:        1844596 kB
MemFree:          654704 kB
MemAvailable:    1485296 kB
Buffers:           61536 kB
Cached:           868928 kB
MemTotal:        1844596 kB
MemFree:          654956 kB
MemAvailable:    1485548 kB
Buffers:           61536 kB
Cached:           868928 kB
MemTotal:        1844596 kB
MemFree:          656664 kB
MemAvailable:    1487256 kB
Buffers:           61536 kB
Cached:           868928 kB
MemTotal:        1844596 kB
MemFree:          656636 kB
MemAvailable:    1487228 kB
Buffers:           61536 kB
Cached:           868928 kB
MemTotal:        1844596 kB
MemFree:          656732 kB
MemAvailable:    1487408 kB
Buffers:           61536 kB
Cached:           869052 kB
MemTotal:        1844596 kB
MemFree:          656816 kB
MemAvailable:    1487492 kB
Buffers:           61536 kB
Cached:           869052 kB
MemTotal:        1844596 kB
MemFree:          655248 kB
MemAvailable:    1486008 kB
Buffers:           61536 kB
Cached:           869176 kB
MemTotal:        1844596 kB
MemFree:          655256 kB
MemAvailable:    1486100 kB
Buffers:           61536 kB
Cached:           869300 kB
MemTotal:        1844596 kB
MemFree:          655124 kB
MemAvailable:    1486052 kB
Buffers:           61536 kB
Cached:           869424 kB
MemTotal:        1844596 kB
MemFree:          656248 kB
MemAvailable:    1487344 kB
Buffers:           61536 kB
Cached:           869548 kB
MemTotal:        1844596 kB
MemFree:          656248 kB
MemAvailable:    1487344 kB
Buffers:           61536 kB
Cached:           869548 kB
MemTotal:        1844596 kB
MemFree:          656080 kB
MemAvailable:    1487260 kB
Buffers:           61536 kB
Cached:           869548 kB
MemTotal:        1844596 kB
MemFree:          656080 kB
MemAvailable:    1487260 kB
Buffers:           61536 kB
Cached:           869548 kB
MemTotal:        1844596 kB
MemFree:          656124 kB
MemAvailable:    1487304 kB
Buffers:           61536 kB
Cached:           869548 kB
MemTotal:        1844596 kB
MemFree:          656124 kB
MemAvailable:    1487304 kB
Buffers:           61536 kB
Cached:           869548 kB
MemTotal:        1844596 kB
MemFree:          655952 kB
MemAvailable:    1487132 kB
Buffers:           61536 kB
Cached:           869548 kB
MemTotal:        1844596 kB
MemFree:          656120 kB
MemAvailable:    1487300 kB
Buffers:           61536 kB
Cached:           869548 kB
MemTotal:        1844596 kB
MemFree:          656256 kB
MemAvailable:    1487436 kB
Buffers:           61536 kB
Cached:           869548 kB
MemTotal:        1844596 kB
MemFree:          654872 kB
MemAvailable:    1486136 kB
Buffers:           61536 kB
Cached:           869672 kB
MemTotal:        1844596 kB
MemFree:          655472 kB
MemAvailable:    1486064 kB
Buffers:           61536 kB
Cached:           868916 kB
MemTotal:        1844596 kB
MemFree:          724040 kB
MemAvailable:    1554632 kB
Buffers:           61536 kB
Cached:           868916 kB
