MemTotal:        1844596 kB
MemFree:          838668 kB
MemAvailable:    1539316 kB
Buffers:           47956 kB
Cached:           763184 kB
MemTotal:        1844596 kB
MemFree:          837676 kB
MemAvailable:    1538324 kB
Buffers:           47956 kB
Cached:           763184 kB
MemTotal:        1844596 kB
MemFree:          836992 kB
MemAvailable:    1537640 kB
Buffers:           47956 kB
Cached:           763184 kB
MemTotal:        1844596 kB
MemFree:          835568 kB
MemAvailable:    1536216 kB
Buffers:           47956 kB
Cached:           763184 kB
MemTotal:        1844596 kB
MemFree:          834064 kB
MemAvailable:    1534712 kB
Buffers:           47956 kB
Cached:           763184 kB
MemTotal:        1844596 kB
MemFree:          834328 kB
MemAvailable:    1534976 kB
Buffers:           47956 kB
Cached:           763184 kB
MemTotal:        1844596 kB
MemFree:          834816 kB
MemAvailable:    1535468 kB
Buffers:           47956 kB
Cached:           763188 kB
MemTotal:        1844596 kB
MemFree:          831476 kB
MemAvailable:    1532128 kB
Buffers:           47956 kB
Cached:           763188 kB
MemTotal:        1844596 kB
MemFree:          829732 kB
MemAvailable:    1530384 kB
Buffers:           47956 kB
Cached:           763188 kB
MemTotal:        1844596 kB
MemFree:          828376 kB
MemAvailable:    1529028 kB
Buffers:           47956 kB
Cached:           763188 kB
MemTotal:        1844596 kB
MemFree:          823168 kB
MemAvailable:    1523820 kB
Buffers:           47956 kB
Cached:           763188 kB
MemTotal:        1844596 kB
MemFree:          825236 kB
MemAvailable:    1525888 kB
Buffers:           47956 kB
Cached:           763188 kB
MemTotal:        1844596 kB
MemFree:          825344 kB
MemAvailable:    1525996 kB
Buffers:           47956 kB
Cached:           763188 kB
MemTotal:        1844596 kB
MemFree:          825344 kB
MemAvailable:    1525996 kB
Buffers:           47956 kB
Cached:           763188 kB
MemTotal:        1844596 kB
MemFree:          825468 kB
MemAvailable:    1526120 kB
Buffers:           47956 kB
Cached:           763188 kB
MemTotal:        1844596 kB
MemFree:          823972 kB
MemAvailable:    1524624 kB
Buffers:           47956 kB
Cached:           763188 kB
MemTotal:        1844596 kB
MemFree:          825272 kB
MemAvailable:    1525924 kB
Buffers:           47956 kB
Cached:           763188 kB
MemTotal:        1844596 kB
MemFree:          823168 kB
MemAvailable:    1523820 kB
Buffers:           47956 kB
Cached:           763188 kB
MemTotal:        1844596 kB
MemFree:          823356 kB
MemAvailable:    1524008 kB
Buffers:           47956 kB
Cached:           763188 kB
MemTotal:        1844596 kB
MemFree:          821796 kB
MemAvailable:    1522448 kB
Buffers:           47956 kB
Cached:           763188 kB
MemTotal:        1844596 kB
MemFree:          823284 kB
MemAvailable:    1523936 kB
Buffers:           47956 kB
Cached:           763188 kB
MemTotal:        1844596 kB
MemFree:          822548 kB
MemAvailable:    1523200 kB
Buffers:           47956 kB
Cached:           763188 kB
MemTotal:        1844596 kB
MemFree:          822732 kB
MemAvailable:    1523384 kB
Buffers:           47956 kB
Cached:           763188 kB
MemTotal:        1844596 kB
MemFree:          822988 kB
MemAvailable:    1523640 kB
Buffers:           47956 kB
Cached:           763188 kB
MemTotal:        1844596 kB
MemFree:          822788 kB
MemAvailable:    1523440 kB
Buffers:           47956 kB
Cached:           763188 kB
MemTotal:        1844596 kB
MemFree:          822788 kB
MemAvailable:    1523440 kB
Buffers:           47956 kB
Cached:           763188 kB
MemTotal:        1844596 kB
MemFree:          822800 kB
MemAvailable:    1523452 kB
Buffers:           47956 kB
Cached:           763188 kB
MemTotal:        1844596 kB
MemFree:          822876 kB
MemAvailable:    1523528 kB
Buffers:           47956 kB
Cached:           763188 kB
MemTotal:        1844596 kB
MemFree:          822912 kB
MemAvailable:    1523564 kB
Buffers:           47956 kB
Cached:           763188 kB
MemTotal:        1844596 kB
MemFree:          824360 kB
MemAvailable:    1525012 kB
Buffers:           47956 kB
Cached:           763188 kB
MemTotal:        1844596 kB
MemFree:          821796 kB
MemAvailable:    1522448 kB
Buffers:           47956 kB
Cached:           763188 kB
MemTotal:        1844596 kB
MemFree:          821796 kB
MemAvailable:    1522448 kB
Buffers:           47956 kB
Cached:           763188 kB
MemTotal:        1844596 kB
MemFree:          820688 kB
MemAvailable:    1521340 kB
Buffers:           47956 kB
Cached:           763188 kB
MemTotal:        1844596 kB
MemFree:          820524 kB
MemAvailable:    1521176 kB
Buffers:           47956 kB
Cached:           763188 kB
MemTotal:        1844596 kB
MemFree:          819192 kB
MemAvailable:    1519844 kB
Buffers:           47956 kB
Cached:           763188 kB
MemTotal:        1844596 kB
MemFree:          819368 kB
MemAvailable:    1520020 kB
Buffers:           47956 kB
Cached:           763188 kB
MemTotal:        1844596 kB
MemFree:          819704 kB
MemAvailable:    1520356 kB
Buffers:           47956 kB
Cached:           763188 kB
MemTotal:        1844596 kB
MemFree:          817696 kB
MemAvailable:    1518348 kB
Buffers:           47956 kB
Cached:           763188 kB
MemTotal:        1844596 kB
MemFree:          818680 kB
MemAvailable:    1519332 kB
Buffers:           47956 kB
Cached:           763188 kB
MemTotal:        1844596 kB
MemFree:          818680 kB
MemAvailable:    1519332 kB
Buffers:           47956 kB
Cached:           763188 kB
MemTotal:        1844596 kB
MemFree:          817400 kB
MemAvailable:    1518052 kB
Buffers:           47956 kB
Cached:           763188 kB
MemTotal:        1844596 kB
MemFree:          817524 kB
MemAvailable:    1518176 kB
Buffers:           47956 kB
Cached:           763188 kB
MemTotal:        1844596 kB
MemFree:          818708 kB
MemAvailable:    1519360 kB
Buffers:           47956 kB
Cached:           763188 kB
MemTotal:        1844596 kB
MemFree:          817400 kB
MemAvailable:    1518052 kB
Buffers:           47956 kB
Cached:           763188 kB
MemTotal:        1844596 kB
MemFree:          817216 kB
MemAvailable:    1517868 kB
Buffers:           47956 kB
Cached:           763188 kB
MemTotal:        1844596 kB
MemFree:          818012 kB
MemAvailable:    1518664 kB
Buffers:           47956 kB
Cached:           763188 kB
MemTotal:        1844596 kB
MemFree:          816456 kB
MemAvailable:    1517108 kB
Buffers:           47956 kB
Cached:           763188 kB
MemTotal:        1844596 kB
MemFree:          817836 kB
MemAvailable:    1518488 kB
Buffers:           47956 kB
Cached:           763188 kB
MemTotal:        1844596 kB
MemFree:          816828 kB
MemAvailable:    1517480 kB
Buffers:           47956 kB
Cached:           763188 kB
MemTotal:        1844596 kB
MemFree:          817772 kB
MemAvailable:    1518424 kB
Buffers:           47956 kB
Cached:           763188 kB
MemTotal:        1844596 kB
MemFree:          816712 kB
MemAvailable:    1517364 kB
Buffers:           47956 kB
Cached:           763188 kB
MemTotal:        1844596 kB
MemFree:          817644 kB
MemAvailable:    1518296 kB
Buffers:           47956 kB
Cached:           763188 kB
MemTotal:        1844596 kB
MemFree:          817900 kB
MemAvailable:    1518552 kB
Buffers:           47956 kB
Cached:           763188 kB
MemTotal:        1844596 kB
MemFree:          816528 kB
MemAvailable:    1517180 kB
Buffers:           47956 kB
Cached:           763188 kB
MemTotal:        1844596 kB
MemFree:          817672 kB
MemAvailable:    1518324 kB
Buffers:           47956 kB
Cached:           763188 kB
MemTotal:        1844596 kB
MemFree:          817588 kB
MemAvailable:    1518240 kB
Buffers:           47956 kB
Cached:           763188 kB
MemTotal:        1844596 kB
MemFree:          817824 kB
MemAvailable:    1518476 kB
Buffers:           47956 kB
Cached:           763188 kB
MemTotal:        1844596 kB
MemFree:          817628 kB
MemAvailable:    1518280 kB
Buffers:           47956 kB
Cached:           763188 kB
MemTotal:        1844596 kB
MemFree:          816596 kB
MemAvailable:    1517248 kB
Buffers:           47956 kB
Cached:           763188 kB
MemTotal:        1844596 kB
MemFree:          817160 kB
MemAvailable:    1517812 kB
Buffers:           47956 kB
Cached:           763188 kB
MemTotal:        1844596 kB
MemFree:          815956 kB
MemAvailable:    1516608 kB
Buffers:           47956 kB
Cached:           763188 kB
MemTotal:        1844596 kB
MemFree:          817196 kB
MemAvailable:    1517848 kB
Buffers:           47956 kB
Cached:           763188 kB
MemTotal:        1844596 kB
MemFree:          817084 kB
MemAvailable:    1517736 kB
Buffers:           47956 kB
Cached:           763188 kB
MemTotal:        1844596 kB
MemFree:          815968 kB
MemAvailable:    1516620 kB
Buffers:           47956 kB
Cached:           763188 kB
MemTotal:        1844596 kB
MemFree:          816704 kB
MemAvailable:    1517356 kB
Buffers:           47956 kB
Cached:           763188 kB
MemTotal:        1844596 kB
MemFree:          816956 kB
MemAvailable:    1517608 kB
Buffers:           47956 kB
Cached:           763188 kB
MemTotal:        1844596 kB
MemFree:          816716 kB
MemAvailable:    1517368 kB
Buffers:           47956 kB
Cached:           763188 kB
MemTotal:        1844596 kB
MemFree:          815548 kB
MemAvailable:    1516200 kB
Buffers:           47956 kB
Cached:           763188 kB
MemTotal:        1844596 kB
MemFree:          815540 kB
MemAvailable:    1516192 kB
Buffers:           47956 kB
Cached:           763188 kB
MemTotal:        1844596 kB
MemFree:          815912 kB
MemAvailable:    1516564 kB
Buffers:           47956 kB
Cached:           763188 kB
MemTotal:        1844596 kB
MemFree:          815672 kB
MemAvailable:    1516324 kB
Buffers:           47956 kB
Cached:           763188 kB
MemTotal:        1844596 kB
MemFree:          816912 kB
MemAvailable:    1517564 kB
Buffers:           47956 kB
Cached:           763188 kB
MemTotal:        1844596 kB
MemFree:          815852 kB
MemAvailable:    1516504 kB
Buffers:           47956 kB
Cached:           763188 kB
MemTotal:        1844596 kB
MemFree:          814844 kB
MemAvailable:    1515496 kB
Buffers:           47956 kB
Cached:           763188 kB
MemTotal:        1844596 kB
MemFree:          814736 kB
MemAvailable:    1515388 kB
Buffers:           47956 kB
Cached:           763188 kB
MemTotal:        1844596 kB
MemFree:          812184 kB
MemAvailable:    1512836 kB
Buffers:           47956 kB
Cached:           763188 kB
MemTotal:        1844596 kB
MemFree:          809528 kB
MemAvailable:    1510180 kB
Buffers:           47956 kB
Cached:           763188 kB
MemTotal:        1844596 kB
MemFree:          809404 kB
MemAvailable:    1510056 kB
Buffers:           47956 kB
Cached:           763188 kB
MemTotal:        1844596 kB
MemFree:          808032 kB
MemAvailable:    1508684 kB
Buffers:           47956 kB
Cached:           763188 kB
MemTotal:        1844596 kB
MemFree:          807776 kB
MemAvailable:    1508428 kB
Buffers:           47956 kB
Cached:           763188 kB
MemTotal:        1844596 kB
MemFree:          808960 kB
MemAvailable:    1509612 kB
Buffers:           47956 kB
Cached:           763188 kB
MemTotal:        1844596 kB
MemFree:          807652 kB
MemAvailable:    1508304 kB
Buffers:           47956 kB
Cached:           763188 kB
MemTotal:        1844596 kB
MemFree:          807736 kB
MemAvailable:    1508388 kB
Buffers:           47956 kB
Cached:           763188 kB
MemTotal:        1844596 kB
MemFree:          808952 kB
MemAvailable:    1509616 kB
Buffers:           47956 kB
Cached:           763196 kB
MemTotal:        1844596 kB
MemFree:          807916 kB
MemAvailable:    1508580 kB
Buffers:           47956 kB
Cached:           763196 kB
MemTotal:        1844596 kB
MemFree:          808604 kB
MemAvailable:    1509268 kB
Buffers:           47956 kB
Cached:           763196 kB
MemTotal:        1844596 kB
MemFree:          808940 kB
MemAvailable:    1509604 kB
Buffers:           47956 kB
Cached:           763196 kB
MemTotal:        1844596 kB
MemFree:          808864 kB
MemAvailable:    1509528 kB
Buffers:           47956 kB
Cached:           763196 kB
MemTotal:        1844596 kB
MemFree:          809024 kB
MemAvailable:    1509688 kB
Buffers:           47956 kB
Cached:           763196 kB
MemTotal:        1844596 kB
MemFree:          807620 kB
MemAvailable:    1508284 kB
Buffers:           47956 kB
Cached:           763196 kB
MemTotal:        1844596 kB
MemFree:          808860 kB
MemAvailable:    1509524 kB
Buffers:           47956 kB
Cached:           763196 kB
MemTotal:        1844596 kB
MemFree:          807744 kB
MemAvailable:    1508408 kB
Buffers:           47956 kB
Cached:           763196 kB
MemTotal:        1844596 kB
MemFree:          807412 kB
MemAvailable:    1508076 kB
Buffers:           47956 kB
Cached:           763196 kB
MemTotal:        1844596 kB
MemFree:          807296 kB
MemAvailable:    1507960 kB
Buffers:           47956 kB
Cached:           763196 kB
MemTotal:        1844596 kB
MemFree:          806924 kB
MemAvailable:    1507588 kB
Buffers:           47956 kB
Cached:           763196 kB
MemTotal:        1844596 kB
MemFree:          806304 kB
MemAvailable:    1506968 kB
Buffers:           47956 kB
Cached:           763196 kB
MemTotal:        1844596 kB
MemFree:          807732 kB
MemAvailable:    1508396 kB
Buffers:           47956 kB
Cached:           763196 kB
MemTotal:        1844596 kB
MemFree:          807040 kB
MemAvailable:    1507704 kB
Buffers:           47956 kB
Cached:           763196 kB
MemTotal:        1844596 kB
MemFree:          806808 kB
MemAvailable:    1507472 kB
Buffers:           47956 kB
Cached:           763196 kB
MemTotal:        1844596 kB
MemFree:          806552 kB
MemAvailable:    1507216 kB
Buffers:           47956 kB
Cached:           763196 kB
MemTotal:        1844596 kB
MemFree:          805312 kB
MemAvailable:    1505976 kB
Buffers:           47956 kB
Cached:           763196 kB
MemTotal:        1844596 kB
MemFree:          805620 kB
MemAvailable:    1506284 kB
Buffers:           47956 kB
Cached:           763196 kB
MemTotal:        1844596 kB
MemFree:          804188 kB
MemAvailable:    1504852 kB
Buffers:           47956 kB
Cached:           763196 kB
MemTotal:        1844596 kB
MemFree:          804436 kB
MemAvailable:    1505100 kB
Buffers:           47956 kB
Cached:           763196 kB
MemTotal:        1844596 kB
MemFree:          805552 kB
MemAvailable:    1506216 kB
Buffers:           47956 kB
Cached:           763196 kB
MemTotal:        1844596 kB
MemFree:          804204 kB
MemAvailable:    1504868 kB
Buffers:           47956 kB
Cached:           763196 kB
MemTotal:        1844596 kB
MemFree:          805064 kB
MemAvailable:    1505732 kB
Buffers:           47956 kB
Cached:           763200 kB
MemTotal:        1844596 kB
MemFree:          804924 kB
MemAvailable:    1505592 kB
Buffers:           47956 kB
Cached:           763200 kB
MemTotal:        1844596 kB
MemFree:          804924 kB
MemAvailable:    1505592 kB
Buffers:           47956 kB
Cached:           763200 kB
MemTotal:        1844596 kB
MemFree:          804920 kB
MemAvailable:    1505588 kB
Buffers:           47956 kB
Cached:           763200 kB
MemTotal:        1844596 kB
MemFree:          805176 kB
MemAvailable:    1505844 kB
Buffers:           47956 kB
Cached:           763200 kB
MemTotal:        1844596 kB
MemFree:          803632 kB
MemAvailable:    1504300 kB
Buffers:           47956 kB
Cached:           763200 kB
MemTotal:        1844596 kB
MemFree:          803884 kB
MemAvailable:    1504552 kB
Buffers:           47956 kB
Cached:           763200 kB
MemTotal:        1844596 kB
MemFree:          804868 kB
MemAvailable:    1505536 kB
Buffers:           47956 kB
Cached:           763200 kB
MemTotal:        1844596 kB
MemFree:          804808 kB
MemAvailable:    1505476 kB
Buffers:           47956 kB
Cached:           763200 kB
MemTotal:        1844596 kB
MemFree:          804612 kB
MemAvailable:    1505280 kB
Buffers:           47956 kB
Cached:           763200 kB
MemTotal:        1844596 kB
MemFree:          799724 kB
MemAvailable:    1500392 kB
Buffers:           47956 kB
Cached:           763200 kB
MemTotal:        1844596 kB
MemFree:          799724 kB
MemAvailable:    1500392 kB
Buffers:           47956 kB
Cached:           763200 kB
MemTotal:        1844596 kB
MemFree:          799436 kB
MemAvailable:    1500104 kB
Buffers:           47956 kB
Cached:           763200 kB
MemTotal:        1844596 kB
MemFree:          799408 kB
MemAvailable:    1500076 kB
Buffers:           47956 kB
Cached:           763200 kB
MemTotal:        1844596 kB
MemFree:          799236 kB
MemAvailable:    1499904 kB
Buffers:           47956 kB
Cached:           763200 kB
MemTotal:        1844596 kB
MemFree:          799236 kB
MemAvailable:    1499904 kB
Buffers:           47956 kB
Cached:           763200 kB
MemTotal:        1844596 kB
MemFree:          799160 kB
MemAvailable:    1499828 kB
Buffers:           47956 kB
Cached:           763200 kB
MemTotal:        1844596 kB
MemFree:          799244 kB
MemAvailable:    1499912 kB
Buffers:           47956 kB
Cached:           763200 kB
MemTotal:        1844596 kB
MemFree:          798956 kB
MemAvailable:    1499624 kB
Buffers:           47956 kB
Cached:           763200 kB
MemTotal:        1844596 kB
MemFree:          799292 kB
MemAvailable:    1499960 kB
Buffers:           47956 kB
Cached:           763200 kB
MemTotal:        1844596 kB
MemFree:          797716 kB
MemAvailable:    1498384 kB
Buffers:           47956 kB
Cached:           763200 kB
MemTotal:        1844596 kB
MemFree:          797840 kB
MemAvailable:    1498508 kB
Buffers:           47956 kB
Cached:           763200 kB
MemTotal:        1844596 kB
MemFree:          798816 kB
MemAvailable:    1499484 kB
Buffers:           47956 kB
Cached:           763200 kB
MemTotal:        1844596 kB
MemFree:          798584 kB
MemAvailable:    1499252 kB
Buffers:           47956 kB
Cached:           763200 kB
MemTotal:        1844596 kB
MemFree:          796996 kB
MemAvailable:    1497664 kB
Buffers:           47956 kB
Cached:           763200 kB
MemTotal:        1844596 kB
MemFree:          795872 kB
MemAvailable:    1496540 kB
Buffers:           47956 kB
Cached:           763200 kB
MemTotal:        1844596 kB
MemFree:          795872 kB
MemAvailable:    1496540 kB
Buffers:           47956 kB
Cached:           763200 kB
MemTotal:        1844596 kB
MemFree:          795696 kB
MemAvailable:    1496364 kB
Buffers:           47956 kB
Cached:           763200 kB
MemTotal:        1844596 kB
MemFree:          795948 kB
MemAvailable:    1496616 kB
Buffers:           47956 kB
Cached:           763200 kB
MemTotal:        1844596 kB
MemFree:          795876 kB
MemAvailable:    1496544 kB
Buffers:           47956 kB
Cached:           763200 kB
MemTotal:        1844596 kB
MemFree:          794588 kB
MemAvailable:    1495256 kB
Buffers:           47956 kB
Cached:           763200 kB
MemTotal:        1844596 kB
MemFree:          795020 kB
MemAvailable:    1495688 kB
Buffers:           47956 kB
Cached:           763200 kB
MemTotal:        1844596 kB
MemFree:          797460 kB
MemAvailable:    1498128 kB
Buffers:           47956 kB
Cached:           763200 kB
MemTotal:        1844596 kB
MemFree:          797796 kB
MemAvailable:    1498464 kB
Buffers:           47956 kB
Cached:           763200 kB
MemTotal:        1844596 kB
MemFree:          797492 kB
MemAvailable:    1498244 kB
Buffers:           47956 kB
Cached:           763324 kB
MemTotal:        1844596 kB
MemFree:          797576 kB
MemAvailable:    1498328 kB
Buffers:           47956 kB
Cached:           763324 kB
MemTotal:        1844596 kB
MemFree:          797308 kB
MemAvailable:    1498312 kB
Buffers:           47956 kB
Cached:           763572 kB
MemTotal:        1844596 kB
MemFree:          797308 kB
MemAvailable:    1498312 kB
Buffers:           47956 kB
Cached:           763572 kB
MemTotal:        1844596 kB
MemFree:          797188 kB
MemAvailable:    1498360 kB
Buffers:           47956 kB
Cached:           763696 kB
MemTotal:        1844596 kB
MemFree:          797188 kB
MemAvailable:    1498360 kB
Buffers:           47956 kB
Cached:           763696 kB
MemTotal:        1844596 kB
MemFree:          797104 kB
MemAvailable:    1498360 kB
Buffers:           47956 kB
Cached:           763696 kB
MemTotal:        1844596 kB
MemFree:          797104 kB
MemAvailable:    1498360 kB
Buffers:           47956 kB
Cached:           763696 kB
MemTotal:        1844596 kB
MemFree:          797080 kB
MemAvailable:    1498336 kB
Buffers:           47956 kB
Cached:           763820 kB
MemTotal:        1844596 kB
MemFree:          797052 kB
MemAvailable:    1498308 kB
Buffers:           47956 kB
Cached:           763820 kB
MemTotal:        1844596 kB
MemFree:          796260 kB
MemAvailable:    1497516 kB
Buffers:           47956 kB
Cached:           763820 kB
MemTotal:        1844596 kB
MemFree:          797044 kB
MemAvailable:    1498300 kB
Buffers:           47956 kB
Cached:           763820 kB
MemTotal:        1844596 kB
MemFree:          797064 kB
MemAvailable:    1498320 kB
Buffers:           47956 kB
Cached:           763820 kB
MemTotal:        1844596 kB
MemFree:          797064 kB
MemAvailable:    1498320 kB
Buffers:           47956 kB
Cached:           763820 kB
MemTotal:        1844596 kB
MemFree:          796932 kB
MemAvailable:    1498188 kB
Buffers:           47956 kB
Cached:           763820 kB
MemTotal:        1844596 kB
MemFree:          796872 kB
MemAvailable:    1497540 kB
Buffers:           47956 kB
Cached:           763272 kB
MemTotal:        1844596 kB
MemFree:          796260 kB
MemAvailable:    1496928 kB
Buffers:           47956 kB
Cached:           763272 kB
MemTotal:        1844596 kB
MemFree:          865432 kB
MemAvailable:    1566100 kB
Buffers:           47956 kB
Cached:           763272 kB
