MemTotal:        1844596 kB
MemFree:          737300 kB
MemAvailable:    1530064 kB
Buffers:           57648 kB
Cached:           838084 kB
MemTotal:        1844596 kB
MemFree:          736796 kB
MemAvailable:    1529560 kB
Buffers:           57648 kB
Cached:           838084 kB
MemTotal:        1844596 kB
MemFree:          735928 kB
MemAvailable:    1528692 kB
Buffers:           57648 kB
Cached:           838084 kB
MemTotal:        1844596 kB
MemFree:          735572 kB
MemAvailable:    1528336 kB
Buffers:           57648 kB
Cached:           838084 kB
MemTotal:        1844596 kB
MemFree:          734696 kB
MemAvailable:    1527460 kB
Buffers:           57648 kB
Cached:           838084 kB
MemTotal:        1844596 kB
MemFree:          734500 kB
MemAvailable:    1527264 kB
Buffers:           57648 kB
Cached:           838084 kB
MemTotal:        1844596 kB
MemFree:          732340 kB
MemAvailable:    1525104 kB
Buffers:           57648 kB
Cached:           838084 kB
MemTotal:        1844596 kB
MemFree:          729100 kB
MemAvailable:    1521864 kB
Buffers:           57648 kB
Cached:           838084 kB
MemTotal:        1844596 kB
MemFree:          728620 kB
MemAvailable:    1521384 kB
Buffers:           57648 kB
Cached:           838084 kB
MemTotal:        1844596 kB
MemFree:          723528 kB
MemAvailable:    1516292 kB
Buffers:           57648 kB
Cached:           838084 kB
MemTotal:        1844596 kB
MemFree:          723332 kB
MemAvailable:    1516096 kB
Buffers:           57648 kB
Cached:           838084 kB
MemTotal:        1844596 kB
MemFree:          723288 kB
MemAvailable:    1516052 kB
Buffers:           57648 kB
Cached:           838084 kB
MemTotal:        1844596 kB
MemFree:          723372 kB
MemAvailable:    1516136 kB
Buffers:           57648 kB
Cached:           838084 kB
MemTotal:        1844596 kB
MemFree:          724736 kB
MemAvailable:    1517500 kB
Buffers:           57648 kB
Cached:           838084 kB
MemTotal:        1844596 kB
MemFree:          723156 kB
MemAvailable:    1515920 kB
Buffers:           57648 kB
Cached:           838084 kB
MemTotal:        1844596 kB
MemFree:          723272 kB
MemAvailable:    1516036 kB
Buffers:           57648 kB
Cached:           838084 kB
MemTotal:        1844596 kB
MemFree:          722296 kB
MemAvailable:    1515060 kB
Buffers:           57648 kB
Cached:           838084 kB
MemTotal:        1844596 kB
MemFree:          722156 kB
MemAvailable:    1514920 kB
Buffers:           57648 kB
Cached:           838084 kB
MemTotal:        1844596 kB
MemFree:          722048 kB
MemAvailable:    1514812 kB
Buffers:           57648 kB
Cached:           838084 kB
MemTotal:        1844596 kB
MemFree:          720744 kB
MemAvailable:    1513508 kB
Buffers:           57648 kB
Cached:           838084 kB
MemTotal:        1844596 kB
MemFree:          722244 kB
MemAvailable:    1515008 kB
Buffers:           57648 kB
Cached:           838084 kB
MemTotal:        1844596 kB
MemFree:          721428 kB
MemAvailable:    1514192 kB
Buffers:           57648 kB
Cached:           838084 kB
MemTotal:        1844596 kB
MemFree:          722288 kB
MemAvailable:    1515056 kB
Buffers:           57648 kB
Cached:           838088 kB
MemTotal:        1844596 kB
MemFree:          722040 kB
MemAvailable:    1514808 kB
Buffers:           57648 kB
Cached:           838088 kB
MemTotal:        1844596 kB
MemFree:          721988 kB
MemAvailable:    1514756 kB
Buffers:           57648 kB
Cached:           838088 kB
MemTotal:        1844596 kB
MemFree:          720748 kB
MemAvailable:    1513516 kB
Buffers:           57648 kB
Cached:           838088 kB
MemTotal:        1844596 kB
MemFree:          720996 kB
MemAvailable:    1513764 kB
Buffers:           57648 kB
Cached:           838088 kB
MemTotal:        1844596 kB
MemFree:          722132 kB
MemAvailable:    1514900 kB
Buffers:           57648 kB
Cached:           838088 kB
MemTotal:        1844596 kB
MemFree:          723040 kB
MemAvailable:    1515808 kB
Buffers:           57648 kB
Cached:           838088 kB
MemTotal:        1844596 kB
MemFree:          720992 kB
MemAvailable:    1513760 kB
Buffers:           57648 kB
Cached:           838088 kB
MemTotal:        1844596 kB
MemFree:          720148 kB
MemAvailable:    1512920 kB
Buffers:           57648 kB
Cached:           838092 kB
MemTotal:        1844596 kB
MemFree:          718816 kB
MemAvailable:    1511588 kB
Buffers:           57648 kB
Cached:           838092 kB
MemTotal:        1844596 kB
MemFree:          719064 kB
MemAvailable:    1511836 kB
Buffers:           57648 kB
Cached:           838092 kB
MemTotal:        1844596 kB
MemFree:          719064 kB
MemAvailable:    1511836 kB
Buffers:           57648 kB
Cached:           838092 kB
MemTotal:        1844596 kB
MemFree:          717648 kB
MemAvailable:    1510420 kB
Buffers:           57648 kB
Cached:           838092 kB
MemTotal:        1844596 kB
MemFree:          717088 kB
MemAvailable:    1509860 kB
Buffers:           57648 kB
Cached:           838092 kB
MemTotal:        1844596 kB
MemFree:          718132 kB
MemAvailable:    1510904 kB
Buffers:           57648 kB
Cached:           838092 kB
MemTotal:        1844596 kB
MemFree:          716964 kB
MemAvailable:    1509736 kB
Buffers:           57648 kB
Cached:           838092 kB
MemTotal:        1844596 kB
MemFree:          717824 kB
MemAvailable:    1510596 kB
Buffers:           57648 kB
Cached:           838092 kB
MemTotal:        1844596 kB
MemFree:          718076 kB
MemAvailable:    1510848 kB
Buffers:           57648 kB
Cached:           838092 kB
MemTotal:        1844596 kB
MemFree:          717836 kB
MemAvailable:    1510608 kB
Buffers:           57648 kB
Cached:           838092 kB
MemTotal:        1844596 kB
MemFree:          716660 kB
MemAvailable:    1509432 kB
Buffers:           57648 kB
Cached:           838092 kB
MemTotal:        1844596 kB
MemFree:          716536 kB
MemAvailable:    1509308 kB
Buffers:           57648 kB
Cached:           838092 kB
MemTotal:        1844596 kB
MemFree:          717328 kB
MemAvailable:    1510100 kB
Buffers:           57648 kB
Cached:           838092 kB
MemTotal:        1844596 kB
MemFree:          717328 kB
MemAvailable:    1510100 kB
Buffers:           57648 kB
Cached:           838092 kB
MemTotal:        1844596 kB
MemFree:          716844 kB
MemAvailable:    1509616 kB
Buffers:           57648 kB
Cached:           838092 kB
MemTotal:        1844596 kB
MemFree:          717032 kB
MemAvailable:    1509804 kB
Buffers:           57648 kB
Cached:           838092 kB
MemTotal:        1844596 kB
MemFree:          716972 kB
MemAvailable:    1509744 kB
Buffers:           57648 kB
Cached:           838092 kB
MemTotal:        1844596 kB
MemFree:          717196 kB
MemAvailable:    1509968 kB
Buffers:           57648 kB
Cached:           838092 kB
MemTotal:        1844596 kB
MemFree:          715716 kB
MemAvailable:    1508488 kB
Buffers:           57648 kB
Cached:           838092 kB
MemTotal:        1844596 kB
MemFree:          715716 kB
MemAvailable:    1508488 kB
Buffers:           57648 kB
Cached:           838092 kB
MemTotal:        1844596 kB
MemFree:          715848 kB
MemAvailable:    1508620 kB
Buffers:           57648 kB
Cached:           838092 kB
MemTotal:        1844596 kB
MemFree:          715840 kB
MemAvailable:    1508612 kB
Buffers:           57648 kB
Cached:           838092 kB
MemTotal:        1844596 kB
MemFree:          717328 kB
MemAvailable:    1510100 kB
Buffers:           57648 kB
Cached:           838092 kB
MemTotal:        1844596 kB
MemFree:          717212 kB
MemAvailable:    1509984 kB
Buffers:           57648 kB
Cached:           838092 kB
MemTotal:        1844596 kB
MemFree:          716576 kB
MemAvailable:    1509348 kB
Buffers:           57648 kB
Cached:           838092 kB
MemTotal:        1844596 kB
MemFree:          716344 kB
MemAvailable:    1509116 kB
Buffers:           57648 kB
Cached:           838092 kB
MemTotal:        1844596 kB
MemFree:          716472 kB
MemAvailable:    1509244 kB
Buffers:           57648 kB
Cached:           838092 kB
MemTotal:        1844596 kB
MemFree:          716448 kB
MemAvailable:    1509220 kB
Buffers:           57648 kB
Cached:           838092 kB
MemTotal:        1844596 kB
MemFree:          715352 kB
MemAvailable:    1508124 kB
Buffers:           57648 kB
Cached:           838092 kB
MemTotal:        1844596 kB
MemFree:          716024 kB
MemAvailable:    1508796 kB
Buffers:           57648 kB
Cached:           838092 kB
MemTotal:        1844596 kB
MemFree:          714808 kB
MemAvailable:    1507580 kB
Buffers:           57648 kB
Cached:           838092 kB
MemTotal:        1844596 kB
MemFree:          716128 kB
MemAvailable:    1508900 kB
Buffers:           57648 kB
Cached:           838092 kB
MemTotal:        1844596 kB
MemFree:          715900 kB
MemAvailable:    1508672 kB
Buffers:           57648 kB
Cached:           838092 kB
MemTotal:        1844596 kB
MemFree:          715848 kB
MemAvailable:    1508620 kB
Buffers:           57648 kB
Cached:           838092 kB
MemTotal:        1844596 kB
MemFree:          716036 kB
MemAvailable:    1508808 kB
Buffers:           57648 kB
Cached:           838092 kB
MemTotal:        1844596 kB
MemFree:          716204 kB
MemAvailable:    1508976 kB
Buffers:           57648 kB
Cached:           838092 kB
MemTotal:        1844596 kB
MemFree:          715784 kB
MemAvailable:    1508556 kB
Buffers:           57648 kB
Cached:           838092 kB
MemTotal:        1844596 kB
MemFree:          716120 kB
MemAvailable:    1508892 kB
Buffers:           57648 kB
Cached:           838092 kB
MemTotal:        1844596 kB
MemFree:          715828 kB
MemAvailable:    1508600 kB
Buffers:           57648 kB
Cached:           838092 kB
MemTotal:        1844596 kB
MemFree:          716080 kB
MemAvailable:    1508852 kB
Buffers:           57648 kB
Cached:           838092 kB
MemTotal:        1844596 kB
MemFree:          713112 kB
MemAvailable:    1505884 kB
Buffers:           57648 kB
Cached:           838092 kB
MemTotal:        1844596 kB
MemFree:          712004 kB
MemAvailable:    1504776 kB
Buffers:           57648 kB
Cached:           838092 kB
MemTotal:        1844596 kB
MemFree:          708964 kB
MemAvailable:    1501736 kB
Buffers:           57648 kB
Cached:           838092 kB
MemTotal:        1844596 kB
MemFree:          708268 kB
MemAvailable:    1501040 kB
Buffers:           57648 kB
Cached:           838092 kB
MemTotal:        1844596 kB
MemFree:          708416 kB
MemAvailable:    1501188 kB
Buffers:           57648 kB
Cached:           838092 kB
MemTotal:        1844596 kB
MemFree:          708020 kB
MemAvailable:    1500792 kB
Buffers:           57648 kB
Cached:           838092 kB
MemTotal:        1844596 kB
MemFree:          708356 kB
MemAvailable:    1501128 kB
Buffers:           57648 kB
Cached:           838092 kB
MemTotal:        1844596 kB
MemFree:          706904 kB
MemAvailable:    1499676 kB
Buffers:           57648 kB
Cached:           838092 kB
MemTotal:        1844596 kB
MemFree:          707964 kB
MemAvailable:    1500736 kB
Buffers:           57648 kB
Cached:           838092 kB
MemTotal:        1844596 kB
MemFree:          707964 kB
MemAvailable:    1500736 kB
Buffers:           57648 kB
Cached:           838092 kB
MemTotal:        1844596 kB
MemFree:          707996 kB
MemAvailable:    1500768 kB
Buffers:           57648 kB
Cached:           838092 kB
MemTotal:        1844596 kB
MemFree:          708248 kB
MemAvailable:    1501020 kB
Buffers:           57648 kB
Cached:           838092 kB
MemTotal:        1844596 kB
MemFree:          707980 kB
MemAvailable:    1500752 kB
Buffers:           57648 kB
Cached:           838092 kB
MemTotal:        1844596 kB
MemFree:          707908 kB
MemAvailable:    1500680 kB
Buffers:           57648 kB
Cached:           838092 kB
MemTotal:        1844596 kB
MemFree:          708244 kB
MemAvailable:    1501016 kB
Buffers:           57648 kB
Cached:           838092 kB
MemTotal:        1844596 kB
MemFree:          708028 kB
MemAvailable:    1500800 kB
Buffers:           57648 kB
Cached:           838092 kB
MemTotal:        1844596 kB
MemFree:          707940 kB
MemAvailable:    1500712 kB
Buffers:           57648 kB
Cached:           838092 kB
MemTotal:        1844596 kB
MemFree:          707956 kB
MemAvailable:    1500728 kB
Buffers:           57648 kB
Cached:           838092 kB
MemTotal:        1844596 kB
MemFree:          707796 kB
MemAvailable:    1500568 kB
Buffers:           57648 kB
Cached:           838092 kB
MemTotal:        1844596 kB
MemFree:          707400 kB
MemAvailable:    1500172 kB
Buffers:           57648 kB
Cached:           838092 kB
MemTotal:        1844596 kB
MemFree:          705788 kB
MemAvailable:    1498560 kB
Buffers:           57648 kB
Cached:           838092 kB
MemTotal:        1844596 kB
MemFree:          706788 kB
MemAvailable:    1499560 kB
Buffers:           57648 kB
Cached:           838092 kB
MemTotal:        1844596 kB
MemFree:          707044 kB
MemAvailable:    1499816 kB
Buffers:           57648 kB
Cached:           838092 kB
MemTotal:        1844596 kB
MemFree:          706416 kB
MemAvailable:    1499188 kB
Buffers:           57648 kB
Cached:           838092 kB
MemTotal:        1844596 kB
MemFree:          706500 kB
MemAvailable:    1499272 kB
Buffers:           57648 kB
Cached:           838092 kB
MemTotal:        1844596 kB
MemFree:          706168 kB
MemAvailable:    1498940 kB
Buffers:           57648 kB
Cached:           838092 kB
MemTotal:        1844596 kB
MemFree:          705536 kB
MemAvailable:    1498308 kB
Buffers:           57648 kB
Cached:           838092 kB
MemTotal:        1844596 kB
MemFree:          704192 kB
MemAvailable:    1496964 kB
Buffers:           57648 kB
Cached:           838092 kB
MemTotal:        1844596 kB
MemFree:          704184 kB
MemAvailable:    1496960 kB
Buffers:           57648 kB
Cached:           838096 kB
MemTotal:        1844596 kB
MemFree:          704432 kB
MemAvailable:    1497208 kB
Buffers:           57648 kB
Cached:           838096 kB
MemTotal:        1844596 kB
MemFree:          704432 kB
MemAvailable:    1497208 kB
Buffers:           57648 kB
Cached:           838096 kB
MemTotal:        1844596 kB
MemFree:          704548 kB
MemAvailable:    1497324 kB
Buffers:           57648 kB
Cached:           838096 kB
MemTotal:        1844596 kB
MemFree:          703060 kB
MemAvailable:    1495836 kB
Buffers:           57648 kB
Cached:           838096 kB
MemTotal:        1844596 kB
MemFree:          703060 kB
MemAvailable:    1495836 kB
Buffers:           57648 kB
Cached:           838096 kB
MemTotal:        1844596 kB
MemFree:          703200 kB
MemAvailable:    1495976 kB
Buffers:           57648 kB
Cached:           838096 kB
MemTotal:        1844596 kB
MemFree:          703324 kB
MemAvailable:    1496100 kB
Buffers:           57648 kB
Cached:           838096 kB
MemTotal:        1844596 kB
MemFree:          704152 kB
MemAvailable:    1496932 kB
Buffers:           57648 kB
Cached:           838100 kB
MemTotal:        1844596 kB
MemFree:          702952 kB
MemAvailable:    1495732 kB
Buffers:           57648 kB
Cached:           838100 kB
MemTotal:        1844596 kB
MemFree:          703076 kB
MemAvailable:    1495856 kB
Buffers:           57648 kB
Cached:           838100 kB
MemTotal:        1844596 kB
MemFree:          702912 kB
MemAvailable:    1495692 kB
Buffers:           57648 kB
Cached:           838100 kB
MemTotal:        1844596 kB
MemFree:          702704 kB
MemAvailable:    1495484 kB
Buffers:           57648 kB
Cached:           838100 kB
MemTotal:        1844596 kB
MemFree:          702828 kB
MemAvailable:    1495608 kB
Buffers:           57648 kB
Cached:           838100 kB
MemTotal:        1844596 kB
MemFree:          702324 kB
MemAvailable:    1495104 kB
Buffers:           57648 kB
Cached:           838100 kB
MemTotal:        1844596 kB
MemFree:          698356 kB
MemAvailable:    1491136 kB
Buffers:           57648 kB
Cached:           838100 kB
MemTotal:        1844596 kB
MemFree:          698920 kB
MemAvailable:    1491700 kB
Buffers:           57648 kB
Cached:           838100 kB
MemTotal:        1844596 kB
MemFree:          697612 kB
MemAvailable:    1490392 kB
Buffers:           57648 kB
Cached:           838100 kB
MemTotal:        1844596 kB
MemFree:          698468 kB
MemAvailable:    1491248 kB
Buffers:           57648 kB
Cached:           838100 kB
MemTotal:        1844596 kB
MemFree:          698488 kB
MemAvailable:    1491268 kB
Buffers:           57648 kB
Cached:           838100 kB
MemTotal:        1844596 kB
MemFree:          698156 kB
MemAvailable:    1490936 kB
Buffers:           57648 kB
Cached:           838100 kB
MemTotal:        1844596 kB
MemFree:          697720 kB
MemAvailable:    1490500 kB
Buffers:           57648 kB
Cached:           838100 kB
MemTotal:        1844596 kB
MemFree:          698192 kB
MemAvailable:    1490972 kB
Buffers:           57648 kB
Cached:           838100 kB
MemTotal:        1844596 kB
MemFree:          696988 kB
MemAvailable:    1489768 kB
Buffers:           57648 kB
Cached:           838100 kB
MemTotal:        1844596 kB
MemFree:          698088 kB
MemAvailable:    1490868 kB
Buffers:           57648 kB
Cached:           838100 kB
MemTotal:        1844596 kB
MemFree:          698424 kB
MemAvailable:    1491204 kB
Buffers:           57648 kB
Cached:           838100 kB
MemTotal:        1844596 kB
MemFree:          697332 kB
MemAvailable:    1490112 kB
Buffers:           57648 kB
Cached:           838100 kB
MemTotal:        1844596 kB
MemFree:          696008 kB
MemAvailable:    1488788 kB
Buffers:           57648 kB
Cached:           838100 kB
MemTotal:        1844596 kB
MemFree:          695472 kB
MemAvailable:    1488252 kB
Buffers:           57648 kB
Cached:           838100 kB
MemTotal:        1844596 kB
MemFree:          695320 kB
MemAvailable:    1488100 kB
Buffers:           57648 kB
Cached:           838100 kB
MemTotal:        1844596 kB
MemFree:          695000 kB
MemAvailable:    1487780 kB
Buffers:           57648 kB
Cached:           838100 kB
MemTotal:        1844596 kB
MemFree:          695000 kB
MemAvailable:    1487780 kB
Buffers:           57648 kB
Cached:           838100 kB
MemTotal:        1844596 kB
MemFree:          695076 kB
MemAvailable:    1487856 kB
Buffers:           57648 kB
Cached:           838100 kB
MemTotal:        1844596 kB
MemFree:          695328 kB
MemAvailable:    1488108 kB
Buffers:           57648 kB
Cached:           838100 kB
MemTotal:        1844596 kB
MemFree:          697168 kB
MemAvailable:    1489948 kB
Buffers:           57648 kB
Cached:           838100 kB
MemTotal:        1844596 kB
MemFree:          697060 kB
MemAvailable:    1489840 kB
Buffers:           57648 kB
Cached:           838100 kB
MemTotal:        1844596 kB
MemFree:          695752 kB
MemAvailable:    1488616 kB
Buffers:           57648 kB
Cached:           838224 kB
MemTotal:        1844596 kB
MemFree:          696852 kB
MemAvailable:    1489884 kB
Buffers:           57648 kB
Cached:           838472 kB
MemTotal:        1844596 kB
MemFree:          697104 kB
MemAvailable:    1490136 kB
Buffers:           57648 kB
Cached:           838472 kB
MemTotal:        1844596 kB
MemFree:          695380 kB
MemAvailable:    1488580 kB
Buffers:           57648 kB
Cached:           838596 kB
MemTotal:        1844596 kB
MemFree:          695636 kB
MemAvailable:    1488920 kB
Buffers:           57648 kB
Cached:           838596 kB
MemTotal:        1844596 kB
MemFree:          696192 kB
MemAvailable:    1489560 kB
Buffers:           57648 kB
Cached:           838720 kB
MemTotal:        1844596 kB
MemFree:          696448 kB
MemAvailable:    1489816 kB
Buffers:           57648 kB
Cached:           838720 kB
MemTotal:        1844596 kB
MemFree:          694952 kB
MemAvailable:    1488320 kB
Buffers:           57648 kB
Cached:           838720 kB
MemTotal:        1844596 kB
MemFree:          696252 kB
MemAvailable:    1489620 kB
Buffers:           57648 kB
Cached:           838720 kB
MemTotal:        1844596 kB
MemFree:          696352 kB
MemAvailable:    1489720 kB
Buffers:           57648 kB
Cached:           838720 kB
MemTotal:        1844596 kB
MemFree:          696352 kB
MemAvailable:    1489720 kB
Buffers:           57648 kB
Cached:           838720 kB
MemTotal:        1844596 kB
MemFree:          696392 kB
MemAvailable:    1489760 kB
Buffers:           57648 kB
Cached:           838720 kB
MemTotal:        1844596 kB
MemFree:          695128 kB
MemAvailable:    1488496 kB
Buffers:           57648 kB
Cached:           838720 kB
MemTotal:        1844596 kB
MemFree:          696256 kB
MemAvailable:    1489624 kB
Buffers:           57648 kB
Cached:           838844 kB
MemTotal:        1844596 kB
MemFree:          696796 kB
MemAvailable:    1489524 kB
Buffers:           57648 kB
Cached:           838084 kB
MemTotal:        1844596 kB
MemFree:          765508 kB
MemAvailable:    1558236 kB
Buffers:           57648 kB
Cached:           838084 kB
