MemTotal:        1844596 kB
MemFree:          882920 kB
MemAvailable:    1546444 kB
Buffers:           43620 kB
Cached:           728772 kB
MemTotal:        1844596 kB
MemFree:          881548 kB
MemAvailable:    1545072 kB
Buffers:           43620 kB
Cached:           728772 kB
MemTotal:        1844596 kB
MemFree:          881176 kB
MemAvailable:    1544700 kB
Buffers:           43620 kB
Cached:           728772 kB
MemTotal:        1844596 kB
MemFree:          879564 kB
MemAvailable:    1543088 kB
Buffers:           43620 kB
Cached:           728772 kB
MemTotal:        1844596 kB
MemFree:          879952 kB
MemAvailable:    1543476 kB
Buffers:           43620 kB
Cached:           728772 kB
MemTotal:        1844596 kB
MemFree:          879572 kB
MemAvailable:    1543096 kB
Buffers:           43620 kB
Cached:           728772 kB
MemTotal:        1844596 kB
MemFree:          877820 kB
MemAvailable:    1541344 kB
Buffers:           43620 kB
Cached:           728772 kB
MemTotal:        1844596 kB
MemFree:          877908 kB
MemAvailable:    1541432 kB
Buffers:           43620 kB
Cached:           728772 kB
MemTotal:        1844596 kB
MemFree:          873364 kB
MemAvailable:    1536888 kB
Buffers:           43620 kB
Cached:           728772 kB
MemTotal:        1844596 kB
MemFree:          870148 kB
MemAvailable:    1533672 kB
Buffers:           43620 kB
Cached:           728772 kB
MemTotal:        1844596 kB
MemFree:          867048 kB
MemAvailable:    1530572 kB
Buffers:           43620 kB
Cached:           728772 kB
MemTotal:        1844596 kB
MemFree:          869376 kB
MemAvailable:    1532900 kB
Buffers:           43620 kB
Cached:           728772 kB
MemTotal:        1844596 kB
MemFree:          869508 kB
MemAvailable:    1533032 kB
Buffers:           43620 kB
Cached:           728772 kB
MemTotal:        1844596 kB
MemFree:          868660 kB
MemAvailable:    1532184 kB
Buffers:           43620 kB
Cached:           728772 kB
MemTotal:        1844596 kB
MemFree:          869232 kB
MemAvailable:    1532756 kB
Buffers:           43620 kB
Cached:           728772 kB
MemTotal:        1844596 kB
MemFree:          869488 kB
MemAvailable:    1533012 kB
Buffers:           43620 kB
Cached:           728772 kB
MemTotal:        1844596 kB
MemFree:          868968 kB
MemAvailable:    1532492 kB
Buffers:           43620 kB
Cached:           728772 kB
MemTotal:        1844596 kB
MemFree:          868968 kB
MemAvailable:    1532492 kB
Buffers:           43620 kB
Cached:           728772 kB
MemTotal:        1844596 kB
MemFree:          867916 kB
MemAvailable:    1531440 kB
Buffers:           43620 kB
Cached:           728772 kB
MemTotal:        1844596 kB
MemFree:          866172 kB
MemAvailable:    1529696 kB
Buffers:           43620 kB
Cached:           728772 kB
MemTotal:        1844596 kB
MemFree:          867164 kB
MemAvailable:    1530688 kB
Buffers:           43620 kB
Cached:           728772 kB
MemTotal:        1844596 kB
MemFree:          866776 kB
MemAvailable:    1530300 kB
Buffers:           43620 kB
Cached:           728772 kB
MemTotal:        1844596 kB
MemFree:          866924 kB
MemAvailable:    1530448 kB
Buffers:           43620 kB
Cached:           728772 kB
MemTotal:        1844596 kB
MemFree:          866912 kB
MemAvailable:    1530436 kB
Buffers:           43620 kB
Cached:           728772 kB
MemTotal:        1844596 kB
MemFree:          865912 kB
MemAvailable:    1529436 kB
Buffers:           43620 kB
Cached:           728772 kB
MemTotal:        1844596 kB
MemFree:          865664 kB
MemAvailable:    1529188 kB
Buffers:           43620 kB
Cached:           728772 kB
MemTotal:        1844596 kB
MemFree:          865904 kB
MemAvailable:    1529428 kB
Buffers:           43620 kB
Cached:           728772 kB
MemTotal:        1844596 kB
MemFree:          867028 kB
MemAvailable:    1530552 kB
Buffers:           43620 kB
Cached:           728772 kB
MemTotal:        1844596 kB
MemFree:          866912 kB
MemAvailable:    1530436 kB
Buffers:           43620 kB
Cached:           728772 kB
MemTotal:        1844596 kB
MemFree:          867404 kB
MemAvailable:    1530928 kB
Buffers:           43620 kB
Cached:           728772 kB
MemTotal:        1844596 kB
MemFree:          868100 kB
MemAvailable:    1531624 kB
Buffers:           43620 kB
Cached:           728772 kB
MemTotal:        1844596 kB
MemFree:          866428 kB
MemAvailable:    1529952 kB
Buffers:           43620 kB
Cached:           728772 kB
MemTotal:        1844596 kB
MemFree:          864072 kB
MemAvailable:    1527596 kB
Buffers:           43620 kB
Cached:           728772 kB
MemTotal:        1844596 kB
MemFree:          863328 kB
MemAvailable:    1526864 kB
Buffers:           43620 kB
Cached:           728784 kB
MemTotal:        1844596 kB
MemFree:          863320 kB
MemAvailable:    1526856 kB
Buffers:           43620 kB
Cached:           728784 kB
MemTotal:        1844596 kB
MemFree:          863684 kB
MemAvailable:    1527220 kB
Buffers:           43620 kB
Cached:           728784 kB
MemTotal:        1844596 kB
MemFree:          863584 kB
MemAvailable:    1527120 kB
Buffers:           43620 kB
Cached:           728784 kB
MemTotal:        1844596 kB
MemFree:          862816 kB
MemAvailable:    1526352 kB
Buffers:           43620 kB
Cached:           728784 kB
MemTotal:        1844596 kB
MemFree:          862584 kB
MemAvailable:    1526120 kB
Buffers:           43620 kB
Cached:           728784 kB
MemTotal:        1844596 kB
MemFree:          861580 kB
MemAvailable:    1525116 kB
Buffers:           43620 kB
Cached:           728784 kB
MemTotal:        1844596 kB
MemFree:          861696 kB
MemAvailable:    1525232 kB
Buffers:           43620 kB
Cached:           728784 kB
MemTotal:        1844596 kB
MemFree:          861448 kB
MemAvailable:    1524984 kB
Buffers:           43620 kB
Cached:           728784 kB
MemTotal:        1844596 kB
MemFree:          862500 kB
MemAvailable:    1526036 kB
Buffers:           43620 kB
Cached:           728784 kB
MemTotal:        1844596 kB
MemFree:          862752 kB
MemAvailable:    1526288 kB
Buffers:           43620 kB
Cached:           728784 kB
MemTotal:        1844596 kB
MemFree:          862380 kB
MemAvailable:    1525916 kB
Buffers:           43620 kB
Cached:           728784 kB
MemTotal:        1844596 kB
MemFree:          862632 kB
MemAvailable:    1526168 kB
Buffers:           43620 kB
Cached:           728784 kB
MemTotal:        1844596 kB
MemFree:          860716 kB
MemAvailable:    1524252 kB
Buffers:           43620 kB
Cached:           728784 kB
MemTotal:        1844596 kB
MemFree:          861768 kB
MemAvailable:    1525304 kB
Buffers:           43620 kB
Cached:           728784 kB
MemTotal:        1844596 kB
MemFree:          860420 kB
MemAvailable:    1523956 kB
Buffers:           43620 kB
Cached:           728784 kB
MemTotal:        1844596 kB
MemFree:          861756 kB
MemAvailable:    1525292 kB
Buffers:           43620 kB
Cached:           728784 kB
MemTotal:        1844596 kB
MemFree:          861756 kB
MemAvailable:    1525292 kB
Buffers:           43620 kB
Cached:           728784 kB
MemTotal:        1844596 kB
MemFree:          860448 kB
MemAvailable:    1523984 kB
Buffers:           43620 kB
Cached:           728784 kB
MemTotal:        1844596 kB
MemFree:          860580 kB
MemAvailable:    1524116 kB
Buffers:           43620 kB
Cached:           728784 kB
MemTotal:        1844596 kB
MemFree:          861660 kB
MemAvailable:    1525196 kB
Buffers:           43620 kB
Cached:           728784 kB
MemTotal:        1844596 kB
MemFree:          861660 kB
MemAvailable:    1525196 kB
Buffers:           43620 kB
Cached:           728784 kB
MemTotal:        1844596 kB
MemFree:          861564 kB
MemAvailable:    1525100 kB
Buffers:           43620 kB
Cached:           728784 kB
MemTotal:        1844596 kB
MemFree:          860920 kB
MemAvailable:    1524456 kB
Buffers:           43620 kB
Cached:           728784 kB
MemTotal:        1844596 kB
MemFree:          860344 kB
MemAvailable:    1523880 kB
Buffers:           43620 kB
Cached:           728784 kB
MemTotal:        1844596 kB
MemFree:          860476 kB
MemAvailable:    1524012 kB
Buffers:           43620 kB
Cached:           728784 kB
MemTotal:        1844596 kB
MemFree:          861124 kB
MemAvailable:    1524664 kB
Buffers:           43620 kB
Cached:           728788 kB
MemTotal:        1844596 kB
MemFree:          861468 kB
MemAvailable:    1525008 kB
Buffers:           43620 kB
Cached:           728788 kB
MemTotal:        1844596 kB
MemFree:          859924 kB
MemAvailable:    1523464 kB
Buffers:           43620 kB
Cached:           728788 kB
MemTotal:        1844596 kB
MemFree:          860040 kB
MemAvailable:    1523580 kB
Buffers:           43620 kB
Cached:           728788 kB
MemTotal:        1844596 kB
MemFree:          859792 kB
MemAvailable:    1523332 kB
Buffers:           43620 kB
Cached:           728788 kB
MemTotal:        1844596 kB
MemFree:          859792 kB
MemAvailable:    1523332 kB
Buffers:           43620 kB
Cached:           728788 kB
MemTotal:        1844596 kB
MemFree:          860892 kB
MemAvailable:    1524432 kB
Buffers:           43620 kB
Cached:           728788 kB
MemTotal:        1844596 kB
MemFree:          860892 kB
MemAvailable:    1524432 kB
Buffers:           43620 kB
Cached:           728788 kB
MemTotal:        1844596 kB
MemFree:          860696 kB
MemAvailable:    1524236 kB
Buffers:           43620 kB
Cached:           728788 kB
MemTotal:        1844596 kB
MemFree:          860476 kB
MemAvailable:    1524016 kB
Buffers:           43620 kB
Cached:           728788 kB
MemTotal:        1844596 kB
MemFree:          859588 kB
MemAvailable:    1523128 kB
Buffers:           43620 kB
Cached:           728788 kB
MemTotal:        1844596 kB
MemFree:          859464 kB
MemAvailable:    1523004 kB
Buffers:           43620 kB
Cached:           728788 kB
MemTotal:        1844596 kB
MemFree:          859464 kB
MemAvailable:    1523004 kB
Buffers:           43620 kB
Cached:           728788 kB
MemTotal:        1844596 kB
MemFree:          860704 kB
MemAvailable:    1524244 kB
Buffers:           43620 kB
Cached:           728788 kB
MemTotal:        1844596 kB
MemFree:          859588 kB
MemAvailable:    1523128 kB
Buffers:           43620 kB
Cached:           728788 kB
MemTotal:        1844596 kB
MemFree:          858484 kB
MemAvailable:    1522024 kB
Buffers:           43620 kB
Cached:           728788 kB
MemTotal:        1844596 kB
MemFree:          858484 kB
MemAvailable:    1522024 kB
Buffers:           43620 kB
Cached:           728788 kB
MemTotal:        1844596 kB
MemFree:          855072 kB
MemAvailable:    1518612 kB
Buffers:           43620 kB
Cached:           728788 kB
MemTotal:        1844596 kB
MemFree:          853468 kB
MemAvailable:    1517008 kB
Buffers:           43620 kB
Cached:           728788 kB
MemTotal:        1844596 kB
MemFree:          852168 kB
MemAvailable:    1515708 kB
Buffers:           43620 kB
Cached:           728788 kB
MemTotal:        1844596 kB
MemFree:          853064 kB
MemAvailable:    1516604 kB
Buffers:           43620 kB
Cached:           728788 kB
MemTotal:        1844596 kB
MemFree:          851608 kB
MemAvailable:    1515148 kB
Buffers:           43620 kB
Cached:           728788 kB
MemTotal:        1844596 kB
MemFree:          851848 kB
MemAvailable:    1515388 kB
Buffers:           43620 kB
Cached:           728788 kB
MemTotal:        1844596 kB
MemFree:          851600 kB
MemAvailable:    1515140 kB
Buffers:           43620 kB
Cached:           728788 kB
MemTotal:        1844596 kB
MemFree:          851732 kB
MemAvailable:    1515272 kB
Buffers:           43620 kB
Cached:           728788 kB
MemTotal:        1844596 kB
MemFree:          852812 kB
MemAvailable:    1516352 kB
Buffers:           43620 kB
Cached:           728788 kB
MemTotal:        1844596 kB
MemFree:          851920 kB
MemAvailable:    1515460 kB
Buffers:           43620 kB
Cached:           728788 kB
MemTotal:        1844596 kB
MemFree:          852776 kB
MemAvailable:    1516316 kB
Buffers:           43620 kB
Cached:           728788 kB
MemTotal:        1844596 kB
MemFree:          851396 kB
MemAvailable:    1514936 kB
Buffers:           43620 kB
Cached:           728788 kB
MemTotal:        1844596 kB
MemFree:          851612 kB
MemAvailable:    1515152 kB
Buffers:           43620 kB
Cached:           728788 kB
MemTotal:        1844596 kB
MemFree:          852588 kB
MemAvailable:    1516128 kB
Buffers:           43620 kB
Cached:           728788 kB
MemTotal:        1844596 kB
MemFree:          852924 kB
MemAvailable:    1516464 kB
Buffers:           43620 kB
Cached:           728788 kB
MemTotal:        1844596 kB
MemFree:          852708 kB
MemAvailable:    1516248 kB
Buffers:           43620 kB
Cached:           728788 kB
MemTotal:        1844596 kB
MemFree:          852664 kB
MemAvailable:    1516204 kB
Buffers:           43620 kB
Cached:           728788 kB
MemTotal:        1844596 kB
MemFree:          851360 kB
MemAvailable:    1514900 kB
Buffers:           43620 kB
Cached:           728788 kB
MemTotal:        1844596 kB
MemFree:          852228 kB
MemAvailable:    1515768 kB
Buffers:           43620 kB
Cached:           728788 kB
MemTotal:        1844596 kB
MemFree:          850804 kB
MemAvailable:    1514344 kB
Buffers:           43620 kB
Cached:           728788 kB
MemTotal:        1844596 kB
MemFree:          851732 kB
MemAvailable:    1515272 kB
Buffers:           43620 kB
Cached:           728788 kB
MemTotal:        1844596 kB
MemFree:          850184 kB
MemAvailable:    1513724 kB
Buffers:           43620 kB
Cached:           728788 kB
MemTotal:        1844596 kB
MemFree:          849928 kB
MemAvailable:    1513468 kB
Buffers:           43620 kB
Cached:           728788 kB
MemTotal:        1844596 kB
MemFree:          851044 kB
MemAvailable:    1514584 kB
Buffers:           43620 kB
Cached:           728788 kB
MemTotal:        1844596 kB
MemFree:          849796 kB
MemAvailable:    1513336 kB
Buffers:           43620 kB
Cached:           728788 kB
MemTotal:        1844596 kB
MemFree:          849688 kB
MemAvailable:    1513228 kB
Buffers:           43620 kB
Cached:           728788 kB
MemTotal:        1844596 kB
MemFree:          849876 kB
MemAvailable:    1513416 kB
Buffers:           43620 kB
Cached:           728788 kB
MemTotal:        1844596 kB
MemFree:          849820 kB
MemAvailable:    1513360 kB
Buffers:           43620 kB
Cached:           728788 kB
MemTotal:        1844596 kB
MemFree:          849492 kB
MemAvailable:    1513032 kB
Buffers:           43620 kB
Cached:           728788 kB
MemTotal:        1844596 kB
MemFree:          848068 kB
MemAvailable:    1511608 kB
Buffers:           43620 kB
Cached:           728788 kB
MemTotal:        1844596 kB
MemFree:          849368 kB
MemAvailable:    1512908 kB
Buffers:           43620 kB
Cached:           728788 kB
MemTotal:        1844596 kB
MemFree:          849120 kB
MemAvailable:    1512664 kB
Buffers:           43620 kB
Cached:           728792 kB
MemTotal:        1844596 kB
MemFree:          848948 kB
MemAvailable:    1512492 kB
Buffers:           43620 kB
Cached:           728792 kB
MemTotal:        1844596 kB
MemFree:          849152 kB
MemAvailable:    1512696 kB
Buffers:           43620 kB
Cached:           728792 kB
MemTotal:        1844596 kB
MemFree:          849040 kB
MemAvailable:    1512584 kB
Buffers:           43620 kB
Cached:           728792 kB
MemTotal:        1844596 kB
MemFree:          848952 kB
MemAvailable:    1512496 kB
Buffers:           43620 kB
Cached:           728792 kB
MemTotal:        1844596 kB
MemFree:          847636 kB
MemAvailable:    1511180 kB
Buffers:           43620 kB
Cached:           728792 kB
MemTotal:        1844596 kB
MemFree:          847752 kB
MemAvailable:    1511296 kB
Buffers:           43620 kB
Cached:           728792 kB
MemTotal:        1844596 kB
MemFree:          847884 kB
MemAvailable:    1511428 kB
Buffers:           43620 kB
Cached:           728792 kB
MemTotal:        1844596 kB
MemFree:          847456 kB
MemAvailable:    1511000 kB
Buffers:           43620 kB
Cached:           728792 kB
MemTotal:        1844596 kB
MemFree:          848176 kB
MemAvailable:    1511720 kB
Buffers:           43620 kB
Cached:           728792 kB
MemTotal:        1844596 kB
MemFree:          848260 kB
MemAvailable:    1511804 kB
Buffers:           43620 kB
Cached:           728792 kB
MemTotal:        1844596 kB
MemFree:          843736 kB
MemAvailable:    1507280 kB
Buffers:           43620 kB
Cached:           728792 kB
MemTotal:        1844596 kB
MemFree:          843664 kB
MemAvailable:    1507208 kB
Buffers:           43620 kB
Cached:           728792 kB
MemTotal:        1844596 kB
MemFree:          843408 kB
MemAvailable:    1506952 kB
Buffers:           43620 kB
Cached:           728792 kB
MemTotal:        1844596 kB
MemFree:          842248 kB
MemAvailable:    1505792 kB
Buffers:           43620 kB
Cached:           728792 kB
MemTotal:        1844596 kB
MemFree:          843280 kB
MemAvailable:    1506824 kB
Buffers:           43620 kB
Cached:           728792 kB
MemTotal:        1844596 kB
MemFree:          842064 kB
MemAvailable:    1505608 kB
Buffers:           43620 kB
Cached:           728792 kB
MemTotal:        1844596 kB
MemFree:          841808 kB
MemAvailable:    1505352 kB
Buffers:           43620 kB
Cached:           728792 kB
MemTotal:        1844596 kB
MemFree:          843108 kB
MemAvailable:    1506652 kB
Buffers:           43620 kB
Cached:           728792 kB
MemTotal:        1844596 kB
MemFree:          841924 kB
MemAvailable:    1505468 kB
Buffers:           43620 kB
Cached:           728792 kB
MemTotal:        1844596 kB
MemFree:          842976 kB
MemAvailable:    1506520 kB
Buffers:           43632 kB
Cached:           728780 kB
MemTotal:        1844596 kB
MemFree:          842908 kB
MemAvailable:    1506452 kB
Buffers:           43632 kB
Cached:           728780 kB
MemTotal:        1844596 kB
MemFree:          842908 kB
MemAvailable:    1506452 kB
Buffers:           43632 kB
Cached:           728780 kB
MemTotal:        1844596 kB
MemFree:          842736 kB
MemAvailable:    1506280 kB
Buffers:           43632 kB
Cached:           728780 kB
MemTotal:        1844596 kB
MemFree:          841804 kB
MemAvailable:    1505348 kB
Buffers:           43632 kB
Cached:           728780 kB
MemTotal:        1844596 kB
MemFree:          841868 kB
MemAvailable:    1505412 kB
Buffers:           43632 kB
Cached:           728780 kB
MemTotal:        1844596 kB
MemFree:          838768 kB
MemAvailable:    1502312 kB
Buffers:           43632 kB
Cached:           728780 kB
MemTotal:        1844596 kB
MemFree:          839628 kB
MemAvailable:    1503172 kB
Buffers:           43632 kB
Cached:           728780 kB
MemTotal:        1844596 kB
MemFree:          839396 kB
MemAvailable:    1502940 kB
Buffers:           43632 kB
Cached:           728780 kB
MemTotal:        1844596 kB
MemFree:          839756 kB
MemAvailable:    1503300 kB
Buffers:           43632 kB
Cached:           728780 kB
MemTotal:        1844596 kB
MemFree:          838508 kB
MemAvailable:    1502052 kB
Buffers:           43632 kB
Cached:           728780 kB
MemTotal:        1844596 kB
MemFree:          838468 kB
MemAvailable:    1502012 kB
Buffers:           43632 kB
Cached:           728780 kB
MemTotal:        1844596 kB
MemFree:          838592 kB
MemAvailable:    1502136 kB
Buffers:           43632 kB
Cached:           728780 kB
MemTotal:        1844596 kB
MemFree:          840388 kB
MemAvailable:    1503932 kB
Buffers:           43632 kB
Cached:           728780 kB
MemTotal:        1844596 kB
MemFree:          840464 kB
MemAvailable:    1504008 kB
Buffers:           43636 kB
Cached:           728900 kB
MemTotal:        1844596 kB
MemFree:          840464 kB
MemAvailable:    1504176 kB
Buffers:           43636 kB
Cached:           729024 kB
MemTotal:        1844596 kB
MemFree:          840504 kB
MemAvailable:    1504384 kB
Buffers:           43636 kB
Cached:           729148 kB
MemTotal:        1844596 kB
MemFree:          840240 kB
MemAvailable:    1504120 kB
Buffers:           43636 kB
Cached:           729148 kB
MemTotal:        1844596 kB
MemFree:          841440 kB
MemAvailable:    1505488 kB
Buffers:           43636 kB
Cached:           729396 kB
MemTotal:        1844596 kB
MemFree:          840264 kB
MemAvailable:    1504396 kB
Buffers:           43636 kB
Cached:           729396 kB
MemTotal:        1844596 kB
MemFree:          841184 kB
MemAvailable:    1505324 kB
Buffers:           43636 kB
Cached:           729404 kB
MemTotal:        1844596 kB
MemFree:          840008 kB
MemAvailable:    1504148 kB
Buffers:           43636 kB
Cached:           729404 kB
MemTotal:        1844596 kB
MemFree:          840944 kB
MemAvailable:    1505168 kB
Buffers:           43636 kB
Cached:           729404 kB
MemTotal:        1844596 kB
MemFree:          841068 kB
MemAvailable:    1505292 kB
Buffers:           43636 kB
Cached:           729404 kB
MemTotal:        1844596 kB
MemFree:          840876 kB
MemAvailable:    1505100 kB
Buffers:           43636 kB
Cached:           729404 kB
MemTotal:        1844596 kB
MemFree:          841084 kB
MemAvailable:    1505308 kB
Buffers:           43636 kB
Cached:           729404 kB
MemTotal:        1844596 kB
MemFree:          841244 kB
MemAvailable:    1505468 kB
Buffers:           43636 kB
Cached:           729404 kB
MemTotal:        1844596 kB
MemFree:          840852 kB
MemAvailable:    1505076 kB
Buffers:           43636 kB
Cached:           729528 kB
MemTotal:        1844596 kB
MemFree:          841008 kB
MemAvailable:    1505232 kB
Buffers:           43636 kB
Cached:           729528 kB
MemTotal:        1844596 kB
MemFree:          840264 kB
MemAvailable:    1503816 kB
Buffers:           43636 kB
Cached:           728856 kB
MemTotal:        1844596 kB
MemFree:          910216 kB
MemAvailable:    1573768 kB
Buffers:           43636 kB
Cached:           728856 kB
