MemTotal:        1844596 kB
MemFree:          703400 kB
MemAvailable:    1526480 kB
Buffers:           60752 kB
Cached:           862808 kB
MemTotal:        1844596 kB
MemFree:          701400 kB
MemAvailable:    1524480 kB
Buffers:           60756 kB
Cached:           862804 kB
MemTotal:        1844596 kB
MemFree:          700864 kB
MemAvailable:    1523944 kB
Buffers:           60756 kB
Cached:           862804 kB
MemTotal:        1844596 kB
MemFree:          700964 kB
MemAvailable:    1524044 kB
Buffers:           60756 kB
Cached:           862804 kB
MemTotal:        1844596 kB
MemFree:          699748 kB
MemAvailable:    1522828 kB
Buffers:           60756 kB
Cached:           862804 kB
MemTotal:        1844596 kB
MemFree:          699484 kB
MemAvailable:    1522564 kB
Buffers:           60756 kB
Cached:           862804 kB
MemTotal:        1844596 kB
MemFree:          697924 kB
MemAvailable:    1521004 kB
Buffers:           60756 kB
Cached:           862804 kB
MemTotal:        1844596 kB
MemFree:          695588 kB
MemAvailable:    1518668 kB
Buffers:           60756 kB
Cached:           862804 kB
MemTotal:        1844596 kB
MemFree:          694588 kB
MemAvailable:    1517672 kB
Buffers:           60756 kB
Cached:           862808 kB
MemTotal:        1844596 kB
MemFree:          691620 kB
MemAvailable:    1514704 kB
Buffers:           60756 kB
Cached:           862808 kB
MemTotal:        1844596 kB
MemFree:          691212 kB
MemAvailable:    1514296 kB
Buffers:           60756 kB
Cached:           862808 kB
MemTotal:        1844596 kB
MemFree:          690388 kB
MemAvailable:    1513472 kB
Buffers:           60756 kB
Cached:           862808 kB
MemTotal:        1844596 kB
MemFree:          691372 kB
MemAvailable:    1514456 kB
Buffers:           60756 kB
Cached:           862808 kB
MemTotal:        1844596 kB
MemFree:          690976 kB
MemAvailable:    1514060 kB
Buffers:           60756 kB
Cached:           862808 kB
MemTotal:        1844596 kB
MemFree:          690752 kB
MemAvailable:    1513836 kB
Buffers:           60756 kB
Cached:           862808 kB
MemTotal:        1844596 kB
MemFree:          691004 kB
MemAvailable:    1514088 kB
Buffers:           60756 kB
Cached:           862808 kB
MemTotal:        1844596 kB
MemFree:          689992 kB
MemAvailable:    1513076 kB
Buffers:           60756 kB
Cached:           862808 kB
MemTotal:        1844596 kB
MemFree:          690076 kB
MemAvailable:    1513160 kB
Buffers:           60756 kB
Cached:           862808 kB
MemTotal:        1844596 kB
MemFree:          687776 kB
MemAvailable:    1510860 kB
Buffers:           60756 kB
Cached:           862808 kB
MemTotal:        1844596 kB
MemFree:          687900 kB
MemAvailable:    1510984 kB
Buffers:           60756 kB
Cached:           862808 kB
MemTotal:        1844596 kB
MemFree:          688460 kB
MemAvailable:    1511544 kB
Buffers:           60756 kB
Cached:           862808 kB
MemTotal:        1844596 kB
MemFree:          688712 kB
MemAvailable:    1511796 kB
Buffers:           60756 kB
Cached:           862808 kB
MemTotal:        1844596 kB
MemFree:          688472 kB
MemAvailable:    1511556 kB
Buffers:           60756 kB
Cached:           862808 kB
MemTotal:        1844596 kB
MemFree:          688592 kB
MemAvailable:    1511676 kB
Buffers:           60756 kB
Cached:           862808 kB
MemTotal:        1844596 kB
MemFree:          687768 kB
MemAvailable:    1510852 kB
Buffers:           60756 kB
Cached:           862808 kB
MemTotal:        1844596 kB
MemFree:          688500 kB
MemAvailable:    1511584 kB
Buffers:           60756 kB
Cached:           862808 kB
MemTotal:        1844596 kB
MemFree:          687900 kB
MemAvailable:    1510984 kB
Buffers:           60756 kB
Cached:           862808 kB
MemTotal:        1844596 kB
MemFree:          688632 kB
MemAvailable:    1511716 kB
Buffers:           60756 kB
Cached:           862808 kB
MemTotal:        1844596 kB
MemFree:          689256 kB
MemAvailable:    1512340 kB
Buffers:           60756 kB
Cached:           862808 kB
MemTotal:        1844596 kB
MemFree:          689816 kB
MemAvailable:    1512900 kB
Buffers:           60756 kB
Cached:           862808 kB
MemTotal:        1844596 kB
MemFree:          690068 kB
MemAvailable:    1513152 kB
Buffers:           60756 kB
Cached:           862808 kB
MemTotal:        1844596 kB
MemFree:          687528 kB
MemAvailable:    1510612 kB
Buffers:           60756 kB
Cached:           862808 kB
MemTotal:        1844596 kB
MemFree:          685544 kB
MemAvailable:    1508628 kB
Buffers:           60756 kB
Cached:           862808 kB
MemTotal:        1844596 kB
MemFree:          686164 kB
MemAvailable:    1509248 kB
Buffers:           60756 kB
Cached:           862808 kB
MemTotal:        1844596 kB
MemFree:          685752 kB
MemAvailable:    1508836 kB
Buffers:           60756 kB
Cached:           862808 kB
MemTotal:        1844596 kB
MemFree:          684304 kB
MemAvailable:    1507388 kB
Buffers:           60756 kB
Cached:           862808 kB
MemTotal:        1844596 kB
MemFree:          685116 kB
MemAvailable:    1508200 kB
Buffers:           60756 kB
Cached:           862808 kB
MemTotal:        1844596 kB
MemFree:          683428 kB
MemAvailable:    1506512 kB
Buffers:           60756 kB
Cached:           862808 kB
MemTotal:        1844596 kB
MemFree:          683816 kB
MemAvailable:    1506900 kB
Buffers:           60756 kB
Cached:           862808 kB
MemTotal:        1844596 kB
MemFree:          684248 kB
MemAvailable:    1507332 kB
Buffers:           60756 kB
Cached:           862808 kB
MemTotal:        1844596 kB
MemFree:          684584 kB
MemAvailable:    1507668 kB
Buffers:           60756 kB
Cached:           862808 kB
MemTotal:        1844596 kB
MemFree:          683132 kB
MemAvailable:    1506216 kB
Buffers:           60756 kB
Cached:           862808 kB
MemTotal:        1844596 kB
MemFree:          683140 kB
MemAvailable:    1506224 kB
Buffers:           60756 kB
Cached:           862808 kB
MemTotal:        1844596 kB
MemFree:          684440 kB
MemAvailable:    1507524 kB
Buffers:           60756 kB
Cached:           862808 kB
MemTotal:        1844596 kB
MemFree:          684048 kB
MemAvailable:    1507132 kB
Buffers:           60756 kB
Cached:           862808 kB
MemTotal:        1844596 kB
MemFree:          684048 kB
MemAvailable:    1507132 kB
Buffers:           60756 kB
Cached:           862808 kB
MemTotal:        1844596 kB
MemFree:          682428 kB
MemAvailable:    1505512 kB
Buffers:           60756 kB
Cached:           862808 kB
MemTotal:        1844596 kB
MemFree:          682016 kB
MemAvailable:    1505100 kB
Buffers:           60756 kB
Cached:           862808 kB
MemTotal:        1844596 kB
MemFree:          683668 kB
MemAvailable:    1506752 kB
Buffers:           60756 kB
Cached:           862808 kB
MemTotal:        1844596 kB
MemFree:          683420 kB
MemAvailable:    1506504 kB
Buffers:           60756 kB
Cached:           862808 kB
MemTotal:        1844596 kB
MemFree:          683308 kB
MemAvailable:    1506392 kB
Buffers:           60756 kB
Cached:           862808 kB
MemTotal:        1844596 kB
MemFree:          683428 kB
MemAvailable:    1506512 kB
Buffers:           60756 kB
Cached:           862808 kB
MemTotal:        1844596 kB
MemFree:          683156 kB
MemAvailable:    1506240 kB
Buffers:           60756 kB
Cached:           862808 kB
MemTotal:        1844596 kB
MemFree:          683544 kB
MemAvailable:    1506628 kB
Buffers:           60756 kB
Cached:           862808 kB
MemTotal:        1844596 kB
MemFree:          682764 kB
MemAvailable:    1505848 kB
Buffers:           60756 kB
Cached:           862808 kB
MemTotal:        1844596 kB
MemFree:          682560 kB
MemAvailable:    1505644 kB
Buffers:           60756 kB
Cached:           862808 kB
MemTotal:        1844596 kB
MemFree:          683684 kB
MemAvailable:    1506768 kB
Buffers:           60756 kB
Cached:           862808 kB
MemTotal:        1844596 kB
MemFree:          683124 kB
MemAvailable:    1506208 kB
Buffers:           60756 kB
Cached:           862808 kB
MemTotal:        1844596 kB
MemFree:          682072 kB
MemAvailable:    1505156 kB
Buffers:           60756 kB
Cached:           862808 kB
MemTotal:        1844596 kB
MemFree:          682620 kB
MemAvailable:    1505704 kB
Buffers:           60756 kB
Cached:           862808 kB
MemTotal:        1844596 kB
MemFree:          682788 kB
MemAvailable:    1505872 kB
Buffers:           60756 kB
Cached:           862808 kB
MemTotal:        1844596 kB
MemFree:          682512 kB
MemAvailable:    1505608 kB
Buffers:           60756 kB
Cached:           862820 kB
MemTotal:        1844596 kB
MemFree:          682444 kB
MemAvailable:    1505540 kB
Buffers:           60756 kB
Cached:           862820 kB
MemTotal:        1844596 kB
MemFree:          681272 kB
MemAvailable:    1504368 kB
Buffers:           60756 kB
Cached:           862820 kB
MemTotal:        1844596 kB
MemFree:          682372 kB
MemAvailable:    1505468 kB
Buffers:           60756 kB
Cached:           862820 kB
MemTotal:        1844596 kB
MemFree:          682708 kB
MemAvailable:    1505804 kB
Buffers:           60756 kB
Cached:           862820 kB
MemTotal:        1844596 kB
MemFree:          682408 kB
MemAvailable:    1505504 kB
Buffers:           60756 kB
Cached:           862820 kB
MemTotal:        1844596 kB
MemFree:          682408 kB
MemAvailable:    1505504 kB
Buffers:           60756 kB
Cached:           862820 kB
MemTotal:        1844596 kB
MemFree:          682280 kB
MemAvailable:    1505376 kB
Buffers:           60756 kB
Cached:           862820 kB
MemTotal:        1844596 kB
MemFree:          682616 kB
MemAvailable:    1505712 kB
Buffers:           60756 kB
Cached:           862820 kB
MemTotal:        1844596 kB
MemFree:          682240 kB
MemAvailable:    1505336 kB
Buffers:           60756 kB
Cached:           862820 kB
MemTotal:        1844596 kB
MemFree:          682240 kB
MemAvailable:    1505336 kB
Buffers:           60756 kB
Cached:           862820 kB
MemTotal:        1844596 kB
MemFree:          680460 kB
MemAvailable:    1503556 kB
Buffers:           60756 kB
Cached:           862820 kB
MemTotal:        1844596 kB
MemFree:          678724 kB
MemAvailable:    1501820 kB
Buffers:           60756 kB
Cached:           862820 kB
MemTotal:        1844596 kB
MemFree:          675120 kB
MemAvailable:    1498216 kB
Buffers:           60756 kB
Cached:           862820 kB
MemTotal:        1844596 kB
MemFree:          675244 kB
MemAvailable:    1498340 kB
Buffers:           60756 kB
Cached:           862820 kB
MemTotal:        1844596 kB
MemFree:          674500 kB
MemAvailable:    1497596 kB
Buffers:           60756 kB
Cached:           862820 kB
MemTotal:        1844596 kB
MemFree:          674500 kB
MemAvailable:    1497596 kB
Buffers:           60756 kB
Cached:           862820 kB
MemTotal:        1844596 kB
MemFree:          674460 kB
MemAvailable:    1497556 kB
Buffers:           60756 kB
Cached:           862820 kB
MemTotal:        1844596 kB
MemFree:          673256 kB
MemAvailable:    1496352 kB
Buffers:           60756 kB
Cached:           862820 kB
MemTotal:        1844596 kB
MemFree:          674364 kB
MemAvailable:    1497460 kB
Buffers:           60756 kB
Cached:           862820 kB
MemTotal:        1844596 kB
MemFree:          674448 kB
MemAvailable:    1497544 kB
Buffers:           60756 kB
Cached:           862820 kB
MemTotal:        1844596 kB
MemFree:          674624 kB
MemAvailable:    1497720 kB
Buffers:           60756 kB
Cached:           862820 kB
MemTotal:        1844596 kB
MemFree:          673764 kB
MemAvailable:    1496860 kB
Buffers:           60756 kB
Cached:           862820 kB
MemTotal:        1844596 kB
MemFree:          674880 kB
MemAvailable:    1497976 kB
Buffers:           60756 kB
Cached:           862820 kB
MemTotal:        1844596 kB
MemFree:          673640 kB
MemAvailable:    1496736 kB
Buffers:           60756 kB
Cached:           862820 kB
MemTotal:        1844596 kB
MemFree:          674232 kB
MemAvailable:    1497328 kB
Buffers:           60756 kB
Cached:           862820 kB
MemTotal:        1844596 kB
MemFree:          674400 kB
MemAvailable:    1497496 kB
Buffers:           60756 kB
Cached:           862820 kB
MemTotal:        1844596 kB
MemFree:          672948 kB
MemAvailable:    1496044 kB
Buffers:           60756 kB
Cached:           862820 kB
MemTotal:        1844596 kB
MemFree:          673204 kB
MemAvailable:    1496300 kB
Buffers:           60756 kB
Cached:           862820 kB
MemTotal:        1844596 kB
MemFree:          672772 kB
MemAvailable:    1495868 kB
Buffers:           60756 kB
Cached:           862820 kB
MemTotal:        1844596 kB
MemFree:          672772 kB
MemAvailable:    1495868 kB
Buffers:           60756 kB
Cached:           862820 kB
MemTotal:        1844596 kB
MemFree:          673452 kB
MemAvailable:    1496548 kB
Buffers:           60756 kB
Cached:           862820 kB
MemTotal:        1844596 kB
MemFree:          673268 kB
MemAvailable:    1496364 kB
Buffers:           60756 kB
Cached:           862820 kB
MemTotal:        1844596 kB
MemFree:          672748 kB
MemAvailable:    1495844 kB
Buffers:           60756 kB
Cached:           862820 kB
MemTotal:        1844596 kB
MemFree:          672400 kB
MemAvailable:    1495496 kB
Buffers:           60756 kB
Cached:           862820 kB
MemTotal:        1844596 kB
MemFree:          672260 kB
MemAvailable:    1495356 kB
Buffers:           60756 kB
Cached:           862820 kB
MemTotal:        1844596 kB
MemFree:          672100 kB
MemAvailable:    1495196 kB
Buffers:           60756 kB
Cached:           862820 kB
MemTotal:        1844596 kB
MemFree:          671632 kB
MemAvailable:    1494728 kB
Buffers:           60756 kB
Cached:           862820 kB
MemTotal:        1844596 kB
MemFree:          671716 kB
MemAvailable:    1494812 kB
Buffers:           60756 kB
Cached:           862820 kB
MemTotal:        1844596 kB
MemFree:          671160 kB
MemAvailable:    1494256 kB
Buffers:           60756 kB
Cached:           862820 kB
MemTotal:        1844596 kB
MemFree:          669788 kB
MemAvailable:    1492884 kB
Buffers:           60756 kB
Cached:           862820 kB
MemTotal:        1844596 kB
MemFree:          669788 kB
MemAvailable:    1492884 kB
Buffers:           60756 kB
Cached:           862820 kB
MemTotal:        1844596 kB
MemFree:          670904 kB
MemAvailable:    1494000 kB
Buffers:           60756 kB
Cached:           862820 kB
MemTotal:        1844596 kB
MemFree:          670592 kB
MemAvailable:    1493688 kB
Buffers:           60756 kB
Cached:           862820 kB
MemTotal:        1844596 kB
MemFree:          670552 kB
MemAvailable:    1493648 kB
Buffers:           60756 kB
Cached:           862820 kB
MemTotal:        1844596 kB
MemFree:          670648 kB
MemAvailable:    1493744 kB
Buffers:           60756 kB
Cached:           862820 kB
MemTotal:        1844596 kB
MemFree:          670900 kB
MemAvailable:    1493996 kB
Buffers:           60756 kB
Cached:           862820 kB
MemTotal:        1844596 kB
MemFree:          670544 kB
MemAvailable:    1493640 kB
Buffers:           60756 kB
Cached:           862820 kB
MemTotal:        1844596 kB
MemFree:          670736 kB
MemAvailable:    1493832 kB
Buffers:           60756 kB
Cached:           862820 kB
MemTotal:        1844596 kB
MemFree:          669408 kB
MemAvailable:    1492504 kB
Buffers:           60756 kB
Cached:           862820 kB
MemTotal:        1844596 kB
MemFree:          670292 kB
MemAvailable:    1493388 kB
Buffers:           60756 kB
Cached:           862820 kB
MemTotal:        1844596 kB
MemFree:          670348 kB
MemAvailable:    1493444 kB
Buffers:           60756 kB
Cached:           862820 kB
MemTotal:        1844596 kB
MemFree:          670232 kB
MemAvailable:    1493328 kB
Buffers:           60756 kB
Cached:           862820 kB
MemTotal:        1844596 kB
MemFree:          665332 kB
MemAvailable:    1488428 kB
Buffers:           60756 kB
Cached:           862820 kB
MemTotal:        1844596 kB
MemFree:          665084 kB
MemAvailable:    1488180 kB
Buffers:           60756 kB
Cached:           862820 kB
MemTotal:        1844596 kB
MemFree:          664944 kB
MemAvailable:    1488040 kB
Buffers:           60756 kB
Cached:           862820 kB
MemTotal:        1844596 kB
MemFree:          665280 kB
MemAvailable:    1488376 kB
Buffers:           60756 kB
Cached:           862820 kB
MemTotal:        1844596 kB
MemFree:          664820 kB
MemAvailable:    1487916 kB
Buffers:           60756 kB
Cached:           862820 kB
MemTotal:        1844596 kB
MemFree:          663960 kB
MemAvailable:    1487056 kB
Buffers:           60756 kB
Cached:           862820 kB
MemTotal:        1844596 kB
MemFree:          663568 kB
MemAvailable:    1486664 kB
Buffers:           60756 kB
Cached:           862820 kB
MemTotal:        1844596 kB
MemFree:          664752 kB
MemAvailable:    1487848 kB
Buffers:           60756 kB
Cached:           862820 kB
MemTotal:        1844596 kB
MemFree:          664648 kB
MemAvailable:    1487744 kB
Buffers:           60756 kB
Cached:           862820 kB
MemTotal:        1844596 kB
MemFree:          664572 kB
MemAvailable:    1487668 kB
Buffers:           60756 kB
Cached:           862820 kB
MemTotal:        1844596 kB
MemFree:          664824 kB
MemAvailable:    1487920 kB
Buffers:           60756 kB
Cached:           862820 kB
MemTotal:        1844596 kB
MemFree:          663332 kB
MemAvailable:    1486428 kB
Buffers:           60756 kB
Cached:           862820 kB
MemTotal:        1844596 kB
MemFree:          663416 kB
MemAvailable:    1486512 kB
Buffers:           60756 kB
Cached:           862820 kB
MemTotal:        1844596 kB
MemFree:          661348 kB
MemAvailable:    1484444 kB
Buffers:           60756 kB
Cached:           862820 kB
MemTotal:        1844596 kB
MemFree:          661600 kB
MemAvailable:    1484696 kB
Buffers:           60756 kB
Cached:           862820 kB
MemTotal:        1844596 kB
MemFree:          661548 kB
MemAvailable:    1484644 kB
Buffers:           60756 kB
Cached:           862820 kB
MemTotal:        1844596 kB
MemFree:          660184 kB
MemAvailable:    1483280 kB
Buffers:           60756 kB
Cached:           862820 kB
MemTotal:        1844596 kB
MemFree:          661432 kB
MemAvailable:    1484528 kB
Buffers:           60756 kB
Cached:           862820 kB
MemTotal:        1844596 kB
MemFree:          661480 kB
MemAvailable:    1484576 kB
Buffers:           60756 kB
Cached:           862820 kB
MemTotal:        1844596 kB
MemFree:          663340 kB
MemAvailable:    1486436 kB
Buffers:           60756 kB
Cached:           862820 kB
MemTotal:        1844596 kB
MemFree:          663592 kB
MemAvailable:    1486688 kB
Buffers:           60756 kB
Cached:           862820 kB
MemTotal:        1844596 kB
MemFree:          663160 kB
MemAvailable:    1486424 kB
Buffers:           60756 kB
Cached:           862944 kB
MemTotal:        1844596 kB
MemFree:          663328 kB
MemAvailable:    1486592 kB
Buffers:           60756 kB
Cached:           862944 kB
MemTotal:        1844596 kB
MemFree:          663080 kB
MemAvailable:    1486512 kB
Buffers:           60756 kB
Cached:           863192 kB
MemTotal:        1844596 kB
MemFree:          662936 kB
MemAvailable:    1486452 kB
Buffers:           60756 kB
Cached:           863316 kB
MemTotal:        1844596 kB
MemFree:          662480 kB
MemAvailable:    1485996 kB
Buffers:           60756 kB
Cached:           863316 kB
MemTotal:        1844596 kB
MemFree:          662712 kB
MemAvailable:    1486316 kB
Buffers:           60756 kB
Cached:           863492 kB
MemTotal:        1844596 kB
MemFree:          663048 kB
MemAvailable:    1486652 kB
Buffers:           60756 kB
Cached:           863492 kB
MemTotal:        1844596 kB
MemFree:          661556 kB
MemAvailable:    1485224 kB
Buffers:           60756 kB
Cached:           863480 kB
MemTotal:        1844596 kB
MemFree:          662796 kB
MemAvailable:    1486548 kB
Buffers:           60756 kB
Cached:           863480 kB
MemTotal:        1844596 kB
MemFree:          662408 kB
MemAvailable:    1486160 kB
Buffers:           60756 kB
Cached:           863480 kB
MemTotal:        1844596 kB
MemFree:          662744 kB
MemAvailable:    1486496 kB
Buffers:           60756 kB
Cached:           863480 kB
MemTotal:        1844596 kB
MemFree:          662748 kB
MemAvailable:    1486500 kB
Buffers:           60756 kB
Cached:           863480 kB
MemTotal:        1844596 kB
MemFree:          661976 kB
MemAvailable:    1485728 kB
Buffers:           60756 kB
Cached:           863480 kB
MemTotal:        1844596 kB
MemFree:          662704 kB
MemAvailable:    1486456 kB
Buffers:           60756 kB
Cached:           863480 kB
MemTotal:        1844596 kB
MemFree:          662788 kB
MemAvailable:    1486540 kB
Buffers:           60756 kB
Cached:           863480 kB
MemTotal:        1844596 kB
MemFree:          661516 kB
MemAvailable:    1484680 kB
Buffers:           60756 kB
Cached:           862848 kB
MemTotal:        1844596 kB
MemFree:          731780 kB
MemAvailable:    1554944 kB
Buffers:           60756 kB
Cached:           862848 kB
