MemTotal:        1844596 kB
MemFree:          791580 kB
MemAvailable:    1534048 kB
Buffers:           52464 kB
Cached:           797088 kB
MemTotal:        1844596 kB
MemFree:          791068 kB
MemAvailable:    1533536 kB
Buffers:           52464 kB
Cached:           797088 kB
MemTotal:        1844596 kB
MemFree:          788108 kB
MemAvailable:    1530576 kB
Buffers:           52464 kB
Cached:           797088 kB
MemTotal:        1844596 kB
MemFree:          789276 kB
MemAvailable:    1531744 kB
Buffers:           52464 kB
Cached:           797088 kB
MemTotal:        1844596 kB
MemFree:          786868 kB
MemAvailable:    1529336 kB
Buffers:           52464 kB
Cached:           797088 kB
MemTotal:        1844596 kB
MemFree:          787792 kB
MemAvailable:    1530260 kB
Buffers:           52464 kB
Cached:           797088 kB
MemTotal:        1844596 kB
MemFree:          787792 kB
MemAvailable:    1530260 kB
Buffers:           52464 kB
Cached:           797088 kB
MemTotal:        1844596 kB
MemFree:          784124 kB
MemAvailable:    1526592 kB
Buffers:           52464 kB
Cached:           797088 kB
MemTotal:        1844596 kB
MemFree:          783892 kB
MemAvailable:    1526360 kB
Buffers:           52464 kB
Cached:           797088 kB
MemTotal:        1844596 kB
MemFree:          778304 kB
MemAvailable:    1520772 kB
Buffers:           52464 kB
Cached:           797088 kB
MemTotal:        1844596 kB
MemFree:          778188 kB
MemAvailable:    1520656 kB
Buffers:           52464 kB
Cached:           797088 kB
MemTotal:        1844596 kB
MemFree:          776664 kB
MemAvailable:    1519132 kB
Buffers:           52464 kB
Cached:           797088 kB
MemTotal:        1844596 kB
MemFree:          776700 kB
MemAvailable:    1519168 kB
Buffers:           52464 kB
Cached:           797088 kB
MemTotal:        1844596 kB
MemFree:          777196 kB
MemAvailable:    1519664 kB
Buffers:           52464 kB
Cached:           797088 kB
MemTotal:        1844596 kB
MemFree:          776816 kB
MemAvailable:    1519284 kB
Buffers:           52464 kB
Cached:           797088 kB
MemTotal:        1844596 kB
MemFree:          778232 kB
MemAvailable:    1520700 kB
Buffers:           52464 kB
Cached:           797088 kB
MemTotal:        1844596 kB
MemFree:          776700 kB
MemAvailable:    1519168 kB
Buffers:           52464 kB
Cached:           797088 kB
MemTotal:        1844596 kB
MemFree:          777240 kB
MemAvailable:    1519716 kB
Buffers:           52464 kB
Cached:           797092 kB
MemTotal:        1844596 kB
MemFree:          774964 kB
MemAvailable:    1517440 kB
Buffers:           52464 kB
Cached:           797092 kB
MemTotal:        1844596 kB
MemFree:          775576 kB
MemAvailable:    1518052 kB
Buffers:           52464 kB
Cached:           797092 kB
MemTotal:        1844596 kB
MemFree:          775828 kB
MemAvailable:    1518304 kB
Buffers:           52464 kB
Cached:           797092 kB
MemTotal:        1844596 kB
MemFree:          774296 kB
MemAvailable:    1516772 kB
Buffers:           52464 kB
Cached:           797092 kB
MemTotal:        1844596 kB
MemFree:          775660 kB
MemAvailable:    1518136 kB
Buffers:           52464 kB
Cached:           797092 kB
MemTotal:        1844596 kB
MemFree:          774848 kB
MemAvailable:    1517324 kB
Buffers:           52464 kB
Cached:           797092 kB
MemTotal:        1844596 kB
MemFree:          775320 kB
MemAvailable:    1517796 kB
Buffers:           52464 kB
Cached:           797092 kB
MemTotal:        1844596 kB
MemFree:          775656 kB
MemAvailable:    1518132 kB
Buffers:           52464 kB
Cached:           797092 kB
MemTotal:        1844596 kB
MemFree:          775488 kB
MemAvailable:    1517964 kB
Buffers:           52464 kB
Cached:           797092 kB
MemTotal:        1844596 kB
MemFree:          775708 kB
MemAvailable:    1518184 kB
Buffers:           52464 kB
Cached:           797092 kB
MemTotal:        1844596 kB
MemFree:          775496 kB
MemAvailable:    1517972 kB
Buffers:           52464 kB
Cached:           797092 kB
MemTotal:        1844596 kB
MemFree:          776772 kB
MemAvailable:    1519248 kB
Buffers:           52464 kB
Cached:           797092 kB
MemTotal:        1844596 kB
MemFree:          777024 kB
MemAvailable:    1519500 kB
Buffers:           52464 kB
Cached:           797092 kB
MemTotal:        1844596 kB
MemFree:          774220 kB
MemAvailable:    1516696 kB
Buffers:           52464 kB
Cached:           797092 kB
MemTotal:        1844596 kB
MemFree:          772352 kB
MemAvailable:    1514828 kB
Buffers:           52464 kB
Cached:           797092 kB
MemTotal:        1844596 kB
MemFree:          772112 kB
MemAvailable:    1514588 kB
Buffers:           52464 kB
Cached:           797092 kB
MemTotal:        1844596 kB
MemFree:          772608 kB
MemAvailable:    1515084 kB
Buffers:           52464 kB
Cached:           797092 kB
MemTotal:        1844596 kB
MemFree:          771492 kB
MemAvailable:    1513968 kB
Buffers:           52464 kB
Cached:           797092 kB
MemTotal:        1844596 kB
MemFree:          771600 kB
MemAvailable:    1514076 kB
Buffers:           52464 kB
Cached:           797092 kB
MemTotal:        1844596 kB
MemFree:          771936 kB
MemAvailable:    1514412 kB
Buffers:           52464 kB
Cached:           797092 kB
MemTotal:        1844596 kB
MemFree:          771468 kB
MemAvailable:    1513944 kB
Buffers:           52464 kB
Cached:           797092 kB
MemTotal:        1844596 kB
MemFree:          771552 kB
MemAvailable:    1514028 kB
Buffers:           52464 kB
Cached:           797092 kB
MemTotal:        1844596 kB
MemFree:          771312 kB
MemAvailable:    1513788 kB
Buffers:           52464 kB
Cached:           797092 kB
MemTotal:        1844596 kB
MemFree:          770188 kB
MemAvailable:    1512664 kB
Buffers:           52464 kB
Cached:           797092 kB
MemTotal:        1844596 kB
MemFree:          771216 kB
MemAvailable:    1513692 kB
Buffers:           52464 kB
Cached:           797092 kB
MemTotal:        1844596 kB
MemFree:          771216 kB
MemAvailable:    1513692 kB
Buffers:           52464 kB
Cached:           797092 kB
MemTotal:        1844596 kB
MemFree:          769624 kB
MemAvailable:    1512100 kB
Buffers:           52464 kB
Cached:           797092 kB
MemTotal:        1844596 kB
MemFree:          769508 kB
MemAvailable:    1511984 kB
Buffers:           52464 kB
Cached:           797092 kB
MemTotal:        1844596 kB
MemFree:          769252 kB
MemAvailable:    1511728 kB
Buffers:           52464 kB
Cached:           797092 kB
MemTotal:        1844596 kB
MemFree:          770320 kB
MemAvailable:    1512796 kB
Buffers:           52464 kB
Cached:           797092 kB
MemTotal:        1844596 kB
MemFree:          769212 kB
MemAvailable:    1511688 kB
Buffers:           52464 kB
Cached:           797092 kB
MemTotal:        1844596 kB
MemFree:          769212 kB
MemAvailable:    1511688 kB
Buffers:           52464 kB
Cached:           797092 kB
MemTotal:        1844596 kB
MemFree:          770360 kB
MemAvailable:    1512836 kB
Buffers:           52464 kB
Cached:           797092 kB
MemTotal:        1844596 kB
MemFree:          770444 kB
MemAvailable:    1512920 kB
Buffers:           52464 kB
Cached:           797092 kB
MemTotal:        1844596 kB
MemFree:          769072 kB
MemAvailable:    1511548 kB
Buffers:           52464 kB
Cached:           797092 kB
MemTotal:        1844596 kB
MemFree:          769204 kB
MemAvailable:    1511680 kB
Buffers:           52464 kB
Cached:           797092 kB
MemTotal:        1844596 kB
MemFree:          770524 kB
MemAvailable:    1513000 kB
Buffers:           52464 kB
Cached:           797092 kB
MemTotal:        1844596 kB
MemFree:          769624 kB
MemAvailable:    1512100 kB
Buffers:           52464 kB
Cached:           797092 kB
MemTotal:        1844596 kB
MemFree:          770288 kB
MemAvailable:    1512764 kB
Buffers:           52464 kB
Cached:           797092 kB
MemTotal:        1844596 kB
MemFree:          770624 kB
MemAvailable:    1513100 kB
Buffers:           52464 kB
Cached:           797092 kB
MemTotal:        1844596 kB
MemFree:          770128 kB
MemAvailable:    1512604 kB
Buffers:           52464 kB
Cached:           797092 kB
MemTotal:        1844596 kB
MemFree:          768880 kB
MemAvailable:    1511356 kB
Buffers:           52464 kB
Cached:           797092 kB
MemTotal:        1844596 kB
MemFree:          769864 kB
MemAvailable:    1512340 kB
Buffers:           52464 kB
Cached:           797092 kB
MemTotal:        1844596 kB
MemFree:          768640 kB
MemAvailable:    1511116 kB
Buffers:           52464 kB
Cached:           797092 kB
MemTotal:        1844596 kB
MemFree:          769452 kB
MemAvailable:    1511928 kB
Buffers:           52464 kB
Cached:           797092 kB
MemTotal:        1844596 kB
MemFree:          769788 kB
MemAvailable:    1512264 kB
Buffers:           52464 kB
Cached:           797092 kB
MemTotal:        1844596 kB
MemFree:          769592 kB
MemAvailable:    1512076 kB
Buffers:           52464 kB
Cached:           797100 kB
MemTotal:        1844596 kB
MemFree:          768640 kB
MemAvailable:    1511124 kB
Buffers:           52464 kB
Cached:           797100 kB
MemTotal:        1844596 kB
MemFree:          768508 kB
MemAvailable:    1510992 kB
Buffers:           52464 kB
Cached:           797100 kB
MemTotal:        1844596 kB
MemFree:          769692 kB
MemAvailable:    1512176 kB
Buffers:           52464 kB
Cached:           797100 kB
MemTotal:        1844596 kB
MemFree:          769360 kB
MemAvailable:    1511844 kB
Buffers:           52464 kB
Cached:           797100 kB
MemTotal:        1844596 kB
MemFree:          769444 kB
MemAvailable:    1511928 kB
Buffers:           52464 kB
Cached:           797100 kB
MemTotal:        1844596 kB
MemFree:          768252 kB
MemAvailable:    1510736 kB
Buffers:           52464 kB
Cached:           797100 kB
MemTotal:        1844596 kB
MemFree:          769380 kB
MemAvailable:    1511864 kB
Buffers:           52464 kB
Cached:           797100 kB
MemTotal:        1844596 kB
MemFree:          768516 kB
MemAvailable:    1511000 kB
Buffers:           52464 kB
Cached:           797100 kB
MemTotal:        1844596 kB
MemFree:          767020 kB
MemAvailable:    1509504 kB
Buffers:           52464 kB
Cached:           797100 kB
MemTotal:        1844596 kB
MemFree:          767524 kB
MemAvailable:    1510008 kB
Buffers:           52464 kB
Cached:           797100 kB
MemTotal:        1844596 kB
MemFree:          764136 kB
MemAvailable:    1506620 kB
Buffers:           52464 kB
Cached:           797100 kB
MemTotal:        1844596 kB
MemFree:          761324 kB
MemAvailable:    1503808 kB
Buffers:           52464 kB
Cached:           797100 kB
MemTotal:        1844596 kB
MemFree:          762028 kB
MemAvailable:    1504512 kB
Buffers:           52464 kB
Cached:           797100 kB
MemTotal:        1844596 kB
MemFree:          760704 kB
MemAvailable:    1503188 kB
Buffers:           52464 kB
Cached:           797100 kB
MemTotal:        1844596 kB
MemFree:          761500 kB
MemAvailable:    1503984 kB
Buffers:           52464 kB
Cached:           797100 kB
MemTotal:        1844596 kB
MemFree:          760456 kB
MemAvailable:    1502940 kB
Buffers:           52464 kB
Cached:           797100 kB
MemTotal:        1844596 kB
MemFree:          761532 kB
MemAvailable:    1504016 kB
Buffers:           52464 kB
Cached:           797100 kB
MemTotal:        1844596 kB
MemFree:          760456 kB
MemAvailable:    1502940 kB
Buffers:           52464 kB
Cached:           797100 kB
MemTotal:        1844596 kB
MemFree:          761668 kB
MemAvailable:    1504152 kB
Buffers:           52464 kB
Cached:           797100 kB
MemTotal:        1844596 kB
MemFree:          760580 kB
MemAvailable:    1503064 kB
Buffers:           52464 kB
Cached:           797100 kB
MemTotal:        1844596 kB
MemFree:          761380 kB
MemAvailable:    1503864 kB
Buffers:           52464 kB
Cached:           797100 kB
MemTotal:        1844596 kB
MemFree:          761324 kB
MemAvailable:    1503808 kB
Buffers:           52464 kB
Cached:           797100 kB
MemTotal:        1844596 kB
MemFree:          761488 kB
MemAvailable:    1503972 kB
Buffers:           52464 kB
Cached:           797100 kB
MemTotal:        1844596 kB
MemFree:          761248 kB
MemAvailable:    1503732 kB
Buffers:           52464 kB
Cached:           797100 kB
MemTotal:        1844596 kB
MemFree:          761308 kB
MemAvailable:    1503792 kB
Buffers:           52464 kB
Cached:           797100 kB
MemTotal:        1844596 kB
MemFree:          760936 kB
MemAvailable:    1503420 kB
Buffers:           52464 kB
Cached:           797100 kB
MemTotal:        1844596 kB
MemFree:          760280 kB
MemAvailable:    1502764 kB
Buffers:           52464 kB
Cached:           797100 kB
MemTotal:        1844596 kB
MemFree:          761380 kB
MemAvailable:    1503864 kB
Buffers:           52464 kB
Cached:           797100 kB
MemTotal:        1844596 kB
MemFree:          761208 kB
MemAvailable:    1503692 kB
Buffers:           52464 kB
Cached:           797100 kB
MemTotal:        1844596 kB
MemFree:          760152 kB
MemAvailable:    1502636 kB
Buffers:           52464 kB
Cached:           797100 kB
MemTotal:        1844596 kB
MemFree:          760820 kB
MemAvailable:    1503304 kB
Buffers:           52464 kB
Cached:           797100 kB
MemTotal:        1844596 kB
MemFree:          760820 kB
MemAvailable:    1503304 kB
Buffers:           52464 kB
Cached:           797100 kB
MemTotal:        1844596 kB
MemFree:          760448 kB
MemAvailable:    1502932 kB
Buffers:           52464 kB
Cached:           797100 kB
MemTotal:        1844596 kB
MemFree:          758836 kB
MemAvailable:    1501320 kB
Buffers:           52464 kB
Cached:           797100 kB
MemTotal:        1844596 kB
MemFree:          758844 kB
MemAvailable:    1501328 kB
Buffers:           52464 kB
Cached:           797100 kB
MemTotal:        1844596 kB
MemFree:          759584 kB
MemAvailable:    1502068 kB
Buffers:           52464 kB
Cached:           797100 kB
MemTotal:        1844596 kB
MemFree:          758284 kB
MemAvailable:    1500768 kB
Buffers:           52464 kB
Cached:           797100 kB
MemTotal:        1844596 kB
MemFree:          757604 kB
MemAvailable:    1500088 kB
Buffers:           52464 kB
Cached:           797100 kB
MemTotal:        1844596 kB
MemFree:          758588 kB
MemAvailable:    1501072 kB
Buffers:           52464 kB
Cached:           797100 kB
MemTotal:        1844596 kB
MemFree:          758672 kB
MemAvailable:    1501156 kB
Buffers:           52464 kB
Cached:           797100 kB
MemTotal:        1844596 kB
MemFree:          757960 kB
MemAvailable:    1500444 kB
Buffers:           52464 kB
Cached:           797100 kB
MemTotal:        1844596 kB
MemFree:          758296 kB
MemAvailable:    1500780 kB
Buffers:           52464 kB
Cached:           797100 kB
MemTotal:        1844596 kB
MemFree:          757712 kB
MemAvailable:    1500196 kB
Buffers:           52464 kB
Cached:           797100 kB
MemTotal:        1844596 kB
MemFree:          757712 kB
MemAvailable:    1500196 kB
Buffers:           52464 kB
Cached:           797100 kB
MemTotal:        1844596 kB
MemFree:          757576 kB
MemAvailable:    1500060 kB
Buffers:           52464 kB
Cached:           797100 kB
MemTotal:        1844596 kB
MemFree:          757480 kB
MemAvailable:    1499964 kB
Buffers:           52464 kB
Cached:           797100 kB
MemTotal:        1844596 kB
MemFree:          756176 kB
MemAvailable:    1498660 kB
Buffers:           52464 kB
Cached:           797100 kB
MemTotal:        1844596 kB
MemFree:          756300 kB
MemAvailable:    1498784 kB
Buffers:           52464 kB
Cached:           797100 kB
MemTotal:        1844596 kB
MemFree:          757364 kB
MemAvailable:    1499848 kB
Buffers:           52464 kB
Cached:           797100 kB
MemTotal:        1844596 kB
MemFree:          757876 kB
MemAvailable:    1500360 kB
Buffers:           52464 kB
Cached:           797100 kB
MemTotal:        1844596 kB
MemFree:          756976 kB
MemAvailable:    1499460 kB
Buffers:           52464 kB
Cached:           797100 kB
MemTotal:        1844596 kB
MemFree:          756612 kB
MemAvailable:    1499096 kB
Buffers:           52464 kB
Cached:           797100 kB
MemTotal:        1844596 kB
MemFree:          757480 kB
MemAvailable:    1499964 kB
Buffers:           52464 kB
Cached:           797100 kB
MemTotal:        1844596 kB
MemFree:          756844 kB
MemAvailable:    1499328 kB
Buffers:           52464 kB
Cached:           797100 kB
MemTotal:        1844596 kB
MemFree:          756844 kB
MemAvailable:    1499328 kB
Buffers:           52464 kB
Cached:           797100 kB
MemTotal:        1844596 kB
MemFree:          752460 kB
MemAvailable:    1494944 kB
Buffers:           52464 kB
Cached:           797100 kB
MemTotal:        1844596 kB
MemFree:          752328 kB
MemAvailable:    1494812 kB
Buffers:           52464 kB
Cached:           797100 kB
MemTotal:        1844596 kB
MemFree:          752004 kB
MemAvailable:    1494488 kB
Buffers:           52464 kB
Cached:           797100 kB
MemTotal:        1844596 kB
MemFree:          752004 kB
MemAvailable:    1494488 kB
Buffers:           52464 kB
Cached:           797100 kB
MemTotal:        1844596 kB
MemFree:          751820 kB
MemAvailable:    1494304 kB
Buffers:           52464 kB
Cached:           797100 kB
MemTotal:        1844596 kB
MemFree:          751952 kB
MemAvailable:    1494436 kB
Buffers:           52464 kB
Cached:           797100 kB
MemTotal:        1844596 kB
MemFree:          751760 kB
MemAvailable:    1494244 kB
Buffers:           52464 kB
Cached:           797100 kB
MemTotal:        1844596 kB
MemFree:          751648 kB
MemAvailable:    1494132 kB
Buffers:           52464 kB
Cached:           797100 kB
MemTotal:        1844596 kB
MemFree:          750660 kB
MemAvailable:    1493144 kB
Buffers:           52464 kB
Cached:           797100 kB
MemTotal:        1844596 kB
MemFree:          751640 kB
MemAvailable:    1494124 kB
Buffers:           52464 kB
Cached:           797100 kB
MemTotal:        1844596 kB
MemFree:          750392 kB
MemAvailable:    1492876 kB
Buffers:           52464 kB
Cached:           797100 kB
MemTotal:        1844596 kB
MemFree:          751368 kB
MemAvailable:    1493852 kB
Buffers:           52464 kB
Cached:           797100 kB
MemTotal:        1844596 kB
MemFree:          751100 kB
MemAvailable:    1493584 kB
Buffers:           52464 kB
Cached:           797100 kB
MemTotal:        1844596 kB
MemFree:          751704 kB
MemAvailable:    1494192 kB
Buffers:           52464 kB
Cached:           797104 kB
MemTotal:        1844596 kB
MemFree:          750784 kB
MemAvailable:    1493272 kB
Buffers:           52464 kB
Cached:           797104 kB
MemTotal:        1844596 kB
MemFree:          751224 kB
MemAvailable:    1493712 kB
Buffers:           52464 kB
Cached:           797104 kB
MemTotal:        1844596 kB
MemFree:          749772 kB
MemAvailable:    1492260 kB
Buffers:           52464 kB
Cached:           797104 kB
MemTotal:        1844596 kB
MemFree:          751196 kB
MemAvailable:    1493684 kB
Buffers:           52464 kB
Cached:           797104 kB
MemTotal:        1844596 kB
MemFree:          749884 kB
MemAvailable:    1492372 kB
Buffers:           52464 kB
Cached:           797104 kB
MemTotal:        1844596 kB
MemFree:          749420 kB
MemAvailable:    1491908 kB
Buffers:           52464 kB
Cached:           797104 kB
MemTotal:        1844596 kB
MemFree:          749172 kB
MemAvailable:    1491664 kB
Buffers:           52464 kB
Cached:           797108 kB
MemTotal:        1844596 kB
MemFree:          747188 kB
MemAvailable:    1489680 kB
Buffers:           52464 kB
Cached:           797108 kB
MemTotal:        1844596 kB
MemFree:          747916 kB
MemAvailable:    1490408 kB
Buffers:           52464 kB
Cached:           797108 kB
MemTotal:        1844596 kB
MemFree:          748252 kB
MemAvailable:    1490744 kB
Buffers:           52464 kB
Cached:           797108 kB
MemTotal:        1844596 kB
MemFree:          747008 kB
MemAvailable:    1489500 kB
Buffers:           52464 kB
Cached:           797108 kB
MemTotal:        1844596 kB
MemFree:          746892 kB
MemAvailable:    1489384 kB
Buffers:           52464 kB
Cached:           797108 kB
MemTotal:        1844596 kB
MemFree:          747140 kB
MemAvailable:    1489632 kB
Buffers:           52464 kB
Cached:           797108 kB
MemTotal:        1844596 kB
MemFree:          748924 kB
MemAvailable:    1491416 kB
Buffers:           52464 kB
Cached:           797108 kB
MemTotal:        1844596 kB
MemFree:          748792 kB
MemAvailable:    1491284 kB
Buffers:           52464 kB
Cached:           797108 kB
MemTotal:        1844596 kB
MemFree:          750156 kB
MemAvailable:    1492732 kB
Buffers:           52464 kB
Cached:           797232 kB
MemTotal:        1844596 kB
MemFree:          748916 kB
MemAvailable:    1491660 kB
Buffers:           52464 kB
Cached:           797356 kB
MemTotal:        1844596 kB
MemFree:          749960 kB
MemAvailable:    1492788 kB
Buffers:           52464 kB
Cached:           797480 kB
MemTotal:        1844596 kB
MemFree:          748800 kB
MemAvailable:    1491712 kB
Buffers:           52464 kB
Cached:           797480 kB
MemTotal:        1844596 kB
MemFree:          749488 kB
MemAvailable:    1492568 kB
Buffers:           52464 kB
Cached:           797604 kB
MemTotal:        1844596 kB
MemFree:          749524 kB
MemAvailable:    1492604 kB
Buffers:           52464 kB
Cached:           797604 kB
MemTotal:        1844596 kB
MemFree:          748428 kB
MemAvailable:    1491508 kB
Buffers:           52464 kB
Cached:           797604 kB
MemTotal:        1844596 kB
MemFree:          749276 kB
MemAvailable:    1492356 kB
Buffers:           52464 kB
Cached:           797728 kB
MemTotal:        1844596 kB
MemFree:          749360 kB
MemAvailable:    1492440 kB
Buffers:           52464 kB
Cached:           797728 kB
MemTotal:        1844596 kB
MemFree:          749296 kB
MemAvailable:    1492376 kB
Buffers:           52464 kB
Cached:           797728 kB
MemTotal:        1844596 kB
MemFree:          748180 kB
MemAvailable:    1491260 kB
Buffers:           52464 kB
Cached:           797728 kB
MemTotal:        1844596 kB
MemFree:          748132 kB
MemAvailable:    1491212 kB
Buffers:           52464 kB
Cached:           797728 kB
MemTotal:        1844596 kB
MemFree:          748168 kB
MemAvailable:    1491248 kB
Buffers:           52464 kB
Cached:           797728 kB
MemTotal:        1844596 kB
MemFree:          749988 kB
MemAvailable:    1492480 kB
Buffers:           52464 kB
Cached:           797096 kB
MemTotal:        1844596 kB
MemFree:          748040 kB
MemAvailable:    1490532 kB
Buffers:           52464 kB
Cached:           797096 kB
MemTotal:        1844596 kB
MemFree:          808804 kB
MemAvailable:    1551380 kB
Buffers:           52464 kB
Cached:           797096 kB
