MemTotal:        1844596 kB
MemFree:          987996 kB
MemAvailable:    1560084 kB
Buffers:           30104 kB
Cached:           644288 kB
MemTotal:        1844596 kB
MemFree:          986756 kB
MemAvailable:    1558844 kB
Buffers:           30108 kB
Cached:           644284 kB
MemTotal:        1844596 kB
MemFree:          984516 kB
MemAvailable:    1556604 kB
Buffers:           30108 kB
Cached:           644284 kB
MemTotal:        1844596 kB
MemFree:          983532 kB
MemAvailable:    1555620 kB
Buffers:           30108 kB
Cached:           644284 kB
MemTotal:        1844596 kB
MemFree:          983144 kB
MemAvailable:    1555232 kB
Buffers:           30108 kB
Cached:           644284 kB
MemTotal:        1844596 kB
MemFree:          983480 kB
MemAvailable:    1555568 kB
Buffers:           30108 kB
Cached:           644284 kB
MemTotal:        1844596 kB
MemFree:          983248 kB
MemAvailable:    1555336 kB
Buffers:           30108 kB
Cached:           644284 kB
MemTotal:        1844596 kB
MemFree:          981052 kB
MemAvailable:    1553140 kB
Buffers:           30108 kB
Cached:           644284 kB
MemTotal:        1844596 kB
MemFree:          979300 kB
MemAvailable:    1551392 kB
Buffers:           30108 kB
Cached:           644288 kB
MemTotal:        1844596 kB
MemFree:          977580 kB
MemAvailable:    1549672 kB
Buffers:           30108 kB
Cached:           644288 kB
MemTotal:        1844596 kB
MemFree:          974464 kB
MemAvailable:    1546556 kB
Buffers:           30108 kB
Cached:           644288 kB
MemTotal:        1844596 kB
MemFree:          971588 kB
MemAvailable:    1543680 kB
Buffers:           30108 kB
Cached:           644288 kB
MemTotal:        1844596 kB
MemFree:          973060 kB
MemAvailable:    1545152 kB
Buffers:           30108 kB
Cached:           644288 kB
MemTotal:        1844596 kB
MemFree:          973228 kB
MemAvailable:    1545320 kB
Buffers:           30108 kB
Cached:           644288 kB
MemTotal:        1844596 kB
MemFree:          972928 kB
MemAvailable:    1545020 kB
Buffers:           30108 kB
Cached:           644288 kB
MemTotal:        1844596 kB
MemFree:          973184 kB
MemAvailable:    1545276 kB
Buffers:           30108 kB
Cached:           644288 kB
MemTotal:        1844596 kB
MemFree:          971972 kB
MemAvailable:    1544064 kB
Buffers:           30108 kB
Cached:           644288 kB
MemTotal:        1844596 kB
MemFree:          972964 kB
MemAvailable:    1545056 kB
Buffers:           30108 kB
Cached:           644288 kB
MemTotal:        1844596 kB
MemFree:          972736 kB
MemAvailable:    1544828 kB
Buffers:           30108 kB
Cached:           644288 kB
MemTotal:        1844596 kB
MemFree:          971124 kB
MemAvailable:    1543216 kB
Buffers:           30108 kB
Cached:           644288 kB
MemTotal:        1844596 kB
MemFree:          970248 kB
MemAvailable:    1542340 kB
Buffers:           30108 kB
Cached:           644288 kB
MemTotal:        1844596 kB
MemFree:          970388 kB
MemAvailable:    1542480 kB
Buffers:           30108 kB
Cached:           644288 kB
MemTotal:        1844596 kB
MemFree:          970704 kB
MemAvailable:    1542796 kB
Buffers:           30108 kB
Cached:           644288 kB
MemTotal:        1844596 kB
MemFree:          970676 kB
MemAvailable:    1542768 kB
Buffers:           30108 kB
Cached:           644288 kB
MemTotal:        1844596 kB
MemFree:          969776 kB
MemAvailable:    1541868 kB
Buffers:           30108 kB
Cached:           644288 kB
MemTotal:        1844596 kB
MemFree:          970696 kB
MemAvailable:    1542788 kB
Buffers:           30108 kB
Cached:           644288 kB
MemTotal:        1844596 kB
MemFree:          970364 kB
MemAvailable:    1542456 kB
Buffers:           30108 kB
Cached:           644288 kB
MemTotal:        1844596 kB
MemFree:          970700 kB
MemAvailable:    1542792 kB
Buffers:           30108 kB
Cached:           644288 kB
MemTotal:        1844596 kB
MemFree:          970676 kB
MemAvailable:    1542768 kB
Buffers:           30108 kB
Cached:           644288 kB
MemTotal:        1844596 kB
MemFree:          970568 kB
MemAvailable:    1542660 kB
Buffers:           30108 kB
Cached:           644288 kB
MemTotal:        1844596 kB
MemFree:          970732 kB
MemAvailable:    1542824 kB
Buffers:           30108 kB
Cached:           644288 kB
MemTotal:        1844596 kB
MemFree:          969900 kB
MemAvailable:    1541992 kB
Buffers:           30108 kB
Cached:           644288 kB
MemTotal:        1844596 kB
MemFree:          969884 kB
MemAvailable:    1541976 kB
Buffers:           30108 kB
Cached:           644288 kB
MemTotal:        1844596 kB
MemFree:          970760 kB
MemAvailable:    1542852 kB
Buffers:           30108 kB
Cached:           644288 kB
MemTotal:        1844596 kB
MemFree:          971372 kB
MemAvailable:    1543464 kB
Buffers:           30108 kB
Cached:           644288 kB
MemTotal:        1844596 kB
MemFree:          971372 kB
MemAvailable:    1543464 kB
Buffers:           30108 kB
Cached:           644288 kB
MemTotal:        1844596 kB
MemFree:          968768 kB
MemAvailable:    1540860 kB
Buffers:           30108 kB
Cached:           644288 kB
MemTotal:        1844596 kB
MemFree:          968768 kB
MemAvailable:    1540860 kB
Buffers:           30108 kB
Cached:           644288 kB
MemTotal:        1844596 kB
MemFree:          968016 kB
MemAvailable:    1540108 kB
Buffers:           30108 kB
Cached:           644288 kB
MemTotal:        1844596 kB
MemFree:          968352 kB
MemAvailable:    1540444 kB
Buffers:           30108 kB
Cached:           644288 kB
MemTotal:        1844596 kB
MemFree:          967404 kB
MemAvailable:    1539496 kB
Buffers:           30108 kB
Cached:           644288 kB
MemTotal:        1844596 kB
MemFree:          967536 kB
MemAvailable:    1539628 kB
Buffers:           30108 kB
Cached:           644288 kB
MemTotal:        1844596 kB
MemFree:          966752 kB
MemAvailable:    1538844 kB
Buffers:           30108 kB
Cached:           644288 kB
MemTotal:        1844596 kB
MemFree:          966272 kB
MemAvailable:    1538364 kB
Buffers:           30108 kB
Cached:           644288 kB
MemTotal:        1844596 kB
MemFree:          966608 kB
MemAvailable:    1538700 kB
Buffers:           30108 kB
Cached:           644288 kB
MemTotal:        1844596 kB
MemFree:          965240 kB
MemAvailable:    1537332 kB
Buffers:           30108 kB
Cached:           644288 kB
MemTotal:        1844596 kB
MemFree:          965240 kB
MemAvailable:    1537332 kB
Buffers:           30108 kB
Cached:           644288 kB
MemTotal:        1844596 kB
MemFree:          966356 kB
MemAvailable:    1538448 kB
Buffers:           30108 kB
Cached:           644288 kB
MemTotal:        1844596 kB
MemFree:          966356 kB
MemAvailable:    1538448 kB
Buffers:           30108 kB
Cached:           644288 kB
MemTotal:        1844596 kB
MemFree:          965156 kB
MemAvailable:    1537248 kB
Buffers:           30108 kB
Cached:           644288 kB
MemTotal:        1844596 kB
MemFree:          964620 kB
MemAvailable:    1536712 kB
Buffers:           30108 kB
Cached:           644288 kB
MemTotal:        1844596 kB
MemFree:          965528 kB
MemAvailable:    1537620 kB
Buffers:           30108 kB
Cached:           644288 kB
MemTotal:        1844596 kB
MemFree:          965612 kB
MemAvailable:    1537704 kB
Buffers:           30108 kB
Cached:           644288 kB
MemTotal:        1844596 kB
MemFree:          965420 kB
MemAvailable:    1537512 kB
Buffers:           30108 kB
Cached:           644288 kB
MemTotal:        1844596 kB
MemFree:          965412 kB
MemAvailable:    1537508 kB
Buffers:           30108 kB
Cached:           644292 kB
MemTotal:        1844596 kB
MemFree:          964048 kB
MemAvailable:    1536144 kB
Buffers:           30108 kB
Cached:           644292 kB
MemTotal:        1844596 kB
MemFree:          964180 kB
MemAvailable:    1536276 kB
Buffers:           30108 kB
Cached:           644292 kB
MemTotal:        1844596 kB
MemFree:          965480 kB
MemAvailable:    1537576 kB
Buffers:           30108 kB
Cached:           644292 kB
MemTotal:        1844596 kB
MemFree:          964296 kB
MemAvailable:    1536392 kB
Buffers:           30108 kB
Cached:           644292 kB
MemTotal:        1844596 kB
MemFree:          965280 kB
MemAvailable:    1537376 kB
Buffers:           30108 kB
Cached:           644292 kB
MemTotal:        1844596 kB
MemFree:          965364 kB
MemAvailable:    1537460 kB
Buffers:           30108 kB
Cached:           644292 kB
MemTotal:        1844596 kB
MemFree:          965644 kB
MemAvailable:    1537740 kB
Buffers:           30108 kB
Cached:           644292 kB
MemTotal:        1844596 kB
MemFree:          964932 kB
MemAvailable:    1537028 kB
Buffers:           30108 kB
Cached:           644292 kB
MemTotal:        1844596 kB
MemFree:          965040 kB
MemAvailable:    1537136 kB
Buffers:           30108 kB
Cached:           644292 kB
MemTotal:        1844596 kB
MemFree:          965376 kB
MemAvailable:    1537472 kB
Buffers:           30108 kB
Cached:           644292 kB
MemTotal:        1844596 kB
MemFree:          964908 kB
MemAvailable:    1537004 kB
Buffers:           30108 kB
Cached:           644292 kB
MemTotal:        1844596 kB
MemFree:          964544 kB
MemAvailable:    1536640 kB
Buffers:           30108 kB
Cached:           644292 kB
MemTotal:        1844596 kB
MemFree:          964600 kB
MemAvailable:    1536696 kB
Buffers:           30108 kB
Cached:           644292 kB
MemTotal:        1844596 kB
MemFree:          964768 kB
MemAvailable:    1536864 kB
Buffers:           30108 kB
Cached:           644292 kB
MemTotal:        1844596 kB
MemFree:          964640 kB
MemAvailable:    1536736 kB
Buffers:           30108 kB
Cached:           644292 kB
MemTotal:        1844596 kB
MemFree:          963304 kB
MemAvailable:    1535400 kB
Buffers:           30108 kB
Cached:           644292 kB
MemTotal:        1844596 kB
MemFree:          963544 kB
MemAvailable:    1535640 kB
Buffers:           30108 kB
Cached:           644292 kB
MemTotal:        1844596 kB
MemFree:          964480 kB
MemAvailable:    1536576 kB
Buffers:           30108 kB
Cached:           644292 kB
MemTotal:        1844596 kB
MemFree:          964340 kB
MemAvailable:    1536456 kB
Buffers:           30108 kB
Cached:           644312 kB
MemTotal:        1844596 kB
MemFree:          964312 kB
MemAvailable:    1536428 kB
Buffers:           30108 kB
Cached:           644312 kB
MemTotal:        1844596 kB
MemFree:          964672 kB
MemAvailable:    1536788 kB
Buffers:           30108 kB
Cached:           644312 kB
MemTotal:        1844596 kB
MemFree:          963176 kB
MemAvailable:    1535292 kB
Buffers:           30108 kB
Cached:           644312 kB
MemTotal:        1844596 kB
MemFree:          963300 kB
MemAvailable:    1535416 kB
Buffers:           30108 kB
Cached:           644312 kB
MemTotal:        1844596 kB
MemFree:          963300 kB
MemAvailable:    1535416 kB
Buffers:           30108 kB
Cached:           644312 kB
MemTotal:        1844596 kB
MemFree:          963044 kB
MemAvailable:    1535160 kB
Buffers:           30108 kB
Cached:           644312 kB
MemTotal:        1844596 kB
MemFree:          964344 kB
MemAvailable:    1536460 kB
Buffers:           30108 kB
Cached:           644312 kB
MemTotal:        1844596 kB
MemFree:          961940 kB
MemAvailable:    1534056 kB
Buffers:           30108 kB
Cached:           644312 kB
MemTotal:        1844596 kB
MemFree:          961584 kB
MemAvailable:    1533700 kB
Buffers:           30108 kB
Cached:           644312 kB
MemTotal:        1844596 kB
MemFree:          958088 kB
MemAvailable:    1530204 kB
Buffers:           30108 kB
Cached:           644312 kB
MemTotal:        1844596 kB
MemFree:          958088 kB
MemAvailable:    1530204 kB
Buffers:           30108 kB
Cached:           644312 kB
MemTotal:        1844596 kB
MemFree:          957172 kB
MemAvailable:    1529288 kB
Buffers:           30108 kB
Cached:           644312 kB
MemTotal:        1844596 kB
MemFree:          956616 kB
MemAvailable:    1528732 kB
Buffers:           30108 kB
Cached:           644312 kB
MemTotal:        1844596 kB
MemFree:          956616 kB
MemAvailable:    1528732 kB
Buffers:           30108 kB
Cached:           644312 kB
MemTotal:        1844596 kB
MemFree:          956672 kB
MemAvailable:    1528788 kB
Buffers:           30108 kB
Cached:           644312 kB
MemTotal:        1844596 kB
MemFree:          955756 kB
MemAvailable:    1527872 kB
Buffers:           30108 kB
Cached:           644312 kB
MemTotal:        1844596 kB
MemFree:          955624 kB
MemAvailable:    1527740 kB
Buffers:           30108 kB
Cached:           644312 kB
MemTotal:        1844596 kB
MemFree:          956608 kB
MemAvailable:    1528724 kB
Buffers:           30108 kB
Cached:           644312 kB
MemTotal:        1844596 kB
MemFree:          956608 kB
MemAvailable:    1528724 kB
Buffers:           30108 kB
Cached:           644312 kB
MemTotal:        1844596 kB
MemFree:          956304 kB
MemAvailable:    1528420 kB
Buffers:           30108 kB
Cached:           644312 kB
MemTotal:        1844596 kB
MemFree:          956472 kB
MemAvailable:    1528588 kB
Buffers:           30108 kB
Cached:           644312 kB
MemTotal:        1844596 kB
MemFree:          956496 kB
MemAvailable:    1528612 kB
Buffers:           30108 kB
Cached:           644312 kB
MemTotal:        1844596 kB
MemFree:          955232 kB
MemAvailable:    1527348 kB
Buffers:           30108 kB
Cached:           644312 kB
MemTotal:        1844596 kB
MemFree:          955996 kB
MemAvailable:    1528112 kB
Buffers:           30108 kB
Cached:           644312 kB
MemTotal:        1844596 kB
MemFree:          956480 kB
MemAvailable:    1528596 kB
Buffers:           30108 kB
Cached:           644312 kB
MemTotal:        1844596 kB
MemFree:          955192 kB
MemAvailable:    1527308 kB
Buffers:           30108 kB
Cached:           644312 kB
MemTotal:        1844596 kB
MemFree:          956300 kB
MemAvailable:    1528416 kB
Buffers:           30108 kB
Cached:           644312 kB
MemTotal:        1844596 kB
MemFree:          956468 kB
MemAvailable:    1528584 kB
Buffers:           30108 kB
Cached:           644312 kB
MemTotal:        1844596 kB
MemFree:          955864 kB
MemAvailable:    1527980 kB
Buffers:           30108 kB
Cached:           644312 kB
MemTotal:        1844596 kB
MemFree:          955948 kB
MemAvailable:    1528064 kB
Buffers:           30108 kB
Cached:           644312 kB
MemTotal:        1844596 kB
MemFree:          955616 kB
MemAvailable:    1527732 kB
Buffers:           30108 kB
Cached:           644312 kB
MemTotal:        1844596 kB
MemFree:          954136 kB
MemAvailable:    1526252 kB
Buffers:           30108 kB
Cached:           644312 kB
MemTotal:        1844596 kB
MemFree:          954940 kB
MemAvailable:    1527056 kB
Buffers:           30108 kB
Cached:           644312 kB
MemTotal:        1844596 kB
MemFree:          954940 kB
MemAvailable:    1527056 kB
Buffers:           30108 kB
Cached:           644312 kB
MemTotal:        1844596 kB
MemFree:          954588 kB
MemAvailable:    1526704 kB
Buffers:           30108 kB
Cached:           644312 kB
MemTotal:        1844596 kB
MemFree:          954672 kB
MemAvailable:    1526788 kB
Buffers:           30108 kB
Cached:           644312 kB
MemTotal:        1844596 kB
MemFree:          953824 kB
MemAvailable:    1525940 kB
Buffers:           30108 kB
Cached:           644312 kB
MemTotal:        1844596 kB
MemFree:          952524 kB
MemAvailable:    1524640 kB
Buffers:           30108 kB
Cached:           644312 kB
MemTotal:        1844596 kB
MemFree:          953640 kB
MemAvailable:    1525760 kB
Buffers:           30108 kB
Cached:           644316 kB
MemTotal:        1844596 kB
MemFree:          952880 kB
MemAvailable:    1525000 kB
Buffers:           30108 kB
Cached:           644316 kB
MemTotal:        1844596 kB
MemFree:          952880 kB
MemAvailable:    1525000 kB
Buffers:           30108 kB
Cached:           644316 kB
MemTotal:        1844596 kB
MemFree:          953004 kB
MemAvailable:    1525124 kB
Buffers:           30108 kB
Cached:           644316 kB
MemTotal:        1844596 kB
MemFree:          953004 kB
MemAvailable:    1525124 kB
Buffers:           30108 kB
Cached:           644316 kB
MemTotal:        1844596 kB
MemFree:          952708 kB
MemAvailable:    1524828 kB
Buffers:           30108 kB
Cached:           644316 kB
MemTotal:        1844596 kB
MemFree:          952876 kB
MemAvailable:    1524996 kB
Buffers:           30108 kB
Cached:           644316 kB
MemTotal:        1844596 kB
MemFree:          952836 kB
MemAvailable:    1524956 kB
Buffers:           30108 kB
Cached:           644316 kB
MemTotal:        1844596 kB
MemFree:          951348 kB
MemAvailable:    1523468 kB
Buffers:           30108 kB
Cached:           644316 kB
MemTotal:        1844596 kB
MemFree:          951216 kB
MemAvailable:    1523336 kB
Buffers:           30108 kB
Cached:           644316 kB
MemTotal:        1844596 kB
MemFree:          952516 kB
MemAvailable:    1524636 kB
Buffers:           30108 kB
Cached:           644316 kB
MemTotal:        1844596 kB
MemFree:          952516 kB
MemAvailable:    1524636 kB
Buffers:           30108 kB
Cached:           644316 kB
MemTotal:        1844596 kB
MemFree:          951460 kB
MemAvailable:    1523580 kB
Buffers:           30108 kB
Cached:           644316 kB
MemTotal:        1844596 kB
MemFree:          952692 kB
MemAvailable:    1524812 kB
Buffers:           30108 kB
Cached:           644316 kB
MemTotal:        1844596 kB
MemFree:          952268 kB
MemAvailable:    1524388 kB
Buffers:           30108 kB
Cached:           644316 kB
MemTotal:        1844596 kB
MemFree:          951912 kB
MemAvailable:    1524032 kB
Buffers:           30108 kB
Cached:           644316 kB
MemTotal:        1844596 kB
MemFree:          951880 kB
MemAvailable:    1524000 kB
Buffers:           30108 kB
Cached:           644316 kB
MemTotal:        1844596 kB
MemFree:          951880 kB
MemAvailable:    1524000 kB
Buffers:           30108 kB
Cached:           644316 kB
MemTotal:        1844596 kB
MemFree:          947308 kB
MemAvailable:    1519428 kB
Buffers:           30108 kB
Cached:           644316 kB
MemTotal:        1844596 kB
MemFree:          947200 kB
MemAvailable:    1519320 kB
Buffers:           30108 kB
Cached:           644316 kB
MemTotal:        1844596 kB
MemFree:          947072 kB
MemAvailable:    1519192 kB
Buffers:           30108 kB
Cached:           644316 kB
MemTotal:        1844596 kB
MemFree:          946948 kB
MemAvailable:    1519068 kB
Buffers:           30108 kB
Cached:           644316 kB
MemTotal:        1844596 kB
MemFree:          946992 kB
MemAvailable:    1519112 kB
Buffers:           30108 kB
Cached:           644316 kB
MemTotal:        1844596 kB
MemFree:          945684 kB
MemAvailable:    1517804 kB
Buffers:           30108 kB
Cached:           644316 kB
MemTotal:        1844596 kB
MemFree:          946924 kB
MemAvailable:    1519044 kB
Buffers:           30108 kB
Cached:           644316 kB
MemTotal:        1844596 kB
MemFree:          946752 kB
MemAvailable:    1518872 kB
Buffers:           30108 kB
Cached:           644316 kB
MemTotal:        1844596 kB
MemFree:          946848 kB
MemAvailable:    1518968 kB
Buffers:           30108 kB
Cached:           644316 kB
MemTotal:        1844596 kB
MemFree:          945696 kB
MemAvailable:    1517816 kB
Buffers:           30108 kB
Cached:           644316 kB
MemTotal:        1844596 kB
MemFree:          946736 kB
MemAvailable:    1518856 kB
Buffers:           30108 kB
Cached:           644316 kB
MemTotal:        1844596 kB
MemFree:          946564 kB
MemAvailable:    1518684 kB
Buffers:           30108 kB
Cached:           644316 kB
MemTotal:        1844596 kB
MemFree:          946600 kB
MemAvailable:    1518720 kB
Buffers:           30108 kB
Cached:           644316 kB
MemTotal:        1844596 kB
MemFree:          946428 kB
MemAvailable:    1518548 kB
Buffers:           30108 kB
Cached:           644316 kB
MemTotal:        1844596 kB
MemFree:          946384 kB
MemAvailable:    1518504 kB
Buffers:           30108 kB
Cached:           644316 kB
MemTotal:        1844596 kB
MemFree:          946384 kB
MemAvailable:    1518504 kB
Buffers:           30108 kB
Cached:           644316 kB
MemTotal:        1844596 kB
MemFree:          946336 kB
MemAvailable:    1518456 kB
Buffers:           30108 kB
Cached:           644316 kB
MemTotal:        1844596 kB
MemFree:          944712 kB
MemAvailable:    1516832 kB
Buffers:           30108 kB
Cached:           644316 kB
MemTotal:        1844596 kB
MemFree:          944092 kB
MemAvailable:    1516212 kB
Buffers:           30108 kB
Cached:           644316 kB
MemTotal:        1844596 kB
MemFree:          943456 kB
MemAvailable:    1515576 kB
Buffers:           30108 kB
Cached:           644316 kB
MemTotal:        1844596 kB
MemFree:          943540 kB
MemAvailable:    1515660 kB
Buffers:           30108 kB
Cached:           644316 kB
MemTotal:        1844596 kB
MemFree:          943544 kB
MemAvailable:    1515664 kB
Buffers:           30108 kB
Cached:           644316 kB
MemTotal:        1844596 kB
MemFree:          942480 kB
MemAvailable:    1514600 kB
Buffers:           30108 kB
Cached:           644316 kB
MemTotal:        1844596 kB
MemFree:          943464 kB
MemAvailable:    1515588 kB
Buffers:           30108 kB
Cached:           644320 kB
MemTotal:        1844596 kB
MemFree:          943464 kB
MemAvailable:    1515588 kB
Buffers:           30108 kB
Cached:           644320 kB
MemTotal:        1844596 kB
MemFree:          943360 kB
MemAvailable:    1515488 kB
Buffers:           30108 kB
Cached:           644324 kB
MemTotal:        1844596 kB
MemFree:          943432 kB
MemAvailable:    1515560 kB
Buffers:           30108 kB
Cached:           644324 kB
MemTotal:        1844596 kB
MemFree:          945352 kB
MemAvailable:    1517480 kB
Buffers:           30108 kB
Cached:           644324 kB
MemTotal:        1844596 kB
MemFree:          943956 kB
MemAvailable:    1516084 kB
Buffers:           30108 kB
Cached:           644324 kB
MemTotal:        1844596 kB
MemFree:          945256 kB
MemAvailable:    1517552 kB
Buffers:           30108 kB
Cached:           644572 kB
MemTotal:        1844596 kB
MemFree:          945256 kB
MemAvailable:    1517636 kB
Buffers:           30108 kB
Cached:           644572 kB
MemTotal:        1844596 kB
MemFree:          944216 kB
MemAvailable:    1516680 kB
Buffers:           30108 kB
Cached:           644696 kB
MemTotal:        1844596 kB
MemFree:          944640 kB
MemAvailable:    1517272 kB
Buffers:           30108 kB
Cached:           644820 kB
MemTotal:        1844596 kB
MemFree:          944832 kB
MemAvailable:    1517380 kB
Buffers:           30108 kB
Cached:           644820 kB
MemTotal:        1844596 kB
MemFree:          944680 kB
MemAvailable:    1517396 kB
Buffers:           30108 kB
Cached:           644944 kB
MemTotal:        1844596 kB
MemFree:          944764 kB
MemAvailable:    1517480 kB
Buffers:           30108 kB
Cached:           644944 kB
MemTotal:        1844596 kB
MemFree:          944400 kB
MemAvailable:    1517116 kB
Buffers:           30108 kB
Cached:           644944 kB
MemTotal:        1844596 kB
MemFree:          944656 kB
MemAvailable:    1517372 kB
Buffers:           30108 kB
Cached:           644944 kB
MemTotal:        1844596 kB
MemFree:          944512 kB
MemAvailable:    1517228 kB
Buffers:           30108 kB
Cached:           644944 kB
MemTotal:        1844596 kB
MemFree:          944512 kB
MemAvailable:    1517228 kB
Buffers:           30108 kB
Cached:           644944 kB
MemTotal:        1844596 kB
MemFree:          944428 kB
MemAvailable:    1517144 kB
Buffers:           30108 kB
Cached:           644944 kB
MemTotal:        1844596 kB
MemFree:          944764 kB
MemAvailable:    1517480 kB
Buffers:           30108 kB
Cached:           644944 kB
MemTotal:        1844596 kB
MemFree:          944644 kB
MemAvailable:    1517360 kB
Buffers:           30108 kB
Cached:           644944 kB
MemTotal:        1844596 kB
MemFree:          944792 kB
MemAvailable:    1516920 kB
Buffers:           30108 kB
Cached:           644312 kB
MemTotal:        1844596 kB
MemFree:          944912 kB
MemAvailable:    1517040 kB
Buffers:           30108 kB
Cached:           644312 kB
MemTotal:        1844596 kB
MemFree:         1013740 kB
MemAvailable:    1585868 kB
Buffers:           30108 kB
Cached:           644312 kB
