MemTotal:        1844596 kB
MemFree:          729928 kB
MemAvailable:    1529956 kB
Buffers:           58328 kB
Cached:           844072 kB
MemTotal:        1844596 kB
MemFree:          729060 kB
MemAvailable:    1529088 kB
Buffers:           58332 kB
Cached:           844068 kB
MemTotal:        1844596 kB
MemFree:          727316 kB
MemAvailable:    1527344 kB
Buffers:           58332 kB
Cached:           844068 kB
MemTotal:        1844596 kB
MemFree:          726812 kB
MemAvailable:    1526840 kB
Buffers:           58332 kB
Cached:           844068 kB
MemTotal:        1844596 kB
MemFree:          726580 kB
MemAvailable:    1526608 kB
Buffers:           58332 kB
Cached:           844068 kB
MemTotal:        1844596 kB
MemFree:          725332 kB
MemAvailable:    1525360 kB
Buffers:           58332 kB
Cached:           844068 kB
MemTotal:        1844596 kB
MemFree:          725464 kB
MemAvailable:    1525492 kB
Buffers:           58332 kB
Cached:           844068 kB
MemTotal:        1844596 kB
MemFree:          720612 kB
MemAvailable:    1520640 kB
Buffers:           58332 kB
Cached:           844068 kB
MemTotal:        1844596 kB
MemFree:          720504 kB
MemAvailable:    1520532 kB
Buffers:           58332 kB
Cached:           844068 kB
MemTotal:        1844596 kB
MemFree:          715776 kB
MemAvailable:    1515804 kB
Buffers:           58332 kB
Cached:           844068 kB
MemTotal:        1844596 kB
MemFree:          715860 kB
MemAvailable:    1515888 kB
Buffers:           58332 kB
Cached:           844068 kB
MemTotal:        1844596 kB
MemFree:          715580 kB
MemAvailable:    1515608 kB
Buffers:           58332 kB
Cached:           844068 kB
MemTotal:        1844596 kB
MemFree:          715544 kB
MemAvailable:    1515572 kB
Buffers:           58332 kB
Cached:           844068 kB
MemTotal:        1844596 kB
MemFree:          715668 kB
MemAvailable:    1515696 kB
Buffers:           58332 kB
Cached:           844068 kB
MemTotal:        1844596 kB
MemFree:          715908 kB
MemAvailable:    1515936 kB
Buffers:           58332 kB
Cached:           844068 kB
MemTotal:        1844596 kB
MemFree:          716660 kB
MemAvailable:    1516688 kB
Buffers:           58332 kB
Cached:           844068 kB
MemTotal:        1844596 kB
MemFree:          715852 kB
MemAvailable:    1515884 kB
Buffers:           58332 kB
Cached:           844072 kB
MemTotal:        1844596 kB
MemFree:          714312 kB
MemAvailable:    1514344 kB
Buffers:           58332 kB
Cached:           844072 kB
MemTotal:        1844596 kB
MemFree:          714720 kB
MemAvailable:    1514756 kB
Buffers:           58332 kB
Cached:           844076 kB
MemTotal:        1844596 kB
MemFree:          713560 kB
MemAvailable:    1513596 kB
Buffers:           58332 kB
Cached:           844076 kB
MemTotal:        1844596 kB
MemFree:          714276 kB
MemAvailable:    1514312 kB
Buffers:           58332 kB
Cached:           844076 kB
MemTotal:        1844596 kB
MemFree:          714612 kB
MemAvailable:    1514648 kB
Buffers:           58332 kB
Cached:           844076 kB
MemTotal:        1844596 kB
MemFree:          714236 kB
MemAvailable:    1514272 kB
Buffers:           58332 kB
Cached:           844076 kB
MemTotal:        1844596 kB
MemFree:          714492 kB
MemAvailable:    1514528 kB
Buffers:           58332 kB
Cached:           844076 kB
MemTotal:        1844596 kB
MemFree:          713248 kB
MemAvailable:    1513284 kB
Buffers:           58332 kB
Cached:           844076 kB
MemTotal:        1844596 kB
MemFree:          714348 kB
MemAvailable:    1514384 kB
Buffers:           58332 kB
Cached:           844076 kB
MemTotal:        1844596 kB
MemFree:          714600 kB
MemAvailable:    1514636 kB
Buffers:           58332 kB
Cached:           844076 kB
MemTotal:        1844596 kB
MemFree:          715652 kB
MemAvailable:    1515688 kB
Buffers:           58332 kB
Cached:           844076 kB
MemTotal:        1844596 kB
MemFree:          715904 kB
MemAvailable:    1515940 kB
Buffers:           58332 kB
Cached:           844076 kB
MemTotal:        1844596 kB
MemFree:          714180 kB
MemAvailable:    1514216 kB
Buffers:           58332 kB
Cached:           844076 kB
MemTotal:        1844596 kB
MemFree:          712072 kB
MemAvailable:    1512108 kB
Buffers:           58332 kB
Cached:           844076 kB
MemTotal:        1844596 kB
MemFree:          712124 kB
MemAvailable:    1512160 kB
Buffers:           58332 kB
Cached:           844076 kB
MemTotal:        1844596 kB
MemFree:          710956 kB
MemAvailable:    1510992 kB
Buffers:           58332 kB
Cached:           844076 kB
MemTotal:        1844596 kB
MemFree:          711312 kB
MemAvailable:    1511348 kB
Buffers:           58332 kB
Cached:           844076 kB
MemTotal:        1844596 kB
MemFree:          711648 kB
MemAvailable:    1511684 kB
Buffers:           58332 kB
Cached:           844076 kB
MemTotal:        1844596 kB
MemFree:          709460 kB
MemAvailable:    1509496 kB
Buffers:           58332 kB
Cached:           844076 kB
MemTotal:        1844596 kB
MemFree:          710700 kB
MemAvailable:    1510736 kB
Buffers:           58332 kB
Cached:           844076 kB
MemTotal:        1844596 kB
MemFree:          710512 kB
MemAvailable:    1510548 kB
Buffers:           58332 kB
Cached:           844076 kB
MemTotal:        1844596 kB
MemFree:          710256 kB
MemAvailable:    1510292 kB
Buffers:           58332 kB
Cached:           844076 kB
MemTotal:        1844596 kB
MemFree:          710376 kB
MemAvailable:    1510412 kB
Buffers:           58332 kB
Cached:           844076 kB
MemTotal:        1844596 kB
MemFree:          708896 kB
MemAvailable:    1508932 kB
Buffers:           58332 kB
Cached:           844076 kB
MemTotal:        1844596 kB
MemFree:          709344 kB
MemAvailable:    1509380 kB
Buffers:           58332 kB
Cached:           844076 kB
MemTotal:        1844596 kB
MemFree:          709832 kB
MemAvailable:    1509872 kB
Buffers:           58332 kB
Cached:           844080 kB
MemTotal:        1844596 kB
MemFree:          709916 kB
MemAvailable:    1509956 kB
Buffers:           58332 kB
Cached:           844080 kB
MemTotal:        1844596 kB
MemFree:          709452 kB
MemAvailable:    1509492 kB
Buffers:           58332 kB
Cached:           844080 kB
MemTotal:        1844596 kB
MemFree:          709452 kB
MemAvailable:    1509492 kB
Buffers:           58332 kB
Cached:           844080 kB
MemTotal:        1844596 kB
MemFree:          709444 kB
MemAvailable:    1509484 kB
Buffers:           58332 kB
Cached:           844080 kB
MemTotal:        1844596 kB
MemFree:          708220 kB
MemAvailable:    1508260 kB
Buffers:           58332 kB
Cached:           844080 kB
MemTotal:        1844596 kB
MemFree:          709320 kB
MemAvailable:    1509360 kB
Buffers:           58332 kB
Cached:           844080 kB
MemTotal:        1844596 kB
MemFree:          709404 kB
MemAvailable:    1509444 kB
Buffers:           58332 kB
Cached:           844080 kB
MemTotal:        1844596 kB
MemFree:          707916 kB
MemAvailable:    1507956 kB
Buffers:           58332 kB
Cached:           844080 kB
MemTotal:        1844596 kB
MemFree:          709476 kB
MemAvailable:    1509516 kB
Buffers:           58332 kB
Cached:           844080 kB
MemTotal:        1844596 kB
MemFree:          708672 kB
MemAvailable:    1508712 kB
Buffers:           58332 kB
Cached:           844080 kB
MemTotal:        1844596 kB
MemFree:          709040 kB
MemAvailable:    1509080 kB
Buffers:           58332 kB
Cached:           844080 kB
MemTotal:        1844596 kB
MemFree:          709376 kB
MemAvailable:    1509416 kB
Buffers:           58332 kB
Cached:           844080 kB
MemTotal:        1844596 kB
MemFree:          707968 kB
MemAvailable:    1508008 kB
Buffers:           58332 kB
Cached:           844080 kB
MemTotal:        1844596 kB
MemFree:          709444 kB
MemAvailable:    1509484 kB
Buffers:           58332 kB
Cached:           844080 kB
MemTotal:        1844596 kB
MemFree:          709280 kB
MemAvailable:    1509320 kB
Buffers:           58332 kB
Cached:           844080 kB
MemTotal:        1844596 kB
MemFree:          708228 kB
MemAvailable:    1508268 kB
Buffers:           58332 kB
Cached:           844080 kB
MemTotal:        1844596 kB
MemFree:          708572 kB
MemAvailable:    1508612 kB
Buffers:           58332 kB
Cached:           844080 kB
MemTotal:        1844596 kB
MemFree:          708908 kB
MemAvailable:    1508948 kB
Buffers:           58332 kB
Cached:           844080 kB
MemTotal:        1844596 kB
MemFree:          707580 kB
MemAvailable:    1507620 kB
Buffers:           58332 kB
Cached:           844080 kB
MemTotal:        1844596 kB
MemFree:          707464 kB
MemAvailable:    1507504 kB
Buffers:           58332 kB
Cached:           844080 kB
MemTotal:        1844596 kB
MemFree:          707588 kB
MemAvailable:    1507628 kB
Buffers:           58332 kB
Cached:           844080 kB
MemTotal:        1844596 kB
MemFree:          708460 kB
MemAvailable:    1508500 kB
Buffers:           58332 kB
Cached:           844080 kB
MemTotal:        1844596 kB
MemFree:          707980 kB
MemAvailable:    1508020 kB
Buffers:           58332 kB
Cached:           844080 kB
MemTotal:        1844596 kB
MemFree:          708392 kB
MemAvailable:    1508432 kB
Buffers:           58332 kB
Cached:           844080 kB
MemTotal:        1844596 kB
MemFree:          708352 kB
MemAvailable:    1508392 kB
Buffers:           58332 kB
Cached:           844080 kB
MemTotal:        1844596 kB
MemFree:          707608 kB
MemAvailable:    1507648 kB
Buffers:           58332 kB
Cached:           844080 kB
MemTotal:        1844596 kB
MemFree:          708076 kB
MemAvailable:    1508116 kB
Buffers:           58332 kB
Cached:           844080 kB
MemTotal:        1844596 kB
MemFree:          708412 kB
MemAvailable:    1508452 kB
Buffers:           58332 kB
Cached:           844080 kB
MemTotal:        1844596 kB
MemFree:          705492 kB
MemAvailable:    1505532 kB
Buffers:           58332 kB
Cached:           844080 kB
MemTotal:        1844596 kB
MemFree:          705492 kB
MemAvailable:    1505532 kB
Buffers:           58332 kB
Cached:           844080 kB
MemTotal:        1844596 kB
MemFree:          701532 kB
MemAvailable:    1501572 kB
Buffers:           58332 kB
Cached:           844080 kB
MemTotal:        1844596 kB
MemFree:          701036 kB
MemAvailable:    1501076 kB
Buffers:           58332 kB
Cached:           844080 kB
MemTotal:        1844596 kB
MemFree:          699788 kB
MemAvailable:    1499828 kB
Buffers:           58332 kB
Cached:           844080 kB
MemTotal:        1844596 kB
MemFree:          699424 kB
MemAvailable:    1499464 kB
Buffers:           58332 kB
Cached:           844080 kB
MemTotal:        1844596 kB
MemFree:          700664 kB
MemAvailable:    1500704 kB
Buffers:           58332 kB
Cached:           844080 kB
MemTotal:        1844596 kB
MemFree:          699548 kB
MemAvailable:    1499588 kB
Buffers:           58332 kB
Cached:           844080 kB
MemTotal:        1844596 kB
MemFree:          700224 kB
MemAvailable:    1500264 kB
Buffers:           58332 kB
Cached:           844080 kB
MemTotal:        1844596 kB
MemFree:          699796 kB
MemAvailable:    1499836 kB
Buffers:           58332 kB
Cached:           844080 kB
MemTotal:        1844596 kB
MemFree:          699164 kB
MemAvailable:    1499204 kB
Buffers:           58332 kB
Cached:           844080 kB
MemTotal:        1844596 kB
MemFree:          700356 kB
MemAvailable:    1500396 kB
Buffers:           58332 kB
Cached:           844080 kB
MemTotal:        1844596 kB
MemFree:          700356 kB
MemAvailable:    1500396 kB
Buffers:           58332 kB
Cached:           844080 kB
MemTotal:        1844596 kB
MemFree:          700236 kB
MemAvailable:    1500276 kB
Buffers:           58332 kB
Cached:           844080 kB
MemTotal:        1844596 kB
MemFree:          700572 kB
MemAvailable:    1500612 kB
Buffers:           58332 kB
Cached:           844080 kB
MemTotal:        1844596 kB
MemFree:          700404 kB
MemAvailable:    1500444 kB
Buffers:           58332 kB
Cached:           844080 kB
MemTotal:        1844596 kB
MemFree:          700396 kB
MemAvailable:    1500436 kB
Buffers:           58332 kB
Cached:           844080 kB
MemTotal:        1844596 kB
MemFree:          700536 kB
MemAvailable:    1500576 kB
Buffers:           58332 kB
Cached:           844080 kB
MemTotal:        1844596 kB
MemFree:          699176 kB
MemAvailable:    1499216 kB
Buffers:           58332 kB
Cached:           844080 kB
MemTotal:        1844596 kB
MemFree:          699516 kB
MemAvailable:    1499556 kB
Buffers:           58332 kB
Cached:           844080 kB
MemTotal:        1844596 kB
MemFree:          699424 kB
MemAvailable:    1499464 kB
Buffers:           58332 kB
Cached:           844080 kB
MemTotal:        1844596 kB
MemFree:          698292 kB
MemAvailable:    1498332 kB
Buffers:           58332 kB
Cached:           844080 kB
MemTotal:        1844596 kB
MemFree:          698664 kB
MemAvailable:    1498704 kB
Buffers:           58332 kB
Cached:           844080 kB
MemTotal:        1844596 kB
MemFree:          698308 kB
MemAvailable:    1498348 kB
Buffers:           58332 kB
Cached:           844080 kB
MemTotal:        1844596 kB
MemFree:          698624 kB
MemAvailable:    1498672 kB
Buffers:           58332 kB
Cached:           844088 kB
MemTotal:        1844596 kB
MemFree:          697696 kB
MemAvailable:    1497744 kB
Buffers:           58332 kB
Cached:           844088 kB
MemTotal:        1844596 kB
MemFree:          697564 kB
MemAvailable:    1497612 kB
Buffers:           58332 kB
Cached:           844088 kB
MemTotal:        1844596 kB
MemFree:          696944 kB
MemAvailable:    1496992 kB
Buffers:           58332 kB
Cached:           844088 kB
MemTotal:        1844596 kB
MemFree:          696712 kB
MemAvailable:    1496760 kB
Buffers:           58332 kB
Cached:           844088 kB
MemTotal:        1844596 kB
MemFree:          695540 kB
MemAvailable:    1495588 kB
Buffers:           58332 kB
Cached:           844088 kB
MemTotal:        1844596 kB
MemFree:          696780 kB
MemAvailable:    1496828 kB
Buffers:           58332 kB
Cached:           844088 kB
MemTotal:        1844596 kB
MemFree:          696840 kB
MemAvailable:    1496888 kB
Buffers:           58332 kB
Cached:           844088 kB
MemTotal:        1844596 kB
MemFree:          696780 kB
MemAvailable:    1496828 kB
Buffers:           58332 kB
Cached:           844088 kB
MemTotal:        1844596 kB
MemFree:          695580 kB
MemAvailable:    1495628 kB
Buffers:           58332 kB
Cached:           844088 kB
MemTotal:        1844596 kB
MemFree:          696820 kB
MemAvailable:    1496868 kB
Buffers:           58332 kB
Cached:           844088 kB
MemTotal:        1844596 kB
MemFree:          695572 kB
MemAvailable:    1495620 kB
Buffers:           58332 kB
Cached:           844088 kB
MemTotal:        1844596 kB
MemFree:          696548 kB
MemAvailable:    1496596 kB
Buffers:           58332 kB
Cached:           844088 kB
MemTotal:        1844596 kB
MemFree:          696456 kB
MemAvailable:    1496504 kB
Buffers:           58332 kB
Cached:           844088 kB
MemTotal:        1844596 kB
MemFree:          696652 kB
MemAvailable:    1496700 kB
Buffers:           58332 kB
Cached:           844088 kB
MemTotal:        1844596 kB
MemFree:          695944 kB
MemAvailable:    1495992 kB
Buffers:           58332 kB
Cached:           844088 kB
MemTotal:        1844596 kB
MemFree:          695836 kB
MemAvailable:    1495760 kB
Buffers:           58332 kB
Cached:           844088 kB
MemTotal:        1844596 kB
MemFree:          695516 kB
MemAvailable:    1495564 kB
Buffers:           58332 kB
Cached:           844088 kB
MemTotal:        1844596 kB
MemFree:          690132 kB
MemAvailable:    1490180 kB
Buffers:           58332 kB
Cached:           844088 kB
MemTotal:        1844596 kB
MemFree:          691124 kB
MemAvailable:    1491172 kB
Buffers:           58332 kB
Cached:           844088 kB
MemTotal:        1844596 kB
MemFree:          689876 kB
MemAvailable:    1489924 kB
Buffers:           58332 kB
Cached:           844088 kB
MemTotal:        1844596 kB
MemFree:          689620 kB
MemAvailable:    1489668 kB
Buffers:           58332 kB
Cached:           844088 kB
MemTotal:        1844596 kB
MemFree:          690688 kB
MemAvailable:    1490736 kB
Buffers:           58332 kB
Cached:           844088 kB
MemTotal:        1844596 kB
MemFree:          690744 kB
MemAvailable:    1490792 kB
Buffers:           58332 kB
Cached:           844088 kB
MemTotal:        1844596 kB
MemFree:          690720 kB
MemAvailable:    1490768 kB
Buffers:           58332 kB
Cached:           844088 kB
MemTotal:        1844596 kB
MemFree:          690416 kB
MemAvailable:    1490464 kB
Buffers:           58332 kB
Cached:           844088 kB
MemTotal:        1844596 kB
MemFree:          690584 kB
MemAvailable:    1490632 kB
Buffers:           58332 kB
Cached:           844088 kB
MemTotal:        1844596 kB
MemFree:          690636 kB
MemAvailable:    1490684 kB
Buffers:           58332 kB
Cached:           844088 kB
MemTotal:        1844596 kB
MemFree:          690384 kB
MemAvailable:    1490432 kB
Buffers:           58332 kB
Cached:           844088 kB
MemTotal:        1844596 kB
MemFree:          689120 kB
MemAvailable:    1489168 kB
Buffers:           58332 kB
Cached:           844088 kB
MemTotal:        1844596 kB
MemFree:          687760 kB
MemAvailable:    1487808 kB
Buffers:           58332 kB
Cached:           844088 kB
MemTotal:        1844596 kB
MemFree:          687760 kB
MemAvailable:    1487808 kB
Buffers:           58332 kB
Cached:           844088 kB
MemTotal:        1844596 kB
MemFree:          687248 kB
MemAvailable:    1487296 kB
Buffers:           58332 kB
Cached:           844088 kB
MemTotal:        1844596 kB
MemFree:          686852 kB
MemAvailable:    1486900 kB
Buffers:           58332 kB
Cached:           844088 kB
MemTotal:        1844596 kB
MemFree:          687240 kB
MemAvailable:    1487288 kB
Buffers:           58332 kB
Cached:           844088 kB
MemTotal:        1844596 kB
MemFree:          687492 kB
MemAvailable:    1487540 kB
Buffers:           58332 kB
Cached:           844088 kB
MemTotal:        1844596 kB
MemFree:          687392 kB
MemAvailable:    1487440 kB
Buffers:           58332 kB
Cached:           844088 kB
MemTotal:        1844596 kB
MemFree:          687344 kB
MemAvailable:    1487392 kB
Buffers:           58332 kB
Cached:           844088 kB
MemTotal:        1844596 kB
MemFree:          689512 kB
MemAvailable:    1489560 kB
Buffers:           58332 kB
Cached:           844088 kB
MemTotal:        1844596 kB
MemFree:          689084 kB
MemAvailable:    1489300 kB
Buffers:           58332 kB
Cached:           844212 kB
MemTotal:        1844596 kB
MemFree:          689336 kB
MemAvailable:    1489552 kB
Buffers:           58332 kB
Cached:           844212 kB
MemTotal:        1844596 kB
MemFree:          689020 kB
MemAvailable:    1489320 kB
Buffers:           58332 kB
Cached:           844336 kB
MemTotal:        1844596 kB
MemFree:          688888 kB
MemAvailable:    1489272 kB
Buffers:           58332 kB
Cached:           844460 kB
MemTotal:        1844596 kB
MemFree:          687900 kB
MemAvailable:    1488368 kB
Buffers:           58332 kB
Cached:           844460 kB
MemTotal:        1844596 kB
MemFree:          688748 kB
MemAvailable:    1489384 kB
Buffers:           58332 kB
Cached:           844708 kB
MemTotal:        1844596 kB
MemFree:          688832 kB
MemAvailable:    1489468 kB
Buffers:           58332 kB
Cached:           844708 kB
MemTotal:        1844596 kB
MemFree:          687348 kB
MemAvailable:    1488068 kB
Buffers:           58332 kB
Cached:           844832 kB
MemTotal:        1844596 kB
MemFree:          687472 kB
MemAvailable:    1488192 kB
Buffers:           58332 kB
Cached:           844832 kB
MemTotal:        1844596 kB
MemFree:          687480 kB
MemAvailable:    1488200 kB
Buffers:           58332 kB
Cached:           844832 kB
MemTotal:        1844596 kB
MemFree:          688712 kB
MemAvailable:    1489432 kB
Buffers:           58332 kB
Cached:           844832 kB
MemTotal:        1844596 kB
MemFree:          688576 kB
MemAvailable:    1489296 kB
Buffers:           58332 kB
Cached:           844832 kB
MemTotal:        1844596 kB
MemFree:          688576 kB
MemAvailable:    1489296 kB
Buffers:           58332 kB
Cached:           844832 kB
MemTotal:        1844596 kB
MemFree:          688432 kB
MemAvailable:    1489152 kB
Buffers:           58332 kB
Cached:           844832 kB
MemTotal:        1844596 kB
MemFree:          687892 kB
MemAvailable:    1488024 kB
Buffers:           58332 kB
Cached:           844200 kB
MemTotal:        1844596 kB
MemFree:          756248 kB
MemAvailable:    1556380 kB
Buffers:           58332 kB
Cached:           844200 kB
