MemTotal:        1844596 kB
MemFree:          748972 kB
MemAvailable:    1532132 kB
Buffers:           56716 kB
Cached:           830208 kB
MemTotal:        1844596 kB
MemFree:          746492 kB
MemAvailable:    1529656 kB
Buffers:           56716 kB
Cached:           830212 kB
MemTotal:        1844596 kB
MemFree:          743988 kB
MemAvailable:    1527152 kB
Buffers:           56716 kB
Cached:           830212 kB
MemTotal:        1844596 kB
MemFree:          743492 kB
MemAvailable:    1526656 kB
Buffers:           56716 kB
Cached:           830212 kB
MemTotal:        1844596 kB
MemFree:          744972 kB
MemAvailable:    1528136 kB
Buffers:           56716 kB
Cached:           830212 kB
MemTotal:        1844596 kB
MemFree:          742764 kB
MemAvailable:    1525928 kB
Buffers:           56716 kB
Cached:           830212 kB
MemTotal:        1844596 kB
MemFree:          742848 kB
MemAvailable:    1526012 kB
Buffers:           56716 kB
Cached:           830212 kB
MemTotal:        1844596 kB
MemFree:          738424 kB
MemAvailable:    1521588 kB
Buffers:           56716 kB
Cached:           830212 kB
MemTotal:        1844596 kB
MemFree:          737128 kB
MemAvailable:    1520292 kB
Buffers:           56716 kB
Cached:           830212 kB
MemTotal:        1844596 kB
MemFree:          734128 kB
MemAvailable:    1517292 kB
Buffers:           56716 kB
Cached:           830212 kB
MemTotal:        1844596 kB
MemFree:          734464 kB
MemAvailable:    1517628 kB
Buffers:           56716 kB
Cached:           830212 kB
MemTotal:        1844596 kB
MemFree:          735072 kB
MemAvailable:    1518236 kB
Buffers:           56716 kB
Cached:           830212 kB
MemTotal:        1844596 kB
MemFree:          734768 kB
MemAvailable:    1517932 kB
Buffers:           56716 kB
Cached:           830212 kB
MemTotal:        1844596 kB
MemFree:          734828 kB
MemAvailable:    1517992 kB
Buffers:           56716 kB
Cached:           830212 kB
MemTotal:        1844596 kB
MemFree:          734652 kB
MemAvailable:    1517816 kB
Buffers:           56716 kB
Cached:           830212 kB
MemTotal:        1844596 kB
MemFree:          734904 kB
MemAvailable:    1518068 kB
Buffers:           56716 kB
Cached:           830212 kB
MemTotal:        1844596 kB
MemFree:          733960 kB
MemAvailable:    1517124 kB
Buffers:           56716 kB
Cached:           830212 kB
MemTotal:        1844596 kB
MemFree:          733108 kB
MemAvailable:    1516272 kB
Buffers:           56716 kB
Cached:           830212 kB
MemTotal:        1844596 kB
MemFree:          732852 kB
MemAvailable:    1516016 kB
Buffers:           56716 kB
Cached:           830212 kB
MemTotal:        1844596 kB
MemFree:          731480 kB
MemAvailable:    1514644 kB
Buffers:           56716 kB
Cached:           830212 kB
MemTotal:        1844596 kB
MemFree:          732604 kB
MemAvailable:    1515768 kB
Buffers:           56716 kB
Cached:           830212 kB
MemTotal:        1844596 kB
MemFree:          731364 kB
MemAvailable:    1514528 kB
Buffers:           56716 kB
Cached:           830212 kB
MemTotal:        1844596 kB
MemFree:          731356 kB
MemAvailable:    1514520 kB
Buffers:           56716 kB
Cached:           830212 kB
MemTotal:        1844596 kB
MemFree:          732472 kB
MemAvailable:    1515636 kB
Buffers:           56716 kB
Cached:           830212 kB
MemTotal:        1844596 kB
MemFree:          731228 kB
MemAvailable:    1514392 kB
Buffers:           56716 kB
Cached:           830212 kB
MemTotal:        1844596 kB
MemFree:          732580 kB
MemAvailable:    1515744 kB
Buffers:           56716 kB
Cached:           830212 kB
MemTotal:        1844596 kB
MemFree:          731612 kB
MemAvailable:    1514776 kB
Buffers:           56716 kB
Cached:           830212 kB
MemTotal:        1844596 kB
MemFree:          733660 kB
MemAvailable:    1516824 kB
Buffers:           56716 kB
Cached:           830212 kB
MemTotal:        1844596 kB
MemFree:          733912 kB
MemAvailable:    1517076 kB
Buffers:           56716 kB
Cached:           830212 kB
MemTotal:        1844596 kB
MemFree:          732548 kB
MemAvailable:    1515712 kB
Buffers:           56716 kB
Cached:           830212 kB
MemTotal:        1844596 kB
MemFree:          731612 kB
MemAvailable:    1514776 kB
Buffers:           56716 kB
Cached:           830212 kB
MemTotal:        1844596 kB
MemFree:          730496 kB
MemAvailable:    1513660 kB
Buffers:           56716 kB
Cached:           830212 kB
MemTotal:        1844596 kB
MemFree:          730108 kB
MemAvailable:    1513276 kB
Buffers:           56716 kB
Cached:           830216 kB
MemTotal:        1844596 kB
MemFree:          729752 kB
MemAvailable:    1512920 kB
Buffers:           56716 kB
Cached:           830216 kB
MemTotal:        1844596 kB
MemFree:          728704 kB
MemAvailable:    1511872 kB
Buffers:           56716 kB
Cached:           830216 kB
MemTotal:        1844596 kB
MemFree:          728264 kB
MemAvailable:    1511432 kB
Buffers:           56716 kB
Cached:           830216 kB
MemTotal:        1844596 kB
MemFree:          728760 kB
MemAvailable:    1511928 kB
Buffers:           56716 kB
Cached:           830216 kB
MemTotal:        1844596 kB
MemFree:          728512 kB
MemAvailable:    1511680 kB
Buffers:           56716 kB
Cached:           830216 kB
MemTotal:        1844596 kB
MemFree:          727272 kB
MemAvailable:    1510440 kB
Buffers:           56716 kB
Cached:           830216 kB
MemTotal:        1844596 kB
MemFree:          727644 kB
MemAvailable:    1510812 kB
Buffers:           56716 kB
Cached:           830216 kB
MemTotal:        1844596 kB
MemFree:          728248 kB
MemAvailable:    1511416 kB
Buffers:           56716 kB
Cached:           830216 kB
MemTotal:        1844596 kB
MemFree:          728332 kB
MemAvailable:    1511500 kB
Buffers:           56716 kB
Cached:           830216 kB
MemTotal:        1844596 kB
MemFree:          728252 kB
MemAvailable:    1511420 kB
Buffers:           56716 kB
Cached:           830216 kB
MemTotal:        1844596 kB
MemFree:          726880 kB
MemAvailable:    1510048 kB
Buffers:           56716 kB
Cached:           830216 kB
MemTotal:        1844596 kB
MemFree:          727828 kB
MemAvailable:    1510996 kB
Buffers:           56716 kB
Cached:           830216 kB
MemTotal:        1844596 kB
MemFree:          727388 kB
MemAvailable:    1510556 kB
Buffers:           56716 kB
Cached:           830216 kB
MemTotal:        1844596 kB
MemFree:          727528 kB
MemAvailable:    1510696 kB
Buffers:           56716 kB
Cached:           830216 kB
MemTotal:        1844596 kB
MemFree:          725984 kB
MemAvailable:    1509152 kB
Buffers:           56716 kB
Cached:           830216 kB
MemTotal:        1844596 kB
MemFree:          725896 kB
MemAvailable:    1509064 kB
Buffers:           56716 kB
Cached:           830216 kB
MemTotal:        1844596 kB
MemFree:          726020 kB
MemAvailable:    1509188 kB
Buffers:           56716 kB
Cached:           830216 kB
MemTotal:        1844596 kB
MemFree:          727212 kB
MemAvailable:    1510380 kB
Buffers:           56716 kB
Cached:           830216 kB
MemTotal:        1844596 kB
MemFree:          727032 kB
MemAvailable:    1510200 kB
Buffers:           56716 kB
Cached:           830216 kB
MemTotal:        1844596 kB
MemFree:          726156 kB
MemAvailable:    1509324 kB
Buffers:           56716 kB
Cached:           830216 kB
MemTotal:        1844596 kB
MemFree:          727132 kB
MemAvailable:    1510300 kB
Buffers:           56716 kB
Cached:           830216 kB
MemTotal:        1844596 kB
MemFree:          727148 kB
MemAvailable:    1510316 kB
Buffers:           56716 kB
Cached:           830216 kB
MemTotal:        1844596 kB
MemFree:          727312 kB
MemAvailable:    1510480 kB
Buffers:           56716 kB
Cached:           830216 kB
MemTotal:        1844596 kB
MemFree:          726012 kB
MemAvailable:    1509180 kB
Buffers:           56716 kB
Cached:           830216 kB
MemTotal:        1844596 kB
MemFree:          726988 kB
MemAvailable:    1510156 kB
Buffers:           56716 kB
Cached:           830216 kB
MemTotal:        1844596 kB
MemFree:          726988 kB
MemAvailable:    1510156 kB
Buffers:           56716 kB
Cached:           830216 kB
MemTotal:        1844596 kB
MemFree:          725652 kB
MemAvailable:    1508820 kB
Buffers:           56716 kB
Cached:           830216 kB
MemTotal:        1844596 kB
MemFree:          727084 kB
MemAvailable:    1510252 kB
Buffers:           56716 kB
Cached:           830216 kB
MemTotal:        1844596 kB
MemFree:          725784 kB
MemAvailable:    1508952 kB
Buffers:           56716 kB
Cached:           830216 kB
MemTotal:        1844596 kB
MemFree:          726252 kB
MemAvailable:    1509420 kB
Buffers:           56716 kB
Cached:           830216 kB
MemTotal:        1844596 kB
MemFree:          726588 kB
MemAvailable:    1509756 kB
Buffers:           56716 kB
Cached:           830216 kB
MemTotal:        1844596 kB
MemFree:          725020 kB
MemAvailable:    1508188 kB
Buffers:           56716 kB
Cached:           830216 kB
MemTotal:        1844596 kB
MemFree:          726328 kB
MemAvailable:    1509496 kB
Buffers:           56716 kB
Cached:           830216 kB
MemTotal:        1844596 kB
MemFree:          726204 kB
MemAvailable:    1509372 kB
Buffers:           56716 kB
Cached:           830216 kB
MemTotal:        1844596 kB
MemFree:          726156 kB
MemAvailable:    1509324 kB
Buffers:           56716 kB
Cached:           830216 kB
MemTotal:        1844596 kB
MemFree:          726260 kB
MemAvailable:    1509428 kB
Buffers:           56716 kB
Cached:           830216 kB
MemTotal:        1844596 kB
MemFree:          726512 kB
MemAvailable:    1509680 kB
Buffers:           56716 kB
Cached:           830216 kB
MemTotal:        1844596 kB
MemFree:          726232 kB
MemAvailable:    1509400 kB
Buffers:           56716 kB
Cached:           830216 kB
MemTotal:        1844596 kB
MemFree:          726204 kB
MemAvailable:    1509372 kB
Buffers:           56716 kB
Cached:           830216 kB
MemTotal:        1844596 kB
MemFree:          725536 kB
MemAvailable:    1508704 kB
Buffers:           56716 kB
Cached:           830216 kB
MemTotal:        1844596 kB
MemFree:          724544 kB
MemAvailable:    1507712 kB
Buffers:           56716 kB
Cached:           830216 kB
MemTotal:        1844596 kB
MemFree:          721676 kB
MemAvailable:    1504844 kB
Buffers:           56716 kB
Cached:           830216 kB
MemTotal:        1844596 kB
MemFree:          721676 kB
MemAvailable:    1504844 kB
Buffers:           56716 kB
Cached:           830216 kB
MemTotal:        1844596 kB
MemFree:          718964 kB
MemAvailable:    1502132 kB
Buffers:           56716 kB
Cached:           830216 kB
MemTotal:        1844596 kB
MemFree:          717592 kB
MemAvailable:    1500760 kB
Buffers:           56716 kB
Cached:           830216 kB
MemTotal:        1844596 kB
MemFree:          717724 kB
MemAvailable:    1500896 kB
Buffers:           56716 kB
Cached:           830220 kB
MemTotal:        1844596 kB
MemFree:          718468 kB
MemAvailable:    1501640 kB
Buffers:           56716 kB
Cached:           830220 kB
MemTotal:        1844596 kB
MemFree:          717088 kB
MemAvailable:    1500260 kB
Buffers:           56716 kB
Cached:           830220 kB
MemTotal:        1844596 kB
MemFree:          717352 kB
MemAvailable:    1500524 kB
Buffers:           56716 kB
Cached:           830220 kB
MemTotal:        1844596 kB
MemFree:          718476 kB
MemAvailable:    1501648 kB
Buffers:           56716 kB
Cached:           830220 kB
MemTotal:        1844596 kB
MemFree:          717236 kB
MemAvailable:    1500408 kB
Buffers:           56716 kB
Cached:           830220 kB
MemTotal:        1844596 kB
MemFree:          718352 kB
MemAvailable:    1501524 kB
Buffers:           56716 kB
Cached:           830220 kB
MemTotal:        1844596 kB
MemFree:          718396 kB
MemAvailable:    1501568 kB
Buffers:           56716 kB
Cached:           830220 kB
MemTotal:        1844596 kB
MemFree:          718088 kB
MemAvailable:    1501260 kB
Buffers:           56716 kB
Cached:           830220 kB
MemTotal:        1844596 kB
MemFree:          718424 kB
MemAvailable:    1501596 kB
Buffers:           56716 kB
Cached:           830220 kB
MemTotal:        1844596 kB
MemFree:          718212 kB
MemAvailable:    1501384 kB
Buffers:           56716 kB
Cached:           830220 kB
MemTotal:        1844596 kB
MemFree:          718212 kB
MemAvailable:    1501384 kB
Buffers:           56716 kB
Cached:           830220 kB
MemTotal:        1844596 kB
MemFree:          718156 kB
MemAvailable:    1501328 kB
Buffers:           56716 kB
Cached:           830220 kB
MemTotal:        1844596 kB
MemFree:          718408 kB
MemAvailable:    1501580 kB
Buffers:           56716 kB
Cached:           830220 kB
MemTotal:        1844596 kB
MemFree:          717044 kB
MemAvailable:    1500216 kB
Buffers:           56716 kB
Cached:           830220 kB
MemTotal:        1844596 kB
MemFree:          716920 kB
MemAvailable:    1500092 kB
Buffers:           56716 kB
Cached:           830220 kB
MemTotal:        1844596 kB
MemFree:          716864 kB
MemAvailable:    1500036 kB
Buffers:           56716 kB
Cached:           830220 kB
MemTotal:        1844596 kB
MemFree:          717544 kB
MemAvailable:    1500716 kB
Buffers:           56716 kB
Cached:           830220 kB
MemTotal:        1844596 kB
MemFree:          716980 kB
MemAvailable:    1500152 kB
Buffers:           56716 kB
Cached:           830220 kB
MemTotal:        1844596 kB
MemFree:          716980 kB
MemAvailable:    1500152 kB
Buffers:           56716 kB
Cached:           830220 kB
MemTotal:        1844596 kB
MemFree:          716608 kB
MemAvailable:    1499780 kB
Buffers:           56716 kB
Cached:           830220 kB
MemTotal:        1844596 kB
MemFree:          716212 kB
MemAvailable:    1499384 kB
Buffers:           56716 kB
Cached:           830220 kB
MemTotal:        1844596 kB
MemFree:          716464 kB
MemAvailable:    1499636 kB
Buffers:           56716 kB
Cached:           830220 kB
MemTotal:        1844596 kB
MemFree:          714632 kB
MemAvailable:    1497804 kB
Buffers:           56716 kB
Cached:           830220 kB
MemTotal:        1844596 kB
MemFree:          714632 kB
MemAvailable:    1497804 kB
Buffers:           56716 kB
Cached:           830220 kB
MemTotal:        1844596 kB
MemFree:          714136 kB
MemAvailable:    1497308 kB
Buffers:           56716 kB
Cached:           830220 kB
MemTotal:        1844596 kB
MemFree:          715188 kB
MemAvailable:    1498360 kB
Buffers:           56716 kB
Cached:           830220 kB
MemTotal:        1844596 kB
MemFree:          714872 kB
MemAvailable:    1498044 kB
Buffers:           56716 kB
Cached:           830220 kB
MemTotal:        1844596 kB
MemFree:          715128 kB
MemAvailable:    1498300 kB
Buffers:           56716 kB
Cached:           830220 kB
MemTotal:        1844596 kB
MemFree:          714968 kB
MemAvailable:    1498140 kB
Buffers:           56716 kB
Cached:           830220 kB
MemTotal:        1844596 kB
MemFree:          713632 kB
MemAvailable:    1496804 kB
Buffers:           56716 kB
Cached:           830220 kB
MemTotal:        1844596 kB
MemFree:          713376 kB
MemAvailable:    1496548 kB
Buffers:           56716 kB
Cached:           830220 kB
MemTotal:        1844596 kB
MemFree:          714468 kB
MemAvailable:    1497640 kB
Buffers:           56716 kB
Cached:           830220 kB
MemTotal:        1844596 kB
MemFree:          714552 kB
MemAvailable:    1497724 kB
Buffers:           56716 kB
Cached:           830220 kB
MemTotal:        1844596 kB
MemFree:          714432 kB
MemAvailable:    1497604 kB
Buffers:           56716 kB
Cached:           830220 kB
MemTotal:        1844596 kB
MemFree:          714684 kB
MemAvailable:    1497856 kB
Buffers:           56716 kB
Cached:           830220 kB
MemTotal:        1844596 kB
MemFree:          712896 kB
MemAvailable:    1496068 kB
Buffers:           56716 kB
Cached:           830220 kB
MemTotal:        1844596 kB
MemFree:          713880 kB
MemAvailable:    1497052 kB
Buffers:           56716 kB
Cached:           830220 kB
MemTotal:        1844596 kB
MemFree:          714136 kB
MemAvailable:    1497308 kB
Buffers:           56716 kB
Cached:           830220 kB
MemTotal:        1844596 kB
MemFree:          709104 kB
MemAvailable:    1492276 kB
Buffers:           56716 kB
Cached:           830220 kB
MemTotal:        1844596 kB
MemFree:          708780 kB
MemAvailable:    1491952 kB
Buffers:           56716 kB
Cached:           830220 kB
MemTotal:        1844596 kB
MemFree:          709116 kB
MemAvailable:    1492288 kB
Buffers:           56716 kB
Cached:           830220 kB
MemTotal:        1844596 kB
MemFree:          708656 kB
MemAvailable:    1491828 kB
Buffers:           56716 kB
Cached:           830220 kB
MemTotal:        1844596 kB
MemFree:          708376 kB
MemAvailable:    1491548 kB
Buffers:           56716 kB
Cached:           830220 kB
MemTotal:        1844596 kB
MemFree:          708612 kB
MemAvailable:    1491784 kB
Buffers:           56716 kB
Cached:           830220 kB
MemTotal:        1844596 kB
MemFree:          707688 kB
MemAvailable:    1490860 kB
Buffers:           56716 kB
Cached:           830220 kB
MemTotal:        1844596 kB
MemFree:          708500 kB
MemAvailable:    1491672 kB
Buffers:           56716 kB
Cached:           830220 kB
MemTotal:        1844596 kB
MemFree:          707812 kB
MemAvailable:    1490984 kB
Buffers:           56716 kB
Cached:           830220 kB
MemTotal:        1844596 kB
MemFree:          708376 kB
MemAvailable:    1491548 kB
Buffers:           56716 kB
Cached:           830220 kB
MemTotal:        1844596 kB
MemFree:          708428 kB
MemAvailable:    1491600 kB
Buffers:           56716 kB
Cached:           830220 kB
MemTotal:        1844596 kB
MemFree:          708360 kB
MemAvailable:    1491532 kB
Buffers:           56716 kB
Cached:           830220 kB
MemTotal:        1844596 kB
MemFree:          708444 kB
MemAvailable:    1491616 kB
Buffers:           56716 kB
Cached:           830220 kB
MemTotal:        1844596 kB
MemFree:          707376 kB
MemAvailable:    1490548 kB
Buffers:           56716 kB
Cached:           830220 kB
MemTotal:        1844596 kB
MemFree:          705448 kB
MemAvailable:    1488620 kB
Buffers:           56716 kB
Cached:           830220 kB
MemTotal:        1844596 kB
MemFree:          705784 kB
MemAvailable:    1488956 kB
Buffers:           56716 kB
Cached:           830220 kB
MemTotal:        1844596 kB
MemFree:          705316 kB
MemAvailable:    1488488 kB
Buffers:           56716 kB
Cached:           830220 kB
MemTotal:        1844596 kB
MemFree:          705316 kB
MemAvailable:    1488488 kB
Buffers:           56716 kB
Cached:           830220 kB
MemTotal:        1844596 kB
MemFree:          705284 kB
MemAvailable:    1488456 kB
Buffers:           56716 kB
Cached:           830220 kB
MemTotal:        1844596 kB
MemFree:          705508 kB
MemAvailable:    1488680 kB
Buffers:           56716 kB
Cached:           830220 kB
MemTotal:        1844596 kB
MemFree:          704784 kB
MemAvailable:    1487956 kB
Buffers:           56716 kB
Cached:           830220 kB
MemTotal:        1844596 kB
MemFree:          704580 kB
MemAvailable:    1487760 kB
Buffers:           56716 kB
Cached:           830228 kB
MemTotal:        1844596 kB
MemFree:          705932 kB
MemAvailable:    1489112 kB
Buffers:           56716 kB
Cached:           830228 kB
MemTotal:        1844596 kB
MemFree:          706076 kB
MemAvailable:    1489256 kB
Buffers:           56716 kB
Cached:           830228 kB
MemTotal:        1844596 kB
MemFree:          707060 kB
MemAvailable:    1490576 kB
Buffers:           56716 kB
Cached:           830600 kB
MemTotal:        1844596 kB
MemFree:          707060 kB
MemAvailable:    1490576 kB
Buffers:           56716 kB
Cached:           830600 kB
MemTotal:        1844596 kB
MemFree:          706672 kB
MemAvailable:    1490356 kB
Buffers:           56716 kB
Cached:           830724 kB
MemTotal:        1844596 kB
MemFree:          707008 kB
MemAvailable:    1490692 kB
Buffers:           56716 kB
Cached:           830724 kB
MemTotal:        1844596 kB
MemFree:          705432 kB
MemAvailable:    1489200 kB
Buffers:           56716 kB
Cached:           830848 kB
MemTotal:        1844596 kB
MemFree:          706740 kB
MemAvailable:    1490592 kB
Buffers:           56716 kB
Cached:           830972 kB
MemTotal:        1844596 kB
MemFree:          706672 kB
MemAvailable:    1490524 kB
Buffers:           56716 kB
Cached:           830972 kB
MemTotal:        1844596 kB
MemFree:          706200 kB
MemAvailable:    1490052 kB
Buffers:           56716 kB
Cached:           830972 kB
MemTotal:        1844596 kB
MemFree:          706252 kB
MemAvailable:    1490104 kB
Buffers:           56716 kB
Cached:           830972 kB
MemTotal:        1844596 kB
MemFree:          706588 kB
MemAvailable:    1490440 kB
Buffers:           56716 kB
Cached:           830972 kB
MemTotal:        1844596 kB
MemFree:          706612 kB
MemAvailable:    1490464 kB
Buffers:           56716 kB
Cached:           830972 kB
MemTotal:        1844596 kB
MemFree:          705396 kB
MemAvailable:    1489248 kB
Buffers:           56716 kB
Cached:           830972 kB
MemTotal:        1844596 kB
MemFree:          705008 kB
MemAvailable:    1488860 kB
Buffers:           56716 kB
Cached:           830972 kB
MemTotal:        1844596 kB
MemFree:          705616 kB
MemAvailable:    1488880 kB
Buffers:           56716 kB
Cached:           830340 kB
MemTotal:        1844596 kB
MemFree:          772392 kB
MemAvailable:    1555656 kB
Buffers:           56716 kB
Cached:           830340 kB
