MemTotal:        1844596 kB
MemFree:          686488 kB
MemAvailable:    1527692 kB
Buffers:           62584 kB
Cached:           877616 kB
MemTotal:        1844596 kB
MemFree:          683692 kB
MemAvailable:    1524896 kB
Buffers:           62584 kB
Cached:           877616 kB
MemTotal:        1844596 kB
MemFree:          682952 kB
MemAvailable:    1524156 kB
Buffers:           62584 kB
Cached:           877616 kB
MemTotal:        1844596 kB
MemFree:          682964 kB
MemAvailable:    1524168 kB
Buffers:           62584 kB
Cached:           877616 kB
MemTotal:        1844596 kB
MemFree:          681468 kB
MemAvailable:    1522672 kB
Buffers:           62584 kB
Cached:           877616 kB
MemTotal:        1844596 kB
MemFree:          681676 kB
MemAvailable:    1522880 kB
Buffers:           62584 kB
Cached:           877616 kB
MemTotal:        1844596 kB
MemFree:          678732 kB
MemAvailable:    1519936 kB
Buffers:           62584 kB
Cached:           877616 kB
MemTotal:        1844596 kB
MemFree:          678196 kB
MemAvailable:    1519400 kB
Buffers:           62584 kB
Cached:           877616 kB
MemTotal:        1844596 kB
MemFree:          676568 kB
MemAvailable:    1517772 kB
Buffers:           62584 kB
Cached:           877616 kB
MemTotal:        1844596 kB
MemFree:          673168 kB
MemAvailable:    1514372 kB
Buffers:           62584 kB
Cached:           877616 kB
MemTotal:        1844596 kB
MemFree:          673028 kB
MemAvailable:    1514232 kB
Buffers:           62584 kB
Cached:           877616 kB
MemTotal:        1844596 kB
MemFree:          673028 kB
MemAvailable:    1514232 kB
Buffers:           62584 kB
Cached:           877616 kB
MemTotal:        1844596 kB
MemFree:          673040 kB
MemAvailable:    1514244 kB
Buffers:           62584 kB
Cached:           877616 kB
MemTotal:        1844596 kB
MemFree:          671860 kB
MemAvailable:    1513064 kB
Buffers:           62584 kB
Cached:           877616 kB
MemTotal:        1844596 kB
MemFree:          672424 kB
MemAvailable:    1513628 kB
Buffers:           62584 kB
Cached:           877616 kB
MemTotal:        1844596 kB
MemFree:          673292 kB
MemAvailable:    1514504 kB
Buffers:           62584 kB
Cached:           877620 kB
MemTotal:        1844596 kB
MemFree:          673096 kB
MemAvailable:    1514308 kB
Buffers:           62584 kB
Cached:           877620 kB
MemTotal:        1844596 kB
MemFree:          671920 kB
MemAvailable:    1513132 kB
Buffers:           62584 kB
Cached:           877620 kB
MemTotal:        1844596 kB
MemFree:          671920 kB
MemAvailable:    1513132 kB
Buffers:           62584 kB
Cached:           877620 kB
MemTotal:        1844596 kB
MemFree:          669812 kB
MemAvailable:    1511024 kB
Buffers:           62584 kB
Cached:           877620 kB
MemTotal:        1844596 kB
MemFree:          669564 kB
MemAvailable:    1510776 kB
Buffers:           62584 kB
Cached:           877620 kB
MemTotal:        1844596 kB
MemFree:          670804 kB
MemAvailable:    1512016 kB
Buffers:           62584 kB
Cached:           877620 kB
MemTotal:        1844596 kB
MemFree:          670804 kB
MemAvailable:    1512016 kB
Buffers:           62584 kB
Cached:           877620 kB
MemTotal:        1844596 kB
MemFree:          669572 kB
MemAvailable:    1510784 kB
Buffers:           62584 kB
Cached:           877620 kB
MemTotal:        1844596 kB
MemFree:          669696 kB
MemAvailable:    1510908 kB
Buffers:           62584 kB
Cached:           877620 kB
MemTotal:        1844596 kB
MemFree:          670748 kB
MemAvailable:    1511960 kB
Buffers:           62584 kB
Cached:           877620 kB
MemTotal:        1844596 kB
MemFree:          669392 kB
MemAvailable:    1510604 kB
Buffers:           62584 kB
Cached:           877620 kB
MemTotal:        1844596 kB
MemFree:          669572 kB
MemAvailable:    1510784 kB
Buffers:           62584 kB
Cached:           877620 kB
MemTotal:        1844596 kB
MemFree:          670616 kB
MemAvailable:    1511828 kB
Buffers:           62584 kB
Cached:           877620 kB
MemTotal:        1844596 kB
MemFree:          671308 kB
MemAvailable:    1512520 kB
Buffers:           62584 kB
Cached:           877620 kB
MemTotal:        1844596 kB
MemFree:          671916 kB
MemAvailable:    1513128 kB
Buffers:           62584 kB
Cached:           877620 kB
MemTotal:        1844596 kB
MemFree:          671492 kB
MemAvailable:    1512704 kB
Buffers:           62584 kB
Cached:           877620 kB
MemTotal:        1844596 kB
MemFree:          668200 kB
MemAvailable:    1509412 kB
Buffers:           62584 kB
Cached:           877620 kB
MemTotal:        1844596 kB
MemFree:          668068 kB
MemAvailable:    1509280 kB
Buffers:           62584 kB
Cached:           877620 kB
MemTotal:        1844596 kB
MemFree:          668152 kB
MemAvailable:    1509364 kB
Buffers:           62584 kB
Cached:           877620 kB
MemTotal:        1844596 kB
MemFree:          667448 kB
MemAvailable:    1508660 kB
Buffers:           62584 kB
Cached:           877620 kB
MemTotal:        1844596 kB
MemFree:          667784 kB
MemAvailable:    1508996 kB
Buffers:           62584 kB
Cached:           877620 kB
MemTotal:        1844596 kB
MemFree:          666588 kB
MemAvailable:    1507800 kB
Buffers:           62584 kB
Cached:           877620 kB
MemTotal:        1844596 kB
MemFree:          666588 kB
MemAvailable:    1507800 kB
Buffers:           62584 kB
Cached:           877620 kB
MemTotal:        1844596 kB
MemFree:          666292 kB
MemAvailable:    1507504 kB
Buffers:           62584 kB
Cached:           877620 kB
MemTotal:        1844596 kB
MemFree:          666628 kB
MemAvailable:    1507840 kB
Buffers:           62584 kB
Cached:           877620 kB
MemTotal:        1844596 kB
MemFree:          665300 kB
MemAvailable:    1506512 kB
Buffers:           62584 kB
Cached:           877620 kB
MemTotal:        1844596 kB
MemFree:          666520 kB
MemAvailable:    1507732 kB
Buffers:           62584 kB
Cached:           877620 kB
MemTotal:        1844596 kB
MemFree:          666476 kB
MemAvailable:    1507688 kB
Buffers:           62584 kB
Cached:           877620 kB
MemTotal:        1844596 kB
MemFree:          666492 kB
MemAvailable:    1507704 kB
Buffers:           62584 kB
Cached:           877620 kB
MemTotal:        1844596 kB
MemFree:          664728 kB
MemAvailable:    1505940 kB
Buffers:           62584 kB
Cached:           877620 kB
MemTotal:        1844596 kB
MemFree:          664488 kB
MemAvailable:    1505700 kB
Buffers:           62584 kB
Cached:           877620 kB
MemTotal:        1844596 kB
MemFree:          664100 kB
MemAvailable:    1505312 kB
Buffers:           62584 kB
Cached:           877620 kB
MemTotal:        1844596 kB
MemFree:          664100 kB
MemAvailable:    1505312 kB
Buffers:           62584 kB
Cached:           877620 kB
MemTotal:        1844596 kB
MemFree:          664224 kB
MemAvailable:    1505436 kB
Buffers:           62584 kB
Cached:           877620 kB
MemTotal:        1844596 kB
MemFree:          664200 kB
MemAvailable:    1505412 kB
Buffers:           62584 kB
Cached:           877620 kB
MemTotal:        1844596 kB
MemFree:          664068 kB
MemAvailable:    1505280 kB
Buffers:           62584 kB
Cached:           877620 kB
MemTotal:        1844596 kB
MemFree:          665348 kB
MemAvailable:    1506560 kB
Buffers:           62584 kB
Cached:           877620 kB
MemTotal:        1844596 kB
MemFree:          665432 kB
MemAvailable:    1506644 kB
Buffers:           62584 kB
Cached:           877620 kB
MemTotal:        1844596 kB
MemFree:          665472 kB
MemAvailable:    1506684 kB
Buffers:           62584 kB
Cached:           877620 kB
MemTotal:        1844596 kB
MemFree:          665452 kB
MemAvailable:    1506664 kB
Buffers:           62584 kB
Cached:           877620 kB
MemTotal:        1844596 kB
MemFree:          665452 kB
MemAvailable:    1506664 kB
Buffers:           62584 kB
Cached:           877620 kB
MemTotal:        1844596 kB
MemFree:          665288 kB
MemAvailable:    1506500 kB
Buffers:           62584 kB
Cached:           877620 kB
MemTotal:        1844596 kB
MemFree:          664040 kB
MemAvailable:    1505252 kB
Buffers:           62584 kB
Cached:           877620 kB
MemTotal:        1844596 kB
MemFree:          664720 kB
MemAvailable:    1505932 kB
Buffers:           62584 kB
Cached:           877620 kB
MemTotal:        1844596 kB
MemFree:          664720 kB
MemAvailable:    1505932 kB
Buffers:           62584 kB
Cached:           877620 kB
MemTotal:        1844596 kB
MemFree:          664556 kB
MemAvailable:    1505768 kB
Buffers:           62584 kB
Cached:           877620 kB
MemTotal:        1844596 kB
MemFree:          663352 kB
MemAvailable:    1504564 kB
Buffers:           62584 kB
Cached:           877620 kB
MemTotal:        1844596 kB
MemFree:          663344 kB
MemAvailable:    1504556 kB
Buffers:           62584 kB
Cached:           877620 kB
MemTotal:        1844596 kB
MemFree:          664572 kB
MemAvailable:    1505784 kB
Buffers:           62584 kB
Cached:           877620 kB
MemTotal:        1844596 kB
MemFree:          664656 kB
MemAvailable:    1505868 kB
Buffers:           62584 kB
Cached:           877620 kB
MemTotal:        1844596 kB
MemFree:          664432 kB
MemAvailable:    1505644 kB
Buffers:           62584 kB
Cached:           877620 kB
MemTotal:        1844596 kB
MemFree:          664612 kB
MemAvailable:    1505824 kB
Buffers:           62584 kB
Cached:           877620 kB
MemTotal:        1844596 kB
MemFree:          664692 kB
MemAvailable:    1505904 kB
Buffers:           62584 kB
Cached:           877620 kB
MemTotal:        1844596 kB
MemFree:          664416 kB
MemAvailable:    1505628 kB
Buffers:           62584 kB
Cached:           877620 kB
MemTotal:        1844596 kB
MemFree:          663044 kB
MemAvailable:    1504256 kB
Buffers:           62584 kB
Cached:           877620 kB
MemTotal:        1844596 kB
MemFree:          663000 kB
MemAvailable:    1504212 kB
Buffers:           62584 kB
Cached:           877620 kB
MemTotal:        1844596 kB
MemFree:          660768 kB
MemAvailable:    1501980 kB
Buffers:           62584 kB
Cached:           877620 kB
MemTotal:        1844596 kB
MemFree:          658908 kB
MemAvailable:    1500120 kB
Buffers:           62584 kB
Cached:           877620 kB
MemTotal:        1844596 kB
MemFree:          657472 kB
MemAvailable:    1498692 kB
Buffers:           62584 kB
Cached:           877628 kB
MemTotal:        1844596 kB
MemFree:          656900 kB
MemAvailable:    1498120 kB
Buffers:           62584 kB
Cached:           877628 kB
MemTotal:        1844596 kB
MemFree:          656900 kB
MemAvailable:    1498120 kB
Buffers:           62584 kB
Cached:           877628 kB
MemTotal:        1844596 kB
MemFree:          656860 kB
MemAvailable:    1498080 kB
Buffers:           62584 kB
Cached:           877628 kB
MemTotal:        1844596 kB
MemFree:          655364 kB
MemAvailable:    1496584 kB
Buffers:           62584 kB
Cached:           877628 kB
MemTotal:        1844596 kB
MemFree:          655684 kB
MemAvailable:    1496904 kB
Buffers:           62584 kB
Cached:           877628 kB
MemTotal:        1844596 kB
MemFree:          655124 kB
MemAvailable:    1496344 kB
Buffers:           62584 kB
Cached:           877628 kB
MemTotal:        1844596 kB
MemFree:          655256 kB
MemAvailable:    1496476 kB
Buffers:           62584 kB
Cached:           877628 kB
MemTotal:        1844596 kB
MemFree:          655380 kB
MemAvailable:    1496600 kB
Buffers:           62584 kB
Cached:           877628 kB
MemTotal:        1844596 kB
MemFree:          655416 kB
MemAvailable:    1496636 kB
Buffers:           62584 kB
Cached:           877628 kB
MemTotal:        1844596 kB
MemFree:          656700 kB
MemAvailable:    1497920 kB
Buffers:           62584 kB
Cached:           877628 kB
MemTotal:        1844596 kB
MemFree:          655808 kB
MemAvailable:    1497028 kB
Buffers:           62584 kB
Cached:           877628 kB
MemTotal:        1844596 kB
MemFree:          656860 kB
MemAvailable:    1498080 kB
Buffers:           62584 kB
Cached:           877628 kB
MemTotal:        1844596 kB
MemFree:          656800 kB
MemAvailable:    1498020 kB
Buffers:           62584 kB
Cached:           877628 kB
MemTotal:        1844596 kB
MemFree:          656668 kB
MemAvailable:    1497888 kB
Buffers:           62584 kB
Cached:           877628 kB
MemTotal:        1844596 kB
MemFree:          655940 kB
MemAvailable:    1497160 kB
Buffers:           62584 kB
Cached:           877628 kB
MemTotal:        1844596 kB
MemFree:          656348 kB
MemAvailable:    1497568 kB
Buffers:           62584 kB
Cached:           877628 kB
MemTotal:        1844596 kB
MemFree:          656412 kB
MemAvailable:    1497632 kB
Buffers:           62584 kB
Cached:           877628 kB
MemTotal:        1844596 kB
MemFree:          655056 kB
MemAvailable:    1496276 kB
Buffers:           62584 kB
Cached:           877628 kB
MemTotal:        1844596 kB
MemFree:          655312 kB
MemAvailable:    1496532 kB
Buffers:           62584 kB
Cached:           877628 kB
MemTotal:        1844596 kB
MemFree:          655284 kB
MemAvailable:    1496504 kB
Buffers:           62584 kB
Cached:           877628 kB
MemTotal:        1844596 kB
MemFree:          653948 kB
MemAvailable:    1495168 kB
Buffers:           62584 kB
Cached:           877628 kB
MemTotal:        1844596 kB
MemFree:          655000 kB
MemAvailable:    1496220 kB
Buffers:           62584 kB
Cached:           877628 kB
MemTotal:        1844596 kB
MemFree:          652832 kB
MemAvailable:    1494056 kB
Buffers:           62584 kB
Cached:           877632 kB
MemTotal:        1844596 kB
MemFree:          654008 kB
MemAvailable:    1495232 kB
Buffers:           62584 kB
Cached:           877632 kB
MemTotal:        1844596 kB
MemFree:          652080 kB
MemAvailable:    1493304 kB
Buffers:           62584 kB
Cached:           877632 kB
MemTotal:        1844596 kB
MemFree:          652088 kB
MemAvailable:    1493312 kB
Buffers:           62584 kB
Cached:           877632 kB
MemTotal:        1844596 kB
MemFree:          653328 kB
MemAvailable:    1494552 kB
Buffers:           62584 kB
Cached:           877632 kB
MemTotal:        1844596 kB
MemFree:          653016 kB
MemAvailable:    1494240 kB
Buffers:           62584 kB
Cached:           877632 kB
MemTotal:        1844596 kB
MemFree:          651708 kB
MemAvailable:    1492932 kB
Buffers:           62584 kB
Cached:           877632 kB
MemTotal:        1844596 kB
MemFree:          652684 kB
MemAvailable:    1493908 kB
Buffers:           62584 kB
Cached:           877632 kB
MemTotal:        1844596 kB
MemFree:          652768 kB
MemAvailable:    1493992 kB
Buffers:           62584 kB
Cached:           877632 kB
MemTotal:        1844596 kB
MemFree:          652564 kB
MemAvailable:    1493788 kB
Buffers:           62584 kB
Cached:           877632 kB
MemTotal:        1844596 kB
MemFree:          652820 kB
MemAvailable:    1494044 kB
Buffers:           62584 kB
Cached:           877632 kB
MemTotal:        1844596 kB
MemFree:          652576 kB
MemAvailable:    1493800 kB
Buffers:           62584 kB
Cached:           877632 kB
MemTotal:        1844596 kB
MemFree:          652328 kB
MemAvailable:    1493552 kB
Buffers:           62584 kB
Cached:           877632 kB
MemTotal:        1844596 kB
MemFree:          651700 kB
MemAvailable:    1492924 kB
Buffers:           62584 kB
Cached:           877632 kB
MemTotal:        1844596 kB
MemFree:          651220 kB
MemAvailable:    1492444 kB
Buffers:           62584 kB
Cached:           877632 kB
MemTotal:        1844596 kB
MemFree:          651820 kB
MemAvailable:    1493044 kB
Buffers:           62584 kB
Cached:           877632 kB
MemTotal:        1844596 kB
MemFree:          651084 kB
MemAvailable:    1492308 kB
Buffers:           62584 kB
Cached:           877632 kB
MemTotal:        1844596 kB
MemFree:          647376 kB
MemAvailable:    1488600 kB
Buffers:           62584 kB
Cached:           877632 kB
MemTotal:        1844596 kB
MemFree:          647312 kB
MemAvailable:    1488536 kB
Buffers:           62584 kB
Cached:           877632 kB
MemTotal:        1844596 kB
MemFree:          646508 kB
MemAvailable:    1487732 kB
Buffers:           62584 kB
Cached:           877632 kB
MemTotal:        1844596 kB
MemFree:          646852 kB
MemAvailable:    1488076 kB
Buffers:           62592 kB
Cached:           877624 kB
MemTotal:        1844596 kB
MemFree:          647188 kB
MemAvailable:    1488412 kB
Buffers:           62592 kB
Cached:           877624 kB
MemTotal:        1844596 kB
MemFree:          646728 kB
MemAvailable:    1487952 kB
Buffers:           62592 kB
Cached:           877624 kB
MemTotal:        1844596 kB
MemFree:          646984 kB
MemAvailable:    1488208 kB
Buffers:           62592 kB
Cached:           877624 kB
MemTotal:        1844596 kB
MemFree:          646464 kB
MemAvailable:    1487688 kB
Buffers:           62592 kB
Cached:           877624 kB
MemTotal:        1844596 kB
MemFree:          645820 kB
MemAvailable:    1487044 kB
Buffers:           62592 kB
Cached:           877624 kB
MemTotal:        1844596 kB
MemFree:          646612 kB
MemAvailable:    1487836 kB
Buffers:           62592 kB
Cached:           877624 kB
MemTotal:        1844596 kB
MemFree:          645888 kB
MemAvailable:    1487112 kB
Buffers:           62592 kB
Cached:           877624 kB
MemTotal:        1844596 kB
MemFree:          644632 kB
MemAvailable:    1485856 kB
Buffers:           62592 kB
Cached:           877624 kB
MemTotal:        1844596 kB
MemFree:          644532 kB
MemAvailable:    1485756 kB
Buffers:           62592 kB
Cached:           877624 kB
MemTotal:        1844596 kB
MemFree:          643640 kB
MemAvailable:    1484864 kB
Buffers:           62592 kB
Cached:           877624 kB
MemTotal:        1844596 kB
MemFree:          643036 kB
MemAvailable:    1484260 kB
Buffers:           62592 kB
Cached:           877624 kB
MemTotal:        1844596 kB
MemFree:          642228 kB
MemAvailable:    1483452 kB
Buffers:           62592 kB
Cached:           877624 kB
MemTotal:        1844596 kB
MemFree:          643536 kB
MemAvailable:    1484760 kB
Buffers:           62592 kB
Cached:           877624 kB
MemTotal:        1844596 kB
MemFree:          642104 kB
MemAvailable:    1483328 kB
Buffers:           62592 kB
Cached:           877624 kB
MemTotal:        1844596 kB
MemFree:          642476 kB
MemAvailable:    1483700 kB
Buffers:           62592 kB
Cached:           877624 kB
MemTotal:        1844596 kB
MemFree:          644236 kB
MemAvailable:    1485460 kB
Buffers:           62592 kB
Cached:           877624 kB
MemTotal:        1844596 kB
MemFree:          644484 kB
MemAvailable:    1485708 kB
Buffers:           62592 kB
Cached:           877748 kB
MemTotal:        1844596 kB
MemFree:          645536 kB
MemAvailable:    1486928 kB
Buffers:           62592 kB
Cached:           877872 kB
MemTotal:        1844596 kB
MemFree:          644228 kB
MemAvailable:    1485704 kB
Buffers:           62592 kB
Cached:           877996 kB
MemTotal:        1844596 kB
MemFree:          645328 kB
MemAvailable:    1486972 kB
Buffers:           62592 kB
Cached:           878120 kB
MemTotal:        1844596 kB
MemFree:          644872 kB
MemAvailable:    1486684 kB
Buffers:           62592 kB
Cached:           878244 kB
MemTotal:        1844596 kB
MemFree:          644840 kB
MemAvailable:    1486528 kB
Buffers:           62592 kB
Cached:           878244 kB
MemTotal:        1844596 kB
MemFree:          645136 kB
MemAvailable:    1486948 kB
Buffers:           62592 kB
Cached:           878244 kB
MemTotal:        1844596 kB
MemFree:          644928 kB
MemAvailable:    1486740 kB
Buffers:           62592 kB
Cached:           878244 kB
MemTotal:        1844596 kB
MemFree:          644756 kB
MemAvailable:    1486568 kB
Buffers:           62592 kB
Cached:           878244 kB
MemTotal:        1844596 kB
MemFree:          644600 kB
MemAvailable:    1486412 kB
Buffers:           62592 kB
Cached:           878244 kB
MemTotal:        1844596 kB
MemFree:          644936 kB
MemAvailable:    1486748 kB
Buffers:           62592 kB
Cached:           878244 kB
MemTotal:        1844596 kB
MemFree:          643612 kB
MemAvailable:    1485424 kB
Buffers:           62592 kB
Cached:           878244 kB
MemTotal:        1844596 kB
MemFree:          644028 kB
MemAvailable:    1485840 kB
Buffers:           62592 kB
Cached:           878244 kB
MemTotal:        1844596 kB
MemFree:          644628 kB
MemAvailable:    1486524 kB
Buffers:           62592 kB
Cached:           878368 kB
MemTotal:        1844596 kB
MemFree:          644884 kB
MemAvailable:    1486780 kB
Buffers:           62592 kB
Cached:           878368 kB
MemTotal:        1844596 kB
MemFree:          713348 kB
MemAvailable:    1554572 kB
Buffers:           62592 kB
Cached:           877612 kB
MemTotal:        1844596 kB
MemFree:          713120 kB
MemAvailable:    1554344 kB
Buffers:           62592 kB
Cached:           877612 kB
