MemTotal:        1844596 kB
MemFree:          612096 kB
MemAvailable:    1522876 kB
Buffers:           68928 kB
Cached:           933572 kB
MemTotal:        1844596 kB
MemFree:          609732 kB
MemAvailable:    1520512 kB
Buffers:           68928 kB
Cached:           933572 kB
MemTotal:        1844596 kB
MemFree:          608376 kB
MemAvailable:    1519156 kB
Buffers:           68928 kB
Cached:           933572 kB
MemTotal:        1844596 kB
MemFree:          607748 kB
MemAvailable:    1518528 kB
Buffers:           68928 kB
Cached:           933572 kB
MemTotal:        1844596 kB
MemFree:          607832 kB
MemAvailable:    1518612 kB
Buffers:           68928 kB
Cached:           933572 kB
MemTotal:        1844596 kB
MemFree:          605632 kB
MemAvailable:    1516412 kB
Buffers:           68928 kB
Cached:           933572 kB
MemTotal:        1844596 kB
MemFree:          605596 kB
MemAvailable:    1516376 kB
Buffers:           68928 kB
Cached:           933572 kB
MemTotal:        1844596 kB
MemFree:          600920 kB
MemAvailable:    1511700 kB
Buffers:           68928 kB
Cached:           933572 kB
MemTotal:        1844596 kB
MemFree:          601004 kB
MemAvailable:    1511784 kB
Buffers:           68928 kB
Cached:           933572 kB
MemTotal:        1844596 kB
MemFree:          596780 kB
MemAvailable:    1507560 kB
Buffers:           68928 kB
Cached:           933572 kB
MemTotal:        1844596 kB
MemFree:          597772 kB
MemAvailable:    1508552 kB
Buffers:           68928 kB
Cached:           933572 kB
MemTotal:        1844596 kB
MemFree:          597092 kB
MemAvailable:    1507872 kB
Buffers:           68928 kB
Cached:           933572 kB
MemTotal:        1844596 kB
MemFree:          597768 kB
MemAvailable:    1508548 kB
Buffers:           68928 kB
Cached:           933572 kB
MemTotal:        1844596 kB
MemFree:          597768 kB
MemAvailable:    1508548 kB
Buffers:           68928 kB
Cached:           933572 kB
MemTotal:        1844596 kB
MemFree:          597820 kB
MemAvailable:    1508600 kB
Buffers:           68928 kB
Cached:           933572 kB
MemTotal:        1844596 kB
MemFree:          597820 kB
MemAvailable:    1508600 kB
Buffers:           68928 kB
Cached:           933572 kB
MemTotal:        1844596 kB
MemFree:          596580 kB
MemAvailable:    1507360 kB
Buffers:           68928 kB
Cached:           933572 kB
MemTotal:        1844596 kB
MemFree:          596916 kB
MemAvailable:    1507696 kB
Buffers:           68928 kB
Cached:           933572 kB
MemTotal:        1844596 kB
MemFree:          595340 kB
MemAvailable:    1506120 kB
Buffers:           68928 kB
Cached:           933572 kB
MemTotal:        1844596 kB
MemFree:          595340 kB
MemAvailable:    1506120 kB
Buffers:           68928 kB
Cached:           933572 kB
MemTotal:        1844596 kB
MemFree:          595036 kB
MemAvailable:    1505816 kB
Buffers:           68928 kB
Cached:           933572 kB
MemTotal:        1844596 kB
MemFree:          595372 kB
MemAvailable:    1506152 kB
Buffers:           68928 kB
Cached:           933572 kB
MemTotal:        1844596 kB
MemFree:          595296 kB
MemAvailable:    1506076 kB
Buffers:           68928 kB
Cached:           933572 kB
MemTotal:        1844596 kB
MemFree:          593924 kB
MemAvailable:    1504704 kB
Buffers:           68928 kB
Cached:           933572 kB
MemTotal:        1844596 kB
MemFree:          594172 kB
MemAvailable:    1504952 kB
Buffers:           68928 kB
Cached:           933572 kB
MemTotal:        1844596 kB
MemFree:          594068 kB
MemAvailable:    1504848 kB
Buffers:           68928 kB
Cached:           933572 kB
MemTotal:        1844596 kB
MemFree:          595432 kB
MemAvailable:    1506212 kB
Buffers:           68928 kB
Cached:           933572 kB
MemTotal:        1844596 kB
MemFree:          596680 kB
MemAvailable:    1507460 kB
Buffers:           68928 kB
Cached:           933572 kB
MemTotal:        1844596 kB
MemFree:          595308 kB
MemAvailable:    1506088 kB
Buffers:           68928 kB
Cached:           933572 kB
MemTotal:        1844596 kB
MemFree:          593496 kB
MemAvailable:    1504276 kB
Buffers:           68928 kB
Cached:           933572 kB
MemTotal:        1844596 kB
MemFree:          592992 kB
MemAvailable:    1503772 kB
Buffers:           68928 kB
Cached:           933572 kB
MemTotal:        1844596 kB
MemFree:          592992 kB
MemAvailable:    1503772 kB
Buffers:           68928 kB
Cached:           933572 kB
MemTotal:        1844596 kB
MemFree:          592248 kB
MemAvailable:    1503028 kB
Buffers:           68928 kB
Cached:           933572 kB
MemTotal:        1844596 kB
MemFree:          591644 kB
MemAvailable:    1502424 kB
Buffers:           68928 kB
Cached:           933572 kB
MemTotal:        1844596 kB
MemFree:          591504 kB
MemAvailable:    1502284 kB
Buffers:           68928 kB
Cached:           933572 kB
MemTotal:        1844596 kB
MemFree:          591504 kB
MemAvailable:    1502284 kB
Buffers:           68928 kB
Cached:           933572 kB
MemTotal:        1844596 kB
MemFree:          591132 kB
MemAvailable:    1501912 kB
Buffers:           68928 kB
Cached:           933572 kB
MemTotal:        1844596 kB
MemFree:          591152 kB
MemAvailable:    1501932 kB
Buffers:           68928 kB
Cached:           933572 kB
MemTotal:        1844596 kB
MemFree:          591072 kB
MemAvailable:    1501852 kB
Buffers:           68928 kB
Cached:           933572 kB
MemTotal:        1844596 kB
MemFree:          591324 kB
MemAvailable:    1502104 kB
Buffers:           68928 kB
Cached:           933572 kB
MemTotal:        1844596 kB
MemFree:          590944 kB
MemAvailable:    1501724 kB
Buffers:           68928 kB
Cached:           933572 kB
MemTotal:        1844596 kB
MemFree:          591280 kB
MemAvailable:    1502060 kB
Buffers:           68928 kB
Cached:           933572 kB
MemTotal:        1844596 kB
MemFree:          591012 kB
MemAvailable:    1501792 kB
Buffers:           68928 kB
Cached:           933572 kB
MemTotal:        1844596 kB
MemFree:          590124 kB
MemAvailable:    1500904 kB
Buffers:           68928 kB
Cached:           933572 kB
MemTotal:        1844596 kB
MemFree:          590376 kB
MemAvailable:    1501156 kB
Buffers:           68928 kB
Cached:           933572 kB
MemTotal:        1844596 kB
MemFree:          588856 kB
MemAvailable:    1499636 kB
Buffers:           68928 kB
Cached:           933572 kB
MemTotal:        1844596 kB
MemFree:          588972 kB
MemAvailable:    1499752 kB
Buffers:           68928 kB
Cached:           933572 kB
MemTotal:        1844596 kB
MemFree:          588980 kB
MemAvailable:    1499760 kB
Buffers:           68928 kB
Cached:           933572 kB
MemTotal:        1844596 kB
MemFree:          590192 kB
MemAvailable:    1500972 kB
Buffers:           68928 kB
Cached:           933572 kB
MemTotal:        1844596 kB
MemFree:          590112 kB
MemAvailable:    1500892 kB
Buffers:           68928 kB
Cached:           933572 kB
MemTotal:        1844596 kB
MemFree:          590148 kB
MemAvailable:    1500928 kB
Buffers:           68928 kB
Cached:           933572 kB
MemTotal:        1844596 kB
MemFree:          588720 kB
MemAvailable:    1499500 kB
Buffers:           68928 kB
Cached:           933572 kB
MemTotal:        1844596 kB
MemFree:          590028 kB
MemAvailable:    1500808 kB
Buffers:           68928 kB
Cached:           933572 kB
MemTotal:        1844596 kB
MemFree:          588852 kB
MemAvailable:    1499632 kB
Buffers:           68928 kB
Cached:           933572 kB
MemTotal:        1844596 kB
MemFree:          588844 kB
MemAvailable:    1499624 kB
Buffers:           68928 kB
Cached:           933572 kB
MemTotal:        1844596 kB
MemFree:          589828 kB
MemAvailable:    1500608 kB
Buffers:           68928 kB
Cached:           933572 kB
MemTotal:        1844596 kB
MemFree:          589828 kB
MemAvailable:    1500608 kB
Buffers:           68928 kB
Cached:           933572 kB
MemTotal:        1844596 kB
MemFree:          588272 kB
MemAvailable:    1499052 kB
Buffers:           68928 kB
Cached:           933572 kB
MemTotal:        1844596 kB
MemFree:          589704 kB
MemAvailable:    1500484 kB
Buffers:           68928 kB
Cached:           933572 kB
MemTotal:        1844596 kB
MemFree:          588032 kB
MemAvailable:    1498820 kB
Buffers:           68928 kB
Cached:           933580 kB
MemTotal:        1844596 kB
MemFree:          589332 kB
MemAvailable:    1500120 kB
Buffers:           68928 kB
Cached:           933580 kB
MemTotal:        1844596 kB
MemFree:          588288 kB
MemAvailable:    1499076 kB
Buffers:           68928 kB
Cached:           933580 kB
MemTotal:        1844596 kB
MemFree:          589004 kB
MemAvailable:    1499792 kB
Buffers:           68928 kB
Cached:           933580 kB
MemTotal:        1844596 kB
MemFree:          588360 kB
MemAvailable:    1499148 kB
Buffers:           68928 kB
Cached:           933580 kB
MemTotal:        1844596 kB
MemFree:          587888 kB
MemAvailable:    1498676 kB
Buffers:           68928 kB
Cached:           933580 kB
MemTotal:        1844596 kB
MemFree:          589236 kB
MemAvailable:    1500024 kB
Buffers:           68928 kB
Cached:           933580 kB
MemTotal:        1844596 kB
MemFree:          589060 kB
MemAvailable:    1499848 kB
Buffers:           68928 kB
Cached:           933580 kB
MemTotal:        1844596 kB
MemFree:          589232 kB
MemAvailable:    1500020 kB
Buffers:           68928 kB
Cached:           933580 kB
MemTotal:        1844596 kB
MemFree:          588040 kB
MemAvailable:    1498828 kB
Buffers:           68928 kB
Cached:           933580 kB
MemTotal:        1844596 kB
MemFree:          586612 kB
MemAvailable:    1497400 kB
Buffers:           68928 kB
Cached:           933580 kB
MemTotal:        1844596 kB
MemFree:          583576 kB
MemAvailable:    1494364 kB
Buffers:           68928 kB
Cached:           933580 kB
MemTotal:        1844596 kB
MemFree:          580724 kB
MemAvailable:    1491512 kB
Buffers:           68928 kB
Cached:           933580 kB
MemTotal:        1844596 kB
MemFree:          581576 kB
MemAvailable:    1492364 kB
Buffers:           68928 kB
Cached:           933580 kB
MemTotal:        1844596 kB
MemFree:          581352 kB
MemAvailable:    1492140 kB
Buffers:           68928 kB
Cached:           933580 kB
MemTotal:        1844596 kB
MemFree:          580088 kB
MemAvailable:    1490876 kB
Buffers:           68928 kB
Cached:           933580 kB
MemTotal:        1844596 kB
MemFree:          581520 kB
MemAvailable:    1492308 kB
Buffers:           68928 kB
Cached:           933580 kB
MemTotal:        1844596 kB
MemFree:          580228 kB
MemAvailable:    1491016 kB
Buffers:           68928 kB
Cached:           933580 kB
MemTotal:        1844596 kB
MemFree:          581080 kB
MemAvailable:    1491868 kB
Buffers:           68928 kB
Cached:           933580 kB
MemTotal:        1844596 kB
MemFree:          581080 kB
MemAvailable:    1491868 kB
Buffers:           68928 kB
Cached:           933580 kB
MemTotal:        1844596 kB
MemFree:          581260 kB
MemAvailable:    1492048 kB
Buffers:           68928 kB
Cached:           933580 kB
MemTotal:        1844596 kB
MemFree:          581220 kB
MemAvailable:    1492008 kB
Buffers:           68928 kB
Cached:           933580 kB
MemTotal:        1844596 kB
MemFree:          580476 kB
MemAvailable:    1491264 kB
Buffers:           68928 kB
Cached:           933580 kB
MemTotal:        1844596 kB
MemFree:          581080 kB
MemAvailable:    1491868 kB
Buffers:           68928 kB
Cached:           933580 kB
MemTotal:        1844596 kB
MemFree:          581080 kB
MemAvailable:    1491868 kB
Buffers:           68928 kB
Cached:           933580 kB
MemTotal:        1844596 kB
MemFree:          581260 kB
MemAvailable:    1492048 kB
Buffers:           68928 kB
Cached:           933580 kB
MemTotal:        1844596 kB
MemFree:          581388 kB
MemAvailable:    1492176 kB
Buffers:           68928 kB
Cached:           933580 kB
MemTotal:        1844596 kB
MemFree:          581276 kB
MemAvailable:    1492064 kB
Buffers:           68928 kB
Cached:           933580 kB
MemTotal:        1844596 kB
MemFree:          580776 kB
MemAvailable:    1491564 kB
Buffers:           68928 kB
Cached:           933580 kB
MemTotal:        1844596 kB
MemFree:          579484 kB
MemAvailable:    1490272 kB
Buffers:           68928 kB
Cached:           933580 kB
MemTotal:        1844596 kB
MemFree:          579848 kB
MemAvailable:    1490636 kB
Buffers:           68928 kB
Cached:           933580 kB
MemTotal:        1844596 kB
MemFree:          579848 kB
MemAvailable:    1490636 kB
Buffers:           68928 kB
Cached:           933580 kB
MemTotal:        1844596 kB
MemFree:          578228 kB
MemAvailable:    1489016 kB
Buffers:           68928 kB
Cached:           933580 kB
MemTotal:        1844596 kB
MemFree:          578344 kB
MemAvailable:    1489132 kB
Buffers:           68928 kB
Cached:           933580 kB
MemTotal:        1844596 kB
MemFree:          578428 kB
MemAvailable:    1489216 kB
Buffers:           68928 kB
Cached:           933580 kB
MemTotal:        1844596 kB
MemFree:          577368 kB
MemAvailable:    1488156 kB
Buffers:           68928 kB
Cached:           933580 kB
MemTotal:        1844596 kB
MemFree:          576632 kB
MemAvailable:    1487420 kB
Buffers:           68928 kB
Cached:           933580 kB
MemTotal:        1844596 kB
MemFree:          577784 kB
MemAvailable:    1488572 kB
Buffers:           68928 kB
Cached:           933580 kB
MemTotal:        1844596 kB
MemFree:          576632 kB
MemAvailable:    1487420 kB
Buffers:           68928 kB
Cached:           933580 kB
MemTotal:        1844596 kB
MemFree:          577492 kB
MemAvailable:    1488288 kB
Buffers:           68928 kB
Cached:           933588 kB
MemTotal:        1844596 kB
MemFree:          577748 kB
MemAvailable:    1488544 kB
Buffers:           68928 kB
Cached:           933588 kB
MemTotal:        1844596 kB
MemFree:          577228 kB
MemAvailable:    1488024 kB
Buffers:           68928 kB
Cached:           933588 kB
MemTotal:        1844596 kB
MemFree:          577480 kB
MemAvailable:    1488276 kB
Buffers:           68928 kB
Cached:           933588 kB
MemTotal:        1844596 kB
MemFree:          576116 kB
MemAvailable:    1486912 kB
Buffers:           68928 kB
Cached:           933588 kB
MemTotal:        1844596 kB
MemFree:          577448 kB
MemAvailable:    1488244 kB
Buffers:           68928 kB
Cached:           933588 kB
MemTotal:        1844596 kB
MemFree:          576640 kB
MemAvailable:    1487436 kB
Buffers:           68928 kB
Cached:           933588 kB
MemTotal:        1844596 kB
MemFree:          577492 kB
MemAvailable:    1488288 kB
Buffers:           68928 kB
Cached:           933588 kB
MemTotal:        1844596 kB
MemFree:          577576 kB
MemAvailable:    1488372 kB
Buffers:           68928 kB
Cached:           933588 kB
MemTotal:        1844596 kB
MemFree:          576128 kB
MemAvailable:    1486924 kB
Buffers:           68928 kB
Cached:           933588 kB
MemTotal:        1844596 kB
MemFree:          575888 kB
MemAvailable:    1486684 kB
Buffers:           68928 kB
Cached:           933588 kB
MemTotal:        1844596 kB
MemFree:          571300 kB
MemAvailable:    1482096 kB
Buffers:           68928 kB
Cached:           933588 kB
MemTotal:        1844596 kB
MemFree:          571184 kB
MemAvailable:    1481980 kB
Buffers:           68928 kB
Cached:           933588 kB
MemTotal:        1844596 kB
MemFree:          571608 kB
MemAvailable:    1482404 kB
Buffers:           68928 kB
Cached:           933588 kB
MemTotal:        1844596 kB
MemFree:          571692 kB
MemAvailable:    1482488 kB
Buffers:           68928 kB
Cached:           933588 kB
MemTotal:        1844596 kB
MemFree:          570400 kB
MemAvailable:    1481196 kB
Buffers:           68928 kB
Cached:           933588 kB
MemTotal:        1844596 kB
MemFree:          571060 kB
MemAvailable:    1481856 kB
Buffers:           68928 kB
Cached:           933588 kB
MemTotal:        1844596 kB
MemFree:          571548 kB
MemAvailable:    1482344 kB
Buffers:           68928 kB
Cached:           933588 kB
MemTotal:        1844596 kB
MemFree:          571408 kB
MemAvailable:    1482204 kB
Buffers:           68928 kB
Cached:           933588 kB
MemTotal:        1844596 kB
MemFree:          571408 kB
MemAvailable:    1482204 kB
Buffers:           68928 kB
Cached:           933588 kB
MemTotal:        1844596 kB
MemFree:          570120 kB
MemAvailable:    1480916 kB
Buffers:           68928 kB
Cached:           933588 kB
MemTotal:        1844596 kB
MemFree:          570024 kB
MemAvailable:    1480820 kB
Buffers:           68928 kB
Cached:           933588 kB
MemTotal:        1844596 kB
MemFree:          570040 kB
MemAvailable:    1480836 kB
Buffers:           68928 kB
Cached:           933588 kB
MemTotal:        1844596 kB
MemFree:          569908 kB
MemAvailable:    1480704 kB
Buffers:           68928 kB
Cached:           933588 kB
MemTotal:        1844596 kB
MemFree:          570156 kB
MemAvailable:    1480952 kB
Buffers:           68928 kB
Cached:           933588 kB
MemTotal:        1844596 kB
MemFree:          570288 kB
MemAvailable:    1481084 kB
Buffers:           68928 kB
Cached:           933588 kB
MemTotal:        1844596 kB
MemFree:          568192 kB
MemAvailable:    1478988 kB
Buffers:           68928 kB
Cached:           933588 kB
MemTotal:        1844596 kB
MemFree:          568208 kB
MemAvailable:    1479004 kB
Buffers:           68928 kB
Cached:           933588 kB
MemTotal:        1844596 kB
MemFree:          568152 kB
MemAvailable:    1478948 kB
Buffers:           68928 kB
Cached:           933588 kB
MemTotal:        1844596 kB
MemFree:          567072 kB
MemAvailable:    1477868 kB
Buffers:           68928 kB
Cached:           933588 kB
MemTotal:        1844596 kB
MemFree:          568132 kB
MemAvailable:    1478928 kB
Buffers:           68928 kB
Cached:           933588 kB
MemTotal:        1844596 kB
MemFree:          568132 kB
MemAvailable:    1478928 kB
Buffers:           68928 kB
Cached:           933588 kB
MemTotal:        1844596 kB
MemFree:          569920 kB
MemAvailable:    1480716 kB
Buffers:           68928 kB
Cached:           933588 kB
MemTotal:        1844596 kB
MemFree:          569360 kB
MemAvailable:    1480156 kB
Buffers:           68928 kB
Cached:           933588 kB
MemTotal:        1844596 kB
MemFree:          570052 kB
MemAvailable:    1480932 kB
Buffers:           68928 kB
Cached:           933712 kB
MemTotal:        1844596 kB
MemFree:          569192 kB
MemAvailable:    1480156 kB
Buffers:           68928 kB
Cached:           933712 kB
MemTotal:        1844596 kB
MemFree:          569748 kB
MemAvailable:    1480912 kB
Buffers:           68928 kB
Cached:           934032 kB
MemTotal:        1844596 kB
MemFree:          570004 kB
MemAvailable:    1481168 kB
Buffers:           68928 kB
Cached:           934032 kB
MemTotal:        1844596 kB
MemFree:          568624 kB
MemAvailable:    1479872 kB
Buffers:           68928 kB
Cached:           934156 kB
MemTotal:        1844596 kB
MemFree:          569548 kB
MemAvailable:    1480976 kB
Buffers:           68928 kB
Cached:           934216 kB
MemTotal:        1844596 kB
MemFree:          569632 kB
MemAvailable:    1481060 kB
Buffers:           68928 kB
Cached:           934216 kB
MemTotal:        1844596 kB
MemFree:          569412 kB
MemAvailable:    1480840 kB
Buffers:           68928 kB
Cached:           934216 kB
MemTotal:        1844596 kB
MemFree:          569664 kB
MemAvailable:    1481092 kB
Buffers:           68928 kB
Cached:           934216 kB
MemTotal:        1844596 kB
MemFree:          569420 kB
MemAvailable:    1480848 kB
Buffers:           68928 kB
Cached:           934216 kB
MemTotal:        1844596 kB
MemFree:          569676 kB
MemAvailable:    1481104 kB
Buffers:           68928 kB
Cached:           934216 kB
MemTotal:        1844596 kB
MemFree:          568256 kB
MemAvailable:    1479684 kB
Buffers:           68928 kB
Cached:           934216 kB
MemTotal:        1844596 kB
MemFree:          569248 kB
MemAvailable:    1480676 kB
Buffers:           68928 kB
Cached:           934216 kB
MemTotal:        1844596 kB
MemFree:          568132 kB
MemAvailable:    1479644 kB
Buffers:           68928 kB
Cached:           934340 kB
MemTotal:        1844596 kB
MemFree:          569432 kB
MemAvailable:    1480272 kB
Buffers:           68928 kB
Cached:           933584 kB
MemTotal:        1844596 kB
MemFree:          638520 kB
MemAvailable:    1549360 kB
Buffers:           68928 kB
Cached:           933584 kB
