MemTotal:        1844596 kB
MemFree:          926912 kB
MemAvailable:    1554520 kB
Buffers:           38724 kB
Cached:           697216 kB
MemTotal:        1844596 kB
MemFree:          924804 kB
MemAvailable:    1552412 kB
Buffers:           38724 kB
Cached:           697216 kB
MemTotal:        1844596 kB
MemFree:          924696 kB
MemAvailable:    1552180 kB
Buffers:           38724 kB
Cached:           697216 kB
MemTotal:        1844596 kB
MemFree:          923076 kB
MemAvailable:    1550684 kB
Buffers:           38724 kB
Cached:           697216 kB
MemTotal:        1844596 kB
MemFree:          923172 kB
MemAvailable:    1550780 kB
Buffers:           38724 kB
Cached:           697216 kB
MemTotal:        1844596 kB
MemFree:          921836 kB
MemAvailable:    1549444 kB
Buffers:           38724 kB
Cached:           697216 kB
MemTotal:        1844596 kB
MemFree:          921676 kB
MemAvailable:    1549284 kB
Buffers:           38724 kB
Cached:           697216 kB
MemTotal:        1844596 kB
MemFree:          918488 kB
MemAvailable:    1546096 kB
Buffers:           38724 kB
Cached:           697216 kB
MemTotal:        1844596 kB
MemFree:          915140 kB
MemAvailable:    1542748 kB
Buffers:           38724 kB
Cached:           697216 kB
MemTotal:        1844596 kB
MemFree:          911976 kB
MemAvailable:    1539584 kB
Buffers:           38724 kB
Cached:           697216 kB
MemTotal:        1844596 kB
MemFree:          909560 kB
MemAvailable:    1537168 kB
Buffers:           38724 kB
Cached:           697216 kB
MemTotal:        1844596 kB
MemFree:          910396 kB
MemAvailable:    1538004 kB
Buffers:           38724 kB
Cached:           697216 kB
MemTotal:        1844596 kB
MemFree:          911572 kB
MemAvailable:    1539180 kB
Buffers:           38724 kB
Cached:           697216 kB
MemTotal:        1844596 kB
MemFree:          911744 kB
MemAvailable:    1539352 kB
Buffers:           38724 kB
Cached:           697216 kB
MemTotal:        1844596 kB
MemFree:          910380 kB
MemAvailable:    1537988 kB
Buffers:           38724 kB
Cached:           697216 kB
MemTotal:        1844596 kB
MemFree:          910380 kB
MemAvailable:    1537988 kB
Buffers:           38724 kB
Cached:           697216 kB
MemTotal:        1844596 kB
MemFree:          910792 kB
MemAvailable:    1538400 kB
Buffers:           38724 kB
Cached:           697216 kB
MemTotal:        1844596 kB
MemFree:          910792 kB
MemAvailable:    1538400 kB
Buffers:           38724 kB
Cached:           697216 kB
MemTotal:        1844596 kB
MemFree:          908560 kB
MemAvailable:    1536168 kB
Buffers:           38724 kB
Cached:           697216 kB
MemTotal:        1844596 kB
MemFree:          909552 kB
MemAvailable:    1537160 kB
Buffers:           38724 kB
Cached:           697216 kB
MemTotal:        1844596 kB
MemFree:          909164 kB
MemAvailable:    1536772 kB
Buffers:           38724 kB
Cached:           697216 kB
MemTotal:        1844596 kB
MemFree:          909248 kB
MemAvailable:    1536856 kB
Buffers:           38724 kB
Cached:           697216 kB
MemTotal:        1844596 kB
MemFree:          907928 kB
MemAvailable:    1535536 kB
Buffers:           38724 kB
Cached:           697216 kB
MemTotal:        1844596 kB
MemFree:          909240 kB
MemAvailable:    1536848 kB
Buffers:           38724 kB
Cached:           697216 kB
MemTotal:        1844596 kB
MemFree:          907940 kB
MemAvailable:    1535548 kB
Buffers:           38724 kB
Cached:           697216 kB
MemTotal:        1844596 kB
MemFree:          909200 kB
MemAvailable:    1536808 kB
Buffers:           38724 kB
Cached:           697216 kB
MemTotal:        1844596 kB
MemFree:          908060 kB
MemAvailable:    1535672 kB
Buffers:           38724 kB
Cached:           697220 kB
MemTotal:        1844596 kB
MemFree:          910368 kB
MemAvailable:    1537980 kB
Buffers:           38724 kB
Cached:           697220 kB
MemTotal:        1844596 kB
MemFree:          910620 kB
MemAvailable:    1538232 kB
Buffers:           38724 kB
Cached:           697220 kB
MemTotal:        1844596 kB
MemFree:          910540 kB
MemAvailable:    1538152 kB
Buffers:           38724 kB
Cached:           697220 kB
MemTotal:        1844596 kB
MemFree:          909684 kB
MemAvailable:    1537296 kB
Buffers:           38724 kB
Cached:           697220 kB
MemTotal:        1844596 kB
MemFree:          907940 kB
MemAvailable:    1535552 kB
Buffers:           38724 kB
Cached:           697220 kB
MemTotal:        1844596 kB
MemFree:          907460 kB
MemAvailable:    1535072 kB
Buffers:           38724 kB
Cached:           697220 kB
MemTotal:        1844596 kB
MemFree:          907080 kB
MemAvailable:    1534692 kB
Buffers:           38724 kB
Cached:           697220 kB
MemTotal:        1844596 kB
MemFree:          905592 kB
MemAvailable:    1533204 kB
Buffers:           38724 kB
Cached:           697220 kB
MemTotal:        1844596 kB
MemFree:          904840 kB
MemAvailable:    1532452 kB
Buffers:           38724 kB
Cached:           697220 kB
MemTotal:        1844596 kB
MemFree:          906204 kB
MemAvailable:    1533816 kB
Buffers:           38724 kB
Cached:           697220 kB
MemTotal:        1844596 kB
MemFree:          903980 kB
MemAvailable:    1531592 kB
Buffers:           38724 kB
Cached:           697220 kB
MemTotal:        1844596 kB
MemFree:          905280 kB
MemAvailable:    1532892 kB
Buffers:           38724 kB
Cached:           697220 kB
MemTotal:        1844596 kB
MemFree:          905344 kB
MemAvailable:    1532956 kB
Buffers:           38724 kB
Cached:           697220 kB
MemTotal:        1844596 kB
MemFree:          904908 kB
MemAvailable:    1532520 kB
Buffers:           38724 kB
Cached:           697220 kB
MemTotal:        1844596 kB
MemFree:          904600 kB
MemAvailable:    1532212 kB
Buffers:           38724 kB
Cached:           697220 kB
MemTotal:        1844596 kB
MemFree:          903668 kB
MemAvailable:    1531280 kB
Buffers:           38724 kB
Cached:           697220 kB
MemTotal:        1844596 kB
MemFree:          903668 kB
MemAvailable:    1531280 kB
Buffers:           38724 kB
Cached:           697220 kB
MemTotal:        1844596 kB
MemFree:          904584 kB
MemAvailable:    1532196 kB
Buffers:           38724 kB
Cached:           697220 kB
MemTotal:        1844596 kB
MemFree:          904476 kB
MemAvailable:    1532088 kB
Buffers:           38724 kB
Cached:           697220 kB
MemTotal:        1844596 kB
MemFree:          904356 kB
MemAvailable:    1531968 kB
Buffers:           38724 kB
Cached:           697220 kB
MemTotal:        1844596 kB
MemFree:          903900 kB
MemAvailable:    1531512 kB
Buffers:           38724 kB
Cached:           697220 kB
MemTotal:        1844596 kB
MemFree:          903948 kB
MemAvailable:    1531560 kB
Buffers:           38724 kB
Cached:           697220 kB
MemTotal:        1844596 kB
MemFree:          902716 kB
MemAvailable:    1530328 kB
Buffers:           38724 kB
Cached:           697220 kB
MemTotal:        1844596 kB
MemFree:          902840 kB
MemAvailable:    1530452 kB
Buffers:           38724 kB
Cached:           697220 kB
MemTotal:        1844596 kB
MemFree:          902840 kB
MemAvailable:    1530452 kB
Buffers:           38724 kB
Cached:           697220 kB
MemTotal:        1844596 kB
MemFree:          903204 kB
MemAvailable:    1530816 kB
Buffers:           38724 kB
Cached:           697220 kB
MemTotal:        1844596 kB
MemFree:          904104 kB
MemAvailable:    1531716 kB
Buffers:           38724 kB
Cached:           697220 kB
MemTotal:        1844596 kB
MemFree:          903992 kB
MemAvailable:    1531604 kB
Buffers:           38724 kB
Cached:           697220 kB
MemTotal:        1844596 kB
MemFree:          903912 kB
MemAvailable:    1531524 kB
Buffers:           38724 kB
Cached:           697220 kB
MemTotal:        1844596 kB
MemFree:          904164 kB
MemAvailable:    1531776 kB
Buffers:           38724 kB
Cached:           697220 kB
MemTotal:        1844596 kB
MemFree:          903984 kB
MemAvailable:    1531596 kB
Buffers:           38724 kB
Cached:           697220 kB
MemTotal:        1844596 kB
MemFree:          902800 kB
MemAvailable:    1530412 kB
Buffers:           38724 kB
Cached:           697220 kB
MemTotal:        1844596 kB
MemFree:          903660 kB
MemAvailable:    1531272 kB
Buffers:           38724 kB
Cached:           697220 kB
MemTotal:        1844596 kB
MemFree:          902996 kB
MemAvailable:    1530608 kB
Buffers:           38724 kB
Cached:           697220 kB
MemTotal:        1844596 kB
MemFree:          903228 kB
MemAvailable:    1530840 kB
Buffers:           38724 kB
Cached:           697220 kB
MemTotal:        1844596 kB
MemFree:          903180 kB
MemAvailable:    1530792 kB
Buffers:           38724 kB
Cached:           697220 kB
MemTotal:        1844596 kB
MemFree:          902120 kB
MemAvailable:    1529732 kB
Buffers:           38724 kB
Cached:           697220 kB
MemTotal:        1844596 kB
MemFree:          902920 kB
MemAvailable:    1530532 kB
Buffers:           38724 kB
Cached:           697220 kB
MemTotal:        1844596 kB
MemFree:          903112 kB
MemAvailable:    1530724 kB
Buffers:           38724 kB
Cached:           697220 kB
MemTotal:        1844596 kB
MemFree:          902972 kB
MemAvailable:    1530584 kB
Buffers:           38724 kB
Cached:           697220 kB
MemTotal:        1844596 kB
MemFree:          903224 kB
MemAvailable:    1530836 kB
Buffers:           38724 kB
Cached:           697220 kB
MemTotal:        1844596 kB
MemFree:          902792 kB
MemAvailable:    1530404 kB
Buffers:           38724 kB
Cached:           697220 kB
MemTotal:        1844596 kB
MemFree:          903128 kB
MemAvailable:    1530740 kB
Buffers:           38724 kB
Cached:           697220 kB
MemTotal:        1844596 kB
MemFree:          903052 kB
MemAvailable:    1530664 kB
Buffers:           38724 kB
Cached:           697220 kB
MemTotal:        1844596 kB
MemFree:          901848 kB
MemAvailable:    1529460 kB
Buffers:           38724 kB
Cached:           697220 kB
MemTotal:        1844596 kB
MemFree:          903080 kB
MemAvailable:    1530692 kB
Buffers:           38724 kB
Cached:           697220 kB
MemTotal:        1844596 kB
MemFree:          902884 kB
MemAvailable:    1530496 kB
Buffers:           38724 kB
Cached:           697220 kB
MemTotal:        1844596 kB
MemFree:          900996 kB
MemAvailable:    1528608 kB
Buffers:           38724 kB
Cached:           697220 kB
MemTotal:        1844596 kB
MemFree:          900996 kB
MemAvailable:    1528608 kB
Buffers:           38724 kB
Cached:           697220 kB
MemTotal:        1844596 kB
MemFree:          896772 kB
MemAvailable:    1524384 kB
Buffers:           38724 kB
Cached:           697220 kB
MemTotal:        1844596 kB
MemFree:          896860 kB
MemAvailable:    1524472 kB
Buffers:           38724 kB
Cached:           697220 kB
MemTotal:        1844596 kB
MemFree:          894672 kB
MemAvailable:    1522284 kB
Buffers:           38724 kB
Cached:           697220 kB
MemTotal:        1844596 kB
MemFree:          895360 kB
MemAvailable:    1522972 kB
Buffers:           38724 kB
Cached:           697220 kB
MemTotal:        1844596 kB
MemFree:          895028 kB
MemAvailable:    1522640 kB
Buffers:           38724 kB
Cached:           697220 kB
MemTotal:        1844596 kB
MemFree:          895176 kB
MemAvailable:    1522788 kB
Buffers:           38724 kB
Cached:           697220 kB
MemTotal:        1844596 kB
MemFree:          895116 kB
MemAvailable:    1522728 kB
Buffers:           38724 kB
Cached:           697220 kB
MemTotal:        1844596 kB
MemFree:          895284 kB
MemAvailable:    1522896 kB
Buffers:           38724 kB
Cached:           697220 kB
MemTotal:        1844596 kB
MemFree:          895004 kB
MemAvailable:    1522616 kB
Buffers:           38724 kB
Cached:           697220 kB
MemTotal:        1844596 kB
MemFree:          893756 kB
MemAvailable:    1521368 kB
Buffers:           38724 kB
Cached:           697220 kB
MemTotal:        1844596 kB
MemFree:          894932 kB
MemAvailable:    1522544 kB
Buffers:           38724 kB
Cached:           697220 kB
MemTotal:        1844596 kB
MemFree:          895032 kB
MemAvailable:    1522644 kB
Buffers:           38724 kB
Cached:           697220 kB
MemTotal:        1844596 kB
MemFree:          895284 kB
MemAvailable:    1522896 kB
Buffers:           38724 kB
Cached:           697220 kB
MemTotal:        1844596 kB
MemFree:          895036 kB
MemAvailable:    1522648 kB
Buffers:           38724 kB
Cached:           697220 kB
MemTotal:        1844596 kB
MemFree:          895036 kB
MemAvailable:    1522648 kB
Buffers:           38724 kB
Cached:           697220 kB
MemTotal:        1844596 kB
MemFree:          895104 kB
MemAvailable:    1522716 kB
Buffers:           38724 kB
Cached:           697220 kB
MemTotal:        1844596 kB
MemFree:          894980 kB
MemAvailable:    1522592 kB
Buffers:           38724 kB
Cached:           697220 kB
MemTotal:        1844596 kB
MemFree:          894664 kB
MemAvailable:    1522276 kB
Buffers:           38724 kB
Cached:           697220 kB
MemTotal:        1844596 kB
MemFree:          894748 kB
MemAvailable:    1522360 kB
Buffers:           38724 kB
Cached:           697220 kB
MemTotal:        1844596 kB
MemFree:          894360 kB
MemAvailable:    1521972 kB
Buffers:           38724 kB
Cached:           697220 kB
MemTotal:        1844596 kB
MemFree:          894360 kB
MemAvailable:    1521972 kB
Buffers:           38724 kB
Cached:           697220 kB
MemTotal:        1844596 kB
MemFree:          894128 kB
MemAvailable:    1521740 kB
Buffers:           38724 kB
Cached:           697220 kB
MemTotal:        1844596 kB
MemFree:          893688 kB
MemAvailable:    1521300 kB
Buffers:           38724 kB
Cached:           697220 kB
MemTotal:        1844596 kB
MemFree:          893432 kB
MemAvailable:    1521048 kB
Buffers:           38724 kB
Cached:           697224 kB
MemTotal:        1844596 kB
MemFree:          893500 kB
MemAvailable:    1521116 kB
Buffers:           38724 kB
Cached:           697224 kB
MemTotal:        1844596 kB
MemFree:          893296 kB
MemAvailable:    1520912 kB
Buffers:           38724 kB
Cached:           697224 kB
MemTotal:        1844596 kB
MemFree:          890960 kB
MemAvailable:    1518584 kB
Buffers:           38724 kB
Cached:           697232 kB
MemTotal:        1844596 kB
MemFree:          890952 kB
MemAvailable:    1518576 kB
Buffers:           38724 kB
Cached:           697232 kB
MemTotal:        1844596 kB
MemFree:          892192 kB
MemAvailable:    1519816 kB
Buffers:           38724 kB
Cached:           697232 kB
MemTotal:        1844596 kB
MemFree:          892208 kB
MemAvailable:    1519832 kB
Buffers:           38724 kB
Cached:           697232 kB
MemTotal:        1844596 kB
MemFree:          891828 kB
MemAvailable:    1519452 kB
Buffers:           38724 kB
Cached:           697232 kB
MemTotal:        1844596 kB
MemFree:          890332 kB
MemAvailable:    1517956 kB
Buffers:           38724 kB
Cached:           697232 kB
MemTotal:        1844596 kB
MemFree:          890324 kB
MemAvailable:    1517948 kB
Buffers:           38724 kB
Cached:           697232 kB
MemTotal:        1844596 kB
MemFree:          890324 kB
MemAvailable:    1517948 kB
Buffers:           38724 kB
Cached:           697232 kB
MemTotal:        1844596 kB
MemFree:          891392 kB
MemAvailable:    1519016 kB
Buffers:           38724 kB
Cached:           697232 kB
MemTotal:        1844596 kB
MemFree:          891200 kB
MemAvailable:    1518824 kB
Buffers:           38724 kB
Cached:           697232 kB
MemTotal:        1844596 kB
MemFree:          891200 kB
MemAvailable:    1518824 kB
Buffers:           38724 kB
Cached:           697232 kB
MemTotal:        1844596 kB
MemFree:          891240 kB
MemAvailable:    1518864 kB
Buffers:           38724 kB
Cached:           697232 kB
MemTotal:        1844596 kB
MemFree:          890340 kB
MemAvailable:    1517964 kB
Buffers:           38724 kB
Cached:           697232 kB
MemTotal:        1844596 kB
MemFree:          891140 kB
MemAvailable:    1518764 kB
Buffers:           38724 kB
Cached:           697232 kB
MemTotal:        1844596 kB
MemFree:          891208 kB
MemAvailable:    1518832 kB
Buffers:           38724 kB
Cached:           697232 kB
MemTotal:        1844596 kB
MemFree:          889948 kB
MemAvailable:    1517572 kB
Buffers:           38724 kB
Cached:           697232 kB
MemTotal:        1844596 kB
MemFree:          890340 kB
MemAvailable:    1517964 kB
Buffers:           38724 kB
Cached:           697232 kB
MemTotal:        1844596 kB
MemFree:          890820 kB
MemAvailable:    1518444 kB
Buffers:           38724 kB
Cached:           697232 kB
MemTotal:        1844596 kB
MemFree:          891072 kB
MemAvailable:    1518696 kB
Buffers:           38724 kB
Cached:           697232 kB
MemTotal:        1844596 kB
MemFree:          889456 kB
MemAvailable:    1517080 kB
Buffers:           38724 kB
Cached:           697232 kB
MemTotal:        1844596 kB
MemFree:          886556 kB
MemAvailable:    1514180 kB
Buffers:           38724 kB
Cached:           697232 kB
MemTotal:        1844596 kB
MemFree:          885876 kB
MemAvailable:    1513500 kB
Buffers:           38724 kB
Cached:           697232 kB
MemTotal:        1844596 kB
MemFree:          884380 kB
MemAvailable:    1512004 kB
Buffers:           38724 kB
Cached:           697232 kB
MemTotal:        1844596 kB
MemFree:          884628 kB
MemAvailable:    1512252 kB
Buffers:           38724 kB
Cached:           697232 kB
MemTotal:        1844596 kB
MemFree:          885804 kB
MemAvailable:    1513428 kB
Buffers:           38724 kB
Cached:           697232 kB
MemTotal:        1844596 kB
MemFree:          885556 kB
MemAvailable:    1513180 kB
Buffers:           38724 kB
Cached:           697232 kB
MemTotal:        1844596 kB
MemFree:          885688 kB
MemAvailable:    1513312 kB
Buffers:           38724 kB
Cached:           697232 kB
MemTotal:        1844596 kB
MemFree:          885440 kB
MemAvailable:    1513064 kB
Buffers:           38724 kB
Cached:           697232 kB
MemTotal:        1844596 kB
MemFree:          884264 kB
MemAvailable:    1511888 kB
Buffers:           38724 kB
Cached:           697232 kB
MemTotal:        1844596 kB
MemFree:          885564 kB
MemAvailable:    1513188 kB
Buffers:           38724 kB
Cached:           697232 kB
MemTotal:        1844596 kB
MemFree:          885628 kB
MemAvailable:    1513252 kB
Buffers:           38724 kB
Cached:           697232 kB
MemTotal:        1844596 kB
MemFree:          884264 kB
MemAvailable:    1511888 kB
Buffers:           38724 kB
Cached:           697232 kB
MemTotal:        1844596 kB
MemFree:          883272 kB
MemAvailable:    1510896 kB
Buffers:           38724 kB
Cached:           697232 kB
MemTotal:        1844596 kB
MemFree:          882776 kB
MemAvailable:    1510400 kB
Buffers:           38724 kB
Cached:           697232 kB
MemTotal:        1844596 kB
MemFree:          882404 kB
MemAvailable:    1510028 kB
Buffers:           38724 kB
Cached:           697232 kB
MemTotal:        1844596 kB
MemFree:          882272 kB
MemAvailable:    1509896 kB
Buffers:           38724 kB
Cached:           697232 kB
MemTotal:        1844596 kB
MemFree:          882148 kB
MemAvailable:    1509772 kB
Buffers:           38724 kB
Cached:           697232 kB
MemTotal:        1844596 kB
MemFree:          882272 kB
MemAvailable:    1509896 kB
Buffers:           38724 kB
Cached:           697232 kB
MemTotal:        1844596 kB
MemFree:          881892 kB
MemAvailable:    1509516 kB
Buffers:           38724 kB
Cached:           697232 kB
MemTotal:        1844596 kB
MemFree:          882228 kB
MemAvailable:    1509852 kB
Buffers:           38724 kB
Cached:           697232 kB
MemTotal:        1844596 kB
MemFree:          882004 kB
MemAvailable:    1509628 kB
Buffers:           38724 kB
Cached:           697232 kB
MemTotal:        1844596 kB
MemFree:          882256 kB
MemAvailable:    1509880 kB
Buffers:           38724 kB
Cached:           697232 kB
MemTotal:        1844596 kB
MemFree:          882696 kB
MemAvailable:    1510320 kB
Buffers:           38724 kB
Cached:           697232 kB
MemTotal:        1844596 kB
MemFree:          883804 kB
MemAvailable:    1511512 kB
Buffers:           38724 kB
Cached:           697356 kB
MemTotal:        1844596 kB
MemFree:          883804 kB
MemAvailable:    1511596 kB
Buffers:           38724 kB
Cached:           697356 kB
MemTotal:        1844596 kB
MemFree:          883820 kB
MemAvailable:    1511696 kB
Buffers:           38724 kB
Cached:           697480 kB
MemTotal:        1844596 kB
MemFree:          883496 kB
MemAvailable:    1511540 kB
Buffers:           38724 kB
Cached:           697728 kB
MemTotal:        1844596 kB
MemFree:          883496 kB
MemAvailable:    1511540 kB
Buffers:           38724 kB
Cached:           697728 kB
MemTotal:        1844596 kB
MemFree:          883236 kB
MemAvailable:    1511448 kB
Buffers:           38724 kB
Cached:           697852 kB
MemTotal:        1844596 kB
MemFree:          883004 kB
MemAvailable:    1511216 kB
Buffers:           38724 kB
Cached:           697852 kB
MemTotal:        1844596 kB
MemFree:          883384 kB
MemAvailable:    1511596 kB
Buffers:           38724 kB
Cached:           697852 kB
MemTotal:        1844596 kB
MemFree:          882120 kB
MemAvailable:    1510416 kB
Buffers:           38724 kB
Cached:           697852 kB
MemTotal:        1844596 kB
MemFree:          882848 kB
MemAvailable:    1511144 kB
Buffers:           38724 kB
Cached:           697852 kB
MemTotal:        1844596 kB
MemFree:          882212 kB
MemAvailable:    1510508 kB
Buffers:           38724 kB
Cached:           697852 kB
MemTotal:        1844596 kB
MemFree:          883388 kB
MemAvailable:    1511684 kB
Buffers:           38724 kB
Cached:           697852 kB
MemTotal:        1844596 kB
MemFree:          882080 kB
MemAvailable:    1510376 kB
Buffers:           38724 kB
Cached:           697852 kB
MemTotal:        1844596 kB
MemFree:          882204 kB
MemAvailable:    1510500 kB
Buffers:           38724 kB
Cached:           697852 kB
MemTotal:        1844596 kB
MemFree:          883320 kB
MemAvailable:    1511616 kB
Buffers:           38724 kB
Cached:           697852 kB
MemTotal:        1844596 kB
MemFree:          882192 kB
MemAvailable:    1509900 kB
Buffers:           38724 kB
Cached:           697220 kB
MemTotal:        1844596 kB
MemFree:          951952 kB
MemAvailable:    1579660 kB
Buffers:           38724 kB
Cached:           697220 kB
