MemTotal:        1844596 kB
MemFree:          823112 kB
MemAvailable:    1540076 kB
Buffers:           49892 kB
Cached:           776248 kB
MemTotal:        1844596 kB
MemFree:          820624 kB
MemAvailable:    1537588 kB
Buffers:           49892 kB
Cached:           776248 kB
MemTotal:        1844596 kB
MemFree:          819516 kB
MemAvailable:    1536480 kB
Buffers:           49892 kB
Cached:           776248 kB
MemTotal:        1844596 kB
MemFree:          816400 kB
MemAvailable:    1533364 kB
Buffers:           49892 kB
Cached:           776248 kB
MemTotal:        1844596 kB
MemFree:          816528 kB
MemAvailable:    1533492 kB
Buffers:           49892 kB
Cached:           776248 kB
MemTotal:        1844596 kB
MemFree:          817976 kB
MemAvailable:    1534940 kB
Buffers:           49892 kB
Cached:           776248 kB
MemTotal:        1844596 kB
MemFree:          815796 kB
MemAvailable:    1532760 kB
Buffers:           49892 kB
Cached:           776248 kB
MemTotal:        1844596 kB
MemFree:          812936 kB
MemAvailable:    1529900 kB
Buffers:           49892 kB
Cached:           776248 kB
MemTotal:        1844596 kB
MemFree:          811392 kB
MemAvailable:    1528356 kB
Buffers:           49892 kB
Cached:           776248 kB
MemTotal:        1844596 kB
MemFree:          808912 kB
MemAvailable:    1525876 kB
Buffers:           49892 kB
Cached:           776248 kB
MemTotal:        1844596 kB
MemFree:          806420 kB
MemAvailable:    1523384 kB
Buffers:           49892 kB
Cached:           776248 kB
MemTotal:        1844596 kB
MemFree:          808436 kB
MemAvailable:    1525400 kB
Buffers:           49892 kB
Cached:           776248 kB
MemTotal:        1844596 kB
MemFree:          808176 kB
MemAvailable:    1525140 kB
Buffers:           49892 kB
Cached:           776248 kB
MemTotal:        1844596 kB
MemFree:          808032 kB
MemAvailable:    1524996 kB
Buffers:           49892 kB
Cached:           776248 kB
MemTotal:        1844596 kB
MemFree:          807860 kB
MemAvailable:    1524824 kB
Buffers:           49892 kB
Cached:           776248 kB
MemTotal:        1844596 kB
MemFree:          807956 kB
MemAvailable:    1524920 kB
Buffers:           49892 kB
Cached:           776248 kB
MemTotal:        1844596 kB
MemFree:          808292 kB
MemAvailable:    1525256 kB
Buffers:           49892 kB
Cached:           776248 kB
MemTotal:        1844596 kB
MemFree:          806716 kB
MemAvailable:    1523680 kB
Buffers:           49892 kB
Cached:           776248 kB
MemTotal:        1844596 kB
MemFree:          807052 kB
MemAvailable:    1524016 kB
Buffers:           49892 kB
Cached:           776248 kB
MemTotal:        1844596 kB
MemFree:          805504 kB
MemAvailable:    1522468 kB
Buffers:           49892 kB
Cached:           776248 kB
MemTotal:        1844596 kB
MemFree:          805868 kB
MemAvailable:    1522832 kB
Buffers:           49892 kB
Cached:           776248 kB
MemTotal:        1844596 kB
MemFree:          805256 kB
MemAvailable:    1522220 kB
Buffers:           49892 kB
Cached:           776248 kB
MemTotal:        1844596 kB
MemFree:          805488 kB
MemAvailable:    1522452 kB
Buffers:           49892 kB
Cached:           776248 kB
MemTotal:        1844596 kB
MemFree:          805480 kB
MemAvailable:    1522444 kB
Buffers:           49892 kB
Cached:           776248 kB
MemTotal:        1844596 kB
MemFree:          805676 kB
MemAvailable:    1522640 kB
Buffers:           49892 kB
Cached:           776248 kB
MemTotal:        1844596 kB
MemFree:          805464 kB
MemAvailable:    1522428 kB
Buffers:           49892 kB
Cached:           776248 kB
MemTotal:        1844596 kB
MemFree:          805716 kB
MemAvailable:    1522680 kB
Buffers:           49892 kB
Cached:           776248 kB
MemTotal:        1844596 kB
MemFree:          805544 kB
MemAvailable:    1522508 kB
Buffers:           49892 kB
Cached:           776248 kB
MemTotal:        1844596 kB
MemFree:          805712 kB
MemAvailable:    1522676 kB
Buffers:           49892 kB
Cached:           776248 kB
MemTotal:        1844596 kB
MemFree:          805688 kB
MemAvailable:    1522652 kB
Buffers:           49892 kB
Cached:           776248 kB
MemTotal:        1844596 kB
MemFree:          806960 kB
MemAvailable:    1523924 kB
Buffers:           49892 kB
Cached:           776248 kB
MemTotal:        1844596 kB
MemFree:          806432 kB
MemAvailable:    1523396 kB
Buffers:           49892 kB
Cached:           776248 kB
MemTotal:        1844596 kB
MemFree:          805008 kB
MemAvailable:    1521972 kB
Buffers:           49892 kB
Cached:           776248 kB
MemTotal:        1844596 kB
MemFree:          804016 kB
MemAvailable:    1520980 kB
Buffers:           49892 kB
Cached:           776248 kB
MemTotal:        1844596 kB
MemFree:          802280 kB
MemAvailable:    1519244 kB
Buffers:           49892 kB
Cached:           776248 kB
MemTotal:        1844596 kB
MemFree:          803024 kB
MemAvailable:    1519988 kB
Buffers:           49892 kB
Cached:           776248 kB
MemTotal:        1844596 kB
MemFree:          802588 kB
MemAvailable:    1519552 kB
Buffers:           49892 kB
Cached:           776248 kB
MemTotal:        1844596 kB
MemFree:          802396 kB
MemAvailable:    1519360 kB
Buffers:           49892 kB
Cached:           776248 kB
MemTotal:        1844596 kB
MemFree:          801520 kB
MemAvailable:    1518484 kB
Buffers:           49892 kB
Cached:           776248 kB
MemTotal:        1844596 kB
MemFree:          801480 kB
MemAvailable:    1518444 kB
Buffers:           49892 kB
Cached:           776248 kB
MemTotal:        1844596 kB
MemFree:          801412 kB
MemAvailable:    1518376 kB
Buffers:           49892 kB
Cached:           776248 kB
MemTotal:        1844596 kB
MemFree:          801540 kB
MemAvailable:    1518504 kB
Buffers:           49892 kB
Cached:           776248 kB
MemTotal:        1844596 kB
MemFree:          801252 kB
MemAvailable:    1518216 kB
Buffers:           49892 kB
Cached:           776248 kB
MemTotal:        1844596 kB
MemFree:          801588 kB
MemAvailable:    1518552 kB
Buffers:           49892 kB
Cached:           776248 kB
MemTotal:        1844596 kB
MemFree:          801344 kB
MemAvailable:    1518308 kB
Buffers:           49892 kB
Cached:           776248 kB
MemTotal:        1844596 kB
MemFree:          801148 kB
MemAvailable:    1518112 kB
Buffers:           49892 kB
Cached:           776248 kB
MemTotal:        1844596 kB
MemFree:          800048 kB
MemAvailable:    1517012 kB
Buffers:           49892 kB
Cached:           776248 kB
MemTotal:        1844596 kB
MemFree:          800860 kB
MemAvailable:    1517824 kB
Buffers:           49892 kB
Cached:           776248 kB
MemTotal:        1844596 kB
MemFree:          799488 kB
MemAvailable:    1516452 kB
Buffers:           49892 kB
Cached:           776248 kB
MemTotal:        1844596 kB
MemFree:          800788 kB
MemAvailable:    1517752 kB
Buffers:           49892 kB
Cached:           776248 kB
MemTotal:        1844596 kB
MemFree:          798968 kB
MemAvailable:    1515932 kB
Buffers:           49892 kB
Cached:           776248 kB
MemTotal:        1844596 kB
MemFree:          799160 kB
MemAvailable:    1516124 kB
Buffers:           49892 kB
Cached:           776248 kB
MemTotal:        1844596 kB
MemFree:          800468 kB
MemAvailable:    1517432 kB
Buffers:           49892 kB
Cached:           776248 kB
MemTotal:        1844596 kB
MemFree:          799292 kB
MemAvailable:    1516256 kB
Buffers:           49892 kB
Cached:           776248 kB
MemTotal:        1844596 kB
MemFree:          800656 kB
MemAvailable:    1517620 kB
Buffers:           49892 kB
Cached:           776248 kB
MemTotal:        1844596 kB
MemFree:          800396 kB
MemAvailable:    1517360 kB
Buffers:           49892 kB
Cached:           776248 kB
MemTotal:        1844596 kB
MemFree:          800732 kB
MemAvailable:    1517696 kB
Buffers:           49892 kB
Cached:           776248 kB
MemTotal:        1844596 kB
MemFree:          800272 kB
MemAvailable:    1517236 kB
Buffers:           49892 kB
Cached:           776248 kB
MemTotal:        1844596 kB
MemFree:          799620 kB
MemAvailable:    1516584 kB
Buffers:           49892 kB
Cached:           776248 kB
MemTotal:        1844596 kB
MemFree:          799104 kB
MemAvailable:    1516068 kB
Buffers:           49892 kB
Cached:           776248 kB
MemTotal:        1844596 kB
MemFree:          800352 kB
MemAvailable:    1517316 kB
Buffers:           49892 kB
Cached:           776248 kB
MemTotal:        1844596 kB
MemFree:          800156 kB
MemAvailable:    1517120 kB
Buffers:           49892 kB
Cached:           776248 kB
MemTotal:        1844596 kB
MemFree:          800024 kB
MemAvailable:    1516988 kB
Buffers:           49892 kB
Cached:           776248 kB
MemTotal:        1844596 kB
MemFree:          799652 kB
MemAvailable:    1516616 kB
Buffers:           49892 kB
Cached:           776248 kB
MemTotal:        1844596 kB
MemFree:          799736 kB
MemAvailable:    1516700 kB
Buffers:           49892 kB
Cached:           776248 kB
MemTotal:        1844596 kB
MemFree:          799620 kB
MemAvailable:    1516584 kB
Buffers:           49892 kB
Cached:           776248 kB
MemTotal:        1844596 kB
MemFree:          799392 kB
MemAvailable:    1516356 kB
Buffers:           49892 kB
Cached:           776248 kB
MemTotal:        1844596 kB
MemFree:          798292 kB
MemAvailable:    1515256 kB
Buffers:           49892 kB
Cached:           776248 kB
MemTotal:        1844596 kB
MemFree:          799400 kB
MemAvailable:    1516364 kB
Buffers:           49892 kB
Cached:           776248 kB
MemTotal:        1844596 kB
MemFree:          798872 kB
MemAvailable:    1515836 kB
Buffers:           49892 kB
Cached:           776248 kB
MemTotal:        1844596 kB
MemFree:          799608 kB
MemAvailable:    1516572 kB
Buffers:           49892 kB
Cached:           776248 kB
MemTotal:        1844596 kB
MemFree:          798024 kB
MemAvailable:    1514988 kB
Buffers:           49892 kB
Cached:           776248 kB
MemTotal:        1844596 kB
MemFree:          798224 kB
MemAvailable:    1515188 kB
Buffers:           49892 kB
Cached:           776248 kB
MemTotal:        1844596 kB
MemFree:          798188 kB
MemAvailable:    1515152 kB
Buffers:           49892 kB
Cached:           776248 kB
MemTotal:        1844596 kB
MemFree:          799628 kB
MemAvailable:    1516592 kB
Buffers:           49892 kB
Cached:           776248 kB
MemTotal:        1844596 kB
MemFree:          798140 kB
MemAvailable:    1515104 kB
Buffers:           49892 kB
Cached:           776248 kB
MemTotal:        1844596 kB
MemFree:          797692 kB
MemAvailable:    1514668 kB
Buffers:           49892 kB
Cached:           776260 kB
MemTotal:        1844596 kB
MemFree:          796196 kB
MemAvailable:    1513172 kB
Buffers:           49892 kB
Cached:           776260 kB
MemTotal:        1844596 kB
MemFree:          794096 kB
MemAvailable:    1511072 kB
Buffers:           49892 kB
Cached:           776260 kB
MemTotal:        1844596 kB
MemFree:          791980 kB
MemAvailable:    1508956 kB
Buffers:           49892 kB
Cached:           776260 kB
MemTotal:        1844596 kB
MemFree:          791980 kB
MemAvailable:    1508956 kB
Buffers:           49892 kB
Cached:           776260 kB
MemTotal:        1844596 kB
MemFree:          791732 kB
MemAvailable:    1508708 kB
Buffers:           49892 kB
Cached:           776260 kB
MemTotal:        1844596 kB
MemFree:          791660 kB
MemAvailable:    1508636 kB
Buffers:           49892 kB
Cached:           776260 kB
MemTotal:        1844596 kB
MemFree:          791404 kB
MemAvailable:    1508380 kB
Buffers:           49892 kB
Cached:           776260 kB
MemTotal:        1844596 kB
MemFree:          790312 kB
MemAvailable:    1507288 kB
Buffers:           49892 kB
Cached:           776260 kB
MemTotal:        1844596 kB
MemFree:          790500 kB
MemAvailable:    1507476 kB
Buffers:           49892 kB
Cached:           776260 kB
MemTotal:        1844596 kB
MemFree:          790492 kB
MemAvailable:    1507468 kB
Buffers:           49892 kB
Cached:           776260 kB
MemTotal:        1844596 kB
MemFree:          791808 kB
MemAvailable:    1508784 kB
Buffers:           49892 kB
Cached:           776260 kB
MemTotal:        1844596 kB
MemFree:          791800 kB
MemAvailable:    1508776 kB
Buffers:           49892 kB
Cached:           776260 kB
MemTotal:        1844596 kB
MemFree:          791740 kB
MemAvailable:    1508716 kB
Buffers:           49892 kB
Cached:           776260 kB
MemTotal:        1844596 kB
MemFree:          791608 kB
MemAvailable:    1508584 kB
Buffers:           49892 kB
Cached:           776260 kB
MemTotal:        1844596 kB
MemFree:          790072 kB
MemAvailable:    1507048 kB
Buffers:           49892 kB
Cached:           776260 kB
MemTotal:        1844596 kB
MemFree:          790064 kB
MemAvailable:    1507040 kB
Buffers:           49892 kB
Cached:           776260 kB
MemTotal:        1844596 kB
MemFree:          789984 kB
MemAvailable:    1506960 kB
Buffers:           49892 kB
Cached:           776260 kB
MemTotal:        1844596 kB
MemFree:          790348 kB
MemAvailable:    1507324 kB
Buffers:           49892 kB
Cached:           776260 kB
MemTotal:        1844596 kB
MemFree:          790104 kB
MemAvailable:    1507080 kB
Buffers:           49892 kB
Cached:           776260 kB
MemTotal:        1844596 kB
MemFree:          790996 kB
MemAvailable:    1507972 kB
Buffers:           49892 kB
Cached:           776260 kB
MemTotal:        1844596 kB
MemFree:          790004 kB
MemAvailable:    1506980 kB
Buffers:           49892 kB
Cached:           776260 kB
MemTotal:        1844596 kB
MemFree:          790568 kB
MemAvailable:    1507544 kB
Buffers:           49892 kB
Cached:           776260 kB
MemTotal:        1844596 kB
MemFree:          790372 kB
MemAvailable:    1507348 kB
Buffers:           49892 kB
Cached:           776260 kB
MemTotal:        1844596 kB
MemFree:          789996 kB
MemAvailable:    1506972 kB
Buffers:           49892 kB
Cached:           776260 kB
MemTotal:        1844596 kB
MemFree:          789884 kB
MemAvailable:    1506860 kB
Buffers:           49892 kB
Cached:           776260 kB
MemTotal:        1844596 kB
MemFree:          789752 kB
MemAvailable:    1506728 kB
Buffers:           49892 kB
Cached:           776260 kB
MemTotal:        1844596 kB
MemFree:          789496 kB
MemAvailable:    1506472 kB
Buffers:           49892 kB
Cached:           776260 kB
MemTotal:        1844596 kB
MemFree:          788824 kB
MemAvailable:    1505800 kB
Buffers:           49892 kB
Cached:           776260 kB
MemTotal:        1844596 kB
MemFree:          788508 kB
MemAvailable:    1505484 kB
Buffers:           49892 kB
Cached:           776260 kB
MemTotal:        1844596 kB
MemFree:          788764 kB
MemAvailable:    1505740 kB
Buffers:           49892 kB
Cached:           776260 kB
MemTotal:        1844596 kB
MemFree:          786896 kB
MemAvailable:    1503872 kB
Buffers:           49892 kB
Cached:           776260 kB
MemTotal:        1844596 kB
MemFree:          786904 kB
MemAvailable:    1503880 kB
Buffers:           49892 kB
Cached:           776260 kB
MemTotal:        1844596 kB
MemFree:          787956 kB
MemAvailable:    1504932 kB
Buffers:           49892 kB
Cached:           776260 kB
MemTotal:        1844596 kB
MemFree:          787632 kB
MemAvailable:    1504608 kB
Buffers:           49892 kB
Cached:           776260 kB
MemTotal:        1844596 kB
MemFree:          787968 kB
MemAvailable:    1504944 kB
Buffers:           49892 kB
Cached:           776260 kB
MemTotal:        1844596 kB
MemFree:          787716 kB
MemAvailable:    1504692 kB
Buffers:           49892 kB
Cached:           776260 kB
MemTotal:        1844596 kB
MemFree:          787396 kB
MemAvailable:    1504372 kB
Buffers:           49892 kB
Cached:           776260 kB
MemTotal:        1844596 kB
MemFree:          787492 kB
MemAvailable:    1504468 kB
Buffers:           49892 kB
Cached:           776260 kB
MemTotal:        1844596 kB
MemFree:          787576 kB
MemAvailable:    1504552 kB
Buffers:           49892 kB
Cached:           776260 kB
MemTotal:        1844596 kB
MemFree:          787616 kB
MemAvailable:    1504592 kB
Buffers:           49892 kB
Cached:           776260 kB
MemTotal:        1844596 kB
MemFree:          787796 kB
MemAvailable:    1504772 kB
Buffers:           49892 kB
Cached:           776260 kB
MemTotal:        1844596 kB
MemFree:          786488 kB
MemAvailable:    1503464 kB
Buffers:           49892 kB
Cached:           776260 kB
MemTotal:        1844596 kB
MemFree:          787144 kB
MemAvailable:    1504120 kB
Buffers:           49892 kB
Cached:           776260 kB
MemTotal:        1844596 kB
MemFree:          787400 kB
MemAvailable:    1504376 kB
Buffers:           49892 kB
Cached:           776260 kB
MemTotal:        1844596 kB
MemFree:          785904 kB
MemAvailable:    1502880 kB
Buffers:           49892 kB
Cached:           776260 kB
MemTotal:        1844596 kB
MemFree:          782176 kB
MemAvailable:    1499152 kB
Buffers:           49892 kB
Cached:           776260 kB
MemTotal:        1844596 kB
MemFree:          782512 kB
MemAvailable:    1499488 kB
Buffers:           49892 kB
Cached:           776260 kB
MemTotal:        1844596 kB
MemFree:          782184 kB
MemAvailable:    1499160 kB
Buffers:           49892 kB
Cached:           776260 kB
MemTotal:        1844596 kB
MemFree:          780812 kB
MemAvailable:    1497788 kB
Buffers:           49892 kB
Cached:           776260 kB
MemTotal:        1844596 kB
MemFree:          780704 kB
MemAvailable:    1497680 kB
Buffers:           49892 kB
Cached:           776260 kB
MemTotal:        1844596 kB
MemFree:          781896 kB
MemAvailable:    1498872 kB
Buffers:           49892 kB
Cached:           776260 kB
MemTotal:        1844596 kB
MemFree:          780524 kB
MemAvailable:    1497500 kB
Buffers:           49892 kB
Cached:           776260 kB
MemTotal:        1844596 kB
MemFree:          780524 kB
MemAvailable:    1497500 kB
Buffers:           49892 kB
Cached:           776260 kB
MemTotal:        1844596 kB
MemFree:          781824 kB
MemAvailable:    1498800 kB
Buffers:           49892 kB
Cached:           776260 kB
MemTotal:        1844596 kB
MemFree:          780532 kB
MemAvailable:    1497508 kB
Buffers:           49892 kB
Cached:           776260 kB
MemTotal:        1844596 kB
MemFree:          781764 kB
MemAvailable:    1498740 kB
Buffers:           49892 kB
Cached:           776260 kB
MemTotal:        1844596 kB
MemFree:          781564 kB
MemAvailable:    1498540 kB
Buffers:           49892 kB
Cached:           776260 kB
MemTotal:        1844596 kB
MemFree:          781252 kB
MemAvailable:    1498228 kB
Buffers:           49892 kB
Cached:           776260 kB
MemTotal:        1844596 kB
MemFree:          781588 kB
MemAvailable:    1498564 kB
Buffers:           49892 kB
Cached:           776260 kB
MemTotal:        1844596 kB
MemFree:          780632 kB
MemAvailable:    1497608 kB
Buffers:           49892 kB
Cached:           776260 kB
MemTotal:        1844596 kB
MemFree:          779332 kB
MemAvailable:    1496308 kB
Buffers:           49892 kB
Cached:           776260 kB
MemTotal:        1844596 kB
MemFree:          778588 kB
MemAvailable:    1495564 kB
Buffers:           49892 kB
Cached:           776260 kB
MemTotal:        1844596 kB
MemFree:          777976 kB
MemAvailable:    1494952 kB
Buffers:           49892 kB
Cached:           776260 kB
MemTotal:        1844596 kB
MemFree:          778328 kB
MemAvailable:    1495304 kB
Buffers:           49892 kB
Cached:           776260 kB
MemTotal:        1844596 kB
MemFree:          778584 kB
MemAvailable:    1495560 kB
Buffers:           49892 kB
Cached:           776260 kB
MemTotal:        1844596 kB
MemFree:          778280 kB
MemAvailable:    1495256 kB
Buffers:           49892 kB
Cached:           776260 kB
MemTotal:        1844596 kB
MemFree:          778536 kB
MemAvailable:    1495512 kB
Buffers:           49892 kB
Cached:           776260 kB
MemTotal:        1844596 kB
MemFree:          777324 kB
MemAvailable:    1494300 kB
Buffers:           49892 kB
Cached:           776260 kB
MemTotal:        1844596 kB
MemFree:          780544 kB
MemAvailable:    1497520 kB
Buffers:           49892 kB
Cached:           776260 kB
MemTotal:        1844596 kB
MemFree:          779712 kB
MemAvailable:    1496688 kB
Buffers:           49892 kB
Cached:           776260 kB
MemTotal:        1844596 kB
MemFree:          780144 kB
MemAvailable:    1497288 kB
Buffers:           49892 kB
Cached:           776508 kB
MemTotal:        1844596 kB
MemFree:          780400 kB
MemAvailable:    1497544 kB
Buffers:           49892 kB
Cached:           776508 kB
MemTotal:        1844596 kB
MemFree:          779872 kB
MemAvailable:    1497184 kB
Buffers:           49892 kB
Cached:           776632 kB
MemTotal:        1844596 kB
MemFree:          780208 kB
MemAvailable:    1497520 kB
Buffers:           49892 kB
Cached:           776632 kB
MemTotal:        1844596 kB
MemFree:          779748 kB
MemAvailable:    1497228 kB
Buffers:           49892 kB
Cached:           776880 kB
MemTotal:        1844596 kB
MemFree:          779832 kB
MemAvailable:    1497396 kB
Buffers:           49892 kB
Cached:           776880 kB
MemTotal:        1844596 kB
MemFree:          779772 kB
MemAvailable:    1497336 kB
Buffers:           49892 kB
Cached:           776880 kB
MemTotal:        1844596 kB
MemFree:          779724 kB
MemAvailable:    1497288 kB
Buffers:           49892 kB
Cached:           776880 kB
MemTotal:        1844596 kB
MemFree:          778292 kB
MemAvailable:    1495856 kB
Buffers:           49892 kB
Cached:           776880 kB
MemTotal:        1844596 kB
MemFree:          778584 kB
MemAvailable:    1496148 kB
Buffers:           49892 kB
Cached:           776880 kB
MemTotal:        1844596 kB
MemFree:          779688 kB
MemAvailable:    1497252 kB
Buffers:           49892 kB
Cached:           776880 kB
MemTotal:        1844596 kB
MemFree:          779688 kB
MemAvailable:    1497252 kB
Buffers:           49892 kB
Cached:           776880 kB
MemTotal:        1844596 kB
MemFree:          779704 kB
MemAvailable:    1497268 kB
Buffers:           49892 kB
Cached:           776880 kB
MemTotal:        1844596 kB
MemFree:          779956 kB
MemAvailable:    1497520 kB
Buffers:           49892 kB
Cached:           776880 kB
MemTotal:        1844596 kB
MemFree:          779892 kB
MemAvailable:    1496932 kB
Buffers:           49892 kB
Cached:           776280 kB
MemTotal:        1844596 kB
MemFree:          779828 kB
MemAvailable:    1496868 kB
Buffers:           49892 kB
Cached:           776280 kB
MemTotal:        1844596 kB
MemFree:          848732 kB
MemAvailable:    1565724 kB
Buffers:           49892 kB
Cached:           776272 kB
