MemTotal:        1844596 kB
MemFree:          955264 kB
MemAvailable:    1556960 kB
Buffers:           34872 kB
Cached:           671068 kB
MemTotal:        1844596 kB
MemFree:          954892 kB
MemAvailable:    1556588 kB
Buffers:           34872 kB
Cached:           671068 kB
MemTotal:        1844596 kB
MemFree:          951668 kB
MemAvailable:    1553364 kB
Buffers:           34872 kB
Cached:           671068 kB
MemTotal:        1844596 kB
MemFree:          951412 kB
MemAvailable:    1553108 kB
Buffers:           34872 kB
Cached:           671068 kB
MemTotal:        1844596 kB
MemFree:          951288 kB
MemAvailable:    1552984 kB
Buffers:           34872 kB
Cached:           671068 kB
MemTotal:        1844596 kB
MemFree:          951544 kB
MemAvailable:    1553240 kB
Buffers:           34872 kB
Cached:           671068 kB
MemTotal:        1844596 kB
MemFree:          949560 kB
MemAvailable:    1551256 kB
Buffers:           34872 kB
Cached:           671068 kB
MemTotal:        1844596 kB
MemFree:          946832 kB
MemAvailable:    1548528 kB
Buffers:           34872 kB
Cached:           671068 kB
MemTotal:        1844596 kB
MemFree:          944840 kB
MemAvailable:    1546536 kB
Buffers:           34872 kB
Cached:           671068 kB
MemTotal:        1844596 kB
MemFree:          940568 kB
MemAvailable:    1542268 kB
Buffers:           34872 kB
Cached:           671072 kB
MemTotal:        1844596 kB
MemFree:          940248 kB
MemAvailable:    1541948 kB
Buffers:           34872 kB
Cached:           671072 kB
MemTotal:        1844596 kB
MemFree:          940344 kB
MemAvailable:    1542044 kB
Buffers:           34872 kB
Cached:           671072 kB
MemTotal:        1844596 kB
MemFree:          941404 kB
MemAvailable:    1543104 kB
Buffers:           34872 kB
Cached:           671072 kB
MemTotal:        1844596 kB
MemFree:          941744 kB
MemAvailable:    1543444 kB
Buffers:           34872 kB
Cached:           671072 kB
MemTotal:        1844596 kB
MemFree:          941348 kB
MemAvailable:    1543048 kB
Buffers:           34872 kB
Cached:           671072 kB
MemTotal:        1844596 kB
MemFree:          941600 kB
MemAvailable:    1543300 kB
Buffers:           34872 kB
Cached:           671072 kB
MemTotal:        1844596 kB
MemFree:          940072 kB
MemAvailable:    1541772 kB
Buffers:           34872 kB
Cached:           671072 kB
MemTotal:        1844596 kB
MemFree:          940012 kB
MemAvailable:    1541712 kB
Buffers:           34872 kB
Cached:           671072 kB
MemTotal:        1844596 kB
MemFree:          939888 kB
MemAvailable:    1541588 kB
Buffers:           34872 kB
Cached:           671072 kB
MemTotal:        1844596 kB
MemFree:          939508 kB
MemAvailable:    1541208 kB
Buffers:           34872 kB
Cached:           671072 kB
MemTotal:        1844596 kB
MemFree:          939596 kB
MemAvailable:    1541296 kB
Buffers:           34872 kB
Cached:           671072 kB
MemTotal:        1844596 kB
MemFree:          938144 kB
MemAvailable:    1539844 kB
Buffers:           34872 kB
Cached:           671072 kB
MemTotal:        1844596 kB
MemFree:          939120 kB
MemAvailable:    1540820 kB
Buffers:           34872 kB
Cached:           671072 kB
MemTotal:        1844596 kB
MemFree:          939120 kB
MemAvailable:    1540820 kB
Buffers:           34872 kB
Cached:           671072 kB
MemTotal:        1844596 kB
MemFree:          939088 kB
MemAvailable:    1540788 kB
Buffers:           34872 kB
Cached:           671072 kB
MemTotal:        1844596 kB
MemFree:          938736 kB
MemAvailable:    1540436 kB
Buffers:           34872 kB
Cached:           671072 kB
MemTotal:        1844596 kB
MemFree:          939072 kB
MemAvailable:    1540772 kB
Buffers:           34872 kB
Cached:           671072 kB
MemTotal:        1844596 kB
MemFree:          938856 kB
MemAvailable:    1540556 kB
Buffers:           34872 kB
Cached:           671072 kB
MemTotal:        1844596 kB
MemFree:          939192 kB
MemAvailable:    1540892 kB
Buffers:           34872 kB
Cached:           671072 kB
MemTotal:        1844596 kB
MemFree:          939128 kB
MemAvailable:    1540828 kB
Buffers:           34872 kB
Cached:           671072 kB
MemTotal:        1844596 kB
MemFree:          940460 kB
MemAvailable:    1542160 kB
Buffers:           34872 kB
Cached:           671072 kB
MemTotal:        1844596 kB
MemFree:          939948 kB
MemAvailable:    1541648 kB
Buffers:           34872 kB
Cached:           671072 kB
MemTotal:        1844596 kB
MemFree:          938772 kB
MemAvailable:    1540472 kB
Buffers:           34872 kB
Cached:           671072 kB
MemTotal:        1844596 kB
MemFree:          936896 kB
MemAvailable:    1538596 kB
Buffers:           34872 kB
Cached:           671072 kB
MemTotal:        1844596 kB
MemFree:          937120 kB
MemAvailable:    1538820 kB
Buffers:           34872 kB
Cached:           671072 kB
MemTotal:        1844596 kB
MemFree:          936540 kB
MemAvailable:    1538240 kB
Buffers:           34872 kB
Cached:           671072 kB
MemTotal:        1844596 kB
MemFree:          936044 kB
MemAvailable:    1537744 kB
Buffers:           34872 kB
Cached:           671072 kB
MemTotal:        1844596 kB
MemFree:          934920 kB
MemAvailable:    1536496 kB
Buffers:           34872 kB
Cached:           671072 kB
MemTotal:        1844596 kB
MemFree:          935028 kB
MemAvailable:    1536728 kB
Buffers:           34872 kB
Cached:           671072 kB
MemTotal:        1844596 kB
MemFree:          935112 kB
MemAvailable:    1536812 kB
Buffers:           34872 kB
Cached:           671072 kB
MemTotal:        1844596 kB
MemFree:          934932 kB
MemAvailable:    1536632 kB
Buffers:           34872 kB
Cached:           671072 kB
MemTotal:        1844596 kB
MemFree:          933500 kB
MemAvailable:    1535200 kB
Buffers:           34872 kB
Cached:           671072 kB
MemTotal:        1844596 kB
MemFree:          934776 kB
MemAvailable:    1536476 kB
Buffers:           34872 kB
Cached:           671072 kB
MemTotal:        1844596 kB
MemFree:          934776 kB
MemAvailable:    1536476 kB
Buffers:           34872 kB
Cached:           671072 kB
MemTotal:        1844596 kB
MemFree:          934708 kB
MemAvailable:    1536408 kB
Buffers:           34872 kB
Cached:           671072 kB
MemTotal:        1844596 kB
MemFree:          934680 kB
MemAvailable:    1536380 kB
Buffers:           34872 kB
Cached:           671072 kB
MemTotal:        1844596 kB
MemFree:          934676 kB
MemAvailable:    1536376 kB
Buffers:           34872 kB
Cached:           671072 kB
MemTotal:        1844596 kB
MemFree:          933508 kB
MemAvailable:    1535208 kB
Buffers:           34872 kB
Cached:           671072 kB
MemTotal:        1844596 kB
MemFree:          932944 kB
MemAvailable:    1534644 kB
Buffers:           34872 kB
Cached:           671072 kB
MemTotal:        1844596 kB
MemFree:          932944 kB
MemAvailable:    1534644 kB
Buffers:           34872 kB
Cached:           671072 kB
MemTotal:        1844596 kB
MemFree:          934004 kB
MemAvailable:    1535704 kB
Buffers:           34872 kB
Cached:           671072 kB
MemTotal:        1844596 kB
MemFree:          932688 kB
MemAvailable:    1534392 kB
Buffers:           34872 kB
Cached:           671076 kB
MemTotal:        1844596 kB
MemFree:          932696 kB
MemAvailable:    1534400 kB
Buffers:           34872 kB
Cached:           671076 kB
MemTotal:        1844596 kB
MemFree:          932688 kB
MemAvailable:    1534392 kB
Buffers:           34872 kB
Cached:           671076 kB
MemTotal:        1844596 kB
MemFree:          932564 kB
MemAvailable:    1534268 kB
Buffers:           34872 kB
Cached:           671076 kB
MemTotal:        1844596 kB
MemFree:          933796 kB
MemAvailable:    1535500 kB
Buffers:           34872 kB
Cached:           671076 kB
MemTotal:        1844596 kB
MemFree:          933756 kB
MemAvailable:    1535460 kB
Buffers:           34872 kB
Cached:           671076 kB
MemTotal:        1844596 kB
MemFree:          933740 kB
MemAvailable:    1535444 kB
Buffers:           34872 kB
Cached:           671076 kB
MemTotal:        1844596 kB
MemFree:          933740 kB
MemAvailable:    1535444 kB
Buffers:           34872 kB
Cached:           671076 kB
MemTotal:        1844596 kB
MemFree:          933764 kB
MemAvailable:    1535468 kB
Buffers:           34872 kB
Cached:           671076 kB
MemTotal:        1844596 kB
MemFree:          933820 kB
MemAvailable:    1535524 kB
Buffers:           34872 kB
Cached:           671076 kB
MemTotal:        1844596 kB
MemFree:          933624 kB
MemAvailable:    1535328 kB
Buffers:           34872 kB
Cached:           671076 kB
MemTotal:        1844596 kB
MemFree:          932768 kB
MemAvailable:    1534472 kB
Buffers:           34872 kB
Cached:           671076 kB
MemTotal:        1844596 kB
MemFree:          931780 kB
MemAvailable:    1533484 kB
Buffers:           34872 kB
Cached:           671076 kB
MemTotal:        1844596 kB
MemFree:          933176 kB
MemAvailable:    1534880 kB
Buffers:           34872 kB
Cached:           671076 kB
MemTotal:        1844596 kB
MemFree:          933260 kB
MemAvailable:    1534964 kB
Buffers:           34872 kB
Cached:           671076 kB
MemTotal:        1844596 kB
MemFree:          932888 kB
MemAvailable:    1534592 kB
Buffers:           34872 kB
Cached:           671076 kB
MemTotal:        1844596 kB
MemFree:          932888 kB
MemAvailable:    1534592 kB
Buffers:           34872 kB
Cached:           671076 kB
MemTotal:        1844596 kB
MemFree:          932812 kB
MemAvailable:    1534516 kB
Buffers:           34872 kB
Cached:           671076 kB
MemTotal:        1844596 kB
MemFree:          931764 kB
MemAvailable:    1533468 kB
Buffers:           34872 kB
Cached:           671076 kB
MemTotal:        1844596 kB
MemFree:          932748 kB
MemAvailable:    1534452 kB
Buffers:           34872 kB
Cached:           671076 kB
MemTotal:        1844596 kB
MemFree:          931668 kB
MemAvailable:    1533372 kB
Buffers:           34872 kB
Cached:           671076 kB
MemTotal:        1844596 kB
MemFree:          933032 kB
MemAvailable:    1534736 kB
Buffers:           34872 kB
Cached:           671076 kB
MemTotal:        1844596 kB
MemFree:          931536 kB
MemAvailable:    1533240 kB
Buffers:           34872 kB
Cached:           671076 kB
MemTotal:        1844596 kB
MemFree:          932728 kB
MemAvailable:    1534432 kB
Buffers:           34872 kB
Cached:           671076 kB
MemTotal:        1844596 kB
MemFree:          932896 kB
MemAvailable:    1534600 kB
Buffers:           34872 kB
Cached:           671076 kB
MemTotal:        1844596 kB
MemFree:          932692 kB
MemAvailable:    1534396 kB
Buffers:           34872 kB
Cached:           671076 kB
MemTotal:        1844596 kB
MemFree:          931704 kB
MemAvailable:    1533408 kB
Buffers:           34872 kB
Cached:           671076 kB
MemTotal:        1844596 kB
MemFree:          929828 kB
MemAvailable:    1531532 kB
Buffers:           34872 kB
Cached:           671076 kB
MemTotal:        1844596 kB
MemFree:          929912 kB
MemAvailable:    1531616 kB
Buffers:           34872 kB
Cached:           671076 kB
MemTotal:        1844596 kB
MemFree:          925752 kB
MemAvailable:    1527456 kB
Buffers:           34872 kB
Cached:           671076 kB
MemTotal:        1844596 kB
MemFree:          925256 kB
MemAvailable:    1526960 kB
Buffers:           34872 kB
Cached:           671076 kB
MemTotal:        1844596 kB
MemFree:          925268 kB
MemAvailable:    1526972 kB
Buffers:           34872 kB
Cached:           671076 kB
MemTotal:        1844596 kB
MemFree:          925012 kB
MemAvailable:    1526716 kB
Buffers:           34872 kB
Cached:           671076 kB
MemTotal:        1844596 kB
MemFree:          925012 kB
MemAvailable:    1526716 kB
Buffers:           34872 kB
Cached:           671076 kB
MemTotal:        1844596 kB
MemFree:          924724 kB
MemAvailable:    1526428 kB
Buffers:           34872 kB
Cached:           671076 kB
MemTotal:        1844596 kB
MemFree:          924892 kB
MemAvailable:    1526596 kB
Buffers:           34872 kB
Cached:           671076 kB
MemTotal:        1844596 kB
MemFree:          924704 kB
MemAvailable:    1526412 kB
Buffers:           34872 kB
Cached:           671080 kB
MemTotal:        1844596 kB
MemFree:          925040 kB
MemAvailable:    1526748 kB
Buffers:           34872 kB
Cached:           671080 kB
MemTotal:        1844596 kB
MemFree:          924744 kB
MemAvailable:    1526452 kB
Buffers:           34872 kB
Cached:           671080 kB
MemTotal:        1844596 kB
MemFree:          925080 kB
MemAvailable:    1526788 kB
Buffers:           34872 kB
Cached:           671080 kB
MemTotal:        1844596 kB
MemFree:          923504 kB
MemAvailable:    1525212 kB
Buffers:           34872 kB
Cached:           671080 kB
MemTotal:        1844596 kB
MemFree:          924820 kB
MemAvailable:    1526528 kB
Buffers:           34872 kB
Cached:           671080 kB
MemTotal:        1844596 kB
MemFree:          924868 kB
MemAvailable:    1526576 kB
Buffers:           34872 kB
Cached:           671080 kB
MemTotal:        1844596 kB
MemFree:          924700 kB
MemAvailable:    1526408 kB
Buffers:           34872 kB
Cached:           671080 kB
MemTotal:        1844596 kB
MemFree:          924956 kB
MemAvailable:    1526664 kB
Buffers:           34872 kB
Cached:           671080 kB
MemTotal:        1844596 kB
MemFree:          924504 kB
MemAvailable:    1526212 kB
Buffers:           34872 kB
Cached:           671080 kB
MemTotal:        1844596 kB
MemFree:          924308 kB
MemAvailable:    1526016 kB
Buffers:           34872 kB
Cached:           671080 kB
MemTotal:        1844596 kB
MemFree:          923148 kB
MemAvailable:    1524856 kB
Buffers:           34872 kB
Cached:           671080 kB
MemTotal:        1844596 kB
MemFree:          923872 kB
MemAvailable:    1525580 kB
Buffers:           34872 kB
Cached:           671080 kB
MemTotal:        1844596 kB
MemFree:          924128 kB
MemAvailable:    1525836 kB
Buffers:           34872 kB
Cached:           671080 kB
MemTotal:        1844596 kB
MemFree:          922396 kB
MemAvailable:    1524104 kB
Buffers:           34872 kB
Cached:           671080 kB
MemTotal:        1844596 kB
MemFree:          922520 kB
MemAvailable:    1524228 kB
Buffers:           34872 kB
Cached:           671080 kB
MemTotal:        1844596 kB
MemFree:          922264 kB
MemAvailable:    1523972 kB
Buffers:           34872 kB
Cached:           671080 kB
MemTotal:        1844596 kB
MemFree:          922264 kB
MemAvailable:    1523972 kB
Buffers:           34872 kB
Cached:           671080 kB
MemTotal:        1844596 kB
MemFree:          922012 kB
MemAvailable:    1523720 kB
Buffers:           34872 kB
Cached:           671080 kB
MemTotal:        1844596 kB
MemFree:          922264 kB
MemAvailable:    1523972 kB
Buffers:           34872 kB
Cached:           671080 kB
MemTotal:        1844596 kB
MemFree:          921588 kB
MemAvailable:    1523296 kB
Buffers:           34872 kB
Cached:           671080 kB
MemTotal:        1844596 kB
MemFree:          920288 kB
MemAvailable:    1521996 kB
Buffers:           34872 kB
Cached:           671080 kB
MemTotal:        1844596 kB
MemFree:          920024 kB
MemAvailable:    1521732 kB
Buffers:           34872 kB
Cached:           671080 kB
MemTotal:        1844596 kB
MemFree:          921024 kB
MemAvailable:    1522732 kB
Buffers:           34872 kB
Cached:           671080 kB
MemTotal:        1844596 kB
MemFree:          921360 kB
MemAvailable:    1523068 kB
Buffers:           34872 kB
Cached:           671080 kB
MemTotal:        1844596 kB
MemFree:          920984 kB
MemAvailable:    1522692 kB
Buffers:           34872 kB
Cached:           671080 kB
MemTotal:        1844596 kB
MemFree:          921236 kB
MemAvailable:    1522944 kB
Buffers:           34872 kB
Cached:           671080 kB
MemTotal:        1844596 kB
MemFree:          921052 kB
MemAvailable:    1522760 kB
Buffers:           34872 kB
Cached:           671080 kB
MemTotal:        1844596 kB
MemFree:          920900 kB
MemAvailable:    1522608 kB
Buffers:           34872 kB
Cached:           671080 kB
MemTotal:        1844596 kB
MemFree:          920900 kB
MemAvailable:    1522608 kB
Buffers:           34872 kB
Cached:           671080 kB
MemTotal:        1844596 kB
MemFree:          921080 kB
MemAvailable:    1522788 kB
Buffers:           34872 kB
Cached:           671080 kB
MemTotal:        1844596 kB
MemFree:          921008 kB
MemAvailable:    1522716 kB
Buffers:           34872 kB
Cached:           671080 kB
MemTotal:        1844596 kB
MemFree:          921040 kB
MemAvailable:    1522748 kB
Buffers:           34872 kB
Cached:           671080 kB
MemTotal:        1844596 kB
MemFree:          920720 kB
MemAvailable:    1522428 kB
Buffers:           34872 kB
Cached:           671080 kB
MemTotal:        1844596 kB
MemFree:          919428 kB
MemAvailable:    1521136 kB
Buffers:           34872 kB
Cached:           671080 kB
MemTotal:        1844596 kB
MemFree:          919544 kB
MemAvailable:    1521252 kB
Buffers:           34872 kB
Cached:           671080 kB
MemTotal:        1844596 kB
MemFree:          915692 kB
MemAvailable:    1517400 kB
Buffers:           34872 kB
Cached:           671080 kB
MemTotal:        1844596 kB
MemFree:          915692 kB
MemAvailable:    1517400 kB
Buffers:           34872 kB
Cached:           671080 kB
MemTotal:        1844596 kB
MemFree:          915464 kB
MemAvailable:    1517172 kB
Buffers:           34872 kB
Cached:           671080 kB
MemTotal:        1844596 kB
MemFree:          915376 kB
MemAvailable:    1517084 kB
Buffers:           34872 kB
Cached:           671080 kB
MemTotal:        1844596 kB
MemFree:          915308 kB
MemAvailable:    1517016 kB
Buffers:           34872 kB
Cached:           671080 kB
MemTotal:        1844596 kB
MemFree:          914068 kB
MemAvailable:    1515776 kB
Buffers:           34872 kB
Cached:           671080 kB
MemTotal:        1844596 kB
MemFree:          914468 kB
MemAvailable:    1516176 kB
Buffers:           34872 kB
Cached:           671080 kB
MemTotal:        1844596 kB
MemFree:          915284 kB
MemAvailable:    1516992 kB
Buffers:           34872 kB
Cached:           671080 kB
MemTotal:        1844596 kB
MemFree:          915060 kB
MemAvailable:    1516768 kB
Buffers:           34872 kB
Cached:           671080 kB
MemTotal:        1844596 kB
MemFree:          915060 kB
MemAvailable:    1516768 kB
Buffers:           34872 kB
Cached:           671080 kB
MemTotal:        1844596 kB
MemFree:          914992 kB
MemAvailable:    1516700 kB
Buffers:           34872 kB
Cached:           671080 kB
MemTotal:        1844596 kB
MemFree:          914592 kB
MemAvailable:    1516300 kB
Buffers:           34872 kB
Cached:           671080 kB
MemTotal:        1844596 kB
MemFree:          914944 kB
MemAvailable:    1516652 kB
Buffers:           34872 kB
Cached:           671080 kB
MemTotal:        1844596 kB
MemFree:          914952 kB
MemAvailable:    1516660 kB
Buffers:           34872 kB
Cached:           671080 kB
MemTotal:        1844596 kB
MemFree:          913828 kB
MemAvailable:    1515536 kB
Buffers:           34872 kB
Cached:           671080 kB
MemTotal:        1844596 kB
MemFree:          914096 kB
MemAvailable:    1515804 kB
Buffers:           34872 kB
Cached:           671080 kB
MemTotal:        1844596 kB
MemFree:          913724 kB
MemAvailable:    1515432 kB
Buffers:           34872 kB
Cached:           671080 kB
MemTotal:        1844596 kB
MemFree:          912360 kB
MemAvailable:    1514068 kB
Buffers:           34872 kB
Cached:           671080 kB
MemTotal:        1844596 kB
MemFree:          911980 kB
MemAvailable:    1513688 kB
Buffers:           34872 kB
Cached:           671080 kB
MemTotal:        1844596 kB
MemFree:          911980 kB
MemAvailable:    1513688 kB
Buffers:           34872 kB
Cached:           671080 kB
MemTotal:        1844596 kB
MemFree:          911692 kB
MemAvailable:    1513400 kB
Buffers:           34872 kB
Cached:           671080 kB
MemTotal:        1844596 kB
MemFree:          911788 kB
MemAvailable:    1513496 kB
Buffers:           34872 kB
Cached:           671080 kB
MemTotal:        1844596 kB
MemFree:          911644 kB
MemAvailable:    1513352 kB
Buffers:           34872 kB
Cached:           671080 kB
MemTotal:        1844596 kB
MemFree:          911816 kB
MemAvailable:    1513524 kB
Buffers:           34872 kB
Cached:           671080 kB
MemTotal:        1844596 kB
MemFree:          911780 kB
MemAvailable:    1513488 kB
Buffers:           34872 kB
Cached:           671080 kB
MemTotal:        1844596 kB
MemFree:          912288 kB
MemAvailable:    1513996 kB
Buffers:           34872 kB
Cached:           671080 kB
MemTotal:        1844596 kB
MemFree:          913544 kB
MemAvailable:    1515336 kB
Buffers:           34872 kB
Cached:           671204 kB
MemTotal:        1844596 kB
MemFree:          913544 kB
MemAvailable:    1515336 kB
Buffers:           34872 kB
Cached:           671204 kB
MemTotal:        1844596 kB
MemFree:          913328 kB
MemAvailable:    1515288 kB
Buffers:           34872 kB
Cached:           671452 kB
MemTotal:        1844596 kB
MemFree:          913584 kB
MemAvailable:    1515544 kB
Buffers:           34872 kB
Cached:           671452 kB
MemTotal:        1844596 kB
MemFree:          913388 kB
MemAvailable:    1515516 kB
Buffers:           34872 kB
Cached:           671576 kB
MemTotal:        1844596 kB
MemFree:          912932 kB
MemAvailable:    1515144 kB
Buffers:           34872 kB
Cached:           671700 kB
MemTotal:        1844596 kB
MemFree:          913016 kB
MemAvailable:    1515312 kB
Buffers:           34872 kB
Cached:           671700 kB
MemTotal:        1844596 kB
MemFree:          913104 kB
MemAvailable:    1515400 kB
Buffers:           34872 kB
Cached:           671700 kB
MemTotal:        1844596 kB
MemFree:          912236 kB
MemAvailable:    1514532 kB
Buffers:           34872 kB
Cached:           671700 kB
MemTotal:        1844596 kB
MemFree:          913020 kB
MemAvailable:    1515316 kB
Buffers:           34872 kB
Cached:           671700 kB
MemTotal:        1844596 kB
MemFree:          912980 kB
MemAvailable:    1515276 kB
Buffers:           34872 kB
Cached:           671700 kB
MemTotal:        1844596 kB
MemFree:          911716 kB
MemAvailable:    1514012 kB
Buffers:           34872 kB
Cached:           671700 kB
MemTotal:        1844596 kB
MemFree:          913016 kB
MemAvailable:    1515312 kB
Buffers:           34872 kB
Cached:           671700 kB
MemTotal:        1844596 kB
MemFree:          912792 kB
MemAvailable:    1515088 kB
Buffers:           34872 kB
Cached:           671700 kB
MemTotal:        1844596 kB
MemFree:          913048 kB
MemAvailable:    1515344 kB
Buffers:           34872 kB
Cached:           671700 kB
MemTotal:        1844596 kB
MemFree:          913380 kB
MemAvailable:    1515088 kB
Buffers:           34872 kB
Cached:           671152 kB
MemTotal:        1844596 kB
MemFree:          913548 kB
MemAvailable:    1515256 kB
Buffers:           34872 kB
Cached:           671152 kB
MemTotal:        1844596 kB
MemFree:          981908 kB
MemAvailable:    1583664 kB
Buffers:           34872 kB
Cached:           671160 kB
