MemTotal:        1844596 kB
MemFree:          639104 kB
MemAvailable:    1524512 kB
Buffers:           66692 kB
Cached:           913996 kB
MemTotal:        1844596 kB
MemFree:          637988 kB
MemAvailable:    1523396 kB
Buffers:           66692 kB
Cached:           913996 kB
MemTotal:        1844596 kB
MemFree:          637676 kB
MemAvailable:    1523084 kB
Buffers:           66692 kB
Cached:           913996 kB
MemTotal:        1844596 kB
MemFree:          636312 kB
MemAvailable:    1521720 kB
Buffers:           66692 kB
Cached:           913996 kB
MemTotal:        1844596 kB
MemFree:          635252 kB
MemAvailable:    1520660 kB
Buffers:           66692 kB
Cached:           913996 kB
MemTotal:        1844596 kB
MemFree:          633640 kB
MemAvailable:    1518924 kB
Buffers:           66692 kB
Cached:           913996 kB
MemTotal:        1844596 kB
MemFree:          630656 kB
MemAvailable:    1516064 kB
Buffers:           66692 kB
Cached:           913996 kB
MemTotal:        1844596 kB
MemFree:          630740 kB
MemAvailable:    1516148 kB
Buffers:           66692 kB
Cached:           913996 kB
MemTotal:        1844596 kB
MemFree:          626208 kB
MemAvailable:    1511616 kB
Buffers:           66692 kB
Cached:           913996 kB
MemTotal:        1844596 kB
MemFree:          625136 kB
MemAvailable:    1510544 kB
Buffers:           66692 kB
Cached:           913996 kB
MemTotal:        1844596 kB
MemFree:          625092 kB
MemAvailable:    1510500 kB
Buffers:           66692 kB
Cached:           913996 kB
MemTotal:        1844596 kB
MemFree:          626152 kB
MemAvailable:    1511560 kB
Buffers:           66692 kB
Cached:           913996 kB
MemTotal:        1844596 kB
MemFree:          626208 kB
MemAvailable:    1511616 kB
Buffers:           66692 kB
Cached:           913996 kB
MemTotal:        1844596 kB
MemFree:          626212 kB
MemAvailable:    1511620 kB
Buffers:           66692 kB
Cached:           913996 kB
MemTotal:        1844596 kB
MemFree:          625756 kB
MemAvailable:    1511164 kB
Buffers:           66692 kB
Cached:           913996 kB
MemTotal:        1844596 kB
MemFree:          625532 kB
MemAvailable:    1510940 kB
Buffers:           66692 kB
Cached:           913996 kB
MemTotal:        1844596 kB
MemFree:          623596 kB
MemAvailable:    1509004 kB
Buffers:           66692 kB
Cached:           913996 kB
MemTotal:        1844596 kB
MemFree:          624224 kB
MemAvailable:    1509632 kB
Buffers:           66692 kB
Cached:           913996 kB
MemTotal:        1844596 kB
MemFree:          622860 kB
MemAvailable:    1508268 kB
Buffers:           66692 kB
Cached:           913996 kB
MemTotal:        1844596 kB
MemFree:          622976 kB
MemAvailable:    1508384 kB
Buffers:           66692 kB
Cached:           913996 kB
MemTotal:        1844596 kB
MemFree:          623968 kB
MemAvailable:    1509376 kB
Buffers:           66692 kB
Cached:           913996 kB
MemTotal:        1844596 kB
MemFree:          623860 kB
MemAvailable:    1509268 kB
Buffers:           66692 kB
Cached:           913996 kB
MemTotal:        1844596 kB
MemFree:          623712 kB
MemAvailable:    1509120 kB
Buffers:           66692 kB
Cached:           913996 kB
MemTotal:        1844596 kB
MemFree:          623964 kB
MemAvailable:    1509372 kB
Buffers:           66692 kB
Cached:           913996 kB
MemTotal:        1844596 kB
MemFree:          623900 kB
MemAvailable:    1509308 kB
Buffers:           66692 kB
Cached:           913996 kB
MemTotal:        1844596 kB
MemFree:          623724 kB
MemAvailable:    1509132 kB
Buffers:           66692 kB
Cached:           913996 kB
MemTotal:        1844596 kB
MemFree:          623772 kB
MemAvailable:    1509180 kB
Buffers:           66692 kB
Cached:           913996 kB
MemTotal:        1844596 kB
MemFree:          623764 kB
MemAvailable:    1509172 kB
Buffers:           66692 kB
Cached:           913996 kB
MemTotal:        1844596 kB
MemFree:          623092 kB
MemAvailable:    1508500 kB
Buffers:           66692 kB
Cached:           913996 kB
MemTotal:        1844596 kB
MemFree:          623092 kB
MemAvailable:    1508500 kB
Buffers:           66692 kB
Cached:           913996 kB
MemTotal:        1844596 kB
MemFree:          621680 kB
MemAvailable:    1507088 kB
Buffers:           66692 kB
Cached:           913996 kB
MemTotal:        1844596 kB
MemFree:          621108 kB
MemAvailable:    1506516 kB
Buffers:           66692 kB
Cached:           913996 kB
MemTotal:        1844596 kB
MemFree:          621308 kB
MemAvailable:    1506716 kB
Buffers:           66692 kB
Cached:           913996 kB
MemTotal:        1844596 kB
MemFree:          619380 kB
MemAvailable:    1504788 kB
Buffers:           66692 kB
Cached:           913996 kB
MemTotal:        1844596 kB
MemFree:          619256 kB
MemAvailable:    1504664 kB
Buffers:           66692 kB
Cached:           913996 kB
MemTotal:        1844596 kB
MemFree:          619696 kB
MemAvailable:    1505104 kB
Buffers:           66692 kB
Cached:           913996 kB
MemTotal:        1844596 kB
MemFree:          619648 kB
MemAvailable:    1505056 kB
Buffers:           66692 kB
Cached:           913996 kB
MemTotal:        1844596 kB
MemFree:          618384 kB
MemAvailable:    1503792 kB
Buffers:           66692 kB
Cached:           913996 kB
MemTotal:        1844596 kB
MemFree:          619576 kB
MemAvailable:    1504984 kB
Buffers:           66692 kB
Cached:           913996 kB
MemTotal:        1844596 kB
MemFree:          619744 kB
MemAvailable:    1505152 kB
Buffers:           66692 kB
Cached:           913996 kB
MemTotal:        1844596 kB
MemFree:          619464 kB
MemAvailable:    1504872 kB
Buffers:           66692 kB
Cached:           913996 kB
MemTotal:        1844596 kB
MemFree:          617712 kB
MemAvailable:    1503120 kB
Buffers:           66692 kB
Cached:           913996 kB
MemTotal:        1844596 kB
MemFree:          619076 kB
MemAvailable:    1504484 kB
Buffers:           66692 kB
Cached:           913996 kB
MemTotal:        1844596 kB
MemFree:          619140 kB
MemAvailable:    1504548 kB
Buffers:           66692 kB
Cached:           913996 kB
MemTotal:        1844596 kB
MemFree:          618140 kB
MemAvailable:    1503548 kB
Buffers:           66692 kB
Cached:           913996 kB
MemTotal:        1844596 kB
MemFree:          618572 kB
MemAvailable:    1503980 kB
Buffers:           66692 kB
Cached:           913996 kB
MemTotal:        1844596 kB
MemFree:          618720 kB
MemAvailable:    1504128 kB
Buffers:           66692 kB
Cached:           913996 kB
MemTotal:        1844596 kB
MemFree:          618636 kB
MemAvailable:    1504044 kB
Buffers:           66692 kB
Cached:           913996 kB
MemTotal:        1844596 kB
MemFree:          618652 kB
MemAvailable:    1504060 kB
Buffers:           66692 kB
Cached:           913996 kB
MemTotal:        1844596 kB
MemFree:          617356 kB
MemAvailable:    1502764 kB
Buffers:           66692 kB
Cached:           913996 kB
MemTotal:        1844596 kB
MemFree:          618832 kB
MemAvailable:    1504240 kB
Buffers:           66692 kB
Cached:           913996 kB
MemTotal:        1844596 kB
MemFree:          618572 kB
MemAvailable:    1503980 kB
Buffers:           66692 kB
Cached:           913996 kB
MemTotal:        1844596 kB
MemFree:          618520 kB
MemAvailable:    1503928 kB
Buffers:           66692 kB
Cached:           913996 kB
MemTotal:        1844596 kB
MemFree:          618504 kB
MemAvailable:    1503912 kB
Buffers:           66692 kB
Cached:           913996 kB
MemTotal:        1844596 kB
MemFree:          617264 kB
MemAvailable:    1502672 kB
Buffers:           66692 kB
Cached:           913996 kB
MemTotal:        1844596 kB
MemFree:          618272 kB
MemAvailable:    1503688 kB
Buffers:           66692 kB
Cached:           914004 kB
MemTotal:        1844596 kB
MemFree:          618160 kB
MemAvailable:    1503576 kB
Buffers:           66692 kB
Cached:           914004 kB
MemTotal:        1844596 kB
MemFree:          617032 kB
MemAvailable:    1502448 kB
Buffers:           66692 kB
Cached:           914004 kB
MemTotal:        1844596 kB
MemFree:          617760 kB
MemAvailable:    1503176 kB
Buffers:           66692 kB
Cached:           914004 kB
MemTotal:        1844596 kB
MemFree:          618096 kB
MemAvailable:    1503512 kB
Buffers:           66692 kB
Cached:           914004 kB
MemTotal:        1844596 kB
MemFree:          617636 kB
MemAvailable:    1503052 kB
Buffers:           66692 kB
Cached:           914004 kB
MemTotal:        1844596 kB
MemFree:          617888 kB
MemAvailable:    1503304 kB
Buffers:           66692 kB
Cached:           914004 kB
MemTotal:        1844596 kB
MemFree:          617520 kB
MemAvailable:    1502936 kB
Buffers:           66692 kB
Cached:           914004 kB
MemTotal:        1844596 kB
MemFree:          616272 kB
MemAvailable:    1501688 kB
Buffers:           66692 kB
Cached:           914004 kB
MemTotal:        1844596 kB
MemFree:          617644 kB
MemAvailable:    1503060 kB
Buffers:           66692 kB
Cached:           914004 kB
MemTotal:        1844596 kB
MemFree:          616776 kB
MemAvailable:    1502192 kB
Buffers:           66692 kB
Cached:           914004 kB
MemTotal:        1844596 kB
MemFree:          616008 kB
MemAvailable:    1501424 kB
Buffers:           66692 kB
Cached:           914004 kB
MemTotal:        1844596 kB
MemFree:          615840 kB
MemAvailable:    1501256 kB
Buffers:           66692 kB
Cached:           914004 kB
MemTotal:        1844596 kB
MemFree:          616412 kB
MemAvailable:    1501828 kB
Buffers:           66692 kB
Cached:           914004 kB
MemTotal:        1844596 kB
MemFree:          615544 kB
MemAvailable:    1500960 kB
Buffers:           66692 kB
Cached:           914004 kB
MemTotal:        1844596 kB
MemFree:          613124 kB
MemAvailable:    1498540 kB
Buffers:           66700 kB
Cached:           913996 kB
MemTotal:        1844596 kB
MemFree:          610320 kB
MemAvailable:    1495736 kB
Buffers:           66700 kB
Cached:           913996 kB
MemTotal:        1844596 kB
MemFree:          610320 kB
MemAvailable:    1495736 kB
Buffers:           66700 kB
Cached:           913996 kB
MemTotal:        1844596 kB
MemFree:          609768 kB
MemAvailable:    1495184 kB
Buffers:           66700 kB
Cached:           913996 kB
MemTotal:        1844596 kB
MemFree:          609344 kB
MemAvailable:    1494760 kB
Buffers:           66700 kB
Cached:           913996 kB
MemTotal:        1844596 kB
MemFree:          608288 kB
MemAvailable:    1493704 kB
Buffers:           66700 kB
Cached:           913996 kB
MemTotal:        1844596 kB
MemFree:          608420 kB
MemAvailable:    1493836 kB
Buffers:           66700 kB
Cached:           913996 kB
MemTotal:        1844596 kB
MemFree:          608332 kB
MemAvailable:    1493748 kB
Buffers:           66700 kB
Cached:           913996 kB
MemTotal:        1844596 kB
MemFree:          609516 kB
MemAvailable:    1494932 kB
Buffers:           66700 kB
Cached:           913996 kB
MemTotal:        1844596 kB
MemFree:          609576 kB
MemAvailable:    1494992 kB
Buffers:           66700 kB
Cached:           913996 kB
MemTotal:        1844596 kB
MemFree:          608344 kB
MemAvailable:    1493760 kB
Buffers:           66700 kB
Cached:           913996 kB
MemTotal:        1844596 kB
MemFree:          608972 kB
MemAvailable:    1494388 kB
Buffers:           66700 kB
Cached:           913996 kB
MemTotal:        1844596 kB
MemFree:          609544 kB
MemAvailable:    1494972 kB
Buffers:           66700 kB
Cached:           914008 kB
MemTotal:        1844596 kB
MemFree:          609800 kB
MemAvailable:    1495228 kB
Buffers:           66700 kB
Cached:           914008 kB
MemTotal:        1844596 kB
MemFree:          608476 kB
MemAvailable:    1493904 kB
Buffers:           66700 kB
Cached:           914008 kB
MemTotal:        1844596 kB
MemFree:          609716 kB
MemAvailable:    1495144 kB
Buffers:           66700 kB
Cached:           914008 kB
MemTotal:        1844596 kB
MemFree:          608972 kB
MemAvailable:    1494400 kB
Buffers:           66700 kB
Cached:           914008 kB
MemTotal:        1844596 kB
MemFree:          609080 kB
MemAvailable:    1494508 kB
Buffers:           66700 kB
Cached:           914008 kB
MemTotal:        1844596 kB
MemFree:          609416 kB
MemAvailable:    1494844 kB
Buffers:           66700 kB
Cached:           914008 kB
MemTotal:        1844596 kB
MemFree:          608724 kB
MemAvailable:    1494152 kB
Buffers:           66700 kB
Cached:           914008 kB
MemTotal:        1844596 kB
MemFree:          607228 kB
MemAvailable:    1492656 kB
Buffers:           66700 kB
Cached:           914008 kB
MemTotal:        1844596 kB
MemFree:          606988 kB
MemAvailable:    1492416 kB
Buffers:           66700 kB
Cached:           914008 kB
MemTotal:        1844596 kB
MemFree:          608104 kB
MemAvailable:    1493536 kB
Buffers:           66700 kB
Cached:           914012 kB
MemTotal:        1844596 kB
MemFree:          606856 kB
MemAvailable:    1492288 kB
Buffers:           66700 kB
Cached:           914012 kB
MemTotal:        1844596 kB
MemFree:          607412 kB
MemAvailable:    1492844 kB
Buffers:           66700 kB
Cached:           914012 kB
MemTotal:        1844596 kB
MemFree:          607236 kB
MemAvailable:    1492668 kB
Buffers:           66700 kB
Cached:           914012 kB
MemTotal:        1844596 kB
MemFree:          605872 kB
MemAvailable:    1491304 kB
Buffers:           66700 kB
Cached:           914012 kB
MemTotal:        1844596 kB
MemFree:          606492 kB
MemAvailable:    1491924 kB
Buffers:           66700 kB
Cached:           914012 kB
MemTotal:        1844596 kB
MemFree:          605260 kB
MemAvailable:    1490692 kB
Buffers:           66700 kB
Cached:           914012 kB
MemTotal:        1844596 kB
MemFree:          605980 kB
MemAvailable:    1491412 kB
Buffers:           66700 kB
Cached:           914012 kB
MemTotal:        1844596 kB
MemFree:          606232 kB
MemAvailable:    1491664 kB
Buffers:           66700 kB
Cached:           914012 kB
MemTotal:        1844596 kB
MemFree:          606000 kB
MemAvailable:    1491432 kB
Buffers:           66700 kB
Cached:           914012 kB
MemTotal:        1844596 kB
MemFree:          605004 kB
MemAvailable:    1490436 kB
Buffers:           66700 kB
Cached:           914012 kB
MemTotal:        1844596 kB
MemFree:          604492 kB
MemAvailable:    1489924 kB
Buffers:           66700 kB
Cached:           914012 kB
MemTotal:        1844596 kB
MemFree:          604456 kB
MemAvailable:    1489888 kB
Buffers:           66700 kB
Cached:           914012 kB
MemTotal:        1844596 kB
MemFree:          604448 kB
MemAvailable:    1489880 kB
Buffers:           66700 kB
Cached:           914012 kB
MemTotal:        1844596 kB
MemFree:          605792 kB
MemAvailable:    1491224 kB
Buffers:           66700 kB
Cached:           914012 kB
MemTotal:        1844596 kB
MemFree:          605776 kB
MemAvailable:    1491208 kB
Buffers:           66700 kB
Cached:           914012 kB
MemTotal:        1844596 kB
MemFree:          605624 kB
MemAvailable:    1491056 kB
Buffers:           66700 kB
Cached:           914012 kB
MemTotal:        1844596 kB
MemFree:          605376 kB
MemAvailable:    1490808 kB
Buffers:           66700 kB
Cached:           914012 kB
MemTotal:        1844596 kB
MemFree:          605244 kB
MemAvailable:    1490676 kB
Buffers:           66700 kB
Cached:           914012 kB
MemTotal:        1844596 kB
MemFree:          604004 kB
MemAvailable:    1489436 kB
Buffers:           66700 kB
Cached:           914012 kB
MemTotal:        1844596 kB
MemFree:          600592 kB
MemAvailable:    1486024 kB
Buffers:           66700 kB
Cached:           914012 kB
MemTotal:        1844596 kB
MemFree:          600276 kB
MemAvailable:    1485708 kB
Buffers:           66700 kB
Cached:           914012 kB
MemTotal:        1844596 kB
MemFree:          600276 kB
MemAvailable:    1485708 kB
Buffers:           66700 kB
Cached:           914012 kB
MemTotal:        1844596 kB
MemFree:          600232 kB
MemAvailable:    1485664 kB
Buffers:           66700 kB
Cached:           914012 kB
MemTotal:        1844596 kB
MemFree:          600136 kB
MemAvailable:    1485568 kB
Buffers:           66700 kB
Cached:           914012 kB
MemTotal:        1844596 kB
MemFree:          600220 kB
MemAvailable:    1485652 kB
Buffers:           66700 kB
Cached:           914012 kB
MemTotal:        1844596 kB
MemFree:          600168 kB
MemAvailable:    1485600 kB
Buffers:           66700 kB
Cached:           914012 kB
MemTotal:        1844596 kB
MemFree:          600052 kB
MemAvailable:    1485484 kB
Buffers:           66700 kB
Cached:           914012 kB
MemTotal:        1844596 kB
MemFree:          599732 kB
MemAvailable:    1485164 kB
Buffers:           66700 kB
Cached:           914012 kB
MemTotal:        1844596 kB
MemFree:          600068 kB
MemAvailable:    1485500 kB
Buffers:           66700 kB
Cached:           914012 kB
MemTotal:        1844596 kB
MemFree:          598492 kB
MemAvailable:    1483924 kB
Buffers:           66700 kB
Cached:           914012 kB
MemTotal:        1844596 kB
MemFree:          598492 kB
MemAvailable:    1483924 kB
Buffers:           66700 kB
Cached:           914012 kB
MemTotal:        1844596 kB
MemFree:          599032 kB
MemAvailable:    1484464 kB
Buffers:           66700 kB
Cached:           914012 kB
MemTotal:        1844596 kB
MemFree:          596688 kB
MemAvailable:    1482120 kB
Buffers:           66700 kB
Cached:           914012 kB
MemTotal:        1844596 kB
MemFree:          596704 kB
MemAvailable:    1482136 kB
Buffers:           66700 kB
Cached:           914012 kB
MemTotal:        1844596 kB
MemFree:          596648 kB
MemAvailable:    1482080 kB
Buffers:           66700 kB
Cached:           914012 kB
MemTotal:        1844596 kB
MemFree:          595400 kB
MemAvailable:    1480832 kB
Buffers:           66700 kB
Cached:           914012 kB
MemTotal:        1844596 kB
MemFree:          595268 kB
MemAvailable:    1480700 kB
Buffers:           66700 kB
Cached:           914012 kB
MemTotal:        1844596 kB
MemFree:          596744 kB
MemAvailable:    1482176 kB
Buffers:           66700 kB
Cached:           914012 kB
MemTotal:        1844596 kB
MemFree:          595828 kB
MemAvailable:    1481260 kB
Buffers:           66700 kB
Cached:           914012 kB
MemTotal:        1844596 kB
MemFree:          598732 kB
MemAvailable:    1484164 kB
Buffers:           66700 kB
Cached:           914012 kB
MemTotal:        1844596 kB
MemFree:          598676 kB
MemAvailable:    1484192 kB
Buffers:           66700 kB
Cached:           914136 kB
MemTotal:        1844596 kB
MemFree:          597688 kB
MemAvailable:    1483204 kB
Buffers:           66700 kB
Cached:           914136 kB
MemTotal:        1844596 kB
MemFree:          598404 kB
MemAvailable:    1484152 kB
Buffers:           66700 kB
Cached:           914284 kB
MemTotal:        1844596 kB
MemFree:          598544 kB
MemAvailable:    1484208 kB
Buffers:           66700 kB
Cached:           914284 kB
MemTotal:        1844596 kB
MemFree:          598116 kB
MemAvailable:    1484032 kB
Buffers:           66700 kB
Cached:           914532 kB
MemTotal:        1844596 kB
MemFree:          598020 kB
MemAvailable:    1484020 kB
Buffers:           66700 kB
Cached:           914656 kB
MemTotal:        1844596 kB
MemFree:          598276 kB
MemAvailable:    1484276 kB
Buffers:           66700 kB
Cached:           914656 kB
MemTotal:        1844596 kB
MemFree:          597920 kB
MemAvailable:    1483920 kB
Buffers:           66700 kB
Cached:           914656 kB
MemTotal:        1844596 kB
MemFree:          598004 kB
MemAvailable:    1484004 kB
Buffers:           66700 kB
Cached:           914656 kB
MemTotal:        1844596 kB
MemFree:          597784 kB
MemAvailable:    1483784 kB
Buffers:           66700 kB
Cached:           914656 kB
MemTotal:        1844596 kB
MemFree:          598120 kB
MemAvailable:    1484120 kB
Buffers:           66700 kB
Cached:           914656 kB
MemTotal:        1844596 kB
MemFree:          596792 kB
MemAvailable:    1482792 kB
Buffers:           66700 kB
Cached:           914656 kB
MemTotal:        1844596 kB
MemFree:          596760 kB
MemAvailable:    1482760 kB
Buffers:           66700 kB
Cached:           914656 kB
MemTotal:        1844596 kB
MemFree:          597736 kB
MemAvailable:    1483820 kB
Buffers:           66700 kB
Cached:           914656 kB
MemTotal:        1844596 kB
MemFree:          597988 kB
MemAvailable:    1484072 kB
Buffers:           66700 kB
Cached:           914656 kB
MemTotal:        1844596 kB
MemFree:          598592 kB
MemAvailable:    1484088 kB
Buffers:           66700 kB
Cached:           914024 kB
MemTotal:        1844596 kB
MemFree:          598624 kB
MemAvailable:    1484052 kB
Buffers:           66700 kB
Cached:           914000 kB
