MemTotal:        1844596 kB
MemFree:          973500 kB
MemAvailable:    1558952 kB
Buffers:           32256 kB
Cached:           657648 kB
MemTotal:        1844596 kB
MemFree:          969656 kB
MemAvailable:    1555108 kB
Buffers:           32256 kB
Cached:           657648 kB
MemTotal:        1844596 kB
MemFree:          970888 kB
MemAvailable:    1556340 kB
Buffers:           32256 kB
Cached:           657648 kB
MemTotal:        1844596 kB
MemFree:          968664 kB
MemAvailable:    1554116 kB
Buffers:           32256 kB
Cached:           657648 kB
MemTotal:        1844596 kB
MemFree:          967540 kB
MemAvailable:    1552992 kB
Buffers:           32256 kB
Cached:           657648 kB
MemTotal:        1844596 kB
MemFree:          966060 kB
MemAvailable:    1551512 kB
Buffers:           32256 kB
Cached:           657648 kB
MemTotal:        1844596 kB
MemFree:          965672 kB
MemAvailable:    1551124 kB
Buffers:           32256 kB
Cached:           657648 kB
MemTotal:        1844596 kB
MemFree:          965012 kB
MemAvailable:    1550464 kB
Buffers:           32256 kB
Cached:           657648 kB
MemTotal:        1844596 kB
MemFree:          962912 kB
MemAvailable:    1548368 kB
Buffers:           32256 kB
Cached:           657652 kB
MemTotal:        1844596 kB
MemFree:          962968 kB
MemAvailable:    1548424 kB
Buffers:           32256 kB
Cached:           657652 kB
MemTotal:        1844596 kB
MemFree:          960036 kB
MemAvailable:    1545492 kB
Buffers:           32256 kB
Cached:           657652 kB
MemTotal:        1844596 kB
MemFree:          955892 kB
MemAvailable:    1541348 kB
Buffers:           32256 kB
Cached:           657652 kB
MemTotal:        1844596 kB
MemFree:          957248 kB
MemAvailable:    1542704 kB
Buffers:           32256 kB
Cached:           657652 kB
MemTotal:        1844596 kB
MemFree:          955948 kB
MemAvailable:    1541404 kB
Buffers:           32256 kB
Cached:           657652 kB
MemTotal:        1844596 kB
MemFree:          956444 kB
MemAvailable:    1541900 kB
Buffers:           32256 kB
Cached:           657652 kB
MemTotal:        1844596 kB
MemFree:          956196 kB
MemAvailable:    1541652 kB
Buffers:           32256 kB
Cached:           657652 kB
MemTotal:        1844596 kB
MemFree:          957240 kB
MemAvailable:    1542696 kB
Buffers:           32256 kB
Cached:           657652 kB
MemTotal:        1844596 kB
MemFree:          956636 kB
MemAvailable:    1542092 kB
Buffers:           32256 kB
Cached:           657652 kB
MemTotal:        1844596 kB
MemFree:          955264 kB
MemAvailable:    1540720 kB
Buffers:           32256 kB
Cached:           657652 kB
MemTotal:        1844596 kB
MemFree:          955132 kB
MemAvailable:    1540588 kB
Buffers:           32256 kB
Cached:           657652 kB
MemTotal:        1844596 kB
MemFree:          955132 kB
MemAvailable:    1540588 kB
Buffers:           32256 kB
Cached:           657652 kB
MemTotal:        1844596 kB
MemFree:          954844 kB
MemAvailable:    1540300 kB
Buffers:           32256 kB
Cached:           657652 kB
MemTotal:        1844596 kB
MemFree:          954940 kB
MemAvailable:    1540396 kB
Buffers:           32256 kB
Cached:           657652 kB
MemTotal:        1844596 kB
MemFree:          954956 kB
MemAvailable:    1540412 kB
Buffers:           32256 kB
Cached:           657652 kB
MemTotal:        1844596 kB
MemFree:          954876 kB
MemAvailable:    1540332 kB
Buffers:           32256 kB
Cached:           657652 kB
MemTotal:        1844596 kB
MemFree:          954960 kB
MemAvailable:    1540416 kB
Buffers:           32256 kB
Cached:           657652 kB
MemTotal:        1844596 kB
MemFree:          953660 kB
MemAvailable:    1539116 kB
Buffers:           32256 kB
Cached:           657652 kB
MemTotal:        1844596 kB
MemFree:          954760 kB
MemAvailable:    1540216 kB
Buffers:           32256 kB
Cached:           657652 kB
MemTotal:        1844596 kB
MemFree:          955012 kB
MemAvailable:    1540468 kB
Buffers:           32256 kB
Cached:           657652 kB
MemTotal:        1844596 kB
MemFree:          954940 kB
MemAvailable:    1540396 kB
Buffers:           32256 kB
Cached:           657652 kB
MemTotal:        1844596 kB
MemFree:          956372 kB
MemAvailable:    1541828 kB
Buffers:           32256 kB
Cached:           657652 kB
MemTotal:        1844596 kB
MemFree:          954852 kB
MemAvailable:    1540308 kB
Buffers:           32256 kB
Cached:           657652 kB
MemTotal:        1844596 kB
MemFree:          954388 kB
MemAvailable:    1539844 kB
Buffers:           32256 kB
Cached:           657652 kB
MemTotal:        1844596 kB
MemFree:          953908 kB
MemAvailable:    1539364 kB
Buffers:           32256 kB
Cached:           657652 kB
MemTotal:        1844596 kB
MemFree:          952916 kB
MemAvailable:    1538372 kB
Buffers:           32256 kB
Cached:           657652 kB
MemTotal:        1844596 kB
MemFree:          952480 kB
MemAvailable:    1537936 kB
Buffers:           32256 kB
Cached:           657652 kB
MemTotal:        1844596 kB
MemFree:          951860 kB
MemAvailable:    1537316 kB
Buffers:           32256 kB
Cached:           657652 kB
MemTotal:        1844596 kB
MemFree:          950428 kB
MemAvailable:    1535884 kB
Buffers:           32256 kB
Cached:           657652 kB
MemTotal:        1844596 kB
MemFree:          950164 kB
MemAvailable:    1535620 kB
Buffers:           32256 kB
Cached:           657652 kB
MemTotal:        1844596 kB
MemFree:          950828 kB
MemAvailable:    1536284 kB
Buffers:           32256 kB
Cached:           657652 kB
MemTotal:        1844596 kB
MemFree:          950744 kB
MemAvailable:    1536200 kB
Buffers:           32256 kB
Cached:           657652 kB
MemTotal:        1844596 kB
MemFree:          949692 kB
MemAvailable:    1535148 kB
Buffers:           32256 kB
Cached:           657652 kB
MemTotal:        1844596 kB
MemFree:          950920 kB
MemAvailable:    1536376 kB
Buffers:           32256 kB
Cached:           657652 kB
MemTotal:        1844596 kB
MemFree:          949508 kB
MemAvailable:    1534964 kB
Buffers:           32256 kB
Cached:           657652 kB
MemTotal:        1844596 kB
MemFree:          949376 kB
MemAvailable:    1534832 kB
Buffers:           32256 kB
Cached:           657652 kB
MemTotal:        1844596 kB
MemFree:          950616 kB
MemAvailable:    1536072 kB
Buffers:           32256 kB
Cached:           657652 kB
MemTotal:        1844596 kB
MemFree:          950616 kB
MemAvailable:    1536072 kB
Buffers:           32256 kB
Cached:           657652 kB
MemTotal:        1844596 kB
MemFree:          949320 kB
MemAvailable:    1534776 kB
Buffers:           32256 kB
Cached:           657652 kB
MemTotal:        1844596 kB
MemFree:          949064 kB
MemAvailable:    1534520 kB
Buffers:           32256 kB
Cached:           657652 kB
MemTotal:        1844596 kB
MemFree:          949188 kB
MemAvailable:    1534644 kB
Buffers:           32256 kB
Cached:           657652 kB
MemTotal:        1844596 kB
MemFree:          949372 kB
MemAvailable:    1534828 kB
Buffers:           32256 kB
Cached:           657652 kB
MemTotal:        1844596 kB
MemFree:          949708 kB
MemAvailable:    1535164 kB
Buffers:           32256 kB
Cached:           657652 kB
MemTotal:        1844596 kB
MemFree:          949660 kB
MemAvailable:    1535116 kB
Buffers:           32256 kB
Cached:           657652 kB
MemTotal:        1844596 kB
MemFree:          949568 kB
MemAvailable:    1535024 kB
Buffers:           32256 kB
Cached:           657652 kB
MemTotal:        1844596 kB
MemFree:          949732 kB
MemAvailable:    1535188 kB
Buffers:           32256 kB
Cached:           657652 kB
MemTotal:        1844596 kB
MemFree:          949304 kB
MemAvailable:    1534760 kB
Buffers:           32256 kB
Cached:           657652 kB
MemTotal:        1844596 kB
MemFree:          948648 kB
MemAvailable:    1534104 kB
Buffers:           32256 kB
Cached:           657652 kB
MemTotal:        1844596 kB
MemFree:          949672 kB
MemAvailable:    1535128 kB
Buffers:           32256 kB
Cached:           657652 kB
MemTotal:        1844596 kB
MemFree:          949660 kB
MemAvailable:    1535116 kB
Buffers:           32256 kB
Cached:           657652 kB
MemTotal:        1844596 kB
MemFree:          949576 kB
MemAvailable:    1535032 kB
Buffers:           32256 kB
Cached:           657652 kB
MemTotal:        1844596 kB
MemFree:          949644 kB
MemAvailable:    1535100 kB
Buffers:           32256 kB
Cached:           657652 kB
MemTotal:        1844596 kB
MemFree:          949548 kB
MemAvailable:    1535004 kB
Buffers:           32256 kB
Cached:           657652 kB
MemTotal:        1844596 kB
MemFree:          949548 kB
MemAvailable:    1535004 kB
Buffers:           32256 kB
Cached:           657652 kB
MemTotal:        1844596 kB
MemFree:          949248 kB
MemAvailable:    1534704 kB
Buffers:           32256 kB
Cached:           657652 kB
MemTotal:        1844596 kB
MemFree:          949048 kB
MemAvailable:    1534504 kB
Buffers:           32256 kB
Cached:           657652 kB
MemTotal:        1844596 kB
MemFree:          949196 kB
MemAvailable:    1534652 kB
Buffers:           32256 kB
Cached:           657652 kB
MemTotal:        1844596 kB
MemFree:          948932 kB
MemAvailable:    1534388 kB
Buffers:           32256 kB
Cached:           657652 kB
MemTotal:        1844596 kB
MemFree:          948752 kB
MemAvailable:    1534208 kB
Buffers:           32256 kB
Cached:           657652 kB
MemTotal:        1844596 kB
MemFree:          948088 kB
MemAvailable:    1533544 kB
Buffers:           32256 kB
Cached:           657652 kB
MemTotal:        1844596 kB
MemFree:          948692 kB
MemAvailable:    1534148 kB
Buffers:           32256 kB
Cached:           657652 kB
MemTotal:        1844596 kB
MemFree:          948552 kB
MemAvailable:    1534008 kB
Buffers:           32256 kB
Cached:           657652 kB
MemTotal:        1844596 kB
MemFree:          948888 kB
MemAvailable:    1534344 kB
Buffers:           32256 kB
Cached:           657652 kB
MemTotal:        1844596 kB
MemFree:          947572 kB
MemAvailable:    1533028 kB
Buffers:           32256 kB
Cached:           657652 kB
MemTotal:        1844596 kB
MemFree:          948680 kB
MemAvailable:    1534136 kB
Buffers:           32256 kB
Cached:           657652 kB
MemTotal:        1844596 kB
MemFree:          948932 kB
MemAvailable:    1534388 kB
Buffers:           32256 kB
Cached:           657652 kB
MemTotal:        1844596 kB
MemFree:          948808 kB
MemAvailable:    1534264 kB
Buffers:           32256 kB
Cached:           657652 kB
MemTotal:        1844596 kB
MemFree:          948752 kB
MemAvailable:    1534208 kB
Buffers:           32256 kB
Cached:           657652 kB
MemTotal:        1844596 kB
MemFree:          947576 kB
MemAvailable:    1533032 kB
Buffers:           32256 kB
Cached:           657652 kB
MemTotal:        1844596 kB
MemFree:          946900 kB
MemAvailable:    1532356 kB
Buffers:           32256 kB
Cached:           657652 kB
MemTotal:        1844596 kB
MemFree:          945848 kB
MemAvailable:    1531304 kB
Buffers:           32256 kB
Cached:           657652 kB
MemTotal:        1844596 kB
MemFree:          944228 kB
MemAvailable:    1529684 kB
Buffers:           32264 kB
Cached:           657644 kB
MemTotal:        1844596 kB
MemFree:          941260 kB
MemAvailable:    1526716 kB
Buffers:           32268 kB
Cached:           657640 kB
MemTotal:        1844596 kB
MemFree:          941188 kB
MemAvailable:    1526644 kB
Buffers:           32268 kB
Cached:           657640 kB
MemTotal:        1844596 kB
MemFree:          939896 kB
MemAvailable:    1525352 kB
Buffers:           32268 kB
Cached:           657640 kB
MemTotal:        1844596 kB
MemFree:          940756 kB
MemAvailable:    1526216 kB
Buffers:           32268 kB
Cached:           657644 kB
MemTotal:        1844596 kB
MemFree:          940772 kB
MemAvailable:    1526232 kB
Buffers:           32268 kB
Cached:           657644 kB
MemTotal:        1844596 kB
MemFree:          940716 kB
MemAvailable:    1526176 kB
Buffers:           32268 kB
Cached:           657644 kB
MemTotal:        1844596 kB
MemFree:          940704 kB
MemAvailable:    1526164 kB
Buffers:           32268 kB
Cached:           657644 kB
MemTotal:        1844596 kB
MemFree:          940524 kB
MemAvailable:    1525984 kB
Buffers:           32268 kB
Cached:           657644 kB
MemTotal:        1844596 kB
MemFree:          939592 kB
MemAvailable:    1525052 kB
Buffers:           32268 kB
Cached:           657644 kB
MemTotal:        1844596 kB
MemFree:          940704 kB
MemAvailable:    1526164 kB
Buffers:           32268 kB
Cached:           657644 kB
MemTotal:        1844596 kB
MemFree:          940956 kB
MemAvailable:    1526416 kB
Buffers:           32268 kB
Cached:           657644 kB
MemTotal:        1844596 kB
MemFree:          939516 kB
MemAvailable:    1524976 kB
Buffers:           32268 kB
Cached:           657644 kB
MemTotal:        1844596 kB
MemFree:          940840 kB
MemAvailable:    1526300 kB
Buffers:           32268 kB
Cached:           657644 kB
MemTotal:        1844596 kB
MemFree:          939896 kB
MemAvailable:    1525356 kB
Buffers:           32268 kB
Cached:           657644 kB
MemTotal:        1844596 kB
MemFree:          941260 kB
MemAvailable:    1526720 kB
Buffers:           32268 kB
Cached:           657644 kB
MemTotal:        1844596 kB
MemFree:          941064 kB
MemAvailable:    1526524 kB
Buffers:           32268 kB
Cached:           657644 kB
MemTotal:        1844596 kB
MemFree:          940956 kB
MemAvailable:    1526416 kB
Buffers:           32268 kB
Cached:           657644 kB
MemTotal:        1844596 kB
MemFree:          940744 kB
MemAvailable:    1526204 kB
Buffers:           32268 kB
Cached:           657644 kB
MemTotal:        1844596 kB
MemFree:          940516 kB
MemAvailable:    1525976 kB
Buffers:           32268 kB
Cached:           657644 kB
MemTotal:        1844596 kB
MemFree:          940228 kB
MemAvailable:    1525708 kB
Buffers:           32268 kB
Cached:           657664 kB
MemTotal:        1844596 kB
MemFree:          938896 kB
MemAvailable:    1524376 kB
Buffers:           32268 kB
Cached:           657664 kB
MemTotal:        1844596 kB
MemFree:          939708 kB
MemAvailable:    1525188 kB
Buffers:           32268 kB
Cached:           657664 kB
MemTotal:        1844596 kB
MemFree:          938036 kB
MemAvailable:    1523516 kB
Buffers:           32268 kB
Cached:           657664 kB
MemTotal:        1844596 kB
MemFree:          938780 kB
MemAvailable:    1524260 kB
Buffers:           32268 kB
Cached:           657664 kB
MemTotal:        1844596 kB
MemFree:          938904 kB
MemAvailable:    1524384 kB
Buffers:           32268 kB
Cached:           657664 kB
MemTotal:        1844596 kB
MemFree:          937664 kB
MemAvailable:    1523144 kB
Buffers:           32268 kB
Cached:           657664 kB
MemTotal:        1844596 kB
MemFree:          938152 kB
MemAvailable:    1523632 kB
Buffers:           32268 kB
Cached:           657664 kB
MemTotal:        1844596 kB
MemFree:          937300 kB
MemAvailable:    1522780 kB
Buffers:           32268 kB
Cached:           657664 kB
MemTotal:        1844596 kB
MemFree:          936656 kB
MemAvailable:    1522136 kB
Buffers:           32268 kB
Cached:           657664 kB
MemTotal:        1844596 kB
MemFree:          936548 kB
MemAvailable:    1522028 kB
Buffers:           32268 kB
Cached:           657664 kB
MemTotal:        1844596 kB
MemFree:          936424 kB
MemAvailable:    1521904 kB
Buffers:           32268 kB
Cached:           657664 kB
MemTotal:        1844596 kB
MemFree:          936044 kB
MemAvailable:    1521524 kB
Buffers:           32268 kB
Cached:           657664 kB
MemTotal:        1844596 kB
MemFree:          936408 kB
MemAvailable:    1521888 kB
Buffers:           32268 kB
Cached:           657664 kB
MemTotal:        1844596 kB
MemFree:          937228 kB
MemAvailable:    1522708 kB
Buffers:           32268 kB
Cached:           657664 kB
MemTotal:        1844596 kB
MemFree:          935928 kB
MemAvailable:    1521408 kB
Buffers:           32268 kB
Cached:           657664 kB
MemTotal:        1844596 kB
MemFree:          936292 kB
MemAvailable:    1521772 kB
Buffers:           32268 kB
Cached:           657664 kB
MemTotal:        1844596 kB
MemFree:          935928 kB
MemAvailable:    1521408 kB
Buffers:           32268 kB
Cached:           657664 kB
MemTotal:        1844596 kB
MemFree:          937036 kB
MemAvailable:    1522516 kB
Buffers:           32268 kB
Cached:           657664 kB
MemTotal:        1844596 kB
MemFree:          937120 kB
MemAvailable:    1522600 kB
Buffers:           32268 kB
Cached:           657664 kB
MemTotal:        1844596 kB
MemFree:          936848 kB
MemAvailable:    1522328 kB
Buffers:           32268 kB
Cached:           657664 kB
MemTotal:        1844596 kB
MemFree:          935756 kB
MemAvailable:    1521236 kB
Buffers:           32268 kB
Cached:           657664 kB
MemTotal:        1844596 kB
MemFree:          936408 kB
MemAvailable:    1521888 kB
Buffers:           32268 kB
Cached:           657664 kB
MemTotal:        1844596 kB
MemFree:          936176 kB
MemAvailable:    1521656 kB
Buffers:           32268 kB
Cached:           657664 kB
MemTotal:        1844596 kB
MemFree:          934872 kB
MemAvailable:    1520352 kB
Buffers:           32268 kB
Cached:           657664 kB
MemTotal:        1844596 kB
MemFree:          931572 kB
MemAvailable:    1517052 kB
Buffers:           32268 kB
Cached:           657664 kB
MemTotal:        1844596 kB
MemFree:          931908 kB
MemAvailable:    1517388 kB
Buffers:           32268 kB
Cached:           657664 kB
MemTotal:        1844596 kB
MemFree:          931516 kB
MemAvailable:    1516996 kB
Buffers:           32268 kB
Cached:           657664 kB
MemTotal:        1844596 kB
MemFree:          931332 kB
MemAvailable:    1516812 kB
Buffers:           32268 kB
Cached:           657664 kB
MemTotal:        1844596 kB
MemFree:          930224 kB
MemAvailable:    1515704 kB
Buffers:           32268 kB
Cached:           657664 kB
MemTotal:        1844596 kB
MemFree:          931064 kB
MemAvailable:    1516544 kB
Buffers:           32268 kB
Cached:           657664 kB
MemTotal:        1844596 kB
MemFree:          931264 kB
MemAvailable:    1516744 kB
Buffers:           32268 kB
Cached:           657664 kB
MemTotal:        1844596 kB
MemFree:          930940 kB
MemAvailable:    1516420 kB
Buffers:           32268 kB
Cached:           657664 kB
MemTotal:        1844596 kB
MemFree:          930540 kB
MemAvailable:    1516020 kB
Buffers:           32268 kB
Cached:           657664 kB
MemTotal:        1844596 kB
MemFree:          931216 kB
MemAvailable:    1516696 kB
Buffers:           32268 kB
Cached:           657664 kB
MemTotal:        1844596 kB
MemFree:          930100 kB
MemAvailable:    1515580 kB
Buffers:           32268 kB
Cached:           657664 kB
MemTotal:        1844596 kB
MemFree:          930816 kB
MemAvailable:    1516296 kB
Buffers:           32268 kB
Cached:           657664 kB
MemTotal:        1844596 kB
MemFree:          931016 kB
MemAvailable:    1516496 kB
Buffers:           32268 kB
Cached:           657664 kB
MemTotal:        1844596 kB
MemFree:          930880 kB
MemAvailable:    1516360 kB
Buffers:           32268 kB
Cached:           657664 kB
MemTotal:        1844596 kB
MemFree:          929976 kB
MemAvailable:    1515456 kB
Buffers:           32268 kB
Cached:           657664 kB
MemTotal:        1844596 kB
MemFree:          931092 kB
MemAvailable:    1516576 kB
Buffers:           32268 kB
Cached:           657668 kB
MemTotal:        1844596 kB
MemFree:          929356 kB
MemAvailable:    1514840 kB
Buffers:           32268 kB
Cached:           657668 kB
MemTotal:        1844596 kB
MemFree:          927984 kB
MemAvailable:    1513468 kB
Buffers:           32268 kB
Cached:           657668 kB
MemTotal:        1844596 kB
MemFree:          926752 kB
MemAvailable:    1512236 kB
Buffers:           32268 kB
Cached:           657668 kB
MemTotal:        1844596 kB
MemFree:          927548 kB
MemAvailable:    1513032 kB
Buffers:           32268 kB
Cached:           657668 kB
MemTotal:        1844596 kB
MemFree:          927000 kB
MemAvailable:    1512484 kB
Buffers:           32268 kB
Cached:           657668 kB
MemTotal:        1844596 kB
MemFree:          926360 kB
MemAvailable:    1511844 kB
Buffers:           32268 kB
Cached:           657668 kB
MemTotal:        1844596 kB
MemFree:          927544 kB
MemAvailable:    1513028 kB
Buffers:           32268 kB
Cached:           657668 kB
MemTotal:        1844596 kB
MemFree:          927552 kB
MemAvailable:    1513036 kB
Buffers:           32268 kB
Cached:           657668 kB
MemTotal:        1844596 kB
MemFree:          927804 kB
MemAvailable:    1513288 kB
Buffers:           32268 kB
Cached:           657668 kB
MemTotal:        1844596 kB
MemFree:          927468 kB
MemAvailable:    1512952 kB
Buffers:           32268 kB
Cached:           657668 kB
MemTotal:        1844596 kB
MemFree:          927372 kB
MemAvailable:    1512856 kB
Buffers:           32268 kB
Cached:           657668 kB
MemTotal:        1844596 kB
MemFree:          928332 kB
MemAvailable:    1513816 kB
Buffers:           32268 kB
Cached:           657668 kB
MemTotal:        1844596 kB
MemFree:          928240 kB
MemAvailable:    1513808 kB
Buffers:           32268 kB
Cached:           657792 kB
MemTotal:        1844596 kB
MemFree:          929540 kB
MemAvailable:    1515276 kB
Buffers:           32268 kB
Cached:           657916 kB
MemTotal:        1844596 kB
MemFree:          928736 kB
MemAvailable:    1514556 kB
Buffers:           32268 kB
Cached:           658040 kB
MemTotal:        1844596 kB
MemFree:          927980 kB
MemAvailable:    1513884 kB
Buffers:           32268 kB
Cached:           658164 kB
MemTotal:        1844596 kB
MemFree:          929280 kB
MemAvailable:    1515268 kB
Buffers:           32268 kB
Cached:           658288 kB
MemTotal:        1844596 kB
MemFree:          928104 kB
MemAvailable:    1514176 kB
Buffers:           32268 kB
Cached:           658288 kB
MemTotal:        1844596 kB
MemFree:          929272 kB
MemAvailable:    1515344 kB
Buffers:           32268 kB
Cached:           658288 kB
MemTotal:        1844596 kB
MemFree:          929284 kB
MemAvailable:    1515440 kB
Buffers:           32268 kB
Cached:           658412 kB
MemTotal:        1844596 kB
MemFree:          927852 kB
MemAvailable:    1514008 kB
Buffers:           32268 kB
Cached:           658412 kB
MemTotal:        1844596 kB
MemFree:          927596 kB
MemAvailable:    1513752 kB
Buffers:           32268 kB
Cached:           658412 kB
MemTotal:        1844596 kB
MemFree:          928920 kB
MemAvailable:    1515076 kB
Buffers:           32268 kB
Cached:           658412 kB
MemTotal:        1844596 kB
MemFree:          928824 kB
MemAvailable:    1514980 kB
Buffers:           32268 kB
Cached:           658412 kB
MemTotal:        1844596 kB
MemFree:          928992 kB
MemAvailable:    1515148 kB
Buffers:           32268 kB
Cached:           658412 kB
MemTotal:        1844596 kB
MemFree:          929172 kB
MemAvailable:    1514740 kB
Buffers:           32268 kB
Cached:           657740 kB
MemTotal:        1844596 kB
MemFree:          929424 kB
MemAvailable:    1514992 kB
Buffers:           32268 kB
Cached:           657740 kB
MemTotal:        1844596 kB
MemFree:          994760 kB
MemAvailable:    1580328 kB
Buffers:           32268 kB
Cached:           657740 kB
