MemTotal:        1844596 kB
MemFree:          812588 kB
MemAvailable:    1538124 kB
Buffers:           50692 kB
Cached:           783312 kB
MemTotal:        1844596 kB
MemFree:          812560 kB
MemAvailable:    1538096 kB
Buffers:           50692 kB
Cached:           783312 kB
MemTotal:        1844596 kB
MemFree:          810348 kB
MemAvailable:    1535884 kB
Buffers:           50692 kB
Cached:           783312 kB
MemTotal:        1844596 kB
MemFree:          808812 kB
MemAvailable:    1534348 kB
Buffers:           50692 kB
Cached:           783312 kB
MemTotal:        1844596 kB
MemFree:          807876 kB
MemAvailable:    1533412 kB
Buffers:           50692 kB
Cached:           783312 kB
MemTotal:        1844596 kB
MemFree:          807876 kB
MemAvailable:    1533412 kB
Buffers:           50692 kB
Cached:           783312 kB
MemTotal:        1844596 kB
MemFree:          806380 kB
MemAvailable:    1531916 kB
Buffers:           50692 kB
Cached:           783312 kB
MemTotal:        1844596 kB
MemFree:          805396 kB
MemAvailable:    1530932 kB
Buffers:           50692 kB
Cached:           783312 kB
MemTotal:        1844596 kB
MemFree:          803216 kB
MemAvailable:    1528752 kB
Buffers:           50692 kB
Cached:           783312 kB
MemTotal:        1844596 kB
MemFree:          800496 kB
MemAvailable:    1526032 kB
Buffers:           50692 kB
Cached:           783312 kB
MemTotal:        1844596 kB
MemFree:          797212 kB
MemAvailable:    1522748 kB
Buffers:           50692 kB
Cached:           783312 kB
MemTotal:        1844596 kB
MemFree:          799200 kB
MemAvailable:    1524740 kB
Buffers:           50692 kB
Cached:           783316 kB
MemTotal:        1844596 kB
MemFree:          798976 kB
MemAvailable:    1524516 kB
Buffers:           50692 kB
Cached:           783316 kB
MemTotal:        1844596 kB
MemFree:          799320 kB
MemAvailable:    1524860 kB
Buffers:           50692 kB
Cached:           783316 kB
MemTotal:        1844596 kB
MemFree:          799184 kB
MemAvailable:    1524724 kB
Buffers:           50692 kB
Cached:           783316 kB
MemTotal:        1844596 kB
MemFree:          797688 kB
MemAvailable:    1523228 kB
Buffers:           50692 kB
Cached:           783316 kB
MemTotal:        1844596 kB
MemFree:          797804 kB
MemAvailable:    1523344 kB
Buffers:           50692 kB
Cached:           783316 kB
MemTotal:        1844596 kB
MemFree:          798072 kB
MemAvailable:    1523612 kB
Buffers:           50692 kB
Cached:           783316 kB
MemTotal:        1844596 kB
MemFree:          798072 kB
MemAvailable:    1523612 kB
Buffers:           50692 kB
Cached:           783316 kB
MemTotal:        1844596 kB
MemFree:          796840 kB
MemAvailable:    1522380 kB
Buffers:           50692 kB
Cached:           783316 kB
MemTotal:        1844596 kB
MemFree:          795468 kB
MemAvailable:    1521008 kB
Buffers:           50692 kB
Cached:           783316 kB
MemTotal:        1844596 kB
MemFree:          795212 kB
MemAvailable:    1520752 kB
Buffers:           50692 kB
Cached:           783316 kB
MemTotal:        1844596 kB
MemFree:          796596 kB
MemAvailable:    1522136 kB
Buffers:           50692 kB
Cached:           783316 kB
MemTotal:        1844596 kB
MemFree:          796516 kB
MemAvailable:    1522056 kB
Buffers:           50692 kB
Cached:           783316 kB
MemTotal:        1844596 kB
MemFree:          796768 kB
MemAvailable:    1522308 kB
Buffers:           50692 kB
Cached:           783316 kB
MemTotal:        1844596 kB
MemFree:          795296 kB
MemAvailable:    1520836 kB
Buffers:           50692 kB
Cached:           783316 kB
MemTotal:        1844596 kB
MemFree:          795296 kB
MemAvailable:    1520836 kB
Buffers:           50692 kB
Cached:           783316 kB
MemTotal:        1844596 kB
MemFree:          795288 kB
MemAvailable:    1520828 kB
Buffers:           50692 kB
Cached:           783316 kB
MemTotal:        1844596 kB
MemFree:          797736 kB
MemAvailable:    1523276 kB
Buffers:           50692 kB
Cached:           783316 kB
MemTotal:        1844596 kB
MemFree:          798072 kB
MemAvailable:    1523612 kB
Buffers:           50692 kB
Cached:           783316 kB
MemTotal:        1844596 kB
MemFree:          797776 kB
MemAvailable:    1523316 kB
Buffers:           50692 kB
Cached:           783316 kB
MemTotal:        1844596 kB
MemFree:          795228 kB
MemAvailable:    1520768 kB
Buffers:           50692 kB
Cached:           783316 kB
MemTotal:        1844596 kB
MemFree:          793740 kB
MemAvailable:    1519280 kB
Buffers:           50692 kB
Cached:           783316 kB
MemTotal:        1844596 kB
MemFree:          792996 kB
MemAvailable:    1518536 kB
Buffers:           50692 kB
Cached:           783316 kB
MemTotal:        1844596 kB
MemFree:          793484 kB
MemAvailable:    1519024 kB
Buffers:           50692 kB
Cached:           783316 kB
MemTotal:        1844596 kB
MemFree:          793484 kB
MemAvailable:    1519024 kB
Buffers:           50692 kB
Cached:           783316 kB
MemTotal:        1844596 kB
MemFree:          792740 kB
MemAvailable:    1518280 kB
Buffers:           50692 kB
Cached:           783316 kB
MemTotal:        1844596 kB
MemFree:          792384 kB
MemAvailable:    1517924 kB
Buffers:           50692 kB
Cached:           783316 kB
MemTotal:        1844596 kB
MemFree:          792228 kB
MemAvailable:    1517768 kB
Buffers:           50692 kB
Cached:           783316 kB
MemTotal:        1844596 kB
MemFree:          792564 kB
MemAvailable:    1518104 kB
Buffers:           50692 kB
Cached:           783316 kB
MemTotal:        1844596 kB
MemFree:          792348 kB
MemAvailable:    1517888 kB
Buffers:           50692 kB
Cached:           783316 kB
MemTotal:        1844596 kB
MemFree:          792600 kB
MemAvailable:    1518140 kB
Buffers:           50692 kB
Cached:           783316 kB
MemTotal:        1844596 kB
MemFree:          792320 kB
MemAvailable:    1517860 kB
Buffers:           50692 kB
Cached:           783316 kB
MemTotal:        1844596 kB
MemFree:          792180 kB
MemAvailable:    1517720 kB
Buffers:           50692 kB
Cached:           783316 kB
MemTotal:        1844596 kB
MemFree:          792516 kB
MemAvailable:    1518056 kB
Buffers:           50692 kB
Cached:           783316 kB
MemTotal:        1844596 kB
MemFree:          791748 kB
MemAvailable:    1517288 kB
Buffers:           50692 kB
Cached:           783316 kB
MemTotal:        1844596 kB
MemFree:          790896 kB
MemAvailable:    1516436 kB
Buffers:           50692 kB
Cached:           783316 kB
MemTotal:        1844596 kB
MemFree:          791296 kB
MemAvailable:    1516836 kB
Buffers:           50692 kB
Cached:           783316 kB
MemTotal:        1844596 kB
MemFree:          791584 kB
MemAvailable:    1517128 kB
Buffers:           50692 kB
Cached:           783320 kB
MemTotal:        1844596 kB
MemFree:          790384 kB
MemAvailable:    1515928 kB
Buffers:           50692 kB
Cached:           783320 kB
MemTotal:        1844596 kB
MemFree:          789996 kB
MemAvailable:    1515540 kB
Buffers:           50692 kB
Cached:           783320 kB
MemTotal:        1844596 kB
MemFree:          790128 kB
MemAvailable:    1515672 kB
Buffers:           50692 kB
Cached:           783320 kB
MemTotal:        1844596 kB
MemFree:          791420 kB
MemAvailable:    1516964 kB
Buffers:           50692 kB
Cached:           783320 kB
MemTotal:        1844596 kB
MemFree:          790252 kB
MemAvailable:    1515796 kB
Buffers:           50692 kB
Cached:           783320 kB
MemTotal:        1844596 kB
MemFree:          790244 kB
MemAvailable:    1515788 kB
Buffers:           50692 kB
Cached:           783320 kB
MemTotal:        1844596 kB
MemFree:          791444 kB
MemAvailable:    1516988 kB
Buffers:           50692 kB
Cached:           783320 kB
MemTotal:        1844596 kB
MemFree:          790240 kB
MemAvailable:    1515784 kB
Buffers:           50692 kB
Cached:           783320 kB
MemTotal:        1844596 kB
MemFree:          791220 kB
MemAvailable:    1516764 kB
Buffers:           50692 kB
Cached:           783320 kB
MemTotal:        1844596 kB
MemFree:          790144 kB
MemAvailable:    1515688 kB
Buffers:           50692 kB
Cached:           783320 kB
MemTotal:        1844596 kB
MemFree:          790840 kB
MemAvailable:    1516388 kB
Buffers:           50692 kB
Cached:           783324 kB
MemTotal:        1844596 kB
MemFree:          791096 kB
MemAvailable:    1516644 kB
Buffers:           50692 kB
Cached:           783324 kB
MemTotal:        1844596 kB
MemFree:          789848 kB
MemAvailable:    1515396 kB
Buffers:           50692 kB
Cached:           783324 kB
MemTotal:        1844596 kB
MemFree:          789592 kB
MemAvailable:    1515140 kB
Buffers:           50692 kB
Cached:           783324 kB
MemTotal:        1844596 kB
MemFree:          790616 kB
MemAvailable:    1516164 kB
Buffers:           50692 kB
Cached:           783324 kB
MemTotal:        1844596 kB
MemFree:          790616 kB
MemAvailable:    1516164 kB
Buffers:           50692 kB
Cached:           783324 kB
MemTotal:        1844596 kB
MemFree:          789256 kB
MemAvailable:    1514804 kB
Buffers:           50692 kB
Cached:           783324 kB
MemTotal:        1844596 kB
MemFree:          790504 kB
MemAvailable:    1516052 kB
Buffers:           50692 kB
Cached:           783324 kB
MemTotal:        1844596 kB
MemFree:          789772 kB
MemAvailable:    1515320 kB
Buffers:           50692 kB
Cached:           783324 kB
MemTotal:        1844596 kB
MemFree:          790364 kB
MemAvailable:    1515912 kB
Buffers:           50692 kB
Cached:           783324 kB
MemTotal:        1844596 kB
MemFree:          790500 kB
MemAvailable:    1516048 kB
Buffers:           50692 kB
Cached:           783324 kB
MemTotal:        1844596 kB
MemFree:          789144 kB
MemAvailable:    1514692 kB
Buffers:           50692 kB
Cached:           783324 kB
MemTotal:        1844596 kB
MemFree:          790212 kB
MemAvailable:    1515760 kB
Buffers:           50692 kB
Cached:           783324 kB
MemTotal:        1844596 kB
MemFree:          790468 kB
MemAvailable:    1516016 kB
Buffers:           50692 kB
Cached:           783324 kB
MemTotal:        1844596 kB
MemFree:          787896 kB
MemAvailable:    1513444 kB
Buffers:           50692 kB
Cached:           783324 kB
MemTotal:        1844596 kB
MemFree:          787788 kB
MemAvailable:    1513336 kB
Buffers:           50692 kB
Cached:           783324 kB
MemTotal:        1844596 kB
MemFree:          783184 kB
MemAvailable:    1508732 kB
Buffers:           50692 kB
Cached:           783324 kB
MemTotal:        1844596 kB
MemFree:          782456 kB
MemAvailable:    1508004 kB
Buffers:           50692 kB
Cached:           783324 kB
MemTotal:        1844596 kB
MemFree:          782672 kB
MemAvailable:    1508220 kB
Buffers:           50692 kB
Cached:           783324 kB
MemTotal:        1844596 kB
MemFree:          782672 kB
MemAvailable:    1508220 kB
Buffers:           50692 kB
Cached:           783324 kB
MemTotal:        1844596 kB
MemFree:          782552 kB
MemAvailable:    1508100 kB
Buffers:           50692 kB
Cached:           783324 kB
MemTotal:        1844596 kB
MemFree:          782636 kB
MemAvailable:    1508184 kB
Buffers:           50692 kB
Cached:           783324 kB
MemTotal:        1844596 kB
MemFree:          782428 kB
MemAvailable:    1507976 kB
Buffers:           50692 kB
Cached:           783324 kB
MemTotal:        1844596 kB
MemFree:          782428 kB
MemAvailable:    1507976 kB
Buffers:           50692 kB
Cached:           783324 kB
MemTotal:        1844596 kB
MemFree:          782260 kB
MemAvailable:    1507808 kB
Buffers:           50692 kB
Cached:           783324 kB
MemTotal:        1844596 kB
MemFree:          782596 kB
MemAvailable:    1508144 kB
Buffers:           50692 kB
Cached:           783324 kB
MemTotal:        1844596 kB
MemFree:          782388 kB
MemAvailable:    1507936 kB
Buffers:           50692 kB
Cached:           783324 kB
MemTotal:        1844596 kB
MemFree:          782724 kB
MemAvailable:    1508272 kB
Buffers:           50692 kB
Cached:           783324 kB
MemTotal:        1844596 kB
MemFree:          782508 kB
MemAvailable:    1508056 kB
Buffers:           50692 kB
Cached:           783324 kB
MemTotal:        1844596 kB
MemFree:          782760 kB
MemAvailable:    1508308 kB
Buffers:           50692 kB
Cached:           783324 kB
MemTotal:        1844596 kB
MemFree:          781292 kB
MemAvailable:    1506844 kB
Buffers:           50692 kB
Cached:           783328 kB
MemTotal:        1844596 kB
MemFree:          782524 kB
MemAvailable:    1508076 kB
Buffers:           50692 kB
Cached:           783328 kB
MemTotal:        1844596 kB
MemFree:          782276 kB
MemAvailable:    1507828 kB
Buffers:           50692 kB
Cached:           783328 kB
MemTotal:        1844596 kB
MemFree:          782076 kB
MemAvailable:    1507628 kB
Buffers:           50692 kB
Cached:           783328 kB
MemTotal:        1844596 kB
MemFree:          781904 kB
MemAvailable:    1507456 kB
Buffers:           50692 kB
Cached:           783328 kB
MemTotal:        1844596 kB
MemFree:          781464 kB
MemAvailable:    1507016 kB
Buffers:           50692 kB
Cached:           783328 kB
MemTotal:        1844596 kB
MemFree:          780348 kB
MemAvailable:    1505900 kB
Buffers:           50692 kB
Cached:           783328 kB
MemTotal:        1844596 kB
MemFree:          781088 kB
MemAvailable:    1506640 kB
Buffers:           50692 kB
Cached:           783328 kB
MemTotal:        1844596 kB
MemFree:          781028 kB
MemAvailable:    1506580 kB
Buffers:           50692 kB
Cached:           783328 kB
MemTotal:        1844596 kB
MemFree:          781028 kB
MemAvailable:    1506580 kB
Buffers:           50692 kB
Cached:           783328 kB
MemTotal:        1844596 kB
MemFree:          779720 kB
MemAvailable:    1505272 kB
Buffers:           50692 kB
Cached:           783328 kB
MemTotal:        1844596 kB
MemFree:          779804 kB
MemAvailable:    1505356 kB
Buffers:           50692 kB
Cached:           783328 kB
MemTotal:        1844596 kB
MemFree:          779556 kB
MemAvailable:    1505108 kB
Buffers:           50692 kB
Cached:           783328 kB
MemTotal:        1844596 kB
MemFree:          778968 kB
MemAvailable:    1504520 kB
Buffers:           50692 kB
Cached:           783328 kB
MemTotal:        1844596 kB
MemFree:          779304 kB
MemAvailable:    1504856 kB
Buffers:           50692 kB
Cached:           783328 kB
MemTotal:        1844596 kB
MemFree:          777852 kB
MemAvailable:    1503404 kB
Buffers:           50692 kB
Cached:           783328 kB
MemTotal:        1844596 kB
MemFree:          778728 kB
MemAvailable:    1504280 kB
Buffers:           50692 kB
Cached:           783328 kB
MemTotal:        1844596 kB
MemFree:          778984 kB
MemAvailable:    1504536 kB
Buffers:           50692 kB
Cached:           783328 kB
MemTotal:        1844596 kB
MemFree:          778916 kB
MemAvailable:    1504468 kB
Buffers:           50692 kB
Cached:           783328 kB
MemTotal:        1844596 kB
MemFree:          778916 kB
MemAvailable:    1504468 kB
Buffers:           50692 kB
Cached:           783328 kB
MemTotal:        1844596 kB
MemFree:          778524 kB
MemAvailable:    1504076 kB
Buffers:           50692 kB
Cached:           783328 kB
MemTotal:        1844596 kB
MemFree:          778548 kB
MemAvailable:    1504100 kB
Buffers:           50692 kB
Cached:           783328 kB
MemTotal:        1844596 kB
MemFree:          778800 kB
MemAvailable:    1504352 kB
Buffers:           50692 kB
Cached:           783328 kB
MemTotal:        1844596 kB
MemFree:          778604 kB
MemAvailable:    1504156 kB
Buffers:           50692 kB
Cached:           783328 kB
MemTotal:        1844596 kB
MemFree:          778856 kB
MemAvailable:    1504408 kB
Buffers:           50692 kB
Cached:           783328 kB
MemTotal:        1844596 kB
MemFree:          776992 kB
MemAvailable:    1502544 kB
Buffers:           50692 kB
Cached:           783328 kB
MemTotal:        1844596 kB
MemFree:          776992 kB
MemAvailable:    1502544 kB
Buffers:           50692 kB
Cached:           783328 kB
MemTotal:        1844596 kB
MemFree:          774704 kB
MemAvailable:    1500256 kB
Buffers:           50692 kB
Cached:           783328 kB
MemTotal:        1844596 kB
MemFree:          772164 kB
MemAvailable:    1497716 kB
Buffers:           50692 kB
Cached:           783328 kB
MemTotal:        1844596 kB
MemFree:          773340 kB
MemAvailable:    1498892 kB
Buffers:           50692 kB
Cached:           783328 kB
MemTotal:        1844596 kB
MemFree:          773148 kB
MemAvailable:    1498700 kB
Buffers:           50692 kB
Cached:           783328 kB
MemTotal:        1844596 kB
MemFree:          773148 kB
MemAvailable:    1498700 kB
Buffers:           50692 kB
Cached:           783328 kB
MemTotal:        1844596 kB
MemFree:          772720 kB
MemAvailable:    1498272 kB
Buffers:           50692 kB
Cached:           783328 kB
MemTotal:        1844596 kB
MemFree:          772720 kB
MemAvailable:    1498272 kB
Buffers:           50692 kB
Cached:           783328 kB
MemTotal:        1844596 kB
MemFree:          772660 kB
MemAvailable:    1498212 kB
Buffers:           50692 kB
Cached:           783328 kB
MemTotal:        1844596 kB
MemFree:          772844 kB
MemAvailable:    1498396 kB
Buffers:           50692 kB
Cached:           783328 kB
MemTotal:        1844596 kB
MemFree:          772828 kB
MemAvailable:    1498380 kB
Buffers:           50692 kB
Cached:           783328 kB
MemTotal:        1844596 kB
MemFree:          771924 kB
MemAvailable:    1497476 kB
Buffers:           50692 kB
Cached:           783328 kB
MemTotal:        1844596 kB
MemFree:          772348 kB
MemAvailable:    1497900 kB
Buffers:           50692 kB
Cached:           783328 kB
MemTotal:        1844596 kB
MemFree:          772684 kB
MemAvailable:    1498236 kB
Buffers:           50692 kB
Cached:           783328 kB
MemTotal:        1844596 kB
MemFree:          771668 kB
MemAvailable:    1497220 kB
Buffers:           50692 kB
Cached:           783328 kB
MemTotal:        1844596 kB
MemFree:          771472 kB
MemAvailable:    1497024 kB
Buffers:           50692 kB
Cached:           783328 kB
MemTotal:        1844596 kB
MemFree:          769428 kB
MemAvailable:    1494980 kB
Buffers:           50692 kB
Cached:           783328 kB
MemTotal:        1844596 kB
MemFree:          769304 kB
MemAvailable:    1494856 kB
Buffers:           50692 kB
Cached:           783328 kB
MemTotal:        1844596 kB
MemFree:          769340 kB
MemAvailable:    1494892 kB
Buffers:           50692 kB
Cached:           783328 kB
MemTotal:        1844596 kB
MemFree:          769560 kB
MemAvailable:    1495112 kB
Buffers:           50692 kB
Cached:           783328 kB
MemTotal:        1844596 kB
MemFree:          768008 kB
MemAvailable:    1493560 kB
Buffers:           50692 kB
Cached:           783328 kB
MemTotal:        1844596 kB
MemFree:          769248 kB
MemAvailable:    1494800 kB
Buffers:           50692 kB
Cached:           783328 kB
MemTotal:        1844596 kB
MemFree:          769584 kB
MemAvailable:    1495136 kB
Buffers:           50692 kB
Cached:           783328 kB
MemTotal:        1844596 kB
MemFree:          771372 kB
MemAvailable:    1496924 kB
Buffers:           50692 kB
Cached:           783328 kB
MemTotal:        1844596 kB
MemFree:          771428 kB
MemAvailable:    1496980 kB
Buffers:           50692 kB
Cached:           783328 kB
MemTotal:        1844596 kB
MemFree:          771156 kB
MemAvailable:    1496792 kB
Buffers:           50692 kB
Cached:           783452 kB
MemTotal:        1844596 kB
MemFree:          771492 kB
MemAvailable:    1497128 kB
Buffers:           50692 kB
Cached:           783452 kB
MemTotal:        1844596 kB
MemFree:          770040 kB
MemAvailable:    1495844 kB
Buffers:           50692 kB
Cached:           783700 kB
MemTotal:        1844596 kB
MemFree:          770908 kB
MemAvailable:    1496964 kB
Buffers:           50692 kB
Cached:           783824 kB
MemTotal:        1844596 kB
MemFree:          770908 kB
MemAvailable:    1496964 kB
Buffers:           50692 kB
Cached:           783824 kB
MemTotal:        1844596 kB
MemFree:          770772 kB
MemAvailable:    1496912 kB
Buffers:           50692 kB
Cached:           783948 kB
MemTotal:        1844596 kB
MemFree:          770772 kB
MemAvailable:    1496912 kB
Buffers:           50692 kB
Cached:           783948 kB
MemTotal:        1844596 kB
MemFree:          770744 kB
MemAvailable:    1496884 kB
Buffers:           50692 kB
Cached:           783948 kB
MemTotal:        1844596 kB
MemFree:          770716 kB
MemAvailable:    1496856 kB
Buffers:           50692 kB
Cached:           783948 kB
MemTotal:        1844596 kB
MemFree:          769932 kB
MemAvailable:    1496072 kB
Buffers:           50692 kB
Cached:           783948 kB
MemTotal:        1844596 kB
MemFree:          770524 kB
MemAvailable:    1496664 kB
Buffers:           50692 kB
Cached:           783948 kB
MemTotal:        1844596 kB
MemFree:          770860 kB
MemAvailable:    1497000 kB
Buffers:           50692 kB
Cached:           783948 kB
MemTotal:        1844596 kB
MemFree:          770676 kB
MemAvailable:    1496816 kB
Buffers:           50692 kB
Cached:           783948 kB
MemTotal:        1844596 kB
MemFree:          770488 kB
MemAvailable:    1496712 kB
Buffers:           50692 kB
Cached:           783948 kB
MemTotal:        1844596 kB
MemFree:          770740 kB
MemAvailable:    1496964 kB
Buffers:           50692 kB
Cached:           783948 kB
MemTotal:        1844596 kB
MemFree:          770016 kB
MemAvailable:    1495652 kB
Buffers:           50692 kB
Cached:           783316 kB
MemTotal:        1844596 kB
MemFree:          840008 kB
MemAvailable:    1565644 kB
Buffers:           50692 kB
Cached:           783316 kB
