MemTotal:        1844596 kB
MemFree:          676144 kB
MemAvailable:    1527420 kB
Buffers:           63452 kB
Cached:           885976 kB
MemTotal:        1844596 kB
MemFree:          674524 kB
MemAvailable:    1525800 kB
Buffers:           63452 kB
Cached:           885976 kB
MemTotal:        1844596 kB
MemFree:          673416 kB
MemAvailable:    1524692 kB
Buffers:           63452 kB
Cached:           885976 kB
MemTotal:        1844596 kB
MemFree:          672416 kB
MemAvailable:    1523692 kB
Buffers:           63452 kB
Cached:           885976 kB
MemTotal:        1844596 kB
MemFree:          672500 kB
MemAvailable:    1523776 kB
Buffers:           63452 kB
Cached:           885976 kB
MemTotal:        1844596 kB
MemFree:          672112 kB
MemAvailable:    1523388 kB
Buffers:           63452 kB
Cached:           885976 kB
MemTotal:        1844596 kB
MemFree:          672448 kB
MemAvailable:    1523724 kB
Buffers:           63452 kB
Cached:           885976 kB
MemTotal:        1844596 kB
MemFree:          667828 kB
MemAvailable:    1519104 kB
Buffers:           63452 kB
Cached:           885976 kB
MemTotal:        1844596 kB
MemFree:          666160 kB
MemAvailable:    1517436 kB
Buffers:           63452 kB
Cached:           885976 kB
MemTotal:        1844596 kB
MemFree:          661512 kB
MemAvailable:    1512788 kB
Buffers:           63452 kB
Cached:           885976 kB
MemTotal:        1844596 kB
MemFree:          662548 kB
MemAvailable:    1513824 kB
Buffers:           63452 kB
Cached:           885976 kB
MemTotal:        1844596 kB
MemFree:          662532 kB
MemAvailable:    1513808 kB
Buffers:           63452 kB
Cached:           885976 kB
MemTotal:        1844596 kB
MemFree:          662532 kB
MemAvailable:    1513808 kB
Buffers:           63452 kB
Cached:           885976 kB
MemTotal:        1844596 kB
MemFree:          662476 kB
MemAvailable:    1513752 kB
Buffers:           63452 kB
Cached:           885976 kB
MemTotal:        1844596 kB
MemFree:          662132 kB
MemAvailable:    1513408 kB
Buffers:           63452 kB
Cached:           885976 kB
MemTotal:        1844596 kB
MemFree:          662324 kB
MemAvailable:    1513600 kB
Buffers:           63452 kB
Cached:           885976 kB
MemTotal:        1844596 kB
MemFree:          661076 kB
MemAvailable:    1512352 kB
Buffers:           63452 kB
Cached:           885976 kB
MemTotal:        1844596 kB
MemFree:          660504 kB
MemAvailable:    1511780 kB
Buffers:           63452 kB
Cached:           885976 kB
MemTotal:        1844596 kB
MemFree:          660272 kB
MemAvailable:    1511548 kB
Buffers:           63452 kB
Cached:           885976 kB
MemTotal:        1844596 kB
MemFree:          660208 kB
MemAvailable:    1511484 kB
Buffers:           63452 kB
Cached:           885976 kB
MemTotal:        1844596 kB
MemFree:          660464 kB
MemAvailable:    1511740 kB
Buffers:           63452 kB
Cached:           885976 kB
MemTotal:        1844596 kB
MemFree:          660144 kB
MemAvailable:    1511420 kB
Buffers:           63452 kB
Cached:           885976 kB
MemTotal:        1844596 kB
MemFree:          659032 kB
MemAvailable:    1510308 kB
Buffers:           63452 kB
Cached:           885976 kB
MemTotal:        1844596 kB
MemFree:          660232 kB
MemAvailable:    1511508 kB
Buffers:           63452 kB
Cached:           885976 kB
MemTotal:        1844596 kB
MemFree:          659032 kB
MemAvailable:    1510308 kB
Buffers:           63452 kB
Cached:           885976 kB
MemTotal:        1844596 kB
MemFree:          660332 kB
MemAvailable:    1511608 kB
Buffers:           63452 kB
Cached:           885976 kB
MemTotal:        1844596 kB
MemFree:          659396 kB
MemAvailable:    1510672 kB
Buffers:           63452 kB
Cached:           885976 kB
MemTotal:        1844596 kB
MemFree:          660324 kB
MemAvailable:    1511604 kB
Buffers:           63452 kB
Cached:           885980 kB
MemTotal:        1844596 kB
MemFree:          659280 kB
MemAvailable:    1510560 kB
Buffers:           63452 kB
Cached:           885980 kB
MemTotal:        1844596 kB
MemFree:          661300 kB
MemAvailable:    1512580 kB
Buffers:           63452 kB
Cached:           885980 kB
MemTotal:        1844596 kB
MemFree:          661520 kB
MemAvailable:    1512800 kB
Buffers:           63452 kB
Cached:           885980 kB
MemTotal:        1844596 kB
MemFree:          659580 kB
MemAvailable:    1510860 kB
Buffers:           63452 kB
Cached:           885980 kB
MemTotal:        1844596 kB
MemFree:          657660 kB
MemAvailable:    1508940 kB
Buffers:           63452 kB
Cached:           885980 kB
MemTotal:        1844596 kB
MemFree:          657660 kB
MemAvailable:    1508940 kB
Buffers:           63452 kB
Cached:           885980 kB
MemTotal:        1844596 kB
MemFree:          657296 kB
MemAvailable:    1508576 kB
Buffers:           63452 kB
Cached:           885980 kB
MemTotal:        1844596 kB
MemFree:          656792 kB
MemAvailable:    1508072 kB
Buffers:           63452 kB
Cached:           885980 kB
MemTotal:        1844596 kB
MemFree:          657048 kB
MemAvailable:    1508328 kB
Buffers:           63452 kB
Cached:           885980 kB
MemTotal:        1844596 kB
MemFree:          656056 kB
MemAvailable:    1507336 kB
Buffers:           63452 kB
Cached:           885980 kB
MemTotal:        1844596 kB
MemFree:          654816 kB
MemAvailable:    1506096 kB
Buffers:           63452 kB
Cached:           885980 kB
MemTotal:        1844596 kB
MemFree:          655740 kB
MemAvailable:    1507020 kB
Buffers:           63452 kB
Cached:           885980 kB
MemTotal:        1844596 kB
MemFree:          655684 kB
MemAvailable:    1506964 kB
Buffers:           63452 kB
Cached:           885980 kB
MemTotal:        1844596 kB
MemFree:          655752 kB
MemAvailable:    1507032 kB
Buffers:           63452 kB
Cached:           885980 kB
MemTotal:        1844596 kB
MemFree:          655732 kB
MemAvailable:    1507012 kB
Buffers:           63452 kB
Cached:           885980 kB
MemTotal:        1844596 kB
MemFree:          655732 kB
MemAvailable:    1507012 kB
Buffers:           63452 kB
Cached:           885980 kB
MemTotal:        1844596 kB
MemFree:          655420 kB
MemAvailable:    1506700 kB
Buffers:           63452 kB
Cached:           885980 kB
MemTotal:        1844596 kB
MemFree:          654816 kB
MemAvailable:    1506096 kB
Buffers:           63452 kB
Cached:           885980 kB
MemTotal:        1844596 kB
MemFree:          655308 kB
MemAvailable:    1506588 kB
Buffers:           63452 kB
Cached:           885980 kB
MemTotal:        1844596 kB
MemFree:          655248 kB
MemAvailable:    1506528 kB
Buffers:           63452 kB
Cached:           885980 kB
MemTotal:        1844596 kB
MemFree:          653560 kB
MemAvailable:    1504840 kB
Buffers:           63452 kB
Cached:           885980 kB
MemTotal:        1844596 kB
MemFree:          654912 kB
MemAvailable:    1506192 kB
Buffers:           63452 kB
Cached:           885980 kB
MemTotal:        1844596 kB
MemFree:          654912 kB
MemAvailable:    1506192 kB
Buffers:           63452 kB
Cached:           885980 kB
MemTotal:        1844596 kB
MemFree:          654828 kB
MemAvailable:    1506112 kB
Buffers:           63452 kB
Cached:           885984 kB
MemTotal:        1844596 kB
MemFree:          655124 kB
MemAvailable:    1506408 kB
Buffers:           63452 kB
Cached:           885984 kB
MemTotal:        1844596 kB
MemFree:          653692 kB
MemAvailable:    1504976 kB
Buffers:           63452 kB
Cached:           885984 kB
MemTotal:        1844596 kB
MemFree:          654932 kB
MemAvailable:    1506216 kB
Buffers:           63452 kB
Cached:           885984 kB
MemTotal:        1844596 kB
MemFree:          653568 kB
MemAvailable:    1504852 kB
Buffers:           63452 kB
Cached:           885984 kB
MemTotal:        1844596 kB
MemFree:          654760 kB
MemAvailable:    1506044 kB
Buffers:           63452 kB
Cached:           885984 kB
MemTotal:        1844596 kB
MemFree:          655012 kB
MemAvailable:    1506296 kB
Buffers:           63452 kB
Cached:           885984 kB
MemTotal:        1844596 kB
MemFree:          654684 kB
MemAvailable:    1505968 kB
Buffers:           63452 kB
Cached:           885984 kB
MemTotal:        1844596 kB
MemFree:          653444 kB
MemAvailable:    1504728 kB
Buffers:           63452 kB
Cached:           885984 kB
MemTotal:        1844596 kB
MemFree:          654180 kB
MemAvailable:    1505464 kB
Buffers:           63452 kB
Cached:           885984 kB
MemTotal:        1844596 kB
MemFree:          654180 kB
MemAvailable:    1505464 kB
Buffers:           63452 kB
Cached:           885984 kB
MemTotal:        1844596 kB
MemFree:          653944 kB
MemAvailable:    1505228 kB
Buffers:           63452 kB
Cached:           885984 kB
MemTotal:        1844596 kB
MemFree:          653988 kB
MemAvailable:    1505272 kB
Buffers:           63452 kB
Cached:           885984 kB
MemTotal:        1844596 kB
MemFree:          653320 kB
MemAvailable:    1504604 kB
Buffers:           63452 kB
Cached:           885984 kB
MemTotal:        1844596 kB
MemFree:          653888 kB
MemAvailable:    1505172 kB
Buffers:           63452 kB
Cached:           885984 kB
MemTotal:        1844596 kB
MemFree:          654048 kB
MemAvailable:    1505332 kB
Buffers:           63452 kB
Cached:           885984 kB
MemTotal:        1844596 kB
MemFree:          653328 kB
MemAvailable:    1504612 kB
Buffers:           63452 kB
Cached:           885984 kB
MemTotal:        1844596 kB
MemFree:          653932 kB
MemAvailable:    1505220 kB
Buffers:           63452 kB
Cached:           885988 kB
MemTotal:        1844596 kB
MemFree:          653700 kB
MemAvailable:    1504988 kB
Buffers:           63452 kB
Cached:           885988 kB
MemTotal:        1844596 kB
MemFree:          653804 kB
MemAvailable:    1505092 kB
Buffers:           63452 kB
Cached:           885988 kB
MemTotal:        1844596 kB
MemFree:          654056 kB
MemAvailable:    1505344 kB
Buffers:           63452 kB
Cached:           885988 kB
MemTotal:        1844596 kB
MemFree:          652452 kB
MemAvailable:    1503740 kB
Buffers:           63452 kB
Cached:           885988 kB
MemTotal:        1844596 kB
MemFree:          650476 kB
MemAvailable:    1501764 kB
Buffers:           63452 kB
Cached:           885988 kB
MemTotal:        1844596 kB
MemFree:          647808 kB
MemAvailable:    1499096 kB
Buffers:           63452 kB
Cached:           885988 kB
MemTotal:        1844596 kB
MemFree:          646568 kB
MemAvailable:    1497856 kB
Buffers:           63452 kB
Cached:           885988 kB
MemTotal:        1844596 kB
MemFree:          645004 kB
MemAvailable:    1496292 kB
Buffers:           63452 kB
Cached:           885988 kB
MemTotal:        1844596 kB
MemFree:          646072 kB
MemAvailable:    1497360 kB
Buffers:           63452 kB
Cached:           885988 kB
MemTotal:        1844596 kB
MemFree:          645020 kB
MemAvailable:    1496308 kB
Buffers:           63452 kB
Cached:           885988 kB
MemTotal:        1844596 kB
MemFree:          644592 kB
MemAvailable:    1495880 kB
Buffers:           63452 kB
Cached:           885988 kB
MemTotal:        1844596 kB
MemFree:          645892 kB
MemAvailable:    1497180 kB
Buffers:           63452 kB
Cached:           885988 kB
MemTotal:        1844596 kB
MemFree:          645984 kB
MemAvailable:    1497272 kB
Buffers:           63452 kB
Cached:           885988 kB
MemTotal:        1844596 kB
MemFree:          646208 kB
MemAvailable:    1497496 kB
Buffers:           63452 kB
Cached:           885988 kB
MemTotal:        1844596 kB
MemFree:          645884 kB
MemAvailable:    1497172 kB
Buffers:           63452 kB
Cached:           885988 kB
MemTotal:        1844596 kB
MemFree:          644708 kB
MemAvailable:    1495996 kB
Buffers:           63452 kB
Cached:           885988 kB
MemTotal:        1844596 kB
MemFree:          644744 kB
MemAvailable:    1496032 kB
Buffers:           63452 kB
Cached:           885988 kB
MemTotal:        1844596 kB
MemFree:          645820 kB
MemAvailable:    1497108 kB
Buffers:           63452 kB
Cached:           885988 kB
MemTotal:        1844596 kB
MemFree:          644824 kB
MemAvailable:    1496112 kB
Buffers:           63452 kB
Cached:           885988 kB
MemTotal:        1844596 kB
MemFree:          645860 kB
MemAvailable:    1497148 kB
Buffers:           63452 kB
Cached:           885988 kB
MemTotal:        1844596 kB
MemFree:          644448 kB
MemAvailable:    1495736 kB
Buffers:           63452 kB
Cached:           885988 kB
MemTotal:        1844596 kB
MemFree:          645392 kB
MemAvailable:    1496680 kB
Buffers:           63452 kB
Cached:           885988 kB
MemTotal:        1844596 kB
MemFree:          644020 kB
MemAvailable:    1495308 kB
Buffers:           63452 kB
Cached:           885988 kB
MemTotal:        1844596 kB
MemFree:          644824 kB
MemAvailable:    1496112 kB
Buffers:           63452 kB
Cached:           885988 kB
MemTotal:        1844596 kB
MemFree:          643408 kB
MemAvailable:    1494696 kB
Buffers:           63452 kB
Cached:           885988 kB
MemTotal:        1844596 kB
MemFree:          644080 kB
MemAvailable:    1495368 kB
Buffers:           63452 kB
Cached:           885988 kB
MemTotal:        1844596 kB
MemFree:          644416 kB
MemAvailable:    1495704 kB
Buffers:           63452 kB
Cached:           885988 kB
MemTotal:        1844596 kB
MemFree:          643152 kB
MemAvailable:    1494440 kB
Buffers:           63452 kB
Cached:           885988 kB
MemTotal:        1844596 kB
MemFree:          643488 kB
MemAvailable:    1494776 kB
Buffers:           63452 kB
Cached:           885988 kB
MemTotal:        1844596 kB
MemFree:          642532 kB
MemAvailable:    1493820 kB
Buffers:           63452 kB
Cached:           885988 kB
MemTotal:        1844596 kB
MemFree:          642052 kB
MemAvailable:    1493340 kB
Buffers:           63452 kB
Cached:           885988 kB
MemTotal:        1844596 kB
MemFree:          642296 kB
MemAvailable:    1493584 kB
Buffers:           63452 kB
Cached:           885988 kB
MemTotal:        1844596 kB
MemFree:          642424 kB
MemAvailable:    1493712 kB
Buffers:           63452 kB
Cached:           885988 kB
MemTotal:        1844596 kB
MemFree:          641672 kB
MemAvailable:    1492960 kB
Buffers:           63452 kB
Cached:           885988 kB
MemTotal:        1844596 kB
MemFree:          642104 kB
MemAvailable:    1493392 kB
Buffers:           63452 kB
Cached:           885988 kB
MemTotal:        1844596 kB
MemFree:          642360 kB
MemAvailable:    1493648 kB
Buffers:           63452 kB
Cached:           885988 kB
MemTotal:        1844596 kB
MemFree:          641884 kB
MemAvailable:    1493172 kB
Buffers:           63452 kB
Cached:           885988 kB
MemTotal:        1844596 kB
MemFree:          640480 kB
MemAvailable:    1491768 kB
Buffers:           63452 kB
Cached:           885988 kB
MemTotal:        1844596 kB
MemFree:          642012 kB
MemAvailable:    1493300 kB
Buffers:           63452 kB
Cached:           885988 kB
MemTotal:        1844596 kB
MemFree:          641300 kB
MemAvailable:    1492588 kB
Buffers:           63452 kB
Cached:           885988 kB
MemTotal:        1844596 kB
MemFree:          642044 kB
MemAvailable:    1493332 kB
Buffers:           63452 kB
Cached:           885988 kB
MemTotal:        1844596 kB
MemFree:          640868 kB
MemAvailable:    1492156 kB
Buffers:           63452 kB
Cached:           885988 kB
MemTotal:        1844596 kB
MemFree:          641216 kB
MemAvailable:    1492504 kB
Buffers:           63452 kB
Cached:           885988 kB
MemTotal:        1844596 kB
MemFree:          639936 kB
MemAvailable:    1491224 kB
Buffers:           63452 kB
Cached:           885988 kB
MemTotal:        1844596 kB
MemFree:          640256 kB
MemAvailable:    1491544 kB
Buffers:           63452 kB
Cached:           885988 kB
MemTotal:        1844596 kB
MemFree:          636896 kB
MemAvailable:    1488184 kB
Buffers:           63452 kB
Cached:           885988 kB
MemTotal:        1844596 kB
MemFree:          635712 kB
MemAvailable:    1487000 kB
Buffers:           63452 kB
Cached:           885988 kB
MemTotal:        1844596 kB
MemFree:          636648 kB
MemAvailable:    1487936 kB
Buffers:           63452 kB
Cached:           885988 kB
MemTotal:        1844596 kB
MemFree:          635208 kB
MemAvailable:    1486496 kB
Buffers:           63452 kB
Cached:           885988 kB
MemTotal:        1844596 kB
MemFree:          636316 kB
MemAvailable:    1487604 kB
Buffers:           63452 kB
Cached:           885988 kB
MemTotal:        1844596 kB
MemFree:          636400 kB
MemAvailable:    1487688 kB
Buffers:           63452 kB
Cached:           885988 kB
MemTotal:        1844596 kB
MemFree:          636056 kB
MemAvailable:    1487344 kB
Buffers:           63452 kB
Cached:           885988 kB
MemTotal:        1844596 kB
MemFree:          636092 kB
MemAvailable:    1487380 kB
Buffers:           63452 kB
Cached:           885988 kB
MemTotal:        1844596 kB
MemFree:          634664 kB
MemAvailable:    1485952 kB
Buffers:           63452 kB
Cached:           885988 kB
MemTotal:        1844596 kB
MemFree:          635348 kB
MemAvailable:    1486636 kB
Buffers:           63452 kB
Cached:           885988 kB
MemTotal:        1844596 kB
MemFree:          636288 kB
MemAvailable:    1487576 kB
Buffers:           63452 kB
Cached:           885988 kB
MemTotal:        1844596 kB
MemFree:          633984 kB
MemAvailable:    1485280 kB
Buffers:           63452 kB
Cached:           885996 kB
MemTotal:        1844596 kB
MemFree:          633488 kB
MemAvailable:    1484784 kB
Buffers:           63452 kB
Cached:           885996 kB
MemTotal:        1844596 kB
MemFree:          633356 kB
MemAvailable:    1484652 kB
Buffers:           63452 kB
Cached:           885996 kB
MemTotal:        1844596 kB
MemFree:          633152 kB
MemAvailable:    1484448 kB
Buffers:           63452 kB
Cached:           885996 kB
MemTotal:        1844596 kB
MemFree:          632000 kB
MemAvailable:    1483296 kB
Buffers:           63452 kB
Cached:           885996 kB
MemTotal:        1844596 kB
MemFree:          632852 kB
MemAvailable:    1484148 kB
Buffers:           63452 kB
Cached:           885996 kB
MemTotal:        1844596 kB
MemFree:          633188 kB
MemAvailable:    1484484 kB
Buffers:           63452 kB
Cached:           885996 kB
MemTotal:        1844596 kB
MemFree:          633544 kB
MemAvailable:    1484840 kB
Buffers:           63452 kB
Cached:           885996 kB
MemTotal:        1844596 kB
MemFree:          634784 kB
MemAvailable:    1486080 kB
Buffers:           63452 kB
Cached:           885996 kB
MemTotal:        1844596 kB
MemFree:          635036 kB
MemAvailable:    1486332 kB
Buffers:           63452 kB
Cached:           885996 kB
MemTotal:        1844596 kB
MemFree:          634580 kB
MemAvailable:    1486044 kB
Buffers:           63452 kB
Cached:           886244 kB
MemTotal:        1844596 kB
MemFree:          634832 kB
MemAvailable:    1486296 kB
Buffers:           63452 kB
Cached:           886244 kB
MemTotal:        1844596 kB
MemFree:          634448 kB
MemAvailable:    1486164 kB
Buffers:           63452 kB
Cached:           886368 kB
MemTotal:        1844596 kB
MemFree:          634448 kB
MemAvailable:    1486164 kB
Buffers:           63452 kB
Cached:           886368 kB
MemTotal:        1844596 kB
MemFree:          634340 kB
MemAvailable:    1486140 kB
Buffers:           63452 kB
Cached:           886492 kB
MemTotal:        1844596 kB
MemFree:          632956 kB
MemAvailable:    1484756 kB
Buffers:           63452 kB
Cached:           886492 kB
MemTotal:        1844596 kB
MemFree:          634056 kB
MemAvailable:    1485940 kB
Buffers:           63452 kB
Cached:           886616 kB
MemTotal:        1844596 kB
MemFree:          634224 kB
MemAvailable:    1486108 kB
Buffers:           63452 kB
Cached:           886616 kB
MemTotal:        1844596 kB
MemFree:          634272 kB
MemAvailable:    1486156 kB
Buffers:           63452 kB
Cached:           886616 kB
MemTotal:        1844596 kB
MemFree:          634232 kB
MemAvailable:    1486116 kB
Buffers:           63452 kB
Cached:           886616 kB
MemTotal:        1844596 kB
MemFree:          632800 kB
MemAvailable:    1484684 kB
Buffers:           63452 kB
Cached:           886616 kB
MemTotal:        1844596 kB
MemFree:          634100 kB
MemAvailable:    1486068 kB
Buffers:           63452 kB
Cached:           886740 kB
MemTotal:        1844596 kB
MemFree:          634908 kB
MemAvailable:    1486288 kB
Buffers:           63452 kB
Cached:           886108 kB
MemTotal:        1844596 kB
MemFree:          633440 kB
MemAvailable:    1484820 kB
Buffers:           63452 kB
Cached:           886108 kB
MemTotal:        1844596 kB
MemFree:          702632 kB
MemAvailable:    1554012 kB
Buffers:           63452 kB
Cached:           886108 kB
