MemTotal:        1844596 kB
MemFree:          874328 kB
MemAvailable:    1543112 kB
Buffers:           44216 kB
Cached:           735316 kB
MemTotal:        1844596 kB
MemFree:          873576 kB
MemAvailable:    1542360 kB
Buffers:           44216 kB
Cached:           735316 kB
MemTotal:        1844596 kB
MemFree:          872776 kB
MemAvailable:    1541560 kB
Buffers:           44216 kB
Cached:           735316 kB
MemTotal:        1844596 kB
MemFree:          871412 kB
MemAvailable:    1540196 kB
Buffers:           44216 kB
Cached:           735316 kB
MemTotal:        1844596 kB
MemFree:          869980 kB
MemAvailable:    1538764 kB
Buffers:           44216 kB
Cached:           735316 kB
MemTotal:        1844596 kB
MemFree:          870668 kB
MemAvailable:    1539452 kB
Buffers:           44216 kB
Cached:           735316 kB
MemTotal:        1844596 kB
MemFree:          870112 kB
MemAvailable:    1538896 kB
Buffers:           44216 kB
Cached:           735316 kB
MemTotal:        1844596 kB
MemFree:          866444 kB
MemAvailable:    1535228 kB
Buffers:           44216 kB
Cached:           735316 kB
MemTotal:        1844596 kB
MemFree:          864160 kB
MemAvailable:    1532944 kB
Buffers:           44216 kB
Cached:           735316 kB
MemTotal:        1844596 kB
MemFree:          860052 kB
MemAvailable:    1528836 kB
Buffers:           44216 kB
Cached:           735316 kB
MemTotal:        1844596 kB
MemFree:          860388 kB
MemAvailable:    1529172 kB
Buffers:           44216 kB
Cached:           735316 kB
MemTotal:        1844596 kB
MemFree:          860344 kB
MemAvailable:    1529128 kB
Buffers:           44216 kB
Cached:           735316 kB
MemTotal:        1844596 kB
MemFree:          860140 kB
MemAvailable:    1528924 kB
Buffers:           44216 kB
Cached:           735316 kB
MemTotal:        1844596 kB
MemFree:          861416 kB
MemAvailable:    1530200 kB
Buffers:           44216 kB
Cached:           735316 kB
MemTotal:        1844596 kB
MemFree:          861668 kB
MemAvailable:    1530452 kB
Buffers:           44216 kB
Cached:           735316 kB
MemTotal:        1844596 kB
MemFree:          860052 kB
MemAvailable:    1528836 kB
Buffers:           44216 kB
Cached:           735316 kB
MemTotal:        1844596 kB
MemFree:          861060 kB
MemAvailable:    1529844 kB
Buffers:           44216 kB
Cached:           735316 kB
MemTotal:        1844596 kB
MemFree:          859804 kB
MemAvailable:    1528588 kB
Buffers:           44216 kB
Cached:           735316 kB
MemTotal:        1844596 kB
MemFree:          859888 kB
MemAvailable:    1528672 kB
Buffers:           44216 kB
Cached:           735316 kB
MemTotal:        1844596 kB
MemFree:          857960 kB
MemAvailable:    1526744 kB
Buffers:           44216 kB
Cached:           735316 kB
MemTotal:        1844596 kB
MemFree:          858084 kB
MemAvailable:    1526868 kB
Buffers:           44216 kB
Cached:           735316 kB
MemTotal:        1844596 kB
MemFree:          858780 kB
MemAvailable:    1527568 kB
Buffers:           44216 kB
Cached:           735320 kB
MemTotal:        1844596 kB
MemFree:          859036 kB
MemAvailable:    1527824 kB
Buffers:           44216 kB
Cached:           735320 kB
MemTotal:        1844596 kB
MemFree:          857784 kB
MemAvailable:    1526572 kB
Buffers:           44216 kB
Cached:           735320 kB
MemTotal:        1844596 kB
MemFree:          857536 kB
MemAvailable:    1526324 kB
Buffers:           44216 kB
Cached:           735320 kB
MemTotal:        1844596 kB
MemFree:          859068 kB
MemAvailable:    1527856 kB
Buffers:           44216 kB
Cached:           735320 kB
MemTotal:        1844596 kB
MemFree:          859052 kB
MemAvailable:    1527840 kB
Buffers:           44216 kB
Cached:           735320 kB
MemTotal:        1844596 kB
MemFree:          858812 kB
MemAvailable:    1527600 kB
Buffers:           44216 kB
Cached:           735320 kB
MemTotal:        1844596 kB
MemFree:          858812 kB
MemAvailable:    1527600 kB
Buffers:           44216 kB
Cached:           735320 kB
MemTotal:        1844596 kB
MemFree:          860236 kB
MemAvailable:    1529024 kB
Buffers:           44216 kB
Cached:           735320 kB
MemTotal:        1844596 kB
MemFree:          860252 kB
MemAvailable:    1529040 kB
Buffers:           44216 kB
Cached:           735320 kB
MemTotal:        1844596 kB
MemFree:          859648 kB
MemAvailable:    1528436 kB
Buffers:           44216 kB
Cached:           735320 kB
MemTotal:        1844596 kB
MemFree:          857208 kB
MemAvailable:    1525996 kB
Buffers:           44216 kB
Cached:           735320 kB
MemTotal:        1844596 kB
MemFree:          856720 kB
MemAvailable:    1525508 kB
Buffers:           44216 kB
Cached:           735320 kB
MemTotal:        1844596 kB
MemFree:          855728 kB
MemAvailable:    1524516 kB
Buffers:           44216 kB
Cached:           735320 kB
MemTotal:        1844596 kB
MemFree:          856224 kB
MemAvailable:    1525012 kB
Buffers:           44216 kB
Cached:           735320 kB
MemTotal:        1844596 kB
MemFree:          856208 kB
MemAvailable:    1524996 kB
Buffers:           44216 kB
Cached:           735320 kB
MemTotal:        1844596 kB
MemFree:          854860 kB
MemAvailable:    1523648 kB
Buffers:           44216 kB
Cached:           735320 kB
MemTotal:        1844596 kB
MemFree:          855420 kB
MemAvailable:    1524208 kB
Buffers:           44216 kB
Cached:           735320 kB
MemTotal:        1844596 kB
MemFree:          854836 kB
MemAvailable:    1523624 kB
Buffers:           44216 kB
Cached:           735320 kB
MemTotal:        1844596 kB
MemFree:          854920 kB
MemAvailable:    1523708 kB
Buffers:           44216 kB
Cached:           735320 kB
MemTotal:        1844596 kB
MemFree:          853600 kB
MemAvailable:    1522388 kB
Buffers:           44216 kB
Cached:           735320 kB
MemTotal:        1844596 kB
MemFree:          853476 kB
MemAvailable:    1522264 kB
Buffers:           44216 kB
Cached:           735320 kB
MemTotal:        1844596 kB
MemFree:          853560 kB
MemAvailable:    1522348 kB
Buffers:           44216 kB
Cached:           735320 kB
MemTotal:        1844596 kB
MemFree:          853596 kB
MemAvailable:    1522384 kB
Buffers:           44216 kB
Cached:           735320 kB
MemTotal:        1844596 kB
MemFree:          853340 kB
MemAvailable:    1522128 kB
Buffers:           44216 kB
Cached:           735320 kB
MemTotal:        1844596 kB
MemFree:          854424 kB
MemAvailable:    1523212 kB
Buffers:           44216 kB
Cached:           735320 kB
MemTotal:        1844596 kB
MemFree:          852876 kB
MemAvailable:    1521664 kB
Buffers:           44216 kB
Cached:           735320 kB
MemTotal:        1844596 kB
MemFree:          852992 kB
MemAvailable:    1521780 kB
Buffers:           44216 kB
Cached:           735320 kB
MemTotal:        1844596 kB
MemFree:          853812 kB
MemAvailable:    1522600 kB
Buffers:           44216 kB
Cached:           735320 kB
MemTotal:        1844596 kB
MemFree:          852812 kB
MemAvailable:    1521600 kB
Buffers:           44216 kB
Cached:           735320 kB
MemTotal:        1844596 kB
MemFree:          853740 kB
MemAvailable:    1522528 kB
Buffers:           44216 kB
Cached:           735320 kB
MemTotal:        1844596 kB
MemFree:          852432 kB
MemAvailable:    1521220 kB
Buffers:           44216 kB
Cached:           735320 kB
MemTotal:        1844596 kB
MemFree:          852432 kB
MemAvailable:    1521220 kB
Buffers:           44216 kB
Cached:           735320 kB
MemTotal:        1844596 kB
MemFree:          852548 kB
MemAvailable:    1521336 kB
Buffers:           44216 kB
Cached:           735320 kB
MemTotal:        1844596 kB
MemFree:          853856 kB
MemAvailable:    1522644 kB
Buffers:           44216 kB
Cached:           735320 kB
MemTotal:        1844596 kB
MemFree:          853652 kB
MemAvailable:    1522440 kB
Buffers:           44216 kB
Cached:           735320 kB
MemTotal:        1844596 kB
MemFree:          853820 kB
MemAvailable:    1522608 kB
Buffers:           44216 kB
Cached:           735320 kB
MemTotal:        1844596 kB
MemFree:          853472 kB
MemAvailable:    1522260 kB
Buffers:           44216 kB
Cached:           735320 kB
MemTotal:        1844596 kB
MemFree:          853472 kB
MemAvailable:    1522260 kB
Buffers:           44216 kB
Cached:           735320 kB
MemTotal:        1844596 kB
MemFree:          852112 kB
MemAvailable:    1520900 kB
Buffers:           44216 kB
Cached:           735320 kB
MemTotal:        1844596 kB
MemFree:          852112 kB
MemAvailable:    1520900 kB
Buffers:           44216 kB
Cached:           735320 kB
MemTotal:        1844596 kB
MemFree:          853096 kB
MemAvailable:    1521884 kB
Buffers:           44216 kB
Cached:           735320 kB
MemTotal:        1844596 kB
MemFree:          852512 kB
MemAvailable:    1521300 kB
Buffers:           44216 kB
Cached:           735320 kB
MemTotal:        1844596 kB
MemFree:          852936 kB
MemAvailable:    1521732 kB
Buffers:           44216 kB
Cached:           735328 kB
MemTotal:        1844596 kB
MemFree:          852764 kB
MemAvailable:    1521560 kB
Buffers:           44216 kB
Cached:           735328 kB
MemTotal:        1844596 kB
MemFree:          852244 kB
MemAvailable:    1521040 kB
Buffers:           44216 kB
Cached:           735328 kB
MemTotal:        1844596 kB
MemFree:          851328 kB
MemAvailable:    1520124 kB
Buffers:           44216 kB
Cached:           735328 kB
MemTotal:        1844596 kB
MemFree:          852920 kB
MemAvailable:    1521716 kB
Buffers:           44216 kB
Cached:           735328 kB
MemTotal:        1844596 kB
MemFree:          852008 kB
MemAvailable:    1520804 kB
Buffers:           44216 kB
Cached:           735328 kB
MemTotal:        1844596 kB
MemFree:          852692 kB
MemAvailable:    1521488 kB
Buffers:           44216 kB
Cached:           735328 kB
MemTotal:        1844596 kB
MemFree:          853028 kB
MemAvailable:    1521824 kB
Buffers:           44216 kB
Cached:           735328 kB
MemTotal:        1844596 kB
MemFree:          852720 kB
MemAvailable:    1521516 kB
Buffers:           44216 kB
Cached:           735328 kB
MemTotal:        1844596 kB
MemFree:          852720 kB
MemAvailable:    1521516 kB
Buffers:           44216 kB
Cached:           735328 kB
MemTotal:        1844596 kB
MemFree:          851248 kB
MemAvailable:    1520044 kB
Buffers:           44216 kB
Cached:           735328 kB
MemTotal:        1844596 kB
MemFree:          850644 kB
MemAvailable:    1519440 kB
Buffers:           44216 kB
Cached:           735328 kB
MemTotal:        1844596 kB
MemFree:          850272 kB
MemAvailable:    1519068 kB
Buffers:           44216 kB
Cached:           735328 kB
MemTotal:        1844596 kB
MemFree:          846056 kB
MemAvailable:    1514852 kB
Buffers:           44216 kB
Cached:           735328 kB
MemTotal:        1844596 kB
MemFree:          844320 kB
MemAvailable:    1513116 kB
Buffers:           44216 kB
Cached:           735328 kB
MemTotal:        1844596 kB
MemFree:          845000 kB
MemAvailable:    1513796 kB
Buffers:           44216 kB
Cached:           735328 kB
MemTotal:        1844596 kB
MemFree:          845252 kB
MemAvailable:    1514048 kB
Buffers:           44216 kB
Cached:           735328 kB
MemTotal:        1844596 kB
MemFree:          844752 kB
MemAvailable:    1513548 kB
Buffers:           44216 kB
Cached:           735328 kB
MemTotal:        1844596 kB
MemFree:          844568 kB
MemAvailable:    1513364 kB
Buffers:           44216 kB
Cached:           735328 kB
MemTotal:        1844596 kB
MemFree:          844664 kB
MemAvailable:    1513460 kB
Buffers:           44216 kB
Cached:           735328 kB
MemTotal:        1844596 kB
MemFree:          843896 kB
MemAvailable:    1512692 kB
Buffers:           44216 kB
Cached:           735328 kB
MemTotal:        1844596 kB
MemFree:          844752 kB
MemAvailable:    1513548 kB
Buffers:           44216 kB
Cached:           735328 kB
MemTotal:        1844596 kB
MemFree:          844780 kB
MemAvailable:    1513576 kB
Buffers:           44216 kB
Cached:           735328 kB
MemTotal:        1844596 kB
MemFree:          844444 kB
MemAvailable:    1513240 kB
Buffers:           44216 kB
Cached:           735328 kB
MemTotal:        1844596 kB
MemFree:          844988 kB
MemAvailable:    1513784 kB
Buffers:           44216 kB
Cached:           735328 kB
MemTotal:        1844596 kB
MemFree:          844816 kB
MemAvailable:    1513612 kB
Buffers:           44216 kB
Cached:           735328 kB
MemTotal:        1844596 kB
MemFree:          844808 kB
MemAvailable:    1513604 kB
Buffers:           44216 kB
Cached:           735328 kB
MemTotal:        1844596 kB
MemFree:          845060 kB
MemAvailable:    1513856 kB
Buffers:           44216 kB
Cached:           735328 kB
MemTotal:        1844596 kB
MemFree:          844768 kB
MemAvailable:    1513564 kB
Buffers:           44216 kB
Cached:           735328 kB
MemTotal:        1844596 kB
MemFree:          844948 kB
MemAvailable:    1513744 kB
Buffers:           44216 kB
Cached:           735328 kB
MemTotal:        1844596 kB
MemFree:          844072 kB
MemAvailable:    1512868 kB
Buffers:           44216 kB
Cached:           735328 kB
MemTotal:        1844596 kB
MemFree:          844720 kB
MemAvailable:    1513516 kB
Buffers:           44216 kB
Cached:           735328 kB
MemTotal:        1844596 kB
MemFree:          843080 kB
MemAvailable:    1511876 kB
Buffers:           44216 kB
Cached:           735328 kB
MemTotal:        1844596 kB
MemFree:          843808 kB
MemAvailable:    1512604 kB
Buffers:           44216 kB
Cached:           735328 kB
MemTotal:        1844596 kB
MemFree:          843808 kB
MemAvailable:    1512604 kB
Buffers:           44216 kB
Cached:           735328 kB
MemTotal:        1844596 kB
MemFree:          843388 kB
MemAvailable:    1512184 kB
Buffers:           44216 kB
Cached:           735328 kB
MemTotal:        1844596 kB
MemFree:          843212 kB
MemAvailable:    1512008 kB
Buffers:           44216 kB
Cached:           735328 kB
MemTotal:        1844596 kB
MemFree:          842692 kB
MemAvailable:    1511488 kB
Buffers:           44216 kB
Cached:           735328 kB
MemTotal:        1844596 kB
MemFree:          841952 kB
MemAvailable:    1510748 kB
Buffers:           44216 kB
Cached:           735328 kB
MemTotal:        1844596 kB
MemFree:          842196 kB
MemAvailable:    1510992 kB
Buffers:           44216 kB
Cached:           735328 kB
MemTotal:        1844596 kB
MemFree:          842448 kB
MemAvailable:    1511244 kB
Buffers:           44216 kB
Cached:           735328 kB
MemTotal:        1844596 kB
MemFree:          841940 kB
MemAvailable:    1510736 kB
Buffers:           44216 kB
Cached:           735328 kB
MemTotal:        1844596 kB
MemFree:          842024 kB
MemAvailable:    1510820 kB
Buffers:           44216 kB
Cached:           735328 kB
MemTotal:        1844596 kB
MemFree:          841468 kB
MemAvailable:    1510264 kB
Buffers:           44216 kB
Cached:           735328 kB
MemTotal:        1844596 kB
MemFree:          841396 kB
MemAvailable:    1510192 kB
Buffers:           44216 kB
Cached:           735328 kB
MemTotal:        1844596 kB
MemFree:          839964 kB
MemAvailable:    1508760 kB
Buffers:           44216 kB
Cached:           735328 kB
MemTotal:        1844596 kB
MemFree:          841324 kB
MemAvailable:    1510120 kB
Buffers:           44216 kB
Cached:           735328 kB
MemTotal:        1844596 kB
MemFree:          840956 kB
MemAvailable:    1509752 kB
Buffers:           44216 kB
Cached:           735328 kB
MemTotal:        1844596 kB
MemFree:          841096 kB
MemAvailable:    1509892 kB
Buffers:           44216 kB
Cached:           735328 kB
MemTotal:        1844596 kB
MemFree:          841084 kB
MemAvailable:    1509880 kB
Buffers:           44216 kB
Cached:           735328 kB
MemTotal:        1844596 kB
MemFree:          839712 kB
MemAvailable:    1508508 kB
Buffers:           44216 kB
Cached:           735328 kB
MemTotal:        1844596 kB
MemFree:          839704 kB
MemAvailable:    1508500 kB
Buffers:           44216 kB
Cached:           735328 kB
MemTotal:        1844596 kB
MemFree:          839836 kB
MemAvailable:    1508632 kB
Buffers:           44216 kB
Cached:           735328 kB
MemTotal:        1844596 kB
MemFree:          840076 kB
MemAvailable:    1508872 kB
Buffers:           44216 kB
Cached:           735328 kB
MemTotal:        1844596 kB
MemFree:          839836 kB
MemAvailable:    1508632 kB
Buffers:           44216 kB
Cached:           735328 kB
MemTotal:        1844596 kB
MemFree:          840724 kB
MemAvailable:    1509520 kB
Buffers:           44216 kB
Cached:           735328 kB
MemTotal:        1844596 kB
MemFree:          840528 kB
MemAvailable:    1509324 kB
Buffers:           44216 kB
Cached:           735328 kB
MemTotal:        1844596 kB
MemFree:          835880 kB
MemAvailable:    1504676 kB
Buffers:           44216 kB
Cached:           735328 kB
MemTotal:        1844596 kB
MemFree:          834648 kB
MemAvailable:    1503444 kB
Buffers:           44216 kB
Cached:           735328 kB
MemTotal:        1844596 kB
MemFree:          835516 kB
MemAvailable:    1504316 kB
Buffers:           44216 kB
Cached:           735332 kB
MemTotal:        1844596 kB
MemFree:          835204 kB
MemAvailable:    1504004 kB
Buffers:           44216 kB
Cached:           735332 kB
MemTotal:        1844596 kB
MemFree:          835288 kB
MemAvailable:    1504088 kB
Buffers:           44216 kB
Cached:           735332 kB
MemTotal:        1844596 kB
MemFree:          835452 kB
MemAvailable:    1504252 kB
Buffers:           44216 kB
Cached:           735332 kB
MemTotal:        1844596 kB
MemFree:          835524 kB
MemAvailable:    1504324 kB
Buffers:           44216 kB
Cached:           735332 kB
MemTotal:        1844596 kB
MemFree:          834392 kB
MemAvailable:    1503192 kB
Buffers:           44216 kB
Cached:           735332 kB
MemTotal:        1844596 kB
MemFree:          834880 kB
MemAvailable:    1503680 kB
Buffers:           44216 kB
Cached:           735332 kB
MemTotal:        1844596 kB
MemFree:          835216 kB
MemAvailable:    1504016 kB
Buffers:           44216 kB
Cached:           735332 kB
MemTotal:        1844596 kB
MemFree:          834888 kB
MemAvailable:    1503688 kB
Buffers:           44216 kB
Cached:           735332 kB
MemTotal:        1844596 kB
MemFree:          835012 kB
MemAvailable:    1503812 kB
Buffers:           44216 kB
Cached:           735332 kB
MemTotal:        1844596 kB
MemFree:          834028 kB
MemAvailable:    1502828 kB
Buffers:           44216 kB
Cached:           735332 kB
MemTotal:        1844596 kB
MemFree:          834212 kB
MemAvailable:    1503012 kB
Buffers:           44216 kB
Cached:           735332 kB
MemTotal:        1844596 kB
MemFree:          833964 kB
MemAvailable:    1502764 kB
Buffers:           44216 kB
Cached:           735332 kB
MemTotal:        1844596 kB
MemFree:          831780 kB
MemAvailable:    1500580 kB
Buffers:           44216 kB
Cached:           735332 kB
MemTotal:        1844596 kB
MemFree:          831864 kB
MemAvailable:    1500664 kB
Buffers:           44216 kB
Cached:           735332 kB
MemTotal:        1844596 kB
MemFree:          830628 kB
MemAvailable:    1499428 kB
Buffers:           44216 kB
Cached:           735332 kB
MemTotal:        1844596 kB
MemFree:          831896 kB
MemAvailable:    1500696 kB
Buffers:           44216 kB
Cached:           735332 kB
MemTotal:        1844596 kB
MemFree:          831896 kB
MemAvailable:    1500696 kB
Buffers:           44216 kB
Cached:           735332 kB
MemTotal:        1844596 kB
MemFree:          831848 kB
MemAvailable:    1500652 kB
Buffers:           44216 kB
Cached:           735336 kB
MemTotal:        1844596 kB
MemFree:          832020 kB
MemAvailable:    1500824 kB
Buffers:           44216 kB
Cached:           735336 kB
MemTotal:        1844596 kB
MemFree:          833472 kB
MemAvailable:    1502276 kB
Buffers:           44216 kB
Cached:           735336 kB
MemTotal:        1844596 kB
MemFree:          833508 kB
MemAvailable:    1502312 kB
Buffers:           44216 kB
Cached:           735336 kB
MemTotal:        1844596 kB
MemFree:          833644 kB
MemAvailable:    1502532 kB
Buffers:           44216 kB
Cached:           735460 kB
MemTotal:        1844596 kB
MemFree:          833372 kB
MemAvailable:    1502260 kB
Buffers:           44216 kB
Cached:           735460 kB
MemTotal:        1844596 kB
MemFree:          833656 kB
MemAvailable:    1502716 kB
Buffers:           44216 kB
Cached:           735712 kB
MemTotal:        1844596 kB
MemFree:          833992 kB
MemAvailable:    1503052 kB
Buffers:           44216 kB
Cached:           735712 kB
MemTotal:        1844596 kB
MemFree:          833408 kB
MemAvailable:    1502720 kB
Buffers:           44216 kB
Cached:           735836 kB
MemTotal:        1844596 kB
MemFree:          833408 kB
MemAvailable:    1502720 kB
Buffers:           44216 kB
Cached:           735836 kB
MemTotal:        1844596 kB
MemFree:          833608 kB
MemAvailable:    1503004 kB
Buffers:           44216 kB
Cached:           735960 kB
MemTotal:        1844596 kB
MemFree:          832128 kB
MemAvailable:    1501524 kB
Buffers:           44216 kB
Cached:           735960 kB
MemTotal:        1844596 kB
MemFree:          833304 kB
MemAvailable:    1502700 kB
Buffers:           44216 kB
Cached:           735960 kB
MemTotal:        1844596 kB
MemFree:          832980 kB
MemAvailable:    1502376 kB
Buffers:           44216 kB
Cached:           735960 kB
MemTotal:        1844596 kB
MemFree:          833236 kB
MemAvailable:    1502632 kB
Buffers:           44216 kB
Cached:           735960 kB
MemTotal:        1844596 kB
MemFree:          832968 kB
MemAvailable:    1502364 kB
Buffers:           44216 kB
Cached:           735960 kB
MemTotal:        1844596 kB
MemFree:          833220 kB
MemAvailable:    1502616 kB
Buffers:           44216 kB
Cached:           735960 kB
MemTotal:        1844596 kB
MemFree:          833024 kB
MemAvailable:    1502420 kB
Buffers:           44216 kB
Cached:           736084 kB
MemTotal:        1844596 kB
MemFree:          833360 kB
MemAvailable:    1502756 kB
Buffers:           44216 kB
Cached:           736084 kB
MemTotal:        1844596 kB
MemFree:          901072 kB
MemAvailable:    1569880 kB
Buffers:           44216 kB
Cached:           735328 kB
MemTotal:        1844596 kB
MemFree:          902052 kB
MemAvailable:    1570860 kB
Buffers:           44216 kB
Cached:           735328 kB
