MemTotal:        1844596 kB
MemFree:          710204 kB
MemAvailable:    1529212 kB
Buffers:           60308 kB
Cached:           859516 kB
MemTotal:        1844596 kB
MemFree:          708832 kB
MemAvailable:    1527840 kB
Buffers:           60308 kB
Cached:           859516 kB
MemTotal:        1844596 kB
MemFree:          708140 kB
MemAvailable:    1527148 kB
Buffers:           60308 kB
Cached:           859516 kB
MemTotal:        1844596 kB
MemFree:          705368 kB
MemAvailable:    1524376 kB
Buffers:           60308 kB
Cached:           859516 kB
MemTotal:        1844596 kB
MemFree:          706692 kB
MemAvailable:    1525700 kB
Buffers:           60308 kB
Cached:           859516 kB
MemTotal:        1844596 kB
MemFree:          705492 kB
MemAvailable:    1524500 kB
Buffers:           60308 kB
Cached:           859516 kB
MemTotal:        1844596 kB
MemFree:          703252 kB
MemAvailable:    1522260 kB
Buffers:           60308 kB
Cached:           859516 kB
MemTotal:        1844596 kB
MemFree:          703260 kB
MemAvailable:    1522268 kB
Buffers:           60308 kB
Cached:           859516 kB
MemTotal:        1844596 kB
MemFree:          699416 kB
MemAvailable:    1518424 kB
Buffers:           60308 kB
Cached:           859516 kB
MemTotal:        1844596 kB
MemFree:          694580 kB
MemAvailable:    1513588 kB
Buffers:           60308 kB
Cached:           859516 kB
MemTotal:        1844596 kB
MemFree:          695372 kB
MemAvailable:    1514380 kB
Buffers:           60308 kB
Cached:           859516 kB
MemTotal:        1844596 kB
MemFree:          696828 kB
MemAvailable:    1515836 kB
Buffers:           60308 kB
Cached:           859516 kB
MemTotal:        1844596 kB
MemFree:          695944 kB
MemAvailable:    1514952 kB
Buffers:           60308 kB
Cached:           859516 kB
MemTotal:        1844596 kB
MemFree:          696536 kB
MemAvailable:    1515544 kB
Buffers:           60308 kB
Cached:           859516 kB
MemTotal:        1844596 kB
MemFree:          696564 kB
MemAvailable:    1515572 kB
Buffers:           60308 kB
Cached:           859516 kB
MemTotal:        1844596 kB
MemFree:          695268 kB
MemAvailable:    1514276 kB
Buffers:           60308 kB
Cached:           859516 kB
MemTotal:        1844596 kB
MemFree:          695136 kB
MemAvailable:    1514144 kB
Buffers:           60308 kB
Cached:           859516 kB
MemTotal:        1844596 kB
MemFree:          693960 kB
MemAvailable:    1512968 kB
Buffers:           60308 kB
Cached:           859516 kB
MemTotal:        1844596 kB
MemFree:          693712 kB
MemAvailable:    1512720 kB
Buffers:           60308 kB
Cached:           859516 kB
MemTotal:        1844596 kB
MemFree:          694136 kB
MemAvailable:    1513144 kB
Buffers:           60308 kB
Cached:           859516 kB
MemTotal:        1844596 kB
MemFree:          694388 kB
MemAvailable:    1513396 kB
Buffers:           60308 kB
Cached:           859516 kB
MemTotal:        1844596 kB
MemFree:          694560 kB
MemAvailable:    1513568 kB
Buffers:           60308 kB
Cached:           859516 kB
MemTotal:        1844596 kB
MemFree:          693588 kB
MemAvailable:    1512596 kB
Buffers:           60308 kB
Cached:           859516 kB
MemTotal:        1844596 kB
MemFree:          694580 kB
MemAvailable:    1513592 kB
Buffers:           60308 kB
Cached:           859520 kB
MemTotal:        1844596 kB
MemFree:          693084 kB
MemAvailable:    1512096 kB
Buffers:           60308 kB
Cached:           859520 kB
MemTotal:        1844596 kB
MemFree:          693588 kB
MemAvailable:    1512600 kB
Buffers:           60308 kB
Cached:           859520 kB
MemTotal:        1844596 kB
MemFree:          694188 kB
MemAvailable:    1513200 kB
Buffers:           60308 kB
Cached:           859520 kB
MemTotal:        1844596 kB
MemFree:          692956 kB
MemAvailable:    1511968 kB
Buffers:           60308 kB
Cached:           859520 kB
MemTotal:        1844596 kB
MemFree:          694260 kB
MemAvailable:    1513272 kB
Buffers:           60308 kB
Cached:           859520 kB
MemTotal:        1844596 kB
MemFree:          694632 kB
MemAvailable:    1513644 kB
Buffers:           60308 kB
Cached:           859520 kB
MemTotal:        1844596 kB
MemFree:          692968 kB
MemAvailable:    1511980 kB
Buffers:           60308 kB
Cached:           859520 kB
MemTotal:        1844596 kB
MemFree:          691596 kB
MemAvailable:    1510608 kB
Buffers:           60308 kB
Cached:           859520 kB
MemTotal:        1844596 kB
MemFree:          691712 kB
MemAvailable:    1510724 kB
Buffers:           60308 kB
Cached:           859520 kB
MemTotal:        1844596 kB
MemFree:          692048 kB
MemAvailable:    1511060 kB
Buffers:           60308 kB
Cached:           859520 kB
MemTotal:        1844596 kB
MemFree:          690356 kB
MemAvailable:    1509368 kB
Buffers:           60308 kB
Cached:           859520 kB
MemTotal:        1844596 kB
MemFree:          690356 kB
MemAvailable:    1509368 kB
Buffers:           60308 kB
Cached:           859520 kB
MemTotal:        1844596 kB
MemFree:          690248 kB
MemAvailable:    1509260 kB
Buffers:           60308 kB
Cached:           859520 kB
MemTotal:        1844596 kB
MemFree:          690224 kB
MemAvailable:    1509236 kB
Buffers:           60308 kB
Cached:           859520 kB
MemTotal:        1844596 kB
MemFree:          689108 kB
MemAvailable:    1508120 kB
Buffers:           60308 kB
Cached:           859520 kB
MemTotal:        1844596 kB
MemFree:          688868 kB
MemAvailable:    1507880 kB
Buffers:           60308 kB
Cached:           859520 kB
MemTotal:        1844596 kB
MemFree:          690168 kB
MemAvailable:    1509180 kB
Buffers:           60308 kB
Cached:           859520 kB
MemTotal:        1844596 kB
MemFree:          689984 kB
MemAvailable:    1508996 kB
Buffers:           60308 kB
Cached:           859520 kB
MemTotal:        1844596 kB
MemFree:          689380 kB
MemAvailable:    1508392 kB
Buffers:           60308 kB
Cached:           859520 kB
MemTotal:        1844596 kB
MemFree:          689540 kB
MemAvailable:    1508552 kB
Buffers:           60308 kB
Cached:           859520 kB
MemTotal:        1844596 kB
MemFree:          689416 kB
MemAvailable:    1508428 kB
Buffers:           60308 kB
Cached:           859520 kB
MemTotal:        1844596 kB
MemFree:          689224 kB
MemAvailable:    1508236 kB
Buffers:           60308 kB
Cached:           859520 kB
MemTotal:        1844596 kB
MemFree:          687864 kB
MemAvailable:    1506876 kB
Buffers:           60308 kB
Cached:           859520 kB
MemTotal:        1844596 kB
MemFree:          687872 kB
MemAvailable:    1506884 kB
Buffers:           60308 kB
Cached:           859520 kB
MemTotal:        1844596 kB
MemFree:          687704 kB
MemAvailable:    1506720 kB
Buffers:           60308 kB
Cached:           859524 kB
MemTotal:        1844596 kB
MemFree:          687836 kB
MemAvailable:    1506852 kB
Buffers:           60308 kB
Cached:           859524 kB
MemTotal:        1844596 kB
MemFree:          687836 kB
MemAvailable:    1506852 kB
Buffers:           60308 kB
Cached:           859524 kB
MemTotal:        1844596 kB
MemFree:          687960 kB
MemAvailable:    1506976 kB
Buffers:           60308 kB
Cached:           859524 kB
MemTotal:        1844596 kB
MemFree:          687952 kB
MemAvailable:    1506968 kB
Buffers:           60308 kB
Cached:           859524 kB
MemTotal:        1844596 kB
MemFree:          687828 kB
MemAvailable:    1506844 kB
Buffers:           60308 kB
Cached:           859524 kB
MemTotal:        1844596 kB
MemFree:          688076 kB
MemAvailable:    1507092 kB
Buffers:           60308 kB
Cached:           859524 kB
MemTotal:        1844596 kB
MemFree:          688860 kB
MemAvailable:    1507876 kB
Buffers:           60308 kB
Cached:           859524 kB
MemTotal:        1844596 kB
MemFree:          688628 kB
MemAvailable:    1507644 kB
Buffers:           60308 kB
Cached:           859524 kB
MemTotal:        1844596 kB
MemFree:          688440 kB
MemAvailable:    1507456 kB
Buffers:           60308 kB
Cached:           859524 kB
MemTotal:        1844596 kB
MemFree:          687748 kB
MemAvailable:    1506764 kB
Buffers:           60308 kB
Cached:           859524 kB
MemTotal:        1844596 kB
MemFree:          688312 kB
MemAvailable:    1507328 kB
Buffers:           60308 kB
Cached:           859524 kB
MemTotal:        1844596 kB
MemFree:          688216 kB
MemAvailable:    1507232 kB
Buffers:           60308 kB
Cached:           859524 kB
MemTotal:        1844596 kB
MemFree:          688216 kB
MemAvailable:    1507232 kB
Buffers:           60308 kB
Cached:           859524 kB
MemTotal:        1844596 kB
MemFree:          688160 kB
MemAvailable:    1507176 kB
Buffers:           60308 kB
Cached:           859524 kB
MemTotal:        1844596 kB
MemFree:          688008 kB
MemAvailable:    1507024 kB
Buffers:           60308 kB
Cached:           859524 kB
MemTotal:        1844596 kB
MemFree:          688104 kB
MemAvailable:    1507120 kB
Buffers:           60308 kB
Cached:           859524 kB
MemTotal:        1844596 kB
MemFree:          687884 kB
MemAvailable:    1506900 kB
Buffers:           60308 kB
Cached:           859524 kB
MemTotal:        1844596 kB
MemFree:          688196 kB
MemAvailable:    1507212 kB
Buffers:           60308 kB
Cached:           859524 kB
MemTotal:        1844596 kB
MemFree:          687892 kB
MemAvailable:    1506908 kB
Buffers:           60308 kB
Cached:           859524 kB
MemTotal:        1844596 kB
MemFree:          688084 kB
MemAvailable:    1507100 kB
Buffers:           60308 kB
Cached:           859524 kB
MemTotal:        1844596 kB
MemFree:          688072 kB
MemAvailable:    1507088 kB
Buffers:           60308 kB
Cached:           859524 kB
MemTotal:        1844596 kB
MemFree:          688072 kB
MemAvailable:    1507088 kB
Buffers:           60308 kB
Cached:           859524 kB
MemTotal:        1844596 kB
MemFree:          686016 kB
MemAvailable:    1505032 kB
Buffers:           60308 kB
Cached:           859524 kB
MemTotal:        1844596 kB
MemFree:          685032 kB
MemAvailable:    1504048 kB
Buffers:           60308 kB
Cached:           859524 kB
MemTotal:        1844596 kB
MemFree:          682552 kB
MemAvailable:    1501568 kB
Buffers:           60308 kB
Cached:           859524 kB
MemTotal:        1844596 kB
MemFree:          680676 kB
MemAvailable:    1499692 kB
Buffers:           60308 kB
Cached:           859524 kB
MemTotal:        1844596 kB
MemFree:          680900 kB
MemAvailable:    1499916 kB
Buffers:           60308 kB
Cached:           859524 kB
MemTotal:        1844596 kB
MemFree:          680428 kB
MemAvailable:    1499444 kB
Buffers:           60308 kB
Cached:           859524 kB
MemTotal:        1844596 kB
MemFree:          679204 kB
MemAvailable:    1498220 kB
Buffers:           60308 kB
Cached:           859524 kB
MemTotal:        1844596 kB
MemFree:          678816 kB
MemAvailable:    1497832 kB
Buffers:           60308 kB
Cached:           859524 kB
MemTotal:        1844596 kB
MemFree:          680248 kB
MemAvailable:    1499264 kB
Buffers:           60308 kB
Cached:           859524 kB
MemTotal:        1844596 kB
MemFree:          680044 kB
MemAvailable:    1499060 kB
Buffers:           60308 kB
Cached:           859524 kB
MemTotal:        1844596 kB
MemFree:          680044 kB
MemAvailable:    1499060 kB
Buffers:           60308 kB
Cached:           859524 kB
MemTotal:        1844596 kB
MemFree:          680184 kB
MemAvailable:    1499200 kB
Buffers:           60308 kB
Cached:           859524 kB
MemTotal:        1844596 kB
MemFree:          680196 kB
MemAvailable:    1499212 kB
Buffers:           60308 kB
Cached:           859524 kB
MemTotal:        1844596 kB
MemFree:          680108 kB
MemAvailable:    1499124 kB
Buffers:           60308 kB
Cached:           859524 kB
MemTotal:        1844596 kB
MemFree:          680108 kB
MemAvailable:    1499124 kB
Buffers:           60308 kB
Cached:           859524 kB
MemTotal:        1844596 kB
MemFree:          678924 kB
MemAvailable:    1497940 kB
Buffers:           60308 kB
Cached:           859524 kB
MemTotal:        1844596 kB
MemFree:          678956 kB
MemAvailable:    1497972 kB
Buffers:           60308 kB
Cached:           859524 kB
MemTotal:        1844596 kB
MemFree:          679080 kB
MemAvailable:    1498096 kB
Buffers:           60308 kB
Cached:           859524 kB
MemTotal:        1844596 kB
MemFree:          679676 kB
MemAvailable:    1498692 kB
Buffers:           60308 kB
Cached:           859524 kB
MemTotal:        1844596 kB
MemFree:          679876 kB
MemAvailable:    1498892 kB
Buffers:           60308 kB
Cached:           859524 kB
MemTotal:        1844596 kB
MemFree:          678056 kB
MemAvailable:    1497072 kB
Buffers:           60308 kB
Cached:           859524 kB
MemTotal:        1844596 kB
MemFree:          679016 kB
MemAvailable:    1498032 kB
Buffers:           60308 kB
Cached:           859524 kB
MemTotal:        1844596 kB
MemFree:          678644 kB
MemAvailable:    1497660 kB
Buffers:           60308 kB
Cached:           859524 kB
MemTotal:        1844596 kB
MemFree:          678512 kB
MemAvailable:    1497528 kB
Buffers:           60308 kB
Cached:           859524 kB
MemTotal:        1844596 kB
MemFree:          677096 kB
MemAvailable:    1496112 kB
Buffers:           60308 kB
Cached:           859524 kB
MemTotal:        1844596 kB
MemFree:          677264 kB
MemAvailable:    1496284 kB
Buffers:           60308 kB
Cached:           859528 kB
MemTotal:        1844596 kB
MemFree:          677404 kB
MemAvailable:    1496424 kB
Buffers:           60308 kB
Cached:           859528 kB
MemTotal:        1844596 kB
MemFree:          677116 kB
MemAvailable:    1496136 kB
Buffers:           60308 kB
Cached:           859528 kB
MemTotal:        1844596 kB
MemFree:          676972 kB
MemAvailable:    1495992 kB
Buffers:           60308 kB
Cached:           859528 kB
MemTotal:        1844596 kB
MemFree:          676544 kB
MemAvailable:    1495564 kB
Buffers:           60308 kB
Cached:           859528 kB
MemTotal:        1844596 kB
MemFree:          676544 kB
MemAvailable:    1495564 kB
Buffers:           60308 kB
Cached:           859528 kB
MemTotal:        1844596 kB
MemFree:          676472 kB
MemAvailable:    1495492 kB
Buffers:           60308 kB
Cached:           859528 kB
MemTotal:        1844596 kB
MemFree:          675172 kB
MemAvailable:    1494192 kB
Buffers:           60308 kB
Cached:           859528 kB
MemTotal:        1844596 kB
MemFree:          676384 kB
MemAvailable:    1495404 kB
Buffers:           60308 kB
Cached:           859528 kB
MemTotal:        1844596 kB
MemFree:          674988 kB
MemAvailable:    1494016 kB
Buffers:           60308 kB
Cached:           859532 kB
MemTotal:        1844596 kB
MemFree:          676480 kB
MemAvailable:    1495508 kB
Buffers:           60308 kB
Cached:           859532 kB
MemTotal:        1844596 kB
MemFree:          676428 kB
MemAvailable:    1495456 kB
Buffers:           60308 kB
Cached:           859532 kB
MemTotal:        1844596 kB
MemFree:          676088 kB
MemAvailable:    1495116 kB
Buffers:           60308 kB
Cached:           859532 kB
MemTotal:        1844596 kB
MemFree:          676256 kB
MemAvailable:    1495284 kB
Buffers:           60308 kB
Cached:           859532 kB
MemTotal:        1844596 kB
MemFree:          676180 kB
MemAvailable:    1495208 kB
Buffers:           60308 kB
Cached:           859532 kB
MemTotal:        1844596 kB
MemFree:          675980 kB
MemAvailable:    1495008 kB
Buffers:           60308 kB
Cached:           859532 kB
MemTotal:        1844596 kB
MemFree:          676140 kB
MemAvailable:    1495168 kB
Buffers:           60308 kB
Cached:           859532 kB
MemTotal:        1844596 kB
MemFree:          670508 kB
MemAvailable:    1489536 kB
Buffers:           60308 kB
Cached:           859532 kB
MemTotal:        1844596 kB
MemFree:          670112 kB
MemAvailable:    1489140 kB
Buffers:           60308 kB
Cached:           859532 kB
MemTotal:        1844596 kB
MemFree:          670888 kB
MemAvailable:    1489916 kB
Buffers:           60308 kB
Cached:           859532 kB
MemTotal:        1844596 kB
MemFree:          669640 kB
MemAvailable:    1488668 kB
Buffers:           60308 kB
Cached:           859532 kB
MemTotal:        1844596 kB
MemFree:          670816 kB
MemAvailable:    1489844 kB
Buffers:           60308 kB
Cached:           859532 kB
MemTotal:        1844596 kB
MemFree:          670640 kB
MemAvailable:    1489668 kB
Buffers:           60308 kB
Cached:           859532 kB
MemTotal:        1844596 kB
MemFree:          670896 kB
MemAvailable:    1489924 kB
Buffers:           60308 kB
Cached:           859532 kB
MemTotal:        1844596 kB
MemFree:          669400 kB
MemAvailable:    1488428 kB
Buffers:           60308 kB
Cached:           859532 kB
MemTotal:        1844596 kB
MemFree:          670876 kB
MemAvailable:    1489904 kB
Buffers:           60308 kB
Cached:           859532 kB
MemTotal:        1844596 kB
MemFree:          670392 kB
MemAvailable:    1489420 kB
Buffers:           60308 kB
Cached:           859532 kB
MemTotal:        1844596 kB
MemFree:          670392 kB
MemAvailable:    1489420 kB
Buffers:           60308 kB
Cached:           859532 kB
MemTotal:        1844596 kB
MemFree:          670228 kB
MemAvailable:    1489256 kB
Buffers:           60308 kB
Cached:           859532 kB
MemTotal:        1844596 kB
MemFree:          669408 kB
MemAvailable:    1488436 kB
Buffers:           60308 kB
Cached:           859532 kB
MemTotal:        1844596 kB
MemFree:          670024 kB
MemAvailable:    1489052 kB
Buffers:           60308 kB
Cached:           859532 kB
MemTotal:        1844596 kB
MemFree:          668168 kB
MemAvailable:    1487196 kB
Buffers:           60308 kB
Cached:           859532 kB
MemTotal:        1844596 kB
MemFree:          666432 kB
MemAvailable:    1485460 kB
Buffers:           60308 kB
Cached:           859532 kB
MemTotal:        1844596 kB
MemFree:          666184 kB
MemAvailable:    1485212 kB
Buffers:           60308 kB
Cached:           859532 kB
MemTotal:        1844596 kB
MemFree:          666308 kB
MemAvailable:    1485336 kB
Buffers:           60308 kB
Cached:           859532 kB
MemTotal:        1844596 kB
MemFree:          666992 kB
MemAvailable:    1486020 kB
Buffers:           60308 kB
Cached:           859532 kB
MemTotal:        1844596 kB
MemFree:          667248 kB
MemAvailable:    1486276 kB
Buffers:           60308 kB
Cached:           859532 kB
MemTotal:        1844596 kB
MemFree:          665752 kB
MemAvailable:    1484780 kB
Buffers:           60308 kB
Cached:           859532 kB
MemTotal:        1844596 kB
MemFree:          667228 kB
MemAvailable:    1486256 kB
Buffers:           60308 kB
Cached:           859532 kB
MemTotal:        1844596 kB
MemFree:          667756 kB
MemAvailable:    1486784 kB
Buffers:           60308 kB
Cached:           859532 kB
MemTotal:        1844596 kB
MemFree:          669056 kB
MemAvailable:    1488168 kB
Buffers:           60308 kB
Cached:           859656 kB
MemTotal:        1844596 kB
MemFree:          668924 kB
MemAvailable:    1488120 kB
Buffers:           60308 kB
Cached:           859780 kB
MemTotal:        1844596 kB
MemFree:          667492 kB
MemAvailable:    1486856 kB
Buffers:           60308 kB
Cached:           859904 kB
MemTotal:        1844596 kB
MemFree:          667492 kB
MemAvailable:    1486856 kB
Buffers:           60308 kB
Cached:           859904 kB
MemTotal:        1844596 kB
MemFree:          668608 kB
MemAvailable:    1488140 kB
Buffers:           60308 kB
Cached:           860152 kB
MemTotal:        1844596 kB
MemFree:          668412 kB
MemAvailable:    1488028 kB
Buffers:           60308 kB
Cached:           860152 kB
MemTotal:        1844596 kB
MemFree:          667300 kB
MemAvailable:    1486916 kB
Buffers:           60308 kB
Cached:           860152 kB
MemTotal:        1844596 kB
MemFree:          668404 kB
MemAvailable:    1488020 kB
Buffers:           60308 kB
Cached:           860152 kB
MemTotal:        1844596 kB
MemFree:          668384 kB
MemAvailable:    1488000 kB
Buffers:           60308 kB
Cached:           860152 kB
MemTotal:        1844596 kB
MemFree:          668636 kB
MemAvailable:    1488252 kB
Buffers:           60308 kB
Cached:           860152 kB
MemTotal:        1844596 kB
MemFree:          668228 kB
MemAvailable:    1487844 kB
Buffers:           60308 kB
Cached:           860152 kB
MemTotal:        1844596 kB
MemFree:          668396 kB
MemAvailable:    1488012 kB
Buffers:           60308 kB
Cached:           860152 kB
MemTotal:        1844596 kB
MemFree:          668352 kB
MemAvailable:    1487968 kB
Buffers:           60308 kB
Cached:           860152 kB
MemTotal:        1844596 kB
MemFree:          668280 kB
MemAvailable:    1487896 kB
Buffers:           60308 kB
Cached:           860152 kB
MemTotal:        1844596 kB
MemFree:          667104 kB
MemAvailable:    1486804 kB
Buffers:           60308 kB
Cached:           860152 kB
MemTotal:        1844596 kB
MemFree:          668540 kB
MemAvailable:    1487568 kB
Buffers:           60308 kB
Cached:           859520 kB
MemTotal:        1844596 kB
MemFree:          737104 kB
MemAvailable:    1556132 kB
Buffers:           60308 kB
Cached:           859520 kB
