MemTotal:        1844596 kB
MemFree:          916132 kB
MemAvailable:    1550664 kB
Buffers:           39732 kB
Cached:           702976 kB
MemTotal:        1844596 kB
MemFree:          914132 kB
MemAvailable:    1548664 kB
Buffers:           39732 kB
Cached:           702976 kB
MemTotal:        1844596 kB
MemFree:          912784 kB
MemAvailable:    1547316 kB
Buffers:           39732 kB
Cached:           702976 kB
MemTotal:        1844596 kB
MemFree:          912644 kB
MemAvailable:    1547176 kB
Buffers:           39732 kB
Cached:           702976 kB
MemTotal:        1844596 kB
MemFree:          911864 kB
MemAvailable:    1546396 kB
Buffers:           39732 kB
Cached:           702976 kB
MemTotal:        1844596 kB
MemFree:          911412 kB
MemAvailable:    1545944 kB
Buffers:           39732 kB
Cached:           702976 kB
MemTotal:        1844596 kB
MemFree:          909744 kB
MemAvailable:    1544276 kB
Buffers:           39732 kB
Cached:           702976 kB
MemTotal:        1844596 kB
MemFree:          908008 kB
MemAvailable:    1542540 kB
Buffers:           39732 kB
Cached:           702976 kB
MemTotal:        1844596 kB
MemFree:          904228 kB
MemAvailable:    1538760 kB
Buffers:           39732 kB
Cached:           702976 kB
MemTotal:        1844596 kB
MemFree:          903608 kB
MemAvailable:    1538140 kB
Buffers:           39732 kB
Cached:           702976 kB
MemTotal:        1844596 kB
MemFree:          901340 kB
MemAvailable:    1535872 kB
Buffers:           39732 kB
Cached:           702976 kB
MemTotal:        1844596 kB
MemFree:          901596 kB
MemAvailable:    1536128 kB
Buffers:           39732 kB
Cached:           702976 kB
MemTotal:        1844596 kB
MemFree:          900208 kB
MemAvailable:    1534740 kB
Buffers:           39732 kB
Cached:           702976 kB
MemTotal:        1844596 kB
MemFree:          901508 kB
MemAvailable:    1536040 kB
Buffers:           39732 kB
Cached:           702976 kB
MemTotal:        1844596 kB
MemFree:          900332 kB
MemAvailable:    1534864 kB
Buffers:           39732 kB
Cached:           702976 kB
MemTotal:        1844596 kB
MemFree:          900448 kB
MemAvailable:    1534980 kB
Buffers:           39732 kB
Cached:           702976 kB
MemTotal:        1844596 kB
MemFree:          901376 kB
MemAvailable:    1535908 kB
Buffers:           39732 kB
Cached:           702976 kB
MemTotal:        1844596 kB
MemFree:          899392 kB
MemAvailable:    1533924 kB
Buffers:           39732 kB
Cached:           702976 kB
MemTotal:        1844596 kB
MemFree:          899260 kB
MemAvailable:    1533792 kB
Buffers:           39732 kB
Cached:           702976 kB
MemTotal:        1844596 kB
MemFree:          899344 kB
MemAvailable:    1533876 kB
Buffers:           39732 kB
Cached:           702976 kB
MemTotal:        1844596 kB
MemFree:          899032 kB
MemAvailable:    1533564 kB
Buffers:           39732 kB
Cached:           702976 kB
MemTotal:        1844596 kB
MemFree:          899320 kB
MemAvailable:    1533852 kB
Buffers:           39732 kB
Cached:           702976 kB
MemTotal:        1844596 kB
MemFree:          898400 kB
MemAvailable:    1532932 kB
Buffers:           39732 kB
Cached:           702976 kB
MemTotal:        1844596 kB
MemFree:          899164 kB
MemAvailable:    1533696 kB
Buffers:           39732 kB
Cached:           702976 kB
MemTotal:        1844596 kB
MemFree:          899144 kB
MemAvailable:    1533676 kB
Buffers:           39732 kB
Cached:           702976 kB
MemTotal:        1844596 kB
MemFree:          899080 kB
MemAvailable:    1533612 kB
Buffers:           39732 kB
Cached:           702976 kB
MemTotal:        1844596 kB
MemFree:          897904 kB
MemAvailable:    1532436 kB
Buffers:           39732 kB
Cached:           702976 kB
MemTotal:        1844596 kB
MemFree:          899180 kB
MemAvailable:    1533712 kB
Buffers:           39732 kB
Cached:           702976 kB
MemTotal:        1844596 kB
MemFree:          898392 kB
MemAvailable:    1532924 kB
Buffers:           39732 kB
Cached:           702976 kB
MemTotal:        1844596 kB
MemFree:          900324 kB
MemAvailable:    1534860 kB
Buffers:           39732 kB
Cached:           702980 kB
MemTotal:        1844596 kB
MemFree:          900576 kB
MemAvailable:    1535112 kB
Buffers:           39732 kB
Cached:           702980 kB
MemTotal:        1844596 kB
MemFree:          900528 kB
MemAvailable:    1535068 kB
Buffers:           39732 kB
Cached:           702984 kB
MemTotal:        1844596 kB
MemFree:          899484 kB
MemAvailable:    1534024 kB
Buffers:           39732 kB
Cached:           702984 kB
MemTotal:        1844596 kB
MemFree:          897440 kB
MemAvailable:    1531980 kB
Buffers:           39732 kB
Cached:           702984 kB
MemTotal:        1844596 kB
MemFree:          895828 kB
MemAvailable:    1530368 kB
Buffers:           39732 kB
Cached:           702984 kB
MemTotal:        1844596 kB
MemFree:          896556 kB
MemAvailable:    1531096 kB
Buffers:           39732 kB
Cached:           702984 kB
MemTotal:        1844596 kB
MemFree:          896556 kB
MemAvailable:    1531096 kB
Buffers:           39732 kB
Cached:           702984 kB
MemTotal:        1844596 kB
MemFree:          894960 kB
MemAvailable:    1529500 kB
Buffers:           39732 kB
Cached:           702984 kB
MemTotal:        1844596 kB
MemFree:          895448 kB
MemAvailable:    1529988 kB
Buffers:           39732 kB
Cached:           702984 kB
MemTotal:        1844596 kB
MemFree:          895216 kB
MemAvailable:    1529756 kB
Buffers:           39732 kB
Cached:           702984 kB
MemTotal:        1844596 kB
MemFree:          894952 kB
MemAvailable:    1529492 kB
Buffers:           39732 kB
Cached:           702984 kB
MemTotal:        1844596 kB
MemFree:          895020 kB
MemAvailable:    1529560 kB
Buffers:           39732 kB
Cached:           702984 kB
MemTotal:        1844596 kB
MemFree:          894960 kB
MemAvailable:    1529500 kB
Buffers:           39732 kB
Cached:           702984 kB
MemTotal:        1844596 kB
MemFree:          894764 kB
MemAvailable:    1529304 kB
Buffers:           39732 kB
Cached:           702984 kB
MemTotal:        1844596 kB
MemFree:          895100 kB
MemAvailable:    1529640 kB
Buffers:           39732 kB
Cached:           702984 kB
MemTotal:        1844596 kB
MemFree:          893824 kB
MemAvailable:    1528364 kB
Buffers:           39732 kB
Cached:           702984 kB
MemTotal:        1844596 kB
MemFree:          894808 kB
MemAvailable:    1529348 kB
Buffers:           39732 kB
Cached:           702984 kB
MemTotal:        1844596 kB
MemFree:          894800 kB
MemAvailable:    1529340 kB
Buffers:           39732 kB
Cached:           702984 kB
MemTotal:        1844596 kB
MemFree:          892968 kB
MemAvailable:    1527508 kB
Buffers:           39732 kB
Cached:           702984 kB
MemTotal:        1844596 kB
MemFree:          893092 kB
MemAvailable:    1527632 kB
Buffers:           39732 kB
Cached:           702984 kB
MemTotal:        1844596 kB
MemFree:          894140 kB
MemAvailable:    1528680 kB
Buffers:           39732 kB
Cached:           702984 kB
MemTotal:        1844596 kB
MemFree:          893968 kB
MemAvailable:    1528508 kB
Buffers:           39732 kB
Cached:           702984 kB
MemTotal:        1844596 kB
MemFree:          894004 kB
MemAvailable:    1528544 kB
Buffers:           39732 kB
Cached:           702984 kB
MemTotal:        1844596 kB
MemFree:          892648 kB
MemAvailable:    1527188 kB
Buffers:           39732 kB
Cached:           702984 kB
MemTotal:        1844596 kB
MemFree:          892976 kB
MemAvailable:    1527516 kB
Buffers:           39732 kB
Cached:           702984 kB
MemTotal:        1844596 kB
MemFree:          893788 kB
MemAvailable:    1528328 kB
Buffers:           39732 kB
Cached:           702984 kB
MemTotal:        1844596 kB
MemFree:          892672 kB
MemAvailable:    1527212 kB
Buffers:           39732 kB
Cached:           702984 kB
MemTotal:        1844596 kB
MemFree:          892796 kB
MemAvailable:    1527336 kB
Buffers:           39732 kB
Cached:           702984 kB
MemTotal:        1844596 kB
MemFree:          892664 kB
MemAvailable:    1527204 kB
Buffers:           39732 kB
Cached:           702984 kB
MemTotal:        1844596 kB
MemFree:          893772 kB
MemAvailable:    1528312 kB
Buffers:           39732 kB
Cached:           702984 kB
MemTotal:        1844596 kB
MemFree:          892976 kB
MemAvailable:    1527516 kB
Buffers:           39732 kB
Cached:           702984 kB
MemTotal:        1844596 kB
MemFree:          892344 kB
MemAvailable:    1526884 kB
Buffers:           39732 kB
Cached:           702984 kB
MemTotal:        1844596 kB
MemFree:          893452 kB
MemAvailable:    1527992 kB
Buffers:           39732 kB
Cached:           702984 kB
MemTotal:        1844596 kB
MemFree:          893232 kB
MemAvailable:    1527772 kB
Buffers:           39732 kB
Cached:           702984 kB
MemTotal:        1844596 kB
MemFree:          893216 kB
MemAvailable:    1527756 kB
Buffers:           39732 kB
Cached:           702984 kB
MemTotal:        1844596 kB
MemFree:          891928 kB
MemAvailable:    1526468 kB
Buffers:           39732 kB
Cached:           702984 kB
MemTotal:        1844596 kB
MemFree:          892108 kB
MemAvailable:    1526648 kB
Buffers:           39732 kB
Cached:           702984 kB
MemTotal:        1844596 kB
MemFree:          891716 kB
MemAvailable:    1526256 kB
Buffers:           39732 kB
Cached:           702984 kB
MemTotal:        1844596 kB
MemFree:          892964 kB
MemAvailable:    1527504 kB
Buffers:           39732 kB
Cached:           702984 kB
MemTotal:        1844596 kB
MemFree:          893036 kB
MemAvailable:    1527576 kB
Buffers:           39732 kB
Cached:           702984 kB
MemTotal:        1844596 kB
MemFree:          892960 kB
MemAvailable:    1527500 kB
Buffers:           39732 kB
Cached:           702984 kB
MemTotal:        1844596 kB
MemFree:          893296 kB
MemAvailable:    1527836 kB
Buffers:           39732 kB
Cached:           702984 kB
MemTotal:        1844596 kB
MemFree:          891712 kB
MemAvailable:    1526252 kB
Buffers:           39732 kB
Cached:           702984 kB
MemTotal:        1844596 kB
MemFree:          891928 kB
MemAvailable:    1526468 kB
Buffers:           39732 kB
Cached:           702984 kB
MemTotal:        1844596 kB
MemFree:          891796 kB
MemAvailable:    1526336 kB
Buffers:           39732 kB
Cached:           702984 kB
MemTotal:        1844596 kB
MemFree:          892712 kB
MemAvailable:    1527252 kB
Buffers:           39732 kB
Cached:           702984 kB
MemTotal:        1844596 kB
MemFree:          892712 kB
MemAvailable:    1527252 kB
Buffers:           39732 kB
Cached:           702984 kB
MemTotal:        1844596 kB
MemFree:          890372 kB
MemAvailable:    1524912 kB
Buffers:           39732 kB
Cached:           702984 kB
MemTotal:        1844596 kB
MemFree:          886388 kB
MemAvailable:    1520928 kB
Buffers:           39732 kB
Cached:           702984 kB
MemTotal:        1844596 kB
MemFree:          886352 kB
MemAvailable:    1520892 kB
Buffers:           39732 kB
Cached:           702984 kB
MemTotal:        1844596 kB
MemFree:          885608 kB
MemAvailable:    1520148 kB
Buffers:           39732 kB
Cached:           702984 kB
MemTotal:        1844596 kB
MemFree:          885520 kB
MemAvailable:    1520060 kB
Buffers:           39732 kB
Cached:           702984 kB
MemTotal:        1844596 kB
MemFree:          883792 kB
MemAvailable:    1518332 kB
Buffers:           39732 kB
Cached:           702984 kB
MemTotal:        1844596 kB
MemFree:          885108 kB
MemAvailable:    1519648 kB
Buffers:           39732 kB
Cached:           702984 kB
MemTotal:        1844596 kB
MemFree:          883916 kB
MemAvailable:    1518456 kB
Buffers:           39732 kB
Cached:           702984 kB
MemTotal:        1844596 kB
MemFree:          883792 kB
MemAvailable:    1518332 kB
Buffers:           39732 kB
Cached:           702984 kB
MemTotal:        1844596 kB
MemFree:          883752 kB
MemAvailable:    1518292 kB
Buffers:           39732 kB
Cached:           702984 kB
MemTotal:        1844596 kB
MemFree:          883744 kB
MemAvailable:    1518284 kB
Buffers:           39732 kB
Cached:           702984 kB
MemTotal:        1844596 kB
MemFree:          885176 kB
MemAvailable:    1519716 kB
Buffers:           39732 kB
Cached:           702984 kB
MemTotal:        1844596 kB
MemFree:          883792 kB
MemAvailable:    1518332 kB
Buffers:           39732 kB
Cached:           702984 kB
MemTotal:        1844596 kB
MemFree:          884976 kB
MemAvailable:    1519516 kB
Buffers:           39732 kB
Cached:           702984 kB
MemTotal:        1844596 kB
MemFree:          885040 kB
MemAvailable:    1519580 kB
Buffers:           39732 kB
Cached:           702984 kB
MemTotal:        1844596 kB
MemFree:          883780 kB
MemAvailable:    1518320 kB
Buffers:           39732 kB
Cached:           702984 kB
MemTotal:        1844596 kB
MemFree:          883780 kB
MemAvailable:    1518320 kB
Buffers:           39732 kB
Cached:           702984 kB
MemTotal:        1844596 kB
MemFree:          883676 kB
MemAvailable:    1518216 kB
Buffers:           39732 kB
Cached:           702984 kB
MemTotal:        1844596 kB
MemFree:          884580 kB
MemAvailable:    1519120 kB
Buffers:           39732 kB
Cached:           702984 kB
MemTotal:        1844596 kB
MemFree:          883304 kB
MemAvailable:    1517844 kB
Buffers:           39732 kB
Cached:           702984 kB
MemTotal:        1844596 kB
MemFree:          883908 kB
MemAvailable:    1518452 kB
Buffers:           39732 kB
Cached:           702988 kB
MemTotal:        1844596 kB
MemFree:          883428 kB
MemAvailable:    1517972 kB
Buffers:           39732 kB
Cached:           702988 kB
MemTotal:        1844596 kB
MemFree:          883672 kB
MemAvailable:    1518216 kB
Buffers:           39732 kB
Cached:           702988 kB
MemTotal:        1844596 kB
MemFree:          882436 kB
MemAvailable:    1516980 kB
Buffers:           39732 kB
Cached:           702988 kB
MemTotal:        1844596 kB
MemFree:          882984 kB
MemAvailable:    1517532 kB
Buffers:           39732 kB
Cached:           702992 kB
MemTotal:        1844596 kB
MemFree:          883320 kB
MemAvailable:    1517868 kB
Buffers:           39732 kB
Cached:           702992 kB
MemTotal:        1844596 kB
MemFree:          882172 kB
MemAvailable:    1516720 kB
Buffers:           39732 kB
Cached:           702992 kB
MemTotal:        1844596 kB
MemFree:          882256 kB
MemAvailable:    1516804 kB
Buffers:           39732 kB
Cached:           702992 kB
MemTotal:        1844596 kB
MemFree:          881816 kB
MemAvailable:    1516364 kB
Buffers:           39732 kB
Cached:           702992 kB
MemTotal:        1844596 kB
MemFree:          880576 kB
MemAvailable:    1515124 kB
Buffers:           39732 kB
Cached:           702992 kB
MemTotal:        1844596 kB
MemFree:          880568 kB
MemAvailable:    1515116 kB
Buffers:           39732 kB
Cached:           702992 kB
MemTotal:        1844596 kB
MemFree:          880312 kB
MemAvailable:    1514860 kB
Buffers:           39732 kB
Cached:           702992 kB
MemTotal:        1844596 kB
MemFree:          881312 kB
MemAvailable:    1515860 kB
Buffers:           39732 kB
Cached:           702992 kB
MemTotal:        1844596 kB
MemFree:          879692 kB
MemAvailable:    1514240 kB
Buffers:           39732 kB
Cached:           702992 kB
MemTotal:        1844596 kB
MemFree:          881364 kB
MemAvailable:    1515912 kB
Buffers:           39732 kB
Cached:           702992 kB
MemTotal:        1844596 kB
MemFree:          879928 kB
MemAvailable:    1514476 kB
Buffers:           39732 kB
Cached:           702992 kB
MemTotal:        1844596 kB
MemFree:          880012 kB
MemAvailable:    1514560 kB
Buffers:           39732 kB
Cached:           702992 kB
MemTotal:        1844596 kB
MemFree:          879932 kB
MemAvailable:    1514480 kB
Buffers:           39732 kB
Cached:           702992 kB
MemTotal:        1844596 kB
MemFree:          880048 kB
MemAvailable:    1514596 kB
Buffers:           39732 kB
Cached:           702992 kB
MemTotal:        1844596 kB
MemFree:          880412 kB
MemAvailable:    1514960 kB
Buffers:           39732 kB
Cached:           702992 kB
MemTotal:        1844596 kB
MemFree:          879700 kB
MemAvailable:    1514248 kB
Buffers:           39732 kB
Cached:           702992 kB
MemTotal:        1844596 kB
MemFree:          879444 kB
MemAvailable:    1513992 kB
Buffers:           39732 kB
Cached:           702992 kB
MemTotal:        1844596 kB
MemFree:          875856 kB
MemAvailable:    1510404 kB
Buffers:           39732 kB
Cached:           702992 kB
MemTotal:        1844596 kB
MemFree:          875732 kB
MemAvailable:    1510280 kB
Buffers:           39732 kB
Cached:           702992 kB
MemTotal:        1844596 kB
MemFree:          874492 kB
MemAvailable:    1509040 kB
Buffers:           39732 kB
Cached:           702992 kB
MemTotal:        1844596 kB
MemFree:          875616 kB
MemAvailable:    1510164 kB
Buffers:           39732 kB
Cached:           702992 kB
MemTotal:        1844596 kB
MemFree:          874376 kB
MemAvailable:    1508924 kB
Buffers:           39732 kB
Cached:           702992 kB
MemTotal:        1844596 kB
MemFree:          875320 kB
MemAvailable:    1509872 kB
Buffers:           39732 kB
Cached:           702996 kB
MemTotal:        1844596 kB
MemFree:          875576 kB
MemAvailable:    1510128 kB
Buffers:           39732 kB
Cached:           702996 kB
MemTotal:        1844596 kB
MemFree:          874204 kB
MemAvailable:    1508756 kB
Buffers:           39732 kB
Cached:           702996 kB
MemTotal:        1844596 kB
MemFree:          875124 kB
MemAvailable:    1509676 kB
Buffers:           39732 kB
Cached:           702996 kB
MemTotal:        1844596 kB
MemFree:          873948 kB
MemAvailable:    1508500 kB
Buffers:           39732 kB
Cached:           702996 kB
MemTotal:        1844596 kB
MemFree:          874992 kB
MemAvailable:    1509544 kB
Buffers:           39732 kB
Cached:           702996 kB
MemTotal:        1844596 kB
MemFree:          873384 kB
MemAvailable:    1507936 kB
Buffers:           39732 kB
Cached:           702996 kB
MemTotal:        1844596 kB
MemFree:          872880 kB
MemAvailable:    1507432 kB
Buffers:           39732 kB
Cached:           702996 kB
MemTotal:        1844596 kB
MemFree:          870904 kB
MemAvailable:    1505456 kB
Buffers:           39732 kB
Cached:           702996 kB
MemTotal:        1844596 kB
MemFree:          872144 kB
MemAvailable:    1506696 kB
Buffers:           39732 kB
Cached:           702996 kB
MemTotal:        1844596 kB
MemFree:          872032 kB
MemAvailable:    1506584 kB
Buffers:           39732 kB
Cached:           702996 kB
MemTotal:        1844596 kB
MemFree:          871960 kB
MemAvailable:    1506512 kB
Buffers:           39732 kB
Cached:           702996 kB
MemTotal:        1844596 kB
MemFree:          872212 kB
MemAvailable:    1506764 kB
Buffers:           39732 kB
Cached:           702996 kB
MemTotal:        1844596 kB
MemFree:          870732 kB
MemAvailable:    1505284 kB
Buffers:           39732 kB
Cached:           702996 kB
MemTotal:        1844596 kB
MemFree:          871972 kB
MemAvailable:    1506524 kB
Buffers:           39732 kB
Cached:           702996 kB
MemTotal:        1844596 kB
MemFree:          872868 kB
MemAvailable:    1507420 kB
Buffers:           39732 kB
Cached:           702996 kB
MemTotal:        1844596 kB
MemFree:          873804 kB
MemAvailable:    1508440 kB
Buffers:           39732 kB
Cached:           703120 kB
MemTotal:        1844596 kB
MemFree:          873972 kB
MemAvailable:    1508608 kB
Buffers:           39732 kB
Cached:           703120 kB
MemTotal:        1844596 kB
MemFree:          873676 kB
MemAvailable:    1508396 kB
Buffers:           39732 kB
Cached:           703244 kB
MemTotal:        1844596 kB
MemFree:          873552 kB
MemAvailable:    1508440 kB
Buffers:           39732 kB
Cached:           703368 kB
MemTotal:        1844596 kB
MemFree:          872516 kB
MemAvailable:    1507404 kB
Buffers:           39732 kB
Cached:           703368 kB
MemTotal:        1844596 kB
MemFree:          873192 kB
MemAvailable:    1508248 kB
Buffers:           39732 kB
Cached:           703616 kB
MemTotal:        1844596 kB
MemFree:          873528 kB
MemAvailable:    1508584 kB
Buffers:           39732 kB
Cached:           703616 kB
MemTotal:        1844596 kB
MemFree:          873228 kB
MemAvailable:    1508368 kB
Buffers:           39732 kB
Cached:           703616 kB
MemTotal:        1844596 kB
MemFree:          873228 kB
MemAvailable:    1508368 kB
Buffers:           39732 kB
Cached:           703616 kB
MemTotal:        1844596 kB
MemFree:          872076 kB
MemAvailable:    1507216 kB
Buffers:           39732 kB
Cached:           703616 kB
MemTotal:        1844596 kB
MemFree:          873316 kB
MemAvailable:    1508456 kB
Buffers:           39732 kB
Cached:           703616 kB
MemTotal:        1844596 kB
MemFree:          872508 kB
MemAvailable:    1507648 kB
Buffers:           39732 kB
Cached:           703616 kB
MemTotal:        1844596 kB
MemFree:          873188 kB
MemAvailable:    1508328 kB
Buffers:           39732 kB
Cached:           703616 kB
MemTotal:        1844596 kB
MemFree:          871956 kB
MemAvailable:    1507096 kB
Buffers:           39732 kB
Cached:           703616 kB
MemTotal:        1844596 kB
MemFree:          872676 kB
MemAvailable:    1507228 kB
Buffers:           39732 kB
Cached:           702984 kB
MemTotal:        1844596 kB
MemFree:          938524 kB
MemAvailable:    1573076 kB
Buffers:           39732 kB
Cached:           702984 kB
