MemTotal:        1844596 kB
MemFree:          659828 kB
MemAvailable:    1527184 kB
Buffers:           65072 kB
Cached:           899092 kB
MemTotal:        1844596 kB
MemFree:          658144 kB
MemAvailable:    1525500 kB
Buffers:           65072 kB
Cached:           899092 kB
MemTotal:        1844596 kB
MemFree:          655612 kB
MemAvailable:    1522968 kB
Buffers:           65072 kB
Cached:           899092 kB
MemTotal:        1844596 kB
MemFree:          654480 kB
MemAvailable:    1521836 kB
Buffers:           65072 kB
Cached:           899092 kB
MemTotal:        1844596 kB
MemFree:          654116 kB
MemAvailable:    1521472 kB
Buffers:           65072 kB
Cached:           899092 kB
MemTotal:        1844596 kB
MemFree:          655472 kB
MemAvailable:    1522828 kB
Buffers:           65072 kB
Cached:           899092 kB
MemTotal:        1844596 kB
MemFree:          651264 kB
MemAvailable:    1518620 kB
Buffers:           65072 kB
Cached:           899092 kB
MemTotal:        1844596 kB
MemFree:          651264 kB
MemAvailable:    1518620 kB
Buffers:           65072 kB
Cached:           899092 kB
MemTotal:        1844596 kB
MemFree:          647480 kB
MemAvailable:    1514836 kB
Buffers:           65072 kB
Cached:           899092 kB
MemTotal:        1844596 kB
MemFree:          645240 kB
MemAvailable:    1512596 kB
Buffers:           65072 kB
Cached:           899092 kB
MemTotal:        1844596 kB
MemFree:          645240 kB
MemAvailable:    1512596 kB
Buffers:           65072 kB
Cached:           899092 kB
MemTotal:        1844596 kB
MemFree:          645300 kB
MemAvailable:    1512656 kB
Buffers:           65072 kB
Cached:           899092 kB
MemTotal:        1844596 kB
MemFree:          645452 kB
MemAvailable:    1512808 kB
Buffers:           65072 kB
Cached:           899092 kB
MemTotal:        1844596 kB
MemFree:          643948 kB
MemAvailable:    1511304 kB
Buffers:           65072 kB
Cached:           899092 kB
MemTotal:        1844596 kB
MemFree:          645248 kB
MemAvailable:    1512604 kB
Buffers:           65072 kB
Cached:           899092 kB
MemTotal:        1844596 kB
MemFree:          643816 kB
MemAvailable:    1511172 kB
Buffers:           65072 kB
Cached:           899092 kB
MemTotal:        1844596 kB
MemFree:          643444 kB
MemAvailable:    1510800 kB
Buffers:           65072 kB
Cached:           899092 kB
MemTotal:        1844596 kB
MemFree:          643780 kB
MemAvailable:    1511136 kB
Buffers:           65072 kB
Cached:           899092 kB
MemTotal:        1844596 kB
MemFree:          641840 kB
MemAvailable:    1509196 kB
Buffers:           65072 kB
Cached:           899092 kB
MemTotal:        1844596 kB
MemFree:          641840 kB
MemAvailable:    1509196 kB
Buffers:           65072 kB
Cached:           899092 kB
MemTotal:        1844596 kB
MemFree:          641544 kB
MemAvailable:    1508900 kB
Buffers:           65072 kB
Cached:           899092 kB
MemTotal:        1844596 kB
MemFree:          643076 kB
MemAvailable:    1510432 kB
Buffers:           65072 kB
Cached:           899092 kB
MemTotal:        1844596 kB
MemFree:          642964 kB
MemAvailable:    1510320 kB
Buffers:           65072 kB
Cached:           899092 kB
MemTotal:        1844596 kB
MemFree:          643008 kB
MemAvailable:    1510364 kB
Buffers:           65072 kB
Cached:           899092 kB
MemTotal:        1844596 kB
MemFree:          641828 kB
MemAvailable:    1509184 kB
Buffers:           65072 kB
Cached:           899092 kB
MemTotal:        1844596 kB
MemFree:          641696 kB
MemAvailable:    1509052 kB
Buffers:           65072 kB
Cached:           899092 kB
MemTotal:        1844596 kB
MemFree:          643008 kB
MemAvailable:    1510364 kB
Buffers:           65072 kB
Cached:           899092 kB
MemTotal:        1844596 kB
MemFree:          643892 kB
MemAvailable:    1511248 kB
Buffers:           65072 kB
Cached:           899092 kB
MemTotal:        1844596 kB
MemFree:          641344 kB
MemAvailable:    1508700 kB
Buffers:           65072 kB
Cached:           899092 kB
MemTotal:        1844596 kB
MemFree:          639864 kB
MemAvailable:    1507220 kB
Buffers:           65072 kB
Cached:           899092 kB
MemTotal:        1844596 kB
MemFree:          640344 kB
MemAvailable:    1507700 kB
Buffers:           65072 kB
Cached:           899092 kB
MemTotal:        1844596 kB
MemFree:          640344 kB
MemAvailable:    1507700 kB
Buffers:           65072 kB
Cached:           899092 kB
MemTotal:        1844596 kB
MemFree:          638796 kB
MemAvailable:    1506152 kB
Buffers:           65072 kB
Cached:           899092 kB
MemTotal:        1844596 kB
MemFree:          638128 kB
MemAvailable:    1505484 kB
Buffers:           65072 kB
Cached:           899092 kB
MemTotal:        1844596 kB
MemFree:          639244 kB
MemAvailable:    1506600 kB
Buffers:           65072 kB
Cached:           899092 kB
MemTotal:        1844596 kB
MemFree:          637880 kB
MemAvailable:    1505236 kB
Buffers:           65072 kB
Cached:           899092 kB
MemTotal:        1844596 kB
MemFree:          638732 kB
MemAvailable:    1506088 kB
Buffers:           65072 kB
Cached:           899092 kB
MemTotal:        1844596 kB
MemFree:          638732 kB
MemAvailable:    1506088 kB
Buffers:           65072 kB
Cached:           899092 kB
MemTotal:        1844596 kB
MemFree:          637320 kB
MemAvailable:    1504676 kB
Buffers:           65072 kB
Cached:           899092 kB
MemTotal:        1844596 kB
MemFree:          638620 kB
MemAvailable:    1505976 kB
Buffers:           65072 kB
Cached:           899092 kB
MemTotal:        1844596 kB
MemFree:          637508 kB
MemAvailable:    1504864 kB
Buffers:           65072 kB
Cached:           899092 kB
MemTotal:        1844596 kB
MemFree:          638064 kB
MemAvailable:    1505420 kB
Buffers:           65072 kB
Cached:           899092 kB
MemTotal:        1844596 kB
MemFree:          638400 kB
MemAvailable:    1505756 kB
Buffers:           65072 kB
Cached:           899092 kB
MemTotal:        1844596 kB
MemFree:          636500 kB
MemAvailable:    1503856 kB
Buffers:           65072 kB
Cached:           899092 kB
MemTotal:        1844596 kB
MemFree:          636452 kB
MemAvailable:    1503808 kB
Buffers:           65072 kB
Cached:           899092 kB
MemTotal:        1844596 kB
MemFree:          636584 kB
MemAvailable:    1503940 kB
Buffers:           65072 kB
Cached:           899092 kB
MemTotal:        1844596 kB
MemFree:          637824 kB
MemAvailable:    1505180 kB
Buffers:           65072 kB
Cached:           899092 kB
MemTotal:        1844596 kB
MemFree:          637796 kB
MemAvailable:    1505152 kB
Buffers:           65072 kB
Cached:           899092 kB
MemTotal:        1844596 kB
MemFree:          637688 kB
MemAvailable:    1505044 kB
Buffers:           65072 kB
Cached:           899092 kB
MemTotal:        1844596 kB
MemFree:          636484 kB
MemAvailable:    1503840 kB
Buffers:           65072 kB
Cached:           899092 kB
MemTotal:        1844596 kB
MemFree:          638004 kB
MemAvailable:    1505372 kB
Buffers:           65072 kB
Cached:           899104 kB
MemTotal:        1844596 kB
MemFree:          637708 kB
MemAvailable:    1505076 kB
Buffers:           65072 kB
Cached:           899104 kB
MemTotal:        1844596 kB
MemFree:          637964 kB
MemAvailable:    1505332 kB
Buffers:           65072 kB
Cached:           899104 kB
MemTotal:        1844596 kB
MemFree:          637624 kB
MemAvailable:    1504992 kB
Buffers:           65072 kB
Cached:           899104 kB
MemTotal:        1844596 kB
MemFree:          637428 kB
MemAvailable:    1504796 kB
Buffers:           65072 kB
Cached:           899104 kB
MemTotal:        1844596 kB
MemFree:          636376 kB
MemAvailable:    1503744 kB
Buffers:           65072 kB
Cached:           899104 kB
MemTotal:        1844596 kB
MemFree:          637196 kB
MemAvailable:    1504564 kB
Buffers:           65072 kB
Cached:           899104 kB
MemTotal:        1844596 kB
MemFree:          636872 kB
MemAvailable:    1504240 kB
Buffers:           65072 kB
Cached:           899104 kB
MemTotal:        1844596 kB
MemFree:          637124 kB
MemAvailable:    1504492 kB
Buffers:           65072 kB
Cached:           899104 kB
MemTotal:        1844596 kB
MemFree:          636756 kB
MemAvailable:    1504124 kB
Buffers:           65072 kB
Cached:           899104 kB
MemTotal:        1844596 kB
MemFree:          636948 kB
MemAvailable:    1504316 kB
Buffers:           65072 kB
Cached:           899104 kB
MemTotal:        1844596 kB
MemFree:          636888 kB
MemAvailable:    1504256 kB
Buffers:           65072 kB
Cached:           899104 kB
MemTotal:        1844596 kB
MemFree:          636020 kB
MemAvailable:    1503388 kB
Buffers:           65072 kB
Cached:           899104 kB
MemTotal:        1844596 kB
MemFree:          636704 kB
MemAvailable:    1504072 kB
Buffers:           65072 kB
Cached:           899104 kB
MemTotal:        1844596 kB
MemFree:          637040 kB
MemAvailable:    1504408 kB
Buffers:           65072 kB
Cached:           899104 kB
MemTotal:        1844596 kB
MemFree:          636740 kB
MemAvailable:    1504108 kB
Buffers:           65072 kB
Cached:           899104 kB
MemTotal:        1844596 kB
MemFree:          636824 kB
MemAvailable:    1504192 kB
Buffers:           65072 kB
Cached:           899104 kB
MemTotal:        1844596 kB
MemFree:          634656 kB
MemAvailable:    1502024 kB
Buffers:           65076 kB
Cached:           899100 kB
MemTotal:        1844596 kB
MemFree:          632360 kB
MemAvailable:    1499728 kB
Buffers:           65076 kB
Cached:           899100 kB
MemTotal:        1844596 kB
MemFree:          630440 kB
MemAvailable:    1497808 kB
Buffers:           65076 kB
Cached:           899100 kB
MemTotal:        1844596 kB
MemFree:          629440 kB
MemAvailable:    1496808 kB
Buffers:           65076 kB
Cached:           899100 kB
MemTotal:        1844596 kB
MemFree:          629696 kB
MemAvailable:    1497064 kB
Buffers:           65076 kB
Cached:           899100 kB
MemTotal:        1844596 kB
MemFree:          629060 kB
MemAvailable:    1496428 kB
Buffers:           65076 kB
Cached:           899100 kB
MemTotal:        1844596 kB
MemFree:          629060 kB
MemAvailable:    1496428 kB
Buffers:           65076 kB
Cached:           899100 kB
MemTotal:        1844596 kB
MemFree:          628960 kB
MemAvailable:    1496328 kB
Buffers:           65076 kB
Cached:           899100 kB
MemTotal:        1844596 kB
MemFree:          628796 kB
MemAvailable:    1496164 kB
Buffers:           65076 kB
Cached:           899100 kB
MemTotal:        1844596 kB
MemFree:          628332 kB
MemAvailable:    1495700 kB
Buffers:           65076 kB
Cached:           899100 kB
MemTotal:        1844596 kB
MemFree:          628816 kB
MemAvailable:    1496184 kB
Buffers:           65076 kB
Cached:           899100 kB
MemTotal:        1844596 kB
MemFree:          628804 kB
MemAvailable:    1496172 kB
Buffers:           65076 kB
Cached:           899100 kB
MemTotal:        1844596 kB
MemFree:          628804 kB
MemAvailable:    1496172 kB
Buffers:           65076 kB
Cached:           899100 kB
MemTotal:        1844596 kB
MemFree:          628780 kB
MemAvailable:    1496148 kB
Buffers:           65076 kB
Cached:           899100 kB
MemTotal:        1844596 kB
MemFree:          627700 kB
MemAvailable:    1495068 kB
Buffers:           65076 kB
Cached:           899100 kB
MemTotal:        1844596 kB
MemFree:          628768 kB
MemAvailable:    1496136 kB
Buffers:           65076 kB
Cached:           899100 kB
MemTotal:        1844596 kB
MemFree:          629020 kB
MemAvailable:    1496388 kB
Buffers:           65076 kB
Cached:           899100 kB
MemTotal:        1844596 kB
MemFree:          628820 kB
MemAvailable:    1496188 kB
Buffers:           65076 kB
Cached:           899100 kB
MemTotal:        1844596 kB
MemFree:          627340 kB
MemAvailable:    1494708 kB
Buffers:           65076 kB
Cached:           899100 kB
MemTotal:        1844596 kB
MemFree:          628508 kB
MemAvailable:    1495876 kB
Buffers:           65076 kB
Cached:           899100 kB
MemTotal:        1844596 kB
MemFree:          627828 kB
MemAvailable:    1495196 kB
Buffers:           65076 kB
Cached:           899100 kB
MemTotal:        1844596 kB
MemFree:          627348 kB
MemAvailable:    1494716 kB
Buffers:           65076 kB
Cached:           899100 kB
MemTotal:        1844596 kB
MemFree:          627316 kB
MemAvailable:    1494684 kB
Buffers:           65076 kB
Cached:           899100 kB
MemTotal:        1844596 kB
MemFree:          626968 kB
MemAvailable:    1494336 kB
Buffers:           65076 kB
Cached:           899100 kB
MemTotal:        1844596 kB
MemFree:          627004 kB
MemAvailable:    1494372 kB
Buffers:           65076 kB
Cached:           899100 kB
MemTotal:        1844596 kB
MemFree:          626964 kB
MemAvailable:    1494332 kB
Buffers:           65076 kB
Cached:           899100 kB
MemTotal:        1844596 kB
MemFree:          625968 kB
MemAvailable:    1493336 kB
Buffers:           65076 kB
Cached:           899100 kB
MemTotal:        1844596 kB
MemFree:          625968 kB
MemAvailable:    1493336 kB
Buffers:           65076 kB
Cached:           899100 kB
MemTotal:        1844596 kB
MemFree:          624728 kB
MemAvailable:    1492096 kB
Buffers:           65076 kB
Cached:           899100 kB
MemTotal:        1844596 kB
MemFree:          625340 kB
MemAvailable:    1492708 kB
Buffers:           65076 kB
Cached:           899100 kB
MemTotal:        1844596 kB
MemFree:          625340 kB
MemAvailable:    1492708 kB
Buffers:           65076 kB
Cached:           899100 kB
MemTotal:        1844596 kB
MemFree:          625044 kB
MemAvailable:    1492412 kB
Buffers:           65076 kB
Cached:           899100 kB
MemTotal:        1844596 kB
MemFree:          625116 kB
MemAvailable:    1492484 kB
Buffers:           65076 kB
Cached:           899100 kB
MemTotal:        1844596 kB
MemFree:          624472 kB
MemAvailable:    1491840 kB
Buffers:           65076 kB
Cached:           899100 kB
MemTotal:        1844596 kB
MemFree:          623856 kB
MemAvailable:    1491224 kB
Buffers:           65076 kB
Cached:           899100 kB
MemTotal:        1844596 kB
MemFree:          624976 kB
MemAvailable:    1492344 kB
Buffers:           65076 kB
Cached:           899100 kB
MemTotal:        1844596 kB
MemFree:          624868 kB
MemAvailable:    1492236 kB
Buffers:           65076 kB
Cached:           899100 kB
MemTotal:        1844596 kB
MemFree:          624852 kB
MemAvailable:    1492220 kB
Buffers:           65076 kB
Cached:           899100 kB
MemTotal:        1844596 kB
MemFree:          624968 kB
MemAvailable:    1492336 kB
Buffers:           65076 kB
Cached:           899100 kB
MemTotal:        1844596 kB
MemFree:          625052 kB
MemAvailable:    1492420 kB
Buffers:           65076 kB
Cached:           899100 kB
MemTotal:        1844596 kB
MemFree:          624532 kB
MemAvailable:    1491900 kB
Buffers:           65076 kB
Cached:           899100 kB
MemTotal:        1844596 kB
MemFree:          624216 kB
MemAvailable:    1491584 kB
Buffers:           65076 kB
Cached:           899100 kB
MemTotal:        1844596 kB
MemFree:          624552 kB
MemAvailable:    1491920 kB
Buffers:           65076 kB
Cached:           899100 kB
MemTotal:        1844596 kB
MemFree:          619528 kB
MemAvailable:    1486896 kB
Buffers:           65076 kB
Cached:           899100 kB
MemTotal:        1844596 kB
MemFree:          618288 kB
MemAvailable:    1485656 kB
Buffers:           65076 kB
Cached:           899100 kB
MemTotal:        1844596 kB
MemFree:          619216 kB
MemAvailable:    1486584 kB
Buffers:           65076 kB
Cached:           899100 kB
MemTotal:        1844596 kB
MemFree:          619032 kB
MemAvailable:    1486400 kB
Buffers:           65076 kB
Cached:           899100 kB
MemTotal:        1844596 kB
MemFree:          619260 kB
MemAvailable:    1486628 kB
Buffers:           65076 kB
Cached:           899100 kB
MemTotal:        1844596 kB
MemFree:          619512 kB
MemAvailable:    1486880 kB
Buffers:           65076 kB
Cached:           899100 kB
MemTotal:        1844596 kB
MemFree:          619168 kB
MemAvailable:    1486536 kB
Buffers:           65076 kB
Cached:           899100 kB
MemTotal:        1844596 kB
MemFree:          617860 kB
MemAvailable:    1485228 kB
Buffers:           65076 kB
Cached:           899100 kB
MemTotal:        1844596 kB
MemFree:          619036 kB
MemAvailable:    1486404 kB
Buffers:           65076 kB
Cached:           899100 kB
MemTotal:        1844596 kB
MemFree:          618960 kB
MemAvailable:    1486328 kB
Buffers:           65076 kB
Cached:           899100 kB
MemTotal:        1844596 kB
MemFree:          618852 kB
MemAvailable:    1486220 kB
Buffers:           65076 kB
Cached:           899100 kB
MemTotal:        1844596 kB
MemFree:          618032 kB
MemAvailable:    1485400 kB
Buffers:           65076 kB
Cached:           899100 kB
MemTotal:        1844596 kB
MemFree:          617800 kB
MemAvailable:    1485168 kB
Buffers:           65076 kB
Cached:           899100 kB
MemTotal:        1844596 kB
MemFree:          616056 kB
MemAvailable:    1483424 kB
Buffers:           65076 kB
Cached:           899100 kB
MemTotal:        1844596 kB
MemFree:          615984 kB
MemAvailable:    1483352 kB
Buffers:           65076 kB
Cached:           899100 kB
MemTotal:        1844596 kB
MemFree:          614808 kB
MemAvailable:    1482176 kB
Buffers:           65076 kB
Cached:           899100 kB
MemTotal:        1844596 kB
MemFree:          616056 kB
MemAvailable:    1483432 kB
Buffers:           65076 kB
Cached:           899108 kB
MemTotal:        1844596 kB
MemFree:          614940 kB
MemAvailable:    1482316 kB
Buffers:           65076 kB
Cached:           899108 kB
MemTotal:        1844596 kB
MemFree:          615720 kB
MemAvailable:    1483104 kB
Buffers:           65076 kB
Cached:           899116 kB
MemTotal:        1844596 kB
MemFree:          616056 kB
MemAvailable:    1483440 kB
Buffers:           65076 kB
Cached:           899116 kB
MemTotal:        1844596 kB
MemFree:          616588 kB
MemAvailable:    1483972 kB
Buffers:           65076 kB
Cached:           899116 kB
MemTotal:        1844596 kB
MemFree:          617612 kB
MemAvailable:    1485080 kB
Buffers:           65076 kB
Cached:           899240 kB
MemTotal:        1844596 kB
MemFree:          617612 kB
MemAvailable:    1485080 kB
Buffers:           65076 kB
Cached:           899240 kB
MemTotal:        1844596 kB
MemFree:          617396 kB
MemAvailable:    1485032 kB
Buffers:           65076 kB
Cached:           899364 kB
MemTotal:        1844596 kB
MemFree:          617652 kB
MemAvailable:    1485288 kB
Buffers:           65076 kB
Cached:           899488 kB
MemTotal:        1844596 kB
MemFree:          617396 kB
MemAvailable:    1485200 kB
Buffers:           65076 kB
Cached:           899612 kB
MemTotal:        1844596 kB
MemFree:          615720 kB
MemAvailable:    1483608 kB
Buffers:           65076 kB
Cached:           899736 kB
MemTotal:        1844596 kB
MemFree:          615640 kB
MemAvailable:    1483528 kB
Buffers:           65076 kB
Cached:           899736 kB
MemTotal:        1844596 kB
MemFree:          617124 kB
MemAvailable:    1485096 kB
Buffers:           65076 kB
Cached:           899736 kB
MemTotal:        1844596 kB
MemFree:          617376 kB
MemAvailable:    1485348 kB
Buffers:           65076 kB
Cached:           899736 kB
MemTotal:        1844596 kB
MemFree:          616984 kB
MemAvailable:    1484956 kB
Buffers:           65076 kB
Cached:           899736 kB
MemTotal:        1844596 kB
MemFree:          617236 kB
MemAvailable:    1485208 kB
Buffers:           65076 kB
Cached:           899736 kB
MemTotal:        1844596 kB
MemFree:          616896 kB
MemAvailable:    1484868 kB
Buffers:           65076 kB
Cached:           899736 kB
MemTotal:        1844596 kB
MemFree:          617064 kB
MemAvailable:    1485036 kB
Buffers:           65076 kB
Cached:           899736 kB
MemTotal:        1844596 kB
MemFree:          616992 kB
MemAvailable:    1485048 kB
Buffers:           65076 kB
Cached:           899860 kB
MemTotal:        1844596 kB
MemFree:          616992 kB
MemAvailable:    1485048 kB
Buffers:           65076 kB
Cached:           899860 kB
MemTotal:        1844596 kB
MemFree:          617448 kB
MemAvailable:    1484832 kB
Buffers:           65076 kB
Cached:           899228 kB
MemTotal:        1844596 kB
MemFree:          684704 kB
MemAvailable:    1552088 kB
Buffers:           65076 kB
Cached:           899228 kB
