MemTotal:        1844596 kB
MemFree:          755988 kB
MemAvailable:    1532884 kB
Buffers:           56008 kB
Cached:           825164 kB
MemTotal:        1844596 kB
MemFree:          753788 kB
MemAvailable:    1530684 kB
Buffers:           56008 kB
Cached:           825164 kB
MemTotal:        1844596 kB
MemFree:          753052 kB
MemAvailable:    1529948 kB
Buffers:           56008 kB
Cached:           825164 kB
MemTotal:        1844596 kB
MemFree:          751424 kB
MemAvailable:    1528320 kB
Buffers:           56008 kB
Cached:           825164 kB
MemTotal:        1844596 kB
MemFree:          751760 kB
MemAvailable:    1528656 kB
Buffers:           56008 kB
Cached:           825164 kB
MemTotal:        1844596 kB
MemFree:          749820 kB
MemAvailable:    1526716 kB
Buffers:           56008 kB
Cached:           825164 kB
MemTotal:        1844596 kB
MemFree:          749820 kB
MemAvailable:    1526716 kB
Buffers:           56008 kB
Cached:           825164 kB
MemTotal:        1844596 kB
MemFree:          746100 kB
MemAvailable:    1522996 kB
Buffers:           56008 kB
Cached:           825164 kB
MemTotal:        1844596 kB
MemFree:          744548 kB
MemAvailable:    1521444 kB
Buffers:           56008 kB
Cached:           825164 kB
MemTotal:        1844596 kB
MemFree:          740404 kB
MemAvailable:    1517300 kB
Buffers:           56008 kB
Cached:           825164 kB
MemTotal:        1844596 kB
MemFree:          741452 kB
MemAvailable:    1518348 kB
Buffers:           56008 kB
Cached:           825164 kB
MemTotal:        1844596 kB
MemFree:          741480 kB
MemAvailable:    1518376 kB
Buffers:           56008 kB
Cached:           825164 kB
MemTotal:        1844596 kB
MemFree:          741716 kB
MemAvailable:    1518612 kB
Buffers:           56008 kB
Cached:           825164 kB
MemTotal:        1844596 kB
MemFree:          741632 kB
MemAvailable:    1518528 kB
Buffers:           56008 kB
Cached:           825164 kB
MemTotal:        1844596 kB
MemFree:          741320 kB
MemAvailable:    1518216 kB
Buffers:           56008 kB
Cached:           825164 kB
MemTotal:        1844596 kB
MemFree:          741544 kB
MemAvailable:    1518440 kB
Buffers:           56008 kB
Cached:           825164 kB
MemTotal:        1844596 kB
MemFree:          740000 kB
MemAvailable:    1516896 kB
Buffers:           56008 kB
Cached:           825164 kB
MemTotal:        1844596 kB
MemFree:          739768 kB
MemAvailable:    1516664 kB
Buffers:           56008 kB
Cached:           825164 kB
MemTotal:        1844596 kB
MemFree:          739852 kB
MemAvailable:    1516748 kB
Buffers:           56008 kB
Cached:           825164 kB
MemTotal:        1844596 kB
MemFree:          739288 kB
MemAvailable:    1516184 kB
Buffers:           56008 kB
Cached:           825164 kB
MemTotal:        1844596 kB
MemFree:          737916 kB
MemAvailable:    1514812 kB
Buffers:           56008 kB
Cached:           825164 kB
MemTotal:        1844596 kB
MemFree:          739016 kB
MemAvailable:    1515912 kB
Buffers:           56008 kB
Cached:           825164 kB
MemTotal:        1844596 kB
MemFree:          739016 kB
MemAvailable:    1515912 kB
Buffers:           56008 kB
Cached:           825164 kB
MemTotal:        1844596 kB
MemFree:          739104 kB
MemAvailable:    1516000 kB
Buffers:           56008 kB
Cached:           825164 kB
MemTotal:        1844596 kB
MemFree:          739048 kB
MemAvailable:    1515944 kB
Buffers:           56008 kB
Cached:           825164 kB
MemTotal:        1844596 kB
MemFree:          737660 kB
MemAvailable:    1514556 kB
Buffers:           56008 kB
Cached:           825164 kB
MemTotal:        1844596 kB
MemFree:          737876 kB
MemAvailable:    1514772 kB
Buffers:           56008 kB
Cached:           825164 kB
MemTotal:        1844596 kB
MemFree:          738296 kB
MemAvailable:    1515192 kB
Buffers:           56008 kB
Cached:           825164 kB
MemTotal:        1844596 kB
MemFree:          739124 kB
MemAvailable:    1516020 kB
Buffers:           56008 kB
Cached:           825164 kB
MemTotal:        1844596 kB
MemFree:          740356 kB
MemAvailable:    1517252 kB
Buffers:           56008 kB
Cached:           825164 kB
MemTotal:        1844596 kB
MemFree:          738544 kB
MemAvailable:    1515440 kB
Buffers:           56008 kB
Cached:           825164 kB
MemTotal:        1844596 kB
MemFree:          737552 kB
MemAvailable:    1514448 kB
Buffers:           56008 kB
Cached:           825164 kB
MemTotal:        1844596 kB
MemFree:          735808 kB
MemAvailable:    1512704 kB
Buffers:           56008 kB
Cached:           825164 kB
MemTotal:        1844596 kB
MemFree:          735436 kB
MemAvailable:    1512332 kB
Buffers:           56008 kB
Cached:           825164 kB
MemTotal:        1844596 kB
MemFree:          735444 kB
MemAvailable:    1512340 kB
Buffers:           56008 kB
Cached:           825164 kB
MemTotal:        1844596 kB
MemFree:          735992 kB
MemAvailable:    1512888 kB
Buffers:           56008 kB
Cached:           825164 kB
MemTotal:        1844596 kB
MemFree:          736328 kB
MemAvailable:    1513224 kB
Buffers:           56008 kB
Cached:           825164 kB
MemTotal:        1844596 kB
MemFree:          733948 kB
MemAvailable:    1510844 kB
Buffers:           56008 kB
Cached:           825164 kB
MemTotal:        1844596 kB
MemFree:          735508 kB
MemAvailable:    1512404 kB
Buffers:           56008 kB
Cached:           825164 kB
MemTotal:        1844596 kB
MemFree:          735072 kB
MemAvailable:    1511968 kB
Buffers:           56008 kB
Cached:           825164 kB
MemTotal:        1844596 kB
MemFree:          734940 kB
MemAvailable:    1511836 kB
Buffers:           56008 kB
Cached:           825164 kB
MemTotal:        1844596 kB
MemFree:          733824 kB
MemAvailable:    1510720 kB
Buffers:           56008 kB
Cached:           825164 kB
MemTotal:        1844596 kB
MemFree:          734636 kB
MemAvailable:    1511532 kB
Buffers:           56008 kB
Cached:           825164 kB
MemTotal:        1844596 kB
MemFree:          734396 kB
MemAvailable:    1511292 kB
Buffers:           56008 kB
Cached:           825164 kB
MemTotal:        1844596 kB
MemFree:          734336 kB
MemAvailable:    1511232 kB
Buffers:           56008 kB
Cached:           825164 kB
MemTotal:        1844596 kB
MemFree:          734188 kB
MemAvailable:    1511084 kB
Buffers:           56008 kB
Cached:           825164 kB
MemTotal:        1844596 kB
MemFree:          734524 kB
MemAvailable:    1511420 kB
Buffers:           56008 kB
Cached:           825164 kB
MemTotal:        1844596 kB
MemFree:          734068 kB
MemAvailable:    1510964 kB
Buffers:           56008 kB
Cached:           825164 kB
MemTotal:        1844596 kB
MemFree:          732648 kB
MemAvailable:    1509544 kB
Buffers:           56008 kB
Cached:           825164 kB
MemTotal:        1844596 kB
MemFree:          733460 kB
MemAvailable:    1510356 kB
Buffers:           56008 kB
Cached:           825164 kB
MemTotal:        1844596 kB
MemFree:          732660 kB
MemAvailable:    1509556 kB
Buffers:           56008 kB
Cached:           825164 kB
MemTotal:        1844596 kB
MemFree:          733952 kB
MemAvailable:    1510848 kB
Buffers:           56008 kB
Cached:           825164 kB
MemTotal:        1844596 kB
MemFree:          733212 kB
MemAvailable:    1509984 kB
Buffers:           56008 kB
Cached:           825164 kB
MemTotal:        1844596 kB
MemFree:          733764 kB
MemAvailable:    1510660 kB
Buffers:           56008 kB
Cached:           825164 kB
MemTotal:        1844596 kB
MemFree:          733964 kB
MemAvailable:    1510860 kB
Buffers:           56008 kB
Cached:           825164 kB
MemTotal:        1844596 kB
MemFree:          733868 kB
MemAvailable:    1510764 kB
Buffers:           56008 kB
Cached:           825164 kB
MemTotal:        1844596 kB
MemFree:          734088 kB
MemAvailable:    1510984 kB
Buffers:           56008 kB
Cached:           825164 kB
MemTotal:        1844596 kB
MemFree:          733560 kB
MemAvailable:    1510456 kB
Buffers:           56008 kB
Cached:           825164 kB
MemTotal:        1844596 kB
MemFree:          732964 kB
MemAvailable:    1509860 kB
Buffers:           56008 kB
Cached:           825164 kB
MemTotal:        1844596 kB
MemFree:          733280 kB
MemAvailable:    1510176 kB
Buffers:           56008 kB
Cached:           825164 kB
MemTotal:        1844596 kB
MemFree:          733332 kB
MemAvailable:    1510228 kB
Buffers:           56008 kB
Cached:           825164 kB
MemTotal:        1844596 kB
MemFree:          733464 kB
MemAvailable:    1510360 kB
Buffers:           56008 kB
Cached:           825164 kB
MemTotal:        1844596 kB
MemFree:          732032 kB
MemAvailable:    1508928 kB
Buffers:           56008 kB
Cached:           825164 kB
MemTotal:        1844596 kB
MemFree:          733264 kB
MemAvailable:    1510160 kB
Buffers:           56008 kB
Cached:           825164 kB
MemTotal:        1844596 kB
MemFree:          732884 kB
MemAvailable:    1509780 kB
Buffers:           56008 kB
Cached:           825164 kB
MemTotal:        1844596 kB
MemFree:          732884 kB
MemAvailable:    1509780 kB
Buffers:           56008 kB
Cached:           825164 kB
MemTotal:        1844596 kB
MemFree:          732868 kB
MemAvailable:    1509764 kB
Buffers:           56008 kB
Cached:           825164 kB
MemTotal:        1844596 kB
MemFree:          733212 kB
MemAvailable:    1510108 kB
Buffers:           56008 kB
Cached:           825164 kB
MemTotal:        1844596 kB
MemFree:          731836 kB
MemAvailable:    1508732 kB
Buffers:           56008 kB
Cached:           825164 kB
MemTotal:        1844596 kB
MemFree:          731664 kB
MemAvailable:    1508560 kB
Buffers:           56008 kB
Cached:           825164 kB
MemTotal:        1844596 kB
MemFree:          732956 kB
MemAvailable:    1509852 kB
Buffers:           56008 kB
Cached:           825164 kB
MemTotal:        1844596 kB
MemFree:          733064 kB
MemAvailable:    1509960 kB
Buffers:           56008 kB
Cached:           825164 kB
MemTotal:        1844596 kB
MemFree:          731228 kB
MemAvailable:    1508136 kB
Buffers:           56008 kB
Cached:           825176 kB
MemTotal:        1844596 kB
MemFree:          730536 kB
MemAvailable:    1507444 kB
Buffers:           56008 kB
Cached:           825176 kB
MemTotal:        1844596 kB
MemFree:          727004 kB
MemAvailable:    1503912 kB
Buffers:           56008 kB
Cached:           825176 kB
MemTotal:        1844596 kB
MemFree:          726516 kB
MemAvailable:    1503424 kB
Buffers:           56008 kB
Cached:           825176 kB
MemTotal:        1844596 kB
MemFree:          724532 kB
MemAvailable:    1501440 kB
Buffers:           56008 kB
Cached:           825176 kB
MemTotal:        1844596 kB
MemFree:          725012 kB
MemAvailable:    1501920 kB
Buffers:           56008 kB
Cached:           825176 kB
MemTotal:        1844596 kB
MemFree:          724160 kB
MemAvailable:    1501068 kB
Buffers:           56008 kB
Cached:           825176 kB
MemTotal:        1844596 kB
MemFree:          725132 kB
MemAvailable:    1502040 kB
Buffers:           56008 kB
Cached:           825176 kB
MemTotal:        1844596 kB
MemFree:          723776 kB
MemAvailable:    1500684 kB
Buffers:           56008 kB
Cached:           825176 kB
MemTotal:        1844596 kB
MemFree:          725016 kB
MemAvailable:    1501924 kB
Buffers:           56008 kB
Cached:           825176 kB
MemTotal:        1844596 kB
MemFree:          724956 kB
MemAvailable:    1501864 kB
Buffers:           56008 kB
Cached:           825176 kB
MemTotal:        1844596 kB
MemFree:          724956 kB
MemAvailable:    1501864 kB
Buffers:           56008 kB
Cached:           825176 kB
MemTotal:        1844596 kB
MemFree:          724708 kB
MemAvailable:    1501616 kB
Buffers:           56008 kB
Cached:           825176 kB
MemTotal:        1844596 kB
MemFree:          725044 kB
MemAvailable:    1501952 kB
Buffers:           56008 kB
Cached:           825176 kB
MemTotal:        1844596 kB
MemFree:          723760 kB
MemAvailable:    1500668 kB
Buffers:           56008 kB
Cached:           825176 kB
MemTotal:        1844596 kB
MemFree:          724960 kB
MemAvailable:    1501868 kB
Buffers:           56008 kB
Cached:           825176 kB
MemTotal:        1844596 kB
MemFree:          724960 kB
MemAvailable:    1501868 kB
Buffers:           56008 kB
Cached:           825176 kB
MemTotal:        1844596 kB
MemFree:          724980 kB
MemAvailable:    1501888 kB
Buffers:           56008 kB
Cached:           825176 kB
MemTotal:        1844596 kB
MemFree:          723484 kB
MemAvailable:    1500392 kB
Buffers:           56008 kB
Cached:           825176 kB
MemTotal:        1844596 kB
MemFree:          723724 kB
MemAvailable:    1500632 kB
Buffers:           56008 kB
Cached:           825176 kB
MemTotal:        1844596 kB
MemFree:          723904 kB
MemAvailable:    1500812 kB
Buffers:           56008 kB
Cached:           825176 kB
MemTotal:        1844596 kB
MemFree:          723988 kB
MemAvailable:    1500896 kB
Buffers:           56008 kB
Cached:           825176 kB
MemTotal:        1844596 kB
MemFree:          723392 kB
MemAvailable:    1500300 kB
Buffers:           56008 kB
Cached:           825176 kB
MemTotal:        1844596 kB
MemFree:          723476 kB
MemAvailable:    1500384 kB
Buffers:           56008 kB
Cached:           825176 kB
MemTotal:        1844596 kB
MemFree:          723012 kB
MemAvailable:    1499920 kB
Buffers:           56008 kB
Cached:           825176 kB
MemTotal:        1844596 kB
MemFree:          723012 kB
MemAvailable:    1499920 kB
Buffers:           56008 kB
Cached:           825176 kB
MemTotal:        1844596 kB
MemFree:          721184 kB
MemAvailable:    1498092 kB
Buffers:           56008 kB
Cached:           825176 kB
MemTotal:        1844596 kB
MemFree:          721184 kB
MemAvailable:    1498092 kB
Buffers:           56008 kB
Cached:           825176 kB
MemTotal:        1844596 kB
MemFree:          722168 kB
MemAvailable:    1499076 kB
Buffers:           56008 kB
Cached:           825176 kB
MemTotal:        1844596 kB
MemFree:          720564 kB
MemAvailable:    1497472 kB
Buffers:           56008 kB
Cached:           825176 kB
MemTotal:        1844596 kB
MemFree:          721420 kB
MemAvailable:    1498328 kB
Buffers:           56008 kB
Cached:           825176 kB
MemTotal:        1844596 kB
MemFree:          721232 kB
MemAvailable:    1498140 kB
Buffers:           56008 kB
Cached:           825176 kB
MemTotal:        1844596 kB
MemFree:          721484 kB
MemAvailable:    1498392 kB
Buffers:           56008 kB
Cached:           825176 kB
MemTotal:        1844596 kB
MemFree:          721168 kB
MemAvailable:    1498076 kB
Buffers:           56008 kB
Cached:           825176 kB
MemTotal:        1844596 kB
MemFree:          721240 kB
MemAvailable:    1498148 kB
Buffers:           56008 kB
Cached:           825176 kB
MemTotal:        1844596 kB
MemFree:          721012 kB
MemAvailable:    1497920 kB
Buffers:           56008 kB
Cached:           825176 kB
MemTotal:        1844596 kB
MemFree:          721012 kB
MemAvailable:    1497920 kB
Buffers:           56008 kB
Cached:           825176 kB
MemTotal:        1844596 kB
MemFree:          721172 kB
MemAvailable:    1498080 kB
Buffers:           56008 kB
Cached:           825176 kB
MemTotal:        1844596 kB
MemFree:          719800 kB
MemAvailable:    1496708 kB
Buffers:           56008 kB
Cached:           825176 kB
MemTotal:        1844596 kB
MemFree:          721100 kB
MemAvailable:    1498008 kB
Buffers:           56008 kB
Cached:           825176 kB
MemTotal:        1844596 kB
MemFree:          719572 kB
MemAvailable:    1496480 kB
Buffers:           56008 kB
Cached:           825176 kB
MemTotal:        1844596 kB
MemFree:          719820 kB
MemAvailable:    1496728 kB
Buffers:           56008 kB
Cached:           825176 kB
MemTotal:        1844596 kB
MemFree:          719448 kB
MemAvailable:    1496356 kB
Buffers:           56008 kB
Cached:           825176 kB
MemTotal:        1844596 kB
MemFree:          716036 kB
MemAvailable:    1492944 kB
Buffers:           56008 kB
Cached:           825176 kB
MemTotal:        1844596 kB
MemFree:          714736 kB
MemAvailable:    1491644 kB
Buffers:           56008 kB
Cached:           825176 kB
MemTotal:        1844596 kB
MemFree:          715468 kB
MemAvailable:    1492376 kB
Buffers:           56008 kB
Cached:           825176 kB
MemTotal:        1844596 kB
MemFree:          714180 kB
MemAvailable:    1491088 kB
Buffers:           56008 kB
Cached:           825176 kB
MemTotal:        1844596 kB
MemFree:          715480 kB
MemAvailable:    1492388 kB
Buffers:           56008 kB
Cached:           825176 kB
MemTotal:        1844596 kB
MemFree:          715420 kB
MemAvailable:    1492328 kB
Buffers:           56008 kB
Cached:           825176 kB
MemTotal:        1844596 kB
MemFree:          715604 kB
MemAvailable:    1492512 kB
Buffers:           56008 kB
Cached:           825176 kB
MemTotal:        1844596 kB
MemFree:          715148 kB
MemAvailable:    1492056 kB
Buffers:           56008 kB
Cached:           825176 kB
MemTotal:        1844596 kB
MemFree:          715484 kB
MemAvailable:    1492392 kB
Buffers:           56008 kB
Cached:           825176 kB
MemTotal:        1844596 kB
MemFree:          715240 kB
MemAvailable:    1492148 kB
Buffers:           56008 kB
Cached:           825176 kB
MemTotal:        1844596 kB
MemFree:          714116 kB
MemAvailable:    1491024 kB
Buffers:           56008 kB
Cached:           825176 kB
MemTotal:        1844596 kB
MemFree:          714964 kB
MemAvailable:    1491872 kB
Buffers:           56008 kB
Cached:           825176 kB
MemTotal:        1844596 kB
MemFree:          714292 kB
MemAvailable:    1491200 kB
Buffers:           56008 kB
Cached:           825176 kB
MemTotal:        1844596 kB
MemFree:          712876 kB
MemAvailable:    1489784 kB
Buffers:           56008 kB
Cached:           825176 kB
MemTotal:        1844596 kB
MemFree:          712256 kB
MemAvailable:    1489164 kB
Buffers:           56008 kB
Cached:           825176 kB
MemTotal:        1844596 kB
MemFree:          712316 kB
MemAvailable:    1489224 kB
Buffers:           56008 kB
Cached:           825176 kB
MemTotal:        1844596 kB
MemFree:          712068 kB
MemAvailable:    1488976 kB
Buffers:           56008 kB
Cached:           825176 kB
MemTotal:        1844596 kB
MemFree:          710712 kB
MemAvailable:    1487620 kB
Buffers:           56008 kB
Cached:           825176 kB
MemTotal:        1844596 kB
MemFree:          710712 kB
MemAvailable:    1487620 kB
Buffers:           56008 kB
Cached:           825176 kB
MemTotal:        1844596 kB
MemFree:          712056 kB
MemAvailable:    1488964 kB
Buffers:           56008 kB
Cached:           825176 kB
MemTotal:        1844596 kB
MemFree:          712728 kB
MemAvailable:    1489636 kB
Buffers:           56008 kB
Cached:           825176 kB
MemTotal:        1844596 kB
MemFree:          714136 kB
MemAvailable:    1491128 kB
Buffers:           56008 kB
Cached:           825300 kB
MemTotal:        1844596 kB
MemFree:          713124 kB
MemAvailable:    1490116 kB
Buffers:           56008 kB
Cached:           825300 kB
MemTotal:        1844596 kB
MemFree:          713992 kB
MemAvailable:    1491072 kB
Buffers:           56008 kB
Cached:           825428 kB
MemTotal:        1844596 kB
MemFree:          712752 kB
MemAvailable:    1490000 kB
Buffers:           56008 kB
Cached:           825552 kB
MemTotal:        1844596 kB
MemFree:          713344 kB
MemAvailable:    1490676 kB
Buffers:           56008 kB
Cached:           825676 kB
MemTotal:        1844596 kB
MemFree:          713428 kB
MemAvailable:    1490760 kB
Buffers:           56008 kB
Cached:           825676 kB
MemTotal:        1844596 kB
MemFree:          713208 kB
MemAvailable:    1490624 kB
Buffers:           56008 kB
Cached:           825800 kB
MemTotal:        1844596 kB
MemFree:          713544 kB
MemAvailable:    1490960 kB
Buffers:           56008 kB
Cached:           825800 kB
MemTotal:        1844596 kB
MemFree:          711968 kB
MemAvailable:    1489468 kB
Buffers:           56008 kB
Cached:           825800 kB
MemTotal:        1844596 kB
MemFree:          712380 kB
MemAvailable:    1489880 kB
Buffers:           56008 kB
Cached:           825800 kB
MemTotal:        1844596 kB
MemFree:          713496 kB
MemAvailable:    1491056 kB
Buffers:           56008 kB
Cached:           825820 kB
MemTotal:        1844596 kB
MemFree:          713364 kB
MemAvailable:    1490924 kB
Buffers:           56008 kB
Cached:           825820 kB
MemTotal:        1844596 kB
MemFree:          713364 kB
MemAvailable:    1490924 kB
Buffers:           56008 kB
Cached:           825820 kB
MemTotal:        1844596 kB
MemFree:          713404 kB
MemAvailable:    1490964 kB
Buffers:           56008 kB
Cached:           825820 kB
MemTotal:        1844596 kB
MemFree:          711876 kB
MemAvailable:    1489468 kB
Buffers:           56008 kB
Cached:           825860 kB
MemTotal:        1844596 kB
MemFree:          712000 kB
MemAvailable:    1489676 kB
Buffers:           56008 kB
Cached:           825984 kB
MemTotal:        1844596 kB
MemFree:          712920 kB
MemAvailable:    1489924 kB
Buffers:           56008 kB
Cached:           825228 kB
MemTotal:        1844596 kB
MemFree:          782236 kB
MemAvailable:    1559240 kB
Buffers:           56008 kB
Cached:           825228 kB
