MemTotal:        1844596 kB
MemFree:          789240 kB
MemAvailable:    1533292 kB
Buffers:           52660 kB
Cached:           798352 kB
MemTotal:        1844596 kB
MemFree:          788752 kB
MemAvailable:    1532804 kB
Buffers:           52660 kB
Cached:           798352 kB
MemTotal:        1844596 kB
MemFree:          786564 kB
MemAvailable:    1530616 kB
Buffers:           52660 kB
Cached:           798352 kB
MemTotal:        1844596 kB
MemFree:          785528 kB
MemAvailable:    1529580 kB
Buffers:           52660 kB
Cached:           798352 kB
MemTotal:        1844596 kB
MemFree:          786132 kB
MemAvailable:    1530184 kB
Buffers:           52660 kB
Cached:           798352 kB
MemTotal:        1844596 kB
MemFree:          786468 kB
MemAvailable:    1530520 kB
Buffers:           52660 kB
Cached:           798352 kB
MemTotal:        1844596 kB
MemFree:          782924 kB
MemAvailable:    1526976 kB
Buffers:           52660 kB
Cached:           798352 kB
MemTotal:        1844596 kB
MemFree:          779576 kB
MemAvailable:    1523628 kB
Buffers:           52660 kB
Cached:           798352 kB
MemTotal:        1844596 kB
MemFree:          777592 kB
MemAvailable:    1521644 kB
Buffers:           52660 kB
Cached:           798352 kB
MemTotal:        1844596 kB
MemFree:          773948 kB
MemAvailable:    1518000 kB
Buffers:           52660 kB
Cached:           798352 kB
MemTotal:        1844596 kB
MemFree:          776336 kB
MemAvailable:    1520388 kB
Buffers:           52660 kB
Cached:           798352 kB
MemTotal:        1844596 kB
MemFree:          776276 kB
MemAvailable:    1520328 kB
Buffers:           52660 kB
Cached:           798352 kB
MemTotal:        1844596 kB
MemFree:          775160 kB
MemAvailable:    1519212 kB
Buffers:           52660 kB
Cached:           798352 kB
MemTotal:        1844596 kB
MemFree:          776260 kB
MemAvailable:    1520312 kB
Buffers:           52660 kB
Cached:           798352 kB
MemTotal:        1844596 kB
MemFree:          776260 kB
MemAvailable:    1520312 kB
Buffers:           52660 kB
Cached:           798352 kB
MemTotal:        1844596 kB
MemFree:          775732 kB
MemAvailable:    1519784 kB
Buffers:           52660 kB
Cached:           798352 kB
MemTotal:        1844596 kB
MemFree:          774988 kB
MemAvailable:    1519040 kB
Buffers:           52660 kB
Cached:           798352 kB
MemTotal:        1844596 kB
MemFree:          773376 kB
MemAvailable:    1517428 kB
Buffers:           52660 kB
Cached:           798352 kB
MemTotal:        1844596 kB
MemFree:          774056 kB
MemAvailable:    1518116 kB
Buffers:           52660 kB
Cached:           798360 kB
MemTotal:        1844596 kB
MemFree:          772708 kB
MemAvailable:    1516768 kB
Buffers:           52660 kB
Cached:           798360 kB
MemTotal:        1844596 kB
MemFree:          772584 kB
MemAvailable:    1516644 kB
Buffers:           52660 kB
Cached:           798360 kB
MemTotal:        1844596 kB
MemFree:          772700 kB
MemAvailable:    1516760 kB
Buffers:           52660 kB
Cached:           798360 kB
MemTotal:        1844596 kB
MemFree:          773948 kB
MemAvailable:    1518008 kB
Buffers:           52660 kB
Cached:           798360 kB
MemTotal:        1844596 kB
MemFree:          772744 kB
MemAvailable:    1516804 kB
Buffers:           52660 kB
Cached:           798360 kB
MemTotal:        1844596 kB
MemFree:          772488 kB
MemAvailable:    1516548 kB
Buffers:           52660 kB
Cached:           798360 kB
MemTotal:        1844596 kB
MemFree:          773492 kB
MemAvailable:    1517552 kB
Buffers:           52660 kB
Cached:           798360 kB
MemTotal:        1844596 kB
MemFree:          774972 kB
MemAvailable:    1519032 kB
Buffers:           52660 kB
Cached:           798360 kB
MemTotal:        1844596 kB
MemFree:          775308 kB
MemAvailable:    1519368 kB
Buffers:           52660 kB
Cached:           798360 kB
MemTotal:        1844596 kB
MemFree:          774732 kB
MemAvailable:    1518792 kB
Buffers:           52660 kB
Cached:           798360 kB
MemTotal:        1844596 kB
MemFree:          773004 kB
MemAvailable:    1517064 kB
Buffers:           52660 kB
Cached:           798360 kB
MemTotal:        1844596 kB
MemFree:          771500 kB
MemAvailable:    1515564 kB
Buffers:           52660 kB
Cached:           798364 kB
MemTotal:        1844596 kB
MemFree:          771584 kB
MemAvailable:    1515648 kB
Buffers:           52660 kB
Cached:           798364 kB
MemTotal:        1844596 kB
MemFree:          771304 kB
MemAvailable:    1515368 kB
Buffers:           52660 kB
Cached:           798364 kB
MemTotal:        1844596 kB
MemFree:          770832 kB
MemAvailable:    1514896 kB
Buffers:           52660 kB
Cached:           798364 kB
MemTotal:        1844596 kB
MemFree:          770576 kB
MemAvailable:    1514640 kB
Buffers:           52660 kB
Cached:           798364 kB
MemTotal:        1844596 kB
MemFree:          769764 kB
MemAvailable:    1513828 kB
Buffers:           52660 kB
Cached:           798364 kB
MemTotal:        1844596 kB
MemFree:          769036 kB
MemAvailable:    1513100 kB
Buffers:           52660 kB
Cached:           798364 kB
MemTotal:        1844596 kB
MemFree:          769820 kB
MemAvailable:    1513884 kB
Buffers:           52660 kB
Cached:           798364 kB
MemTotal:        1844596 kB
MemFree:          769588 kB
MemAvailable:    1513652 kB
Buffers:           52660 kB
Cached:           798364 kB
MemTotal:        1844596 kB
MemFree:          769648 kB
MemAvailable:    1513712 kB
Buffers:           52660 kB
Cached:           798364 kB
MemTotal:        1844596 kB
MemFree:          768356 kB
MemAvailable:    1512420 kB
Buffers:           52660 kB
Cached:           798364 kB
MemTotal:        1844596 kB
MemFree:          769640 kB
MemAvailable:    1513704 kB
Buffers:           52660 kB
Cached:           798364 kB
MemTotal:        1844596 kB
MemFree:          768408 kB
MemAvailable:    1512472 kB
Buffers:           52660 kB
Cached:           798364 kB
MemTotal:        1844596 kB
MemFree:          769284 kB
MemAvailable:    1513348 kB
Buffers:           52660 kB
Cached:           798364 kB
MemTotal:        1844596 kB
MemFree:          768896 kB
MemAvailable:    1512960 kB
Buffers:           52660 kB
Cached:           798364 kB
MemTotal:        1844596 kB
MemFree:          768896 kB
MemAvailable:    1512960 kB
Buffers:           52660 kB
Cached:           798364 kB
MemTotal:        1844596 kB
MemFree:          767540 kB
MemAvailable:    1511604 kB
Buffers:           52660 kB
Cached:           798364 kB
MemTotal:        1844596 kB
MemFree:          767532 kB
MemAvailable:    1511596 kB
Buffers:           52660 kB
Cached:           798364 kB
MemTotal:        1844596 kB
MemFree:          768732 kB
MemAvailable:    1512796 kB
Buffers:           52660 kB
Cached:           798364 kB
MemTotal:        1844596 kB
MemFree:          768732 kB
MemAvailable:    1512796 kB
Buffers:           52660 kB
Cached:           798364 kB
MemTotal:        1844596 kB
MemFree:          767616 kB
MemAvailable:    1511680 kB
Buffers:           52660 kB
Cached:           798364 kB
MemTotal:        1844596 kB
MemFree:          768592 kB
MemAvailable:    1512656 kB
Buffers:           52660 kB
Cached:           798364 kB
MemTotal:        1844596 kB
MemFree:          768676 kB
MemAvailable:    1512740 kB
Buffers:           52660 kB
Cached:           798364 kB
MemTotal:        1844596 kB
MemFree:          768716 kB
MemAvailable:    1512780 kB
Buffers:           52660 kB
Cached:           798364 kB
MemTotal:        1844596 kB
MemFree:          768968 kB
MemAvailable:    1513032 kB
Buffers:           52660 kB
Cached:           798364 kB
MemTotal:        1844596 kB
MemFree:          768600 kB
MemAvailable:    1512664 kB
Buffers:           52660 kB
Cached:           798364 kB
MemTotal:        1844596 kB
MemFree:          767672 kB
MemAvailable:    1511736 kB
Buffers:           52660 kB
Cached:           798364 kB
MemTotal:        1844596 kB
MemFree:          767028 kB
MemAvailable:    1511092 kB
Buffers:           52660 kB
Cached:           798364 kB
MemTotal:        1844596 kB
MemFree:          767036 kB
MemAvailable:    1511100 kB
Buffers:           52660 kB
Cached:           798364 kB
MemTotal:        1844596 kB
MemFree:          768028 kB
MemAvailable:    1512092 kB
Buffers:           52660 kB
Cached:           798364 kB
MemTotal:        1844596 kB
MemFree:          768028 kB
MemAvailable:    1512092 kB
Buffers:           52660 kB
Cached:           798364 kB
MemTotal:        1844596 kB
MemFree:          767732 kB
MemAvailable:    1511796 kB
Buffers:           52660 kB
Cached:           798364 kB
MemTotal:        1844596 kB
MemFree:          767680 kB
MemAvailable:    1511744 kB
Buffers:           52660 kB
Cached:           798364 kB
MemTotal:        1844596 kB
MemFree:          766664 kB
MemAvailable:    1510728 kB
Buffers:           52660 kB
Cached:           798364 kB
MemTotal:        1844596 kB
MemFree:          766548 kB
MemAvailable:    1510612 kB
Buffers:           52660 kB
Cached:           798364 kB
MemTotal:        1844596 kB
MemFree:          767740 kB
MemAvailable:    1511804 kB
Buffers:           52660 kB
Cached:           798364 kB
MemTotal:        1844596 kB
MemFree:          767992 kB
MemAvailable:    1512056 kB
Buffers:           52660 kB
Cached:           798364 kB
MemTotal:        1844596 kB
MemFree:          767780 kB
MemAvailable:    1511844 kB
Buffers:           52660 kB
Cached:           798364 kB
MemTotal:        1844596 kB
MemFree:          767548 kB
MemAvailable:    1511612 kB
Buffers:           52660 kB
Cached:           798364 kB
MemTotal:        1844596 kB
MemFree:          766500 kB
MemAvailable:    1510564 kB
Buffers:           52660 kB
Cached:           798364 kB
MemTotal:        1844596 kB
MemFree:          767740 kB
MemAvailable:    1511804 kB
Buffers:           52660 kB
Cached:           798364 kB
MemTotal:        1844596 kB
MemFree:          765316 kB
MemAvailable:    1509380 kB
Buffers:           52660 kB
Cached:           798364 kB
MemTotal:        1844596 kB
MemFree:          763324 kB
MemAvailable:    1507388 kB
Buffers:           52660 kB
Cached:           798364 kB
MemTotal:        1844596 kB
MemFree:          763324 kB
MemAvailable:    1507388 kB
Buffers:           52660 kB
Cached:           798364 kB
MemTotal:        1844596 kB
MemFree:          759364 kB
MemAvailable:    1503428 kB
Buffers:           52660 kB
Cached:           798364 kB
MemTotal:        1844596 kB
MemFree:          759968 kB
MemAvailable:    1504032 kB
Buffers:           52660 kB
Cached:           798364 kB
MemTotal:        1844596 kB
MemFree:          759968 kB
MemAvailable:    1504032 kB
Buffers:           52660 kB
Cached:           798364 kB
MemTotal:        1844596 kB
MemFree:          759832 kB
MemAvailable:    1503896 kB
Buffers:           52660 kB
Cached:           798364 kB
MemTotal:        1844596 kB
MemFree:          759736 kB
MemAvailable:    1503800 kB
Buffers:           52660 kB
Cached:           798364 kB
MemTotal:        1844596 kB
MemFree:          759672 kB
MemAvailable:    1503736 kB
Buffers:           52660 kB
Cached:           798364 kB
MemTotal:        1844596 kB
MemFree:          759928 kB
MemAvailable:    1503992 kB
Buffers:           52660 kB
Cached:           798364 kB
MemTotal:        1844596 kB
MemFree:          759792 kB
MemAvailable:    1503856 kB
Buffers:           52660 kB
Cached:           798364 kB
MemTotal:        1844596 kB
MemFree:          760044 kB
MemAvailable:    1504108 kB
Buffers:           52660 kB
Cached:           798364 kB
MemTotal:        1844596 kB
MemFree:          758572 kB
MemAvailable:    1502636 kB
Buffers:           52660 kB
Cached:           798364 kB
MemTotal:        1844596 kB
MemFree:          759812 kB
MemAvailable:    1503876 kB
Buffers:           52660 kB
Cached:           798364 kB
MemTotal:        1844596 kB
MemFree:          758992 kB
MemAvailable:    1503056 kB
Buffers:           52660 kB
Cached:           798364 kB
MemTotal:        1844596 kB
MemFree:          759584 kB
MemAvailable:    1503648 kB
Buffers:           52660 kB
Cached:           798364 kB
MemTotal:        1844596 kB
MemFree:          759920 kB
MemAvailable:    1503984 kB
Buffers:           52660 kB
Cached:           798364 kB
MemTotal:        1844596 kB
MemFree:          759704 kB
MemAvailable:    1503768 kB
Buffers:           52660 kB
Cached:           798364 kB
MemTotal:        1844596 kB
MemFree:          759704 kB
MemAvailable:    1503768 kB
Buffers:           52660 kB
Cached:           798364 kB
MemTotal:        1844596 kB
MemFree:          758348 kB
MemAvailable:    1502412 kB
Buffers:           52660 kB
Cached:           798364 kB
MemTotal:        1844596 kB
MemFree:          759424 kB
MemAvailable:    1503488 kB
Buffers:           52660 kB
Cached:           798364 kB
MemTotal:        1844596 kB
MemFree:          758124 kB
MemAvailable:    1502188 kB
Buffers:           52660 kB
Cached:           798364 kB
MemTotal:        1844596 kB
MemFree:          758480 kB
MemAvailable:    1502544 kB
Buffers:           52660 kB
Cached:           798364 kB
MemTotal:        1844596 kB
MemFree:          758480 kB
MemAvailable:    1502544 kB
Buffers:           52660 kB
Cached:           798364 kB
MemTotal:        1844596 kB
MemFree:          757984 kB
MemAvailable:    1502048 kB
Buffers:           52660 kB
Cached:           798364 kB
MemTotal:        1844596 kB
MemFree:          756860 kB
MemAvailable:    1500924 kB
Buffers:           52660 kB
Cached:           798364 kB
MemTotal:        1844596 kB
MemFree:          756008 kB
MemAvailable:    1500072 kB
Buffers:           52660 kB
Cached:           798364 kB
MemTotal:        1844596 kB
MemFree:          756868 kB
MemAvailable:    1500932 kB
Buffers:           52660 kB
Cached:           798364 kB
MemTotal:        1844596 kB
MemFree:          757120 kB
MemAvailable:    1501184 kB
Buffers:           52660 kB
Cached:           798364 kB
MemTotal:        1844596 kB
MemFree:          755272 kB
MemAvailable:    1499336 kB
Buffers:           52660 kB
Cached:           798364 kB
MemTotal:        1844596 kB
MemFree:          756512 kB
MemAvailable:    1500576 kB
Buffers:           52660 kB
Cached:           798364 kB
MemTotal:        1844596 kB
MemFree:          756248 kB
MemAvailable:    1500312 kB
Buffers:           52660 kB
Cached:           798364 kB
MemTotal:        1844596 kB
MemFree:          755520 kB
MemAvailable:    1499584 kB
Buffers:           52660 kB
Cached:           798364 kB
MemTotal:        1844596 kB
MemFree:          755828 kB
MemAvailable:    1499896 kB
Buffers:           52660 kB
Cached:           798368 kB
MemTotal:        1844596 kB
MemFree:          756164 kB
MemAvailable:    1500232 kB
Buffers:           52660 kB
Cached:           798368 kB
MemTotal:        1844596 kB
MemFree:          755760 kB
MemAvailable:    1499832 kB
Buffers:           52660 kB
Cached:           798372 kB
MemTotal:        1844596 kB
MemFree:          756016 kB
MemAvailable:    1500088 kB
Buffers:           52660 kB
Cached:           798372 kB
MemTotal:        1844596 kB
MemFree:          755964 kB
MemAvailable:    1500036 kB
Buffers:           52660 kB
Cached:           798372 kB
MemTotal:        1844596 kB
MemFree:          755964 kB
MemAvailable:    1500036 kB
Buffers:           52660 kB
Cached:           798372 kB
MemTotal:        1844596 kB
MemFree:          755768 kB
MemAvailable:    1499840 kB
Buffers:           52660 kB
Cached:           798372 kB
MemTotal:        1844596 kB
MemFree:          754536 kB
MemAvailable:    1498608 kB
Buffers:           52660 kB
Cached:           798372 kB
MemTotal:        1844596 kB
MemFree:          755388 kB
MemAvailable:    1499460 kB
Buffers:           52660 kB
Cached:           798372 kB
MemTotal:        1844596 kB
MemFree:          755472 kB
MemAvailable:    1499544 kB
Buffers:           52660 kB
Cached:           798372 kB
MemTotal:        1844596 kB
MemFree:          750676 kB
MemAvailable:    1494748 kB
Buffers:           52660 kB
Cached:           798372 kB
MemTotal:        1844596 kB
MemFree:          749272 kB
MemAvailable:    1493344 kB
Buffers:           52660 kB
Cached:           798372 kB
MemTotal:        1844596 kB
MemFree:          750372 kB
MemAvailable:    1494444 kB
Buffers:           52660 kB
Cached:           798372 kB
MemTotal:        1844596 kB
MemFree:          749824 kB
MemAvailable:    1493896 kB
Buffers:           52660 kB
Cached:           798372 kB
MemTotal:        1844596 kB
MemFree:          750300 kB
MemAvailable:    1494372 kB
Buffers:           52660 kB
Cached:           798372 kB
MemTotal:        1844596 kB
MemFree:          750384 kB
MemAvailable:    1494456 kB
Buffers:           52660 kB
Cached:           798372 kB
MemTotal:        1844596 kB
MemFree:          750368 kB
MemAvailable:    1494440 kB
Buffers:           52660 kB
Cached:           798372 kB
MemTotal:        1844596 kB
MemFree:          750112 kB
MemAvailable:    1494184 kB
Buffers:           52660 kB
Cached:           798372 kB
MemTotal:        1844596 kB
MemFree:          748896 kB
MemAvailable:    1492968 kB
Buffers:           52660 kB
Cached:           798372 kB
MemTotal:        1844596 kB
MemFree:          750128 kB
MemAvailable:    1494200 kB
Buffers:           52660 kB
Cached:           798372 kB
MemTotal:        1844596 kB
MemFree:          749880 kB
MemAvailable:    1493952 kB
Buffers:           52660 kB
Cached:           798372 kB
MemTotal:        1844596 kB
MemFree:          749932 kB
MemAvailable:    1494004 kB
Buffers:           52660 kB
Cached:           798372 kB
MemTotal:        1844596 kB
MemFree:          750128 kB
MemAvailable:    1494200 kB
Buffers:           52660 kB
Cached:           798372 kB
MemTotal:        1844596 kB
MemFree:          749740 kB
MemAvailable:    1493812 kB
Buffers:           52660 kB
Cached:           798372 kB
MemTotal:        1844596 kB
MemFree:          749908 kB
MemAvailable:    1493980 kB
Buffers:           52660 kB
Cached:           798372 kB
MemTotal:        1844596 kB
MemFree:          749428 kB
MemAvailable:    1493500 kB
Buffers:           52660 kB
Cached:           798372 kB
MemTotal:        1844596 kB
MemFree:          749512 kB
MemAvailable:    1493584 kB
Buffers:           52660 kB
Cached:           798372 kB
MemTotal:        1844596 kB
MemFree:          749252 kB
MemAvailable:    1493324 kB
Buffers:           52660 kB
Cached:           798372 kB
MemTotal:        1844596 kB
MemFree:          749588 kB
MemAvailable:    1493660 kB
Buffers:           52660 kB
Cached:           798372 kB
MemTotal:        1844596 kB
MemFree:          747452 kB
MemAvailable:    1491524 kB
Buffers:           52660 kB
Cached:           798372 kB
MemTotal:        1844596 kB
MemFree:          747452 kB
MemAvailable:    1491524 kB
Buffers:           52660 kB
Cached:           798372 kB
MemTotal:        1844596 kB
MemFree:          746724 kB
MemAvailable:    1490796 kB
Buffers:           52660 kB
Cached:           798372 kB
MemTotal:        1844596 kB
MemFree:          745476 kB
MemAvailable:    1489548 kB
Buffers:           52660 kB
Cached:           798372 kB
MemTotal:        1844596 kB
MemFree:          745220 kB
MemAvailable:    1489292 kB
Buffers:           52660 kB
Cached:           798372 kB
MemTotal:        1844596 kB
MemFree:          746404 kB
MemAvailable:    1490476 kB
Buffers:           52660 kB
Cached:           798372 kB
MemTotal:        1844596 kB
MemFree:          746656 kB
MemAvailable:    1490728 kB
Buffers:           52660 kB
Cached:           798372 kB
MemTotal:        1844596 kB
MemFree:          748128 kB
MemAvailable:    1492200 kB
Buffers:           52660 kB
Cached:           798372 kB
MemTotal:        1844596 kB
MemFree:          748464 kB
MemAvailable:    1492536 kB
Buffers:           52660 kB
Cached:           798372 kB
MemTotal:        1844596 kB
MemFree:          748248 kB
MemAvailable:    1492404 kB
Buffers:           52660 kB
Cached:           798496 kB
MemTotal:        1844596 kB
MemFree:          748212 kB
MemAvailable:    1492368 kB
Buffers:           52660 kB
Cached:           798496 kB
MemTotal:        1844596 kB
MemFree:          748140 kB
MemAvailable:    1492464 kB
Buffers:           52660 kB
Cached:           798744 kB
MemTotal:        1844596 kB
MemFree:          748212 kB
MemAvailable:    1492536 kB
Buffers:           52660 kB
Cached:           798744 kB
MemTotal:        1844596 kB
MemFree:          748336 kB
MemAvailable:    1492744 kB
Buffers:           52660 kB
Cached:           798868 kB
MemTotal:        1844596 kB
MemFree:          746520 kB
MemAvailable:    1491012 kB
Buffers:           52660 kB
Cached:           798868 kB
MemTotal:        1844596 kB
MemFree:          747892 kB
MemAvailable:    1492552 kB
Buffers:           52660 kB
Cached:           798992 kB
MemTotal:        1844596 kB
MemFree:          747476 kB
MemAvailable:    1492136 kB
Buffers:           52660 kB
Cached:           798992 kB
MemTotal:        1844596 kB
MemFree:          747652 kB
MemAvailable:    1492312 kB
Buffers:           52660 kB
Cached:           798992 kB
MemTotal:        1844596 kB
MemFree:          747988 kB
MemAvailable:    1492648 kB
Buffers:           52660 kB
Cached:           798992 kB
MemTotal:        1844596 kB
MemFree:          747952 kB
MemAvailable:    1492696 kB
Buffers:           52660 kB
Cached:           798992 kB
MemTotal:        1844596 kB
MemFree:          748032 kB
MemAvailable:    1492776 kB
Buffers:           52660 kB
Cached:           798992 kB
MemTotal:        1844596 kB
MemFree:          747708 kB
MemAvailable:    1492452 kB
Buffers:           52660 kB
Cached:           798992 kB
MemTotal:        1844596 kB
MemFree:          748044 kB
MemAvailable:    1492788 kB
Buffers:           52660 kB
Cached:           798992 kB
MemTotal:        1844596 kB
MemFree:          746552 kB
MemAvailable:    1491296 kB
Buffers:           52660 kB
Cached:           798992 kB
MemTotal:        1844596 kB
MemFree:          746972 kB
MemAvailable:    1491716 kB
Buffers:           52660 kB
Cached:           798992 kB
MemTotal:        1844596 kB
MemFree:          748280 kB
MemAvailable:    1492440 kB
Buffers:           52660 kB
Cached:           798412 kB
MemTotal:        1844596 kB
MemFree:          748452 kB
MemAvailable:    1492612 kB
Buffers:           52660 kB
Cached:           798412 kB
