MemTotal:        1844596 kB
MemFree:          833768 kB
MemAvailable:    1540872 kB
Buffers:           48672 kB
Cached:           768400 kB
MemTotal:        1844596 kB
MemFree:          828668 kB
MemAvailable:    1535772 kB
Buffers:           48672 kB
Cached:           768400 kB
MemTotal:        1844596 kB
MemFree:          828256 kB
MemAvailable:    1535360 kB
Buffers:           48672 kB
Cached:           768400 kB
MemTotal:        1844596 kB
MemFree:          828984 kB
MemAvailable:    1536088 kB
Buffers:           48672 kB
Cached:           768400 kB
MemTotal:        1844596 kB
MemFree:          828748 kB
MemAvailable:    1535852 kB
Buffers:           48672 kB
Cached:           768400 kB
MemTotal:        1844596 kB
MemFree:          828748 kB
MemAvailable:    1535852 kB
Buffers:           48680 kB
Cached:           768392 kB
MemTotal:        1844596 kB
MemFree:          825088 kB
MemAvailable:    1532192 kB
Buffers:           48684 kB
Cached:           768388 kB
MemTotal:        1844596 kB
MemFree:          822916 kB
MemAvailable:    1530020 kB
Buffers:           48684 kB
Cached:           768388 kB
MemTotal:        1844596 kB
MemFree:          820252 kB
MemAvailable:    1527356 kB
Buffers:           48684 kB
Cached:           768388 kB
MemTotal:        1844596 kB
MemFree:          816408 kB
MemAvailable:    1523512 kB
Buffers:           48684 kB
Cached:           768388 kB
MemTotal:        1844596 kB
MemFree:          818424 kB
MemAvailable:    1525528 kB
Buffers:           48684 kB
Cached:           768388 kB
MemTotal:        1844596 kB
MemFree:          817124 kB
MemAvailable:    1524228 kB
Buffers:           48684 kB
Cached:           768388 kB
MemTotal:        1844596 kB
MemFree:          818384 kB
MemAvailable:    1525488 kB
Buffers:           48684 kB
Cached:           768388 kB
MemTotal:        1844596 kB
MemFree:          816952 kB
MemAvailable:    1524056 kB
Buffers:           48684 kB
Cached:           768388 kB
MemTotal:        1844596 kB
MemFree:          817200 kB
MemAvailable:    1524304 kB
Buffers:           48684 kB
Cached:           768388 kB
MemTotal:        1844596 kB
MemFree:          816656 kB
MemAvailable:    1523760 kB
Buffers:           48684 kB
Cached:           768388 kB
MemTotal:        1844596 kB
MemFree:          817400 kB
MemAvailable:    1524504 kB
Buffers:           48684 kB
Cached:           768388 kB
MemTotal:        1844596 kB
MemFree:          816160 kB
MemAvailable:    1523264 kB
Buffers:           48684 kB
Cached:           768388 kB
MemTotal:        1844596 kB
MemFree:          816088 kB
MemAvailable:    1523192 kB
Buffers:           48684 kB
Cached:           768388 kB
MemTotal:        1844596 kB
MemFree:          816016 kB
MemAvailable:    1523120 kB
Buffers:           48684 kB
Cached:           768388 kB
MemTotal:        1844596 kB
MemFree:          816016 kB
MemAvailable:    1523120 kB
Buffers:           48684 kB
Cached:           768388 kB
MemTotal:        1844596 kB
MemFree:          814664 kB
MemAvailable:    1521768 kB
Buffers:           48684 kB
Cached:           768388 kB
MemTotal:        1844596 kB
MemFree:          816092 kB
MemAvailable:    1523196 kB
Buffers:           48684 kB
Cached:           768388 kB
MemTotal:        1844596 kB
MemFree:          814784 kB
MemAvailable:    1521888 kB
Buffers:           48684 kB
Cached:           768388 kB
MemTotal:        1844596 kB
MemFree:          815828 kB
MemAvailable:    1522932 kB
Buffers:           48684 kB
Cached:           768388 kB
MemTotal:        1844596 kB
MemFree:          817224 kB
MemAvailable:    1524328 kB
Buffers:           48684 kB
Cached:           768388 kB
MemTotal:        1844596 kB
MemFree:          817476 kB
MemAvailable:    1524580 kB
Buffers:           48684 kB
Cached:           768388 kB
MemTotal:        1844596 kB
MemFree:          817144 kB
MemAvailable:    1524248 kB
Buffers:           48684 kB
Cached:           768388 kB
MemTotal:        1844596 kB
MemFree:          815416 kB
MemAvailable:    1522520 kB
Buffers:           48684 kB
Cached:           768388 kB
MemTotal:        1844596 kB
MemFree:          813672 kB
MemAvailable:    1520776 kB
Buffers:           48684 kB
Cached:           768388 kB
MemTotal:        1844596 kB
MemFree:          813756 kB
MemAvailable:    1520860 kB
Buffers:           48684 kB
Cached:           768388 kB
MemTotal:        1844596 kB
MemFree:          813424 kB
MemAvailable:    1520528 kB
Buffers:           48684 kB
Cached:           768388 kB
MemTotal:        1844596 kB
MemFree:          812872 kB
MemAvailable:    1519976 kB
Buffers:           48684 kB
Cached:           768388 kB
MemTotal:        1844596 kB
MemFree:          811820 kB
MemAvailable:    1518924 kB
Buffers:           48684 kB
Cached:           768388 kB
MemTotal:        1844596 kB
MemFree:          811564 kB
MemAvailable:    1518680 kB
Buffers:           48684 kB
Cached:           768400 kB
MemTotal:        1844596 kB
MemFree:          812128 kB
MemAvailable:    1519244 kB
Buffers:           48684 kB
Cached:           768400 kB
MemTotal:        1844596 kB
MemFree:          812020 kB
MemAvailable:    1519136 kB
Buffers:           48684 kB
Cached:           768400 kB
MemTotal:        1844596 kB
MemFree:          811804 kB
MemAvailable:    1518920 kB
Buffers:           48684 kB
Cached:           768400 kB
MemTotal:        1844596 kB
MemFree:          811944 kB
MemAvailable:    1519060 kB
Buffers:           48684 kB
Cached:           768400 kB
MemTotal:        1844596 kB
MemFree:          811764 kB
MemAvailable:    1518880 kB
Buffers:           48684 kB
Cached:           768400 kB
MemTotal:        1844596 kB
MemFree:          810516 kB
MemAvailable:    1517632 kB
Buffers:           48684 kB
Cached:           768400 kB
MemTotal:        1844596 kB
MemFree:          811632 kB
MemAvailable:    1518748 kB
Buffers:           48684 kB
Cached:           768400 kB
MemTotal:        1844596 kB
MemFree:          810508 kB
MemAvailable:    1517624 kB
Buffers:           48684 kB
Cached:           768400 kB
MemTotal:        1844596 kB
MemFree:          809952 kB
MemAvailable:    1517076 kB
Buffers:           48684 kB
Cached:           768408 kB
MemTotal:        1844596 kB
MemFree:          809836 kB
MemAvailable:    1516960 kB
Buffers:           48684 kB
Cached:           768408 kB
MemTotal:        1844596 kB
MemFree:          810972 kB
MemAvailable:    1518096 kB
Buffers:           48684 kB
Cached:           768408 kB
MemTotal:        1844596 kB
MemFree:          809664 kB
MemAvailable:    1516788 kB
Buffers:           48684 kB
Cached:           768408 kB
MemTotal:        1844596 kB
MemFree:          811004 kB
MemAvailable:    1518128 kB
Buffers:           48684 kB
Cached:           768408 kB
MemTotal:        1844596 kB
MemFree:          809712 kB
MemAvailable:    1516836 kB
Buffers:           48684 kB
Cached:           768408 kB
MemTotal:        1844596 kB
MemFree:          810560 kB
MemAvailable:    1517684 kB
Buffers:           48684 kB
Cached:           768408 kB
MemTotal:        1844596 kB
MemFree:          810896 kB
MemAvailable:    1518020 kB
Buffers:           48684 kB
Cached:           768408 kB
MemTotal:        1844596 kB
MemFree:          809652 kB
MemAvailable:    1516776 kB
Buffers:           48684 kB
Cached:           768408 kB
MemTotal:        1844596 kB
MemFree:          809528 kB
MemAvailable:    1516652 kB
Buffers:           48684 kB
Cached:           768408 kB
MemTotal:        1844596 kB
MemFree:          810812 kB
MemAvailable:    1517936 kB
Buffers:           48684 kB
Cached:           768408 kB
MemTotal:        1844596 kB
MemFree:          810928 kB
MemAvailable:    1518052 kB
Buffers:           48684 kB
Cached:           768408 kB
MemTotal:        1844596 kB
MemFree:          810440 kB
MemAvailable:    1517564 kB
Buffers:           48684 kB
Cached:           768408 kB
MemTotal:        1844596 kB
MemFree:          810216 kB
MemAvailable:    1517340 kB
Buffers:           48684 kB
Cached:           768408 kB
MemTotal:        1844596 kB
MemFree:          808952 kB
MemAvailable:    1516076 kB
Buffers:           48684 kB
Cached:           768408 kB
MemTotal:        1844596 kB
MemFree:          810068 kB
MemAvailable:    1517192 kB
Buffers:           48684 kB
Cached:           768408 kB
MemTotal:        1844596 kB
MemFree:          810152 kB
MemAvailable:    1517276 kB
Buffers:           48684 kB
Cached:           768408 kB
MemTotal:        1844596 kB
MemFree:          808580 kB
MemAvailable:    1515704 kB
Buffers:           48684 kB
Cached:           768408 kB
MemTotal:        1844596 kB
MemFree:          808704 kB
MemAvailable:    1515828 kB
Buffers:           48684 kB
Cached:           768408 kB
MemTotal:        1844596 kB
MemFree:          808712 kB
MemAvailable:    1515836 kB
Buffers:           48684 kB
Cached:           768408 kB
MemTotal:        1844596 kB
MemFree:          809808 kB
MemAvailable:    1516932 kB
Buffers:           48684 kB
Cached:           768408 kB
MemTotal:        1844596 kB
MemFree:          810060 kB
MemAvailable:    1517184 kB
Buffers:           48684 kB
Cached:           768408 kB
MemTotal:        1844596 kB
MemFree:          809780 kB
MemAvailable:    1516904 kB
Buffers:           48684 kB
Cached:           768408 kB
MemTotal:        1844596 kB
MemFree:          809828 kB
MemAvailable:    1516952 kB
Buffers:           48684 kB
Cached:           768408 kB
MemTotal:        1844596 kB
MemFree:          809764 kB
MemAvailable:    1516888 kB
Buffers:           48684 kB
Cached:           768408 kB
MemTotal:        1844596 kB
MemFree:          809932 kB
MemAvailable:    1517056 kB
Buffers:           48684 kB
Cached:           768408 kB
MemTotal:        1844596 kB
MemFree:          809716 kB
MemAvailable:    1516840 kB
Buffers:           48684 kB
Cached:           768408 kB
MemTotal:        1844596 kB
MemFree:          808416 kB
MemAvailable:    1515540 kB
Buffers:           48684 kB
Cached:           768408 kB
MemTotal:        1844596 kB
MemFree:          806364 kB
MemAvailable:    1513488 kB
Buffers:           48684 kB
Cached:           768408 kB
MemTotal:        1844596 kB
MemFree:          804132 kB
MemAvailable:    1511256 kB
Buffers:           48684 kB
Cached:           768408 kB
MemTotal:        1844596 kB
MemFree:          802380 kB
MemAvailable:    1509504 kB
Buffers:           48684 kB
Cached:           768408 kB
MemTotal:        1844596 kB
MemFree:          802148 kB
MemAvailable:    1509272 kB
Buffers:           48684 kB
Cached:           768408 kB
MemTotal:        1844596 kB
MemFree:          800844 kB
MemAvailable:    1507968 kB
Buffers:           48684 kB
Cached:           768408 kB
MemTotal:        1844596 kB
MemFree:          801952 kB
MemAvailable:    1509076 kB
Buffers:           48684 kB
Cached:           768408 kB
MemTotal:        1844596 kB
MemFree:          801952 kB
MemAvailable:    1509076 kB
Buffers:           48684 kB
Cached:           768408 kB
MemTotal:        1844596 kB
MemFree:          800632 kB
MemAvailable:    1507756 kB
Buffers:           48684 kB
Cached:           768408 kB
MemTotal:        1844596 kB
MemFree:          801928 kB
MemAvailable:    1509052 kB
Buffers:           48684 kB
Cached:           768408 kB
MemTotal:        1844596 kB
MemFree:          800620 kB
MemAvailable:    1507744 kB
Buffers:           48684 kB
Cached:           768408 kB
MemTotal:        1844596 kB
MemFree:          801880 kB
MemAvailable:    1509004 kB
Buffers:           48684 kB
Cached:           768408 kB
MemTotal:        1844596 kB
MemFree:          801280 kB
MemAvailable:    1508404 kB
Buffers:           48684 kB
Cached:           768408 kB
MemTotal:        1844596 kB
MemFree:          801756 kB
MemAvailable:    1508880 kB
Buffers:           48684 kB
Cached:           768408 kB
MemTotal:        1844596 kB
MemFree:          802012 kB
MemAvailable:    1509136 kB
Buffers:           48684 kB
Cached:           768408 kB
MemTotal:        1844596 kB
MemFree:          801568 kB
MemAvailable:    1508692 kB
Buffers:           48684 kB
Cached:           768408 kB
MemTotal:        1844596 kB
MemFree:          801820 kB
MemAvailable:    1508944 kB
Buffers:           48684 kB
Cached:           768408 kB
MemTotal:        1844596 kB
MemFree:          800640 kB
MemAvailable:    1507764 kB
Buffers:           48684 kB
Cached:           768408 kB
MemTotal:        1844596 kB
MemFree:          801644 kB
MemAvailable:    1508768 kB
Buffers:           48684 kB
Cached:           768408 kB
MemTotal:        1844596 kB
MemFree:          801644 kB
MemAvailable:    1508768 kB
Buffers:           48684 kB
Cached:           768408 kB
MemTotal:        1844596 kB
MemFree:          801348 kB
MemAvailable:    1508472 kB
Buffers:           48684 kB
Cached:           768408 kB
MemTotal:        1844596 kB
MemFree:          799976 kB
MemAvailable:    1507100 kB
Buffers:           48684 kB
Cached:           768408 kB
MemTotal:        1844596 kB
MemFree:          800272 kB
MemAvailable:    1507396 kB
Buffers:           48684 kB
Cached:           768408 kB
MemTotal:        1844596 kB
MemFree:          800356 kB
MemAvailable:    1507480 kB
Buffers:           48684 kB
Cached:           768408 kB
MemTotal:        1844596 kB
MemFree:          798736 kB
MemAvailable:    1505860 kB
Buffers:           48684 kB
Cached:           768408 kB
MemTotal:        1844596 kB
MemFree:          799912 kB
MemAvailable:    1507036 kB
Buffers:           48684 kB
Cached:           768408 kB
MemTotal:        1844596 kB
MemFree:          798976 kB
MemAvailable:    1506100 kB
Buffers:           48684 kB
Cached:           768408 kB
MemTotal:        1844596 kB
MemFree:          797808 kB
MemAvailable:    1504932 kB
Buffers:           48684 kB
Cached:           768408 kB
MemTotal:        1844596 kB
MemFree:          799040 kB
MemAvailable:    1506164 kB
Buffers:           48684 kB
Cached:           768408 kB
MemTotal:        1844596 kB
MemFree:          798304 kB
MemAvailable:    1505428 kB
Buffers:           48684 kB
Cached:           768408 kB
MemTotal:        1844596 kB
MemFree:          798172 kB
MemAvailable:    1505296 kB
Buffers:           48684 kB
Cached:           768408 kB
MemTotal:        1844596 kB
MemFree:          798032 kB
MemAvailable:    1505156 kB
Buffers:           48684 kB
Cached:           768408 kB
MemTotal:        1844596 kB
MemFree:          797932 kB
MemAvailable:    1505056 kB
Buffers:           48684 kB
Cached:           768408 kB
MemTotal:        1844596 kB
MemFree:          797776 kB
MemAvailable:    1504900 kB
Buffers:           48684 kB
Cached:           768408 kB
MemTotal:        1844596 kB
MemFree:          798112 kB
MemAvailable:    1505236 kB
Buffers:           48684 kB
Cached:           768408 kB
MemTotal:        1844596 kB
MemFree:          797988 kB
MemAvailable:    1505112 kB
Buffers:           48684 kB
Cached:           768408 kB
MemTotal:        1844596 kB
MemFree:          798156 kB
MemAvailable:    1505280 kB
Buffers:           48684 kB
Cached:           768408 kB
MemTotal:        1844596 kB
MemFree:          796636 kB
MemAvailable:    1503760 kB
Buffers:           48684 kB
Cached:           768408 kB
MemTotal:        1844596 kB
MemFree:          797916 kB
MemAvailable:    1505040 kB
Buffers:           48684 kB
Cached:           768408 kB
MemTotal:        1844596 kB
MemFree:          797808 kB
MemAvailable:    1504932 kB
Buffers:           48684 kB
Cached:           768408 kB
MemTotal:        1844596 kB
MemFree:          797996 kB
MemAvailable:    1505120 kB
Buffers:           48684 kB
Cached:           768408 kB
MemTotal:        1844596 kB
MemFree:          797940 kB
MemAvailable:    1505064 kB
Buffers:           48684 kB
Cached:           768408 kB
MemTotal:        1844596 kB
MemFree:          796312 kB
MemAvailable:    1503436 kB
Buffers:           48684 kB
Cached:           768408 kB
MemTotal:        1844596 kB
MemFree:          797488 kB
MemAvailable:    1504612 kB
Buffers:           48684 kB
Cached:           768408 kB
MemTotal:        1844596 kB
MemFree:          796072 kB
MemAvailable:    1503196 kB
Buffers:           48684 kB
Cached:           768408 kB
MemTotal:        1844596 kB
MemFree:          792584 kB
MemAvailable:    1499708 kB
Buffers:           48684 kB
Cached:           768408 kB
MemTotal:        1844596 kB
MemFree:          792920 kB
MemAvailable:    1500044 kB
Buffers:           48684 kB
Cached:           768408 kB
MemTotal:        1844596 kB
MemFree:          791344 kB
MemAvailable:    1498468 kB
Buffers:           48684 kB
Cached:           768408 kB
MemTotal:        1844596 kB
MemFree:          791484 kB
MemAvailable:    1498612 kB
Buffers:           48684 kB
Cached:           768412 kB
MemTotal:        1844596 kB
MemFree:          792404 kB
MemAvailable:    1499532 kB
Buffers:           48684 kB
Cached:           768412 kB
MemTotal:        1844596 kB
MemFree:          792096 kB
MemAvailable:    1499232 kB
Buffers:           48684 kB
Cached:           768420 kB
MemTotal:        1844596 kB
MemFree:          792352 kB
MemAvailable:    1499488 kB
Buffers:           48684 kB
Cached:           768420 kB
MemTotal:        1844596 kB
MemFree:          790856 kB
MemAvailable:    1497992 kB
Buffers:           48684 kB
Cached:           768420 kB
MemTotal:        1844596 kB
MemFree:          790864 kB
MemAvailable:    1498000 kB
Buffers:           48684 kB
Cached:           768420 kB
MemTotal:        1844596 kB
MemFree:          790980 kB
MemAvailable:    1498116 kB
Buffers:           48684 kB
Cached:           768420 kB
MemTotal:        1844596 kB
MemFree:          791716 kB
MemAvailable:    1498852 kB
Buffers:           48684 kB
Cached:           768420 kB
MemTotal:        1844596 kB
MemFree:          791884 kB
MemAvailable:    1499020 kB
Buffers:           48684 kB
Cached:           768420 kB
MemTotal:        1844596 kB
MemFree:          791112 kB
MemAvailable:    1498248 kB
Buffers:           48684 kB
Cached:           768420 kB
MemTotal:        1844596 kB
MemFree:          790244 kB
MemAvailable:    1497380 kB
Buffers:           48684 kB
Cached:           768420 kB
MemTotal:        1844596 kB
MemFree:          789064 kB
MemAvailable:    1496200 kB
Buffers:           48684 kB
Cached:           768420 kB
MemTotal:        1844596 kB
MemFree:          788808 kB
MemAvailable:    1495944 kB
Buffers:           48684 kB
Cached:           768420 kB
MemTotal:        1844596 kB
MemFree:          787888 kB
MemAvailable:    1495024 kB
Buffers:           48684 kB
Cached:           768420 kB
MemTotal:        1844596 kB
MemFree:          788700 kB
MemAvailable:    1495836 kB
Buffers:           48684 kB
Cached:           768420 kB
MemTotal:        1844596 kB
MemFree:          788700 kB
MemAvailable:    1495836 kB
Buffers:           48684 kB
Cached:           768420 kB
MemTotal:        1844596 kB
MemFree:          788820 kB
MemAvailable:    1495956 kB
Buffers:           48684 kB
Cached:           768420 kB
MemTotal:        1844596 kB
MemFree:          788988 kB
MemAvailable:    1496124 kB
Buffers:           48684 kB
Cached:           768420 kB
MemTotal:        1844596 kB
MemFree:          790644 kB
MemAvailable:    1497780 kB
Buffers:           48684 kB
Cached:           768420 kB
MemTotal:        1844596 kB
MemFree:          791148 kB
MemAvailable:    1498284 kB
Buffers:           48684 kB
Cached:           768420 kB
MemTotal:        1844596 kB
MemFree:          789660 kB
MemAvailable:    1496880 kB
Buffers:           48684 kB
Cached:           768544 kB
MemTotal:        1844596 kB
MemFree:          789872 kB
MemAvailable:    1497176 kB
Buffers:           48684 kB
Cached:           768544 kB
MemTotal:        1844596 kB
MemFree:          790740 kB
MemAvailable:    1498212 kB
Buffers:           48684 kB
Cached:           768792 kB
MemTotal:        1844596 kB
MemFree:          790824 kB
MemAvailable:    1498296 kB
Buffers:           48684 kB
Cached:           768792 kB
MemTotal:        1844596 kB
MemFree:          789376 kB
MemAvailable:    1497016 kB
Buffers:           48684 kB
Cached:           768916 kB
MemTotal:        1844596 kB
MemFree:          790420 kB
MemAvailable:    1498144 kB
Buffers:           48684 kB
Cached:           769040 kB
MemTotal:        1844596 kB
MemFree:          790360 kB
MemAvailable:    1498084 kB
Buffers:           48684 kB
Cached:           769040 kB
MemTotal:        1844596 kB
MemFree:          789128 kB
MemAvailable:    1496936 kB
Buffers:           48684 kB
Cached:           769040 kB
MemTotal:        1844596 kB
MemFree:          789376 kB
MemAvailable:    1497184 kB
Buffers:           48684 kB
Cached:           769040 kB
MemTotal:        1844596 kB
MemFree:          790092 kB
MemAvailable:    1497900 kB
Buffers:           48684 kB
Cached:           769040 kB
MemTotal:        1844596 kB
MemFree:          790428 kB
MemAvailable:    1498236 kB
Buffers:           48684 kB
Cached:           769040 kB
MemTotal:        1844596 kB
MemFree:          788804 kB
MemAvailable:    1496612 kB
Buffers:           48684 kB
Cached:           769040 kB
MemTotal:        1844596 kB
MemFree:          790304 kB
MemAvailable:    1498112 kB
Buffers:           48684 kB
Cached:           769040 kB
MemTotal:        1844596 kB
MemFree:          788972 kB
MemAvailable:    1496780 kB
Buffers:           48684 kB
Cached:           769040 kB
MemTotal:        1844596 kB
MemFree:          790844 kB
MemAvailable:    1498064 kB
Buffers:           48684 kB
Cached:           768408 kB
MemTotal:        1844596 kB
MemFree:          855496 kB
MemAvailable:    1562716 kB
Buffers:           48684 kB
Cached:           768408 kB
