MemTotal:        1844596 kB
MemFree:          762732 kB
MemAvailable:    1531076 kB
Buffers:           55132 kB
Cached:           818188 kB
MemTotal:        1844596 kB
MemFree:          763228 kB
MemAvailable:    1531572 kB
Buffers:           55132 kB
Cached:           818188 kB
MemTotal:        1844596 kB
MemFree:          760748 kB
MemAvailable:    1529092 kB
Buffers:           55132 kB
Cached:           818188 kB
MemTotal:        1844596 kB
MemFree:          759260 kB
MemAvailable:    1527604 kB
Buffers:           55132 kB
Cached:           818188 kB
MemTotal:        1844596 kB
MemFree:          760360 kB
MemAvailable:    1528704 kB
Buffers:           55132 kB
Cached:           818188 kB
MemTotal:        1844596 kB
MemFree:          760560 kB
MemAvailable:    1528904 kB
Buffers:           55132 kB
Cached:           818188 kB
MemTotal:        1844596 kB
MemFree:          756772 kB
MemAvailable:    1525116 kB
Buffers:           55132 kB
Cached:           818188 kB
MemTotal:        1844596 kB
MemFree:          756664 kB
MemAvailable:    1525008 kB
Buffers:           55132 kB
Cached:           818188 kB
MemTotal:        1844596 kB
MemFree:          752928 kB
MemAvailable:    1521272 kB
Buffers:           55132 kB
Cached:           818188 kB
MemTotal:        1844596 kB
MemFree:          749316 kB
MemAvailable:    1517660 kB
Buffers:           55132 kB
Cached:           818188 kB
MemTotal:        1844596 kB
MemFree:          749524 kB
MemAvailable:    1517868 kB
Buffers:           55132 kB
Cached:           818188 kB
MemTotal:        1844596 kB
MemFree:          749988 kB
MemAvailable:    1518332 kB
Buffers:           55132 kB
Cached:           818188 kB
MemTotal:        1844596 kB
MemFree:          749216 kB
MemAvailable:    1517560 kB
Buffers:           55132 kB
Cached:           818188 kB
MemTotal:        1844596 kB
MemFree:          750456 kB
MemAvailable:    1518800 kB
Buffers:           55132 kB
Cached:           818188 kB
MemTotal:        1844596 kB
MemFree:          749340 kB
MemAvailable:    1517684 kB
Buffers:           55132 kB
Cached:           818188 kB
MemTotal:        1844596 kB
MemFree:          750456 kB
MemAvailable:    1518800 kB
Buffers:           55132 kB
Cached:           818188 kB
MemTotal:        1844596 kB
MemFree:          749216 kB
MemAvailable:    1517560 kB
Buffers:           55132 kB
Cached:           818188 kB
MemTotal:        1844596 kB
MemFree:          748704 kB
MemAvailable:    1517060 kB
Buffers:           55132 kB
Cached:           818196 kB
MemTotal:        1844596 kB
MemFree:          748224 kB
MemAvailable:    1516580 kB
Buffers:           55132 kB
Cached:           818196 kB
MemTotal:        1844596 kB
MemFree:          748416 kB
MemAvailable:    1516772 kB
Buffers:           55132 kB
Cached:           818196 kB
MemTotal:        1844596 kB
MemFree:          748092 kB
MemAvailable:    1516448 kB
Buffers:           55132 kB
Cached:           818196 kB
MemTotal:        1844596 kB
MemFree:          748344 kB
MemAvailable:    1516700 kB
Buffers:           55132 kB
Cached:           818196 kB
MemTotal:        1844596 kB
MemFree:          748052 kB
MemAvailable:    1516408 kB
Buffers:           55132 kB
Cached:           818196 kB
MemTotal:        1844596 kB
MemFree:          748108 kB
MemAvailable:    1516464 kB
Buffers:           55132 kB
Cached:           818196 kB
MemTotal:        1844596 kB
MemFree:          748032 kB
MemAvailable:    1516388 kB
Buffers:           55132 kB
Cached:           818196 kB
MemTotal:        1844596 kB
MemFree:          746924 kB
MemAvailable:    1515280 kB
Buffers:           55132 kB
Cached:           818196 kB
MemTotal:        1844596 kB
MemFree:          746800 kB
MemAvailable:    1515156 kB
Buffers:           55132 kB
Cached:           818196 kB
MemTotal:        1844596 kB
MemFree:          746800 kB
MemAvailable:    1515156 kB
Buffers:           55132 kB
Cached:           818196 kB
MemTotal:        1844596 kB
MemFree:          749360 kB
MemAvailable:    1517716 kB
Buffers:           55132 kB
Cached:           818196 kB
MemTotal:        1844596 kB
MemFree:          749588 kB
MemAvailable:    1517944 kB
Buffers:           55132 kB
Cached:           818196 kB
MemTotal:        1844596 kB
MemFree:          745860 kB
MemAvailable:    1514216 kB
Buffers:           55132 kB
Cached:           818196 kB
MemTotal:        1844596 kB
MemFree:          745992 kB
MemAvailable:    1514348 kB
Buffers:           55132 kB
Cached:           818196 kB
MemTotal:        1844596 kB
MemFree:          745496 kB
MemAvailable:    1513852 kB
Buffers:           55132 kB
Cached:           818196 kB
MemTotal:        1844596 kB
MemFree:          743760 kB
MemAvailable:    1512116 kB
Buffers:           55132 kB
Cached:           818196 kB
MemTotal:        1844596 kB
MemFree:          744812 kB
MemAvailable:    1513168 kB
Buffers:           55132 kB
Cached:           818196 kB
MemTotal:        1844596 kB
MemFree:          743992 kB
MemAvailable:    1512348 kB
Buffers:           55132 kB
Cached:           818196 kB
MemTotal:        1844596 kB
MemFree:          742768 kB
MemAvailable:    1511124 kB
Buffers:           55132 kB
Cached:           818196 kB
MemTotal:        1844596 kB
MemFree:          742456 kB
MemAvailable:    1510812 kB
Buffers:           55132 kB
Cached:           818196 kB
MemTotal:        1844596 kB
MemFree:          743996 kB
MemAvailable:    1512352 kB
Buffers:           55132 kB
Cached:           818196 kB
MemTotal:        1844596 kB
MemFree:          742712 kB
MemAvailable:    1511068 kB
Buffers:           55132 kB
Cached:           818196 kB
MemTotal:        1844596 kB
MemFree:          744012 kB
MemAvailable:    1512368 kB
Buffers:           55132 kB
Cached:           818196 kB
MemTotal:        1844596 kB
MemFree:          742396 kB
MemAvailable:    1510752 kB
Buffers:           55132 kB
Cached:           818196 kB
MemTotal:        1844596 kB
MemFree:          743464 kB
MemAvailable:    1511820 kB
Buffers:           55132 kB
Cached:           818196 kB
MemTotal:        1844596 kB
MemFree:          743000 kB
MemAvailable:    1511356 kB
Buffers:           55132 kB
Cached:           818196 kB
MemTotal:        1844596 kB
MemFree:          743084 kB
MemAvailable:    1511440 kB
Buffers:           55132 kB
Cached:           818196 kB
MemTotal:        1844596 kB
MemFree:          742836 kB
MemAvailable:    1511192 kB
Buffers:           55132 kB
Cached:           818196 kB
MemTotal:        1844596 kB
MemFree:          741628 kB
MemAvailable:    1509984 kB
Buffers:           55132 kB
Cached:           818196 kB
MemTotal:        1844596 kB
MemFree:          742520 kB
MemAvailable:    1510876 kB
Buffers:           55132 kB
Cached:           818196 kB
MemTotal:        1844596 kB
MemFree:          742836 kB
MemAvailable:    1511192 kB
Buffers:           55132 kB
Cached:           818196 kB
MemTotal:        1844596 kB
MemFree:          742836 kB
MemAvailable:    1511192 kB
Buffers:           55132 kB
Cached:           818196 kB
MemTotal:        1844596 kB
MemFree:          741720 kB
MemAvailable:    1510076 kB
Buffers:           55132 kB
Cached:           818196 kB
MemTotal:        1844596 kB
MemFree:          742960 kB
MemAvailable:    1511316 kB
Buffers:           55132 kB
Cached:           818196 kB
MemTotal:        1844596 kB
MemFree:          742932 kB
MemAvailable:    1511288 kB
Buffers:           55132 kB
Cached:           818196 kB
MemTotal:        1844596 kB
MemFree:          741624 kB
MemAvailable:    1509980 kB
Buffers:           55132 kB
Cached:           818196 kB
MemTotal:        1844596 kB
MemFree:          742924 kB
MemAvailable:    1511280 kB
Buffers:           55132 kB
Cached:           818196 kB
MemTotal:        1844596 kB
MemFree:          742512 kB
MemAvailable:    1510868 kB
Buffers:           55132 kB
Cached:           818196 kB
MemTotal:        1844596 kB
MemFree:          742156 kB
MemAvailable:    1510512 kB
Buffers:           55132 kB
Cached:           818196 kB
MemTotal:        1844596 kB
MemFree:          741148 kB
MemAvailable:    1509504 kB
Buffers:           55132 kB
Cached:           818196 kB
MemTotal:        1844596 kB
MemFree:          741396 kB
MemAvailable:    1509752 kB
Buffers:           55132 kB
Cached:           818196 kB
MemTotal:        1844596 kB
MemFree:          742116 kB
MemAvailable:    1510472 kB
Buffers:           55132 kB
Cached:           818196 kB
MemTotal:        1844596 kB
MemFree:          742116 kB
MemAvailable:    1510472 kB
Buffers:           55132 kB
Cached:           818196 kB
MemTotal:        1844596 kB
MemFree:          740748 kB
MemAvailable:    1509104 kB
Buffers:           55132 kB
Cached:           818196 kB
MemTotal:        1844596 kB
MemFree:          742048 kB
MemAvailable:    1510404 kB
Buffers:           55132 kB
Cached:           818196 kB
MemTotal:        1844596 kB
MemFree:          741988 kB
MemAvailable:    1510344 kB
Buffers:           55132 kB
Cached:           818196 kB
MemTotal:        1844596 kB
MemFree:          741784 kB
MemAvailable:    1510140 kB
Buffers:           55132 kB
Cached:           818196 kB
MemTotal:        1844596 kB
MemFree:          741836 kB
MemAvailable:    1510192 kB
Buffers:           55132 kB
Cached:           818196 kB
MemTotal:        1844596 kB
MemFree:          742088 kB
MemAvailable:    1510444 kB
Buffers:           55132 kB
Cached:           818196 kB
MemTotal:        1844596 kB
MemFree:          741832 kB
MemAvailable:    1510188 kB
Buffers:           55132 kB
Cached:           818196 kB
MemTotal:        1844596 kB
MemFree:          742084 kB
MemAvailable:    1510440 kB
Buffers:           55132 kB
Cached:           818196 kB
MemTotal:        1844596 kB
MemFree:          741704 kB
MemAvailable:    1510060 kB
Buffers:           55132 kB
Cached:           818196 kB
MemTotal:        1844596 kB
MemFree:          741224 kB
MemAvailable:    1509580 kB
Buffers:           55132 kB
Cached:           818196 kB
MemTotal:        1844596 kB
MemFree:          738304 kB
MemAvailable:    1506660 kB
Buffers:           55132 kB
Cached:           818196 kB
MemTotal:        1844596 kB
MemFree:          737560 kB
MemAvailable:    1505916 kB
Buffers:           55132 kB
Cached:           818196 kB
MemTotal:        1844596 kB
MemFree:          734280 kB
MemAvailable:    1502636 kB
Buffers:           55132 kB
Cached:           818196 kB
MemTotal:        1844596 kB
MemFree:          734532 kB
MemAvailable:    1502888 kB
Buffers:           55132 kB
Cached:           818196 kB
MemTotal:        1844596 kB
MemFree:          734216 kB
MemAvailable:    1502572 kB
Buffers:           55132 kB
Cached:           818196 kB
MemTotal:        1844596 kB
MemFree:          733336 kB
MemAvailable:    1501692 kB
Buffers:           55132 kB
Cached:           818196 kB
MemTotal:        1844596 kB
MemFree:          733828 kB
MemAvailable:    1502184 kB
Buffers:           55132 kB
Cached:           818196 kB
MemTotal:        1844596 kB
MemFree:          733836 kB
MemAvailable:    1502192 kB
Buffers:           55132 kB
Cached:           818196 kB
MemTotal:        1844596 kB
MemFree:          732784 kB
MemAvailable:    1501140 kB
Buffers:           55132 kB
Cached:           818196 kB
MemTotal:        1844596 kB
MemFree:          733892 kB
MemAvailable:    1502248 kB
Buffers:           55132 kB
Cached:           818196 kB
MemTotal:        1844596 kB
MemFree:          734060 kB
MemAvailable:    1502416 kB
Buffers:           55132 kB
Cached:           818196 kB
MemTotal:        1844596 kB
MemFree:          733908 kB
MemAvailable:    1502264 kB
Buffers:           55132 kB
Cached:           818196 kB
MemTotal:        1844596 kB
MemFree:          733220 kB
MemAvailable:    1501576 kB
Buffers:           55132 kB
Cached:           818196 kB
MemTotal:        1844596 kB
MemFree:          732664 kB
MemAvailable:    1501020 kB
Buffers:           55132 kB
Cached:           818196 kB
MemTotal:        1844596 kB
MemFree:          733964 kB
MemAvailable:    1502320 kB
Buffers:           55132 kB
Cached:           818196 kB
MemTotal:        1844596 kB
MemFree:          733220 kB
MemAvailable:    1501576 kB
Buffers:           55132 kB
Cached:           818196 kB
MemTotal:        1844596 kB
MemFree:          733812 kB
MemAvailable:    1502168 kB
Buffers:           55132 kB
Cached:           818196 kB
MemTotal:        1844596 kB
MemFree:          734148 kB
MemAvailable:    1502504 kB
Buffers:           55132 kB
Cached:           818196 kB
MemTotal:        1844596 kB
MemFree:          732468 kB
MemAvailable:    1500824 kB
Buffers:           55132 kB
Cached:           818196 kB
MemTotal:        1844596 kB
MemFree:          733552 kB
MemAvailable:    1501908 kB
Buffers:           55132 kB
Cached:           818196 kB
MemTotal:        1844596 kB
MemFree:          731980 kB
MemAvailable:    1500336 kB
Buffers:           55132 kB
Cached:           818196 kB
MemTotal:        1844596 kB
MemFree:          732972 kB
MemAvailable:    1501336 kB
Buffers:           55132 kB
Cached:           818204 kB
MemTotal:        1844596 kB
MemFree:          731856 kB
MemAvailable:    1500220 kB
Buffers:           55132 kB
Cached:           818204 kB
MemTotal:        1844596 kB
MemFree:          732208 kB
MemAvailable:    1500572 kB
Buffers:           55132 kB
Cached:           818204 kB
MemTotal:        1844596 kB
MemFree:          732464 kB
MemAvailable:    1500828 kB
Buffers:           55132 kB
Cached:           818204 kB
MemTotal:        1844596 kB
MemFree:          731220 kB
MemAvailable:    1499588 kB
Buffers:           55132 kB
Cached:           818208 kB
MemTotal:        1844596 kB
MemFree:          731220 kB
MemAvailable:    1499588 kB
Buffers:           55132 kB
Cached:           818208 kB
MemTotal:        1844596 kB
MemFree:          731152 kB
MemAvailable:    1499520 kB
Buffers:           55132 kB
Cached:           818208 kB
MemTotal:        1844596 kB
MemFree:          730800 kB
MemAvailable:    1499168 kB
Buffers:           55132 kB
Cached:           818208 kB
MemTotal:        1844596 kB
MemFree:          729500 kB
MemAvailable:    1497868 kB
Buffers:           55132 kB
Cached:           818208 kB
MemTotal:        1844596 kB
MemFree:          730356 kB
MemAvailable:    1498724 kB
Buffers:           55132 kB
Cached:           818208 kB
MemTotal:        1844596 kB
MemFree:          730416 kB
MemAvailable:    1498784 kB
Buffers:           55132 kB
Cached:           818208 kB
MemTotal:        1844596 kB
MemFree:          730284 kB
MemAvailable:    1498652 kB
Buffers:           55132 kB
Cached:           818208 kB
MemTotal:        1844596 kB
MemFree:          730028 kB
MemAvailable:    1498396 kB
Buffers:           55132 kB
Cached:           818208 kB
MemTotal:        1844596 kB
MemFree:          730216 kB
MemAvailable:    1498584 kB
Buffers:           55132 kB
Cached:           818208 kB
MemTotal:        1844596 kB
MemFree:          728972 kB
MemAvailable:    1497340 kB
Buffers:           55132 kB
Cached:           818208 kB
MemTotal:        1844596 kB
MemFree:          728840 kB
MemAvailable:    1497208 kB
Buffers:           55132 kB
Cached:           818208 kB
MemTotal:        1844596 kB
MemFree:          730140 kB
MemAvailable:    1498508 kB
Buffers:           55132 kB
Cached:           818208 kB
MemTotal:        1844596 kB
MemFree:          728964 kB
MemAvailable:    1497332 kB
Buffers:           55132 kB
Cached:           818208 kB
MemTotal:        1844596 kB
MemFree:          729748 kB
MemAvailable:    1498116 kB
Buffers:           55132 kB
Cached:           818208 kB
MemTotal:        1844596 kB
MemFree:          729484 kB
MemAvailable:    1497852 kB
Buffers:           55132 kB
Cached:           818208 kB
MemTotal:        1844596 kB
MemFree:          729484 kB
MemAvailable:    1497852 kB
Buffers:           55132 kB
Cached:           818208 kB
MemTotal:        1844596 kB
MemFree:          723912 kB
MemAvailable:    1492280 kB
Buffers:           55132 kB
Cached:           818208 kB
MemTotal:        1844596 kB
MemFree:          724648 kB
MemAvailable:    1493016 kB
Buffers:           55132 kB
Cached:           818208 kB
MemTotal:        1844596 kB
MemFree:          724984 kB
MemAvailable:    1493352 kB
Buffers:           55132 kB
Cached:           818208 kB
MemTotal:        1844596 kB
MemFree:          724516 kB
MemAvailable:    1492884 kB
Buffers:           55132 kB
Cached:           818208 kB
MemTotal:        1844596 kB
MemFree:          724516 kB
MemAvailable:    1492884 kB
Buffers:           55140 kB
Cached:           818200 kB
MemTotal:        1844596 kB
MemFree:          724256 kB
MemAvailable:    1492624 kB
Buffers:           55144 kB
Cached:           818196 kB
MemTotal:        1844596 kB
MemFree:          724508 kB
MemAvailable:    1492876 kB
Buffers:           55144 kB
Cached:           818196 kB
MemTotal:        1844596 kB
MemFree:          724104 kB
MemAvailable:    1492472 kB
Buffers:           55144 kB
Cached:           818196 kB
MemTotal:        1844596 kB
MemFree:          724360 kB
MemAvailable:    1492728 kB
Buffers:           55144 kB
Cached:           818196 kB
MemTotal:        1844596 kB
MemFree:          722864 kB
MemAvailable:    1491232 kB
Buffers:           55144 kB
Cached:           818196 kB
MemTotal:        1844596 kB
MemFree:          723176 kB
MemAvailable:    1491544 kB
Buffers:           55144 kB
Cached:           818196 kB
MemTotal:        1844596 kB
MemFree:          723260 kB
MemAvailable:    1491636 kB
Buffers:           55144 kB
Cached:           818204 kB
MemTotal:        1844596 kB
MemFree:          721936 kB
MemAvailable:    1490312 kB
Buffers:           55144 kB
Cached:           818204 kB
MemTotal:        1844596 kB
MemFree:          721176 kB
MemAvailable:    1489552 kB
Buffers:           55144 kB
Cached:           818204 kB
MemTotal:        1844596 kB
MemFree:          721012 kB
MemAvailable:    1489388 kB
Buffers:           55144 kB
Cached:           818204 kB
MemTotal:        1844596 kB
MemFree:          720864 kB
MemAvailable:    1489240 kB
Buffers:           55144 kB
Cached:           818204 kB
MemTotal:        1844596 kB
MemFree:          721116 kB
MemAvailable:    1489492 kB
Buffers:           55144 kB
Cached:           818204 kB
MemTotal:        1844596 kB
MemFree:          721056 kB
MemAvailable:    1489432 kB
Buffers:           55144 kB
Cached:           818204 kB
MemTotal:        1844596 kB
MemFree:          721068 kB
MemAvailable:    1489444 kB
Buffers:           55144 kB
Cached:           818204 kB
MemTotal:        1844596 kB
MemFree:          720896 kB
MemAvailable:    1489272 kB
Buffers:           55144 kB
Cached:           818204 kB
MemTotal:        1844596 kB
MemFree:          721856 kB
MemAvailable:    1490232 kB
Buffers:           55144 kB
Cached:           818204 kB
MemTotal:        1844596 kB
MemFree:          723096 kB
MemAvailable:    1491472 kB
Buffers:           55144 kB
Cached:           818204 kB
MemTotal:        1844596 kB
MemFree:          721592 kB
MemAvailable:    1490136 kB
Buffers:           55144 kB
Cached:           818328 kB
MemTotal:        1844596 kB
MemFree:          721848 kB
MemAvailable:    1490476 kB
Buffers:           55144 kB
Cached:           818576 kB
MemTotal:        1844596 kB
MemFree:          723012 kB
MemAvailable:    1491808 kB
Buffers:           55144 kB
Cached:           818576 kB
MemTotal:        1844596 kB
MemFree:          722532 kB
MemAvailable:    1491496 kB
Buffers:           55144 kB
Cached:           818824 kB
MemTotal:        1844596 kB
MemFree:          722532 kB
MemAvailable:    1491496 kB
Buffers:           55144 kB
Cached:           818824 kB
MemTotal:        1844596 kB
MemFree:          722112 kB
MemAvailable:    1491076 kB
Buffers:           55144 kB
Cached:           818824 kB
MemTotal:        1844596 kB
MemFree:          722448 kB
MemAvailable:    1491412 kB
Buffers:           55144 kB
Cached:           818824 kB
MemTotal:        1844596 kB
MemFree:          722120 kB
MemAvailable:    1491084 kB
Buffers:           55144 kB
Cached:           818824 kB
MemTotal:        1844596 kB
MemFree:          722412 kB
MemAvailable:    1491376 kB
Buffers:           55144 kB
Cached:           818824 kB
MemTotal:        1844596 kB
MemFree:          722100 kB
MemAvailable:    1491064 kB
Buffers:           55144 kB
Cached:           818824 kB
MemTotal:        1844596 kB
MemFree:          722436 kB
MemAvailable:    1491400 kB
Buffers:           55144 kB
Cached:           818824 kB
MemTotal:        1844596 kB
MemFree:          722228 kB
MemAvailable:    1491192 kB
Buffers:           55144 kB
Cached:           818824 kB
MemTotal:        1844596 kB
MemFree:          722228 kB
MemAvailable:    1491192 kB
Buffers:           55144 kB
Cached:           818824 kB
MemTotal:        1844596 kB
MemFree:          721096 kB
MemAvailable:    1489472 kB
Buffers:           55144 kB
Cached:           818192 kB
MemTotal:        1844596 kB
MemFree:          790856 kB
MemAvailable:    1559232 kB
Buffers:           55144 kB
Cached:           818192 kB
