MemTotal:        1844596 kB
MemFree:          743580 kB
MemAvailable:    1532392 kB
Buffers:           57312 kB
Cached:           834804 kB
MemTotal:        1844596 kB
MemFree:          741296 kB
MemAvailable:    1530108 kB
Buffers:           57312 kB
Cached:           834804 kB
MemTotal:        1844596 kB
MemFree:          739180 kB
MemAvailable:    1527992 kB
Buffers:           57312 kB
Cached:           834804 kB
MemTotal:        1844596 kB
MemFree:          738800 kB
MemAvailable:    1527612 kB
Buffers:           57312 kB
Cached:           834804 kB
MemTotal:        1844596 kB
MemFree:          738552 kB
MemAvailable:    1527364 kB
Buffers:           57312 kB
Cached:           834804 kB
MemTotal:        1844596 kB
MemFree:          738888 kB
MemAvailable:    1527700 kB
Buffers:           57312 kB
Cached:           834804 kB
MemTotal:        1844596 kB
MemFree:          734840 kB
MemAvailable:    1523652 kB
Buffers:           57312 kB
Cached:           834804 kB
MemTotal:        1844596 kB
MemFree:          731988 kB
MemAvailable:    1520800 kB
Buffers:           57312 kB
Cached:           834804 kB
MemTotal:        1844596 kB
MemFree:          729632 kB
MemAvailable:    1518444 kB
Buffers:           57312 kB
Cached:           834804 kB
MemTotal:        1844596 kB
MemFree:          727844 kB
MemAvailable:    1516656 kB
Buffers:           57312 kB
Cached:           834804 kB
MemTotal:        1844596 kB
MemFree:          727656 kB
MemAvailable:    1516468 kB
Buffers:           57312 kB
Cached:           834804 kB
MemTotal:        1844596 kB
MemFree:          728840 kB
MemAvailable:    1517652 kB
Buffers:           57312 kB
Cached:           834804 kB
MemTotal:        1844596 kB
MemFree:          728524 kB
MemAvailable:    1517336 kB
Buffers:           57312 kB
Cached:           834804 kB
MemTotal:        1844596 kB
MemFree:          727384 kB
MemAvailable:    1516196 kB
Buffers:           57312 kB
Cached:           834804 kB
MemTotal:        1844596 kB
MemFree:          728616 kB
MemAvailable:    1517428 kB
Buffers:           57312 kB
Cached:           834804 kB
MemTotal:        1844596 kB
MemFree:          728700 kB
MemAvailable:    1517512 kB
Buffers:           57312 kB
Cached:           834804 kB
MemTotal:        1844596 kB
MemFree:          726788 kB
MemAvailable:    1515600 kB
Buffers:           57312 kB
Cached:           834804 kB
MemTotal:        1844596 kB
MemFree:          726524 kB
MemAvailable:    1515336 kB
Buffers:           57312 kB
Cached:           834804 kB
MemTotal:        1844596 kB
MemFree:          726168 kB
MemAvailable:    1514980 kB
Buffers:           57312 kB
Cached:           834804 kB
MemTotal:        1844596 kB
MemFree:          726360 kB
MemAvailable:    1515172 kB
Buffers:           57312 kB
Cached:           834804 kB
MemTotal:        1844596 kB
MemFree:          725548 kB
MemAvailable:    1514360 kB
Buffers:           57312 kB
Cached:           834804 kB
MemTotal:        1844596 kB
MemFree:          726376 kB
MemAvailable:    1515188 kB
Buffers:           57312 kB
Cached:           834804 kB
MemTotal:        1844596 kB
MemFree:          726424 kB
MemAvailable:    1515236 kB
Buffers:           57312 kB
Cached:           834804 kB
MemTotal:        1844596 kB
MemFree:          724872 kB
MemAvailable:    1513684 kB
Buffers:           57312 kB
Cached:           834804 kB
MemTotal:        1844596 kB
MemFree:          726416 kB
MemAvailable:    1515228 kB
Buffers:           57312 kB
Cached:           834804 kB
MemTotal:        1844596 kB
MemFree:          725052 kB
MemAvailable:    1513864 kB
Buffers:           57312 kB
Cached:           834804 kB
MemTotal:        1844596 kB
MemFree:          726320 kB
MemAvailable:    1515136 kB
Buffers:           57312 kB
Cached:           834808 kB
MemTotal:        1844596 kB
MemFree:          726292 kB
MemAvailable:    1515108 kB
Buffers:           57312 kB
Cached:           834808 kB
MemTotal:        1844596 kB
MemFree:          727744 kB
MemAvailable:    1516560 kB
Buffers:           57312 kB
Cached:           834808 kB
MemTotal:        1844596 kB
MemFree:          727112 kB
MemAvailable:    1515928 kB
Buffers:           57312 kB
Cached:           834808 kB
MemTotal:        1844596 kB
MemFree:          726160 kB
MemAvailable:    1514976 kB
Buffers:           57312 kB
Cached:           834808 kB
MemTotal:        1844596 kB
MemFree:          723060 kB
MemAvailable:    1511876 kB
Buffers:           57312 kB
Cached:           834808 kB
MemTotal:        1844596 kB
MemFree:          722572 kB
MemAvailable:    1511388 kB
Buffers:           57312 kB
Cached:           834808 kB
MemTotal:        1844596 kB
MemFree:          723352 kB
MemAvailable:    1512168 kB
Buffers:           57312 kB
Cached:           834808 kB
MemTotal:        1844596 kB
MemFree:          723308 kB
MemAvailable:    1512124 kB
Buffers:           57312 kB
Cached:           834808 kB
MemTotal:        1844596 kB
MemFree:          721036 kB
MemAvailable:    1509852 kB
Buffers:           57312 kB
Cached:           834808 kB
MemTotal:        1844596 kB
MemFree:          722252 kB
MemAvailable:    1511068 kB
Buffers:           57312 kB
Cached:           834808 kB
MemTotal:        1844596 kB
MemFree:          722384 kB
MemAvailable:    1511200 kB
Buffers:           57312 kB
Cached:           834808 kB
MemTotal:        1844596 kB
MemFree:          722436 kB
MemAvailable:    1511252 kB
Buffers:           57312 kB
Cached:           834808 kB
MemTotal:        1844596 kB
MemFree:          721072 kB
MemAvailable:    1509888 kB
Buffers:           57312 kB
Cached:           834808 kB
MemTotal:        1844596 kB
MemFree:          722248 kB
MemAvailable:    1511064 kB
Buffers:           57312 kB
Cached:           834808 kB
MemTotal:        1844596 kB
MemFree:          720712 kB
MemAvailable:    1509528 kB
Buffers:           57312 kB
Cached:           834808 kB
MemTotal:        1844596 kB
MemFree:          721880 kB
MemAvailable:    1510696 kB
Buffers:           57312 kB
Cached:           834808 kB
MemTotal:        1844596 kB
MemFree:          720208 kB
MemAvailable:    1509024 kB
Buffers:           57312 kB
Cached:           834808 kB
MemTotal:        1844596 kB
MemFree:          721408 kB
MemAvailable:    1510224 kB
Buffers:           57312 kB
Cached:           834808 kB
MemTotal:        1844596 kB
MemFree:          719828 kB
MemAvailable:    1508644 kB
Buffers:           57312 kB
Cached:           834808 kB
MemTotal:        1844596 kB
MemFree:          719820 kB
MemAvailable:    1508636 kB
Buffers:           57312 kB
Cached:           834808 kB
MemTotal:        1844596 kB
MemFree:          721212 kB
MemAvailable:    1510028 kB
Buffers:           57312 kB
Cached:           834808 kB
MemTotal:        1844596 kB
MemFree:          721080 kB
MemAvailable:    1509896 kB
Buffers:           57312 kB
Cached:           834808 kB
MemTotal:        1844596 kB
MemFree:          719904 kB
MemAvailable:    1508720 kB
Buffers:           57312 kB
Cached:           834808 kB
MemTotal:        1844596 kB
MemFree:          719896 kB
MemAvailable:    1508712 kB
Buffers:           57312 kB
Cached:           834808 kB
MemTotal:        1844596 kB
MemFree:          720028 kB
MemAvailable:    1508844 kB
Buffers:           57312 kB
Cached:           834808 kB
MemTotal:        1844596 kB
MemFree:          720020 kB
MemAvailable:    1508836 kB
Buffers:           57312 kB
Cached:           834808 kB
MemTotal:        1844596 kB
MemFree:          721392 kB
MemAvailable:    1510208 kB
Buffers:           57312 kB
Cached:           834808 kB
MemTotal:        1844596 kB
MemFree:          720656 kB
MemAvailable:    1509472 kB
Buffers:           57312 kB
Cached:           834808 kB
MemTotal:        1844596 kB
MemFree:          720216 kB
MemAvailable:    1509032 kB
Buffers:           57312 kB
Cached:           834808 kB
MemTotal:        1844596 kB
MemFree:          720656 kB
MemAvailable:    1509472 kB
Buffers:           57312 kB
Cached:           834808 kB
MemTotal:        1844596 kB
MemFree:          719540 kB
MemAvailable:    1508356 kB
Buffers:           57312 kB
Cached:           834808 kB
MemTotal:        1844596 kB
MemFree:          719540 kB
MemAvailable:    1508356 kB
Buffers:           57312 kB
Cached:           834808 kB
MemTotal:        1844596 kB
MemFree:          719472 kB
MemAvailable:    1508288 kB
Buffers:           57312 kB
Cached:           834808 kB
MemTotal:        1844596 kB
MemFree:          720192 kB
MemAvailable:    1509008 kB
Buffers:           57312 kB
Cached:           834808 kB
MemTotal:        1844596 kB
MemFree:          720216 kB
MemAvailable:    1509032 kB
Buffers:           57312 kB
Cached:           834808 kB
MemTotal:        1844596 kB
MemFree:          720220 kB
MemAvailable:    1509036 kB
Buffers:           57312 kB
Cached:           834808 kB
MemTotal:        1844596 kB
MemFree:          720220 kB
MemAvailable:    1509036 kB
Buffers:           57312 kB
Cached:           834808 kB
MemTotal:        1844596 kB
MemFree:          719080 kB
MemAvailable:    1507896 kB
Buffers:           57312 kB
Cached:           834808 kB
MemTotal:        1844596 kB
MemFree:          719080 kB
MemAvailable:    1507896 kB
Buffers:           57312 kB
Cached:           834808 kB
MemTotal:        1844596 kB
MemFree:          719320 kB
MemAvailable:    1508136 kB
Buffers:           57312 kB
Cached:           834808 kB
MemTotal:        1844596 kB
MemFree:          720404 kB
MemAvailable:    1509220 kB
Buffers:           57312 kB
Cached:           834808 kB
MemTotal:        1844596 kB
MemFree:          717984 kB
MemAvailable:    1506800 kB
Buffers:           57312 kB
Cached:           834808 kB
MemTotal:        1844596 kB
MemFree:          715628 kB
MemAvailable:    1504444 kB
Buffers:           57312 kB
Cached:           834808 kB
MemTotal:        1844596 kB
MemFree:          713388 kB
MemAvailable:    1502204 kB
Buffers:           57312 kB
Cached:           834808 kB
MemTotal:        1844596 kB
MemFree:          711660 kB
MemAvailable:    1500476 kB
Buffers:           57312 kB
Cached:           834808 kB
MemTotal:        1844596 kB
MemFree:          711528 kB
MemAvailable:    1500344 kB
Buffers:           57312 kB
Cached:           834808 kB
MemTotal:        1844596 kB
MemFree:          711288 kB
MemAvailable:    1500104 kB
Buffers:           57312 kB
Cached:           834808 kB
MemTotal:        1844596 kB
MemFree:          711288 kB
MemAvailable:    1500104 kB
Buffers:           57312 kB
Cached:           834808 kB
MemTotal:        1844596 kB
MemFree:          712332 kB
MemAvailable:    1501148 kB
Buffers:           57312 kB
Cached:           834808 kB
MemTotal:        1844596 kB
MemFree:          711156 kB
MemAvailable:    1499972 kB
Buffers:           57312 kB
Cached:           834808 kB
MemTotal:        1844596 kB
MemFree:          711148 kB
MemAvailable:    1499964 kB
Buffers:           57312 kB
Cached:           834808 kB
MemTotal:        1844596 kB
MemFree:          712564 kB
MemAvailable:    1501380 kB
Buffers:           57312 kB
Cached:           834808 kB
MemTotal:        1844596 kB
MemFree:          712512 kB
MemAvailable:    1501328 kB
Buffers:           57312 kB
Cached:           834808 kB
MemTotal:        1844596 kB
MemFree:          710892 kB
MemAvailable:    1499708 kB
Buffers:           57312 kB
Cached:           834808 kB
MemTotal:        1844596 kB
MemFree:          711024 kB
MemAvailable:    1499840 kB
Buffers:           57312 kB
Cached:           834808 kB
MemTotal:        1844596 kB
MemFree:          712392 kB
MemAvailable:    1501208 kB
Buffers:           57312 kB
Cached:           834808 kB
MemTotal:        1844596 kB
MemFree:          711104 kB
MemAvailable:    1499920 kB
Buffers:           57312 kB
Cached:           834808 kB
MemTotal:        1844596 kB
MemFree:          710980 kB
MemAvailable:    1499796 kB
Buffers:           57312 kB
Cached:           834808 kB
MemTotal:        1844596 kB
MemFree:          711784 kB
MemAvailable:    1500600 kB
Buffers:           57312 kB
Cached:           834808 kB
MemTotal:        1844596 kB
MemFree:          710412 kB
MemAvailable:    1499228 kB
Buffers:           57312 kB
Cached:           834808 kB
MemTotal:        1844596 kB
MemFree:          711164 kB
MemAvailable:    1499980 kB
Buffers:           57312 kB
Cached:           834808 kB
MemTotal:        1844596 kB
MemFree:          709792 kB
MemAvailable:    1498608 kB
Buffers:           57312 kB
Cached:           834808 kB
MemTotal:        1844596 kB
MemFree:          710528 kB
MemAvailable:    1499344 kB
Buffers:           57312 kB
Cached:           834808 kB
MemTotal:        1844596 kB
MemFree:          710544 kB
MemAvailable:    1499360 kB
Buffers:           57312 kB
Cached:           834808 kB
MemTotal:        1844596 kB
MemFree:          710404 kB
MemAvailable:    1499220 kB
Buffers:           57312 kB
Cached:           834808 kB
MemTotal:        1844596 kB
MemFree:          708808 kB
MemAvailable:    1497624 kB
Buffers:           57312 kB
Cached:           834808 kB
MemTotal:        1844596 kB
MemFree:          708248 kB
MemAvailable:    1497064 kB
Buffers:           57312 kB
Cached:           834808 kB
MemTotal:        1844596 kB
MemFree:          708444 kB
MemAvailable:    1497272 kB
Buffers:           57312 kB
Cached:           834820 kB
MemTotal:        1844596 kB
MemFree:          709124 kB
MemAvailable:    1497952 kB
Buffers:           57312 kB
Cached:           834820 kB
MemTotal:        1844596 kB
MemFree:          707816 kB
MemAvailable:    1496644 kB
Buffers:           57312 kB
Cached:           834820 kB
MemTotal:        1844596 kB
MemFree:          708752 kB
MemAvailable:    1497580 kB
Buffers:           57312 kB
Cached:           834820 kB
MemTotal:        1844596 kB
MemFree:          708420 kB
MemAvailable:    1497248 kB
Buffers:           57312 kB
Cached:           834820 kB
MemTotal:        1844596 kB
MemFree:          708444 kB
MemAvailable:    1497272 kB
Buffers:           57312 kB
Cached:           834820 kB
MemTotal:        1844596 kB
MemFree:          707016 kB
MemAvailable:    1495844 kB
Buffers:           57312 kB
Cached:           834820 kB
MemTotal:        1844596 kB
MemFree:          707316 kB
MemAvailable:    1496144 kB
Buffers:           57312 kB
Cached:           834820 kB
MemTotal:        1844596 kB
MemFree:          708384 kB
MemAvailable:    1497212 kB
Buffers:           57312 kB
Cached:           834820 kB
MemTotal:        1844596 kB
MemFree:          708288 kB
MemAvailable:    1497116 kB
Buffers:           57312 kB
Cached:           834820 kB
MemTotal:        1844596 kB
MemFree:          708544 kB
MemAvailable:    1497372 kB
Buffers:           57312 kB
Cached:           834820 kB
MemTotal:        1844596 kB
MemFree:          707280 kB
MemAvailable:    1496108 kB
Buffers:           57312 kB
Cached:           834820 kB
MemTotal:        1844596 kB
MemFree:          708008 kB
MemAvailable:    1496836 kB
Buffers:           57312 kB
Cached:           834820 kB
MemTotal:        1844596 kB
MemFree:          706948 kB
MemAvailable:    1495776 kB
Buffers:           57312 kB
Cached:           834820 kB
MemTotal:        1844596 kB
MemFree:          704096 kB
MemAvailable:    1492924 kB
Buffers:           57312 kB
Cached:           834820 kB
MemTotal:        1844596 kB
MemFree:          703352 kB
MemAvailable:    1492180 kB
Buffers:           57312 kB
Cached:           834820 kB
MemTotal:        1844596 kB
MemFree:          701748 kB
MemAvailable:    1490576 kB
Buffers:           57312 kB
Cached:           834820 kB
MemTotal:        1844596 kB
MemFree:          702848 kB
MemAvailable:    1491676 kB
Buffers:           57312 kB
Cached:           834820 kB
MemTotal:        1844596 kB
MemFree:          702848 kB
MemAvailable:    1491676 kB
Buffers:           57312 kB
Cached:           834820 kB
MemTotal:        1844596 kB
MemFree:          701480 kB
MemAvailable:    1490308 kB
Buffers:           57312 kB
Cached:           834820 kB
MemTotal:        1844596 kB
MemFree:          702596 kB
MemAvailable:    1491424 kB
Buffers:           57312 kB
Cached:           834820 kB
MemTotal:        1844596 kB
MemFree:          702456 kB
MemAvailable:    1491284 kB
Buffers:           57312 kB
Cached:           834820 kB
MemTotal:        1844596 kB
MemFree:          702492 kB
MemAvailable:    1491320 kB
Buffers:           57312 kB
Cached:           834820 kB
MemTotal:        1844596 kB
MemFree:          701196 kB
MemAvailable:    1490024 kB
Buffers:           57312 kB
Cached:           834820 kB
MemTotal:        1844596 kB
MemFree:          702560 kB
MemAvailable:    1491388 kB
Buffers:           57312 kB
Cached:           834820 kB
MemTotal:        1844596 kB
MemFree:          700508 kB
MemAvailable:    1489336 kB
Buffers:           57312 kB
Cached:           834820 kB
MemTotal:        1844596 kB
MemFree:          698268 kB
MemAvailable:    1487096 kB
Buffers:           57312 kB
Cached:           834820 kB
MemTotal:        1844596 kB
MemFree:          699336 kB
MemAvailable:    1488164 kB
Buffers:           57312 kB
Cached:           834820 kB
MemTotal:        1844596 kB
MemFree:          699336 kB
MemAvailable:    1488164 kB
Buffers:           57312 kB
Cached:           834820 kB
MemTotal:        1844596 kB
MemFree:          699404 kB
MemAvailable:    1488232 kB
Buffers:           57312 kB
Cached:           834820 kB
MemTotal:        1844596 kB
MemFree:          698140 kB
MemAvailable:    1486968 kB
Buffers:           57312 kB
Cached:           834820 kB
MemTotal:        1844596 kB
MemFree:          699544 kB
MemAvailable:    1488372 kB
Buffers:           57312 kB
Cached:           834820 kB
MemTotal:        1844596 kB
MemFree:          699468 kB
MemAvailable:    1488296 kB
Buffers:           57312 kB
Cached:           834820 kB
MemTotal:        1844596 kB
MemFree:          700328 kB
MemAvailable:    1489156 kB
Buffers:           57312 kB
Cached:           834820 kB
MemTotal:        1844596 kB
MemFree:          700196 kB
MemAvailable:    1489108 kB
Buffers:           57312 kB
Cached:           834944 kB
MemTotal:        1844596 kB
MemFree:          701188 kB
MemAvailable:    1490268 kB
Buffers:           57312 kB
Cached:           835068 kB
MemTotal:        1844596 kB
MemFree:          700792 kB
MemAvailable:    1490040 kB
Buffers:           57312 kB
Cached:           835192 kB
MemTotal:        1844596 kB
MemFree:          700756 kB
MemAvailable:    1490004 kB
Buffers:           57312 kB
Cached:           835192 kB
MemTotal:        1844596 kB
MemFree:          700700 kB
MemAvailable:    1490032 kB
Buffers:           57312 kB
Cached:           835316 kB
MemTotal:        1844596 kB
MemFree:          699888 kB
MemAvailable:    1489304 kB
Buffers:           57312 kB
Cached:           835316 kB
MemTotal:        1844596 kB
MemFree:          700444 kB
MemAvailable:    1489860 kB
Buffers:           57312 kB
Cached:           835440 kB
MemTotal:        1844596 kB
MemFree:          700696 kB
MemAvailable:    1490112 kB
Buffers:           57312 kB
Cached:           835440 kB
MemTotal:        1844596 kB
MemFree:          700620 kB
MemAvailable:    1490036 kB
Buffers:           57312 kB
Cached:           835440 kB
MemTotal:        1844596 kB
MemFree:          700568 kB
MemAvailable:    1489984 kB
Buffers:           57312 kB
Cached:           835440 kB
MemTotal:        1844596 kB
MemFree:          699764 kB
MemAvailable:    1489180 kB
Buffers:           57312 kB
Cached:           835440 kB
MemTotal:        1844596 kB
MemFree:          700704 kB
MemAvailable:    1490120 kB
Buffers:           57312 kB
Cached:           835440 kB
MemTotal:        1844596 kB
MemFree:          699268 kB
MemAvailable:    1488684 kB
Buffers:           57312 kB
Cached:           835440 kB
MemTotal:        1844596 kB
MemFree:          700692 kB
MemAvailable:    1490192 kB
Buffers:           57312 kB
Cached:           835440 kB
MemTotal:        1844596 kB
MemFree:          700940 kB
MemAvailable:    1489768 kB
Buffers:           57312 kB
Cached:           834808 kB
MemTotal:        1844596 kB
MemFree:          700940 kB
MemAvailable:    1489768 kB
Buffers:           57312 kB
Cached:           834808 kB
MemTotal:        1844596 kB
MemFree:          769572 kB
MemAvailable:    1558400 kB
Buffers:           57312 kB
Cached:           834808 kB
