MemTotal:        1844596 kB
MemFree:          716740 kB
MemAvailable:    1530044 kB
Buffers:           59652 kB
Cached:           854924 kB
MemTotal:        1844596 kB
MemFree:          712880 kB
MemAvailable:    1526184 kB
Buffers:           59652 kB
Cached:           854924 kB
MemTotal:        1844596 kB
MemFree:          714188 kB
MemAvailable:    1527492 kB
Buffers:           59652 kB
Cached:           854924 kB
MemTotal:        1844596 kB
MemFree:          711640 kB
MemAvailable:    1524944 kB
Buffers:           59652 kB
Cached:           854924 kB
MemTotal:        1844596 kB
MemFree:          712848 kB
MemAvailable:    1526156 kB
Buffers:           59652 kB
Cached:           854928 kB
MemTotal:        1844596 kB
MemFree:          711516 kB
MemAvailable:    1524824 kB
Buffers:           59652 kB
Cached:           854928 kB
MemTotal:        1844596 kB
MemFree:          709724 kB
MemAvailable:    1523032 kB
Buffers:           59652 kB
Cached:           854928 kB
MemTotal:        1844596 kB
MemFree:          707432 kB
MemAvailable:    1520740 kB
Buffers:           59652 kB
Cached:           854928 kB
MemTotal:        1844596 kB
MemFree:          705324 kB
MemAvailable:    1518632 kB
Buffers:           59652 kB
Cached:           854928 kB
MemTotal:        1844596 kB
MemFree:          700612 kB
MemAvailable:    1513920 kB
Buffers:           59652 kB
Cached:           854928 kB
MemTotal:        1844596 kB
MemFree:          701596 kB
MemAvailable:    1514904 kB
Buffers:           59652 kB
Cached:           854928 kB
MemTotal:        1844596 kB
MemFree:          703012 kB
MemAvailable:    1516320 kB
Buffers:           59652 kB
Cached:           854928 kB
MemTotal:        1844596 kB
MemFree:          702108 kB
MemAvailable:    1515416 kB
Buffers:           59652 kB
Cached:           854928 kB
MemTotal:        1844596 kB
MemFree:          702804 kB
MemAvailable:    1516112 kB
Buffers:           59652 kB
Cached:           854928 kB
MemTotal:        1844596 kB
MemFree:          702920 kB
MemAvailable:    1516228 kB
Buffers:           59652 kB
Cached:           854928 kB
MemTotal:        1844596 kB
MemFree:          702672 kB
MemAvailable:    1515980 kB
Buffers:           59652 kB
Cached:           854928 kB
MemTotal:        1844596 kB
MemFree:          701232 kB
MemAvailable:    1514540 kB
Buffers:           59652 kB
Cached:           854928 kB
MemTotal:        1844596 kB
MemFree:          700920 kB
MemAvailable:    1514228 kB
Buffers:           59652 kB
Cached:           854928 kB
MemTotal:        1844596 kB
MemFree:          699496 kB
MemAvailable:    1512804 kB
Buffers:           59652 kB
Cached:           854928 kB
MemTotal:        1844596 kB
MemFree:          699240 kB
MemAvailable:    1512548 kB
Buffers:           59652 kB
Cached:           854928 kB
MemTotal:        1844596 kB
MemFree:          700364 kB
MemAvailable:    1513672 kB
Buffers:           59652 kB
Cached:           854928 kB
MemTotal:        1844596 kB
MemFree:          699200 kB
MemAvailable:    1512508 kB
Buffers:           59652 kB
Cached:           854928 kB
MemTotal:        1844596 kB
MemFree:          698944 kB
MemAvailable:    1512252 kB
Buffers:           59652 kB
Cached:           854928 kB
MemTotal:        1844596 kB
MemFree:          700212 kB
MemAvailable:    1513520 kB
Buffers:           59652 kB
Cached:           854928 kB
MemTotal:        1844596 kB
MemFree:          699868 kB
MemAvailable:    1513176 kB
Buffers:           59652 kB
Cached:           854928 kB
MemTotal:        1844596 kB
MemFree:          698936 kB
MemAvailable:    1512244 kB
Buffers:           59652 kB
Cached:           854928 kB
MemTotal:        1844596 kB
MemFree:          700408 kB
MemAvailable:    1513716 kB
Buffers:           59652 kB
Cached:           854928 kB
MemTotal:        1844596 kB
MemFree:          701624 kB
MemAvailable:    1514932 kB
Buffers:           59652 kB
Cached:           854928 kB
MemTotal:        1844596 kB
MemFree:          700860 kB
MemAvailable:    1514168 kB
Buffers:           59652 kB
Cached:           854928 kB
MemTotal:        1844596 kB
MemFree:          698992 kB
MemAvailable:    1512300 kB
Buffers:           59652 kB
Cached:           854928 kB
MemTotal:        1844596 kB
MemFree:          699204 kB
MemAvailable:    1512512 kB
Buffers:           59652 kB
Cached:           854928 kB
MemTotal:        1844596 kB
MemFree:          697752 kB
MemAvailable:    1511060 kB
Buffers:           59652 kB
Cached:           854928 kB
MemTotal:        1844596 kB
MemFree:          697644 kB
MemAvailable:    1510952 kB
Buffers:           59652 kB
Cached:           854928 kB
MemTotal:        1844596 kB
MemFree:          696992 kB
MemAvailable:    1510300 kB
Buffers:           59652 kB
Cached:           854928 kB
MemTotal:        1844596 kB
MemFree:          696264 kB
MemAvailable:    1509572 kB
Buffers:           59652 kB
Cached:           854928 kB
MemTotal:        1844596 kB
MemFree:          696396 kB
MemAvailable:    1509704 kB
Buffers:           59652 kB
Cached:           854928 kB
MemTotal:        1844596 kB
MemFree:          696092 kB
MemAvailable:    1509400 kB
Buffers:           59652 kB
Cached:           854928 kB
MemTotal:        1844596 kB
MemFree:          696092 kB
MemAvailable:    1509400 kB
Buffers:           59652 kB
Cached:           854928 kB
MemTotal:        1844596 kB
MemFree:          696100 kB
MemAvailable:    1509408 kB
Buffers:           59652 kB
Cached:           854928 kB
MemTotal:        1844596 kB
MemFree:          694728 kB
MemAvailable:    1508036 kB
Buffers:           59652 kB
Cached:           854928 kB
MemTotal:        1844596 kB
MemFree:          694728 kB
MemAvailable:    1508036 kB
Buffers:           59652 kB
Cached:           854928 kB
MemTotal:        1844596 kB
MemFree:          695968 kB
MemAvailable:    1509276 kB
Buffers:           59652 kB
Cached:           854928 kB
MemTotal:        1844596 kB
MemFree:          695704 kB
MemAvailable:    1509012 kB
Buffers:           59652 kB
Cached:           854928 kB
MemTotal:        1844596 kB
MemFree:          695704 kB
MemAvailable:    1509012 kB
Buffers:           59652 kB
Cached:           854928 kB
MemTotal:        1844596 kB
MemFree:          695504 kB
MemAvailable:    1508812 kB
Buffers:           59652 kB
Cached:           854928 kB
MemTotal:        1844596 kB
MemFree:          695132 kB
MemAvailable:    1508440 kB
Buffers:           59652 kB
Cached:           854928 kB
MemTotal:        1844596 kB
MemFree:          693908 kB
MemAvailable:    1507220 kB
Buffers:           59652 kB
Cached:           854932 kB
MemTotal:        1844596 kB
MemFree:          693908 kB
MemAvailable:    1507220 kB
Buffers:           59652 kB
Cached:           854932 kB
MemTotal:        1844596 kB
MemFree:          694412 kB
MemAvailable:    1507724 kB
Buffers:           59652 kB
Cached:           854932 kB
MemTotal:        1844596 kB
MemFree:          695016 kB
MemAvailable:    1508328 kB
Buffers:           59652 kB
Cached:           854932 kB
MemTotal:        1844596 kB
MemFree:          694908 kB
MemAvailable:    1508220 kB
Buffers:           59652 kB
Cached:           854932 kB
MemTotal:        1844596 kB
MemFree:          693728 kB
MemAvailable:    1507040 kB
Buffers:           59652 kB
Cached:           854932 kB
MemTotal:        1844596 kB
MemFree:          695136 kB
MemAvailable:    1508448 kB
Buffers:           59652 kB
Cached:           854932 kB
MemTotal:        1844596 kB
MemFree:          695388 kB
MemAvailable:    1508700 kB
Buffers:           59652 kB
Cached:           854932 kB
MemTotal:        1844596 kB
MemFree:          693868 kB
MemAvailable:    1507180 kB
Buffers:           59652 kB
Cached:           854932 kB
MemTotal:        1844596 kB
MemFree:          694892 kB
MemAvailable:    1508204 kB
Buffers:           59652 kB
Cached:           854932 kB
MemTotal:        1844596 kB
MemFree:          694892 kB
MemAvailable:    1508204 kB
Buffers:           59652 kB
Cached:           854932 kB
MemTotal:        1844596 kB
MemFree:          694388 kB
MemAvailable:    1507700 kB
Buffers:           59652 kB
Cached:           854932 kB
MemTotal:        1844596 kB
MemFree:          693744 kB
MemAvailable:    1507056 kB
Buffers:           59652 kB
Cached:           854932 kB
MemTotal:        1844596 kB
MemFree:          694536 kB
MemAvailable:    1507848 kB
Buffers:           59652 kB
Cached:           854932 kB
MemTotal:        1844596 kB
MemFree:          694080 kB
MemAvailable:    1507392 kB
Buffers:           59652 kB
Cached:           854932 kB
MemTotal:        1844596 kB
MemFree:          693612 kB
MemAvailable:    1506924 kB
Buffers:           59652 kB
Cached:           854932 kB
MemTotal:        1844596 kB
MemFree:          694156 kB
MemAvailable:    1507468 kB
Buffers:           59652 kB
Cached:           854932 kB
MemTotal:        1844596 kB
MemFree:          694408 kB
MemAvailable:    1507720 kB
Buffers:           59652 kB
Cached:           854932 kB
MemTotal:        1844596 kB
MemFree:          694116 kB
MemAvailable:    1507428 kB
Buffers:           59652 kB
Cached:           854932 kB
MemTotal:        1844596 kB
MemFree:          693036 kB
MemAvailable:    1506348 kB
Buffers:           59652 kB
Cached:           854932 kB
MemTotal:        1844596 kB
MemFree:          692904 kB
MemAvailable:    1506216 kB
Buffers:           59652 kB
Cached:           854932 kB
MemTotal:        1844596 kB
MemFree:          694276 kB
MemAvailable:    1507588 kB
Buffers:           59652 kB
Cached:           854932 kB
MemTotal:        1844596 kB
MemFree:          693420 kB
MemAvailable:    1506732 kB
Buffers:           59652 kB
Cached:           854932 kB
MemTotal:        1844596 kB
MemFree:          693844 kB
MemAvailable:    1507156 kB
Buffers:           59652 kB
Cached:           854932 kB
MemTotal:        1844596 kB
MemFree:          694180 kB
MemAvailable:    1507492 kB
Buffers:           59652 kB
Cached:           854932 kB
MemTotal:        1844596 kB
MemFree:          691768 kB
MemAvailable:    1505080 kB
Buffers:           59652 kB
Cached:           854932 kB
MemTotal:        1844596 kB
MemFree:          687716 kB
MemAvailable:    1501028 kB
Buffers:           59652 kB
Cached:           854932 kB
MemTotal:        1844596 kB
MemFree:          686908 kB
MemAvailable:    1500220 kB
Buffers:           59652 kB
Cached:           854932 kB
MemTotal:        1844596 kB
MemFree:          686832 kB
MemAvailable:    1500144 kB
Buffers:           59652 kB
Cached:           854932 kB
MemTotal:        1844596 kB
MemFree:          685360 kB
MemAvailable:    1498672 kB
Buffers:           59652 kB
Cached:           854932 kB
MemTotal:        1844596 kB
MemFree:          685236 kB
MemAvailable:    1498548 kB
Buffers:           59652 kB
Cached:           854932 kB
MemTotal:        1844596 kB
MemFree:          686280 kB
MemAvailable:    1499592 kB
Buffers:           59652 kB
Cached:           854932 kB
MemTotal:        1844596 kB
MemFree:          686208 kB
MemAvailable:    1499520 kB
Buffers:           59652 kB
Cached:           854932 kB
MemTotal:        1844596 kB
MemFree:          686208 kB
MemAvailable:    1499520 kB
Buffers:           59652 kB
Cached:           854932 kB
MemTotal:        1844596 kB
MemFree:          684848 kB
MemAvailable:    1498160 kB
Buffers:           59652 kB
Cached:           854932 kB
MemTotal:        1844596 kB
MemFree:          686220 kB
MemAvailable:    1499532 kB
Buffers:           59652 kB
Cached:           854932 kB
MemTotal:        1844596 kB
MemFree:          685360 kB
MemAvailable:    1498672 kB
Buffers:           59652 kB
Cached:           854932 kB
MemTotal:        1844596 kB
MemFree:          686228 kB
MemAvailable:    1499540 kB
Buffers:           59652 kB
Cached:           854932 kB
MemTotal:        1844596 kB
MemFree:          685484 kB
MemAvailable:    1498796 kB
Buffers:           59652 kB
Cached:           854932 kB
MemTotal:        1844596 kB
MemFree:          686216 kB
MemAvailable:    1499528 kB
Buffers:           59652 kB
Cached:           854932 kB
MemTotal:        1844596 kB
MemFree:          686408 kB
MemAvailable:    1499724 kB
Buffers:           59652 kB
Cached:           854936 kB
MemTotal:        1844596 kB
MemFree:          685608 kB
MemAvailable:    1498924 kB
Buffers:           59652 kB
Cached:           854936 kB
MemTotal:        1844596 kB
MemFree:          685916 kB
MemAvailable:    1499232 kB
Buffers:           59652 kB
Cached:           854936 kB
MemTotal:        1844596 kB
MemFree:          685616 kB
MemAvailable:    1498932 kB
Buffers:           59652 kB
Cached:           854936 kB
MemTotal:        1844596 kB
MemFree:          684236 kB
MemAvailable:    1497552 kB
Buffers:           59652 kB
Cached:           854936 kB
MemTotal:        1844596 kB
MemFree:          685236 kB
MemAvailable:    1498552 kB
Buffers:           59652 kB
Cached:           854936 kB
MemTotal:        1844596 kB
MemFree:          684800 kB
MemAvailable:    1498116 kB
Buffers:           59652 kB
Cached:           854936 kB
MemTotal:        1844596 kB
MemFree:          684668 kB
MemAvailable:    1497984 kB
Buffers:           59652 kB
Cached:           854936 kB
MemTotal:        1844596 kB
MemFree:          683096 kB
MemAvailable:    1496412 kB
Buffers:           59652 kB
Cached:           854936 kB
MemTotal:        1844596 kB
MemFree:          683500 kB
MemAvailable:    1496816 kB
Buffers:           59652 kB
Cached:           854936 kB
MemTotal:        1844596 kB
MemFree:          683492 kB
MemAvailable:    1496808 kB
Buffers:           59652 kB
Cached:           854936 kB
MemTotal:        1844596 kB
MemFree:          683748 kB
MemAvailable:    1497064 kB
Buffers:           59652 kB
Cached:           854936 kB
MemTotal:        1844596 kB
MemFree:          682740 kB
MemAvailable:    1496056 kB
Buffers:           59652 kB
Cached:           854936 kB
MemTotal:        1844596 kB
MemFree:          682740 kB
MemAvailable:    1496056 kB
Buffers:           59652 kB
Cached:           854936 kB
MemTotal:        1844596 kB
MemFree:          682672 kB
MemAvailable:    1495988 kB
Buffers:           59652 kB
Cached:           854936 kB
MemTotal:        1844596 kB
MemFree:          681372 kB
MemAvailable:    1494688 kB
Buffers:           59652 kB
Cached:           854936 kB
MemTotal:        1844596 kB
MemFree:          682480 kB
MemAvailable:    1495796 kB
Buffers:           59652 kB
Cached:           854936 kB
MemTotal:        1844596 kB
MemFree:          682480 kB
MemAvailable:    1495796 kB
Buffers:           59652 kB
Cached:           854936 kB
MemTotal:        1844596 kB
MemFree:          681112 kB
MemAvailable:    1494428 kB
Buffers:           59652 kB
Cached:           854936 kB
MemTotal:        1844596 kB
MemFree:          682412 kB
MemAvailable:    1495728 kB
Buffers:           59652 kB
Cached:           854936 kB
MemTotal:        1844596 kB
MemFree:          682212 kB
MemAvailable:    1495528 kB
Buffers:           59652 kB
Cached:           854936 kB
MemTotal:        1844596 kB
MemFree:          682548 kB
MemAvailable:    1495864 kB
Buffers:           59652 kB
Cached:           854936 kB
MemTotal:        1844596 kB
MemFree:          681096 kB
MemAvailable:    1494412 kB
Buffers:           59652 kB
Cached:           854936 kB
MemTotal:        1844596 kB
MemFree:          681748 kB
MemAvailable:    1495064 kB
Buffers:           59652 kB
Cached:           854936 kB
MemTotal:        1844596 kB
MemFree:          681144 kB
MemAvailable:    1494460 kB
Buffers:           59652 kB
Cached:           854936 kB
MemTotal:        1844596 kB
MemFree:          681584 kB
MemAvailable:    1494900 kB
Buffers:           59652 kB
Cached:           854936 kB
MemTotal:        1844596 kB
MemFree:          677300 kB
MemAvailable:    1490616 kB
Buffers:           59652 kB
Cached:           854936 kB
MemTotal:        1844596 kB
MemFree:          677104 kB
MemAvailable:    1490420 kB
Buffers:           59652 kB
Cached:           854936 kB
MemTotal:        1844596 kB
MemFree:          676988 kB
MemAvailable:    1490304 kB
Buffers:           59652 kB
Cached:           854936 kB
MemTotal:        1844596 kB
MemFree:          676616 kB
MemAvailable:    1489932 kB
Buffers:           59652 kB
Cached:           854936 kB
MemTotal:        1844596 kB
MemFree:          676616 kB
MemAvailable:    1489932 kB
Buffers:           59652 kB
Cached:           854936 kB
MemTotal:        1844596 kB
MemFree:          676528 kB
MemAvailable:    1489844 kB
Buffers:           59652 kB
Cached:           854936 kB
MemTotal:        1844596 kB
MemFree:          676252 kB
MemAvailable:    1489568 kB
Buffers:           59652 kB
Cached:           854936 kB
MemTotal:        1844596 kB
MemFree:          676928 kB
MemAvailable:    1490252 kB
Buffers:           59652 kB
Cached:           854944 kB
MemTotal:        1844596 kB
MemFree:          675680 kB
MemAvailable:    1489004 kB
Buffers:           59652 kB
Cached:           854944 kB
MemTotal:        1844596 kB
MemFree:          676272 kB
MemAvailable:    1489596 kB
Buffers:           59652 kB
Cached:           854944 kB
MemTotal:        1844596 kB
MemFree:          676496 kB
MemAvailable:    1489820 kB
Buffers:           59652 kB
Cached:           854944 kB
MemTotal:        1844596 kB
MemFree:          676240 kB
MemAvailable:    1489564 kB
Buffers:           59652 kB
Cached:           854944 kB
MemTotal:        1844596 kB
MemFree:          674904 kB
MemAvailable:    1488228 kB
Buffers:           59652 kB
Cached:           854944 kB
MemTotal:        1844596 kB
MemFree:          675316 kB
MemAvailable:    1488640 kB
Buffers:           59652 kB
Cached:           854944 kB
MemTotal:        1844596 kB
MemFree:          675184 kB
MemAvailable:    1488508 kB
Buffers:           59652 kB
Cached:           854944 kB
MemTotal:        1844596 kB
MemFree:          674952 kB
MemAvailable:    1488276 kB
Buffers:           59652 kB
Cached:           854944 kB
MemTotal:        1844596 kB
MemFree:          673324 kB
MemAvailable:    1486648 kB
Buffers:           59652 kB
Cached:           854944 kB
MemTotal:        1844596 kB
MemFree:          672464 kB
MemAvailable:    1485788 kB
Buffers:           59652 kB
Cached:           854944 kB
MemTotal:        1844596 kB
MemFree:          673436 kB
MemAvailable:    1486760 kB
Buffers:           59652 kB
Cached:           854944 kB
MemTotal:        1844596 kB
MemFree:          673396 kB
MemAvailable:    1486720 kB
Buffers:           59652 kB
Cached:           854944 kB
MemTotal:        1844596 kB
MemFree:          673316 kB
MemAvailable:    1486640 kB
Buffers:           59652 kB
Cached:           854944 kB
MemTotal:        1844596 kB
MemFree:          672836 kB
MemAvailable:    1486160 kB
Buffers:           59652 kB
Cached:           854944 kB
MemTotal:        1844596 kB
MemFree:          675192 kB
MemAvailable:    1488516 kB
Buffers:           59652 kB
Cached:           854944 kB
MemTotal:        1844596 kB
MemFree:          675052 kB
MemAvailable:    1488376 kB
Buffers:           59652 kB
Cached:           854944 kB
MemTotal:        1844596 kB
MemFree:          674944 kB
MemAvailable:    1488268 kB
Buffers:           59652 kB
Cached:           854944 kB
MemTotal:        1844596 kB
MemFree:          675012 kB
MemAvailable:    1488420 kB
Buffers:           59652 kB
Cached:           855068 kB
MemTotal:        1844596 kB
MemFree:          673764 kB
MemAvailable:    1487172 kB
Buffers:           59652 kB
Cached:           855192 kB
MemTotal:        1844596 kB
MemFree:          674816 kB
MemAvailable:    1488476 kB
Buffers:           59652 kB
Cached:           855316 kB
MemTotal:        1844596 kB
MemFree:          673580 kB
MemAvailable:    1487324 kB
Buffers:           59652 kB
Cached:           855440 kB
MemTotal:        1844596 kB
MemFree:          673828 kB
MemAvailable:    1487656 kB
Buffers:           59652 kB
Cached:           855440 kB
MemTotal:        1844596 kB
MemFree:          674756 kB
MemAvailable:    1488584 kB
Buffers:           59652 kB
Cached:           855440 kB
MemTotal:        1844596 kB
MemFree:          673580 kB
MemAvailable:    1487492 kB
Buffers:           59652 kB
Cached:           855564 kB
MemTotal:        1844596 kB
MemFree:          674496 kB
MemAvailable:    1488408 kB
Buffers:           59652 kB
Cached:           855564 kB
MemTotal:        1844596 kB
MemFree:          673188 kB
MemAvailable:    1487100 kB
Buffers:           59652 kB
Cached:           855564 kB
MemTotal:        1844596 kB
MemFree:          674484 kB
MemAvailable:    1488396 kB
Buffers:           59652 kB
Cached:           855564 kB
MemTotal:        1844596 kB
MemFree:          674412 kB
MemAvailable:    1488324 kB
Buffers:           59652 kB
Cached:           855564 kB
MemTotal:        1844596 kB
MemFree:          674664 kB
MemAvailable:    1488576 kB
Buffers:           59652 kB
Cached:           855564 kB
MemTotal:        1844596 kB
MemFree:          674560 kB
MemAvailable:    1488472 kB
Buffers:           59652 kB
Cached:           855564 kB
MemTotal:        1844596 kB
MemFree:          673580 kB
MemAvailable:    1487492 kB
Buffers:           59652 kB
Cached:           855564 kB
MemTotal:        1844596 kB
MemFree:          674888 kB
MemAvailable:    1488208 kB
Buffers:           59652 kB
Cached:           855012 kB
MemTotal:        1844596 kB
MemFree:          675052 kB
MemAvailable:    1488372 kB
Buffers:           59652 kB
Cached:           855012 kB
