MemTotal:        1844596 kB
MemFree:          920540 kB
MemAvailable:    1551652 kB
Buffers:           39220 kB
Cached:           700144 kB
MemTotal:        1844596 kB
MemFree:          918556 kB
MemAvailable:    1549668 kB
Buffers:           39220 kB
Cached:           700144 kB
MemTotal:        1844596 kB
MemFree:          915952 kB
MemAvailable:    1547064 kB
Buffers:           39220 kB
Cached:           700144 kB
MemTotal:        1844596 kB
MemFree:          916236 kB
MemAvailable:    1547348 kB
Buffers:           39220 kB
Cached:           700144 kB
MemTotal:        1844596 kB
MemFree:          913844 kB
MemAvailable:    1544956 kB
Buffers:           39220 kB
Cached:           700144 kB
MemTotal:        1844596 kB
MemFree:          914208 kB
MemAvailable:    1545320 kB
Buffers:           39220 kB
Cached:           700144 kB
MemTotal:        1844596 kB
MemFree:          914208 kB
MemAvailable:    1545320 kB
Buffers:           39220 kB
Cached:           700144 kB
MemTotal:        1844596 kB
MemFree:          910736 kB
MemAvailable:    1541848 kB
Buffers:           39220 kB
Cached:           700144 kB
MemTotal:        1844596 kB
MemFree:          910504 kB
MemAvailable:    1541616 kB
Buffers:           39220 kB
Cached:           700144 kB
MemTotal:        1844596 kB
MemFree:          906892 kB
MemAvailable:    1538004 kB
Buffers:           39220 kB
Cached:           700144 kB
MemTotal:        1844596 kB
MemFree:          903852 kB
MemAvailable:    1534964 kB
Buffers:           39220 kB
Cached:           700144 kB
MemTotal:        1844596 kB
MemFree:          903596 kB
MemAvailable:    1534708 kB
Buffers:           39220 kB
Cached:           700144 kB
MemTotal:        1844596 kB
MemFree:          905088 kB
MemAvailable:    1536200 kB
Buffers:           39220 kB
Cached:           700144 kB
MemTotal:        1844596 kB
MemFree:          904916 kB
MemAvailable:    1536028 kB
Buffers:           39220 kB
Cached:           700144 kB
MemTotal:        1844596 kB
MemFree:          903676 kB
MemAvailable:    1534788 kB
Buffers:           39220 kB
Cached:           700144 kB
MemTotal:        1844596 kB
MemFree:          905032 kB
MemAvailable:    1536144 kB
Buffers:           39220 kB
Cached:           700144 kB
MemTotal:        1844596 kB
MemFree:          904728 kB
MemAvailable:    1535840 kB
Buffers:           39220 kB
Cached:           700144 kB
MemTotal:        1844596 kB
MemFree:          904360 kB
MemAvailable:    1535472 kB
Buffers:           39220 kB
Cached:           700144 kB
MemTotal:        1844596 kB
MemFree:          902632 kB
MemAvailable:    1533744 kB
Buffers:           39220 kB
Cached:           700144 kB
MemTotal:        1844596 kB
MemFree:          902544 kB
MemAvailable:    1533656 kB
Buffers:           39220 kB
Cached:           700144 kB
MemTotal:        1844596 kB
MemFree:          902880 kB
MemAvailable:    1533992 kB
Buffers:           39220 kB
Cached:           700144 kB
MemTotal:        1844596 kB
MemFree:          902420 kB
MemAvailable:    1533532 kB
Buffers:           39220 kB
Cached:           700144 kB
MemTotal:        1844596 kB
MemFree:          902420 kB
MemAvailable:    1533532 kB
Buffers:           39220 kB
Cached:           700144 kB
MemTotal:        1844596 kB
MemFree:          902448 kB
MemAvailable:    1533560 kB
Buffers:           39220 kB
Cached:           700144 kB
MemTotal:        1844596 kB
MemFree:          902236 kB
MemAvailable:    1533348 kB
Buffers:           39220 kB
Cached:           700144 kB
MemTotal:        1844596 kB
MemFree:          902372 kB
MemAvailable:    1533484 kB
Buffers:           39220 kB
Cached:           700144 kB
MemTotal:        1844596 kB
MemFree:          901000 kB
MemAvailable:    1532112 kB
Buffers:           39220 kB
Cached:           700144 kB
MemTotal:        1844596 kB
MemFree:          902432 kB
MemAvailable:    1533544 kB
Buffers:           39220 kB
Cached:           700144 kB
MemTotal:        1844596 kB
MemFree:          901692 kB
MemAvailable:    1532804 kB
Buffers:           39220 kB
Cached:           700144 kB
MemTotal:        1844596 kB
MemFree:          903636 kB
MemAvailable:    1534748 kB
Buffers:           39220 kB
Cached:           700144 kB
MemTotal:        1844596 kB
MemFree:          903892 kB
MemAvailable:    1535004 kB
Buffers:           39220 kB
Cached:           700144 kB
MemTotal:        1844596 kB
MemFree:          902172 kB
MemAvailable:    1533284 kB
Buffers:           39220 kB
Cached:           700144 kB
MemTotal:        1844596 kB
MemFree:          901940 kB
MemAvailable:    1533052 kB
Buffers:           39220 kB
Cached:           700144 kB
MemTotal:        1844596 kB
MemFree:          900328 kB
MemAvailable:    1531440 kB
Buffers:           39220 kB
Cached:           700144 kB
MemTotal:        1844596 kB
MemFree:          899816 kB
MemAvailable:    1530928 kB
Buffers:           39220 kB
Cached:           700144 kB
MemTotal:        1844596 kB
MemFree:          899708 kB
MemAvailable:    1530820 kB
Buffers:           39220 kB
Cached:           700144 kB
MemTotal:        1844596 kB
MemFree:          898088 kB
MemAvailable:    1529200 kB
Buffers:           39220 kB
Cached:           700144 kB
MemTotal:        1844596 kB
MemFree:          898700 kB
MemAvailable:    1529812 kB
Buffers:           39220 kB
Cached:           700144 kB
MemTotal:        1844596 kB
MemFree:          898700 kB
MemAvailable:    1529812 kB
Buffers:           39220 kB
Cached:           700144 kB
MemTotal:        1844596 kB
MemFree:          898328 kB
MemAvailable:    1529440 kB
Buffers:           39220 kB
Cached:           700144 kB
MemTotal:        1844596 kB
MemFree:          897080 kB
MemAvailable:    1528192 kB
Buffers:           39220 kB
Cached:           700144 kB
MemTotal:        1844596 kB
MemFree:          898344 kB
MemAvailable:    1529456 kB
Buffers:           39220 kB
Cached:           700144 kB
MemTotal:        1844596 kB
MemFree:          898200 kB
MemAvailable:    1529312 kB
Buffers:           39220 kB
Cached:           700144 kB
MemTotal:        1844596 kB
MemFree:          897712 kB
MemAvailable:    1528824 kB
Buffers:           39220 kB
Cached:           700144 kB
MemTotal:        1844596 kB
MemFree:          898024 kB
MemAvailable:    1529136 kB
Buffers:           39220 kB
Cached:           700144 kB
MemTotal:        1844596 kB
MemFree:          898024 kB
MemAvailable:    1529136 kB
Buffers:           39220 kB
Cached:           700144 kB
MemTotal:        1844596 kB
MemFree:          896592 kB
MemAvailable:    1527704 kB
Buffers:           39220 kB
Cached:           700144 kB
MemTotal:        1844596 kB
MemFree:          897592 kB
MemAvailable:    1528704 kB
Buffers:           39220 kB
Cached:           700144 kB
MemTotal:        1844596 kB
MemFree:          896220 kB
MemAvailable:    1527332 kB
Buffers:           39220 kB
Cached:           700144 kB
MemTotal:        1844596 kB
MemFree:          896088 kB
MemAvailable:    1527200 kB
Buffers:           39220 kB
Cached:           700144 kB
MemTotal:        1844596 kB
MemFree:          896048 kB
MemAvailable:    1527160 kB
Buffers:           39220 kB
Cached:           700144 kB
MemTotal:        1844596 kB
MemFree:          897156 kB
MemAvailable:    1528268 kB
Buffers:           39220 kB
Cached:           700144 kB
MemTotal:        1844596 kB
MemFree:          897156 kB
MemAvailable:    1528268 kB
Buffers:           39220 kB
Cached:           700144 kB
MemTotal:        1844596 kB
MemFree:          895956 kB
MemAvailable:    1527068 kB
Buffers:           39220 kB
Cached:           700144 kB
MemTotal:        1844596 kB
MemFree:          895916 kB
MemAvailable:    1527032 kB
Buffers:           39220 kB
Cached:           700148 kB
MemTotal:        1844596 kB
MemFree:          896208 kB
MemAvailable:    1527324 kB
Buffers:           39220 kB
Cached:           700148 kB
MemTotal:        1844596 kB
MemFree:          895904 kB
MemAvailable:    1527020 kB
Buffers:           39220 kB
Cached:           700148 kB
MemTotal:        1844596 kB
MemFree:          896112 kB
MemAvailable:    1527232 kB
Buffers:           39220 kB
Cached:           700152 kB
MemTotal:        1844596 kB
MemFree:          895980 kB
MemAvailable:    1527100 kB
Buffers:           39220 kB
Cached:           700152 kB
MemTotal:        1844596 kB
MemFree:          897164 kB
MemAvailable:    1528284 kB
Buffers:           39220 kB
Cached:           700152 kB
MemTotal:        1844596 kB
MemFree:          896840 kB
MemAvailable:    1527960 kB
Buffers:           39220 kB
Cached:           700152 kB
MemTotal:        1844596 kB
MemFree:          896616 kB
MemAvailable:    1527736 kB
Buffers:           39220 kB
Cached:           700152 kB
MemTotal:        1844596 kB
MemFree:          896600 kB
MemAvailable:    1527720 kB
Buffers:           39220 kB
Cached:           700152 kB
MemTotal:        1844596 kB
MemFree:          896612 kB
MemAvailable:    1527732 kB
Buffers:           39220 kB
Cached:           700152 kB
MemTotal:        1844596 kB
MemFree:          895616 kB
MemAvailable:    1526736 kB
Buffers:           39220 kB
Cached:           700152 kB
MemTotal:        1844596 kB
MemFree:          896332 kB
MemAvailable:    1527452 kB
Buffers:           39220 kB
Cached:           700152 kB
MemTotal:        1844596 kB
MemFree:          896584 kB
MemAvailable:    1527704 kB
Buffers:           39220 kB
Cached:           700152 kB
MemTotal:        1844596 kB
MemFree:          894968 kB
MemAvailable:    1526088 kB
Buffers:           39220 kB
Cached:           700152 kB
MemTotal:        1844596 kB
MemFree:          896352 kB
MemAvailable:    1527472 kB
Buffers:           39220 kB
Cached:           700152 kB
MemTotal:        1844596 kB
MemFree:          896204 kB
MemAvailable:    1527324 kB
Buffers:           39220 kB
Cached:           700152 kB
MemTotal:        1844596 kB
MemFree:          896288 kB
MemAvailable:    1527408 kB
Buffers:           39220 kB
Cached:           700152 kB
MemTotal:        1844596 kB
MemFree:          896556 kB
MemAvailable:    1527676 kB
Buffers:           39220 kB
Cached:           700152 kB
MemTotal:        1844596 kB
MemFree:          896552 kB
MemAvailable:    1527672 kB
Buffers:           39220 kB
Cached:           700152 kB
MemTotal:        1844596 kB
MemFree:          896228 kB
MemAvailable:    1527348 kB
Buffers:           39220 kB
Cached:           700152 kB
MemTotal:        1844596 kB
MemFree:          896228 kB
MemAvailable:    1527348 kB
Buffers:           39220 kB
Cached:           700152 kB
MemTotal:        1844596 kB
MemFree:          894492 kB
MemAvailable:    1525612 kB
Buffers:           39220 kB
Cached:           700152 kB
MemTotal:        1844596 kB
MemFree:          892700 kB
MemAvailable:    1523820 kB
Buffers:           39220 kB
Cached:           700152 kB
MemTotal:        1844596 kB
MemFree:          889540 kB
MemAvailable:    1520660 kB
Buffers:           39220 kB
Cached:           700152 kB
MemTotal:        1844596 kB
MemFree:          887680 kB
MemAvailable:    1518800 kB
Buffers:           39220 kB
Cached:           700152 kB
MemTotal:        1844596 kB
MemFree:          888856 kB
MemAvailable:    1519976 kB
Buffers:           39220 kB
Cached:           700152 kB
MemTotal:        1844596 kB
MemFree:          888244 kB
MemAvailable:    1519364 kB
Buffers:           39220 kB
Cached:           700152 kB
MemTotal:        1844596 kB
MemFree:          888244 kB
MemAvailable:    1519364 kB
Buffers:           39220 kB
Cached:           700152 kB
MemTotal:        1844596 kB
MemFree:          888472 kB
MemAvailable:    1519592 kB
Buffers:           39220 kB
Cached:           700152 kB
MemTotal:        1844596 kB
MemFree:          887124 kB
MemAvailable:    1518244 kB
Buffers:           39220 kB
Cached:           700152 kB
MemTotal:        1844596 kB
MemFree:          887240 kB
MemAvailable:    1518360 kB
Buffers:           39220 kB
Cached:           700152 kB
MemTotal:        1844596 kB
MemFree:          887124 kB
MemAvailable:    1518244 kB
Buffers:           39220 kB
Cached:           700152 kB
MemTotal:        1844596 kB
MemFree:          888420 kB
MemAvailable:    1519540 kB
Buffers:           39220 kB
Cached:           700152 kB
MemTotal:        1844596 kB
MemFree:          887112 kB
MemAvailable:    1518232 kB
Buffers:           39220 kB
Cached:           700152 kB
MemTotal:        1844596 kB
MemFree:          888352 kB
MemAvailable:    1519472 kB
Buffers:           39220 kB
Cached:           700152 kB
MemTotal:        1844596 kB
MemFree:          888516 kB
MemAvailable:    1519636 kB
Buffers:           39220 kB
Cached:           700152 kB
MemTotal:        1844596 kB
MemFree:          887144 kB
MemAvailable:    1518264 kB
Buffers:           39220 kB
Cached:           700152 kB
MemTotal:        1844596 kB
MemFree:          887680 kB
MemAvailable:    1518800 kB
Buffers:           39220 kB
Cached:           700152 kB
MemTotal:        1844596 kB
MemFree:          888396 kB
MemAvailable:    1519520 kB
Buffers:           39220 kB
Cached:           700156 kB
MemTotal:        1844596 kB
MemFree:          887184 kB
MemAvailable:    1518308 kB
Buffers:           39220 kB
Cached:           700156 kB
MemTotal:        1844596 kB
MemFree:          888356 kB
MemAvailable:    1519480 kB
Buffers:           39220 kB
Cached:           700156 kB
MemTotal:        1844596 kB
MemFree:          886884 kB
MemAvailable:    1518008 kB
Buffers:           39220 kB
Cached:           700156 kB
MemTotal:        1844596 kB
MemFree:          887384 kB
MemAvailable:    1518512 kB
Buffers:           39220 kB
Cached:           700160 kB
MemTotal:        1844596 kB
MemFree:          887720 kB
MemAvailable:    1518848 kB
Buffers:           39220 kB
Cached:           700160 kB
MemTotal:        1844596 kB
MemFree:          886068 kB
MemAvailable:    1517196 kB
Buffers:           39220 kB
Cached:           700160 kB
MemTotal:        1844596 kB
MemFree:          886796 kB
MemAvailable:    1517924 kB
Buffers:           39220 kB
Cached:           700160 kB
MemTotal:        1844596 kB
MemFree:          886796 kB
MemAvailable:    1517924 kB
Buffers:           39220 kB
Cached:           700160 kB
MemTotal:        1844596 kB
MemFree:          885300 kB
MemAvailable:    1516428 kB
Buffers:           39220 kB
Cached:           700160 kB
MemTotal:        1844596 kB
MemFree:          884828 kB
MemAvailable:    1515956 kB
Buffers:           39220 kB
Cached:           700160 kB
MemTotal:        1844596 kB
MemFree:          884324 kB
MemAvailable:    1515452 kB
Buffers:           39220 kB
Cached:           700160 kB
MemTotal:        1844596 kB
MemFree:          884812 kB
MemAvailable:    1515940 kB
Buffers:           39220 kB
Cached:           700160 kB
MemTotal:        1844596 kB
MemFree:          884812 kB
MemAvailable:    1515940 kB
Buffers:           39220 kB
Cached:           700160 kB
MemTotal:        1844596 kB
MemFree:          884928 kB
MemAvailable:    1516056 kB
Buffers:           39220 kB
Cached:           700160 kB
MemTotal:        1844596 kB
MemFree:          883572 kB
MemAvailable:    1514700 kB
Buffers:           39220 kB
Cached:           700160 kB
MemTotal:        1844596 kB
MemFree:          884564 kB
MemAvailable:    1515692 kB
Buffers:           39220 kB
Cached:           700160 kB
MemTotal:        1844596 kB
MemFree:          884648 kB
MemAvailable:    1515776 kB
Buffers:           39220 kB
Cached:           700160 kB
MemTotal:        1844596 kB
MemFree:          884400 kB
MemAvailable:    1515528 kB
Buffers:           39220 kB
Cached:           700160 kB
MemTotal:        1844596 kB
MemFree:          883280 kB
MemAvailable:    1514408 kB
Buffers:           39220 kB
Cached:           700160 kB
MemTotal:        1844596 kB
MemFree:          883148 kB
MemAvailable:    1514276 kB
Buffers:           39220 kB
Cached:           700160 kB
MemTotal:        1844596 kB
MemFree:          883148 kB
MemAvailable:    1514276 kB
Buffers:           39220 kB
Cached:           700160 kB
MemTotal:        1844596 kB
MemFree:          884448 kB
MemAvailable:    1515576 kB
Buffers:           39220 kB
Cached:           700160 kB
MemTotal:        1844596 kB
MemFree:          884492 kB
MemAvailable:    1515620 kB
Buffers:           39220 kB
Cached:           700160 kB
MemTotal:        1844596 kB
MemFree:          883216 kB
MemAvailable:    1514344 kB
Buffers:           39220 kB
Cached:           700160 kB
MemTotal:        1844596 kB
MemFree:          882968 kB
MemAvailable:    1514096 kB
Buffers:           39220 kB
Cached:           700160 kB
MemTotal:        1844596 kB
MemFree:          882968 kB
MemAvailable:    1514096 kB
Buffers:           39220 kB
Cached:           700160 kB
MemTotal:        1844596 kB
MemFree:          878000 kB
MemAvailable:    1509128 kB
Buffers:           39220 kB
Cached:           700160 kB
MemTotal:        1844596 kB
MemFree:          878124 kB
MemAvailable:    1509252 kB
Buffers:           39220 kB
Cached:           700160 kB
MemTotal:        1844596 kB
MemFree:          879184 kB
MemAvailable:    1510312 kB
Buffers:           39220 kB
Cached:           700160 kB
MemTotal:        1844596 kB
MemFree:          878728 kB
MemAvailable:    1509856 kB
Buffers:           39220 kB
Cached:           700160 kB
MemTotal:        1844596 kB
MemFree:          878728 kB
MemAvailable:    1509856 kB
Buffers:           39220 kB
Cached:           700160 kB
MemTotal:        1844596 kB
MemFree:          878432 kB
MemAvailable:    1509560 kB
Buffers:           39220 kB
Cached:           700160 kB
MemTotal:        1844596 kB
MemFree:          878768 kB
MemAvailable:    1509896 kB
Buffers:           39220 kB
Cached:           700160 kB
MemTotal:        1844596 kB
MemFree:          878492 kB
MemAvailable:    1509620 kB
Buffers:           39220 kB
Cached:           700160 kB
MemTotal:        1844596 kB
MemFree:          877228 kB
MemAvailable:    1508356 kB
Buffers:           39220 kB
Cached:           700160 kB
MemTotal:        1844596 kB
MemFree:          878504 kB
MemAvailable:    1509632 kB
Buffers:           39220 kB
Cached:           700160 kB
MemTotal:        1844596 kB
MemFree:          877084 kB
MemAvailable:    1508212 kB
Buffers:           39220 kB
Cached:           700160 kB
MemTotal:        1844596 kB
MemFree:          877884 kB
MemAvailable:    1509012 kB
Buffers:           39220 kB
Cached:           700160 kB
MemTotal:        1844596 kB
MemFree:          877248 kB
MemAvailable:    1508376 kB
Buffers:           39220 kB
Cached:           700160 kB
MemTotal:        1844596 kB
MemFree:          877140 kB
MemAvailable:    1508268 kB
Buffers:           39220 kB
Cached:           700160 kB
MemTotal:        1844596 kB
MemFree:          875388 kB
MemAvailable:    1506520 kB
Buffers:           39220 kB
Cached:           700164 kB
MemTotal:        1844596 kB
MemFree:          875472 kB
MemAvailable:    1506604 kB
Buffers:           39220 kB
Cached:           700164 kB
MemTotal:        1844596 kB
MemFree:          875212 kB
MemAvailable:    1506344 kB
Buffers:           39220 kB
Cached:           700164 kB
MemTotal:        1844596 kB
MemFree:          875464 kB
MemAvailable:    1506596 kB
Buffers:           39220 kB
Cached:           700164 kB
MemTotal:        1844596 kB
MemFree:          875252 kB
MemAvailable:    1506384 kB
Buffers:           39220 kB
Cached:           700164 kB
MemTotal:        1844596 kB
MemFree:          875504 kB
MemAvailable:    1506636 kB
Buffers:           39220 kB
Cached:           700164 kB
MemTotal:        1844596 kB
MemFree:          875248 kB
MemAvailable:    1506380 kB
Buffers:           39220 kB
Cached:           700164 kB
MemTotal:        1844596 kB
MemFree:          874976 kB
MemAvailable:    1506108 kB
Buffers:           39220 kB
Cached:           700164 kB
MemTotal:        1844596 kB
MemFree:          875936 kB
MemAvailable:    1507068 kB
Buffers:           39220 kB
Cached:           700164 kB
MemTotal:        1844596 kB
MemFree:          877388 kB
MemAvailable:    1508520 kB
Buffers:           39220 kB
Cached:           700164 kB
MemTotal:        1844596 kB
MemFree:          875900 kB
MemAvailable:    1507200 kB
Buffers:           39220 kB
Cached:           700412 kB
MemTotal:        1844596 kB
MemFree:          877200 kB
MemAvailable:    1508668 kB
Buffers:           39220 kB
Cached:           700536 kB
MemTotal:        1844596 kB
MemFree:          875892 kB
MemAvailable:    1507444 kB
Buffers:           39220 kB
Cached:           700660 kB
MemTotal:        1844596 kB
MemFree:          876884 kB
MemAvailable:    1508604 kB
Buffers:           39220 kB
Cached:           700784 kB
MemTotal:        1844596 kB
MemFree:          876652 kB
MemAvailable:    1508372 kB
Buffers:           39220 kB
Cached:           700784 kB
MemTotal:        1844596 kB
MemFree:          876456 kB
MemAvailable:    1508176 kB
Buffers:           39220 kB
Cached:           700784 kB
MemTotal:        1844596 kB
MemFree:          876792 kB
MemAvailable:    1508512 kB
Buffers:           39220 kB
Cached:           700784 kB
MemTotal:        1844596 kB
MemFree:          876632 kB
MemAvailable:    1508352 kB
Buffers:           39220 kB
Cached:           700784 kB
MemTotal:        1844596 kB
MemFree:          876488 kB
MemAvailable:    1508208 kB
Buffers:           39220 kB
Cached:           700784 kB
MemTotal:        1844596 kB
MemFree:          876572 kB
MemAvailable:    1508292 kB
Buffers:           39220 kB
Cached:           700784 kB
MemTotal:        1844596 kB
MemFree:          876356 kB
MemAvailable:    1508076 kB
Buffers:           39220 kB
Cached:           700784 kB
MemTotal:        1844596 kB
MemFree:          876692 kB
MemAvailable:    1508412 kB
Buffers:           39220 kB
Cached:           700784 kB
MemTotal:        1844596 kB
MemFree:          876952 kB
MemAvailable:    1508084 kB
Buffers:           39220 kB
Cached:           700152 kB
MemTotal:        1844596 kB
MemFree:          877204 kB
MemAvailable:    1508336 kB
Buffers:           39220 kB
Cached:           700152 kB
MemTotal:        1844596 kB
MemFree:          945584 kB
MemAvailable:    1576716 kB
Buffers:           39220 kB
Cached:           700152 kB
