MemTotal:        1844596 kB
MemFree:          808064 kB
MemAvailable:    1537464 kB
Buffers:           51044 kB
Cached:           786508 kB
MemTotal:        1844596 kB
MemFree:          808808 kB
MemAvailable:    1538208 kB
Buffers:           51044 kB
Cached:           786508 kB
MemTotal:        1844596 kB
MemFree:          805576 kB
MemAvailable:    1534976 kB
Buffers:           51044 kB
Cached:           786508 kB
MemTotal:        1844596 kB
MemFree:          803840 kB
MemAvailable:    1533240 kB
Buffers:           51044 kB
Cached:           786508 kB
MemTotal:        1844596 kB
MemFree:          805088 kB
MemAvailable:    1534488 kB
Buffers:           51044 kB
Cached:           786508 kB
MemTotal:        1844596 kB
MemFree:          802592 kB
MemAvailable:    1531992 kB
Buffers:           51044 kB
Cached:           786508 kB
MemTotal:        1844596 kB
MemFree:          802304 kB
MemAvailable:    1531704 kB
Buffers:           51044 kB
Cached:           786508 kB
MemTotal:        1844596 kB
MemFree:          798624 kB
MemAvailable:    1528024 kB
Buffers:           51044 kB
Cached:           786508 kB
MemTotal:        1844596 kB
MemFree:          798020 kB
MemAvailable:    1527420 kB
Buffers:           51044 kB
Cached:           786508 kB
MemTotal:        1844596 kB
MemFree:          793928 kB
MemAvailable:    1523328 kB
Buffers:           51044 kB
Cached:           786508 kB
MemTotal:        1844596 kB
MemFree:          793640 kB
MemAvailable:    1523040 kB
Buffers:           51044 kB
Cached:           786508 kB
MemTotal:        1844596 kB
MemFree:          794980 kB
MemAvailable:    1524380 kB
Buffers:           51044 kB
Cached:           786508 kB
MemTotal:        1844596 kB
MemFree:          793796 kB
MemAvailable:    1523196 kB
Buffers:           51044 kB
Cached:           786508 kB
MemTotal:        1844596 kB
MemFree:          793796 kB
MemAvailable:    1523196 kB
Buffers:           51044 kB
Cached:           786508 kB
MemTotal:        1844596 kB
MemFree:          794780 kB
MemAvailable:    1524180 kB
Buffers:           51044 kB
Cached:           786508 kB
MemTotal:        1844596 kB
MemFree:          794864 kB
MemAvailable:    1524264 kB
Buffers:           51044 kB
Cached:           786508 kB
MemTotal:        1844596 kB
MemFree:          793052 kB
MemAvailable:    1522452 kB
Buffers:           51044 kB
Cached:           786508 kB
MemTotal:        1844596 kB
MemFree:          794052 kB
MemAvailable:    1523452 kB
Buffers:           51044 kB
Cached:           786508 kB
MemTotal:        1844596 kB
MemFree:          792424 kB
MemAvailable:    1521824 kB
Buffers:           51044 kB
Cached:           786508 kB
MemTotal:        1844596 kB
MemFree:          792564 kB
MemAvailable:    1521964 kB
Buffers:           51044 kB
Cached:           786508 kB
MemTotal:        1844596 kB
MemFree:          792552 kB
MemAvailable:    1521952 kB
Buffers:           51044 kB
Cached:           786508 kB
MemTotal:        1844596 kB
MemFree:          792440 kB
MemAvailable:    1521840 kB
Buffers:           51044 kB
Cached:           786508 kB
MemTotal:        1844596 kB
MemFree:          791820 kB
MemAvailable:    1521224 kB
Buffers:           51044 kB
Cached:           786512 kB
MemTotal:        1844596 kB
MemFree:          792288 kB
MemAvailable:    1521692 kB
Buffers:           51044 kB
Cached:           786512 kB
MemTotal:        1844596 kB
MemFree:          792624 kB
MemAvailable:    1522028 kB
Buffers:           51044 kB
Cached:           786512 kB
MemTotal:        1844596 kB
MemFree:          792296 kB
MemAvailable:    1521700 kB
Buffers:           51044 kB
Cached:           786512 kB
MemTotal:        1844596 kB
MemFree:          791264 kB
MemAvailable:    1520668 kB
Buffers:           51044 kB
Cached:           786512 kB
MemTotal:        1844596 kB
MemFree:          793776 kB
MemAvailable:    1523180 kB
Buffers:           51044 kB
Cached:           786512 kB
MemTotal:        1844596 kB
MemFree:          793184 kB
MemAvailable:    1522588 kB
Buffers:           51044 kB
Cached:           786512 kB
MemTotal:        1844596 kB
MemFree:          793292 kB
MemAvailable:    1522696 kB
Buffers:           51044 kB
Cached:           786512 kB
MemTotal:        1844596 kB
MemFree:          793184 kB
MemAvailable:    1522588 kB
Buffers:           51044 kB
Cached:           786512 kB
MemTotal:        1844596 kB
MemFree:          790076 kB
MemAvailable:    1519480 kB
Buffers:           51044 kB
Cached:           786512 kB
MemTotal:        1844596 kB
MemFree:          789208 kB
MemAvailable:    1518612 kB
Buffers:           51044 kB
Cached:           786512 kB
MemTotal:        1844596 kB
MemFree:          789896 kB
MemAvailable:    1519300 kB
Buffers:           51044 kB
Cached:           786512 kB
MemTotal:        1844596 kB
MemFree:          789332 kB
MemAvailable:    1518736 kB
Buffers:           51044 kB
Cached:           786512 kB
MemTotal:        1844596 kB
MemFree:          789332 kB
MemAvailable:    1518736 kB
Buffers:           51044 kB
Cached:           786512 kB
MemTotal:        1844596 kB
MemFree:          788648 kB
MemAvailable:    1518052 kB
Buffers:           51044 kB
Cached:           786512 kB
MemTotal:        1844596 kB
MemFree:          787348 kB
MemAvailable:    1516752 kB
Buffers:           51044 kB
Cached:           786512 kB
MemTotal:        1844596 kB
MemFree:          788324 kB
MemAvailable:    1517728 kB
Buffers:           51044 kB
Cached:           786512 kB
MemTotal:        1844596 kB
MemFree:          787852 kB
MemAvailable:    1517256 kB
Buffers:           51044 kB
Cached:           786512 kB
MemTotal:        1844596 kB
MemFree:          788336 kB
MemAvailable:    1517740 kB
Buffers:           51044 kB
Cached:           786512 kB
MemTotal:        1844596 kB
MemFree:          788224 kB
MemAvailable:    1517628 kB
Buffers:           51044 kB
Cached:           786512 kB
MemTotal:        1844596 kB
MemFree:          787356 kB
MemAvailable:    1516760 kB
Buffers:           51044 kB
Cached:           786512 kB
MemTotal:        1844596 kB
MemFree:          788308 kB
MemAvailable:    1517716 kB
Buffers:           51044 kB
Cached:           786516 kB
MemTotal:        1844596 kB
MemFree:          786976 kB
MemAvailable:    1516384 kB
Buffers:           51044 kB
Cached:           786516 kB
MemTotal:        1844596 kB
MemFree:          787656 kB
MemAvailable:    1517064 kB
Buffers:           51044 kB
Cached:           786516 kB
MemTotal:        1844596 kB
MemFree:          786364 kB
MemAvailable:    1515772 kB
Buffers:           51044 kB
Cached:           786516 kB
MemTotal:        1844596 kB
MemFree:          785928 kB
MemAvailable:    1515336 kB
Buffers:           51044 kB
Cached:           786516 kB
MemTotal:        1844596 kB
MemFree:          786096 kB
MemAvailable:    1515504 kB
Buffers:           51044 kB
Cached:           786516 kB
MemTotal:        1844596 kB
MemFree:          786096 kB
MemAvailable:    1515504 kB
Buffers:           51044 kB
Cached:           786516 kB
MemTotal:        1844596 kB
MemFree:          786220 kB
MemAvailable:    1515628 kB
Buffers:           51044 kB
Cached:           786516 kB
MemTotal:        1844596 kB
MemFree:          786352 kB
MemAvailable:    1515760 kB
Buffers:           51044 kB
Cached:           786516 kB
MemTotal:        1844596 kB
MemFree:          786240 kB
MemAvailable:    1515648 kB
Buffers:           51044 kB
Cached:           786516 kB
MemTotal:        1844596 kB
MemFree:          787348 kB
MemAvailable:    1516756 kB
Buffers:           51044 kB
Cached:           786516 kB
MemTotal:        1844596 kB
MemFree:          787600 kB
MemAvailable:    1517008 kB
Buffers:           51044 kB
Cached:           786516 kB
MemTotal:        1844596 kB
MemFree:          787236 kB
MemAvailable:    1516644 kB
Buffers:           51044 kB
Cached:           786516 kB
MemTotal:        1844596 kB
MemFree:          786844 kB
MemAvailable:    1516252 kB
Buffers:           51044 kB
Cached:           786516 kB
MemTotal:        1844596 kB
MemFree:          786312 kB
MemAvailable:    1515720 kB
Buffers:           51044 kB
Cached:           786516 kB
MemTotal:        1844596 kB
MemFree:          785488 kB
MemAvailable:    1514896 kB
Buffers:           51044 kB
Cached:           786516 kB
MemTotal:        1844596 kB
MemFree:          785992 kB
MemAvailable:    1515400 kB
Buffers:           51044 kB
Cached:           786516 kB
MemTotal:        1844596 kB
MemFree:          785488 kB
MemAvailable:    1514896 kB
Buffers:           51044 kB
Cached:           786516 kB
MemTotal:        1844596 kB
MemFree:          786472 kB
MemAvailable:    1515880 kB
Buffers:           51044 kB
Cached:           786516 kB
MemTotal:        1844596 kB
MemFree:          786240 kB
MemAvailable:    1515648 kB
Buffers:           51044 kB
Cached:           786516 kB
MemTotal:        1844596 kB
MemFree:          785068 kB
MemAvailable:    1514476 kB
Buffers:           51044 kB
Cached:           786516 kB
MemTotal:        1844596 kB
MemFree:          785068 kB
MemAvailable:    1514476 kB
Buffers:           51044 kB
Cached:           786516 kB
MemTotal:        1844596 kB
MemFree:          786204 kB
MemAvailable:    1515612 kB
Buffers:           51044 kB
Cached:           786516 kB
MemTotal:        1844596 kB
MemFree:          785992 kB
MemAvailable:    1515400 kB
Buffers:           51044 kB
Cached:           786516 kB
MemTotal:        1844596 kB
MemFree:          786364 kB
MemAvailable:    1515772 kB
Buffers:           51044 kB
Cached:           786516 kB
MemTotal:        1844596 kB
MemFree:          786416 kB
MemAvailable:    1515824 kB
Buffers:           51044 kB
Cached:           786516 kB
MemTotal:        1844596 kB
MemFree:          786232 kB
MemAvailable:    1515640 kB
Buffers:           51044 kB
Cached:           786516 kB
MemTotal:        1844596 kB
MemFree:          786484 kB
MemAvailable:    1515892 kB
Buffers:           51044 kB
Cached:           786516 kB
MemTotal:        1844596 kB
MemFree:          784860 kB
MemAvailable:    1514268 kB
Buffers:           51044 kB
Cached:           786516 kB
MemTotal:        1844596 kB
MemFree:          783388 kB
MemAvailable:    1512796 kB
Buffers:           51044 kB
Cached:           786516 kB
MemTotal:        1844596 kB
MemFree:          781836 kB
MemAvailable:    1511244 kB
Buffers:           51044 kB
Cached:           786516 kB
MemTotal:        1844596 kB
MemFree:          778916 kB
MemAvailable:    1508324 kB
Buffers:           51044 kB
Cached:           786516 kB
MemTotal:        1844596 kB
MemFree:          778808 kB
MemAvailable:    1508216 kB
Buffers:           51044 kB
Cached:           786516 kB
MemTotal:        1844596 kB
MemFree:          778668 kB
MemAvailable:    1508076 kB
Buffers:           51044 kB
Cached:           786516 kB
MemTotal:        1844596 kB
MemFree:          778356 kB
MemAvailable:    1507764 kB
Buffers:           51044 kB
Cached:           786516 kB
MemTotal:        1844596 kB
MemFree:          778356 kB
MemAvailable:    1507764 kB
Buffers:           51044 kB
Cached:           786516 kB
MemTotal:        1844596 kB
MemFree:          777000 kB
MemAvailable:    1506408 kB
Buffers:           51044 kB
Cached:           786516 kB
MemTotal:        1844596 kB
MemFree:          778276 kB
MemAvailable:    1507684 kB
Buffers:           51044 kB
Cached:           786516 kB
MemTotal:        1844596 kB
MemFree:          778528 kB
MemAvailable:    1507936 kB
Buffers:           51044 kB
Cached:           786516 kB
MemTotal:        1844596 kB
MemFree:          778416 kB
MemAvailable:    1507824 kB
Buffers:           51044 kB
Cached:           786516 kB
MemTotal:        1844596 kB
MemFree:          778104 kB
MemAvailable:    1507512 kB
Buffers:           51044 kB
Cached:           786516 kB
MemTotal:        1844596 kB
MemFree:          778440 kB
MemAvailable:    1507848 kB
Buffers:           51044 kB
Cached:           786516 kB
MemTotal:        1844596 kB
MemFree:          778280 kB
MemAvailable:    1507688 kB
Buffers:           51044 kB
Cached:           786516 kB
MemTotal:        1844596 kB
MemFree:          778356 kB
MemAvailable:    1507764 kB
Buffers:           51044 kB
Cached:           786516 kB
MemTotal:        1844596 kB
MemFree:          777800 kB
MemAvailable:    1507208 kB
Buffers:           51044 kB
Cached:           786516 kB
MemTotal:        1844596 kB
MemFree:          778296 kB
MemAvailable:    1507704 kB
Buffers:           51044 kB
Cached:           786516 kB
MemTotal:        1844596 kB
MemFree:          778296 kB
MemAvailable:    1507704 kB
Buffers:           51044 kB
Cached:           786516 kB
MemTotal:        1844596 kB
MemFree:          778032 kB
MemAvailable:    1507440 kB
Buffers:           51044 kB
Cached:           786516 kB
MemTotal:        1844596 kB
MemFree:          777808 kB
MemAvailable:    1507092 kB
Buffers:           51044 kB
Cached:           786516 kB
MemTotal:        1844596 kB
MemFree:          777752 kB
MemAvailable:    1507160 kB
Buffers:           51044 kB
Cached:           786516 kB
MemTotal:        1844596 kB
MemFree:          777496 kB
MemAvailable:    1506904 kB
Buffers:           51044 kB
Cached:           786516 kB
MemTotal:        1844596 kB
MemFree:          776196 kB
MemAvailable:    1505604 kB
Buffers:           51044 kB
Cached:           786516 kB
MemTotal:        1844596 kB
MemFree:          777052 kB
MemAvailable:    1506464 kB
Buffers:           51044 kB
Cached:           786520 kB
MemTotal:        1844596 kB
MemFree:          775948 kB
MemAvailable:    1505360 kB
Buffers:           51044 kB
Cached:           786520 kB
MemTotal:        1844596 kB
MemFree:          776620 kB
MemAvailable:    1506032 kB
Buffers:           51044 kB
Cached:           786520 kB
MemTotal:        1844596 kB
MemFree:          775320 kB
MemAvailable:    1504736 kB
Buffers:           51044 kB
Cached:           786524 kB
MemTotal:        1844596 kB
MemFree:          774328 kB
MemAvailable:    1503744 kB
Buffers:           51044 kB
Cached:           786524 kB
MemTotal:        1844596 kB
MemFree:          774700 kB
MemAvailable:    1504116 kB
Buffers:           51044 kB
Cached:           786524 kB
MemTotal:        1844596 kB
MemFree:          774816 kB
MemAvailable:    1504232 kB
Buffers:           51044 kB
Cached:           786524 kB
MemTotal:        1844596 kB
MemFree:          774584 kB
MemAvailable:    1503876 kB
Buffers:           51044 kB
Cached:           786524 kB
MemTotal:        1844596 kB
MemFree:          774820 kB
MemAvailable:    1504236 kB
Buffers:           51044 kB
Cached:           786524 kB
MemTotal:        1844596 kB
MemFree:          773656 kB
MemAvailable:    1503072 kB
Buffers:           51044 kB
Cached:           786524 kB
MemTotal:        1844596 kB
MemFree:          774744 kB
MemAvailable:    1504160 kB
Buffers:           51044 kB
Cached:           786524 kB
MemTotal:        1844596 kB
MemFree:          774504 kB
MemAvailable:    1503920 kB
Buffers:           51044 kB
Cached:           786524 kB
MemTotal:        1844596 kB
MemFree:          774504 kB
MemAvailable:    1503920 kB
Buffers:           51044 kB
Cached:           786524 kB
MemTotal:        1844596 kB
MemFree:          774464 kB
MemAvailable:    1503880 kB
Buffers:           51044 kB
Cached:           786524 kB
MemTotal:        1844596 kB
MemFree:          774760 kB
MemAvailable:    1504176 kB
Buffers:           51044 kB
Cached:           786524 kB
MemTotal:        1844596 kB
MemFree:          773716 kB
MemAvailable:    1503132 kB
Buffers:           51044 kB
Cached:           786524 kB
MemTotal:        1844596 kB
MemFree:          774884 kB
MemAvailable:    1504300 kB
Buffers:           51044 kB
Cached:           786524 kB
MemTotal:        1844596 kB
MemFree:          774212 kB
MemAvailable:    1503504 kB
Buffers:           51044 kB
Cached:           786524 kB
MemTotal:        1844596 kB
MemFree:          774308 kB
MemAvailable:    1503724 kB
Buffers:           51044 kB
Cached:           786524 kB
MemTotal:        1844596 kB
MemFree:          773716 kB
MemAvailable:    1503132 kB
Buffers:           51044 kB
Cached:           786524 kB
MemTotal:        1844596 kB
MemFree:          772964 kB
MemAvailable:    1502380 kB
Buffers:           51044 kB
Cached:           786524 kB
MemTotal:        1844596 kB
MemFree:          773096 kB
MemAvailable:    1502512 kB
Buffers:           51044 kB
Cached:           786524 kB
MemTotal:        1844596 kB
MemFree:          770988 kB
MemAvailable:    1500404 kB
Buffers:           51044 kB
Cached:           786524 kB
MemTotal:        1844596 kB
MemFree:          768004 kB
MemAvailable:    1497420 kB
Buffers:           51044 kB
Cached:           786524 kB
MemTotal:        1844596 kB
MemFree:          768988 kB
MemAvailable:    1498404 kB
Buffers:           51044 kB
Cached:           786524 kB
MemTotal:        1844596 kB
MemFree:          768988 kB
MemAvailable:    1498404 kB
Buffers:           51044 kB
Cached:           786524 kB
MemTotal:        1844596 kB
MemFree:          768992 kB
MemAvailable:    1498408 kB
Buffers:           51044 kB
Cached:           786524 kB
MemTotal:        1844596 kB
MemFree:          768796 kB
MemAvailable:    1498212 kB
Buffers:           51044 kB
Cached:           786524 kB
MemTotal:        1844596 kB
MemFree:          767452 kB
MemAvailable:    1496868 kB
Buffers:           51044 kB
Cached:           786524 kB
MemTotal:        1844596 kB
MemFree:          767700 kB
MemAvailable:    1497116 kB
Buffers:           51044 kB
Cached:           786524 kB
MemTotal:        1844596 kB
MemFree:          768676 kB
MemAvailable:    1498092 kB
Buffers:           51044 kB
Cached:           786524 kB
MemTotal:        1844596 kB
MemFree:          769012 kB
MemAvailable:    1498428 kB
Buffers:           51044 kB
Cached:           786524 kB
MemTotal:        1844596 kB
MemFree:          768552 kB
MemAvailable:    1497968 kB
Buffers:           51044 kB
Cached:           786524 kB
MemTotal:        1844596 kB
MemFree:          768640 kB
MemAvailable:    1498056 kB
Buffers:           51044 kB
Cached:           786524 kB
MemTotal:        1844596 kB
MemFree:          766524 kB
MemAvailable:    1495940 kB
Buffers:           51044 kB
Cached:           786524 kB
MemTotal:        1844596 kB
MemFree:          765780 kB
MemAvailable:    1495196 kB
Buffers:           51044 kB
Cached:           786524 kB
MemTotal:        1844596 kB
MemFree:          765840 kB
MemAvailable:    1495256 kB
Buffers:           51044 kB
Cached:           786524 kB
MemTotal:        1844596 kB
MemFree:          765708 kB
MemAvailable:    1495124 kB
Buffers:           51044 kB
Cached:           786524 kB
MemTotal:        1844596 kB
MemFree:          765516 kB
MemAvailable:    1494932 kB
Buffers:           51044 kB
Cached:           786524 kB
MemTotal:        1844596 kB
MemFree:          764532 kB
MemAvailable:    1493948 kB
Buffers:           51044 kB
Cached:           786524 kB
MemTotal:        1844596 kB
MemFree:          765324 kB
MemAvailable:    1494740 kB
Buffers:           51044 kB
Cached:           786524 kB
MemTotal:        1844596 kB
MemFree:          764664 kB
MemAvailable:    1494080 kB
Buffers:           51044 kB
Cached:           786524 kB
MemTotal:        1844596 kB
MemFree:          765324 kB
MemAvailable:    1494740 kB
Buffers:           51044 kB
Cached:           786524 kB
MemTotal:        1844596 kB
MemFree:          766196 kB
MemAvailable:    1495612 kB
Buffers:           51044 kB
Cached:           786524 kB
MemTotal:        1844596 kB
MemFree:          767352 kB
MemAvailable:    1496852 kB
Buffers:           51044 kB
Cached:           786648 kB
MemTotal:        1844596 kB
MemFree:          766956 kB
MemAvailable:    1496540 kB
Buffers:           51044 kB
Cached:           786772 kB
MemTotal:        1844596 kB
MemFree:          767212 kB
MemAvailable:    1496796 kB
Buffers:           51044 kB
Cached:           786772 kB
MemTotal:        1844596 kB
MemFree:          766824 kB
MemAvailable:    1496576 kB
Buffers:           51044 kB
Cached:           787020 kB
MemTotal:        1844596 kB
MemFree:          767160 kB
MemAvailable:    1496912 kB
Buffers:           51044 kB
Cached:           787020 kB
MemTotal:        1844596 kB
MemFree:          766832 kB
MemAvailable:    1496752 kB
Buffers:           51044 kB
Cached:           787144 kB
MemTotal:        1844596 kB
MemFree:          766636 kB
MemAvailable:    1496556 kB
Buffers:           51044 kB
Cached:           787144 kB
MemTotal:        1844596 kB
MemFree:          766472 kB
MemAvailable:    1496476 kB
Buffers:           51044 kB
Cached:           787144 kB
MemTotal:        1844596 kB
MemFree:          766808 kB
MemAvailable:    1496812 kB
Buffers:           51044 kB
Cached:           787144 kB
MemTotal:        1844596 kB
MemFree:          766600 kB
MemAvailable:    1496604 kB
Buffers:           51044 kB
Cached:           787144 kB
MemTotal:        1844596 kB
MemFree:          766600 kB
MemAvailable:    1496604 kB
Buffers:           51044 kB
Cached:           787144 kB
MemTotal:        1844596 kB
MemFree:          766468 kB
MemAvailable:    1496472 kB
Buffers:           51044 kB
Cached:           787144 kB
MemTotal:        1844596 kB
MemFree:          766804 kB
MemAvailable:    1496808 kB
Buffers:           51044 kB
Cached:           787144 kB
MemTotal:        1844596 kB
MemFree:          765396 kB
MemAvailable:    1495400 kB
Buffers:           51044 kB
Cached:           787144 kB
MemTotal:        1844596 kB
MemFree:          765772 kB
MemAvailable:    1495272 kB
Buffers:           51044 kB
Cached:           786512 kB
MemTotal:        1844596 kB
MemFree:          805876 kB
MemAvailable:    1535376 kB
Buffers:           51044 kB
Cached:           786512 kB
MemTotal:        1844596 kB
MemFree:          833864 kB
MemAvailable:    1563364 kB
Buffers:           51044 kB
Cached:           786512 kB
