MemTotal:        1844596 kB
MemFree:          661724 kB
MemAvailable:    1525712 kB
Buffers:           64772 kB
Cached:           896308 kB
MemTotal:        1844596 kB
MemFree:          662396 kB
MemAvailable:    1526384 kB
Buffers:           64772 kB
Cached:           896308 kB
MemTotal:        1844596 kB
MemFree:          659112 kB
MemAvailable:    1523100 kB
Buffers:           64772 kB
Cached:           896308 kB
MemTotal:        1844596 kB
MemFree:          658856 kB
MemAvailable:    1522844 kB
Buffers:           64772 kB
Cached:           896308 kB
MemTotal:        1844596 kB
MemFree:          658748 kB
MemAvailable:    1522736 kB
Buffers:           64772 kB
Cached:           896308 kB
MemTotal:        1844596 kB
MemFree:          658692 kB
MemAvailable:    1522680 kB
Buffers:           64772 kB
Cached:           896308 kB
MemTotal:        1844596 kB
MemFree:          656136 kB
MemAvailable:    1520124 kB
Buffers:           64772 kB
Cached:           896308 kB
MemTotal:        1844596 kB
MemFree:          653904 kB
MemAvailable:    1517892 kB
Buffers:           64772 kB
Cached:           896308 kB
MemTotal:        1844596 kB
MemFree:          652112 kB
MemAvailable:    1516100 kB
Buffers:           64772 kB
Cached:           896308 kB
MemTotal:        1844596 kB
MemFree:          648084 kB
MemAvailable:    1512072 kB
Buffers:           64772 kB
Cached:           896308 kB
MemTotal:        1844596 kB
MemFree:          647508 kB
MemAvailable:    1511496 kB
Buffers:           64772 kB
Cached:           896308 kB
MemTotal:        1844596 kB
MemFree:          648916 kB
MemAvailable:    1512904 kB
Buffers:           64772 kB
Cached:           896308 kB
MemTotal:        1844596 kB
MemFree:          648916 kB
MemAvailable:    1512904 kB
Buffers:           64772 kB
Cached:           896308 kB
MemTotal:        1844596 kB
MemFree:          648956 kB
MemAvailable:    1512944 kB
Buffers:           64772 kB
Cached:           896308 kB
MemTotal:        1844596 kB
MemFree:          648640 kB
MemAvailable:    1512628 kB
Buffers:           64772 kB
Cached:           896308 kB
MemTotal:        1844596 kB
MemFree:          648892 kB
MemAvailable:    1512880 kB
Buffers:           64772 kB
Cached:           896308 kB
MemTotal:        1844596 kB
MemFree:          646960 kB
MemAvailable:    1510948 kB
Buffers:           64772 kB
Cached:           896308 kB
MemTotal:        1844596 kB
MemFree:          646704 kB
MemAvailable:    1510692 kB
Buffers:           64772 kB
Cached:           896308 kB
MemTotal:        1844596 kB
MemFree:          646704 kB
MemAvailable:    1510692 kB
Buffers:           64772 kB
Cached:           896308 kB
MemTotal:        1844596 kB
MemFree:          646600 kB
MemAvailable:    1510588 kB
Buffers:           64772 kB
Cached:           896308 kB
MemTotal:        1844596 kB
MemFree:          646312 kB
MemAvailable:    1510300 kB
Buffers:           64772 kB
Cached:           896308 kB
MemTotal:        1844596 kB
MemFree:          646648 kB
MemAvailable:    1510636 kB
Buffers:           64772 kB
Cached:           896308 kB
MemTotal:        1844596 kB
MemFree:          646404 kB
MemAvailable:    1510392 kB
Buffers:           64772 kB
Cached:           896308 kB
MemTotal:        1844596 kB
MemFree:          645284 kB
MemAvailable:    1509272 kB
Buffers:           64772 kB
Cached:           896308 kB
MemTotal:        1844596 kB
MemFree:          646496 kB
MemAvailable:    1510484 kB
Buffers:           64772 kB
Cached:           896308 kB
MemTotal:        1844596 kB
MemFree:          646416 kB
MemAvailable:    1510404 kB
Buffers:           64772 kB
Cached:           896308 kB
MemTotal:        1844596 kB
MemFree:          646668 kB
MemAvailable:    1510656 kB
Buffers:           64772 kB
Cached:           896308 kB
MemTotal:        1844596 kB
MemFree:          647676 kB
MemAvailable:    1511664 kB
Buffers:           64772 kB
Cached:           896308 kB
MemTotal:        1844596 kB
MemFree:          646224 kB
MemAvailable:    1510212 kB
Buffers:           64772 kB
Cached:           896308 kB
MemTotal:        1844596 kB
MemFree:          644728 kB
MemAvailable:    1508716 kB
Buffers:           64772 kB
Cached:           896308 kB
MemTotal:        1844596 kB
MemFree:          644728 kB
MemAvailable:    1508716 kB
Buffers:           64772 kB
Cached:           896308 kB
MemTotal:        1844596 kB
MemFree:          644044 kB
MemAvailable:    1508032 kB
Buffers:           64772 kB
Cached:           896308 kB
MemTotal:        1844596 kB
MemFree:          643556 kB
MemAvailable:    1507544 kB
Buffers:           64772 kB
Cached:           896308 kB
MemTotal:        1844596 kB
MemFree:          643108 kB
MemAvailable:    1507096 kB
Buffers:           64772 kB
Cached:           896308 kB
MemTotal:        1844596 kB
MemFree:          643320 kB
MemAvailable:    1507308 kB
Buffers:           64772 kB
Cached:           896308 kB
MemTotal:        1844596 kB
MemFree:          641388 kB
MemAvailable:    1505376 kB
Buffers:           64772 kB
Cached:           896308 kB
MemTotal:        1844596 kB
MemFree:          642308 kB
MemAvailable:    1506296 kB
Buffers:           64772 kB
Cached:           896308 kB
MemTotal:        1844596 kB
MemFree:          641252 kB
MemAvailable:    1505240 kB
Buffers:           64772 kB
Cached:           896308 kB
MemTotal:        1844596 kB
MemFree:          642356 kB
MemAvailable:    1506344 kB
Buffers:           64772 kB
Cached:           896308 kB
MemTotal:        1844596 kB
MemFree:          642356 kB
MemAvailable:    1506344 kB
Buffers:           64772 kB
Cached:           896308 kB
MemTotal:        1844596 kB
MemFree:          640960 kB
MemAvailable:    1504948 kB
Buffers:           64772 kB
Cached:           896308 kB
MemTotal:        1844596 kB
MemFree:          642248 kB
MemAvailable:    1506236 kB
Buffers:           64772 kB
Cached:           896308 kB
MemTotal:        1844596 kB
MemFree:          640876 kB
MemAvailable:    1504864 kB
Buffers:           64772 kB
Cached:           896308 kB
MemTotal:        1844596 kB
MemFree:          641696 kB
MemAvailable:    1505684 kB
Buffers:           64772 kB
Cached:           896308 kB
MemTotal:        1844596 kB
MemFree:          640092 kB
MemAvailable:    1504080 kB
Buffers:           64772 kB
Cached:           896308 kB
MemTotal:        1844596 kB
MemFree:          641368 kB
MemAvailable:    1505356 kB
Buffers:           64772 kB
Cached:           896308 kB
MemTotal:        1844596 kB
MemFree:          641368 kB
MemAvailable:    1505356 kB
Buffers:           64772 kB
Cached:           896308 kB
MemTotal:        1844596 kB
MemFree:          641116 kB
MemAvailable:    1505104 kB
Buffers:           64772 kB
Cached:           896308 kB
MemTotal:        1844596 kB
MemFree:          640472 kB
MemAvailable:    1504460 kB
Buffers:           64772 kB
Cached:           896308 kB
MemTotal:        1844596 kB
MemFree:          641552 kB
MemAvailable:    1505540 kB
Buffers:           64772 kB
Cached:           896308 kB
MemTotal:        1844596 kB
MemFree:          641580 kB
MemAvailable:    1505568 kB
Buffers:           64772 kB
Cached:           896308 kB
MemTotal:        1844596 kB
MemFree:          641432 kB
MemAvailable:    1505420 kB
Buffers:           64772 kB
Cached:           896308 kB
MemTotal:        1844596 kB
MemFree:          641152 kB
MemAvailable:    1505148 kB
Buffers:           64772 kB
Cached:           896316 kB
MemTotal:        1844596 kB
MemFree:          639976 kB
MemAvailable:    1503972 kB
Buffers:           64772 kB
Cached:           896316 kB
MemTotal:        1844596 kB
MemFree:          641340 kB
MemAvailable:    1505336 kB
Buffers:           64772 kB
Cached:           896316 kB
MemTotal:        1844596 kB
MemFree:          639900 kB
MemAvailable:    1503896 kB
Buffers:           64772 kB
Cached:           896316 kB
MemTotal:        1844596 kB
MemFree:          639644 kB
MemAvailable:    1503640 kB
Buffers:           64772 kB
Cached:           896316 kB
MemTotal:        1844596 kB
MemFree:          640952 kB
MemAvailable:    1504948 kB
Buffers:           64772 kB
Cached:           896316 kB
MemTotal:        1844596 kB
MemFree:          639520 kB
MemAvailable:    1503516 kB
Buffers:           64772 kB
Cached:           896316 kB
MemTotal:        1844596 kB
MemFree:          640504 kB
MemAvailable:    1504500 kB
Buffers:           64772 kB
Cached:           896316 kB
MemTotal:        1844596 kB
MemFree:          640456 kB
MemAvailable:    1504452 kB
Buffers:           64772 kB
Cached:           896316 kB
MemTotal:        1844596 kB
MemFree:          639520 kB
MemAvailable:    1503516 kB
Buffers:           64772 kB
Cached:           896316 kB
MemTotal:        1844596 kB
MemFree:          638968 kB
MemAvailable:    1502964 kB
Buffers:           64772 kB
Cached:           896316 kB
MemTotal:        1844596 kB
MemFree:          640436 kB
MemAvailable:    1504432 kB
Buffers:           64772 kB
Cached:           896316 kB
MemTotal:        1844596 kB
MemFree:          639652 kB
MemAvailable:    1503648 kB
Buffers:           64772 kB
Cached:           896316 kB
MemTotal:        1844596 kB
MemFree:          639264 kB
MemAvailable:    1503264 kB
Buffers:           64772 kB
Cached:           896320 kB
MemTotal:        1844596 kB
MemFree:          639652 kB
MemAvailable:    1503652 kB
Buffers:           64772 kB
Cached:           896320 kB
MemTotal:        1844596 kB
MemFree:          638976 kB
MemAvailable:    1502976 kB
Buffers:           64772 kB
Cached:           896320 kB
MemTotal:        1844596 kB
MemFree:          638040 kB
MemAvailable:    1502040 kB
Buffers:           64772 kB
Cached:           896320 kB
MemTotal:        1844596 kB
MemFree:          635808 kB
MemAvailable:    1499808 kB
Buffers:           64772 kB
Cached:           896320 kB
MemTotal:        1844596 kB
MemFree:          633016 kB
MemAvailable:    1497016 kB
Buffers:           64772 kB
Cached:           896320 kB
MemTotal:        1844596 kB
MemFree:          632760 kB
MemAvailable:    1496760 kB
Buffers:           64772 kB
Cached:           896320 kB
MemTotal:        1844596 kB
MemFree:          631592 kB
MemAvailable:    1495592 kB
Buffers:           64772 kB
Cached:           896320 kB
MemTotal:        1844596 kB
MemFree:          632612 kB
MemAvailable:    1496612 kB
Buffers:           64772 kB
Cached:           896320 kB
MemTotal:        1844596 kB
MemFree:          632384 kB
MemAvailable:    1496384 kB
Buffers:           64772 kB
Cached:           896320 kB
MemTotal:        1844596 kB
MemFree:          632460 kB
MemAvailable:    1496460 kB
Buffers:           64772 kB
Cached:           896320 kB
MemTotal:        1844596 kB
MemFree:          632392 kB
MemAvailable:    1496392 kB
Buffers:           64772 kB
Cached:           896320 kB
MemTotal:        1844596 kB
MemFree:          632460 kB
MemAvailable:    1496460 kB
Buffers:           64772 kB
Cached:           896320 kB
MemTotal:        1844596 kB
MemFree:          631032 kB
MemAvailable:    1495032 kB
Buffers:           64772 kB
Cached:           896320 kB
MemTotal:        1844596 kB
MemFree:          632440 kB
MemAvailable:    1496440 kB
Buffers:           64772 kB
Cached:           896320 kB
MemTotal:        1844596 kB
MemFree:          632692 kB
MemAvailable:    1496692 kB
Buffers:           64772 kB
Cached:           896320 kB
MemTotal:        1844596 kB
MemFree:          632580 kB
MemAvailable:    1496580 kB
Buffers:           64772 kB
Cached:           896320 kB
MemTotal:        1844596 kB
MemFree:          631208 kB
MemAvailable:    1495208 kB
Buffers:           64772 kB
Cached:           896320 kB
MemTotal:        1844596 kB
MemFree:          632308 kB
MemAvailable:    1496308 kB
Buffers:           64772 kB
Cached:           896320 kB
MemTotal:        1844596 kB
MemFree:          632560 kB
MemAvailable:    1496560 kB
Buffers:           64772 kB
Cached:           896320 kB
MemTotal:        1844596 kB
MemFree:          632244 kB
MemAvailable:    1496244 kB
Buffers:           64772 kB
Cached:           896320 kB
MemTotal:        1844596 kB
MemFree:          632140 kB
MemAvailable:    1496140 kB
Buffers:           64772 kB
Cached:           896320 kB
MemTotal:        1844596 kB
MemFree:          630600 kB
MemAvailable:    1494600 kB
Buffers:           64772 kB
Cached:           896320 kB
MemTotal:        1844596 kB
MemFree:          631528 kB
MemAvailable:    1495404 kB
Buffers:           64772 kB
Cached:           896320 kB
MemTotal:        1844596 kB
MemFree:          630900 kB
MemAvailable:    1494900 kB
Buffers:           64772 kB
Cached:           896320 kB
MemTotal:        1844596 kB
MemFree:          630708 kB
MemAvailable:    1494708 kB
Buffers:           64772 kB
Cached:           896320 kB
MemTotal:        1844596 kB
MemFree:          630792 kB
MemAvailable:    1494792 kB
Buffers:           64772 kB
Cached:           896320 kB
MemTotal:        1844596 kB
MemFree:          630596 kB
MemAvailable:    1494596 kB
Buffers:           64772 kB
Cached:           896320 kB
MemTotal:        1844596 kB
MemFree:          628616 kB
MemAvailable:    1492616 kB
Buffers:           64772 kB
Cached:           896320 kB
MemTotal:        1844596 kB
MemFree:          629468 kB
MemAvailable:    1493468 kB
Buffers:           64772 kB
Cached:           896320 kB
MemTotal:        1844596 kB
MemFree:          629468 kB
MemAvailable:    1493468 kB
Buffers:           64772 kB
Cached:           896320 kB
MemTotal:        1844596 kB
MemFree:          629164 kB
MemAvailable:    1493164 kB
Buffers:           64772 kB
Cached:           896320 kB
MemTotal:        1844596 kB
MemFree:          627988 kB
MemAvailable:    1491988 kB
Buffers:           64772 kB
Cached:           896320 kB
MemTotal:        1844596 kB
MemFree:          628724 kB
MemAvailable:    1492724 kB
Buffers:           64772 kB
Cached:           896320 kB
MemTotal:        1844596 kB
MemFree:          627500 kB
MemAvailable:    1491500 kB
Buffers:           64772 kB
Cached:           896320 kB
MemTotal:        1844596 kB
MemFree:          628800 kB
MemAvailable:    1492800 kB
Buffers:           64772 kB
Cached:           896320 kB
MemTotal:        1844596 kB
MemFree:          627368 kB
MemAvailable:    1491368 kB
Buffers:           64784 kB
Cached:           896308 kB
MemTotal:        1844596 kB
MemFree:          628472 kB
MemAvailable:    1492472 kB
Buffers:           64784 kB
Cached:           896308 kB
MemTotal:        1844596 kB
MemFree:          628556 kB
MemAvailable:    1492556 kB
Buffers:           64784 kB
Cached:           896308 kB
MemTotal:        1844596 kB
MemFree:          628512 kB
MemAvailable:    1492512 kB
Buffers:           64784 kB
Cached:           896308 kB
MemTotal:        1844596 kB
MemFree:          628288 kB
MemAvailable:    1492288 kB
Buffers:           64784 kB
Cached:           896308 kB
MemTotal:        1844596 kB
MemFree:          627976 kB
MemAvailable:    1491976 kB
Buffers:           64784 kB
Cached:           896308 kB
MemTotal:        1844596 kB
MemFree:          628104 kB
MemAvailable:    1492104 kB
Buffers:           64784 kB
Cached:           896308 kB
MemTotal:        1844596 kB
MemFree:          628104 kB
MemAvailable:    1492104 kB
Buffers:           64784 kB
Cached:           896308 kB
MemTotal:        1844596 kB
MemFree:          623160 kB
MemAvailable:    1487160 kB
Buffers:           64784 kB
Cached:           896308 kB
MemTotal:        1844596 kB
MemFree:          623088 kB
MemAvailable:    1487088 kB
Buffers:           64784 kB
Cached:           896308 kB
MemTotal:        1844596 kB
MemFree:          623088 kB
MemAvailable:    1487088 kB
Buffers:           64784 kB
Cached:           896308 kB
MemTotal:        1844596 kB
MemFree:          622756 kB
MemAvailable:    1486756 kB
Buffers:           64784 kB
Cached:           896308 kB
MemTotal:        1844596 kB
MemFree:          621740 kB
MemAvailable:    1485740 kB
Buffers:           64784 kB
Cached:           896308 kB
MemTotal:        1844596 kB
MemFree:          622748 kB
MemAvailable:    1486748 kB
Buffers:           64784 kB
Cached:           896308 kB
MemTotal:        1844596 kB
MemFree:          622748 kB
MemAvailable:    1486748 kB
Buffers:           64784 kB
Cached:           896308 kB
MemTotal:        1844596 kB
MemFree:          622592 kB
MemAvailable:    1486592 kB
Buffers:           64784 kB
Cached:           896308 kB
MemTotal:        1844596 kB
MemFree:          622528 kB
MemAvailable:    1486528 kB
Buffers:           64784 kB
Cached:           896308 kB
MemTotal:        1844596 kB
MemFree:          621232 kB
MemAvailable:    1485232 kB
Buffers:           64784 kB
Cached:           896308 kB
MemTotal:        1844596 kB
MemFree:          621232 kB
MemAvailable:    1485232 kB
Buffers:           64784 kB
Cached:           896308 kB
MemTotal:        1844596 kB
MemFree:          622464 kB
MemAvailable:    1486464 kB
Buffers:           64784 kB
Cached:           896308 kB
MemTotal:        1844596 kB
MemFree:          622464 kB
MemAvailable:    1486464 kB
Buffers:           64784 kB
Cached:           896308 kB
MemTotal:        1844596 kB
MemFree:          622336 kB
MemAvailable:    1486336 kB
Buffers:           64784 kB
Cached:           896308 kB
MemTotal:        1844596 kB
MemFree:          621608 kB
MemAvailable:    1485608 kB
Buffers:           64784 kB
Cached:           896308 kB
MemTotal:        1844596 kB
MemFree:          620368 kB
MemAvailable:    1484368 kB
Buffers:           64784 kB
Cached:           896308 kB
MemTotal:        1844596 kB
MemFree:          618696 kB
MemAvailable:    1482696 kB
Buffers:           64784 kB
Cached:           896308 kB
MemTotal:        1844596 kB
MemFree:          619320 kB
MemAvailable:    1483320 kB
Buffers:           64784 kB
Cached:           896308 kB
MemTotal:        1844596 kB
MemFree:          619288 kB
MemAvailable:    1483288 kB
Buffers:           64784 kB
Cached:           896308 kB
MemTotal:        1844596 kB
MemFree:          619540 kB
MemAvailable:    1483540 kB
Buffers:           64784 kB
Cached:           896308 kB
MemTotal:        1844596 kB
MemFree:          619400 kB
MemAvailable:    1483420 kB
Buffers:           64784 kB
Cached:           896328 kB
MemTotal:        1844596 kB
MemFree:          619500 kB
MemAvailable:    1483520 kB
Buffers:           64784 kB
Cached:           896328 kB
MemTotal:        1844596 kB
MemFree:          618696 kB
MemAvailable:    1482716 kB
Buffers:           64784 kB
Cached:           896328 kB
MemTotal:        1844596 kB
MemFree:          621264 kB
MemAvailable:    1485284 kB
Buffers:           64784 kB
Cached:           896328 kB
MemTotal:        1844596 kB
MemFree:          621160 kB
MemAvailable:    1485180 kB
Buffers:           64784 kB
Cached:           896328 kB
MemTotal:        1844596 kB
MemFree:          621304 kB
MemAvailable:    1485408 kB
Buffers:           64784 kB
Cached:           896452 kB
MemTotal:        1844596 kB
MemFree:          619872 kB
MemAvailable:    1484060 kB
Buffers:           64784 kB
Cached:           896576 kB
MemTotal:        1844596 kB
MemFree:          620972 kB
MemAvailable:    1485412 kB
Buffers:           64784 kB
Cached:           896700 kB
MemTotal:        1844596 kB
MemFree:          621308 kB
MemAvailable:    1485748 kB
Buffers:           64784 kB
Cached:           896700 kB
MemTotal:        1844596 kB
MemFree:          619608 kB
MemAvailable:    1484216 kB
Buffers:           64784 kB
Cached:           896948 kB
MemTotal:        1844596 kB
MemFree:          621052 kB
MemAvailable:    1485660 kB
Buffers:           64784 kB
Cached:           896948 kB
MemTotal:        1844596 kB
MemFree:          619292 kB
MemAvailable:    1483900 kB
Buffers:           64784 kB
Cached:           896948 kB
MemTotal:        1844596 kB
MemFree:          619688 kB
MemAvailable:    1484296 kB
Buffers:           64784 kB
Cached:           896948 kB
MemTotal:        1844596 kB
MemFree:          619688 kB
MemAvailable:    1484332 kB
Buffers:           64784 kB
Cached:           896980 kB
MemTotal:        1844596 kB
MemFree:          620624 kB
MemAvailable:    1485268 kB
Buffers:           64784 kB
Cached:           896980 kB
MemTotal:        1844596 kB
MemFree:          620876 kB
MemAvailable:    1485520 kB
Buffers:           64784 kB
Cached:           896980 kB
MemTotal:        1844596 kB
MemFree:          620660 kB
MemAvailable:    1485304 kB
Buffers:           64784 kB
Cached:           896980 kB
MemTotal:        1844596 kB
MemFree:          620660 kB
MemAvailable:    1485304 kB
Buffers:           64784 kB
Cached:           896980 kB
MemTotal:        1844596 kB
MemFree:          620408 kB
MemAvailable:    1485220 kB
Buffers:           64784 kB
Cached:           897104 kB
MemTotal:        1844596 kB
MemFree:          620492 kB
MemAvailable:    1485304 kB
Buffers:           64784 kB
Cached:           897104 kB
MemTotal:        1844596 kB
MemFree:          685952 kB
MemAvailable:    1550008 kB
Buffers:           64784 kB
Cached:           896348 kB
