MemTotal:        1844596 kB
MemFree:          679868 kB
MemAvailable:    1526532 kB
Buffers:           63076 kB
Cached:           882128 kB
MemTotal:        1844596 kB
MemFree:          679496 kB
MemAvailable:    1526160 kB
Buffers:           63076 kB
Cached:           882128 kB
MemTotal:        1844596 kB
MemFree:          678628 kB
MemAvailable:    1525292 kB
Buffers:           63076 kB
Cached:           882128 kB
MemTotal:        1844596 kB
MemFree:          677324 kB
MemAvailable:    1523988 kB
Buffers:           63076 kB
Cached:           882128 kB
MemTotal:        1844596 kB
MemFree:          677124 kB
MemAvailable:    1523788 kB
Buffers:           63076 kB
Cached:           882128 kB
MemTotal:        1844596 kB
MemFree:          677124 kB
MemAvailable:    1523788 kB
Buffers:           63076 kB
Cached:           882128 kB
MemTotal:        1844596 kB
MemFree:          674836 kB
MemAvailable:    1521500 kB
Buffers:           63076 kB
Cached:           882128 kB
MemTotal:        1844596 kB
MemFree:          673108 kB
MemAvailable:    1519772 kB
Buffers:           63076 kB
Cached:           882128 kB
MemTotal:        1844596 kB
MemFree:          670444 kB
MemAvailable:    1517108 kB
Buffers:           63076 kB
Cached:           882128 kB
MemTotal:        1844596 kB
MemFree:          666212 kB
MemAvailable:    1512876 kB
Buffers:           63076 kB
Cached:           882128 kB
MemTotal:        1844596 kB
MemFree:          666104 kB
MemAvailable:    1512768 kB
Buffers:           63076 kB
Cached:           882128 kB
MemTotal:        1844596 kB
MemFree:          667264 kB
MemAvailable:    1513928 kB
Buffers:           63076 kB
Cached:           882128 kB
MemTotal:        1844596 kB
MemFree:          666064 kB
MemAvailable:    1512728 kB
Buffers:           63076 kB
Cached:           882128 kB
MemTotal:        1844596 kB
MemFree:          667304 kB
MemAvailable:    1513968 kB
Buffers:           63076 kB
Cached:           882128 kB
MemTotal:        1844596 kB
MemFree:          667108 kB
MemAvailable:    1513772 kB
Buffers:           63076 kB
Cached:           882128 kB
MemTotal:        1844596 kB
MemFree:          667144 kB
MemAvailable:    1513808 kB
Buffers:           63076 kB
Cached:           882128 kB
MemTotal:        1844596 kB
MemFree:          666412 kB
MemAvailable:    1513076 kB
Buffers:           63076 kB
Cached:           882128 kB
MemTotal:        1844596 kB
MemFree:          664740 kB
MemAvailable:    1511404 kB
Buffers:           63076 kB
Cached:           882128 kB
MemTotal:        1844596 kB
MemFree:          665048 kB
MemAvailable:    1511712 kB
Buffers:           63076 kB
Cached:           882128 kB
MemTotal:        1844596 kB
MemFree:          664676 kB
MemAvailable:    1511340 kB
Buffers:           63076 kB
Cached:           882128 kB
MemTotal:        1844596 kB
MemFree:          664676 kB
MemAvailable:    1511340 kB
Buffers:           63076 kB
Cached:           882128 kB
MemTotal:        1844596 kB
MemFree:          664796 kB
MemAvailable:    1511460 kB
Buffers:           63076 kB
Cached:           882128 kB
MemTotal:        1844596 kB
MemFree:          664964 kB
MemAvailable:    1511628 kB
Buffers:           63076 kB
Cached:           882128 kB
MemTotal:        1844596 kB
MemFree:          664544 kB
MemAvailable:    1511208 kB
Buffers:           63076 kB
Cached:           882128 kB
MemTotal:        1844596 kB
MemFree:          664880 kB
MemAvailable:    1511544 kB
Buffers:           63076 kB
Cached:           882128 kB
MemTotal:        1844596 kB
MemFree:          664888 kB
MemAvailable:    1511552 kB
Buffers:           63076 kB
Cached:           882128 kB
MemTotal:        1844596 kB
MemFree:          664244 kB
MemAvailable:    1510908 kB
Buffers:           63076 kB
Cached:           882128 kB
MemTotal:        1844596 kB
MemFree:          666096 kB
MemAvailable:    1512764 kB
Buffers:           63076 kB
Cached:           882132 kB
MemTotal:        1844596 kB
MemFree:          666096 kB
MemAvailable:    1512764 kB
Buffers:           63076 kB
Cached:           882132 kB
MemTotal:        1844596 kB
MemFree:          665608 kB
MemAvailable:    1512276 kB
Buffers:           63076 kB
Cached:           882132 kB
MemTotal:        1844596 kB
MemFree:          663872 kB
MemAvailable:    1510544 kB
Buffers:           63076 kB
Cached:           882136 kB
MemTotal:        1844596 kB
MemFree:          662692 kB
MemAvailable:    1509364 kB
Buffers:           63076 kB
Cached:           882136 kB
MemTotal:        1844596 kB
MemFree:          661508 kB
MemAvailable:    1508180 kB
Buffers:           63076 kB
Cached:           882136 kB
MemTotal:        1844596 kB
MemFree:          661624 kB
MemAvailable:    1508296 kB
Buffers:           63076 kB
Cached:           882136 kB
MemTotal:        1844596 kB
MemFree:          661392 kB
MemAvailable:    1508064 kB
Buffers:           63076 kB
Cached:           882136 kB
MemTotal:        1844596 kB
MemFree:          660220 kB
MemAvailable:    1506892 kB
Buffers:           63076 kB
Cached:           882136 kB
MemTotal:        1844596 kB
MemFree:          660956 kB
MemAvailable:    1507628 kB
Buffers:           63076 kB
Cached:           882136 kB
MemTotal:        1844596 kB
MemFree:          660848 kB
MemAvailable:    1507520 kB
Buffers:           63076 kB
Cached:           882136 kB
MemTotal:        1844596 kB
MemFree:          659772 kB
MemAvailable:    1506444 kB
Buffers:           63076 kB
Cached:           882136 kB
MemTotal:        1844596 kB
MemFree:          660496 kB
MemAvailable:    1507168 kB
Buffers:           63076 kB
Cached:           882136 kB
MemTotal:        1844596 kB
MemFree:          660752 kB
MemAvailable:    1507424 kB
Buffers:           63076 kB
Cached:           882136 kB
MemTotal:        1844596 kB
MemFree:          660580 kB
MemAvailable:    1507252 kB
Buffers:           63076 kB
Cached:           882136 kB
MemTotal:        1844596 kB
MemFree:          659084 kB
MemAvailable:    1505756 kB
Buffers:           63076 kB
Cached:           882136 kB
MemTotal:        1844596 kB
MemFree:          660524 kB
MemAvailable:    1507196 kB
Buffers:           63076 kB
Cached:           882136 kB
MemTotal:        1844596 kB
MemFree:          660112 kB
MemAvailable:    1506784 kB
Buffers:           63076 kB
Cached:           882136 kB
MemTotal:        1844596 kB
MemFree:          659648 kB
MemAvailable:    1506320 kB
Buffers:           63076 kB
Cached:           882136 kB
MemTotal:        1844596 kB
MemFree:          658224 kB
MemAvailable:    1504896 kB
Buffers:           63076 kB
Cached:           882136 kB
MemTotal:        1844596 kB
MemFree:          659840 kB
MemAvailable:    1506512 kB
Buffers:           63076 kB
Cached:           882136 kB
MemTotal:        1844596 kB
MemFree:          658352 kB
MemAvailable:    1505024 kB
Buffers:           63076 kB
Cached:           882136 kB
MemTotal:        1844596 kB
MemFree:          658344 kB
MemAvailable:    1505016 kB
Buffers:           63076 kB
Cached:           882136 kB
MemTotal:        1844596 kB
MemFree:          658344 kB
MemAvailable:    1505016 kB
Buffers:           63076 kB
Cached:           882136 kB
MemTotal:        1844596 kB
MemFree:          658468 kB
MemAvailable:    1505140 kB
Buffers:           63076 kB
Cached:           882136 kB
MemTotal:        1844596 kB
MemFree:          659488 kB
MemAvailable:    1506160 kB
Buffers:           63076 kB
Cached:           882136 kB
MemTotal:        1844596 kB
MemFree:          659740 kB
MemAvailable:    1506412 kB
Buffers:           63076 kB
Cached:           882136 kB
MemTotal:        1844596 kB
MemFree:          659644 kB
MemAvailable:    1506316 kB
Buffers:           63076 kB
Cached:           882136 kB
MemTotal:        1844596 kB
MemFree:          659572 kB
MemAvailable:    1506244 kB
Buffers:           63076 kB
Cached:           882136 kB
MemTotal:        1844596 kB
MemFree:          659116 kB
MemAvailable:    1505788 kB
Buffers:           63076 kB
Cached:           882136 kB
MemTotal:        1844596 kB
MemFree:          659200 kB
MemAvailable:    1505872 kB
Buffers:           63076 kB
Cached:           882136 kB
MemTotal:        1844596 kB
MemFree:          658856 kB
MemAvailable:    1505528 kB
Buffers:           63076 kB
Cached:           882136 kB
MemTotal:        1844596 kB
MemFree:          658664 kB
MemAvailable:    1505336 kB
Buffers:           63076 kB
Cached:           882136 kB
MemTotal:        1844596 kB
MemFree:          658960 kB
MemAvailable:    1505632 kB
Buffers:           63076 kB
Cached:           882136 kB
MemTotal:        1844596 kB
MemFree:          658768 kB
MemAvailable:    1505440 kB
Buffers:           63076 kB
Cached:           882136 kB
MemTotal:        1844596 kB
MemFree:          657528 kB
MemAvailable:    1504200 kB
Buffers:           63076 kB
Cached:           882136 kB
MemTotal:        1844596 kB
MemFree:          657644 kB
MemAvailable:    1504316 kB
Buffers:           63076 kB
Cached:           882136 kB
MemTotal:        1844596 kB
MemFree:          657396 kB
MemAvailable:    1504068 kB
Buffers:           63076 kB
Cached:           882136 kB
MemTotal:        1844596 kB
MemFree:          658588 kB
MemAvailable:    1505260 kB
Buffers:           63076 kB
Cached:           882136 kB
MemTotal:        1844596 kB
MemFree:          658840 kB
MemAvailable:    1505512 kB
Buffers:           63076 kB
Cached:           882136 kB
MemTotal:        1844596 kB
MemFree:          657368 kB
MemAvailable:    1504040 kB
Buffers:           63076 kB
Cached:           882136 kB
MemTotal:        1844596 kB
MemFree:          658476 kB
MemAvailable:    1505148 kB
Buffers:           63076 kB
Cached:           882136 kB
MemTotal:        1844596 kB
MemFree:          658812 kB
MemAvailable:    1505484 kB
Buffers:           63076 kB
Cached:           882136 kB
MemTotal:        1844596 kB
MemFree:          655804 kB
MemAvailable:    1502476 kB
Buffers:           63076 kB
Cached:           882136 kB
MemTotal:        1844596 kB
MemFree:          655060 kB
MemAvailable:    1501732 kB
Buffers:           63076 kB
Cached:           882136 kB
MemTotal:        1844596 kB
MemFree:          651464 kB
MemAvailable:    1498136 kB
Buffers:           63076 kB
Cached:           882136 kB
MemTotal:        1844596 kB
MemFree:          651084 kB
MemAvailable:    1497756 kB
Buffers:           63076 kB
Cached:           882136 kB
MemTotal:        1844596 kB
MemFree:          651084 kB
MemAvailable:    1497756 kB
Buffers:           63076 kB
Cached:           882136 kB
MemTotal:        1844596 kB
MemFree:          650788 kB
MemAvailable:    1497460 kB
Buffers:           63076 kB
Cached:           882136 kB
MemTotal:        1844596 kB
MemFree:          650364 kB
MemAvailable:    1497036 kB
Buffers:           63076 kB
Cached:           882136 kB
MemTotal:        1844596 kB
MemFree:          650680 kB
MemAvailable:    1497352 kB
Buffers:           63076 kB
Cached:           882136 kB
MemTotal:        1844596 kB
MemFree:          650668 kB
MemAvailable:    1497340 kB
Buffers:           63076 kB
Cached:           882136 kB
MemTotal:        1844596 kB
MemFree:          650920 kB
MemAvailable:    1497592 kB
Buffers:           63076 kB
Cached:           882136 kB
MemTotal:        1844596 kB
MemFree:          650540 kB
MemAvailable:    1497212 kB
Buffers:           63076 kB
Cached:           882136 kB
MemTotal:        1844596 kB
MemFree:          650876 kB
MemAvailable:    1497548 kB
Buffers:           63076 kB
Cached:           882136 kB
MemTotal:        1844596 kB
MemFree:          650668 kB
MemAvailable:    1497340 kB
Buffers:           63076 kB
Cached:           882136 kB
MemTotal:        1844596 kB
MemFree:          650668 kB
MemAvailable:    1497340 kB
Buffers:           63076 kB
Cached:           882136 kB
MemTotal:        1844596 kB
MemFree:          649432 kB
MemAvailable:    1496104 kB
Buffers:           63076 kB
Cached:           882136 kB
MemTotal:        1844596 kB
MemFree:          649984 kB
MemAvailable:    1496656 kB
Buffers:           63076 kB
Cached:           882136 kB
MemTotal:        1844596 kB
MemFree:          649860 kB
MemAvailable:    1496536 kB
Buffers:           63076 kB
Cached:           882140 kB
MemTotal:        1844596 kB
MemFree:          651092 kB
MemAvailable:    1497768 kB
Buffers:           63076 kB
Cached:           882140 kB
MemTotal:        1844596 kB
MemFree:          650780 kB
MemAvailable:    1497456 kB
Buffers:           63076 kB
Cached:           882140 kB
MemTotal:        1844596 kB
MemFree:          649364 kB
MemAvailable:    1496040 kB
Buffers:           63076 kB
Cached:           882140 kB
MemTotal:        1844596 kB
MemFree:          649928 kB
MemAvailable:    1496604 kB
Buffers:           63076 kB
Cached:           882140 kB
MemTotal:        1844596 kB
MemFree:          648812 kB
MemAvailable:    1495488 kB
Buffers:           63076 kB
Cached:           882140 kB
MemTotal:        1844596 kB
MemFree:          649424 kB
MemAvailable:    1496100 kB
Buffers:           63076 kB
Cached:           882140 kB
MemTotal:        1844596 kB
MemFree:          648372 kB
MemAvailable:    1495048 kB
Buffers:           63076 kB
Cached:           882140 kB
MemTotal:        1844596 kB
MemFree:          648936 kB
MemAvailable:    1495612 kB
Buffers:           63076 kB
Cached:           882140 kB
MemTotal:        1844596 kB
MemFree:          648116 kB
MemAvailable:    1494792 kB
Buffers:           63076 kB
Cached:           882140 kB
MemTotal:        1844596 kB
MemFree:          648372 kB
MemAvailable:    1495048 kB
Buffers:           63076 kB
Cached:           882140 kB
MemTotal:        1844596 kB
MemFree:          646868 kB
MemAvailable:    1493544 kB
Buffers:           63076 kB
Cached:           882140 kB
MemTotal:        1844596 kB
MemFree:          647484 kB
MemAvailable:    1494160 kB
Buffers:           63076 kB
Cached:           882140 kB
MemTotal:        1844596 kB
MemFree:          646264 kB
MemAvailable:    1492940 kB
Buffers:           63076 kB
Cached:           882140 kB
MemTotal:        1844596 kB
MemFree:          645828 kB
MemAvailable:    1492504 kB
Buffers:           63076 kB
Cached:           882140 kB
MemTotal:        1844596 kB
MemFree:          646944 kB
MemAvailable:    1493620 kB
Buffers:           63076 kB
Cached:           882140 kB
MemTotal:        1844596 kB
MemFree:          646944 kB
MemAvailable:    1493620 kB
Buffers:           63076 kB
Cached:           882140 kB
MemTotal:        1844596 kB
MemFree:          646996 kB
MemAvailable:    1493672 kB
Buffers:           63076 kB
Cached:           882140 kB
MemTotal:        1844596 kB
MemFree:          645444 kB
MemAvailable:    1492120 kB
Buffers:           63076 kB
Cached:           882140 kB
MemTotal:        1844596 kB
MemFree:          647080 kB
MemAvailable:    1493756 kB
Buffers:           63076 kB
Cached:           882140 kB
MemTotal:        1844596 kB
MemFree:          645604 kB
MemAvailable:    1492284 kB
Buffers:           63076 kB
Cached:           882144 kB
MemTotal:        1844596 kB
MemFree:          646836 kB
MemAvailable:    1493516 kB
Buffers:           63076 kB
Cached:           882144 kB
MemTotal:        1844596 kB
MemFree:          646704 kB
MemAvailable:    1493384 kB
Buffers:           63076 kB
Cached:           882144 kB
MemTotal:        1844596 kB
MemFree:          646760 kB
MemAvailable:    1493440 kB
Buffers:           63076 kB
Cached:           882144 kB
MemTotal:        1844596 kB
MemFree:          646512 kB
MemAvailable:    1493192 kB
Buffers:           63076 kB
Cached:           882144 kB
MemTotal:        1844596 kB
MemFree:          645264 kB
MemAvailable:    1491944 kB
Buffers:           63076 kB
Cached:           882144 kB
MemTotal:        1844596 kB
MemFree:          641412 kB
MemAvailable:    1488092 kB
Buffers:           63076 kB
Cached:           882144 kB
MemTotal:        1844596 kB
MemFree:          641496 kB
MemAvailable:    1488176 kB
Buffers:           63076 kB
Cached:           882144 kB
MemTotal:        1844596 kB
MemFree:          641116 kB
MemAvailable:    1487796 kB
Buffers:           63076 kB
Cached:           882144 kB
MemTotal:        1844596 kB
MemFree:          641372 kB
MemAvailable:    1488052 kB
Buffers:           63076 kB
Cached:           882144 kB
MemTotal:        1844596 kB
MemFree:          641380 kB
MemAvailable:    1488060 kB
Buffers:           63076 kB
Cached:           882144 kB
MemTotal:        1844596 kB
MemFree:          641088 kB
MemAvailable:    1487768 kB
Buffers:           63076 kB
Cached:           882144 kB
MemTotal:        1844596 kB
MemFree:          641340 kB
MemAvailable:    1488020 kB
Buffers:           63076 kB
Cached:           882144 kB
MemTotal:        1844596 kB
MemFree:          640260 kB
MemAvailable:    1486940 kB
Buffers:           63076 kB
Cached:           882144 kB
MemTotal:        1844596 kB
MemFree:          641056 kB
MemAvailable:    1487740 kB
Buffers:           63076 kB
Cached:           882148 kB
MemTotal:        1844596 kB
MemFree:          640876 kB
MemAvailable:    1487560 kB
Buffers:           63076 kB
Cached:           882148 kB
MemTotal:        1844596 kB
MemFree:          640876 kB
MemAvailable:    1487560 kB
Buffers:           63076 kB
Cached:           882148 kB
MemTotal:        1844596 kB
MemFree:          640916 kB
MemAvailable:    1487600 kB
Buffers:           63076 kB
Cached:           882148 kB
MemTotal:        1844596 kB
MemFree:          640000 kB
MemAvailable:    1486684 kB
Buffers:           63076 kB
Cached:           882148 kB
MemTotal:        1844596 kB
MemFree:          638576 kB
MemAvailable:    1485260 kB
Buffers:           63076 kB
Cached:           882148 kB
MemTotal:        1844596 kB
MemFree:          636716 kB
MemAvailable:    1483400 kB
Buffers:           63076 kB
Cached:           882148 kB
MemTotal:        1844596 kB
MemFree:          637692 kB
MemAvailable:    1484376 kB
Buffers:           63076 kB
Cached:           882148 kB
MemTotal:        1844596 kB
MemFree:          637088 kB
MemAvailable:    1483772 kB
Buffers:           63076 kB
Cached:           882148 kB
MemTotal:        1844596 kB
MemFree:          636580 kB
MemAvailable:    1483264 kB
Buffers:           63076 kB
Cached:           882148 kB
MemTotal:        1844596 kB
MemFree:          637648 kB
MemAvailable:    1484332 kB
Buffers:           63076 kB
Cached:           882148 kB
MemTotal:        1844596 kB
MemFree:          637088 kB
MemAvailable:    1483772 kB
Buffers:           63076 kB
Cached:           882148 kB
MemTotal:        1844596 kB
MemFree:          636528 kB
MemAvailable:    1483212 kB
Buffers:           63076 kB
Cached:           882148 kB
MemTotal:        1844596 kB
MemFree:          638552 kB
MemAvailable:    1485236 kB
Buffers:           63076 kB
Cached:           882148 kB
MemTotal:        1844596 kB
MemFree:          639428 kB
MemAvailable:    1486280 kB
Buffers:           63076 kB
Cached:           882272 kB
MemTotal:        1844596 kB
MemFree:          639680 kB
MemAvailable:    1486532 kB
Buffers:           63076 kB
Cached:           882272 kB
MemTotal:        1844596 kB
MemFree:          639388 kB
MemAvailable:    1486408 kB
Buffers:           63076 kB
Cached:           882396 kB
MemTotal:        1844596 kB
MemFree:          638016 kB
MemAvailable:    1485036 kB
Buffers:           63076 kB
Cached:           882520 kB
MemTotal:        1844596 kB
MemFree:          638140 kB
MemAvailable:    1485244 kB
Buffers:           63076 kB
Cached:           882644 kB
MemTotal:        1844596 kB
MemFree:          638008 kB
MemAvailable:    1485280 kB
Buffers:           63076 kB
Cached:           882644 kB
MemTotal:        1844596 kB
MemFree:          639372 kB
MemAvailable:    1486644 kB
Buffers:           63076 kB
Cached:           882644 kB
MemTotal:        1844596 kB
MemFree:          639124 kB
MemAvailable:    1486396 kB
Buffers:           63076 kB
Cached:           882768 kB
MemTotal:        1844596 kB
MemFree:          638928 kB
MemAvailable:    1486200 kB
Buffers:           63076 kB
Cached:           882768 kB
MemTotal:        1844596 kB
MemFree:          638080 kB
MemAvailable:    1485352 kB
Buffers:           63076 kB
Cached:           882768 kB
MemTotal:        1844596 kB
MemFree:          638808 kB
MemAvailable:    1486080 kB
Buffers:           63076 kB
Cached:           882768 kB
MemTotal:        1844596 kB
MemFree:          639124 kB
MemAvailable:    1486396 kB
Buffers:           63076 kB
Cached:           882768 kB
MemTotal:        1844596 kB
MemFree:          639092 kB
MemAvailable:    1486364 kB
Buffers:           63076 kB
Cached:           882768 kB
MemTotal:        1844596 kB
MemFree:          639228 kB
MemAvailable:    1485912 kB
Buffers:           63076 kB
Cached:           882176 kB
MemTotal:        1844596 kB
MemFree:          639564 kB
MemAvailable:    1486248 kB
Buffers:           63076 kB
Cached:           882176 kB
MemTotal:        1844596 kB
MemFree:          706024 kB
MemAvailable:    1552708 kB
Buffers:           63076 kB
Cached:           882176 kB
