MemTotal:        1844596 kB
MemFree:          664436 kB
MemAvailable:    1527028 kB
Buffers:           64644 kB
Cached:           895152 kB
MemTotal:        1844596 kB
MemFree:          661956 kB
MemAvailable:    1524548 kB
Buffers:           64644 kB
Cached:           895152 kB
MemTotal:        1844596 kB
MemFree:          660584 kB
MemAvailable:    1523176 kB
Buffers:           64644 kB
Cached:           895152 kB
MemTotal:        1844596 kB
MemFree:          660652 kB
MemAvailable:    1523244 kB
Buffers:           64644 kB
Cached:           895152 kB
MemTotal:        1844596 kB
MemFree:          659344 kB
MemAvailable:    1521936 kB
Buffers:           64644 kB
Cached:           895152 kB
MemTotal:        1844596 kB
MemFree:          658980 kB
MemAvailable:    1521572 kB
Buffers:           64644 kB
Cached:           895152 kB
MemTotal:        1844596 kB
MemFree:          656376 kB
MemAvailable:    1518968 kB
Buffers:           64644 kB
Cached:           895152 kB
MemTotal:        1844596 kB
MemFree:          652904 kB
MemAvailable:    1515496 kB
Buffers:           64644 kB
Cached:           895152 kB
MemTotal:        1844596 kB
MemFree:          649308 kB
MemAvailable:    1511900 kB
Buffers:           64644 kB
Cached:           895152 kB
MemTotal:        1844596 kB
MemFree:          649408 kB
MemAvailable:    1512000 kB
Buffers:           64644 kB
Cached:           895152 kB
MemTotal:        1844596 kB
MemFree:          650548 kB
MemAvailable:    1513140 kB
Buffers:           64644 kB
Cached:           895152 kB
MemTotal:        1844596 kB
MemFree:          650560 kB
MemAvailable:    1513152 kB
Buffers:           64644 kB
Cached:           895152 kB
MemTotal:        1844596 kB
MemFree:          650536 kB
MemAvailable:    1513128 kB
Buffers:           64644 kB
Cached:           895152 kB
MemTotal:        1844596 kB
MemFree:          650332 kB
MemAvailable:    1512924 kB
Buffers:           64644 kB
Cached:           895152 kB
MemTotal:        1844596 kB
MemFree:          649032 kB
MemAvailable:    1511624 kB
Buffers:           64644 kB
Cached:           895152 kB
MemTotal:        1844596 kB
MemFree:          649060 kB
MemAvailable:    1511652 kB
Buffers:           64644 kB
Cached:           895152 kB
MemTotal:        1844596 kB
MemFree:          647324 kB
MemAvailable:    1509916 kB
Buffers:           64644 kB
Cached:           895152 kB
MemTotal:        1844596 kB
MemFree:          646944 kB
MemAvailable:    1509536 kB
Buffers:           64644 kB
Cached:           895152 kB
MemTotal:        1844596 kB
MemFree:          646944 kB
MemAvailable:    1509536 kB
Buffers:           64644 kB
Cached:           895152 kB
MemTotal:        1844596 kB
MemFree:          646944 kB
MemAvailable:    1509536 kB
Buffers:           64644 kB
Cached:           895152 kB
MemTotal:        1844596 kB
MemFree:          646772 kB
MemAvailable:    1509364 kB
Buffers:           64644 kB
Cached:           895152 kB
MemTotal:        1844596 kB
MemFree:          648236 kB
MemAvailable:    1510828 kB
Buffers:           64644 kB
Cached:           895152 kB
MemTotal:        1844596 kB
MemFree:          647572 kB
MemAvailable:    1510164 kB
Buffers:           64644 kB
Cached:           895152 kB
MemTotal:        1844596 kB
MemFree:          648008 kB
MemAvailable:    1510600 kB
Buffers:           64644 kB
Cached:           895152 kB
MemTotal:        1844596 kB
MemFree:          647952 kB
MemAvailable:    1510544 kB
Buffers:           64644 kB
Cached:           895152 kB
MemTotal:        1844596 kB
MemFree:          649352 kB
MemAvailable:    1511944 kB
Buffers:           64644 kB
Cached:           895152 kB
MemTotal:        1844596 kB
MemFree:          648020 kB
MemAvailable:    1510612 kB
Buffers:           64644 kB
Cached:           895152 kB
MemTotal:        1844596 kB
MemFree:          649316 kB
MemAvailable:    1511908 kB
Buffers:           64644 kB
Cached:           895152 kB
MemTotal:        1844596 kB
MemFree:          646580 kB
MemAvailable:    1509172 kB
Buffers:           64644 kB
Cached:           895152 kB
MemTotal:        1844596 kB
MemFree:          644836 kB
MemAvailable:    1507428 kB
Buffers:           64644 kB
Cached:           895152 kB
MemTotal:        1844596 kB
MemFree:          645932 kB
MemAvailable:    1508528 kB
Buffers:           64644 kB
Cached:           895156 kB
MemTotal:        1844596 kB
MemFree:          645152 kB
MemAvailable:    1507748 kB
Buffers:           64644 kB
Cached:           895156 kB
MemTotal:        1844596 kB
MemFree:          644704 kB
MemAvailable:    1507300 kB
Buffers:           64644 kB
Cached:           895156 kB
MemTotal:        1844596 kB
MemFree:          644224 kB
MemAvailable:    1506820 kB
Buffers:           64644 kB
Cached:           895156 kB
MemTotal:        1844596 kB
MemFree:          644284 kB
MemAvailable:    1506880 kB
Buffers:           64644 kB
Cached:           895156 kB
MemTotal:        1844596 kB
MemFree:          644028 kB
MemAvailable:    1506624 kB
Buffers:           64644 kB
Cached:           895156 kB
MemTotal:        1844596 kB
MemFree:          642984 kB
MemAvailable:    1505580 kB
Buffers:           64644 kB
Cached:           895156 kB
MemTotal:        1844596 kB
MemFree:          643712 kB
MemAvailable:    1506308 kB
Buffers:           64644 kB
Cached:           895156 kB
MemTotal:        1844596 kB
MemFree:          643712 kB
MemAvailable:    1506308 kB
Buffers:           64644 kB
Cached:           895156 kB
MemTotal:        1844596 kB
MemFree:          642436 kB
MemAvailable:    1505032 kB
Buffers:           64644 kB
Cached:           895156 kB
MemTotal:        1844596 kB
MemFree:          642560 kB
MemAvailable:    1505156 kB
Buffers:           64644 kB
Cached:           895156 kB
MemTotal:        1844596 kB
MemFree:          643420 kB
MemAvailable:    1506016 kB
Buffers:           64644 kB
Cached:           895156 kB
MemTotal:        1844596 kB
MemFree:          642116 kB
MemAvailable:    1504712 kB
Buffers:           64644 kB
Cached:           895156 kB
MemTotal:        1844596 kB
MemFree:          642596 kB
MemAvailable:    1505192 kB
Buffers:           64644 kB
Cached:           895156 kB
MemTotal:        1844596 kB
MemFree:          641688 kB
MemAvailable:    1504284 kB
Buffers:           64644 kB
Cached:           895156 kB
MemTotal:        1844596 kB
MemFree:          641564 kB
MemAvailable:    1504160 kB
Buffers:           64644 kB
Cached:           895156 kB
MemTotal:        1844596 kB
MemFree:          641688 kB
MemAvailable:    1504284 kB
Buffers:           64644 kB
Cached:           895156 kB
MemTotal:        1844596 kB
MemFree:          642920 kB
MemAvailable:    1505516 kB
Buffers:           64644 kB
Cached:           895156 kB
MemTotal:        1844596 kB
MemFree:          642820 kB
MemAvailable:    1505424 kB
Buffers:           64644 kB
Cached:           895164 kB
MemTotal:        1844596 kB
MemFree:          642792 kB
MemAvailable:    1505396 kB
Buffers:           64644 kB
Cached:           895164 kB
MemTotal:        1844596 kB
MemFree:          642800 kB
MemAvailable:    1505404 kB
Buffers:           64644 kB
Cached:           895164 kB
MemTotal:        1844596 kB
MemFree:          642496 kB
MemAvailable:    1505100 kB
Buffers:           64644 kB
Cached:           895164 kB
MemTotal:        1844596 kB
MemFree:          642664 kB
MemAvailable:    1505268 kB
Buffers:           64644 kB
Cached:           895164 kB
MemTotal:        1844596 kB
MemFree:          641488 kB
MemAvailable:    1504092 kB
Buffers:           64644 kB
Cached:           895164 kB
MemTotal:        1844596 kB
MemFree:          641496 kB
MemAvailable:    1504100 kB
Buffers:           64644 kB
Cached:           895164 kB
MemTotal:        1844596 kB
MemFree:          642364 kB
MemAvailable:    1504968 kB
Buffers:           64644 kB
Cached:           895164 kB
MemTotal:        1844596 kB
MemFree:          641076 kB
MemAvailable:    1503680 kB
Buffers:           64644 kB
Cached:           895164 kB
MemTotal:        1844596 kB
MemFree:          642308 kB
MemAvailable:    1504912 kB
Buffers:           64644 kB
Cached:           895164 kB
MemTotal:        1844596 kB
MemFree:          641920 kB
MemAvailable:    1504524 kB
Buffers:           64644 kB
Cached:           895164 kB
MemTotal:        1844596 kB
MemFree:          642000 kB
MemAvailable:    1504604 kB
Buffers:           64644 kB
Cached:           895164 kB
MemTotal:        1844596 kB
MemFree:          641856 kB
MemAvailable:    1504460 kB
Buffers:           64644 kB
Cached:           895164 kB
MemTotal:        1844596 kB
MemFree:          642108 kB
MemAvailable:    1504712 kB
Buffers:           64644 kB
Cached:           895164 kB
MemTotal:        1844596 kB
MemFree:          642000 kB
MemAvailable:    1504604 kB
Buffers:           64644 kB
Cached:           895164 kB
MemTotal:        1844596 kB
MemFree:          642120 kB
MemAvailable:    1504724 kB
Buffers:           64644 kB
Cached:           895164 kB
MemTotal:        1844596 kB
MemFree:          641980 kB
MemAvailable:    1504584 kB
Buffers:           64644 kB
Cached:           895164 kB
MemTotal:        1844596 kB
MemFree:          641924 kB
MemAvailable:    1504528 kB
Buffers:           64644 kB
Cached:           895164 kB
MemTotal:        1844596 kB
MemFree:          641744 kB
MemAvailable:    1504348 kB
Buffers:           64644 kB
Cached:           895164 kB
MemTotal:        1844596 kB
MemFree:          641996 kB
MemAvailable:    1504600 kB
Buffers:           64644 kB
Cached:           895164 kB
MemTotal:        1844596 kB
MemFree:          638900 kB
MemAvailable:    1501504 kB
Buffers:           64644 kB
Cached:           895164 kB
MemTotal:        1844596 kB
MemFree:          636048 kB
MemAvailable:    1498652 kB
Buffers:           64644 kB
Cached:           895164 kB
MemTotal:        1844596 kB
MemFree:          633568 kB
MemAvailable:    1496172 kB
Buffers:           64644 kB
Cached:           895164 kB
MemTotal:        1844596 kB
MemFree:          634172 kB
MemAvailable:    1496776 kB
Buffers:           64644 kB
Cached:           895164 kB
MemTotal:        1844596 kB
MemFree:          633940 kB
MemAvailable:    1496544 kB
Buffers:           64644 kB
Cached:           895164 kB
MemTotal:        1844596 kB
MemFree:          634112 kB
MemAvailable:    1496716 kB
Buffers:           64644 kB
Cached:           895164 kB
MemTotal:        1844596 kB
MemFree:          632680 kB
MemAvailable:    1495284 kB
Buffers:           64644 kB
Cached:           895164 kB
MemTotal:        1844596 kB
MemFree:          634000 kB
MemAvailable:    1496604 kB
Buffers:           64644 kB
Cached:           895164 kB
MemTotal:        1844596 kB
MemFree:          633800 kB
MemAvailable:    1496404 kB
Buffers:           64644 kB
Cached:           895164 kB
MemTotal:        1844596 kB
MemFree:          634052 kB
MemAvailable:    1496656 kB
Buffers:           64644 kB
Cached:           895164 kB
MemTotal:        1844596 kB
MemFree:          633872 kB
MemAvailable:    1496476 kB
Buffers:           64644 kB
Cached:           895164 kB
MemTotal:        1844596 kB
MemFree:          634040 kB
MemAvailable:    1496644 kB
Buffers:           64644 kB
Cached:           895164 kB
MemTotal:        1844596 kB
MemFree:          633980 kB
MemAvailable:    1496584 kB
Buffers:           64644 kB
Cached:           895164 kB
MemTotal:        1844596 kB
MemFree:          632556 kB
MemAvailable:    1495160 kB
Buffers:           64648 kB
Cached:           895160 kB
MemTotal:        1844596 kB
MemFree:          632804 kB
MemAvailable:    1495408 kB
Buffers:           64648 kB
Cached:           895160 kB
MemTotal:        1844596 kB
MemFree:          633872 kB
MemAvailable:    1496476 kB
Buffers:           64648 kB
Cached:           895160 kB
MemTotal:        1844596 kB
MemFree:          634124 kB
MemAvailable:    1496728 kB
Buffers:           64648 kB
Cached:           895160 kB
MemTotal:        1844596 kB
MemFree:          633808 kB
MemAvailable:    1496412 kB
Buffers:           64648 kB
Cached:           895160 kB
MemTotal:        1844596 kB
MemFree:          632204 kB
MemAvailable:    1494808 kB
Buffers:           64648 kB
Cached:           895160 kB
MemTotal:        1844596 kB
MemFree:          632072 kB
MemAvailable:    1494676 kB
Buffers:           64648 kB
Cached:           895160 kB
MemTotal:        1844596 kB
MemFree:          631832 kB
MemAvailable:    1494436 kB
Buffers:           64648 kB
Cached:           895160 kB
MemTotal:        1844596 kB
MemFree:          631336 kB
MemAvailable:    1493940 kB
Buffers:           64648 kB
Cached:           895160 kB
MemTotal:        1844596 kB
MemFree:          631452 kB
MemAvailable:    1494056 kB
Buffers:           64648 kB
Cached:           895160 kB
MemTotal:        1844596 kB
MemFree:          631088 kB
MemAvailable:    1493692 kB
Buffers:           64648 kB
Cached:           895160 kB
MemTotal:        1844596 kB
MemFree:          631576 kB
MemAvailable:    1494180 kB
Buffers:           64648 kB
Cached:           895160 kB
MemTotal:        1844596 kB
MemFree:          631412 kB
MemAvailable:    1494016 kB
Buffers:           64648 kB
Cached:           895160 kB
MemTotal:        1844596 kB
MemFree:          630328 kB
MemAvailable:    1492932 kB
Buffers:           64648 kB
Cached:           895160 kB
MemTotal:        1844596 kB
MemFree:          630580 kB
MemAvailable:    1493184 kB
Buffers:           64648 kB
Cached:           895160 kB
MemTotal:        1844596 kB
MemFree:          630456 kB
MemAvailable:    1493060 kB
Buffers:           64648 kB
Cached:           895160 kB
MemTotal:        1844596 kB
MemFree:          629044 kB
MemAvailable:    1491648 kB
Buffers:           64648 kB
Cached:           895160 kB
MemTotal:        1844596 kB
MemFree:          630400 kB
MemAvailable:    1493004 kB
Buffers:           64648 kB
Cached:           895160 kB
MemTotal:        1844596 kB
MemFree:          628912 kB
MemAvailable:    1491516 kB
Buffers:           64648 kB
Cached:           895160 kB
MemTotal:        1844596 kB
MemFree:          630276 kB
MemAvailable:    1492880 kB
Buffers:           64648 kB
Cached:           895160 kB
MemTotal:        1844596 kB
MemFree:          628780 kB
MemAvailable:    1491384 kB
Buffers:           64648 kB
Cached:           895160 kB
MemTotal:        1844596 kB
MemFree:          630080 kB
MemAvailable:    1492684 kB
Buffers:           64648 kB
Cached:           895160 kB
MemTotal:        1844596 kB
MemFree:          629792 kB
MemAvailable:    1492396 kB
Buffers:           64648 kB
Cached:           895160 kB
MemTotal:        1844596 kB
MemFree:          629960 kB
MemAvailable:    1492564 kB
Buffers:           64648 kB
Cached:           895160 kB
MemTotal:        1844596 kB
MemFree:          628724 kB
MemAvailable:    1491328 kB
Buffers:           64648 kB
Cached:           895160 kB
MemTotal:        1844596 kB
MemFree:          629584 kB
MemAvailable:    1492188 kB
Buffers:           64648 kB
Cached:           895160 kB
MemTotal:        1844596 kB
MemFree:          629584 kB
MemAvailable:    1492188 kB
Buffers:           64648 kB
Cached:           895160 kB
MemTotal:        1844596 kB
MemFree:          624748 kB
MemAvailable:    1487352 kB
Buffers:           64648 kB
Cached:           895160 kB
MemTotal:        1844596 kB
MemFree:          625084 kB
MemAvailable:    1487688 kB
Buffers:           64648 kB
Cached:           895160 kB
MemTotal:        1844596 kB
MemFree:          624816 kB
MemAvailable:    1487420 kB
Buffers:           64648 kB
Cached:           895160 kB
MemTotal:        1844596 kB
MemFree:          624640 kB
MemAvailable:    1487244 kB
Buffers:           64648 kB
Cached:           895160 kB
MemTotal:        1844596 kB
MemFree:          624828 kB
MemAvailable:    1487432 kB
Buffers:           64648 kB
Cached:           895160 kB
MemTotal:        1844596 kB
MemFree:          624508 kB
MemAvailable:    1487112 kB
Buffers:           64648 kB
Cached:           895160 kB
MemTotal:        1844596 kB
MemFree:          623136 kB
MemAvailable:    1485740 kB
Buffers:           64648 kB
Cached:           895160 kB
MemTotal:        1844596 kB
MemFree:          622880 kB
MemAvailable:    1485484 kB
Buffers:           64648 kB
Cached:           895160 kB
MemTotal:        1844596 kB
MemFree:          624244 kB
MemAvailable:    1486848 kB
Buffers:           64648 kB
Cached:           895160 kB
MemTotal:        1844596 kB
MemFree:          623972 kB
MemAvailable:    1486576 kB
Buffers:           64648 kB
Cached:           895160 kB
MemTotal:        1844596 kB
MemFree:          624224 kB
MemAvailable:    1486828 kB
Buffers:           64648 kB
Cached:           895160 kB
MemTotal:        1844596 kB
MemFree:          622888 kB
MemAvailable:    1485492 kB
Buffers:           64648 kB
Cached:           895160 kB
MemTotal:        1844596 kB
MemFree:          622888 kB
MemAvailable:    1485492 kB
Buffers:           64648 kB
Cached:           895160 kB
MemTotal:        1844596 kB
MemFree:          621044 kB
MemAvailable:    1483648 kB
Buffers:           64648 kB
Cached:           895160 kB
MemTotal:        1844596 kB
MemFree:          620996 kB
MemAvailable:    1483600 kB
Buffers:           64648 kB
Cached:           895160 kB
MemTotal:        1844596 kB
MemFree:          620824 kB
MemAvailable:    1483428 kB
Buffers:           64648 kB
Cached:           895160 kB
MemTotal:        1844596 kB
MemFree:          619624 kB
MemAvailable:    1482228 kB
Buffers:           64648 kB
Cached:           895160 kB
MemTotal:        1844596 kB
MemFree:          621004 kB
MemAvailable:    1483616 kB
Buffers:           64648 kB
Cached:           895168 kB
MemTotal:        1844596 kB
MemFree:          622628 kB
MemAvailable:    1485240 kB
Buffers:           64648 kB
Cached:           895168 kB
MemTotal:        1844596 kB
MemFree:          622964 kB
MemAvailable:    1485576 kB
Buffers:           64648 kB
Cached:           895168 kB
MemTotal:        1844596 kB
MemFree:          622720 kB
MemAvailable:    1485340 kB
Buffers:           64648 kB
Cached:           895176 kB
MemTotal:        1844596 kB
MemFree:          622036 kB
MemAvailable:    1484740 kB
Buffers:           64648 kB
Cached:           895300 kB
MemTotal:        1844596 kB
MemFree:          622468 kB
MemAvailable:    1485340 kB
Buffers:           64648 kB
Cached:           895424 kB
MemTotal:        1844596 kB
MemFree:          622468 kB
MemAvailable:    1485340 kB
Buffers:           64648 kB
Cached:           895424 kB
MemTotal:        1844596 kB
MemFree:          622400 kB
MemAvailable:    1485524 kB
Buffers:           64648 kB
Cached:           895672 kB
MemTotal:        1844596 kB
MemFree:          621028 kB
MemAvailable:    1484152 kB
Buffers:           64648 kB
Cached:           895672 kB
MemTotal:        1844596 kB
MemFree:          621152 kB
MemAvailable:    1484360 kB
Buffers:           64648 kB
Cached:           895672 kB
MemTotal:        1844596 kB
MemFree:          622392 kB
MemAvailable:    1485600 kB
Buffers:           64648 kB
Cached:           895796 kB
MemTotal:        1844596 kB
MemFree:          621996 kB
MemAvailable:    1485204 kB
Buffers:           64648 kB
Cached:           895796 kB
MemTotal:        1844596 kB
MemFree:          622164 kB
MemAvailable:    1485372 kB
Buffers:           64648 kB
Cached:           895796 kB
MemTotal:        1844596 kB
MemFree:          622336 kB
MemAvailable:    1485544 kB
Buffers:           64648 kB
Cached:           895796 kB
MemTotal:        1844596 kB
MemFree:          621416 kB
MemAvailable:    1484624 kB
Buffers:           64648 kB
Cached:           895796 kB
MemTotal:        1844596 kB
MemFree:          621980 kB
MemAvailable:    1485188 kB
Buffers:           64648 kB
Cached:           895796 kB
MemTotal:        1844596 kB
MemFree:          622140 kB
MemAvailable:    1485432 kB
Buffers:           64648 kB
Cached:           895920 kB
MemTotal:        1844596 kB
MemFree:          622140 kB
MemAvailable:    1485432 kB
Buffers:           64648 kB
Cached:           895920 kB
MemTotal:        1844596 kB
MemFree:          621492 kB
MemAvailable:    1484196 kB
Buffers:           64648 kB
Cached:           895248 kB
MemTotal:        1844596 kB
MemFree:          689520 kB
MemAvailable:    1552228 kB
Buffers:           64648 kB
Cached:           895256 kB
