MemTotal:        1844596 kB
MemFree:          800496 kB
MemAvailable:    1537524 kB
Buffers:           51896 kB
Cached:           792668 kB
MemTotal:        1844596 kB
MemFree:          799188 kB
MemAvailable:    1536216 kB
Buffers:           51896 kB
Cached:           792668 kB
MemTotal:        1844596 kB
MemFree:          798072 kB
MemAvailable:    1535100 kB
Buffers:           51896 kB
Cached:           792668 kB
MemTotal:        1844596 kB
MemFree:          797716 kB
MemAvailable:    1534744 kB
Buffers:           51896 kB
Cached:           792668 kB
MemTotal:        1844596 kB
MemFree:          795848 kB
MemAvailable:    1532876 kB
Buffers:           51896 kB
Cached:           792668 kB
MemTotal:        1844596 kB
MemFree:          797024 kB
MemAvailable:    1534052 kB
Buffers:           51896 kB
Cached:           792668 kB
MemTotal:        1844596 kB
MemFree:          794112 kB
MemAvailable:    1531140 kB
Buffers:           51896 kB
Cached:           792668 kB
MemTotal:        1844596 kB
MemFree:          792852 kB
MemAvailable:    1529880 kB
Buffers:           51896 kB
Cached:           792668 kB
MemTotal:        1844596 kB
MemFree:          789896 kB
MemAvailable:    1526924 kB
Buffers:           51896 kB
Cached:           792668 kB
MemTotal:        1844596 kB
MemFree:          786228 kB
MemAvailable:    1523256 kB
Buffers:           51896 kB
Cached:           792668 kB
MemTotal:        1844596 kB
MemFree:          786828 kB
MemAvailable:    1523856 kB
Buffers:           51896 kB
Cached:           792668 kB
MemTotal:        1844596 kB
MemFree:          785640 kB
MemAvailable:    1522668 kB
Buffers:           51896 kB
Cached:           792668 kB
MemTotal:        1844596 kB
MemFree:          786796 kB
MemAvailable:    1523824 kB
Buffers:           51896 kB
Cached:           792668 kB
MemTotal:        1844596 kB
MemFree:          786864 kB
MemAvailable:    1523892 kB
Buffers:           51896 kB
Cached:           792668 kB
MemTotal:        1844596 kB
MemFree:          786864 kB
MemAvailable:    1523892 kB
Buffers:           51896 kB
Cached:           792668 kB
MemTotal:        1844596 kB
MemFree:          786664 kB
MemAvailable:    1523692 kB
Buffers:           51896 kB
Cached:           792668 kB
MemTotal:        1844596 kB
MemFree:          785664 kB
MemAvailable:    1522692 kB
Buffers:           51896 kB
Cached:           792668 kB
MemTotal:        1844596 kB
MemFree:          785556 kB
MemAvailable:    1522584 kB
Buffers:           51896 kB
Cached:           792668 kB
MemTotal:        1844596 kB
MemFree:          783820 kB
MemAvailable:    1520848 kB
Buffers:           51896 kB
Cached:           792668 kB
MemTotal:        1844596 kB
MemFree:          783440 kB
MemAvailable:    1520468 kB
Buffers:           51896 kB
Cached:           792668 kB
MemTotal:        1844596 kB
MemFree:          784748 kB
MemAvailable:    1521776 kB
Buffers:           51896 kB
Cached:           792668 kB
MemTotal:        1844596 kB
MemFree:          784292 kB
MemAvailable:    1521320 kB
Buffers:           51896 kB
Cached:           792668 kB
MemTotal:        1844596 kB
MemFree:          784292 kB
MemAvailable:    1521320 kB
Buffers:           51896 kB
Cached:           792668 kB
MemTotal:        1844596 kB
MemFree:          784428 kB
MemAvailable:    1521456 kB
Buffers:           51896 kB
Cached:           792668 kB
MemTotal:        1844596 kB
MemFree:          783180 kB
MemAvailable:    1520208 kB
Buffers:           51896 kB
Cached:           792668 kB
MemTotal:        1844596 kB
MemFree:          784440 kB
MemAvailable:    1521468 kB
Buffers:           51896 kB
Cached:           792668 kB
MemTotal:        1844596 kB
MemFree:          783256 kB
MemAvailable:    1520284 kB
Buffers:           51896 kB
Cached:           792668 kB
MemTotal:        1844596 kB
MemFree:          784392 kB
MemAvailable:    1521420 kB
Buffers:           51896 kB
Cached:           792668 kB
MemTotal:        1844596 kB
MemFree:          785052 kB
MemAvailable:    1522084 kB
Buffers:           51896 kB
Cached:           792672 kB
MemTotal:        1844596 kB
MemFree:          785052 kB
MemAvailable:    1522084 kB
Buffers:           51896 kB
Cached:           792672 kB
MemTotal:        1844596 kB
MemFree:          782068 kB
MemAvailable:    1519100 kB
Buffers:           51896 kB
Cached:           792672 kB
MemTotal:        1844596 kB
MemFree:          781340 kB
MemAvailable:    1518372 kB
Buffers:           51896 kB
Cached:           792672 kB
MemTotal:        1844596 kB
MemFree:          780532 kB
MemAvailable:    1517564 kB
Buffers:           51896 kB
Cached:           792672 kB
MemTotal:        1844596 kB
MemFree:          781524 kB
MemAvailable:    1518556 kB
Buffers:           51896 kB
Cached:           792672 kB
MemTotal:        1844596 kB
MemFree:          780224 kB
MemAvailable:    1517256 kB
Buffers:           51896 kB
Cached:           792672 kB
MemTotal:        1844596 kB
MemFree:          780588 kB
MemAvailable:    1517620 kB
Buffers:           51896 kB
Cached:           792672 kB
MemTotal:        1844596 kB
MemFree:          780844 kB
MemAvailable:    1517876 kB
Buffers:           51896 kB
Cached:           792672 kB
MemTotal:        1844596 kB
MemFree:          779340 kB
MemAvailable:    1516372 kB
Buffers:           51896 kB
Cached:           792672 kB
MemTotal:        1844596 kB
MemFree:          779092 kB
MemAvailable:    1516124 kB
Buffers:           51896 kB
Cached:           792672 kB
MemTotal:        1844596 kB
MemFree:          779588 kB
MemAvailable:    1516620 kB
Buffers:           51896 kB
Cached:           792672 kB
MemTotal:        1844596 kB
MemFree:          779232 kB
MemAvailable:    1516264 kB
Buffers:           51896 kB
Cached:           792672 kB
MemTotal:        1844596 kB
MemFree:          780288 kB
MemAvailable:    1517320 kB
Buffers:           51896 kB
Cached:           792672 kB
MemTotal:        1844596 kB
MemFree:          778596 kB
MemAvailable:    1515628 kB
Buffers:           51896 kB
Cached:           792672 kB
MemTotal:        1844596 kB
MemFree:          779664 kB
MemAvailable:    1516696 kB
Buffers:           51896 kB
Cached:           792672 kB
MemTotal:        1844596 kB
MemFree:          778232 kB
MemAvailable:    1515264 kB
Buffers:           51896 kB
Cached:           792672 kB
MemTotal:        1844596 kB
MemFree:          779480 kB
MemAvailable:    1516512 kB
Buffers:           51896 kB
Cached:           792672 kB
MemTotal:        1844596 kB
MemFree:          777852 kB
MemAvailable:    1514884 kB
Buffers:           51896 kB
Cached:           792672 kB
MemTotal:        1844596 kB
MemFree:          779176 kB
MemAvailable:    1516208 kB
Buffers:           51896 kB
Cached:           792672 kB
MemTotal:        1844596 kB
MemFree:          778096 kB
MemAvailable:    1515128 kB
Buffers:           51896 kB
Cached:           792672 kB
MemTotal:        1844596 kB
MemFree:          779024 kB
MemAvailable:    1516056 kB
Buffers:           51896 kB
Cached:           792672 kB
MemTotal:        1844596 kB
MemFree:          779276 kB
MemAvailable:    1516308 kB
Buffers:           51896 kB
Cached:           792672 kB
MemTotal:        1844596 kB
MemFree:          779212 kB
MemAvailable:    1516244 kB
Buffers:           51896 kB
Cached:           792672 kB
MemTotal:        1844596 kB
MemFree:          778240 kB
MemAvailable:    1515272 kB
Buffers:           51896 kB
Cached:           792672 kB
MemTotal:        1844596 kB
MemFree:          779220 kB
MemAvailable:    1516252 kB
Buffers:           51896 kB
Cached:           792672 kB
MemTotal:        1844596 kB
MemFree:          779108 kB
MemAvailable:    1516140 kB
Buffers:           51896 kB
Cached:           792672 kB
MemTotal:        1844596 kB
MemFree:          777932 kB
MemAvailable:    1514964 kB
Buffers:           51896 kB
Cached:           792672 kB
MemTotal:        1844596 kB
MemFree:          778844 kB
MemAvailable:    1515876 kB
Buffers:           51896 kB
Cached:           792672 kB
MemTotal:        1844596 kB
MemFree:          778928 kB
MemAvailable:    1515960 kB
Buffers:           51896 kB
Cached:           792672 kB
MemTotal:        1844596 kB
MemFree:          778860 kB
MemAvailable:    1515892 kB
Buffers:           51896 kB
Cached:           792672 kB
MemTotal:        1844596 kB
MemFree:          778852 kB
MemAvailable:    1515884 kB
Buffers:           51896 kB
Cached:           792672 kB
MemTotal:        1844596 kB
MemFree:          777628 kB
MemAvailable:    1514660 kB
Buffers:           51896 kB
Cached:           792672 kB
MemTotal:        1844596 kB
MemFree:          778232 kB
MemAvailable:    1515264 kB
Buffers:           51896 kB
Cached:           792672 kB
MemTotal:        1844596 kB
MemFree:          778568 kB
MemAvailable:    1515600 kB
Buffers:           51896 kB
Cached:           792672 kB
MemTotal:        1844596 kB
MemFree:          777240 kB
MemAvailable:    1514272 kB
Buffers:           51896 kB
Cached:           792672 kB
MemTotal:        1844596 kB
MemFree:          778176 kB
MemAvailable:    1515208 kB
Buffers:           51896 kB
Cached:           792672 kB
MemTotal:        1844596 kB
MemFree:          777992 kB
MemAvailable:    1515024 kB
Buffers:           51896 kB
Cached:           792672 kB
MemTotal:        1844596 kB
MemFree:          778280 kB
MemAvailable:    1515312 kB
Buffers:           51896 kB
Cached:           792672 kB
MemTotal:        1844596 kB
MemFree:          778208 kB
MemAvailable:    1515240 kB
Buffers:           51896 kB
Cached:           792672 kB
MemTotal:        1844596 kB
MemFree:          778460 kB
MemAvailable:    1515492 kB
Buffers:           51896 kB
Cached:           792672 kB
MemTotal:        1844596 kB
MemFree:          778160 kB
MemAvailable:    1515192 kB
Buffers:           51896 kB
Cached:           792672 kB
MemTotal:        1844596 kB
MemFree:          778116 kB
MemAvailable:    1515148 kB
Buffers:           51896 kB
Cached:           792672 kB
MemTotal:        1844596 kB
MemFree:          776628 kB
MemAvailable:    1513660 kB
Buffers:           51896 kB
Cached:           792672 kB
MemTotal:        1844596 kB
MemFree:          774264 kB
MemAvailable:    1511296 kB
Buffers:           51896 kB
Cached:           792672 kB
MemTotal:        1844596 kB
MemFree:          772288 kB
MemAvailable:    1509320 kB
Buffers:           51896 kB
Cached:           792672 kB
MemTotal:        1844596 kB
MemFree:          769428 kB
MemAvailable:    1506460 kB
Buffers:           51896 kB
Cached:           792672 kB
MemTotal:        1844596 kB
MemFree:          769428 kB
MemAvailable:    1506460 kB
Buffers:           51896 kB
Cached:           792672 kB
MemTotal:        1844596 kB
MemFree:          769188 kB
MemAvailable:    1506220 kB
Buffers:           51896 kB
Cached:           792672 kB
MemTotal:        1844596 kB
MemFree:          769188 kB
MemAvailable:    1506220 kB
Buffers:           51896 kB
Cached:           792672 kB
MemTotal:        1844596 kB
MemFree:          769188 kB
MemAvailable:    1506220 kB
Buffers:           51896 kB
Cached:           792672 kB
MemTotal:        1844596 kB
MemFree:          770160 kB
MemAvailable:    1507192 kB
Buffers:           51896 kB
Cached:           792672 kB
MemTotal:        1844596 kB
MemFree:          770416 kB
MemAvailable:    1507448 kB
Buffers:           51896 kB
Cached:           792672 kB
MemTotal:        1844596 kB
MemFree:          769980 kB
MemAvailable:    1507012 kB
Buffers:           51896 kB
Cached:           792672 kB
MemTotal:        1844596 kB
MemFree:          770316 kB
MemAvailable:    1507348 kB
Buffers:           51896 kB
Cached:           792672 kB
MemTotal:        1844596 kB
MemFree:          770236 kB
MemAvailable:    1507268 kB
Buffers:           51896 kB
Cached:           792672 kB
MemTotal:        1844596 kB
MemFree:          769552 kB
MemAvailable:    1506584 kB
Buffers:           51896 kB
Cached:           792672 kB
MemTotal:        1844596 kB
MemFree:          770104 kB
MemAvailable:    1507136 kB
Buffers:           51896 kB
Cached:           792672 kB
MemTotal:        1844596 kB
MemFree:          770440 kB
MemAvailable:    1507472 kB
Buffers:           51896 kB
Cached:           792672 kB
MemTotal:        1844596 kB
MemFree:          770280 kB
MemAvailable:    1507312 kB
Buffers:           51896 kB
Cached:           792672 kB
MemTotal:        1844596 kB
MemFree:          770388 kB
MemAvailable:    1507420 kB
Buffers:           51896 kB
Cached:           792672 kB
MemTotal:        1844596 kB
MemFree:          769552 kB
MemAvailable:    1506584 kB
Buffers:           51896 kB
Cached:           792672 kB
MemTotal:        1844596 kB
MemFree:          769916 kB
MemAvailable:    1506956 kB
Buffers:           51896 kB
Cached:           792680 kB
MemTotal:        1844596 kB
MemFree:          768260 kB
MemAvailable:    1505300 kB
Buffers:           51896 kB
Cached:           792680 kB
MemTotal:        1844596 kB
MemFree:          769180 kB
MemAvailable:    1506220 kB
Buffers:           51896 kB
Cached:           792680 kB
MemTotal:        1844596 kB
MemFree:          769312 kB
MemAvailable:    1506352 kB
Buffers:           51896 kB
Cached:           792680 kB
MemTotal:        1844596 kB
MemFree:          767700 kB
MemAvailable:    1504740 kB
Buffers:           51896 kB
Cached:           792680 kB
MemTotal:        1844596 kB
MemFree:          768752 kB
MemAvailable:    1505792 kB
Buffers:           51896 kB
Cached:           792680 kB
MemTotal:        1844596 kB
MemFree:          767568 kB
MemAvailable:    1504608 kB
Buffers:           51896 kB
Cached:           792680 kB
MemTotal:        1844596 kB
MemFree:          767460 kB
MemAvailable:    1504500 kB
Buffers:           51896 kB
Cached:           792680 kB
MemTotal:        1844596 kB
MemFree:          767140 kB
MemAvailable:    1504180 kB
Buffers:           51896 kB
Cached:           792680 kB
MemTotal:        1844596 kB
MemFree:          767476 kB
MemAvailable:    1504516 kB
Buffers:           51896 kB
Cached:           792680 kB
MemTotal:        1844596 kB
MemFree:          766024 kB
MemAvailable:    1503064 kB
Buffers:           51896 kB
Cached:           792680 kB
MemTotal:        1844596 kB
MemFree:          767080 kB
MemAvailable:    1504120 kB
Buffers:           51896 kB
Cached:           792680 kB
MemTotal:        1844596 kB
MemFree:          766576 kB
MemAvailable:    1503620 kB
Buffers:           51896 kB
Cached:           792684 kB
MemTotal:        1844596 kB
MemFree:          766088 kB
MemAvailable:    1503132 kB
Buffers:           51896 kB
Cached:           792684 kB
MemTotal:        1844596 kB
MemFree:          766448 kB
MemAvailable:    1503492 kB
Buffers:           51896 kB
Cached:           792684 kB
MemTotal:        1844596 kB
MemFree:          765076 kB
MemAvailable:    1502120 kB
Buffers:           51896 kB
Cached:           792684 kB
MemTotal:        1844596 kB
MemFree:          766436 kB
MemAvailable:    1503480 kB
Buffers:           51896 kB
Cached:           792684 kB
MemTotal:        1844596 kB
MemFree:          766520 kB
MemAvailable:    1503564 kB
Buffers:           51896 kB
Cached:           792684 kB
MemTotal:        1844596 kB
MemFree:          766148 kB
MemAvailable:    1503192 kB
Buffers:           51896 kB
Cached:           792684 kB
MemTotal:        1844596 kB
MemFree:          766484 kB
MemAvailable:    1503528 kB
Buffers:           51896 kB
Cached:           792684 kB
MemTotal:        1844596 kB
MemFree:          765948 kB
MemAvailable:    1502992 kB
Buffers:           51896 kB
Cached:           792684 kB
MemTotal:        1844596 kB
MemFree:          765948 kB
MemAvailable:    1502992 kB
Buffers:           51896 kB
Cached:           792684 kB
MemTotal:        1844596 kB
MemFree:          765628 kB
MemAvailable:    1502672 kB
Buffers:           51896 kB
Cached:           792684 kB
MemTotal:        1844596 kB
MemFree:          761376 kB
MemAvailable:    1498420 kB
Buffers:           51896 kB
Cached:           792684 kB
MemTotal:        1844596 kB
MemFree:          761128 kB
MemAvailable:    1498172 kB
Buffers:           51896 kB
Cached:           792684 kB
MemTotal:        1844596 kB
MemFree:          760880 kB
MemAvailable:    1497924 kB
Buffers:           51896 kB
Cached:           792684 kB
MemTotal:        1844596 kB
MemFree:          761108 kB
MemAvailable:    1498152 kB
Buffers:           51896 kB
Cached:           792684 kB
MemTotal:        1844596 kB
MemFree:          759764 kB
MemAvailable:    1496808 kB
Buffers:           51896 kB
Cached:           792684 kB
MemTotal:        1844596 kB
MemFree:          760756 kB
MemAvailable:    1497804 kB
Buffers:           51896 kB
Cached:           792688 kB
MemTotal:        1844596 kB
MemFree:          759080 kB
MemAvailable:    1496128 kB
Buffers:           51896 kB
Cached:           792688 kB
MemTotal:        1844596 kB
MemFree:          759208 kB
MemAvailable:    1496256 kB
Buffers:           51896 kB
Cached:           792688 kB
MemTotal:        1844596 kB
MemFree:          758988 kB
MemAvailable:    1496036 kB
Buffers:           51896 kB
Cached:           792688 kB
MemTotal:        1844596 kB
MemFree:          760544 kB
MemAvailable:    1497592 kB
Buffers:           51896 kB
Cached:           792688 kB
MemTotal:        1844596 kB
MemFree:          760348 kB
MemAvailable:    1497396 kB
Buffers:           51896 kB
Cached:           792688 kB
MemTotal:        1844596 kB
MemFree:          760284 kB
MemAvailable:    1497332 kB
Buffers:           51896 kB
Cached:           792688 kB
MemTotal:        1844596 kB
MemFree:          760408 kB
MemAvailable:    1497456 kB
Buffers:           51896 kB
Cached:           792688 kB
MemTotal:        1844596 kB
MemFree:          758524 kB
MemAvailable:    1495572 kB
Buffers:           51896 kB
Cached:           792688 kB
MemTotal:        1844596 kB
MemFree:          757516 kB
MemAvailable:    1494564 kB
Buffers:           51896 kB
Cached:           792688 kB
MemTotal:        1844596 kB
MemFree:          757708 kB
MemAvailable:    1494756 kB
Buffers:           51896 kB
Cached:           792688 kB
MemTotal:        1844596 kB
MemFree:          757260 kB
MemAvailable:    1494308 kB
Buffers:           51896 kB
Cached:           792688 kB
MemTotal:        1844596 kB
MemFree:          757596 kB
MemAvailable:    1494644 kB
Buffers:           51896 kB
Cached:           792688 kB
MemTotal:        1844596 kB
MemFree:          756028 kB
MemAvailable:    1493076 kB
Buffers:           51896 kB
Cached:           792688 kB
MemTotal:        1844596 kB
MemFree:          757212 kB
MemAvailable:    1494260 kB
Buffers:           51896 kB
Cached:           792688 kB
MemTotal:        1844596 kB
MemFree:          757212 kB
MemAvailable:    1494260 kB
Buffers:           51896 kB
Cached:           792688 kB
MemTotal:        1844596 kB
MemFree:          759216 kB
MemAvailable:    1496264 kB
Buffers:           51896 kB
Cached:           792688 kB
MemTotal:        1844596 kB
MemFree:          759020 kB
MemAvailable:    1496068 kB
Buffers:           51896 kB
Cached:           792688 kB
MemTotal:        1844596 kB
MemFree:          757972 kB
MemAvailable:    1495020 kB
Buffers:           51896 kB
Cached:           792688 kB
MemTotal:        1844596 kB
MemFree:          757716 kB
MemAvailable:    1494932 kB
Buffers:           51896 kB
Cached:           792812 kB
MemTotal:        1844596 kB
MemFree:          757840 kB
MemAvailable:    1495140 kB
Buffers:           51896 kB
Cached:           792936 kB
MemTotal:        1844596 kB
MemFree:          759204 kB
MemAvailable:    1496588 kB
Buffers:           51896 kB
Cached:           793060 kB
MemTotal:        1844596 kB
MemFree:          757780 kB
MemAvailable:    1495248 kB
Buffers:           51896 kB
Cached:           793184 kB
MemTotal:        1844596 kB
MemFree:          757524 kB
MemAvailable:    1495160 kB
Buffers:           51896 kB
Cached:           793308 kB
MemTotal:        1844596 kB
MemFree:          757780 kB
MemAvailable:    1495416 kB
Buffers:           51896 kB
Cached:           793308 kB
MemTotal:        1844596 kB
MemFree:          758636 kB
MemAvailable:    1496272 kB
Buffers:           51896 kB
Cached:           793308 kB
MemTotal:        1844596 kB
MemFree:          758524 kB
MemAvailable:    1496160 kB
Buffers:           51896 kB
Cached:           793308 kB
MemTotal:        1844596 kB
MemFree:          758368 kB
MemAvailable:    1496004 kB
Buffers:           51896 kB
Cached:           793308 kB
MemTotal:        1844596 kB
MemFree:          758516 kB
MemAvailable:    1496152 kB
Buffers:           51896 kB
Cached:           793308 kB
MemTotal:        1844596 kB
MemFree:          758472 kB
MemAvailable:    1496108 kB
Buffers:           51896 kB
Cached:           793308 kB
MemTotal:        1844596 kB
MemFree:          757772 kB
MemAvailable:    1495408 kB
Buffers:           51896 kB
Cached:           793308 kB
MemTotal:        1844596 kB
MemFree:          758588 kB
MemAvailable:    1496224 kB
Buffers:           51896 kB
Cached:           793308 kB
MemTotal:        1844596 kB
MemFree:          757092 kB
MemAvailable:    1494728 kB
Buffers:           51896 kB
Cached:           793308 kB
MemTotal:        1844596 kB
MemFree:          758144 kB
MemAvailable:    1495192 kB
Buffers:           51896 kB
Cached:           792676 kB
MemTotal:        1844596 kB
MemFree:          825556 kB
MemAvailable:    1562604 kB
Buffers:           51896 kB
Cached:           792676 kB
