MemTotal:        1844596 kB
MemFree:          974552 kB
MemAvailable:    1559616 kB
Buffers:           32200 kB
Cached:           655016 kB
MemTotal:        1844596 kB
MemFree:          973568 kB
MemAvailable:    1558632 kB
Buffers:           32200 kB
Cached:           655016 kB
MemTotal:        1844596 kB
MemFree:          971648 kB
MemAvailable:    1556712 kB
Buffers:           32200 kB
Cached:           655016 kB
MemTotal:        1844596 kB
MemFree:          970408 kB
MemAvailable:    1555472 kB
Buffers:           32200 kB
Cached:           655016 kB
MemTotal:        1844596 kB
MemFree:          970096 kB
MemAvailable:    1555160 kB
Buffers:           32200 kB
Cached:           655016 kB
MemTotal:        1844596 kB
MemFree:          968912 kB
MemAvailable:    1553976 kB
Buffers:           32200 kB
Cached:           655016 kB
MemTotal:        1844596 kB
MemFree:          968912 kB
MemAvailable:    1553976 kB
Buffers:           32200 kB
Cached:           655016 kB
MemTotal:        1844596 kB
MemFree:          966996 kB
MemAvailable:    1552060 kB
Buffers:           32200 kB
Cached:           655016 kB
MemTotal:        1844596 kB
MemFree:          964020 kB
MemAvailable:    1549084 kB
Buffers:           32200 kB
Cached:           655016 kB
MemTotal:        1844596 kB
MemFree:          959984 kB
MemAvailable:    1545048 kB
Buffers:           32200 kB
Cached:           655016 kB
MemTotal:        1844596 kB
MemFree:          959860 kB
MemAvailable:    1544924 kB
Buffers:           32200 kB
Cached:           655016 kB
MemTotal:        1844596 kB
MemFree:          960240 kB
MemAvailable:    1545304 kB
Buffers:           32200 kB
Cached:           655016 kB
MemTotal:        1844596 kB
MemFree:          960252 kB
MemAvailable:    1545316 kB
Buffers:           32200 kB
Cached:           655016 kB
MemTotal:        1844596 kB
MemFree:          960312 kB
MemAvailable:    1545376 kB
Buffers:           32200 kB
Cached:           655016 kB
MemTotal:        1844596 kB
MemFree:          959064 kB
MemAvailable:    1544128 kB
Buffers:           32200 kB
Cached:           655016 kB
MemTotal:        1844596 kB
MemFree:          960048 kB
MemAvailable:    1545112 kB
Buffers:           32200 kB
Cached:           655016 kB
MemTotal:        1844596 kB
MemFree:          959312 kB
MemAvailable:    1544376 kB
Buffers:           32200 kB
Cached:           655016 kB
MemTotal:        1844596 kB
MemFree:          958712 kB
MemAvailable:    1543776 kB
Buffers:           32200 kB
Cached:           655016 kB
MemTotal:        1844596 kB
MemFree:          958620 kB
MemAvailable:    1543684 kB
Buffers:           32200 kB
Cached:           655016 kB
MemTotal:        1844596 kB
MemFree:          958008 kB
MemAvailable:    1543072 kB
Buffers:           32200 kB
Cached:           655016 kB
MemTotal:        1844596 kB
MemFree:          956760 kB
MemAvailable:    1541824 kB
Buffers:           32200 kB
Cached:           655016 kB
MemTotal:        1844596 kB
MemFree:          957752 kB
MemAvailable:    1542816 kB
Buffers:           32200 kB
Cached:           655016 kB
MemTotal:        1844596 kB
MemFree:          957636 kB
MemAvailable:    1542700 kB
Buffers:           32200 kB
Cached:           655016 kB
MemTotal:        1844596 kB
MemFree:          957708 kB
MemAvailable:    1542772 kB
Buffers:           32200 kB
Cached:           655016 kB
MemTotal:        1844596 kB
MemFree:          957612 kB
MemAvailable:    1542676 kB
Buffers:           32200 kB
Cached:           655016 kB
MemTotal:        1844596 kB
MemFree:          957868 kB
MemAvailable:    1542932 kB
Buffers:           32200 kB
Cached:           655016 kB
MemTotal:        1844596 kB
MemFree:          957864 kB
MemAvailable:    1542928 kB
Buffers:           32200 kB
Cached:           655016 kB
MemTotal:        1844596 kB
MemFree:          957720 kB
MemAvailable:    1542784 kB
Buffers:           32200 kB
Cached:           655016 kB
MemTotal:        1844596 kB
MemFree:          957720 kB
MemAvailable:    1542784 kB
Buffers:           32200 kB
Cached:           655016 kB
MemTotal:        1844596 kB
MemFree:          957872 kB
MemAvailable:    1542936 kB
Buffers:           32200 kB
Cached:           655016 kB
MemTotal:        1844596 kB
MemFree:          959212 kB
MemAvailable:    1544276 kB
Buffers:           32200 kB
Cached:           655016 kB
MemTotal:        1844596 kB
MemFree:          958512 kB
MemAvailable:    1543576 kB
Buffers:           32200 kB
Cached:           655016 kB
MemTotal:        1844596 kB
MemFree:          958796 kB
MemAvailable:    1543860 kB
Buffers:           32200 kB
Cached:           655016 kB
MemTotal:        1844596 kB
MemFree:          957264 kB
MemAvailable:    1542328 kB
Buffers:           32200 kB
Cached:           655016 kB
MemTotal:        1844596 kB
MemFree:          955712 kB
MemAvailable:    1540776 kB
Buffers:           32200 kB
Cached:           655016 kB
MemTotal:        1844596 kB
MemFree:          955396 kB
MemAvailable:    1540460 kB
Buffers:           32200 kB
Cached:           655016 kB
MemTotal:        1844596 kB
MemFree:          955396 kB
MemAvailable:    1540460 kB
Buffers:           32200 kB
Cached:           655016 kB
MemTotal:        1844596 kB
MemFree:          954660 kB
MemAvailable:    1539724 kB
Buffers:           32200 kB
Cached:           655016 kB
MemTotal:        1844596 kB
MemFree:          954396 kB
MemAvailable:    1539460 kB
Buffers:           32200 kB
Cached:           655016 kB
MemTotal:        1844596 kB
MemFree:          954652 kB
MemAvailable:    1539716 kB
Buffers:           32200 kB
Cached:           655016 kB
MemTotal:        1844596 kB
MemFree:          953596 kB
MemAvailable:    1538660 kB
Buffers:           32200 kB
Cached:           655016 kB
MemTotal:        1844596 kB
MemFree:          953356 kB
MemAvailable:    1538420 kB
Buffers:           32200 kB
Cached:           655016 kB
MemTotal:        1844596 kB
MemFree:          953692 kB
MemAvailable:    1538756 kB
Buffers:           32200 kB
Cached:           655016 kB
MemTotal:        1844596 kB
MemFree:          953616 kB
MemAvailable:    1538680 kB
Buffers:           32200 kB
Cached:           655016 kB
MemTotal:        1844596 kB
MemFree:          953520 kB
MemAvailable:    1538584 kB
Buffers:           32200 kB
Cached:           655016 kB
MemTotal:        1844596 kB
MemFree:          953652 kB
MemAvailable:    1538716 kB
Buffers:           32200 kB
Cached:           655016 kB
MemTotal:        1844596 kB
MemFree:          953648 kB
MemAvailable:    1538712 kB
Buffers:           32200 kB
Cached:           655016 kB
MemTotal:        1844596 kB
MemFree:          953356 kB
MemAvailable:    1538420 kB
Buffers:           32200 kB
Cached:           655016 kB
MemTotal:        1844596 kB
MemFree:          953224 kB
MemAvailable:    1538288 kB
Buffers:           32200 kB
Cached:           655016 kB
MemTotal:        1844596 kB
MemFree:          952736 kB
MemAvailable:    1537800 kB
Buffers:           32200 kB
Cached:           655016 kB
MemTotal:        1844596 kB
MemFree:          952604 kB
MemAvailable:    1537668 kB
Buffers:           32200 kB
Cached:           655016 kB
MemTotal:        1844596 kB
MemFree:          952412 kB
MemAvailable:    1537476 kB
Buffers:           32200 kB
Cached:           655016 kB
MemTotal:        1844596 kB
MemFree:          951296 kB
MemAvailable:    1536360 kB
Buffers:           32200 kB
Cached:           655016 kB
MemTotal:        1844596 kB
MemFree:          952916 kB
MemAvailable:    1537980 kB
Buffers:           32200 kB
Cached:           655016 kB
MemTotal:        1844596 kB
MemFree:          952536 kB
MemAvailable:    1537600 kB
Buffers:           32200 kB
Cached:           655016 kB
MemTotal:        1844596 kB
MemFree:          952016 kB
MemAvailable:    1537080 kB
Buffers:           32200 kB
Cached:           655016 kB
MemTotal:        1844596 kB
MemFree:          952368 kB
MemAvailable:    1537432 kB
Buffers:           32200 kB
Cached:           655016 kB
MemTotal:        1844596 kB
MemFree:          952624 kB
MemAvailable:    1537688 kB
Buffers:           32200 kB
Cached:           655016 kB
MemTotal:        1844596 kB
MemFree:          952680 kB
MemAvailable:    1537744 kB
Buffers:           32200 kB
Cached:           655016 kB
MemTotal:        1844596 kB
MemFree:          952392 kB
MemAvailable:    1537456 kB
Buffers:           32200 kB
Cached:           655016 kB
MemTotal:        1844596 kB
MemFree:          951932 kB
MemAvailable:    1536996 kB
Buffers:           32200 kB
Cached:           655016 kB
MemTotal:        1844596 kB
MemFree:          952552 kB
MemAvailable:    1537616 kB
Buffers:           32200 kB
Cached:           655016 kB
MemTotal:        1844596 kB
MemFree:          952440 kB
MemAvailable:    1537504 kB
Buffers:           32200 kB
Cached:           655016 kB
MemTotal:        1844596 kB
MemFree:          951312 kB
MemAvailable:    1536376 kB
Buffers:           32200 kB
Cached:           655016 kB
MemTotal:        1844596 kB
MemFree:          952228 kB
MemAvailable:    1537292 kB
Buffers:           32200 kB
Cached:           655016 kB
MemTotal:        1844596 kB
MemFree:          951972 kB
MemAvailable:    1537036 kB
Buffers:           32200 kB
Cached:           655016 kB
MemTotal:        1844596 kB
MemFree:          952092 kB
MemAvailable:    1537156 kB
Buffers:           32200 kB
Cached:           655016 kB
MemTotal:        1844596 kB
MemFree:          951064 kB
MemAvailable:    1536128 kB
Buffers:           32200 kB
Cached:           655016 kB
MemTotal:        1844596 kB
MemFree:          951984 kB
MemAvailable:    1537056 kB
Buffers:           32200 kB
Cached:           655024 kB
MemTotal:        1844596 kB
MemFree:          951860 kB
MemAvailable:    1536932 kB
Buffers:           32200 kB
Cached:           655024 kB
MemTotal:        1844596 kB
MemFree:          950676 kB
MemAvailable:    1535748 kB
Buffers:           32200 kB
Cached:           655024 kB
MemTotal:        1844596 kB
MemFree:          951728 kB
MemAvailable:    1536800 kB
Buffers:           32200 kB
Cached:           655024 kB
MemTotal:        1844596 kB
MemFree:          951520 kB
MemAvailable:    1536592 kB
Buffers:           32200 kB
Cached:           655024 kB
MemTotal:        1844596 kB
MemFree:          951520 kB
MemAvailable:    1536592 kB
Buffers:           32200 kB
Cached:           655024 kB
MemTotal:        1844596 kB
MemFree:          951748 kB
MemAvailable:    1536820 kB
Buffers:           32200 kB
Cached:           655024 kB
MemTotal:        1844596 kB
MemFree:          950164 kB
MemAvailable:    1535236 kB
Buffers:           32200 kB
Cached:           655024 kB
MemTotal:        1844596 kB
MemFree:          951560 kB
MemAvailable:    1536636 kB
Buffers:           32200 kB
Cached:           655028 kB
MemTotal:        1844596 kB
MemFree:          951704 kB
MemAvailable:    1536780 kB
Buffers:           32200 kB
Cached:           655028 kB
MemTotal:        1844596 kB
MemFree:          951512 kB
MemAvailable:    1536588 kB
Buffers:           32200 kB
Cached:           655028 kB
MemTotal:        1844596 kB
MemFree:          950824 kB
MemAvailable:    1535900 kB
Buffers:           32200 kB
Cached:           655028 kB
MemTotal:        1844596 kB
MemFree:          950008 kB
MemAvailable:    1535084 kB
Buffers:           32200 kB
Cached:           655028 kB
MemTotal:        1844596 kB
MemFree:          947352 kB
MemAvailable:    1532428 kB
Buffers:           32200 kB
Cached:           655028 kB
MemTotal:        1844596 kB
MemFree:          946296 kB
MemAvailable:    1531372 kB
Buffers:           32200 kB
Cached:           655028 kB
MemTotal:        1844596 kB
MemFree:          944436 kB
MemAvailable:    1529512 kB
Buffers:           32200 kB
Cached:           655028 kB
MemTotal:        1844596 kB
MemFree:          943384 kB
MemAvailable:    1528460 kB
Buffers:           32200 kB
Cached:           655028 kB
MemTotal:        1844596 kB
MemFree:          943948 kB
MemAvailable:    1529024 kB
Buffers:           32200 kB
Cached:           655028 kB
MemTotal:        1844596 kB
MemFree:          943752 kB
MemAvailable:    1528828 kB
Buffers:           32200 kB
Cached:           655028 kB
MemTotal:        1844596 kB
MemFree:          943728 kB
MemAvailable:    1528804 kB
Buffers:           32200 kB
Cached:           655028 kB
MemTotal:        1844596 kB
MemFree:          943416 kB
MemAvailable:    1528492 kB
Buffers:           32200 kB
Cached:           655028 kB
MemTotal:        1844596 kB
MemFree:          943752 kB
MemAvailable:    1528828 kB
Buffers:           32200 kB
Cached:           655028 kB
MemTotal:        1844596 kB
MemFree:          943676 kB
MemAvailable:    1528752 kB
Buffers:           32200 kB
Cached:           655028 kB
MemTotal:        1844596 kB
MemFree:          942640 kB
MemAvailable:    1527716 kB
Buffers:           32200 kB
Cached:           655028 kB
MemTotal:        1844596 kB
MemFree:          943692 kB
MemAvailable:    1528768 kB
Buffers:           32200 kB
Cached:           655028 kB
MemTotal:        1844596 kB
MemFree:          943644 kB
MemAvailable:    1528720 kB
Buffers:           32200 kB
Cached:           655028 kB
MemTotal:        1844596 kB
MemFree:          943384 kB
MemAvailable:    1528460 kB
Buffers:           32200 kB
Cached:           655028 kB
MemTotal:        1844596 kB
MemFree:          943696 kB
MemAvailable:    1528772 kB
Buffers:           32200 kB
Cached:           655028 kB
MemTotal:        1844596 kB
MemFree:          943864 kB
MemAvailable:    1528940 kB
Buffers:           32200 kB
Cached:           655028 kB
MemTotal:        1844596 kB
MemFree:          943568 kB
MemAvailable:    1528644 kB
Buffers:           32200 kB
Cached:           655028 kB
MemTotal:        1844596 kB
MemFree:          943500 kB
MemAvailable:    1528576 kB
Buffers:           32200 kB
Cached:           655028 kB
MemTotal:        1844596 kB
MemFree:          943668 kB
MemAvailable:    1528744 kB
Buffers:           32200 kB
Cached:           655028 kB
MemTotal:        1844596 kB
MemFree:          943632 kB
MemAvailable:    1528708 kB
Buffers:           32200 kB
Cached:           655028 kB
MemTotal:        1844596 kB
MemFree:          943500 kB
MemAvailable:    1528576 kB
Buffers:           32200 kB
Cached:           655028 kB
MemTotal:        1844596 kB
MemFree:          942252 kB
MemAvailable:    1527328 kB
Buffers:           32200 kB
Cached:           655028 kB
MemTotal:        1844596 kB
MemFree:          943012 kB
MemAvailable:    1528088 kB
Buffers:           32200 kB
Cached:           655028 kB
MemTotal:        1844596 kB
MemFree:          942516 kB
MemAvailable:    1527592 kB
Buffers:           32200 kB
Cached:           655028 kB
MemTotal:        1844596 kB
MemFree:          942452 kB
MemAvailable:    1527528 kB
Buffers:           32200 kB
Cached:           655028 kB
MemTotal:        1844596 kB
MemFree:          942196 kB
MemAvailable:    1527272 kB
Buffers:           32200 kB
Cached:           655028 kB
MemTotal:        1844596 kB
MemFree:          942004 kB
MemAvailable:    1527080 kB
Buffers:           32200 kB
Cached:           655028 kB
MemTotal:        1844596 kB
MemFree:          942256 kB
MemAvailable:    1527332 kB
Buffers:           32200 kB
Cached:           655028 kB
MemTotal:        1844596 kB
MemFree:          940036 kB
MemAvailable:    1525112 kB
Buffers:           32200 kB
Cached:           655028 kB
MemTotal:        1844596 kB
MemFree:          941088 kB
MemAvailable:    1526164 kB
Buffers:           32200 kB
Cached:           655028 kB
MemTotal:        1844596 kB
MemFree:          940284 kB
MemAvailable:    1525360 kB
Buffers:           32200 kB
Cached:           655028 kB
MemTotal:        1844596 kB
MemFree:          940276 kB
MemAvailable:    1525352 kB
Buffers:           32200 kB
Cached:           655028 kB
MemTotal:        1844596 kB
MemFree:          940276 kB
MemAvailable:    1525352 kB
Buffers:           32200 kB
Cached:           655028 kB
MemTotal:        1844596 kB
MemFree:          940008 kB
MemAvailable:    1525084 kB
Buffers:           32200 kB
Cached:           655028 kB
MemTotal:        1844596 kB
MemFree:          940344 kB
MemAvailable:    1525420 kB
Buffers:           32200 kB
Cached:           655028 kB
MemTotal:        1844596 kB
MemFree:          939876 kB
MemAvailable:    1524952 kB
Buffers:           32200 kB
Cached:           655028 kB
MemTotal:        1844596 kB
MemFree:          940128 kB
MemAvailable:    1525204 kB
Buffers:           32200 kB
Cached:           655028 kB
MemTotal:        1844596 kB
MemFree:          939752 kB
MemAvailable:    1524828 kB
Buffers:           32200 kB
Cached:           655028 kB
MemTotal:        1844596 kB
MemFree:          939752 kB
MemAvailable:    1524828 kB
Buffers:           32200 kB
Cached:           655028 kB
MemTotal:        1844596 kB
MemFree:          939888 kB
MemAvailable:    1524964 kB
Buffers:           32200 kB
Cached:           655028 kB
MemTotal:        1844596 kB
MemFree:          939700 kB
MemAvailable:    1524776 kB
Buffers:           32200 kB
Cached:           655028 kB
MemTotal:        1844596 kB
MemFree:          939700 kB
MemAvailable:    1524776 kB
Buffers:           32200 kB
Cached:           655028 kB
MemTotal:        1844596 kB
MemFree:          939740 kB
MemAvailable:    1524816 kB
Buffers:           32200 kB
Cached:           655028 kB
MemTotal:        1844596 kB
MemFree:          939944 kB
MemAvailable:    1525020 kB
Buffers:           32200 kB
Cached:           655028 kB
MemTotal:        1844596 kB
MemFree:          939604 kB
MemAvailable:    1524680 kB
Buffers:           32200 kB
Cached:           655028 kB
MemTotal:        1844596 kB
MemFree:          939340 kB
MemAvailable:    1524416 kB
Buffers:           32200 kB
Cached:           655028 kB
MemTotal:        1844596 kB
MemFree:          939596 kB
MemAvailable:    1524672 kB
Buffers:           32200 kB
Cached:           655028 kB
MemTotal:        1844596 kB
MemFree:          935004 kB
MemAvailable:    1520080 kB
Buffers:           32200 kB
Cached:           655028 kB
MemTotal:        1844596 kB
MemFree:          934316 kB
MemAvailable:    1519392 kB
Buffers:           32200 kB
Cached:           655028 kB
MemTotal:        1844596 kB
MemFree:          934568 kB
MemAvailable:    1519644 kB
Buffers:           32200 kB
Cached:           655028 kB
MemTotal:        1844596 kB
MemFree:          932952 kB
MemAvailable:    1518028 kB
Buffers:           32200 kB
Cached:           655028 kB
MemTotal:        1844596 kB
MemFree:          934088 kB
MemAvailable:    1519164 kB
Buffers:           32200 kB
Cached:           655028 kB
MemTotal:        1844596 kB
MemFree:          934088 kB
MemAvailable:    1519164 kB
Buffers:           32200 kB
Cached:           655028 kB
MemTotal:        1844596 kB
MemFree:          933036 kB
MemAvailable:    1518112 kB
Buffers:           32200 kB
Cached:           655028 kB
MemTotal:        1844596 kB
MemFree:          933028 kB
MemAvailable:    1518104 kB
Buffers:           32200 kB
Cached:           655028 kB
MemTotal:        1844596 kB
MemFree:          934080 kB
MemAvailable:    1519156 kB
Buffers:           32200 kB
Cached:           655028 kB
MemTotal:        1844596 kB
MemFree:          933948 kB
MemAvailable:    1519024 kB
Buffers:           32200 kB
Cached:           655028 kB
MemTotal:        1844596 kB
MemFree:          933860 kB
MemAvailable:    1518936 kB
Buffers:           32200 kB
Cached:           655028 kB
MemTotal:        1844596 kB
MemFree:          933896 kB
MemAvailable:    1518972 kB
Buffers:           32200 kB
Cached:           655028 kB
MemTotal:        1844596 kB
MemFree:          933764 kB
MemAvailable:    1518840 kB
Buffers:           32200 kB
Cached:           655028 kB
MemTotal:        1844596 kB
MemFree:          933340 kB
MemAvailable:    1518416 kB
Buffers:           32200 kB
Cached:           655028 kB
MemTotal:        1844596 kB
MemFree:          933560 kB
MemAvailable:    1518636 kB
Buffers:           32200 kB
Cached:           655028 kB
MemTotal:        1844596 kB
MemFree:          933812 kB
MemAvailable:    1518888 kB
Buffers:           32200 kB
Cached:           655028 kB
MemTotal:        1844596 kB
MemFree:          933624 kB
MemAvailable:    1518700 kB
Buffers:           32200 kB
Cached:           655028 kB
MemTotal:        1844596 kB
MemFree:          932580 kB
MemAvailable:    1517656 kB
Buffers:           32200 kB
Cached:           655028 kB
MemTotal:        1844596 kB
MemFree:          932792 kB
MemAvailable:    1517868 kB
Buffers:           32200 kB
Cached:           655028 kB
MemTotal:        1844596 kB
MemFree:          930796 kB
MemAvailable:    1515872 kB
Buffers:           32200 kB
Cached:           655028 kB
MemTotal:        1844596 kB
MemFree:          929620 kB
MemAvailable:    1514696 kB
Buffers:           32200 kB
Cached:           655028 kB
MemTotal:        1844596 kB
MemFree:          930560 kB
MemAvailable:    1515636 kB
Buffers:           32200 kB
Cached:           655028 kB
MemTotal:        1844596 kB
MemFree:          929436 kB
MemAvailable:    1514512 kB
Buffers:           32200 kB
Cached:           655028 kB
MemTotal:        1844596 kB
MemFree:          929348 kB
MemAvailable:    1514424 kB
Buffers:           32200 kB
Cached:           655028 kB
MemTotal:        1844596 kB
MemFree:          929868 kB
MemAvailable:    1514944 kB
Buffers:           32200 kB
Cached:           655028 kB
MemTotal:        1844596 kB
MemFree:          929860 kB
MemAvailable:    1514948 kB
Buffers:           32200 kB
Cached:           655040 kB
MemTotal:        1844596 kB
MemFree:          932316 kB
MemAvailable:    1517404 kB
Buffers:           32200 kB
Cached:           655040 kB
MemTotal:        1844596 kB
MemFree:          932568 kB
MemAvailable:    1517656 kB
Buffers:           32200 kB
Cached:           655040 kB
MemTotal:        1844596 kB
MemFree:          932276 kB
MemAvailable:    1517364 kB
Buffers:           32200 kB
Cached:           655040 kB
MemTotal:        1844596 kB
MemFree:          931336 kB
MemAvailable:    1516508 kB
Buffers:           32200 kB
Cached:           655164 kB
MemTotal:        1844596 kB
MemFree:          932452 kB
MemAvailable:    1517624 kB
Buffers:           32200 kB
Cached:           655164 kB
MemTotal:        1844596 kB
MemFree:          931700 kB
MemAvailable:    1517124 kB
Buffers:           32200 kB
Cached:           655412 kB
MemTotal:        1844596 kB
MemFree:          930708 kB
MemAvailable:    1516132 kB
Buffers:           32200 kB
Cached:           655412 kB
MemTotal:        1844596 kB
MemFree:          932000 kB
MemAvailable:    1517592 kB
Buffers:           32200 kB
Cached:           655536 kB
MemTotal:        1844596 kB
MemFree:          931712 kB
MemAvailable:    1517352 kB
Buffers:           32200 kB
Cached:           655616 kB
MemTotal:        1844596 kB
MemFree:          931968 kB
MemAvailable:    1517608 kB
Buffers:           32200 kB
Cached:           655616 kB
MemTotal:        1844596 kB
MemFree:          930596 kB
MemAvailable:    1516236 kB
Buffers:           32200 kB
Cached:           655616 kB
MemTotal:        1844596 kB
MemFree:          930596 kB
MemAvailable:    1516320 kB
Buffers:           32200 kB
Cached:           655740 kB
MemTotal:        1844596 kB
MemFree:          930588 kB
MemAvailable:    1516312 kB
Buffers:           32200 kB
Cached:           655740 kB
MemTotal:        1844596 kB
MemFree:          930736 kB
MemAvailable:    1516460 kB
Buffers:           32200 kB
Cached:           655740 kB
MemTotal:        1844596 kB
MemFree:          930604 kB
MemAvailable:    1516328 kB
Buffers:           32200 kB
Cached:           655740 kB
MemTotal:        1844596 kB
MemFree:          930736 kB
MemAvailable:    1516460 kB
Buffers:           32200 kB
Cached:           655740 kB
MemTotal:        1844596 kB
MemFree:          932036 kB
MemAvailable:    1517760 kB
Buffers:           32200 kB
Cached:           655740 kB
MemTotal:        1844596 kB
MemFree:          931912 kB
MemAvailable:    1517636 kB
Buffers:           32200 kB
Cached:           655740 kB
MemTotal:        1844596 kB
MemFree:          931896 kB
MemAvailable:    1517032 kB
Buffers:           32200 kB
Cached:           655068 kB
MemTotal:        1844596 kB
MemFree:          962636 kB
MemAvailable:    1547856 kB
Buffers:           32200 kB
Cached:           655068 kB
