MemTotal:        1844596 kB
MemFree:          843044 kB
MemAvailable:    1541448 kB
Buffers:           47688 kB
Cached:           761392 kB
MemTotal:        1844596 kB
MemFree:          840108 kB
MemAvailable:    1538512 kB
Buffers:           47688 kB
Cached:           761392 kB
MemTotal:        1844596 kB
MemFree:          839312 kB
MemAvailable:    1537716 kB
Buffers:           47688 kB
Cached:           761392 kB
MemTotal:        1844596 kB
MemFree:          837836 kB
MemAvailable:    1536240 kB
Buffers:           47688 kB
Cached:           761392 kB
MemTotal:        1844596 kB
MemFree:          837944 kB
MemAvailable:    1536348 kB
Buffers:           47688 kB
Cached:           761392 kB
MemTotal:        1844596 kB
MemFree:          836644 kB
MemAvailable:    1535048 kB
Buffers:           47688 kB
Cached:           761392 kB
MemTotal:        1844596 kB
MemFree:          834908 kB
MemAvailable:    1533312 kB
Buffers:           47688 kB
Cached:           761392 kB
MemTotal:        1844596 kB
MemFree:          832056 kB
MemAvailable:    1530460 kB
Buffers:           47688 kB
Cached:           761392 kB
MemTotal:        1844596 kB
MemFree:          827700 kB
MemAvailable:    1526104 kB
Buffers:           47688 kB
Cached:           761392 kB
MemTotal:        1844596 kB
MemFree:          827664 kB
MemAvailable:    1526068 kB
Buffers:           47688 kB
Cached:           761392 kB
MemTotal:        1844596 kB
MemFree:          827752 kB
MemAvailable:    1526156 kB
Buffers:           47688 kB
Cached:           761392 kB
MemTotal:        1844596 kB
MemFree:          828088 kB
MemAvailable:    1526492 kB
Buffers:           47688 kB
Cached:           761392 kB
MemTotal:        1844596 kB
MemFree:          827652 kB
MemAvailable:    1526056 kB
Buffers:           47688 kB
Cached:           761392 kB
MemTotal:        1844596 kB
MemFree:          827988 kB
MemAvailable:    1526392 kB
Buffers:           47688 kB
Cached:           761392 kB
MemTotal:        1844596 kB
MemFree:          827520 kB
MemAvailable:    1525924 kB
Buffers:           47688 kB
Cached:           761392 kB
MemTotal:        1844596 kB
MemFree:          827520 kB
MemAvailable:    1525924 kB
Buffers:           47688 kB
Cached:           761392 kB
MemTotal:        1844596 kB
MemFree:          826840 kB
MemAvailable:    1525244 kB
Buffers:           47688 kB
Cached:           761392 kB
MemTotal:        1844596 kB
MemFree:          825112 kB
MemAvailable:    1523516 kB
Buffers:           47688 kB
Cached:           761392 kB
MemTotal:        1844596 kB
MemFree:          824864 kB
MemAvailable:    1523268 kB
Buffers:           47688 kB
Cached:           761392 kB
MemTotal:        1844596 kB
MemFree:          825476 kB
MemAvailable:    1523888 kB
Buffers:           47688 kB
Cached:           761396 kB
MemTotal:        1844596 kB
MemFree:          825560 kB
MemAvailable:    1523972 kB
Buffers:           47688 kB
Cached:           761396 kB
MemTotal:        1844596 kB
MemFree:          825352 kB
MemAvailable:    1523764 kB
Buffers:           47688 kB
Cached:           761396 kB
MemTotal:        1844596 kB
MemFree:          825244 kB
MemAvailable:    1523656 kB
Buffers:           47688 kB
Cached:           761396 kB
MemTotal:        1844596 kB
MemFree:          825556 kB
MemAvailable:    1523968 kB
Buffers:           47688 kB
Cached:           761396 kB
MemTotal:        1844596 kB
MemFree:          823980 kB
MemAvailable:    1522392 kB
Buffers:           47688 kB
Cached:           761396 kB
MemTotal:        1844596 kB
MemFree:          825340 kB
MemAvailable:    1523752 kB
Buffers:           47688 kB
Cached:           761396 kB
MemTotal:        1844596 kB
MemFree:          825244 kB
MemAvailable:    1523656 kB
Buffers:           47688 kB
Cached:           761396 kB
MemTotal:        1844596 kB
MemFree:          825288 kB
MemAvailable:    1523700 kB
Buffers:           47688 kB
Cached:           761396 kB
MemTotal:        1844596 kB
MemFree:          825156 kB
MemAvailable:    1523568 kB
Buffers:           47688 kB
Cached:           761396 kB
MemTotal:        1844596 kB
MemFree:          826756 kB
MemAvailable:    1525168 kB
Buffers:           47688 kB
Cached:           761396 kB
MemTotal:        1844596 kB
MemFree:          826104 kB
MemAvailable:    1524516 kB
Buffers:           47688 kB
Cached:           761396 kB
MemTotal:        1844596 kB
MemFree:          824228 kB
MemAvailable:    1522640 kB
Buffers:           47688 kB
Cached:           761396 kB
MemTotal:        1844596 kB
MemFree:          824228 kB
MemAvailable:    1522640 kB
Buffers:           47688 kB
Cached:           761396 kB
MemTotal:        1844596 kB
MemFree:          823252 kB
MemAvailable:    1521664 kB
Buffers:           47688 kB
Cached:           761396 kB
MemTotal:        1844596 kB
MemFree:          822880 kB
MemAvailable:    1521292 kB
Buffers:           47688 kB
Cached:           761396 kB
MemTotal:        1844596 kB
MemFree:          821516 kB
MemAvailable:    1519928 kB
Buffers:           47688 kB
Cached:           761396 kB
MemTotal:        1844596 kB
MemFree:          821940 kB
MemAvailable:    1520352 kB
Buffers:           47688 kB
Cached:           761396 kB
MemTotal:        1844596 kB
MemFree:          822108 kB
MemAvailable:    1520520 kB
Buffers:           47688 kB
Cached:           761396 kB
MemTotal:        1844596 kB
MemFree:          820268 kB
MemAvailable:    1518680 kB
Buffers:           47688 kB
Cached:           761396 kB
MemTotal:        1844596 kB
MemFree:          820260 kB
MemAvailable:    1518672 kB
Buffers:           47688 kB
Cached:           761396 kB
MemTotal:        1844596 kB
MemFree:          820144 kB
MemAvailable:    1518556 kB
Buffers:           47688 kB
Cached:           761396 kB
MemTotal:        1844596 kB
MemFree:          821384 kB
MemAvailable:    1519796 kB
Buffers:           47688 kB
Cached:           761396 kB
MemTotal:        1844596 kB
MemFree:          820400 kB
MemAvailable:    1518812 kB
Buffers:           47688 kB
Cached:           761396 kB
MemTotal:        1844596 kB
MemFree:          821488 kB
MemAvailable:    1519900 kB
Buffers:           47688 kB
Cached:           761396 kB
MemTotal:        1844596 kB
MemFree:          820276 kB
MemAvailable:    1518688 kB
Buffers:           47688 kB
Cached:           761396 kB
MemTotal:        1844596 kB
MemFree:          821188 kB
MemAvailable:    1519600 kB
Buffers:           47688 kB
Cached:           761396 kB
MemTotal:        1844596 kB
MemFree:          819532 kB
MemAvailable:    1517944 kB
Buffers:           47688 kB
Cached:           761396 kB
MemTotal:        1844596 kB
MemFree:          820352 kB
MemAvailable:    1518764 kB
Buffers:           47688 kB
Cached:           761396 kB
MemTotal:        1844596 kB
MemFree:          820268 kB
MemAvailable:    1518680 kB
Buffers:           47688 kB
Cached:           761396 kB
MemTotal:        1844596 kB
MemFree:          818864 kB
MemAvailable:    1517276 kB
Buffers:           47688 kB
Cached:           761396 kB
MemTotal:        1844596 kB
MemFree:          820248 kB
MemAvailable:    1518660 kB
Buffers:           47688 kB
Cached:           761396 kB
MemTotal:        1844596 kB
MemFree:          819408 kB
MemAvailable:    1517820 kB
Buffers:           47688 kB
Cached:           761396 kB
MemTotal:        1844596 kB
MemFree:          820084 kB
MemAvailable:    1518496 kB
Buffers:           47688 kB
Cached:           761396 kB
MemTotal:        1844596 kB
MemFree:          820336 kB
MemAvailable:    1518748 kB
Buffers:           47688 kB
Cached:           761396 kB
MemTotal:        1844596 kB
MemFree:          820200 kB
MemAvailable:    1518612 kB
Buffers:           47688 kB
Cached:           761396 kB
MemTotal:        1844596 kB
MemFree:          820132 kB
MemAvailable:    1518544 kB
Buffers:           47688 kB
Cached:           761396 kB
MemTotal:        1844596 kB
MemFree:          819016 kB
MemAvailable:    1517428 kB
Buffers:           47688 kB
Cached:           761396 kB
MemTotal:        1844596 kB
MemFree:          818968 kB
MemAvailable:    1517380 kB
Buffers:           47688 kB
Cached:           761396 kB
MemTotal:        1844596 kB
MemFree:          820144 kB
MemAvailable:    1518556 kB
Buffers:           47688 kB
Cached:           761396 kB
MemTotal:        1844596 kB
MemFree:          820396 kB
MemAvailable:    1518808 kB
Buffers:           47688 kB
Cached:           761396 kB
MemTotal:        1844596 kB
MemFree:          820020 kB
MemAvailable:    1518432 kB
Buffers:           47688 kB
Cached:           761396 kB
MemTotal:        1844596 kB
MemFree:          819948 kB
MemAvailable:    1518360 kB
Buffers:           47688 kB
Cached:           761396 kB
MemTotal:        1844596 kB
MemFree:          818788 kB
MemAvailable:    1517200 kB
Buffers:           47688 kB
Cached:           761396 kB
MemTotal:        1844596 kB
MemFree:          818400 kB
MemAvailable:    1516816 kB
Buffers:           47688 kB
Cached:           761400 kB
MemTotal:        1844596 kB
MemFree:          819648 kB
MemAvailable:    1518064 kB
Buffers:           47688 kB
Cached:           761400 kB
MemTotal:        1844596 kB
MemFree:          819228 kB
MemAvailable:    1517644 kB
Buffers:           47688 kB
Cached:           761400 kB
MemTotal:        1844596 kB
MemFree:          819396 kB
MemAvailable:    1517812 kB
Buffers:           47688 kB
Cached:           761400 kB
MemTotal:        1844596 kB
MemFree:          817856 kB
MemAvailable:    1516272 kB
Buffers:           47688 kB
Cached:           761400 kB
MemTotal:        1844596 kB
MemFree:          819416 kB
MemAvailable:    1517832 kB
Buffers:           47688 kB
Cached:           761400 kB
MemTotal:        1844596 kB
MemFree:          817892 kB
MemAvailable:    1516308 kB
Buffers:           47688 kB
Cached:           761400 kB
MemTotal:        1844596 kB
MemFree:          819000 kB
MemAvailable:    1517416 kB
Buffers:           47688 kB
Cached:           761400 kB
MemTotal:        1844596 kB
MemFree:          819168 kB
MemAvailable:    1517584 kB
Buffers:           47688 kB
Cached:           761400 kB
MemTotal:        1844596 kB
MemFree:          819216 kB
MemAvailable:    1517632 kB
Buffers:           47688 kB
Cached:           761400 kB
MemTotal:        1844596 kB
MemFree:          819036 kB
MemAvailable:    1517452 kB
Buffers:           47688 kB
Cached:           761400 kB
MemTotal:        1844596 kB
MemFree:          819104 kB
MemAvailable:    1517520 kB
Buffers:           47688 kB
Cached:           761400 kB
MemTotal:        1844596 kB
MemFree:          819228 kB
MemAvailable:    1517644 kB
Buffers:           47688 kB
Cached:           761400 kB
MemTotal:        1844596 kB
MemFree:          816904 kB
MemAvailable:    1515320 kB
Buffers:           47688 kB
Cached:           761400 kB
MemTotal:        1844596 kB
MemFree:          816432 kB
MemAvailable:    1514848 kB
Buffers:           47688 kB
Cached:           761400 kB
MemTotal:        1844596 kB
MemFree:          814324 kB
MemAvailable:    1512740 kB
Buffers:           47688 kB
Cached:           761400 kB
MemTotal:        1844596 kB
MemFree:          810720 kB
MemAvailable:    1509136 kB
Buffers:           47688 kB
Cached:           761400 kB
MemTotal:        1844596 kB
MemFree:          810604 kB
MemAvailable:    1509020 kB
Buffers:           47688 kB
Cached:           761400 kB
MemTotal:        1844596 kB
MemFree:          811456 kB
MemAvailable:    1509872 kB
Buffers:           47688 kB
Cached:           761400 kB
MemTotal:        1844596 kB
MemFree:          811456 kB
MemAvailable:    1509872 kB
Buffers:           47688 kB
Cached:           761400 kB
MemTotal:        1844596 kB
MemFree:          810080 kB
MemAvailable:    1508496 kB
Buffers:           47688 kB
Cached:           761400 kB
MemTotal:        1844596 kB
MemFree:          811340 kB
MemAvailable:    1509756 kB
Buffers:           47688 kB
Cached:           761400 kB
MemTotal:        1844596 kB
MemFree:          810480 kB
MemAvailable:    1508896 kB
Buffers:           47688 kB
Cached:           761400 kB
MemTotal:        1844596 kB
MemFree:          811072 kB
MemAvailable:    1509488 kB
Buffers:           47688 kB
Cached:           761400 kB
MemTotal:        1844596 kB
MemFree:          811408 kB
MemAvailable:    1509824 kB
Buffers:           47688 kB
Cached:           761400 kB
MemTotal:        1844596 kB
MemFree:          811260 kB
MemAvailable:    1509676 kB
Buffers:           47688 kB
Cached:           761400 kB
MemTotal:        1844596 kB
MemFree:          811260 kB
MemAvailable:    1509676 kB
Buffers:           47688 kB
Cached:           761400 kB
MemTotal:        1844596 kB
MemFree:          811092 kB
MemAvailable:    1509508 kB
Buffers:           47688 kB
Cached:           761400 kB
MemTotal:        1844596 kB
MemFree:          811348 kB
MemAvailable:    1509764 kB
Buffers:           47688 kB
Cached:           761400 kB
MemTotal:        1844596 kB
MemFree:          811200 kB
MemAvailable:    1509616 kB
Buffers:           47688 kB
Cached:           761400 kB
MemTotal:        1844596 kB
MemFree:          811076 kB
MemAvailable:    1509492 kB
Buffers:           47688 kB
Cached:           761400 kB
MemTotal:        1844596 kB
MemFree:          811388 kB
MemAvailable:    1509804 kB
Buffers:           47688 kB
Cached:           761400 kB
MemTotal:        1844596 kB
MemFree:          810588 kB
MemAvailable:    1509012 kB
Buffers:           47688 kB
Cached:           761408 kB
MemTotal:        1844596 kB
MemFree:          810924 kB
MemAvailable:    1509348 kB
Buffers:           47688 kB
Cached:           761408 kB
MemTotal:        1844596 kB
MemFree:          809232 kB
MemAvailable:    1507656 kB
Buffers:           47688 kB
Cached:           761408 kB
MemTotal:        1844596 kB
MemFree:          809920 kB
MemAvailable:    1508344 kB
Buffers:           47688 kB
Cached:           761408 kB
MemTotal:        1844596 kB
MemFree:          809728 kB
MemAvailable:    1508152 kB
Buffers:           47688 kB
Cached:           761408 kB
MemTotal:        1844596 kB
MemFree:          808620 kB
MemAvailable:    1507044 kB
Buffers:           47688 kB
Cached:           761408 kB
MemTotal:        1844596 kB
MemFree:          809232 kB
MemAvailable:    1507656 kB
Buffers:           47688 kB
Cached:           761408 kB
MemTotal:        1844596 kB
MemFree:          809320 kB
MemAvailable:    1507744 kB
Buffers:           47688 kB
Cached:           761408 kB
MemTotal:        1844596 kB
MemFree:          808240 kB
MemAvailable:    1506664 kB
Buffers:           47688 kB
Cached:           761408 kB
MemTotal:        1844596 kB
MemFree:          808324 kB
MemAvailable:    1506748 kB
Buffers:           47688 kB
Cached:           761408 kB
MemTotal:        1844596 kB
MemFree:          806752 kB
MemAvailable:    1505176 kB
Buffers:           47688 kB
Cached:           761408 kB
MemTotal:        1844596 kB
MemFree:          808060 kB
MemAvailable:    1506484 kB
Buffers:           47688 kB
Cached:           761408 kB
MemTotal:        1844596 kB
MemFree:          807744 kB
MemAvailable:    1506168 kB
Buffers:           47688 kB
Cached:           761408 kB
MemTotal:        1844596 kB
MemFree:          807512 kB
MemAvailable:    1505936 kB
Buffers:           47688 kB
Cached:           761408 kB
MemTotal:        1844596 kB
MemFree:          807232 kB
MemAvailable:    1505656 kB
Buffers:           47688 kB
Cached:           761408 kB
MemTotal:        1844596 kB
MemFree:          807568 kB
MemAvailable:    1505992 kB
Buffers:           47688 kB
Cached:           761408 kB
MemTotal:        1844596 kB
MemFree:          807352 kB
MemAvailable:    1505776 kB
Buffers:           47688 kB
Cached:           761408 kB
MemTotal:        1844596 kB
MemFree:          807604 kB
MemAvailable:    1506028 kB
Buffers:           47688 kB
Cached:           761408 kB
MemTotal:        1844596 kB
MemFree:          807184 kB
MemAvailable:    1505608 kB
Buffers:           47688 kB
Cached:           761408 kB
MemTotal:        1844596 kB
MemFree:          807520 kB
MemAvailable:    1505944 kB
Buffers:           47688 kB
Cached:           761408 kB
MemTotal:        1844596 kB
MemFree:          806244 kB
MemAvailable:    1504668 kB
Buffers:           47688 kB
Cached:           761408 kB
MemTotal:        1844596 kB
MemFree:          806244 kB
MemAvailable:    1504668 kB
Buffers:           47688 kB
Cached:           761408 kB
MemTotal:        1844596 kB
MemFree:          807060 kB
MemAvailable:    1505484 kB
Buffers:           47688 kB
Cached:           761408 kB
MemTotal:        1844596 kB
MemFree:          805892 kB
MemAvailable:    1504316 kB
Buffers:           47688 kB
Cached:           761408 kB
MemTotal:        1844596 kB
MemFree:          803404 kB
MemAvailable:    1501828 kB
Buffers:           47688 kB
Cached:           761408 kB
MemTotal:        1844596 kB
MemFree:          803244 kB
MemAvailable:    1501668 kB
Buffers:           47688 kB
Cached:           761408 kB
MemTotal:        1844596 kB
MemFree:          802172 kB
MemAvailable:    1500596 kB
Buffers:           47688 kB
Cached:           761408 kB
MemTotal:        1844596 kB
MemFree:          802108 kB
MemAvailable:    1500532 kB
Buffers:           47688 kB
Cached:           761408 kB
MemTotal:        1844596 kB
MemFree:          801776 kB
MemAvailable:    1500200 kB
Buffers:           47688 kB
Cached:           761408 kB
MemTotal:        1844596 kB
MemFree:          801776 kB
MemAvailable:    1500200 kB
Buffers:           47688 kB
Cached:           761408 kB
MemTotal:        1844596 kB
MemFree:          801520 kB
MemAvailable:    1499944 kB
Buffers:           47688 kB
Cached:           761408 kB
MemTotal:        1844596 kB
MemFree:          801772 kB
MemAvailable:    1500196 kB
Buffers:           47688 kB
Cached:           761408 kB
MemTotal:        1844596 kB
MemFree:          800280 kB
MemAvailable:    1498704 kB
Buffers:           47688 kB
Cached:           761408 kB
MemTotal:        1844596 kB
MemFree:          801588 kB
MemAvailable:    1500012 kB
Buffers:           47688 kB
Cached:           761408 kB
MemTotal:        1844596 kB
MemFree:          800436 kB
MemAvailable:    1498860 kB
Buffers:           47688 kB
Cached:           761408 kB
MemTotal:        1844596 kB
MemFree:          801248 kB
MemAvailable:    1499672 kB
Buffers:           47688 kB
Cached:           761408 kB
MemTotal:        1844596 kB
MemFree:          800008 kB
MemAvailable:    1498432 kB
Buffers:           47688 kB
Cached:           761408 kB
MemTotal:        1844596 kB
MemFree:          799320 kB
MemAvailable:    1497744 kB
Buffers:           47688 kB
Cached:           761408 kB
MemTotal:        1844596 kB
MemFree:          798804 kB
MemAvailable:    1497228 kB
Buffers:           47688 kB
Cached:           761408 kB
MemTotal:        1844596 kB
MemFree:          797584 kB
MemAvailable:    1496008 kB
Buffers:           47688 kB
Cached:           761408 kB
MemTotal:        1844596 kB
MemFree:          798312 kB
MemAvailable:    1496740 kB
Buffers:           47688 kB
Cached:           761412 kB
MemTotal:        1844596 kB
MemFree:          798396 kB
MemAvailable:    1496824 kB
Buffers:           47688 kB
Cached:           761412 kB
MemTotal:        1844596 kB
MemFree:          798184 kB
MemAvailable:    1496612 kB
Buffers:           47688 kB
Cached:           761412 kB
MemTotal:        1844596 kB
MemFree:          798520 kB
MemAvailable:    1496948 kB
Buffers:           47688 kB
Cached:           761412 kB
MemTotal:        1844596 kB
MemFree:          798328 kB
MemAvailable:    1496756 kB
Buffers:           47688 kB
Cached:           761412 kB
MemTotal:        1844596 kB
MemFree:          800332 kB
MemAvailable:    1498760 kB
Buffers:           47688 kB
Cached:           761412 kB
MemTotal:        1844596 kB
MemFree:          799024 kB
MemAvailable:    1497452 kB
Buffers:           47688 kB
Cached:           761412 kB
MemTotal:        1844596 kB
MemFree:          800132 kB
MemAvailable:    1498728 kB
Buffers:           47688 kB
Cached:           761536 kB
MemTotal:        1844596 kB
MemFree:          800300 kB
MemAvailable:    1498896 kB
Buffers:           47688 kB
Cached:           761536 kB
MemTotal:        1844596 kB
MemFree:          799768 kB
MemAvailable:    1498532 kB
Buffers:           47688 kB
Cached:           761660 kB
MemTotal:        1844596 kB
MemFree:          800104 kB
MemAvailable:    1498868 kB
Buffers:           47688 kB
Cached:           761660 kB
MemTotal:        1844596 kB
MemFree:          798652 kB
MemAvailable:    1497500 kB
Buffers:           47688 kB
Cached:           761908 kB
MemTotal:        1844596 kB
MemFree:          799544 kB
MemAvailable:    1498560 kB
Buffers:           47688 kB
Cached:           761908 kB
MemTotal:        1844596 kB
MemFree:          799628 kB
MemAvailable:    1498644 kB
Buffers:           47688 kB
Cached:           761908 kB
MemTotal:        1844596 kB
MemFree:          799248 kB
MemAvailable:    1498264 kB
Buffers:           47688 kB
Cached:           762032 kB
MemTotal:        1844596 kB
MemFree:          799584 kB
MemAvailable:    1498600 kB
Buffers:           47688 kB
Cached:           762032 kB
MemTotal:        1844596 kB
MemFree:          799424 kB
MemAvailable:    1498440 kB
Buffers:           47688 kB
Cached:           762032 kB
MemTotal:        1844596 kB
MemFree:          799424 kB
MemAvailable:    1498440 kB
Buffers:           47688 kB
Cached:           762032 kB
MemTotal:        1844596 kB
MemFree:          799608 kB
MemAvailable:    1498624 kB
Buffers:           47688 kB
Cached:           762032 kB
MemTotal:        1844596 kB
MemFree:          799360 kB
MemAvailable:    1498460 kB
Buffers:           47688 kB
Cached:           762032 kB
MemTotal:        1844596 kB
MemFree:          799528 kB
MemAvailable:    1498628 kB
Buffers:           47688 kB
Cached:           762032 kB
MemTotal:        1844596 kB
MemFree:          798784 kB
MemAvailable:    1497212 kB
Buffers:           47688 kB
Cached:           761400 kB
MemTotal:        1844596 kB
MemFree:          868576 kB
MemAvailable:    1567028 kB
Buffers:           47688 kB
Cached:           761428 kB
