MemTotal:        1844596 kB
MemFree:          887596 kB
MemAvailable:    1547160 kB
Buffers:           43132 kB
Cached:           725616 kB
MemTotal:        1844596 kB
MemFree:          886976 kB
MemAvailable:    1546544 kB
Buffers:           43132 kB
Cached:           725620 kB
MemTotal:        1844596 kB
MemFree:          883628 kB
MemAvailable:    1543196 kB
Buffers:           43132 kB
Cached:           725620 kB
MemTotal:        1844596 kB
MemFree:          884868 kB
MemAvailable:    1544436 kB
Buffers:           43132 kB
Cached:           725620 kB
MemTotal:        1844596 kB
MemFree:          882372 kB
MemAvailable:    1541940 kB
Buffers:           43132 kB
Cached:           725620 kB
MemTotal:        1844596 kB
MemFree:          881880 kB
MemAvailable:    1541448 kB
Buffers:           43132 kB
Cached:           725620 kB
MemTotal:        1844596 kB
MemFree:          881388 kB
MemAvailable:    1540956 kB
Buffers:           43132 kB
Cached:           725620 kB
MemTotal:        1844596 kB
MemFree:          880908 kB
MemAvailable:    1540476 kB
Buffers:           43132 kB
Cached:           725620 kB
MemTotal:        1844596 kB
MemFree:          877536 kB
MemAvailable:    1537104 kB
Buffers:           43132 kB
Cached:           725620 kB
MemTotal:        1844596 kB
MemFree:          877188 kB
MemAvailable:    1536756 kB
Buffers:           43132 kB
Cached:           725620 kB
MemTotal:        1844596 kB
MemFree:          872840 kB
MemAvailable:    1532408 kB
Buffers:           43132 kB
Cached:           725620 kB
MemTotal:        1844596 kB
MemFree:          873668 kB
MemAvailable:    1533236 kB
Buffers:           43132 kB
Cached:           725620 kB
MemTotal:        1844596 kB
MemFree:          872296 kB
MemAvailable:    1531864 kB
Buffers:           43132 kB
Cached:           725620 kB
MemTotal:        1844596 kB
MemFree:          872420 kB
MemAvailable:    1531988 kB
Buffers:           43132 kB
Cached:           725620 kB
MemTotal:        1844596 kB
MemFree:          873572 kB
MemAvailable:    1533140 kB
Buffers:           43132 kB
Cached:           725620 kB
MemTotal:        1844596 kB
MemFree:          873460 kB
MemAvailable:    1533028 kB
Buffers:           43132 kB
Cached:           725620 kB
MemTotal:        1844596 kB
MemFree:          873004 kB
MemAvailable:    1532572 kB
Buffers:           43132 kB
Cached:           725620 kB
MemTotal:        1844596 kB
MemFree:          873256 kB
MemAvailable:    1532824 kB
Buffers:           43132 kB
Cached:           725620 kB
MemTotal:        1844596 kB
MemFree:          871956 kB
MemAvailable:    1531524 kB
Buffers:           43132 kB
Cached:           725620 kB
MemTotal:        1844596 kB
MemFree:          872084 kB
MemAvailable:    1531652 kB
Buffers:           43132 kB
Cached:           725620 kB
MemTotal:        1844596 kB
MemFree:          871344 kB
MemAvailable:    1530912 kB
Buffers:           43132 kB
Cached:           725620 kB
MemTotal:        1844596 kB
MemFree:          870104 kB
MemAvailable:    1529672 kB
Buffers:           43132 kB
Cached:           725620 kB
MemTotal:        1844596 kB
MemFree:          871092 kB
MemAvailable:    1530660 kB
Buffers:           43132 kB
Cached:           725620 kB
MemTotal:        1844596 kB
MemFree:          871108 kB
MemAvailable:    1530676 kB
Buffers:           43132 kB
Cached:           725620 kB
MemTotal:        1844596 kB
MemFree:          869720 kB
MemAvailable:    1529288 kB
Buffers:           43132 kB
Cached:           725620 kB
MemTotal:        1844596 kB
MemFree:          869836 kB
MemAvailable:    1529404 kB
Buffers:           43132 kB
Cached:           725620 kB
MemTotal:        1844596 kB
MemFree:          871084 kB
MemAvailable:    1530652 kB
Buffers:           43132 kB
Cached:           725620 kB
MemTotal:        1844596 kB
MemFree:          869672 kB
MemAvailable:    1529240 kB
Buffers:           43132 kB
Cached:           725620 kB
MemTotal:        1844596 kB
MemFree:          869664 kB
MemAvailable:    1529232 kB
Buffers:           43132 kB
Cached:           725620 kB
MemTotal:        1844596 kB
MemFree:          871228 kB
MemAvailable:    1530796 kB
Buffers:           43132 kB
Cached:           725620 kB
MemTotal:        1844596 kB
MemFree:          871724 kB
MemAvailable:    1531292 kB
Buffers:           43132 kB
Cached:           725620 kB
MemTotal:        1844596 kB
MemFree:          870840 kB
MemAvailable:    1530408 kB
Buffers:           43132 kB
Cached:           725620 kB
MemTotal:        1844596 kB
MemFree:          871052 kB
MemAvailable:    1530620 kB
Buffers:           43132 kB
Cached:           725620 kB
MemTotal:        1844596 kB
MemFree:          868600 kB
MemAvailable:    1528168 kB
Buffers:           43132 kB
Cached:           725620 kB
MemTotal:        1844596 kB
MemFree:          868600 kB
MemAvailable:    1528168 kB
Buffers:           43132 kB
Cached:           725620 kB
MemTotal:        1844596 kB
MemFree:          866880 kB
MemAvailable:    1526448 kB
Buffers:           43132 kB
Cached:           725620 kB
MemTotal:        1844596 kB
MemFree:          866764 kB
MemAvailable:    1526332 kB
Buffers:           43132 kB
Cached:           725620 kB
MemTotal:        1844596 kB
MemFree:          867492 kB
MemAvailable:    1527064 kB
Buffers:           43132 kB
Cached:           725624 kB
MemTotal:        1844596 kB
MemFree:          867492 kB
MemAvailable:    1527064 kB
Buffers:           43132 kB
Cached:           725624 kB
MemTotal:        1844596 kB
MemFree:          867188 kB
MemAvailable:    1526760 kB
Buffers:           43132 kB
Cached:           725624 kB
MemTotal:        1844596 kB
MemFree:          865888 kB
MemAvailable:    1525460 kB
Buffers:           43132 kB
Cached:           725624 kB
MemTotal:        1844596 kB
MemFree:          866864 kB
MemAvailable:    1526436 kB
Buffers:           43132 kB
Cached:           725624 kB
MemTotal:        1844596 kB
MemFree:          866948 kB
MemAvailable:    1526520 kB
Buffers:           43132 kB
Cached:           725624 kB
MemTotal:        1844596 kB
MemFree:          866796 kB
MemAvailable:    1526368 kB
Buffers:           43132 kB
Cached:           725624 kB
MemTotal:        1844596 kB
MemFree:          865748 kB
MemAvailable:    1525320 kB
Buffers:           43132 kB
Cached:           725624 kB
MemTotal:        1844596 kB
MemFree:          865492 kB
MemAvailable:    1525064 kB
Buffers:           43132 kB
Cached:           725624 kB
MemTotal:        1844596 kB
MemFree:          866336 kB
MemAvailable:    1525908 kB
Buffers:           43132 kB
Cached:           725624 kB
MemTotal:        1844596 kB
MemFree:          865896 kB
MemAvailable:    1525468 kB
Buffers:           43132 kB
Cached:           725624 kB
MemTotal:        1844596 kB
MemFree:          866264 kB
MemAvailable:    1525836 kB
Buffers:           43132 kB
Cached:           725624 kB
MemTotal:        1844596 kB
MemFree:          866140 kB
MemAvailable:    1525712 kB
Buffers:           43132 kB
Cached:           725624 kB
MemTotal:        1844596 kB
MemFree:          864476 kB
MemAvailable:    1524048 kB
Buffers:           43132 kB
Cached:           725624 kB
MemTotal:        1844596 kB
MemFree:          864608 kB
MemAvailable:    1524180 kB
Buffers:           43132 kB
Cached:           725624 kB
MemTotal:        1844596 kB
MemFree:          864600 kB
MemAvailable:    1524172 kB
Buffers:           43132 kB
Cached:           725624 kB
MemTotal:        1844596 kB
MemFree:          866068 kB
MemAvailable:    1525640 kB
Buffers:           43132 kB
Cached:           725624 kB
MemTotal:        1844596 kB
MemFree:          866032 kB
MemAvailable:    1525604 kB
Buffers:           43132 kB
Cached:           725624 kB
MemTotal:        1844596 kB
MemFree:          864656 kB
MemAvailable:    1524228 kB
Buffers:           43132 kB
Cached:           725624 kB
MemTotal:        1844596 kB
MemFree:          865704 kB
MemAvailable:    1525276 kB
Buffers:           43132 kB
Cached:           725624 kB
MemTotal:        1844596 kB
MemFree:          866040 kB
MemAvailable:    1525612 kB
Buffers:           43132 kB
Cached:           725624 kB
MemTotal:        1844596 kB
MemFree:          865712 kB
MemAvailable:    1525284 kB
Buffers:           43132 kB
Cached:           725624 kB
MemTotal:        1844596 kB
MemFree:          865712 kB
MemAvailable:    1525284 kB
Buffers:           43132 kB
Cached:           725624 kB
MemTotal:        1844596 kB
MemFree:          865696 kB
MemAvailable:    1525268 kB
Buffers:           43132 kB
Cached:           725624 kB
MemTotal:        1844596 kB
MemFree:          865696 kB
MemAvailable:    1525268 kB
Buffers:           43132 kB
Cached:           725624 kB
MemTotal:        1844596 kB
MemFree:          864200 kB
MemAvailable:    1523772 kB
Buffers:           43132 kB
Cached:           725624 kB
MemTotal:        1844596 kB
MemFree:          865192 kB
MemAvailable:    1524764 kB
Buffers:           43132 kB
Cached:           725624 kB
MemTotal:        1844596 kB
MemFree:          863772 kB
MemAvailable:    1523344 kB
Buffers:           43132 kB
Cached:           725624 kB
MemTotal:        1844596 kB
MemFree:          865136 kB
MemAvailable:    1524708 kB
Buffers:           43132 kB
Cached:           725624 kB
MemTotal:        1844596 kB
MemFree:          864756 kB
MemAvailable:    1524328 kB
Buffers:           43132 kB
Cached:           725624 kB
MemTotal:        1844596 kB
MemFree:          865012 kB
MemAvailable:    1524584 kB
Buffers:           43132 kB
Cached:           725624 kB
MemTotal:        1844596 kB
MemFree:          863768 kB
MemAvailable:    1523340 kB
Buffers:           43132 kB
Cached:           725624 kB
MemTotal:        1844596 kB
MemFree:          864876 kB
MemAvailable:    1524448 kB
Buffers:           43132 kB
Cached:           725624 kB
MemTotal:        1844596 kB
MemFree:          864960 kB
MemAvailable:    1524532 kB
Buffers:           43132 kB
Cached:           725624 kB
MemTotal:        1844596 kB
MemFree:          864908 kB
MemAvailable:    1524480 kB
Buffers:           43132 kB
Cached:           725624 kB
MemTotal:        1844596 kB
MemFree:          863856 kB
MemAvailable:    1523428 kB
Buffers:           43132 kB
Cached:           725624 kB
MemTotal:        1844596 kB
MemFree:          864776 kB
MemAvailable:    1524348 kB
Buffers:           43132 kB
Cached:           725624 kB
MemTotal:        1844596 kB
MemFree:          864784 kB
MemAvailable:    1524356 kB
Buffers:           43132 kB
Cached:           725624 kB
MemTotal:        1844596 kB
MemFree:          862980 kB
MemAvailable:    1522552 kB
Buffers:           43132 kB
Cached:           725624 kB
MemTotal:        1844596 kB
MemFree:          861120 kB
MemAvailable:    1520692 kB
Buffers:           43132 kB
Cached:           725624 kB
MemTotal:        1844596 kB
MemFree:          857696 kB
MemAvailable:    1517268 kB
Buffers:           43132 kB
Cached:           725624 kB
MemTotal:        1844596 kB
MemFree:          857696 kB
MemAvailable:    1517268 kB
Buffers:           43132 kB
Cached:           725624 kB
MemTotal:        1844596 kB
MemFree:          856224 kB
MemAvailable:    1515800 kB
Buffers:           43132 kB
Cached:           725628 kB
MemTotal:        1844596 kB
MemFree:          856348 kB
MemAvailable:    1515924 kB
Buffers:           43132 kB
Cached:           725628 kB
MemTotal:        1844596 kB
MemFree:          856100 kB
MemAvailable:    1515676 kB
Buffers:           43132 kB
Cached:           725628 kB
MemTotal:        1844596 kB
MemFree:          857276 kB
MemAvailable:    1516852 kB
Buffers:           43132 kB
Cached:           725628 kB
MemTotal:        1844596 kB
MemFree:          857596 kB
MemAvailable:    1517172 kB
Buffers:           43132 kB
Cached:           725628 kB
MemTotal:        1844596 kB
MemFree:          856348 kB
MemAvailable:    1515924 kB
Buffers:           43132 kB
Cached:           725628 kB
MemTotal:        1844596 kB
MemFree:          857464 kB
MemAvailable:    1517040 kB
Buffers:           43132 kB
Cached:           725628 kB
MemTotal:        1844596 kB
MemFree:          855968 kB
MemAvailable:    1515544 kB
Buffers:           43132 kB
Cached:           725628 kB
MemTotal:        1844596 kB
MemFree:          857208 kB
MemAvailable:    1516784 kB
Buffers:           43132 kB
Cached:           725628 kB
MemTotal:        1844596 kB
MemFree:          857144 kB
MemAvailable:    1516720 kB
Buffers:           43132 kB
Cached:           725628 kB
MemTotal:        1844596 kB
MemFree:          857144 kB
MemAvailable:    1516720 kB
Buffers:           43132 kB
Cached:           725628 kB
MemTotal:        1844596 kB
MemFree:          855836 kB
MemAvailable:    1515412 kB
Buffers:           43132 kB
Cached:           725628 kB
MemTotal:        1844596 kB
MemFree:          855704 kB
MemAvailable:    1515280 kB
Buffers:           43132 kB
Cached:           725628 kB
MemTotal:        1844596 kB
MemFree:          856704 kB
MemAvailable:    1516280 kB
Buffers:           43132 kB
Cached:           725628 kB
MemTotal:        1844596 kB
MemFree:          856596 kB
MemAvailable:    1516172 kB
Buffers:           43132 kB
Cached:           725628 kB
MemTotal:        1844596 kB
MemFree:          856152 kB
MemAvailable:    1515728 kB
Buffers:           43132 kB
Cached:           725628 kB
MemTotal:        1844596 kB
MemFree:          856152 kB
MemAvailable:    1515728 kB
Buffers:           43132 kB
Cached:           725628 kB
MemTotal:        1844596 kB
MemFree:          855580 kB
MemAvailable:    1515156 kB
Buffers:           43132 kB
Cached:           725628 kB
MemTotal:        1844596 kB
MemFree:          855792 kB
MemAvailable:    1515368 kB
Buffers:           43132 kB
Cached:           725628 kB
MemTotal:        1844596 kB
MemFree:          855408 kB
MemAvailable:    1514984 kB
Buffers:           43132 kB
Cached:           725628 kB
MemTotal:        1844596 kB
MemFree:          854240 kB
MemAvailable:    1513816 kB
Buffers:           43132 kB
Cached:           725628 kB
MemTotal:        1844596 kB
MemFree:          854348 kB
MemAvailable:    1513924 kB
Buffers:           43132 kB
Cached:           725628 kB
MemTotal:        1844596 kB
MemFree:          854540 kB
MemAvailable:    1514116 kB
Buffers:           43132 kB
Cached:           725628 kB
MemTotal:        1844596 kB
MemFree:          854100 kB
MemAvailable:    1513676 kB
Buffers:           43132 kB
Cached:           725628 kB
MemTotal:        1844596 kB
MemFree:          853348 kB
MemAvailable:    1512924 kB
Buffers:           43132 kB
Cached:           725628 kB
MemTotal:        1844596 kB
MemFree:          853432 kB
MemAvailable:    1513008 kB
Buffers:           43132 kB
Cached:           725628 kB
MemTotal:        1844596 kB
MemFree:          853360 kB
MemAvailable:    1512936 kB
Buffers:           43132 kB
Cached:           725628 kB
MemTotal:        1844596 kB
MemFree:          852124 kB
MemAvailable:    1511700 kB
Buffers:           43132 kB
Cached:           725628 kB
MemTotal:        1844596 kB
MemFree:          852628 kB
MemAvailable:    1512204 kB
Buffers:           43132 kB
Cached:           725628 kB
MemTotal:        1844596 kB
MemFree:          853356 kB
MemAvailable:    1512936 kB
Buffers:           43132 kB
Cached:           725632 kB
MemTotal:        1844596 kB
MemFree:          853692 kB
MemAvailable:    1513272 kB
Buffers:           43132 kB
Cached:           725632 kB
MemTotal:        1844596 kB
MemFree:          853232 kB
MemAvailable:    1512812 kB
Buffers:           43132 kB
Cached:           725632 kB
MemTotal:        1844596 kB
MemFree:          852992 kB
MemAvailable:    1512572 kB
Buffers:           43132 kB
Cached:           725632 kB
MemTotal:        1844596 kB
MemFree:          852860 kB
MemAvailable:    1512440 kB
Buffers:           43132 kB
Cached:           725632 kB
MemTotal:        1844596 kB
MemFree:          853196 kB
MemAvailable:    1512776 kB
Buffers:           43132 kB
Cached:           725632 kB
MemTotal:        1844596 kB
MemFree:          853124 kB
MemAvailable:    1512704 kB
Buffers:           43132 kB
Cached:           725632 kB
MemTotal:        1844596 kB
MemFree:          851752 kB
MemAvailable:    1511332 kB
Buffers:           43132 kB
Cached:           725632 kB
MemTotal:        1844596 kB
MemFree:          852604 kB
MemAvailable:    1512184 kB
Buffers:           43132 kB
Cached:           725632 kB
MemTotal:        1844596 kB
MemFree:          852504 kB
MemAvailable:    1512084 kB
Buffers:           43132 kB
Cached:           725632 kB
MemTotal:        1844596 kB
MemFree:          852352 kB
MemAvailable:    1511932 kB
Buffers:           43132 kB
Cached:           725632 kB
MemTotal:        1844596 kB
MemFree:          852436 kB
MemAvailable:    1512016 kB
Buffers:           43132 kB
Cached:           725632 kB
MemTotal:        1844596 kB
MemFree:          847784 kB
MemAvailable:    1507364 kB
Buffers:           43132 kB
Cached:           725632 kB
MemTotal:        1844596 kB
MemFree:          847784 kB
MemAvailable:    1507364 kB
Buffers:           43132 kB
Cached:           725632 kB
MemTotal:        1844596 kB
MemFree:          847556 kB
MemAvailable:    1507136 kB
Buffers:           43132 kB
Cached:           725632 kB
MemTotal:        1844596 kB
MemFree:          847468 kB
MemAvailable:    1507048 kB
Buffers:           43132 kB
Cached:           725632 kB
MemTotal:        1844596 kB
MemFree:          847360 kB
MemAvailable:    1506940 kB
Buffers:           43132 kB
Cached:           725632 kB
MemTotal:        1844596 kB
MemFree:          847332 kB
MemAvailable:    1506912 kB
Buffers:           43132 kB
Cached:           725632 kB
MemTotal:        1844596 kB
MemFree:          847272 kB
MemAvailable:    1506852 kB
Buffers:           43132 kB
Cached:           725632 kB
MemTotal:        1844596 kB
MemFree:          846960 kB
MemAvailable:    1506540 kB
Buffers:           43132 kB
Cached:           725632 kB
MemTotal:        1844596 kB
MemFree:          846772 kB
MemAvailable:    1506352 kB
Buffers:           43132 kB
Cached:           725632 kB
MemTotal:        1844596 kB
MemFree:          845872 kB
MemAvailable:    1505452 kB
Buffers:           43132 kB
Cached:           725632 kB
MemTotal:        1844596 kB
MemFree:          847180 kB
MemAvailable:    1506760 kB
Buffers:           43132 kB
Cached:           725632 kB
MemTotal:        1844596 kB
MemFree:          847120 kB
MemAvailable:    1506700 kB
Buffers:           43132 kB
Cached:           725632 kB
MemTotal:        1844596 kB
MemFree:          846612 kB
MemAvailable:    1506192 kB
Buffers:           43132 kB
Cached:           725632 kB
MemTotal:        1844596 kB
MemFree:          846116 kB
MemAvailable:    1505696 kB
Buffers:           43132 kB
Cached:           725632 kB
MemTotal:        1844596 kB
MemFree:          844380 kB
MemAvailable:    1503960 kB
Buffers:           43132 kB
Cached:           725632 kB
MemTotal:        1844596 kB
MemFree:          843932 kB
MemAvailable:    1503512 kB
Buffers:           43132 kB
Cached:           725632 kB
MemTotal:        1844596 kB
MemFree:          843932 kB
MemAvailable:    1503512 kB
Buffers:           43132 kB
Cached:           725632 kB
MemTotal:        1844596 kB
MemFree:          843768 kB
MemAvailable:    1503348 kB
Buffers:           43132 kB
Cached:           725632 kB
MemTotal:        1844596 kB
MemFree:          843768 kB
MemAvailable:    1503348 kB
Buffers:           43132 kB
Cached:           725632 kB
MemTotal:        1844596 kB
MemFree:          842776 kB
MemAvailable:    1502356 kB
Buffers:           43132 kB
Cached:           725632 kB
MemTotal:        1844596 kB
MemFree:          843952 kB
MemAvailable:    1503532 kB
Buffers:           43132 kB
Cached:           725632 kB
MemTotal:        1844596 kB
MemFree:          843532 kB
MemAvailable:    1503196 kB
Buffers:           43132 kB
Cached:           725632 kB
MemTotal:        1844596 kB
MemFree:          844656 kB
MemAvailable:    1504236 kB
Buffers:           43132 kB
Cached:           725632 kB
MemTotal:        1844596 kB
MemFree:          845764 kB
MemAvailable:    1505428 kB
Buffers:           43132 kB
Cached:           725756 kB
MemTotal:        1844596 kB
MemFree:          845736 kB
MemAvailable:    1505484 kB
Buffers:           43132 kB
Cached:           725880 kB
MemTotal:        1844596 kB
MemFree:          845904 kB
MemAvailable:    1505820 kB
Buffers:           43132 kB
Cached:           726004 kB
MemTotal:        1844596 kB
MemFree:          845188 kB
MemAvailable:    1505104 kB
Buffers:           43132 kB
Cached:           726004 kB
MemTotal:        1844596 kB
MemFree:          845428 kB
MemAvailable:    1505600 kB
Buffers:           43132 kB
Cached:           726256 kB
MemTotal:        1844596 kB
MemFree:          845512 kB
MemAvailable:    1505684 kB
Buffers:           43132 kB
Cached:           726256 kB
MemTotal:        1844596 kB
MemFree:          845256 kB
MemAvailable:    1505428 kB
Buffers:           43132 kB
Cached:           726256 kB
MemTotal:        1844596 kB
MemFree:          844056 kB
MemAvailable:    1504312 kB
Buffers:           43132 kB
Cached:           726256 kB
MemTotal:        1844596 kB
MemFree:          844196 kB
MemAvailable:    1504452 kB
Buffers:           43132 kB
Cached:           726256 kB
MemTotal:        1844596 kB
MemFree:          845048 kB
MemAvailable:    1505304 kB
Buffers:           43132 kB
Cached:           726256 kB
MemTotal:        1844596 kB
MemFree:          845384 kB
MemAvailable:    1505640 kB
Buffers:           43132 kB
Cached:           726256 kB
MemTotal:        1844596 kB
MemFree:          845200 kB
MemAvailable:    1505456 kB
Buffers:           43132 kB
Cached:           726256 kB
MemTotal:        1844596 kB
MemFree:          845196 kB
MemAvailable:    1505452 kB
Buffers:           43132 kB
Cached:           726256 kB
MemTotal:        1844596 kB
MemFree:          845200 kB
MemAvailable:    1505460 kB
Buffers:           43132 kB
Cached:           726312 kB
MemTotal:        1844596 kB
MemFree:          845616 kB
MemAvailable:    1505164 kB
Buffers:           43132 kB
Cached:           725680 kB
MemTotal:        1844596 kB
MemFree:          853880 kB
MemAvailable:    1513636 kB
Buffers:           43132 kB
Cached:           725680 kB
MemTotal:        1844596 kB
MemFree:          914364 kB
MemAvailable:    1573956 kB
Buffers:           43132 kB
Cached:           725640 kB
