MemTotal:        1844596 kB
MemFree:          812316 kB
MemAvailable:    1539420 kB
Buffers:           50832 kB
Cached:           784612 kB
MemTotal:        1844596 kB
MemFree:          809464 kB
MemAvailable:    1536568 kB
Buffers:           50832 kB
Cached:           784612 kB
MemTotal:        1844596 kB
MemFree:          808108 kB
MemAvailable:    1535212 kB
Buffers:           50832 kB
Cached:           784612 kB
MemTotal:        1844596 kB
MemFree:          806728 kB
MemAvailable:    1533832 kB
Buffers:           50832 kB
Cached:           784612 kB
MemTotal:        1844596 kB
MemFree:          805860 kB
MemAvailable:    1532964 kB
Buffers:           50832 kB
Cached:           784612 kB
MemTotal:        1844596 kB
MemFree:          806300 kB
MemAvailable:    1533404 kB
Buffers:           50832 kB
Cached:           784612 kB
MemTotal:        1844596 kB
MemFree:          804884 kB
MemAvailable:    1531988 kB
Buffers:           50844 kB
Cached:           784600 kB
MemTotal:        1844596 kB
MemFree:          803100 kB
MemAvailable:    1530204 kB
Buffers:           50844 kB
Cached:           784600 kB
MemTotal:        1844596 kB
MemFree:          800784 kB
MemAvailable:    1527888 kB
Buffers:           50844 kB
Cached:           784600 kB
MemTotal:        1844596 kB
MemFree:          798128 kB
MemAvailable:    1525232 kB
Buffers:           50844 kB
Cached:           784600 kB
MemTotal:        1844596 kB
MemFree:          794792 kB
MemAvailable:    1521896 kB
Buffers:           50844 kB
Cached:           784600 kB
MemTotal:        1844596 kB
MemFree:          796424 kB
MemAvailable:    1523528 kB
Buffers:           50844 kB
Cached:           784600 kB
MemTotal:        1844596 kB
MemFree:          796080 kB
MemAvailable:    1523184 kB
Buffers:           50844 kB
Cached:           784600 kB
MemTotal:        1844596 kB
MemFree:          797444 kB
MemAvailable:    1524548 kB
Buffers:           50844 kB
Cached:           784600 kB
MemTotal:        1844596 kB
MemFree:          797320 kB
MemAvailable:    1524424 kB
Buffers:           50844 kB
Cached:           784600 kB
MemTotal:        1844596 kB
MemFree:          796916 kB
MemAvailable:    1524020 kB
Buffers:           50844 kB
Cached:           784600 kB
MemTotal:        1844596 kB
MemFree:          797000 kB
MemAvailable:    1524104 kB
Buffers:           50844 kB
Cached:           784600 kB
MemTotal:        1844596 kB
MemFree:          795956 kB
MemAvailable:    1523060 kB
Buffers:           50844 kB
Cached:           784600 kB
MemTotal:        1844596 kB
MemFree:          794220 kB
MemAvailable:    1521324 kB
Buffers:           50844 kB
Cached:           784600 kB
MemTotal:        1844596 kB
MemFree:          795080 kB
MemAvailable:    1522184 kB
Buffers:           50844 kB
Cached:           784600 kB
MemTotal:        1844596 kB
MemFree:          794784 kB
MemAvailable:    1521892 kB
Buffers:           50844 kB
Cached:           784604 kB
MemTotal:        1844596 kB
MemFree:          795036 kB
MemAvailable:    1522144 kB
Buffers:           50844 kB
Cached:           784604 kB
MemTotal:        1844596 kB
MemFree:          794792 kB
MemAvailable:    1521916 kB
Buffers:           50844 kB
Cached:           784620 kB
MemTotal:        1844596 kB
MemFree:          795048 kB
MemAvailable:    1522172 kB
Buffers:           50844 kB
Cached:           784620 kB
MemTotal:        1844596 kB
MemFree:          794916 kB
MemAvailable:    1522040 kB
Buffers:           50844 kB
Cached:           784620 kB
MemTotal:        1844596 kB
MemFree:          795084 kB
MemAvailable:    1522208 kB
Buffers:           50844 kB
Cached:           784620 kB
MemTotal:        1844596 kB
MemFree:          795096 kB
MemAvailable:    1522220 kB
Buffers:           50844 kB
Cached:           784620 kB
MemTotal:        1844596 kB
MemFree:          796020 kB
MemAvailable:    1523144 kB
Buffers:           50844 kB
Cached:           784620 kB
MemTotal:        1844596 kB
MemFree:          794896 kB
MemAvailable:    1522020 kB
Buffers:           50844 kB
Cached:           784620 kB
MemTotal:        1844596 kB
MemFree:          795768 kB
MemAvailable:    1522892 kB
Buffers:           50844 kB
Cached:           784620 kB
MemTotal:        1844596 kB
MemFree:          793336 kB
MemAvailable:    1520460 kB
Buffers:           50844 kB
Cached:           784620 kB
MemTotal:        1844596 kB
MemFree:          793228 kB
MemAvailable:    1520352 kB
Buffers:           50844 kB
Cached:           784620 kB
MemTotal:        1844596 kB
MemFree:          792476 kB
MemAvailable:    1519600 kB
Buffers:           50844 kB
Cached:           784620 kB
MemTotal:        1844596 kB
MemFree:          792368 kB
MemAvailable:    1519492 kB
Buffers:           50844 kB
Cached:           784620 kB
MemTotal:        1844596 kB
MemFree:          790616 kB
MemAvailable:    1517740 kB
Buffers:           50844 kB
Cached:           784620 kB
MemTotal:        1844596 kB
MemFree:          790492 kB
MemAvailable:    1517616 kB
Buffers:           50844 kB
Cached:           784620 kB
MemTotal:        1844596 kB
MemFree:          790856 kB
MemAvailable:    1517980 kB
Buffers:           50844 kB
Cached:           784620 kB
MemTotal:        1844596 kB
MemFree:          790384 kB
MemAvailable:    1517508 kB
Buffers:           50844 kB
Cached:           784620 kB
MemTotal:        1844596 kB
MemFree:          790568 kB
MemAvailable:    1517692 kB
Buffers:           50844 kB
Cached:           784620 kB
MemTotal:        1844596 kB
MemFree:          790128 kB
MemAvailable:    1517252 kB
Buffers:           50844 kB
Cached:           784620 kB
MemTotal:        1844596 kB
MemFree:          790624 kB
MemAvailable:    1517748 kB
Buffers:           50844 kB
Cached:           784620 kB
MemTotal:        1844596 kB
MemFree:          789632 kB
MemAvailable:    1516756 kB
Buffers:           50844 kB
Cached:           784620 kB
MemTotal:        1844596 kB
MemFree:          789336 kB
MemAvailable:    1516460 kB
Buffers:           50844 kB
Cached:           784620 kB
MemTotal:        1844596 kB
MemFree:          789584 kB
MemAvailable:    1516708 kB
Buffers:           50844 kB
Cached:           784620 kB
MemTotal:        1844596 kB
MemFree:          789384 kB
MemAvailable:    1516508 kB
Buffers:           50844 kB
Cached:           784620 kB
MemTotal:        1844596 kB
MemFree:          790212 kB
MemAvailable:    1517336 kB
Buffers:           50844 kB
Cached:           784620 kB
MemTotal:        1844596 kB
MemFree:          788888 kB
MemAvailable:    1516012 kB
Buffers:           50844 kB
Cached:           784620 kB
MemTotal:        1844596 kB
MemFree:          789812 kB
MemAvailable:    1516936 kB
Buffers:           50844 kB
Cached:           784620 kB
MemTotal:        1844596 kB
MemFree:          788624 kB
MemAvailable:    1515748 kB
Buffers:           50844 kB
Cached:           784620 kB
MemTotal:        1844596 kB
MemFree:          788616 kB
MemAvailable:    1515740 kB
Buffers:           50844 kB
Cached:           784620 kB
MemTotal:        1844596 kB
MemFree:          788748 kB
MemAvailable:    1515872 kB
Buffers:           50844 kB
Cached:           784620 kB
MemTotal:        1844596 kB
MemFree:          790004 kB
MemAvailable:    1517128 kB
Buffers:           50844 kB
Cached:           784620 kB
MemTotal:        1844596 kB
MemFree:          789872 kB
MemAvailable:    1516996 kB
Buffers:           50844 kB
Cached:           784620 kB
MemTotal:        1844596 kB
MemFree:          790208 kB
MemAvailable:    1517332 kB
Buffers:           50844 kB
Cached:           784620 kB
MemTotal:        1844596 kB
MemFree:          789956 kB
MemAvailable:    1517080 kB
Buffers:           50844 kB
Cached:           784620 kB
MemTotal:        1844596 kB
MemFree:          788764 kB
MemAvailable:    1515888 kB
Buffers:           50844 kB
Cached:           784620 kB
MemTotal:        1844596 kB
MemFree:          789452 kB
MemAvailable:    1516576 kB
Buffers:           50844 kB
Cached:           784620 kB
MemTotal:        1844596 kB
MemFree:          789788 kB
MemAvailable:    1516912 kB
Buffers:           50844 kB
Cached:           784620 kB
MemTotal:        1844596 kB
MemFree:          788212 kB
MemAvailable:    1515336 kB
Buffers:           50844 kB
Cached:           784620 kB
MemTotal:        1844596 kB
MemFree:          789236 kB
MemAvailable:    1516360 kB
Buffers:           50844 kB
Cached:           784620 kB
MemTotal:        1844596 kB
MemFree:          789236 kB
MemAvailable:    1516360 kB
Buffers:           50844 kB
Cached:           784620 kB
MemTotal:        1844596 kB
MemFree:          787700 kB
MemAvailable:    1514824 kB
Buffers:           50844 kB
Cached:           784620 kB
MemTotal:        1844596 kB
MemFree:          788932 kB
MemAvailable:    1516056 kB
Buffers:           50844 kB
Cached:           784620 kB
MemTotal:        1844596 kB
MemFree:          788932 kB
MemAvailable:    1516056 kB
Buffers:           50844 kB
Cached:           784620 kB
MemTotal:        1844596 kB
MemFree:          788708 kB
MemAvailable:    1515832 kB
Buffers:           50844 kB
Cached:           784620 kB
MemTotal:        1844596 kB
MemFree:          787588 kB
MemAvailable:    1514712 kB
Buffers:           50844 kB
Cached:           784620 kB
MemTotal:        1844596 kB
MemFree:          788564 kB
MemAvailable:    1515688 kB
Buffers:           50844 kB
Cached:           784620 kB
MemTotal:        1844596 kB
MemFree:          788708 kB
MemAvailable:    1515832 kB
Buffers:           50844 kB
Cached:           784620 kB
MemTotal:        1844596 kB
MemFree:          787524 kB
MemAvailable:    1514648 kB
Buffers:           50844 kB
Cached:           784620 kB
MemTotal:        1844596 kB
MemFree:          788576 kB
MemAvailable:    1515700 kB
Buffers:           50844 kB
Cached:           784620 kB
MemTotal:        1844596 kB
MemFree:          788576 kB
MemAvailable:    1515700 kB
Buffers:           50844 kB
Cached:           784620 kB
MemTotal:        1844596 kB
MemFree:          788584 kB
MemAvailable:    1515708 kB
Buffers:           50844 kB
Cached:           784620 kB
MemTotal:        1844596 kB
MemFree:          786400 kB
MemAvailable:    1513524 kB
Buffers:           50844 kB
Cached:           784620 kB
MemTotal:        1844596 kB
MemFree:          785920 kB
MemAvailable:    1513044 kB
Buffers:           50844 kB
Cached:           784620 kB
MemTotal:        1844596 kB
MemFree:          783368 kB
MemAvailable:    1510492 kB
Buffers:           50844 kB
Cached:           784620 kB
MemTotal:        1844596 kB
MemFree:          780332 kB
MemAvailable:    1507456 kB
Buffers:           50844 kB
Cached:           784620 kB
MemTotal:        1844596 kB
MemFree:          780332 kB
MemAvailable:    1507456 kB
Buffers:           50844 kB
Cached:           784620 kB
MemTotal:        1844596 kB
MemFree:          781068 kB
MemAvailable:    1508192 kB
Buffers:           50844 kB
Cached:           784620 kB
MemTotal:        1844596 kB
MemFree:          779960 kB
MemAvailable:    1507084 kB
Buffers:           50844 kB
Cached:           784620 kB
MemTotal:        1844596 kB
MemFree:          780684 kB
MemAvailable:    1507808 kB
Buffers:           50844 kB
Cached:           784620 kB
MemTotal:        1844596 kB
MemFree:          780940 kB
MemAvailable:    1508064 kB
Buffers:           50844 kB
Cached:           784620 kB
MemTotal:        1844596 kB
MemFree:          779520 kB
MemAvailable:    1506644 kB
Buffers:           50844 kB
Cached:           784620 kB
MemTotal:        1844596 kB
MemFree:          780996 kB
MemAvailable:    1508120 kB
Buffers:           50844 kB
Cached:           784620 kB
MemTotal:        1844596 kB
MemFree:          779564 kB
MemAvailable:    1506688 kB
Buffers:           50844 kB
Cached:           784620 kB
MemTotal:        1844596 kB
MemFree:          780880 kB
MemAvailable:    1508004 kB
Buffers:           50844 kB
Cached:           784620 kB
MemTotal:        1844596 kB
MemFree:          780684 kB
MemAvailable:    1507808 kB
Buffers:           50844 kB
Cached:           784620 kB
MemTotal:        1844596 kB
MemFree:          780872 kB
MemAvailable:    1507996 kB
Buffers:           50844 kB
Cached:           784620 kB
MemTotal:        1844596 kB
MemFree:          780816 kB
MemAvailable:    1507940 kB
Buffers:           50844 kB
Cached:           784620 kB
MemTotal:        1844596 kB
MemFree:          780676 kB
MemAvailable:    1507800 kB
Buffers:           50844 kB
Cached:           784620 kB
MemTotal:        1844596 kB
MemFree:          781012 kB
MemAvailable:    1508136 kB
Buffers:           50844 kB
Cached:           784620 kB
MemTotal:        1844596 kB
MemFree:          779588 kB
MemAvailable:    1506712 kB
Buffers:           50844 kB
Cached:           784620 kB
MemTotal:        1844596 kB
MemFree:          780560 kB
MemAvailable:    1507684 kB
Buffers:           50844 kB
Cached:           784620 kB
MemTotal:        1844596 kB
MemFree:          779828 kB
MemAvailable:    1506952 kB
Buffers:           50844 kB
Cached:           784620 kB
MemTotal:        1844596 kB
MemFree:          779472 kB
MemAvailable:    1506596 kB
Buffers:           50844 kB
Cached:           784620 kB
MemTotal:        1844596 kB
MemFree:          779332 kB
MemAvailable:    1506460 kB
Buffers:           50844 kB
Cached:           784624 kB
MemTotal:        1844596 kB
MemFree:          778852 kB
MemAvailable:    1505980 kB
Buffers:           50844 kB
Cached:           784624 kB
MemTotal:        1844596 kB
MemFree:          779012 kB
MemAvailable:    1506140 kB
Buffers:           50844 kB
Cached:           784624 kB
MemTotal:        1844596 kB
MemFree:          777728 kB
MemAvailable:    1504864 kB
Buffers:           50844 kB
Cached:           784632 kB
MemTotal:        1844596 kB
MemFree:          776860 kB
MemAvailable:    1503996 kB
Buffers:           50844 kB
Cached:           784632 kB
MemTotal:        1844596 kB
MemFree:          776984 kB
MemAvailable:    1504120 kB
Buffers:           50844 kB
Cached:           784632 kB
MemTotal:        1844596 kB
MemFree:          777564 kB
MemAvailable:    1504700 kB
Buffers:           50844 kB
Cached:           784632 kB
MemTotal:        1844596 kB
MemFree:          777224 kB
MemAvailable:    1504360 kB
Buffers:           50844 kB
Cached:           784632 kB
MemTotal:        1844596 kB
MemFree:          777116 kB
MemAvailable:    1504252 kB
Buffers:           50844 kB
Cached:           784632 kB
MemTotal:        1844596 kB
MemFree:          777356 kB
MemAvailable:    1504492 kB
Buffers:           50844 kB
Cached:           784632 kB
MemTotal:        1844596 kB
MemFree:          777160 kB
MemAvailable:    1504296 kB
Buffers:           50844 kB
Cached:           784632 kB
MemTotal:        1844596 kB
MemFree:          777084 kB
MemAvailable:    1504220 kB
Buffers:           50844 kB
Cached:           784632 kB
MemTotal:        1844596 kB
MemFree:          775728 kB
MemAvailable:    1502864 kB
Buffers:           50844 kB
Cached:           784632 kB
MemTotal:        1844596 kB
MemFree:          777152 kB
MemAvailable:    1504288 kB
Buffers:           50844 kB
Cached:           784632 kB
MemTotal:        1844596 kB
MemFree:          776116 kB
MemAvailable:    1503252 kB
Buffers:           50844 kB
Cached:           784632 kB
MemTotal:        1844596 kB
MemFree:          776716 kB
MemAvailable:    1503852 kB
Buffers:           50844 kB
Cached:           784632 kB
MemTotal:        1844596 kB
MemFree:          777052 kB
MemAvailable:    1504188 kB
Buffers:           50844 kB
Cached:           784632 kB
MemTotal:        1844596 kB
MemFree:          775744 kB
MemAvailable:    1502880 kB
Buffers:           50844 kB
Cached:           784632 kB
MemTotal:        1844596 kB
MemFree:          777088 kB
MemAvailable:    1504224 kB
Buffers:           50844 kB
Cached:           784632 kB
MemTotal:        1844596 kB
MemFree:          775496 kB
MemAvailable:    1502632 kB
Buffers:           50844 kB
Cached:           784632 kB
MemTotal:        1844596 kB
MemFree:          776672 kB
MemAvailable:    1503808 kB
Buffers:           50844 kB
Cached:           784632 kB
MemTotal:        1844596 kB
MemFree:          775364 kB
MemAvailable:    1502500 kB
Buffers:           50844 kB
Cached:           784632 kB
MemTotal:        1844596 kB
MemFree:          772084 kB
MemAvailable:    1499220 kB
Buffers:           50844 kB
Cached:           784632 kB
MemTotal:        1844596 kB
MemFree:          770536 kB
MemAvailable:    1497672 kB
Buffers:           50844 kB
Cached:           784632 kB
MemTotal:        1844596 kB
MemFree:          771528 kB
MemAvailable:    1498668 kB
Buffers:           50844 kB
Cached:           784636 kB
MemTotal:        1844596 kB
MemFree:          771264 kB
MemAvailable:    1498404 kB
Buffers:           50844 kB
Cached:           784636 kB
MemTotal:        1844596 kB
MemFree:          771264 kB
MemAvailable:    1498404 kB
Buffers:           50844 kB
Cached:           784636 kB
MemTotal:        1844596 kB
MemFree:          771080 kB
MemAvailable:    1498220 kB
Buffers:           50844 kB
Cached:           784636 kB
MemTotal:        1844596 kB
MemFree:          771080 kB
MemAvailable:    1498220 kB
Buffers:           50844 kB
Cached:           784636 kB
MemTotal:        1844596 kB
MemFree:          770968 kB
MemAvailable:    1498108 kB
Buffers:           50844 kB
Cached:           784636 kB
MemTotal:        1844596 kB
MemFree:          771304 kB
MemAvailable:    1498444 kB
Buffers:           50844 kB
Cached:           784636 kB
MemTotal:        1844596 kB
MemFree:          769728 kB
MemAvailable:    1496868 kB
Buffers:           50844 kB
Cached:           784636 kB
MemTotal:        1844596 kB
MemFree:          770960 kB
MemAvailable:    1498100 kB
Buffers:           50844 kB
Cached:           784636 kB
MemTotal:        1844596 kB
MemFree:          769756 kB
MemAvailable:    1496896 kB
Buffers:           50844 kB
Cached:           784636 kB
MemTotal:        1844596 kB
MemFree:          769508 kB
MemAvailable:    1496648 kB
Buffers:           50844 kB
Cached:           784636 kB
MemTotal:        1844596 kB
MemFree:          768288 kB
MemAvailable:    1495428 kB
Buffers:           50844 kB
Cached:           784636 kB
MemTotal:        1844596 kB
MemFree:          768284 kB
MemAvailable:    1495424 kB
Buffers:           50844 kB
Cached:           784636 kB
MemTotal:        1844596 kB
MemFree:          767800 kB
MemAvailable:    1494940 kB
Buffers:           50844 kB
Cached:           784636 kB
MemTotal:        1844596 kB
MemFree:          767884 kB
MemAvailable:    1495024 kB
Buffers:           50844 kB
Cached:           784636 kB
MemTotal:        1844596 kB
MemFree:          767604 kB
MemAvailable:    1494744 kB
Buffers:           50844 kB
Cached:           784636 kB
MemTotal:        1844596 kB
MemFree:          766512 kB
MemAvailable:    1493652 kB
Buffers:           50844 kB
Cached:           784636 kB
MemTotal:        1844596 kB
MemFree:          767744 kB
MemAvailable:    1494884 kB
Buffers:           50844 kB
Cached:           784636 kB
MemTotal:        1844596 kB
MemFree:          767664 kB
MemAvailable:    1494804 kB
Buffers:           50844 kB
Cached:           784636 kB
MemTotal:        1844596 kB
MemFree:          767748 kB
MemAvailable:    1494888 kB
Buffers:           50844 kB
Cached:           784636 kB
MemTotal:        1844596 kB
MemFree:          768472 kB
MemAvailable:    1495612 kB
Buffers:           50844 kB
Cached:           784636 kB
MemTotal:        1844596 kB
MemFree:          768428 kB
MemAvailable:    1495568 kB
Buffers:           50844 kB
Cached:           784636 kB
MemTotal:        1844596 kB
MemFree:          769528 kB
MemAvailable:    1496836 kB
Buffers:           50844 kB
Cached:           784884 kB
MemTotal:        1844596 kB
MemFree:          769528 kB
MemAvailable:    1496836 kB
Buffers:           50844 kB
Cached:           784884 kB
MemTotal:        1844596 kB
MemFree:          769224 kB
MemAvailable:    1496700 kB
Buffers:           50844 kB
Cached:           785008 kB
MemTotal:        1844596 kB
MemFree:          769296 kB
MemAvailable:    1496772 kB
Buffers:           50844 kB
Cached:           785008 kB
MemTotal:        1844596 kB
MemFree:          768976 kB
MemAvailable:    1496620 kB
Buffers:           50844 kB
Cached:           785132 kB
MemTotal:        1844596 kB
MemFree:          768976 kB
MemAvailable:    1496620 kB
Buffers:           50844 kB
Cached:           785132 kB
MemTotal:        1844596 kB
MemFree:          768852 kB
MemAvailable:    1496496 kB
Buffers:           50844 kB
Cached:           785256 kB
MemTotal:        1844596 kB
MemFree:          769188 kB
MemAvailable:    1496832 kB
Buffers:           50844 kB
Cached:           785256 kB
MemTotal:        1844596 kB
MemFree:          767780 kB
MemAvailable:    1495508 kB
Buffers:           50844 kB
Cached:           785256 kB
MemTotal:        1844596 kB
MemFree:          767780 kB
MemAvailable:    1495508 kB
Buffers:           50844 kB
Cached:           785256 kB
MemTotal:        1844596 kB
MemFree:          769088 kB
MemAvailable:    1496816 kB
Buffers:           50844 kB
Cached:           785256 kB
MemTotal:        1844596 kB
MemFree:          769212 kB
MemAvailable:    1496940 kB
Buffers:           50844 kB
Cached:           785256 kB
MemTotal:        1844596 kB
MemFree:          768180 kB
MemAvailable:    1495908 kB
Buffers:           50844 kB
Cached:           785256 kB
MemTotal:        1844596 kB
MemFree:          768912 kB
MemAvailable:    1496640 kB
Buffers:           50844 kB
Cached:           785256 kB
MemTotal:        1844596 kB
MemFree:          768172 kB
MemAvailable:    1495312 kB
Buffers:           50844 kB
Cached:           784624 kB
MemTotal:        1844596 kB
MemFree:          807112 kB
MemAvailable:    1534252 kB
Buffers:           50844 kB
Cached:           784624 kB
