MemTotal:        1844596 kB
MemFree:          622836 kB
MemAvailable:    1521984 kB
Buffers:           67964 kB
Cached:           924704 kB
MemTotal:        1844596 kB
MemFree:          619356 kB
MemAvailable:    1518504 kB
Buffers:           67964 kB
Cached:           924704 kB
MemTotal:        1844596 kB
MemFree:          618976 kB
MemAvailable:    1518124 kB
Buffers:           67964 kB
Cached:           924704 kB
MemTotal:        1844596 kB
MemFree:          618976 kB
MemAvailable:    1518124 kB
Buffers:           67964 kB
Cached:           924704 kB
MemTotal:        1844596 kB
MemFree:          618488 kB
MemAvailable:    1517636 kB
Buffers:           67964 kB
Cached:           924704 kB
MemTotal:        1844596 kB
MemFree:          617884 kB
MemAvailable:    1517032 kB
Buffers:           67964 kB
Cached:           924704 kB
MemTotal:        1844596 kB
MemFree:          615448 kB
MemAvailable:    1514596 kB
Buffers:           67964 kB
Cached:           924704 kB
MemTotal:        1844596 kB
MemFree:          612164 kB
MemAvailable:    1511312 kB
Buffers:           67964 kB
Cached:           924704 kB
MemTotal:        1844596 kB
MemFree:          612164 kB
MemAvailable:    1511312 kB
Buffers:           67964 kB
Cached:           924704 kB
MemTotal:        1844596 kB
MemFree:          606840 kB
MemAvailable:    1505988 kB
Buffers:           67964 kB
Cached:           924704 kB
MemTotal:        1844596 kB
MemFree:          609088 kB
MemAvailable:    1508236 kB
Buffers:           67964 kB
Cached:           924704 kB
MemTotal:        1844596 kB
MemFree:          609064 kB
MemAvailable:    1508212 kB
Buffers:           67964 kB
Cached:           924704 kB
MemTotal:        1844596 kB
MemFree:          609100 kB
MemAvailable:    1508248 kB
Buffers:           67964 kB
Cached:           924704 kB
MemTotal:        1844596 kB
MemFree:          608328 kB
MemAvailable:    1507476 kB
Buffers:           67964 kB
Cached:           924704 kB
MemTotal:        1844596 kB
MemFree:          608752 kB
MemAvailable:    1507900 kB
Buffers:           67964 kB
Cached:           924704 kB
MemTotal:        1844596 kB
MemFree:          609088 kB
MemAvailable:    1508236 kB
Buffers:           67964 kB
Cached:           924704 kB
MemTotal:        1844596 kB
MemFree:          607204 kB
MemAvailable:    1506352 kB
Buffers:           67964 kB
Cached:           924704 kB
MemTotal:        1844596 kB
MemFree:          606972 kB
MemAvailable:    1506120 kB
Buffers:           67964 kB
Cached:           924704 kB
MemTotal:        1844596 kB
MemFree:          606832 kB
MemAvailable:    1505980 kB
Buffers:           67964 kB
Cached:           924704 kB
MemTotal:        1844596 kB
MemFree:          605584 kB
MemAvailable:    1504732 kB
Buffers:           67964 kB
Cached:           924704 kB
MemTotal:        1844596 kB
MemFree:          606684 kB
MemAvailable:    1505832 kB
Buffers:           67964 kB
Cached:           924704 kB
MemTotal:        1844596 kB
MemFree:          606096 kB
MemAvailable:    1505244 kB
Buffers:           67964 kB
Cached:           924704 kB
MemTotal:        1844596 kB
MemFree:          606412 kB
MemAvailable:    1505560 kB
Buffers:           67964 kB
Cached:           924704 kB
MemTotal:        1844596 kB
MemFree:          606600 kB
MemAvailable:    1505748 kB
Buffers:           67964 kB
Cached:           924704 kB
MemTotal:        1844596 kB
MemFree:          605420 kB
MemAvailable:    1504568 kB
Buffers:           67964 kB
Cached:           924704 kB
MemTotal:        1844596 kB
MemFree:          606464 kB
MemAvailable:    1505612 kB
Buffers:           67964 kB
Cached:           924704 kB
MemTotal:        1844596 kB
MemFree:          606676 kB
MemAvailable:    1505824 kB
Buffers:           67964 kB
Cached:           924704 kB
MemTotal:        1844596 kB
MemFree:          607916 kB
MemAvailable:    1507064 kB
Buffers:           67964 kB
Cached:           924704 kB
MemTotal:        1844596 kB
MemFree:          606772 kB
MemAvailable:    1505920 kB
Buffers:           67964 kB
Cached:           924704 kB
MemTotal:        1844596 kB
MemFree:          605796 kB
MemAvailable:    1504944 kB
Buffers:           67964 kB
Cached:           924704 kB
MemTotal:        1844596 kB
MemFree:          602988 kB
MemAvailable:    1502136 kB
Buffers:           67964 kB
Cached:           924704 kB
MemTotal:        1844596 kB
MemFree:          602872 kB
MemAvailable:    1502020 kB
Buffers:           67964 kB
Cached:           924704 kB
MemTotal:        1844596 kB
MemFree:          603476 kB
MemAvailable:    1502632 kB
Buffers:           67964 kB
Cached:           924712 kB
MemTotal:        1844596 kB
MemFree:          603812 kB
MemAvailable:    1502968 kB
Buffers:           67964 kB
Cached:           924712 kB
MemTotal:        1844596 kB
MemFree:          601872 kB
MemAvailable:    1501028 kB
Buffers:           67964 kB
Cached:           924712 kB
MemTotal:        1844596 kB
MemFree:          602616 kB
MemAvailable:    1501772 kB
Buffers:           67964 kB
Cached:           924712 kB
MemTotal:        1844596 kB
MemFree:          601888 kB
MemAvailable:    1501044 kB
Buffers:           67964 kB
Cached:           924712 kB
MemTotal:        1844596 kB
MemFree:          602328 kB
MemAvailable:    1501484 kB
Buffers:           67964 kB
Cached:           924712 kB
MemTotal:        1844596 kB
MemFree:          602424 kB
MemAvailable:    1501580 kB
Buffers:           67964 kB
Cached:           924712 kB
MemTotal:        1844596 kB
MemFree:          601136 kB
MemAvailable:    1500292 kB
Buffers:           67964 kB
Cached:           924712 kB
MemTotal:        1844596 kB
MemFree:          602336 kB
MemAvailable:    1501492 kB
Buffers:           67964 kB
Cached:           924712 kB
MemTotal:        1844596 kB
MemFree:          601260 kB
MemAvailable:    1500416 kB
Buffers:           67964 kB
Cached:           924712 kB
MemTotal:        1844596 kB
MemFree:          601932 kB
MemAvailable:    1501088 kB
Buffers:           67964 kB
Cached:           924712 kB
MemTotal:        1844596 kB
MemFree:          601608 kB
MemAvailable:    1500764 kB
Buffers:           67964 kB
Cached:           924712 kB
MemTotal:        1844596 kB
MemFree:          601944 kB
MemAvailable:    1501100 kB
Buffers:           67964 kB
Cached:           924712 kB
MemTotal:        1844596 kB
MemFree:          600128 kB
MemAvailable:    1499284 kB
Buffers:           67964 kB
Cached:           924712 kB
MemTotal:        1844596 kB
MemFree:          601368 kB
MemAvailable:    1500524 kB
Buffers:           67964 kB
Cached:           924712 kB
MemTotal:        1844596 kB
MemFree:          600252 kB
MemAvailable:    1499408 kB
Buffers:           67964 kB
Cached:           924712 kB
MemTotal:        1844596 kB
MemFree:          601384 kB
MemAvailable:    1500540 kB
Buffers:           67964 kB
Cached:           924712 kB
MemTotal:        1844596 kB
MemFree:          601304 kB
MemAvailable:    1500460 kB
Buffers:           67964 kB
Cached:           924712 kB
MemTotal:        1844596 kB
MemFree:          600136 kB
MemAvailable:    1499292 kB
Buffers:           67964 kB
Cached:           924712 kB
MemTotal:        1844596 kB
MemFree:          601576 kB
MemAvailable:    1500732 kB
Buffers:           67964 kB
Cached:           924712 kB
MemTotal:        1844596 kB
MemFree:          600088 kB
MemAvailable:    1499244 kB
Buffers:           67964 kB
Cached:           924712 kB
MemTotal:        1844596 kB
MemFree:          601196 kB
MemAvailable:    1500352 kB
Buffers:           67964 kB
Cached:           924712 kB
MemTotal:        1844596 kB
MemFree:          601136 kB
MemAvailable:    1500292 kB
Buffers:           67964 kB
Cached:           924712 kB
MemTotal:        1844596 kB
MemFree:          599648 kB
MemAvailable:    1498804 kB
Buffers:           67964 kB
Cached:           924712 kB
MemTotal:        1844596 kB
MemFree:          599516 kB
MemAvailable:    1498672 kB
Buffers:           67964 kB
Cached:           924712 kB
MemTotal:        1844596 kB
MemFree:          600508 kB
MemAvailable:    1499664 kB
Buffers:           67964 kB
Cached:           924712 kB
MemTotal:        1844596 kB
MemFree:          599360 kB
MemAvailable:    1498516 kB
Buffers:           67964 kB
Cached:           924712 kB
MemTotal:        1844596 kB
MemFree:          599816 kB
MemAvailable:    1498972 kB
Buffers:           67964 kB
Cached:           924712 kB
MemTotal:        1844596 kB
MemFree:          600460 kB
MemAvailable:    1499616 kB
Buffers:           67964 kB
Cached:           924712 kB
MemTotal:        1844596 kB
MemFree:          600392 kB
MemAvailable:    1499548 kB
Buffers:           67964 kB
Cached:           924712 kB
MemTotal:        1844596 kB
MemFree:          600448 kB
MemAvailable:    1499604 kB
Buffers:           67964 kB
Cached:           924712 kB
MemTotal:        1844596 kB
MemFree:          600616 kB
MemAvailable:    1499772 kB
Buffers:           67964 kB
Cached:           924712 kB
MemTotal:        1844596 kB
MemFree:          600504 kB
MemAvailable:    1499660 kB
Buffers:           67964 kB
Cached:           924712 kB
MemTotal:        1844596 kB
MemFree:          600516 kB
MemAvailable:    1499672 kB
Buffers:           67964 kB
Cached:           924712 kB
MemTotal:        1844596 kB
MemFree:          599648 kB
MemAvailable:    1498804 kB
Buffers:           67964 kB
Cached:           924712 kB
MemTotal:        1844596 kB
MemFree:          598144 kB
MemAvailable:    1497300 kB
Buffers:           67964 kB
Cached:           924712 kB
MemTotal:        1844596 kB
MemFree:          598144 kB
MemAvailable:    1497300 kB
Buffers:           67964 kB
Cached:           924712 kB
MemTotal:        1844596 kB
MemFree:          594988 kB
MemAvailable:    1494144 kB
Buffers:           67964 kB
Cached:           924712 kB
MemTotal:        1844596 kB
MemFree:          592936 kB
MemAvailable:    1492092 kB
Buffers:           67964 kB
Cached:           924712 kB
MemTotal:        1844596 kB
MemFree:          592936 kB
MemAvailable:    1492092 kB
Buffers:           67964 kB
Cached:           924712 kB
MemTotal:        1844596 kB
MemFree:          592564 kB
MemAvailable:    1491724 kB
Buffers:           67964 kB
Cached:           924716 kB
MemTotal:        1844596 kB
MemFree:          591960 kB
MemAvailable:    1491120 kB
Buffers:           67964 kB
Cached:           924716 kB
MemTotal:        1844596 kB
MemFree:          591152 kB
MemAvailable:    1490312 kB
Buffers:           67964 kB
Cached:           924716 kB
MemTotal:        1844596 kB
MemFree:          592428 kB
MemAvailable:    1491588 kB
Buffers:           67964 kB
Cached:           924716 kB
MemTotal:        1844596 kB
MemFree:          592456 kB
MemAvailable:    1491616 kB
Buffers:           67964 kB
Cached:           924716 kB
MemTotal:        1844596 kB
MemFree:          592568 kB
MemAvailable:    1491728 kB
Buffers:           67964 kB
Cached:           924716 kB
MemTotal:        1844596 kB
MemFree:          592540 kB
MemAvailable:    1491700 kB
Buffers:           67964 kB
Cached:           924716 kB
MemTotal:        1844596 kB
MemFree:          591844 kB
MemAvailable:    1491004 kB
Buffers:           67964 kB
Cached:           924716 kB
MemTotal:        1844596 kB
MemFree:          592448 kB
MemAvailable:    1491608 kB
Buffers:           67964 kB
Cached:           924716 kB
MemTotal:        1844596 kB
MemFree:          592700 kB
MemAvailable:    1491860 kB
Buffers:           67964 kB
Cached:           924716 kB
MemTotal:        1844596 kB
MemFree:          592376 kB
MemAvailable:    1491536 kB
Buffers:           67964 kB
Cached:           924716 kB
MemTotal:        1844596 kB
MemFree:          591208 kB
MemAvailable:    1490368 kB
Buffers:           67964 kB
Cached:           924716 kB
MemTotal:        1844596 kB
MemFree:          592448 kB
MemAvailable:    1491608 kB
Buffers:           67964 kB
Cached:           924716 kB
MemTotal:        1844596 kB
MemFree:          592332 kB
MemAvailable:    1491492 kB
Buffers:           67964 kB
Cached:           924716 kB
MemTotal:        1844596 kB
MemFree:          591904 kB
MemAvailable:    1491064 kB
Buffers:           67964 kB
Cached:           924716 kB
MemTotal:        1844596 kB
MemFree:          592324 kB
MemAvailable:    1491484 kB
Buffers:           67964 kB
Cached:           924716 kB
MemTotal:        1844596 kB
MemFree:          591448 kB
MemAvailable:    1490608 kB
Buffers:           67964 kB
Cached:           924716 kB
MemTotal:        1844596 kB
MemFree:          591340 kB
MemAvailable:    1490500 kB
Buffers:           67964 kB
Cached:           924716 kB
MemTotal:        1844596 kB
MemFree:          591160 kB
MemAvailable:    1490320 kB
Buffers:           67964 kB
Cached:           924716 kB
MemTotal:        1844596 kB
MemFree:          589912 kB
MemAvailable:    1489072 kB
Buffers:           67964 kB
Cached:           924716 kB
MemTotal:        1844596 kB
MemFree:          590408 kB
MemAvailable:    1489568 kB
Buffers:           67964 kB
Cached:           924716 kB
MemTotal:        1844596 kB
MemFree:          588604 kB
MemAvailable:    1487764 kB
Buffers:           67964 kB
Cached:           924716 kB
MemTotal:        1844596 kB
MemFree:          589720 kB
MemAvailable:    1488880 kB
Buffers:           67964 kB
Cached:           924716 kB
MemTotal:        1844596 kB
MemFree:          587860 kB
MemAvailable:    1487020 kB
Buffers:           67964 kB
Cached:           924716 kB
MemTotal:        1844596 kB
MemFree:          588116 kB
MemAvailable:    1487276 kB
Buffers:           67964 kB
Cached:           924716 kB
MemTotal:        1844596 kB
MemFree:          588116 kB
MemAvailable:    1487276 kB
Buffers:           67964 kB
Cached:           924716 kB
MemTotal:        1844596 kB
MemFree:          587984 kB
MemAvailable:    1487144 kB
Buffers:           67964 kB
Cached:           924716 kB
MemTotal:        1844596 kB
MemFree:          588788 kB
MemAvailable:    1487948 kB
Buffers:           67964 kB
Cached:           924716 kB
MemTotal:        1844596 kB
MemFree:          588800 kB
MemAvailable:    1487960 kB
Buffers:           67964 kB
Cached:           924716 kB
MemTotal:        1844596 kB
MemFree:          588480 kB
MemAvailable:    1487640 kB
Buffers:           67964 kB
Cached:           924716 kB
MemTotal:        1844596 kB
MemFree:          588924 kB
MemAvailable:    1488084 kB
Buffers:           67964 kB
Cached:           924716 kB
MemTotal:        1844596 kB
MemFree:          588736 kB
MemAvailable:    1487896 kB
Buffers:           67964 kB
Cached:           924716 kB
MemTotal:        1844596 kB
MemFree:          587448 kB
MemAvailable:    1486608 kB
Buffers:           67964 kB
Cached:           924716 kB
MemTotal:        1844596 kB
MemFree:          587248 kB
MemAvailable:    1486408 kB
Buffers:           67964 kB
Cached:           924716 kB
MemTotal:        1844596 kB
MemFree:          588356 kB
MemAvailable:    1487516 kB
Buffers:           67964 kB
Cached:           924716 kB
MemTotal:        1844596 kB
MemFree:          588356 kB
MemAvailable:    1487516 kB
Buffers:           67964 kB
Cached:           924716 kB
MemTotal:        1844596 kB
MemFree:          583580 kB
MemAvailable:    1482740 kB
Buffers:           67964 kB
Cached:           924716 kB
MemTotal:        1844596 kB
MemFree:          583652 kB
MemAvailable:    1482812 kB
Buffers:           67964 kB
Cached:           924716 kB
MemTotal:        1844596 kB
MemFree:          582412 kB
MemAvailable:    1481572 kB
Buffers:           67964 kB
Cached:           924716 kB
MemTotal:        1844596 kB
MemFree:          583272 kB
MemAvailable:    1482436 kB
Buffers:           67964 kB
Cached:           924720 kB
MemTotal:        1844596 kB
MemFree:          583528 kB
MemAvailable:    1482692 kB
Buffers:           67964 kB
Cached:           924720 kB
MemTotal:        1844596 kB
MemFree:          582148 kB
MemAvailable:    1481312 kB
Buffers:           67964 kB
Cached:           924720 kB
MemTotal:        1844596 kB
MemFree:          581916 kB
MemAvailable:    1481080 kB
Buffers:           67964 kB
Cached:           924720 kB
MemTotal:        1844596 kB
MemFree:          582040 kB
MemAvailable:    1481204 kB
Buffers:           67964 kB
Cached:           924720 kB
MemTotal:        1844596 kB
MemFree:          582908 kB
MemAvailable:    1482072 kB
Buffers:           67964 kB
Cached:           924720 kB
MemTotal:        1844596 kB
MemFree:          581536 kB
MemAvailable:    1480700 kB
Buffers:           67964 kB
Cached:           924720 kB
MemTotal:        1844596 kB
MemFree:          581528 kB
MemAvailable:    1480692 kB
Buffers:           67964 kB
Cached:           924720 kB
MemTotal:        1844596 kB
MemFree:          581172 kB
MemAvailable:    1480336 kB
Buffers:           67964 kB
Cached:           924720 kB
MemTotal:        1844596 kB
MemFree:          579560 kB
MemAvailable:    1478724 kB
Buffers:           67964 kB
Cached:           924720 kB
MemTotal:        1844596 kB
MemFree:          579808 kB
MemAvailable:    1478972 kB
Buffers:           67964 kB
Cached:           924720 kB
MemTotal:        1844596 kB
MemFree:          579668 kB
MemAvailable:    1478832 kB
Buffers:           67964 kB
Cached:           924720 kB
MemTotal:        1844596 kB
MemFree:          579436 kB
MemAvailable:    1478600 kB
Buffers:           67964 kB
Cached:           924720 kB
MemTotal:        1844596 kB
MemFree:          579724 kB
MemAvailable:    1478888 kB
Buffers:           67964 kB
Cached:           924720 kB
MemTotal:        1844596 kB
MemFree:          579744 kB
MemAvailable:    1478908 kB
Buffers:           67964 kB
Cached:           924720 kB
MemTotal:        1844596 kB
MemFree:          578444 kB
MemAvailable:    1477608 kB
Buffers:           67964 kB
Cached:           924720 kB
MemTotal:        1844596 kB
MemFree:          580376 kB
MemAvailable:    1479540 kB
Buffers:           67964 kB
Cached:           924720 kB
MemTotal:        1844596 kB
MemFree:          581676 kB
MemAvailable:    1480924 kB
Buffers:           67964 kB
Cached:           924844 kB
MemTotal:        1844596 kB
MemFree:          581352 kB
MemAvailable:    1480768 kB
Buffers:           67964 kB
Cached:           924968 kB
MemTotal:        1844596 kB
MemFree:          581604 kB
MemAvailable:    1481020 kB
Buffers:           67964 kB
Cached:           924968 kB
MemTotal:        1844596 kB
MemFree:          581288 kB
MemAvailable:    1480788 kB
Buffers:           67964 kB
Cached:           925092 kB
MemTotal:        1844596 kB
MemFree:          580048 kB
MemAvailable:    1479716 kB
Buffers:           67964 kB
Cached:           925216 kB
MemTotal:        1844596 kB
MemFree:          580164 kB
MemAvailable:    1479832 kB
Buffers:           67964 kB
Cached:           925340 kB
MemTotal:        1844596 kB
MemFree:          580172 kB
MemAvailable:    1479924 kB
Buffers:           67964 kB
Cached:           925340 kB
MemTotal:        1844596 kB
MemFree:          580304 kB
MemAvailable:    1480056 kB
Buffers:           67964 kB
Cached:           925340 kB
MemTotal:        1844596 kB
MemFree:          581232 kB
MemAvailable:    1480984 kB
Buffers:           67964 kB
Cached:           925340 kB
MemTotal:        1844596 kB
MemFree:          581224 kB
MemAvailable:    1480976 kB
Buffers:           67964 kB
Cached:           925340 kB
MemTotal:        1844596 kB
MemFree:          579660 kB
MemAvailable:    1479412 kB
Buffers:           67964 kB
Cached:           925340 kB
MemTotal:        1844596 kB
MemFree:          580768 kB
MemAvailable:    1480520 kB
Buffers:           67964 kB
Cached:           925340 kB
MemTotal:        1844596 kB
MemFree:          580936 kB
MemAvailable:    1480688 kB
Buffers:           67964 kB
Cached:           925340 kB
MemTotal:        1844596 kB
MemFree:          581212 kB
MemAvailable:    1480964 kB
Buffers:           67964 kB
Cached:           925340 kB
MemTotal:        1844596 kB
MemFree:          581008 kB
MemAvailable:    1480844 kB
Buffers:           67964 kB
Cached:           925340 kB
MemTotal:        1844596 kB
MemFree:          580256 kB
MemAvailable:    1479420 kB
Buffers:           67964 kB
Cached:           924708 kB
MemTotal:        1844596 kB
MemFree:          648824 kB
MemAvailable:    1547988 kB
Buffers:           67964 kB
Cached:           924708 kB
