MemTotal:        1844596 kB
MemFree:          872928 kB
MemAvailable:    1543336 kB
Buffers:           44412 kB
Cached:           736616 kB
MemTotal:        1844596 kB
MemFree:          871936 kB
MemAvailable:    1542344 kB
Buffers:           44412 kB
Cached:           736616 kB
MemTotal:        1844596 kB
MemFree:          870920 kB
MemAvailable:    1541328 kB
Buffers:           44412 kB
Cached:           736616 kB
MemTotal:        1844596 kB
MemFree:          870688 kB
MemAvailable:    1541096 kB
Buffers:           44412 kB
Cached:           736616 kB
MemTotal:        1844596 kB
MemFree:          868580 kB
MemAvailable:    1538988 kB
Buffers:           44412 kB
Cached:           736616 kB
MemTotal:        1844596 kB
MemFree:          868456 kB
MemAvailable:    1538864 kB
Buffers:           44412 kB
Cached:           736616 kB
MemTotal:        1844596 kB
MemFree:          867836 kB
MemAvailable:    1538244 kB
Buffers:           44412 kB
Cached:           736616 kB
MemTotal:        1844596 kB
MemFree:          865348 kB
MemAvailable:    1535756 kB
Buffers:           44412 kB
Cached:           736616 kB
MemTotal:        1844596 kB
MemFree:          864992 kB
MemAvailable:    1535400 kB
Buffers:           44412 kB
Cached:           736616 kB
MemTotal:        1844596 kB
MemFree:          862192 kB
MemAvailable:    1532600 kB
Buffers:           44412 kB
Cached:           736616 kB
MemTotal:        1844596 kB
MemFree:          857552 kB
MemAvailable:    1527960 kB
Buffers:           44412 kB
Cached:           736616 kB
MemTotal:        1844596 kB
MemFree:          858464 kB
MemAvailable:    1528872 kB
Buffers:           44412 kB
Cached:           736616 kB
MemTotal:        1844596 kB
MemFree:          859572 kB
MemAvailable:    1529980 kB
Buffers:           44412 kB
Cached:           736616 kB
MemTotal:        1844596 kB
MemFree:          859652 kB
MemAvailable:    1530060 kB
Buffers:           44412 kB
Cached:           736616 kB
MemTotal:        1844596 kB
MemFree:          858368 kB
MemAvailable:    1528776 kB
Buffers:           44412 kB
Cached:           736616 kB
MemTotal:        1844596 kB
MemFree:          858668 kB
MemAvailable:    1529080 kB
Buffers:           44412 kB
Cached:           736620 kB
MemTotal:        1844596 kB
MemFree:          859900 kB
MemAvailable:    1530312 kB
Buffers:           44412 kB
Cached:           736620 kB
MemTotal:        1844596 kB
MemFree:          858040 kB
MemAvailable:    1528452 kB
Buffers:           44412 kB
Cached:           736620 kB
MemTotal:        1844596 kB
MemFree:          858040 kB
MemAvailable:    1528452 kB
Buffers:           44412 kB
Cached:           736620 kB
MemTotal:        1844596 kB
MemFree:          857288 kB
MemAvailable:    1527700 kB
Buffers:           44412 kB
Cached:           736620 kB
MemTotal:        1844596 kB
MemFree:          857624 kB
MemAvailable:    1528036 kB
Buffers:           44412 kB
Cached:           736620 kB
MemTotal:        1844596 kB
MemFree:          856172 kB
MemAvailable:    1526584 kB
Buffers:           44412 kB
Cached:           736620 kB
MemTotal:        1844596 kB
MemFree:          857356 kB
MemAvailable:    1527768 kB
Buffers:           44412 kB
Cached:           736620 kB
MemTotal:        1844596 kB
MemFree:          857040 kB
MemAvailable:    1527452 kB
Buffers:           44412 kB
Cached:           736620 kB
MemTotal:        1844596 kB
MemFree:          855792 kB
MemAvailable:    1526204 kB
Buffers:           44412 kB
Cached:           736620 kB
MemTotal:        1844596 kB
MemFree:          856000 kB
MemAvailable:    1526412 kB
Buffers:           44412 kB
Cached:           736620 kB
MemTotal:        1844596 kB
MemFree:          857044 kB
MemAvailable:    1527456 kB
Buffers:           44412 kB
Cached:           736620 kB
MemTotal:        1844596 kB
MemFree:          855744 kB
MemAvailable:    1526156 kB
Buffers:           44412 kB
Cached:           736620 kB
MemTotal:        1844596 kB
MemFree:          857216 kB
MemAvailable:    1527628 kB
Buffers:           44412 kB
Cached:           736620 kB
MemTotal:        1844596 kB
MemFree:          857908 kB
MemAvailable:    1528320 kB
Buffers:           44412 kB
Cached:           736620 kB
MemTotal:        1844596 kB
MemFree:          857908 kB
MemAvailable:    1528320 kB
Buffers:           44412 kB
Cached:           736620 kB
MemTotal:        1844596 kB
MemFree:          854692 kB
MemAvailable:    1525104 kB
Buffers:           44412 kB
Cached:           736620 kB
MemTotal:        1844596 kB
MemFree:          854080 kB
MemAvailable:    1524492 kB
Buffers:           44412 kB
Cached:           736620 kB
MemTotal:        1844596 kB
MemFree:          854644 kB
MemAvailable:    1525056 kB
Buffers:           44412 kB
Cached:           736620 kB
MemTotal:        1844596 kB
MemFree:          853272 kB
MemAvailable:    1523684 kB
Buffers:           44412 kB
Cached:           736620 kB
MemTotal:        1844596 kB
MemFree:          854140 kB
MemAvailable:    1524552 kB
Buffers:           44412 kB
Cached:           736620 kB
MemTotal:        1844596 kB
MemFree:          852584 kB
MemAvailable:    1522996 kB
Buffers:           44412 kB
Cached:           736620 kB
MemTotal:        1844596 kB
MemFree:          853212 kB
MemAvailable:    1523624 kB
Buffers:           44412 kB
Cached:           736620 kB
MemTotal:        1844596 kB
MemFree:          851840 kB
MemAvailable:    1522252 kB
Buffers:           44412 kB
Cached:           736620 kB
MemTotal:        1844596 kB
MemFree:          853140 kB
MemAvailable:    1523552 kB
Buffers:           44412 kB
Cached:           736620 kB
MemTotal:        1844596 kB
MemFree:          852948 kB
MemAvailable:    1523360 kB
Buffers:           44412 kB
Cached:           736620 kB
MemTotal:        1844596 kB
MemFree:          851708 kB
MemAvailable:    1522120 kB
Buffers:           44412 kB
Cached:           736620 kB
MemTotal:        1844596 kB
MemFree:          853008 kB
MemAvailable:    1523420 kB
Buffers:           44412 kB
Cached:           736620 kB
MemTotal:        1844596 kB
MemFree:          852628 kB
MemAvailable:    1523040 kB
Buffers:           44412 kB
Cached:           736620 kB
MemTotal:        1844596 kB
MemFree:          852628 kB
MemAvailable:    1523040 kB
Buffers:           44412 kB
Cached:           736620 kB
MemTotal:        1844596 kB
MemFree:          851212 kB
MemAvailable:    1521624 kB
Buffers:           44412 kB
Cached:           736620 kB
MemTotal:        1844596 kB
MemFree:          851228 kB
MemAvailable:    1521640 kB
Buffers:           44412 kB
Cached:           736620 kB
MemTotal:        1844596 kB
MemFree:          850716 kB
MemAvailable:    1521128 kB
Buffers:           44412 kB
Cached:           736620 kB
MemTotal:        1844596 kB
MemFree:          852068 kB
MemAvailable:    1522480 kB
Buffers:           44412 kB
Cached:           736620 kB
MemTotal:        1844596 kB
MemFree:          852152 kB
MemAvailable:    1522564 kB
Buffers:           44412 kB
Cached:           736620 kB
MemTotal:        1844596 kB
MemFree:          851968 kB
MemAvailable:    1522380 kB
Buffers:           44412 kB
Cached:           736620 kB
MemTotal:        1844596 kB
MemFree:          852076 kB
MemAvailable:    1522488 kB
Buffers:           44412 kB
Cached:           736620 kB
MemTotal:        1844596 kB
MemFree:          852016 kB
MemAvailable:    1522428 kB
Buffers:           44412 kB
Cached:           736620 kB
MemTotal:        1844596 kB
MemFree:          852184 kB
MemAvailable:    1522596 kB
Buffers:           44412 kB
Cached:           736620 kB
MemTotal:        1844596 kB
MemFree:          851916 kB
MemAvailable:    1522328 kB
Buffers:           44412 kB
Cached:           736620 kB
MemTotal:        1844596 kB
MemFree:          850920 kB
MemAvailable:    1521332 kB
Buffers:           44412 kB
Cached:           736620 kB
MemTotal:        1844596 kB
MemFree:          852000 kB
MemAvailable:    1522412 kB
Buffers:           44412 kB
Cached:           736620 kB
MemTotal:        1844596 kB
MemFree:          851228 kB
MemAvailable:    1521640 kB
Buffers:           44412 kB
Cached:           736620 kB
MemTotal:        1844596 kB
MemFree:          851652 kB
MemAvailable:    1522064 kB
Buffers:           44412 kB
Cached:           736620 kB
MemTotal:        1844596 kB
MemFree:          851652 kB
MemAvailable:    1522064 kB
Buffers:           44412 kB
Cached:           736620 kB
MemTotal:        1844596 kB
MemFree:          851420 kB
MemAvailable:    1521832 kB
Buffers:           44412 kB
Cached:           736620 kB
MemTotal:        1844596 kB
MemFree:          851516 kB
MemAvailable:    1521928 kB
Buffers:           44412 kB
Cached:           736620 kB
MemTotal:        1844596 kB
MemFree:          851260 kB
MemAvailable:    1521672 kB
Buffers:           44412 kB
Cached:           736620 kB
MemTotal:        1844596 kB
MemFree:          850360 kB
MemAvailable:    1520772 kB
Buffers:           44412 kB
Cached:           736620 kB
MemTotal:        1844596 kB
MemFree:          851228 kB
MemAvailable:    1521644 kB
Buffers:           44412 kB
Cached:           736624 kB
MemTotal:        1844596 kB
MemFree:          850112 kB
MemAvailable:    1520528 kB
Buffers:           44412 kB
Cached:           736624 kB
MemTotal:        1844596 kB
MemFree:          851312 kB
MemAvailable:    1521728 kB
Buffers:           44412 kB
Cached:           736624 kB
MemTotal:        1844596 kB
MemFree:          849980 kB
MemAvailable:    1520396 kB
Buffers:           44412 kB
Cached:           736624 kB
MemTotal:        1844596 kB
MemFree:          850800 kB
MemAvailable:    1521216 kB
Buffers:           44412 kB
Cached:           736624 kB
MemTotal:        1844596 kB
MemFree:          851136 kB
MemAvailable:    1521552 kB
Buffers:           44412 kB
Cached:           736624 kB
MemTotal:        1844596 kB
MemFree:          849852 kB
MemAvailable:    1520268 kB
Buffers:           44412 kB
Cached:           736624 kB
MemTotal:        1844596 kB
MemFree:          851052 kB
MemAvailable:    1521468 kB
Buffers:           44412 kB
Cached:           736624 kB
MemTotal:        1844596 kB
MemFree:          851052 kB
MemAvailable:    1521468 kB
Buffers:           44412 kB
Cached:           736624 kB
MemTotal:        1844596 kB
MemFree:          851056 kB
MemAvailable:    1521472 kB
Buffers:           44412 kB
Cached:           736624 kB
MemTotal:        1844596 kB
MemFree:          849808 kB
MemAvailable:    1520224 kB
Buffers:           44412 kB
Cached:           736624 kB
MemTotal:        1844596 kB
MemFree:          849844 kB
MemAvailable:    1520260 kB
Buffers:           44412 kB
Cached:           736624 kB
MemTotal:        1844596 kB
MemFree:          847872 kB
MemAvailable:    1518288 kB
Buffers:           44412 kB
Cached:           736624 kB
MemTotal:        1844596 kB
MemFree:          846640 kB
MemAvailable:    1517056 kB
Buffers:           44412 kB
Cached:           736624 kB
MemTotal:        1844596 kB
MemFree:          845028 kB
MemAvailable:    1515444 kB
Buffers:           44412 kB
Cached:           736624 kB
MemTotal:        1844596 kB
MemFree:          843524 kB
MemAvailable:    1513940 kB
Buffers:           44412 kB
Cached:           736624 kB
MemTotal:        1844596 kB
MemFree:          843860 kB
MemAvailable:    1514276 kB
Buffers:           44412 kB
Cached:           736624 kB
MemTotal:        1844596 kB
MemFree:          842292 kB
MemAvailable:    1512708 kB
Buffers:           44412 kB
Cached:           736624 kB
MemTotal:        1844596 kB
MemFree:          842672 kB
MemAvailable:    1513088 kB
Buffers:           44412 kB
Cached:           736624 kB
MemTotal:        1844596 kB
MemFree:          842980 kB
MemAvailable:    1513396 kB
Buffers:           44412 kB
Cached:           736624 kB
MemTotal:        1844596 kB
MemFree:          842128 kB
MemAvailable:    1512544 kB
Buffers:           44412 kB
Cached:           736624 kB
MemTotal:        1844596 kB
MemFree:          842912 kB
MemAvailable:    1513328 kB
Buffers:           44412 kB
Cached:           736624 kB
MemTotal:        1844596 kB
MemFree:          843168 kB
MemAvailable:    1513584 kB
Buffers:           44412 kB
Cached:           736624 kB
MemTotal:        1844596 kB
MemFree:          841920 kB
MemAvailable:    1512336 kB
Buffers:           44412 kB
Cached:           736624 kB
MemTotal:        1844596 kB
MemFree:          843164 kB
MemAvailable:    1513580 kB
Buffers:           44412 kB
Cached:           736624 kB
MemTotal:        1844596 kB
MemFree:          843212 kB
MemAvailable:    1513628 kB
Buffers:           44412 kB
Cached:           736624 kB
MemTotal:        1844596 kB
MemFree:          842548 kB
MemAvailable:    1512840 kB
Buffers:           44412 kB
Cached:           736624 kB
MemTotal:        1844596 kB
MemFree:          843284 kB
MemAvailable:    1513712 kB
Buffers:           44412 kB
Cached:           736632 kB
MemTotal:        1844596 kB
MemFree:          843284 kB
MemAvailable:    1513712 kB
Buffers:           44412 kB
Cached:           736632 kB
MemTotal:        1844596 kB
MemFree:          843048 kB
MemAvailable:    1513476 kB
Buffers:           44412 kB
Cached:           736632 kB
MemTotal:        1844596 kB
MemFree:          843092 kB
MemAvailable:    1513520 kB
Buffers:           44412 kB
Cached:           736632 kB
MemTotal:        1844596 kB
MemFree:          842408 kB
MemAvailable:    1512836 kB
Buffers:           44412 kB
Cached:           736632 kB
MemTotal:        1844596 kB
MemFree:          842408 kB
MemAvailable:    1512836 kB
Buffers:           44412 kB
Cached:           736632 kB
MemTotal:        1844596 kB
MemFree:          842172 kB
MemAvailable:    1512600 kB
Buffers:           44412 kB
Cached:           736632 kB
MemTotal:        1844596 kB
MemFree:          842048 kB
MemAvailable:    1512476 kB
Buffers:           44412 kB
Cached:           736632 kB
MemTotal:        1844596 kB
MemFree:          841616 kB
MemAvailable:    1512044 kB
Buffers:           44412 kB
Cached:           736632 kB
MemTotal:        1844596 kB
MemFree:          841484 kB
MemAvailable:    1511912 kB
Buffers:           44412 kB
Cached:           736632 kB
MemTotal:        1844596 kB
MemFree:          841312 kB
MemAvailable:    1511740 kB
Buffers:           44412 kB
Cached:           736632 kB
MemTotal:        1844596 kB
MemFree:          841180 kB
MemAvailable:    1511608 kB
Buffers:           44412 kB
Cached:           736632 kB
MemTotal:        1844596 kB
MemFree:          840464 kB
MemAvailable:    1510892 kB
Buffers:           44412 kB
Cached:           736632 kB
MemTotal:        1844596 kB
MemFree:          839396 kB
MemAvailable:    1509824 kB
Buffers:           44412 kB
Cached:           736632 kB
MemTotal:        1844596 kB
MemFree:          839432 kB
MemAvailable:    1509860 kB
Buffers:           44412 kB
Cached:           736632 kB
MemTotal:        1844596 kB
MemFree:          839516 kB
MemAvailable:    1509944 kB
Buffers:           44412 kB
Cached:           736632 kB
MemTotal:        1844596 kB
MemFree:          839708 kB
MemAvailable:    1510136 kB
Buffers:           44412 kB
Cached:           736632 kB
MemTotal:        1844596 kB
MemFree:          839376 kB
MemAvailable:    1509804 kB
Buffers:           44412 kB
Cached:           736632 kB
MemTotal:        1844596 kB
MemFree:          839628 kB
MemAvailable:    1510056 kB
Buffers:           44412 kB
Cached:           736632 kB
MemTotal:        1844596 kB
MemFree:          838152 kB
MemAvailable:    1508580 kB
Buffers:           44412 kB
Cached:           736632 kB
MemTotal:        1844596 kB
MemFree:          838400 kB
MemAvailable:    1508828 kB
Buffers:           44412 kB
Cached:           736632 kB
MemTotal:        1844596 kB
MemFree:          838268 kB
MemAvailable:    1508696 kB
Buffers:           44412 kB
Cached:           736632 kB
MemTotal:        1844596 kB
MemFree:          839500 kB
MemAvailable:    1509928 kB
Buffers:           44412 kB
Cached:           736632 kB
MemTotal:        1844596 kB
MemFree:          838260 kB
MemAvailable:    1508688 kB
Buffers:           44412 kB
Cached:           736632 kB
MemTotal:        1844596 kB
MemFree:          839244 kB
MemAvailable:    1509672 kB
Buffers:           44412 kB
Cached:           736632 kB
MemTotal:        1844596 kB
MemFree:          839244 kB
MemAvailable:    1509672 kB
Buffers:           44412 kB
Cached:           736632 kB
MemTotal:        1844596 kB
MemFree:          839012 kB
MemAvailable:    1509440 kB
Buffers:           44412 kB
Cached:           736632 kB
MemTotal:        1844596 kB
MemFree:          839268 kB
MemAvailable:    1509696 kB
Buffers:           44412 kB
Cached:           736632 kB
MemTotal:        1844596 kB
MemFree:          839012 kB
MemAvailable:    1509440 kB
Buffers:           44412 kB
Cached:           736632 kB
MemTotal:        1844596 kB
MemFree:          838456 kB
MemAvailable:    1508884 kB
Buffers:           44412 kB
Cached:           736632 kB
MemTotal:        1844596 kB
MemFree:          833984 kB
MemAvailable:    1504412 kB
Buffers:           44412 kB
Cached:           736632 kB
MemTotal:        1844596 kB
MemFree:          833984 kB
MemAvailable:    1504412 kB
Buffers:           44412 kB
Cached:           736632 kB
MemTotal:        1844596 kB
MemFree:          833340 kB
MemAvailable:    1503768 kB
Buffers:           44412 kB
Cached:           736632 kB
MemTotal:        1844596 kB
MemFree:          833676 kB
MemAvailable:    1504104 kB
Buffers:           44412 kB
Cached:           736632 kB
MemTotal:        1844596 kB
MemFree:          833300 kB
MemAvailable:    1503728 kB
Buffers:           44412 kB
Cached:           736632 kB
MemTotal:        1844596 kB
MemFree:          833236 kB
MemAvailable:    1503664 kB
Buffers:           44412 kB
Cached:           736632 kB
MemTotal:        1844596 kB
MemFree:          832056 kB
MemAvailable:    1502484 kB
Buffers:           44412 kB
Cached:           736632 kB
MemTotal:        1844596 kB
MemFree:          833164 kB
MemAvailable:    1503592 kB
Buffers:           44412 kB
Cached:           736632 kB
MemTotal:        1844596 kB
MemFree:          832312 kB
MemAvailable:    1502740 kB
Buffers:           44412 kB
Cached:           736632 kB
MemTotal:        1844596 kB
MemFree:          831920 kB
MemAvailable:    1502348 kB
Buffers:           44412 kB
Cached:           736632 kB
MemTotal:        1844596 kB
MemFree:          833036 kB
MemAvailable:    1503464 kB
Buffers:           44412 kB
Cached:           736632 kB
MemTotal:        1844596 kB
MemFree:          833036 kB
MemAvailable:    1503464 kB
Buffers:           44412 kB
Cached:           736632 kB
MemTotal:        1844596 kB
MemFree:          832116 kB
MemAvailable:    1502544 kB
Buffers:           44412 kB
Cached:           736632 kB
MemTotal:        1844596 kB
MemFree:          832008 kB
MemAvailable:    1502436 kB
Buffers:           44412 kB
Cached:           736632 kB
MemTotal:        1844596 kB
MemFree:          830140 kB
MemAvailable:    1500568 kB
Buffers:           44412 kB
Cached:           736632 kB
MemTotal:        1844596 kB
MemFree:          830476 kB
MemAvailable:    1500904 kB
Buffers:           44412 kB
Cached:           736632 kB
MemTotal:        1844596 kB
MemFree:          829024 kB
MemAvailable:    1499452 kB
Buffers:           44412 kB
Cached:           736632 kB
MemTotal:        1844596 kB
MemFree:          830368 kB
MemAvailable:    1500796 kB
Buffers:           44412 kB
Cached:           736632 kB
MemTotal:        1844596 kB
MemFree:          829960 kB
MemAvailable:    1500388 kB
Buffers:           44412 kB
Cached:           736632 kB
MemTotal:        1844596 kB
MemFree:          830212 kB
MemAvailable:    1500640 kB
Buffers:           44412 kB
Cached:           736632 kB
MemTotal:        1844596 kB
MemFree:          829836 kB
MemAvailable:    1500264 kB
Buffers:           44412 kB
Cached:           736632 kB
MemTotal:        1844596 kB
MemFree:          830172 kB
MemAvailable:    1500600 kB
Buffers:           44412 kB
Cached:           736632 kB
MemTotal:        1844596 kB
MemFree:          831944 kB
MemAvailable:    1502372 kB
Buffers:           44412 kB
Cached:           736632 kB
MemTotal:        1844596 kB
MemFree:          832084 kB
MemAvailable:    1502596 kB
Buffers:           44412 kB
Cached:           736756 kB
MemTotal:        1844596 kB
MemFree:          831676 kB
MemAvailable:    1502356 kB
Buffers:           44412 kB
Cached:           736880 kB
MemTotal:        1844596 kB
MemFree:          832016 kB
MemAvailable:    1502696 kB
Buffers:           44412 kB
Cached:           736880 kB
MemTotal:        1844596 kB
MemFree:          831496 kB
MemAvailable:    1502344 kB
Buffers:           44412 kB
Cached:           737004 kB
MemTotal:        1844596 kB
MemFree:          831752 kB
MemAvailable:    1502600 kB
Buffers:           44412 kB
Cached:           737004 kB
MemTotal:        1844596 kB
MemFree:          830248 kB
MemAvailable:    1501264 kB
Buffers:           44412 kB
Cached:           737252 kB
MemTotal:        1844596 kB
MemFree:          830124 kB
MemAvailable:    1501140 kB
Buffers:           44412 kB
Cached:           737252 kB
MemTotal:        1844596 kB
MemFree:          831100 kB
MemAvailable:    1502116 kB
Buffers:           44412 kB
Cached:           737252 kB
MemTotal:        1844596 kB
MemFree:          831268 kB
MemAvailable:    1502284 kB
Buffers:           44412 kB
Cached:           737252 kB
MemTotal:        1844596 kB
MemFree:          831224 kB
MemAvailable:    1502240 kB
Buffers:           44412 kB
Cached:           737252 kB
MemTotal:        1844596 kB
MemFree:          831308 kB
MemAvailable:    1502324 kB
Buffers:           44412 kB
Cached:           737252 kB
MemTotal:        1844596 kB
MemFree:          831340 kB
MemAvailable:    1502356 kB
Buffers:           44412 kB
Cached:           737252 kB
MemTotal:        1844596 kB
MemFree:          831388 kB
MemAvailable:    1502404 kB
Buffers:           44412 kB
Cached:           737252 kB
MemTotal:        1844596 kB
MemFree:          831264 kB
MemAvailable:    1502280 kB
Buffers:           44412 kB
Cached:           737252 kB
MemTotal:        1844596 kB
MemFree:          830264 kB
MemAvailable:    1500692 kB
Buffers:           44412 kB
Cached:           736704 kB
MemTotal:        1844596 kB
MemFree:          898440 kB
MemAvailable:    1568868 kB
Buffers:           44412 kB
Cached:           736704 kB
