MemTotal:        1844596 kB
MemFree:          741732 kB
MemAvailable:    1532444 kB
Buffers:           57456 kB
Cached:           836396 kB
MemTotal:        1844596 kB
MemFree:          739236 kB
MemAvailable:    1529948 kB
Buffers:           57456 kB
Cached:           836396 kB
MemTotal:        1844596 kB
MemFree:          738376 kB
MemAvailable:    1529088 kB
Buffers:           57456 kB
Cached:           836396 kB
MemTotal:        1844596 kB
MemFree:          736948 kB
MemAvailable:    1527660 kB
Buffers:           57456 kB
Cached:           836396 kB
MemTotal:        1844596 kB
MemFree:          736756 kB
MemAvailable:    1527468 kB
Buffers:           57456 kB
Cached:           836396 kB
MemTotal:        1844596 kB
MemFree:          734656 kB
MemAvailable:    1525368 kB
Buffers:           57456 kB
Cached:           836396 kB
MemTotal:        1844596 kB
MemFree:          732292 kB
MemAvailable:    1523004 kB
Buffers:           57456 kB
Cached:           836396 kB
MemTotal:        1844596 kB
MemFree:          732432 kB
MemAvailable:    1523144 kB
Buffers:           57456 kB
Cached:           836396 kB
MemTotal:        1844596 kB
MemFree:          728580 kB
MemAvailable:    1519292 kB
Buffers:           57456 kB
Cached:           836396 kB
MemTotal:        1844596 kB
MemFree:          724984 kB
MemAvailable:    1515696 kB
Buffers:           57456 kB
Cached:           836396 kB
MemTotal:        1844596 kB
MemFree:          726624 kB
MemAvailable:    1517336 kB
Buffers:           57456 kB
Cached:           836396 kB
MemTotal:        1844596 kB
MemFree:          726960 kB
MemAvailable:    1517672 kB
Buffers:           57456 kB
Cached:           836396 kB
MemTotal:        1844596 kB
MemFree:          726756 kB
MemAvailable:    1517468 kB
Buffers:           57456 kB
Cached:           836396 kB
MemTotal:        1844596 kB
MemFree:          726976 kB
MemAvailable:    1517688 kB
Buffers:           57456 kB
Cached:           836396 kB
MemTotal:        1844596 kB
MemFree:          725472 kB
MemAvailable:    1516184 kB
Buffers:           57456 kB
Cached:           836396 kB
MemTotal:        1844596 kB
MemFree:          726796 kB
MemAvailable:    1517508 kB
Buffers:           57456 kB
Cached:           836396 kB
MemTotal:        1844596 kB
MemFree:          725356 kB
MemAvailable:    1516068 kB
Buffers:           57456 kB
Cached:           836396 kB
MemTotal:        1844596 kB
MemFree:          725216 kB
MemAvailable:    1515928 kB
Buffers:           57456 kB
Cached:           836396 kB
MemTotal:        1844596 kB
MemFree:          725108 kB
MemAvailable:    1515820 kB
Buffers:           57456 kB
Cached:           836396 kB
MemTotal:        1844596 kB
MemFree:          723372 kB
MemAvailable:    1514084 kB
Buffers:           57456 kB
Cached:           836396 kB
MemTotal:        1844596 kB
MemFree:          723372 kB
MemAvailable:    1514084 kB
Buffers:           57456 kB
Cached:           836396 kB
MemTotal:        1844596 kB
MemFree:          724480 kB
MemAvailable:    1515192 kB
Buffers:           57456 kB
Cached:           836396 kB
MemTotal:        1844596 kB
MemFree:          724356 kB
MemAvailable:    1515068 kB
Buffers:           57456 kB
Cached:           836396 kB
MemTotal:        1844596 kB
MemFree:          724268 kB
MemAvailable:    1514980 kB
Buffers:           57456 kB
Cached:           836396 kB
MemTotal:        1844596 kB
MemFree:          724364 kB
MemAvailable:    1515076 kB
Buffers:           57456 kB
Cached:           836396 kB
MemTotal:        1844596 kB
MemFree:          724236 kB
MemAvailable:    1514948 kB
Buffers:           57456 kB
Cached:           836396 kB
MemTotal:        1844596 kB
MemFree:          723068 kB
MemAvailable:    1513780 kB
Buffers:           57456 kB
Cached:           836396 kB
MemTotal:        1844596 kB
MemFree:          723060 kB
MemAvailable:    1513772 kB
Buffers:           57456 kB
Cached:           836396 kB
MemTotal:        1844596 kB
MemFree:          725872 kB
MemAvailable:    1516584 kB
Buffers:           57456 kB
Cached:           836396 kB
MemTotal:        1844596 kB
MemFree:          725116 kB
MemAvailable:    1515828 kB
Buffers:           57456 kB
Cached:           836396 kB
MemTotal:        1844596 kB
MemFree:          723984 kB
MemAvailable:    1514700 kB
Buffers:           57456 kB
Cached:           836400 kB
MemTotal:        1844596 kB
MemFree:          724116 kB
MemAvailable:    1514832 kB
Buffers:           57456 kB
Cached:           836400 kB
MemTotal:        1844596 kB
MemFree:          721868 kB
MemAvailable:    1512584 kB
Buffers:           57456 kB
Cached:           836400 kB
MemTotal:        1844596 kB
MemFree:          721636 kB
MemAvailable:    1512352 kB
Buffers:           57456 kB
Cached:           836400 kB
MemTotal:        1844596 kB
MemFree:          720332 kB
MemAvailable:    1511048 kB
Buffers:           57456 kB
Cached:           836400 kB
MemTotal:        1844596 kB
MemFree:          721200 kB
MemAvailable:    1511916 kB
Buffers:           57456 kB
Cached:           836400 kB
MemTotal:        1844596 kB
MemFree:          720704 kB
MemAvailable:    1511420 kB
Buffers:           57456 kB
Cached:           836400 kB
MemTotal:        1844596 kB
MemFree:          720380 kB
MemAvailable:    1511096 kB
Buffers:           57456 kB
Cached:           836400 kB
MemTotal:        1844596 kB
MemFree:          720464 kB
MemAvailable:    1511180 kB
Buffers:           57456 kB
Cached:           836400 kB
MemTotal:        1844596 kB
MemFree:          720152 kB
MemAvailable:    1510868 kB
Buffers:           57456 kB
Cached:           836400 kB
MemTotal:        1844596 kB
MemFree:          720072 kB
MemAvailable:    1510788 kB
Buffers:           57456 kB
Cached:           836400 kB
MemTotal:        1844596 kB
MemFree:          720324 kB
MemAvailable:    1511040 kB
Buffers:           57456 kB
Cached:           836400 kB
MemTotal:        1844596 kB
MemFree:          718852 kB
MemAvailable:    1509568 kB
Buffers:           57456 kB
Cached:           836400 kB
MemTotal:        1844596 kB
MemFree:          720092 kB
MemAvailable:    1510808 kB
Buffers:           57456 kB
Cached:           836400 kB
MemTotal:        1844596 kB
MemFree:          718908 kB
MemAvailable:    1509624 kB
Buffers:           57456 kB
Cached:           836400 kB
MemTotal:        1844596 kB
MemFree:          719632 kB
MemAvailable:    1510348 kB
Buffers:           57456 kB
Cached:           836400 kB
MemTotal:        1844596 kB
MemFree:          719888 kB
MemAvailable:    1510604 kB
Buffers:           57456 kB
Cached:           836400 kB
MemTotal:        1844596 kB
MemFree:          717728 kB
MemAvailable:    1508444 kB
Buffers:           57456 kB
Cached:           836400 kB
MemTotal:        1844596 kB
MemFree:          718028 kB
MemAvailable:    1508748 kB
Buffers:           57456 kB
Cached:           836404 kB
MemTotal:        1844596 kB
MemFree:          719148 kB
MemAvailable:    1509868 kB
Buffers:           57456 kB
Cached:           836404 kB
MemTotal:        1844596 kB
MemFree:          719400 kB
MemAvailable:    1510120 kB
Buffers:           57456 kB
Cached:           836404 kB
MemTotal:        1844596 kB
MemFree:          717776 kB
MemAvailable:    1508496 kB
Buffers:           57456 kB
Cached:           836404 kB
MemTotal:        1844596 kB
MemFree:          719232 kB
MemAvailable:    1509952 kB
Buffers:           57456 kB
Cached:           836404 kB
MemTotal:        1844596 kB
MemFree:          719036 kB
MemAvailable:    1509756 kB
Buffers:           57456 kB
Cached:           836404 kB
MemTotal:        1844596 kB
MemFree:          719160 kB
MemAvailable:    1509880 kB
Buffers:           57456 kB
Cached:           836404 kB
MemTotal:        1844596 kB
MemFree:          719128 kB
MemAvailable:    1509848 kB
Buffers:           57456 kB
Cached:           836404 kB
MemTotal:        1844596 kB
MemFree:          719280 kB
MemAvailable:    1510000 kB
Buffers:           57456 kB
Cached:           836404 kB
MemTotal:        1844596 kB
MemFree:          719100 kB
MemAvailable:    1509820 kB
Buffers:           57456 kB
Cached:           836404 kB
MemTotal:        1844596 kB
MemFree:          717908 kB
MemAvailable:    1508628 kB
Buffers:           57456 kB
Cached:           836404 kB
MemTotal:        1844596 kB
MemFree:          718644 kB
MemAvailable:    1509368 kB
Buffers:           57456 kB
Cached:           836408 kB
MemTotal:        1844596 kB
MemFree:          718644 kB
MemAvailable:    1509368 kB
Buffers:           57456 kB
Cached:           836408 kB
MemTotal:        1844596 kB
MemFree:          717108 kB
MemAvailable:    1507832 kB
Buffers:           57456 kB
Cached:           836408 kB
MemTotal:        1844596 kB
MemFree:          718348 kB
MemAvailable:    1509072 kB
Buffers:           57456 kB
Cached:           836408 kB
MemTotal:        1844596 kB
MemFree:          718172 kB
MemAvailable:    1508896 kB
Buffers:           57456 kB
Cached:           836408 kB
MemTotal:        1844596 kB
MemFree:          717000 kB
MemAvailable:    1507724 kB
Buffers:           57456 kB
Cached:           836408 kB
MemTotal:        1844596 kB
MemFree:          718280 kB
MemAvailable:    1509004 kB
Buffers:           57456 kB
Cached:           836408 kB
MemTotal:        1844596 kB
MemFree:          718280 kB
MemAvailable:    1509004 kB
Buffers:           57456 kB
Cached:           836408 kB
MemTotal:        1844596 kB
MemFree:          716908 kB
MemAvailable:    1507632 kB
Buffers:           57456 kB
Cached:           836408 kB
MemTotal:        1844596 kB
MemFree:          717040 kB
MemAvailable:    1507764 kB
Buffers:           57456 kB
Cached:           836408 kB
MemTotal:        1844596 kB
MemFree:          718276 kB
MemAvailable:    1509000 kB
Buffers:           57456 kB
Cached:           836408 kB
MemTotal:        1844596 kB
MemFree:          718096 kB
MemAvailable:    1508820 kB
Buffers:           57456 kB
Cached:           836408 kB
MemTotal:        1844596 kB
MemFree:          718348 kB
MemAvailable:    1509072 kB
Buffers:           57456 kB
Cached:           836408 kB
MemTotal:        1844596 kB
MemFree:          715560 kB
MemAvailable:    1506284 kB
Buffers:           57456 kB
Cached:           836408 kB
MemTotal:        1844596 kB
MemFree:          712708 kB
MemAvailable:    1503432 kB
Buffers:           57456 kB
Cached:           836408 kB
MemTotal:        1844596 kB
MemFree:          710708 kB
MemAvailable:    1501432 kB
Buffers:           57456 kB
Cached:           836408 kB
MemTotal:        1844596 kB
MemFree:          710708 kB
MemAvailable:    1501432 kB
Buffers:           57456 kB
Cached:           836408 kB
MemTotal:        1844596 kB
MemFree:          710460 kB
MemAvailable:    1501184 kB
Buffers:           57456 kB
Cached:           836408 kB
MemTotal:        1844596 kB
MemFree:          710388 kB
MemAvailable:    1501112 kB
Buffers:           57456 kB
Cached:           836408 kB
MemTotal:        1844596 kB
MemFree:          709360 kB
MemAvailable:    1500084 kB
Buffers:           57456 kB
Cached:           836408 kB
MemTotal:        1844596 kB
MemFree:          710096 kB
MemAvailable:    1500820 kB
Buffers:           57456 kB
Cached:           836408 kB
MemTotal:        1844596 kB
MemFree:          710352 kB
MemAvailable:    1501076 kB
Buffers:           57456 kB
Cached:           836408 kB
MemTotal:        1844596 kB
MemFree:          709112 kB
MemAvailable:    1499836 kB
Buffers:           57456 kB
Cached:           836408 kB
MemTotal:        1844596 kB
MemFree:          710304 kB
MemAvailable:    1501028 kB
Buffers:           57456 kB
Cached:           836408 kB
MemTotal:        1844596 kB
MemFree:          710160 kB
MemAvailable:    1500884 kB
Buffers:           57456 kB
Cached:           836408 kB
MemTotal:        1844596 kB
MemFree:          710412 kB
MemAvailable:    1501136 kB
Buffers:           57456 kB
Cached:           836408 kB
MemTotal:        1844596 kB
MemFree:          710292 kB
MemAvailable:    1501016 kB
Buffers:           57456 kB
Cached:           836408 kB
MemTotal:        1844596 kB
MemFree:          710460 kB
MemAvailable:    1501184 kB
Buffers:           57456 kB
Cached:           836408 kB
MemTotal:        1844596 kB
MemFree:          710040 kB
MemAvailable:    1500764 kB
Buffers:           57456 kB
Cached:           836408 kB
MemTotal:        1844596 kB
MemFree:          710240 kB
MemAvailable:    1500964 kB
Buffers:           57456 kB
Cached:           836408 kB
MemTotal:        1844596 kB
MemFree:          710236 kB
MemAvailable:    1500960 kB
Buffers:           57456 kB
Cached:           836408 kB
MemTotal:        1844596 kB
MemFree:          708988 kB
MemAvailable:    1499712 kB
Buffers:           57456 kB
Cached:           836408 kB
MemTotal:        1844596 kB
MemFree:          708296 kB
MemAvailable:    1499020 kB
Buffers:           57456 kB
Cached:           836408 kB
MemTotal:        1844596 kB
MemFree:          709544 kB
MemAvailable:    1500268 kB
Buffers:           57456 kB
Cached:           836408 kB
MemTotal:        1844596 kB
MemFree:          707988 kB
MemAvailable:    1498712 kB
Buffers:           57456 kB
Cached:           836408 kB
MemTotal:        1844596 kB
MemFree:          709236 kB
MemAvailable:    1499960 kB
Buffers:           57456 kB
Cached:           836408 kB
MemTotal:        1844596 kB
MemFree:          708476 kB
MemAvailable:    1499200 kB
Buffers:           57456 kB
Cached:           836408 kB
MemTotal:        1844596 kB
MemFree:          708476 kB
MemAvailable:    1499200 kB
Buffers:           57456 kB
Cached:           836408 kB
MemTotal:        1844596 kB
MemFree:          707624 kB
MemAvailable:    1498348 kB
Buffers:           57456 kB
Cached:           836408 kB
MemTotal:        1844596 kB
MemFree:          707360 kB
MemAvailable:    1498084 kB
Buffers:           57456 kB
Cached:           836408 kB
MemTotal:        1844596 kB
MemFree:          706748 kB
MemAvailable:    1497472 kB
Buffers:           57456 kB
Cached:           836408 kB
MemTotal:        1844596 kB
MemFree:          707100 kB
MemAvailable:    1497824 kB
Buffers:           57456 kB
Cached:           836408 kB
MemTotal:        1844596 kB
MemFree:          705764 kB
MemAvailable:    1496488 kB
Buffers:           57456 kB
Cached:           836408 kB
MemTotal:        1844596 kB
MemFree:          706740 kB
MemAvailable:    1497464 kB
Buffers:           57456 kB
Cached:           836408 kB
MemTotal:        1844596 kB
MemFree:          707076 kB
MemAvailable:    1497800 kB
Buffers:           57456 kB
Cached:           836408 kB
MemTotal:        1844596 kB
MemFree:          705260 kB
MemAvailable:    1495984 kB
Buffers:           57456 kB
Cached:           836408 kB
MemTotal:        1844596 kB
MemFree:          706376 kB
MemAvailable:    1497100 kB
Buffers:           57456 kB
Cached:           836408 kB
MemTotal:        1844596 kB
MemFree:          705260 kB
MemAvailable:    1495984 kB
Buffers:           57456 kB
Cached:           836408 kB
MemTotal:        1844596 kB
MemFree:          706364 kB
MemAvailable:    1497088 kB
Buffers:           57456 kB
Cached:           836408 kB
MemTotal:        1844596 kB
MemFree:          705756 kB
MemAvailable:    1496480 kB
Buffers:           57456 kB
Cached:           836408 kB
MemTotal:        1844596 kB
MemFree:          706632 kB
MemAvailable:    1497356 kB
Buffers:           57456 kB
Cached:           836408 kB
MemTotal:        1844596 kB
MemFree:          705392 kB
MemAvailable:    1496116 kB
Buffers:           57456 kB
Cached:           836408 kB
MemTotal:        1844596 kB
MemFree:          706244 kB
MemAvailable:    1496968 kB
Buffers:           57456 kB
Cached:           836408 kB
MemTotal:        1844596 kB
MemFree:          706580 kB
MemAvailable:    1497304 kB
Buffers:           57456 kB
Cached:           836408 kB
MemTotal:        1844596 kB
MemFree:          705584 kB
MemAvailable:    1496308 kB
Buffers:           57456 kB
Cached:           836408 kB
MemTotal:        1844596 kB
MemFree:          705840 kB
MemAvailable:    1496564 kB
Buffers:           57456 kB
Cached:           836408 kB
MemTotal:        1844596 kB
MemFree:          701036 kB
MemAvailable:    1491760 kB
Buffers:           57456 kB
Cached:           836408 kB
MemTotal:        1844596 kB
MemFree:          701372 kB
MemAvailable:    1492096 kB
Buffers:           57456 kB
Cached:           836408 kB
MemTotal:        1844596 kB
MemFree:          700796 kB
MemAvailable:    1491520 kB
Buffers:           57456 kB
Cached:           836408 kB
MemTotal:        1844596 kB
MemFree:          700796 kB
MemAvailable:    1491520 kB
Buffers:           57456 kB
Cached:           836408 kB
MemTotal:        1844596 kB
MemFree:          700492 kB
MemAvailable:    1491216 kB
Buffers:           57456 kB
Cached:           836408 kB
MemTotal:        1844596 kB
MemFree:          700744 kB
MemAvailable:    1491468 kB
Buffers:           57456 kB
Cached:           836408 kB
MemTotal:        1844596 kB
MemFree:          700368 kB
MemAvailable:    1491092 kB
Buffers:           57456 kB
Cached:           836408 kB
MemTotal:        1844596 kB
MemFree:          700704 kB
MemAvailable:    1491428 kB
Buffers:           57456 kB
Cached:           836408 kB
MemTotal:        1844596 kB
MemFree:          700300 kB
MemAvailable:    1491024 kB
Buffers:           57456 kB
Cached:           836408 kB
MemTotal:        1844596 kB
MemFree:          700556 kB
MemAvailable:    1491280 kB
Buffers:           57456 kB
Cached:           836408 kB
MemTotal:        1844596 kB
MemFree:          699432 kB
MemAvailable:    1490164 kB
Buffers:           57456 kB
Cached:           836416 kB
MemTotal:        1844596 kB
MemFree:          699516 kB
MemAvailable:    1490248 kB
Buffers:           57456 kB
Cached:           836416 kB
MemTotal:        1844596 kB
MemFree:          697580 kB
MemAvailable:    1488312 kB
Buffers:           57456 kB
Cached:           836416 kB
MemTotal:        1844596 kB
MemFree:          696208 kB
MemAvailable:    1486940 kB
Buffers:           57456 kB
Cached:           836416 kB
MemTotal:        1844596 kB
MemFree:          697420 kB
MemAvailable:    1488152 kB
Buffers:           57456 kB
Cached:           836416 kB
MemTotal:        1844596 kB
MemFree:          696340 kB
MemAvailable:    1487072 kB
Buffers:           57456 kB
Cached:           836416 kB
MemTotal:        1844596 kB
MemFree:          697152 kB
MemAvailable:    1487884 kB
Buffers:           57456 kB
Cached:           836416 kB
MemTotal:        1844596 kB
MemFree:          696920 kB
MemAvailable:    1487652 kB
Buffers:           57456 kB
Cached:           836416 kB
MemTotal:        1844596 kB
MemFree:          695960 kB
MemAvailable:    1486692 kB
Buffers:           57456 kB
Cached:           836416 kB
MemTotal:        1844596 kB
MemFree:          699096 kB
MemAvailable:    1489828 kB
Buffers:           57464 kB
Cached:           836408 kB
MemTotal:        1844596 kB
MemFree:          699192 kB
MemAvailable:    1489924 kB
Buffers:           57464 kB
Cached:           836408 kB
MemTotal:        1844596 kB
MemFree:          699004 kB
MemAvailable:    1489904 kB
Buffers:           57464 kB
Cached:           836532 kB
MemTotal:        1844596 kB
MemFree:          699076 kB
MemAvailable:    1489976 kB
Buffers:           57464 kB
Cached:           836532 kB
MemTotal:        1844596 kB
MemFree:          698936 kB
MemAvailable:    1489920 kB
Buffers:           57464 kB
Cached:           836656 kB
MemTotal:        1844596 kB
MemFree:          698796 kB
MemAvailable:    1490032 kB
Buffers:           57464 kB
Cached:           836904 kB
MemTotal:        1844596 kB
MemFree:          698796 kB
MemAvailable:    1490032 kB
Buffers:           57464 kB
Cached:           836904 kB
MemTotal:        1844596 kB
MemFree:          698676 kB
MemAvailable:    1489996 kB
Buffers:           57464 kB
Cached:           837028 kB
MemTotal:        1844596 kB
MemFree:          698760 kB
MemAvailable:    1490080 kB
Buffers:           57464 kB
Cached:           837028 kB
MemTotal:        1844596 kB
MemFree:          698772 kB
MemAvailable:    1490092 kB
Buffers:           57464 kB
Cached:           837028 kB
MemTotal:        1844596 kB
MemFree:          698620 kB
MemAvailable:    1489940 kB
Buffers:           57464 kB
Cached:           837028 kB
MemTotal:        1844596 kB
MemFree:          697272 kB
MemAvailable:    1488592 kB
Buffers:           57464 kB
Cached:           837028 kB
MemTotal:        1844596 kB
MemFree:          698484 kB
MemAvailable:    1489804 kB
Buffers:           57464 kB
Cached:           837028 kB
MemTotal:        1844596 kB
MemFree:          698484 kB
MemAvailable:    1489804 kB
Buffers:           57464 kB
Cached:           837028 kB
MemTotal:        1844596 kB
MemFree:          697308 kB
MemAvailable:    1488628 kB
Buffers:           57464 kB
Cached:           837028 kB
MemTotal:        1844596 kB
MemFree:          697432 kB
MemAvailable:    1488752 kB
Buffers:           57464 kB
Cached:           837028 kB
MemTotal:        1844596 kB
MemFree:          697440 kB
MemAvailable:    1488172 kB
Buffers:           57464 kB
Cached:           836396 kB
MemTotal:        1844596 kB
MemFree:          767132 kB
MemAvailable:    1557864 kB
Buffers:           57464 kB
Cached:           836396 kB
