MemTotal:        1844596 kB
MemFree:          668200 kB
MemAvailable:    1527064 kB
Buffers:           64228 kB
Cached:           892148 kB
MemTotal:        1844596 kB
MemFree:          666092 kB
MemAvailable:    1524956 kB
Buffers:           64228 kB
Cached:           892148 kB
MemTotal:        1844596 kB
MemFree:          664836 kB
MemAvailable:    1523700 kB
Buffers:           64228 kB
Cached:           892148 kB
MemTotal:        1844596 kB
MemFree:          664728 kB
MemAvailable:    1523592 kB
Buffers:           64228 kB
Cached:           892148 kB
MemTotal:        1844596 kB
MemFree:          664224 kB
MemAvailable:    1523088 kB
Buffers:           64228 kB
Cached:           892148 kB
MemTotal:        1844596 kB
MemFree:          664308 kB
MemAvailable:    1523172 kB
Buffers:           64228 kB
Cached:           892148 kB
MemTotal:        1844596 kB
MemFree:          661124 kB
MemAvailable:    1519988 kB
Buffers:           64228 kB
Cached:           892148 kB
MemTotal:        1844596 kB
MemFree:          658900 kB
MemAvailable:    1517764 kB
Buffers:           64228 kB
Cached:           892148 kB
MemTotal:        1844596 kB
MemFree:          654916 kB
MemAvailable:    1513780 kB
Buffers:           64228 kB
Cached:           892148 kB
MemTotal:        1844596 kB
MemFree:          655000 kB
MemAvailable:    1513864 kB
Buffers:           64228 kB
Cached:           892148 kB
MemTotal:        1844596 kB
MemFree:          654172 kB
MemAvailable:    1513036 kB
Buffers:           64228 kB
Cached:           892148 kB
MemTotal:        1844596 kB
MemFree:          654508 kB
MemAvailable:    1513372 kB
Buffers:           64228 kB
Cached:           892148 kB
MemTotal:        1844596 kB
MemFree:          654424 kB
MemAvailable:    1513288 kB
Buffers:           64228 kB
Cached:           892148 kB
MemTotal:        1844596 kB
MemFree:          653012 kB
MemAvailable:    1511876 kB
Buffers:           64228 kB
Cached:           892148 kB
MemTotal:        1844596 kB
MemFree:          654120 kB
MemAvailable:    1512984 kB
Buffers:           64228 kB
Cached:           892148 kB
MemTotal:        1844596 kB
MemFree:          654196 kB
MemAvailable:    1513060 kB
Buffers:           64228 kB
Cached:           892148 kB
MemTotal:        1844596 kB
MemFree:          652328 kB
MemAvailable:    1511192 kB
Buffers:           64228 kB
Cached:           892148 kB
MemTotal:        1844596 kB
MemFree:          652868 kB
MemAvailable:    1511732 kB
Buffers:           64228 kB
Cached:           892148 kB
MemTotal:        1844596 kB
MemFree:          651212 kB
MemAvailable:    1510076 kB
Buffers:           64228 kB
Cached:           892148 kB
MemTotal:        1844596 kB
MemFree:          651816 kB
MemAvailable:    1510684 kB
Buffers:           64228 kB
Cached:           892152 kB
MemTotal:        1844596 kB
MemFree:          651816 kB
MemAvailable:    1510684 kB
Buffers:           64228 kB
Cached:           892152 kB
MemTotal:        1844596 kB
MemFree:          651784 kB
MemAvailable:    1510652 kB
Buffers:           64228 kB
Cached:           892152 kB
MemTotal:        1844596 kB
MemFree:          650412 kB
MemAvailable:    1509280 kB
Buffers:           64228 kB
Cached:           892152 kB
MemTotal:        1844596 kB
MemFree:          651688 kB
MemAvailable:    1510556 kB
Buffers:           64228 kB
Cached:           892152 kB
MemTotal:        1844596 kB
MemFree:          651772 kB
MemAvailable:    1510640 kB
Buffers:           64228 kB
Cached:           892152 kB
MemTotal:        1844596 kB
MemFree:          652040 kB
MemAvailable:    1510908 kB
Buffers:           64228 kB
Cached:           892152 kB
MemTotal:        1844596 kB
MemFree:          650676 kB
MemAvailable:    1509544 kB
Buffers:           64228 kB
Cached:           892152 kB
MemTotal:        1844596 kB
MemFree:          653252 kB
MemAvailable:    1512120 kB
Buffers:           64228 kB
Cached:           892152 kB
MemTotal:        1844596 kB
MemFree:          652568 kB
MemAvailable:    1511436 kB
Buffers:           64228 kB
Cached:           892152 kB
MemTotal:        1844596 kB
MemFree:          651964 kB
MemAvailable:    1510832 kB
Buffers:           64228 kB
Cached:           892152 kB
MemTotal:        1844596 kB
MemFree:          650344 kB
MemAvailable:    1509212 kB
Buffers:           64228 kB
Cached:           892152 kB
MemTotal:        1844596 kB
MemFree:          649784 kB
MemAvailable:    1508652 kB
Buffers:           64228 kB
Cached:           892152 kB
MemTotal:        1844596 kB
MemFree:          648964 kB
MemAvailable:    1507832 kB
Buffers:           64228 kB
Cached:           892152 kB
MemTotal:        1844596 kB
MemFree:          648608 kB
MemAvailable:    1507476 kB
Buffers:           64228 kB
Cached:           892152 kB
MemTotal:        1844596 kB
MemFree:          648676 kB
MemAvailable:    1507544 kB
Buffers:           64228 kB
Cached:           892152 kB
MemTotal:        1844596 kB
MemFree:          648048 kB
MemAvailable:    1506916 kB
Buffers:           64228 kB
Cached:           892152 kB
MemTotal:        1844596 kB
MemFree:          646748 kB
MemAvailable:    1505616 kB
Buffers:           64228 kB
Cached:           892152 kB
MemTotal:        1844596 kB
MemFree:          647656 kB
MemAvailable:    1506524 kB
Buffers:           64228 kB
Cached:           892152 kB
MemTotal:        1844596 kB
MemFree:          647676 kB
MemAvailable:    1506544 kB
Buffers:           64228 kB
Cached:           892152 kB
MemTotal:        1844596 kB
MemFree:          646864 kB
MemAvailable:    1505732 kB
Buffers:           64228 kB
Cached:           892152 kB
MemTotal:        1844596 kB
MemFree:          647848 kB
MemAvailable:    1506716 kB
Buffers:           64228 kB
Cached:           892152 kB
MemTotal:        1844596 kB
MemFree:          647848 kB
MemAvailable:    1506716 kB
Buffers:           64228 kB
Cached:           892152 kB
MemTotal:        1844596 kB
MemFree:          647476 kB
MemAvailable:    1506344 kB
Buffers:           64228 kB
Cached:           892152 kB
MemTotal:        1844596 kB
MemFree:          646228 kB
MemAvailable:    1505096 kB
Buffers:           64228 kB
Cached:           892152 kB
MemTotal:        1844596 kB
MemFree:          646732 kB
MemAvailable:    1505600 kB
Buffers:           64228 kB
Cached:           892152 kB
MemTotal:        1844596 kB
MemFree:          646816 kB
MemAvailable:    1505684 kB
Buffers:           64228 kB
Cached:           892152 kB
MemTotal:        1844596 kB
MemFree:          646492 kB
MemAvailable:    1505360 kB
Buffers:           64228 kB
Cached:           892152 kB
MemTotal:        1844596 kB
MemFree:          645320 kB
MemAvailable:    1504188 kB
Buffers:           64228 kB
Cached:           892152 kB
MemTotal:        1844596 kB
MemFree:          646628 kB
MemAvailable:    1505496 kB
Buffers:           64228 kB
Cached:           892152 kB
MemTotal:        1844596 kB
MemFree:          645508 kB
MemAvailable:    1504376 kB
Buffers:           64228 kB
Cached:           892152 kB
MemTotal:        1844596 kB
MemFree:          646480 kB
MemAvailable:    1505348 kB
Buffers:           64228 kB
Cached:           892152 kB
MemTotal:        1844596 kB
MemFree:          646816 kB
MemAvailable:    1505684 kB
Buffers:           64228 kB
Cached:           892152 kB
MemTotal:        1844596 kB
MemFree:          646600 kB
MemAvailable:    1505468 kB
Buffers:           64228 kB
Cached:           892152 kB
MemTotal:        1844596 kB
MemFree:          645232 kB
MemAvailable:    1504100 kB
Buffers:           64228 kB
Cached:           892152 kB
MemTotal:        1844596 kB
MemFree:          646684 kB
MemAvailable:    1505552 kB
Buffers:           64228 kB
Cached:           892152 kB
MemTotal:        1844596 kB
MemFree:          645880 kB
MemAvailable:    1504748 kB
Buffers:           64228 kB
Cached:           892152 kB
MemTotal:        1844596 kB
MemFree:          646480 kB
MemAvailable:    1505348 kB
Buffers:           64228 kB
Cached:           892152 kB
MemTotal:        1844596 kB
MemFree:          646736 kB
MemAvailable:    1505604 kB
Buffers:           64228 kB
Cached:           892152 kB
MemTotal:        1844596 kB
MemFree:          646376 kB
MemAvailable:    1505244 kB
Buffers:           64228 kB
Cached:           892152 kB
MemTotal:        1844596 kB
MemFree:          646180 kB
MemAvailable:    1505048 kB
Buffers:           64228 kB
Cached:           892152 kB
MemTotal:        1844596 kB
MemFree:          644872 kB
MemAvailable:    1503740 kB
Buffers:           64228 kB
Cached:           892152 kB
MemTotal:        1844596 kB
MemFree:          645880 kB
MemAvailable:    1504748 kB
Buffers:           64228 kB
Cached:           892152 kB
MemTotal:        1844596 kB
MemFree:          645624 kB
MemAvailable:    1504492 kB
Buffers:           64228 kB
Cached:           892152 kB
MemTotal:        1844596 kB
MemFree:          644584 kB
MemAvailable:    1503452 kB
Buffers:           64228 kB
Cached:           892152 kB
MemTotal:        1844596 kB
MemFree:          644460 kB
MemAvailable:    1503328 kB
Buffers:           64228 kB
Cached:           892152 kB
MemTotal:        1844596 kB
MemFree:          644708 kB
MemAvailable:    1503576 kB
Buffers:           64228 kB
Cached:           892152 kB
MemTotal:        1844596 kB
MemFree:          644460 kB
MemAvailable:    1503328 kB
Buffers:           64228 kB
Cached:           892152 kB
MemTotal:        1844596 kB
MemFree:          644460 kB
MemAvailable:    1503328 kB
Buffers:           64228 kB
Cached:           892152 kB
MemTotal:        1844596 kB
MemFree:          645940 kB
MemAvailable:    1504808 kB
Buffers:           64228 kB
Cached:           892152 kB
MemTotal:        1844596 kB
MemFree:          645824 kB
MemAvailable:    1504692 kB
Buffers:           64228 kB
Cached:           892152 kB
MemTotal:        1844596 kB
MemFree:          643012 kB
MemAvailable:    1501880 kB
Buffers:           64228 kB
Cached:           892152 kB
MemTotal:        1844596 kB
MemFree:          642780 kB
MemAvailable:    1501648 kB
Buffers:           64228 kB
Cached:           892152 kB
MemTotal:        1844596 kB
MemFree:          639308 kB
MemAvailable:    1498176 kB
Buffers:           64228 kB
Cached:           892152 kB
MemTotal:        1844596 kB
MemFree:          638376 kB
MemAvailable:    1497244 kB
Buffers:           64228 kB
Cached:           892152 kB
MemTotal:        1844596 kB
MemFree:          638244 kB
MemAvailable:    1497112 kB
Buffers:           64228 kB
Cached:           892152 kB
MemTotal:        1844596 kB
MemFree:          636952 kB
MemAvailable:    1495820 kB
Buffers:           64228 kB
Cached:           892152 kB
MemTotal:        1844596 kB
MemFree:          636828 kB
MemAvailable:    1495696 kB
Buffers:           64228 kB
Cached:           892152 kB
MemTotal:        1844596 kB
MemFree:          636704 kB
MemAvailable:    1495572 kB
Buffers:           64228 kB
Cached:           892152 kB
MemTotal:        1844596 kB
MemFree:          638004 kB
MemAvailable:    1496872 kB
Buffers:           64228 kB
Cached:           892152 kB
MemTotal:        1844596 kB
MemFree:          636704 kB
MemAvailable:    1495572 kB
Buffers:           64228 kB
Cached:           892152 kB
MemTotal:        1844596 kB
MemFree:          636820 kB
MemAvailable:    1495688 kB
Buffers:           64228 kB
Cached:           892152 kB
MemTotal:        1844596 kB
MemFree:          638256 kB
MemAvailable:    1497124 kB
Buffers:           64228 kB
Cached:           892152 kB
MemTotal:        1844596 kB
MemFree:          638256 kB
MemAvailable:    1497124 kB
Buffers:           64228 kB
Cached:           892152 kB
MemTotal:        1844596 kB
MemFree:          636564 kB
MemAvailable:    1495432 kB
Buffers:           64228 kB
Cached:           892152 kB
MemTotal:        1844596 kB
MemFree:          637928 kB
MemAvailable:    1496796 kB
Buffers:           64228 kB
Cached:           892152 kB
MemTotal:        1844596 kB
MemFree:          636440 kB
MemAvailable:    1495308 kB
Buffers:           64228 kB
Cached:           892152 kB
MemTotal:        1844596 kB
MemFree:          636564 kB
MemAvailable:    1495432 kB
Buffers:           64228 kB
Cached:           892152 kB
MemTotal:        1844596 kB
MemFree:          636084 kB
MemAvailable:    1494952 kB
Buffers:           64228 kB
Cached:           892152 kB
MemTotal:        1844596 kB
MemFree:          637056 kB
MemAvailable:    1495924 kB
Buffers:           64228 kB
Cached:           892152 kB
MemTotal:        1844596 kB
MemFree:          635588 kB
MemAvailable:    1494456 kB
Buffers:           64228 kB
Cached:           892152 kB
MemTotal:        1844596 kB
MemFree:          636580 kB
MemAvailable:    1495448 kB
Buffers:           64228 kB
Cached:           892152 kB
MemTotal:        1844596 kB
MemFree:          636068 kB
MemAvailable:    1494936 kB
Buffers:           64228 kB
Cached:           892152 kB
MemTotal:        1844596 kB
MemFree:          636152 kB
MemAvailable:    1495020 kB
Buffers:           64228 kB
Cached:           892152 kB
MemTotal:        1844596 kB
MemFree:          634100 kB
MemAvailable:    1492980 kB
Buffers:           64228 kB
Cached:           892164 kB
MemTotal:        1844596 kB
MemFree:          633968 kB
MemAvailable:    1492848 kB
Buffers:           64228 kB
Cached:           892164 kB
MemTotal:        1844596 kB
MemFree:          633968 kB
MemAvailable:    1492848 kB
Buffers:           64228 kB
Cached:           892164 kB
MemTotal:        1844596 kB
MemFree:          634400 kB
MemAvailable:    1493280 kB
Buffers:           64228 kB
Cached:           892164 kB
MemTotal:        1844596 kB
MemFree:          634416 kB
MemAvailable:    1493296 kB
Buffers:           64228 kB
Cached:           892164 kB
MemTotal:        1844596 kB
MemFree:          633088 kB
MemAvailable:    1491968 kB
Buffers:           64228 kB
Cached:           892164 kB
MemTotal:        1844596 kB
MemFree:          634132 kB
MemAvailable:    1493012 kB
Buffers:           64228 kB
Cached:           892164 kB
MemTotal:        1844596 kB
MemFree:          632860 kB
MemAvailable:    1491740 kB
Buffers:           64228 kB
Cached:           892164 kB
MemTotal:        1844596 kB
MemFree:          634100 kB
MemAvailable:    1492980 kB
Buffers:           64228 kB
Cached:           892164 kB
MemTotal:        1844596 kB
MemFree:          632976 kB
MemAvailable:    1491856 kB
Buffers:           64228 kB
Cached:           892164 kB
MemTotal:        1844596 kB
MemFree:          633788 kB
MemAvailable:    1492668 kB
Buffers:           64228 kB
Cached:           892164 kB
MemTotal:        1844596 kB
MemFree:          632672 kB
MemAvailable:    1491552 kB
Buffers:           64228 kB
Cached:           892164 kB
MemTotal:        1844596 kB
MemFree:          634032 kB
MemAvailable:    1492912 kB
Buffers:           64228 kB
Cached:           892164 kB
MemTotal:        1844596 kB
MemFree:          634032 kB
MemAvailable:    1492912 kB
Buffers:           64228 kB
Cached:           892164 kB
MemTotal:        1844596 kB
MemFree:          633604 kB
MemAvailable:    1492484 kB
Buffers:           64228 kB
Cached:           892164 kB
MemTotal:        1844596 kB
MemFree:          633416 kB
MemAvailable:    1492296 kB
Buffers:           64228 kB
Cached:           892164 kB
MemTotal:        1844596 kB
MemFree:          631992 kB
MemAvailable:    1490872 kB
Buffers:           64228 kB
Cached:           892164 kB
MemTotal:        1844596 kB
MemFree:          628628 kB
MemAvailable:    1487508 kB
Buffers:           64228 kB
Cached:           892164 kB
MemTotal:        1844596 kB
MemFree:          628628 kB
MemAvailable:    1487508 kB
Buffers:           64228 kB
Cached:           892164 kB
MemTotal:        1844596 kB
MemFree:          628368 kB
MemAvailable:    1487248 kB
Buffers:           64228 kB
Cached:           892164 kB
MemTotal:        1844596 kB
MemFree:          628368 kB
MemAvailable:    1487248 kB
Buffers:           64228 kB
Cached:           892164 kB
MemTotal:        1844596 kB
MemFree:          628568 kB
MemAvailable:    1487448 kB
Buffers:           64228 kB
Cached:           892164 kB
MemTotal:        1844596 kB
MemFree:          627520 kB
MemAvailable:    1486400 kB
Buffers:           64228 kB
Cached:           892164 kB
MemTotal:        1844596 kB
MemFree:          628124 kB
MemAvailable:    1487004 kB
Buffers:           64228 kB
Cached:           892164 kB
MemTotal:        1844596 kB
MemFree:          628184 kB
MemAvailable:    1487064 kB
Buffers:           64228 kB
Cached:           892164 kB
MemTotal:        1844596 kB
MemFree:          628012 kB
MemAvailable:    1486892 kB
Buffers:           64228 kB
Cached:           892164 kB
MemTotal:        1844596 kB
MemFree:          627856 kB
MemAvailable:    1486736 kB
Buffers:           64228 kB
Cached:           892164 kB
MemTotal:        1844596 kB
MemFree:          628192 kB
MemAvailable:    1487072 kB
Buffers:           64228 kB
Cached:           892164 kB
MemTotal:        1844596 kB
MemFree:          626900 kB
MemAvailable:    1485780 kB
Buffers:           64228 kB
Cached:           892164 kB
MemTotal:        1844596 kB
MemFree:          627032 kB
MemAvailable:    1485912 kB
Buffers:           64228 kB
Cached:           892164 kB
MemTotal:        1844596 kB
MemFree:          625172 kB
MemAvailable:    1484052 kB
Buffers:           64228 kB
Cached:           892164 kB
MemTotal:        1844596 kB
MemFree:          623808 kB
MemAvailable:    1482688 kB
Buffers:           64228 kB
Cached:           892164 kB
MemTotal:        1844596 kB
MemFree:          624348 kB
MemAvailable:    1483228 kB
Buffers:           64228 kB
Cached:           892164 kB
MemTotal:        1844596 kB
MemFree:          624744 kB
MemAvailable:    1483624 kB
Buffers:           64228 kB
Cached:           892164 kB
MemTotal:        1844596 kB
MemFree:          624376 kB
MemAvailable:    1483132 kB
Buffers:           64228 kB
Cached:           892164 kB
MemTotal:        1844596 kB
MemFree:          625040 kB
MemAvailable:    1483920 kB
Buffers:           64228 kB
Cached:           892164 kB
MemTotal:        1844596 kB
MemFree:          625124 kB
MemAvailable:    1484004 kB
Buffers:           64228 kB
Cached:           892164 kB
MemTotal:        1844596 kB
MemFree:          626724 kB
MemAvailable:    1485604 kB
Buffers:           64228 kB
Cached:           892164 kB
MemTotal:        1844596 kB
MemFree:          626592 kB
MemAvailable:    1485640 kB
Buffers:           64228 kB
Cached:           892412 kB
MemTotal:        1844596 kB
MemFree:          626844 kB
MemAvailable:    1485892 kB
Buffers:           64228 kB
Cached:           892412 kB
MemTotal:        1844596 kB
MemFree:          626264 kB
MemAvailable:    1485480 kB
Buffers:           64228 kB
Cached:           892536 kB
MemTotal:        1844596 kB
MemFree:          626600 kB
MemAvailable:    1485816 kB
Buffers:           64228 kB
Cached:           892536 kB
MemTotal:        1844596 kB
MemFree:          625272 kB
MemAvailable:    1484572 kB
Buffers:           64228 kB
Cached:           892784 kB
MemTotal:        1844596 kB
MemFree:          625156 kB
MemAvailable:    1484540 kB
Buffers:           64228 kB
Cached:           892784 kB
MemTotal:        1844596 kB
MemFree:          625280 kB
MemAvailable:    1484748 kB
Buffers:           64228 kB
Cached:           892784 kB
MemTotal:        1844596 kB
MemFree:          626280 kB
MemAvailable:    1485748 kB
Buffers:           64228 kB
Cached:           892784 kB
MemTotal:        1844596 kB
MemFree:          626280 kB
MemAvailable:    1485748 kB
Buffers:           64228 kB
Cached:           892784 kB
MemTotal:        1844596 kB
MemFree:          625976 kB
MemAvailable:    1485444 kB
Buffers:           64228 kB
Cached:           892784 kB
MemTotal:        1844596 kB
MemFree:          626312 kB
MemAvailable:    1485780 kB
Buffers:           64228 kB
Cached:           892784 kB
MemTotal:        1844596 kB
MemFree:          626104 kB
MemAvailable:    1485572 kB
Buffers:           64228 kB
Cached:           892784 kB
MemTotal:        1844596 kB
MemFree:          626356 kB
MemAvailable:    1485824 kB
Buffers:           64228 kB
Cached:           892784 kB
MemTotal:        1844596 kB
MemFree:          626704 kB
MemAvailable:    1485584 kB
Buffers:           64228 kB
Cached:           892192 kB
MemTotal:        1844596 kB
MemFree:          693252 kB
MemAvailable:    1552216 kB
Buffers:           64228 kB
Cached:           892192 kB
MemTotal:        1844596 kB
MemFree:          695212 kB
MemAvailable:    1554092 kB
Buffers:           64228 kB
Cached:           892192 kB
