MemTotal:        1844596 kB
MemFree:          800460 kB
MemAvailable:    1538904 kB
Buffers:           52028 kB
Cached:           793836 kB
MemTotal:        1844596 kB
MemFree:          797724 kB
MemAvailable:    1536168 kB
Buffers:           52028 kB
Cached:           793836 kB
MemTotal:        1844596 kB
MemFree:          795500 kB
MemAvailable:    1533944 kB
Buffers:           52028 kB
Cached:           793836 kB
MemTotal:        1844596 kB
MemFree:          795368 kB
MemAvailable:    1533812 kB
Buffers:           52028 kB
Cached:           793836 kB
MemTotal:        1844596 kB
MemFree:          795452 kB
MemAvailable:    1533896 kB
Buffers:           52028 kB
Cached:           793836 kB
MemTotal:        1844596 kB
MemFree:          792136 kB
MemAvailable:    1530580 kB
Buffers:           52028 kB
Cached:           793836 kB
MemTotal:        1844596 kB
MemFree:          793272 kB
MemAvailable:    1531716 kB
Buffers:           52028 kB
Cached:           793836 kB
MemTotal:        1844596 kB
MemFree:          791512 kB
MemAvailable:    1529956 kB
Buffers:           52028 kB
Cached:           793836 kB
MemTotal:        1844596 kB
MemFree:          788680 kB
MemAvailable:    1527124 kB
Buffers:           52028 kB
Cached:           793836 kB
MemTotal:        1844596 kB
MemFree:          785456 kB
MemAvailable:    1523776 kB
Buffers:           52028 kB
Cached:           793836 kB
MemTotal:        1844596 kB
MemFree:          785316 kB
MemAvailable:    1523760 kB
Buffers:           52028 kB
Cached:           793836 kB
MemTotal:        1844596 kB
MemFree:          785316 kB
MemAvailable:    1523760 kB
Buffers:           52028 kB
Cached:           793836 kB
MemTotal:        1844596 kB
MemFree:          785568 kB
MemAvailable:    1524012 kB
Buffers:           52028 kB
Cached:           793836 kB
MemTotal:        1844596 kB
MemFree:          784028 kB
MemAvailable:    1522472 kB
Buffers:           52028 kB
Cached:           793836 kB
MemTotal:        1844596 kB
MemFree:          785136 kB
MemAvailable:    1523580 kB
Buffers:           52028 kB
Cached:           793836 kB
MemTotal:        1844596 kB
MemFree:          785136 kB
MemAvailable:    1523580 kB
Buffers:           52028 kB
Cached:           793836 kB
MemTotal:        1844596 kB
MemFree:          783712 kB
MemAvailable:    1522156 kB
Buffers:           52028 kB
Cached:           793836 kB
MemTotal:        1844596 kB
MemFree:          783472 kB
MemAvailable:    1521916 kB
Buffers:           52028 kB
Cached:           793836 kB
MemTotal:        1844596 kB
MemFree:          782928 kB
MemAvailable:    1521372 kB
Buffers:           52028 kB
Cached:           793836 kB
MemTotal:        1844596 kB
MemFree:          782860 kB
MemAvailable:    1521304 kB
Buffers:           52028 kB
Cached:           793836 kB
MemTotal:        1844596 kB
MemFree:          781556 kB
MemAvailable:    1520000 kB
Buffers:           52028 kB
Cached:           793836 kB
MemTotal:        1844596 kB
MemFree:          782804 kB
MemAvailable:    1521248 kB
Buffers:           52028 kB
Cached:           793836 kB
MemTotal:        1844596 kB
MemFree:          781724 kB
MemAvailable:    1520168 kB
Buffers:           52028 kB
Cached:           793836 kB
MemTotal:        1844596 kB
MemFree:          782900 kB
MemAvailable:    1521344 kB
Buffers:           52028 kB
Cached:           793836 kB
MemTotal:        1844596 kB
MemFree:          782912 kB
MemAvailable:    1521356 kB
Buffers:           52028 kB
Cached:           793836 kB
MemTotal:        1844596 kB
MemFree:          782844 kB
MemAvailable:    1521288 kB
Buffers:           52028 kB
Cached:           793836 kB
MemTotal:        1844596 kB
MemFree:          783180 kB
MemAvailable:    1521624 kB
Buffers:           52028 kB
Cached:           793836 kB
MemTotal:        1844596 kB
MemFree:          784188 kB
MemAvailable:    1522632 kB
Buffers:           52028 kB
Cached:           793836 kB
MemTotal:        1844596 kB
MemFree:          783060 kB
MemAvailable:    1521504 kB
Buffers:           52028 kB
Cached:           793836 kB
MemTotal:        1844596 kB
MemFree:          783092 kB
MemAvailable:    1521536 kB
Buffers:           52028 kB
Cached:           793836 kB
MemTotal:        1844596 kB
MemFree:          780992 kB
MemAvailable:    1519436 kB
Buffers:           52028 kB
Cached:           793836 kB
MemTotal:        1844596 kB
MemFree:          780604 kB
MemAvailable:    1519048 kB
Buffers:           52028 kB
Cached:           793836 kB
MemTotal:        1844596 kB
MemFree:          780940 kB
MemAvailable:    1519384 kB
Buffers:           52028 kB
Cached:           793836 kB
MemTotal:        1844596 kB
MemFree:          779876 kB
MemAvailable:    1518320 kB
Buffers:           52028 kB
Cached:           793836 kB
MemTotal:        1844596 kB
MemFree:          778504 kB
MemAvailable:    1516948 kB
Buffers:           52028 kB
Cached:           793836 kB
MemTotal:        1844596 kB
MemFree:          778016 kB
MemAvailable:    1516460 kB
Buffers:           52028 kB
Cached:           793836 kB
MemTotal:        1844596 kB
MemFree:          779068 kB
MemAvailable:    1517512 kB
Buffers:           52028 kB
Cached:           793836 kB
MemTotal:        1844596 kB
MemFree:          778812 kB
MemAvailable:    1517256 kB
Buffers:           52028 kB
Cached:           793836 kB
MemTotal:        1844596 kB
MemFree:          778564 kB
MemAvailable:    1517008 kB
Buffers:           52028 kB
Cached:           793836 kB
MemTotal:        1844596 kB
MemFree:          778636 kB
MemAvailable:    1517080 kB
Buffers:           52028 kB
Cached:           793836 kB
MemTotal:        1844596 kB
MemFree:          777332 kB
MemAvailable:    1515776 kB
Buffers:           52028 kB
Cached:           793836 kB
MemTotal:        1844596 kB
MemFree:          777464 kB
MemAvailable:    1515908 kB
Buffers:           52028 kB
Cached:           793836 kB
MemTotal:        1844596 kB
MemFree:          777464 kB
MemAvailable:    1515908 kB
Buffers:           52028 kB
Cached:           793836 kB
MemTotal:        1844596 kB
MemFree:          778140 kB
MemAvailable:    1516584 kB
Buffers:           52028 kB
Cached:           793836 kB
MemTotal:        1844596 kB
MemFree:          778008 kB
MemAvailable:    1516452 kB
Buffers:           52028 kB
Cached:           793836 kB
MemTotal:        1844596 kB
MemFree:          777892 kB
MemAvailable:    1516336 kB
Buffers:           52028 kB
Cached:           793836 kB
MemTotal:        1844596 kB
MemFree:          776388 kB
MemAvailable:    1514832 kB
Buffers:           52028 kB
Cached:           793836 kB
MemTotal:        1844596 kB
MemFree:          777864 kB
MemAvailable:    1516308 kB
Buffers:           52028 kB
Cached:           793836 kB
MemTotal:        1844596 kB
MemFree:          776264 kB
MemAvailable:    1514708 kB
Buffers:           52028 kB
Cached:           793836 kB
MemTotal:        1844596 kB
MemFree:          776512 kB
MemAvailable:    1514956 kB
Buffers:           52028 kB
Cached:           793836 kB
MemTotal:        1844596 kB
MemFree:          777876 kB
MemAvailable:    1516320 kB
Buffers:           52028 kB
Cached:           793836 kB
MemTotal:        1844596 kB
MemFree:          777628 kB
MemAvailable:    1516072 kB
Buffers:           52028 kB
Cached:           793836 kB
MemTotal:        1844596 kB
MemFree:          777808 kB
MemAvailable:    1516252 kB
Buffers:           52028 kB
Cached:           793836 kB
MemTotal:        1844596 kB
MemFree:          777604 kB
MemAvailable:    1516048 kB
Buffers:           52028 kB
Cached:           793836 kB
MemTotal:        1844596 kB
MemFree:          777604 kB
MemAvailable:    1516048 kB
Buffers:           52028 kB
Cached:           793836 kB
MemTotal:        1844596 kB
MemFree:          777588 kB
MemAvailable:    1516032 kB
Buffers:           52028 kB
Cached:           793836 kB
MemTotal:        1844596 kB
MemFree:          777280 kB
MemAvailable:    1515724 kB
Buffers:           52028 kB
Cached:           793836 kB
MemTotal:        1844596 kB
MemFree:          775852 kB
MemAvailable:    1514296 kB
Buffers:           52028 kB
Cached:           793836 kB
MemTotal:        1844596 kB
MemFree:          776960 kB
MemAvailable:    1515404 kB
Buffers:           52028 kB
Cached:           793836 kB
MemTotal:        1844596 kB
MemFree:          777128 kB
MemAvailable:    1515572 kB
Buffers:           52028 kB
Cached:           793836 kB
MemTotal:        1844596 kB
MemFree:          775604 kB
MemAvailable:    1514048 kB
Buffers:           52028 kB
Cached:           793836 kB
MemTotal:        1844596 kB
MemFree:          776940 kB
MemAvailable:    1515384 kB
Buffers:           52028 kB
Cached:           793836 kB
MemTotal:        1844596 kB
MemFree:          776156 kB
MemAvailable:    1514600 kB
Buffers:           52028 kB
Cached:           793836 kB
MemTotal:        1844596 kB
MemFree:          776764 kB
MemAvailable:    1515208 kB
Buffers:           52028 kB
Cached:           793836 kB
MemTotal:        1844596 kB
MemFree:          776776 kB
MemAvailable:    1515220 kB
Buffers:           52028 kB
Cached:           793836 kB
MemTotal:        1844596 kB
MemFree:          776156 kB
MemAvailable:    1514600 kB
Buffers:           52028 kB
Cached:           793836 kB
MemTotal:        1844596 kB
MemFree:          776632 kB
MemAvailable:    1515076 kB
Buffers:           52028 kB
Cached:           793836 kB
MemTotal:        1844596 kB
MemFree:          776228 kB
MemAvailable:    1514672 kB
Buffers:           52028 kB
Cached:           793836 kB
MemTotal:        1844596 kB
MemFree:          775508 kB
MemAvailable:    1513952 kB
Buffers:           52028 kB
Cached:           793836 kB
MemTotal:        1844596 kB
MemFree:          775612 kB
MemAvailable:    1514056 kB
Buffers:           52028 kB
Cached:           793836 kB
MemTotal:        1844596 kB
MemFree:          773792 kB
MemAvailable:    1512248 kB
Buffers:           52028 kB
Cached:           793848 kB
MemTotal:        1844596 kB
MemFree:          771444 kB
MemAvailable:    1509900 kB
Buffers:           52028 kB
Cached:           793848 kB
MemTotal:        1844596 kB
MemFree:          768716 kB
MemAvailable:    1507172 kB
Buffers:           52028 kB
Cached:           793848 kB
MemTotal:        1844596 kB
MemFree:          769336 kB
MemAvailable:    1507792 kB
Buffers:           52028 kB
Cached:           793848 kB
MemTotal:        1844596 kB
MemFree:          768096 kB
MemAvailable:    1506552 kB
Buffers:           52028 kB
Cached:           793848 kB
MemTotal:        1844596 kB
MemFree:          768812 kB
MemAvailable:    1507268 kB
Buffers:           52028 kB
Cached:           793848 kB
MemTotal:        1844596 kB
MemFree:          769064 kB
MemAvailable:    1507520 kB
Buffers:           52028 kB
Cached:           793848 kB
MemTotal:        1844596 kB
MemFree:          768772 kB
MemAvailable:    1507228 kB
Buffers:           52028 kB
Cached:           793848 kB
MemTotal:        1844596 kB
MemFree:          768716 kB
MemAvailable:    1507172 kB
Buffers:           52028 kB
Cached:           793848 kB
MemTotal:        1844596 kB
MemFree:          768772 kB
MemAvailable:    1507228 kB
Buffers:           52028 kB
Cached:           793848 kB
MemTotal:        1844596 kB
MemFree:          769024 kB
MemAvailable:    1507480 kB
Buffers:           52028 kB
Cached:           793848 kB
MemTotal:        1844596 kB
MemFree:          768520 kB
MemAvailable:    1506976 kB
Buffers:           52028 kB
Cached:           793848 kB
MemTotal:        1844596 kB
MemFree:          768856 kB
MemAvailable:    1507312 kB
Buffers:           52028 kB
Cached:           793848 kB
MemTotal:        1844596 kB
MemFree:          768780 kB
MemAvailable:    1507236 kB
Buffers:           52028 kB
Cached:           793848 kB
MemTotal:        1844596 kB
MemFree:          768876 kB
MemAvailable:    1507332 kB
Buffers:           52028 kB
Cached:           793848 kB
MemTotal:        1844596 kB
MemFree:          768228 kB
MemAvailable:    1506684 kB
Buffers:           52028 kB
Cached:           793848 kB
MemTotal:        1844596 kB
MemFree:          768528 kB
MemAvailable:    1506984 kB
Buffers:           52028 kB
Cached:           793848 kB
MemTotal:        1844596 kB
MemFree:          768864 kB
MemAvailable:    1507320 kB
Buffers:           52028 kB
Cached:           793848 kB
MemTotal:        1844596 kB
MemFree:          767540 kB
MemAvailable:    1505996 kB
Buffers:           52028 kB
Cached:           793848 kB
MemTotal:        1844596 kB
MemFree:          768204 kB
MemAvailable:    1506660 kB
Buffers:           52028 kB
Cached:           793848 kB
MemTotal:        1844596 kB
MemFree:          768540 kB
MemAvailable:    1506996 kB
Buffers:           52028 kB
Cached:           793848 kB
MemTotal:        1844596 kB
MemFree:          766600 kB
MemAvailable:    1505056 kB
Buffers:           52028 kB
Cached:           793848 kB
MemTotal:        1844596 kB
MemFree:          767344 kB
MemAvailable:    1505800 kB
Buffers:           52028 kB
Cached:           793848 kB
MemTotal:        1844596 kB
MemFree:          766112 kB
MemAvailable:    1504568 kB
Buffers:           52028 kB
Cached:           793848 kB
MemTotal:        1844596 kB
MemFree:          766828 kB
MemAvailable:    1505284 kB
Buffers:           52028 kB
Cached:           793848 kB
MemTotal:        1844596 kB
MemFree:          767164 kB
MemAvailable:    1505620 kB
Buffers:           52028 kB
Cached:           793848 kB
MemTotal:        1844596 kB
MemFree:          764864 kB
MemAvailable:    1503320 kB
Buffers:           52028 kB
Cached:           793848 kB
MemTotal:        1844596 kB
MemFree:          764740 kB
MemAvailable:    1503196 kB
Buffers:           52028 kB
Cached:           793848 kB
MemTotal:        1844596 kB
MemFree:          766104 kB
MemAvailable:    1504560 kB
Buffers:           52028 kB
Cached:           793848 kB
MemTotal:        1844596 kB
MemFree:          764252 kB
MemAvailable:    1502708 kB
Buffers:           52028 kB
Cached:           793848 kB
MemTotal:        1844596 kB
MemFree:          765492 kB
MemAvailable:    1503948 kB
Buffers:           52028 kB
Cached:           793848 kB
MemTotal:        1844596 kB
MemFree:          765360 kB
MemAvailable:    1503816 kB
Buffers:           52028 kB
Cached:           793848 kB
MemTotal:        1844596 kB
MemFree:          764004 kB
MemAvailable:    1502460 kB
Buffers:           52028 kB
Cached:           793848 kB
MemTotal:        1844596 kB
MemFree:          765120 kB
MemAvailable:    1503580 kB
Buffers:           52028 kB
Cached:           793852 kB
MemTotal:        1844596 kB
MemFree:          763624 kB
MemAvailable:    1502084 kB
Buffers:           52028 kB
Cached:           793852 kB
MemTotal:        1844596 kB
MemFree:          763568 kB
MemAvailable:    1502028 kB
Buffers:           52028 kB
Cached:           793852 kB
MemTotal:        1844596 kB
MemFree:          765044 kB
MemAvailable:    1503504 kB
Buffers:           52028 kB
Cached:           793852 kB
MemTotal:        1844596 kB
MemFree:          763872 kB
MemAvailable:    1502332 kB
Buffers:           52028 kB
Cached:           793852 kB
MemTotal:        1844596 kB
MemFree:          764932 kB
MemAvailable:    1503392 kB
Buffers:           52028 kB
Cached:           793852 kB
MemTotal:        1844596 kB
MemFree:          764948 kB
MemAvailable:    1503408 kB
Buffers:           52028 kB
Cached:           793852 kB
MemTotal:        1844596 kB
MemFree:          764944 kB
MemAvailable:    1503404 kB
Buffers:           52028 kB
Cached:           793852 kB
MemTotal:        1844596 kB
MemFree:          764112 kB
MemAvailable:    1502572 kB
Buffers:           52028 kB
Cached:           793852 kB
MemTotal:        1844596 kB
MemFree:          762972 kB
MemAvailable:    1501432 kB
Buffers:           52028 kB
Cached:           793852 kB
MemTotal:        1844596 kB
MemFree:          761260 kB
MemAvailable:    1499720 kB
Buffers:           52028 kB
Cached:           793852 kB
MemTotal:        1844596 kB
MemFree:          761028 kB
MemAvailable:    1499488 kB
Buffers:           52028 kB
Cached:           793852 kB
MemTotal:        1844596 kB
MemFree:          759524 kB
MemAvailable:    1497984 kB
Buffers:           52028 kB
Cached:           793852 kB
MemTotal:        1844596 kB
MemFree:          759860 kB
MemAvailable:    1498320 kB
Buffers:           52028 kB
Cached:           793852 kB
MemTotal:        1844596 kB
MemFree:          759276 kB
MemAvailable:    1497736 kB
Buffers:           52028 kB
Cached:           793852 kB
MemTotal:        1844596 kB
MemFree:          759276 kB
MemAvailable:    1497736 kB
Buffers:           52028 kB
Cached:           793852 kB
MemTotal:        1844596 kB
MemFree:          759256 kB
MemAvailable:    1497716 kB
Buffers:           52032 kB
Cached:           793848 kB
MemTotal:        1844596 kB
MemFree:          759328 kB
MemAvailable:    1497788 kB
Buffers:           52032 kB
Cached:           793848 kB
MemTotal:        1844596 kB
MemFree:          759160 kB
MemAvailable:    1497620 kB
Buffers:           52032 kB
Cached:           793848 kB
MemTotal:        1844596 kB
MemFree:          757788 kB
MemAvailable:    1496248 kB
Buffers:           52032 kB
Cached:           793848 kB
MemTotal:        1844596 kB
MemFree:          758888 kB
MemAvailable:    1497348 kB
Buffers:           52032 kB
Cached:           793848 kB
MemTotal:        1844596 kB
MemFree:          758972 kB
MemAvailable:    1497432 kB
Buffers:           52032 kB
Cached:           793848 kB
MemTotal:        1844596 kB
MemFree:          758792 kB
MemAvailable:    1497252 kB
Buffers:           52032 kB
Cached:           793848 kB
MemTotal:        1844596 kB
MemFree:          758668 kB
MemAvailable:    1497128 kB
Buffers:           52032 kB
Cached:           793848 kB
MemTotal:        1844596 kB
MemFree:          757616 kB
MemAvailable:    1496076 kB
Buffers:           52032 kB
Cached:           793848 kB
MemTotal:        1844596 kB
MemFree:          756004 kB
MemAvailable:    1494464 kB
Buffers:           52032 kB
Cached:           793848 kB
MemTotal:        1844596 kB
MemFree:          754704 kB
MemAvailable:    1493164 kB
Buffers:           52032 kB
Cached:           793848 kB
MemTotal:        1844596 kB
MemFree:          755904 kB
MemAvailable:    1494364 kB
Buffers:           52032 kB
Cached:           793848 kB
MemTotal:        1844596 kB
MemFree:          755192 kB
MemAvailable:    1493652 kB
Buffers:           52032 kB
Cached:           793848 kB
MemTotal:        1844596 kB
MemFree:          755680 kB
MemAvailable:    1494140 kB
Buffers:           52032 kB
Cached:           793848 kB
MemTotal:        1844596 kB
MemFree:          755680 kB
MemAvailable:    1494140 kB
Buffers:           52032 kB
Cached:           793848 kB
MemTotal:        1844596 kB
MemFree:          755692 kB
MemAvailable:    1494152 kB
Buffers:           52032 kB
Cached:           793848 kB
MemTotal:        1844596 kB
MemFree:          756368 kB
MemAvailable:    1494828 kB
Buffers:           52032 kB
Cached:           793848 kB
MemTotal:        1844596 kB
MemFree:          757608 kB
MemAvailable:    1496068 kB
Buffers:           52036 kB
Cached:           793844 kB
MemTotal:        1844596 kB
MemFree:          757512 kB
MemAvailable:    1496140 kB
Buffers:           52036 kB
Cached:           794092 kB
MemTotal:        1844596 kB
MemFree:          757512 kB
MemAvailable:    1496140 kB
Buffers:           52036 kB
Cached:           794092 kB
MemTotal:        1844596 kB
MemFree:          757244 kB
MemAvailable:    1496124 kB
Buffers:           52036 kB
Cached:           794216 kB
MemTotal:        1844596 kB
MemFree:          757496 kB
MemAvailable:    1496376 kB
Buffers:           52036 kB
Cached:           794216 kB
MemTotal:        1844596 kB
MemFree:          755928 kB
MemAvailable:    1494892 kB
Buffers:           52036 kB
Cached:           794340 kB
MemTotal:        1844596 kB
MemFree:          756440 kB
MemAvailable:    1495488 kB
Buffers:           52036 kB
Cached:           794340 kB
MemTotal:        1844596 kB
MemFree:          757048 kB
MemAvailable:    1496096 kB
Buffers:           52036 kB
Cached:           794340 kB
MemTotal:        1844596 kB
MemFree:          757084 kB
MemAvailable:    1496132 kB
Buffers:           52036 kB
Cached:           794464 kB
MemTotal:        1844596 kB
MemFree:          756308 kB
MemAvailable:    1495380 kB
Buffers:           52036 kB
Cached:           794532 kB
MemTotal:        1844596 kB
MemFree:          757308 kB
MemAvailable:    1496380 kB
Buffers:           52036 kB
Cached:           794532 kB
MemTotal:        1844596 kB
MemFree:          757244 kB
MemAvailable:    1496392 kB
Buffers:           52036 kB
Cached:           794532 kB
MemTotal:        1844596 kB
MemFree:          757040 kB
MemAvailable:    1496188 kB
Buffers:           52036 kB
Cached:           794532 kB
MemTotal:        1844596 kB
MemFree:          757208 kB
MemAvailable:    1496356 kB
Buffers:           52036 kB
Cached:           794532 kB
MemTotal:        1844596 kB
MemFree:          755804 kB
MemAvailable:    1494952 kB
Buffers:           52036 kB
Cached:           794532 kB
MemTotal:        1844596 kB
MemFree:          757696 kB
MemAvailable:    1496256 kB
Buffers:           52036 kB
Cached:           793900 kB
MemTotal:        1844596 kB
MemFree:          756416 kB
MemAvailable:    1494976 kB
Buffers:           52036 kB
Cached:           793900 kB
MemTotal:        1844596 kB
MemFree:          825232 kB
MemAvailable:    1563876 kB
Buffers:           52036 kB
Cached:           793900 kB
