MemTotal:        1844596 kB
MemFree:          969676 kB
MemAvailable:    1559672 kB
Buffers:           33000 kB
Cached:           661392 kB
MemTotal:        1844596 kB
MemFree:          965204 kB
MemAvailable:    1555200 kB
Buffers:           33000 kB
Cached:           661392 kB
MemTotal:        1844596 kB
MemFree:          964964 kB
MemAvailable:    1554960 kB
Buffers:           33000 kB
Cached:           661392 kB
MemTotal:        1844596 kB
MemFree:          964776 kB
MemAvailable:    1554772 kB
Buffers:           33000 kB
Cached:           661392 kB
MemTotal:        1844596 kB
MemFree:          963164 kB
MemAvailable:    1553160 kB
Buffers:           33000 kB
Cached:           661392 kB
MemTotal:        1844596 kB
MemFree:          962600 kB
MemAvailable:    1552596 kB
Buffers:           33000 kB
Cached:           661392 kB
MemTotal:        1844596 kB
MemFree:          962244 kB
MemAvailable:    1552240 kB
Buffers:           33000 kB
Cached:           661392 kB
MemTotal:        1844596 kB
MemFree:          959756 kB
MemAvailable:    1549752 kB
Buffers:           33000 kB
Cached:           661392 kB
MemTotal:        1844596 kB
MemFree:          957452 kB
MemAvailable:    1547448 kB
Buffers:           33000 kB
Cached:           661392 kB
MemTotal:        1844596 kB
MemFree:          955664 kB
MemAvailable:    1545660 kB
Buffers:           33000 kB
Cached:           661392 kB
MemTotal:        1844596 kB
MemFree:          952052 kB
MemAvailable:    1542048 kB
Buffers:           33000 kB
Cached:           661392 kB
MemTotal:        1844596 kB
MemFree:          951804 kB
MemAvailable:    1541800 kB
Buffers:           33000 kB
Cached:           661392 kB
MemTotal:        1844596 kB
MemFree:          953104 kB
MemAvailable:    1543100 kB
Buffers:           33000 kB
Cached:           661392 kB
MemTotal:        1844596 kB
MemFree:          951904 kB
MemAvailable:    1541900 kB
Buffers:           33000 kB
Cached:           661392 kB
MemTotal:        1844596 kB
MemFree:          953224 kB
MemAvailable:    1543220 kB
Buffers:           33000 kB
Cached:           661392 kB
MemTotal:        1844596 kB
MemFree:          952192 kB
MemAvailable:    1542188 kB
Buffers:           33000 kB
Cached:           661392 kB
MemTotal:        1844596 kB
MemFree:          951936 kB
MemAvailable:    1541932 kB
Buffers:           33000 kB
Cached:           661392 kB
MemTotal:        1844596 kB
MemFree:          951812 kB
MemAvailable:    1541808 kB
Buffers:           33000 kB
Cached:           661392 kB
MemTotal:        1844596 kB
MemFree:          951200 kB
MemAvailable:    1541196 kB
Buffers:           33000 kB
Cached:           661392 kB
MemTotal:        1844596 kB
MemFree:          951384 kB
MemAvailable:    1541380 kB
Buffers:           33000 kB
Cached:           661392 kB
MemTotal:        1844596 kB
MemFree:          950456 kB
MemAvailable:    1540452 kB
Buffers:           33000 kB
Cached:           661392 kB
MemTotal:        1844596 kB
MemFree:          950516 kB
MemAvailable:    1540512 kB
Buffers:           33000 kB
Cached:           661392 kB
MemTotal:        1844596 kB
MemFree:          950772 kB
MemAvailable:    1540768 kB
Buffers:           33000 kB
Cached:           661392 kB
MemTotal:        1844596 kB
MemFree:          950384 kB
MemAvailable:    1540380 kB
Buffers:           33000 kB
Cached:           661392 kB
MemTotal:        1844596 kB
MemFree:          950552 kB
MemAvailable:    1540548 kB
Buffers:           33000 kB
Cached:           661392 kB
MemTotal:        1844596 kB
MemFree:          950532 kB
MemAvailable:    1540528 kB
Buffers:           33000 kB
Cached:           661392 kB
MemTotal:        1844596 kB
MemFree:          949532 kB
MemAvailable:    1539528 kB
Buffers:           33000 kB
Cached:           661392 kB
MemTotal:        1844596 kB
MemFree:          950512 kB
MemAvailable:    1540508 kB
Buffers:           33000 kB
Cached:           661392 kB
MemTotal:        1844596 kB
MemFree:          950680 kB
MemAvailable:    1540676 kB
Buffers:           33000 kB
Cached:           661392 kB
MemTotal:        1844596 kB
MemFree:          951892 kB
MemAvailable:    1541888 kB
Buffers:           33000 kB
Cached:           661392 kB
MemTotal:        1844596 kB
MemFree:          951892 kB
MemAvailable:    1541888 kB
Buffers:           33000 kB
Cached:           661392 kB
MemTotal:        1844596 kB
MemFree:          950572 kB
MemAvailable:    1540568 kB
Buffers:           33000 kB
Cached:           661392 kB
MemTotal:        1844596 kB
MemFree:          949944 kB
MemAvailable:    1539940 kB
Buffers:           33000 kB
Cached:           661392 kB
MemTotal:        1844596 kB
MemFree:          949836 kB
MemAvailable:    1539832 kB
Buffers:           33000 kB
Cached:           661392 kB
MemTotal:        1844596 kB
MemFree:          948084 kB
MemAvailable:    1538080 kB
Buffers:           33000 kB
Cached:           661392 kB
MemTotal:        1844596 kB
MemFree:          947480 kB
MemAvailable:    1537476 kB
Buffers:           33000 kB
Cached:           661392 kB
MemTotal:        1844596 kB
MemFree:          947788 kB
MemAvailable:    1537784 kB
Buffers:           33000 kB
Cached:           661392 kB
MemTotal:        1844596 kB
MemFree:          946364 kB
MemAvailable:    1536360 kB
Buffers:           33000 kB
Cached:           661392 kB
MemTotal:        1844596 kB
MemFree:          946968 kB
MemAvailable:    1536964 kB
Buffers:           33000 kB
Cached:           661392 kB
MemTotal:        1844596 kB
MemFree:          946804 kB
MemAvailable:    1536800 kB
Buffers:           33000 kB
Cached:           661392 kB
MemTotal:        1844596 kB
MemFree:          946792 kB
MemAvailable:    1536788 kB
Buffers:           33000 kB
Cached:           661392 kB
MemTotal:        1844596 kB
MemFree:          945792 kB
MemAvailable:    1535788 kB
Buffers:           33000 kB
Cached:           661392 kB
MemTotal:        1844596 kB
MemFree:          946720 kB
MemAvailable:    1536716 kB
Buffers:           33000 kB
Cached:           661392 kB
MemTotal:        1844596 kB
MemFree:          945412 kB
MemAvailable:    1535408 kB
Buffers:           33000 kB
Cached:           661392 kB
MemTotal:        1844596 kB
MemFree:          946588 kB
MemAvailable:    1536584 kB
Buffers:           33000 kB
Cached:           661392 kB
MemTotal:        1844596 kB
MemFree:          946108 kB
MemAvailable:    1536104 kB
Buffers:           33000 kB
Cached:           661392 kB
MemTotal:        1844596 kB
MemFree:          945876 kB
MemAvailable:    1535872 kB
Buffers:           33000 kB
Cached:           661392 kB
MemTotal:        1844596 kB
MemFree:          945860 kB
MemAvailable:    1535856 kB
Buffers:           33000 kB
Cached:           661392 kB
MemTotal:        1844596 kB
MemFree:          944620 kB
MemAvailable:    1534616 kB
Buffers:           33000 kB
Cached:           661392 kB
MemTotal:        1844596 kB
MemFree:          945356 kB
MemAvailable:    1535352 kB
Buffers:           33000 kB
Cached:           661392 kB
MemTotal:        1844596 kB
MemFree:          945356 kB
MemAvailable:    1535352 kB
Buffers:           33000 kB
Cached:           661392 kB
MemTotal:        1844596 kB
MemFree:          944076 kB
MemAvailable:    1534072 kB
Buffers:           33000 kB
Cached:           661392 kB
MemTotal:        1844596 kB
MemFree:          944208 kB
MemAvailable:    1534204 kB
Buffers:           33000 kB
Cached:           661392 kB
MemTotal:        1844596 kB
MemFree:          945448 kB
MemAvailable:    1535444 kB
Buffers:           33000 kB
Cached:           661392 kB
MemTotal:        1844596 kB
MemFree:          945308 kB
MemAvailable:    1535304 kB
Buffers:           33000 kB
Cached:           661392 kB
MemTotal:        1844596 kB
MemFree:          944076 kB
MemAvailable:    1534072 kB
Buffers:           33000 kB
Cached:           661392 kB
MemTotal:        1844596 kB
MemFree:          945344 kB
MemAvailable:    1535340 kB
Buffers:           33000 kB
Cached:           661392 kB
MemTotal:        1844596 kB
MemFree:          945596 kB
MemAvailable:    1535592 kB
Buffers:           33000 kB
Cached:           661392 kB
MemTotal:        1844596 kB
MemFree:          945412 kB
MemAvailable:    1535408 kB
Buffers:           33000 kB
Cached:           661392 kB
MemTotal:        1844596 kB
MemFree:          944196 kB
MemAvailable:    1534192 kB
Buffers:           33000 kB
Cached:           661392 kB
MemTotal:        1844596 kB
MemFree:          944628 kB
MemAvailable:    1534624 kB
Buffers:           33000 kB
Cached:           661392 kB
MemTotal:        1844596 kB
MemFree:          945052 kB
MemAvailable:    1535048 kB
Buffers:           33000 kB
Cached:           661392 kB
MemTotal:        1844596 kB
MemFree:          945388 kB
MemAvailable:    1535384 kB
Buffers:           33000 kB
Cached:           661392 kB
MemTotal:        1844596 kB
MemFree:          943936 kB
MemAvailable:    1533932 kB
Buffers:           33000 kB
Cached:           661392 kB
MemTotal:        1844596 kB
MemFree:          944672 kB
MemAvailable:    1534668 kB
Buffers:           33000 kB
Cached:           661392 kB
MemTotal:        1844596 kB
MemFree:          944672 kB
MemAvailable:    1534668 kB
Buffers:           33000 kB
Cached:           661392 kB
MemTotal:        1844596 kB
MemFree:          944496 kB
MemAvailable:    1534492 kB
Buffers:           33000 kB
Cached:           661392 kB
MemTotal:        1844596 kB
MemFree:          943264 kB
MemAvailable:    1533272 kB
Buffers:           33000 kB
Cached:           661404 kB
MemTotal:        1844596 kB
MemFree:          943348 kB
MemAvailable:    1533356 kB
Buffers:           33000 kB
Cached:           661404 kB
MemTotal:        1844596 kB
MemFree:          944580 kB
MemAvailable:    1534588 kB
Buffers:           33000 kB
Cached:           661404 kB
MemTotal:        1844596 kB
MemFree:          944504 kB
MemAvailable:    1534512 kB
Buffers:           33000 kB
Cached:           661404 kB
MemTotal:        1844596 kB
MemFree:          944444 kB
MemAvailable:    1534452 kB
Buffers:           33000 kB
Cached:           661404 kB
MemTotal:        1844596 kB
MemFree:          944528 kB
MemAvailable:    1534536 kB
Buffers:           33000 kB
Cached:           661404 kB
MemTotal:        1844596 kB
MemFree:          944424 kB
MemAvailable:    1534432 kB
Buffers:           33000 kB
Cached:           661404 kB
MemTotal:        1844596 kB
MemFree:          944380 kB
MemAvailable:    1534388 kB
Buffers:           33000 kB
Cached:           661404 kB
MemTotal:        1844596 kB
MemFree:          943208 kB
MemAvailable:    1533216 kB
Buffers:           33000 kB
Cached:           661404 kB
MemTotal:        1844596 kB
MemFree:          944448 kB
MemAvailable:    1534456 kB
Buffers:           33000 kB
Cached:           661404 kB
MemTotal:        1844596 kB
MemFree:          943884 kB
MemAvailable:    1533892 kB
Buffers:           33000 kB
Cached:           661404 kB
MemTotal:        1844596 kB
MemFree:          940024 kB
MemAvailable:    1530032 kB
Buffers:           33000 kB
Cached:           661404 kB
MemTotal:        1844596 kB
MemFree:          940108 kB
MemAvailable:    1530116 kB
Buffers:           33000 kB
Cached:           661404 kB
MemTotal:        1844596 kB
MemFree:          937188 kB
MemAvailable:    1527196 kB
Buffers:           33000 kB
Cached:           661404 kB
MemTotal:        1844596 kB
MemFree:          936992 kB
MemAvailable:    1527000 kB
Buffers:           33000 kB
Cached:           661404 kB
MemTotal:        1844596 kB
MemFree:          936560 kB
MemAvailable:    1526568 kB
Buffers:           33000 kB
Cached:           661404 kB
MemTotal:        1844596 kB
MemFree:          936560 kB
MemAvailable:    1526568 kB
Buffers:           33000 kB
Cached:           661404 kB
MemTotal:        1844596 kB
MemFree:          936448 kB
MemAvailable:    1526456 kB
Buffers:           33000 kB
Cached:           661404 kB
MemTotal:        1844596 kB
MemFree:          935308 kB
MemAvailable:    1525316 kB
Buffers:           33000 kB
Cached:           661404 kB
MemTotal:        1844596 kB
MemFree:          936376 kB
MemAvailable:    1526384 kB
Buffers:           33000 kB
Cached:           661404 kB
MemTotal:        1844596 kB
MemFree:          936628 kB
MemAvailable:    1526636 kB
Buffers:           33000 kB
Cached:           661404 kB
MemTotal:        1844596 kB
MemFree:          936484 kB
MemAvailable:    1526492 kB
Buffers:           33000 kB
Cached:           661404 kB
MemTotal:        1844596 kB
MemFree:          935432 kB
MemAvailable:    1525440 kB
Buffers:           33000 kB
Cached:           661404 kB
MemTotal:        1844596 kB
MemFree:          936484 kB
MemAvailable:    1526492 kB
Buffers:           33012 kB
Cached:           661392 kB
MemTotal:        1844596 kB
MemFree:          936484 kB
MemAvailable:    1526492 kB
Buffers:           33012 kB
Cached:           661392 kB
MemTotal:        1844596 kB
MemFree:          936628 kB
MemAvailable:    1526636 kB
Buffers:           33012 kB
Cached:           661392 kB
MemTotal:        1844596 kB
MemFree:          935692 kB
MemAvailable:    1525700 kB
Buffers:           33012 kB
Cached:           661392 kB
MemTotal:        1844596 kB
MemFree:          936424 kB
MemAvailable:    1526432 kB
Buffers:           33012 kB
Cached:           661392 kB
MemTotal:        1844596 kB
MemFree:          936480 kB
MemAvailable:    1526488 kB
Buffers:           33012 kB
Cached:           661392 kB
MemTotal:        1844596 kB
MemFree:          936232 kB
MemAvailable:    1526240 kB
Buffers:           33012 kB
Cached:           661392 kB
MemTotal:        1844596 kB
MemFree:          936568 kB
MemAvailable:    1526576 kB
Buffers:           33012 kB
Cached:           661392 kB
MemTotal:        1844596 kB
MemFree:          935948 kB
MemAvailable:    1525956 kB
Buffers:           33012 kB
Cached:           661392 kB
MemTotal:        1844596 kB
MemFree:          935752 kB
MemAvailable:    1525760 kB
Buffers:           33012 kB
Cached:           661392 kB
MemTotal:        1844596 kB
MemFree:          934460 kB
MemAvailable:    1524468 kB
Buffers:           33012 kB
Cached:           661392 kB
MemTotal:        1844596 kB
MemFree:          935016 kB
MemAvailable:    1525024 kB
Buffers:           33012 kB
Cached:           661392 kB
MemTotal:        1844596 kB
MemFree:          935016 kB
MemAvailable:    1525024 kB
Buffers:           33012 kB
Cached:           661392 kB
MemTotal:        1844596 kB
MemFree:          935088 kB
MemAvailable:    1525096 kB
Buffers:           33012 kB
Cached:           661392 kB
MemTotal:        1844596 kB
MemFree:          933592 kB
MemAvailable:    1523600 kB
Buffers:           33012 kB
Cached:           661392 kB
MemTotal:        1844596 kB
MemFree:          934148 kB
MemAvailable:    1524156 kB
Buffers:           33012 kB
Cached:           661392 kB
MemTotal:        1844596 kB
MemFree:          933964 kB
MemAvailable:    1523972 kB
Buffers:           33012 kB
Cached:           661392 kB
MemTotal:        1844596 kB
MemFree:          934088 kB
MemAvailable:    1524096 kB
Buffers:           33012 kB
Cached:           661392 kB
MemTotal:        1844596 kB
MemFree:          933280 kB
MemAvailable:    1523288 kB
Buffers:           33012 kB
Cached:           661392 kB
MemTotal:        1844596 kB
MemFree:          931972 kB
MemAvailable:    1521980 kB
Buffers:           33012 kB
Cached:           661392 kB
MemTotal:        1844596 kB
MemFree:          933156 kB
MemAvailable:    1523164 kB
Buffers:           33012 kB
Cached:           661392 kB
MemTotal:        1844596 kB
MemFree:          931856 kB
MemAvailable:    1521864 kB
Buffers:           33012 kB
Cached:           661392 kB
MemTotal:        1844596 kB
MemFree:          931600 kB
MemAvailable:    1521608 kB
Buffers:           33012 kB
Cached:           661392 kB
MemTotal:        1844596 kB
MemFree:          931608 kB
MemAvailable:    1521616 kB
Buffers:           33012 kB
Cached:           661392 kB
MemTotal:        1844596 kB
MemFree:          931732 kB
MemAvailable:    1521740 kB
Buffers:           33012 kB
Cached:           661392 kB
MemTotal:        1844596 kB
MemFree:          932776 kB
MemAvailable:    1522800 kB
Buffers:           33012 kB
Cached:           661408 kB
MemTotal:        1844596 kB
MemFree:          931608 kB
MemAvailable:    1521632 kB
Buffers:           33012 kB
Cached:           661408 kB
MemTotal:        1844596 kB
MemFree:          932588 kB
MemAvailable:    1522612 kB
Buffers:           33012 kB
Cached:           661408 kB
MemTotal:        1844596 kB
MemFree:          932600 kB
MemAvailable:    1522624 kB
Buffers:           33012 kB
Cached:           661408 kB
MemTotal:        1844596 kB
MemFree:          932616 kB
MemAvailable:    1522640 kB
Buffers:           33012 kB
Cached:           661408 kB
MemTotal:        1844596 kB
MemFree:          931412 kB
MemAvailable:    1521436 kB
Buffers:           33012 kB
Cached:           661408 kB
MemTotal:        1844596 kB
MemFree:          932280 kB
MemAvailable:    1522304 kB
Buffers:           33012 kB
Cached:           661408 kB
MemTotal:        1844596 kB
MemFree:          930972 kB
MemAvailable:    1520996 kB
Buffers:           33012 kB
Cached:           661408 kB
MemTotal:        1844596 kB
MemFree:          932032 kB
MemAvailable:    1522056 kB
Buffers:           33012 kB
Cached:           661408 kB
MemTotal:        1844596 kB
MemFree:          927260 kB
MemAvailable:    1517284 kB
Buffers:           33012 kB
Cached:           661408 kB
MemTotal:        1844596 kB
MemFree:          927260 kB
MemAvailable:    1517284 kB
Buffers:           33012 kB
Cached:           661408 kB
MemTotal:        1844596 kB
MemFree:          926964 kB
MemAvailable:    1516988 kB
Buffers:           33012 kB
Cached:           661408 kB
MemTotal:        1844596 kB
MemFree:          926964 kB
MemAvailable:    1516988 kB
Buffers:           33012 kB
Cached:           661408 kB
MemTotal:        1844596 kB
MemFree:          926948 kB
MemAvailable:    1516972 kB
Buffers:           33012 kB
Cached:           661408 kB
MemTotal:        1844596 kB
MemFree:          926468 kB
MemAvailable:    1516492 kB
Buffers:           33012 kB
Cached:           661408 kB
MemTotal:        1844596 kB
MemFree:          925628 kB
MemAvailable:    1515652 kB
Buffers:           33012 kB
Cached:           661408 kB
MemTotal:        1844596 kB
MemFree:          926736 kB
MemAvailable:    1516760 kB
Buffers:           33012 kB
Cached:           661408 kB
MemTotal:        1844596 kB
MemFree:          925876 kB
MemAvailable:    1515900 kB
Buffers:           33012 kB
Cached:           661408 kB
MemTotal:        1844596 kB
MemFree:          926608 kB
MemAvailable:    1516632 kB
Buffers:           33012 kB
Cached:           661408 kB
MemTotal:        1844596 kB
MemFree:          926152 kB
MemAvailable:    1516176 kB
Buffers:           33012 kB
Cached:           661408 kB
MemTotal:        1844596 kB
MemFree:          926504 kB
MemAvailable:    1516528 kB
Buffers:           33012 kB
Cached:           661408 kB
MemTotal:        1844596 kB
MemFree:          926760 kB
MemAvailable:    1516784 kB
Buffers:           33012 kB
Cached:           661408 kB
MemTotal:        1844596 kB
MemFree:          925132 kB
MemAvailable:    1515156 kB
Buffers:           33012 kB
Cached:           661408 kB
MemTotal:        1844596 kB
MemFree:          925532 kB
MemAvailable:    1515556 kB
Buffers:           33012 kB
Cached:           661408 kB
MemTotal:        1844596 kB
MemFree:          926632 kB
MemAvailable:    1516660 kB
Buffers:           33012 kB
Cached:           661412 kB
MemTotal:        1844596 kB
MemFree:          926648 kB
MemAvailable:    1516676 kB
Buffers:           33012 kB
Cached:           661412 kB
MemTotal:        1844596 kB
MemFree:          925284 kB
MemAvailable:    1515312 kB
Buffers:           33012 kB
Cached:           661412 kB
MemTotal:        1844596 kB
MemFree:          923652 kB
MemAvailable:    1513680 kB
Buffers:           33012 kB
Cached:           661412 kB
MemTotal:        1844596 kB
MemFree:          923540 kB
MemAvailable:    1513568 kB
Buffers:           33012 kB
Cached:           661412 kB
MemTotal:        1844596 kB
MemFree:          923376 kB
MemAvailable:    1513404 kB
Buffers:           33012 kB
Cached:           661412 kB
MemTotal:        1844596 kB
MemFree:          922308 kB
MemAvailable:    1512336 kB
Buffers:           33012 kB
Cached:           661412 kB
MemTotal:        1844596 kB
MemFree:          923284 kB
MemAvailable:    1513312 kB
Buffers:           33012 kB
Cached:           661412 kB
MemTotal:        1844596 kB
MemFree:          923052 kB
MemAvailable:    1513080 kB
Buffers:           33012 kB
Cached:           661412 kB
MemTotal:        1844596 kB
MemFree:          923232 kB
MemAvailable:    1513264 kB
Buffers:           33012 kB
Cached:           661416 kB
MemTotal:        1844596 kB
MemFree:          923316 kB
MemAvailable:    1513348 kB
Buffers:           33012 kB
Cached:           661416 kB
MemTotal:        1844596 kB
MemFree:          921988 kB
MemAvailable:    1512020 kB
Buffers:           33012 kB
Cached:           661416 kB
MemTotal:        1844596 kB
MemFree:          924376 kB
MemAvailable:    1514408 kB
Buffers:           33012 kB
Cached:           661416 kB
MemTotal:        1844596 kB
MemFree:          925120 kB
MemAvailable:    1515236 kB
Buffers:           33016 kB
Cached:           661536 kB
MemTotal:        1844596 kB
MemFree:          925120 kB
MemAvailable:    1515320 kB
Buffers:           33016 kB
Cached:           661660 kB
MemTotal:        1844596 kB
MemFree:          924724 kB
MemAvailable:    1515092 kB
Buffers:           33016 kB
Cached:           661784 kB
MemTotal:        1844596 kB
MemFree:          924724 kB
MemAvailable:    1515092 kB
Buffers:           33016 kB
Cached:           661784 kB
MemTotal:        1844596 kB
MemFree:          924732 kB
MemAvailable:    1515268 kB
Buffers:           33016 kB
Cached:           661908 kB
MemTotal:        1844596 kB
MemFree:          924828 kB
MemAvailable:    1515364 kB
Buffers:           33016 kB
Cached:           662032 kB
MemTotal:        1844596 kB
MemFree:          924168 kB
MemAvailable:    1514704 kB
Buffers:           33016 kB
Cached:           662032 kB
MemTotal:        1844596 kB
MemFree:          924652 kB
MemAvailable:    1515272 kB
Buffers:           33016 kB
Cached:           662032 kB
MemTotal:        1844596 kB
MemFree:          924764 kB
MemAvailable:    1515384 kB
Buffers:           33016 kB
Cached:           662032 kB
MemTotal:        1844596 kB
MemFree:          923268 kB
MemAvailable:    1513888 kB
Buffers:           33016 kB
Cached:           662032 kB
MemTotal:        1844596 kB
MemFree:          924576 kB
MemAvailable:    1515196 kB
Buffers:           33016 kB
Cached:           662032 kB
MemTotal:        1844596 kB
MemFree:          924416 kB
MemAvailable:    1515036 kB
Buffers:           33016 kB
Cached:           662032 kB
MemTotal:        1844596 kB
MemFree:          924600 kB
MemAvailable:    1515220 kB
Buffers:           33016 kB
Cached:           662032 kB
MemTotal:        1844596 kB
MemFree:          924664 kB
MemAvailable:    1515284 kB
Buffers:           33016 kB
Cached:           662032 kB
MemTotal:        1844596 kB
MemFree:          924604 kB
MemAvailable:    1514636 kB
Buffers:           33016 kB
Cached:           661484 kB
MemTotal:        1844596 kB
MemFree:          924532 kB
MemAvailable:    1514564 kB
Buffers:           33016 kB
Cached:           661484 kB
MemTotal:        1844596 kB
MemFree:          990476 kB
MemAvailable:    1580508 kB
Buffers:           33016 kB
Cached:           661484 kB
