MemTotal:        1844596 kB
MemFree:          683740 kB
MemAvailable:    1526552 kB
Buffers:           62708 kB
Cached:           878964 kB
MemTotal:        1844596 kB
MemFree:          683608 kB
MemAvailable:    1526420 kB
Buffers:           62708 kB
Cached:           878964 kB
MemTotal:        1844596 kB
MemFree:          683120 kB
MemAvailable:    1525932 kB
Buffers:           62708 kB
Cached:           878964 kB
MemTotal:        1844596 kB
MemFree:          681244 kB
MemAvailable:    1524056 kB
Buffers:           62708 kB
Cached:           878964 kB
MemTotal:        1844596 kB
MemFree:          681260 kB
MemAvailable:    1524072 kB
Buffers:           62708 kB
Cached:           878964 kB
MemTotal:        1844596 kB
MemFree:          680260 kB
MemAvailable:    1523072 kB
Buffers:           62708 kB
Cached:           878964 kB
MemTotal:        1844596 kB
MemFree:          679904 kB
MemAvailable:    1522716 kB
Buffers:           62708 kB
Cached:           878964 kB
MemTotal:        1844596 kB
MemFree:          675796 kB
MemAvailable:    1518608 kB
Buffers:           62708 kB
Cached:           878964 kB
MemTotal:        1844596 kB
MemFree:          675060 kB
MemAvailable:    1517872 kB
Buffers:           62708 kB
Cached:           878964 kB
MemTotal:        1844596 kB
MemFree:          670588 kB
MemAvailable:    1513400 kB
Buffers:           62708 kB
Cached:           878964 kB
MemTotal:        1844596 kB
MemFree:          670272 kB
MemAvailable:    1513084 kB
Buffers:           62708 kB
Cached:           878964 kB
MemTotal:        1844596 kB
MemFree:          671256 kB
MemAvailable:    1514068 kB
Buffers:           62708 kB
Cached:           878964 kB
MemTotal:        1844596 kB
MemFree:          671508 kB
MemAvailable:    1514320 kB
Buffers:           62708 kB
Cached:           878964 kB
MemTotal:        1844596 kB
MemFree:          671284 kB
MemAvailable:    1514096 kB
Buffers:           62708 kB
Cached:           878964 kB
MemTotal:        1844596 kB
MemFree:          671276 kB
MemAvailable:    1514088 kB
Buffers:           62708 kB
Cached:           878964 kB
MemTotal:        1844596 kB
MemFree:          671444 kB
MemAvailable:    1514256 kB
Buffers:           62708 kB
Cached:           878964 kB
MemTotal:        1844596 kB
MemFree:          670596 kB
MemAvailable:    1513408 kB
Buffers:           62708 kB
Cached:           878964 kB
MemTotal:        1844596 kB
MemFree:          668984 kB
MemAvailable:    1511796 kB
Buffers:           62708 kB
Cached:           878964 kB
MemTotal:        1844596 kB
MemFree:          668968 kB
MemAvailable:    1511780 kB
Buffers:           62708 kB
Cached:           878964 kB
MemTotal:        1844596 kB
MemFree:          668968 kB
MemAvailable:    1511780 kB
Buffers:           62708 kB
Cached:           878964 kB
MemTotal:        1844596 kB
MemFree:          669024 kB
MemAvailable:    1511836 kB
Buffers:           62708 kB
Cached:           878964 kB
MemTotal:        1844596 kB
MemFree:          668784 kB
MemAvailable:    1511596 kB
Buffers:           62708 kB
Cached:           878964 kB
MemTotal:        1844596 kB
MemFree:          669120 kB
MemAvailable:    1511932 kB
Buffers:           62708 kB
Cached:           878964 kB
MemTotal:        1844596 kB
MemFree:          668792 kB
MemAvailable:    1511604 kB
Buffers:           62708 kB
Cached:           878964 kB
MemTotal:        1844596 kB
MemFree:          669016 kB
MemAvailable:    1511828 kB
Buffers:           62708 kB
Cached:           878964 kB
MemTotal:        1844596 kB
MemFree:          668944 kB
MemAvailable:    1511756 kB
Buffers:           62708 kB
Cached:           878964 kB
MemTotal:        1844596 kB
MemFree:          668944 kB
MemAvailable:    1511756 kB
Buffers:           62708 kB
Cached:           878964 kB
MemTotal:        1844596 kB
MemFree:          670268 kB
MemAvailable:    1513080 kB
Buffers:           62708 kB
Cached:           878964 kB
MemTotal:        1844596 kB
MemFree:          669356 kB
MemAvailable:    1512168 kB
Buffers:           62708 kB
Cached:           878964 kB
MemTotal:        1844596 kB
MemFree:          667976 kB
MemAvailable:    1510788 kB
Buffers:           62708 kB
Cached:           878964 kB
MemTotal:        1844596 kB
MemFree:          667620 kB
MemAvailable:    1510432 kB
Buffers:           62708 kB
Cached:           878964 kB
MemTotal:        1844596 kB
MemFree:          666876 kB
MemAvailable:    1509688 kB
Buffers:           62708 kB
Cached:           878964 kB
MemTotal:        1844596 kB
MemFree:          665388 kB
MemAvailable:    1508200 kB
Buffers:           62708 kB
Cached:           878964 kB
MemTotal:        1844596 kB
MemFree:          666008 kB
MemAvailable:    1508820 kB
Buffers:           62708 kB
Cached:           878964 kB
MemTotal:        1844596 kB
MemFree:          665628 kB
MemAvailable:    1508440 kB
Buffers:           62708 kB
Cached:           878964 kB
MemTotal:        1844596 kB
MemFree:          664148 kB
MemAvailable:    1506960 kB
Buffers:           62708 kB
Cached:           878964 kB
MemTotal:        1844596 kB
MemFree:          664744 kB
MemAvailable:    1507556 kB
Buffers:           62708 kB
Cached:           878964 kB
MemTotal:        1844596 kB
MemFree:          664828 kB
MemAvailable:    1507640 kB
Buffers:           62708 kB
Cached:           878964 kB
MemTotal:        1844596 kB
MemFree:          663452 kB
MemAvailable:    1506264 kB
Buffers:           62708 kB
Cached:           878964 kB
MemTotal:        1844596 kB
MemFree:          664760 kB
MemAvailable:    1507572 kB
Buffers:           62708 kB
Cached:           878964 kB
MemTotal:        1844596 kB
MemFree:          664924 kB
MemAvailable:    1507736 kB
Buffers:           62708 kB
Cached:           878964 kB
MemTotal:        1844596 kB
MemFree:          664556 kB
MemAvailable:    1507368 kB
Buffers:           62708 kB
Cached:           878964 kB
MemTotal:        1844596 kB
MemFree:          664528 kB
MemAvailable:    1507340 kB
Buffers:           62708 kB
Cached:           878964 kB
MemTotal:        1844596 kB
MemFree:          664124 kB
MemAvailable:    1506936 kB
Buffers:           62708 kB
Cached:           878964 kB
MemTotal:        1844596 kB
MemFree:          663900 kB
MemAvailable:    1506712 kB
Buffers:           62708 kB
Cached:           878964 kB
MemTotal:        1844596 kB
MemFree:          662720 kB
MemAvailable:    1505532 kB
Buffers:           62708 kB
Cached:           878964 kB
MemTotal:        1844596 kB
MemFree:          664008 kB
MemAvailable:    1506820 kB
Buffers:           62708 kB
Cached:           878964 kB
MemTotal:        1844596 kB
MemFree:          662644 kB
MemAvailable:    1505468 kB
Buffers:           62708 kB
Cached:           878972 kB
MemTotal:        1844596 kB
MemFree:          663920 kB
MemAvailable:    1506744 kB
Buffers:           62708 kB
Cached:           878972 kB
MemTotal:        1844596 kB
MemFree:          662488 kB
MemAvailable:    1505312 kB
Buffers:           62708 kB
Cached:           878972 kB
MemTotal:        1844596 kB
MemFree:          663852 kB
MemAvailable:    1506676 kB
Buffers:           62708 kB
Cached:           878972 kB
MemTotal:        1844596 kB
MemFree:          663768 kB
MemAvailable:    1506592 kB
Buffers:           62708 kB
Cached:           878972 kB
MemTotal:        1844596 kB
MemFree:          662396 kB
MemAvailable:    1505220 kB
Buffers:           62708 kB
Cached:           878972 kB
MemTotal:        1844596 kB
MemFree:          662520 kB
MemAvailable:    1505344 kB
Buffers:           62708 kB
Cached:           878972 kB
MemTotal:        1844596 kB
MemFree:          663776 kB
MemAvailable:    1506600 kB
Buffers:           62708 kB
Cached:           878972 kB
MemTotal:        1844596 kB
MemFree:          663652 kB
MemAvailable:    1506476 kB
Buffers:           62708 kB
Cached:           878972 kB
MemTotal:        1844596 kB
MemFree:          662156 kB
MemAvailable:    1504980 kB
Buffers:           62708 kB
Cached:           878972 kB
MemTotal:        1844596 kB
MemFree:          663404 kB
MemAvailable:    1506228 kB
Buffers:           62708 kB
Cached:           878972 kB
MemTotal:        1844596 kB
MemFree:          662976 kB
MemAvailable:    1505800 kB
Buffers:           62708 kB
Cached:           878972 kB
MemTotal:        1844596 kB
MemFree:          662784 kB
MemAvailable:    1505608 kB
Buffers:           62708 kB
Cached:           878972 kB
MemTotal:        1844596 kB
MemFree:          662904 kB
MemAvailable:    1505728 kB
Buffers:           62708 kB
Cached:           878972 kB
MemTotal:        1844596 kB
MemFree:          662948 kB
MemAvailable:    1505772 kB
Buffers:           62708 kB
Cached:           878972 kB
MemTotal:        1844596 kB
MemFree:          662048 kB
MemAvailable:    1504872 kB
Buffers:           62708 kB
Cached:           878972 kB
MemTotal:        1844596 kB
MemFree:          662768 kB
MemAvailable:    1505592 kB
Buffers:           62708 kB
Cached:           878972 kB
MemTotal:        1844596 kB
MemFree:          663020 kB
MemAvailable:    1505844 kB
Buffers:           62708 kB
Cached:           878972 kB
MemTotal:        1844596 kB
MemFree:          661480 kB
MemAvailable:    1504304 kB
Buffers:           62708 kB
Cached:           878972 kB
MemTotal:        1844596 kB
MemFree:          662948 kB
MemAvailable:    1505772 kB
Buffers:           62708 kB
Cached:           878972 kB
MemTotal:        1844596 kB
MemFree:          663076 kB
MemAvailable:    1505900 kB
Buffers:           62708 kB
Cached:           878972 kB
MemTotal:        1844596 kB
MemFree:          662164 kB
MemAvailable:    1504988 kB
Buffers:           62708 kB
Cached:           878972 kB
MemTotal:        1844596 kB
MemFree:          662652 kB
MemAvailable:    1505480 kB
Buffers:           62708 kB
Cached:           878976 kB
MemTotal:        1844596 kB
MemFree:          662420 kB
MemAvailable:    1505248 kB
Buffers:           62708 kB
Cached:           878976 kB
MemTotal:        1844596 kB
MemFree:          660604 kB
MemAvailable:    1503432 kB
Buffers:           62708 kB
Cached:           878976 kB
MemTotal:        1844596 kB
MemFree:          659388 kB
MemAvailable:    1502216 kB
Buffers:           62708 kB
Cached:           878976 kB
MemTotal:        1844596 kB
MemFree:          655576 kB
MemAvailable:    1498404 kB
Buffers:           62708 kB
Cached:           878976 kB
MemTotal:        1844596 kB
MemFree:          655576 kB
MemAvailable:    1498404 kB
Buffers:           62708 kB
Cached:           878976 kB
MemTotal:        1844596 kB
MemFree:          655204 kB
MemAvailable:    1498032 kB
Buffers:           62708 kB
Cached:           878976 kB
MemTotal:        1844596 kB
MemFree:          653708 kB
MemAvailable:    1496536 kB
Buffers:           62708 kB
Cached:           878976 kB
MemTotal:        1844596 kB
MemFree:          655000 kB
MemAvailable:    1497828 kB
Buffers:           62708 kB
Cached:           878976 kB
MemTotal:        1844596 kB
MemFree:          654768 kB
MemAvailable:    1497596 kB
Buffers:           62708 kB
Cached:           878976 kB
MemTotal:        1844596 kB
MemFree:          654936 kB
MemAvailable:    1497764 kB
Buffers:           62708 kB
Cached:           878976 kB
MemTotal:        1844596 kB
MemFree:          653644 kB
MemAvailable:    1496472 kB
Buffers:           62708 kB
Cached:           878976 kB
MemTotal:        1844596 kB
MemFree:          654848 kB
MemAvailable:    1497676 kB
Buffers:           62708 kB
Cached:           878976 kB
MemTotal:        1844596 kB
MemFree:          654924 kB
MemAvailable:    1497752 kB
Buffers:           62708 kB
Cached:           878976 kB
MemTotal:        1844596 kB
MemFree:          654708 kB
MemAvailable:    1497536 kB
Buffers:           62708 kB
Cached:           878976 kB
MemTotal:        1844596 kB
MemFree:          655044 kB
MemAvailable:    1497872 kB
Buffers:           62708 kB
Cached:           878976 kB
MemTotal:        1844596 kB
MemFree:          653676 kB
MemAvailable:    1496504 kB
Buffers:           62708 kB
Cached:           878976 kB
MemTotal:        1844596 kB
MemFree:          654836 kB
MemAvailable:    1497664 kB
Buffers:           62708 kB
Cached:           878976 kB
MemTotal:        1844596 kB
MemFree:          653596 kB
MemAvailable:    1496424 kB
Buffers:           62708 kB
Cached:           878976 kB
MemTotal:        1844596 kB
MemFree:          654724 kB
MemAvailable:    1497552 kB
Buffers:           62708 kB
Cached:           878976 kB
MemTotal:        1844596 kB
MemFree:          653608 kB
MemAvailable:    1496436 kB
Buffers:           62708 kB
Cached:           878976 kB
MemTotal:        1844596 kB
MemFree:          653924 kB
MemAvailable:    1496752 kB
Buffers:           62708 kB
Cached:           878976 kB
MemTotal:        1844596 kB
MemFree:          652552 kB
MemAvailable:    1495380 kB
Buffers:           62708 kB
Cached:           878976 kB
MemTotal:        1844596 kB
MemFree:          653220 kB
MemAvailable:    1496048 kB
Buffers:           62708 kB
Cached:           878976 kB
MemTotal:        1844596 kB
MemFree:          653556 kB
MemAvailable:    1496384 kB
Buffers:           62708 kB
Cached:           878976 kB
MemTotal:        1844596 kB
MemFree:          651864 kB
MemAvailable:    1494692 kB
Buffers:           62708 kB
Cached:           878976 kB
MemTotal:        1844596 kB
MemFree:          651740 kB
MemAvailable:    1494568 kB
Buffers:           62708 kB
Cached:           878976 kB
MemTotal:        1844596 kB
MemFree:          650880 kB
MemAvailable:    1493708 kB
Buffers:           62708 kB
Cached:           878976 kB
MemTotal:        1844596 kB
MemFree:          651328 kB
MemAvailable:    1494156 kB
Buffers:           62708 kB
Cached:           878976 kB
MemTotal:        1844596 kB
MemFree:          651328 kB
MemAvailable:    1494156 kB
Buffers:           62708 kB
Cached:           878976 kB
MemTotal:        1844596 kB
MemFree:          651236 kB
MemAvailable:    1494064 kB
Buffers:           62708 kB
Cached:           878976 kB
MemTotal:        1844596 kB
MemFree:          651488 kB
MemAvailable:    1494316 kB
Buffers:           62708 kB
Cached:           878976 kB
MemTotal:        1844596 kB
MemFree:          651064 kB
MemAvailable:    1493892 kB
Buffers:           62708 kB
Cached:           878976 kB
MemTotal:        1844596 kB
MemFree:          651064 kB
MemAvailable:    1493892 kB
Buffers:           62708 kB
Cached:           878976 kB
MemTotal:        1844596 kB
MemFree:          650956 kB
MemAvailable:    1493784 kB
Buffers:           62708 kB
Cached:           878976 kB
MemTotal:        1844596 kB
MemFree:          649752 kB
MemAvailable:    1492580 kB
Buffers:           62708 kB
Cached:           878976 kB
MemTotal:        1844596 kB
MemFree:          651052 kB
MemAvailable:    1493880 kB
Buffers:           62708 kB
Cached:           878976 kB
MemTotal:        1844596 kB
MemFree:          651052 kB
MemAvailable:    1493880 kB
Buffers:           62708 kB
Cached:           878976 kB
MemTotal:        1844596 kB
MemFree:          649876 kB
MemAvailable:    1492704 kB
Buffers:           62708 kB
Cached:           878976 kB
MemTotal:        1844596 kB
MemFree:          651040 kB
MemAvailable:    1493868 kB
Buffers:           62708 kB
Cached:           878976 kB
MemTotal:        1844596 kB
MemFree:          651212 kB
MemAvailable:    1494040 kB
Buffers:           62708 kB
Cached:           878976 kB
MemTotal:        1844596 kB
MemFree:          649384 kB
MemAvailable:    1492212 kB
Buffers:           62708 kB
Cached:           878976 kB
MemTotal:        1844596 kB
MemFree:          649384 kB
MemAvailable:    1492212 kB
Buffers:           62708 kB
Cached:           878976 kB
MemTotal:        1844596 kB
MemFree:          645912 kB
MemAvailable:    1488740 kB
Buffers:           62708 kB
Cached:           878976 kB
MemTotal:        1844596 kB
MemFree:          645656 kB
MemAvailable:    1488484 kB
Buffers:           62708 kB
Cached:           878976 kB
MemTotal:        1844596 kB
MemFree:          645656 kB
MemAvailable:    1488484 kB
Buffers:           62708 kB
Cached:           878976 kB
MemTotal:        1844596 kB
MemFree:          645368 kB
MemAvailable:    1488196 kB
Buffers:           62708 kB
Cached:           878976 kB
MemTotal:        1844596 kB
MemFree:          645104 kB
MemAvailable:    1487932 kB
Buffers:           62708 kB
Cached:           878976 kB
MemTotal:        1844596 kB
MemFree:          645360 kB
MemAvailable:    1488188 kB
Buffers:           62708 kB
Cached:           878976 kB
MemTotal:        1844596 kB
MemFree:          645132 kB
MemAvailable:    1487960 kB
Buffers:           62708 kB
Cached:           878976 kB
MemTotal:        1844596 kB
MemFree:          644736 kB
MemAvailable:    1487564 kB
Buffers:           62708 kB
Cached:           878976 kB
MemTotal:        1844596 kB
MemFree:          645096 kB
MemAvailable:    1487924 kB
Buffers:           62708 kB
Cached:           878976 kB
MemTotal:        1844596 kB
MemFree:          644872 kB
MemAvailable:    1487700 kB
Buffers:           62708 kB
Cached:           878976 kB
MemTotal:        1844596 kB
MemFree:          644104 kB
MemAvailable:    1486932 kB
Buffers:           62708 kB
Cached:           878976 kB
MemTotal:        1844596 kB
MemFree:          644980 kB
MemAvailable:    1487808 kB
Buffers:           62708 kB
Cached:           878976 kB
MemTotal:        1844596 kB
MemFree:          643928 kB
MemAvailable:    1486756 kB
Buffers:           62708 kB
Cached:           878976 kB
MemTotal:        1844596 kB
MemFree:          644120 kB
MemAvailable:    1486948 kB
Buffers:           62708 kB
Cached:           878976 kB
MemTotal:        1844596 kB
MemFree:          642200 kB
MemAvailable:    1485028 kB
Buffers:           62708 kB
Cached:           878976 kB
MemTotal:        1844596 kB
MemFree:          641804 kB
MemAvailable:    1484632 kB
Buffers:           62708 kB
Cached:           878976 kB
MemTotal:        1844596 kB
MemFree:          642140 kB
MemAvailable:    1484968 kB
Buffers:           62708 kB
Cached:           878976 kB
MemTotal:        1844596 kB
MemFree:          641672 kB
MemAvailable:    1484500 kB
Buffers:           62708 kB
Cached:           878976 kB
MemTotal:        1844596 kB
MemFree:          642008 kB
MemAvailable:    1484836 kB
Buffers:           62708 kB
Cached:           878976 kB
MemTotal:        1844596 kB
MemFree:          640684 kB
MemAvailable:    1483512 kB
Buffers:           62708 kB
Cached:           878976 kB
MemTotal:        1844596 kB
MemFree:          643856 kB
MemAvailable:    1486692 kB
Buffers:           62708 kB
Cached:           878984 kB
MemTotal:        1844596 kB
MemFree:          643632 kB
MemAvailable:    1486552 kB
Buffers:           62708 kB
Cached:           879108 kB
MemTotal:        1844596 kB
MemFree:          643884 kB
MemAvailable:    1486804 kB
Buffers:           62708 kB
Cached:           879108 kB
MemTotal:        1844596 kB
MemFree:          643568 kB
MemAvailable:    1486740 kB
Buffers:           62708 kB
Cached:           879356 kB
MemTotal:        1844596 kB
MemFree:          643444 kB
MemAvailable:    1486700 kB
Buffers:           62708 kB
Cached:           879480 kB
MemTotal:        1844596 kB
MemFree:          643444 kB
MemAvailable:    1486616 kB
Buffers:           62708 kB
Cached:           879356 kB
MemTotal:        1844596 kB
MemFree:          643252 kB
MemAvailable:    1486676 kB
Buffers:           62708 kB
Cached:           879604 kB
MemTotal:        1844596 kB
MemFree:          643508 kB
MemAvailable:    1486932 kB
Buffers:           62708 kB
Cached:           879604 kB
MemTotal:        1844596 kB
MemFree:          643120 kB
MemAvailable:    1486628 kB
Buffers:           62708 kB
Cached:           879604 kB
MemTotal:        1844596 kB
MemFree:          643120 kB
MemAvailable:    1486628 kB
Buffers:           62708 kB
Cached:           879604 kB
MemTotal:        1844596 kB
MemFree:          643028 kB
MemAvailable:    1486536 kB
Buffers:           62708 kB
Cached:           879604 kB
MemTotal:        1844596 kB
MemFree:          643112 kB
MemAvailable:    1486620 kB
Buffers:           62708 kB
Cached:           879604 kB
MemTotal:        1844596 kB
MemFree:          643152 kB
MemAvailable:    1486660 kB
Buffers:           62708 kB
Cached:           879604 kB
MemTotal:        1844596 kB
MemFree:          643252 kB
MemAvailable:    1486760 kB
Buffers:           62708 kB
Cached:           879604 kB
MemTotal:        1844596 kB
MemFree:          642448 kB
MemAvailable:    1485956 kB
Buffers:           62708 kB
Cached:           879604 kB
MemTotal:        1844596 kB
MemFree:          643108 kB
MemAvailable:    1486700 kB
Buffers:           62708 kB
Cached:           879728 kB
MemTotal:        1844596 kB
MemFree:          710060 kB
MemAvailable:    1552980 kB
Buffers:           62708 kB
Cached:           878972 kB
MemTotal:        1844596 kB
MemFree:          709808 kB
MemAvailable:    1552812 kB
Buffers:           62708 kB
Cached:           878972 kB
