MemTotal:        1844596 kB
MemFree:          788140 kB
MemAvailable:    1533800 kB
Buffers:           52784 kB
Cached:           799700 kB
MemTotal:        1844596 kB
MemFree:          788108 kB
MemAvailable:    1533768 kB
Buffers:           52784 kB
Cached:           799700 kB
MemTotal:        1844596 kB
MemFree:          784832 kB
MemAvailable:    1530492 kB
Buffers:           52784 kB
Cached:           799700 kB
MemTotal:        1844596 kB
MemFree:          786064 kB
MemAvailable:    1531724 kB
Buffers:           52784 kB
Cached:           799700 kB
MemTotal:        1844596 kB
MemFree:          784536 kB
MemAvailable:    1530196 kB
Buffers:           52784 kB
Cached:           799700 kB
MemTotal:        1844596 kB
MemFree:          784536 kB
MemAvailable:    1530196 kB
Buffers:           52784 kB
Cached:           799700 kB
MemTotal:        1844596 kB
MemFree:          781492 kB
MemAvailable:    1527156 kB
Buffers:           52784 kB
Cached:           799704 kB
MemTotal:        1844596 kB
MemFree:          779888 kB
MemAvailable:    1525552 kB
Buffers:           52784 kB
Cached:           799704 kB
MemTotal:        1844596 kB
MemFree:          774796 kB
MemAvailable:    1520460 kB
Buffers:           52784 kB
Cached:           799704 kB
MemTotal:        1844596 kB
MemFree:          774724 kB
MemAvailable:    1520388 kB
Buffers:           52784 kB
Cached:           799704 kB
MemTotal:        1844596 kB
MemFree:          774052 kB
MemAvailable:    1519716 kB
Buffers:           52784 kB
Cached:           799704 kB
MemTotal:        1844596 kB
MemFree:          774520 kB
MemAvailable:    1520184 kB
Buffers:           52784 kB
Cached:           799704 kB
MemTotal:        1844596 kB
MemFree:          774856 kB
MemAvailable:    1520520 kB
Buffers:           52784 kB
Cached:           799704 kB
MemTotal:        1844596 kB
MemFree:          773364 kB
MemAvailable:    1519028 kB
Buffers:           52784 kB
Cached:           799704 kB
MemTotal:        1844596 kB
MemFree:          773488 kB
MemAvailable:    1519152 kB
Buffers:           52784 kB
Cached:           799704 kB
MemTotal:        1844596 kB
MemFree:          773928 kB
MemAvailable:    1519592 kB
Buffers:           52784 kB
Cached:           799704 kB
MemTotal:        1844596 kB
MemFree:          773928 kB
MemAvailable:    1519592 kB
Buffers:           52784 kB
Cached:           799704 kB
MemTotal:        1844596 kB
MemFree:          772440 kB
MemAvailable:    1518104 kB
Buffers:           52784 kB
Cached:           799704 kB
MemTotal:        1844596 kB
MemFree:          771588 kB
MemAvailable:    1517252 kB
Buffers:           52784 kB
Cached:           799704 kB
MemTotal:        1844596 kB
MemFree:          770820 kB
MemAvailable:    1516484 kB
Buffers:           52784 kB
Cached:           799704 kB
MemTotal:        1844596 kB
MemFree:          771036 kB
MemAvailable:    1516700 kB
Buffers:           52784 kB
Cached:           799704 kB
MemTotal:        1844596 kB
MemFree:          772268 kB
MemAvailable:    1517932 kB
Buffers:           52784 kB
Cached:           799704 kB
MemTotal:        1844596 kB
MemFree:          772132 kB
MemAvailable:    1517796 kB
Buffers:           52784 kB
Cached:           799704 kB
MemTotal:        1844596 kB
MemFree:          772384 kB
MemAvailable:    1518048 kB
Buffers:           52784 kB
Cached:           799704 kB
MemTotal:        1844596 kB
MemFree:          770904 kB
MemAvailable:    1516568 kB
Buffers:           52784 kB
Cached:           799704 kB
MemTotal:        1844596 kB
MemFree:          770904 kB
MemAvailable:    1516568 kB
Buffers:           52784 kB
Cached:           799704 kB
MemTotal:        1844596 kB
MemFree:          771456 kB
MemAvailable:    1517120 kB
Buffers:           52784 kB
Cached:           799704 kB
MemTotal:        1844596 kB
MemFree:          773484 kB
MemAvailable:    1519148 kB
Buffers:           52784 kB
Cached:           799704 kB
MemTotal:        1844596 kB
MemFree:          773732 kB
MemAvailable:    1519396 kB
Buffers:           52784 kB
Cached:           799704 kB
MemTotal:        1844596 kB
MemFree:          773440 kB
MemAvailable:    1519104 kB
Buffers:           52784 kB
Cached:           799704 kB
MemTotal:        1844596 kB
MemFree:          769952 kB
MemAvailable:    1515616 kB
Buffers:           52784 kB
Cached:           799704 kB
MemTotal:        1844596 kB
MemFree:          769844 kB
MemAvailable:    1515508 kB
Buffers:           52784 kB
Cached:           799704 kB
MemTotal:        1844596 kB
MemFree:          768332 kB
MemAvailable:    1513996 kB
Buffers:           52784 kB
Cached:           799704 kB
MemTotal:        1844596 kB
MemFree:          768480 kB
MemAvailable:    1514144 kB
Buffers:           52784 kB
Cached:           799704 kB
MemTotal:        1844596 kB
MemFree:          768836 kB
MemAvailable:    1514500 kB
Buffers:           52784 kB
Cached:           799704 kB
MemTotal:        1844596 kB
MemFree:          768604 kB
MemAvailable:    1514268 kB
Buffers:           52784 kB
Cached:           799704 kB
MemTotal:        1844596 kB
MemFree:          768224 kB
MemAvailable:    1513888 kB
Buffers:           52784 kB
Cached:           799704 kB
MemTotal:        1844596 kB
MemFree:          768308 kB
MemAvailable:    1513972 kB
Buffers:           52784 kB
Cached:           799704 kB
MemTotal:        1844596 kB
MemFree:          768096 kB
MemAvailable:    1513760 kB
Buffers:           52784 kB
Cached:           799704 kB
MemTotal:        1844596 kB
MemFree:          766716 kB
MemAvailable:    1512380 kB
Buffers:           52784 kB
Cached:           799704 kB
MemTotal:        1844596 kB
MemFree:          767908 kB
MemAvailable:    1513572 kB
Buffers:           52784 kB
Cached:           799704 kB
MemTotal:        1844596 kB
MemFree:          767984 kB
MemAvailable:    1513648 kB
Buffers:           52784 kB
Cached:           799704 kB
MemTotal:        1844596 kB
MemFree:          766556 kB
MemAvailable:    1512220 kB
Buffers:           52784 kB
Cached:           799704 kB
MemTotal:        1844596 kB
MemFree:          766688 kB
MemAvailable:    1512352 kB
Buffers:           52784 kB
Cached:           799704 kB
MemTotal:        1844596 kB
MemFree:          767488 kB
MemAvailable:    1513152 kB
Buffers:           52784 kB
Cached:           799704 kB
MemTotal:        1844596 kB
MemFree:          766372 kB
MemAvailable:    1512036 kB
Buffers:           52784 kB
Cached:           799704 kB
MemTotal:        1844596 kB
MemFree:          765656 kB
MemAvailable:    1511320 kB
Buffers:           52784 kB
Cached:           799704 kB
MemTotal:        1844596 kB
MemFree:          766944 kB
MemAvailable:    1512608 kB
Buffers:           52784 kB
Cached:           799704 kB
MemTotal:        1844596 kB
MemFree:          767164 kB
MemAvailable:    1512828 kB
Buffers:           52784 kB
Cached:           799704 kB
MemTotal:        1844596 kB
MemFree:          765732 kB
MemAvailable:    1511396 kB
Buffers:           52784 kB
Cached:           799704 kB
MemTotal:        1844596 kB
MemFree:          767024 kB
MemAvailable:    1512688 kB
Buffers:           52784 kB
Cached:           799704 kB
MemTotal:        1844596 kB
MemFree:          767048 kB
MemAvailable:    1512712 kB
Buffers:           52784 kB
Cached:           799704 kB
MemTotal:        1844596 kB
MemFree:          766628 kB
MemAvailable:    1512292 kB
Buffers:           52784 kB
Cached:           799704 kB
MemTotal:        1844596 kB
MemFree:          766804 kB
MemAvailable:    1512468 kB
Buffers:           52784 kB
Cached:           799704 kB
MemTotal:        1844596 kB
MemFree:          767140 kB
MemAvailable:    1512804 kB
Buffers:           52784 kB
Cached:           799704 kB
MemTotal:        1844596 kB
MemFree:          766932 kB
MemAvailable:    1512596 kB
Buffers:           52784 kB
Cached:           799704 kB
MemTotal:        1844596 kB
MemFree:          767184 kB
MemAvailable:    1512848 kB
Buffers:           52784 kB
Cached:           799704 kB
MemTotal:        1844596 kB
MemFree:          765612 kB
MemAvailable:    1511276 kB
Buffers:           52784 kB
Cached:           799704 kB
MemTotal:        1844596 kB
MemFree:          766912 kB
MemAvailable:    1512576 kB
Buffers:           52784 kB
Cached:           799704 kB
MemTotal:        1844596 kB
MemFree:          765628 kB
MemAvailable:    1511292 kB
Buffers:           52784 kB
Cached:           799704 kB
MemTotal:        1844596 kB
MemFree:          766240 kB
MemAvailable:    1511908 kB
Buffers:           52784 kB
Cached:           799708 kB
MemTotal:        1844596 kB
MemFree:          766496 kB
MemAvailable:    1512164 kB
Buffers:           52784 kB
Cached:           799708 kB
MemTotal:        1844596 kB
MemFree:          765968 kB
MemAvailable:    1511636 kB
Buffers:           52784 kB
Cached:           799708 kB
MemTotal:        1844596 kB
MemFree:          766220 kB
MemAvailable:    1511888 kB
Buffers:           52784 kB
Cached:           799708 kB
MemTotal:        1844596 kB
MemFree:          766048 kB
MemAvailable:    1511716 kB
Buffers:           52784 kB
Cached:           799708 kB
MemTotal:        1844596 kB
MemFree:          765628 kB
MemAvailable:    1511296 kB
Buffers:           52784 kB
Cached:           799708 kB
MemTotal:        1844596 kB
MemFree:          764696 kB
MemAvailable:    1510364 kB
Buffers:           52784 kB
Cached:           799708 kB
MemTotal:        1844596 kB
MemFree:          764696 kB
MemAvailable:    1510364 kB
Buffers:           52784 kB
Cached:           799708 kB
MemTotal:        1844596 kB
MemFree:          765380 kB
MemAvailable:    1511048 kB
Buffers:           52784 kB
Cached:           799708 kB
MemTotal:        1844596 kB
MemFree:          766132 kB
MemAvailable:    1511800 kB
Buffers:           52784 kB
Cached:           799708 kB
MemTotal:        1844596 kB
MemFree:          766060 kB
MemAvailable:    1511728 kB
Buffers:           52784 kB
Cached:           799708 kB
MemTotal:        1844596 kB
MemFree:          766008 kB
MemAvailable:    1511676 kB
Buffers:           52784 kB
Cached:           799708 kB
MemTotal:        1844596 kB
MemFree:          765132 kB
MemAvailable:    1510800 kB
Buffers:           52784 kB
Cached:           799708 kB
MemTotal:        1844596 kB
MemFree:          762900 kB
MemAvailable:    1508568 kB
Buffers:           52784 kB
Cached:           799708 kB
MemTotal:        1844596 kB
MemFree:          761164 kB
MemAvailable:    1506832 kB
Buffers:           52784 kB
Cached:           799708 kB
MemTotal:        1844596 kB
MemFree:          759552 kB
MemAvailable:    1505220 kB
Buffers:           52784 kB
Cached:           799708 kB
MemTotal:        1844596 kB
MemFree:          757568 kB
MemAvailable:    1503236 kB
Buffers:           52784 kB
Cached:           799708 kB
MemTotal:        1844596 kB
MemFree:          758436 kB
MemAvailable:    1504108 kB
Buffers:           52784 kB
Cached:           799712 kB
MemTotal:        1844596 kB
MemFree:          758240 kB
MemAvailable:    1503912 kB
Buffers:           52784 kB
Cached:           799712 kB
MemTotal:        1844596 kB
MemFree:          758192 kB
MemAvailable:    1503864 kB
Buffers:           52784 kB
Cached:           799712 kB
MemTotal:        1844596 kB
MemFree:          758124 kB
MemAvailable:    1503796 kB
Buffers:           52784 kB
Cached:           799712 kB
MemTotal:        1844596 kB
MemFree:          758312 kB
MemAvailable:    1503984 kB
Buffers:           52784 kB
Cached:           799712 kB
MemTotal:        1844596 kB
MemFree:          757064 kB
MemAvailable:    1502736 kB
Buffers:           52784 kB
Cached:           799712 kB
MemTotal:        1844596 kB
MemFree:          758140 kB
MemAvailable:    1503812 kB
Buffers:           52784 kB
Cached:           799712 kB
MemTotal:        1844596 kB
MemFree:          758196 kB
MemAvailable:    1503868 kB
Buffers:           52784 kB
Cached:           799712 kB
MemTotal:        1844596 kB
MemFree:          758140 kB
MemAvailable:    1503812 kB
Buffers:           52784 kB
Cached:           799712 kB
MemTotal:        1844596 kB
MemFree:          758136 kB
MemAvailable:    1503808 kB
Buffers:           52784 kB
Cached:           799712 kB
MemTotal:        1844596 kB
MemFree:          757444 kB
MemAvailable:    1503116 kB
Buffers:           52784 kB
Cached:           799712 kB
MemTotal:        1844596 kB
MemFree:          758044 kB
MemAvailable:    1503716 kB
Buffers:           52784 kB
Cached:           799712 kB
MemTotal:        1844596 kB
MemFree:          758300 kB
MemAvailable:    1503972 kB
Buffers:           52784 kB
Cached:           799712 kB
MemTotal:        1844596 kB
MemFree:          756888 kB
MemAvailable:    1502560 kB
Buffers:           52784 kB
Cached:           799712 kB
MemTotal:        1844596 kB
MemFree:          757932 kB
MemAvailable:    1503604 kB
Buffers:           52784 kB
Cached:           799712 kB
MemTotal:        1844596 kB
MemFree:          757504 kB
MemAvailable:    1503176 kB
Buffers:           52784 kB
Cached:           799712 kB
MemTotal:        1844596 kB
MemFree:          757540 kB
MemAvailable:    1503212 kB
Buffers:           52784 kB
Cached:           799712 kB
MemTotal:        1844596 kB
MemFree:          756900 kB
MemAvailable:    1502572 kB
Buffers:           52784 kB
Cached:           799712 kB
MemTotal:        1844596 kB
MemFree:          756460 kB
MemAvailable:    1502132 kB
Buffers:           52784 kB
Cached:           799712 kB
MemTotal:        1844596 kB
MemFree:          756628 kB
MemAvailable:    1502300 kB
Buffers:           52784 kB
Cached:           799712 kB
MemTotal:        1844596 kB
MemFree:          756428 kB
MemAvailable:    1502100 kB
Buffers:           52784 kB
Cached:           799712 kB
MemTotal:        1844596 kB
MemFree:          755320 kB
MemAvailable:    1500992 kB
Buffers:           52784 kB
Cached:           799712 kB
MemTotal:        1844596 kB
MemFree:          755460 kB
MemAvailable:    1501132 kB
Buffers:           52784 kB
Cached:           799712 kB
MemTotal:        1844596 kB
MemFree:          754088 kB
MemAvailable:    1499760 kB
Buffers:           52784 kB
Cached:           799712 kB
MemTotal:        1844596 kB
MemFree:          753916 kB
MemAvailable:    1499588 kB
Buffers:           52784 kB
Cached:           799712 kB
MemTotal:        1844596 kB
MemFree:          754576 kB
MemAvailable:    1500248 kB
Buffers:           52784 kB
Cached:           799712 kB
MemTotal:        1844596 kB
MemFree:          754576 kB
MemAvailable:    1500248 kB
Buffers:           52784 kB
Cached:           799712 kB
MemTotal:        1844596 kB
MemFree:          753296 kB
MemAvailable:    1498968 kB
Buffers:           52784 kB
Cached:           799712 kB
MemTotal:        1844596 kB
MemFree:          754472 kB
MemAvailable:    1500144 kB
Buffers:           52784 kB
Cached:           799712 kB
MemTotal:        1844596 kB
MemFree:          753476 kB
MemAvailable:    1499148 kB
Buffers:           52784 kB
Cached:           799712 kB
MemTotal:        1844596 kB
MemFree:          754208 kB
MemAvailable:    1499880 kB
Buffers:           52784 kB
Cached:           799712 kB
MemTotal:        1844596 kB
MemFree:          754088 kB
MemAvailable:    1499760 kB
Buffers:           52784 kB
Cached:           799712 kB
MemTotal:        1844596 kB
MemFree:          754344 kB
MemAvailable:    1500016 kB
Buffers:           52784 kB
Cached:           799712 kB
MemTotal:        1844596 kB
MemFree:          752924 kB
MemAvailable:    1498596 kB
Buffers:           52784 kB
Cached:           799712 kB
MemTotal:        1844596 kB
MemFree:          754360 kB
MemAvailable:    1500032 kB
Buffers:           52784 kB
Cached:           799712 kB
MemTotal:        1844596 kB
MemFree:          754204 kB
MemAvailable:    1499876 kB
Buffers:           52784 kB
Cached:           799712 kB
MemTotal:        1844596 kB
MemFree:          754152 kB
MemAvailable:    1499824 kB
Buffers:           52784 kB
Cached:           799712 kB
MemTotal:        1844596 kB
MemFree:          754096 kB
MemAvailable:    1499768 kB
Buffers:           52784 kB
Cached:           799712 kB
MemTotal:        1844596 kB
MemFree:          752724 kB
MemAvailable:    1498396 kB
Buffers:           52784 kB
Cached:           799712 kB
MemTotal:        1844596 kB
MemFree:          752468 kB
MemAvailable:    1498140 kB
Buffers:           52784 kB
Cached:           799712 kB
MemTotal:        1844596 kB
MemFree:          748880 kB
MemAvailable:    1494552 kB
Buffers:           52784 kB
Cached:           799712 kB
MemTotal:        1844596 kB
MemFree:          749216 kB
MemAvailable:    1494888 kB
Buffers:           52784 kB
Cached:           799712 kB
MemTotal:        1844596 kB
MemFree:          748748 kB
MemAvailable:    1494420 kB
Buffers:           52784 kB
Cached:           799712 kB
MemTotal:        1844596 kB
MemFree:          748748 kB
MemAvailable:    1494420 kB
Buffers:           52784 kB
Cached:           799712 kB
MemTotal:        1844596 kB
MemFree:          748512 kB
MemAvailable:    1494184 kB
Buffers:           52784 kB
Cached:           799712 kB
MemTotal:        1844596 kB
MemFree:          747524 kB
MemAvailable:    1493196 kB
Buffers:           52784 kB
Cached:           799712 kB
MemTotal:        1844596 kB
MemFree:          748388 kB
MemAvailable:    1494060 kB
Buffers:           52784 kB
Cached:           799712 kB
MemTotal:        1844596 kB
MemFree:          747132 kB
MemAvailable:    1492804 kB
Buffers:           52784 kB
Cached:           799712 kB
MemTotal:        1844596 kB
MemFree:          747084 kB
MemAvailable:    1492756 kB
Buffers:           52784 kB
Cached:           799712 kB
MemTotal:        1844596 kB
MemFree:          748236 kB
MemAvailable:    1493908 kB
Buffers:           52784 kB
Cached:           799712 kB
MemTotal:        1844596 kB
MemFree:          747924 kB
MemAvailable:    1493596 kB
Buffers:           52784 kB
Cached:           799712 kB
MemTotal:        1844596 kB
MemFree:          748260 kB
MemAvailable:    1493932 kB
Buffers:           52784 kB
Cached:           799712 kB
MemTotal:        1844596 kB
MemFree:          746852 kB
MemAvailable:    1492524 kB
Buffers:           52784 kB
Cached:           799712 kB
MemTotal:        1844596 kB
MemFree:          748160 kB
MemAvailable:    1493832 kB
Buffers:           52784 kB
Cached:           799712 kB
MemTotal:        1844596 kB
MemFree:          747960 kB
MemAvailable:    1493632 kB
Buffers:           52784 kB
Cached:           799712 kB
MemTotal:        1844596 kB
MemFree:          748128 kB
MemAvailable:    1493800 kB
Buffers:           52784 kB
Cached:           799712 kB
MemTotal:        1844596 kB
MemFree:          747708 kB
MemAvailable:    1493380 kB
Buffers:           52784 kB
Cached:           799712 kB
MemTotal:        1844596 kB
MemFree:          747876 kB
MemAvailable:    1493548 kB
Buffers:           52784 kB
Cached:           799712 kB
MemTotal:        1844596 kB
MemFree:          745664 kB
MemAvailable:    1491336 kB
Buffers:           52784 kB
Cached:           799712 kB
MemTotal:        1844596 kB
MemFree:          745168 kB
MemAvailable:    1490840 kB
Buffers:           52784 kB
Cached:           799712 kB
MemTotal:        1844596 kB
MemFree:          744904 kB
MemAvailable:    1490576 kB
Buffers:           52784 kB
Cached:           799712 kB
MemTotal:        1844596 kB
MemFree:          745240 kB
MemAvailable:    1490912 kB
Buffers:           52784 kB
Cached:           799712 kB
MemTotal:        1844596 kB
MemFree:          744912 kB
MemAvailable:    1490584 kB
Buffers:           52784 kB
Cached:           799712 kB
MemTotal:        1844596 kB
MemFree:          743928 kB
MemAvailable:    1489600 kB
Buffers:           52784 kB
Cached:           799712 kB
MemTotal:        1844596 kB
MemFree:          744968 kB
MemAvailable:    1490640 kB
Buffers:           52784 kB
Cached:           799712 kB
MemTotal:        1844596 kB
MemFree:          744856 kB
MemAvailable:    1490528 kB
Buffers:           52784 kB
Cached:           799712 kB
MemTotal:        1844596 kB
MemFree:          746824 kB
MemAvailable:    1492496 kB
Buffers:           52784 kB
Cached:           799712 kB
MemTotal:        1844596 kB
MemFree:          745540 kB
MemAvailable:    1491212 kB
Buffers:           52784 kB
Cached:           799712 kB
MemTotal:        1844596 kB
MemFree:          746648 kB
MemAvailable:    1492488 kB
Buffers:           52784 kB
Cached:           799836 kB
MemTotal:        1844596 kB
MemFree:          746732 kB
MemAvailable:    1492572 kB
Buffers:           52784 kB
Cached:           799836 kB
MemTotal:        1844596 kB
MemFree:          746584 kB
MemAvailable:    1492592 kB
Buffers:           52784 kB
Cached:           800084 kB
MemTotal:        1844596 kB
MemFree:          745276 kB
MemAvailable:    1491368 kB
Buffers:           52784 kB
Cached:           800084 kB
MemTotal:        1844596 kB
MemFree:          745292 kB
MemAvailable:    1491468 kB
Buffers:           52784 kB
Cached:           800208 kB
MemTotal:        1844596 kB
MemFree:          746408 kB
MemAvailable:    1492672 kB
Buffers:           52784 kB
Cached:           800336 kB
MemTotal:        1844596 kB
MemFree:          746096 kB
MemAvailable:    1492360 kB
Buffers:           52784 kB
Cached:           800336 kB
MemTotal:        1844596 kB
MemFree:          746096 kB
MemAvailable:    1492360 kB
Buffers:           52784 kB
Cached:           800336 kB
MemTotal:        1844596 kB
MemFree:          746104 kB
MemAvailable:    1492368 kB
Buffers:           52784 kB
Cached:           800336 kB
MemTotal:        1844596 kB
MemFree:          746160 kB
MemAvailable:    1492424 kB
Buffers:           52784 kB
Cached:           800336 kB
MemTotal:        1844596 kB
MemFree:          746196 kB
MemAvailable:    1492460 kB
Buffers:           52784 kB
Cached:           800336 kB
MemTotal:        1844596 kB
MemFree:          746024 kB
MemAvailable:    1492288 kB
Buffers:           52784 kB
Cached:           800336 kB
MemTotal:        1844596 kB
MemFree:          746112 kB
MemAvailable:    1492376 kB
Buffers:           52784 kB
Cached:           800336 kB
MemTotal:        1844596 kB
MemFree:          746020 kB
MemAvailable:    1492284 kB
Buffers:           52784 kB
Cached:           800336 kB
MemTotal:        1844596 kB
MemFree:          746656 kB
MemAvailable:    1492548 kB
Buffers:           52784 kB
Cached:           799920 kB
MemTotal:        1844596 kB
MemFree:          746668 kB
MemAvailable:    1492392 kB
Buffers:           52784 kB
Cached:           799752 kB
MemTotal:        1844596 kB
MemFree:          800424 kB
MemAvailable:    1546148 kB
Buffers:           52784 kB
Cached:           799752 kB
