MemTotal:        1844596 kB
MemFree:          608260 kB
MemAvailable:    1522812 kB
Buffers:           69184 kB
Cached:           936484 kB
MemTotal:        1844596 kB
MemFree:          606184 kB
MemAvailable:    1520744 kB
Buffers:           69184 kB
Cached:           936488 kB
MemTotal:        1844596 kB
MemFree:          605820 kB
MemAvailable:    1520380 kB
Buffers:           69184 kB
Cached:           936488 kB
MemTotal:        1844596 kB
MemFree:          603952 kB
MemAvailable:    1518512 kB
Buffers:           69184 kB
Cached:           936488 kB
MemTotal:        1844596 kB
MemFree:          603596 kB
MemAvailable:    1518156 kB
Buffers:           69184 kB
Cached:           936488 kB
MemTotal:        1844596 kB
MemFree:          603516 kB
MemAvailable:    1518076 kB
Buffers:           69184 kB
Cached:           936488 kB
MemTotal:        1844596 kB
MemFree:          601832 kB
MemAvailable:    1516392 kB
Buffers:           69184 kB
Cached:           936488 kB
MemTotal:        1844596 kB
MemFree:          600364 kB
MemAvailable:    1514924 kB
Buffers:           69184 kB
Cached:           936488 kB
MemTotal:        1844596 kB
MemFree:          595528 kB
MemAvailable:    1510088 kB
Buffers:           69184 kB
Cached:           936488 kB
MemTotal:        1844596 kB
MemFree:          594140 kB
MemAvailable:    1508700 kB
Buffers:           69184 kB
Cached:           936488 kB
MemTotal:        1844596 kB
MemFree:          592752 kB
MemAvailable:    1507312 kB
Buffers:           69184 kB
Cached:           936488 kB
MemTotal:        1844596 kB
MemFree:          594032 kB
MemAvailable:    1508592 kB
Buffers:           69184 kB
Cached:           936488 kB
MemTotal:        1844596 kB
MemFree:          594284 kB
MemAvailable:    1508844 kB
Buffers:           69184 kB
Cached:           936488 kB
MemTotal:        1844596 kB
MemFree:          593908 kB
MemAvailable:    1508468 kB
Buffers:           69184 kB
Cached:           936488 kB
MemTotal:        1844596 kB
MemFree:          593860 kB
MemAvailable:    1508420 kB
Buffers:           69184 kB
Cached:           936488 kB
MemTotal:        1844596 kB
MemFree:          592356 kB
MemAvailable:    1506916 kB
Buffers:           69184 kB
Cached:           936488 kB
MemTotal:        1844596 kB
MemFree:          592180 kB
MemAvailable:    1506740 kB
Buffers:           69184 kB
Cached:           936488 kB
MemTotal:        1844596 kB
MemFree:          591792 kB
MemAvailable:    1506352 kB
Buffers:           69184 kB
Cached:           936488 kB
MemTotal:        1844596 kB
MemFree:          590940 kB
MemAvailable:    1505500 kB
Buffers:           69184 kB
Cached:           936488 kB
MemTotal:        1844596 kB
MemFree:          591600 kB
MemAvailable:    1506160 kB
Buffers:           69184 kB
Cached:           936488 kB
MemTotal:        1844596 kB
MemFree:          591560 kB
MemAvailable:    1506120 kB
Buffers:           69184 kB
Cached:           936488 kB
MemTotal:        1844596 kB
MemFree:          591420 kB
MemAvailable:    1505980 kB
Buffers:           69184 kB
Cached:           936488 kB
MemTotal:        1844596 kB
MemFree:          591672 kB
MemAvailable:    1506232 kB
Buffers:           69184 kB
Cached:           936488 kB
MemTotal:        1844596 kB
MemFree:          590256 kB
MemAvailable:    1504816 kB
Buffers:           69184 kB
Cached:           936488 kB
MemTotal:        1844596 kB
MemFree:          590256 kB
MemAvailable:    1504816 kB
Buffers:           69184 kB
Cached:           936488 kB
MemTotal:        1844596 kB
MemFree:          591540 kB
MemAvailable:    1506100 kB
Buffers:           69184 kB
Cached:           936488 kB
MemTotal:        1844596 kB
MemFree:          591540 kB
MemAvailable:    1506100 kB
Buffers:           69184 kB
Cached:           936488 kB
MemTotal:        1844596 kB
MemFree:          591524 kB
MemAvailable:    1506084 kB
Buffers:           69184 kB
Cached:           936488 kB
MemTotal:        1844596 kB
MemFree:          591188 kB
MemAvailable:    1505748 kB
Buffers:           69184 kB
Cached:           936488 kB
MemTotal:        1844596 kB
MemFree:          589072 kB
MemAvailable:    1503632 kB
Buffers:           69184 kB
Cached:           936488 kB
MemTotal:        1844596 kB
MemFree:          588452 kB
MemAvailable:    1503012 kB
Buffers:           69184 kB
Cached:           936488 kB
MemTotal:        1844596 kB
MemFree:          588568 kB
MemAvailable:    1503128 kB
Buffers:           69184 kB
Cached:           936488 kB
MemTotal:        1844596 kB
MemFree:          587716 kB
MemAvailable:    1502276 kB
Buffers:           69184 kB
Cached:           936488 kB
MemTotal:        1844596 kB
MemFree:          587032 kB
MemAvailable:    1501592 kB
Buffers:           69184 kB
Cached:           936488 kB
MemTotal:        1844596 kB
MemFree:          587156 kB
MemAvailable:    1501716 kB
Buffers:           69184 kB
Cached:           936488 kB
MemTotal:        1844596 kB
MemFree:          587776 kB
MemAvailable:    1502336 kB
Buffers:           69184 kB
Cached:           936488 kB
MemTotal:        1844596 kB
MemFree:          587460 kB
MemAvailable:    1502020 kB
Buffers:           69184 kB
Cached:           936488 kB
MemTotal:        1844596 kB
MemFree:          587460 kB
MemAvailable:    1502020 kB
Buffers:           69184 kB
Cached:           936488 kB
MemTotal:        1844596 kB
MemFree:          587460 kB
MemAvailable:    1502020 kB
Buffers:           69184 kB
Cached:           936488 kB
MemTotal:        1844596 kB
MemFree:          587148 kB
MemAvailable:    1501708 kB
Buffers:           69184 kB
Cached:           936488 kB
MemTotal:        1844596 kB
MemFree:          587096 kB
MemAvailable:    1501656 kB
Buffers:           69184 kB
Cached:           936488 kB
MemTotal:        1844596 kB
MemFree:          585792 kB
MemAvailable:    1500352 kB
Buffers:           69184 kB
Cached:           936488 kB
MemTotal:        1844596 kB
MemFree:          585468 kB
MemAvailable:    1500028 kB
Buffers:           69184 kB
Cached:           936488 kB
MemTotal:        1844596 kB
MemFree:          585608 kB
MemAvailable:    1500168 kB
Buffers:           69184 kB
Cached:           936488 kB
MemTotal:        1844596 kB
MemFree:          584848 kB
MemAvailable:    1499408 kB
Buffers:           69184 kB
Cached:           936488 kB
MemTotal:        1844596 kB
MemFree:          586524 kB
MemAvailable:    1501084 kB
Buffers:           69184 kB
Cached:           936488 kB
MemTotal:        1844596 kB
MemFree:          586496 kB
MemAvailable:    1501056 kB
Buffers:           69184 kB
Cached:           936488 kB
MemTotal:        1844596 kB
MemFree:          586344 kB
MemAvailable:    1500904 kB
Buffers:           69184 kB
Cached:           936488 kB
MemTotal:        1844596 kB
MemFree:          586344 kB
MemAvailable:    1500904 kB
Buffers:           69184 kB
Cached:           936488 kB
MemTotal:        1844596 kB
MemFree:          586476 kB
MemAvailable:    1501036 kB
Buffers:           69184 kB
Cached:           936488 kB
MemTotal:        1844596 kB
MemFree:          585352 kB
MemAvailable:    1499912 kB
Buffers:           69184 kB
Cached:           936488 kB
MemTotal:        1844596 kB
MemFree:          586404 kB
MemAvailable:    1500964 kB
Buffers:           69184 kB
Cached:           936488 kB
MemTotal:        1844596 kB
MemFree:          586356 kB
MemAvailable:    1500916 kB
Buffers:           69184 kB
Cached:           936488 kB
MemTotal:        1844596 kB
MemFree:          585216 kB
MemAvailable:    1499776 kB
Buffers:           69184 kB
Cached:           936488 kB
MemTotal:        1844596 kB
MemFree:          585112 kB
MemAvailable:    1499676 kB
Buffers:           69184 kB
Cached:           936492 kB
MemTotal:        1844596 kB
MemFree:          586344 kB
MemAvailable:    1500908 kB
Buffers:           69184 kB
Cached:           936492 kB
MemTotal:        1844596 kB
MemFree:          585104 kB
MemAvailable:    1499668 kB
Buffers:           69184 kB
Cached:           936492 kB
MemTotal:        1844596 kB
MemFree:          584608 kB
MemAvailable:    1499172 kB
Buffers:           69184 kB
Cached:           936492 kB
MemTotal:        1844596 kB
MemFree:          584856 kB
MemAvailable:    1499420 kB
Buffers:           69184 kB
Cached:           936492 kB
MemTotal:        1844596 kB
MemFree:          585592 kB
MemAvailable:    1500156 kB
Buffers:           69184 kB
Cached:           936492 kB
MemTotal:        1844596 kB
MemFree:          585484 kB
MemAvailable:    1500048 kB
Buffers:           69184 kB
Cached:           936492 kB
MemTotal:        1844596 kB
MemFree:          585472 kB
MemAvailable:    1500036 kB
Buffers:           69184 kB
Cached:           936492 kB
MemTotal:        1844596 kB
MemFree:          584216 kB
MemAvailable:    1498780 kB
Buffers:           69184 kB
Cached:           936492 kB
MemTotal:        1844596 kB
MemFree:          585344 kB
MemAvailable:    1499908 kB
Buffers:           69184 kB
Cached:           936492 kB
MemTotal:        1844596 kB
MemFree:          585236 kB
MemAvailable:    1499800 kB
Buffers:           69184 kB
Cached:           936492 kB
MemTotal:        1844596 kB
MemFree:          585356 kB
MemAvailable:    1499920 kB
Buffers:           69184 kB
Cached:           936492 kB
MemTotal:        1844596 kB
MemFree:          585284 kB
MemAvailable:    1499848 kB
Buffers:           69184 kB
Cached:           936492 kB
MemTotal:        1844596 kB
MemFree:          585284 kB
MemAvailable:    1499848 kB
Buffers:           69184 kB
Cached:           936492 kB
MemTotal:        1844596 kB
MemFree:          582128 kB
MemAvailable:    1496692 kB
Buffers:           69184 kB
Cached:           936492 kB
MemTotal:        1844596 kB
MemFree:          580956 kB
MemAvailable:    1495520 kB
Buffers:           69184 kB
Cached:           936492 kB
MemTotal:        1844596 kB
MemFree:          578028 kB
MemAvailable:    1492592 kB
Buffers:           69184 kB
Cached:           936492 kB
MemTotal:        1844596 kB
MemFree:          578028 kB
MemAvailable:    1492592 kB
Buffers:           69184 kB
Cached:           936492 kB
MemTotal:        1844596 kB
MemFree:          577600 kB
MemAvailable:    1492164 kB
Buffers:           69184 kB
Cached:           936492 kB
MemTotal:        1844596 kB
MemFree:          577936 kB
MemAvailable:    1492500 kB
Buffers:           69184 kB
Cached:           936492 kB
MemTotal:        1844596 kB
MemFree:          577476 kB
MemAvailable:    1492040 kB
Buffers:           69184 kB
Cached:           936492 kB
MemTotal:        1844596 kB
MemFree:          577728 kB
MemAvailable:    1492292 kB
Buffers:           69184 kB
Cached:           936492 kB
MemTotal:        1844596 kB
MemFree:          577236 kB
MemAvailable:    1491800 kB
Buffers:           69184 kB
Cached:           936492 kB
MemTotal:        1844596 kB
MemFree:          577572 kB
MemAvailable:    1492136 kB
Buffers:           69184 kB
Cached:           936492 kB
MemTotal:        1844596 kB
MemFree:          577244 kB
MemAvailable:    1491808 kB
Buffers:           69184 kB
Cached:           936492 kB
MemTotal:        1844596 kB
MemFree:          577536 kB
MemAvailable:    1492100 kB
Buffers:           69184 kB
Cached:           936492 kB
MemTotal:        1844596 kB
MemFree:          577476 kB
MemAvailable:    1492040 kB
Buffers:           69184 kB
Cached:           936492 kB
MemTotal:        1844596 kB
MemFree:          577756 kB
MemAvailable:    1492320 kB
Buffers:           69184 kB
Cached:           936492 kB
MemTotal:        1844596 kB
MemFree:          576804 kB
MemAvailable:    1491368 kB
Buffers:           69184 kB
Cached:           936492 kB
MemTotal:        1844596 kB
MemFree:          577532 kB
MemAvailable:    1492096 kB
Buffers:           69184 kB
Cached:           936492 kB
MemTotal:        1844596 kB
MemFree:          577868 kB
MemAvailable:    1492432 kB
Buffers:           69184 kB
Cached:           936492 kB
MemTotal:        1844596 kB
MemFree:          576416 kB
MemAvailable:    1490980 kB
Buffers:           69184 kB
Cached:           936492 kB
MemTotal:        1844596 kB
MemFree:          576788 kB
MemAvailable:    1491352 kB
Buffers:           69184 kB
Cached:           936492 kB
MemTotal:        1844596 kB
MemFree:          577124 kB
MemAvailable:    1491688 kB
Buffers:           69184 kB
Cached:           936492 kB
MemTotal:        1844596 kB
MemFree:          575564 kB
MemAvailable:    1490128 kB
Buffers:           69184 kB
Cached:           936492 kB
MemTotal:        1844596 kB
MemFree:          575796 kB
MemAvailable:    1490360 kB
Buffers:           69184 kB
Cached:           936492 kB
MemTotal:        1844596 kB
MemFree:          575936 kB
MemAvailable:    1490500 kB
Buffers:           69184 kB
Cached:           936492 kB
MemTotal:        1844596 kB
MemFree:          575492 kB
MemAvailable:    1490056 kB
Buffers:           69184 kB
Cached:           936492 kB
MemTotal:        1844596 kB
MemFree:          575828 kB
MemAvailable:    1490392 kB
Buffers:           69184 kB
Cached:           936492 kB
MemTotal:        1844596 kB
MemFree:          573820 kB
MemAvailable:    1488384 kB
Buffers:           69184 kB
Cached:           936492 kB
MemTotal:        1844596 kB
MemFree:          574756 kB
MemAvailable:    1489320 kB
Buffers:           69184 kB
Cached:           936492 kB
MemTotal:        1844596 kB
MemFree:          572712 kB
MemAvailable:    1487276 kB
Buffers:           69184 kB
Cached:           936492 kB
MemTotal:        1844596 kB
MemFree:          574012 kB
MemAvailable:    1488576 kB
Buffers:           69184 kB
Cached:           936492 kB
MemTotal:        1844596 kB
MemFree:          573764 kB
MemAvailable:    1488328 kB
Buffers:           69184 kB
Cached:           936492 kB
MemTotal:        1844596 kB
MemFree:          573764 kB
MemAvailable:    1488328 kB
Buffers:           69184 kB
Cached:           936492 kB
MemTotal:        1844596 kB
MemFree:          573684 kB
MemAvailable:    1488248 kB
Buffers:           69184 kB
Cached:           936492 kB
MemTotal:        1844596 kB
MemFree:          573712 kB
MemAvailable:    1488276 kB
Buffers:           69184 kB
Cached:           936492 kB
MemTotal:        1844596 kB
MemFree:          573392 kB
MemAvailable:    1487956 kB
Buffers:           69184 kB
Cached:           936492 kB
MemTotal:        1844596 kB
MemFree:          572960 kB
MemAvailable:    1487524 kB
Buffers:           69184 kB
Cached:           936492 kB
MemTotal:        1844596 kB
MemFree:          573316 kB
MemAvailable:    1487880 kB
Buffers:           69184 kB
Cached:           936492 kB
MemTotal:        1844596 kB
MemFree:          573652 kB
MemAvailable:    1488216 kB
Buffers:           69184 kB
Cached:           936492 kB
MemTotal:        1844596 kB
MemFree:          573184 kB
MemAvailable:    1487748 kB
Buffers:           69184 kB
Cached:           936492 kB
MemTotal:        1844596 kB
MemFree:          572960 kB
MemAvailable:    1487524 kB
Buffers:           69184 kB
Cached:           936492 kB
MemTotal:        1844596 kB
MemFree:          571912 kB
MemAvailable:    1486476 kB
Buffers:           69184 kB
Cached:           936492 kB
MemTotal:        1844596 kB
MemFree:          569116 kB
MemAvailable:    1483680 kB
Buffers:           69184 kB
Cached:           936492 kB
MemTotal:        1844596 kB
MemFree:          568364 kB
MemAvailable:    1482928 kB
Buffers:           69184 kB
Cached:           936492 kB
MemTotal:        1844596 kB
MemFree:          568056 kB
MemAvailable:    1482620 kB
Buffers:           69184 kB
Cached:           936492 kB
MemTotal:        1844596 kB
MemFree:          568224 kB
MemAvailable:    1482788 kB
Buffers:           69184 kB
Cached:           936492 kB
MemTotal:        1844596 kB
MemFree:          566696 kB
MemAvailable:    1481260 kB
Buffers:           69184 kB
Cached:           936492 kB
MemTotal:        1844596 kB
MemFree:          566572 kB
MemAvailable:    1481136 kB
Buffers:           69184 kB
Cached:           936492 kB
MemTotal:        1844596 kB
MemFree:          567672 kB
MemAvailable:    1482236 kB
Buffers:           69184 kB
Cached:           936492 kB
MemTotal:        1844596 kB
MemFree:          567756 kB
MemAvailable:    1482320 kB
Buffers:           69184 kB
Cached:           936492 kB
MemTotal:        1844596 kB
MemFree:          567432 kB
MemAvailable:    1481996 kB
Buffers:           69184 kB
Cached:           936492 kB
MemTotal:        1844596 kB
MemFree:          567768 kB
MemAvailable:    1482332 kB
Buffers:           69184 kB
Cached:           936492 kB
MemTotal:        1844596 kB
MemFree:          567300 kB
MemAvailable:    1481864 kB
Buffers:           69184 kB
Cached:           936492 kB
MemTotal:        1844596 kB
MemFree:          567376 kB
MemAvailable:    1481940 kB
Buffers:           69184 kB
Cached:           936492 kB
MemTotal:        1844596 kB
MemFree:          566104 kB
MemAvailable:    1480668 kB
Buffers:           69184 kB
Cached:           936492 kB
MemTotal:        1844596 kB
MemFree:          565520 kB
MemAvailable:    1480084 kB
Buffers:           69184 kB
Cached:           936492 kB
MemTotal:        1844596 kB
MemFree:          564636 kB
MemAvailable:    1479200 kB
Buffers:           69184 kB
Cached:           936492 kB
MemTotal:        1844596 kB
MemFree:          564972 kB
MemAvailable:    1479536 kB
Buffers:           69184 kB
Cached:           936492 kB
MemTotal:        1844596 kB
MemFree:          564512 kB
MemAvailable:    1479076 kB
Buffers:           69184 kB
Cached:           936492 kB
MemTotal:        1844596 kB
MemFree:          564288 kB
MemAvailable:    1478852 kB
Buffers:           69184 kB
Cached:           936492 kB
MemTotal:        1844596 kB
MemFree:          564332 kB
MemAvailable:    1478896 kB
Buffers:           69184 kB
Cached:           936492 kB
MemTotal:        1844596 kB
MemFree:          564588 kB
MemAvailable:    1479152 kB
Buffers:           69184 kB
Cached:           936492 kB
MemTotal:        1844596 kB
MemFree:          565316 kB
MemAvailable:    1479880 kB
Buffers:           69184 kB
Cached:           936492 kB
MemTotal:        1844596 kB
MemFree:          565272 kB
MemAvailable:    1479836 kB
Buffers:           69184 kB
Cached:           936492 kB
MemTotal:        1844596 kB
MemFree:          566380 kB
MemAvailable:    1481124 kB
Buffers:           69184 kB
Cached:           936660 kB
MemTotal:        1844596 kB
MemFree:          566464 kB
MemAvailable:    1481208 kB
Buffers:           69184 kB
Cached:           936660 kB
MemTotal:        1844596 kB
MemFree:          564884 kB
MemAvailable:    1479712 kB
Buffers:           69184 kB
Cached:           936784 kB
MemTotal:        1844596 kB
MemFree:          566132 kB
MemAvailable:    1481128 kB
Buffers:           69184 kB
Cached:           936908 kB
MemTotal:        1844596 kB
MemFree:          565936 kB
MemAvailable:    1481016 kB
Buffers:           69184 kB
Cached:           937032 kB
MemTotal:        1844596 kB
MemFree:          564900 kB
MemAvailable:    1480064 kB
Buffers:           69184 kB
Cached:           937032 kB
MemTotal:        1844596 kB
MemFree:          565616 kB
MemAvailable:    1480780 kB
Buffers:           69184 kB
Cached:           937032 kB
MemTotal:        1844596 kB
MemFree:          565784 kB
MemAvailable:    1480948 kB
Buffers:           69184 kB
Cached:           937032 kB
MemTotal:        1844596 kB
MemFree:          565824 kB
MemAvailable:    1480988 kB
Buffers:           69184 kB
Cached:           937156 kB
MemTotal:        1844596 kB
MemFree:          565388 kB
MemAvailable:    1480428 kB
Buffers:           69184 kB
Cached:           937156 kB
MemTotal:        1844596 kB
MemFree:          565588 kB
MemAvailable:    1480764 kB
Buffers:           69184 kB
Cached:           937216 kB
MemTotal:        1844596 kB
MemFree:          565844 kB
MemAvailable:    1481020 kB
Buffers:           69184 kB
Cached:           937216 kB
MemTotal:        1844596 kB
MemFree:          565712 kB
MemAvailable:    1480888 kB
Buffers:           69188 kB
Cached:           937212 kB
MemTotal:        1844596 kB
MemFree:          565712 kB
MemAvailable:    1480888 kB
Buffers:           69188 kB
Cached:           937212 kB
MemTotal:        1844596 kB
MemFree:          564936 kB
MemAvailable:    1479524 kB
Buffers:           69188 kB
Cached:           936580 kB
MemTotal:        1844596 kB
MemFree:          603700 kB
MemAvailable:    1518288 kB
Buffers:           69188 kB
Cached:           936580 kB
