MemTotal:        1844596 kB
MemFree:          785640 kB
MemAvailable:    1533228 kB
Buffers:           52936 kB
Cached:           801320 kB
MemTotal:        1844596 kB
MemFree:          784400 kB
MemAvailable:    1531988 kB
Buffers:           52936 kB
Cached:           801320 kB
MemTotal:        1844596 kB
MemFree:          784292 kB
MemAvailable:    1531880 kB
Buffers:           52936 kB
Cached:           801320 kB
MemTotal:        1844596 kB
MemFree:          783052 kB
MemAvailable:    1530640 kB
Buffers:           52936 kB
Cached:           801320 kB
MemTotal:        1844596 kB
MemFree:          782740 kB
MemAvailable:    1530328 kB
Buffers:           52936 kB
Cached:           801320 kB
MemTotal:        1844596 kB
MemFree:          781432 kB
MemAvailable:    1529020 kB
Buffers:           52936 kB
Cached:           801320 kB
MemTotal:        1844596 kB
MemFree:          779640 kB
MemAvailable:    1527228 kB
Buffers:           52936 kB
Cached:           801320 kB
MemTotal:        1844596 kB
MemFree:          776232 kB
MemAvailable:    1523820 kB
Buffers:           52936 kB
Cached:           801320 kB
MemTotal:        1844596 kB
MemFree:          772248 kB
MemAvailable:    1519836 kB
Buffers:           52936 kB
Cached:           801320 kB
MemTotal:        1844596 kB
MemFree:          772332 kB
MemAvailable:    1519920 kB
Buffers:           52936 kB
Cached:           801320 kB
MemTotal:        1844596 kB
MemFree:          771448 kB
MemAvailable:    1519036 kB
Buffers:           52936 kB
Cached:           801320 kB
MemTotal:        1844596 kB
MemFree:          771448 kB
MemAvailable:    1519036 kB
Buffers:           52936 kB
Cached:           801320 kB
MemTotal:        1844596 kB
MemFree:          771732 kB
MemAvailable:    1519320 kB
Buffers:           52936 kB
Cached:           801320 kB
MemTotal:        1844596 kB
MemFree:          771600 kB
MemAvailable:    1519188 kB
Buffers:           52936 kB
Cached:           801320 kB
MemTotal:        1844596 kB
MemFree:          771512 kB
MemAvailable:    1519100 kB
Buffers:           52936 kB
Cached:           801320 kB
MemTotal:        1844596 kB
MemFree:          770776 kB
MemAvailable:    1518364 kB
Buffers:           52936 kB
Cached:           801320 kB
MemTotal:        1844596 kB
MemFree:          770636 kB
MemAvailable:    1518224 kB
Buffers:           52936 kB
Cached:           801320 kB
MemTotal:        1844596 kB
MemFree:          770156 kB
MemAvailable:    1517744 kB
Buffers:           52936 kB
Cached:           801320 kB
MemTotal:        1844596 kB
MemFree:          769224 kB
MemAvailable:    1516812 kB
Buffers:           52936 kB
Cached:           801320 kB
MemTotal:        1844596 kB
MemFree:          769356 kB
MemAvailable:    1516944 kB
Buffers:           52936 kB
Cached:           801320 kB
MemTotal:        1844596 kB
MemFree:          769356 kB
MemAvailable:    1516944 kB
Buffers:           52936 kB
Cached:           801320 kB
MemTotal:        1844596 kB
MemFree:          769232 kB
MemAvailable:    1516820 kB
Buffers:           52936 kB
Cached:           801320 kB
MemTotal:        1844596 kB
MemFree:          769232 kB
MemAvailable:    1516820 kB
Buffers:           52936 kB
Cached:           801320 kB
MemTotal:        1844596 kB
MemFree:          769224 kB
MemAvailable:    1516812 kB
Buffers:           52936 kB
Cached:           801320 kB
MemTotal:        1844596 kB
MemFree:          769356 kB
MemAvailable:    1516944 kB
Buffers:           52936 kB
Cached:           801320 kB
MemTotal:        1844596 kB
MemFree:          770192 kB
MemAvailable:    1517780 kB
Buffers:           52936 kB
Cached:           801320 kB
MemTotal:        1844596 kB
MemFree:          771860 kB
MemAvailable:    1519448 kB
Buffers:           52936 kB
Cached:           801320 kB
MemTotal:        1844596 kB
MemFree:          770148 kB
MemAvailable:    1517736 kB
Buffers:           52936 kB
Cached:           801320 kB
MemTotal:        1844596 kB
MemFree:          767908 kB
MemAvailable:    1515496 kB
Buffers:           52936 kB
Cached:           801320 kB
MemTotal:        1844596 kB
MemFree:          767304 kB
MemAvailable:    1514892 kB
Buffers:           52936 kB
Cached:           801320 kB
MemTotal:        1844596 kB
MemFree:          767480 kB
MemAvailable:    1515068 kB
Buffers:           52936 kB
Cached:           801320 kB
MemTotal:        1844596 kB
MemFree:          767304 kB
MemAvailable:    1514892 kB
Buffers:           52936 kB
Cached:           801320 kB
MemTotal:        1844596 kB
MemFree:          767124 kB
MemAvailable:    1514712 kB
Buffers:           52936 kB
Cached:           801320 kB
MemTotal:        1844596 kB
MemFree:          765752 kB
MemAvailable:    1513340 kB
Buffers:           52936 kB
Cached:           801320 kB
MemTotal:        1844596 kB
MemFree:          764816 kB
MemAvailable:    1512404 kB
Buffers:           52936 kB
Cached:           801320 kB
MemTotal:        1844596 kB
MemFree:          766180 kB
MemAvailable:    1513768 kB
Buffers:           52936 kB
Cached:           801320 kB
MemTotal:        1844596 kB
MemFree:          764768 kB
MemAvailable:    1512356 kB
Buffers:           52936 kB
Cached:           801320 kB
MemTotal:        1844596 kB
MemFree:          766076 kB
MemAvailable:    1513664 kB
Buffers:           52936 kB
Cached:           801320 kB
MemTotal:        1844596 kB
MemFree:          764948 kB
MemAvailable:    1512536 kB
Buffers:           52936 kB
Cached:           801320 kB
MemTotal:        1844596 kB
MemFree:          765768 kB
MemAvailable:    1513360 kB
Buffers:           52936 kB
Cached:           801324 kB
MemTotal:        1844596 kB
MemFree:          766104 kB
MemAvailable:    1513696 kB
Buffers:           52936 kB
Cached:           801324 kB
MemTotal:        1844596 kB
MemFree:          765552 kB
MemAvailable:    1513144 kB
Buffers:           52936 kB
Cached:           801324 kB
MemTotal:        1844596 kB
MemFree:          765452 kB
MemAvailable:    1513044 kB
Buffers:           52936 kB
Cached:           801324 kB
MemTotal:        1844596 kB
MemFree:          765188 kB
MemAvailable:    1512780 kB
Buffers:           52936 kB
Cached:           801324 kB
MemTotal:        1844596 kB
MemFree:          763776 kB
MemAvailable:    1511368 kB
Buffers:           52936 kB
Cached:           801324 kB
MemTotal:        1844596 kB
MemFree:          765120 kB
MemAvailable:    1512712 kB
Buffers:           52936 kB
Cached:           801324 kB
MemTotal:        1844596 kB
MemFree:          763832 kB
MemAvailable:    1511436 kB
Buffers:           52936 kB
Cached:           801332 kB
MemTotal:        1844596 kB
MemFree:          765064 kB
MemAvailable:    1512668 kB
Buffers:           52936 kB
Cached:           801332 kB
MemTotal:        1844596 kB
MemFree:          763832 kB
MemAvailable:    1511436 kB
Buffers:           52936 kB
Cached:           801332 kB
MemTotal:        1844596 kB
MemFree:          764976 kB
MemAvailable:    1512580 kB
Buffers:           52936 kB
Cached:           801332 kB
MemTotal:        1844596 kB
MemFree:          764700 kB
MemAvailable:    1512304 kB
Buffers:           52936 kB
Cached:           801332 kB
MemTotal:        1844596 kB
MemFree:          763644 kB
MemAvailable:    1511248 kB
Buffers:           52936 kB
Cached:           801332 kB
MemTotal:        1844596 kB
MemFree:          765228 kB
MemAvailable:    1512832 kB
Buffers:           52936 kB
Cached:           801332 kB
MemTotal:        1844596 kB
MemFree:          764328 kB
MemAvailable:    1511932 kB
Buffers:           52936 kB
Cached:           801332 kB
MemTotal:        1844596 kB
MemFree:          764684 kB
MemAvailable:    1512288 kB
Buffers:           52936 kB
Cached:           801332 kB
MemTotal:        1844596 kB
MemFree:          764460 kB
MemAvailable:    1512064 kB
Buffers:           52936 kB
Cached:           801332 kB
MemTotal:        1844596 kB
MemFree:          764444 kB
MemAvailable:    1512048 kB
Buffers:           52936 kB
Cached:           801332 kB
MemTotal:        1844596 kB
MemFree:          763328 kB
MemAvailable:    1510932 kB
Buffers:           52936 kB
Cached:           801332 kB
MemTotal:        1844596 kB
MemFree:          764452 kB
MemAvailable:    1512056 kB
Buffers:           52936 kB
Cached:           801332 kB
MemTotal:        1844596 kB
MemFree:          763080 kB
MemAvailable:    1510684 kB
Buffers:           52936 kB
Cached:           801332 kB
MemTotal:        1844596 kB
MemFree:          764064 kB
MemAvailable:    1511668 kB
Buffers:           52936 kB
Cached:           801332 kB
MemTotal:        1844596 kB
MemFree:          763212 kB
MemAvailable:    1510816 kB
Buffers:           52936 kB
Cached:           801332 kB
MemTotal:        1844596 kB
MemFree:          764372 kB
MemAvailable:    1511976 kB
Buffers:           52936 kB
Cached:           801332 kB
MemTotal:        1844596 kB
MemFree:          763088 kB
MemAvailable:    1510692 kB
Buffers:           52936 kB
Cached:           801332 kB
MemTotal:        1844596 kB
MemFree:          763984 kB
MemAvailable:    1511588 kB
Buffers:           52936 kB
Cached:           801332 kB
MemTotal:        1844596 kB
MemFree:          764328 kB
MemAvailable:    1511932 kB
Buffers:           52936 kB
Cached:           801332 kB
MemTotal:        1844596 kB
MemFree:          764120 kB
MemAvailable:    1511724 kB
Buffers:           52936 kB
Cached:           801332 kB
MemTotal:        1844596 kB
MemFree:          763940 kB
MemAvailable:    1511544 kB
Buffers:           52936 kB
Cached:           801332 kB
MemTotal:        1844596 kB
MemFree:          764276 kB
MemAvailable:    1511880 kB
Buffers:           52936 kB
Cached:           801332 kB
MemTotal:        1844596 kB
MemFree:          763960 kB
MemAvailable:    1511564 kB
Buffers:           52936 kB
Cached:           801332 kB
MemTotal:        1844596 kB
MemFree:          762328 kB
MemAvailable:    1509932 kB
Buffers:           52936 kB
Cached:           801332 kB
MemTotal:        1844596 kB
MemFree:          761848 kB
MemAvailable:    1509452 kB
Buffers:           52936 kB
Cached:           801332 kB
MemTotal:        1844596 kB
MemFree:          759544 kB
MemAvailable:    1507148 kB
Buffers:           52936 kB
Cached:           801332 kB
MemTotal:        1844596 kB
MemFree:          757692 kB
MemAvailable:    1505296 kB
Buffers:           52936 kB
Cached:           801332 kB
MemTotal:        1844596 kB
MemFree:          755524 kB
MemAvailable:    1503128 kB
Buffers:           52936 kB
Cached:           801332 kB
MemTotal:        1844596 kB
MemFree:          756392 kB
MemAvailable:    1503996 kB
Buffers:           52936 kB
Cached:           801332 kB
MemTotal:        1844596 kB
MemFree:          755144 kB
MemAvailable:    1502748 kB
Buffers:           52936 kB
Cached:           801332 kB
MemTotal:        1844596 kB
MemFree:          755136 kB
MemAvailable:    1502740 kB
Buffers:           52936 kB
Cached:           801332 kB
MemTotal:        1844596 kB
MemFree:          754888 kB
MemAvailable:    1502492 kB
Buffers:           52936 kB
Cached:           801332 kB
MemTotal:        1844596 kB
MemFree:          756072 kB
MemAvailable:    1503676 kB
Buffers:           52936 kB
Cached:           801332 kB
MemTotal:        1844596 kB
MemFree:          756156 kB
MemAvailable:    1503760 kB
Buffers:           52936 kB
Cached:           801332 kB
MemTotal:        1844596 kB
MemFree:          755988 kB
MemAvailable:    1503592 kB
Buffers:           52936 kB
Cached:           801332 kB
MemTotal:        1844596 kB
MemFree:          755212 kB
MemAvailable:    1502816 kB
Buffers:           52936 kB
Cached:           801332 kB
MemTotal:        1844596 kB
MemFree:          756280 kB
MemAvailable:    1503884 kB
Buffers:           52936 kB
Cached:           801332 kB
MemTotal:        1844596 kB
MemFree:          755400 kB
MemAvailable:    1503004 kB
Buffers:           52936 kB
Cached:           801332 kB
MemTotal:        1844596 kB
MemFree:          756560 kB
MemAvailable:    1504164 kB
Buffers:           52936 kB
Cached:           801332 kB
MemTotal:        1844596 kB
MemFree:          755400 kB
MemAvailable:    1503004 kB
Buffers:           52936 kB
Cached:           801332 kB
MemTotal:        1844596 kB
MemFree:          755964 kB
MemAvailable:    1503568 kB
Buffers:           52936 kB
Cached:           801332 kB
MemTotal:        1844596 kB
MemFree:          756300 kB
MemAvailable:    1503904 kB
Buffers:           52936 kB
Cached:           801332 kB
MemTotal:        1844596 kB
MemFree:          755888 kB
MemAvailable:    1503492 kB
Buffers:           52936 kB
Cached:           801332 kB
MemTotal:        1844596 kB
MemFree:          755888 kB
MemAvailable:    1503492 kB
Buffers:           52936 kB
Cached:           801332 kB
MemTotal:        1844596 kB
MemFree:          755384 kB
MemAvailable:    1502988 kB
Buffers:           52936 kB
Cached:           801332 kB
MemTotal:        1844596 kB
MemFree:          755144 kB
MemAvailable:    1502748 kB
Buffers:           52944 kB
Cached:           801324 kB
MemTotal:        1844596 kB
MemFree:          754144 kB
MemAvailable:    1501748 kB
Buffers:           52948 kB
Cached:           801320 kB
MemTotal:        1844596 kB
MemFree:          754516 kB
MemAvailable:    1502120 kB
Buffers:           52948 kB
Cached:           801320 kB
MemTotal:        1844596 kB
MemFree:          754408 kB
MemAvailable:    1502012 kB
Buffers:           52948 kB
Cached:           801320 kB
MemTotal:        1844596 kB
MemFree:          754220 kB
MemAvailable:    1501824 kB
Buffers:           52948 kB
Cached:           801320 kB
MemTotal:        1844596 kB
MemFree:          753608 kB
MemAvailable:    1501212 kB
Buffers:           52948 kB
Cached:           801320 kB
MemTotal:        1844596 kB
MemFree:          752168 kB
MemAvailable:    1499772 kB
Buffers:           52948 kB
Cached:           801320 kB
MemTotal:        1844596 kB
MemFree:          753416 kB
MemAvailable:    1501020 kB
Buffers:           52948 kB
Cached:           801320 kB
MemTotal:        1844596 kB
MemFree:          752300 kB
MemAvailable:    1499904 kB
Buffers:           52948 kB
Cached:           801320 kB
MemTotal:        1844596 kB
MemFree:          752920 kB
MemAvailable:    1500524 kB
Buffers:           52948 kB
Cached:           801320 kB
MemTotal:        1844596 kB
MemFree:          751424 kB
MemAvailable:    1499028 kB
Buffers:           52948 kB
Cached:           801320 kB
MemTotal:        1844596 kB
MemFree:          752416 kB
MemAvailable:    1500020 kB
Buffers:           52948 kB
Cached:           801320 kB
MemTotal:        1844596 kB
MemFree:          751672 kB
MemAvailable:    1499276 kB
Buffers:           52948 kB
Cached:           801320 kB
MemTotal:        1844596 kB
MemFree:          752728 kB
MemAvailable:    1500352 kB
Buffers:           52948 kB
Cached:           801340 kB
MemTotal:        1844596 kB
MemFree:          752672 kB
MemAvailable:    1500296 kB
Buffers:           52948 kB
Cached:           801340 kB
MemTotal:        1844596 kB
MemFree:          752152 kB
MemAvailable:    1499776 kB
Buffers:           52948 kB
Cached:           801340 kB
MemTotal:        1844596 kB
MemFree:          752152 kB
MemAvailable:    1499776 kB
Buffers:           52948 kB
Cached:           801340 kB
MemTotal:        1844596 kB
MemFree:          752156 kB
MemAvailable:    1499780 kB
Buffers:           52948 kB
Cached:           801340 kB
MemTotal:        1844596 kB
MemFree:          752492 kB
MemAvailable:    1500116 kB
Buffers:           52948 kB
Cached:           801340 kB
MemTotal:        1844596 kB
MemFree:          752276 kB
MemAvailable:    1499900 kB
Buffers:           52948 kB
Cached:           801340 kB
MemTotal:        1844596 kB
MemFree:          752184 kB
MemAvailable:    1499808 kB
Buffers:           52948 kB
Cached:           801340 kB
MemTotal:        1844596 kB
MemFree:          751664 kB
MemAvailable:    1499288 kB
Buffers:           52948 kB
Cached:           801340 kB
MemTotal:        1844596 kB
MemFree:          751060 kB
MemAvailable:    1498684 kB
Buffers:           52948 kB
Cached:           801340 kB
MemTotal:        1844596 kB
MemFree:          747540 kB
MemAvailable:    1495164 kB
Buffers:           52948 kB
Cached:           801340 kB
MemTotal:        1844596 kB
MemFree:          746720 kB
MemAvailable:    1494344 kB
Buffers:           52948 kB
Cached:           801340 kB
MemTotal:        1844596 kB
MemFree:          746732 kB
MemAvailable:    1494356 kB
Buffers:           52948 kB
Cached:           801340 kB
MemTotal:        1844596 kB
MemFree:          745596 kB
MemAvailable:    1493220 kB
Buffers:           52948 kB
Cached:           801340 kB
MemTotal:        1844596 kB
MemFree:          746456 kB
MemAvailable:    1494080 kB
Buffers:           52948 kB
Cached:           801340 kB
MemTotal:        1844596 kB
MemFree:          746792 kB
MemAvailable:    1494416 kB
Buffers:           52948 kB
Cached:           801340 kB
MemTotal:        1844596 kB
MemFree:          746752 kB
MemAvailable:    1494376 kB
Buffers:           52948 kB
Cached:           801340 kB
MemTotal:        1844596 kB
MemFree:          745844 kB
MemAvailable:    1493468 kB
Buffers:           52948 kB
Cached:           801340 kB
MemTotal:        1844596 kB
MemFree:          746216 kB
MemAvailable:    1493844 kB
Buffers:           52948 kB
Cached:           801344 kB
MemTotal:        1844596 kB
MemFree:          746472 kB
MemAvailable:    1494100 kB
Buffers:           52948 kB
Cached:           801344 kB
MemTotal:        1844596 kB
MemFree:          744968 kB
MemAvailable:    1492596 kB
Buffers:           52948 kB
Cached:           801344 kB
MemTotal:        1844596 kB
MemFree:          746084 kB
MemAvailable:    1493712 kB
Buffers:           52948 kB
Cached:           801344 kB
MemTotal:        1844596 kB
MemFree:          746084 kB
MemAvailable:    1493712 kB
Buffers:           52948 kB
Cached:           801344 kB
MemTotal:        1844596 kB
MemFree:          745844 kB
MemAvailable:    1493472 kB
Buffers:           52948 kB
Cached:           801344 kB
MemTotal:        1844596 kB
MemFree:          746100 kB
MemAvailable:    1493728 kB
Buffers:           52948 kB
Cached:           801344 kB
MemTotal:        1844596 kB
MemFree:          745928 kB
MemAvailable:    1493556 kB
Buffers:           52948 kB
Cached:           801344 kB
MemTotal:        1844596 kB
MemFree:          745700 kB
MemAvailable:    1493328 kB
Buffers:           52948 kB
Cached:           801344 kB
MemTotal:        1844596 kB
MemFree:          745700 kB
MemAvailable:    1493328 kB
Buffers:           52948 kB
Cached:           801344 kB
MemTotal:        1844596 kB
MemFree:          744620 kB
MemAvailable:    1492248 kB
Buffers:           52948 kB
Cached:           801344 kB
MemTotal:        1844596 kB
MemFree:          742016 kB
MemAvailable:    1489644 kB
Buffers:           52948 kB
Cached:           801344 kB
MemTotal:        1844596 kB
MemFree:          742820 kB
MemAvailable:    1490448 kB
Buffers:           52948 kB
Cached:           801344 kB
MemTotal:        1844596 kB
MemFree:          742388 kB
MemAvailable:    1490016 kB
Buffers:           52948 kB
Cached:           801344 kB
MemTotal:        1844596 kB
MemFree:          742872 kB
MemAvailable:    1490500 kB
Buffers:           52948 kB
Cached:           801344 kB
MemTotal:        1844596 kB
MemFree:          742560 kB
MemAvailable:    1490188 kB
Buffers:           52948 kB
Cached:           801344 kB
MemTotal:        1844596 kB
MemFree:          742812 kB
MemAvailable:    1490440 kB
Buffers:           52948 kB
Cached:           801344 kB
MemTotal:        1844596 kB
MemFree:          742704 kB
MemAvailable:    1490332 kB
Buffers:           52948 kB
Cached:           801344 kB
MemTotal:        1844596 kB
MemFree:          743380 kB
MemAvailable:    1491008 kB
Buffers:           52948 kB
Cached:           801344 kB
MemTotal:        1844596 kB
MemFree:          743628 kB
MemAvailable:    1491256 kB
Buffers:           52948 kB
Cached:           801344 kB
MemTotal:        1844596 kB
MemFree:          743628 kB
MemAvailable:    1491424 kB
Buffers:           52948 kB
Cached:           801592 kB
MemTotal:        1844596 kB
MemFree:          744860 kB
MemAvailable:    1492740 kB
Buffers:           52948 kB
Cached:           801592 kB
MemTotal:        1844596 kB
MemFree:          744612 kB
MemAvailable:    1492660 kB
Buffers:           52948 kB
Cached:           801840 kB
MemTotal:        1844596 kB
MemFree:          744416 kB
MemAvailable:    1492548 kB
Buffers:           52948 kB
Cached:           801840 kB
MemTotal:        1844596 kB
MemFree:          743256 kB
MemAvailable:    1491472 kB
Buffers:           52948 kB
Cached:           801964 kB
MemTotal:        1844596 kB
MemFree:          744068 kB
MemAvailable:    1492284 kB
Buffers:           52948 kB
Cached:           801964 kB
MemTotal:        1844596 kB
MemFree:          744200 kB
MemAvailable:    1492416 kB
Buffers:           52948 kB
Cached:           801964 kB
MemTotal:        1844596 kB
MemFree:          744028 kB
MemAvailable:    1492244 kB
Buffers:           52948 kB
Cached:           801964 kB
MemTotal:        1844596 kB
MemFree:          744200 kB
MemAvailable:    1492416 kB
Buffers:           52948 kB
Cached:           801964 kB
MemTotal:        1844596 kB
MemFree:          743972 kB
MemAvailable:    1492188 kB
Buffers:           52948 kB
Cached:           801964 kB
MemTotal:        1844596 kB
MemFree:          744308 kB
MemAvailable:    1492524 kB
Buffers:           52948 kB
Cached:           801964 kB
MemTotal:        1844596 kB
MemFree:          743924 kB
MemAvailable:    1492140 kB
Buffers:           52948 kB
Cached:           801964 kB
MemTotal:        1844596 kB
MemFree:          743984 kB
MemAvailable:    1492200 kB
Buffers:           52948 kB
Cached:           801964 kB
MemTotal:        1844596 kB
MemFree:          744588 kB
MemAvailable:    1492216 kB
Buffers:           52948 kB
Cached:           801332 kB
MemTotal:        1844596 kB
MemFree:          744820 kB
MemAvailable:    1492448 kB
Buffers:           52948 kB
Cached:           801332 kB
