MemTotal:        1844596 kB
MemFree:          742984 kB
MemAvailable:    1530752 kB
Buffers:           57188 kB
Cached:           833968 kB
MemTotal:        1844596 kB
MemFree:          743604 kB
MemAvailable:    1531372 kB
Buffers:           57188 kB
Cached:           833968 kB
MemTotal:        1844596 kB
MemFree:          740000 kB
MemAvailable:    1527768 kB
Buffers:           57188 kB
Cached:           833968 kB
MemTotal:        1844596 kB
MemFree:          740264 kB
MemAvailable:    1528032 kB
Buffers:           57188 kB
Cached:           833968 kB
MemTotal:        1844596 kB
MemFree:          739884 kB
MemAvailable:    1527652 kB
Buffers:           57188 kB
Cached:           833968 kB
MemTotal:        1844596 kB
MemFree:          738760 kB
MemAvailable:    1526528 kB
Buffers:           57188 kB
Cached:           833968 kB
MemTotal:        1844596 kB
MemFree:          736040 kB
MemAvailable:    1523808 kB
Buffers:           57188 kB
Cached:           833968 kB
MemTotal:        1844596 kB
MemFree:          732940 kB
MemAvailable:    1520708 kB
Buffers:           57188 kB
Cached:           833968 kB
MemTotal:        1844596 kB
MemFree:          728848 kB
MemAvailable:    1516616 kB
Buffers:           57188 kB
Cached:           833968 kB
MemTotal:        1844596 kB
MemFree:          729796 kB
MemAvailable:    1517564 kB
Buffers:           57188 kB
Cached:           833968 kB
MemTotal:        1844596 kB
MemFree:          730048 kB
MemAvailable:    1517816 kB
Buffers:           57188 kB
Cached:           833968 kB
MemTotal:        1844596 kB
MemFree:          729792 kB
MemAvailable:    1517560 kB
Buffers:           57188 kB
Cached:           833968 kB
MemTotal:        1844596 kB
MemFree:          729996 kB
MemAvailable:    1517764 kB
Buffers:           57188 kB
Cached:           833968 kB
MemTotal:        1844596 kB
MemFree:          729656 kB
MemAvailable:    1517424 kB
Buffers:           57188 kB
Cached:           833968 kB
MemTotal:        1844596 kB
MemFree:          728408 kB
MemAvailable:    1516176 kB
Buffers:           57188 kB
Cached:           833968 kB
MemTotal:        1844596 kB
MemFree:          729772 kB
MemAvailable:    1517540 kB
Buffers:           57188 kB
Cached:           833968 kB
MemTotal:        1844596 kB
MemFree:          726732 kB
MemAvailable:    1514500 kB
Buffers:           57188 kB
Cached:           833968 kB
MemTotal:        1844596 kB
MemFree:          726732 kB
MemAvailable:    1514500 kB
Buffers:           57188 kB
Cached:           833968 kB
MemTotal:        1844596 kB
MemFree:          727536 kB
MemAvailable:    1515304 kB
Buffers:           57188 kB
Cached:           833968 kB
MemTotal:        1844596 kB
MemFree:          726492 kB
MemAvailable:    1514260 kB
Buffers:           57188 kB
Cached:           833968 kB
MemTotal:        1844596 kB
MemFree:          727608 kB
MemAvailable:    1515380 kB
Buffers:           57188 kB
Cached:           833972 kB
MemTotal:        1844596 kB
MemFree:          727404 kB
MemAvailable:    1515176 kB
Buffers:           57188 kB
Cached:           833972 kB
MemTotal:        1844596 kB
MemFree:          727340 kB
MemAvailable:    1515112 kB
Buffers:           57188 kB
Cached:           833972 kB
MemTotal:        1844596 kB
MemFree:          727340 kB
MemAvailable:    1515112 kB
Buffers:           57188 kB
Cached:           833972 kB
MemTotal:        1844596 kB
MemFree:          726072 kB
MemAvailable:    1513844 kB
Buffers:           57188 kB
Cached:           833972 kB
MemTotal:        1844596 kB
MemFree:          728672 kB
MemAvailable:    1516444 kB
Buffers:           57188 kB
Cached:           833972 kB
MemTotal:        1844596 kB
MemFree:          728840 kB
MemAvailable:    1516612 kB
Buffers:           57188 kB
Cached:           833972 kB
MemTotal:        1844596 kB
MemFree:          728604 kB
MemAvailable:    1516376 kB
Buffers:           57188 kB
Cached:           833972 kB
MemTotal:        1844596 kB
MemFree:          727712 kB
MemAvailable:    1515484 kB
Buffers:           57188 kB
Cached:           833972 kB
MemTotal:        1844596 kB
MemFree:          726500 kB
MemAvailable:    1514272 kB
Buffers:           57188 kB
Cached:           833972 kB
MemTotal:        1844596 kB
MemFree:          724740 kB
MemAvailable:    1512512 kB
Buffers:           57188 kB
Cached:           833972 kB
MemTotal:        1844596 kB
MemFree:          725076 kB
MemAvailable:    1512848 kB
Buffers:           57188 kB
Cached:           833972 kB
MemTotal:        1844596 kB
MemFree:          724136 kB
MemAvailable:    1511908 kB
Buffers:           57188 kB
Cached:           833972 kB
MemTotal:        1844596 kB
MemFree:          722764 kB
MemAvailable:    1510536 kB
Buffers:           57188 kB
Cached:           833972 kB
MemTotal:        1844596 kB
MemFree:          723392 kB
MemAvailable:    1511164 kB
Buffers:           57188 kB
Cached:           833972 kB
MemTotal:        1844596 kB
MemFree:          722152 kB
MemAvailable:    1509924 kB
Buffers:           57188 kB
Cached:           833972 kB
MemTotal:        1844596 kB
MemFree:          722992 kB
MemAvailable:    1510764 kB
Buffers:           57188 kB
Cached:           833972 kB
MemTotal:        1844596 kB
MemFree:          723328 kB
MemAvailable:    1511100 kB
Buffers:           57188 kB
Cached:           833972 kB
MemTotal:        1844596 kB
MemFree:          722944 kB
MemAvailable:    1510716 kB
Buffers:           57188 kB
Cached:           833972 kB
MemTotal:        1844596 kB
MemFree:          722720 kB
MemAvailable:    1510492 kB
Buffers:           57188 kB
Cached:           833972 kB
MemTotal:        1844596 kB
MemFree:          723560 kB
MemAvailable:    1511332 kB
Buffers:           57188 kB
Cached:           833972 kB
MemTotal:        1844596 kB
MemFree:          722028 kB
MemAvailable:    1509800 kB
Buffers:           57188 kB
Cached:           833972 kB
MemTotal:        1844596 kB
MemFree:          721400 kB
MemAvailable:    1509176 kB
Buffers:           57188 kB
Cached:           833976 kB
MemTotal:        1844596 kB
MemFree:          721268 kB
MemAvailable:    1509044 kB
Buffers:           57188 kB
Cached:           833976 kB
MemTotal:        1844596 kB
MemFree:          721276 kB
MemAvailable:    1509052 kB
Buffers:           57188 kB
Cached:           833976 kB
MemTotal:        1844596 kB
MemFree:          722384 kB
MemAvailable:    1510160 kB
Buffers:           57188 kB
Cached:           833976 kB
MemTotal:        1844596 kB
MemFree:          722088 kB
MemAvailable:    1509864 kB
Buffers:           57188 kB
Cached:           833976 kB
MemTotal:        1844596 kB
MemFree:          722340 kB
MemAvailable:    1510116 kB
Buffers:           57188 kB
Cached:           833976 kB
MemTotal:        1844596 kB
MemFree:          720848 kB
MemAvailable:    1508624 kB
Buffers:           57188 kB
Cached:           833976 kB
MemTotal:        1844596 kB
MemFree:          722220 kB
MemAvailable:    1509996 kB
Buffers:           57188 kB
Cached:           833976 kB
MemTotal:        1844596 kB
MemFree:          720972 kB
MemAvailable:    1508748 kB
Buffers:           57188 kB
Cached:           833976 kB
MemTotal:        1844596 kB
MemFree:          721096 kB
MemAvailable:    1508872 kB
Buffers:           57188 kB
Cached:           833976 kB
MemTotal:        1844596 kB
MemFree:          721096 kB
MemAvailable:    1508872 kB
Buffers:           57188 kB
Cached:           833976 kB
MemTotal:        1844596 kB
MemFree:          721228 kB
MemAvailable:    1509004 kB
Buffers:           57188 kB
Cached:           833976 kB
MemTotal:        1844596 kB
MemFree:          721408 kB
MemAvailable:    1509184 kB
Buffers:           57188 kB
Cached:           833976 kB
MemTotal:        1844596 kB
MemFree:          721764 kB
MemAvailable:    1509540 kB
Buffers:           57188 kB
Cached:           833976 kB
MemTotal:        1844596 kB
MemFree:          722100 kB
MemAvailable:    1509876 kB
Buffers:           57188 kB
Cached:           833976 kB
MemTotal:        1844596 kB
MemFree:          721632 kB
MemAvailable:    1509408 kB
Buffers:           57188 kB
Cached:           833976 kB
MemTotal:        1844596 kB
MemFree:          721716 kB
MemAvailable:    1509492 kB
Buffers:           57188 kB
Cached:           833976 kB
MemTotal:        1844596 kB
MemFree:          721452 kB
MemAvailable:    1509228 kB
Buffers:           57188 kB
Cached:           833976 kB
MemTotal:        1844596 kB
MemFree:          721328 kB
MemAvailable:    1509104 kB
Buffers:           57188 kB
Cached:           833976 kB
MemTotal:        1844596 kB
MemFree:          721124 kB
MemAvailable:    1508900 kB
Buffers:           57188 kB
Cached:           833976 kB
MemTotal:        1844596 kB
MemFree:          721104 kB
MemAvailable:    1508880 kB
Buffers:           57188 kB
Cached:           833976 kB
MemTotal:        1844596 kB
MemFree:          721280 kB
MemAvailable:    1509056 kB
Buffers:           57188 kB
Cached:           833976 kB
MemTotal:        1844596 kB
MemFree:          721024 kB
MemAvailable:    1508800 kB
Buffers:           57188 kB
Cached:           833976 kB
MemTotal:        1844596 kB
MemFree:          721116 kB
MemAvailable:    1508892 kB
Buffers:           57188 kB
Cached:           833976 kB
MemTotal:        1844596 kB
MemFree:          721452 kB
MemAvailable:    1509228 kB
Buffers:           57188 kB
Cached:           833976 kB
MemTotal:        1844596 kB
MemFree:          721076 kB
MemAvailable:    1508852 kB
Buffers:           57188 kB
Cached:           833976 kB
MemTotal:        1844596 kB
MemFree:          721416 kB
MemAvailable:    1509192 kB
Buffers:           57188 kB
Cached:           833976 kB
MemTotal:        1844596 kB
MemFree:          720972 kB
MemAvailable:    1508748 kB
Buffers:           57188 kB
Cached:           833976 kB
MemTotal:        1844596 kB
MemFree:          718740 kB
MemAvailable:    1506516 kB
Buffers:           57188 kB
Cached:           833976 kB
MemTotal:        1844596 kB
MemFree:          715704 kB
MemAvailable:    1503480 kB
Buffers:           57188 kB
Cached:           833976 kB
MemTotal:        1844596 kB
MemFree:          713968 kB
MemAvailable:    1501744 kB
Buffers:           57188 kB
Cached:           833976 kB
MemTotal:        1844596 kB
MemFree:          713656 kB
MemAvailable:    1501432 kB
Buffers:           57188 kB
Cached:           833976 kB
MemTotal:        1844596 kB
MemFree:          712348 kB
MemAvailable:    1500124 kB
Buffers:           57188 kB
Cached:           833976 kB
MemTotal:        1844596 kB
MemFree:          713216 kB
MemAvailable:    1500992 kB
Buffers:           57188 kB
Cached:           833976 kB
MemTotal:        1844596 kB
MemFree:          712984 kB
MemAvailable:    1500760 kB
Buffers:           57188 kB
Cached:           833976 kB
MemTotal:        1844596 kB
MemFree:          713092 kB
MemAvailable:    1500868 kB
Buffers:           57188 kB
Cached:           833976 kB
MemTotal:        1844596 kB
MemFree:          711852 kB
MemAvailable:    1499628 kB
Buffers:           57188 kB
Cached:           833976 kB
MemTotal:        1844596 kB
MemFree:          711968 kB
MemAvailable:    1499744 kB
Buffers:           57188 kB
Cached:           833976 kB
MemTotal:        1844596 kB
MemFree:          713276 kB
MemAvailable:    1501052 kB
Buffers:           57188 kB
Cached:           833976 kB
MemTotal:        1844596 kB
MemFree:          712176 kB
MemAvailable:    1499952 kB
Buffers:           57188 kB
Cached:           833976 kB
MemTotal:        1844596 kB
MemFree:          712052 kB
MemAvailable:    1499828 kB
Buffers:           57188 kB
Cached:           833976 kB
MemTotal:        1844596 kB
MemFree:          713292 kB
MemAvailable:    1501068 kB
Buffers:           57188 kB
Cached:           833976 kB
MemTotal:        1844596 kB
MemFree:          712176 kB
MemAvailable:    1499952 kB
Buffers:           57188 kB
Cached:           833976 kB
MemTotal:        1844596 kB
MemFree:          712044 kB
MemAvailable:    1499820 kB
Buffers:           57188 kB
Cached:           833976 kB
MemTotal:        1844596 kB
MemFree:          713220 kB
MemAvailable:    1500996 kB
Buffers:           57188 kB
Cached:           833976 kB
MemTotal:        1844596 kB
MemFree:          711356 kB
MemAvailable:    1499132 kB
Buffers:           57188 kB
Cached:           833976 kB
MemTotal:        1844596 kB
MemFree:          711224 kB
MemAvailable:    1499000 kB
Buffers:           57188 kB
Cached:           833976 kB
MemTotal:        1844596 kB
MemFree:          712044 kB
MemAvailable:    1499820 kB
Buffers:           57188 kB
Cached:           833976 kB
MemTotal:        1844596 kB
MemFree:          710496 kB
MemAvailable:    1498272 kB
Buffers:           57188 kB
Cached:           833976 kB
MemTotal:        1844596 kB
MemFree:          711728 kB
MemAvailable:    1499504 kB
Buffers:           57188 kB
Cached:           833976 kB
MemTotal:        1844596 kB
MemFree:          711100 kB
MemAvailable:    1498876 kB
Buffers:           57188 kB
Cached:           833976 kB
MemTotal:        1844596 kB
MemFree:          710976 kB
MemAvailable:    1498752 kB
Buffers:           57188 kB
Cached:           833976 kB
MemTotal:        1844596 kB
MemFree:          709124 kB
MemAvailable:    1496900 kB
Buffers:           57188 kB
Cached:           833976 kB
MemTotal:        1844596 kB
MemFree:          709256 kB
MemAvailable:    1497032 kB
Buffers:           57188 kB
Cached:           833976 kB
MemTotal:        1844596 kB
MemFree:          709936 kB
MemAvailable:    1497712 kB
Buffers:           57188 kB
Cached:           833976 kB
MemTotal:        1844596 kB
MemFree:          709804 kB
MemAvailable:    1497580 kB
Buffers:           57188 kB
Cached:           833976 kB
MemTotal:        1844596 kB
MemFree:          709756 kB
MemAvailable:    1497532 kB
Buffers:           57188 kB
Cached:           833976 kB
MemTotal:        1844596 kB
MemFree:          708636 kB
MemAvailable:    1496412 kB
Buffers:           57188 kB
Cached:           833976 kB
MemTotal:        1844596 kB
MemFree:          709308 kB
MemAvailable:    1497084 kB
Buffers:           57188 kB
Cached:           833976 kB
MemTotal:        1844596 kB
MemFree:          709532 kB
MemAvailable:    1497308 kB
Buffers:           57188 kB
Cached:           833976 kB
MemTotal:        1844596 kB
MemFree:          708064 kB
MemAvailable:    1495840 kB
Buffers:           57188 kB
Cached:           833976 kB
MemTotal:        1844596 kB
MemFree:          708196 kB
MemAvailable:    1495972 kB
Buffers:           57188 kB
Cached:           833976 kB
MemTotal:        1844596 kB
MemFree:          709428 kB
MemAvailable:    1497204 kB
Buffers:           57188 kB
Cached:           833976 kB
MemTotal:        1844596 kB
MemFree:          709432 kB
MemAvailable:    1497208 kB
Buffers:           57188 kB
Cached:           833976 kB
MemTotal:        1844596 kB
MemFree:          708512 kB
MemAvailable:    1496288 kB
Buffers:           57188 kB
Cached:           833976 kB
MemTotal:        1844596 kB
MemFree:          708992 kB
MemAvailable:    1496776 kB
Buffers:           57188 kB
Cached:           833984 kB
MemTotal:        1844596 kB
MemFree:          709244 kB
MemAvailable:    1497028 kB
Buffers:           57188 kB
Cached:           833984 kB
MemTotal:        1844596 kB
MemFree:          707752 kB
MemAvailable:    1495536 kB
Buffers:           57188 kB
Cached:           833984 kB
MemTotal:        1844596 kB
MemFree:          706768 kB
MemAvailable:    1494552 kB
Buffers:           57188 kB
Cached:           833984 kB
MemTotal:        1844596 kB
MemFree:          704108 kB
MemAvailable:    1491892 kB
Buffers:           57188 kB
Cached:           833984 kB
MemTotal:        1844596 kB
MemFree:          703916 kB
MemAvailable:    1491700 kB
Buffers:           57188 kB
Cached:           833984 kB
MemTotal:        1844596 kB
MemFree:          702420 kB
MemAvailable:    1490204 kB
Buffers:           57188 kB
Cached:           833984 kB
MemTotal:        1844596 kB
MemFree:          703652 kB
MemAvailable:    1491436 kB
Buffers:           57188 kB
Cached:           833984 kB
MemTotal:        1844596 kB
MemFree:          703908 kB
MemAvailable:    1491692 kB
Buffers:           57188 kB
Cached:           833984 kB
MemTotal:        1844596 kB
MemFree:          703552 kB
MemAvailable:    1491336 kB
Buffers:           57188 kB
Cached:           833984 kB
MemTotal:        1844596 kB
MemFree:          703480 kB
MemAvailable:    1491264 kB
Buffers:           57188 kB
Cached:           833984 kB
MemTotal:        1844596 kB
MemFree:          702040 kB
MemAvailable:    1489824 kB
Buffers:           57188 kB
Cached:           833984 kB
MemTotal:        1844596 kB
MemFree:          702172 kB
MemAvailable:    1489956 kB
Buffers:           57188 kB
Cached:           833984 kB
MemTotal:        1844596 kB
MemFree:          702892 kB
MemAvailable:    1490676 kB
Buffers:           57188 kB
Cached:           833984 kB
MemTotal:        1844596 kB
MemFree:          701072 kB
MemAvailable:    1488856 kB
Buffers:           57188 kB
Cached:           833984 kB
MemTotal:        1844596 kB
MemFree:          700568 kB
MemAvailable:    1488352 kB
Buffers:           57188 kB
Cached:           833984 kB
MemTotal:        1844596 kB
MemFree:          700568 kB
MemAvailable:    1488352 kB
Buffers:           57188 kB
Cached:           833984 kB
MemTotal:        1844596 kB
MemFree:          700124 kB
MemAvailable:    1487908 kB
Buffers:           57188 kB
Cached:           833984 kB
MemTotal:        1844596 kB
MemFree:          699212 kB
MemAvailable:    1486996 kB
Buffers:           57188 kB
Cached:           833984 kB
MemTotal:        1844596 kB
MemFree:          698956 kB
MemAvailable:    1486740 kB
Buffers:           57188 kB
Cached:           833984 kB
MemTotal:        1844596 kB
MemFree:          700056 kB
MemAvailable:    1487840 kB
Buffers:           57188 kB
Cached:           833984 kB
MemTotal:        1844596 kB
MemFree:          700140 kB
MemAvailable:    1487924 kB
Buffers:           57188 kB
Cached:           833984 kB
MemTotal:        1844596 kB
MemFree:          700984 kB
MemAvailable:    1488768 kB
Buffers:           57188 kB
Cached:           833984 kB
MemTotal:        1844596 kB
MemFree:          702092 kB
MemAvailable:    1490044 kB
Buffers:           57188 kB
Cached:           834108 kB
MemTotal:        1844596 kB
MemFree:          702092 kB
MemAvailable:    1490044 kB
Buffers:           57188 kB
Cached:           834108 kB
MemTotal:        1844596 kB
MemFree:          701744 kB
MemAvailable:    1489864 kB
Buffers:           57188 kB
Cached:           834232 kB
MemTotal:        1844596 kB
MemFree:          701996 kB
MemAvailable:    1490116 kB
Buffers:           57188 kB
Cached:           834232 kB
MemTotal:        1844596 kB
MemFree:          701628 kB
MemAvailable:    1489916 kB
Buffers:           57188 kB
Cached:           834480 kB
MemTotal:        1844596 kB
MemFree:          701452 kB
MemAvailable:    1489740 kB
Buffers:           57188 kB
Cached:           834480 kB
MemTotal:        1844596 kB
MemFree:          701488 kB
MemAvailable:    1489776 kB
Buffers:           57188 kB
Cached:           834604 kB
MemTotal:        1844596 kB
MemFree:          701636 kB
MemAvailable:    1489924 kB
Buffers:           57188 kB
Cached:           834604 kB
MemTotal:        1844596 kB
MemFree:          700184 kB
MemAvailable:    1488472 kB
Buffers:           57188 kB
Cached:           834604 kB
MemTotal:        1844596 kB
MemFree:          701540 kB
MemAvailable:    1489912 kB
Buffers:           57188 kB
Cached:           834604 kB
MemTotal:        1844596 kB
MemFree:          701708 kB
MemAvailable:    1490080 kB
Buffers:           57188 kB
Cached:           834604 kB
MemTotal:        1844596 kB
MemFree:          701540 kB
MemAvailable:    1489912 kB
Buffers:           57188 kB
Cached:           834604 kB
MemTotal:        1844596 kB
MemFree:          701876 kB
MemAvailable:    1490248 kB
Buffers:           57188 kB
Cached:           834604 kB
MemTotal:        1844596 kB
MemFree:          700424 kB
MemAvailable:    1488796 kB
Buffers:           57188 kB
Cached:           834604 kB
MemTotal:        1844596 kB
MemFree:          700436 kB
MemAvailable:    1488220 kB
Buffers:           57188 kB
Cached:           833972 kB
MemTotal:        1844596 kB
MemFree:          768720 kB
MemAvailable:    1556504 kB
Buffers:           57188 kB
Cached:           833972 kB
