MemTotal:        1844596 kB
MemFree:          811704 kB
MemAvailable:    1537536 kB
Buffers:           50704 kB
Cached:           783576 kB
MemTotal:        1844596 kB
MemFree:          812012 kB
MemAvailable:    1537844 kB
Buffers:           50704 kB
Cached:           783576 kB
MemTotal:        1844596 kB
MemFree:          809928 kB
MemAvailable:    1535760 kB
Buffers:           50704 kB
Cached:           783576 kB
MemTotal:        1844596 kB
MemFree:          809984 kB
MemAvailable:    1535816 kB
Buffers:           50704 kB
Cached:           783576 kB
MemTotal:        1844596 kB
MemFree:          807736 kB
MemAvailable:    1533568 kB
Buffers:           50704 kB
Cached:           783576 kB
MemTotal:        1844596 kB
MemFree:          808920 kB
MemAvailable:    1534752 kB
Buffers:           50704 kB
Cached:           783576 kB
MemTotal:        1844596 kB
MemFree:          805504 kB
MemAvailable:    1531336 kB
Buffers:           50704 kB
Cached:           783576 kB
MemTotal:        1844596 kB
MemFree:          805148 kB
MemAvailable:    1530980 kB
Buffers:           50704 kB
Cached:           783576 kB
MemTotal:        1844596 kB
MemFree:          802412 kB
MemAvailable:    1528244 kB
Buffers:           50704 kB
Cached:           783576 kB
MemTotal:        1844596 kB
MemFree:          799188 kB
MemAvailable:    1525020 kB
Buffers:           50704 kB
Cached:           783576 kB
MemTotal:        1844596 kB
MemFree:          798884 kB
MemAvailable:    1524716 kB
Buffers:           50704 kB
Cached:           783576 kB
MemTotal:        1844596 kB
MemFree:          798884 kB
MemAvailable:    1524716 kB
Buffers:           50704 kB
Cached:           783576 kB
MemTotal:        1844596 kB
MemFree:          797512 kB
MemAvailable:    1523344 kB
Buffers:           50704 kB
Cached:           783576 kB
MemTotal:        1844596 kB
MemFree:          797388 kB
MemAvailable:    1523220 kB
Buffers:           50704 kB
Cached:           783576 kB
MemTotal:        1844596 kB
MemFree:          798688 kB
MemAvailable:    1524520 kB
Buffers:           50704 kB
Cached:           783576 kB
MemTotal:        1844596 kB
MemFree:          798356 kB
MemAvailable:    1524188 kB
Buffers:           50704 kB
Cached:           783576 kB
MemTotal:        1844596 kB
MemFree:          797080 kB
MemAvailable:    1522912 kB
Buffers:           50704 kB
Cached:           783576 kB
MemTotal:        1844596 kB
MemFree:          796204 kB
MemAvailable:    1522036 kB
Buffers:           50704 kB
Cached:           783576 kB
MemTotal:        1844596 kB
MemFree:          796644 kB
MemAvailable:    1522476 kB
Buffers:           50704 kB
Cached:           783576 kB
MemTotal:        1844596 kB
MemFree:          796328 kB
MemAvailable:    1522160 kB
Buffers:           50704 kB
Cached:           783576 kB
MemTotal:        1844596 kB
MemFree:          796344 kB
MemAvailable:    1522176 kB
Buffers:           50704 kB
Cached:           783576 kB
MemTotal:        1844596 kB
MemFree:          795088 kB
MemAvailable:    1520920 kB
Buffers:           50704 kB
Cached:           783576 kB
MemTotal:        1844596 kB
MemFree:          795088 kB
MemAvailable:    1520920 kB
Buffers:           50704 kB
Cached:           783576 kB
MemTotal:        1844596 kB
MemFree:          796328 kB
MemAvailable:    1522160 kB
Buffers:           50704 kB
Cached:           783576 kB
MemTotal:        1844596 kB
MemFree:          795592 kB
MemAvailable:    1521424 kB
Buffers:           50704 kB
Cached:           783576 kB
MemTotal:        1844596 kB
MemFree:          796252 kB
MemAvailable:    1522084 kB
Buffers:           50704 kB
Cached:           783576 kB
MemTotal:        1844596 kB
MemFree:          796180 kB
MemAvailable:    1522012 kB
Buffers:           50704 kB
Cached:           783576 kB
MemTotal:        1844596 kB
MemFree:          796432 kB
MemAvailable:    1522264 kB
Buffers:           50704 kB
Cached:           783576 kB
MemTotal:        1844596 kB
MemFree:          796376 kB
MemAvailable:    1522208 kB
Buffers:           50704 kB
Cached:           783576 kB
MemTotal:        1844596 kB
MemFree:          796384 kB
MemAvailable:    1522216 kB
Buffers:           50704 kB
Cached:           783576 kB
MemTotal:        1844596 kB
MemFree:          794972 kB
MemAvailable:    1520804 kB
Buffers:           50704 kB
Cached:           783576 kB
MemTotal:        1844596 kB
MemFree:          793104 kB
MemAvailable:    1518936 kB
Buffers:           50704 kB
Cached:           783576 kB
MemTotal:        1844596 kB
MemFree:          794032 kB
MemAvailable:    1519864 kB
Buffers:           50704 kB
Cached:           783576 kB
MemTotal:        1844596 kB
MemFree:          792864 kB
MemAvailable:    1518696 kB
Buffers:           50704 kB
Cached:           783576 kB
MemTotal:        1844596 kB
MemFree:          793356 kB
MemAvailable:    1519188 kB
Buffers:           50704 kB
Cached:           783576 kB
MemTotal:        1844596 kB
MemFree:          791924 kB
MemAvailable:    1517756 kB
Buffers:           50704 kB
Cached:           783576 kB
MemTotal:        1844596 kB
MemFree:          791872 kB
MemAvailable:    1517704 kB
Buffers:           50704 kB
Cached:           783576 kB
MemTotal:        1844596 kB
MemFree:          792228 kB
MemAvailable:    1518064 kB
Buffers:           50704 kB
Cached:           783580 kB
MemTotal:        1844596 kB
MemFree:          792564 kB
MemAvailable:    1518400 kB
Buffers:           50704 kB
Cached:           783580 kB
MemTotal:        1844596 kB
MemFree:          792236 kB
MemAvailable:    1518072 kB
Buffers:           50704 kB
Cached:           783580 kB
MemTotal:        1844596 kB
MemFree:          790864 kB
MemAvailable:    1516700 kB
Buffers:           50704 kB
Cached:           783580 kB
MemTotal:        1844596 kB
MemFree:          792164 kB
MemAvailable:    1518000 kB
Buffers:           50704 kB
Cached:           783580 kB
MemTotal:        1844596 kB
MemFree:          791128 kB
MemAvailable:    1516964 kB
Buffers:           50704 kB
Cached:           783580 kB
MemTotal:        1844596 kB
MemFree:          791808 kB
MemAvailable:    1517644 kB
Buffers:           50704 kB
Cached:           783580 kB
MemTotal:        1844596 kB
MemFree:          792064 kB
MemAvailable:    1517900 kB
Buffers:           50704 kB
Cached:           783580 kB
MemTotal:        1844596 kB
MemFree:          791500 kB
MemAvailable:    1517336 kB
Buffers:           50704 kB
Cached:           783580 kB
MemTotal:        1844596 kB
MemFree:          789996 kB
MemAvailable:    1515832 kB
Buffers:           50704 kB
Cached:           783580 kB
MemTotal:        1844596 kB
MemFree:          790632 kB
MemAvailable:    1516468 kB
Buffers:           50704 kB
Cached:           783580 kB
MemTotal:        1844596 kB
MemFree:          791196 kB
MemAvailable:    1517032 kB
Buffers:           50704 kB
Cached:           783580 kB
MemTotal:        1844596 kB
MemFree:          791448 kB
MemAvailable:    1517284 kB
Buffers:           50704 kB
Cached:           783580 kB
MemTotal:        1844596 kB
MemFree:          790940 kB
MemAvailable:    1516776 kB
Buffers:           50704 kB
Cached:           783580 kB
MemTotal:        1844596 kB
MemFree:          791004 kB
MemAvailable:    1516840 kB
Buffers:           50704 kB
Cached:           783580 kB
MemTotal:        1844596 kB
MemFree:          791060 kB
MemAvailable:    1516896 kB
Buffers:           50704 kB
Cached:           783580 kB
MemTotal:        1844596 kB
MemFree:          791312 kB
MemAvailable:    1517148 kB
Buffers:           50704 kB
Cached:           783580 kB
MemTotal:        1844596 kB
MemFree:          791000 kB
MemAvailable:    1516836 kB
Buffers:           50704 kB
Cached:           783580 kB
MemTotal:        1844596 kB
MemFree:          791008 kB
MemAvailable:    1516844 kB
Buffers:           50704 kB
Cached:           783580 kB
MemTotal:        1844596 kB
MemFree:          789956 kB
MemAvailable:    1515792 kB
Buffers:           50704 kB
Cached:           783580 kB
MemTotal:        1844596 kB
MemFree:          790508 kB
MemAvailable:    1516344 kB
Buffers:           50704 kB
Cached:           783580 kB
MemTotal:        1844596 kB
MemFree:          790984 kB
MemAvailable:    1516820 kB
Buffers:           50704 kB
Cached:           783580 kB
MemTotal:        1844596 kB
MemFree:          791240 kB
MemAvailable:    1517076 kB
Buffers:           50704 kB
Cached:           783580 kB
MemTotal:        1844596 kB
MemFree:          789612 kB
MemAvailable:    1515448 kB
Buffers:           50704 kB
Cached:           783580 kB
MemTotal:        1844596 kB
MemFree:          789488 kB
MemAvailable:    1515324 kB
Buffers:           50704 kB
Cached:           783580 kB
MemTotal:        1844596 kB
MemFree:          790508 kB
MemAvailable:    1516344 kB
Buffers:           50704 kB
Cached:           783580 kB
MemTotal:        1844596 kB
MemFree:          790312 kB
MemAvailable:    1516148 kB
Buffers:           50704 kB
Cached:           783580 kB
MemTotal:        1844596 kB
MemFree:          789268 kB
MemAvailable:    1515104 kB
Buffers:           50704 kB
Cached:           783580 kB
MemTotal:        1844596 kB
MemFree:          790248 kB
MemAvailable:    1516084 kB
Buffers:           50704 kB
Cached:           783580 kB
MemTotal:        1844596 kB
MemFree:          789000 kB
MemAvailable:    1514836 kB
Buffers:           50704 kB
Cached:           783580 kB
MemTotal:        1844596 kB
MemFree:          788876 kB
MemAvailable:    1514712 kB
Buffers:           50704 kB
Cached:           783580 kB
MemTotal:        1844596 kB
MemFree:          790176 kB
MemAvailable:    1516012 kB
Buffers:           50704 kB
Cached:           783580 kB
MemTotal:        1844596 kB
MemFree:          790212 kB
MemAvailable:    1516060 kB
Buffers:           50704 kB
Cached:           783588 kB
MemTotal:        1844596 kB
MemFree:          790380 kB
MemAvailable:    1516228 kB
Buffers:           50704 kB
Cached:           783588 kB
MemTotal:        1844596 kB
MemFree:          789996 kB
MemAvailable:    1515844 kB
Buffers:           50704 kB
Cached:           783588 kB
MemTotal:        1844596 kB
MemFree:          789996 kB
MemAvailable:    1515844 kB
Buffers:           50704 kB
Cached:           783588 kB
MemTotal:        1844596 kB
MemFree:          789020 kB
MemAvailable:    1514868 kB
Buffers:           50704 kB
Cached:           783588 kB
MemTotal:        1844596 kB
MemFree:          787832 kB
MemAvailable:    1513680 kB
Buffers:           50704 kB
Cached:           783588 kB
MemTotal:        1844596 kB
MemFree:          785300 kB
MemAvailable:    1511148 kB
Buffers:           50704 kB
Cached:           783588 kB
MemTotal:        1844596 kB
MemFree:          782556 kB
MemAvailable:    1508404 kB
Buffers:           50704 kB
Cached:           783588 kB
MemTotal:        1844596 kB
MemFree:          782892 kB
MemAvailable:    1508740 kB
Buffers:           50704 kB
Cached:           783588 kB
MemTotal:        1844596 kB
MemFree:          781440 kB
MemAvailable:    1507288 kB
Buffers:           50704 kB
Cached:           783588 kB
MemTotal:        1844596 kB
MemFree:          782192 kB
MemAvailable:    1508040 kB
Buffers:           50704 kB
Cached:           783588 kB
MemTotal:        1844596 kB
MemFree:          782068 kB
MemAvailable:    1507916 kB
Buffers:           50704 kB
Cached:           783588 kB
MemTotal:        1844596 kB
MemFree:          782128 kB
MemAvailable:    1507976 kB
Buffers:           50704 kB
Cached:           783588 kB
MemTotal:        1844596 kB
MemFree:          782324 kB
MemAvailable:    1508172 kB
Buffers:           50704 kB
Cached:           783588 kB
MemTotal:        1844596 kB
MemFree:          780960 kB
MemAvailable:    1506808 kB
Buffers:           50704 kB
Cached:           783588 kB
MemTotal:        1844596 kB
MemFree:          781036 kB
MemAvailable:    1506884 kB
Buffers:           50704 kB
Cached:           783588 kB
MemTotal:        1844596 kB
MemFree:          780912 kB
MemAvailable:    1506760 kB
Buffers:           50704 kB
Cached:           783588 kB
MemTotal:        1844596 kB
MemFree:          781036 kB
MemAvailable:    1506884 kB
Buffers:           50704 kB
Cached:           783588 kB
MemTotal:        1844596 kB
MemFree:          780780 kB
MemAvailable:    1506628 kB
Buffers:           50704 kB
Cached:           783588 kB
MemTotal:        1844596 kB
MemFree:          782048 kB
MemAvailable:    1507896 kB
Buffers:           50704 kB
Cached:           783588 kB
MemTotal:        1844596 kB
MemFree:          782384 kB
MemAvailable:    1508232 kB
Buffers:           50704 kB
Cached:           783588 kB
MemTotal:        1844596 kB
MemFree:          782060 kB
MemAvailable:    1507908 kB
Buffers:           50704 kB
Cached:           783588 kB
MemTotal:        1844596 kB
MemFree:          782060 kB
MemAvailable:    1507908 kB
Buffers:           50704 kB
Cached:           783588 kB
MemTotal:        1844596 kB
MemFree:          781828 kB
MemAvailable:    1507676 kB
Buffers:           50704 kB
Cached:           783588 kB
MemTotal:        1844596 kB
MemFree:          781632 kB
MemAvailable:    1507480 kB
Buffers:           50704 kB
Cached:           783588 kB
MemTotal:        1844596 kB
MemFree:          781268 kB
MemAvailable:    1507116 kB
Buffers:           50704 kB
Cached:           783588 kB
MemTotal:        1844596 kB
MemFree:          781076 kB
MemAvailable:    1506924 kB
Buffers:           50704 kB
Cached:           783588 kB
MemTotal:        1844596 kB
MemFree:          779472 kB
MemAvailable:    1505320 kB
Buffers:           50704 kB
Cached:           783588 kB
MemTotal:        1844596 kB
MemFree:          779464 kB
MemAvailable:    1505312 kB
Buffers:           50704 kB
Cached:           783588 kB
MemTotal:        1844596 kB
MemFree:          780524 kB
MemAvailable:    1506372 kB
Buffers:           50704 kB
Cached:           783588 kB
MemTotal:        1844596 kB
MemFree:          779208 kB
MemAvailable:    1505056 kB
Buffers:           50704 kB
Cached:           783588 kB
MemTotal:        1844596 kB
MemFree:          779168 kB
MemAvailable:    1505016 kB
Buffers:           50704 kB
Cached:           783588 kB
MemTotal:        1844596 kB
MemFree:          779252 kB
MemAvailable:    1505100 kB
Buffers:           50704 kB
Cached:           783588 kB
MemTotal:        1844596 kB
MemFree:          778036 kB
MemAvailable:    1503884 kB
Buffers:           50704 kB
Cached:           783588 kB
MemTotal:        1844596 kB
MemFree:          777860 kB
MemAvailable:    1503708 kB
Buffers:           50704 kB
Cached:           783588 kB
MemTotal:        1844596 kB
MemFree:          778904 kB
MemAvailable:    1504752 kB
Buffers:           50704 kB
Cached:           783588 kB
MemTotal:        1844596 kB
MemFree:          777612 kB
MemAvailable:    1503460 kB
Buffers:           50704 kB
Cached:           783588 kB
MemTotal:        1844596 kB
MemFree:          778396 kB
MemAvailable:    1504244 kB
Buffers:           50704 kB
Cached:           783588 kB
MemTotal:        1844596 kB
MemFree:          777096 kB
MemAvailable:    1502944 kB
Buffers:           50704 kB
Cached:           783588 kB
MemTotal:        1844596 kB
MemFree:          778216 kB
MemAvailable:    1504064 kB
Buffers:           50704 kB
Cached:           783588 kB
MemTotal:        1844596 kB
MemFree:          778468 kB
MemAvailable:    1504316 kB
Buffers:           50704 kB
Cached:           783588 kB
MemTotal:        1844596 kB
MemFree:          778288 kB
MemAvailable:    1504136 kB
Buffers:           50704 kB
Cached:           783588 kB
MemTotal:        1844596 kB
MemFree:          778540 kB
MemAvailable:    1504388 kB
Buffers:           50704 kB
Cached:           783588 kB
MemTotal:        1844596 kB
MemFree:          778036 kB
MemAvailable:    1503884 kB
Buffers:           50704 kB
Cached:           783588 kB
MemTotal:        1844596 kB
MemFree:          778372 kB
MemAvailable:    1504220 kB
Buffers:           50704 kB
Cached:           783588 kB
MemTotal:        1844596 kB
MemFree:          777844 kB
MemAvailable:    1503692 kB
Buffers:           50704 kB
Cached:           783588 kB
MemTotal:        1844596 kB
MemFree:          777736 kB
MemAvailable:    1503584 kB
Buffers:           50704 kB
Cached:           783588 kB
MemTotal:        1844596 kB
MemFree:          777416 kB
MemAvailable:    1503264 kB
Buffers:           50704 kB
Cached:           783588 kB
MemTotal:        1844596 kB
MemFree:          777584 kB
MemAvailable:    1503432 kB
Buffers:           50704 kB
Cached:           783588 kB
MemTotal:        1844596 kB
MemFree:          771908 kB
MemAvailable:    1497756 kB
Buffers:           50704 kB
Cached:           783588 kB
MemTotal:        1844596 kB
MemFree:          772960 kB
MemAvailable:    1498808 kB
Buffers:           50704 kB
Cached:           783588 kB
MemTotal:        1844596 kB
MemFree:          772884 kB
MemAvailable:    1498732 kB
Buffers:           50704 kB
Cached:           783588 kB
MemTotal:        1844596 kB
MemFree:          773136 kB
MemAvailable:    1498984 kB
Buffers:           50704 kB
Cached:           783588 kB
MemTotal:        1844596 kB
MemFree:          772704 kB
MemAvailable:    1498552 kB
Buffers:           50704 kB
Cached:           783588 kB
MemTotal:        1844596 kB
MemFree:          771536 kB
MemAvailable:    1497384 kB
Buffers:           50704 kB
Cached:           783588 kB
MemTotal:        1844596 kB
MemFree:          772376 kB
MemAvailable:    1498224 kB
Buffers:           50704 kB
Cached:           783588 kB
MemTotal:        1844596 kB
MemFree:          772628 kB
MemAvailable:    1498476 kB
Buffers:           50704 kB
Cached:           783588 kB
MemTotal:        1844596 kB
MemFree:          772516 kB
MemAvailable:    1498364 kB
Buffers:           50704 kB
Cached:           783588 kB
MemTotal:        1844596 kB
MemFree:          771536 kB
MemAvailable:    1497384 kB
Buffers:           50704 kB
Cached:           783588 kB
MemTotal:        1844596 kB
MemFree:          772224 kB
MemAvailable:    1498072 kB
Buffers:           50704 kB
Cached:           783588 kB
MemTotal:        1844596 kB
MemFree:          772280 kB
MemAvailable:    1498128 kB
Buffers:           50704 kB
Cached:           783588 kB
MemTotal:        1844596 kB
MemFree:          771412 kB
MemAvailable:    1497260 kB
Buffers:           50704 kB
Cached:           783588 kB
MemTotal:        1844596 kB
MemFree:          770852 kB
MemAvailable:    1496700 kB
Buffers:           50704 kB
Cached:           783588 kB
MemTotal:        1844596 kB
MemFree:          771248 kB
MemAvailable:    1497096 kB
Buffers:           50704 kB
Cached:           783588 kB
MemTotal:        1844596 kB
MemFree:          769676 kB
MemAvailable:    1495524 kB
Buffers:           50704 kB
Cached:           783588 kB
MemTotal:        1844596 kB
MemFree:          769552 kB
MemAvailable:    1495400 kB
Buffers:           50704 kB
Cached:           783588 kB
MemTotal:        1844596 kB
MemFree:          768312 kB
MemAvailable:    1494160 kB
Buffers:           50704 kB
Cached:           783588 kB
MemTotal:        1844596 kB
MemFree:          768312 kB
MemAvailable:    1494160 kB
Buffers:           50704 kB
Cached:           783588 kB
MemTotal:        1844596 kB
MemFree:          769036 kB
MemAvailable:    1494884 kB
Buffers:           50704 kB
Cached:           783588 kB
MemTotal:        1844596 kB
MemFree:          769292 kB
MemAvailable:    1495140 kB
Buffers:           50704 kB
Cached:           783588 kB
MemTotal:        1844596 kB
MemFree:          768044 kB
MemAvailable:    1493892 kB
Buffers:           50704 kB
Cached:           783588 kB
MemTotal:        1844596 kB
MemFree:          770984 kB
MemAvailable:    1496832 kB
Buffers:           50704 kB
Cached:           783588 kB
MemTotal:        1844596 kB
MemFree:          770916 kB
MemAvailable:    1496764 kB
Buffers:           50704 kB
Cached:           783588 kB
MemTotal:        1844596 kB
MemFree:          770984 kB
MemAvailable:    1497000 kB
Buffers:           50704 kB
Cached:           783712 kB
MemTotal:        1844596 kB
MemFree:          770756 kB
MemAvailable:    1496856 kB
Buffers:           50704 kB
Cached:           783836 kB
MemTotal:        1844596 kB
MemFree:          771008 kB
MemAvailable:    1497108 kB
Buffers:           50704 kB
Cached:           783836 kB
MemTotal:        1844596 kB
MemFree:          770604 kB
MemAvailable:    1496872 kB
Buffers:           50704 kB
Cached:           784084 kB
MemTotal:        1844596 kB
MemFree:          770860 kB
MemAvailable:    1497212 kB
Buffers:           50704 kB
Cached:           784084 kB
MemTotal:        1844596 kB
MemFree:          769232 kB
MemAvailable:    1495668 kB
Buffers:           50704 kB
Cached:           784208 kB
MemTotal:        1844596 kB
MemFree:          769364 kB
MemAvailable:    1495800 kB
Buffers:           50704 kB
Cached:           784208 kB
MemTotal:        1844596 kB
MemFree:          769488 kB
MemAvailable:    1496008 kB
Buffers:           50704 kB
Cached:           784208 kB
MemTotal:        1844596 kB
MemFree:          769232 kB
MemAvailable:    1495752 kB
Buffers:           50704 kB
Cached:           784208 kB
MemTotal:        1844596 kB
MemFree:          770752 kB
MemAvailable:    1497284 kB
Buffers:           50704 kB
Cached:           784272 kB
MemTotal:        1844596 kB
MemFree:          769544 kB
MemAvailable:    1496076 kB
Buffers:           50704 kB
Cached:           784272 kB
MemTotal:        1844596 kB
MemFree:          770412 kB
MemAvailable:    1496944 kB
Buffers:           50704 kB
Cached:           784272 kB
MemTotal:        1844596 kB
MemFree:          769164 kB
MemAvailable:    1495696 kB
Buffers:           50704 kB
Cached:           784272 kB
MemTotal:        1844596 kB
MemFree:          769428 kB
MemAvailable:    1495960 kB
Buffers:           50704 kB
Cached:           784272 kB
MemTotal:        1844596 kB
MemFree:          770620 kB
MemAvailable:    1496564 kB
Buffers:           50704 kB
Cached:           783640 kB
MemTotal:        1844596 kB
MemFree:          839528 kB
MemAvailable:    1565472 kB
Buffers:           50704 kB
Cached:           783640 kB
