MemTotal:        1844596 kB
MemFree:          894088 kB
MemAvailable:    1549208 kB
Buffers:           42528 kB
Cached:           722132 kB
MemTotal:        1844596 kB
MemFree:          891600 kB
MemAvailable:    1546720 kB
Buffers:           42528 kB
Cached:           722132 kB
MemTotal:        1844596 kB
MemFree:          888624 kB
MemAvailable:    1543744 kB
Buffers:           42528 kB
Cached:           722132 kB
MemTotal:        1844596 kB
MemFree:          889608 kB
MemAvailable:    1544728 kB
Buffers:           42528 kB
Cached:           722132 kB
MemTotal:        1844596 kB
MemFree:          886500 kB
MemAvailable:    1541620 kB
Buffers:           42528 kB
Cached:           722132 kB
MemTotal:        1844596 kB
MemFree:          888040 kB
MemAvailable:    1543160 kB
Buffers:           42528 kB
Cached:           722132 kB
MemTotal:        1844596 kB
MemFree:          888068 kB
MemAvailable:    1543188 kB
Buffers:           42528 kB
Cached:           722132 kB
MemTotal:        1844596 kB
MemFree:          884712 kB
MemAvailable:    1539832 kB
Buffers:           42528 kB
Cached:           722132 kB
MemTotal:        1844596 kB
MemFree:          881796 kB
MemAvailable:    1536916 kB
Buffers:           42528 kB
Cached:           722132 kB
MemTotal:        1844596 kB
MemFree:          881564 kB
MemAvailable:    1536684 kB
Buffers:           42528 kB
Cached:           722132 kB
MemTotal:        1844596 kB
MemFree:          877144 kB
MemAvailable:    1532264 kB
Buffers:           42528 kB
Cached:           722132 kB
MemTotal:        1844596 kB
MemFree:          876936 kB
MemAvailable:    1532056 kB
Buffers:           42528 kB
Cached:           722132 kB
MemTotal:        1844596 kB
MemFree:          877896 kB
MemAvailable:    1533016 kB
Buffers:           42528 kB
Cached:           722132 kB
MemTotal:        1844596 kB
MemFree:          878064 kB
MemAvailable:    1533184 kB
Buffers:           42528 kB
Cached:           722132 kB
MemTotal:        1844596 kB
MemFree:          878120 kB
MemAvailable:    1533240 kB
Buffers:           42528 kB
Cached:           722132 kB
MemTotal:        1844596 kB
MemFree:          878340 kB
MemAvailable:    1533460 kB
Buffers:           42528 kB
Cached:           722132 kB
MemTotal:        1844596 kB
MemFree:          878004 kB
MemAvailable:    1533124 kB
Buffers:           42528 kB
Cached:           722132 kB
MemTotal:        1844596 kB
MemFree:          876704 kB
MemAvailable:    1531824 kB
Buffers:           42528 kB
Cached:           722132 kB
MemTotal:        1844596 kB
MemFree:          876340 kB
MemAvailable:    1531460 kB
Buffers:           42528 kB
Cached:           722132 kB
MemTotal:        1844596 kB
MemFree:          876340 kB
MemAvailable:    1531460 kB
Buffers:           42528 kB
Cached:           722132 kB
MemTotal:        1844596 kB
MemFree:          875852 kB
MemAvailable:    1530972 kB
Buffers:           42528 kB
Cached:           722132 kB
MemTotal:        1844596 kB
MemFree:          874604 kB
MemAvailable:    1529724 kB
Buffers:           42528 kB
Cached:           722132 kB
MemTotal:        1844596 kB
MemFree:          875580 kB
MemAvailable:    1530700 kB
Buffers:           42528 kB
Cached:           722132 kB
MemTotal:        1844596 kB
MemFree:          875832 kB
MemAvailable:    1530952 kB
Buffers:           42528 kB
Cached:           722132 kB
MemTotal:        1844596 kB
MemFree:          874592 kB
MemAvailable:    1529712 kB
Buffers:           42528 kB
Cached:           722132 kB
MemTotal:        1844596 kB
MemFree:          875528 kB
MemAvailable:    1530648 kB
Buffers:           42528 kB
Cached:           722132 kB
MemTotal:        1844596 kB
MemFree:          875480 kB
MemAvailable:    1530600 kB
Buffers:           42528 kB
Cached:           722132 kB
MemTotal:        1844596 kB
MemFree:          874300 kB
MemAvailable:    1529420 kB
Buffers:           42528 kB
Cached:           722132 kB
MemTotal:        1844596 kB
MemFree:          875672 kB
MemAvailable:    1530792 kB
Buffers:           42528 kB
Cached:           722132 kB
MemTotal:        1844596 kB
MemFree:          874852 kB
MemAvailable:    1529972 kB
Buffers:           42528 kB
Cached:           722132 kB
MemTotal:        1844596 kB
MemFree:          876828 kB
MemAvailable:    1531948 kB
Buffers:           42528 kB
Cached:           722132 kB
MemTotal:        1844596 kB
MemFree:          876916 kB
MemAvailable:    1532036 kB
Buffers:           42528 kB
Cached:           722132 kB
MemTotal:        1844596 kB
MemFree:          875356 kB
MemAvailable:    1530476 kB
Buffers:           42528 kB
Cached:           722132 kB
MemTotal:        1844596 kB
MemFree:          873356 kB
MemAvailable:    1528476 kB
Buffers:           42528 kB
Cached:           722132 kB
MemTotal:        1844596 kB
MemFree:          873124 kB
MemAvailable:    1528244 kB
Buffers:           42528 kB
Cached:           722132 kB
MemTotal:        1844596 kB
MemFree:          873120 kB
MemAvailable:    1528240 kB
Buffers:           42528 kB
Cached:           722132 kB
MemTotal:        1844596 kB
MemFree:          872496 kB
MemAvailable:    1527616 kB
Buffers:           42528 kB
Cached:           722132 kB
MemTotal:        1844596 kB
MemFree:          872580 kB
MemAvailable:    1527700 kB
Buffers:           42528 kB
Cached:           722132 kB
MemTotal:        1844596 kB
MemFree:          871752 kB
MemAvailable:    1526872 kB
Buffers:           42528 kB
Cached:           722132 kB
MemTotal:        1844596 kB
MemFree:          871752 kB
MemAvailable:    1526872 kB
Buffers:           42528 kB
Cached:           722132 kB
MemTotal:        1844596 kB
MemFree:          870212 kB
MemAvailable:    1525332 kB
Buffers:           42528 kB
Cached:           722132 kB
MemTotal:        1844596 kB
MemFree:          871488 kB
MemAvailable:    1526608 kB
Buffers:           42528 kB
Cached:           722132 kB
MemTotal:        1844596 kB
MemFree:          871008 kB
MemAvailable:    1526128 kB
Buffers:           42528 kB
Cached:           722132 kB
MemTotal:        1844596 kB
MemFree:          871320 kB
MemAvailable:    1526440 kB
Buffers:           42528 kB
Cached:           722132 kB
MemTotal:        1844596 kB
MemFree:          871576 kB
MemAvailable:    1526696 kB
Buffers:           42528 kB
Cached:           722132 kB
MemTotal:        1844596 kB
MemFree:          870248 kB
MemAvailable:    1525368 kB
Buffers:           42528 kB
Cached:           722132 kB
MemTotal:        1844596 kB
MemFree:          870240 kB
MemAvailable:    1525360 kB
Buffers:           42528 kB
Cached:           722132 kB
MemTotal:        1844596 kB
MemFree:          871008 kB
MemAvailable:    1526128 kB
Buffers:           42528 kB
Cached:           722132 kB
MemTotal:        1844596 kB
MemFree:          871140 kB
MemAvailable:    1526260 kB
Buffers:           42528 kB
Cached:           722132 kB
MemTotal:        1844596 kB
MemFree:          870636 kB
MemAvailable:    1525756 kB
Buffers:           42528 kB
Cached:           722132 kB
MemTotal:        1844596 kB
MemFree:          870332 kB
MemAvailable:    1525452 kB
Buffers:           42528 kB
Cached:           722132 kB
MemTotal:        1844596 kB
MemFree:          870400 kB
MemAvailable:    1525520 kB
Buffers:           42528 kB
Cached:           722132 kB
MemTotal:        1844596 kB
MemFree:          870572 kB
MemAvailable:    1525692 kB
Buffers:           42528 kB
Cached:           722132 kB
MemTotal:        1844596 kB
MemFree:          870264 kB
MemAvailable:    1525384 kB
Buffers:           42528 kB
Cached:           722132 kB
MemTotal:        1844596 kB
MemFree:          870368 kB
MemAvailable:    1525488 kB
Buffers:           42528 kB
Cached:           722132 kB
MemTotal:        1844596 kB
MemFree:          870704 kB
MemAvailable:    1525824 kB
Buffers:           42528 kB
Cached:           722132 kB
MemTotal:        1844596 kB
MemFree:          869212 kB
MemAvailable:    1524332 kB
Buffers:           42528 kB
Cached:           722132 kB
MemTotal:        1844596 kB
MemFree:          869644 kB
MemAvailable:    1524764 kB
Buffers:           42528 kB
Cached:           722132 kB
MemTotal:        1844596 kB
MemFree:          869128 kB
MemAvailable:    1524248 kB
Buffers:           42528 kB
Cached:           722132 kB
MemTotal:        1844596 kB
MemFree:          870500 kB
MemAvailable:    1525620 kB
Buffers:           42528 kB
Cached:           722132 kB
MemTotal:        1844596 kB
MemFree:          869776 kB
MemAvailable:    1524896 kB
Buffers:           42528 kB
Cached:           722132 kB
MemTotal:        1844596 kB
MemFree:          870076 kB
MemAvailable:    1525196 kB
Buffers:           42528 kB
Cached:           722132 kB
MemTotal:        1844596 kB
MemFree:          870412 kB
MemAvailable:    1525532 kB
Buffers:           42528 kB
Cached:           722132 kB
MemTotal:        1844596 kB
MemFree:          868844 kB
MemAvailable:    1523964 kB
Buffers:           42528 kB
Cached:           722132 kB
MemTotal:        1844596 kB
MemFree:          868968 kB
MemAvailable:    1524088 kB
Buffers:           42528 kB
Cached:           722132 kB
MemTotal:        1844596 kB
MemFree:          870076 kB
MemAvailable:    1525196 kB
Buffers:           42528 kB
Cached:           722132 kB
MemTotal:        1844596 kB
MemFree:          869372 kB
MemAvailable:    1524492 kB
Buffers:           42528 kB
Cached:           722132 kB
MemTotal:        1844596 kB
MemFree:          868728 kB
MemAvailable:    1523848 kB
Buffers:           42528 kB
Cached:           722132 kB
MemTotal:        1844596 kB
MemFree:          868388 kB
MemAvailable:    1523508 kB
Buffers:           42528 kB
Cached:           722132 kB
MemTotal:        1844596 kB
MemFree:          869620 kB
MemAvailable:    1524740 kB
Buffers:           42528 kB
Cached:           722132 kB
MemTotal:        1844596 kB
MemFree:          868208 kB
MemAvailable:    1523328 kB
Buffers:           42528 kB
Cached:           722132 kB
MemTotal:        1844596 kB
MemFree:          868784 kB
MemAvailable:    1523904 kB
Buffers:           42528 kB
Cached:           722132 kB
MemTotal:        1844596 kB
MemFree:          868240 kB
MemAvailable:    1523372 kB
Buffers:           42528 kB
Cached:           722144 kB
MemTotal:        1844596 kB
MemFree:          869608 kB
MemAvailable:    1524740 kB
Buffers:           42528 kB
Cached:           722144 kB
MemTotal:        1844596 kB
MemFree:          868784 kB
MemAvailable:    1523916 kB
Buffers:           42528 kB
Cached:           722144 kB
MemTotal:        1844596 kB
MemFree:          869644 kB
MemAvailable:    1524776 kB
Buffers:           42528 kB
Cached:           722144 kB
MemTotal:        1844596 kB
MemFree:          869856 kB
MemAvailable:    1524988 kB
Buffers:           42528 kB
Cached:           722144 kB
MemTotal:        1844596 kB
MemFree:          866420 kB
MemAvailable:    1521552 kB
Buffers:           42528 kB
Cached:           722144 kB
MemTotal:        1844596 kB
MemFree:          866420 kB
MemAvailable:    1521552 kB
Buffers:           42528 kB
Cached:           722144 kB
MemTotal:        1844596 kB
MemFree:          862644 kB
MemAvailable:    1517776 kB
Buffers:           42528 kB
Cached:           722144 kB
MemTotal:        1844596 kB
MemFree:          862212 kB
MemAvailable:    1517344 kB
Buffers:           42528 kB
Cached:           722144 kB
MemTotal:        1844596 kB
MemFree:          860592 kB
MemAvailable:    1515724 kB
Buffers:           42532 kB
Cached:           722140 kB
MemTotal:        1844596 kB
MemFree:          861584 kB
MemAvailable:    1516720 kB
Buffers:           42532 kB
Cached:           722144 kB
MemTotal:        1844596 kB
MemFree:          861840 kB
MemAvailable:    1516976 kB
Buffers:           42532 kB
Cached:           722144 kB
MemTotal:        1844596 kB
MemFree:          861528 kB
MemAvailable:    1516664 kB
Buffers:           42532 kB
Cached:           722144 kB
MemTotal:        1844596 kB
MemFree:          861528 kB
MemAvailable:    1516664 kB
Buffers:           42532 kB
Cached:           722144 kB
MemTotal:        1844596 kB
MemFree:          861452 kB
MemAvailable:    1516588 kB
Buffers:           42532 kB
Cached:           722144 kB
MemTotal:        1844596 kB
MemFree:          860336 kB
MemAvailable:    1515472 kB
Buffers:           42532 kB
Cached:           722144 kB
MemTotal:        1844596 kB
MemFree:          861632 kB
MemAvailable:    1516768 kB
Buffers:           42532 kB
Cached:           722144 kB
MemTotal:        1844596 kB
MemFree:          861392 kB
MemAvailable:    1516528 kB
Buffers:           42532 kB
Cached:           722144 kB
MemTotal:        1844596 kB
MemFree:          861560 kB
MemAvailable:    1516696 kB
Buffers:           42532 kB
Cached:           722144 kB
MemTotal:        1844596 kB
MemFree:          861584 kB
MemAvailable:    1516720 kB
Buffers:           42532 kB
Cached:           722144 kB
MemTotal:        1844596 kB
MemFree:          861836 kB
MemAvailable:    1516972 kB
Buffers:           42532 kB
Cached:           722144 kB
MemTotal:        1844596 kB
MemFree:          860304 kB
MemAvailable:    1515440 kB
Buffers:           42532 kB
Cached:           722144 kB
MemTotal:        1844596 kB
MemFree:          861544 kB
MemAvailable:    1516680 kB
Buffers:           42532 kB
Cached:           722144 kB
MemTotal:        1844596 kB
MemFree:          860296 kB
MemAvailable:    1515432 kB
Buffers:           42532 kB
Cached:           722144 kB
MemTotal:        1844596 kB
MemFree:          861148 kB
MemAvailable:    1516284 kB
Buffers:           42532 kB
Cached:           722144 kB
MemTotal:        1844596 kB
MemFree:          860832 kB
MemAvailable:    1515968 kB
Buffers:           42532 kB
Cached:           722144 kB
MemTotal:        1844596 kB
MemFree:          860916 kB
MemAvailable:    1516052 kB
Buffers:           42532 kB
Cached:           722144 kB
MemTotal:        1844596 kB
MemFree:          860476 kB
MemAvailable:    1515612 kB
Buffers:           42532 kB
Cached:           722144 kB
MemTotal:        1844596 kB
MemFree:          858988 kB
MemAvailable:    1514124 kB
Buffers:           42532 kB
Cached:           722144 kB
MemTotal:        1844596 kB
MemFree:          860032 kB
MemAvailable:    1515168 kB
Buffers:           42532 kB
Cached:           722144 kB
MemTotal:        1844596 kB
MemFree:          858864 kB
MemAvailable:    1514000 kB
Buffers:           42532 kB
Cached:           722144 kB
MemTotal:        1844596 kB
MemFree:          858848 kB
MemAvailable:    1513984 kB
Buffers:           42532 kB
Cached:           722144 kB
MemTotal:        1844596 kB
MemFree:          859100 kB
MemAvailable:    1514236 kB
Buffers:           42532 kB
Cached:           722144 kB
MemTotal:        1844596 kB
MemFree:          858104 kB
MemAvailable:    1513240 kB
Buffers:           42532 kB
Cached:           722144 kB
MemTotal:        1844596 kB
MemFree:          857996 kB
MemAvailable:    1513132 kB
Buffers:           42532 kB
Cached:           722144 kB
MemTotal:        1844596 kB
MemFree:          858036 kB
MemAvailable:    1513172 kB
Buffers:           42532 kB
Cached:           722144 kB
MemTotal:        1844596 kB
MemFree:          857972 kB
MemAvailable:    1513108 kB
Buffers:           42532 kB
Cached:           722144 kB
MemTotal:        1844596 kB
MemFree:          858224 kB
MemAvailable:    1513360 kB
Buffers:           42532 kB
Cached:           722144 kB
MemTotal:        1844596 kB
MemFree:          857864 kB
MemAvailable:    1513000 kB
Buffers:           42532 kB
Cached:           722144 kB
MemTotal:        1844596 kB
MemFree:          857668 kB
MemAvailable:    1512804 kB
Buffers:           42532 kB
Cached:           722144 kB
MemTotal:        1844596 kB
MemFree:          856756 kB
MemAvailable:    1511892 kB
Buffers:           42532 kB
Cached:           722144 kB
MemTotal:        1844596 kB
MemFree:          857464 kB
MemAvailable:    1512600 kB
Buffers:           42532 kB
Cached:           722144 kB
MemTotal:        1844596 kB
MemFree:          857800 kB
MemAvailable:    1512936 kB
Buffers:           42532 kB
Cached:           722144 kB
MemTotal:        1844596 kB
MemFree:          857616 kB
MemAvailable:    1512752 kB
Buffers:           42532 kB
Cached:           722144 kB
MemTotal:        1844596 kB
MemFree:          857684 kB
MemAvailable:    1512820 kB
Buffers:           42532 kB
Cached:           722144 kB
MemTotal:        1844596 kB
MemFree:          856336 kB
MemAvailable:    1511472 kB
Buffers:           42532 kB
Cached:           722144 kB
MemTotal:        1844596 kB
MemFree:          857436 kB
MemAvailable:    1512572 kB
Buffers:           42532 kB
Cached:           722144 kB
MemTotal:        1844596 kB
MemFree:          857244 kB
MemAvailable:    1512380 kB
Buffers:           42532 kB
Cached:           722144 kB
MemTotal:        1844596 kB
MemFree:          856136 kB
MemAvailable:    1511272 kB
Buffers:           42532 kB
Cached:           722144 kB
MemTotal:        1844596 kB
MemFree:          853268 kB
MemAvailable:    1508412 kB
Buffers:           42532 kB
Cached:           722152 kB
MemTotal:        1844596 kB
MemFree:          851424 kB
MemAvailable:    1506568 kB
Buffers:           42532 kB
Cached:           722152 kB
MemTotal:        1844596 kB
MemFree:          851112 kB
MemAvailable:    1506256 kB
Buffers:           42532 kB
Cached:           722152 kB
MemTotal:        1844596 kB
MemFree:          852036 kB
MemAvailable:    1507180 kB
Buffers:           42532 kB
Cached:           722152 kB
MemTotal:        1844596 kB
MemFree:          852292 kB
MemAvailable:    1507436 kB
Buffers:           42532 kB
Cached:           722152 kB
MemTotal:        1844596 kB
MemFree:          850788 kB
MemAvailable:    1505932 kB
Buffers:           42532 kB
Cached:           722152 kB
MemTotal:        1844596 kB
MemFree:          851724 kB
MemAvailable:    1506868 kB
Buffers:           42532 kB
Cached:           722152 kB
MemTotal:        1844596 kB
MemFree:          851724 kB
MemAvailable:    1506868 kB
Buffers:           42532 kB
Cached:           722152 kB
MemTotal:        1844596 kB
MemFree:          851740 kB
MemAvailable:    1506884 kB
Buffers:           42532 kB
Cached:           722152 kB
MemTotal:        1844596 kB
MemFree:          850492 kB
MemAvailable:    1505636 kB
Buffers:           42532 kB
Cached:           722152 kB
MemTotal:        1844596 kB
MemFree:          851468 kB
MemAvailable:    1506612 kB
Buffers:           42532 kB
Cached:           722152 kB
MemTotal:        1844596 kB
MemFree:          851468 kB
MemAvailable:    1506612 kB
Buffers:           42532 kB
Cached:           722152 kB
MemTotal:        1844596 kB
MemFree:          851408 kB
MemAvailable:    1506552 kB
Buffers:           42532 kB
Cached:           722152 kB
MemTotal:        1844596 kB
MemFree:          849316 kB
MemAvailable:    1504460 kB
Buffers:           42532 kB
Cached:           722152 kB
MemTotal:        1844596 kB
MemFree:          848324 kB
MemAvailable:    1503468 kB
Buffers:           42532 kB
Cached:           722152 kB
MemTotal:        1844596 kB
MemFree:          847332 kB
MemAvailable:    1502476 kB
Buffers:           42532 kB
Cached:           722152 kB
MemTotal:        1844596 kB
MemFree:          848656 kB
MemAvailable:    1503800 kB
Buffers:           42532 kB
Cached:           722152 kB
MemTotal:        1844596 kB
MemFree:          848564 kB
MemAvailable:    1503708 kB
Buffers:           42532 kB
Cached:           722152 kB
MemTotal:        1844596 kB
MemFree:          848452 kB
MemAvailable:    1503596 kB
Buffers:           42532 kB
Cached:           722152 kB
MemTotal:        1844596 kB
MemFree:          847272 kB
MemAvailable:    1502416 kB
Buffers:           42532 kB
Cached:           722152 kB
MemTotal:        1844596 kB
MemFree:          847404 kB
MemAvailable:    1502548 kB
Buffers:           42532 kB
Cached:           722152 kB
MemTotal:        1844596 kB
MemFree:          850548 kB
MemAvailable:    1505692 kB
Buffers:           42532 kB
Cached:           722152 kB
MemTotal:        1844596 kB
MemFree:          849248 kB
MemAvailable:    1504392 kB
Buffers:           42532 kB
Cached:           722152 kB
MemTotal:        1844596 kB
MemFree:          850232 kB
MemAvailable:    1505544 kB
Buffers:           42532 kB
Cached:           722276 kB
MemTotal:        1844596 kB
MemFree:          850484 kB
MemAvailable:    1505796 kB
Buffers:           42532 kB
Cached:           722276 kB
MemTotal:        1844596 kB
MemFree:          849060 kB
MemAvailable:    1504456 kB
Buffers:           42532 kB
Cached:           722400 kB
MemTotal:        1844596 kB
MemFree:          849068 kB
MemAvailable:    1504608 kB
Buffers:           42532 kB
Cached:           722592 kB
MemTotal:        1844596 kB
MemFree:          850280 kB
MemAvailable:    1505904 kB
Buffers:           42532 kB
Cached:           722592 kB
MemTotal:        1844596 kB
MemFree:          848944 kB
MemAvailable:    1504680 kB
Buffers:           42532 kB
Cached:           722788 kB
MemTotal:        1844596 kB
MemFree:          849564 kB
MemAvailable:    1505300 kB
Buffers:           42532 kB
Cached:           722788 kB
MemTotal:        1844596 kB
MemFree:          849724 kB
MemAvailable:    1505460 kB
Buffers:           42532 kB
Cached:           722788 kB
MemTotal:        1844596 kB
MemFree:          849628 kB
MemAvailable:    1505364 kB
Buffers:           42532 kB
Cached:           722788 kB
MemTotal:        1844596 kB
MemFree:          849680 kB
MemAvailable:    1505416 kB
Buffers:           42532 kB
Cached:           722788 kB
MemTotal:        1844596 kB
MemFree:          848388 kB
MemAvailable:    1504124 kB
Buffers:           42532 kB
Cached:           722788 kB
MemTotal:        1844596 kB
MemFree:          848520 kB
MemAvailable:    1504256 kB
Buffers:           42532 kB
Cached:           722788 kB
MemTotal:        1844596 kB
MemFree:          849820 kB
MemAvailable:    1505556 kB
Buffers:           42532 kB
Cached:           722788 kB
MemTotal:        1844596 kB
MemFree:          849984 kB
MemAvailable:    1505804 kB
Buffers:           42532 kB
Cached:           722788 kB
MemTotal:        1844596 kB
MemFree:          850124 kB
MemAvailable:    1505272 kB
Buffers:           42532 kB
Cached:           722156 kB
MemTotal:        1844596 kB
MemFree:          918780 kB
MemAvailable:    1573928 kB
Buffers:           42532 kB
Cached:           722156 kB
