MemTotal:        1844596 kB
MemFree:          764584 kB
MemAvailable:    1533440 kB
Buffers:           55208 kB
Cached:           818584 kB
MemTotal:        1844596 kB
MemFree:          762952 kB
MemAvailable:    1531808 kB
Buffers:           55208 kB
Cached:           818584 kB
MemTotal:        1844596 kB
MemFree:          760252 kB
MemAvailable:    1529108 kB
Buffers:           55208 kB
Cached:           818584 kB
MemTotal:        1844596 kB
MemFree:          760088 kB
MemAvailable:    1528948 kB
Buffers:           55208 kB
Cached:           818588 kB
MemTotal:        1844596 kB
MemFree:          758764 kB
MemAvailable:    1527624 kB
Buffers:           55208 kB
Cached:           818588 kB
MemTotal:        1844596 kB
MemFree:          758756 kB
MemAvailable:    1527616 kB
Buffers:           55208 kB
Cached:           818588 kB
MemTotal:        1844596 kB
MemFree:          758756 kB
MemAvailable:    1527616 kB
Buffers:           55208 kB
Cached:           818588 kB
MemTotal:        1844596 kB
MemFree:          753548 kB
MemAvailable:    1522408 kB
Buffers:           55208 kB
Cached:           818588 kB
MemTotal:        1844596 kB
MemFree:          752944 kB
MemAvailable:    1521804 kB
Buffers:           55208 kB
Cached:           818588 kB
MemTotal:        1844596 kB
MemFree:          748896 kB
MemAvailable:    1517756 kB
Buffers:           55208 kB
Cached:           818588 kB
MemTotal:        1844596 kB
MemFree:          750020 kB
MemAvailable:    1518880 kB
Buffers:           55208 kB
Cached:           818588 kB
MemTotal:        1844596 kB
MemFree:          748672 kB
MemAvailable:    1517532 kB
Buffers:           55208 kB
Cached:           818588 kB
MemTotal:        1844596 kB
MemFree:          749828 kB
MemAvailable:    1518688 kB
Buffers:           55208 kB
Cached:           818588 kB
MemTotal:        1844596 kB
MemFree:          750164 kB
MemAvailable:    1519024 kB
Buffers:           55208 kB
Cached:           818588 kB
MemTotal:        1844596 kB
MemFree:          749828 kB
MemAvailable:    1518688 kB
Buffers:           55208 kB
Cached:           818588 kB
MemTotal:        1844596 kB
MemFree:          748580 kB
MemAvailable:    1517440 kB
Buffers:           55208 kB
Cached:           818588 kB
MemTotal:        1844596 kB
MemFree:          747852 kB
MemAvailable:    1516712 kB
Buffers:           55208 kB
Cached:           818588 kB
MemTotal:        1844596 kB
MemFree:          747472 kB
MemAvailable:    1516332 kB
Buffers:           55208 kB
Cached:           818588 kB
MemTotal:        1844596 kB
MemFree:          747464 kB
MemAvailable:    1516324 kB
Buffers:           55208 kB
Cached:           818588 kB
MemTotal:        1844596 kB
MemFree:          747612 kB
MemAvailable:    1516472 kB
Buffers:           55208 kB
Cached:           818588 kB
MemTotal:        1844596 kB
MemFree:          747472 kB
MemAvailable:    1516332 kB
Buffers:           55208 kB
Cached:           818588 kB
MemTotal:        1844596 kB
MemFree:          747724 kB
MemAvailable:    1516584 kB
Buffers:           55208 kB
Cached:           818588 kB
MemTotal:        1844596 kB
MemFree:          747348 kB
MemAvailable:    1516208 kB
Buffers:           55208 kB
Cached:           818588 kB
MemTotal:        1844596 kB
MemFree:          747348 kB
MemAvailable:    1516208 kB
Buffers:           55208 kB
Cached:           818588 kB
MemTotal:        1844596 kB
MemFree:          746232 kB
MemAvailable:    1515092 kB
Buffers:           55208 kB
Cached:           818588 kB
MemTotal:        1844596 kB
MemFree:          747408 kB
MemAvailable:    1516268 kB
Buffers:           55208 kB
Cached:           818588 kB
MemTotal:        1844596 kB
MemFree:          748712 kB
MemAvailable:    1517572 kB
Buffers:           55208 kB
Cached:           818588 kB
MemTotal:        1844596 kB
MemFree:          748964 kB
MemAvailable:    1517824 kB
Buffers:           55208 kB
Cached:           818588 kB
MemTotal:        1844596 kB
MemFree:          748752 kB
MemAvailable:    1517612 kB
Buffers:           55208 kB
Cached:           818588 kB
MemTotal:        1844596 kB
MemFree:          746232 kB
MemAvailable:    1515092 kB
Buffers:           55208 kB
Cached:           818588 kB
MemTotal:        1844596 kB
MemFree:          745248 kB
MemAvailable:    1514108 kB
Buffers:           55208 kB
Cached:           818588 kB
MemTotal:        1844596 kB
MemFree:          745364 kB
MemAvailable:    1514224 kB
Buffers:           55208 kB
Cached:           818588 kB
MemTotal:        1844596 kB
MemFree:          744008 kB
MemAvailable:    1512868 kB
Buffers:           55208 kB
Cached:           818588 kB
MemTotal:        1844596 kB
MemFree:          744364 kB
MemAvailable:    1513228 kB
Buffers:           55208 kB
Cached:           818592 kB
MemTotal:        1844596 kB
MemFree:          744616 kB
MemAvailable:    1513480 kB
Buffers:           55208 kB
Cached:           818592 kB
MemTotal:        1844596 kB
MemFree:          742512 kB
MemAvailable:    1511376 kB
Buffers:           55208 kB
Cached:           818592 kB
MemTotal:        1844596 kB
MemFree:          742396 kB
MemAvailable:    1511260 kB
Buffers:           55208 kB
Cached:           818592 kB
MemTotal:        1844596 kB
MemFree:          742644 kB
MemAvailable:    1511508 kB
Buffers:           55208 kB
Cached:           818592 kB
MemTotal:        1844596 kB
MemFree:          742272 kB
MemAvailable:    1511136 kB
Buffers:           55208 kB
Cached:           818592 kB
MemTotal:        1844596 kB
MemFree:          742644 kB
MemAvailable:    1511508 kB
Buffers:           55208 kB
Cached:           818592 kB
MemTotal:        1844596 kB
MemFree:          742140 kB
MemAvailable:    1511004 kB
Buffers:           55208 kB
Cached:           818592 kB
MemTotal:        1844596 kB
MemFree:          742876 kB
MemAvailable:    1511740 kB
Buffers:           55208 kB
Cached:           818592 kB
MemTotal:        1844596 kB
MemFree:          742340 kB
MemAvailable:    1511204 kB
Buffers:           55208 kB
Cached:           818592 kB
MemTotal:        1844596 kB
MemFree:          742768 kB
MemAvailable:    1511632 kB
Buffers:           55208 kB
Cached:           818592 kB
MemTotal:        1844596 kB
MemFree:          741900 kB
MemAvailable:    1510764 kB
Buffers:           55208 kB
Cached:           818592 kB
MemTotal:        1844596 kB
MemFree:          740768 kB
MemAvailable:    1509632 kB
Buffers:           55208 kB
Cached:           818592 kB
MemTotal:        1844596 kB
MemFree:          742372 kB
MemAvailable:    1511236 kB
Buffers:           55208 kB
Cached:           818592 kB
MemTotal:        1844596 kB
MemFree:          742324 kB
MemAvailable:    1511188 kB
Buffers:           55208 kB
Cached:           818592 kB
MemTotal:        1844596 kB
MemFree:          742180 kB
MemAvailable:    1511044 kB
Buffers:           55208 kB
Cached:           818592 kB
MemTotal:        1844596 kB
MemFree:          742180 kB
MemAvailable:    1511044 kB
Buffers:           55208 kB
Cached:           818592 kB
MemTotal:        1844596 kB
MemFree:          741136 kB
MemAvailable:    1510000 kB
Buffers:           55208 kB
Cached:           818592 kB
MemTotal:        1844596 kB
MemFree:          741136 kB
MemAvailable:    1510000 kB
Buffers:           55208 kB
Cached:           818592 kB
MemTotal:        1844596 kB
MemFree:          742336 kB
MemAvailable:    1511200 kB
Buffers:           55208 kB
Cached:           818592 kB
MemTotal:        1844596 kB
MemFree:          741536 kB
MemAvailable:    1510400 kB
Buffers:           55208 kB
Cached:           818592 kB
MemTotal:        1844596 kB
MemFree:          742132 kB
MemAvailable:    1510996 kB
Buffers:           55208 kB
Cached:           818592 kB
MemTotal:        1844596 kB
MemFree:          742384 kB
MemAvailable:    1511248 kB
Buffers:           55208 kB
Cached:           818592 kB
MemTotal:        1844596 kB
MemFree:          742136 kB
MemAvailable:    1511000 kB
Buffers:           55208 kB
Cached:           818592 kB
MemTotal:        1844596 kB
MemFree:          741740 kB
MemAvailable:    1510604 kB
Buffers:           55208 kB
Cached:           818592 kB
MemTotal:        1844596 kB
MemFree:          741720 kB
MemAvailable:    1510584 kB
Buffers:           55208 kB
Cached:           818592 kB
MemTotal:        1844596 kB
MemFree:          741452 kB
MemAvailable:    1510316 kB
Buffers:           55208 kB
Cached:           818592 kB
MemTotal:        1844596 kB
MemFree:          741708 kB
MemAvailable:    1510572 kB
Buffers:           55208 kB
Cached:           818592 kB
MemTotal:        1844596 kB
MemFree:          741452 kB
MemAvailable:    1510316 kB
Buffers:           55208 kB
Cached:           818592 kB
MemTotal:        1844596 kB
MemFree:          740032 kB
MemAvailable:    1508896 kB
Buffers:           55208 kB
Cached:           818592 kB
MemTotal:        1844596 kB
MemFree:          740544 kB
MemAvailable:    1509408 kB
Buffers:           55208 kB
Cached:           818592 kB
MemTotal:        1844596 kB
MemFree:          740288 kB
MemAvailable:    1509152 kB
Buffers:           55208 kB
Cached:           818592 kB
MemTotal:        1844596 kB
MemFree:          740156 kB
MemAvailable:    1509020 kB
Buffers:           55208 kB
Cached:           818592 kB
MemTotal:        1844596 kB
MemFree:          740404 kB
MemAvailable:    1509268 kB
Buffers:           55208 kB
Cached:           818592 kB
MemTotal:        1844596 kB
MemFree:          741464 kB
MemAvailable:    1510328 kB
Buffers:           55208 kB
Cached:           818592 kB
MemTotal:        1844596 kB
MemFree:          740520 kB
MemAvailable:    1509384 kB
Buffers:           55208 kB
Cached:           818592 kB
MemTotal:        1844596 kB
MemFree:          741480 kB
MemAvailable:    1510344 kB
Buffers:           55208 kB
Cached:           818592 kB
MemTotal:        1844596 kB
MemFree:          739544 kB
MemAvailable:    1508408 kB
Buffers:           55208 kB
Cached:           818592 kB
MemTotal:        1844596 kB
MemFree:          737560 kB
MemAvailable:    1506424 kB
Buffers:           55208 kB
Cached:           818592 kB
MemTotal:        1844596 kB
MemFree:          734460 kB
MemAvailable:    1503324 kB
Buffers:           55208 kB
Cached:           818592 kB
MemTotal:        1844596 kB
MemFree:          733900 kB
MemAvailable:    1502764 kB
Buffers:           55208 kB
Cached:           818592 kB
MemTotal:        1844596 kB
MemFree:          733768 kB
MemAvailable:    1502632 kB
Buffers:           55208 kB
Cached:           818592 kB
MemTotal:        1844596 kB
MemFree:          732460 kB
MemAvailable:    1501324 kB
Buffers:           55208 kB
Cached:           818592 kB
MemTotal:        1844596 kB
MemFree:          732228 kB
MemAvailable:    1501092 kB
Buffers:           55208 kB
Cached:           818592 kB
MemTotal:        1844596 kB
MemFree:          733528 kB
MemAvailable:    1502392 kB
Buffers:           55208 kB
Cached:           818592 kB
MemTotal:        1844596 kB
MemFree:          733336 kB
MemAvailable:    1502204 kB
Buffers:           55208 kB
Cached:           818596 kB
MemTotal:        1844596 kB
MemFree:          732608 kB
MemAvailable:    1501476 kB
Buffers:           55208 kB
Cached:           818596 kB
MemTotal:        1844596 kB
MemFree:          732056 kB
MemAvailable:    1500924 kB
Buffers:           55208 kB
Cached:           818596 kB
MemTotal:        1844596 kB
MemFree:          733352 kB
MemAvailable:    1502220 kB
Buffers:           55208 kB
Cached:           818596 kB
MemTotal:        1844596 kB
MemFree:          733196 kB
MemAvailable:    1502064 kB
Buffers:           55208 kB
Cached:           818596 kB
MemTotal:        1844596 kB
MemFree:          733532 kB
MemAvailable:    1502400 kB
Buffers:           55208 kB
Cached:           818596 kB
MemTotal:        1844596 kB
MemFree:          733296 kB
MemAvailable:    1502164 kB
Buffers:           55208 kB
Cached:           818596 kB
MemTotal:        1844596 kB
MemFree:          733552 kB
MemAvailable:    1502420 kB
Buffers:           55208 kB
Cached:           818596 kB
MemTotal:        1844596 kB
MemFree:          732096 kB
MemAvailable:    1500964 kB
Buffers:           55208 kB
Cached:           818596 kB
MemTotal:        1844596 kB
MemFree:          733212 kB
MemAvailable:    1502080 kB
Buffers:           55208 kB
Cached:           818596 kB
MemTotal:        1844596 kB
MemFree:          731716 kB
MemAvailable:    1500584 kB
Buffers:           55208 kB
Cached:           818596 kB
MemTotal:        1844596 kB
MemFree:          731308 kB
MemAvailable:    1500176 kB
Buffers:           55208 kB
Cached:           818596 kB
MemTotal:        1844596 kB
MemFree:          731040 kB
MemAvailable:    1499908 kB
Buffers:           55208 kB
Cached:           818596 kB
MemTotal:        1844596 kB
MemFree:          731956 kB
MemAvailable:    1500824 kB
Buffers:           55208 kB
Cached:           818596 kB
MemTotal:        1844596 kB
MemFree:          731360 kB
MemAvailable:    1500228 kB
Buffers:           55208 kB
Cached:           818596 kB
MemTotal:        1844596 kB
MemFree:          731728 kB
MemAvailable:    1500596 kB
Buffers:           55208 kB
Cached:           818596 kB
MemTotal:        1844596 kB
MemFree:          730428 kB
MemAvailable:    1499296 kB
Buffers:           55208 kB
Cached:           818596 kB
MemTotal:        1844596 kB
MemFree:          731412 kB
MemAvailable:    1500280 kB
Buffers:           55208 kB
Cached:           818596 kB
MemTotal:        1844596 kB
MemFree:          729368 kB
MemAvailable:    1498236 kB
Buffers:           55208 kB
Cached:           818596 kB
MemTotal:        1844596 kB
MemFree:          730200 kB
MemAvailable:    1499068 kB
Buffers:           55208 kB
Cached:           818596 kB
MemTotal:        1844596 kB
MemFree:          730536 kB
MemAvailable:    1499404 kB
Buffers:           55208 kB
Cached:           818596 kB
MemTotal:        1844596 kB
MemFree:          729996 kB
MemAvailable:    1498864 kB
Buffers:           55208 kB
Cached:           818596 kB
MemTotal:        1844596 kB
MemFree:          728880 kB
MemAvailable:    1497748 kB
Buffers:           55208 kB
Cached:           818596 kB
MemTotal:        1844596 kB
MemFree:          729596 kB
MemAvailable:    1498464 kB
Buffers:           55208 kB
Cached:           818596 kB
MemTotal:        1844596 kB
MemFree:          729680 kB
MemAvailable:    1498548 kB
Buffers:           55208 kB
Cached:           818596 kB
MemTotal:        1844596 kB
MemFree:          729468 kB
MemAvailable:    1498336 kB
Buffers:           55208 kB
Cached:           818596 kB
MemTotal:        1844596 kB
MemFree:          729720 kB
MemAvailable:    1498588 kB
Buffers:           55216 kB
Cached:           818588 kB
MemTotal:        1844596 kB
MemFree:          728212 kB
MemAvailable:    1497080 kB
Buffers:           55216 kB
Cached:           818588 kB
MemTotal:        1844596 kB
MemFree:          729320 kB
MemAvailable:    1498188 kB
Buffers:           55216 kB
Cached:           818588 kB
MemTotal:        1844596 kB
MemFree:          729376 kB
MemAvailable:    1498244 kB
Buffers:           55216 kB
Cached:           818588 kB
MemTotal:        1844596 kB
MemFree:          729404 kB
MemAvailable:    1498272 kB
Buffers:           55216 kB
Cached:           818588 kB
MemTotal:        1844596 kB
MemFree:          729404 kB
MemAvailable:    1498272 kB
Buffers:           55216 kB
Cached:           818588 kB
MemTotal:        1844596 kB
MemFree:          728080 kB
MemAvailable:    1496948 kB
Buffers:           55216 kB
Cached:           818588 kB
MemTotal:        1844596 kB
MemFree:          728080 kB
MemAvailable:    1496948 kB
Buffers:           55216 kB
Cached:           818588 kB
MemTotal:        1844596 kB
MemFree:          725268 kB
MemAvailable:    1494136 kB
Buffers:           55216 kB
Cached:           818588 kB
MemTotal:        1844596 kB
MemFree:          725268 kB
MemAvailable:    1494136 kB
Buffers:           55216 kB
Cached:           818588 kB
MemTotal:        1844596 kB
MemFree:          724036 kB
MemAvailable:    1492904 kB
Buffers:           55216 kB
Cached:           818588 kB
MemTotal:        1844596 kB
MemFree:          723928 kB
MemAvailable:    1492796 kB
Buffers:           55216 kB
Cached:           818588 kB
MemTotal:        1844596 kB
MemFree:          722632 kB
MemAvailable:    1491500 kB
Buffers:           55216 kB
Cached:           818588 kB
MemTotal:        1844596 kB
MemFree:          723872 kB
MemAvailable:    1492740 kB
Buffers:           55216 kB
Cached:           818588 kB
MemTotal:        1844596 kB
MemFree:          723872 kB
MemAvailable:    1492740 kB
Buffers:           55216 kB
Cached:           818588 kB
MemTotal:        1844596 kB
MemFree:          724080 kB
MemAvailable:    1492948 kB
Buffers:           55216 kB
Cached:           818588 kB
MemTotal:        1844596 kB
MemFree:          722804 kB
MemAvailable:    1491672 kB
Buffers:           55216 kB
Cached:           818588 kB
MemTotal:        1844596 kB
MemFree:          723664 kB
MemAvailable:    1492544 kB
Buffers:           55216 kB
Cached:           818600 kB
MemTotal:        1844596 kB
MemFree:          723664 kB
MemAvailable:    1492544 kB
Buffers:           55216 kB
Cached:           818600 kB
MemTotal:        1844596 kB
MemFree:          722664 kB
MemAvailable:    1491544 kB
Buffers:           55216 kB
Cached:           818600 kB
MemTotal:        1844596 kB
MemFree:          722664 kB
MemAvailable:    1491544 kB
Buffers:           55216 kB
Cached:           818600 kB
MemTotal:        1844596 kB
MemFree:          720068 kB
MemAvailable:    1488948 kB
Buffers:           55216 kB
Cached:           818600 kB
MemTotal:        1844596 kB
MemFree:          720308 kB
MemAvailable:    1489188 kB
Buffers:           55216 kB
Cached:           818600 kB
MemTotal:        1844596 kB
MemFree:          720324 kB
MemAvailable:    1489204 kB
Buffers:           55216 kB
Cached:           818600 kB
MemTotal:        1844596 kB
MemFree:          720296 kB
MemAvailable:    1489176 kB
Buffers:           55216 kB
Cached:           818600 kB
MemTotal:        1844596 kB
MemFree:          720200 kB
MemAvailable:    1489080 kB
Buffers:           55216 kB
Cached:           818600 kB
MemTotal:        1844596 kB
MemFree:          720436 kB
MemAvailable:    1489316 kB
Buffers:           55216 kB
Cached:           818600 kB
MemTotal:        1844596 kB
MemFree:          720544 kB
MemAvailable:    1489424 kB
Buffers:           55216 kB
Cached:           818600 kB
MemTotal:        1844596 kB
MemFree:          719188 kB
MemAvailable:    1488068 kB
Buffers:           55216 kB
Cached:           818600 kB
MemTotal:        1844596 kB
MemFree:          721112 kB
MemAvailable:    1489992 kB
Buffers:           55216 kB
Cached:           818600 kB
MemTotal:        1844596 kB
MemFree:          721380 kB
MemAvailable:    1490344 kB
Buffers:           55216 kB
Cached:           818724 kB
MemTotal:        1844596 kB
MemFree:          722352 kB
MemAvailable:    1491400 kB
Buffers:           55216 kB
Cached:           818724 kB
MemTotal:        1844596 kB
MemFree:          721192 kB
MemAvailable:    1490240 kB
Buffers:           55216 kB
Cached:           818848 kB
MemTotal:        1844596 kB
MemFree:          721932 kB
MemAvailable:    1491064 kB
Buffers:           55216 kB
Cached:           818972 kB
MemTotal:        1844596 kB
MemFree:          721976 kB
MemAvailable:    1491192 kB
Buffers:           55216 kB
Cached:           819096 kB
MemTotal:        1844596 kB
MemFree:          720544 kB
MemAvailable:    1489844 kB
Buffers:           55216 kB
Cached:           819220 kB
MemTotal:        1844596 kB
MemFree:          721644 kB
MemAvailable:    1491028 kB
Buffers:           55216 kB
Cached:           819220 kB
MemTotal:        1844596 kB
MemFree:          721980 kB
MemAvailable:    1491364 kB
Buffers:           55216 kB
Cached:           819220 kB
MemTotal:        1844596 kB
MemFree:          721520 kB
MemAvailable:    1490988 kB
Buffers:           55216 kB
Cached:           819220 kB
MemTotal:        1844596 kB
MemFree:          721604 kB
MemAvailable:    1491072 kB
Buffers:           55216 kB
Cached:           819220 kB
MemTotal:        1844596 kB
MemFree:          721680 kB
MemAvailable:    1491148 kB
Buffers:           55216 kB
Cached:           819220 kB
MemTotal:        1844596 kB
MemFree:          721680 kB
MemAvailable:    1491148 kB
Buffers:           55216 kB
Cached:           819220 kB
MemTotal:        1844596 kB
MemFree:          720400 kB
MemAvailable:    1489868 kB
Buffers:           55216 kB
Cached:           819220 kB
MemTotal:        1844596 kB
MemFree:          721632 kB
MemAvailable:    1491100 kB
Buffers:           55216 kB
Cached:           819220 kB
MemTotal:        1844596 kB
MemFree:          721732 kB
MemAvailable:    1490612 kB
Buffers:           55216 kB
Cached:           818672 kB
MemTotal:        1844596 kB
MemFree:          720944 kB
MemAvailable:    1489824 kB
Buffers:           55216 kB
Cached:           818672 kB
MemTotal:        1844596 kB
MemFree:          789980 kB
MemAvailable:    1558860 kB
Buffers:           55216 kB
Cached:           818672 kB
