MemTotal:        1844596 kB
MemFree:          889720 kB
MemAvailable:    1547396 kB
Buffers:           42860 kB
Cached:           724148 kB
MemTotal:        1844596 kB
MemFree:          887736 kB
MemAvailable:    1545412 kB
Buffers:           42860 kB
Cached:           724148 kB
MemTotal:        1844596 kB
MemFree:          886124 kB
MemAvailable:    1543800 kB
Buffers:           42860 kB
Cached:           724148 kB
MemTotal:        1844596 kB
MemFree:          885744 kB
MemAvailable:    1543420 kB
Buffers:           42860 kB
Cached:           724148 kB
MemTotal:        1844596 kB
MemFree:          885356 kB
MemAvailable:    1543032 kB
Buffers:           42860 kB
Cached:           724148 kB
MemTotal:        1844596 kB
MemFree:          885356 kB
MemAvailable:    1543032 kB
Buffers:           42860 kB
Cached:           724148 kB
MemTotal:        1844596 kB
MemFree:          882760 kB
MemAvailable:    1540436 kB
Buffers:           42860 kB
Cached:           724148 kB
MemTotal:        1844596 kB
MemFree:          880792 kB
MemAvailable:    1538468 kB
Buffers:           42860 kB
Cached:           724148 kB
MemTotal:        1844596 kB
MemFree:          878544 kB
MemAvailable:    1536220 kB
Buffers:           42860 kB
Cached:           724148 kB
MemTotal:        1844596 kB
MemFree:          878312 kB
MemAvailable:    1535988 kB
Buffers:           42860 kB
Cached:           724148 kB
MemTotal:        1844596 kB
MemFree:          875504 kB
MemAvailable:    1533180 kB
Buffers:           42860 kB
Cached:           724148 kB
MemTotal:        1844596 kB
MemFree:          875756 kB
MemAvailable:    1533432 kB
Buffers:           42860 kB
Cached:           724148 kB
MemTotal:        1844596 kB
MemFree:          875696 kB
MemAvailable:    1533372 kB
Buffers:           42860 kB
Cached:           724148 kB
MemTotal:        1844596 kB
MemFree:          874572 kB
MemAvailable:    1532248 kB
Buffers:           42860 kB
Cached:           724148 kB
MemTotal:        1844596 kB
MemFree:          875708 kB
MemAvailable:    1533384 kB
Buffers:           42860 kB
Cached:           724148 kB
MemTotal:        1844596 kB
MemFree:          875452 kB
MemAvailable:    1533128 kB
Buffers:           42860 kB
Cached:           724148 kB
MemTotal:        1844596 kB
MemFree:          874592 kB
MemAvailable:    1532268 kB
Buffers:           42860 kB
Cached:           724148 kB
MemTotal:        1844596 kB
MemFree:          875280 kB
MemAvailable:    1532956 kB
Buffers:           42860 kB
Cached:           724148 kB
MemTotal:        1844596 kB
MemFree:          873600 kB
MemAvailable:    1531276 kB
Buffers:           42860 kB
Cached:           724148 kB
MemTotal:        1844596 kB
MemFree:          872484 kB
MemAvailable:    1530160 kB
Buffers:           42860 kB
Cached:           724148 kB
MemTotal:        1844596 kB
MemFree:          873212 kB
MemAvailable:    1530888 kB
Buffers:           42860 kB
Cached:           724148 kB
MemTotal:        1844596 kB
MemFree:          872484 kB
MemAvailable:    1530160 kB
Buffers:           42860 kB
Cached:           724148 kB
MemTotal:        1844596 kB
MemFree:          873144 kB
MemAvailable:    1530820 kB
Buffers:           42860 kB
Cached:           724148 kB
MemTotal:        1844596 kB
MemFree:          871928 kB
MemAvailable:    1529604 kB
Buffers:           42860 kB
Cached:           724148 kB
MemTotal:        1844596 kB
MemFree:          872904 kB
MemAvailable:    1530580 kB
Buffers:           42860 kB
Cached:           724148 kB
MemTotal:        1844596 kB
MemFree:          872964 kB
MemAvailable:    1530640 kB
Buffers:           42860 kB
Cached:           724148 kB
MemTotal:        1844596 kB
MemFree:          871732 kB
MemAvailable:    1529408 kB
Buffers:           42860 kB
Cached:           724148 kB
MemTotal:        1844596 kB
MemFree:          871692 kB
MemAvailable:    1529368 kB
Buffers:           42860 kB
Cached:           724148 kB
MemTotal:        1844596 kB
MemFree:          872964 kB
MemAvailable:    1530640 kB
Buffers:           42860 kB
Cached:           724148 kB
MemTotal:        1844596 kB
MemFree:          873048 kB
MemAvailable:    1530724 kB
Buffers:           42860 kB
Cached:           724148 kB
MemTotal:        1844596 kB
MemFree:          873148 kB
MemAvailable:    1530824 kB
Buffers:           42860 kB
Cached:           724148 kB
MemTotal:        1844596 kB
MemFree:          873088 kB
MemAvailable:    1530764 kB
Buffers:           42860 kB
Cached:           724148 kB
MemTotal:        1844596 kB
MemFree:          873088 kB
MemAvailable:    1530764 kB
Buffers:           42860 kB
Cached:           724148 kB
MemTotal:        1844596 kB
MemFree:          870996 kB
MemAvailable:    1528672 kB
Buffers:           42860 kB
Cached:           724148 kB
MemTotal:        1844596 kB
MemFree:          869748 kB
MemAvailable:    1527424 kB
Buffers:           42860 kB
Cached:           724148 kB
MemTotal:        1844596 kB
MemFree:          869260 kB
MemAvailable:    1526936 kB
Buffers:           42860 kB
Cached:           724148 kB
MemTotal:        1844596 kB
MemFree:          870064 kB
MemAvailable:    1527740 kB
Buffers:           42860 kB
Cached:           724148 kB
MemTotal:        1844596 kB
MemFree:          869128 kB
MemAvailable:    1526804 kB
Buffers:           42860 kB
Cached:           724148 kB
MemTotal:        1844596 kB
MemFree:          869128 kB
MemAvailable:    1526804 kB
Buffers:           42860 kB
Cached:           724148 kB
MemTotal:        1844596 kB
MemFree:          868932 kB
MemAvailable:    1526608 kB
Buffers:           42860 kB
Cached:           724148 kB
MemTotal:        1844596 kB
MemFree:          868872 kB
MemAvailable:    1526548 kB
Buffers:           42860 kB
Cached:           724148 kB
MemTotal:        1844596 kB
MemFree:          868384 kB
MemAvailable:    1526060 kB
Buffers:           42860 kB
Cached:           724148 kB
MemTotal:        1844596 kB
MemFree:          868828 kB
MemAvailable:    1526504 kB
Buffers:           42860 kB
Cached:           724148 kB
MemTotal:        1844596 kB
MemFree:          867624 kB
MemAvailable:    1525300 kB
Buffers:           42860 kB
Cached:           724148 kB
MemTotal:        1844596 kB
MemFree:          867864 kB
MemAvailable:    1525540 kB
Buffers:           42860 kB
Cached:           724148 kB
MemTotal:        1844596 kB
MemFree:          867748 kB
MemAvailable:    1525424 kB
Buffers:           42860 kB
Cached:           724148 kB
MemTotal:        1844596 kB
MemFree:          868384 kB
MemAvailable:    1526060 kB
Buffers:           42860 kB
Cached:           724148 kB
MemTotal:        1844596 kB
MemFree:          867524 kB
MemAvailable:    1525200 kB
Buffers:           42860 kB
Cached:           724148 kB
MemTotal:        1844596 kB
MemFree:          867708 kB
MemAvailable:    1525384 kB
Buffers:           42860 kB
Cached:           724148 kB
MemTotal:        1844596 kB
MemFree:          866736 kB
MemAvailable:    1524412 kB
Buffers:           42860 kB
Cached:           724148 kB
MemTotal:        1844596 kB
MemFree:          866592 kB
MemAvailable:    1524268 kB
Buffers:           42860 kB
Cached:           724148 kB
MemTotal:        1844596 kB
MemFree:          866592 kB
MemAvailable:    1524268 kB
Buffers:           42860 kB
Cached:           724148 kB
MemTotal:        1844596 kB
MemFree:          868024 kB
MemAvailable:    1525700 kB
Buffers:           42860 kB
Cached:           724148 kB
MemTotal:        1844596 kB
MemFree:          868060 kB
MemAvailable:    1525736 kB
Buffers:           42860 kB
Cached:           724148 kB
MemTotal:        1844596 kB
MemFree:          867888 kB
MemAvailable:    1525564 kB
Buffers:           42860 kB
Cached:           724148 kB
MemTotal:        1844596 kB
MemFree:          866732 kB
MemAvailable:    1524416 kB
Buffers:           42860 kB
Cached:           724156 kB
MemTotal:        1844596 kB
MemFree:          867704 kB
MemAvailable:    1525388 kB
Buffers:           42860 kB
Cached:           724156 kB
MemTotal:        1844596 kB
MemFree:          867956 kB
MemAvailable:    1525640 kB
Buffers:           42860 kB
Cached:           724156 kB
MemTotal:        1844596 kB
MemFree:          866648 kB
MemAvailable:    1524332 kB
Buffers:           42860 kB
Cached:           724156 kB
MemTotal:        1844596 kB
MemFree:          866772 kB
MemAvailable:    1524456 kB
Buffers:           42860 kB
Cached:           724156 kB
MemTotal:        1844596 kB
MemFree:          866532 kB
MemAvailable:    1524216 kB
Buffers:           42860 kB
Cached:           724156 kB
MemTotal:        1844596 kB
MemFree:          866408 kB
MemAvailable:    1524092 kB
Buffers:           42860 kB
Cached:           724156 kB
MemTotal:        1844596 kB
MemFree:          867392 kB
MemAvailable:    1525076 kB
Buffers:           42860 kB
Cached:           724156 kB
MemTotal:        1844596 kB
MemFree:          867728 kB
MemAvailable:    1525412 kB
Buffers:           42860 kB
Cached:           724156 kB
MemTotal:        1844596 kB
MemFree:          866160 kB
MemAvailable:    1523844 kB
Buffers:           42860 kB
Cached:           724156 kB
MemTotal:        1844596 kB
MemFree:          866880 kB
MemAvailable:    1524564 kB
Buffers:           42860 kB
Cached:           724156 kB
MemTotal:        1844596 kB
MemFree:          867216 kB
MemAvailable:    1524900 kB
Buffers:           42860 kB
Cached:           724156 kB
MemTotal:        1844596 kB
MemFree:          866972 kB
MemAvailable:    1524656 kB
Buffers:           42860 kB
Cached:           724156 kB
MemTotal:        1844596 kB
MemFree:          866284 kB
MemAvailable:    1523968 kB
Buffers:           42860 kB
Cached:           724156 kB
MemTotal:        1844596 kB
MemFree:          867184 kB
MemAvailable:    1524868 kB
Buffers:           42860 kB
Cached:           724156 kB
MemTotal:        1844596 kB
MemFree:          866872 kB
MemAvailable:    1524556 kB
Buffers:           42860 kB
Cached:           724156 kB
MemTotal:        1844596 kB
MemFree:          867028 kB
MemAvailable:    1524712 kB
Buffers:           42860 kB
Cached:           724156 kB
MemTotal:        1844596 kB
MemFree:          865776 kB
MemAvailable:    1523460 kB
Buffers:           42860 kB
Cached:           724156 kB
MemTotal:        1844596 kB
MemFree:          867016 kB
MemAvailable:    1524700 kB
Buffers:           42860 kB
Cached:           724156 kB
MemTotal:        1844596 kB
MemFree:          866160 kB
MemAvailable:    1523844 kB
Buffers:           42860 kB
Cached:           724156 kB
MemTotal:        1844596 kB
MemFree:          864788 kB
MemAvailable:    1522472 kB
Buffers:           42860 kB
Cached:           724156 kB
MemTotal:        1844596 kB
MemFree:          864920 kB
MemAvailable:    1522604 kB
Buffers:           42860 kB
Cached:           724156 kB
MemTotal:        1844596 kB
MemFree:          859820 kB
MemAvailable:    1517504 kB
Buffers:           42860 kB
Cached:           724156 kB
MemTotal:        1844596 kB
MemFree:          859820 kB
MemAvailable:    1517504 kB
Buffers:           42860 kB
Cached:           724156 kB
MemTotal:        1844596 kB
MemFree:          859584 kB
MemAvailable:    1517268 kB
Buffers:           42860 kB
Cached:           724156 kB
MemTotal:        1844596 kB
MemFree:          859276 kB
MemAvailable:    1516960 kB
Buffers:           42860 kB
Cached:           724156 kB
MemTotal:        1844596 kB
MemFree:          858904 kB
MemAvailable:    1516588 kB
Buffers:           42860 kB
Cached:           724156 kB
MemTotal:        1844596 kB
MemFree:          858904 kB
MemAvailable:    1516588 kB
Buffers:           42860 kB
Cached:           724156 kB
MemTotal:        1844596 kB
MemFree:          858948 kB
MemAvailable:    1516632 kB
Buffers:           42860 kB
Cached:           724156 kB
MemTotal:        1844596 kB
MemFree:          859204 kB
MemAvailable:    1516888 kB
Buffers:           42860 kB
Cached:           724156 kB
MemTotal:        1844596 kB
MemFree:          858928 kB
MemAvailable:    1516612 kB
Buffers:           42860 kB
Cached:           724156 kB
MemTotal:        1844596 kB
MemFree:          859084 kB
MemAvailable:    1516768 kB
Buffers:           42860 kB
Cached:           724156 kB
MemTotal:        1844596 kB
MemFree:          857656 kB
MemAvailable:    1515340 kB
Buffers:           42860 kB
Cached:           724156 kB
MemTotal:        1844596 kB
MemFree:          858084 kB
MemAvailable:    1515768 kB
Buffers:           42860 kB
Cached:           724156 kB
MemTotal:        1844596 kB
MemFree:          857828 kB
MemAvailable:    1515512 kB
Buffers:           42860 kB
Cached:           724156 kB
MemTotal:        1844596 kB
MemFree:          857820 kB
MemAvailable:    1515504 kB
Buffers:           42860 kB
Cached:           724156 kB
MemTotal:        1844596 kB
MemFree:          858880 kB
MemAvailable:    1516564 kB
Buffers:           42860 kB
Cached:           724156 kB
MemTotal:        1844596 kB
MemFree:          859216 kB
MemAvailable:    1516900 kB
Buffers:           42860 kB
Cached:           724156 kB
MemTotal:        1844596 kB
MemFree:          858640 kB
MemAvailable:    1516324 kB
Buffers:           42860 kB
Cached:           724156 kB
MemTotal:        1844596 kB
MemFree:          857208 kB
MemAvailable:    1514892 kB
Buffers:           42860 kB
Cached:           724156 kB
MemTotal:        1844596 kB
MemFree:          857604 kB
MemAvailable:    1515288 kB
Buffers:           42860 kB
Cached:           724156 kB
MemTotal:        1844596 kB
MemFree:          857912 kB
MemAvailable:    1515596 kB
Buffers:           42860 kB
Cached:           724156 kB
MemTotal:        1844596 kB
MemFree:          857912 kB
MemAvailable:    1515596 kB
Buffers:           42860 kB
Cached:           724156 kB
MemTotal:        1844596 kB
MemFree:          857648 kB
MemAvailable:    1515332 kB
Buffers:           42860 kB
Cached:           724156 kB
MemTotal:        1844596 kB
MemFree:          857524 kB
MemAvailable:    1515208 kB
Buffers:           42860 kB
Cached:           724156 kB
MemTotal:        1844596 kB
MemFree:          856116 kB
MemAvailable:    1513800 kB
Buffers:           42860 kB
Cached:           724156 kB
MemTotal:        1844596 kB
MemFree:          856100 kB
MemAvailable:    1513784 kB
Buffers:           42860 kB
Cached:           724156 kB
MemTotal:        1844596 kB
MemFree:          854572 kB
MemAvailable:    1512256 kB
Buffers:           42860 kB
Cached:           724156 kB
MemTotal:        1844596 kB
MemFree:          856104 kB
MemAvailable:    1513788 kB
Buffers:           42860 kB
Cached:           724156 kB
MemTotal:        1844596 kB
MemFree:          855480 kB
MemAvailable:    1513164 kB
Buffers:           42860 kB
Cached:           724156 kB
MemTotal:        1844596 kB
MemFree:          855816 kB
MemAvailable:    1513500 kB
Buffers:           42860 kB
Cached:           724156 kB
MemTotal:        1844596 kB
MemFree:          854240 kB
MemAvailable:    1511924 kB
Buffers:           42860 kB
Cached:           724156 kB
MemTotal:        1844596 kB
MemFree:          854612 kB
MemAvailable:    1512296 kB
Buffers:           42860 kB
Cached:           724156 kB
MemTotal:        1844596 kB
MemFree:          854008 kB
MemAvailable:    1511692 kB
Buffers:           42860 kB
Cached:           724156 kB
MemTotal:        1844596 kB
MemFree:          853876 kB
MemAvailable:    1511560 kB
Buffers:           42860 kB
Cached:           724156 kB
MemTotal:        1844596 kB
MemFree:          855068 kB
MemAvailable:    1512752 kB
Buffers:           42860 kB
Cached:           724156 kB
MemTotal:        1844596 kB
MemFree:          855128 kB
MemAvailable:    1512812 kB
Buffers:           42860 kB
Cached:           724156 kB
MemTotal:        1844596 kB
MemFree:          853820 kB
MemAvailable:    1511504 kB
Buffers:           42860 kB
Cached:           724156 kB
MemTotal:        1844596 kB
MemFree:          855164 kB
MemAvailable:    1512848 kB
Buffers:           42860 kB
Cached:           724156 kB
MemTotal:        1844596 kB
MemFree:          855284 kB
MemAvailable:    1512968 kB
Buffers:           42860 kB
Cached:           724156 kB
MemTotal:        1844596 kB
MemFree:          854504 kB
MemAvailable:    1512188 kB
Buffers:           42860 kB
Cached:           724156 kB
MemTotal:        1844596 kB
MemFree:          855232 kB
MemAvailable:    1512924 kB
Buffers:           42860 kB
Cached:           724164 kB
MemTotal:        1844596 kB
MemFree:          854884 kB
MemAvailable:    1512576 kB
Buffers:           42860 kB
Cached:           724164 kB
MemTotal:        1844596 kB
MemFree:          853504 kB
MemAvailable:    1511196 kB
Buffers:           42860 kB
Cached:           724164 kB
MemTotal:        1844596 kB
MemFree:          854796 kB
MemAvailable:    1512488 kB
Buffers:           42860 kB
Cached:           724164 kB
MemTotal:        1844596 kB
MemFree:          849296 kB
MemAvailable:    1506988 kB
Buffers:           42860 kB
Cached:           724164 kB
MemTotal:        1844596 kB
MemFree:          848668 kB
MemAvailable:    1506360 kB
Buffers:           42860 kB
Cached:           724164 kB
MemTotal:        1844596 kB
MemFree:          849976 kB
MemAvailable:    1507668 kB
Buffers:           42860 kB
Cached:           724164 kB
MemTotal:        1844596 kB
MemFree:          849728 kB
MemAvailable:    1507420 kB
Buffers:           42860 kB
Cached:           724164 kB
MemTotal:        1844596 kB
MemFree:          848676 kB
MemAvailable:    1506368 kB
Buffers:           42860 kB
Cached:           724164 kB
MemTotal:        1844596 kB
MemFree:          849408 kB
MemAvailable:    1507100 kB
Buffers:           42860 kB
Cached:           724164 kB
MemTotal:        1844596 kB
MemFree:          848120 kB
MemAvailable:    1505812 kB
Buffers:           42860 kB
Cached:           724164 kB
MemTotal:        1844596 kB
MemFree:          849352 kB
MemAvailable:    1507044 kB
Buffers:           42860 kB
Cached:           724164 kB
MemTotal:        1844596 kB
MemFree:          849104 kB
MemAvailable:    1506796 kB
Buffers:           42860 kB
Cached:           724164 kB
MemTotal:        1844596 kB
MemFree:          849104 kB
MemAvailable:    1506796 kB
Buffers:           42860 kB
Cached:           724164 kB
MemTotal:        1844596 kB
MemFree:          849380 kB
MemAvailable:    1507076 kB
Buffers:           42860 kB
Cached:           724168 kB
MemTotal:        1844596 kB
MemFree:          849248 kB
MemAvailable:    1506944 kB
Buffers:           42860 kB
Cached:           724168 kB
MemTotal:        1844596 kB
MemFree:          849032 kB
MemAvailable:    1506728 kB
Buffers:           42860 kB
Cached:           724168 kB
MemTotal:        1844596 kB
MemFree:          846940 kB
MemAvailable:    1504636 kB
Buffers:           42860 kB
Cached:           724168 kB
MemTotal:        1844596 kB
MemFree:          846876 kB
MemAvailable:    1504572 kB
Buffers:           42860 kB
Cached:           724168 kB
MemTotal:        1844596 kB
MemFree:          845884 kB
MemAvailable:    1503580 kB
Buffers:           42860 kB
Cached:           724168 kB
MemTotal:        1844596 kB
MemFree:          845700 kB
MemAvailable:    1503396 kB
Buffers:           42860 kB
Cached:           724168 kB
MemTotal:        1844596 kB
MemFree:          845988 kB
MemAvailable:    1503684 kB
Buffers:           42860 kB
Cached:           724168 kB
MemTotal:        1844596 kB
MemFree:          845948 kB
MemAvailable:    1503644 kB
Buffers:           42860 kB
Cached:           724168 kB
MemTotal:        1844596 kB
MemFree:          845944 kB
MemAvailable:    1503640 kB
Buffers:           42860 kB
Cached:           724168 kB
MemTotal:        1844596 kB
MemFree:          845980 kB
MemAvailable:    1503676 kB
Buffers:           42860 kB
Cached:           724168 kB
MemTotal:        1844596 kB
MemFree:          845884 kB
MemAvailable:    1503580 kB
Buffers:           42860 kB
Cached:           724168 kB
MemTotal:        1844596 kB
MemFree:          845204 kB
MemAvailable:    1502900 kB
Buffers:           42860 kB
Cached:           724168 kB
MemTotal:        1844596 kB
MemFree:          847668 kB
MemAvailable:    1505364 kB
Buffers:           42860 kB
Cached:           724168 kB
MemTotal:        1844596 kB
MemFree:          848004 kB
MemAvailable:    1505700 kB
Buffers:           42860 kB
Cached:           724168 kB
MemTotal:        1844596 kB
MemFree:          847760 kB
MemAvailable:    1505624 kB
Buffers:           42860 kB
Cached:           724416 kB
MemTotal:        1844596 kB
MemFree:          847564 kB
MemAvailable:    1505596 kB
Buffers:           42860 kB
Cached:           724540 kB
MemTotal:        1844596 kB
MemFree:          847400 kB
MemAvailable:    1505516 kB
Buffers:           42860 kB
Cached:           724664 kB
MemTotal:        1844596 kB
MemFree:          847400 kB
MemAvailable:    1505516 kB
Buffers:           42860 kB
Cached:           724664 kB
MemTotal:        1844596 kB
MemFree:          846140 kB
MemAvailable:    1504340 kB
Buffers:           42860 kB
Cached:           724788 kB
MemTotal:        1844596 kB
MemFree:          845884 kB
MemAvailable:    1504084 kB
Buffers:           42860 kB
Cached:           724788 kB
MemTotal:        1844596 kB
MemFree:          847184 kB
MemAvailable:    1505384 kB
Buffers:           42860 kB
Cached:           724788 kB
MemTotal:        1844596 kB
MemFree:          847184 kB
MemAvailable:    1505468 kB
Buffers:           42860 kB
Cached:           724788 kB
MemTotal:        1844596 kB
MemFree:          847308 kB
MemAvailable:    1505592 kB
Buffers:           42860 kB
Cached:           724788 kB
MemTotal:        1844596 kB
MemFree:          847332 kB
MemAvailable:    1505616 kB
Buffers:           42860 kB
Cached:           724788 kB
MemTotal:        1844596 kB
MemFree:          846320 kB
MemAvailable:    1504604 kB
Buffers:           42860 kB
Cached:           724788 kB
MemTotal:        1844596 kB
MemFree:          847044 kB
MemAvailable:    1505328 kB
Buffers:           42860 kB
Cached:           724788 kB
MemTotal:        1844596 kB
MemFree:          847380 kB
MemAvailable:    1505664 kB
Buffers:           42860 kB
Cached:           724788 kB
MemTotal:        1844596 kB
MemFree:          846436 kB
MemAvailable:    1504132 kB
Buffers:           42860 kB
Cached:           724156 kB
MemTotal:        1844596 kB
MemFree:          916220 kB
MemAvailable:    1573916 kB
Buffers:           42860 kB
Cached:           724156 kB
