MemTotal:        1844596 kB
MemFree:          835068 kB
MemAvailable:    1539456 kB
Buffers:           48328 kB
Cached:           766248 kB
MemTotal:        1844596 kB
MemFree:          833572 kB
MemAvailable:    1537960 kB
Buffers:           48328 kB
Cached:           766248 kB
MemTotal:        1844596 kB
MemFree:          834572 kB
MemAvailable:    1538960 kB
Buffers:           48328 kB
Cached:           766248 kB
MemTotal:        1844596 kB
MemFree:          831464 kB
MemAvailable:    1535852 kB
Buffers:           48328 kB
Cached:           766248 kB
MemTotal:        1844596 kB
MemFree:          831464 kB
MemAvailable:    1535852 kB
Buffers:           48328 kB
Cached:           766248 kB
MemTotal:        1844596 kB
MemFree:          831360 kB
MemAvailable:    1535748 kB
Buffers:           48328 kB
Cached:           766248 kB
MemTotal:        1844596 kB
MemFree:          829240 kB
MemAvailable:    1533628 kB
Buffers:           48328 kB
Cached:           766248 kB
MemTotal:        1844596 kB
MemFree:          828496 kB
MemAvailable:    1532884 kB
Buffers:           48328 kB
Cached:           766248 kB
MemTotal:        1844596 kB
MemFree:          826316 kB
MemAvailable:    1530708 kB
Buffers:           48328 kB
Cached:           766252 kB
MemTotal:        1844596 kB
MemFree:          824156 kB
MemAvailable:    1528548 kB
Buffers:           48328 kB
Cached:           766252 kB
MemTotal:        1844596 kB
MemFree:          820288 kB
MemAvailable:    1524680 kB
Buffers:           48328 kB
Cached:           766252 kB
MemTotal:        1844596 kB
MemFree:          820180 kB
MemAvailable:    1524572 kB
Buffers:           48328 kB
Cached:           766252 kB
MemTotal:        1844596 kB
MemFree:          820140 kB
MemAvailable:    1524532 kB
Buffers:           48328 kB
Cached:           766252 kB
MemTotal:        1844596 kB
MemFree:          821512 kB
MemAvailable:    1525904 kB
Buffers:           48328 kB
Cached:           766252 kB
MemTotal:        1844596 kB
MemFree:          821368 kB
MemAvailable:    1525760 kB
Buffers:           48328 kB
Cached:           766252 kB
MemTotal:        1844596 kB
MemFree:          821368 kB
MemAvailable:    1525760 kB
Buffers:           48328 kB
Cached:           766252 kB
MemTotal:        1844596 kB
MemFree:          821232 kB
MemAvailable:    1525624 kB
Buffers:           48328 kB
Cached:           766252 kB
MemTotal:        1844596 kB
MemFree:          821304 kB
MemAvailable:    1525696 kB
Buffers:           48328 kB
Cached:           766252 kB
MemTotal:        1844596 kB
MemFree:          819444 kB
MemAvailable:    1523836 kB
Buffers:           48328 kB
Cached:           766252 kB
MemTotal:        1844596 kB
MemFree:          818700 kB
MemAvailable:    1523092 kB
Buffers:           48328 kB
Cached:           766252 kB
MemTotal:        1844596 kB
MemFree:          819064 kB
MemAvailable:    1523456 kB
Buffers:           48328 kB
Cached:           766252 kB
MemTotal:        1844596 kB
MemFree:          819204 kB
MemAvailable:    1523596 kB
Buffers:           48328 kB
Cached:           766252 kB
MemTotal:        1844596 kB
MemFree:          818932 kB
MemAvailable:    1523324 kB
Buffers:           48328 kB
Cached:           766252 kB
MemTotal:        1844596 kB
MemFree:          818700 kB
MemAvailable:    1523092 kB
Buffers:           48328 kB
Cached:           766252 kB
MemTotal:        1844596 kB
MemFree:          818892 kB
MemAvailable:    1523284 kB
Buffers:           48328 kB
Cached:           766252 kB
MemTotal:        1844596 kB
MemFree:          819080 kB
MemAvailable:    1523472 kB
Buffers:           48328 kB
Cached:           766252 kB
MemTotal:        1844596 kB
MemFree:          817808 kB
MemAvailable:    1522200 kB
Buffers:           48328 kB
Cached:           766252 kB
MemTotal:        1844596 kB
MemFree:          819048 kB
MemAvailable:    1523440 kB
Buffers:           48328 kB
Cached:           766252 kB
MemTotal:        1844596 kB
MemFree:          818936 kB
MemAvailable:    1523328 kB
Buffers:           48328 kB
Cached:           766252 kB
MemTotal:        1844596 kB
MemFree:          818328 kB
MemAvailable:    1522720 kB
Buffers:           48328 kB
Cached:           766252 kB
MemTotal:        1844596 kB
MemFree:          820172 kB
MemAvailable:    1524564 kB
Buffers:           48328 kB
Cached:           766252 kB
MemTotal:        1844596 kB
MemFree:          820424 kB
MemAvailable:    1524816 kB
Buffers:           48328 kB
Cached:           766252 kB
MemTotal:        1844596 kB
MemFree:          818072 kB
MemAvailable:    1522464 kB
Buffers:           48328 kB
Cached:           766252 kB
MemTotal:        1844596 kB
MemFree:          817024 kB
MemAvailable:    1521416 kB
Buffers:           48328 kB
Cached:           766252 kB
MemTotal:        1844596 kB
MemFree:          815716 kB
MemAvailable:    1520108 kB
Buffers:           48328 kB
Cached:           766252 kB
MemTotal:        1844596 kB
MemFree:          815956 kB
MemAvailable:    1520348 kB
Buffers:           48328 kB
Cached:           766252 kB
MemTotal:        1844596 kB
MemFree:          815724 kB
MemAvailable:    1520116 kB
Buffers:           48328 kB
Cached:           766252 kB
MemTotal:        1844596 kB
MemFree:          815088 kB
MemAvailable:    1519480 kB
Buffers:           48328 kB
Cached:           766252 kB
MemTotal:        1844596 kB
MemFree:          815424 kB
MemAvailable:    1519816 kB
Buffers:           48328 kB
Cached:           766252 kB
MemTotal:        1844596 kB
MemFree:          815032 kB
MemAvailable:    1519424 kB
Buffers:           48328 kB
Cached:           766252 kB
MemTotal:        1844596 kB
MemFree:          814792 kB
MemAvailable:    1519184 kB
Buffers:           48328 kB
Cached:           766252 kB
MemTotal:        1844596 kB
MemFree:          815044 kB
MemAvailable:    1519436 kB
Buffers:           48328 kB
Cached:           766252 kB
MemTotal:        1844596 kB
MemFree:          814836 kB
MemAvailable:    1519228 kB
Buffers:           48328 kB
Cached:           766252 kB
MemTotal:        1844596 kB
MemFree:          814864 kB
MemAvailable:    1519256 kB
Buffers:           48328 kB
Cached:           766252 kB
MemTotal:        1844596 kB
MemFree:          813608 kB
MemAvailable:    1518000 kB
Buffers:           48328 kB
Cached:           766252 kB
MemTotal:        1844596 kB
MemFree:          813608 kB
MemAvailable:    1518000 kB
Buffers:           48328 kB
Cached:           766252 kB
MemTotal:        1844596 kB
MemFree:          814484 kB
MemAvailable:    1518876 kB
Buffers:           48328 kB
Cached:           766252 kB
MemTotal:        1844596 kB
MemFree:          812872 kB
MemAvailable:    1517264 kB
Buffers:           48328 kB
Cached:           766252 kB
MemTotal:        1844596 kB
MemFree:          812988 kB
MemAvailable:    1517380 kB
Buffers:           48328 kB
Cached:           766252 kB
MemTotal:        1844596 kB
MemFree:          814092 kB
MemAvailable:    1518484 kB
Buffers:           48328 kB
Cached:           766252 kB
MemTotal:        1844596 kB
MemFree:          814036 kB
MemAvailable:    1518428 kB
Buffers:           48328 kB
Cached:           766252 kB
MemTotal:        1844596 kB
MemFree:          813796 kB
MemAvailable:    1518188 kB
Buffers:           48328 kB
Cached:           766252 kB
MemTotal:        1844596 kB
MemFree:          813748 kB
MemAvailable:    1518140 kB
Buffers:           48328 kB
Cached:           766252 kB
MemTotal:        1844596 kB
MemFree:          813816 kB
MemAvailable:    1518208 kB
Buffers:           48328 kB
Cached:           766252 kB
MemTotal:        1844596 kB
MemFree:          812736 kB
MemAvailable:    1517128 kB
Buffers:           48328 kB
Cached:           766252 kB
MemTotal:        1844596 kB
MemFree:          813720 kB
MemAvailable:    1518112 kB
Buffers:           48328 kB
Cached:           766252 kB
MemTotal:        1844596 kB
MemFree:          814056 kB
MemAvailable:    1518448 kB
Buffers:           48328 kB
Cached:           766252 kB
MemTotal:        1844596 kB
MemFree:          812604 kB
MemAvailable:    1516996 kB
Buffers:           48328 kB
Cached:           766252 kB
MemTotal:        1844596 kB
MemFree:          812688 kB
MemAvailable:    1517080 kB
Buffers:           48328 kB
Cached:           766252 kB
MemTotal:        1844596 kB
MemFree:          813920 kB
MemAvailable:    1518312 kB
Buffers:           48328 kB
Cached:           766252 kB
MemTotal:        1844596 kB
MemFree:          813672 kB
MemAvailable:    1518064 kB
Buffers:           48328 kB
Cached:           766252 kB
MemTotal:        1844596 kB
MemFree:          813476 kB
MemAvailable:    1517868 kB
Buffers:           48328 kB
Cached:           766252 kB
MemTotal:        1844596 kB
MemFree:          812252 kB
MemAvailable:    1516644 kB
Buffers:           48328 kB
Cached:           766252 kB
MemTotal:        1844596 kB
MemFree:          812976 kB
MemAvailable:    1517368 kB
Buffers:           48328 kB
Cached:           766252 kB
MemTotal:        1844596 kB
MemFree:          813312 kB
MemAvailable:    1517704 kB
Buffers:           48328 kB
Cached:           766252 kB
MemTotal:        1844596 kB
MemFree:          811736 kB
MemAvailable:    1516128 kB
Buffers:           48328 kB
Cached:           766252 kB
MemTotal:        1844596 kB
MemFree:          811860 kB
MemAvailable:    1516252 kB
Buffers:           48328 kB
Cached:           766252 kB
MemTotal:        1844596 kB
MemFree:          812968 kB
MemAvailable:    1517360 kB
Buffers:           48328 kB
Cached:           766252 kB
MemTotal:        1844596 kB
MemFree:          813052 kB
MemAvailable:    1517444 kB
Buffers:           48328 kB
Cached:           766252 kB
MemTotal:        1844596 kB
MemFree:          812856 kB
MemAvailable:    1517248 kB
Buffers:           48328 kB
Cached:           766252 kB
MemTotal:        1844596 kB
MemFree:          813108 kB
MemAvailable:    1517500 kB
Buffers:           48328 kB
Cached:           766252 kB
MemTotal:        1844596 kB
MemFree:          811744 kB
MemAvailable:    1516136 kB
Buffers:           48328 kB
Cached:           766252 kB
MemTotal:        1844596 kB
MemFree:          812984 kB
MemAvailable:    1517376 kB
Buffers:           48328 kB
Cached:           766252 kB
MemTotal:        1844596 kB
MemFree:          812128 kB
MemAvailable:    1516520 kB
Buffers:           48328 kB
Cached:           766252 kB
MemTotal:        1844596 kB
MemFree:          811120 kB
MemAvailable:    1515512 kB
Buffers:           48328 kB
Cached:           766252 kB
MemTotal:        1844596 kB
MemFree:          811120 kB
MemAvailable:    1515512 kB
Buffers:           48328 kB
Cached:           766252 kB
MemTotal:        1844596 kB
MemFree:          805664 kB
MemAvailable:    1510056 kB
Buffers:           48328 kB
Cached:           766252 kB
MemTotal:        1844596 kB
MemFree:          805876 kB
MemAvailable:    1510268 kB
Buffers:           48328 kB
Cached:           766252 kB
MemTotal:        1844596 kB
MemFree:          804316 kB
MemAvailable:    1508708 kB
Buffers:           48328 kB
Cached:           766252 kB
MemTotal:        1844596 kB
MemFree:          804880 kB
MemAvailable:    1509272 kB
Buffers:           48328 kB
Cached:           766252 kB
MemTotal:        1844596 kB
MemFree:          804880 kB
MemAvailable:    1509272 kB
Buffers:           48328 kB
Cached:           766252 kB
MemTotal:        1844596 kB
MemFree:          804920 kB
MemAvailable:    1509312 kB
Buffers:           48328 kB
Cached:           766252 kB
MemTotal:        1844596 kB
MemFree:          805172 kB
MemAvailable:    1509564 kB
Buffers:           48328 kB
Cached:           766252 kB
MemTotal:        1844596 kB
MemFree:          804840 kB
MemAvailable:    1509232 kB
Buffers:           48328 kB
Cached:           766252 kB
MemTotal:        1844596 kB
MemFree:          805184 kB
MemAvailable:    1509576 kB
Buffers:           48328 kB
Cached:           766252 kB
MemTotal:        1844596 kB
MemFree:          804804 kB
MemAvailable:    1509204 kB
Buffers:           48328 kB
Cached:           766260 kB
MemTotal:        1844596 kB
MemFree:          805060 kB
MemAvailable:    1509460 kB
Buffers:           48328 kB
Cached:           766260 kB
MemTotal:        1844596 kB
MemFree:          804948 kB
MemAvailable:    1509348 kB
Buffers:           48328 kB
Cached:           766260 kB
MemTotal:        1844596 kB
MemFree:          804748 kB
MemAvailable:    1509148 kB
Buffers:           48328 kB
Cached:           766260 kB
MemTotal:        1844596 kB
MemFree:          805084 kB
MemAvailable:    1509484 kB
Buffers:           48328 kB
Cached:           766260 kB
MemTotal:        1844596 kB
MemFree:          804924 kB
MemAvailable:    1509324 kB
Buffers:           48328 kB
Cached:           766260 kB
MemTotal:        1844596 kB
MemFree:          804780 kB
MemAvailable:    1509180 kB
Buffers:           48340 kB
Cached:           766248 kB
MemTotal:        1844596 kB
MemFree:          804780 kB
MemAvailable:    1509180 kB
Buffers:           48340 kB
Cached:           766248 kB
MemTotal:        1844596 kB
MemFree:          804300 kB
MemAvailable:    1508700 kB
Buffers:           48340 kB
Cached:           766248 kB
MemTotal:        1844596 kB
MemFree:          804200 kB
MemAvailable:    1508600 kB
Buffers:           48340 kB
Cached:           766248 kB
MemTotal:        1844596 kB
MemFree:          802696 kB
MemAvailable:    1507096 kB
Buffers:           48340 kB
Cached:           766248 kB
MemTotal:        1844596 kB
MemFree:          803632 kB
MemAvailable:    1508032 kB
Buffers:           48340 kB
Cached:           766248 kB
MemTotal:        1844596 kB
MemFree:          802456 kB
MemAvailable:    1506856 kB
Buffers:           48340 kB
Cached:           766248 kB
MemTotal:        1844596 kB
MemFree:          803048 kB
MemAvailable:    1507448 kB
Buffers:           48340 kB
Cached:           766248 kB
MemTotal:        1844596 kB
MemFree:          803384 kB
MemAvailable:    1507784 kB
Buffers:           48340 kB
Cached:           766248 kB
MemTotal:        1844596 kB
MemFree:          802192 kB
MemAvailable:    1506592 kB
Buffers:           48340 kB
Cached:           766248 kB
MemTotal:        1844596 kB
MemFree:          801960 kB
MemAvailable:    1506360 kB
Buffers:           48340 kB
Cached:           766248 kB
MemTotal:        1844596 kB
MemFree:          802024 kB
MemAvailable:    1506424 kB
Buffers:           48340 kB
Cached:           766248 kB
MemTotal:        1844596 kB
MemFree:          802192 kB
MemAvailable:    1506592 kB
Buffers:           48340 kB
Cached:           766248 kB
MemTotal:        1844596 kB
MemFree:          801448 kB
MemAvailable:    1505848 kB
Buffers:           48340 kB
Cached:           766248 kB
MemTotal:        1844596 kB
MemFree:          801784 kB
MemAvailable:    1506184 kB
Buffers:           48340 kB
Cached:           766248 kB
MemTotal:        1844596 kB
MemFree:          801456 kB
MemAvailable:    1505856 kB
Buffers:           48340 kB
Cached:           766248 kB
MemTotal:        1844596 kB
MemFree:          800224 kB
MemAvailable:    1504624 kB
Buffers:           48340 kB
Cached:           766248 kB
MemTotal:        1844596 kB
MemFree:          800896 kB
MemAvailable:    1505296 kB
Buffers:           48340 kB
Cached:           766248 kB
MemTotal:        1844596 kB
MemFree:          801232 kB
MemAvailable:    1505632 kB
Buffers:           48340 kB
Cached:           766248 kB
MemTotal:        1844596 kB
MemFree:          799780 kB
MemAvailable:    1504180 kB
Buffers:           48340 kB
Cached:           766248 kB
MemTotal:        1844596 kB
MemFree:          801148 kB
MemAvailable:    1505548 kB
Buffers:           48340 kB
Cached:           766248 kB
MemTotal:        1844596 kB
MemFree:          800772 kB
MemAvailable:    1505172 kB
Buffers:           48340 kB
Cached:           766248 kB
MemTotal:        1844596 kB
MemFree:          801108 kB
MemAvailable:    1505508 kB
Buffers:           48340 kB
Cached:           766248 kB
MemTotal:        1844596 kB
MemFree:          801032 kB
MemAvailable:    1505432 kB
Buffers:           48340 kB
Cached:           766248 kB
MemTotal:        1844596 kB
MemFree:          799828 kB
MemAvailable:    1504228 kB
Buffers:           48340 kB
Cached:           766248 kB
MemTotal:        1844596 kB
MemFree:          799472 kB
MemAvailable:    1503872 kB
Buffers:           48340 kB
Cached:           766248 kB
MemTotal:        1844596 kB
MemFree:          799472 kB
MemAvailable:    1503872 kB
Buffers:           48340 kB
Cached:           766248 kB
MemTotal:        1844596 kB
MemFree:          796256 kB
MemAvailable:    1500656 kB
Buffers:           48340 kB
Cached:           766248 kB
MemTotal:        1844596 kB
MemFree:          795932 kB
MemAvailable:    1500332 kB
Buffers:           48340 kB
Cached:           766248 kB
MemTotal:        1844596 kB
MemFree:          795736 kB
MemAvailable:    1500136 kB
Buffers:           48340 kB
Cached:           766248 kB
MemTotal:        1844596 kB
MemFree:          795480 kB
MemAvailable:    1499880 kB
Buffers:           48340 kB
Cached:           766248 kB
MemTotal:        1844596 kB
MemFree:          795388 kB
MemAvailable:    1499788 kB
Buffers:           48340 kB
Cached:           766248 kB
MemTotal:        1844596 kB
MemFree:          795260 kB
MemAvailable:    1499660 kB
Buffers:           48340 kB
Cached:           766248 kB
MemTotal:        1844596 kB
MemFree:          795304 kB
MemAvailable:    1499704 kB
Buffers:           48340 kB
Cached:           766248 kB
MemTotal:        1844596 kB
MemFree:          793956 kB
MemAvailable:    1498356 kB
Buffers:           48340 kB
Cached:           766248 kB
MemTotal:        1844596 kB
MemFree:          795108 kB
MemAvailable:    1499508 kB
Buffers:           48340 kB
Cached:           766248 kB
MemTotal:        1844596 kB
MemFree:          795060 kB
MemAvailable:    1499460 kB
Buffers:           48340 kB
Cached:           766248 kB
MemTotal:        1844596 kB
MemFree:          794836 kB
MemAvailable:    1499236 kB
Buffers:           48340 kB
Cached:           766248 kB
MemTotal:        1844596 kB
MemFree:          795172 kB
MemAvailable:    1499572 kB
Buffers:           48340 kB
Cached:           766248 kB
MemTotal:        1844596 kB
MemFree:          793892 kB
MemAvailable:    1498292 kB
Buffers:           48340 kB
Cached:           766248 kB
MemTotal:        1844596 kB
MemFree:          793976 kB
MemAvailable:    1498376 kB
Buffers:           48340 kB
Cached:           766248 kB
MemTotal:        1844596 kB
MemFree:          792340 kB
MemAvailable:    1496740 kB
Buffers:           48340 kB
Cached:           766248 kB
MemTotal:        1844596 kB
MemFree:          792216 kB
MemAvailable:    1496616 kB
Buffers:           48340 kB
Cached:           766248 kB
MemTotal:        1844596 kB
MemFree:          791544 kB
MemAvailable:    1495944 kB
Buffers:           48340 kB
Cached:           766248 kB
MemTotal:        1844596 kB
MemFree:          792084 kB
MemAvailable:    1496484 kB
Buffers:           48340 kB
Cached:           766248 kB
MemTotal:        1844596 kB
MemFree:          791852 kB
MemAvailable:    1496252 kB
Buffers:           48340 kB
Cached:           766248 kB
MemTotal:        1844596 kB
MemFree:          790752 kB
MemAvailable:    1495152 kB
Buffers:           48340 kB
Cached:           766248 kB
MemTotal:        1844596 kB
MemFree:          793840 kB
MemAvailable:    1498240 kB
Buffers:           48340 kB
Cached:           766248 kB
MemTotal:        1844596 kB
MemFree:          794092 kB
MemAvailable:    1498492 kB
Buffers:           48340 kB
Cached:           766248 kB
MemTotal:        1844596 kB
MemFree:          793844 kB
MemAvailable:    1498328 kB
Buffers:           48340 kB
Cached:           766372 kB
MemTotal:        1844596 kB
MemFree:          793712 kB
MemAvailable:    1498280 kB
Buffers:           48340 kB
Cached:           766372 kB
MemTotal:        1844596 kB
MemFree:          792660 kB
MemAvailable:    1497228 kB
Buffers:           48340 kB
Cached:           766496 kB
MemTotal:        1844596 kB
MemFree:          793388 kB
MemAvailable:    1498140 kB
Buffers:           48340 kB
Cached:           766636 kB
MemTotal:        1844596 kB
MemFree:          793724 kB
MemAvailable:    1498476 kB
Buffers:           48340 kB
Cached:           766636 kB
MemTotal:        1844596 kB
MemFree:          792148 kB
MemAvailable:    1496984 kB
Buffers:           48340 kB
Cached:           766884 kB
MemTotal:        1844596 kB
MemFree:          793388 kB
MemAvailable:    1498308 kB
Buffers:           48340 kB
Cached:           766884 kB
MemTotal:        1844596 kB
MemFree:          793472 kB
MemAvailable:    1498392 kB
Buffers:           48340 kB
Cached:           766884 kB
MemTotal:        1844596 kB
MemFree:          792960 kB
MemAvailable:    1497964 kB
Buffers:           48340 kB
Cached:           766884 kB
MemTotal:        1844596 kB
MemFree:          793296 kB
MemAvailable:    1498300 kB
Buffers:           48340 kB
Cached:           766884 kB
MemTotal:        1844596 kB
MemFree:          791852 kB
MemAvailable:    1496856 kB
Buffers:           48340 kB
Cached:           766884 kB
MemTotal:        1844596 kB
MemFree:          793160 kB
MemAvailable:    1498164 kB
Buffers:           48340 kB
Cached:           766884 kB
MemTotal:        1844596 kB
MemFree:          793128 kB
MemAvailable:    1498132 kB
Buffers:           48340 kB
Cached:           766884 kB
MemTotal:        1844596 kB
MemFree:          793380 kB
MemAvailable:    1498384 kB
Buffers:           48340 kB
Cached:           766884 kB
MemTotal:        1844596 kB
MemFree:          793132 kB
MemAvailable:    1497548 kB
Buffers:           48340 kB
Cached:           766252 kB
MemTotal:        1844596 kB
MemFree:          793024 kB
MemAvailable:    1497440 kB
Buffers:           48340 kB
Cached:           766252 kB
MemTotal:        1844596 kB
MemFree:          862156 kB
MemAvailable:    1566572 kB
Buffers:           48340 kB
Cached:           766252 kB
