MemTotal:        1844596 kB
MemFree:          957892 kB
MemAvailable:    1558864 kB
Buffers:           34752 kB
Cached:           670476 kB
MemTotal:        1844596 kB
MemFree:          955832 kB
MemAvailable:    1556804 kB
Buffers:           34752 kB
Cached:           670476 kB
MemTotal:        1844596 kB
MemFree:          952172 kB
MemAvailable:    1553144 kB
Buffers:           34752 kB
Cached:           670476 kB
MemTotal:        1844596 kB
MemFree:          953288 kB
MemAvailable:    1554260 kB
Buffers:           34752 kB
Cached:           670476 kB
MemTotal:        1844596 kB
MemFree:          950808 kB
MemAvailable:    1551780 kB
Buffers:           34752 kB
Cached:           670476 kB
MemTotal:        1844596 kB
MemFree:          952180 kB
MemAvailable:    1553152 kB
Buffers:           34752 kB
Cached:           670476 kB
MemTotal:        1844596 kB
MemFree:          950528 kB
MemAvailable:    1551500 kB
Buffers:           34752 kB
Cached:           670476 kB
MemTotal:        1844596 kB
MemFree:          948088 kB
MemAvailable:    1549060 kB
Buffers:           34752 kB
Cached:           670476 kB
MemTotal:        1844596 kB
MemFree:          945112 kB
MemAvailable:    1546084 kB
Buffers:           34752 kB
Cached:           670476 kB
MemTotal:        1844596 kB
MemFree:          942072 kB
MemAvailable:    1543044 kB
Buffers:           34752 kB
Cached:           670476 kB
MemTotal:        1844596 kB
MemFree:          941116 kB
MemAvailable:    1542088 kB
Buffers:           34752 kB
Cached:           670476 kB
MemTotal:        1844596 kB
MemFree:          942136 kB
MemAvailable:    1543108 kB
Buffers:           34752 kB
Cached:           670476 kB
MemTotal:        1844596 kB
MemFree:          942136 kB
MemAvailable:    1543108 kB
Buffers:           34752 kB
Cached:           670476 kB
MemTotal:        1844596 kB
MemFree:          941144 kB
MemAvailable:    1542116 kB
Buffers:           34752 kB
Cached:           670476 kB
MemTotal:        1844596 kB
MemFree:          942320 kB
MemAvailable:    1543292 kB
Buffers:           34752 kB
Cached:           670476 kB
MemTotal:        1844596 kB
MemFree:          942004 kB
MemAvailable:    1542976 kB
Buffers:           34752 kB
Cached:           670476 kB
MemTotal:        1844596 kB
MemFree:          940880 kB
MemAvailable:    1541852 kB
Buffers:           34752 kB
Cached:           670476 kB
MemTotal:        1844596 kB
MemFree:          940940 kB
MemAvailable:    1541912 kB
Buffers:           34752 kB
Cached:           670476 kB
MemTotal:        1844596 kB
MemFree:          939284 kB
MemAvailable:    1540256 kB
Buffers:           34752 kB
Cached:           670476 kB
MemTotal:        1844596 kB
MemFree:          940028 kB
MemAvailable:    1541000 kB
Buffers:           34752 kB
Cached:           670476 kB
MemTotal:        1844596 kB
MemFree:          938788 kB
MemAvailable:    1539760 kB
Buffers:           34752 kB
Cached:           670476 kB
MemTotal:        1844596 kB
MemFree:          939912 kB
MemAvailable:    1540884 kB
Buffers:           34752 kB
Cached:           670476 kB
MemTotal:        1844596 kB
MemFree:          939824 kB
MemAvailable:    1540796 kB
Buffers:           34752 kB
Cached:           670476 kB
MemTotal:        1844596 kB
MemFree:          939160 kB
MemAvailable:    1540132 kB
Buffers:           34752 kB
Cached:           670476 kB
MemTotal:        1844596 kB
MemFree:          939712 kB
MemAvailable:    1540684 kB
Buffers:           34752 kB
Cached:           670476 kB
MemTotal:        1844596 kB
MemFree:          939712 kB
MemAvailable:    1540684 kB
Buffers:           34752 kB
Cached:           670476 kB
MemTotal:        1844596 kB
MemFree:          938652 kB
MemAvailable:    1539624 kB
Buffers:           34752 kB
Cached:           670476 kB
MemTotal:        1844596 kB
MemFree:          938788 kB
MemAvailable:    1539760 kB
Buffers:           34752 kB
Cached:           670476 kB
MemTotal:        1844596 kB
MemFree:          939608 kB
MemAvailable:    1540580 kB
Buffers:           34752 kB
Cached:           670476 kB
MemTotal:        1844596 kB
MemFree:          939864 kB
MemAvailable:    1540836 kB
Buffers:           34752 kB
Cached:           670476 kB
MemTotal:        1844596 kB
MemFree:          940884 kB
MemAvailable:    1541856 kB
Buffers:           34752 kB
Cached:           670476 kB
MemTotal:        1844596 kB
MemFree:          940008 kB
MemAvailable:    1540980 kB
Buffers:           34752 kB
Cached:           670476 kB
MemTotal:        1844596 kB
MemFree:          939460 kB
MemAvailable:    1540432 kB
Buffers:           34752 kB
Cached:           670476 kB
MemTotal:        1844596 kB
MemFree:          937424 kB
MemAvailable:    1538396 kB
Buffers:           34752 kB
Cached:           670476 kB
MemTotal:        1844596 kB
MemFree:          937900 kB
MemAvailable:    1538872 kB
Buffers:           34752 kB
Cached:           670476 kB
MemTotal:        1844596 kB
MemFree:          936176 kB
MemAvailable:    1537148 kB
Buffers:           34752 kB
Cached:           670476 kB
MemTotal:        1844596 kB
MemFree:          936864 kB
MemAvailable:    1537836 kB
Buffers:           34752 kB
Cached:           670476 kB
MemTotal:        1844596 kB
MemFree:          936060 kB
MemAvailable:    1537032 kB
Buffers:           34752 kB
Cached:           670476 kB
MemTotal:        1844596 kB
MemFree:          936052 kB
MemAvailable:    1537024 kB
Buffers:           34752 kB
Cached:           670476 kB
MemTotal:        1844596 kB
MemFree:          935944 kB
MemAvailable:    1536916 kB
Buffers:           34752 kB
Cached:           670476 kB
MemTotal:        1844596 kB
MemFree:          934308 kB
MemAvailable:    1535280 kB
Buffers:           34752 kB
Cached:           670476 kB
MemTotal:        1844596 kB
MemFree:          934944 kB
MemAvailable:    1535916 kB
Buffers:           34752 kB
Cached:           670476 kB
MemTotal:        1844596 kB
MemFree:          934136 kB
MemAvailable:    1535108 kB
Buffers:           34752 kB
Cached:           670476 kB
MemTotal:        1844596 kB
MemFree:          934392 kB
MemAvailable:    1535364 kB
Buffers:           34752 kB
Cached:           670476 kB
MemTotal:        1844596 kB
MemFree:          935568 kB
MemAvailable:    1536540 kB
Buffers:           34752 kB
Cached:           670476 kB
MemTotal:        1844596 kB
MemFree:          934820 kB
MemAvailable:    1535792 kB
Buffers:           34752 kB
Cached:           670476 kB
MemTotal:        1844596 kB
MemFree:          935300 kB
MemAvailable:    1536272 kB
Buffers:           34752 kB
Cached:           670476 kB
MemTotal:        1844596 kB
MemFree:          935384 kB
MemAvailable:    1536356 kB
Buffers:           34752 kB
Cached:           670476 kB
MemTotal:        1844596 kB
MemFree:          933888 kB
MemAvailable:    1534860 kB
Buffers:           34752 kB
Cached:           670476 kB
MemTotal:        1844596 kB
MemFree:          933704 kB
MemAvailable:    1534676 kB
Buffers:           34752 kB
Cached:           670476 kB
MemTotal:        1844596 kB
MemFree:          934524 kB
MemAvailable:    1535496 kB
Buffers:           34752 kB
Cached:           670476 kB
MemTotal:        1844596 kB
MemFree:          934384 kB
MemAvailable:    1535356 kB
Buffers:           34752 kB
Cached:           670476 kB
MemTotal:        1844596 kB
MemFree:          933448 kB
MemAvailable:    1534420 kB
Buffers:           34752 kB
Cached:           670476 kB
MemTotal:        1844596 kB
MemFree:          934688 kB
MemAvailable:    1535660 kB
Buffers:           34752 kB
Cached:           670476 kB
MemTotal:        1844596 kB
MemFree:          934492 kB
MemAvailable:    1535464 kB
Buffers:           34752 kB
Cached:           670476 kB
MemTotal:        1844596 kB
MemFree:          934508 kB
MemAvailable:    1535480 kB
Buffers:           34752 kB
Cached:           670476 kB
MemTotal:        1844596 kB
MemFree:          934760 kB
MemAvailable:    1535732 kB
Buffers:           34752 kB
Cached:           670476 kB
MemTotal:        1844596 kB
MemFree:          934524 kB
MemAvailable:    1535496 kB
Buffers:           34752 kB
Cached:           670476 kB
MemTotal:        1844596 kB
MemFree:          934620 kB
MemAvailable:    1535592 kB
Buffers:           34752 kB
Cached:           670476 kB
MemTotal:        1844596 kB
MemFree:          933568 kB
MemAvailable:    1534540 kB
Buffers:           34752 kB
Cached:           670476 kB
MemTotal:        1844596 kB
MemFree:          934060 kB
MemAvailable:    1535032 kB
Buffers:           34752 kB
Cached:           670476 kB
MemTotal:        1844596 kB
MemFree:          933528 kB
MemAvailable:    1534500 kB
Buffers:           34752 kB
Cached:           670476 kB
MemTotal:        1844596 kB
MemFree:          934556 kB
MemAvailable:    1535536 kB
Buffers:           34752 kB
Cached:           670484 kB
MemTotal:        1844596 kB
MemFree:          933332 kB
MemAvailable:    1534312 kB
Buffers:           34752 kB
Cached:           670484 kB
MemTotal:        1844596 kB
MemFree:          933448 kB
MemAvailable:    1534428 kB
Buffers:           34752 kB
Cached:           670484 kB
MemTotal:        1844596 kB
MemFree:          932952 kB
MemAvailable:    1533932 kB
Buffers:           34752 kB
Cached:           670484 kB
MemTotal:        1844596 kB
MemFree:          934136 kB
MemAvailable:    1535116 kB
Buffers:           34752 kB
Cached:           670484 kB
MemTotal:        1844596 kB
MemFree:          933880 kB
MemAvailable:    1534860 kB
Buffers:           34764 kB
Cached:           670472 kB
MemTotal:        1844596 kB
MemFree:          933548 kB
MemAvailable:    1534528 kB
Buffers:           34764 kB
Cached:           670472 kB
MemTotal:        1844596 kB
MemFree:          933800 kB
MemAvailable:    1534780 kB
Buffers:           34764 kB
Cached:           670472 kB
MemTotal:        1844596 kB
MemFree:          933692 kB
MemAvailable:    1534672 kB
Buffers:           34764 kB
Cached:           670472 kB
MemTotal:        1844596 kB
MemFree:          933572 kB
MemAvailable:    1534552 kB
Buffers:           34764 kB
Cached:           670472 kB
MemTotal:        1844596 kB
MemFree:          933588 kB
MemAvailable:    1534568 kB
Buffers:           34764 kB
Cached:           670472 kB
MemTotal:        1844596 kB
MemFree:          933664 kB
MemAvailable:    1534660 kB
Buffers:           34764 kB
Cached:           670488 kB
MemTotal:        1844596 kB
MemFree:          933720 kB
MemAvailable:    1534716 kB
Buffers:           34764 kB
Cached:           670488 kB
MemTotal:        1844596 kB
MemFree:          932960 kB
MemAvailable:    1533956 kB
Buffers:           34764 kB
Cached:           670488 kB
MemTotal:        1844596 kB
MemFree:          933560 kB
MemAvailable:    1534556 kB
Buffers:           34764 kB
Cached:           670488 kB
MemTotal:        1844596 kB
MemFree:          933816 kB
MemAvailable:    1534812 kB
Buffers:           34764 kB
Cached:           670488 kB
MemTotal:        1844596 kB
MemFree:          932340 kB
MemAvailable:    1533336 kB
Buffers:           34764 kB
Cached:           670488 kB
MemTotal:        1844596 kB
MemFree:          931100 kB
MemAvailable:    1532096 kB
Buffers:           34764 kB
Cached:           670488 kB
MemTotal:        1844596 kB
MemFree:          927876 kB
MemAvailable:    1528872 kB
Buffers:           34764 kB
Cached:           670488 kB
MemTotal:        1844596 kB
MemFree:          926264 kB
MemAvailable:    1527260 kB
Buffers:           34764 kB
Cached:           670488 kB
MemTotal:        1844596 kB
MemFree:          925520 kB
MemAvailable:    1526516 kB
Buffers:           34764 kB
Cached:           670488 kB
MemTotal:        1844596 kB
MemFree:          925864 kB
MemAvailable:    1526860 kB
Buffers:           34764 kB
Cached:           670488 kB
MemTotal:        1844596 kB
MemFree:          926200 kB
MemAvailable:    1527196 kB
Buffers:           34764 kB
Cached:           670488 kB
MemTotal:        1844596 kB
MemFree:          924632 kB
MemAvailable:    1525628 kB
Buffers:           34764 kB
Cached:           670488 kB
MemTotal:        1844596 kB
MemFree:          925740 kB
MemAvailable:    1526736 kB
Buffers:           34764 kB
Cached:           670488 kB
MemTotal:        1844596 kB
MemFree:          925824 kB
MemAvailable:    1526820 kB
Buffers:           34764 kB
Cached:           670488 kB
MemTotal:        1844596 kB
MemFree:          925596 kB
MemAvailable:    1526592 kB
Buffers:           34764 kB
Cached:           670488 kB
MemTotal:        1844596 kB
MemFree:          925636 kB
MemAvailable:    1526632 kB
Buffers:           34764 kB
Cached:           670488 kB
MemTotal:        1844596 kB
MemFree:          925888 kB
MemAvailable:    1526884 kB
Buffers:           34764 kB
Cached:           670488 kB
MemTotal:        1844596 kB
MemFree:          925596 kB
MemAvailable:    1526592 kB
Buffers:           34764 kB
Cached:           670488 kB
MemTotal:        1844596 kB
MemFree:          925024 kB
MemAvailable:    1526020 kB
Buffers:           34764 kB
Cached:           670488 kB
MemTotal:        1844596 kB
MemFree:          925624 kB
MemAvailable:    1526620 kB
Buffers:           34764 kB
Cached:           670488 kB
MemTotal:        1844596 kB
MemFree:          924480 kB
MemAvailable:    1525476 kB
Buffers:           34764 kB
Cached:           670488 kB
MemTotal:        1844596 kB
MemFree:          924764 kB
MemAvailable:    1525760 kB
Buffers:           34764 kB
Cached:           670488 kB
MemTotal:        1844596 kB
MemFree:          924384 kB
MemAvailable:    1525380 kB
Buffers:           34764 kB
Cached:           670488 kB
MemTotal:        1844596 kB
MemFree:          925380 kB
MemAvailable:    1526376 kB
Buffers:           34764 kB
Cached:           670488 kB
MemTotal:        1844596 kB
MemFree:          925148 kB
MemAvailable:    1526144 kB
Buffers:           34764 kB
Cached:           670488 kB
MemTotal:        1844596 kB
MemFree:          923720 kB
MemAvailable:    1524716 kB
Buffers:           34764 kB
Cached:           670488 kB
MemTotal:        1844596 kB
MemFree:          924512 kB
MemAvailable:    1525508 kB
Buffers:           34764 kB
Cached:           670488 kB
MemTotal:        1844596 kB
MemFree:          924596 kB
MemAvailable:    1525592 kB
Buffers:           34764 kB
Cached:           670488 kB
MemTotal:        1844596 kB
MemFree:          924348 kB
MemAvailable:    1525344 kB
Buffers:           34764 kB
Cached:           670488 kB
MemTotal:        1844596 kB
MemFree:          923108 kB
MemAvailable:    1524104 kB
Buffers:           34764 kB
Cached:           670488 kB
MemTotal:        1844596 kB
MemFree:          923032 kB
MemAvailable:    1524028 kB
Buffers:           34764 kB
Cached:           670488 kB
MemTotal:        1844596 kB
MemFree:          922048 kB
MemAvailable:    1523044 kB
Buffers:           34764 kB
Cached:           670488 kB
MemTotal:        1844596 kB
MemFree:          921792 kB
MemAvailable:    1522788 kB
Buffers:           34764 kB
Cached:           670488 kB
MemTotal:        1844596 kB
MemFree:          922776 kB
MemAvailable:    1523772 kB
Buffers:           34764 kB
Cached:           670488 kB
MemTotal:        1844596 kB
MemFree:          922124 kB
MemAvailable:    1523120 kB
Buffers:           34764 kB
Cached:           670488 kB
MemTotal:        1844596 kB
MemFree:          922124 kB
MemAvailable:    1523120 kB
Buffers:           34764 kB
Cached:           670488 kB
MemTotal:        1844596 kB
MemFree:          922232 kB
MemAvailable:    1523228 kB
Buffers:           34764 kB
Cached:           670488 kB
MemTotal:        1844596 kB
MemFree:          921776 kB
MemAvailable:    1522772 kB
Buffers:           34764 kB
Cached:           670488 kB
MemTotal:        1844596 kB
MemFree:          921676 kB
MemAvailable:    1522672 kB
Buffers:           34764 kB
Cached:           670488 kB
MemTotal:        1844596 kB
MemFree:          921672 kB
MemAvailable:    1522668 kB
Buffers:           34764 kB
Cached:           670488 kB
MemTotal:        1844596 kB
MemFree:          921780 kB
MemAvailable:    1522776 kB
Buffers:           34764 kB
Cached:           670488 kB
MemTotal:        1844596 kB
MemFree:          921312 kB
MemAvailable:    1522308 kB
Buffers:           34764 kB
Cached:           670488 kB
MemTotal:        1844596 kB
MemFree:          921668 kB
MemAvailable:    1522664 kB
Buffers:           34764 kB
Cached:           670488 kB
MemTotal:        1844596 kB
MemFree:          920636 kB
MemAvailable:    1521632 kB
Buffers:           34764 kB
Cached:           670488 kB
MemTotal:        1844596 kB
MemFree:          920504 kB
MemAvailable:    1521500 kB
Buffers:           34764 kB
Cached:           670488 kB
MemTotal:        1844596 kB
MemFree:          920628 kB
MemAvailable:    1521624 kB
Buffers:           34764 kB
Cached:           670488 kB
MemTotal:        1844596 kB
MemFree:          921552 kB
MemAvailable:    1522548 kB
Buffers:           34764 kB
Cached:           670488 kB
MemTotal:        1844596 kB
MemFree:          921356 kB
MemAvailable:    1522352 kB
Buffers:           34764 kB
Cached:           670488 kB
MemTotal:        1844596 kB
MemFree:          921024 kB
MemAvailable:    1522020 kB
Buffers:           34764 kB
Cached:           670488 kB
MemTotal:        1844596 kB
MemFree:          921108 kB
MemAvailable:    1522104 kB
Buffers:           34764 kB
Cached:           670488 kB
MemTotal:        1844596 kB
MemFree:          916396 kB
MemAvailable:    1517392 kB
Buffers:           34764 kB
Cached:           670488 kB
MemTotal:        1844596 kB
MemFree:          916272 kB
MemAvailable:    1517268 kB
Buffers:           34764 kB
Cached:           670488 kB
MemTotal:        1844596 kB
MemFree:          914840 kB
MemAvailable:    1515836 kB
Buffers:           34764 kB
Cached:           670488 kB
MemTotal:        1844596 kB
MemFree:          916116 kB
MemAvailable:    1517112 kB
Buffers:           34764 kB
Cached:           670488 kB
MemTotal:        1844596 kB
MemFree:          916220 kB
MemAvailable:    1517216 kB
Buffers:           34764 kB
Cached:           670488 kB
MemTotal:        1844596 kB
MemFree:          914988 kB
MemAvailable:    1515984 kB
Buffers:           34764 kB
Cached:           670488 kB
MemTotal:        1844596 kB
MemFree:          915924 kB
MemAvailable:    1516920 kB
Buffers:           34764 kB
Cached:           670488 kB
MemTotal:        1844596 kB
MemFree:          915924 kB
MemAvailable:    1516920 kB
Buffers:           34764 kB
Cached:           670488 kB
MemTotal:        1844596 kB
MemFree:          914684 kB
MemAvailable:    1515680 kB
Buffers:           34764 kB
Cached:           670488 kB
MemTotal:        1844596 kB
MemFree:          914552 kB
MemAvailable:    1515548 kB
Buffers:           34764 kB
Cached:           670488 kB
MemTotal:        1844596 kB
MemFree:          915660 kB
MemAvailable:    1516656 kB
Buffers:           34764 kB
Cached:           670488 kB
MemTotal:        1844596 kB
MemFree:          915732 kB
MemAvailable:    1516728 kB
Buffers:           34764 kB
Cached:           670488 kB
MemTotal:        1844596 kB
MemFree:          915732 kB
MemAvailable:    1516728 kB
Buffers:           34764 kB
Cached:           670488 kB
MemTotal:        1844596 kB
MemFree:          915648 kB
MemAvailable:    1516644 kB
Buffers:           34764 kB
Cached:           670488 kB
MemTotal:        1844596 kB
MemFree:          914300 kB
MemAvailable:    1515296 kB
Buffers:           34764 kB
Cached:           670488 kB
MemTotal:        1844596 kB
MemFree:          914784 kB
MemAvailable:    1515780 kB
Buffers:           34764 kB
Cached:           670488 kB
MemTotal:        1844596 kB
MemFree:          912732 kB
MemAvailable:    1513728 kB
Buffers:           34764 kB
Cached:           670488 kB
MemTotal:        1844596 kB
MemFree:          912984 kB
MemAvailable:    1513980 kB
Buffers:           34764 kB
Cached:           670488 kB
MemTotal:        1844596 kB
MemFree:          912608 kB
MemAvailable:    1513604 kB
Buffers:           34764 kB
Cached:           670488 kB
MemTotal:        1844596 kB
MemFree:          912384 kB
MemAvailable:    1513380 kB
Buffers:           34764 kB
Cached:           670488 kB
MemTotal:        1844596 kB
MemFree:          912452 kB
MemAvailable:    1513448 kB
Buffers:           34764 kB
Cached:           670488 kB
MemTotal:        1844596 kB
MemFree:          912572 kB
MemAvailable:    1513568 kB
Buffers:           34764 kB
Cached:           670488 kB
MemTotal:        1844596 kB
MemFree:          911756 kB
MemAvailable:    1512752 kB
Buffers:           34764 kB
Cached:           670488 kB
MemTotal:        1844596 kB
MemFree:          912608 kB
MemAvailable:    1513616 kB
Buffers:           34764 kB
Cached:           670500 kB
MemTotal:        1844596 kB
MemFree:          912608 kB
MemAvailable:    1513616 kB
Buffers:           34764 kB
Cached:           670500 kB
MemTotal:        1844596 kB
MemFree:          914264 kB
MemAvailable:    1515272 kB
Buffers:           34764 kB
Cached:           670500 kB
MemTotal:        1844596 kB
MemFree:          914608 kB
MemAvailable:    1515616 kB
Buffers:           34764 kB
Cached:           670500 kB
MemTotal:        1844596 kB
MemFree:          914172 kB
MemAvailable:    1515348 kB
Buffers:           34764 kB
Cached:           670748 kB
MemTotal:        1844596 kB
MemFree:          914428 kB
MemAvailable:    1515604 kB
Buffers:           34764 kB
Cached:           670748 kB
MemTotal:        1844596 kB
MemFree:          914132 kB
MemAvailable:    1515476 kB
Buffers:           34764 kB
Cached:           670872 kB
MemTotal:        1844596 kB
MemFree:          914144 kB
MemAvailable:    1515572 kB
Buffers:           34764 kB
Cached:           670872 kB
MemTotal:        1844596 kB
MemFree:          914032 kB
MemAvailable:    1515460 kB
Buffers:           34764 kB
Cached:           670996 kB
MemTotal:        1844596 kB
MemFree:          913784 kB
MemAvailable:    1515296 kB
Buffers:           34764 kB
Cached:           670996 kB
MemTotal:        1844596 kB
MemFree:          912740 kB
MemAvailable:    1514336 kB
Buffers:           34764 kB
Cached:           671120 kB
MemTotal:        1844596 kB
MemFree:          913664 kB
MemAvailable:    1515260 kB
Buffers:           34764 kB
Cached:           671120 kB
MemTotal:        1844596 kB
MemFree:          913664 kB
MemAvailable:    1515260 kB
Buffers:           34764 kB
Cached:           671120 kB
MemTotal:        1844596 kB
MemFree:          913736 kB
MemAvailable:    1515332 kB
Buffers:           34764 kB
Cached:           671120 kB
MemTotal:        1844596 kB
MemFree:          913968 kB
MemAvailable:    1515564 kB
Buffers:           34764 kB
Cached:           671120 kB
MemTotal:        1844596 kB
MemFree:          912728 kB
MemAvailable:    1514324 kB
Buffers:           34764 kB
Cached:           671120 kB
MemTotal:        1844596 kB
MemFree:          912604 kB
MemAvailable:    1514200 kB
Buffers:           34764 kB
Cached:           671120 kB
MemTotal:        1844596 kB
MemFree:          913360 kB
MemAvailable:    1514368 kB
Buffers:           34764 kB
Cached:           670448 kB
MemTotal:        1844596 kB
MemFree:          982544 kB
MemAvailable:    1583636 kB
Buffers:           34764 kB
Cached:           670572 kB
