MemTotal:        1844596 kB
MemFree:          758256 kB
MemAvailable:    1532160 kB
Buffers:           55672 kB
Cached:           822748 kB
MemTotal:        1844596 kB
MemFree:          756420 kB
MemAvailable:    1530324 kB
Buffers:           55672 kB
Cached:           822748 kB
MemTotal:        1844596 kB
MemFree:          754948 kB
MemAvailable:    1528852 kB
Buffers:           55672 kB
Cached:           822748 kB
MemTotal:        1844596 kB
MemFree:          754684 kB
MemAvailable:    1528588 kB
Buffers:           55672 kB
Cached:           822748 kB
MemTotal:        1844596 kB
MemFree:          754520 kB
MemAvailable:    1528424 kB
Buffers:           55672 kB
Cached:           822748 kB
MemTotal:        1844596 kB
MemFree:          754080 kB
MemAvailable:    1527984 kB
Buffers:           55672 kB
Cached:           822748 kB
MemTotal:        1844596 kB
MemFree:          752336 kB
MemAvailable:    1526240 kB
Buffers:           55672 kB
Cached:           822748 kB
MemTotal:        1844596 kB
MemFree:          749924 kB
MemAvailable:    1523828 kB
Buffers:           55672 kB
Cached:           822748 kB
MemTotal:        1844596 kB
MemFree:          747508 kB
MemAvailable:    1521412 kB
Buffers:           55672 kB
Cached:           822748 kB
MemTotal:        1844596 kB
MemFree:          743648 kB
MemAvailable:    1517552 kB
Buffers:           55672 kB
Cached:           822748 kB
MemTotal:        1844596 kB
MemFree:          742796 kB
MemAvailable:    1516700 kB
Buffers:           55672 kB
Cached:           822748 kB
MemTotal:        1844596 kB
MemFree:          743464 kB
MemAvailable:    1517368 kB
Buffers:           55672 kB
Cached:           822748 kB
MemTotal:        1844596 kB
MemFree:          744732 kB
MemAvailable:    1518636 kB
Buffers:           55672 kB
Cached:           822748 kB
MemTotal:        1844596 kB
MemFree:          744976 kB
MemAvailable:    1518880 kB
Buffers:           55672 kB
Cached:           822748 kB
MemTotal:        1844596 kB
MemFree:          744640 kB
MemAvailable:    1518544 kB
Buffers:           55672 kB
Cached:           822748 kB
MemTotal:        1844596 kB
MemFree:          743400 kB
MemAvailable:    1517304 kB
Buffers:           55672 kB
Cached:           822748 kB
MemTotal:        1844596 kB
MemFree:          742912 kB
MemAvailable:    1516816 kB
Buffers:           55672 kB
Cached:           822748 kB
MemTotal:        1844596 kB
MemFree:          742664 kB
MemAvailable:    1516568 kB
Buffers:           55672 kB
Cached:           822748 kB
MemTotal:        1844596 kB
MemFree:          742748 kB
MemAvailable:    1516652 kB
Buffers:           55672 kB
Cached:           822748 kB
MemTotal:        1844596 kB
MemFree:          742476 kB
MemAvailable:    1516380 kB
Buffers:           55672 kB
Cached:           822748 kB
MemTotal:        1844596 kB
MemFree:          742276 kB
MemAvailable:    1516180 kB
Buffers:           55672 kB
Cached:           822748 kB
MemTotal:        1844596 kB
MemFree:          742052 kB
MemAvailable:    1515956 kB
Buffers:           55672 kB
Cached:           822748 kB
MemTotal:        1844596 kB
MemFree:          740872 kB
MemAvailable:    1514776 kB
Buffers:           55672 kB
Cached:           822748 kB
MemTotal:        1844596 kB
MemFree:          742280 kB
MemAvailable:    1516184 kB
Buffers:           55672 kB
Cached:           822748 kB
MemTotal:        1844596 kB
MemFree:          742280 kB
MemAvailable:    1516184 kB
Buffers:           55672 kB
Cached:           822748 kB
MemTotal:        1844596 kB
MemFree:          741004 kB
MemAvailable:    1514908 kB
Buffers:           55672 kB
Cached:           822748 kB
MemTotal:        1844596 kB
MemFree:          742492 kB
MemAvailable:    1516396 kB
Buffers:           55672 kB
Cached:           822748 kB
MemTotal:        1844596 kB
MemFree:          743632 kB
MemAvailable:    1517536 kB
Buffers:           55672 kB
Cached:           822748 kB
MemTotal:        1844596 kB
MemFree:          743816 kB
MemAvailable:    1517720 kB
Buffers:           55672 kB
Cached:           822748 kB
MemTotal:        1844596 kB
MemFree:          741804 kB
MemAvailable:    1515708 kB
Buffers:           55672 kB
Cached:           822748 kB
MemTotal:        1844596 kB
MemFree:          740128 kB
MemAvailable:    1514032 kB
Buffers:           55672 kB
Cached:           822748 kB
MemTotal:        1844596 kB
MemFree:          738820 kB
MemAvailable:    1512724 kB
Buffers:           55672 kB
Cached:           822748 kB
MemTotal:        1844596 kB
MemFree:          739060 kB
MemAvailable:    1512964 kB
Buffers:           55672 kB
Cached:           822748 kB
MemTotal:        1844596 kB
MemFree:          739144 kB
MemAvailable:    1513048 kB
Buffers:           55672 kB
Cached:           822748 kB
MemTotal:        1844596 kB
MemFree:          738448 kB
MemAvailable:    1512352 kB
Buffers:           55672 kB
Cached:           822748 kB
MemTotal:        1844596 kB
MemFree:          738784 kB
MemAvailable:    1512688 kB
Buffers:           55672 kB
Cached:           822748 kB
MemTotal:        1844596 kB
MemFree:          738200 kB
MemAvailable:    1512104 kB
Buffers:           55672 kB
Cached:           822748 kB
MemTotal:        1844596 kB
MemFree:          738284 kB
MemAvailable:    1512188 kB
Buffers:           55672 kB
Cached:           822748 kB
MemTotal:        1844596 kB
MemFree:          738036 kB
MemAvailable:    1511940 kB
Buffers:           55672 kB
Cached:           822748 kB
MemTotal:        1844596 kB
MemFree:          738024 kB
MemAvailable:    1511928 kB
Buffers:           55672 kB
Cached:           822748 kB
MemTotal:        1844596 kB
MemFree:          738276 kB
MemAvailable:    1512180 kB
Buffers:           55672 kB
Cached:           822748 kB
MemTotal:        1844596 kB
MemFree:          736712 kB
MemAvailable:    1510616 kB
Buffers:           55672 kB
Cached:           822748 kB
MemTotal:        1844596 kB
MemFree:          736712 kB
MemAvailable:    1510616 kB
Buffers:           55672 kB
Cached:           822748 kB
MemTotal:        1844596 kB
MemFree:          737712 kB
MemAvailable:    1511616 kB
Buffers:           55672 kB
Cached:           822748 kB
MemTotal:        1844596 kB
MemFree:          737588 kB
MemAvailable:    1511492 kB
Buffers:           55672 kB
Cached:           822748 kB
MemTotal:        1844596 kB
MemFree:          737288 kB
MemAvailable:    1511192 kB
Buffers:           55672 kB
Cached:           822748 kB
MemTotal:        1844596 kB
MemFree:          737316 kB
MemAvailable:    1511220 kB
Buffers:           55672 kB
Cached:           822748 kB
MemTotal:        1844596 kB
MemFree:          735912 kB
MemAvailable:    1509816 kB
Buffers:           55672 kB
Cached:           822748 kB
MemTotal:        1844596 kB
MemFree:          737152 kB
MemAvailable:    1511056 kB
Buffers:           55672 kB
Cached:           822748 kB
MemTotal:        1844596 kB
MemFree:          737064 kB
MemAvailable:    1510968 kB
Buffers:           55672 kB
Cached:           822748 kB
MemTotal:        1844596 kB
MemFree:          737052 kB
MemAvailable:    1510956 kB
Buffers:           55672 kB
Cached:           822748 kB
MemTotal:        1844596 kB
MemFree:          737304 kB
MemAvailable:    1511208 kB
Buffers:           55672 kB
Cached:           822748 kB
MemTotal:        1844596 kB
MemFree:          736904 kB
MemAvailable:    1510808 kB
Buffers:           55672 kB
Cached:           822748 kB
MemTotal:        1844596 kB
MemFree:          737240 kB
MemAvailable:    1511144 kB
Buffers:           55672 kB
Cached:           822748 kB
MemTotal:        1844596 kB
MemFree:          737080 kB
MemAvailable:    1510984 kB
Buffers:           55672 kB
Cached:           822748 kB
MemTotal:        1844596 kB
MemFree:          735976 kB
MemAvailable:    1509880 kB
Buffers:           55672 kB
Cached:           822748 kB
MemTotal:        1844596 kB
MemFree:          736576 kB
MemAvailable:    1510480 kB
Buffers:           55672 kB
Cached:           822748 kB
MemTotal:        1844596 kB
MemFree:          736912 kB
MemAvailable:    1510816 kB
Buffers:           55672 kB
Cached:           822748 kB
MemTotal:        1844596 kB
MemFree:          736444 kB
MemAvailable:    1510348 kB
Buffers:           55672 kB
Cached:           822748 kB
MemTotal:        1844596 kB
MemFree:          736528 kB
MemAvailable:    1510432 kB
Buffers:           55672 kB
Cached:           822748 kB
MemTotal:        1844596 kB
MemFree:          736216 kB
MemAvailable:    1510120 kB
Buffers:           55672 kB
Cached:           822748 kB
MemTotal:        1844596 kB
MemFree:          736104 kB
MemAvailable:    1510008 kB
Buffers:           55672 kB
Cached:           822748 kB
MemTotal:        1844596 kB
MemFree:          736192 kB
MemAvailable:    1510096 kB
Buffers:           55672 kB
Cached:           822748 kB
MemTotal:        1844596 kB
MemFree:          736276 kB
MemAvailable:    1510180 kB
Buffers:           55672 kB
Cached:           822748 kB
MemTotal:        1844596 kB
MemFree:          734964 kB
MemAvailable:    1508868 kB
Buffers:           55672 kB
Cached:           822748 kB
MemTotal:        1844596 kB
MemFree:          736092 kB
MemAvailable:    1509996 kB
Buffers:           55672 kB
Cached:           822748 kB
MemTotal:        1844596 kB
MemFree:          736428 kB
MemAvailable:    1510332 kB
Buffers:           55672 kB
Cached:           822748 kB
MemTotal:        1844596 kB
MemFree:          734976 kB
MemAvailable:    1508880 kB
Buffers:           55672 kB
Cached:           822748 kB
MemTotal:        1844596 kB
MemFree:          734844 kB
MemAvailable:    1508748 kB
Buffers:           55672 kB
Cached:           822748 kB
MemTotal:        1844596 kB
MemFree:          735472 kB
MemAvailable:    1509376 kB
Buffers:           55672 kB
Cached:           822748 kB
MemTotal:        1844596 kB
MemFree:          735240 kB
MemAvailable:    1509144 kB
Buffers:           55672 kB
Cached:           822748 kB
MemTotal:        1844596 kB
MemFree:          733432 kB
MemAvailable:    1507348 kB
Buffers:           55672 kB
Cached:           822760 kB
MemTotal:        1844596 kB
MemFree:          730996 kB
MemAvailable:    1504912 kB
Buffers:           55672 kB
Cached:           822760 kB
MemTotal:        1844596 kB
MemFree:          729156 kB
MemAvailable:    1503072 kB
Buffers:           55672 kB
Cached:           822760 kB
MemTotal:        1844596 kB
MemFree:          727412 kB
MemAvailable:    1501328 kB
Buffers:           55672 kB
Cached:           822760 kB
MemTotal:        1844596 kB
MemFree:          727296 kB
MemAvailable:    1501212 kB
Buffers:           55672 kB
Cached:           822760 kB
MemTotal:        1844596 kB
MemFree:          727296 kB
MemAvailable:    1501212 kB
Buffers:           55672 kB
Cached:           822760 kB
MemTotal:        1844596 kB
MemFree:          728348 kB
MemAvailable:    1502264 kB
Buffers:           55672 kB
Cached:           822760 kB
MemTotal:        1844596 kB
MemFree:          727040 kB
MemAvailable:    1500956 kB
Buffers:           55672 kB
Cached:           822760 kB
MemTotal:        1844596 kB
MemFree:          728100 kB
MemAvailable:    1502016 kB
Buffers:           55672 kB
Cached:           822760 kB
MemTotal:        1844596 kB
MemFree:          727792 kB
MemAvailable:    1501708 kB
Buffers:           55672 kB
Cached:           822760 kB
MemTotal:        1844596 kB
MemFree:          727036 kB
MemAvailable:    1500952 kB
Buffers:           55672 kB
Cached:           822760 kB
MemTotal:        1844596 kB
MemFree:          728360 kB
MemAvailable:    1502276 kB
Buffers:           55672 kB
Cached:           822760 kB
MemTotal:        1844596 kB
MemFree:          728400 kB
MemAvailable:    1502316 kB
Buffers:           55672 kB
Cached:           822760 kB
MemTotal:        1844596 kB
MemFree:          728324 kB
MemAvailable:    1502240 kB
Buffers:           55672 kB
Cached:           822760 kB
MemTotal:        1844596 kB
MemFree:          728220 kB
MemAvailable:    1502136 kB
Buffers:           55672 kB
Cached:           822760 kB
MemTotal:        1844596 kB
MemFree:          728092 kB
MemAvailable:    1502008 kB
Buffers:           55672 kB
Cached:           822760 kB
MemTotal:        1844596 kB
MemFree:          728344 kB
MemAvailable:    1502260 kB
Buffers:           55672 kB
Cached:           822760 kB
MemTotal:        1844596 kB
MemFree:          727660 kB
MemAvailable:    1501576 kB
Buffers:           55672 kB
Cached:           822760 kB
MemTotal:        1844596 kB
MemFree:          727996 kB
MemAvailable:    1501912 kB
Buffers:           55672 kB
Cached:           822760 kB
MemTotal:        1844596 kB
MemFree:          727040 kB
MemAvailable:    1500956 kB
Buffers:           55672 kB
Cached:           822760 kB
MemTotal:        1844596 kB
MemFree:          726932 kB
MemAvailable:    1500848 kB
Buffers:           55672 kB
Cached:           822760 kB
MemTotal:        1844596 kB
MemFree:          726536 kB
MemAvailable:    1500452 kB
Buffers:           55672 kB
Cached:           822760 kB
MemTotal:        1844596 kB
MemFree:          726620 kB
MemAvailable:    1500536 kB
Buffers:           55672 kB
Cached:           822760 kB
MemTotal:        1844596 kB
MemFree:          726296 kB
MemAvailable:    1500212 kB
Buffers:           55672 kB
Cached:           822760 kB
MemTotal:        1844596 kB
MemFree:          725496 kB
MemAvailable:    1499412 kB
Buffers:           55672 kB
Cached:           822760 kB
MemTotal:        1844596 kB
MemFree:          724312 kB
MemAvailable:    1498228 kB
Buffers:           55672 kB
Cached:           822760 kB
MemTotal:        1844596 kB
MemFree:          724800 kB
MemAvailable:    1498716 kB
Buffers:           55672 kB
Cached:           822760 kB
MemTotal:        1844596 kB
MemFree:          725136 kB
MemAvailable:    1499052 kB
Buffers:           55672 kB
Cached:           822760 kB
MemTotal:        1844596 kB
MemFree:          724668 kB
MemAvailable:    1498584 kB
Buffers:           55672 kB
Cached:           822760 kB
MemTotal:        1844596 kB
MemFree:          724320 kB
MemAvailable:    1498236 kB
Buffers:           55672 kB
Cached:           822760 kB
MemTotal:        1844596 kB
MemFree:          724428 kB
MemAvailable:    1498344 kB
Buffers:           55672 kB
Cached:           822760 kB
MemTotal:        1844596 kB
MemFree:          724548 kB
MemAvailable:    1498464 kB
Buffers:           55672 kB
Cached:           822760 kB
MemTotal:        1844596 kB
MemFree:          723460 kB
MemAvailable:    1497252 kB
Buffers:           55672 kB
Cached:           822760 kB
MemTotal:        1844596 kB
MemFree:          724232 kB
MemAvailable:    1498148 kB
Buffers:           55672 kB
Cached:           822760 kB
MemTotal:        1844596 kB
MemFree:          724568 kB
MemAvailable:    1498484 kB
Buffers:           55672 kB
Cached:           822760 kB
MemTotal:        1844596 kB
MemFree:          724188 kB
MemAvailable:    1498104 kB
Buffers:           55672 kB
Cached:           822760 kB
MemTotal:        1844596 kB
MemFree:          722940 kB
MemAvailable:    1496856 kB
Buffers:           55672 kB
Cached:           822760 kB
MemTotal:        1844596 kB
MemFree:          723072 kB
MemAvailable:    1496988 kB
Buffers:           55672 kB
Cached:           822760 kB
MemTotal:        1844596 kB
MemFree:          724480 kB
MemAvailable:    1498396 kB
Buffers:           55672 kB
Cached:           822760 kB
MemTotal:        1844596 kB
MemFree:          722832 kB
MemAvailable:    1496748 kB
Buffers:           55672 kB
Cached:           822760 kB
MemTotal:        1844596 kB
MemFree:          723436 kB
MemAvailable:    1497352 kB
Buffers:           55672 kB
Cached:           822760 kB
MemTotal:        1844596 kB
MemFree:          723772 kB
MemAvailable:    1497688 kB
Buffers:           55672 kB
Cached:           822760 kB
MemTotal:        1844596 kB
MemFree:          719072 kB
MemAvailable:    1492988 kB
Buffers:           55672 kB
Cached:           822760 kB
MemTotal:        1844596 kB
MemFree:          717872 kB
MemAvailable:    1491788 kB
Buffers:           55672 kB
Cached:           822760 kB
MemTotal:        1844596 kB
MemFree:          718588 kB
MemAvailable:    1492504 kB
Buffers:           55672 kB
Cached:           822760 kB
MemTotal:        1844596 kB
MemFree:          718780 kB
MemAvailable:    1492696 kB
Buffers:           55672 kB
Cached:           822760 kB
MemTotal:        1844596 kB
MemFree:          718436 kB
MemAvailable:    1492352 kB
Buffers:           55672 kB
Cached:           822760 kB
MemTotal:        1844596 kB
MemFree:          718608 kB
MemAvailable:    1492524 kB
Buffers:           55672 kB
Cached:           822760 kB
MemTotal:        1844596 kB
MemFree:          718612 kB
MemAvailable:    1492528 kB
Buffers:           55672 kB
Cached:           822760 kB
MemTotal:        1844596 kB
MemFree:          718560 kB
MemAvailable:    1492476 kB
Buffers:           55672 kB
Cached:           822760 kB
MemTotal:        1844596 kB
MemFree:          718372 kB
MemAvailable:    1492288 kB
Buffers:           55672 kB
Cached:           822760 kB
MemTotal:        1844596 kB
MemFree:          718172 kB
MemAvailable:    1492088 kB
Buffers:           55672 kB
Cached:           822760 kB
MemTotal:        1844596 kB
MemFree:          718172 kB
MemAvailable:    1492088 kB
Buffers:           55672 kB
Cached:           822760 kB
MemTotal:        1844596 kB
MemFree:          716004 kB
MemAvailable:    1489920 kB
Buffers:           55672 kB
Cached:           822760 kB
MemTotal:        1844596 kB
MemFree:          715648 kB
MemAvailable:    1489564 kB
Buffers:           55672 kB
Cached:           822760 kB
MemTotal:        1844596 kB
MemFree:          715376 kB
MemAvailable:    1489292 kB
Buffers:           55672 kB
Cached:           822760 kB
MemTotal:        1844596 kB
MemFree:          715628 kB
MemAvailable:    1489544 kB
Buffers:           55672 kB
Cached:           822760 kB
MemTotal:        1844596 kB
MemFree:          715120 kB
MemAvailable:    1489036 kB
Buffers:           55672 kB
Cached:           822760 kB
MemTotal:        1844596 kB
MemFree:          715088 kB
MemAvailable:    1489004 kB
Buffers:           55672 kB
Cached:           822760 kB
MemTotal:        1844596 kB
MemFree:          713956 kB
MemAvailable:    1487872 kB
Buffers:           55672 kB
Cached:           822760 kB
MemTotal:        1844596 kB
MemFree:          715240 kB
MemAvailable:    1489156 kB
Buffers:           55672 kB
Cached:           822760 kB
MemTotal:        1844596 kB
MemFree:          717164 kB
MemAvailable:    1491080 kB
Buffers:           55672 kB
Cached:           822760 kB
MemTotal:        1844596 kB
MemFree:          717136 kB
MemAvailable:    1491052 kB
Buffers:           55672 kB
Cached:           822760 kB
MemTotal:        1844596 kB
MemFree:          715748 kB
MemAvailable:    1489748 kB
Buffers:           55672 kB
Cached:           822884 kB
MemTotal:        1844596 kB
MemFree:          717348 kB
MemAvailable:    1491516 kB
Buffers:           55672 kB
Cached:           823008 kB
MemTotal:        1844596 kB
MemFree:          715888 kB
MemAvailable:    1490056 kB
Buffers:           55672 kB
Cached:           823008 kB
MemTotal:        1844596 kB
MemFree:          716756 kB
MemAvailable:    1491048 kB
Buffers:           55672 kB
Cached:           823168 kB
MemTotal:        1844596 kB
MemFree:          716768 kB
MemAvailable:    1491144 kB
Buffers:           55672 kB
Cached:           823292 kB
MemTotal:        1844596 kB
MemFree:          716512 kB
MemAvailable:    1490972 kB
Buffers:           55672 kB
Cached:           823292 kB
MemTotal:        1844596 kB
MemFree:          715764 kB
MemAvailable:    1490224 kB
Buffers:           55672 kB
Cached:           823292 kB
MemTotal:        1844596 kB
MemFree:          716548 kB
MemAvailable:    1491092 kB
Buffers:           55672 kB
Cached:           823416 kB
MemTotal:        1844596 kB
MemFree:          716676 kB
MemAvailable:    1491220 kB
Buffers:           55672 kB
Cached:           823416 kB
MemTotal:        1844596 kB
MemFree:          715764 kB
MemAvailable:    1490308 kB
Buffers:           55672 kB
Cached:           823416 kB
MemTotal:        1844596 kB
MemFree:          716328 kB
MemAvailable:    1490908 kB
Buffers:           55672 kB
Cached:           823456 kB
MemTotal:        1844596 kB
MemFree:          716664 kB
MemAvailable:    1491244 kB
Buffers:           55672 kB
Cached:           823456 kB
MemTotal:        1844596 kB
MemFree:          716508 kB
MemAvailable:    1491088 kB
Buffers:           55672 kB
Cached:           823456 kB
MemTotal:        1844596 kB
MemFree:          716544 kB
MemAvailable:    1491124 kB
Buffers:           55672 kB
Cached:           823456 kB
MemTotal:        1844596 kB
MemFree:          716500 kB
MemAvailable:    1490492 kB
Buffers:           55672 kB
Cached:           822824 kB
MemTotal:        1844596 kB
MemFree:          722980 kB
MemAvailable:    1497076 kB
Buffers:           55672 kB
Cached:           822808 kB
MemTotal:        1844596 kB
MemFree:          785592 kB
MemAvailable:    1559604 kB
Buffers:           55672 kB
Cached:           822808 kB
