MemTotal:        1844596 kB
MemFree:          703496 kB
MemAvailable:    1528284 kB
Buffers:           60936 kB
Cached:           864204 kB
MemTotal:        1844596 kB
MemFree:          702752 kB
MemAvailable:    1527540 kB
Buffers:           60936 kB
Cached:           864204 kB
MemTotal:        1844596 kB
MemFree:          702424 kB
MemAvailable:    1527212 kB
Buffers:           60936 kB
Cached:           864204 kB
MemTotal:        1844596 kB
MemFree:          699396 kB
MemAvailable:    1524184 kB
Buffers:           60936 kB
Cached:           864204 kB
MemTotal:        1844596 kB
MemFree:          700504 kB
MemAvailable:    1525292 kB
Buffers:           60936 kB
Cached:           864204 kB
MemTotal:        1844596 kB
MemFree:          700404 kB
MemAvailable:    1525192 kB
Buffers:           60936 kB
Cached:           864204 kB
MemTotal:        1844596 kB
MemFree:          697172 kB
MemAvailable:    1521960 kB
Buffers:           60936 kB
Cached:           864204 kB
MemTotal:        1844596 kB
MemFree:          694900 kB
MemAvailable:    1519688 kB
Buffers:           60936 kB
Cached:           864204 kB
MemTotal:        1844596 kB
MemFree:          692948 kB
MemAvailable:    1517736 kB
Buffers:           60936 kB
Cached:           864204 kB
MemTotal:        1844596 kB
MemFree:          689476 kB
MemAvailable:    1514264 kB
Buffers:           60936 kB
Cached:           864204 kB
MemTotal:        1844596 kB
MemFree:          689560 kB
MemAvailable:    1514348 kB
Buffers:           60936 kB
Cached:           864204 kB
MemTotal:        1844596 kB
MemFree:          690412 kB
MemAvailable:    1515200 kB
Buffers:           60936 kB
Cached:           864204 kB
MemTotal:        1844596 kB
MemFree:          690620 kB
MemAvailable:    1515408 kB
Buffers:           60936 kB
Cached:           864204 kB
MemTotal:        1844596 kB
MemFree:          690476 kB
MemAvailable:    1515264 kB
Buffers:           60936 kB
Cached:           864204 kB
MemTotal:        1844596 kB
MemFree:          690544 kB
MemAvailable:    1515332 kB
Buffers:           60936 kB
Cached:           864204 kB
MemTotal:        1844596 kB
MemFree:          690148 kB
MemAvailable:    1514936 kB
Buffers:           60936 kB
Cached:           864204 kB
MemTotal:        1844596 kB
MemFree:          690148 kB
MemAvailable:    1514936 kB
Buffers:           60936 kB
Cached:           864204 kB
MemTotal:        1844596 kB
MemFree:          688864 kB
MemAvailable:    1513652 kB
Buffers:           60936 kB
Cached:           864204 kB
MemTotal:        1844596 kB
MemFree:          688368 kB
MemAvailable:    1513156 kB
Buffers:           60936 kB
Cached:           864204 kB
MemTotal:        1844596 kB
MemFree:          687260 kB
MemAvailable:    1512048 kB
Buffers:           60936 kB
Cached:           864204 kB
MemTotal:        1844596 kB
MemFree:          687988 kB
MemAvailable:    1512776 kB
Buffers:           60936 kB
Cached:           864204 kB
MemTotal:        1844596 kB
MemFree:          688244 kB
MemAvailable:    1513032 kB
Buffers:           60936 kB
Cached:           864204 kB
MemTotal:        1844596 kB
MemFree:          688024 kB
MemAvailable:    1512812 kB
Buffers:           60936 kB
Cached:           864204 kB
MemTotal:        1844596 kB
MemFree:          687996 kB
MemAvailable:    1512784 kB
Buffers:           60936 kB
Cached:           864204 kB
MemTotal:        1844596 kB
MemFree:          686860 kB
MemAvailable:    1511648 kB
Buffers:           60936 kB
Cached:           864204 kB
MemTotal:        1844596 kB
MemFree:          686984 kB
MemAvailable:    1511772 kB
Buffers:           60936 kB
Cached:           864204 kB
MemTotal:        1844596 kB
MemFree:          686992 kB
MemAvailable:    1511780 kB
Buffers:           60936 kB
Cached:           864204 kB
MemTotal:        1844596 kB
MemFree:          688452 kB
MemAvailable:    1513240 kB
Buffers:           60936 kB
Cached:           864204 kB
MemTotal:        1844596 kB
MemFree:          688244 kB
MemAvailable:    1513032 kB
Buffers:           60936 kB
Cached:           864204 kB
MemTotal:        1844596 kB
MemFree:          687128 kB
MemAvailable:    1511916 kB
Buffers:           60936 kB
Cached:           864204 kB
MemTotal:        1844596 kB
MemFree:          686072 kB
MemAvailable:    1510860 kB
Buffers:           60936 kB
Cached:           864204 kB
MemTotal:        1844596 kB
MemFree:          684640 kB
MemAvailable:    1509428 kB
Buffers:           60936 kB
Cached:           864204 kB
MemTotal:        1844596 kB
MemFree:          684648 kB
MemAvailable:    1509436 kB
Buffers:           60936 kB
Cached:           864204 kB
MemTotal:        1844596 kB
MemFree:          685456 kB
MemAvailable:    1510244 kB
Buffers:           60936 kB
Cached:           864204 kB
MemTotal:        1844596 kB
MemFree:          683764 kB
MemAvailable:    1508552 kB
Buffers:           60936 kB
Cached:           864204 kB
MemTotal:        1844596 kB
MemFree:          684560 kB
MemAvailable:    1509348 kB
Buffers:           60936 kB
Cached:           864204 kB
MemTotal:        1844596 kB
MemFree:          684212 kB
MemAvailable:    1509000 kB
Buffers:           60936 kB
Cached:           864204 kB
MemTotal:        1844596 kB
MemFree:          683972 kB
MemAvailable:    1508760 kB
Buffers:           60936 kB
Cached:           864204 kB
MemTotal:        1844596 kB
MemFree:          683400 kB
MemAvailable:    1508188 kB
Buffers:           60936 kB
Cached:           864204 kB
MemTotal:        1844596 kB
MemFree:          683916 kB
MemAvailable:    1508708 kB
Buffers:           60936 kB
Cached:           864208 kB
MemTotal:        1844596 kB
MemFree:          683964 kB
MemAvailable:    1508756 kB
Buffers:           60936 kB
Cached:           864208 kB
MemTotal:        1844596 kB
MemFree:          682864 kB
MemAvailable:    1507656 kB
Buffers:           60936 kB
Cached:           864208 kB
MemTotal:        1844596 kB
MemFree:          682656 kB
MemAvailable:    1507448 kB
Buffers:           60936 kB
Cached:           864208 kB
MemTotal:        1844596 kB
MemFree:          683284 kB
MemAvailable:    1508076 kB
Buffers:           60936 kB
Cached:           864208 kB
MemTotal:        1844596 kB
MemFree:          682764 kB
MemAvailable:    1507556 kB
Buffers:           60936 kB
Cached:           864208 kB
MemTotal:        1844596 kB
MemFree:          683612 kB
MemAvailable:    1508404 kB
Buffers:           60936 kB
Cached:           864208 kB
MemTotal:        1844596 kB
MemFree:          683644 kB
MemAvailable:    1508436 kB
Buffers:           60936 kB
Cached:           864208 kB
MemTotal:        1844596 kB
MemFree:          683648 kB
MemAvailable:    1508440 kB
Buffers:           60936 kB
Cached:           864208 kB
MemTotal:        1844596 kB
MemFree:          683532 kB
MemAvailable:    1508324 kB
Buffers:           60936 kB
Cached:           864208 kB
MemTotal:        1844596 kB
MemFree:          683608 kB
MemAvailable:    1508400 kB
Buffers:           60936 kB
Cached:           864208 kB
MemTotal:        1844596 kB
MemFree:          683656 kB
MemAvailable:    1508448 kB
Buffers:           60936 kB
Cached:           864208 kB
MemTotal:        1844596 kB
MemFree:          683284 kB
MemAvailable:    1508076 kB
Buffers:           60936 kB
Cached:           864208 kB
MemTotal:        1844596 kB
MemFree:          683408 kB
MemAvailable:    1508200 kB
Buffers:           60936 kB
Cached:           864208 kB
MemTotal:        1844596 kB
MemFree:          683484 kB
MemAvailable:    1508276 kB
Buffers:           60936 kB
Cached:           864208 kB
MemTotal:        1844596 kB
MemFree:          682036 kB
MemAvailable:    1506828 kB
Buffers:           60936 kB
Cached:           864208 kB
MemTotal:        1844596 kB
MemFree:          681664 kB
MemAvailable:    1506456 kB
Buffers:           60936 kB
Cached:           864208 kB
MemTotal:        1844596 kB
MemFree:          682516 kB
MemAvailable:    1507308 kB
Buffers:           60936 kB
Cached:           864208 kB
MemTotal:        1844596 kB
MemFree:          682516 kB
MemAvailable:    1507308 kB
Buffers:           60936 kB
Cached:           864208 kB
MemTotal:        1844596 kB
MemFree:          682420 kB
MemAvailable:    1507212 kB
Buffers:           60936 kB
Cached:           864208 kB
MemTotal:        1844596 kB
MemFree:          680988 kB
MemAvailable:    1505780 kB
Buffers:           60936 kB
Cached:           864208 kB
MemTotal:        1844596 kB
MemFree:          682096 kB
MemAvailable:    1506888 kB
Buffers:           60936 kB
Cached:           864208 kB
MemTotal:        1844596 kB
MemFree:          682096 kB
MemAvailable:    1506888 kB
Buffers:           60936 kB
Cached:           864208 kB
MemTotal:        1844596 kB
MemFree:          680540 kB
MemAvailable:    1505332 kB
Buffers:           60936 kB
Cached:           864208 kB
MemTotal:        1844596 kB
MemFree:          682120 kB
MemAvailable:    1506912 kB
Buffers:           60936 kB
Cached:           864208 kB
MemTotal:        1844596 kB
MemFree:          682240 kB
MemAvailable:    1507032 kB
Buffers:           60936 kB
Cached:           864208 kB
MemTotal:        1844596 kB
MemFree:          681972 kB
MemAvailable:    1506764 kB
Buffers:           60936 kB
Cached:           864208 kB
MemTotal:        1844596 kB
MemFree:          682168 kB
MemAvailable:    1506960 kB
Buffers:           60936 kB
Cached:           864208 kB
MemTotal:        1844596 kB
MemFree:          681932 kB
MemAvailable:    1506724 kB
Buffers:           60936 kB
Cached:           864208 kB
MemTotal:        1844596 kB
MemFree:          680916 kB
MemAvailable:    1505708 kB
Buffers:           60936 kB
Cached:           864208 kB
MemTotal:        1844596 kB
MemFree:          681736 kB
MemAvailable:    1506528 kB
Buffers:           60936 kB
Cached:           864208 kB
MemTotal:        1844596 kB
MemFree:          678936 kB
MemAvailable:    1503728 kB
Buffers:           60936 kB
Cached:           864208 kB
MemTotal:        1844596 kB
MemFree:          676960 kB
MemAvailable:    1501756 kB
Buffers:           60936 kB
Cached:           864212 kB
MemTotal:        1844596 kB
MemFree:          674664 kB
MemAvailable:    1499460 kB
Buffers:           60936 kB
Cached:           864212 kB
MemTotal:        1844596 kB
MemFree:          673356 kB
MemAvailable:    1498152 kB
Buffers:           60936 kB
Cached:           864212 kB
MemTotal:        1844596 kB
MemFree:          673108 kB
MemAvailable:    1497908 kB
Buffers:           60936 kB
Cached:           864216 kB
MemTotal:        1844596 kB
MemFree:          672992 kB
MemAvailable:    1497792 kB
Buffers:           60936 kB
Cached:           864216 kB
MemTotal:        1844596 kB
MemFree:          673916 kB
MemAvailable:    1498716 kB
Buffers:           60936 kB
Cached:           864216 kB
MemTotal:        1844596 kB
MemFree:          674168 kB
MemAvailable:    1498968 kB
Buffers:           60936 kB
Cached:           864216 kB
MemTotal:        1844596 kB
MemFree:          674096 kB
MemAvailable:    1498896 kB
Buffers:           60936 kB
Cached:           864216 kB
MemTotal:        1844596 kB
MemFree:          674048 kB
MemAvailable:    1498848 kB
Buffers:           60936 kB
Cached:           864216 kB
MemTotal:        1844596 kB
MemFree:          672804 kB
MemAvailable:    1497604 kB
Buffers:           60936 kB
Cached:           864216 kB
MemTotal:        1844596 kB
MemFree:          673912 kB
MemAvailable:    1498712 kB
Buffers:           60936 kB
Cached:           864216 kB
MemTotal:        1844596 kB
MemFree:          673988 kB
MemAvailable:    1498788 kB
Buffers:           60936 kB
Cached:           864216 kB
MemTotal:        1844596 kB
MemFree:          673972 kB
MemAvailable:    1498772 kB
Buffers:           60936 kB
Cached:           864216 kB
MemTotal:        1844596 kB
MemFree:          673904 kB
MemAvailable:    1498704 kB
Buffers:           60936 kB
Cached:           864216 kB
MemTotal:        1844596 kB
MemFree:          674160 kB
MemAvailable:    1498960 kB
Buffers:           60936 kB
Cached:           864216 kB
MemTotal:        1844596 kB
MemFree:          672788 kB
MemAvailable:    1497588 kB
Buffers:           60936 kB
Cached:           864216 kB
MemTotal:        1844596 kB
MemFree:          672656 kB
MemAvailable:    1497456 kB
Buffers:           60936 kB
Cached:           864216 kB
MemTotal:        1844596 kB
MemFree:          673736 kB
MemAvailable:    1498536 kB
Buffers:           60936 kB
Cached:           864216 kB
MemTotal:        1844596 kB
MemFree:          673488 kB
MemAvailable:    1498288 kB
Buffers:           60936 kB
Cached:           864216 kB
MemTotal:        1844596 kB
MemFree:          673428 kB
MemAvailable:    1498228 kB
Buffers:           60936 kB
Cached:           864216 kB
MemTotal:        1844596 kB
MemFree:          671496 kB
MemAvailable:    1496296 kB
Buffers:           60936 kB
Cached:           864216 kB
MemTotal:        1844596 kB
MemFree:          671876 kB
MemAvailable:    1496676 kB
Buffers:           60936 kB
Cached:           864216 kB
MemTotal:        1844596 kB
MemFree:          672220 kB
MemAvailable:    1497020 kB
Buffers:           60936 kB
Cached:           864216 kB
MemTotal:        1844596 kB
MemFree:          672304 kB
MemAvailable:    1497104 kB
Buffers:           60936 kB
Cached:           864216 kB
MemTotal:        1844596 kB
MemFree:          670256 kB
MemAvailable:    1495056 kB
Buffers:           60936 kB
Cached:           864216 kB
MemTotal:        1844596 kB
MemFree:          670512 kB
MemAvailable:    1495312 kB
Buffers:           60936 kB
Cached:           864216 kB
MemTotal:        1844596 kB
MemFree:          671608 kB
MemAvailable:    1496408 kB
Buffers:           60936 kB
Cached:           864216 kB
MemTotal:        1844596 kB
MemFree:          669644 kB
MemAvailable:    1494444 kB
Buffers:           60936 kB
Cached:           864216 kB
MemTotal:        1844596 kB
MemFree:          670760 kB
MemAvailable:    1495564 kB
Buffers:           60936 kB
Cached:           864220 kB
MemTotal:        1844596 kB
MemFree:          669644 kB
MemAvailable:    1494448 kB
Buffers:           60936 kB
Cached:           864220 kB
MemTotal:        1844596 kB
MemFree:          670332 kB
MemAvailable:    1495136 kB
Buffers:           60936 kB
Cached:           864220 kB
MemTotal:        1844596 kB
MemFree:          670136 kB
MemAvailable:    1494940 kB
Buffers:           60936 kB
Cached:           864220 kB
MemTotal:        1844596 kB
MemFree:          668960 kB
MemAvailable:    1493764 kB
Buffers:           60936 kB
Cached:           864220 kB
MemTotal:        1844596 kB
MemFree:          668828 kB
MemAvailable:    1493632 kB
Buffers:           60936 kB
Cached:           864220 kB
MemTotal:        1844596 kB
MemFree:          669936 kB
MemAvailable:    1494740 kB
Buffers:           60936 kB
Cached:           864220 kB
MemTotal:        1844596 kB
MemFree:          670272 kB
MemAvailable:    1495076 kB
Buffers:           60936 kB
Cached:           864220 kB
MemTotal:        1844596 kB
MemFree:          670248 kB
MemAvailable:    1495052 kB
Buffers:           60936 kB
Cached:           864220 kB
MemTotal:        1844596 kB
MemFree:          669272 kB
MemAvailable:    1494076 kB
Buffers:           60936 kB
Cached:           864220 kB
MemTotal:        1844596 kB
MemFree:          669636 kB
MemAvailable:    1494440 kB
Buffers:           60936 kB
Cached:           864220 kB
MemTotal:        1844596 kB
MemFree:          669636 kB
MemAvailable:    1494440 kB
Buffers:           60936 kB
Cached:           864220 kB
MemTotal:        1844596 kB
MemFree:          669196 kB
MemAvailable:    1494000 kB
Buffers:           60936 kB
Cached:           864220 kB
MemTotal:        1844596 kB
MemFree:          669196 kB
MemAvailable:    1494000 kB
Buffers:           60936 kB
Cached:           864220 kB
MemTotal:        1844596 kB
MemFree:          664792 kB
MemAvailable:    1489596 kB
Buffers:           60936 kB
Cached:           864220 kB
MemTotal:        1844596 kB
MemFree:          664876 kB
MemAvailable:    1489680 kB
Buffers:           60936 kB
Cached:           864220 kB
MemTotal:        1844596 kB
MemFree:          664404 kB
MemAvailable:    1489208 kB
Buffers:           60936 kB
Cached:           864220 kB
MemTotal:        1844596 kB
MemFree:          664136 kB
MemAvailable:    1488940 kB
Buffers:           60936 kB
Cached:           864220 kB
MemTotal:        1844596 kB
MemFree:          664684 kB
MemAvailable:    1489488 kB
Buffers:           60936 kB
Cached:           864220 kB
MemTotal:        1844596 kB
MemFree:          663568 kB
MemAvailable:    1488372 kB
Buffers:           60936 kB
Cached:           864220 kB
MemTotal:        1844596 kB
MemFree:          664376 kB
MemAvailable:    1489180 kB
Buffers:           60936 kB
Cached:           864220 kB
MemTotal:        1844596 kB
MemFree:          664508 kB
MemAvailable:    1489312 kB
Buffers:           60936 kB
Cached:           864220 kB
MemTotal:        1844596 kB
MemFree:          664296 kB
MemAvailable:    1489100 kB
Buffers:           60936 kB
Cached:           864220 kB
MemTotal:        1844596 kB
MemFree:          663984 kB
MemAvailable:    1488788 kB
Buffers:           60936 kB
Cached:           864220 kB
MemTotal:        1844596 kB
MemFree:          664320 kB
MemAvailable:    1489124 kB
Buffers:           60936 kB
Cached:           864220 kB
MemTotal:        1844596 kB
MemFree:          664160 kB
MemAvailable:    1488964 kB
Buffers:           60936 kB
Cached:           864220 kB
MemTotal:        1844596 kB
MemFree:          663320 kB
MemAvailable:    1488124 kB
Buffers:           60936 kB
Cached:           864220 kB
MemTotal:        1844596 kB
MemFree:          662188 kB
MemAvailable:    1486992 kB
Buffers:           60936 kB
Cached:           864220 kB
MemTotal:        1844596 kB
MemFree:          663072 kB
MemAvailable:    1487876 kB
Buffers:           60936 kB
Cached:           864220 kB
MemTotal:        1844596 kB
MemFree:          661336 kB
MemAvailable:    1486140 kB
Buffers:           60936 kB
Cached:           864220 kB
MemTotal:        1844596 kB
MemFree:          660212 kB
MemAvailable:    1485016 kB
Buffers:           60936 kB
Cached:           864220 kB
MemTotal:        1844596 kB
MemFree:          661072 kB
MemAvailable:    1485876 kB
Buffers:           60936 kB
Cached:           864220 kB
MemTotal:        1844596 kB
MemFree:          661072 kB
MemAvailable:    1485876 kB
Buffers:           60936 kB
Cached:           864220 kB
MemTotal:        1844596 kB
MemFree:          660936 kB
MemAvailable:    1485740 kB
Buffers:           60936 kB
Cached:           864220 kB
MemTotal:        1844596 kB
MemFree:          660936 kB
MemAvailable:    1485740 kB
Buffers:           60936 kB
Cached:           864220 kB
MemTotal:        1844596 kB
MemFree:          662852 kB
MemAvailable:    1487656 kB
Buffers:           60936 kB
Cached:           864220 kB
MemTotal:        1844596 kB
MemFree:          662948 kB
MemAvailable:    1487752 kB
Buffers:           60936 kB
Cached:           864220 kB
MemTotal:        1844596 kB
MemFree:          662928 kB
MemAvailable:    1487900 kB
Buffers:           60936 kB
Cached:           864344 kB
MemTotal:        1844596 kB
MemFree:          662760 kB
MemAvailable:    1487732 kB
Buffers:           60936 kB
Cached:           864344 kB
MemTotal:        1844596 kB
MemFree:          661460 kB
MemAvailable:    1486516 kB
Buffers:           60936 kB
Cached:           864468 kB
MemTotal:        1844596 kB
MemFree:          661328 kB
MemAvailable:    1486468 kB
Buffers:           60936 kB
Cached:           864592 kB
MemTotal:        1844596 kB
MemFree:          661328 kB
MemAvailable:    1486636 kB
Buffers:           60936 kB
Cached:           864716 kB
MemTotal:        1844596 kB
MemFree:          661460 kB
MemAvailable:    1486852 kB
Buffers:           60936 kB
Cached:           864840 kB
MemTotal:        1844596 kB
MemFree:          662308 kB
MemAvailable:    1487700 kB
Buffers:           60936 kB
Cached:           864840 kB
MemTotal:        1844596 kB
MemFree:          662564 kB
MemAvailable:    1487956 kB
Buffers:           60936 kB
Cached:           864840 kB
MemTotal:        1844596 kB
MemFree:          661020 kB
MemAvailable:    1486412 kB
Buffers:           60936 kB
Cached:           864840 kB
MemTotal:        1844596 kB
MemFree:          660896 kB
MemAvailable:    1486288 kB
Buffers:           60936 kB
Cached:           864840 kB
MemTotal:        1844596 kB
MemFree:          662196 kB
MemAvailable:    1487588 kB
Buffers:           60936 kB
Cached:           864840 kB
MemTotal:        1844596 kB
MemFree:          661584 kB
MemAvailable:    1486976 kB
Buffers:           60936 kB
Cached:           864840 kB
MemTotal:        1844596 kB
MemFree:          662336 kB
MemAvailable:    1487728 kB
Buffers:           60936 kB
Cached:           864840 kB
MemTotal:        1844596 kB
MemFree:          662372 kB
MemAvailable:    1487764 kB
Buffers:           60936 kB
Cached:           864840 kB
MemTotal:        1844596 kB
MemFree:          662352 kB
MemAvailable:    1487156 kB
Buffers:           60936 kB
Cached:           864208 kB
MemTotal:        1844596 kB
MemFree:          662320 kB
MemAvailable:    1487124 kB
Buffers:           60936 kB
Cached:           864208 kB
MemTotal:        1844596 kB
MemFree:          731172 kB
MemAvailable:    1555976 kB
Buffers:           60936 kB
Cached:           864208 kB
