MemTotal:        1844596 kB
MemFree:          860676 kB
MemAvailable:    1541764 kB
Buffers:           45736 kB
Cached:           745120 kB
MemTotal:        1844596 kB
MemFree:          860264 kB
MemAvailable:    1541352 kB
Buffers:           45736 kB
Cached:           745120 kB
MemTotal:        1844596 kB
MemFree:          860380 kB
MemAvailable:    1541468 kB
Buffers:           45736 kB
Cached:           745120 kB
MemTotal:        1844596 kB
MemFree:          859568 kB
MemAvailable:    1540656 kB
Buffers:           45736 kB
Cached:           745120 kB
MemTotal:        1844596 kB
MemFree:          858584 kB
MemAvailable:    1539672 kB
Buffers:           45736 kB
Cached:           745120 kB
MemTotal:        1844596 kB
MemFree:          858164 kB
MemAvailable:    1539252 kB
Buffers:           45736 kB
Cached:           745120 kB
MemTotal:        1844596 kB
MemFree:          858200 kB
MemAvailable:    1539288 kB
Buffers:           45736 kB
Cached:           745120 kB
MemTotal:        1844596 kB
MemFree:          855980 kB
MemAvailable:    1537068 kB
Buffers:           45736 kB
Cached:           745120 kB
MemTotal:        1844596 kB
MemFree:          854180 kB
MemAvailable:    1535268 kB
Buffers:           45736 kB
Cached:           745120 kB
MemTotal:        1844596 kB
MemFree:          851516 kB
MemAvailable:    1532604 kB
Buffers:           45736 kB
Cached:           745120 kB
MemTotal:        1844596 kB
MemFree:          846928 kB
MemAvailable:    1528024 kB
Buffers:           45736 kB
Cached:           745124 kB
MemTotal:        1844596 kB
MemFree:          847152 kB
MemAvailable:    1528248 kB
Buffers:           45736 kB
Cached:           745124 kB
MemTotal:        1844596 kB
MemFree:          847176 kB
MemAvailable:    1528272 kB
Buffers:           45736 kB
Cached:           745124 kB
MemTotal:        1844596 kB
MemFree:          848368 kB
MemAvailable:    1529464 kB
Buffers:           45736 kB
Cached:           745124 kB
MemTotal:        1844596 kB
MemFree:          848620 kB
MemAvailable:    1529716 kB
Buffers:           45736 kB
Cached:           745124 kB
MemTotal:        1844596 kB
MemFree:          848236 kB
MemAvailable:    1529332 kB
Buffers:           45736 kB
Cached:           745124 kB
MemTotal:        1844596 kB
MemFree:          847928 kB
MemAvailable:    1529024 kB
Buffers:           45736 kB
Cached:           745124 kB
MemTotal:        1844596 kB
MemFree:          846788 kB
MemAvailable:    1527884 kB
Buffers:           45736 kB
Cached:           745124 kB
MemTotal:        1844596 kB
MemFree:          847424 kB
MemAvailable:    1528520 kB
Buffers:           45736 kB
Cached:           745124 kB
MemTotal:        1844596 kB
MemFree:          845804 kB
MemAvailable:    1526900 kB
Buffers:           45736 kB
Cached:           745124 kB
MemTotal:        1844596 kB
MemFree:          845920 kB
MemAvailable:    1527016 kB
Buffers:           45736 kB
Cached:           745124 kB
MemTotal:        1844596 kB
MemFree:          845920 kB
MemAvailable:    1527016 kB
Buffers:           45736 kB
Cached:           745124 kB
MemTotal:        1844596 kB
MemFree:          845924 kB
MemAvailable:    1527020 kB
Buffers:           45736 kB
Cached:           745124 kB
MemTotal:        1844596 kB
MemFree:          845780 kB
MemAvailable:    1526876 kB
Buffers:           45736 kB
Cached:           745124 kB
MemTotal:        1844596 kB
MemFree:          845780 kB
MemAvailable:    1526876 kB
Buffers:           45736 kB
Cached:           745124 kB
MemTotal:        1844596 kB
MemFree:          845616 kB
MemAvailable:    1526712 kB
Buffers:           45736 kB
Cached:           745124 kB
MemTotal:        1844596 kB
MemFree:          845952 kB
MemAvailable:    1527048 kB
Buffers:           45736 kB
Cached:           745124 kB
MemTotal:        1844596 kB
MemFree:          845804 kB
MemAvailable:    1526900 kB
Buffers:           45736 kB
Cached:           745124 kB
MemTotal:        1844596 kB
MemFree:          846056 kB
MemAvailable:    1527152 kB
Buffers:           45736 kB
Cached:           745124 kB
MemTotal:        1844596 kB
MemFree:          847000 kB
MemAvailable:    1528096 kB
Buffers:           45736 kB
Cached:           745124 kB
MemTotal:        1844596 kB
MemFree:          845764 kB
MemAvailable:    1526860 kB
Buffers:           45736 kB
Cached:           745124 kB
MemTotal:        1844596 kB
MemFree:          847252 kB
MemAvailable:    1528348 kB
Buffers:           45736 kB
Cached:           745124 kB
MemTotal:        1844596 kB
MemFree:          845564 kB
MemAvailable:    1526660 kB
Buffers:           45736 kB
Cached:           745124 kB
MemTotal:        1844596 kB
MemFree:          843944 kB
MemAvailable:    1525040 kB
Buffers:           45736 kB
Cached:           745124 kB
MemTotal:        1844596 kB
MemFree:          844156 kB
MemAvailable:    1525252 kB
Buffers:           45736 kB
Cached:           745124 kB
MemTotal:        1844596 kB
MemFree:          842332 kB
MemAvailable:    1523428 kB
Buffers:           45736 kB
Cached:           745124 kB
MemTotal:        1844596 kB
MemFree:          843012 kB
MemAvailable:    1524108 kB
Buffers:           45736 kB
Cached:           745124 kB
MemTotal:        1844596 kB
MemFree:          842772 kB
MemAvailable:    1523868 kB
Buffers:           45736 kB
Cached:           745124 kB
MemTotal:        1844596 kB
MemFree:          841828 kB
MemAvailable:    1522924 kB
Buffers:           45736 kB
Cached:           745124 kB
MemTotal:        1844596 kB
MemFree:          841720 kB
MemAvailable:    1522816 kB
Buffers:           45736 kB
Cached:           745124 kB
MemTotal:        1844596 kB
MemFree:          841600 kB
MemAvailable:    1522696 kB
Buffers:           45736 kB
Cached:           745124 kB
MemTotal:        1844596 kB
MemFree:          840592 kB
MemAvailable:    1521688 kB
Buffers:           45736 kB
Cached:           745124 kB
MemTotal:        1844596 kB
MemFree:          840668 kB
MemAvailable:    1521764 kB
Buffers:           45736 kB
Cached:           745124 kB
MemTotal:        1844596 kB
MemFree:          840420 kB
MemAvailable:    1521516 kB
Buffers:           45736 kB
Cached:           745124 kB
MemTotal:        1844596 kB
MemFree:          841720 kB
MemAvailable:    1522816 kB
Buffers:           45736 kB
Cached:           745124 kB
MemTotal:        1844596 kB
MemFree:          841396 kB
MemAvailable:    1522492 kB
Buffers:           45736 kB
Cached:           745124 kB
MemTotal:        1844596 kB
MemFree:          840612 kB
MemAvailable:    1521708 kB
Buffers:           45736 kB
Cached:           745124 kB
MemTotal:        1844596 kB
MemFree:          839844 kB
MemAvailable:    1520940 kB
Buffers:           45736 kB
Cached:           745124 kB
MemTotal:        1844596 kB
MemFree:          841028 kB
MemAvailable:    1522124 kB
Buffers:           45736 kB
Cached:           745124 kB
MemTotal:        1844596 kB
MemFree:          840416 kB
MemAvailable:    1521512 kB
Buffers:           45736 kB
Cached:           745124 kB
MemTotal:        1844596 kB
MemFree:          840752 kB
MemAvailable:    1521848 kB
Buffers:           45736 kB
Cached:           745124 kB
MemTotal:        1844596 kB
MemFree:          840704 kB
MemAvailable:    1521800 kB
Buffers:           45736 kB
Cached:           745124 kB
MemTotal:        1844596 kB
MemFree:          840736 kB
MemAvailable:    1521832 kB
Buffers:           45736 kB
Cached:           745124 kB
MemTotal:        1844596 kB
MemFree:          839308 kB
MemAvailable:    1520404 kB
Buffers:           45736 kB
Cached:           745124 kB
MemTotal:        1844596 kB
MemFree:          839440 kB
MemAvailable:    1520536 kB
Buffers:           45736 kB
Cached:           745124 kB
MemTotal:        1844596 kB
MemFree:          840680 kB
MemAvailable:    1521776 kB
Buffers:           45736 kB
Cached:           745124 kB
MemTotal:        1844596 kB
MemFree:          840676 kB
MemAvailable:    1521772 kB
Buffers:           45736 kB
Cached:           745124 kB
MemTotal:        1844596 kB
MemFree:          839984 kB
MemAvailable:    1521080 kB
Buffers:           45736 kB
Cached:           745124 kB
MemTotal:        1844596 kB
MemFree:          840668 kB
MemAvailable:    1521764 kB
Buffers:           45736 kB
Cached:           745124 kB
MemTotal:        1844596 kB
MemFree:          840612 kB
MemAvailable:    1521708 kB
Buffers:           45736 kB
Cached:           745124 kB
MemTotal:        1844596 kB
MemFree:          839224 kB
MemAvailable:    1520320 kB
Buffers:           45736 kB
Cached:           745124 kB
MemTotal:        1844596 kB
MemFree:          840340 kB
MemAvailable:    1521436 kB
Buffers:           45736 kB
Cached:           745124 kB
MemTotal:        1844596 kB
MemFree:          839364 kB
MemAvailable:    1520460 kB
Buffers:           45736 kB
Cached:           745124 kB
MemTotal:        1844596 kB
MemFree:          839976 kB
MemAvailable:    1521076 kB
Buffers:           45736 kB
Cached:           745128 kB
MemTotal:        1844596 kB
MemFree:          840232 kB
MemAvailable:    1521332 kB
Buffers:           45736 kB
Cached:           745128 kB
MemTotal:        1844596 kB
MemFree:          839764 kB
MemAvailable:    1520864 kB
Buffers:           45736 kB
Cached:           745128 kB
MemTotal:        1844596 kB
MemFree:          839680 kB
MemAvailable:    1520780 kB
Buffers:           45736 kB
Cached:           745128 kB
MemTotal:        1844596 kB
MemFree:          839624 kB
MemAvailable:    1520724 kB
Buffers:           45736 kB
Cached:           745128 kB
MemTotal:        1844596 kB
MemFree:          838576 kB
MemAvailable:    1519676 kB
Buffers:           45736 kB
Cached:           745128 kB
MemTotal:        1844596 kB
MemFree:          838560 kB
MemAvailable:    1519660 kB
Buffers:           45736 kB
Cached:           745128 kB
MemTotal:        1844596 kB
MemFree:          839936 kB
MemAvailable:    1521036 kB
Buffers:           45736 kB
Cached:           745128 kB
MemTotal:        1844596 kB
MemFree:          838992 kB
MemAvailable:    1520092 kB
Buffers:           45736 kB
Cached:           745128 kB
MemTotal:        1844596 kB
MemFree:          839864 kB
MemAvailable:    1520964 kB
Buffers:           45736 kB
Cached:           745128 kB
MemTotal:        1844596 kB
MemFree:          838580 kB
MemAvailable:    1519680 kB
Buffers:           45736 kB
Cached:           745128 kB
MemTotal:        1844596 kB
MemFree:          839604 kB
MemAvailable:    1520704 kB
Buffers:           45736 kB
Cached:           745128 kB
MemTotal:        1844596 kB
MemFree:          839604 kB
MemAvailable:    1520704 kB
Buffers:           45736 kB
Cached:           745128 kB
MemTotal:        1844596 kB
MemFree:          837372 kB
MemAvailable:    1518472 kB
Buffers:           45736 kB
Cached:           745128 kB
MemTotal:        1844596 kB
MemFree:          835768 kB
MemAvailable:    1516868 kB
Buffers:           45736 kB
Cached:           745128 kB
MemTotal:        1844596 kB
MemFree:          833784 kB
MemAvailable:    1514884 kB
Buffers:           45736 kB
Cached:           745128 kB
MemTotal:        1844596 kB
MemFree:          832156 kB
MemAvailable:    1513256 kB
Buffers:           45736 kB
Cached:           745128 kB
MemTotal:        1844596 kB
MemFree:          832156 kB
MemAvailable:    1513256 kB
Buffers:           45736 kB
Cached:           745128 kB
MemTotal:        1844596 kB
MemFree:          831924 kB
MemAvailable:    1513028 kB
Buffers:           45736 kB
Cached:           745132 kB
MemTotal:        1844596 kB
MemFree:          831960 kB
MemAvailable:    1513064 kB
Buffers:           45736 kB
Cached:           745132 kB
MemTotal:        1844596 kB
MemFree:          830940 kB
MemAvailable:    1512044 kB
Buffers:           45736 kB
Cached:           745132 kB
MemTotal:        1844596 kB
MemFree:          831456 kB
MemAvailable:    1512560 kB
Buffers:           45736 kB
Cached:           745132 kB
MemTotal:        1844596 kB
MemFree:          830428 kB
MemAvailable:    1511532 kB
Buffers:           45736 kB
Cached:           745132 kB
MemTotal:        1844596 kB
MemFree:          831712 kB
MemAvailable:    1512816 kB
Buffers:           45736 kB
Cached:           745132 kB
MemTotal:        1844596 kB
MemFree:          832056 kB
MemAvailable:    1513160 kB
Buffers:           45736 kB
Cached:           745132 kB
MemTotal:        1844596 kB
MemFree:          831924 kB
MemAvailable:    1513028 kB
Buffers:           45736 kB
Cached:           745132 kB
MemTotal:        1844596 kB
MemFree:          831812 kB
MemAvailable:    1512916 kB
Buffers:           45736 kB
Cached:           745132 kB
MemTotal:        1844596 kB
MemFree:          831180 kB
MemAvailable:    1512284 kB
Buffers:           45736 kB
Cached:           745132 kB
MemTotal:        1844596 kB
MemFree:          831648 kB
MemAvailable:    1512752 kB
Buffers:           45736 kB
Cached:           745132 kB
MemTotal:        1844596 kB
MemFree:          831984 kB
MemAvailable:    1513088 kB
Buffers:           45736 kB
Cached:           745132 kB
MemTotal:        1844596 kB
MemFree:          831776 kB
MemAvailable:    1512880 kB
Buffers:           45736 kB
Cached:           745132 kB
MemTotal:        1844596 kB
MemFree:          832028 kB
MemAvailable:    1513132 kB
Buffers:           45736 kB
Cached:           745132 kB
MemTotal:        1844596 kB
MemFree:          830512 kB
MemAvailable:    1511616 kB
Buffers:           45736 kB
Cached:           745132 kB
MemTotal:        1844596 kB
MemFree:          831552 kB
MemAvailable:    1512656 kB
Buffers:           45736 kB
Cached:           745132 kB
MemTotal:        1844596 kB
MemFree:          830916 kB
MemAvailable:    1512020 kB
Buffers:           45736 kB
Cached:           745132 kB
MemTotal:        1844596 kB
MemFree:          829552 kB
MemAvailable:    1510656 kB
Buffers:           45736 kB
Cached:           745132 kB
MemTotal:        1844596 kB
MemFree:          830536 kB
MemAvailable:    1511640 kB
Buffers:           45736 kB
Cached:           745132 kB
MemTotal:        1844596 kB
MemFree:          830248 kB
MemAvailable:    1511352 kB
Buffers:           45736 kB
Cached:           745132 kB
MemTotal:        1844596 kB
MemFree:          829924 kB
MemAvailable:    1511028 kB
Buffers:           45736 kB
Cached:           745132 kB
MemTotal:        1844596 kB
MemFree:          829948 kB
MemAvailable:    1511052 kB
Buffers:           45736 kB
Cached:           745132 kB
MemTotal:        1844596 kB
MemFree:          829196 kB
MemAvailable:    1510300 kB
Buffers:           45736 kB
Cached:           745132 kB
MemTotal:        1844596 kB
MemFree:          827948 kB
MemAvailable:    1509052 kB
Buffers:           45736 kB
Cached:           745132 kB
MemTotal:        1844596 kB
MemFree:          827824 kB
MemAvailable:    1508928 kB
Buffers:           45736 kB
Cached:           745132 kB
MemTotal:        1844596 kB
MemFree:          828320 kB
MemAvailable:    1509424 kB
Buffers:           45736 kB
Cached:           745132 kB
MemTotal:        1844596 kB
MemFree:          828320 kB
MemAvailable:    1509424 kB
Buffers:           45736 kB
Cached:           745132 kB
MemTotal:        1844596 kB
MemFree:          828188 kB
MemAvailable:    1509292 kB
Buffers:           45736 kB
Cached:           745132 kB
MemTotal:        1844596 kB
MemFree:          828272 kB
MemAvailable:    1509376 kB
Buffers:           45736 kB
Cached:           745132 kB
MemTotal:        1844596 kB
MemFree:          826776 kB
MemAvailable:    1507880 kB
Buffers:           45736 kB
Cached:           745132 kB
MemTotal:        1844596 kB
MemFree:          827884 kB
MemAvailable:    1508988 kB
Buffers:           45736 kB
Cached:           745132 kB
MemTotal:        1844596 kB
MemFree:          827884 kB
MemAvailable:    1508988 kB
Buffers:           45736 kB
Cached:           745132 kB
MemTotal:        1844596 kB
MemFree:          826444 kB
MemAvailable:    1507548 kB
Buffers:           45736 kB
Cached:           745132 kB
MemTotal:        1844596 kB
MemFree:          826660 kB
MemAvailable:    1507764 kB
Buffers:           45736 kB
Cached:           745132 kB
MemTotal:        1844596 kB
MemFree:          828016 kB
MemAvailable:    1509120 kB
Buffers:           45736 kB
Cached:           745132 kB
MemTotal:        1844596 kB
MemFree:          826696 kB
MemAvailable:    1507800 kB
Buffers:           45736 kB
Cached:           745132 kB
MemTotal:        1844596 kB
MemFree:          826772 kB
MemAvailable:    1507876 kB
Buffers:           45736 kB
Cached:           745132 kB
MemTotal:        1844596 kB
MemFree:          826344 kB
MemAvailable:    1507448 kB
Buffers:           45736 kB
Cached:           745132 kB
MemTotal:        1844596 kB
MemFree:          826468 kB
MemAvailable:    1507572 kB
Buffers:           45736 kB
Cached:           745132 kB
MemTotal:        1844596 kB
MemFree:          827196 kB
MemAvailable:    1508300 kB
Buffers:           45736 kB
Cached:           745132 kB
MemTotal:        1844596 kB
MemFree:          826964 kB
MemAvailable:    1508068 kB
Buffers:           45736 kB
Cached:           745132 kB
MemTotal:        1844596 kB
MemFree:          822616 kB
MemAvailable:    1503720 kB
Buffers:           45736 kB
Cached:           745132 kB
MemTotal:        1844596 kB
MemFree:          822420 kB
MemAvailable:    1503524 kB
Buffers:           45736 kB
Cached:           745132 kB
MemTotal:        1844596 kB
MemFree:          821384 kB
MemAvailable:    1502488 kB
Buffers:           45736 kB
Cached:           745132 kB
MemTotal:        1844596 kB
MemFree:          822100 kB
MemAvailable:    1503204 kB
Buffers:           45736 kB
Cached:           745132 kB
MemTotal:        1844596 kB
MemFree:          822436 kB
MemAvailable:    1503540 kB
Buffers:           45736 kB
Cached:           745132 kB
MemTotal:        1844596 kB
MemFree:          820860 kB
MemAvailable:    1501964 kB
Buffers:           45736 kB
Cached:           745132 kB
MemTotal:        1844596 kB
MemFree:          822292 kB
MemAvailable:    1503396 kB
Buffers:           45736 kB
Cached:           745132 kB
MemTotal:        1844596 kB
MemFree:          822092 kB
MemAvailable:    1503196 kB
Buffers:           45736 kB
Cached:           745132 kB
MemTotal:        1844596 kB
MemFree:          822092 kB
MemAvailable:    1503196 kB
Buffers:           45736 kB
Cached:           745132 kB
MemTotal:        1844596 kB
MemFree:          821684 kB
MemAvailable:    1502788 kB
Buffers:           45736 kB
Cached:           745132 kB
MemTotal:        1844596 kB
MemFree:          822020 kB
MemAvailable:    1503124 kB
Buffers:           45736 kB
Cached:           745132 kB
MemTotal:        1844596 kB
MemFree:          820568 kB
MemAvailable:    1501672 kB
Buffers:           45736 kB
Cached:           745132 kB
MemTotal:        1844596 kB
MemFree:          821852 kB
MemAvailable:    1502956 kB
Buffers:           45736 kB
Cached:           745132 kB
MemTotal:        1844596 kB
MemFree:          821576 kB
MemAvailable:    1502680 kB
Buffers:           45736 kB
Cached:           745132 kB
MemTotal:        1844596 kB
MemFree:          820496 kB
MemAvailable:    1501600 kB
Buffers:           45736 kB
Cached:           745132 kB
MemTotal:        1844596 kB
MemFree:          820364 kB
MemAvailable:    1501468 kB
Buffers:           45736 kB
Cached:           745132 kB
MemTotal:        1844596 kB
MemFree:          821364 kB
MemAvailable:    1502468 kB
Buffers:           45736 kB
Cached:           745132 kB
MemTotal:        1844596 kB
MemFree:          819400 kB
MemAvailable:    1500504 kB
Buffers:           45736 kB
Cached:           745132 kB
MemTotal:        1844596 kB
MemFree:          818640 kB
MemAvailable:    1499744 kB
Buffers:           45736 kB
Cached:           745132 kB
MemTotal:        1844596 kB
MemFree:          818724 kB
MemAvailable:    1499828 kB
Buffers:           45736 kB
Cached:           745132 kB
MemTotal:        1844596 kB
MemFree:          818572 kB
MemAvailable:    1499676 kB
Buffers:           45736 kB
Cached:           745132 kB
MemTotal:        1844596 kB
MemFree:          818532 kB
MemAvailable:    1499636 kB
Buffers:           45736 kB
Cached:           745132 kB
MemTotal:        1844596 kB
MemFree:          818160 kB
MemAvailable:    1499264 kB
Buffers:           45736 kB
Cached:           745132 kB
MemTotal:        1844596 kB
MemFree:          818520 kB
MemAvailable:    1499624 kB
Buffers:           45736 kB
Cached:           745132 kB
MemTotal:        1844596 kB
MemFree:          817148 kB
MemAvailable:    1498252 kB
Buffers:           45736 kB
Cached:           745132 kB
MemTotal:        1844596 kB
MemFree:          820716 kB
MemAvailable:    1501820 kB
Buffers:           45736 kB
Cached:           745132 kB
MemTotal:        1844596 kB
MemFree:          820604 kB
MemAvailable:    1501708 kB
Buffers:           45736 kB
Cached:           745132 kB
MemTotal:        1844596 kB
MemFree:          820224 kB
MemAvailable:    1501496 kB
Buffers:           45736 kB
Cached:           745380 kB
MemTotal:        1844596 kB
MemFree:          820224 kB
MemAvailable:    1501496 kB
Buffers:           45736 kB
Cached:           745380 kB
MemTotal:        1844596 kB
MemFree:          820004 kB
MemAvailable:    1501444 kB
Buffers:           45736 kB
Cached:           745504 kB
MemTotal:        1844596 kB
MemFree:          820340 kB
MemAvailable:    1501780 kB
Buffers:           45736 kB
Cached:           745504 kB
MemTotal:        1844596 kB
MemFree:          820064 kB
MemAvailable:    1501672 kB
Buffers:           45736 kB
Cached:           745752 kB
MemTotal:        1844596 kB
MemFree:          819808 kB
MemAvailable:    1501416 kB
Buffers:           45736 kB
Cached:           745752 kB
MemTotal:        1844596 kB
MemFree:          819992 kB
MemAvailable:    1501600 kB
Buffers:           45736 kB
Cached:           745752 kB
MemTotal:        1844596 kB
MemFree:          818904 kB
MemAvailable:    1500596 kB
Buffers:           45736 kB
Cached:           745752 kB
MemTotal:        1844596 kB
MemFree:          819704 kB
MemAvailable:    1501396 kB
Buffers:           45736 kB
Cached:           745752 kB
MemTotal:        1844596 kB
MemFree:          819704 kB
MemAvailable:    1501396 kB
Buffers:           45736 kB
Cached:           745752 kB
MemTotal:        1844596 kB
MemFree:          818532 kB
MemAvailable:    1500320 kB
Buffers:           45736 kB
Cached:           745816 kB
MemTotal:        1844596 kB
MemFree:          819916 kB
MemAvailable:    1501704 kB
Buffers:           45736 kB
Cached:           745816 kB
MemTotal:        1844596 kB
MemFree:          819756 kB
MemAvailable:    1501544 kB
Buffers:           45744 kB
Cached:           745808 kB
MemTotal:        1844596 kB
MemFree:          819840 kB
MemAvailable:    1501628 kB
Buffers:           45744 kB
Cached:           745808 kB
MemTotal:        1844596 kB
MemFree:          818560 kB
MemAvailable:    1499760 kB
Buffers:           45748 kB
Cached:           745172 kB
MemTotal:        1844596 kB
MemFree:          889048 kB
MemAvailable:    1570248 kB
Buffers:           45748 kB
Cached:           745172 kB
