MemTotal:        1844596 kB
MemFree:          662104 kB
MemAvailable:    1525972 kB
Buffers:           64764 kB
Cached:           896208 kB
MemTotal:        1844596 kB
MemFree:          661360 kB
MemAvailable:    1525228 kB
Buffers:           64764 kB
Cached:           896208 kB
MemTotal:        1844596 kB
MemFree:          660228 kB
MemAvailable:    1524096 kB
Buffers:           64764 kB
Cached:           896208 kB
MemTotal:        1844596 kB
MemFree:          660120 kB
MemAvailable:    1523988 kB
Buffers:           64764 kB
Cached:           896208 kB
MemTotal:        1844596 kB
MemFree:          659128 kB
MemAvailable:    1522996 kB
Buffers:           64764 kB
Cached:           896208 kB
MemTotal:        1844596 kB
MemFree:          657756 kB
MemAvailable:    1521624 kB
Buffers:           64764 kB
Cached:           896208 kB
MemTotal:        1844596 kB
MemFree:          655344 kB
MemAvailable:    1519212 kB
Buffers:           64764 kB
Cached:           896208 kB
MemTotal:        1844596 kB
MemFree:          652548 kB
MemAvailable:    1516416 kB
Buffers:           64764 kB
Cached:           896208 kB
MemTotal:        1844596 kB
MemFree:          652068 kB
MemAvailable:    1515936 kB
Buffers:           64764 kB
Cached:           896208 kB
MemTotal:        1844596 kB
MemFree:          647828 kB
MemAvailable:    1511696 kB
Buffers:           64764 kB
Cached:           896208 kB
MemTotal:        1844596 kB
MemFree:          647828 kB
MemAvailable:    1511696 kB
Buffers:           64764 kB
Cached:           896208 kB
MemTotal:        1844596 kB
MemFree:          648740 kB
MemAvailable:    1512608 kB
Buffers:           64764 kB
Cached:           896208 kB
MemTotal:        1844596 kB
MemFree:          649076 kB
MemAvailable:    1512944 kB
Buffers:           64764 kB
Cached:           896208 kB
MemTotal:        1844596 kB
MemFree:          649100 kB
MemAvailable:    1512968 kB
Buffers:           64764 kB
Cached:           896208 kB
MemTotal:        1844596 kB
MemFree:          648848 kB
MemAvailable:    1512716 kB
Buffers:           64764 kB
Cached:           896208 kB
MemTotal:        1844596 kB
MemFree:          647408 kB
MemAvailable:    1511276 kB
Buffers:           64764 kB
Cached:           896208 kB
MemTotal:        1844596 kB
MemFree:          647904 kB
MemAvailable:    1511772 kB
Buffers:           64764 kB
Cached:           896208 kB
MemTotal:        1844596 kB
MemFree:          646356 kB
MemAvailable:    1510224 kB
Buffers:           64764 kB
Cached:           896208 kB
MemTotal:        1844596 kB
MemFree:          645480 kB
MemAvailable:    1509348 kB
Buffers:           64764 kB
Cached:           896208 kB
MemTotal:        1844596 kB
MemFree:          646596 kB
MemAvailable:    1510464 kB
Buffers:           64764 kB
Cached:           896208 kB
MemTotal:        1844596 kB
MemFree:          645356 kB
MemAvailable:    1509224 kB
Buffers:           64764 kB
Cached:           896208 kB
MemTotal:        1844596 kB
MemFree:          646580 kB
MemAvailable:    1510448 kB
Buffers:           64764 kB
Cached:           896208 kB
MemTotal:        1844596 kB
MemFree:          646368 kB
MemAvailable:    1510320 kB
Buffers:           64764 kB
Cached:           896208 kB
MemTotal:        1844596 kB
MemFree:          646452 kB
MemAvailable:    1510320 kB
Buffers:           64764 kB
Cached:           896208 kB
MemTotal:        1844596 kB
MemFree:          646424 kB
MemAvailable:    1510292 kB
Buffers:           64764 kB
Cached:           896208 kB
MemTotal:        1844596 kB
MemFree:          645344 kB
MemAvailable:    1509212 kB
Buffers:           64764 kB
Cached:           896208 kB
MemTotal:        1844596 kB
MemFree:          647924 kB
MemAvailable:    1511792 kB
Buffers:           64764 kB
Cached:           896208 kB
MemTotal:        1844596 kB
MemFree:          647672 kB
MemAvailable:    1511540 kB
Buffers:           64764 kB
Cached:           896208 kB
MemTotal:        1844596 kB
MemFree:          646416 kB
MemAvailable:    1510284 kB
Buffers:           64764 kB
Cached:           896208 kB
MemTotal:        1844596 kB
MemFree:          644124 kB
MemAvailable:    1507992 kB
Buffers:           64764 kB
Cached:           896208 kB
MemTotal:        1844596 kB
MemFree:          644184 kB
MemAvailable:    1508052 kB
Buffers:           64764 kB
Cached:           896208 kB
MemTotal:        1844596 kB
MemFree:          642752 kB
MemAvailable:    1506620 kB
Buffers:           64764 kB
Cached:           896208 kB
MemTotal:        1844596 kB
MemFree:          643564 kB
MemAvailable:    1507432 kB
Buffers:           64764 kB
Cached:           896208 kB
MemTotal:        1844596 kB
MemFree:          642140 kB
MemAvailable:    1506008 kB
Buffers:           64764 kB
Cached:           896208 kB
MemTotal:        1844596 kB
MemFree:          642504 kB
MemAvailable:    1506372 kB
Buffers:           64764 kB
Cached:           896208 kB
MemTotal:        1844596 kB
MemFree:          642560 kB
MemAvailable:    1506428 kB
Buffers:           64764 kB
Cached:           896208 kB
MemTotal:        1844596 kB
MemFree:          642368 kB
MemAvailable:    1506236 kB
Buffers:           64764 kB
Cached:           896208 kB
MemTotal:        1844596 kB
MemFree:          641080 kB
MemAvailable:    1504948 kB
Buffers:           64764 kB
Cached:           896208 kB
MemTotal:        1844596 kB
MemFree:          642188 kB
MemAvailable:    1506056 kB
Buffers:           64764 kB
Cached:           896208 kB
MemTotal:        1844596 kB
MemFree:          642188 kB
MemAvailable:    1506056 kB
Buffers:           64764 kB
Cached:           896208 kB
MemTotal:        1844596 kB
MemFree:          642300 kB
MemAvailable:    1506168 kB
Buffers:           64764 kB
Cached:           896208 kB
MemTotal:        1844596 kB
MemFree:          641148 kB
MemAvailable:    1505016 kB
Buffers:           64764 kB
Cached:           896208 kB
MemTotal:        1844596 kB
MemFree:          641944 kB
MemAvailable:    1505816 kB
Buffers:           64764 kB
Cached:           896212 kB
MemTotal:        1844596 kB
MemFree:          640652 kB
MemAvailable:    1504524 kB
Buffers:           64764 kB
Cached:           896212 kB
MemTotal:        1844596 kB
MemFree:          641000 kB
MemAvailable:    1504872 kB
Buffers:           64764 kB
Cached:           896212 kB
MemTotal:        1844596 kB
MemFree:          640644 kB
MemAvailable:    1504516 kB
Buffers:           64764 kB
Cached:           896212 kB
MemTotal:        1844596 kB
MemFree:          641368 kB
MemAvailable:    1505240 kB
Buffers:           64764 kB
Cached:           896212 kB
MemTotal:        1844596 kB
MemFree:          641452 kB
MemAvailable:    1505324 kB
Buffers:           64764 kB
Cached:           896212 kB
MemTotal:        1844596 kB
MemFree:          639968 kB
MemAvailable:    1503840 kB
Buffers:           64764 kB
Cached:           896212 kB
MemTotal:        1844596 kB
MemFree:          641268 kB
MemAvailable:    1505140 kB
Buffers:           64764 kB
Cached:           896212 kB
MemTotal:        1844596 kB
MemFree:          641112 kB
MemAvailable:    1504984 kB
Buffers:           64764 kB
Cached:           896212 kB
MemTotal:        1844596 kB
MemFree:          641448 kB
MemAvailable:    1505320 kB
Buffers:           64764 kB
Cached:           896212 kB
MemTotal:        1844596 kB
MemFree:          641324 kB
MemAvailable:    1505196 kB
Buffers:           64764 kB
Cached:           896212 kB
MemTotal:        1844596 kB
MemFree:          641324 kB
MemAvailable:    1505196 kB
Buffers:           64764 kB
Cached:           896212 kB
MemTotal:        1844596 kB
MemFree:          639892 kB
MemAvailable:    1503764 kB
Buffers:           64764 kB
Cached:           896212 kB
MemTotal:        1844596 kB
MemFree:          641016 kB
MemAvailable:    1504888 kB
Buffers:           64764 kB
Cached:           896212 kB
MemTotal:        1844596 kB
MemFree:          641352 kB
MemAvailable:    1505224 kB
Buffers:           64764 kB
Cached:           896212 kB
MemTotal:        1844596 kB
MemFree:          640960 kB
MemAvailable:    1504832 kB
Buffers:           64764 kB
Cached:           896212 kB
MemTotal:        1844596 kB
MemFree:          639404 kB
MemAvailable:    1503276 kB
Buffers:           64764 kB
Cached:           896212 kB
MemTotal:        1844596 kB
MemFree:          640528 kB
MemAvailable:    1504400 kB
Buffers:           64764 kB
Cached:           896212 kB
MemTotal:        1844596 kB
MemFree:          639412 kB
MemAvailable:    1503284 kB
Buffers:           64764 kB
Cached:           896212 kB
MemTotal:        1844596 kB
MemFree:          640264 kB
MemAvailable:    1504136 kB
Buffers:           64764 kB
Cached:           896212 kB
MemTotal:        1844596 kB
MemFree:          640264 kB
MemAvailable:    1504136 kB
Buffers:           64764 kB
Cached:           896212 kB
MemTotal:        1844596 kB
MemFree:          640444 kB
MemAvailable:    1504316 kB
Buffers:           64764 kB
Cached:           896212 kB
MemTotal:        1844596 kB
MemFree:          640212 kB
MemAvailable:    1504084 kB
Buffers:           64764 kB
Cached:           896212 kB
MemTotal:        1844596 kB
MemFree:          640548 kB
MemAvailable:    1504420 kB
Buffers:           64764 kB
Cached:           896212 kB
MemTotal:        1844596 kB
MemFree:          640212 kB
MemAvailable:    1504084 kB
Buffers:           64764 kB
Cached:           896212 kB
MemTotal:        1844596 kB
MemFree:          640280 kB
MemAvailable:    1504164 kB
Buffers:           64764 kB
Cached:           896220 kB
MemTotal:        1844596 kB
MemFree:          638792 kB
MemAvailable:    1502676 kB
Buffers:           64764 kB
Cached:           896220 kB
MemTotal:        1844596 kB
MemFree:          637676 kB
MemAvailable:    1501560 kB
Buffers:           64764 kB
Cached:           896220 kB
MemTotal:        1844596 kB
MemFree:          634576 kB
MemAvailable:    1498460 kB
Buffers:           64764 kB
Cached:           896220 kB
MemTotal:        1844596 kB
MemFree:          633088 kB
MemAvailable:    1496972 kB
Buffers:           64764 kB
Cached:           896220 kB
MemTotal:        1844596 kB
MemFree:          632576 kB
MemAvailable:    1496460 kB
Buffers:           64764 kB
Cached:           896220 kB
MemTotal:        1844596 kB
MemFree:          632828 kB
MemAvailable:    1496712 kB
Buffers:           64764 kB
Cached:           896220 kB
MemTotal:        1844596 kB
MemFree:          632536 kB
MemAvailable:    1496420 kB
Buffers:           64764 kB
Cached:           896220 kB
MemTotal:        1844596 kB
MemFree:          631164 kB
MemAvailable:    1495048 kB
Buffers:           64764 kB
Cached:           896220 kB
MemTotal:        1844596 kB
MemFree:          631280 kB
MemAvailable:    1495164 kB
Buffers:           64764 kB
Cached:           896220 kB
MemTotal:        1844596 kB
MemFree:          631164 kB
MemAvailable:    1495048 kB
Buffers:           64764 kB
Cached:           896220 kB
MemTotal:        1844596 kB
MemFree:          631156 kB
MemAvailable:    1495040 kB
Buffers:           64764 kB
Cached:           896220 kB
MemTotal:        1844596 kB
MemFree:          632392 kB
MemAvailable:    1496276 kB
Buffers:           64764 kB
Cached:           896220 kB
MemTotal:        1844596 kB
MemFree:          632644 kB
MemAvailable:    1496528 kB
Buffers:           64764 kB
Cached:           896220 kB
MemTotal:        1844596 kB
MemFree:          632156 kB
MemAvailable:    1496040 kB
Buffers:           64764 kB
Cached:           896220 kB
MemTotal:        1844596 kB
MemFree:          632492 kB
MemAvailable:    1496376 kB
Buffers:           64764 kB
Cached:           896220 kB
MemTotal:        1844596 kB
MemFree:          631084 kB
MemAvailable:    1494968 kB
Buffers:           64764 kB
Cached:           896220 kB
MemTotal:        1844596 kB
MemFree:          632192 kB
MemAvailable:    1496076 kB
Buffers:           64764 kB
Cached:           896220 kB
MemTotal:        1844596 kB
MemFree:          632360 kB
MemAvailable:    1496244 kB
Buffers:           64764 kB
Cached:           896220 kB
MemTotal:        1844596 kB
MemFree:          632096 kB
MemAvailable:    1495980 kB
Buffers:           64764 kB
Cached:           896220 kB
MemTotal:        1844596 kB
MemFree:          632220 kB
MemAvailable:    1496104 kB
Buffers:           64764 kB
Cached:           896220 kB
MemTotal:        1844596 kB
MemFree:          631344 kB
MemAvailable:    1495228 kB
Buffers:           64764 kB
Cached:           896220 kB
MemTotal:        1844596 kB
MemFree:          631236 kB
MemAvailable:    1495120 kB
Buffers:           64764 kB
Cached:           896220 kB
MemTotal:        1844596 kB
MemFree:          630832 kB
MemAvailable:    1494716 kB
Buffers:           64764 kB
Cached:           896220 kB
MemTotal:        1844596 kB
MemFree:          631168 kB
MemAvailable:    1495052 kB
Buffers:           64764 kB
Cached:           896220 kB
MemTotal:        1844596 kB
MemFree:          629740 kB
MemAvailable:    1493624 kB
Buffers:           64764 kB
Cached:           896220 kB
MemTotal:        1844596 kB
MemFree:          629544 kB
MemAvailable:    1493428 kB
Buffers:           64764 kB
Cached:           896220 kB
MemTotal:        1844596 kB
MemFree:          629472 kB
MemAvailable:    1493356 kB
Buffers:           64764 kB
Cached:           896220 kB
MemTotal:        1844596 kB
MemFree:          629472 kB
MemAvailable:    1493356 kB
Buffers:           64764 kB
Cached:           896220 kB
MemTotal:        1844596 kB
MemFree:          629120 kB
MemAvailable:    1493004 kB
Buffers:           64764 kB
Cached:           896220 kB
MemTotal:        1844596 kB
MemFree:          627748 kB
MemAvailable:    1491632 kB
Buffers:           64764 kB
Cached:           896220 kB
MemTotal:        1844596 kB
MemFree:          628988 kB
MemAvailable:    1492872 kB
Buffers:           64764 kB
Cached:           896220 kB
MemTotal:        1844596 kB
MemFree:          628616 kB
MemAvailable:    1492500 kB
Buffers:           64764 kB
Cached:           896220 kB
MemTotal:        1844596 kB
MemFree:          627872 kB
MemAvailable:    1491756 kB
Buffers:           64764 kB
Cached:           896220 kB
MemTotal:        1844596 kB
MemFree:          628916 kB
MemAvailable:    1492804 kB
Buffers:           64764 kB
Cached:           896224 kB
MemTotal:        1844596 kB
MemFree:          628864 kB
MemAvailable:    1492752 kB
Buffers:           64764 kB
Cached:           896224 kB
MemTotal:        1844596 kB
MemFree:          628660 kB
MemAvailable:    1492548 kB
Buffers:           64764 kB
Cached:           896224 kB
MemTotal:        1844596 kB
MemFree:          627508 kB
MemAvailable:    1491396 kB
Buffers:           64764 kB
Cached:           896224 kB
MemTotal:        1844596 kB
MemFree:          628500 kB
MemAvailable:    1492388 kB
Buffers:           64764 kB
Cached:           896224 kB
MemTotal:        1844596 kB
MemFree:          628444 kB
MemAvailable:    1492332 kB
Buffers:           64764 kB
Cached:           896224 kB
MemTotal:        1844596 kB
MemFree:          628696 kB
MemAvailable:    1492584 kB
Buffers:           64764 kB
Cached:           896224 kB
MemTotal:        1844596 kB
MemFree:          627864 kB
MemAvailable:    1491752 kB
Buffers:           64764 kB
Cached:           896224 kB
MemTotal:        1844596 kB
MemFree:          627948 kB
MemAvailable:    1491836 kB
Buffers:           64764 kB
Cached:           896224 kB
MemTotal:        1844596 kB
MemFree:          626452 kB
MemAvailable:    1490340 kB
Buffers:           64764 kB
Cached:           896224 kB
MemTotal:        1844596 kB
MemFree:          623292 kB
MemAvailable:    1487180 kB
Buffers:           64764 kB
Cached:           896224 kB
MemTotal:        1844596 kB
MemFree:          623168 kB
MemAvailable:    1487056 kB
Buffers:           64764 kB
Cached:           896224 kB
MemTotal:        1844596 kB
MemFree:          621920 kB
MemAvailable:    1485808 kB
Buffers:           64764 kB
Cached:           896224 kB
MemTotal:        1844596 kB
MemFree:          622052 kB
MemAvailable:    1485940 kB
Buffers:           64764 kB
Cached:           896224 kB
MemTotal:        1844596 kB
MemFree:          622912 kB
MemAvailable:    1486800 kB
Buffers:           64764 kB
Cached:           896224 kB
MemTotal:        1844596 kB
MemFree:          623248 kB
MemAvailable:    1487136 kB
Buffers:           64764 kB
Cached:           896224 kB
MemTotal:        1844596 kB
MemFree:          622956 kB
MemAvailable:    1486844 kB
Buffers:           64764 kB
Cached:           896224 kB
MemTotal:        1844596 kB
MemFree:          621564 kB
MemAvailable:    1485452 kB
Buffers:           64764 kB
Cached:           896224 kB
MemTotal:        1844596 kB
MemFree:          622672 kB
MemAvailable:    1486560 kB
Buffers:           64764 kB
Cached:           896224 kB
MemTotal:        1844596 kB
MemFree:          621384 kB
MemAvailable:    1485272 kB
Buffers:           64764 kB
Cached:           896224 kB
MemTotal:        1844596 kB
MemFree:          621384 kB
MemAvailable:    1485272 kB
Buffers:           64764 kB
Cached:           896224 kB
MemTotal:        1844596 kB
MemFree:          621308 kB
MemAvailable:    1485200 kB
Buffers:           64764 kB
Cached:           896228 kB
MemTotal:        1844596 kB
MemFree:          622732 kB
MemAvailable:    1486624 kB
Buffers:           64764 kB
Cached:           896228 kB
MemTotal:        1844596 kB
MemFree:          620688 kB
MemAvailable:    1484580 kB
Buffers:           64764 kB
Cached:           896228 kB
MemTotal:        1844596 kB
MemFree:          619556 kB
MemAvailable:    1483448 kB
Buffers:           64764 kB
Cached:           896228 kB
MemTotal:        1844596 kB
MemFree:          619556 kB
MemAvailable:    1483448 kB
Buffers:           64764 kB
Cached:           896228 kB
MemTotal:        1844596 kB
MemFree:          619612 kB
MemAvailable:    1483504 kB
Buffers:           64764 kB
Cached:           896228 kB
MemTotal:        1844596 kB
MemFree:          618312 kB
MemAvailable:    1482204 kB
Buffers:           64764 kB
Cached:           896228 kB
MemTotal:        1844596 kB
MemFree:          619572 kB
MemAvailable:    1483464 kB
Buffers:           64764 kB
Cached:           896228 kB
MemTotal:        1844596 kB
MemFree:          618140 kB
MemAvailable:    1482032 kB
Buffers:           64764 kB
Cached:           896228 kB
MemTotal:        1844596 kB
MemFree:          621520 kB
MemAvailable:    1485412 kB
Buffers:           64764 kB
Cached:           896228 kB
MemTotal:        1844596 kB
MemFree:          620192 kB
MemAvailable:    1484084 kB
Buffers:           64764 kB
Cached:           896228 kB
MemTotal:        1844596 kB
MemFree:          621424 kB
MemAvailable:    1485484 kB
Buffers:           64764 kB
Cached:           896352 kB
MemTotal:        1844596 kB
MemFree:          621680 kB
MemAvailable:    1485740 kB
Buffers:           64764 kB
Cached:           896352 kB
MemTotal:        1844596 kB
MemFree:          621160 kB
MemAvailable:    1485388 kB
Buffers:           64764 kB
Cached:           896600 kB
MemTotal:        1844596 kB
MemFree:          621244 kB
MemAvailable:    1485472 kB
Buffers:           64764 kB
Cached:           896600 kB
MemTotal:        1844596 kB
MemFree:          620872 kB
MemAvailable:    1485268 kB
Buffers:           64764 kB
Cached:           896724 kB
MemTotal:        1844596 kB
MemFree:          621124 kB
MemAvailable:    1485520 kB
Buffers:           64764 kB
Cached:           896724 kB
MemTotal:        1844596 kB
MemFree:          620972 kB
MemAvailable:    1485452 kB
Buffers:           64764 kB
Cached:           896724 kB
MemTotal:        1844596 kB
MemFree:          621004 kB
MemAvailable:    1485484 kB
Buffers:           64764 kB
Cached:           896724 kB
MemTotal:        1844596 kB
MemFree:          619640 kB
MemAvailable:    1484120 kB
Buffers:           64764 kB
Cached:           896848 kB
MemTotal:        1844596 kB
MemFree:          620616 kB
MemAvailable:    1485096 kB
Buffers:           64764 kB
Cached:           896848 kB
MemTotal:        1844596 kB
MemFree:          620840 kB
MemAvailable:    1485380 kB
Buffers:           64764 kB
Cached:           896832 kB
MemTotal:        1844596 kB
MemFree:          620796 kB
MemAvailable:    1485336 kB
Buffers:           64764 kB
Cached:           896832 kB
MemTotal:        1844596 kB
MemFree:          620796 kB
MemAvailable:    1485336 kB
Buffers:           64764 kB
Cached:           896832 kB
MemTotal:        1844596 kB
MemFree:          620632 kB
MemAvailable:    1485196 kB
Buffers:           64764 kB
Cached:           897024 kB
MemTotal:        1844596 kB
MemFree:          620968 kB
MemAvailable:    1485532 kB
Buffers:           64764 kB
Cached:           897024 kB
MemTotal:        1844596 kB
MemFree:          658828 kB
MemAvailable:    1522804 kB
Buffers:           64764 kB
Cached:           896268 kB
