MemTotal:        1844596 kB
MemFree:          849864 kB
MemAvailable:    1540280 kB
Buffers:           46820 kB
Cached:           754920 kB
MemTotal:        1844596 kB
MemFree:          849748 kB
MemAvailable:    1540164 kB
Buffers:           46820 kB
Cached:           754920 kB
MemTotal:        1844596 kB
MemFree:          846456 kB
MemAvailable:    1536872 kB
Buffers:           46820 kB
Cached:           754920 kB
MemTotal:        1844596 kB
MemFree:          847748 kB
MemAvailable:    1538164 kB
Buffers:           46820 kB
Cached:           754920 kB
MemTotal:        1844596 kB
MemFree:          844912 kB
MemAvailable:    1535328 kB
Buffers:           46820 kB
Cached:           754920 kB
MemTotal:        1844596 kB
MemFree:          844792 kB
MemAvailable:    1535208 kB
Buffers:           46820 kB
Cached:           754920 kB
MemTotal:        1844596 kB
MemFree:          844976 kB
MemAvailable:    1535392 kB
Buffers:           46820 kB
Cached:           754920 kB
MemTotal:        1844596 kB
MemFree:          841620 kB
MemAvailable:    1532036 kB
Buffers:           46820 kB
Cached:           754920 kB
MemTotal:        1844596 kB
MemFree:          839272 kB
MemAvailable:    1529688 kB
Buffers:           46820 kB
Cached:           754920 kB
MemTotal:        1844596 kB
MemFree:          839140 kB
MemAvailable:    1529556 kB
Buffers:           46820 kB
Cached:           754920 kB
MemTotal:        1844596 kB
MemFree:          835076 kB
MemAvailable:    1525492 kB
Buffers:           46820 kB
Cached:           754920 kB
MemTotal:        1844596 kB
MemFree:          835056 kB
MemAvailable:    1525472 kB
Buffers:           46820 kB
Cached:           754920 kB
MemTotal:        1844596 kB
MemFree:          835544 kB
MemAvailable:    1525960 kB
Buffers:           46820 kB
Cached:           754920 kB
MemTotal:        1844596 kB
MemFree:          836660 kB
MemAvailable:    1527080 kB
Buffers:           46820 kB
Cached:           754924 kB
MemTotal:        1844596 kB
MemFree:          835544 kB
MemAvailable:    1525964 kB
Buffers:           46820 kB
Cached:           754924 kB
MemTotal:        1844596 kB
MemFree:          835296 kB
MemAvailable:    1525716 kB
Buffers:           46820 kB
Cached:           754924 kB
MemTotal:        1844596 kB
MemFree:          836480 kB
MemAvailable:    1526900 kB
Buffers:           46820 kB
Cached:           754924 kB
MemTotal:        1844596 kB
MemFree:          835612 kB
MemAvailable:    1526032 kB
Buffers:           46820 kB
Cached:           754924 kB
MemTotal:        1844596 kB
MemFree:          834868 kB
MemAvailable:    1525288 kB
Buffers:           46820 kB
Cached:           754924 kB
MemTotal:        1844596 kB
MemFree:          833800 kB
MemAvailable:    1524220 kB
Buffers:           46820 kB
Cached:           754924 kB
MemTotal:        1844596 kB
MemFree:          833884 kB
MemAvailable:    1524304 kB
Buffers:           46820 kB
Cached:           754924 kB
MemTotal:        1844596 kB
MemFree:          833628 kB
MemAvailable:    1524048 kB
Buffers:           46820 kB
Cached:           754924 kB
MemTotal:        1844596 kB
MemFree:          833888 kB
MemAvailable:    1524308 kB
Buffers:           46820 kB
Cached:           754924 kB
MemTotal:        1844596 kB
MemFree:          833668 kB
MemAvailable:    1524088 kB
Buffers:           46820 kB
Cached:           754924 kB
MemTotal:        1844596 kB
MemFree:          833980 kB
MemAvailable:    1524400 kB
Buffers:           46820 kB
Cached:           754924 kB
MemTotal:        1844596 kB
MemFree:          833800 kB
MemAvailable:    1524220 kB
Buffers:           46820 kB
Cached:           754924 kB
MemTotal:        1844596 kB
MemFree:          834052 kB
MemAvailable:    1524472 kB
Buffers:           46820 kB
Cached:           754924 kB
MemTotal:        1844596 kB
MemFree:          833796 kB
MemAvailable:    1524216 kB
Buffers:           46820 kB
Cached:           754924 kB
MemTotal:        1844596 kB
MemFree:          833796 kB
MemAvailable:    1524216 kB
Buffers:           46820 kB
Cached:           754924 kB
MemTotal:        1844596 kB
MemFree:          835100 kB
MemAvailable:    1525520 kB
Buffers:           46820 kB
Cached:           754924 kB
MemTotal:        1844596 kB
MemFree:          835116 kB
MemAvailable:    1525536 kB
Buffers:           46820 kB
Cached:           754924 kB
MemTotal:        1844596 kB
MemFree:          834664 kB
MemAvailable:    1525084 kB
Buffers:           46820 kB
Cached:           754924 kB
MemTotal:        1844596 kB
MemFree:          831692 kB
MemAvailable:    1522112 kB
Buffers:           46820 kB
Cached:           754924 kB
MemTotal:        1844596 kB
MemFree:          831584 kB
MemAvailable:    1522004 kB
Buffers:           46820 kB
Cached:           754924 kB
MemTotal:        1844596 kB
MemFree:          831180 kB
MemAvailable:    1521600 kB
Buffers:           46820 kB
Cached:           754924 kB
MemTotal:        1844596 kB
MemFree:          830964 kB
MemAvailable:    1521384 kB
Buffers:           46820 kB
Cached:           754924 kB
MemTotal:        1844596 kB
MemFree:          829468 kB
MemAvailable:    1519888 kB
Buffers:           46820 kB
Cached:           754924 kB
MemTotal:        1844596 kB
MemFree:          829724 kB
MemAvailable:    1520144 kB
Buffers:           46820 kB
Cached:           754924 kB
MemTotal:        1844596 kB
MemFree:          829964 kB
MemAvailable:    1520384 kB
Buffers:           46820 kB
Cached:           754924 kB
MemTotal:        1844596 kB
MemFree:          830096 kB
MemAvailable:    1520516 kB
Buffers:           46820 kB
Cached:           754924 kB
MemTotal:        1844596 kB
MemFree:          829700 kB
MemAvailable:    1520120 kB
Buffers:           46820 kB
Cached:           754924 kB
MemTotal:        1844596 kB
MemFree:          829700 kB
MemAvailable:    1520120 kB
Buffers:           46820 kB
Cached:           754924 kB
MemTotal:        1844596 kB
MemFree:          829700 kB
MemAvailable:    1520120 kB
Buffers:           46820 kB
Cached:           754924 kB
MemTotal:        1844596 kB
MemFree:          829568 kB
MemAvailable:    1519988 kB
Buffers:           46820 kB
Cached:           754924 kB
MemTotal:        1844596 kB
MemFree:          828328 kB
MemAvailable:    1518748 kB
Buffers:           46820 kB
Cached:           754924 kB
MemTotal:        1844596 kB
MemFree:          829428 kB
MemAvailable:    1519848 kB
Buffers:           46820 kB
Cached:           754924 kB
MemTotal:        1844596 kB
MemFree:          829428 kB
MemAvailable:    1519848 kB
Buffers:           46820 kB
Cached:           754924 kB
MemTotal:        1844596 kB
MemFree:          828840 kB
MemAvailable:    1519260 kB
Buffers:           46820 kB
Cached:           754924 kB
MemTotal:        1844596 kB
MemFree:          828840 kB
MemAvailable:    1519260 kB
Buffers:           46820 kB
Cached:           754924 kB
MemTotal:        1844596 kB
MemFree:          828428 kB
MemAvailable:    1518848 kB
Buffers:           46820 kB
Cached:           754924 kB
MemTotal:        1844596 kB
MemFree:          828648 kB
MemAvailable:    1519068 kB
Buffers:           46820 kB
Cached:           754924 kB
MemTotal:        1844596 kB
MemFree:          828712 kB
MemAvailable:    1519132 kB
Buffers:           46820 kB
Cached:           754924 kB
MemTotal:        1844596 kB
MemFree:          828772 kB
MemAvailable:    1519192 kB
Buffers:           46820 kB
Cached:           754924 kB
MemTotal:        1844596 kB
MemFree:          828440 kB
MemAvailable:    1518860 kB
Buffers:           46820 kB
Cached:           754924 kB
MemTotal:        1844596 kB
MemFree:          828088 kB
MemAvailable:    1518508 kB
Buffers:           46820 kB
Cached:           754924 kB
MemTotal:        1844596 kB
MemFree:          828656 kB
MemAvailable:    1519076 kB
Buffers:           46820 kB
Cached:           754924 kB
MemTotal:        1844596 kB
MemFree:          827988 kB
MemAvailable:    1518408 kB
Buffers:           46820 kB
Cached:           754924 kB
MemTotal:        1844596 kB
MemFree:          828600 kB
MemAvailable:    1519020 kB
Buffers:           46820 kB
Cached:           754924 kB
MemTotal:        1844596 kB
MemFree:          828732 kB
MemAvailable:    1519152 kB
Buffers:           46820 kB
Cached:           754924 kB
MemTotal:        1844596 kB
MemFree:          828608 kB
MemAvailable:    1519028 kB
Buffers:           46820 kB
Cached:           754924 kB
MemTotal:        1844596 kB
MemFree:          827492 kB
MemAvailable:    1517912 kB
Buffers:           46820 kB
Cached:           754924 kB
MemTotal:        1844596 kB
MemFree:          828724 kB
MemAvailable:    1519144 kB
Buffers:           46820 kB
Cached:           754924 kB
MemTotal:        1844596 kB
MemFree:          828412 kB
MemAvailable:    1518832 kB
Buffers:           46820 kB
Cached:           754924 kB
MemTotal:        1844596 kB
MemFree:          828476 kB
MemAvailable:    1518896 kB
Buffers:           46820 kB
Cached:           754924 kB
MemTotal:        1844596 kB
MemFree:          827980 kB
MemAvailable:    1518400 kB
Buffers:           46820 kB
Cached:           754924 kB
MemTotal:        1844596 kB
MemFree:          827980 kB
MemAvailable:    1518400 kB
Buffers:           46820 kB
Cached:           754924 kB
MemTotal:        1844596 kB
MemFree:          826484 kB
MemAvailable:    1516904 kB
Buffers:           46820 kB
Cached:           754924 kB
MemTotal:        1844596 kB
MemFree:          827004 kB
MemAvailable:    1517424 kB
Buffers:           46820 kB
Cached:           754924 kB
MemTotal:        1844596 kB
MemFree:          827700 kB
MemAvailable:    1518128 kB
Buffers:           46820 kB
Cached:           754932 kB
MemTotal:        1844596 kB
MemFree:          827880 kB
MemAvailable:    1518308 kB
Buffers:           46820 kB
Cached:           754932 kB
MemTotal:        1844596 kB
MemFree:          827120 kB
MemAvailable:    1517548 kB
Buffers:           46820 kB
Cached:           754932 kB
MemTotal:        1844596 kB
MemFree:          827896 kB
MemAvailable:    1518324 kB
Buffers:           46820 kB
Cached:           754932 kB
MemTotal:        1844596 kB
MemFree:          827784 kB
MemAvailable:    1518212 kB
Buffers:           46820 kB
Cached:           754932 kB
MemTotal:        1844596 kB
MemFree:          827784 kB
MemAvailable:    1518212 kB
Buffers:           46820 kB
Cached:           754932 kB
MemTotal:        1844596 kB
MemFree:          826368 kB
MemAvailable:    1516796 kB
Buffers:           46820 kB
Cached:           754932 kB
MemTotal:        1844596 kB
MemFree:          827608 kB
MemAvailable:    1518036 kB
Buffers:           46820 kB
Cached:           754932 kB
MemTotal:        1844596 kB
MemFree:          827944 kB
MemAvailable:    1518372 kB
Buffers:           46820 kB
Cached:           754932 kB
MemTotal:        1844596 kB
MemFree:          825500 kB
MemAvailable:    1515928 kB
Buffers:           46820 kB
Cached:           754932 kB
MemTotal:        1844596 kB
MemFree:          825500 kB
MemAvailable:    1515928 kB
Buffers:           46820 kB
Cached:           754932 kB
MemTotal:        1844596 kB
MemFree:          822780 kB
MemAvailable:    1513208 kB
Buffers:           46820 kB
Cached:           754932 kB
MemTotal:        1844596 kB
MemFree:          820168 kB
MemAvailable:    1510596 kB
Buffers:           46820 kB
Cached:           754932 kB
MemTotal:        1844596 kB
MemFree:          820168 kB
MemAvailable:    1510596 kB
Buffers:           46820 kB
Cached:           754932 kB
MemTotal:        1844596 kB
MemFree:          818796 kB
MemAvailable:    1509224 kB
Buffers:           46820 kB
Cached:           754932 kB
MemTotal:        1844596 kB
MemFree:          819308 kB
MemAvailable:    1509736 kB
Buffers:           46820 kB
Cached:           754932 kB
MemTotal:        1844596 kB
MemFree:          819752 kB
MemAvailable:    1510180 kB
Buffers:           46820 kB
Cached:           754932 kB
MemTotal:        1844596 kB
MemFree:          819660 kB
MemAvailable:    1510088 kB
Buffers:           46820 kB
Cached:           754932 kB
MemTotal:        1844596 kB
MemFree:          819916 kB
MemAvailable:    1510344 kB
Buffers:           46820 kB
Cached:           754932 kB
MemTotal:        1844596 kB
MemFree:          818544 kB
MemAvailable:    1508972 kB
Buffers:           46820 kB
Cached:           754932 kB
MemTotal:        1844596 kB
MemFree:          818544 kB
MemAvailable:    1508972 kB
Buffers:           46820 kB
Cached:           754932 kB
MemTotal:        1844596 kB
MemFree:          819720 kB
MemAvailable:    1510148 kB
Buffers:           46820 kB
Cached:           754932 kB
MemTotal:        1844596 kB
MemFree:          818496 kB
MemAvailable:    1508924 kB
Buffers:           46820 kB
Cached:           754932 kB
MemTotal:        1844596 kB
MemFree:          819796 kB
MemAvailable:    1510224 kB
Buffers:           46820 kB
Cached:           754932 kB
MemTotal:        1844596 kB
MemFree:          818532 kB
MemAvailable:    1508960 kB
Buffers:           46820 kB
Cached:           754932 kB
MemTotal:        1844596 kB
MemFree:          818532 kB
MemAvailable:    1508960 kB
Buffers:           46820 kB
Cached:           754932 kB
MemTotal:        1844596 kB
MemFree:          818780 kB
MemAvailable:    1509208 kB
Buffers:           46820 kB
Cached:           754932 kB
MemTotal:        1844596 kB
MemFree:          819548 kB
MemAvailable:    1509976 kB
Buffers:           46820 kB
Cached:           754932 kB
MemTotal:        1844596 kB
MemFree:          819548 kB
MemAvailable:    1509976 kB
Buffers:           46820 kB
Cached:           754932 kB
MemTotal:        1844596 kB
MemFree:          819168 kB
MemAvailable:    1509596 kB
Buffers:           46820 kB
Cached:           754932 kB
MemTotal:        1844596 kB
MemFree:          818688 kB
MemAvailable:    1509116 kB
Buffers:           46820 kB
Cached:           754932 kB
MemTotal:        1844596 kB
MemFree:          817316 kB
MemAvailable:    1507744 kB
Buffers:           46820 kB
Cached:           754932 kB
MemTotal:        1844596 kB
MemFree:          817316 kB
MemAvailable:    1507744 kB
Buffers:           46820 kB
Cached:           754932 kB
MemTotal:        1844596 kB
MemFree:          816888 kB
MemAvailable:    1507316 kB
Buffers:           46820 kB
Cached:           754932 kB
MemTotal:        1844596 kB
MemFree:          818064 kB
MemAvailable:    1508492 kB
Buffers:           46820 kB
Cached:           754932 kB
MemTotal:        1844596 kB
MemFree:          816756 kB
MemAvailable:    1507184 kB
Buffers:           46820 kB
Cached:           754932 kB
MemTotal:        1844596 kB
MemFree:          817192 kB
MemAvailable:    1507620 kB
Buffers:           46820 kB
Cached:           754932 kB
MemTotal:        1844596 kB
MemFree:          815704 kB
MemAvailable:    1506132 kB
Buffers:           46820 kB
Cached:           754932 kB
MemTotal:        1844596 kB
MemFree:          815340 kB
MemAvailable:    1505768 kB
Buffers:           46820 kB
Cached:           754932 kB
MemTotal:        1844596 kB
MemFree:          816392 kB
MemAvailable:    1506820 kB
Buffers:           46820 kB
Cached:           754932 kB
MemTotal:        1844596 kB
MemFree:          816268 kB
MemAvailable:    1506696 kB
Buffers:           46820 kB
Cached:           754932 kB
MemTotal:        1844596 kB
MemFree:          816144 kB
MemAvailable:    1506572 kB
Buffers:           46820 kB
Cached:           754932 kB
MemTotal:        1844596 kB
MemFree:          816012 kB
MemAvailable:    1506440 kB
Buffers:           46820 kB
Cached:           754932 kB
MemTotal:        1844596 kB
MemFree:          816160 kB
MemAvailable:    1506588 kB
Buffers:           46820 kB
Cached:           754932 kB
MemTotal:        1844596 kB
MemFree:          815904 kB
MemAvailable:    1506332 kB
Buffers:           46820 kB
Cached:           754932 kB
MemTotal:        1844596 kB
MemFree:          815876 kB
MemAvailable:    1506304 kB
Buffers:           46820 kB
Cached:           754932 kB
MemTotal:        1844596 kB
MemFree:          814652 kB
MemAvailable:    1505080 kB
Buffers:           46820 kB
Cached:           754932 kB
MemTotal:        1844596 kB
MemFree:          814776 kB
MemAvailable:    1505204 kB
Buffers:           46820 kB
Cached:           754932 kB
MemTotal:        1844596 kB
MemFree:          814776 kB
MemAvailable:    1505204 kB
Buffers:           46820 kB
Cached:           754932 kB
MemTotal:        1844596 kB
MemFree:          816076 kB
MemAvailable:    1506504 kB
Buffers:           46820 kB
Cached:           754932 kB
MemTotal:        1844596 kB
MemFree:          815276 kB
MemAvailable:    1505704 kB
Buffers:           46820 kB
Cached:           754932 kB
MemTotal:        1844596 kB
MemFree:          814052 kB
MemAvailable:    1504480 kB
Buffers:           46820 kB
Cached:           754932 kB
MemTotal:        1844596 kB
MemFree:          815228 kB
MemAvailable:    1505656 kB
Buffers:           46820 kB
Cached:           754932 kB
MemTotal:        1844596 kB
MemFree:          810464 kB
MemAvailable:    1500892 kB
Buffers:           46820 kB
Cached:           754932 kB
MemTotal:        1844596 kB
MemFree:          810372 kB
MemAvailable:    1500800 kB
Buffers:           46820 kB
Cached:           754932 kB
MemTotal:        1844596 kB
MemFree:          810628 kB
MemAvailable:    1501056 kB
Buffers:           46820 kB
Cached:           754932 kB
MemTotal:        1844596 kB
MemFree:          810364 kB
MemAvailable:    1500792 kB
Buffers:           46820 kB
Cached:           754932 kB
MemTotal:        1844596 kB
MemFree:          810300 kB
MemAvailable:    1500728 kB
Buffers:           46820 kB
Cached:           754932 kB
MemTotal:        1844596 kB
MemFree:          809000 kB
MemAvailable:    1499428 kB
Buffers:           46820 kB
Cached:           754932 kB
MemTotal:        1844596 kB
MemFree:          810192 kB
MemAvailable:    1500620 kB
Buffers:           46820 kB
Cached:           754932 kB
MemTotal:        1844596 kB
MemFree:          808844 kB
MemAvailable:    1499272 kB
Buffers:           46820 kB
Cached:           754932 kB
MemTotal:        1844596 kB
MemFree:          810000 kB
MemAvailable:    1500428 kB
Buffers:           46820 kB
Cached:           754932 kB
MemTotal:        1844596 kB
MemFree:          810252 kB
MemAvailable:    1500680 kB
Buffers:           46820 kB
Cached:           754932 kB
MemTotal:        1844596 kB
MemFree:          809704 kB
MemAvailable:    1500132 kB
Buffers:           46820 kB
Cached:           754932 kB
MemTotal:        1844596 kB
MemFree:          808472 kB
MemAvailable:    1498900 kB
Buffers:           46820 kB
Cached:           754932 kB
MemTotal:        1844596 kB
MemFree:          809836 kB
MemAvailable:    1500264 kB
Buffers:           46820 kB
Cached:           754932 kB
MemTotal:        1844596 kB
MemFree:          809912 kB
MemAvailable:    1500340 kB
Buffers:           46820 kB
Cached:           754932 kB
MemTotal:        1844596 kB
MemFree:          809676 kB
MemAvailable:    1500104 kB
Buffers:           46820 kB
Cached:           754932 kB
MemTotal:        1844596 kB
MemFree:          809628 kB
MemAvailable:    1500056 kB
Buffers:           46820 kB
Cached:           754932 kB
MemTotal:        1844596 kB
MemFree:          809340 kB
MemAvailable:    1499768 kB
Buffers:           46820 kB
Cached:           754932 kB
MemTotal:        1844596 kB
MemFree:          809676 kB
MemAvailable:    1500104 kB
Buffers:           46820 kB
Cached:           754932 kB
MemTotal:        1844596 kB
MemFree:          808224 kB
MemAvailable:    1498652 kB
Buffers:           46820 kB
Cached:           754932 kB
MemTotal:        1844596 kB
MemFree:          807652 kB
MemAvailable:    1498080 kB
Buffers:           46820 kB
Cached:           754932 kB
MemTotal:        1844596 kB
MemFree:          807404 kB
MemAvailable:    1497832 kB
Buffers:           46820 kB
Cached:           754932 kB
MemTotal:        1844596 kB
MemFree:          805792 kB
MemAvailable:    1496220 kB
Buffers:           46820 kB
Cached:           754932 kB
MemTotal:        1844596 kB
MemFree:          805792 kB
MemAvailable:    1496220 kB
Buffers:           46820 kB
Cached:           754932 kB
MemTotal:        1844596 kB
MemFree:          806844 kB
MemAvailable:    1497272 kB
Buffers:           46820 kB
Cached:           754932 kB
MemTotal:        1844596 kB
MemFree:          805544 kB
MemAvailable:    1495972 kB
Buffers:           46820 kB
Cached:           754932 kB
MemTotal:        1844596 kB
MemFree:          805668 kB
MemAvailable:    1496096 kB
Buffers:           46820 kB
Cached:           754932 kB
MemTotal:        1844596 kB
MemFree:          806968 kB
MemAvailable:    1497396 kB
Buffers:           46820 kB
Cached:           754932 kB
MemTotal:        1844596 kB
MemFree:          808308 kB
MemAvailable:    1498736 kB
Buffers:           46820 kB
Cached:           754932 kB
MemTotal:        1844596 kB
MemFree:          808376 kB
MemAvailable:    1498804 kB
Buffers:           46820 kB
Cached:           754932 kB
MemTotal:        1844596 kB
MemFree:          808216 kB
MemAvailable:    1498728 kB
Buffers:           46820 kB
Cached:           755056 kB
MemTotal:        1844596 kB
MemFree:          808232 kB
MemAvailable:    1498828 kB
Buffers:           46820 kB
Cached:           755056 kB
MemTotal:        1844596 kB
MemFree:          808148 kB
MemAvailable:    1498828 kB
Buffers:           46820 kB
Cached:           755180 kB
MemTotal:        1844596 kB
MemFree:          808192 kB
MemAvailable:    1498956 kB
Buffers:           46820 kB
Cached:           755304 kB
MemTotal:        1844596 kB
MemFree:          808084 kB
MemAvailable:    1499000 kB
Buffers:           46820 kB
Cached:           755488 kB
MemTotal:        1844596 kB
MemFree:          808460 kB
MemAvailable:    1499460 kB
Buffers:           46820 kB
Cached:           755488 kB
MemTotal:        1844596 kB
MemFree:          808388 kB
MemAvailable:    1499400 kB
Buffers:           46820 kB
Cached:           755500 kB
MemTotal:        1844596 kB
MemFree:          807032 kB
MemAvailable:    1498044 kB
Buffers:           46820 kB
Cached:           755500 kB
MemTotal:        1844596 kB
MemFree:          807780 kB
MemAvailable:    1498792 kB
Buffers:           46820 kB
Cached:           755500 kB
MemTotal:        1844596 kB
MemFree:          806516 kB
MemAvailable:    1497528 kB
Buffers:           46820 kB
Cached:           755500 kB
MemTotal:        1844596 kB
MemFree:          806640 kB
MemAvailable:    1497652 kB
Buffers:           46820 kB
Cached:           755500 kB
MemTotal:        1844596 kB
MemFree:          807444 kB
MemAvailable:    1498456 kB
Buffers:           46820 kB
Cached:           755500 kB
MemTotal:        1844596 kB
MemFree:          807780 kB
MemAvailable:    1498792 kB
Buffers:           46820 kB
Cached:           755500 kB
MemTotal:        1844596 kB
MemFree:          808008 kB
MemAvailable:    1499020 kB
Buffers:           46820 kB
Cached:           755500 kB
MemTotal:        1844596 kB
MemFree:          807156 kB
MemAvailable:    1498168 kB
Buffers:           46820 kB
Cached:           755500 kB
MemTotal:        1844596 kB
MemFree:          806908 kB
MemAvailable:    1498060 kB
Buffers:           46820 kB
Cached:           755692 kB
MemTotal:        1844596 kB
MemFree:          806520 kB
MemAvailable:    1497000 kB
Buffers:           46820 kB
Cached:           755020 kB
MemTotal:        1844596 kB
MemFree:          872080 kB
MemAvailable:    1562560 kB
Buffers:           46820 kB
Cached:           755020 kB
