MemTotal:        1844596 kB
MemFree:          879756 kB
MemAvailable:    1544400 kB
Buffers:           43772 kB
Cached:           731960 kB
MemTotal:        1844596 kB
MemFree:          879260 kB
MemAvailable:    1543904 kB
Buffers:           43772 kB
Cached:           731960 kB
MemTotal:        1844596 kB
MemFree:          877340 kB
MemAvailable:    1541984 kB
Buffers:           43772 kB
Cached:           731960 kB
MemTotal:        1844596 kB
MemFree:          875844 kB
MemAvailable:    1540488 kB
Buffers:           43772 kB
Cached:           731960 kB
MemTotal:        1844596 kB
MemFree:          875788 kB
MemAvailable:    1540432 kB
Buffers:           43772 kB
Cached:           731960 kB
MemTotal:        1844596 kB
MemFree:          874480 kB
MemAvailable:    1539124 kB
Buffers:           43772 kB
Cached:           731960 kB
MemTotal:        1844596 kB
MemFree:          874604 kB
MemAvailable:    1539248 kB
Buffers:           43772 kB
Cached:           731960 kB
MemTotal:        1844596 kB
MemFree:          870224 kB
MemAvailable:    1534868 kB
Buffers:           43772 kB
Cached:           731960 kB
MemTotal:        1844596 kB
MemFree:          868908 kB
MemAvailable:    1533552 kB
Buffers:           43772 kB
Cached:           731960 kB
MemTotal:        1844596 kB
MemFree:          864644 kB
MemAvailable:    1529288 kB
Buffers:           43772 kB
Cached:           731960 kB
MemTotal:        1844596 kB
MemFree:          864644 kB
MemAvailable:    1529288 kB
Buffers:           43772 kB
Cached:           731960 kB
MemTotal:        1844596 kB
MemFree:          865628 kB
MemAvailable:    1530272 kB
Buffers:           43772 kB
Cached:           731960 kB
MemTotal:        1844596 kB
MemFree:          864860 kB
MemAvailable:    1529504 kB
Buffers:           43772 kB
Cached:           731960 kB
MemTotal:        1844596 kB
MemFree:          865860 kB
MemAvailable:    1530504 kB
Buffers:           43772 kB
Cached:           731960 kB
MemTotal:        1844596 kB
MemFree:          865628 kB
MemAvailable:    1530272 kB
Buffers:           43772 kB
Cached:           731960 kB
MemTotal:        1844596 kB
MemFree:          865964 kB
MemAvailable:    1530608 kB
Buffers:           43772 kB
Cached:           731960 kB
MemTotal:        1844596 kB
MemFree:          864512 kB
MemAvailable:    1529156 kB
Buffers:           43772 kB
Cached:           731960 kB
MemTotal:        1844596 kB
MemFree:          863320 kB
MemAvailable:    1527964 kB
Buffers:           43772 kB
Cached:           731960 kB
MemTotal:        1844596 kB
MemFree:          864188 kB
MemAvailable:    1528832 kB
Buffers:           43772 kB
Cached:           731960 kB
MemTotal:        1844596 kB
MemFree:          863436 kB
MemAvailable:    1528080 kB
Buffers:           43772 kB
Cached:           731960 kB
MemTotal:        1844596 kB
MemFree:          863520 kB
MemAvailable:    1528164 kB
Buffers:           43772 kB
Cached:           731960 kB
MemTotal:        1844596 kB
MemFree:          863188 kB
MemAvailable:    1527832 kB
Buffers:           43772 kB
Cached:           731960 kB
MemTotal:        1844596 kB
MemFree:          863188 kB
MemAvailable:    1527832 kB
Buffers:           43772 kB
Cached:           731960 kB
MemTotal:        1844596 kB
MemFree:          862072 kB
MemAvailable:    1526716 kB
Buffers:           43772 kB
Cached:           731960 kB
MemTotal:        1844596 kB
MemFree:          862320 kB
MemAvailable:    1526964 kB
Buffers:           43772 kB
Cached:           731960 kB
MemTotal:        1844596 kB
MemFree:          862196 kB
MemAvailable:    1526840 kB
Buffers:           43772 kB
Cached:           731960 kB
MemTotal:        1844596 kB
MemFree:          863364 kB
MemAvailable:    1528008 kB
Buffers:           43772 kB
Cached:           731960 kB
MemTotal:        1844596 kB
MemFree:          864676 kB
MemAvailable:    1529320 kB
Buffers:           43772 kB
Cached:           731960 kB
MemTotal:        1844596 kB
MemFree:          864928 kB
MemAvailable:    1529572 kB
Buffers:           43772 kB
Cached:           731960 kB
MemTotal:        1844596 kB
MemFree:          863940 kB
MemAvailable:    1528584 kB
Buffers:           43772 kB
Cached:           731960 kB
MemTotal:        1844596 kB
MemFree:          864196 kB
MemAvailable:    1528840 kB
Buffers:           43772 kB
Cached:           731960 kB
MemTotal:        1844596 kB
MemFree:          861652 kB
MemAvailable:    1526296 kB
Buffers:           43772 kB
Cached:           731960 kB
MemTotal:        1844596 kB
MemFree:          859848 kB
MemAvailable:    1524492 kB
Buffers:           43772 kB
Cached:           731960 kB
MemTotal:        1844596 kB
MemFree:          860644 kB
MemAvailable:    1525288 kB
Buffers:           43772 kB
Cached:           731960 kB
MemTotal:        1844596 kB
MemFree:          860644 kB
MemAvailable:    1525288 kB
Buffers:           43772 kB
Cached:           731960 kB
MemTotal:        1844596 kB
MemFree:          860148 kB
MemAvailable:    1524792 kB
Buffers:           43772 kB
Cached:           731960 kB
MemTotal:        1844596 kB
MemFree:          860484 kB
MemAvailable:    1525128 kB
Buffers:           43772 kB
Cached:           731960 kB
MemTotal:        1844596 kB
MemFree:          859228 kB
MemAvailable:    1523872 kB
Buffers:           43772 kB
Cached:           731960 kB
MemTotal:        1844596 kB
MemFree:          859228 kB
MemAvailable:    1523872 kB
Buffers:           43772 kB
Cached:           731960 kB
MemTotal:        1844596 kB
MemFree:          859352 kB
MemAvailable:    1523996 kB
Buffers:           43772 kB
Cached:           731960 kB
MemTotal:        1844596 kB
MemFree:          859292 kB
MemAvailable:    1523936 kB
Buffers:           43772 kB
Cached:           731960 kB
MemTotal:        1844596 kB
MemFree:          859052 kB
MemAvailable:    1523696 kB
Buffers:           43772 kB
Cached:           731960 kB
MemTotal:        1844596 kB
MemFree:          859080 kB
MemAvailable:    1523724 kB
Buffers:           43772 kB
Cached:           731960 kB
MemTotal:        1844596 kB
MemFree:          859236 kB
MemAvailable:    1523880 kB
Buffers:           43772 kB
Cached:           731960 kB
MemTotal:        1844596 kB
MemFree:          857684 kB
MemAvailable:    1522328 kB
Buffers:           43772 kB
Cached:           731960 kB
MemTotal:        1844596 kB
MemFree:          858484 kB
MemAvailable:    1523128 kB
Buffers:           43772 kB
Cached:           731960 kB
MemTotal:        1844596 kB
MemFree:          857880 kB
MemAvailable:    1522524 kB
Buffers:           43772 kB
Cached:           731960 kB
MemTotal:        1844596 kB
MemFree:          858296 kB
MemAvailable:    1522940 kB
Buffers:           43772 kB
Cached:           731960 kB
MemTotal:        1844596 kB
MemFree:          858380 kB
MemAvailable:    1523024 kB
Buffers:           43772 kB
Cached:           731960 kB
MemTotal:        1844596 kB
MemFree:          858432 kB
MemAvailable:    1523076 kB
Buffers:           43772 kB
Cached:           731960 kB
MemTotal:        1844596 kB
MemFree:          858268 kB
MemAvailable:    1522912 kB
Buffers:           43772 kB
Cached:           731960 kB
MemTotal:        1844596 kB
MemFree:          856856 kB
MemAvailable:    1521500 kB
Buffers:           43772 kB
Cached:           731960 kB
MemTotal:        1844596 kB
MemFree:          858096 kB
MemAvailable:    1522740 kB
Buffers:           43772 kB
Cached:           731960 kB
MemTotal:        1844596 kB
MemFree:          857500 kB
MemAvailable:    1522144 kB
Buffers:           43772 kB
Cached:           731960 kB
MemTotal:        1844596 kB
MemFree:          858064 kB
MemAvailable:    1522720 kB
Buffers:           43772 kB
Cached:           731972 kB
MemTotal:        1844596 kB
MemFree:          858316 kB
MemAvailable:    1522972 kB
Buffers:           43772 kB
Cached:           731972 kB
MemTotal:        1844596 kB
MemFree:          856824 kB
MemAvailable:    1521480 kB
Buffers:           43772 kB
Cached:           731972 kB
MemTotal:        1844596 kB
MemFree:          857004 kB
MemAvailable:    1521660 kB
Buffers:           43772 kB
Cached:           731972 kB
MemTotal:        1844596 kB
MemFree:          857376 kB
MemAvailable:    1522032 kB
Buffers:           43772 kB
Cached:           731972 kB
MemTotal:        1844596 kB
MemFree:          857856 kB
MemAvailable:    1522516 kB
Buffers:           43772 kB
Cached:           731976 kB
MemTotal:        1844596 kB
MemFree:          858244 kB
MemAvailable:    1522904 kB
Buffers:           43772 kB
Cached:           731976 kB
MemTotal:        1844596 kB
MemFree:          856756 kB
MemAvailable:    1521416 kB
Buffers:           43772 kB
Cached:           731976 kB
MemTotal:        1844596 kB
MemFree:          857560 kB
MemAvailable:    1522220 kB
Buffers:           43772 kB
Cached:           731976 kB
MemTotal:        1844596 kB
MemFree:          856508 kB
MemAvailable:    1521168 kB
Buffers:           43772 kB
Cached:           731976 kB
MemTotal:        1844596 kB
MemFree:          856196 kB
MemAvailable:    1520856 kB
Buffers:           43772 kB
Cached:           731976 kB
MemTotal:        1844596 kB
MemFree:          857188 kB
MemAvailable:    1521848 kB
Buffers:           43772 kB
Cached:           731976 kB
MemTotal:        1844596 kB
MemFree:          857440 kB
MemAvailable:    1522100 kB
Buffers:           43772 kB
Cached:           731976 kB
MemTotal:        1844596 kB
MemFree:          855956 kB
MemAvailable:    1520616 kB
Buffers:           43772 kB
Cached:           731976 kB
MemTotal:        1844596 kB
MemFree:          857356 kB
MemAvailable:    1522016 kB
Buffers:           43772 kB
Cached:           731976 kB
MemTotal:        1844596 kB
MemFree:          857408 kB
MemAvailable:    1522068 kB
Buffers:           43772 kB
Cached:           731976 kB
MemTotal:        1844596 kB
MemFree:          856624 kB
MemAvailable:    1521284 kB
Buffers:           43772 kB
Cached:           731976 kB
MemTotal:        1844596 kB
MemFree:          857184 kB
MemAvailable:    1521844 kB
Buffers:           43772 kB
Cached:           731976 kB
MemTotal:        1844596 kB
MemFree:          857184 kB
MemAvailable:    1521844 kB
Buffers:           43772 kB
Cached:           731976 kB
MemTotal:        1844596 kB
MemFree:          855956 kB
MemAvailable:    1520616 kB
Buffers:           43772 kB
Cached:           731976 kB
MemTotal:        1844596 kB
MemFree:          857188 kB
MemAvailable:    1521848 kB
Buffers:           43772 kB
Cached:           731976 kB
MemTotal:        1844596 kB
MemFree:          855320 kB
MemAvailable:    1519980 kB
Buffers:           43772 kB
Cached:           731976 kB
MemTotal:        1844596 kB
MemFree:          852772 kB
MemAvailable:    1517432 kB
Buffers:           43772 kB
Cached:           731976 kB
MemTotal:        1844596 kB
MemFree:          852856 kB
MemAvailable:    1517516 kB
Buffers:           43772 kB
Cached:           731976 kB
MemTotal:        1844596 kB
MemFree:          849988 kB
MemAvailable:    1514648 kB
Buffers:           43772 kB
Cached:           731976 kB
MemTotal:        1844596 kB
MemFree:          848564 kB
MemAvailable:    1513224 kB
Buffers:           43772 kB
Cached:           731976 kB
MemTotal:        1844596 kB
MemFree:          849432 kB
MemAvailable:    1514092 kB
Buffers:           43772 kB
Cached:           731976 kB
MemTotal:        1844596 kB
MemFree:          849432 kB
MemAvailable:    1514092 kB
Buffers:           43772 kB
Cached:           731976 kB
MemTotal:        1844596 kB
MemFree:          848056 kB
MemAvailable:    1512716 kB
Buffers:           43772 kB
Cached:           731976 kB
MemTotal:        1844596 kB
MemFree:          849172 kB
MemAvailable:    1513832 kB
Buffers:           43772 kB
Cached:           731976 kB
MemTotal:        1844596 kB
MemFree:          847932 kB
MemAvailable:    1512592 kB
Buffers:           43772 kB
Cached:           731976 kB
MemTotal:        1844596 kB
MemFree:          849308 kB
MemAvailable:    1513968 kB
Buffers:           43772 kB
Cached:           731976 kB
MemTotal:        1844596 kB
MemFree:          849352 kB
MemAvailable:    1514012 kB
Buffers:           43772 kB
Cached:           731976 kB
MemTotal:        1844596 kB
MemFree:          848324 kB
MemAvailable:    1512984 kB
Buffers:           43772 kB
Cached:           731976 kB
MemTotal:        1844596 kB
MemFree:          849052 kB
MemAvailable:    1513716 kB
Buffers:           43772 kB
Cached:           731980 kB
MemTotal:        1844596 kB
MemFree:          849136 kB
MemAvailable:    1513800 kB
Buffers:           43780 kB
Cached:           731972 kB
MemTotal:        1844596 kB
MemFree:          849184 kB
MemAvailable:    1513848 kB
Buffers:           43784 kB
Cached:           731968 kB
MemTotal:        1844596 kB
MemFree:          849184 kB
MemAvailable:    1513848 kB
Buffers:           43784 kB
Cached:           731968 kB
MemTotal:        1844596 kB
MemFree:          847944 kB
MemAvailable:    1512608 kB
Buffers:           43784 kB
Cached:           731968 kB
MemTotal:        1844596 kB
MemFree:          849276 kB
MemAvailable:    1513940 kB
Buffers:           43784 kB
Cached:           731968 kB
MemTotal:        1844596 kB
MemFree:          848572 kB
MemAvailable:    1513236 kB
Buffers:           43784 kB
Cached:           731968 kB
MemTotal:        1844596 kB
MemFree:          848688 kB
MemAvailable:    1513352 kB
Buffers:           43784 kB
Cached:           731968 kB
MemTotal:        1844596 kB
MemFree:          848820 kB
MemAvailable:    1513484 kB
Buffers:           43784 kB
Cached:           731968 kB
MemTotal:        1844596 kB
MemFree:          846952 kB
MemAvailable:    1511616 kB
Buffers:           43784 kB
Cached:           731968 kB
MemTotal:        1844596 kB
MemFree:          847200 kB
MemAvailable:    1511864 kB
Buffers:           43784 kB
Cached:           731968 kB
MemTotal:        1844596 kB
MemFree:          847888 kB
MemAvailable:    1512552 kB
Buffers:           43784 kB
Cached:           731968 kB
MemTotal:        1844596 kB
MemFree:          847556 kB
MemAvailable:    1512220 kB
Buffers:           43784 kB
Cached:           731968 kB
MemTotal:        1844596 kB
MemFree:          847640 kB
MemAvailable:    1512304 kB
Buffers:           43784 kB
Cached:           731968 kB
MemTotal:        1844596 kB
MemFree:          846448 kB
MemAvailable:    1511112 kB
Buffers:           43784 kB
Cached:           731968 kB
MemTotal:        1844596 kB
MemFree:          846340 kB
MemAvailable:    1511004 kB
Buffers:           43784 kB
Cached:           731968 kB
MemTotal:        1844596 kB
MemFree:          846152 kB
MemAvailable:    1510816 kB
Buffers:           43784 kB
Cached:           731968 kB
MemTotal:        1844596 kB
MemFree:          846488 kB
MemAvailable:    1511152 kB
Buffers:           43784 kB
Cached:           731968 kB
MemTotal:        1844596 kB
MemFree:          845968 kB
MemAvailable:    1510632 kB
Buffers:           43784 kB
Cached:           731968 kB
MemTotal:        1844596 kB
MemFree:          844912 kB
MemAvailable:    1509576 kB
Buffers:           43784 kB
Cached:           731968 kB
MemTotal:        1844596 kB
MemFree:          845584 kB
MemAvailable:    1510248 kB
Buffers:           43784 kB
Cached:           731968 kB
MemTotal:        1844596 kB
MemFree:          844292 kB
MemAvailable:    1508956 kB
Buffers:           43784 kB
Cached:           731968 kB
MemTotal:        1844596 kB
MemFree:          845524 kB
MemAvailable:    1510188 kB
Buffers:           43784 kB
Cached:           731968 kB
MemTotal:        1844596 kB
MemFree:          845304 kB
MemAvailable:    1509968 kB
Buffers:           43784 kB
Cached:           731968 kB
MemTotal:        1844596 kB
MemFree:          845556 kB
MemAvailable:    1510220 kB
Buffers:           43784 kB
Cached:           731968 kB
MemTotal:        1844596 kB
MemFree:          845460 kB
MemAvailable:    1510124 kB
Buffers:           43784 kB
Cached:           731968 kB
MemTotal:        1844596 kB
MemFree:          845472 kB
MemAvailable:    1510136 kB
Buffers:           43784 kB
Cached:           731968 kB
MemTotal:        1844596 kB
MemFree:          844604 kB
MemAvailable:    1509268 kB
Buffers:           43784 kB
Cached:           731968 kB
MemTotal:        1844596 kB
MemFree:          845280 kB
MemAvailable:    1509944 kB
Buffers:           43784 kB
Cached:           731968 kB
MemTotal:        1844596 kB
MemFree:          845332 kB
MemAvailable:    1509996 kB
Buffers:           43784 kB
Cached:           731968 kB
MemTotal:        1844596 kB
MemFree:          845028 kB
MemAvailable:    1509692 kB
Buffers:           43784 kB
Cached:           731968 kB
MemTotal:        1844596 kB
MemFree:          843728 kB
MemAvailable:    1508392 kB
Buffers:           43784 kB
Cached:           731968 kB
MemTotal:        1844596 kB
MemFree:          844604 kB
MemAvailable:    1509268 kB
Buffers:           43784 kB
Cached:           731968 kB
MemTotal:        1844596 kB
MemFree:          838900 kB
MemAvailable:    1503564 kB
Buffers:           43784 kB
Cached:           731968 kB
MemTotal:        1844596 kB
MemFree:          839912 kB
MemAvailable:    1504576 kB
Buffers:           43784 kB
Cached:           731968 kB
MemTotal:        1844596 kB
MemFree:          839760 kB
MemAvailable:    1504424 kB
Buffers:           43784 kB
Cached:           731968 kB
MemTotal:        1844596 kB
MemFree:          839760 kB
MemAvailable:    1504424 kB
Buffers:           43784 kB
Cached:           731968 kB
MemTotal:        1844596 kB
MemFree:          839500 kB
MemAvailable:    1504164 kB
Buffers:           43784 kB
Cached:           731968 kB
MemTotal:        1844596 kB
MemFree:          839584 kB
MemAvailable:    1504248 kB
Buffers:           43784 kB
Cached:           731968 kB
MemTotal:        1844596 kB
MemFree:          839512 kB
MemAvailable:    1504176 kB
Buffers:           43784 kB
Cached:           731968 kB
MemTotal:        1844596 kB
MemFree:          838216 kB
MemAvailable:    1502880 kB
Buffers:           43784 kB
Cached:           731968 kB
MemTotal:        1844596 kB
MemFree:          838348 kB
MemAvailable:    1503012 kB
Buffers:           43784 kB
Cached:           731968 kB
MemTotal:        1844596 kB
MemFree:          838092 kB
MemAvailable:    1502756 kB
Buffers:           43784 kB
Cached:           731968 kB
MemTotal:        1844596 kB
MemFree:          839456 kB
MemAvailable:    1504120 kB
Buffers:           43784 kB
Cached:           731968 kB
MemTotal:        1844596 kB
MemFree:          839440 kB
MemAvailable:    1504104 kB
Buffers:           43784 kB
Cached:           731968 kB
MemTotal:        1844596 kB
MemFree:          838280 kB
MemAvailable:    1502944 kB
Buffers:           43784 kB
Cached:           731968 kB
MemTotal:        1844596 kB
MemFree:          838208 kB
MemAvailable:    1502888 kB
Buffers:           43784 kB
Cached:           731984 kB
MemTotal:        1844596 kB
MemFree:          836240 kB
MemAvailable:    1500920 kB
Buffers:           43784 kB
Cached:           731984 kB
MemTotal:        1844596 kB
MemFree:          836576 kB
MemAvailable:    1501256 kB
Buffers:           43784 kB
Cached:           731984 kB
MemTotal:        1844596 kB
MemFree:          835132 kB
MemAvailable:    1499812 kB
Buffers:           43784 kB
Cached:           731984 kB
MemTotal:        1844596 kB
MemFree:          835000 kB
MemAvailable:    1499680 kB
Buffers:           43784 kB
Cached:           731984 kB
MemTotal:        1844596 kB
MemFree:          836288 kB
MemAvailable:    1500968 kB
Buffers:           43784 kB
Cached:           731984 kB
MemTotal:        1844596 kB
MemFree:          835164 kB
MemAvailable:    1499844 kB
Buffers:           43784 kB
Cached:           731984 kB
MemTotal:        1844596 kB
MemFree:          836468 kB
MemAvailable:    1501148 kB
Buffers:           43784 kB
Cached:           731984 kB
MemTotal:        1844596 kB
MemFree:          835180 kB
MemAvailable:    1499860 kB
Buffers:           43784 kB
Cached:           731984 kB
MemTotal:        1844596 kB
MemFree:          836960 kB
MemAvailable:    1501640 kB
Buffers:           43784 kB
Cached:           731984 kB
MemTotal:        1844596 kB
MemFree:          838280 kB
MemAvailable:    1502960 kB
Buffers:           43784 kB
Cached:           731984 kB
MemTotal:        1844596 kB
MemFree:          836908 kB
MemAvailable:    1501672 kB
Buffers:           43784 kB
Cached:           732108 kB
MemTotal:        1844596 kB
MemFree:          837892 kB
MemAvailable:    1502908 kB
Buffers:           43784 kB
Cached:           732356 kB
MemTotal:        1844596 kB
MemFree:          837892 kB
MemAvailable:    1502908 kB
Buffers:           43784 kB
Cached:           732356 kB
MemTotal:        1844596 kB
MemFree:          837596 kB
MemAvailable:    1502780 kB
Buffers:           43784 kB
Cached:           732480 kB
MemTotal:        1844596 kB
MemFree:          837852 kB
MemAvailable:    1503036 kB
Buffers:           43784 kB
Cached:           732480 kB
MemTotal:        1844596 kB
MemFree:          836356 kB
MemAvailable:    1501540 kB
Buffers:           43784 kB
Cached:           732604 kB
MemTotal:        1844596 kB
MemFree:          836916 kB
MemAvailable:    1502100 kB
Buffers:           43784 kB
Cached:           732604 kB
MemTotal:        1844596 kB
MemFree:          837524 kB
MemAvailable:    1502792 kB
Buffers:           43784 kB
Cached:           732604 kB
MemTotal:        1844596 kB
MemFree:          837580 kB
MemAvailable:    1502848 kB
Buffers:           43784 kB
Cached:           732604 kB
MemTotal:        1844596 kB
MemFree:          836792 kB
MemAvailable:    1502060 kB
Buffers:           43784 kB
Cached:           732604 kB
MemTotal:        1844596 kB
MemFree:          837476 kB
MemAvailable:    1502744 kB
Buffers:           43784 kB
Cached:           732604 kB
MemTotal:        1844596 kB
MemFree:          837608 kB
MemAvailable:    1502876 kB
Buffers:           43784 kB
Cached:           732604 kB
MemTotal:        1844596 kB
MemFree:          837396 kB
MemAvailable:    1502664 kB
Buffers:           43784 kB
Cached:           732604 kB
MemTotal:        1844596 kB
MemFree:          837488 kB
MemAvailable:    1502840 kB
Buffers:           43784 kB
Cached:           732604 kB
MemTotal:        1844596 kB
MemFree:          837396 kB
MemAvailable:    1502160 kB
Buffers:           43784 kB
Cached:           731972 kB
MemTotal:        1844596 kB
MemFree:          906260 kB
MemAvailable:    1571024 kB
Buffers:           43784 kB
Cached:           731972 kB
