MemTotal:        1844596 kB
MemFree:          731664 kB
MemAvailable:    1531232 kB
Buffers:           58292 kB
Cached:           843684 kB
MemTotal:        1844596 kB
MemFree:          730052 kB
MemAvailable:    1529620 kB
Buffers:           58292 kB
Cached:           843684 kB
MemTotal:        1844596 kB
MemFree:          728564 kB
MemAvailable:    1528132 kB
Buffers:           58292 kB
Cached:           843684 kB
MemTotal:        1844596 kB
MemFree:          725960 kB
MemAvailable:    1525528 kB
Buffers:           58292 kB
Cached:           843684 kB
MemTotal:        1844596 kB
MemFree:          725788 kB
MemAvailable:    1525356 kB
Buffers:           58292 kB
Cached:           843684 kB
MemTotal:        1844596 kB
MemFree:          725904 kB
MemAvailable:    1525472 kB
Buffers:           58292 kB
Cached:           843684 kB
MemTotal:        1844596 kB
MemFree:          722852 kB
MemAvailable:    1522420 kB
Buffers:           58292 kB
Cached:           843684 kB
MemTotal:        1844596 kB
MemFree:          722852 kB
MemAvailable:    1522420 kB
Buffers:           58292 kB
Cached:           843684 kB
MemTotal:        1844596 kB
MemFree:          718760 kB
MemAvailable:    1518328 kB
Buffers:           58292 kB
Cached:           843684 kB
MemTotal:        1844596 kB
MemFree:          716216 kB
MemAvailable:    1515784 kB
Buffers:           58292 kB
Cached:           843684 kB
MemTotal:        1844596 kB
MemFree:          716040 kB
MemAvailable:    1515608 kB
Buffers:           58292 kB
Cached:           843684 kB
MemTotal:        1844596 kB
MemFree:          717356 kB
MemAvailable:    1516924 kB
Buffers:           58292 kB
Cached:           843684 kB
MemTotal:        1844596 kB
MemFree:          717208 kB
MemAvailable:    1516776 kB
Buffers:           58292 kB
Cached:           843684 kB
MemTotal:        1844596 kB
MemFree:          717148 kB
MemAvailable:    1516716 kB
Buffers:           58292 kB
Cached:           843684 kB
MemTotal:        1844596 kB
MemFree:          717148 kB
MemAvailable:    1516716 kB
Buffers:           58292 kB
Cached:           843684 kB
MemTotal:        1844596 kB
MemFree:          716404 kB
MemAvailable:    1515972 kB
Buffers:           58292 kB
Cached:           843684 kB
MemTotal:        1844596 kB
MemFree:          716536 kB
MemAvailable:    1516104 kB
Buffers:           58292 kB
Cached:           843684 kB
MemTotal:        1844596 kB
MemFree:          714172 kB
MemAvailable:    1513740 kB
Buffers:           58292 kB
Cached:           843684 kB
MemTotal:        1844596 kB
MemFree:          715108 kB
MemAvailable:    1514676 kB
Buffers:           58292 kB
Cached:           843684 kB
MemTotal:        1844596 kB
MemFree:          713916 kB
MemAvailable:    1513484 kB
Buffers:           58292 kB
Cached:           843684 kB
MemTotal:        1844596 kB
MemFree:          713256 kB
MemAvailable:    1512824 kB
Buffers:           58292 kB
Cached:           843684 kB
MemTotal:        1844596 kB
MemFree:          714740 kB
MemAvailable:    1514308 kB
Buffers:           58292 kB
Cached:           843684 kB
MemTotal:        1844596 kB
MemFree:          714992 kB
MemAvailable:    1514560 kB
Buffers:           58292 kB
Cached:           843684 kB
MemTotal:        1844596 kB
MemFree:          714792 kB
MemAvailable:    1514360 kB
Buffers:           58292 kB
Cached:           843684 kB
MemTotal:        1844596 kB
MemFree:          715044 kB
MemAvailable:    1514612 kB
Buffers:           58292 kB
Cached:           843684 kB
MemTotal:        1844596 kB
MemFree:          713684 kB
MemAvailable:    1513252 kB
Buffers:           58292 kB
Cached:           843684 kB
MemTotal:        1844596 kB
MemFree:          713552 kB
MemAvailable:    1513120 kB
Buffers:           58292 kB
Cached:           843684 kB
MemTotal:        1844596 kB
MemFree:          716032 kB
MemAvailable:    1515600 kB
Buffers:           58292 kB
Cached:           843684 kB
MemTotal:        1844596 kB
MemFree:          716368 kB
MemAvailable:    1515936 kB
Buffers:           58292 kB
Cached:           843684 kB
MemTotal:        1844596 kB
MemFree:          714180 kB
MemAvailable:    1513752 kB
Buffers:           58292 kB
Cached:           843688 kB
MemTotal:        1844596 kB
MemFree:          712072 kB
MemAvailable:    1511644 kB
Buffers:           58292 kB
Cached:           843688 kB
MemTotal:        1844596 kB
MemFree:          711188 kB
MemAvailable:    1510760 kB
Buffers:           58292 kB
Cached:           843688 kB
MemTotal:        1844596 kB
MemFree:          711560 kB
MemAvailable:    1511132 kB
Buffers:           58292 kB
Cached:           843688 kB
MemTotal:        1844596 kB
MemFree:          711644 kB
MemAvailable:    1511216 kB
Buffers:           58292 kB
Cached:           843688 kB
MemTotal:        1844596 kB
MemFree:          710692 kB
MemAvailable:    1510264 kB
Buffers:           58292 kB
Cached:           843688 kB
MemTotal:        1844596 kB
MemFree:          710692 kB
MemAvailable:    1510264 kB
Buffers:           58292 kB
Cached:           843688 kB
MemTotal:        1844596 kB
MemFree:          710696 kB
MemAvailable:    1510268 kB
Buffers:           58292 kB
Cached:           843688 kB
MemTotal:        1844596 kB
MemFree:          709576 kB
MemAvailable:    1509148 kB
Buffers:           58292 kB
Cached:           843688 kB
MemTotal:        1844596 kB
MemFree:          710560 kB
MemAvailable:    1510132 kB
Buffers:           58292 kB
Cached:           843688 kB
MemTotal:        1844596 kB
MemFree:          710620 kB
MemAvailable:    1510192 kB
Buffers:           58292 kB
Cached:           843688 kB
MemTotal:        1844596 kB
MemFree:          710572 kB
MemAvailable:    1510144 kB
Buffers:           58292 kB
Cached:           843688 kB
MemTotal:        1844596 kB
MemFree:          710328 kB
MemAvailable:    1509900 kB
Buffers:           58292 kB
Cached:           843688 kB
MemTotal:        1844596 kB
MemFree:          709096 kB
MemAvailable:    1508668 kB
Buffers:           58292 kB
Cached:           843688 kB
MemTotal:        1844596 kB
MemFree:          709784 kB
MemAvailable:    1509356 kB
Buffers:           58292 kB
Cached:           843688 kB
MemTotal:        1844596 kB
MemFree:          709952 kB
MemAvailable:    1509524 kB
Buffers:           58292 kB
Cached:           843688 kB
MemTotal:        1844596 kB
MemFree:          709796 kB
MemAvailable:    1509368 kB
Buffers:           58292 kB
Cached:           843688 kB
MemTotal:        1844596 kB
MemFree:          709652 kB
MemAvailable:    1509224 kB
Buffers:           58292 kB
Cached:           843688 kB
MemTotal:        1844596 kB
MemFree:          709752 kB
MemAvailable:    1509324 kB
Buffers:           58292 kB
Cached:           843688 kB
MemTotal:        1844596 kB
MemFree:          709856 kB
MemAvailable:    1509428 kB
Buffers:           58292 kB
Cached:           843688 kB
MemTotal:        1844596 kB
MemFree:          709460 kB
MemAvailable:    1509032 kB
Buffers:           58292 kB
Cached:           843688 kB
MemTotal:        1844596 kB
MemFree:          709544 kB
MemAvailable:    1509116 kB
Buffers:           58292 kB
Cached:           843688 kB
MemTotal:        1844596 kB
MemFree:          709716 kB
MemAvailable:    1509288 kB
Buffers:           58292 kB
Cached:           843688 kB
MemTotal:        1844596 kB
MemFree:          709676 kB
MemAvailable:    1509248 kB
Buffers:           58292 kB
Cached:           843688 kB
MemTotal:        1844596 kB
MemFree:          709820 kB
MemAvailable:    1509392 kB
Buffers:           58292 kB
Cached:           843688 kB
MemTotal:        1844596 kB
MemFree:          708972 kB
MemAvailable:    1508420 kB
Buffers:           58292 kB
Cached:           843688 kB
MemTotal:        1844596 kB
MemFree:          710016 kB
MemAvailable:    1509592 kB
Buffers:           58292 kB
Cached:           843692 kB
MemTotal:        1844596 kB
MemFree:          709452 kB
MemAvailable:    1509028 kB
Buffers:           58292 kB
Cached:           843692 kB
MemTotal:        1844596 kB
MemFree:          709452 kB
MemAvailable:    1509028 kB
Buffers:           58292 kB
Cached:           843692 kB
MemTotal:        1844596 kB
MemFree:          709396 kB
MemAvailable:    1508972 kB
Buffers:           58292 kB
Cached:           843692 kB
MemTotal:        1844596 kB
MemFree:          708096 kB
MemAvailable:    1507672 kB
Buffers:           58292 kB
Cached:           843692 kB
MemTotal:        1844596 kB
MemFree:          709156 kB
MemAvailable:    1508732 kB
Buffers:           58292 kB
Cached:           843692 kB
MemTotal:        1844596 kB
MemFree:          708708 kB
MemAvailable:    1508284 kB
Buffers:           58292 kB
Cached:           843692 kB
MemTotal:        1844596 kB
MemFree:          708708 kB
MemAvailable:    1508284 kB
Buffers:           58292 kB
Cached:           843692 kB
MemTotal:        1844596 kB
MemFree:          707464 kB
MemAvailable:    1507040 kB
Buffers:           58292 kB
Cached:           843692 kB
MemTotal:        1844596 kB
MemFree:          707292 kB
MemAvailable:    1506868 kB
Buffers:           58292 kB
Cached:           843692 kB
MemTotal:        1844596 kB
MemFree:          708824 kB
MemAvailable:    1508400 kB
Buffers:           58292 kB
Cached:           843692 kB
MemTotal:        1844596 kB
MemFree:          708660 kB
MemAvailable:    1508236 kB
Buffers:           58292 kB
Cached:           843692 kB
MemTotal:        1844596 kB
MemFree:          707412 kB
MemAvailable:    1506988 kB
Buffers:           58292 kB
Cached:           843692 kB
MemTotal:        1844596 kB
MemFree:          707412 kB
MemAvailable:    1506988 kB
Buffers:           58292 kB
Cached:           843692 kB
MemTotal:        1844596 kB
MemFree:          707784 kB
MemAvailable:    1507360 kB
Buffers:           58292 kB
Cached:           843692 kB
MemTotal:        1844596 kB
MemFree:          706616 kB
MemAvailable:    1506192 kB
Buffers:           58292 kB
Cached:           843692 kB
MemTotal:        1844596 kB
MemFree:          705500 kB
MemAvailable:    1505076 kB
Buffers:           58292 kB
Cached:           843692 kB
MemTotal:        1844596 kB
MemFree:          702268 kB
MemAvailable:    1501844 kB
Buffers:           58292 kB
Cached:           843692 kB
MemTotal:        1844596 kB
MemFree:          700168 kB
MemAvailable:    1499744 kB
Buffers:           58292 kB
Cached:           843692 kB
MemTotal:        1844596 kB
MemFree:          701160 kB
MemAvailable:    1500736 kB
Buffers:           58292 kB
Cached:           843692 kB
MemTotal:        1844596 kB
MemFree:          700912 kB
MemAvailable:    1500488 kB
Buffers:           58292 kB
Cached:           843692 kB
MemTotal:        1844596 kB
MemFree:          699664 kB
MemAvailable:    1499240 kB
Buffers:           58292 kB
Cached:           843692 kB
MemTotal:        1844596 kB
MemFree:          700476 kB
MemAvailable:    1500052 kB
Buffers:           58292 kB
Cached:           843692 kB
MemTotal:        1844596 kB
MemFree:          699236 kB
MemAvailable:    1498812 kB
Buffers:           58292 kB
Cached:           843692 kB
MemTotal:        1844596 kB
MemFree:          700720 kB
MemAvailable:    1500296 kB
Buffers:           58292 kB
Cached:           843692 kB
MemTotal:        1844596 kB
MemFree:          700888 kB
MemAvailable:    1500464 kB
Buffers:           58292 kB
Cached:           843692 kB
MemTotal:        1844596 kB
MemFree:          700920 kB
MemAvailable:    1500496 kB
Buffers:           58292 kB
Cached:           843692 kB
MemTotal:        1844596 kB
MemFree:          699536 kB
MemAvailable:    1499112 kB
Buffers:           58292 kB
Cached:           843692 kB
MemTotal:        1844596 kB
MemFree:          700044 kB
MemAvailable:    1499620 kB
Buffers:           58292 kB
Cached:           843692 kB
MemTotal:        1844596 kB
MemFree:          701036 kB
MemAvailable:    1500616 kB
Buffers:           58292 kB
Cached:           843696 kB
MemTotal:        1844596 kB
MemFree:          699788 kB
MemAvailable:    1499368 kB
Buffers:           58292 kB
Cached:           843696 kB
MemTotal:        1844596 kB
MemFree:          700964 kB
MemAvailable:    1500544 kB
Buffers:           58292 kB
Cached:           843696 kB
MemTotal:        1844596 kB
MemFree:          700708 kB
MemAvailable:    1500288 kB
Buffers:           58292 kB
Cached:           843696 kB
MemTotal:        1844596 kB
MemFree:          699796 kB
MemAvailable:    1499376 kB
Buffers:           58292 kB
Cached:           843696 kB
MemTotal:        1844596 kB
MemFree:          700484 kB
MemAvailable:    1500064 kB
Buffers:           58292 kB
Cached:           843696 kB
MemTotal:        1844596 kB
MemFree:          700288 kB
MemAvailable:    1499868 kB
Buffers:           58292 kB
Cached:           843696 kB
MemTotal:        1844596 kB
MemFree:          698928 kB
MemAvailable:    1498508 kB
Buffers:           58292 kB
Cached:           843696 kB
MemTotal:        1844596 kB
MemFree:          699840 kB
MemAvailable:    1499420 kB
Buffers:           58292 kB
Cached:           843696 kB
MemTotal:        1844596 kB
MemFree:          698432 kB
MemAvailable:    1498012 kB
Buffers:           58292 kB
Cached:           843696 kB
MemTotal:        1844596 kB
MemFree:          698004 kB
MemAvailable:    1497584 kB
Buffers:           58292 kB
Cached:           843696 kB
MemTotal:        1844596 kB
MemFree:          698980 kB
MemAvailable:    1498560 kB
Buffers:           58292 kB
Cached:           843696 kB
MemTotal:        1844596 kB
MemFree:          699180 kB
MemAvailable:    1498760 kB
Buffers:           58292 kB
Cached:           843696 kB
MemTotal:        1844596 kB
MemFree:          698020 kB
MemAvailable:    1497600 kB
Buffers:           58292 kB
Cached:           843696 kB
MemTotal:        1844596 kB
MemFree:          697796 kB
MemAvailable:    1497376 kB
Buffers:           58292 kB
Cached:           843696 kB
MemTotal:        1844596 kB
MemFree:          697880 kB
MemAvailable:    1497460 kB
Buffers:           58292 kB
Cached:           843696 kB
MemTotal:        1844596 kB
MemFree:          696316 kB
MemAvailable:    1495896 kB
Buffers:           58292 kB
Cached:           843696 kB
MemTotal:        1844596 kB
MemFree:          697500 kB
MemAvailable:    1497080 kB
Buffers:           58292 kB
Cached:           843696 kB
MemTotal:        1844596 kB
MemFree:          696068 kB
MemAvailable:    1495648 kB
Buffers:           58292 kB
Cached:           843696 kB
MemTotal:        1844596 kB
MemFree:          696928 kB
MemAvailable:    1496508 kB
Buffers:           58292 kB
Cached:           843696 kB
MemTotal:        1844596 kB
MemFree:          697012 kB
MemAvailable:    1496592 kB
Buffers:           58292 kB
Cached:           843696 kB
MemTotal:        1844596 kB
MemFree:          696904 kB
MemAvailable:    1496484 kB
Buffers:           58292 kB
Cached:           843696 kB
MemTotal:        1844596 kB
MemFree:          696640 kB
MemAvailable:    1496220 kB
Buffers:           58292 kB
Cached:           843696 kB
MemTotal:        1844596 kB
MemFree:          695408 kB
MemAvailable:    1494988 kB
Buffers:           58292 kB
Cached:           843696 kB
MemTotal:        1844596 kB
MemFree:          696640 kB
MemAvailable:    1496224 kB
Buffers:           58292 kB
Cached:           843700 kB
MemTotal:        1844596 kB
MemFree:          696976 kB
MemAvailable:    1496560 kB
Buffers:           58292 kB
Cached:           843700 kB
MemTotal:        1844596 kB
MemFree:          695648 kB
MemAvailable:    1495232 kB
Buffers:           58292 kB
Cached:           843700 kB
MemTotal:        1844596 kB
MemFree:          695200 kB
MemAvailable:    1494784 kB
Buffers:           58292 kB
Cached:           843700 kB
MemTotal:        1844596 kB
MemFree:          694896 kB
MemAvailable:    1494480 kB
Buffers:           58292 kB
Cached:           843700 kB
MemTotal:        1844596 kB
MemFree:          691672 kB
MemAvailable:    1491256 kB
Buffers:           58292 kB
Cached:           843700 kB
MemTotal:        1844596 kB
MemFree:          690372 kB
MemAvailable:    1489956 kB
Buffers:           58292 kB
Cached:           843700 kB
MemTotal:        1844596 kB
MemFree:          691228 kB
MemAvailable:    1490812 kB
Buffers:           58292 kB
Cached:           843700 kB
MemTotal:        1844596 kB
MemFree:          691240 kB
MemAvailable:    1490824 kB
Buffers:           58292 kB
Cached:           843700 kB
MemTotal:        1844596 kB
MemFree:          691152 kB
MemAvailable:    1490736 kB
Buffers:           58292 kB
Cached:           843700 kB
MemTotal:        1844596 kB
MemFree:          691020 kB
MemAvailable:    1490604 kB
Buffers:           58292 kB
Cached:           843700 kB
MemTotal:        1844596 kB
MemFree:          691036 kB
MemAvailable:    1490620 kB
Buffers:           58292 kB
Cached:           843700 kB
MemTotal:        1844596 kB
MemFree:          691012 kB
MemAvailable:    1490596 kB
Buffers:           58292 kB
Cached:           843700 kB
MemTotal:        1844596 kB
MemFree:          690888 kB
MemAvailable:    1490472 kB
Buffers:           58292 kB
Cached:           843700 kB
MemTotal:        1844596 kB
MemFree:          690756 kB
MemAvailable:    1490340 kB
Buffers:           58292 kB
Cached:           843700 kB
MemTotal:        1844596 kB
MemFree:          689580 kB
MemAvailable:    1489164 kB
Buffers:           58292 kB
Cached:           843700 kB
MemTotal:        1844596 kB
MemFree:          690000 kB
MemAvailable:    1489584 kB
Buffers:           58292 kB
Cached:           843700 kB
MemTotal:        1844596 kB
MemFree:          689860 kB
MemAvailable:    1489444 kB
Buffers:           58292 kB
Cached:           843700 kB
MemTotal:        1844596 kB
MemFree:          690072 kB
MemAvailable:    1489656 kB
Buffers:           58292 kB
Cached:           843700 kB
MemTotal:        1844596 kB
MemFree:          686644 kB
MemAvailable:    1486228 kB
Buffers:           58292 kB
Cached:           843700 kB
MemTotal:        1844596 kB
MemFree:          686644 kB
MemAvailable:    1486228 kB
Buffers:           58292 kB
Cached:           843700 kB
MemTotal:        1844596 kB
MemFree:          687628 kB
MemAvailable:    1487212 kB
Buffers:           58292 kB
Cached:           843700 kB
MemTotal:        1844596 kB
MemFree:          687404 kB
MemAvailable:    1486988 kB
Buffers:           58292 kB
Cached:           843700 kB
MemTotal:        1844596 kB
MemFree:          687768 kB
MemAvailable:    1487352 kB
Buffers:           58292 kB
Cached:           843700 kB
MemTotal:        1844596 kB
MemFree:          686480 kB
MemAvailable:    1486064 kB
Buffers:           58292 kB
Cached:           843700 kB
MemTotal:        1844596 kB
MemFree:          687720 kB
MemAvailable:    1487304 kB
Buffers:           58292 kB
Cached:           843700 kB
MemTotal:        1844596 kB
MemFree:          689008 kB
MemAvailable:    1488592 kB
Buffers:           58292 kB
Cached:           843700 kB
MemTotal:        1844596 kB
MemFree:          689308 kB
MemAvailable:    1488976 kB
Buffers:           58292 kB
Cached:           843824 kB
MemTotal:        1844596 kB
MemFree:          689644 kB
MemAvailable:    1489312 kB
Buffers:           58292 kB
Cached:           843824 kB
MemTotal:        1844596 kB
MemFree:          688068 kB
MemAvailable:    1487904 kB
Buffers:           58292 kB
Cached:           843948 kB
MemTotal:        1844596 kB
MemFree:          688388 kB
MemAvailable:    1488308 kB
Buffers:           58292 kB
Cached:           844072 kB
MemTotal:        1844596 kB
MemFree:          688936 kB
MemAvailable:    1489024 kB
Buffers:           58292 kB
Cached:           844196 kB
MemTotal:        1844596 kB
MemFree:          689272 kB
MemAvailable:    1489360 kB
Buffers:           58292 kB
Cached:           844196 kB
MemTotal:        1844596 kB
MemFree:          687820 kB
MemAvailable:    1487992 kB
Buffers:           58292 kB
Cached:           844320 kB
MemTotal:        1844596 kB
MemFree:          688936 kB
MemAvailable:    1489192 kB
Buffers:           58292 kB
Cached:           844444 kB
MemTotal:        1844596 kB
MemFree:          688936 kB
MemAvailable:    1489192 kB
Buffers:           58292 kB
Cached:           844444 kB
MemTotal:        1844596 kB
MemFree:          687560 kB
MemAvailable:    1487816 kB
Buffers:           58292 kB
Cached:           844444 kB
MemTotal:        1844596 kB
MemFree:          688868 kB
MemAvailable:    1489124 kB
Buffers:           58292 kB
Cached:           844444 kB
MemTotal:        1844596 kB
MemFree:          688968 kB
MemAvailable:    1489224 kB
Buffers:           58292 kB
Cached:           844444 kB
MemTotal:        1844596 kB
MemFree:          688380 kB
MemAvailable:    1488636 kB
Buffers:           58292 kB
Cached:           844444 kB
MemTotal:        1844596 kB
MemFree:          689316 kB
MemAvailable:    1489572 kB
Buffers:           58292 kB
Cached:           844444 kB
MemTotal:        1844596 kB
MemFree:          688008 kB
MemAvailable:    1488264 kB
Buffers:           58292 kB
Cached:           844444 kB
MemTotal:        1844596 kB
MemFree:          689456 kB
MemAvailable:    1489124 kB
Buffers:           58292 kB
Cached:           843812 kB
MemTotal:        1844596 kB
MemFree:          758184 kB
MemAvailable:    1557852 kB
Buffers:           58292 kB
Cached:           843812 kB
