MemTotal:        1844596 kB
MemFree:          616168 kB
MemAvailable:    1522456 kB
Buffers:           68592 kB
Cached:           930124 kB
MemTotal:        1844596 kB
MemFree:          613564 kB
MemAvailable:    1519852 kB
Buffers:           68592 kB
Cached:           930124 kB
MemTotal:        1844596 kB
MemFree:          612572 kB
MemAvailable:    1518860 kB
Buffers:           68592 kB
Cached:           930124 kB
MemTotal:        1844596 kB
MemFree:          612060 kB
MemAvailable:    1518348 kB
Buffers:           68592 kB
Cached:           930124 kB
MemTotal:        1844596 kB
MemFree:          610572 kB
MemAvailable:    1516860 kB
Buffers:           68592 kB
Cached:           930124 kB
MemTotal:        1844596 kB
MemFree:          610772 kB
MemAvailable:    1517060 kB
Buffers:           68592 kB
Cached:           930124 kB
MemTotal:        1844596 kB
MemFree:          608232 kB
MemAvailable:    1514520 kB
Buffers:           68592 kB
Cached:           930124 kB
MemTotal:        1844596 kB
MemFree:          606992 kB
MemAvailable:    1513280 kB
Buffers:           68592 kB
Cached:           930124 kB
MemTotal:        1844596 kB
MemFree:          605504 kB
MemAvailable:    1511792 kB
Buffers:           68592 kB
Cached:           930124 kB
MemTotal:        1844596 kB
MemFree:          601164 kB
MemAvailable:    1507452 kB
Buffers:           68592 kB
Cached:           930124 kB
MemTotal:        1844596 kB
MemFree:          602236 kB
MemAvailable:    1508524 kB
Buffers:           68592 kB
Cached:           930124 kB
MemTotal:        1844596 kB
MemFree:          602148 kB
MemAvailable:    1508436 kB
Buffers:           68592 kB
Cached:           930124 kB
MemTotal:        1844596 kB
MemFree:          602336 kB
MemAvailable:    1508624 kB
Buffers:           68592 kB
Cached:           930124 kB
MemTotal:        1844596 kB
MemFree:          602280 kB
MemAvailable:    1508568 kB
Buffers:           68592 kB
Cached:           930124 kB
MemTotal:        1844596 kB
MemFree:          601884 kB
MemAvailable:    1508172 kB
Buffers:           68592 kB
Cached:           930124 kB
MemTotal:        1844596 kB
MemFree:          602220 kB
MemAvailable:    1508508 kB
Buffers:           68592 kB
Cached:           930124 kB
MemTotal:        1844596 kB
MemFree:          600164 kB
MemAvailable:    1506452 kB
Buffers:           68592 kB
Cached:           930124 kB
MemTotal:        1844596 kB
MemFree:          599900 kB
MemAvailable:    1506192 kB
Buffers:           68592 kB
Cached:           930128 kB
MemTotal:        1844596 kB
MemFree:          599792 kB
MemAvailable:    1506084 kB
Buffers:           68592 kB
Cached:           930128 kB
MemTotal:        1844596 kB
MemFree:          599764 kB
MemAvailable:    1506056 kB
Buffers:           68592 kB
Cached:           930128 kB
MemTotal:        1844596 kB
MemFree:          599552 kB
MemAvailable:    1505844 kB
Buffers:           68592 kB
Cached:           930128 kB
MemTotal:        1844596 kB
MemFree:          599732 kB
MemAvailable:    1506024 kB
Buffers:           68592 kB
Cached:           930128 kB
MemTotal:        1844596 kB
MemFree:          599304 kB
MemAvailable:    1505596 kB
Buffers:           68592 kB
Cached:           930128 kB
MemTotal:        1844596 kB
MemFree:          599620 kB
MemAvailable:    1505912 kB
Buffers:           68592 kB
Cached:           930128 kB
MemTotal:        1844596 kB
MemFree:          598372 kB
MemAvailable:    1504664 kB
Buffers:           68592 kB
Cached:           930128 kB
MemTotal:        1844596 kB
MemFree:          598744 kB
MemAvailable:    1505036 kB
Buffers:           68592 kB
Cached:           930128 kB
MemTotal:        1844596 kB
MemFree:          598496 kB
MemAvailable:    1504788 kB
Buffers:           68592 kB
Cached:           930128 kB
MemTotal:        1844596 kB
MemFree:          599756 kB
MemAvailable:    1506048 kB
Buffers:           68592 kB
Cached:           930128 kB
MemTotal:        1844596 kB
MemFree:          600908 kB
MemAvailable:    1507200 kB
Buffers:           68592 kB
Cached:           930128 kB
MemTotal:        1844596 kB
MemFree:          598436 kB
MemAvailable:    1504728 kB
Buffers:           68592 kB
Cached:           930128 kB
MemTotal:        1844596 kB
MemFree:          596824 kB
MemAvailable:    1503116 kB
Buffers:           68592 kB
Cached:           930128 kB
MemTotal:        1844596 kB
MemFree:          596080 kB
MemAvailable:    1502372 kB
Buffers:           68592 kB
Cached:           930128 kB
MemTotal:        1844596 kB
MemFree:          596560 kB
MemAvailable:    1502852 kB
Buffers:           68592 kB
Cached:           930128 kB
MemTotal:        1844596 kB
MemFree:          596452 kB
MemAvailable:    1502744 kB
Buffers:           68592 kB
Cached:           930128 kB
MemTotal:        1844596 kB
MemFree:          595072 kB
MemAvailable:    1501364 kB
Buffers:           68592 kB
Cached:           930128 kB
MemTotal:        1844596 kB
MemFree:          594716 kB
MemAvailable:    1501008 kB
Buffers:           68592 kB
Cached:           930128 kB
MemTotal:        1844596 kB
MemFree:          595916 kB
MemAvailable:    1502208 kB
Buffers:           68592 kB
Cached:           930128 kB
MemTotal:        1844596 kB
MemFree:          594584 kB
MemAvailable:    1500876 kB
Buffers:           68592 kB
Cached:           930128 kB
MemTotal:        1844596 kB
MemFree:          595496 kB
MemAvailable:    1501792 kB
Buffers:           68592 kB
Cached:           930132 kB
MemTotal:        1844596 kB
MemFree:          595468 kB
MemAvailable:    1501764 kB
Buffers:           68592 kB
Cached:           930132 kB
MemTotal:        1844596 kB
MemFree:          595536 kB
MemAvailable:    1501832 kB
Buffers:           68592 kB
Cached:           930132 kB
MemTotal:        1844596 kB
MemFree:          595592 kB
MemAvailable:    1501888 kB
Buffers:           68592 kB
Cached:           930132 kB
MemTotal:        1844596 kB
MemFree:          595592 kB
MemAvailable:    1501888 kB
Buffers:           68592 kB
Cached:           930132 kB
MemTotal:        1844596 kB
MemFree:          593584 kB
MemAvailable:    1499880 kB
Buffers:           68592 kB
Cached:           930132 kB
MemTotal:        1844596 kB
MemFree:          594956 kB
MemAvailable:    1501252 kB
Buffers:           68592 kB
Cached:           930132 kB
MemTotal:        1844596 kB
MemFree:          594504 kB
MemAvailable:    1500800 kB
Buffers:           68592 kB
Cached:           930132 kB
MemTotal:        1844596 kB
MemFree:          593336 kB
MemAvailable:    1499632 kB
Buffers:           68592 kB
Cached:           930132 kB
MemTotal:        1844596 kB
MemFree:          593452 kB
MemAvailable:    1499748 kB
Buffers:           68592 kB
Cached:           930132 kB
MemTotal:        1844596 kB
MemFree:          593352 kB
MemAvailable:    1499648 kB
Buffers:           68592 kB
Cached:           930132 kB
MemTotal:        1844596 kB
MemFree:          594544 kB
MemAvailable:    1500840 kB
Buffers:           68592 kB
Cached:           930132 kB
MemTotal:        1844596 kB
MemFree:          594352 kB
MemAvailable:    1500648 kB
Buffers:           68592 kB
Cached:           930132 kB
MemTotal:        1844596 kB
MemFree:          594460 kB
MemAvailable:    1500756 kB
Buffers:           68592 kB
Cached:           930132 kB
MemTotal:        1844596 kB
MemFree:          593296 kB
MemAvailable:    1499592 kB
Buffers:           68592 kB
Cached:           930132 kB
MemTotal:        1844596 kB
MemFree:          594660 kB
MemAvailable:    1500956 kB
Buffers:           68592 kB
Cached:           930132 kB
MemTotal:        1844596 kB
MemFree:          594280 kB
MemAvailable:    1500576 kB
Buffers:           68592 kB
Cached:           930132 kB
MemTotal:        1844596 kB
MemFree:          593856 kB
MemAvailable:    1500152 kB
Buffers:           68592 kB
Cached:           930132 kB
MemTotal:        1844596 kB
MemFree:          593964 kB
MemAvailable:    1500260 kB
Buffers:           68592 kB
Cached:           930132 kB
MemTotal:        1844596 kB
MemFree:          594000 kB
MemAvailable:    1500296 kB
Buffers:           68592 kB
Cached:           930132 kB
MemTotal:        1844596 kB
MemFree:          592848 kB
MemAvailable:    1499144 kB
Buffers:           68592 kB
Cached:           930132 kB
MemTotal:        1844596 kB
MemFree:          593460 kB
MemAvailable:    1499760 kB
Buffers:           68592 kB
Cached:           930136 kB
MemTotal:        1844596 kB
MemFree:          593796 kB
MemAvailable:    1500096 kB
Buffers:           68592 kB
Cached:           930136 kB
MemTotal:        1844596 kB
MemFree:          593584 kB
MemAvailable:    1499884 kB
Buffers:           68592 kB
Cached:           930136 kB
MemTotal:        1844596 kB
MemFree:          593836 kB
MemAvailable:    1500136 kB
Buffers:           68592 kB
Cached:           930136 kB
MemTotal:        1844596 kB
MemFree:          592296 kB
MemAvailable:    1498596 kB
Buffers:           68592 kB
Cached:           930136 kB
MemTotal:        1844596 kB
MemFree:          593572 kB
MemAvailable:    1499872 kB
Buffers:           68592 kB
Cached:           930136 kB
MemTotal:        1844596 kB
MemFree:          593572 kB
MemAvailable:    1499872 kB
Buffers:           68592 kB
Cached:           930136 kB
MemTotal:        1844596 kB
MemFree:          592460 kB
MemAvailable:    1498760 kB
Buffers:           68592 kB
Cached:           930136 kB
MemTotal:        1844596 kB
MemFree:          592344 kB
MemAvailable:    1498644 kB
Buffers:           68592 kB
Cached:           930136 kB
MemTotal:        1844596 kB
MemFree:          590996 kB
MemAvailable:    1497296 kB
Buffers:           68592 kB
Cached:           930136 kB
MemTotal:        1844596 kB
MemFree:          590312 kB
MemAvailable:    1496612 kB
Buffers:           68592 kB
Cached:           930136 kB
MemTotal:        1844596 kB
MemFree:          587896 kB
MemAvailable:    1494196 kB
Buffers:           68592 kB
Cached:           930136 kB
MemTotal:        1844596 kB
MemFree:          586276 kB
MemAvailable:    1492576 kB
Buffers:           68592 kB
Cached:           930136 kB
MemTotal:        1844596 kB
MemFree:          586276 kB
MemAvailable:    1492576 kB
Buffers:           68592 kB
Cached:           930136 kB
MemTotal:        1844596 kB
MemFree:          585904 kB
MemAvailable:    1492204 kB
Buffers:           68592 kB
Cached:           930136 kB
MemTotal:        1844596 kB
MemFree:          585832 kB
MemAvailable:    1492132 kB
Buffers:           68592 kB
Cached:           930136 kB
MemTotal:        1844596 kB
MemFree:          584672 kB
MemAvailable:    1490972 kB
Buffers:           68592 kB
Cached:           930136 kB
MemTotal:        1844596 kB
MemFree:          585400 kB
MemAvailable:    1491700 kB
Buffers:           68592 kB
Cached:           930136 kB
MemTotal:        1844596 kB
MemFree:          585736 kB
MemAvailable:    1492036 kB
Buffers:           68592 kB
Cached:           930136 kB
MemTotal:        1844596 kB
MemFree:          585524 kB
MemAvailable:    1491824 kB
Buffers:           68592 kB
Cached:           930136 kB
MemTotal:        1844596 kB
MemFree:          585540 kB
MemAvailable:    1491840 kB
Buffers:           68592 kB
Cached:           930136 kB
MemTotal:        1844596 kB
MemFree:          584360 kB
MemAvailable:    1490660 kB
Buffers:           68592 kB
Cached:           930136 kB
MemTotal:        1844596 kB
MemFree:          584368 kB
MemAvailable:    1490668 kB
Buffers:           68592 kB
Cached:           930136 kB
MemTotal:        1844596 kB
MemFree:          584360 kB
MemAvailable:    1490660 kB
Buffers:           68592 kB
Cached:           930136 kB
MemTotal:        1844596 kB
MemFree:          585636 kB
MemAvailable:    1491936 kB
Buffers:           68592 kB
Cached:           930136 kB
MemTotal:        1844596 kB
MemFree:          585720 kB
MemAvailable:    1492020 kB
Buffers:           68592 kB
Cached:           930136 kB
MemTotal:        1844596 kB
MemFree:          584404 kB
MemAvailable:    1490704 kB
Buffers:           68592 kB
Cached:           930136 kB
MemTotal:        1844596 kB
MemFree:          585468 kB
MemAvailable:    1491768 kB
Buffers:           68592 kB
Cached:           930136 kB
MemTotal:        1844596 kB
MemFree:          584176 kB
MemAvailable:    1490476 kB
Buffers:           68592 kB
Cached:           930136 kB
MemTotal:        1844596 kB
MemFree:          584740 kB
MemAvailable:    1491044 kB
Buffers:           68592 kB
Cached:           930140 kB
MemTotal:        1844596 kB
MemFree:          584992 kB
MemAvailable:    1491296 kB
Buffers:           68592 kB
Cached:           930140 kB
MemTotal:        1844596 kB
MemFree:          584160 kB
MemAvailable:    1490464 kB
Buffers:           68592 kB
Cached:           930140 kB
MemTotal:        1844596 kB
MemFree:          584052 kB
MemAvailable:    1490356 kB
Buffers:           68592 kB
Cached:           930140 kB
MemTotal:        1844596 kB
MemFree:          582680 kB
MemAvailable:    1488984 kB
Buffers:           68592 kB
Cached:           930140 kB
MemTotal:        1844596 kB
MemFree:          584052 kB
MemAvailable:    1490356 kB
Buffers:           68592 kB
Cached:           930140 kB
MemTotal:        1844596 kB
MemFree:          583176 kB
MemAvailable:    1489480 kB
Buffers:           68592 kB
Cached:           930140 kB
MemTotal:        1844596 kB
MemFree:          581680 kB
MemAvailable:    1487984 kB
Buffers:           68592 kB
Cached:           930140 kB
MemTotal:        1844596 kB
MemFree:          582440 kB
MemAvailable:    1488744 kB
Buffers:           68592 kB
Cached:           930140 kB
MemTotal:        1844596 kB
MemFree:          582184 kB
MemAvailable:    1488488 kB
Buffers:           68592 kB
Cached:           930140 kB
MemTotal:        1844596 kB
MemFree:          581704 kB
MemAvailable:    1488008 kB
Buffers:           68592 kB
Cached:           930140 kB
MemTotal:        1844596 kB
MemFree:          580688 kB
MemAvailable:    1486992 kB
Buffers:           68592 kB
Cached:           930140 kB
MemTotal:        1844596 kB
MemFree:          581804 kB
MemAvailable:    1488108 kB
Buffers:           68592 kB
Cached:           930140 kB
MemTotal:        1844596 kB
MemFree:          582140 kB
MemAvailable:    1488444 kB
Buffers:           68592 kB
Cached:           930140 kB
MemTotal:        1844596 kB
MemFree:          581756 kB
MemAvailable:    1488060 kB
Buffers:           68592 kB
Cached:           930140 kB
MemTotal:        1844596 kB
MemFree:          582008 kB
MemAvailable:    1488312 kB
Buffers:           68592 kB
Cached:           930140 kB
MemTotal:        1844596 kB
MemFree:          580532 kB
MemAvailable:    1486836 kB
Buffers:           68592 kB
Cached:           930140 kB
MemTotal:        1844596 kB
MemFree:          580904 kB
MemAvailable:    1487208 kB
Buffers:           68592 kB
Cached:           930140 kB
MemTotal:        1844596 kB
MemFree:          580524 kB
MemAvailable:    1486828 kB
Buffers:           68592 kB
Cached:           930140 kB
MemTotal:        1844596 kB
MemFree:          581308 kB
MemAvailable:    1487612 kB
Buffers:           68592 kB
Cached:           930140 kB
MemTotal:        1844596 kB
MemFree:          581308 kB
MemAvailable:    1487612 kB
Buffers:           68592 kB
Cached:           930140 kB
MemTotal:        1844596 kB
MemFree:          576480 kB
MemAvailable:    1482784 kB
Buffers:           68592 kB
Cached:           930140 kB
MemTotal:        1844596 kB
MemFree:          576416 kB
MemAvailable:    1482720 kB
Buffers:           68592 kB
Cached:           930140 kB
MemTotal:        1844596 kB
MemFree:          575248 kB
MemAvailable:    1481552 kB
Buffers:           68592 kB
Cached:           930140 kB
MemTotal:        1844596 kB
MemFree:          576060 kB
MemAvailable:    1482364 kB
Buffers:           68592 kB
Cached:           930140 kB
MemTotal:        1844596 kB
MemFree:          576192 kB
MemAvailable:    1482496 kB
Buffers:           68592 kB
Cached:           930140 kB
MemTotal:        1844596 kB
MemFree:          576032 kB
MemAvailable:    1482336 kB
Buffers:           68592 kB
Cached:           930140 kB
MemTotal:        1844596 kB
MemFree:          575960 kB
MemAvailable:    1482264 kB
Buffers:           68592 kB
Cached:           930140 kB
MemTotal:        1844596 kB
MemFree:          576188 kB
MemAvailable:    1482492 kB
Buffers:           68592 kB
Cached:           930140 kB
MemTotal:        1844596 kB
MemFree:          575804 kB
MemAvailable:    1482108 kB
Buffers:           68592 kB
Cached:           930140 kB
MemTotal:        1844596 kB
MemFree:          576056 kB
MemAvailable:    1482360 kB
Buffers:           68592 kB
Cached:           930140 kB
MemTotal:        1844596 kB
MemFree:          574572 kB
MemAvailable:    1480876 kB
Buffers:           68592 kB
Cached:           930140 kB
MemTotal:        1844596 kB
MemFree:          576068 kB
MemAvailable:    1482372 kB
Buffers:           68592 kB
Cached:           930140 kB
MemTotal:        1844596 kB
MemFree:          575772 kB
MemAvailable:    1482076 kB
Buffers:           68592 kB
Cached:           930140 kB
MemTotal:        1844596 kB
MemFree:          574612 kB
MemAvailable:    1480916 kB
Buffers:           68592 kB
Cached:           930140 kB
MemTotal:        1844596 kB
MemFree:          573884 kB
MemAvailable:    1480188 kB
Buffers:           68592 kB
Cached:           930140 kB
MemTotal:        1844596 kB
MemFree:          573016 kB
MemAvailable:    1479320 kB
Buffers:           68592 kB
Cached:           930140 kB
MemTotal:        1844596 kB
MemFree:          572620 kB
MemAvailable:    1478924 kB
Buffers:           68592 kB
Cached:           930140 kB
MemTotal:        1844596 kB
MemFree:          572956 kB
MemAvailable:    1479260 kB
Buffers:           68592 kB
Cached:           930140 kB
MemTotal:        1844596 kB
MemFree:          572796 kB
MemAvailable:    1479100 kB
Buffers:           68592 kB
Cached:           930140 kB
MemTotal:        1844596 kB
MemFree:          571776 kB
MemAvailable:    1478080 kB
Buffers:           68592 kB
Cached:           930140 kB
MemTotal:        1844596 kB
MemFree:          572464 kB
MemAvailable:    1478768 kB
Buffers:           68592 kB
Cached:           930140 kB
MemTotal:        1844596 kB
MemFree:          572800 kB
MemAvailable:    1479104 kB
Buffers:           68592 kB
Cached:           930140 kB
MemTotal:        1844596 kB
MemFree:          574432 kB
MemAvailable:    1480736 kB
Buffers:           68592 kB
Cached:           930140 kB
MemTotal:        1844596 kB
MemFree:          574684 kB
MemAvailable:    1480988 kB
Buffers:           68592 kB
Cached:           930140 kB
MemTotal:        1844596 kB
MemFree:          574308 kB
MemAvailable:    1480780 kB
Buffers:           68592 kB
Cached:           930388 kB
MemTotal:        1844596 kB
MemFree:          573884 kB
MemAvailable:    1480356 kB
Buffers:           68592 kB
Cached:           930388 kB
MemTotal:        1844596 kB
MemFree:          574192 kB
MemAvailable:    1480916 kB
Buffers:           68592 kB
Cached:           930636 kB
MemTotal:        1844596 kB
MemFree:          574252 kB
MemAvailable:    1480892 kB
Buffers:           68592 kB
Cached:           930636 kB
MemTotal:        1844596 kB
MemFree:          573812 kB
MemAvailable:    1480704 kB
Buffers:           68592 kB
Cached:           930760 kB
MemTotal:        1844596 kB
MemFree:          574148 kB
MemAvailable:    1481040 kB
Buffers:           68592 kB
Cached:           930760 kB
MemTotal:        1844596 kB
MemFree:          573872 kB
MemAvailable:    1480764 kB
Buffers:           68592 kB
Cached:           930760 kB
MemTotal:        1844596 kB
MemFree:          574000 kB
MemAvailable:    1480892 kB
Buffers:           68592 kB
Cached:           930760 kB
MemTotal:        1844596 kB
MemFree:          573912 kB
MemAvailable:    1480804 kB
Buffers:           68592 kB
Cached:           930760 kB
MemTotal:        1844596 kB
MemFree:          574032 kB
MemAvailable:    1480924 kB
Buffers:           68592 kB
Cached:           930760 kB
MemTotal:        1844596 kB
MemFree:          573264 kB
MemAvailable:    1480156 kB
Buffers:           68592 kB
Cached:           930760 kB
MemTotal:        1844596 kB
MemFree:          573856 kB
MemAvailable:    1480748 kB
Buffers:           68592 kB
Cached:           930760 kB
MemTotal:        1844596 kB
MemFree:          574108 kB
MemAvailable:    1481000 kB
Buffers:           68592 kB
Cached:           930760 kB
MemTotal:        1844596 kB
MemFree:          572920 kB
MemAvailable:    1479224 kB
Buffers:           68592 kB
Cached:           930128 kB
MemTotal:        1844596 kB
MemFree:          643100 kB
MemAvailable:    1549404 kB
Buffers:           68592 kB
Cached:           930128 kB
