MemTotal:        1844596 kB
MemFree:          968136 kB
MemAvailable:    1559568 kB
Buffers:           33240 kB
Cached:           662564 kB
MemTotal:        1844596 kB
MemFree:          965400 kB
MemAvailable:    1556832 kB
Buffers:           33240 kB
Cached:           662564 kB
MemTotal:        1844596 kB
MemFree:          962044 kB
MemAvailable:    1553476 kB
Buffers:           33240 kB
Cached:           662564 kB
MemTotal:        1844596 kB
MemFree:          962284 kB
MemAvailable:    1553716 kB
Buffers:           33240 kB
Cached:           662564 kB
MemTotal:        1844596 kB
MemFree:          960688 kB
MemAvailable:    1552120 kB
Buffers:           33240 kB
Cached:           662564 kB
MemTotal:        1844596 kB
MemFree:          960804 kB
MemAvailable:    1552236 kB
Buffers:           33240 kB
Cached:           662564 kB
MemTotal:        1844596 kB
MemFree:          958952 kB
MemAvailable:    1550384 kB
Buffers:           33240 kB
Cached:           662564 kB
MemTotal:        1844596 kB
MemFree:          956208 kB
MemAvailable:    1547640 kB
Buffers:           33240 kB
Cached:           662564 kB
MemTotal:        1844596 kB
MemFree:          955728 kB
MemAvailable:    1547160 kB
Buffers:           33240 kB
Cached:           662564 kB
MemTotal:        1844596 kB
MemFree:          952680 kB
MemAvailable:    1544112 kB
Buffers:           33240 kB
Cached:           662564 kB
MemTotal:        1844596 kB
MemFree:          950704 kB
MemAvailable:    1542136 kB
Buffers:           33240 kB
Cached:           662564 kB
MemTotal:        1844596 kB
MemFree:          951016 kB
MemAvailable:    1542448 kB
Buffers:           33240 kB
Cached:           662564 kB
MemTotal:        1844596 kB
MemFree:          952092 kB
MemAvailable:    1543524 kB
Buffers:           33240 kB
Cached:           662564 kB
MemTotal:        1844596 kB
MemFree:          950636 kB
MemAvailable:    1542068 kB
Buffers:           33240 kB
Cached:           662564 kB
MemTotal:        1844596 kB
MemFree:          950768 kB
MemAvailable:    1542200 kB
Buffers:           33240 kB
Cached:           662564 kB
MemTotal:        1844596 kB
MemFree:          951484 kB
MemAvailable:    1542916 kB
Buffers:           33240 kB
Cached:           662564 kB
MemTotal:        1844596 kB
MemFree:          951264 kB
MemAvailable:    1542696 kB
Buffers:           33240 kB
Cached:           662564 kB
MemTotal:        1844596 kB
MemFree:          951456 kB
MemAvailable:    1542888 kB
Buffers:           33240 kB
Cached:           662564 kB
MemTotal:        1844596 kB
MemFree:          950208 kB
MemAvailable:    1541640 kB
Buffers:           33240 kB
Cached:           662564 kB
MemTotal:        1844596 kB
MemFree:          949768 kB
MemAvailable:    1541200 kB
Buffers:           33240 kB
Cached:           662564 kB
MemTotal:        1844596 kB
MemFree:          949288 kB
MemAvailable:    1540720 kB
Buffers:           33240 kB
Cached:           662564 kB
MemTotal:        1844596 kB
MemFree:          949520 kB
MemAvailable:    1540952 kB
Buffers:           33240 kB
Cached:           662564 kB
MemTotal:        1844596 kB
MemFree:          949324 kB
MemAvailable:    1540756 kB
Buffers:           33240 kB
Cached:           662564 kB
MemTotal:        1844596 kB
MemFree:          949276 kB
MemAvailable:    1540708 kB
Buffers:           33240 kB
Cached:           662564 kB
MemTotal:        1844596 kB
MemFree:          948164 kB
MemAvailable:    1539596 kB
Buffers:           33240 kB
Cached:           662564 kB
MemTotal:        1844596 kB
MemFree:          949108 kB
MemAvailable:    1540544 kB
Buffers:           33240 kB
Cached:           662568 kB
MemTotal:        1844596 kB
MemFree:          949364 kB
MemAvailable:    1540800 kB
Buffers:           33240 kB
Cached:           662568 kB
MemTotal:        1844596 kB
MemFree:          947860 kB
MemAvailable:    1539296 kB
Buffers:           33240 kB
Cached:           662568 kB
MemTotal:        1844596 kB
MemFree:          949224 kB
MemAvailable:    1540660 kB
Buffers:           33240 kB
Cached:           662568 kB
MemTotal:        1844596 kB
MemFree:          949532 kB
MemAvailable:    1540968 kB
Buffers:           33240 kB
Cached:           662568 kB
MemTotal:        1844596 kB
MemFree:          949392 kB
MemAvailable:    1540828 kB
Buffers:           33240 kB
Cached:           662568 kB
MemTotal:        1844596 kB
MemFree:          949324 kB
MemAvailable:    1540760 kB
Buffers:           33240 kB
Cached:           662568 kB
MemTotal:        1844596 kB
MemFree:          949124 kB
MemAvailable:    1540560 kB
Buffers:           33240 kB
Cached:           662568 kB
MemTotal:        1844596 kB
MemFree:          947752 kB
MemAvailable:    1539188 kB
Buffers:           33240 kB
Cached:           662568 kB
MemTotal:        1844596 kB
MemFree:          947200 kB
MemAvailable:    1538636 kB
Buffers:           33240 kB
Cached:           662568 kB
MemTotal:        1844596 kB
MemFree:          946388 kB
MemAvailable:    1537824 kB
Buffers:           33240 kB
Cached:           662568 kB
MemTotal:        1844596 kB
MemFree:          946256 kB
MemAvailable:    1537692 kB
Buffers:           33240 kB
Cached:           662568 kB
MemTotal:        1844596 kB
MemFree:          946468 kB
MemAvailable:    1537904 kB
Buffers:           33240 kB
Cached:           662568 kB
MemTotal:        1844596 kB
MemFree:          945140 kB
MemAvailable:    1536576 kB
Buffers:           33240 kB
Cached:           662568 kB
MemTotal:        1844596 kB
MemFree:          945280 kB
MemAvailable:    1536716 kB
Buffers:           33240 kB
Cached:           662568 kB
MemTotal:        1844596 kB
MemFree:          945084 kB
MemAvailable:    1536520 kB
Buffers:           33240 kB
Cached:           662568 kB
MemTotal:        1844596 kB
MemFree:          945204 kB
MemAvailable:    1536640 kB
Buffers:           33240 kB
Cached:           662568 kB
MemTotal:        1844596 kB
MemFree:          943660 kB
MemAvailable:    1535100 kB
Buffers:           33240 kB
Cached:           662572 kB
MemTotal:        1844596 kB
MemFree:          943660 kB
MemAvailable:    1535100 kB
Buffers:           33240 kB
Cached:           662572 kB
MemTotal:        1844596 kB
MemFree:          945024 kB
MemAvailable:    1536464 kB
Buffers:           33240 kB
Cached:           662572 kB
MemTotal:        1844596 kB
MemFree:          943916 kB
MemAvailable:    1535356 kB
Buffers:           33240 kB
Cached:           662572 kB
MemTotal:        1844596 kB
MemFree:          944744 kB
MemAvailable:    1536184 kB
Buffers:           33240 kB
Cached:           662572 kB
MemTotal:        1844596 kB
MemFree:          944652 kB
MemAvailable:    1536092 kB
Buffers:           33240 kB
Cached:           662572 kB
MemTotal:        1844596 kB
MemFree:          944288 kB
MemAvailable:    1535728 kB
Buffers:           33240 kB
Cached:           662572 kB
MemTotal:        1844596 kB
MemFree:          943892 kB
MemAvailable:    1535332 kB
Buffers:           33240 kB
Cached:           662572 kB
MemTotal:        1844596 kB
MemFree:          943660 kB
MemAvailable:    1535100 kB
Buffers:           33240 kB
Cached:           662572 kB
MemTotal:        1844596 kB
MemFree:          943980 kB
MemAvailable:    1535420 kB
Buffers:           33240 kB
Cached:           662572 kB
MemTotal:        1844596 kB
MemFree:          942860 kB
MemAvailable:    1534300 kB
Buffers:           33240 kB
Cached:           662572 kB
MemTotal:        1844596 kB
MemFree:          944100 kB
MemAvailable:    1535540 kB
Buffers:           33240 kB
Cached:           662572 kB
MemTotal:        1844596 kB
MemFree:          944072 kB
MemAvailable:    1535512 kB
Buffers:           33240 kB
Cached:           662572 kB
MemTotal:        1844596 kB
MemFree:          943172 kB
MemAvailable:    1534612 kB
Buffers:           33240 kB
Cached:           662572 kB
MemTotal:        1844596 kB
MemFree:          944288 kB
MemAvailable:    1535728 kB
Buffers:           33240 kB
Cached:           662572 kB
MemTotal:        1844596 kB
MemFree:          943048 kB
MemAvailable:    1534488 kB
Buffers:           33240 kB
Cached:           662572 kB
MemTotal:        1844596 kB
MemFree:          944060 kB
MemAvailable:    1535500 kB
Buffers:           33240 kB
Cached:           662572 kB
MemTotal:        1844596 kB
MemFree:          942800 kB
MemAvailable:    1534240 kB
Buffers:           33240 kB
Cached:           662572 kB
MemTotal:        1844596 kB
MemFree:          943776 kB
MemAvailable:    1535216 kB
Buffers:           33240 kB
Cached:           662572 kB
MemTotal:        1844596 kB
MemFree:          943944 kB
MemAvailable:    1535384 kB
Buffers:           33240 kB
Cached:           662572 kB
MemTotal:        1844596 kB
MemFree:          943860 kB
MemAvailable:    1535300 kB
Buffers:           33240 kB
Cached:           662572 kB
MemTotal:        1844596 kB
MemFree:          942356 kB
MemAvailable:    1533796 kB
Buffers:           33240 kB
Cached:           662572 kB
MemTotal:        1844596 kB
MemFree:          943588 kB
MemAvailable:    1535028 kB
Buffers:           33240 kB
Cached:           662572 kB
MemTotal:        1844596 kB
MemFree:          942552 kB
MemAvailable:    1533992 kB
Buffers:           33240 kB
Cached:           662572 kB
MemTotal:        1844596 kB
MemFree:          942116 kB
MemAvailable:    1533556 kB
Buffers:           33240 kB
Cached:           662572 kB
MemTotal:        1844596 kB
MemFree:          942976 kB
MemAvailable:    1534416 kB
Buffers:           33240 kB
Cached:           662572 kB
MemTotal:        1844596 kB
MemFree:          943228 kB
MemAvailable:    1534668 kB
Buffers:           33240 kB
Cached:           662572 kB
MemTotal:        1844596 kB
MemFree:          941668 kB
MemAvailable:    1533108 kB
Buffers:           33240 kB
Cached:           662572 kB
MemTotal:        1844596 kB
MemFree:          941884 kB
MemAvailable:    1533324 kB
Buffers:           33240 kB
Cached:           662572 kB
MemTotal:        1844596 kB
MemFree:          943036 kB
MemAvailable:    1534476 kB
Buffers:           33240 kB
Cached:           662572 kB
MemTotal:        1844596 kB
MemFree:          943172 kB
MemAvailable:    1534612 kB
Buffers:           33240 kB
Cached:           662572 kB
MemTotal:        1844596 kB
MemFree:          942552 kB
MemAvailable:    1533992 kB
Buffers:           33240 kB
Cached:           662572 kB
MemTotal:        1844596 kB
MemFree:          942876 kB
MemAvailable:    1534320 kB
Buffers:           33240 kB
Cached:           662576 kB
MemTotal:        1844596 kB
MemFree:          943132 kB
MemAvailable:    1534576 kB
Buffers:           33240 kB
Cached:           662576 kB
MemTotal:        1844596 kB
MemFree:          943044 kB
MemAvailable:    1534488 kB
Buffers:           33240 kB
Cached:           662576 kB
MemTotal:        1844596 kB
MemFree:          941804 kB
MemAvailable:    1533248 kB
Buffers:           33240 kB
Cached:           662576 kB
MemTotal:        1844596 kB
MemFree:          941620 kB
MemAvailable:    1533064 kB
Buffers:           33240 kB
Cached:           662576 kB
MemTotal:        1844596 kB
MemFree:          938568 kB
MemAvailable:    1530012 kB
Buffers:           33240 kB
Cached:           662576 kB
MemTotal:        1844596 kB
MemFree:          938460 kB
MemAvailable:    1529904 kB
Buffers:           33240 kB
Cached:           662576 kB
MemTotal:        1844596 kB
MemFree:          935784 kB
MemAvailable:    1527228 kB
Buffers:           33240 kB
Cached:           662576 kB
MemTotal:        1844596 kB
MemFree:          935660 kB
MemAvailable:    1527104 kB
Buffers:           33240 kB
Cached:           662576 kB
MemTotal:        1844596 kB
MemFree:          935220 kB
MemAvailable:    1526664 kB
Buffers:           33240 kB
Cached:           662576 kB
MemTotal:        1844596 kB
MemFree:          934988 kB
MemAvailable:    1526432 kB
Buffers:           33240 kB
Cached:           662576 kB
MemTotal:        1844596 kB
MemFree:          935116 kB
MemAvailable:    1526560 kB
Buffers:           33240 kB
Cached:           662576 kB
MemTotal:        1844596 kB
MemFree:          933932 kB
MemAvailable:    1525376 kB
Buffers:           33240 kB
Cached:           662576 kB
MemTotal:        1844596 kB
MemFree:          933808 kB
MemAvailable:    1525252 kB
Buffers:           33240 kB
Cached:           662576 kB
MemTotal:        1844596 kB
MemFree:          933808 kB
MemAvailable:    1525252 kB
Buffers:           33240 kB
Cached:           662576 kB
MemTotal:        1844596 kB
MemFree:          935208 kB
MemAvailable:    1526652 kB
Buffers:           33240 kB
Cached:           662576 kB
MemTotal:        1844596 kB
MemFree:          933796 kB
MemAvailable:    1525240 kB
Buffers:           33240 kB
Cached:           662576 kB
MemTotal:        1844596 kB
MemFree:          933664 kB
MemAvailable:    1525108 kB
Buffers:           33240 kB
Cached:           662576 kB
MemTotal:        1844596 kB
MemFree:          934972 kB
MemAvailable:    1526416 kB
Buffers:           33240 kB
Cached:           662576 kB
MemTotal:        1844596 kB
MemFree:          935096 kB
MemAvailable:    1526540 kB
Buffers:           33240 kB
Cached:           662576 kB
MemTotal:        1844596 kB
MemFree:          933796 kB
MemAvailable:    1525240 kB
Buffers:           33240 kB
Cached:           662576 kB
MemTotal:        1844596 kB
MemFree:          935096 kB
MemAvailable:    1526540 kB
Buffers:           33240 kB
Cached:           662576 kB
MemTotal:        1844596 kB
MemFree:          933872 kB
MemAvailable:    1525316 kB
Buffers:           33240 kB
Cached:           662576 kB
MemTotal:        1844596 kB
MemFree:          934676 kB
MemAvailable:    1526120 kB
Buffers:           33240 kB
Cached:           662576 kB
MemTotal:        1844596 kB
MemFree:          934608 kB
MemAvailable:    1526052 kB
Buffers:           33240 kB
Cached:           662576 kB
MemTotal:        1844596 kB
MemFree:          933004 kB
MemAvailable:    1524448 kB
Buffers:           33240 kB
Cached:           662576 kB
MemTotal:        1844596 kB
MemFree:          932632 kB
MemAvailable:    1524076 kB
Buffers:           33240 kB
Cached:           662576 kB
MemTotal:        1844596 kB
MemFree:          933808 kB
MemAvailable:    1525252 kB
Buffers:           33240 kB
Cached:           662576 kB
MemTotal:        1844596 kB
MemFree:          933236 kB
MemAvailable:    1524680 kB
Buffers:           33240 kB
Cached:           662576 kB
MemTotal:        1844596 kB
MemFree:          933572 kB
MemAvailable:    1525016 kB
Buffers:           33240 kB
Cached:           662576 kB
MemTotal:        1844596 kB
MemFree:          932688 kB
MemAvailable:    1524132 kB
Buffers:           33240 kB
Cached:           662576 kB
MemTotal:        1844596 kB
MemFree:          931136 kB
MemAvailable:    1522580 kB
Buffers:           33240 kB
Cached:           662576 kB
MemTotal:        1844596 kB
MemFree:          931764 kB
MemAvailable:    1523208 kB
Buffers:           33240 kB
Cached:           662576 kB
MemTotal:        1844596 kB
MemFree:          931452 kB
MemAvailable:    1522896 kB
Buffers:           33240 kB
Cached:           662576 kB
MemTotal:        1844596 kB
MemFree:          931268 kB
MemAvailable:    1522712 kB
Buffers:           33240 kB
Cached:           662576 kB
MemTotal:        1844596 kB
MemFree:          931364 kB
MemAvailable:    1522808 kB
Buffers:           33240 kB
Cached:           662576 kB
MemTotal:        1844596 kB
MemFree:          931700 kB
MemAvailable:    1523144 kB
Buffers:           33240 kB
Cached:           662576 kB
MemTotal:        1844596 kB
MemFree:          931232 kB
MemAvailable:    1522676 kB
Buffers:           33240 kB
Cached:           662576 kB
MemTotal:        1844596 kB
MemFree:          931316 kB
MemAvailable:    1522760 kB
Buffers:           33240 kB
Cached:           662576 kB
MemTotal:        1844596 kB
MemFree:          931256 kB
MemAvailable:    1522700 kB
Buffers:           33240 kB
Cached:           662576 kB
MemTotal:        1844596 kB
MemFree:          931208 kB
MemAvailable:    1522652 kB
Buffers:           33240 kB
Cached:           662576 kB
MemTotal:        1844596 kB
MemFree:          930516 kB
MemAvailable:    1521960 kB
Buffers:           33240 kB
Cached:           662576 kB
MemTotal:        1844596 kB
MemFree:          931508 kB
MemAvailable:    1522956 kB
Buffers:           33240 kB
Cached:           662580 kB
MemTotal:        1844596 kB
MemFree:          931276 kB
MemAvailable:    1522724 kB
Buffers:           33240 kB
Cached:           662580 kB
MemTotal:        1844596 kB
MemFree:          929896 kB
MemAvailable:    1521348 kB
Buffers:           33240 kB
Cached:           662584 kB
MemTotal:        1844596 kB
MemFree:          930196 kB
MemAvailable:    1521648 kB
Buffers:           33240 kB
Cached:           662584 kB
MemTotal:        1844596 kB
MemFree:          931084 kB
MemAvailable:    1522536 kB
Buffers:           33240 kB
Cached:           662584 kB
MemTotal:        1844596 kB
MemFree:          929392 kB
MemAvailable:    1520844 kB
Buffers:           33240 kB
Cached:           662584 kB
MemTotal:        1844596 kB
MemFree:          926416 kB
MemAvailable:    1517868 kB
Buffers:           33240 kB
Cached:           662584 kB
MemTotal:        1844596 kB
MemFree:          926416 kB
MemAvailable:    1517868 kB
Buffers:           33240 kB
Cached:           662584 kB
MemTotal:        1844596 kB
MemFree:          925936 kB
MemAvailable:    1517388 kB
Buffers:           33240 kB
Cached:           662584 kB
MemTotal:        1844596 kB
MemFree:          925864 kB
MemAvailable:    1517316 kB
Buffers:           33240 kB
Cached:           662584 kB
MemTotal:        1844596 kB
MemFree:          925408 kB
MemAvailable:    1516860 kB
Buffers:           33240 kB
Cached:           662584 kB
MemTotal:        1844596 kB
MemFree:          925492 kB
MemAvailable:    1516944 kB
Buffers:           33240 kB
Cached:           662584 kB
MemTotal:        1844596 kB
MemFree:          925244 kB
MemAvailable:    1516696 kB
Buffers:           33240 kB
Cached:           662584 kB
MemTotal:        1844596 kB
MemFree:          925580 kB
MemAvailable:    1517032 kB
Buffers:           33240 kB
Cached:           662584 kB
MemTotal:        1844596 kB
MemFree:          924136 kB
MemAvailable:    1515588 kB
Buffers:           33240 kB
Cached:           662584 kB
MemTotal:        1844596 kB
MemFree:          925112 kB
MemAvailable:    1516564 kB
Buffers:           33240 kB
Cached:           662584 kB
MemTotal:        1844596 kB
MemFree:          925112 kB
MemAvailable:    1516564 kB
Buffers:           33240 kB
Cached:           662584 kB
MemTotal:        1844596 kB
MemFree:          924872 kB
MemAvailable:    1516324 kB
Buffers:           33240 kB
Cached:           662584 kB
MemTotal:        1844596 kB
MemFree:          925208 kB
MemAvailable:    1516660 kB
Buffers:           33240 kB
Cached:           662584 kB
MemTotal:        1844596 kB
MemFree:          923756 kB
MemAvailable:    1515208 kB
Buffers:           33240 kB
Cached:           662584 kB
MemTotal:        1844596 kB
MemFree:          924068 kB
MemAvailable:    1515520 kB
Buffers:           33240 kB
Cached:           662584 kB
MemTotal:        1844596 kB
MemFree:          924068 kB
MemAvailable:    1515520 kB
Buffers:           33240 kB
Cached:           662584 kB
MemTotal:        1844596 kB
MemFree:          922216 kB
MemAvailable:    1513668 kB
Buffers:           33240 kB
Cached:           662584 kB
MemTotal:        1844596 kB
MemFree:          920968 kB
MemAvailable:    1512420 kB
Buffers:           33240 kB
Cached:           662584 kB
MemTotal:        1844596 kB
MemFree:          921816 kB
MemAvailable:    1513268 kB
Buffers:           33240 kB
Cached:           662584 kB
MemTotal:        1844596 kB
MemFree:          921172 kB
MemAvailable:    1512624 kB
Buffers:           33240 kB
Cached:           662584 kB
MemTotal:        1844596 kB
MemFree:          921832 kB
MemAvailable:    1513284 kB
Buffers:           33240 kB
Cached:           662584 kB
MemTotal:        1844596 kB
MemFree:          921760 kB
MemAvailable:    1513212 kB
Buffers:           33240 kB
Cached:           662584 kB
MemTotal:        1844596 kB
MemFree:          922012 kB
MemAvailable:    1513464 kB
Buffers:           33240 kB
Cached:           662584 kB
MemTotal:        1844596 kB
MemFree:          923664 kB
MemAvailable:    1515116 kB
Buffers:           33240 kB
Cached:           662584 kB
MemTotal:        1844596 kB
MemFree:          924000 kB
MemAvailable:    1515452 kB
Buffers:           33240 kB
Cached:           662584 kB
MemTotal:        1844596 kB
MemFree:          923756 kB
MemAvailable:    1515292 kB
Buffers:           33240 kB
Cached:           662708 kB
MemTotal:        1844596 kB
MemFree:          923792 kB
MemAvailable:    1515412 kB
Buffers:           33240 kB
Cached:           662708 kB
MemTotal:        1844596 kB
MemFree:          922836 kB
MemAvailable:    1514456 kB
Buffers:           33252 kB
Cached:           662820 kB
MemTotal:        1844596 kB
MemFree:          923384 kB
MemAvailable:    1515172 kB
Buffers:           33252 kB
Cached:           662944 kB
MemTotal:        1844596 kB
MemFree:          923584 kB
MemAvailable:    1515288 kB
Buffers:           33252 kB
Cached:           662944 kB
MemTotal:        1844596 kB
MemFree:          922028 kB
MemAvailable:    1513984 kB
Buffers:           33252 kB
Cached:           663192 kB
MemTotal:        1844596 kB
MemFree:          923240 kB
MemAvailable:    1515196 kB
Buffers:           33252 kB
Cached:           663192 kB
MemTotal:        1844596 kB
MemFree:          921932 kB
MemAvailable:    1513888 kB
Buffers:           33252 kB
Cached:           663192 kB
MemTotal:        1844596 kB
MemFree:          923256 kB
MemAvailable:    1515296 kB
Buffers:           33252 kB
Cached:           663192 kB
MemTotal:        1844596 kB
MemFree:          923228 kB
MemAvailable:    1515268 kB
Buffers:           33252 kB
Cached:           663192 kB
MemTotal:        1844596 kB
MemFree:          921796 kB
MemAvailable:    1513836 kB
Buffers:           33252 kB
Cached:           663192 kB
MemTotal:        1844596 kB
MemFree:          922168 kB
MemAvailable:    1514208 kB
Buffers:           33252 kB
Cached:           663192 kB
MemTotal:        1844596 kB
MemFree:          921920 kB
MemAvailable:    1513960 kB
Buffers:           33252 kB
Cached:           663192 kB
MemTotal:        1844596 kB
MemFree:          922044 kB
MemAvailable:    1514084 kB
Buffers:           33252 kB
Cached:           663192 kB
MemTotal:        1844596 kB
MemFree:          923812 kB
MemAvailable:    1515264 kB
Buffers:           33252 kB
Cached:           662644 kB
MemTotal:        1844596 kB
MemFree:          992132 kB
MemAvailable:    1583584 kB
Buffers:           33252 kB
Cached:           662644 kB
