MemTotal:        1844596 kB
MemFree:          741972 kB
MemAvailable:    1532604 kB
Buffers:           57448 kB
Cached:           836332 kB
MemTotal:        1844596 kB
MemFree:          739112 kB
MemAvailable:    1529744 kB
Buffers:           57448 kB
Cached:           836332 kB
MemTotal:        1844596 kB
MemFree:          737508 kB
MemAvailable:    1528140 kB
Buffers:           57448 kB
Cached:           836332 kB
MemTotal:        1844596 kB
MemFree:          735764 kB
MemAvailable:    1526396 kB
Buffers:           57448 kB
Cached:           836332 kB
MemTotal:        1844596 kB
MemFree:          736748 kB
MemAvailable:    1527380 kB
Buffers:           57448 kB
Cached:           836332 kB
MemTotal:        1844596 kB
MemFree:          736832 kB
MemAvailable:    1527464 kB
Buffers:           57448 kB
Cached:           836332 kB
MemTotal:        1844596 kB
MemFree:          733160 kB
MemAvailable:    1523792 kB
Buffers:           57448 kB
Cached:           836332 kB
MemTotal:        1844596 kB
MemFree:          731864 kB
MemAvailable:    1522496 kB
Buffers:           57448 kB
Cached:           836332 kB
MemTotal:        1844596 kB
MemFree:          729572 kB
MemAvailable:    1520204 kB
Buffers:           57448 kB
Cached:           836332 kB
MemTotal:        1844596 kB
MemFree:          725844 kB
MemAvailable:    1516476 kB
Buffers:           57448 kB
Cached:           836332 kB
MemTotal:        1844596 kB
MemFree:          726100 kB
MemAvailable:    1516732 kB
Buffers:           57448 kB
Cached:           836332 kB
MemTotal:        1844596 kB
MemFree:          726748 kB
MemAvailable:    1517380 kB
Buffers:           57448 kB
Cached:           836332 kB
MemTotal:        1844596 kB
MemFree:          726748 kB
MemAvailable:    1517380 kB
Buffers:           57448 kB
Cached:           836332 kB
MemTotal:        1844596 kB
MemFree:          726956 kB
MemAvailable:    1517588 kB
Buffers:           57448 kB
Cached:           836332 kB
MemTotal:        1844596 kB
MemFree:          726824 kB
MemAvailable:    1517456 kB
Buffers:           57448 kB
Cached:           836332 kB
MemTotal:        1844596 kB
MemFree:          726428 kB
MemAvailable:    1517060 kB
Buffers:           57448 kB
Cached:           836332 kB
MemTotal:        1844596 kB
MemFree:          726596 kB
MemAvailable:    1517228 kB
Buffers:           57448 kB
Cached:           836332 kB
MemTotal:        1844596 kB
MemFree:          725480 kB
MemAvailable:    1516112 kB
Buffers:           57448 kB
Cached:           836332 kB
MemTotal:        1844596 kB
MemFree:          723612 kB
MemAvailable:    1514244 kB
Buffers:           57448 kB
Cached:           836332 kB
MemTotal:        1844596 kB
MemFree:          724728 kB
MemAvailable:    1515360 kB
Buffers:           57448 kB
Cached:           836332 kB
MemTotal:        1844596 kB
MemFree:          723240 kB
MemAvailable:    1513872 kB
Buffers:           57448 kB
Cached:           836332 kB
MemTotal:        1844596 kB
MemFree:          724540 kB
MemAvailable:    1515172 kB
Buffers:           57448 kB
Cached:           836332 kB
MemTotal:        1844596 kB
MemFree:          724468 kB
MemAvailable:    1515100 kB
Buffers:           57448 kB
Cached:           836332 kB
MemTotal:        1844596 kB
MemFree:          724372 kB
MemAvailable:    1515004 kB
Buffers:           57448 kB
Cached:           836332 kB
MemTotal:        1844596 kB
MemFree:          724368 kB
MemAvailable:    1515000 kB
Buffers:           57448 kB
Cached:           836332 kB
MemTotal:        1844596 kB
MemFree:          724412 kB
MemAvailable:    1515044 kB
Buffers:           57448 kB
Cached:           836332 kB
MemTotal:        1844596 kB
MemFree:          723312 kB
MemAvailable:    1513944 kB
Buffers:           57448 kB
Cached:           836332 kB
MemTotal:        1844596 kB
MemFree:          725708 kB
MemAvailable:    1516340 kB
Buffers:           57448 kB
Cached:           836332 kB
MemTotal:        1844596 kB
MemFree:          725224 kB
MemAvailable:    1515856 kB
Buffers:           57448 kB
Cached:           836332 kB
MemTotal:        1844596 kB
MemFree:          725224 kB
MemAvailable:    1515856 kB
Buffers:           57448 kB
Cached:           836332 kB
MemTotal:        1844596 kB
MemFree:          722008 kB
MemAvailable:    1512640 kB
Buffers:           57448 kB
Cached:           836332 kB
MemTotal:        1844596 kB
MemFree:          722444 kB
MemAvailable:    1513076 kB
Buffers:           57448 kB
Cached:           836332 kB
MemTotal:        1844596 kB
MemFree:          720644 kB
MemAvailable:    1511276 kB
Buffers:           57448 kB
Cached:           836332 kB
MemTotal:        1844596 kB
MemFree:          721316 kB
MemAvailable:    1511948 kB
Buffers:           57448 kB
Cached:           836332 kB
MemTotal:        1844596 kB
MemFree:          720876 kB
MemAvailable:    1511508 kB
Buffers:           57448 kB
Cached:           836332 kB
MemTotal:        1844596 kB
MemFree:          720520 kB
MemAvailable:    1511152 kB
Buffers:           57448 kB
Cached:           836332 kB
MemTotal:        1844596 kB
MemFree:          720764 kB
MemAvailable:    1511396 kB
Buffers:           57448 kB
Cached:           836332 kB
MemTotal:        1844596 kB
MemFree:          720388 kB
MemAvailable:    1511020 kB
Buffers:           57448 kB
Cached:           836332 kB
MemTotal:        1844596 kB
MemFree:          720032 kB
MemAvailable:    1510664 kB
Buffers:           57448 kB
Cached:           836332 kB
MemTotal:        1844596 kB
MemFree:          718984 kB
MemAvailable:    1509616 kB
Buffers:           57448 kB
Cached:           836332 kB
MemTotal:        1844596 kB
MemFree:          720092 kB
MemAvailable:    1510724 kB
Buffers:           57448 kB
Cached:           836332 kB
MemTotal:        1844596 kB
MemFree:          720344 kB
MemAvailable:    1510976 kB
Buffers:           57448 kB
Cached:           836332 kB
MemTotal:        1844596 kB
MemFree:          718768 kB
MemAvailable:    1509400 kB
Buffers:           57448 kB
Cached:           836332 kB
MemTotal:        1844596 kB
MemFree:          718784 kB
MemAvailable:    1509416 kB
Buffers:           57448 kB
Cached:           836332 kB
MemTotal:        1844596 kB
MemFree:          719756 kB
MemAvailable:    1510388 kB
Buffers:           57448 kB
Cached:           836332 kB
MemTotal:        1844596 kB
MemFree:          718412 kB
MemAvailable:    1509044 kB
Buffers:           57448 kB
Cached:           836332 kB
MemTotal:        1844596 kB
MemFree:          717736 kB
MemAvailable:    1508376 kB
Buffers:           57448 kB
Cached:           836340 kB
MemTotal:        1844596 kB
MemFree:          719316 kB
MemAvailable:    1509956 kB
Buffers:           57448 kB
Cached:           836340 kB
MemTotal:        1844596 kB
MemFree:          718784 kB
MemAvailable:    1509424 kB
Buffers:           57448 kB
Cached:           836340 kB
MemTotal:        1844596 kB
MemFree:          719100 kB
MemAvailable:    1509740 kB
Buffers:           57448 kB
Cached:           836340 kB
MemTotal:        1844596 kB
MemFree:          718268 kB
MemAvailable:    1508908 kB
Buffers:           57448 kB
Cached:           836340 kB
MemTotal:        1844596 kB
MemFree:          718020 kB
MemAvailable:    1508660 kB
Buffers:           57448 kB
Cached:           836340 kB
MemTotal:        1844596 kB
MemFree:          719212 kB
MemAvailable:    1509852 kB
Buffers:           57448 kB
Cached:           836340 kB
MemTotal:        1844596 kB
MemFree:          719040 kB
MemAvailable:    1509680 kB
Buffers:           57448 kB
Cached:           836340 kB
MemTotal:        1844596 kB
MemFree:          717860 kB
MemAvailable:    1508500 kB
Buffers:           57448 kB
Cached:           836340 kB
MemTotal:        1844596 kB
MemFree:          719264 kB
MemAvailable:    1509904 kB
Buffers:           57448 kB
Cached:           836340 kB
MemTotal:        1844596 kB
MemFree:          719516 kB
MemAvailable:    1510156 kB
Buffers:           57448 kB
Cached:           836340 kB
MemTotal:        1844596 kB
MemFree:          719200 kB
MemAvailable:    1509840 kB
Buffers:           57448 kB
Cached:           836340 kB
MemTotal:        1844596 kB
MemFree:          717792 kB
MemAvailable:    1508432 kB
Buffers:           57448 kB
Cached:           836340 kB
MemTotal:        1844596 kB
MemFree:          717660 kB
MemAvailable:    1508300 kB
Buffers:           57448 kB
Cached:           836340 kB
MemTotal:        1844596 kB
MemFree:          717420 kB
MemAvailable:    1508060 kB
Buffers:           57448 kB
Cached:           836340 kB
MemTotal:        1844596 kB
MemFree:          718396 kB
MemAvailable:    1509036 kB
Buffers:           57448 kB
Cached:           836340 kB
MemTotal:        1844596 kB
MemFree:          718480 kB
MemAvailable:    1509120 kB
Buffers:           57448 kB
Cached:           836340 kB
MemTotal:        1844596 kB
MemFree:          716984 kB
MemAvailable:    1507624 kB
Buffers:           57448 kB
Cached:           836340 kB
MemTotal:        1844596 kB
MemFree:          716984 kB
MemAvailable:    1507624 kB
Buffers:           57448 kB
Cached:           836340 kB
MemTotal:        1844596 kB
MemFree:          718356 kB
MemAvailable:    1508996 kB
Buffers:           57448 kB
Cached:           836340 kB
MemTotal:        1844596 kB
MemFree:          717420 kB
MemAvailable:    1508060 kB
Buffers:           57448 kB
Cached:           836340 kB
MemTotal:        1844596 kB
MemFree:          718536 kB
MemAvailable:    1509180 kB
Buffers:           57448 kB
Cached:           836344 kB
MemTotal:        1844596 kB
MemFree:          717040 kB
MemAvailable:    1507684 kB
Buffers:           57448 kB
Cached:           836344 kB
MemTotal:        1844596 kB
MemFree:          718232 kB
MemAvailable:    1508876 kB
Buffers:           57448 kB
Cached:           836344 kB
MemTotal:        1844596 kB
MemFree:          717900 kB
MemAvailable:    1508544 kB
Buffers:           57448 kB
Cached:           836344 kB
MemTotal:        1844596 kB
MemFree:          717984 kB
MemAvailable:    1508628 kB
Buffers:           57448 kB
Cached:           836344 kB
MemTotal:        1844596 kB
MemFree:          715684 kB
MemAvailable:    1506328 kB
Buffers:           57448 kB
Cached:           836344 kB
MemTotal:        1844596 kB
MemFree:          712088 kB
MemAvailable:    1502732 kB
Buffers:           57448 kB
Cached:           836344 kB
MemTotal:        1844596 kB
MemFree:          711056 kB
MemAvailable:    1501700 kB
Buffers:           57448 kB
Cached:           836344 kB
MemTotal:        1844596 kB
MemFree:          710708 kB
MemAvailable:    1501352 kB
Buffers:           57456 kB
Cached:           836336 kB
MemTotal:        1844596 kB
MemFree:          710112 kB
MemAvailable:    1500756 kB
Buffers:           57456 kB
Cached:           836336 kB
MemTotal:        1844596 kB
MemFree:          710468 kB
MemAvailable:    1501112 kB
Buffers:           57456 kB
Cached:           836336 kB
MemTotal:        1844596 kB
MemFree:          709228 kB
MemAvailable:    1499872 kB
Buffers:           57456 kB
Cached:           836336 kB
MemTotal:        1844596 kB
MemFree:          708924 kB
MemAvailable:    1499568 kB
Buffers:           57456 kB
Cached:           836336 kB
MemTotal:        1844596 kB
MemFree:          710296 kB
MemAvailable:    1500940 kB
Buffers:           57456 kB
Cached:           836336 kB
MemTotal:        1844596 kB
MemFree:          710320 kB
MemAvailable:    1500964 kB
Buffers:           57456 kB
Cached:           836336 kB
MemTotal:        1844596 kB
MemFree:          710404 kB
MemAvailable:    1501048 kB
Buffers:           57456 kB
Cached:           836336 kB
MemTotal:        1844596 kB
MemFree:          710340 kB
MemAvailable:    1500984 kB
Buffers:           57456 kB
Cached:           836336 kB
MemTotal:        1844596 kB
MemFree:          709092 kB
MemAvailable:    1499736 kB
Buffers:           57456 kB
Cached:           836336 kB
MemTotal:        1844596 kB
MemFree:          709092 kB
MemAvailable:    1499736 kB
Buffers:           57456 kB
Cached:           836336 kB
MemTotal:        1844596 kB
MemFree:          710332 kB
MemAvailable:    1500976 kB
Buffers:           57456 kB
Cached:           836336 kB
MemTotal:        1844596 kB
MemFree:          710188 kB
MemAvailable:    1500832 kB
Buffers:           57456 kB
Cached:           836336 kB
MemTotal:        1844596 kB
MemFree:          710440 kB
MemAvailable:    1501084 kB
Buffers:           57456 kB
Cached:           836336 kB
MemTotal:        1844596 kB
MemFree:          709076 kB
MemAvailable:    1499720 kB
Buffers:           57456 kB
Cached:           836336 kB
MemTotal:        1844596 kB
MemFree:          709792 kB
MemAvailable:    1500436 kB
Buffers:           57456 kB
Cached:           836336 kB
MemTotal:        1844596 kB
MemFree:          709660 kB
MemAvailable:    1500304 kB
Buffers:           57456 kB
Cached:           836336 kB
MemTotal:        1844596 kB
MemFree:          708856 kB
MemAvailable:    1499500 kB
Buffers:           57456 kB
Cached:           836336 kB
MemTotal:        1844596 kB
MemFree:          708608 kB
MemAvailable:    1499252 kB
Buffers:           57456 kB
Cached:           836336 kB
MemTotal:        1844596 kB
MemFree:          707432 kB
MemAvailable:    1498076 kB
Buffers:           57456 kB
Cached:           836336 kB
MemTotal:        1844596 kB
MemFree:          708484 kB
MemAvailable:    1499128 kB
Buffers:           57456 kB
Cached:           836336 kB
MemTotal:        1844596 kB
MemFree:          707484 kB
MemAvailable:    1498128 kB
Buffers:           57456 kB
Cached:           836336 kB
MemTotal:        1844596 kB
MemFree:          707376 kB
MemAvailable:    1498020 kB
Buffers:           57456 kB
Cached:           836336 kB
MemTotal:        1844596 kB
MemFree:          706080 kB
MemAvailable:    1496724 kB
Buffers:           57456 kB
Cached:           836336 kB
MemTotal:        1844596 kB
MemFree:          705888 kB
MemAvailable:    1496532 kB
Buffers:           57456 kB
Cached:           836336 kB
MemTotal:        1844596 kB
MemFree:          705632 kB
MemAvailable:    1496276 kB
Buffers:           57456 kB
Cached:           836336 kB
MemTotal:        1844596 kB
MemFree:          706740 kB
MemAvailable:    1497384 kB
Buffers:           57456 kB
Cached:           836336 kB
MemTotal:        1844596 kB
MemFree:          706740 kB
MemAvailable:    1497384 kB
Buffers:           57456 kB
Cached:           836336 kB
MemTotal:        1844596 kB
MemFree:          705364 kB
MemAvailable:    1496008 kB
Buffers:           57456 kB
Cached:           836336 kB
MemTotal:        1844596 kB
MemFree:          705772 kB
MemAvailable:    1496416 kB
Buffers:           57456 kB
Cached:           836336 kB
MemTotal:        1844596 kB
MemFree:          706460 kB
MemAvailable:    1497104 kB
Buffers:           57456 kB
Cached:           836336 kB
MemTotal:        1844596 kB
MemFree:          706232 kB
MemAvailable:    1496876 kB
Buffers:           57456 kB
Cached:           836336 kB
MemTotal:        1844596 kB
MemFree:          706568 kB
MemAvailable:    1497212 kB
Buffers:           57456 kB
Cached:           836336 kB
MemTotal:        1844596 kB
MemFree:          706384 kB
MemAvailable:    1497028 kB
Buffers:           57456 kB
Cached:           836336 kB
MemTotal:        1844596 kB
MemFree:          706568 kB
MemAvailable:    1497212 kB
Buffers:           57456 kB
Cached:           836336 kB
MemTotal:        1844596 kB
MemFree:          705772 kB
MemAvailable:    1496416 kB
Buffers:           57456 kB
Cached:           836336 kB
MemTotal:        1844596 kB
MemFree:          705872 kB
MemAvailable:    1496528 kB
Buffers:           57456 kB
Cached:           836348 kB
MemTotal:        1844596 kB
MemFree:          705872 kB
MemAvailable:    1496528 kB
Buffers:           57456 kB
Cached:           836348 kB
MemTotal:        1844596 kB
MemFree:          703152 kB
MemAvailable:    1493808 kB
Buffers:           57456 kB
Cached:           836348 kB
MemTotal:        1844596 kB
MemFree:          702664 kB
MemAvailable:    1493320 kB
Buffers:           57456 kB
Cached:           836348 kB
MemTotal:        1844596 kB
MemFree:          700912 kB
MemAvailable:    1491568 kB
Buffers:           57456 kB
Cached:           836348 kB
MemTotal:        1844596 kB
MemFree:          700996 kB
MemAvailable:    1491652 kB
Buffers:           57456 kB
Cached:           836348 kB
MemTotal:        1844596 kB
MemFree:          700484 kB
MemAvailable:    1491140 kB
Buffers:           57456 kB
Cached:           836348 kB
MemTotal:        1844596 kB
MemFree:          700820 kB
MemAvailable:    1491476 kB
Buffers:           57456 kB
Cached:           836348 kB
MemTotal:        1844596 kB
MemFree:          699244 kB
MemAvailable:    1489900 kB
Buffers:           57456 kB
Cached:           836348 kB
MemTotal:        1844596 kB
MemFree:          700484 kB
MemAvailable:    1491140 kB
Buffers:           57456 kB
Cached:           836348 kB
MemTotal:        1844596 kB
MemFree:          700820 kB
MemAvailable:    1491476 kB
Buffers:           57456 kB
Cached:           836348 kB
MemTotal:        1844596 kB
MemFree:          700352 kB
MemAvailable:    1491008 kB
Buffers:           57456 kB
Cached:           836348 kB
MemTotal:        1844596 kB
MemFree:          700520 kB
MemAvailable:    1491176 kB
Buffers:           57456 kB
Cached:           836348 kB
MemTotal:        1844596 kB
MemFree:          699424 kB
MemAvailable:    1490080 kB
Buffers:           57456 kB
Cached:           836348 kB
MemTotal:        1844596 kB
MemFree:          699760 kB
MemAvailable:    1490416 kB
Buffers:           57456 kB
Cached:           836348 kB
MemTotal:        1844596 kB
MemFree:          696332 kB
MemAvailable:    1486988 kB
Buffers:           57456 kB
Cached:           836348 kB
MemTotal:        1844596 kB
MemFree:          697316 kB
MemAvailable:    1487972 kB
Buffers:           57456 kB
Cached:           836348 kB
MemTotal:        1844596 kB
MemFree:          697208 kB
MemAvailable:    1487740 kB
Buffers:           57456 kB
Cached:           836348 kB
MemTotal:        1844596 kB
MemFree:          696156 kB
MemAvailable:    1486812 kB
Buffers:           57456 kB
Cached:           836348 kB
MemTotal:        1844596 kB
MemFree:          697332 kB
MemAvailable:    1487988 kB
Buffers:           57456 kB
Cached:           836348 kB
MemTotal:        1844596 kB
MemFree:          697260 kB
MemAvailable:    1487916 kB
Buffers:           57456 kB
Cached:           836348 kB
MemTotal:        1844596 kB
MemFree:          697512 kB
MemAvailable:    1488168 kB
Buffers:           57456 kB
Cached:           836348 kB
MemTotal:        1844596 kB
MemFree:          699140 kB
MemAvailable:    1489880 kB
Buffers:           57456 kB
Cached:           836472 kB
MemTotal:        1844596 kB
MemFree:          699332 kB
MemAvailable:    1490072 kB
Buffers:           57456 kB
Cached:           836472 kB
MemTotal:        1844596 kB
MemFree:          697904 kB
MemAvailable:    1488728 kB
Buffers:           57456 kB
Cached:           836596 kB
MemTotal:        1844596 kB
MemFree:          698200 kB
MemAvailable:    1489192 kB
Buffers:           57456 kB
Cached:           836720 kB
MemTotal:        1844596 kB
MemFree:          698772 kB
MemAvailable:    1489848 kB
Buffers:           57456 kB
Cached:           836844 kB
MemTotal:        1844596 kB
MemFree:          699108 kB
MemAvailable:    1490268 kB
Buffers:           57456 kB
Cached:           836844 kB
MemTotal:        1844596 kB
MemFree:          698640 kB
MemAvailable:    1489892 kB
Buffers:           57456 kB
Cached:           836936 kB
MemTotal:        1844596 kB
MemFree:          698892 kB
MemAvailable:    1490144 kB
Buffers:           57456 kB
Cached:           836936 kB
MemTotal:        1844596 kB
MemFree:          697704 kB
MemAvailable:    1488992 kB
Buffers:           57456 kB
Cached:           836976 kB
MemTotal:        1844596 kB
MemFree:          698696 kB
MemAvailable:    1489984 kB
Buffers:           57456 kB
Cached:           836976 kB
MemTotal:        1844596 kB
MemFree:          697704 kB
MemAvailable:    1488992 kB
Buffers:           57456 kB
Cached:           836976 kB
MemTotal:        1844596 kB
MemFree:          698476 kB
MemAvailable:    1489764 kB
Buffers:           57456 kB
Cached:           836976 kB
MemTotal:        1844596 kB
MemFree:          698820 kB
MemAvailable:    1490108 kB
Buffers:           57456 kB
Cached:           836976 kB
MemTotal:        1844596 kB
MemFree:          697400 kB
MemAvailable:    1488688 kB
Buffers:           57456 kB
Cached:           836976 kB
MemTotal:        1844596 kB
MemFree:          697400 kB
MemAvailable:    1488772 kB
Buffers:           57456 kB
Cached:           837100 kB
MemTotal:        1844596 kB
MemFree:          699060 kB
MemAvailable:    1489760 kB
Buffers:           57456 kB
Cached:           836428 kB
MemTotal:        1844596 kB
MemFree:          767848 kB
MemAvailable:    1558548 kB
Buffers:           57456 kB
Cached:           836428 kB
