MemTotal:        1844596 kB
MemFree:         1002712 kB
MemAvailable:    1565272 kB
Buffers:           28660 kB
Cached:           634012 kB
MemTotal:        1844596 kB
MemFree:          996860 kB
MemAvailable:    1559420 kB
Buffers:           28660 kB
Cached:           634012 kB
MemTotal:        1844596 kB
MemFree:          996696 kB
MemAvailable:    1559256 kB
Buffers:           28660 kB
Cached:           634012 kB
MemTotal:        1844596 kB
MemFree:          994892 kB
MemAvailable:    1557452 kB
Buffers:           28660 kB
Cached:           634012 kB
MemTotal:        1844596 kB
MemFree:          996256 kB
MemAvailable:    1558816 kB
Buffers:           28660 kB
Cached:           634012 kB
MemTotal:        1844596 kB
MemFree:          994960 kB
MemAvailable:    1557520 kB
Buffers:           28660 kB
Cached:           634012 kB
MemTotal:        1844596 kB
MemFree:          994828 kB
MemAvailable:    1557388 kB
Buffers:           28660 kB
Cached:           634012 kB
MemTotal:        1844596 kB
MemFree:          994280 kB
MemAvailable:    1556840 kB
Buffers:           28660 kB
Cached:           634012 kB
MemTotal:        1844596 kB
MemFree:          991224 kB
MemAvailable:    1553784 kB
Buffers:           28660 kB
Cached:           634012 kB
MemTotal:        1844596 kB
MemFree:          988188 kB
MemAvailable:    1550748 kB
Buffers:           28660 kB
Cached:           634012 kB
MemTotal:        1844596 kB
MemFree:          988272 kB
MemAvailable:    1550832 kB
Buffers:           28660 kB
Cached:           634012 kB
MemTotal:        1844596 kB
MemFree:          983616 kB
MemAvailable:    1546176 kB
Buffers:           28660 kB
Cached:           634012 kB
MemTotal:        1844596 kB
MemFree:          984836 kB
MemAvailable:    1547396 kB
Buffers:           28660 kB
Cached:           634012 kB
MemTotal:        1844596 kB
MemFree:          984112 kB
MemAvailable:    1546672 kB
Buffers:           28660 kB
Cached:           634012 kB
MemTotal:        1844596 kB
MemFree:          985228 kB
MemAvailable:    1547792 kB
Buffers:           28660 kB
Cached:           634016 kB
MemTotal:        1844596 kB
MemFree:          984832 kB
MemAvailable:    1547396 kB
Buffers:           28660 kB
Cached:           634016 kB
MemTotal:        1844596 kB
MemFree:          985168 kB
MemAvailable:    1547732 kB
Buffers:           28660 kB
Cached:           634016 kB
MemTotal:        1844596 kB
MemFree:          983848 kB
MemAvailable:    1546412 kB
Buffers:           28660 kB
Cached:           634016 kB
MemTotal:        1844596 kB
MemFree:          983492 kB
MemAvailable:    1546056 kB
Buffers:           28660 kB
Cached:           634016 kB
MemTotal:        1844596 kB
MemFree:          983120 kB
MemAvailable:    1545684 kB
Buffers:           28660 kB
Cached:           634016 kB
MemTotal:        1844596 kB
MemFree:          982500 kB
MemAvailable:    1545064 kB
Buffers:           28660 kB
Cached:           634016 kB
MemTotal:        1844596 kB
MemFree:          982708 kB
MemAvailable:    1545272 kB
Buffers:           28660 kB
Cached:           634016 kB
MemTotal:        1844596 kB
MemFree:          982616 kB
MemAvailable:    1545180 kB
Buffers:           28660 kB
Cached:           634016 kB
MemTotal:        1844596 kB
MemFree:          981368 kB
MemAvailable:    1543932 kB
Buffers:           28660 kB
Cached:           634016 kB
MemTotal:        1844596 kB
MemFree:          982360 kB
MemAvailable:    1544924 kB
Buffers:           28660 kB
Cached:           634016 kB
MemTotal:        1844596 kB
MemFree:          982360 kB
MemAvailable:    1544924 kB
Buffers:           28660 kB
Cached:           634016 kB
MemTotal:        1844596 kB
MemFree:          982056 kB
MemAvailable:    1544620 kB
Buffers:           28660 kB
Cached:           634016 kB
MemTotal:        1844596 kB
MemFree:          982392 kB
MemAvailable:    1544956 kB
Buffers:           28660 kB
Cached:           634016 kB
MemTotal:        1844596 kB
MemFree:          981116 kB
MemAvailable:    1543680 kB
Buffers:           28660 kB
Cached:           634016 kB
MemTotal:        1844596 kB
MemFree:          982316 kB
MemAvailable:    1544880 kB
Buffers:           28660 kB
Cached:           634016 kB
MemTotal:        1844596 kB
MemFree:          982484 kB
MemAvailable:    1545048 kB
Buffers:           28660 kB
Cached:           634016 kB
MemTotal:        1844596 kB
MemFree:          983520 kB
MemAvailable:    1546084 kB
Buffers:           28660 kB
Cached:           634016 kB
MemTotal:        1844596 kB
MemFree:          983772 kB
MemAvailable:    1546336 kB
Buffers:           28660 kB
Cached:           634016 kB
MemTotal:        1844596 kB
MemFree:          983296 kB
MemAvailable:    1545860 kB
Buffers:           28660 kB
Cached:           634016 kB
MemTotal:        1844596 kB
MemFree:          981816 kB
MemAvailable:    1544380 kB
Buffers:           28660 kB
Cached:           634016 kB
MemTotal:        1844596 kB
MemFree:          980324 kB
MemAvailable:    1542888 kB
Buffers:           28660 kB
Cached:           634016 kB
MemTotal:        1844596 kB
MemFree:          978764 kB
MemAvailable:    1541328 kB
Buffers:           28660 kB
Cached:           634016 kB
MemTotal:        1844596 kB
MemFree:          979996 kB
MemAvailable:    1542560 kB
Buffers:           28660 kB
Cached:           634016 kB
MemTotal:        1844596 kB
MemFree:          979144 kB
MemAvailable:    1541708 kB
Buffers:           28660 kB
Cached:           634016 kB
MemTotal:        1844596 kB
MemFree:          979036 kB
MemAvailable:    1541600 kB
Buffers:           28660 kB
Cached:           634016 kB
MemTotal:        1844596 kB
MemFree:          978516 kB
MemAvailable:    1541080 kB
Buffers:           28660 kB
Cached:           634016 kB
MemTotal:        1844596 kB
MemFree:          978852 kB
MemAvailable:    1541416 kB
Buffers:           28660 kB
Cached:           634016 kB
MemTotal:        1844596 kB
MemFree:          977276 kB
MemAvailable:    1539840 kB
Buffers:           28660 kB
Cached:           634016 kB
MemTotal:        1844596 kB
MemFree:          977292 kB
MemAvailable:    1539856 kB
Buffers:           28660 kB
Cached:           634016 kB
MemTotal:        1844596 kB
MemFree:          978344 kB
MemAvailable:    1540908 kB
Buffers:           28660 kB
Cached:           634016 kB
MemTotal:        1844596 kB
MemFree:          977168 kB
MemAvailable:    1539732 kB
Buffers:           28660 kB
Cached:           634016 kB
MemTotal:        1844596 kB
MemFree:          978408 kB
MemAvailable:    1540972 kB
Buffers:           28660 kB
Cached:           634016 kB
MemTotal:        1844596 kB
MemFree:          978400 kB
MemAvailable:    1540964 kB
Buffers:           28660 kB
Cached:           634016 kB
MemTotal:        1844596 kB
MemFree:          977772 kB
MemAvailable:    1540340 kB
Buffers:           28660 kB
Cached:           634020 kB
MemTotal:        1844596 kB
MemFree:          977856 kB
MemAvailable:    1540424 kB
Buffers:           28660 kB
Cached:           634020 kB
MemTotal:        1844596 kB
MemFree:          976360 kB
MemAvailable:    1538928 kB
Buffers:           28660 kB
Cached:           634020 kB
MemTotal:        1844596 kB
MemFree:          976548 kB
MemAvailable:    1539116 kB
Buffers:           28660 kB
Cached:           634020 kB
MemTotal:        1844596 kB
MemFree:          976888 kB
MemAvailable:    1539456 kB
Buffers:           28660 kB
Cached:           634020 kB
MemTotal:        1844596 kB
MemFree:          977156 kB
MemAvailable:    1539724 kB
Buffers:           28660 kB
Cached:           634020 kB
MemTotal:        1844596 kB
MemFree:          975772 kB
MemAvailable:    1538340 kB
Buffers:           28660 kB
Cached:           634020 kB
MemTotal:        1844596 kB
MemFree:          977196 kB
MemAvailable:    1539764 kB
Buffers:           28660 kB
Cached:           634020 kB
MemTotal:        1844596 kB
MemFree:          977260 kB
MemAvailable:    1539828 kB
Buffers:           28660 kB
Cached:           634020 kB
MemTotal:        1844596 kB
MemFree:          977160 kB
MemAvailable:    1539728 kB
Buffers:           28660 kB
Cached:           634020 kB
MemTotal:        1844596 kB
MemFree:          977016 kB
MemAvailable:    1539584 kB
Buffers:           28660 kB
Cached:           634020 kB
MemTotal:        1844596 kB
MemFree:          975868 kB
MemAvailable:    1538436 kB
Buffers:           28660 kB
Cached:           634020 kB
MemTotal:        1844596 kB
MemFree:          976016 kB
MemAvailable:    1538584 kB
Buffers:           28660 kB
Cached:           634020 kB
MemTotal:        1844596 kB
MemFree:          977244 kB
MemAvailable:    1539812 kB
Buffers:           28660 kB
Cached:           634020 kB
MemTotal:        1844596 kB
MemFree:          977028 kB
MemAvailable:    1539596 kB
Buffers:           28660 kB
Cached:           634020 kB
MemTotal:        1844596 kB
MemFree:          977064 kB
MemAvailable:    1539632 kB
Buffers:           28660 kB
Cached:           634020 kB
MemTotal:        1844596 kB
MemFree:          977044 kB
MemAvailable:    1539612 kB
Buffers:           28660 kB
Cached:           634020 kB
MemTotal:        1844596 kB
MemFree:          975804 kB
MemAvailable:    1538372 kB
Buffers:           28660 kB
Cached:           634020 kB
MemTotal:        1844596 kB
MemFree:          976980 kB
MemAvailable:    1539552 kB
Buffers:           28660 kB
Cached:           634024 kB
MemTotal:        1844596 kB
MemFree:          976656 kB
MemAvailable:    1539228 kB
Buffers:           28660 kB
Cached:           634024 kB
MemTotal:        1844596 kB
MemFree:          976656 kB
MemAvailable:    1539228 kB
Buffers:           28660 kB
Cached:           634024 kB
MemTotal:        1844596 kB
MemFree:          976540 kB
MemAvailable:    1539112 kB
Buffers:           28660 kB
Cached:           634024 kB
MemTotal:        1844596 kB
MemFree:          975044 kB
MemAvailable:    1537616 kB
Buffers:           28660 kB
Cached:           634024 kB
MemTotal:        1844596 kB
MemFree:          974912 kB
MemAvailable:    1537484 kB
Buffers:           28660 kB
Cached:           634024 kB
MemTotal:        1844596 kB
MemFree:          976108 kB
MemAvailable:    1538680 kB
Buffers:           28660 kB
Cached:           634024 kB
MemTotal:        1844596 kB
MemFree:          975308 kB
MemAvailable:    1537880 kB
Buffers:           28660 kB
Cached:           634024 kB
MemTotal:        1844596 kB
MemFree:          976348 kB
MemAvailable:    1538920 kB
Buffers:           28660 kB
Cached:           634024 kB
MemTotal:        1844596 kB
MemFree:          976108 kB
MemAvailable:    1538680 kB
Buffers:           28660 kB
Cached:           634024 kB
MemTotal:        1844596 kB
MemFree:          976168 kB
MemAvailable:    1538740 kB
Buffers:           28660 kB
Cached:           634024 kB
MemTotal:        1844596 kB
MemFree:          976036 kB
MemAvailable:    1538608 kB
Buffers:           28660 kB
Cached:           634024 kB
MemTotal:        1844596 kB
MemFree:          976036 kB
MemAvailable:    1538608 kB
Buffers:           28660 kB
Cached:           634024 kB
MemTotal:        1844596 kB
MemFree:          975988 kB
MemAvailable:    1538560 kB
Buffers:           28660 kB
Cached:           634024 kB
MemTotal:        1844596 kB
MemFree:          976244 kB
MemAvailable:    1538816 kB
Buffers:           28660 kB
Cached:           634024 kB
MemTotal:        1844596 kB
MemFree:          974864 kB
MemAvailable:    1537436 kB
Buffers:           28660 kB
Cached:           634024 kB
MemTotal:        1844596 kB
MemFree:          974440 kB
MemAvailable:    1537012 kB
Buffers:           28660 kB
Cached:           634024 kB
MemTotal:        1844596 kB
MemFree:          972580 kB
MemAvailable:    1535152 kB
Buffers:           28660 kB
Cached:           634024 kB
MemTotal:        1844596 kB
MemFree:          971400 kB
MemAvailable:    1533972 kB
Buffers:           28660 kB
Cached:           634024 kB
MemTotal:        1844596 kB
MemFree:          968844 kB
MemAvailable:    1531416 kB
Buffers:           28660 kB
Cached:           634024 kB
MemTotal:        1844596 kB
MemFree:          968844 kB
MemAvailable:    1531416 kB
Buffers:           28660 kB
Cached:           634024 kB
MemTotal:        1844596 kB
MemFree:          968524 kB
MemAvailable:    1531096 kB
Buffers:           28660 kB
Cached:           634024 kB
MemTotal:        1844596 kB
MemFree:          968400 kB
MemAvailable:    1530972 kB
Buffers:           28660 kB
Cached:           634024 kB
MemTotal:        1844596 kB
MemFree:          966968 kB
MemAvailable:    1529540 kB
Buffers:           28660 kB
Cached:           634024 kB
MemTotal:        1844596 kB
MemFree:          967092 kB
MemAvailable:    1529664 kB
Buffers:           28660 kB
Cached:           634024 kB
MemTotal:        1844596 kB
MemFree:          968192 kB
MemAvailable:    1530764 kB
Buffers:           28660 kB
Cached:           634024 kB
MemTotal:        1844596 kB
MemFree:          968444 kB
MemAvailable:    1531016 kB
Buffers:           28660 kB
Cached:           634024 kB
MemTotal:        1844596 kB
MemFree:          968212 kB
MemAvailable:    1530784 kB
Buffers:           28660 kB
Cached:           634024 kB
MemTotal:        1844596 kB
MemFree:          967124 kB
MemAvailable:    1529696 kB
Buffers:           28660 kB
Cached:           634024 kB
MemTotal:        1844596 kB
MemFree:          967240 kB
MemAvailable:    1529812 kB
Buffers:           28660 kB
Cached:           634024 kB
MemTotal:        1844596 kB
MemFree:          968356 kB
MemAvailable:    1530928 kB
Buffers:           28660 kB
Cached:           634024 kB
MemTotal:        1844596 kB
MemFree:          968300 kB
MemAvailable:    1530872 kB
Buffers:           28660 kB
Cached:           634024 kB
MemTotal:        1844596 kB
MemFree:          968252 kB
MemAvailable:    1530824 kB
Buffers:           28660 kB
Cached:           634024 kB
MemTotal:        1844596 kB
MemFree:          967124 kB
MemAvailable:    1529696 kB
Buffers:           28660 kB
Cached:           634024 kB
MemTotal:        1844596 kB
MemFree:          968280 kB
MemAvailable:    1530852 kB
Buffers:           28660 kB
Cached:           634024 kB
MemTotal:        1844596 kB
MemFree:          966856 kB
MemAvailable:    1529428 kB
Buffers:           28660 kB
Cached:           634024 kB
MemTotal:        1844596 kB
MemFree:          968220 kB
MemAvailable:    1530792 kB
Buffers:           28660 kB
Cached:           634024 kB
MemTotal:        1844596 kB
MemFree:          967496 kB
MemAvailable:    1530068 kB
Buffers:           28660 kB
Cached:           634024 kB
MemTotal:        1844596 kB
MemFree:          967688 kB
MemAvailable:    1530260 kB
Buffers:           28660 kB
Cached:           634024 kB
MemTotal:        1844596 kB
MemFree:          967492 kB
MemAvailable:    1530064 kB
Buffers:           28660 kB
Cached:           634024 kB
MemTotal:        1844596 kB
MemFree:          966504 kB
MemAvailable:    1529076 kB
Buffers:           28660 kB
Cached:           634024 kB
MemTotal:        1844596 kB
MemFree:          966812 kB
MemAvailable:    1529384 kB
Buffers:           28660 kB
Cached:           634024 kB
MemTotal:        1844596 kB
MemFree:          966076 kB
MemAvailable:    1528648 kB
Buffers:           28660 kB
Cached:           634024 kB
MemTotal:        1844596 kB
MemFree:          966484 kB
MemAvailable:    1529056 kB
Buffers:           28660 kB
Cached:           634024 kB
MemTotal:        1844596 kB
MemFree:          966016 kB
MemAvailable:    1528588 kB
Buffers:           28660 kB
Cached:           634024 kB
MemTotal:        1844596 kB
MemFree:          966392 kB
MemAvailable:    1528964 kB
Buffers:           28660 kB
Cached:           634024 kB
MemTotal:        1844596 kB
MemFree:          965636 kB
MemAvailable:    1528208 kB
Buffers:           28660 kB
Cached:           634024 kB
MemTotal:        1844596 kB
MemFree:          965240 kB
MemAvailable:    1527812 kB
Buffers:           28660 kB
Cached:           634024 kB
MemTotal:        1844596 kB
MemFree:          965576 kB
MemAvailable:    1528148 kB
Buffers:           28660 kB
Cached:           634024 kB
MemTotal:        1844596 kB
MemFree:          964628 kB
MemAvailable:    1527200 kB
Buffers:           28660 kB
Cached:           634024 kB
MemTotal:        1844596 kB
MemFree:          964628 kB
MemAvailable:    1527200 kB
Buffers:           28660 kB
Cached:           634024 kB
MemTotal:        1844596 kB
MemFree:          964756 kB
MemAvailable:    1527328 kB
Buffers:           28660 kB
Cached:           634024 kB
MemTotal:        1844596 kB
MemFree:          963900 kB
MemAvailable:    1526472 kB
Buffers:           28660 kB
Cached:           634024 kB
MemTotal:        1844596 kB
MemFree:          964524 kB
MemAvailable:    1527096 kB
Buffers:           28660 kB
Cached:           634024 kB
MemTotal:        1844596 kB
MemFree:          964368 kB
MemAvailable:    1526940 kB
Buffers:           28660 kB
Cached:           634024 kB
MemTotal:        1844596 kB
MemFree:          964368 kB
MemAvailable:    1526940 kB
Buffers:           28660 kB
Cached:           634024 kB
MemTotal:        1844596 kB
MemFree:          964348 kB
MemAvailable:    1526920 kB
Buffers:           28660 kB
Cached:           634024 kB
MemTotal:        1844596 kB
MemFree:          964320 kB
MemAvailable:    1526892 kB
Buffers:           28660 kB
Cached:           634024 kB
MemTotal:        1844596 kB
MemFree:          964252 kB
MemAvailable:    1526824 kB
Buffers:           28660 kB
Cached:           634024 kB
MemTotal:        1844596 kB
MemFree:          964508 kB
MemAvailable:    1527080 kB
Buffers:           28660 kB
Cached:           634024 kB
MemTotal:        1844596 kB
MemFree:          964336 kB
MemAvailable:    1526908 kB
Buffers:           28660 kB
Cached:           634024 kB
MemTotal:        1844596 kB
MemFree:          964024 kB
MemAvailable:    1526596 kB
Buffers:           28660 kB
Cached:           634024 kB
MemTotal:        1844596 kB
MemFree:          964336 kB
MemAvailable:    1526908 kB
Buffers:           28660 kB
Cached:           634024 kB
MemTotal:        1844596 kB
MemFree:          964032 kB
MemAvailable:    1526604 kB
Buffers:           28660 kB
Cached:           634024 kB
MemTotal:        1844596 kB
MemFree:          964024 kB
MemAvailable:    1526600 kB
Buffers:           28660 kB
Cached:           634028 kB
MemTotal:        1844596 kB
MemFree:          962784 kB
MemAvailable:    1525360 kB
Buffers:           28660 kB
Cached:           634028 kB
MemTotal:        1844596 kB
MemFree:          963652 kB
MemAvailable:    1526232 kB
Buffers:           28660 kB
Cached:           634032 kB
MemTotal:        1844596 kB
MemFree:          959056 kB
MemAvailable:    1521636 kB
Buffers:           28660 kB
Cached:           634032 kB
MemTotal:        1844596 kB
MemFree:          959056 kB
MemAvailable:    1521636 kB
Buffers:           28660 kB
Cached:           634032 kB
MemTotal:        1844596 kB
MemFree:          959056 kB
MemAvailable:    1521636 kB
Buffers:           28660 kB
Cached:           634032 kB
MemTotal:        1844596 kB
MemFree:          958636 kB
MemAvailable:    1521216 kB
Buffers:           28660 kB
Cached:           634032 kB
MemTotal:        1844596 kB
MemFree:          958892 kB
MemAvailable:    1521472 kB
Buffers:           28660 kB
Cached:           634032 kB
MemTotal:        1844596 kB
MemFree:          958504 kB
MemAvailable:    1521084 kB
Buffers:           28660 kB
Cached:           634032 kB
MemTotal:        1844596 kB
MemFree:          958140 kB
MemAvailable:    1520720 kB
Buffers:           28660 kB
Cached:           634032 kB
MemTotal:        1844596 kB
MemFree:          958236 kB
MemAvailable:    1520816 kB
Buffers:           28660 kB
Cached:           634032 kB
MemTotal:        1844596 kB
MemFree:          957800 kB
MemAvailable:    1520380 kB
Buffers:           28660 kB
Cached:           634032 kB
MemTotal:        1844596 kB
MemFree:          957292 kB
MemAvailable:    1519872 kB
Buffers:           28660 kB
Cached:           634032 kB
MemTotal:        1844596 kB
MemFree:          958468 kB
MemAvailable:    1521048 kB
Buffers:           28660 kB
Cached:           634032 kB
MemTotal:        1844596 kB
MemFree:          958460 kB
MemAvailable:    1521040 kB
Buffers:           28660 kB
Cached:           634032 kB
MemTotal:        1844596 kB
MemFree:          958656 kB
MemAvailable:    1521236 kB
Buffers:           28660 kB
Cached:           634032 kB
MemTotal:        1844596 kB
MemFree:          956336 kB
MemAvailable:    1518916 kB
Buffers:           28660 kB
Cached:           634032 kB
MemTotal:        1844596 kB
MemFree:          956832 kB
MemAvailable:    1519416 kB
Buffers:           28660 kB
Cached:           634036 kB
MemTotal:        1844596 kB
MemFree:          954220 kB
MemAvailable:    1516804 kB
Buffers:           28660 kB
Cached:           634036 kB
MemTotal:        1844596 kB
MemFree:          955152 kB
MemAvailable:    1517736 kB
Buffers:           28660 kB
Cached:           634036 kB
MemTotal:        1844596 kB
MemFree:          954856 kB
MemAvailable:    1517440 kB
Buffers:           28660 kB
Cached:           634036 kB
MemTotal:        1844596 kB
MemFree:          955204 kB
MemAvailable:    1517788 kB
Buffers:           28660 kB
Cached:           634036 kB
MemTotal:        1844596 kB
MemFree:          955456 kB
MemAvailable:    1518040 kB
Buffers:           28660 kB
Cached:           634036 kB
MemTotal:        1844596 kB
MemFree:          955196 kB
MemAvailable:    1517780 kB
Buffers:           28660 kB
Cached:           634036 kB
MemTotal:        1844596 kB
MemFree:          955164 kB
MemAvailable:    1517748 kB
Buffers:           28660 kB
Cached:           634036 kB
MemTotal:        1844596 kB
MemFree:          954600 kB
MemAvailable:    1517184 kB
Buffers:           28660 kB
Cached:           634036 kB
MemTotal:        1844596 kB
MemFree:          956924 kB
MemAvailable:    1519508 kB
Buffers:           28660 kB
Cached:           634036 kB
MemTotal:        1844596 kB
MemFree:          957180 kB
MemAvailable:    1519764 kB
Buffers:           28660 kB
Cached:           634036 kB
MemTotal:        1844596 kB
MemFree:          956892 kB
MemAvailable:    1519560 kB
Buffers:           28660 kB
Cached:           634160 kB
MemTotal:        1844596 kB
MemFree:          956892 kB
MemAvailable:    1519560 kB
Buffers:           28660 kB
Cached:           634160 kB
MemTotal:        1844596 kB
MemFree:          956768 kB
MemAvailable:    1519604 kB
Buffers:           28660 kB
Cached:           634284 kB
MemTotal:        1844596 kB
MemFree:          957024 kB
MemAvailable:    1519860 kB
Buffers:           28660 kB
Cached:           634408 kB
MemTotal:        1844596 kB
MemFree:          956696 kB
MemAvailable:    1519700 kB
Buffers:           28660 kB
Cached:           634532 kB
MemTotal:        1844596 kB
MemFree:          955592 kB
MemAvailable:    1518556 kB
Buffers:           28660 kB
Cached:           634532 kB
MemTotal:        1844596 kB
MemFree:          956264 kB
MemAvailable:    1519436 kB
Buffers:           28660 kB
Cached:           634532 kB
MemTotal:        1844596 kB
MemFree:          956516 kB
MemAvailable:    1519688 kB
Buffers:           28660 kB
Cached:           634532 kB
MemTotal:        1844596 kB
MemFree:          956304 kB
MemAvailable:    1519476 kB
Buffers:           28660 kB
Cached:           634656 kB
MemTotal:        1844596 kB
MemFree:          956388 kB
MemAvailable:    1519560 kB
Buffers:           28660 kB
Cached:           634656 kB
MemTotal:        1844596 kB
MemFree:          956196 kB
MemAvailable:    1519368 kB
Buffers:           28660 kB
Cached:           634656 kB
MemTotal:        1844596 kB
MemFree:          956448 kB
MemAvailable:    1519620 kB
Buffers:           28660 kB
Cached:           634656 kB
MemTotal:        1844596 kB
MemFree:          956520 kB
MemAvailable:    1519692 kB
Buffers:           28660 kB
Cached:           634656 kB
MemTotal:        1844596 kB
MemFree:          955716 kB
MemAvailable:    1518888 kB
Buffers:           28660 kB
Cached:           634656 kB
MemTotal:        1844596 kB
MemFree:          956448 kB
MemAvailable:    1519620 kB
Buffers:           28660 kB
Cached:           634656 kB
MemTotal:        1844596 kB
MemFree:          957048 kB
MemAvailable:    1519632 kB
Buffers:           28660 kB
Cached:           634108 kB
MemTotal:        1844596 kB
MemFree:          955672 kB
MemAvailable:    1518256 kB
Buffers:           28660 kB
Cached:           634108 kB
MemTotal:        1844596 kB
MemFree:         1025748 kB
MemAvailable:    1588332 kB
Buffers:           28660 kB
Cached:           634108 kB
