MemTotal:        1844596 kB
MemFree:          810792 kB
MemAvailable:    1540500 kB
Buffers:           51056 kB
Cached:           786772 kB
MemTotal:        1844596 kB
MemFree:          807800 kB
MemAvailable:    1537512 kB
Buffers:           51056 kB
Cached:           786776 kB
MemTotal:        1844596 kB
MemFree:          805768 kB
MemAvailable:    1535480 kB
Buffers:           51056 kB
Cached:           786776 kB
MemTotal:        1844596 kB
MemFree:          804824 kB
MemAvailable:    1534536 kB
Buffers:           51056 kB
Cached:           786776 kB
MemTotal:        1844596 kB
MemFree:          804908 kB
MemAvailable:    1534620 kB
Buffers:           51056 kB
Cached:           786776 kB
MemTotal:        1844596 kB
MemFree:          804520 kB
MemAvailable:    1534232 kB
Buffers:           51056 kB
Cached:           786776 kB
MemTotal:        1844596 kB
MemFree:          804520 kB
MemAvailable:    1534232 kB
Buffers:           51056 kB
Cached:           786776 kB
MemTotal:        1844596 kB
MemFree:          803344 kB
MemAvailable:    1533056 kB
Buffers:           51056 kB
Cached:           786776 kB
MemTotal:        1844596 kB
MemFree:          798640 kB
MemAvailable:    1528352 kB
Buffers:           51056 kB
Cached:           786776 kB
MemTotal:        1844596 kB
MemFree:          797752 kB
MemAvailable:    1527464 kB
Buffers:           51056 kB
Cached:           786776 kB
MemTotal:        1844596 kB
MemFree:          793300 kB
MemAvailable:    1523012 kB
Buffers:           51056 kB
Cached:           786776 kB
MemTotal:        1844596 kB
MemFree:          792944 kB
MemAvailable:    1522656 kB
Buffers:           51056 kB
Cached:           786776 kB
MemTotal:        1844596 kB
MemFree:          794328 kB
MemAvailable:    1524040 kB
Buffers:           51056 kB
Cached:           786776 kB
MemTotal:        1844596 kB
MemFree:          794664 kB
MemAvailable:    1524376 kB
Buffers:           51056 kB
Cached:           786776 kB
MemTotal:        1844596 kB
MemFree:          794416 kB
MemAvailable:    1524128 kB
Buffers:           51056 kB
Cached:           786776 kB
MemTotal:        1844596 kB
MemFree:          794752 kB
MemAvailable:    1524464 kB
Buffers:           51056 kB
Cached:           786776 kB
MemTotal:        1844596 kB
MemFree:          794416 kB
MemAvailable:    1524128 kB
Buffers:           51056 kB
Cached:           786776 kB
MemTotal:        1844596 kB
MemFree:          793864 kB
MemAvailable:    1523576 kB
Buffers:           51056 kB
Cached:           786776 kB
MemTotal:        1844596 kB
MemFree:          792548 kB
MemAvailable:    1522260 kB
Buffers:           51056 kB
Cached:           786776 kB
MemTotal:        1844596 kB
MemFree:          792572 kB
MemAvailable:    1522284 kB
Buffers:           51056 kB
Cached:           786776 kB
MemTotal:        1844596 kB
MemFree:          791068 kB
MemAvailable:    1520780 kB
Buffers:           51056 kB
Cached:           786776 kB
MemTotal:        1844596 kB
MemFree:          792316 kB
MemAvailable:    1522028 kB
Buffers:           51056 kB
Cached:           786776 kB
MemTotal:        1844596 kB
MemFree:          790944 kB
MemAvailable:    1520656 kB
Buffers:           51056 kB
Cached:           786776 kB
MemTotal:        1844596 kB
MemFree:          790688 kB
MemAvailable:    1520400 kB
Buffers:           51056 kB
Cached:           786776 kB
MemTotal:        1844596 kB
MemFree:          792052 kB
MemAvailable:    1521764 kB
Buffers:           51056 kB
Cached:           786776 kB
MemTotal:        1844596 kB
MemFree:          790680 kB
MemAvailable:    1520392 kB
Buffers:           51056 kB
Cached:           786776 kB
MemTotal:        1844596 kB
MemFree:          792040 kB
MemAvailable:    1521752 kB
Buffers:           51056 kB
Cached:           786776 kB
MemTotal:        1844596 kB
MemFree:          791828 kB
MemAvailable:    1521540 kB
Buffers:           51056 kB
Cached:           786776 kB
MemTotal:        1844596 kB
MemFree:          793040 kB
MemAvailable:    1522752 kB
Buffers:           51056 kB
Cached:           786776 kB
MemTotal:        1844596 kB
MemFree:          793368 kB
MemAvailable:    1523080 kB
Buffers:           51056 kB
Cached:           786776 kB
MemTotal:        1844596 kB
MemFree:          793368 kB
MemAvailable:    1523080 kB
Buffers:           51056 kB
Cached:           786776 kB
MemTotal:        1844596 kB
MemFree:          791820 kB
MemAvailable:    1521532 kB
Buffers:           51056 kB
Cached:           786776 kB
MemTotal:        1844596 kB
MemFree:          790068 kB
MemAvailable:    1519780 kB
Buffers:           51056 kB
Cached:           786776 kB
MemTotal:        1844596 kB
MemFree:          790280 kB
MemAvailable:    1519992 kB
Buffers:           51056 kB
Cached:           786776 kB
MemTotal:        1844596 kB
MemFree:          789332 kB
MemAvailable:    1519044 kB
Buffers:           51056 kB
Cached:           786776 kB
MemTotal:        1844596 kB
MemFree:          789332 kB
MemAvailable:    1519044 kB
Buffers:           51056 kB
Cached:           786776 kB
MemTotal:        1844596 kB
MemFree:          787720 kB
MemAvailable:    1517432 kB
Buffers:           51056 kB
Cached:           786776 kB
MemTotal:        1844596 kB
MemFree:          787348 kB
MemAvailable:    1517060 kB
Buffers:           51056 kB
Cached:           786776 kB
MemTotal:        1844596 kB
MemFree:          786728 kB
MemAvailable:    1516440 kB
Buffers:           51056 kB
Cached:           786776 kB
MemTotal:        1844596 kB
MemFree:          786852 kB
MemAvailable:    1516564 kB
Buffers:           51056 kB
Cached:           786776 kB
MemTotal:        1844596 kB
MemFree:          786736 kB
MemAvailable:    1516448 kB
Buffers:           51056 kB
Cached:           786776 kB
MemTotal:        1844596 kB
MemFree:          787912 kB
MemAvailable:    1517624 kB
Buffers:           51056 kB
Cached:           786776 kB
MemTotal:        1844596 kB
MemFree:          787912 kB
MemAvailable:    1517624 kB
Buffers:           51056 kB
Cached:           786776 kB
MemTotal:        1844596 kB
MemFree:          786364 kB
MemAvailable:    1516076 kB
Buffers:           51056 kB
Cached:           786776 kB
MemTotal:        1844596 kB
MemFree:          787408 kB
MemAvailable:    1517120 kB
Buffers:           51056 kB
Cached:           786776 kB
MemTotal:        1844596 kB
MemFree:          786936 kB
MemAvailable:    1516648 kB
Buffers:           51056 kB
Cached:           786776 kB
MemTotal:        1844596 kB
MemFree:          786936 kB
MemAvailable:    1516648 kB
Buffers:           51056 kB
Cached:           786776 kB
MemTotal:        1844596 kB
MemFree:          785620 kB
MemAvailable:    1515332 kB
Buffers:           51056 kB
Cached:           786776 kB
MemTotal:        1844596 kB
MemFree:          786896 kB
MemAvailable:    1516608 kB
Buffers:           51056 kB
Cached:           786776 kB
MemTotal:        1844596 kB
MemFree:          787068 kB
MemAvailable:    1516780 kB
Buffers:           51056 kB
Cached:           786776 kB
MemTotal:        1844596 kB
MemFree:          785564 kB
MemAvailable:    1515276 kB
Buffers:           51056 kB
Cached:           786776 kB
MemTotal:        1844596 kB
MemFree:          786896 kB
MemAvailable:    1516608 kB
Buffers:           51056 kB
Cached:           786776 kB
MemTotal:        1844596 kB
MemFree:          786116 kB
MemAvailable:    1515828 kB
Buffers:           51056 kB
Cached:           786776 kB
MemTotal:        1844596 kB
MemFree:          785736 kB
MemAvailable:    1515452 kB
Buffers:           51056 kB
Cached:           786780 kB
MemTotal:        1844596 kB
MemFree:          787100 kB
MemAvailable:    1516816 kB
Buffers:           51056 kB
Cached:           786780 kB
MemTotal:        1844596 kB
MemFree:          785728 kB
MemAvailable:    1515444 kB
Buffers:           51056 kB
Cached:           786780 kB
MemTotal:        1844596 kB
MemFree:          786712 kB
MemAvailable:    1516428 kB
Buffers:           51056 kB
Cached:           786780 kB
MemTotal:        1844596 kB
MemFree:          786364 kB
MemAvailable:    1516080 kB
Buffers:           51056 kB
Cached:           786780 kB
MemTotal:        1844596 kB
MemFree:          786680 kB
MemAvailable:    1516396 kB
Buffers:           51056 kB
Cached:           786780 kB
MemTotal:        1844596 kB
MemFree:          786540 kB
MemAvailable:    1516256 kB
Buffers:           51056 kB
Cached:           786780 kB
MemTotal:        1844596 kB
MemFree:          786116 kB
MemAvailable:    1515832 kB
Buffers:           51056 kB
Cached:           786780 kB
MemTotal:        1844596 kB
MemFree:          786244 kB
MemAvailable:    1515960 kB
Buffers:           51056 kB
Cached:           786780 kB
MemTotal:        1844596 kB
MemFree:          786156 kB
MemAvailable:    1515872 kB
Buffers:           51056 kB
Cached:           786780 kB
MemTotal:        1844596 kB
MemFree:          784980 kB
MemAvailable:    1514696 kB
Buffers:           51056 kB
Cached:           786780 kB
MemTotal:        1844596 kB
MemFree:          785964 kB
MemAvailable:    1515680 kB
Buffers:           51056 kB
Cached:           786780 kB
MemTotal:        1844596 kB
MemFree:          785824 kB
MemAvailable:    1515540 kB
Buffers:           51056 kB
Cached:           786780 kB
MemTotal:        1844596 kB
MemFree:          785248 kB
MemAvailable:    1514964 kB
Buffers:           51056 kB
Cached:           786780 kB
MemTotal:        1844596 kB
MemFree:          784740 kB
MemAvailable:    1514456 kB
Buffers:           51056 kB
Cached:           786780 kB
MemTotal:        1844596 kB
MemFree:          785792 kB
MemAvailable:    1515508 kB
Buffers:           51056 kB
Cached:           786780 kB
MemTotal:        1844596 kB
MemFree:          786044 kB
MemAvailable:    1515760 kB
Buffers:           51056 kB
Cached:           786780 kB
MemTotal:        1844596 kB
MemFree:          785908 kB
MemAvailable:    1515624 kB
Buffers:           51056 kB
Cached:           786780 kB
MemTotal:        1844596 kB
MemFree:          784552 kB
MemAvailable:    1514268 kB
Buffers:           51056 kB
Cached:           786780 kB
MemTotal:        1844596 kB
MemFree:          785784 kB
MemAvailable:    1515500 kB
Buffers:           51056 kB
Cached:           786780 kB
MemTotal:        1844596 kB
MemFree:          783496 kB
MemAvailable:    1513212 kB
Buffers:           51056 kB
Cached:           786780 kB
MemTotal:        1844596 kB
MemFree:          783496 kB
MemAvailable:    1513212 kB
Buffers:           51056 kB
Cached:           786780 kB
MemTotal:        1844596 kB
MemFree:          779968 kB
MemAvailable:    1509684 kB
Buffers:           51056 kB
Cached:           786780 kB
MemTotal:        1844596 kB
MemFree:          777188 kB
MemAvailable:    1506904 kB
Buffers:           51056 kB
Cached:           786780 kB
MemTotal:        1844596 kB
MemFree:          778304 kB
MemAvailable:    1508020 kB
Buffers:           51056 kB
Cached:           786780 kB
MemTotal:        1844596 kB
MemFree:          776940 kB
MemAvailable:    1506660 kB
Buffers:           51056 kB
Cached:           786784 kB
MemTotal:        1844596 kB
MemFree:          777992 kB
MemAvailable:    1507712 kB
Buffers:           51056 kB
Cached:           786784 kB
MemTotal:        1844596 kB
MemFree:          777992 kB
MemAvailable:    1507712 kB
Buffers:           51056 kB
Cached:           786784 kB
MemTotal:        1844596 kB
MemFree:          776684 kB
MemAvailable:    1506404 kB
Buffers:           51056 kB
Cached:           786784 kB
MemTotal:        1844596 kB
MemFree:          777916 kB
MemAvailable:    1507636 kB
Buffers:           51056 kB
Cached:           786784 kB
MemTotal:        1844596 kB
MemFree:          778000 kB
MemAvailable:    1507720 kB
Buffers:           51056 kB
Cached:           786784 kB
MemTotal:        1844596 kB
MemFree:          776504 kB
MemAvailable:    1506224 kB
Buffers:           51056 kB
Cached:           786784 kB
MemTotal:        1844596 kB
MemFree:          778064 kB
MemAvailable:    1507784 kB
Buffers:           51056 kB
Cached:           786784 kB
MemTotal:        1844596 kB
MemFree:          776748 kB
MemAvailable:    1506468 kB
Buffers:           51056 kB
Cached:           786784 kB
MemTotal:        1844596 kB
MemFree:          777908 kB
MemAvailable:    1507628 kB
Buffers:           51056 kB
Cached:           786784 kB
MemTotal:        1844596 kB
MemFree:          778160 kB
MemAvailable:    1507880 kB
Buffers:           51056 kB
Cached:           786784 kB
MemTotal:        1844596 kB
MemFree:          777884 kB
MemAvailable:    1507604 kB
Buffers:           51056 kB
Cached:           786784 kB
MemTotal:        1844596 kB
MemFree:          776760 kB
MemAvailable:    1506480 kB
Buffers:           51056 kB
Cached:           786784 kB
MemTotal:        1844596 kB
MemFree:          776636 kB
MemAvailable:    1506356 kB
Buffers:           51056 kB
Cached:           786784 kB
MemTotal:        1844596 kB
MemFree:          777304 kB
MemAvailable:    1507024 kB
Buffers:           51056 kB
Cached:           786784 kB
MemTotal:        1844596 kB
MemFree:          777560 kB
MemAvailable:    1507280 kB
Buffers:           51056 kB
Cached:           786784 kB
MemTotal:        1844596 kB
MemFree:          775816 kB
MemAvailable:    1505536 kB
Buffers:           51056 kB
Cached:           786784 kB
MemTotal:        1844596 kB
MemFree:          776304 kB
MemAvailable:    1506024 kB
Buffers:           51056 kB
Cached:           786784 kB
MemTotal:        1844596 kB
MemFree:          776196 kB
MemAvailable:    1505916 kB
Buffers:           51056 kB
Cached:           786784 kB
MemTotal:        1844596 kB
MemFree:          776140 kB
MemAvailable:    1505860 kB
Buffers:           51056 kB
Cached:           786784 kB
MemTotal:        1844596 kB
MemFree:          774892 kB
MemAvailable:    1504612 kB
Buffers:           51056 kB
Cached:           786784 kB
MemTotal:        1844596 kB
MemFree:          775064 kB
MemAvailable:    1504784 kB
Buffers:           51056 kB
Cached:           786784 kB
MemTotal:        1844596 kB
MemFree:          775148 kB
MemAvailable:    1504868 kB
Buffers:           51056 kB
Cached:           786784 kB
MemTotal:        1844596 kB
MemFree:          774708 kB
MemAvailable:    1504428 kB
Buffers:           51056 kB
Cached:           786784 kB
MemTotal:        1844596 kB
MemFree:          773344 kB
MemAvailable:    1503064 kB
Buffers:           51056 kB
Cached:           786784 kB
MemTotal:        1844596 kB
MemFree:          773468 kB
MemAvailable:    1503188 kB
Buffers:           51056 kB
Cached:           786784 kB
MemTotal:        1844596 kB
MemFree:          773468 kB
MemAvailable:    1503188 kB
Buffers:           51056 kB
Cached:           786784 kB
MemTotal:        1844596 kB
MemFree:          773220 kB
MemAvailable:    1502940 kB
Buffers:           51056 kB
Cached:           786784 kB
MemTotal:        1844596 kB
MemFree:          774452 kB
MemAvailable:    1504172 kB
Buffers:           51056 kB
Cached:           786784 kB
MemTotal:        1844596 kB
MemFree:          774072 kB
MemAvailable:    1503792 kB
Buffers:           51056 kB
Cached:           786784 kB
MemTotal:        1844596 kB
MemFree:          774324 kB
MemAvailable:    1504044 kB
Buffers:           51056 kB
Cached:           786784 kB
MemTotal:        1844596 kB
MemFree:          772800 kB
MemAvailable:    1502520 kB
Buffers:           51056 kB
Cached:           786784 kB
MemTotal:        1844596 kB
MemFree:          772792 kB
MemAvailable:    1502512 kB
Buffers:           51056 kB
Cached:           786784 kB
MemTotal:        1844596 kB
MemFree:          774040 kB
MemAvailable:    1503760 kB
Buffers:           51056 kB
Cached:           786784 kB
MemTotal:        1844596 kB
MemFree:          773716 kB
MemAvailable:    1503436 kB
Buffers:           51056 kB
Cached:           786784 kB
MemTotal:        1844596 kB
MemFree:          773584 kB
MemAvailable:    1503304 kB
Buffers:           51056 kB
Cached:           786784 kB
MemTotal:        1844596 kB
MemFree:          772476 kB
MemAvailable:    1502196 kB
Buffers:           51056 kB
Cached:           786784 kB
MemTotal:        1844596 kB
MemFree:          768740 kB
MemAvailable:    1498460 kB
Buffers:           51056 kB
Cached:           786784 kB
MemTotal:        1844596 kB
MemFree:          768740 kB
MemAvailable:    1498460 kB
Buffers:           51056 kB
Cached:           786784 kB
MemTotal:        1844596 kB
MemFree:          768452 kB
MemAvailable:    1498172 kB
Buffers:           51056 kB
Cached:           786784 kB
MemTotal:        1844596 kB
MemFree:          768440 kB
MemAvailable:    1498160 kB
Buffers:           51056 kB
Cached:           786784 kB
MemTotal:        1844596 kB
MemFree:          768440 kB
MemAvailable:    1498160 kB
Buffers:           51056 kB
Cached:           786784 kB
MemTotal:        1844596 kB
MemFree:          768112 kB
MemAvailable:    1497832 kB
Buffers:           51056 kB
Cached:           786784 kB
MemTotal:        1844596 kB
MemFree:          768448 kB
MemAvailable:    1498168 kB
Buffers:           51056 kB
Cached:           786784 kB
MemTotal:        1844596 kB
MemFree:          766956 kB
MemAvailable:    1496676 kB
Buffers:           51056 kB
Cached:           786784 kB
MemTotal:        1844596 kB
MemFree:          768320 kB
MemAvailable:    1498040 kB
Buffers:           51056 kB
Cached:           786784 kB
MemTotal:        1844596 kB
MemFree:          768072 kB
MemAvailable:    1497792 kB
Buffers:           51056 kB
Cached:           786784 kB
MemTotal:        1844596 kB
MemFree:          768072 kB
MemAvailable:    1497792 kB
Buffers:           51056 kB
Cached:           786784 kB
MemTotal:        1844596 kB
MemFree:          768280 kB
MemAvailable:    1498000 kB
Buffers:           51056 kB
Cached:           786784 kB
MemTotal:        1844596 kB
MemFree:          766880 kB
MemAvailable:    1496600 kB
Buffers:           51056 kB
Cached:           786784 kB
MemTotal:        1844596 kB
MemFree:          766880 kB
MemAvailable:    1496600 kB
Buffers:           51056 kB
Cached:           786784 kB
MemTotal:        1844596 kB
MemFree:          765020 kB
MemAvailable:    1494740 kB
Buffers:           51056 kB
Cached:           786784 kB
MemTotal:        1844596 kB
MemFree:          765104 kB
MemAvailable:    1494824 kB
Buffers:           51056 kB
Cached:           786784 kB
MemTotal:        1844596 kB
MemFree:          764724 kB
MemAvailable:    1494444 kB
Buffers:           51056 kB
Cached:           786784 kB
MemTotal:        1844596 kB
MemFree:          764980 kB
MemAvailable:    1494700 kB
Buffers:           51056 kB
Cached:           786784 kB
MemTotal:        1844596 kB
MemFree:          764880 kB
MemAvailable:    1494600 kB
Buffers:           51056 kB
Cached:           786784 kB
MemTotal:        1844596 kB
MemFree:          764772 kB
MemAvailable:    1494492 kB
Buffers:           51056 kB
Cached:           786784 kB
MemTotal:        1844596 kB
MemFree:          764972 kB
MemAvailable:    1494692 kB
Buffers:           51056 kB
Cached:           786784 kB
MemTotal:        1844596 kB
MemFree:          766120 kB
MemAvailable:    1495840 kB
Buffers:           51056 kB
Cached:           786784 kB
MemTotal:        1844596 kB
MemFree:          766772 kB
MemAvailable:    1496576 kB
Buffers:           51056 kB
Cached:           786908 kB
MemTotal:        1844596 kB
MemFree:          766724 kB
MemAvailable:    1496612 kB
Buffers:           51056 kB
Cached:           786908 kB
MemTotal:        1844596 kB
MemFree:          766328 kB
MemAvailable:    1496384 kB
Buffers:           51056 kB
Cached:           787156 kB
MemTotal:        1844596 kB
MemFree:          766748 kB
MemAvailable:    1496804 kB
Buffers:           51056 kB
Cached:           787156 kB
MemTotal:        1844596 kB
MemFree:          766440 kB
MemAvailable:    1496664 kB
Buffers:           51056 kB
Cached:           787280 kB
MemTotal:        1844596 kB
MemFree:          765008 kB
MemAvailable:    1495316 kB
Buffers:           51056 kB
Cached:           787404 kB
MemTotal:        1844596 kB
MemFree:          766308 kB
MemAvailable:    1496616 kB
Buffers:           51056 kB
Cached:           787404 kB
MemTotal:        1844596 kB
MemFree:          766108 kB
MemAvailable:    1496500 kB
Buffers:           51056 kB
Cached:           787404 kB
MemTotal:        1844596 kB
MemFree:          766108 kB
MemAvailable:    1496500 kB
Buffers:           51056 kB
Cached:           787404 kB
MemTotal:        1844596 kB
MemFree:          766216 kB
MemAvailable:    1496608 kB
Buffers:           51056 kB
Cached:           787404 kB
MemTotal:        1844596 kB
MemFree:          766216 kB
MemAvailable:    1496608 kB
Buffers:           51056 kB
Cached:           787404 kB
MemTotal:        1844596 kB
MemFree:          766156 kB
MemAvailable:    1496548 kB
Buffers:           51056 kB
Cached:           787404 kB
MemTotal:        1844596 kB
MemFree:          766284 kB
MemAvailable:    1496676 kB
Buffers:           51056 kB
Cached:           787404 kB
MemTotal:        1844596 kB
MemFree:          765408 kB
MemAvailable:    1495800 kB
Buffers:           51056 kB
Cached:           787404 kB
MemTotal:        1844596 kB
MemFree:          766252 kB
MemAvailable:    1496056 kB
Buffers:           51056 kB
Cached:           786772 kB
MemTotal:        1844596 kB
MemFree:          766504 kB
MemAvailable:    1496308 kB
Buffers:           51056 kB
Cached:           786772 kB
MemTotal:        1844596 kB
MemFree:          835236 kB
MemAvailable:    1565040 kB
Buffers:           51056 kB
Cached:           786772 kB
