MemTotal:        1844596 kB
MemFree:          946520 kB
MemAvailable:    1555876 kB
Buffers:           36048 kB
Cached:           679724 kB
MemTotal:        1844596 kB
MemFree:          945032 kB
MemAvailable:    1554388 kB
Buffers:           36048 kB
Cached:           679724 kB
MemTotal:        1844596 kB
MemFree:          942904 kB
MemAvailable:    1552260 kB
Buffers:           36048 kB
Cached:           679724 kB
MemTotal:        1844596 kB
MemFree:          941684 kB
MemAvailable:    1551040 kB
Buffers:           36048 kB
Cached:           679724 kB
MemTotal:        1844596 kB
MemFree:          941180 kB
MemAvailable:    1550540 kB
Buffers:           36048 kB
Cached:           679728 kB
MemTotal:        1844596 kB
MemFree:          941436 kB
MemAvailable:    1550796 kB
Buffers:           36048 kB
Cached:           679728 kB
MemTotal:        1844596 kB
MemFree:          939960 kB
MemAvailable:    1549320 kB
Buffers:           36048 kB
Cached:           679728 kB
MemTotal:        1844596 kB
MemFree:          937552 kB
MemAvailable:    1546912 kB
Buffers:           36048 kB
Cached:           679728 kB
MemTotal:        1844596 kB
MemFree:          937592 kB
MemAvailable:    1546952 kB
Buffers:           36048 kB
Cached:           679728 kB
MemTotal:        1844596 kB
MemFree:          931344 kB
MemAvailable:    1540704 kB
Buffers:           36048 kB
Cached:           679728 kB
MemTotal:        1844596 kB
MemFree:          931344 kB
MemAvailable:    1540704 kB
Buffers:           36048 kB
Cached:           679728 kB
MemTotal:        1844596 kB
MemFree:          931464 kB
MemAvailable:    1540824 kB
Buffers:           36048 kB
Cached:           679728 kB
MemTotal:        1844596 kB
MemFree:          931376 kB
MemAvailable:    1540736 kB
Buffers:           36048 kB
Cached:           679728 kB
MemTotal:        1844596 kB
MemFree:          930212 kB
MemAvailable:    1539572 kB
Buffers:           36048 kB
Cached:           679728 kB
MemTotal:        1844596 kB
MemFree:          931320 kB
MemAvailable:    1540680 kB
Buffers:           36048 kB
Cached:           679728 kB
MemTotal:        1844596 kB
MemFree:          931572 kB
MemAvailable:    1540932 kB
Buffers:           36048 kB
Cached:           679728 kB
MemTotal:        1844596 kB
MemFree:          931196 kB
MemAvailable:    1540556 kB
Buffers:           36048 kB
Cached:           679728 kB
MemTotal:        1844596 kB
MemFree:          931532 kB
MemAvailable:    1540892 kB
Buffers:           36048 kB
Cached:           679728 kB
MemTotal:        1844596 kB
MemFree:          929276 kB
MemAvailable:    1538636 kB
Buffers:           36048 kB
Cached:           679728 kB
MemTotal:        1844596 kB
MemFree:          928912 kB
MemAvailable:    1538272 kB
Buffers:           36048 kB
Cached:           679728 kB
MemTotal:        1844596 kB
MemFree:          928896 kB
MemAvailable:    1538256 kB
Buffers:           36048 kB
Cached:           679728 kB
MemTotal:        1844596 kB
MemFree:          929148 kB
MemAvailable:    1538508 kB
Buffers:           36048 kB
Cached:           679728 kB
MemTotal:        1844596 kB
MemFree:          927776 kB
MemAvailable:    1537136 kB
Buffers:           36048 kB
Cached:           679728 kB
MemTotal:        1844596 kB
MemFree:          929272 kB
MemAvailable:    1538632 kB
Buffers:           36048 kB
Cached:           679728 kB
MemTotal:        1844596 kB
MemFree:          928976 kB
MemAvailable:    1538336 kB
Buffers:           36048 kB
Cached:           679728 kB
MemTotal:        1844596 kB
MemFree:          928292 kB
MemAvailable:    1537652 kB
Buffers:           36048 kB
Cached:           679728 kB
MemTotal:        1844596 kB
MemFree:          928760 kB
MemAvailable:    1538120 kB
Buffers:           36048 kB
Cached:           679728 kB
MemTotal:        1844596 kB
MemFree:          928928 kB
MemAvailable:    1538288 kB
Buffers:           36048 kB
Cached:           679728 kB
MemTotal:        1844596 kB
MemFree:          929024 kB
MemAvailable:    1538384 kB
Buffers:           36048 kB
Cached:           679728 kB
MemTotal:        1844596 kB
MemFree:          928024 kB
MemAvailable:    1537384 kB
Buffers:           36048 kB
Cached:           679728 kB
MemTotal:        1844596 kB
MemFree:          929036 kB
MemAvailable:    1538396 kB
Buffers:           36048 kB
Cached:           679728 kB
MemTotal:        1844596 kB
MemFree:          929648 kB
MemAvailable:    1539012 kB
Buffers:           36048 kB
Cached:           679732 kB
MemTotal:        1844596 kB
MemFree:          929656 kB
MemAvailable:    1539020 kB
Buffers:           36048 kB
Cached:           679732 kB
MemTotal:        1844596 kB
MemFree:          925936 kB
MemAvailable:    1535300 kB
Buffers:           36048 kB
Cached:           679732 kB
MemTotal:        1844596 kB
MemFree:          926776 kB
MemAvailable:    1536140 kB
Buffers:           36048 kB
Cached:           679732 kB
MemTotal:        1844596 kB
MemFree:          926656 kB
MemAvailable:    1536020 kB
Buffers:           36048 kB
Cached:           679732 kB
MemTotal:        1844596 kB
MemFree:          925872 kB
MemAvailable:    1535236 kB
Buffers:           36048 kB
Cached:           679732 kB
MemTotal:        1844596 kB
MemFree:          925868 kB
MemAvailable:    1535232 kB
Buffers:           36048 kB
Cached:           679732 kB
MemTotal:        1844596 kB
MemFree:          924644 kB
MemAvailable:    1534008 kB
Buffers:           36048 kB
Cached:           679732 kB
MemTotal:        1844596 kB
MemFree:          924988 kB
MemAvailable:    1534352 kB
Buffers:           36048 kB
Cached:           679732 kB
MemTotal:        1844596 kB
MemFree:          924812 kB
MemAvailable:    1534176 kB
Buffers:           36048 kB
Cached:           679732 kB
MemTotal:        1844596 kB
MemFree:          925068 kB
MemAvailable:    1534432 kB
Buffers:           36048 kB
Cached:           679732 kB
MemTotal:        1844596 kB
MemFree:          924672 kB
MemAvailable:    1534036 kB
Buffers:           36048 kB
Cached:           679732 kB
MemTotal:        1844596 kB
MemFree:          923408 kB
MemAvailable:    1532772 kB
Buffers:           36048 kB
Cached:           679732 kB
MemTotal:        1844596 kB
MemFree:          924756 kB
MemAvailable:    1534120 kB
Buffers:           36048 kB
Cached:           679732 kB
MemTotal:        1844596 kB
MemFree:          925008 kB
MemAvailable:    1534372 kB
Buffers:           36048 kB
Cached:           679732 kB
MemTotal:        1844596 kB
MemFree:          923448 kB
MemAvailable:    1532812 kB
Buffers:           36048 kB
Cached:           679732 kB
MemTotal:        1844596 kB
MemFree:          923448 kB
MemAvailable:    1532812 kB
Buffers:           36048 kB
Cached:           679732 kB
MemTotal:        1844596 kB
MemFree:          924512 kB
MemAvailable:    1533876 kB
Buffers:           36048 kB
Cached:           679732 kB
MemTotal:        1844596 kB
MemFree:          924512 kB
MemAvailable:    1533876 kB
Buffers:           36048 kB
Cached:           679732 kB
MemTotal:        1844596 kB
MemFree:          923792 kB
MemAvailable:    1533156 kB
Buffers:           36048 kB
Cached:           679732 kB
MemTotal:        1844596 kB
MemFree:          923940 kB
MemAvailable:    1533304 kB
Buffers:           36048 kB
Cached:           679732 kB
MemTotal:        1844596 kB
MemFree:          923772 kB
MemAvailable:    1533136 kB
Buffers:           36048 kB
Cached:           679732 kB
MemTotal:        1844596 kB
MemFree:          923704 kB
MemAvailable:    1533068 kB
Buffers:           36048 kB
Cached:           679732 kB
MemTotal:        1844596 kB
MemFree:          923868 kB
MemAvailable:    1533232 kB
Buffers:           36048 kB
Cached:           679732 kB
MemTotal:        1844596 kB
MemFree:          922820 kB
MemAvailable:    1532184 kB
Buffers:           36048 kB
Cached:           679732 kB
MemTotal:        1844596 kB
MemFree:          923772 kB
MemAvailable:    1533136 kB
Buffers:           36048 kB
Cached:           679732 kB
MemTotal:        1844596 kB
MemFree:          923856 kB
MemAvailable:    1533220 kB
Buffers:           36048 kB
Cached:           679732 kB
MemTotal:        1844596 kB
MemFree:          922580 kB
MemAvailable:    1531944 kB
Buffers:           36048 kB
Cached:           679732 kB
MemTotal:        1844596 kB
MemFree:          923904 kB
MemAvailable:    1533268 kB
Buffers:           36048 kB
Cached:           679732 kB
MemTotal:        1844596 kB
MemFree:          923564 kB
MemAvailable:    1532928 kB
Buffers:           36048 kB
Cached:           679732 kB
MemTotal:        1844596 kB
MemFree:          923564 kB
MemAvailable:    1532928 kB
Buffers:           36048 kB
Cached:           679732 kB
MemTotal:        1844596 kB
MemFree:          922284 kB
MemAvailable:    1531648 kB
Buffers:           36048 kB
Cached:           679732 kB
MemTotal:        1844596 kB
MemFree:          923460 kB
MemAvailable:    1532824 kB
Buffers:           36048 kB
Cached:           679732 kB
MemTotal:        1844596 kB
MemFree:          923456 kB
MemAvailable:    1532820 kB
Buffers:           36048 kB
Cached:           679732 kB
MemTotal:        1844596 kB
MemFree:          921764 kB
MemAvailable:    1531128 kB
Buffers:           36048 kB
Cached:           679732 kB
MemTotal:        1844596 kB
MemFree:          922012 kB
MemAvailable:    1531376 kB
Buffers:           36048 kB
Cached:           679732 kB
MemTotal:        1844596 kB
MemFree:          923136 kB
MemAvailable:    1532500 kB
Buffers:           36048 kB
Cached:           679732 kB
MemTotal:        1844596 kB
MemFree:          921640 kB
MemAvailable:    1531004 kB
Buffers:           36048 kB
Cached:           679732 kB
MemTotal:        1844596 kB
MemFree:          921764 kB
MemAvailable:    1531128 kB
Buffers:           36048 kB
Cached:           679732 kB
MemTotal:        1844596 kB
MemFree:          923056 kB
MemAvailable:    1532420 kB
Buffers:           36048 kB
Cached:           679732 kB
MemTotal:        1844596 kB
MemFree:          921880 kB
MemAvailable:    1531244 kB
Buffers:           36048 kB
Cached:           679732 kB
MemTotal:        1844596 kB
MemFree:          921836 kB
MemAvailable:    1531200 kB
Buffers:           36048 kB
Cached:           679732 kB
MemTotal:        1844596 kB
MemFree:          922820 kB
MemAvailable:    1532184 kB
Buffers:           36048 kB
Cached:           679732 kB
MemTotal:        1844596 kB
MemFree:          923072 kB
MemAvailable:    1532436 kB
Buffers:           36048 kB
Cached:           679732 kB
MemTotal:        1844596 kB
MemFree:          922076 kB
MemAvailable:    1531440 kB
Buffers:           36048 kB
Cached:           679732 kB
MemTotal:        1844596 kB
MemFree:          920976 kB
MemAvailable:    1530340 kB
Buffers:           36048 kB
Cached:           679732 kB
MemTotal:        1844596 kB
MemFree:          919984 kB
MemAvailable:    1529348 kB
Buffers:           36048 kB
Cached:           679732 kB
MemTotal:        1844596 kB
MemFree:          916000 kB
MemAvailable:    1525364 kB
Buffers:           36048 kB
Cached:           679732 kB
MemTotal:        1844596 kB
MemFree:          916140 kB
MemAvailable:    1525504 kB
Buffers:           36048 kB
Cached:           679732 kB
MemTotal:        1844596 kB
MemFree:          914272 kB
MemAvailable:    1523636 kB
Buffers:           36048 kB
Cached:           679732 kB
MemTotal:        1844596 kB
MemFree:          914148 kB
MemAvailable:    1523512 kB
Buffers:           36048 kB
Cached:           679732 kB
MemTotal:        1844596 kB
MemFree:          915076 kB
MemAvailable:    1524440 kB
Buffers:           36048 kB
Cached:           679732 kB
MemTotal:        1844596 kB
MemFree:          914944 kB
MemAvailable:    1524308 kB
Buffers:           36048 kB
Cached:           679732 kB
MemTotal:        1844596 kB
MemFree:          914936 kB
MemAvailable:    1524300 kB
Buffers:           36048 kB
Cached:           679732 kB
MemTotal:        1844596 kB
MemFree:          915068 kB
MemAvailable:    1524432 kB
Buffers:           36048 kB
Cached:           679732 kB
MemTotal:        1844596 kB
MemFree:          913844 kB
MemAvailable:    1523208 kB
Buffers:           36048 kB
Cached:           679732 kB
MemTotal:        1844596 kB
MemFree:          913704 kB
MemAvailable:    1523068 kB
Buffers:           36048 kB
Cached:           679732 kB
MemTotal:        1844596 kB
MemFree:          915056 kB
MemAvailable:    1524420 kB
Buffers:           36048 kB
Cached:           679732 kB
MemTotal:        1844596 kB
MemFree:          914884 kB
MemAvailable:    1524248 kB
Buffers:           36048 kB
Cached:           679732 kB
MemTotal:        1844596 kB
MemFree:          914836 kB
MemAvailable:    1524200 kB
Buffers:           36048 kB
Cached:           679732 kB
MemTotal:        1844596 kB
MemFree:          913744 kB
MemAvailable:    1523108 kB
Buffers:           36048 kB
Cached:           679732 kB
MemTotal:        1844596 kB
MemFree:          913612 kB
MemAvailable:    1522976 kB
Buffers:           36048 kB
Cached:           679732 kB
MemTotal:        1844596 kB
MemFree:          914976 kB
MemAvailable:    1524340 kB
Buffers:           36048 kB
Cached:           679732 kB
MemTotal:        1844596 kB
MemFree:          913612 kB
MemAvailable:    1522976 kB
Buffers:           36048 kB
Cached:           679732 kB
MemTotal:        1844596 kB
MemFree:          913528 kB
MemAvailable:    1522892 kB
Buffers:           36048 kB
Cached:           679732 kB
MemTotal:        1844596 kB
MemFree:          914464 kB
MemAvailable:    1523828 kB
Buffers:           36048 kB
Cached:           679732 kB
MemTotal:        1844596 kB
MemFree:          914148 kB
MemAvailable:    1523512 kB
Buffers:           36048 kB
Cached:           679732 kB
MemTotal:        1844596 kB
MemFree:          913660 kB
MemAvailable:    1523024 kB
Buffers:           36048 kB
Cached:           679732 kB
MemTotal:        1844596 kB
MemFree:          913280 kB
MemAvailable:    1522644 kB
Buffers:           36048 kB
Cached:           679732 kB
MemTotal:        1844596 kB
MemFree:          912872 kB
MemAvailable:    1522236 kB
Buffers:           36048 kB
Cached:           679732 kB
MemTotal:        1844596 kB
MemFree:          913288 kB
MemAvailable:    1522656 kB
Buffers:           36048 kB
Cached:           679736 kB
MemTotal:        1844596 kB
MemFree:          912048 kB
MemAvailable:    1521416 kB
Buffers:           36048 kB
Cached:           679736 kB
MemTotal:        1844596 kB
MemFree:          912296 kB
MemAvailable:    1521664 kB
Buffers:           36048 kB
Cached:           679736 kB
MemTotal:        1844596 kB
MemFree:          912164 kB
MemAvailable:    1521532 kB
Buffers:           36048 kB
Cached:           679736 kB
MemTotal:        1844596 kB
MemFree:          911480 kB
MemAvailable:    1520848 kB
Buffers:           36048 kB
Cached:           679736 kB
MemTotal:        1844596 kB
MemFree:          911372 kB
MemAvailable:    1520744 kB
Buffers:           36048 kB
Cached:           679740 kB
MemTotal:        1844596 kB
MemFree:          911372 kB
MemAvailable:    1520744 kB
Buffers:           36048 kB
Cached:           679740 kB
MemTotal:        1844596 kB
MemFree:          911300 kB
MemAvailable:    1520672 kB
Buffers:           36048 kB
Cached:           679740 kB
MemTotal:        1844596 kB
MemFree:          911176 kB
MemAvailable:    1520548 kB
Buffers:           36048 kB
Cached:           679740 kB
MemTotal:        1844596 kB
MemFree:          909744 kB
MemAvailable:    1519116 kB
Buffers:           36048 kB
Cached:           679740 kB
MemTotal:        1844596 kB
MemFree:          909992 kB
MemAvailable:    1519364 kB
Buffers:           36048 kB
Cached:           679740 kB
MemTotal:        1844596 kB
MemFree:          910976 kB
MemAvailable:    1520348 kB
Buffers:           36048 kB
Cached:           679740 kB
MemTotal:        1844596 kB
MemFree:          910976 kB
MemAvailable:    1520348 kB
Buffers:           36048 kB
Cached:           679740 kB
MemTotal:        1844596 kB
MemFree:          911008 kB
MemAvailable:    1520380 kB
Buffers:           36048 kB
Cached:           679740 kB
MemTotal:        1844596 kB
MemFree:          909888 kB
MemAvailable:    1519260 kB
Buffers:           36048 kB
Cached:           679740 kB
MemTotal:        1844596 kB
MemFree:          910312 kB
MemAvailable:    1519684 kB
Buffers:           36048 kB
Cached:           679740 kB
MemTotal:        1844596 kB
MemFree:          911304 kB
MemAvailable:    1520676 kB
Buffers:           36048 kB
Cached:           679740 kB
MemTotal:        1844596 kB
MemFree:          910304 kB
MemAvailable:    1519676 kB
Buffers:           36048 kB
Cached:           679740 kB
MemTotal:        1844596 kB
MemFree:          909808 kB
MemAvailable:    1519180 kB
Buffers:           36048 kB
Cached:           679740 kB
MemTotal:        1844596 kB
MemFree:          910868 kB
MemAvailable:    1520240 kB
Buffers:           36048 kB
Cached:           679740 kB
MemTotal:        1844596 kB
MemFree:          907396 kB
MemAvailable:    1516768 kB
Buffers:           36048 kB
Cached:           679740 kB
MemTotal:        1844596 kB
MemFree:          905908 kB
MemAvailable:    1515280 kB
Buffers:           36048 kB
Cached:           679740 kB
MemTotal:        1844596 kB
MemFree:          905716 kB
MemAvailable:    1515088 kB
Buffers:           36048 kB
Cached:           679740 kB
MemTotal:        1844596 kB
MemFree:          905716 kB
MemAvailable:    1515088 kB
Buffers:           36048 kB
Cached:           679740 kB
MemTotal:        1844596 kB
MemFree:          905732 kB
MemAvailable:    1515104 kB
Buffers:           36048 kB
Cached:           679740 kB
MemTotal:        1844596 kB
MemFree:          905600 kB
MemAvailable:    1514972 kB
Buffers:           36048 kB
Cached:           679740 kB
MemTotal:        1844596 kB
MemFree:          904484 kB
MemAvailable:    1513856 kB
Buffers:           36048 kB
Cached:           679740 kB
MemTotal:        1844596 kB
MemFree:          904608 kB
MemAvailable:    1513980 kB
Buffers:           36048 kB
Cached:           679740 kB
MemTotal:        1844596 kB
MemFree:          904908 kB
MemAvailable:    1514280 kB
Buffers:           36048 kB
Cached:           679740 kB
MemTotal:        1844596 kB
MemFree:          905076 kB
MemAvailable:    1514448 kB
Buffers:           36048 kB
Cached:           679740 kB
MemTotal:        1844596 kB
MemFree:          904952 kB
MemAvailable:    1514324 kB
Buffers:           36048 kB
Cached:           679740 kB
MemTotal:        1844596 kB
MemFree:          905036 kB
MemAvailable:    1514408 kB
Buffers:           36048 kB
Cached:           679740 kB
MemTotal:        1844596 kB
MemFree:          905164 kB
MemAvailable:    1514536 kB
Buffers:           36048 kB
Cached:           679740 kB
MemTotal:        1844596 kB
MemFree:          904900 kB
MemAvailable:    1514272 kB
Buffers:           36048 kB
Cached:           679740 kB
MemTotal:        1844596 kB
MemFree:          902996 kB
MemAvailable:    1512368 kB
Buffers:           36048 kB
Cached:           679740 kB
MemTotal:        1844596 kB
MemFree:          902376 kB
MemAvailable:    1511748 kB
Buffers:           36048 kB
Cached:           679740 kB
MemTotal:        1844596 kB
MemFree:          901128 kB
MemAvailable:    1510500 kB
Buffers:           36048 kB
Cached:           679740 kB
MemTotal:        1844596 kB
MemFree:          901864 kB
MemAvailable:    1511236 kB
Buffers:           36048 kB
Cached:           679740 kB
MemTotal:        1844596 kB
MemFree:          901948 kB
MemAvailable:    1511320 kB
Buffers:           36048 kB
Cached:           679740 kB
MemTotal:        1844596 kB
MemFree:          901728 kB
MemAvailable:    1511100 kB
Buffers:           36048 kB
Cached:           679740 kB
MemTotal:        1844596 kB
MemFree:          901812 kB
MemAvailable:    1511184 kB
Buffers:           36056 kB
Cached:           679732 kB
MemTotal:        1844596 kB
MemFree:          900744 kB
MemAvailable:    1510116 kB
Buffers:           36060 kB
Cached:           679728 kB
MemTotal:        1844596 kB
MemFree:          901880 kB
MemAvailable:    1511252 kB
Buffers:           36060 kB
Cached:           679728 kB
MemTotal:        1844596 kB
MemFree:          903844 kB
MemAvailable:    1513216 kB
Buffers:           36060 kB
Cached:           679728 kB
MemTotal:        1844596 kB
MemFree:          903676 kB
MemAvailable:    1513132 kB
Buffers:           36060 kB
Cached:           679852 kB
MemTotal:        1844596 kB
MemFree:          903676 kB
MemAvailable:    1513132 kB
Buffers:           36060 kB
Cached:           679852 kB
MemTotal:        1844596 kB
MemFree:          903468 kB
MemAvailable:    1513092 kB
Buffers:           36060 kB
Cached:           680100 kB
MemTotal:        1844596 kB
MemFree:          903724 kB
MemAvailable:    1513348 kB
Buffers:           36060 kB
Cached:           680100 kB
MemTotal:        1844596 kB
MemFree:          903468 kB
MemAvailable:    1513260 kB
Buffers:           36060 kB
Cached:           680224 kB
MemTotal:        1844596 kB
MemFree:          902244 kB
MemAvailable:    1512120 kB
Buffers:           36060 kB
Cached:           680224 kB
MemTotal:        1844596 kB
MemFree:          903284 kB
MemAvailable:    1513244 kB
Buffers:           36060 kB
Cached:           680224 kB
MemTotal:        1844596 kB
MemFree:          901852 kB
MemAvailable:    1511812 kB
Buffers:           36060 kB
Cached:           680224 kB
MemTotal:        1844596 kB
MemFree:          903152 kB
MemAvailable:    1513112 kB
Buffers:           36060 kB
Cached:           680348 kB
MemTotal:        1844596 kB
MemFree:          903272 kB
MemAvailable:    1513232 kB
Buffers:           36060 kB
Cached:           680348 kB
MemTotal:        1844596 kB
MemFree:          902376 kB
MemAvailable:    1512336 kB
Buffers:           36060 kB
Cached:           680348 kB
MemTotal:        1844596 kB
MemFree:          903192 kB
MemAvailable:    1513152 kB
Buffers:           36060 kB
Cached:           680348 kB
MemTotal:        1844596 kB
MemFree:          901944 kB
MemAvailable:    1511904 kB
Buffers:           36060 kB
Cached:           680348 kB
MemTotal:        1844596 kB
MemFree:          903120 kB
MemAvailable:    1513080 kB
Buffers:           36060 kB
Cached:           680348 kB
MemTotal:        1844596 kB
MemFree:          903116 kB
MemAvailable:    1513076 kB
Buffers:           36060 kB
Cached:           680472 kB
MemTotal:        1844596 kB
MemFree:          903552 kB
MemAvailable:    1512924 kB
Buffers:           36060 kB
Cached:           679800 kB
MemTotal:        1844596 kB
MemFree:          970324 kB
MemAvailable:    1579696 kB
Buffers:           36060 kB
Cached:           679800 kB
