MemTotal:        1844596 kB
MemFree:          932636 kB
MemAvailable:    1556896 kB
Buffers:           38236 kB
Cached:           692132 kB
MemTotal:        1844596 kB
MemFree:          930520 kB
MemAvailable:    1554780 kB
Buffers:           38236 kB
Cached:           692132 kB
MemTotal:        1844596 kB
MemFree:          928668 kB
MemAvailable:    1552928 kB
Buffers:           38236 kB
Cached:           692132 kB
MemTotal:        1844596 kB
MemFree:          927172 kB
MemAvailable:    1551432 kB
Buffers:           38236 kB
Cached:           692132 kB
MemTotal:        1844596 kB
MemFree:          927180 kB
MemAvailable:    1551440 kB
Buffers:           38236 kB
Cached:           692132 kB
MemTotal:        1844596 kB
MemFree:          927124 kB
MemAvailable:    1551384 kB
Buffers:           38236 kB
Cached:           692132 kB
MemTotal:        1844596 kB
MemFree:          927180 kB
MemAvailable:    1551440 kB
Buffers:           38236 kB
Cached:           692132 kB
MemTotal:        1844596 kB
MemFree:          924380 kB
MemAvailable:    1548640 kB
Buffers:           38236 kB
Cached:           692132 kB
MemTotal:        1844596 kB
MemFree:          920980 kB
MemAvailable:    1545240 kB
Buffers:           38236 kB
Cached:           692132 kB
MemTotal:        1844596 kB
MemFree:          919368 kB
MemAvailable:    1543628 kB
Buffers:           38236 kB
Cached:           692132 kB
MemTotal:        1844596 kB
MemFree:          917252 kB
MemAvailable:    1541512 kB
Buffers:           38236 kB
Cached:           692132 kB
MemTotal:        1844596 kB
MemFree:          917504 kB
MemAvailable:    1541764 kB
Buffers:           38236 kB
Cached:           692132 kB
MemTotal:        1844596 kB
MemFree:          915880 kB
MemAvailable:    1540140 kB
Buffers:           38236 kB
Cached:           692132 kB
MemTotal:        1844596 kB
MemFree:          916012 kB
MemAvailable:    1540272 kB
Buffers:           38236 kB
Cached:           692132 kB
MemTotal:        1844596 kB
MemFree:          917120 kB
MemAvailable:    1541380 kB
Buffers:           38236 kB
Cached:           692132 kB
MemTotal:        1844596 kB
MemFree:          917376 kB
MemAvailable:    1541636 kB
Buffers:           38236 kB
Cached:           692132 kB
MemTotal:        1844596 kB
MemFree:          916252 kB
MemAvailable:    1540512 kB
Buffers:           38236 kB
Cached:           692132 kB
MemTotal:        1844596 kB
MemFree:          915020 kB
MemAvailable:    1539280 kB
Buffers:           38236 kB
Cached:           692132 kB
MemTotal:        1844596 kB
MemFree:          914888 kB
MemAvailable:    1539148 kB
Buffers:           38236 kB
Cached:           692132 kB
MemTotal:        1844596 kB
MemFree:          914780 kB
MemAvailable:    1539040 kB
Buffers:           38236 kB
Cached:           692132 kB
MemTotal:        1844596 kB
MemFree:          914652 kB
MemAvailable:    1538912 kB
Buffers:           38236 kB
Cached:           692132 kB
MemTotal:        1844596 kB
MemFree:          914828 kB
MemAvailable:    1539088 kB
Buffers:           38236 kB
Cached:           692132 kB
MemTotal:        1844596 kB
MemFree:          914720 kB
MemAvailable:    1538980 kB
Buffers:           38236 kB
Cached:           692132 kB
MemTotal:        1844596 kB
MemFree:          914640 kB
MemAvailable:    1538900 kB
Buffers:           38236 kB
Cached:           692132 kB
MemTotal:        1844596 kB
MemFree:          914976 kB
MemAvailable:    1539236 kB
Buffers:           38236 kB
Cached:           692132 kB
MemTotal:        1844596 kB
MemFree:          914844 kB
MemAvailable:    1539104 kB
Buffers:           38236 kB
Cached:           692132 kB
MemTotal:        1844596 kB
MemFree:          914416 kB
MemAvailable:    1538676 kB
Buffers:           38236 kB
Cached:           692132 kB
MemTotal:        1844596 kB
MemFree:          913524 kB
MemAvailable:    1537784 kB
Buffers:           38236 kB
Cached:           692132 kB
MemTotal:        1844596 kB
MemFree:          913656 kB
MemAvailable:    1537916 kB
Buffers:           38236 kB
Cached:           692132 kB
MemTotal:        1844596 kB
MemFree:          914904 kB
MemAvailable:    1539164 kB
Buffers:           38236 kB
Cached:           692132 kB
MemTotal:        1844596 kB
MemFree:          915888 kB
MemAvailable:    1540156 kB
Buffers:           38236 kB
Cached:           692140 kB
MemTotal:        1844596 kB
MemFree:          913292 kB
MemAvailable:    1537560 kB
Buffers:           38236 kB
Cached:           692140 kB
MemTotal:        1844596 kB
MemFree:          912672 kB
MemAvailable:    1536940 kB
Buffers:           38236 kB
Cached:           692140 kB
MemTotal:        1844596 kB
MemFree:          911556 kB
MemAvailable:    1535828 kB
Buffers:           38236 kB
Cached:           692144 kB
MemTotal:        1844596 kB
MemFree:          912540 kB
MemAvailable:    1536812 kB
Buffers:           38236 kB
Cached:           692144 kB
MemTotal:        1844596 kB
MemFree:          912168 kB
MemAvailable:    1536440 kB
Buffers:           38236 kB
Cached:           692144 kB
MemTotal:        1844596 kB
MemFree:          911556 kB
MemAvailable:    1535828 kB
Buffers:           38236 kB
Cached:           692144 kB
MemTotal:        1844596 kB
MemFree:          910184 kB
MemAvailable:    1534456 kB
Buffers:           38236 kB
Cached:           692144 kB
MemTotal:        1844596 kB
MemFree:          910672 kB
MemAvailable:    1534944 kB
Buffers:           38236 kB
Cached:           692144 kB
MemTotal:        1844596 kB
MemFree:          911008 kB
MemAvailable:    1535280 kB
Buffers:           38236 kB
Cached:           692144 kB
MemTotal:        1844596 kB
MemFree:          910680 kB
MemAvailable:    1534952 kB
Buffers:           38236 kB
Cached:           692144 kB
MemTotal:        1844596 kB
MemFree:          910500 kB
MemAvailable:    1534772 kB
Buffers:           38236 kB
Cached:           692144 kB
MemTotal:        1844596 kB
MemFree:          910448 kB
MemAvailable:    1534720 kB
Buffers:           38236 kB
Cached:           692144 kB
MemTotal:        1844596 kB
MemFree:          909184 kB
MemAvailable:    1533456 kB
Buffers:           38236 kB
Cached:           692144 kB
MemTotal:        1844596 kB
MemFree:          910556 kB
MemAvailable:    1534828 kB
Buffers:           38236 kB
Cached:           692144 kB
MemTotal:        1844596 kB
MemFree:          909060 kB
MemAvailable:    1533332 kB
Buffers:           38236 kB
Cached:           692144 kB
MemTotal:        1844596 kB
MemFree:          909804 kB
MemAvailable:    1534076 kB
Buffers:           38236 kB
Cached:           692144 kB
MemTotal:        1844596 kB
MemFree:          909888 kB
MemAvailable:    1534160 kB
Buffers:           38236 kB
Cached:           692144 kB
MemTotal:        1844596 kB
MemFree:          908400 kB
MemAvailable:    1532672 kB
Buffers:           38236 kB
Cached:           692144 kB
MemTotal:        1844596 kB
MemFree:          909648 kB
MemAvailable:    1533920 kB
Buffers:           38236 kB
Cached:           692144 kB
MemTotal:        1844596 kB
MemFree:          909768 kB
MemAvailable:    1534040 kB
Buffers:           38236 kB
Cached:           692144 kB
MemTotal:        1844596 kB
MemFree:          908396 kB
MemAvailable:    1532668 kB
Buffers:           38236 kB
Cached:           692144 kB
MemTotal:        1844596 kB
MemFree:          908396 kB
MemAvailable:    1532668 kB
Buffers:           38236 kB
Cached:           692144 kB
MemTotal:        1844596 kB
MemFree:          908768 kB
MemAvailable:    1533040 kB
Buffers:           38236 kB
Cached:           692144 kB
MemTotal:        1844596 kB
MemFree:          908636 kB
MemAvailable:    1532908 kB
Buffers:           38236 kB
Cached:           692144 kB
MemTotal:        1844596 kB
MemFree:          908644 kB
MemAvailable:    1532916 kB
Buffers:           38236 kB
Cached:           692144 kB
MemTotal:        1844596 kB
MemFree:          909836 kB
MemAvailable:    1534108 kB
Buffers:           38236 kB
Cached:           692144 kB
MemTotal:        1844596 kB
MemFree:          908696 kB
MemAvailable:    1532968 kB
Buffers:           38236 kB
Cached:           692144 kB
MemTotal:        1844596 kB
MemFree:          909392 kB
MemAvailable:    1533664 kB
Buffers:           38236 kB
Cached:           692144 kB
MemTotal:        1844596 kB
MemFree:          909728 kB
MemAvailable:    1534000 kB
Buffers:           38236 kB
Cached:           692144 kB
MemTotal:        1844596 kB
MemFree:          909176 kB
MemAvailable:    1533448 kB
Buffers:           38236 kB
Cached:           692144 kB
MemTotal:        1844596 kB
MemFree:          909260 kB
MemAvailable:    1533532 kB
Buffers:           38236 kB
Cached:           692144 kB
MemTotal:        1844596 kB
MemFree:          908804 kB
MemAvailable:    1533076 kB
Buffers:           38236 kB
Cached:           692144 kB
MemTotal:        1844596 kB
MemFree:          908588 kB
MemAvailable:    1532860 kB
Buffers:           38236 kB
Cached:           692144 kB
MemTotal:        1844596 kB
MemFree:          907448 kB
MemAvailable:    1531720 kB
Buffers:           38236 kB
Cached:           692144 kB
MemTotal:        1844596 kB
MemFree:          907580 kB
MemAvailable:    1531852 kB
Buffers:           38236 kB
Cached:           692144 kB
MemTotal:        1844596 kB
MemFree:          907324 kB
MemAvailable:    1531596 kB
Buffers:           38236 kB
Cached:           692144 kB
MemTotal:        1844596 kB
MemFree:          908640 kB
MemAvailable:    1532912 kB
Buffers:           38236 kB
Cached:           692144 kB
MemTotal:        1844596 kB
MemFree:          908464 kB
MemAvailable:    1532736 kB
Buffers:           38236 kB
Cached:           692144 kB
MemTotal:        1844596 kB
MemFree:          908656 kB
MemAvailable:    1532928 kB
Buffers:           38236 kB
Cached:           692144 kB
MemTotal:        1844596 kB
MemFree:          908880 kB
MemAvailable:    1533152 kB
Buffers:           38236 kB
Cached:           692144 kB
MemTotal:        1844596 kB
MemFree:          908084 kB
MemAvailable:    1532356 kB
Buffers:           38236 kB
Cached:           692144 kB
MemTotal:        1844596 kB
MemFree:          907416 kB
MemAvailable:    1531688 kB
Buffers:           38236 kB
Cached:           692144 kB
MemTotal:        1844596 kB
MemFree:          908664 kB
MemAvailable:    1532936 kB
Buffers:           38236 kB
Cached:           692144 kB
MemTotal:        1844596 kB
MemFree:          907292 kB
MemAvailable:    1531564 kB
Buffers:           38236 kB
Cached:           692144 kB
MemTotal:        1844596 kB
MemFree:          906904 kB
MemAvailable:    1531176 kB
Buffers:           38236 kB
Cached:           692144 kB
MemTotal:        1844596 kB
MemFree:          905232 kB
MemAvailable:    1529504 kB
Buffers:           38236 kB
Cached:           692144 kB
MemTotal:        1844596 kB
MemFree:          902008 kB
MemAvailable:    1526280 kB
Buffers:           38236 kB
Cached:           692144 kB
MemTotal:        1844596 kB
MemFree:          901448 kB
MemAvailable:    1525720 kB
Buffers:           38236 kB
Cached:           692144 kB
MemTotal:        1844596 kB
MemFree:          900016 kB
MemAvailable:    1524288 kB
Buffers:           38236 kB
Cached:           692144 kB
MemTotal:        1844596 kB
MemFree:          900952 kB
MemAvailable:    1525224 kB
Buffers:           38236 kB
Cached:           692144 kB
MemTotal:        1844596 kB
MemFree:          899652 kB
MemAvailable:    1523924 kB
Buffers:           38236 kB
Cached:           692144 kB
MemTotal:        1844596 kB
MemFree:          900576 kB
MemAvailable:    1524848 kB
Buffers:           38236 kB
Cached:           692144 kB
MemTotal:        1844596 kB
MemFree:          900912 kB
MemAvailable:    1525184 kB
Buffers:           38236 kB
Cached:           692144 kB
MemTotal:        1844596 kB
MemFree:          900752 kB
MemAvailable:    1525024 kB
Buffers:           38236 kB
Cached:           692144 kB
MemTotal:        1844596 kB
MemFree:          900764 kB
MemAvailable:    1525036 kB
Buffers:           38236 kB
Cached:           692144 kB
MemTotal:        1844596 kB
MemFree:          899404 kB
MemAvailable:    1523676 kB
Buffers:           38236 kB
Cached:           692144 kB
MemTotal:        1844596 kB
MemFree:          900588 kB
MemAvailable:    1524860 kB
Buffers:           38236 kB
Cached:           692144 kB
MemTotal:        1844596 kB
MemFree:          900588 kB
MemAvailable:    1524860 kB
Buffers:           38236 kB
Cached:           692144 kB
MemTotal:        1844596 kB
MemFree:          899520 kB
MemAvailable:    1523792 kB
Buffers:           38236 kB
Cached:           692144 kB
MemTotal:        1844596 kB
MemFree:          900504 kB
MemAvailable:    1524776 kB
Buffers:           38236 kB
Cached:           692144 kB
MemTotal:        1844596 kB
MemFree:          900840 kB
MemAvailable:    1525112 kB
Buffers:           38236 kB
Cached:           692144 kB
MemTotal:        1844596 kB
MemFree:          900756 kB
MemAvailable:    1525028 kB
Buffers:           38236 kB
Cached:           692144 kB
MemTotal:        1844596 kB
MemFree:          899336 kB
MemAvailable:    1523608 kB
Buffers:           38236 kB
Cached:           692144 kB
MemTotal:        1844596 kB
MemFree:          900148 kB
MemAvailable:    1524420 kB
Buffers:           38236 kB
Cached:           692144 kB
MemTotal:        1844596 kB
MemFree:          900076 kB
MemAvailable:    1524348 kB
Buffers:           38236 kB
Cached:           692144 kB
MemTotal:        1844596 kB
MemFree:          898888 kB
MemAvailable:    1523160 kB
Buffers:           38236 kB
Cached:           692144 kB
MemTotal:        1844596 kB
MemFree:          898536 kB
MemAvailable:    1522808 kB
Buffers:           38236 kB
Cached:           692144 kB
MemTotal:        1844596 kB
MemFree:          899472 kB
MemAvailable:    1523744 kB
Buffers:           38236 kB
Cached:           692144 kB
MemTotal:        1844596 kB
MemFree:          898040 kB
MemAvailable:    1522312 kB
Buffers:           38236 kB
Cached:           692144 kB
MemTotal:        1844596 kB
MemFree:          898908 kB
MemAvailable:    1523180 kB
Buffers:           38236 kB
Cached:           692144 kB
MemTotal:        1844596 kB
MemFree:          896800 kB
MemAvailable:    1521072 kB
Buffers:           38236 kB
Cached:           692144 kB
MemTotal:        1844596 kB
MemFree:          897048 kB
MemAvailable:    1521320 kB
Buffers:           38236 kB
Cached:           692144 kB
MemTotal:        1844596 kB
MemFree:          896668 kB
MemAvailable:    1520940 kB
Buffers:           38236 kB
Cached:           692144 kB
MemTotal:        1844596 kB
MemFree:          896984 kB
MemAvailable:    1521256 kB
Buffers:           38236 kB
Cached:           692144 kB
MemTotal:        1844596 kB
MemFree:          897236 kB
MemAvailable:    1521508 kB
Buffers:           38236 kB
Cached:           692144 kB
MemTotal:        1844596 kB
MemFree:          895884 kB
MemAvailable:    1520164 kB
Buffers:           38236 kB
Cached:           692152 kB
MemTotal:        1844596 kB
MemFree:          897132 kB
MemAvailable:    1521412 kB
Buffers:           38236 kB
Cached:           692152 kB
MemTotal:        1844596 kB
MemFree:          895884 kB
MemAvailable:    1520164 kB
Buffers:           38236 kB
Cached:           692152 kB
MemTotal:        1844596 kB
MemFree:          896868 kB
MemAvailable:    1521148 kB
Buffers:           38236 kB
Cached:           692152 kB
MemTotal:        1844596 kB
MemFree:          896932 kB
MemAvailable:    1521212 kB
Buffers:           38236 kB
Cached:           692152 kB
MemTotal:        1844596 kB
MemFree:          895668 kB
MemAvailable:    1519948 kB
Buffers:           38236 kB
Cached:           692152 kB
MemTotal:        1844596 kB
MemFree:          895760 kB
MemAvailable:    1520040 kB
Buffers:           38236 kB
Cached:           692152 kB
MemTotal:        1844596 kB
MemFree:          895548 kB
MemAvailable:    1519828 kB
Buffers:           38236 kB
Cached:           692152 kB
MemTotal:        1844596 kB
MemFree:          896800 kB
MemAvailable:    1521080 kB
Buffers:           38236 kB
Cached:           692152 kB
MemTotal:        1844596 kB
MemFree:          896660 kB
MemAvailable:    1520940 kB
Buffers:           38236 kB
Cached:           692152 kB
MemTotal:        1844596 kB
MemFree:          896996 kB
MemAvailable:    1521276 kB
Buffers:           38236 kB
Cached:           692152 kB
MemTotal:        1844596 kB
MemFree:          895048 kB
MemAvailable:    1519328 kB
Buffers:           38236 kB
Cached:           692152 kB
MemTotal:        1844596 kB
MemFree:          895048 kB
MemAvailable:    1519328 kB
Buffers:           38236 kB
Cached:           692152 kB
MemTotal:        1844596 kB
MemFree:          894428 kB
MemAvailable:    1518708 kB
Buffers:           38236 kB
Cached:           692152 kB
MemTotal:        1844596 kB
MemFree:          890592 kB
MemAvailable:    1514872 kB
Buffers:           38236 kB
Cached:           692152 kB
MemTotal:        1844596 kB
MemFree:          891204 kB
MemAvailable:    1515484 kB
Buffers:           38236 kB
Cached:           692152 kB
MemTotal:        1844596 kB
MemFree:          891288 kB
MemAvailable:    1515568 kB
Buffers:           38236 kB
Cached:           692152 kB
MemTotal:        1844596 kB
MemFree:          891220 kB
MemAvailable:    1515500 kB
Buffers:           38236 kB
Cached:           692152 kB
MemTotal:        1844596 kB
MemFree:          891136 kB
MemAvailable:    1515416 kB
Buffers:           38236 kB
Cached:           692152 kB
MemTotal:        1844596 kB
MemFree:          889788 kB
MemAvailable:    1514068 kB
Buffers:           38236 kB
Cached:           692152 kB
MemTotal:        1844596 kB
MemFree:          891088 kB
MemAvailable:    1515368 kB
Buffers:           38236 kB
Cached:           692152 kB
MemTotal:        1844596 kB
MemFree:          889912 kB
MemAvailable:    1514192 kB
Buffers:           38236 kB
Cached:           692152 kB
MemTotal:        1844596 kB
MemFree:          889780 kB
MemAvailable:    1514060 kB
Buffers:           38236 kB
Cached:           692152 kB
MemTotal:        1844596 kB
MemFree:          890888 kB
MemAvailable:    1515168 kB
Buffers:           38236 kB
Cached:           692152 kB
MemTotal:        1844596 kB
MemFree:          890972 kB
MemAvailable:    1515252 kB
Buffers:           38236 kB
Cached:           692152 kB
MemTotal:        1844596 kB
MemFree:          888360 kB
MemAvailable:    1512640 kB
Buffers:           38236 kB
Cached:           692152 kB
MemTotal:        1844596 kB
MemFree:          888368 kB
MemAvailable:    1512648 kB
Buffers:           38236 kB
Cached:           692152 kB
MemTotal:        1844596 kB
MemFree:          886632 kB
MemAvailable:    1510912 kB
Buffers:           38236 kB
Cached:           692152 kB
MemTotal:        1844596 kB
MemFree:          887676 kB
MemAvailable:    1511956 kB
Buffers:           38236 kB
Cached:           692152 kB
MemTotal:        1844596 kB
MemFree:          887680 kB
MemAvailable:    1511960 kB
Buffers:           38236 kB
Cached:           692152 kB
MemTotal:        1844596 kB
MemFree:          887748 kB
MemAvailable:    1512028 kB
Buffers:           38236 kB
Cached:           692152 kB
MemTotal:        1844596 kB
MemFree:          887820 kB
MemAvailable:    1512100 kB
Buffers:           38236 kB
Cached:           692152 kB
MemTotal:        1844596 kB
MemFree:          887728 kB
MemAvailable:    1512008 kB
Buffers:           38236 kB
Cached:           692152 kB
MemTotal:        1844596 kB
MemFree:          889548 kB
MemAvailable:    1513828 kB
Buffers:           38236 kB
Cached:           692152 kB
MemTotal:        1844596 kB
MemFree:          889800 kB
MemAvailable:    1514080 kB
Buffers:           38236 kB
Cached:           692152 kB
MemTotal:        1844596 kB
MemFree:          889552 kB
MemAvailable:    1513832 kB
Buffers:           38236 kB
Cached:           692152 kB
MemTotal:        1844596 kB
MemFree:          889480 kB
MemAvailable:    1513928 kB
Buffers:           38236 kB
Cached:           692276 kB
MemTotal:        1844596 kB
MemFree:          888492 kB
MemAvailable:    1512940 kB
Buffers:           38236 kB
Cached:           692400 kB
MemTotal:        1844596 kB
MemFree:          889040 kB
MemAvailable:    1513656 kB
Buffers:           38236 kB
Cached:           692524 kB
MemTotal:        1844596 kB
MemFree:          889208 kB
MemAvailable:    1513824 kB
Buffers:           38236 kB
Cached:           692524 kB
MemTotal:        1844596 kB
MemFree:          887824 kB
MemAvailable:    1512608 kB
Buffers:           38236 kB
Cached:           692772 kB
MemTotal:        1844596 kB
MemFree:          887824 kB
MemAvailable:    1512608 kB
Buffers:           38236 kB
Cached:           692772 kB
MemTotal:        1844596 kB
MemFree:          888800 kB
MemAvailable:    1513668 kB
Buffers:           38236 kB
Cached:           692772 kB
MemTotal:        1844596 kB
MemFree:          889052 kB
MemAvailable:    1513920 kB
Buffers:           38236 kB
Cached:           692772 kB
MemTotal:        1844596 kB
MemFree:          888976 kB
MemAvailable:    1513844 kB
Buffers:           38236 kB
Cached:           692772 kB
MemTotal:        1844596 kB
MemFree:          887748 kB
MemAvailable:    1512616 kB
Buffers:           38236 kB
Cached:           692772 kB
MemTotal:        1844596 kB
MemFree:          888816 kB
MemAvailable:    1513684 kB
Buffers:           38236 kB
Cached:           692772 kB
MemTotal:        1844596 kB
MemFree:          887748 kB
MemAvailable:    1512616 kB
Buffers:           38236 kB
Cached:           692772 kB
MemTotal:        1844596 kB
MemFree:          888808 kB
MemAvailable:    1513760 kB
Buffers:           38236 kB
Cached:           692772 kB
MemTotal:        1844596 kB
MemFree:          889060 kB
MemAvailable:    1514012 kB
Buffers:           38236 kB
Cached:           692772 kB
MemTotal:        1844596 kB
MemFree:          888244 kB
MemAvailable:    1512524 kB
Buffers:           38236 kB
Cached:           692140 kB
MemTotal:        1844596 kB
MemFree:          956592 kB
MemAvailable:    1580872 kB
Buffers:           38236 kB
Cached:           692140 kB
