MemTotal:        1844596 kB
MemFree:          758876 kB
MemAvailable:    1531280 kB
Buffers:           55572 kB
Cached:           821476 kB
MemTotal:        1844596 kB
MemFree:          758092 kB
MemAvailable:    1530496 kB
Buffers:           55572 kB
Cached:           821476 kB
MemTotal:        1844596 kB
MemFree:          756528 kB
MemAvailable:    1528932 kB
Buffers:           55572 kB
Cached:           821476 kB
MemTotal:        1844596 kB
MemFree:          755172 kB
MemAvailable:    1527576 kB
Buffers:           55572 kB
Cached:           821476 kB
MemTotal:        1844596 kB
MemFree:          756288 kB
MemAvailable:    1528692 kB
Buffers:           55572 kB
Cached:           821476 kB
MemTotal:        1844596 kB
MemFree:          755296 kB
MemAvailable:    1527700 kB
Buffers:           55572 kB
Cached:           821476 kB
MemTotal:        1844596 kB
MemFree:          753172 kB
MemAvailable:    1525576 kB
Buffers:           55572 kB
Cached:           821476 kB
MemTotal:        1844596 kB
MemFree:          753300 kB
MemAvailable:    1525704 kB
Buffers:           55572 kB
Cached:           821476 kB
MemTotal:        1844596 kB
MemFree:          749644 kB
MemAvailable:    1522048 kB
Buffers:           55572 kB
Cached:           821476 kB
MemTotal:        1844596 kB
MemFree:          744244 kB
MemAvailable:    1516648 kB
Buffers:           55572 kB
Cached:           821476 kB
MemTotal:        1844596 kB
MemFree:          746368 kB
MemAvailable:    1518772 kB
Buffers:           55572 kB
Cached:           821476 kB
MemTotal:        1844596 kB
MemFree:          746272 kB
MemAvailable:    1518676 kB
Buffers:           55572 kB
Cached:           821476 kB
MemTotal:        1844596 kB
MemFree:          746608 kB
MemAvailable:    1519012 kB
Buffers:           55572 kB
Cached:           821476 kB
MemTotal:        1844596 kB
MemFree:          746480 kB
MemAvailable:    1518884 kB
Buffers:           55572 kB
Cached:           821476 kB
MemTotal:        1844596 kB
MemFree:          746344 kB
MemAvailable:    1518748 kB
Buffers:           55572 kB
Cached:           821476 kB
MemTotal:        1844596 kB
MemFree:          745956 kB
MemAvailable:    1518360 kB
Buffers:           55572 kB
Cached:           821476 kB
MemTotal:        1844596 kB
MemFree:          745632 kB
MemAvailable:    1518036 kB
Buffers:           55572 kB
Cached:           821476 kB
MemTotal:        1844596 kB
MemFree:          744260 kB
MemAvailable:    1516664 kB
Buffers:           55572 kB
Cached:           821476 kB
MemTotal:        1844596 kB
MemFree:          744196 kB
MemAvailable:    1516600 kB
Buffers:           55572 kB
Cached:           821476 kB
MemTotal:        1844596 kB
MemFree:          744004 kB
MemAvailable:    1516408 kB
Buffers:           55572 kB
Cached:           821476 kB
MemTotal:        1844596 kB
MemFree:          742896 kB
MemAvailable:    1515300 kB
Buffers:           55572 kB
Cached:           821476 kB
MemTotal:        1844596 kB
MemFree:          743744 kB
MemAvailable:    1516148 kB
Buffers:           55572 kB
Cached:           821476 kB
MemTotal:        1844596 kB
MemFree:          744000 kB
MemAvailable:    1516404 kB
Buffers:           55572 kB
Cached:           821476 kB
MemTotal:        1844596 kB
MemFree:          742712 kB
MemAvailable:    1515116 kB
Buffers:           55572 kB
Cached:           821476 kB
MemTotal:        1844596 kB
MemFree:          742580 kB
MemAvailable:    1514984 kB
Buffers:           55572 kB
Cached:           821476 kB
MemTotal:        1844596 kB
MemFree:          743144 kB
MemAvailable:    1515548 kB
Buffers:           55572 kB
Cached:           821476 kB
MemTotal:        1844596 kB
MemFree:          744004 kB
MemAvailable:    1516408 kB
Buffers:           55572 kB
Cached:           821476 kB
MemTotal:        1844596 kB
MemFree:          744004 kB
MemAvailable:    1516408 kB
Buffers:           55572 kB
Cached:           821476 kB
MemTotal:        1844596 kB
MemFree:          745100 kB
MemAvailable:    1517504 kB
Buffers:           55576 kB
Cached:           821472 kB
MemTotal:        1844596 kB
MemFree:          743932 kB
MemAvailable:    1516336 kB
Buffers:           55576 kB
Cached:           821472 kB
MemTotal:        1844596 kB
MemFree:          743640 kB
MemAvailable:    1516044 kB
Buffers:           55576 kB
Cached:           821472 kB
MemTotal:        1844596 kB
MemFree:          740788 kB
MemAvailable:    1513192 kB
Buffers:           55576 kB
Cached:           821472 kB
MemTotal:        1844596 kB
MemFree:          741648 kB
MemAvailable:    1514052 kB
Buffers:           55576 kB
Cached:           821472 kB
MemTotal:        1844596 kB
MemFree:          740904 kB
MemAvailable:    1513308 kB
Buffers:           55576 kB
Cached:           821472 kB
MemTotal:        1844596 kB
MemFree:          740904 kB
MemAvailable:    1513308 kB
Buffers:           55576 kB
Cached:           821472 kB
MemTotal:        1844596 kB
MemFree:          739280 kB
MemAvailable:    1511684 kB
Buffers:           55576 kB
Cached:           821472 kB
MemTotal:        1844596 kB
MemFree:          739920 kB
MemAvailable:    1512324 kB
Buffers:           55576 kB
Cached:           821472 kB
MemTotal:        1844596 kB
MemFree:          738804 kB
MemAvailable:    1511208 kB
Buffers:           55576 kB
Cached:           821472 kB
MemTotal:        1844596 kB
MemFree:          739796 kB
MemAvailable:    1512200 kB
Buffers:           55576 kB
Cached:           821472 kB
MemTotal:        1844596 kB
MemFree:          739840 kB
MemAvailable:    1512244 kB
Buffers:           55576 kB
Cached:           821472 kB
MemTotal:        1844596 kB
MemFree:          738384 kB
MemAvailable:    1510788 kB
Buffers:           55576 kB
Cached:           821472 kB
MemTotal:        1844596 kB
MemFree:          739656 kB
MemAvailable:    1512060 kB
Buffers:           55576 kB
Cached:           821472 kB
MemTotal:        1844596 kB
MemFree:          739656 kB
MemAvailable:    1512060 kB
Buffers:           55576 kB
Cached:           821472 kB
MemTotal:        1844596 kB
MemFree:          738308 kB
MemAvailable:    1510712 kB
Buffers:           55576 kB
Cached:           821472 kB
MemTotal:        1844596 kB
MemFree:          739112 kB
MemAvailable:    1511516 kB
Buffers:           55576 kB
Cached:           821472 kB
MemTotal:        1844596 kB
MemFree:          738920 kB
MemAvailable:    1511336 kB
Buffers:           55576 kB
Cached:           821484 kB
MemTotal:        1844596 kB
MemFree:          737804 kB
MemAvailable:    1510220 kB
Buffers:           55576 kB
Cached:           821484 kB
MemTotal:        1844596 kB
MemFree:          737388 kB
MemAvailable:    1509804 kB
Buffers:           55576 kB
Cached:           821484 kB
MemTotal:        1844596 kB
MemFree:          737388 kB
MemAvailable:    1509804 kB
Buffers:           55576 kB
Cached:           821484 kB
MemTotal:        1844596 kB
MemFree:          737512 kB
MemAvailable:    1509928 kB
Buffers:           55576 kB
Cached:           821484 kB
MemTotal:        1844596 kB
MemFree:          737504 kB
MemAvailable:    1509920 kB
Buffers:           55576 kB
Cached:           821484 kB
MemTotal:        1844596 kB
MemFree:          738812 kB
MemAvailable:    1511228 kB
Buffers:           55576 kB
Cached:           821484 kB
MemTotal:        1844596 kB
MemFree:          738680 kB
MemAvailable:    1511096 kB
Buffers:           55576 kB
Cached:           821484 kB
MemTotal:        1844596 kB
MemFree:          737812 kB
MemAvailable:    1510228 kB
Buffers:           55576 kB
Cached:           821484 kB
MemTotal:        1844596 kB
MemFree:          738528 kB
MemAvailable:    1510944 kB
Buffers:           55576 kB
Cached:           821484 kB
MemTotal:        1844596 kB
MemFree:          738864 kB
MemAvailable:    1511280 kB
Buffers:           55576 kB
Cached:           821484 kB
MemTotal:        1844596 kB
MemFree:          737660 kB
MemAvailable:    1510076 kB
Buffers:           55576 kB
Cached:           821484 kB
MemTotal:        1844596 kB
MemFree:          737420 kB
MemAvailable:    1509836 kB
Buffers:           55576 kB
Cached:           821484 kB
MemTotal:        1844596 kB
MemFree:          738640 kB
MemAvailable:    1511056 kB
Buffers:           55576 kB
Cached:           821484 kB
MemTotal:        1844596 kB
MemFree:          736936 kB
MemAvailable:    1509352 kB
Buffers:           55576 kB
Cached:           821484 kB
MemTotal:        1844596 kB
MemFree:          737068 kB
MemAvailable:    1509484 kB
Buffers:           55576 kB
Cached:           821484 kB
MemTotal:        1844596 kB
MemFree:          738060 kB
MemAvailable:    1510476 kB
Buffers:           55576 kB
Cached:           821484 kB
MemTotal:        1844596 kB
MemFree:          737988 kB
MemAvailable:    1510404 kB
Buffers:           55576 kB
Cached:           821484 kB
MemTotal:        1844596 kB
MemFree:          736640 kB
MemAvailable:    1509056 kB
Buffers:           55576 kB
Cached:           821484 kB
MemTotal:        1844596 kB
MemFree:          737792 kB
MemAvailable:    1510208 kB
Buffers:           55576 kB
Cached:           821484 kB
MemTotal:        1844596 kB
MemFree:          736420 kB
MemAvailable:    1508836 kB
Buffers:           55576 kB
Cached:           821484 kB
MemTotal:        1844596 kB
MemFree:          737720 kB
MemAvailable:    1510136 kB
Buffers:           55576 kB
Cached:           821484 kB
MemTotal:        1844596 kB
MemFree:          737868 kB
MemAvailable:    1510284 kB
Buffers:           55576 kB
Cached:           821484 kB
MemTotal:        1844596 kB
MemFree:          737780 kB
MemAvailable:    1510196 kB
Buffers:           55576 kB
Cached:           821484 kB
MemTotal:        1844596 kB
MemFree:          737668 kB
MemAvailable:    1510084 kB
Buffers:           55576 kB
Cached:           821484 kB
MemTotal:        1844596 kB
MemFree:          736688 kB
MemAvailable:    1509104 kB
Buffers:           55576 kB
Cached:           821484 kB
MemTotal:        1844596 kB
MemFree:          736772 kB
MemAvailable:    1509188 kB
Buffers:           55576 kB
Cached:           821484 kB
MemTotal:        1844596 kB
MemFree:          734092 kB
MemAvailable:    1506508 kB
Buffers:           55576 kB
Cached:           821484 kB
MemTotal:        1844596 kB
MemFree:          732292 kB
MemAvailable:    1504708 kB
Buffers:           55576 kB
Cached:           821484 kB
MemTotal:        1844596 kB
MemFree:          729504 kB
MemAvailable:    1501920 kB
Buffers:           55576 kB
Cached:           821484 kB
MemTotal:        1844596 kB
MemFree:          729736 kB
MemAvailable:    1502156 kB
Buffers:           55576 kB
Cached:           821488 kB
MemTotal:        1844596 kB
MemFree:          729256 kB
MemAvailable:    1501676 kB
Buffers:           55576 kB
Cached:           821488 kB
MemTotal:        1844596 kB
MemFree:          729868 kB
MemAvailable:    1502288 kB
Buffers:           55576 kB
Cached:           821488 kB
MemTotal:        1844596 kB
MemFree:          728760 kB
MemAvailable:    1501180 kB
Buffers:           55576 kB
Cached:           821488 kB
MemTotal:        1844596 kB
MemFree:          729744 kB
MemAvailable:    1502164 kB
Buffers:           55576 kB
Cached:           821488 kB
MemTotal:        1844596 kB
MemFree:          729744 kB
MemAvailable:    1502164 kB
Buffers:           55576 kB
Cached:           821488 kB
MemTotal:        1844596 kB
MemFree:          729788 kB
MemAvailable:    1502208 kB
Buffers:           55576 kB
Cached:           821488 kB
MemTotal:        1844596 kB
MemFree:          729636 kB
MemAvailable:    1502056 kB
Buffers:           55576 kB
Cached:           821488 kB
MemTotal:        1844596 kB
MemFree:          729756 kB
MemAvailable:    1502176 kB
Buffers:           55576 kB
Cached:           821488 kB
MemTotal:        1844596 kB
MemFree:          728576 kB
MemAvailable:    1500996 kB
Buffers:           55576 kB
Cached:           821488 kB
MemTotal:        1844596 kB
MemFree:          729796 kB
MemAvailable:    1502216 kB
Buffers:           55576 kB
Cached:           821488 kB
MemTotal:        1844596 kB
MemFree:          728820 kB
MemAvailable:    1501240 kB
Buffers:           55576 kB
Cached:           821488 kB
MemTotal:        1844596 kB
MemFree:          728572 kB
MemAvailable:    1500992 kB
Buffers:           55576 kB
Cached:           821488 kB
MemTotal:        1844596 kB
MemFree:          728440 kB
MemAvailable:    1500860 kB
Buffers:           55576 kB
Cached:           821488 kB
MemTotal:        1844596 kB
MemFree:          729848 kB
MemAvailable:    1502268 kB
Buffers:           55576 kB
Cached:           821488 kB
MemTotal:        1844596 kB
MemFree:          728560 kB
MemAvailable:    1500980 kB
Buffers:           55576 kB
Cached:           821488 kB
MemTotal:        1844596 kB
MemFree:          728984 kB
MemAvailable:    1501404 kB
Buffers:           55576 kB
Cached:           821488 kB
MemTotal:        1844596 kB
MemFree:          728984 kB
MemAvailable:    1501404 kB
Buffers:           55576 kB
Cached:           821488 kB
MemTotal:        1844596 kB
MemFree:          728688 kB
MemAvailable:    1501108 kB
Buffers:           55576 kB
Cached:           821488 kB
MemTotal:        1844596 kB
MemFree:          728688 kB
MemAvailable:    1501108 kB
Buffers:           55576 kB
Cached:           821488 kB
MemTotal:        1844596 kB
MemFree:          728192 kB
MemAvailable:    1500612 kB
Buffers:           55576 kB
Cached:           821488 kB
MemTotal:        1844596 kB
MemFree:          728068 kB
MemAvailable:    1500488 kB
Buffers:           55576 kB
Cached:           821488 kB
MemTotal:        1844596 kB
MemFree:          727024 kB
MemAvailable:    1499444 kB
Buffers:           55576 kB
Cached:           821488 kB
MemTotal:        1844596 kB
MemFree:          727512 kB
MemAvailable:    1499932 kB
Buffers:           55576 kB
Cached:           821488 kB
MemTotal:        1844596 kB
MemFree:          725900 kB
MemAvailable:    1498320 kB
Buffers:           55576 kB
Cached:           821488 kB
MemTotal:        1844596 kB
MemFree:          727132 kB
MemAvailable:    1499552 kB
Buffers:           55576 kB
Cached:           821488 kB
MemTotal:        1844596 kB
MemFree:          726612 kB
MemAvailable:    1499032 kB
Buffers:           55576 kB
Cached:           821488 kB
MemTotal:        1844596 kB
MemFree:          726264 kB
MemAvailable:    1498684 kB
Buffers:           55576 kB
Cached:           821488 kB
MemTotal:        1844596 kB
MemFree:          725908 kB
MemAvailable:    1498328 kB
Buffers:           55576 kB
Cached:           821488 kB
MemTotal:        1844596 kB
MemFree:          725968 kB
MemAvailable:    1498388 kB
Buffers:           55576 kB
Cached:           821488 kB
MemTotal:        1844596 kB
MemFree:          726040 kB
MemAvailable:    1498460 kB
Buffers:           55576 kB
Cached:           821488 kB
MemTotal:        1844596 kB
MemFree:          724528 kB
MemAvailable:    1496948 kB
Buffers:           55576 kB
Cached:           821488 kB
MemTotal:        1844596 kB
MemFree:          726044 kB
MemAvailable:    1498464 kB
Buffers:           55576 kB
Cached:           821488 kB
MemTotal:        1844596 kB
MemFree:          725956 kB
MemAvailable:    1498376 kB
Buffers:           55576 kB
Cached:           821488 kB
MemTotal:        1844596 kB
MemFree:          725968 kB
MemAvailable:    1498388 kB
Buffers:           55576 kB
Cached:           821488 kB
MemTotal:        1844596 kB
MemFree:          725164 kB
MemAvailable:    1497584 kB
Buffers:           55576 kB
Cached:           821488 kB
MemTotal:        1844596 kB
MemFree:          725900 kB
MemAvailable:    1498320 kB
Buffers:           55576 kB
Cached:           821488 kB
MemTotal:        1844596 kB
MemFree:          725916 kB
MemAvailable:    1498336 kB
Buffers:           55576 kB
Cached:           821488 kB
MemTotal:        1844596 kB
MemFree:          725536 kB
MemAvailable:    1497956 kB
Buffers:           55576 kB
Cached:           821488 kB
MemTotal:        1844596 kB
MemFree:          724288 kB
MemAvailable:    1496708 kB
Buffers:           55576 kB
Cached:           821488 kB
MemTotal:        1844596 kB
MemFree:          720436 kB
MemAvailable:    1492856 kB
Buffers:           55576 kB
Cached:           821488 kB
MemTotal:        1844596 kB
MemFree:          720328 kB
MemAvailable:    1492748 kB
Buffers:           55576 kB
Cached:           821488 kB
MemTotal:        1844596 kB
MemFree:          720132 kB
MemAvailable:    1492552 kB
Buffers:           55576 kB
Cached:           821488 kB
MemTotal:        1844596 kB
MemFree:          720468 kB
MemAvailable:    1492888 kB
Buffers:           55576 kB
Cached:           821488 kB
MemTotal:        1844596 kB
MemFree:          720140 kB
MemAvailable:    1492560 kB
Buffers:           55576 kB
Cached:           821488 kB
MemTotal:        1844596 kB
MemFree:          718900 kB
MemAvailable:    1491320 kB
Buffers:           55576 kB
Cached:           821488 kB
MemTotal:        1844596 kB
MemFree:          719024 kB
MemAvailable:    1491444 kB
Buffers:           55576 kB
Cached:           821488 kB
MemTotal:        1844596 kB
MemFree:          720196 kB
MemAvailable:    1492624 kB
Buffers:           55576 kB
Cached:           821496 kB
MemTotal:        1844596 kB
MemFree:          719336 kB
MemAvailable:    1491764 kB
Buffers:           55576 kB
Cached:           821496 kB
MemTotal:        1844596 kB
MemFree:          719804 kB
MemAvailable:    1492232 kB
Buffers:           55576 kB
Cached:           821496 kB
MemTotal:        1844596 kB
MemFree:          720140 kB
MemAvailable:    1492568 kB
Buffers:           55576 kB
Cached:           821496 kB
MemTotal:        1844596 kB
MemFree:          717840 kB
MemAvailable:    1490268 kB
Buffers:           55576 kB
Cached:           821496 kB
MemTotal:        1844596 kB
MemFree:          717164 kB
MemAvailable:    1489592 kB
Buffers:           55576 kB
Cached:           821496 kB
MemTotal:        1844596 kB
MemFree:          715864 kB
MemAvailable:    1488292 kB
Buffers:           55576 kB
Cached:           821496 kB
MemTotal:        1844596 kB
MemFree:          716844 kB
MemAvailable:    1489272 kB
Buffers:           55576 kB
Cached:           821496 kB
MemTotal:        1844596 kB
MemFree:          715424 kB
MemAvailable:    1487852 kB
Buffers:           55576 kB
Cached:           821496 kB
MemTotal:        1844596 kB
MemFree:          715680 kB
MemAvailable:    1488108 kB
Buffers:           55576 kB
Cached:           821496 kB
MemTotal:        1844596 kB
MemFree:          715680 kB
MemAvailable:    1488108 kB
Buffers:           55576 kB
Cached:           821496 kB
MemTotal:        1844596 kB
MemFree:          716112 kB
MemAvailable:    1488540 kB
Buffers:           55576 kB
Cached:           821496 kB
MemTotal:        1844596 kB
MemFree:          718620 kB
MemAvailable:    1491048 kB
Buffers:           55576 kB
Cached:           821496 kB
MemTotal:        1844596 kB
MemFree:          718060 kB
MemAvailable:    1490364 kB
Buffers:           55576 kB
Cached:           821496 kB
MemTotal:        1844596 kB
MemFree:          718668 kB
MemAvailable:    1491180 kB
Buffers:           55576 kB
Cached:           821620 kB
MemTotal:        1844596 kB
MemFree:          717468 kB
MemAvailable:    1490148 kB
Buffers:           55576 kB
Cached:           821744 kB
MemTotal:        1844596 kB
MemFree:          717592 kB
MemAvailable:    1490356 kB
Buffers:           55576 kB
Cached:           821868 kB
MemTotal:        1844596 kB
MemFree:          717476 kB
MemAvailable:    1490408 kB
Buffers:           55576 kB
Cached:           821992 kB
MemTotal:        1844596 kB
MemFree:          717476 kB
MemAvailable:    1490492 kB
Buffers:           55576 kB
Cached:           822116 kB
MemTotal:        1844596 kB
MemFree:          718468 kB
MemAvailable:    1491484 kB
Buffers:           55576 kB
Cached:           822116 kB
MemTotal:        1844596 kB
MemFree:          717352 kB
MemAvailable:    1490368 kB
Buffers:           55576 kB
Cached:           822116 kB
MemTotal:        1844596 kB
MemFree:          717944 kB
MemAvailable:    1490960 kB
Buffers:           55576 kB
Cached:           822116 kB
MemTotal:        1844596 kB
MemFree:          718136 kB
MemAvailable:    1491152 kB
Buffers:           55576 kB
Cached:           822116 kB
MemTotal:        1844596 kB
MemFree:          718080 kB
MemAvailable:    1491096 kB
Buffers:           55576 kB
Cached:           822116 kB
MemTotal:        1844596 kB
MemFree:          718080 kB
MemAvailable:    1491096 kB
Buffers:           55576 kB
Cached:           822116 kB
MemTotal:        1844596 kB
MemFree:          718076 kB
MemAvailable:    1491092 kB
Buffers:           55576 kB
Cached:           822116 kB
MemTotal:        1844596 kB
MemFree:          718076 kB
MemAvailable:    1491092 kB
Buffers:           55576 kB
Cached:           822116 kB
MemTotal:        1844596 kB
MemFree:          718716 kB
MemAvailable:    1491144 kB
Buffers:           55576 kB
Cached:           821568 kB
MemTotal:        1844596 kB
MemFree:          718692 kB
MemAvailable:    1491120 kB
Buffers:           55576 kB
Cached:           821568 kB
MemTotal:        1844596 kB
MemFree:          768748 kB
MemAvailable:    1541176 kB
Buffers:           55576 kB
Cached:           821568 kB
