MemTotal:        1844596 kB
MemFree:          720408 kB
MemAvailable:    1529756 kB
Buffers:           59220 kB
Cached:           851728 kB
MemTotal:        1844596 kB
MemFree:          719100 kB
MemAvailable:    1528448 kB
Buffers:           59220 kB
Cached:           851728 kB
MemTotal:        1844596 kB
MemFree:          717000 kB
MemAvailable:    1526348 kB
Buffers:           59220 kB
Cached:           851728 kB
MemTotal:        1844596 kB
MemFree:          716812 kB
MemAvailable:    1526160 kB
Buffers:           59220 kB
Cached:           851728 kB
MemTotal:        1844596 kB
MemFree:          716572 kB
MemAvailable:    1525920 kB
Buffers:           59220 kB
Cached:           851728 kB
MemTotal:        1844596 kB
MemFree:          716572 kB
MemAvailable:    1525920 kB
Buffers:           59220 kB
Cached:           851728 kB
MemTotal:        1844596 kB
MemFree:          713396 kB
MemAvailable:    1522744 kB
Buffers:           59220 kB
Cached:           851728 kB
MemTotal:        1844596 kB
MemFree:          710056 kB
MemAvailable:    1519404 kB
Buffers:           59228 kB
Cached:           851720 kB
MemTotal:        1844596 kB
MemFree:          708568 kB
MemAvailable:    1517916 kB
Buffers:           59228 kB
Cached:           851720 kB
MemTotal:        1844596 kB
MemFree:          705692 kB
MemAvailable:    1515040 kB
Buffers:           59228 kB
Cached:           851720 kB
MemTotal:        1844596 kB
MemFree:          706736 kB
MemAvailable:    1516084 kB
Buffers:           59228 kB
Cached:           851720 kB
MemTotal:        1844596 kB
MemFree:          707072 kB
MemAvailable:    1516420 kB
Buffers:           59228 kB
Cached:           851720 kB
MemTotal:        1844596 kB
MemFree:          705528 kB
MemAvailable:    1514876 kB
Buffers:           59228 kB
Cached:           851720 kB
MemTotal:        1844596 kB
MemFree:          706644 kB
MemAvailable:    1515992 kB
Buffers:           59228 kB
Cached:           851720 kB
MemTotal:        1844596 kB
MemFree:          706156 kB
MemAvailable:    1515504 kB
Buffers:           59228 kB
Cached:           851720 kB
MemTotal:        1844596 kB
MemFree:          705088 kB
MemAvailable:    1514436 kB
Buffers:           59228 kB
Cached:           851720 kB
MemTotal:        1844596 kB
MemFree:          705280 kB
MemAvailable:    1514628 kB
Buffers:           59228 kB
Cached:           851720 kB
MemTotal:        1844596 kB
MemFree:          703732 kB
MemAvailable:    1513080 kB
Buffers:           59228 kB
Cached:           851720 kB
MemTotal:        1844596 kB
MemFree:          704412 kB
MemAvailable:    1513760 kB
Buffers:           59228 kB
Cached:           851720 kB
MemTotal:        1844596 kB
MemFree:          703988 kB
MemAvailable:    1513336 kB
Buffers:           59228 kB
Cached:           851720 kB
MemTotal:        1844596 kB
MemFree:          704220 kB
MemAvailable:    1513568 kB
Buffers:           59228 kB
Cached:           851720 kB
MemTotal:        1844596 kB
MemFree:          704164 kB
MemAvailable:    1513512 kB
Buffers:           59228 kB
Cached:           851720 kB
MemTotal:        1844596 kB
MemFree:          704500 kB
MemAvailable:    1513848 kB
Buffers:           59228 kB
Cached:           851720 kB
MemTotal:        1844596 kB
MemFree:          703092 kB
MemAvailable:    1512440 kB
Buffers:           59228 kB
Cached:           851720 kB
MemTotal:        1844596 kB
MemFree:          704288 kB
MemAvailable:    1513636 kB
Buffers:           59228 kB
Cached:           851720 kB
MemTotal:        1844596 kB
MemFree:          703608 kB
MemAvailable:    1512956 kB
Buffers:           59228 kB
Cached:           851720 kB
MemTotal:        1844596 kB
MemFree:          705656 kB
MemAvailable:    1515012 kB
Buffers:           59228 kB
Cached:           851728 kB
MemTotal:        1844596 kB
MemFree:          705592 kB
MemAvailable:    1514948 kB
Buffers:           59228 kB
Cached:           851728 kB
MemTotal:        1844596 kB
MemFree:          705660 kB
MemAvailable:    1515016 kB
Buffers:           59228 kB
Cached:           851728 kB
MemTotal:        1844596 kB
MemFree:          703716 kB
MemAvailable:    1513072 kB
Buffers:           59228 kB
Cached:           851728 kB
MemTotal:        1844596 kB
MemFree:          703484 kB
MemAvailable:    1512840 kB
Buffers:           59228 kB
Cached:           851728 kB
MemTotal:        1844596 kB
MemFree:          702244 kB
MemAvailable:    1511600 kB
Buffers:           59228 kB
Cached:           851728 kB
MemTotal:        1844596 kB
MemFree:          700624 kB
MemAvailable:    1509980 kB
Buffers:           59228 kB
Cached:           851728 kB
MemTotal:        1844596 kB
MemFree:          701748 kB
MemAvailable:    1511104 kB
Buffers:           59228 kB
Cached:           851728 kB
MemTotal:        1844596 kB
MemFree:          699748 kB
MemAvailable:    1509104 kB
Buffers:           59228 kB
Cached:           851728 kB
MemTotal:        1844596 kB
MemFree:          701120 kB
MemAvailable:    1510476 kB
Buffers:           59228 kB
Cached:           851728 kB
MemTotal:        1844596 kB
MemFree:          698880 kB
MemAvailable:    1508236 kB
Buffers:           59228 kB
Cached:           851728 kB
MemTotal:        1844596 kB
MemFree:          698840 kB
MemAvailable:    1508196 kB
Buffers:           59228 kB
Cached:           851728 kB
MemTotal:        1844596 kB
MemFree:          700116 kB
MemAvailable:    1509472 kB
Buffers:           59228 kB
Cached:           851728 kB
MemTotal:        1844596 kB
MemFree:          700268 kB
MemAvailable:    1509624 kB
Buffers:           59228 kB
Cached:           851728 kB
MemTotal:        1844596 kB
MemFree:          698848 kB
MemAvailable:    1508204 kB
Buffers:           59228 kB
Cached:           851728 kB
MemTotal:        1844596 kB
MemFree:          700196 kB
MemAvailable:    1509564 kB
Buffers:           59228 kB
Cached:           851740 kB
MemTotal:        1844596 kB
MemFree:          698764 kB
MemAvailable:    1508132 kB
Buffers:           59228 kB
Cached:           851740 kB
MemTotal:        1844596 kB
MemFree:          699732 kB
MemAvailable:    1509100 kB
Buffers:           59228 kB
Cached:           851740 kB
MemTotal:        1844596 kB
MemFree:          698408 kB
MemAvailable:    1507776 kB
Buffers:           59228 kB
Cached:           851740 kB
MemTotal:        1844596 kB
MemFree:          698972 kB
MemAvailable:    1508340 kB
Buffers:           59228 kB
Cached:           851740 kB
MemTotal:        1844596 kB
MemFree:          699084 kB
MemAvailable:    1508452 kB
Buffers:           59228 kB
Cached:           851740 kB
MemTotal:        1844596 kB
MemFree:          697900 kB
MemAvailable:    1507268 kB
Buffers:           59228 kB
Cached:           851740 kB
MemTotal:        1844596 kB
MemFree:          697892 kB
MemAvailable:    1507260 kB
Buffers:           59228 kB
Cached:           851740 kB
MemTotal:        1844596 kB
MemFree:          698024 kB
MemAvailable:    1507392 kB
Buffers:           59228 kB
Cached:           851740 kB
MemTotal:        1844596 kB
MemFree:          699492 kB
MemAvailable:    1508860 kB
Buffers:           59228 kB
Cached:           851740 kB
MemTotal:        1844596 kB
MemFree:          698152 kB
MemAvailable:    1507520 kB
Buffers:           59228 kB
Cached:           851740 kB
MemTotal:        1844596 kB
MemFree:          698980 kB
MemAvailable:    1508348 kB
Buffers:           59228 kB
Cached:           851740 kB
MemTotal:        1844596 kB
MemFree:          699316 kB
MemAvailable:    1508684 kB
Buffers:           59228 kB
Cached:           851740 kB
MemTotal:        1844596 kB
MemFree:          699320 kB
MemAvailable:    1508688 kB
Buffers:           59228 kB
Cached:           851740 kB
MemTotal:        1844596 kB
MemFree:          699212 kB
MemAvailable:    1508580 kB
Buffers:           59228 kB
Cached:           851740 kB
MemTotal:        1844596 kB
MemFree:          698880 kB
MemAvailable:    1508248 kB
Buffers:           59228 kB
Cached:           851740 kB
MemTotal:        1844596 kB
MemFree:          698144 kB
MemAvailable:    1507512 kB
Buffers:           59228 kB
Cached:           851740 kB
MemTotal:        1844596 kB
MemFree:          697284 kB
MemAvailable:    1506652 kB
Buffers:           59228 kB
Cached:           851740 kB
MemTotal:        1844596 kB
MemFree:          698716 kB
MemAvailable:    1508084 kB
Buffers:           59228 kB
Cached:           851740 kB
MemTotal:        1844596 kB
MemFree:          698392 kB
MemAvailable:    1507760 kB
Buffers:           59228 kB
Cached:           851740 kB
MemTotal:        1844596 kB
MemFree:          698036 kB
MemAvailable:    1507404 kB
Buffers:           59228 kB
Cached:           851740 kB
MemTotal:        1844596 kB
MemFree:          697112 kB
MemAvailable:    1506480 kB
Buffers:           59228 kB
Cached:           851740 kB
MemTotal:        1844596 kB
MemFree:          696980 kB
MemAvailable:    1506348 kB
Buffers:           59228 kB
Cached:           851740 kB
MemTotal:        1844596 kB
MemFree:          698096 kB
MemAvailable:    1507464 kB
Buffers:           59228 kB
Cached:           851740 kB
MemTotal:        1844596 kB
MemFree:          696856 kB
MemAvailable:    1506224 kB
Buffers:           59228 kB
Cached:           851740 kB
MemTotal:        1844596 kB
MemFree:          697104 kB
MemAvailable:    1506472 kB
Buffers:           59228 kB
Cached:           851740 kB
MemTotal:        1844596 kB
MemFree:          698280 kB
MemAvailable:    1507648 kB
Buffers:           59228 kB
Cached:           851740 kB
MemTotal:        1844596 kB
MemFree:          698124 kB
MemAvailable:    1507492 kB
Buffers:           59228 kB
Cached:           851740 kB
MemTotal:        1844596 kB
MemFree:          698292 kB
MemAvailable:    1507660 kB
Buffers:           59228 kB
Cached:           851740 kB
MemTotal:        1844596 kB
MemFree:          696856 kB
MemAvailable:    1506224 kB
Buffers:           59228 kB
Cached:           851740 kB
MemTotal:        1844596 kB
MemFree:          693680 kB
MemAvailable:    1503048 kB
Buffers:           59228 kB
Cached:           851740 kB
MemTotal:        1844596 kB
MemFree:          693892 kB
MemAvailable:    1503260 kB
Buffers:           59228 kB
Cached:           851740 kB
MemTotal:        1844596 kB
MemFree:          689720 kB
MemAvailable:    1499088 kB
Buffers:           59228 kB
Cached:           851740 kB
MemTotal:        1844596 kB
MemFree:          689480 kB
MemAvailable:    1498848 kB
Buffers:           59228 kB
Cached:           851740 kB
MemTotal:        1844596 kB
MemFree:          690712 kB
MemAvailable:    1500080 kB
Buffers:           59228 kB
Cached:           851740 kB
MemTotal:        1844596 kB
MemFree:          688968 kB
MemAvailable:    1498336 kB
Buffers:           59228 kB
Cached:           851740 kB
MemTotal:        1844596 kB
MemFree:          690336 kB
MemAvailable:    1499704 kB
Buffers:           59228 kB
Cached:           851740 kB
MemTotal:        1844596 kB
MemFree:          689232 kB
MemAvailable:    1498600 kB
Buffers:           59228 kB
Cached:           851740 kB
MemTotal:        1844596 kB
MemFree:          690516 kB
MemAvailable:    1499888 kB
Buffers:           59228 kB
Cached:           851744 kB
MemTotal:        1844596 kB
MemFree:          689108 kB
MemAvailable:    1498480 kB
Buffers:           59228 kB
Cached:           851744 kB
MemTotal:        1844596 kB
MemFree:          690348 kB
MemAvailable:    1499720 kB
Buffers:           59228 kB
Cached:           851744 kB
MemTotal:        1844596 kB
MemFree:          689232 kB
MemAvailable:    1498604 kB
Buffers:           59228 kB
Cached:           851744 kB
MemTotal:        1844596 kB
MemFree:          690296 kB
MemAvailable:    1499668 kB
Buffers:           59228 kB
Cached:           851744 kB
MemTotal:        1844596 kB
MemFree:          688972 kB
MemAvailable:    1498344 kB
Buffers:           59228 kB
Cached:           851744 kB
MemTotal:        1844596 kB
MemFree:          690208 kB
MemAvailable:    1499580 kB
Buffers:           59228 kB
Cached:           851744 kB
MemTotal:        1844596 kB
MemFree:          690084 kB
MemAvailable:    1499456 kB
Buffers:           59228 kB
Cached:           851744 kB
MemTotal:        1844596 kB
MemFree:          690204 kB
MemAvailable:    1499576 kB
Buffers:           59228 kB
Cached:           851744 kB
MemTotal:        1844596 kB
MemFree:          690456 kB
MemAvailable:    1499828 kB
Buffers:           59228 kB
Cached:           851744 kB
MemTotal:        1844596 kB
MemFree:          688480 kB
MemAvailable:    1497852 kB
Buffers:           59228 kB
Cached:           851744 kB
MemTotal:        1844596 kB
MemFree:          689596 kB
MemAvailable:    1498968 kB
Buffers:           59228 kB
Cached:           851744 kB
MemTotal:        1844596 kB
MemFree:          688116 kB
MemAvailable:    1497488 kB
Buffers:           59228 kB
Cached:           851744 kB
MemTotal:        1844596 kB
MemFree:          688664 kB
MemAvailable:    1498036 kB
Buffers:           59228 kB
Cached:           851744 kB
MemTotal:        1844596 kB
MemFree:          689000 kB
MemAvailable:    1498372 kB
Buffers:           59228 kB
Cached:           851744 kB
MemTotal:        1844596 kB
MemFree:          687548 kB
MemAvailable:    1496920 kB
Buffers:           59228 kB
Cached:           851744 kB
MemTotal:        1844596 kB
MemFree:          686744 kB
MemAvailable:    1496116 kB
Buffers:           59228 kB
Cached:           851744 kB
MemTotal:        1844596 kB
MemFree:          687736 kB
MemAvailable:    1497108 kB
Buffers:           59228 kB
Cached:           851744 kB
MemTotal:        1844596 kB
MemFree:          687572 kB
MemAvailable:    1496944 kB
Buffers:           59228 kB
Cached:           851744 kB
MemTotal:        1844596 kB
MemFree:          686612 kB
MemAvailable:    1495984 kB
Buffers:           59228 kB
Cached:           851744 kB
MemTotal:        1844596 kB
MemFree:          686864 kB
MemAvailable:    1496236 kB
Buffers:           59228 kB
Cached:           851744 kB
MemTotal:        1844596 kB
MemFree:          686740 kB
MemAvailable:    1496112 kB
Buffers:           59228 kB
Cached:           851744 kB
MemTotal:        1844596 kB
MemFree:          685616 kB
MemAvailable:    1494988 kB
Buffers:           59228 kB
Cached:           851744 kB
MemTotal:        1844596 kB
MemFree:          685492 kB
MemAvailable:    1494864 kB
Buffers:           59228 kB
Cached:           851744 kB
MemTotal:        1844596 kB
MemFree:          686920 kB
MemAvailable:    1496292 kB
Buffers:           59228 kB
Cached:           851744 kB
MemTotal:        1844596 kB
MemFree:          685708 kB
MemAvailable:    1495080 kB
Buffers:           59228 kB
Cached:           851744 kB
MemTotal:        1844596 kB
MemFree:          686400 kB
MemAvailable:    1495776 kB
Buffers:           59228 kB
Cached:           851748 kB
MemTotal:        1844596 kB
MemFree:          686200 kB
MemAvailable:    1495576 kB
Buffers:           59228 kB
Cached:           851748 kB
MemTotal:        1844596 kB
MemFree:          686084 kB
MemAvailable:    1495460 kB
Buffers:           59228 kB
Cached:           851748 kB
MemTotal:        1844596 kB
MemFree:          685016 kB
MemAvailable:    1494392 kB
Buffers:           59228 kB
Cached:           851748 kB
MemTotal:        1844596 kB
MemFree:          686644 kB
MemAvailable:    1496020 kB
Buffers:           59228 kB
Cached:           851748 kB
MemTotal:        1844596 kB
MemFree:          686380 kB
MemAvailable:    1495756 kB
Buffers:           59228 kB
Cached:           851748 kB
MemTotal:        1844596 kB
MemFree:          685256 kB
MemAvailable:    1494632 kB
Buffers:           59228 kB
Cached:           851748 kB
MemTotal:        1844596 kB
MemFree:          685256 kB
MemAvailable:    1494632 kB
Buffers:           59228 kB
Cached:           851748 kB
MemTotal:        1844596 kB
MemFree:          679800 kB
MemAvailable:    1489176 kB
Buffers:           59228 kB
Cached:           851748 kB
MemTotal:        1844596 kB
MemFree:          681048 kB
MemAvailable:    1490424 kB
Buffers:           59228 kB
Cached:           851748 kB
MemTotal:        1844596 kB
MemFree:          680660 kB
MemAvailable:    1490036 kB
Buffers:           59228 kB
Cached:           851748 kB
MemTotal:        1844596 kB
MemFree:          680916 kB
MemAvailable:    1490292 kB
Buffers:           59228 kB
Cached:           851748 kB
MemTotal:        1844596 kB
MemFree:          680952 kB
MemAvailable:    1490328 kB
Buffers:           59228 kB
Cached:           851748 kB
MemTotal:        1844596 kB
MemFree:          679560 kB
MemAvailable:    1488936 kB
Buffers:           59228 kB
Cached:           851748 kB
MemTotal:        1844596 kB
MemFree:          680580 kB
MemAvailable:    1489956 kB
Buffers:           59228 kB
Cached:           851748 kB
MemTotal:        1844596 kB
MemFree:          680288 kB
MemAvailable:    1489664 kB
Buffers:           59228 kB
Cached:           851748 kB
MemTotal:        1844596 kB
MemFree:          680784 kB
MemAvailable:    1490164 kB
Buffers:           59228 kB
Cached:           851752 kB
MemTotal:        1844596 kB
MemFree:          680784 kB
MemAvailable:    1490164 kB
Buffers:           59228 kB
Cached:           851752 kB
MemTotal:        1844596 kB
MemFree:          680364 kB
MemAvailable:    1489744 kB
Buffers:           59228 kB
Cached:           851752 kB
MemTotal:        1844596 kB
MemFree:          680364 kB
MemAvailable:    1489744 kB
Buffers:           59228 kB
Cached:           851752 kB
MemTotal:        1844596 kB
MemFree:          678436 kB
MemAvailable:    1487816 kB
Buffers:           59228 kB
Cached:           851752 kB
MemTotal:        1844596 kB
MemFree:          677700 kB
MemAvailable:    1487080 kB
Buffers:           59228 kB
Cached:           851752 kB
MemTotal:        1844596 kB
MemFree:          676452 kB
MemAvailable:    1485832 kB
Buffers:           59228 kB
Cached:           851752 kB
MemTotal:        1844596 kB
MemFree:          676328 kB
MemAvailable:    1485708 kB
Buffers:           59228 kB
Cached:           851752 kB
MemTotal:        1844596 kB
MemFree:          676568 kB
MemAvailable:    1485948 kB
Buffers:           59228 kB
Cached:           851752 kB
MemTotal:        1844596 kB
MemFree:          676452 kB
MemAvailable:    1485832 kB
Buffers:           59228 kB
Cached:           851752 kB
MemTotal:        1844596 kB
MemFree:          676444 kB
MemAvailable:    1485824 kB
Buffers:           59228 kB
Cached:           851752 kB
MemTotal:        1844596 kB
MemFree:          679560 kB
MemAvailable:    1488940 kB
Buffers:           59228 kB
Cached:           851752 kB
MemTotal:        1844596 kB
MemFree:          679528 kB
MemAvailable:    1488908 kB
Buffers:           59228 kB
Cached:           851752 kB
MemTotal:        1844596 kB
MemFree:          678040 kB
MemAvailable:    1487504 kB
Buffers:           59228 kB
Cached:           851876 kB
MemTotal:        1844596 kB
MemFree:          679272 kB
MemAvailable:    1488820 kB
Buffers:           59228 kB
Cached:           852000 kB
MemTotal:        1844596 kB
MemFree:          677776 kB
MemAvailable:    1487492 kB
Buffers:           59228 kB
Cached:           852124 kB
MemTotal:        1844596 kB
MemFree:          677652 kB
MemAvailable:    1487452 kB
Buffers:           59228 kB
Cached:           852248 kB
MemTotal:        1844596 kB
MemFree:          678868 kB
MemAvailable:    1488836 kB
Buffers:           59228 kB
Cached:           852372 kB
MemTotal:        1844596 kB
MemFree:          677568 kB
MemAvailable:    1487536 kB
Buffers:           59228 kB
Cached:           852372 kB
MemTotal:        1844596 kB
MemFree:          678776 kB
MemAvailable:    1488744 kB
Buffers:           59228 kB
Cached:           852372 kB
MemTotal:        1844596 kB
MemFree:          677576 kB
MemAvailable:    1487544 kB
Buffers:           59228 kB
Cached:           852372 kB
MemTotal:        1844596 kB
MemFree:          678684 kB
MemAvailable:    1488652 kB
Buffers:           59228 kB
Cached:           852372 kB
MemTotal:        1844596 kB
MemFree:          678684 kB
MemAvailable:    1488652 kB
Buffers:           59228 kB
Cached:           852372 kB
MemTotal:        1844596 kB
MemFree:          678868 kB
MemAvailable:    1488836 kB
Buffers:           59228 kB
Cached:           852372 kB
MemTotal:        1844596 kB
MemFree:          677956 kB
MemAvailable:    1487924 kB
Buffers:           59228 kB
Cached:           852372 kB
MemTotal:        1844596 kB
MemFree:          678428 kB
MemAvailable:    1488436 kB
Buffers:           59228 kB
Cached:           852376 kB
MemTotal:        1844596 kB
MemFree:          678764 kB
MemAvailable:    1488772 kB
Buffers:           59228 kB
Cached:           852376 kB
MemTotal:        1844596 kB
MemFree:          677900 kB
MemAvailable:    1487320 kB
Buffers:           59228 kB
Cached:           851744 kB
MemTotal:        1844596 kB
MemFree:          747584 kB
MemAvailable:    1557056 kB
Buffers:           59228 kB
Cached:           851796 kB
