MemTotal:        1844596 kB
MemFree:          991444 kB
MemAvailable:    1561896 kB
Buffers:           29848 kB
Cached:           642928 kB
MemTotal:        1844596 kB
MemFree:          986716 kB
MemAvailable:    1557168 kB
Buffers:           29848 kB
Cached:           642928 kB
MemTotal:        1844596 kB
MemFree:          986236 kB
MemAvailable:    1556688 kB
Buffers:           29848 kB
Cached:           642928 kB
MemTotal:        1844596 kB
MemFree:          984864 kB
MemAvailable:    1555316 kB
Buffers:           29848 kB
Cached:           642928 kB
MemTotal:        1844596 kB
MemFree:          984484 kB
MemAvailable:    1554936 kB
Buffers:           29848 kB
Cached:           642928 kB
MemTotal:        1844596 kB
MemFree:          984568 kB
MemAvailable:    1555020 kB
Buffers:           29848 kB
Cached:           642928 kB
MemTotal:        1844596 kB
MemFree:          983492 kB
MemAvailable:    1553944 kB
Buffers:           29848 kB
Cached:           642928 kB
MemTotal:        1844596 kB
MemFree:          983704 kB
MemAvailable:    1554156 kB
Buffers:           29848 kB
Cached:           642928 kB
MemTotal:        1844596 kB
MemFree:          978904 kB
MemAvailable:    1549356 kB
Buffers:           29848 kB
Cached:           642928 kB
MemTotal:        1844596 kB
MemFree:          978904 kB
MemAvailable:    1549356 kB
Buffers:           29848 kB
Cached:           642928 kB
MemTotal:        1844596 kB
MemFree:          973456 kB
MemAvailable:    1543908 kB
Buffers:           29848 kB
Cached:           642928 kB
MemTotal:        1844596 kB
MemFree:          973540 kB
MemAvailable:    1543992 kB
Buffers:           29848 kB
Cached:           642928 kB
MemTotal:        1844596 kB
MemFree:          974492 kB
MemAvailable:    1544944 kB
Buffers:           29848 kB
Cached:           642928 kB
MemTotal:        1844596 kB
MemFree:          974748 kB
MemAvailable:    1545200 kB
Buffers:           29848 kB
Cached:           642928 kB
MemTotal:        1844596 kB
MemFree:          973332 kB
MemAvailable:    1543784 kB
Buffers:           29848 kB
Cached:           642928 kB
MemTotal:        1844596 kB
MemFree:          974440 kB
MemAvailable:    1544892 kB
Buffers:           29848 kB
Cached:           642928 kB
MemTotal:        1844596 kB
MemFree:          974776 kB
MemAvailable:    1545228 kB
Buffers:           29848 kB
Cached:           642928 kB
MemTotal:        1844596 kB
MemFree:          974508 kB
MemAvailable:    1544960 kB
Buffers:           29848 kB
Cached:           642928 kB
MemTotal:        1844596 kB
MemFree:          973960 kB
MemAvailable:    1544416 kB
Buffers:           29848 kB
Cached:           642932 kB
MemTotal:        1844596 kB
MemFree:          972580 kB
MemAvailable:    1543036 kB
Buffers:           29848 kB
Cached:           642932 kB
MemTotal:        1844596 kB
MemFree:          972580 kB
MemAvailable:    1543036 kB
Buffers:           29848 kB
Cached:           642932 kB
MemTotal:        1844596 kB
MemFree:          972416 kB
MemAvailable:    1542876 kB
Buffers:           29848 kB
Cached:           642936 kB
MemTotal:        1844596 kB
MemFree:          971232 kB
MemAvailable:    1541692 kB
Buffers:           29848 kB
Cached:           642936 kB
MemTotal:        1844596 kB
MemFree:          972232 kB
MemAvailable:    1542692 kB
Buffers:           29848 kB
Cached:           642936 kB
MemTotal:        1844596 kB
MemFree:          970968 kB
MemAvailable:    1541428 kB
Buffers:           29848 kB
Cached:           642936 kB
MemTotal:        1844596 kB
MemFree:          970804 kB
MemAvailable:    1541264 kB
Buffers:           29848 kB
Cached:           642936 kB
MemTotal:        1844596 kB
MemFree:          971356 kB
MemAvailable:    1541816 kB
Buffers:           29848 kB
Cached:           642936 kB
MemTotal:        1844596 kB
MemFree:          972472 kB
MemAvailable:    1542932 kB
Buffers:           29848 kB
Cached:           642936 kB
MemTotal:        1844596 kB
MemFree:          972472 kB
MemAvailable:    1542932 kB
Buffers:           29848 kB
Cached:           642936 kB
MemTotal:        1844596 kB
MemFree:          971852 kB
MemAvailable:    1542312 kB
Buffers:           29848 kB
Cached:           642936 kB
MemTotal:        1844596 kB
MemFree:          972080 kB
MemAvailable:    1542540 kB
Buffers:           29848 kB
Cached:           642936 kB
MemTotal:        1844596 kB
MemFree:          972164 kB
MemAvailable:    1542624 kB
Buffers:           29848 kB
Cached:           642936 kB
MemTotal:        1844596 kB
MemFree:          973644 kB
MemAvailable:    1544104 kB
Buffers:           29848 kB
Cached:           642936 kB
MemTotal:        1844596 kB
MemFree:          972348 kB
MemAvailable:    1542808 kB
Buffers:           29848 kB
Cached:           642936 kB
MemTotal:        1844596 kB
MemFree:          972532 kB
MemAvailable:    1542992 kB
Buffers:           29848 kB
Cached:           642936 kB
MemTotal:        1844596 kB
MemFree:          970100 kB
MemAvailable:    1540560 kB
Buffers:           29848 kB
Cached:           642936 kB
MemTotal:        1844596 kB
MemFree:          970184 kB
MemAvailable:    1540644 kB
Buffers:           29848 kB
Cached:           642936 kB
MemTotal:        1844596 kB
MemFree:          969744 kB
MemAvailable:    1540204 kB
Buffers:           29848 kB
Cached:           642936 kB
MemTotal:        1844596 kB
MemFree:          969308 kB
MemAvailable:    1539768 kB
Buffers:           29848 kB
Cached:           642936 kB
MemTotal:        1844596 kB
MemFree:          967876 kB
MemAvailable:    1538336 kB
Buffers:           29848 kB
Cached:           642936 kB
MemTotal:        1844596 kB
MemFree:          968240 kB
MemAvailable:    1538700 kB
Buffers:           29848 kB
Cached:           642936 kB
MemTotal:        1844596 kB
MemFree:          968324 kB
MemAvailable:    1538784 kB
Buffers:           29848 kB
Cached:           642936 kB
MemTotal:        1844596 kB
MemFree:          967944 kB
MemAvailable:    1538404 kB
Buffers:           29848 kB
Cached:           642936 kB
MemTotal:        1844596 kB
MemFree:          968200 kB
MemAvailable:    1538660 kB
Buffers:           29848 kB
Cached:           642936 kB
MemTotal:        1844596 kB
MemFree:          966864 kB
MemAvailable:    1537324 kB
Buffers:           29848 kB
Cached:           642936 kB
MemTotal:        1844596 kB
MemFree:          966864 kB
MemAvailable:    1537324 kB
Buffers:           29848 kB
Cached:           642936 kB
MemTotal:        1844596 kB
MemFree:          966988 kB
MemAvailable:    1537448 kB
Buffers:           29848 kB
Cached:           642936 kB
MemTotal:        1844596 kB
MemFree:          968172 kB
MemAvailable:    1538632 kB
Buffers:           29848 kB
Cached:           642936 kB
MemTotal:        1844596 kB
MemFree:          966396 kB
MemAvailable:    1536856 kB
Buffers:           29848 kB
Cached:           642936 kB
MemTotal:        1844596 kB
MemFree:          966252 kB
MemAvailable:    1536712 kB
Buffers:           29848 kB
Cached:           642936 kB
MemTotal:        1844596 kB
MemFree:          966500 kB
MemAvailable:    1536960 kB
Buffers:           29848 kB
Cached:           642936 kB
MemTotal:        1844596 kB
MemFree:          966272 kB
MemAvailable:    1536732 kB
Buffers:           29848 kB
Cached:           642936 kB
MemTotal:        1844596 kB
MemFree:          967216 kB
MemAvailable:    1537676 kB
Buffers:           29848 kB
Cached:           642936 kB
MemTotal:        1844596 kB
MemFree:          967316 kB
MemAvailable:    1537776 kB
Buffers:           29848 kB
Cached:           642936 kB
MemTotal:        1844596 kB
MemFree:          966008 kB
MemAvailable:    1536468 kB
Buffers:           29848 kB
Cached:           642936 kB
MemTotal:        1844596 kB
MemFree:          967000 kB
MemAvailable:    1537460 kB
Buffers:           29848 kB
Cached:           642936 kB
MemTotal:        1844596 kB
MemFree:          967084 kB
MemAvailable:    1537544 kB
Buffers:           29848 kB
Cached:           642936 kB
MemTotal:        1844596 kB
MemFree:          967088 kB
MemAvailable:    1537548 kB
Buffers:           29848 kB
Cached:           642936 kB
MemTotal:        1844596 kB
MemFree:          965848 kB
MemAvailable:    1536308 kB
Buffers:           29848 kB
Cached:           642936 kB
MemTotal:        1844596 kB
MemFree:          966936 kB
MemAvailable:    1537396 kB
Buffers:           29848 kB
Cached:           642936 kB
MemTotal:        1844596 kB
MemFree:          967056 kB
MemAvailable:    1537516 kB
Buffers:           29848 kB
Cached:           642936 kB
MemTotal:        1844596 kB
MemFree:          966148 kB
MemAvailable:    1536608 kB
Buffers:           29848 kB
Cached:           642936 kB
MemTotal:        1844596 kB
MemFree:          967016 kB
MemAvailable:    1537476 kB
Buffers:           29848 kB
Cached:           642936 kB
MemTotal:        1844596 kB
MemFree:          966572 kB
MemAvailable:    1537032 kB
Buffers:           29848 kB
Cached:           642936 kB
MemTotal:        1844596 kB
MemFree:          966828 kB
MemAvailable:    1537288 kB
Buffers:           29848 kB
Cached:           642936 kB
MemTotal:        1844596 kB
MemFree:          966696 kB
MemAvailable:    1537156 kB
Buffers:           29848 kB
Cached:           642936 kB
MemTotal:        1844596 kB
MemFree:          965528 kB
MemAvailable:    1535988 kB
Buffers:           29848 kB
Cached:           642936 kB
MemTotal:        1844596 kB
MemFree:          965520 kB
MemAvailable:    1535988 kB
Buffers:           29848 kB
Cached:           642944 kB
MemTotal:        1844596 kB
MemFree:          966324 kB
MemAvailable:    1536792 kB
Buffers:           29848 kB
Cached:           642944 kB
MemTotal:        1844596 kB
MemFree:          966192 kB
MemAvailable:    1536660 kB
Buffers:           29848 kB
Cached:           642944 kB
MemTotal:        1844596 kB
MemFree:          966336 kB
MemAvailable:    1536804 kB
Buffers:           29848 kB
Cached:           642944 kB
MemTotal:        1844596 kB
MemFree:          965600 kB
MemAvailable:    1536068 kB
Buffers:           29848 kB
Cached:           642944 kB
MemTotal:        1844596 kB
MemFree:          965940 kB
MemAvailable:    1536408 kB
Buffers:           29848 kB
Cached:           642944 kB
MemTotal:        1844596 kB
MemFree:          966192 kB
MemAvailable:    1536660 kB
Buffers:           29848 kB
Cached:           642944 kB
MemTotal:        1844596 kB
MemFree:          964576 kB
MemAvailable:    1535044 kB
Buffers:           29848 kB
Cached:           642944 kB
MemTotal:        1844596 kB
MemFree:          965000 kB
MemAvailable:    1535468 kB
Buffers:           29848 kB
Cached:           642944 kB
MemTotal:        1844596 kB
MemFree:          964992 kB
MemAvailable:    1535460 kB
Buffers:           29848 kB
Cached:           642944 kB
MemTotal:        1844596 kB
MemFree:          966304 kB
MemAvailable:    1536772 kB
Buffers:           29848 kB
Cached:           642944 kB
MemTotal:        1844596 kB
MemFree:          965804 kB
MemAvailable:    1536272 kB
Buffers:           29848 kB
Cached:           642944 kB
MemTotal:        1844596 kB
MemFree:          965976 kB
MemAvailable:    1536444 kB
Buffers:           29848 kB
Cached:           642944 kB
MemTotal:        1844596 kB
MemFree:          964032 kB
MemAvailable:    1534500 kB
Buffers:           29848 kB
Cached:           642944 kB
MemTotal:        1844596 kB
MemFree:          963048 kB
MemAvailable:    1533516 kB
Buffers:           29848 kB
Cached:           642944 kB
MemTotal:        1844596 kB
MemFree:          962428 kB
MemAvailable:    1532896 kB
Buffers:           29848 kB
Cached:           642944 kB
MemTotal:        1844596 kB
MemFree:          960568 kB
MemAvailable:    1531036 kB
Buffers:           29848 kB
Cached:           642944 kB
MemTotal:        1844596 kB
MemFree:          958320 kB
MemAvailable:    1528788 kB
Buffers:           29848 kB
Cached:           642944 kB
MemTotal:        1844596 kB
MemFree:          957784 kB
MemAvailable:    1528252 kB
Buffers:           29848 kB
Cached:           642944 kB
MemTotal:        1844596 kB
MemFree:          958388 kB
MemAvailable:    1528856 kB
Buffers:           29848 kB
Cached:           642944 kB
MemTotal:        1844596 kB
MemFree:          958032 kB
MemAvailable:    1528500 kB
Buffers:           29848 kB
Cached:           642944 kB
MemTotal:        1844596 kB
MemFree:          958288 kB
MemAvailable:    1528756 kB
Buffers:           29848 kB
Cached:           642944 kB
MemTotal:        1844596 kB
MemFree:          958280 kB
MemAvailable:    1528748 kB
Buffers:           29848 kB
Cached:           642944 kB
MemTotal:        1844596 kB
MemFree:          957936 kB
MemAvailable:    1528404 kB
Buffers:           29848 kB
Cached:           642944 kB
MemTotal:        1844596 kB
MemFree:          958020 kB
MemAvailable:    1528488 kB
Buffers:           29848 kB
Cached:           642944 kB
MemTotal:        1844596 kB
MemFree:          957824 kB
MemAvailable:    1528292 kB
Buffers:           29848 kB
Cached:           642944 kB
MemTotal:        1844596 kB
MemFree:          958076 kB
MemAvailable:    1528544 kB
Buffers:           29848 kB
Cached:           642944 kB
MemTotal:        1844596 kB
MemFree:          957956 kB
MemAvailable:    1528424 kB
Buffers:           29848 kB
Cached:           642944 kB
MemTotal:        1844596 kB
MemFree:          957956 kB
MemAvailable:    1528424 kB
Buffers:           29848 kB
Cached:           642944 kB
MemTotal:        1844596 kB
MemFree:          958016 kB
MemAvailable:    1528484 kB
Buffers:           29848 kB
Cached:           642944 kB
MemTotal:        1844596 kB
MemFree:          958148 kB
MemAvailable:    1528616 kB
Buffers:           29848 kB
Cached:           642944 kB
MemTotal:        1844596 kB
MemFree:          957220 kB
MemAvailable:    1527688 kB
Buffers:           29848 kB
Cached:           642944 kB
MemTotal:        1844596 kB
MemFree:          957896 kB
MemAvailable:    1528364 kB
Buffers:           29848 kB
Cached:           642944 kB
MemTotal:        1844596 kB
MemFree:          958120 kB
MemAvailable:    1528588 kB
Buffers:           29848 kB
Cached:           642944 kB
MemTotal:        1844596 kB
MemFree:          956724 kB
MemAvailable:    1527196 kB
Buffers:           29848 kB
Cached:           642948 kB
MemTotal:        1844596 kB
MemFree:          958076 kB
MemAvailable:    1528548 kB
Buffers:           29848 kB
Cached:           642948 kB
MemTotal:        1844596 kB
MemFree:          957652 kB
MemAvailable:    1528124 kB
Buffers:           29848 kB
Cached:           642948 kB
MemTotal:        1844596 kB
MemFree:          957280 kB
MemAvailable:    1527752 kB
Buffers:           29848 kB
Cached:           642948 kB
MemTotal:        1844596 kB
MemFree:          955856 kB
MemAvailable:    1526328 kB
Buffers:           29848 kB
Cached:           642948 kB
MemTotal:        1844596 kB
MemFree:          956596 kB
MemAvailable:    1527068 kB
Buffers:           29848 kB
Cached:           642948 kB
MemTotal:        1844596 kB
MemFree:          955484 kB
MemAvailable:    1525956 kB
Buffers:           29848 kB
Cached:           642948 kB
MemTotal:        1844596 kB
MemFree:          956296 kB
MemAvailable:    1526768 kB
Buffers:           29848 kB
Cached:           642948 kB
MemTotal:        1844596 kB
MemFree:          956100 kB
MemAvailable:    1526572 kB
Buffers:           29848 kB
Cached:           642948 kB
MemTotal:        1844596 kB
MemFree:          954960 kB
MemAvailable:    1525432 kB
Buffers:           29848 kB
Cached:           642948 kB
MemTotal:        1844596 kB
MemFree:          955776 kB
MemAvailable:    1526248 kB
Buffers:           29848 kB
Cached:           642948 kB
MemTotal:        1844596 kB
MemFree:          955228 kB
MemAvailable:    1525700 kB
Buffers:           29848 kB
Cached:           642948 kB
MemTotal:        1844596 kB
MemFree:          954872 kB
MemAvailable:    1525344 kB
Buffers:           29848 kB
Cached:           642948 kB
MemTotal:        1844596 kB
MemFree:          954928 kB
MemAvailable:    1525400 kB
Buffers:           29848 kB
Cached:           642948 kB
MemTotal:        1844596 kB
MemFree:          954668 kB
MemAvailable:    1525140 kB
Buffers:           29848 kB
Cached:           642948 kB
MemTotal:        1844596 kB
MemFree:          953112 kB
MemAvailable:    1523584 kB
Buffers:           29848 kB
Cached:           642948 kB
MemTotal:        1844596 kB
MemFree:          954428 kB
MemAvailable:    1524900 kB
Buffers:           29848 kB
Cached:           642948 kB
MemTotal:        1844596 kB
MemFree:          953120 kB
MemAvailable:    1523592 kB
Buffers:           29848 kB
Cached:           642948 kB
MemTotal:        1844596 kB
MemFree:          954296 kB
MemAvailable:    1524768 kB
Buffers:           29848 kB
Cached:           642948 kB
MemTotal:        1844596 kB
MemFree:          954272 kB
MemAvailable:    1524744 kB
Buffers:           29848 kB
Cached:           642948 kB
MemTotal:        1844596 kB
MemFree:          954044 kB
MemAvailable:    1524516 kB
Buffers:           29848 kB
Cached:           642948 kB
MemTotal:        1844596 kB
MemFree:          954296 kB
MemAvailable:    1524768 kB
Buffers:           29848 kB
Cached:           642948 kB
MemTotal:        1844596 kB
MemFree:          954292 kB
MemAvailable:    1524764 kB
Buffers:           29848 kB
Cached:           642948 kB
MemTotal:        1844596 kB
MemFree:          954232 kB
MemAvailable:    1524704 kB
Buffers:           29848 kB
Cached:           642948 kB
MemTotal:        1844596 kB
MemFree:          953376 kB
MemAvailable:    1523848 kB
Buffers:           29848 kB
Cached:           642948 kB
MemTotal:        1844596 kB
MemFree:          952860 kB
MemAvailable:    1523332 kB
Buffers:           29848 kB
Cached:           642948 kB
MemTotal:        1844596 kB
MemFree:          953856 kB
MemAvailable:    1524328 kB
Buffers:           29848 kB
Cached:           642948 kB
MemTotal:        1844596 kB
MemFree:          953112 kB
MemAvailable:    1523584 kB
Buffers:           29848 kB
Cached:           642948 kB
MemTotal:        1844596 kB
MemFree:          952872 kB
MemAvailable:    1523344 kB
Buffers:           29848 kB
Cached:           642948 kB
MemTotal:        1844596 kB
MemFree:          951328 kB
MemAvailable:    1521800 kB
Buffers:           29848 kB
Cached:           642948 kB
MemTotal:        1844596 kB
MemFree:          947920 kB
MemAvailable:    1518392 kB
Buffers:           29848 kB
Cached:           642948 kB
MemTotal:        1844596 kB
MemFree:          947788 kB
MemAvailable:    1518260 kB
Buffers:           29848 kB
Cached:           642948 kB
MemTotal:        1844596 kB
MemFree:          948972 kB
MemAvailable:    1519444 kB
Buffers:           29848 kB
Cached:           642948 kB
MemTotal:        1844596 kB
MemFree:          948788 kB
MemAvailable:    1519260 kB
Buffers:           29848 kB
Cached:           642948 kB
MemTotal:        1844596 kB
MemFree:          948848 kB
MemAvailable:    1519320 kB
Buffers:           29848 kB
Cached:           642948 kB
MemTotal:        1844596 kB
MemFree:          948592 kB
MemAvailable:    1519064 kB
Buffers:           29848 kB
Cached:           642948 kB
MemTotal:        1844596 kB
MemFree:          947424 kB
MemAvailable:    1517896 kB
Buffers:           29848 kB
Cached:           642948 kB
MemTotal:        1844596 kB
MemFree:          948464 kB
MemAvailable:    1518936 kB
Buffers:           29848 kB
Cached:           642948 kB
MemTotal:        1844596 kB
MemFree:          948092 kB
MemAvailable:    1518564 kB
Buffers:           29848 kB
Cached:           642948 kB
MemTotal:        1844596 kB
MemFree:          948344 kB
MemAvailable:    1518816 kB
Buffers:           29848 kB
Cached:           642948 kB
MemTotal:        1844596 kB
MemFree:          947980 kB
MemAvailable:    1518452 kB
Buffers:           29848 kB
Cached:           642948 kB
MemTotal:        1844596 kB
MemFree:          948148 kB
MemAvailable:    1518620 kB
Buffers:           29848 kB
Cached:           642948 kB
MemTotal:        1844596 kB
MemFree:          947424 kB
MemAvailable:    1517896 kB
Buffers:           29848 kB
Cached:           642948 kB
MemTotal:        1844596 kB
MemFree:          947168 kB
MemAvailable:    1517640 kB
Buffers:           29848 kB
Cached:           642948 kB
MemTotal:        1844596 kB
MemFree:          945440 kB
MemAvailable:    1515912 kB
Buffers:           29848 kB
Cached:           642948 kB
MemTotal:        1844596 kB
MemFree:          943944 kB
MemAvailable:    1514416 kB
Buffers:           29848 kB
Cached:           642948 kB
MemTotal:        1844596 kB
MemFree:          944916 kB
MemAvailable:    1515388 kB
Buffers:           29848 kB
Cached:           642948 kB
MemTotal:        1844596 kB
MemFree:          943768 kB
MemAvailable:    1514240 kB
Buffers:           29848 kB
Cached:           642948 kB
MemTotal:        1844596 kB
MemFree:          945004 kB
MemAvailable:    1515476 kB
Buffers:           29848 kB
Cached:           642948 kB
MemTotal:        1844596 kB
MemFree:          943828 kB
MemAvailable:    1514300 kB
Buffers:           29848 kB
Cached:           642948 kB
MemTotal:        1844596 kB
MemFree:          943648 kB
MemAvailable:    1514120 kB
Buffers:           29848 kB
Cached:           642948 kB
MemTotal:        1844596 kB
MemFree:          943692 kB
MemAvailable:    1514164 kB
Buffers:           29848 kB
Cached:           642948 kB
MemTotal:        1844596 kB
MemFree:          946996 kB
MemAvailable:    1517468 kB
Buffers:           29848 kB
Cached:           642948 kB
MemTotal:        1844596 kB
MemFree:          947252 kB
MemAvailable:    1517724 kB
Buffers:           29848 kB
Cached:           642948 kB
MemTotal:        1844596 kB
MemFree:          946772 kB
MemAvailable:    1517328 kB
Buffers:           29848 kB
Cached:           643072 kB
MemTotal:        1844596 kB
MemFree:          947108 kB
MemAvailable:    1517664 kB
Buffers:           29848 kB
Cached:           643072 kB
MemTotal:        1844596 kB
MemFree:          947008 kB
MemAvailable:    1517732 kB
Buffers:           29848 kB
Cached:           643196 kB
MemTotal:        1844596 kB
MemFree:          945696 kB
MemAvailable:    1516504 kB
Buffers:           29848 kB
Cached:           643320 kB
MemTotal:        1844596 kB
MemFree:          945556 kB
MemAvailable:    1516372 kB
Buffers:           29848 kB
Cached:           643328 kB
MemTotal:        1844596 kB
MemFree:          946484 kB
MemAvailable:    1517552 kB
Buffers:           29848 kB
Cached:           643576 kB
MemTotal:        1844596 kB
MemFree:          946312 kB
MemAvailable:    1517380 kB
Buffers:           29848 kB
Cached:           643576 kB
MemTotal:        1844596 kB
MemFree:          945128 kB
MemAvailable:    1516196 kB
Buffers:           29848 kB
Cached:           643576 kB
MemTotal:        1844596 kB
MemFree:          946148 kB
MemAvailable:    1517300 kB
Buffers:           29848 kB
Cached:           643576 kB
MemTotal:        1844596 kB
MemFree:          946484 kB
MemAvailable:    1517636 kB
Buffers:           29848 kB
Cached:           643576 kB
MemTotal:        1844596 kB
MemFree:          946100 kB
MemAvailable:    1517252 kB
Buffers:           29848 kB
Cached:           643576 kB
MemTotal:        1844596 kB
MemFree:          946436 kB
MemAvailable:    1517588 kB
Buffers:           29848 kB
Cached:           643576 kB
MemTotal:        1844596 kB
MemFree:          946240 kB
MemAvailable:    1517392 kB
Buffers:           29848 kB
Cached:           643576 kB
MemTotal:        1844596 kB
MemFree:          945316 kB
MemAvailable:    1516344 kB
Buffers:           29848 kB
Cached:           643576 kB
MemTotal:        1844596 kB
MemFree:          946412 kB
MemAvailable:    1517648 kB
Buffers:           29848 kB
Cached:           643700 kB
MemTotal:        1844596 kB
MemFree:          946296 kB
MemAvailable:    1517448 kB
Buffers:           29848 kB
Cached:           643576 kB
MemTotal:        1844596 kB
MemFree:          945632 kB
MemAvailable:    1516196 kB
Buffers:           29856 kB
Cached:           642988 kB
MemTotal:        1844596 kB
MemFree:         1015420 kB
MemAvailable:    1585908 kB
Buffers:           29860 kB
Cached:           642952 kB
