MemTotal:        1844596 kB
MemFree:          795820 kB
MemAvailable:    1536212 kB
Buffers:           52260 kB
Cached:           795392 kB
MemTotal:        1844596 kB
MemFree:          795696 kB
MemAvailable:    1536088 kB
Buffers:           52260 kB
Cached:           795392 kB
MemTotal:        1844596 kB
MemFree:          794640 kB
MemAvailable:    1535032 kB
Buffers:           52260 kB
Cached:           795392 kB
MemTotal:        1844596 kB
MemFree:          792968 kB
MemAvailable:    1533360 kB
Buffers:           52260 kB
Cached:           795392 kB
MemTotal:        1844596 kB
MemFree:          792224 kB
MemAvailable:    1532616 kB
Buffers:           52260 kB
Cached:           795392 kB
MemTotal:        1844596 kB
MemFree:          791912 kB
MemAvailable:    1532304 kB
Buffers:           52260 kB
Cached:           795392 kB
MemTotal:        1844596 kB
MemFree:          789868 kB
MemAvailable:    1530260 kB
Buffers:           52260 kB
Cached:           795392 kB
MemTotal:        1844596 kB
MemFree:          787504 kB
MemAvailable:    1527896 kB
Buffers:           52260 kB
Cached:           795392 kB
MemTotal:        1844596 kB
MemFree:          782908 kB
MemAvailable:    1523300 kB
Buffers:           52260 kB
Cached:           795392 kB
MemTotal:        1844596 kB
MemFree:          780940 kB
MemAvailable:    1521332 kB
Buffers:           52260 kB
Cached:           795392 kB
MemTotal:        1844596 kB
MemFree:          783216 kB
MemAvailable:    1523608 kB
Buffers:           52260 kB
Cached:           795392 kB
MemTotal:        1844596 kB
MemFree:          782984 kB
MemAvailable:    1523376 kB
Buffers:           52260 kB
Cached:           795392 kB
MemTotal:        1844596 kB
MemFree:          783240 kB
MemAvailable:    1523632 kB
Buffers:           52260 kB
Cached:           795392 kB
MemTotal:        1844596 kB
MemFree:          783284 kB
MemAvailable:    1523676 kB
Buffers:           52260 kB
Cached:           795392 kB
MemTotal:        1844596 kB
MemFree:          781912 kB
MemAvailable:    1522304 kB
Buffers:           52260 kB
Cached:           795392 kB
MemTotal:        1844596 kB
MemFree:          783048 kB
MemAvailable:    1523440 kB
Buffers:           52260 kB
Cached:           795392 kB
MemTotal:        1844596 kB
MemFree:          781808 kB
MemAvailable:    1522200 kB
Buffers:           52260 kB
Cached:           795392 kB
MemTotal:        1844596 kB
MemFree:          781924 kB
MemAvailable:    1522316 kB
Buffers:           52260 kB
Cached:           795392 kB
MemTotal:        1844596 kB
MemFree:          780072 kB
MemAvailable:    1520464 kB
Buffers:           52260 kB
Cached:           795392 kB
MemTotal:        1844596 kB
MemFree:          779948 kB
MemAvailable:    1520340 kB
Buffers:           52260 kB
Cached:           795392 kB
MemTotal:        1844596 kB
MemFree:          781248 kB
MemAvailable:    1521640 kB
Buffers:           52260 kB
Cached:           795392 kB
MemTotal:        1844596 kB
MemFree:          779948 kB
MemAvailable:    1520340 kB
Buffers:           52260 kB
Cached:           795392 kB
MemTotal:        1844596 kB
MemFree:          779948 kB
MemAvailable:    1520340 kB
Buffers:           52260 kB
Cached:           795392 kB
MemTotal:        1844596 kB
MemFree:          780596 kB
MemAvailable:    1520988 kB
Buffers:           52260 kB
Cached:           795392 kB
MemTotal:        1844596 kB
MemFree:          780932 kB
MemAvailable:    1521324 kB
Buffers:           52260 kB
Cached:           795392 kB
MemTotal:        1844596 kB
MemFree:          780804 kB
MemAvailable:    1521196 kB
Buffers:           52260 kB
Cached:           795392 kB
MemTotal:        1844596 kB
MemFree:          780692 kB
MemAvailable:    1521084 kB
Buffers:           52260 kB
Cached:           795392 kB
MemTotal:        1844596 kB
MemFree:          782004 kB
MemAvailable:    1522396 kB
Buffers:           52260 kB
Cached:           795392 kB
MemTotal:        1844596 kB
MemFree:          782256 kB
MemAvailable:    1522648 kB
Buffers:           52260 kB
Cached:           795392 kB
MemTotal:        1844596 kB
MemFree:          781048 kB
MemAvailable:    1521440 kB
Buffers:           52260 kB
Cached:           795392 kB
MemTotal:        1844596 kB
MemFree:          780444 kB
MemAvailable:    1520836 kB
Buffers:           52260 kB
Cached:           795392 kB
MemTotal:        1844596 kB
MemFree:          778088 kB
MemAvailable:    1518484 kB
Buffers:           52260 kB
Cached:           795396 kB
MemTotal:        1844596 kB
MemFree:          778584 kB
MemAvailable:    1518980 kB
Buffers:           52260 kB
Cached:           795396 kB
MemTotal:        1844596 kB
MemFree:          776956 kB
MemAvailable:    1517356 kB
Buffers:           52260 kB
Cached:           795400 kB
MemTotal:        1844596 kB
MemFree:          776600 kB
MemAvailable:    1517000 kB
Buffers:           52260 kB
Cached:           795400 kB
MemTotal:        1844596 kB
MemFree:          777480 kB
MemAvailable:    1517880 kB
Buffers:           52260 kB
Cached:           795400 kB
MemTotal:        1844596 kB
MemFree:          776600 kB
MemAvailable:    1517000 kB
Buffers:           52260 kB
Cached:           795400 kB
MemTotal:        1844596 kB
MemFree:          776840 kB
MemAvailable:    1517240 kB
Buffers:           52260 kB
Cached:           795400 kB
MemTotal:        1844596 kB
MemFree:          776840 kB
MemAvailable:    1517240 kB
Buffers:           52260 kB
Cached:           795400 kB
MemTotal:        1844596 kB
MemFree:          776552 kB
MemAvailable:    1516952 kB
Buffers:           52260 kB
Cached:           795400 kB
MemTotal:        1844596 kB
MemFree:          775552 kB
MemAvailable:    1515952 kB
Buffers:           52260 kB
Cached:           795400 kB
MemTotal:        1844596 kB
MemFree:          776448 kB
MemAvailable:    1516848 kB
Buffers:           52260 kB
Cached:           795400 kB
MemTotal:        1844596 kB
MemFree:          776352 kB
MemAvailable:    1516752 kB
Buffers:           52260 kB
Cached:           795400 kB
MemTotal:        1844596 kB
MemFree:          776420 kB
MemAvailable:    1516820 kB
Buffers:           52260 kB
Cached:           795400 kB
MemTotal:        1844596 kB
MemFree:          775048 kB
MemAvailable:    1515448 kB
Buffers:           52260 kB
Cached:           795400 kB
MemTotal:        1844596 kB
MemFree:          775840 kB
MemAvailable:    1516240 kB
Buffers:           52260 kB
Cached:           795400 kB
MemTotal:        1844596 kB
MemFree:          775924 kB
MemAvailable:    1516324 kB
Buffers:           52260 kB
Cached:           795400 kB
MemTotal:        1844596 kB
MemFree:          775404 kB
MemAvailable:    1515804 kB
Buffers:           52260 kB
Cached:           795400 kB
MemTotal:        1844596 kB
MemFree:          774556 kB
MemAvailable:    1514956 kB
Buffers:           52260 kB
Cached:           795400 kB
MemTotal:        1844596 kB
MemFree:          775556 kB
MemAvailable:    1515956 kB
Buffers:           52260 kB
Cached:           795400 kB
MemTotal:        1844596 kB
MemFree:          775592 kB
MemAvailable:    1515992 kB
Buffers:           52260 kB
Cached:           795400 kB
MemTotal:        1844596 kB
MemFree:          775544 kB
MemAvailable:    1515944 kB
Buffers:           52260 kB
Cached:           795400 kB
MemTotal:        1844596 kB
MemFree:          774732 kB
MemAvailable:    1515132 kB
Buffers:           52260 kB
Cached:           795400 kB
MemTotal:        1844596 kB
MemFree:          775456 kB
MemAvailable:    1515856 kB
Buffers:           52260 kB
Cached:           795400 kB
MemTotal:        1844596 kB
MemFree:          775712 kB
MemAvailable:    1516112 kB
Buffers:           52260 kB
Cached:           795400 kB
MemTotal:        1844596 kB
MemFree:          774168 kB
MemAvailable:    1514568 kB
Buffers:           52260 kB
Cached:           795400 kB
MemTotal:        1844596 kB
MemFree:          775444 kB
MemAvailable:    1515844 kB
Buffers:           52260 kB
Cached:           795400 kB
MemTotal:        1844596 kB
MemFree:          775444 kB
MemAvailable:    1515844 kB
Buffers:           52260 kB
Cached:           795400 kB
MemTotal:        1844596 kB
MemFree:          774180 kB
MemAvailable:    1514580 kB
Buffers:           52260 kB
Cached:           795400 kB
MemTotal:        1844596 kB
MemFree:          775428 kB
MemAvailable:    1515828 kB
Buffers:           52260 kB
Cached:           795400 kB
MemTotal:        1844596 kB
MemFree:          775356 kB
MemAvailable:    1515756 kB
Buffers:           52260 kB
Cached:           795400 kB
MemTotal:        1844596 kB
MemFree:          773996 kB
MemAvailable:    1514396 kB
Buffers:           52260 kB
Cached:           795400 kB
MemTotal:        1844596 kB
MemFree:          774856 kB
MemAvailable:    1515260 kB
Buffers:           52260 kB
Cached:           795404 kB
MemTotal:        1844596 kB
MemFree:          775112 kB
MemAvailable:    1515516 kB
Buffers:           52260 kB
Cached:           795404 kB
MemTotal:        1844596 kB
MemFree:          774592 kB
MemAvailable:    1514996 kB
Buffers:           52260 kB
Cached:           795404 kB
MemTotal:        1844596 kB
MemFree:          774740 kB
MemAvailable:    1515144 kB
Buffers:           52260 kB
Cached:           795404 kB
MemTotal:        1844596 kB
MemFree:          774728 kB
MemAvailable:    1515132 kB
Buffers:           52260 kB
Cached:           795404 kB
MemTotal:        1844596 kB
MemFree:          774556 kB
MemAvailable:    1514960 kB
Buffers:           52260 kB
Cached:           795404 kB
MemTotal:        1844596 kB
MemFree:          773996 kB
MemAvailable:    1514400 kB
Buffers:           52260 kB
Cached:           795404 kB
MemTotal:        1844596 kB
MemFree:          774812 kB
MemAvailable:    1515216 kB
Buffers:           52260 kB
Cached:           795404 kB
MemTotal:        1844596 kB
MemFree:          773308 kB
MemAvailable:    1513712 kB
Buffers:           52260 kB
Cached:           795404 kB
MemTotal:        1844596 kB
MemFree:          774600 kB
MemAvailable:    1515004 kB
Buffers:           52260 kB
Cached:           795404 kB
MemTotal:        1844596 kB
MemFree:          774492 kB
MemAvailable:    1514896 kB
Buffers:           52260 kB
Cached:           795404 kB
MemTotal:        1844596 kB
MemFree:          774476 kB
MemAvailable:    1514880 kB
Buffers:           52260 kB
Cached:           795404 kB
MemTotal:        1844596 kB
MemFree:          772128 kB
MemAvailable:    1512532 kB
Buffers:           52260 kB
Cached:           795404 kB
MemTotal:        1844596 kB
MemFree:          772212 kB
MemAvailable:    1512616 kB
Buffers:           52260 kB
Cached:           795404 kB
MemTotal:        1844596 kB
MemFree:          768540 kB
MemAvailable:    1508944 kB
Buffers:           52260 kB
Cached:           795404 kB
MemTotal:        1844596 kB
MemFree:          767228 kB
MemAvailable:    1507632 kB
Buffers:           52260 kB
Cached:           795404 kB
MemTotal:        1844596 kB
MemFree:          766912 kB
MemAvailable:    1507316 kB
Buffers:           52260 kB
Cached:           795404 kB
MemTotal:        1844596 kB
MemFree:          766308 kB
MemAvailable:    1506712 kB
Buffers:           52260 kB
Cached:           795404 kB
MemTotal:        1844596 kB
MemFree:          766624 kB
MemAvailable:    1507028 kB
Buffers:           52260 kB
Cached:           795404 kB
MemTotal:        1844596 kB
MemFree:          766480 kB
MemAvailable:    1506884 kB
Buffers:           52260 kB
Cached:           795404 kB
MemTotal:        1844596 kB
MemFree:          766624 kB
MemAvailable:    1507028 kB
Buffers:           52260 kB
Cached:           795404 kB
MemTotal:        1844596 kB
MemFree:          766416 kB
MemAvailable:    1506820 kB
Buffers:           52260 kB
Cached:           795404 kB
MemTotal:        1844596 kB
MemFree:          766752 kB
MemAvailable:    1507156 kB
Buffers:           52260 kB
Cached:           795404 kB
MemTotal:        1844596 kB
MemFree:          766540 kB
MemAvailable:    1506944 kB
Buffers:           52260 kB
Cached:           795404 kB
MemTotal:        1844596 kB
MemFree:          766876 kB
MemAvailable:    1507280 kB
Buffers:           52260 kB
Cached:           795404 kB
MemTotal:        1844596 kB
MemFree:          766484 kB
MemAvailable:    1506888 kB
Buffers:           52260 kB
Cached:           795404 kB
MemTotal:        1844596 kB
MemFree:          766736 kB
MemAvailable:    1507140 kB
Buffers:           52260 kB
Cached:           795404 kB
MemTotal:        1844596 kB
MemFree:          766480 kB
MemAvailable:    1506884 kB
Buffers:           52260 kB
Cached:           795404 kB
MemTotal:        1844596 kB
MemFree:          766624 kB
MemAvailable:    1507028 kB
Buffers:           52260 kB
Cached:           795404 kB
MemTotal:        1844596 kB
MemFree:          766552 kB
MemAvailable:    1506956 kB
Buffers:           52260 kB
Cached:           795404 kB
MemTotal:        1844596 kB
MemFree:          766484 kB
MemAvailable:    1506888 kB
Buffers:           52260 kB
Cached:           795404 kB
MemTotal:        1844596 kB
MemFree:          765068 kB
MemAvailable:    1505472 kB
Buffers:           52260 kB
Cached:           795404 kB
MemTotal:        1844596 kB
MemFree:          765756 kB
MemAvailable:    1506160 kB
Buffers:           52260 kB
Cached:           795404 kB
MemTotal:        1844596 kB
MemFree:          764552 kB
MemAvailable:    1504956 kB
Buffers:           52260 kB
Cached:           795404 kB
MemTotal:        1844596 kB
MemFree:          764572 kB
MemAvailable:    1504976 kB
Buffers:           52260 kB
Cached:           795404 kB
MemTotal:        1844596 kB
MemFree:          765184 kB
MemAvailable:    1505592 kB
Buffers:           52260 kB
Cached:           795408 kB
MemTotal:        1844596 kB
MemFree:          765268 kB
MemAvailable:    1505676 kB
Buffers:           52260 kB
Cached:           795408 kB
MemTotal:        1844596 kB
MemFree:          763696 kB
MemAvailable:    1504104 kB
Buffers:           52260 kB
Cached:           795408 kB
MemTotal:        1844596 kB
MemFree:          764928 kB
MemAvailable:    1505336 kB
Buffers:           52260 kB
Cached:           795408 kB
MemTotal:        1844596 kB
MemFree:          764076 kB
MemAvailable:    1504484 kB
Buffers:           52260 kB
Cached:           795408 kB
MemTotal:        1844596 kB
MemFree:          763324 kB
MemAvailable:    1503732 kB
Buffers:           52260 kB
Cached:           795408 kB
MemTotal:        1844596 kB
MemFree:          763580 kB
MemAvailable:    1503988 kB
Buffers:           52260 kB
Cached:           795408 kB
MemTotal:        1844596 kB
MemFree:          763060 kB
MemAvailable:    1503468 kB
Buffers:           52260 kB
Cached:           795408 kB
MemTotal:        1844596 kB
MemFree:          763144 kB
MemAvailable:    1503552 kB
Buffers:           52260 kB
Cached:           795408 kB
MemTotal:        1844596 kB
MemFree:          761824 kB
MemAvailable:    1502232 kB
Buffers:           52260 kB
Cached:           795408 kB
MemTotal:        1844596 kB
MemFree:          761720 kB
MemAvailable:    1502128 kB
Buffers:           52260 kB
Cached:           795408 kB
MemTotal:        1844596 kB
MemFree:          762696 kB
MemAvailable:    1503104 kB
Buffers:           52260 kB
Cached:           795408 kB
MemTotal:        1844596 kB
MemFree:          762696 kB
MemAvailable:    1503104 kB
Buffers:           52260 kB
Cached:           795408 kB
MemTotal:        1844596 kB
MemFree:          762764 kB
MemAvailable:    1503172 kB
Buffers:           52260 kB
Cached:           795408 kB
MemTotal:        1844596 kB
MemFree:          762788 kB
MemAvailable:    1503196 kB
Buffers:           52260 kB
Cached:           795408 kB
MemTotal:        1844596 kB
MemFree:          762788 kB
MemAvailable:    1503196 kB
Buffers:           52260 kB
Cached:           795408 kB
MemTotal:        1844596 kB
MemFree:          761548 kB
MemAvailable:    1501956 kB
Buffers:           52260 kB
Cached:           795408 kB
MemTotal:        1844596 kB
MemFree:          762788 kB
MemAvailable:    1503196 kB
Buffers:           52260 kB
Cached:           795408 kB
MemTotal:        1844596 kB
MemFree:          762200 kB
MemAvailable:    1502608 kB
Buffers:           52260 kB
Cached:           795408 kB
MemTotal:        1844596 kB
MemFree:          762200 kB
MemAvailable:    1502608 kB
Buffers:           52260 kB
Cached:           795408 kB
MemTotal:        1844596 kB
MemFree:          760348 kB
MemAvailable:    1500756 kB
Buffers:           52260 kB
Cached:           795408 kB
MemTotal:        1844596 kB
MemFree:          760240 kB
MemAvailable:    1500648 kB
Buffers:           52260 kB
Cached:           795408 kB
MemTotal:        1844596 kB
MemFree:          756264 kB
MemAvailable:    1496672 kB
Buffers:           52260 kB
Cached:           795408 kB
MemTotal:        1844596 kB
MemFree:          756752 kB
MemAvailable:    1497160 kB
Buffers:           52260 kB
Cached:           795408 kB
MemTotal:        1844596 kB
MemFree:          756972 kB
MemAvailable:    1497380 kB
Buffers:           52260 kB
Cached:           795408 kB
MemTotal:        1844596 kB
MemFree:          756884 kB
MemAvailable:    1497292 kB
Buffers:           52260 kB
Cached:           795408 kB
MemTotal:        1844596 kB
MemFree:          757380 kB
MemAvailable:    1497788 kB
Buffers:           52260 kB
Cached:           795408 kB
MemTotal:        1844596 kB
MemFree:          757308 kB
MemAvailable:    1497716 kB
Buffers:           52260 kB
Cached:           795408 kB
MemTotal:        1844596 kB
MemFree:          756140 kB
MemAvailable:    1496548 kB
Buffers:           52260 kB
Cached:           795408 kB
MemTotal:        1844596 kB
MemFree:          756924 kB
MemAvailable:    1497332 kB
Buffers:           52260 kB
Cached:           795408 kB
MemTotal:        1844596 kB
MemFree:          755624 kB
MemAvailable:    1496032 kB
Buffers:           52260 kB
Cached:           795408 kB
MemTotal:        1844596 kB
MemFree:          756732 kB
MemAvailable:    1497140 kB
Buffers:           52260 kB
Cached:           795408 kB
MemTotal:        1844596 kB
MemFree:          756328 kB
MemAvailable:    1496736 kB
Buffers:           52260 kB
Cached:           795408 kB
MemTotal:        1844596 kB
MemFree:          756556 kB
MemAvailable:    1496964 kB
Buffers:           52260 kB
Cached:           795408 kB
MemTotal:        1844596 kB
MemFree:          756812 kB
MemAvailable:    1497220 kB
Buffers:           52260 kB
Cached:           795408 kB
MemTotal:        1844596 kB
MemFree:          756416 kB
MemAvailable:    1496824 kB
Buffers:           52260 kB
Cached:           795408 kB
MemTotal:        1844596 kB
MemFree:          756584 kB
MemAvailable:    1496992 kB
Buffers:           52260 kB
Cached:           795408 kB
MemTotal:        1844596 kB
MemFree:          756464 kB
MemAvailable:    1496872 kB
Buffers:           52260 kB
Cached:           795408 kB
MemTotal:        1844596 kB
MemFree:          756236 kB
MemAvailable:    1496644 kB
Buffers:           52260 kB
Cached:           795408 kB
MemTotal:        1844596 kB
MemFree:          756404 kB
MemAvailable:    1496812 kB
Buffers:           52260 kB
Cached:           795408 kB
MemTotal:        1844596 kB
MemFree:          754396 kB
MemAvailable:    1494804 kB
Buffers:           52260 kB
Cached:           795408 kB
MemTotal:        1844596 kB
MemFree:          755572 kB
MemAvailable:    1495980 kB
Buffers:           52260 kB
Cached:           795408 kB
MemTotal:        1844596 kB
MemFree:          753520 kB
MemAvailable:    1493928 kB
Buffers:           52260 kB
Cached:           795408 kB
MemTotal:        1844596 kB
MemFree:          753520 kB
MemAvailable:    1493928 kB
Buffers:           52260 kB
Cached:           795408 kB
MemTotal:        1844596 kB
MemFree:          753452 kB
MemAvailable:    1493860 kB
Buffers:           52260 kB
Cached:           795408 kB
MemTotal:        1844596 kB
MemFree:          752236 kB
MemAvailable:    1492644 kB
Buffers:           52260 kB
Cached:           795408 kB
MemTotal:        1844596 kB
MemFree:          752148 kB
MemAvailable:    1492556 kB
Buffers:           52260 kB
Cached:           795408 kB
MemTotal:        1844596 kB
MemFree:          755336 kB
MemAvailable:    1495744 kB
Buffers:           52260 kB
Cached:           795408 kB
MemTotal:        1844596 kB
MemFree:          755336 kB
MemAvailable:    1495744 kB
Buffers:           52260 kB
Cached:           795408 kB
MemTotal:        1844596 kB
MemFree:          755256 kB
MemAvailable:    1495664 kB
Buffers:           52264 kB
Cached:           795528 kB
MemTotal:        1844596 kB
MemFree:          755268 kB
MemAvailable:    1495844 kB
Buffers:           52264 kB
Cached:           795528 kB
MemTotal:        1844596 kB
MemFree:          754812 kB
MemAvailable:    1495472 kB
Buffers:           52264 kB
Cached:           795776 kB
MemTotal:        1844596 kB
MemFree:          755064 kB
MemAvailable:    1495808 kB
Buffers:           52264 kB
Cached:           795776 kB
MemTotal:        1844596 kB
MemFree:          753744 kB
MemAvailable:    1494572 kB
Buffers:           52264 kB
Cached:           795900 kB
MemTotal:        1844596 kB
MemFree:          753908 kB
MemAvailable:    1494820 kB
Buffers:           52264 kB
Cached:           796024 kB
MemTotal:        1844596 kB
MemFree:          754632 kB
MemAvailable:    1495544 kB
Buffers:           52264 kB
Cached:           796024 kB
MemTotal:        1844596 kB
MemFree:          754888 kB
MemAvailable:    1495800 kB
Buffers:           52264 kB
Cached:           796024 kB
MemTotal:        1844596 kB
MemFree:          754644 kB
MemAvailable:    1495640 kB
Buffers:           52264 kB
Cached:           796148 kB
MemTotal:        1844596 kB
MemFree:          754496 kB
MemAvailable:    1495492 kB
Buffers:           52264 kB
Cached:           796148 kB
MemTotal:        1844596 kB
MemFree:          754832 kB
MemAvailable:    1495828 kB
Buffers:           52264 kB
Cached:           796148 kB
MemTotal:        1844596 kB
MemFree:          754448 kB
MemAvailable:    1495444 kB
Buffers:           52264 kB
Cached:           796148 kB
MemTotal:        1844596 kB
MemFree:          754704 kB
MemAvailable:    1495700 kB
Buffers:           52264 kB
Cached:           796148 kB
MemTotal:        1844596 kB
MemFree:          754888 kB
MemAvailable:    1495884 kB
Buffers:           52264 kB
Cached:           796148 kB
MemTotal:        1844596 kB
MemFree:          753280 kB
MemAvailable:    1494360 kB
Buffers:           52264 kB
Cached:           796272 kB
MemTotal:        1844596 kB
MemFree:          753984 kB
MemAvailable:    1494392 kB
Buffers:           52264 kB
Cached:           795516 kB
MemTotal:        1844596 kB
MemFree:          824176 kB
MemAvailable:    1564584 kB
Buffers:           52264 kB
Cached:           795516 kB
