MemTotal:        1844596 kB
MemFree:          909636 kB
MemAvailable:    1550184 kB
Buffers:           40560 kB
Cached:           708000 kB
MemTotal:        1844596 kB
MemFree:          907016 kB
MemAvailable:    1547564 kB
Buffers:           40560 kB
Cached:           708000 kB
MemTotal:        1844596 kB
MemFree:          905792 kB
MemAvailable:    1546340 kB
Buffers:           40560 kB
Cached:           708000 kB
MemTotal:        1844596 kB
MemFree:          906720 kB
MemAvailable:    1547268 kB
Buffers:           40560 kB
Cached:           708000 kB
MemTotal:        1844596 kB
MemFree:          905116 kB
MemAvailable:    1545664 kB
Buffers:           40560 kB
Cached:           708000 kB
MemTotal:        1844596 kB
MemFree:          904992 kB
MemAvailable:    1545540 kB
Buffers:           40560 kB
Cached:           708000 kB
MemTotal:        1844596 kB
MemFree:          903792 kB
MemAvailable:    1544340 kB
Buffers:           40560 kB
Cached:           708000 kB
MemTotal:        1844596 kB
MemFree:          903792 kB
MemAvailable:    1544340 kB
Buffers:           40560 kB
Cached:           708000 kB
MemTotal:        1844596 kB
MemFree:          900212 kB
MemAvailable:    1540760 kB
Buffers:           40560 kB
Cached:           708000 kB
MemTotal:        1844596 kB
MemFree:          898660 kB
MemAvailable:    1539208 kB
Buffers:           40560 kB
Cached:           708000 kB
MemTotal:        1844596 kB
MemFree:          894696 kB
MemAvailable:    1535244 kB
Buffers:           40560 kB
Cached:           708000 kB
MemTotal:        1844596 kB
MemFree:          893340 kB
MemAvailable:    1533888 kB
Buffers:           40560 kB
Cached:           708000 kB
MemTotal:        1844596 kB
MemFree:          895196 kB
MemAvailable:    1535744 kB
Buffers:           40560 kB
Cached:           708000 kB
MemTotal:        1844596 kB
MemFree:          895280 kB
MemAvailable:    1535828 kB
Buffers:           40560 kB
Cached:           708000 kB
MemTotal:        1844596 kB
MemFree:          894128 kB
MemAvailable:    1534676 kB
Buffers:           40560 kB
Cached:           708000 kB
MemTotal:        1844596 kB
MemFree:          895244 kB
MemAvailable:    1535792 kB
Buffers:           40560 kB
Cached:           708000 kB
MemTotal:        1844596 kB
MemFree:          894004 kB
MemAvailable:    1534552 kB
Buffers:           40560 kB
Cached:           708000 kB
MemTotal:        1844596 kB
MemFree:          894740 kB
MemAvailable:    1535288 kB
Buffers:           40560 kB
Cached:           708000 kB
MemTotal:        1844596 kB
MemFree:          894260 kB
MemAvailable:    1534808 kB
Buffers:           40560 kB
Cached:           708000 kB
MemTotal:        1844596 kB
MemFree:          893640 kB
MemAvailable:    1534188 kB
Buffers:           40560 kB
Cached:           708000 kB
MemTotal:        1844596 kB
MemFree:          892152 kB
MemAvailable:    1532700 kB
Buffers:           40560 kB
Cached:           708000 kB
MemTotal:        1844596 kB
MemFree:          892880 kB
MemAvailable:    1533428 kB
Buffers:           40560 kB
Cached:           708000 kB
MemTotal:        1844596 kB
MemFree:          892880 kB
MemAvailable:    1533428 kB
Buffers:           40560 kB
Cached:           708000 kB
MemTotal:        1844596 kB
MemFree:          893008 kB
MemAvailable:    1533556 kB
Buffers:           40560 kB
Cached:           708000 kB
MemTotal:        1844596 kB
MemFree:          891720 kB
MemAvailable:    1532268 kB
Buffers:           40560 kB
Cached:           708000 kB
MemTotal:        1844596 kB
MemFree:          892952 kB
MemAvailable:    1533500 kB
Buffers:           40560 kB
Cached:           708000 kB
MemTotal:        1844596 kB
MemFree:          892972 kB
MemAvailable:    1533520 kB
Buffers:           40560 kB
Cached:           708000 kB
MemTotal:        1844596 kB
MemFree:          892904 kB
MemAvailable:    1533452 kB
Buffers:           40560 kB
Cached:           708000 kB
MemTotal:        1844596 kB
MemFree:          892708 kB
MemAvailable:    1533256 kB
Buffers:           40560 kB
Cached:           708000 kB
MemTotal:        1844596 kB
MemFree:          893044 kB
MemAvailable:    1533592 kB
Buffers:           40560 kB
Cached:           708000 kB
MemTotal:        1844596 kB
MemFree:          892812 kB
MemAvailable:    1533360 kB
Buffers:           40560 kB
Cached:           708000 kB
MemTotal:        1844596 kB
MemFree:          894196 kB
MemAvailable:    1534744 kB
Buffers:           40560 kB
Cached:           708000 kB
MemTotal:        1844596 kB
MemFree:          892260 kB
MemAvailable:    1532808 kB
Buffers:           40560 kB
Cached:           708000 kB
MemTotal:        1844596 kB
MemFree:          892260 kB
MemAvailable:    1532808 kB
Buffers:           40560 kB
Cached:           708000 kB
MemTotal:        1844596 kB
MemFree:          890848 kB
MemAvailable:    1531396 kB
Buffers:           40560 kB
Cached:           708000 kB
MemTotal:        1844596 kB
MemFree:          889540 kB
MemAvailable:    1530088 kB
Buffers:           40560 kB
Cached:           708000 kB
MemTotal:        1844596 kB
MemFree:          890104 kB
MemAvailable:    1530652 kB
Buffers:           40560 kB
Cached:           708000 kB
MemTotal:        1844596 kB
MemFree:          888680 kB
MemAvailable:    1529228 kB
Buffers:           40560 kB
Cached:           708000 kB
MemTotal:        1844596 kB
MemFree:          889912 kB
MemAvailable:    1530460 kB
Buffers:           40560 kB
Cached:           708000 kB
MemTotal:        1844596 kB
MemFree:          887680 kB
MemAvailable:    1528228 kB
Buffers:           40560 kB
Cached:           708000 kB
MemTotal:        1844596 kB
MemFree:          887936 kB
MemAvailable:    1528484 kB
Buffers:           40560 kB
Cached:           708000 kB
MemTotal:        1844596 kB
MemFree:          888748 kB
MemAvailable:    1529300 kB
Buffers:           40560 kB
Cached:           708004 kB
MemTotal:        1844596 kB
MemFree:          889084 kB
MemAvailable:    1529636 kB
Buffers:           40560 kB
Cached:           708004 kB
MemTotal:        1844596 kB
MemFree:          888788 kB
MemAvailable:    1529340 kB
Buffers:           40560 kB
Cached:           708004 kB
MemTotal:        1844596 kB
MemFree:          888788 kB
MemAvailable:    1529340 kB
Buffers:           40560 kB
Cached:           708004 kB
MemTotal:        1844596 kB
MemFree:          888608 kB
MemAvailable:    1529160 kB
Buffers:           40560 kB
Cached:           708004 kB
MemTotal:        1844596 kB
MemFree:          888432 kB
MemAvailable:    1528984 kB
Buffers:           40560 kB
Cached:           708004 kB
MemTotal:        1844596 kB
MemFree:          888236 kB
MemAvailable:    1528788 kB
Buffers:           40560 kB
Cached:           708004 kB
MemTotal:        1844596 kB
MemFree:          888572 kB
MemAvailable:    1529124 kB
Buffers:           40560 kB
Cached:           708004 kB
MemTotal:        1844596 kB
MemFree:          887928 kB
MemAvailable:    1528480 kB
Buffers:           40560 kB
Cached:           708004 kB
MemTotal:        1844596 kB
MemFree:          886636 kB
MemAvailable:    1527188 kB
Buffers:           40560 kB
Cached:           708004 kB
MemTotal:        1844596 kB
MemFree:          886636 kB
MemAvailable:    1527188 kB
Buffers:           40560 kB
Cached:           708004 kB
MemTotal:        1844596 kB
MemFree:          886628 kB
MemAvailable:    1527180 kB
Buffers:           40560 kB
Cached:           708004 kB
MemTotal:        1844596 kB
MemFree:          888112 kB
MemAvailable:    1528664 kB
Buffers:           40560 kB
Cached:           708004 kB
MemTotal:        1844596 kB
MemFree:          888000 kB
MemAvailable:    1528552 kB
Buffers:           40560 kB
Cached:           708004 kB
MemTotal:        1844596 kB
MemFree:          886628 kB
MemAvailable:    1527180 kB
Buffers:           40560 kB
Cached:           708004 kB
MemTotal:        1844596 kB
MemFree:          886620 kB
MemAvailable:    1527172 kB
Buffers:           40560 kB
Cached:           708004 kB
MemTotal:        1844596 kB
MemFree:          886820 kB
MemAvailable:    1527372 kB
Buffers:           40560 kB
Cached:           708004 kB
MemTotal:        1844596 kB
MemFree:          888060 kB
MemAvailable:    1528612 kB
Buffers:           40560 kB
Cached:           708004 kB
MemTotal:        1844596 kB
MemFree:          888052 kB
MemAvailable:    1528604 kB
Buffers:           40560 kB
Cached:           708004 kB
MemTotal:        1844596 kB
MemFree:          887516 kB
MemAvailable:    1528072 kB
Buffers:           40560 kB
Cached:           708008 kB
MemTotal:        1844596 kB
MemFree:          887516 kB
MemAvailable:    1528072 kB
Buffers:           40560 kB
Cached:           708008 kB
MemTotal:        1844596 kB
MemFree:          887360 kB
MemAvailable:    1527916 kB
Buffers:           40560 kB
Cached:           708008 kB
MemTotal:        1844596 kB
MemFree:          887320 kB
MemAvailable:    1527876 kB
Buffers:           40560 kB
Cached:           708008 kB
MemTotal:        1844596 kB
MemFree:          887320 kB
MemAvailable:    1527876 kB
Buffers:           40560 kB
Cached:           708008 kB
MemTotal:        1844596 kB
MemFree:          886012 kB
MemAvailable:    1526568 kB
Buffers:           40560 kB
Cached:           708008 kB
MemTotal:        1844596 kB
MemFree:          886932 kB
MemAvailable:    1527488 kB
Buffers:           40560 kB
Cached:           708008 kB
MemTotal:        1844596 kB
MemFree:          885876 kB
MemAvailable:    1526432 kB
Buffers:           40560 kB
Cached:           708008 kB
MemTotal:        1844596 kB
MemFree:          886880 kB
MemAvailable:    1527436 kB
Buffers:           40560 kB
Cached:           708008 kB
MemTotal:        1844596 kB
MemFree:          886980 kB
MemAvailable:    1527536 kB
Buffers:           40560 kB
Cached:           708008 kB
MemTotal:        1844596 kB
MemFree:          886456 kB
MemAvailable:    1527012 kB
Buffers:           40560 kB
Cached:           708008 kB
MemTotal:        1844596 kB
MemFree:          885820 kB
MemAvailable:    1526376 kB
Buffers:           40560 kB
Cached:           708008 kB
MemTotal:        1844596 kB
MemFree:          886572 kB
MemAvailable:    1527128 kB
Buffers:           40560 kB
Cached:           708008 kB
MemTotal:        1844596 kB
MemFree:          885816 kB
MemAvailable:    1526372 kB
Buffers:           40560 kB
Cached:           708008 kB
MemTotal:        1844596 kB
MemFree:          885816 kB
MemAvailable:    1526372 kB
Buffers:           40560 kB
Cached:           708008 kB
MemTotal:        1844596 kB
MemFree:          887068 kB
MemAvailable:    1527624 kB
Buffers:           40560 kB
Cached:           708008 kB
MemTotal:        1844596 kB
MemFree:          885084 kB
MemAvailable:    1525640 kB
Buffers:           40560 kB
Cached:           708008 kB
MemTotal:        1844596 kB
MemFree:          884776 kB
MemAvailable:    1525336 kB
Buffers:           40560 kB
Cached:           708012 kB
MemTotal:        1844596 kB
MemFree:          881232 kB
MemAvailable:    1521792 kB
Buffers:           40560 kB
Cached:           708012 kB
MemTotal:        1844596 kB
MemFree:          879488 kB
MemAvailable:    1520048 kB
Buffers:           40560 kB
Cached:           708012 kB
MemTotal:        1844596 kB
MemFree:          879324 kB
MemAvailable:    1519884 kB
Buffers:           40560 kB
Cached:           708012 kB
MemTotal:        1844596 kB
MemFree:          879188 kB
MemAvailable:    1519748 kB
Buffers:           40560 kB
Cached:           708012 kB
MemTotal:        1844596 kB
MemFree:          877816 kB
MemAvailable:    1518376 kB
Buffers:           40560 kB
Cached:           708012 kB
MemTotal:        1844596 kB
MemFree:          879116 kB
MemAvailable:    1519676 kB
Buffers:           40560 kB
Cached:           708012 kB
MemTotal:        1844596 kB
MemFree:          879028 kB
MemAvailable:    1519588 kB
Buffers:           40560 kB
Cached:           708012 kB
MemTotal:        1844596 kB
MemFree:          878140 kB
MemAvailable:    1518700 kB
Buffers:           40560 kB
Cached:           708012 kB
MemTotal:        1844596 kB
MemFree:          878828 kB
MemAvailable:    1519388 kB
Buffers:           40560 kB
Cached:           708012 kB
MemTotal:        1844596 kB
MemFree:          878688 kB
MemAvailable:    1519248 kB
Buffers:           40560 kB
Cached:           708012 kB
MemTotal:        1844596 kB
MemFree:          879024 kB
MemAvailable:    1519584 kB
Buffers:           40560 kB
Cached:           708012 kB
MemTotal:        1844596 kB
MemFree:          878868 kB
MemAvailable:    1519428 kB
Buffers:           40560 kB
Cached:           708012 kB
MemTotal:        1844596 kB
MemFree:          879120 kB
MemAvailable:    1519680 kB
Buffers:           40560 kB
Cached:           708012 kB
MemTotal:        1844596 kB
MemFree:          878880 kB
MemAvailable:    1519440 kB
Buffers:           40560 kB
Cached:           708012 kB
MemTotal:        1844596 kB
MemFree:          877712 kB
MemAvailable:    1518272 kB
Buffers:           40560 kB
Cached:           708012 kB
MemTotal:        1844596 kB
MemFree:          879004 kB
MemAvailable:    1519564 kB
Buffers:           40560 kB
Cached:           708012 kB
MemTotal:        1844596 kB
MemFree:          878940 kB
MemAvailable:    1519500 kB
Buffers:           40560 kB
Cached:           708012 kB
MemTotal:        1844596 kB
MemFree:          878940 kB
MemAvailable:    1519500 kB
Buffers:           40560 kB
Cached:           708012 kB
MemTotal:        1844596 kB
MemFree:          878512 kB
MemAvailable:    1519072 kB
Buffers:           40560 kB
Cached:           708012 kB
MemTotal:        1844596 kB
MemFree:          878760 kB
MemAvailable:    1519320 kB
Buffers:           40560 kB
Cached:           708012 kB
MemTotal:        1844596 kB
MemFree:          876768 kB
MemAvailable:    1517328 kB
Buffers:           40560 kB
Cached:           708012 kB
MemTotal:        1844596 kB
MemFree:          876528 kB
MemAvailable:    1517088 kB
Buffers:           40560 kB
Cached:           708012 kB
MemTotal:        1844596 kB
MemFree:          877216 kB
MemAvailable:    1517780 kB
Buffers:           40560 kB
Cached:           708016 kB
MemTotal:        1844596 kB
MemFree:          877216 kB
MemAvailable:    1517780 kB
Buffers:           40560 kB
Cached:           708016 kB
MemTotal:        1844596 kB
MemFree:          877132 kB
MemAvailable:    1517696 kB
Buffers:           40560 kB
Cached:           708016 kB
MemTotal:        1844596 kB
MemFree:          875288 kB
MemAvailable:    1515852 kB
Buffers:           40560 kB
Cached:           708016 kB
MemTotal:        1844596 kB
MemFree:          876340 kB
MemAvailable:    1516904 kB
Buffers:           40560 kB
Cached:           708016 kB
MemTotal:        1844596 kB
MemFree:          875536 kB
MemAvailable:    1516100 kB
Buffers:           40560 kB
Cached:           708016 kB
MemTotal:        1844596 kB
MemFree:          875396 kB
MemAvailable:    1515960 kB
Buffers:           40560 kB
Cached:           708016 kB
MemTotal:        1844596 kB
MemFree:          874792 kB
MemAvailable:    1515356 kB
Buffers:           40560 kB
Cached:           708016 kB
MemTotal:        1844596 kB
MemFree:          875524 kB
MemAvailable:    1516088 kB
Buffers:           40560 kB
Cached:           708016 kB
MemTotal:        1844596 kB
MemFree:          874028 kB
MemAvailable:    1514592 kB
Buffers:           40560 kB
Cached:           708016 kB
MemTotal:        1844596 kB
MemFree:          875136 kB
MemAvailable:    1515700 kB
Buffers:           40560 kB
Cached:           708016 kB
MemTotal:        1844596 kB
MemFree:          874288 kB
MemAvailable:    1514852 kB
Buffers:           40560 kB
Cached:           708016 kB
MemTotal:        1844596 kB
MemFree:          875104 kB
MemAvailable:    1515668 kB
Buffers:           40560 kB
Cached:           708016 kB
MemTotal:        1844596 kB
MemFree:          873856 kB
MemAvailable:    1514420 kB
Buffers:           40560 kB
Cached:           708016 kB
MemTotal:        1844596 kB
MemFree:          874964 kB
MemAvailable:    1515528 kB
Buffers:           40560 kB
Cached:           708016 kB
MemTotal:        1844596 kB
MemFree:          875132 kB
MemAvailable:    1515696 kB
Buffers:           40560 kB
Cached:           708016 kB
MemTotal:        1844596 kB
MemFree:          875076 kB
MemAvailable:    1515640 kB
Buffers:           40560 kB
Cached:           708016 kB
MemTotal:        1844596 kB
MemFree:          874800 kB
MemAvailable:    1515364 kB
Buffers:           40560 kB
Cached:           708016 kB
MemTotal:        1844596 kB
MemFree:          873744 kB
MemAvailable:    1514308 kB
Buffers:           40560 kB
Cached:           708016 kB
MemTotal:        1844596 kB
MemFree:          874528 kB
MemAvailable:    1515092 kB
Buffers:           40560 kB
Cached:           708016 kB
MemTotal:        1844596 kB
MemFree:          874528 kB
MemAvailable:    1515092 kB
Buffers:           40560 kB
Cached:           708016 kB
MemTotal:        1844596 kB
MemFree:          873124 kB
MemAvailable:    1513688 kB
Buffers:           40560 kB
Cached:           708016 kB
MemTotal:        1844596 kB
MemFree:          869700 kB
MemAvailable:    1510264 kB
Buffers:           40560 kB
Cached:           708016 kB
MemTotal:        1844596 kB
MemFree:          869700 kB
MemAvailable:    1510264 kB
Buffers:           40560 kB
Cached:           708016 kB
MemTotal:        1844596 kB
MemFree:          869568 kB
MemAvailable:    1510132 kB
Buffers:           40560 kB
Cached:           708016 kB
MemTotal:        1844596 kB
MemFree:          869676 kB
MemAvailable:    1510240 kB
Buffers:           40560 kB
Cached:           708016 kB
MemTotal:        1844596 kB
MemFree:          869648 kB
MemAvailable:    1510212 kB
Buffers:           40560 kB
Cached:           708016 kB
MemTotal:        1844596 kB
MemFree:          868600 kB
MemAvailable:    1509164 kB
Buffers:           40560 kB
Cached:           708016 kB
MemTotal:        1844596 kB
MemFree:          869328 kB
MemAvailable:    1509892 kB
Buffers:           40560 kB
Cached:           708016 kB
MemTotal:        1844596 kB
MemFree:          869460 kB
MemAvailable:    1510024 kB
Buffers:           40560 kB
Cached:           708016 kB
MemTotal:        1844596 kB
MemFree:          869200 kB
MemAvailable:    1509764 kB
Buffers:           40560 kB
Cached:           708016 kB
MemTotal:        1844596 kB
MemFree:          869296 kB
MemAvailable:    1509860 kB
Buffers:           40560 kB
Cached:           708016 kB
MemTotal:        1844596 kB
MemFree:          868336 kB
MemAvailable:    1508900 kB
Buffers:           40560 kB
Cached:           708016 kB
MemTotal:        1844596 kB
MemFree:          869196 kB
MemAvailable:    1509764 kB
Buffers:           40560 kB
Cached:           708020 kB
MemTotal:        1844596 kB
MemFree:          869280 kB
MemAvailable:    1509848 kB
Buffers:           40560 kB
Cached:           708020 kB
MemTotal:        1844596 kB
MemFree:          866600 kB
MemAvailable:    1507168 kB
Buffers:           40560 kB
Cached:           708020 kB
MemTotal:        1844596 kB
MemFree:          866484 kB
MemAvailable:    1507052 kB
Buffers:           40560 kB
Cached:           708020 kB
MemTotal:        1844596 kB
MemFree:          866352 kB
MemAvailable:    1506920 kB
Buffers:           40560 kB
Cached:           708020 kB
MemTotal:        1844596 kB
MemFree:          866048 kB
MemAvailable:    1506616 kB
Buffers:           40560 kB
Cached:           708020 kB
MemTotal:        1844596 kB
MemFree:          864872 kB
MemAvailable:    1505440 kB
Buffers:           40560 kB
Cached:           708020 kB
MemTotal:        1844596 kB
MemFree:          865980 kB
MemAvailable:    1506548 kB
Buffers:           40560 kB
Cached:           708020 kB
MemTotal:        1844596 kB
MemFree:          865980 kB
MemAvailable:    1506548 kB
Buffers:           40560 kB
Cached:           708020 kB
MemTotal:        1844596 kB
MemFree:          865972 kB
MemAvailable:    1506540 kB
Buffers:           40560 kB
Cached:           708020 kB
MemTotal:        1844596 kB
MemFree:          865988 kB
MemAvailable:    1506556 kB
Buffers:           40560 kB
Cached:           708020 kB
MemTotal:        1844596 kB
MemFree:          867876 kB
MemAvailable:    1508444 kB
Buffers:           40560 kB
Cached:           708020 kB
MemTotal:        1844596 kB
MemFree:          866692 kB
MemAvailable:    1507260 kB
Buffers:           40560 kB
Cached:           708020 kB
MemTotal:        1844596 kB
MemFree:          866560 kB
MemAvailable:    1507212 kB
Buffers:           40560 kB
Cached:           708144 kB
MemTotal:        1844596 kB
MemFree:          867736 kB
MemAvailable:    1508640 kB
Buffers:           40560 kB
Cached:           708392 kB
MemTotal:        1844596 kB
MemFree:          866732 kB
MemAvailable:    1507636 kB
Buffers:           40560 kB
Cached:           708392 kB
MemTotal:        1844596 kB
MemFree:          867324 kB
MemAvailable:    1508396 kB
Buffers:           40560 kB
Cached:           708516 kB
MemTotal:        1844596 kB
MemFree:          867408 kB
MemAvailable:    1508480 kB
Buffers:           40560 kB
Cached:           708516 kB
MemTotal:        1844596 kB
MemFree:          865924 kB
MemAvailable:    1507080 kB
Buffers:           40560 kB
Cached:           708516 kB
MemTotal:        1844596 kB
MemFree:          866484 kB
MemAvailable:    1507640 kB
Buffers:           40560 kB
Cached:           708516 kB
MemTotal:        1844596 kB
MemFree:          867476 kB
MemAvailable:    1508660 kB
Buffers:           40560 kB
Cached:           708712 kB
MemTotal:        1844596 kB
MemFree:          867212 kB
MemAvailable:    1508396 kB
Buffers:           40560 kB
Cached:           708712 kB
MemTotal:        1844596 kB
MemFree:          867464 kB
MemAvailable:    1508648 kB
Buffers:           40560 kB
Cached:           708712 kB
MemTotal:        1844596 kB
MemFree:          867424 kB
MemAvailable:    1508608 kB
Buffers:           40560 kB
Cached:           708712 kB
MemTotal:        1844596 kB
MemFree:          865920 kB
MemAvailable:    1507104 kB
Buffers:           40560 kB
Cached:           708712 kB
MemTotal:        1844596 kB
MemFree:          866608 kB
MemAvailable:    1507792 kB
Buffers:           40560 kB
Cached:           708712 kB
MemTotal:        1844596 kB
MemFree:          867460 kB
MemAvailable:    1508704 kB
Buffers:           40560 kB
Cached:           708696 kB
MemTotal:        1844596 kB
MemFree:          867544 kB
MemAvailable:    1508788 kB
Buffers:           40560 kB
Cached:           708696 kB
MemTotal:        1844596 kB
MemFree:          870888 kB
MemAvailable:    1511544 kB
Buffers:           40560 kB
Cached:           708064 kB
MemTotal:        1844596 kB
MemFree:          936184 kB
MemAvailable:    1576840 kB
Buffers:           40560 kB
Cached:           708064 kB
