MemTotal:        1844596 kB
MemFree:          875212 kB
MemAvailable:    1543716 kB
Buffers:           44192 kB
Cached:           735088 kB
MemTotal:        1844596 kB
MemFree:          873724 kB
MemAvailable:    1542228 kB
Buffers:           44192 kB
Cached:           735088 kB
MemTotal:        1844596 kB
MemFree:          871616 kB
MemAvailable:    1540120 kB
Buffers:           44192 kB
Cached:           735088 kB
MemTotal:        1844596 kB
MemFree:          872848 kB
MemAvailable:    1541352 kB
Buffers:           44192 kB
Cached:           735088 kB
MemTotal:        1844596 kB
MemFree:          870120 kB
MemAvailable:    1538624 kB
Buffers:           44192 kB
Cached:           735088 kB
MemTotal:        1844596 kB
MemFree:          871700 kB
MemAvailable:    1540204 kB
Buffers:           44192 kB
Cached:           735088 kB
MemTotal:        1844596 kB
MemFree:          868220 kB
MemAvailable:    1536724 kB
Buffers:           44192 kB
Cached:           735088 kB
MemTotal:        1844596 kB
MemFree:          868152 kB
MemAvailable:    1536656 kB
Buffers:           44192 kB
Cached:           735088 kB
MemTotal:        1844596 kB
MemFree:          865292 kB
MemAvailable:    1533796 kB
Buffers:           44192 kB
Cached:           735088 kB
MemTotal:        1844596 kB
MemFree:          862128 kB
MemAvailable:    1530632 kB
Buffers:           44192 kB
Cached:           735088 kB
MemTotal:        1844596 kB
MemFree:          860264 kB
MemAvailable:    1528768 kB
Buffers:           44192 kB
Cached:           735088 kB
MemTotal:        1844596 kB
MemFree:          861564 kB
MemAvailable:    1530068 kB
Buffers:           44192 kB
Cached:           735088 kB
MemTotal:        1844596 kB
MemFree:          861816 kB
MemAvailable:    1530320 kB
Buffers:           44192 kB
Cached:           735088 kB
MemTotal:        1844596 kB
MemFree:          861440 kB
MemAvailable:    1529944 kB
Buffers:           44192 kB
Cached:           735088 kB
MemTotal:        1844596 kB
MemFree:          860324 kB
MemAvailable:    1528828 kB
Buffers:           44192 kB
Cached:           735088 kB
MemTotal:        1844596 kB
MemFree:          861432 kB
MemAvailable:    1529936 kB
Buffers:           44192 kB
Cached:           735088 kB
MemTotal:        1844596 kB
MemFree:          861432 kB
MemAvailable:    1529936 kB
Buffers:           44192 kB
Cached:           735088 kB
MemTotal:        1844596 kB
MemFree:          859340 kB
MemAvailable:    1527844 kB
Buffers:           44192 kB
Cached:           735088 kB
MemTotal:        1844596 kB
MemFree:          859712 kB
MemAvailable:    1528216 kB
Buffers:           44192 kB
Cached:           735088 kB
MemTotal:        1844596 kB
MemFree:          859076 kB
MemAvailable:    1527580 kB
Buffers:           44204 kB
Cached:           735076 kB
MemTotal:        1844596 kB
MemFree:          859160 kB
MemAvailable:    1527664 kB
Buffers:           44204 kB
Cached:           735076 kB
MemTotal:        1844596 kB
MemFree:          857840 kB
MemAvailable:    1526344 kB
Buffers:           44204 kB
Cached:           735076 kB
MemTotal:        1844596 kB
MemFree:          859080 kB
MemAvailable:    1527584 kB
Buffers:           44204 kB
Cached:           735076 kB
MemTotal:        1844596 kB
MemFree:          859044 kB
MemAvailable:    1527572 kB
Buffers:           44204 kB
Cached:           735096 kB
MemTotal:        1844596 kB
MemFree:          858976 kB
MemAvailable:    1527504 kB
Buffers:           44204 kB
Cached:           735096 kB
MemTotal:        1844596 kB
MemFree:          859332 kB
MemAvailable:    1527860 kB
Buffers:           44204 kB
Cached:           735096 kB
MemTotal:        1844596 kB
MemFree:          859416 kB
MemAvailable:    1527944 kB
Buffers:           44204 kB
Cached:           735096 kB
MemTotal:        1844596 kB
MemFree:          859220 kB
MemAvailable:    1527748 kB
Buffers:           44204 kB
Cached:           735096 kB
MemTotal:        1844596 kB
MemFree:          859348 kB
MemAvailable:    1527876 kB
Buffers:           44204 kB
Cached:           735096 kB
MemTotal:        1844596 kB
MemFree:          859836 kB
MemAvailable:    1528364 kB
Buffers:           44204 kB
Cached:           735096 kB
MemTotal:        1844596 kB
MemFree:          860872 kB
MemAvailable:    1529404 kB
Buffers:           44204 kB
Cached:           735100 kB
MemTotal:        1844596 kB
MemFree:          860020 kB
MemAvailable:    1528552 kB
Buffers:           44204 kB
Cached:           735100 kB
MemTotal:        1844596 kB
MemFree:          857480 kB
MemAvailable:    1526012 kB
Buffers:           44204 kB
Cached:           735100 kB
MemTotal:        1844596 kB
MemFree:          857044 kB
MemAvailable:    1525576 kB
Buffers:           44204 kB
Cached:           735100 kB
MemTotal:        1844596 kB
MemFree:          856604 kB
MemAvailable:    1525136 kB
Buffers:           44204 kB
Cached:           735100 kB
MemTotal:        1844596 kB
MemFree:          856496 kB
MemAvailable:    1525028 kB
Buffers:           44204 kB
Cached:           735100 kB
MemTotal:        1844596 kB
MemFree:          856240 kB
MemAvailable:    1524772 kB
Buffers:           44204 kB
Cached:           735100 kB
MemTotal:        1844596 kB
MemFree:          856052 kB
MemAvailable:    1524584 kB
Buffers:           44204 kB
Cached:           735100 kB
MemTotal:        1844596 kB
MemFree:          854628 kB
MemAvailable:    1523160 kB
Buffers:           44204 kB
Cached:           735100 kB
MemTotal:        1844596 kB
MemFree:          855356 kB
MemAvailable:    1523888 kB
Buffers:           44204 kB
Cached:           735100 kB
MemTotal:        1844596 kB
MemFree:          855692 kB
MemAvailable:    1524224 kB
Buffers:           44204 kB
Cached:           735100 kB
MemTotal:        1844596 kB
MemFree:          854372 kB
MemAvailable:    1522904 kB
Buffers:           44204 kB
Cached:           735100 kB
MemTotal:        1844596 kB
MemFree:          854132 kB
MemAvailable:    1522664 kB
Buffers:           44204 kB
Cached:           735100 kB
MemTotal:        1844596 kB
MemFree:          855456 kB
MemAvailable:    1523988 kB
Buffers:           44204 kB
Cached:           735100 kB
MemTotal:        1844596 kB
MemFree:          854248 kB
MemAvailable:    1522780 kB
Buffers:           44204 kB
Cached:           735100 kB
MemTotal:        1844596 kB
MemFree:          855248 kB
MemAvailable:    1523780 kB
Buffers:           44204 kB
Cached:           735100 kB
MemTotal:        1844596 kB
MemFree:          854936 kB
MemAvailable:    1523468 kB
Buffers:           44204 kB
Cached:           735100 kB
MemTotal:        1844596 kB
MemFree:          853388 kB
MemAvailable:    1521920 kB
Buffers:           44204 kB
Cached:           735100 kB
MemTotal:        1844596 kB
MemFree:          854620 kB
MemAvailable:    1523152 kB
Buffers:           44204 kB
Cached:           735100 kB
MemTotal:        1844596 kB
MemFree:          852752 kB
MemAvailable:    1521284 kB
Buffers:           44204 kB
Cached:           735100 kB
MemTotal:        1844596 kB
MemFree:          852828 kB
MemAvailable:    1521360 kB
Buffers:           44204 kB
Cached:           735100 kB
MemTotal:        1844596 kB
MemFree:          852960 kB
MemAvailable:    1521492 kB
Buffers:           44204 kB
Cached:           735100 kB
MemTotal:        1844596 kB
MemFree:          854136 kB
MemAvailable:    1522668 kB
Buffers:           44204 kB
Cached:           735100 kB
MemTotal:        1844596 kB
MemFree:          854172 kB
MemAvailable:    1522704 kB
Buffers:           44204 kB
Cached:           735100 kB
MemTotal:        1844596 kB
MemFree:          854100 kB
MemAvailable:    1522632 kB
Buffers:           44204 kB
Cached:           735100 kB
MemTotal:        1844596 kB
MemFree:          854100 kB
MemAvailable:    1522632 kB
Buffers:           44204 kB
Cached:           735100 kB
MemTotal:        1844596 kB
MemFree:          853928 kB
MemAvailable:    1522460 kB
Buffers:           44204 kB
Cached:           735100 kB
MemTotal:        1844596 kB
MemFree:          854144 kB
MemAvailable:    1522676 kB
Buffers:           44204 kB
Cached:           735100 kB
MemTotal:        1844596 kB
MemFree:          853980 kB
MemAvailable:    1522512 kB
Buffers:           44204 kB
Cached:           735100 kB
MemTotal:        1844596 kB
MemFree:          853620 kB
MemAvailable:    1522152 kB
Buffers:           44204 kB
Cached:           735100 kB
MemTotal:        1844596 kB
MemFree:          852452 kB
MemAvailable:    1520984 kB
Buffers:           44204 kB
Cached:           735100 kB
MemTotal:        1844596 kB
MemFree:          852452 kB
MemAvailable:    1520984 kB
Buffers:           44204 kB
Cached:           735100 kB
MemTotal:        1844596 kB
MemFree:          853428 kB
MemAvailable:    1521960 kB
Buffers:           44204 kB
Cached:           735100 kB
MemTotal:        1844596 kB
MemFree:          853388 kB
MemAvailable:    1521920 kB
Buffers:           44204 kB
Cached:           735100 kB
MemTotal:        1844596 kB
MemFree:          853208 kB
MemAvailable:    1521740 kB
Buffers:           44204 kB
Cached:           735100 kB
MemTotal:        1844596 kB
MemFree:          853064 kB
MemAvailable:    1521596 kB
Buffers:           44204 kB
Cached:           735100 kB
MemTotal:        1844596 kB
MemFree:          852892 kB
MemAvailable:    1521424 kB
Buffers:           44204 kB
Cached:           735100 kB
MemTotal:        1844596 kB
MemFree:          853128 kB
MemAvailable:    1521660 kB
Buffers:           44204 kB
Cached:           735100 kB
MemTotal:        1844596 kB
MemFree:          853140 kB
MemAvailable:    1521672 kB
Buffers:           44204 kB
Cached:           735100 kB
MemTotal:        1844596 kB
MemFree:          851960 kB
MemAvailable:    1520492 kB
Buffers:           44204 kB
Cached:           735100 kB
MemTotal:        1844596 kB
MemFree:          853192 kB
MemAvailable:    1521724 kB
Buffers:           44204 kB
Cached:           735100 kB
MemTotal:        1844596 kB
MemFree:          853056 kB
MemAvailable:    1521588 kB
Buffers:           44204 kB
Cached:           735100 kB
MemTotal:        1844596 kB
MemFree:          852892 kB
MemAvailable:    1521424 kB
Buffers:           44204 kB
Cached:           735100 kB
MemTotal:        1844596 kB
MemFree:          851844 kB
MemAvailable:    1520376 kB
Buffers:           44204 kB
Cached:           735100 kB
MemTotal:        1844596 kB
MemFree:          853144 kB
MemAvailable:    1521676 kB
Buffers:           44204 kB
Cached:           735100 kB
MemTotal:        1844596 kB
MemFree:          850908 kB
MemAvailable:    1519440 kB
Buffers:           44204 kB
Cached:           735100 kB
MemTotal:        1844596 kB
MemFree:          849792 kB
MemAvailable:    1518324 kB
Buffers:           44204 kB
Cached:           735100 kB
MemTotal:        1844596 kB
MemFree:          847312 kB
MemAvailable:    1515844 kB
Buffers:           44204 kB
Cached:           735100 kB
MemTotal:        1844596 kB
MemFree:          845428 kB
MemAvailable:    1513960 kB
Buffers:           44204 kB
Cached:           735100 kB
MemTotal:        1844596 kB
MemFree:          845568 kB
MemAvailable:    1514100 kB
Buffers:           44204 kB
Cached:           735100 kB
MemTotal:        1844596 kB
MemFree:          844264 kB
MemAvailable:    1512796 kB
Buffers:           44204 kB
Cached:           735100 kB
MemTotal:        1844596 kB
MemFree:          844272 kB
MemAvailable:    1512804 kB
Buffers:           44204 kB
Cached:           735100 kB
MemTotal:        1844596 kB
MemFree:          844016 kB
MemAvailable:    1512548 kB
Buffers:           44204 kB
Cached:           735100 kB
MemTotal:        1844596 kB
MemFree:          843760 kB
MemAvailable:    1512292 kB
Buffers:           44204 kB
Cached:           735100 kB
MemTotal:        1844596 kB
MemFree:          845020 kB
MemAvailable:    1513552 kB
Buffers:           44204 kB
Cached:           735100 kB
MemTotal:        1844596 kB
MemFree:          845272 kB
MemAvailable:    1513804 kB
Buffers:           44204 kB
Cached:           735100 kB
MemTotal:        1844596 kB
MemFree:          843936 kB
MemAvailable:    1512468 kB
Buffers:           44204 kB
Cached:           735100 kB
MemTotal:        1844596 kB
MemFree:          845184 kB
MemAvailable:    1513716 kB
Buffers:           44204 kB
Cached:           735100 kB
MemTotal:        1844596 kB
MemFree:          845136 kB
MemAvailable:    1513668 kB
Buffers:           44204 kB
Cached:           735100 kB
MemTotal:        1844596 kB
MemFree:          845184 kB
MemAvailable:    1513716 kB
Buffers:           44204 kB
Cached:           735100 kB
MemTotal:        1844596 kB
MemFree:          845060 kB
MemAvailable:    1513592 kB
Buffers:           44204 kB
Cached:           735100 kB
MemTotal:        1844596 kB
MemFree:          843884 kB
MemAvailable:    1512416 kB
Buffers:           44204 kB
Cached:           735100 kB
MemTotal:        1844596 kB
MemFree:          845160 kB
MemAvailable:    1513692 kB
Buffers:           44204 kB
Cached:           735100 kB
MemTotal:        1844596 kB
MemFree:          845212 kB
MemAvailable:    1513744 kB
Buffers:           44204 kB
Cached:           735100 kB
MemTotal:        1844596 kB
MemFree:          843824 kB
MemAvailable:    1512356 kB
Buffers:           44204 kB
Cached:           735100 kB
MemTotal:        1844596 kB
MemFree:          843460 kB
MemAvailable:    1511992 kB
Buffers:           44204 kB
Cached:           735100 kB
MemTotal:        1844596 kB
MemFree:          844388 kB
MemAvailable:    1512928 kB
Buffers:           44204 kB
Cached:           735108 kB
MemTotal:        1844596 kB
MemFree:          843104 kB
MemAvailable:    1511644 kB
Buffers:           44204 kB
Cached:           735108 kB
MemTotal:        1844596 kB
MemFree:          843452 kB
MemAvailable:    1511992 kB
Buffers:           44204 kB
Cached:           735108 kB
MemTotal:        1844596 kB
MemFree:          843788 kB
MemAvailable:    1512328 kB
Buffers:           44204 kB
Cached:           735108 kB
MemTotal:        1844596 kB
MemFree:          843212 kB
MemAvailable:    1511752 kB
Buffers:           44204 kB
Cached:           735108 kB
MemTotal:        1844596 kB
MemFree:          843296 kB
MemAvailable:    1511836 kB
Buffers:           44204 kB
Cached:           735108 kB
MemTotal:        1844596 kB
MemFree:          841236 kB
MemAvailable:    1509776 kB
Buffers:           44204 kB
Cached:           735108 kB
MemTotal:        1844596 kB
MemFree:          842536 kB
MemAvailable:    1511076 kB
Buffers:           44204 kB
Cached:           735108 kB
MemTotal:        1844596 kB
MemFree:          841492 kB
MemAvailable:    1510032 kB
Buffers:           44204 kB
Cached:           735108 kB
MemTotal:        1844596 kB
MemFree:          841724 kB
MemAvailable:    1510264 kB
Buffers:           44204 kB
Cached:           735108 kB
MemTotal:        1844596 kB
MemFree:          842060 kB
MemAvailable:    1510600 kB
Buffers:           44204 kB
Cached:           735108 kB
MemTotal:        1844596 kB
MemFree:          841732 kB
MemAvailable:    1510272 kB
Buffers:           44204 kB
Cached:           735108 kB
MemTotal:        1844596 kB
MemFree:          841420 kB
MemAvailable:    1509960 kB
Buffers:           44204 kB
Cached:           735108 kB
MemTotal:        1844596 kB
MemFree:          841348 kB
MemAvailable:    1509888 kB
Buffers:           44204 kB
Cached:           735108 kB
MemTotal:        1844596 kB
MemFree:          841432 kB
MemAvailable:    1509972 kB
Buffers:           44204 kB
Cached:           735108 kB
MemTotal:        1844596 kB
MemFree:          839948 kB
MemAvailable:    1508488 kB
Buffers:           44204 kB
Cached:           735108 kB
MemTotal:        1844596 kB
MemFree:          840120 kB
MemAvailable:    1508660 kB
Buffers:           44204 kB
Cached:           735108 kB
MemTotal:        1844596 kB
MemFree:          841484 kB
MemAvailable:    1510024 kB
Buffers:           44204 kB
Cached:           735108 kB
MemTotal:        1844596 kB
MemFree:          839824 kB
MemAvailable:    1508364 kB
Buffers:           44204 kB
Cached:           735108 kB
MemTotal:        1844596 kB
MemFree:          841056 kB
MemAvailable:    1509596 kB
Buffers:           44204 kB
Cached:           735108 kB
MemTotal:        1844596 kB
MemFree:          840088 kB
MemAvailable:    1508628 kB
Buffers:           44204 kB
Cached:           735108 kB
MemTotal:        1844596 kB
MemFree:          840924 kB
MemAvailable:    1509464 kB
Buffers:           44204 kB
Cached:           735108 kB
MemTotal:        1844596 kB
MemFree:          840600 kB
MemAvailable:    1509140 kB
Buffers:           44204 kB
Cached:           735108 kB
MemTotal:        1844596 kB
MemFree:          840508 kB
MemAvailable:    1509048 kB
Buffers:           44204 kB
Cached:           735108 kB
MemTotal:        1844596 kB
MemFree:          834912 kB
MemAvailable:    1503452 kB
Buffers:           44204 kB
Cached:           735108 kB
MemTotal:        1844596 kB
MemFree:          836036 kB
MemAvailable:    1504576 kB
Buffers:           44204 kB
Cached:           735108 kB
MemTotal:        1844596 kB
MemFree:          834796 kB
MemAvailable:    1503336 kB
Buffers:           44204 kB
Cached:           735108 kB
MemTotal:        1844596 kB
MemFree:          835652 kB
MemAvailable:    1504192 kB
Buffers:           44204 kB
Cached:           735108 kB
MemTotal:        1844596 kB
MemFree:          835604 kB
MemAvailable:    1504144 kB
Buffers:           44204 kB
Cached:           735108 kB
MemTotal:        1844596 kB
MemFree:          834788 kB
MemAvailable:    1503328 kB
Buffers:           44204 kB
Cached:           735108 kB
MemTotal:        1844596 kB
MemFree:          835380 kB
MemAvailable:    1503920 kB
Buffers:           44204 kB
Cached:           735108 kB
MemTotal:        1844596 kB
MemFree:          835380 kB
MemAvailable:    1503920 kB
Buffers:           44204 kB
Cached:           735108 kB
MemTotal:        1844596 kB
MemFree:          835524 kB
MemAvailable:    1504064 kB
Buffers:           44204 kB
Cached:           735108 kB
MemTotal:        1844596 kB
MemFree:          833972 kB
MemAvailable:    1502512 kB
Buffers:           44204 kB
Cached:           735108 kB
MemTotal:        1844596 kB
MemFree:          835196 kB
MemAvailable:    1503736 kB
Buffers:           44204 kB
Cached:           735108 kB
MemTotal:        1844596 kB
MemFree:          835196 kB
MemAvailable:    1503736 kB
Buffers:           44204 kB
Cached:           735108 kB
MemTotal:        1844596 kB
MemFree:          834292 kB
MemAvailable:    1502832 kB
Buffers:           44204 kB
Cached:           735108 kB
MemTotal:        1844596 kB
MemFree:          833936 kB
MemAvailable:    1502476 kB
Buffers:           44204 kB
Cached:           735108 kB
MemTotal:        1844596 kB
MemFree:          831200 kB
MemAvailable:    1499740 kB
Buffers:           44204 kB
Cached:           735108 kB
MemTotal:        1844596 kB
MemFree:          831316 kB
MemAvailable:    1499856 kB
Buffers:           44204 kB
Cached:           735108 kB
MemTotal:        1844596 kB
MemFree:          831200 kB
MemAvailable:    1499740 kB
Buffers:           44204 kB
Cached:           735108 kB
MemTotal:        1844596 kB
MemFree:          832128 kB
MemAvailable:    1500668 kB
Buffers:           44204 kB
Cached:           735108 kB
MemTotal:        1844596 kB
MemFree:          832128 kB
MemAvailable:    1500668 kB
Buffers:           44204 kB
Cached:           735108 kB
MemTotal:        1844596 kB
MemFree:          832232 kB
MemAvailable:    1500772 kB
Buffers:           44204 kB
Cached:           735108 kB
MemTotal:        1844596 kB
MemFree:          831016 kB
MemAvailable:    1499556 kB
Buffers:           44204 kB
Cached:           735108 kB
MemTotal:        1844596 kB
MemFree:          832896 kB
MemAvailable:    1501436 kB
Buffers:           44204 kB
Cached:           735108 kB
MemTotal:        1844596 kB
MemFree:          834012 kB
MemAvailable:    1502552 kB
Buffers:           44204 kB
Cached:           735108 kB
MemTotal:        1844596 kB
MemFree:          832772 kB
MemAvailable:    1501396 kB
Buffers:           44204 kB
Cached:           735232 kB
MemTotal:        1844596 kB
MemFree:          834324 kB
MemAvailable:    1503116 kB
Buffers:           44204 kB
Cached:           735480 kB
MemTotal:        1844596 kB
MemFree:          832632 kB
MemAvailable:    1501508 kB
Buffers:           44204 kB
Cached:           735480 kB
MemTotal:        1844596 kB
MemFree:          832888 kB
MemAvailable:    1501848 kB
Buffers:           44204 kB
Cached:           735604 kB
MemTotal:        1844596 kB
MemFree:          832688 kB
MemAvailable:    1501816 kB
Buffers:           44204 kB
Cached:           735728 kB
MemTotal:        1844596 kB
MemFree:          833532 kB
MemAvailable:    1502660 kB
Buffers:           44204 kB
Cached:           735728 kB
MemTotal:        1844596 kB
MemFree:          833184 kB
MemAvailable:    1502312 kB
Buffers:           44204 kB
Cached:           735728 kB
MemTotal:        1844596 kB
MemFree:          833376 kB
MemAvailable:    1502504 kB
Buffers:           44204 kB
Cached:           735728 kB
MemTotal:        1844596 kB
MemFree:          832172 kB
MemAvailable:    1501300 kB
Buffers:           44204 kB
Cached:           735728 kB
MemTotal:        1844596 kB
MemFree:          832420 kB
MemAvailable:    1501548 kB
Buffers:           44204 kB
Cached:           735728 kB
MemTotal:        1844596 kB
MemFree:          832172 kB
MemAvailable:    1501300 kB
Buffers:           44204 kB
Cached:           735728 kB
MemTotal:        1844596 kB
MemFree:          833536 kB
MemAvailable:    1502664 kB
Buffers:           44204 kB
Cached:           735728 kB
MemTotal:        1844596 kB
MemFree:          832288 kB
MemAvailable:    1501416 kB
Buffers:           44204 kB
Cached:           735852 kB
MemTotal:        1844596 kB
MemFree:          832228 kB
MemAvailable:    1500768 kB
Buffers:           44204 kB
Cached:           735180 kB
MemTotal:        1844596 kB
MemFree:          899084 kB
MemAvailable:    1567624 kB
Buffers:           44204 kB
Cached:           735180 kB
