MemTotal:        1844596 kB
MemFree:          617940 kB
MemAvailable:    1520728 kB
Buffers:           68304 kB
Cached:           927460 kB
MemTotal:        1844596 kB
MemFree:          619172 kB
MemAvailable:    1521960 kB
Buffers:           68304 kB
Cached:           927460 kB
MemTotal:        1844596 kB
MemFree:          616948 kB
MemAvailable:    1519736 kB
Buffers:           68304 kB
Cached:           927460 kB
MemTotal:        1844596 kB
MemFree:          614220 kB
MemAvailable:    1517008 kB
Buffers:           68304 kB
Cached:           927460 kB
MemTotal:        1844596 kB
MemFree:          615660 kB
MemAvailable:    1518448 kB
Buffers:           68304 kB
Cached:           927460 kB
MemTotal:        1844596 kB
MemFree:          613056 kB
MemAvailable:    1515844 kB
Buffers:           68304 kB
Cached:           927460 kB
MemTotal:        1844596 kB
MemFree:          612988 kB
MemAvailable:    1515776 kB
Buffers:           68304 kB
Cached:           927460 kB
MemTotal:        1844596 kB
MemFree:          609632 kB
MemAvailable:    1512420 kB
Buffers:           68304 kB
Cached:           927460 kB
MemTotal:        1844596 kB
MemFree:          607648 kB
MemAvailable:    1510436 kB
Buffers:           68304 kB
Cached:           927460 kB
MemTotal:        1844596 kB
MemFree:          605524 kB
MemAvailable:    1508312 kB
Buffers:           68304 kB
Cached:           927460 kB
MemTotal:        1844596 kB
MemFree:          605540 kB
MemAvailable:    1508328 kB
Buffers:           68304 kB
Cached:           927460 kB
MemTotal:        1844596 kB
MemFree:          605344 kB
MemAvailable:    1508132 kB
Buffers:           68304 kB
Cached:           927460 kB
MemTotal:        1844596 kB
MemFree:          604784 kB
MemAvailable:    1507572 kB
Buffers:           68304 kB
Cached:           927460 kB
MemTotal:        1844596 kB
MemFree:          605780 kB
MemAvailable:    1508568 kB
Buffers:           68304 kB
Cached:           927460 kB
MemTotal:        1844596 kB
MemFree:          604796 kB
MemAvailable:    1507584 kB
Buffers:           68304 kB
Cached:           927460 kB
MemTotal:        1844596 kB
MemFree:          604904 kB
MemAvailable:    1507692 kB
Buffers:           68304 kB
Cached:           927460 kB
MemTotal:        1844596 kB
MemFree:          605116 kB
MemAvailable:    1507904 kB
Buffers:           68304 kB
Cached:           927460 kB
MemTotal:        1844596 kB
MemFree:          603432 kB
MemAvailable:    1506220 kB
Buffers:           68304 kB
Cached:           927460 kB
MemTotal:        1844596 kB
MemFree:          602060 kB
MemAvailable:    1504848 kB
Buffers:           68304 kB
Cached:           927460 kB
MemTotal:        1844596 kB
MemFree:          603128 kB
MemAvailable:    1505916 kB
Buffers:           68304 kB
Cached:           927460 kB
MemTotal:        1844596 kB
MemFree:          603128 kB
MemAvailable:    1505916 kB
Buffers:           68304 kB
Cached:           927460 kB
MemTotal:        1844596 kB
MemFree:          603056 kB
MemAvailable:    1505844 kB
Buffers:           68304 kB
Cached:           927460 kB
MemTotal:        1844596 kB
MemFree:          603052 kB
MemAvailable:    1505840 kB
Buffers:           68304 kB
Cached:           927460 kB
MemTotal:        1844596 kB
MemFree:          603052 kB
MemAvailable:    1505840 kB
Buffers:           68304 kB
Cached:           927460 kB
MemTotal:        1844596 kB
MemFree:          603244 kB
MemAvailable:    1506032 kB
Buffers:           68304 kB
Cached:           927460 kB
MemTotal:        1844596 kB
MemFree:          603012 kB
MemAvailable:    1505800 kB
Buffers:           68304 kB
Cached:           927460 kB
MemTotal:        1844596 kB
MemFree:          603152 kB
MemAvailable:    1505940 kB
Buffers:           68304 kB
Cached:           927460 kB
MemTotal:        1844596 kB
MemFree:          603104 kB
MemAvailable:    1505892 kB
Buffers:           68304 kB
Cached:           927460 kB
MemTotal:        1844596 kB
MemFree:          602672 kB
MemAvailable:    1505460 kB
Buffers:           68304 kB
Cached:           927460 kB
MemTotal:        1844596 kB
MemFree:          601944 kB
MemAvailable:    1504732 kB
Buffers:           68304 kB
Cached:           927460 kB
MemTotal:        1844596 kB
MemFree:          599704 kB
MemAvailable:    1502492 kB
Buffers:           68304 kB
Cached:           927460 kB
MemTotal:        1844596 kB
MemFree:          599580 kB
MemAvailable:    1502368 kB
Buffers:           68304 kB
Cached:           927460 kB
MemTotal:        1844596 kB
MemFree:          600084 kB
MemAvailable:    1502872 kB
Buffers:           68304 kB
Cached:           927460 kB
MemTotal:        1844596 kB
MemFree:          599820 kB
MemAvailable:    1502608 kB
Buffers:           68304 kB
Cached:           927460 kB
MemTotal:        1844596 kB
MemFree:          599472 kB
MemAvailable:    1502260 kB
Buffers:           68304 kB
Cached:           927460 kB
MemTotal:        1844596 kB
MemFree:          597976 kB
MemAvailable:    1500764 kB
Buffers:           68304 kB
Cached:           927460 kB
MemTotal:        1844596 kB
MemFree:          599084 kB
MemAvailable:    1501872 kB
Buffers:           68304 kB
Cached:           927460 kB
MemTotal:        1844596 kB
MemFree:          599168 kB
MemAvailable:    1501956 kB
Buffers:           68304 kB
Cached:           927460 kB
MemTotal:        1844596 kB
MemFree:          599092 kB
MemAvailable:    1501880 kB
Buffers:           68304 kB
Cached:           927460 kB
MemTotal:        1844596 kB
MemFree:          599212 kB
MemAvailable:    1502000 kB
Buffers:           68304 kB
Cached:           927460 kB
MemTotal:        1844596 kB
MemFree:          598804 kB
MemAvailable:    1501592 kB
Buffers:           68304 kB
Cached:           927460 kB
MemTotal:        1844596 kB
MemFree:          597848 kB
MemAvailable:    1500636 kB
Buffers:           68304 kB
Cached:           927460 kB
MemTotal:        1844596 kB
MemFree:          598712 kB
MemAvailable:    1501500 kB
Buffers:           68304 kB
Cached:           927460 kB
MemTotal:        1844596 kB
MemFree:          598084 kB
MemAvailable:    1500872 kB
Buffers:           68304 kB
Cached:           927460 kB
MemTotal:        1844596 kB
MemFree:          598168 kB
MemAvailable:    1500956 kB
Buffers:           68304 kB
Cached:           927460 kB
MemTotal:        1844596 kB
MemFree:          598092 kB
MemAvailable:    1500892 kB
Buffers:           68304 kB
Cached:           927468 kB
MemTotal:        1844596 kB
MemFree:          597988 kB
MemAvailable:    1500788 kB
Buffers:           68304 kB
Cached:           927468 kB
MemTotal:        1844596 kB
MemFree:          596732 kB
MemAvailable:    1499532 kB
Buffers:           68304 kB
Cached:           927468 kB
MemTotal:        1844596 kB
MemFree:          596856 kB
MemAvailable:    1499656 kB
Buffers:           68304 kB
Cached:           927468 kB
MemTotal:        1844596 kB
MemFree:          597916 kB
MemAvailable:    1500716 kB
Buffers:           68304 kB
Cached:           927468 kB
MemTotal:        1844596 kB
MemFree:          598000 kB
MemAvailable:    1500800 kB
Buffers:           68304 kB
Cached:           927468 kB
MemTotal:        1844596 kB
MemFree:          597780 kB
MemAvailable:    1500580 kB
Buffers:           68304 kB
Cached:           927468 kB
MemTotal:        1844596 kB
MemFree:          597860 kB
MemAvailable:    1500660 kB
Buffers:           68304 kB
Cached:           927468 kB
MemTotal:        1844596 kB
MemFree:          596556 kB
MemAvailable:    1499356 kB
Buffers:           68304 kB
Cached:           927468 kB
MemTotal:        1844596 kB
MemFree:          596688 kB
MemAvailable:    1499488 kB
Buffers:           68304 kB
Cached:           927468 kB
MemTotal:        1844596 kB
MemFree:          597732 kB
MemAvailable:    1500532 kB
Buffers:           68304 kB
Cached:           927468 kB
MemTotal:        1844596 kB
MemFree:          596556 kB
MemAvailable:    1499356 kB
Buffers:           68304 kB
Cached:           927468 kB
MemTotal:        1844596 kB
MemFree:          596672 kB
MemAvailable:    1499472 kB
Buffers:           68304 kB
Cached:           927468 kB
MemTotal:        1844596 kB
MemFree:          596116 kB
MemAvailable:    1498916 kB
Buffers:           68304 kB
Cached:           927468 kB
MemTotal:        1844596 kB
MemFree:          595868 kB
MemAvailable:    1498668 kB
Buffers:           68304 kB
Cached:           927468 kB
MemTotal:        1844596 kB
MemFree:          597232 kB
MemAvailable:    1500032 kB
Buffers:           68304 kB
Cached:           927468 kB
MemTotal:        1844596 kB
MemFree:          597004 kB
MemAvailable:    1499804 kB
Buffers:           68304 kB
Cached:           927468 kB
MemTotal:        1844596 kB
MemFree:          596000 kB
MemAvailable:    1498800 kB
Buffers:           68304 kB
Cached:           927468 kB
MemTotal:        1844596 kB
MemFree:          596812 kB
MemAvailable:    1499616 kB
Buffers:           68304 kB
Cached:           927472 kB
MemTotal:        1844596 kB
MemFree:          597148 kB
MemAvailable:    1499952 kB
Buffers:           68304 kB
Cached:           927472 kB
MemTotal:        1844596 kB
MemFree:          596904 kB
MemAvailable:    1499708 kB
Buffers:           68304 kB
Cached:           927472 kB
MemTotal:        1844596 kB
MemFree:          595876 kB
MemAvailable:    1498680 kB
Buffers:           68304 kB
Cached:           927472 kB
MemTotal:        1844596 kB
MemFree:          596488 kB
MemAvailable:    1499292 kB
Buffers:           68304 kB
Cached:           927472 kB
MemTotal:        1844596 kB
MemFree:          594512 kB
MemAvailable:    1497316 kB
Buffers:           68304 kB
Cached:           927472 kB
MemTotal:        1844596 kB
MemFree:          593388 kB
MemAvailable:    1496192 kB
Buffers:           68304 kB
Cached:           927472 kB
MemTotal:        1844596 kB
MemFree:          589792 kB
MemAvailable:    1492596 kB
Buffers:           68304 kB
Cached:           927472 kB
MemTotal:        1844596 kB
MemFree:          588816 kB
MemAvailable:    1491620 kB
Buffers:           68304 kB
Cached:           927472 kB
MemTotal:        1844596 kB
MemFree:          589280 kB
MemAvailable:    1492084 kB
Buffers:           68304 kB
Cached:           927472 kB
MemTotal:        1844596 kB
MemFree:          589500 kB
MemAvailable:    1492304 kB
Buffers:           68304 kB
Cached:           927472 kB
MemTotal:        1844596 kB
MemFree:          589032 kB
MemAvailable:    1491836 kB
Buffers:           68304 kB
Cached:           927472 kB
MemTotal:        1844596 kB
MemFree:          589056 kB
MemAvailable:    1491860 kB
Buffers:           68304 kB
Cached:           927472 kB
MemTotal:        1844596 kB
MemFree:          587928 kB
MemAvailable:    1490732 kB
Buffers:           68304 kB
Cached:           927472 kB
MemTotal:        1844596 kB
MemFree:          588996 kB
MemAvailable:    1491800 kB
Buffers:           68304 kB
Cached:           927472 kB
MemTotal:        1844596 kB
MemFree:          588984 kB
MemAvailable:    1491788 kB
Buffers:           68304 kB
Cached:           927472 kB
MemTotal:        1844596 kB
MemFree:          588984 kB
MemAvailable:    1491788 kB
Buffers:           68304 kB
Cached:           927472 kB
MemTotal:        1844596 kB
MemFree:          587748 kB
MemAvailable:    1490552 kB
Buffers:           68304 kB
Cached:           927472 kB
MemTotal:        1844596 kB
MemFree:          587756 kB
MemAvailable:    1490560 kB
Buffers:           68304 kB
Cached:           927472 kB
MemTotal:        1844596 kB
MemFree:          587880 kB
MemAvailable:    1490684 kB
Buffers:           68304 kB
Cached:           927472 kB
MemTotal:        1844596 kB
MemFree:          589304 kB
MemAvailable:    1492108 kB
Buffers:           68304 kB
Cached:           927472 kB
MemTotal:        1844596 kB
MemFree:          588384 kB
MemAvailable:    1491188 kB
Buffers:           68304 kB
Cached:           927472 kB
MemTotal:        1844596 kB
MemFree:          588856 kB
MemAvailable:    1491660 kB
Buffers:           68304 kB
Cached:           927472 kB
MemTotal:        1844596 kB
MemFree:          588164 kB
MemAvailable:    1490968 kB
Buffers:           68304 kB
Cached:           927472 kB
MemTotal:        1844596 kB
MemFree:          588436 kB
MemAvailable:    1491240 kB
Buffers:           68304 kB
Cached:           927472 kB
MemTotal:        1844596 kB
MemFree:          588240 kB
MemAvailable:    1491044 kB
Buffers:           68304 kB
Cached:           927472 kB
MemTotal:        1844596 kB
MemFree:          586932 kB
MemAvailable:    1489736 kB
Buffers:           68304 kB
Cached:           927472 kB
MemTotal:        1844596 kB
MemFree:          587736 kB
MemAvailable:    1490540 kB
Buffers:           68304 kB
Cached:           927472 kB
MemTotal:        1844596 kB
MemFree:          587692 kB
MemAvailable:    1490496 kB
Buffers:           68304 kB
Cached:           927472 kB
MemTotal:        1844596 kB
MemFree:          587480 kB
MemAvailable:    1490284 kB
Buffers:           68304 kB
Cached:           927472 kB
MemTotal:        1844596 kB
MemFree:          586080 kB
MemAvailable:    1488884 kB
Buffers:           68304 kB
Cached:           927472 kB
MemTotal:        1844596 kB
MemFree:          586024 kB
MemAvailable:    1488828 kB
Buffers:           68304 kB
Cached:           927472 kB
MemTotal:        1844596 kB
MemFree:          585900 kB
MemAvailable:    1488704 kB
Buffers:           68304 kB
Cached:           927472 kB
MemTotal:        1844596 kB
MemFree:          585760 kB
MemAvailable:    1488564 kB
Buffers:           68304 kB
Cached:           927472 kB
MemTotal:        1844596 kB
MemFree:          585700 kB
MemAvailable:    1488504 kB
Buffers:           68304 kB
Cached:           927472 kB
MemTotal:        1844596 kB
MemFree:          584204 kB
MemAvailable:    1487008 kB
Buffers:           68304 kB
Cached:           927472 kB
MemTotal:        1844596 kB
MemFree:          585304 kB
MemAvailable:    1488108 kB
Buffers:           68304 kB
Cached:           927472 kB
MemTotal:        1844596 kB
MemFree:          585304 kB
MemAvailable:    1488108 kB
Buffers:           68304 kB
Cached:           927472 kB
MemTotal:        1844596 kB
MemFree:          585024 kB
MemAvailable:    1487828 kB
Buffers:           68304 kB
Cached:           927472 kB
MemTotal:        1844596 kB
MemFree:          585280 kB
MemAvailable:    1488084 kB
Buffers:           68304 kB
Cached:           927472 kB
MemTotal:        1844596 kB
MemFree:          585012 kB
MemAvailable:    1487816 kB
Buffers:           68304 kB
Cached:           927472 kB
MemTotal:        1844596 kB
MemFree:          585012 kB
MemAvailable:    1487816 kB
Buffers:           68304 kB
Cached:           927472 kB
MemTotal:        1844596 kB
MemFree:          585200 kB
MemAvailable:    1488004 kB
Buffers:           68304 kB
Cached:           927472 kB
MemTotal:        1844596 kB
MemFree:          585152 kB
MemAvailable:    1487956 kB
Buffers:           68304 kB
Cached:           927472 kB
MemTotal:        1844596 kB
MemFree:          584700 kB
MemAvailable:    1487504 kB
Buffers:           68304 kB
Cached:           927472 kB
MemTotal:        1844596 kB
MemFree:          584592 kB
MemAvailable:    1487396 kB
Buffers:           68304 kB
Cached:           927472 kB
MemTotal:        1844596 kB
MemFree:          584280 kB
MemAvailable:    1487084 kB
Buffers:           68304 kB
Cached:           927472 kB
MemTotal:        1844596 kB
MemFree:          584104 kB
MemAvailable:    1486908 kB
Buffers:           68304 kB
Cached:           927472 kB
MemTotal:        1844596 kB
MemFree:          580136 kB
MemAvailable:    1482940 kB
Buffers:           68304 kB
Cached:           927472 kB
MemTotal:        1844596 kB
MemFree:          579840 kB
MemAvailable:    1482644 kB
Buffers:           68304 kB
Cached:           927472 kB
MemTotal:        1844596 kB
MemFree:          579468 kB
MemAvailable:    1482272 kB
Buffers:           68304 kB
Cached:           927472 kB
MemTotal:        1844596 kB
MemFree:          579636 kB
MemAvailable:    1482440 kB
Buffers:           68304 kB
Cached:           927472 kB
MemTotal:        1844596 kB
MemFree:          579220 kB
MemAvailable:    1482024 kB
Buffers:           68304 kB
Cached:           927472 kB
MemTotal:        1844596 kB
MemFree:          579556 kB
MemAvailable:    1482360 kB
Buffers:           68304 kB
Cached:           927472 kB
MemTotal:        1844596 kB
MemFree:          578148 kB
MemAvailable:    1480952 kB
Buffers:           68304 kB
Cached:           927472 kB
MemTotal:        1844596 kB
MemFree:          578148 kB
MemAvailable:    1480952 kB
Buffers:           68304 kB
Cached:           927472 kB
MemTotal:        1844596 kB
MemFree:          579292 kB
MemAvailable:    1482104 kB
Buffers:           68304 kB
Cached:           927480 kB
MemTotal:        1844596 kB
MemFree:          578300 kB
MemAvailable:    1481112 kB
Buffers:           68304 kB
Cached:           927480 kB
MemTotal:        1844596 kB
MemFree:          578988 kB
MemAvailable:    1481800 kB
Buffers:           68304 kB
Cached:           927480 kB
MemTotal:        1844596 kB
MemFree:          578652 kB
MemAvailable:    1481464 kB
Buffers:           68304 kB
Cached:           927480 kB
MemTotal:        1844596 kB
MemFree:          578416 kB
MemAvailable:    1481228 kB
Buffers:           68304 kB
Cached:           927480 kB
MemTotal:        1844596 kB
MemFree:          576564 kB
MemAvailable:    1479376 kB
Buffers:           68304 kB
Cached:           927480 kB
MemTotal:        1844596 kB
MemFree:          576500 kB
MemAvailable:    1479312 kB
Buffers:           68304 kB
Cached:           927480 kB
MemTotal:        1844596 kB
MemFree:          575068 kB
MemAvailable:    1477880 kB
Buffers:           68304 kB
Cached:           927480 kB
MemTotal:        1844596 kB
MemFree:          575316 kB
MemAvailable:    1478128 kB
Buffers:           68304 kB
Cached:           927480 kB
MemTotal:        1844596 kB
MemFree:          576176 kB
MemAvailable:    1478988 kB
Buffers:           68304 kB
Cached:           927480 kB
MemTotal:        1844596 kB
MemFree:          575944 kB
MemAvailable:    1478756 kB
Buffers:           68304 kB
Cached:           927480 kB
MemTotal:        1844596 kB
MemFree:          576780 kB
MemAvailable:    1479592 kB
Buffers:           68304 kB
Cached:           927480 kB
MemTotal:        1844596 kB
MemFree:          578052 kB
MemAvailable:    1480876 kB
Buffers:           68312 kB
Cached:           927484 kB
MemTotal:        1844596 kB
MemFree:          577060 kB
MemAvailable:    1479968 kB
Buffers:           68312 kB
Cached:           927608 kB
MemTotal:        1844596 kB
MemFree:          576756 kB
MemAvailable:    1479748 kB
Buffers:           68312 kB
Cached:           927732 kB
MemTotal:        1844596 kB
MemFree:          577608 kB
MemAvailable:    1480852 kB
Buffers:           68312 kB
Cached:           927980 kB
MemTotal:        1844596 kB
MemFree:          577692 kB
MemAvailable:    1480936 kB
Buffers:           68312 kB
Cached:           927980 kB
MemTotal:        1844596 kB
MemFree:          577700 kB
MemAvailable:    1481028 kB
Buffers:           68312 kB
Cached:           928104 kB
MemTotal:        1844596 kB
MemFree:          577640 kB
MemAvailable:    1481052 kB
Buffers:           68312 kB
Cached:           928104 kB
MemTotal:        1844596 kB
MemFree:          577268 kB
MemAvailable:    1480680 kB
Buffers:           68312 kB
Cached:           928228 kB
MemTotal:        1844596 kB
MemFree:          577352 kB
MemAvailable:    1480764 kB
Buffers:           68312 kB
Cached:           928228 kB
MemTotal:        1844596 kB
MemFree:          577488 kB
MemAvailable:    1480900 kB
Buffers:           68312 kB
Cached:           928228 kB
MemTotal:        1844596 kB
MemFree:          577508 kB
MemAvailable:    1480920 kB
Buffers:           68312 kB
Cached:           928228 kB
MemTotal:        1844596 kB
MemFree:          577492 kB
MemAvailable:    1480904 kB
Buffers:           68312 kB
Cached:           928228 kB
MemTotal:        1844596 kB
MemFree:          576564 kB
MemAvailable:    1479976 kB
Buffers:           68312 kB
Cached:           928228 kB
MemTotal:        1844596 kB
MemFree:          577156 kB
MemAvailable:    1480568 kB
Buffers:           68312 kB
Cached:           928228 kB
MemTotal:        1844596 kB
MemFree:          577492 kB
MemAvailable:    1480904 kB
Buffers:           68312 kB
Cached:           928228 kB
MemTotal:        1844596 kB
MemFree:          642708 kB
MemAvailable:    1545532 kB
Buffers:           68312 kB
Cached:           927596 kB
