MemTotal:        1844596 kB
MemFree:          845908 kB
MemAvailable:    1539736 kB
Buffers:           47220 kB
Cached:           757652 kB
MemTotal:        1844596 kB
MemFree:          844908 kB
MemAvailable:    1538736 kB
Buffers:           47220 kB
Cached:           757652 kB
MemTotal:        1844596 kB
MemFree:          844108 kB
MemAvailable:    1537936 kB
Buffers:           47220 kB
Cached:           757652 kB
MemTotal:        1844596 kB
MemFree:          842924 kB
MemAvailable:    1536752 kB
Buffers:           47220 kB
Cached:           757652 kB
MemTotal:        1844596 kB
MemFree:          842620 kB
MemAvailable:    1536448 kB
Buffers:           47220 kB
Cached:           757652 kB
MemTotal:        1844596 kB
MemFree:          841188 kB
MemAvailable:    1535016 kB
Buffers:           47220 kB
Cached:           757652 kB
MemTotal:        1844596 kB
MemFree:          839892 kB
MemAvailable:    1533720 kB
Buffers:           47220 kB
Cached:           757652 kB
MemTotal:        1844596 kB
MemFree:          836476 kB
MemAvailable:    1530304 kB
Buffers:           47220 kB
Cached:           757652 kB
MemTotal:        1844596 kB
MemFree:          836368 kB
MemAvailable:    1530196 kB
Buffers:           47220 kB
Cached:           757652 kB
MemTotal:        1844596 kB
MemFree:          832072 kB
MemAvailable:    1525900 kB
Buffers:           47220 kB
Cached:           757652 kB
MemTotal:        1844596 kB
MemFree:          832744 kB
MemAvailable:    1526572 kB
Buffers:           47220 kB
Cached:           757652 kB
MemTotal:        1844596 kB
MemFree:          832452 kB
MemAvailable:    1526280 kB
Buffers:           47220 kB
Cached:           757652 kB
MemTotal:        1844596 kB
MemFree:          832708 kB
MemAvailable:    1526536 kB
Buffers:           47220 kB
Cached:           757652 kB
MemTotal:        1844596 kB
MemFree:          832808 kB
MemAvailable:    1526636 kB
Buffers:           47220 kB
Cached:           757652 kB
MemTotal:        1844596 kB
MemFree:          832848 kB
MemAvailable:    1526676 kB
Buffers:           47220 kB
Cached:           757652 kB
MemTotal:        1844596 kB
MemFree:          831468 kB
MemAvailable:    1525296 kB
Buffers:           47220 kB
Cached:           757652 kB
MemTotal:        1844596 kB
MemFree:          831764 kB
MemAvailable:    1525592 kB
Buffers:           47220 kB
Cached:           757652 kB
MemTotal:        1844596 kB
MemFree:          831656 kB
MemAvailable:    1525484 kB
Buffers:           47220 kB
Cached:           757652 kB
MemTotal:        1844596 kB
MemFree:          830392 kB
MemAvailable:    1524220 kB
Buffers:           47220 kB
Cached:           757652 kB
MemTotal:        1844596 kB
MemFree:          830728 kB
MemAvailable:    1524556 kB
Buffers:           47220 kB
Cached:           757652 kB
MemTotal:        1844596 kB
MemFree:          830268 kB
MemAvailable:    1524096 kB
Buffers:           47220 kB
Cached:           757652 kB
MemTotal:        1844596 kB
MemFree:          830268 kB
MemAvailable:    1524096 kB
Buffers:           47220 kB
Cached:           757652 kB
MemTotal:        1844596 kB
MemFree:          830144 kB
MemAvailable:    1523972 kB
Buffers:           47220 kB
Cached:           757652 kB
MemTotal:        1844596 kB
MemFree:          830144 kB
MemAvailable:    1523972 kB
Buffers:           47228 kB
Cached:           757644 kB
MemTotal:        1844596 kB
MemFree:          829112 kB
MemAvailable:    1522940 kB
Buffers:           47232 kB
Cached:           757640 kB
MemTotal:        1844596 kB
MemFree:          828988 kB
MemAvailable:    1522816 kB
Buffers:           47232 kB
Cached:           757640 kB
MemTotal:        1844596 kB
MemFree:          829024 kB
MemAvailable:    1522852 kB
Buffers:           47232 kB
Cached:           757640 kB
MemTotal:        1844596 kB
MemFree:          831464 kB
MemAvailable:    1525292 kB
Buffers:           47232 kB
Cached:           757640 kB
MemTotal:        1844596 kB
MemFree:          831548 kB
MemAvailable:    1525376 kB
Buffers:           47232 kB
Cached:           757640 kB
MemTotal:        1844596 kB
MemFree:          831368 kB
MemAvailable:    1525196 kB
Buffers:           47232 kB
Cached:           757640 kB
MemTotal:        1844596 kB
MemFree:          831624 kB
MemAvailable:    1525452 kB
Buffers:           47232 kB
Cached:           757640 kB
MemTotal:        1844596 kB
MemFree:          828672 kB
MemAvailable:    1522500 kB
Buffers:           47232 kB
Cached:           757640 kB
MemTotal:        1844596 kB
MemFree:          828240 kB
MemAvailable:    1522068 kB
Buffers:           47232 kB
Cached:           757640 kB
MemTotal:        1844596 kB
MemFree:          827192 kB
MemAvailable:    1521028 kB
Buffers:           47232 kB
Cached:           757648 kB
MemTotal:        1844596 kB
MemFree:          827308 kB
MemAvailable:    1521144 kB
Buffers:           47232 kB
Cached:           757648 kB
MemTotal:        1844596 kB
MemFree:          826060 kB
MemAvailable:    1519908 kB
Buffers:           47232 kB
Cached:           757660 kB
MemTotal:        1844596 kB
MemFree:          826996 kB
MemAvailable:    1520844 kB
Buffers:           47232 kB
Cached:           757660 kB
MemTotal:        1844596 kB
MemFree:          826432 kB
MemAvailable:    1520280 kB
Buffers:           47232 kB
Cached:           757660 kB
MemTotal:        1844596 kB
MemFree:          826192 kB
MemAvailable:    1520040 kB
Buffers:           47232 kB
Cached:           757660 kB
MemTotal:        1844596 kB
MemFree:          825076 kB
MemAvailable:    1518924 kB
Buffers:           47232 kB
Cached:           757660 kB
MemTotal:        1844596 kB
MemFree:          825876 kB
MemAvailable:    1519724 kB
Buffers:           47232 kB
Cached:           757660 kB
MemTotal:        1844596 kB
MemFree:          826212 kB
MemAvailable:    1520060 kB
Buffers:           47232 kB
Cached:           757660 kB
MemTotal:        1844596 kB
MemFree:          825912 kB
MemAvailable:    1519760 kB
Buffers:           47232 kB
Cached:           757660 kB
MemTotal:        1844596 kB
MemFree:          826164 kB
MemAvailable:    1520012 kB
Buffers:           47232 kB
Cached:           757660 kB
MemTotal:        1844596 kB
MemFree:          825888 kB
MemAvailable:    1519736 kB
Buffers:           47232 kB
Cached:           757660 kB
MemTotal:        1844596 kB
MemFree:          824516 kB
MemAvailable:    1518364 kB
Buffers:           47232 kB
Cached:           757660 kB
MemTotal:        1844596 kB
MemFree:          825308 kB
MemAvailable:    1519156 kB
Buffers:           47232 kB
Cached:           757660 kB
MemTotal:        1844596 kB
MemFree:          825308 kB
MemAvailable:    1519156 kB
Buffers:           47232 kB
Cached:           757660 kB
MemTotal:        1844596 kB
MemFree:          823828 kB
MemAvailable:    1517676 kB
Buffers:           47232 kB
Cached:           757660 kB
MemTotal:        1844596 kB
MemFree:          823696 kB
MemAvailable:    1517544 kB
Buffers:           47232 kB
Cached:           757660 kB
MemTotal:        1844596 kB
MemFree:          823952 kB
MemAvailable:    1517800 kB
Buffers:           47232 kB
Cached:           757660 kB
MemTotal:        1844596 kB
MemFree:          825020 kB
MemAvailable:    1518868 kB
Buffers:           47232 kB
Cached:           757660 kB
MemTotal:        1844596 kB
MemFree:          824332 kB
MemAvailable:    1518180 kB
Buffers:           47232 kB
Cached:           757660 kB
MemTotal:        1844596 kB
MemFree:          824884 kB
MemAvailable:    1518732 kB
Buffers:           47232 kB
Cached:           757660 kB
MemTotal:        1844596 kB
MemFree:          825108 kB
MemAvailable:    1518956 kB
Buffers:           47232 kB
Cached:           757660 kB
MemTotal:        1844596 kB
MemFree:          824988 kB
MemAvailable:    1518836 kB
Buffers:           47232 kB
Cached:           757660 kB
MemTotal:        1844596 kB
MemFree:          825208 kB
MemAvailable:    1519056 kB
Buffers:           47232 kB
Cached:           757660 kB
MemTotal:        1844596 kB
MemFree:          824936 kB
MemAvailable:    1518784 kB
Buffers:           47232 kB
Cached:           757660 kB
MemTotal:        1844596 kB
MemFree:          825188 kB
MemAvailable:    1519036 kB
Buffers:           47232 kB
Cached:           757660 kB
MemTotal:        1844596 kB
MemFree:          825244 kB
MemAvailable:    1519092 kB
Buffers:           47232 kB
Cached:           757660 kB
MemTotal:        1844596 kB
MemFree:          824792 kB
MemAvailable:    1518640 kB
Buffers:           47232 kB
Cached:           757660 kB
MemTotal:        1844596 kB
MemFree:          824580 kB
MemAvailable:    1518428 kB
Buffers:           47232 kB
Cached:           757660 kB
MemTotal:        1844596 kB
MemFree:          824300 kB
MemAvailable:    1518148 kB
Buffers:           47232 kB
Cached:           757660 kB
MemTotal:        1844596 kB
MemFree:          824636 kB
MemAvailable:    1518484 kB
Buffers:           47232 kB
Cached:           757660 kB
MemTotal:        1844596 kB
MemFree:          824308 kB
MemAvailable:    1518156 kB
Buffers:           47232 kB
Cached:           757660 kB
MemTotal:        1844596 kB
MemFree:          824268 kB
MemAvailable:    1518116 kB
Buffers:           47232 kB
Cached:           757660 kB
MemTotal:        1844596 kB
MemFree:          823084 kB
MemAvailable:    1516932 kB
Buffers:           47232 kB
Cached:           757660 kB
MemTotal:        1844596 kB
MemFree:          824016 kB
MemAvailable:    1517864 kB
Buffers:           47232 kB
Cached:           757660 kB
MemTotal:        1844596 kB
MemFree:          824272 kB
MemAvailable:    1518120 kB
Buffers:           47232 kB
Cached:           757660 kB
MemTotal:        1844596 kB
MemFree:          822768 kB
MemAvailable:    1516616 kB
Buffers:           47232 kB
Cached:           757660 kB
MemTotal:        1844596 kB
MemFree:          824076 kB
MemAvailable:    1517924 kB
Buffers:           47232 kB
Cached:           757660 kB
MemTotal:        1844596 kB
MemFree:          824136 kB
MemAvailable:    1517984 kB
Buffers:           47232 kB
Cached:           757660 kB
MemTotal:        1844596 kB
MemFree:          822808 kB
MemAvailable:    1516656 kB
Buffers:           47232 kB
Cached:           757660 kB
MemTotal:        1844596 kB
MemFree:          824036 kB
MemAvailable:    1517884 kB
Buffers:           47232 kB
Cached:           757660 kB
MemTotal:        1844596 kB
MemFree:          824036 kB
MemAvailable:    1517884 kB
Buffers:           47232 kB
Cached:           757660 kB
MemTotal:        1844596 kB
MemFree:          822092 kB
MemAvailable:    1515940 kB
Buffers:           47232 kB
Cached:           757660 kB
MemTotal:        1844596 kB
MemFree:          821664 kB
MemAvailable:    1515512 kB
Buffers:           47232 kB
Cached:           757660 kB
MemTotal:        1844596 kB
MemFree:          818628 kB
MemAvailable:    1512476 kB
Buffers:           47232 kB
Cached:           757660 kB
MemTotal:        1844596 kB
MemFree:          816752 kB
MemAvailable:    1510600 kB
Buffers:           47232 kB
Cached:           757660 kB
MemTotal:        1844596 kB
MemFree:          817088 kB
MemAvailable:    1510936 kB
Buffers:           47232 kB
Cached:           757660 kB
MemTotal:        1844596 kB
MemFree:          816264 kB
MemAvailable:    1510112 kB
Buffers:           47232 kB
Cached:           757660 kB
MemTotal:        1844596 kB
MemFree:          816348 kB
MemAvailable:    1510196 kB
Buffers:           47232 kB
Cached:           757660 kB
MemTotal:        1844596 kB
MemFree:          816016 kB
MemAvailable:    1509864 kB
Buffers:           47232 kB
Cached:           757660 kB
MemTotal:        1844596 kB
MemFree:          814860 kB
MemAvailable:    1508708 kB
Buffers:           47232 kB
Cached:           757660 kB
MemTotal:        1844596 kB
MemFree:          815404 kB
MemAvailable:    1509252 kB
Buffers:           47232 kB
Cached:           757660 kB
MemTotal:        1844596 kB
MemFree:          816004 kB
MemAvailable:    1509852 kB
Buffers:           47232 kB
Cached:           757660 kB
MemTotal:        1844596 kB
MemFree:          816340 kB
MemAvailable:    1510188 kB
Buffers:           47232 kB
Cached:           757660 kB
MemTotal:        1844596 kB
MemFree:          815012 kB
MemAvailable:    1508860 kB
Buffers:           47232 kB
Cached:           757660 kB
MemTotal:        1844596 kB
MemFree:          816232 kB
MemAvailable:    1510080 kB
Buffers:           47232 kB
Cached:           757660 kB
MemTotal:        1844596 kB
MemFree:          814880 kB
MemAvailable:    1508728 kB
Buffers:           47232 kB
Cached:           757660 kB
MemTotal:        1844596 kB
MemFree:          814964 kB
MemAvailable:    1508812 kB
Buffers:           47232 kB
Cached:           757660 kB
MemTotal:        1844596 kB
MemFree:          816108 kB
MemAvailable:    1509956 kB
Buffers:           47232 kB
Cached:           757660 kB
MemTotal:        1844596 kB
MemFree:          816360 kB
MemAvailable:    1510208 kB
Buffers:           47232 kB
Cached:           757660 kB
MemTotal:        1844596 kB
MemFree:          815828 kB
MemAvailable:    1509676 kB
Buffers:           47232 kB
Cached:           757660 kB
MemTotal:        1844596 kB
MemFree:          816164 kB
MemAvailable:    1510012 kB
Buffers:           47232 kB
Cached:           757660 kB
MemTotal:        1844596 kB
MemFree:          815388 kB
MemAvailable:    1509236 kB
Buffers:           47232 kB
Cached:           757660 kB
MemTotal:        1844596 kB
MemFree:          815388 kB
MemAvailable:    1509236 kB
Buffers:           47232 kB
Cached:           757660 kB
MemTotal:        1844596 kB
MemFree:          814636 kB
MemAvailable:    1508484 kB
Buffers:           47232 kB
Cached:           757660 kB
MemTotal:        1844596 kB
MemFree:          814972 kB
MemAvailable:    1508820 kB
Buffers:           47232 kB
Cached:           757660 kB
MemTotal:        1844596 kB
MemFree:          814396 kB
MemAvailable:    1508244 kB
Buffers:           47232 kB
Cached:           757660 kB
MemTotal:        1844596 kB
MemFree:          814232 kB
MemAvailable:    1508080 kB
Buffers:           47232 kB
Cached:           757660 kB
MemTotal:        1844596 kB
MemFree:          813600 kB
MemAvailable:    1507448 kB
Buffers:           47232 kB
Cached:           757660 kB
MemTotal:        1844596 kB
MemFree:          813288 kB
MemAvailable:    1507136 kB
Buffers:           47232 kB
Cached:           757660 kB
MemTotal:        1844596 kB
MemFree:          813304 kB
MemAvailable:    1507152 kB
Buffers:           47232 kB
Cached:           757660 kB
MemTotal:        1844596 kB
MemFree:          812536 kB
MemAvailable:    1506384 kB
Buffers:           47232 kB
Cached:           757660 kB
MemTotal:        1844596 kB
MemFree:          812872 kB
MemAvailable:    1506720 kB
Buffers:           47232 kB
Cached:           757660 kB
MemTotal:        1844596 kB
MemFree:          812488 kB
MemAvailable:    1506336 kB
Buffers:           47232 kB
Cached:           757660 kB
MemTotal:        1844596 kB
MemFree:          812304 kB
MemAvailable:    1506152 kB
Buffers:           47232 kB
Cached:           757660 kB
MemTotal:        1844596 kB
MemFree:          812424 kB
MemAvailable:    1506272 kB
Buffers:           47232 kB
Cached:           757660 kB
MemTotal:        1844596 kB
MemFree:          812364 kB
MemAvailable:    1506216 kB
Buffers:           47232 kB
Cached:           757664 kB
MemTotal:        1844596 kB
MemFree:          812364 kB
MemAvailable:    1506216 kB
Buffers:           47232 kB
Cached:           757664 kB
MemTotal:        1844596 kB
MemFree:          811196 kB
MemAvailable:    1505052 kB
Buffers:           47232 kB
Cached:           757668 kB
MemTotal:        1844596 kB
MemFree:          811188 kB
MemAvailable:    1505044 kB
Buffers:           47232 kB
Cached:           757668 kB
MemTotal:        1844596 kB
MemFree:          812488 kB
MemAvailable:    1506344 kB
Buffers:           47232 kB
Cached:           757668 kB
MemTotal:        1844596 kB
MemFree:          812364 kB
MemAvailable:    1506220 kB
Buffers:           47232 kB
Cached:           757668 kB
MemTotal:        1844596 kB
MemFree:          811016 kB
MemAvailable:    1504872 kB
Buffers:           47232 kB
Cached:           757668 kB
MemTotal:        1844596 kB
MemFree:          811752 kB
MemAvailable:    1505608 kB
Buffers:           47232 kB
Cached:           757668 kB
MemTotal:        1844596 kB
MemFree:          809856 kB
MemAvailable:    1503712 kB
Buffers:           47232 kB
Cached:           757668 kB
MemTotal:        1844596 kB
MemFree:          811568 kB
MemAvailable:    1505424 kB
Buffers:           47232 kB
Cached:           757668 kB
MemTotal:        1844596 kB
MemFree:          810196 kB
MemAvailable:    1504052 kB
Buffers:           47232 kB
Cached:           757668 kB
MemTotal:        1844596 kB
MemFree:          806964 kB
MemAvailable:    1500820 kB
Buffers:           47232 kB
Cached:           757668 kB
MemTotal:        1844596 kB
MemFree:          807300 kB
MemAvailable:    1501156 kB
Buffers:           47232 kB
Cached:           757668 kB
MemTotal:        1844596 kB
MemFree:          806856 kB
MemAvailable:    1500712 kB
Buffers:           47232 kB
Cached:           757668 kB
MemTotal:        1844596 kB
MemFree:          806460 kB
MemAvailable:    1500316 kB
Buffers:           47232 kB
Cached:           757668 kB
MemTotal:        1844596 kB
MemFree:          806796 kB
MemAvailable:    1500652 kB
Buffers:           47232 kB
Cached:           757668 kB
MemTotal:        1844596 kB
MemFree:          806328 kB
MemAvailable:    1500184 kB
Buffers:           47232 kB
Cached:           757668 kB
MemTotal:        1844596 kB
MemFree:          806412 kB
MemAvailable:    1500268 kB
Buffers:           47232 kB
Cached:           757668 kB
MemTotal:        1844596 kB
MemFree:          806068 kB
MemAvailable:    1499924 kB
Buffers:           47232 kB
Cached:           757668 kB
MemTotal:        1844596 kB
MemFree:          806404 kB
MemAvailable:    1500260 kB
Buffers:           47232 kB
Cached:           757668 kB
MemTotal:        1844596 kB
MemFree:          806128 kB
MemAvailable:    1499984 kB
Buffers:           47232 kB
Cached:           757668 kB
MemTotal:        1844596 kB
MemFree:          806064 kB
MemAvailable:    1499920 kB
Buffers:           47232 kB
Cached:           757668 kB
MemTotal:        1844596 kB
MemFree:          805484 kB
MemAvailable:    1499340 kB
Buffers:           47232 kB
Cached:           757668 kB
MemTotal:        1844596 kB
MemFree:          806236 kB
MemAvailable:    1500092 kB
Buffers:           47232 kB
Cached:           757668 kB
MemTotal:        1844596 kB
MemFree:          804996 kB
MemAvailable:    1498852 kB
Buffers:           47232 kB
Cached:           757668 kB
MemTotal:        1844596 kB
MemFree:          805244 kB
MemAvailable:    1499100 kB
Buffers:           47232 kB
Cached:           757668 kB
MemTotal:        1844596 kB
MemFree:          802764 kB
MemAvailable:    1496620 kB
Buffers:           47232 kB
Cached:           757668 kB
MemTotal:        1844596 kB
MemFree:          802136 kB
MemAvailable:    1495992 kB
Buffers:           47232 kB
Cached:           757668 kB
MemTotal:        1844596 kB
MemFree:          802268 kB
MemAvailable:    1496124 kB
Buffers:           47232 kB
Cached:           757668 kB
MemTotal:        1844596 kB
MemFree:          802260 kB
MemAvailable:    1496120 kB
Buffers:           47232 kB
Cached:           757672 kB
MemTotal:        1844596 kB
MemFree:          802020 kB
MemAvailable:    1495880 kB
Buffers:           47232 kB
Cached:           757672 kB
MemTotal:        1844596 kB
MemFree:          803252 kB
MemAvailable:    1497112 kB
Buffers:           47232 kB
Cached:           757672 kB
MemTotal:        1844596 kB
MemFree:          803056 kB
MemAvailable:    1496916 kB
Buffers:           47232 kB
Cached:           757672 kB
MemTotal:        1844596 kB
MemFree:          802020 kB
MemAvailable:    1495880 kB
Buffers:           47232 kB
Cached:           757672 kB
MemTotal:        1844596 kB
MemFree:          804856 kB
MemAvailable:    1498716 kB
Buffers:           47232 kB
Cached:           757672 kB
MemTotal:        1844596 kB
MemFree:          804856 kB
MemAvailable:    1498716 kB
Buffers:           47232 kB
Cached:           757672 kB
MemTotal:        1844596 kB
MemFree:          804804 kB
MemAvailable:    1498832 kB
Buffers:           47232 kB
Cached:           757920 kB
MemTotal:        1844596 kB
MemFree:          804972 kB
MemAvailable:    1499000 kB
Buffers:           47232 kB
Cached:           757920 kB
MemTotal:        1844596 kB
MemFree:          804912 kB
MemAvailable:    1499024 kB
Buffers:           47232 kB
Cached:           758044 kB
MemTotal:        1844596 kB
MemFree:          803756 kB
MemAvailable:    1497952 kB
Buffers:           47232 kB
Cached:           758044 kB
MemTotal:        1844596 kB
MemFree:          804676 kB
MemAvailable:    1499028 kB
Buffers:           47232 kB
Cached:           758160 kB
MemTotal:        1844596 kB
MemFree:          804360 kB
MemAvailable:    1498796 kB
Buffers:           47232 kB
Cached:           758284 kB
MemTotal:        1844596 kB
MemFree:          804360 kB
MemAvailable:    1498796 kB
Buffers:           47232 kB
Cached:           758284 kB
MemTotal:        1844596 kB
MemFree:          803004 kB
MemAvailable:    1497440 kB
Buffers:           47232 kB
Cached:           758284 kB
MemTotal:        1844596 kB
MemFree:          804236 kB
MemAvailable:    1498672 kB
Buffers:           47232 kB
Cached:           758284 kB
MemTotal:        1844596 kB
MemFree:          804376 kB
MemAvailable:    1498812 kB
Buffers:           47232 kB
Cached:           758284 kB
MemTotal:        1844596 kB
MemFree:          804316 kB
MemAvailable:    1498752 kB
Buffers:           47232 kB
Cached:           758284 kB
MemTotal:        1844596 kB
MemFree:          804316 kB
MemAvailable:    1498752 kB
Buffers:           47232 kB
Cached:           758284 kB
MemTotal:        1844596 kB
MemFree:          804252 kB
MemAvailable:    1498688 kB
Buffers:           47232 kB
Cached:           758284 kB
MemTotal:        1844596 kB
MemFree:          804376 kB
MemAvailable:    1498812 kB
Buffers:           47232 kB
Cached:           758284 kB
MemTotal:        1844596 kB
MemFree:          804288 kB
MemAvailable:    1498808 kB
Buffers:           47232 kB
Cached:           758408 kB
MemTotal:        1844596 kB
MemFree:          803172 kB
MemAvailable:    1497020 kB
Buffers:           47232 kB
Cached:           757736 kB
MemTotal:        1844596 kB
MemFree:          870352 kB
MemAvailable:    1564200 kB
Buffers:           47232 kB
Cached:           757736 kB
