MemTotal:        1844596 kB
MemFree:          948316 kB
MemAvailable:    1556280 kB
Buffers:           35828 kB
Cached:           678580 kB
MemTotal:        1844596 kB
MemFree:          945660 kB
MemAvailable:    1553624 kB
Buffers:           35828 kB
Cached:           678580 kB
MemTotal:        1844596 kB
MemFree:          944412 kB
MemAvailable:    1552380 kB
Buffers:           35828 kB
Cached:           678584 kB
MemTotal:        1844596 kB
MemFree:          945032 kB
MemAvailable:    1553000 kB
Buffers:           35828 kB
Cached:           678584 kB
MemTotal:        1844596 kB
MemFree:          941940 kB
MemAvailable:    1549908 kB
Buffers:           35828 kB
Cached:           678584 kB
MemTotal:        1844596 kB
MemFree:          941816 kB
MemAvailable:    1549784 kB
Buffers:           35828 kB
Cached:           678584 kB
MemTotal:        1844596 kB
MemFree:          941628 kB
MemAvailable:    1549596 kB
Buffers:           35828 kB
Cached:           678584 kB
MemTotal:        1844596 kB
MemFree:          939452 kB
MemAvailable:    1547420 kB
Buffers:           35828 kB
Cached:           678584 kB
MemTotal:        1844596 kB
MemFree:          938688 kB
MemAvailable:    1546656 kB
Buffers:           35828 kB
Cached:           678584 kB
MemTotal:        1844596 kB
MemFree:          936856 kB
MemAvailable:    1544824 kB
Buffers:           35828 kB
Cached:           678584 kB
MemTotal:        1844596 kB
MemFree:          932960 kB
MemAvailable:    1540928 kB
Buffers:           35828 kB
Cached:           678584 kB
MemTotal:        1844596 kB
MemFree:          933128 kB
MemAvailable:    1541096 kB
Buffers:           35828 kB
Cached:           678584 kB
MemTotal:        1844596 kB
MemFree:          931592 kB
MemAvailable:    1539560 kB
Buffers:           35828 kB
Cached:           678584 kB
MemTotal:        1844596 kB
MemFree:          932876 kB
MemAvailable:    1540844 kB
Buffers:           35828 kB
Cached:           678584 kB
MemTotal:        1844596 kB
MemFree:          932268 kB
MemAvailable:    1540236 kB
Buffers:           35828 kB
Cached:           678584 kB
MemTotal:        1844596 kB
MemFree:          932728 kB
MemAvailable:    1540696 kB
Buffers:           35828 kB
Cached:           678584 kB
MemTotal:        1844596 kB
MemFree:          933064 kB
MemAvailable:    1541032 kB
Buffers:           35828 kB
Cached:           678584 kB
MemTotal:        1844596 kB
MemFree:          932128 kB
MemAvailable:    1540096 kB
Buffers:           35828 kB
Cached:           678584 kB
MemTotal:        1844596 kB
MemFree:          932128 kB
MemAvailable:    1540096 kB
Buffers:           35828 kB
Cached:           678584 kB
MemTotal:        1844596 kB
MemFree:          931080 kB
MemAvailable:    1539048 kB
Buffers:           35828 kB
Cached:           678584 kB
MemTotal:        1844596 kB
MemFree:          930516 kB
MemAvailable:    1538484 kB
Buffers:           35828 kB
Cached:           678584 kB
MemTotal:        1844596 kB
MemFree:          930268 kB
MemAvailable:    1538236 kB
Buffers:           35828 kB
Cached:           678584 kB
MemTotal:        1844596 kB
MemFree:          930384 kB
MemAvailable:    1538352 kB
Buffers:           35828 kB
Cached:           678584 kB
MemTotal:        1844596 kB
MemFree:          929136 kB
MemAvailable:    1537104 kB
Buffers:           35840 kB
Cached:           678572 kB
MemTotal:        1844596 kB
MemFree:          930268 kB
MemAvailable:    1538236 kB
Buffers:           35840 kB
Cached:           678572 kB
MemTotal:        1844596 kB
MemFree:          930352 kB
MemAvailable:    1538320 kB
Buffers:           35840 kB
Cached:           678572 kB
MemTotal:        1844596 kB
MemFree:          930468 kB
MemAvailable:    1538436 kB
Buffers:           35840 kB
Cached:           678572 kB
MemTotal:        1844596 kB
MemFree:          930440 kB
MemAvailable:    1538408 kB
Buffers:           35840 kB
Cached:           678572 kB
MemTotal:        1844596 kB
MemFree:          930392 kB
MemAvailable:    1538360 kB
Buffers:           35840 kB
Cached:           678572 kB
MemTotal:        1844596 kB
MemFree:          929788 kB
MemAvailable:    1537756 kB
Buffers:           35840 kB
Cached:           678572 kB
MemTotal:        1844596 kB
MemFree:          931720 kB
MemAvailable:    1539688 kB
Buffers:           35840 kB
Cached:           678572 kB
MemTotal:        1844596 kB
MemFree:          931972 kB
MemAvailable:    1539940 kB
Buffers:           35840 kB
Cached:           678572 kB
MemTotal:        1844596 kB
MemFree:          930160 kB
MemAvailable:    1538128 kB
Buffers:           35840 kB
Cached:           678572 kB
MemTotal:        1844596 kB
MemFree:          929996 kB
MemAvailable:    1537964 kB
Buffers:           35840 kB
Cached:           678572 kB
MemTotal:        1844596 kB
MemFree:          928052 kB
MemAvailable:    1536020 kB
Buffers:           35840 kB
Cached:           678572 kB
MemTotal:        1844596 kB
MemFree:          927912 kB
MemAvailable:    1535880 kB
Buffers:           35840 kB
Cached:           678572 kB
MemTotal:        1844596 kB
MemFree:          928248 kB
MemAvailable:    1536216 kB
Buffers:           35840 kB
Cached:           678572 kB
MemTotal:        1844596 kB
MemFree:          927168 kB
MemAvailable:    1535136 kB
Buffers:           35840 kB
Cached:           678572 kB
MemTotal:        1844596 kB
MemFree:          927252 kB
MemAvailable:    1535220 kB
Buffers:           35840 kB
Cached:           678572 kB
MemTotal:        1844596 kB
MemFree:          926624 kB
MemAvailable:    1534592 kB
Buffers:           35840 kB
Cached:           678572 kB
MemTotal:        1844596 kB
MemFree:          926368 kB
MemAvailable:    1534336 kB
Buffers:           35840 kB
Cached:           678572 kB
MemTotal:        1844596 kB
MemFree:          925200 kB
MemAvailable:    1533168 kB
Buffers:           35840 kB
Cached:           678572 kB
MemTotal:        1844596 kB
MemFree:          926184 kB
MemAvailable:    1534168 kB
Buffers:           35840 kB
Cached:           678588 kB
MemTotal:        1844596 kB
MemFree:          926440 kB
MemAvailable:    1534424 kB
Buffers:           35840 kB
Cached:           678588 kB
MemTotal:        1844596 kB
MemFree:          926196 kB
MemAvailable:    1534180 kB
Buffers:           35840 kB
Cached:           678588 kB
MemTotal:        1844596 kB
MemFree:          926124 kB
MemAvailable:    1534108 kB
Buffers:           35840 kB
Cached:           678588 kB
MemTotal:        1844596 kB
MemFree:          926208 kB
MemAvailable:    1533996 kB
Buffers:           35840 kB
Cached:           678588 kB
MemTotal:        1844596 kB
MemFree:          926000 kB
MemAvailable:    1533984 kB
Buffers:           35840 kB
Cached:           678588 kB
MemTotal:        1844596 kB
MemFree:          925804 kB
MemAvailable:    1533788 kB
Buffers:           35840 kB
Cached:           678588 kB
MemTotal:        1844596 kB
MemFree:          924456 kB
MemAvailable:    1532440 kB
Buffers:           35840 kB
Cached:           678588 kB
MemTotal:        1844596 kB
MemFree:          925316 kB
MemAvailable:    1533300 kB
Buffers:           35840 kB
Cached:           678588 kB
MemTotal:        1844596 kB
MemFree:          925316 kB
MemAvailable:    1533300 kB
Buffers:           35840 kB
Cached:           678588 kB
MemTotal:        1844596 kB
MemFree:          923944 kB
MemAvailable:    1531928 kB
Buffers:           35840 kB
Cached:           678588 kB
MemTotal:        1844596 kB
MemFree:          924076 kB
MemAvailable:    1532060 kB
Buffers:           35840 kB
Cached:           678588 kB
MemTotal:        1844596 kB
MemFree:          924076 kB
MemAvailable:    1532060 kB
Buffers:           35840 kB
Cached:           678588 kB
MemTotal:        1844596 kB
MemFree:          924200 kB
MemAvailable:    1532184 kB
Buffers:           35840 kB
Cached:           678588 kB
MemTotal:        1844596 kB
MemFree:          924324 kB
MemAvailable:    1532308 kB
Buffers:           35840 kB
Cached:           678588 kB
MemTotal:        1844596 kB
MemFree:          925500 kB
MemAvailable:    1533484 kB
Buffers:           35840 kB
Cached:           678588 kB
MemTotal:        1844596 kB
MemFree:          924068 kB
MemAvailable:    1532052 kB
Buffers:           35840 kB
Cached:           678588 kB
MemTotal:        1844596 kB
MemFree:          924192 kB
MemAvailable:    1532176 kB
Buffers:           35840 kB
Cached:           678588 kB
MemTotal:        1844596 kB
MemFree:          925196 kB
MemAvailable:    1533180 kB
Buffers:           35840 kB
Cached:           678588 kB
MemTotal:        1844596 kB
MemFree:          925128 kB
MemAvailable:    1533112 kB
Buffers:           35840 kB
Cached:           678588 kB
MemTotal:        1844596 kB
MemFree:          924672 kB
MemAvailable:    1532656 kB
Buffers:           35840 kB
Cached:           678588 kB
MemTotal:        1844596 kB
MemFree:          924704 kB
MemAvailable:    1532688 kB
Buffers:           35840 kB
Cached:           678588 kB
MemTotal:        1844596 kB
MemFree:          924896 kB
MemAvailable:    1532880 kB
Buffers:           35840 kB
Cached:           678588 kB
MemTotal:        1844596 kB
MemFree:          924648 kB
MemAvailable:    1532632 kB
Buffers:           35840 kB
Cached:           678588 kB
MemTotal:        1844596 kB
MemFree:          923588 kB
MemAvailable:    1531572 kB
Buffers:           35840 kB
Cached:           678588 kB
MemTotal:        1844596 kB
MemFree:          924144 kB
MemAvailable:    1532128 kB
Buffers:           35840 kB
Cached:           678588 kB
MemTotal:        1844596 kB
MemFree:          924400 kB
MemAvailable:    1532384 kB
Buffers:           35840 kB
Cached:           678588 kB
MemTotal:        1844596 kB
MemFree:          924324 kB
MemAvailable:    1532308 kB
Buffers:           35840 kB
Cached:           678588 kB
MemTotal:        1844596 kB
MemFree:          924252 kB
MemAvailable:    1532236 kB
Buffers:           35840 kB
Cached:           678588 kB
MemTotal:        1844596 kB
MemFree:          924504 kB
MemAvailable:    1532488 kB
Buffers:           35840 kB
Cached:           678588 kB
MemTotal:        1844596 kB
MemFree:          924180 kB
MemAvailable:    1532164 kB
Buffers:           35840 kB
Cached:           678588 kB
MemTotal:        1844596 kB
MemFree:          924432 kB
MemAvailable:    1532416 kB
Buffers:           35840 kB
Cached:           678588 kB
MemTotal:        1844596 kB
MemFree:          924248 kB
MemAvailable:    1532232 kB
Buffers:           35840 kB
Cached:           678588 kB
MemTotal:        1844596 kB
MemFree:          924332 kB
MemAvailable:    1532316 kB
Buffers:           35840 kB
Cached:           678588 kB
MemTotal:        1844596 kB
MemFree:          924244 kB
MemAvailable:    1532228 kB
Buffers:           35840 kB
Cached:           678588 kB
MemTotal:        1844596 kB
MemFree:          923648 kB
MemAvailable:    1531632 kB
Buffers:           35840 kB
Cached:           678588 kB
MemTotal:        1844596 kB
MemFree:          921488 kB
MemAvailable:    1529472 kB
Buffers:           35840 kB
Cached:           678588 kB
MemTotal:        1844596 kB
MemFree:          918984 kB
MemAvailable:    1526968 kB
Buffers:           35840 kB
Cached:           678588 kB
MemTotal:        1844596 kB
MemFree:          918388 kB
MemAvailable:    1526372 kB
Buffers:           35840 kB
Cached:           678588 kB
MemTotal:        1844596 kB
MemFree:          915776 kB
MemAvailable:    1523764 kB
Buffers:           35840 kB
Cached:           678592 kB
MemTotal:        1844596 kB
MemFree:          917076 kB
MemAvailable:    1525064 kB
Buffers:           35840 kB
Cached:           678592 kB
MemTotal:        1844596 kB
MemFree:          916520 kB
MemAvailable:    1524508 kB
Buffers:           35840 kB
Cached:           678592 kB
MemTotal:        1844596 kB
MemFree:          916604 kB
MemAvailable:    1524592 kB
Buffers:           35840 kB
Cached:           678592 kB
MemTotal:        1844596 kB
MemFree:          916396 kB
MemAvailable:    1524384 kB
Buffers:           35840 kB
Cached:           678592 kB
MemTotal:        1844596 kB
MemFree:          916536 kB
MemAvailable:    1524524 kB
Buffers:           35840 kB
Cached:           678592 kB
MemTotal:        1844596 kB
MemFree:          916224 kB
MemAvailable:    1524212 kB
Buffers:           35840 kB
Cached:           678592 kB
MemTotal:        1844596 kB
MemFree:          916480 kB
MemAvailable:    1524468 kB
Buffers:           35840 kB
Cached:           678592 kB
MemTotal:        1844596 kB
MemFree:          916392 kB
MemAvailable:    1524380 kB
Buffers:           35840 kB
Cached:           678592 kB
MemTotal:        1844596 kB
MemFree:          916340 kB
MemAvailable:    1524328 kB
Buffers:           35840 kB
Cached:           678592 kB
MemTotal:        1844596 kB
MemFree:          916424 kB
MemAvailable:    1524412 kB
Buffers:           35840 kB
Cached:           678592 kB
MemTotal:        1844596 kB
MemFree:          916264 kB
MemAvailable:    1524252 kB
Buffers:           35840 kB
Cached:           678592 kB
MemTotal:        1844596 kB
MemFree:          916516 kB
MemAvailable:    1524504 kB
Buffers:           35840 kB
Cached:           678592 kB
MemTotal:        1844596 kB
MemFree:          915024 kB
MemAvailable:    1523012 kB
Buffers:           35840 kB
Cached:           678592 kB
MemTotal:        1844596 kB
MemFree:          916416 kB
MemAvailable:    1524404 kB
Buffers:           35840 kB
Cached:           678592 kB
MemTotal:        1844596 kB
MemFree:          916160 kB
MemAvailable:    1524148 kB
Buffers:           35840 kB
Cached:           678592 kB
MemTotal:        1844596 kB
MemFree:          915108 kB
MemAvailable:    1523096 kB
Buffers:           35840 kB
Cached:           678592 kB
MemTotal:        1844596 kB
MemFree:          914784 kB
MemAvailable:    1522772 kB
Buffers:           35840 kB
Cached:           678592 kB
MemTotal:        1844596 kB
MemFree:          915844 kB
MemAvailable:    1523832 kB
Buffers:           35840 kB
Cached:           678592 kB
MemTotal:        1844596 kB
MemFree:          915480 kB
MemAvailable:    1523468 kB
Buffers:           35840 kB
Cached:           678592 kB
MemTotal:        1844596 kB
MemFree:          913916 kB
MemAvailable:    1521904 kB
Buffers:           35840 kB
Cached:           678592 kB
MemTotal:        1844596 kB
MemFree:          914916 kB
MemAvailable:    1522908 kB
Buffers:           35840 kB
Cached:           678596 kB
MemTotal:        1844596 kB
MemFree:          914720 kB
MemAvailable:    1522712 kB
Buffers:           35840 kB
Cached:           678596 kB
MemTotal:        1844596 kB
MemFree:          914372 kB
MemAvailable:    1522364 kB
Buffers:           35840 kB
Cached:           678596 kB
MemTotal:        1844596 kB
MemFree:          914164 kB
MemAvailable:    1522156 kB
Buffers:           35840 kB
Cached:           678596 kB
MemTotal:        1844596 kB
MemFree:          913668 kB
MemAvailable:    1521660 kB
Buffers:           35840 kB
Cached:           678596 kB
MemTotal:        1844596 kB
MemFree:          913924 kB
MemAvailable:    1521916 kB
Buffers:           35840 kB
Cached:           678596 kB
MemTotal:        1844596 kB
MemFree:          911932 kB
MemAvailable:    1519924 kB
Buffers:           35840 kB
Cached:           678596 kB
MemTotal:        1844596 kB
MemFree:          912924 kB
MemAvailable:    1520916 kB
Buffers:           35840 kB
Cached:           678596 kB
MemTotal:        1844596 kB
MemFree:          912660 kB
MemAvailable:    1520736 kB
Buffers:           35840 kB
Cached:           678596 kB
MemTotal:        1844596 kB
MemFree:          912744 kB
MemAvailable:    1520736 kB
Buffers:           35840 kB
Cached:           678596 kB
MemTotal:        1844596 kB
MemFree:          912736 kB
MemAvailable:    1520728 kB
Buffers:           35840 kB
Cached:           678596 kB
MemTotal:        1844596 kB
MemFree:          911304 kB
MemAvailable:    1519296 kB
Buffers:           35840 kB
Cached:           678596 kB
MemTotal:        1844596 kB
MemFree:          911296 kB
MemAvailable:    1519288 kB
Buffers:           35840 kB
Cached:           678596 kB
MemTotal:        1844596 kB
MemFree:          912496 kB
MemAvailable:    1520488 kB
Buffers:           35840 kB
Cached:           678596 kB
MemTotal:        1844596 kB
MemFree:          912664 kB
MemAvailable:    1520656 kB
Buffers:           35840 kB
Cached:           678596 kB
MemTotal:        1844596 kB
MemFree:          911132 kB
MemAvailable:    1519124 kB
Buffers:           35840 kB
Cached:           678596 kB
MemTotal:        1844596 kB
MemFree:          911816 kB
MemAvailable:    1519808 kB
Buffers:           35840 kB
Cached:           678596 kB
MemTotal:        1844596 kB
MemFree:          912520 kB
MemAvailable:    1520512 kB
Buffers:           35840 kB
Cached:           678596 kB
MemTotal:        1844596 kB
MemFree:          912684 kB
MemAvailable:    1520676 kB
Buffers:           35840 kB
Cached:           678596 kB
MemTotal:        1844596 kB
MemFree:          911144 kB
MemAvailable:    1519136 kB
Buffers:           35840 kB
Cached:           678596 kB
MemTotal:        1844596 kB
MemFree:          912048 kB
MemAvailable:    1520040 kB
Buffers:           35840 kB
Cached:           678596 kB
MemTotal:        1844596 kB
MemFree:          912048 kB
MemAvailable:    1520040 kB
Buffers:           35840 kB
Cached:           678596 kB
MemTotal:        1844596 kB
MemFree:          907716 kB
MemAvailable:    1515708 kB
Buffers:           35840 kB
Cached:           678596 kB
MemTotal:        1844596 kB
MemFree:          905988 kB
MemAvailable:    1513980 kB
Buffers:           35840 kB
Cached:           678596 kB
MemTotal:        1844596 kB
MemFree:          907156 kB
MemAvailable:    1515148 kB
Buffers:           35840 kB
Cached:           678596 kB
MemTotal:        1844596 kB
MemFree:          907188 kB
MemAvailable:    1515180 kB
Buffers:           35840 kB
Cached:           678596 kB
MemTotal:        1844596 kB
MemFree:          907040 kB
MemAvailable:    1515032 kB
Buffers:           35840 kB
Cached:           678596 kB
MemTotal:        1844596 kB
MemFree:          906840 kB
MemAvailable:    1514832 kB
Buffers:           35840 kB
Cached:           678596 kB
MemTotal:        1844596 kB
MemFree:          906908 kB
MemAvailable:    1514900 kB
Buffers:           35840 kB
Cached:           678596 kB
MemTotal:        1844596 kB
MemFree:          906732 kB
MemAvailable:    1514724 kB
Buffers:           35840 kB
Cached:           678596 kB
MemTotal:        1844596 kB
MemFree:          905484 kB
MemAvailable:    1513476 kB
Buffers:           35840 kB
Cached:           678596 kB
MemTotal:        1844596 kB
MemFree:          906468 kB
MemAvailable:    1514460 kB
Buffers:           35840 kB
Cached:           678596 kB
MemTotal:        1844596 kB
MemFree:          905608 kB
MemAvailable:    1513600 kB
Buffers:           35840 kB
Cached:           678596 kB
MemTotal:        1844596 kB
MemFree:          906364 kB
MemAvailable:    1514356 kB
Buffers:           35840 kB
Cached:           678596 kB
MemTotal:        1844596 kB
MemFree:          905368 kB
MemAvailable:    1513360 kB
Buffers:           35840 kB
Cached:           678596 kB
MemTotal:        1844596 kB
MemFree:          905600 kB
MemAvailable:    1513592 kB
Buffers:           35840 kB
Cached:           678596 kB
MemTotal:        1844596 kB
MemFree:          905824 kB
MemAvailable:    1513816 kB
Buffers:           35840 kB
Cached:           678596 kB
MemTotal:        1844596 kB
MemFree:          902260 kB
MemAvailable:    1510252 kB
Buffers:           35840 kB
Cached:           678596 kB
MemTotal:        1844596 kB
MemFree:          902524 kB
MemAvailable:    1510516 kB
Buffers:           35840 kB
Cached:           678596 kB
MemTotal:        1844596 kB
MemFree:          903336 kB
MemAvailable:    1511328 kB
Buffers:           35840 kB
Cached:           678596 kB
MemTotal:        1844596 kB
MemFree:          903308 kB
MemAvailable:    1511300 kB
Buffers:           35840 kB
Cached:           678596 kB
MemTotal:        1844596 kB
MemFree:          903320 kB
MemAvailable:    1511312 kB
Buffers:           35840 kB
Cached:           678596 kB
MemTotal:        1844596 kB
MemFree:          902516 kB
MemAvailable:    1510508 kB
Buffers:           35840 kB
Cached:           678596 kB
MemTotal:        1844596 kB
MemFree:          903108 kB
MemAvailable:    1511100 kB
Buffers:           35840 kB
Cached:           678596 kB
MemTotal:        1844596 kB
MemFree:          903444 kB
MemAvailable:    1511436 kB
Buffers:           35840 kB
Cached:           678596 kB
MemTotal:        1844596 kB
MemFree:          905236 kB
MemAvailable:    1513228 kB
Buffers:           35840 kB
Cached:           678596 kB
MemTotal:        1844596 kB
MemFree:          905368 kB
MemAvailable:    1513360 kB
Buffers:           35840 kB
Cached:           678596 kB
MemTotal:        1844596 kB
MemFree:          905064 kB
MemAvailable:    1513224 kB
Buffers:           35840 kB
Cached:           678844 kB
MemTotal:        1844596 kB
MemFree:          905064 kB
MemAvailable:    1513224 kB
Buffers:           35840 kB
Cached:           678844 kB
MemTotal:        1844596 kB
MemFree:          904716 kB
MemAvailable:    1513044 kB
Buffers:           35840 kB
Cached:           678968 kB
MemTotal:        1844596 kB
MemFree:          904864 kB
MemAvailable:    1513192 kB
Buffers:           35840 kB
Cached:           678968 kB
MemTotal:        1844596 kB
MemFree:          904552 kB
MemAvailable:    1513132 kB
Buffers:           35840 kB
Cached:           679092 kB
MemTotal:        1844596 kB
MemFree:          903716 kB
MemAvailable:    1512296 kB
Buffers:           35840 kB
Cached:           679092 kB
MemTotal:        1844596 kB
MemFree:          904608 kB
MemAvailable:    1513188 kB
Buffers:           35840 kB
Cached:           679092 kB
MemTotal:        1844596 kB
MemFree:          904860 kB
MemAvailable:    1513440 kB
Buffers:           35840 kB
Cached:           679092 kB
MemTotal:        1844596 kB
MemFree:          903336 kB
MemAvailable:    1511944 kB
Buffers:           35840 kB
Cached:           679288 kB
MemTotal:        1844596 kB
MemFree:          903204 kB
MemAvailable:    1511812 kB
Buffers:           35840 kB
Cached:           679288 kB
MemTotal:        1844596 kB
MemFree:          903216 kB
MemAvailable:    1511888 kB
Buffers:           35840 kB
Cached:           679276 kB
MemTotal:        1844596 kB
MemFree:          903252 kB
MemAvailable:    1511924 kB
Buffers:           35840 kB
Cached:           679276 kB
MemTotal:        1844596 kB
MemFree:          903756 kB
MemAvailable:    1512428 kB
Buffers:           35840 kB
Cached:           679276 kB
MemTotal:        1844596 kB
MemFree:          904872 kB
MemAvailable:    1513544 kB
Buffers:           35840 kB
Cached:           679276 kB
MemTotal:        1844596 kB
MemFree:          903756 kB
MemAvailable:    1512428 kB
Buffers:           35840 kB
Cached:           679276 kB
MemTotal:        1844596 kB
MemFree:          903236 kB
MemAvailable:    1511236 kB
Buffers:           35840 kB
Cached:           678604 kB
MemTotal:        1844596 kB
MemFree:          972164 kB
MemAvailable:    1580164 kB
Buffers:           35840 kB
Cached:           678604 kB
