MemTotal:        1844596 kB
MemFree:          697184 kB
MemAvailable:    1527332 kB
Buffers:           61504 kB
Cached:           868552 kB
MemTotal:        1844596 kB
MemFree:          697484 kB
MemAvailable:    1527632 kB
Buffers:           61504 kB
Cached:           868552 kB
MemTotal:        1844596 kB
MemFree:          695076 kB
MemAvailable:    1525224 kB
Buffers:           61504 kB
Cached:           868552 kB
MemTotal:        1844596 kB
MemFree:          694564 kB
MemAvailable:    1524712 kB
Buffers:           61504 kB
Cached:           868552 kB
MemTotal:        1844596 kB
MemFree:          693324 kB
MemAvailable:    1523472 kB
Buffers:           61504 kB
Cached:           868552 kB
MemTotal:        1844596 kB
MemFree:          694560 kB
MemAvailable:    1524708 kB
Buffers:           61504 kB
Cached:           868552 kB
MemTotal:        1844596 kB
MemFree:          692904 kB
MemAvailable:    1523052 kB
Buffers:           61504 kB
Cached:           868552 kB
MemTotal:        1844596 kB
MemFree:          689496 kB
MemAvailable:    1519644 kB
Buffers:           61504 kB
Cached:           868552 kB
MemTotal:        1844596 kB
MemFree:          688008 kB
MemAvailable:    1518156 kB
Buffers:           61504 kB
Cached:           868552 kB
MemTotal:        1844596 kB
MemFree:          684836 kB
MemAvailable:    1514984 kB
Buffers:           61504 kB
Cached:           868552 kB
MemTotal:        1844596 kB
MemFree:          685088 kB
MemAvailable:    1515236 kB
Buffers:           61504 kB
Cached:           868552 kB
MemTotal:        1844596 kB
MemFree:          684796 kB
MemAvailable:    1514944 kB
Buffers:           61504 kB
Cached:           868552 kB
MemTotal:        1844596 kB
MemFree:          683612 kB
MemAvailable:    1513760 kB
Buffers:           61504 kB
Cached:           868552 kB
MemTotal:        1844596 kB
MemFree:          684832 kB
MemAvailable:    1514980 kB
Buffers:           61504 kB
Cached:           868552 kB
MemTotal:        1844596 kB
MemFree:          683524 kB
MemAvailable:    1513672 kB
Buffers:           61504 kB
Cached:           868552 kB
MemTotal:        1844596 kB
MemFree:          683420 kB
MemAvailable:    1513568 kB
Buffers:           61504 kB
Cached:           868552 kB
MemTotal:        1844596 kB
MemFree:          682800 kB
MemAvailable:    1512948 kB
Buffers:           61504 kB
Cached:           868552 kB
MemTotal:        1844596 kB
MemFree:          681560 kB
MemAvailable:    1511708 kB
Buffers:           61504 kB
Cached:           868552 kB
MemTotal:        1844596 kB
MemFree:          682552 kB
MemAvailable:    1512700 kB
Buffers:           61504 kB
Cached:           868552 kB
MemTotal:        1844596 kB
MemFree:          682288 kB
MemAvailable:    1512436 kB
Buffers:           61504 kB
Cached:           868552 kB
MemTotal:        1844596 kB
MemFree:          682436 kB
MemAvailable:    1512584 kB
Buffers:           61504 kB
Cached:           868552 kB
MemTotal:        1844596 kB
MemFree:          682296 kB
MemAvailable:    1512444 kB
Buffers:           61504 kB
Cached:           868552 kB
MemTotal:        1844596 kB
MemFree:          682188 kB
MemAvailable:    1512336 kB
Buffers:           61504 kB
Cached:           868552 kB
MemTotal:        1844596 kB
MemFree:          680932 kB
MemAvailable:    1511080 kB
Buffers:           61504 kB
Cached:           868552 kB
MemTotal:        1844596 kB
MemFree:          682380 kB
MemAvailable:    1512528 kB
Buffers:           61504 kB
Cached:           868552 kB
MemTotal:        1844596 kB
MemFree:          681560 kB
MemAvailable:    1511708 kB
Buffers:           61504 kB
Cached:           868552 kB
MemTotal:        1844596 kB
MemFree:          683528 kB
MemAvailable:    1513680 kB
Buffers:           61504 kB
Cached:           868556 kB
MemTotal:        1844596 kB
MemFree:          683864 kB
MemAvailable:    1514016 kB
Buffers:           61504 kB
Cached:           868556 kB
MemTotal:        1844596 kB
MemFree:          682364 kB
MemAvailable:    1512516 kB
Buffers:           61504 kB
Cached:           868556 kB
MemTotal:        1844596 kB
MemFree:          681064 kB
MemAvailable:    1511216 kB
Buffers:           61504 kB
Cached:           868556 kB
MemTotal:        1844596 kB
MemFree:          680256 kB
MemAvailable:    1510408 kB
Buffers:           61504 kB
Cached:           868556 kB
MemTotal:        1844596 kB
MemFree:          678832 kB
MemAvailable:    1508984 kB
Buffers:           61504 kB
Cached:           868556 kB
MemTotal:        1844596 kB
MemFree:          679940 kB
MemAvailable:    1510092 kB
Buffers:           61504 kB
Cached:           868556 kB
MemTotal:        1844596 kB
MemFree:          678932 kB
MemAvailable:    1509084 kB
Buffers:           61504 kB
Cached:           868556 kB
MemTotal:        1844596 kB
MemFree:          678956 kB
MemAvailable:    1509108 kB
Buffers:           61504 kB
Cached:           868556 kB
MemTotal:        1844596 kB
MemFree:          678388 kB
MemAvailable:    1508540 kB
Buffers:           61504 kB
Cached:           868556 kB
MemTotal:        1844596 kB
MemFree:          678264 kB
MemAvailable:    1508416 kB
Buffers:           61504 kB
Cached:           868556 kB
MemTotal:        1844596 kB
MemFree:          676956 kB
MemAvailable:    1507108 kB
Buffers:           61504 kB
Cached:           868556 kB
MemTotal:        1844596 kB
MemFree:          678064 kB
MemAvailable:    1508216 kB
Buffers:           61504 kB
Cached:           868556 kB
MemTotal:        1844596 kB
MemFree:          676964 kB
MemAvailable:    1507116 kB
Buffers:           61504 kB
Cached:           868556 kB
MemTotal:        1844596 kB
MemFree:          677996 kB
MemAvailable:    1508148 kB
Buffers:           61504 kB
Cached:           868556 kB
MemTotal:        1844596 kB
MemFree:          676724 kB
MemAvailable:    1506876 kB
Buffers:           61504 kB
Cached:           868556 kB
MemTotal:        1844596 kB
MemFree:          676468 kB
MemAvailable:    1506620 kB
Buffers:           61504 kB
Cached:           868556 kB
MemTotal:        1844596 kB
MemFree:          677272 kB
MemAvailable:    1507424 kB
Buffers:           61504 kB
Cached:           868556 kB
MemTotal:        1844596 kB
MemFree:          675964 kB
MemAvailable:    1506116 kB
Buffers:           61504 kB
Cached:           868556 kB
MemTotal:        1844596 kB
MemFree:          676088 kB
MemAvailable:    1506240 kB
Buffers:           61504 kB
Cached:           868556 kB
MemTotal:        1844596 kB
MemFree:          677140 kB
MemAvailable:    1507292 kB
Buffers:           61504 kB
Cached:           868556 kB
MemTotal:        1844596 kB
MemFree:          675792 kB
MemAvailable:    1505944 kB
Buffers:           61504 kB
Cached:           868556 kB
MemTotal:        1844596 kB
MemFree:          676892 kB
MemAvailable:    1507044 kB
Buffers:           61504 kB
Cached:           868556 kB
MemTotal:        1844596 kB
MemFree:          677144 kB
MemAvailable:    1507296 kB
Buffers:           61504 kB
Cached:           868556 kB
MemTotal:        1844596 kB
MemFree:          676956 kB
MemAvailable:    1507108 kB
Buffers:           61504 kB
Cached:           868556 kB
MemTotal:        1844596 kB
MemFree:          675908 kB
MemAvailable:    1506060 kB
Buffers:           61504 kB
Cached:           868556 kB
MemTotal:        1844596 kB
MemFree:          677148 kB
MemAvailable:    1507300 kB
Buffers:           61504 kB
Cached:           868556 kB
MemTotal:        1844596 kB
MemFree:          675908 kB
MemAvailable:    1506060 kB
Buffers:           61504 kB
Cached:           868556 kB
MemTotal:        1844596 kB
MemFree:          676156 kB
MemAvailable:    1506308 kB
Buffers:           61504 kB
Cached:           868556 kB
MemTotal:        1844596 kB
MemFree:          676784 kB
MemAvailable:    1506936 kB
Buffers:           61504 kB
Cached:           868556 kB
MemTotal:        1844596 kB
MemFree:          675352 kB
MemAvailable:    1505504 kB
Buffers:           61504 kB
Cached:           868556 kB
MemTotal:        1844596 kB
MemFree:          676536 kB
MemAvailable:    1506688 kB
Buffers:           61504 kB
Cached:           868556 kB
MemTotal:        1844596 kB
MemFree:          676404 kB
MemAvailable:    1506556 kB
Buffers:           61504 kB
Cached:           868556 kB
MemTotal:        1844596 kB
MemFree:          676088 kB
MemAvailable:    1506240 kB
Buffers:           61504 kB
Cached:           868556 kB
MemTotal:        1844596 kB
MemFree:          675732 kB
MemAvailable:    1505884 kB
Buffers:           61504 kB
Cached:           868556 kB
MemTotal:        1844596 kB
MemFree:          674800 kB
MemAvailable:    1504952 kB
Buffers:           61504 kB
Cached:           868556 kB
MemTotal:        1844596 kB
MemFree:          674932 kB
MemAvailable:    1505084 kB
Buffers:           61504 kB
Cached:           868556 kB
MemTotal:        1844596 kB
MemFree:          676172 kB
MemAvailable:    1506324 kB
Buffers:           61504 kB
Cached:           868556 kB
MemTotal:        1844596 kB
MemFree:          675476 kB
MemAvailable:    1505628 kB
Buffers:           61504 kB
Cached:           868556 kB
MemTotal:        1844596 kB
MemFree:          675944 kB
MemAvailable:    1506096 kB
Buffers:           61504 kB
Cached:           868556 kB
MemTotal:        1844596 kB
MemFree:          676280 kB
MemAvailable:    1506432 kB
Buffers:           61504 kB
Cached:           868556 kB
MemTotal:        1844596 kB
MemFree:          675848 kB
MemAvailable:    1506000 kB
Buffers:           61504 kB
Cached:           868556 kB
MemTotal:        1844596 kB
MemFree:          672880 kB
MemAvailable:    1503032 kB
Buffers:           61504 kB
Cached:           868556 kB
MemTotal:        1844596 kB
MemFree:          671444 kB
MemAvailable:    1501596 kB
Buffers:           61504 kB
Cached:           868556 kB
MemTotal:        1844596 kB
MemFree:          669036 kB
MemAvailable:    1499188 kB
Buffers:           61504 kB
Cached:           868556 kB
MemTotal:        1844596 kB
MemFree:          667416 kB
MemAvailable:    1497572 kB
Buffers:           61504 kB
Cached:           868560 kB
MemTotal:        1844596 kB
MemFree:          668468 kB
MemAvailable:    1498624 kB
Buffers:           61504 kB
Cached:           868560 kB
MemTotal:        1844596 kB
MemFree:          668228 kB
MemAvailable:    1498384 kB
Buffers:           61504 kB
Cached:           868560 kB
MemTotal:        1844596 kB
MemFree:          667004 kB
MemAvailable:    1497164 kB
Buffers:           61504 kB
Cached:           868564 kB
MemTotal:        1844596 kB
MemFree:          668244 kB
MemAvailable:    1498404 kB
Buffers:           61504 kB
Cached:           868564 kB
MemTotal:        1844596 kB
MemFree:          668284 kB
MemAvailable:    1498444 kB
Buffers:           61504 kB
Cached:           868564 kB
MemTotal:        1844596 kB
MemFree:          668300 kB
MemAvailable:    1498460 kB
Buffers:           61504 kB
Cached:           868564 kB
MemTotal:        1844596 kB
MemFree:          666788 kB
MemAvailable:    1496948 kB
Buffers:           61504 kB
Cached:           868564 kB
MemTotal:        1844596 kB
MemFree:          668096 kB
MemAvailable:    1498256 kB
Buffers:           61504 kB
Cached:           868564 kB
MemTotal:        1844596 kB
MemFree:          668220 kB
MemAvailable:    1498380 kB
Buffers:           61504 kB
Cached:           868564 kB
MemTotal:        1844596 kB
MemFree:          666912 kB
MemAvailable:    1497072 kB
Buffers:           61504 kB
Cached:           868564 kB
MemTotal:        1844596 kB
MemFree:          668212 kB
MemAvailable:    1498372 kB
Buffers:           61504 kB
Cached:           868564 kB
MemTotal:        1844596 kB
MemFree:          668096 kB
MemAvailable:    1498256 kB
Buffers:           61504 kB
Cached:           868564 kB
MemTotal:        1844596 kB
MemFree:          668096 kB
MemAvailable:    1498256 kB
Buffers:           61504 kB
Cached:           868564 kB
MemTotal:        1844596 kB
MemFree:          668032 kB
MemAvailable:    1498192 kB
Buffers:           61504 kB
Cached:           868564 kB
MemTotal:        1844596 kB
MemFree:          667664 kB
MemAvailable:    1497824 kB
Buffers:           61504 kB
Cached:           868564 kB
MemTotal:        1844596 kB
MemFree:          667468 kB
MemAvailable:    1497628 kB
Buffers:           61504 kB
Cached:           868564 kB
MemTotal:        1844596 kB
MemFree:          665928 kB
MemAvailable:    1496088 kB
Buffers:           61504 kB
Cached:           868564 kB
MemTotal:        1844596 kB
MemFree:          665796 kB
MemAvailable:    1495956 kB
Buffers:           61504 kB
Cached:           868564 kB
MemTotal:        1844596 kB
MemFree:          666540 kB
MemAvailable:    1496700 kB
Buffers:           61504 kB
Cached:           868564 kB
MemTotal:        1844596 kB
MemFree:          666432 kB
MemAvailable:    1496592 kB
Buffers:           61504 kB
Cached:           868564 kB
MemTotal:        1844596 kB
MemFree:          666220 kB
MemAvailable:    1496380 kB
Buffers:           61504 kB
Cached:           868564 kB
MemTotal:        1844596 kB
MemFree:          665492 kB
MemAvailable:    1495652 kB
Buffers:           61504 kB
Cached:           868564 kB
MemTotal:        1844596 kB
MemFree:          665120 kB
MemAvailable:    1495280 kB
Buffers:           61504 kB
Cached:           868564 kB
MemTotal:        1844596 kB
MemFree:          665372 kB
MemAvailable:    1495532 kB
Buffers:           61504 kB
Cached:           868564 kB
MemTotal:        1844596 kB
MemFree:          664936 kB
MemAvailable:    1495096 kB
Buffers:           61504 kB
Cached:           868564 kB
MemTotal:        1844596 kB
MemFree:          663564 kB
MemAvailable:    1493724 kB
Buffers:           61504 kB
Cached:           868564 kB
MemTotal:        1844596 kB
MemFree:          664616 kB
MemAvailable:    1494776 kB
Buffers:           61504 kB
Cached:           868564 kB
MemTotal:        1844596 kB
MemFree:          664492 kB
MemAvailable:    1494652 kB
Buffers:           61504 kB
Cached:           868564 kB
MemTotal:        1844596 kB
MemFree:          664308 kB
MemAvailable:    1494468 kB
Buffers:           61504 kB
Cached:           868564 kB
MemTotal:        1844596 kB
MemFree:          664076 kB
MemAvailable:    1494236 kB
Buffers:           61504 kB
Cached:           868564 kB
MemTotal:        1844596 kB
MemFree:          664184 kB
MemAvailable:    1494344 kB
Buffers:           61504 kB
Cached:           868564 kB
MemTotal:        1844596 kB
MemFree:          662944 kB
MemAvailable:    1493104 kB
Buffers:           61504 kB
Cached:           868564 kB
MemTotal:        1844596 kB
MemFree:          664260 kB
MemAvailable:    1494420 kB
Buffers:           61504 kB
Cached:           868564 kB
MemTotal:        1844596 kB
MemFree:          664512 kB
MemAvailable:    1494672 kB
Buffers:           61504 kB
Cached:           868564 kB
MemTotal:        1844596 kB
MemFree:          663928 kB
MemAvailable:    1494088 kB
Buffers:           61504 kB
Cached:           868564 kB
MemTotal:        1844596 kB
MemFree:          664264 kB
MemAvailable:    1494424 kB
Buffers:           61504 kB
Cached:           868564 kB
MemTotal:        1844596 kB
MemFree:          663564 kB
MemAvailable:    1493724 kB
Buffers:           61504 kB
Cached:           868564 kB
MemTotal:        1844596 kB
MemFree:          663432 kB
MemAvailable:    1493592 kB
Buffers:           61504 kB
Cached:           868564 kB
MemTotal:        1844596 kB
MemFree:          659224 kB
MemAvailable:    1489384 kB
Buffers:           61504 kB
Cached:           868564 kB
MemTotal:        1844596 kB
MemFree:          657868 kB
MemAvailable:    1488028 kB
Buffers:           61504 kB
Cached:           868564 kB
MemTotal:        1844596 kB
MemFree:          657564 kB
MemAvailable:    1487724 kB
Buffers:           61504 kB
Cached:           868564 kB
MemTotal:        1844596 kB
MemFree:          658740 kB
MemAvailable:    1488900 kB
Buffers:           61504 kB
Cached:           868564 kB
MemTotal:        1844596 kB
MemFree:          657308 kB
MemAvailable:    1487468 kB
Buffers:           61504 kB
Cached:           868564 kB
MemTotal:        1844596 kB
MemFree:          657432 kB
MemAvailable:    1487592 kB
Buffers:           61504 kB
Cached:           868564 kB
MemTotal:        1844596 kB
MemFree:          658540 kB
MemAvailable:    1488700 kB
Buffers:           61504 kB
Cached:           868564 kB
MemTotal:        1844596 kB
MemFree:          658176 kB
MemAvailable:    1488336 kB
Buffers:           61504 kB
Cached:           868564 kB
MemTotal:        1844596 kB
MemFree:          658388 kB
MemAvailable:    1488548 kB
Buffers:           61504 kB
Cached:           868564 kB
MemTotal:        1844596 kB
MemFree:          658184 kB
MemAvailable:    1488344 kB
Buffers:           61504 kB
Cached:           868564 kB
MemTotal:        1844596 kB
MemFree:          658440 kB
MemAvailable:    1488600 kB
Buffers:           61504 kB
Cached:           868564 kB
MemTotal:        1844596 kB
MemFree:          658128 kB
MemAvailable:    1488288 kB
Buffers:           61504 kB
Cached:           868564 kB
MemTotal:        1844596 kB
MemFree:          656124 kB
MemAvailable:    1486284 kB
Buffers:           61504 kB
Cached:           868564 kB
MemTotal:        1844596 kB
MemFree:          655388 kB
MemAvailable:    1485548 kB
Buffers:           61504 kB
Cached:           868564 kB
MemTotal:        1844596 kB
MemFree:          655076 kB
MemAvailable:    1485236 kB
Buffers:           61504 kB
Cached:           868564 kB
MemTotal:        1844596 kB
MemFree:          655328 kB
MemAvailable:    1485488 kB
Buffers:           61504 kB
Cached:           868564 kB
MemTotal:        1844596 kB
MemFree:          655252 kB
MemAvailable:    1485412 kB
Buffers:           61504 kB
Cached:           868564 kB
MemTotal:        1844596 kB
MemFree:          655372 kB
MemAvailable:    1485532 kB
Buffers:           61504 kB
Cached:           868564 kB
MemTotal:        1844596 kB
MemFree:          653880 kB
MemAvailable:    1484040 kB
Buffers:           61504 kB
Cached:           868564 kB
MemTotal:        1844596 kB
MemFree:          657116 kB
MemAvailable:    1487276 kB
Buffers:           61504 kB
Cached:           868564 kB
MemTotal:        1844596 kB
MemFree:          657452 kB
MemAvailable:    1487612 kB
Buffers:           61504 kB
Cached:           868564 kB
MemTotal:        1844596 kB
MemFree:          657052 kB
MemAvailable:    1487296 kB
Buffers:           61504 kB
Cached:           868688 kB
MemTotal:        1844596 kB
MemFree:          655828 kB
MemAvailable:    1486072 kB
Buffers:           61504 kB
Cached:           868688 kB
MemTotal:        1844596 kB
MemFree:          657004 kB
MemAvailable:    1487500 kB
Buffers:           61504 kB
Cached:           868936 kB
MemTotal:        1844596 kB
MemFree:          656680 kB
MemAvailable:    1487176 kB
Buffers:           61504 kB
Cached:           868936 kB
MemTotal:        1844596 kB
MemFree:          656192 kB
MemAvailable:    1486772 kB
Buffers:           61504 kB
Cached:           868936 kB
MemTotal:        1844596 kB
MemFree:          656420 kB
MemAvailable:    1487168 kB
Buffers:           61504 kB
Cached:           869184 kB
MemTotal:        1844596 kB
MemFree:          656676 kB
MemAvailable:    1487424 kB
Buffers:           61504 kB
Cached:           869184 kB
MemTotal:        1844596 kB
MemFree:          656524 kB
MemAvailable:    1487272 kB
Buffers:           61504 kB
Cached:           869184 kB
MemTotal:        1844596 kB
MemFree:          655512 kB
MemAvailable:    1486344 kB
Buffers:           61504 kB
Cached:           869184 kB
MemTotal:        1844596 kB
MemFree:          656452 kB
MemAvailable:    1487284 kB
Buffers:           61504 kB
Cached:           869184 kB
MemTotal:        1844596 kB
MemFree:          655080 kB
MemAvailable:    1485912 kB
Buffers:           61504 kB
Cached:           869184 kB
MemTotal:        1844596 kB
MemFree:          656348 kB
MemAvailable:    1487180 kB
Buffers:           61504 kB
Cached:           869184 kB
MemTotal:        1844596 kB
MemFree:          656132 kB
MemAvailable:    1486964 kB
Buffers:           61504 kB
Cached:           869184 kB
MemTotal:        1844596 kB
MemFree:          656360 kB
MemAvailable:    1487192 kB
Buffers:           61504 kB
Cached:           869184 kB
MemTotal:        1844596 kB
MemFree:          656696 kB
MemAvailable:    1487528 kB
Buffers:           61504 kB
Cached:           869184 kB
MemTotal:        1844596 kB
MemFree:          656520 kB
MemAvailable:    1487436 kB
Buffers:           61504 kB
Cached:           869308 kB
MemTotal:        1844596 kB
MemFree:          656788 kB
MemAvailable:    1487032 kB
Buffers:           61504 kB
Cached:           868592 kB
MemTotal:        1844596 kB
MemFree:          725396 kB
MemAvailable:    1555640 kB
Buffers:           61504 kB
Cached:           868592 kB
