MemTotal:        1844596 kB
MemFree:          916744 kB
MemAvailable:    1550288 kB
Buffers:           39576 kB
Cached:           702160 kB
MemTotal:        1844596 kB
MemFree:          914892 kB
MemAvailable:    1548312 kB
Buffers:           39576 kB
Cached:           702160 kB
MemTotal:        1844596 kB
MemFree:          915140 kB
MemAvailable:    1548684 kB
Buffers:           39576 kB
Cached:           702160 kB
MemTotal:        1844596 kB
MemFree:          914024 kB
MemAvailable:    1547568 kB
Buffers:           39576 kB
Cached:           702160 kB
MemTotal:        1844596 kB
MemFree:          911792 kB
MemAvailable:    1545336 kB
Buffers:           39576 kB
Cached:           702160 kB
MemTotal:        1844596 kB
MemFree:          911288 kB
MemAvailable:    1544832 kB
Buffers:           39576 kB
Cached:           702160 kB
MemTotal:        1844596 kB
MemFree:          911412 kB
MemAvailable:    1544956 kB
Buffers:           39576 kB
Cached:           702160 kB
MemTotal:        1844596 kB
MemFree:          910160 kB
MemAvailable:    1543704 kB
Buffers:           39576 kB
Cached:           702160 kB
MemTotal:        1844596 kB
MemFree:          907080 kB
MemAvailable:    1540624 kB
Buffers:           39576 kB
Cached:           702160 kB
MemTotal:        1844596 kB
MemFree:          905592 kB
MemAvailable:    1539136 kB
Buffers:           39576 kB
Cached:           702160 kB
MemTotal:        1844596 kB
MemFree:          901312 kB
MemAvailable:    1534856 kB
Buffers:           39576 kB
Cached:           702160 kB
MemTotal:        1844596 kB
MemFree:          901288 kB
MemAvailable:    1534832 kB
Buffers:           39576 kB
Cached:           702160 kB
MemTotal:        1844596 kB
MemFree:          901740 kB
MemAvailable:    1535284 kB
Buffers:           39576 kB
Cached:           702160 kB
MemTotal:        1844596 kB
MemFree:          902732 kB
MemAvailable:    1536284 kB
Buffers:           39576 kB
Cached:           702168 kB
MemTotal:        1844596 kB
MemFree:          902732 kB
MemAvailable:    1536284 kB
Buffers:           39576 kB
Cached:           702168 kB
MemTotal:        1844596 kB
MemFree:          901188 kB
MemAvailable:    1534740 kB
Buffers:           39576 kB
Cached:           702168 kB
MemTotal:        1844596 kB
MemFree:          901756 kB
MemAvailable:    1535308 kB
Buffers:           39576 kB
Cached:           702168 kB
MemTotal:        1844596 kB
MemFree:          902544 kB
MemAvailable:    1536096 kB
Buffers:           39576 kB
Cached:           702168 kB
MemTotal:        1844596 kB
MemFree:          901252 kB
MemAvailable:    1534804 kB
Buffers:           39576 kB
Cached:           702168 kB
MemTotal:        1844596 kB
MemFree:          900988 kB
MemAvailable:    1534540 kB
Buffers:           39576 kB
Cached:           702168 kB
MemTotal:        1844596 kB
MemFree:          901200 kB
MemAvailable:    1534752 kB
Buffers:           39576 kB
Cached:           702168 kB
MemTotal:        1844596 kB
MemFree:          899012 kB
MemAvailable:    1532564 kB
Buffers:           39576 kB
Cached:           702168 kB
MemTotal:        1844596 kB
MemFree:          900260 kB
MemAvailable:    1533812 kB
Buffers:           39576 kB
Cached:           702168 kB
MemTotal:        1844596 kB
MemFree:          899268 kB
MemAvailable:    1532820 kB
Buffers:           39576 kB
Cached:           702168 kB
MemTotal:        1844596 kB
MemFree:          899740 kB
MemAvailable:    1533292 kB
Buffers:           39576 kB
Cached:           702168 kB
MemTotal:        1844596 kB
MemFree:          900080 kB
MemAvailable:    1533632 kB
Buffers:           39576 kB
Cached:           702168 kB
MemTotal:        1844596 kB
MemFree:          899956 kB
MemAvailable:    1533508 kB
Buffers:           39576 kB
Cached:           702168 kB
MemTotal:        1844596 kB
MemFree:          900060 kB
MemAvailable:    1533612 kB
Buffers:           39576 kB
Cached:           702168 kB
MemTotal:        1844596 kB
MemFree:          899988 kB
MemAvailable:    1533540 kB
Buffers:           39576 kB
Cached:           702168 kB
MemTotal:        1844596 kB
MemFree:          900240 kB
MemAvailable:    1533792 kB
Buffers:           39576 kB
Cached:           702168 kB
MemTotal:        1844596 kB
MemFree:          900476 kB
MemAvailable:    1534028 kB
Buffers:           39576 kB
Cached:           702168 kB
MemTotal:        1844596 kB
MemFree:          900180 kB
MemAvailable:    1533732 kB
Buffers:           39576 kB
Cached:           702168 kB
MemTotal:        1844596 kB
MemFree:          900004 kB
MemAvailable:    1533556 kB
Buffers:           39576 kB
Cached:           702168 kB
MemTotal:        1844596 kB
MemFree:          900444 kB
MemAvailable:    1533996 kB
Buffers:           39576 kB
Cached:           702168 kB
MemTotal:        1844596 kB
MemFree:          897524 kB
MemAvailable:    1531076 kB
Buffers:           39576 kB
Cached:           702168 kB
MemTotal:        1844596 kB
MemFree:          896788 kB
MemAvailable:    1530340 kB
Buffers:           39576 kB
Cached:           702168 kB
MemTotal:        1844596 kB
MemFree:          897144 kB
MemAvailable:    1530696 kB
Buffers:           39576 kB
Cached:           702168 kB
MemTotal:        1844596 kB
MemFree:          897144 kB
MemAvailable:    1530696 kB
Buffers:           39576 kB
Cached:           702168 kB
MemTotal:        1844596 kB
MemFree:          896716 kB
MemAvailable:    1530268 kB
Buffers:           39576 kB
Cached:           702168 kB
MemTotal:        1844596 kB
MemFree:          896540 kB
MemAvailable:    1530092 kB
Buffers:           39576 kB
Cached:           702168 kB
MemTotal:        1844596 kB
MemFree:          895904 kB
MemAvailable:    1529460 kB
Buffers:           39576 kB
Cached:           702172 kB
MemTotal:        1844596 kB
MemFree:          896096 kB
MemAvailable:    1529652 kB
Buffers:           39576 kB
Cached:           702172 kB
MemTotal:        1844596 kB
MemFree:          894664 kB
MemAvailable:    1528220 kB
Buffers:           39576 kB
Cached:           702172 kB
MemTotal:        1844596 kB
MemFree:          894672 kB
MemAvailable:    1528228 kB
Buffers:           39576 kB
Cached:           702172 kB
MemTotal:        1844596 kB
MemFree:          894500 kB
MemAvailable:    1528056 kB
Buffers:           39576 kB
Cached:           702172 kB
MemTotal:        1844596 kB
MemFree:          894668 kB
MemAvailable:    1528224 kB
Buffers:           39576 kB
Cached:           702172 kB
MemTotal:        1844596 kB
MemFree:          894496 kB
MemAvailable:    1528052 kB
Buffers:           39576 kB
Cached:           702172 kB
MemTotal:        1844596 kB
MemFree:          895796 kB
MemAvailable:    1529352 kB
Buffers:           39576 kB
Cached:           702172 kB
MemTotal:        1844596 kB
MemFree:          895168 kB
MemAvailable:    1528724 kB
Buffers:           39576 kB
Cached:           702172 kB
MemTotal:        1844596 kB
MemFree:          895168 kB
MemAvailable:    1528724 kB
Buffers:           39576 kB
Cached:           702172 kB
MemTotal:        1844596 kB
MemFree:          894716 kB
MemAvailable:    1528272 kB
Buffers:           39576 kB
Cached:           702172 kB
MemTotal:        1844596 kB
MemFree:          893508 kB
MemAvailable:    1527064 kB
Buffers:           39576 kB
Cached:           702172 kB
MemTotal:        1844596 kB
MemFree:          893632 kB
MemAvailable:    1527188 kB
Buffers:           39576 kB
Cached:           702172 kB
MemTotal:        1844596 kB
MemFree:          893632 kB
MemAvailable:    1527188 kB
Buffers:           39576 kB
Cached:           702172 kB
MemTotal:        1844596 kB
MemFree:          895112 kB
MemAvailable:    1528668 kB
Buffers:           39576 kB
Cached:           702172 kB
MemTotal:        1844596 kB
MemFree:          893624 kB
MemAvailable:    1527180 kB
Buffers:           39576 kB
Cached:           702172 kB
MemTotal:        1844596 kB
MemFree:          893872 kB
MemAvailable:    1527428 kB
Buffers:           39576 kB
Cached:           702172 kB
MemTotal:        1844596 kB
MemFree:          894600 kB
MemAvailable:    1528156 kB
Buffers:           39576 kB
Cached:           702172 kB
MemTotal:        1844596 kB
MemFree:          894852 kB
MemAvailable:    1528408 kB
Buffers:           39576 kB
Cached:           702172 kB
MemTotal:        1844596 kB
MemFree:          894940 kB
MemAvailable:    1528496 kB
Buffers:           39576 kB
Cached:           702172 kB
MemTotal:        1844596 kB
MemFree:          893520 kB
MemAvailable:    1527076 kB
Buffers:           39576 kB
Cached:           702172 kB
MemTotal:        1844596 kB
MemFree:          894884 kB
MemAvailable:    1528440 kB
Buffers:           39576 kB
Cached:           702172 kB
MemTotal:        1844596 kB
MemFree:          894504 kB
MemAvailable:    1528060 kB
Buffers:           39576 kB
Cached:           702172 kB
MemTotal:        1844596 kB
MemFree:          894504 kB
MemAvailable:    1527856 kB
Buffers:           39576 kB
Cached:           702172 kB
MemTotal:        1844596 kB
MemFree:          893984 kB
MemAvailable:    1527540 kB
Buffers:           39576 kB
Cached:           702172 kB
MemTotal:        1844596 kB
MemFree:          894236 kB
MemAvailable:    1527792 kB
Buffers:           39576 kB
Cached:           702172 kB
MemTotal:        1844596 kB
MemFree:          894004 kB
MemAvailable:    1527560 kB
Buffers:           39576 kB
Cached:           702172 kB
MemTotal:        1844596 kB
MemFree:          893976 kB
MemAvailable:    1527532 kB
Buffers:           39576 kB
Cached:           702172 kB
MemTotal:        1844596 kB
MemFree:          893928 kB
MemAvailable:    1527484 kB
Buffers:           39576 kB
Cached:           702172 kB
MemTotal:        1844596 kB
MemFree:          893192 kB
MemAvailable:    1526748 kB
Buffers:           39576 kB
Cached:           702172 kB
MemTotal:        1844596 kB
MemFree:          893784 kB
MemAvailable:    1527340 kB
Buffers:           39576 kB
Cached:           702172 kB
MemTotal:        1844596 kB
MemFree:          894036 kB
MemAvailable:    1527592 kB
Buffers:           39576 kB
Cached:           702172 kB
MemTotal:        1844596 kB
MemFree:          892564 kB
MemAvailable:    1526120 kB
Buffers:           39576 kB
Cached:           702172 kB
MemTotal:        1844596 kB
MemFree:          892688 kB
MemAvailable:    1526244 kB
Buffers:           39576 kB
Cached:           702172 kB
MemTotal:        1844596 kB
MemFree:          892696 kB
MemAvailable:    1526252 kB
Buffers:           39576 kB
Cached:           702172 kB
MemTotal:        1844596 kB
MemFree:          893996 kB
MemAvailable:    1527552 kB
Buffers:           39576 kB
Cached:           702172 kB
MemTotal:        1844596 kB
MemFree:          891828 kB
MemAvailable:    1525384 kB
Buffers:           39576 kB
Cached:           702172 kB
MemTotal:        1844596 kB
MemFree:          890712 kB
MemAvailable:    1524268 kB
Buffers:           39576 kB
Cached:           702172 kB
MemTotal:        1844596 kB
MemFree:          887480 kB
MemAvailable:    1521036 kB
Buffers:           39576 kB
Cached:           702172 kB
MemTotal:        1844596 kB
MemFree:          886876 kB
MemAvailable:    1520432 kB
Buffers:           39576 kB
Cached:           702172 kB
MemTotal:        1844596 kB
MemFree:          886496 kB
MemAvailable:    1520052 kB
Buffers:           39576 kB
Cached:           702172 kB
MemTotal:        1844596 kB
MemFree:          884992 kB
MemAvailable:    1518548 kB
Buffers:           39576 kB
Cached:           702172 kB
MemTotal:        1844596 kB
MemFree:          885364 kB
MemAvailable:    1518920 kB
Buffers:           39576 kB
Cached:           702172 kB
MemTotal:        1844596 kB
MemFree:          886308 kB
MemAvailable:    1519864 kB
Buffers:           39576 kB
Cached:           702172 kB
MemTotal:        1844596 kB
MemFree:          885008 kB
MemAvailable:    1518564 kB
Buffers:           39576 kB
Cached:           702172 kB
MemTotal:        1844596 kB
MemFree:          884884 kB
MemAvailable:    1518440 kB
Buffers:           39576 kB
Cached:           702172 kB
MemTotal:        1844596 kB
MemFree:          885008 kB
MemAvailable:    1518564 kB
Buffers:           39576 kB
Cached:           702172 kB
MemTotal:        1844596 kB
MemFree:          886352 kB
MemAvailable:    1519908 kB
Buffers:           39576 kB
Cached:           702172 kB
MemTotal:        1844596 kB
MemFree:          885132 kB
MemAvailable:    1518688 kB
Buffers:           39576 kB
Cached:           702172 kB
MemTotal:        1844596 kB
MemFree:          886124 kB
MemAvailable:    1519680 kB
Buffers:           39576 kB
Cached:           702172 kB
MemTotal:        1844596 kB
MemFree:          885008 kB
MemAvailable:    1518564 kB
Buffers:           39576 kB
Cached:           702172 kB
MemTotal:        1844596 kB
MemFree:          886000 kB
MemAvailable:    1519556 kB
Buffers:           39576 kB
Cached:           702172 kB
MemTotal:        1844596 kB
MemFree:          886044 kB
MemAvailable:    1519600 kB
Buffers:           39576 kB
Cached:           702172 kB
MemTotal:        1844596 kB
MemFree:          885256 kB
MemAvailable:    1518812 kB
Buffers:           39576 kB
Cached:           702172 kB
MemTotal:        1844596 kB
MemFree:          885724 kB
MemAvailable:    1519280 kB
Buffers:           39576 kB
Cached:           702172 kB
MemTotal:        1844596 kB
MemFree:          886060 kB
MemAvailable:    1519616 kB
Buffers:           39576 kB
Cached:           702172 kB
MemTotal:        1844596 kB
MemFree:          884568 kB
MemAvailable:    1518124 kB
Buffers:           39576 kB
Cached:           702172 kB
MemTotal:        1844596 kB
MemFree:          884504 kB
MemAvailable:    1518060 kB
Buffers:           39576 kB
Cached:           702172 kB
MemTotal:        1844596 kB
MemFree:          885008 kB
MemAvailable:    1518564 kB
Buffers:           39576 kB
Cached:           702172 kB
MemTotal:        1844596 kB
MemFree:          883636 kB
MemAvailable:    1517192 kB
Buffers:           39576 kB
Cached:           702172 kB
MemTotal:        1844596 kB
MemFree:          884380 kB
MemAvailable:    1517936 kB
Buffers:           39576 kB
Cached:           702172 kB
MemTotal:        1844596 kB
MemFree:          884636 kB
MemAvailable:    1518192 kB
Buffers:           39576 kB
Cached:           702172 kB
MemTotal:        1844596 kB
MemFree:          884060 kB
MemAvailable:    1517616 kB
Buffers:           39576 kB
Cached:           702172 kB
MemTotal:        1844596 kB
MemFree:          883008 kB
MemAvailable:    1516564 kB
Buffers:           39576 kB
Cached:           702172 kB
MemTotal:        1844596 kB
MemFree:          883260 kB
MemAvailable:    1516816 kB
Buffers:           39576 kB
Cached:           702172 kB
MemTotal:        1844596 kB
MemFree:          881768 kB
MemAvailable:    1515324 kB
Buffers:           39576 kB
Cached:           702172 kB
MemTotal:        1844596 kB
MemFree:          881412 kB
MemAvailable:    1514968 kB
Buffers:           39576 kB
Cached:           702172 kB
MemTotal:        1844596 kB
MemFree:          881280 kB
MemAvailable:    1514836 kB
Buffers:           39576 kB
Cached:           702172 kB
MemTotal:        1844596 kB
MemFree:          882388 kB
MemAvailable:    1515944 kB
Buffers:           39576 kB
Cached:           702172 kB
MemTotal:        1844596 kB
MemFree:          882472 kB
MemAvailable:    1516028 kB
Buffers:           39576 kB
Cached:           702172 kB
MemTotal:        1844596 kB
MemFree:          882092 kB
MemAvailable:    1515648 kB
Buffers:           39576 kB
Cached:           702172 kB
MemTotal:        1844596 kB
MemFree:          882260 kB
MemAvailable:    1515816 kB
Buffers:           39576 kB
Cached:           702172 kB
MemTotal:        1844596 kB
MemFree:          881984 kB
MemAvailable:    1515540 kB
Buffers:           39576 kB
Cached:           702172 kB
MemTotal:        1844596 kB
MemFree:          882080 kB
MemAvailable:    1515636 kB
Buffers:           39576 kB
Cached:           702172 kB
MemTotal:        1844596 kB
MemFree:          880864 kB
MemAvailable:    1514420 kB
Buffers:           39576 kB
Cached:           702172 kB
MemTotal:        1844596 kB
MemFree:          880792 kB
MemAvailable:    1514356 kB
Buffers:           39576 kB
Cached:           702180 kB
MemTotal:        1844596 kB
MemFree:          880612 kB
MemAvailable:    1514176 kB
Buffers:           39576 kB
Cached:           702180 kB
MemTotal:        1844596 kB
MemFree:          882024 kB
MemAvailable:    1515588 kB
Buffers:           39576 kB
Cached:           702180 kB
MemTotal:        1844596 kB
MemFree:          882276 kB
MemAvailable:    1515840 kB
Buffers:           39576 kB
Cached:           702180 kB
MemTotal:        1844596 kB
MemFree:          881984 kB
MemAvailable:    1515548 kB
Buffers:           39576 kB
Cached:           702180 kB
MemTotal:        1844596 kB
MemFree:          881280 kB
MemAvailable:    1514844 kB
Buffers:           39576 kB
Cached:           702180 kB
MemTotal:        1844596 kB
MemFree:          881172 kB
MemAvailable:    1514736 kB
Buffers:           39576 kB
Cached:           702180 kB
MemTotal:        1844596 kB
MemFree:          876824 kB
MemAvailable:    1510388 kB
Buffers:           39576 kB
Cached:           702180 kB
MemTotal:        1844596 kB
MemFree:          875576 kB
MemAvailable:    1509140 kB
Buffers:           39576 kB
Cached:           702180 kB
MemTotal:        1844596 kB
MemFree:          875320 kB
MemAvailable:    1508884 kB
Buffers:           39576 kB
Cached:           702180 kB
MemTotal:        1844596 kB
MemFree:          876320 kB
MemAvailable:    1509884 kB
Buffers:           39576 kB
Cached:           702180 kB
MemTotal:        1844596 kB
MemFree:          876656 kB
MemAvailable:    1510220 kB
Buffers:           39576 kB
Cached:           702180 kB
MemTotal:        1844596 kB
MemFree:          876188 kB
MemAvailable:    1509752 kB
Buffers:           39576 kB
Cached:           702180 kB
MemTotal:        1844596 kB
MemFree:          876272 kB
MemAvailable:    1509836 kB
Buffers:           39584 kB
Cached:           702172 kB
MemTotal:        1844596 kB
MemFree:          876012 kB
MemAvailable:    1509576 kB
Buffers:           39588 kB
Cached:           702168 kB
MemTotal:        1844596 kB
MemFree:          876012 kB
MemAvailable:    1509576 kB
Buffers:           39588 kB
Cached:           702168 kB
MemTotal:        1844596 kB
MemFree:          875892 kB
MemAvailable:    1509456 kB
Buffers:           39588 kB
Cached:           702168 kB
MemTotal:        1844596 kB
MemFree:          875652 kB
MemAvailable:    1509216 kB
Buffers:           39588 kB
Cached:           702168 kB
MemTotal:        1844596 kB
MemFree:          876080 kB
MemAvailable:    1509648 kB
Buffers:           39588 kB
Cached:           702172 kB
MemTotal:        1844596 kB
MemFree:          875148 kB
MemAvailable:    1508716 kB
Buffers:           39588 kB
Cached:           702172 kB
MemTotal:        1844596 kB
MemFree:          873848 kB
MemAvailable:    1507416 kB
Buffers:           39588 kB
Cached:           702172 kB
MemTotal:        1844596 kB
MemFree:          873096 kB
MemAvailable:    1506664 kB
Buffers:           39588 kB
Cached:           702172 kB
MemTotal:        1844596 kB
MemFree:          873096 kB
MemAvailable:    1506664 kB
Buffers:           39588 kB
Cached:           702172 kB
MemTotal:        1844596 kB
MemFree:          871468 kB
MemAvailable:    1505036 kB
Buffers:           39588 kB
Cached:           702172 kB
MemTotal:        1844596 kB
MemFree:          872924 kB
MemAvailable:    1506492 kB
Buffers:           39588 kB
Cached:           702172 kB
MemTotal:        1844596 kB
MemFree:          871988 kB
MemAvailable:    1505556 kB
Buffers:           39588 kB
Cached:           702172 kB
MemTotal:        1844596 kB
MemFree:          873324 kB
MemAvailable:    1506904 kB
Buffers:           39588 kB
Cached:           702184 kB
MemTotal:        1844596 kB
MemFree:          871732 kB
MemAvailable:    1505312 kB
Buffers:           39588 kB
Cached:           702184 kB
MemTotal:        1844596 kB
MemFree:          874880 kB
MemAvailable:    1508460 kB
Buffers:           39588 kB
Cached:           702184 kB
MemTotal:        1844596 kB
MemFree:          873808 kB
MemAvailable:    1507388 kB
Buffers:           39588 kB
Cached:           702184 kB
MemTotal:        1844596 kB
MemFree:          874900 kB
MemAvailable:    1508564 kB
Buffers:           39588 kB
Cached:           702308 kB
MemTotal:        1844596 kB
MemFree:          874708 kB
MemAvailable:    1508456 kB
Buffers:           39588 kB
Cached:           702432 kB
MemTotal:        1844596 kB
MemFree:          873724 kB
MemAvailable:    1507556 kB
Buffers:           39588 kB
Cached:           702432 kB
MemTotal:        1844596 kB
MemFree:          874840 kB
MemAvailable:    1508756 kB
Buffers:           39588 kB
Cached:           702556 kB
MemTotal:        1844596 kB
MemFree:          874460 kB
MemAvailable:    1508544 kB
Buffers:           39588 kB
Cached:           702804 kB
MemTotal:        1844596 kB
MemFree:          874352 kB
MemAvailable:    1508436 kB
Buffers:           39588 kB
Cached:           702804 kB
MemTotal:        1844596 kB
MemFree:          874224 kB
MemAvailable:    1508308 kB
Buffers:           39588 kB
Cached:           702804 kB
MemTotal:        1844596 kB
MemFree:          872924 kB
MemAvailable:    1507008 kB
Buffers:           39588 kB
Cached:           702804 kB
MemTotal:        1844596 kB
MemFree:          874192 kB
MemAvailable:    1508360 kB
Buffers:           39588 kB
Cached:           702928 kB
MemTotal:        1844596 kB
MemFree:          874444 kB
MemAvailable:    1508612 kB
Buffers:           39588 kB
Cached:           702928 kB
MemTotal:        1844596 kB
MemFree:          874164 kB
MemAvailable:    1508332 kB
Buffers:           39588 kB
Cached:           702928 kB
MemTotal:        1844596 kB
MemFree:          874388 kB
MemAvailable:    1508556 kB
Buffers:           39588 kB
Cached:           702928 kB
MemTotal:        1844596 kB
MemFree:          874320 kB
MemAvailable:    1508488 kB
Buffers:           39588 kB
Cached:           702928 kB
MemTotal:        1844596 kB
MemFree:          874052 kB
MemAvailable:    1508304 kB
Buffers:           39588 kB
Cached:           702928 kB
MemTotal:        1844596 kB
MemFree:          874292 kB
MemAvailable:    1508544 kB
Buffers:           39588 kB
Cached:           702928 kB
MemTotal:        1844596 kB
MemFree:          874728 kB
MemAvailable:    1508308 kB
Buffers:           39588 kB
Cached:           702256 kB
MemTotal:        1844596 kB
MemFree:          941336 kB
MemAvailable:    1574916 kB
Buffers:           39588 kB
Cached:           702256 kB
