MemTotal:        1844596 kB
MemFree:          972112 kB
MemAvailable:    1556928 kB
Buffers:           32152 kB
Cached:           654820 kB
MemTotal:        1844596 kB
MemFree:          973864 kB
MemAvailable:    1558680 kB
Buffers:           32152 kB
Cached:           654820 kB
MemTotal:        1844596 kB
MemFree:          973048 kB
MemAvailable:    1557864 kB
Buffers:           32152 kB
Cached:           654820 kB
MemTotal:        1844596 kB
MemFree:          971692 kB
MemAvailable:    1556508 kB
Buffers:           32152 kB
Cached:           654820 kB
MemTotal:        1844596 kB
MemFree:          970516 kB
MemAvailable:    1555332 kB
Buffers:           32152 kB
Cached:           654820 kB
MemTotal:        1844596 kB
MemFree:          970436 kB
MemAvailable:    1555256 kB
Buffers:           32152 kB
Cached:           654824 kB
MemTotal:        1844596 kB
MemFree:          969276 kB
MemAvailable:    1554096 kB
Buffers:           32152 kB
Cached:           654824 kB
MemTotal:        1844596 kB
MemFree:          968848 kB
MemAvailable:    1553668 kB
Buffers:           32152 kB
Cached:           654824 kB
MemTotal:        1844596 kB
MemFree:          967532 kB
MemAvailable:    1552352 kB
Buffers:           32152 kB
Cached:           654824 kB
MemTotal:        1844596 kB
MemFree:          965804 kB
MemAvailable:    1550624 kB
Buffers:           32152 kB
Cached:           654824 kB
MemTotal:        1844596 kB
MemFree:          961572 kB
MemAvailable:    1546392 kB
Buffers:           32152 kB
Cached:           654824 kB
MemTotal:        1844596 kB
MemFree:          961572 kB
MemAvailable:    1546392 kB
Buffers:           32152 kB
Cached:           654824 kB
MemTotal:        1844596 kB
MemFree:          960320 kB
MemAvailable:    1545140 kB
Buffers:           32152 kB
Cached:           654824 kB
MemTotal:        1844596 kB
MemFree:          959276 kB
MemAvailable:    1544096 kB
Buffers:           32152 kB
Cached:           654824 kB
MemTotal:        1844596 kB
MemFree:          960300 kB
MemAvailable:    1545120 kB
Buffers:           32152 kB
Cached:           654824 kB
MemTotal:        1844596 kB
MemFree:          960300 kB
MemAvailable:    1545120 kB
Buffers:           32152 kB
Cached:           654824 kB
MemTotal:        1844596 kB
MemFree:          960160 kB
MemAvailable:    1544980 kB
Buffers:           32152 kB
Cached:           654824 kB
MemTotal:        1844596 kB
MemFree:          960496 kB
MemAvailable:    1545316 kB
Buffers:           32152 kB
Cached:           654824 kB
MemTotal:        1844596 kB
MemFree:          958348 kB
MemAvailable:    1543168 kB
Buffers:           32152 kB
Cached:           654824 kB
MemTotal:        1844596 kB
MemFree:          958100 kB
MemAvailable:    1542920 kB
Buffers:           32152 kB
Cached:           654824 kB
MemTotal:        1844596 kB
MemFree:          958356 kB
MemAvailable:    1543176 kB
Buffers:           32152 kB
Cached:           654824 kB
MemTotal:        1844596 kB
MemFree:          958356 kB
MemAvailable:    1543176 kB
Buffers:           32152 kB
Cached:           654824 kB
MemTotal:        1844596 kB
MemFree:          957976 kB
MemAvailable:    1542796 kB
Buffers:           32152 kB
Cached:           654824 kB
MemTotal:        1844596 kB
MemFree:          958060 kB
MemAvailable:    1542880 kB
Buffers:           32152 kB
Cached:           654824 kB
MemTotal:        1844596 kB
MemFree:          957944 kB
MemAvailable:    1542764 kB
Buffers:           32152 kB
Cached:           654824 kB
MemTotal:        1844596 kB
MemFree:          956692 kB
MemAvailable:    1541512 kB
Buffers:           32152 kB
Cached:           654824 kB
MemTotal:        1844596 kB
MemFree:          957912 kB
MemAvailable:    1542732 kB
Buffers:           32152 kB
Cached:           654824 kB
MemTotal:        1844596 kB
MemFree:          958096 kB
MemAvailable:    1542916 kB
Buffers:           32152 kB
Cached:           654824 kB
MemTotal:        1844596 kB
MemFree:          958076 kB
MemAvailable:    1542896 kB
Buffers:           32152 kB
Cached:           654824 kB
MemTotal:        1844596 kB
MemFree:          957880 kB
MemAvailable:    1542700 kB
Buffers:           32152 kB
Cached:           654824 kB
MemTotal:        1844596 kB
MemFree:          957488 kB
MemAvailable:    1542308 kB
Buffers:           32152 kB
Cached:           654824 kB
MemTotal:        1844596 kB
MemFree:          959092 kB
MemAvailable:    1543912 kB
Buffers:           32152 kB
Cached:           654824 kB
MemTotal:        1844596 kB
MemFree:          959108 kB
MemAvailable:    1543928 kB
Buffers:           32152 kB
Cached:           654824 kB
MemTotal:        1844596 kB
MemFree:          959272 kB
MemAvailable:    1544092 kB
Buffers:           32152 kB
Cached:           654824 kB
MemTotal:        1844596 kB
MemFree:          958672 kB
MemAvailable:    1543492 kB
Buffers:           32152 kB
Cached:           654824 kB
MemTotal:        1844596 kB
MemFree:          956372 kB
MemAvailable:    1541192 kB
Buffers:           32152 kB
Cached:           654824 kB
MemTotal:        1844596 kB
MemFree:          956248 kB
MemAvailable:    1541068 kB
Buffers:           32152 kB
Cached:           654824 kB
MemTotal:        1844596 kB
MemFree:          955568 kB
MemAvailable:    1540388 kB
Buffers:           32152 kB
Cached:           654824 kB
MemTotal:        1844596 kB
MemFree:          955264 kB
MemAvailable:    1540084 kB
Buffers:           32152 kB
Cached:           654824 kB
MemTotal:        1844596 kB
MemFree:          953396 kB
MemAvailable:    1538216 kB
Buffers:           32152 kB
Cached:           654824 kB
MemTotal:        1844596 kB
MemFree:          953528 kB
MemAvailable:    1538348 kB
Buffers:           32152 kB
Cached:           654824 kB
MemTotal:        1844596 kB
MemFree:          953760 kB
MemAvailable:    1538580 kB
Buffers:           32152 kB
Cached:           654824 kB
MemTotal:        1844596 kB
MemFree:          954096 kB
MemAvailable:    1538916 kB
Buffers:           32152 kB
Cached:           654824 kB
MemTotal:        1844596 kB
MemFree:          952520 kB
MemAvailable:    1537340 kB
Buffers:           32152 kB
Cached:           654824 kB
MemTotal:        1844596 kB
MemFree:          952604 kB
MemAvailable:    1537424 kB
Buffers:           32152 kB
Cached:           654824 kB
MemTotal:        1844596 kB
MemFree:          953456 kB
MemAvailable:    1538276 kB
Buffers:           32152 kB
Cached:           654824 kB
MemTotal:        1844596 kB
MemFree:          953792 kB
MemAvailable:    1538612 kB
Buffers:           32152 kB
Cached:           654824 kB
MemTotal:        1844596 kB
MemFree:          952216 kB
MemAvailable:    1537036 kB
Buffers:           32152 kB
Cached:           654824 kB
MemTotal:        1844596 kB
MemFree:          953232 kB
MemAvailable:    1538052 kB
Buffers:           32152 kB
Cached:           654824 kB
MemTotal:        1844596 kB
MemFree:          953232 kB
MemAvailable:    1538052 kB
Buffers:           32152 kB
Cached:           654824 kB
MemTotal:        1844596 kB
MemFree:          953036 kB
MemAvailable:    1537856 kB
Buffers:           32152 kB
Cached:           654824 kB
MemTotal:        1844596 kB
MemFree:          952720 kB
MemAvailable:    1537540 kB
Buffers:           32152 kB
Cached:           654824 kB
MemTotal:        1844596 kB
MemFree:          952720 kB
MemAvailable:    1537540 kB
Buffers:           32152 kB
Cached:           654824 kB
MemTotal:        1844596 kB
MemFree:          951420 kB
MemAvailable:    1536240 kB
Buffers:           32152 kB
Cached:           654824 kB
MemTotal:        1844596 kB
MemFree:          951620 kB
MemAvailable:    1536440 kB
Buffers:           32152 kB
Cached:           654824 kB
MemTotal:        1844596 kB
MemFree:          952636 kB
MemAvailable:    1537456 kB
Buffers:           32152 kB
Cached:           654824 kB
MemTotal:        1844596 kB
MemFree:          952764 kB
MemAvailable:    1537584 kB
Buffers:           32152 kB
Cached:           654824 kB
MemTotal:        1844596 kB
MemFree:          952636 kB
MemAvailable:    1537456 kB
Buffers:           32152 kB
Cached:           654824 kB
MemTotal:        1844596 kB
MemFree:          952856 kB
MemAvailable:    1537676 kB
Buffers:           32152 kB
Cached:           654824 kB
MemTotal:        1844596 kB
MemFree:          952832 kB
MemAvailable:    1537652 kB
Buffers:           32152 kB
Cached:           654824 kB
MemTotal:        1844596 kB
MemFree:          951400 kB
MemAvailable:    1536220 kB
Buffers:           32152 kB
Cached:           654824 kB
MemTotal:        1844596 kB
MemFree:          952700 kB
MemAvailable:    1537520 kB
Buffers:           32152 kB
Cached:           654824 kB
MemTotal:        1844596 kB
MemFree:          952640 kB
MemAvailable:    1537460 kB
Buffers:           32152 kB
Cached:           654824 kB
MemTotal:        1844596 kB
MemFree:          952784 kB
MemAvailable:    1537604 kB
Buffers:           32152 kB
Cached:           654824 kB
MemTotal:        1844596 kB
MemFree:          952404 kB
MemAvailable:    1537224 kB
Buffers:           32152 kB
Cached:           654824 kB
MemTotal:        1844596 kB
MemFree:          952132 kB
MemAvailable:    1536952 kB
Buffers:           32152 kB
Cached:           654824 kB
MemTotal:        1844596 kB
MemFree:          952288 kB
MemAvailable:    1537108 kB
Buffers:           32152 kB
Cached:           654824 kB
MemTotal:        1844596 kB
MemFree:          951976 kB
MemAvailable:    1536796 kB
Buffers:           32152 kB
Cached:           654824 kB
MemTotal:        1844596 kB
MemFree:          952232 kB
MemAvailable:    1537052 kB
Buffers:           32152 kB
Cached:           654824 kB
MemTotal:        1844596 kB
MemFree:          951704 kB
MemAvailable:    1536524 kB
Buffers:           32152 kB
Cached:           654824 kB
MemTotal:        1844596 kB
MemFree:          951232 kB
MemAvailable:    1536052 kB
Buffers:           32152 kB
Cached:           654824 kB
MemTotal:        1844596 kB
MemFree:          951916 kB
MemAvailable:    1536740 kB
Buffers:           32152 kB
Cached:           654828 kB
MemTotal:        1844596 kB
MemFree:          950800 kB
MemAvailable:    1535624 kB
Buffers:           32152 kB
Cached:           654828 kB
MemTotal:        1844596 kB
MemFree:          951600 kB
MemAvailable:    1536424 kB
Buffers:           32152 kB
Cached:           654828 kB
MemTotal:        1844596 kB
MemFree:          951936 kB
MemAvailable:    1536760 kB
Buffers:           32152 kB
Cached:           654828 kB
MemTotal:        1844596 kB
MemFree:          950360 kB
MemAvailable:    1535184 kB
Buffers:           32152 kB
Cached:           654828 kB
MemTotal:        1844596 kB
MemFree:          951732 kB
MemAvailable:    1536556 kB
Buffers:           32152 kB
Cached:           654828 kB
MemTotal:        1844596 kB
MemFree:          951896 kB
MemAvailable:    1536720 kB
Buffers:           32152 kB
Cached:           654828 kB
MemTotal:        1844596 kB
MemFree:          950924 kB
MemAvailable:    1535748 kB
Buffers:           32152 kB
Cached:           654828 kB
MemTotal:        1844596 kB
MemFree:          952000 kB
MemAvailable:    1536828 kB
Buffers:           32152 kB
Cached:           654832 kB
MemTotal:        1844596 kB
MemFree:          950800 kB
MemAvailable:    1535628 kB
Buffers:           32152 kB
Cached:           654832 kB
MemTotal:        1844596 kB
MemFree:          949668 kB
MemAvailable:    1534496 kB
Buffers:           32152 kB
Cached:           654832 kB
MemTotal:        1844596 kB
MemFree:          949668 kB
MemAvailable:    1534496 kB
Buffers:           32152 kB
Cached:           654832 kB
MemTotal:        1844596 kB
MemFree:          945948 kB
MemAvailable:    1530776 kB
Buffers:           32152 kB
Cached:           654832 kB
MemTotal:        1844596 kB
MemFree:          945948 kB
MemAvailable:    1530776 kB
Buffers:           32152 kB
Cached:           654832 kB
MemTotal:        1844596 kB
MemFree:          944520 kB
MemAvailable:    1529348 kB
Buffers:           32152 kB
Cached:           654832 kB
MemTotal:        1844596 kB
MemFree:          943848 kB
MemAvailable:    1528676 kB
Buffers:           32152 kB
Cached:           654832 kB
MemTotal:        1844596 kB
MemFree:          943864 kB
MemAvailable:    1528692 kB
Buffers:           32152 kB
Cached:           654832 kB
MemTotal:        1844596 kB
MemFree:          943668 kB
MemAvailable:    1528496 kB
Buffers:           32152 kB
Cached:           654832 kB
MemTotal:        1844596 kB
MemFree:          943920 kB
MemAvailable:    1528748 kB
Buffers:           32152 kB
Cached:           654832 kB
MemTotal:        1844596 kB
MemFree:          943580 kB
MemAvailable:    1528408 kB
Buffers:           32152 kB
Cached:           654832 kB
MemTotal:        1844596 kB
MemFree:          943916 kB
MemAvailable:    1528744 kB
Buffers:           32152 kB
Cached:           654832 kB
MemTotal:        1844596 kB
MemFree:          943976 kB
MemAvailable:    1528804 kB
Buffers:           32152 kB
Cached:           654832 kB
MemTotal:        1844596 kB
MemFree:          942424 kB
MemAvailable:    1527252 kB
Buffers:           32152 kB
Cached:           654832 kB
MemTotal:        1844596 kB
MemFree:          942804 kB
MemAvailable:    1527632 kB
Buffers:           32152 kB
Cached:           654832 kB
MemTotal:        1844596 kB
MemFree:          943796 kB
MemAvailable:    1528624 kB
Buffers:           32152 kB
Cached:           654832 kB
MemTotal:        1844596 kB
MemFree:          943768 kB
MemAvailable:    1528596 kB
Buffers:           32152 kB
Cached:           654832 kB
MemTotal:        1844596 kB
MemFree:          943792 kB
MemAvailable:    1528620 kB
Buffers:           32152 kB
Cached:           654832 kB
MemTotal:        1844596 kB
MemFree:          943792 kB
MemAvailable:    1528620 kB
Buffers:           32152 kB
Cached:           654832 kB
MemTotal:        1844596 kB
MemFree:          942444 kB
MemAvailable:    1527272 kB
Buffers:           32152 kB
Cached:           654832 kB
MemTotal:        1844596 kB
MemFree:          942568 kB
MemAvailable:    1527396 kB
Buffers:           32152 kB
Cached:           654832 kB
MemTotal:        1844596 kB
MemFree:          943228 kB
MemAvailable:    1528056 kB
Buffers:           32152 kB
Cached:           654832 kB
MemTotal:        1844596 kB
MemFree:          943484 kB
MemAvailable:    1528312 kB
Buffers:           32152 kB
Cached:           654832 kB
MemTotal:        1844596 kB
MemFree:          941740 kB
MemAvailable:    1526572 kB
Buffers:           32152 kB
Cached:           654836 kB
MemTotal:        1844596 kB
MemFree:          942932 kB
MemAvailable:    1527764 kB
Buffers:           32152 kB
Cached:           654836 kB
MemTotal:        1844596 kB
MemFree:          942228 kB
MemAvailable:    1527060 kB
Buffers:           32152 kB
Cached:           654836 kB
MemTotal:        1844596 kB
MemFree:          942564 kB
MemAvailable:    1527396 kB
Buffers:           32152 kB
Cached:           654836 kB
MemTotal:        1844596 kB
MemFree:          940996 kB
MemAvailable:    1525828 kB
Buffers:           32152 kB
Cached:           654836 kB
MemTotal:        1844596 kB
MemFree:          941188 kB
MemAvailable:    1526020 kB
Buffers:           32152 kB
Cached:           654836 kB
MemTotal:        1844596 kB
MemFree:          941100 kB
MemAvailable:    1525932 kB
Buffers:           32152 kB
Cached:           654836 kB
MemTotal:        1844596 kB
MemFree:          939880 kB
MemAvailable:    1524712 kB
Buffers:           32152 kB
Cached:           654836 kB
MemTotal:        1844596 kB
MemFree:          940444 kB
MemAvailable:    1525276 kB
Buffers:           32152 kB
Cached:           654836 kB
MemTotal:        1844596 kB
MemFree:          940444 kB
MemAvailable:    1525276 kB
Buffers:           32152 kB
Cached:           654836 kB
MemTotal:        1844596 kB
MemFree:          940696 kB
MemAvailable:    1525528 kB
Buffers:           32152 kB
Cached:           654836 kB
MemTotal:        1844596 kB
MemFree:          938888 kB
MemAvailable:    1523720 kB
Buffers:           32152 kB
Cached:           654836 kB
MemTotal:        1844596 kB
MemFree:          939144 kB
MemAvailable:    1523976 kB
Buffers:           32152 kB
Cached:           654836 kB
MemTotal:        1844596 kB
MemFree:          939744 kB
MemAvailable:    1524576 kB
Buffers:           32152 kB
Cached:           654836 kB
MemTotal:        1844596 kB
MemFree:          940000 kB
MemAvailable:    1524832 kB
Buffers:           32152 kB
Cached:           654836 kB
MemTotal:        1844596 kB
MemFree:          940056 kB
MemAvailable:    1524888 kB
Buffers:           32152 kB
Cached:           654836 kB
MemTotal:        1844596 kB
MemFree:          939948 kB
MemAvailable:    1524780 kB
Buffers:           32152 kB
Cached:           654836 kB
MemTotal:        1844596 kB
MemFree:          939144 kB
MemAvailable:    1523976 kB
Buffers:           32152 kB
Cached:           654836 kB
MemTotal:        1844596 kB
MemFree:          939700 kB
MemAvailable:    1524532 kB
Buffers:           32152 kB
Cached:           654836 kB
MemTotal:        1844596 kB
MemFree:          939952 kB
MemAvailable:    1524784 kB
Buffers:           32152 kB
Cached:           654836 kB
MemTotal:        1844596 kB
MemFree:          939928 kB
MemAvailable:    1524760 kB
Buffers:           32152 kB
Cached:           654836 kB
MemTotal:        1844596 kB
MemFree:          939576 kB
MemAvailable:    1524408 kB
Buffers:           32152 kB
Cached:           654836 kB
MemTotal:        1844596 kB
MemFree:          938268 kB
MemAvailable:    1523100 kB
Buffers:           32152 kB
Cached:           654836 kB
MemTotal:        1844596 kB
MemFree:          936036 kB
MemAvailable:    1520868 kB
Buffers:           32152 kB
Cached:           654836 kB
MemTotal:        1844596 kB
MemFree:          936036 kB
MemAvailable:    1520868 kB
Buffers:           32152 kB
Cached:           654836 kB
MemTotal:        1844596 kB
MemFree:          934548 kB
MemAvailable:    1519380 kB
Buffers:           32152 kB
Cached:           654836 kB
MemTotal:        1844596 kB
MemFree:          934548 kB
MemAvailable:    1519380 kB
Buffers:           32152 kB
Cached:           654836 kB
MemTotal:        1844596 kB
MemFree:          934112 kB
MemAvailable:    1518944 kB
Buffers:           32152 kB
Cached:           654836 kB
MemTotal:        1844596 kB
MemFree:          934448 kB
MemAvailable:    1519280 kB
Buffers:           32152 kB
Cached:           654836 kB
MemTotal:        1844596 kB
MemFree:          933980 kB
MemAvailable:    1518812 kB
Buffers:           32152 kB
Cached:           654836 kB
MemTotal:        1844596 kB
MemFree:          934232 kB
MemAvailable:    1519064 kB
Buffers:           32152 kB
Cached:           654836 kB
MemTotal:        1844596 kB
MemFree:          933856 kB
MemAvailable:    1518688 kB
Buffers:           32152 kB
Cached:           654836 kB
MemTotal:        1844596 kB
MemFree:          933988 kB
MemAvailable:    1518820 kB
Buffers:           32152 kB
Cached:           654836 kB
MemTotal:        1844596 kB
MemFree:          933900 kB
MemAvailable:    1518732 kB
Buffers:           32152 kB
Cached:           654836 kB
MemTotal:        1844596 kB
MemFree:          933872 kB
MemAvailable:    1518704 kB
Buffers:           32152 kB
Cached:           654836 kB
MemTotal:        1844596 kB
MemFree:          932648 kB
MemAvailable:    1517480 kB
Buffers:           32152 kB
Cached:           654836 kB
MemTotal:        1844596 kB
MemFree:          933692 kB
MemAvailable:    1518524 kB
Buffers:           32152 kB
Cached:           654836 kB
MemTotal:        1844596 kB
MemFree:          933632 kB
MemAvailable:    1518464 kB
Buffers:           32152 kB
Cached:           654836 kB
MemTotal:        1844596 kB
MemFree:          933756 kB
MemAvailable:    1518588 kB
Buffers:           32152 kB
Cached:           654836 kB
MemTotal:        1844596 kB
MemFree:          932820 kB
MemAvailable:    1517652 kB
Buffers:           32152 kB
Cached:           654836 kB
MemTotal:        1844596 kB
MemFree:          932624 kB
MemAvailable:    1517456 kB
Buffers:           32152 kB
Cached:           654836 kB
MemTotal:        1844596 kB
MemFree:          930216 kB
MemAvailable:    1515048 kB
Buffers:           32152 kB
Cached:           654836 kB
MemTotal:        1844596 kB
MemFree:          930592 kB
MemAvailable:    1515424 kB
Buffers:           32152 kB
Cached:           654836 kB
MemTotal:        1844596 kB
MemFree:          930592 kB
MemAvailable:    1515424 kB
Buffers:           32152 kB
Cached:           654836 kB
MemTotal:        1844596 kB
MemFree:          930712 kB
MemAvailable:    1515544 kB
Buffers:           32152 kB
Cached:           654836 kB
MemTotal:        1844596 kB
MemFree:          930624 kB
MemAvailable:    1515456 kB
Buffers:           32152 kB
Cached:           654836 kB
MemTotal:        1844596 kB
MemFree:          930340 kB
MemAvailable:    1515172 kB
Buffers:           32152 kB
Cached:           654836 kB
MemTotal:        1844596 kB
MemFree:          930436 kB
MemAvailable:    1515268 kB
Buffers:           32152 kB
Cached:           654836 kB
MemTotal:        1844596 kB
MemFree:          930604 kB
MemAvailable:    1515436 kB
Buffers:           32152 kB
Cached:           654836 kB
MemTotal:        1844596 kB
MemFree:          931376 kB
MemAvailable:    1516208 kB
Buffers:           32152 kB
Cached:           654836 kB
MemTotal:        1844596 kB
MemFree:          931492 kB
MemAvailable:    1516324 kB
Buffers:           32152 kB
Cached:           654836 kB
MemTotal:        1844596 kB
MemFree:          932476 kB
MemAvailable:    1517476 kB
Buffers:           32152 kB
Cached:           655084 kB
MemTotal:        1844596 kB
MemFree:          932268 kB
MemAvailable:    1517268 kB
Buffers:           32152 kB
Cached:           655084 kB
MemTotal:        1844596 kB
MemFree:          932192 kB
MemAvailable:    1517360 kB
Buffers:           32152 kB
Cached:           655208 kB
MemTotal:        1844596 kB
MemFree:          930928 kB
MemAvailable:    1516096 kB
Buffers:           32160 kB
Cached:           655324 kB
MemTotal:        1844596 kB
MemFree:          931944 kB
MemAvailable:    1517312 kB
Buffers:           32164 kB
Cached:           655400 kB
MemTotal:        1844596 kB
MemFree:          932028 kB
MemAvailable:    1517480 kB
Buffers:           32164 kB
Cached:           655400 kB
MemTotal:        1844596 kB
MemFree:          930540 kB
MemAvailable:    1515992 kB
Buffers:           32164 kB
Cached:           655400 kB
MemTotal:        1844596 kB
MemFree:          930540 kB
MemAvailable:    1515992 kB
Buffers:           32164 kB
Cached:           655524 kB
MemTotal:        1844596 kB
MemFree:          930532 kB
MemAvailable:    1515984 kB
Buffers:           32164 kB
Cached:           655524 kB
MemTotal:        1844596 kB
MemFree:          930664 kB
MemAvailable:    1516116 kB
Buffers:           32164 kB
Cached:           655524 kB
MemTotal:        1844596 kB
MemFree:          931964 kB
MemAvailable:    1517416 kB
Buffers:           32164 kB
Cached:           655524 kB
MemTotal:        1844596 kB
MemFree:          931904 kB
MemAvailable:    1517356 kB
Buffers:           32164 kB
Cached:           655524 kB
MemTotal:        1844596 kB
MemFree:          931964 kB
MemAvailable:    1517416 kB
Buffers:           32164 kB
Cached:           655524 kB
MemTotal:        1844596 kB
MemFree:          930960 kB
MemAvailable:    1516496 kB
Buffers:           32164 kB
Cached:           655524 kB
MemTotal:        1844596 kB
MemFree:          930564 kB
MemAvailable:    1515428 kB
Buffers:           32164 kB
Cached:           654852 kB
MemTotal:        1844596 kB
MemFree:         1000908 kB
MemAvailable:    1585772 kB
Buffers:           32164 kB
Cached:           654852 kB
