MemTotal:        1844596 kB
MemFree:          833644 kB
MemAvailable:    1541428 kB
Buffers:           48788 kB
Cached:           768916 kB
MemTotal:        1844596 kB
MemFree:          831288 kB
MemAvailable:    1539072 kB
Buffers:           48788 kB
Cached:           768916 kB
MemTotal:        1844596 kB
MemFree:          827816 kB
MemAvailable:    1535600 kB
Buffers:           48788 kB
Cached:           768916 kB
MemTotal:        1844596 kB
MemFree:          828188 kB
MemAvailable:    1535972 kB
Buffers:           48788 kB
Cached:           768916 kB
MemTotal:        1844596 kB
MemFree:          827752 kB
MemAvailable:    1535536 kB
Buffers:           48788 kB
Cached:           768916 kB
MemTotal:        1844596 kB
MemFree:          827628 kB
MemAvailable:    1535416 kB
Buffers:           48788 kB
Cached:           768920 kB
MemTotal:        1844596 kB
MemFree:          826336 kB
MemAvailable:    1534124 kB
Buffers:           48788 kB
Cached:           768920 kB
MemTotal:        1844596 kB
MemFree:          821104 kB
MemAvailable:    1528892 kB
Buffers:           48788 kB
Cached:           768920 kB
MemTotal:        1844596 kB
MemFree:          821104 kB
MemAvailable:    1528892 kB
Buffers:           48788 kB
Cached:           768920 kB
MemTotal:        1844596 kB
MemFree:          817712 kB
MemAvailable:    1525500 kB
Buffers:           48788 kB
Cached:           768920 kB
MemTotal:        1844596 kB
MemFree:          817964 kB
MemAvailable:    1525752 kB
Buffers:           48788 kB
Cached:           768920 kB
MemTotal:        1844596 kB
MemFree:          817584 kB
MemAvailable:    1525372 kB
Buffers:           48788 kB
Cached:           768920 kB
MemTotal:        1844596 kB
MemFree:          816892 kB
MemAvailable:    1524680 kB
Buffers:           48788 kB
Cached:           768920 kB
MemTotal:        1844596 kB
MemFree:          817568 kB
MemAvailable:    1525356 kB
Buffers:           48788 kB
Cached:           768920 kB
MemTotal:        1844596 kB
MemFree:          817736 kB
MemAvailable:    1525524 kB
Buffers:           48788 kB
Cached:           768920 kB
MemTotal:        1844596 kB
MemFree:          817648 kB
MemAvailable:    1525436 kB
Buffers:           48788 kB
Cached:           768920 kB
MemTotal:        1844596 kB
MemFree:          816348 kB
MemAvailable:    1524136 kB
Buffers:           48788 kB
Cached:           768920 kB
MemTotal:        1844596 kB
MemFree:          815292 kB
MemAvailable:    1523080 kB
Buffers:           48788 kB
Cached:           768920 kB
MemTotal:        1844596 kB
MemFree:          815276 kB
MemAvailable:    1523064 kB
Buffers:           48788 kB
Cached:           768920 kB
MemTotal:        1844596 kB
MemFree:          815360 kB
MemAvailable:    1523148 kB
Buffers:           48788 kB
Cached:           768920 kB
MemTotal:        1844596 kB
MemFree:          813992 kB
MemAvailable:    1521780 kB
Buffers:           48788 kB
Cached:           768920 kB
MemTotal:        1844596 kB
MemFree:          815220 kB
MemAvailable:    1523008 kB
Buffers:           48788 kB
Cached:           768920 kB
MemTotal:        1844596 kB
MemFree:          815472 kB
MemAvailable:    1523260 kB
Buffers:           48788 kB
Cached:           768920 kB
MemTotal:        1844596 kB
MemFree:          815164 kB
MemAvailable:    1522952 kB
Buffers:           48788 kB
Cached:           768920 kB
MemTotal:        1844596 kB
MemFree:          815172 kB
MemAvailable:    1522960 kB
Buffers:           48788 kB
Cached:           768920 kB
MemTotal:        1844596 kB
MemFree:          815096 kB
MemAvailable:    1522884 kB
Buffers:           48788 kB
Cached:           768920 kB
MemTotal:        1844596 kB
MemFree:          815348 kB
MemAvailable:    1523136 kB
Buffers:           48788 kB
Cached:           768920 kB
MemTotal:        1844596 kB
MemFree:          813864 kB
MemAvailable:    1521652 kB
Buffers:           48788 kB
Cached:           768920 kB
MemTotal:        1844596 kB
MemFree:          816576 kB
MemAvailable:    1524364 kB
Buffers:           48788 kB
Cached:           768920 kB
MemTotal:        1844596 kB
MemFree:          816344 kB
MemAvailable:    1524132 kB
Buffers:           48788 kB
Cached:           768920 kB
MemTotal:        1844596 kB
MemFree:          816260 kB
MemAvailable:    1524048 kB
Buffers:           48788 kB
Cached:           768920 kB
MemTotal:        1844596 kB
MemFree:          814228 kB
MemAvailable:    1522016 kB
Buffers:           48788 kB
Cached:           768920 kB
MemTotal:        1844596 kB
MemFree:          813060 kB
MemAvailable:    1520848 kB
Buffers:           48788 kB
Cached:           768920 kB
MemTotal:        1844596 kB
MemFree:          812200 kB
MemAvailable:    1519988 kB
Buffers:           48788 kB
Cached:           768920 kB
MemTotal:        1844596 kB
MemFree:          812688 kB
MemAvailable:    1520480 kB
Buffers:           48788 kB
Cached:           768924 kB
MemTotal:        1844596 kB
MemFree:          811200 kB
MemAvailable:    1518992 kB
Buffers:           48788 kB
Cached:           768924 kB
MemTotal:        1844596 kB
MemFree:          811748 kB
MemAvailable:    1519540 kB
Buffers:           48788 kB
Cached:           768924 kB
MemTotal:        1844596 kB
MemFree:          812084 kB
MemAvailable:    1519876 kB
Buffers:           48788 kB
Cached:           768924 kB
MemTotal:        1844596 kB
MemFree:          811324 kB
MemAvailable:    1519116 kB
Buffers:           48788 kB
Cached:           768924 kB
MemTotal:        1844596 kB
MemFree:          810928 kB
MemAvailable:    1518720 kB
Buffers:           48788 kB
Cached:           768924 kB
MemTotal:        1844596 kB
MemFree:          811264 kB
MemAvailable:    1519056 kB
Buffers:           48788 kB
Cached:           768924 kB
MemTotal:        1844596 kB
MemFree:          811072 kB
MemAvailable:    1518864 kB
Buffers:           48788 kB
Cached:           768924 kB
MemTotal:        1844596 kB
MemFree:          811000 kB
MemAvailable:    1518792 kB
Buffers:           48788 kB
Cached:           768924 kB
MemTotal:        1844596 kB
MemFree:          811000 kB
MemAvailable:    1518792 kB
Buffers:           48788 kB
Cached:           768924 kB
MemTotal:        1844596 kB
MemFree:          810896 kB
MemAvailable:    1518688 kB
Buffers:           48788 kB
Cached:           768924 kB
MemTotal:        1844596 kB
MemFree:          810824 kB
MemAvailable:    1518616 kB
Buffers:           48788 kB
Cached:           768924 kB
MemTotal:        1844596 kB
MemFree:          809392 kB
MemAvailable:    1517184 kB
Buffers:           48788 kB
Cached:           768924 kB
MemTotal:        1844596 kB
MemFree:          809936 kB
MemAvailable:    1517728 kB
Buffers:           48788 kB
Cached:           768924 kB
MemTotal:        1844596 kB
MemFree:          809936 kB
MemAvailable:    1517728 kB
Buffers:           48788 kB
Cached:           768924 kB
MemTotal:        1844596 kB
MemFree:          808820 kB
MemAvailable:    1516612 kB
Buffers:           48788 kB
Cached:           768924 kB
MemTotal:        1844596 kB
MemFree:          808952 kB
MemAvailable:    1516744 kB
Buffers:           48788 kB
Cached:           768924 kB
MemTotal:        1844596 kB
MemFree:          808696 kB
MemAvailable:    1516488 kB
Buffers:           48788 kB
Cached:           768924 kB
MemTotal:        1844596 kB
MemFree:          808820 kB
MemAvailable:    1516612 kB
Buffers:           48788 kB
Cached:           768924 kB
MemTotal:        1844596 kB
MemFree:          810120 kB
MemAvailable:    1517912 kB
Buffers:           48788 kB
Cached:           768924 kB
MemTotal:        1844596 kB
MemFree:          809880 kB
MemAvailable:    1517672 kB
Buffers:           48788 kB
Cached:           768924 kB
MemTotal:        1844596 kB
MemFree:          810136 kB
MemAvailable:    1517928 kB
Buffers:           48788 kB
Cached:           768924 kB
MemTotal:        1844596 kB
MemFree:          809868 kB
MemAvailable:    1517660 kB
Buffers:           48788 kB
Cached:           768924 kB
MemTotal:        1844596 kB
MemFree:          809868 kB
MemAvailable:    1517660 kB
Buffers:           48788 kB
Cached:           768924 kB
MemTotal:        1844596 kB
MemFree:          809812 kB
MemAvailable:    1517604 kB
Buffers:           48788 kB
Cached:           768924 kB
MemTotal:        1844596 kB
MemFree:          809812 kB
MemAvailable:    1517604 kB
Buffers:           48788 kB
Cached:           768924 kB
MemTotal:        1844596 kB
MemFree:          809392 kB
MemAvailable:    1517184 kB
Buffers:           48788 kB
Cached:           768924 kB
MemTotal:        1844596 kB
MemFree:          809728 kB
MemAvailable:    1517520 kB
Buffers:           48788 kB
Cached:           768924 kB
MemTotal:        1844596 kB
MemFree:          808152 kB
MemAvailable:    1515944 kB
Buffers:           48788 kB
Cached:           768924 kB
MemTotal:        1844596 kB
MemFree:          808408 kB
MemAvailable:    1516200 kB
Buffers:           48788 kB
Cached:           768924 kB
MemTotal:        1844596 kB
MemFree:          808064 kB
MemAvailable:    1515856 kB
Buffers:           48788 kB
Cached:           768924 kB
MemTotal:        1844596 kB
MemFree:          809372 kB
MemAvailable:    1517164 kB
Buffers:           48788 kB
Cached:           768924 kB
MemTotal:        1844596 kB
MemFree:          809172 kB
MemAvailable:    1516964 kB
Buffers:           48788 kB
Cached:           768924 kB
MemTotal:        1844596 kB
MemFree:          809172 kB
MemAvailable:    1516964 kB
Buffers:           48788 kB
Cached:           768924 kB
MemTotal:        1844596 kB
MemFree:          809340 kB
MemAvailable:    1517132 kB
Buffers:           48788 kB
Cached:           768924 kB
MemTotal:        1844596 kB
MemFree:          809176 kB
MemAvailable:    1516968 kB
Buffers:           48788 kB
Cached:           768924 kB
MemTotal:        1844596 kB
MemFree:          809232 kB
MemAvailable:    1517024 kB
Buffers:           48788 kB
Cached:           768924 kB
MemTotal:        1844596 kB
MemFree:          807924 kB
MemAvailable:    1515716 kB
Buffers:           48788 kB
Cached:           768924 kB
MemTotal:        1844596 kB
MemFree:          807800 kB
MemAvailable:    1515592 kB
Buffers:           48788 kB
Cached:           768924 kB
MemTotal:        1844596 kB
MemFree:          807224 kB
MemAvailable:    1515016 kB
Buffers:           48788 kB
Cached:           768924 kB
MemTotal:        1844596 kB
MemFree:          806612 kB
MemAvailable:    1514404 kB
Buffers:           48788 kB
Cached:           768924 kB
MemTotal:        1844596 kB
MemFree:          804440 kB
MemAvailable:    1512232 kB
Buffers:           48788 kB
Cached:           768924 kB
MemTotal:        1844596 kB
MemFree:          801512 kB
MemAvailable:    1509304 kB
Buffers:           48788 kB
Cached:           768924 kB
MemTotal:        1844596 kB
MemFree:          801512 kB
MemAvailable:    1509304 kB
Buffers:           48788 kB
Cached:           768924 kB
MemTotal:        1844596 kB
MemFree:          801560 kB
MemAvailable:    1509352 kB
Buffers:           48788 kB
Cached:           768924 kB
MemTotal:        1844596 kB
MemFree:          801108 kB
MemAvailable:    1508900 kB
Buffers:           48788 kB
Cached:           768924 kB
MemTotal:        1844596 kB
MemFree:          801364 kB
MemAvailable:    1509156 kB
Buffers:           48788 kB
Cached:           768924 kB
MemTotal:        1844596 kB
MemFree:          799860 kB
MemAvailable:    1507652 kB
Buffers:           48788 kB
Cached:           768924 kB
MemTotal:        1844596 kB
MemFree:          801024 kB
MemAvailable:    1508820 kB
Buffers:           48788 kB
Cached:           768928 kB
MemTotal:        1844596 kB
MemFree:          801280 kB
MemAvailable:    1509076 kB
Buffers:           48788 kB
Cached:           768928 kB
MemTotal:        1844596 kB
MemFree:          800240 kB
MemAvailable:    1508036 kB
Buffers:           48788 kB
Cached:           768928 kB
MemTotal:        1844596 kB
MemFree:          801140 kB
MemAvailable:    1508936 kB
Buffers:           48788 kB
Cached:           768928 kB
MemTotal:        1844596 kB
MemFree:          800908 kB
MemAvailable:    1508704 kB
Buffers:           48788 kB
Cached:           768928 kB
MemTotal:        1844596 kB
MemFree:          801268 kB
MemAvailable:    1509064 kB
Buffers:           48788 kB
Cached:           768928 kB
MemTotal:        1844596 kB
MemFree:          801016 kB
MemAvailable:    1508812 kB
Buffers:           48788 kB
Cached:           768928 kB
MemTotal:        1844596 kB
MemFree:          801268 kB
MemAvailable:    1509064 kB
Buffers:           48788 kB
Cached:           768928 kB
MemTotal:        1844596 kB
MemFree:          799896 kB
MemAvailable:    1507692 kB
Buffers:           48788 kB
Cached:           768928 kB
MemTotal:        1844596 kB
MemFree:          801336 kB
MemAvailable:    1509132 kB
Buffers:           48788 kB
Cached:           768928 kB
MemTotal:        1844596 kB
MemFree:          800644 kB
MemAvailable:    1508440 kB
Buffers:           48788 kB
Cached:           768928 kB
MemTotal:        1844596 kB
MemFree:          800412 kB
MemAvailable:    1508208 kB
Buffers:           48788 kB
Cached:           768928 kB
MemTotal:        1844596 kB
MemFree:          800284 kB
MemAvailable:    1508080 kB
Buffers:           48788 kB
Cached:           768928 kB
MemTotal:        1844596 kB
MemFree:          798860 kB
MemAvailable:    1506656 kB
Buffers:           48788 kB
Cached:           768928 kB
MemTotal:        1844596 kB
MemFree:          799852 kB
MemAvailable:    1507648 kB
Buffers:           48788 kB
Cached:           768928 kB
MemTotal:        1844596 kB
MemFree:          799792 kB
MemAvailable:    1507588 kB
Buffers:           48788 kB
Cached:           768928 kB
MemTotal:        1844596 kB
MemFree:          799588 kB
MemAvailable:    1507384 kB
Buffers:           48788 kB
Cached:           768928 kB
MemTotal:        1844596 kB
MemFree:          798428 kB
MemAvailable:    1506224 kB
Buffers:           48788 kB
Cached:           768928 kB
MemTotal:        1844596 kB
MemFree:          798420 kB
MemAvailable:    1506216 kB
Buffers:           48788 kB
Cached:           768928 kB
MemTotal:        1844596 kB
MemFree:          798676 kB
MemAvailable:    1506472 kB
Buffers:           48788 kB
Cached:           768928 kB
MemTotal:        1844596 kB
MemFree:          797048 kB
MemAvailable:    1504844 kB
Buffers:           48788 kB
Cached:           768928 kB
MemTotal:        1844596 kB
MemFree:          797808 kB
MemAvailable:    1505604 kB
Buffers:           48788 kB
Cached:           768928 kB
MemTotal:        1844596 kB
MemFree:          797760 kB
MemAvailable:    1505556 kB
Buffers:           48788 kB
Cached:           768928 kB
MemTotal:        1844596 kB
MemFree:          797288 kB
MemAvailable:    1505084 kB
Buffers:           48788 kB
Cached:           768928 kB
MemTotal:        1844596 kB
MemFree:          795884 kB
MemAvailable:    1503680 kB
Buffers:           48788 kB
Cached:           768928 kB
MemTotal:        1844596 kB
MemFree:          796132 kB
MemAvailable:    1503928 kB
Buffers:           48788 kB
Cached:           768928 kB
MemTotal:        1844596 kB
MemFree:          796008 kB
MemAvailable:    1503804 kB
Buffers:           48788 kB
Cached:           768928 kB
MemTotal:        1844596 kB
MemFree:          797044 kB
MemAvailable:    1504840 kB
Buffers:           48788 kB
Cached:           768928 kB
MemTotal:        1844596 kB
MemFree:          797116 kB
MemAvailable:    1504912 kB
Buffers:           48788 kB
Cached:           768928 kB
MemTotal:        1844596 kB
MemFree:          797144 kB
MemAvailable:    1504940 kB
Buffers:           48788 kB
Cached:           768928 kB
MemTotal:        1844596 kB
MemFree:          797144 kB
MemAvailable:    1504940 kB
Buffers:           48788 kB
Cached:           768928 kB
MemTotal:        1844596 kB
MemFree:          797632 kB
MemAvailable:    1505428 kB
Buffers:           48788 kB
Cached:           768928 kB
MemTotal:        1844596 kB
MemFree:          795824 kB
MemAvailable:    1503620 kB
Buffers:           48788 kB
Cached:           768928 kB
MemTotal:        1844596 kB
MemFree:          796736 kB
MemAvailable:    1504532 kB
Buffers:           48788 kB
Cached:           768928 kB
MemTotal:        1844596 kB
MemFree:          795560 kB
MemAvailable:    1503356 kB
Buffers:           48788 kB
Cached:           768928 kB
MemTotal:        1844596 kB
MemFree:          791980 kB
MemAvailable:    1499776 kB
Buffers:           48788 kB
Cached:           768928 kB
MemTotal:        1844596 kB
MemFree:          791848 kB
MemAvailable:    1499644 kB
Buffers:           48788 kB
Cached:           768928 kB
MemTotal:        1844596 kB
MemFree:          792096 kB
MemAvailable:    1499892 kB
Buffers:           48788 kB
Cached:           768928 kB
MemTotal:        1844596 kB
MemFree:          791600 kB
MemAvailable:    1499396 kB
Buffers:           48788 kB
Cached:           768928 kB
MemTotal:        1844596 kB
MemFree:          791600 kB
MemAvailable:    1499396 kB
Buffers:           48788 kB
Cached:           768928 kB
MemTotal:        1844596 kB
MemFree:          791344 kB
MemAvailable:    1499140 kB
Buffers:           48788 kB
Cached:           768928 kB
MemTotal:        1844596 kB
MemFree:          791436 kB
MemAvailable:    1499232 kB
Buffers:           48788 kB
Cached:           768928 kB
MemTotal:        1844596 kB
MemFree:          791300 kB
MemAvailable:    1499096 kB
Buffers:           48788 kB
Cached:           768928 kB
MemTotal:        1844596 kB
MemFree:          791300 kB
MemAvailable:    1499096 kB
Buffers:           48788 kB
Cached:           768928 kB
MemTotal:        1844596 kB
MemFree:          791484 kB
MemAvailable:    1499280 kB
Buffers:           48788 kB
Cached:           768928 kB
MemTotal:        1844596 kB
MemFree:          791028 kB
MemAvailable:    1498824 kB
Buffers:           48788 kB
Cached:           768928 kB
MemTotal:        1844596 kB
MemFree:          791364 kB
MemAvailable:    1499160 kB
Buffers:           48788 kB
Cached:           768928 kB
MemTotal:        1844596 kB
MemFree:          790112 kB
MemAvailable:    1497908 kB
Buffers:           48788 kB
Cached:           768928 kB
MemTotal:        1844596 kB
MemFree:          790448 kB
MemAvailable:    1498244 kB
Buffers:           48788 kB
Cached:           768928 kB
MemTotal:        1844596 kB
MemFree:          788128 kB
MemAvailable:    1495924 kB
Buffers:           48788 kB
Cached:           768928 kB
MemTotal:        1844596 kB
MemFree:          788188 kB
MemAvailable:    1495984 kB
Buffers:           48788 kB
Cached:           768928 kB
MemTotal:        1844596 kB
MemFree:          786964 kB
MemAvailable:    1494760 kB
Buffers:           48788 kB
Cached:           768928 kB
MemTotal:        1844596 kB
MemFree:          787940 kB
MemAvailable:    1495736 kB
Buffers:           48788 kB
Cached:           768928 kB
MemTotal:        1844596 kB
MemFree:          787464 kB
MemAvailable:    1495260 kB
Buffers:           48788 kB
Cached:           768928 kB
MemTotal:        1844596 kB
MemFree:          787516 kB
MemAvailable:    1495320 kB
Buffers:           48788 kB
Cached:           768936 kB
MemTotal:        1844596 kB
MemFree:          788568 kB
MemAvailable:    1496372 kB
Buffers:           48788 kB
Cached:           768936 kB
MemTotal:        1844596 kB
MemFree:          790328 kB
MemAvailable:    1498132 kB
Buffers:           48788 kB
Cached:           768936 kB
MemTotal:        1844596 kB
MemFree:          789376 kB
MemAvailable:    1497180 kB
Buffers:           48788 kB
Cached:           768936 kB
MemTotal:        1844596 kB
MemFree:          790104 kB
MemAvailable:    1497992 kB
Buffers:           48788 kB
Cached:           769060 kB
MemTotal:        1844596 kB
MemFree:          790104 kB
MemAvailable:    1498076 kB
Buffers:           48788 kB
Cached:           769060 kB
MemTotal:        1844596 kB
MemFree:          789732 kB
MemAvailable:    1497788 kB
Buffers:           48788 kB
Cached:           769308 kB
MemTotal:        1844596 kB
MemFree:          789792 kB
MemAvailable:    1498016 kB
Buffers:           48788 kB
Cached:           769308 kB
MemTotal:        1844596 kB
MemFree:          789468 kB
MemAvailable:    1497776 kB
Buffers:           48788 kB
Cached:           769432 kB
MemTotal:        1844596 kB
MemFree:          789352 kB
MemAvailable:    1497660 kB
Buffers:           48788 kB
Cached:           769432 kB
MemTotal:        1844596 kB
MemFree:          789200 kB
MemAvailable:    1497592 kB
Buffers:           48788 kB
Cached:           769556 kB
MemTotal:        1844596 kB
MemFree:          788352 kB
MemAvailable:    1496744 kB
Buffers:           48788 kB
Cached:           769556 kB
MemTotal:        1844596 kB
MemFree:          789280 kB
MemAvailable:    1497756 kB
Buffers:           48788 kB
Cached:           769556 kB
MemTotal:        1844596 kB
MemFree:          789620 kB
MemAvailable:    1498096 kB
Buffers:           48788 kB
Cached:           769556 kB
MemTotal:        1844596 kB
MemFree:          789224 kB
MemAvailable:    1497700 kB
Buffers:           48788 kB
Cached:           769556 kB
MemTotal:        1844596 kB
MemFree:          789392 kB
MemAvailable:    1497868 kB
Buffers:           48788 kB
Cached:           769556 kB
MemTotal:        1844596 kB
MemFree:          789376 kB
MemAvailable:    1497852 kB
Buffers:           48788 kB
Cached:           769556 kB
MemTotal:        1844596 kB
MemFree:          789436 kB
MemAvailable:    1497912 kB
Buffers:           48788 kB
Cached:           769556 kB
MemTotal:        1844596 kB
MemFree:          789388 kB
MemAvailable:    1497864 kB
Buffers:           48788 kB
Cached:           769556 kB
MemTotal:        1844596 kB
MemFree:          789428 kB
MemAvailable:    1497316 kB
Buffers:           48788 kB
Cached:           768924 kB
MemTotal:        1844596 kB
MemFree:          854532 kB
MemAvailable:    1562420 kB
Buffers:           48788 kB
Cached:           768924 kB
MemTotal:        1844596 kB
MemFree:          857320 kB
MemAvailable:    1565208 kB
Buffers:           48788 kB
Cached:           768924 kB
