MemTotal:        1844596 kB
MemFree:          662212 kB
MemAvailable:    1525520 kB
Buffers:           64700 kB
Cached:           895756 kB
MemTotal:        1844596 kB
MemFree:          660956 kB
MemAvailable:    1524272 kB
Buffers:           64700 kB
Cached:           895760 kB
MemTotal:        1844596 kB
MemFree:          661040 kB
MemAvailable:    1524356 kB
Buffers:           64700 kB
Cached:           895760 kB
MemTotal:        1844596 kB
MemFree:          658740 kB
MemAvailable:    1522056 kB
Buffers:           64700 kB
Cached:           895760 kB
MemTotal:        1844596 kB
MemFree:          659856 kB
MemAvailable:    1523172 kB
Buffers:           64700 kB
Cached:           895760 kB
MemTotal:        1844596 kB
MemFree:          658244 kB
MemAvailable:    1521560 kB
Buffers:           64700 kB
Cached:           895760 kB
MemTotal:        1844596 kB
MemFree:          656072 kB
MemAvailable:    1519388 kB
Buffers:           64700 kB
Cached:           895760 kB
MemTotal:        1844596 kB
MemFree:          653036 kB
MemAvailable:    1516352 kB
Buffers:           64700 kB
Cached:           895760 kB
MemTotal:        1844596 kB
MemFree:          648564 kB
MemAvailable:    1511880 kB
Buffers:           64700 kB
Cached:           895760 kB
MemTotal:        1844596 kB
MemFree:          648084 kB
MemAvailable:    1511400 kB
Buffers:           64700 kB
Cached:           895760 kB
MemTotal:        1844596 kB
MemFree:          649564 kB
MemAvailable:    1512880 kB
Buffers:           64700 kB
Cached:           895760 kB
MemTotal:        1844596 kB
MemFree:          648448 kB
MemAvailable:    1511764 kB
Buffers:           64700 kB
Cached:           895760 kB
MemTotal:        1844596 kB
MemFree:          649896 kB
MemAvailable:    1513212 kB
Buffers:           64700 kB
Cached:           895760 kB
MemTotal:        1844596 kB
MemFree:          649368 kB
MemAvailable:    1512684 kB
Buffers:           64700 kB
Cached:           895760 kB
MemTotal:        1844596 kB
MemFree:          649704 kB
MemAvailable:    1513020 kB
Buffers:           64700 kB
Cached:           895760 kB
MemTotal:        1844596 kB
MemFree:          648184 kB
MemAvailable:    1511500 kB
Buffers:           64700 kB
Cached:           895760 kB
MemTotal:        1844596 kB
MemFree:          648520 kB
MemAvailable:    1511836 kB
Buffers:           64700 kB
Cached:           895760 kB
MemTotal:        1844596 kB
MemFree:          647332 kB
MemAvailable:    1510648 kB
Buffers:           64700 kB
Cached:           895760 kB
MemTotal:        1844596 kB
MemFree:          646044 kB
MemAvailable:    1509360 kB
Buffers:           64700 kB
Cached:           895760 kB
MemTotal:        1844596 kB
MemFree:          645956 kB
MemAvailable:    1509272 kB
Buffers:           64700 kB
Cached:           895760 kB
MemTotal:        1844596 kB
MemFree:          647320 kB
MemAvailable:    1510636 kB
Buffers:           64700 kB
Cached:           895760 kB
MemTotal:        1844596 kB
MemFree:          646216 kB
MemAvailable:    1509532 kB
Buffers:           64700 kB
Cached:           895760 kB
MemTotal:        1844596 kB
MemFree:          647120 kB
MemAvailable:    1510436 kB
Buffers:           64700 kB
Cached:           895760 kB
MemTotal:        1844596 kB
MemFree:          647456 kB
MemAvailable:    1510772 kB
Buffers:           64700 kB
Cached:           895760 kB
MemTotal:        1844596 kB
MemFree:          647392 kB
MemAvailable:    1510708 kB
Buffers:           64700 kB
Cached:           895760 kB
MemTotal:        1844596 kB
MemFree:          648112 kB
MemAvailable:    1511428 kB
Buffers:           64700 kB
Cached:           895760 kB
MemTotal:        1844596 kB
MemFree:          648448 kB
MemAvailable:    1511764 kB
Buffers:           64700 kB
Cached:           895760 kB
MemTotal:        1844596 kB
MemFree:          648372 kB
MemAvailable:    1511688 kB
Buffers:           64700 kB
Cached:           895760 kB
MemTotal:        1844596 kB
MemFree:          646464 kB
MemAvailable:    1509780 kB
Buffers:           64700 kB
Cached:           895760 kB
MemTotal:        1844596 kB
MemFree:          645036 kB
MemAvailable:    1508352 kB
Buffers:           64700 kB
Cached:           895760 kB
MemTotal:        1844596 kB
MemFree:          645012 kB
MemAvailable:    1508328 kB
Buffers:           64700 kB
Cached:           895760 kB
MemTotal:        1844596 kB
MemFree:          643612 kB
MemAvailable:    1506928 kB
Buffers:           64700 kB
Cached:           895760 kB
MemTotal:        1844596 kB
MemFree:          643968 kB
MemAvailable:    1507284 kB
Buffers:           64700 kB
Cached:           895760 kB
MemTotal:        1844596 kB
MemFree:          644052 kB
MemAvailable:    1507368 kB
Buffers:           64700 kB
Cached:           895760 kB
MemTotal:        1844596 kB
MemFree:          643488 kB
MemAvailable:    1506804 kB
Buffers:           64700 kB
Cached:           895760 kB
MemTotal:        1844596 kB
MemFree:          643356 kB
MemAvailable:    1506672 kB
Buffers:           64700 kB
Cached:           895760 kB
MemTotal:        1844596 kB
MemFree:          643416 kB
MemAvailable:    1506732 kB
Buffers:           64700 kB
Cached:           895760 kB
MemTotal:        1844596 kB
MemFree:          642108 kB
MemAvailable:    1505424 kB
Buffers:           64700 kB
Cached:           895760 kB
MemTotal:        1844596 kB
MemFree:          641824 kB
MemAvailable:    1505140 kB
Buffers:           64700 kB
Cached:           895760 kB
MemTotal:        1844596 kB
MemFree:          642920 kB
MemAvailable:    1506236 kB
Buffers:           64700 kB
Cached:           895760 kB
MemTotal:        1844596 kB
MemFree:          641828 kB
MemAvailable:    1505144 kB
Buffers:           64700 kB
Cached:           895760 kB
MemTotal:        1844596 kB
MemFree:          643004 kB
MemAvailable:    1506320 kB
Buffers:           64700 kB
Cached:           895760 kB
MemTotal:        1844596 kB
MemFree:          642356 kB
MemAvailable:    1505672 kB
Buffers:           64700 kB
Cached:           895760 kB
MemTotal:        1844596 kB
MemFree:          642124 kB
MemAvailable:    1505440 kB
Buffers:           64700 kB
Cached:           895760 kB
MemTotal:        1844596 kB
MemFree:          640820 kB
MemAvailable:    1504136 kB
Buffers:           64700 kB
Cached:           895760 kB
MemTotal:        1844596 kB
MemFree:          642076 kB
MemAvailable:    1505392 kB
Buffers:           64700 kB
Cached:           895760 kB
MemTotal:        1844596 kB
MemFree:          642300 kB
MemAvailable:    1505616 kB
Buffers:           64700 kB
Cached:           895760 kB
MemTotal:        1844596 kB
MemFree:          641932 kB
MemAvailable:    1505248 kB
Buffers:           64700 kB
Cached:           895760 kB
MemTotal:        1844596 kB
MemFree:          642000 kB
MemAvailable:    1505316 kB
Buffers:           64700 kB
Cached:           895760 kB
MemTotal:        1844596 kB
MemFree:          641992 kB
MemAvailable:    1505308 kB
Buffers:           64700 kB
Cached:           895760 kB
MemTotal:        1844596 kB
MemFree:          640736 kB
MemAvailable:    1504052 kB
Buffers:           64700 kB
Cached:           895760 kB
MemTotal:        1844596 kB
MemFree:          640728 kB
MemAvailable:    1504044 kB
Buffers:           64700 kB
Cached:           895760 kB
MemTotal:        1844596 kB
MemFree:          642160 kB
MemAvailable:    1505476 kB
Buffers:           64700 kB
Cached:           895760 kB
MemTotal:        1844596 kB
MemFree:          641008 kB
MemAvailable:    1504324 kB
Buffers:           64700 kB
Cached:           895760 kB
MemTotal:        1844596 kB
MemFree:          642112 kB
MemAvailable:    1505428 kB
Buffers:           64700 kB
Cached:           895760 kB
MemTotal:        1844596 kB
MemFree:          640872 kB
MemAvailable:    1504188 kB
Buffers:           64700 kB
Cached:           895760 kB
MemTotal:        1844596 kB
MemFree:          640504 kB
MemAvailable:    1503820 kB
Buffers:           64700 kB
Cached:           895760 kB
MemTotal:        1844596 kB
MemFree:          641432 kB
MemAvailable:    1504748 kB
Buffers:           64700 kB
Cached:           895760 kB
MemTotal:        1844596 kB
MemFree:          641108 kB
MemAvailable:    1504424 kB
Buffers:           64700 kB
Cached:           895760 kB
MemTotal:        1844596 kB
MemFree:          641016 kB
MemAvailable:    1504332 kB
Buffers:           64700 kB
Cached:           895760 kB
MemTotal:        1844596 kB
MemFree:          641060 kB
MemAvailable:    1504376 kB
Buffers:           64700 kB
Cached:           895760 kB
MemTotal:        1844596 kB
MemFree:          641060 kB
MemAvailable:    1504376 kB
Buffers:           64700 kB
Cached:           895760 kB
MemTotal:        1844596 kB
MemFree:          639884 kB
MemAvailable:    1503200 kB
Buffers:           64700 kB
Cached:           895760 kB
MemTotal:        1844596 kB
MemFree:          641076 kB
MemAvailable:    1504392 kB
Buffers:           64700 kB
Cached:           895760 kB
MemTotal:        1844596 kB
MemFree:          641328 kB
MemAvailable:    1504644 kB
Buffers:           64700 kB
Cached:           895760 kB
MemTotal:        1844596 kB
MemFree:          641084 kB
MemAvailable:    1504400 kB
Buffers:           64700 kB
Cached:           895760 kB
MemTotal:        1844596 kB
MemFree:          641076 kB
MemAvailable:    1504392 kB
Buffers:           64700 kB
Cached:           895760 kB
MemTotal:        1844596 kB
MemFree:          639380 kB
MemAvailable:    1502696 kB
Buffers:           64700 kB
Cached:           895760 kB
MemTotal:        1844596 kB
MemFree:          639380 kB
MemAvailable:    1502696 kB
Buffers:           64700 kB
Cached:           895760 kB
MemTotal:        1844596 kB
MemFree:          635172 kB
MemAvailable:    1498488 kB
Buffers:           64700 kB
Cached:           895760 kB
MemTotal:        1844596 kB
MemFree:          633628 kB
MemAvailable:    1496944 kB
Buffers:           64700 kB
Cached:           895760 kB
MemTotal:        1844596 kB
MemFree:          632576 kB
MemAvailable:    1495892 kB
Buffers:           64700 kB
Cached:           895760 kB
MemTotal:        1844596 kB
MemFree:          633256 kB
MemAvailable:    1496572 kB
Buffers:           64700 kB
Cached:           895760 kB
MemTotal:        1844596 kB
MemFree:          633328 kB
MemAvailable:    1496644 kB
Buffers:           64700 kB
Cached:           895760 kB
MemTotal:        1844596 kB
MemFree:          631948 kB
MemAvailable:    1495264 kB
Buffers:           64700 kB
Cached:           895760 kB
MemTotal:        1844596 kB
MemFree:          631916 kB
MemAvailable:    1495240 kB
Buffers:           64700 kB
Cached:           895768 kB
MemTotal:        1844596 kB
MemFree:          633156 kB
MemAvailable:    1496480 kB
Buffers:           64700 kB
Cached:           895768 kB
MemTotal:        1844596 kB
MemFree:          632336 kB
MemAvailable:    1495660 kB
Buffers:           64700 kB
Cached:           895768 kB
MemTotal:        1844596 kB
MemFree:          633072 kB
MemAvailable:    1496396 kB
Buffers:           64700 kB
Cached:           895768 kB
MemTotal:        1844596 kB
MemFree:          633324 kB
MemAvailable:    1496648 kB
Buffers:           64700 kB
Cached:           895768 kB
MemTotal:        1844596 kB
MemFree:          633064 kB
MemAvailable:    1496388 kB
Buffers:           64700 kB
Cached:           895768 kB
MemTotal:        1844596 kB
MemFree:          633316 kB
MemAvailable:    1496640 kB
Buffers:           64700 kB
Cached:           895768 kB
MemTotal:        1844596 kB
MemFree:          633192 kB
MemAvailable:    1496516 kB
Buffers:           64700 kB
Cached:           895768 kB
MemTotal:        1844596 kB
MemFree:          633080 kB
MemAvailable:    1496404 kB
Buffers:           64700 kB
Cached:           895768 kB
MemTotal:        1844596 kB
MemFree:          632460 kB
MemAvailable:    1495784 kB
Buffers:           64700 kB
Cached:           895768 kB
MemTotal:        1844596 kB
MemFree:          633120 kB
MemAvailable:    1496444 kB
Buffers:           64700 kB
Cached:           895768 kB
MemTotal:        1844596 kB
MemFree:          633052 kB
MemAvailable:    1496376 kB
Buffers:           64700 kB
Cached:           895768 kB
MemTotal:        1844596 kB
MemFree:          632648 kB
MemAvailable:    1495972 kB
Buffers:           64700 kB
Cached:           895768 kB
MemTotal:        1844596 kB
MemFree:          631088 kB
MemAvailable:    1494412 kB
Buffers:           64700 kB
Cached:           895768 kB
MemTotal:        1844596 kB
MemFree:          631576 kB
MemAvailable:    1494900 kB
Buffers:           64700 kB
Cached:           895768 kB
MemTotal:        1844596 kB
MemFree:          631528 kB
MemAvailable:    1494852 kB
Buffers:           64700 kB
Cached:           895768 kB
MemTotal:        1844596 kB
MemFree:          631184 kB
MemAvailable:    1494508 kB
Buffers:           64700 kB
Cached:           895768 kB
MemTotal:        1844596 kB
MemFree:          630972 kB
MemAvailable:    1494296 kB
Buffers:           64700 kB
Cached:           895768 kB
MemTotal:        1844596 kB
MemFree:          630476 kB
MemAvailable:    1493800 kB
Buffers:           64700 kB
Cached:           895768 kB
MemTotal:        1844596 kB
MemFree:          629228 kB
MemAvailable:    1492552 kB
Buffers:           64700 kB
Cached:           895768 kB
MemTotal:        1844596 kB
MemFree:          628972 kB
MemAvailable:    1492296 kB
Buffers:           64700 kB
Cached:           895768 kB
MemTotal:        1844596 kB
MemFree:          628356 kB
MemAvailable:    1491680 kB
Buffers:           64700 kB
Cached:           895768 kB
MemTotal:        1844596 kB
MemFree:          628348 kB
MemAvailable:    1491672 kB
Buffers:           64700 kB
Cached:           895768 kB
MemTotal:        1844596 kB
MemFree:          628300 kB
MemAvailable:    1491624 kB
Buffers:           64700 kB
Cached:           895768 kB
MemTotal:        1844596 kB
MemFree:          629408 kB
MemAvailable:    1492732 kB
Buffers:           64700 kB
Cached:           895768 kB
MemTotal:        1844596 kB
MemFree:          629492 kB
MemAvailable:    1492816 kB
Buffers:           64700 kB
Cached:           895768 kB
MemTotal:        1844596 kB
MemFree:          629240 kB
MemAvailable:    1492564 kB
Buffers:           64700 kB
Cached:           895768 kB
MemTotal:        1844596 kB
MemFree:          629284 kB
MemAvailable:    1492608 kB
Buffers:           64700 kB
Cached:           895768 kB
MemTotal:        1844596 kB
MemFree:          628616 kB
MemAvailable:    1491940 kB
Buffers:           64700 kB
Cached:           895768 kB
MemTotal:        1844596 kB
MemFree:          629084 kB
MemAvailable:    1492408 kB
Buffers:           64700 kB
Cached:           895768 kB
MemTotal:        1844596 kB
MemFree:          629304 kB
MemAvailable:    1492628 kB
Buffers:           64700 kB
Cached:           895768 kB
MemTotal:        1844596 kB
MemFree:          629300 kB
MemAvailable:    1492624 kB
Buffers:           64700 kB
Cached:           895768 kB
MemTotal:        1844596 kB
MemFree:          629552 kB
MemAvailable:    1492876 kB
Buffers:           64700 kB
Cached:           895768 kB
MemTotal:        1844596 kB
MemFree:          627932 kB
MemAvailable:    1491256 kB
Buffers:           64700 kB
Cached:           895768 kB
MemTotal:        1844596 kB
MemFree:          628676 kB
MemAvailable:    1492000 kB
Buffers:           64700 kB
Cached:           895768 kB
MemTotal:        1844596 kB
MemFree:          626632 kB
MemAvailable:    1489956 kB
Buffers:           64700 kB
Cached:           895768 kB
MemTotal:        1844596 kB
MemFree:          623896 kB
MemAvailable:    1487220 kB
Buffers:           64700 kB
Cached:           895768 kB
MemTotal:        1844596 kB
MemFree:          623400 kB
MemAvailable:    1486724 kB
Buffers:           64700 kB
Cached:           895768 kB
MemTotal:        1844596 kB
MemFree:          623764 kB
MemAvailable:    1487088 kB
Buffers:           64700 kB
Cached:           895768 kB
MemTotal:        1844596 kB
MemFree:          623848 kB
MemAvailable:    1487172 kB
Buffers:           64708 kB
Cached:           895760 kB
MemTotal:        1844596 kB
MemFree:          622392 kB
MemAvailable:    1485716 kB
Buffers:           64708 kB
Cached:           895760 kB
MemTotal:        1844596 kB
MemFree:          622912 kB
MemAvailable:    1486236 kB
Buffers:           64708 kB
Cached:           895760 kB
MemTotal:        1844596 kB
MemFree:          623388 kB
MemAvailable:    1486712 kB
Buffers:           64708 kB
Cached:           895760 kB
MemTotal:        1844596 kB
MemFree:          623640 kB
MemAvailable:    1486964 kB
Buffers:           64708 kB
Cached:           895760 kB
MemTotal:        1844596 kB
MemFree:          623276 kB
MemAvailable:    1486600 kB
Buffers:           64708 kB
Cached:           895760 kB
MemTotal:        1844596 kB
MemFree:          623396 kB
MemAvailable:    1486720 kB
Buffers:           64708 kB
Cached:           895760 kB
MemTotal:        1844596 kB
MemFree:          622416 kB
MemAvailable:    1485740 kB
Buffers:           64708 kB
Cached:           895760 kB
MemTotal:        1844596 kB
MemFree:          623008 kB
MemAvailable:    1486332 kB
Buffers:           64708 kB
Cached:           895760 kB
MemTotal:        1844596 kB
MemFree:          623200 kB
MemAvailable:    1486524 kB
Buffers:           64708 kB
Cached:           895760 kB
MemTotal:        1844596 kB
MemFree:          622160 kB
MemAvailable:    1485484 kB
Buffers:           64708 kB
Cached:           895760 kB
MemTotal:        1844596 kB
MemFree:          622160 kB
MemAvailable:    1485484 kB
Buffers:           64708 kB
Cached:           895760 kB
MemTotal:        1844596 kB
MemFree:          620308 kB
MemAvailable:    1483632 kB
Buffers:           64708 kB
Cached:           895760 kB
MemTotal:        1844596 kB
MemFree:          620176 kB
MemAvailable:    1483500 kB
Buffers:           64708 kB
Cached:           895760 kB
MemTotal:        1844596 kB
MemFree:          619020 kB
MemAvailable:    1482344 kB
Buffers:           64708 kB
Cached:           895760 kB
MemTotal:        1844596 kB
MemFree:          618932 kB
MemAvailable:    1482256 kB
Buffers:           64708 kB
Cached:           895760 kB
MemTotal:        1844596 kB
MemFree:          618924 kB
MemAvailable:    1482248 kB
Buffers:           64708 kB
Cached:           895760 kB
MemTotal:        1844596 kB
MemFree:          621880 kB
MemAvailable:    1485204 kB
Buffers:           64708 kB
Cached:           895760 kB
MemTotal:        1844596 kB
MemFree:          622216 kB
MemAvailable:    1485540 kB
Buffers:           64708 kB
Cached:           895760 kB
MemTotal:        1844596 kB
MemFree:          621972 kB
MemAvailable:    1485380 kB
Buffers:           64708 kB
Cached:           895884 kB
MemTotal:        1844596 kB
MemFree:          622028 kB
MemAvailable:    1485520 kB
Buffers:           64708 kB
Cached:           896008 kB
MemTotal:        1844596 kB
MemFree:          621616 kB
MemAvailable:    1485276 kB
Buffers:           64708 kB
Cached:           896132 kB
MemTotal:        1844596 kB
MemFree:          621872 kB
MemAvailable:    1485532 kB
Buffers:           64708 kB
Cached:           896132 kB
MemTotal:        1844596 kB
MemFree:          621616 kB
MemAvailable:    1485360 kB
Buffers:           64708 kB
Cached:           896256 kB
MemTotal:        1844596 kB
MemFree:          620368 kB
MemAvailable:    1484196 kB
Buffers:           64708 kB
Cached:           896380 kB
MemTotal:        1844596 kB
MemFree:          620236 kB
MemAvailable:    1484064 kB
Buffers:           64708 kB
Cached:           896380 kB
MemTotal:        1844596 kB
MemFree:          620556 kB
MemAvailable:    1484384 kB
Buffers:           64708 kB
Cached:           896380 kB
MemTotal:        1844596 kB
MemFree:          621328 kB
MemAvailable:    1485216 kB
Buffers:           64708 kB
Cached:           896404 kB
MemTotal:        1844596 kB
MemFree:          621328 kB
MemAvailable:    1485216 kB
Buffers:           64708 kB
Cached:           896404 kB
MemTotal:        1844596 kB
MemFree:          621356 kB
MemAvailable:    1485244 kB
Buffers:           64708 kB
Cached:           896404 kB
MemTotal:        1844596 kB
MemFree:          621440 kB
MemAvailable:    1485328 kB
Buffers:           64708 kB
Cached:           896404 kB
MemTotal:        1844596 kB
MemFree:          621316 kB
MemAvailable:    1485204 kB
Buffers:           64708 kB
Cached:           896404 kB
MemTotal:        1844596 kB
MemFree:          621260 kB
MemAvailable:    1485148 kB
Buffers:           64708 kB
Cached:           896404 kB
MemTotal:        1844596 kB
MemFree:          621596 kB
MemAvailable:    1485484 kB
Buffers:           64708 kB
Cached:           896404 kB
MemTotal:        1844596 kB
MemFree:          620212 kB
MemAvailable:    1483512 kB
Buffers:           64708 kB
Cached:           895856 kB
MemTotal:        1844596 kB
MemFree:          688780 kB
MemAvailable:    1552164 kB
Buffers:           64708 kB
Cached:           895856 kB
