MemTotal:        1844596 kB
MemFree:          807252 kB
MemAvailable:    1539180 kB
Buffers:           51348 kB
Cached:           788532 kB
MemTotal:        1844596 kB
MemFree:          804516 kB
MemAvailable:    1536444 kB
Buffers:           51348 kB
Cached:           788532 kB
MemTotal:        1844596 kB
MemFree:          803708 kB
MemAvailable:    1535636 kB
Buffers:           51348 kB
Cached:           788532 kB
MemTotal:        1844596 kB
MemFree:          802408 kB
MemAvailable:    1534336 kB
Buffers:           51348 kB
Cached:           788532 kB
MemTotal:        1844596 kB
MemFree:          802212 kB
MemAvailable:    1534140 kB
Buffers:           51348 kB
Cached:           788532 kB
MemTotal:        1844596 kB
MemFree:          801176 kB
MemAvailable:    1533104 kB
Buffers:           51348 kB
Cached:           788532 kB
MemTotal:        1844596 kB
MemFree:          799424 kB
MemAvailable:    1531356 kB
Buffers:           51348 kB
Cached:           788536 kB
MemTotal:        1844596 kB
MemFree:          798944 kB
MemAvailable:    1530876 kB
Buffers:           51348 kB
Cached:           788536 kB
MemTotal:        1844596 kB
MemFree:          796464 kB
MemAvailable:    1528396 kB
Buffers:           51348 kB
Cached:           788536 kB
MemTotal:        1844596 kB
MemFree:          792868 kB
MemAvailable:    1524800 kB
Buffers:           51348 kB
Cached:           788536 kB
MemTotal:        1844596 kB
MemFree:          792328 kB
MemAvailable:    1524260 kB
Buffers:           51348 kB
Cached:           788536 kB
MemTotal:        1844596 kB
MemFree:          792580 kB
MemAvailable:    1524312 kB
Buffers:           51348 kB
Cached:           788536 kB
MemTotal:        1844596 kB
MemFree:          792324 kB
MemAvailable:    1524256 kB
Buffers:           51348 kB
Cached:           788536 kB
MemTotal:        1844596 kB
MemFree:          792548 kB
MemAvailable:    1524480 kB
Buffers:           51348 kB
Cached:           788536 kB
MemTotal:        1844596 kB
MemFree:          791628 kB
MemAvailable:    1523560 kB
Buffers:           51348 kB
Cached:           788536 kB
MemTotal:        1844596 kB
MemFree:          792116 kB
MemAvailable:    1524048 kB
Buffers:           51348 kB
Cached:           788536 kB
MemTotal:        1844596 kB
MemFree:          792372 kB
MemAvailable:    1524304 kB
Buffers:           51348 kB
Cached:           788536 kB
MemTotal:        1844596 kB
MemFree:          790868 kB
MemAvailable:    1522800 kB
Buffers:           51348 kB
Cached:           788536 kB
MemTotal:        1844596 kB
MemFree:          790952 kB
MemAvailable:    1522884 kB
Buffers:           51348 kB
Cached:           788536 kB
MemTotal:        1844596 kB
MemFree:          789272 kB
MemAvailable:    1521080 kB
Buffers:           51348 kB
Cached:           788536 kB
MemTotal:        1844596 kB
MemFree:          789892 kB
MemAvailable:    1521824 kB
Buffers:           51348 kB
Cached:           788536 kB
MemTotal:        1844596 kB
MemFree:          789880 kB
MemAvailable:    1521812 kB
Buffers:           51348 kB
Cached:           788536 kB
MemTotal:        1844596 kB
MemFree:          789996 kB
MemAvailable:    1521928 kB
Buffers:           51348 kB
Cached:           788536 kB
MemTotal:        1844596 kB
MemFree:          789148 kB
MemAvailable:    1521080 kB
Buffers:           51348 kB
Cached:           788536 kB
MemTotal:        1844596 kB
MemFree:          789852 kB
MemAvailable:    1521788 kB
Buffers:           51348 kB
Cached:           788536 kB
MemTotal:        1844596 kB
MemFree:          789908 kB
MemAvailable:    1521844 kB
Buffers:           51348 kB
Cached:           788536 kB
MemTotal:        1844596 kB
MemFree:          789836 kB
MemAvailable:    1521772 kB
Buffers:           51348 kB
Cached:           788536 kB
MemTotal:        1844596 kB
MemFree:          789836 kB
MemAvailable:    1521772 kB
Buffers:           51348 kB
Cached:           788536 kB
MemTotal:        1844596 kB
MemFree:          791104 kB
MemAvailable:    1523040 kB
Buffers:           51348 kB
Cached:           788536 kB
MemTotal:        1844596 kB
MemFree:          789852 kB
MemAvailable:    1521788 kB
Buffers:           51348 kB
Cached:           788536 kB
MemTotal:        1844596 kB
MemFree:          790248 kB
MemAvailable:    1522184 kB
Buffers:           51348 kB
Cached:           788536 kB
MemTotal:        1844596 kB
MemFree:          790140 kB
MemAvailable:    1521952 kB
Buffers:           51348 kB
Cached:           788536 kB
MemTotal:        1844596 kB
MemFree:          786908 kB
MemAvailable:    1518844 kB
Buffers:           51348 kB
Cached:           788536 kB
MemTotal:        1844596 kB
MemFree:          786544 kB
MemAvailable:    1518484 kB
Buffers:           51348 kB
Cached:           788540 kB
MemTotal:        1844596 kB
MemFree:          786048 kB
MemAvailable:    1517988 kB
Buffers:           51348 kB
Cached:           788540 kB
MemTotal:        1844596 kB
MemFree:          785668 kB
MemAvailable:    1517608 kB
Buffers:           51348 kB
Cached:           788540 kB
MemTotal:        1844596 kB
MemFree:          785420 kB
MemAvailable:    1517360 kB
Buffers:           51348 kB
Cached:           788540 kB
MemTotal:        1844596 kB
MemFree:          785412 kB
MemAvailable:    1517352 kB
Buffers:           51348 kB
Cached:           788540 kB
MemTotal:        1844596 kB
MemFree:          784256 kB
MemAvailable:    1516196 kB
Buffers:           51348 kB
Cached:           788540 kB
MemTotal:        1844596 kB
MemFree:          785784 kB
MemAvailable:    1517724 kB
Buffers:           51348 kB
Cached:           788540 kB
MemTotal:        1844596 kB
MemFree:          784372 kB
MemAvailable:    1516312 kB
Buffers:           51348 kB
Cached:           788540 kB
MemTotal:        1844596 kB
MemFree:          785860 kB
MemAvailable:    1517800 kB
Buffers:           51348 kB
Cached:           788540 kB
MemTotal:        1844596 kB
MemFree:          785480 kB
MemAvailable:    1517420 kB
Buffers:           51348 kB
Cached:           788540 kB
MemTotal:        1844596 kB
MemFree:          784240 kB
MemAvailable:    1516180 kB
Buffers:           51348 kB
Cached:           788540 kB
MemTotal:        1844596 kB
MemFree:          785284 kB
MemAvailable:    1517224 kB
Buffers:           51348 kB
Cached:           788540 kB
MemTotal:        1844596 kB
MemFree:          784800 kB
MemAvailable:    1516740 kB
Buffers:           51348 kB
Cached:           788540 kB
MemTotal:        1844596 kB
MemFree:          784884 kB
MemAvailable:    1516824 kB
Buffers:           51348 kB
Cached:           788540 kB
MemTotal:        1844596 kB
MemFree:          784868 kB
MemAvailable:    1516808 kB
Buffers:           51348 kB
Cached:           788540 kB
MemTotal:        1844596 kB
MemFree:          784728 kB
MemAvailable:    1516668 kB
Buffers:           51348 kB
Cached:           788540 kB
MemTotal:        1844596 kB
MemFree:          783304 kB
MemAvailable:    1515244 kB
Buffers:           51348 kB
Cached:           788540 kB
MemTotal:        1844596 kB
MemFree:          784596 kB
MemAvailable:    1516536 kB
Buffers:           51348 kB
Cached:           788540 kB
MemTotal:        1844596 kB
MemFree:          784620 kB
MemAvailable:    1516560 kB
Buffers:           51348 kB
Cached:           788540 kB
MemTotal:        1844596 kB
MemFree:          784320 kB
MemAvailable:    1516260 kB
Buffers:           51348 kB
Cached:           788540 kB
MemTotal:        1844596 kB
MemFree:          784696 kB
MemAvailable:    1516636 kB
Buffers:           51348 kB
Cached:           788540 kB
MemTotal:        1844596 kB
MemFree:          784544 kB
MemAvailable:    1516484 kB
Buffers:           51348 kB
Cached:           788540 kB
MemTotal:        1844596 kB
MemFree:          784628 kB
MemAvailable:    1516568 kB
Buffers:           51348 kB
Cached:           788540 kB
MemTotal:        1844596 kB
MemFree:          784672 kB
MemAvailable:    1516612 kB
Buffers:           51348 kB
Cached:           788540 kB
MemTotal:        1844596 kB
MemFree:          784524 kB
MemAvailable:    1516464 kB
Buffers:           51348 kB
Cached:           788540 kB
MemTotal:        1844596 kB
MemFree:          784860 kB
MemAvailable:    1516800 kB
Buffers:           51348 kB
Cached:           788540 kB
MemTotal:        1844596 kB
MemFree:          784392 kB
MemAvailable:    1516332 kB
Buffers:           51348 kB
Cached:           788540 kB
MemTotal:        1844596 kB
MemFree:          784392 kB
MemAvailable:    1516332 kB
Buffers:           51348 kB
Cached:           788540 kB
MemTotal:        1844596 kB
MemFree:          782684 kB
MemAvailable:    1514624 kB
Buffers:           51348 kB
Cached:           788540 kB
MemTotal:        1844596 kB
MemFree:          783992 kB
MemAvailable:    1515932 kB
Buffers:           51348 kB
Cached:           788540 kB
MemTotal:        1844596 kB
MemFree:          782684 kB
MemAvailable:    1514624 kB
Buffers:           51348 kB
Cached:           788540 kB
MemTotal:        1844596 kB
MemFree:          783800 kB
MemAvailable:    1515740 kB
Buffers:           51348 kB
Cached:           788540 kB
MemTotal:        1844596 kB
MemFree:          782824 kB
MemAvailable:    1514764 kB
Buffers:           51348 kB
Cached:           788540 kB
MemTotal:        1844596 kB
MemFree:          783672 kB
MemAvailable:    1515612 kB
Buffers:           51348 kB
Cached:           788540 kB
MemTotal:        1844596 kB
MemFree:          783928 kB
MemAvailable:    1515868 kB
Buffers:           51348 kB
Cached:           788540 kB
MemTotal:        1844596 kB
MemFree:          783684 kB
MemAvailable:    1515624 kB
Buffers:           51348 kB
Cached:           788540 kB
MemTotal:        1844596 kB
MemFree:          782636 kB
MemAvailable:    1514576 kB
Buffers:           51348 kB
Cached:           788540 kB
MemTotal:        1844596 kB
MemFree:          783704 kB
MemAvailable:    1515644 kB
Buffers:           51348 kB
Cached:           788540 kB
MemTotal:        1844596 kB
MemFree:          782980 kB
MemAvailable:    1514920 kB
Buffers:           51348 kB
Cached:           788540 kB
MemTotal:        1844596 kB
MemFree:          782204 kB
MemAvailable:    1514144 kB
Buffers:           51348 kB
Cached:           788540 kB
MemTotal:        1844596 kB
MemFree:          780964 kB
MemAvailable:    1512904 kB
Buffers:           51348 kB
Cached:           788540 kB
MemTotal:        1844596 kB
MemFree:          778352 kB
MemAvailable:    1510292 kB
Buffers:           51348 kB
Cached:           788540 kB
MemTotal:        1844596 kB
MemFree:          776368 kB
MemAvailable:    1508308 kB
Buffers:           51348 kB
Cached:           788540 kB
MemTotal:        1844596 kB
MemFree:          776376 kB
MemAvailable:    1508316 kB
Buffers:           51348 kB
Cached:           788540 kB
MemTotal:        1844596 kB
MemFree:          776376 kB
MemAvailable:    1508316 kB
Buffers:           51348 kB
Cached:           788540 kB
MemTotal:        1844596 kB
MemFree:          776064 kB
MemAvailable:    1508004 kB
Buffers:           51348 kB
Cached:           788540 kB
MemTotal:        1844596 kB
MemFree:          776168 kB
MemAvailable:    1508108 kB
Buffers:           51348 kB
Cached:           788540 kB
MemTotal:        1844596 kB
MemFree:          776324 kB
MemAvailable:    1508264 kB
Buffers:           51348 kB
Cached:           788540 kB
MemTotal:        1844596 kB
MemFree:          775856 kB
MemAvailable:    1507796 kB
Buffers:           51348 kB
Cached:           788540 kB
MemTotal:        1844596 kB
MemFree:          775856 kB
MemAvailable:    1507796 kB
Buffers:           51348 kB
Cached:           788540 kB
MemTotal:        1844596 kB
MemFree:          775688 kB
MemAvailable:    1507628 kB
Buffers:           51348 kB
Cached:           788540 kB
MemTotal:        1844596 kB
MemFree:          775856 kB
MemAvailable:    1507796 kB
Buffers:           51348 kB
Cached:           788540 kB
MemTotal:        1844596 kB
MemFree:          775688 kB
MemAvailable:    1507628 kB
Buffers:           51348 kB
Cached:           788540 kB
MemTotal:        1844596 kB
MemFree:          775632 kB
MemAvailable:    1507572 kB
Buffers:           51348 kB
Cached:           788540 kB
MemTotal:        1844596 kB
MemFree:          775576 kB
MemAvailable:    1507516 kB
Buffers:           51348 kB
Cached:           788540 kB
MemTotal:        1844596 kB
MemFree:          775760 kB
MemAvailable:    1507700 kB
Buffers:           51348 kB
Cached:           788540 kB
MemTotal:        1844596 kB
MemFree:          775728 kB
MemAvailable:    1507668 kB
Buffers:           51348 kB
Cached:           788540 kB
MemTotal:        1844596 kB
MemFree:          775812 kB
MemAvailable:    1507752 kB
Buffers:           51348 kB
Cached:           788540 kB
MemTotal:        1844596 kB
MemFree:          775744 kB
MemAvailable:    1507684 kB
Buffers:           51348 kB
Cached:           788540 kB
MemTotal:        1844596 kB
MemFree:          774496 kB
MemAvailable:    1506436 kB
Buffers:           51348 kB
Cached:           788540 kB
MemTotal:        1844596 kB
MemFree:          774996 kB
MemAvailable:    1506936 kB
Buffers:           51348 kB
Cached:           788540 kB
MemTotal:        1844596 kB
MemFree:          774888 kB
MemAvailable:    1506828 kB
Buffers:           51348 kB
Cached:           788540 kB
MemTotal:        1844596 kB
MemFree:          773584 kB
MemAvailable:    1505524 kB
Buffers:           51348 kB
Cached:           788540 kB
MemTotal:        1844596 kB
MemFree:          774704 kB
MemAvailable:    1506644 kB
Buffers:           51348 kB
Cached:           788540 kB
MemTotal:        1844596 kB
MemFree:          773844 kB
MemAvailable:    1505784 kB
Buffers:           51348 kB
Cached:           788540 kB
MemTotal:        1844596 kB
MemFree:          773944 kB
MemAvailable:    1505884 kB
Buffers:           51348 kB
Cached:           788540 kB
MemTotal:        1844596 kB
MemFree:          773084 kB
MemAvailable:    1505024 kB
Buffers:           51348 kB
Cached:           788540 kB
MemTotal:        1844596 kB
MemFree:          773088 kB
MemAvailable:    1505028 kB
Buffers:           51348 kB
Cached:           788540 kB
MemTotal:        1844596 kB
MemFree:          771788 kB
MemAvailable:    1503728 kB
Buffers:           51348 kB
Cached:           788540 kB
MemTotal:        1844596 kB
MemFree:          772988 kB
MemAvailable:    1504928 kB
Buffers:           51348 kB
Cached:           788540 kB
MemTotal:        1844596 kB
MemFree:          772144 kB
MemAvailable:    1504084 kB
Buffers:           51348 kB
Cached:           788540 kB
MemTotal:        1844596 kB
MemFree:          772400 kB
MemAvailable:    1504340 kB
Buffers:           51348 kB
Cached:           788540 kB
MemTotal:        1844596 kB
MemFree:          770896 kB
MemAvailable:    1502836 kB
Buffers:           51348 kB
Cached:           788540 kB
MemTotal:        1844596 kB
MemFree:          772140 kB
MemAvailable:    1504080 kB
Buffers:           51348 kB
Cached:           788540 kB
MemTotal:        1844596 kB
MemFree:          770796 kB
MemAvailable:    1502736 kB
Buffers:           51348 kB
Cached:           788540 kB
MemTotal:        1844596 kB
MemFree:          771956 kB
MemAvailable:    1503904 kB
Buffers:           51348 kB
Cached:           788548 kB
MemTotal:        1844596 kB
MemFree:          770796 kB
MemAvailable:    1502744 kB
Buffers:           51348 kB
Cached:           788548 kB
MemTotal:        1844596 kB
MemFree:          771944 kB
MemAvailable:    1503892 kB
Buffers:           51348 kB
Cached:           788548 kB
MemTotal:        1844596 kB
MemFree:          771692 kB
MemAvailable:    1503640 kB
Buffers:           51348 kB
Cached:           788548 kB
MemTotal:        1844596 kB
MemFree:          770548 kB
MemAvailable:    1502496 kB
Buffers:           51348 kB
Cached:           788548 kB
MemTotal:        1844596 kB
MemFree:          771924 kB
MemAvailable:    1503872 kB
Buffers:           51348 kB
Cached:           788548 kB
MemTotal:        1844596 kB
MemFree:          771972 kB
MemAvailable:    1503920 kB
Buffers:           51348 kB
Cached:           788548 kB
MemTotal:        1844596 kB
MemFree:          771044 kB
MemAvailable:    1502992 kB
Buffers:           51348 kB
Cached:           788548 kB
MemTotal:        1844596 kB
MemFree:          771540 kB
MemAvailable:    1503488 kB
Buffers:           51348 kB
Cached:           788548 kB
MemTotal:        1844596 kB
MemFree:          771144 kB
MemAvailable:    1503092 kB
Buffers:           51348 kB
Cached:           788548 kB
MemTotal:        1844596 kB
MemFree:          771480 kB
MemAvailable:    1503428 kB
Buffers:           51348 kB
Cached:           788548 kB
MemTotal:        1844596 kB
MemFree:          766324 kB
MemAvailable:    1498272 kB
Buffers:           51348 kB
Cached:           788548 kB
MemTotal:        1844596 kB
MemFree:          765960 kB
MemAvailable:    1497908 kB
Buffers:           51348 kB
Cached:           788548 kB
MemTotal:        1844596 kB
MemFree:          766280 kB
MemAvailable:    1498228 kB
Buffers:           51348 kB
Cached:           788548 kB
MemTotal:        1844596 kB
MemFree:          766376 kB
MemAvailable:    1498324 kB
Buffers:           51348 kB
Cached:           788548 kB
MemTotal:        1844596 kB
MemFree:          766204 kB
MemAvailable:    1498152 kB
Buffers:           51348 kB
Cached:           788548 kB
MemTotal:        1844596 kB
MemFree:          766072 kB
MemAvailable:    1498020 kB
Buffers:           51348 kB
Cached:           788548 kB
MemTotal:        1844596 kB
MemFree:          766068 kB
MemAvailable:    1498016 kB
Buffers:           51348 kB
Cached:           788548 kB
MemTotal:        1844596 kB
MemFree:          764720 kB
MemAvailable:    1496668 kB
Buffers:           51348 kB
Cached:           788548 kB
MemTotal:        1844596 kB
MemFree:          765828 kB
MemAvailable:    1497776 kB
Buffers:           51348 kB
Cached:           788548 kB
MemTotal:        1844596 kB
MemFree:          766084 kB
MemAvailable:    1498032 kB
Buffers:           51348 kB
Cached:           788548 kB
MemTotal:        1844596 kB
MemFree:          765912 kB
MemAvailable:    1497860 kB
Buffers:           51348 kB
Cached:           788548 kB
MemTotal:        1844596 kB
MemFree:          765716 kB
MemAvailable:    1497664 kB
Buffers:           51348 kB
Cached:           788548 kB
MemTotal:        1844596 kB
MemFree:          765028 kB
MemAvailable:    1496976 kB
Buffers:           51348 kB
Cached:           788548 kB
MemTotal:        1844596 kB
MemFree:          764532 kB
MemAvailable:    1496480 kB
Buffers:           51348 kB
Cached:           788548 kB
MemTotal:        1844596 kB
MemFree:          762564 kB
MemAvailable:    1494512 kB
Buffers:           51348 kB
Cached:           788548 kB
MemTotal:        1844596 kB
MemFree:          762900 kB
MemAvailable:    1494848 kB
Buffers:           51348 kB
Cached:           788548 kB
MemTotal:        1844596 kB
MemFree:          762688 kB
MemAvailable:    1494636 kB
Buffers:           51348 kB
Cached:           788548 kB
MemTotal:        1844596 kB
MemFree:          762688 kB
MemAvailable:    1494636 kB
Buffers:           51348 kB
Cached:           788548 kB
MemTotal:        1844596 kB
MemFree:          762728 kB
MemAvailable:    1494676 kB
Buffers:           51348 kB
Cached:           788548 kB
MemTotal:        1844596 kB
MemFree:          762728 kB
MemAvailable:    1494676 kB
Buffers:           51348 kB
Cached:           788548 kB
MemTotal:        1844596 kB
MemFree:          762728 kB
MemAvailable:    1494676 kB
Buffers:           51348 kB
Cached:           788548 kB
MemTotal:        1844596 kB
MemFree:          762728 kB
MemAvailable:    1494676 kB
Buffers:           51348 kB
Cached:           788548 kB
MemTotal:        1844596 kB
MemFree:          764596 kB
MemAvailable:    1496544 kB
Buffers:           51348 kB
Cached:           788548 kB
MemTotal:        1844596 kB
MemFree:          763480 kB
MemAvailable:    1495512 kB
Buffers:           51348 kB
Cached:           788672 kB
MemTotal:        1844596 kB
MemFree:          764712 kB
MemAvailable:    1496828 kB
Buffers:           51348 kB
Cached:           788672 kB
MemTotal:        1844596 kB
MemFree:          764464 kB
MemAvailable:    1496748 kB
Buffers:           51348 kB
Cached:           788920 kB
MemTotal:        1844596 kB
MemFree:          764268 kB
MemAvailable:    1496636 kB
Buffers:           51348 kB
Cached:           789044 kB
MemTotal:        1844596 kB
MemFree:          763356 kB
MemAvailable:    1495808 kB
Buffers:           51348 kB
Cached:           789044 kB
MemTotal:        1844596 kB
MemFree:          763780 kB
MemAvailable:    1496316 kB
Buffers:           51348 kB
Cached:           789168 kB
MemTotal:        1844596 kB
MemFree:          764116 kB
MemAvailable:    1496652 kB
Buffers:           51348 kB
Cached:           789168 kB
MemTotal:        1844596 kB
MemFree:          762540 kB
MemAvailable:    1495076 kB
Buffers:           51348 kB
Cached:           789168 kB
MemTotal:        1844596 kB
MemFree:          763780 kB
MemAvailable:    1496316 kB
Buffers:           51348 kB
Cached:           789168 kB
MemTotal:        1844596 kB
MemFree:          763948 kB
MemAvailable:    1496484 kB
Buffers:           51348 kB
Cached:           789168 kB
MemTotal:        1844596 kB
MemFree:          763940 kB
MemAvailable:    1496476 kB
Buffers:           51348 kB
Cached:           789168 kB
MemTotal:        1844596 kB
MemFree:          763940 kB
MemAvailable:    1496476 kB
Buffers:           51348 kB
Cached:           789168 kB
MemTotal:        1844596 kB
MemFree:          763796 kB
MemAvailable:    1496332 kB
Buffers:           51348 kB
Cached:           789168 kB
MemTotal:        1844596 kB
MemFree:          764132 kB
MemAvailable:    1496668 kB
Buffers:           51348 kB
Cached:           789168 kB
MemTotal:        1844596 kB
MemFree:          762720 kB
MemAvailable:    1494668 kB
Buffers:           51348 kB
Cached:           788536 kB
MemTotal:        1844596 kB
MemFree:          829744 kB
MemAvailable:    1561692 kB
Buffers:           51348 kB
Cached:           788536 kB
