MemTotal:        1844596 kB
MemFree:          763932 kB
MemAvailable:    1530888 kB
Buffers:           55008 kB
Cached:           817032 kB
MemTotal:        1844596 kB
MemFree:          765320 kB
MemAvailable:    1532276 kB
Buffers:           55008 kB
Cached:           817032 kB
MemTotal:        1844596 kB
MemFree:          763568 kB
MemAvailable:    1530524 kB
Buffers:           55008 kB
Cached:           817032 kB
MemTotal:        1844596 kB
MemFree:          763460 kB
MemAvailable:    1530416 kB
Buffers:           55008 kB
Cached:           817032 kB
MemTotal:        1844596 kB
MemFree:          761088 kB
MemAvailable:    1528044 kB
Buffers:           55008 kB
Cached:           817032 kB
MemTotal:        1844596 kB
MemFree:          760964 kB
MemAvailable:    1527920 kB
Buffers:           55008 kB
Cached:           817032 kB
MemTotal:        1844596 kB
MemFree:          759856 kB
MemAvailable:    1526812 kB
Buffers:           55008 kB
Cached:           817032 kB
MemTotal:        1844596 kB
MemFree:          758836 kB
MemAvailable:    1525792 kB
Buffers:           55008 kB
Cached:           817032 kB
MemTotal:        1844596 kB
MemFree:          756260 kB
MemAvailable:    1523216 kB
Buffers:           55008 kB
Cached:           817032 kB
MemTotal:        1844596 kB
MemFree:          754700 kB
MemAvailable:    1521660 kB
Buffers:           55008 kB
Cached:           817036 kB
MemTotal:        1844596 kB
MemFree:          750308 kB
MemAvailable:    1517268 kB
Buffers:           55008 kB
Cached:           817036 kB
MemTotal:        1844596 kB
MemFree:          750928 kB
MemAvailable:    1517888 kB
Buffers:           55008 kB
Cached:           817036 kB
MemTotal:        1844596 kB
MemFree:          750804 kB
MemAvailable:    1517764 kB
Buffers:           55008 kB
Cached:           817036 kB
MemTotal:        1844596 kB
MemFree:          752244 kB
MemAvailable:    1519204 kB
Buffers:           55008 kB
Cached:           817036 kB
MemTotal:        1844596 kB
MemFree:          751932 kB
MemAvailable:    1518892 kB
Buffers:           55008 kB
Cached:           817036 kB
MemTotal:        1844596 kB
MemFree:          750792 kB
MemAvailable:    1517752 kB
Buffers:           55008 kB
Cached:           817036 kB
MemTotal:        1844596 kB
MemFree:          750784 kB
MemAvailable:    1517744 kB
Buffers:           55008 kB
Cached:           817036 kB
MemTotal:        1844596 kB
MemFree:          750432 kB
MemAvailable:    1517392 kB
Buffers:           55008 kB
Cached:           817036 kB
MemTotal:        1844596 kB
MemFree:          748432 kB
MemAvailable:    1515392 kB
Buffers:           55008 kB
Cached:           817036 kB
MemTotal:        1844596 kB
MemFree:          749928 kB
MemAvailable:    1516888 kB
Buffers:           55008 kB
Cached:           817036 kB
MemTotal:        1844596 kB
MemFree:          748392 kB
MemAvailable:    1515352 kB
Buffers:           55008 kB
Cached:           817036 kB
MemTotal:        1844596 kB
MemFree:          749624 kB
MemAvailable:    1516584 kB
Buffers:           55008 kB
Cached:           817036 kB
MemTotal:        1844596 kB
MemFree:          749364 kB
MemAvailable:    1516324 kB
Buffers:           55008 kB
Cached:           817036 kB
MemTotal:        1844596 kB
MemFree:          749616 kB
MemAvailable:    1516576 kB
Buffers:           55008 kB
Cached:           817036 kB
MemTotal:        1844596 kB
MemFree:          748396 kB
MemAvailable:    1515356 kB
Buffers:           55008 kB
Cached:           817036 kB
MemTotal:        1844596 kB
MemFree:          748396 kB
MemAvailable:    1515356 kB
Buffers:           55008 kB
Cached:           817036 kB
MemTotal:        1844596 kB
MemFree:          749628 kB
MemAvailable:    1516588 kB
Buffers:           55008 kB
Cached:           817036 kB
MemTotal:        1844596 kB
MemFree:          750832 kB
MemAvailable:    1517792 kB
Buffers:           55008 kB
Cached:           817036 kB
MemTotal:        1844596 kB
MemFree:          751176 kB
MemAvailable:    1518136 kB
Buffers:           55008 kB
Cached:           817036 kB
MemTotal:        1844596 kB
MemFree:          748820 kB
MemAvailable:    1515780 kB
Buffers:           55008 kB
Cached:           817036 kB
MemTotal:        1844596 kB
MemFree:          747448 kB
MemAvailable:    1514408 kB
Buffers:           55008 kB
Cached:           817036 kB
MemTotal:        1844596 kB
MemFree:          747200 kB
MemAvailable:    1514160 kB
Buffers:           55008 kB
Cached:           817036 kB
MemTotal:        1844596 kB
MemFree:          746884 kB
MemAvailable:    1513844 kB
Buffers:           55008 kB
Cached:           817036 kB
MemTotal:        1844596 kB
MemFree:          746712 kB
MemAvailable:    1513672 kB
Buffers:           55008 kB
Cached:           817036 kB
MemTotal:        1844596 kB
MemFree:          746400 kB
MemAvailable:    1513360 kB
Buffers:           55008 kB
Cached:           817036 kB
MemTotal:        1844596 kB
MemFree:          746736 kB
MemAvailable:    1513696 kB
Buffers:           55008 kB
Cached:           817036 kB
MemTotal:        1844596 kB
MemFree:          744480 kB
MemAvailable:    1511440 kB
Buffers:           55008 kB
Cached:           817036 kB
MemTotal:        1844596 kB
MemFree:          745712 kB
MemAvailable:    1512672 kB
Buffers:           55008 kB
Cached:           817036 kB
MemTotal:        1844596 kB
MemFree:          744216 kB
MemAvailable:    1511176 kB
Buffers:           55008 kB
Cached:           817036 kB
MemTotal:        1844596 kB
MemFree:          744472 kB
MemAvailable:    1511432 kB
Buffers:           55008 kB
Cached:           817036 kB
MemTotal:        1844596 kB
MemFree:          744232 kB
MemAvailable:    1511192 kB
Buffers:           55008 kB
Cached:           817036 kB
MemTotal:        1844596 kB
MemFree:          743976 kB
MemAvailable:    1510936 kB
Buffers:           55008 kB
Cached:           817036 kB
MemTotal:        1844596 kB
MemFree:          745340 kB
MemAvailable:    1512300 kB
Buffers:           55008 kB
Cached:           817036 kB
MemTotal:        1844596 kB
MemFree:          744596 kB
MemAvailable:    1511556 kB
Buffers:           55008 kB
Cached:           817036 kB
MemTotal:        1844596 kB
MemFree:          743744 kB
MemAvailable:    1510704 kB
Buffers:           55008 kB
Cached:           817036 kB
MemTotal:        1844596 kB
MemFree:          744320 kB
MemAvailable:    1511280 kB
Buffers:           55008 kB
Cached:           817036 kB
MemTotal:        1844596 kB
MemFree:          743228 kB
MemAvailable:    1510188 kB
Buffers:           55008 kB
Cached:           817036 kB
MemTotal:        1844596 kB
MemFree:          743352 kB
MemAvailable:    1510312 kB
Buffers:           55008 kB
Cached:           817036 kB
MemTotal:        1844596 kB
MemFree:          744328 kB
MemAvailable:    1511288 kB
Buffers:           55008 kB
Cached:           817036 kB
MemTotal:        1844596 kB
MemFree:          744328 kB
MemAvailable:    1511288 kB
Buffers:           55008 kB
Cached:           817036 kB
MemTotal:        1844596 kB
MemFree:          744468 kB
MemAvailable:    1511428 kB
Buffers:           55008 kB
Cached:           817036 kB
MemTotal:        1844596 kB
MemFree:          744480 kB
MemAvailable:    1511440 kB
Buffers:           55008 kB
Cached:           817036 kB
MemTotal:        1844596 kB
MemFree:          744644 kB
MemAvailable:    1511604 kB
Buffers:           55008 kB
Cached:           817036 kB
MemTotal:        1844596 kB
MemFree:          744644 kB
MemAvailable:    1511604 kB
Buffers:           55008 kB
Cached:           817036 kB
MemTotal:        1844596 kB
MemFree:          744144 kB
MemAvailable:    1511104 kB
Buffers:           55008 kB
Cached:           817036 kB
MemTotal:        1844596 kB
MemFree:          744480 kB
MemAvailable:    1511440 kB
Buffers:           55008 kB
Cached:           817036 kB
MemTotal:        1844596 kB
MemFree:          744188 kB
MemAvailable:    1511148 kB
Buffers:           55008 kB
Cached:           817036 kB
MemTotal:        1844596 kB
MemFree:          744188 kB
MemAvailable:    1511148 kB
Buffers:           55008 kB
Cached:           817036 kB
MemTotal:        1844596 kB
MemFree:          743864 kB
MemAvailable:    1510824 kB
Buffers:           55008 kB
Cached:           817036 kB
MemTotal:        1844596 kB
MemFree:          743688 kB
MemAvailable:    1510660 kB
Buffers:           55008 kB
Cached:           817044 kB
MemTotal:        1844596 kB
MemFree:          743604 kB
MemAvailable:    1510576 kB
Buffers:           55008 kB
Cached:           817044 kB
MemTotal:        1844596 kB
MemFree:          742480 kB
MemAvailable:    1509452 kB
Buffers:           55008 kB
Cached:           817044 kB
MemTotal:        1844596 kB
MemFree:          742224 kB
MemAvailable:    1509196 kB
Buffers:           55008 kB
Cached:           817044 kB
MemTotal:        1844596 kB
MemFree:          742224 kB
MemAvailable:    1509196 kB
Buffers:           55008 kB
Cached:           817044 kB
MemTotal:        1844596 kB
MemFree:          742348 kB
MemAvailable:    1509320 kB
Buffers:           55008 kB
Cached:           817044 kB
MemTotal:        1844596 kB
MemFree:          742224 kB
MemAvailable:    1509196 kB
Buffers:           55008 kB
Cached:           817044 kB
MemTotal:        1844596 kB
MemFree:          742224 kB
MemAvailable:    1509196 kB
Buffers:           55008 kB
Cached:           817044 kB
MemTotal:        1844596 kB
MemFree:          742340 kB
MemAvailable:    1509312 kB
Buffers:           55008 kB
Cached:           817044 kB
MemTotal:        1844596 kB
MemFree:          742092 kB
MemAvailable:    1509064 kB
Buffers:           55008 kB
Cached:           817044 kB
MemTotal:        1844596 kB
MemFree:          740636 kB
MemAvailable:    1507608 kB
Buffers:           55008 kB
Cached:           817044 kB
MemTotal:        1844596 kB
MemFree:          738512 kB
MemAvailable:    1505484 kB
Buffers:           55008 kB
Cached:           817044 kB
MemTotal:        1844596 kB
MemFree:          738512 kB
MemAvailable:    1505484 kB
Buffers:           55008 kB
Cached:           817044 kB
MemTotal:        1844596 kB
MemFree:          736048 kB
MemAvailable:    1503020 kB
Buffers:           55008 kB
Cached:           817044 kB
MemTotal:        1844596 kB
MemFree:          735668 kB
MemAvailable:    1502640 kB
Buffers:           55008 kB
Cached:           817044 kB
MemTotal:        1844596 kB
MemFree:          734924 kB
MemAvailable:    1501896 kB
Buffers:           55008 kB
Cached:           817044 kB
MemTotal:        1844596 kB
MemFree:          735456 kB
MemAvailable:    1502428 kB
Buffers:           55008 kB
Cached:           817044 kB
MemTotal:        1844596 kB
MemFree:          735628 kB
MemAvailable:    1502600 kB
Buffers:           55008 kB
Cached:           817044 kB
MemTotal:        1844596 kB
MemFree:          735372 kB
MemAvailable:    1502344 kB
Buffers:           55008 kB
Cached:           817044 kB
MemTotal:        1844596 kB
MemFree:          735532 kB
MemAvailable:    1502504 kB
Buffers:           55008 kB
Cached:           817044 kB
MemTotal:        1844596 kB
MemFree:          735784 kB
MemAvailable:    1502756 kB
Buffers:           55008 kB
Cached:           817044 kB
MemTotal:        1844596 kB
MemFree:          735544 kB
MemAvailable:    1502516 kB
Buffers:           55008 kB
Cached:           817044 kB
MemTotal:        1844596 kB
MemFree:          735312 kB
MemAvailable:    1502284 kB
Buffers:           55008 kB
Cached:           817044 kB
MemTotal:        1844596 kB
MemFree:          735504 kB
MemAvailable:    1502476 kB
Buffers:           55008 kB
Cached:           817044 kB
MemTotal:        1844596 kB
MemFree:          735500 kB
MemAvailable:    1502472 kB
Buffers:           55008 kB
Cached:           817044 kB
MemTotal:        1844596 kB
MemFree:          735464 kB
MemAvailable:    1502436 kB
Buffers:           55008 kB
Cached:           817044 kB
MemTotal:        1844596 kB
MemFree:          735464 kB
MemAvailable:    1502436 kB
Buffers:           55008 kB
Cached:           817044 kB
MemTotal:        1844596 kB
MemFree:          735504 kB
MemAvailable:    1502476 kB
Buffers:           55008 kB
Cached:           817044 kB
MemTotal:        1844596 kB
MemFree:          735308 kB
MemAvailable:    1502280 kB
Buffers:           55008 kB
Cached:           817044 kB
MemTotal:        1844596 kB
MemFree:          734924 kB
MemAvailable:    1501896 kB
Buffers:           55008 kB
Cached:           817044 kB
MemTotal:        1844596 kB
MemFree:          734436 kB
MemAvailable:    1501408 kB
Buffers:           55008 kB
Cached:           817044 kB
MemTotal:        1844596 kB
MemFree:          734296 kB
MemAvailable:    1501268 kB
Buffers:           55008 kB
Cached:           817044 kB
MemTotal:        1844596 kB
MemFree:          734380 kB
MemAvailable:    1501352 kB
Buffers:           55008 kB
Cached:           817044 kB
MemTotal:        1844596 kB
MemFree:          734132 kB
MemAvailable:    1501104 kB
Buffers:           55008 kB
Cached:           817044 kB
MemTotal:        1844596 kB
MemFree:          733936 kB
MemAvailable:    1500908 kB
Buffers:           55008 kB
Cached:           817044 kB
MemTotal:        1844596 kB
MemFree:          733196 kB
MemAvailable:    1500168 kB
Buffers:           55008 kB
Cached:           817044 kB
MemTotal:        1844596 kB
MemFree:          732816 kB
MemAvailable:    1499788 kB
Buffers:           55008 kB
Cached:           817044 kB
MemTotal:        1844596 kB
MemFree:          732816 kB
MemAvailable:    1499788 kB
Buffers:           55008 kB
Cached:           817044 kB
MemTotal:        1844596 kB
MemFree:          731280 kB
MemAvailable:    1498252 kB
Buffers:           55008 kB
Cached:           817044 kB
MemTotal:        1844596 kB
MemFree:          732328 kB
MemAvailable:    1499300 kB
Buffers:           55008 kB
Cached:           817044 kB
MemTotal:        1844596 kB
MemFree:          731336 kB
MemAvailable:    1498308 kB
Buffers:           55008 kB
Cached:           817044 kB
MemTotal:        1844596 kB
MemFree:          731896 kB
MemAvailable:    1498868 kB
Buffers:           55008 kB
Cached:           817044 kB
MemTotal:        1844596 kB
MemFree:          731704 kB
MemAvailable:    1498676 kB
Buffers:           55008 kB
Cached:           817044 kB
MemTotal:        1844596 kB
MemFree:          731520 kB
MemAvailable:    1498492 kB
Buffers:           55008 kB
Cached:           817044 kB
MemTotal:        1844596 kB
MemFree:          731692 kB
MemAvailable:    1498664 kB
Buffers:           55008 kB
Cached:           817044 kB
MemTotal:        1844596 kB
MemFree:          731572 kB
MemAvailable:    1498544 kB
Buffers:           55008 kB
Cached:           817044 kB
MemTotal:        1844596 kB
MemFree:          730468 kB
MemAvailable:    1497440 kB
Buffers:           55008 kB
Cached:           817044 kB
MemTotal:        1844596 kB
MemFree:          730468 kB
MemAvailable:    1497440 kB
Buffers:           55008 kB
Cached:           817044 kB
MemTotal:        1844596 kB
MemFree:          731744 kB
MemAvailable:    1498716 kB
Buffers:           55008 kB
Cached:           817044 kB
MemTotal:        1844596 kB
MemFree:          730832 kB
MemAvailable:    1497804 kB
Buffers:           55008 kB
Cached:           817044 kB
MemTotal:        1844596 kB
MemFree:          730716 kB
MemAvailable:    1497692 kB
Buffers:           55008 kB
Cached:           817048 kB
MemTotal:        1844596 kB
MemFree:          730344 kB
MemAvailable:    1497320 kB
Buffers:           55008 kB
Cached:           817048 kB
MemTotal:        1844596 kB
MemFree:          731080 kB
MemAvailable:    1498056 kB
Buffers:           55008 kB
Cached:           817048 kB
MemTotal:        1844596 kB
MemFree:          730352 kB
MemAvailable:    1497328 kB
Buffers:           55008 kB
Cached:           817048 kB
MemTotal:        1844596 kB
MemFree:          726244 kB
MemAvailable:    1493220 kB
Buffers:           55008 kB
Cached:           817048 kB
MemTotal:        1844596 kB
MemFree:          726580 kB
MemAvailable:    1493556 kB
Buffers:           55008 kB
Cached:           817048 kB
MemTotal:        1844596 kB
MemFree:          726112 kB
MemAvailable:    1493088 kB
Buffers:           55008 kB
Cached:           817048 kB
MemTotal:        1844596 kB
MemFree:          726368 kB
MemAvailable:    1493344 kB
Buffers:           55008 kB
Cached:           817048 kB
MemTotal:        1844596 kB
MemFree:          726048 kB
MemAvailable:    1493024 kB
Buffers:           55008 kB
Cached:           817048 kB
MemTotal:        1844596 kB
MemFree:          724888 kB
MemAvailable:    1491864 kB
Buffers:           55008 kB
Cached:           817048 kB
MemTotal:        1844596 kB
MemFree:          725736 kB
MemAvailable:    1492712 kB
Buffers:           55008 kB
Cached:           817048 kB
MemTotal:        1844596 kB
MemFree:          726072 kB
MemAvailable:    1493048 kB
Buffers:           55008 kB
Cached:           817048 kB
MemTotal:        1844596 kB
MemFree:          725672 kB
MemAvailable:    1492648 kB
Buffers:           55008 kB
Cached:           817048 kB
MemTotal:        1844596 kB
MemFree:          724448 kB
MemAvailable:    1491424 kB
Buffers:           55008 kB
Cached:           817048 kB
MemTotal:        1844596 kB
MemFree:          725680 kB
MemAvailable:    1492656 kB
Buffers:           55008 kB
Cached:           817048 kB
MemTotal:        1844596 kB
MemFree:          724640 kB
MemAvailable:    1491616 kB
Buffers:           55008 kB
Cached:           817048 kB
MemTotal:        1844596 kB
MemFree:          722408 kB
MemAvailable:    1489384 kB
Buffers:           55008 kB
Cached:           817048 kB
MemTotal:        1844596 kB
MemFree:          722716 kB
MemAvailable:    1489692 kB
Buffers:           55008 kB
Cached:           817048 kB
MemTotal:        1844596 kB
MemFree:          723052 kB
MemAvailable:    1490028 kB
Buffers:           55008 kB
Cached:           817048 kB
MemTotal:        1844596 kB
MemFree:          722576 kB
MemAvailable:    1489552 kB
Buffers:           55008 kB
Cached:           817048 kB
MemTotal:        1844596 kB
MemFree:          721476 kB
MemAvailable:    1488452 kB
Buffers:           55008 kB
Cached:           817048 kB
MemTotal:        1844596 kB
MemFree:          721592 kB
MemAvailable:    1488568 kB
Buffers:           55008 kB
Cached:           817048 kB
MemTotal:        1844596 kB
MemFree:          724540 kB
MemAvailable:    1491516 kB
Buffers:           55008 kB
Cached:           817048 kB
MemTotal:        1844596 kB
MemFree:          724516 kB
MemAvailable:    1491492 kB
Buffers:           55008 kB
Cached:           817048 kB
MemTotal:        1844596 kB
MemFree:          724572 kB
MemAvailable:    1491632 kB
Buffers:           55008 kB
Cached:           817172 kB
MemTotal:        1844596 kB
MemFree:          723020 kB
MemAvailable:    1490188 kB
Buffers:           55008 kB
Cached:           817320 kB
MemTotal:        1844596 kB
MemFree:          724488 kB
MemAvailable:    1491740 kB
Buffers:           55008 kB
Cached:           817320 kB
MemTotal:        1844596 kB
MemFree:          723152 kB
MemAvailable:    1490488 kB
Buffers:           55008 kB
Cached:           817444 kB
MemTotal:        1844596 kB
MemFree:          723700 kB
MemAvailable:    1491204 kB
Buffers:           55008 kB
Cached:           817568 kB
MemTotal:        1844596 kB
MemFree:          724036 kB
MemAvailable:    1491540 kB
Buffers:           55008 kB
Cached:           817568 kB
MemTotal:        1844596 kB
MemFree:          723736 kB
MemAvailable:    1491240 kB
Buffers:           55008 kB
Cached:           817692 kB
MemTotal:        1844596 kB
MemFree:          723716 kB
MemAvailable:    1491220 kB
Buffers:           55008 kB
Cached:           817692 kB
MemTotal:        1844596 kB
MemFree:          723692 kB
MemAvailable:    1491196 kB
Buffers:           55008 kB
Cached:           817692 kB
MemTotal:        1844596 kB
MemFree:          723944 kB
MemAvailable:    1491448 kB
Buffers:           55008 kB
Cached:           817692 kB
MemTotal:        1844596 kB
MemFree:          722644 kB
MemAvailable:    1490148 kB
Buffers:           55008 kB
Cached:           817692 kB
MemTotal:        1844596 kB
MemFree:          722512 kB
MemAvailable:    1490016 kB
Buffers:           55008 kB
Cached:           817692 kB
MemTotal:        1844596 kB
MemFree:          723704 kB
MemAvailable:    1491208 kB
Buffers:           55016 kB
Cached:           817684 kB
MemTotal:        1844596 kB
MemFree:          723872 kB
MemAvailable:    1491376 kB
Buffers:           55016 kB
Cached:           817684 kB
MemTotal:        1844596 kB
MemFree:          724096 kB
MemAvailable:    1491840 kB
Buffers:           55016 kB
Cached:           817852 kB
MemTotal:        1844596 kB
MemFree:          792616 kB
MemAvailable:    1559688 kB
Buffers:           55016 kB
Cached:           817096 kB
