MemTotal:        1844596 kB
MemFree:          678992 kB
MemAvailable:    1526356 kB
Buffers:           63148 kB
Cached:           882704 kB
MemTotal:        1844596 kB
MemFree:          679944 kB
MemAvailable:    1527308 kB
Buffers:           63148 kB
Cached:           882704 kB
MemTotal:        1844596 kB
MemFree:          676752 kB
MemAvailable:    1524116 kB
Buffers:           63148 kB
Cached:           882704 kB
MemTotal:        1844596 kB
MemFree:          677008 kB
MemAvailable:    1524372 kB
Buffers:           63148 kB
Cached:           882704 kB
MemTotal:        1844596 kB
MemFree:          676572 kB
MemAvailable:    1523936 kB
Buffers:           63148 kB
Cached:           882704 kB
MemTotal:        1844596 kB
MemFree:          675264 kB
MemAvailable:    1522628 kB
Buffers:           63148 kB
Cached:           882704 kB
MemTotal:        1844596 kB
MemFree:          675264 kB
MemAvailable:    1522628 kB
Buffers:           63148 kB
Cached:           882704 kB
MemTotal:        1844596 kB
MemFree:          672420 kB
MemAvailable:    1519784 kB
Buffers:           63148 kB
Cached:           882704 kB
MemTotal:        1844596 kB
MemFree:          668940 kB
MemAvailable:    1516304 kB
Buffers:           63148 kB
Cached:           882704 kB
MemTotal:        1844596 kB
MemFree:          667964 kB
MemAvailable:    1515328 kB
Buffers:           63148 kB
Cached:           882704 kB
MemTotal:        1844596 kB
MemFree:          666372 kB
MemAvailable:    1513736 kB
Buffers:           63148 kB
Cached:           882704 kB
MemTotal:        1844596 kB
MemFree:          666592 kB
MemAvailable:    1513956 kB
Buffers:           63148 kB
Cached:           882704 kB
MemTotal:        1844596 kB
MemFree:          666440 kB
MemAvailable:    1513804 kB
Buffers:           63148 kB
Cached:           882704 kB
MemTotal:        1844596 kB
MemFree:          665800 kB
MemAvailable:    1513164 kB
Buffers:           63148 kB
Cached:           882704 kB
MemTotal:        1844596 kB
MemFree:          665408 kB
MemAvailable:    1512772 kB
Buffers:           63148 kB
Cached:           882704 kB
MemTotal:        1844596 kB
MemFree:          665292 kB
MemAvailable:    1512656 kB
Buffers:           63148 kB
Cached:           882704 kB
MemTotal:        1844596 kB
MemFree:          665088 kB
MemAvailable:    1512452 kB
Buffers:           63148 kB
Cached:           882704 kB
MemTotal:        1844596 kB
MemFree:          665088 kB
MemAvailable:    1512452 kB
Buffers:           63148 kB
Cached:           882704 kB
MemTotal:        1844596 kB
MemFree:          664096 kB
MemAvailable:    1511460 kB
Buffers:           63148 kB
Cached:           882704 kB
MemTotal:        1844596 kB
MemFree:          663368 kB
MemAvailable:    1510732 kB
Buffers:           63148 kB
Cached:           882704 kB
MemTotal:        1844596 kB
MemFree:          662692 kB
MemAvailable:    1510056 kB
Buffers:           63148 kB
Cached:           882704 kB
MemTotal:        1844596 kB
MemFree:          662684 kB
MemAvailable:    1510048 kB
Buffers:           63148 kB
Cached:           882704 kB
MemTotal:        1844596 kB
MemFree:          663992 kB
MemAvailable:    1511356 kB
Buffers:           63148 kB
Cached:           882704 kB
MemTotal:        1844596 kB
MemFree:          662684 kB
MemAvailable:    1510048 kB
Buffers:           63148 kB
Cached:           882704 kB
MemTotal:        1844596 kB
MemFree:          662932 kB
MemAvailable:    1510296 kB
Buffers:           63148 kB
Cached:           882704 kB
MemTotal:        1844596 kB
MemFree:          662940 kB
MemAvailable:    1510304 kB
Buffers:           63148 kB
Cached:           882704 kB
MemTotal:        1844596 kB
MemFree:          664112 kB
MemAvailable:    1511476 kB
Buffers:           63148 kB
Cached:           882704 kB
MemTotal:        1844596 kB
MemFree:          664112 kB
MemAvailable:    1511476 kB
Buffers:           63148 kB
Cached:           882704 kB
MemTotal:        1844596 kB
MemFree:          663104 kB
MemAvailable:    1510468 kB
Buffers:           63148 kB
Cached:           882704 kB
MemTotal:        1844596 kB
MemFree:          662004 kB
MemAvailable:    1509368 kB
Buffers:           63148 kB
Cached:           882704 kB
MemTotal:        1844596 kB
MemFree:          660640 kB
MemAvailable:    1508004 kB
Buffers:           63148 kB
Cached:           882704 kB
MemTotal:        1844596 kB
MemFree:          660384 kB
MemAvailable:    1507748 kB
Buffers:           63148 kB
Cached:           882704 kB
MemTotal:        1844596 kB
MemFree:          661508 kB
MemAvailable:    1508872 kB
Buffers:           63148 kB
Cached:           882704 kB
MemTotal:        1844596 kB
MemFree:          660624 kB
MemAvailable:    1507988 kB
Buffers:           63148 kB
Cached:           882704 kB
MemTotal:        1844596 kB
MemFree:          660392 kB
MemAvailable:    1507756 kB
Buffers:           63148 kB
Cached:           882704 kB
MemTotal:        1844596 kB
MemFree:          660144 kB
MemAvailable:    1507508 kB
Buffers:           63148 kB
Cached:           882704 kB
MemTotal:        1844596 kB
MemFree:          660096 kB
MemAvailable:    1507460 kB
Buffers:           63148 kB
Cached:           882704 kB
MemTotal:        1844596 kB
MemFree:          659268 kB
MemAvailable:    1506632 kB
Buffers:           63148 kB
Cached:           882704 kB
MemTotal:        1844596 kB
MemFree:          659876 kB
MemAvailable:    1507240 kB
Buffers:           63148 kB
Cached:           882704 kB
MemTotal:        1844596 kB
MemFree:          659764 kB
MemAvailable:    1507128 kB
Buffers:           63148 kB
Cached:           882704 kB
MemTotal:        1844596 kB
MemFree:          659800 kB
MemAvailable:    1507164 kB
Buffers:           63148 kB
Cached:           882704 kB
MemTotal:        1844596 kB
MemFree:          658624 kB
MemAvailable:    1505988 kB
Buffers:           63148 kB
Cached:           882704 kB
MemTotal:        1844596 kB
MemFree:          660000 kB
MemAvailable:    1507364 kB
Buffers:           63148 kB
Cached:           882704 kB
MemTotal:        1844596 kB
MemFree:          658408 kB
MemAvailable:    1505772 kB
Buffers:           63148 kB
Cached:           882704 kB
MemTotal:        1844596 kB
MemFree:          658888 kB
MemAvailable:    1506256 kB
Buffers:           63148 kB
Cached:           882708 kB
MemTotal:        1844596 kB
MemFree:          658904 kB
MemAvailable:    1506272 kB
Buffers:           63148 kB
Cached:           882708 kB
MemTotal:        1844596 kB
MemFree:          657604 kB
MemAvailable:    1504972 kB
Buffers:           63148 kB
Cached:           882708 kB
MemTotal:        1844596 kB
MemFree:          658720 kB
MemAvailable:    1506088 kB
Buffers:           63148 kB
Cached:           882708 kB
MemTotal:        1844596 kB
MemFree:          659056 kB
MemAvailable:    1506424 kB
Buffers:           63148 kB
Cached:           882708 kB
MemTotal:        1844596 kB
MemFree:          658840 kB
MemAvailable:    1506208 kB
Buffers:           63148 kB
Cached:           882708 kB
MemTotal:        1844596 kB
MemFree:          659092 kB
MemAvailable:    1506460 kB
Buffers:           63148 kB
Cached:           882708 kB
MemTotal:        1844596 kB
MemFree:          658856 kB
MemAvailable:    1506224 kB
Buffers:           63148 kB
Cached:           882708 kB
MemTotal:        1844596 kB
MemFree:          657732 kB
MemAvailable:    1505100 kB
Buffers:           63148 kB
Cached:           882708 kB
MemTotal:        1844596 kB
MemFree:          657652 kB
MemAvailable:    1505020 kB
Buffers:           63148 kB
Cached:           882708 kB
MemTotal:        1844596 kB
MemFree:          658580 kB
MemAvailable:    1505948 kB
Buffers:           63148 kB
Cached:           882708 kB
MemTotal:        1844596 kB
MemFree:          658408 kB
MemAvailable:    1505776 kB
Buffers:           63148 kB
Cached:           882708 kB
MemTotal:        1844596 kB
MemFree:          658520 kB
MemAvailable:    1505888 kB
Buffers:           63148 kB
Cached:           882708 kB
MemTotal:        1844596 kB
MemFree:          658124 kB
MemAvailable:    1505492 kB
Buffers:           63148 kB
Cached:           882708 kB
MemTotal:        1844596 kB
MemFree:          656900 kB
MemAvailable:    1504268 kB
Buffers:           63148 kB
Cached:           882708 kB
MemTotal:        1844596 kB
MemFree:          658132 kB
MemAvailable:    1505500 kB
Buffers:           63148 kB
Cached:           882708 kB
MemTotal:        1844596 kB
MemFree:          657044 kB
MemAvailable:    1504412 kB
Buffers:           63148 kB
Cached:           882708 kB
MemTotal:        1844596 kB
MemFree:          658024 kB
MemAvailable:    1505392 kB
Buffers:           63148 kB
Cached:           882708 kB
MemTotal:        1844596 kB
MemFree:          657852 kB
MemAvailable:    1505220 kB
Buffers:           63148 kB
Cached:           882708 kB
MemTotal:        1844596 kB
MemFree:          656612 kB
MemAvailable:    1503980 kB
Buffers:           63148 kB
Cached:           882708 kB
MemTotal:        1844596 kB
MemFree:          656736 kB
MemAvailable:    1504104 kB
Buffers:           63148 kB
Cached:           882708 kB
MemTotal:        1844596 kB
MemFree:          657880 kB
MemAvailable:    1505248 kB
Buffers:           63148 kB
Cached:           882708 kB
MemTotal:        1844596 kB
MemFree:          658132 kB
MemAvailable:    1505500 kB
Buffers:           63148 kB
Cached:           882708 kB
MemTotal:        1844596 kB
MemFree:          657952 kB
MemAvailable:    1505320 kB
Buffers:           63148 kB
Cached:           882708 kB
MemTotal:        1844596 kB
MemFree:          657268 kB
MemAvailable:    1504644 kB
Buffers:           63148 kB
Cached:           882716 kB
MemTotal:        1844596 kB
MemFree:          657268 kB
MemAvailable:    1504644 kB
Buffers:           63148 kB
Cached:           882716 kB
MemTotal:        1844596 kB
MemFree:          654492 kB
MemAvailable:    1501868 kB
Buffers:           63148 kB
Cached:           882716 kB
MemTotal:        1844596 kB
MemFree:          652392 kB
MemAvailable:    1499768 kB
Buffers:           63148 kB
Cached:           882716 kB
MemTotal:        1844596 kB
MemFree:          650332 kB
MemAvailable:    1497708 kB
Buffers:           63148 kB
Cached:           882716 kB
MemTotal:        1844596 kB
MemFree:          650332 kB
MemAvailable:    1497708 kB
Buffers:           63148 kB
Cached:           882716 kB
MemTotal:        1844596 kB
MemFree:          650268 kB
MemAvailable:    1497644 kB
Buffers:           63148 kB
Cached:           882716 kB
MemTotal:        1844596 kB
MemFree:          648836 kB
MemAvailable:    1496212 kB
Buffers:           63148 kB
Cached:           882716 kB
MemTotal:        1844596 kB
MemFree:          649904 kB
MemAvailable:    1497280 kB
Buffers:           63148 kB
Cached:           882716 kB
MemTotal:        1844596 kB
MemFree:          648984 kB
MemAvailable:    1496360 kB
Buffers:           63148 kB
Cached:           882716 kB
MemTotal:        1844596 kB
MemFree:          649920 kB
MemAvailable:    1497296 kB
Buffers:           63148 kB
Cached:           882716 kB
MemTotal:        1844596 kB
MemFree:          650088 kB
MemAvailable:    1497464 kB
Buffers:           63148 kB
Cached:           882716 kB
MemTotal:        1844596 kB
MemFree:          649964 kB
MemAvailable:    1497340 kB
Buffers:           63148 kB
Cached:           882716 kB
MemTotal:        1844596 kB
MemFree:          649976 kB
MemAvailable:    1497352 kB
Buffers:           63148 kB
Cached:           882716 kB
MemTotal:        1844596 kB
MemFree:          649232 kB
MemAvailable:    1496608 kB
Buffers:           63148 kB
Cached:           882716 kB
MemTotal:        1844596 kB
MemFree:          649784 kB
MemAvailable:    1497160 kB
Buffers:           63148 kB
Cached:           882716 kB
MemTotal:        1844596 kB
MemFree:          649784 kB
MemAvailable:    1497160 kB
Buffers:           63148 kB
Cached:           882716 kB
MemTotal:        1844596 kB
MemFree:          648840 kB
MemAvailable:    1496216 kB
Buffers:           63148 kB
Cached:           882716 kB
MemTotal:        1844596 kB
MemFree:          649812 kB
MemAvailable:    1497188 kB
Buffers:           63148 kB
Cached:           882716 kB
MemTotal:        1844596 kB
MemFree:          650064 kB
MemAvailable:    1497440 kB
Buffers:           63148 kB
Cached:           882716 kB
MemTotal:        1844596 kB
MemFree:          649348 kB
MemAvailable:    1496724 kB
Buffers:           63148 kB
Cached:           882716 kB
MemTotal:        1844596 kB
MemFree:          649116 kB
MemAvailable:    1496492 kB
Buffers:           63148 kB
Cached:           882716 kB
MemTotal:        1844596 kB
MemFree:          647728 kB
MemAvailable:    1495104 kB
Buffers:           63148 kB
Cached:           882716 kB
MemTotal:        1844596 kB
MemFree:          647612 kB
MemAvailable:    1494988 kB
Buffers:           63148 kB
Cached:           882716 kB
MemTotal:        1844596 kB
MemFree:          647620 kB
MemAvailable:    1494996 kB
Buffers:           63148 kB
Cached:           882716 kB
MemTotal:        1844596 kB
MemFree:          647124 kB
MemAvailable:    1494500 kB
Buffers:           63148 kB
Cached:           882716 kB
MemTotal:        1844596 kB
MemFree:          646984 kB
MemAvailable:    1494360 kB
Buffers:           63148 kB
Cached:           882716 kB
MemTotal:        1844596 kB
MemFree:          647308 kB
MemAvailable:    1494684 kB
Buffers:           63148 kB
Cached:           882716 kB
MemTotal:        1844596 kB
MemFree:          646496 kB
MemAvailable:    1493872 kB
Buffers:           63148 kB
Cached:           882716 kB
MemTotal:        1844596 kB
MemFree:          646496 kB
MemAvailable:    1493872 kB
Buffers:           63148 kB
Cached:           882716 kB
MemTotal:        1844596 kB
MemFree:          646372 kB
MemAvailable:    1493748 kB
Buffers:           63148 kB
Cached:           882716 kB
MemTotal:        1844596 kB
MemFree:          646512 kB
MemAvailable:    1493888 kB
Buffers:           63148 kB
Cached:           882716 kB
MemTotal:        1844596 kB
MemFree:          645092 kB
MemAvailable:    1492468 kB
Buffers:           63148 kB
Cached:           882716 kB
MemTotal:        1844596 kB
MemFree:          646332 kB
MemAvailable:    1493708 kB
Buffers:           63148 kB
Cached:           882716 kB
MemTotal:        1844596 kB
MemFree:          646200 kB
MemAvailable:    1493576 kB
Buffers:           63148 kB
Cached:           882716 kB
MemTotal:        1844596 kB
MemFree:          645084 kB
MemAvailable:    1492460 kB
Buffers:           63148 kB
Cached:           882716 kB
MemTotal:        1844596 kB
MemFree:          645972 kB
MemAvailable:    1493348 kB
Buffers:           63148 kB
Cached:           882716 kB
MemTotal:        1844596 kB
MemFree:          645972 kB
MemAvailable:    1493348 kB
Buffers:           63148 kB
Cached:           882716 kB
MemTotal:        1844596 kB
MemFree:          646120 kB
MemAvailable:    1493496 kB
Buffers:           63148 kB
Cached:           882716 kB
MemTotal:        1844596 kB
MemFree:          646280 kB
MemAvailable:    1493656 kB
Buffers:           63148 kB
Cached:           882716 kB
MemTotal:        1844596 kB
MemFree:          646256 kB
MemAvailable:    1493632 kB
Buffers:           63148 kB
Cached:           882716 kB
MemTotal:        1844596 kB
MemFree:          645496 kB
MemAvailable:    1492872 kB
Buffers:           63148 kB
Cached:           882716 kB
MemTotal:        1844596 kB
MemFree:          645496 kB
MemAvailable:    1492872 kB
Buffers:           63148 kB
Cached:           882716 kB
MemTotal:        1844596 kB
MemFree:          639676 kB
MemAvailable:    1487052 kB
Buffers:           63148 kB
Cached:           882716 kB
MemTotal:        1844596 kB
MemFree:          640668 kB
MemAvailable:    1488044 kB
Buffers:           63148 kB
Cached:           882716 kB
MemTotal:        1844596 kB
MemFree:          640924 kB
MemAvailable:    1488300 kB
Buffers:           63148 kB
Cached:           882716 kB
MemTotal:        1844596 kB
MemFree:          639428 kB
MemAvailable:    1486804 kB
Buffers:           63148 kB
Cached:           882716 kB
MemTotal:        1844596 kB
MemFree:          639808 kB
MemAvailable:    1487184 kB
Buffers:           63148 kB
Cached:           882716 kB
MemTotal:        1844596 kB
MemFree:          640284 kB
MemAvailable:    1487660 kB
Buffers:           63148 kB
Cached:           882716 kB
MemTotal:        1844596 kB
MemFree:          640284 kB
MemAvailable:    1487660 kB
Buffers:           63148 kB
Cached:           882716 kB
MemTotal:        1844596 kB
MemFree:          639016 kB
MemAvailable:    1486392 kB
Buffers:           63148 kB
Cached:           882716 kB
MemTotal:        1844596 kB
MemFree:          639312 kB
MemAvailable:    1486688 kB
Buffers:           63148 kB
Cached:           882716 kB
MemTotal:        1844596 kB
MemFree:          640480 kB
MemAvailable:    1487860 kB
Buffers:           63148 kB
Cached:           882720 kB
MemTotal:        1844596 kB
MemFree:          640172 kB
MemAvailable:    1487552 kB
Buffers:           63148 kB
Cached:           882720 kB
MemTotal:        1844596 kB
MemFree:          640172 kB
MemAvailable:    1487552 kB
Buffers:           63148 kB
Cached:           882720 kB
MemTotal:        1844596 kB
MemFree:          637692 kB
MemAvailable:    1485072 kB
Buffers:           63148 kB
Cached:           882720 kB
MemTotal:        1844596 kB
MemFree:          636204 kB
MemAvailable:    1483584 kB
Buffers:           63148 kB
Cached:           882720 kB
MemTotal:        1844596 kB
MemFree:          635964 kB
MemAvailable:    1483344 kB
Buffers:           63148 kB
Cached:           882720 kB
MemTotal:        1844596 kB
MemFree:          637072 kB
MemAvailable:    1484452 kB
Buffers:           63148 kB
Cached:           882720 kB
MemTotal:        1844596 kB
MemFree:          637072 kB
MemAvailable:    1484452 kB
Buffers:           63148 kB
Cached:           882720 kB
MemTotal:        1844596 kB
MemFree:          636940 kB
MemAvailable:    1484320 kB
Buffers:           63148 kB
Cached:           882720 kB
MemTotal:        1844596 kB
MemFree:          637080 kB
MemAvailable:    1484460 kB
Buffers:           63148 kB
Cached:           882720 kB
MemTotal:        1844596 kB
MemFree:          638920 kB
MemAvailable:    1486300 kB
Buffers:           63148 kB
Cached:           882720 kB
MemTotal:        1844596 kB
MemFree:          638752 kB
MemAvailable:    1486216 kB
Buffers:           63148 kB
Cached:           882844 kB
MemTotal:        1844596 kB
MemFree:          639004 kB
MemAvailable:    1486468 kB
Buffers:           63148 kB
Cached:           882844 kB
MemTotal:        1844596 kB
MemFree:          639064 kB
MemAvailable:    1486696 kB
Buffers:           63148 kB
Cached:           883092 kB
MemTotal:        1844596 kB
MemFree:          638868 kB
MemAvailable:    1486584 kB
Buffers:           63152 kB
Cached:           883088 kB
MemTotal:        1844596 kB
MemFree:          637700 kB
MemAvailable:    1485500 kB
Buffers:           63152 kB
Cached:           883212 kB
MemTotal:        1844596 kB
MemFree:          638388 kB
MemAvailable:    1486272 kB
Buffers:           63152 kB
Cached:           883212 kB
MemTotal:        1844596 kB
MemFree:          637992 kB
MemAvailable:    1485960 kB
Buffers:           63152 kB
Cached:           883336 kB
MemTotal:        1844596 kB
MemFree:          638244 kB
MemAvailable:    1486212 kB
Buffers:           63152 kB
Cached:           883336 kB
MemTotal:        1844596 kB
MemFree:          638416 kB
MemAvailable:    1486384 kB
Buffers:           63152 kB
Cached:           883336 kB
MemTotal:        1844596 kB
MemFree:          637576 kB
MemAvailable:    1485544 kB
Buffers:           63152 kB
Cached:           883336 kB
MemTotal:        1844596 kB
MemFree:          638156 kB
MemAvailable:    1486140 kB
Buffers:           63152 kB
Cached:           883316 kB
MemTotal:        1844596 kB
MemFree:          638440 kB
MemAvailable:    1486424 kB
Buffers:           63152 kB
Cached:           883316 kB
MemTotal:        1844596 kB
MemFree:          637956 kB
MemAvailable:    1485940 kB
Buffers:           63152 kB
Cached:           883316 kB
MemTotal:        1844596 kB
MemFree:          638188 kB
MemAvailable:    1486172 kB
Buffers:           63152 kB
Cached:           883316 kB
MemTotal:        1844596 kB
MemFree:          638328 kB
MemAvailable:    1486188 kB
Buffers:           63152 kB
Cached:           883316 kB
MemTotal:        1844596 kB
MemFree:          638080 kB
MemAvailable:    1486140 kB
Buffers:           63152 kB
Cached:           883520 kB
MemTotal:        1844596 kB
MemFree:          637916 kB
MemAvailable:    1485388 kB
Buffers:           63152 kB
Cached:           882764 kB
MemTotal:        1844596 kB
MemFree:          707296 kB
MemAvailable:    1554768 kB
Buffers:           63152 kB
Cached:           882764 kB
