MemTotal:        1844596 kB
MemFree:          853220 kB
MemAvailable:    1540996 kB
Buffers:           46572 kB
Cached:           752744 kB
MemTotal:        1844596 kB
MemFree:          850228 kB
MemAvailable:    1538004 kB
Buffers:           46572 kB
Cached:           752744 kB
MemTotal:        1844596 kB
MemFree:          850428 kB
MemAvailable:    1538204 kB
Buffers:           46572 kB
Cached:           752744 kB
MemTotal:        1844596 kB
MemFree:          850232 kB
MemAvailable:    1538008 kB
Buffers:           46572 kB
Cached:           752744 kB
MemTotal:        1844596 kB
MemFree:          849324 kB
MemAvailable:    1537100 kB
Buffers:           46572 kB
Cached:           752744 kB
MemTotal:        1844596 kB
MemFree:          847700 kB
MemAvailable:    1535476 kB
Buffers:           46572 kB
Cached:           752744 kB
MemTotal:        1844596 kB
MemFree:          847456 kB
MemAvailable:    1535232 kB
Buffers:           46572 kB
Cached:           752744 kB
MemTotal:        1844596 kB
MemFree:          847448 kB
MemAvailable:    1535224 kB
Buffers:           46572 kB
Cached:           752744 kB
MemTotal:        1844596 kB
MemFree:          842292 kB
MemAvailable:    1530068 kB
Buffers:           46572 kB
Cached:           752744 kB
MemTotal:        1844596 kB
MemFree:          841440 kB
MemAvailable:    1529216 kB
Buffers:           46572 kB
Cached:           752744 kB
MemTotal:        1844596 kB
MemFree:          838456 kB
MemAvailable:    1526232 kB
Buffers:           46572 kB
Cached:           752744 kB
MemTotal:        1844596 kB
MemFree:          838996 kB
MemAvailable:    1526772 kB
Buffers:           46572 kB
Cached:           752744 kB
MemTotal:        1844596 kB
MemFree:          837844 kB
MemAvailable:    1525620 kB
Buffers:           46572 kB
Cached:           752744 kB
MemTotal:        1844596 kB
MemFree:          839084 kB
MemAvailable:    1526860 kB
Buffers:           46572 kB
Cached:           752744 kB
MemTotal:        1844596 kB
MemFree:          838972 kB
MemAvailable:    1526748 kB
Buffers:           46572 kB
Cached:           752744 kB
MemTotal:        1844596 kB
MemFree:          837832 kB
MemAvailable:    1525608 kB
Buffers:           46572 kB
Cached:           752744 kB
MemTotal:        1844596 kB
MemFree:          837832 kB
MemAvailable:    1525608 kB
Buffers:           46572 kB
Cached:           752744 kB
MemTotal:        1844596 kB
MemFree:          838516 kB
MemAvailable:    1526292 kB
Buffers:           46572 kB
Cached:           752744 kB
MemTotal:        1844596 kB
MemFree:          837084 kB
MemAvailable:    1524860 kB
Buffers:           46572 kB
Cached:           752744 kB
MemTotal:        1844596 kB
MemFree:          837084 kB
MemAvailable:    1524860 kB
Buffers:           46572 kB
Cached:           752744 kB
MemTotal:        1844596 kB
MemFree:          835680 kB
MemAvailable:    1523456 kB
Buffers:           46572 kB
Cached:           752744 kB
MemTotal:        1844596 kB
MemFree:          835804 kB
MemAvailable:    1523580 kB
Buffers:           46572 kB
Cached:           752744 kB
MemTotal:        1844596 kB
MemFree:          836912 kB
MemAvailable:    1524688 kB
Buffers:           46572 kB
Cached:           752744 kB
MemTotal:        1844596 kB
MemFree:          836588 kB
MemAvailable:    1524364 kB
Buffers:           46572 kB
Cached:           752744 kB
MemTotal:        1844596 kB
MemFree:          836840 kB
MemAvailable:    1524616 kB
Buffers:           46572 kB
Cached:           752744 kB
MemTotal:        1844596 kB
MemFree:          836556 kB
MemAvailable:    1524332 kB
Buffers:           46572 kB
Cached:           752744 kB
MemTotal:        1844596 kB
MemFree:          835436 kB
MemAvailable:    1523212 kB
Buffers:           46572 kB
Cached:           752744 kB
MemTotal:        1844596 kB
MemFree:          835860 kB
MemAvailable:    1523636 kB
Buffers:           46572 kB
Cached:           752744 kB
MemTotal:        1844596 kB
MemFree:          836720 kB
MemAvailable:    1524500 kB
Buffers:           46572 kB
Cached:           752748 kB
MemTotal:        1844596 kB
MemFree:          837056 kB
MemAvailable:    1524836 kB
Buffers:           46572 kB
Cached:           752748 kB
MemTotal:        1844596 kB
MemFree:          836648 kB
MemAvailable:    1524428 kB
Buffers:           46572 kB
Cached:           752748 kB
MemTotal:        1844596 kB
MemFree:          836564 kB
MemAvailable:    1524344 kB
Buffers:           46572 kB
Cached:           752748 kB
MemTotal:        1844596 kB
MemFree:          836348 kB
MemAvailable:    1524128 kB
Buffers:           46572 kB
Cached:           752748 kB
MemTotal:        1844596 kB
MemFree:          834612 kB
MemAvailable:    1522392 kB
Buffers:           46572 kB
Cached:           752748 kB
MemTotal:        1844596 kB
MemFree:          834108 kB
MemAvailable:    1521888 kB
Buffers:           46572 kB
Cached:           752748 kB
MemTotal:        1844596 kB
MemFree:          834192 kB
MemAvailable:    1521972 kB
Buffers:           46572 kB
Cached:           752748 kB
MemTotal:        1844596 kB
MemFree:          833504 kB
MemAvailable:    1521284 kB
Buffers:           46572 kB
Cached:           752748 kB
MemTotal:        1844596 kB
MemFree:          832132 kB
MemAvailable:    1519912 kB
Buffers:           46572 kB
Cached:           752748 kB
MemTotal:        1844596 kB
MemFree:          832760 kB
MemAvailable:    1520540 kB
Buffers:           46572 kB
Cached:           752748 kB
MemTotal:        1844596 kB
MemFree:          832884 kB
MemAvailable:    1520664 kB
Buffers:           46572 kB
Cached:           752748 kB
MemTotal:        1844596 kB
MemFree:          832696 kB
MemAvailable:    1520476 kB
Buffers:           46572 kB
Cached:           752748 kB
MemTotal:        1844596 kB
MemFree:          831124 kB
MemAvailable:    1518904 kB
Buffers:           46572 kB
Cached:           752748 kB
MemTotal:        1844596 kB
MemFree:          831388 kB
MemAvailable:    1519168 kB
Buffers:           46572 kB
Cached:           752748 kB
MemTotal:        1844596 kB
MemFree:          832572 kB
MemAvailable:    1520352 kB
Buffers:           46572 kB
Cached:           752748 kB
MemTotal:        1844596 kB
MemFree:          832400 kB
MemAvailable:    1520180 kB
Buffers:           46572 kB
Cached:           752748 kB
MemTotal:        1844596 kB
MemFree:          831944 kB
MemAvailable:    1519724 kB
Buffers:           46572 kB
Cached:           752748 kB
MemTotal:        1844596 kB
MemFree:          832028 kB
MemAvailable:    1519808 kB
Buffers:           46572 kB
Cached:           752748 kB
MemTotal:        1844596 kB
MemFree:          831836 kB
MemAvailable:    1519616 kB
Buffers:           46572 kB
Cached:           752748 kB
MemTotal:        1844596 kB
MemFree:          830588 kB
MemAvailable:    1518368 kB
Buffers:           46572 kB
Cached:           752748 kB
MemTotal:        1844596 kB
MemFree:          830100 kB
MemAvailable:    1517880 kB
Buffers:           46572 kB
Cached:           752748 kB
MemTotal:        1844596 kB
MemFree:          830100 kB
MemAvailable:    1517880 kB
Buffers:           46572 kB
Cached:           752748 kB
MemTotal:        1844596 kB
MemFree:          831332 kB
MemAvailable:    1519112 kB
Buffers:           46572 kB
Cached:           752748 kB
MemTotal:        1844596 kB
MemFree:          830404 kB
MemAvailable:    1518184 kB
Buffers:           46572 kB
Cached:           752748 kB
MemTotal:        1844596 kB
MemFree:          831204 kB
MemAvailable:    1518984 kB
Buffers:           46572 kB
Cached:           752748 kB
MemTotal:        1844596 kB
MemFree:          831204 kB
MemAvailable:    1518984 kB
Buffers:           46572 kB
Cached:           752748 kB
MemTotal:        1844596 kB
MemFree:          831468 kB
MemAvailable:    1519248 kB
Buffers:           46572 kB
Cached:           752748 kB
MemTotal:        1844596 kB
MemFree:          830652 kB
MemAvailable:    1518432 kB
Buffers:           46572 kB
Cached:           752748 kB
MemTotal:        1844596 kB
MemFree:          831512 kB
MemAvailable:    1519296 kB
Buffers:           46572 kB
Cached:           752752 kB
MemTotal:        1844596 kB
MemFree:          831768 kB
MemAvailable:    1519552 kB
Buffers:           46572 kB
Cached:           752752 kB
MemTotal:        1844596 kB
MemFree:          831248 kB
MemAvailable:    1519032 kB
Buffers:           46572 kB
Cached:           752752 kB
MemTotal:        1844596 kB
MemFree:          831500 kB
MemAvailable:    1519284 kB
Buffers:           46572 kB
Cached:           752752 kB
MemTotal:        1844596 kB
MemFree:          831076 kB
MemAvailable:    1518860 kB
Buffers:           46572 kB
Cached:           752752 kB
MemTotal:        1844596 kB
MemFree:          831412 kB
MemAvailable:    1519196 kB
Buffers:           46572 kB
Cached:           752752 kB
MemTotal:        1844596 kB
MemFree:          830084 kB
MemAvailable:    1517876 kB
Buffers:           46572 kB
Cached:           752756 kB
MemTotal:        1844596 kB
MemFree:          830636 kB
MemAvailable:    1518428 kB
Buffers:           46572 kB
Cached:           752756 kB
MemTotal:        1844596 kB
MemFree:          830528 kB
MemAvailable:    1518320 kB
Buffers:           46572 kB
Cached:           752756 kB
MemTotal:        1844596 kB
MemFree:          830340 kB
MemAvailable:    1518132 kB
Buffers:           46572 kB
Cached:           752756 kB
MemTotal:        1844596 kB
MemFree:          830596 kB
MemAvailable:    1518388 kB
Buffers:           46572 kB
Cached:           752756 kB
MemTotal:        1844596 kB
MemFree:          830460 kB
MemAvailable:    1518252 kB
Buffers:           46572 kB
Cached:           752756 kB
MemTotal:        1844596 kB
MemFree:          830460 kB
MemAvailable:    1518252 kB
Buffers:           46572 kB
Cached:           752756 kB
MemTotal:        1844596 kB
MemFree:          830340 kB
MemAvailable:    1518132 kB
Buffers:           46572 kB
Cached:           752756 kB
MemTotal:        1844596 kB
MemFree:          830592 kB
MemAvailable:    1518384 kB
Buffers:           46572 kB
Cached:           752756 kB
MemTotal:        1844596 kB
MemFree:          830444 kB
MemAvailable:    1518236 kB
Buffers:           46572 kB
Cached:           752756 kB
MemTotal:        1844596 kB
MemFree:          830380 kB
MemAvailable:    1518172 kB
Buffers:           46572 kB
Cached:           752756 kB
MemTotal:        1844596 kB
MemFree:          830380 kB
MemAvailable:    1518172 kB
Buffers:           46572 kB
Cached:           752756 kB
MemTotal:        1844596 kB
MemFree:          829892 kB
MemAvailable:    1517684 kB
Buffers:           46572 kB
Cached:           752756 kB
MemTotal:        1844596 kB
MemFree:          829784 kB
MemAvailable:    1517576 kB
Buffers:           46572 kB
Cached:           752756 kB
MemTotal:        1844596 kB
MemFree:          826304 kB
MemAvailable:    1514096 kB
Buffers:           46572 kB
Cached:           752756 kB
MemTotal:        1844596 kB
MemFree:          826268 kB
MemAvailable:    1514060 kB
Buffers:           46572 kB
Cached:           752756 kB
MemTotal:        1844596 kB
MemFree:          822220 kB
MemAvailable:    1510012 kB
Buffers:           46572 kB
Cached:           752756 kB
MemTotal:        1844596 kB
MemFree:          821724 kB
MemAvailable:    1509516 kB
Buffers:           46572 kB
Cached:           752756 kB
MemTotal:        1844596 kB
MemFree:          821476 kB
MemAvailable:    1509268 kB
Buffers:           46572 kB
Cached:           752756 kB
MemTotal:        1844596 kB
MemFree:          821476 kB
MemAvailable:    1509268 kB
Buffers:           46572 kB
Cached:           752756 kB
MemTotal:        1844596 kB
MemFree:          821592 kB
MemAvailable:    1509384 kB
Buffers:           46572 kB
Cached:           752756 kB
MemTotal:        1844596 kB
MemFree:          822460 kB
MemAvailable:    1510252 kB
Buffers:           46572 kB
Cached:           752756 kB
MemTotal:        1844596 kB
MemFree:          822712 kB
MemAvailable:    1510504 kB
Buffers:           46572 kB
Cached:           752756 kB
MemTotal:        1844596 kB
MemFree:          822280 kB
MemAvailable:    1510072 kB
Buffers:           46572 kB
Cached:           752756 kB
MemTotal:        1844596 kB
MemFree:          822616 kB
MemAvailable:    1510408 kB
Buffers:           46572 kB
Cached:           752756 kB
MemTotal:        1844596 kB
MemFree:          821172 kB
MemAvailable:    1508964 kB
Buffers:           46572 kB
Cached:           752756 kB
MemTotal:        1844596 kB
MemFree:          822348 kB
MemAvailable:    1510140 kB
Buffers:           46572 kB
Cached:           752756 kB
MemTotal:        1844596 kB
MemFree:          822348 kB
MemAvailable:    1510140 kB
Buffers:           46572 kB
Cached:           752756 kB
MemTotal:        1844596 kB
MemFree:          822272 kB
MemAvailable:    1510064 kB
Buffers:           46572 kB
Cached:           752756 kB
MemTotal:        1844596 kB
MemFree:          822608 kB
MemAvailable:    1510400 kB
Buffers:           46572 kB
Cached:           752756 kB
MemTotal:        1844596 kB
MemFree:          822308 kB
MemAvailable:    1510100 kB
Buffers:           46572 kB
Cached:           752756 kB
MemTotal:        1844596 kB
MemFree:          822392 kB
MemAvailable:    1510184 kB
Buffers:           46572 kB
Cached:           752756 kB
MemTotal:        1844596 kB
MemFree:          821832 kB
MemAvailable:    1509624 kB
Buffers:           46572 kB
Cached:           752756 kB
MemTotal:        1844596 kB
MemFree:          822168 kB
MemAvailable:    1509960 kB
Buffers:           46572 kB
Cached:           752756 kB
MemTotal:        1844596 kB
MemFree:          820716 kB
MemAvailable:    1508508 kB
Buffers:           46572 kB
Cached:           752756 kB
MemTotal:        1844596 kB
MemFree:          821164 kB
MemAvailable:    1508956 kB
Buffers:           46572 kB
Cached:           752756 kB
MemTotal:        1844596 kB
MemFree:          821160 kB
MemAvailable:    1508952 kB
Buffers:           46572 kB
Cached:           752756 kB
MemTotal:        1844596 kB
MemFree:          820840 kB
MemAvailable:    1508632 kB
Buffers:           46572 kB
Cached:           752756 kB
MemTotal:        1844596 kB
MemFree:          819288 kB
MemAvailable:    1507080 kB
Buffers:           46572 kB
Cached:           752756 kB
MemTotal:        1844596 kB
MemFree:          819368 kB
MemAvailable:    1507160 kB
Buffers:           46572 kB
Cached:           752756 kB
MemTotal:        1844596 kB
MemFree:          819668 kB
MemAvailable:    1507464 kB
Buffers:           46572 kB
Cached:           752760 kB
MemTotal:        1844596 kB
MemFree:          819608 kB
MemAvailable:    1507404 kB
Buffers:           46572 kB
Cached:           752760 kB
MemTotal:        1844596 kB
MemFree:          819608 kB
MemAvailable:    1507404 kB
Buffers:           46572 kB
Cached:           752760 kB
MemTotal:        1844596 kB
MemFree:          818848 kB
MemAvailable:    1506644 kB
Buffers:           46572 kB
Cached:           752760 kB
MemTotal:        1844596 kB
MemFree:          819184 kB
MemAvailable:    1506980 kB
Buffers:           46572 kB
Cached:           752760 kB
MemTotal:        1844596 kB
MemFree:          817856 kB
MemAvailable:    1505652 kB
Buffers:           46572 kB
Cached:           752760 kB
MemTotal:        1844596 kB
MemFree:          818748 kB
MemAvailable:    1506544 kB
Buffers:           46572 kB
Cached:           752760 kB
MemTotal:        1844596 kB
MemFree:          817376 kB
MemAvailable:    1505172 kB
Buffers:           46572 kB
Cached:           752760 kB
MemTotal:        1844596 kB
MemFree:          818560 kB
MemAvailable:    1506356 kB
Buffers:           46572 kB
Cached:           752760 kB
MemTotal:        1844596 kB
MemFree:          818500 kB
MemAvailable:    1506296 kB
Buffers:           46572 kB
Cached:           752760 kB
MemTotal:        1844596 kB
MemFree:          817196 kB
MemAvailable:    1504992 kB
Buffers:           46572 kB
Cached:           752760 kB
MemTotal:        1844596 kB
MemFree:          818672 kB
MemAvailable:    1506468 kB
Buffers:           46572 kB
Cached:           752760 kB
MemTotal:        1844596 kB
MemFree:          818300 kB
MemAvailable:    1506096 kB
Buffers:           46572 kB
Cached:           752760 kB
MemTotal:        1844596 kB
MemFree:          818636 kB
MemAvailable:    1506432 kB
Buffers:           46572 kB
Cached:           752760 kB
MemTotal:        1844596 kB
MemFree:          818236 kB
MemAvailable:    1506032 kB
Buffers:           46572 kB
Cached:           752760 kB
MemTotal:        1844596 kB
MemFree:          818572 kB
MemAvailable:    1506368 kB
Buffers:           46572 kB
Cached:           752760 kB
MemTotal:        1844596 kB
MemFree:          818484 kB
MemAvailable:    1506280 kB
Buffers:           46572 kB
Cached:           752760 kB
MemTotal:        1844596 kB
MemFree:          813284 kB
MemAvailable:    1501080 kB
Buffers:           46572 kB
Cached:           752760 kB
MemTotal:        1844596 kB
MemFree:          813152 kB
MemAvailable:    1500948 kB
Buffers:           46572 kB
Cached:           752760 kB
MemTotal:        1844596 kB
MemFree:          813236 kB
MemAvailable:    1501032 kB
Buffers:           46572 kB
Cached:           752760 kB
MemTotal:        1844596 kB
MemFree:          812988 kB
MemAvailable:    1500784 kB
Buffers:           46572 kB
Cached:           752760 kB
MemTotal:        1844596 kB
MemFree:          812792 kB
MemAvailable:    1500588 kB
Buffers:           46572 kB
Cached:           752760 kB
MemTotal:        1844596 kB
MemFree:          811776 kB
MemAvailable:    1499572 kB
Buffers:           46572 kB
Cached:           752760 kB
MemTotal:        1844596 kB
MemFree:          812828 kB
MemAvailable:    1500624 kB
Buffers:           46572 kB
Cached:           752760 kB
MemTotal:        1844596 kB
MemFree:          811804 kB
MemAvailable:    1499600 kB
Buffers:           46572 kB
Cached:           752760 kB
MemTotal:        1844596 kB
MemFree:          811368 kB
MemAvailable:    1499164 kB
Buffers:           46572 kB
Cached:           752760 kB
MemTotal:        1844596 kB
MemFree:          812484 kB
MemAvailable:    1500280 kB
Buffers:           46572 kB
Cached:           752760 kB
MemTotal:        1844596 kB
MemFree:          812484 kB
MemAvailable:    1500280 kB
Buffers:           46572 kB
Cached:           752760 kB
MemTotal:        1844596 kB
MemFree:          812356 kB
MemAvailable:    1500152 kB
Buffers:           46572 kB
Cached:           752760 kB
MemTotal:        1844596 kB
MemFree:          812452 kB
MemAvailable:    1500248 kB
Buffers:           46572 kB
Cached:           752760 kB
MemTotal:        1844596 kB
MemFree:          812452 kB
MemAvailable:    1500248 kB
Buffers:           46572 kB
Cached:           752760 kB
MemTotal:        1844596 kB
MemFree:          812128 kB
MemAvailable:    1499924 kB
Buffers:           46572 kB
Cached:           752760 kB
MemTotal:        1844596 kB
MemFree:          811476 kB
MemAvailable:    1499272 kB
Buffers:           46572 kB
Cached:           752760 kB
MemTotal:        1844596 kB
MemFree:          810928 kB
MemAvailable:    1498724 kB
Buffers:           46572 kB
Cached:           752760 kB
MemTotal:        1844596 kB
MemFree:          811052 kB
MemAvailable:    1498848 kB
Buffers:           46572 kB
Cached:           752760 kB
MemTotal:        1844596 kB
MemFree:          811492 kB
MemAvailable:    1499288 kB
Buffers:           46572 kB
Cached:           752760 kB
MemTotal:        1844596 kB
MemFree:          809572 kB
MemAvailable:    1497368 kB
Buffers:           46572 kB
Cached:           752760 kB
MemTotal:        1844596 kB
MemFree:          808192 kB
MemAvailable:    1495988 kB
Buffers:           46572 kB
Cached:           752760 kB
MemTotal:        1844596 kB
MemFree:          809556 kB
MemAvailable:    1497352 kB
Buffers:           46572 kB
Cached:           752760 kB
MemTotal:        1844596 kB
MemFree:          809308 kB
MemAvailable:    1497104 kB
Buffers:           46572 kB
Cached:           752760 kB
MemTotal:        1844596 kB
MemFree:          809168 kB
MemAvailable:    1496964 kB
Buffers:           46572 kB
Cached:           752760 kB
MemTotal:        1844596 kB
MemFree:          809144 kB
MemAvailable:    1496940 kB
Buffers:           46572 kB
Cached:           752760 kB
MemTotal:        1844596 kB
MemFree:          809220 kB
MemAvailable:    1497020 kB
Buffers:           46572 kB
Cached:           752764 kB
MemTotal:        1844596 kB
MemFree:          808448 kB
MemAvailable:    1496248 kB
Buffers:           46572 kB
Cached:           752764 kB
MemTotal:        1844596 kB
MemFree:          809908 kB
MemAvailable:    1497708 kB
Buffers:           46572 kB
Cached:           752764 kB
MemTotal:        1844596 kB
MemFree:          809784 kB
MemAvailable:    1497584 kB
Buffers:           46572 kB
Cached:           752888 kB
MemTotal:        1844596 kB
MemFree:          811148 kB
MemAvailable:    1499116 kB
Buffers:           46572 kB
Cached:           753012 kB
MemTotal:        1844596 kB
MemFree:          811148 kB
MemAvailable:    1499284 kB
Buffers:           46572 kB
Cached:           753136 kB
MemTotal:        1844596 kB
MemFree:          811520 kB
MemAvailable:    1499656 kB
Buffers:           46572 kB
Cached:           753136 kB
MemTotal:        1844596 kB
MemFree:          809820 kB
MemAvailable:    1498124 kB
Buffers:           46572 kB
Cached:           753260 kB
MemTotal:        1844596 kB
MemFree:          809556 kB
MemAvailable:    1497860 kB
Buffers:           46572 kB
Cached:           753384 kB
MemTotal:        1844596 kB
MemFree:          810680 kB
MemAvailable:    1499068 kB
Buffers:           46572 kB
Cached:           753384 kB
MemTotal:        1844596 kB
MemFree:          809944 kB
MemAvailable:    1498416 kB
Buffers:           46572 kB
Cached:           753384 kB
MemTotal:        1844596 kB
MemFree:          810300 kB
MemAvailable:    1498772 kB
Buffers:           46572 kB
Cached:           753384 kB
MemTotal:        1844596 kB
MemFree:          810488 kB
MemAvailable:    1498960 kB
Buffers:           46572 kB
Cached:           753384 kB
MemTotal:        1844596 kB
MemFree:          810248 kB
MemAvailable:    1498720 kB
Buffers:           46572 kB
Cached:           753384 kB
MemTotal:        1844596 kB
MemFree:          810504 kB
MemAvailable:    1498976 kB
Buffers:           46572 kB
Cached:           753384 kB
MemTotal:        1844596 kB
MemFree:          810284 kB
MemAvailable:    1498756 kB
Buffers:           46572 kB
Cached:           753384 kB
MemTotal:        1844596 kB
MemFree:          810540 kB
MemAvailable:    1499012 kB
Buffers:           46572 kB
Cached:           753384 kB
MemTotal:        1844596 kB
MemFree:          819652 kB
MemAvailable:    1507536 kB
Buffers:           46572 kB
Cached:           752836 kB
MemTotal:        1844596 kB
MemFree:          877780 kB
MemAvailable:    1565664 kB
Buffers:           46572 kB
Cached:           752836 kB
