MemTotal:        1844596 kB
MemFree:          723136 kB
MemAvailable:    1529184 kB
Buffers:           58952 kB
Cached:           848968 kB
MemTotal:        1844596 kB
MemFree:          722020 kB
MemAvailable:    1528068 kB
Buffers:           58952 kB
Cached:           848968 kB
MemTotal:        1844596 kB
MemFree:          721824 kB
MemAvailable:    1527872 kB
Buffers:           58952 kB
Cached:           848968 kB
MemTotal:        1844596 kB
MemFree:          720276 kB
MemAvailable:    1526324 kB
Buffers:           58952 kB
Cached:           848968 kB
MemTotal:        1844596 kB
MemFree:          720360 kB
MemAvailable:    1526408 kB
Buffers:           58952 kB
Cached:           848968 kB
MemTotal:        1844596 kB
MemFree:          718292 kB
MemAvailable:    1524340 kB
Buffers:           58952 kB
Cached:           848968 kB
MemTotal:        1844596 kB
MemFree:          718300 kB
MemAvailable:    1524348 kB
Buffers:           58952 kB
Cached:           848968 kB
MemTotal:        1844596 kB
MemFree:          713448 kB
MemAvailable:    1519496 kB
Buffers:           58952 kB
Cached:           848968 kB
MemTotal:        1844596 kB
MemFree:          713448 kB
MemAvailable:    1519496 kB
Buffers:           58952 kB
Cached:           848968 kB
MemTotal:        1844596 kB
MemFree:          708380 kB
MemAvailable:    1514428 kB
Buffers:           58952 kB
Cached:           848968 kB
MemTotal:        1844596 kB
MemFree:          709324 kB
MemAvailable:    1515372 kB
Buffers:           58952 kB
Cached:           848968 kB
MemTotal:        1844596 kB
MemFree:          710556 kB
MemAvailable:    1516604 kB
Buffers:           58952 kB
Cached:           848968 kB
MemTotal:        1844596 kB
MemFree:          710728 kB
MemAvailable:    1516776 kB
Buffers:           58952 kB
Cached:           848968 kB
MemTotal:        1844596 kB
MemFree:          709868 kB
MemAvailable:    1515916 kB
Buffers:           58952 kB
Cached:           848968 kB
MemTotal:        1844596 kB
MemFree:          710472 kB
MemAvailable:    1516520 kB
Buffers:           58952 kB
Cached:           848968 kB
MemTotal:        1844596 kB
MemFree:          710472 kB
MemAvailable:    1516520 kB
Buffers:           58952 kB
Cached:           848968 kB
MemTotal:        1844596 kB
MemFree:          708372 kB
MemAvailable:    1514420 kB
Buffers:           58952 kB
Cached:           848968 kB
MemTotal:        1844596 kB
MemFree:          708732 kB
MemAvailable:    1514780 kB
Buffers:           58952 kB
Cached:           848968 kB
MemTotal:        1844596 kB
MemFree:          707132 kB
MemAvailable:    1513180 kB
Buffers:           58952 kB
Cached:           848968 kB
MemTotal:        1844596 kB
MemFree:          707912 kB
MemAvailable:    1513964 kB
Buffers:           58952 kB
Cached:           848972 kB
MemTotal:        1844596 kB
MemFree:          708248 kB
MemAvailable:    1514300 kB
Buffers:           58952 kB
Cached:           848972 kB
MemTotal:        1844596 kB
MemFree:          706704 kB
MemAvailable:    1512756 kB
Buffers:           58952 kB
Cached:           848972 kB
MemTotal:        1844596 kB
MemFree:          708036 kB
MemAvailable:    1514088 kB
Buffers:           58952 kB
Cached:           848972 kB
MemTotal:        1844596 kB
MemFree:          707980 kB
MemAvailable:    1514032 kB
Buffers:           58952 kB
Cached:           848972 kB
MemTotal:        1844596 kB
MemFree:          707636 kB
MemAvailable:    1513688 kB
Buffers:           58952 kB
Cached:           848972 kB
MemTotal:        1844596 kB
MemFree:          708048 kB
MemAvailable:    1514100 kB
Buffers:           58952 kB
Cached:           848972 kB
MemTotal:        1844596 kB
MemFree:          707264 kB
MemAvailable:    1513316 kB
Buffers:           58952 kB
Cached:           848972 kB
MemTotal:        1844596 kB
MemFree:          709108 kB
MemAvailable:    1515160 kB
Buffers:           58952 kB
Cached:           848972 kB
MemTotal:        1844596 kB
MemFree:          709444 kB
MemAvailable:    1515496 kB
Buffers:           58952 kB
Cached:           848972 kB
MemTotal:        1844596 kB
MemFree:          708992 kB
MemAvailable:    1515044 kB
Buffers:           58952 kB
Cached:           848972 kB
MemTotal:        1844596 kB
MemFree:          706768 kB
MemAvailable:    1512820 kB
Buffers:           58952 kB
Cached:           848972 kB
MemTotal:        1844596 kB
MemFree:          705884 kB
MemAvailable:    1511936 kB
Buffers:           58952 kB
Cached:           848972 kB
MemTotal:        1844596 kB
MemFree:          705884 kB
MemAvailable:    1511936 kB
Buffers:           58952 kB
Cached:           848972 kB
MemTotal:        1844596 kB
MemFree:          705208 kB
MemAvailable:    1511260 kB
Buffers:           58952 kB
Cached:           848972 kB
MemTotal:        1844596 kB
MemFree:          703908 kB
MemAvailable:    1509960 kB
Buffers:           58952 kB
Cached:           848972 kB
MemTotal:        1844596 kB
MemFree:          703544 kB
MemAvailable:    1509596 kB
Buffers:           58952 kB
Cached:           848972 kB
MemTotal:        1844596 kB
MemFree:          702792 kB
MemAvailable:    1508844 kB
Buffers:           58952 kB
Cached:           848972 kB
MemTotal:        1844596 kB
MemFree:          702660 kB
MemAvailable:    1508712 kB
Buffers:           58952 kB
Cached:           848972 kB
MemTotal:        1844596 kB
MemFree:          703968 kB
MemAvailable:    1510020 kB
Buffers:           58952 kB
Cached:           848972 kB
MemTotal:        1844596 kB
MemFree:          703728 kB
MemAvailable:    1509780 kB
Buffers:           58952 kB
Cached:           848972 kB
MemTotal:        1844596 kB
MemFree:          704064 kB
MemAvailable:    1510116 kB
Buffers:           58952 kB
Cached:           848972 kB
MemTotal:        1844596 kB
MemFree:          703896 kB
MemAvailable:    1509948 kB
Buffers:           58952 kB
Cached:           848972 kB
MemTotal:        1844596 kB
MemFree:          703364 kB
MemAvailable:    1509416 kB
Buffers:           58952 kB
Cached:           848972 kB
MemTotal:        1844596 kB
MemFree:          703364 kB
MemAvailable:    1509416 kB
Buffers:           58952 kB
Cached:           848972 kB
MemTotal:        1844596 kB
MemFree:          703364 kB
MemAvailable:    1509416 kB
Buffers:           58952 kB
Cached:           848972 kB
MemTotal:        1844596 kB
MemFree:          703040 kB
MemAvailable:    1509092 kB
Buffers:           58952 kB
Cached:           848972 kB
MemTotal:        1844596 kB
MemFree:          702908 kB
MemAvailable:    1508960 kB
Buffers:           58952 kB
Cached:           848972 kB
MemTotal:        1844596 kB
MemFree:          701768 kB
MemAvailable:    1507820 kB
Buffers:           58952 kB
Cached:           848972 kB
MemTotal:        1844596 kB
MemFree:          703008 kB
MemAvailable:    1509060 kB
Buffers:           58952 kB
Cached:           848972 kB
MemTotal:        1844596 kB
MemFree:          702984 kB
MemAvailable:    1509036 kB
Buffers:           58952 kB
Cached:           848972 kB
MemTotal:        1844596 kB
MemFree:          701676 kB
MemAvailable:    1507728 kB
Buffers:           58952 kB
Cached:           848972 kB
MemTotal:        1844596 kB
MemFree:          702736 kB
MemAvailable:    1508788 kB
Buffers:           58952 kB
Cached:           848972 kB
MemTotal:        1844596 kB
MemFree:          702988 kB
MemAvailable:    1509040 kB
Buffers:           58952 kB
Cached:           848972 kB
MemTotal:        1844596 kB
MemFree:          701684 kB
MemAvailable:    1507736 kB
Buffers:           58952 kB
Cached:           848972 kB
MemTotal:        1844596 kB
MemFree:          701932 kB
MemAvailable:    1507984 kB
Buffers:           58952 kB
Cached:           848972 kB
MemTotal:        1844596 kB
MemFree:          702660 kB
MemAvailable:    1508712 kB
Buffers:           58952 kB
Cached:           848972 kB
MemTotal:        1844596 kB
MemFree:          702660 kB
MemAvailable:    1508712 kB
Buffers:           58952 kB
Cached:           848972 kB
MemTotal:        1844596 kB
MemFree:          702440 kB
MemAvailable:    1508496 kB
Buffers:           58952 kB
Cached:           848976 kB
MemTotal:        1844596 kB
MemFree:          701140 kB
MemAvailable:    1507196 kB
Buffers:           58952 kB
Cached:           848976 kB
MemTotal:        1844596 kB
MemFree:          701264 kB
MemAvailable:    1507320 kB
Buffers:           58952 kB
Cached:           848976 kB
MemTotal:        1844596 kB
MemFree:          701048 kB
MemAvailable:    1507104 kB
Buffers:           58952 kB
Cached:           848976 kB
MemTotal:        1844596 kB
MemFree:          702164 kB
MemAvailable:    1508220 kB
Buffers:           58952 kB
Cached:           848976 kB
MemTotal:        1844596 kB
MemFree:          700924 kB
MemAvailable:    1506980 kB
Buffers:           58952 kB
Cached:           848976 kB
MemTotal:        1844596 kB
MemFree:          702180 kB
MemAvailable:    1508236 kB
Buffers:           58952 kB
Cached:           848976 kB
MemTotal:        1844596 kB
MemFree:          700932 kB
MemAvailable:    1506988 kB
Buffers:           58952 kB
Cached:           848976 kB
MemTotal:        1844596 kB
MemFree:          701916 kB
MemAvailable:    1507972 kB
Buffers:           58952 kB
Cached:           848976 kB
MemTotal:        1844596 kB
MemFree:          702168 kB
MemAvailable:    1508224 kB
Buffers:           58952 kB
Cached:           848976 kB
MemTotal:        1844596 kB
MemFree:          702040 kB
MemAvailable:    1508096 kB
Buffers:           58952 kB
Cached:           848976 kB
MemTotal:        1844596 kB
MemFree:          701752 kB
MemAvailable:    1507808 kB
Buffers:           58952 kB
Cached:           848976 kB
MemTotal:        1844596 kB
MemFree:          701752 kB
MemAvailable:    1507808 kB
Buffers:           58952 kB
Cached:           848976 kB
MemTotal:        1844596 kB
MemFree:          699948 kB
MemAvailable:    1506004 kB
Buffers:           58952 kB
Cached:           848976 kB
MemTotal:        1844596 kB
MemFree:          698088 kB
MemAvailable:    1504144 kB
Buffers:           58952 kB
Cached:           848976 kB
MemTotal:        1844596 kB
MemFree:          695484 kB
MemAvailable:    1501540 kB
Buffers:           58952 kB
Cached:           848976 kB
MemTotal:        1844596 kB
MemFree:          694352 kB
MemAvailable:    1500408 kB
Buffers:           58952 kB
Cached:           848976 kB
MemTotal:        1844596 kB
MemFree:          694352 kB
MemAvailable:    1500408 kB
Buffers:           58952 kB
Cached:           848976 kB
MemTotal:        1844596 kB
MemFree:          693964 kB
MemAvailable:    1500020 kB
Buffers:           58952 kB
Cached:           848976 kB
MemTotal:        1844596 kB
MemFree:          694300 kB
MemAvailable:    1500356 kB
Buffers:           58952 kB
Cached:           848976 kB
MemTotal:        1844596 kB
MemFree:          692552 kB
MemAvailable:    1498608 kB
Buffers:           58952 kB
Cached:           848976 kB
MemTotal:        1844596 kB
MemFree:          693872 kB
MemAvailable:    1499928 kB
Buffers:           58952 kB
Cached:           848976 kB
MemTotal:        1844596 kB
MemFree:          693848 kB
MemAvailable:    1499904 kB
Buffers:           58952 kB
Cached:           848976 kB
MemTotal:        1844596 kB
MemFree:          693848 kB
MemAvailable:    1499904 kB
Buffers:           58952 kB
Cached:           848976 kB
MemTotal:        1844596 kB
MemFree:          693928 kB
MemAvailable:    1499984 kB
Buffers:           58952 kB
Cached:           848976 kB
MemTotal:        1844596 kB
MemFree:          694096 kB
MemAvailable:    1500152 kB
Buffers:           58952 kB
Cached:           848976 kB
MemTotal:        1844596 kB
MemFree:          693676 kB
MemAvailable:    1499732 kB
Buffers:           58952 kB
Cached:           848976 kB
MemTotal:        1844596 kB
MemFree:          694012 kB
MemAvailable:    1500068 kB
Buffers:           58952 kB
Cached:           848976 kB
MemTotal:        1844596 kB
MemFree:          693804 kB
MemAvailable:    1499860 kB
Buffers:           58952 kB
Cached:           848976 kB
MemTotal:        1844596 kB
MemFree:          694140 kB
MemAvailable:    1500196 kB
Buffers:           58952 kB
Cached:           848976 kB
MemTotal:        1844596 kB
MemFree:          692564 kB
MemAvailable:    1498620 kB
Buffers:           58952 kB
Cached:           848976 kB
MemTotal:        1844596 kB
MemFree:          692812 kB
MemAvailable:    1498868 kB
Buffers:           58952 kB
Cached:           848976 kB
MemTotal:        1844596 kB
MemFree:          693624 kB
MemAvailable:    1499680 kB
Buffers:           58952 kB
Cached:           848976 kB
MemTotal:        1844596 kB
MemFree:          692392 kB
MemAvailable:    1498448 kB
Buffers:           58952 kB
Cached:           848976 kB
MemTotal:        1844596 kB
MemFree:          693172 kB
MemAvailable:    1499232 kB
Buffers:           58952 kB
Cached:           848980 kB
MemTotal:        1844596 kB
MemFree:          691640 kB
MemAvailable:    1497700 kB
Buffers:           58952 kB
Cached:           848980 kB
MemTotal:        1844596 kB
MemFree:          692196 kB
MemAvailable:    1498256 kB
Buffers:           58952 kB
Cached:           848980 kB
MemTotal:        1844596 kB
MemFree:          692452 kB
MemAvailable:    1498512 kB
Buffers:           58952 kB
Cached:           848980 kB
MemTotal:        1844596 kB
MemFree:          690824 kB
MemAvailable:    1496884 kB
Buffers:           58952 kB
Cached:           848980 kB
MemTotal:        1844596 kB
MemFree:          691384 kB
MemAvailable:    1497444 kB
Buffers:           58952 kB
Cached:           848980 kB
MemTotal:        1844596 kB
MemFree:          691004 kB
MemAvailable:    1497064 kB
Buffers:           58952 kB
Cached:           848980 kB
MemTotal:        1844596 kB
MemFree:          691004 kB
MemAvailable:    1497064 kB
Buffers:           58952 kB
Cached:           848980 kB
MemTotal:        1844596 kB
MemFree:          690384 kB
MemAvailable:    1496444 kB
Buffers:           58952 kB
Cached:           848980 kB
MemTotal:        1844596 kB
MemFree:          690384 kB
MemAvailable:    1496444 kB
Buffers:           58952 kB
Cached:           848980 kB
MemTotal:        1844596 kB
MemFree:          690080 kB
MemAvailable:    1496140 kB
Buffers:           58952 kB
Cached:           848980 kB
MemTotal:        1844596 kB
MemFree:          690416 kB
MemAvailable:    1496476 kB
Buffers:           58952 kB
Cached:           848980 kB
MemTotal:        1844596 kB
MemFree:          689948 kB
MemAvailable:    1496008 kB
Buffers:           58952 kB
Cached:           848980 kB
MemTotal:        1844596 kB
MemFree:          690200 kB
MemAvailable:    1496260 kB
Buffers:           58952 kB
Cached:           848980 kB
MemTotal:        1844596 kB
MemFree:          690140 kB
MemAvailable:    1496200 kB
Buffers:           58952 kB
Cached:           848980 kB
MemTotal:        1844596 kB
MemFree:          690092 kB
MemAvailable:    1496152 kB
Buffers:           58952 kB
Cached:           848980 kB
MemTotal:        1844596 kB
MemFree:          690088 kB
MemAvailable:    1496148 kB
Buffers:           58952 kB
Cached:           848980 kB
MemTotal:        1844596 kB
MemFree:          690060 kB
MemAvailable:    1496120 kB
Buffers:           58952 kB
Cached:           848980 kB
MemTotal:        1844596 kB
MemFree:          689408 kB
MemAvailable:    1495468 kB
Buffers:           58952 kB
Cached:           848980 kB
MemTotal:        1844596 kB
MemFree:          689516 kB
MemAvailable:    1495580 kB
Buffers:           58952 kB
Cached:           848984 kB
MemTotal:        1844596 kB
MemFree:          689852 kB
MemAvailable:    1495916 kB
Buffers:           58952 kB
Cached:           848984 kB
MemTotal:        1844596 kB
MemFree:          688400 kB
MemAvailable:    1494464 kB
Buffers:           58952 kB
Cached:           848984 kB
MemTotal:        1844596 kB
MemFree:          685008 kB
MemAvailable:    1491072 kB
Buffers:           58952 kB
Cached:           848984 kB
MemTotal:        1844596 kB
MemFree:          684432 kB
MemAvailable:    1490496 kB
Buffers:           58952 kB
Cached:           848984 kB
MemTotal:        1844596 kB
MemFree:          684432 kB
MemAvailable:    1490496 kB
Buffers:           58952 kB
Cached:           848984 kB
MemTotal:        1844596 kB
MemFree:          684400 kB
MemAvailable:    1490464 kB
Buffers:           58952 kB
Cached:           848984 kB
MemTotal:        1844596 kB
MemFree:          684372 kB
MemAvailable:    1490436 kB
Buffers:           58952 kB
Cached:           848984 kB
MemTotal:        1844596 kB
MemFree:          684132 kB
MemAvailable:    1490196 kB
Buffers:           58952 kB
Cached:           848984 kB
MemTotal:        1844596 kB
MemFree:          683564 kB
MemAvailable:    1489628 kB
Buffers:           58952 kB
Cached:           848984 kB
MemTotal:        1844596 kB
MemFree:          683048 kB
MemAvailable:    1489112 kB
Buffers:           58952 kB
Cached:           848984 kB
MemTotal:        1844596 kB
MemFree:          684296 kB
MemAvailable:    1490360 kB
Buffers:           58952 kB
Cached:           848984 kB
MemTotal:        1844596 kB
MemFree:          684428 kB
MemAvailable:    1490492 kB
Buffers:           58952 kB
Cached:           848984 kB
MemTotal:        1844596 kB
MemFree:          683208 kB
MemAvailable:    1489272 kB
Buffers:           58952 kB
Cached:           848984 kB
MemTotal:        1844596 kB
MemFree:          683516 kB
MemAvailable:    1489580 kB
Buffers:           58952 kB
Cached:           848984 kB
MemTotal:        1844596 kB
MemFree:          681208 kB
MemAvailable:    1487272 kB
Buffers:           58952 kB
Cached:           848984 kB
MemTotal:        1844596 kB
MemFree:          681208 kB
MemAvailable:    1487272 kB
Buffers:           58952 kB
Cached:           848984 kB
MemTotal:        1844596 kB
MemFree:          679672 kB
MemAvailable:    1485736 kB
Buffers:           58952 kB
Cached:           848984 kB
MemTotal:        1844596 kB
MemFree:          680788 kB
MemAvailable:    1486852 kB
Buffers:           58952 kB
Cached:           848984 kB
MemTotal:        1844596 kB
MemFree:          680788 kB
MemAvailable:    1486852 kB
Buffers:           58952 kB
Cached:           848984 kB
MemTotal:        1844596 kB
MemFree:          679672 kB
MemAvailable:    1485736 kB
Buffers:           58952 kB
Cached:           848984 kB
MemTotal:        1844596 kB
MemFree:          680940 kB
MemAvailable:    1487004 kB
Buffers:           58952 kB
Cached:           848984 kB
MemTotal:        1844596 kB
MemFree:          680940 kB
MemAvailable:    1487004 kB
Buffers:           58952 kB
Cached:           848984 kB
MemTotal:        1844596 kB
MemFree:          682880 kB
MemAvailable:    1488944 kB
Buffers:           58952 kB
Cached:           848984 kB
MemTotal:        1844596 kB
MemFree:          681680 kB
MemAvailable:    1487744 kB
Buffers:           58952 kB
Cached:           848984 kB
MemTotal:        1844596 kB
MemFree:          681588 kB
MemAvailable:    1487760 kB
Buffers:           58952 kB
Cached:           849132 kB
MemTotal:        1844596 kB
MemFree:          682696 kB
MemAvailable:    1489120 kB
Buffers:           58952 kB
Cached:           849380 kB
MemTotal:        1844596 kB
MemFree:          682696 kB
MemAvailable:    1489120 kB
Buffers:           58952 kB
Cached:           849380 kB
MemTotal:        1844596 kB
MemFree:          682324 kB
MemAvailable:    1488916 kB
Buffers:           58952 kB
Cached:           849628 kB
MemTotal:        1844596 kB
MemFree:          682580 kB
MemAvailable:    1489172 kB
Buffers:           58952 kB
Cached:           849628 kB
MemTotal:        1844596 kB
MemFree:          680952 kB
MemAvailable:    1487544 kB
Buffers:           58952 kB
Cached:           849628 kB
MemTotal:        1844596 kB
MemFree:          681084 kB
MemAvailable:    1487760 kB
Buffers:           58952 kB
Cached:           849628 kB
MemTotal:        1844596 kB
MemFree:          682316 kB
MemAvailable:    1488992 kB
Buffers:           58952 kB
Cached:           849628 kB
MemTotal:        1844596 kB
MemFree:          682068 kB
MemAvailable:    1488744 kB
Buffers:           58952 kB
Cached:           849628 kB
MemTotal:        1844596 kB
MemFree:          682068 kB
MemAvailable:    1488744 kB
Buffers:           58952 kB
Cached:           849628 kB
MemTotal:        1844596 kB
MemFree:          682252 kB
MemAvailable:    1488928 kB
Buffers:           58952 kB
Cached:           849628 kB
MemTotal:        1844596 kB
MemFree:          682372 kB
MemAvailable:    1489048 kB
Buffers:           58952 kB
Cached:           849628 kB
MemTotal:        1844596 kB
MemFree:          682200 kB
MemAvailable:    1488960 kB
Buffers:           58952 kB
Cached:           849752 kB
MemTotal:        1844596 kB
MemFree:          681340 kB
MemAvailable:    1487428 kB
Buffers:           58952 kB
Cached:           849080 kB
MemTotal:        1844596 kB
MemFree:          745984 kB
MemAvailable:    1552156 kB
Buffers:           58952 kB
Cached:           849080 kB
