MemTotal:        1844596 kB
MemFree:          619528 kB
MemAvailable:    1521920 kB
Buffers:           68252 kB
Cached:           927176 kB
MemTotal:        1844596 kB
MemFree:          618156 kB
MemAvailable:    1520548 kB
Buffers:           68252 kB
Cached:           927176 kB
MemTotal:        1844596 kB
MemFree:          617420 kB
MemAvailable:    1519812 kB
Buffers:           68252 kB
Cached:           927176 kB
MemTotal:        1844596 kB
MemFree:          614684 kB
MemAvailable:    1517076 kB
Buffers:           68252 kB
Cached:           927176 kB
MemTotal:        1844596 kB
MemFree:          614684 kB
MemAvailable:    1517076 kB
Buffers:           68252 kB
Cached:           927176 kB
MemTotal:        1844596 kB
MemFree:          614064 kB
MemAvailable:    1516456 kB
Buffers:           68252 kB
Cached:           927176 kB
MemTotal:        1844596 kB
MemFree:          611096 kB
MemAvailable:    1513488 kB
Buffers:           68252 kB
Cached:           927176 kB
MemTotal:        1844596 kB
MemFree:          609412 kB
MemAvailable:    1511804 kB
Buffers:           68252 kB
Cached:           927176 kB
MemTotal:        1844596 kB
MemFree:          604724 kB
MemAvailable:    1507116 kB
Buffers:           68252 kB
Cached:           927176 kB
MemTotal:        1844596 kB
MemFree:          604892 kB
MemAvailable:    1507284 kB
Buffers:           68252 kB
Cached:           927176 kB
MemTotal:        1844596 kB
MemFree:          605932 kB
MemAvailable:    1508328 kB
Buffers:           68252 kB
Cached:           927180 kB
MemTotal:        1844596 kB
MemFree:          604772 kB
MemAvailable:    1507168 kB
Buffers:           68252 kB
Cached:           927180 kB
MemTotal:        1844596 kB
MemFree:          605916 kB
MemAvailable:    1508312 kB
Buffers:           68252 kB
Cached:           927180 kB
MemTotal:        1844596 kB
MemFree:          606088 kB
MemAvailable:    1508484 kB
Buffers:           68252 kB
Cached:           927180 kB
MemTotal:        1844596 kB
MemFree:          605924 kB
MemAvailable:    1508320 kB
Buffers:           68252 kB
Cached:           927180 kB
MemTotal:        1844596 kB
MemFree:          604152 kB
MemAvailable:    1506548 kB
Buffers:           68252 kB
Cached:           927180 kB
MemTotal:        1844596 kB
MemFree:          603896 kB
MemAvailable:    1506292 kB
Buffers:           68252 kB
Cached:           927180 kB
MemTotal:        1844596 kB
MemFree:          603896 kB
MemAvailable:    1506292 kB
Buffers:           68252 kB
Cached:           927180 kB
MemTotal:        1844596 kB
MemFree:          602152 kB
MemAvailable:    1504548 kB
Buffers:           68252 kB
Cached:           927180 kB
MemTotal:        1844596 kB
MemFree:          603524 kB
MemAvailable:    1505920 kB
Buffers:           68252 kB
Cached:           927180 kB
MemTotal:        1844596 kB
MemFree:          603584 kB
MemAvailable:    1505980 kB
Buffers:           68260 kB
Cached:           927172 kB
MemTotal:        1844596 kB
MemFree:          603412 kB
MemAvailable:    1505808 kB
Buffers:           68260 kB
Cached:           927172 kB
MemTotal:        1844596 kB
MemFree:          602272 kB
MemAvailable:    1504668 kB
Buffers:           68260 kB
Cached:           927172 kB
MemTotal:        1844596 kB
MemFree:          603512 kB
MemAvailable:    1505908 kB
Buffers:           68260 kB
Cached:           927172 kB
MemTotal:        1844596 kB
MemFree:          603568 kB
MemAvailable:    1505964 kB
Buffers:           68260 kB
Cached:           927172 kB
MemTotal:        1844596 kB
MemFree:          604152 kB
MemAvailable:    1506548 kB
Buffers:           68260 kB
Cached:           927172 kB
MemTotal:        1844596 kB
MemFree:          604704 kB
MemAvailable:    1507100 kB
Buffers:           68260 kB
Cached:           927172 kB
MemTotal:        1844596 kB
MemFree:          604704 kB
MemAvailable:    1507100 kB
Buffers:           68260 kB
Cached:           927172 kB
MemTotal:        1844596 kB
MemFree:          602416 kB
MemAvailable:    1504812 kB
Buffers:           68260 kB
Cached:           927172 kB
MemTotal:        1844596 kB
MemFree:          601360 kB
MemAvailable:    1503756 kB
Buffers:           68260 kB
Cached:           927172 kB
MemTotal:        1844596 kB
MemFree:          600184 kB
MemAvailable:    1502580 kB
Buffers:           68260 kB
Cached:           927172 kB
MemTotal:        1844596 kB
MemFree:          600292 kB
MemAvailable:    1502688 kB
Buffers:           68260 kB
Cached:           927172 kB
MemTotal:        1844596 kB
MemFree:          600376 kB
MemAvailable:    1502772 kB
Buffers:           68260 kB
Cached:           927172 kB
MemTotal:        1844596 kB
MemFree:          600096 kB
MemAvailable:    1502492 kB
Buffers:           68260 kB
Cached:           927172 kB
MemTotal:        1844596 kB
MemFree:          598572 kB
MemAvailable:    1500968 kB
Buffers:           68260 kB
Cached:           927172 kB
MemTotal:        1844596 kB
MemFree:          599384 kB
MemAvailable:    1501780 kB
Buffers:           68260 kB
Cached:           927172 kB
MemTotal:        1844596 kB
MemFree:          599552 kB
MemAvailable:    1501948 kB
Buffers:           68260 kB
Cached:           927172 kB
MemTotal:        1844596 kB
MemFree:          599320 kB
MemAvailable:    1501716 kB
Buffers:           68260 kB
Cached:           927172 kB
MemTotal:        1844596 kB
MemFree:          598268 kB
MemAvailable:    1500664 kB
Buffers:           68260 kB
Cached:           927172 kB
MemTotal:        1844596 kB
MemFree:          599260 kB
MemAvailable:    1501656 kB
Buffers:           68260 kB
Cached:           927172 kB
MemTotal:        1844596 kB
MemFree:          598056 kB
MemAvailable:    1500452 kB
Buffers:           68260 kB
Cached:           927172 kB
MemTotal:        1844596 kB
MemFree:          597800 kB
MemAvailable:    1500196 kB
Buffers:           68260 kB
Cached:           927172 kB
MemTotal:        1844596 kB
MemFree:          598696 kB
MemAvailable:    1501092 kB
Buffers:           68260 kB
Cached:           927172 kB
MemTotal:        1844596 kB
MemFree:          597332 kB
MemAvailable:    1499728 kB
Buffers:           68260 kB
Cached:           927172 kB
MemTotal:        1844596 kB
MemFree:          598236 kB
MemAvailable:    1500632 kB
Buffers:           68260 kB
Cached:           927172 kB
MemTotal:        1844596 kB
MemFree:          598552 kB
MemAvailable:    1500948 kB
Buffers:           68260 kB
Cached:           927172 kB
MemTotal:        1844596 kB
MemFree:          598316 kB
MemAvailable:    1500712 kB
Buffers:           68260 kB
Cached:           927172 kB
MemTotal:        1844596 kB
MemFree:          597184 kB
MemAvailable:    1499580 kB
Buffers:           68260 kB
Cached:           927172 kB
MemTotal:        1844596 kB
MemFree:          598420 kB
MemAvailable:    1500816 kB
Buffers:           68260 kB
Cached:           927172 kB
MemTotal:        1844596 kB
MemFree:          597332 kB
MemAvailable:    1499728 kB
Buffers:           68260 kB
Cached:           927172 kB
MemTotal:        1844596 kB
MemFree:          598180 kB
MemAvailable:    1500576 kB
Buffers:           68260 kB
Cached:           927172 kB
MemTotal:        1844596 kB
MemFree:          598436 kB
MemAvailable:    1500832 kB
Buffers:           68260 kB
Cached:           927172 kB
MemTotal:        1844596 kB
MemFree:          597208 kB
MemAvailable:    1499604 kB
Buffers:           68260 kB
Cached:           927172 kB
MemTotal:        1844596 kB
MemFree:          598152 kB
MemAvailable:    1500548 kB
Buffers:           68260 kB
Cached:           927172 kB
MemTotal:        1844596 kB
MemFree:          597888 kB
MemAvailable:    1500284 kB
Buffers:           68260 kB
Cached:           927172 kB
MemTotal:        1844596 kB
MemFree:          598140 kB
MemAvailable:    1500536 kB
Buffers:           68260 kB
Cached:           927172 kB
MemTotal:        1844596 kB
MemFree:          597556 kB
MemAvailable:    1499952 kB
Buffers:           68260 kB
Cached:           927172 kB
MemTotal:        1844596 kB
MemFree:          597640 kB
MemAvailable:    1499852 kB
Buffers:           68260 kB
Cached:           927172 kB
MemTotal:        1844596 kB
MemFree:          597260 kB
MemAvailable:    1499656 kB
Buffers:           68260 kB
Cached:           927172 kB
MemTotal:        1844596 kB
MemFree:          597596 kB
MemAvailable:    1499992 kB
Buffers:           68260 kB
Cached:           927172 kB
MemTotal:        1844596 kB
MemFree:          597380 kB
MemAvailable:    1499776 kB
Buffers:           68260 kB
Cached:           927172 kB
MemTotal:        1844596 kB
MemFree:          597456 kB
MemAvailable:    1499852 kB
Buffers:           68260 kB
Cached:           927172 kB
MemTotal:        1844596 kB
MemFree:          597780 kB
MemAvailable:    1500176 kB
Buffers:           68260 kB
Cached:           927172 kB
MemTotal:        1844596 kB
MemFree:          597764 kB
MemAvailable:    1500160 kB
Buffers:           68260 kB
Cached:           927172 kB
MemTotal:        1844596 kB
MemFree:          596580 kB
MemAvailable:    1498976 kB
Buffers:           68260 kB
Cached:           927172 kB
MemTotal:        1844596 kB
MemFree:          596156 kB
MemAvailable:    1498552 kB
Buffers:           68260 kB
Cached:           927172 kB
MemTotal:        1844596 kB
MemFree:          597396 kB
MemAvailable:    1499792 kB
Buffers:           68260 kB
Cached:           927172 kB
MemTotal:        1844596 kB
MemFree:          596472 kB
MemAvailable:    1498868 kB
Buffers:           68260 kB
Cached:           927172 kB
MemTotal:        1844596 kB
MemFree:          595464 kB
MemAvailable:    1497860 kB
Buffers:           68260 kB
Cached:           927172 kB
MemTotal:        1844596 kB
MemFree:          595676 kB
MemAvailable:    1498072 kB
Buffers:           68260 kB
Cached:           927172 kB
MemTotal:        1844596 kB
MemFree:          590628 kB
MemAvailable:    1493024 kB
Buffers:           68260 kB
Cached:           927172 kB
MemTotal:        1844596 kB
MemFree:          590628 kB
MemAvailable:    1493024 kB
Buffers:           68260 kB
Cached:           927172 kB
MemTotal:        1844596 kB
MemFree:          589944 kB
MemAvailable:    1492340 kB
Buffers:           68260 kB
Cached:           927172 kB
MemTotal:        1844596 kB
MemFree:          589704 kB
MemAvailable:    1492100 kB
Buffers:           68260 kB
Cached:           927172 kB
MemTotal:        1844596 kB
MemFree:          588404 kB
MemAvailable:    1490800 kB
Buffers:           68260 kB
Cached:           927172 kB
MemTotal:        1844596 kB
MemFree:          589388 kB
MemAvailable:    1491784 kB
Buffers:           68260 kB
Cached:           927172 kB
MemTotal:        1844596 kB
MemFree:          588528 kB
MemAvailable:    1490924 kB
Buffers:           68260 kB
Cached:           927172 kB
MemTotal:        1844596 kB
MemFree:          589328 kB
MemAvailable:    1491724 kB
Buffers:           68260 kB
Cached:           927172 kB
MemTotal:        1844596 kB
MemFree:          589412 kB
MemAvailable:    1491808 kB
Buffers:           68260 kB
Cached:           927172 kB
MemTotal:        1844596 kB
MemFree:          588208 kB
MemAvailable:    1490604 kB
Buffers:           68260 kB
Cached:           927172 kB
MemTotal:        1844596 kB
MemFree:          588084 kB
MemAvailable:    1490480 kB
Buffers:           68260 kB
Cached:           927172 kB
MemTotal:        1844596 kB
MemFree:          589552 kB
MemAvailable:    1491948 kB
Buffers:           68260 kB
Cached:           927172 kB
MemTotal:        1844596 kB
MemFree:          588200 kB
MemAvailable:    1490596 kB
Buffers:           68260 kB
Cached:           927172 kB
MemTotal:        1844596 kB
MemFree:          589308 kB
MemAvailable:    1491704 kB
Buffers:           68260 kB
Cached:           927172 kB
MemTotal:        1844596 kB
MemFree:          588900 kB
MemAvailable:    1491296 kB
Buffers:           68260 kB
Cached:           927172 kB
MemTotal:        1844596 kB
MemFree:          588268 kB
MemAvailable:    1490664 kB
Buffers:           68260 kB
Cached:           927172 kB
MemTotal:        1844596 kB
MemFree:          588960 kB
MemAvailable:    1491372 kB
Buffers:           68260 kB
Cached:           927188 kB
MemTotal:        1844596 kB
MemFree:          587652 kB
MemAvailable:    1490064 kB
Buffers:           68260 kB
Cached:           927188 kB
MemTotal:        1844596 kB
MemFree:          588264 kB
MemAvailable:    1490676 kB
Buffers:           68260 kB
Cached:           927188 kB
MemTotal:        1844596 kB
MemFree:          588100 kB
MemAvailable:    1490512 kB
Buffers:           68260 kB
Cached:           927188 kB
MemTotal:        1844596 kB
MemFree:          587964 kB
MemAvailable:    1490376 kB
Buffers:           68260 kB
Cached:           927188 kB
MemTotal:        1844596 kB
MemFree:          587776 kB
MemAvailable:    1490188 kB
Buffers:           68260 kB
Cached:           927188 kB
MemTotal:        1844596 kB
MemFree:          588032 kB
MemAvailable:    1490444 kB
Buffers:           68260 kB
Cached:           927188 kB
MemTotal:        1844596 kB
MemFree:          586720 kB
MemAvailable:    1489132 kB
Buffers:           68260 kB
Cached:           927188 kB
MemTotal:        1844596 kB
MemFree:          586396 kB
MemAvailable:    1488808 kB
Buffers:           68260 kB
Cached:           927188 kB
MemTotal:        1844596 kB
MemFree:          586732 kB
MemAvailable:    1489144 kB
Buffers:           68260 kB
Cached:           927188 kB
MemTotal:        1844596 kB
MemFree:          585924 kB
MemAvailable:    1488336 kB
Buffers:           68260 kB
Cached:           927188 kB
MemTotal:        1844596 kB
MemFree:          585980 kB
MemAvailable:    1488392 kB
Buffers:           68260 kB
Cached:           927188 kB
MemTotal:        1844596 kB
MemFree:          584808 kB
MemAvailable:    1487220 kB
Buffers:           68260 kB
Cached:           927188 kB
MemTotal:        1844596 kB
MemFree:          585412 kB
MemAvailable:    1487824 kB
Buffers:           68260 kB
Cached:           927188 kB
MemTotal:        1844596 kB
MemFree:          585496 kB
MemAvailable:    1487908 kB
Buffers:           68260 kB
Cached:           927188 kB
MemTotal:        1844596 kB
MemFree:          585792 kB
MemAvailable:    1488204 kB
Buffers:           68260 kB
Cached:           927188 kB
MemTotal:        1844596 kB
MemFree:          585556 kB
MemAvailable:    1487968 kB
Buffers:           68260 kB
Cached:           927188 kB
MemTotal:        1844596 kB
MemFree:          584248 kB
MemAvailable:    1486660 kB
Buffers:           68260 kB
Cached:           927188 kB
MemTotal:        1844596 kB
MemFree:          585392 kB
MemAvailable:    1487804 kB
Buffers:           68260 kB
Cached:           927188 kB
MemTotal:        1844596 kB
MemFree:          585560 kB
MemAvailable:    1487972 kB
Buffers:           68260 kB
Cached:           927188 kB
MemTotal:        1844596 kB
MemFree:          585172 kB
MemAvailable:    1487584 kB
Buffers:           68260 kB
Cached:           927188 kB
MemTotal:        1844596 kB
MemFree:          585000 kB
MemAvailable:    1487412 kB
Buffers:           68260 kB
Cached:           927188 kB
MemTotal:        1844596 kB
MemFree:          584064 kB
MemAvailable:    1486476 kB
Buffers:           68260 kB
Cached:           927188 kB
MemTotal:        1844596 kB
MemFree:          580212 kB
MemAvailable:    1482628 kB
Buffers:           68260 kB
Cached:           927192 kB
MemTotal:        1844596 kB
MemFree:          580468 kB
MemAvailable:    1482884 kB
Buffers:           68260 kB
Cached:           927192 kB
MemTotal:        1844596 kB
MemFree:          579956 kB
MemAvailable:    1482372 kB
Buffers:           68260 kB
Cached:           927192 kB
MemTotal:        1844596 kB
MemFree:          580208 kB
MemAvailable:    1482624 kB
Buffers:           68260 kB
Cached:           927192 kB
MemTotal:        1844596 kB
MemFree:          579784 kB
MemAvailable:    1482200 kB
Buffers:           68260 kB
Cached:           927192 kB
MemTotal:        1844596 kB
MemFree:          579784 kB
MemAvailable:    1482200 kB
Buffers:           68260 kB
Cached:           927192 kB
MemTotal:        1844596 kB
MemFree:          579652 kB
MemAvailable:    1482068 kB
Buffers:           68260 kB
Cached:           927192 kB
MemTotal:        1844596 kB
MemFree:          579904 kB
MemAvailable:    1482320 kB
Buffers:           68260 kB
Cached:           927192 kB
MemTotal:        1844596 kB
MemFree:          578288 kB
MemAvailable:    1480704 kB
Buffers:           68260 kB
Cached:           927192 kB
MemTotal:        1844596 kB
MemFree:          579536 kB
MemAvailable:    1481952 kB
Buffers:           68260 kB
Cached:           927192 kB
MemTotal:        1844596 kB
MemFree:          579536 kB
MemAvailable:    1481952 kB
Buffers:           68260 kB
Cached:           927192 kB
MemTotal:        1844596 kB
MemFree:          579220 kB
MemAvailable:    1481636 kB
Buffers:           68260 kB
Cached:           927192 kB
MemTotal:        1844596 kB
MemFree:          579304 kB
MemAvailable:    1481720 kB
Buffers:           68260 kB
Cached:           927192 kB
MemTotal:        1844596 kB
MemFree:          576924 kB
MemAvailable:    1479340 kB
Buffers:           68260 kB
Cached:           927192 kB
MemTotal:        1844596 kB
MemFree:          576800 kB
MemAvailable:    1479216 kB
Buffers:           68260 kB
Cached:           927192 kB
MemTotal:        1844596 kB
MemFree:          575376 kB
MemAvailable:    1477792 kB
Buffers:           68260 kB
Cached:           927192 kB
MemTotal:        1844596 kB
MemFree:          576420 kB
MemAvailable:    1478836 kB
Buffers:           68260 kB
Cached:           927192 kB
MemTotal:        1844596 kB
MemFree:          575244 kB
MemAvailable:    1477660 kB
Buffers:           68260 kB
Cached:           927192 kB
MemTotal:        1844596 kB
MemFree:          576288 kB
MemAvailable:    1478704 kB
Buffers:           68260 kB
Cached:           927192 kB
MemTotal:        1844596 kB
MemFree:          575188 kB
MemAvailable:    1477604 kB
Buffers:           68260 kB
Cached:           927192 kB
MemTotal:        1844596 kB
MemFree:          577412 kB
MemAvailable:    1479828 kB
Buffers:           68260 kB
Cached:           927192 kB
MemTotal:        1844596 kB
MemFree:          578188 kB
MemAvailable:    1480772 kB
Buffers:           68260 kB
Cached:           927316 kB
MemTotal:        1844596 kB
MemFree:          578524 kB
MemAvailable:    1481108 kB
Buffers:           68260 kB
Cached:           927440 kB
MemTotal:        1844596 kB
MemFree:          578248 kB
MemAvailable:    1481084 kB
Buffers:           68260 kB
Cached:           927564 kB
MemTotal:        1844596 kB
MemFree:          576816 kB
MemAvailable:    1479652 kB
Buffers:           68260 kB
Cached:           927688 kB
MemTotal:        1844596 kB
MemFree:          576808 kB
MemAvailable:    1479728 kB
Buffers:           68260 kB
Cached:           927812 kB
MemTotal:        1844596 kB
MemFree:          577792 kB
MemAvailable:    1480796 kB
Buffers:           68260 kB
Cached:           927812 kB
MemTotal:        1844596 kB
MemFree:          577500 kB
MemAvailable:    1480504 kB
Buffers:           68260 kB
Cached:           927812 kB
MemTotal:        1844596 kB
MemFree:          577552 kB
MemAvailable:    1480556 kB
Buffers:           68260 kB
Cached:           927812 kB
MemTotal:        1844596 kB
MemFree:          577888 kB
MemAvailable:    1480892 kB
Buffers:           68260 kB
Cached:           927812 kB
MemTotal:        1844596 kB
MemFree:          576312 kB
MemAvailable:    1479316 kB
Buffers:           68260 kB
Cached:           927812 kB
MemTotal:        1844596 kB
MemFree:          577552 kB
MemAvailable:    1480556 kB
Buffers:           68260 kB
Cached:           927812 kB
MemTotal:        1844596 kB
MemFree:          577804 kB
MemAvailable:    1480808 kB
Buffers:           68260 kB
Cached:           927812 kB
MemTotal:        1844596 kB
MemFree:          577744 kB
MemAvailable:    1480748 kB
Buffers:           68260 kB
Cached:           927812 kB
MemTotal:        1844596 kB
MemFree:          577896 kB
MemAvailable:    1480312 kB
Buffers:           68260 kB
Cached:           927180 kB
MemTotal:        1844596 kB
MemFree:          578468 kB
MemAvailable:    1480884 kB
Buffers:           68260 kB
Cached:           927180 kB
MemTotal:        1844596 kB
MemFree:          645444 kB
MemAvailable:    1547820 kB
Buffers:           68260 kB
Cached:           927148 kB
