MemTotal:        1844596 kB
MemFree:          901936 kB
MemAvailable:    1547284 kB
Buffers:           41232 kB
Cached:           714280 kB
MemTotal:        1844596 kB
MemFree:          900572 kB
MemAvailable:    1545920 kB
Buffers:           41232 kB
Cached:           714280 kB
MemTotal:        1844596 kB
MemFree:          899200 kB
MemAvailable:    1544548 kB
Buffers:           41232 kB
Cached:           714280 kB
MemTotal:        1844596 kB
MemFree:          898088 kB
MemAvailable:    1543436 kB
Buffers:           41232 kB
Cached:           714280 kB
MemTotal:        1844596 kB
MemFree:          897472 kB
MemAvailable:    1542820 kB
Buffers:           41232 kB
Cached:           714280 kB
MemTotal:        1844596 kB
MemFree:          898332 kB
MemAvailable:    1543680 kB
Buffers:           41232 kB
Cached:           714280 kB
MemTotal:        1844596 kB
MemFree:          898224 kB
MemAvailable:    1543572 kB
Buffers:           41232 kB
Cached:           714280 kB
MemTotal:        1844596 kB
MemFree:          895176 kB
MemAvailable:    1540524 kB
Buffers:           41232 kB
Cached:           714280 kB
MemTotal:        1844596 kB
MemFree:          893076 kB
MemAvailable:    1538424 kB
Buffers:           41232 kB
Cached:           714280 kB
MemTotal:        1844596 kB
MemFree:          891464 kB
MemAvailable:    1536812 kB
Buffers:           41232 kB
Cached:           714280 kB
MemTotal:        1844596 kB
MemFree:          887684 kB
MemAvailable:    1533032 kB
Buffers:           41232 kB
Cached:           714280 kB
MemTotal:        1844596 kB
MemFree:          887816 kB
MemAvailable:    1533168 kB
Buffers:           41232 kB
Cached:           714284 kB
MemTotal:        1844596 kB
MemFree:          887160 kB
MemAvailable:    1532512 kB
Buffers:           41232 kB
Cached:           714284 kB
MemTotal:        1844596 kB
MemFree:          887056 kB
MemAvailable:    1532408 kB
Buffers:           41232 kB
Cached:           714284 kB
MemTotal:        1844596 kB
MemFree:          888428 kB
MemAvailable:    1533780 kB
Buffers:           41232 kB
Cached:           714284 kB
MemTotal:        1844596 kB
MemFree:          888612 kB
MemAvailable:    1533964 kB
Buffers:           41232 kB
Cached:           714284 kB
MemTotal:        1844596 kB
MemFree:          888156 kB
MemAvailable:    1533508 kB
Buffers:           41232 kB
Cached:           714284 kB
MemTotal:        1844596 kB
MemFree:          888156 kB
MemAvailable:    1533508 kB
Buffers:           41232 kB
Cached:           714284 kB
MemTotal:        1844596 kB
MemFree:          886436 kB
MemAvailable:    1531788 kB
Buffers:           41232 kB
Cached:           714284 kB
MemTotal:        1844596 kB
MemFree:          886632 kB
MemAvailable:    1531984 kB
Buffers:           41232 kB
Cached:           714284 kB
MemTotal:        1844596 kB
MemFree:          886196 kB
MemAvailable:    1531548 kB
Buffers:           41232 kB
Cached:           714284 kB
MemTotal:        1844596 kB
MemFree:          886008 kB
MemAvailable:    1531360 kB
Buffers:           41232 kB
Cached:           714284 kB
MemTotal:        1844596 kB
MemFree:          885900 kB
MemAvailable:    1531252 kB
Buffers:           41232 kB
Cached:           714284 kB
MemTotal:        1844596 kB
MemFree:          884584 kB
MemAvailable:    1529936 kB
Buffers:           41232 kB
Cached:           714284 kB
MemTotal:        1844596 kB
MemFree:          885852 kB
MemAvailable:    1531204 kB
Buffers:           41232 kB
Cached:           714284 kB
MemTotal:        1844596 kB
MemFree:          884412 kB
MemAvailable:    1529764 kB
Buffers:           41244 kB
Cached:           714272 kB
MemTotal:        1844596 kB
MemFree:          884700 kB
MemAvailable:    1530052 kB
Buffers:           41244 kB
Cached:           714272 kB
MemTotal:        1844596 kB
MemFree:          884824 kB
MemAvailable:    1530176 kB
Buffers:           41244 kB
Cached:           714272 kB
MemTotal:        1844596 kB
MemFree:          886128 kB
MemAvailable:    1531480 kB
Buffers:           41244 kB
Cached:           714272 kB
MemTotal:        1844596 kB
MemFree:          885992 kB
MemAvailable:    1531344 kB
Buffers:           41244 kB
Cached:           714272 kB
MemTotal:        1844596 kB
MemFree:          887100 kB
MemAvailable:    1532452 kB
Buffers:           41244 kB
Cached:           714272 kB
MemTotal:        1844596 kB
MemFree:          887100 kB
MemAvailable:    1532452 kB
Buffers:           41244 kB
Cached:           714272 kB
MemTotal:        1844596 kB
MemFree:          884080 kB
MemAvailable:    1529432 kB
Buffers:           41244 kB
Cached:           714272 kB
MemTotal:        1844596 kB
MemFree:          883768 kB
MemAvailable:    1529120 kB
Buffers:           41244 kB
Cached:           714272 kB
MemTotal:        1844596 kB
MemFree:          882352 kB
MemAvailable:    1527704 kB
Buffers:           41244 kB
Cached:           714272 kB
MemTotal:        1844596 kB
MemFree:          882840 kB
MemAvailable:    1528192 kB
Buffers:           41244 kB
Cached:           714272 kB
MemTotal:        1844596 kB
MemFree:          882732 kB
MemAvailable:    1528084 kB
Buffers:           41244 kB
Cached:           714272 kB
MemTotal:        1844596 kB
MemFree:          882328 kB
MemAvailable:    1527680 kB
Buffers:           41244 kB
Cached:           714272 kB
MemTotal:        1844596 kB
MemFree:          882476 kB
MemAvailable:    1527828 kB
Buffers:           41244 kB
Cached:           714272 kB
MemTotal:        1844596 kB
MemFree:          881048 kB
MemAvailable:    1526400 kB
Buffers:           41244 kB
Cached:           714272 kB
MemTotal:        1844596 kB
MemFree:          882164 kB
MemAvailable:    1527516 kB
Buffers:           41244 kB
Cached:           714272 kB
MemTotal:        1844596 kB
MemFree:          880988 kB
MemAvailable:    1526340 kB
Buffers:           41244 kB
Cached:           714272 kB
MemTotal:        1844596 kB
MemFree:          882040 kB
MemAvailable:    1527392 kB
Buffers:           41244 kB
Cached:           714272 kB
MemTotal:        1844596 kB
MemFree:          882036 kB
MemAvailable:    1527388 kB
Buffers:           41244 kB
Cached:           714272 kB
MemTotal:        1844596 kB
MemFree:          880428 kB
MemAvailable:    1525780 kB
Buffers:           41244 kB
Cached:           714272 kB
MemTotal:        1844596 kB
MemFree:          881792 kB
MemAvailable:    1527144 kB
Buffers:           41244 kB
Cached:           714272 kB
MemTotal:        1844596 kB
MemFree:          881236 kB
MemAvailable:    1526588 kB
Buffers:           41244 kB
Cached:           714272 kB
MemTotal:        1844596 kB
MemFree:          879616 kB
MemAvailable:    1524968 kB
Buffers:           41244 kB
Cached:           714272 kB
MemTotal:        1844596 kB
MemFree:          879996 kB
MemAvailable:    1525348 kB
Buffers:           41244 kB
Cached:           714272 kB
MemTotal:        1844596 kB
MemFree:          879500 kB
MemAvailable:    1524852 kB
Buffers:           41244 kB
Cached:           714272 kB
MemTotal:        1844596 kB
MemFree:          879492 kB
MemAvailable:    1524844 kB
Buffers:           41244 kB
Cached:           714272 kB
MemTotal:        1844596 kB
MemFree:          879624 kB
MemAvailable:    1524976 kB
Buffers:           41244 kB
Cached:           714272 kB
MemTotal:        1844596 kB
MemFree:          879872 kB
MemAvailable:    1525224 kB
Buffers:           41244 kB
Cached:           714272 kB
MemTotal:        1844596 kB
MemFree:          880924 kB
MemAvailable:    1526276 kB
Buffers:           41244 kB
Cached:           714272 kB
MemTotal:        1844596 kB
MemFree:          880676 kB
MemAvailable:    1526028 kB
Buffers:           41244 kB
Cached:           714272 kB
MemTotal:        1844596 kB
MemFree:          880928 kB
MemAvailable:    1526280 kB
Buffers:           41244 kB
Cached:           714272 kB
MemTotal:        1844596 kB
MemFree:          880780 kB
MemAvailable:    1526132 kB
Buffers:           41244 kB
Cached:           714272 kB
MemTotal:        1844596 kB
MemFree:          880740 kB
MemAvailable:    1526092 kB
Buffers:           41244 kB
Cached:           714272 kB
MemTotal:        1844596 kB
MemFree:          880660 kB
MemAvailable:    1526012 kB
Buffers:           41244 kB
Cached:           714272 kB
MemTotal:        1844596 kB
MemFree:          880912 kB
MemAvailable:    1526264 kB
Buffers:           41244 kB
Cached:           714272 kB
MemTotal:        1844596 kB
MemFree:          880492 kB
MemAvailable:    1525844 kB
Buffers:           41244 kB
Cached:           714272 kB
MemTotal:        1844596 kB
MemFree:          880296 kB
MemAvailable:    1525648 kB
Buffers:           41244 kB
Cached:           714272 kB
MemTotal:        1844596 kB
MemFree:          879128 kB
MemAvailable:    1524480 kB
Buffers:           41244 kB
Cached:           714272 kB
MemTotal:        1844596 kB
MemFree:          880120 kB
MemAvailable:    1525480 kB
Buffers:           41244 kB
Cached:           714280 kB
MemTotal:        1844596 kB
MemFree:          880112 kB
MemAvailable:    1525472 kB
Buffers:           41244 kB
Cached:           714280 kB
MemTotal:        1844596 kB
MemFree:          879800 kB
MemAvailable:    1525160 kB
Buffers:           41244 kB
Cached:           714280 kB
MemTotal:        1844596 kB
MemFree:          878452 kB
MemAvailable:    1523812 kB
Buffers:           41244 kB
Cached:           714280 kB
MemTotal:        1844596 kB
MemFree:          878584 kB
MemAvailable:    1523944 kB
Buffers:           41244 kB
Cached:           714280 kB
MemTotal:        1844596 kB
MemFree:          878584 kB
MemAvailable:    1523944 kB
Buffers:           41244 kB
Cached:           714280 kB
MemTotal:        1844596 kB
MemFree:          878496 kB
MemAvailable:    1523856 kB
Buffers:           41244 kB
Cached:           714280 kB
MemTotal:        1844596 kB
MemFree:          878736 kB
MemAvailable:    1524096 kB
Buffers:           41244 kB
Cached:           714280 kB
MemTotal:        1844596 kB
MemFree:          878620 kB
MemAvailable:    1523980 kB
Buffers:           41244 kB
Cached:           714280 kB
MemTotal:        1844596 kB
MemFree:          880000 kB
MemAvailable:    1525360 kB
Buffers:           41244 kB
Cached:           714280 kB
MemTotal:        1844596 kB
MemFree:          878828 kB
MemAvailable:    1524188 kB
Buffers:           41244 kB
Cached:           714280 kB
MemTotal:        1844596 kB
MemFree:          879660 kB
MemAvailable:    1525020 kB
Buffers:           41244 kB
Cached:           714280 kB
MemTotal:        1844596 kB
MemFree:          879832 kB
MemAvailable:    1525192 kB
Buffers:           41244 kB
Cached:           714280 kB
MemTotal:        1844596 kB
MemFree:          877888 kB
MemAvailable:    1523248 kB
Buffers:           41244 kB
Cached:           714280 kB
MemTotal:        1844596 kB
MemFree:          875152 kB
MemAvailable:    1520512 kB
Buffers:           41244 kB
Cached:           714280 kB
MemTotal:        1844596 kB
MemFree:          875152 kB
MemAvailable:    1520512 kB
Buffers:           41244 kB
Cached:           714280 kB
MemTotal:        1844596 kB
MemFree:          872556 kB
MemAvailable:    1517916 kB
Buffers:           41244 kB
Cached:           714280 kB
MemTotal:        1844596 kB
MemFree:          872680 kB
MemAvailable:    1518040 kB
Buffers:           41244 kB
Cached:           714280 kB
MemTotal:        1844596 kB
MemFree:          871920 kB
MemAvailable:    1517280 kB
Buffers:           41244 kB
Cached:           714280 kB
MemTotal:        1844596 kB
MemFree:          871384 kB
MemAvailable:    1516744 kB
Buffers:           41244 kB
Cached:           714280 kB
MemTotal:        1844596 kB
MemFree:          870812 kB
MemAvailable:    1516184 kB
Buffers:           41244 kB
Cached:           714292 kB
MemTotal:        1844596 kB
MemFree:          870688 kB
MemAvailable:    1516060 kB
Buffers:           41244 kB
Cached:           714292 kB
MemTotal:        1844596 kB
MemFree:          870812 kB
MemAvailable:    1516184 kB
Buffers:           41244 kB
Cached:           714292 kB
MemTotal:        1844596 kB
MemFree:          871788 kB
MemAvailable:    1517160 kB
Buffers:           41244 kB
Cached:           714292 kB
MemTotal:        1844596 kB
MemFree:          871936 kB
MemAvailable:    1517308 kB
Buffers:           41244 kB
Cached:           714292 kB
MemTotal:        1844596 kB
MemFree:          871924 kB
MemAvailable:    1517296 kB
Buffers:           41244 kB
Cached:           714292 kB
MemTotal:        1844596 kB
MemFree:          870428 kB
MemAvailable:    1515800 kB
Buffers:           41244 kB
Cached:           714292 kB
MemTotal:        1844596 kB
MemFree:          871792 kB
MemAvailable:    1517164 kB
Buffers:           41244 kB
Cached:           714292 kB
MemTotal:        1844596 kB
MemFree:          871736 kB
MemAvailable:    1517108 kB
Buffers:           41244 kB
Cached:           714292 kB
MemTotal:        1844596 kB
MemFree:          871988 kB
MemAvailable:    1517360 kB
Buffers:           41244 kB
Cached:           714292 kB
MemTotal:        1844596 kB
MemFree:          871792 kB
MemAvailable:    1517164 kB
Buffers:           41244 kB
Cached:           714292 kB
MemTotal:        1844596 kB
MemFree:          871944 kB
MemAvailable:    1517316 kB
Buffers:           41244 kB
Cached:           714292 kB
MemTotal:        1844596 kB
MemFree:          871680 kB
MemAvailable:    1517052 kB
Buffers:           41244 kB
Cached:           714292 kB
MemTotal:        1844596 kB
MemFree:          871252 kB
MemAvailable:    1516624 kB
Buffers:           41244 kB
Cached:           714292 kB
MemTotal:        1844596 kB
MemFree:          870680 kB
MemAvailable:    1516056 kB
Buffers:           41244 kB
Cached:           714296 kB
MemTotal:        1844596 kB
MemFree:          870680 kB
MemAvailable:    1516056 kB
Buffers:           41244 kB
Cached:           714296 kB
MemTotal:        1844596 kB
MemFree:          870516 kB
MemAvailable:    1515892 kB
Buffers:           41244 kB
Cached:           714296 kB
MemTotal:        1844596 kB
MemFree:          869144 kB
MemAvailable:    1514520 kB
Buffers:           41244 kB
Cached:           714296 kB
MemTotal:        1844596 kB
MemFree:          870068 kB
MemAvailable:    1515444 kB
Buffers:           41244 kB
Cached:           714296 kB
MemTotal:        1844596 kB
MemFree:          870152 kB
MemAvailable:    1515528 kB
Buffers:           41244 kB
Cached:           714296 kB
MemTotal:        1844596 kB
MemFree:          869268 kB
MemAvailable:    1514644 kB
Buffers:           41244 kB
Cached:           714296 kB
MemTotal:        1844596 kB
MemFree:          867836 kB
MemAvailable:    1513212 kB
Buffers:           41244 kB
Cached:           714296 kB
MemTotal:        1844596 kB
MemFree:          868332 kB
MemAvailable:    1513708 kB
Buffers:           41244 kB
Cached:           714296 kB
MemTotal:        1844596 kB
MemFree:          868332 kB
MemAvailable:    1513708 kB
Buffers:           41244 kB
Cached:           714296 kB
MemTotal:        1844596 kB
MemFree:          868200 kB
MemAvailable:    1513576 kB
Buffers:           41244 kB
Cached:           714296 kB
MemTotal:        1844596 kB
MemFree:          868284 kB
MemAvailable:    1513660 kB
Buffers:           41244 kB
Cached:           714296 kB
MemTotal:        1844596 kB
MemFree:          868076 kB
MemAvailable:    1513452 kB
Buffers:           41244 kB
Cached:           714296 kB
MemTotal:        1844596 kB
MemFree:          867224 kB
MemAvailable:    1512600 kB
Buffers:           41244 kB
Cached:           714296 kB
MemTotal:        1844596 kB
MemFree:          867640 kB
MemAvailable:    1513016 kB
Buffers:           41244 kB
Cached:           714296 kB
MemTotal:        1844596 kB
MemFree:          867976 kB
MemAvailable:    1513352 kB
Buffers:           41244 kB
Cached:           714296 kB
MemTotal:        1844596 kB
MemFree:          866784 kB
MemAvailable:    1512160 kB
Buffers:           41244 kB
Cached:           714296 kB
MemTotal:        1844596 kB
MemFree:          866660 kB
MemAvailable:    1512036 kB
Buffers:           41244 kB
Cached:           714296 kB
MemTotal:        1844596 kB
MemFree:          868004 kB
MemAvailable:    1513380 kB
Buffers:           41244 kB
Cached:           714296 kB
MemTotal:        1844596 kB
MemFree:          868108 kB
MemAvailable:    1513484 kB
Buffers:           41244 kB
Cached:           714296 kB
MemTotal:        1844596 kB
MemFree:          867872 kB
MemAvailable:    1513248 kB
Buffers:           41244 kB
Cached:           714296 kB
MemTotal:        1844596 kB
MemFree:          868044 kB
MemAvailable:    1513420 kB
Buffers:           41244 kB
Cached:           714296 kB
MemTotal:        1844596 kB
MemFree:          867648 kB
MemAvailable:    1513024 kB
Buffers:           41244 kB
Cached:           714296 kB
MemTotal:        1844596 kB
MemFree:          866480 kB
MemAvailable:    1511856 kB
Buffers:           41244 kB
Cached:           714296 kB
MemTotal:        1844596 kB
MemFree:          865928 kB
MemAvailable:    1511304 kB
Buffers:           41244 kB
Cached:           714296 kB
MemTotal:        1844596 kB
MemFree:          862016 kB
MemAvailable:    1507392 kB
Buffers:           41244 kB
Cached:           714296 kB
MemTotal:        1844596 kB
MemFree:          862884 kB
MemAvailable:    1508260 kB
Buffers:           41244 kB
Cached:           714296 kB
MemTotal:        1844596 kB
MemFree:          861644 kB
MemAvailable:    1507020 kB
Buffers:           41244 kB
Cached:           714296 kB
MemTotal:        1844596 kB
MemFree:          862504 kB
MemAvailable:    1507880 kB
Buffers:           41244 kB
Cached:           714296 kB
MemTotal:        1844596 kB
MemFree:          862760 kB
MemAvailable:    1508136 kB
Buffers:           41244 kB
Cached:           714296 kB
MemTotal:        1844596 kB
MemFree:          862372 kB
MemAvailable:    1507748 kB
Buffers:           41244 kB
Cached:           714296 kB
MemTotal:        1844596 kB
MemFree:          862132 kB
MemAvailable:    1507508 kB
Buffers:           41244 kB
Cached:           714296 kB
MemTotal:        1844596 kB
MemFree:          862124 kB
MemAvailable:    1507500 kB
Buffers:           41244 kB
Cached:           714296 kB
MemTotal:        1844596 kB
MemFree:          862060 kB
MemAvailable:    1507436 kB
Buffers:           41244 kB
Cached:           714296 kB
MemTotal:        1844596 kB
MemFree:          861796 kB
MemAvailable:    1507172 kB
Buffers:           41244 kB
Cached:           714296 kB
MemTotal:        1844596 kB
MemFree:          860760 kB
MemAvailable:    1506136 kB
Buffers:           41244 kB
Cached:           714296 kB
MemTotal:        1844596 kB
MemFree:          861496 kB
MemAvailable:    1506872 kB
Buffers:           41244 kB
Cached:           714296 kB
MemTotal:        1844596 kB
MemFree:          861868 kB
MemAvailable:    1507244 kB
Buffers:           41244 kB
Cached:           714296 kB
MemTotal:        1844596 kB
MemFree:          860776 kB
MemAvailable:    1506152 kB
Buffers:           41244 kB
Cached:           714296 kB
MemTotal:        1844596 kB
MemFree:          858652 kB
MemAvailable:    1504028 kB
Buffers:           41244 kB
Cached:           714296 kB
MemTotal:        1844596 kB
MemFree:          858988 kB
MemAvailable:    1504364 kB
Buffers:           41244 kB
Cached:           714296 kB
MemTotal:        1844596 kB
MemFree:          857536 kB
MemAvailable:    1502912 kB
Buffers:           41244 kB
Cached:           714296 kB
MemTotal:        1844596 kB
MemFree:          857628 kB
MemAvailable:    1503004 kB
Buffers:           41244 kB
Cached:           714296 kB
MemTotal:        1844596 kB
MemFree:          858840 kB
MemAvailable:    1504216 kB
Buffers:           41244 kB
Cached:           714296 kB
MemTotal:        1844596 kB
MemFree:          857800 kB
MemAvailable:    1503176 kB
Buffers:           41244 kB
Cached:           714296 kB
MemTotal:        1844596 kB
MemFree:          858864 kB
MemAvailable:    1504240 kB
Buffers:           41244 kB
Cached:           714296 kB
MemTotal:        1844596 kB
MemFree:          860848 kB
MemAvailable:    1506224 kB
Buffers:           41244 kB
Cached:           714296 kB
MemTotal:        1844596 kB
MemFree:          861100 kB
MemAvailable:    1506476 kB
Buffers:           41244 kB
Cached:           714296 kB
MemTotal:        1844596 kB
MemFree:          860768 kB
MemAvailable:    1506144 kB
Buffers:           41244 kB
Cached:           714296 kB
MemTotal:        1844596 kB
MemFree:          860636 kB
MemAvailable:    1506180 kB
Buffers:           41244 kB
Cached:           714544 kB
MemTotal:        1844596 kB
MemFree:          860892 kB
MemAvailable:    1506436 kB
Buffers:           41244 kB
Cached:           714544 kB
MemTotal:        1844596 kB
MemFree:          859396 kB
MemAvailable:    1505108 kB
Buffers:           41244 kB
Cached:           714668 kB
MemTotal:        1844596 kB
MemFree:          860272 kB
MemAvailable:    1506152 kB
Buffers:           41244 kB
Cached:           714792 kB
MemTotal:        1844596 kB
MemFree:          860272 kB
MemAvailable:    1506152 kB
Buffers:           41244 kB
Cached:           714792 kB
MemTotal:        1844596 kB
MemFree:          860276 kB
MemAvailable:    1506156 kB
Buffers:           41244 kB
Cached:           714792 kB
MemTotal:        1844596 kB
MemFree:          860384 kB
MemAvailable:    1506348 kB
Buffers:           41244 kB
Cached:           714916 kB
MemTotal:        1844596 kB
MemFree:          859296 kB
MemAvailable:    1505260 kB
Buffers:           41244 kB
Cached:           714916 kB
MemTotal:        1844596 kB
MemFree:          859852 kB
MemAvailable:    1505816 kB
Buffers:           41244 kB
Cached:           714916 kB
MemTotal:        1844596 kB
MemFree:          860188 kB
MemAvailable:    1506152 kB
Buffers:           41244 kB
Cached:           714916 kB
MemTotal:        1844596 kB
MemFree:          858780 kB
MemAvailable:    1504744 kB
Buffers:           41244 kB
Cached:           714916 kB
MemTotal:        1844596 kB
MemFree:          860080 kB
MemAvailable:    1506044 kB
Buffers:           41244 kB
Cached:           714916 kB
MemTotal:        1844596 kB
MemFree:          860072 kB
MemAvailable:    1506120 kB
Buffers:           41244 kB
Cached:           715040 kB
MemTotal:        1844596 kB
MemFree:          860140 kB
MemAvailable:    1505600 kB
Buffers:           41244 kB
Cached:           714368 kB
MemTotal:        1844596 kB
MemFree:          925552 kB
MemAvailable:    1571012 kB
Buffers:           41244 kB
Cached:           714368 kB
