MemTotal:        1844596 kB
MemFree:          736248 kB
MemAvailable:    1531008 kB
Buffers:           57792 kB
Cached:           839772 kB
MemTotal:        1844596 kB
MemFree:          736160 kB
MemAvailable:    1530920 kB
Buffers:           57792 kB
Cached:           839772 kB
MemTotal:        1844596 kB
MemFree:          733396 kB
MemAvailable:    1528156 kB
Buffers:           57792 kB
Cached:           839772 kB
MemTotal:        1844596 kB
MemFree:          733952 kB
MemAvailable:    1528712 kB
Buffers:           57792 kB
Cached:           839772 kB
MemTotal:        1844596 kB
MemFree:          731288 kB
MemAvailable:    1526048 kB
Buffers:           57792 kB
Cached:           839772 kB
MemTotal:        1844596 kB
MemFree:          731536 kB
MemAvailable:    1526304 kB
Buffers:           57792 kB
Cached:           839780 kB
MemTotal:        1844596 kB
MemFree:          730844 kB
MemAvailable:    1525612 kB
Buffers:           57792 kB
Cached:           839780 kB
MemTotal:        1844596 kB
MemFree:          728792 kB
MemAvailable:    1523560 kB
Buffers:           57792 kB
Cached:           839780 kB
MemTotal:        1844596 kB
MemFree:          728876 kB
MemAvailable:    1523644 kB
Buffers:           57792 kB
Cached:           839780 kB
MemTotal:        1844596 kB
MemFree:          725072 kB
MemAvailable:    1519840 kB
Buffers:           57792 kB
Cached:           839780 kB
MemTotal:        1844596 kB
MemFree:          724964 kB
MemAvailable:    1519732 kB
Buffers:           57792 kB
Cached:           839780 kB
MemTotal:        1844596 kB
MemFree:          722528 kB
MemAvailable:    1517296 kB
Buffers:           57792 kB
Cached:           839780 kB
MemTotal:        1844596 kB
MemFree:          721244 kB
MemAvailable:    1516012 kB
Buffers:           57792 kB
Cached:           839780 kB
MemTotal:        1844596 kB
MemFree:          722484 kB
MemAvailable:    1517252 kB
Buffers:           57792 kB
Cached:           839780 kB
MemTotal:        1844596 kB
MemFree:          722420 kB
MemAvailable:    1517188 kB
Buffers:           57792 kB
Cached:           839780 kB
MemTotal:        1844596 kB
MemFree:          721196 kB
MemAvailable:    1515964 kB
Buffers:           57792 kB
Cached:           839780 kB
MemTotal:        1844596 kB
MemFree:          722104 kB
MemAvailable:    1516872 kB
Buffers:           57792 kB
Cached:           839780 kB
MemTotal:        1844596 kB
MemFree:          722360 kB
MemAvailable:    1517128 kB
Buffers:           57792 kB
Cached:           839780 kB
MemTotal:        1844596 kB
MemFree:          720360 kB
MemAvailable:    1515128 kB
Buffers:           57792 kB
Cached:           839780 kB
MemTotal:        1844596 kB
MemFree:          720444 kB
MemAvailable:    1515212 kB
Buffers:           57792 kB
Cached:           839780 kB
MemTotal:        1844596 kB
MemFree:          719940 kB
MemAvailable:    1514708 kB
Buffers:           57792 kB
Cached:           839780 kB
MemTotal:        1844596 kB
MemFree:          720012 kB
MemAvailable:    1514780 kB
Buffers:           57792 kB
Cached:           839780 kB
MemTotal:        1844596 kB
MemFree:          719944 kB
MemAvailable:    1514712 kB
Buffers:           57792 kB
Cached:           839780 kB
MemTotal:        1844596 kB
MemFree:          720112 kB
MemAvailable:    1514880 kB
Buffers:           57792 kB
Cached:           839780 kB
MemTotal:        1844596 kB
MemFree:          718744 kB
MemAvailable:    1513512 kB
Buffers:           57792 kB
Cached:           839780 kB
MemTotal:        1844596 kB
MemFree:          720096 kB
MemAvailable:    1514864 kB
Buffers:           57792 kB
Cached:           839780 kB
MemTotal:        1844596 kB
MemFree:          720052 kB
MemAvailable:    1514820 kB
Buffers:           57792 kB
Cached:           839780 kB
MemTotal:        1844596 kB
MemFree:          721316 kB
MemAvailable:    1516084 kB
Buffers:           57792 kB
Cached:           839780 kB
MemTotal:        1844596 kB
MemFree:          721316 kB
MemAvailable:    1516084 kB
Buffers:           57792 kB
Cached:           839780 kB
MemTotal:        1844596 kB
MemFree:          720120 kB
MemAvailable:    1514888 kB
Buffers:           57792 kB
Cached:           839780 kB
MemTotal:        1844596 kB
MemFree:          718872 kB
MemAvailable:    1513640 kB
Buffers:           57792 kB
Cached:           839780 kB
MemTotal:        1844596 kB
MemFree:          718392 kB
MemAvailable:    1513160 kB
Buffers:           57792 kB
Cached:           839780 kB
MemTotal:        1844596 kB
MemFree:          717896 kB
MemAvailable:    1512664 kB
Buffers:           57792 kB
Cached:           839780 kB
MemTotal:        1844596 kB
MemFree:          716648 kB
MemAvailable:    1511416 kB
Buffers:           57792 kB
Cached:           839780 kB
MemTotal:        1844596 kB
MemFree:          716772 kB
MemAvailable:    1511540 kB
Buffers:           57792 kB
Cached:           839780 kB
MemTotal:        1844596 kB
MemFree:          716044 kB
MemAvailable:    1510812 kB
Buffers:           57792 kB
Cached:           839780 kB
MemTotal:        1844596 kB
MemFree:          716028 kB
MemAvailable:    1510796 kB
Buffers:           57792 kB
Cached:           839780 kB
MemTotal:        1844596 kB
MemFree:          716364 kB
MemAvailable:    1511132 kB
Buffers:           57792 kB
Cached:           839780 kB
MemTotal:        1844596 kB
MemFree:          716088 kB
MemAvailable:    1510856 kB
Buffers:           57792 kB
Cached:           839780 kB
MemTotal:        1844596 kB
MemFree:          714796 kB
MemAvailable:    1509564 kB
Buffers:           57792 kB
Cached:           839780 kB
MemTotal:        1844596 kB
MemFree:          715644 kB
MemAvailable:    1510412 kB
Buffers:           57792 kB
Cached:           839780 kB
MemTotal:        1844596 kB
MemFree:          715900 kB
MemAvailable:    1510668 kB
Buffers:           57792 kB
Cached:           839780 kB
MemTotal:        1844596 kB
MemFree:          715464 kB
MemAvailable:    1510232 kB
Buffers:           57792 kB
Cached:           839780 kB
MemTotal:        1844596 kB
MemFree:          715464 kB
MemAvailable:    1510232 kB
Buffers:           57792 kB
Cached:           839780 kB
MemTotal:        1844596 kB
MemFree:          715288 kB
MemAvailable:    1510056 kB
Buffers:           57792 kB
Cached:           839780 kB
MemTotal:        1844596 kB
MemFree:          713988 kB
MemAvailable:    1508756 kB
Buffers:           57792 kB
Cached:           839780 kB
MemTotal:        1844596 kB
MemFree:          714840 kB
MemAvailable:    1509608 kB
Buffers:           57792 kB
Cached:           839780 kB
MemTotal:        1844596 kB
MemFree:          714948 kB
MemAvailable:    1509716 kB
Buffers:           57792 kB
Cached:           839780 kB
MemTotal:        1844596 kB
MemFree:          713500 kB
MemAvailable:    1508272 kB
Buffers:           57792 kB
Cached:           839784 kB
MemTotal:        1844596 kB
MemFree:          713632 kB
MemAvailable:    1508404 kB
Buffers:           57792 kB
Cached:           839784 kB
MemTotal:        1844596 kB
MemFree:          714788 kB
MemAvailable:    1509560 kB
Buffers:           57792 kB
Cached:           839784 kB
MemTotal:        1844596 kB
MemFree:          713416 kB
MemAvailable:    1508188 kB
Buffers:           57792 kB
Cached:           839784 kB
MemTotal:        1844596 kB
MemFree:          713540 kB
MemAvailable:    1508312 kB
Buffers:           57792 kB
Cached:           839784 kB
MemTotal:        1844596 kB
MemFree:          714720 kB
MemAvailable:    1509492 kB
Buffers:           57792 kB
Cached:           839784 kB
MemTotal:        1844596 kB
MemFree:          714888 kB
MemAvailable:    1509660 kB
Buffers:           57792 kB
Cached:           839784 kB
MemTotal:        1844596 kB
MemFree:          714644 kB
MemAvailable:    1509416 kB
Buffers:           57792 kB
Cached:           839784 kB
MemTotal:        1844596 kB
MemFree:          714980 kB
MemAvailable:    1509752 kB
Buffers:           57792 kB
Cached:           839784 kB
MemTotal:        1844596 kB
MemFree:          713404 kB
MemAvailable:    1508176 kB
Buffers:           57792 kB
Cached:           839784 kB
MemTotal:        1844596 kB
MemFree:          713688 kB
MemAvailable:    1508460 kB
Buffers:           57792 kB
Cached:           839784 kB
MemTotal:        1844596 kB
MemFree:          714292 kB
MemAvailable:    1509068 kB
Buffers:           57792 kB
Cached:           839788 kB
MemTotal:        1844596 kB
MemFree:          713432 kB
MemAvailable:    1508208 kB
Buffers:           57792 kB
Cached:           839788 kB
MemTotal:        1844596 kB
MemFree:          712916 kB
MemAvailable:    1507692 kB
Buffers:           57792 kB
Cached:           839788 kB
MemTotal:        1844596 kB
MemFree:          714112 kB
MemAvailable:    1508888 kB
Buffers:           57792 kB
Cached:           839788 kB
MemTotal:        1844596 kB
MemFree:          713912 kB
MemAvailable:    1508688 kB
Buffers:           57792 kB
Cached:           839788 kB
MemTotal:        1844596 kB
MemFree:          713912 kB
MemAvailable:    1508688 kB
Buffers:           57792 kB
Cached:           839788 kB
MemTotal:        1844596 kB
MemFree:          713952 kB
MemAvailable:    1508728 kB
Buffers:           57792 kB
Cached:           839788 kB
MemTotal:        1844596 kB
MemFree:          713672 kB
MemAvailable:    1508448 kB
Buffers:           57792 kB
Cached:           839788 kB
MemTotal:        1844596 kB
MemFree:          712496 kB
MemAvailable:    1507272 kB
Buffers:           57792 kB
Cached:           839788 kB
MemTotal:        1844596 kB
MemFree:          713764 kB
MemAvailable:    1508540 kB
Buffers:           57792 kB
Cached:           839788 kB
MemTotal:        1844596 kB
MemFree:          713680 kB
MemAvailable:    1508456 kB
Buffers:           57792 kB
Cached:           839788 kB
MemTotal:        1844596 kB
MemFree:          713616 kB
MemAvailable:    1508392 kB
Buffers:           57792 kB
Cached:           839788 kB
MemTotal:        1844596 kB
MemFree:          713872 kB
MemAvailable:    1508648 kB
Buffers:           57792 kB
Cached:           839788 kB
MemTotal:        1844596 kB
MemFree:          710564 kB
MemAvailable:    1505340 kB
Buffers:           57792 kB
Cached:           839788 kB
MemTotal:        1844596 kB
MemFree:          709780 kB
MemAvailable:    1504556 kB
Buffers:           57792 kB
Cached:           839788 kB
MemTotal:        1844596 kB
MemFree:          706720 kB
MemAvailable:    1501496 kB
Buffers:           57792 kB
Cached:           839788 kB
MemTotal:        1844596 kB
MemFree:          706804 kB
MemAvailable:    1501580 kB
Buffers:           57792 kB
Cached:           839788 kB
MemTotal:        1844596 kB
MemFree:          706224 kB
MemAvailable:    1501000 kB
Buffers:           57792 kB
Cached:           839788 kB
MemTotal:        1844596 kB
MemFree:          706560 kB
MemAvailable:    1501336 kB
Buffers:           57792 kB
Cached:           839788 kB
MemTotal:        1844596 kB
MemFree:          704984 kB
MemAvailable:    1499760 kB
Buffers:           57792 kB
Cached:           839788 kB
MemTotal:        1844596 kB
MemFree:          705976 kB
MemAvailable:    1500752 kB
Buffers:           57792 kB
Cached:           839788 kB
MemTotal:        1844596 kB
MemFree:          706228 kB
MemAvailable:    1501004 kB
Buffers:           57792 kB
Cached:           839788 kB
MemTotal:        1844596 kB
MemFree:          705728 kB
MemAvailable:    1500504 kB
Buffers:           57792 kB
Cached:           839788 kB
MemTotal:        1844596 kB
MemFree:          705896 kB
MemAvailable:    1500672 kB
Buffers:           57792 kB
Cached:           839788 kB
MemTotal:        1844596 kB
MemFree:          705820 kB
MemAvailable:    1500596 kB
Buffers:           57792 kB
Cached:           839788 kB
MemTotal:        1844596 kB
MemFree:          706076 kB
MemAvailable:    1500852 kB
Buffers:           57792 kB
Cached:           839788 kB
MemTotal:        1844596 kB
MemFree:          704448 kB
MemAvailable:    1499224 kB
Buffers:           57792 kB
Cached:           839788 kB
MemTotal:        1844596 kB
MemFree:          704572 kB
MemAvailable:    1499348 kB
Buffers:           57792 kB
Cached:           839788 kB
MemTotal:        1844596 kB
MemFree:          705264 kB
MemAvailable:    1500040 kB
Buffers:           57792 kB
Cached:           839788 kB
MemTotal:        1844596 kB
MemFree:          705124 kB
MemAvailable:    1499904 kB
Buffers:           57792 kB
Cached:           839792 kB
MemTotal:        1844596 kB
MemFree:          706308 kB
MemAvailable:    1501088 kB
Buffers:           57792 kB
Cached:           839792 kB
MemTotal:        1844596 kB
MemFree:          706052 kB
MemAvailable:    1500832 kB
Buffers:           57792 kB
Cached:           839792 kB
MemTotal:        1844596 kB
MemFree:          705440 kB
MemAvailable:    1500220 kB
Buffers:           57792 kB
Cached:           839792 kB
MemTotal:        1844596 kB
MemFree:          704008 kB
MemAvailable:    1498788 kB
Buffers:           57792 kB
Cached:           839792 kB
MemTotal:        1844596 kB
MemFree:          703892 kB
MemAvailable:    1498672 kB
Buffers:           57792 kB
Cached:           839792 kB
MemTotal:        1844596 kB
MemFree:          704636 kB
MemAvailable:    1499416 kB
Buffers:           57792 kB
Cached:           839792 kB
MemTotal:        1844596 kB
MemFree:          703396 kB
MemAvailable:    1498176 kB
Buffers:           57792 kB
Cached:           839792 kB
MemTotal:        1844596 kB
MemFree:          704264 kB
MemAvailable:    1499044 kB
Buffers:           57792 kB
Cached:           839792 kB
MemTotal:        1844596 kB
MemFree:          704068 kB
MemAvailable:    1498848 kB
Buffers:           57792 kB
Cached:           839792 kB
MemTotal:        1844596 kB
MemFree:          702032 kB
MemAvailable:    1496812 kB
Buffers:           57792 kB
Cached:           839792 kB
MemTotal:        1844596 kB
MemFree:          702880 kB
MemAvailable:    1497660 kB
Buffers:           57792 kB
Cached:           839792 kB
MemTotal:        1844596 kB
MemFree:          703216 kB
MemAvailable:    1497996 kB
Buffers:           57792 kB
Cached:           839792 kB
MemTotal:        1844596 kB
MemFree:          701660 kB
MemAvailable:    1496440 kB
Buffers:           57792 kB
Cached:           839792 kB
MemTotal:        1844596 kB
MemFree:          702712 kB
MemAvailable:    1497492 kB
Buffers:           57792 kB
Cached:           839792 kB
MemTotal:        1844596 kB
MemFree:          702776 kB
MemAvailable:    1497556 kB
Buffers:           57792 kB
Cached:           839792 kB
MemTotal:        1844596 kB
MemFree:          702464 kB
MemAvailable:    1497244 kB
Buffers:           57792 kB
Cached:           839792 kB
MemTotal:        1844596 kB
MemFree:          702404 kB
MemAvailable:    1497184 kB
Buffers:           57792 kB
Cached:           839792 kB
MemTotal:        1844596 kB
MemFree:          702008 kB
MemAvailable:    1496788 kB
Buffers:           57792 kB
Cached:           839792 kB
MemTotal:        1844596 kB
MemFree:          702008 kB
MemAvailable:    1496788 kB
Buffers:           57792 kB
Cached:           839792 kB
MemTotal:        1844596 kB
MemFree:          701832 kB
MemAvailable:    1496612 kB
Buffers:           57792 kB
Cached:           839792 kB
MemTotal:        1844596 kB
MemFree:          702168 kB
MemAvailable:    1496948 kB
Buffers:           57792 kB
Cached:           839792 kB
MemTotal:        1844596 kB
MemFree:          701868 kB
MemAvailable:    1496648 kB
Buffers:           57792 kB
Cached:           839792 kB
MemTotal:        1844596 kB
MemFree:          702204 kB
MemAvailable:    1496984 kB
Buffers:           57792 kB
Cached:           839792 kB
MemTotal:        1844596 kB
MemFree:          701520 kB
MemAvailable:    1496300 kB
Buffers:           57792 kB
Cached:           839792 kB
MemTotal:        1844596 kB
MemFree:          701520 kB
MemAvailable:    1496300 kB
Buffers:           57792 kB
Cached:           839792 kB
MemTotal:        1844596 kB
MemFree:          697744 kB
MemAvailable:    1492524 kB
Buffers:           57792 kB
Cached:           839792 kB
MemTotal:        1844596 kB
MemFree:          696568 kB
MemAvailable:    1491348 kB
Buffers:           57792 kB
Cached:           839792 kB
MemTotal:        1844596 kB
MemFree:          696256 kB
MemAvailable:    1491036 kB
Buffers:           57792 kB
Cached:           839792 kB
MemTotal:        1844596 kB
MemFree:          695944 kB
MemAvailable:    1490724 kB
Buffers:           57792 kB
Cached:           839792 kB
MemTotal:        1844596 kB
MemFree:          695020 kB
MemAvailable:    1489800 kB
Buffers:           57792 kB
Cached:           839792 kB
MemTotal:        1844596 kB
MemFree:          696320 kB
MemAvailable:    1491100 kB
Buffers:           57792 kB
Cached:           839792 kB
MemTotal:        1844596 kB
MemFree:          696260 kB
MemAvailable:    1491040 kB
Buffers:           57792 kB
Cached:           839792 kB
MemTotal:        1844596 kB
MemFree:          696244 kB
MemAvailable:    1491024 kB
Buffers:           57792 kB
Cached:           839792 kB
MemTotal:        1844596 kB
MemFree:          696244 kB
MemAvailable:    1491024 kB
Buffers:           57792 kB
Cached:           839792 kB
MemTotal:        1844596 kB
MemFree:          696092 kB
MemAvailable:    1490872 kB
Buffers:           57792 kB
Cached:           839792 kB
MemTotal:        1844596 kB
MemFree:          695968 kB
MemAvailable:    1490748 kB
Buffers:           57792 kB
Cached:           839792 kB
MemTotal:        1844596 kB
MemFree:          694824 kB
MemAvailable:    1489604 kB
Buffers:           57792 kB
Cached:           839792 kB
MemTotal:        1844596 kB
MemFree:          694908 kB
MemAvailable:    1489688 kB
Buffers:           57792 kB
Cached:           839792 kB
MemTotal:        1844596 kB
MemFree:          693032 kB
MemAvailable:    1487812 kB
Buffers:           57792 kB
Cached:           839792 kB
MemTotal:        1844596 kB
MemFree:          692800 kB
MemAvailable:    1487580 kB
Buffers:           57792 kB
Cached:           839792 kB
MemTotal:        1844596 kB
MemFree:          692972 kB
MemAvailable:    1487752 kB
Buffers:           57792 kB
Cached:           839792 kB
MemTotal:        1844596 kB
MemFree:          692788 kB
MemAvailable:    1487568 kB
Buffers:           57792 kB
Cached:           839792 kB
MemTotal:        1844596 kB
MemFree:          692956 kB
MemAvailable:    1487736 kB
Buffers:           57792 kB
Cached:           839792 kB
MemTotal:        1844596 kB
MemFree:          692780 kB
MemAvailable:    1487560 kB
Buffers:           57792 kB
Cached:           839792 kB
MemTotal:        1844596 kB
MemFree:          692360 kB
MemAvailable:    1487140 kB
Buffers:           57792 kB
Cached:           839792 kB
MemTotal:        1844596 kB
MemFree:          693696 kB
MemAvailable:    1488476 kB
Buffers:           57792 kB
Cached:           839792 kB
MemTotal:        1844596 kB
MemFree:          694708 kB
MemAvailable:    1489572 kB
Buffers:           57792 kB
Cached:           839916 kB
MemTotal:        1844596 kB
MemFree:          694792 kB
MemAvailable:    1489656 kB
Buffers:           57792 kB
Cached:           839916 kB
MemTotal:        1844596 kB
MemFree:          694668 kB
MemAvailable:    1489616 kB
Buffers:           57792 kB
Cached:           840040 kB
MemTotal:        1844596 kB
MemFree:          693464 kB
MemAvailable:    1488496 kB
Buffers:           57792 kB
Cached:           840164 kB
MemTotal:        1844596 kB
MemFree:          694764 kB
MemAvailable:    1489964 kB
Buffers:           57792 kB
Cached:           840288 kB
MemTotal:        1844596 kB
MemFree:          694572 kB
MemAvailable:    1489856 kB
Buffers:           57792 kB
Cached:           840412 kB
MemTotal:        1844596 kB
MemFree:          693344 kB
MemAvailable:    1488712 kB
Buffers:           57792 kB
Cached:           840412 kB
MemTotal:        1844596 kB
MemFree:          692784 kB
MemAvailable:    1488152 kB
Buffers:           57792 kB
Cached:           840412 kB
MemTotal:        1844596 kB
MemFree:          694324 kB
MemAvailable:    1489692 kB
Buffers:           57792 kB
Cached:           840412 kB
MemTotal:        1844596 kB
MemFree:          693076 kB
MemAvailable:    1488444 kB
Buffers:           57792 kB
Cached:           840412 kB
MemTotal:        1844596 kB
MemFree:          694060 kB
MemAvailable:    1489428 kB
Buffers:           57792 kB
Cached:           840412 kB
MemTotal:        1844596 kB
MemFree:          694316 kB
MemAvailable:    1489684 kB
Buffers:           57792 kB
Cached:           840412 kB
MemTotal:        1844596 kB
MemFree:          694004 kB
MemAvailable:    1489372 kB
Buffers:           57792 kB
Cached:           840412 kB
MemTotal:        1844596 kB
MemFree:          694256 kB
MemAvailable:    1489624 kB
Buffers:           57792 kB
Cached:           840412 kB
MemTotal:        1844596 kB
MemFree:          694304 kB
MemAvailable:    1489756 kB
Buffers:           57792 kB
Cached:           840536 kB
MemTotal:        1844596 kB
MemFree:          693352 kB
MemAvailable:    1488804 kB
Buffers:           57792 kB
Cached:           840536 kB
MemTotal:        1844596 kB
MemFree:          752040 kB
MemAvailable:    1546820 kB
Buffers:           57792 kB
Cached:           839780 kB
MemTotal:        1844596 kB
MemFree:          761896 kB
MemAvailable:    1556676 kB
Buffers:           57792 kB
Cached:           839780 kB
