MemTotal:        1844596 kB
MemFree:          751448 kB
MemAvailable:    1532320 kB
Buffers:           56432 kB
Cached:           828388 kB
MemTotal:        1844596 kB
MemFree:          750984 kB
MemAvailable:    1531856 kB
Buffers:           56432 kB
Cached:           828388 kB
MemTotal:        1844596 kB
MemFree:          748876 kB
MemAvailable:    1529748 kB
Buffers:           56432 kB
Cached:           828388 kB
MemTotal:        1844596 kB
MemFree:          745644 kB
MemAvailable:    1526516 kB
Buffers:           56432 kB
Cached:           828388 kB
MemTotal:        1844596 kB
MemFree:          747224 kB
MemAvailable:    1528096 kB
Buffers:           56432 kB
Cached:           828388 kB
MemTotal:        1844596 kB
MemFree:          747252 kB
MemAvailable:    1528124 kB
Buffers:           56432 kB
Cached:           828388 kB
MemTotal:        1844596 kB
MemFree:          744108 kB
MemAvailable:    1524980 kB
Buffers:           56432 kB
Cached:           828388 kB
MemTotal:        1844596 kB
MemFree:          741876 kB
MemAvailable:    1522748 kB
Buffers:           56432 kB
Cached:           828388 kB
MemTotal:        1844596 kB
MemFree:          737096 kB
MemAvailable:    1517968 kB
Buffers:           56432 kB
Cached:           828388 kB
MemTotal:        1844596 kB
MemFree:          737096 kB
MemAvailable:    1517968 kB
Buffers:           56432 kB
Cached:           828388 kB
MemTotal:        1844596 kB
MemFree:          736032 kB
MemAvailable:    1516904 kB
Buffers:           56432 kB
Cached:           828388 kB
MemTotal:        1844596 kB
MemFree:          736112 kB
MemAvailable:    1516988 kB
Buffers:           56432 kB
Cached:           828392 kB
MemTotal:        1844596 kB
MemFree:          736732 kB
MemAvailable:    1517608 kB
Buffers:           56432 kB
Cached:           828392 kB
MemTotal:        1844596 kB
MemFree:          737508 kB
MemAvailable:    1518384 kB
Buffers:           56432 kB
Cached:           828392 kB
MemTotal:        1844596 kB
MemFree:          735968 kB
MemAvailable:    1516844 kB
Buffers:           56432 kB
Cached:           828392 kB
MemTotal:        1844596 kB
MemFree:          736952 kB
MemAvailable:    1517828 kB
Buffers:           56432 kB
Cached:           828392 kB
MemTotal:        1844596 kB
MemFree:          736360 kB
MemAvailable:    1517236 kB
Buffers:           56432 kB
Cached:           828392 kB
MemTotal:        1844596 kB
MemFree:          735600 kB
MemAvailable:    1516476 kB
Buffers:           56432 kB
Cached:           828392 kB
MemTotal:        1844596 kB
MemFree:          735852 kB
MemAvailable:    1516728 kB
Buffers:           56432 kB
Cached:           828392 kB
MemTotal:        1844596 kB
MemFree:          733748 kB
MemAvailable:    1514624 kB
Buffers:           56432 kB
Cached:           828392 kB
MemTotal:        1844596 kB
MemFree:          733880 kB
MemAvailable:    1514756 kB
Buffers:           56432 kB
Cached:           828392 kB
MemTotal:        1844596 kB
MemFree:          734376 kB
MemAvailable:    1515252 kB
Buffers:           56432 kB
Cached:           828392 kB
MemTotal:        1844596 kB
MemFree:          734596 kB
MemAvailable:    1515472 kB
Buffers:           56432 kB
Cached:           828392 kB
MemTotal:        1844596 kB
MemFree:          734932 kB
MemAvailable:    1515808 kB
Buffers:           56432 kB
Cached:           828392 kB
MemTotal:        1844596 kB
MemFree:          733440 kB
MemAvailable:    1514316 kB
Buffers:           56432 kB
Cached:           828392 kB
MemTotal:        1844596 kB
MemFree:          733484 kB
MemAvailable:    1514360 kB
Buffers:           56432 kB
Cached:           828392 kB
MemTotal:        1844596 kB
MemFree:          734584 kB
MemAvailable:    1515460 kB
Buffers:           56432 kB
Cached:           828392 kB
MemTotal:        1844596 kB
MemFree:          734920 kB
MemAvailable:    1515796 kB
Buffers:           56432 kB
Cached:           828392 kB
MemTotal:        1844596 kB
MemFree:          736104 kB
MemAvailable:    1516980 kB
Buffers:           56432 kB
Cached:           828392 kB
MemTotal:        1844596 kB
MemFree:          736356 kB
MemAvailable:    1517232 kB
Buffers:           56432 kB
Cached:           828392 kB
MemTotal:        1844596 kB
MemFree:          733508 kB
MemAvailable:    1514384 kB
Buffers:           56432 kB
Cached:           828392 kB
MemTotal:        1844596 kB
MemFree:          732764 kB
MemAvailable:    1513640 kB
Buffers:           56432 kB
Cached:           828392 kB
MemTotal:        1844596 kB
MemFree:          732516 kB
MemAvailable:    1513392 kB
Buffers:           56432 kB
Cached:           828392 kB
MemTotal:        1844596 kB
MemFree:          731004 kB
MemAvailable:    1511880 kB
Buffers:           56432 kB
Cached:           828392 kB
MemTotal:        1844596 kB
MemFree:          731640 kB
MemAvailable:    1512516 kB
Buffers:           56432 kB
Cached:           828392 kB
MemTotal:        1844596 kB
MemFree:          731640 kB
MemAvailable:    1512516 kB
Buffers:           56432 kB
Cached:           828392 kB
MemTotal:        1844596 kB
MemFree:          731632 kB
MemAvailable:    1512508 kB
Buffers:           56432 kB
Cached:           828392 kB
MemTotal:        1844596 kB
MemFree:          730840 kB
MemAvailable:    1511716 kB
Buffers:           56432 kB
Cached:           828392 kB
MemTotal:        1844596 kB
MemFree:          729408 kB
MemAvailable:    1510284 kB
Buffers:           56432 kB
Cached:           828392 kB
MemTotal:        1844596 kB
MemFree:          729532 kB
MemAvailable:    1510408 kB
Buffers:           56432 kB
Cached:           828392 kB
MemTotal:        1844596 kB
MemFree:          731000 kB
MemAvailable:    1511876 kB
Buffers:           56432 kB
Cached:           828392 kB
MemTotal:        1844596 kB
MemFree:          729416 kB
MemAvailable:    1510292 kB
Buffers:           56432 kB
Cached:           828392 kB
MemTotal:        1844596 kB
MemFree:          730276 kB
MemAvailable:    1511152 kB
Buffers:           56432 kB
Cached:           828392 kB
MemTotal:        1844596 kB
MemFree:          730276 kB
MemAvailable:    1511152 kB
Buffers:           56432 kB
Cached:           828392 kB
MemTotal:        1844596 kB
MemFree:          728732 kB
MemAvailable:    1509608 kB
Buffers:           56432 kB
Cached:           828392 kB
MemTotal:        1844596 kB
MemFree:          728732 kB
MemAvailable:    1509608 kB
Buffers:           56432 kB
Cached:           828392 kB
MemTotal:        1844596 kB
MemFree:          729344 kB
MemAvailable:    1510220 kB
Buffers:           56432 kB
Cached:           828392 kB
MemTotal:        1844596 kB
MemFree:          729460 kB
MemAvailable:    1510336 kB
Buffers:           56432 kB
Cached:           828392 kB
MemTotal:        1844596 kB
MemFree:          729468 kB
MemAvailable:    1510344 kB
Buffers:           56432 kB
Cached:           828392 kB
MemTotal:        1844596 kB
MemFree:          728776 kB
MemAvailable:    1509652 kB
Buffers:           56432 kB
Cached:           828392 kB
MemTotal:        1844596 kB
MemFree:          729592 kB
MemAvailable:    1510468 kB
Buffers:           56432 kB
Cached:           828392 kB
MemTotal:        1844596 kB
MemFree:          728344 kB
MemAvailable:    1509220 kB
Buffers:           56432 kB
Cached:           828392 kB
MemTotal:        1844596 kB
MemFree:          729488 kB
MemAvailable:    1510364 kB
Buffers:           56432 kB
Cached:           828392 kB
MemTotal:        1844596 kB
MemFree:          729488 kB
MemAvailable:    1510364 kB
Buffers:           56432 kB
Cached:           828392 kB
MemTotal:        1844596 kB
MemFree:          728236 kB
MemAvailable:    1509112 kB
Buffers:           56432 kB
Cached:           828392 kB
MemTotal:        1844596 kB
MemFree:          728492 kB
MemAvailable:    1509368 kB
Buffers:           56432 kB
Cached:           828392 kB
MemTotal:        1844596 kB
MemFree:          729352 kB
MemAvailable:    1510228 kB
Buffers:           56432 kB
Cached:           828392 kB
MemTotal:        1844596 kB
MemFree:          729088 kB
MemAvailable:    1509964 kB
Buffers:           56432 kB
Cached:           828392 kB
MemTotal:        1844596 kB
MemFree:          729424 kB
MemAvailable:    1510300 kB
Buffers:           56432 kB
Cached:           828392 kB
MemTotal:        1844596 kB
MemFree:          727788 kB
MemAvailable:    1508664 kB
Buffers:           56432 kB
Cached:           828392 kB
MemTotal:        1844596 kB
MemFree:          728964 kB
MemAvailable:    1509840 kB
Buffers:           56432 kB
Cached:           828392 kB
MemTotal:        1844596 kB
MemFree:          728592 kB
MemAvailable:    1509468 kB
Buffers:           56432 kB
Cached:           828392 kB
MemTotal:        1844596 kB
MemFree:          728300 kB
MemAvailable:    1509176 kB
Buffers:           56432 kB
Cached:           828392 kB
MemTotal:        1844596 kB
MemFree:          727412 kB
MemAvailable:    1508288 kB
Buffers:           56432 kB
Cached:           828392 kB
MemTotal:        1844596 kB
MemFree:          728776 kB
MemAvailable:    1509652 kB
Buffers:           56432 kB
Cached:           828392 kB
MemTotal:        1844596 kB
MemFree:          728648 kB
MemAvailable:    1509524 kB
Buffers:           56432 kB
Cached:           828392 kB
MemTotal:        1844596 kB
MemFree:          728648 kB
MemAvailable:    1509524 kB
Buffers:           56432 kB
Cached:           828392 kB
MemTotal:        1844596 kB
MemFree:          728656 kB
MemAvailable:    1509532 kB
Buffers:           56432 kB
Cached:           828392 kB
MemTotal:        1844596 kB
MemFree:          727372 kB
MemAvailable:    1508248 kB
Buffers:           56432 kB
Cached:           828392 kB
MemTotal:        1844596 kB
MemFree:          728736 kB
MemAvailable:    1509612 kB
Buffers:           56432 kB
Cached:           828392 kB
MemTotal:        1844596 kB
MemFree:          727928 kB
MemAvailable:    1508804 kB
Buffers:           56432 kB
Cached:           828392 kB
MemTotal:        1844596 kB
MemFree:          728788 kB
MemAvailable:    1509664 kB
Buffers:           56432 kB
Cached:           828392 kB
MemTotal:        1844596 kB
MemFree:          727052 kB
MemAvailable:    1507928 kB
Buffers:           56432 kB
Cached:           828392 kB
MemTotal:        1844596 kB
MemFree:          724440 kB
MemAvailable:    1505316 kB
Buffers:           56432 kB
Cached:           828392 kB
MemTotal:        1844596 kB
MemFree:          724444 kB
MemAvailable:    1505320 kB
Buffers:           56432 kB
Cached:           828392 kB
MemTotal:        1844596 kB
MemFree:          721408 kB
MemAvailable:    1502284 kB
Buffers:           56432 kB
Cached:           828392 kB
MemTotal:        1844596 kB
MemFree:          721420 kB
MemAvailable:    1502296 kB
Buffers:           56432 kB
Cached:           828392 kB
MemTotal:        1844596 kB
MemFree:          719612 kB
MemAvailable:    1500488 kB
Buffers:           56432 kB
Cached:           828392 kB
MemTotal:        1844596 kB
MemFree:          720736 kB
MemAvailable:    1501612 kB
Buffers:           56432 kB
Cached:           828392 kB
MemTotal:        1844596 kB
MemFree:          720556 kB
MemAvailable:    1501432 kB
Buffers:           56432 kB
Cached:           828392 kB
MemTotal:        1844596 kB
MemFree:          720728 kB
MemAvailable:    1501604 kB
Buffers:           56432 kB
Cached:           828392 kB
MemTotal:        1844596 kB
MemFree:          720556 kB
MemAvailable:    1501432 kB
Buffers:           56432 kB
Cached:           828392 kB
MemTotal:        1844596 kB
MemFree:          720892 kB
MemAvailable:    1501768 kB
Buffers:           56432 kB
Cached:           828392 kB
MemTotal:        1844596 kB
MemFree:          719484 kB
MemAvailable:    1500360 kB
Buffers:           56432 kB
Cached:           828392 kB
MemTotal:        1844596 kB
MemFree:          720996 kB
MemAvailable:    1501872 kB
Buffers:           56432 kB
Cached:           828392 kB
MemTotal:        1844596 kB
MemFree:          720780 kB
MemAvailable:    1501656 kB
Buffers:           56432 kB
Cached:           828392 kB
MemTotal:        1844596 kB
MemFree:          720608 kB
MemAvailable:    1501484 kB
Buffers:           56432 kB
Cached:           828392 kB
MemTotal:        1844596 kB
MemFree:          720644 kB
MemAvailable:    1501520 kB
Buffers:           56432 kB
Cached:           828392 kB
MemTotal:        1844596 kB
MemFree:          720832 kB
MemAvailable:    1501708 kB
Buffers:           56432 kB
Cached:           828392 kB
MemTotal:        1844596 kB
MemFree:          720480 kB
MemAvailable:    1501356 kB
Buffers:           56432 kB
Cached:           828392 kB
MemTotal:        1844596 kB
MemFree:          720736 kB
MemAvailable:    1501624 kB
Buffers:           56432 kB
Cached:           828404 kB
MemTotal:        1844596 kB
MemFree:          720300 kB
MemAvailable:    1501188 kB
Buffers:           56432 kB
Cached:           828404 kB
MemTotal:        1844596 kB
MemFree:          720068 kB
MemAvailable:    1500956 kB
Buffers:           56432 kB
Cached:           828404 kB
MemTotal:        1844596 kB
MemFree:          719680 kB
MemAvailable:    1500568 kB
Buffers:           56432 kB
Cached:           828404 kB
MemTotal:        1844596 kB
MemFree:          719184 kB
MemAvailable:    1500072 kB
Buffers:           56432 kB
Cached:           828404 kB
MemTotal:        1844596 kB
MemFree:          719052 kB
MemAvailable:    1499940 kB
Buffers:           56432 kB
Cached:           828404 kB
MemTotal:        1844596 kB
MemFree:          718944 kB
MemAvailable:    1499832 kB
Buffers:           56432 kB
Cached:           828404 kB
MemTotal:        1844596 kB
MemFree:          717868 kB
MemAvailable:    1498756 kB
Buffers:           56432 kB
Cached:           828404 kB
MemTotal:        1844596 kB
MemFree:          717868 kB
MemAvailable:    1498756 kB
Buffers:           56432 kB
Cached:           828404 kB
MemTotal:        1844596 kB
MemFree:          717704 kB
MemAvailable:    1498592 kB
Buffers:           56432 kB
Cached:           828404 kB
MemTotal:        1844596 kB
MemFree:          717448 kB
MemAvailable:    1498336 kB
Buffers:           56432 kB
Cached:           828404 kB
MemTotal:        1844596 kB
MemFree:          716016 kB
MemAvailable:    1496904 kB
Buffers:           56432 kB
Cached:           828404 kB
MemTotal:        1844596 kB
MemFree:          717124 kB
MemAvailable:    1498012 kB
Buffers:           56432 kB
Cached:           828404 kB
MemTotal:        1844596 kB
MemFree:          717124 kB
MemAvailable:    1498012 kB
Buffers:           56432 kB
Cached:           828404 kB
MemTotal:        1844596 kB
MemFree:          716856 kB
MemAvailable:    1497744 kB
Buffers:           56432 kB
Cached:           828404 kB
MemTotal:        1844596 kB
MemFree:          716856 kB
MemAvailable:    1497744 kB
Buffers:           56432 kB
Cached:           828404 kB
MemTotal:        1844596 kB
MemFree:          716904 kB
MemAvailable:    1497792 kB
Buffers:           56432 kB
Cached:           828404 kB
MemTotal:        1844596 kB
MemFree:          716804 kB
MemAvailable:    1497692 kB
Buffers:           56432 kB
Cached:           828404 kB
MemTotal:        1844596 kB
MemFree:          715572 kB
MemAvailable:    1496460 kB
Buffers:           56432 kB
Cached:           828404 kB
MemTotal:        1844596 kB
MemFree:          716812 kB
MemAvailable:    1497700 kB
Buffers:           56432 kB
Cached:           828404 kB
MemTotal:        1844596 kB
MemFree:          716672 kB
MemAvailable:    1497560 kB
Buffers:           56432 kB
Cached:           828404 kB
MemTotal:        1844596 kB
MemFree:          716672 kB
MemAvailable:    1497560 kB
Buffers:           56432 kB
Cached:           828404 kB
MemTotal:        1844596 kB
MemFree:          716396 kB
MemAvailable:    1497284 kB
Buffers:           56432 kB
Cached:           828404 kB
MemTotal:        1844596 kB
MemFree:          716396 kB
MemAvailable:    1497284 kB
Buffers:           56432 kB
Cached:           828404 kB
MemTotal:        1844596 kB
MemFree:          713412 kB
MemAvailable:    1494300 kB
Buffers:           56432 kB
Cached:           828404 kB
MemTotal:        1844596 kB
MemFree:          710452 kB
MemAvailable:    1491340 kB
Buffers:           56432 kB
Cached:           828404 kB
MemTotal:        1844596 kB
MemFree:          711372 kB
MemAvailable:    1492260 kB
Buffers:           56432 kB
Cached:           828404 kB
MemTotal:        1844596 kB
MemFree:          710196 kB
MemAvailable:    1491084 kB
Buffers:           56432 kB
Cached:           828404 kB
MemTotal:        1844596 kB
MemFree:          711128 kB
MemAvailable:    1492016 kB
Buffers:           56432 kB
Cached:           828404 kB
MemTotal:        1844596 kB
MemFree:          711380 kB
MemAvailable:    1492268 kB
Buffers:           56432 kB
Cached:           828404 kB
MemTotal:        1844596 kB
MemFree:          711140 kB
MemAvailable:    1492028 kB
Buffers:           56432 kB
Cached:           828404 kB
MemTotal:        1844596 kB
MemFree:          711112 kB
MemAvailable:    1492000 kB
Buffers:           56432 kB
Cached:           828404 kB
MemTotal:        1844596 kB
MemFree:          710872 kB
MemAvailable:    1491760 kB
Buffers:           56432 kB
Cached:           828404 kB
MemTotal:        1844596 kB
MemFree:          711128 kB
MemAvailable:    1492016 kB
Buffers:           56432 kB
Cached:           828404 kB
MemTotal:        1844596 kB
MemFree:          709500 kB
MemAvailable:    1490388 kB
Buffers:           56432 kB
Cached:           828404 kB
MemTotal:        1844596 kB
MemFree:          710736 kB
MemAvailable:    1491624 kB
Buffers:           56432 kB
Cached:           828404 kB
MemTotal:        1844596 kB
MemFree:          710736 kB
MemAvailable:    1491624 kB
Buffers:           56432 kB
Cached:           828404 kB
MemTotal:        1844596 kB
MemFree:          710612 kB
MemAvailable:    1491500 kB
Buffers:           56432 kB
Cached:           828404 kB
MemTotal:        1844596 kB
MemFree:          708708 kB
MemAvailable:    1489596 kB
Buffers:           56432 kB
Cached:           828404 kB
MemTotal:        1844596 kB
MemFree:          707468 kB
MemAvailable:    1488356 kB
Buffers:           56432 kB
Cached:           828404 kB
MemTotal:        1844596 kB
MemFree:          707964 kB
MemAvailable:    1488852 kB
Buffers:           56432 kB
Cached:           828404 kB
MemTotal:        1844596 kB
MemFree:          707892 kB
MemAvailable:    1488780 kB
Buffers:           56432 kB
Cached:           828404 kB
MemTotal:        1844596 kB
MemFree:          706412 kB
MemAvailable:    1487300 kB
Buffers:           56432 kB
Cached:           828404 kB
MemTotal:        1844596 kB
MemFree:          707096 kB
MemAvailable:    1487984 kB
Buffers:           56432 kB
Cached:           828404 kB
MemTotal:        1844596 kB
MemFree:          707572 kB
MemAvailable:    1488460 kB
Buffers:           56432 kB
Cached:           828404 kB
MemTotal:        1844596 kB
MemFree:          706424 kB
MemAvailable:    1487312 kB
Buffers:           56432 kB
Cached:           828404 kB
MemTotal:        1844596 kB
MemFree:          708380 kB
MemAvailable:    1489268 kB
Buffers:           56432 kB
Cached:           828404 kB
MemTotal:        1844596 kB
MemFree:          709488 kB
MemAvailable:    1490460 kB
Buffers:           56432 kB
Cached:           828528 kB
MemTotal:        1844596 kB
MemFree:          709488 kB
MemAvailable:    1490460 kB
Buffers:           56432 kB
Cached:           828528 kB
MemTotal:        1844596 kB
MemFree:          709304 kB
MemAvailable:    1490444 kB
Buffers:           56432 kB
Cached:           828652 kB
MemTotal:        1844596 kB
MemFree:          709556 kB
MemAvailable:    1490696 kB
Buffers:           56432 kB
Cached:           828652 kB
MemTotal:        1844596 kB
MemFree:          707940 kB
MemAvailable:    1489248 kB
Buffers:           56432 kB
Cached:           828900 kB
MemTotal:        1844596 kB
MemFree:          707940 kB
MemAvailable:    1489248 kB
Buffers:           56432 kB
Cached:           828900 kB
MemTotal:        1844596 kB
MemFree:          709368 kB
MemAvailable:    1490760 kB
Buffers:           56432 kB
Cached:           829024 kB
MemTotal:        1844596 kB
MemFree:          708160 kB
MemAvailable:    1489552 kB
Buffers:           56432 kB
Cached:           829024 kB
MemTotal:        1844596 kB
MemFree:          708816 kB
MemAvailable:    1490352 kB
Buffers:           56432 kB
Cached:           829044 kB
MemTotal:        1844596 kB
MemFree:          708984 kB
MemAvailable:    1490520 kB
Buffers:           56432 kB
Cached:           829044 kB
MemTotal:        1844596 kB
MemFree:          708772 kB
MemAvailable:    1490308 kB
Buffers:           56432 kB
Cached:           829044 kB
MemTotal:        1844596 kB
MemFree:          708940 kB
MemAvailable:    1490476 kB
Buffers:           56440 kB
Cached:           829036 kB
MemTotal:        1844596 kB
MemFree:          708932 kB
MemAvailable:    1490468 kB
Buffers:           56444 kB
Cached:           829032 kB
MemTotal:        1844596 kB
MemFree:          708932 kB
MemAvailable:    1490468 kB
Buffers:           56444 kB
Cached:           829032 kB
MemTotal:        1844596 kB
MemFree:          709512 kB
MemAvailable:    1490460 kB
Buffers:           56444 kB
Cached:           828400 kB
MemTotal:        1844596 kB
MemFree:          709512 kB
MemAvailable:    1490460 kB
Buffers:           56444 kB
Cached:           828400 kB
MemTotal:        1844596 kB
MemFree:          772876 kB
MemAvailable:    1553824 kB
Buffers:           56444 kB
Cached:           828400 kB
