MemTotal:        1844596 kB
MemFree:          848348 kB
MemAvailable:    1539936 kB
Buffers:           46984 kB
Cached:           755828 kB
MemTotal:        1844596 kB
MemFree:          847108 kB
MemAvailable:    1538696 kB
Buffers:           46984 kB
Cached:           755828 kB
MemTotal:        1844596 kB
MemFree:          845984 kB
MemAvailable:    1537572 kB
Buffers:           46984 kB
Cached:           755828 kB
MemTotal:        1844596 kB
MemFree:          844580 kB
MemAvailable:    1536168 kB
Buffers:           46984 kB
Cached:           755828 kB
MemTotal:        1844596 kB
MemFree:          844884 kB
MemAvailable:    1536472 kB
Buffers:           46984 kB
Cached:           755828 kB
MemTotal:        1844596 kB
MemFree:          844248 kB
MemAvailable:    1535836 kB
Buffers:           46984 kB
Cached:           755828 kB
MemTotal:        1844596 kB
MemFree:          844248 kB
MemAvailable:    1535836 kB
Buffers:           46984 kB
Cached:           755828 kB
MemTotal:        1844596 kB
MemFree:          841288 kB
MemAvailable:    1532876 kB
Buffers:           46984 kB
Cached:           755828 kB
MemTotal:        1844596 kB
MemFree:          839056 kB
MemAvailable:    1530644 kB
Buffers:           46984 kB
Cached:           755828 kB
MemTotal:        1844596 kB
MemFree:          833832 kB
MemAvailable:    1525420 kB
Buffers:           46984 kB
Cached:           755828 kB
MemTotal:        1844596 kB
MemFree:          833724 kB
MemAvailable:    1525312 kB
Buffers:           46984 kB
Cached:           755828 kB
MemTotal:        1844596 kB
MemFree:          833760 kB
MemAvailable:    1525348 kB
Buffers:           46984 kB
Cached:           755828 kB
MemTotal:        1844596 kB
MemFree:          834976 kB
MemAvailable:    1526564 kB
Buffers:           46984 kB
Cached:           755828 kB
MemTotal:        1844596 kB
MemFree:          834824 kB
MemAvailable:    1526412 kB
Buffers:           46984 kB
Cached:           755828 kB
MemTotal:        1844596 kB
MemFree:          835160 kB
MemAvailable:    1526748 kB
Buffers:           46984 kB
Cached:           755828 kB
MemTotal:        1844596 kB
MemFree:          834700 kB
MemAvailable:    1526288 kB
Buffers:           46984 kB
Cached:           755828 kB
MemTotal:        1844596 kB
MemFree:          834952 kB
MemAvailable:    1526540 kB
Buffers:           46984 kB
Cached:           755828 kB
MemTotal:        1844596 kB
MemFree:          834096 kB
MemAvailable:    1525684 kB
Buffers:           46984 kB
Cached:           755828 kB
MemTotal:        1844596 kB
MemFree:          832484 kB
MemAvailable:    1524072 kB
Buffers:           46984 kB
Cached:           755828 kB
MemTotal:        1844596 kB
MemFree:          832468 kB
MemAvailable:    1524056 kB
Buffers:           46984 kB
Cached:           755828 kB
MemTotal:        1844596 kB
MemFree:          832468 kB
MemAvailable:    1524056 kB
Buffers:           46984 kB
Cached:           755828 kB
MemTotal:        1844596 kB
MemFree:          832464 kB
MemAvailable:    1524052 kB
Buffers:           46984 kB
Cached:           755828 kB
MemTotal:        1844596 kB
MemFree:          832716 kB
MemAvailable:    1524304 kB
Buffers:           46984 kB
Cached:           755828 kB
MemTotal:        1844596 kB
MemFree:          831188 kB
MemAvailable:    1522776 kB
Buffers:           46984 kB
Cached:           755828 kB
MemTotal:        1844596 kB
MemFree:          832488 kB
MemAvailable:    1524076 kB
Buffers:           46984 kB
Cached:           755828 kB
MemTotal:        1844596 kB
MemFree:          831320 kB
MemAvailable:    1522908 kB
Buffers:           46984 kB
Cached:           755828 kB
MemTotal:        1844596 kB
MemFree:          831320 kB
MemAvailable:    1522908 kB
Buffers:           46984 kB
Cached:           755828 kB
MemTotal:        1844596 kB
MemFree:          831064 kB
MemAvailable:    1522652 kB
Buffers:           46984 kB
Cached:           755828 kB
MemTotal:        1844596 kB
MemFree:          833768 kB
MemAvailable:    1525356 kB
Buffers:           46984 kB
Cached:           755828 kB
MemTotal:        1844596 kB
MemFree:          832688 kB
MemAvailable:    1524276 kB
Buffers:           46984 kB
Cached:           755828 kB
MemTotal:        1844596 kB
MemFree:          833404 kB
MemAvailable:    1524992 kB
Buffers:           46984 kB
Cached:           755828 kB
MemTotal:        1844596 kB
MemFree:          831368 kB
MemAvailable:    1522956 kB
Buffers:           46984 kB
Cached:           755828 kB
MemTotal:        1844596 kB
MemFree:          829128 kB
MemAvailable:    1520716 kB
Buffers:           46984 kB
Cached:           755828 kB
MemTotal:        1844596 kB
MemFree:          829012 kB
MemAvailable:    1520600 kB
Buffers:           46984 kB
Cached:           755828 kB
MemTotal:        1844596 kB
MemFree:          829444 kB
MemAvailable:    1521032 kB
Buffers:           46984 kB
Cached:           755828 kB
MemTotal:        1844596 kB
MemFree:          828268 kB
MemAvailable:    1519856 kB
Buffers:           46984 kB
Cached:           755828 kB
MemTotal:        1844596 kB
MemFree:          828748 kB
MemAvailable:    1520336 kB
Buffers:           46984 kB
Cached:           755828 kB
MemTotal:        1844596 kB
MemFree:          828972 kB
MemAvailable:    1520560 kB
Buffers:           46984 kB
Cached:           755828 kB
MemTotal:        1844596 kB
MemFree:          828384 kB
MemAvailable:    1519980 kB
Buffers:           46984 kB
Cached:           755836 kB
MemTotal:        1844596 kB
MemFree:          828636 kB
MemAvailable:    1520232 kB
Buffers:           46984 kB
Cached:           755836 kB
MemTotal:        1844596 kB
MemFree:          828268 kB
MemAvailable:    1519864 kB
Buffers:           46984 kB
Cached:           755836 kB
MemTotal:        1844596 kB
MemFree:          827028 kB
MemAvailable:    1518624 kB
Buffers:           46984 kB
Cached:           755836 kB
MemTotal:        1844596 kB
MemFree:          828320 kB
MemAvailable:    1519916 kB
Buffers:           46984 kB
Cached:           755836 kB
MemTotal:        1844596 kB
MemFree:          828196 kB
MemAvailable:    1519792 kB
Buffers:           46984 kB
Cached:           755836 kB
MemTotal:        1844596 kB
MemFree:          828064 kB
MemAvailable:    1519660 kB
Buffers:           46984 kB
Cached:           755836 kB
MemTotal:        1844596 kB
MemFree:          826880 kB
MemAvailable:    1518476 kB
Buffers:           46984 kB
Cached:           755836 kB
MemTotal:        1844596 kB
MemFree:          826276 kB
MemAvailable:    1517872 kB
Buffers:           46984 kB
Cached:           755836 kB
MemTotal:        1844596 kB
MemFree:          826020 kB
MemAvailable:    1517616 kB
Buffers:           46984 kB
Cached:           755836 kB
MemTotal:        1844596 kB
MemFree:          827272 kB
MemAvailable:    1518868 kB
Buffers:           46984 kB
Cached:           755836 kB
MemTotal:        1844596 kB
MemFree:          827440 kB
MemAvailable:    1519036 kB
Buffers:           46984 kB
Cached:           755836 kB
MemTotal:        1844596 kB
MemFree:          827268 kB
MemAvailable:    1518864 kB
Buffers:           46984 kB
Cached:           755836 kB
MemTotal:        1844596 kB
MemFree:          826212 kB
MemAvailable:    1517808 kB
Buffers:           46984 kB
Cached:           755836 kB
MemTotal:        1844596 kB
MemFree:          826212 kB
MemAvailable:    1517808 kB
Buffers:           46984 kB
Cached:           755836 kB
MemTotal:        1844596 kB
MemFree:          827356 kB
MemAvailable:    1518952 kB
Buffers:           46984 kB
Cached:           755836 kB
MemTotal:        1844596 kB
MemFree:          827400 kB
MemAvailable:    1518996 kB
Buffers:           46984 kB
Cached:           755836 kB
MemTotal:        1844596 kB
MemFree:          825888 kB
MemAvailable:    1517484 kB
Buffers:           46984 kB
Cached:           755836 kB
MemTotal:        1844596 kB
MemFree:          827344 kB
MemAvailable:    1518940 kB
Buffers:           46984 kB
Cached:           755836 kB
MemTotal:        1844596 kB
MemFree:          827212 kB
MemAvailable:    1518808 kB
Buffers:           46984 kB
Cached:           755836 kB
MemTotal:        1844596 kB
MemFree:          827016 kB
MemAvailable:    1518612 kB
Buffers:           46984 kB
Cached:           755836 kB
MemTotal:        1844596 kB
MemFree:          827032 kB
MemAvailable:    1518628 kB
Buffers:           46984 kB
Cached:           755836 kB
MemTotal:        1844596 kB
MemFree:          825912 kB
MemAvailable:    1517508 kB
Buffers:           46984 kB
Cached:           755836 kB
MemTotal:        1844596 kB
MemFree:          826392 kB
MemAvailable:    1517988 kB
Buffers:           46984 kB
Cached:           755836 kB
MemTotal:        1844596 kB
MemFree:          826728 kB
MemAvailable:    1518324 kB
Buffers:           46984 kB
Cached:           755836 kB
MemTotal:        1844596 kB
MemFree:          826344 kB
MemAvailable:    1517940 kB
Buffers:           46984 kB
Cached:           755836 kB
MemTotal:        1844596 kB
MemFree:          826512 kB
MemAvailable:    1518108 kB
Buffers:           46984 kB
Cached:           755836 kB
MemTotal:        1844596 kB
MemFree:          826088 kB
MemAvailable:    1517684 kB
Buffers:           46984 kB
Cached:           755836 kB
MemTotal:        1844596 kB
MemFree:          826424 kB
MemAvailable:    1518020 kB
Buffers:           46984 kB
Cached:           755836 kB
MemTotal:        1844596 kB
MemFree:          826348 kB
MemAvailable:    1517944 kB
Buffers:           46984 kB
Cached:           755836 kB
MemTotal:        1844596 kB
MemFree:          826336 kB
MemAvailable:    1517932 kB
Buffers:           46984 kB
Cached:           755836 kB
MemTotal:        1844596 kB
MemFree:          826336 kB
MemAvailable:    1517932 kB
Buffers:           46984 kB
Cached:           755836 kB
MemTotal:        1844596 kB
MemFree:          826360 kB
MemAvailable:    1517956 kB
Buffers:           46984 kB
Cached:           755836 kB
MemTotal:        1844596 kB
MemFree:          825016 kB
MemAvailable:    1516612 kB
Buffers:           46984 kB
Cached:           755836 kB
MemTotal:        1844596 kB
MemFree:          825664 kB
MemAvailable:    1517260 kB
Buffers:           46984 kB
Cached:           755836 kB
MemTotal:        1844596 kB
MemFree:          825964 kB
MemAvailable:    1517560 kB
Buffers:           46984 kB
Cached:           755836 kB
MemTotal:        1844596 kB
MemFree:          824360 kB
MemAvailable:    1515956 kB
Buffers:           46984 kB
Cached:           755836 kB
MemTotal:        1844596 kB
MemFree:          822252 kB
MemAvailable:    1513848 kB
Buffers:           46984 kB
Cached:           755836 kB
MemTotal:        1844596 kB
MemFree:          819648 kB
MemAvailable:    1511244 kB
Buffers:           46984 kB
Cached:           755836 kB
MemTotal:        1844596 kB
MemFree:          817556 kB
MemAvailable:    1509152 kB
Buffers:           46984 kB
Cached:           755836 kB
MemTotal:        1844596 kB
MemFree:          818608 kB
MemAvailable:    1510204 kB
Buffers:           46984 kB
Cached:           755836 kB
MemTotal:        1844596 kB
MemFree:          817232 kB
MemAvailable:    1508828 kB
Buffers:           46984 kB
Cached:           755836 kB
MemTotal:        1844596 kB
MemFree:          817100 kB
MemAvailable:    1508696 kB
Buffers:           46984 kB
Cached:           755836 kB
MemTotal:        1844596 kB
MemFree:          818384 kB
MemAvailable:    1509980 kB
Buffers:           46984 kB
Cached:           755836 kB
MemTotal:        1844596 kB
MemFree:          818384 kB
MemAvailable:    1509980 kB
Buffers:           46984 kB
Cached:           755836 kB
MemTotal:        1844596 kB
MemFree:          818456 kB
MemAvailable:    1510052 kB
Buffers:           46984 kB
Cached:           755836 kB
MemTotal:        1844596 kB
MemFree:          816952 kB
MemAvailable:    1508548 kB
Buffers:           46984 kB
Cached:           755836 kB
MemTotal:        1844596 kB
MemFree:          818324 kB
MemAvailable:    1509920 kB
Buffers:           46984 kB
Cached:           755836 kB
MemTotal:        1844596 kB
MemFree:          818384 kB
MemAvailable:    1509980 kB
Buffers:           46984 kB
Cached:           755836 kB
MemTotal:        1844596 kB
MemFree:          818408 kB
MemAvailable:    1510004 kB
Buffers:           46984 kB
Cached:           755836 kB
MemTotal:        1844596 kB
MemFree:          817060 kB
MemAvailable:    1508656 kB
Buffers:           46984 kB
Cached:           755836 kB
MemTotal:        1844596 kB
MemFree:          817184 kB
MemAvailable:    1508780 kB
Buffers:           46984 kB
Cached:           755836 kB
MemTotal:        1844596 kB
MemFree:          818284 kB
MemAvailable:    1509880 kB
Buffers:           46984 kB
Cached:           755836 kB
MemTotal:        1844596 kB
MemFree:          818536 kB
MemAvailable:    1510132 kB
Buffers:           46984 kB
Cached:           755836 kB
MemTotal:        1844596 kB
MemFree:          817044 kB
MemAvailable:    1508640 kB
Buffers:           46984 kB
Cached:           755836 kB
MemTotal:        1844596 kB
MemFree:          817720 kB
MemAvailable:    1509316 kB
Buffers:           46984 kB
Cached:           755836 kB
MemTotal:        1844596 kB
MemFree:          817720 kB
MemAvailable:    1509316 kB
Buffers:           46984 kB
Cached:           755836 kB
MemTotal:        1844596 kB
MemFree:          816844 kB
MemAvailable:    1508440 kB
Buffers:           46984 kB
Cached:           755836 kB
MemTotal:        1844596 kB
MemFree:          816928 kB
MemAvailable:    1508524 kB
Buffers:           46984 kB
Cached:           755836 kB
MemTotal:        1844596 kB
MemFree:          816548 kB
MemAvailable:    1508144 kB
Buffers:           46984 kB
Cached:           755836 kB
MemTotal:        1844596 kB
MemFree:          816548 kB
MemAvailable:    1508144 kB
Buffers:           46984 kB
Cached:           755836 kB
MemTotal:        1844596 kB
MemFree:          815232 kB
MemAvailable:    1506828 kB
Buffers:           46984 kB
Cached:           755836 kB
MemTotal:        1844596 kB
MemFree:          815852 kB
MemAvailable:    1507448 kB
Buffers:           46984 kB
Cached:           755836 kB
MemTotal:        1844596 kB
MemFree:          815664 kB
MemAvailable:    1507260 kB
Buffers:           46984 kB
Cached:           755836 kB
MemTotal:        1844596 kB
MemFree:          813752 kB
MemAvailable:    1505348 kB
Buffers:           46984 kB
Cached:           755836 kB
MemTotal:        1844596 kB
MemFree:          813760 kB
MemAvailable:    1505356 kB
Buffers:           46984 kB
Cached:           755836 kB
MemTotal:        1844596 kB
MemFree:          813752 kB
MemAvailable:    1505348 kB
Buffers:           46984 kB
Cached:           755836 kB
MemTotal:        1844596 kB
MemFree:          813636 kB
MemAvailable:    1505232 kB
Buffers:           46984 kB
Cached:           755836 kB
MemTotal:        1844596 kB
MemFree:          813884 kB
MemAvailable:    1505480 kB
Buffers:           46984 kB
Cached:           755836 kB
MemTotal:        1844596 kB
MemFree:          814620 kB
MemAvailable:    1506216 kB
Buffers:           46984 kB
Cached:           755836 kB
MemTotal:        1844596 kB
MemFree:          814388 kB
MemAvailable:    1505984 kB
Buffers:           46984 kB
Cached:           755836 kB
MemTotal:        1844596 kB
MemFree:          814456 kB
MemAvailable:    1506052 kB
Buffers:           46984 kB
Cached:           755836 kB
MemTotal:        1844596 kB
MemFree:          814636 kB
MemAvailable:    1506232 kB
Buffers:           46984 kB
Cached:           755836 kB
MemTotal:        1844596 kB
MemFree:          813196 kB
MemAvailable:    1504792 kB
Buffers:           46984 kB
Cached:           755836 kB
MemTotal:        1844596 kB
MemFree:          814480 kB
MemAvailable:    1506076 kB
Buffers:           46984 kB
Cached:           755836 kB
MemTotal:        1844596 kB
MemFree:          814480 kB
MemAvailable:    1506076 kB
Buffers:           46984 kB
Cached:           755836 kB
MemTotal:        1844596 kB
MemFree:          813228 kB
MemAvailable:    1504824 kB
Buffers:           46984 kB
Cached:           755836 kB
MemTotal:        1844596 kB
MemFree:          813992 kB
MemAvailable:    1505596 kB
Buffers:           46984 kB
Cached:           755844 kB
MemTotal:        1844596 kB
MemFree:          813992 kB
MemAvailable:    1505596 kB
Buffers:           46984 kB
Cached:           755844 kB
MemTotal:        1844596 kB
MemFree:          809224 kB
MemAvailable:    1500828 kB
Buffers:           46984 kB
Cached:           755844 kB
MemTotal:        1844596 kB
MemFree:          807792 kB
MemAvailable:    1499396 kB
Buffers:           46984 kB
Cached:           755844 kB
MemTotal:        1844596 kB
MemFree:          808992 kB
MemAvailable:    1500596 kB
Buffers:           46984 kB
Cached:           755844 kB
MemTotal:        1844596 kB
MemFree:          808048 kB
MemAvailable:    1499528 kB
Buffers:           46984 kB
Cached:           755844 kB
MemTotal:        1844596 kB
MemFree:          807620 kB
MemAvailable:    1499224 kB
Buffers:           46984 kB
Cached:           755844 kB
MemTotal:        1844596 kB
MemFree:          808796 kB
MemAvailable:    1500400 kB
Buffers:           46984 kB
Cached:           755844 kB
MemTotal:        1844596 kB
MemFree:          807932 kB
MemAvailable:    1499536 kB
Buffers:           46984 kB
Cached:           755844 kB
MemTotal:        1844596 kB
MemFree:          808620 kB
MemAvailable:    1500224 kB
Buffers:           46984 kB
Cached:           755844 kB
MemTotal:        1844596 kB
MemFree:          807416 kB
MemAvailable:    1499020 kB
Buffers:           46984 kB
Cached:           755844 kB
MemTotal:        1844596 kB
MemFree:          807416 kB
MemAvailable:    1499020 kB
Buffers:           46984 kB
Cached:           755844 kB
MemTotal:        1844596 kB
MemFree:          808524 kB
MemAvailable:    1500128 kB
Buffers:           46984 kB
Cached:           755844 kB
MemTotal:        1844596 kB
MemFree:          808524 kB
MemAvailable:    1500128 kB
Buffers:           46984 kB
Cached:           755844 kB
MemTotal:        1844596 kB
MemFree:          808104 kB
MemAvailable:    1499708 kB
Buffers:           46984 kB
Cached:           755844 kB
MemTotal:        1844596 kB
MemFree:          808440 kB
MemAvailable:    1500044 kB
Buffers:           46984 kB
Cached:           755844 kB
MemTotal:        1844596 kB
MemFree:          806188 kB
MemAvailable:    1497792 kB
Buffers:           46984 kB
Cached:           755844 kB
MemTotal:        1844596 kB
MemFree:          806444 kB
MemAvailable:    1498048 kB
Buffers:           46984 kB
Cached:           755844 kB
MemTotal:        1844596 kB
MemFree:          805444 kB
MemAvailable:    1497048 kB
Buffers:           46984 kB
Cached:           755844 kB
MemTotal:        1844596 kB
MemFree:          805700 kB
MemAvailable:    1497304 kB
Buffers:           46984 kB
Cached:           755844 kB
MemTotal:        1844596 kB
MemFree:          805372 kB
MemAvailable:    1496976 kB
Buffers:           46984 kB
Cached:           755844 kB
MemTotal:        1844596 kB
MemFree:          805308 kB
MemAvailable:    1496912 kB
Buffers:           46984 kB
Cached:           755844 kB
MemTotal:        1844596 kB
MemFree:          805308 kB
MemAvailable:    1496912 kB
Buffers:           46984 kB
Cached:           755844 kB
MemTotal:        1844596 kB
MemFree:          805320 kB
MemAvailable:    1496924 kB
Buffers:           46984 kB
Cached:           755844 kB
MemTotal:        1844596 kB
MemFree:          805320 kB
MemAvailable:    1496924 kB
Buffers:           46984 kB
Cached:           755844 kB
MemTotal:        1844596 kB
MemFree:          805992 kB
MemAvailable:    1497596 kB
Buffers:           46984 kB
Cached:           755844 kB
MemTotal:        1844596 kB
MemFree:          805948 kB
MemAvailable:    1497552 kB
Buffers:           46984 kB
Cached:           755844 kB
MemTotal:        1844596 kB
MemFree:          807048 kB
MemAvailable:    1498820 kB
Buffers:           46984 kB
Cached:           756092 kB
MemTotal:        1844596 kB
MemFree:          807384 kB
MemAvailable:    1499156 kB
Buffers:           46984 kB
Cached:           756092 kB
MemTotal:        1844596 kB
MemFree:          807056 kB
MemAvailable:    1498996 kB
Buffers:           46984 kB
Cached:           756216 kB
MemTotal:        1844596 kB
MemFree:          805684 kB
MemAvailable:    1497792 kB
Buffers:           46984 kB
Cached:           756340 kB
MemTotal:        1844596 kB
MemFree:          807004 kB
MemAvailable:    1499196 kB
Buffers:           46984 kB
Cached:           756464 kB
MemTotal:        1844596 kB
MemFree:          805312 kB
MemAvailable:    1497504 kB
Buffers:           46984 kB
Cached:           756464 kB
MemTotal:        1844596 kB
MemFree:          805444 kB
MemAvailable:    1497720 kB
Buffers:           46984 kB
Cached:           756464 kB
MemTotal:        1844596 kB
MemFree:          806544 kB
MemAvailable:    1498820 kB
Buffers:           46984 kB
Cached:           756464 kB
MemTotal:        1844596 kB
MemFree:          806880 kB
MemAvailable:    1499156 kB
Buffers:           46984 kB
Cached:           756464 kB
MemTotal:        1844596 kB
MemFree:          806496 kB
MemAvailable:    1498772 kB
Buffers:           46984 kB
Cached:           756464 kB
MemTotal:        1844596 kB
MemFree:          806496 kB
MemAvailable:    1498772 kB
Buffers:           46984 kB
Cached:           756464 kB
MemTotal:        1844596 kB
MemFree:          806380 kB
MemAvailable:    1498656 kB
Buffers:           46984 kB
Cached:           756464 kB
MemTotal:        1844596 kB
MemFree:          806548 kB
MemAvailable:    1498824 kB
Buffers:           46984 kB
Cached:           756464 kB
MemTotal:        1844596 kB
MemFree:          807000 kB
MemAvailable:    1498688 kB
Buffers:           46984 kB
Cached:           755832 kB
MemTotal:        1844596 kB
MemFree:          807000 kB
MemAvailable:    1498688 kB
Buffers:           46984 kB
Cached:           755832 kB
MemTotal:        1844596 kB
MemFree:          875584 kB
MemAvailable:    1567272 kB
Buffers:           46984 kB
Cached:           755832 kB
