MemTotal:        1844596 kB
MemFree:          769556 kB
MemAvailable:    1533096 kB
Buffers:           54664 kB
Cached:           814244 kB
MemTotal:        1844596 kB
MemFree:          768060 kB
MemAvailable:    1531600 kB
Buffers:           54664 kB
Cached:           814244 kB
MemTotal:        1844596 kB
MemFree:          765448 kB
MemAvailable:    1528988 kB
Buffers:           54664 kB
Cached:           814244 kB
MemTotal:        1844596 kB
MemFree:          765448 kB
MemAvailable:    1528988 kB
Buffers:           54664 kB
Cached:           814244 kB
MemTotal:        1844596 kB
MemFree:          765704 kB
MemAvailable:    1529244 kB
Buffers:           54664 kB
Cached:           814244 kB
MemTotal:        1844596 kB
MemFree:          765472 kB
MemAvailable:    1529012 kB
Buffers:           54664 kB
Cached:           814244 kB
MemTotal:        1844596 kB
MemFree:          763852 kB
MemAvailable:    1527392 kB
Buffers:           54664 kB
Cached:           814244 kB
MemTotal:        1844596 kB
MemFree:          760876 kB
MemAvailable:    1524416 kB
Buffers:           54664 kB
Cached:           814244 kB
MemTotal:        1844596 kB
MemFree:          758272 kB
MemAvailable:    1521812 kB
Buffers:           54664 kB
Cached:           814244 kB
MemTotal:        1844596 kB
MemFree:          753932 kB
MemAvailable:    1517472 kB
Buffers:           54664 kB
Cached:           814244 kB
MemTotal:        1844596 kB
MemFree:          755836 kB
MemAvailable:    1519376 kB
Buffers:           54664 kB
Cached:           814244 kB
MemTotal:        1844596 kB
MemFree:          755652 kB
MemAvailable:    1519192 kB
Buffers:           54664 kB
Cached:           814244 kB
MemTotal:        1844596 kB
MemFree:          755988 kB
MemAvailable:    1519528 kB
Buffers:           54664 kB
Cached:           814244 kB
MemTotal:        1844596 kB
MemFree:          755580 kB
MemAvailable:    1519120 kB
Buffers:           54664 kB
Cached:           814244 kB
MemTotal:        1844596 kB
MemFree:          754412 kB
MemAvailable:    1517952 kB
Buffers:           54664 kB
Cached:           814244 kB
MemTotal:        1844596 kB
MemFree:          755472 kB
MemAvailable:    1519012 kB
Buffers:           54664 kB
Cached:           814244 kB
MemTotal:        1844596 kB
MemFree:          754172 kB
MemAvailable:    1517712 kB
Buffers:           54664 kB
Cached:           814244 kB
MemTotal:        1844596 kB
MemFree:          754508 kB
MemAvailable:    1518048 kB
Buffers:           54664 kB
Cached:           814244 kB
MemTotal:        1844596 kB
MemFree:          753520 kB
MemAvailable:    1517060 kB
Buffers:           54664 kB
Cached:           814244 kB
MemTotal:        1844596 kB
MemFree:          752196 kB
MemAvailable:    1515736 kB
Buffers:           54664 kB
Cached:           814244 kB
MemTotal:        1844596 kB
MemFree:          753120 kB
MemAvailable:    1516660 kB
Buffers:           54664 kB
Cached:           814244 kB
MemTotal:        1844596 kB
MemFree:          753188 kB
MemAvailable:    1516728 kB
Buffers:           54664 kB
Cached:           814244 kB
MemTotal:        1844596 kB
MemFree:          753300 kB
MemAvailable:    1516840 kB
Buffers:           54664 kB
Cached:           814244 kB
MemTotal:        1844596 kB
MemFree:          752176 kB
MemAvailable:    1515716 kB
Buffers:           54664 kB
Cached:           814244 kB
MemTotal:        1844596 kB
MemFree:          753252 kB
MemAvailable:    1516792 kB
Buffers:           54664 kB
Cached:           814244 kB
MemTotal:        1844596 kB
MemFree:          753372 kB
MemAvailable:    1516912 kB
Buffers:           54664 kB
Cached:           814244 kB
MemTotal:        1844596 kB
MemFree:          752568 kB
MemAvailable:    1516108 kB
Buffers:           54664 kB
Cached:           814244 kB
MemTotal:        1844596 kB
MemFree:          754524 kB
MemAvailable:    1518072 kB
Buffers:           54664 kB
Cached:           814248 kB
MemTotal:        1844596 kB
MemFree:          754588 kB
MemAvailable:    1518136 kB
Buffers:           54664 kB
Cached:           814248 kB
MemTotal:        1844596 kB
MemFree:          754760 kB
MemAvailable:    1518308 kB
Buffers:           54664 kB
Cached:           814248 kB
MemTotal:        1844596 kB
MemFree:          753116 kB
MemAvailable:    1516664 kB
Buffers:           54664 kB
Cached:           814248 kB
MemTotal:        1844596 kB
MemFree:          750948 kB
MemAvailable:    1514496 kB
Buffers:           54664 kB
Cached:           814248 kB
MemTotal:        1844596 kB
MemFree:          751204 kB
MemAvailable:    1514752 kB
Buffers:           54664 kB
Cached:           814248 kB
MemTotal:        1844596 kB
MemFree:          749584 kB
MemAvailable:    1513132 kB
Buffers:           54664 kB
Cached:           814248 kB
MemTotal:        1844596 kB
MemFree:          750212 kB
MemAvailable:    1513760 kB
Buffers:           54664 kB
Cached:           814248 kB
MemTotal:        1844596 kB
MemFree:          748972 kB
MemAvailable:    1512520 kB
Buffers:           54664 kB
Cached:           814248 kB
MemTotal:        1844596 kB
MemFree:          749636 kB
MemAvailable:    1513184 kB
Buffers:           54664 kB
Cached:           814248 kB
MemTotal:        1844596 kB
MemFree:          749336 kB
MemAvailable:    1512884 kB
Buffers:           54664 kB
Cached:           814248 kB
MemTotal:        1844596 kB
MemFree:          747840 kB
MemAvailable:    1511388 kB
Buffers:           54664 kB
Cached:           814248 kB
MemTotal:        1844596 kB
MemFree:          749032 kB
MemAvailable:    1512580 kB
Buffers:           54664 kB
Cached:           814248 kB
MemTotal:        1844596 kB
MemFree:          748592 kB
MemAvailable:    1512140 kB
Buffers:           54664 kB
Cached:           814248 kB
MemTotal:        1844596 kB
MemFree:          749064 kB
MemAvailable:    1512612 kB
Buffers:           54664 kB
Cached:           814248 kB
MemTotal:        1844596 kB
MemFree:          749064 kB
MemAvailable:    1512612 kB
Buffers:           54664 kB
Cached:           814248 kB
MemTotal:        1844596 kB
MemFree:          747708 kB
MemAvailable:    1511256 kB
Buffers:           54664 kB
Cached:           814248 kB
MemTotal:        1844596 kB
MemFree:          748752 kB
MemAvailable:    1512300 kB
Buffers:           54664 kB
Cached:           814248 kB
MemTotal:        1844596 kB
MemFree:          748212 kB
MemAvailable:    1511760 kB
Buffers:           54664 kB
Cached:           814248 kB
MemTotal:        1844596 kB
MemFree:          747552 kB
MemAvailable:    1511100 kB
Buffers:           54664 kB
Cached:           814248 kB
MemTotal:        1844596 kB
MemFree:          748172 kB
MemAvailable:    1511720 kB
Buffers:           54664 kB
Cached:           814248 kB
MemTotal:        1844596 kB
MemFree:          748284 kB
MemAvailable:    1511832 kB
Buffers:           54664 kB
Cached:           814248 kB
MemTotal:        1844596 kB
MemFree:          748204 kB
MemAvailable:    1511752 kB
Buffers:           54664 kB
Cached:           814248 kB
MemTotal:        1844596 kB
MemFree:          748156 kB
MemAvailable:    1511704 kB
Buffers:           54664 kB
Cached:           814248 kB
MemTotal:        1844596 kB
MemFree:          748128 kB
MemAvailable:    1511676 kB
Buffers:           54664 kB
Cached:           814248 kB
MemTotal:        1844596 kB
MemFree:          746948 kB
MemAvailable:    1510496 kB
Buffers:           54664 kB
Cached:           814248 kB
MemTotal:        1844596 kB
MemFree:          748104 kB
MemAvailable:    1511652 kB
Buffers:           54664 kB
Cached:           814248 kB
MemTotal:        1844596 kB
MemFree:          748056 kB
MemAvailable:    1511604 kB
Buffers:           54664 kB
Cached:           814248 kB
MemTotal:        1844596 kB
MemFree:          746816 kB
MemAvailable:    1510364 kB
Buffers:           54664 kB
Cached:           814248 kB
MemTotal:        1844596 kB
MemFree:          748088 kB
MemAvailable:    1511636 kB
Buffers:           54664 kB
Cached:           814248 kB
MemTotal:        1844596 kB
MemFree:          747800 kB
MemAvailable:    1511348 kB
Buffers:           54664 kB
Cached:           814248 kB
MemTotal:        1844596 kB
MemFree:          747772 kB
MemAvailable:    1511320 kB
Buffers:           54664 kB
Cached:           814248 kB
MemTotal:        1844596 kB
MemFree:          748108 kB
MemAvailable:    1511656 kB
Buffers:           54664 kB
Cached:           814248 kB
MemTotal:        1844596 kB
MemFree:          746532 kB
MemAvailable:    1510080 kB
Buffers:           54664 kB
Cached:           814248 kB
MemTotal:        1844596 kB
MemFree:          747896 kB
MemAvailable:    1511444 kB
Buffers:           54664 kB
Cached:           814248 kB
MemTotal:        1844596 kB
MemFree:          747344 kB
MemAvailable:    1510892 kB
Buffers:           54664 kB
Cached:           814248 kB
MemTotal:        1844596 kB
MemFree:          746864 kB
MemAvailable:    1510412 kB
Buffers:           54664 kB
Cached:           814248 kB
MemTotal:        1844596 kB
MemFree:          747180 kB
MemAvailable:    1510728 kB
Buffers:           54664 kB
Cached:           814248 kB
MemTotal:        1844596 kB
MemFree:          747176 kB
MemAvailable:    1510724 kB
Buffers:           54664 kB
Cached:           814248 kB
MemTotal:        1844596 kB
MemFree:          745972 kB
MemAvailable:    1509520 kB
Buffers:           54664 kB
Cached:           814248 kB
MemTotal:        1844596 kB
MemFree:          745964 kB
MemAvailable:    1509512 kB
Buffers:           54664 kB
Cached:           814248 kB
MemTotal:        1844596 kB
MemFree:          745840 kB
MemAvailable:    1509388 kB
Buffers:           54664 kB
Cached:           814248 kB
MemTotal:        1844596 kB
MemFree:          747100 kB
MemAvailable:    1510648 kB
Buffers:           54664 kB
Cached:           814248 kB
MemTotal:        1844596 kB
MemFree:          745824 kB
MemAvailable:    1509372 kB
Buffers:           54664 kB
Cached:           814248 kB
MemTotal:        1844596 kB
MemFree:          745860 kB
MemAvailable:    1509408 kB
Buffers:           54664 kB
Cached:           814248 kB
MemTotal:        1844596 kB
MemFree:          744756 kB
MemAvailable:    1508304 kB
Buffers:           54664 kB
Cached:           814248 kB
MemTotal:        1844596 kB
MemFree:          745252 kB
MemAvailable:    1508800 kB
Buffers:           54664 kB
Cached:           814248 kB
MemTotal:        1844596 kB
MemFree:          740276 kB
MemAvailable:    1503824 kB
Buffers:           54664 kB
Cached:           814248 kB
MemTotal:        1844596 kB
MemFree:          740044 kB
MemAvailable:    1503592 kB
Buffers:           54664 kB
Cached:           814248 kB
MemTotal:        1844596 kB
MemFree:          739988 kB
MemAvailable:    1503536 kB
Buffers:           54664 kB
Cached:           814248 kB
MemTotal:        1844596 kB
MemFree:          738308 kB
MemAvailable:    1501856 kB
Buffers:           54664 kB
Cached:           814248 kB
MemTotal:        1844596 kB
MemFree:          739424 kB
MemAvailable:    1502972 kB
Buffers:           54664 kB
Cached:           814248 kB
MemTotal:        1844596 kB
MemFree:          738432 kB
MemAvailable:    1501980 kB
Buffers:           54664 kB
Cached:           814248 kB
MemTotal:        1844596 kB
MemFree:          739024 kB
MemAvailable:    1502572 kB
Buffers:           54664 kB
Cached:           814248 kB
MemTotal:        1844596 kB
MemFree:          739360 kB
MemAvailable:    1502908 kB
Buffers:           54664 kB
Cached:           814248 kB
MemTotal:        1844596 kB
MemFree:          737868 kB
MemAvailable:    1501416 kB
Buffers:           54664 kB
Cached:           814248 kB
MemTotal:        1844596 kB
MemFree:          739116 kB
MemAvailable:    1502664 kB
Buffers:           54664 kB
Cached:           814248 kB
MemTotal:        1844596 kB
MemFree:          738976 kB
MemAvailable:    1502524 kB
Buffers:           54664 kB
Cached:           814248 kB
MemTotal:        1844596 kB
MemFree:          739312 kB
MemAvailable:    1502860 kB
Buffers:           54664 kB
Cached:           814248 kB
MemTotal:        1844596 kB
MemFree:          739096 kB
MemAvailable:    1502644 kB
Buffers:           54664 kB
Cached:           814248 kB
MemTotal:        1844596 kB
MemFree:          739096 kB
MemAvailable:    1502644 kB
Buffers:           54664 kB
Cached:           814248 kB
MemTotal:        1844596 kB
MemFree:          739104 kB
MemAvailable:    1502652 kB
Buffers:           54664 kB
Cached:           814248 kB
MemTotal:        1844596 kB
MemFree:          739064 kB
MemAvailable:    1502612 kB
Buffers:           54664 kB
Cached:           814248 kB
MemTotal:        1844596 kB
MemFree:          738540 kB
MemAvailable:    1502088 kB
Buffers:           54664 kB
Cached:           814248 kB
MemTotal:        1844596 kB
MemFree:          738876 kB
MemAvailable:    1502424 kB
Buffers:           54664 kB
Cached:           814248 kB
MemTotal:        1844596 kB
MemFree:          738044 kB
MemAvailable:    1501592 kB
Buffers:           54664 kB
Cached:           814248 kB
MemTotal:        1844596 kB
MemFree:          738044 kB
MemAvailable:    1501592 kB
Buffers:           54664 kB
Cached:           814248 kB
MemTotal:        1844596 kB
MemFree:          738060 kB
MemAvailable:    1501608 kB
Buffers:           54664 kB
Cached:           814248 kB
MemTotal:        1844596 kB
MemFree:          736696 kB
MemAvailable:    1500244 kB
Buffers:           54664 kB
Cached:           814248 kB
MemTotal:        1844596 kB
MemFree:          737492 kB
MemAvailable:    1501040 kB
Buffers:           54664 kB
Cached:           814248 kB
MemTotal:        1844596 kB
MemFree:          736696 kB
MemAvailable:    1500244 kB
Buffers:           54664 kB
Cached:           814248 kB
MemTotal:        1844596 kB
MemFree:          736432 kB
MemAvailable:    1499980 kB
Buffers:           54664 kB
Cached:           814248 kB
MemTotal:        1844596 kB
MemFree:          736432 kB
MemAvailable:    1499980 kB
Buffers:           54664 kB
Cached:           814248 kB
MemTotal:        1844596 kB
MemFree:          736132 kB
MemAvailable:    1499680 kB
Buffers:           54664 kB
Cached:           814248 kB
MemTotal:        1844596 kB
MemFree:          735880 kB
MemAvailable:    1499428 kB
Buffers:           54664 kB
Cached:           814248 kB
MemTotal:        1844596 kB
MemFree:          735828 kB
MemAvailable:    1499388 kB
Buffers:           54664 kB
Cached:           814260 kB
MemTotal:        1844596 kB
MemFree:          735888 kB
MemAvailable:    1499448 kB
Buffers:           54664 kB
Cached:           814260 kB
MemTotal:        1844596 kB
MemFree:          735580 kB
MemAvailable:    1499140 kB
Buffers:           54664 kB
Cached:           814260 kB
MemTotal:        1844596 kB
MemFree:          735316 kB
MemAvailable:    1498876 kB
Buffers:           54664 kB
Cached:           814260 kB
MemTotal:        1844596 kB
MemFree:          734960 kB
MemAvailable:    1498396 kB
Buffers:           54664 kB
Cached:           814260 kB
MemTotal:        1844596 kB
MemFree:          735152 kB
MemAvailable:    1498712 kB
Buffers:           54664 kB
Cached:           814260 kB
MemTotal:        1844596 kB
MemFree:          735312 kB
MemAvailable:    1498872 kB
Buffers:           54664 kB
Cached:           814260 kB
MemTotal:        1844596 kB
MemFree:          735564 kB
MemAvailable:    1499124 kB
Buffers:           54664 kB
Cached:           814260 kB
MemTotal:        1844596 kB
MemFree:          734020 kB
MemAvailable:    1497580 kB
Buffers:           54664 kB
Cached:           814260 kB
MemTotal:        1844596 kB
MemFree:          734516 kB
MemAvailable:    1498076 kB
Buffers:           54664 kB
Cached:           814260 kB
MemTotal:        1844596 kB
MemFree:          735012 kB
MemAvailable:    1498572 kB
Buffers:           54664 kB
Cached:           814260 kB
MemTotal:        1844596 kB
MemFree:          733844 kB
MemAvailable:    1497404 kB
Buffers:           54664 kB
Cached:           814260 kB
MemTotal:        1844596 kB
MemFree:          730108 kB
MemAvailable:    1493668 kB
Buffers:           54664 kB
Cached:           814260 kB
MemTotal:        1844596 kB
MemFree:          730360 kB
MemAvailable:    1493920 kB
Buffers:           54664 kB
Cached:           814260 kB
MemTotal:        1844596 kB
MemFree:          728628 kB
MemAvailable:    1492188 kB
Buffers:           54664 kB
Cached:           814260 kB
MemTotal:        1844596 kB
MemFree:          729008 kB
MemAvailable:    1492568 kB
Buffers:           54664 kB
Cached:           814260 kB
MemTotal:        1844596 kB
MemFree:          729476 kB
MemAvailable:    1493036 kB
Buffers:           54664 kB
Cached:           814260 kB
MemTotal:        1844596 kB
MemFree:          729644 kB
MemAvailable:    1493204 kB
Buffers:           54664 kB
Cached:           814260 kB
MemTotal:        1844596 kB
MemFree:          729492 kB
MemAvailable:    1493052 kB
Buffers:           54664 kB
Cached:           814260 kB
MemTotal:        1844596 kB
MemFree:          729132 kB
MemAvailable:    1492692 kB
Buffers:           54664 kB
Cached:           814260 kB
MemTotal:        1844596 kB
MemFree:          729324 kB
MemAvailable:    1492884 kB
Buffers:           54664 kB
Cached:           814260 kB
MemTotal:        1844596 kB
MemFree:          729428 kB
MemAvailable:    1492988 kB
Buffers:           54664 kB
Cached:           814260 kB
MemTotal:        1844596 kB
MemFree:          729188 kB
MemAvailable:    1492748 kB
Buffers:           54664 kB
Cached:           814260 kB
MemTotal:        1844596 kB
MemFree:          729248 kB
MemAvailable:    1492808 kB
Buffers:           54664 kB
Cached:           814260 kB
MemTotal:        1844596 kB
MemFree:          728680 kB
MemAvailable:    1492240 kB
Buffers:           54664 kB
Cached:           814260 kB
MemTotal:        1844596 kB
MemFree:          727264 kB
MemAvailable:    1490824 kB
Buffers:           54664 kB
Cached:           814260 kB
MemTotal:        1844596 kB
MemFree:          726272 kB
MemAvailable:    1489832 kB
Buffers:           54664 kB
Cached:           814260 kB
MemTotal:        1844596 kB
MemFree:          726608 kB
MemAvailable:    1490168 kB
Buffers:           54664 kB
Cached:           814260 kB
MemTotal:        1844596 kB
MemFree:          726332 kB
MemAvailable:    1489892 kB
Buffers:           54664 kB
Cached:           814260 kB
MemTotal:        1844596 kB
MemFree:          725288 kB
MemAvailable:    1488848 kB
Buffers:           54664 kB
Cached:           814260 kB
MemTotal:        1844596 kB
MemFree:          726088 kB
MemAvailable:    1489648 kB
Buffers:           54664 kB
Cached:           814260 kB
MemTotal:        1844596 kB
MemFree:          726424 kB
MemAvailable:    1489984 kB
Buffers:           54664 kB
Cached:           814260 kB
MemTotal:        1844596 kB
MemFree:          728300 kB
MemAvailable:    1491860 kB
Buffers:           54664 kB
Cached:           814260 kB
MemTotal:        1844596 kB
MemFree:          726844 kB
MemAvailable:    1490404 kB
Buffers:           54664 kB
Cached:           814260 kB
MemTotal:        1844596 kB
MemFree:          728144 kB
MemAvailable:    1491788 kB
Buffers:           54664 kB
Cached:           814384 kB
MemTotal:        1844596 kB
MemFree:          727828 kB
MemAvailable:    1491640 kB
Buffers:           54664 kB
Cached:           814508 kB
MemTotal:        1844596 kB
MemFree:          727828 kB
MemAvailable:    1491640 kB
Buffers:           54664 kB
Cached:           814508 kB
MemTotal:        1844596 kB
MemFree:          727700 kB
MemAvailable:    1491680 kB
Buffers:           54664 kB
Cached:           814756 kB
MemTotal:        1844596 kB
MemFree:          727820 kB
MemAvailable:    1491884 kB
Buffers:           54664 kB
Cached:           814756 kB
MemTotal:        1844596 kB
MemFree:          727728 kB
MemAvailable:    1491792 kB
Buffers:           54664 kB
Cached:           814880 kB
MemTotal:        1844596 kB
MemFree:          727548 kB
MemAvailable:    1491696 kB
Buffers:           54664 kB
Cached:           814880 kB
MemTotal:        1844596 kB
MemFree:          727396 kB
MemAvailable:    1491544 kB
Buffers:           54664 kB
Cached:           814880 kB
MemTotal:        1844596 kB
MemFree:          727492 kB
MemAvailable:    1491640 kB
Buffers:           54664 kB
Cached:           814880 kB
MemTotal:        1844596 kB
MemFree:          727576 kB
MemAvailable:    1491724 kB
Buffers:           54664 kB
Cached:           814880 kB
MemTotal:        1844596 kB
MemFree:          727508 kB
MemAvailable:    1491656 kB
Buffers:           54664 kB
Cached:           814880 kB
MemTotal:        1844596 kB
MemFree:          727524 kB
MemAvailable:    1491672 kB
Buffers:           54664 kB
Cached:           814880 kB
MemTotal:        1844596 kB
MemFree:          726136 kB
MemAvailable:    1490284 kB
Buffers:           54664 kB
Cached:           814880 kB
MemTotal:        1844596 kB
MemFree:          726776 kB
MemAvailable:    1490924 kB
Buffers:           54664 kB
Cached:           814880 kB
MemTotal:        1844596 kB
MemFree:          727244 kB
MemAvailable:    1491476 kB
Buffers:           54664 kB
Cached:           815004 kB
MemTotal:        1844596 kB
MemFree:          727444 kB
MemAvailable:    1491676 kB
Buffers:           54664 kB
Cached:           815004 kB
MemTotal:        1844596 kB
MemFree:          796488 kB
MemAvailable:    1560048 kB
Buffers:           54664 kB
Cached:           814332 kB
