MemTotal:        1844596 kB
MemFree:          835176 kB
MemAvailable:    1542744 kB
Buffers:           48748 kB
Cached:           768756 kB
MemTotal:        1844596 kB
MemFree:          833024 kB
MemAvailable:    1540592 kB
Buffers:           48748 kB
Cached:           768756 kB
MemTotal:        1844596 kB
MemFree:          830032 kB
MemAvailable:    1537600 kB
Buffers:           48748 kB
Cached:           768756 kB
MemTotal:        1844596 kB
MemFree:          828188 kB
MemAvailable:    1535756 kB
Buffers:           48748 kB
Cached:           768756 kB
MemTotal:        1844596 kB
MemFree:          827940 kB
MemAvailable:    1535508 kB
Buffers:           48748 kB
Cached:           768756 kB
MemTotal:        1844596 kB
MemFree:          827676 kB
MemAvailable:    1535252 kB
Buffers:           48748 kB
Cached:           768760 kB
MemTotal:        1844596 kB
MemFree:          827488 kB
MemAvailable:    1535064 kB
Buffers:           48748 kB
Cached:           768760 kB
MemTotal:        1844596 kB
MemFree:          824592 kB
MemAvailable:    1532168 kB
Buffers:           48748 kB
Cached:           768760 kB
MemTotal:        1844596 kB
MemFree:          821492 kB
MemAvailable:    1529068 kB
Buffers:           48748 kB
Cached:           768760 kB
MemTotal:        1844596 kB
MemFree:          819632 kB
MemAvailable:    1527208 kB
Buffers:           48748 kB
Cached:           768760 kB
MemTotal:        1844596 kB
MemFree:          817392 kB
MemAvailable:    1524968 kB
Buffers:           48748 kB
Cached:           768760 kB
MemTotal:        1844596 kB
MemFree:          816816 kB
MemAvailable:    1524392 kB
Buffers:           48748 kB
Cached:           768760 kB
MemTotal:        1844596 kB
MemFree:          816940 kB
MemAvailable:    1524516 kB
Buffers:           48748 kB
Cached:           768760 kB
MemTotal:        1844596 kB
MemFree:          817188 kB
MemAvailable:    1524764 kB
Buffers:           48748 kB
Cached:           768760 kB
MemTotal:        1844596 kB
MemFree:          816940 kB
MemAvailable:    1524516 kB
Buffers:           48748 kB
Cached:           768760 kB
MemTotal:        1844596 kB
MemFree:          816948 kB
MemAvailable:    1524524 kB
Buffers:           48748 kB
Cached:           768760 kB
MemTotal:        1844596 kB
MemFree:          816036 kB
MemAvailable:    1523612 kB
Buffers:           48748 kB
Cached:           768760 kB
MemTotal:        1844596 kB
MemFree:          816028 kB
MemAvailable:    1523604 kB
Buffers:           48748 kB
Cached:           768760 kB
MemTotal:        1844596 kB
MemFree:          815548 kB
MemAvailable:    1523124 kB
Buffers:           48748 kB
Cached:           768760 kB
MemTotal:        1844596 kB
MemFree:          815516 kB
MemAvailable:    1523092 kB
Buffers:           48748 kB
Cached:           768760 kB
MemTotal:        1844596 kB
MemFree:          815664 kB
MemAvailable:    1523240 kB
Buffers:           48748 kB
Cached:           768760 kB
MemTotal:        1844596 kB
MemFree:          815604 kB
MemAvailable:    1523180 kB
Buffers:           48748 kB
Cached:           768760 kB
MemTotal:        1844596 kB
MemFree:          815856 kB
MemAvailable:    1523432 kB
Buffers:           48748 kB
Cached:           768760 kB
MemTotal:        1844596 kB
MemFree:          815524 kB
MemAvailable:    1523100 kB
Buffers:           48748 kB
Cached:           768760 kB
MemTotal:        1844596 kB
MemFree:          815664 kB
MemAvailable:    1523240 kB
Buffers:           48748 kB
Cached:           768760 kB
MemTotal:        1844596 kB
MemFree:          815568 kB
MemAvailable:    1523144 kB
Buffers:           48748 kB
Cached:           768760 kB
MemTotal:        1844596 kB
MemFree:          815776 kB
MemAvailable:    1523352 kB
Buffers:           48748 kB
Cached:           768760 kB
MemTotal:        1844596 kB
MemFree:          814920 kB
MemAvailable:    1522496 kB
Buffers:           48748 kB
Cached:           768760 kB
MemTotal:        1844596 kB
MemFree:          815708 kB
MemAvailable:    1523284 kB
Buffers:           48748 kB
Cached:           768760 kB
MemTotal:        1844596 kB
MemFree:          816732 kB
MemAvailable:    1524308 kB
Buffers:           48748 kB
Cached:           768760 kB
MemTotal:        1844596 kB
MemFree:          816648 kB
MemAvailable:    1524224 kB
Buffers:           48748 kB
Cached:           768760 kB
MemTotal:        1844596 kB
MemFree:          814672 kB
MemAvailable:    1522248 kB
Buffers:           48748 kB
Cached:           768760 kB
MemTotal:        1844596 kB
MemFree:          813060 kB
MemAvailable:    1520636 kB
Buffers:           48748 kB
Cached:           768760 kB
MemTotal:        1844596 kB
MemFree:          813236 kB
MemAvailable:    1520812 kB
Buffers:           48748 kB
Cached:           768760 kB
MemTotal:        1844596 kB
MemFree:          812060 kB
MemAvailable:    1519636 kB
Buffers:           48748 kB
Cached:           768760 kB
MemTotal:        1844596 kB
MemFree:          811316 kB
MemAvailable:    1518892 kB
Buffers:           48748 kB
Cached:           768760 kB
MemTotal:        1844596 kB
MemFree:          811068 kB
MemAvailable:    1518644 kB
Buffers:           48748 kB
Cached:           768760 kB
MemTotal:        1844596 kB
MemFree:          811572 kB
MemAvailable:    1519148 kB
Buffers:           48748 kB
Cached:           768760 kB
MemTotal:        1844596 kB
MemFree:          811608 kB
MemAvailable:    1519184 kB
Buffers:           48748 kB
Cached:           768760 kB
MemTotal:        1844596 kB
MemFree:          811508 kB
MemAvailable:    1519084 kB
Buffers:           48748 kB
Cached:           768760 kB
MemTotal:        1844596 kB
MemFree:          811508 kB
MemAvailable:    1519084 kB
Buffers:           48748 kB
Cached:           768760 kB
MemTotal:        1844596 kB
MemFree:          811380 kB
MemAvailable:    1518956 kB
Buffers:           48748 kB
Cached:           768760 kB
MemTotal:        1844596 kB
MemFree:          810952 kB
MemAvailable:    1518528 kB
Buffers:           48748 kB
Cached:           768760 kB
MemTotal:        1844596 kB
MemFree:          811184 kB
MemAvailable:    1518760 kB
Buffers:           48748 kB
Cached:           768760 kB
MemTotal:        1844596 kB
MemFree:          809812 kB
MemAvailable:    1517388 kB
Buffers:           48760 kB
Cached:           768748 kB
MemTotal:        1844596 kB
MemFree:          809580 kB
MemAvailable:    1517156 kB
Buffers:           48760 kB
Cached:           768748 kB
MemTotal:        1844596 kB
MemFree:          809456 kB
MemAvailable:    1517032 kB
Buffers:           48760 kB
Cached:           768748 kB
MemTotal:        1844596 kB
MemFree:          809076 kB
MemAvailable:    1516652 kB
Buffers:           48760 kB
Cached:           768748 kB
MemTotal:        1844596 kB
MemFree:          809152 kB
MemAvailable:    1516728 kB
Buffers:           48760 kB
Cached:           768748 kB
MemTotal:        1844596 kB
MemFree:          810400 kB
MemAvailable:    1517976 kB
Buffers:           48760 kB
Cached:           768748 kB
MemTotal:        1844596 kB
MemFree:          809464 kB
MemAvailable:    1517040 kB
Buffers:           48760 kB
Cached:           768748 kB
MemTotal:        1844596 kB
MemFree:          810268 kB
MemAvailable:    1517844 kB
Buffers:           48760 kB
Cached:           768748 kB
MemTotal:        1844596 kB
MemFree:          809036 kB
MemAvailable:    1516612 kB
Buffers:           48760 kB
Cached:           768748 kB
MemTotal:        1844596 kB
MemFree:          810360 kB
MemAvailable:    1517936 kB
Buffers:           48760 kB
Cached:           768748 kB
MemTotal:        1844596 kB
MemFree:          810532 kB
MemAvailable:    1518108 kB
Buffers:           48760 kB
Cached:           768748 kB
MemTotal:        1844596 kB
MemFree:          810328 kB
MemAvailable:    1517904 kB
Buffers:           48760 kB
Cached:           768748 kB
MemTotal:        1844596 kB
MemFree:          810336 kB
MemAvailable:    1517912 kB
Buffers:           48760 kB
Cached:           768748 kB
MemTotal:        1844596 kB
MemFree:          809092 kB
MemAvailable:    1516668 kB
Buffers:           48760 kB
Cached:           768748 kB
MemTotal:        1844596 kB
MemFree:          810324 kB
MemAvailable:    1517900 kB
Buffers:           48760 kB
Cached:           768748 kB
MemTotal:        1844596 kB
MemFree:          810076 kB
MemAvailable:    1517652 kB
Buffers:           48760 kB
Cached:           768748 kB
MemTotal:        1844596 kB
MemFree:          809772 kB
MemAvailable:    1517348 kB
Buffers:           48760 kB
Cached:           768748 kB
MemTotal:        1844596 kB
MemFree:          809216 kB
MemAvailable:    1516792 kB
Buffers:           48760 kB
Cached:           768748 kB
MemTotal:        1844596 kB
MemFree:          809268 kB
MemAvailable:    1516844 kB
Buffers:           48760 kB
Cached:           768748 kB
MemTotal:        1844596 kB
MemFree:          808708 kB
MemAvailable:    1516284 kB
Buffers:           48760 kB
Cached:           768748 kB
MemTotal:        1844596 kB
MemFree:          809672 kB
MemAvailable:    1517248 kB
Buffers:           48760 kB
Cached:           768748 kB
MemTotal:        1844596 kB
MemFree:          808224 kB
MemAvailable:    1515800 kB
Buffers:           48760 kB
Cached:           768748 kB
MemTotal:        1844596 kB
MemFree:          808340 kB
MemAvailable:    1515916 kB
Buffers:           48760 kB
Cached:           768748 kB
MemTotal:        1844596 kB
MemFree:          808348 kB
MemAvailable:    1515924 kB
Buffers:           48760 kB
Cached:           768748 kB
MemTotal:        1844596 kB
MemFree:          809524 kB
MemAvailable:    1517100 kB
Buffers:           48760 kB
Cached:           768748 kB
MemTotal:        1844596 kB
MemFree:          808844 kB
MemAvailable:    1516420 kB
Buffers:           48760 kB
Cached:           768748 kB
MemTotal:        1844596 kB
MemFree:          809324 kB
MemAvailable:    1516900 kB
Buffers:           48760 kB
Cached:           768748 kB
MemTotal:        1844596 kB
MemFree:          809576 kB
MemAvailable:    1517152 kB
Buffers:           48760 kB
Cached:           768748 kB
MemTotal:        1844596 kB
MemFree:          808160 kB
MemAvailable:    1515736 kB
Buffers:           48760 kB
Cached:           768748 kB
MemTotal:        1844596 kB
MemFree:          806240 kB
MemAvailable:    1513816 kB
Buffers:           48760 kB
Cached:           768748 kB
MemTotal:        1844596 kB
MemFree:          804256 kB
MemAvailable:    1511832 kB
Buffers:           48760 kB
Cached:           768748 kB
MemTotal:        1844596 kB
MemFree:          801288 kB
MemAvailable:    1508868 kB
Buffers:           48760 kB
Cached:           768752 kB
MemTotal:        1844596 kB
MemFree:          800916 kB
MemAvailable:    1508496 kB
Buffers:           48760 kB
Cached:           768752 kB
MemTotal:        1844596 kB
MemFree:          800792 kB
MemAvailable:    1508388 kB
Buffers:           48760 kB
Cached:           768768 kB
MemTotal:        1844596 kB
MemFree:          801644 kB
MemAvailable:    1509240 kB
Buffers:           48760 kB
Cached:           768768 kB
MemTotal:        1844596 kB
MemFree:          801288 kB
MemAvailable:    1508760 kB
Buffers:           48760 kB
Cached:           768768 kB
MemTotal:        1844596 kB
MemFree:          801384 kB
MemAvailable:    1508980 kB
Buffers:           48760 kB
Cached:           768768 kB
MemTotal:        1844596 kB
MemFree:          800616 kB
MemAvailable:    1508212 kB
Buffers:           48760 kB
Cached:           768768 kB
MemTotal:        1844596 kB
MemFree:          801564 kB
MemAvailable:    1509160 kB
Buffers:           48760 kB
Cached:           768768 kB
MemTotal:        1844596 kB
MemFree:          801564 kB
MemAvailable:    1509160 kB
Buffers:           48760 kB
Cached:           768768 kB
MemTotal:        1844596 kB
MemFree:          800280 kB
MemAvailable:    1507876 kB
Buffers:           48760 kB
Cached:           768768 kB
MemTotal:        1844596 kB
MemFree:          801644 kB
MemAvailable:    1509240 kB
Buffers:           48760 kB
Cached:           768768 kB
MemTotal:        1844596 kB
MemFree:          801636 kB
MemAvailable:    1509232 kB
Buffers:           48760 kB
Cached:           768768 kB
MemTotal:        1844596 kB
MemFree:          800356 kB
MemAvailable:    1507952 kB
Buffers:           48760 kB
Cached:           768768 kB
MemTotal:        1844596 kB
MemFree:          801624 kB
MemAvailable:    1509220 kB
Buffers:           48760 kB
Cached:           768768 kB
MemTotal:        1844596 kB
MemFree:          801624 kB
MemAvailable:    1509220 kB
Buffers:           48760 kB
Cached:           768768 kB
MemTotal:        1844596 kB
MemFree:          800096 kB
MemAvailable:    1507692 kB
Buffers:           48760 kB
Cached:           768768 kB
MemTotal:        1844596 kB
MemFree:          800908 kB
MemAvailable:    1508504 kB
Buffers:           48760 kB
Cached:           768768 kB
MemTotal:        1844596 kB
MemFree:          799536 kB
MemAvailable:    1507132 kB
Buffers:           48760 kB
Cached:           768768 kB
MemTotal:        1844596 kB
MemFree:          800660 kB
MemAvailable:    1508256 kB
Buffers:           48760 kB
Cached:           768768 kB
MemTotal:        1844596 kB
MemFree:          800048 kB
MemAvailable:    1507644 kB
Buffers:           48760 kB
Cached:           768768 kB
MemTotal:        1844596 kB
MemFree:          798940 kB
MemAvailable:    1506536 kB
Buffers:           48760 kB
Cached:           768768 kB
MemTotal:        1844596 kB
MemFree:          799836 kB
MemAvailable:    1507432 kB
Buffers:           48760 kB
Cached:           768768 kB
MemTotal:        1844596 kB
MemFree:          798940 kB
MemAvailable:    1506536 kB
Buffers:           48760 kB
Cached:           768768 kB
MemTotal:        1844596 kB
MemFree:          798792 kB
MemAvailable:    1506388 kB
Buffers:           48760 kB
Cached:           768768 kB
MemTotal:        1844596 kB
MemFree:          799044 kB
MemAvailable:    1506640 kB
Buffers:           48760 kB
Cached:           768768 kB
MemTotal:        1844596 kB
MemFree:          797676 kB
MemAvailable:    1505272 kB
Buffers:           48760 kB
Cached:           768768 kB
MemTotal:        1844596 kB
MemFree:          798056 kB
MemAvailable:    1505652 kB
Buffers:           48760 kB
Cached:           768768 kB
MemTotal:        1844596 kB
MemFree:          796908 kB
MemAvailable:    1504504 kB
Buffers:           48760 kB
Cached:           768768 kB
MemTotal:        1844596 kB
MemFree:          797976 kB
MemAvailable:    1505572 kB
Buffers:           48760 kB
Cached:           768768 kB
MemTotal:        1844596 kB
MemFree:          798148 kB
MemAvailable:    1505744 kB
Buffers:           48760 kB
Cached:           768768 kB
MemTotal:        1844596 kB
MemFree:          797808 kB
MemAvailable:    1505404 kB
Buffers:           48760 kB
Cached:           768768 kB
MemTotal:        1844596 kB
MemFree:          796824 kB
MemAvailable:    1504420 kB
Buffers:           48760 kB
Cached:           768768 kB
MemTotal:        1844596 kB
MemFree:          797732 kB
MemAvailable:    1505328 kB
Buffers:           48760 kB
Cached:           768768 kB
MemTotal:        1844596 kB
MemFree:          797692 kB
MemAvailable:    1505288 kB
Buffers:           48760 kB
Cached:           768768 kB
MemTotal:        1844596 kB
MemFree:          796948 kB
MemAvailable:    1504544 kB
Buffers:           48760 kB
Cached:           768768 kB
MemTotal:        1844596 kB
MemFree:          797500 kB
MemAvailable:    1505096 kB
Buffers:           48760 kB
Cached:           768768 kB
MemTotal:        1844596 kB
MemFree:          797552 kB
MemAvailable:    1505148 kB
Buffers:           48760 kB
Cached:           768768 kB
MemTotal:        1844596 kB
MemFree:          797624 kB
MemAvailable:    1505220 kB
Buffers:           48760 kB
Cached:           768768 kB
MemTotal:        1844596 kB
MemFree:          797320 kB
MemAvailable:    1504916 kB
Buffers:           48760 kB
Cached:           768768 kB
MemTotal:        1844596 kB
MemFree:          796432 kB
MemAvailable:    1504028 kB
Buffers:           48760 kB
Cached:           768768 kB
MemTotal:        1844596 kB
MemFree:          796072 kB
MemAvailable:    1503668 kB
Buffers:           48760 kB
Cached:           768768 kB
MemTotal:        1844596 kB
MemFree:          797280 kB
MemAvailable:    1504876 kB
Buffers:           48760 kB
Cached:           768768 kB
MemTotal:        1844596 kB
MemFree:          792476 kB
MemAvailable:    1500072 kB
Buffers:           48760 kB
Cached:           768768 kB
MemTotal:        1844596 kB
MemFree:          791228 kB
MemAvailable:    1498824 kB
Buffers:           48760 kB
Cached:           768768 kB
MemTotal:        1844596 kB
MemFree:          792104 kB
MemAvailable:    1499700 kB
Buffers:           48760 kB
Cached:           768768 kB
MemTotal:        1844596 kB
MemFree:          790872 kB
MemAvailable:    1498468 kB
Buffers:           48760 kB
Cached:           768768 kB
MemTotal:        1844596 kB
MemFree:          790728 kB
MemAvailable:    1498324 kB
Buffers:           48760 kB
Cached:           768768 kB
MemTotal:        1844596 kB
MemFree:          791960 kB
MemAvailable:    1499556 kB
Buffers:           48760 kB
Cached:           768768 kB
MemTotal:        1844596 kB
MemFree:          791580 kB
MemAvailable:    1499176 kB
Buffers:           48760 kB
Cached:           768768 kB
MemTotal:        1844596 kB
MemFree:          791748 kB
MemAvailable:    1499344 kB
Buffers:           48760 kB
Cached:           768768 kB
MemTotal:        1844596 kB
MemFree:          791856 kB
MemAvailable:    1499452 kB
Buffers:           48760 kB
Cached:           768768 kB
MemTotal:        1844596 kB
MemFree:          791524 kB
MemAvailable:    1499120 kB
Buffers:           48760 kB
Cached:           768768 kB
MemTotal:        1844596 kB
MemFree:          791524 kB
MemAvailable:    1499120 kB
Buffers:           48760 kB
Cached:           768768 kB
MemTotal:        1844596 kB
MemFree:          791488 kB
MemAvailable:    1499084 kB
Buffers:           48760 kB
Cached:           768768 kB
MemTotal:        1844596 kB
MemFree:          790748 kB
MemAvailable:    1498344 kB
Buffers:           48760 kB
Cached:           768768 kB
MemTotal:        1844596 kB
MemFree:          788632 kB
MemAvailable:    1496228 kB
Buffers:           48760 kB
Cached:           768768 kB
MemTotal:        1844596 kB
MemFree:          788716 kB
MemAvailable:    1496312 kB
Buffers:           48760 kB
Cached:           768768 kB
MemTotal:        1844596 kB
MemFree:          788336 kB
MemAvailable:    1495932 kB
Buffers:           48760 kB
Cached:           768768 kB
MemTotal:        1844596 kB
MemFree:          788448 kB
MemAvailable:    1496044 kB
Buffers:           48760 kB
Cached:           768768 kB
MemTotal:        1844596 kB
MemFree:          788268 kB
MemAvailable:    1495864 kB
Buffers:           48760 kB
Cached:           768768 kB
MemTotal:        1844596 kB
MemFree:          787088 kB
MemAvailable:    1494684 kB
Buffers:           48760 kB
Cached:           768768 kB
MemTotal:        1844596 kB
MemFree:          788396 kB
MemAvailable:    1495992 kB
Buffers:           48760 kB
Cached:           768768 kB
MemTotal:        1844596 kB
MemFree:          790536 kB
MemAvailable:    1498132 kB
Buffers:           48760 kB
Cached:           768768 kB
MemTotal:        1844596 kB
MemFree:          790428 kB
MemAvailable:    1498024 kB
Buffers:           48760 kB
Cached:           768768 kB
MemTotal:        1844596 kB
MemFree:          790200 kB
MemAvailable:    1497964 kB
Buffers:           48760 kB
Cached:           768892 kB
MemTotal:        1844596 kB
MemFree:          790200 kB
MemAvailable:    1497964 kB
Buffers:           48760 kB
Cached:           768892 kB
MemTotal:        1844596 kB
MemFree:          790064 kB
MemAvailable:    1497996 kB
Buffers:           48760 kB
Cached:           769016 kB
MemTotal:        1844596 kB
MemFree:          790316 kB
MemAvailable:    1498248 kB
Buffers:           48760 kB
Cached:           769016 kB
MemTotal:        1844596 kB
MemFree:          789932 kB
MemAvailable:    1498032 kB
Buffers:           48760 kB
Cached:           769264 kB
MemTotal:        1844596 kB
MemFree:          788708 kB
MemAvailable:    1496808 kB
Buffers:           48760 kB
Cached:           769264 kB
MemTotal:        1844596 kB
MemFree:          789860 kB
MemAvailable:    1498044 kB
Buffers:           48760 kB
Cached:           769264 kB
MemTotal:        1844596 kB
MemFree:          789940 kB
MemAvailable:    1498124 kB
Buffers:           48760 kB
Cached:           769388 kB
MemTotal:        1844596 kB
MemFree:          788888 kB
MemAvailable:    1497072 kB
Buffers:           48760 kB
Cached:           769388 kB
MemTotal:        1844596 kB
MemFree:          790064 kB
MemAvailable:    1498272 kB
Buffers:           48760 kB
Cached:           769456 kB
MemTotal:        1844596 kB
MemFree:          788888 kB
MemAvailable:    1497096 kB
Buffers:           48760 kB
Cached:           769456 kB
MemTotal:        1844596 kB
MemFree:          789688 kB
MemAvailable:    1497896 kB
Buffers:           48760 kB
Cached:           769456 kB
MemTotal:        1844596 kB
MemFree:          789912 kB
MemAvailable:    1498120 kB
Buffers:           48760 kB
Cached:           769456 kB
MemTotal:        1844596 kB
MemFree:          789756 kB
MemAvailable:    1498036 kB
Buffers:           48760 kB
Cached:           769452 kB
MemTotal:        1844596 kB
MemFree:          789924 kB
MemAvailable:    1498204 kB
Buffers:           48760 kB
Cached:           769452 kB
MemTotal:        1844596 kB
MemFree:          788676 kB
MemAvailable:    1496340 kB
Buffers:           48760 kB
Cached:           768844 kB
MemTotal:        1844596 kB
MemFree:          827776 kB
MemAvailable:    1535440 kB
Buffers:           48760 kB
Cached:           768844 kB
