MemTotal:        1844596 kB
MemFree:          955056 kB
MemAvailable:    1559300 kB
Buffers:           35272 kB
Cached:           673188 kB
MemTotal:        1844596 kB
MemFree:          952380 kB
MemAvailable:    1556624 kB
Buffers:           35272 kB
Cached:           673188 kB
MemTotal:        1844596 kB
MemFree:          950404 kB
MemAvailable:    1554648 kB
Buffers:           35272 kB
Cached:           673188 kB
MemTotal:        1844596 kB
MemFree:          949948 kB
MemAvailable:    1554192 kB
Buffers:           35272 kB
Cached:           673188 kB
MemTotal:        1844596 kB
MemFree:          950096 kB
MemAvailable:    1554340 kB
Buffers:           35272 kB
Cached:           673188 kB
MemTotal:        1844596 kB
MemFree:          949040 kB
MemAvailable:    1553284 kB
Buffers:           35272 kB
Cached:           673188 kB
MemTotal:        1844596 kB
MemFree:          948172 kB
MemAvailable:    1552416 kB
Buffers:           35272 kB
Cached:           673188 kB
MemTotal:        1844596 kB
MemFree:          945244 kB
MemAvailable:    1549488 kB
Buffers:           35272 kB
Cached:           673188 kB
MemTotal:        1844596 kB
MemFree:          945136 kB
MemAvailable:    1549380 kB
Buffers:           35272 kB
Cached:           673188 kB
MemTotal:        1844596 kB
MemFree:          941896 kB
MemAvailable:    1546140 kB
Buffers:           35272 kB
Cached:           673188 kB
MemTotal:        1844596 kB
MemFree:          941044 kB
MemAvailable:    1545288 kB
Buffers:           35272 kB
Cached:           673188 kB
MemTotal:        1844596 kB
MemFree:          936696 kB
MemAvailable:    1540940 kB
Buffers:           35272 kB
Cached:           673188 kB
MemTotal:        1844596 kB
MemFree:          938756 kB
MemAvailable:    1543000 kB
Buffers:           35272 kB
Cached:           673188 kB
MemTotal:        1844596 kB
MemFree:          938756 kB
MemAvailable:    1543000 kB
Buffers:           35272 kB
Cached:           673188 kB
MemTotal:        1844596 kB
MemFree:          938756 kB
MemAvailable:    1543004 kB
Buffers:           35272 kB
Cached:           673192 kB
MemTotal:        1844596 kB
MemFree:          937764 kB
MemAvailable:    1542012 kB
Buffers:           35272 kB
Cached:           673192 kB
MemTotal:        1844596 kB
MemFree:          938740 kB
MemAvailable:    1542988 kB
Buffers:           35272 kB
Cached:           673192 kB
MemTotal:        1844596 kB
MemFree:          938824 kB
MemAvailable:    1543072 kB
Buffers:           35272 kB
Cached:           673192 kB
MemTotal:        1844596 kB
MemFree:          938192 kB
MemAvailable:    1542440 kB
Buffers:           35272 kB
Cached:           673192 kB
MemTotal:        1844596 kB
MemFree:          936580 kB
MemAvailable:    1540828 kB
Buffers:           35272 kB
Cached:           673192 kB
MemTotal:        1844596 kB
MemFree:          935456 kB
MemAvailable:    1539704 kB
Buffers:           35272 kB
Cached:           673192 kB
MemTotal:        1844596 kB
MemFree:          936564 kB
MemAvailable:    1540812 kB
Buffers:           35272 kB
Cached:           673192 kB
MemTotal:        1844596 kB
MemFree:          936564 kB
MemAvailable:    1540812 kB
Buffers:           35272 kB
Cached:           673192 kB
MemTotal:        1844596 kB
MemFree:          936444 kB
MemAvailable:    1540692 kB
Buffers:           35272 kB
Cached:           673192 kB
MemTotal:        1844596 kB
MemFree:          935064 kB
MemAvailable:    1539312 kB
Buffers:           35272 kB
Cached:           673192 kB
MemTotal:        1844596 kB
MemFree:          936256 kB
MemAvailable:    1540504 kB
Buffers:           35272 kB
Cached:           673192 kB
MemTotal:        1844596 kB
MemFree:          936208 kB
MemAvailable:    1540456 kB
Buffers:           35272 kB
Cached:           673192 kB
MemTotal:        1844596 kB
MemFree:          936444 kB
MemAvailable:    1540692 kB
Buffers:           35272 kB
Cached:           673192 kB
MemTotal:        1844596 kB
MemFree:          935156 kB
MemAvailable:    1539404 kB
Buffers:           35272 kB
Cached:           673192 kB
MemTotal:        1844596 kB
MemFree:          935588 kB
MemAvailable:    1539836 kB
Buffers:           35272 kB
Cached:           673192 kB
MemTotal:        1844596 kB
MemFree:          937716 kB
MemAvailable:    1541964 kB
Buffers:           35272 kB
Cached:           673192 kB
MemTotal:        1844596 kB
MemFree:          937316 kB
MemAvailable:    1541564 kB
Buffers:           35272 kB
Cached:           673192 kB
MemTotal:        1844596 kB
MemFree:          936944 kB
MemAvailable:    1541192 kB
Buffers:           35272 kB
Cached:           673192 kB
MemTotal:        1844596 kB
MemFree:          934472 kB
MemAvailable:    1538720 kB
Buffers:           35272 kB
Cached:           673192 kB
MemTotal:        1844596 kB
MemFree:          934208 kB
MemAvailable:    1538456 kB
Buffers:           35272 kB
Cached:           673192 kB
MemTotal:        1844596 kB
MemFree:          934208 kB
MemAvailable:    1538456 kB
Buffers:           35272 kB
Cached:           673192 kB
MemTotal:        1844596 kB
MemFree:          933480 kB
MemAvailable:    1537728 kB
Buffers:           35272 kB
Cached:           673192 kB
MemTotal:        1844596 kB
MemFree:          933216 kB
MemAvailable:    1537464 kB
Buffers:           35272 kB
Cached:           673192 kB
MemTotal:        1844596 kB
MemFree:          933216 kB
MemAvailable:    1537464 kB
Buffers:           35272 kB
Cached:           673192 kB
MemTotal:        1844596 kB
MemFree:          932416 kB
MemAvailable:    1536664 kB
Buffers:           35272 kB
Cached:           673192 kB
MemTotal:        1844596 kB
MemFree:          931116 kB
MemAvailable:    1535364 kB
Buffers:           35272 kB
Cached:           673192 kB
MemTotal:        1844596 kB
MemFree:          931116 kB
MemAvailable:    1535364 kB
Buffers:           35272 kB
Cached:           673192 kB
MemTotal:        1844596 kB
MemFree:          931100 kB
MemAvailable:    1535348 kB
Buffers:           35272 kB
Cached:           673192 kB
MemTotal:        1844596 kB
MemFree:          930984 kB
MemAvailable:    1535232 kB
Buffers:           35272 kB
Cached:           673192 kB
MemTotal:        1844596 kB
MemFree:          930984 kB
MemAvailable:    1535232 kB
Buffers:           35272 kB
Cached:           673192 kB
MemTotal:        1844596 kB
MemFree:          930620 kB
MemAvailable:    1534868 kB
Buffers:           35272 kB
Cached:           673192 kB
MemTotal:        1844596 kB
MemFree:          930464 kB
MemAvailable:    1534712 kB
Buffers:           35272 kB
Cached:           673192 kB
MemTotal:        1844596 kB
MemFree:          931192 kB
MemAvailable:    1535440 kB
Buffers:           35272 kB
Cached:           673192 kB
MemTotal:        1844596 kB
MemFree:          931448 kB
MemAvailable:    1535696 kB
Buffers:           35272 kB
Cached:           673192 kB
MemTotal:        1844596 kB
MemFree:          929828 kB
MemAvailable:    1534076 kB
Buffers:           35272 kB
Cached:           673192 kB
MemTotal:        1844596 kB
MemFree:          929828 kB
MemAvailable:    1534076 kB
Buffers:           35272 kB
Cached:           673192 kB
MemTotal:        1844596 kB
MemFree:          931368 kB
MemAvailable:    1535616 kB
Buffers:           35272 kB
Cached:           673192 kB
MemTotal:        1844596 kB
MemFree:          931068 kB
MemAvailable:    1535316 kB
Buffers:           35272 kB
Cached:           673192 kB
MemTotal:        1844596 kB
MemFree:          931464 kB
MemAvailable:    1535712 kB
Buffers:           35272 kB
Cached:           673192 kB
MemTotal:        1844596 kB
MemFree:          930752 kB
MemAvailable:    1535000 kB
Buffers:           35272 kB
Cached:           673192 kB
MemTotal:        1844596 kB
MemFree:          931180 kB
MemAvailable:    1535428 kB
Buffers:           35272 kB
Cached:           673192 kB
MemTotal:        1844596 kB
MemFree:          931124 kB
MemAvailable:    1535372 kB
Buffers:           35272 kB
Cached:           673192 kB
MemTotal:        1844596 kB
MemFree:          931120 kB
MemAvailable:    1535368 kB
Buffers:           35272 kB
Cached:           673192 kB
MemTotal:        1844596 kB
MemFree:          930120 kB
MemAvailable:    1534368 kB
Buffers:           35272 kB
Cached:           673192 kB
MemTotal:        1844596 kB
MemFree:          931352 kB
MemAvailable:    1535600 kB
Buffers:           35272 kB
Cached:           673192 kB
MemTotal:        1844596 kB
MemFree:          930972 kB
MemAvailable:    1535220 kB
Buffers:           35272 kB
Cached:           673192 kB
MemTotal:        1844596 kB
MemFree:          930972 kB
MemAvailable:    1535220 kB
Buffers:           35272 kB
Cached:           673192 kB
MemTotal:        1844596 kB
MemFree:          930620 kB
MemAvailable:    1534868 kB
Buffers:           35272 kB
Cached:           673192 kB
MemTotal:        1844596 kB
MemFree:          930632 kB
MemAvailable:    1534880 kB
Buffers:           35272 kB
Cached:           673192 kB
MemTotal:        1844596 kB
MemFree:          929512 kB
MemAvailable:    1533760 kB
Buffers:           35272 kB
Cached:           673192 kB
MemTotal:        1844596 kB
MemFree:          930240 kB
MemAvailable:    1534492 kB
Buffers:           35272 kB
Cached:           673196 kB
MemTotal:        1844596 kB
MemFree:          930576 kB
MemAvailable:    1534828 kB
Buffers:           35272 kB
Cached:           673196 kB
MemTotal:        1844596 kB
MemFree:          930332 kB
MemAvailable:    1534584 kB
Buffers:           35272 kB
Cached:           673196 kB
MemTotal:        1844596 kB
MemFree:          929128 kB
MemAvailable:    1533380 kB
Buffers:           35272 kB
Cached:           673196 kB
MemTotal:        1844596 kB
MemFree:          930312 kB
MemAvailable:    1534564 kB
Buffers:           35272 kB
Cached:           673196 kB
MemTotal:        1844596 kB
MemFree:          930564 kB
MemAvailable:    1534816 kB
Buffers:           35272 kB
Cached:           673196 kB
MemTotal:        1844596 kB
MemFree:          930252 kB
MemAvailable:    1534504 kB
Buffers:           35272 kB
Cached:           673196 kB
MemTotal:        1844596 kB
MemFree:          929120 kB
MemAvailable:    1533372 kB
Buffers:           35272 kB
Cached:           673196 kB
MemTotal:        1844596 kB
MemFree:          930188 kB
MemAvailable:    1534440 kB
Buffers:           35272 kB
Cached:           673196 kB
MemTotal:        1844596 kB
MemFree:          930048 kB
MemAvailable:    1534300 kB
Buffers:           35272 kB
Cached:           673196 kB
MemTotal:        1844596 kB
MemFree:          930216 kB
MemAvailable:    1534468 kB
Buffers:           35272 kB
Cached:           673196 kB
MemTotal:        1844596 kB
MemFree:          927512 kB
MemAvailable:    1531764 kB
Buffers:           35272 kB
Cached:           673196 kB
MemTotal:        1844596 kB
MemFree:          926908 kB
MemAvailable:    1531160 kB
Buffers:           35272 kB
Cached:           673196 kB
MemTotal:        1844596 kB
MemFree:          923428 kB
MemAvailable:    1527680 kB
Buffers:           35272 kB
Cached:           673196 kB
MemTotal:        1844596 kB
MemFree:          922800 kB
MemAvailable:    1527052 kB
Buffers:           35272 kB
Cached:           673196 kB
MemTotal:        1844596 kB
MemFree:          922196 kB
MemAvailable:    1526448 kB
Buffers:           35272 kB
Cached:           673196 kB
MemTotal:        1844596 kB
MemFree:          922364 kB
MemAvailable:    1526616 kB
Buffers:           35272 kB
Cached:           673196 kB
MemTotal:        1844596 kB
MemFree:          922448 kB
MemAvailable:    1526700 kB
Buffers:           35272 kB
Cached:           673196 kB
MemTotal:        1844596 kB
MemFree:          921008 kB
MemAvailable:    1525260 kB
Buffers:           35272 kB
Cached:           673196 kB
MemTotal:        1844596 kB
MemFree:          922316 kB
MemAvailable:    1526568 kB
Buffers:           35272 kB
Cached:           673196 kB
MemTotal:        1844596 kB
MemFree:          922340 kB
MemAvailable:    1526596 kB
Buffers:           35272 kB
Cached:           673200 kB
MemTotal:        1844596 kB
MemFree:          921452 kB
MemAvailable:    1525708 kB
Buffers:           35272 kB
Cached:           673200 kB
MemTotal:        1844596 kB
MemFree:          922312 kB
MemAvailable:    1526568 kB
Buffers:           35272 kB
Cached:           673200 kB
MemTotal:        1844596 kB
MemFree:          922312 kB
MemAvailable:    1526568 kB
Buffers:           35272 kB
Cached:           673200 kB
MemTotal:        1844596 kB
MemFree:          922248 kB
MemAvailable:    1526504 kB
Buffers:           35272 kB
Cached:           673200 kB
MemTotal:        1844596 kB
MemFree:          922132 kB
MemAvailable:    1526388 kB
Buffers:           35272 kB
Cached:           673200 kB
MemTotal:        1844596 kB
MemFree:          922468 kB
MemAvailable:    1526724 kB
Buffers:           35272 kB
Cached:           673200 kB
MemTotal:        1844596 kB
MemFree:          922252 kB
MemAvailable:    1526508 kB
Buffers:           35272 kB
Cached:           673200 kB
MemTotal:        1844596 kB
MemFree:          922504 kB
MemAvailable:    1526760 kB
Buffers:           35272 kB
Cached:           673200 kB
MemTotal:        1844596 kB
MemFree:          922368 kB
MemAvailable:    1526624 kB
Buffers:           35272 kB
Cached:           673200 kB
MemTotal:        1844596 kB
MemFree:          921808 kB
MemAvailable:    1526064 kB
Buffers:           35272 kB
Cached:           673200 kB
MemTotal:        1844596 kB
MemFree:          921576 kB
MemAvailable:    1525832 kB
Buffers:           35272 kB
Cached:           673200 kB
MemTotal:        1844596 kB
MemFree:          920272 kB
MemAvailable:    1524528 kB
Buffers:           35272 kB
Cached:           673200 kB
MemTotal:        1844596 kB
MemFree:          920280 kB
MemAvailable:    1524536 kB
Buffers:           35272 kB
Cached:           673200 kB
MemTotal:        1844596 kB
MemFree:          921164 kB
MemAvailable:    1525420 kB
Buffers:           35272 kB
Cached:           673200 kB
MemTotal:        1844596 kB
MemFree:          919956 kB
MemAvailable:    1524212 kB
Buffers:           35272 kB
Cached:           673200 kB
MemTotal:        1844596 kB
MemFree:          920452 kB
MemAvailable:    1524712 kB
Buffers:           35272 kB
Cached:           673204 kB
MemTotal:        1844596 kB
MemFree:          919840 kB
MemAvailable:    1524100 kB
Buffers:           35272 kB
Cached:           673204 kB
MemTotal:        1844596 kB
MemFree:          918468 kB
MemAvailable:    1522728 kB
Buffers:           35272 kB
Cached:           673204 kB
MemTotal:        1844596 kB
MemFree:          919700 kB
MemAvailable:    1523960 kB
Buffers:           35272 kB
Cached:           673204 kB
MemTotal:        1844596 kB
MemFree:          919512 kB
MemAvailable:    1523772 kB
Buffers:           35272 kB
Cached:           673204 kB
MemTotal:        1844596 kB
MemFree:          918700 kB
MemAvailable:    1522960 kB
Buffers:           35272 kB
Cached:           673204 kB
MemTotal:        1844596 kB
MemFree:          918784 kB
MemAvailable:    1523044 kB
Buffers:           35272 kB
Cached:           673204 kB
MemTotal:        1844596 kB
MemFree:          918912 kB
MemAvailable:    1523172 kB
Buffers:           35272 kB
Cached:           673204 kB
MemTotal:        1844596 kB
MemFree:          917284 kB
MemAvailable:    1521544 kB
Buffers:           35272 kB
Cached:           673204 kB
MemTotal:        1844596 kB
MemFree:          918568 kB
MemAvailable:    1522828 kB
Buffers:           35272 kB
Cached:           673204 kB
MemTotal:        1844596 kB
MemFree:          917476 kB
MemAvailable:    1521736 kB
Buffers:           35272 kB
Cached:           673204 kB
MemTotal:        1844596 kB
MemFree:          918428 kB
MemAvailable:    1522688 kB
Buffers:           35272 kB
Cached:           673204 kB
MemTotal:        1844596 kB
MemFree:          918684 kB
MemAvailable:    1522944 kB
Buffers:           35272 kB
Cached:           673204 kB
MemTotal:        1844596 kB
MemFree:          917228 kB
MemAvailable:    1521488 kB
Buffers:           35272 kB
Cached:           673204 kB
MemTotal:        1844596 kB
MemFree:          917312 kB
MemAvailable:    1521572 kB
Buffers:           35272 kB
Cached:           673204 kB
MemTotal:        1844596 kB
MemFree:          917180 kB
MemAvailable:    1521440 kB
Buffers:           35272 kB
Cached:           673204 kB
MemTotal:        1844596 kB
MemFree:          918648 kB
MemAvailable:    1522908 kB
Buffers:           35272 kB
Cached:           673204 kB
MemTotal:        1844596 kB
MemFree:          917800 kB
MemAvailable:    1522060 kB
Buffers:           35272 kB
Cached:           673204 kB
MemTotal:        1844596 kB
MemFree:          917964 kB
MemAvailable:    1522224 kB
Buffers:           35272 kB
Cached:           673204 kB
MemTotal:        1844596 kB
MemFree:          917964 kB
MemAvailable:    1522224 kB
Buffers:           35272 kB
Cached:           673204 kB
MemTotal:        1844596 kB
MemFree:          914632 kB
MemAvailable:    1518892 kB
Buffers:           35272 kB
Cached:           673204 kB
MemTotal:        1844596 kB
MemFree:          912880 kB
MemAvailable:    1517140 kB
Buffers:           35272 kB
Cached:           673204 kB
MemTotal:        1844596 kB
MemFree:          912964 kB
MemAvailable:    1517224 kB
Buffers:           35272 kB
Cached:           673204 kB
MemTotal:        1844596 kB
MemFree:          912968 kB
MemAvailable:    1517228 kB
Buffers:           35272 kB
Cached:           673204 kB
MemTotal:        1844596 kB
MemFree:          911772 kB
MemAvailable:    1516032 kB
Buffers:           35272 kB
Cached:           673204 kB
MemTotal:        1844596 kB
MemFree:          912772 kB
MemAvailable:    1517036 kB
Buffers:           35272 kB
Cached:           673208 kB
MemTotal:        1844596 kB
MemFree:          912784 kB
MemAvailable:    1517048 kB
Buffers:           35272 kB
Cached:           673208 kB
MemTotal:        1844596 kB
MemFree:          911476 kB
MemAvailable:    1515740 kB
Buffers:           35272 kB
Cached:           673208 kB
MemTotal:        1844596 kB
MemFree:          912676 kB
MemAvailable:    1516940 kB
Buffers:           35272 kB
Cached:           673208 kB
MemTotal:        1844596 kB
MemFree:          911400 kB
MemAvailable:    1515664 kB
Buffers:           35272 kB
Cached:           673208 kB
MemTotal:        1844596 kB
MemFree:          912352 kB
MemAvailable:    1516616 kB
Buffers:           35272 kB
Cached:           673208 kB
MemTotal:        1844596 kB
MemFree:          912608 kB
MemAvailable:    1516872 kB
Buffers:           35272 kB
Cached:           673208 kB
MemTotal:        1844596 kB
MemFree:          911112 kB
MemAvailable:    1515376 kB
Buffers:           35272 kB
Cached:           673208 kB
MemTotal:        1844596 kB
MemFree:          912296 kB
MemAvailable:    1516560 kB
Buffers:           35272 kB
Cached:           673208 kB
MemTotal:        1844596 kB
MemFree:          911284 kB
MemAvailable:    1515548 kB
Buffers:           35272 kB
Cached:           673208 kB
MemTotal:        1844596 kB
MemFree:          912264 kB
MemAvailable:    1516528 kB
Buffers:           35272 kB
Cached:           673208 kB
MemTotal:        1844596 kB
MemFree:          911384 kB
MemAvailable:    1515648 kB
Buffers:           35272 kB
Cached:           673208 kB
MemTotal:        1844596 kB
MemFree:          910540 kB
MemAvailable:    1514804 kB
Buffers:           35272 kB
Cached:           673208 kB
MemTotal:        1844596 kB
MemFree:          909548 kB
MemAvailable:    1513812 kB
Buffers:           35272 kB
Cached:           673208 kB
MemTotal:        1844596 kB
MemFree:          908308 kB
MemAvailable:    1512572 kB
Buffers:           35272 kB
Cached:           673208 kB
MemTotal:        1844596 kB
MemFree:          908176 kB
MemAvailable:    1512440 kB
Buffers:           35272 kB
Cached:           673208 kB
MemTotal:        1844596 kB
MemFree:          909160 kB
MemAvailable:    1513424 kB
Buffers:           35272 kB
Cached:           673208 kB
MemTotal:        1844596 kB
MemFree:          909060 kB
MemAvailable:    1513324 kB
Buffers:           35272 kB
Cached:           673208 kB
MemTotal:        1844596 kB
MemFree:          909128 kB
MemAvailable:    1513392 kB
Buffers:           35272 kB
Cached:           673208 kB
MemTotal:        1844596 kB
MemFree:          909036 kB
MemAvailable:    1513300 kB
Buffers:           35272 kB
Cached:           673208 kB
MemTotal:        1844596 kB
MemFree:          909288 kB
MemAvailable:    1513552 kB
Buffers:           35272 kB
Cached:           673208 kB
MemTotal:        1844596 kB
MemFree:          911164 kB
MemAvailable:    1515428 kB
Buffers:           35272 kB
Cached:           673208 kB
MemTotal:        1844596 kB
MemFree:          909880 kB
MemAvailable:    1514144 kB
Buffers:           35272 kB
Cached:           673208 kB
MemTotal:        1844596 kB
MemFree:          911264 kB
MemAvailable:    1515696 kB
Buffers:           35272 kB
Cached:           673332 kB
MemTotal:        1844596 kB
MemFree:          910044 kB
MemAvailable:    1514476 kB
Buffers:           35272 kB
Cached:           673456 kB
MemTotal:        1844596 kB
MemFree:          910740 kB
MemAvailable:    1515256 kB
Buffers:           35272 kB
Cached:           673580 kB
MemTotal:        1844596 kB
MemFree:          910992 kB
MemAvailable:    1515508 kB
Buffers:           35272 kB
Cached:           673580 kB
MemTotal:        1844596 kB
MemFree:          909416 kB
MemAvailable:    1514100 kB
Buffers:           35272 kB
Cached:           673704 kB
MemTotal:        1844596 kB
MemFree:          910524 kB
MemAvailable:    1515292 kB
Buffers:           35272 kB
Cached:           673828 kB
MemTotal:        1844596 kB
MemFree:          910408 kB
MemAvailable:    1515176 kB
Buffers:           35272 kB
Cached:           673828 kB
MemTotal:        1844596 kB
MemFree:          910152 kB
MemAvailable:    1515004 kB
Buffers:           35272 kB
Cached:           673828 kB
MemTotal:        1844596 kB
MemFree:          910488 kB
MemAvailable:    1515340 kB
Buffers:           35272 kB
Cached:           673828 kB
MemTotal:        1844596 kB
MemFree:          910276 kB
MemAvailable:    1515128 kB
Buffers:           35272 kB
Cached:           673828 kB
MemTotal:        1844596 kB
MemFree:          910500 kB
MemAvailable:    1515352 kB
Buffers:           35272 kB
Cached:           673828 kB
MemTotal:        1844596 kB
MemFree:          908984 kB
MemAvailable:    1513836 kB
Buffers:           35272 kB
Cached:           673828 kB
MemTotal:        1844596 kB
MemFree:          909672 kB
MemAvailable:    1514524 kB
Buffers:           35272 kB
Cached:           673828 kB
MemTotal:        1844596 kB
MemFree:          909556 kB
MemAvailable:    1514496 kB
Buffers:           35272 kB
Cached:           673884 kB
MemTotal:        1844596 kB
MemFree:          909212 kB
MemAvailable:    1513564 kB
Buffers:           35272 kB
Cached:           673252 kB
MemTotal:        1844596 kB
MemFree:          978628 kB
MemAvailable:    1582980 kB
Buffers:           35272 kB
Cached:           673252 kB
MemTotal:        1844596 kB
MemFree:          979772 kB
MemAvailable:    1584044 kB
Buffers:           35272 kB
Cached:           673212 kB
