MemTotal:        1844596 kB
MemFree:          942248 kB
MemAvailable:    1552772 kB
Buffers:           36280 kB
Cached:           680640 kB
MemTotal:        1844596 kB
MemFree:          940944 kB
MemAvailable:    1551468 kB
Buffers:           36280 kB
Cached:           680640 kB
MemTotal:        1844596 kB
MemFree:          939952 kB
MemAvailable:    1550476 kB
Buffers:           36280 kB
Cached:           680640 kB
MemTotal:        1844596 kB
MemFree:          938596 kB
MemAvailable:    1549120 kB
Buffers:           36280 kB
Cached:           680640 kB
MemTotal:        1844596 kB
MemFree:          938848 kB
MemAvailable:    1549372 kB
Buffers:           36280 kB
Cached:           680640 kB
MemTotal:        1844596 kB
MemFree:          937528 kB
MemAvailable:    1548052 kB
Buffers:           36280 kB
Cached:           680640 kB
MemTotal:        1844596 kB
MemFree:          937612 kB
MemAvailable:    1548136 kB
Buffers:           36280 kB
Cached:           680640 kB
MemTotal:        1844596 kB
MemFree:          934800 kB
MemAvailable:    1545324 kB
Buffers:           36280 kB
Cached:           680640 kB
MemTotal:        1844596 kB
MemFree:          932824 kB
MemAvailable:    1543348 kB
Buffers:           36280 kB
Cached:           680640 kB
MemTotal:        1844596 kB
MemFree:          930576 kB
MemAvailable:    1541100 kB
Buffers:           36280 kB
Cached:           680640 kB
MemTotal:        1844596 kB
MemFree:          930660 kB
MemAvailable:    1541184 kB
Buffers:           36280 kB
Cached:           680640 kB
MemTotal:        1844596 kB
MemFree:          926624 kB
MemAvailable:    1537148 kB
Buffers:           36280 kB
Cached:           680640 kB
MemTotal:        1844596 kB
MemFree:          926872 kB
MemAvailable:    1537396 kB
Buffers:           36280 kB
Cached:           680640 kB
MemTotal:        1844596 kB
MemFree:          927556 kB
MemAvailable:    1538080 kB
Buffers:           36280 kB
Cached:           680640 kB
MemTotal:        1844596 kB
MemFree:          927808 kB
MemAvailable:    1538332 kB
Buffers:           36280 kB
Cached:           680640 kB
MemTotal:        1844596 kB
MemFree:          927496 kB
MemAvailable:    1538020 kB
Buffers:           36280 kB
Cached:           680640 kB
MemTotal:        1844596 kB
MemFree:          927540 kB
MemAvailable:    1538064 kB
Buffers:           36280 kB
Cached:           680640 kB
MemTotal:        1844596 kB
MemFree:          926500 kB
MemAvailable:    1537024 kB
Buffers:           36280 kB
Cached:           680640 kB
MemTotal:        1844596 kB
MemFree:          926120 kB
MemAvailable:    1536648 kB
Buffers:           36280 kB
Cached:           680644 kB
MemTotal:        1844596 kB
MemFree:          925508 kB
MemAvailable:    1536036 kB
Buffers:           36280 kB
Cached:           680644 kB
MemTotal:        1844596 kB
MemFree:          925244 kB
MemAvailable:    1535772 kB
Buffers:           36280 kB
Cached:           680644 kB
MemTotal:        1844596 kB
MemFree:          924640 kB
MemAvailable:    1535168 kB
Buffers:           36280 kB
Cached:           680644 kB
MemTotal:        1844596 kB
MemFree:          925124 kB
MemAvailable:    1535652 kB
Buffers:           36280 kB
Cached:           680644 kB
MemTotal:        1844596 kB
MemFree:          925076 kB
MemAvailable:    1535604 kB
Buffers:           36280 kB
Cached:           680644 kB
MemTotal:        1844596 kB
MemFree:          924260 kB
MemAvailable:    1534788 kB
Buffers:           36280 kB
Cached:           680644 kB
MemTotal:        1844596 kB
MemFree:          925252 kB
MemAvailable:    1535780 kB
Buffers:           36280 kB
Cached:           680644 kB
MemTotal:        1844596 kB
MemFree:          925144 kB
MemAvailable:    1535672 kB
Buffers:           36280 kB
Cached:           680644 kB
MemTotal:        1844596 kB
MemFree:          924964 kB
MemAvailable:    1535492 kB
Buffers:           36280 kB
Cached:           680644 kB
MemTotal:        1844596 kB
MemFree:          925208 kB
MemAvailable:    1535736 kB
Buffers:           36280 kB
Cached:           680644 kB
MemTotal:        1844596 kB
MemFree:          925200 kB
MemAvailable:    1535728 kB
Buffers:           36280 kB
Cached:           680644 kB
MemTotal:        1844596 kB
MemFree:          926284 kB
MemAvailable:    1536812 kB
Buffers:           36280 kB
Cached:           680644 kB
MemTotal:        1844596 kB
MemFree:          926376 kB
MemAvailable:    1536904 kB
Buffers:           36280 kB
Cached:           680644 kB
MemTotal:        1844596 kB
MemFree:          926488 kB
MemAvailable:    1537016 kB
Buffers:           36280 kB
Cached:           680644 kB
MemTotal:        1844596 kB
MemFree:          925624 kB
MemAvailable:    1536152 kB
Buffers:           36280 kB
Cached:           680644 kB
MemTotal:        1844596 kB
MemFree:          924932 kB
MemAvailable:    1535460 kB
Buffers:           36280 kB
Cached:           680644 kB
MemTotal:        1844596 kB
MemFree:          922964 kB
MemAvailable:    1533492 kB
Buffers:           36280 kB
Cached:           680644 kB
MemTotal:        1844596 kB
MemFree:          922896 kB
MemAvailable:    1533424 kB
Buffers:           36280 kB
Cached:           680644 kB
MemTotal:        1844596 kB
MemFree:          922368 kB
MemAvailable:    1532896 kB
Buffers:           36280 kB
Cached:           680644 kB
MemTotal:        1844596 kB
MemFree:          920796 kB
MemAvailable:    1531324 kB
Buffers:           36280 kB
Cached:           680644 kB
MemTotal:        1844596 kB
MemFree:          921664 kB
MemAvailable:    1532192 kB
Buffers:           36280 kB
Cached:           680644 kB
MemTotal:        1844596 kB
MemFree:          920548 kB
MemAvailable:    1531076 kB
Buffers:           36280 kB
Cached:           680644 kB
MemTotal:        1844596 kB
MemFree:          920924 kB
MemAvailable:    1531452 kB
Buffers:           36280 kB
Cached:           680644 kB
MemTotal:        1844596 kB
MemFree:          919660 kB
MemAvailable:    1530188 kB
Buffers:           36280 kB
Cached:           680644 kB
MemTotal:        1844596 kB
MemFree:          920852 kB
MemAvailable:    1531380 kB
Buffers:           36280 kB
Cached:           680644 kB
MemTotal:        1844596 kB
MemFree:          921020 kB
MemAvailable:    1531548 kB
Buffers:           36280 kB
Cached:           680644 kB
MemTotal:        1844596 kB
MemFree:          920716 kB
MemAvailable:    1531244 kB
Buffers:           36280 kB
Cached:           680644 kB
MemTotal:        1844596 kB
MemFree:          919548 kB
MemAvailable:    1530076 kB
Buffers:           36280 kB
Cached:           680644 kB
MemTotal:        1844596 kB
MemFree:          919548 kB
MemAvailable:    1530076 kB
Buffers:           36280 kB
Cached:           680644 kB
MemTotal:        1844596 kB
MemFree:          919184 kB
MemAvailable:    1529712 kB
Buffers:           36280 kB
Cached:           680644 kB
MemTotal:        1844596 kB
MemFree:          918928 kB
MemAvailable:    1529456 kB
Buffers:           36280 kB
Cached:           680644 kB
MemTotal:        1844596 kB
MemFree:          920128 kB
MemAvailable:    1530656 kB
Buffers:           36280 kB
Cached:           680644 kB
MemTotal:        1844596 kB
MemFree:          919808 kB
MemAvailable:    1530336 kB
Buffers:           36280 kB
Cached:           680644 kB
MemTotal:        1844596 kB
MemFree:          918500 kB
MemAvailable:    1529028 kB
Buffers:           36280 kB
Cached:           680644 kB
MemTotal:        1844596 kB
MemFree:          919732 kB
MemAvailable:    1530260 kB
Buffers:           36280 kB
Cached:           680644 kB
MemTotal:        1844596 kB
MemFree:          919732 kB
MemAvailable:    1530260 kB
Buffers:           36280 kB
Cached:           680644 kB
MemTotal:        1844596 kB
MemFree:          919916 kB
MemAvailable:    1530444 kB
Buffers:           36280 kB
Cached:           680644 kB
MemTotal:        1844596 kB
MemFree:          919928 kB
MemAvailable:    1530456 kB
Buffers:           36280 kB
Cached:           680644 kB
MemTotal:        1844596 kB
MemFree:          919060 kB
MemAvailable:    1529588 kB
Buffers:           36280 kB
Cached:           680644 kB
MemTotal:        1844596 kB
MemFree:          919736 kB
MemAvailable:    1530264 kB
Buffers:           36280 kB
Cached:           680644 kB
MemTotal:        1844596 kB
MemFree:          919804 kB
MemAvailable:    1530332 kB
Buffers:           36280 kB
Cached:           680644 kB
MemTotal:        1844596 kB
MemFree:          919776 kB
MemAvailable:    1530304 kB
Buffers:           36280 kB
Cached:           680644 kB
MemTotal:        1844596 kB
MemFree:          919928 kB
MemAvailable:    1530456 kB
Buffers:           36280 kB
Cached:           680644 kB
MemTotal:        1844596 kB
MemFree:          919556 kB
MemAvailable:    1530084 kB
Buffers:           36280 kB
Cached:           680644 kB
MemTotal:        1844596 kB
MemFree:          918392 kB
MemAvailable:    1528920 kB
Buffers:           36280 kB
Cached:           680644 kB
MemTotal:        1844596 kB
MemFree:          919312 kB
MemAvailable:    1529840 kB
Buffers:           36280 kB
Cached:           680644 kB
MemTotal:        1844596 kB
MemFree:          918988 kB
MemAvailable:    1529516 kB
Buffers:           36280 kB
Cached:           680644 kB
MemTotal:        1844596 kB
MemFree:          918988 kB
MemAvailable:    1529516 kB
Buffers:           36280 kB
Cached:           680644 kB
MemTotal:        1844596 kB
MemFree:          917688 kB
MemAvailable:    1528220 kB
Buffers:           36280 kB
Cached:           680648 kB
MemTotal:        1844596 kB
MemFree:          918996 kB
MemAvailable:    1529528 kB
Buffers:           36280 kB
Cached:           680648 kB
MemTotal:        1844596 kB
MemFree:          917772 kB
MemAvailable:    1528304 kB
Buffers:           36280 kB
Cached:           680648 kB
MemTotal:        1844596 kB
MemFree:          918948 kB
MemAvailable:    1529484 kB
Buffers:           36280 kB
Cached:           680652 kB
MemTotal:        1844596 kB
MemFree:          919068 kB
MemAvailable:    1529604 kB
Buffers:           36280 kB
Cached:           680652 kB
MemTotal:        1844596 kB
MemFree:          919064 kB
MemAvailable:    1529600 kB
Buffers:           36280 kB
Cached:           680652 kB
MemTotal:        1844596 kB
MemFree:          917888 kB
MemAvailable:    1528424 kB
Buffers:           36280 kB
Cached:           680652 kB
MemTotal:        1844596 kB
MemFree:          918988 kB
MemAvailable:    1529524 kB
Buffers:           36280 kB
Cached:           680652 kB
MemTotal:        1844596 kB
MemFree:          918564 kB
MemAvailable:    1529100 kB
Buffers:           36280 kB
Cached:           680652 kB
MemTotal:        1844596 kB
MemFree:          919040 kB
MemAvailable:    1529576 kB
Buffers:           36280 kB
Cached:           680652 kB
MemTotal:        1844596 kB
MemFree:          919292 kB
MemAvailable:    1529828 kB
Buffers:           36280 kB
Cached:           680652 kB
MemTotal:        1844596 kB
MemFree:          916448 kB
MemAvailable:    1526984 kB
Buffers:           36280 kB
Cached:           680652 kB
MemTotal:        1844596 kB
MemFree:          915424 kB
MemAvailable:    1525960 kB
Buffers:           36280 kB
Cached:           680652 kB
MemTotal:        1844596 kB
MemFree:          912240 kB
MemAvailable:    1522776 kB
Buffers:           36280 kB
Cached:           680652 kB
MemTotal:        1844596 kB
MemFree:          910496 kB
MemAvailable:    1521032 kB
Buffers:           36280 kB
Cached:           680652 kB
MemTotal:        1844596 kB
MemFree:          910248 kB
MemAvailable:    1520784 kB
Buffers:           36280 kB
Cached:           680652 kB
MemTotal:        1844596 kB
MemFree:          911496 kB
MemAvailable:    1522032 kB
Buffers:           36280 kB
Cached:           680652 kB
MemTotal:        1844596 kB
MemFree:          911100 kB
MemAvailable:    1521636 kB
Buffers:           36280 kB
Cached:           680652 kB
MemTotal:        1844596 kB
MemFree:          911352 kB
MemAvailable:    1521888 kB
Buffers:           36280 kB
Cached:           680652 kB
MemTotal:        1844596 kB
MemFree:          911060 kB
MemAvailable:    1521596 kB
Buffers:           36280 kB
Cached:           680652 kB
MemTotal:        1844596 kB
MemFree:          910760 kB
MemAvailable:    1521296 kB
Buffers:           36280 kB
Cached:           680652 kB
MemTotal:        1844596 kB
MemFree:          909868 kB
MemAvailable:    1520404 kB
Buffers:           36280 kB
Cached:           680652 kB
MemTotal:        1844596 kB
MemFree:          911388 kB
MemAvailable:    1521924 kB
Buffers:           36280 kB
Cached:           680652 kB
MemTotal:        1844596 kB
MemFree:          909864 kB
MemAvailable:    1520400 kB
Buffers:           36280 kB
Cached:           680652 kB
MemTotal:        1844596 kB
MemFree:          909988 kB
MemAvailable:    1520524 kB
Buffers:           36280 kB
Cached:           680652 kB
MemTotal:        1844596 kB
MemFree:          909996 kB
MemAvailable:    1520532 kB
Buffers:           36280 kB
Cached:           680652 kB
MemTotal:        1844596 kB
MemFree:          910380 kB
MemAvailable:    1520916 kB
Buffers:           36280 kB
Cached:           680652 kB
MemTotal:        1844596 kB
MemFree:          910972 kB
MemAvailable:    1521508 kB
Buffers:           36280 kB
Cached:           680652 kB
MemTotal:        1844596 kB
MemFree:          911308 kB
MemAvailable:    1521844 kB
Buffers:           36280 kB
Cached:           680652 kB
MemTotal:        1844596 kB
MemFree:          910932 kB
MemAvailable:    1521468 kB
Buffers:           36280 kB
Cached:           680652 kB
MemTotal:        1844596 kB
MemFree:          910388 kB
MemAvailable:    1520924 kB
Buffers:           36280 kB
Cached:           680652 kB
MemTotal:        1844596 kB
MemFree:          910372 kB
MemAvailable:    1520908 kB
Buffers:           36280 kB
Cached:           680652 kB
MemTotal:        1844596 kB
MemFree:          910184 kB
MemAvailable:    1520720 kB
Buffers:           36280 kB
Cached:           680652 kB
MemTotal:        1844596 kB
MemFree:          909876 kB
MemAvailable:    1520412 kB
Buffers:           36280 kB
Cached:           680652 kB
MemTotal:        1844596 kB
MemFree:          909448 kB
MemAvailable:    1519984 kB
Buffers:           36280 kB
Cached:           680652 kB
MemTotal:        1844596 kB
MemFree:          909512 kB
MemAvailable:    1520048 kB
Buffers:           36280 kB
Cached:           680652 kB
MemTotal:        1844596 kB
MemFree:          909300 kB
MemAvailable:    1519836 kB
Buffers:           36280 kB
Cached:           680652 kB
MemTotal:        1844596 kB
MemFree:          908572 kB
MemAvailable:    1519108 kB
Buffers:           36280 kB
Cached:           680652 kB
MemTotal:        1844596 kB
MemFree:          908440 kB
MemAvailable:    1518976 kB
Buffers:           36280 kB
Cached:           680652 kB
MemTotal:        1844596 kB
MemFree:          908372 kB
MemAvailable:    1518908 kB
Buffers:           36280 kB
Cached:           680652 kB
MemTotal:        1844596 kB
MemFree:          907772 kB
MemAvailable:    1518308 kB
Buffers:           36280 kB
Cached:           680652 kB
MemTotal:        1844596 kB
MemFree:          907720 kB
MemAvailable:    1518256 kB
Buffers:           36280 kB
Cached:           680652 kB
MemTotal:        1844596 kB
MemFree:          907728 kB
MemAvailable:    1518264 kB
Buffers:           36280 kB
Cached:           680652 kB
MemTotal:        1844596 kB
MemFree:          906520 kB
MemAvailable:    1517056 kB
Buffers:           36280 kB
Cached:           680652 kB
MemTotal:        1844596 kB
MemFree:          907324 kB
MemAvailable:    1517864 kB
Buffers:           36280 kB
Cached:           680656 kB
MemTotal:        1844596 kB
MemFree:          906280 kB
MemAvailable:    1516820 kB
Buffers:           36280 kB
Cached:           680656 kB
MemTotal:        1844596 kB
MemFree:          907260 kB
MemAvailable:    1517800 kB
Buffers:           36280 kB
Cached:           680656 kB
MemTotal:        1844596 kB
MemFree:          905972 kB
MemAvailable:    1516512 kB
Buffers:           36280 kB
Cached:           680656 kB
MemTotal:        1844596 kB
MemFree:          907072 kB
MemAvailable:    1517612 kB
Buffers:           36280 kB
Cached:           680656 kB
MemTotal:        1844596 kB
MemFree:          907324 kB
MemAvailable:    1517864 kB
Buffers:           36280 kB
Cached:           680656 kB
MemTotal:        1844596 kB
MemFree:          907328 kB
MemAvailable:    1517868 kB
Buffers:           36280 kB
Cached:           680656 kB
MemTotal:        1844596 kB
MemFree:          907100 kB
MemAvailable:    1517640 kB
Buffers:           36280 kB
Cached:           680656 kB
MemTotal:        1844596 kB
MemFree:          906112 kB
MemAvailable:    1516652 kB
Buffers:           36280 kB
Cached:           680656 kB
MemTotal:        1844596 kB
MemFree:          905652 kB
MemAvailable:    1516192 kB
Buffers:           36280 kB
Cached:           680656 kB
MemTotal:        1844596 kB
MemFree:          906828 kB
MemAvailable:    1517368 kB
Buffers:           36280 kB
Cached:           680656 kB
MemTotal:        1844596 kB
MemFree:          902916 kB
MemAvailable:    1513456 kB
Buffers:           36280 kB
Cached:           680656 kB
MemTotal:        1844596 kB
MemFree:          902808 kB
MemAvailable:    1513348 kB
Buffers:           36280 kB
Cached:           680656 kB
MemTotal:        1844596 kB
MemFree:          901800 kB
MemAvailable:    1512340 kB
Buffers:           36280 kB
Cached:           680656 kB
MemTotal:        1844596 kB
MemFree:          902136 kB
MemAvailable:    1512676 kB
Buffers:           36280 kB
Cached:           680656 kB
MemTotal:        1844596 kB
MemFree:          900808 kB
MemAvailable:    1511348 kB
Buffers:           36280 kB
Cached:           680656 kB
MemTotal:        1844596 kB
MemFree:          901800 kB
MemAvailable:    1512340 kB
Buffers:           36280 kB
Cached:           680656 kB
MemTotal:        1844596 kB
MemFree:          901248 kB
MemAvailable:    1511788 kB
Buffers:           36280 kB
Cached:           680656 kB
MemTotal:        1844596 kB
MemFree:          901584 kB
MemAvailable:    1512124 kB
Buffers:           36280 kB
Cached:           680656 kB
MemTotal:        1844596 kB
MemFree:          900308 kB
MemAvailable:    1510848 kB
Buffers:           36280 kB
Cached:           680656 kB
MemTotal:        1844596 kB
MemFree:          900052 kB
MemAvailable:    1510592 kB
Buffers:           36280 kB
Cached:           680656 kB
MemTotal:        1844596 kB
MemFree:          901152 kB
MemAvailable:    1511692 kB
Buffers:           36280 kB
Cached:           680656 kB
MemTotal:        1844596 kB
MemFree:          901488 kB
MemAvailable:    1512028 kB
Buffers:           36280 kB
Cached:           680656 kB
MemTotal:        1844596 kB
MemFree:          899912 kB
MemAvailable:    1510452 kB
Buffers:           36280 kB
Cached:           680656 kB
MemTotal:        1844596 kB
MemFree:          899212 kB
MemAvailable:    1509752 kB
Buffers:           36280 kB
Cached:           680656 kB
MemTotal:        1844596 kB
MemFree:          898080 kB
MemAvailable:    1508620 kB
Buffers:           36280 kB
Cached:           680656 kB
MemTotal:        1844596 kB
MemFree:          898220 kB
MemAvailable:    1508760 kB
Buffers:           36280 kB
Cached:           680656 kB
MemTotal:        1844596 kB
MemFree:          898352 kB
MemAvailable:    1508892 kB
Buffers:           36280 kB
Cached:           680656 kB
MemTotal:        1844596 kB
MemFree:          898288 kB
MemAvailable:    1508828 kB
Buffers:           36280 kB
Cached:           680656 kB
MemTotal:        1844596 kB
MemFree:          897916 kB
MemAvailable:    1508456 kB
Buffers:           36280 kB
Cached:           680656 kB
MemTotal:        1844596 kB
MemFree:          896968 kB
MemAvailable:    1507508 kB
Buffers:           36280 kB
Cached:           680656 kB
MemTotal:        1844596 kB
MemFree:          896836 kB
MemAvailable:    1507376 kB
Buffers:           36280 kB
Cached:           680656 kB
MemTotal:        1844596 kB
MemFree:          898936 kB
MemAvailable:    1509476 kB
Buffers:           36280 kB
Cached:           680656 kB
MemTotal:        1844596 kB
MemFree:          900140 kB
MemAvailable:    1510680 kB
Buffers:           36280 kB
Cached:           680656 kB
MemTotal:        1844596 kB
MemFree:          899212 kB
MemAvailable:    1509836 kB
Buffers:           36280 kB
Cached:           680740 kB
MemTotal:        1844596 kB
MemFree:          899636 kB
MemAvailable:    1510428 kB
Buffers:           36280 kB
Cached:           680988 kB
MemTotal:        1844596 kB
MemFree:          899972 kB
MemAvailable:    1510764 kB
Buffers:           36280 kB
Cached:           680988 kB
MemTotal:        1844596 kB
MemFree:          899644 kB
MemAvailable:    1510604 kB
Buffers:           36280 kB
Cached:           681112 kB
MemTotal:        1844596 kB
MemFree:          898396 kB
MemAvailable:    1509356 kB
Buffers:           36280 kB
Cached:           681112 kB
MemTotal:        1844596 kB
MemFree:          899572 kB
MemAvailable:    1510700 kB
Buffers:           36280 kB
Cached:           681236 kB
MemTotal:        1844596 kB
MemFree:          899328 kB
MemAvailable:    1510540 kB
Buffers:           36280 kB
Cached:           681360 kB
MemTotal:        1844596 kB
MemFree:          899468 kB
MemAvailable:    1510680 kB
Buffers:           36280 kB
Cached:           681360 kB
MemTotal:        1844596 kB
MemFree:          899148 kB
MemAvailable:    1510360 kB
Buffers:           36280 kB
Cached:           681360 kB
MemTotal:        1844596 kB
MemFree:          899484 kB
MemAvailable:    1510696 kB
Buffers:           36280 kB
Cached:           681360 kB
MemTotal:        1844596 kB
MemFree:          899408 kB
MemAvailable:    1510620 kB
Buffers:           36280 kB
Cached:           681360 kB
MemTotal:        1844596 kB
MemFree:          899380 kB
MemAvailable:    1510592 kB
Buffers:           36280 kB
Cached:           681360 kB
MemTotal:        1844596 kB
MemFree:          899404 kB
MemAvailable:    1510616 kB
Buffers:           36280 kB
Cached:           681360 kB
MemTotal:        1844596 kB
MemFree:          899648 kB
MemAvailable:    1510860 kB
Buffers:           36280 kB
Cached:           681360 kB
MemTotal:        1844596 kB
MemFree:          898212 kB
MemAvailable:    1508836 kB
Buffers:           36280 kB
Cached:           680728 kB
MemTotal:        1844596 kB
MemFree:          965244 kB
MemAvailable:    1575868 kB
Buffers:           36280 kB
Cached:           680728 kB
