MemTotal:        1844596 kB
MemFree:          640420 kB
MemAvailable:    1525160 kB
Buffers:           66648 kB
Cached:           913428 kB
MemTotal:        1844596 kB
MemFree:          638220 kB
MemAvailable:    1522960 kB
Buffers:           66648 kB
Cached:           913428 kB
MemTotal:        1844596 kB
MemFree:          638236 kB
MemAvailable:    1522976 kB
Buffers:           66648 kB
Cached:           913428 kB
MemTotal:        1844596 kB
MemFree:          637040 kB
MemAvailable:    1521780 kB
Buffers:           66648 kB
Cached:           913428 kB
MemTotal:        1844596 kB
MemFree:          636916 kB
MemAvailable:    1521656 kB
Buffers:           66648 kB
Cached:           913428 kB
MemTotal:        1844596 kB
MemFree:          635236 kB
MemAvailable:    1519976 kB
Buffers:           66648 kB
Cached:           913428 kB
MemTotal:        1844596 kB
MemFree:          635236 kB
MemAvailable:    1519976 kB
Buffers:           66648 kB
Cached:           913428 kB
MemTotal:        1844596 kB
MemFree:          631036 kB
MemAvailable:    1515776 kB
Buffers:           66648 kB
Cached:           913428 kB
MemTotal:        1844596 kB
MemFree:          627376 kB
MemAvailable:    1512116 kB
Buffers:           66648 kB
Cached:           913428 kB
MemTotal:        1844596 kB
MemFree:          627004 kB
MemAvailable:    1511744 kB
Buffers:           66648 kB
Cached:           913428 kB
MemTotal:        1844596 kB
MemFree:          625656 kB
MemAvailable:    1510396 kB
Buffers:           66648 kB
Cached:           913428 kB
MemTotal:        1844596 kB
MemFree:          626928 kB
MemAvailable:    1511668 kB
Buffers:           66648 kB
Cached:           913428 kB
MemTotal:        1844596 kB
MemFree:          626928 kB
MemAvailable:    1511668 kB
Buffers:           66648 kB
Cached:           913428 kB
MemTotal:        1844596 kB
MemFree:          626804 kB
MemAvailable:    1511544 kB
Buffers:           66648 kB
Cached:           913428 kB
MemTotal:        1844596 kB
MemFree:          625516 kB
MemAvailable:    1510256 kB
Buffers:           66648 kB
Cached:           913428 kB
MemTotal:        1844596 kB
MemFree:          625936 kB
MemAvailable:    1510676 kB
Buffers:           66648 kB
Cached:           913428 kB
MemTotal:        1844596 kB
MemFree:          625828 kB
MemAvailable:    1510568 kB
Buffers:           66648 kB
Cached:           913428 kB
MemTotal:        1844596 kB
MemFree:          623968 kB
MemAvailable:    1508708 kB
Buffers:           66648 kB
Cached:           913428 kB
MemTotal:        1844596 kB
MemFree:          624580 kB
MemAvailable:    1509320 kB
Buffers:           66648 kB
Cached:           913428 kB
MemTotal:        1844596 kB
MemFree:          624580 kB
MemAvailable:    1509320 kB
Buffers:           66648 kB
Cached:           913428 kB
MemTotal:        1844596 kB
MemFree:          624416 kB
MemAvailable:    1509156 kB
Buffers:           66648 kB
Cached:           913428 kB
MemTotal:        1844596 kB
MemFree:          624588 kB
MemAvailable:    1509328 kB
Buffers:           66648 kB
Cached:           913428 kB
MemTotal:        1844596 kB
MemFree:          623216 kB
MemAvailable:    1507956 kB
Buffers:           66648 kB
Cached:           913428 kB
MemTotal:        1844596 kB
MemFree:          624408 kB
MemAvailable:    1509148 kB
Buffers:           66648 kB
Cached:           913428 kB
MemTotal:        1844596 kB
MemFree:          624660 kB
MemAvailable:    1509400 kB
Buffers:           66648 kB
Cached:           913428 kB
MemTotal:        1844596 kB
MemFree:          623176 kB
MemAvailable:    1507916 kB
Buffers:           66648 kB
Cached:           913428 kB
MemTotal:        1844596 kB
MemFree:          625748 kB
MemAvailable:    1510488 kB
Buffers:           66648 kB
Cached:           913428 kB
MemTotal:        1844596 kB
MemFree:          625828 kB
MemAvailable:    1510568 kB
Buffers:           66648 kB
Cached:           913428 kB
MemTotal:        1844596 kB
MemFree:          624268 kB
MemAvailable:    1509012 kB
Buffers:           66648 kB
Cached:           913432 kB
MemTotal:        1844596 kB
MemFree:          622604 kB
MemAvailable:    1507348 kB
Buffers:           66648 kB
Cached:           913432 kB
MemTotal:        1844596 kB
MemFree:          622092 kB
MemAvailable:    1506836 kB
Buffers:           66648 kB
Cached:           913432 kB
MemTotal:        1844596 kB
MemFree:          622092 kB
MemAvailable:    1506836 kB
Buffers:           66648 kB
Cached:           913432 kB
MemTotal:        1844596 kB
MemFree:          621364 kB
MemAvailable:    1506108 kB
Buffers:           66648 kB
Cached:           913432 kB
MemTotal:        1844596 kB
MemFree:          621292 kB
MemAvailable:    1506036 kB
Buffers:           66648 kB
Cached:           913432 kB
MemTotal:        1844596 kB
MemFree:          620356 kB
MemAvailable:    1505100 kB
Buffers:           66648 kB
Cached:           913432 kB
MemTotal:        1844596 kB
MemFree:          619752 kB
MemAvailable:    1504496 kB
Buffers:           66648 kB
Cached:           913432 kB
MemTotal:        1844596 kB
MemFree:          620360 kB
MemAvailable:    1505104 kB
Buffers:           66648 kB
Cached:           913432 kB
MemTotal:        1844596 kB
MemFree:          620312 kB
MemAvailable:    1505056 kB
Buffers:           66648 kB
Cached:           913432 kB
MemTotal:        1844596 kB
MemFree:          619504 kB
MemAvailable:    1504248 kB
Buffers:           66648 kB
Cached:           913432 kB
MemTotal:        1844596 kB
MemFree:          620180 kB
MemAvailable:    1504924 kB
Buffers:           66648 kB
Cached:           913432 kB
MemTotal:        1844596 kB
MemFree:          620432 kB
MemAvailable:    1505176 kB
Buffers:           66648 kB
Cached:           913432 kB
MemTotal:        1844596 kB
MemFree:          620060 kB
MemAvailable:    1504804 kB
Buffers:           66648 kB
Cached:           913432 kB
MemTotal:        1844596 kB
MemFree:          619324 kB
MemAvailable:    1504068 kB
Buffers:           66648 kB
Cached:           913432 kB
MemTotal:        1844596 kB
MemFree:          619920 kB
MemAvailable:    1504664 kB
Buffers:           66648 kB
Cached:           913432 kB
MemTotal:        1844596 kB
MemFree:          619008 kB
MemAvailable:    1503752 kB
Buffers:           66648 kB
Cached:           913432 kB
MemTotal:        1844596 kB
MemFree:          617752 kB
MemAvailable:    1502496 kB
Buffers:           66648 kB
Cached:           913432 kB
MemTotal:        1844596 kB
MemFree:          618000 kB
MemAvailable:    1502744 kB
Buffers:           66648 kB
Cached:           913432 kB
MemTotal:        1844596 kB
MemFree:          619372 kB
MemAvailable:    1504116 kB
Buffers:           66648 kB
Cached:           913432 kB
MemTotal:        1844596 kB
MemFree:          619548 kB
MemAvailable:    1504292 kB
Buffers:           66648 kB
Cached:           913432 kB
MemTotal:        1844596 kB
MemFree:          619236 kB
MemAvailable:    1503980 kB
Buffers:           66648 kB
Cached:           913432 kB
MemTotal:        1844596 kB
MemFree:          619180 kB
MemAvailable:    1503924 kB
Buffers:           66648 kB
Cached:           913432 kB
MemTotal:        1844596 kB
MemFree:          619432 kB
MemAvailable:    1504176 kB
Buffers:           66648 kB
Cached:           913432 kB
MemTotal:        1844596 kB
MemFree:          619368 kB
MemAvailable:    1504112 kB
Buffers:           66648 kB
Cached:           913432 kB
MemTotal:        1844596 kB
MemFree:          618120 kB
MemAvailable:    1502864 kB
Buffers:           66648 kB
Cached:           913432 kB
MemTotal:        1844596 kB
MemFree:          619096 kB
MemAvailable:    1503840 kB
Buffers:           66648 kB
Cached:           913432 kB
MemTotal:        1844596 kB
MemFree:          619008 kB
MemAvailable:    1503752 kB
Buffers:           66648 kB
Cached:           913432 kB
MemTotal:        1844596 kB
MemFree:          618828 kB
MemAvailable:    1503572 kB
Buffers:           66648 kB
Cached:           913432 kB
MemTotal:        1844596 kB
MemFree:          617624 kB
MemAvailable:    1502368 kB
Buffers:           66648 kB
Cached:           913432 kB
MemTotal:        1844596 kB
MemFree:          618732 kB
MemAvailable:    1503476 kB
Buffers:           66648 kB
Cached:           913432 kB
MemTotal:        1844596 kB
MemFree:          618644 kB
MemAvailable:    1503388 kB
Buffers:           66648 kB
Cached:           913432 kB
MemTotal:        1844596 kB
MemFree:          618380 kB
MemAvailable:    1503124 kB
Buffers:           66648 kB
Cached:           913432 kB
MemTotal:        1844596 kB
MemFree:          617132 kB
MemAvailable:    1501876 kB
Buffers:           66648 kB
Cached:           913432 kB
MemTotal:        1844596 kB
MemFree:          617264 kB
MemAvailable:    1502008 kB
Buffers:           66648 kB
Cached:           913432 kB
MemTotal:        1844596 kB
MemFree:          618620 kB
MemAvailable:    1503364 kB
Buffers:           66648 kB
Cached:           913432 kB
MemTotal:        1844596 kB
MemFree:          617264 kB
MemAvailable:    1502008 kB
Buffers:           66648 kB
Cached:           913432 kB
MemTotal:        1844596 kB
MemFree:          617380 kB
MemAvailable:    1502124 kB
Buffers:           66648 kB
Cached:           913432 kB
MemTotal:        1844596 kB
MemFree:          617388 kB
MemAvailable:    1502132 kB
Buffers:           66648 kB
Cached:           913432 kB
MemTotal:        1844596 kB
MemFree:          618496 kB
MemAvailable:    1503240 kB
Buffers:           66648 kB
Cached:           913432 kB
MemTotal:        1844596 kB
MemFree:          616952 kB
MemAvailable:    1501696 kB
Buffers:           66648 kB
Cached:           913432 kB
MemTotal:        1844596 kB
MemFree:          614040 kB
MemAvailable:    1498784 kB
Buffers:           66648 kB
Cached:           913432 kB
MemTotal:        1844596 kB
MemFree:          614040 kB
MemAvailable:    1498784 kB
Buffers:           66648 kB
Cached:           913432 kB
MemTotal:        1844596 kB
MemFree:          610940 kB
MemAvailable:    1495684 kB
Buffers:           66648 kB
Cached:           913432 kB
MemTotal:        1844596 kB
MemFree:          611024 kB
MemAvailable:    1495768 kB
Buffers:           66648 kB
Cached:           913432 kB
MemTotal:        1844596 kB
MemFree:          610692 kB
MemAvailable:    1495436 kB
Buffers:           66648 kB
Cached:           913432 kB
MemTotal:        1844596 kB
MemFree:          609444 kB
MemAvailable:    1494188 kB
Buffers:           66648 kB
Cached:           913432 kB
MemTotal:        1844596 kB
MemFree:          610428 kB
MemAvailable:    1495172 kB
Buffers:           66648 kB
Cached:           913432 kB
MemTotal:        1844596 kB
MemFree:          610584 kB
MemAvailable:    1495328 kB
Buffers:           66648 kB
Cached:           913432 kB
MemTotal:        1844596 kB
MemFree:          610140 kB
MemAvailable:    1494884 kB
Buffers:           66648 kB
Cached:           913432 kB
MemTotal:        1844596 kB
MemFree:          610476 kB
MemAvailable:    1495220 kB
Buffers:           66648 kB
Cached:           913432 kB
MemTotal:        1844596 kB
MemFree:          610260 kB
MemAvailable:    1495004 kB
Buffers:           66648 kB
Cached:           913432 kB
MemTotal:        1844596 kB
MemFree:          610512 kB
MemAvailable:    1495256 kB
Buffers:           66648 kB
Cached:           913432 kB
MemTotal:        1844596 kB
MemFree:          610300 kB
MemAvailable:    1495044 kB
Buffers:           66648 kB
Cached:           913432 kB
MemTotal:        1844596 kB
MemFree:          610636 kB
MemAvailable:    1495380 kB
Buffers:           66648 kB
Cached:           913432 kB
MemTotal:        1844596 kB
MemFree:          609184 kB
MemAvailable:    1493928 kB
Buffers:           66648 kB
Cached:           913432 kB
MemTotal:        1844596 kB
MemFree:          609192 kB
MemAvailable:    1493936 kB
Buffers:           66648 kB
Cached:           913432 kB
MemTotal:        1844596 kB
MemFree:          609316 kB
MemAvailable:    1494060 kB
Buffers:           66648 kB
Cached:           913432 kB
MemTotal:        1844596 kB
MemFree:          610016 kB
MemAvailable:    1494760 kB
Buffers:           66648 kB
Cached:           913432 kB
MemTotal:        1844596 kB
MemFree:          608576 kB
MemAvailable:    1493320 kB
Buffers:           66648 kB
Cached:           913432 kB
MemTotal:        1844596 kB
MemFree:          609520 kB
MemAvailable:    1494264 kB
Buffers:           66648 kB
Cached:           913432 kB
MemTotal:        1844596 kB
MemFree:          607972 kB
MemAvailable:    1492716 kB
Buffers:           66648 kB
Cached:           913432 kB
MemTotal:        1844596 kB
MemFree:          607840 kB
MemAvailable:    1492584 kB
Buffers:           66648 kB
Cached:           913432 kB
MemTotal:        1844596 kB
MemFree:          608700 kB
MemAvailable:    1493444 kB
Buffers:           66648 kB
Cached:           913432 kB
MemTotal:        1844596 kB
MemFree:          608700 kB
MemAvailable:    1493444 kB
Buffers:           66648 kB
Cached:           913432 kB
MemTotal:        1844596 kB
MemFree:          608088 kB
MemAvailable:    1492832 kB
Buffers:           66648 kB
Cached:           913432 kB
MemTotal:        1844596 kB
MemFree:          607724 kB
MemAvailable:    1492468 kB
Buffers:           66648 kB
Cached:           913432 kB
MemTotal:        1844596 kB
MemFree:          605864 kB
MemAvailable:    1490608 kB
Buffers:           66648 kB
Cached:           913432 kB
MemTotal:        1844596 kB
MemFree:          606664 kB
MemAvailable:    1491408 kB
Buffers:           66648 kB
Cached:           913432 kB
MemTotal:        1844596 kB
MemFree:          606888 kB
MemAvailable:    1491632 kB
Buffers:           66648 kB
Cached:           913432 kB
MemTotal:        1844596 kB
MemFree:          606768 kB
MemAvailable:    1491512 kB
Buffers:           66648 kB
Cached:           913432 kB
MemTotal:        1844596 kB
MemFree:          605188 kB
MemAvailable:    1489932 kB
Buffers:           66648 kB
Cached:           913432 kB
MemTotal:        1844596 kB
MemFree:          605188 kB
MemAvailable:    1489932 kB
Buffers:           66648 kB
Cached:           913432 kB
MemTotal:        1844596 kB
MemFree:          605312 kB
MemAvailable:    1490056 kB
Buffers:           66648 kB
Cached:           913432 kB
MemTotal:        1844596 kB
MemFree:          606468 kB
MemAvailable:    1491224 kB
Buffers:           66648 kB
Cached:           913444 kB
MemTotal:        1844596 kB
MemFree:          606692 kB
MemAvailable:    1491448 kB
Buffers:           66648 kB
Cached:           913444 kB
MemTotal:        1844596 kB
MemFree:          606556 kB
MemAvailable:    1491312 kB
Buffers:           66648 kB
Cached:           913444 kB
MemTotal:        1844596 kB
MemFree:          606632 kB
MemAvailable:    1491388 kB
Buffers:           66648 kB
Cached:           913444 kB
MemTotal:        1844596 kB
MemFree:          606128 kB
MemAvailable:    1490884 kB
Buffers:           66648 kB
Cached:           913444 kB
MemTotal:        1844596 kB
MemFree:          606056 kB
MemAvailable:    1490812 kB
Buffers:           66648 kB
Cached:           913444 kB
MemTotal:        1844596 kB
MemFree:          604880 kB
MemAvailable:    1489636 kB
Buffers:           66648 kB
Cached:           913444 kB
MemTotal:        1844596 kB
MemFree:          601284 kB
MemAvailable:    1486040 kB
Buffers:           66648 kB
Cached:           913444 kB
MemTotal:        1844596 kB
MemFree:          601176 kB
MemAvailable:    1485932 kB
Buffers:           66648 kB
Cached:           913444 kB
MemTotal:        1844596 kB
MemFree:          599748 kB
MemAvailable:    1484504 kB
Buffers:           66648 kB
Cached:           913444 kB
MemTotal:        1844596 kB
MemFree:          600968 kB
MemAvailable:    1485724 kB
Buffers:           66648 kB
Cached:           913444 kB
MemTotal:        1844596 kB
MemFree:          599744 kB
MemAvailable:    1484500 kB
Buffers:           66648 kB
Cached:           913444 kB
MemTotal:        1844596 kB
MemFree:          599488 kB
MemAvailable:    1484244 kB
Buffers:           66648 kB
Cached:           913444 kB
MemTotal:        1844596 kB
MemFree:          600588 kB
MemAvailable:    1485344 kB
Buffers:           66648 kB
Cached:           913444 kB
MemTotal:        1844596 kB
MemFree:          600588 kB
MemAvailable:    1485344 kB
Buffers:           66648 kB
Cached:           913444 kB
MemTotal:        1844596 kB
MemFree:          600484 kB
MemAvailable:    1485240 kB
Buffers:           66648 kB
Cached:           913444 kB
MemTotal:        1844596 kB
MemFree:          600820 kB
MemAvailable:    1485576 kB
Buffers:           66648 kB
Cached:           913444 kB
MemTotal:        1844596 kB
MemFree:          599244 kB
MemAvailable:    1484000 kB
Buffers:           66648 kB
Cached:           913444 kB
MemTotal:        1844596 kB
MemFree:          600360 kB
MemAvailable:    1485116 kB
Buffers:           66648 kB
Cached:           913444 kB
MemTotal:        1844596 kB
MemFree:          599168 kB
MemAvailable:    1483924 kB
Buffers:           66648 kB
Cached:           913444 kB
MemTotal:        1844596 kB
MemFree:          599252 kB
MemAvailable:    1484008 kB
Buffers:           66648 kB
Cached:           913444 kB
MemTotal:        1844596 kB
MemFree:          597688 kB
MemAvailable:    1482444 kB
Buffers:           66648 kB
Cached:           913444 kB
MemTotal:        1844596 kB
MemFree:          597944 kB
MemAvailable:    1482700 kB
Buffers:           66648 kB
Cached:           913444 kB
MemTotal:        1844596 kB
MemFree:          596316 kB
MemAvailable:    1481072 kB
Buffers:           66648 kB
Cached:           913444 kB
MemTotal:        1844596 kB
MemFree:          596456 kB
MemAvailable:    1481212 kB
Buffers:           66648 kB
Cached:           913444 kB
MemTotal:        1844596 kB
MemFree:          597572 kB
MemAvailable:    1482328 kB
Buffers:           66648 kB
Cached:           913444 kB
MemTotal:        1844596 kB
MemFree:          599240 kB
MemAvailable:    1483996 kB
Buffers:           66648 kB
Cached:           913444 kB
MemTotal:        1844596 kB
MemFree:          599496 kB
MemAvailable:    1484252 kB
Buffers:           66648 kB
Cached:           913444 kB
MemTotal:        1844596 kB
MemFree:          598144 kB
MemAvailable:    1482900 kB
Buffers:           66648 kB
Cached:           913444 kB
MemTotal:        1844596 kB
MemFree:          599296 kB
MemAvailable:    1484220 kB
Buffers:           66648 kB
Cached:           913568 kB
MemTotal:        1844596 kB
MemFree:          598440 kB
MemAvailable:    1483364 kB
Buffers:           66648 kB
Cached:           913692 kB
MemTotal:        1844596 kB
MemFree:          598864 kB
MemAvailable:    1483956 kB
Buffers:           66648 kB
Cached:           913816 kB
MemTotal:        1844596 kB
MemFree:          599200 kB
MemAvailable:    1484292 kB
Buffers:           66648 kB
Cached:           913816 kB
MemTotal:        1844596 kB
MemFree:          597624 kB
MemAvailable:    1482884 kB
Buffers:           66648 kB
Cached:           914064 kB
MemTotal:        1844596 kB
MemFree:          598872 kB
MemAvailable:    1484132 kB
Buffers:           66648 kB
Cached:           914064 kB
MemTotal:        1844596 kB
MemFree:          598316 kB
MemAvailable:    1483576 kB
Buffers:           66648 kB
Cached:           914064 kB
MemTotal:        1844596 kB
MemFree:          598500 kB
MemAvailable:    1483844 kB
Buffers:           66648 kB
Cached:           914064 kB
MemTotal:        1844596 kB
MemFree:          598836 kB
MemAvailable:    1484180 kB
Buffers:           66648 kB
Cached:           914064 kB
MemTotal:        1844596 kB
MemFree:          598992 kB
MemAvailable:    1484336 kB
Buffers:           66648 kB
Cached:           914064 kB
MemTotal:        1844596 kB
MemFree:          598976 kB
MemAvailable:    1484320 kB
Buffers:           66648 kB
Cached:           914064 kB
MemTotal:        1844596 kB
MemFree:          598976 kB
MemAvailable:    1484320 kB
Buffers:           66648 kB
Cached:           914064 kB
MemTotal:        1844596 kB
MemFree:          597532 kB
MemAvailable:    1482876 kB
Buffers:           66648 kB
Cached:           914064 kB
MemTotal:        1844596 kB
MemFree:          598904 kB
MemAvailable:    1484332 kB
Buffers:           66648 kB
Cached:           914188 kB
MemTotal:        1844596 kB
MemFree:          630272 kB
MemAvailable:    1515112 kB
Buffers:           66648 kB
Cached:           913516 kB
