MemTotal:        1844596 kB
MemFree:          619172 kB
MemAvailable:    1520772 kB
Buffers:           68192 kB
Cached:           926560 kB
MemTotal:        1844596 kB
MemFree:          619916 kB
MemAvailable:    1521516 kB
Buffers:           68192 kB
Cached:           926560 kB
MemTotal:        1844596 kB
MemFree:          618544 kB
MemAvailable:    1520144 kB
Buffers:           68192 kB
Cached:           926560 kB
MemTotal:        1844596 kB
MemFree:          616992 kB
MemAvailable:    1518592 kB
Buffers:           68192 kB
Cached:           926560 kB
MemTotal:        1844596 kB
MemFree:          616808 kB
MemAvailable:    1518408 kB
Buffers:           68192 kB
Cached:           926560 kB
MemTotal:        1844596 kB
MemFree:          613584 kB
MemAvailable:    1515184 kB
Buffers:           68192 kB
Cached:           926560 kB
MemTotal:        1844596 kB
MemFree:          611476 kB
MemAvailable:    1513076 kB
Buffers:           68192 kB
Cached:           926560 kB
MemTotal:        1844596 kB
MemFree:          606880 kB
MemAvailable:    1508480 kB
Buffers:           68192 kB
Cached:           926560 kB
MemTotal:        1844596 kB
MemFree:          606880 kB
MemAvailable:    1508480 kB
Buffers:           68192 kB
Cached:           926560 kB
MemTotal:        1844596 kB
MemFree:          605568 kB
MemAvailable:    1507168 kB
Buffers:           68192 kB
Cached:           926560 kB
MemTotal:        1844596 kB
MemFree:          607020 kB
MemAvailable:    1508620 kB
Buffers:           68192 kB
Cached:           926560 kB
MemTotal:        1844596 kB
MemFree:          606772 kB
MemAvailable:    1508372 kB
Buffers:           68192 kB
Cached:           926560 kB
MemTotal:        1844596 kB
MemFree:          606980 kB
MemAvailable:    1508580 kB
Buffers:           68192 kB
Cached:           926560 kB
MemTotal:        1844596 kB
MemFree:          606500 kB
MemAvailable:    1508100 kB
Buffers:           68192 kB
Cached:           926560 kB
MemTotal:        1844596 kB
MemFree:          606500 kB
MemAvailable:    1508100 kB
Buffers:           68192 kB
Cached:           926560 kB
MemTotal:        1844596 kB
MemFree:          605268 kB
MemAvailable:    1506868 kB
Buffers:           68192 kB
Cached:           926560 kB
MemTotal:        1844596 kB
MemFree:          605604 kB
MemAvailable:    1507204 kB
Buffers:           68192 kB
Cached:           926560 kB
MemTotal:        1844596 kB
MemFree:          604408 kB
MemAvailable:    1506008 kB
Buffers:           68192 kB
Cached:           926560 kB
MemTotal:        1844596 kB
MemFree:          604492 kB
MemAvailable:    1506092 kB
Buffers:           68192 kB
Cached:           926560 kB
MemTotal:        1844596 kB
MemFree:          604104 kB
MemAvailable:    1505704 kB
Buffers:           68192 kB
Cached:           926560 kB
MemTotal:        1844596 kB
MemFree:          604440 kB
MemAvailable:    1506040 kB
Buffers:           68192 kB
Cached:           926560 kB
MemTotal:        1844596 kB
MemFree:          603156 kB
MemAvailable:    1504756 kB
Buffers:           68192 kB
Cached:           926560 kB
MemTotal:        1844596 kB
MemFree:          604272 kB
MemAvailable:    1505872 kB
Buffers:           68192 kB
Cached:           926560 kB
MemTotal:        1844596 kB
MemFree:          604528 kB
MemAvailable:    1506128 kB
Buffers:           68192 kB
Cached:           926560 kB
MemTotal:        1844596 kB
MemFree:          605468 kB
MemAvailable:    1507068 kB
Buffers:           68192 kB
Cached:           926560 kB
MemTotal:        1844596 kB
MemFree:          604372 kB
MemAvailable:    1505972 kB
Buffers:           68192 kB
Cached:           926560 kB
MemTotal:        1844596 kB
MemFree:          604368 kB
MemAvailable:    1505968 kB
Buffers:           68192 kB
Cached:           926560 kB
MemTotal:        1844596 kB
MemFree:          603540 kB
MemAvailable:    1505140 kB
Buffers:           68192 kB
Cached:           926560 kB
MemTotal:        1844596 kB
MemFree:          603416 kB
MemAvailable:    1505016 kB
Buffers:           68192 kB
Cached:           926560 kB
MemTotal:        1844596 kB
MemFree:          601920 kB
MemAvailable:    1503520 kB
Buffers:           68192 kB
Cached:           926560 kB
MemTotal:        1844596 kB
MemFree:          601796 kB
MemAvailable:    1503396 kB
Buffers:           68192 kB
Cached:           926560 kB
MemTotal:        1844596 kB
MemFree:          601620 kB
MemAvailable:    1503220 kB
Buffers:           68192 kB
Cached:           926560 kB
MemTotal:        1844596 kB
MemFree:          601252 kB
MemAvailable:    1502852 kB
Buffers:           68192 kB
Cached:           926560 kB
MemTotal:        1844596 kB
MemFree:          599324 kB
MemAvailable:    1500924 kB
Buffers:           68192 kB
Cached:           926560 kB
MemTotal:        1844596 kB
MemFree:          600564 kB
MemAvailable:    1502164 kB
Buffers:           68192 kB
Cached:           926560 kB
MemTotal:        1844596 kB
MemFree:          599192 kB
MemAvailable:    1500792 kB
Buffers:           68192 kB
Cached:           926560 kB
MemTotal:        1844596 kB
MemFree:          600260 kB
MemAvailable:    1501860 kB
Buffers:           68192 kB
Cached:           926560 kB
MemTotal:        1844596 kB
MemFree:          600276 kB
MemAvailable:    1501880 kB
Buffers:           68192 kB
Cached:           926564 kB
MemTotal:        1844596 kB
MemFree:          599340 kB
MemAvailable:    1500944 kB
Buffers:           68192 kB
Cached:           926564 kB
MemTotal:        1844596 kB
MemFree:          599332 kB
MemAvailable:    1500940 kB
Buffers:           68192 kB
Cached:           926568 kB
MemTotal:        1844596 kB
MemFree:          599812 kB
MemAvailable:    1501420 kB
Buffers:           68192 kB
Cached:           926568 kB
MemTotal:        1844596 kB
MemFree:          599704 kB
MemAvailable:    1501312 kB
Buffers:           68192 kB
Cached:           926568 kB
MemTotal:        1844596 kB
MemFree:          599516 kB
MemAvailable:    1501124 kB
Buffers:           68192 kB
Cached:           926568 kB
MemTotal:        1844596 kB
MemFree:          599772 kB
MemAvailable:    1501380 kB
Buffers:           68192 kB
Cached:           926568 kB
MemTotal:        1844596 kB
MemFree:          599068 kB
MemAvailable:    1500676 kB
Buffers:           68192 kB
Cached:           926568 kB
MemTotal:        1844596 kB
MemFree:          599144 kB
MemAvailable:    1500752 kB
Buffers:           68192 kB
Cached:           926568 kB
MemTotal:        1844596 kB
MemFree:          599144 kB
MemAvailable:    1500752 kB
Buffers:           68192 kB
Cached:           926568 kB
MemTotal:        1844596 kB
MemFree:          599028 kB
MemAvailable:    1500636 kB
Buffers:           68192 kB
Cached:           926568 kB
MemTotal:        1844596 kB
MemFree:          599284 kB
MemAvailable:    1500892 kB
Buffers:           68192 kB
Cached:           926568 kB
MemTotal:        1844596 kB
MemFree:          598040 kB
MemAvailable:    1499648 kB
Buffers:           68192 kB
Cached:           926568 kB
MemTotal:        1844596 kB
MemFree:          597784 kB
MemAvailable:    1499392 kB
Buffers:           68192 kB
Cached:           926568 kB
MemTotal:        1844596 kB
MemFree:          599016 kB
MemAvailable:    1500624 kB
Buffers:           68192 kB
Cached:           926568 kB
MemTotal:        1844596 kB
MemFree:          599212 kB
MemAvailable:    1500820 kB
Buffers:           68192 kB
Cached:           926568 kB
MemTotal:        1844596 kB
MemFree:          599080 kB
MemAvailable:    1500688 kB
Buffers:           68192 kB
Cached:           926568 kB
MemTotal:        1844596 kB
MemFree:          598948 kB
MemAvailable:    1500556 kB
Buffers:           68192 kB
Cached:           926568 kB
MemTotal:        1844596 kB
MemFree:          598692 kB
MemAvailable:    1500300 kB
Buffers:           68192 kB
Cached:           926568 kB
MemTotal:        1844596 kB
MemFree:          597348 kB
MemAvailable:    1498956 kB
Buffers:           68192 kB
Cached:           926568 kB
MemTotal:        1844596 kB
MemFree:          597720 kB
MemAvailable:    1499328 kB
Buffers:           68192 kB
Cached:           926568 kB
MemTotal:        1844596 kB
MemFree:          598464 kB
MemAvailable:    1500072 kB
Buffers:           68192 kB
Cached:           926568 kB
MemTotal:        1844596 kB
MemFree:          598292 kB
MemAvailable:    1499900 kB
Buffers:           68192 kB
Cached:           926568 kB
MemTotal:        1844596 kB
MemFree:          597088 kB
MemAvailable:    1498696 kB
Buffers:           68192 kB
Cached:           926568 kB
MemTotal:        1844596 kB
MemFree:          598024 kB
MemAvailable:    1499632 kB
Buffers:           68192 kB
Cached:           926568 kB
MemTotal:        1844596 kB
MemFree:          598276 kB
MemAvailable:    1499884 kB
Buffers:           68192 kB
Cached:           926568 kB
MemTotal:        1844596 kB
MemFree:          596836 kB
MemAvailable:    1498444 kB
Buffers:           68192 kB
Cached:           926568 kB
MemTotal:        1844596 kB
MemFree:          598208 kB
MemAvailable:    1499816 kB
Buffers:           68192 kB
Cached:           926568 kB
MemTotal:        1844596 kB
MemFree:          598152 kB
MemAvailable:    1499760 kB
Buffers:           68192 kB
Cached:           926568 kB
MemTotal:        1844596 kB
MemFree:          598320 kB
MemAvailable:    1499928 kB
Buffers:           68192 kB
Cached:           926568 kB
MemTotal:        1844596 kB
MemFree:          596232 kB
MemAvailable:    1497840 kB
Buffers:           68192 kB
Cached:           926568 kB
MemTotal:        1844596 kB
MemFree:          594364 kB
MemAvailable:    1495972 kB
Buffers:           68192 kB
Cached:           926568 kB
MemTotal:        1844596 kB
MemFree:          591644 kB
MemAvailable:    1493252 kB
Buffers:           68192 kB
Cached:           926568 kB
MemTotal:        1844596 kB
MemFree:          590712 kB
MemAvailable:    1492320 kB
Buffers:           68192 kB
Cached:           926568 kB
MemTotal:        1844596 kB
MemFree:          590704 kB
MemAvailable:    1492312 kB
Buffers:           68192 kB
Cached:           926568 kB
MemTotal:        1844596 kB
MemFree:          590512 kB
MemAvailable:    1492120 kB
Buffers:           68192 kB
Cached:           926568 kB
MemTotal:        1844596 kB
MemFree:          590572 kB
MemAvailable:    1492180 kB
Buffers:           68192 kB
Cached:           926568 kB
MemTotal:        1844596 kB
MemFree:          589288 kB
MemAvailable:    1490896 kB
Buffers:           68192 kB
Cached:           926568 kB
MemTotal:        1844596 kB
MemFree:          590364 kB
MemAvailable:    1491972 kB
Buffers:           68192 kB
Cached:           926568 kB
MemTotal:        1844596 kB
MemFree:          590140 kB
MemAvailable:    1491748 kB
Buffers:           68192 kB
Cached:           926568 kB
MemTotal:        1844596 kB
MemFree:          590224 kB
MemAvailable:    1491832 kB
Buffers:           68192 kB
Cached:           926568 kB
MemTotal:        1844596 kB
MemFree:          590092 kB
MemAvailable:    1491700 kB
Buffers:           68192 kB
Cached:           926568 kB
MemTotal:        1844596 kB
MemFree:          590348 kB
MemAvailable:    1491956 kB
Buffers:           68192 kB
Cached:           926568 kB
MemTotal:        1844596 kB
MemFree:          590272 kB
MemAvailable:    1491880 kB
Buffers:           68192 kB
Cached:           926568 kB
MemTotal:        1844596 kB
MemFree:          590272 kB
MemAvailable:    1491880 kB
Buffers:           68192 kB
Cached:           926568 kB
MemTotal:        1844596 kB
MemFree:          590284 kB
MemAvailable:    1491892 kB
Buffers:           68192 kB
Cached:           926568 kB
MemTotal:        1844596 kB
MemFree:          589152 kB
MemAvailable:    1490760 kB
Buffers:           68192 kB
Cached:           926568 kB
MemTotal:        1844596 kB
MemFree:          590268 kB
MemAvailable:    1491876 kB
Buffers:           68192 kB
Cached:           926568 kB
MemTotal:        1844596 kB
MemFree:          590128 kB
MemAvailable:    1491736 kB
Buffers:           68192 kB
Cached:           926568 kB
MemTotal:        1844596 kB
MemFree:          589852 kB
MemAvailable:    1491460 kB
Buffers:           68192 kB
Cached:           926568 kB
MemTotal:        1844596 kB
MemFree:          589156 kB
MemAvailable:    1490764 kB
Buffers:           68192 kB
Cached:           926568 kB
MemTotal:        1844596 kB
MemFree:          589240 kB
MemAvailable:    1490848 kB
Buffers:           68192 kB
Cached:           926568 kB
MemTotal:        1844596 kB
MemFree:          588652 kB
MemAvailable:    1490260 kB
Buffers:           68192 kB
Cached:           926568 kB
MemTotal:        1844596 kB
MemFree:          588988 kB
MemAvailable:    1490596 kB
Buffers:           68192 kB
Cached:           926568 kB
MemTotal:        1844596 kB
MemFree:          587296 kB
MemAvailable:    1488904 kB
Buffers:           68192 kB
Cached:           926568 kB
MemTotal:        1844596 kB
MemFree:          588048 kB
MemAvailable:    1489656 kB
Buffers:           68192 kB
Cached:           926568 kB
MemTotal:        1844596 kB
MemFree:          587604 kB
MemAvailable:    1489212 kB
Buffers:           68192 kB
Cached:           926568 kB
MemTotal:        1844596 kB
MemFree:          586312 kB
MemAvailable:    1487920 kB
Buffers:           68192 kB
Cached:           926568 kB
MemTotal:        1844596 kB
MemFree:          585684 kB
MemAvailable:    1487292 kB
Buffers:           68192 kB
Cached:           926568 kB
MemTotal:        1844596 kB
MemFree:          586544 kB
MemAvailable:    1488152 kB
Buffers:           68192 kB
Cached:           926568 kB
MemTotal:        1844596 kB
MemFree:          586880 kB
MemAvailable:    1488488 kB
Buffers:           68192 kB
Cached:           926568 kB
MemTotal:        1844596 kB
MemFree:          586388 kB
MemAvailable:    1487996 kB
Buffers:           68192 kB
Cached:           926568 kB
MemTotal:        1844596 kB
MemFree:          586388 kB
MemAvailable:    1487996 kB
Buffers:           68192 kB
Cached:           926568 kB
MemTotal:        1844596 kB
MemFree:          586364 kB
MemAvailable:    1487972 kB
Buffers:           68192 kB
Cached:           926568 kB
MemTotal:        1844596 kB
MemFree:          586448 kB
MemAvailable:    1488056 kB
Buffers:           68192 kB
Cached:           926568 kB
MemTotal:        1844596 kB
MemFree:          585692 kB
MemAvailable:    1487300 kB
Buffers:           68192 kB
Cached:           926568 kB
MemTotal:        1844596 kB
MemFree:          586424 kB
MemAvailable:    1488032 kB
Buffers:           68192 kB
Cached:           926568 kB
MemTotal:        1844596 kB
MemFree:          586372 kB
MemAvailable:    1487980 kB
Buffers:           68192 kB
Cached:           926568 kB
MemTotal:        1844596 kB
MemFree:          586124 kB
MemAvailable:    1487732 kB
Buffers:           68192 kB
Cached:           926568 kB
MemTotal:        1844596 kB
MemFree:          585792 kB
MemAvailable:    1487400 kB
Buffers:           68192 kB
Cached:           926568 kB
MemTotal:        1844596 kB
MemFree:          585792 kB
MemAvailable:    1487400 kB
Buffers:           68192 kB
Cached:           926568 kB
MemTotal:        1844596 kB
MemFree:          581104 kB
MemAvailable:    1482712 kB
Buffers:           68192 kB
Cached:           926568 kB
MemTotal:        1844596 kB
MemFree:          579732 kB
MemAvailable:    1481340 kB
Buffers:           68192 kB
Cached:           926568 kB
MemTotal:        1844596 kB
MemFree:          580808 kB
MemAvailable:    1482416 kB
Buffers:           68192 kB
Cached:           926568 kB
MemTotal:        1844596 kB
MemFree:          580976 kB
MemAvailable:    1482584 kB
Buffers:           68192 kB
Cached:           926568 kB
MemTotal:        1844596 kB
MemFree:          580684 kB
MemAvailable:    1482292 kB
Buffers:           68192 kB
Cached:           926568 kB
MemTotal:        1844596 kB
MemFree:          580780 kB
MemAvailable:    1482388 kB
Buffers:           68192 kB
Cached:           926568 kB
MemTotal:        1844596 kB
MemFree:          580608 kB
MemAvailable:    1482216 kB
Buffers:           68192 kB
Cached:           926568 kB
MemTotal:        1844596 kB
MemFree:          580628 kB
MemAvailable:    1482244 kB
Buffers:           68192 kB
Cached:           926576 kB
MemTotal:        1844596 kB
MemFree:          580668 kB
MemAvailable:    1482284 kB
Buffers:           68192 kB
Cached:           926576 kB
MemTotal:        1844596 kB
MemFree:          580496 kB
MemAvailable:    1482112 kB
Buffers:           68192 kB
Cached:           926576 kB
MemTotal:        1844596 kB
MemFree:          580188 kB
MemAvailable:    1481804 kB
Buffers:           68192 kB
Cached:           926576 kB
MemTotal:        1844596 kB
MemFree:          580524 kB
MemAvailable:    1482140 kB
Buffers:           68192 kB
Cached:           926576 kB
MemTotal:        1844596 kB
MemFree:          579632 kB
MemAvailable:    1481248 kB
Buffers:           68192 kB
Cached:           926576 kB
MemTotal:        1844596 kB
MemFree:          578516 kB
MemAvailable:    1480132 kB
Buffers:           68192 kB
Cached:           926576 kB
MemTotal:        1844596 kB
MemFree:          577508 kB
MemAvailable:    1479124 kB
Buffers:           68192 kB
Cached:           926576 kB
MemTotal:        1844596 kB
MemFree:          577732 kB
MemAvailable:    1479348 kB
Buffers:           68192 kB
Cached:           926576 kB
MemTotal:        1844596 kB
MemFree:          576152 kB
MemAvailable:    1477768 kB
Buffers:           68192 kB
Cached:           926576 kB
MemTotal:        1844596 kB
MemFree:          576532 kB
MemAvailable:    1478148 kB
Buffers:           68192 kB
Cached:           926576 kB
MemTotal:        1844596 kB
MemFree:          577744 kB
MemAvailable:    1479364 kB
Buffers:           68192 kB
Cached:           926580 kB
MemTotal:        1844596 kB
MemFree:          576532 kB
MemAvailable:    1478152 kB
Buffers:           68192 kB
Cached:           926580 kB
MemTotal:        1844596 kB
MemFree:          576648 kB
MemAvailable:    1478268 kB
Buffers:           68192 kB
Cached:           926580 kB
MemTotal:        1844596 kB
MemFree:          579252 kB
MemAvailable:    1480872 kB
Buffers:           68192 kB
Cached:           926580 kB
MemTotal:        1844596 kB
MemFree:          579268 kB
MemAvailable:    1480888 kB
Buffers:           68192 kB
Cached:           926580 kB
MemTotal:        1844596 kB
MemFree:          578096 kB
MemAvailable:    1479716 kB
Buffers:           68192 kB
Cached:           926580 kB
MemTotal:        1844596 kB
MemFree:          579080 kB
MemAvailable:    1480868 kB
Buffers:           68192 kB
Cached:           926828 kB
MemTotal:        1844596 kB
MemFree:          579008 kB
MemAvailable:    1480964 kB
Buffers:           68192 kB
Cached:           926952 kB
MemTotal:        1844596 kB
MemFree:          577772 kB
MemAvailable:    1479728 kB
Buffers:           68192 kB
Cached:           926952 kB
MemTotal:        1844596 kB
MemFree:          578744 kB
MemAvailable:    1480868 kB
Buffers:           68192 kB
Cached:           927076 kB
MemTotal:        1844596 kB
MemFree:          578876 kB
MemAvailable:    1480916 kB
Buffers:           68192 kB
Cached:           927076 kB
MemTotal:        1844596 kB
MemFree:          578560 kB
MemAvailable:    1480684 kB
Buffers:           68192 kB
Cached:           927200 kB
MemTotal:        1844596 kB
MemFree:          578812 kB
MemAvailable:    1480936 kB
Buffers:           68192 kB
Cached:           927200 kB
MemTotal:        1844596 kB
MemFree:          578584 kB
MemAvailable:    1480792 kB
Buffers:           68192 kB
Cached:           927200 kB
MemTotal:        1844596 kB
MemFree:          578808 kB
MemAvailable:    1481016 kB
Buffers:           68192 kB
Cached:           927200 kB
MemTotal:        1844596 kB
MemFree:          578676 kB
MemAvailable:    1480884 kB
Buffers:           68192 kB
Cached:           927200 kB
MemTotal:        1844596 kB
MemFree:          578608 kB
MemAvailable:    1480816 kB
Buffers:           68192 kB
Cached:           927200 kB
MemTotal:        1844596 kB
MemFree:          578608 kB
MemAvailable:    1480816 kB
Buffers:           68192 kB
Cached:           927200 kB
MemTotal:        1844596 kB
MemFree:          578460 kB
MemAvailable:    1480752 kB
Buffers:           68192 kB
Cached:           927200 kB
MemTotal:        1844596 kB
MemFree:          578796 kB
MemAvailable:    1481088 kB
Buffers:           68192 kB
Cached:           927200 kB
MemTotal:        1844596 kB
MemFree:          577384 kB
MemAvailable:    1479088 kB
Buffers:           68192 kB
Cached:           926568 kB
MemTotal:        1844596 kB
MemFree:          647732 kB
MemAvailable:    1549436 kB
Buffers:           68192 kB
Cached:           926568 kB
