MemTotal:        1844596 kB
MemFree:          628008 kB
MemAvailable:    1520708 kB
Buffers:           67392 kB
Cached:           919860 kB
MemTotal:        1844596 kB
MemFree:          627264 kB
MemAvailable:    1519964 kB
Buffers:           67392 kB
Cached:           919860 kB
MemTotal:        1844596 kB
MemFree:          625520 kB
MemAvailable:    1518220 kB
Buffers:           67392 kB
Cached:           919860 kB
MemTotal:        1844596 kB
MemFree:          625612 kB
MemAvailable:    1518312 kB
Buffers:           67392 kB
Cached:           919860 kB
MemTotal:        1844596 kB
MemFree:          624660 kB
MemAvailable:    1517360 kB
Buffers:           67392 kB
Cached:           919860 kB
MemTotal:        1844596 kB
MemFree:          624156 kB
MemAvailable:    1516856 kB
Buffers:           67392 kB
Cached:           919860 kB
MemTotal:        1844596 kB
MemFree:          620932 kB
MemAvailable:    1513632 kB
Buffers:           67392 kB
Cached:           919860 kB
MemTotal:        1844596 kB
MemFree:          619388 kB
MemAvailable:    1512088 kB
Buffers:           67392 kB
Cached:           919860 kB
MemTotal:        1844596 kB
MemFree:          615296 kB
MemAvailable:    1507996 kB
Buffers:           67392 kB
Cached:           919860 kB
MemTotal:        1844596 kB
MemFree:          615668 kB
MemAvailable:    1508368 kB
Buffers:           67392 kB
Cached:           919860 kB
MemTotal:        1844596 kB
MemFree:          615684 kB
MemAvailable:    1508384 kB
Buffers:           67392 kB
Cached:           919860 kB
MemTotal:        1844596 kB
MemFree:          615468 kB
MemAvailable:    1508168 kB
Buffers:           67392 kB
Cached:           919860 kB
MemTotal:        1844596 kB
MemFree:          615608 kB
MemAvailable:    1508308 kB
Buffers:           67392 kB
Cached:           919860 kB
MemTotal:        1844596 kB
MemFree:          615420 kB
MemAvailable:    1508120 kB
Buffers:           67392 kB
Cached:           919860 kB
MemTotal:        1844596 kB
MemFree:          614180 kB
MemAvailable:    1506880 kB
Buffers:           67392 kB
Cached:           919860 kB
MemTotal:        1844596 kB
MemFree:          614104 kB
MemAvailable:    1506804 kB
Buffers:           67392 kB
Cached:           919860 kB
MemTotal:        1844596 kB
MemFree:          613500 kB
MemAvailable:    1506200 kB
Buffers:           67392 kB
Cached:           919860 kB
MemTotal:        1844596 kB
MemFree:          613376 kB
MemAvailable:    1506076 kB
Buffers:           67392 kB
Cached:           919860 kB
MemTotal:        1844596 kB
MemFree:          611880 kB
MemAvailable:    1504580 kB
Buffers:           67392 kB
Cached:           919860 kB
MemTotal:        1844596 kB
MemFree:          613132 kB
MemAvailable:    1505832 kB
Buffers:           67392 kB
Cached:           919860 kB
MemTotal:        1844596 kB
MemFree:          613192 kB
MemAvailable:    1505892 kB
Buffers:           67392 kB
Cached:           919860 kB
MemTotal:        1844596 kB
MemFree:          611864 kB
MemAvailable:    1504564 kB
Buffers:           67392 kB
Cached:           919860 kB
MemTotal:        1844596 kB
MemFree:          611856 kB
MemAvailable:    1504556 kB
Buffers:           67392 kB
Cached:           919860 kB
MemTotal:        1844596 kB
MemFree:          613328 kB
MemAvailable:    1506028 kB
Buffers:           67392 kB
Cached:           919860 kB
MemTotal:        1844596 kB
MemFree:          613216 kB
MemAvailable:    1505916 kB
Buffers:           67392 kB
Cached:           919860 kB
MemTotal:        1844596 kB
MemFree:          614368 kB
MemAvailable:    1507068 kB
Buffers:           67392 kB
Cached:           919860 kB
MemTotal:        1844596 kB
MemFree:          613856 kB
MemAvailable:    1506556 kB
Buffers:           67392 kB
Cached:           919860 kB
MemTotal:        1844596 kB
MemFree:          613012 kB
MemAvailable:    1505712 kB
Buffers:           67392 kB
Cached:           919860 kB
MemTotal:        1844596 kB
MemFree:          611940 kB
MemAvailable:    1504640 kB
Buffers:           67392 kB
Cached:           919860 kB
MemTotal:        1844596 kB
MemFree:          609904 kB
MemAvailable:    1502604 kB
Buffers:           67392 kB
Cached:           919860 kB
MemTotal:        1844596 kB
MemFree:          609408 kB
MemAvailable:    1502108 kB
Buffers:           67392 kB
Cached:           919860 kB
MemTotal:        1844596 kB
MemFree:          609160 kB
MemAvailable:    1501860 kB
Buffers:           67392 kB
Cached:           919860 kB
MemTotal:        1844596 kB
MemFree:          608656 kB
MemAvailable:    1501356 kB
Buffers:           67392 kB
Cached:           919860 kB
MemTotal:        1844596 kB
MemFree:          609020 kB
MemAvailable:    1501720 kB
Buffers:           67392 kB
Cached:           919860 kB
MemTotal:        1844596 kB
MemFree:          608912 kB
MemAvailable:    1501612 kB
Buffers:           67392 kB
Cached:           919860 kB
MemTotal:        1844596 kB
MemFree:          607616 kB
MemAvailable:    1500316 kB
Buffers:           67392 kB
Cached:           919860 kB
MemTotal:        1844596 kB
MemFree:          607616 kB
MemAvailable:    1500328 kB
Buffers:           67392 kB
Cached:           919868 kB
MemTotal:        1844596 kB
MemFree:          607608 kB
MemAvailable:    1500320 kB
Buffers:           67392 kB
Cached:           919868 kB
MemTotal:        1844596 kB
MemFree:          607796 kB
MemAvailable:    1500512 kB
Buffers:           67392 kB
Cached:           919872 kB
MemTotal:        1844596 kB
MemFree:          607672 kB
MemAvailable:    1500388 kB
Buffers:           67392 kB
Cached:           919872 kB
MemTotal:        1844596 kB
MemFree:          608540 kB
MemAvailable:    1501256 kB
Buffers:           67392 kB
Cached:           919872 kB
MemTotal:        1844596 kB
MemFree:          607168 kB
MemAvailable:    1499884 kB
Buffers:           67392 kB
Cached:           919872 kB
MemTotal:        1844596 kB
MemFree:          606540 kB
MemAvailable:    1499256 kB
Buffers:           67392 kB
Cached:           919872 kB
MemTotal:        1844596 kB
MemFree:          607780 kB
MemAvailable:    1500496 kB
Buffers:           67392 kB
Cached:           919872 kB
MemTotal:        1844596 kB
MemFree:          606748 kB
MemAvailable:    1499464 kB
Buffers:           67392 kB
Cached:           919872 kB
MemTotal:        1844596 kB
MemFree:          608024 kB
MemAvailable:    1500740 kB
Buffers:           67392 kB
Cached:           919872 kB
MemTotal:        1844596 kB
MemFree:          607432 kB
MemAvailable:    1500148 kB
Buffers:           67392 kB
Cached:           919872 kB
MemTotal:        1844596 kB
MemFree:          606624 kB
MemAvailable:    1499340 kB
Buffers:           67392 kB
Cached:           919872 kB
MemTotal:        1844596 kB
MemFree:          606624 kB
MemAvailable:    1499340 kB
Buffers:           67392 kB
Cached:           919872 kB
MemTotal:        1844596 kB
MemFree:          606660 kB
MemAvailable:    1499376 kB
Buffers:           67392 kB
Cached:           919872 kB
MemTotal:        1844596 kB
MemFree:          606792 kB
MemAvailable:    1499508 kB
Buffers:           67392 kB
Cached:           919872 kB
MemTotal:        1844596 kB
MemFree:          607768 kB
MemAvailable:    1500484 kB
Buffers:           67392 kB
Cached:           919872 kB
MemTotal:        1844596 kB
MemFree:          607300 kB
MemAvailable:    1499892 kB
Buffers:           67392 kB
Cached:           919872 kB
MemTotal:        1844596 kB
MemFree:          607368 kB
MemAvailable:    1500084 kB
Buffers:           67392 kB
Cached:           919872 kB
MemTotal:        1844596 kB
MemFree:          607272 kB
MemAvailable:    1499988 kB
Buffers:           67392 kB
Cached:           919872 kB
MemTotal:        1844596 kB
MemFree:          607432 kB
MemAvailable:    1500148 kB
Buffers:           67392 kB
Cached:           919872 kB
MemTotal:        1844596 kB
MemFree:          606044 kB
MemAvailable:    1498760 kB
Buffers:           67392 kB
Cached:           919872 kB
MemTotal:        1844596 kB
MemFree:          606052 kB
MemAvailable:    1498768 kB
Buffers:           67392 kB
Cached:           919872 kB
MemTotal:        1844596 kB
MemFree:          606052 kB
MemAvailable:    1498768 kB
Buffers:           67392 kB
Cached:           919872 kB
MemTotal:        1844596 kB
MemFree:          607120 kB
MemAvailable:    1499836 kB
Buffers:           67392 kB
Cached:           919872 kB
MemTotal:        1844596 kB
MemFree:          605748 kB
MemAvailable:    1498464 kB
Buffers:           67392 kB
Cached:           919872 kB
MemTotal:        1844596 kB
MemFree:          607024 kB
MemAvailable:    1499740 kB
Buffers:           67392 kB
Cached:           919872 kB
MemTotal:        1844596 kB
MemFree:          607108 kB
MemAvailable:    1499824 kB
Buffers:           67392 kB
Cached:           919872 kB
MemTotal:        1844596 kB
MemFree:          606880 kB
MemAvailable:    1499596 kB
Buffers:           67392 kB
Cached:           919872 kB
MemTotal:        1844596 kB
MemFree:          605676 kB
MemAvailable:    1498392 kB
Buffers:           67392 kB
Cached:           919872 kB
MemTotal:        1844596 kB
MemFree:          606168 kB
MemAvailable:    1498884 kB
Buffers:           67392 kB
Cached:           919872 kB
MemTotal:        1844596 kB
MemFree:          605812 kB
MemAvailable:    1498528 kB
Buffers:           67392 kB
Cached:           919872 kB
MemTotal:        1844596 kB
MemFree:          604260 kB
MemAvailable:    1496976 kB
Buffers:           67392 kB
Cached:           919872 kB
MemTotal:        1844596 kB
MemFree:          600348 kB
MemAvailable:    1493064 kB
Buffers:           67392 kB
Cached:           919872 kB
MemTotal:        1844596 kB
MemFree:          599860 kB
MemAvailable:    1492576 kB
Buffers:           67392 kB
Cached:           919872 kB
MemTotal:        1844596 kB
MemFree:          599108 kB
MemAvailable:    1491824 kB
Buffers:           67392 kB
Cached:           919872 kB
MemTotal:        1844596 kB
MemFree:          598504 kB
MemAvailable:    1491220 kB
Buffers:           67392 kB
Cached:           919872 kB
MemTotal:        1844596 kB
MemFree:          598944 kB
MemAvailable:    1491660 kB
Buffers:           67392 kB
Cached:           919872 kB
MemTotal:        1844596 kB
MemFree:          597824 kB
MemAvailable:    1490540 kB
Buffers:           67392 kB
Cached:           919872 kB
MemTotal:        1844596 kB
MemFree:          599056 kB
MemAvailable:    1491772 kB
Buffers:           67392 kB
Cached:           919872 kB
MemTotal:        1844596 kB
MemFree:          597728 kB
MemAvailable:    1490444 kB
Buffers:           67392 kB
Cached:           919872 kB
MemTotal:        1844596 kB
MemFree:          599076 kB
MemAvailable:    1491792 kB
Buffers:           67392 kB
Cached:           919872 kB
MemTotal:        1844596 kB
MemFree:          598496 kB
MemAvailable:    1491212 kB
Buffers:           67392 kB
Cached:           919872 kB
MemTotal:        1844596 kB
MemFree:          599064 kB
MemAvailable:    1491780 kB
Buffers:           67392 kB
Cached:           919872 kB
MemTotal:        1844596 kB
MemFree:          599036 kB
MemAvailable:    1491752 kB
Buffers:           67392 kB
Cached:           919872 kB
MemTotal:        1844596 kB
MemFree:          598620 kB
MemAvailable:    1491336 kB
Buffers:           67392 kB
Cached:           919872 kB
MemTotal:        1844596 kB
MemFree:          598840 kB
MemAvailable:    1491556 kB
Buffers:           67392 kB
Cached:           919872 kB
MemTotal:        1844596 kB
MemFree:          599176 kB
MemAvailable:    1491892 kB
Buffers:           67392 kB
Cached:           919872 kB
MemTotal:        1844596 kB
MemFree:          598472 kB
MemAvailable:    1491188 kB
Buffers:           67392 kB
Cached:           919872 kB
MemTotal:        1844596 kB
MemFree:          597068 kB
MemAvailable:    1489784 kB
Buffers:           67392 kB
Cached:           919872 kB
MemTotal:        1844596 kB
MemFree:          598304 kB
MemAvailable:    1491020 kB
Buffers:           67392 kB
Cached:           919872 kB
MemTotal:        1844596 kB
MemFree:          597256 kB
MemAvailable:    1489972 kB
Buffers:           67392 kB
Cached:           919872 kB
MemTotal:        1844596 kB
MemFree:          597992 kB
MemAvailable:    1490712 kB
Buffers:           67392 kB
Cached:           919876 kB
MemTotal:        1844596 kB
MemFree:          597388 kB
MemAvailable:    1490108 kB
Buffers:           67392 kB
Cached:           919876 kB
MemTotal:        1844596 kB
MemFree:          597496 kB
MemAvailable:    1490216 kB
Buffers:           67392 kB
Cached:           919876 kB
MemTotal:        1844596 kB
MemFree:          597448 kB
MemAvailable:    1490168 kB
Buffers:           67392 kB
Cached:           919876 kB
MemTotal:        1844596 kB
MemFree:          596132 kB
MemAvailable:    1488852 kB
Buffers:           67392 kB
Cached:           919876 kB
MemTotal:        1844596 kB
MemFree:          595140 kB
MemAvailable:    1487860 kB
Buffers:           67392 kB
Cached:           919876 kB
MemTotal:        1844596 kB
MemFree:          596388 kB
MemAvailable:    1489108 kB
Buffers:           67392 kB
Cached:           919876 kB
MemTotal:        1844596 kB
MemFree:          595512 kB
MemAvailable:    1488232 kB
Buffers:           67392 kB
Cached:           919876 kB
MemTotal:        1844596 kB
MemFree:          595504 kB
MemAvailable:    1488224 kB
Buffers:           67392 kB
Cached:           919876 kB
MemTotal:        1844596 kB
MemFree:          595840 kB
MemAvailable:    1488560 kB
Buffers:           67392 kB
Cached:           919876 kB
MemTotal:        1844596 kB
MemFree:          595256 kB
MemAvailable:    1487976 kB
Buffers:           67392 kB
Cached:           919876 kB
MemTotal:        1844596 kB
MemFree:          595148 kB
MemAvailable:    1487868 kB
Buffers:           67392 kB
Cached:           919876 kB
MemTotal:        1844596 kB
MemFree:          593844 kB
MemAvailable:    1486564 kB
Buffers:           67392 kB
Cached:           919876 kB
MemTotal:        1844596 kB
MemFree:          595120 kB
MemAvailable:    1487840 kB
Buffers:           67392 kB
Cached:           919876 kB
MemTotal:        1844596 kB
MemFree:          595372 kB
MemAvailable:    1488092 kB
Buffers:           67392 kB
Cached:           919876 kB
MemTotal:        1844596 kB
MemFree:          593892 kB
MemAvailable:    1486612 kB
Buffers:           67392 kB
Cached:           919876 kB
MemTotal:        1844596 kB
MemFree:          593976 kB
MemAvailable:    1486696 kB
Buffers:           67392 kB
Cached:           919876 kB
MemTotal:        1844596 kB
MemFree:          595128 kB
MemAvailable:    1487848 kB
Buffers:           67392 kB
Cached:           919876 kB
MemTotal:        1844596 kB
MemFree:          595380 kB
MemAvailable:    1488100 kB
Buffers:           67392 kB
Cached:           919876 kB
MemTotal:        1844596 kB
MemFree:          594900 kB
MemAvailable:    1487620 kB
Buffers:           67392 kB
Cached:           919876 kB
MemTotal:        1844596 kB
MemFree:          592776 kB
MemAvailable:    1485496 kB
Buffers:           67392 kB
Cached:           919876 kB
MemTotal:        1844596 kB
MemFree:          592296 kB
MemAvailable:    1485016 kB
Buffers:           67392 kB
Cached:           919876 kB
MemTotal:        1844596 kB
MemFree:          589940 kB
MemAvailable:    1482664 kB
Buffers:           67392 kB
Cached:           919880 kB
MemTotal:        1844596 kB
MemFree:          589816 kB
MemAvailable:    1482540 kB
Buffers:           67392 kB
Cached:           919880 kB
MemTotal:        1844596 kB
MemFree:          589876 kB
MemAvailable:    1482600 kB
Buffers:           67392 kB
Cached:           919880 kB
MemTotal:        1844596 kB
MemFree:          588568 kB
MemAvailable:    1481292 kB
Buffers:           67392 kB
Cached:           919880 kB
MemTotal:        1844596 kB
MemFree:          589428 kB
MemAvailable:    1482152 kB
Buffers:           67392 kB
Cached:           919880 kB
MemTotal:        1844596 kB
MemFree:          589512 kB
MemAvailable:    1482236 kB
Buffers:           67392 kB
Cached:           919880 kB
MemTotal:        1844596 kB
MemFree:          589444 kB
MemAvailable:    1482168 kB
Buffers:           67392 kB
Cached:           919880 kB
MemTotal:        1844596 kB
MemFree:          589380 kB
MemAvailable:    1482104 kB
Buffers:           67392 kB
Cached:           919880 kB
MemTotal:        1844596 kB
MemFree:          589060 kB
MemAvailable:    1481784 kB
Buffers:           67392 kB
Cached:           919880 kB
MemTotal:        1844596 kB
MemFree:          588328 kB
MemAvailable:    1481052 kB
Buffers:           67392 kB
Cached:           919880 kB
MemTotal:        1844596 kB
MemFree:          588196 kB
MemAvailable:    1480920 kB
Buffers:           67392 kB
Cached:           919880 kB
MemTotal:        1844596 kB
MemFree:          588532 kB
MemAvailable:    1481256 kB
Buffers:           67392 kB
Cached:           919880 kB
MemTotal:        1844596 kB
MemFree:          586212 kB
MemAvailable:    1478936 kB
Buffers:           67392 kB
Cached:           919880 kB
MemTotal:        1844596 kB
MemFree:          586212 kB
MemAvailable:    1478936 kB
Buffers:           67392 kB
Cached:           919880 kB
MemTotal:        1844596 kB
MemFree:          586024 kB
MemAvailable:    1478748 kB
Buffers:           67392 kB
Cached:           919880 kB
MemTotal:        1844596 kB
MemFree:          584932 kB
MemAvailable:    1477656 kB
Buffers:           67392 kB
Cached:           919880 kB
MemTotal:        1844596 kB
MemFree:          585352 kB
MemAvailable:    1478076 kB
Buffers:           67392 kB
Cached:           919880 kB
MemTotal:        1844596 kB
MemFree:          585944 kB
MemAvailable:    1478668 kB
Buffers:           67392 kB
Cached:           919880 kB
MemTotal:        1844596 kB
MemFree:          587296 kB
MemAvailable:    1480020 kB
Buffers:           67392 kB
Cached:           919880 kB
MemTotal:        1844596 kB
MemFree:          587896 kB
MemAvailable:    1480620 kB
Buffers:           67392 kB
Cached:           919880 kB
MemTotal:        1844596 kB
MemFree:          587840 kB
MemAvailable:    1480564 kB
Buffers:           67392 kB
Cached:           919880 kB
MemTotal:        1844596 kB
MemFree:          587824 kB
MemAvailable:    1480632 kB
Buffers:           67392 kB
Cached:           920004 kB
MemTotal:        1844596 kB
MemFree:          587712 kB
MemAvailable:    1480688 kB
Buffers:           67392 kB
Cached:           920128 kB
MemTotal:        1844596 kB
MemFree:          587088 kB
MemAvailable:    1480148 kB
Buffers:           67392 kB
Cached:           920252 kB
MemTotal:        1844596 kB
MemFree:          587264 kB
MemAvailable:    1480576 kB
Buffers:           67392 kB
Cached:           920500 kB
MemTotal:        1844596 kB
MemFree:          587516 kB
MemAvailable:    1480828 kB
Buffers:           67392 kB
Cached:           920500 kB
MemTotal:        1844596 kB
MemFree:          587308 kB
MemAvailable:    1480620 kB
Buffers:           67392 kB
Cached:           920500 kB
MemTotal:        1844596 kB
MemFree:          587560 kB
MemAvailable:    1480872 kB
Buffers:           67392 kB
Cached:           920500 kB
MemTotal:        1844596 kB
MemFree:          585956 kB
MemAvailable:    1479268 kB
Buffers:           67392 kB
Cached:           920500 kB
MemTotal:        1844596 kB
MemFree:          587340 kB
MemAvailable:    1480652 kB
Buffers:           67392 kB
Cached:           920500 kB
MemTotal:        1844596 kB
MemFree:          586468 kB
MemAvailable:    1479780 kB
Buffers:           67392 kB
Cached:           920500 kB
MemTotal:        1844596 kB
MemFree:          587324 kB
MemAvailable:    1480636 kB
Buffers:           67392 kB
Cached:           920500 kB
MemTotal:        1844596 kB
MemFree:          585820 kB
MemAvailable:    1479132 kB
Buffers:           67392 kB
Cached:           920500 kB
MemTotal:        1844596 kB
MemFree:          586200 kB
MemAvailable:    1479512 kB
Buffers:           67392 kB
Cached:           920500 kB
MemTotal:        1844596 kB
MemFree:          586256 kB
MemAvailable:    1478980 kB
Buffers:           67392 kB
Cached:           919868 kB
MemTotal:        1844596 kB
MemFree:          652988 kB
MemAvailable:    1545712 kB
Buffers:           67392 kB
Cached:           919868 kB
