MemTotal:        1844596 kB
MemFree:          625584 kB
MemAvailable:    1522716 kB
Buffers:           67792 kB
Cached:           923200 kB
MemTotal:        1844596 kB
MemFree:          624316 kB
MemAvailable:    1521448 kB
Buffers:           67792 kB
Cached:           923200 kB
MemTotal:        1844596 kB
MemFree:          621524 kB
MemAvailable:    1518656 kB
Buffers:           67792 kB
Cached:           923200 kB
MemTotal:        1844596 kB
MemFree:          621576 kB
MemAvailable:    1518708 kB
Buffers:           67792 kB
Cached:           923200 kB
MemTotal:        1844596 kB
MemFree:          620044 kB
MemAvailable:    1517176 kB
Buffers:           67792 kB
Cached:           923200 kB
MemTotal:        1844596 kB
MemFree:          619736 kB
MemAvailable:    1516868 kB
Buffers:           67792 kB
Cached:           923200 kB
MemTotal:        1844596 kB
MemFree:          618256 kB
MemAvailable:    1515388 kB
Buffers:           67792 kB
Cached:           923200 kB
MemTotal:        1844596 kB
MemFree:          612100 kB
MemAvailable:    1509232 kB
Buffers:           67792 kB
Cached:           923200 kB
MemTotal:        1844596 kB
MemFree:          611620 kB
MemAvailable:    1508752 kB
Buffers:           67792 kB
Cached:           923200 kB
MemTotal:        1844596 kB
MemFree:          609912 kB
MemAvailable:    1507044 kB
Buffers:           67792 kB
Cached:           923200 kB
MemTotal:        1844596 kB
MemFree:          611160 kB
MemAvailable:    1508292 kB
Buffers:           67792 kB
Cached:           923200 kB
MemTotal:        1844596 kB
MemFree:          610044 kB
MemAvailable:    1507176 kB
Buffers:           67792 kB
Cached:           923200 kB
MemTotal:        1844596 kB
MemFree:          611212 kB
MemAvailable:    1508344 kB
Buffers:           67792 kB
Cached:           923200 kB
MemTotal:        1844596 kB
MemFree:          610860 kB
MemAvailable:    1507992 kB
Buffers:           67792 kB
Cached:           923200 kB
MemTotal:        1844596 kB
MemFree:          610860 kB
MemAvailable:    1507992 kB
Buffers:           67792 kB
Cached:           923200 kB
MemTotal:        1844596 kB
MemFree:          609256 kB
MemAvailable:    1506388 kB
Buffers:           67792 kB
Cached:           923200 kB
MemTotal:        1844596 kB
MemFree:          608140 kB
MemAvailable:    1505272 kB
Buffers:           67792 kB
Cached:           923200 kB
MemTotal:        1844596 kB
MemFree:          607768 kB
MemAvailable:    1504900 kB
Buffers:           67792 kB
Cached:           923200 kB
MemTotal:        1844596 kB
MemFree:          607760 kB
MemAvailable:    1504892 kB
Buffers:           67792 kB
Cached:           923200 kB
MemTotal:        1844596 kB
MemFree:          609044 kB
MemAvailable:    1506176 kB
Buffers:           67792 kB
Cached:           923200 kB
MemTotal:        1844596 kB
MemFree:          608992 kB
MemAvailable:    1506124 kB
Buffers:           67792 kB
Cached:           923200 kB
MemTotal:        1844596 kB
MemFree:          608848 kB
MemAvailable:    1505980 kB
Buffers:           67792 kB
Cached:           923200 kB
MemTotal:        1844596 kB
MemFree:          607760 kB
MemAvailable:    1504892 kB
Buffers:           67792 kB
Cached:           923200 kB
MemTotal:        1844596 kB
MemFree:          607512 kB
MemAvailable:    1504644 kB
Buffers:           67792 kB
Cached:           923200 kB
MemTotal:        1844596 kB
MemFree:          609008 kB
MemAvailable:    1506140 kB
Buffers:           67792 kB
Cached:           923200 kB
MemTotal:        1844596 kB
MemFree:          608692 kB
MemAvailable:    1505824 kB
Buffers:           67792 kB
Cached:           923200 kB
MemTotal:        1844596 kB
MemFree:          610124 kB
MemAvailable:    1507256 kB
Buffers:           67792 kB
Cached:           923200 kB
MemTotal:        1844596 kB
MemFree:          608388 kB
MemAvailable:    1505520 kB
Buffers:           67792 kB
Cached:           923200 kB
MemTotal:        1844596 kB
MemFree:          606636 kB
MemAvailable:    1503768 kB
Buffers:           67792 kB
Cached:           923200 kB
MemTotal:        1844596 kB
MemFree:          606848 kB
MemAvailable:    1503980 kB
Buffers:           67792 kB
Cached:           923200 kB
MemTotal:        1844596 kB
MemFree:          605768 kB
MemAvailable:    1502900 kB
Buffers:           67792 kB
Cached:           923200 kB
MemTotal:        1844596 kB
MemFree:          605768 kB
MemAvailable:    1502900 kB
Buffers:           67792 kB
Cached:           923200 kB
MemTotal:        1844596 kB
MemFree:          605340 kB
MemAvailable:    1502472 kB
Buffers:           67792 kB
Cached:           923200 kB
MemTotal:        1844596 kB
MemFree:          604916 kB
MemAvailable:    1502048 kB
Buffers:           67792 kB
Cached:           923200 kB
MemTotal:        1844596 kB
MemFree:          603792 kB
MemAvailable:    1500924 kB
Buffers:           67792 kB
Cached:           923200 kB
MemTotal:        1844596 kB
MemFree:          605164 kB
MemAvailable:    1502296 kB
Buffers:           67792 kB
Cached:           923200 kB
MemTotal:        1844596 kB
MemFree:          604652 kB
MemAvailable:    1501784 kB
Buffers:           67792 kB
Cached:           923200 kB
MemTotal:        1844596 kB
MemFree:          604652 kB
MemAvailable:    1501784 kB
Buffers:           67792 kB
Cached:           923200 kB
MemTotal:        1844596 kB
MemFree:          603156 kB
MemAvailable:    1500288 kB
Buffers:           67792 kB
Cached:           923200 kB
MemTotal:        1844596 kB
MemFree:          603164 kB
MemAvailable:    1500296 kB
Buffers:           67792 kB
Cached:           923200 kB
MemTotal:        1844596 kB
MemFree:          603140 kB
MemAvailable:    1500284 kB
Buffers:           67792 kB
Cached:           923208 kB
MemTotal:        1844596 kB
MemFree:          603660 kB
MemAvailable:    1500804 kB
Buffers:           67792 kB
Cached:           923208 kB
MemTotal:        1844596 kB
MemFree:          603996 kB
MemAvailable:    1501140 kB
Buffers:           67792 kB
Cached:           923208 kB
MemTotal:        1844596 kB
MemFree:          603496 kB
MemAvailable:    1500640 kB
Buffers:           67792 kB
Cached:           923208 kB
MemTotal:        1844596 kB
MemFree:          602388 kB
MemAvailable:    1499532 kB
Buffers:           67792 kB
Cached:           923208 kB
MemTotal:        1844596 kB
MemFree:          603372 kB
MemAvailable:    1500516 kB
Buffers:           67792 kB
Cached:           923208 kB
MemTotal:        1844596 kB
MemFree:          603544 kB
MemAvailable:    1500688 kB
Buffers:           67792 kB
Cached:           923208 kB
MemTotal:        1844596 kB
MemFree:          603420 kB
MemAvailable:    1500564 kB
Buffers:           67792 kB
Cached:           923208 kB
MemTotal:        1844596 kB
MemFree:          603420 kB
MemAvailable:    1500564 kB
Buffers:           67792 kB
Cached:           923208 kB
MemTotal:        1844596 kB
MemFree:          602304 kB
MemAvailable:    1499448 kB
Buffers:           67792 kB
Cached:           923208 kB
MemTotal:        1844596 kB
MemFree:          602304 kB
MemAvailable:    1499448 kB
Buffers:           67792 kB
Cached:           923208 kB
MemTotal:        1844596 kB
MemFree:          603296 kB
MemAvailable:    1500440 kB
Buffers:           67792 kB
Cached:           923208 kB
MemTotal:        1844596 kB
MemFree:          602320 kB
MemAvailable:    1499464 kB
Buffers:           67792 kB
Cached:           923208 kB
MemTotal:        1844596 kB
MemFree:          603180 kB
MemAvailable:    1500324 kB
Buffers:           67792 kB
Cached:           923208 kB
MemTotal:        1844596 kB
MemFree:          601768 kB
MemAvailable:    1498912 kB
Buffers:           67792 kB
Cached:           923208 kB
MemTotal:        1844596 kB
MemFree:          602876 kB
MemAvailable:    1500020 kB
Buffers:           67792 kB
Cached:           923208 kB
MemTotal:        1844596 kB
MemFree:          602736 kB
MemAvailable:    1499880 kB
Buffers:           67792 kB
Cached:           923208 kB
MemTotal:        1844596 kB
MemFree:          602628 kB
MemAvailable:    1499772 kB
Buffers:           67792 kB
Cached:           923208 kB
MemTotal:        1844596 kB
MemFree:          602396 kB
MemAvailable:    1499540 kB
Buffers:           67792 kB
Cached:           923208 kB
MemTotal:        1844596 kB
MemFree:          602732 kB
MemAvailable:    1499876 kB
Buffers:           67792 kB
Cached:           923208 kB
MemTotal:        1844596 kB
MemFree:          602516 kB
MemAvailable:    1499660 kB
Buffers:           67792 kB
Cached:           923208 kB
MemTotal:        1844596 kB
MemFree:          602516 kB
MemAvailable:    1499660 kB
Buffers:           67792 kB
Cached:           923208 kB
MemTotal:        1844596 kB
MemFree:          602532 kB
MemAvailable:    1499676 kB
Buffers:           67792 kB
Cached:           923208 kB
MemTotal:        1844596 kB
MemFree:          602784 kB
MemAvailable:    1499928 kB
Buffers:           67792 kB
Cached:           923208 kB
MemTotal:        1844596 kB
MemFree:          602504 kB
MemAvailable:    1499648 kB
Buffers:           67792 kB
Cached:           923208 kB
MemTotal:        1844596 kB
MemFree:          602476 kB
MemAvailable:    1499620 kB
Buffers:           67792 kB
Cached:           923208 kB
MemTotal:        1844596 kB
MemFree:          601568 kB
MemAvailable:    1498712 kB
Buffers:           67792 kB
Cached:           923208 kB
MemTotal:        1844596 kB
MemFree:          600196 kB
MemAvailable:    1497340 kB
Buffers:           67792 kB
Cached:           923208 kB
MemTotal:        1844596 kB
MemFree:          600088 kB
MemAvailable:    1497232 kB
Buffers:           67792 kB
Cached:           923208 kB
MemTotal:        1844596 kB
MemFree:          595352 kB
MemAvailable:    1492496 kB
Buffers:           67792 kB
Cached:           923208 kB
MemTotal:        1844596 kB
MemFree:          594996 kB
MemAvailable:    1492140 kB
Buffers:           67792 kB
Cached:           923208 kB
MemTotal:        1844596 kB
MemFree:          593816 kB
MemAvailable:    1490960 kB
Buffers:           67792 kB
Cached:           923208 kB
MemTotal:        1844596 kB
MemFree:          594732 kB
MemAvailable:    1491876 kB
Buffers:           67792 kB
Cached:           923208 kB
MemTotal:        1844596 kB
MemFree:          595068 kB
MemAvailable:    1492212 kB
Buffers:           67792 kB
Cached:           923208 kB
MemTotal:        1844596 kB
MemFree:          593616 kB
MemAvailable:    1490760 kB
Buffers:           67792 kB
Cached:           923208 kB
MemTotal:        1844596 kB
MemFree:          594864 kB
MemAvailable:    1492008 kB
Buffers:           67792 kB
Cached:           923208 kB
MemTotal:        1844596 kB
MemFree:          593624 kB
MemAvailable:    1490768 kB
Buffers:           67792 kB
Cached:           923208 kB
MemTotal:        1844596 kB
MemFree:          593632 kB
MemAvailable:    1490776 kB
Buffers:           67792 kB
Cached:           923208 kB
MemTotal:        1844596 kB
MemFree:          594608 kB
MemAvailable:    1491752 kB
Buffers:           67792 kB
Cached:           923208 kB
MemTotal:        1844596 kB
MemFree:          594608 kB
MemAvailable:    1491752 kB
Buffers:           67800 kB
Cached:           923200 kB
MemTotal:        1844596 kB
MemFree:          593456 kB
MemAvailable:    1490600 kB
Buffers:           67804 kB
Cached:           923196 kB
MemTotal:        1844596 kB
MemFree:          594624 kB
MemAvailable:    1491768 kB
Buffers:           67804 kB
Cached:           923196 kB
MemTotal:        1844596 kB
MemFree:          594884 kB
MemAvailable:    1492028 kB
Buffers:           67804 kB
Cached:           923196 kB
MemTotal:        1844596 kB
MemFree:          593324 kB
MemAvailable:    1490468 kB
Buffers:           67804 kB
Cached:           923196 kB
MemTotal:        1844596 kB
MemFree:          594368 kB
MemAvailable:    1491512 kB
Buffers:           67804 kB
Cached:           923196 kB
MemTotal:        1844596 kB
MemFree:          592888 kB
MemAvailable:    1490032 kB
Buffers:           67804 kB
Cached:           923196 kB
MemTotal:        1844596 kB
MemFree:          593612 kB
MemAvailable:    1490756 kB
Buffers:           67804 kB
Cached:           923196 kB
MemTotal:        1844596 kB
MemFree:          593948 kB
MemAvailable:    1491092 kB
Buffers:           67804 kB
Cached:           923196 kB
MemTotal:        1844596 kB
MemFree:          592392 kB
MemAvailable:    1489536 kB
Buffers:           67804 kB
Cached:           923196 kB
MemTotal:        1844596 kB
MemFree:          592996 kB
MemAvailable:    1490140 kB
Buffers:           67804 kB
Cached:           923196 kB
MemTotal:        1844596 kB
MemFree:          592640 kB
MemAvailable:    1489784 kB
Buffers:           67804 kB
Cached:           923196 kB
MemTotal:        1844596 kB
MemFree:          591888 kB
MemAvailable:    1489032 kB
Buffers:           67804 kB
Cached:           923196 kB
MemTotal:        1844596 kB
MemFree:          590640 kB
MemAvailable:    1487784 kB
Buffers:           67804 kB
Cached:           923196 kB
MemTotal:        1844596 kB
MemFree:          590516 kB
MemAvailable:    1487660 kB
Buffers:           67804 kB
Cached:           923196 kB
MemTotal:        1844596 kB
MemFree:          591276 kB
MemAvailable:    1488420 kB
Buffers:           67804 kB
Cached:           923196 kB
MemTotal:        1844596 kB
MemFree:          591012 kB
MemAvailable:    1488156 kB
Buffers:           67804 kB
Cached:           923196 kB
MemTotal:        1844596 kB
MemFree:          591012 kB
MemAvailable:    1488156 kB
Buffers:           67804 kB
Cached:           923196 kB
MemTotal:        1844596 kB
MemFree:          590896 kB
MemAvailable:    1488040 kB
Buffers:           67804 kB
Cached:           923196 kB
MemTotal:        1844596 kB
MemFree:          590764 kB
MemAvailable:    1487908 kB
Buffers:           67804 kB
Cached:           923196 kB
MemTotal:        1844596 kB
MemFree:          589780 kB
MemAvailable:    1486924 kB
Buffers:           67804 kB
Cached:           923196 kB
MemTotal:        1844596 kB
MemFree:          589656 kB
MemAvailable:    1486804 kB
Buffers:           67804 kB
Cached:           923200 kB
MemTotal:        1844596 kB
MemFree:          590772 kB
MemAvailable:    1487920 kB
Buffers:           67804 kB
Cached:           923200 kB
MemTotal:        1844596 kB
MemFree:          591080 kB
MemAvailable:    1488228 kB
Buffers:           67804 kB
Cached:           923200 kB
MemTotal:        1844596 kB
MemFree:          589984 kB
MemAvailable:    1487132 kB
Buffers:           67804 kB
Cached:           923200 kB
MemTotal:        1844596 kB
MemFree:          590692 kB
MemAvailable:    1487840 kB
Buffers:           67804 kB
Cached:           923200 kB
MemTotal:        1844596 kB
MemFree:          590788 kB
MemAvailable:    1487936 kB
Buffers:           67804 kB
Cached:           923200 kB
MemTotal:        1844596 kB
MemFree:          590276 kB
MemAvailable:    1487424 kB
Buffers:           67804 kB
Cached:           923200 kB
MemTotal:        1844596 kB
MemFree:          590532 kB
MemAvailable:    1487680 kB
Buffers:           67804 kB
Cached:           923200 kB
MemTotal:        1844596 kB
MemFree:          585308 kB
MemAvailable:    1482456 kB
Buffers:           67804 kB
Cached:           923200 kB
MemTotal:        1844596 kB
MemFree:          585392 kB
MemAvailable:    1482540 kB
Buffers:           67804 kB
Cached:           923200 kB
MemTotal:        1844596 kB
MemFree:          584880 kB
MemAvailable:    1482028 kB
Buffers:           67804 kB
Cached:           923200 kB
MemTotal:        1844596 kB
MemFree:          585216 kB
MemAvailable:    1482364 kB
Buffers:           67804 kB
Cached:           923200 kB
MemTotal:        1844596 kB
MemFree:          584748 kB
MemAvailable:    1481896 kB
Buffers:           67804 kB
Cached:           923200 kB
MemTotal:        1844596 kB
MemFree:          585000 kB
MemAvailable:    1482148 kB
Buffers:           67804 kB
Cached:           923200 kB
MemTotal:        1844596 kB
MemFree:          583548 kB
MemAvailable:    1480696 kB
Buffers:           67804 kB
Cached:           923200 kB
MemTotal:        1844596 kB
MemFree:          583680 kB
MemAvailable:    1480828 kB
Buffers:           67804 kB
Cached:           923200 kB
MemTotal:        1844596 kB
MemFree:          583704 kB
MemAvailable:    1480868 kB
Buffers:           67804 kB
Cached:           923216 kB
MemTotal:        1844596 kB
MemFree:          583960 kB
MemAvailable:    1481124 kB
Buffers:           67804 kB
Cached:           923216 kB
MemTotal:        1844596 kB
MemFree:          584440 kB
MemAvailable:    1481608 kB
Buffers:           67804 kB
Cached:           923220 kB
MemTotal:        1844596 kB
MemFree:          584776 kB
MemAvailable:    1481944 kB
Buffers:           67804 kB
Cached:           923220 kB
MemTotal:        1844596 kB
MemFree:          583448 kB
MemAvailable:    1480616 kB
Buffers:           67804 kB
Cached:           923220 kB
MemTotal:        1844596 kB
MemFree:          582348 kB
MemAvailable:    1479516 kB
Buffers:           67804 kB
Cached:           923220 kB
MemTotal:        1844596 kB
MemFree:          581704 kB
MemAvailable:    1478872 kB
Buffers:           67804 kB
Cached:           923220 kB
MemTotal:        1844596 kB
MemFree:          580348 kB
MemAvailable:    1477516 kB
Buffers:           67804 kB
Cached:           923220 kB
MemTotal:        1844596 kB
MemFree:          580728 kB
MemAvailable:    1477896 kB
Buffers:           67804 kB
Cached:           923220 kB
MemTotal:        1844596 kB
MemFree:          580348 kB
MemAvailable:    1477516 kB
Buffers:           67804 kB
Cached:           923220 kB
MemTotal:        1844596 kB
MemFree:          581596 kB
MemAvailable:    1478764 kB
Buffers:           67804 kB
Cached:           923220 kB
MemTotal:        1844596 kB
MemFree:          580732 kB
MemAvailable:    1477900 kB
Buffers:           67804 kB
Cached:           923220 kB
MemTotal:        1844596 kB
MemFree:          583456 kB
MemAvailable:    1480624 kB
Buffers:           67804 kB
Cached:           923220 kB
MemTotal:        1844596 kB
MemFree:          583456 kB
MemAvailable:    1480624 kB
Buffers:           67804 kB
Cached:           923220 kB
MemTotal:        1844596 kB
MemFree:          583384 kB
MemAvailable:    1480636 kB
Buffers:           67804 kB
Cached:           923344 kB
MemTotal:        1844596 kB
MemFree:          582084 kB
MemAvailable:    1479420 kB
Buffers:           67804 kB
Cached:           923468 kB
MemTotal:        1844596 kB
MemFree:          583092 kB
MemAvailable:    1480596 kB
Buffers:           67804 kB
Cached:           923592 kB
MemTotal:        1844596 kB
MemFree:          583036 kB
MemAvailable:    1480708 kB
Buffers:           67804 kB
Cached:           923840 kB
MemTotal:        1844596 kB
MemFree:          581664 kB
MemAvailable:    1479420 kB
Buffers:           67804 kB
Cached:           923840 kB
MemTotal:        1844596 kB
MemFree:          581700 kB
MemAvailable:    1479456 kB
Buffers:           67804 kB
Cached:           923840 kB
MemTotal:        1844596 kB
MemFree:          582892 kB
MemAvailable:    1480648 kB
Buffers:           67804 kB
Cached:           923840 kB
MemTotal:        1844596 kB
MemFree:          583060 kB
MemAvailable:    1480816 kB
Buffers:           67804 kB
Cached:           923840 kB
MemTotal:        1844596 kB
MemFree:          583100 kB
MemAvailable:    1480856 kB
Buffers:           67804 kB
Cached:           923840 kB
MemTotal:        1844596 kB
MemFree:          581728 kB
MemAvailable:    1479484 kB
Buffers:           67804 kB
Cached:           923840 kB
MemTotal:        1844596 kB
MemFree:          582656 kB
MemAvailable:    1480412 kB
Buffers:           67804 kB
Cached:           923840 kB
MemTotal:        1844596 kB
MemFree:          582992 kB
MemAvailable:    1480748 kB
Buffers:           67804 kB
Cached:           923840 kB
MemTotal:        1844596 kB
MemFree:          582664 kB
MemAvailable:    1480588 kB
Buffers:           67804 kB
Cached:           923964 kB
MemTotal:        1844596 kB
MemFree:          583360 kB
MemAvailable:    1480528 kB
Buffers:           67804 kB
Cached:           923208 kB
MemTotal:        1844596 kB
MemFree:          646772 kB
MemAvailable:    1543940 kB
Buffers:           67804 kB
Cached:           923208 kB
