MemTotal:        1844596 kB
MemFree:          888772 kB
MemAvailable:    1547656 kB
Buffers:           43036 kB
Cached:           725092 kB
MemTotal:        1844596 kB
MemFree:          887464 kB
MemAvailable:    1546348 kB
Buffers:           43036 kB
Cached:           725092 kB
MemTotal:        1844596 kB
MemFree:          887716 kB
MemAvailable:    1546600 kB
Buffers:           43036 kB
Cached:           725092 kB
MemTotal:        1844596 kB
MemFree:          885596 kB
MemAvailable:    1544480 kB
Buffers:           43036 kB
Cached:           725092 kB
MemTotal:        1844596 kB
MemFree:          885680 kB
MemAvailable:    1544564 kB
Buffers:           43036 kB
Cached:           725092 kB
MemTotal:        1844596 kB
MemFree:          884300 kB
MemAvailable:    1543184 kB
Buffers:           43036 kB
Cached:           725092 kB
MemTotal:        1844596 kB
MemFree:          883812 kB
MemAvailable:    1542696 kB
Buffers:           43036 kB
Cached:           725092 kB
MemTotal:        1844596 kB
MemFree:          880768 kB
MemAvailable:    1539652 kB
Buffers:           43036 kB
Cached:           725092 kB
MemTotal:        1844596 kB
MemFree:          880536 kB
MemAvailable:    1539420 kB
Buffers:           43036 kB
Cached:           725092 kB
MemTotal:        1844596 kB
MemFree:          877860 kB
MemAvailable:    1536744 kB
Buffers:           43036 kB
Cached:           725092 kB
MemTotal:        1844596 kB
MemFree:          874432 kB
MemAvailable:    1533316 kB
Buffers:           43036 kB
Cached:           725092 kB
MemTotal:        1844596 kB
MemFree:          872220 kB
MemAvailable:    1531104 kB
Buffers:           43036 kB
Cached:           725092 kB
MemTotal:        1844596 kB
MemFree:          874240 kB
MemAvailable:    1533128 kB
Buffers:           43036 kB
Cached:           725096 kB
MemTotal:        1844596 kB
MemFree:          874240 kB
MemAvailable:    1533128 kB
Buffers:           43036 kB
Cached:           725096 kB
MemTotal:        1844596 kB
MemFree:          873080 kB
MemAvailable:    1531968 kB
Buffers:           43036 kB
Cached:           725096 kB
MemTotal:        1844596 kB
MemFree:          874404 kB
MemAvailable:    1533292 kB
Buffers:           43036 kB
Cached:           725096 kB
MemTotal:        1844596 kB
MemFree:          874124 kB
MemAvailable:    1533012 kB
Buffers:           43036 kB
Cached:           725096 kB
MemTotal:        1844596 kB
MemFree:          874024 kB
MemAvailable:    1532912 kB
Buffers:           43036 kB
Cached:           725096 kB
MemTotal:        1844596 kB
MemFree:          872584 kB
MemAvailable:    1531472 kB
Buffers:           43036 kB
Cached:           725096 kB
MemTotal:        1844596 kB
MemFree:          872204 kB
MemAvailable:    1531092 kB
Buffers:           43036 kB
Cached:           725096 kB
MemTotal:        1844596 kB
MemFree:          872540 kB
MemAvailable:    1531428 kB
Buffers:           43036 kB
Cached:           725096 kB
MemTotal:        1844596 kB
MemFree:          872056 kB
MemAvailable:    1530944 kB
Buffers:           43036 kB
Cached:           725096 kB
MemTotal:        1844596 kB
MemFree:          870980 kB
MemAvailable:    1529868 kB
Buffers:           43036 kB
Cached:           725096 kB
MemTotal:        1844596 kB
MemFree:          872140 kB
MemAvailable:    1531028 kB
Buffers:           43036 kB
Cached:           725096 kB
MemTotal:        1844596 kB
MemFree:          871660 kB
MemAvailable:    1530548 kB
Buffers:           43036 kB
Cached:           725096 kB
MemTotal:        1844596 kB
MemFree:          871724 kB
MemAvailable:    1530612 kB
Buffers:           43036 kB
Cached:           725096 kB
MemTotal:        1844596 kB
MemFree:          870420 kB
MemAvailable:    1529308 kB
Buffers:           43036 kB
Cached:           725096 kB
MemTotal:        1844596 kB
MemFree:          870552 kB
MemAvailable:    1529440 kB
Buffers:           43036 kB
Cached:           725096 kB
MemTotal:        1844596 kB
MemFree:          870800 kB
MemAvailable:    1529688 kB
Buffers:           43036 kB
Cached:           725096 kB
MemTotal:        1844596 kB
MemFree:          871728 kB
MemAvailable:    1530616 kB
Buffers:           43036 kB
Cached:           725096 kB
MemTotal:        1844596 kB
MemFree:          873080 kB
MemAvailable:    1531968 kB
Buffers:           43036 kB
Cached:           725096 kB
MemTotal:        1844596 kB
MemFree:          873096 kB
MemAvailable:    1531984 kB
Buffers:           43036 kB
Cached:           725096 kB
MemTotal:        1844596 kB
MemFree:          872768 kB
MemAvailable:    1531656 kB
Buffers:           43036 kB
Cached:           725096 kB
MemTotal:        1844596 kB
MemFree:          871104 kB
MemAvailable:    1529992 kB
Buffers:           43036 kB
Cached:           725096 kB
MemTotal:        1844596 kB
MemFree:          869352 kB
MemAvailable:    1528240 kB
Buffers:           43036 kB
Cached:           725096 kB
MemTotal:        1844596 kB
MemFree:          869436 kB
MemAvailable:    1528324 kB
Buffers:           43036 kB
Cached:           725096 kB
MemTotal:        1844596 kB
MemFree:          868864 kB
MemAvailable:    1527752 kB
Buffers:           43036 kB
Cached:           725096 kB
MemTotal:        1844596 kB
MemFree:          868948 kB
MemAvailable:    1527836 kB
Buffers:           43036 kB
Cached:           725096 kB
MemTotal:        1844596 kB
MemFree:          868476 kB
MemAvailable:    1527364 kB
Buffers:           43036 kB
Cached:           725096 kB
MemTotal:        1844596 kB
MemFree:          868560 kB
MemAvailable:    1527448 kB
Buffers:           43036 kB
Cached:           725096 kB
MemTotal:        1844596 kB
MemFree:          868172 kB
MemAvailable:    1527060 kB
Buffers:           43036 kB
Cached:           725096 kB
MemTotal:        1844596 kB
MemFree:          867808 kB
MemAvailable:    1526696 kB
Buffers:           43036 kB
Cached:           725096 kB
MemTotal:        1844596 kB
MemFree:          867732 kB
MemAvailable:    1526620 kB
Buffers:           43036 kB
Cached:           725096 kB
MemTotal:        1844596 kB
MemFree:          866500 kB
MemAvailable:    1525388 kB
Buffers:           43036 kB
Cached:           725096 kB
MemTotal:        1844596 kB
MemFree:          867740 kB
MemAvailable:    1526628 kB
Buffers:           43036 kB
Cached:           725096 kB
MemTotal:        1844596 kB
MemFree:          866492 kB
MemAvailable:    1525380 kB
Buffers:           43036 kB
Cached:           725096 kB
MemTotal:        1844596 kB
MemFree:          867444 kB
MemAvailable:    1526332 kB
Buffers:           43036 kB
Cached:           725096 kB
MemTotal:        1844596 kB
MemFree:          867524 kB
MemAvailable:    1526412 kB
Buffers:           43036 kB
Cached:           725096 kB
MemTotal:        1844596 kB
MemFree:          866340 kB
MemAvailable:    1525228 kB
Buffers:           43036 kB
Cached:           725096 kB
MemTotal:        1844596 kB
MemFree:          866872 kB
MemAvailable:    1525760 kB
Buffers:           43036 kB
Cached:           725096 kB
MemTotal:        1844596 kB
MemFree:          867208 kB
MemAvailable:    1526096 kB
Buffers:           43036 kB
Cached:           725096 kB
MemTotal:        1844596 kB
MemFree:          866604 kB
MemAvailable:    1525492 kB
Buffers:           43036 kB
Cached:           725096 kB
MemTotal:        1844596 kB
MemFree:          866856 kB
MemAvailable:    1525744 kB
Buffers:           43036 kB
Cached:           725096 kB
MemTotal:        1844596 kB
MemFree:          865368 kB
MemAvailable:    1524256 kB
Buffers:           43036 kB
Cached:           725096 kB
MemTotal:        1844596 kB
MemFree:          866560 kB
MemAvailable:    1525448 kB
Buffers:           43036 kB
Cached:           725096 kB
MemTotal:        1844596 kB
MemFree:          866560 kB
MemAvailable:    1525448 kB
Buffers:           43036 kB
Cached:           725096 kB
MemTotal:        1844596 kB
MemFree:          866452 kB
MemAvailable:    1525340 kB
Buffers:           43036 kB
Cached:           725096 kB
MemTotal:        1844596 kB
MemFree:          866708 kB
MemAvailable:    1525596 kB
Buffers:           43036 kB
Cached:           725096 kB
MemTotal:        1844596 kB
MemFree:          866864 kB
MemAvailable:    1525752 kB
Buffers:           43036 kB
Cached:           725096 kB
MemTotal:        1844596 kB
MemFree:          865372 kB
MemAvailable:    1524260 kB
Buffers:           43036 kB
Cached:           725096 kB
MemTotal:        1844596 kB
MemFree:          866880 kB
MemAvailable:    1525768 kB
Buffers:           43036 kB
Cached:           725096 kB
MemTotal:        1844596 kB
MemFree:          866244 kB
MemAvailable:    1525132 kB
Buffers:           43036 kB
Cached:           725096 kB
MemTotal:        1844596 kB
MemFree:          866144 kB
MemAvailable:    1525032 kB
Buffers:           43036 kB
Cached:           725096 kB
MemTotal:        1844596 kB
MemFree:          864848 kB
MemAvailable:    1523736 kB
Buffers:           43036 kB
Cached:           725096 kB
MemTotal:        1844596 kB
MemFree:          864848 kB
MemAvailable:    1523736 kB
Buffers:           43036 kB
Cached:           725096 kB
MemTotal:        1844596 kB
MemFree:          866148 kB
MemAvailable:    1525036 kB
Buffers:           43036 kB
Cached:           725096 kB
MemTotal:        1844596 kB
MemFree:          865028 kB
MemAvailable:    1523916 kB
Buffers:           43036 kB
Cached:           725096 kB
MemTotal:        1844596 kB
MemFree:          865760 kB
MemAvailable:    1524648 kB
Buffers:           43036 kB
Cached:           725096 kB
MemTotal:        1844596 kB
MemFree:          865712 kB
MemAvailable:    1524600 kB
Buffers:           43036 kB
Cached:           725096 kB
MemTotal:        1844596 kB
MemFree:          865708 kB
MemAvailable:    1524596 kB
Buffers:           43036 kB
Cached:           725096 kB
MemTotal:        1844596 kB
MemFree:          865672 kB
MemAvailable:    1524560 kB
Buffers:           43036 kB
Cached:           725096 kB
MemTotal:        1844596 kB
MemFree:          865708 kB
MemAvailable:    1524596 kB
Buffers:           43036 kB
Cached:           725096 kB
MemTotal:        1844596 kB
MemFree:          864360 kB
MemAvailable:    1523248 kB
Buffers:           43036 kB
Cached:           725096 kB
MemTotal:        1844596 kB
MemFree:          865660 kB
MemAvailable:    1524548 kB
Buffers:           43036 kB
Cached:           725096 kB
MemTotal:        1844596 kB
MemFree:          865844 kB
MemAvailable:    1524732 kB
Buffers:           43036 kB
Cached:           725096 kB
MemTotal:        1844596 kB
MemFree:          865592 kB
MemAvailable:    1524480 kB
Buffers:           43036 kB
Cached:           725096 kB
MemTotal:        1844596 kB
MemFree:          865444 kB
MemAvailable:    1524332 kB
Buffers:           43036 kB
Cached:           725096 kB
MemTotal:        1844596 kB
MemFree:          863292 kB
MemAvailable:    1522180 kB
Buffers:           43036 kB
Cached:           725096 kB
MemTotal:        1844596 kB
MemFree:          862300 kB
MemAvailable:    1521188 kB
Buffers:           43036 kB
Cached:           725096 kB
MemTotal:        1844596 kB
MemFree:          859076 kB
MemAvailable:    1517964 kB
Buffers:           43036 kB
Cached:           725096 kB
MemTotal:        1844596 kB
MemFree:          858580 kB
MemAvailable:    1517468 kB
Buffers:           43036 kB
Cached:           725096 kB
MemTotal:        1844596 kB
MemFree:          858208 kB
MemAvailable:    1517096 kB
Buffers:           43036 kB
Cached:           725096 kB
MemTotal:        1844596 kB
MemFree:          858064 kB
MemAvailable:    1516952 kB
Buffers:           43036 kB
Cached:           725096 kB
MemTotal:        1844596 kB
MemFree:          856464 kB
MemAvailable:    1515352 kB
Buffers:           43036 kB
Cached:           725096 kB
MemTotal:        1844596 kB
MemFree:          857092 kB
MemAvailable:    1515980 kB
Buffers:           43036 kB
Cached:           725096 kB
MemTotal:        1844596 kB
MemFree:          857560 kB
MemAvailable:    1516448 kB
Buffers:           43036 kB
Cached:           725096 kB
MemTotal:        1844596 kB
MemFree:          857896 kB
MemAvailable:    1516784 kB
Buffers:           43036 kB
Cached:           725096 kB
MemTotal:        1844596 kB
MemFree:          856568 kB
MemAvailable:    1515456 kB
Buffers:           43036 kB
Cached:           725096 kB
MemTotal:        1844596 kB
MemFree:          857628 kB
MemAvailable:    1516516 kB
Buffers:           43036 kB
Cached:           725096 kB
MemTotal:        1844596 kB
MemFree:          858060 kB
MemAvailable:    1516948 kB
Buffers:           43036 kB
Cached:           725096 kB
MemTotal:        1844596 kB
MemFree:          856464 kB
MemAvailable:    1515352 kB
Buffers:           43036 kB
Cached:           725096 kB
MemTotal:        1844596 kB
MemFree:          856968 kB
MemAvailable:    1515856 kB
Buffers:           43036 kB
Cached:           725096 kB
MemTotal:        1844596 kB
MemFree:          857084 kB
MemAvailable:    1515980 kB
Buffers:           43036 kB
Cached:           725104 kB
MemTotal:        1844596 kB
MemFree:          857952 kB
MemAvailable:    1516848 kB
Buffers:           43036 kB
Cached:           725104 kB
MemTotal:        1844596 kB
MemFree:          857952 kB
MemAvailable:    1516848 kB
Buffers:           43036 kB
Cached:           725104 kB
MemTotal:        1844596 kB
MemFree:          857572 kB
MemAvailable:    1516468 kB
Buffers:           43036 kB
Cached:           725104 kB
MemTotal:        1844596 kB
MemFree:          856332 kB
MemAvailable:    1515228 kB
Buffers:           43036 kB
Cached:           725104 kB
MemTotal:        1844596 kB
MemFree:          856092 kB
MemAvailable:    1514988 kB
Buffers:           43036 kB
Cached:           725104 kB
MemTotal:        1844596 kB
MemFree:          855604 kB
MemAvailable:    1514500 kB
Buffers:           43036 kB
Cached:           725104 kB
MemTotal:        1844596 kB
MemFree:          855720 kB
MemAvailable:    1514620 kB
Buffers:           43036 kB
Cached:           725108 kB
MemTotal:        1844596 kB
MemFree:          856348 kB
MemAvailable:    1515248 kB
Buffers:           43036 kB
Cached:           725108 kB
MemTotal:        1844596 kB
MemFree:          856092 kB
MemAvailable:    1514992 kB
Buffers:           43036 kB
Cached:           725108 kB
MemTotal:        1844596 kB
MemFree:          856092 kB
MemAvailable:    1514992 kB
Buffers:           43036 kB
Cached:           725108 kB
MemTotal:        1844596 kB
MemFree:          853860 kB
MemAvailable:    1512760 kB
Buffers:           43036 kB
Cached:           725108 kB
MemTotal:        1844596 kB
MemFree:          855144 kB
MemAvailable:    1514044 kB
Buffers:           43036 kB
Cached:           725108 kB
MemTotal:        1844596 kB
MemFree:          854000 kB
MemAvailable:    1512900 kB
Buffers:           43036 kB
Cached:           725108 kB
MemTotal:        1844596 kB
MemFree:          854364 kB
MemAvailable:    1513264 kB
Buffers:           43036 kB
Cached:           725108 kB
MemTotal:        1844596 kB
MemFree:          854108 kB
MemAvailable:    1513008 kB
Buffers:           43036 kB
Cached:           725108 kB
MemTotal:        1844596 kB
MemFree:          854164 kB
MemAvailable:    1513064 kB
Buffers:           43036 kB
Cached:           725108 kB
MemTotal:        1844596 kB
MemFree:          853924 kB
MemAvailable:    1512824 kB
Buffers:           43036 kB
Cached:           725108 kB
MemTotal:        1844596 kB
MemFree:          854176 kB
MemAvailable:    1513076 kB
Buffers:           43036 kB
Cached:           725108 kB
MemTotal:        1844596 kB
MemFree:          852736 kB
MemAvailable:    1511636 kB
Buffers:           43036 kB
Cached:           725108 kB
MemTotal:        1844596 kB
MemFree:          854108 kB
MemAvailable:    1513008 kB
Buffers:           43036 kB
Cached:           725108 kB
MemTotal:        1844596 kB
MemFree:          854044 kB
MemAvailable:    1512944 kB
Buffers:           43036 kB
Cached:           725108 kB
MemTotal:        1844596 kB
MemFree:          852992 kB
MemAvailable:    1511892 kB
Buffers:           43036 kB
Cached:           725108 kB
MemTotal:        1844596 kB
MemFree:          853968 kB
MemAvailable:    1512868 kB
Buffers:           43036 kB
Cached:           725108 kB
MemTotal:        1844596 kB
MemFree:          853976 kB
MemAvailable:    1512876 kB
Buffers:           43036 kB
Cached:           725108 kB
MemTotal:        1844596 kB
MemFree:          854028 kB
MemAvailable:    1512928 kB
Buffers:           43036 kB
Cached:           725108 kB
MemTotal:        1844596 kB
MemFree:          853716 kB
MemAvailable:    1512616 kB
Buffers:           43036 kB
Cached:           725108 kB
MemTotal:        1844596 kB
MemFree:          852256 kB
MemAvailable:    1511156 kB
Buffers:           43036 kB
Cached:           725108 kB
MemTotal:        1844596 kB
MemFree:          852380 kB
MemAvailable:    1511280 kB
Buffers:           43036 kB
Cached:           725108 kB
MemTotal:        1844596 kB
MemFree:          849280 kB
MemAvailable:    1508180 kB
Buffers:           43036 kB
Cached:           725108 kB
MemTotal:        1844596 kB
MemFree:          848528 kB
MemAvailable:    1507428 kB
Buffers:           43036 kB
Cached:           725108 kB
MemTotal:        1844596 kB
MemFree:          848528 kB
MemAvailable:    1507428 kB
Buffers:           43036 kB
Cached:           725108 kB
MemTotal:        1844596 kB
MemFree:          848156 kB
MemAvailable:    1507056 kB
Buffers:           43036 kB
Cached:           725108 kB
MemTotal:        1844596 kB
MemFree:          848212 kB
MemAvailable:    1507112 kB
Buffers:           43036 kB
Cached:           725108 kB
MemTotal:        1844596 kB
MemFree:          846904 kB
MemAvailable:    1505804 kB
Buffers:           43036 kB
Cached:           725108 kB
MemTotal:        1844596 kB
MemFree:          847880 kB
MemAvailable:    1506780 kB
Buffers:           43036 kB
Cached:           725108 kB
MemTotal:        1844596 kB
MemFree:          848216 kB
MemAvailable:    1507116 kB
Buffers:           43036 kB
Cached:           725108 kB
MemTotal:        1844596 kB
MemFree:          847888 kB
MemAvailable:    1506788 kB
Buffers:           43036 kB
Cached:           725108 kB
MemTotal:        1844596 kB
MemFree:          847944 kB
MemAvailable:    1506844 kB
Buffers:           43036 kB
Cached:           725108 kB
MemTotal:        1844596 kB
MemFree:          846636 kB
MemAvailable:    1505536 kB
Buffers:           43036 kB
Cached:           725108 kB
MemTotal:        1844596 kB
MemFree:          847612 kB
MemAvailable:    1506512 kB
Buffers:           43036 kB
Cached:           725108 kB
MemTotal:        1844596 kB
MemFree:          847696 kB
MemAvailable:    1506596 kB
Buffers:           43036 kB
Cached:           725108 kB
MemTotal:        1844596 kB
MemFree:          846668 kB
MemAvailable:    1505568 kB
Buffers:           43036 kB
Cached:           725108 kB
MemTotal:        1844596 kB
MemFree:          846924 kB
MemAvailable:    1505824 kB
Buffers:           43036 kB
Cached:           725108 kB
MemTotal:        1844596 kB
MemFree:          844552 kB
MemAvailable:    1503452 kB
Buffers:           43036 kB
Cached:           725108 kB
MemTotal:        1844596 kB
MemFree:          844804 kB
MemAvailable:    1503704 kB
Buffers:           43036 kB
Cached:           725108 kB
MemTotal:        1844596 kB
MemFree:          843264 kB
MemAvailable:    1502164 kB
Buffers:           43036 kB
Cached:           725108 kB
MemTotal:        1844596 kB
MemFree:          844636 kB
MemAvailable:    1503536 kB
Buffers:           43036 kB
Cached:           725108 kB
MemTotal:        1844596 kB
MemFree:          844628 kB
MemAvailable:    1503528 kB
Buffers:           43036 kB
Cached:           725108 kB
MemTotal:        1844596 kB
MemFree:          844884 kB
MemAvailable:    1503784 kB
Buffers:           43036 kB
Cached:           725108 kB
MemTotal:        1844596 kB
MemFree:          843548 kB
MemAvailable:    1502448 kB
Buffers:           43036 kB
Cached:           725108 kB
MemTotal:        1844596 kB
MemFree:          846420 kB
MemAvailable:    1505320 kB
Buffers:           43036 kB
Cached:           725108 kB
MemTotal:        1844596 kB
MemFree:          846588 kB
MemAvailable:    1505488 kB
Buffers:           43036 kB
Cached:           725108 kB
MemTotal:        1844596 kB
MemFree:          846544 kB
MemAvailable:    1505528 kB
Buffers:           43036 kB
Cached:           725232 kB
MemTotal:        1844596 kB
MemFree:          845684 kB
MemAvailable:    1504752 kB
Buffers:           43036 kB
Cached:           725232 kB
MemTotal:        1844596 kB
MemFree:          846416 kB
MemAvailable:    1505568 kB
Buffers:           43036 kB
Cached:           725356 kB
MemTotal:        1844596 kB
MemFree:          846220 kB
MemAvailable:    1505456 kB
Buffers:           43036 kB
Cached:           725480 kB
MemTotal:        1844596 kB
MemFree:          844872 kB
MemAvailable:    1504192 kB
Buffers:           43036 kB
Cached:           725604 kB
MemTotal:        1844596 kB
MemFree:          845972 kB
MemAvailable:    1505460 kB
Buffers:           43036 kB
Cached:           725604 kB
MemTotal:        1844596 kB
MemFree:          846308 kB
MemAvailable:    1505796 kB
Buffers:           43036 kB
Cached:           725604 kB
MemTotal:        1844596 kB
MemFree:          846064 kB
MemAvailable:    1505552 kB
Buffers:           43036 kB
Cached:           725728 kB
MemTotal:        1844596 kB
MemFree:          845188 kB
MemAvailable:    1504676 kB
Buffers:           43036 kB
Cached:           725728 kB
MemTotal:        1844596 kB
MemFree:          845792 kB
MemAvailable:    1505280 kB
Buffers:           43036 kB
Cached:           725728 kB
MemTotal:        1844596 kB
MemFree:          846108 kB
MemAvailable:    1505596 kB
Buffers:           43036 kB
Cached:           725728 kB
MemTotal:        1844596 kB
MemFree:          845992 kB
MemAvailable:    1505480 kB
Buffers:           43036 kB
Cached:           725728 kB
MemTotal:        1844596 kB
MemFree:          845836 kB
MemAvailable:    1505324 kB
Buffers:           43036 kB
Cached:           725728 kB
MemTotal:        1844596 kB
MemFree:          845836 kB
MemAvailable:    1505324 kB
Buffers:           43036 kB
Cached:           725728 kB
MemTotal:        1844596 kB
MemFree:          845908 kB
MemAvailable:    1504808 kB
Buffers:           43036 kB
Cached:           725096 kB
MemTotal:        1844596 kB
MemFree:          845676 kB
MemAvailable:    1504576 kB
Buffers:           43036 kB
Cached:           725096 kB
MemTotal:        1844596 kB
MemFree:          915008 kB
MemAvailable:    1573908 kB
Buffers:           43036 kB
Cached:           725096 kB
