MemTotal:        1844596 kB
MemFree:          664940 kB
MemAvailable:    1528096 kB
Buffers:           64688 kB
Cached:           895628 kB
MemTotal:        1844596 kB
MemFree:          663692 kB
MemAvailable:    1526848 kB
Buffers:           64688 kB
Cached:           895628 kB
MemTotal:        1844596 kB
MemFree:          659972 kB
MemAvailable:    1523128 kB
Buffers:           64688 kB
Cached:           895628 kB
MemTotal:        1844596 kB
MemFree:          658608 kB
MemAvailable:    1521764 kB
Buffers:           64688 kB
Cached:           895628 kB
MemTotal:        1844596 kB
MemFree:          659724 kB
MemAvailable:    1522880 kB
Buffers:           64688 kB
Cached:           895628 kB
MemTotal:        1844596 kB
MemFree:          657700 kB
MemAvailable:    1520856 kB
Buffers:           64688 kB
Cached:           895628 kB
MemTotal:        1844596 kB
MemFree:          657700 kB
MemAvailable:    1520856 kB
Buffers:           64688 kB
Cached:           895628 kB
MemTotal:        1844596 kB
MemFree:          653400 kB
MemAvailable:    1516556 kB
Buffers:           64688 kB
Cached:           895628 kB
MemTotal:        1844596 kB
MemFree:          648944 kB
MemAvailable:    1512100 kB
Buffers:           64688 kB
Cached:           895628 kB
MemTotal:        1844596 kB
MemFree:          649780 kB
MemAvailable:    1512936 kB
Buffers:           64688 kB
Cached:           895628 kB
MemTotal:        1844596 kB
MemFree:          649112 kB
MemAvailable:    1512268 kB
Buffers:           64688 kB
Cached:           895628 kB
MemTotal:        1844596 kB
MemFree:          649840 kB
MemAvailable:    1512996 kB
Buffers:           64688 kB
Cached:           895628 kB
MemTotal:        1844596 kB
MemFree:          650012 kB
MemAvailable:    1513168 kB
Buffers:           64688 kB
Cached:           895628 kB
MemTotal:        1844596 kB
MemFree:          648508 kB
MemAvailable:    1511664 kB
Buffers:           64688 kB
Cached:           895628 kB
MemTotal:        1844596 kB
MemFree:          648640 kB
MemAvailable:    1511796 kB
Buffers:           64688 kB
Cached:           895628 kB
MemTotal:        1844596 kB
MemFree:          648432 kB
MemAvailable:    1511588 kB
Buffers:           64688 kB
Cached:           895628 kB
MemTotal:        1844596 kB
MemFree:          648432 kB
MemAvailable:    1511588 kB
Buffers:           64688 kB
Cached:           895628 kB
MemTotal:        1844596 kB
MemFree:          647580 kB
MemAvailable:    1510736 kB
Buffers:           64688 kB
Cached:           895628 kB
MemTotal:        1844596 kB
MemFree:          647508 kB
MemAvailable:    1510664 kB
Buffers:           64688 kB
Cached:           895628 kB
MemTotal:        1844596 kB
MemFree:          646332 kB
MemAvailable:    1509488 kB
Buffers:           64688 kB
Cached:           895628 kB
MemTotal:        1844596 kB
MemFree:          647440 kB
MemAvailable:    1510596 kB
Buffers:           64688 kB
Cached:           895628 kB
MemTotal:        1844596 kB
MemFree:          647696 kB
MemAvailable:    1510852 kB
Buffers:           64688 kB
Cached:           895628 kB
MemTotal:        1844596 kB
MemFree:          647260 kB
MemAvailable:    1510416 kB
Buffers:           64688 kB
Cached:           895628 kB
MemTotal:        1844596 kB
MemFree:          646656 kB
MemAvailable:    1509812 kB
Buffers:           64688 kB
Cached:           895628 kB
MemTotal:        1844596 kB
MemFree:          647368 kB
MemAvailable:    1510528 kB
Buffers:           64688 kB
Cached:           895632 kB
MemTotal:        1844596 kB
MemFree:          647588 kB
MemAvailable:    1510748 kB
Buffers:           64688 kB
Cached:           895632 kB
MemTotal:        1844596 kB
MemFree:          647500 kB
MemAvailable:    1510660 kB
Buffers:           64688 kB
Cached:           895632 kB
MemTotal:        1844596 kB
MemFree:          648740 kB
MemAvailable:    1511900 kB
Buffers:           64688 kB
Cached:           895632 kB
MemTotal:        1844596 kB
MemFree:          647392 kB
MemAvailable:    1510552 kB
Buffers:           64688 kB
Cached:           895632 kB
MemTotal:        1844596 kB
MemFree:          644472 kB
MemAvailable:    1507632 kB
Buffers:           64688 kB
Cached:           895632 kB
MemTotal:        1844596 kB
MemFree:          645184 kB
MemAvailable:    1508344 kB
Buffers:           64688 kB
Cached:           895632 kB
MemTotal:        1844596 kB
MemFree:          643488 kB
MemAvailable:    1506648 kB
Buffers:           64688 kB
Cached:           895632 kB
MemTotal:        1844596 kB
MemFree:          644100 kB
MemAvailable:    1507260 kB
Buffers:           64688 kB
Cached:           895632 kB
MemTotal:        1844596 kB
MemFree:          644184 kB
MemAvailable:    1507344 kB
Buffers:           64688 kB
Cached:           895632 kB
MemTotal:        1844596 kB
MemFree:          643488 kB
MemAvailable:    1506648 kB
Buffers:           64688 kB
Cached:           895632 kB
MemTotal:        1844596 kB
MemFree:          642364 kB
MemAvailable:    1505524 kB
Buffers:           64688 kB
Cached:           895632 kB
MemTotal:        1844596 kB
MemFree:          643416 kB
MemAvailable:    1506576 kB
Buffers:           64688 kB
Cached:           895632 kB
MemTotal:        1844596 kB
MemFree:          643224 kB
MemAvailable:    1506384 kB
Buffers:           64688 kB
Cached:           895632 kB
MemTotal:        1844596 kB
MemFree:          642108 kB
MemAvailable:    1505268 kB
Buffers:           64688 kB
Cached:           895632 kB
MemTotal:        1844596 kB
MemFree:          642984 kB
MemAvailable:    1506144 kB
Buffers:           64688 kB
Cached:           895632 kB
MemTotal:        1844596 kB
MemFree:          642876 kB
MemAvailable:    1506036 kB
Buffers:           64688 kB
Cached:           895632 kB
MemTotal:        1844596 kB
MemFree:          641488 kB
MemAvailable:    1504648 kB
Buffers:           64688 kB
Cached:           895632 kB
MemTotal:        1844596 kB
MemFree:          642356 kB
MemAvailable:    1505516 kB
Buffers:           64688 kB
Cached:           895632 kB
MemTotal:        1844596 kB
MemFree:          642440 kB
MemAvailable:    1505600 kB
Buffers:           64688 kB
Cached:           895632 kB
MemTotal:        1844596 kB
MemFree:          642440 kB
MemAvailable:    1505600 kB
Buffers:           64688 kB
Cached:           895632 kB
MemTotal:        1844596 kB
MemFree:          641092 kB
MemAvailable:    1504252 kB
Buffers:           64688 kB
Cached:           895632 kB
MemTotal:        1844596 kB
MemFree:          642392 kB
MemAvailable:    1505552 kB
Buffers:           64688 kB
Cached:           895632 kB
MemTotal:        1844596 kB
MemFree:          641124 kB
MemAvailable:    1504284 kB
Buffers:           64688 kB
Cached:           895632 kB
MemTotal:        1844596 kB
MemFree:          642224 kB
MemAvailable:    1505384 kB
Buffers:           64688 kB
Cached:           895632 kB
MemTotal:        1844596 kB
MemFree:          642476 kB
MemAvailable:    1505636 kB
Buffers:           64688 kB
Cached:           895632 kB
MemTotal:        1844596 kB
MemFree:          642120 kB
MemAvailable:    1505280 kB
Buffers:           64688 kB
Cached:           895632 kB
MemTotal:        1844596 kB
MemFree:          642312 kB
MemAvailable:    1505472 kB
Buffers:           64688 kB
Cached:           895632 kB
MemTotal:        1844596 kB
MemFree:          641504 kB
MemAvailable:    1504664 kB
Buffers:           64688 kB
Cached:           895632 kB
MemTotal:        1844596 kB
MemFree:          641992 kB
MemAvailable:    1505156 kB
Buffers:           64688 kB
Cached:           895636 kB
MemTotal:        1844596 kB
MemFree:          641388 kB
MemAvailable:    1504552 kB
Buffers:           64688 kB
Cached:           895636 kB
MemTotal:        1844596 kB
MemFree:          641704 kB
MemAvailable:    1504868 kB
Buffers:           64688 kB
Cached:           895636 kB
MemTotal:        1844596 kB
MemFree:          640332 kB
MemAvailable:    1503496 kB
Buffers:           64688 kB
Cached:           895636 kB
MemTotal:        1844596 kB
MemFree:          641632 kB
MemAvailable:    1504796 kB
Buffers:           64688 kB
Cached:           895636 kB
MemTotal:        1844596 kB
MemFree:          640512 kB
MemAvailable:    1503676 kB
Buffers:           64688 kB
Cached:           895636 kB
MemTotal:        1844596 kB
MemFree:          641228 kB
MemAvailable:    1504392 kB
Buffers:           64688 kB
Cached:           895636 kB
MemTotal:        1844596 kB
MemFree:          641480 kB
MemAvailable:    1504644 kB
Buffers:           64688 kB
Cached:           895636 kB
MemTotal:        1844596 kB
MemFree:          640084 kB
MemAvailable:    1503248 kB
Buffers:           64688 kB
Cached:           895636 kB
MemTotal:        1844596 kB
MemFree:          641448 kB
MemAvailable:    1504612 kB
Buffers:           64688 kB
Cached:           895636 kB
MemTotal:        1844596 kB
MemFree:          641228 kB
MemAvailable:    1504392 kB
Buffers:           64688 kB
Cached:           895636 kB
MemTotal:        1844596 kB
MemFree:          641228 kB
MemAvailable:    1504392 kB
Buffers:           64688 kB
Cached:           895636 kB
MemTotal:        1844596 kB
MemFree:          640364 kB
MemAvailable:    1503528 kB
Buffers:           64688 kB
Cached:           895636 kB
MemTotal:        1844596 kB
MemFree:          641124 kB
MemAvailable:    1504288 kB
Buffers:           64688 kB
Cached:           895636 kB
MemTotal:        1844596 kB
MemFree:          639264 kB
MemAvailable:    1502428 kB
Buffers:           64688 kB
Cached:           895636 kB
MemTotal:        1844596 kB
MemFree:          639032 kB
MemAvailable:    1502196 kB
Buffers:           64688 kB
Cached:           895636 kB
MemTotal:        1844596 kB
MemFree:          636420 kB
MemAvailable:    1499584 kB
Buffers:           64688 kB
Cached:           895636 kB
MemTotal:        1844596 kB
MemFree:          633940 kB
MemAvailable:    1497104 kB
Buffers:           64688 kB
Cached:           895636 kB
MemTotal:        1844596 kB
MemFree:          633744 kB
MemAvailable:    1496908 kB
Buffers:           64688 kB
Cached:           895636 kB
MemTotal:        1844596 kB
MemFree:          632328 kB
MemAvailable:    1495492 kB
Buffers:           64688 kB
Cached:           895636 kB
MemTotal:        1844596 kB
MemFree:          633312 kB
MemAvailable:    1496476 kB
Buffers:           64688 kB
Cached:           895636 kB
MemTotal:        1844596 kB
MemFree:          633312 kB
MemAvailable:    1496476 kB
Buffers:           64688 kB
Cached:           895636 kB
MemTotal:        1844596 kB
MemFree:          632072 kB
MemAvailable:    1495236 kB
Buffers:           64688 kB
Cached:           895636 kB
MemTotal:        1844596 kB
MemFree:          632072 kB
MemAvailable:    1495236 kB
Buffers:           64688 kB
Cached:           895636 kB
MemTotal:        1844596 kB
MemFree:          633396 kB
MemAvailable:    1496560 kB
Buffers:           64688 kB
Cached:           895636 kB
MemTotal:        1844596 kB
MemFree:          632444 kB
MemAvailable:    1495608 kB
Buffers:           64688 kB
Cached:           895636 kB
MemTotal:        1844596 kB
MemFree:          633224 kB
MemAvailable:    1496392 kB
Buffers:           64688 kB
Cached:           895640 kB
MemTotal:        1844596 kB
MemFree:          633224 kB
MemAvailable:    1496392 kB
Buffers:           64688 kB
Cached:           895640 kB
MemTotal:        1844596 kB
MemFree:          633308 kB
MemAvailable:    1496476 kB
Buffers:           64688 kB
Cached:           895640 kB
MemTotal:        1844596 kB
MemFree:          632184 kB
MemAvailable:    1495352 kB
Buffers:           64688 kB
Cached:           895640 kB
MemTotal:        1844596 kB
MemFree:          632060 kB
MemAvailable:    1495228 kB
Buffers:           64688 kB
Cached:           895640 kB
MemTotal:        1844596 kB
MemFree:          632308 kB
MemAvailable:    1495476 kB
Buffers:           64688 kB
Cached:           895640 kB
MemTotal:        1844596 kB
MemFree:          632684 kB
MemAvailable:    1495852 kB
Buffers:           64688 kB
Cached:           895640 kB
MemTotal:        1844596 kB
MemFree:          631832 kB
MemAvailable:    1495000 kB
Buffers:           64688 kB
Cached:           895640 kB
MemTotal:        1844596 kB
MemFree:          632396 kB
MemAvailable:    1495564 kB
Buffers:           64688 kB
Cached:           895640 kB
MemTotal:        1844596 kB
MemFree:          631956 kB
MemAvailable:    1495124 kB
Buffers:           64688 kB
Cached:           895640 kB
MemTotal:        1844596 kB
MemFree:          630716 kB
MemAvailable:    1493884 kB
Buffers:           64688 kB
Cached:           895640 kB
MemTotal:        1844596 kB
MemFree:          631396 kB
MemAvailable:    1494564 kB
Buffers:           64688 kB
Cached:           895640 kB
MemTotal:        1844596 kB
MemFree:          631648 kB
MemAvailable:    1494816 kB
Buffers:           64688 kB
Cached:           895640 kB
MemTotal:        1844596 kB
MemFree:          630716 kB
MemAvailable:    1493884 kB
Buffers:           64688 kB
Cached:           895640 kB
MemTotal:        1844596 kB
MemFree:          629344 kB
MemAvailable:    1492512 kB
Buffers:           64688 kB
Cached:           895640 kB
MemTotal:        1844596 kB
MemFree:          629840 kB
MemAvailable:    1493008 kB
Buffers:           64688 kB
Cached:           895640 kB
MemTotal:        1844596 kB
MemFree:          629608 kB
MemAvailable:    1492776 kB
Buffers:           64688 kB
Cached:           895640 kB
MemTotal:        1844596 kB
MemFree:          629716 kB
MemAvailable:    1492884 kB
Buffers:           64688 kB
Cached:           895640 kB
MemTotal:        1844596 kB
MemFree:          629968 kB
MemAvailable:    1493136 kB
Buffers:           64688 kB
Cached:           895640 kB
MemTotal:        1844596 kB
MemFree:          629592 kB
MemAvailable:    1492760 kB
Buffers:           64688 kB
Cached:           895640 kB
MemTotal:        1844596 kB
MemFree:          628344 kB
MemAvailable:    1491512 kB
Buffers:           64688 kB
Cached:           895640 kB
MemTotal:        1844596 kB
MemFree:          628220 kB
MemAvailable:    1491388 kB
Buffers:           64688 kB
Cached:           895640 kB
MemTotal:        1844596 kB
MemFree:          628212 kB
MemAvailable:    1491380 kB
Buffers:           64688 kB
Cached:           895640 kB
MemTotal:        1844596 kB
MemFree:          628228 kB
MemAvailable:    1491400 kB
Buffers:           64688 kB
Cached:           895644 kB
MemTotal:        1844596 kB
MemFree:          628360 kB
MemAvailable:    1491532 kB
Buffers:           64688 kB
Cached:           895644 kB
MemTotal:        1844596 kB
MemFree:          628352 kB
MemAvailable:    1491524 kB
Buffers:           64688 kB
Cached:           895644 kB
MemTotal:        1844596 kB
MemFree:          628840 kB
MemAvailable:    1492012 kB
Buffers:           64688 kB
Cached:           895644 kB
MemTotal:        1844596 kB
MemFree:          628732 kB
MemAvailable:    1491904 kB
Buffers:           64688 kB
Cached:           895644 kB
MemTotal:        1844596 kB
MemFree:          628676 kB
MemAvailable:    1491848 kB
Buffers:           64688 kB
Cached:           895644 kB
MemTotal:        1844596 kB
MemFree:          624508 kB
MemAvailable:    1487680 kB
Buffers:           64688 kB
Cached:           895644 kB
MemTotal:        1844596 kB
MemFree:          624268 kB
MemAvailable:    1487440 kB
Buffers:           64688 kB
Cached:           895644 kB
MemTotal:        1844596 kB
MemFree:          624020 kB
MemAvailable:    1487192 kB
Buffers:           64688 kB
Cached:           895644 kB
MemTotal:        1844596 kB
MemFree:          624020 kB
MemAvailable:    1487192 kB
Buffers:           64688 kB
Cached:           895644 kB
MemTotal:        1844596 kB
MemFree:          622904 kB
MemAvailable:    1486076 kB
Buffers:           64688 kB
Cached:           895644 kB
MemTotal:        1844596 kB
MemFree:          623620 kB
MemAvailable:    1486792 kB
Buffers:           64688 kB
Cached:           895644 kB
MemTotal:        1844596 kB
MemFree:          623620 kB
MemAvailable:    1486792 kB
Buffers:           64688 kB
Cached:           895644 kB
MemTotal:        1844596 kB
MemFree:          623452 kB
MemAvailable:    1486624 kB
Buffers:           64688 kB
Cached:           895644 kB
MemTotal:        1844596 kB
MemFree:          623452 kB
MemAvailable:    1486624 kB
Buffers:           64688 kB
Cached:           895644 kB
MemTotal:        1844596 kB
MemFree:          623336 kB
MemAvailable:    1486508 kB
Buffers:           64688 kB
Cached:           895644 kB
MemTotal:        1844596 kB
MemFree:          623588 kB
MemAvailable:    1486760 kB
Buffers:           64688 kB
Cached:           895644 kB
MemTotal:        1844596 kB
MemFree:          623380 kB
MemAvailable:    1486552 kB
Buffers:           64688 kB
Cached:           895644 kB
MemTotal:        1844596 kB
MemFree:          623464 kB
MemAvailable:    1486636 kB
Buffers:           64688 kB
Cached:           895644 kB
MemTotal:        1844596 kB
MemFree:          621532 kB
MemAvailable:    1484704 kB
Buffers:           64688 kB
Cached:           895644 kB
MemTotal:        1844596 kB
MemFree:          620664 kB
MemAvailable:    1483836 kB
Buffers:           64688 kB
Cached:           895644 kB
MemTotal:        1844596 kB
MemFree:          620416 kB
MemAvailable:    1483588 kB
Buffers:           64688 kB
Cached:           895644 kB
MemTotal:        1844596 kB
MemFree:          620108 kB
MemAvailable:    1483280 kB
Buffers:           64688 kB
Cached:           895644 kB
MemTotal:        1844596 kB
MemFree:          620364 kB
MemAvailable:    1483536 kB
Buffers:           64688 kB
Cached:           895644 kB
MemTotal:        1844596 kB
MemFree:          620096 kB
MemAvailable:    1483268 kB
Buffers:           64688 kB
Cached:           895644 kB
MemTotal:        1844596 kB
MemFree:          620432 kB
MemAvailable:    1483604 kB
Buffers:           64688 kB
Cached:           895644 kB
MemTotal:        1844596 kB
MemFree:          622224 kB
MemAvailable:    1485396 kB
Buffers:           64688 kB
Cached:           895644 kB
MemTotal:        1844596 kB
MemFree:          622476 kB
MemAvailable:    1485648 kB
Buffers:           64688 kB
Cached:           895644 kB
MemTotal:        1844596 kB
MemFree:          621104 kB
MemAvailable:    1484276 kB
Buffers:           64688 kB
Cached:           895768 kB
MemTotal:        1844596 kB
MemFree:          621112 kB
MemAvailable:    1484452 kB
Buffers:           64688 kB
Cached:           895768 kB
MemTotal:        1844596 kB
MemFree:          622036 kB
MemAvailable:    1485460 kB
Buffers:           64688 kB
Cached:           895892 kB
MemTotal:        1844596 kB
MemFree:          621020 kB
MemAvailable:    1484612 kB
Buffers:           64688 kB
Cached:           896016 kB
MemTotal:        1844596 kB
MemFree:          620912 kB
MemAvailable:    1484504 kB
Buffers:           64688 kB
Cached:           896016 kB
MemTotal:        1844596 kB
MemFree:          620592 kB
MemAvailable:    1484352 kB
Buffers:           64688 kB
Cached:           896140 kB
MemTotal:        1844596 kB
MemFree:          620292 kB
MemAvailable:    1484052 kB
Buffers:           64688 kB
Cached:           896140 kB
MemTotal:        1844596 kB
MemFree:          619360 kB
MemAvailable:    1483120 kB
Buffers:           64688 kB
Cached:           896140 kB
MemTotal:        1844596 kB
MemFree:          620608 kB
MemAvailable:    1484368 kB
Buffers:           64688 kB
Cached:           896264 kB
MemTotal:        1844596 kB
MemFree:          620668 kB
MemAvailable:    1484428 kB
Buffers:           64688 kB
Cached:           896264 kB
MemTotal:        1844596 kB
MemFree:          620704 kB
MemAvailable:    1484464 kB
Buffers:           64688 kB
Cached:           896264 kB
MemTotal:        1844596 kB
MemFree:          619480 kB
MemAvailable:    1483240 kB
Buffers:           64688 kB
Cached:           896264 kB
MemTotal:        1844596 kB
MemFree:          619224 kB
MemAvailable:    1482984 kB
Buffers:           64688 kB
Cached:           896264 kB
MemTotal:        1844596 kB
MemFree:          620692 kB
MemAvailable:    1484452 kB
Buffers:           64688 kB
Cached:           896264 kB
MemTotal:        1844596 kB
MemFree:          619260 kB
MemAvailable:    1483104 kB
Buffers:           64688 kB
Cached:           896388 kB
MemTotal:        1844596 kB
MemFree:          620004 kB
MemAvailable:    1483176 kB
Buffers:           64688 kB
Cached:           895632 kB
MemTotal:        1844596 kB
MemFree:          688392 kB
MemAvailable:    1551548 kB
Buffers:           64688 kB
Cached:           895584 kB
