MemTotal:        1844596 kB
MemFree:         1001480 kB
MemAvailable:    1563872 kB
Buffers:           28636 kB
Cached:           633868 kB
MemTotal:        1844596 kB
MemFree:          998240 kB
MemAvailable:    1560632 kB
Buffers:           28636 kB
Cached:           633868 kB
MemTotal:        1844596 kB
MemFree:          998192 kB
MemAvailable:    1560584 kB
Buffers:           28636 kB
Cached:           633868 kB
MemTotal:        1844596 kB
MemFree:          996132 kB
MemAvailable:    1558524 kB
Buffers:           28636 kB
Cached:           633868 kB
MemTotal:        1844596 kB
MemFree:          996132 kB
MemAvailable:    1558524 kB
Buffers:           28636 kB
Cached:           633868 kB
MemTotal:        1844596 kB
MemFree:          995156 kB
MemAvailable:    1557548 kB
Buffers:           28636 kB
Cached:           633868 kB
MemTotal:        1844596 kB
MemFree:          994952 kB
MemAvailable:    1557344 kB
Buffers:           28636 kB
Cached:           633868 kB
MemTotal:        1844596 kB
MemFree:          993916 kB
MemAvailable:    1556308 kB
Buffers:           28636 kB
Cached:           633868 kB
MemTotal:        1844596 kB
MemFree:          993164 kB
MemAvailable:    1555560 kB
Buffers:           28636 kB
Cached:           633872 kB
MemTotal:        1844596 kB
MemFree:          990676 kB
MemAvailable:    1553072 kB
Buffers:           28636 kB
Cached:           633872 kB
MemTotal:        1844596 kB
MemFree:          990760 kB
MemAvailable:    1553156 kB
Buffers:           28636 kB
Cached:           633872 kB
MemTotal:        1844596 kB
MemFree:          985336 kB
MemAvailable:    1547732 kB
Buffers:           28636 kB
Cached:           633872 kB
MemTotal:        1844596 kB
MemFree:          985336 kB
MemAvailable:    1547732 kB
Buffers:           28636 kB
Cached:           633872 kB
MemTotal:        1844596 kB
MemFree:          985092 kB
MemAvailable:    1547488 kB
Buffers:           28636 kB
Cached:           633872 kB
MemTotal:        1844596 kB
MemFree:          985072 kB
MemAvailable:    1547468 kB
Buffers:           28636 kB
Cached:           633872 kB
MemTotal:        1844596 kB
MemFree:          984120 kB
MemAvailable:    1546516 kB
Buffers:           28636 kB
Cached:           633872 kB
MemTotal:        1844596 kB
MemFree:          984860 kB
MemAvailable:    1547256 kB
Buffers:           28636 kB
Cached:           633872 kB
MemTotal:        1844596 kB
MemFree:          985056 kB
MemAvailable:    1547452 kB
Buffers:           28636 kB
Cached:           633872 kB
MemTotal:        1844596 kB
MemFree:          984856 kB
MemAvailable:    1547252 kB
Buffers:           28636 kB
Cached:           633872 kB
MemTotal:        1844596 kB
MemFree:          984532 kB
MemAvailable:    1546928 kB
Buffers:           28636 kB
Cached:           633872 kB
MemTotal:        1844596 kB
MemFree:          983804 kB
MemAvailable:    1546200 kB
Buffers:           28636 kB
Cached:           633872 kB
MemTotal:        1844596 kB
MemFree:          983748 kB
MemAvailable:    1546144 kB
Buffers:           28636 kB
Cached:           633872 kB
MemTotal:        1844596 kB
MemFree:          982012 kB
MemAvailable:    1544408 kB
Buffers:           28636 kB
Cached:           633872 kB
MemTotal:        1844596 kB
MemFree:          982492 kB
MemAvailable:    1544888 kB
Buffers:           28636 kB
Cached:           633872 kB
MemTotal:        1844596 kB
MemFree:          982744 kB
MemAvailable:    1545140 kB
Buffers:           28636 kB
Cached:           633872 kB
MemTotal:        1844596 kB
MemFree:          982500 kB
MemAvailable:    1544896 kB
Buffers:           28636 kB
Cached:           633872 kB
MemTotal:        1844596 kB
MemFree:          981764 kB
MemAvailable:    1544160 kB
Buffers:           28636 kB
Cached:           633872 kB
MemTotal:        1844596 kB
MemFree:          982556 kB
MemAvailable:    1544952 kB
Buffers:           28636 kB
Cached:           633872 kB
MemTotal:        1844596 kB
MemFree:          982488 kB
MemAvailable:    1544884 kB
Buffers:           28636 kB
Cached:           633872 kB
MemTotal:        1844596 kB
MemFree:          982940 kB
MemAvailable:    1545336 kB
Buffers:           28636 kB
Cached:           633872 kB
MemTotal:        1844596 kB
MemFree:          982996 kB
MemAvailable:    1545392 kB
Buffers:           28636 kB
Cached:           633872 kB
MemTotal:        1844596 kB
MemFree:          982608 kB
MemAvailable:    1545004 kB
Buffers:           28636 kB
Cached:           633872 kB
MemTotal:        1844596 kB
MemFree:          982692 kB
MemAvailable:    1545088 kB
Buffers:           28636 kB
Cached:           633872 kB
MemTotal:        1844596 kB
MemFree:          982504 kB
MemAvailable:    1544900 kB
Buffers:           28636 kB
Cached:           633872 kB
MemTotal:        1844596 kB
MemFree:          982676 kB
MemAvailable:    1545072 kB
Buffers:           28636 kB
Cached:           633872 kB
MemTotal:        1844596 kB
MemFree:          983652 kB
MemAvailable:    1546048 kB
Buffers:           28636 kB
Cached:           633872 kB
MemTotal:        1844596 kB
MemFree:          983988 kB
MemAvailable:    1546384 kB
Buffers:           28636 kB
Cached:           633872 kB
MemTotal:        1844596 kB
MemFree:          981824 kB
MemAvailable:    1544220 kB
Buffers:           28636 kB
Cached:           633872 kB
MemTotal:        1844596 kB
MemFree:          980268 kB
MemAvailable:    1542664 kB
Buffers:           28636 kB
Cached:           633872 kB
MemTotal:        1844596 kB
MemFree:          980276 kB
MemAvailable:    1542672 kB
Buffers:           28636 kB
Cached:           633872 kB
MemTotal:        1844596 kB
MemFree:          979524 kB
MemAvailable:    1541920 kB
Buffers:           28636 kB
Cached:           633872 kB
MemTotal:        1844596 kB
MemFree:          979036 kB
MemAvailable:    1541432 kB
Buffers:           28636 kB
Cached:           633872 kB
MemTotal:        1844596 kB
MemFree:          978104 kB
MemAvailable:    1540500 kB
Buffers:           28636 kB
Cached:           633872 kB
MemTotal:        1844596 kB
MemFree:          978112 kB
MemAvailable:    1540508 kB
Buffers:           28636 kB
Cached:           633872 kB
MemTotal:        1844596 kB
MemFree:          978600 kB
MemAvailable:    1540996 kB
Buffers:           28636 kB
Cached:           633872 kB
MemTotal:        1844596 kB
MemFree:          978408 kB
MemAvailable:    1540804 kB
Buffers:           28636 kB
Cached:           633872 kB
MemTotal:        1844596 kB
MemFree:          978464 kB
MemAvailable:    1540860 kB
Buffers:           28636 kB
Cached:           633872 kB
MemTotal:        1844596 kB
MemFree:          978228 kB
MemAvailable:    1540624 kB
Buffers:           28636 kB
Cached:           633872 kB
MemTotal:        1844596 kB
MemFree:          978052 kB
MemAvailable:    1540448 kB
Buffers:           28636 kB
Cached:           633872 kB
MemTotal:        1844596 kB
MemFree:          978104 kB
MemAvailable:    1540500 kB
Buffers:           28636 kB
Cached:           633872 kB
MemTotal:        1844596 kB
MemFree:          978356 kB
MemAvailable:    1540752 kB
Buffers:           28636 kB
Cached:           633872 kB
MemTotal:        1844596 kB
MemFree:          976864 kB
MemAvailable:    1539260 kB
Buffers:           28636 kB
Cached:           633872 kB
MemTotal:        1844596 kB
MemFree:          978172 kB
MemAvailable:    1540568 kB
Buffers:           28636 kB
Cached:           633872 kB
MemTotal:        1844596 kB
MemFree:          976804 kB
MemAvailable:    1539200 kB
Buffers:           28636 kB
Cached:           633872 kB
MemTotal:        1844596 kB
MemFree:          976624 kB
MemAvailable:    1539020 kB
Buffers:           28636 kB
Cached:           633872 kB
MemTotal:        1844596 kB
MemFree:          977352 kB
MemAvailable:    1539748 kB
Buffers:           28636 kB
Cached:           633872 kB
MemTotal:        1844596 kB
MemFree:          976032 kB
MemAvailable:    1538428 kB
Buffers:           28636 kB
Cached:           633872 kB
MemTotal:        1844596 kB
MemFree:          976880 kB
MemAvailable:    1539276 kB
Buffers:           28636 kB
Cached:           633872 kB
MemTotal:        1844596 kB
MemFree:          977292 kB
MemAvailable:    1539688 kB
Buffers:           28636 kB
Cached:           633872 kB
MemTotal:        1844596 kB
MemFree:          977360 kB
MemAvailable:    1539756 kB
Buffers:           28636 kB
Cached:           633872 kB
MemTotal:        1844596 kB
MemFree:          976928 kB
MemAvailable:    1539324 kB
Buffers:           28636 kB
Cached:           633872 kB
MemTotal:        1844596 kB
MemFree:          977288 kB
MemAvailable:    1539684 kB
Buffers:           28636 kB
Cached:           633872 kB
MemTotal:        1844596 kB
MemFree:          977280 kB
MemAvailable:    1539676 kB
Buffers:           28636 kB
Cached:           633872 kB
MemTotal:        1844596 kB
MemFree:          977532 kB
MemAvailable:    1539932 kB
Buffers:           28636 kB
Cached:           633876 kB
MemTotal:        1844596 kB
MemFree:          977868 kB
MemAvailable:    1540268 kB
Buffers:           28636 kB
Cached:           633876 kB
MemTotal:        1844596 kB
MemFree:          977400 kB
MemAvailable:    1539800 kB
Buffers:           28636 kB
Cached:           633876 kB
MemTotal:        1844596 kB
MemFree:          977400 kB
MemAvailable:    1539800 kB
Buffers:           28636 kB
Cached:           633876 kB
MemTotal:        1844596 kB
MemFree:          977168 kB
MemAvailable:    1539568 kB
Buffers:           28636 kB
Cached:           633876 kB
MemTotal:        1844596 kB
MemFree:          977168 kB
MemAvailable:    1539568 kB
Buffers:           28636 kB
Cached:           633876 kB
MemTotal:        1844596 kB
MemFree:          976888 kB
MemAvailable:    1539292 kB
Buffers:           28636 kB
Cached:           633880 kB
MemTotal:        1844596 kB
MemFree:          977096 kB
MemAvailable:    1539500 kB
Buffers:           28636 kB
Cached:           633880 kB
MemTotal:        1844596 kB
MemFree:          976068 kB
MemAvailable:    1538472 kB
Buffers:           28636 kB
Cached:           633880 kB
MemTotal:        1844596 kB
MemFree:          976796 kB
MemAvailable:    1539200 kB
Buffers:           28636 kB
Cached:           633880 kB
MemTotal:        1844596 kB
MemFree:          977052 kB
MemAvailable:    1539456 kB
Buffers:           28636 kB
Cached:           633880 kB
MemTotal:        1844596 kB
MemFree:          976680 kB
MemAvailable:    1539084 kB
Buffers:           28636 kB
Cached:           633880 kB
MemTotal:        1844596 kB
MemFree:          976284 kB
MemAvailable:    1538688 kB
Buffers:           28636 kB
Cached:           633880 kB
MemTotal:        1844596 kB
MemFree:          976252 kB
MemAvailable:    1538656 kB
Buffers:           28636 kB
Cached:           633880 kB
MemTotal:        1844596 kB
MemFree:          976420 kB
MemAvailable:    1538824 kB
Buffers:           28636 kB
Cached:           633880 kB
MemTotal:        1844596 kB
MemFree:          976464 kB
MemAvailable:    1538868 kB
Buffers:           28636 kB
Cached:           633880 kB
MemTotal:        1844596 kB
MemFree:          975556 kB
MemAvailable:    1537960 kB
Buffers:           28636 kB
Cached:           633880 kB
MemTotal:        1844596 kB
MemFree:          976732 kB
MemAvailable:    1539136 kB
Buffers:           28636 kB
Cached:           633880 kB
MemTotal:        1844596 kB
MemFree:          976408 kB
MemAvailable:    1538812 kB
Buffers:           28636 kB
Cached:           633880 kB
MemTotal:        1844596 kB
MemFree:          976660 kB
MemAvailable:    1539064 kB
Buffers:           28636 kB
Cached:           633880 kB
MemTotal:        1844596 kB
MemFree:          975416 kB
MemAvailable:    1537820 kB
Buffers:           28636 kB
Cached:           633880 kB
MemTotal:        1844596 kB
MemFree:          975300 kB
MemAvailable:    1537704 kB
Buffers:           28636 kB
Cached:           633880 kB
MemTotal:        1844596 kB
MemFree:          975548 kB
MemAvailable:    1537952 kB
Buffers:           28636 kB
Cached:           633880 kB
MemTotal:        1844596 kB
MemFree:          974696 kB
MemAvailable:    1537100 kB
Buffers:           28636 kB
Cached:           633880 kB
MemTotal:        1844596 kB
MemFree:          971960 kB
MemAvailable:    1534364 kB
Buffers:           28636 kB
Cached:           633880 kB
MemTotal:        1844596 kB
MemFree:          971836 kB
MemAvailable:    1534240 kB
Buffers:           28636 kB
Cached:           633880 kB
MemTotal:        1844596 kB
MemFree:          969488 kB
MemAvailable:    1531892 kB
Buffers:           28636 kB
Cached:           633880 kB
MemTotal:        1844596 kB
MemFree:          967628 kB
MemAvailable:    1530032 kB
Buffers:           28636 kB
Cached:           633880 kB
MemTotal:        1844596 kB
MemFree:          967876 kB
MemAvailable:    1530284 kB
Buffers:           28636 kB
Cached:           633884 kB
MemTotal:        1844596 kB
MemFree:          968620 kB
MemAvailable:    1531028 kB
Buffers:           28636 kB
Cached:           633884 kB
MemTotal:        1844596 kB
MemFree:          968364 kB
MemAvailable:    1530772 kB
Buffers:           28636 kB
Cached:           633884 kB
MemTotal:        1844596 kB
MemFree:          968504 kB
MemAvailable:    1530912 kB
Buffers:           28636 kB
Cached:           633884 kB
MemTotal:        1844596 kB
MemFree:          968376 kB
MemAvailable:    1530784 kB
Buffers:           28636 kB
Cached:           633884 kB
MemTotal:        1844596 kB
MemFree:          968504 kB
MemAvailable:    1530912 kB
Buffers:           28636 kB
Cached:           633884 kB
MemTotal:        1844596 kB
MemFree:          968472 kB
MemAvailable:    1530880 kB
Buffers:           28636 kB
Cached:           633884 kB
MemTotal:        1844596 kB
MemFree:          968372 kB
MemAvailable:    1530780 kB
Buffers:           28636 kB
Cached:           633884 kB
MemTotal:        1844596 kB
MemFree:          968364 kB
MemAvailable:    1530772 kB
Buffers:           28636 kB
Cached:           633884 kB
MemTotal:        1844596 kB
MemFree:          967188 kB
MemAvailable:    1529596 kB
Buffers:           28636 kB
Cached:           633884 kB
MemTotal:        1844596 kB
MemFree:          967628 kB
MemAvailable:    1530036 kB
Buffers:           28636 kB
Cached:           633884 kB
MemTotal:        1844596 kB
MemFree:          968796 kB
MemAvailable:    1531204 kB
Buffers:           28636 kB
Cached:           633884 kB
MemTotal:        1844596 kB
MemFree:          967876 kB
MemAvailable:    1530284 kB
Buffers:           28636 kB
Cached:           633884 kB
MemTotal:        1844596 kB
MemFree:          968484 kB
MemAvailable:    1530892 kB
Buffers:           28636 kB
Cached:           633884 kB
MemTotal:        1844596 kB
MemFree:          968288 kB
MemAvailable:    1530696 kB
Buffers:           28636 kB
Cached:           633884 kB
MemTotal:        1844596 kB
MemFree:          968280 kB
MemAvailable:    1530688 kB
Buffers:           28636 kB
Cached:           633884 kB
MemTotal:        1844596 kB
MemFree:          968108 kB
MemAvailable:    1530516 kB
Buffers:           28636 kB
Cached:           633884 kB
MemTotal:        1844596 kB
MemFree:          967452 kB
MemAvailable:    1529860 kB
Buffers:           28636 kB
Cached:           633884 kB
MemTotal:        1844596 kB
MemFree:          967728 kB
MemAvailable:    1530136 kB
Buffers:           28636 kB
Cached:           633884 kB
MemTotal:        1844596 kB
MemFree:          967812 kB
MemAvailable:    1530220 kB
Buffers:           28636 kB
Cached:           633884 kB
MemTotal:        1844596 kB
MemFree:          967380 kB
MemAvailable:    1529788 kB
Buffers:           28636 kB
Cached:           633884 kB
MemTotal:        1844596 kB
MemFree:          966016 kB
MemAvailable:    1528424 kB
Buffers:           28636 kB
Cached:           633884 kB
MemTotal:        1844596 kB
MemFree:          966016 kB
MemAvailable:    1528424 kB
Buffers:           28636 kB
Cached:           633884 kB
MemTotal:        1844596 kB
MemFree:          966696 kB
MemAvailable:    1529104 kB
Buffers:           28636 kB
Cached:           633884 kB
MemTotal:        1844596 kB
MemFree:          966648 kB
MemAvailable:    1529056 kB
Buffers:           28636 kB
Cached:           633884 kB
MemTotal:        1844596 kB
MemFree:          965272 kB
MemAvailable:    1527680 kB
Buffers:           28636 kB
Cached:           633884 kB
MemTotal:        1844596 kB
MemFree:          965944 kB
MemAvailable:    1528352 kB
Buffers:           28636 kB
Cached:           633884 kB
MemTotal:        1844596 kB
MemFree:          964652 kB
MemAvailable:    1527060 kB
Buffers:           28636 kB
Cached:           633884 kB
MemTotal:        1844596 kB
MemFree:          965560 kB
MemAvailable:    1527968 kB
Buffers:           28636 kB
Cached:           633884 kB
MemTotal:        1844596 kB
MemFree:          965332 kB
MemAvailable:    1527740 kB
Buffers:           28636 kB
Cached:           633884 kB
MemTotal:        1844596 kB
MemFree:          963908 kB
MemAvailable:    1526316 kB
Buffers:           28636 kB
Cached:           633884 kB
MemTotal:        1844596 kB
MemFree:          964708 kB
MemAvailable:    1527116 kB
Buffers:           28636 kB
Cached:           633884 kB
MemTotal:        1844596 kB
MemFree:          964960 kB
MemAvailable:    1527368 kB
Buffers:           28636 kB
Cached:           633884 kB
MemTotal:        1844596 kB
MemFree:          964756 kB
MemAvailable:    1527164 kB
Buffers:           28636 kB
Cached:           633884 kB
MemTotal:        1844596 kB
MemFree:          964756 kB
MemAvailable:    1527164 kB
Buffers:           28636 kB
Cached:           633884 kB
MemTotal:        1844596 kB
MemFree:          964580 kB
MemAvailable:    1526988 kB
Buffers:           28636 kB
Cached:           633884 kB
MemTotal:        1844596 kB
MemFree:          963400 kB
MemAvailable:    1525808 kB
Buffers:           28636 kB
Cached:           633884 kB
MemTotal:        1844596 kB
MemFree:          963268 kB
MemAvailable:    1525676 kB
Buffers:           28636 kB
Cached:           633884 kB
MemTotal:        1844596 kB
MemFree:          964368 kB
MemAvailable:    1526776 kB
Buffers:           28636 kB
Cached:           633884 kB
MemTotal:        1844596 kB
MemFree:          964536 kB
MemAvailable:    1526944 kB
Buffers:           28636 kB
Cached:           633884 kB
MemTotal:        1844596 kB
MemFree:          964640 kB
MemAvailable:    1527048 kB
Buffers:           28636 kB
Cached:           633884 kB
MemTotal:        1844596 kB
MemFree:          963352 kB
MemAvailable:    1525760 kB
Buffers:           28636 kB
Cached:           633884 kB
MemTotal:        1844596 kB
MemFree:          963980 kB
MemAvailable:    1526388 kB
Buffers:           28636 kB
Cached:           633884 kB
MemTotal:        1844596 kB
MemFree:          965016 kB
MemAvailable:    1527428 kB
Buffers:           28636 kB
Cached:           633888 kB
MemTotal:        1844596 kB
MemFree:          963660 kB
MemAvailable:    1526072 kB
Buffers:           28636 kB
Cached:           633888 kB
MemTotal:        1844596 kB
MemFree:          964216 kB
MemAvailable:    1526628 kB
Buffers:           28636 kB
Cached:           633888 kB
MemTotal:        1844596 kB
MemFree:          962916 kB
MemAvailable:    1525328 kB
Buffers:           28636 kB
Cached:           633888 kB
MemTotal:        1844596 kB
MemFree:          961668 kB
MemAvailable:    1524080 kB
Buffers:           28636 kB
Cached:           633888 kB
MemTotal:        1844596 kB
MemFree:          961668 kB
MemAvailable:    1524080 kB
Buffers:           28636 kB
Cached:           633888 kB
MemTotal:        1844596 kB
MemFree:          959180 kB
MemAvailable:    1521592 kB
Buffers:           28636 kB
Cached:           633888 kB
MemTotal:        1844596 kB
MemFree:          959180 kB
MemAvailable:    1521592 kB
Buffers:           28636 kB
Cached:           633888 kB
MemTotal:        1844596 kB
MemFree:          958884 kB
MemAvailable:    1521296 kB
Buffers:           28636 kB
Cached:           633888 kB
MemTotal:        1844596 kB
MemFree:          958832 kB
MemAvailable:    1521244 kB
Buffers:           28636 kB
Cached:           633888 kB
MemTotal:        1844596 kB
MemFree:          958768 kB
MemAvailable:    1521180 kB
Buffers:           28636 kB
Cached:           633888 kB
MemTotal:        1844596 kB
MemFree:          958900 kB
MemAvailable:    1521312 kB
Buffers:           28636 kB
Cached:           633888 kB
MemTotal:        1844596 kB
MemFree:          958492 kB
MemAvailable:    1520904 kB
Buffers:           28636 kB
Cached:           633888 kB
MemTotal:        1844596 kB
MemFree:          957648 kB
MemAvailable:    1520060 kB
Buffers:           28636 kB
Cached:           633888 kB
MemTotal:        1844596 kB
MemFree:          957388 kB
MemAvailable:    1519800 kB
Buffers:           28636 kB
Cached:           633888 kB
MemTotal:        1844596 kB
MemFree:          958628 kB
MemAvailable:    1521040 kB
Buffers:           28636 kB
Cached:           633888 kB
MemTotal:        1844596 kB
MemFree:          958424 kB
MemAvailable:    1520836 kB
Buffers:           28636 kB
Cached:           633888 kB
MemTotal:        1844596 kB
MemFree:          957204 kB
MemAvailable:    1519620 kB
Buffers:           28636 kB
Cached:           633892 kB
MemTotal:        1844596 kB
MemFree:          957288 kB
MemAvailable:    1519704 kB
Buffers:           28636 kB
Cached:           633892 kB
MemTotal:        1844596 kB
MemFree:          957576 kB
MemAvailable:    1519992 kB
Buffers:           28636 kB
Cached:           633892 kB
MemTotal:        1844596 kB
MemFree:          957708 kB
MemAvailable:    1520124 kB
Buffers:           28636 kB
Cached:           633892 kB
MemTotal:        1844596 kB
MemFree:          954352 kB
MemAvailable:    1516768 kB
Buffers:           28636 kB
Cached:           633892 kB
MemTotal:        1844596 kB
MemFree:          955536 kB
MemAvailable:    1517952 kB
Buffers:           28636 kB
Cached:           633892 kB
MemTotal:        1844596 kB
MemFree:          955528 kB
MemAvailable:    1517944 kB
Buffers:           28636 kB
Cached:           633892 kB
MemTotal:        1844596 kB
MemFree:          955468 kB
MemAvailable:    1517884 kB
Buffers:           28636 kB
Cached:           633892 kB
MemTotal:        1844596 kB
MemFree:          954352 kB
MemAvailable:    1516768 kB
Buffers:           28636 kB
Cached:           633892 kB
MemTotal:        1844596 kB
MemFree:          955652 kB
MemAvailable:    1518068 kB
Buffers:           28636 kB
Cached:           633892 kB
MemTotal:        1844596 kB
MemFree:          955536 kB
MemAvailable:    1517952 kB
Buffers:           28636 kB
Cached:           633892 kB
MemTotal:        1844596 kB
MemFree:          956716 kB
MemAvailable:    1519132 kB
Buffers:           28636 kB
Cached:           633892 kB
MemTotal:        1844596 kB
MemFree:          957280 kB
MemAvailable:    1519696 kB
Buffers:           28636 kB
Cached:           633892 kB
MemTotal:        1844596 kB
MemFree:          957252 kB
MemAvailable:    1519752 kB
Buffers:           28636 kB
Cached:           634016 kB
MemTotal:        1844596 kB
MemFree:          957204 kB
MemAvailable:    1519788 kB
Buffers:           28636 kB
Cached:           634016 kB
MemTotal:        1844596 kB
MemFree:          956220 kB
MemAvailable:    1518888 kB
Buffers:           28636 kB
Cached:           634140 kB
MemTotal:        1844596 kB
MemFree:          957024 kB
MemAvailable:    1519776 kB
Buffers:           28636 kB
Cached:           634264 kB
MemTotal:        1844596 kB
MemFree:          956960 kB
MemAvailable:    1519712 kB
Buffers:           28636 kB
Cached:           634264 kB
MemTotal:        1844596 kB
MemFree:          956088 kB
MemAvailable:    1518960 kB
Buffers:           28636 kB
Cached:           634428 kB
MemTotal:        1844596 kB
MemFree:          956568 kB
MemAvailable:    1519608 kB
Buffers:           28648 kB
Cached:           634540 kB
MemTotal:        1844596 kB
MemFree:          956904 kB
MemAvailable:    1519944 kB
Buffers:           28648 kB
Cached:           634540 kB
MemTotal:        1844596 kB
MemFree:          956436 kB
MemAvailable:    1519476 kB
Buffers:           28648 kB
Cached:           634540 kB
MemTotal:        1844596 kB
MemFree:          956040 kB
MemAvailable:    1519080 kB
Buffers:           28648 kB
Cached:           634540 kB
MemTotal:        1844596 kB
MemFree:          956552 kB
MemAvailable:    1519592 kB
Buffers:           28648 kB
Cached:           634540 kB
MemTotal:        1844596 kB
MemFree:          956804 kB
MemAvailable:    1519844 kB
Buffers:           28648 kB
Cached:           634540 kB
MemTotal:        1844596 kB
MemFree:          955404 kB
MemAvailable:    1518444 kB
Buffers:           28648 kB
Cached:           634540 kB
MemTotal:        1844596 kB
MemFree:          956512 kB
MemAvailable:    1519552 kB
Buffers:           28648 kB
Cached:           634540 kB
MemTotal:        1844596 kB
MemFree:          955820 kB
MemAvailable:    1518860 kB
Buffers:           28648 kB
Cached:           634540 kB
MemTotal:        1844596 kB
MemFree:          956016 kB
MemAvailable:    1518468 kB
Buffers:           28648 kB
Cached:           633908 kB
MemTotal:        1844596 kB
MemFree:          957412 kB
MemAvailable:    1519864 kB
Buffers:           28648 kB
Cached:           633908 kB
MemTotal:        1844596 kB
MemFree:         1025932 kB
MemAvailable:    1588384 kB
Buffers:           28648 kB
Cached:           633908 kB
