MemTotal:        1844596 kB
MemFree:          699276 kB
MemAvailable:    1529688 kB
Buffers:           61516 kB
Cached:           868784 kB
MemTotal:        1844596 kB
MemFree:          697980 kB
MemAvailable:    1528392 kB
Buffers:           61516 kB
Cached:           868784 kB
MemTotal:        1844596 kB
MemFree:          696796 kB
MemAvailable:    1527208 kB
Buffers:           61516 kB
Cached:           868784 kB
MemTotal:        1844596 kB
MemFree:          694696 kB
MemAvailable:    1525108 kB
Buffers:           61516 kB
Cached:           868784 kB
MemTotal:        1844596 kB
MemFree:          694572 kB
MemAvailable:    1524984 kB
Buffers:           61516 kB
Cached:           868784 kB
MemTotal:        1844596 kB
MemFree:          694688 kB
MemAvailable:    1525100 kB
Buffers:           61516 kB
Cached:           868784 kB
MemTotal:        1844596 kB
MemFree:          691968 kB
MemAvailable:    1522380 kB
Buffers:           61516 kB
Cached:           868784 kB
MemTotal:        1844596 kB
MemFree:          690252 kB
MemAvailable:    1520664 kB
Buffers:           61516 kB
Cached:           868784 kB
MemTotal:        1844596 kB
MemFree:          687372 kB
MemAvailable:    1517784 kB
Buffers:           61516 kB
Cached:           868784 kB
MemTotal:        1844596 kB
MemFree:          687264 kB
MemAvailable:    1517676 kB
Buffers:           61516 kB
Cached:           868784 kB
MemTotal:        1844596 kB
MemFree:          684572 kB
MemAvailable:    1514984 kB
Buffers:           61516 kB
Cached:           868784 kB
MemTotal:        1844596 kB
MemFree:          683496 kB
MemAvailable:    1513908 kB
Buffers:           61516 kB
Cached:           868784 kB
MemTotal:        1844596 kB
MemFree:          684812 kB
MemAvailable:    1515224 kB
Buffers:           61516 kB
Cached:           868784 kB
MemTotal:        1844596 kB
MemFree:          684852 kB
MemAvailable:    1515264 kB
Buffers:           61516 kB
Cached:           868784 kB
MemTotal:        1844596 kB
MemFree:          684720 kB
MemAvailable:    1515132 kB
Buffers:           61516 kB
Cached:           868784 kB
MemTotal:        1844596 kB
MemFree:          684396 kB
MemAvailable:    1514808 kB
Buffers:           61516 kB
Cached:           868784 kB
MemTotal:        1844596 kB
MemFree:          683156 kB
MemAvailable:    1513568 kB
Buffers:           61516 kB
Cached:           868784 kB
MemTotal:        1844596 kB
MemFree:          683240 kB
MemAvailable:    1513652 kB
Buffers:           61516 kB
Cached:           868784 kB
MemTotal:        1844596 kB
MemFree:          681172 kB
MemAvailable:    1511584 kB
Buffers:           61516 kB
Cached:           868784 kB
MemTotal:        1844596 kB
MemFree:          681064 kB
MemAvailable:    1511484 kB
Buffers:           61516 kB
Cached:           868788 kB
MemTotal:        1844596 kB
MemFree:          682364 kB
MemAvailable:    1512784 kB
Buffers:           61516 kB
Cached:           868788 kB
MemTotal:        1844596 kB
MemFree:          681196 kB
MemAvailable:    1511616 kB
Buffers:           61516 kB
Cached:           868788 kB
MemTotal:        1844596 kB
MemFree:          682180 kB
MemAvailable:    1512600 kB
Buffers:           61516 kB
Cached:           868788 kB
MemTotal:        1844596 kB
MemFree:          682196 kB
MemAvailable:    1512616 kB
Buffers:           61516 kB
Cached:           868788 kB
MemTotal:        1844596 kB
MemFree:          680676 kB
MemAvailable:    1511096 kB
Buffers:           61516 kB
Cached:           868788 kB
MemTotal:        1844596 kB
MemFree:          682200 kB
MemAvailable:    1512620 kB
Buffers:           61516 kB
Cached:           868788 kB
MemTotal:        1844596 kB
MemFree:          682256 kB
MemAvailable:    1512676 kB
Buffers:           61516 kB
Cached:           868788 kB
MemTotal:        1844596 kB
MemFree:          682188 kB
MemAvailable:    1512608 kB
Buffers:           61516 kB
Cached:           868788 kB
MemTotal:        1844596 kB
MemFree:          682140 kB
MemAvailable:    1512560 kB
Buffers:           61516 kB
Cached:           868788 kB
MemTotal:        1844596 kB
MemFree:          682560 kB
MemAvailable:    1512980 kB
Buffers:           61516 kB
Cached:           868788 kB
MemTotal:        1844596 kB
MemFree:          679816 kB
MemAvailable:    1510236 kB
Buffers:           61516 kB
Cached:           868788 kB
MemTotal:        1844596 kB
MemFree:          679460 kB
MemAvailable:    1509880 kB
Buffers:           61516 kB
Cached:           868788 kB
MemTotal:        1844596 kB
MemFree:          678404 kB
MemAvailable:    1508824 kB
Buffers:           61516 kB
Cached:           868788 kB
MemTotal:        1844596 kB
MemFree:          679132 kB
MemAvailable:    1509552 kB
Buffers:           61516 kB
Cached:           868788 kB
MemTotal:        1844596 kB
MemFree:          679080 kB
MemAvailable:    1509500 kB
Buffers:           61516 kB
Cached:           868788 kB
MemTotal:        1844596 kB
MemFree:          678096 kB
MemAvailable:    1508516 kB
Buffers:           61516 kB
Cached:           868788 kB
MemTotal:        1844596 kB
MemFree:          677984 kB
MemAvailable:    1508404 kB
Buffers:           61516 kB
Cached:           868788 kB
MemTotal:        1844596 kB
MemFree:          676980 kB
MemAvailable:    1507400 kB
Buffers:           61516 kB
Cached:           868788 kB
MemTotal:        1844596 kB
MemFree:          676712 kB
MemAvailable:    1507132 kB
Buffers:           61516 kB
Cached:           868788 kB
MemTotal:        1844596 kB
MemFree:          676676 kB
MemAvailable:    1507096 kB
Buffers:           61516 kB
Cached:           868788 kB
MemTotal:        1844596 kB
MemFree:          677792 kB
MemAvailable:    1508212 kB
Buffers:           61516 kB
Cached:           868788 kB
MemTotal:        1844596 kB
MemFree:          676676 kB
MemAvailable:    1507096 kB
Buffers:           61516 kB
Cached:           868788 kB
MemTotal:        1844596 kB
MemFree:          677652 kB
MemAvailable:    1508072 kB
Buffers:           61516 kB
Cached:           868788 kB
MemTotal:        1844596 kB
MemFree:          677352 kB
MemAvailable:    1507772 kB
Buffers:           61516 kB
Cached:           868788 kB
MemTotal:        1844596 kB
MemFree:          677420 kB
MemAvailable:    1507840 kB
Buffers:           61516 kB
Cached:           868788 kB
MemTotal:        1844596 kB
MemFree:          676228 kB
MemAvailable:    1506648 kB
Buffers:           61516 kB
Cached:           868788 kB
MemTotal:        1844596 kB
MemFree:          675812 kB
MemAvailable:    1506232 kB
Buffers:           61516 kB
Cached:           868788 kB
MemTotal:        1844596 kB
MemFree:          675552 kB
MemAvailable:    1505972 kB
Buffers:           61516 kB
Cached:           868788 kB
MemTotal:        1844596 kB
MemFree:          677292 kB
MemAvailable:    1507712 kB
Buffers:           61516 kB
Cached:           868788 kB
MemTotal:        1844596 kB
MemFree:          675724 kB
MemAvailable:    1506144 kB
Buffers:           61516 kB
Cached:           868788 kB
MemTotal:        1844596 kB
MemFree:          675848 kB
MemAvailable:    1506268 kB
Buffers:           61516 kB
Cached:           868788 kB
MemTotal:        1844596 kB
MemFree:          675684 kB
MemAvailable:    1506104 kB
Buffers:           61516 kB
Cached:           868788 kB
MemTotal:        1844596 kB
MemFree:          676780 kB
MemAvailable:    1507200 kB
Buffers:           61516 kB
Cached:           868788 kB
MemTotal:        1844596 kB
MemFree:          677032 kB
MemAvailable:    1507452 kB
Buffers:           61516 kB
Cached:           868788 kB
MemTotal:        1844596 kB
MemFree:          676968 kB
MemAvailable:    1507388 kB
Buffers:           61516 kB
Cached:           868788 kB
MemTotal:        1844596 kB
MemFree:          676956 kB
MemAvailable:    1507376 kB
Buffers:           61516 kB
Cached:           868788 kB
MemTotal:        1844596 kB
MemFree:          677208 kB
MemAvailable:    1507628 kB
Buffers:           61516 kB
Cached:           868788 kB
MemTotal:        1844596 kB
MemFree:          675580 kB
MemAvailable:    1506000 kB
Buffers:           61516 kB
Cached:           868788 kB
MemTotal:        1844596 kB
MemFree:          675712 kB
MemAvailable:    1506132 kB
Buffers:           61516 kB
Cached:           868788 kB
MemTotal:        1844596 kB
MemFree:          675244 kB
MemAvailable:    1505664 kB
Buffers:           61516 kB
Cached:           868788 kB
MemTotal:        1844596 kB
MemFree:          674988 kB
MemAvailable:    1505408 kB
Buffers:           61516 kB
Cached:           868788 kB
MemTotal:        1844596 kB
MemFree:          676104 kB
MemAvailable:    1506524 kB
Buffers:           61516 kB
Cached:           868788 kB
MemTotal:        1844596 kB
MemFree:          674988 kB
MemAvailable:    1505408 kB
Buffers:           61516 kB
Cached:           868788 kB
MemTotal:        1844596 kB
MemFree:          674988 kB
MemAvailable:    1505408 kB
Buffers:           61516 kB
Cached:           868788 kB
MemTotal:        1844596 kB
MemFree:          674980 kB
MemAvailable:    1505400 kB
Buffers:           61516 kB
Cached:           868788 kB
MemTotal:        1844596 kB
MemFree:          674980 kB
MemAvailable:    1505400 kB
Buffers:           61516 kB
Cached:           868788 kB
MemTotal:        1844596 kB
MemFree:          676156 kB
MemAvailable:    1506576 kB
Buffers:           61516 kB
Cached:           868788 kB
MemTotal:        1844596 kB
MemFree:          674724 kB
MemAvailable:    1505144 kB
Buffers:           61516 kB
Cached:           868788 kB
MemTotal:        1844596 kB
MemFree:          674724 kB
MemAvailable:    1505144 kB
Buffers:           61516 kB
Cached:           868788 kB
MemTotal:        1844596 kB
MemFree:          673932 kB
MemAvailable:    1504352 kB
Buffers:           61516 kB
Cached:           868788 kB
MemTotal:        1844596 kB
MemFree:          672020 kB
MemAvailable:    1502440 kB
Buffers:           61516 kB
Cached:           868788 kB
MemTotal:        1844596 kB
MemFree:          669788 kB
MemAvailable:    1500208 kB
Buffers:           61516 kB
Cached:           868788 kB
MemTotal:        1844596 kB
MemFree:          668548 kB
MemAvailable:    1498968 kB
Buffers:           61516 kB
Cached:           868788 kB
MemTotal:        1844596 kB
MemFree:          667052 kB
MemAvailable:    1497472 kB
Buffers:           61516 kB
Cached:           868788 kB
MemTotal:        1844596 kB
MemFree:          668196 kB
MemAvailable:    1498616 kB
Buffers:           61516 kB
Cached:           868788 kB
MemTotal:        1844596 kB
MemFree:          666936 kB
MemAvailable:    1497356 kB
Buffers:           61516 kB
Cached:           868788 kB
MemTotal:        1844596 kB
MemFree:          666804 kB
MemAvailable:    1497224 kB
Buffers:           61516 kB
Cached:           868788 kB
MemTotal:        1844596 kB
MemFree:          666936 kB
MemAvailable:    1497356 kB
Buffers:           61516 kB
Cached:           868788 kB
MemTotal:        1844596 kB
MemFree:          668156 kB
MemAvailable:    1498576 kB
Buffers:           61516 kB
Cached:           868788 kB
MemTotal:        1844596 kB
MemFree:          667060 kB
MemAvailable:    1497480 kB
Buffers:           61516 kB
Cached:           868788 kB
MemTotal:        1844596 kB
MemFree:          667984 kB
MemAvailable:    1498404 kB
Buffers:           61516 kB
Cached:           868788 kB
MemTotal:        1844596 kB
MemFree:          668236 kB
MemAvailable:    1498656 kB
Buffers:           61516 kB
Cached:           868788 kB
MemTotal:        1844596 kB
MemFree:          666796 kB
MemAvailable:    1497216 kB
Buffers:           61516 kB
Cached:           868788 kB
MemTotal:        1844596 kB
MemFree:          666880 kB
MemAvailable:    1497300 kB
Buffers:           61516 kB
Cached:           868788 kB
MemTotal:        1844596 kB
MemFree:          666784 kB
MemAvailable:    1497204 kB
Buffers:           61516 kB
Cached:           868788 kB
MemTotal:        1844596 kB
MemFree:          668088 kB
MemAvailable:    1498508 kB
Buffers:           61516 kB
Cached:           868788 kB
MemTotal:        1844596 kB
MemFree:          667848 kB
MemAvailable:    1498268 kB
Buffers:           61516 kB
Cached:           868788 kB
MemTotal:        1844596 kB
MemFree:          667932 kB
MemAvailable:    1498352 kB
Buffers:           61516 kB
Cached:           868788 kB
MemTotal:        1844596 kB
MemFree:          666564 kB
MemAvailable:    1496992 kB
Buffers:           61516 kB
Cached:           868796 kB
MemTotal:        1844596 kB
MemFree:          667268 kB
MemAvailable:    1497696 kB
Buffers:           61516 kB
Cached:           868796 kB
MemTotal:        1844596 kB
MemFree:          666812 kB
MemAvailable:    1497244 kB
Buffers:           61516 kB
Cached:           868800 kB
MemTotal:        1844596 kB
MemFree:          665564 kB
MemAvailable:    1495996 kB
Buffers:           61516 kB
Cached:           868800 kB
MemTotal:        1844596 kB
MemFree:          665184 kB
MemAvailable:    1495616 kB
Buffers:           61516 kB
Cached:           868800 kB
MemTotal:        1844596 kB
MemFree:          666048 kB
MemAvailable:    1496480 kB
Buffers:           61516 kB
Cached:           868800 kB
MemTotal:        1844596 kB
MemFree:          664076 kB
MemAvailable:    1494508 kB
Buffers:           61516 kB
Cached:           868800 kB
MemTotal:        1844596 kB
MemFree:          665252 kB
MemAvailable:    1495684 kB
Buffers:           61516 kB
Cached:           868800 kB
MemTotal:        1844596 kB
MemFree:          663332 kB
MemAvailable:    1493764 kB
Buffers:           61516 kB
Cached:           868800 kB
MemTotal:        1844596 kB
MemFree:          663208 kB
MemAvailable:    1493640 kB
Buffers:           61516 kB
Cached:           868800 kB
MemTotal:        1844596 kB
MemFree:          664400 kB
MemAvailable:    1494832 kB
Buffers:           61516 kB
Cached:           868800 kB
MemTotal:        1844596 kB
MemFree:          663712 kB
MemAvailable:    1494144 kB
Buffers:           61516 kB
Cached:           868800 kB
MemTotal:        1844596 kB
MemFree:          664400 kB
MemAvailable:    1494832 kB
Buffers:           61516 kB
Cached:           868800 kB
MemTotal:        1844596 kB
MemFree:          662904 kB
MemAvailable:    1493336 kB
Buffers:           61516 kB
Cached:           868800 kB
MemTotal:        1844596 kB
MemFree:          664144 kB
MemAvailable:    1494576 kB
Buffers:           61516 kB
Cached:           868800 kB
MemTotal:        1844596 kB
MemFree:          662940 kB
MemAvailable:    1493372 kB
Buffers:           61516 kB
Cached:           868800 kB
MemTotal:        1844596 kB
MemFree:          662940 kB
MemAvailable:    1493372 kB
Buffers:           61516 kB
Cached:           868800 kB
MemTotal:        1844596 kB
MemFree:          664124 kB
MemAvailable:    1494556 kB
Buffers:           61516 kB
Cached:           868800 kB
MemTotal:        1844596 kB
MemFree:          663960 kB
MemAvailable:    1494392 kB
Buffers:           61516 kB
Cached:           868800 kB
MemTotal:        1844596 kB
MemFree:          662944 kB
MemAvailable:    1493376 kB
Buffers:           61516 kB
Cached:           868800 kB
MemTotal:        1844596 kB
MemFree:          662472 kB
MemAvailable:    1492904 kB
Buffers:           61516 kB
Cached:           868800 kB
MemTotal:        1844596 kB
MemFree:          663400 kB
MemAvailable:    1493832 kB
Buffers:           61516 kB
Cached:           868800 kB
MemTotal:        1844596 kB
MemFree:          660240 kB
MemAvailable:    1490672 kB
Buffers:           61516 kB
Cached:           868800 kB
MemTotal:        1844596 kB
MemFree:          658620 kB
MemAvailable:    1489052 kB
Buffers:           61516 kB
Cached:           868800 kB
MemTotal:        1844596 kB
MemFree:          658264 kB
MemAvailable:    1488696 kB
Buffers:           61516 kB
Cached:           868800 kB
MemTotal:        1844596 kB
MemFree:          658580 kB
MemAvailable:    1489012 kB
Buffers:           61516 kB
Cached:           868800 kB
MemTotal:        1844596 kB
MemFree:          657252 kB
MemAvailable:    1487684 kB
Buffers:           61516 kB
Cached:           868800 kB
MemTotal:        1844596 kB
MemFree:          657252 kB
MemAvailable:    1487684 kB
Buffers:           61516 kB
Cached:           868800 kB
MemTotal:        1844596 kB
MemFree:          657252 kB
MemAvailable:    1487684 kB
Buffers:           61516 kB
Cached:           868800 kB
MemTotal:        1844596 kB
MemFree:          658660 kB
MemAvailable:    1489092 kB
Buffers:           61516 kB
Cached:           868800 kB
MemTotal:        1844596 kB
MemFree:          658096 kB
MemAvailable:    1488528 kB
Buffers:           61516 kB
Cached:           868800 kB
MemTotal:        1844596 kB
MemFree:          656872 kB
MemAvailable:    1487304 kB
Buffers:           61516 kB
Cached:           868800 kB
MemTotal:        1844596 kB
MemFree:          657836 kB
MemAvailable:    1488268 kB
Buffers:           61516 kB
Cached:           868800 kB
MemTotal:        1844596 kB
MemFree:          658004 kB
MemAvailable:    1488436 kB
Buffers:           61516 kB
Cached:           868800 kB
MemTotal:        1844596 kB
MemFree:          656388 kB
MemAvailable:    1486820 kB
Buffers:           61516 kB
Cached:           868800 kB
MemTotal:        1844596 kB
MemFree:          655280 kB
MemAvailable:    1485712 kB
Buffers:           61516 kB
Cached:           868800 kB
MemTotal:        1844596 kB
MemFree:          655224 kB
MemAvailable:    1485656 kB
Buffers:           61516 kB
Cached:           868800 kB
MemTotal:        1844596 kB
MemFree:          653604 kB
MemAvailable:    1484036 kB
Buffers:           61516 kB
Cached:           868800 kB
MemTotal:        1844596 kB
MemFree:          653736 kB
MemAvailable:    1484168 kB
Buffers:           61516 kB
Cached:           868800 kB
MemTotal:        1844596 kB
MemFree:          655224 kB
MemAvailable:    1485656 kB
Buffers:           61516 kB
Cached:           868800 kB
MemTotal:        1844596 kB
MemFree:          654108 kB
MemAvailable:    1484540 kB
Buffers:           61516 kB
Cached:           868800 kB
MemTotal:        1844596 kB
MemFree:          655728 kB
MemAvailable:    1486160 kB
Buffers:           61516 kB
Cached:           868800 kB
MemTotal:        1844596 kB
MemFree:          655652 kB
MemAvailable:    1486168 kB
Buffers:           61516 kB
Cached:           868924 kB
MemTotal:        1844596 kB
MemFree:          655644 kB
MemAvailable:    1486244 kB
Buffers:           61516 kB
Cached:           869048 kB
MemTotal:        1844596 kB
MemFree:          655776 kB
MemAvailable:    1486544 kB
Buffers:           61516 kB
Cached:           869172 kB
MemTotal:        1844596 kB
MemFree:          655512 kB
MemAvailable:    1486364 kB
Buffers:           61516 kB
Cached:           869172 kB
MemTotal:        1844596 kB
MemFree:          655396 kB
MemAvailable:    1486332 kB
Buffers:           61516 kB
Cached:           869420 kB
MemTotal:        1844596 kB
MemFree:          656380 kB
MemAvailable:    1487400 kB
Buffers:           61516 kB
Cached:           869420 kB
MemTotal:        1844596 kB
MemFree:          655528 kB
MemAvailable:    1486548 kB
Buffers:           61516 kB
Cached:           869420 kB
MemTotal:        1844596 kB
MemFree:          656084 kB
MemAvailable:    1487104 kB
Buffers:           61516 kB
Cached:           869420 kB
MemTotal:        1844596 kB
MemFree:          655268 kB
MemAvailable:    1486288 kB
Buffers:           61516 kB
Cached:           869420 kB
MemTotal:        1844596 kB
MemFree:          655032 kB
MemAvailable:    1486052 kB
Buffers:           61516 kB
Cached:           869420 kB
MemTotal:        1844596 kB
MemFree:          655032 kB
MemAvailable:    1486052 kB
Buffers:           61516 kB
Cached:           869420 kB
MemTotal:        1844596 kB
MemFree:          656332 kB
MemAvailable:    1487352 kB
Buffers:           61516 kB
Cached:           869420 kB
MemTotal:        1844596 kB
MemFree:          655032 kB
MemAvailable:    1486052 kB
Buffers:           61516 kB
Cached:           869420 kB
MemTotal:        1844596 kB
MemFree:          655140 kB
MemAvailable:    1486244 kB
Buffers:           61516 kB
Cached:           869544 kB
MemTotal:        1844596 kB
MemFree:          655940 kB
MemAvailable:    1486372 kB
Buffers:           61516 kB
Cached:           868872 kB
MemTotal:        1844596 kB
MemFree:          724804 kB
MemAvailable:    1555236 kB
Buffers:           61516 kB
Cached:           868872 kB
