MemTotal:        1844596 kB
MemFree:          645376 kB
MemAvailable:    1523948 kB
Buffers:           66044 kB
Cached:           908384 kB
MemTotal:        1844596 kB
MemFree:          645708 kB
MemAvailable:    1524280 kB
Buffers:           66044 kB
Cached:           908384 kB
MemTotal:        1844596 kB
MemFree:          644640 kB
MemAvailable:    1523212 kB
Buffers:           66044 kB
Cached:           908384 kB
MemTotal:        1844596 kB
MemFree:          644780 kB
MemAvailable:    1523352 kB
Buffers:           66044 kB
Cached:           908384 kB
MemTotal:        1844596 kB
MemFree:          642540 kB
MemAvailable:    1521112 kB
Buffers:           66044 kB
Cached:           908384 kB
MemTotal:        1844596 kB
MemFree:          643492 kB
MemAvailable:    1522064 kB
Buffers:           66044 kB
Cached:           908384 kB
MemTotal:        1844596 kB
MemFree:          641068 kB
MemAvailable:    1519640 kB
Buffers:           66044 kB
Cached:           908384 kB
MemTotal:        1844596 kB
MemFree:          639748 kB
MemAvailable:    1518324 kB
Buffers:           66044 kB
Cached:           908388 kB
MemTotal:        1844596 kB
MemFree:          637216 kB
MemAvailable:    1515792 kB
Buffers:           66044 kB
Cached:           908388 kB
MemTotal:        1844596 kB
MemFree:          633868 kB
MemAvailable:    1512444 kB
Buffers:           66044 kB
Cached:           908388 kB
MemTotal:        1844596 kB
MemFree:          633548 kB
MemAvailable:    1512124 kB
Buffers:           66044 kB
Cached:           908388 kB
MemTotal:        1844596 kB
MemFree:          633556 kB
MemAvailable:    1512132 kB
Buffers:           66044 kB
Cached:           908388 kB
MemTotal:        1844596 kB
MemFree:          633480 kB
MemAvailable:    1512056 kB
Buffers:           66044 kB
Cached:           908388 kB
MemTotal:        1844596 kB
MemFree:          633480 kB
MemAvailable:    1512056 kB
Buffers:           66044 kB
Cached:           908388 kB
MemTotal:        1844596 kB
MemFree:          633364 kB
MemAvailable:    1511940 kB
Buffers:           66044 kB
Cached:           908388 kB
MemTotal:        1844596 kB
MemFree:          633256 kB
MemAvailable:    1511832 kB
Buffers:           66044 kB
Cached:           908388 kB
MemTotal:        1844596 kB
MemFree:          632992 kB
MemAvailable:    1511568 kB
Buffers:           66044 kB
Cached:           908388 kB
MemTotal:        1844596 kB
MemFree:          632140 kB
MemAvailable:    1510716 kB
Buffers:           66044 kB
Cached:           908388 kB
MemTotal:        1844596 kB
MemFree:          631620 kB
MemAvailable:    1510196 kB
Buffers:           66044 kB
Cached:           908388 kB
MemTotal:        1844596 kB
MemFree:          631140 kB
MemAvailable:    1509716 kB
Buffers:           66044 kB
Cached:           908388 kB
MemTotal:        1844596 kB
MemFree:          631200 kB
MemAvailable:    1509776 kB
Buffers:           66044 kB
Cached:           908388 kB
MemTotal:        1844596 kB
MemFree:          631456 kB
MemAvailable:    1510032 kB
Buffers:           66044 kB
Cached:           908388 kB
MemTotal:        1844596 kB
MemFree:          631060 kB
MemAvailable:    1509636 kB
Buffers:           66044 kB
Cached:           908388 kB
MemTotal:        1844596 kB
MemFree:          631060 kB
MemAvailable:    1509636 kB
Buffers:           66044 kB
Cached:           908388 kB
MemTotal:        1844596 kB
MemFree:          631012 kB
MemAvailable:    1509588 kB
Buffers:           66044 kB
Cached:           908388 kB
MemTotal:        1844596 kB
MemFree:          629960 kB
MemAvailable:    1508536 kB
Buffers:           66044 kB
Cached:           908388 kB
MemTotal:        1844596 kB
MemFree:          630004 kB
MemAvailable:    1508580 kB
Buffers:           66044 kB
Cached:           908388 kB
MemTotal:        1844596 kB
MemFree:          631164 kB
MemAvailable:    1509740 kB
Buffers:           66044 kB
Cached:           908388 kB
MemTotal:        1844596 kB
MemFree:          631760 kB
MemAvailable:    1510336 kB
Buffers:           66044 kB
Cached:           908388 kB
MemTotal:        1844596 kB
MemFree:          631868 kB
MemAvailable:    1510444 kB
Buffers:           66044 kB
Cached:           908388 kB
MemTotal:        1844596 kB
MemFree:          632204 kB
MemAvailable:    1510780 kB
Buffers:           66044 kB
Cached:           908388 kB
MemTotal:        1844596 kB
MemFree:          629528 kB
MemAvailable:    1508104 kB
Buffers:           66044 kB
Cached:           908388 kB
MemTotal:        1844596 kB
MemFree:          627792 kB
MemAvailable:    1506368 kB
Buffers:           66044 kB
Cached:           908388 kB
MemTotal:        1844596 kB
MemFree:          628384 kB
MemAvailable:    1506960 kB
Buffers:           66044 kB
Cached:           908388 kB
MemTotal:        1844596 kB
MemFree:          628720 kB
MemAvailable:    1507296 kB
Buffers:           66044 kB
Cached:           908388 kB
MemTotal:        1844596 kB
MemFree:          628040 kB
MemAvailable:    1506616 kB
Buffers:           66044 kB
Cached:           908388 kB
MemTotal:        1844596 kB
MemFree:          626896 kB
MemAvailable:    1505556 kB
Buffers:           66044 kB
Cached:           908388 kB
MemTotal:        1844596 kB
MemFree:          627100 kB
MemAvailable:    1505676 kB
Buffers:           66044 kB
Cached:           908388 kB
MemTotal:        1844596 kB
MemFree:          625916 kB
MemAvailable:    1504492 kB
Buffers:           66044 kB
Cached:           908388 kB
MemTotal:        1844596 kB
MemFree:          626968 kB
MemAvailable:    1505544 kB
Buffers:           66044 kB
Cached:           908388 kB
MemTotal:        1844596 kB
MemFree:          625792 kB
MemAvailable:    1504368 kB
Buffers:           66044 kB
Cached:           908388 kB
MemTotal:        1844596 kB
MemFree:          626156 kB
MemAvailable:    1504732 kB
Buffers:           66044 kB
Cached:           908388 kB
MemTotal:        1844596 kB
MemFree:          626544 kB
MemAvailable:    1505120 kB
Buffers:           66044 kB
Cached:           908388 kB
MemTotal:        1844596 kB
MemFree:          626312 kB
MemAvailable:    1504888 kB
Buffers:           66044 kB
Cached:           908388 kB
MemTotal:        1844596 kB
MemFree:          626156 kB
MemAvailable:    1504732 kB
Buffers:           66044 kB
Cached:           908388 kB
MemTotal:        1844596 kB
MemFree:          626492 kB
MemAvailable:    1505068 kB
Buffers:           66044 kB
Cached:           908388 kB
MemTotal:        1844596 kB
MemFree:          625792 kB
MemAvailable:    1504368 kB
Buffers:           66044 kB
Cached:           908388 kB
MemTotal:        1844596 kB
MemFree:          625264 kB
MemAvailable:    1503840 kB
Buffers:           66044 kB
Cached:           908388 kB
MemTotal:        1844596 kB
MemFree:          625748 kB
MemAvailable:    1504324 kB
Buffers:           66044 kB
Cached:           908388 kB
MemTotal:        1844596 kB
MemFree:          624668 kB
MemAvailable:    1503244 kB
Buffers:           66044 kB
Cached:           908388 kB
MemTotal:        1844596 kB
MemFree:          625728 kB
MemAvailable:    1504304 kB
Buffers:           66044 kB
Cached:           908388 kB
MemTotal:        1844596 kB
MemFree:          625980 kB
MemAvailable:    1504556 kB
Buffers:           66044 kB
Cached:           908388 kB
MemTotal:        1844596 kB
MemFree:          624680 kB
MemAvailable:    1503256 kB
Buffers:           66044 kB
Cached:           908388 kB
MemTotal:        1844596 kB
MemFree:          624796 kB
MemAvailable:    1503372 kB
Buffers:           66044 kB
Cached:           908388 kB
MemTotal:        1844596 kB
MemFree:          625872 kB
MemAvailable:    1504448 kB
Buffers:           66044 kB
Cached:           908388 kB
MemTotal:        1844596 kB
MemFree:          625676 kB
MemAvailable:    1504252 kB
Buffers:           66044 kB
Cached:           908388 kB
MemTotal:        1844596 kB
MemFree:          624236 kB
MemAvailable:    1502812 kB
Buffers:           66044 kB
Cached:           908388 kB
MemTotal:        1844596 kB
MemFree:          624444 kB
MemAvailable:    1503020 kB
Buffers:           66044 kB
Cached:           908388 kB
MemTotal:        1844596 kB
MemFree:          625292 kB
MemAvailable:    1503868 kB
Buffers:           66044 kB
Cached:           908388 kB
MemTotal:        1844596 kB
MemFree:          625292 kB
MemAvailable:    1503868 kB
Buffers:           66044 kB
Cached:           908388 kB
MemTotal:        1844596 kB
MemFree:          624984 kB
MemAvailable:    1503560 kB
Buffers:           66044 kB
Cached:           908388 kB
MemTotal:        1844596 kB
MemFree:          623932 kB
MemAvailable:    1502508 kB
Buffers:           66044 kB
Cached:           908388 kB
MemTotal:        1844596 kB
MemFree:          624912 kB
MemAvailable:    1503488 kB
Buffers:           66044 kB
Cached:           908388 kB
MemTotal:        1844596 kB
MemFree:          624568 kB
MemAvailable:    1503144 kB
Buffers:           66044 kB
Cached:           908388 kB
MemTotal:        1844596 kB
MemFree:          624928 kB
MemAvailable:    1503504 kB
Buffers:           66044 kB
Cached:           908388 kB
MemTotal:        1844596 kB
MemFree:          624916 kB
MemAvailable:    1503492 kB
Buffers:           66044 kB
Cached:           908388 kB
MemTotal:        1844596 kB
MemFree:          625168 kB
MemAvailable:    1503744 kB
Buffers:           66044 kB
Cached:           908388 kB
MemTotal:        1844596 kB
MemFree:          624892 kB
MemAvailable:    1503468 kB
Buffers:           66044 kB
Cached:           908388 kB
MemTotal:        1844596 kB
MemFree:          623548 kB
MemAvailable:    1502124 kB
Buffers:           66044 kB
Cached:           908388 kB
MemTotal:        1844596 kB
MemFree:          624072 kB
MemAvailable:    1502648 kB
Buffers:           66044 kB
Cached:           908388 kB
MemTotal:        1844596 kB
MemFree:          624984 kB
MemAvailable:    1503568 kB
Buffers:           66044 kB
Cached:           908396 kB
MemTotal:        1844596 kB
MemFree:          622460 kB
MemAvailable:    1501044 kB
Buffers:           66044 kB
Cached:           908396 kB
MemTotal:        1844596 kB
MemFree:          620344 kB
MemAvailable:    1498928 kB
Buffers:           66044 kB
Cached:           908396 kB
MemTotal:        1844596 kB
MemFree:          620344 kB
MemAvailable:    1498928 kB
Buffers:           66044 kB
Cached:           908396 kB
MemTotal:        1844596 kB
MemFree:          617484 kB
MemAvailable:    1496068 kB
Buffers:           66044 kB
Cached:           908396 kB
MemTotal:        1844596 kB
MemFree:          617736 kB
MemAvailable:    1496320 kB
Buffers:           66044 kB
Cached:           908396 kB
MemTotal:        1844596 kB
MemFree:          617212 kB
MemAvailable:    1495796 kB
Buffers:           66044 kB
Cached:           908396 kB
MemTotal:        1844596 kB
MemFree:          616384 kB
MemAvailable:    1494968 kB
Buffers:           66044 kB
Cached:           908396 kB
MemTotal:        1844596 kB
MemFree:          616992 kB
MemAvailable:    1495576 kB
Buffers:           66044 kB
Cached:           908396 kB
MemTotal:        1844596 kB
MemFree:          615764 kB
MemAvailable:    1494348 kB
Buffers:           66044 kB
Cached:           908396 kB
MemTotal:        1844596 kB
MemFree:          616892 kB
MemAvailable:    1495476 kB
Buffers:           66044 kB
Cached:           908396 kB
MemTotal:        1844596 kB
MemFree:          617316 kB
MemAvailable:    1495900 kB
Buffers:           66044 kB
Cached:           908396 kB
MemTotal:        1844596 kB
MemFree:          616456 kB
MemAvailable:    1495040 kB
Buffers:           66044 kB
Cached:           908396 kB
MemTotal:        1844596 kB
MemFree:          617328 kB
MemAvailable:    1495912 kB
Buffers:           66044 kB
Cached:           908396 kB
MemTotal:        1844596 kB
MemFree:          616268 kB
MemAvailable:    1494852 kB
Buffers:           66044 kB
Cached:           908396 kB
MemTotal:        1844596 kB
MemFree:          616988 kB
MemAvailable:    1495572 kB
Buffers:           66044 kB
Cached:           908396 kB
MemTotal:        1844596 kB
MemFree:          616988 kB
MemAvailable:    1495572 kB
Buffers:           66044 kB
Cached:           908396 kB
MemTotal:        1844596 kB
MemFree:          617072 kB
MemAvailable:    1495656 kB
Buffers:           66044 kB
Cached:           908396 kB
MemTotal:        1844596 kB
MemFree:          615704 kB
MemAvailable:    1494288 kB
Buffers:           66044 kB
Cached:           908396 kB
MemTotal:        1844596 kB
MemFree:          616804 kB
MemAvailable:    1495388 kB
Buffers:           66044 kB
Cached:           908396 kB
MemTotal:        1844596 kB
MemFree:          616804 kB
MemAvailable:    1495388 kB
Buffers:           66044 kB
Cached:           908396 kB
MemTotal:        1844596 kB
MemFree:          616252 kB
MemAvailable:    1494836 kB
Buffers:           66044 kB
Cached:           908396 kB
MemTotal:        1844596 kB
MemFree:          615764 kB
MemAvailable:    1494348 kB
Buffers:           66052 kB
Cached:           908388 kB
MemTotal:        1844596 kB
MemFree:          614764 kB
MemAvailable:    1493348 kB
Buffers:           66056 kB
Cached:           908384 kB
MemTotal:        1844596 kB
MemFree:          615516 kB
MemAvailable:    1494100 kB
Buffers:           66056 kB
Cached:           908384 kB
MemTotal:        1844596 kB
MemFree:          615320 kB
MemAvailable:    1493904 kB
Buffers:           66056 kB
Cached:           908384 kB
MemTotal:        1844596 kB
MemFree:          614136 kB
MemAvailable:    1492720 kB
Buffers:           66056 kB
Cached:           908384 kB
MemTotal:        1844596 kB
MemFree:          614136 kB
MemAvailable:    1492720 kB
Buffers:           66056 kB
Cached:           908384 kB
MemTotal:        1844596 kB
MemFree:          614136 kB
MemAvailable:    1492720 kB
Buffers:           66056 kB
Cached:           908384 kB
MemTotal:        1844596 kB
MemFree:          612636 kB
MemAvailable:    1491220 kB
Buffers:           66056 kB
Cached:           908384 kB
MemTotal:        1844596 kB
MemFree:          612416 kB
MemAvailable:    1491000 kB
Buffers:           66056 kB
Cached:           908384 kB
MemTotal:        1844596 kB
MemFree:          613268 kB
MemAvailable:    1491864 kB
Buffers:           66056 kB
Cached:           908396 kB
MemTotal:        1844596 kB
MemFree:          613352 kB
MemAvailable:    1491948 kB
Buffers:           66056 kB
Cached:           908396 kB
MemTotal:        1844596 kB
MemFree:          612032 kB
MemAvailable:    1490628 kB
Buffers:           66056 kB
Cached:           908396 kB
MemTotal:        1844596 kB
MemFree:          612032 kB
MemAvailable:    1490628 kB
Buffers:           66056 kB
Cached:           908396 kB
MemTotal:        1844596 kB
MemFree:          612024 kB
MemAvailable:    1490620 kB
Buffers:           66056 kB
Cached:           908396 kB
MemTotal:        1844596 kB
MemFree:          612024 kB
MemAvailable:    1490620 kB
Buffers:           66056 kB
Cached:           908396 kB
MemTotal:        1844596 kB
MemFree:          613256 kB
MemAvailable:    1491852 kB
Buffers:           66056 kB
Cached:           908396 kB
MemTotal:        1844596 kB
MemFree:          613128 kB
MemAvailable:    1491724 kB
Buffers:           66056 kB
Cached:           908396 kB
MemTotal:        1844596 kB
MemFree:          613212 kB
MemAvailable:    1491808 kB
Buffers:           66056 kB
Cached:           908396 kB
MemTotal:        1844596 kB
MemFree:          612956 kB
MemAvailable:    1491552 kB
Buffers:           66056 kB
Cached:           908396 kB
MemTotal:        1844596 kB
MemFree:          611416 kB
MemAvailable:    1490012 kB
Buffers:           66056 kB
Cached:           908396 kB
MemTotal:        1844596 kB
MemFree:          611548 kB
MemAvailable:    1490144 kB
Buffers:           66056 kB
Cached:           908396 kB
MemTotal:        1844596 kB
MemFree:          611416 kB
MemAvailable:    1490012 kB
Buffers:           66056 kB
Cached:           908396 kB
MemTotal:        1844596 kB
MemFree:          607564 kB
MemAvailable:    1486160 kB
Buffers:           66056 kB
Cached:           908396 kB
MemTotal:        1844596 kB
MemFree:          607648 kB
MemAvailable:    1486244 kB
Buffers:           66056 kB
Cached:           908396 kB
MemTotal:        1844596 kB
MemFree:          607484 kB
MemAvailable:    1486080 kB
Buffers:           66056 kB
Cached:           908396 kB
MemTotal:        1844596 kB
MemFree:          607268 kB
MemAvailable:    1485864 kB
Buffers:           66056 kB
Cached:           908396 kB
MemTotal:        1844596 kB
MemFree:          607128 kB
MemAvailable:    1485724 kB
Buffers:           66056 kB
Cached:           908396 kB
MemTotal:        1844596 kB
MemFree:          607464 kB
MemAvailable:    1486060 kB
Buffers:           66056 kB
Cached:           908396 kB
MemTotal:        1844596 kB
MemFree:          605896 kB
MemAvailable:    1484492 kB
Buffers:           66056 kB
Cached:           908396 kB
MemTotal:        1844596 kB
MemFree:          607364 kB
MemAvailable:    1485960 kB
Buffers:           66056 kB
Cached:           908396 kB
MemTotal:        1844596 kB
MemFree:          607120 kB
MemAvailable:    1485716 kB
Buffers:           66056 kB
Cached:           908396 kB
MemTotal:        1844596 kB
MemFree:          606836 kB
MemAvailable:    1485432 kB
Buffers:           66056 kB
Cached:           908396 kB
MemTotal:        1844596 kB
MemFree:          606392 kB
MemAvailable:    1484988 kB
Buffers:           66056 kB
Cached:           908396 kB
MemTotal:        1844596 kB
MemFree:          606156 kB
MemAvailable:    1484752 kB
Buffers:           66056 kB
Cached:           908396 kB
MemTotal:        1844596 kB
MemFree:          602984 kB
MemAvailable:    1481580 kB
Buffers:           66056 kB
Cached:           908396 kB
MemTotal:        1844596 kB
MemFree:          603936 kB
MemAvailable:    1482532 kB
Buffers:           66056 kB
Cached:           908396 kB
MemTotal:        1844596 kB
MemFree:          604188 kB
MemAvailable:    1482784 kB
Buffers:           66056 kB
Cached:           908396 kB
MemTotal:        1844596 kB
MemFree:          603852 kB
MemAvailable:    1482448 kB
Buffers:           66056 kB
Cached:           908396 kB
MemTotal:        1844596 kB
MemFree:          604044 kB
MemAvailable:    1482640 kB
Buffers:           66056 kB
Cached:           908396 kB
MemTotal:        1844596 kB
MemFree:          603852 kB
MemAvailable:    1482448 kB
Buffers:           66056 kB
Cached:           908396 kB
MemTotal:        1844596 kB
MemFree:          604188 kB
MemAvailable:    1482784 kB
Buffers:           66056 kB
Cached:           908396 kB
MemTotal:        1844596 kB
MemFree:          605928 kB
MemAvailable:    1484524 kB
Buffers:           66060 kB
Cached:           908392 kB
MemTotal:        1844596 kB
MemFree:          605904 kB
MemAvailable:    1484584 kB
Buffers:           66060 kB
Cached:           908516 kB
MemTotal:        1844596 kB
MemFree:          604976 kB
MemAvailable:    1483740 kB
Buffers:           66060 kB
Cached:           908516 kB
MemTotal:        1844596 kB
MemFree:          605540 kB
MemAvailable:    1484388 kB
Buffers:           66060 kB
Cached:           908640 kB
MemTotal:        1844596 kB
MemFree:          605468 kB
MemAvailable:    1484400 kB
Buffers:           66060 kB
Cached:           908764 kB
MemTotal:        1844596 kB
MemFree:          605312 kB
MemAvailable:    1484412 kB
Buffers:           66060 kB
Cached:           908888 kB
MemTotal:        1844596 kB
MemFree:          605648 kB
MemAvailable:    1484748 kB
Buffers:           66060 kB
Cached:           908888 kB
MemTotal:        1844596 kB
MemFree:          605264 kB
MemAvailable:    1484448 kB
Buffers:           66060 kB
Cached:           908888 kB
MemTotal:        1844596 kB
MemFree:          605264 kB
MemAvailable:    1484448 kB
Buffers:           66060 kB
Cached:           908888 kB
MemTotal:        1844596 kB
MemFree:          605036 kB
MemAvailable:    1484220 kB
Buffers:           66060 kB
Cached:           909012 kB
MemTotal:        1844596 kB
MemFree:          605372 kB
MemAvailable:    1484556 kB
Buffers:           66060 kB
Cached:           909012 kB
MemTotal:        1844596 kB
MemFree:          604044 kB
MemAvailable:    1483228 kB
Buffers:           66060 kB
Cached:           909012 kB
MemTotal:        1844596 kB
MemFree:          604096 kB
MemAvailable:    1483280 kB
Buffers:           66060 kB
Cached:           909012 kB
MemTotal:        1844596 kB
MemFree:          604356 kB
MemAvailable:    1483540 kB
Buffers:           66060 kB
Cached:           909012 kB
MemTotal:        1844596 kB
MemFree:          605156 kB
MemAvailable:    1484424 kB
Buffers:           66060 kB
Cached:           909136 kB
MemTotal:        1844596 kB
MemFree:          605324 kB
MemAvailable:    1484592 kB
Buffers:           66060 kB
Cached:           909136 kB
MemTotal:        1844596 kB
MemFree:          604432 kB
MemAvailable:    1483028 kB
Buffers:           66060 kB
Cached:           908380 kB
MemTotal:        1844596 kB
MemFree:          674648 kB
MemAvailable:    1553236 kB
Buffers:           66060 kB
Cached:           908376 kB
