MemTotal:        1844596 kB
MemFree:          710204 kB
MemAvailable:    1530568 kB
Buffers:           60448 kB
Cached:           860620 kB
MemTotal:        1844596 kB
MemFree:          707600 kB
MemAvailable:    1527964 kB
Buffers:           60448 kB
Cached:           860620 kB
MemTotal:        1844596 kB
MemFree:          705368 kB
MemAvailable:    1525732 kB
Buffers:           60448 kB
Cached:           860620 kB
MemTotal:        1844596 kB
MemFree:          705180 kB
MemAvailable:    1525544 kB
Buffers:           60448 kB
Cached:           860620 kB
MemTotal:        1844596 kB
MemFree:          704608 kB
MemAvailable:    1524972 kB
Buffers:           60448 kB
Cached:           860620 kB
MemTotal:        1844596 kB
MemFree:          703744 kB
MemAvailable:    1524108 kB
Buffers:           60448 kB
Cached:           860620 kB
MemTotal:        1844596 kB
MemFree:          702268 kB
MemAvailable:    1522632 kB
Buffers:           60448 kB
Cached:           860620 kB
MemTotal:        1844596 kB
MemFree:          699276 kB
MemAvailable:    1519640 kB
Buffers:           60448 kB
Cached:           860620 kB
MemTotal:        1844596 kB
MemFree:          699276 kB
MemAvailable:    1519640 kB
Buffers:           60448 kB
Cached:           860620 kB
MemTotal:        1844596 kB
MemFree:          694208 kB
MemAvailable:    1514572 kB
Buffers:           60448 kB
Cached:           860620 kB
MemTotal:        1844596 kB
MemFree:          693888 kB
MemAvailable:    1514252 kB
Buffers:           60448 kB
Cached:           860620 kB
MemTotal:        1844596 kB
MemFree:          695408 kB
MemAvailable:    1515772 kB
Buffers:           60448 kB
Cached:           860620 kB
MemTotal:        1844596 kB
MemFree:          695236 kB
MemAvailable:    1515600 kB
Buffers:           60448 kB
Cached:           860620 kB
MemTotal:        1844596 kB
MemFree:          695456 kB
MemAvailable:    1515820 kB
Buffers:           60448 kB
Cached:           860620 kB
MemTotal:        1844596 kB
MemFree:          695524 kB
MemAvailable:    1515892 kB
Buffers:           60448 kB
Cached:           860624 kB
MemTotal:        1844596 kB
MemFree:          694324 kB
MemAvailable:    1514692 kB
Buffers:           60448 kB
Cached:           860624 kB
MemTotal:        1844596 kB
MemFree:          693952 kB
MemAvailable:    1514320 kB
Buffers:           60448 kB
Cached:           860624 kB
MemTotal:        1844596 kB
MemFree:          693720 kB
MemAvailable:    1514088 kB
Buffers:           60448 kB
Cached:           860624 kB
MemTotal:        1844596 kB
MemFree:          693152 kB
MemAvailable:    1513520 kB
Buffers:           60448 kB
Cached:           860624 kB
MemTotal:        1844596 kB
MemFree:          692960 kB
MemAvailable:    1513328 kB
Buffers:           60448 kB
Cached:           860624 kB
MemTotal:        1844596 kB
MemFree:          691852 kB
MemAvailable:    1512220 kB
Buffers:           60448 kB
Cached:           860624 kB
MemTotal:        1844596 kB
MemFree:          692968 kB
MemAvailable:    1513336 kB
Buffers:           60448 kB
Cached:           860624 kB
MemTotal:        1844596 kB
MemFree:          693028 kB
MemAvailable:    1513396 kB
Buffers:           60448 kB
Cached:           860624 kB
MemTotal:        1844596 kB
MemFree:          691720 kB
MemAvailable:    1512088 kB
Buffers:           60448 kB
Cached:           860624 kB
MemTotal:        1844596 kB
MemFree:          691596 kB
MemAvailable:    1511964 kB
Buffers:           60448 kB
Cached:           860624 kB
MemTotal:        1844596 kB
MemFree:          692788 kB
MemAvailable:    1513156 kB
Buffers:           60448 kB
Cached:           860624 kB
MemTotal:        1844596 kB
MemFree:          692956 kB
MemAvailable:    1513324 kB
Buffers:           60448 kB
Cached:           860624 kB
MemTotal:        1844596 kB
MemFree:          692756 kB
MemAvailable:    1513124 kB
Buffers:           60448 kB
Cached:           860624 kB
MemTotal:        1844596 kB
MemFree:          694056 kB
MemAvailable:    1514424 kB
Buffers:           60448 kB
Cached:           860624 kB
MemTotal:        1844596 kB
MemFree:          692092 kB
MemAvailable:    1512460 kB
Buffers:           60448 kB
Cached:           860624 kB
MemTotal:        1844596 kB
MemFree:          692100 kB
MemAvailable:    1512468 kB
Buffers:           60448 kB
Cached:           860624 kB
MemTotal:        1844596 kB
MemFree:          690356 kB
MemAvailable:    1510724 kB
Buffers:           60448 kB
Cached:           860624 kB
MemTotal:        1844596 kB
MemFree:          690232 kB
MemAvailable:    1510600 kB
Buffers:           60448 kB
Cached:           860624 kB
MemTotal:        1844596 kB
MemFree:          688620 kB
MemAvailable:    1508988 kB
Buffers:           60448 kB
Cached:           860624 kB
MemTotal:        1844596 kB
MemFree:          689984 kB
MemAvailable:    1510352 kB
Buffers:           60448 kB
Cached:           860624 kB
MemTotal:        1844596 kB
MemFree:          689124 kB
MemAvailable:    1509492 kB
Buffers:           60448 kB
Cached:           860624 kB
MemTotal:        1844596 kB
MemFree:          687636 kB
MemAvailable:    1508004 kB
Buffers:           60448 kB
Cached:           860624 kB
MemTotal:        1844596 kB
MemFree:          687628 kB
MemAvailable:    1507996 kB
Buffers:           60448 kB
Cached:           860624 kB
MemTotal:        1844596 kB
MemFree:          687876 kB
MemAvailable:    1508244 kB
Buffers:           60448 kB
Cached:           860624 kB
MemTotal:        1844596 kB
MemFree:          687628 kB
MemAvailable:    1507996 kB
Buffers:           60448 kB
Cached:           860624 kB
MemTotal:        1844596 kB
MemFree:          688868 kB
MemAvailable:    1509236 kB
Buffers:           60448 kB
Cached:           860624 kB
MemTotal:        1844596 kB
MemFree:          688380 kB
MemAvailable:    1508748 kB
Buffers:           60448 kB
Cached:           860624 kB
MemTotal:        1844596 kB
MemFree:          687256 kB
MemAvailable:    1507624 kB
Buffers:           60448 kB
Cached:           860624 kB
MemTotal:        1844596 kB
MemFree:          687868 kB
MemAvailable:    1508236 kB
Buffers:           60448 kB
Cached:           860624 kB
MemTotal:        1844596 kB
MemFree:          687868 kB
MemAvailable:    1508236 kB
Buffers:           60448 kB
Cached:           860624 kB
MemTotal:        1844596 kB
MemFree:          687588 kB
MemAvailable:    1507956 kB
Buffers:           60448 kB
Cached:           860624 kB
MemTotal:        1844596 kB
MemFree:          687708 kB
MemAvailable:    1508076 kB
Buffers:           60448 kB
Cached:           860624 kB
MemTotal:        1844596 kB
MemFree:          687696 kB
MemAvailable:    1508064 kB
Buffers:           60448 kB
Cached:           860624 kB
MemTotal:        1844596 kB
MemFree:          687272 kB
MemAvailable:    1507640 kB
Buffers:           60448 kB
Cached:           860624 kB
MemTotal:        1844596 kB
MemFree:          686340 kB
MemAvailable:    1506708 kB
Buffers:           60448 kB
Cached:           860624 kB
MemTotal:        1844596 kB
MemFree:          686340 kB
MemAvailable:    1506708 kB
Buffers:           60448 kB
Cached:           860624 kB
MemTotal:        1844596 kB
MemFree:          687620 kB
MemAvailable:    1507988 kB
Buffers:           60448 kB
Cached:           860624 kB
MemTotal:        1844596 kB
MemFree:          687704 kB
MemAvailable:    1508072 kB
Buffers:           60448 kB
Cached:           860624 kB
MemTotal:        1844596 kB
MemFree:          686644 kB
MemAvailable:    1507012 kB
Buffers:           60448 kB
Cached:           860624 kB
MemTotal:        1844596 kB
MemFree:          686512 kB
MemAvailable:    1506880 kB
Buffers:           60448 kB
Cached:           860624 kB
MemTotal:        1844596 kB
MemFree:          686512 kB
MemAvailable:    1506880 kB
Buffers:           60448 kB
Cached:           860624 kB
MemTotal:        1844596 kB
MemFree:          687364 kB
MemAvailable:    1507732 kB
Buffers:           60448 kB
Cached:           860624 kB
MemTotal:        1844596 kB
MemFree:          687364 kB
MemAvailable:    1507732 kB
Buffers:           60448 kB
Cached:           860624 kB
MemTotal:        1844596 kB
MemFree:          687184 kB
MemAvailable:    1507552 kB
Buffers:           60448 kB
Cached:           860624 kB
MemTotal:        1844596 kB
MemFree:          685876 kB
MemAvailable:    1506244 kB
Buffers:           60448 kB
Cached:           860624 kB
MemTotal:        1844596 kB
MemFree:          685776 kB
MemAvailable:    1506152 kB
Buffers:           60448 kB
Cached:           860632 kB
MemTotal:        1844596 kB
MemFree:          686884 kB
MemAvailable:    1507260 kB
Buffers:           60448 kB
Cached:           860632 kB
MemTotal:        1844596 kB
MemFree:          686580 kB
MemAvailable:    1506956 kB
Buffers:           60448 kB
Cached:           860632 kB
MemTotal:        1844596 kB
MemFree:          686832 kB
MemAvailable:    1507208 kB
Buffers:           60448 kB
Cached:           860632 kB
MemTotal:        1844596 kB
MemFree:          686576 kB
MemAvailable:    1506952 kB
Buffers:           60448 kB
Cached:           860632 kB
MemTotal:        1844596 kB
MemFree:          686644 kB
MemAvailable:    1507020 kB
Buffers:           60448 kB
Cached:           860632 kB
MemTotal:        1844596 kB
MemFree:          686684 kB
MemAvailable:    1507060 kB
Buffers:           60448 kB
Cached:           860632 kB
MemTotal:        1844596 kB
MemFree:          685468 kB
MemAvailable:    1505844 kB
Buffers:           60448 kB
Cached:           860632 kB
MemTotal:        1844596 kB
MemFree:          686504 kB
MemAvailable:    1506880 kB
Buffers:           60448 kB
Cached:           860632 kB
MemTotal:        1844596 kB
MemFree:          686840 kB
MemAvailable:    1507216 kB
Buffers:           60448 kB
Cached:           860632 kB
MemTotal:        1844596 kB
MemFree:          685348 kB
MemAvailable:    1505724 kB
Buffers:           60448 kB
Cached:           860632 kB
MemTotal:        1844596 kB
MemFree:          683776 kB
MemAvailable:    1504152 kB
Buffers:           60448 kB
Cached:           860632 kB
MemTotal:        1844596 kB
MemFree:          683776 kB
MemAvailable:    1504152 kB
Buffers:           60448 kB
Cached:           860632 kB
MemTotal:        1844596 kB
MemFree:          679196 kB
MemAvailable:    1499572 kB
Buffers:           60448 kB
Cached:           860632 kB
MemTotal:        1844596 kB
MemFree:          678592 kB
MemAvailable:    1498968 kB
Buffers:           60448 kB
Cached:           860632 kB
MemTotal:        1844596 kB
MemFree:          677792 kB
MemAvailable:    1498168 kB
Buffers:           60448 kB
Cached:           860632 kB
MemTotal:        1844596 kB
MemFree:          677660 kB
MemAvailable:    1498036 kB
Buffers:           60448 kB
Cached:           860632 kB
MemTotal:        1844596 kB
MemFree:          678768 kB
MemAvailable:    1499144 kB
Buffers:           60448 kB
Cached:           860632 kB
MemTotal:        1844596 kB
MemFree:          678936 kB
MemAvailable:    1499312 kB
Buffers:           60448 kB
Cached:           860632 kB
MemTotal:        1844596 kB
MemFree:          677392 kB
MemAvailable:    1497768 kB
Buffers:           60448 kB
Cached:           860632 kB
MemTotal:        1844596 kB
MemFree:          678924 kB
MemAvailable:    1499300 kB
Buffers:           60448 kB
Cached:           860632 kB
MemTotal:        1844596 kB
MemFree:          678988 kB
MemAvailable:    1499364 kB
Buffers:           60448 kB
Cached:           860632 kB
MemTotal:        1844596 kB
MemFree:          678876 kB
MemAvailable:    1499252 kB
Buffers:           60448 kB
Cached:           860632 kB
MemTotal:        1844596 kB
MemFree:          678724 kB
MemAvailable:    1499100 kB
Buffers:           60448 kB
Cached:           860632 kB
MemTotal:        1844596 kB
MemFree:          678576 kB
MemAvailable:    1498952 kB
Buffers:           60448 kB
Cached:           860632 kB
MemTotal:        1844596 kB
MemFree:          678912 kB
MemAvailable:    1499288 kB
Buffers:           60448 kB
Cached:           860632 kB
MemTotal:        1844596 kB
MemFree:          677420 kB
MemAvailable:    1497796 kB
Buffers:           60448 kB
Cached:           860632 kB
MemTotal:        1844596 kB
MemFree:          678720 kB
MemAvailable:    1499096 kB
Buffers:           60448 kB
Cached:           860632 kB
MemTotal:        1844596 kB
MemFree:          677288 kB
MemAvailable:    1497664 kB
Buffers:           60448 kB
Cached:           860632 kB
MemTotal:        1844596 kB
MemFree:          678088 kB
MemAvailable:    1498464 kB
Buffers:           60448 kB
Cached:           860632 kB
MemTotal:        1844596 kB
MemFree:          677956 kB
MemAvailable:    1498332 kB
Buffers:           60448 kB
Cached:           860632 kB
MemTotal:        1844596 kB
MemFree:          677452 kB
MemAvailable:    1497828 kB
Buffers:           60448 kB
Cached:           860632 kB
MemTotal:        1844596 kB
MemFree:          676848 kB
MemAvailable:    1497224 kB
Buffers:           60448 kB
Cached:           860632 kB
MemTotal:        1844596 kB
MemFree:          677164 kB
MemAvailable:    1497540 kB
Buffers:           60448 kB
Cached:           860632 kB
MemTotal:        1844596 kB
MemFree:          675916 kB
MemAvailable:    1496292 kB
Buffers:           60448 kB
Cached:           860632 kB
MemTotal:        1844596 kB
MemFree:          675964 kB
MemAvailable:    1496340 kB
Buffers:           60448 kB
Cached:           860632 kB
MemTotal:        1844596 kB
MemFree:          675608 kB
MemAvailable:    1495984 kB
Buffers:           60448 kB
Cached:           860632 kB
MemTotal:        1844596 kB
MemFree:          674428 kB
MemAvailable:    1494804 kB
Buffers:           60448 kB
Cached:           860632 kB
MemTotal:        1844596 kB
MemFree:          675220 kB
MemAvailable:    1495596 kB
Buffers:           60448 kB
Cached:           860632 kB
MemTotal:        1844596 kB
MemFree:          675220 kB
MemAvailable:    1495596 kB
Buffers:           60448 kB
Cached:           860632 kB
MemTotal:        1844596 kB
MemFree:          673852 kB
MemAvailable:    1494228 kB
Buffers:           60448 kB
Cached:           860632 kB
MemTotal:        1844596 kB
MemFree:          675152 kB
MemAvailable:    1495528 kB
Buffers:           60448 kB
Cached:           860632 kB
MemTotal:        1844596 kB
MemFree:          674120 kB
MemAvailable:    1494496 kB
Buffers:           60448 kB
Cached:           860632 kB
MemTotal:        1844596 kB
MemFree:          674848 kB
MemAvailable:    1495224 kB
Buffers:           60448 kB
Cached:           860632 kB
MemTotal:        1844596 kB
MemFree:          674976 kB
MemAvailable:    1495352 kB
Buffers:           60448 kB
Cached:           860632 kB
MemTotal:        1844596 kB
MemFree:          674852 kB
MemAvailable:    1495228 kB
Buffers:           60448 kB
Cached:           860632 kB
MemTotal:        1844596 kB
MemFree:          674672 kB
MemAvailable:    1495048 kB
Buffers:           60448 kB
Cached:           860632 kB
MemTotal:        1844596 kB
MemFree:          674732 kB
MemAvailable:    1495108 kB
Buffers:           60448 kB
Cached:           860632 kB
MemTotal:        1844596 kB
MemFree:          673440 kB
MemAvailable:    1493816 kB
Buffers:           60448 kB
Cached:           860632 kB
MemTotal:        1844596 kB
MemFree:          675000 kB
MemAvailable:    1495376 kB
Buffers:           60448 kB
Cached:           860632 kB
MemTotal:        1844596 kB
MemFree:          674616 kB
MemAvailable:    1494992 kB
Buffers:           60448 kB
Cached:           860632 kB
MemTotal:        1844596 kB
MemFree:          673980 kB
MemAvailable:    1494356 kB
Buffers:           60448 kB
Cached:           860632 kB
MemTotal:        1844596 kB
MemFree:          673872 kB
MemAvailable:    1494248 kB
Buffers:           60448 kB
Cached:           860632 kB
MemTotal:        1844596 kB
MemFree:          669716 kB
MemAvailable:    1490092 kB
Buffers:           60448 kB
Cached:           860632 kB
MemTotal:        1844596 kB
MemFree:          669260 kB
MemAvailable:    1489636 kB
Buffers:           60448 kB
Cached:           860632 kB
MemTotal:        1844596 kB
MemFree:          669344 kB
MemAvailable:    1489720 kB
Buffers:           60448 kB
Cached:           860632 kB
MemTotal:        1844596 kB
MemFree:          667856 kB
MemAvailable:    1488232 kB
Buffers:           60448 kB
Cached:           860632 kB
MemTotal:        1844596 kB
MemFree:          669156 kB
MemAvailable:    1489532 kB
Buffers:           60448 kB
Cached:           860632 kB
MemTotal:        1844596 kB
MemFree:          668832 kB
MemAvailable:    1489208 kB
Buffers:           60448 kB
Cached:           860632 kB
MemTotal:        1844596 kB
MemFree:          669088 kB
MemAvailable:    1489464 kB
Buffers:           60448 kB
Cached:           860632 kB
MemTotal:        1844596 kB
MemFree:          668568 kB
MemAvailable:    1488944 kB
Buffers:           60448 kB
Cached:           860632 kB
MemTotal:        1844596 kB
MemFree:          668904 kB
MemAvailable:    1489280 kB
Buffers:           60448 kB
Cached:           860632 kB
MemTotal:        1844596 kB
MemFree:          668748 kB
MemAvailable:    1489124 kB
Buffers:           60448 kB
Cached:           860632 kB
MemTotal:        1844596 kB
MemFree:          667368 kB
MemAvailable:    1487744 kB
Buffers:           60448 kB
Cached:           860632 kB
MemTotal:        1844596 kB
MemFree:          666556 kB
MemAvailable:    1486932 kB
Buffers:           60448 kB
Cached:           860632 kB
MemTotal:        1844596 kB
MemFree:          665632 kB
MemAvailable:    1486008 kB
Buffers:           60448 kB
Cached:           860632 kB
MemTotal:        1844596 kB
MemFree:          665424 kB
MemAvailable:    1485800 kB
Buffers:           60448 kB
Cached:           860632 kB
MemTotal:        1844596 kB
MemFree:          665616 kB
MemAvailable:    1485992 kB
Buffers:           60448 kB
Cached:           860632 kB
MemTotal:        1844596 kB
MemFree:          665868 kB
MemAvailable:    1486244 kB
Buffers:           60448 kB
Cached:           860632 kB
MemTotal:        1844596 kB
MemFree:          665508 kB
MemAvailable:    1485884 kB
Buffers:           60448 kB
Cached:           860632 kB
MemTotal:        1844596 kB
MemFree:          665764 kB
MemAvailable:    1486140 kB
Buffers:           60448 kB
Cached:           860632 kB
MemTotal:        1844596 kB
MemFree:          664512 kB
MemAvailable:    1484888 kB
Buffers:           60448 kB
Cached:           860632 kB
MemTotal:        1844596 kB
MemFree:          664512 kB
MemAvailable:    1484888 kB
Buffers:           60448 kB
Cached:           860632 kB
MemTotal:        1844596 kB
MemFree:          667628 kB
MemAvailable:    1488004 kB
Buffers:           60448 kB
Cached:           860632 kB
MemTotal:        1844596 kB
MemFree:          666672 kB
MemAvailable:    1487132 kB
Buffers:           60448 kB
Cached:           860756 kB
MemTotal:        1844596 kB
MemFree:          667264 kB
MemAvailable:    1487892 kB
Buffers:           60448 kB
Cached:           861004 kB
MemTotal:        1844596 kB
MemFree:          667264 kB
MemAvailable:    1487892 kB
Buffers:           60448 kB
Cached:           861004 kB
MemTotal:        1844596 kB
MemFree:          667176 kB
MemAvailable:    1488020 kB
Buffers:           60448 kB
Cached:           861052 kB
MemTotal:        1844596 kB
MemFree:          667316 kB
MemAvailable:    1488160 kB
Buffers:           60448 kB
Cached:           861052 kB
MemTotal:        1844596 kB
MemFree:          667004 kB
MemAvailable:    1487932 kB
Buffers:           60448 kB
Cached:           861176 kB
MemTotal:        1844596 kB
MemFree:          667172 kB
MemAvailable:    1488100 kB
Buffers:           60448 kB
Cached:           861176 kB
MemTotal:        1844596 kB
MemFree:          666904 kB
MemAvailable:    1487916 kB
Buffers:           60448 kB
Cached:           861176 kB
MemTotal:        1844596 kB
MemFree:          667156 kB
MemAvailable:    1488168 kB
Buffers:           60448 kB
Cached:           861176 kB
MemTotal:        1844596 kB
MemFree:          666748 kB
MemAvailable:    1487760 kB
Buffers:           60448 kB
Cached:           861176 kB
MemTotal:        1844596 kB
MemFree:          667004 kB
MemAvailable:    1488016 kB
Buffers:           60448 kB
Cached:           861176 kB
MemTotal:        1844596 kB
MemFree:          665544 kB
MemAvailable:    1486556 kB
Buffers:           60448 kB
Cached:           861176 kB
MemTotal:        1844596 kB
MemFree:          667096 kB
MemAvailable:    1488108 kB
Buffers:           60448 kB
Cached:           861176 kB
MemTotal:        1844596 kB
MemFree:          665796 kB
MemAvailable:    1486808 kB
Buffers:           60448 kB
Cached:           861176 kB
MemTotal:        1844596 kB
MemFree:          666864 kB
MemAvailable:    1487876 kB
Buffers:           60448 kB
Cached:           861300 kB
MemTotal:        1844596 kB
MemFree:          667112 kB
MemAvailable:    1487516 kB
Buffers:           60448 kB
Cached:           860652 kB
MemTotal:        1844596 kB
MemFree:          666272 kB
MemAvailable:    1486676 kB
Buffers:           60448 kB
Cached:           860652 kB
MemTotal:        1844596 kB
MemFree:          736144 kB
MemAvailable:    1556548 kB
Buffers:           60448 kB
Cached:           860652 kB
