MemTotal:        1844596 kB
MemFree:          681152 kB
MemAvailable:    1527248 kB
Buffers:           63000 kB
Cached:           881684 kB
MemTotal:        1844596 kB
MemFree:          679796 kB
MemAvailable:    1525892 kB
Buffers:           63000 kB
Cached:           881684 kB
MemTotal:        1844596 kB
MemFree:          678000 kB
MemAvailable:    1524096 kB
Buffers:           63000 kB
Cached:           881684 kB
MemTotal:        1844596 kB
MemFree:          678000 kB
MemAvailable:    1524096 kB
Buffers:           63000 kB
Cached:           881684 kB
MemTotal:        1844596 kB
MemFree:          677952 kB
MemAvailable:    1524048 kB
Buffers:           63000 kB
Cached:           881684 kB
MemTotal:        1844596 kB
MemFree:          676504 kB
MemAvailable:    1522600 kB
Buffers:           63000 kB
Cached:           881684 kB
MemTotal:        1844596 kB
MemFree:          675024 kB
MemAvailable:    1521120 kB
Buffers:           63000 kB
Cached:           881684 kB
MemTotal:        1844596 kB
MemFree:          674652 kB
MemAvailable:    1520748 kB
Buffers:           63000 kB
Cached:           881684 kB
MemTotal:        1844596 kB
MemFree:          669436 kB
MemAvailable:    1515532 kB
Buffers:           63000 kB
Cached:           881684 kB
MemTotal:        1844596 kB
MemFree:          669436 kB
MemAvailable:    1515532 kB
Buffers:           63000 kB
Cached:           881684 kB
MemTotal:        1844596 kB
MemFree:          667780 kB
MemAvailable:    1513876 kB
Buffers:           63000 kB
Cached:           881684 kB
MemTotal:        1844596 kB
MemFree:          668032 kB
MemAvailable:    1514128 kB
Buffers:           63000 kB
Cached:           881684 kB
MemTotal:        1844596 kB
MemFree:          667804 kB
MemAvailable:    1513900 kB
Buffers:           63000 kB
Cached:           881684 kB
MemTotal:        1844596 kB
MemFree:          668056 kB
MemAvailable:    1514152 kB
Buffers:           63000 kB
Cached:           881684 kB
MemTotal:        1844596 kB
MemFree:          666660 kB
MemAvailable:    1512756 kB
Buffers:           63000 kB
Cached:           881684 kB
MemTotal:        1844596 kB
MemFree:          666840 kB
MemAvailable:    1512936 kB
Buffers:           63000 kB
Cached:           881684 kB
MemTotal:        1844596 kB
MemFree:          667708 kB
MemAvailable:    1513808 kB
Buffers:           63000 kB
Cached:           881688 kB
MemTotal:        1844596 kB
MemFree:          666452 kB
MemAvailable:    1512552 kB
Buffers:           63000 kB
Cached:           881688 kB
MemTotal:        1844596 kB
MemFree:          665468 kB
MemAvailable:    1511568 kB
Buffers:           63000 kB
Cached:           881688 kB
MemTotal:        1844596 kB
MemFree:          664732 kB
MemAvailable:    1510832 kB
Buffers:           63000 kB
Cached:           881688 kB
MemTotal:        1844596 kB
MemFree:          665336 kB
MemAvailable:    1511436 kB
Buffers:           63000 kB
Cached:           881688 kB
MemTotal:        1844596 kB
MemFree:          665336 kB
MemAvailable:    1511436 kB
Buffers:           63000 kB
Cached:           881688 kB
MemTotal:        1844596 kB
MemFree:          665472 kB
MemAvailable:    1511572 kB
Buffers:           63000 kB
Cached:           881688 kB
MemTotal:        1844596 kB
MemFree:          665424 kB
MemAvailable:    1511524 kB
Buffers:           63000 kB
Cached:           881688 kB
MemTotal:        1844596 kB
MemFree:          665280 kB
MemAvailable:    1511380 kB
Buffers:           63000 kB
Cached:           881688 kB
MemTotal:        1844596 kB
MemFree:          664964 kB
MemAvailable:    1511064 kB
Buffers:           63000 kB
Cached:           881688 kB
MemTotal:        1844596 kB
MemFree:          665172 kB
MemAvailable:    1511272 kB
Buffers:           63000 kB
Cached:           881688 kB
MemTotal:        1844596 kB
MemFree:          665508 kB
MemAvailable:    1511608 kB
Buffers:           63000 kB
Cached:           881688 kB
MemTotal:        1844596 kB
MemFree:          666592 kB
MemAvailable:    1512692 kB
Buffers:           63000 kB
Cached:           881688 kB
MemTotal:        1844596 kB
MemFree:          666584 kB
MemAvailable:    1512684 kB
Buffers:           63000 kB
Cached:           881688 kB
MemTotal:        1844596 kB
MemFree:          666840 kB
MemAvailable:    1512940 kB
Buffers:           63000 kB
Cached:           881688 kB
MemTotal:        1844596 kB
MemFree:          663856 kB
MemAvailable:    1509956 kB
Buffers:           63000 kB
Cached:           881688 kB
MemTotal:        1844596 kB
MemFree:          663856 kB
MemAvailable:    1509956 kB
Buffers:           63000 kB
Cached:           881688 kB
MemTotal:        1844596 kB
MemFree:          662732 kB
MemAvailable:    1508832 kB
Buffers:           63000 kB
Cached:           881688 kB
MemTotal:        1844596 kB
MemFree:          663068 kB
MemAvailable:    1509168 kB
Buffers:           63000 kB
Cached:           881688 kB
MemTotal:        1844596 kB
MemFree:          661012 kB
MemAvailable:    1507112 kB
Buffers:           63000 kB
Cached:           881688 kB
MemTotal:        1844596 kB
MemFree:          661568 kB
MemAvailable:    1507668 kB
Buffers:           63000 kB
Cached:           881688 kB
MemTotal:        1844596 kB
MemFree:          661244 kB
MemAvailable:    1507344 kB
Buffers:           63000 kB
Cached:           881688 kB
MemTotal:        1844596 kB
MemFree:          661328 kB
MemAvailable:    1507428 kB
Buffers:           63000 kB
Cached:           881688 kB
MemTotal:        1844596 kB
MemFree:          659848 kB
MemAvailable:    1505952 kB
Buffers:           63000 kB
Cached:           881692 kB
MemTotal:        1844596 kB
MemFree:          661512 kB
MemAvailable:    1507616 kB
Buffers:           63000 kB
Cached:           881692 kB
MemTotal:        1844596 kB
MemFree:          661000 kB
MemAvailable:    1507104 kB
Buffers:           63000 kB
Cached:           881692 kB
MemTotal:        1844596 kB
MemFree:          660936 kB
MemAvailable:    1507040 kB
Buffers:           63000 kB
Cached:           881692 kB
MemTotal:        1844596 kB
MemFree:          660936 kB
MemAvailable:    1507040 kB
Buffers:           63000 kB
Cached:           881692 kB
MemTotal:        1844596 kB
MemFree:          660752 kB
MemAvailable:    1506856 kB
Buffers:           63000 kB
Cached:           881692 kB
MemTotal:        1844596 kB
MemFree:          659320 kB
MemAvailable:    1505424 kB
Buffers:           63000 kB
Cached:           881692 kB
MemTotal:        1844596 kB
MemFree:          659400 kB
MemAvailable:    1505504 kB
Buffers:           63000 kB
Cached:           881692 kB
MemTotal:        1844596 kB
MemFree:          658632 kB
MemAvailable:    1504736 kB
Buffers:           63000 kB
Cached:           881692 kB
MemTotal:        1844596 kB
MemFree:          659268 kB
MemAvailable:    1505372 kB
Buffers:           63000 kB
Cached:           881692 kB
MemTotal:        1844596 kB
MemFree:          660320 kB
MemAvailable:    1506424 kB
Buffers:           63000 kB
Cached:           881692 kB
MemTotal:        1844596 kB
MemFree:          659096 kB
MemAvailable:    1505200 kB
Buffers:           63000 kB
Cached:           881692 kB
MemTotal:        1844596 kB
MemFree:          659096 kB
MemAvailable:    1505200 kB
Buffers:           63000 kB
Cached:           881692 kB
MemTotal:        1844596 kB
MemFree:          660272 kB
MemAvailable:    1506376 kB
Buffers:           63000 kB
Cached:           881692 kB
MemTotal:        1844596 kB
MemFree:          660240 kB
MemAvailable:    1506344 kB
Buffers:           63000 kB
Cached:           881692 kB
MemTotal:        1844596 kB
MemFree:          660144 kB
MemAvailable:    1506248 kB
Buffers:           63000 kB
Cached:           881692 kB
MemTotal:        1844596 kB
MemFree:          660308 kB
MemAvailable:    1506412 kB
Buffers:           63000 kB
Cached:           881692 kB
MemTotal:        1844596 kB
MemFree:          660268 kB
MemAvailable:    1506372 kB
Buffers:           63000 kB
Cached:           881692 kB
MemTotal:        1844596 kB
MemFree:          658836 kB
MemAvailable:    1504940 kB
Buffers:           63000 kB
Cached:           881692 kB
MemTotal:        1844596 kB
MemFree:          658960 kB
MemAvailable:    1505064 kB
Buffers:           63000 kB
Cached:           881692 kB
MemTotal:        1844596 kB
MemFree:          660020 kB
MemAvailable:    1506124 kB
Buffers:           63000 kB
Cached:           881692 kB
MemTotal:        1844596 kB
MemFree:          659992 kB
MemAvailable:    1506096 kB
Buffers:           63000 kB
Cached:           881692 kB
MemTotal:        1844596 kB
MemFree:          659500 kB
MemAvailable:    1505604 kB
Buffers:           63000 kB
Cached:           881692 kB
MemTotal:        1844596 kB
MemFree:          659500 kB
MemAvailable:    1505604 kB
Buffers:           63000 kB
Cached:           881692 kB
MemTotal:        1844596 kB
MemFree:          659352 kB
MemAvailable:    1505456 kB
Buffers:           63000 kB
Cached:           881692 kB
MemTotal:        1844596 kB
MemFree:          659344 kB
MemAvailable:    1505364 kB
Buffers:           63000 kB
Cached:           881692 kB
MemTotal:        1844596 kB
MemFree:          659344 kB
MemAvailable:    1505448 kB
Buffers:           63000 kB
Cached:           881692 kB
MemTotal:        1844596 kB
MemFree:          659376 kB
MemAvailable:    1505480 kB
Buffers:           63000 kB
Cached:           881692 kB
MemTotal:        1844596 kB
MemFree:          659336 kB
MemAvailable:    1505440 kB
Buffers:           63000 kB
Cached:           881692 kB
MemTotal:        1844596 kB
MemFree:          658284 kB
MemAvailable:    1504388 kB
Buffers:           63000 kB
Cached:           881692 kB
MemTotal:        1844596 kB
MemFree:          659288 kB
MemAvailable:    1505392 kB
Buffers:           63000 kB
Cached:           881692 kB
MemTotal:        1844596 kB
MemFree:          658532 kB
MemAvailable:    1504636 kB
Buffers:           63000 kB
Cached:           881692 kB
MemTotal:        1844596 kB
MemFree:          658956 kB
MemAvailable:    1505060 kB
Buffers:           63000 kB
Cached:           881692 kB
MemTotal:        1844596 kB
MemFree:          658976 kB
MemAvailable:    1505080 kB
Buffers:           63000 kB
Cached:           881692 kB
MemTotal:        1844596 kB
MemFree:          655680 kB
MemAvailable:    1501784 kB
Buffers:           63000 kB
Cached:           881692 kB
MemTotal:        1844596 kB
MemFree:          652580 kB
MemAvailable:    1498684 kB
Buffers:           63000 kB
Cached:           881692 kB
MemTotal:        1844596 kB
MemFree:          650968 kB
MemAvailable:    1496948 kB
Buffers:           63000 kB
Cached:           881692 kB
MemTotal:        1844596 kB
MemFree:          651516 kB
MemAvailable:    1497620 kB
Buffers:           63000 kB
Cached:           881692 kB
MemTotal:        1844596 kB
MemFree:          651768 kB
MemAvailable:    1497872 kB
Buffers:           63000 kB
Cached:           881692 kB
MemTotal:        1844596 kB
MemFree:          651452 kB
MemAvailable:    1497556 kB
Buffers:           63000 kB
Cached:           881692 kB
MemTotal:        1844596 kB
MemFree:          650472 kB
MemAvailable:    1496576 kB
Buffers:           63000 kB
Cached:           881692 kB
MemTotal:        1844596 kB
MemFree:          651328 kB
MemAvailable:    1497432 kB
Buffers:           63000 kB
Cached:           881692 kB
MemTotal:        1844596 kB
MemFree:          651400 kB
MemAvailable:    1497504 kB
Buffers:           63000 kB
Cached:           881692 kB
MemTotal:        1844596 kB
MemFree:          651400 kB
MemAvailable:    1497504 kB
Buffers:           63000 kB
Cached:           881692 kB
MemTotal:        1844596 kB
MemFree:          651160 kB
MemAvailable:    1497264 kB
Buffers:           63000 kB
Cached:           881692 kB
MemTotal:        1844596 kB
MemFree:          651332 kB
MemAvailable:    1497436 kB
Buffers:           63000 kB
Cached:           881692 kB
MemTotal:        1844596 kB
MemFree:          651200 kB
MemAvailable:    1497304 kB
Buffers:           63000 kB
Cached:           881692 kB
MemTotal:        1844596 kB
MemFree:          651324 kB
MemAvailable:    1497428 kB
Buffers:           63000 kB
Cached:           881692 kB
MemTotal:        1844596 kB
MemFree:          651392 kB
MemAvailable:    1497496 kB
Buffers:           63000 kB
Cached:           881692 kB
MemTotal:        1844596 kB
MemFree:          651292 kB
MemAvailable:    1497396 kB
Buffers:           63000 kB
Cached:           881692 kB
MemTotal:        1844596 kB
MemFree:          651548 kB
MemAvailable:    1497652 kB
Buffers:           63000 kB
Cached:           881692 kB
MemTotal:        1844596 kB
MemFree:          651292 kB
MemAvailable:    1497396 kB
Buffers:           63000 kB
Cached:           881692 kB
MemTotal:        1844596 kB
MemFree:          651052 kB
MemAvailable:    1497156 kB
Buffers:           63000 kB
Cached:           881692 kB
MemTotal:        1844596 kB
MemFree:          649728 kB
MemAvailable:    1495832 kB
Buffers:           63000 kB
Cached:           881692 kB
MemTotal:        1844596 kB
MemFree:          650804 kB
MemAvailable:    1496916 kB
Buffers:           63000 kB
Cached:           881700 kB
MemTotal:        1844596 kB
MemFree:          649968 kB
MemAvailable:    1496080 kB
Buffers:           63000 kB
Cached:           881700 kB
MemTotal:        1844596 kB
MemFree:          650052 kB
MemAvailable:    1496164 kB
Buffers:           63000 kB
Cached:           881700 kB
MemTotal:        1844596 kB
MemFree:          649580 kB
MemAvailable:    1495692 kB
Buffers:           63000 kB
Cached:           881700 kB
MemTotal:        1844596 kB
MemFree:          649916 kB
MemAvailable:    1496028 kB
Buffers:           63000 kB
Cached:           881700 kB
MemTotal:        1844596 kB
MemFree:          648472 kB
MemAvailable:    1494584 kB
Buffers:           63000 kB
Cached:           881700 kB
MemTotal:        1844596 kB
MemFree:          648472 kB
MemAvailable:    1494584 kB
Buffers:           63000 kB
Cached:           881700 kB
MemTotal:        1844596 kB
MemFree:          648468 kB
MemAvailable:    1494580 kB
Buffers:           63000 kB
Cached:           881700 kB
MemTotal:        1844596 kB
MemFree:          648720 kB
MemAvailable:    1494832 kB
Buffers:           63000 kB
Cached:           881700 kB
MemTotal:        1844596 kB
MemFree:          646876 kB
MemAvailable:    1492988 kB
Buffers:           63000 kB
Cached:           881700 kB
MemTotal:        1844596 kB
MemFree:          648176 kB
MemAvailable:    1494288 kB
Buffers:           63000 kB
Cached:           881700 kB
MemTotal:        1844596 kB
MemFree:          647728 kB
MemAvailable:    1493840 kB
Buffers:           63000 kB
Cached:           881700 kB
MemTotal:        1844596 kB
MemFree:          647496 kB
MemAvailable:    1493608 kB
Buffers:           63000 kB
Cached:           881700 kB
MemTotal:        1844596 kB
MemFree:          647308 kB
MemAvailable:    1493420 kB
Buffers:           63000 kB
Cached:           881700 kB
MemTotal:        1844596 kB
MemFree:          647644 kB
MemAvailable:    1493756 kB
Buffers:           63000 kB
Cached:           881700 kB
MemTotal:        1844596 kB
MemFree:          647428 kB
MemAvailable:    1493540 kB
Buffers:           63000 kB
Cached:           881700 kB
MemTotal:        1844596 kB
MemFree:          647680 kB
MemAvailable:    1493792 kB
Buffers:           63000 kB
Cached:           881700 kB
MemTotal:        1844596 kB
MemFree:          647448 kB
MemAvailable:    1493560 kB
Buffers:           63000 kB
Cached:           881700 kB
MemTotal:        1844596 kB
MemFree:          646368 kB
MemAvailable:    1492480 kB
Buffers:           63000 kB
Cached:           881700 kB
MemTotal:        1844596 kB
MemFree:          647436 kB
MemAvailable:    1493548 kB
Buffers:           63000 kB
Cached:           881700 kB
MemTotal:        1844596 kB
MemFree:          646124 kB
MemAvailable:    1492236 kB
Buffers:           63000 kB
Cached:           881700 kB
MemTotal:        1844596 kB
MemFree:          646716 kB
MemAvailable:    1492828 kB
Buffers:           63000 kB
Cached:           881700 kB
MemTotal:        1844596 kB
MemFree:          647052 kB
MemAvailable:    1493164 kB
Buffers:           63000 kB
Cached:           881700 kB
MemTotal:        1844596 kB
MemFree:          641296 kB
MemAvailable:    1487408 kB
Buffers:           63000 kB
Cached:           881700 kB
MemTotal:        1844596 kB
MemFree:          642164 kB
MemAvailable:    1488276 kB
Buffers:           63000 kB
Cached:           881700 kB
MemTotal:        1844596 kB
MemFree:          641900 kB
MemAvailable:    1488012 kB
Buffers:           63000 kB
Cached:           881700 kB
MemTotal:        1844596 kB
MemFree:          642156 kB
MemAvailable:    1488268 kB
Buffers:           63000 kB
Cached:           881700 kB
MemTotal:        1844596 kB
MemFree:          641768 kB
MemAvailable:    1487880 kB
Buffers:           63000 kB
Cached:           881700 kB
MemTotal:        1844596 kB
MemFree:          641768 kB
MemAvailable:    1487880 kB
Buffers:           63000 kB
Cached:           881700 kB
MemTotal:        1844596 kB
MemFree:          641588 kB
MemAvailable:    1487700 kB
Buffers:           63000 kB
Cached:           881700 kB
MemTotal:        1844596 kB
MemFree:          640372 kB
MemAvailable:    1486484 kB
Buffers:           63000 kB
Cached:           881700 kB
MemTotal:        1844596 kB
MemFree:          640924 kB
MemAvailable:    1487036 kB
Buffers:           63000 kB
Cached:           881700 kB
MemTotal:        1844596 kB
MemFree:          641532 kB
MemAvailable:    1487644 kB
Buffers:           63000 kB
Cached:           881700 kB
MemTotal:        1844596 kB
MemFree:          641412 kB
MemAvailable:    1487524 kB
Buffers:           63000 kB
Cached:           881700 kB
MemTotal:        1844596 kB
MemFree:          639684 kB
MemAvailable:    1485796 kB
Buffers:           63000 kB
Cached:           881700 kB
MemTotal:        1844596 kB
MemFree:          638552 kB
MemAvailable:    1484664 kB
Buffers:           63000 kB
Cached:           881700 kB
MemTotal:        1844596 kB
MemFree:          638552 kB
MemAvailable:    1484664 kB
Buffers:           63000 kB
Cached:           881700 kB
MemTotal:        1844596 kB
MemFree:          638292 kB
MemAvailable:    1484404 kB
Buffers:           63000 kB
Cached:           881700 kB
MemTotal:        1844596 kB
MemFree:          638444 kB
MemAvailable:    1484556 kB
Buffers:           63000 kB
Cached:           881700 kB
MemTotal:        1844596 kB
MemFree:          638432 kB
MemAvailable:    1484544 kB
Buffers:           63000 kB
Cached:           881700 kB
MemTotal:        1844596 kB
MemFree:          638320 kB
MemAvailable:    1484432 kB
Buffers:           63000 kB
Cached:           881700 kB
MemTotal:        1844596 kB
MemFree:          638156 kB
MemAvailable:    1484268 kB
Buffers:           63000 kB
Cached:           881700 kB
MemTotal:        1844596 kB
MemFree:          638388 kB
MemAvailable:    1484500 kB
Buffers:           63000 kB
Cached:           881700 kB
MemTotal:        1844596 kB
MemFree:          638976 kB
MemAvailable:    1485088 kB
Buffers:           63000 kB
Cached:           881700 kB
MemTotal:        1844596 kB
MemFree:          640348 kB
MemAvailable:    1486544 kB
Buffers:           63000 kB
Cached:           881824 kB
MemTotal:        1844596 kB
MemFree:          640240 kB
MemAvailable:    1486520 kB
Buffers:           63000 kB
Cached:           881948 kB
MemTotal:        1844596 kB
MemFree:          638800 kB
MemAvailable:    1485080 kB
Buffers:           63000 kB
Cached:           881948 kB
MemTotal:        1844596 kB
MemFree:          638932 kB
MemAvailable:    1485380 kB
Buffers:           63000 kB
Cached:           882072 kB
MemTotal:        1844596 kB
MemFree:          639992 kB
MemAvailable:    1486608 kB
Buffers:           63000 kB
Cached:           882196 kB
MemTotal:        1844596 kB
MemFree:          639860 kB
MemAvailable:    1486560 kB
Buffers:           63000 kB
Cached:           882320 kB
MemTotal:        1844596 kB
MemFree:          639800 kB
MemAvailable:    1486500 kB
Buffers:           63000 kB
Cached:           882320 kB
MemTotal:        1844596 kB
MemFree:          639668 kB
MemAvailable:    1486452 kB
Buffers:           63000 kB
Cached:           882320 kB
MemTotal:        1844596 kB
MemFree:          639668 kB
MemAvailable:    1486452 kB
Buffers:           63000 kB
Cached:           882320 kB
MemTotal:        1844596 kB
MemFree:          639628 kB
MemAvailable:    1486412 kB
Buffers:           63000 kB
Cached:           882320 kB
MemTotal:        1844596 kB
MemFree:          638424 kB
MemAvailable:    1485208 kB
Buffers:           63000 kB
Cached:           882320 kB
MemTotal:        1844596 kB
MemFree:          638416 kB
MemAvailable:    1485200 kB
Buffers:           63000 kB
Cached:           882320 kB
MemTotal:        1844596 kB
MemFree:          639740 kB
MemAvailable:    1486524 kB
Buffers:           63000 kB
Cached:           882320 kB
MemTotal:        1844596 kB
MemFree:          638368 kB
MemAvailable:    1485152 kB
Buffers:           63000 kB
Cached:           882320 kB
MemTotal:        1844596 kB
MemFree:          651876 kB
MemAvailable:    1498072 kB
Buffers:           63000 kB
Cached:           881688 kB
MemTotal:        1844596 kB
MemFree:          708528 kB
MemAvailable:    1554724 kB
Buffers:           63000 kB
Cached:           881688 kB
