MemTotal:        1844596 kB
MemFree:          780604 kB
MemAvailable:    1533272 kB
Buffers:           53540 kB
Cached:           805388 kB
MemTotal:        1844596 kB
MemFree:          780620 kB
MemAvailable:    1533288 kB
Buffers:           53540 kB
Cached:           805388 kB
MemTotal:        1844596 kB
MemFree:          778624 kB
MemAvailable:    1531292 kB
Buffers:           53540 kB
Cached:           805388 kB
MemTotal:        1844596 kB
MemFree:          776932 kB
MemAvailable:    1529600 kB
Buffers:           53540 kB
Cached:           805388 kB
MemTotal:        1844596 kB
MemFree:          775832 kB
MemAvailable:    1528500 kB
Buffers:           53540 kB
Cached:           805388 kB
MemTotal:        1844596 kB
MemFree:          775832 kB
MemAvailable:    1528500 kB
Buffers:           53540 kB
Cached:           805388 kB
MemTotal:        1844596 kB
MemFree:          775640 kB
MemAvailable:    1528308 kB
Buffers:           53540 kB
Cached:           805388 kB
MemTotal:        1844596 kB
MemFree:          772180 kB
MemAvailable:    1524848 kB
Buffers:           53540 kB
Cached:           805388 kB
MemTotal:        1844596 kB
MemFree:          771988 kB
MemAvailable:    1524656 kB
Buffers:           53540 kB
Cached:           805388 kB
MemTotal:        1844596 kB
MemFree:          768444 kB
MemAvailable:    1521112 kB
Buffers:           53540 kB
Cached:           805388 kB
MemTotal:        1844596 kB
MemFree:          766220 kB
MemAvailable:    1518888 kB
Buffers:           53540 kB
Cached:           805388 kB
MemTotal:        1844596 kB
MemFree:          767276 kB
MemAvailable:    1519944 kB
Buffers:           53540 kB
Cached:           805388 kB
MemTotal:        1844596 kB
MemFree:          767152 kB
MemAvailable:    1519820 kB
Buffers:           53540 kB
Cached:           805388 kB
MemTotal:        1844596 kB
MemFree:          765864 kB
MemAvailable:    1518532 kB
Buffers:           53540 kB
Cached:           805388 kB
MemTotal:        1844596 kB
MemFree:          766972 kB
MemAvailable:    1519640 kB
Buffers:           53540 kB
Cached:           805388 kB
MemTotal:        1844596 kB
MemFree:          766972 kB
MemAvailable:    1519640 kB
Buffers:           53540 kB
Cached:           805388 kB
MemTotal:        1844596 kB
MemFree:          765648 kB
MemAvailable:    1518316 kB
Buffers:           53540 kB
Cached:           805388 kB
MemTotal:        1844596 kB
MemFree:          765532 kB
MemAvailable:    1518200 kB
Buffers:           53540 kB
Cached:           805388 kB
MemTotal:        1844596 kB
MemFree:          764300 kB
MemAvailable:    1516968 kB
Buffers:           53540 kB
Cached:           805388 kB
MemTotal:        1844596 kB
MemFree:          764052 kB
MemAvailable:    1516720 kB
Buffers:           53540 kB
Cached:           805388 kB
MemTotal:        1844596 kB
MemFree:          764768 kB
MemAvailable:    1517436 kB
Buffers:           53540 kB
Cached:           805388 kB
MemTotal:        1844596 kB
MemFree:          764852 kB
MemAvailable:    1517520 kB
Buffers:           53540 kB
Cached:           805388 kB
MemTotal:        1844596 kB
MemFree:          764616 kB
MemAvailable:    1517284 kB
Buffers:           53540 kB
Cached:           805388 kB
MemTotal:        1844596 kB
MemFree:          763368 kB
MemAvailable:    1516036 kB
Buffers:           53540 kB
Cached:           805388 kB
MemTotal:        1844596 kB
MemFree:          764512 kB
MemAvailable:    1517180 kB
Buffers:           53540 kB
Cached:           805388 kB
MemTotal:        1844596 kB
MemFree:          764848 kB
MemAvailable:    1517516 kB
Buffers:           53540 kB
Cached:           805388 kB
MemTotal:        1844596 kB
MemFree:          764632 kB
MemAvailable:    1517300 kB
Buffers:           53540 kB
Cached:           805388 kB
MemTotal:        1844596 kB
MemFree:          764884 kB
MemAvailable:    1517552 kB
Buffers:           53540 kB
Cached:           805388 kB
MemTotal:        1844596 kB
MemFree:          765824 kB
MemAvailable:    1518492 kB
Buffers:           53540 kB
Cached:           805388 kB
MemTotal:        1844596 kB
MemFree:          766080 kB
MemAvailable:    1518748 kB
Buffers:           53540 kB
Cached:           805388 kB
MemTotal:        1844596 kB
MemFree:          764532 kB
MemAvailable:    1517200 kB
Buffers:           53540 kB
Cached:           805388 kB
MemTotal:        1844596 kB
MemFree:          764300 kB
MemAvailable:    1516968 kB
Buffers:           53540 kB
Cached:           805388 kB
MemTotal:        1844596 kB
MemFree:          762500 kB
MemAvailable:    1515168 kB
Buffers:           53540 kB
Cached:           805388 kB
MemTotal:        1844596 kB
MemFree:          761192 kB
MemAvailable:    1513860 kB
Buffers:           53540 kB
Cached:           805388 kB
MemTotal:        1844596 kB
MemFree:          760572 kB
MemAvailable:    1513240 kB
Buffers:           53540 kB
Cached:           805388 kB
MemTotal:        1844596 kB
MemFree:          760332 kB
MemAvailable:    1513000 kB
Buffers:           53540 kB
Cached:           805388 kB
MemTotal:        1844596 kB
MemFree:          760200 kB
MemAvailable:    1512868 kB
Buffers:           53540 kB
Cached:           805388 kB
MemTotal:        1844596 kB
MemFree:          760524 kB
MemAvailable:    1513192 kB
Buffers:           53540 kB
Cached:           805388 kB
MemTotal:        1844596 kB
MemFree:          760580 kB
MemAvailable:    1513248 kB
Buffers:           53540 kB
Cached:           805388 kB
MemTotal:        1844596 kB
MemFree:          760400 kB
MemAvailable:    1513068 kB
Buffers:           53540 kB
Cached:           805388 kB
MemTotal:        1844596 kB
MemFree:          759320 kB
MemAvailable:    1511988 kB
Buffers:           53540 kB
Cached:           805388 kB
MemTotal:        1844596 kB
MemFree:          760496 kB
MemAvailable:    1513164 kB
Buffers:           53540 kB
Cached:           805388 kB
MemTotal:        1844596 kB
MemFree:          759836 kB
MemAvailable:    1512504 kB
Buffers:           53540 kB
Cached:           805388 kB
MemTotal:        1844596 kB
MemFree:          760144 kB
MemAvailable:    1512812 kB
Buffers:           53540 kB
Cached:           805388 kB
MemTotal:        1844596 kB
MemFree:          760400 kB
MemAvailable:    1513068 kB
Buffers:           53540 kB
Cached:           805388 kB
MemTotal:        1844596 kB
MemFree:          759836 kB
MemAvailable:    1512504 kB
Buffers:           53540 kB
Cached:           805388 kB
MemTotal:        1844596 kB
MemFree:          759456 kB
MemAvailable:    1512124 kB
Buffers:           53540 kB
Cached:           805388 kB
MemTotal:        1844596 kB
MemFree:          758168 kB
MemAvailable:    1510836 kB
Buffers:           53540 kB
Cached:           805388 kB
MemTotal:        1844596 kB
MemFree:          758452 kB
MemAvailable:    1511120 kB
Buffers:           53540 kB
Cached:           805388 kB
MemTotal:        1844596 kB
MemFree:          759576 kB
MemAvailable:    1512244 kB
Buffers:           53540 kB
Cached:           805388 kB
MemTotal:        1844596 kB
MemFree:          758280 kB
MemAvailable:    1510948 kB
Buffers:           53540 kB
Cached:           805388 kB
MemTotal:        1844596 kB
MemFree:          758712 kB
MemAvailable:    1511380 kB
Buffers:           53540 kB
Cached:           805388 kB
MemTotal:        1844596 kB
MemFree:          758288 kB
MemAvailable:    1510956 kB
Buffers:           53540 kB
Cached:           805388 kB
MemTotal:        1844596 kB
MemFree:          758288 kB
MemAvailable:    1510956 kB
Buffers:           53540 kB
Cached:           805388 kB
MemTotal:        1844596 kB
MemFree:          759528 kB
MemAvailable:    1512196 kB
Buffers:           53540 kB
Cached:           805388 kB
MemTotal:        1844596 kB
MemFree:          758348 kB
MemAvailable:    1511028 kB
Buffers:           53540 kB
Cached:           805396 kB
MemTotal:        1844596 kB
MemFree:          758092 kB
MemAvailable:    1510772 kB
Buffers:           53540 kB
Cached:           805396 kB
MemTotal:        1844596 kB
MemFree:          759208 kB
MemAvailable:    1511888 kB
Buffers:           53540 kB
Cached:           805396 kB
MemTotal:        1844596 kB
MemFree:          759292 kB
MemAvailable:    1511972 kB
Buffers:           53540 kB
Cached:           805396 kB
MemTotal:        1844596 kB
MemFree:          758820 kB
MemAvailable:    1511500 kB
Buffers:           53540 kB
Cached:           805396 kB
MemTotal:        1844596 kB
MemFree:          759156 kB
MemAvailable:    1511836 kB
Buffers:           53540 kB
Cached:           805396 kB
MemTotal:        1844596 kB
MemFree:          758696 kB
MemAvailable:    1511376 kB
Buffers:           53540 kB
Cached:           805396 kB
MemTotal:        1844596 kB
MemFree:          758480 kB
MemAvailable:    1511160 kB
Buffers:           53540 kB
Cached:           805396 kB
MemTotal:        1844596 kB
MemFree:          758548 kB
MemAvailable:    1511228 kB
Buffers:           53540 kB
Cached:           805396 kB
MemTotal:        1844596 kB
MemFree:          757344 kB
MemAvailable:    1510024 kB
Buffers:           53540 kB
Cached:           805396 kB
MemTotal:        1844596 kB
MemFree:          758536 kB
MemAvailable:    1511216 kB
Buffers:           53540 kB
Cached:           805396 kB
MemTotal:        1844596 kB
MemFree:          758788 kB
MemAvailable:    1511468 kB
Buffers:           53540 kB
Cached:           805396 kB
MemTotal:        1844596 kB
MemFree:          758416 kB
MemAvailable:    1511096 kB
Buffers:           53540 kB
Cached:           805396 kB
MemTotal:        1844596 kB
MemFree:          758672 kB
MemAvailable:    1511352 kB
Buffers:           53540 kB
Cached:           805396 kB
MemTotal:        1844596 kB
MemFree:          758344 kB
MemAvailable:    1511024 kB
Buffers:           53540 kB
Cached:           805396 kB
MemTotal:        1844596 kB
MemFree:          757468 kB
MemAvailable:    1510148 kB
Buffers:           53540 kB
Cached:           805396 kB
MemTotal:        1844596 kB
MemFree:          757092 kB
MemAvailable:    1509772 kB
Buffers:           53540 kB
Cached:           805396 kB
MemTotal:        1844596 kB
MemFree:          757092 kB
MemAvailable:    1509772 kB
Buffers:           53540 kB
Cached:           805396 kB
MemTotal:        1844596 kB
MemFree:          753936 kB
MemAvailable:    1506616 kB
Buffers:           53540 kB
Cached:           805396 kB
MemTotal:        1844596 kB
MemFree:          751652 kB
MemAvailable:    1504332 kB
Buffers:           53540 kB
Cached:           805396 kB
MemTotal:        1844596 kB
MemFree:          751092 kB
MemAvailable:    1503772 kB
Buffers:           53540 kB
Cached:           805396 kB
MemTotal:        1844596 kB
MemFree:          750644 kB
MemAvailable:    1503324 kB
Buffers:           53540 kB
Cached:           805396 kB
MemTotal:        1844596 kB
MemFree:          750164 kB
MemAvailable:    1502844 kB
Buffers:           53540 kB
Cached:           805396 kB
MemTotal:        1844596 kB
MemFree:          749232 kB
MemAvailable:    1501912 kB
Buffers:           53540 kB
Cached:           805396 kB
MemTotal:        1844596 kB
MemFree:          750764 kB
MemAvailable:    1503444 kB
Buffers:           53540 kB
Cached:           805396 kB
MemTotal:        1844596 kB
MemFree:          750576 kB
MemAvailable:    1503256 kB
Buffers:           53540 kB
Cached:           805396 kB
MemTotal:        1844596 kB
MemFree:          750460 kB
MemAvailable:    1503140 kB
Buffers:           53540 kB
Cached:           805396 kB
MemTotal:        1844596 kB
MemFree:          750288 kB
MemAvailable:    1502968 kB
Buffers:           53540 kB
Cached:           805396 kB
MemTotal:        1844596 kB
MemFree:          750516 kB
MemAvailable:    1503196 kB
Buffers:           53540 kB
Cached:           805396 kB
MemTotal:        1844596 kB
MemFree:          750772 kB
MemAvailable:    1503452 kB
Buffers:           53540 kB
Cached:           805396 kB
MemTotal:        1844596 kB
MemFree:          749400 kB
MemAvailable:    1502080 kB
Buffers:           53540 kB
Cached:           805396 kB
MemTotal:        1844596 kB
MemFree:          750576 kB
MemAvailable:    1503256 kB
Buffers:           53540 kB
Cached:           805396 kB
MemTotal:        1844596 kB
MemFree:          750700 kB
MemAvailable:    1503380 kB
Buffers:           53540 kB
Cached:           805396 kB
MemTotal:        1844596 kB
MemFree:          750164 kB
MemAvailable:    1502844 kB
Buffers:           53540 kB
Cached:           805396 kB
MemTotal:        1844596 kB
MemFree:          749108 kB
MemAvailable:    1501788 kB
Buffers:           53540 kB
Cached:           805396 kB
MemTotal:        1844596 kB
MemFree:          749164 kB
MemAvailable:    1501844 kB
Buffers:           53540 kB
Cached:           805396 kB
MemTotal:        1844596 kB
MemFree:          750040 kB
MemAvailable:    1502720 kB
Buffers:           53540 kB
Cached:           805396 kB
MemTotal:        1844596 kB
MemFree:          749544 kB
MemAvailable:    1502224 kB
Buffers:           53540 kB
Cached:           805396 kB
MemTotal:        1844596 kB
MemFree:          749032 kB
MemAvailable:    1501712 kB
Buffers:           53540 kB
Cached:           805396 kB
MemTotal:        1844596 kB
MemFree:          749116 kB
MemAvailable:    1501796 kB
Buffers:           53540 kB
Cached:           805396 kB
MemTotal:        1844596 kB
MemFree:          748736 kB
MemAvailable:    1501416 kB
Buffers:           53540 kB
Cached:           805396 kB
MemTotal:        1844596 kB
MemFree:          748992 kB
MemAvailable:    1501672 kB
Buffers:           53540 kB
Cached:           805396 kB
MemTotal:        1844596 kB
MemFree:          746304 kB
MemAvailable:    1498984 kB
Buffers:           53540 kB
Cached:           805396 kB
MemTotal:        1844596 kB
MemFree:          746140 kB
MemAvailable:    1498820 kB
Buffers:           53540 kB
Cached:           805396 kB
MemTotal:        1844596 kB
MemFree:          747180 kB
MemAvailable:    1499860 kB
Buffers:           53540 kB
Cached:           805396 kB
MemTotal:        1844596 kB
MemFree:          747180 kB
MemAvailable:    1499860 kB
Buffers:           53540 kB
Cached:           805396 kB
MemTotal:        1844596 kB
MemFree:          747048 kB
MemAvailable:    1499728 kB
Buffers:           53540 kB
Cached:           805396 kB
MemTotal:        1844596 kB
MemFree:          747300 kB
MemAvailable:    1499980 kB
Buffers:           53540 kB
Cached:           805396 kB
MemTotal:        1844596 kB
MemFree:          745768 kB
MemAvailable:    1498448 kB
Buffers:           53540 kB
Cached:           805396 kB
MemTotal:        1844596 kB
MemFree:          745948 kB
MemAvailable:    1498628 kB
Buffers:           53540 kB
Cached:           805396 kB
MemTotal:        1844596 kB
MemFree:          746940 kB
MemAvailable:    1499624 kB
Buffers:           53540 kB
Cached:           805400 kB
MemTotal:        1844596 kB
MemFree:          745824 kB
MemAvailable:    1498508 kB
Buffers:           53540 kB
Cached:           805400 kB
MemTotal:        1844596 kB
MemFree:          746540 kB
MemAvailable:    1499224 kB
Buffers:           53540 kB
Cached:           805400 kB
MemTotal:        1844596 kB
MemFree:          746876 kB
MemAvailable:    1499560 kB
Buffers:           53540 kB
Cached:           805400 kB
MemTotal:        1844596 kB
MemFree:          746492 kB
MemAvailable:    1499176 kB
Buffers:           53540 kB
Cached:           805400 kB
MemTotal:        1844596 kB
MemFree:          746828 kB
MemAvailable:    1499512 kB
Buffers:           53540 kB
Cached:           805400 kB
MemTotal:        1844596 kB
MemFree:          745420 kB
MemAvailable:    1498104 kB
Buffers:           53540 kB
Cached:           805400 kB
MemTotal:        1844596 kB
MemFree:          746736 kB
MemAvailable:    1499420 kB
Buffers:           53540 kB
Cached:           805400 kB
MemTotal:        1844596 kB
MemFree:          746048 kB
MemAvailable:    1498732 kB
Buffers:           53540 kB
Cached:           805400 kB
MemTotal:        1844596 kB
MemFree:          746132 kB
MemAvailable:    1498816 kB
Buffers:           53540 kB
Cached:           805400 kB
MemTotal:        1844596 kB
MemFree:          741352 kB
MemAvailable:    1494036 kB
Buffers:           53540 kB
Cached:           805400 kB
MemTotal:        1844596 kB
MemFree:          741436 kB
MemAvailable:    1494120 kB
Buffers:           53540 kB
Cached:           805400 kB
MemTotal:        1844596 kB
MemFree:          741264 kB
MemAvailable:    1493948 kB
Buffers:           53540 kB
Cached:           805400 kB
MemTotal:        1844596 kB
MemFree:          739684 kB
MemAvailable:    1492368 kB
Buffers:           53540 kB
Cached:           805400 kB
MemTotal:        1844596 kB
MemFree:          739816 kB
MemAvailable:    1492500 kB
Buffers:           53540 kB
Cached:           805400 kB
MemTotal:        1844596 kB
MemFree:          739940 kB
MemAvailable:    1492624 kB
Buffers:           53540 kB
Cached:           805400 kB
MemTotal:        1844596 kB
MemFree:          740916 kB
MemAvailable:    1493600 kB
Buffers:           53540 kB
Cached:           805400 kB
MemTotal:        1844596 kB
MemFree:          741000 kB
MemAvailable:    1493684 kB
Buffers:           53540 kB
Cached:           805400 kB
MemTotal:        1844596 kB
MemFree:          740712 kB
MemAvailable:    1493396 kB
Buffers:           53540 kB
Cached:           805400 kB
MemTotal:        1844596 kB
MemFree:          740712 kB
MemAvailable:    1493396 kB
Buffers:           53540 kB
Cached:           805400 kB
MemTotal:        1844596 kB
MemFree:          740420 kB
MemAvailable:    1493104 kB
Buffers:           53540 kB
Cached:           805400 kB
MemTotal:        1844596 kB
MemFree:          739488 kB
MemAvailable:    1492172 kB
Buffers:           53540 kB
Cached:           805400 kB
MemTotal:        1844596 kB
MemFree:          738624 kB
MemAvailable:    1491308 kB
Buffers:           53540 kB
Cached:           805400 kB
MemTotal:        1844596 kB
MemFree:          739064 kB
MemAvailable:    1491748 kB
Buffers:           53540 kB
Cached:           805400 kB
MemTotal:        1844596 kB
MemFree:          738076 kB
MemAvailable:    1490760 kB
Buffers:           53540 kB
Cached:           805400 kB
MemTotal:        1844596 kB
MemFree:          736384 kB
MemAvailable:    1489068 kB
Buffers:           53540 kB
Cached:           805400 kB
MemTotal:        1844596 kB
MemFree:          737632 kB
MemAvailable:    1490316 kB
Buffers:           53540 kB
Cached:           805400 kB
MemTotal:        1844596 kB
MemFree:          737492 kB
MemAvailable:    1490176 kB
Buffers:           53540 kB
Cached:           805400 kB
MemTotal:        1844596 kB
MemFree:          737492 kB
MemAvailable:    1490176 kB
Buffers:           53540 kB
Cached:           805400 kB
MemTotal:        1844596 kB
MemFree:          737552 kB
MemAvailable:    1490236 kB
Buffers:           53540 kB
Cached:           805400 kB
MemTotal:        1844596 kB
MemFree:          737552 kB
MemAvailable:    1490236 kB
Buffers:           53540 kB
Cached:           805400 kB
MemTotal:        1844596 kB
MemFree:          739544 kB
MemAvailable:    1492236 kB
Buffers:           53540 kB
Cached:           805408 kB
MemTotal:        1844596 kB
MemFree:          738260 kB
MemAvailable:    1490952 kB
Buffers:           53540 kB
Cached:           805408 kB
MemTotal:        1844596 kB
MemFree:          739560 kB
MemAvailable:    1492420 kB
Buffers:           53540 kB
Cached:           805656 kB
MemTotal:        1844596 kB
MemFree:          738632 kB
MemAvailable:    1491576 kB
Buffers:           53540 kB
Cached:           805656 kB
MemTotal:        1844596 kB
MemFree:          738932 kB
MemAvailable:    1492044 kB
Buffers:           53540 kB
Cached:           805780 kB
MemTotal:        1844596 kB
MemFree:          739268 kB
MemAvailable:    1492380 kB
Buffers:           53540 kB
Cached:           805780 kB
MemTotal:        1844596 kB
MemFree:          737816 kB
MemAvailable:    1491012 kB
Buffers:           53540 kB
Cached:           806028 kB
MemTotal:        1844596 kB
MemFree:          738912 kB
MemAvailable:    1492192 kB
Buffers:           53540 kB
Cached:           806028 kB
MemTotal:        1844596 kB
MemFree:          738864 kB
MemAvailable:    1492144 kB
Buffers:           53540 kB
Cached:           806028 kB
MemTotal:        1844596 kB
MemFree:          738700 kB
MemAvailable:    1491980 kB
Buffers:           53540 kB
Cached:           806028 kB
MemTotal:        1844596 kB
MemFree:          738784 kB
MemAvailable:    1492064 kB
Buffers:           53540 kB
Cached:           806028 kB
MemTotal:        1844596 kB
MemFree:          738748 kB
MemAvailable:    1492028 kB
Buffers:           53540 kB
Cached:           806028 kB
MemTotal:        1844596 kB
MemFree:          738748 kB
MemAvailable:    1492028 kB
Buffers:           53540 kB
Cached:           806028 kB
MemTotal:        1844596 kB
MemFree:          738916 kB
MemAvailable:    1492196 kB
Buffers:           53540 kB
Cached:           806028 kB
MemTotal:        1844596 kB
MemFree:          738804 kB
MemAvailable:    1492084 kB
Buffers:           53540 kB
Cached:           806028 kB
MemTotal:        1844596 kB
MemFree:          739068 kB
MemAvailable:    1491760 kB
Buffers:           53540 kB
Cached:           805396 kB
MemTotal:        1844596 kB
MemFree:          750252 kB
MemAvailable:    1503112 kB
Buffers:           53540 kB
Cached:           805396 kB
MemTotal:        1844596 kB
MemFree:          807840 kB
MemAvailable:    1560532 kB
Buffers:           53540 kB
Cached:           805396 kB
