MemTotal:        1844596 kB
MemFree:          899852 kB
MemAvailable:    1547168 kB
Buffers:           41508 kB
Cached:           715908 kB
MemTotal:        1844596 kB
MemFree:          899720 kB
MemAvailable:    1547036 kB
Buffers:           41508 kB
Cached:           715908 kB
MemTotal:        1844596 kB
MemFree:          897932 kB
MemAvailable:    1545248 kB
Buffers:           41508 kB
Cached:           715908 kB
MemTotal:        1844596 kB
MemFree:          897504 kB
MemAvailable:    1544820 kB
Buffers:           41508 kB
Cached:           715908 kB
MemTotal:        1844596 kB
MemFree:          897504 kB
MemAvailable:    1544820 kB
Buffers:           41508 kB
Cached:           715908 kB
MemTotal:        1844596 kB
MemFree:          895328 kB
MemAvailable:    1542644 kB
Buffers:           41508 kB
Cached:           715908 kB
MemTotal:        1844596 kB
MemFree:          895328 kB
MemAvailable:    1542644 kB
Buffers:           41508 kB
Cached:           715908 kB
MemTotal:        1844596 kB
MemFree:          892824 kB
MemAvailable:    1540140 kB
Buffers:           41508 kB
Cached:           715908 kB
MemTotal:        1844596 kB
MemFree:          892716 kB
MemAvailable:    1540032 kB
Buffers:           41508 kB
Cached:           715908 kB
MemTotal:        1844596 kB
MemFree:          889244 kB
MemAvailable:    1536560 kB
Buffers:           41508 kB
Cached:           715908 kB
MemTotal:        1844596 kB
MemFree:          884656 kB
MemAvailable:    1531848 kB
Buffers:           41508 kB
Cached:           715908 kB
MemTotal:        1844596 kB
MemFree:          886304 kB
MemAvailable:    1533620 kB
Buffers:           41508 kB
Cached:           715908 kB
MemTotal:        1844596 kB
MemFree:          886640 kB
MemAvailable:    1533956 kB
Buffers:           41508 kB
Cached:           715908 kB
MemTotal:        1844596 kB
MemFree:          886428 kB
MemAvailable:    1533744 kB
Buffers:           41508 kB
Cached:           715908 kB
MemTotal:        1844596 kB
MemFree:          885092 kB
MemAvailable:    1532408 kB
Buffers:           41508 kB
Cached:           715908 kB
MemTotal:        1844596 kB
MemFree:          885136 kB
MemAvailable:    1532452 kB
Buffers:           41508 kB
Cached:           715908 kB
MemTotal:        1844596 kB
MemFree:          886328 kB
MemAvailable:    1533644 kB
Buffers:           41508 kB
Cached:           715908 kB
MemTotal:        1844596 kB
MemFree:          885036 kB
MemAvailable:    1532352 kB
Buffers:           41508 kB
Cached:           715908 kB
MemTotal:        1844596 kB
MemFree:          884964 kB
MemAvailable:    1532280 kB
Buffers:           41508 kB
Cached:           715908 kB
MemTotal:        1844596 kB
MemFree:          884228 kB
MemAvailable:    1531544 kB
Buffers:           41508 kB
Cached:           715908 kB
MemTotal:        1844596 kB
MemFree:          883988 kB
MemAvailable:    1531304 kB
Buffers:           41508 kB
Cached:           715908 kB
MemTotal:        1844596 kB
MemFree:          883988 kB
MemAvailable:    1531304 kB
Buffers:           41508 kB
Cached:           715908 kB
MemTotal:        1844596 kB
MemFree:          882540 kB
MemAvailable:    1529856 kB
Buffers:           41508 kB
Cached:           715908 kB
MemTotal:        1844596 kB
MemFree:          882672 kB
MemAvailable:    1529988 kB
Buffers:           41508 kB
Cached:           715908 kB
MemTotal:        1844596 kB
MemFree:          883996 kB
MemAvailable:    1531312 kB
Buffers:           41508 kB
Cached:           715908 kB
MemTotal:        1844596 kB
MemFree:          882748 kB
MemAvailable:    1530064 kB
Buffers:           41508 kB
Cached:           715908 kB
MemTotal:        1844596 kB
MemFree:          884092 kB
MemAvailable:    1531408 kB
Buffers:           41508 kB
Cached:           715908 kB
MemTotal:        1844596 kB
MemFree:          884044 kB
MemAvailable:    1531360 kB
Buffers:           41508 kB
Cached:           715908 kB
MemTotal:        1844596 kB
MemFree:          885328 kB
MemAvailable:    1532644 kB
Buffers:           41508 kB
Cached:           715908 kB
MemTotal:        1844596 kB
MemFree:          884044 kB
MemAvailable:    1531360 kB
Buffers:           41508 kB
Cached:           715908 kB
MemTotal:        1844596 kB
MemFree:          885096 kB
MemAvailable:    1532412 kB
Buffers:           41508 kB
Cached:           715908 kB
MemTotal:        1844596 kB
MemFree:          882556 kB
MemAvailable:    1529872 kB
Buffers:           41508 kB
Cached:           715908 kB
MemTotal:        1844596 kB
MemFree:          881804 kB
MemAvailable:    1529120 kB
Buffers:           41508 kB
Cached:           715908 kB
MemTotal:        1844596 kB
MemFree:          881804 kB
MemAvailable:    1529120 kB
Buffers:           41508 kB
Cached:           715908 kB
MemTotal:        1844596 kB
MemFree:          881068 kB
MemAvailable:    1528384 kB
Buffers:           41508 kB
Cached:           715908 kB
MemTotal:        1844596 kB
MemFree:          880688 kB
MemAvailable:    1528004 kB
Buffers:           41508 kB
Cached:           715908 kB
MemTotal:        1844596 kB
MemFree:          880688 kB
MemAvailable:    1528004 kB
Buffers:           41508 kB
Cached:           715908 kB
MemTotal:        1844596 kB
MemFree:          879820 kB
MemAvailable:    1527136 kB
Buffers:           41508 kB
Cached:           715908 kB
MemTotal:        1844596 kB
MemFree:          880072 kB
MemAvailable:    1527388 kB
Buffers:           41508 kB
Cached:           715908 kB
MemTotal:        1844596 kB
MemFree:          879820 kB
MemAvailable:    1527136 kB
Buffers:           41508 kB
Cached:           715908 kB
MemTotal:        1844596 kB
MemFree:          879960 kB
MemAvailable:    1527276 kB
Buffers:           41508 kB
Cached:           715908 kB
MemTotal:        1844596 kB
MemFree:          879716 kB
MemAvailable:    1527032 kB
Buffers:           41508 kB
Cached:           715908 kB
MemTotal:        1844596 kB
MemFree:          879584 kB
MemAvailable:    1526900 kB
Buffers:           41508 kB
Cached:           715908 kB
MemTotal:        1844596 kB
MemFree:          879684 kB
MemAvailable:    1527000 kB
Buffers:           41508 kB
Cached:           715908 kB
MemTotal:        1844596 kB
MemFree:          879936 kB
MemAvailable:    1527252 kB
Buffers:           41508 kB
Cached:           715908 kB
MemTotal:        1844596 kB
MemFree:          879572 kB
MemAvailable:    1526888 kB
Buffers:           41508 kB
Cached:           715908 kB
MemTotal:        1844596 kB
MemFree:          878316 kB
MemAvailable:    1525632 kB
Buffers:           41508 kB
Cached:           715908 kB
MemTotal:        1844596 kB
MemFree:          878820 kB
MemAvailable:    1526136 kB
Buffers:           41508 kB
Cached:           715908 kB
MemTotal:        1844596 kB
MemFree:          878904 kB
MemAvailable:    1526220 kB
Buffers:           41508 kB
Cached:           715908 kB
MemTotal:        1844596 kB
MemFree:          877456 kB
MemAvailable:    1524772 kB
Buffers:           41508 kB
Cached:           715908 kB
MemTotal:        1844596 kB
MemFree:          878912 kB
MemAvailable:    1526228 kB
Buffers:           41508 kB
Cached:           715908 kB
MemTotal:        1844596 kB
MemFree:          877584 kB
MemAvailable:    1524900 kB
Buffers:           41508 kB
Cached:           715908 kB
MemTotal:        1844596 kB
MemFree:          878824 kB
MemAvailable:    1526140 kB
Buffers:           41508 kB
Cached:           715908 kB
MemTotal:        1844596 kB
MemFree:          877576 kB
MemAvailable:    1524892 kB
Buffers:           41508 kB
Cached:           715908 kB
MemTotal:        1844596 kB
MemFree:          878948 kB
MemAvailable:    1526264 kB
Buffers:           41508 kB
Cached:           715908 kB
MemTotal:        1844596 kB
MemFree:          877576 kB
MemAvailable:    1524892 kB
Buffers:           41508 kB
Cached:           715908 kB
MemTotal:        1844596 kB
MemFree:          877576 kB
MemAvailable:    1524892 kB
Buffers:           41508 kB
Cached:           715908 kB
MemTotal:        1844596 kB
MemFree:          877568 kB
MemAvailable:    1524884 kB
Buffers:           41508 kB
Cached:           715908 kB
MemTotal:        1844596 kB
MemFree:          877348 kB
MemAvailable:    1524664 kB
Buffers:           41508 kB
Cached:           715908 kB
MemTotal:        1844596 kB
MemFree:          878580 kB
MemAvailable:    1525896 kB
Buffers:           41508 kB
Cached:           715908 kB
MemTotal:        1844596 kB
MemFree:          878192 kB
MemAvailable:    1525508 kB
Buffers:           41508 kB
Cached:           715908 kB
MemTotal:        1844596 kB
MemFree:          878444 kB
MemAvailable:    1525760 kB
Buffers:           41508 kB
Cached:           715908 kB
MemTotal:        1844596 kB
MemFree:          876836 kB
MemAvailable:    1524152 kB
Buffers:           41508 kB
Cached:           715908 kB
MemTotal:        1844596 kB
MemFree:          876852 kB
MemAvailable:    1524180 kB
Buffers:           41508 kB
Cached:           715920 kB
MemTotal:        1844596 kB
MemFree:          877100 kB
MemAvailable:    1524428 kB
Buffers:           41508 kB
Cached:           715920 kB
MemTotal:        1844596 kB
MemFree:          876976 kB
MemAvailable:    1524304 kB
Buffers:           41508 kB
Cached:           715920 kB
MemTotal:        1844596 kB
MemFree:          876844 kB
MemAvailable:    1524172 kB
Buffers:           41508 kB
Cached:           715920 kB
MemTotal:        1844596 kB
MemFree:          877820 kB
MemAvailable:    1525148 kB
Buffers:           41508 kB
Cached:           715920 kB
MemTotal:        1844596 kB
MemFree:          877904 kB
MemAvailable:    1525232 kB
Buffers:           41508 kB
Cached:           715920 kB
MemTotal:        1844596 kB
MemFree:          877708 kB
MemAvailable:    1525036 kB
Buffers:           41508 kB
Cached:           715920 kB
MemTotal:        1844596 kB
MemFree:          877816 kB
MemAvailable:    1525144 kB
Buffers:           41508 kB
Cached:           715920 kB
MemTotal:        1844596 kB
MemFree:          877728 kB
MemAvailable:    1525056 kB
Buffers:           41508 kB
Cached:           715920 kB
MemTotal:        1844596 kB
MemFree:          877332 kB
MemAvailable:    1524660 kB
Buffers:           41508 kB
Cached:           715920 kB
MemTotal:        1844596 kB
MemFree:          876728 kB
MemAvailable:    1524056 kB
Buffers:           41508 kB
Cached:           715920 kB
MemTotal:        1844596 kB
MemFree:          873232 kB
MemAvailable:    1520560 kB
Buffers:           41508 kB
Cached:           715920 kB
MemTotal:        1844596 kB
MemFree:          873124 kB
MemAvailable:    1520452 kB
Buffers:           41508 kB
Cached:           715920 kB
MemTotal:        1844596 kB
MemFree:          870528 kB
MemAvailable:    1517856 kB
Buffers:           41508 kB
Cached:           715920 kB
MemTotal:        1844596 kB
MemFree:          870332 kB
MemAvailable:    1517660 kB
Buffers:           41508 kB
Cached:           715920 kB
MemTotal:        1844596 kB
MemFree:          869288 kB
MemAvailable:    1516616 kB
Buffers:           41508 kB
Cached:           715920 kB
MemTotal:        1844596 kB
MemFree:          869900 kB
MemAvailable:    1517228 kB
Buffers:           41508 kB
Cached:           715920 kB
MemTotal:        1844596 kB
MemFree:          870156 kB
MemAvailable:    1517484 kB
Buffers:           41508 kB
Cached:           715920 kB
MemTotal:        1844596 kB
MemFree:          869720 kB
MemAvailable:    1517048 kB
Buffers:           41508 kB
Cached:           715920 kB
MemTotal:        1844596 kB
MemFree:          869720 kB
MemAvailable:    1517048 kB
Buffers:           41508 kB
Cached:           715920 kB
MemTotal:        1844596 kB
MemFree:          869896 kB
MemAvailable:    1517224 kB
Buffers:           41508 kB
Cached:           715920 kB
MemTotal:        1844596 kB
MemFree:          868648 kB
MemAvailable:    1515976 kB
Buffers:           41508 kB
Cached:           715920 kB
MemTotal:        1844596 kB
MemFree:          869768 kB
MemAvailable:    1517096 kB
Buffers:           41508 kB
Cached:           715920 kB
MemTotal:        1844596 kB
MemFree:          869536 kB
MemAvailable:    1516864 kB
Buffers:           41508 kB
Cached:           715920 kB
MemTotal:        1844596 kB
MemFree:          869756 kB
MemAvailable:    1517084 kB
Buffers:           41508 kB
Cached:           715920 kB
MemTotal:        1844596 kB
MemFree:          870092 kB
MemAvailable:    1517420 kB
Buffers:           41508 kB
Cached:           715920 kB
MemTotal:        1844596 kB
MemFree:          868600 kB
MemAvailable:    1515928 kB
Buffers:           41508 kB
Cached:           715920 kB
MemTotal:        1844596 kB
MemFree:          869964 kB
MemAvailable:    1517292 kB
Buffers:           41508 kB
Cached:           715920 kB
MemTotal:        1844596 kB
MemFree:          869836 kB
MemAvailable:    1517164 kB
Buffers:           41508 kB
Cached:           715920 kB
MemTotal:        1844596 kB
MemFree:          869792 kB
MemAvailable:    1517120 kB
Buffers:           41508 kB
Cached:           715920 kB
MemTotal:        1844596 kB
MemFree:          868528 kB
MemAvailable:    1515856 kB
Buffers:           41508 kB
Cached:           715920 kB
MemTotal:        1844596 kB
MemFree:          869140 kB
MemAvailable:    1516468 kB
Buffers:           41508 kB
Cached:           715920 kB
MemTotal:        1844596 kB
MemFree:          869140 kB
MemAvailable:    1516468 kB
Buffers:           41508 kB
Cached:           715920 kB
MemTotal:        1844596 kB
MemFree:          868668 kB
MemAvailable:    1515996 kB
Buffers:           41508 kB
Cached:           715920 kB
MemTotal:        1844596 kB
MemFree:          868404 kB
MemAvailable:    1515732 kB
Buffers:           41508 kB
Cached:           715920 kB
MemTotal:        1844596 kB
MemFree:          868404 kB
MemAvailable:    1515732 kB
Buffers:           41508 kB
Cached:           715920 kB
MemTotal:        1844596 kB
MemFree:          866916 kB
MemAvailable:    1514244 kB
Buffers:           41508 kB
Cached:           715920 kB
MemTotal:        1844596 kB
MemFree:          867108 kB
MemAvailable:    1514436 kB
Buffers:           41508 kB
Cached:           715920 kB
MemTotal:        1844596 kB
MemFree:          865808 kB
MemAvailable:    1513136 kB
Buffers:           41508 kB
Cached:           715920 kB
MemTotal:        1844596 kB
MemFree:          866496 kB
MemAvailable:    1513824 kB
Buffers:           41508 kB
Cached:           715920 kB
MemTotal:        1844596 kB
MemFree:          865064 kB
MemAvailable:    1512392 kB
Buffers:           41508 kB
Cached:           715920 kB
MemTotal:        1844596 kB
MemFree:          865436 kB
MemAvailable:    1512764 kB
Buffers:           41508 kB
Cached:           715920 kB
MemTotal:        1844596 kB
MemFree:          865140 kB
MemAvailable:    1512468 kB
Buffers:           41508 kB
Cached:           715920 kB
MemTotal:        1844596 kB
MemFree:          866284 kB
MemAvailable:    1513612 kB
Buffers:           41508 kB
Cached:           715920 kB
MemTotal:        1844596 kB
MemFree:          864940 kB
MemAvailable:    1512268 kB
Buffers:           41508 kB
Cached:           715920 kB
MemTotal:        1844596 kB
MemFree:          866016 kB
MemAvailable:    1513348 kB
Buffers:           41508 kB
Cached:           715924 kB
MemTotal:        1844596 kB
MemFree:          866268 kB
MemAvailable:    1513600 kB
Buffers:           41508 kB
Cached:           715924 kB
MemTotal:        1844596 kB
MemFree:          865944 kB
MemAvailable:    1513276 kB
Buffers:           41508 kB
Cached:           715924 kB
MemTotal:        1844596 kB
MemFree:          866072 kB
MemAvailable:    1513404 kB
Buffers:           41508 kB
Cached:           715924 kB
MemTotal:        1844596 kB
MemFree:          865320 kB
MemAvailable:    1512652 kB
Buffers:           41508 kB
Cached:           715924 kB
MemTotal:        1844596 kB
MemFree:          866372 kB
MemAvailable:    1513704 kB
Buffers:           41508 kB
Cached:           715924 kB
MemTotal:        1844596 kB
MemFree:          865196 kB
MemAvailable:    1512528 kB
Buffers:           41508 kB
Cached:           715924 kB
MemTotal:        1844596 kB
MemFree:          865676 kB
MemAvailable:    1513008 kB
Buffers:           41508 kB
Cached:           715924 kB
MemTotal:        1844596 kB
MemFree:          865196 kB
MemAvailable:    1512528 kB
Buffers:           41508 kB
Cached:           715924 kB
MemTotal:        1844596 kB
MemFree:          865180 kB
MemAvailable:    1512512 kB
Buffers:           41508 kB
Cached:           715924 kB
MemTotal:        1844596 kB
MemFree:          863940 kB
MemAvailable:    1511272 kB
Buffers:           41508 kB
Cached:           715924 kB
MemTotal:        1844596 kB
MemFree:          859484 kB
MemAvailable:    1506816 kB
Buffers:           41508 kB
Cached:           715924 kB
MemTotal:        1844596 kB
MemFree:          859864 kB
MemAvailable:    1507196 kB
Buffers:           41508 kB
Cached:           715924 kB
MemTotal:        1844596 kB
MemFree:          860164 kB
MemAvailable:    1507496 kB
Buffers:           41508 kB
Cached:           715924 kB
MemTotal:        1844596 kB
MemFree:          860500 kB
MemAvailable:    1507832 kB
Buffers:           41508 kB
Cached:           715924 kB
MemTotal:        1844596 kB
MemFree:          859048 kB
MemAvailable:    1506380 kB
Buffers:           41508 kB
Cached:           715924 kB
MemTotal:        1844596 kB
MemFree:          860356 kB
MemAvailable:    1507688 kB
Buffers:           41508 kB
Cached:           715924 kB
MemTotal:        1844596 kB
MemFree:          859740 kB
MemAvailable:    1507072 kB
Buffers:           41508 kB
Cached:           715924 kB
MemTotal:        1844596 kB
MemFree:          859960 kB
MemAvailable:    1507292 kB
Buffers:           41508 kB
Cached:           715924 kB
MemTotal:        1844596 kB
MemFree:          860296 kB
MemAvailable:    1507628 kB
Buffers:           41508 kB
Cached:           715924 kB
MemTotal:        1844596 kB
MemFree:          858728 kB
MemAvailable:    1506060 kB
Buffers:           41508 kB
Cached:           715924 kB
MemTotal:        1844596 kB
MemFree:          859824 kB
MemAvailable:    1507156 kB
Buffers:           41508 kB
Cached:           715924 kB
MemTotal:        1844596 kB
MemFree:          859824 kB
MemAvailable:    1507156 kB
Buffers:           41508 kB
Cached:           715924 kB
MemTotal:        1844596 kB
MemFree:          858856 kB
MemAvailable:    1506188 kB
Buffers:           41508 kB
Cached:           715924 kB
MemTotal:        1844596 kB
MemFree:          858856 kB
MemAvailable:    1506188 kB
Buffers:           41508 kB
Cached:           715924 kB
MemTotal:        1844596 kB
MemFree:          857012 kB
MemAvailable:    1504344 kB
Buffers:           41508 kB
Cached:           715924 kB
MemTotal:        1844596 kB
MemFree:          855632 kB
MemAvailable:    1502964 kB
Buffers:           41508 kB
Cached:           715924 kB
MemTotal:        1844596 kB
MemFree:          856872 kB
MemAvailable:    1504204 kB
Buffers:           41508 kB
Cached:           715924 kB
MemTotal:        1844596 kB
MemFree:          856876 kB
MemAvailable:    1504208 kB
Buffers:           41508 kB
Cached:           715924 kB
MemTotal:        1844596 kB
MemFree:          856564 kB
MemAvailable:    1503896 kB
Buffers:           41508 kB
Cached:           715924 kB
MemTotal:        1844596 kB
MemFree:          856900 kB
MemAvailable:    1504232 kB
Buffers:           41508 kB
Cached:           715924 kB
MemTotal:        1844596 kB
MemFree:          855476 kB
MemAvailable:    1502812 kB
Buffers:           41508 kB
Cached:           715928 kB
MemTotal:        1844596 kB
MemFree:          858624 kB
MemAvailable:    1505960 kB
Buffers:           41508 kB
Cached:           715928 kB
MemTotal:        1844596 kB
MemFree:          858564 kB
MemAvailable:    1505984 kB
Buffers:           41508 kB
Cached:           716052 kB
MemTotal:        1844596 kB
MemFree:          858820 kB
MemAvailable:    1506240 kB
Buffers:           41508 kB
Cached:           716052 kB
MemTotal:        1844596 kB
MemFree:          858500 kB
MemAvailable:    1506172 kB
Buffers:           41508 kB
Cached:           716300 kB
MemTotal:        1844596 kB
MemFree:          857508 kB
MemAvailable:    1505180 kB
Buffers:           41508 kB
Cached:           716300 kB
MemTotal:        1844596 kB
MemFree:          858708 kB
MemAvailable:    1506464 kB
Buffers:           41508 kB
Cached:           716424 kB
MemTotal:        1844596 kB
MemFree:          858236 kB
MemAvailable:    1506160 kB
Buffers:           41508 kB
Cached:           716548 kB
MemTotal:        1844596 kB
MemFree:          857632 kB
MemAvailable:    1505556 kB
Buffers:           41508 kB
Cached:           716548 kB
MemTotal:        1844596 kB
MemFree:          858168 kB
MemAvailable:    1506092 kB
Buffers:           41508 kB
Cached:           716548 kB
MemTotal:        1844596 kB
MemFree:          858128 kB
MemAvailable:    1506052 kB
Buffers:           41508 kB
Cached:           716548 kB
MemTotal:        1844596 kB
MemFree:          856820 kB
MemAvailable:    1504744 kB
Buffers:           41508 kB
Cached:           716548 kB
MemTotal:        1844596 kB
MemFree:          856944 kB
MemAvailable:    1504868 kB
Buffers:           41508 kB
Cached:           716548 kB
MemTotal:        1844596 kB
MemFree:          858120 kB
MemAvailable:    1506044 kB
Buffers:           41508 kB
Cached:           716548 kB
MemTotal:        1844596 kB
MemFree:          857260 kB
MemAvailable:    1505184 kB
Buffers:           41508 kB
Cached:           716548 kB
MemTotal:        1844596 kB
MemFree:          858076 kB
MemAvailable:    1506000 kB
Buffers:           41508 kB
Cached:           716548 kB
MemTotal:        1844596 kB
MemFree:          856952 kB
MemAvailable:    1504876 kB
Buffers:           41508 kB
Cached:           716548 kB
MemTotal:        1844596 kB
MemFree:          857048 kB
MemAvailable:    1504384 kB
Buffers:           41508 kB
Cached:           715916 kB
MemTotal:        1844596 kB
MemFree:          927104 kB
MemAvailable:    1574440 kB
Buffers:           41508 kB
Cached:           715916 kB
