MemTotal:        1844596 kB
MemFree:          953096 kB
MemAvailable:    1557536 kB
Buffers:           35300 kB
Cached:           673352 kB
MemTotal:        1844596 kB
MemFree:          951924 kB
MemAvailable:    1556364 kB
Buffers:           35300 kB
Cached:           673352 kB
MemTotal:        1844596 kB
MemFree:          950004 kB
MemAvailable:    1554444 kB
Buffers:           35300 kB
Cached:           673352 kB
MemTotal:        1844596 kB
MemFree:          948888 kB
MemAvailable:    1553328 kB
Buffers:           35300 kB
Cached:           673352 kB
MemTotal:        1844596 kB
MemFree:          948376 kB
MemAvailable:    1552816 kB
Buffers:           35300 kB
Cached:           673352 kB
MemTotal:        1844596 kB
MemFree:          948268 kB
MemAvailable:    1552708 kB
Buffers:           35300 kB
Cached:           673352 kB
MemTotal:        1844596 kB
MemFree:          947276 kB
MemAvailable:    1551716 kB
Buffers:           35300 kB
Cached:           673352 kB
MemTotal:        1844596 kB
MemFree:          944176 kB
MemAvailable:    1548616 kB
Buffers:           35300 kB
Cached:           673352 kB
MemTotal:        1844596 kB
MemFree:          941804 kB
MemAvailable:    1546244 kB
Buffers:           35300 kB
Cached:           673352 kB
MemTotal:        1844596 kB
MemFree:          941804 kB
MemAvailable:    1546244 kB
Buffers:           35300 kB
Cached:           673352 kB
MemTotal:        1844596 kB
MemFree:          936356 kB
MemAvailable:    1540796 kB
Buffers:           35300 kB
Cached:           673352 kB
MemTotal:        1844596 kB
MemFree:          938556 kB
MemAvailable:    1542996 kB
Buffers:           35300 kB
Cached:           673352 kB
MemTotal:        1844596 kB
MemFree:          938596 kB
MemAvailable:    1543036 kB
Buffers:           35300 kB
Cached:           673352 kB
MemTotal:        1844596 kB
MemFree:          938708 kB
MemAvailable:    1543148 kB
Buffers:           35300 kB
Cached:           673352 kB
MemTotal:        1844596 kB
MemFree:          938660 kB
MemAvailable:    1543100 kB
Buffers:           35300 kB
Cached:           673352 kB
MemTotal:        1844596 kB
MemFree:          937852 kB
MemAvailable:    1542292 kB
Buffers:           35300 kB
Cached:           673352 kB
MemTotal:        1844596 kB
MemFree:          938448 kB
MemAvailable:    1542892 kB
Buffers:           35300 kB
Cached:           673356 kB
MemTotal:        1844596 kB
MemFree:          938660 kB
MemAvailable:    1543104 kB
Buffers:           35300 kB
Cached:           673356 kB
MemTotal:        1844596 kB
MemFree:          937160 kB
MemAvailable:    1541604 kB
Buffers:           35300 kB
Cached:           673356 kB
MemTotal:        1844596 kB
MemFree:          935496 kB
MemAvailable:    1539940 kB
Buffers:           35300 kB
Cached:           673356 kB
MemTotal:        1844596 kB
MemFree:          934992 kB
MemAvailable:    1539436 kB
Buffers:           35300 kB
Cached:           673356 kB
MemTotal:        1844596 kB
MemFree:          936356 kB
MemAvailable:    1540800 kB
Buffers:           35300 kB
Cached:           673356 kB
MemTotal:        1844596 kB
MemFree:          936108 kB
MemAvailable:    1540552 kB
Buffers:           35300 kB
Cached:           673356 kB
MemTotal:        1844596 kB
MemFree:          935112 kB
MemAvailable:    1539556 kB
Buffers:           35300 kB
Cached:           673356 kB
MemTotal:        1844596 kB
MemFree:          936076 kB
MemAvailable:    1540520 kB
Buffers:           35300 kB
Cached:           673356 kB
MemTotal:        1844596 kB
MemFree:          936108 kB
MemAvailable:    1540552 kB
Buffers:           35300 kB
Cached:           673356 kB
MemTotal:        1844596 kB
MemFree:          936220 kB
MemAvailable:    1540664 kB
Buffers:           35300 kB
Cached:           673356 kB
MemTotal:        1844596 kB
MemFree:          936172 kB
MemAvailable:    1540616 kB
Buffers:           35300 kB
Cached:           673356 kB
MemTotal:        1844596 kB
MemFree:          935372 kB
MemAvailable:    1539816 kB
Buffers:           35300 kB
Cached:           673356 kB
MemTotal:        1844596 kB
MemFree:          936160 kB
MemAvailable:    1540604 kB
Buffers:           35300 kB
Cached:           673356 kB
MemTotal:        1844596 kB
MemFree:          937440 kB
MemAvailable:    1541884 kB
Buffers:           35300 kB
Cached:           673356 kB
MemTotal:        1844596 kB
MemFree:          936736 kB
MemAvailable:    1541180 kB
Buffers:           35300 kB
Cached:           673356 kB
MemTotal:        1844596 kB
MemFree:          936364 kB
MemAvailable:    1540808 kB
Buffers:           35300 kB
Cached:           673356 kB
MemTotal:        1844596 kB
MemFree:          934008 kB
MemAvailable:    1538452 kB
Buffers:           35300 kB
Cached:           673356 kB
MemTotal:        1844596 kB
MemFree:          932768 kB
MemAvailable:    1537212 kB
Buffers:           35300 kB
Cached:           673356 kB
MemTotal:        1844596 kB
MemFree:          933380 kB
MemAvailable:    1537828 kB
Buffers:           35300 kB
Cached:           673360 kB
MemTotal:        1844596 kB
MemFree:          932528 kB
MemAvailable:    1536976 kB
Buffers:           35300 kB
Cached:           673360 kB
MemTotal:        1844596 kB
MemFree:          931892 kB
MemAvailable:    1536340 kB
Buffers:           35300 kB
Cached:           673360 kB
MemTotal:        1844596 kB
MemFree:          933236 kB
MemAvailable:    1537684 kB
Buffers:           35300 kB
Cached:           673360 kB
MemTotal:        1844596 kB
MemFree:          932332 kB
MemAvailable:    1536780 kB
Buffers:           35300 kB
Cached:           673360 kB
MemTotal:        1844596 kB
MemFree:          931404 kB
MemAvailable:    1535852 kB
Buffers:           35300 kB
Cached:           673360 kB
MemTotal:        1844596 kB
MemFree:          930772 kB
MemAvailable:    1535220 kB
Buffers:           35300 kB
Cached:           673360 kB
MemTotal:        1844596 kB
MemFree:          931976 kB
MemAvailable:    1536424 kB
Buffers:           35300 kB
Cached:           673360 kB
MemTotal:        1844596 kB
MemFree:          931948 kB
MemAvailable:    1536396 kB
Buffers:           35300 kB
Cached:           673360 kB
MemTotal:        1844596 kB
MemFree:          931904 kB
MemAvailable:    1536352 kB
Buffers:           35300 kB
Cached:           673360 kB
MemTotal:        1844596 kB
MemFree:          931156 kB
MemAvailable:    1535604 kB
Buffers:           35300 kB
Cached:           673360 kB
MemTotal:        1844596 kB
MemFree:          931616 kB
MemAvailable:    1536064 kB
Buffers:           35300 kB
Cached:           673360 kB
MemTotal:        1844596 kB
MemFree:          931952 kB
MemAvailable:    1536400 kB
Buffers:           35300 kB
Cached:           673360 kB
MemTotal:        1844596 kB
MemFree:          930156 kB
MemAvailable:    1534604 kB
Buffers:           35300 kB
Cached:           673360 kB
MemTotal:        1844596 kB
MemFree:          931200 kB
MemAvailable:    1535648 kB
Buffers:           35300 kB
Cached:           673360 kB
MemTotal:        1844596 kB
MemFree:          931100 kB
MemAvailable:    1535548 kB
Buffers:           35300 kB
Cached:           673360 kB
MemTotal:        1844596 kB
MemFree:          929660 kB
MemAvailable:    1534108 kB
Buffers:           35300 kB
Cached:           673360 kB
MemTotal:        1844596 kB
MemFree:          929784 kB
MemAvailable:    1534232 kB
Buffers:           35300 kB
Cached:           673360 kB
MemTotal:        1844596 kB
MemFree:          929908 kB
MemAvailable:    1534356 kB
Buffers:           35300 kB
Cached:           673360 kB
MemTotal:        1844596 kB
MemFree:          930032 kB
MemAvailable:    1534480 kB
Buffers:           35300 kB
Cached:           673360 kB
MemTotal:        1844596 kB
MemFree:          929908 kB
MemAvailable:    1534356 kB
Buffers:           35300 kB
Cached:           673360 kB
MemTotal:        1844596 kB
MemFree:          930032 kB
MemAvailable:    1534480 kB
Buffers:           35300 kB
Cached:           673360 kB
MemTotal:        1844596 kB
MemFree:          931076 kB
MemAvailable:    1535524 kB
Buffers:           35300 kB
Cached:           673360 kB
MemTotal:        1844596 kB
MemFree:          930164 kB
MemAvailable:    1534612 kB
Buffers:           35300 kB
Cached:           673360 kB
MemTotal:        1844596 kB
MemFree:          930768 kB
MemAvailable:    1535216 kB
Buffers:           35300 kB
Cached:           673360 kB
MemTotal:        1844596 kB
MemFree:          930852 kB
MemAvailable:    1535300 kB
Buffers:           35300 kB
Cached:           673360 kB
MemTotal:        1844596 kB
MemFree:          929644 kB
MemAvailable:    1534092 kB
Buffers:           35300 kB
Cached:           673360 kB
MemTotal:        1844596 kB
MemFree:          930844 kB
MemAvailable:    1535292 kB
Buffers:           35300 kB
Cached:           673360 kB
MemTotal:        1844596 kB
MemFree:          929544 kB
MemAvailable:    1533992 kB
Buffers:           35300 kB
Cached:           673360 kB
MemTotal:        1844596 kB
MemFree:          930136 kB
MemAvailable:    1534584 kB
Buffers:           35300 kB
Cached:           673360 kB
MemTotal:        1844596 kB
MemFree:          930136 kB
MemAvailable:    1534584 kB
Buffers:           35300 kB
Cached:           673360 kB
MemTotal:        1844596 kB
MemFree:          928868 kB
MemAvailable:    1533316 kB
Buffers:           35300 kB
Cached:           673360 kB
MemTotal:        1844596 kB
MemFree:          928868 kB
MemAvailable:    1533316 kB
Buffers:           35300 kB
Cached:           673360 kB
MemTotal:        1844596 kB
MemFree:          930168 kB
MemAvailable:    1534616 kB
Buffers:           35300 kB
Cached:           673360 kB
MemTotal:        1844596 kB
MemFree:          929164 kB
MemAvailable:    1533612 kB
Buffers:           35300 kB
Cached:           673360 kB
MemTotal:        1844596 kB
MemFree:          929840 kB
MemAvailable:    1534288 kB
Buffers:           35300 kB
Cached:           673360 kB
MemTotal:        1844596 kB
MemFree:          930092 kB
MemAvailable:    1534540 kB
Buffers:           35300 kB
Cached:           673360 kB
MemTotal:        1844596 kB
MemFree:          928612 kB
MemAvailable:    1533060 kB
Buffers:           35300 kB
Cached:           673360 kB
MemTotal:        1844596 kB
MemFree:          928736 kB
MemAvailable:    1533184 kB
Buffers:           35300 kB
Cached:           673360 kB
MemTotal:        1844596 kB
MemFree:          929956 kB
MemAvailable:    1534404 kB
Buffers:           35300 kB
Cached:           673360 kB
MemTotal:        1844596 kB
MemFree:          929884 kB
MemAvailable:    1534332 kB
Buffers:           35300 kB
Cached:           673360 kB
MemTotal:        1844596 kB
MemFree:          930136 kB
MemAvailable:    1534584 kB
Buffers:           35300 kB
Cached:           673360 kB
MemTotal:        1844596 kB
MemFree:          928056 kB
MemAvailable:    1532504 kB
Buffers:           35300 kB
Cached:           673360 kB
MemTotal:        1844596 kB
MemFree:          926196 kB
MemAvailable:    1530644 kB
Buffers:           35300 kB
Cached:           673360 kB
MemTotal:        1844596 kB
MemFree:          922592 kB
MemAvailable:    1527040 kB
Buffers:           35300 kB
Cached:           673360 kB
MemTotal:        1844596 kB
MemFree:          922112 kB
MemAvailable:    1526560 kB
Buffers:           35300 kB
Cached:           673360 kB
MemTotal:        1844596 kB
MemFree:          922164 kB
MemAvailable:    1526612 kB
Buffers:           35300 kB
Cached:           673360 kB
MemTotal:        1844596 kB
MemFree:          922164 kB
MemAvailable:    1526612 kB
Buffers:           35300 kB
Cached:           673360 kB
MemTotal:        1844596 kB
MemFree:          922172 kB
MemAvailable:    1526620 kB
Buffers:           35300 kB
Cached:           673360 kB
MemTotal:        1844596 kB
MemFree:          920800 kB
MemAvailable:    1525248 kB
Buffers:           35300 kB
Cached:           673360 kB
MemTotal:        1844596 kB
MemFree:          922036 kB
MemAvailable:    1526484 kB
Buffers:           35300 kB
Cached:           673360 kB
MemTotal:        1844596 kB
MemFree:          922300 kB
MemAvailable:    1526748 kB
Buffers:           35300 kB
Cached:           673360 kB
MemTotal:        1844596 kB
MemFree:          922188 kB
MemAvailable:    1526636 kB
Buffers:           35300 kB
Cached:           673360 kB
MemTotal:        1844596 kB
MemFree:          921900 kB
MemAvailable:    1526348 kB
Buffers:           35300 kB
Cached:           673360 kB
MemTotal:        1844596 kB
MemFree:          920988 kB
MemAvailable:    1525436 kB
Buffers:           35300 kB
Cached:           673360 kB
MemTotal:        1844596 kB
MemFree:          922056 kB
MemAvailable:    1526504 kB
Buffers:           35300 kB
Cached:           673360 kB
MemTotal:        1844596 kB
MemFree:          921912 kB
MemAvailable:    1526360 kB
Buffers:           35300 kB
Cached:           673360 kB
MemTotal:        1844596 kB
MemFree:          922104 kB
MemAvailable:    1526552 kB
Buffers:           35300 kB
Cached:           673360 kB
MemTotal:        1844596 kB
MemFree:          920816 kB
MemAvailable:    1525264 kB
Buffers:           35300 kB
Cached:           673360 kB
MemTotal:        1844596 kB
MemFree:          920692 kB
MemAvailable:    1525140 kB
Buffers:           35300 kB
Cached:           673360 kB
MemTotal:        1844596 kB
MemFree:          922172 kB
MemAvailable:    1526620 kB
Buffers:           35300 kB
Cached:           673360 kB
MemTotal:        1844596 kB
MemFree:          922048 kB
MemAvailable:    1526496 kB
Buffers:           35300 kB
Cached:           673360 kB
MemTotal:        1844596 kB
MemFree:          921732 kB
MemAvailable:    1526180 kB
Buffers:           35300 kB
Cached:           673360 kB
MemTotal:        1844596 kB
MemFree:          920980 kB
MemAvailable:    1525428 kB
Buffers:           35300 kB
Cached:           673360 kB
MemTotal:        1844596 kB
MemFree:          919476 kB
MemAvailable:    1523924 kB
Buffers:           35300 kB
Cached:           673360 kB
MemTotal:        1844596 kB
MemFree:          920360 kB
MemAvailable:    1524808 kB
Buffers:           35300 kB
Cached:           673360 kB
MemTotal:        1844596 kB
MemFree:          920612 kB
MemAvailable:    1525060 kB
Buffers:           35300 kB
Cached:           673360 kB
MemTotal:        1844596 kB
MemFree:          918996 kB
MemAvailable:    1523444 kB
Buffers:           35300 kB
Cached:           673360 kB
MemTotal:        1844596 kB
MemFree:          919376 kB
MemAvailable:    1523824 kB
Buffers:           35300 kB
Cached:           673360 kB
MemTotal:        1844596 kB
MemFree:          918004 kB
MemAvailable:    1522452 kB
Buffers:           35300 kB
Cached:           673360 kB
MemTotal:        1844596 kB
MemFree:          917872 kB
MemAvailable:    1522324 kB
Buffers:           35300 kB
Cached:           673364 kB
MemTotal:        1844596 kB
MemFree:          917392 kB
MemAvailable:    1521844 kB
Buffers:           35300 kB
Cached:           673364 kB
MemTotal:        1844596 kB
MemFree:          917260 kB
MemAvailable:    1521716 kB
Buffers:           35300 kB
Cached:           673368 kB
MemTotal:        1844596 kB
MemFree:          918632 kB
MemAvailable:    1523088 kB
Buffers:           35300 kB
Cached:           673368 kB
MemTotal:        1844596 kB
MemFree:          917268 kB
MemAvailable:    1521724 kB
Buffers:           35300 kB
Cached:           673368 kB
MemTotal:        1844596 kB
MemFree:          917996 kB
MemAvailable:    1522452 kB
Buffers:           35300 kB
Cached:           673368 kB
MemTotal:        1844596 kB
MemFree:          918332 kB
MemAvailable:    1522788 kB
Buffers:           35300 kB
Cached:           673368 kB
MemTotal:        1844596 kB
MemFree:          917096 kB
MemAvailable:    1521552 kB
Buffers:           35300 kB
Cached:           673368 kB
MemTotal:        1844596 kB
MemFree:          916964 kB
MemAvailable:    1521420 kB
Buffers:           35300 kB
Cached:           673368 kB
MemTotal:        1844596 kB
MemFree:          917948 kB
MemAvailable:    1522404 kB
Buffers:           35300 kB
Cached:           673368 kB
MemTotal:        1844596 kB
MemFree:          918284 kB
MemAvailable:    1522740 kB
Buffers:           35300 kB
Cached:           673368 kB
MemTotal:        1844596 kB
MemFree:          918076 kB
MemAvailable:    1522532 kB
Buffers:           35300 kB
Cached:           673368 kB
MemTotal:        1844596 kB
MemFree:          918328 kB
MemAvailable:    1522784 kB
Buffers:           35300 kB
Cached:           673368 kB
MemTotal:        1844596 kB
MemFree:          916840 kB
MemAvailable:    1521296 kB
Buffers:           35300 kB
Cached:           673368 kB
MemTotal:        1844596 kB
MemFree:          917012 kB
MemAvailable:    1521468 kB
Buffers:           35300 kB
Cached:           673368 kB
MemTotal:        1844596 kB
MemFree:          917640 kB
MemAvailable:    1522096 kB
Buffers:           35300 kB
Cached:           673368 kB
MemTotal:        1844596 kB
MemFree:          913052 kB
MemAvailable:    1517508 kB
Buffers:           35300 kB
Cached:           673368 kB
MemTotal:        1844596 kB
MemFree:          911804 kB
MemAvailable:    1516260 kB
Buffers:           35300 kB
Cached:           673368 kB
MemTotal:        1844596 kB
MemFree:          912796 kB
MemAvailable:    1517252 kB
Buffers:           35300 kB
Cached:           673368 kB
MemTotal:        1844596 kB
MemFree:          912796 kB
MemAvailable:    1517252 kB
Buffers:           35300 kB
Cached:           673368 kB
MemTotal:        1844596 kB
MemFree:          912500 kB
MemAvailable:    1516956 kB
Buffers:           35300 kB
Cached:           673368 kB
MemTotal:        1844596 kB
MemFree:          911440 kB
MemAvailable:    1515896 kB
Buffers:           35300 kB
Cached:           673368 kB
MemTotal:        1844596 kB
MemFree:          912348 kB
MemAvailable:    1516804 kB
Buffers:           35300 kB
Cached:           673368 kB
MemTotal:        1844596 kB
MemFree:          911132 kB
MemAvailable:    1515588 kB
Buffers:           35300 kB
Cached:           673368 kB
MemTotal:        1844596 kB
MemFree:          910896 kB
MemAvailable:    1515352 kB
Buffers:           35300 kB
Cached:           673368 kB
MemTotal:        1844596 kB
MemFree:          912136 kB
MemAvailable:    1516592 kB
Buffers:           35300 kB
Cached:           673368 kB
MemTotal:        1844596 kB
MemFree:          912172 kB
MemAvailable:    1516628 kB
Buffers:           35300 kB
Cached:           673368 kB
MemTotal:        1844596 kB
MemFree:          911860 kB
MemAvailable:    1516316 kB
Buffers:           35300 kB
Cached:           673368 kB
MemTotal:        1844596 kB
MemFree:          912196 kB
MemAvailable:    1516652 kB
Buffers:           35300 kB
Cached:           673368 kB
MemTotal:        1844596 kB
MemFree:          911728 kB
MemAvailable:    1516184 kB
Buffers:           35300 kB
Cached:           673368 kB
MemTotal:        1844596 kB
MemFree:          912064 kB
MemAvailable:    1516520 kB
Buffers:           35300 kB
Cached:           673368 kB
MemTotal:        1844596 kB
MemFree:          911904 kB
MemAvailable:    1516360 kB
Buffers:           35300 kB
Cached:           673368 kB
MemTotal:        1844596 kB
MemFree:          911128 kB
MemAvailable:    1515584 kB
Buffers:           35300 kB
Cached:           673368 kB
MemTotal:        1844596 kB
MemFree:          909952 kB
MemAvailable:    1514408 kB
Buffers:           35300 kB
Cached:           673368 kB
MemTotal:        1844596 kB
MemFree:          909068 kB
MemAvailable:    1513524 kB
Buffers:           35300 kB
Cached:           673368 kB
MemTotal:        1844596 kB
MemFree:          908960 kB
MemAvailable:    1513416 kB
Buffers:           35300 kB
Cached:           673368 kB
MemTotal:        1844596 kB
MemFree:          908684 kB
MemAvailable:    1513140 kB
Buffers:           35300 kB
Cached:           673368 kB
MemTotal:        1844596 kB
MemFree:          909020 kB
MemAvailable:    1513476 kB
Buffers:           35300 kB
Cached:           673368 kB
MemTotal:        1844596 kB
MemFree:          908692 kB
MemAvailable:    1513148 kB
Buffers:           35300 kB
Cached:           673368 kB
MemTotal:        1844596 kB
MemFree:          907796 kB
MemAvailable:    1512252 kB
Buffers:           35300 kB
Cached:           673368 kB
MemTotal:        1844596 kB
MemFree:          908888 kB
MemAvailable:    1513344 kB
Buffers:           35300 kB
Cached:           673368 kB
MemTotal:        1844596 kB
MemFree:          907712 kB
MemAvailable:    1512168 kB
Buffers:           35300 kB
Cached:           673368 kB
MemTotal:        1844596 kB
MemFree:          910636 kB
MemAvailable:    1515092 kB
Buffers:           35300 kB
Cached:           673368 kB
MemTotal:        1844596 kB
MemFree:          910628 kB
MemAvailable:    1515084 kB
Buffers:           35300 kB
Cached:           673368 kB
MemTotal:        1844596 kB
MemFree:          910884 kB
MemAvailable:    1515340 kB
Buffers:           35300 kB
Cached:           673492 kB
MemTotal:        1844596 kB
MemFree:          910496 kB
MemAvailable:    1515204 kB
Buffers:           35300 kB
Cached:           673616 kB
MemTotal:        1844596 kB
MemFree:          910752 kB
MemAvailable:    1515460 kB
Buffers:           35300 kB
Cached:           673616 kB
MemTotal:        1844596 kB
MemFree:          910232 kB
MemAvailable:    1515108 kB
Buffers:           35300 kB
Cached:           673864 kB
MemTotal:        1844596 kB
MemFree:          909896 kB
MemAvailable:    1514772 kB
Buffers:           35300 kB
Cached:           673864 kB
MemTotal:        1844596 kB
MemFree:          909324 kB
MemAvailable:    1514288 kB
Buffers:           35300 kB
Cached:           673992 kB
MemTotal:        1844596 kB
MemFree:          909208 kB
MemAvailable:    1514256 kB
Buffers:           35300 kB
Cached:           673992 kB
MemTotal:        1844596 kB
MemFree:          909208 kB
MemAvailable:    1514256 kB
Buffers:           35300 kB
Cached:           673992 kB
MemTotal:        1844596 kB
MemFree:          910260 kB
MemAvailable:    1515392 kB
Buffers:           35300 kB
Cached:           673992 kB
MemTotal:        1844596 kB
MemFree:          908828 kB
MemAvailable:    1513960 kB
Buffers:           35300 kB
Cached:           673992 kB
MemTotal:        1844596 kB
MemFree:          908944 kB
MemAvailable:    1514076 kB
Buffers:           35300 kB
Cached:           673992 kB
MemTotal:        1844596 kB
MemFree:          910420 kB
MemAvailable:    1515552 kB
Buffers:           35300 kB
Cached:           673992 kB
MemTotal:        1844596 kB
MemFree:          909092 kB
MemAvailable:    1514224 kB
Buffers:           35300 kB
Cached:           673992 kB
MemTotal:        1844596 kB
MemFree:          910020 kB
MemAvailable:    1515152 kB
Buffers:           35300 kB
Cached:           674116 kB
MemTotal:        1844596 kB
MemFree:          910020 kB
MemAvailable:    1515152 kB
Buffers:           35300 kB
Cached:           674116 kB
MemTotal:        1844596 kB
MemFree:          909416 kB
MemAvailable:    1513876 kB
Buffers:           35300 kB
Cached:           673444 kB
MemTotal:        1844596 kB
MemFree:          978324 kB
MemAvailable:    1582784 kB
Buffers:           35300 kB
Cached:           673444 kB
