MemTotal:        1844596 kB
MemFree:          917316 kB
MemAvailable:    1551016 kB
Buffers:           39600 kB
Cached:           702292 kB
MemTotal:        1844596 kB
MemFree:          914652 kB
MemAvailable:    1548352 kB
Buffers:           39600 kB
Cached:           702292 kB
MemTotal:        1844596 kB
MemFree:          914148 kB
MemAvailable:    1547848 kB
Buffers:           39600 kB
Cached:           702292 kB
MemTotal:        1844596 kB
MemFree:          913792 kB
MemAvailable:    1547492 kB
Buffers:           39600 kB
Cached:           702292 kB
MemTotal:        1844596 kB
MemFree:          912668 kB
MemAvailable:    1546368 kB
Buffers:           39600 kB
Cached:           702292 kB
MemTotal:        1844596 kB
MemFree:          911180 kB
MemAvailable:    1544880 kB
Buffers:           39600 kB
Cached:           702292 kB
MemTotal:        1844596 kB
MemFree:          911288 kB
MemAvailable:    1544988 kB
Buffers:           39600 kB
Cached:           702292 kB
MemTotal:        1844596 kB
MemFree:          910808 kB
MemAvailable:    1544508 kB
Buffers:           39600 kB
Cached:           702292 kB
MemTotal:        1844596 kB
MemFree:          907824 kB
MemAvailable:    1541524 kB
Buffers:           39600 kB
Cached:           702292 kB
MemTotal:        1844596 kB
MemFree:          905220 kB
MemAvailable:    1538920 kB
Buffers:           39600 kB
Cached:           702292 kB
MemTotal:        1844596 kB
MemFree:          903864 kB
MemAvailable:    1537564 kB
Buffers:           39600 kB
Cached:           702292 kB
MemTotal:        1844596 kB
MemFree:          902332 kB
MemAvailable:    1536032 kB
Buffers:           39600 kB
Cached:           702292 kB
MemTotal:        1844596 kB
MemFree:          902332 kB
MemAvailable:    1536032 kB
Buffers:           39600 kB
Cached:           702292 kB
MemTotal:        1844596 kB
MemFree:          901080 kB
MemAvailable:    1534780 kB
Buffers:           39600 kB
Cached:           702292 kB
MemTotal:        1844596 kB
MemFree:          901080 kB
MemAvailable:    1534780 kB
Buffers:           39600 kB
Cached:           702292 kB
MemTotal:        1844596 kB
MemFree:          901204 kB
MemAvailable:    1534904 kB
Buffers:           39600 kB
Cached:           702292 kB
MemTotal:        1844596 kB
MemFree:          901072 kB
MemAvailable:    1534772 kB
Buffers:           39600 kB
Cached:           702292 kB
MemTotal:        1844596 kB
MemFree:          901368 kB
MemAvailable:    1535068 kB
Buffers:           39600 kB
Cached:           702292 kB
MemTotal:        1844596 kB
MemFree:          901012 kB
MemAvailable:    1534712 kB
Buffers:           39600 kB
Cached:           702292 kB
MemTotal:        1844596 kB
MemFree:          900392 kB
MemAvailable:    1534092 kB
Buffers:           39600 kB
Cached:           702292 kB
MemTotal:        1844596 kB
MemFree:          898780 kB
MemAvailable:    1532480 kB
Buffers:           39600 kB
Cached:           702292 kB
MemTotal:        1844596 kB
MemFree:          898772 kB
MemAvailable:    1532472 kB
Buffers:           39600 kB
Cached:           702292 kB
MemTotal:        1844596 kB
MemFree:          898648 kB
MemAvailable:    1532348 kB
Buffers:           39600 kB
Cached:           702292 kB
MemTotal:        1844596 kB
MemFree:          898640 kB
MemAvailable:    1532340 kB
Buffers:           39600 kB
Cached:           702292 kB
MemTotal:        1844596 kB
MemFree:          899972 kB
MemAvailable:    1533672 kB
Buffers:           39600 kB
Cached:           702292 kB
MemTotal:        1844596 kB
MemFree:          898904 kB
MemAvailable:    1532604 kB
Buffers:           39600 kB
Cached:           702292 kB
MemTotal:        1844596 kB
MemFree:          899592 kB
MemAvailable:    1533292 kB
Buffers:           39600 kB
Cached:           702292 kB
MemTotal:        1844596 kB
MemFree:          898948 kB
MemAvailable:    1532648 kB
Buffers:           39600 kB
Cached:           702292 kB
MemTotal:        1844596 kB
MemFree:          898524 kB
MemAvailable:    1532224 kB
Buffers:           39600 kB
Cached:           702292 kB
MemTotal:        1844596 kB
MemFree:          899972 kB
MemAvailable:    1533672 kB
Buffers:           39600 kB
Cached:           702292 kB
MemTotal:        1844596 kB
MemFree:          899816 kB
MemAvailable:    1533516 kB
Buffers:           39600 kB
Cached:           702292 kB
MemTotal:        1844596 kB
MemFree:          900012 kB
MemAvailable:    1533712 kB
Buffers:           39600 kB
Cached:           702292 kB
MemTotal:        1844596 kB
MemFree:          900012 kB
MemAvailable:    1533712 kB
Buffers:           39600 kB
Cached:           702292 kB
MemTotal:        1844596 kB
MemFree:          897648 kB
MemAvailable:    1531348 kB
Buffers:           39600 kB
Cached:           702292 kB
MemTotal:        1844596 kB
MemFree:          897408 kB
MemAvailable:    1531108 kB
Buffers:           39600 kB
Cached:           702292 kB
MemTotal:        1844596 kB
MemFree:          897224 kB
MemAvailable:    1530924 kB
Buffers:           39600 kB
Cached:           702292 kB
MemTotal:        1844596 kB
MemFree:          895424 kB
MemAvailable:    1529124 kB
Buffers:           39600 kB
Cached:           702292 kB
MemTotal:        1844596 kB
MemFree:          896468 kB
MemAvailable:    1530168 kB
Buffers:           39600 kB
Cached:           702292 kB
MemTotal:        1844596 kB
MemFree:          895308 kB
MemAvailable:    1529008 kB
Buffers:           39600 kB
Cached:           702292 kB
MemTotal:        1844596 kB
MemFree:          896360 kB
MemAvailable:    1530060 kB
Buffers:           39600 kB
Cached:           702292 kB
MemTotal:        1844596 kB
MemFree:          894748 kB
MemAvailable:    1528448 kB
Buffers:           39600 kB
Cached:           702292 kB
MemTotal:        1844596 kB
MemFree:          895732 kB
MemAvailable:    1529432 kB
Buffers:           39600 kB
Cached:           702292 kB
MemTotal:        1844596 kB
MemFree:          894616 kB
MemAvailable:    1528316 kB
Buffers:           39600 kB
Cached:           702292 kB
MemTotal:        1844596 kB
MemFree:          895600 kB
MemAvailable:    1529308 kB
Buffers:           39600 kB
Cached:           702300 kB
MemTotal:        1844596 kB
MemFree:          895576 kB
MemAvailable:    1529284 kB
Buffers:           39600 kB
Cached:           702300 kB
MemTotal:        1844596 kB
MemFree:          894688 kB
MemAvailable:    1528396 kB
Buffers:           39600 kB
Cached:           702300 kB
MemTotal:        1844596 kB
MemFree:          894184 kB
MemAvailable:    1527892 kB
Buffers:           39600 kB
Cached:           702300 kB
MemTotal:        1844596 kB
MemFree:          894060 kB
MemAvailable:    1527768 kB
Buffers:           39600 kB
Cached:           702300 kB
MemTotal:        1844596 kB
MemFree:          894764 kB
MemAvailable:    1528472 kB
Buffers:           39600 kB
Cached:           702300 kB
MemTotal:        1844596 kB
MemFree:          894820 kB
MemAvailable:    1528528 kB
Buffers:           39600 kB
Cached:           702300 kB
MemTotal:        1844596 kB
MemFree:          893316 kB
MemAvailable:    1527024 kB
Buffers:           39600 kB
Cached:           702300 kB
MemTotal:        1844596 kB
MemFree:          894688 kB
MemAvailable:    1528396 kB
Buffers:           39600 kB
Cached:           702300 kB
MemTotal:        1844596 kB
MemFree:          894680 kB
MemAvailable:    1528388 kB
Buffers:           39600 kB
Cached:           702300 kB
MemTotal:        1844596 kB
MemFree:          894572 kB
MemAvailable:    1528280 kB
Buffers:           39600 kB
Cached:           702300 kB
MemTotal:        1844596 kB
MemFree:          893440 kB
MemAvailable:    1527148 kB
Buffers:           39600 kB
Cached:           702300 kB
MemTotal:        1844596 kB
MemFree:          893440 kB
MemAvailable:    1527148 kB
Buffers:           39600 kB
Cached:           702300 kB
MemTotal:        1844596 kB
MemFree:          894500 kB
MemAvailable:    1528208 kB
Buffers:           39600 kB
Cached:           702300 kB
MemTotal:        1844596 kB
MemFree:          894752 kB
MemAvailable:    1528460 kB
Buffers:           39600 kB
Cached:           702300 kB
MemTotal:        1844596 kB
MemFree:          893260 kB
MemAvailable:    1526968 kB
Buffers:           39600 kB
Cached:           702300 kB
MemTotal:        1844596 kB
MemFree:          893392 kB
MemAvailable:    1527100 kB
Buffers:           39600 kB
Cached:           702300 kB
MemTotal:        1844596 kB
MemFree:          893572 kB
MemAvailable:    1527280 kB
Buffers:           39600 kB
Cached:           702300 kB
MemTotal:        1844596 kB
MemFree:          894136 kB
MemAvailable:    1527844 kB
Buffers:           39600 kB
Cached:           702300 kB
MemTotal:        1844596 kB
MemFree:          894232 kB
MemAvailable:    1527940 kB
Buffers:           39600 kB
Cached:           702300 kB
MemTotal:        1844596 kB
MemFree:          894060 kB
MemAvailable:    1527768 kB
Buffers:           39600 kB
Cached:           702300 kB
MemTotal:        1844596 kB
MemFree:          893076 kB
MemAvailable:    1526784 kB
Buffers:           39600 kB
Cached:           702300 kB
MemTotal:        1844596 kB
MemFree:          893932 kB
MemAvailable:    1527640 kB
Buffers:           39600 kB
Cached:           702300 kB
MemTotal:        1844596 kB
MemFree:          893676 kB
MemAvailable:    1527384 kB
Buffers:           39600 kB
Cached:           702300 kB
MemTotal:        1844596 kB
MemFree:          892388 kB
MemAvailable:    1526096 kB
Buffers:           39600 kB
Cached:           702300 kB
MemTotal:        1844596 kB
MemFree:          893448 kB
MemAvailable:    1527156 kB
Buffers:           39600 kB
Cached:           702300 kB
MemTotal:        1844596 kB
MemFree:          893544 kB
MemAvailable:    1527252 kB
Buffers:           39600 kB
Cached:           702300 kB
MemTotal:        1844596 kB
MemFree:          893880 kB
MemAvailable:    1527588 kB
Buffers:           39600 kB
Cached:           702300 kB
MemTotal:        1844596 kB
MemFree:          893664 kB
MemAvailable:    1527372 kB
Buffers:           39600 kB
Cached:           702300 kB
MemTotal:        1844596 kB
MemFree:          893516 kB
MemAvailable:    1527224 kB
Buffers:           39600 kB
Cached:           702300 kB
MemTotal:        1844596 kB
MemFree:          893496 kB
MemAvailable:    1527204 kB
Buffers:           39600 kB
Cached:           702300 kB
MemTotal:        1844596 kB
MemFree:          893752 kB
MemAvailable:    1527460 kB
Buffers:           39600 kB
Cached:           702300 kB
MemTotal:        1844596 kB
MemFree:          893592 kB
MemAvailable:    1527300 kB
Buffers:           39600 kB
Cached:           702300 kB
MemTotal:        1844596 kB
MemFree:          892828 kB
MemAvailable:    1526536 kB
Buffers:           39600 kB
Cached:           702300 kB
MemTotal:        1844596 kB
MemFree:          891696 kB
MemAvailable:    1525404 kB
Buffers:           39600 kB
Cached:           702300 kB
MemTotal:        1844596 kB
MemFree:          891696 kB
MemAvailable:    1525404 kB
Buffers:           39600 kB
Cached:           702300 kB
MemTotal:        1844596 kB
MemFree:          888788 kB
MemAvailable:    1522496 kB
Buffers:           39600 kB
Cached:           702300 kB
MemTotal:        1844596 kB
MemFree:          886316 kB
MemAvailable:    1520024 kB
Buffers:           39600 kB
Cached:           702300 kB
MemTotal:        1844596 kB
MemFree:          886144 kB
MemAvailable:    1519852 kB
Buffers:           39600 kB
Cached:           702300 kB
MemTotal:        1844596 kB
MemFree:          885016 kB
MemAvailable:    1518724 kB
Buffers:           39600 kB
Cached:           702300 kB
MemTotal:        1844596 kB
MemFree:          885620 kB
MemAvailable:    1519332 kB
Buffers:           39600 kB
Cached:           702304 kB
MemTotal:        1844596 kB
MemFree:          885620 kB
MemAvailable:    1519332 kB
Buffers:           39600 kB
Cached:           702304 kB
MemTotal:        1844596 kB
MemFree:          885608 kB
MemAvailable:    1519320 kB
Buffers:           39600 kB
Cached:           702304 kB
MemTotal:        1844596 kB
MemFree:          885376 kB
MemAvailable:    1519088 kB
Buffers:           39600 kB
Cached:           702304 kB
MemTotal:        1844596 kB
MemFree:          885700 kB
MemAvailable:    1519412 kB
Buffers:           39600 kB
Cached:           702304 kB
MemTotal:        1844596 kB
MemFree:          884580 kB
MemAvailable:    1518292 kB
Buffers:           39600 kB
Cached:           702304 kB
MemTotal:        1844596 kB
MemFree:          884324 kB
MemAvailable:    1518036 kB
Buffers:           39600 kB
Cached:           702304 kB
MemTotal:        1844596 kB
MemFree:          885592 kB
MemAvailable:    1519304 kB
Buffers:           39600 kB
Cached:           702304 kB
MemTotal:        1844596 kB
MemFree:          885592 kB
MemAvailable:    1519304 kB
Buffers:           39600 kB
Cached:           702304 kB
MemTotal:        1844596 kB
MemFree:          884356 kB
MemAvailable:    1518068 kB
Buffers:           39600 kB
Cached:           702304 kB
MemTotal:        1844596 kB
MemFree:          885656 kB
MemAvailable:    1519368 kB
Buffers:           39600 kB
Cached:           702304 kB
MemTotal:        1844596 kB
MemFree:          885672 kB
MemAvailable:    1519384 kB
Buffers:           39600 kB
Cached:           702304 kB
MemTotal:        1844596 kB
MemFree:          884388 kB
MemAvailable:    1518100 kB
Buffers:           39600 kB
Cached:           702304 kB
MemTotal:        1844596 kB
MemFree:          885588 kB
MemAvailable:    1519300 kB
Buffers:           39600 kB
Cached:           702304 kB
MemTotal:        1844596 kB
MemFree:          885124 kB
MemAvailable:    1518836 kB
Buffers:           39600 kB
Cached:           702304 kB
MemTotal:        1844596 kB
MemFree:          885460 kB
MemAvailable:    1519172 kB
Buffers:           39600 kB
Cached:           702304 kB
MemTotal:        1844596 kB
MemFree:          884628 kB
MemAvailable:    1518340 kB
Buffers:           39600 kB
Cached:           702304 kB
MemTotal:        1844596 kB
MemFree:          884380 kB
MemAvailable:    1518092 kB
Buffers:           39600 kB
Cached:           702304 kB
MemTotal:        1844596 kB
MemFree:          884196 kB
MemAvailable:    1517908 kB
Buffers:           39600 kB
Cached:           702304 kB
MemTotal:        1844596 kB
MemFree:          884196 kB
MemAvailable:    1517908 kB
Buffers:           39600 kB
Cached:           702304 kB
MemTotal:        1844596 kB
MemFree:          882644 kB
MemAvailable:    1516356 kB
Buffers:           39600 kB
Cached:           702304 kB
MemTotal:        1844596 kB
MemFree:          883024 kB
MemAvailable:    1516736 kB
Buffers:           39600 kB
Cached:           702304 kB
MemTotal:        1844596 kB
MemFree:          882404 kB
MemAvailable:    1516116 kB
Buffers:           39600 kB
Cached:           702304 kB
MemTotal:        1844596 kB
MemFree:          883240 kB
MemAvailable:    1516952 kB
Buffers:           39600 kB
Cached:           702304 kB
MemTotal:        1844596 kB
MemFree:          881916 kB
MemAvailable:    1515628 kB
Buffers:           39600 kB
Cached:           702304 kB
MemTotal:        1844596 kB
MemFree:          882272 kB
MemAvailable:    1515984 kB
Buffers:           39600 kB
Cached:           702304 kB
MemTotal:        1844596 kB
MemFree:          882608 kB
MemAvailable:    1516320 kB
Buffers:           39600 kB
Cached:           702304 kB
MemTotal:        1844596 kB
MemFree:          882264 kB
MemAvailable:    1515976 kB
Buffers:           39600 kB
Cached:           702304 kB
MemTotal:        1844596 kB
MemFree:          882280 kB
MemAvailable:    1515992 kB
Buffers:           39600 kB
Cached:           702304 kB
MemTotal:        1844596 kB
MemFree:          881900 kB
MemAvailable:    1515616 kB
Buffers:           39600 kB
Cached:           702308 kB
MemTotal:        1844596 kB
MemFree:          881900 kB
MemAvailable:    1515616 kB
Buffers:           39600 kB
Cached:           702308 kB
MemTotal:        1844596 kB
MemFree:          881788 kB
MemAvailable:    1515504 kB
Buffers:           39600 kB
Cached:           702308 kB
MemTotal:        1844596 kB
MemFree:          880740 kB
MemAvailable:    1514456 kB
Buffers:           39600 kB
Cached:           702308 kB
MemTotal:        1844596 kB
MemFree:          880652 kB
MemAvailable:    1514368 kB
Buffers:           39600 kB
Cached:           702308 kB
MemTotal:        1844596 kB
MemFree:          881884 kB
MemAvailable:    1515600 kB
Buffers:           39600 kB
Cached:           702308 kB
MemTotal:        1844596 kB
MemFree:          880544 kB
MemAvailable:    1514264 kB
Buffers:           39600 kB
Cached:           702312 kB
MemTotal:        1844596 kB
MemFree:          880504 kB
MemAvailable:    1514224 kB
Buffers:           39600 kB
Cached:           702312 kB
MemTotal:        1844596 kB
MemFree:          881596 kB
MemAvailable:    1515316 kB
Buffers:           39600 kB
Cached:           702312 kB
MemTotal:        1844596 kB
MemFree:          881280 kB
MemAvailable:    1515000 kB
Buffers:           39600 kB
Cached:           702312 kB
MemTotal:        1844596 kB
MemFree:          881364 kB
MemAvailable:    1515084 kB
Buffers:           39600 kB
Cached:           702312 kB
MemTotal:        1844596 kB
MemFree:          879304 kB
MemAvailable:    1513024 kB
Buffers:           39600 kB
Cached:           702312 kB
MemTotal:        1844596 kB
MemFree:          876584 kB
MemAvailable:    1510304 kB
Buffers:           39600 kB
Cached:           702312 kB
MemTotal:        1844596 kB
MemFree:          876452 kB
MemAvailable:    1510172 kB
Buffers:           39600 kB
Cached:           702312 kB
MemTotal:        1844596 kB
MemFree:          875344 kB
MemAvailable:    1509064 kB
Buffers:           39600 kB
Cached:           702312 kB
MemTotal:        1844596 kB
MemFree:          876060 kB
MemAvailable:    1509780 kB
Buffers:           39600 kB
Cached:           702312 kB
MemTotal:        1844596 kB
MemFree:          876284 kB
MemAvailable:    1510004 kB
Buffers:           39600 kB
Cached:           702312 kB
MemTotal:        1844596 kB
MemFree:          874824 kB
MemAvailable:    1508544 kB
Buffers:           39600 kB
Cached:           702312 kB
MemTotal:        1844596 kB
MemFree:          874940 kB
MemAvailable:    1508660 kB
Buffers:           39600 kB
Cached:           702312 kB
MemTotal:        1844596 kB
MemFree:          874692 kB
MemAvailable:    1508412 kB
Buffers:           39600 kB
Cached:           702312 kB
MemTotal:        1844596 kB
MemFree:          874816 kB
MemAvailable:    1508536 kB
Buffers:           39600 kB
Cached:           702312 kB
MemTotal:        1844596 kB
MemFree:          874816 kB
MemAvailable:    1508536 kB
Buffers:           39600 kB
Cached:           702312 kB
MemTotal:        1844596 kB
MemFree:          874940 kB
MemAvailable:    1508660 kB
Buffers:           39600 kB
Cached:           702312 kB
MemTotal:        1844596 kB
MemFree:          875032 kB
MemAvailable:    1508752 kB
Buffers:           39600 kB
Cached:           702312 kB
MemTotal:        1844596 kB
MemFree:          873048 kB
MemAvailable:    1506768 kB
Buffers:           39600 kB
Cached:           702312 kB
MemTotal:        1844596 kB
MemFree:          871864 kB
MemAvailable:    1505584 kB
Buffers:           39600 kB
Cached:           702312 kB
MemTotal:        1844596 kB
MemFree:          872972 kB
MemAvailable:    1506692 kB
Buffers:           39600 kB
Cached:           702312 kB
MemTotal:        1844596 kB
MemFree:          872672 kB
MemAvailable:    1506392 kB
Buffers:           39600 kB
Cached:           702312 kB
MemTotal:        1844596 kB
MemFree:          872740 kB
MemAvailable:    1506460 kB
Buffers:           39600 kB
Cached:           702312 kB
MemTotal:        1844596 kB
MemFree:          872780 kB
MemAvailable:    1506500 kB
Buffers:           39600 kB
Cached:           702312 kB
MemTotal:        1844596 kB
MemFree:          871564 kB
MemAvailable:    1505284 kB
Buffers:           39600 kB
Cached:           702312 kB
MemTotal:        1844596 kB
MemFree:          871688 kB
MemAvailable:    1505408 kB
Buffers:           39600 kB
Cached:           702312 kB
MemTotal:        1844596 kB
MemFree:          874600 kB
MemAvailable:    1508320 kB
Buffers:           39600 kB
Cached:           702312 kB
MemTotal:        1844596 kB
MemFree:          874584 kB
MemAvailable:    1508388 kB
Buffers:           39600 kB
Cached:           702436 kB
MemTotal:        1844596 kB
MemFree:          874836 kB
MemAvailable:    1508640 kB
Buffers:           39600 kB
Cached:           702436 kB
MemTotal:        1844596 kB
MemFree:          873180 kB
MemAvailable:    1507152 kB
Buffers:           39600 kB
Cached:           702684 kB
MemTotal:        1844596 kB
MemFree:          874288 kB
MemAvailable:    1508428 kB
Buffers:           39600 kB
Cached:           702808 kB
MemTotal:        1844596 kB
MemFree:          874288 kB
MemAvailable:    1508428 kB
Buffers:           39600 kB
Cached:           702808 kB
MemTotal:        1844596 kB
MemFree:          873904 kB
MemAvailable:    1508128 kB
Buffers:           39600 kB
Cached:           702932 kB
MemTotal:        1844596 kB
MemFree:          874160 kB
MemAvailable:    1508384 kB
Buffers:           39600 kB
Cached:           702932 kB
MemTotal:        1844596 kB
MemFree:          873924 kB
MemAvailable:    1508232 kB
Buffers:           39600 kB
Cached:           702932 kB
MemTotal:        1844596 kB
MemFree:          873600 kB
MemAvailable:    1507908 kB
Buffers:           39600 kB
Cached:           702932 kB
MemTotal:        1844596 kB
MemFree:          873820 kB
MemAvailable:    1508128 kB
Buffers:           39600 kB
Cached:           702932 kB
MemTotal:        1844596 kB
MemFree:          874156 kB
MemAvailable:    1508464 kB
Buffers:           39600 kB
Cached:           702932 kB
MemTotal:        1844596 kB
MemFree:          873828 kB
MemAvailable:    1508136 kB
Buffers:           39600 kB
Cached:           702932 kB
MemTotal:        1844596 kB
MemFree:          872796 kB
MemAvailable:    1507104 kB
Buffers:           39600 kB
Cached:           702932 kB
MemTotal:        1844596 kB
MemFree:          872664 kB
MemAvailable:    1506972 kB
Buffers:           39600 kB
Cached:           702932 kB
MemTotal:        1844596 kB
MemFree:          873320 kB
MemAvailable:    1507040 kB
Buffers:           39600 kB
Cached:           702300 kB
MemTotal:        1844596 kB
MemFree:          941756 kB
MemAvailable:    1575476 kB
Buffers:           39600 kB
Cached:           702300 kB
