MemTotal:        1844596 kB
MemFree:          932248 kB
MemAvailable:    1556352 kB
Buffers:           38208 kB
Cached:           692004 kB
MemTotal:        1844596 kB
MemFree:          929644 kB
MemAvailable:    1553748 kB
Buffers:           38208 kB
Cached:           692004 kB
MemTotal:        1844596 kB
MemFree:          928644 kB
MemAvailable:    1552748 kB
Buffers:           38208 kB
Cached:           692004 kB
MemTotal:        1844596 kB
MemFree:          928644 kB
MemAvailable:    1552748 kB
Buffers:           38208 kB
Cached:           692004 kB
MemTotal:        1844596 kB
MemFree:          927348 kB
MemAvailable:    1551452 kB
Buffers:           38208 kB
Cached:           692004 kB
MemTotal:        1844596 kB
MemFree:          927216 kB
MemAvailable:    1551320 kB
Buffers:           38208 kB
Cached:           692004 kB
MemTotal:        1844596 kB
MemFree:          925040 kB
MemAvailable:    1549144 kB
Buffers:           38208 kB
Cached:           692004 kB
MemTotal:        1844596 kB
MemFree:          924932 kB
MemAvailable:    1549036 kB
Buffers:           38208 kB
Cached:           692004 kB
MemTotal:        1844596 kB
MemFree:          921832 kB
MemAvailable:    1545936 kB
Buffers:           38208 kB
Cached:           692004 kB
MemTotal:        1844596 kB
MemFree:          920428 kB
MemAvailable:    1544532 kB
Buffers:           38208 kB
Cached:           692004 kB
MemTotal:        1844596 kB
MemFree:          916244 kB
MemAvailable:    1540348 kB
Buffers:           38208 kB
Cached:           692004 kB
MemTotal:        1844596 kB
MemFree:          917272 kB
MemAvailable:    1541380 kB
Buffers:           38208 kB
Cached:           692008 kB
MemTotal:        1844596 kB
MemFree:          917608 kB
MemAvailable:    1541716 kB
Buffers:           38208 kB
Cached:           692008 kB
MemTotal:        1844596 kB
MemFree:          917368 kB
MemAvailable:    1541476 kB
Buffers:           38208 kB
Cached:           692008 kB
MemTotal:        1844596 kB
MemFree:          916120 kB
MemAvailable:    1540228 kB
Buffers:           38208 kB
Cached:           692008 kB
MemTotal:        1844596 kB
MemFree:          917568 kB
MemAvailable:    1541676 kB
Buffers:           38208 kB
Cached:           692008 kB
MemTotal:        1844596 kB
MemFree:          917104 kB
MemAvailable:    1541212 kB
Buffers:           38208 kB
Cached:           692008 kB
MemTotal:        1844596 kB
MemFree:          917104 kB
MemAvailable:    1541212 kB
Buffers:           38208 kB
Cached:           692008 kB
MemTotal:        1844596 kB
MemFree:          916060 kB
MemAvailable:    1540168 kB
Buffers:           38208 kB
Cached:           692008 kB
MemTotal:        1844596 kB
MemFree:          914964 kB
MemAvailable:    1539072 kB
Buffers:           38208 kB
Cached:           692008 kB
MemTotal:        1844596 kB
MemFree:          914276 kB
MemAvailable:    1538384 kB
Buffers:           38208 kB
Cached:           692008 kB
MemTotal:        1844596 kB
MemFree:          914892 kB
MemAvailable:    1539000 kB
Buffers:           38208 kB
Cached:           692008 kB
MemTotal:        1844596 kB
MemFree:          915020 kB
MemAvailable:    1539128 kB
Buffers:           38208 kB
Cached:           692008 kB
MemTotal:        1844596 kB
MemFree:          914932 kB
MemAvailable:    1539040 kB
Buffers:           38208 kB
Cached:           692008 kB
MemTotal:        1844596 kB
MemFree:          915080 kB
MemAvailable:    1539188 kB
Buffers:           38208 kB
Cached:           692008 kB
MemTotal:        1844596 kB
MemFree:          914872 kB
MemAvailable:    1538980 kB
Buffers:           38208 kB
Cached:           692008 kB
MemTotal:        1844596 kB
MemFree:          914888 kB
MemAvailable:    1538996 kB
Buffers:           38208 kB
Cached:           692008 kB
MemTotal:        1844596 kB
MemFree:          914824 kB
MemAvailable:    1538932 kB
Buffers:           38208 kB
Cached:           692008 kB
MemTotal:        1844596 kB
MemFree:          915080 kB
MemAvailable:    1539188 kB
Buffers:           38208 kB
Cached:           692008 kB
MemTotal:        1844596 kB
MemFree:          916184 kB
MemAvailable:    1540292 kB
Buffers:           38208 kB
Cached:           692008 kB
MemTotal:        1844596 kB
MemFree:          916184 kB
MemAvailable:    1540292 kB
Buffers:           38208 kB
Cached:           692008 kB
MemTotal:        1844596 kB
MemFree:          914984 kB
MemAvailable:    1539092 kB
Buffers:           38208 kB
Cached:           692008 kB
MemTotal:        1844596 kB
MemFree:          914624 kB
MemAvailable:    1538732 kB
Buffers:           38208 kB
Cached:           692008 kB
MemTotal:        1844596 kB
MemFree:          914624 kB
MemAvailable:    1538732 kB
Buffers:           38208 kB
Cached:           692008 kB
MemTotal:        1844596 kB
MemFree:          912524 kB
MemAvailable:    1536632 kB
Buffers:           38208 kB
Cached:           692008 kB
MemTotal:        1844596 kB
MemFree:          912860 kB
MemAvailable:    1536968 kB
Buffers:           38208 kB
Cached:           692008 kB
MemTotal:        1844596 kB
MemFree:          911780 kB
MemAvailable:    1535888 kB
Buffers:           38208 kB
Cached:           692008 kB
MemTotal:        1844596 kB
MemFree:          911864 kB
MemAvailable:    1535972 kB
Buffers:           38208 kB
Cached:           692008 kB
MemTotal:        1844596 kB
MemFree:          911532 kB
MemAvailable:    1535640 kB
Buffers:           38208 kB
Cached:           692008 kB
MemTotal:        1844596 kB
MemFree:          909804 kB
MemAvailable:    1533912 kB
Buffers:           38208 kB
Cached:           692008 kB
MemTotal:        1844596 kB
MemFree:          909804 kB
MemAvailable:    1533912 kB
Buffers:           38208 kB
Cached:           692008 kB
MemTotal:        1844596 kB
MemFree:          910624 kB
MemAvailable:    1534736 kB
Buffers:           38208 kB
Cached:           692012 kB
MemTotal:        1844596 kB
MemFree:          910880 kB
MemAvailable:    1534992 kB
Buffers:           38208 kB
Cached:           692012 kB
MemTotal:        1844596 kB
MemFree:          910796 kB
MemAvailable:    1534908 kB
Buffers:           38208 kB
Cached:           692012 kB
MemTotal:        1844596 kB
MemFree:          909928 kB
MemAvailable:    1534040 kB
Buffers:           38208 kB
Cached:           692012 kB
MemTotal:        1844596 kB
MemFree:          910912 kB
MemAvailable:    1535024 kB
Buffers:           38208 kB
Cached:           692012 kB
MemTotal:        1844596 kB
MemFree:          910912 kB
MemAvailable:    1535024 kB
Buffers:           38208 kB
Cached:           692012 kB
MemTotal:        1844596 kB
MemFree:          909416 kB
MemAvailable:    1533528 kB
Buffers:           38208 kB
Cached:           692012 kB
MemTotal:        1844596 kB
MemFree:          909432 kB
MemAvailable:    1533544 kB
Buffers:           38208 kB
Cached:           692012 kB
MemTotal:        1844596 kB
MemFree:          908936 kB
MemAvailable:    1533048 kB
Buffers:           38208 kB
Cached:           692012 kB
MemTotal:        1844596 kB
MemFree:          910168 kB
MemAvailable:    1534280 kB
Buffers:           38208 kB
Cached:           692012 kB
MemTotal:        1844596 kB
MemFree:          908416 kB
MemAvailable:    1532528 kB
Buffers:           38208 kB
Cached:           692012 kB
MemTotal:        1844596 kB
MemFree:          909932 kB
MemAvailable:    1534044 kB
Buffers:           38208 kB
Cached:           692012 kB
MemTotal:        1844596 kB
MemFree:          908500 kB
MemAvailable:    1532612 kB
Buffers:           38208 kB
Cached:           692012 kB
MemTotal:        1844596 kB
MemFree:          908748 kB
MemAvailable:    1532860 kB
Buffers:           38208 kB
Cached:           692012 kB
MemTotal:        1844596 kB
MemFree:          908624 kB
MemAvailable:    1532736 kB
Buffers:           38208 kB
Cached:           692012 kB
MemTotal:        1844596 kB
MemFree:          909636 kB
MemAvailable:    1533748 kB
Buffers:           38208 kB
Cached:           692012 kB
MemTotal:        1844596 kB
MemFree:          909720 kB
MemAvailable:    1533832 kB
Buffers:           38208 kB
Cached:           692012 kB
MemTotal:        1844596 kB
MemFree:          909820 kB
MemAvailable:    1533932 kB
Buffers:           38208 kB
Cached:           692012 kB
MemTotal:        1844596 kB
MemFree:          909756 kB
MemAvailable:    1533868 kB
Buffers:           38208 kB
Cached:           692012 kB
MemTotal:        1844596 kB
MemFree:          909756 kB
MemAvailable:    1533868 kB
Buffers:           38208 kB
Cached:           692012 kB
MemTotal:        1844596 kB
MemFree:          909732 kB
MemAvailable:    1533844 kB
Buffers:           38208 kB
Cached:           692012 kB
MemTotal:        1844596 kB
MemFree:          908316 kB
MemAvailable:    1532428 kB
Buffers:           38208 kB
Cached:           692012 kB
MemTotal:        1844596 kB
MemFree:          908176 kB
MemAvailable:    1532288 kB
Buffers:           38208 kB
Cached:           692012 kB
MemTotal:        1844596 kB
MemFree:          909352 kB
MemAvailable:    1533464 kB
Buffers:           38208 kB
Cached:           692012 kB
MemTotal:        1844596 kB
MemFree:          908068 kB
MemAvailable:    1532180 kB
Buffers:           38208 kB
Cached:           692012 kB
MemTotal:        1844596 kB
MemFree:          908804 kB
MemAvailable:    1532920 kB
Buffers:           38208 kB
Cached:           692016 kB
MemTotal:        1844596 kB
MemFree:          909140 kB
MemAvailable:    1533256 kB
Buffers:           38208 kB
Cached:           692016 kB
MemTotal:        1844596 kB
MemFree:          907564 kB
MemAvailable:    1531680 kB
Buffers:           38208 kB
Cached:           692016 kB
MemTotal:        1844596 kB
MemFree:          907556 kB
MemAvailable:    1531672 kB
Buffers:           38208 kB
Cached:           692016 kB
MemTotal:        1844596 kB
MemFree:          907688 kB
MemAvailable:    1531804 kB
Buffers:           38208 kB
Cached:           692016 kB
MemTotal:        1844596 kB
MemFree:          908864 kB
MemAvailable:    1532980 kB
Buffers:           38208 kB
Cached:           692016 kB
MemTotal:        1844596 kB
MemFree:          908816 kB
MemAvailable:    1532932 kB
Buffers:           38208 kB
Cached:           692016 kB
MemTotal:        1844596 kB
MemFree:          907552 kB
MemAvailable:    1531668 kB
Buffers:           38208 kB
Cached:           692016 kB
MemTotal:        1844596 kB
MemFree:          907552 kB
MemAvailable:    1531668 kB
Buffers:           38208 kB
Cached:           692016 kB
MemTotal:        1844596 kB
MemFree:          908432 kB
MemAvailable:    1532548 kB
Buffers:           38208 kB
Cached:           692016 kB
MemTotal:        1844596 kB
MemFree:          908432 kB
MemAvailable:    1532548 kB
Buffers:           38208 kB
Cached:           692016 kB
MemTotal:        1844596 kB
MemFree:          905332 kB
MemAvailable:    1529448 kB
Buffers:           38208 kB
Cached:           692016 kB
MemTotal:        1844596 kB
MemFree:          902852 kB
MemAvailable:    1526968 kB
Buffers:           38208 kB
Cached:           692016 kB
MemTotal:        1844596 kB
MemFree:          902852 kB
MemAvailable:    1526968 kB
Buffers:           38208 kB
Cached:           692016 kB
MemTotal:        1844596 kB
MemFree:          901364 kB
MemAvailable:    1525480 kB
Buffers:           38208 kB
Cached:           692016 kB
MemTotal:        1844596 kB
MemFree:          900884 kB
MemAvailable:    1525000 kB
Buffers:           38208 kB
Cached:           692016 kB
MemTotal:        1844596 kB
MemFree:          900992 kB
MemAvailable:    1525108 kB
Buffers:           38208 kB
Cached:           692016 kB
MemTotal:        1844596 kB
MemFree:          900920 kB
MemAvailable:    1525036 kB
Buffers:           38208 kB
Cached:           692016 kB
MemTotal:        1844596 kB
MemFree:          900008 kB
MemAvailable:    1524124 kB
Buffers:           38208 kB
Cached:           692016 kB
MemTotal:        1844596 kB
MemFree:          900724 kB
MemAvailable:    1524840 kB
Buffers:           38208 kB
Cached:           692016 kB
MemTotal:        1844596 kB
MemFree:          900976 kB
MemAvailable:    1525092 kB
Buffers:           38208 kB
Cached:           692016 kB
MemTotal:        1844596 kB
MemFree:          900780 kB
MemAvailable:    1524896 kB
Buffers:           38208 kB
Cached:           692016 kB
MemTotal:        1844596 kB
MemFree:          900780 kB
MemAvailable:    1524896 kB
Buffers:           38208 kB
Cached:           692016 kB
MemTotal:        1844596 kB
MemFree:          900916 kB
MemAvailable:    1525032 kB
Buffers:           38208 kB
Cached:           692016 kB
MemTotal:        1844596 kB
MemFree:          900876 kB
MemAvailable:    1524992 kB
Buffers:           38208 kB
Cached:           692016 kB
MemTotal:        1844596 kB
MemFree:          900804 kB
MemAvailable:    1524920 kB
Buffers:           38208 kB
Cached:           692016 kB
MemTotal:        1844596 kB
MemFree:          901056 kB
MemAvailable:    1525172 kB
Buffers:           38208 kB
Cached:           692016 kB
MemTotal:        1844596 kB
MemFree:          900828 kB
MemAvailable:    1524944 kB
Buffers:           38208 kB
Cached:           692016 kB
MemTotal:        1844596 kB
MemFree:          899696 kB
MemAvailable:    1523812 kB
Buffers:           38208 kB
Cached:           692016 kB
MemTotal:        1844596 kB
MemFree:          899616 kB
MemAvailable:    1523732 kB
Buffers:           38208 kB
Cached:           692016 kB
MemTotal:        1844596 kB
MemFree:          900240 kB
MemAvailable:    1524356 kB
Buffers:           38208 kB
Cached:           692016 kB
MemTotal:        1844596 kB
MemFree:          900240 kB
MemAvailable:    1524356 kB
Buffers:           38208 kB
Cached:           692016 kB
MemTotal:        1844596 kB
MemFree:          899952 kB
MemAvailable:    1524068 kB
Buffers:           38208 kB
Cached:           692016 kB
MemTotal:        1844596 kB
MemFree:          899696 kB
MemAvailable:    1523812 kB
Buffers:           38208 kB
Cached:           692016 kB
MemTotal:        1844596 kB
MemFree:          898148 kB
MemAvailable:    1522264 kB
Buffers:           38208 kB
Cached:           692016 kB
MemTotal:        1844596 kB
MemFree:          899124 kB
MemAvailable:    1523240 kB
Buffers:           38208 kB
Cached:           692016 kB
MemTotal:        1844596 kB
MemFree:          899124 kB
MemAvailable:    1523240 kB
Buffers:           38208 kB
Cached:           692016 kB
MemTotal:        1844596 kB
MemFree:          898140 kB
MemAvailable:    1522256 kB
Buffers:           38208 kB
Cached:           692016 kB
MemTotal:        1844596 kB
MemFree:          897944 kB
MemAvailable:    1522060 kB
Buffers:           38208 kB
Cached:           692016 kB
MemTotal:        1844596 kB
MemFree:          897032 kB
MemAvailable:    1521148 kB
Buffers:           38208 kB
Cached:           692016 kB
MemTotal:        1844596 kB
MemFree:          896612 kB
MemAvailable:    1520728 kB
Buffers:           38208 kB
Cached:           692016 kB
MemTotal:        1844596 kB
MemFree:          897580 kB
MemAvailable:    1521696 kB
Buffers:           38208 kB
Cached:           692016 kB
MemTotal:        1844596 kB
MemFree:          897256 kB
MemAvailable:    1521372 kB
Buffers:           38208 kB
Cached:           692016 kB
MemTotal:        1844596 kB
MemFree:          897508 kB
MemAvailable:    1521624 kB
Buffers:           38208 kB
Cached:           692016 kB
MemTotal:        1844596 kB
MemFree:          895900 kB
MemAvailable:    1520016 kB
Buffers:           38208 kB
Cached:           692016 kB
MemTotal:        1844596 kB
MemFree:          897008 kB
MemAvailable:    1521124 kB
Buffers:           38208 kB
Cached:           692016 kB
MemTotal:        1844596 kB
MemFree:          897092 kB
MemAvailable:    1521208 kB
Buffers:           38208 kB
Cached:           692016 kB
MemTotal:        1844596 kB
MemFree:          895604 kB
MemAvailable:    1519720 kB
Buffers:           38208 kB
Cached:           692016 kB
MemTotal:        1844596 kB
MemFree:          897240 kB
MemAvailable:    1521356 kB
Buffers:           38208 kB
Cached:           692016 kB
MemTotal:        1844596 kB
MemFree:          897136 kB
MemAvailable:    1521252 kB
Buffers:           38208 kB
Cached:           692016 kB
MemTotal:        1844596 kB
MemFree:          896900 kB
MemAvailable:    1521016 kB
Buffers:           38208 kB
Cached:           692016 kB
MemTotal:        1844596 kB
MemFree:          897236 kB
MemAvailable:    1521352 kB
Buffers:           38208 kB
Cached:           692016 kB
MemTotal:        1844596 kB
MemFree:          896900 kB
MemAvailable:    1521016 kB
Buffers:           38208 kB
Cached:           692016 kB
MemTotal:        1844596 kB
MemFree:          896720 kB
MemAvailable:    1520836 kB
Buffers:           38208 kB
Cached:           692016 kB
MemTotal:        1844596 kB
MemFree:          896336 kB
MemAvailable:    1520452 kB
Buffers:           38208 kB
Cached:           692016 kB
MemTotal:        1844596 kB
MemFree:          896288 kB
MemAvailable:    1520404 kB
Buffers:           38208 kB
Cached:           692016 kB
MemTotal:        1844596 kB
MemFree:          891692 kB
MemAvailable:    1515816 kB
Buffers:           38208 kB
Cached:           692024 kB
MemTotal:        1844596 kB
MemFree:          891948 kB
MemAvailable:    1516072 kB
Buffers:           38208 kB
Cached:           692024 kB
MemTotal:        1844596 kB
MemFree:          891436 kB
MemAvailable:    1515560 kB
Buffers:           38208 kB
Cached:           692024 kB
MemTotal:        1844596 kB
MemFree:          891436 kB
MemAvailable:    1515560 kB
Buffers:           38208 kB
Cached:           692024 kB
MemTotal:        1844596 kB
MemFree:          891132 kB
MemAvailable:    1515256 kB
Buffers:           38208 kB
Cached:           692024 kB
MemTotal:        1844596 kB
MemFree:          891384 kB
MemAvailable:    1515508 kB
Buffers:           38208 kB
Cached:           692024 kB
MemTotal:        1844596 kB
MemFree:          891308 kB
MemAvailable:    1515432 kB
Buffers:           38208 kB
Cached:           692024 kB
MemTotal:        1844596 kB
MemFree:          891128 kB
MemAvailable:    1515252 kB
Buffers:           38208 kB
Cached:           692024 kB
MemTotal:        1844596 kB
MemFree:          890964 kB
MemAvailable:    1515088 kB
Buffers:           38208 kB
Cached:           692024 kB
MemTotal:        1844596 kB
MemFree:          890808 kB
MemAvailable:    1514932 kB
Buffers:           38208 kB
Cached:           692024 kB
MemTotal:        1844596 kB
MemFree:          891144 kB
MemAvailable:    1515268 kB
Buffers:           38208 kB
Cached:           692024 kB
MemTotal:        1844596 kB
MemFree:          890816 kB
MemAvailable:    1514940 kB
Buffers:           38208 kB
Cached:           692024 kB
MemTotal:        1844596 kB
MemFree:          890192 kB
MemAvailable:    1514316 kB
Buffers:           38208 kB
Cached:           692024 kB
MemTotal:        1844596 kB
MemFree:          889104 kB
MemAvailable:    1513228 kB
Buffers:           38208 kB
Cached:           692024 kB
MemTotal:        1844596 kB
MemFree:          886732 kB
MemAvailable:    1510856 kB
Buffers:           38208 kB
Cached:           692024 kB
MemTotal:        1844596 kB
MemFree:          886608 kB
MemAvailable:    1510732 kB
Buffers:           38208 kB
Cached:           692024 kB
MemTotal:        1844596 kB
MemFree:          887792 kB
MemAvailable:    1511916 kB
Buffers:           38208 kB
Cached:           692024 kB
MemTotal:        1844596 kB
MemFree:          887112 kB
MemAvailable:    1511236 kB
Buffers:           38208 kB
Cached:           692024 kB
MemTotal:        1844596 kB
MemFree:          887896 kB
MemAvailable:    1512020 kB
Buffers:           38208 kB
Cached:           692024 kB
MemTotal:        1844596 kB
MemFree:          888024 kB
MemAvailable:    1512148 kB
Buffers:           38208 kB
Cached:           692024 kB
MemTotal:        1844596 kB
MemFree:          887236 kB
MemAvailable:    1511360 kB
Buffers:           38208 kB
Cached:           692024 kB
MemTotal:        1844596 kB
MemFree:          888540 kB
MemAvailable:    1512664 kB
Buffers:           38208 kB
Cached:           692024 kB
MemTotal:        1844596 kB
MemFree:          889648 kB
MemAvailable:    1513856 kB
Buffers:           38208 kB
Cached:           692148 kB
MemTotal:        1844596 kB
MemFree:          889468 kB
MemAvailable:    1513676 kB
Buffers:           38208 kB
Cached:           692148 kB
MemTotal:        1844596 kB
MemFree:          888288 kB
MemAvailable:    1512496 kB
Buffers:           38208 kB
Cached:           692272 kB
MemTotal:        1844596 kB
MemFree:          888420 kB
MemAvailable:    1512796 kB
Buffers:           38208 kB
Cached:           692396 kB
MemTotal:        1844596 kB
MemFree:          889528 kB
MemAvailable:    1514156 kB
Buffers:           38208 kB
Cached:           692520 kB
MemTotal:        1844596 kB
MemFree:          889396 kB
MemAvailable:    1514024 kB
Buffers:           38208 kB
Cached:           692644 kB
MemTotal:        1844596 kB
MemFree:          889140 kB
MemAvailable:    1513768 kB
Buffers:           38208 kB
Cached:           692644 kB
MemTotal:        1844596 kB
MemFree:          888104 kB
MemAvailable:    1512816 kB
Buffers:           38208 kB
Cached:           692644 kB
MemTotal:        1844596 kB
MemFree:          889028 kB
MemAvailable:    1513740 kB
Buffers:           38208 kB
Cached:           692644 kB
MemTotal:        1844596 kB
MemFree:          889280 kB
MemAvailable:    1513992 kB
Buffers:           38208 kB
Cached:           692644 kB
MemTotal:        1844596 kB
MemFree:          887800 kB
MemAvailable:    1512512 kB
Buffers:           38208 kB
Cached:           692644 kB
MemTotal:        1844596 kB
MemFree:          889160 kB
MemAvailable:    1513872 kB
Buffers:           38208 kB
Cached:           692644 kB
MemTotal:        1844596 kB
MemFree:          889160 kB
MemAvailable:    1513872 kB
Buffers:           38208 kB
Cached:           692644 kB
MemTotal:        1844596 kB
MemFree:          889420 kB
MemAvailable:    1513544 kB
Buffers:           38208 kB
Cached:           692012 kB
MemTotal:        1844596 kB
MemFree:          888840 kB
MemAvailable:    1512964 kB
Buffers:           38208 kB
Cached:           692012 kB
MemTotal:        1844596 kB
MemFree:          951176 kB
MemAvailable:    1575384 kB
Buffers:           38208 kB
Cached:           692012 kB
