MemTotal:        1844596 kB
MemFree:          671700 kB
MemAvailable:    1527456 kB
Buffers:           63852 kB
Cached:           889676 kB
MemTotal:        1844596 kB
MemFree:          669708 kB
MemAvailable:    1525464 kB
Buffers:           63852 kB
Cached:           889676 kB
MemTotal:        1844596 kB
MemFree:          667708 kB
MemAvailable:    1523464 kB
Buffers:           63852 kB
Cached:           889676 kB
MemTotal:        1844596 kB
MemFree:          667476 kB
MemAvailable:    1523232 kB
Buffers:           63852 kB
Cached:           889676 kB
MemTotal:        1844596 kB
MemFree:          667408 kB
MemAvailable:    1523164 kB
Buffers:           63852 kB
Cached:           889676 kB
MemTotal:        1844596 kB
MemFree:          665988 kB
MemAvailable:    1521744 kB
Buffers:           63852 kB
Cached:           889676 kB
MemTotal:        1844596 kB
MemFree:          663624 kB
MemAvailable:    1519380 kB
Buffers:           63852 kB
Cached:           889676 kB
MemTotal:        1844596 kB
MemFree:          663624 kB
MemAvailable:    1519380 kB
Buffers:           63852 kB
Cached:           889676 kB
MemTotal:        1844596 kB
MemFree:          659532 kB
MemAvailable:    1515288 kB
Buffers:           63852 kB
Cached:           889676 kB
MemTotal:        1844596 kB
MemFree:          655688 kB
MemAvailable:    1511444 kB
Buffers:           63852 kB
Cached:           889676 kB
MemTotal:        1844596 kB
MemFree:          657760 kB
MemAvailable:    1513516 kB
Buffers:           63852 kB
Cached:           889676 kB
MemTotal:        1844596 kB
MemFree:          658008 kB
MemAvailable:    1513764 kB
Buffers:           63852 kB
Cached:           889676 kB
MemTotal:        1844596 kB
MemFree:          656432 kB
MemAvailable:    1512188 kB
Buffers:           63852 kB
Cached:           889676 kB
MemTotal:        1844596 kB
MemFree:          657732 kB
MemAvailable:    1513488 kB
Buffers:           63852 kB
Cached:           889676 kB
MemTotal:        1844596 kB
MemFree:          656556 kB
MemAvailable:    1512312 kB
Buffers:           63852 kB
Cached:           889676 kB
MemTotal:        1844596 kB
MemFree:          656440 kB
MemAvailable:    1512196 kB
Buffers:           63852 kB
Cached:           889676 kB
MemTotal:        1844596 kB
MemFree:          655804 kB
MemAvailable:    1511560 kB
Buffers:           63852 kB
Cached:           889676 kB
MemTotal:        1844596 kB
MemFree:          655696 kB
MemAvailable:    1511452 kB
Buffers:           63852 kB
Cached:           889676 kB
MemTotal:        1844596 kB
MemFree:          654400 kB
MemAvailable:    1510156 kB
Buffers:           63852 kB
Cached:           889676 kB
MemTotal:        1844596 kB
MemFree:          655632 kB
MemAvailable:    1511392 kB
Buffers:           63852 kB
Cached:           889680 kB
MemTotal:        1844596 kB
MemFree:          654332 kB
MemAvailable:    1510092 kB
Buffers:           63852 kB
Cached:           889680 kB
MemTotal:        1844596 kB
MemFree:          653940 kB
MemAvailable:    1509700 kB
Buffers:           63852 kB
Cached:           889680 kB
MemTotal:        1844596 kB
MemFree:          653940 kB
MemAvailable:    1509700 kB
Buffers:           63852 kB
Cached:           889680 kB
MemTotal:        1844596 kB
MemFree:          655272 kB
MemAvailable:    1511032 kB
Buffers:           63852 kB
Cached:           889680 kB
MemTotal:        1844596 kB
MemFree:          653900 kB
MemAvailable:    1509660 kB
Buffers:           63852 kB
Cached:           889680 kB
MemTotal:        1844596 kB
MemFree:          655384 kB
MemAvailable:    1511144 kB
Buffers:           63852 kB
Cached:           889680 kB
MemTotal:        1844596 kB
MemFree:          656564 kB
MemAvailable:    1512324 kB
Buffers:           63852 kB
Cached:           889680 kB
MemTotal:        1844596 kB
MemFree:          656688 kB
MemAvailable:    1512448 kB
Buffers:           63852 kB
Cached:           889680 kB
MemTotal:        1844596 kB
MemFree:          655688 kB
MemAvailable:    1511448 kB
Buffers:           63852 kB
Cached:           889680 kB
MemTotal:        1844596 kB
MemFree:          653572 kB
MemAvailable:    1509332 kB
Buffers:           63852 kB
Cached:           889680 kB
MemTotal:        1844596 kB
MemFree:          652720 kB
MemAvailable:    1508480 kB
Buffers:           63852 kB
Cached:           889680 kB
MemTotal:        1844596 kB
MemFree:          653156 kB
MemAvailable:    1508916 kB
Buffers:           63852 kB
Cached:           889680 kB
MemTotal:        1844596 kB
MemFree:          651224 kB
MemAvailable:    1506984 kB
Buffers:           63852 kB
Cached:           889680 kB
MemTotal:        1844596 kB
MemFree:          651836 kB
MemAvailable:    1507596 kB
Buffers:           63852 kB
Cached:           889680 kB
MemTotal:        1844596 kB
MemFree:          651672 kB
MemAvailable:    1507432 kB
Buffers:           63852 kB
Cached:           889680 kB
MemTotal:        1844596 kB
MemFree:          651356 kB
MemAvailable:    1507116 kB
Buffers:           63852 kB
Cached:           889680 kB
MemTotal:        1844596 kB
MemFree:          650108 kB
MemAvailable:    1505868 kB
Buffers:           63852 kB
Cached:           889680 kB
MemTotal:        1844596 kB
MemFree:          650108 kB
MemAvailable:    1505868 kB
Buffers:           63852 kB
Cached:           889680 kB
MemTotal:        1844596 kB
MemFree:          651152 kB
MemAvailable:    1506912 kB
Buffers:           63852 kB
Cached:           889680 kB
MemTotal:        1844596 kB
MemFree:          651216 kB
MemAvailable:    1506976 kB
Buffers:           63852 kB
Cached:           889680 kB
MemTotal:        1844596 kB
MemFree:          651052 kB
MemAvailable:    1506812 kB
Buffers:           63852 kB
Cached:           889680 kB
MemTotal:        1844596 kB
MemFree:          649744 kB
MemAvailable:    1505504 kB
Buffers:           63852 kB
Cached:           889680 kB
MemTotal:        1844596 kB
MemFree:          650356 kB
MemAvailable:    1506116 kB
Buffers:           63852 kB
Cached:           889680 kB
MemTotal:        1844596 kB
MemFree:          650356 kB
MemAvailable:    1506116 kB
Buffers:           63852 kB
Cached:           889680 kB
MemTotal:        1844596 kB
MemFree:          648696 kB
MemAvailable:    1504456 kB
Buffers:           63852 kB
Cached:           889680 kB
MemTotal:        1844596 kB
MemFree:          650232 kB
MemAvailable:    1505996 kB
Buffers:           63852 kB
Cached:           889684 kB
MemTotal:        1844596 kB
MemFree:          650160 kB
MemAvailable:    1505924 kB
Buffers:           63852 kB
Cached:           889684 kB
MemTotal:        1844596 kB
MemFree:          649960 kB
MemAvailable:    1505724 kB
Buffers:           63852 kB
Cached:           889684 kB
MemTotal:        1844596 kB
MemFree:          650296 kB
MemAvailable:    1506060 kB
Buffers:           63852 kB
Cached:           889684 kB
MemTotal:        1844596 kB
MemFree:          650080 kB
MemAvailable:    1505844 kB
Buffers:           63852 kB
Cached:           889684 kB
MemTotal:        1844596 kB
MemFree:          650332 kB
MemAvailable:    1506096 kB
Buffers:           63852 kB
Cached:           889684 kB
MemTotal:        1844596 kB
MemFree:          650156 kB
MemAvailable:    1505920 kB
Buffers:           63852 kB
Cached:           889684 kB
MemTotal:        1844596 kB
MemFree:          648980 kB
MemAvailable:    1504744 kB
Buffers:           63852 kB
Cached:           889684 kB
MemTotal:        1844596 kB
MemFree:          650096 kB
MemAvailable:    1505860 kB
Buffers:           63852 kB
Cached:           889684 kB
MemTotal:        1844596 kB
MemFree:          649700 kB
MemAvailable:    1505464 kB
Buffers:           63852 kB
Cached:           889684 kB
MemTotal:        1844596 kB
MemFree:          649620 kB
MemAvailable:    1505384 kB
Buffers:           63852 kB
Cached:           889684 kB
MemTotal:        1844596 kB
MemFree:          648448 kB
MemAvailable:    1504212 kB
Buffers:           63852 kB
Cached:           889684 kB
MemTotal:        1844596 kB
MemFree:          648316 kB
MemAvailable:    1504080 kB
Buffers:           63852 kB
Cached:           889684 kB
MemTotal:        1844596 kB
MemFree:          648192 kB
MemAvailable:    1503956 kB
Buffers:           63852 kB
Cached:           889684 kB
MemTotal:        1844596 kB
MemFree:          649292 kB
MemAvailable:    1505056 kB
Buffers:           63852 kB
Cached:           889684 kB
MemTotal:        1844596 kB
MemFree:          648752 kB
MemAvailable:    1504516 kB
Buffers:           63852 kB
Cached:           889684 kB
MemTotal:        1844596 kB
MemFree:          647828 kB
MemAvailable:    1503592 kB
Buffers:           63852 kB
Cached:           889684 kB
MemTotal:        1844596 kB
MemFree:          649128 kB
MemAvailable:    1504892 kB
Buffers:           63852 kB
Cached:           889684 kB
MemTotal:        1844596 kB
MemFree:          648504 kB
MemAvailable:    1504268 kB
Buffers:           63852 kB
Cached:           889684 kB
MemTotal:        1844596 kB
MemFree:          649180 kB
MemAvailable:    1504944 kB
Buffers:           63852 kB
Cached:           889684 kB
MemTotal:        1844596 kB
MemFree:          649248 kB
MemAvailable:    1505012 kB
Buffers:           63852 kB
Cached:           889684 kB
MemTotal:        1844596 kB
MemFree:          648984 kB
MemAvailable:    1504748 kB
Buffers:           63852 kB
Cached:           889684 kB
MemTotal:        1844596 kB
MemFree:          647868 kB
MemAvailable:    1503632 kB
Buffers:           63852 kB
Cached:           889684 kB
MemTotal:        1844596 kB
MemFree:          647200 kB
MemAvailable:    1502964 kB
Buffers:           63852 kB
Cached:           889684 kB
MemTotal:        1844596 kB
MemFree:          645404 kB
MemAvailable:    1501168 kB
Buffers:           63852 kB
Cached:           889684 kB
MemTotal:        1844596 kB
MemFree:          643348 kB
MemAvailable:    1499112 kB
Buffers:           63852 kB
Cached:           889684 kB
MemTotal:        1844596 kB
MemFree:          641544 kB
MemAvailable:    1497308 kB
Buffers:           63852 kB
Cached:           889684 kB
MemTotal:        1844596 kB
MemFree:          641628 kB
MemAvailable:    1497392 kB
Buffers:           63852 kB
Cached:           889684 kB
MemTotal:        1844596 kB
MemFree:          640056 kB
MemAvailable:    1495820 kB
Buffers:           63852 kB
Cached:           889684 kB
MemTotal:        1844596 kB
MemFree:          640216 kB
MemAvailable:    1496064 kB
Buffers:           63852 kB
Cached:           889684 kB
MemTotal:        1844596 kB
MemFree:          641124 kB
MemAvailable:    1496888 kB
Buffers:           63852 kB
Cached:           889684 kB
MemTotal:        1844596 kB
MemFree:          640004 kB
MemAvailable:    1495768 kB
Buffers:           63852 kB
Cached:           889684 kB
MemTotal:        1844596 kB
MemFree:          640004 kB
MemAvailable:    1495768 kB
Buffers:           63852 kB
Cached:           889684 kB
MemTotal:        1844596 kB
MemFree:          640568 kB
MemAvailable:    1496332 kB
Buffers:           63852 kB
Cached:           889684 kB
MemTotal:        1844596 kB
MemFree:          641128 kB
MemAvailable:    1496892 kB
Buffers:           63852 kB
Cached:           889684 kB
MemTotal:        1844596 kB
MemFree:          641380 kB
MemAvailable:    1497144 kB
Buffers:           63852 kB
Cached:           889684 kB
MemTotal:        1844596 kB
MemFree:          641168 kB
MemAvailable:    1496932 kB
Buffers:           63852 kB
Cached:           889684 kB
MemTotal:        1844596 kB
MemFree:          641308 kB
MemAvailable:    1497072 kB
Buffers:           63852 kB
Cached:           889684 kB
MemTotal:        1844596 kB
MemFree:          641092 kB
MemAvailable:    1496856 kB
Buffers:           63852 kB
Cached:           889684 kB
MemTotal:        1844596 kB
MemFree:          640000 kB
MemAvailable:    1495764 kB
Buffers:           63852 kB
Cached:           889684 kB
MemTotal:        1844596 kB
MemFree:          639768 kB
MemAvailable:    1495532 kB
Buffers:           63852 kB
Cached:           889684 kB
MemTotal:        1844596 kB
MemFree:          639892 kB
MemAvailable:    1495656 kB
Buffers:           63852 kB
Cached:           889684 kB
MemTotal:        1844596 kB
MemFree:          639452 kB
MemAvailable:    1495216 kB
Buffers:           63852 kB
Cached:           889684 kB
MemTotal:        1844596 kB
MemFree:          639940 kB
MemAvailable:    1495704 kB
Buffers:           63852 kB
Cached:           889684 kB
MemTotal:        1844596 kB
MemFree:          639940 kB
MemAvailable:    1495704 kB
Buffers:           63852 kB
Cached:           889684 kB
MemTotal:        1844596 kB
MemFree:          639560 kB
MemAvailable:    1495324 kB
Buffers:           63852 kB
Cached:           889684 kB
MemTotal:        1844596 kB
MemFree:          639816 kB
MemAvailable:    1495580 kB
Buffers:           63852 kB
Cached:           889684 kB
MemTotal:        1844596 kB
MemFree:          638320 kB
MemAvailable:    1494084 kB
Buffers:           63852 kB
Cached:           889684 kB
MemTotal:        1844596 kB
MemFree:          638156 kB
MemAvailable:    1493920 kB
Buffers:           63852 kB
Cached:           889684 kB
MemTotal:        1844596 kB
MemFree:          638172 kB
MemAvailable:    1493944 kB
Buffers:           63852 kB
Cached:           889692 kB
MemTotal:        1844596 kB
MemFree:          637892 kB
MemAvailable:    1493664 kB
Buffers:           63852 kB
Cached:           889692 kB
MemTotal:        1844596 kB
MemFree:          636584 kB
MemAvailable:    1492356 kB
Buffers:           63852 kB
Cached:           889692 kB
MemTotal:        1844596 kB
MemFree:          637568 kB
MemAvailable:    1493340 kB
Buffers:           63852 kB
Cached:           889692 kB
MemTotal:        1844596 kB
MemFree:          637228 kB
MemAvailable:    1493000 kB
Buffers:           63852 kB
Cached:           889692 kB
MemTotal:        1844596 kB
MemFree:          637328 kB
MemAvailable:    1493100 kB
Buffers:           63852 kB
Cached:           889692 kB
MemTotal:        1844596 kB
MemFree:          637104 kB
MemAvailable:    1492876 kB
Buffers:           63852 kB
Cached:           889692 kB
MemTotal:        1844596 kB
MemFree:          637224 kB
MemAvailable:    1492996 kB
Buffers:           63852 kB
Cached:           889692 kB
MemTotal:        1844596 kB
MemFree:          637352 kB
MemAvailable:    1493124 kB
Buffers:           63852 kB
Cached:           889692 kB
MemTotal:        1844596 kB
MemFree:          637204 kB
MemAvailable:    1492976 kB
Buffers:           63852 kB
Cached:           889692 kB
MemTotal:        1844596 kB
MemFree:          637456 kB
MemAvailable:    1493228 kB
Buffers:           63852 kB
Cached:           889692 kB
MemTotal:        1844596 kB
MemFree:          637200 kB
MemAvailable:    1492972 kB
Buffers:           63852 kB
Cached:           889692 kB
MemTotal:        1844596 kB
MemFree:          637456 kB
MemAvailable:    1493228 kB
Buffers:           63852 kB
Cached:           889692 kB
MemTotal:        1844596 kB
MemFree:          636840 kB
MemAvailable:    1492612 kB
Buffers:           63852 kB
Cached:           889692 kB
MemTotal:        1844596 kB
MemFree:          636112 kB
MemAvailable:    1491884 kB
Buffers:           63852 kB
Cached:           889692 kB
MemTotal:        1844596 kB
MemFree:          632988 kB
MemAvailable:    1488760 kB
Buffers:           63852 kB
Cached:           889692 kB
MemTotal:        1844596 kB
MemFree:          632828 kB
MemAvailable:    1488600 kB
Buffers:           63852 kB
Cached:           889692 kB
MemTotal:        1844596 kB
MemFree:          631748 kB
MemAvailable:    1487520 kB
Buffers:           63852 kB
Cached:           889692 kB
MemTotal:        1844596 kB
MemFree:          631832 kB
MemAvailable:    1487604 kB
Buffers:           63852 kB
Cached:           889692 kB
MemTotal:        1844596 kB
MemFree:          630124 kB
MemAvailable:    1485896 kB
Buffers:           63852 kB
Cached:           889692 kB
MemTotal:        1844596 kB
MemFree:          630128 kB
MemAvailable:    1485900 kB
Buffers:           63852 kB
Cached:           889692 kB
MemTotal:        1844596 kB
MemFree:          631360 kB
MemAvailable:    1487132 kB
Buffers:           63852 kB
Cached:           889692 kB
MemTotal:        1844596 kB
MemFree:          631616 kB
MemAvailable:    1487388 kB
Buffers:           63852 kB
Cached:           889692 kB
MemTotal:        1844596 kB
MemFree:          631180 kB
MemAvailable:    1486952 kB
Buffers:           63852 kB
Cached:           889692 kB
MemTotal:        1844596 kB
MemFree:          631516 kB
MemAvailable:    1487288 kB
Buffers:           63852 kB
Cached:           889692 kB
MemTotal:        1844596 kB
MemFree:          631240 kB
MemAvailable:    1487012 kB
Buffers:           63852 kB
Cached:           889692 kB
MemTotal:        1844596 kB
MemFree:          630648 kB
MemAvailable:    1486420 kB
Buffers:           63852 kB
Cached:           889692 kB
MemTotal:        1844596 kB
MemFree:          630648 kB
MemAvailable:    1486420 kB
Buffers:           63852 kB
Cached:           889692 kB
MemTotal:        1844596 kB
MemFree:          629160 kB
MemAvailable:    1484932 kB
Buffers:           63852 kB
Cached:           889692 kB
MemTotal:        1844596 kB
MemFree:          627672 kB
MemAvailable:    1483444 kB
Buffers:           63852 kB
Cached:           889692 kB
MemTotal:        1844596 kB
MemFree:          627300 kB
MemAvailable:    1483072 kB
Buffers:           63852 kB
Cached:           889692 kB
MemTotal:        1844596 kB
MemFree:          628276 kB
MemAvailable:    1484048 kB
Buffers:           63852 kB
Cached:           889692 kB
MemTotal:        1844596 kB
MemFree:          628360 kB
MemAvailable:    1484132 kB
Buffers:           63852 kB
Cached:           889692 kB
MemTotal:        1844596 kB
MemFree:          626872 kB
MemAvailable:    1482644 kB
Buffers:           63852 kB
Cached:           889692 kB
MemTotal:        1844596 kB
MemFree:          628164 kB
MemAvailable:    1483936 kB
Buffers:           63852 kB
Cached:           889692 kB
MemTotal:        1844596 kB
MemFree:          630212 kB
MemAvailable:    1485984 kB
Buffers:           63852 kB
Cached:           889692 kB
MemTotal:        1844596 kB
MemFree:          630104 kB
MemAvailable:    1485876 kB
Buffers:           63852 kB
Cached:           889692 kB
MemTotal:        1844596 kB
MemFree:          629160 kB
MemAvailable:    1484932 kB
Buffers:           63852 kB
Cached:           889692 kB
MemTotal:        1844596 kB
MemFree:          629716 kB
MemAvailable:    1485656 kB
Buffers:           63852 kB
Cached:           889940 kB
MemTotal:        1844596 kB
MemFree:          630052 kB
MemAvailable:    1485992 kB
Buffers:           63852 kB
Cached:           889940 kB
MemTotal:        1844596 kB
MemFree:          629776 kB
MemAvailable:    1485884 kB
Buffers:           63852 kB
Cached:           890064 kB
MemTotal:        1844596 kB
MemFree:          628220 kB
MemAvailable:    1484412 kB
Buffers:           63852 kB
Cached:           890188 kB
MemTotal:        1844596 kB
MemFree:          629520 kB
MemAvailable:    1485796 kB
Buffers:           63852 kB
Cached:           890188 kB
MemTotal:        1844596 kB
MemFree:          628212 kB
MemAvailable:    1484488 kB
Buffers:           63852 kB
Cached:           890188 kB
MemTotal:        1844596 kB
MemFree:          628460 kB
MemAvailable:    1484820 kB
Buffers:           63852 kB
Cached:           890312 kB
MemTotal:        1844596 kB
MemFree:          629436 kB
MemAvailable:    1485796 kB
Buffers:           63852 kB
Cached:           890312 kB
MemTotal:        1844596 kB
MemFree:          629436 kB
MemAvailable:    1485796 kB
Buffers:           63852 kB
Cached:           890312 kB
MemTotal:        1844596 kB
MemFree:          629548 kB
MemAvailable:    1485908 kB
Buffers:           63852 kB
Cached:           890312 kB
MemTotal:        1844596 kB
MemFree:          629260 kB
MemAvailable:    1485620 kB
Buffers:           63852 kB
Cached:           890312 kB
MemTotal:        1844596 kB
MemFree:          629428 kB
MemAvailable:    1485788 kB
Buffers:           63852 kB
Cached:           890312 kB
MemTotal:        1844596 kB
MemFree:          629516 kB
MemAvailable:    1485372 kB
Buffers:           63852 kB
Cached:           889720 kB
MemTotal:        1844596 kB
MemFree:          629516 kB
MemAvailable:    1485372 kB
Buffers:           63852 kB
Cached:           889720 kB
MemTotal:        1844596 kB
MemFree:          697248 kB
MemAvailable:    1553112 kB
Buffers:           63852 kB
Cached:           889696 kB
