MemTotal:        1844596 kB
MemFree:         1346100 kB
MemAvailable:    1558588 kB
Buffers:           47404 kB
Cached:           292428 kB
MemTotal:        1844596 kB
MemFree:         1345988 kB
MemAvailable:    1558476 kB
Buffers:           47404 kB
Cached:           292428 kB
MemTotal:        1844596 kB
MemFree:         1342260 kB
MemAvailable:    1554748 kB
Buffers:           47404 kB
Cached:           292428 kB
MemTotal:        1844596 kB
MemFree:         1341640 kB
MemAvailable:    1554128 kB
Buffers:           47404 kB
Cached:           292428 kB
MemTotal:        1844596 kB
MemFree:         1340776 kB
MemAvailable:    1553264 kB
Buffers:           47404 kB
Cached:           292428 kB
MemTotal:        1844596 kB
MemFree:         1340984 kB
MemAvailable:    1553472 kB
Buffers:           47404 kB
Cached:           292428 kB
MemTotal:        1844596 kB
MemFree:         1339912 kB
MemAvailable:    1552400 kB
Buffers:           47404 kB
Cached:           292428 kB
MemTotal:        1844596 kB
MemFree:         1338184 kB
MemAvailable:    1550672 kB
Buffers:           47404 kB
Cached:           292428 kB
MemTotal:        1844596 kB
MemFree:         1336304 kB
MemAvailable:    1548792 kB
Buffers:           47404 kB
Cached:           292428 kB
MemTotal:        1844596 kB
MemFree:         1334208 kB
MemAvailable:    1546696 kB
Buffers:           47404 kB
Cached:           292428 kB
MemTotal:        1844596 kB
MemFree:         1332268 kB
MemAvailable:    1544756 kB
Buffers:           47404 kB
Cached:           292428 kB
MemTotal:        1844596 kB
MemFree:         1332352 kB
MemAvailable:    1544840 kB
Buffers:           47404 kB
Cached:           292428 kB
MemTotal:        1844596 kB
MemFree:         1330908 kB
MemAvailable:    1543396 kB
Buffers:           47404 kB
Cached:           292428 kB
MemTotal:        1844596 kB
MemFree:         1332216 kB
MemAvailable:    1544704 kB
Buffers:           47404 kB
Cached:           292428 kB
MemTotal:        1844596 kB
MemFree:         1331736 kB
MemAvailable:    1544224 kB
Buffers:           47404 kB
Cached:           292428 kB
MemTotal:        1844596 kB
MemFree:         1332112 kB
MemAvailable:    1544600 kB
Buffers:           47404 kB
Cached:           292428 kB
MemTotal:        1844596 kB
MemFree:         1331980 kB
MemAvailable:    1544468 kB
Buffers:           47404 kB
Cached:           292428 kB
MemTotal:        1844596 kB
MemFree:         1331424 kB
MemAvailable:    1543912 kB
Buffers:           47404 kB
Cached:           292428 kB
MemTotal:        1844596 kB
MemFree:         1330744 kB
MemAvailable:    1543232 kB
Buffers:           47404 kB
Cached:           292428 kB
MemTotal:        1844596 kB
MemFree:         1329852 kB
MemAvailable:    1542340 kB
Buffers:           47404 kB
Cached:           292428 kB
MemTotal:        1844596 kB
MemFree:         1330000 kB
MemAvailable:    1542488 kB
Buffers:           47404 kB
Cached:           292428 kB
MemTotal:        1844596 kB
MemFree:         1329604 kB
MemAvailable:    1542092 kB
Buffers:           47404 kB
Cached:           292428 kB
MemTotal:        1844596 kB
MemFree:         1329688 kB
MemAvailable:    1542176 kB
Buffers:           47404 kB
Cached:           292428 kB
MemTotal:        1844596 kB
MemFree:         1329712 kB
MemAvailable:    1542200 kB
Buffers:           47404 kB
Cached:           292428 kB
MemTotal:        1844596 kB
MemFree:         1329796 kB
MemAvailable:    1542284 kB
Buffers:           47404 kB
Cached:           292428 kB
MemTotal:        1844596 kB
MemFree:         1329772 kB
MemAvailable:    1542260 kB
Buffers:           47404 kB
Cached:           292428 kB
MemTotal:        1844596 kB
MemFree:         1329772 kB
MemAvailable:    1542260 kB
Buffers:           47404 kB
Cached:           292428 kB
MemTotal:        1844596 kB
MemFree:         1328572 kB
MemAvailable:    1541060 kB
Buffers:           47404 kB
Cached:           292428 kB
MemTotal:        1844596 kB
MemFree:         1329000 kB
MemAvailable:    1541488 kB
Buffers:           47404 kB
Cached:           292428 kB
MemTotal:        1844596 kB
MemFree:         1330888 kB
MemAvailable:    1543376 kB
Buffers:           47404 kB
Cached:           292428 kB
MemTotal:        1844596 kB
MemFree:         1331224 kB
MemAvailable:    1543712 kB
Buffers:           47404 kB
Cached:           292428 kB
MemTotal:        1844596 kB
MemFree:         1330556 kB
MemAvailable:    1543044 kB
Buffers:           47404 kB
Cached:           292428 kB
MemTotal:        1844596 kB
MemFree:         1327744 kB
MemAvailable:    1540108 kB
Buffers:           47404 kB
Cached:           292428 kB
MemTotal:        1844596 kB
MemFree:         1327000 kB
MemAvailable:    1539488 kB
Buffers:           47404 kB
Cached:           292428 kB
MemTotal:        1844596 kB
MemFree:         1327456 kB
MemAvailable:    1539948 kB
Buffers:           47404 kB
Cached:           292432 kB
MemTotal:        1844596 kB
MemFree:         1326628 kB
MemAvailable:    1539120 kB
Buffers:           47404 kB
Cached:           292432 kB
MemTotal:        1844596 kB
MemFree:         1326964 kB
MemAvailable:    1539456 kB
Buffers:           47404 kB
Cached:           292432 kB
MemTotal:        1844596 kB
MemFree:         1325280 kB
MemAvailable:    1537772 kB
Buffers:           47404 kB
Cached:           292432 kB
MemTotal:        1844596 kB
MemFree:         1324668 kB
MemAvailable:    1537160 kB
Buffers:           47404 kB
Cached:           292432 kB
MemTotal:        1844596 kB
MemFree:         1325836 kB
MemAvailable:    1538328 kB
Buffers:           47404 kB
Cached:           292432 kB
MemTotal:        1844596 kB
MemFree:         1325776 kB
MemAvailable:    1538268 kB
Buffers:           47404 kB
Cached:           292432 kB
MemTotal:        1844596 kB
MemFree:         1324544 kB
MemAvailable:    1537036 kB
Buffers:           47404 kB
Cached:           292432 kB
MemTotal:        1844596 kB
MemFree:         1325972 kB
MemAvailable:    1538464 kB
Buffers:           47404 kB
Cached:           292432 kB
MemTotal:        1844596 kB
MemFree:         1324536 kB
MemAvailable:    1537028 kB
Buffers:           47404 kB
Cached:           292432 kB
MemTotal:        1844596 kB
MemFree:         1325272 kB
MemAvailable:    1537764 kB
Buffers:           47404 kB
Cached:           292432 kB
MemTotal:        1844596 kB
MemFree:         1325356 kB
MemAvailable:    1537848 kB
Buffers:           47404 kB
Cached:           292432 kB
MemTotal:        1844596 kB
MemFree:         1323924 kB
MemAvailable:    1536416 kB
Buffers:           47404 kB
Cached:           292432 kB
MemTotal:        1844596 kB
MemFree:         1324968 kB
MemAvailable:    1537460 kB
Buffers:           47404 kB
Cached:           292432 kB
MemTotal:        1844596 kB
MemFree:         1323496 kB
MemAvailable:    1535988 kB
Buffers:           47404 kB
Cached:           292432 kB
MemTotal:        1844596 kB
MemFree:         1324964 kB
MemAvailable:    1537456 kB
Buffers:           47404 kB
Cached:           292432 kB
MemTotal:        1844596 kB
MemFree:         1323616 kB
MemAvailable:    1536108 kB
Buffers:           47404 kB
Cached:           292432 kB
MemTotal:        1844596 kB
MemFree:         1325044 kB
MemAvailable:    1537536 kB
Buffers:           47404 kB
Cached:           292432 kB
MemTotal:        1844596 kB
MemFree:         1323652 kB
MemAvailable:    1536144 kB
Buffers:           47404 kB
Cached:           292432 kB
MemTotal:        1844596 kB
MemFree:         1324876 kB
MemAvailable:    1537368 kB
Buffers:           47404 kB
Cached:           292432 kB
MemTotal:        1844596 kB
MemFree:         1323388 kB
MemAvailable:    1535880 kB
Buffers:           47404 kB
Cached:           292432 kB
MemTotal:        1844596 kB
MemFree:         1323644 kB
MemAvailable:    1536136 kB
Buffers:           47404 kB
Cached:           292432 kB
MemTotal:        1844596 kB
MemFree:         1324820 kB
MemAvailable:    1537312 kB
Buffers:           47404 kB
Cached:           292432 kB
MemTotal:        1844596 kB
MemFree:         1324572 kB
MemAvailable:    1537064 kB
Buffers:           47404 kB
Cached:           292432 kB
MemTotal:        1844596 kB
MemFree:         1323428 kB
MemAvailable:    1535920 kB
Buffers:           47404 kB
Cached:           292432 kB
MemTotal:        1844596 kB
MemFree:         1323036 kB
MemAvailable:    1535528 kB
Buffers:           47404 kB
Cached:           292432 kB
MemTotal:        1844596 kB
MemFree:         1324344 kB
MemAvailable:    1536836 kB
Buffers:           47404 kB
Cached:           292432 kB
MemTotal:        1844596 kB
MemFree:         1324232 kB
MemAvailable:    1536724 kB
Buffers:           47404 kB
Cached:           292432 kB
MemTotal:        1844596 kB
MemFree:         1324232 kB
MemAvailable:    1536724 kB
Buffers:           47404 kB
Cached:           292432 kB
MemTotal:        1844596 kB
MemFree:         1323428 kB
MemAvailable:    1535920 kB
Buffers:           47404 kB
Cached:           292432 kB
MemTotal:        1844596 kB
MemFree:         1323972 kB
MemAvailable:    1536464 kB
Buffers:           47404 kB
Cached:           292432 kB
MemTotal:        1844596 kB
MemFree:         1322540 kB
MemAvailable:    1535032 kB
Buffers:           47404 kB
Cached:           292432 kB
MemTotal:        1844596 kB
MemFree:         1323840 kB
MemAvailable:    1536332 kB
Buffers:           47404 kB
Cached:           292432 kB
MemTotal:        1844596 kB
MemFree:         1324008 kB
MemAvailable:    1536500 kB
Buffers:           47404 kB
Cached:           292432 kB
MemTotal:        1844596 kB
MemFree:         1323296 kB
MemAvailable:    1535788 kB
Buffers:           47404 kB
Cached:           292432 kB
MemTotal:        1844596 kB
MemFree:         1323924 kB
MemAvailable:    1536416 kB
Buffers:           47404 kB
Cached:           292432 kB
MemTotal:        1844596 kB
MemFree:         1324092 kB
MemAvailable:    1536584 kB
Buffers:           47404 kB
Cached:           292432 kB
MemTotal:        1844596 kB
MemFree:         1322480 kB
MemAvailable:    1534972 kB
Buffers:           47404 kB
Cached:           292432 kB
MemTotal:        1844596 kB
MemFree:         1322604 kB
MemAvailable:    1535096 kB
Buffers:           47404 kB
Cached:           292432 kB
MemTotal:        1844596 kB
MemFree:         1323860 kB
MemAvailable:    1536364 kB
Buffers:           47404 kB
Cached:           292444 kB
MemTotal:        1844596 kB
MemFree:         1321816 kB
MemAvailable:    1534320 kB
Buffers:           47404 kB
Cached:           292444 kB
MemTotal:        1844596 kB
MemFree:         1320568 kB
MemAvailable:    1533072 kB
Buffers:           47404 kB
Cached:           292444 kB
MemTotal:        1844596 kB
MemFree:         1317328 kB
MemAvailable:    1529832 kB
Buffers:           47404 kB
Cached:           292444 kB
MemTotal:        1844596 kB
MemFree:         1317416 kB
MemAvailable:    1529920 kB
Buffers:           47404 kB
Cached:           292444 kB
MemTotal:        1844596 kB
MemFree:         1316220 kB
MemAvailable:    1528724 kB
Buffers:           47404 kB
Cached:           292444 kB
MemTotal:        1844596 kB
MemFree:         1316220 kB
MemAvailable:    1528724 kB
Buffers:           47404 kB
Cached:           292444 kB
MemTotal:        1844596 kB
MemFree:         1316032 kB
MemAvailable:    1528536 kB
Buffers:           47404 kB
Cached:           292444 kB
MemTotal:        1844596 kB
MemFree:         1315900 kB
MemAvailable:    1528404 kB
Buffers:           47404 kB
Cached:           292444 kB
MemTotal:        1844596 kB
MemFree:         1314724 kB
MemAvailable:    1527228 kB
Buffers:           47404 kB
Cached:           292444 kB
MemTotal:        1844596 kB
MemFree:         1315112 kB
MemAvailable:    1527616 kB
Buffers:           47404 kB
Cached:           292444 kB
MemTotal:        1844596 kB
MemFree:         1315120 kB
MemAvailable:    1527624 kB
Buffers:           47404 kB
Cached:           292444 kB
MemTotal:        1844596 kB
MemFree:         1315832 kB
MemAvailable:    1528336 kB
Buffers:           47404 kB
Cached:           292444 kB
MemTotal:        1844596 kB
MemFree:         1315980 kB
MemAvailable:    1528484 kB
Buffers:           47404 kB
Cached:           292444 kB
MemTotal:        1844596 kB
MemFree:         1316036 kB
MemAvailable:    1528540 kB
Buffers:           47404 kB
Cached:           292444 kB
MemTotal:        1844596 kB
MemFree:         1315864 kB
MemAvailable:    1528368 kB
Buffers:           47404 kB
Cached:           292444 kB
MemTotal:        1844596 kB
MemFree:         1315120 kB
MemAvailable:    1527624 kB
Buffers:           47404 kB
Cached:           292444 kB
MemTotal:        1844596 kB
MemFree:         1315912 kB
MemAvailable:    1528416 kB
Buffers:           47404 kB
Cached:           292444 kB
MemTotal:        1844596 kB
MemFree:         1315832 kB
MemAvailable:    1528336 kB
Buffers:           47404 kB
Cached:           292444 kB
MemTotal:        1844596 kB
MemFree:         1316084 kB
MemAvailable:    1528588 kB
Buffers:           47404 kB
Cached:           292444 kB
MemTotal:        1844596 kB
MemFree:         1316016 kB
MemAvailable:    1528520 kB
Buffers:           47404 kB
Cached:           292444 kB
MemTotal:        1844596 kB
MemFree:         1314872 kB
MemAvailable:    1527376 kB
Buffers:           47404 kB
Cached:           292444 kB
MemTotal:        1844596 kB
MemFree:         1315496 kB
MemAvailable:    1528000 kB
Buffers:           47404 kB
Cached:           292444 kB
MemTotal:        1844596 kB
MemFree:         1314972 kB
MemAvailable:    1527476 kB
Buffers:           47404 kB
Cached:           292444 kB
MemTotal:        1844596 kB
MemFree:         1314740 kB
MemAvailable:    1527244 kB
Buffers:           47404 kB
Cached:           292444 kB
MemTotal:        1844596 kB
MemFree:         1314684 kB
MemAvailable:    1527188 kB
Buffers:           47404 kB
Cached:           292444 kB
MemTotal:        1844596 kB
MemFree:         1313516 kB
MemAvailable:    1526020 kB
Buffers:           47404 kB
Cached:           292444 kB
MemTotal:        1844596 kB
MemFree:         1314140 kB
MemAvailable:    1526644 kB
Buffers:           47404 kB
Cached:           292444 kB
MemTotal:        1844596 kB
MemFree:         1312708 kB
MemAvailable:    1525212 kB
Buffers:           47404 kB
Cached:           292444 kB
MemTotal:        1844596 kB
MemFree:         1313580 kB
MemAvailable:    1526084 kB
Buffers:           47404 kB
Cached:           292444 kB
MemTotal:        1844596 kB
MemFree:         1312988 kB
MemAvailable:    1525492 kB
Buffers:           47404 kB
Cached:           292444 kB
MemTotal:        1844596 kB
MemFree:         1313072 kB
MemAvailable:    1525576 kB
Buffers:           47404 kB
Cached:           292444 kB
MemTotal:        1844596 kB
MemFree:         1312936 kB
MemAvailable:    1525440 kB
Buffers:           47404 kB
Cached:           292444 kB
MemTotal:        1844596 kB
MemFree:         1311524 kB
MemAvailable:    1524028 kB
Buffers:           47404 kB
Cached:           292444 kB
MemTotal:        1844596 kB
MemFree:         1312192 kB
MemAvailable:    1524696 kB
Buffers:           47404 kB
Cached:           292444 kB
MemTotal:        1844596 kB
MemFree:         1311956 kB
MemAvailable:    1524460 kB
Buffers:           47404 kB
Cached:           292444 kB
MemTotal:        1844596 kB
MemFree:         1312576 kB
MemAvailable:    1525084 kB
Buffers:           47404 kB
Cached:           292448 kB
MemTotal:        1844596 kB
MemFree:         1311400 kB
MemAvailable:    1523908 kB
Buffers:           47404 kB
Cached:           292448 kB
MemTotal:        1844596 kB
MemFree:         1312024 kB
MemAvailable:    1524532 kB
Buffers:           47404 kB
Cached:           292448 kB
MemTotal:        1844596 kB
MemFree:         1310844 kB
MemAvailable:    1523352 kB
Buffers:           47404 kB
Cached:           292448 kB
MemTotal:        1844596 kB
MemFree:         1311268 kB
MemAvailable:    1523776 kB
Buffers:           47404 kB
Cached:           292448 kB
MemTotal:        1844596 kB
MemFree:         1312320 kB
MemAvailable:    1524828 kB
Buffers:           47412 kB
Cached:           292444 kB
MemTotal:        1844596 kB
MemFree:         1312196 kB
MemAvailable:    1524704 kB
Buffers:           47412 kB
Cached:           292444 kB
MemTotal:        1844596 kB
MemFree:         1312024 kB
MemAvailable:    1524532 kB
Buffers:           47412 kB
Cached:           292444 kB
MemTotal:        1844596 kB
MemFree:         1312000 kB
MemAvailable:    1524508 kB
Buffers:           47412 kB
Cached:           292444 kB
MemTotal:        1844596 kB
MemFree:         1310628 kB
MemAvailable:    1523136 kB
Buffers:           47412 kB
Cached:           292444 kB
MemTotal:        1844596 kB
MemFree:         1311524 kB
MemAvailable:    1524032 kB
Buffers:           47412 kB
Cached:           292444 kB
MemTotal:        1844596 kB
MemFree:         1311328 kB
MemAvailable:    1523836 kB
Buffers:           47412 kB
Cached:           292444 kB
MemTotal:        1844596 kB
MemFree:         1311388 kB
MemAvailable:    1523896 kB
Buffers:           47412 kB
Cached:           292444 kB
MemTotal:        1844596 kB
MemFree:         1310408 kB
MemAvailable:    1522916 kB
Buffers:           47412 kB
Cached:           292444 kB
MemTotal:        1844596 kB
MemFree:         1305012 kB
MemAvailable:    1517520 kB
Buffers:           47412 kB
Cached:           292444 kB
MemTotal:        1844596 kB
MemFree:         1303764 kB
MemAvailable:    1516272 kB
Buffers:           47412 kB
Cached:           292444 kB
MemTotal:        1844596 kB
MemFree:         1303640 kB
MemAvailable:    1516316 kB
Buffers:           47412 kB
Cached:           292568 kB
MemTotal:        1844596 kB
MemFree:         1303448 kB
MemAvailable:    1516124 kB
Buffers:           47412 kB
Cached:           292692 kB
MemTotal:        1844596 kB
MemFree:         1302076 kB
MemAvailable:    1514836 kB
Buffers:           47412 kB
Cached:           292816 kB
MemTotal:        1844596 kB
MemFree:         1303216 kB
MemAvailable:    1516144 kB
Buffers:           47412 kB
Cached:           292816 kB
MemTotal:        1844596 kB
MemFree:         1302936 kB
MemAvailable:    1516032 kB
Buffers:           47412 kB
Cached:           293064 kB
MemTotal:        1844596 kB
MemFree:         1303020 kB
MemAvailable:    1516116 kB
Buffers:           47412 kB
Cached:           293064 kB
MemTotal:        1844596 kB
MemFree:         1301448 kB
MemAvailable:    1514628 kB
Buffers:           47412 kB
Cached:           293064 kB
MemTotal:        1844596 kB
MemFree:         1301408 kB
MemAvailable:    1514588 kB
Buffers:           47412 kB
Cached:           293064 kB
MemTotal:        1844596 kB
MemFree:         1303128 kB
MemAvailable:    1516308 kB
Buffers:           47412 kB
Cached:           293064 kB
MemTotal:        1844596 kB
MemFree:         1301844 kB
MemAvailable:    1515024 kB
Buffers:           47412 kB
Cached:           293064 kB
MemTotal:        1844596 kB
MemFree:         1301464 kB
MemAvailable:    1514652 kB
Buffers:           47412 kB
Cached:           293072 kB
MemTotal:        1844596 kB
MemFree:         1301424 kB
MemAvailable:    1514612 kB
Buffers:           47412 kB
Cached:           293072 kB
MemTotal:        1844596 kB
MemFree:         1303032 kB
MemAvailable:    1516220 kB
Buffers:           47412 kB
Cached:           293072 kB
MemTotal:        1844596 kB
MemFree:         1302976 kB
MemAvailable:    1516164 kB
Buffers:           47412 kB
Cached:           293072 kB
MemTotal:        1844596 kB
MemFree:         1303188 kB
MemAvailable:    1515788 kB
Buffers:           47412 kB
Cached:           292524 kB
MemTotal:        1844596 kB
MemFree:         1316580 kB
MemAvailable:    1529180 kB
Buffers:           47412 kB
Cached:           292524 kB
