MemTotal:        1844596 kB
MemFree:         1312852 kB
MemAvailable:    1553344 kB
Buffers:           50432 kB
Cached:           314956 kB
MemTotal:        1844596 kB
MemFree:         1312656 kB
MemAvailable:    1553148 kB
Buffers:           50432 kB
Cached:           314956 kB
MemTotal:        1844596 kB
MemFree:         1310248 kB
MemAvailable:    1550740 kB
Buffers:           50432 kB
Cached:           314956 kB
MemTotal:        1844596 kB
MemFree:         1310936 kB
MemAvailable:    1551428 kB
Buffers:           50432 kB
Cached:           314956 kB
MemTotal:        1844596 kB
MemFree:         1309440 kB
MemAvailable:    1549932 kB
Buffers:           50432 kB
Cached:           314956 kB
MemTotal:        1844596 kB
MemFree:         1308264 kB
MemAvailable:    1548756 kB
Buffers:           50432 kB
Cached:           314956 kB
MemTotal:        1844596 kB
MemFree:         1308076 kB
MemAvailable:    1548568 kB
Buffers:           50432 kB
Cached:           314956 kB
MemTotal:        1844596 kB
MemFree:         1306092 kB
MemAvailable:    1546584 kB
Buffers:           50432 kB
Cached:           314956 kB
MemTotal:        1844596 kB
MemFree:         1303860 kB
MemAvailable:    1544352 kB
Buffers:           50432 kB
Cached:           314956 kB
MemTotal:        1844596 kB
MemFree:         1299304 kB
MemAvailable:    1539796 kB
Buffers:           50432 kB
Cached:           314956 kB
MemTotal:        1844596 kB
MemFree:         1299304 kB
MemAvailable:    1539796 kB
Buffers:           50432 kB
Cached:           314956 kB
MemTotal:        1844596 kB
MemFree:         1299356 kB
MemAvailable:    1539848 kB
Buffers:           50432 kB
Cached:           314956 kB
MemTotal:        1844596 kB
MemFree:         1299516 kB
MemAvailable:    1540008 kB
Buffers:           50432 kB
Cached:           314956 kB
MemTotal:        1844596 kB
MemFree:         1299648 kB
MemAvailable:    1540140 kB
Buffers:           50432 kB
Cached:           314956 kB
MemTotal:        1844596 kB
MemFree:         1298220 kB
MemAvailable:    1538712 kB
Buffers:           50432 kB
Cached:           314956 kB
MemTotal:        1844596 kB
MemFree:         1299288 kB
MemAvailable:    1539780 kB
Buffers:           50432 kB
Cached:           314956 kB
MemTotal:        1844596 kB
MemFree:         1298048 kB
MemAvailable:    1538540 kB
Buffers:           50432 kB
Cached:           314956 kB
MemTotal:        1844596 kB
MemFree:         1298404 kB
MemAvailable:    1538896 kB
Buffers:           50432 kB
Cached:           314956 kB
MemTotal:        1844596 kB
MemFree:         1296732 kB
MemAvailable:    1537224 kB
Buffers:           50432 kB
Cached:           314956 kB
MemTotal:        1844596 kB
MemFree:         1297088 kB
MemAvailable:    1537580 kB
Buffers:           50432 kB
Cached:           314956 kB
MemTotal:        1844596 kB
MemFree:         1297228 kB
MemAvailable:    1537720 kB
Buffers:           50432 kB
Cached:           314956 kB
MemTotal:        1844596 kB
MemFree:         1296992 kB
MemAvailable:    1537484 kB
Buffers:           50432 kB
Cached:           314956 kB
MemTotal:        1844596 kB
MemFree:         1296236 kB
MemAvailable:    1536728 kB
Buffers:           50432 kB
Cached:           314956 kB
MemTotal:        1844596 kB
MemFree:         1296896 kB
MemAvailable:    1537388 kB
Buffers:           50432 kB
Cached:           314956 kB
MemTotal:        1844596 kB
MemFree:         1296916 kB
MemAvailable:    1537408 kB
Buffers:           50432 kB
Cached:           314956 kB
MemTotal:        1844596 kB
MemFree:         1296360 kB
MemAvailable:    1536852 kB
Buffers:           50432 kB
Cached:           314956 kB
MemTotal:        1844596 kB
MemFree:         1297344 kB
MemAvailable:    1537844 kB
Buffers:           50432 kB
Cached:           314960 kB
MemTotal:        1844596 kB
MemFree:         1297344 kB
MemAvailable:    1537844 kB
Buffers:           50432 kB
Cached:           314960 kB
MemTotal:        1844596 kB
MemFree:         1295972 kB
MemAvailable:    1536472 kB
Buffers:           50432 kB
Cached:           314960 kB
MemTotal:        1844596 kB
MemFree:         1297104 kB
MemAvailable:    1537604 kB
Buffers:           50432 kB
Cached:           314960 kB
MemTotal:        1844596 kB
MemFree:         1297104 kB
MemAvailable:    1537604 kB
Buffers:           50432 kB
Cached:           314960 kB
MemTotal:        1844596 kB
MemFree:         1296608 kB
MemAvailable:    1537108 kB
Buffers:           50432 kB
Cached:           314960 kB
MemTotal:        1844596 kB
MemFree:         1294624 kB
MemAvailable:    1535124 kB
Buffers:           50432 kB
Cached:           314960 kB
MemTotal:        1844596 kB
MemFree:         1294808 kB
MemAvailable:    1535308 kB
Buffers:           50432 kB
Cached:           314960 kB
MemTotal:        1844596 kB
MemFree:         1293756 kB
MemAvailable:    1534256 kB
Buffers:           50432 kB
Cached:           314960 kB
MemTotal:        1844596 kB
MemFree:         1294056 kB
MemAvailable:    1534560 kB
Buffers:           50432 kB
Cached:           314964 kB
MemTotal:        1844596 kB
MemFree:         1293872 kB
MemAvailable:    1534376 kB
Buffers:           50432 kB
Cached:           314964 kB
MemTotal:        1844596 kB
MemFree:         1293816 kB
MemAvailable:    1534320 kB
Buffers:           50432 kB
Cached:           314964 kB
MemTotal:        1844596 kB
MemFree:         1293076 kB
MemAvailable:    1533580 kB
Buffers:           50432 kB
Cached:           314964 kB
MemTotal:        1844596 kB
MemFree:         1293028 kB
MemAvailable:    1533532 kB
Buffers:           50432 kB
Cached:           314964 kB
MemTotal:        1844596 kB
MemFree:         1291636 kB
MemAvailable:    1532140 kB
Buffers:           50432 kB
Cached:           314964 kB
MemTotal:        1844596 kB
MemFree:         1291752 kB
MemAvailable:    1532256 kB
Buffers:           50432 kB
Cached:           314964 kB
MemTotal:        1844596 kB
MemFree:         1291636 kB
MemAvailable:    1532140 kB
Buffers:           50432 kB
Cached:           314964 kB
MemTotal:        1844596 kB
MemFree:         1292860 kB
MemAvailable:    1533364 kB
Buffers:           50432 kB
Cached:           314964 kB
MemTotal:        1844596 kB
MemFree:         1292576 kB
MemAvailable:    1533080 kB
Buffers:           50432 kB
Cached:           314964 kB
MemTotal:        1844596 kB
MemFree:         1291020 kB
MemAvailable:    1531524 kB
Buffers:           50432 kB
Cached:           314964 kB
MemTotal:        1844596 kB
MemFree:         1292260 kB
MemAvailable:    1532764 kB
Buffers:           50432 kB
Cached:           314964 kB
MemTotal:        1844596 kB
MemFree:         1291992 kB
MemAvailable:    1532496 kB
Buffers:           50432 kB
Cached:           314964 kB
MemTotal:        1844596 kB
MemFree:         1291700 kB
MemAvailable:    1532204 kB
Buffers:           50432 kB
Cached:           314964 kB
MemTotal:        1844596 kB
MemFree:         1290396 kB
MemAvailable:    1530900 kB
Buffers:           50432 kB
Cached:           314964 kB
MemTotal:        1844596 kB
MemFree:         1291708 kB
MemAvailable:    1532212 kB
Buffers:           50432 kB
Cached:           314964 kB
MemTotal:        1844596 kB
MemFree:         1291028 kB
MemAvailable:    1531532 kB
Buffers:           50432 kB
Cached:           314964 kB
MemTotal:        1844596 kB
MemFree:         1291748 kB
MemAvailable:    1532252 kB
Buffers:           50432 kB
Cached:           314964 kB
MemTotal:        1844596 kB
MemFree:         1291748 kB
MemAvailable:    1532252 kB
Buffers:           50432 kB
Cached:           314964 kB
MemTotal:        1844596 kB
MemFree:         1291500 kB
MemAvailable:    1532004 kB
Buffers:           50432 kB
Cached:           314964 kB
MemTotal:        1844596 kB
MemFree:         1290844 kB
MemAvailable:    1531348 kB
Buffers:           50432 kB
Cached:           314964 kB
MemTotal:        1844596 kB
MemFree:         1291720 kB
MemAvailable:    1532224 kB
Buffers:           50432 kB
Cached:           314964 kB
MemTotal:        1844596 kB
MemFree:         1291972 kB
MemAvailable:    1532476 kB
Buffers:           50432 kB
Cached:           314964 kB
MemTotal:        1844596 kB
MemFree:         1291736 kB
MemAvailable:    1532240 kB
Buffers:           50432 kB
Cached:           314964 kB
MemTotal:        1844596 kB
MemFree:         1291884 kB
MemAvailable:    1532388 kB
Buffers:           50432 kB
Cached:           314964 kB
MemTotal:        1844596 kB
MemFree:         1290392 kB
MemAvailable:    1530896 kB
Buffers:           50432 kB
Cached:           314964 kB
MemTotal:        1844596 kB
MemFree:         1290252 kB
MemAvailable:    1530756 kB
Buffers:           50432 kB
Cached:           314964 kB
MemTotal:        1844596 kB
MemFree:         1290160 kB
MemAvailable:    1530664 kB
Buffers:           50432 kB
Cached:           314964 kB
MemTotal:        1844596 kB
MemFree:         1290356 kB
MemAvailable:    1530860 kB
Buffers:           50432 kB
Cached:           314964 kB
MemTotal:        1844596 kB
MemFree:         1290696 kB
MemAvailable:    1531200 kB
Buffers:           50432 kB
Cached:           314964 kB
MemTotal:        1844596 kB
MemFree:         1291032 kB
MemAvailable:    1531536 kB
Buffers:           50432 kB
Cached:           314964 kB
MemTotal:        1844596 kB
MemFree:         1289580 kB
MemAvailable:    1530084 kB
Buffers:           50432 kB
Cached:           314964 kB
MemTotal:        1844596 kB
MemFree:         1289588 kB
MemAvailable:    1530092 kB
Buffers:           50432 kB
Cached:           314964 kB
MemTotal:        1844596 kB
MemFree:         1290980 kB
MemAvailable:    1531484 kB
Buffers:           50432 kB
Cached:           314964 kB
MemTotal:        1844596 kB
MemFree:         1290824 kB
MemAvailable:    1531328 kB
Buffers:           50432 kB
Cached:           314964 kB
MemTotal:        1844596 kB
MemFree:         1290716 kB
MemAvailable:    1531220 kB
Buffers:           50432 kB
Cached:           314964 kB
MemTotal:        1844596 kB
MemFree:         1290800 kB
MemAvailable:    1531304 kB
Buffers:           50432 kB
Cached:           314964 kB
MemTotal:        1844596 kB
MemFree:         1289540 kB
MemAvailable:    1530044 kB
Buffers:           50432 kB
Cached:           314964 kB
MemTotal:        1844596 kB
MemFree:         1290508 kB
MemAvailable:    1531012 kB
Buffers:           50432 kB
Cached:           314964 kB
MemTotal:        1844596 kB
MemFree:         1290508 kB
MemAvailable:    1531012 kB
Buffers:           50432 kB
Cached:           314964 kB
MemTotal:        1844596 kB
MemFree:         1286548 kB
MemAvailable:    1527052 kB
Buffers:           50432 kB
Cached:           314964 kB
MemTotal:        1844596 kB
MemFree:         1286548 kB
MemAvailable:    1527052 kB
Buffers:           50432 kB
Cached:           314964 kB
MemTotal:        1844596 kB
MemFree:         1283324 kB
MemAvailable:    1523828 kB
Buffers:           50432 kB
Cached:           314964 kB
MemTotal:        1844596 kB
MemFree:         1283408 kB
MemAvailable:    1523912 kB
Buffers:           50432 kB
Cached:           314964 kB
MemTotal:        1844596 kB
MemFree:         1281836 kB
MemAvailable:    1522340 kB
Buffers:           50432 kB
Cached:           314964 kB
MemTotal:        1844596 kB
MemFree:         1283068 kB
MemAvailable:    1523572 kB
Buffers:           50432 kB
Cached:           314964 kB
MemTotal:        1844596 kB
MemFree:         1282848 kB
MemAvailable:    1523352 kB
Buffers:           50432 kB
Cached:           314964 kB
MemTotal:        1844596 kB
MemFree:         1281416 kB
MemAvailable:    1521920 kB
Buffers:           50432 kB
Cached:           314964 kB
MemTotal:        1844596 kB
MemFree:         1282656 kB
MemAvailable:    1523160 kB
Buffers:           50432 kB
Cached:           314964 kB
MemTotal:        1844596 kB
MemFree:         1282884 kB
MemAvailable:    1523388 kB
Buffers:           50432 kB
Cached:           314964 kB
MemTotal:        1844596 kB
MemFree:         1283052 kB
MemAvailable:    1523556 kB
Buffers:           50432 kB
Cached:           314964 kB
MemTotal:        1844596 kB
MemFree:         1282844 kB
MemAvailable:    1523348 kB
Buffers:           50432 kB
Cached:           314964 kB
MemTotal:        1844596 kB
MemFree:         1281556 kB
MemAvailable:    1522060 kB
Buffers:           50432 kB
Cached:           314964 kB
MemTotal:        1844596 kB
MemFree:         1283032 kB
MemAvailable:    1523536 kB
Buffers:           50432 kB
Cached:           314964 kB
MemTotal:        1844596 kB
MemFree:         1282896 kB
MemAvailable:    1523400 kB
Buffers:           50432 kB
Cached:           314964 kB
MemTotal:        1844596 kB
MemFree:         1282904 kB
MemAvailable:    1523408 kB
Buffers:           50432 kB
Cached:           314964 kB
MemTotal:        1844596 kB
MemFree:         1281604 kB
MemAvailable:    1522108 kB
Buffers:           50432 kB
Cached:           314964 kB
MemTotal:        1844596 kB
MemFree:         1281548 kB
MemAvailable:    1522052 kB
Buffers:           50432 kB
Cached:           314964 kB
MemTotal:        1844596 kB
MemFree:         1282332 kB
MemAvailable:    1522836 kB
Buffers:           50432 kB
Cached:           314964 kB
MemTotal:        1844596 kB
MemFree:         1282332 kB
MemAvailable:    1522836 kB
Buffers:           50432 kB
Cached:           314964 kB
MemTotal:        1844596 kB
MemFree:         1281688 kB
MemAvailable:    1522192 kB
Buffers:           50432 kB
Cached:           314964 kB
MemTotal:        1844596 kB
MemFree:         1282024 kB
MemAvailable:    1522528 kB
Buffers:           50432 kB
Cached:           314964 kB
MemTotal:        1844596 kB
MemFree:         1280232 kB
MemAvailable:    1520736 kB
Buffers:           50432 kB
Cached:           314964 kB
MemTotal:        1844596 kB
MemFree:         1279992 kB
MemAvailable:    1520496 kB
Buffers:           50432 kB
Cached:           314964 kB
MemTotal:        1844596 kB
MemFree:         1280188 kB
MemAvailable:    1520692 kB
Buffers:           50432 kB
Cached:           314964 kB
MemTotal:        1844596 kB
MemFree:         1280424 kB
MemAvailable:    1520932 kB
Buffers:           50432 kB
Cached:           314968 kB
MemTotal:        1844596 kB
MemFree:         1279496 kB
MemAvailable:    1520004 kB
Buffers:           50432 kB
Cached:           314968 kB
MemTotal:        1844596 kB
MemFree:         1280064 kB
MemAvailable:    1520572 kB
Buffers:           50432 kB
Cached:           314968 kB
MemTotal:        1844596 kB
MemFree:         1279480 kB
MemAvailable:    1519988 kB
Buffers:           50432 kB
Cached:           314968 kB
MemTotal:        1844596 kB
MemFree:         1279480 kB
MemAvailable:    1519988 kB
Buffers:           50432 kB
Cached:           314968 kB
MemTotal:        1844596 kB
MemFree:         1279192 kB
MemAvailable:    1519700 kB
Buffers:           50432 kB
Cached:           314968 kB
MemTotal:        1844596 kB
MemFree:         1278072 kB
MemAvailable:    1518580 kB
Buffers:           50432 kB
Cached:           314968 kB
MemTotal:        1844596 kB
MemFree:         1277932 kB
MemAvailable:    1518440 kB
Buffers:           50432 kB
Cached:           314968 kB
MemTotal:        1844596 kB
MemFree:         1277940 kB
MemAvailable:    1518448 kB
Buffers:           50432 kB
Cached:           314968 kB
MemTotal:        1844596 kB
MemFree:         1277676 kB
MemAvailable:    1518184 kB
Buffers:           50432 kB
Cached:           314968 kB
MemTotal:        1844596 kB
MemFree:         1278900 kB
MemAvailable:    1519408 kB
Buffers:           50432 kB
Cached:           314968 kB
MemTotal:        1844596 kB
MemFree:         1279068 kB
MemAvailable:    1519576 kB
Buffers:           50432 kB
Cached:           314968 kB
MemTotal:        1844596 kB
MemFree:         1277696 kB
MemAvailable:    1518204 kB
Buffers:           50432 kB
Cached:           314968 kB
MemTotal:        1844596 kB
MemFree:         1277496 kB
MemAvailable:    1518008 kB
Buffers:           50432 kB
Cached:           314972 kB
MemTotal:        1844596 kB
MemFree:         1278952 kB
MemAvailable:    1519464 kB
Buffers:           50432 kB
Cached:           314972 kB
MemTotal:        1844596 kB
MemFree:         1277568 kB
MemAvailable:    1518080 kB
Buffers:           50432 kB
Cached:           314972 kB
MemTotal:        1844596 kB
MemFree:         1278564 kB
MemAvailable:    1519076 kB
Buffers:           50432 kB
Cached:           314972 kB
MemTotal:        1844596 kB
MemFree:         1277248 kB
MemAvailable:    1517760 kB
Buffers:           50432 kB
Cached:           314972 kB
MemTotal:        1844596 kB
MemFree:         1271188 kB
MemAvailable:    1511700 kB
Buffers:           50432 kB
Cached:           314972 kB
MemTotal:        1844596 kB
MemFree:         1270924 kB
MemAvailable:    1511436 kB
Buffers:           50432 kB
Cached:           314972 kB
MemTotal:        1844596 kB
MemFree:         1272028 kB
MemAvailable:    1512708 kB
Buffers:           50432 kB
Cached:           315220 kB
MemTotal:        1844596 kB
MemFree:         1270816 kB
MemAvailable:    1511580 kB
Buffers:           50432 kB
Cached:           315220 kB
MemTotal:        1844596 kB
MemFree:         1271536 kB
MemAvailable:    1512472 kB
Buffers:           50432 kB
Cached:           315472 kB
MemTotal:        1844596 kB
MemFree:         1271872 kB
MemAvailable:    1512808 kB
Buffers:           50432 kB
Cached:           315472 kB
MemTotal:        1844596 kB
MemFree:         1271560 kB
MemAvailable:    1512664 kB
Buffers:           50432 kB
Cached:           315596 kB
MemTotal:        1844596 kB
MemFree:         1270444 kB
MemAvailable:    1511548 kB
Buffers:           50432 kB
Cached:           315596 kB
MemTotal:        1844596 kB
MemFree:         1271256 kB
MemAvailable:    1512360 kB
Buffers:           50432 kB
Cached:           315596 kB
MemTotal:        1844596 kB
MemFree:         1271316 kB
MemAvailable:    1512420 kB
Buffers:           50432 kB
Cached:           315596 kB
MemTotal:        1844596 kB
MemFree:         1271228 kB
MemAvailable:    1512332 kB
Buffers:           50432 kB
Cached:           315596 kB
MemTotal:        1844596 kB
MemFree:         1271228 kB
MemAvailable:    1512332 kB
Buffers:           50432 kB
Cached:           315596 kB
MemTotal:        1844596 kB
MemFree:         1271100 kB
MemAvailable:    1512204 kB
Buffers:           50432 kB
Cached:           315596 kB
MemTotal:        1844596 kB
MemFree:         1271352 kB
MemAvailable:    1512456 kB
Buffers:           50432 kB
Cached:           315596 kB
MemTotal:        1844596 kB
MemFree:         1271280 kB
MemAvailable:    1512384 kB
Buffers:           50432 kB
Cached:           315596 kB
MemTotal:        1844596 kB
MemFree:         1271280 kB
MemAvailable:    1512384 kB
Buffers:           50432 kB
Cached:           315596 kB
MemTotal:        1844596 kB
MemFree:         1271828 kB
MemAvailable:    1512344 kB
Buffers:           50432 kB
Cached:           315048 kB
MemTotal:        1844596 kB
MemFree:         1272080 kB
MemAvailable:    1512596 kB
Buffers:           50432 kB
Cached:           315048 kB
