MemTotal:        1844596 kB
MemFree:         1543176 kB
MemAvailable:    1574400 kB
Buffers:           24496 kB
Cached:           139224 kB
MemTotal:        1844596 kB
MemFree:         1541632 kB
MemAvailable:    1572856 kB
Buffers:           24496 kB
Cached:           139224 kB
MemTotal:        1844596 kB
MemFree:         1541716 kB
MemAvailable:    1572940 kB
Buffers:           24496 kB
Cached:           139224 kB
MemTotal:        1844596 kB
MemFree:         1540316 kB
MemAvailable:    1571540 kB
Buffers:           24496 kB
Cached:           139224 kB
MemTotal:        1844596 kB
MemFree:         1537852 kB
MemAvailable:    1569076 kB
Buffers:           24496 kB
Cached:           139224 kB
MemTotal:        1844596 kB
MemFree:         1539092 kB
MemAvailable:    1570316 kB
Buffers:           24496 kB
Cached:           139224 kB
MemTotal:        1844596 kB
MemFree:         1537216 kB
MemAvailable:    1568440 kB
Buffers:           24496 kB
Cached:           139224 kB
MemTotal:        1844596 kB
MemFree:         1536432 kB
MemAvailable:    1567656 kB
Buffers:           24496 kB
Cached:           139224 kB
MemTotal:        1844596 kB
MemFree:         1534936 kB
MemAvailable:    1566168 kB
Buffers:           24496 kB
Cached:           139228 kB
MemTotal:        1844596 kB
MemFree:         1532828 kB
MemAvailable:    1564060 kB
Buffers:           24496 kB
Cached:           139228 kB
MemTotal:        1844596 kB
MemFree:         1529048 kB
MemAvailable:    1560280 kB
Buffers:           24496 kB
Cached:           139228 kB
MemTotal:        1844596 kB
MemFree:         1529076 kB
MemAvailable:    1560308 kB
Buffers:           24496 kB
Cached:           139228 kB
MemTotal:        1844596 kB
MemFree:         1528792 kB
MemAvailable:    1560024 kB
Buffers:           24504 kB
Cached:           139220 kB
MemTotal:        1844596 kB
MemFree:         1529220 kB
MemAvailable:    1560452 kB
Buffers:           24508 kB
Cached:           139216 kB
MemTotal:        1844596 kB
MemFree:         1529048 kB
MemAvailable:    1560280 kB
Buffers:           24508 kB
Cached:           139216 kB
MemTotal:        1844596 kB
MemFree:         1528884 kB
MemAvailable:    1560116 kB
Buffers:           24508 kB
Cached:           139216 kB
MemTotal:        1844596 kB
MemFree:         1528884 kB
MemAvailable:    1560116 kB
Buffers:           24508 kB
Cached:           139216 kB
MemTotal:        1844596 kB
MemFree:         1527516 kB
MemAvailable:    1558748 kB
Buffers:           24508 kB
Cached:           139216 kB
MemTotal:        1844596 kB
MemFree:         1527544 kB
MemAvailable:    1558776 kB
Buffers:           24508 kB
Cached:           139216 kB
MemTotal:        1844596 kB
MemFree:         1527544 kB
MemAvailable:    1558776 kB
Buffers:           24508 kB
Cached:           139216 kB
MemTotal:        1844596 kB
MemFree:         1526552 kB
MemAvailable:    1557784 kB
Buffers:           24508 kB
Cached:           139216 kB
MemTotal:        1844596 kB
MemFree:         1526692 kB
MemAvailable:    1557924 kB
Buffers:           24508 kB
Cached:           139216 kB
MemTotal:        1844596 kB
MemFree:         1526540 kB
MemAvailable:    1557772 kB
Buffers:           24508 kB
Cached:           139216 kB
MemTotal:        1844596 kB
MemFree:         1526792 kB
MemAvailable:    1558024 kB
Buffers:           24508 kB
Cached:           139216 kB
MemTotal:        1844596 kB
MemFree:         1525264 kB
MemAvailable:    1556496 kB
Buffers:           24508 kB
Cached:           139216 kB
MemTotal:        1844596 kB
MemFree:         1525432 kB
MemAvailable:    1556664 kB
Buffers:           24508 kB
Cached:           139216 kB
MemTotal:        1844596 kB
MemFree:         1526408 kB
MemAvailable:    1557640 kB
Buffers:           24508 kB
Cached:           139216 kB
MemTotal:        1844596 kB
MemFree:         1526744 kB
MemAvailable:    1557976 kB
Buffers:           24508 kB
Cached:           139216 kB
MemTotal:        1844596 kB
MemFree:         1526628 kB
MemAvailable:    1557860 kB
Buffers:           24508 kB
Cached:           139216 kB
MemTotal:        1844596 kB
MemFree:         1528120 kB
MemAvailable:    1559352 kB
Buffers:           24508 kB
Cached:           139216 kB
MemTotal:        1844596 kB
MemFree:         1527384 kB
MemAvailable:    1558616 kB
Buffers:           24508 kB
Cached:           139216 kB
MemTotal:        1844596 kB
MemFree:         1528304 kB
MemAvailable:    1559548 kB
Buffers:           24508 kB
Cached:           139228 kB
MemTotal:        1844596 kB
MemFree:         1526436 kB
MemAvailable:    1557680 kB
Buffers:           24508 kB
Cached:           139228 kB
MemTotal:        1844596 kB
MemFree:         1525080 kB
MemAvailable:    1556324 kB
Buffers:           24508 kB
Cached:           139228 kB
MemTotal:        1844596 kB
MemFree:         1523344 kB
MemAvailable:    1554588 kB
Buffers:           24508 kB
Cached:           139228 kB
MemTotal:        1844596 kB
MemFree:         1523948 kB
MemAvailable:    1555192 kB
Buffers:           24508 kB
Cached:           139228 kB
MemTotal:        1844596 kB
MemFree:         1523716 kB
MemAvailable:    1554960 kB
Buffers:           24508 kB
Cached:           139228 kB
MemTotal:        1844596 kB
MemFree:         1523328 kB
MemAvailable:    1554572 kB
Buffers:           24508 kB
Cached:           139228 kB
MemTotal:        1844596 kB
MemFree:         1523412 kB
MemAvailable:    1554656 kB
Buffers:           24508 kB
Cached:           139228 kB
MemTotal:        1844596 kB
MemFree:         1522576 kB
MemAvailable:    1553820 kB
Buffers:           24508 kB
Cached:           139228 kB
MemTotal:        1844596 kB
MemFree:         1522344 kB
MemAvailable:    1553588 kB
Buffers:           24508 kB
Cached:           139228 kB
MemTotal:        1844596 kB
MemFree:         1521208 kB
MemAvailable:    1552452 kB
Buffers:           24508 kB
Cached:           139228 kB
MemTotal:        1844596 kB
MemFree:         1521076 kB
MemAvailable:    1552320 kB
Buffers:           24508 kB
Cached:           139228 kB
MemTotal:        1844596 kB
MemFree:         1522184 kB
MemAvailable:    1553428 kB
Buffers:           24508 kB
Cached:           139228 kB
MemTotal:        1844596 kB
MemFree:         1522520 kB
MemAvailable:    1553764 kB
Buffers:           24508 kB
Cached:           139228 kB
MemTotal:        1844596 kB
MemFree:         1522136 kB
MemAvailable:    1553380 kB
Buffers:           24508 kB
Cached:           139228 kB
MemTotal:        1844596 kB
MemFree:         1522136 kB
MemAvailable:    1553380 kB
Buffers:           24508 kB
Cached:           139228 kB
MemTotal:        1844596 kB
MemFree:         1520592 kB
MemAvailable:    1551836 kB
Buffers:           24508 kB
Cached:           139228 kB
MemTotal:        1844596 kB
MemFree:         1521592 kB
MemAvailable:    1552836 kB
Buffers:           24508 kB
Cached:           139228 kB
MemTotal:        1844596 kB
MemFree:         1521928 kB
MemAvailable:    1553172 kB
Buffers:           24508 kB
Cached:           139228 kB
MemTotal:        1844596 kB
MemFree:         1521456 kB
MemAvailable:    1552700 kB
Buffers:           24508 kB
Cached:           139228 kB
MemTotal:        1844596 kB
MemFree:         1521456 kB
MemAvailable:    1552700 kB
Buffers:           24508 kB
Cached:           139228 kB
MemTotal:        1844596 kB
MemFree:         1521420 kB
MemAvailable:    1552664 kB
Buffers:           24508 kB
Cached:           139228 kB
MemTotal:        1844596 kB
MemFree:         1521340 kB
MemAvailable:    1552584 kB
Buffers:           24508 kB
Cached:           139228 kB
MemTotal:        1844596 kB
MemFree:         1520040 kB
MemAvailable:    1551284 kB
Buffers:           24508 kB
Cached:           139228 kB
MemTotal:        1844596 kB
MemFree:         1521340 kB
MemAvailable:    1552584 kB
Buffers:           24508 kB
Cached:           139228 kB
MemTotal:        1844596 kB
MemFree:         1520032 kB
MemAvailable:    1551276 kB
Buffers:           24508 kB
Cached:           139228 kB
MemTotal:        1844596 kB
MemFree:         1520156 kB
MemAvailable:    1551400 kB
Buffers:           24508 kB
Cached:           139228 kB
MemTotal:        1844596 kB
MemFree:         1521444 kB
MemAvailable:    1552688 kB
Buffers:           24508 kB
Cached:           139228 kB
MemTotal:        1844596 kB
MemFree:         1520368 kB
MemAvailable:    1551612 kB
Buffers:           24508 kB
Cached:           139228 kB
MemTotal:        1844596 kB
MemFree:         1519816 kB
MemAvailable:    1551060 kB
Buffers:           24508 kB
Cached:           139228 kB
MemTotal:        1844596 kB
MemFree:         1519988 kB
MemAvailable:    1551232 kB
Buffers:           24508 kB
Cached:           139228 kB
MemTotal:        1844596 kB
MemFree:         1520528 kB
MemAvailable:    1551772 kB
Buffers:           24508 kB
Cached:           139228 kB
MemTotal:        1844596 kB
MemFree:         1520864 kB
MemAvailable:    1552108 kB
Buffers:           24508 kB
Cached:           139228 kB
MemTotal:        1844596 kB
MemFree:         1520628 kB
MemAvailable:    1551876 kB
Buffers:           24508 kB
Cached:           139232 kB
MemTotal:        1844596 kB
MemFree:         1519500 kB
MemAvailable:    1550748 kB
Buffers:           24508 kB
Cached:           139232 kB
MemTotal:        1844596 kB
MemFree:         1520424 kB
MemAvailable:    1551676 kB
Buffers:           24508 kB
Cached:           139236 kB
MemTotal:        1844596 kB
MemFree:         1520424 kB
MemAvailable:    1551676 kB
Buffers:           24508 kB
Cached:           139236 kB
MemTotal:        1844596 kB
MemFree:         1520604 kB
MemAvailable:    1551856 kB
Buffers:           24508 kB
Cached:           139236 kB
MemTotal:        1844596 kB
MemFree:         1519356 kB
MemAvailable:    1550608 kB
Buffers:           24508 kB
Cached:           139236 kB
MemTotal:        1844596 kB
MemFree:         1519232 kB
MemAvailable:    1550484 kB
Buffers:           24508 kB
Cached:           139236 kB
MemTotal:        1844596 kB
MemFree:         1520532 kB
MemAvailable:    1551784 kB
Buffers:           24508 kB
Cached:           139236 kB
MemTotal:        1844596 kB
MemFree:         1520484 kB
MemAvailable:    1551736 kB
Buffers:           24508 kB
Cached:           139236 kB
MemTotal:        1844596 kB
MemFree:         1519052 kB
MemAvailable:    1550304 kB
Buffers:           24508 kB
Cached:           139236 kB
MemTotal:        1844596 kB
MemFree:         1518368 kB
MemAvailable:    1549620 kB
Buffers:           24508 kB
Cached:           139236 kB
MemTotal:        1844596 kB
MemFree:         1518580 kB
MemAvailable:    1549832 kB
Buffers:           24508 kB
Cached:           139236 kB
MemTotal:        1844596 kB
MemFree:         1514532 kB
MemAvailable:    1545784 kB
Buffers:           24508 kB
Cached:           139236 kB
MemTotal:        1844596 kB
MemFree:         1512184 kB
MemAvailable:    1543436 kB
Buffers:           24508 kB
Cached:           139236 kB
MemTotal:        1844596 kB
MemFree:         1511680 kB
MemAvailable:    1542932 kB
Buffers:           24508 kB
Cached:           139236 kB
MemTotal:        1844596 kB
MemFree:         1512680 kB
MemAvailable:    1543932 kB
Buffers:           24508 kB
Cached:           139236 kB
MemTotal:        1844596 kB
MemFree:         1512540 kB
MemAvailable:    1543792 kB
Buffers:           24508 kB
Cached:           139236 kB
MemTotal:        1844596 kB
MemFree:         1512432 kB
MemAvailable:    1543684 kB
Buffers:           24508 kB
Cached:           139236 kB
MemTotal:        1844596 kB
MemFree:         1512236 kB
MemAvailable:    1543488 kB
Buffers:           24508 kB
Cached:           139236 kB
MemTotal:        1844596 kB
MemFree:         1512572 kB
MemAvailable:    1543824 kB
Buffers:           24508 kB
Cached:           139236 kB
MemTotal:        1844596 kB
MemFree:         1512356 kB
MemAvailable:    1543608 kB
Buffers:           24508 kB
Cached:           139236 kB
MemTotal:        1844596 kB
MemFree:         1512256 kB
MemAvailable:    1543508 kB
Buffers:           24508 kB
Cached:           139236 kB
MemTotal:        1844596 kB
MemFree:         1512656 kB
MemAvailable:    1543908 kB
Buffers:           24508 kB
Cached:           139236 kB
MemTotal:        1844596 kB
MemFree:         1512656 kB
MemAvailable:    1543908 kB
Buffers:           24508 kB
Cached:           139236 kB
MemTotal:        1844596 kB
MemFree:         1512528 kB
MemAvailable:    1543780 kB
Buffers:           24508 kB
Cached:           139236 kB
MemTotal:        1844596 kB
MemFree:         1512780 kB
MemAvailable:    1544032 kB
Buffers:           24508 kB
Cached:           139236 kB
MemTotal:        1844596 kB
MemFree:         1511044 kB
MemAvailable:    1542296 kB
Buffers:           24508 kB
Cached:           139236 kB
MemTotal:        1844596 kB
MemFree:         1511300 kB
MemAvailable:    1542552 kB
Buffers:           24508 kB
Cached:           139236 kB
MemTotal:        1844596 kB
MemFree:         1512056 kB
MemAvailable:    1543392 kB
Buffers:           24508 kB
Cached:           139236 kB
MemTotal:        1844596 kB
MemFree:         1511168 kB
MemAvailable:    1542420 kB
Buffers:           24508 kB
Cached:           139236 kB
MemTotal:        1844596 kB
MemFree:         1511936 kB
MemAvailable:    1543188 kB
Buffers:           24508 kB
Cached:           139236 kB
MemTotal:        1844596 kB
MemFree:         1510432 kB
MemAvailable:    1541684 kB
Buffers:           24508 kB
Cached:           139236 kB
MemTotal:        1844596 kB
MemFree:         1511548 kB
MemAvailable:    1542800 kB
Buffers:           24508 kB
Cached:           139236 kB
MemTotal:        1844596 kB
MemFree:         1510068 kB
MemAvailable:    1541320 kB
Buffers:           24508 kB
Cached:           139236 kB
MemTotal:        1844596 kB
MemFree:         1510672 kB
MemAvailable:    1541924 kB
Buffers:           24508 kB
Cached:           139236 kB
MemTotal:        1844596 kB
MemFree:         1510440 kB
MemAvailable:    1541692 kB
Buffers:           24508 kB
Cached:           139236 kB
MemTotal:        1844596 kB
MemFree:         1509812 kB
MemAvailable:    1541064 kB
Buffers:           24508 kB
Cached:           139236 kB
MemTotal:        1844596 kB
MemFree:         1510148 kB
MemAvailable:    1541400 kB
Buffers:           24508 kB
Cached:           139236 kB
MemTotal:        1844596 kB
MemFree:         1509820 kB
MemAvailable:    1541072 kB
Buffers:           24508 kB
Cached:           139236 kB
MemTotal:        1844596 kB
MemFree:         1507720 kB
MemAvailable:    1538972 kB
Buffers:           24508 kB
Cached:           139236 kB
MemTotal:        1844596 kB
MemFree:         1507540 kB
MemAvailable:    1538792 kB
Buffers:           24508 kB
Cached:           139236 kB
MemTotal:        1844596 kB
MemFree:         1507960 kB
MemAvailable:    1539212 kB
Buffers:           24508 kB
Cached:           139236 kB
MemTotal:        1844596 kB
MemFree:         1509084 kB
MemAvailable:    1540336 kB
Buffers:           24508 kB
Cached:           139236 kB
MemTotal:        1844596 kB
MemFree:         1507712 kB
MemAvailable:    1538964 kB
Buffers:           24508 kB
Cached:           139236 kB
MemTotal:        1844596 kB
MemFree:         1508552 kB
MemAvailable:    1539804 kB
Buffers:           24508 kB
Cached:           139236 kB
MemTotal:        1844596 kB
MemFree:         1508552 kB
MemAvailable:    1539804 kB
Buffers:           24508 kB
Cached:           139236 kB
MemTotal:        1844596 kB
MemFree:         1508532 kB
MemAvailable:    1539784 kB
Buffers:           24508 kB
Cached:           139236 kB
MemTotal:        1844596 kB
MemFree:         1507328 kB
MemAvailable:    1538580 kB
Buffers:           24508 kB
Cached:           139236 kB
MemTotal:        1844596 kB
MemFree:         1508512 kB
MemAvailable:    1539764 kB
Buffers:           24508 kB
Cached:           139236 kB
MemTotal:        1844596 kB
MemFree:         1508764 kB
MemAvailable:    1540016 kB
Buffers:           24508 kB
Cached:           139236 kB
MemTotal:        1844596 kB
MemFree:         1508392 kB
MemAvailable:    1539644 kB
Buffers:           24508 kB
Cached:           139236 kB
MemTotal:        1844596 kB
MemFree:         1508728 kB
MemAvailable:    1539980 kB
Buffers:           24508 kB
Cached:           139236 kB
MemTotal:        1844596 kB
MemFree:         1506968 kB
MemAvailable:    1538220 kB
Buffers:           24508 kB
Cached:           139236 kB
MemTotal:        1844596 kB
MemFree:         1508084 kB
MemAvailable:    1539336 kB
Buffers:           24508 kB
Cached:           139236 kB
MemTotal:        1844596 kB
MemFree:         1505612 kB
MemAvailable:    1536864 kB
Buffers:           24508 kB
Cached:           139236 kB
MemTotal:        1844596 kB
MemFree:         1501892 kB
MemAvailable:    1533144 kB
Buffers:           24508 kB
Cached:           139236 kB
MemTotal:        1844596 kB
MemFree:         1500396 kB
MemAvailable:    1531732 kB
Buffers:           24508 kB
Cached:           139360 kB
MemTotal:        1844596 kB
MemFree:         1500892 kB
MemAvailable:    1532312 kB
Buffers:           24508 kB
Cached:           139360 kB
MemTotal:        1844596 kB
MemFree:         1501192 kB
MemAvailable:    1532780 kB
Buffers:           24508 kB
Cached:           139484 kB
MemTotal:        1844596 kB
MemFree:         1501528 kB
MemAvailable:    1533116 kB
Buffers:           24508 kB
Cached:           139484 kB
MemTotal:        1844596 kB
MemFree:         1501260 kB
MemAvailable:    1533016 kB
Buffers:           24508 kB
Cached:           139732 kB
MemTotal:        1844596 kB
MemFree:         1500024 kB
MemAvailable:    1531864 kB
Buffers:           24508 kB
Cached:           139732 kB
MemTotal:        1844596 kB
MemFree:         1500864 kB
MemAvailable:    1532704 kB
Buffers:           24508 kB
Cached:           139732 kB
MemTotal:        1844596 kB
MemFree:         1501200 kB
MemAvailable:    1533040 kB
Buffers:           24508 kB
Cached:           139732 kB
MemTotal:        1844596 kB
MemFree:         1499708 kB
MemAvailable:    1531548 kB
Buffers:           24508 kB
Cached:           139856 kB
MemTotal:        1844596 kB
MemFree:         1500396 kB
MemAvailable:    1532236 kB
Buffers:           24508 kB
Cached:           139856 kB
MemTotal:        1844596 kB
MemFree:         1500824 kB
MemAvailable:    1532664 kB
Buffers:           24508 kB
Cached:           139856 kB
MemTotal:        1844596 kB
MemFree:         1501160 kB
MemAvailable:    1533000 kB
Buffers:           24508 kB
Cached:           139856 kB
MemTotal:        1844596 kB
MemFree:         1501052 kB
MemAvailable:    1532892 kB
Buffers:           24508 kB
Cached:           139856 kB
MemTotal:        1844596 kB
MemFree:         1499752 kB
MemAvailable:    1531592 kB
Buffers:           24508 kB
Cached:           139856 kB
MemTotal:        1844596 kB
MemFree:         1501532 kB
MemAvailable:    1532784 kB
Buffers:           24508 kB
Cached:           139308 kB
MemTotal:        1844596 kB
MemFree:         1551840 kB
MemAvailable:    1583092 kB
Buffers:           24508 kB
Cached:           139308 kB
