MemTotal:        1844596 kB
MemFree:         1238356 kB
MemAvailable:    1545328 kB
Buffers:           57576 kB
Cached:           368488 kB
MemTotal:        1844596 kB
MemFree:         1237000 kB
MemAvailable:    1543972 kB
Buffers:           57576 kB
Cached:           368488 kB
MemTotal:        1844596 kB
MemFree:         1234372 kB
MemAvailable:    1541344 kB
Buffers:           57576 kB
Cached:           368488 kB
MemTotal:        1844596 kB
MemFree:         1234376 kB
MemAvailable:    1541348 kB
Buffers:           57576 kB
Cached:           368488 kB
MemTotal:        1844596 kB
MemFree:         1234644 kB
MemAvailable:    1541616 kB
Buffers:           57576 kB
Cached:           368488 kB
MemTotal:        1844596 kB
MemFree:         1234380 kB
MemAvailable:    1541352 kB
Buffers:           57576 kB
Cached:           368488 kB
MemTotal:        1844596 kB
MemFree:         1233404 kB
MemAvailable:    1540376 kB
Buffers:           57576 kB
Cached:           368488 kB
MemTotal:        1844596 kB
MemFree:         1230924 kB
MemAvailable:    1537896 kB
Buffers:           57576 kB
Cached:           368488 kB
MemTotal:        1844596 kB
MemFree:         1227924 kB
MemAvailable:    1534896 kB
Buffers:           57576 kB
Cached:           368488 kB
MemTotal:        1844596 kB
MemFree:         1227924 kB
MemAvailable:    1534896 kB
Buffers:           57576 kB
Cached:           368488 kB
MemTotal:        1844596 kB
MemFree:         1223288 kB
MemAvailable:    1530260 kB
Buffers:           57576 kB
Cached:           368488 kB
MemTotal:        1844596 kB
MemFree:         1224352 kB
MemAvailable:    1531324 kB
Buffers:           57576 kB
Cached:           368488 kB
MemTotal:        1844596 kB
MemFree:         1224648 kB
MemAvailable:    1531620 kB
Buffers:           57576 kB
Cached:           368488 kB
MemTotal:        1844596 kB
MemFree:         1224648 kB
MemAvailable:    1531620 kB
Buffers:           57576 kB
Cached:           368488 kB
MemTotal:        1844596 kB
MemFree:         1224440 kB
MemAvailable:    1531412 kB
Buffers:           57576 kB
Cached:           368488 kB
MemTotal:        1844596 kB
MemFree:         1224416 kB
MemAvailable:    1531388 kB
Buffers:           57576 kB
Cached:           368488 kB
MemTotal:        1844596 kB
MemFree:         1224564 kB
MemAvailable:    1531536 kB
Buffers:           57576 kB
Cached:           368488 kB
MemTotal:        1844596 kB
MemFree:         1224272 kB
MemAvailable:    1531244 kB
Buffers:           57576 kB
Cached:           368488 kB
MemTotal:        1844596 kB
MemFree:         1222740 kB
MemAvailable:    1529712 kB
Buffers:           57576 kB
Cached:           368488 kB
MemTotal:        1844596 kB
MemFree:         1222344 kB
MemAvailable:    1529316 kB
Buffers:           57576 kB
Cached:           368488 kB
MemTotal:        1844596 kB
MemFree:         1221500 kB
MemAvailable:    1528472 kB
Buffers:           57576 kB
Cached:           368488 kB
MemTotal:        1844596 kB
MemFree:         1222064 kB
MemAvailable:    1529036 kB
Buffers:           57576 kB
Cached:           368488 kB
MemTotal:        1844596 kB
MemFree:         1220728 kB
MemAvailable:    1527700 kB
Buffers:           57576 kB
Cached:           368488 kB
MemTotal:        1844596 kB
MemFree:         1222036 kB
MemAvailable:    1529008 kB
Buffers:           57576 kB
Cached:           368488 kB
MemTotal:        1844596 kB
MemFree:         1222224 kB
MemAvailable:    1529196 kB
Buffers:           57576 kB
Cached:           368488 kB
MemTotal:        1844596 kB
MemFree:         1221120 kB
MemAvailable:    1528092 kB
Buffers:           57576 kB
Cached:           368488 kB
MemTotal:        1844596 kB
MemFree:         1220688 kB
MemAvailable:    1527660 kB
Buffers:           57576 kB
Cached:           368488 kB
MemTotal:        1844596 kB
MemFree:         1221996 kB
MemAvailable:    1528968 kB
Buffers:           57576 kB
Cached:           368488 kB
MemTotal:        1844596 kB
MemFree:         1220940 kB
MemAvailable:    1527912 kB
Buffers:           57576 kB
Cached:           368488 kB
MemTotal:        1844596 kB
MemFree:         1222112 kB
MemAvailable:    1529084 kB
Buffers:           57576 kB
Cached:           368488 kB
MemTotal:        1844596 kB
MemFree:         1223464 kB
MemAvailable:    1530436 kB
Buffers:           57576 kB
Cached:           368488 kB
MemTotal:        1844596 kB
MemFree:         1223236 kB
MemAvailable:    1530208 kB
Buffers:           57576 kB
Cached:           368488 kB
MemTotal:        1844596 kB
MemFree:         1221748 kB
MemAvailable:    1528720 kB
Buffers:           57576 kB
Cached:           368488 kB
MemTotal:        1844596 kB
MemFree:         1219880 kB
MemAvailable:    1526852 kB
Buffers:           57576 kB
Cached:           368488 kB
MemTotal:        1844596 kB
MemFree:         1220320 kB
MemAvailable:    1527292 kB
Buffers:           57576 kB
Cached:           368488 kB
MemTotal:        1844596 kB
MemFree:         1219452 kB
MemAvailable:    1526424 kB
Buffers:           57576 kB
Cached:           368488 kB
MemTotal:        1844596 kB
MemFree:         1218756 kB
MemAvailable:    1525728 kB
Buffers:           57576 kB
Cached:           368488 kB
MemTotal:        1844596 kB
MemFree:         1219008 kB
MemAvailable:    1525980 kB
Buffers:           57576 kB
Cached:           368488 kB
MemTotal:        1844596 kB
MemFree:         1218112 kB
MemAvailable:    1525084 kB
Buffers:           57576 kB
Cached:           368488 kB
MemTotal:        1844596 kB
MemFree:         1217756 kB
MemAvailable:    1524704 kB
Buffers:           57576 kB
Cached:           368424 kB
MemTotal:        1844596 kB
MemFree:         1217924 kB
MemAvailable:    1524872 kB
Buffers:           57576 kB
Cached:           368424 kB
MemTotal:        1844596 kB
MemFree:         1217956 kB
MemAvailable:    1524904 kB
Buffers:           57576 kB
Cached:           368424 kB
MemTotal:        1844596 kB
MemFree:         1216912 kB
MemAvailable:    1523860 kB
Buffers:           57576 kB
Cached:           368424 kB
MemTotal:        1844596 kB
MemFree:         1217724 kB
MemAvailable:    1524672 kB
Buffers:           57576 kB
Cached:           368424 kB
MemTotal:        1844596 kB
MemFree:         1216484 kB
MemAvailable:    1523432 kB
Buffers:           57576 kB
Cached:           368424 kB
MemTotal:        1844596 kB
MemFree:         1217700 kB
MemAvailable:    1524648 kB
Buffers:           57576 kB
Cached:           368424 kB
MemTotal:        1844596 kB
MemFree:         1217700 kB
MemAvailable:    1524648 kB
Buffers:           57576 kB
Cached:           368424 kB
MemTotal:        1844596 kB
MemFree:         1217344 kB
MemAvailable:    1524292 kB
Buffers:           57576 kB
Cached:           368424 kB
MemTotal:        1844596 kB
MemFree:         1217152 kB
MemAvailable:    1524100 kB
Buffers:           57576 kB
Cached:           368424 kB
MemTotal:        1844596 kB
MemFree:         1215656 kB
MemAvailable:    1522604 kB
Buffers:           57576 kB
Cached:           368424 kB
MemTotal:        1844596 kB
MemFree:         1216956 kB
MemAvailable:    1523904 kB
Buffers:           57576 kB
Cached:           368424 kB
MemTotal:        1844596 kB
MemFree:         1216540 kB
MemAvailable:    1523488 kB
Buffers:           57576 kB
Cached:           368424 kB
MemTotal:        1844596 kB
MemFree:         1216760 kB
MemAvailable:    1523708 kB
Buffers:           57576 kB
Cached:           368424 kB
MemTotal:        1844596 kB
MemFree:         1216964 kB
MemAvailable:    1523912 kB
Buffers:           57576 kB
Cached:           368424 kB
MemTotal:        1844596 kB
MemFree:         1216700 kB
MemAvailable:    1523648 kB
Buffers:           57576 kB
Cached:           368424 kB
MemTotal:        1844596 kB
MemFree:         1216868 kB
MemAvailable:    1523816 kB
Buffers:           57576 kB
Cached:           368424 kB
MemTotal:        1844596 kB
MemFree:         1216912 kB
MemAvailable:    1523860 kB
Buffers:           57576 kB
Cached:           368424 kB
MemTotal:        1844596 kB
MemFree:         1216168 kB
MemAvailable:    1523116 kB
Buffers:           57576 kB
Cached:           368424 kB
MemTotal:        1844596 kB
MemFree:         1216752 kB
MemAvailable:    1523700 kB
Buffers:           57576 kB
Cached:           368424 kB
MemTotal:        1844596 kB
MemFree:         1217004 kB
MemAvailable:    1523952 kB
Buffers:           57576 kB
Cached:           368424 kB
MemTotal:        1844596 kB
MemFree:         1215736 kB
MemAvailable:    1522684 kB
Buffers:           57576 kB
Cached:           368424 kB
MemTotal:        1844596 kB
MemFree:         1216704 kB
MemAvailable:    1523652 kB
Buffers:           57576 kB
Cached:           368424 kB
MemTotal:        1844596 kB
MemFree:         1216704 kB
MemAvailable:    1523652 kB
Buffers:           57576 kB
Cached:           368424 kB
MemTotal:        1844596 kB
MemFree:         1216200 kB
MemAvailable:    1523148 kB
Buffers:           57576 kB
Cached:           368424 kB
MemTotal:        1844596 kB
MemFree:         1216200 kB
MemAvailable:    1523148 kB
Buffers:           57576 kB
Cached:           368424 kB
MemTotal:        1844596 kB
MemFree:         1216056 kB
MemAvailable:    1523004 kB
Buffers:           57576 kB
Cached:           368424 kB
MemTotal:        1844596 kB
MemFree:         1215892 kB
MemAvailable:    1522840 kB
Buffers:           57576 kB
Cached:           368424 kB
MemTotal:        1844596 kB
MemFree:         1216144 kB
MemAvailable:    1523092 kB
Buffers:           57576 kB
Cached:           368424 kB
MemTotal:        1844596 kB
MemFree:         1216088 kB
MemAvailable:    1523036 kB
Buffers:           57576 kB
Cached:           368424 kB
MemTotal:        1844596 kB
MemFree:         1214736 kB
MemAvailable:    1521684 kB
Buffers:           57576 kB
Cached:           368424 kB
MemTotal:        1844596 kB
MemFree:         1216108 kB
MemAvailable:    1523056 kB
Buffers:           57576 kB
Cached:           368424 kB
MemTotal:        1844596 kB
MemFree:         1215184 kB
MemAvailable:    1522132 kB
Buffers:           57576 kB
Cached:           368424 kB
MemTotal:        1844596 kB
MemFree:         1216104 kB
MemAvailable:    1523052 kB
Buffers:           57576 kB
Cached:           368424 kB
MemTotal:        1844596 kB
MemFree:         1214540 kB
MemAvailable:    1521488 kB
Buffers:           57576 kB
Cached:           368424 kB
MemTotal:        1844596 kB
MemFree:         1215252 kB
MemAvailable:    1522200 kB
Buffers:           57576 kB
Cached:           368424 kB
MemTotal:        1844596 kB
MemFree:         1214488 kB
MemAvailable:    1521436 kB
Buffers:           57576 kB
Cached:           368424 kB
MemTotal:        1844596 kB
MemFree:         1213812 kB
MemAvailable:    1520760 kB
Buffers:           57576 kB
Cached:           368424 kB
MemTotal:        1844596 kB
MemFree:         1213192 kB
MemAvailable:    1520140 kB
Buffers:           57576 kB
Cached:           368424 kB
MemTotal:        1844596 kB
MemFree:         1209596 kB
MemAvailable:    1516544 kB
Buffers:           57576 kB
Cached:           368424 kB
MemTotal:        1844596 kB
MemFree:         1208472 kB
MemAvailable:    1515420 kB
Buffers:           57576 kB
Cached:           368424 kB
MemTotal:        1844596 kB
MemFree:         1208232 kB
MemAvailable:    1515180 kB
Buffers:           57576 kB
Cached:           368424 kB
MemTotal:        1844596 kB
MemFree:         1208152 kB
MemAvailable:    1515100 kB
Buffers:           57576 kB
Cached:           368424 kB
MemTotal:        1844596 kB
MemFree:         1207828 kB
MemAvailable:    1514776 kB
Buffers:           57576 kB
Cached:           368424 kB
MemTotal:        1844596 kB
MemFree:         1206928 kB
MemAvailable:    1513876 kB
Buffers:           57576 kB
Cached:           368424 kB
MemTotal:        1844596 kB
MemFree:         1207896 kB
MemAvailable:    1514844 kB
Buffers:           57576 kB
Cached:           368424 kB
MemTotal:        1844596 kB
MemFree:         1208232 kB
MemAvailable:    1515180 kB
Buffers:           57576 kB
Cached:           368424 kB
MemTotal:        1844596 kB
MemFree:         1207788 kB
MemAvailable:    1514736 kB
Buffers:           57576 kB
Cached:           368424 kB
MemTotal:        1844596 kB
MemFree:         1208040 kB
MemAvailable:    1514988 kB
Buffers:           57576 kB
Cached:           368424 kB
MemTotal:        1844596 kB
MemFree:         1208048 kB
MemAvailable:    1514996 kB
Buffers:           57576 kB
Cached:           368424 kB
MemTotal:        1844596 kB
MemFree:         1207232 kB
MemAvailable:    1514180 kB
Buffers:           57576 kB
Cached:           368424 kB
MemTotal:        1844596 kB
MemFree:         1207964 kB
MemAvailable:    1514912 kB
Buffers:           57576 kB
Cached:           368424 kB
MemTotal:        1844596 kB
MemFree:         1208084 kB
MemAvailable:    1515032 kB
Buffers:           57576 kB
Cached:           368424 kB
MemTotal:        1844596 kB
MemFree:         1208044 kB
MemAvailable:    1514992 kB
Buffers:           57576 kB
Cached:           368424 kB
MemTotal:        1844596 kB
MemFree:         1207796 kB
MemAvailable:    1514744 kB
Buffers:           57576 kB
Cached:           368424 kB
MemTotal:        1844596 kB
MemFree:         1208048 kB
MemAvailable:    1514996 kB
Buffers:           57576 kB
Cached:           368424 kB
MemTotal:        1844596 kB
MemFree:         1207920 kB
MemAvailable:    1514868 kB
Buffers:           57576 kB
Cached:           368424 kB
MemTotal:        1844596 kB
MemFree:         1207548 kB
MemAvailable:    1514496 kB
Buffers:           57576 kB
Cached:           368424 kB
MemTotal:        1844596 kB
MemFree:         1207356 kB
MemAvailable:    1514304 kB
Buffers:           57576 kB
Cached:           368424 kB
MemTotal:        1844596 kB
MemFree:         1206968 kB
MemAvailable:    1513916 kB
Buffers:           57576 kB
Cached:           368424 kB
MemTotal:        1844596 kB
MemFree:         1207052 kB
MemAvailable:    1514000 kB
Buffers:           57576 kB
Cached:           368424 kB
MemTotal:        1844596 kB
MemFree:         1206556 kB
MemAvailable:    1513504 kB
Buffers:           57576 kB
Cached:           368424 kB
MemTotal:        1844596 kB
MemFree:         1206424 kB
MemAvailable:    1513372 kB
Buffers:           57576 kB
Cached:           368424 kB
MemTotal:        1844596 kB
MemFree:         1206476 kB
MemAvailable:    1513424 kB
Buffers:           57576 kB
Cached:           368424 kB
MemTotal:        1844596 kB
MemFree:         1205116 kB
MemAvailable:    1512064 kB
Buffers:           57576 kB
Cached:           368424 kB
MemTotal:        1844596 kB
MemFree:         1205008 kB
MemAvailable:    1511956 kB
Buffers:           57576 kB
Cached:           368424 kB
MemTotal:        1844596 kB
MemFree:         1204928 kB
MemAvailable:    1511876 kB
Buffers:           57576 kB
Cached:           368424 kB
MemTotal:        1844596 kB
MemFree:         1204620 kB
MemAvailable:    1511568 kB
Buffers:           57576 kB
Cached:           368424 kB
MemTotal:        1844596 kB
MemFree:         1204620 kB
MemAvailable:    1511568 kB
Buffers:           57576 kB
Cached:           368424 kB
MemTotal:        1844596 kB
MemFree:         1204308 kB
MemAvailable:    1511256 kB
Buffers:           57576 kB
Cached:           368424 kB
MemTotal:        1844596 kB
MemFree:         1204476 kB
MemAvailable:    1511424 kB
Buffers:           57576 kB
Cached:           368424 kB
MemTotal:        1844596 kB
MemFree:         1204192 kB
MemAvailable:    1511140 kB
Buffers:           57576 kB
Cached:           368424 kB
MemTotal:        1844596 kB
MemFree:         1204084 kB
MemAvailable:    1511032 kB
Buffers:           57576 kB
Cached:           368424 kB
MemTotal:        1844596 kB
MemFree:         1203140 kB
MemAvailable:    1510088 kB
Buffers:           57576 kB
Cached:           368424 kB
MemTotal:        1844596 kB
MemFree:         1203888 kB
MemAvailable:    1510836 kB
Buffers:           57576 kB
Cached:           368424 kB
MemTotal:        1844596 kB
MemFree:         1203980 kB
MemAvailable:    1510928 kB
Buffers:           57576 kB
Cached:           368424 kB
MemTotal:        1844596 kB
MemFree:         1204232 kB
MemAvailable:    1511180 kB
Buffers:           57576 kB
Cached:           368424 kB
MemTotal:        1844596 kB
MemFree:         1204008 kB
MemAvailable:    1510956 kB
Buffers:           57576 kB
Cached:           368424 kB
MemTotal:        1844596 kB
MemFree:         1202700 kB
MemAvailable:    1509648 kB
Buffers:           57576 kB
Cached:           368424 kB
MemTotal:        1844596 kB
MemFree:         1203752 kB
MemAvailable:    1510700 kB
Buffers:           57576 kB
Cached:           368424 kB
MemTotal:        1844596 kB
MemFree:         1203752 kB
MemAvailable:    1510700 kB
Buffers:           57576 kB
Cached:           368424 kB
MemTotal:        1844596 kB
MemFree:         1203400 kB
MemAvailable:    1510348 kB
Buffers:           57576 kB
Cached:           368424 kB
MemTotal:        1844596 kB
MemFree:         1203268 kB
MemAvailable:    1510216 kB
Buffers:           57576 kB
Cached:           368424 kB
MemTotal:        1844596 kB
MemFree:         1198932 kB
MemAvailable:    1505880 kB
Buffers:           57576 kB
Cached:           368424 kB
MemTotal:        1844596 kB
MemFree:         1196196 kB
MemAvailable:    1503156 kB
Buffers:           57580 kB
Cached:           368432 kB
MemTotal:        1844596 kB
MemFree:         1196080 kB
MemAvailable:    1503040 kB
Buffers:           57580 kB
Cached:           368556 kB
MemTotal:        1844596 kB
MemFree:         1196320 kB
MemAvailable:    1503448 kB
Buffers:           57580 kB
Cached:           368556 kB
MemTotal:        1844596 kB
MemFree:         1196612 kB
MemAvailable:    1503856 kB
Buffers:           57580 kB
Cached:           368752 kB
MemTotal:        1844596 kB
MemFree:         1196820 kB
MemAvailable:    1504064 kB
Buffers:           57580 kB
Cached:           368752 kB
MemTotal:        1844596 kB
MemFree:         1196672 kB
MemAvailable:    1504084 kB
Buffers:           57580 kB
Cached:           368876 kB
MemTotal:        1844596 kB
MemFree:         1195260 kB
MemAvailable:    1502756 kB
Buffers:           57580 kB
Cached:           369000 kB
MemTotal:        1844596 kB
MemFree:         1195840 kB
MemAvailable:    1503420 kB
Buffers:           57580 kB
Cached:           369000 kB
MemTotal:        1844596 kB
MemFree:         1196464 kB
MemAvailable:    1504044 kB
Buffers:           57580 kB
Cached:           369000 kB
MemTotal:        1844596 kB
MemFree:         1196500 kB
MemAvailable:    1504080 kB
Buffers:           57580 kB
Cached:           369000 kB
MemTotal:        1844596 kB
MemFree:         1196260 kB
MemAvailable:    1503840 kB
Buffers:           57580 kB
Cached:           369000 kB
MemTotal:        1844596 kB
MemFree:         1196516 kB
MemAvailable:    1504096 kB
Buffers:           57580 kB
Cached:           369000 kB
MemTotal:        1844596 kB
MemFree:         1196264 kB
MemAvailable:    1503844 kB
Buffers:           57580 kB
Cached:           369000 kB
MemTotal:        1844596 kB
MemFree:         1196476 kB
MemAvailable:    1504056 kB
Buffers:           57580 kB
Cached:           369000 kB
MemTotal:        1844596 kB
MemFree:         1194928 kB
MemAvailable:    1502508 kB
Buffers:           57580 kB
Cached:           369000 kB
MemTotal:        1844596 kB
MemFree:         1196388 kB
MemAvailable:    1503968 kB
Buffers:           57580 kB
Cached:           369000 kB
MemTotal:        1844596 kB
MemFree:         1196280 kB
MemAvailable:    1503860 kB
Buffers:           57580 kB
Cached:           369000 kB
MemTotal:        1844596 kB
MemFree:         1196444 kB
MemAvailable:    1504108 kB
Buffers:           57580 kB
Cached:           369124 kB
MemTotal:        1844596 kB
MemFree:         1196064 kB
MemAvailable:    1503056 kB
Buffers:           57580 kB
Cached:           368452 kB
MemTotal:        1844596 kB
MemFree:         1265272 kB
MemAvailable:    1572264 kB
Buffers:           57580 kB
Cached:           368452 kB
