MemTotal:        1844596 kB
MemFree:         1376828 kB
MemAvailable:    1562472 kB
Buffers:           44432 kB
Cached:           270936 kB
MemTotal:        1844596 kB
MemFree:         1373216 kB
MemAvailable:    1558860 kB
Buffers:           44432 kB
Cached:           270936 kB
MemTotal:        1844596 kB
MemFree:         1371240 kB
MemAvailable:    1556884 kB
Buffers:           44432 kB
Cached:           270936 kB
MemTotal:        1844596 kB
MemFree:         1372292 kB
MemAvailable:    1557936 kB
Buffers:           44432 kB
Cached:           270936 kB
MemTotal:        1844596 kB
MemFree:         1372544 kB
MemAvailable:    1558188 kB
Buffers:           44432 kB
Cached:           270936 kB
MemTotal:        1844596 kB
MemFree:         1370124 kB
MemAvailable:    1555768 kB
Buffers:           44432 kB
Cached:           270936 kB
MemTotal:        1844596 kB
MemFree:         1369736 kB
MemAvailable:    1555380 kB
Buffers:           44432 kB
Cached:           270936 kB
MemTotal:        1844596 kB
MemFree:         1369820 kB
MemAvailable:    1555464 kB
Buffers:           44432 kB
Cached:           270936 kB
MemTotal:        1844596 kB
MemFree:         1365916 kB
MemAvailable:    1551560 kB
Buffers:           44432 kB
Cached:           270936 kB
MemTotal:        1844596 kB
MemFree:         1363808 kB
MemAvailable:    1549452 kB
Buffers:           44432 kB
Cached:           270936 kB
MemTotal:        1844596 kB
MemFree:         1359948 kB
MemAvailable:    1545592 kB
Buffers:           44432 kB
Cached:           270936 kB
MemTotal:        1844596 kB
MemFree:         1359716 kB
MemAvailable:    1545360 kB
Buffers:           44432 kB
Cached:           270936 kB
MemTotal:        1844596 kB
MemFree:         1359876 kB
MemAvailable:    1545520 kB
Buffers:           44432 kB
Cached:           270936 kB
MemTotal:        1844596 kB
MemFree:         1361184 kB
MemAvailable:    1546828 kB
Buffers:           44432 kB
Cached:           270936 kB
MemTotal:        1844596 kB
MemFree:         1360460 kB
MemAvailable:    1546104 kB
Buffers:           44432 kB
Cached:           270936 kB
MemTotal:        1844596 kB
MemFree:         1361052 kB
MemAvailable:    1546696 kB
Buffers:           44432 kB
Cached:           270936 kB
MemTotal:        1844596 kB
MemFree:         1361192 kB
MemAvailable:    1546836 kB
Buffers:           44432 kB
Cached:           270936 kB
MemTotal:        1844596 kB
MemFree:         1360740 kB
MemAvailable:    1546384 kB
Buffers:           44432 kB
Cached:           270936 kB
MemTotal:        1844596 kB
MemFree:         1360576 kB
MemAvailable:    1546220 kB
Buffers:           44432 kB
Cached:           270936 kB
MemTotal:        1844596 kB
MemFree:         1358476 kB
MemAvailable:    1544120 kB
Buffers:           44432 kB
Cached:           270936 kB
MemTotal:        1844596 kB
MemFree:         1357980 kB
MemAvailable:    1543624 kB
Buffers:           44432 kB
Cached:           270936 kB
MemTotal:        1844596 kB
MemFree:         1357724 kB
MemAvailable:    1543368 kB
Buffers:           44432 kB
Cached:           270936 kB
MemTotal:        1844596 kB
MemFree:         1357848 kB
MemAvailable:    1543492 kB
Buffers:           44432 kB
Cached:           270936 kB
MemTotal:        1844596 kB
MemFree:         1358628 kB
MemAvailable:    1544280 kB
Buffers:           44432 kB
Cached:           270940 kB
MemTotal:        1844596 kB
MemFree:         1358800 kB
MemAvailable:    1544452 kB
Buffers:           44432 kB
Cached:           270940 kB
MemTotal:        1844596 kB
MemFree:         1357600 kB
MemAvailable:    1543252 kB
Buffers:           44432 kB
Cached:           270940 kB
MemTotal:        1844596 kB
MemFree:         1358908 kB
MemAvailable:    1544560 kB
Buffers:           44432 kB
Cached:           270940 kB
MemTotal:        1844596 kB
MemFree:         1357980 kB
MemAvailable:    1543632 kB
Buffers:           44432 kB
Cached:           270940 kB
MemTotal:        1844596 kB
MemFree:         1358656 kB
MemAvailable:    1544308 kB
Buffers:           44432 kB
Cached:           270940 kB
MemTotal:        1844596 kB
MemFree:         1358656 kB
MemAvailable:    1544308 kB
Buffers:           44432 kB
Cached:           270940 kB
MemTotal:        1844596 kB
MemFree:         1360008 kB
MemAvailable:    1545660 kB
Buffers:           44432 kB
Cached:           270940 kB
MemTotal:        1844596 kB
MemFree:         1359924 kB
MemAvailable:    1545576 kB
Buffers:           44432 kB
Cached:           270940 kB
MemTotal:        1844596 kB
MemFree:         1358476 kB
MemAvailable:    1544128 kB
Buffers:           44432 kB
Cached:           270940 kB
MemTotal:        1844596 kB
MemFree:         1356848 kB
MemAvailable:    1542504 kB
Buffers:           44432 kB
Cached:           270944 kB
MemTotal:        1844596 kB
MemFree:         1356936 kB
MemAvailable:    1542592 kB
Buffers:           44432 kB
Cached:           270944 kB
MemTotal:        1844596 kB
MemFree:         1356368 kB
MemAvailable:    1542024 kB
Buffers:           44432 kB
Cached:           270944 kB
MemTotal:        1844596 kB
MemFree:         1355808 kB
MemAvailable:    1541464 kB
Buffers:           44432 kB
Cached:           270944 kB
MemTotal:        1844596 kB
MemFree:         1354640 kB
MemAvailable:    1540296 kB
Buffers:           44432 kB
Cached:           270944 kB
MemTotal:        1844596 kB
MemFree:         1354988 kB
MemAvailable:    1540644 kB
Buffers:           44432 kB
Cached:           270944 kB
MemTotal:        1844596 kB
MemFree:         1355116 kB
MemAvailable:    1540772 kB
Buffers:           44432 kB
Cached:           270944 kB
MemTotal:        1844596 kB
MemFree:         1353756 kB
MemAvailable:    1539412 kB
Buffers:           44432 kB
Cached:           270944 kB
MemTotal:        1844596 kB
MemFree:         1353632 kB
MemAvailable:    1539288 kB
Buffers:           44432 kB
Cached:           270944 kB
MemTotal:        1844596 kB
MemFree:         1353960 kB
MemAvailable:    1539616 kB
Buffers:           44432 kB
Cached:           270944 kB
MemTotal:        1844596 kB
MemFree:         1354460 kB
MemAvailable:    1540116 kB
Buffers:           44432 kB
Cached:           270944 kB
MemTotal:        1844596 kB
MemFree:         1354624 kB
MemAvailable:    1540280 kB
Buffers:           44432 kB
Cached:           270944 kB
MemTotal:        1844596 kB
MemFree:         1353996 kB
MemAvailable:    1539652 kB
Buffers:           44432 kB
Cached:           270944 kB
MemTotal:        1844596 kB
MemFree:         1354140 kB
MemAvailable:    1539796 kB
Buffers:           44432 kB
Cached:           270944 kB
MemTotal:        1844596 kB
MemFree:         1354176 kB
MemAvailable:    1539832 kB
Buffers:           44432 kB
Cached:           270944 kB
MemTotal:        1844596 kB
MemFree:         1354108 kB
MemAvailable:    1539764 kB
Buffers:           44432 kB
Cached:           270944 kB
MemTotal:        1844596 kB
MemFree:         1352612 kB
MemAvailable:    1538268 kB
Buffers:           44432 kB
Cached:           270944 kB
MemTotal:        1844596 kB
MemFree:         1353396 kB
MemAvailable:    1539052 kB
Buffers:           44432 kB
Cached:           270944 kB
MemTotal:        1844596 kB
MemFree:         1352220 kB
MemAvailable:    1537876 kB
Buffers:           44432 kB
Cached:           270944 kB
MemTotal:        1844596 kB
MemFree:         1352212 kB
MemAvailable:    1537868 kB
Buffers:           44432 kB
Cached:           270944 kB
MemTotal:        1844596 kB
MemFree:         1352460 kB
MemAvailable:    1538116 kB
Buffers:           44432 kB
Cached:           270944 kB
MemTotal:        1844596 kB
MemFree:         1352220 kB
MemAvailable:    1537876 kB
Buffers:           44432 kB
Cached:           270944 kB
MemTotal:        1844596 kB
MemFree:         1353520 kB
MemAvailable:    1539176 kB
Buffers:           44432 kB
Cached:           270944 kB
MemTotal:        1844596 kB
MemFree:         1353640 kB
MemAvailable:    1539296 kB
Buffers:           44432 kB
Cached:           270944 kB
MemTotal:        1844596 kB
MemFree:         1352332 kB
MemAvailable:    1537988 kB
Buffers:           44432 kB
Cached:           270944 kB
MemTotal:        1844596 kB
MemFree:         1353780 kB
MemAvailable:    1539436 kB
Buffers:           44432 kB
Cached:           270944 kB
MemTotal:        1844596 kB
MemFree:         1351888 kB
MemAvailable:    1537544 kB
Buffers:           44432 kB
Cached:           270944 kB
MemTotal:        1844596 kB
MemFree:         1352152 kB
MemAvailable:    1537808 kB
Buffers:           44432 kB
Cached:           270944 kB
MemTotal:        1844596 kB
MemFree:         1352956 kB
MemAvailable:    1538616 kB
Buffers:           44432 kB
Cached:           270948 kB
MemTotal:        1844596 kB
MemFree:         1353292 kB
MemAvailable:    1538952 kB
Buffers:           44432 kB
Cached:           270948 kB
MemTotal:        1844596 kB
MemFree:         1351848 kB
MemAvailable:    1537508 kB
Buffers:           44432 kB
Cached:           270948 kB
MemTotal:        1844596 kB
MemFree:         1353200 kB
MemAvailable:    1538860 kB
Buffers:           44432 kB
Cached:           270948 kB
MemTotal:        1844596 kB
MemFree:         1351976 kB
MemAvailable:    1537636 kB
Buffers:           44432 kB
Cached:           270948 kB
MemTotal:        1844596 kB
MemFree:         1352956 kB
MemAvailable:    1538616 kB
Buffers:           44432 kB
Cached:           270948 kB
MemTotal:        1844596 kB
MemFree:         1351656 kB
MemAvailable:    1537316 kB
Buffers:           44432 kB
Cached:           270948 kB
MemTotal:        1844596 kB
MemFree:         1352656 kB
MemAvailable:    1538316 kB
Buffers:           44432 kB
Cached:           270948 kB
MemTotal:        1844596 kB
MemFree:         1352756 kB
MemAvailable:    1538416 kB
Buffers:           44432 kB
Cached:           270948 kB
MemTotal:        1844596 kB
MemFree:         1352028 kB
MemAvailable:    1537688 kB
Buffers:           44432 kB
Cached:           270948 kB
MemTotal:        1844596 kB
MemFree:         1352612 kB
MemAvailable:    1538272 kB
Buffers:           44432 kB
Cached:           270948 kB
MemTotal:        1844596 kB
MemFree:         1352612 kB
MemAvailable:    1538272 kB
Buffers:           44432 kB
Cached:           270948 kB
MemTotal:        1844596 kB
MemFree:         1352560 kB
MemAvailable:    1538220 kB
Buffers:           44432 kB
Cached:           270948 kB
MemTotal:        1844596 kB
MemFree:         1351336 kB
MemAvailable:    1536996 kB
Buffers:           44432 kB
Cached:           270948 kB
MemTotal:        1844596 kB
MemFree:         1351716 kB
MemAvailable:    1537376 kB
Buffers:           44432 kB
Cached:           270948 kB
MemTotal:        1844596 kB
MemFree:         1350416 kB
MemAvailable:    1536076 kB
Buffers:           44432 kB
Cached:           270948 kB
MemTotal:        1844596 kB
MemFree:         1349052 kB
MemAvailable:    1534712 kB
Buffers:           44432 kB
Cached:           270948 kB
MemTotal:        1844596 kB
MemFree:         1346316 kB
MemAvailable:    1531976 kB
Buffers:           44432 kB
Cached:           270948 kB
MemTotal:        1844596 kB
MemFree:         1346556 kB
MemAvailable:    1532216 kB
Buffers:           44432 kB
Cached:           270948 kB
MemTotal:        1844596 kB
MemFree:         1344960 kB
MemAvailable:    1530620 kB
Buffers:           44432 kB
Cached:           270948 kB
MemTotal:        1844596 kB
MemFree:         1344680 kB
MemAvailable:    1530340 kB
Buffers:           44432 kB
Cached:           270948 kB
MemTotal:        1844596 kB
MemFree:         1344828 kB
MemAvailable:    1530488 kB
Buffers:           44432 kB
Cached:           270948 kB
MemTotal:        1844596 kB
MemFree:         1343324 kB
MemAvailable:    1528984 kB
Buffers:           44432 kB
Cached:           270948 kB
MemTotal:        1844596 kB
MemFree:         1343456 kB
MemAvailable:    1529116 kB
Buffers:           44432 kB
Cached:           270948 kB
MemTotal:        1844596 kB
MemFree:         1344040 kB
MemAvailable:    1529700 kB
Buffers:           44432 kB
Cached:           270948 kB
MemTotal:        1844596 kB
MemFree:         1344372 kB
MemAvailable:    1530032 kB
Buffers:           44432 kB
Cached:           270948 kB
MemTotal:        1844596 kB
MemFree:         1344708 kB
MemAvailable:    1530368 kB
Buffers:           44432 kB
Cached:           270948 kB
MemTotal:        1844596 kB
MemFree:         1344500 kB
MemAvailable:    1530160 kB
Buffers:           44432 kB
Cached:           270948 kB
MemTotal:        1844596 kB
MemFree:         1344500 kB
MemAvailable:    1530160 kB
Buffers:           44432 kB
Cached:           270948 kB
MemTotal:        1844596 kB
MemFree:         1343472 kB
MemAvailable:    1529132 kB
Buffers:           44432 kB
Cached:           270948 kB
MemTotal:        1844596 kB
MemFree:         1344540 kB
MemAvailable:    1530200 kB
Buffers:           44432 kB
Cached:           270948 kB
MemTotal:        1844596 kB
MemFree:         1343472 kB
MemAvailable:    1529132 kB
Buffers:           44432 kB
Cached:           270948 kB
MemTotal:        1844596 kB
MemFree:         1344600 kB
MemAvailable:    1530260 kB
Buffers:           44432 kB
Cached:           270948 kB
MemTotal:        1844596 kB
MemFree:         1344268 kB
MemAvailable:    1529928 kB
Buffers:           44432 kB
Cached:           270948 kB
MemTotal:        1844596 kB
MemFree:         1342976 kB
MemAvailable:    1528636 kB
Buffers:           44432 kB
Cached:           270948 kB
MemTotal:        1844596 kB
MemFree:         1343692 kB
MemAvailable:    1529352 kB
Buffers:           44432 kB
Cached:           270948 kB
MemTotal:        1844596 kB
MemFree:         1343944 kB
MemAvailable:    1529604 kB
Buffers:           44432 kB
Cached:           270948 kB
MemTotal:        1844596 kB
MemFree:         1343200 kB
MemAvailable:    1528860 kB
Buffers:           44432 kB
Cached:           270948 kB
MemTotal:        1844596 kB
MemFree:         1343200 kB
MemAvailable:    1528860 kB
Buffers:           44432 kB
Cached:           270948 kB
MemTotal:        1844596 kB
MemFree:         1342688 kB
MemAvailable:    1528348 kB
Buffers:           44432 kB
Cached:           270948 kB
MemTotal:        1844596 kB
MemFree:         1342940 kB
MemAvailable:    1528600 kB
Buffers:           44432 kB
Cached:           270948 kB
MemTotal:        1844596 kB
MemFree:         1341836 kB
MemAvailable:    1527496 kB
Buffers:           44432 kB
Cached:           270948 kB
MemTotal:        1844596 kB
MemFree:         1341836 kB
MemAvailable:    1527496 kB
Buffers:           44432 kB
Cached:           270948 kB
MemTotal:        1844596 kB
MemFree:         1340116 kB
MemAvailable:    1525776 kB
Buffers:           44432 kB
Cached:           270948 kB
MemTotal:        1844596 kB
MemFree:         1341364 kB
MemAvailable:    1527024 kB
Buffers:           44432 kB
Cached:           270948 kB
MemTotal:        1844596 kB
MemFree:         1340000 kB
MemAvailable:    1525660 kB
Buffers:           44432 kB
Cached:           270948 kB
MemTotal:        1844596 kB
MemFree:         1340712 kB
MemAvailable:    1526372 kB
Buffers:           44432 kB
Cached:           270948 kB
MemTotal:        1844596 kB
MemFree:         1340712 kB
MemAvailable:    1526372 kB
Buffers:           44432 kB
Cached:           270948 kB
MemTotal:        1844596 kB
MemFree:         1340744 kB
MemAvailable:    1526408 kB
Buffers:           44432 kB
Cached:           270952 kB
MemTotal:        1844596 kB
MemFree:         1339628 kB
MemAvailable:    1525292 kB
Buffers:           44432 kB
Cached:           270952 kB
MemTotal:        1844596 kB
MemFree:         1339496 kB
MemAvailable:    1525160 kB
Buffers:           44432 kB
Cached:           270952 kB
MemTotal:        1844596 kB
MemFree:         1340696 kB
MemAvailable:    1526360 kB
Buffers:           44432 kB
Cached:           270952 kB
MemTotal:        1844596 kB
MemFree:         1339616 kB
MemAvailable:    1525280 kB
Buffers:           44432 kB
Cached:           270952 kB
MemTotal:        1844596 kB
MemFree:         1339484 kB
MemAvailable:    1525148 kB
Buffers:           44432 kB
Cached:           270952 kB
MemTotal:        1844596 kB
MemFree:         1339444 kB
MemAvailable:    1525108 kB
Buffers:           44432 kB
Cached:           270952 kB
MemTotal:        1844596 kB
MemFree:         1340556 kB
MemAvailable:    1526220 kB
Buffers:           44432 kB
Cached:           270952 kB
MemTotal:        1844596 kB
MemFree:         1340100 kB
MemAvailable:    1525764 kB
Buffers:           44432 kB
Cached:           270952 kB
MemTotal:        1844596 kB
MemFree:         1339744 kB
MemAvailable:    1525408 kB
Buffers:           44432 kB
Cached:           270952 kB
MemTotal:        1844596 kB
MemFree:         1334356 kB
MemAvailable:    1520020 kB
Buffers:           44432 kB
Cached:           270952 kB
MemTotal:        1844596 kB
MemFree:         1333984 kB
MemAvailable:    1519648 kB
Buffers:           44432 kB
Cached:           270952 kB
MemTotal:        1844596 kB
MemFree:         1333644 kB
MemAvailable:    1519476 kB
Buffers:           44432 kB
Cached:           271200 kB
MemTotal:        1844596 kB
MemFree:         1333644 kB
MemAvailable:    1519476 kB
Buffers:           44432 kB
Cached:           271200 kB
MemTotal:        1844596 kB
MemFree:         1333464 kB
MemAvailable:    1519380 kB
Buffers:           44432 kB
Cached:           271324 kB
MemTotal:        1844596 kB
MemFree:         1332116 kB
MemAvailable:    1518116 kB
Buffers:           44432 kB
Cached:           271448 kB
MemTotal:        1844596 kB
MemFree:         1333160 kB
MemAvailable:    1519328 kB
Buffers:           44432 kB
Cached:           271572 kB
MemTotal:        1844596 kB
MemFree:         1333308 kB
MemAvailable:    1519476 kB
Buffers:           44432 kB
Cached:           271572 kB
MemTotal:        1844596 kB
MemFree:         1332320 kB
MemAvailable:    1518488 kB
Buffers:           44432 kB
Cached:           271572 kB
MemTotal:        1844596 kB
MemFree:         1332992 kB
MemAvailable:    1519244 kB
Buffers:           44432 kB
Cached:           271572 kB
MemTotal:        1844596 kB
MemFree:         1333244 kB
MemAvailable:    1519496 kB
Buffers:           44432 kB
Cached:           271572 kB
MemTotal:        1844596 kB
MemFree:         1331760 kB
MemAvailable:    1518012 kB
Buffers:           44432 kB
Cached:           271572 kB
MemTotal:        1844596 kB
MemFree:         1333168 kB
MemAvailable:    1519420 kB
Buffers:           44432 kB
Cached:           271572 kB
MemTotal:        1844596 kB
MemFree:         1333120 kB
MemAvailable:    1519372 kB
Buffers:           44432 kB
Cached:           271572 kB
MemTotal:        1844596 kB
MemFree:         1332304 kB
MemAvailable:    1518556 kB
Buffers:           44432 kB
Cached:           271572 kB
MemTotal:        1844596 kB
MemFree:         1333148 kB
MemAvailable:    1518812 kB
Buffers:           44432 kB
Cached:           270940 kB
MemTotal:        1844596 kB
MemFree:         1333436 kB
MemAvailable:    1519100 kB
Buffers:           44432 kB
Cached:           270940 kB
MemTotal:        1844596 kB
MemFree:         1400288 kB
MemAvailable:    1585952 kB
Buffers:           44432 kB
Cached:           270940 kB
