MemTotal:        1844596 kB
MemFree:         1547272 kB
MemAvailable:    1573540 kB
Buffers:           23908 kB
Cached:           135248 kB
MemTotal:        1844596 kB
MemFree:         1547628 kB
MemAvailable:    1573896 kB
Buffers:           23908 kB
Cached:           135248 kB
MemTotal:        1844596 kB
MemFree:         1545580 kB
MemAvailable:    1571848 kB
Buffers:           23908 kB
Cached:           135248 kB
MemTotal:        1844596 kB
MemFree:         1544288 kB
MemAvailable:    1570556 kB
Buffers:           23908 kB
Cached:           135248 kB
MemTotal:        1844596 kB
MemFree:         1543908 kB
MemAvailable:    1570176 kB
Buffers:           23908 kB
Cached:           135248 kB
MemTotal:        1844596 kB
MemFree:         1544160 kB
MemAvailable:    1570428 kB
Buffers:           23908 kB
Cached:           135248 kB
MemTotal:        1844596 kB
MemFree:         1542420 kB
MemAvailable:    1568688 kB
Buffers:           23908 kB
Cached:           135248 kB
MemTotal:        1844596 kB
MemFree:         1542632 kB
MemAvailable:    1568900 kB
Buffers:           23908 kB
Cached:           135248 kB
MemTotal:        1844596 kB
MemFree:         1537708 kB
MemAvailable:    1563976 kB
Buffers:           23908 kB
Cached:           135248 kB
MemTotal:        1844596 kB
MemFree:         1537708 kB
MemAvailable:    1563976 kB
Buffers:           23908 kB
Cached:           135248 kB
MemTotal:        1844596 kB
MemFree:         1533320 kB
MemAvailable:    1559588 kB
Buffers:           23908 kB
Cached:           135248 kB
MemTotal:        1844596 kB
MemFree:         1534004 kB
MemAvailable:    1560272 kB
Buffers:           23908 kB
Cached:           135248 kB
MemTotal:        1844596 kB
MemFree:         1532972 kB
MemAvailable:    1559240 kB
Buffers:           23908 kB
Cached:           135248 kB
MemTotal:        1844596 kB
MemFree:         1534212 kB
MemAvailable:    1560480 kB
Buffers:           23908 kB
Cached:           135248 kB
MemTotal:        1844596 kB
MemFree:         1533384 kB
MemAvailable:    1559652 kB
Buffers:           23908 kB
Cached:           135248 kB
MemTotal:        1844596 kB
MemFree:         1533976 kB
MemAvailable:    1560244 kB
Buffers:           23908 kB
Cached:           135248 kB
MemTotal:        1844596 kB
MemFree:         1534060 kB
MemAvailable:    1560328 kB
Buffers:           23908 kB
Cached:           135248 kB
MemTotal:        1844596 kB
MemFree:         1533444 kB
MemAvailable:    1559712 kB
Buffers:           23908 kB
Cached:           135248 kB
MemTotal:        1844596 kB
MemFree:         1531896 kB
MemAvailable:    1558164 kB
Buffers:           23908 kB
Cached:           135248 kB
MemTotal:        1844596 kB
MemFree:         1531756 kB
MemAvailable:    1558024 kB
Buffers:           23908 kB
Cached:           135248 kB
MemTotal:        1844596 kB
MemFree:         1531840 kB
MemAvailable:    1558108 kB
Buffers:           23908 kB
Cached:           135248 kB
MemTotal:        1844596 kB
MemFree:         1531928 kB
MemAvailable:    1558196 kB
Buffers:           23908 kB
Cached:           135248 kB
MemTotal:        1844596 kB
MemFree:         1531020 kB
MemAvailable:    1557288 kB
Buffers:           23908 kB
Cached:           135248 kB
MemTotal:        1844596 kB
MemFree:         1531732 kB
MemAvailable:    1558004 kB
Buffers:           23908 kB
Cached:           135252 kB
MemTotal:        1844596 kB
MemFree:         1530532 kB
MemAvailable:    1556804 kB
Buffers:           23908 kB
Cached:           135252 kB
MemTotal:        1844596 kB
MemFree:         1530896 kB
MemAvailable:    1557168 kB
Buffers:           23908 kB
Cached:           135252 kB
MemTotal:        1844596 kB
MemFree:         1531692 kB
MemAvailable:    1557964 kB
Buffers:           23908 kB
Cached:           135252 kB
MemTotal:        1844596 kB
MemFree:         1530492 kB
MemAvailable:    1556764 kB
Buffers:           23908 kB
Cached:           135252 kB
MemTotal:        1844596 kB
MemFree:         1531608 kB
MemAvailable:    1557880 kB
Buffers:           23908 kB
Cached:           135252 kB
MemTotal:        1844596 kB
MemFree:         1531896 kB
MemAvailable:    1558168 kB
Buffers:           23908 kB
Cached:           135252 kB
MemTotal:        1844596 kB
MemFree:         1531640 kB
MemAvailable:    1557912 kB
Buffers:           23908 kB
Cached:           135252 kB
MemTotal:        1844596 kB
MemFree:         1532640 kB
MemAvailable:    1558912 kB
Buffers:           23908 kB
Cached:           135252 kB
MemTotal:        1844596 kB
MemFree:         1530144 kB
MemAvailable:    1556416 kB
Buffers:           23908 kB
Cached:           135252 kB
MemTotal:        1844596 kB
MemFree:         1530144 kB
MemAvailable:    1556416 kB
Buffers:           23908 kB
Cached:           135252 kB
MemTotal:        1844596 kB
MemFree:         1529292 kB
MemAvailable:    1555564 kB
Buffers:           23908 kB
Cached:           135252 kB
MemTotal:        1844596 kB
MemFree:         1529104 kB
MemAvailable:    1555376 kB
Buffers:           23908 kB
Cached:           135252 kB
MemTotal:        1844596 kB
MemFree:         1528540 kB
MemAvailable:    1554812 kB
Buffers:           23908 kB
Cached:           135252 kB
MemTotal:        1844596 kB
MemFree:         1527308 kB
MemAvailable:    1553580 kB
Buffers:           23908 kB
Cached:           135252 kB
MemTotal:        1844596 kB
MemFree:         1528112 kB
MemAvailable:    1554384 kB
Buffers:           23908 kB
Cached:           135252 kB
MemTotal:        1844596 kB
MemFree:         1526680 kB
MemAvailable:    1552952 kB
Buffers:           23908 kB
Cached:           135252 kB
MemTotal:        1844596 kB
MemFree:         1527596 kB
MemAvailable:    1553868 kB
Buffers:           23908 kB
Cached:           135252 kB
MemTotal:        1844596 kB
MemFree:         1526812 kB
MemAvailable:    1553084 kB
Buffers:           23908 kB
Cached:           135252 kB
MemTotal:        1844596 kB
MemFree:         1527404 kB
MemAvailable:    1553676 kB
Buffers:           23908 kB
Cached:           135252 kB
MemTotal:        1844596 kB
MemFree:         1527492 kB
MemAvailable:    1553764 kB
Buffers:           23908 kB
Cached:           135252 kB
MemTotal:        1844596 kB
MemFree:         1527424 kB
MemAvailable:    1553696 kB
Buffers:           23908 kB
Cached:           135252 kB
MemTotal:        1844596 kB
MemFree:         1527760 kB
MemAvailable:    1554032 kB
Buffers:           23908 kB
Cached:           135252 kB
MemTotal:        1844596 kB
MemFree:         1527152 kB
MemAvailable:    1553424 kB
Buffers:           23908 kB
Cached:           135252 kB
MemTotal:        1844596 kB
MemFree:         1527236 kB
MemAvailable:    1553508 kB
Buffers:           23908 kB
Cached:           135252 kB
MemTotal:        1844596 kB
MemFree:         1527056 kB
MemAvailable:    1553328 kB
Buffers:           23908 kB
Cached:           135252 kB
MemTotal:        1844596 kB
MemFree:         1525624 kB
MemAvailable:    1551896 kB
Buffers:           23908 kB
Cached:           135252 kB
MemTotal:        1844596 kB
MemFree:         1525184 kB
MemAvailable:    1551456 kB
Buffers:           23908 kB
Cached:           135252 kB
MemTotal:        1844596 kB
MemFree:         1526668 kB
MemAvailable:    1552940 kB
Buffers:           23908 kB
Cached:           135252 kB
MemTotal:        1844596 kB
MemFree:         1525176 kB
MemAvailable:    1551448 kB
Buffers:           23908 kB
Cached:           135252 kB
MemTotal:        1844596 kB
MemFree:         1525172 kB
MemAvailable:    1551444 kB
Buffers:           23908 kB
Cached:           135252 kB
MemTotal:        1844596 kB
MemFree:         1525296 kB
MemAvailable:    1551568 kB
Buffers:           23908 kB
Cached:           135252 kB
MemTotal:        1844596 kB
MemFree:         1525296 kB
MemAvailable:    1551568 kB
Buffers:           23908 kB
Cached:           135252 kB
MemTotal:        1844596 kB
MemFree:         1525420 kB
MemAvailable:    1551692 kB
Buffers:           23908 kB
Cached:           135252 kB
MemTotal:        1844596 kB
MemFree:         1525544 kB
MemAvailable:    1551816 kB
Buffers:           23908 kB
Cached:           135252 kB
MemTotal:        1844596 kB
MemFree:         1526520 kB
MemAvailable:    1552792 kB
Buffers:           23908 kB
Cached:           135252 kB
MemTotal:        1844596 kB
MemFree:         1525524 kB
MemAvailable:    1551796 kB
Buffers:           23908 kB
Cached:           135252 kB
MemTotal:        1844596 kB
MemFree:         1526240 kB
MemAvailable:    1552512 kB
Buffers:           23908 kB
Cached:           135252 kB
MemTotal:        1844596 kB
MemFree:         1526240 kB
MemAvailable:    1552512 kB
Buffers:           23908 kB
Cached:           135252 kB
MemTotal:        1844596 kB
MemFree:         1524772 kB
MemAvailable:    1551044 kB
Buffers:           23908 kB
Cached:           135252 kB
MemTotal:        1844596 kB
MemFree:         1525948 kB
MemAvailable:    1552220 kB
Buffers:           23908 kB
Cached:           135252 kB
MemTotal:        1844596 kB
MemFree:         1524772 kB
MemAvailable:    1551044 kB
Buffers:           23908 kB
Cached:           135252 kB
MemTotal:        1844596 kB
MemFree:         1525632 kB
MemAvailable:    1551904 kB
Buffers:           23908 kB
Cached:           135252 kB
MemTotal:        1844596 kB
MemFree:         1525832 kB
MemAvailable:    1552104 kB
Buffers:           23908 kB
Cached:           135252 kB
MemTotal:        1844596 kB
MemFree:         1525712 kB
MemAvailable:    1551984 kB
Buffers:           23908 kB
Cached:           135252 kB
MemTotal:        1844596 kB
MemFree:         1524704 kB
MemAvailable:    1550976 kB
Buffers:           23908 kB
Cached:           135252 kB
MemTotal:        1844596 kB
MemFree:         1525896 kB
MemAvailable:    1552176 kB
Buffers:           23908 kB
Cached:           135260 kB
MemTotal:        1844596 kB
MemFree:         1525508 kB
MemAvailable:    1551788 kB
Buffers:           23908 kB
Cached:           135260 kB
MemTotal:        1844596 kB
MemFree:         1525760 kB
MemAvailable:    1552040 kB
Buffers:           23908 kB
Cached:           135260 kB
MemTotal:        1844596 kB
MemFree:         1525544 kB
MemAvailable:    1551824 kB
Buffers:           23908 kB
Cached:           135260 kB
MemTotal:        1844596 kB
MemFree:         1525024 kB
MemAvailable:    1551304 kB
Buffers:           23908 kB
Cached:           135260 kB
MemTotal:        1844596 kB
MemFree:         1525484 kB
MemAvailable:    1551764 kB
Buffers:           23908 kB
Cached:           135260 kB
MemTotal:        1844596 kB
MemFree:         1524936 kB
MemAvailable:    1551216 kB
Buffers:           23908 kB
Cached:           135260 kB
MemTotal:        1844596 kB
MemFree:         1524580 kB
MemAvailable:    1550860 kB
Buffers:           23908 kB
Cached:           135260 kB
MemTotal:        1844596 kB
MemFree:         1521216 kB
MemAvailable:    1547496 kB
Buffers:           23908 kB
Cached:           135260 kB
MemTotal:        1844596 kB
MemFree:         1521344 kB
MemAvailable:    1547624 kB
Buffers:           23908 kB
Cached:           135260 kB
MemTotal:        1844596 kB
MemFree:         1517992 kB
MemAvailable:    1544272 kB
Buffers:           23908 kB
Cached:           135260 kB
MemTotal:        1844596 kB
MemFree:         1517332 kB
MemAvailable:    1543612 kB
Buffers:           23908 kB
Cached:           135260 kB
MemTotal:        1844596 kB
MemFree:         1517744 kB
MemAvailable:    1544024 kB
Buffers:           23908 kB
Cached:           135260 kB
MemTotal:        1844596 kB
MemFree:         1517744 kB
MemAvailable:    1544024 kB
Buffers:           23908 kB
Cached:           135260 kB
MemTotal:        1844596 kB
MemFree:         1517640 kB
MemAvailable:    1543920 kB
Buffers:           23908 kB
Cached:           135260 kB
MemTotal:        1844596 kB
MemFree:         1516500 kB
MemAvailable:    1542780 kB
Buffers:           23908 kB
Cached:           135260 kB
MemTotal:        1844596 kB
MemFree:         1516376 kB
MemAvailable:    1542656 kB
Buffers:           23908 kB
Cached:           135260 kB
MemTotal:        1844596 kB
MemFree:         1516492 kB
MemAvailable:    1542772 kB
Buffers:           23908 kB
Cached:           135260 kB
MemTotal:        1844596 kB
MemFree:         1517560 kB
MemAvailable:    1543840 kB
Buffers:           23908 kB
Cached:           135260 kB
MemTotal:        1844596 kB
MemFree:         1517140 kB
MemAvailable:    1543420 kB
Buffers:           23908 kB
Cached:           135260 kB
MemTotal:        1844596 kB
MemFree:         1517684 kB
MemAvailable:    1543964 kB
Buffers:           23908 kB
Cached:           135260 kB
MemTotal:        1844596 kB
MemFree:         1516376 kB
MemAvailable:    1542656 kB
Buffers:           23908 kB
Cached:           135260 kB
MemTotal:        1844596 kB
MemFree:         1517888 kB
MemAvailable:    1544168 kB
Buffers:           23908 kB
Cached:           135260 kB
MemTotal:        1844596 kB
MemFree:         1517088 kB
MemAvailable:    1543368 kB
Buffers:           23908 kB
Cached:           135260 kB
MemTotal:        1844596 kB
MemFree:         1518052 kB
MemAvailable:    1544336 kB
Buffers:           23908 kB
Cached:           135264 kB
MemTotal:        1844596 kB
MemFree:         1516768 kB
MemAvailable:    1543052 kB
Buffers:           23908 kB
Cached:           135264 kB
MemTotal:        1844596 kB
MemFree:         1517456 kB
MemAvailable:    1543740 kB
Buffers:           23908 kB
Cached:           135264 kB
MemTotal:        1844596 kB
MemFree:         1517456 kB
MemAvailable:    1543740 kB
Buffers:           23916 kB
Cached:           135256 kB
MemTotal:        1844596 kB
MemFree:         1517016 kB
MemAvailable:    1543300 kB
Buffers:           23920 kB
Cached:           135252 kB
MemTotal:        1844596 kB
MemFree:         1515900 kB
MemAvailable:    1542184 kB
Buffers:           23920 kB
Cached:           135252 kB
MemTotal:        1844596 kB
MemFree:         1516448 kB
MemAvailable:    1542732 kB
Buffers:           23920 kB
Cached:           135252 kB
MemTotal:        1844596 kB
MemFree:         1516448 kB
MemAvailable:    1542732 kB
Buffers:           23920 kB
Cached:           135252 kB
MemTotal:        1844596 kB
MemFree:         1514828 kB
MemAvailable:    1541112 kB
Buffers:           23920 kB
Cached:           135252 kB
MemTotal:        1844596 kB
MemFree:         1515944 kB
MemAvailable:    1542228 kB
Buffers:           23920 kB
Cached:           135252 kB
MemTotal:        1844596 kB
MemFree:         1515712 kB
MemAvailable:    1541996 kB
Buffers:           23920 kB
Cached:           135252 kB
MemTotal:        1844596 kB
MemFree:         1514728 kB
MemAvailable:    1541024 kB
Buffers:           23920 kB
Cached:           135264 kB
MemTotal:        1844596 kB
MemFree:         1514660 kB
MemAvailable:    1540956 kB
Buffers:           23920 kB
Cached:           135264 kB
MemTotal:        1844596 kB
MemFree:         1514148 kB
MemAvailable:    1540444 kB
Buffers:           23920 kB
Cached:           135264 kB
MemTotal:        1844596 kB
MemFree:         1513916 kB
MemAvailable:    1540212 kB
Buffers:           23920 kB
Cached:           135264 kB
MemTotal:        1844596 kB
MemFree:         1512780 kB
MemAvailable:    1539076 kB
Buffers:           23920 kB
Cached:           135264 kB
MemTotal:        1844596 kB
MemFree:         1514040 kB
MemAvailable:    1540336 kB
Buffers:           23920 kB
Cached:           135264 kB
MemTotal:        1844596 kB
MemFree:         1513728 kB
MemAvailable:    1540024 kB
Buffers:           23920 kB
Cached:           135264 kB
MemTotal:        1844596 kB
MemFree:         1513812 kB
MemAvailable:    1540108 kB
Buffers:           23920 kB
Cached:           135264 kB
MemTotal:        1844596 kB
MemFree:         1513840 kB
MemAvailable:    1540136 kB
Buffers:           23920 kB
Cached:           135264 kB
MemTotal:        1844596 kB
MemFree:         1513836 kB
MemAvailable:    1540132 kB
Buffers:           23920 kB
Cached:           135264 kB
MemTotal:        1844596 kB
MemFree:         1513048 kB
MemAvailable:    1539344 kB
Buffers:           23920 kB
Cached:           135264 kB
MemTotal:        1844596 kB
MemFree:         1514032 kB
MemAvailable:    1540328 kB
Buffers:           23920 kB
Cached:           135264 kB
MemTotal:        1844596 kB
MemFree:         1513172 kB
MemAvailable:    1539468 kB
Buffers:           23920 kB
Cached:           135264 kB
MemTotal:        1844596 kB
MemFree:         1513640 kB
MemAvailable:    1539936 kB
Buffers:           23920 kB
Cached:           135264 kB
MemTotal:        1844596 kB
MemFree:         1513892 kB
MemAvailable:    1540188 kB
Buffers:           23920 kB
Cached:           135264 kB
MemTotal:        1844596 kB
MemFree:         1513148 kB
MemAvailable:    1539444 kB
Buffers:           23920 kB
Cached:           135264 kB
MemTotal:        1844596 kB
MemFree:         1513484 kB
MemAvailable:    1539780 kB
Buffers:           23920 kB
Cached:           135264 kB
MemTotal:        1844596 kB
MemFree:         1512164 kB
MemAvailable:    1538460 kB
Buffers:           23920 kB
Cached:           135264 kB
MemTotal:        1844596 kB
MemFree:         1504740 kB
MemAvailable:    1531036 kB
Buffers:           23920 kB
Cached:           135264 kB
MemTotal:        1844596 kB
MemFree:         1503808 kB
MemAvailable:    1530104 kB
Buffers:           23920 kB
Cached:           135264 kB
MemTotal:        1844596 kB
MemFree:         1502384 kB
MemAvailable:    1528680 kB
Buffers:           23920 kB
Cached:           135264 kB
MemTotal:        1844596 kB
MemFree:         1502500 kB
MemAvailable:    1528880 kB
Buffers:           23920 kB
Cached:           135388 kB
MemTotal:        1844596 kB
MemFree:         1503500 kB
MemAvailable:    1530048 kB
Buffers:           23920 kB
Cached:           135512 kB
MemTotal:        1844596 kB
MemFree:         1502252 kB
MemAvailable:    1528800 kB
Buffers:           23920 kB
Cached:           135636 kB
MemTotal:        1844596 kB
MemFree:         1503236 kB
MemAvailable:    1530036 kB
Buffers:           23920 kB
Cached:           135760 kB
MemTotal:        1844596 kB
MemFree:         1503236 kB
MemAvailable:    1530036 kB
Buffers:           23920 kB
Cached:           135760 kB
MemTotal:        1844596 kB
MemFree:         1502992 kB
MemAvailable:    1529792 kB
Buffers:           23920 kB
Cached:           135760 kB
MemTotal:        1844596 kB
MemFree:         1502012 kB
MemAvailable:    1528896 kB
Buffers:           23920 kB
Cached:           135884 kB
MemTotal:        1844596 kB
MemFree:         1502812 kB
MemAvailable:    1529696 kB
Buffers:           23920 kB
Cached:           135884 kB
MemTotal:        1844596 kB
MemFree:         1503012 kB
MemAvailable:    1529896 kB
Buffers:           23920 kB
Cached:           135884 kB
MemTotal:        1844596 kB
MemFree:         1502816 kB
MemAvailable:    1529700 kB
Buffers:           23920 kB
Cached:           135884 kB
MemTotal:        1844596 kB
MemFree:         1501764 kB
MemAvailable:    1528648 kB
Buffers:           23920 kB
Cached:           135884 kB
MemTotal:        1844596 kB
MemFree:         1502988 kB
MemAvailable:    1529872 kB
Buffers:           23920 kB
Cached:           135884 kB
MemTotal:        1844596 kB
MemFree:         1503128 kB
MemAvailable:    1530012 kB
Buffers:           23920 kB
Cached:           135884 kB
MemTotal:        1844596 kB
MemFree:         1503428 kB
MemAvailable:    1529724 kB
Buffers:           23920 kB
Cached:           135252 kB
MemTotal:        1844596 kB
MemFree:         1503680 kB
MemAvailable:    1529976 kB
Buffers:           23920 kB
Cached:           135252 kB
