MemTotal:        1844596 kB
MemFree:         1230252 kB
MemAvailable:    1545900 kB
Buffers:           58436 kB
Cached:           375496 kB
MemTotal:        1844596 kB
MemFree:         1227888 kB
MemAvailable:    1543536 kB
Buffers:           58436 kB
Cached:           375496 kB
MemTotal:        1844596 kB
MemFree:         1225400 kB
MemAvailable:    1541048 kB
Buffers:           58436 kB
Cached:           375496 kB
MemTotal:        1844596 kB
MemFree:         1225664 kB
MemAvailable:    1541312 kB
Buffers:           58436 kB
Cached:           375496 kB
MemTotal:        1844596 kB
MemFree:         1225608 kB
MemAvailable:    1541256 kB
Buffers:           58436 kB
Cached:           375496 kB
MemTotal:        1844596 kB
MemFree:         1224400 kB
MemAvailable:    1540048 kB
Buffers:           58436 kB
Cached:           375496 kB
MemTotal:        1844596 kB
MemFree:         1224528 kB
MemAvailable:    1540176 kB
Buffers:           58436 kB
Cached:           375496 kB
MemTotal:        1844596 kB
MemFree:         1221508 kB
MemAvailable:    1537156 kB
Buffers:           58436 kB
Cached:           375496 kB
MemTotal:        1844596 kB
MemFree:         1218844 kB
MemAvailable:    1534492 kB
Buffers:           58436 kB
Cached:           375496 kB
MemTotal:        1844596 kB
MemFree:         1215680 kB
MemAvailable:    1531328 kB
Buffers:           58436 kB
Cached:           375496 kB
MemTotal:        1844596 kB
MemFree:         1214688 kB
MemAvailable:    1530336 kB
Buffers:           58436 kB
Cached:           375496 kB
MemTotal:        1844596 kB
MemFree:         1215800 kB
MemAvailable:    1531448 kB
Buffers:           58436 kB
Cached:           375496 kB
MemTotal:        1844596 kB
MemFree:         1215632 kB
MemAvailable:    1531280 kB
Buffers:           58436 kB
Cached:           375496 kB
MemTotal:        1844596 kB
MemFree:         1215132 kB
MemAvailable:    1530780 kB
Buffers:           58436 kB
Cached:           375496 kB
MemTotal:        1844596 kB
MemFree:         1216116 kB
MemAvailable:    1531764 kB
Buffers:           58436 kB
Cached:           375496 kB
MemTotal:        1844596 kB
MemFree:         1215000 kB
MemAvailable:    1530648 kB
Buffers:           58436 kB
Cached:           375496 kB
MemTotal:        1844596 kB
MemFree:         1215300 kB
MemAvailable:    1530948 kB
Buffers:           58436 kB
Cached:           375496 kB
MemTotal:        1844596 kB
MemFree:         1215552 kB
MemAvailable:    1531200 kB
Buffers:           58436 kB
Cached:           375496 kB
MemTotal:        1844596 kB
MemFree:         1214380 kB
MemAvailable:    1530028 kB
Buffers:           58436 kB
Cached:           375496 kB
MemTotal:        1844596 kB
MemFree:         1212884 kB
MemAvailable:    1528532 kB
Buffers:           58436 kB
Cached:           375496 kB
MemTotal:        1844596 kB
MemFree:         1213372 kB
MemAvailable:    1529020 kB
Buffers:           58436 kB
Cached:           375496 kB
MemTotal:        1844596 kB
MemFree:         1213448 kB
MemAvailable:    1529096 kB
Buffers:           58436 kB
Cached:           375496 kB
MemTotal:        1844596 kB
MemFree:         1212264 kB
MemAvailable:    1527912 kB
Buffers:           58436 kB
Cached:           375496 kB
MemTotal:        1844596 kB
MemFree:         1213448 kB
MemAvailable:    1529096 kB
Buffers:           58436 kB
Cached:           375496 kB
MemTotal:        1844596 kB
MemFree:         1213512 kB
MemAvailable:    1529160 kB
Buffers:           58436 kB
Cached:           375496 kB
MemTotal:        1844596 kB
MemFree:         1213348 kB
MemAvailable:    1529004 kB
Buffers:           58436 kB
Cached:           375500 kB
MemTotal:        1844596 kB
MemFree:         1212016 kB
MemAvailable:    1527672 kB
Buffers:           58436 kB
Cached:           375500 kB
MemTotal:        1844596 kB
MemFree:         1212396 kB
MemAvailable:    1528052 kB
Buffers:           58436 kB
Cached:           375500 kB
MemTotal:        1844596 kB
MemFree:         1213324 kB
MemAvailable:    1528980 kB
Buffers:           58436 kB
Cached:           375500 kB
MemTotal:        1844596 kB
MemFree:         1212140 kB
MemAvailable:    1527796 kB
Buffers:           58436 kB
Cached:           375500 kB
MemTotal:        1844596 kB
MemFree:         1214440 kB
MemAvailable:    1530096 kB
Buffers:           58436 kB
Cached:           375500 kB
MemTotal:        1844596 kB
MemFree:         1213976 kB
MemAvailable:    1529632 kB
Buffers:           58436 kB
Cached:           375500 kB
MemTotal:        1844596 kB
MemFree:         1213976 kB
MemAvailable:    1529632 kB
Buffers:           58436 kB
Cached:           375500 kB
MemTotal:        1844596 kB
MemFree:         1211712 kB
MemAvailable:    1527368 kB
Buffers:           58436 kB
Cached:           375500 kB
MemTotal:        1844596 kB
MemFree:         1209792 kB
MemAvailable:    1525448 kB
Buffers:           58436 kB
Cached:           375500 kB
MemTotal:        1844596 kB
MemFree:         1209544 kB
MemAvailable:    1525200 kB
Buffers:           58436 kB
Cached:           375500 kB
MemTotal:        1844596 kB
MemFree:         1209288 kB
MemAvailable:    1524944 kB
Buffers:           58436 kB
Cached:           375500 kB
MemTotal:        1844596 kB
MemFree:         1209976 kB
MemAvailable:    1525632 kB
Buffers:           58436 kB
Cached:           375500 kB
MemTotal:        1844596 kB
MemFree:         1209792 kB
MemAvailable:    1525448 kB
Buffers:           58436 kB
Cached:           375500 kB
MemTotal:        1844596 kB
MemFree:         1209108 kB
MemAvailable:    1524764 kB
Buffers:           58436 kB
Cached:           375500 kB
MemTotal:        1844596 kB
MemFree:         1207876 kB
MemAvailable:    1523532 kB
Buffers:           58436 kB
Cached:           375500 kB
MemTotal:        1844596 kB
MemFree:         1209000 kB
MemAvailable:    1524656 kB
Buffers:           58436 kB
Cached:           375500 kB
MemTotal:        1844596 kB
MemFree:         1207664 kB
MemAvailable:    1523320 kB
Buffers:           58436 kB
Cached:           375500 kB
MemTotal:        1844596 kB
MemFree:         1208044 kB
MemAvailable:    1523700 kB
Buffers:           58436 kB
Cached:           375500 kB
MemTotal:        1844596 kB
MemFree:         1209096 kB
MemAvailable:    1524752 kB
Buffers:           58436 kB
Cached:           375500 kB
MemTotal:        1844596 kB
MemFree:         1207552 kB
MemAvailable:    1523208 kB
Buffers:           58436 kB
Cached:           375500 kB
MemTotal:        1844596 kB
MemFree:         1208532 kB
MemAvailable:    1524188 kB
Buffers:           58436 kB
Cached:           375500 kB
MemTotal:        1844596 kB
MemFree:         1208336 kB
MemAvailable:    1523992 kB
Buffers:           58436 kB
Cached:           375500 kB
MemTotal:        1844596 kB
MemFree:         1207436 kB
MemAvailable:    1523092 kB
Buffers:           58436 kB
Cached:           375500 kB
MemTotal:        1844596 kB
MemFree:         1207800 kB
MemAvailable:    1523456 kB
Buffers:           58436 kB
Cached:           375500 kB
MemTotal:        1844596 kB
MemFree:         1206808 kB
MemAvailable:    1522464 kB
Buffers:           58436 kB
Cached:           375500 kB
MemTotal:        1844596 kB
MemFree:         1206808 kB
MemAvailable:    1522464 kB
Buffers:           58436 kB
Cached:           375500 kB
MemTotal:        1844596 kB
MemFree:         1207852 kB
MemAvailable:    1523508 kB
Buffers:           58436 kB
Cached:           375500 kB
MemTotal:        1844596 kB
MemFree:         1208020 kB
MemAvailable:    1523676 kB
Buffers:           58436 kB
Cached:           375500 kB
MemTotal:        1844596 kB
MemFree:         1207892 kB
MemAvailable:    1523548 kB
Buffers:           58436 kB
Cached:           375500 kB
MemTotal:        1844596 kB
MemFree:         1208144 kB
MemAvailable:    1523800 kB
Buffers:           58436 kB
Cached:           375500 kB
MemTotal:        1844596 kB
MemFree:         1208036 kB
MemAvailable:    1523692 kB
Buffers:           58436 kB
Cached:           375500 kB
MemTotal:        1844596 kB
MemFree:         1206740 kB
MemAvailable:    1522396 kB
Buffers:           58436 kB
Cached:           375500 kB
MemTotal:        1844596 kB
MemFree:         1207320 kB
MemAvailable:    1522976 kB
Buffers:           58436 kB
Cached:           375500 kB
MemTotal:        1844596 kB
MemFree:         1208164 kB
MemAvailable:    1523824 kB
Buffers:           58436 kB
Cached:           375504 kB
MemTotal:        1844596 kB
MemFree:         1208164 kB
MemAvailable:    1523824 kB
Buffers:           58436 kB
Cached:           375504 kB
MemTotal:        1844596 kB
MemFree:         1207808 kB
MemAvailable:    1523468 kB
Buffers:           58436 kB
Cached:           375504 kB
MemTotal:        1844596 kB
MemFree:         1206684 kB
MemAvailable:    1522344 kB
Buffers:           58436 kB
Cached:           375504 kB
MemTotal:        1844596 kB
MemFree:         1206248 kB
MemAvailable:    1521908 kB
Buffers:           58436 kB
Cached:           375504 kB
MemTotal:        1844596 kB
MemFree:         1207344 kB
MemAvailable:    1523004 kB
Buffers:           58436 kB
Cached:           375504 kB
MemTotal:        1844596 kB
MemFree:         1207164 kB
MemAvailable:    1522824 kB
Buffers:           58436 kB
Cached:           375504 kB
MemTotal:        1844596 kB
MemFree:         1207124 kB
MemAvailable:    1522784 kB
Buffers:           58436 kB
Cached:           375504 kB
MemTotal:        1844596 kB
MemFree:         1206196 kB
MemAvailable:    1521856 kB
Buffers:           58436 kB
Cached:           375504 kB
MemTotal:        1844596 kB
MemFree:         1205644 kB
MemAvailable:    1521304 kB
Buffers:           58436 kB
Cached:           375504 kB
MemTotal:        1844596 kB
MemFree:         1207112 kB
MemAvailable:    1522772 kB
Buffers:           58436 kB
Cached:           375504 kB
MemTotal:        1844596 kB
MemFree:         1206924 kB
MemAvailable:    1522584 kB
Buffers:           58436 kB
Cached:           375504 kB
MemTotal:        1844596 kB
MemFree:         1207264 kB
MemAvailable:    1522924 kB
Buffers:           58436 kB
Cached:           375504 kB
MemTotal:        1844596 kB
MemFree:         1207036 kB
MemAvailable:    1522696 kB
Buffers:           58436 kB
Cached:           375504 kB
MemTotal:        1844596 kB
MemFree:         1207288 kB
MemAvailable:    1522948 kB
Buffers:           58436 kB
Cached:           375504 kB
MemTotal:        1844596 kB
MemFree:         1205684 kB
MemAvailable:    1521344 kB
Buffers:           58436 kB
Cached:           375504 kB
MemTotal:        1844596 kB
MemFree:         1206984 kB
MemAvailable:    1522644 kB
Buffers:           58436 kB
Cached:           375504 kB
MemTotal:        1844596 kB
MemFree:         1205204 kB
MemAvailable:    1520864 kB
Buffers:           58436 kB
Cached:           375504 kB
MemTotal:        1844596 kB
MemFree:         1203280 kB
MemAvailable:    1518940 kB
Buffers:           58436 kB
Cached:           375504 kB
MemTotal:        1844596 kB
MemFree:         1202288 kB
MemAvailable:    1517948 kB
Buffers:           58436 kB
Cached:           375504 kB
MemTotal:        1844596 kB
MemFree:         1199684 kB
MemAvailable:    1515344 kB
Buffers:           58436 kB
Cached:           375504 kB
MemTotal:        1844596 kB
MemFree:         1199436 kB
MemAvailable:    1515096 kB
Buffers:           58436 kB
Cached:           375504 kB
MemTotal:        1844596 kB
MemFree:         1198128 kB
MemAvailable:    1513788 kB
Buffers:           58436 kB
Cached:           375504 kB
MemTotal:        1844596 kB
MemFree:         1198940 kB
MemAvailable:    1514600 kB
Buffers:           58436 kB
Cached:           375504 kB
MemTotal:        1844596 kB
MemFree:         1198940 kB
MemAvailable:    1514600 kB
Buffers:           58436 kB
Cached:           375504 kB
MemTotal:        1844596 kB
MemFree:         1199168 kB
MemAvailable:    1514828 kB
Buffers:           58436 kB
Cached:           375504 kB
MemTotal:        1844596 kB
MemFree:         1199144 kB
MemAvailable:    1514804 kB
Buffers:           58436 kB
Cached:           375504 kB
MemTotal:        1844596 kB
MemFree:         1199032 kB
MemAvailable:    1514692 kB
Buffers:           58436 kB
Cached:           375504 kB
MemTotal:        1844596 kB
MemFree:         1198508 kB
MemAvailable:    1514168 kB
Buffers:           58436 kB
Cached:           375504 kB
MemTotal:        1844596 kB
MemFree:         1198948 kB
MemAvailable:    1514608 kB
Buffers:           58436 kB
Cached:           375504 kB
MemTotal:        1844596 kB
MemFree:         1197700 kB
MemAvailable:    1513360 kB
Buffers:           58436 kB
Cached:           375504 kB
MemTotal:        1844596 kB
MemFree:         1198924 kB
MemAvailable:    1514584 kB
Buffers:           58436 kB
Cached:           375504 kB
MemTotal:        1844596 kB
MemFree:         1199092 kB
MemAvailable:    1514752 kB
Buffers:           58436 kB
Cached:           375504 kB
MemTotal:        1844596 kB
MemFree:         1199004 kB
MemAvailable:    1514664 kB
Buffers:           58436 kB
Cached:           375504 kB
MemTotal:        1844596 kB
MemFree:         1198980 kB
MemAvailable:    1514640 kB
Buffers:           58436 kB
Cached:           375504 kB
MemTotal:        1844596 kB
MemFree:         1198980 kB
MemAvailable:    1514640 kB
Buffers:           58436 kB
Cached:           375504 kB
MemTotal:        1844596 kB
MemFree:         1198492 kB
MemAvailable:    1514152 kB
Buffers:           58436 kB
Cached:           375504 kB
MemTotal:        1844596 kB
MemFree:         1198244 kB
MemAvailable:    1513904 kB
Buffers:           58436 kB
Cached:           375504 kB
MemTotal:        1844596 kB
MemFree:         1198044 kB
MemAvailable:    1513704 kB
Buffers:           58436 kB
Cached:           375504 kB
MemTotal:        1844596 kB
MemFree:         1198296 kB
MemAvailable:    1513956 kB
Buffers:           58436 kB
Cached:           375504 kB
MemTotal:        1844596 kB
MemFree:         1196820 kB
MemAvailable:    1512480 kB
Buffers:           58436 kB
Cached:           375504 kB
MemTotal:        1844596 kB
MemFree:         1196772 kB
MemAvailable:    1512432 kB
Buffers:           58436 kB
Cached:           375504 kB
MemTotal:        1844596 kB
MemFree:         1197576 kB
MemAvailable:    1513236 kB
Buffers:           58436 kB
Cached:           375504 kB
MemTotal:        1844596 kB
MemFree:         1197384 kB
MemAvailable:    1513044 kB
Buffers:           58436 kB
Cached:           375504 kB
MemTotal:        1844596 kB
MemFree:         1195400 kB
MemAvailable:    1511060 kB
Buffers:           58436 kB
Cached:           375504 kB
MemTotal:        1844596 kB
MemFree:         1196400 kB
MemAvailable:    1512060 kB
Buffers:           58436 kB
Cached:           375504 kB
MemTotal:        1844596 kB
MemFree:         1195324 kB
MemAvailable:    1510992 kB
Buffers:           58436 kB
Cached:           375512 kB
MemTotal:        1844596 kB
MemFree:         1195820 kB
MemAvailable:    1511488 kB
Buffers:           58436 kB
Cached:           375512 kB
MemTotal:        1844596 kB
MemFree:         1194316 kB
MemAvailable:    1509984 kB
Buffers:           58436 kB
Cached:           375512 kB
MemTotal:        1844596 kB
MemFree:         1194448 kB
MemAvailable:    1510116 kB
Buffers:           58436 kB
Cached:           375512 kB
MemTotal:        1844596 kB
MemFree:         1194316 kB
MemAvailable:    1509984 kB
Buffers:           58436 kB
Cached:           375512 kB
MemTotal:        1844596 kB
MemFree:         1194332 kB
MemAvailable:    1510000 kB
Buffers:           58436 kB
Cached:           375512 kB
MemTotal:        1844596 kB
MemFree:         1195384 kB
MemAvailable:    1511052 kB
Buffers:           58436 kB
Cached:           375512 kB
MemTotal:        1844596 kB
MemFree:         1194200 kB
MemAvailable:    1509868 kB
Buffers:           58436 kB
Cached:           375512 kB
MemTotal:        1844596 kB
MemFree:         1195052 kB
MemAvailable:    1510720 kB
Buffers:           58436 kB
Cached:           375512 kB
MemTotal:        1844596 kB
MemFree:         1195388 kB
MemAvailable:    1511056 kB
Buffers:           58436 kB
Cached:           375512 kB
MemTotal:        1844596 kB
MemFree:         1193952 kB
MemAvailable:    1509620 kB
Buffers:           58436 kB
Cached:           375512 kB
MemTotal:        1844596 kB
MemFree:         1195212 kB
MemAvailable:    1510880 kB
Buffers:           58436 kB
Cached:           375512 kB
MemTotal:        1844596 kB
MemFree:         1194208 kB
MemAvailable:    1509876 kB
Buffers:           58436 kB
Cached:           375512 kB
MemTotal:        1844596 kB
MemFree:         1194820 kB
MemAvailable:    1510488 kB
Buffers:           58436 kB
Cached:           375512 kB
MemTotal:        1844596 kB
MemFree:         1194828 kB
MemAvailable:    1510496 kB
Buffers:           58436 kB
Cached:           375512 kB
MemTotal:        1844596 kB
MemFree:         1191044 kB
MemAvailable:    1506712 kB
Buffers:           58436 kB
Cached:           375512 kB
MemTotal:        1844596 kB
MemFree:         1187512 kB
MemAvailable:    1503180 kB
Buffers:           58436 kB
Cached:           375512 kB
MemTotal:        1844596 kB
MemFree:         1186248 kB
MemAvailable:    1501916 kB
Buffers:           58436 kB
Cached:           375512 kB
MemTotal:        1844596 kB
MemFree:         1186332 kB
MemAvailable:    1502000 kB
Buffers:           58436 kB
Cached:           375512 kB
MemTotal:        1844596 kB
MemFree:         1186196 kB
MemAvailable:    1502032 kB
Buffers:           58436 kB
Cached:           375760 kB
MemTotal:        1844596 kB
MemFree:         1185948 kB
MemAvailable:    1501952 kB
Buffers:           58436 kB
Cached:           375884 kB
MemTotal:        1844596 kB
MemFree:         1185716 kB
MemAvailable:    1501804 kB
Buffers:           58436 kB
Cached:           375884 kB
MemTotal:        1844596 kB
MemFree:         1185832 kB
MemAvailable:    1502004 kB
Buffers:           58436 kB
Cached:           376008 kB
MemTotal:        1844596 kB
MemFree:         1184460 kB
MemAvailable:    1500632 kB
Buffers:           58436 kB
Cached:           376132 kB
MemTotal:        1844596 kB
MemFree:         1185636 kB
MemAvailable:    1501892 kB
Buffers:           58436 kB
Cached:           376132 kB
MemTotal:        1844596 kB
MemFree:         1185816 kB
MemAvailable:    1502156 kB
Buffers:           58436 kB
Cached:           376132 kB
MemTotal:        1844596 kB
MemFree:         1184660 kB
MemAvailable:    1501000 kB
Buffers:           58436 kB
Cached:           376132 kB
MemTotal:        1844596 kB
MemFree:         1184528 kB
MemAvailable:    1500872 kB
Buffers:           58436 kB
Cached:           376136 kB
MemTotal:        1844596 kB
MemFree:         1185712 kB
MemAvailable:    1502056 kB
Buffers:           58436 kB
Cached:           376136 kB
MemTotal:        1844596 kB
MemFree:         1185776 kB
MemAvailable:    1502120 kB
Buffers:           58436 kB
Cached:           376136 kB
MemTotal:        1844596 kB
MemFree:         1185796 kB
MemAvailable:    1502140 kB
Buffers:           58436 kB
Cached:           376136 kB
MemTotal:        1844596 kB
MemFree:         1185628 kB
MemAvailable:    1501972 kB
Buffers:           58436 kB
Cached:           376260 kB
MemTotal:        1844596 kB
MemFree:         1185880 kB
MemAvailable:    1502224 kB
Buffers:           58436 kB
Cached:           376260 kB
MemTotal:        1844596 kB
MemFree:         1185032 kB
MemAvailable:    1500788 kB
Buffers:           58436 kB
Cached:           375544 kB
MemTotal:        1844596 kB
MemFree:         1255852 kB
MemAvailable:    1571608 kB
Buffers:           58436 kB
Cached:           375544 kB
