MemTotal:        1844596 kB
MemFree:         1500008 kB
MemAvailable:    1570024 kB
Buffers:           29116 kB
Cached:           174748 kB
MemTotal:        1844596 kB
MemFree:         1496668 kB
MemAvailable:    1566684 kB
Buffers:           29116 kB
Cached:           174748 kB
MemTotal:        1844596 kB
MemFree:         1494048 kB
MemAvailable:    1564064 kB
Buffers:           29116 kB
Cached:           174748 kB
MemTotal:        1844596 kB
MemFree:         1492884 kB
MemAvailable:    1562900 kB
Buffers:           29116 kB
Cached:           174748 kB
MemTotal:        1844596 kB
MemFree:         1492080 kB
MemAvailable:    1562096 kB
Buffers:           29116 kB
Cached:           174748 kB
MemTotal:        1844596 kB
MemFree:         1491948 kB
MemAvailable:    1561964 kB
Buffers:           29116 kB
Cached:           174748 kB
MemTotal:        1844596 kB
MemFree:         1493304 kB
MemAvailable:    1563320 kB
Buffers:           29116 kB
Cached:           174748 kB
MemTotal:        1844596 kB
MemFree:         1489336 kB
MemAvailable:    1559352 kB
Buffers:           29116 kB
Cached:           174748 kB
MemTotal:        1844596 kB
MemFree:         1488980 kB
MemAvailable:    1558996 kB
Buffers:           29116 kB
Cached:           174748 kB
MemTotal:        1844596 kB
MemFree:         1486500 kB
MemAvailable:    1556516 kB
Buffers:           29116 kB
Cached:           174748 kB
MemTotal:        1844596 kB
MemFree:         1481292 kB
MemAvailable:    1551308 kB
Buffers:           29116 kB
Cached:           174748 kB
MemTotal:        1844596 kB
MemFree:         1483312 kB
MemAvailable:    1553328 kB
Buffers:           29116 kB
Cached:           174748 kB
MemTotal:        1844596 kB
MemFree:         1483136 kB
MemAvailable:    1553152 kB
Buffers:           29116 kB
Cached:           174748 kB
MemTotal:        1844596 kB
MemFree:         1483472 kB
MemAvailable:    1553488 kB
Buffers:           29116 kB
Cached:           174748 kB
MemTotal:        1844596 kB
MemFree:         1481848 kB
MemAvailable:    1551864 kB
Buffers:           29116 kB
Cached:           174748 kB
MemTotal:        1844596 kB
MemFree:         1483424 kB
MemAvailable:    1553440 kB
Buffers:           29116 kB
Cached:           174748 kB
MemTotal:        1844596 kB
MemFree:         1482408 kB
MemAvailable:    1552424 kB
Buffers:           29116 kB
Cached:           174748 kB
MemTotal:        1844596 kB
MemFree:         1482948 kB
MemAvailable:    1552964 kB
Buffers:           29116 kB
Cached:           174748 kB
MemTotal:        1844596 kB
MemFree:         1481036 kB
MemAvailable:    1551052 kB
Buffers:           29116 kB
Cached:           174748 kB
MemTotal:        1844596 kB
MemFree:         1482028 kB
MemAvailable:    1552044 kB
Buffers:           29116 kB
Cached:           174748 kB
MemTotal:        1844596 kB
MemFree:         1480856 kB
MemAvailable:    1550872 kB
Buffers:           29116 kB
Cached:           174748 kB
MemTotal:        1844596 kB
MemFree:         1479804 kB
MemAvailable:    1549820 kB
Buffers:           29116 kB
Cached:           174748 kB
MemTotal:        1844596 kB
MemFree:         1480740 kB
MemAvailable:    1550756 kB
Buffers:           29116 kB
Cached:           174748 kB
MemTotal:        1844596 kB
MemFree:         1480740 kB
MemAvailable:    1550756 kB
Buffers:           29116 kB
Cached:           174748 kB
MemTotal:        1844596 kB
MemFree:         1480740 kB
MemAvailable:    1550756 kB
Buffers:           29116 kB
Cached:           174748 kB
MemTotal:        1844596 kB
MemFree:         1480596 kB
MemAvailable:    1550612 kB
Buffers:           29116 kB
Cached:           174748 kB
MemTotal:        1844596 kB
MemFree:         1480848 kB
MemAvailable:    1550864 kB
Buffers:           29116 kB
Cached:           174748 kB
MemTotal:        1844596 kB
MemFree:         1479536 kB
MemAvailable:    1549552 kB
Buffers:           29116 kB
Cached:           174748 kB
MemTotal:        1844596 kB
MemFree:         1480844 kB
MemAvailable:    1550860 kB
Buffers:           29116 kB
Cached:           174748 kB
MemTotal:        1844596 kB
MemFree:         1480060 kB
MemAvailable:    1550076 kB
Buffers:           29116 kB
Cached:           174748 kB
MemTotal:        1844596 kB
MemFree:         1482184 kB
MemAvailable:    1552204 kB
Buffers:           29116 kB
Cached:           174752 kB
MemTotal:        1844596 kB
MemFree:         1482052 kB
MemAvailable:    1552072 kB
Buffers:           29116 kB
Cached:           174752 kB
MemTotal:        1844596 kB
MemFree:         1480416 kB
MemAvailable:    1550436 kB
Buffers:           29116 kB
Cached:           174752 kB
MemTotal:        1844596 kB
MemFree:         1479804 kB
MemAvailable:    1549824 kB
Buffers:           29116 kB
Cached:           174752 kB
MemTotal:        1844596 kB
MemFree:         1477192 kB
MemAvailable:    1547212 kB
Buffers:           29116 kB
Cached:           174752 kB
MemTotal:        1844596 kB
MemFree:         1477440 kB
MemAvailable:    1547460 kB
Buffers:           29116 kB
Cached:           174752 kB
MemTotal:        1844596 kB
MemFree:         1478368 kB
MemAvailable:    1548388 kB
Buffers:           29116 kB
Cached:           174752 kB
MemTotal:        1844596 kB
MemFree:         1477756 kB
MemAvailable:    1547776 kB
Buffers:           29116 kB
Cached:           174752 kB
MemTotal:        1844596 kB
MemFree:         1477564 kB
MemAvailable:    1547584 kB
Buffers:           29116 kB
Cached:           174752 kB
MemTotal:        1844596 kB
MemFree:         1475712 kB
MemAvailable:    1545732 kB
Buffers:           29116 kB
Cached:           174752 kB
MemTotal:        1844596 kB
MemFree:         1475464 kB
MemAvailable:    1545484 kB
Buffers:           29116 kB
Cached:           174752 kB
MemTotal:        1844596 kB
MemFree:         1475580 kB
MemAvailable:    1545600 kB
Buffers:           29116 kB
Cached:           174752 kB
MemTotal:        1844596 kB
MemFree:         1475416 kB
MemAvailable:    1545436 kB
Buffers:           29116 kB
Cached:           174752 kB
MemTotal:        1844596 kB
MemFree:         1475408 kB
MemAvailable:    1545428 kB
Buffers:           29116 kB
Cached:           174752 kB
MemTotal:        1844596 kB
MemFree:         1475284 kB
MemAvailable:    1545304 kB
Buffers:           29116 kB
Cached:           174752 kB
MemTotal:        1844596 kB
MemFree:         1475092 kB
MemAvailable:    1545112 kB
Buffers:           29116 kB
Cached:           174752 kB
MemTotal:        1844596 kB
MemFree:         1476128 kB
MemAvailable:    1546148 kB
Buffers:           29116 kB
Cached:           174752 kB
MemTotal:        1844596 kB
MemFree:         1475656 kB
MemAvailable:    1545676 kB
Buffers:           29116 kB
Cached:           174752 kB
MemTotal:        1844596 kB
MemFree:         1475656 kB
MemAvailable:    1545676 kB
Buffers:           29116 kB
Cached:           174752 kB
MemTotal:        1844596 kB
MemFree:         1474176 kB
MemAvailable:    1544196 kB
Buffers:           29116 kB
Cached:           174752 kB
MemTotal:        1844596 kB
MemFree:         1475724 kB
MemAvailable:    1545744 kB
Buffers:           29116 kB
Cached:           174752 kB
MemTotal:        1844596 kB
MemFree:         1474168 kB
MemAvailable:    1544188 kB
Buffers:           29116 kB
Cached:           174752 kB
MemTotal:        1844596 kB
MemFree:         1474284 kB
MemAvailable:    1544304 kB
Buffers:           29116 kB
Cached:           174752 kB
MemTotal:        1844596 kB
MemFree:         1475560 kB
MemAvailable:    1545580 kB
Buffers:           29116 kB
Cached:           174752 kB
MemTotal:        1844596 kB
MemFree:         1475812 kB
MemAvailable:    1545832 kB
Buffers:           29116 kB
Cached:           174752 kB
MemTotal:        1844596 kB
MemFree:         1475576 kB
MemAvailable:    1545596 kB
Buffers:           29116 kB
Cached:           174752 kB
MemTotal:        1844596 kB
MemFree:         1474576 kB
MemAvailable:    1544596 kB
Buffers:           29116 kB
Cached:           174752 kB
MemTotal:        1844596 kB
MemFree:         1474328 kB
MemAvailable:    1544348 kB
Buffers:           29116 kB
Cached:           174752 kB
MemTotal:        1844596 kB
MemFree:         1475568 kB
MemAvailable:    1545588 kB
Buffers:           29116 kB
Cached:           174752 kB
MemTotal:        1844596 kB
MemFree:         1474960 kB
MemAvailable:    1544980 kB
Buffers:           29116 kB
Cached:           174752 kB
MemTotal:        1844596 kB
MemFree:         1475136 kB
MemAvailable:    1545156 kB
Buffers:           29116 kB
Cached:           174752 kB
MemTotal:        1844596 kB
MemFree:         1475472 kB
MemAvailable:    1545492 kB
Buffers:           29116 kB
Cached:           174752 kB
MemTotal:        1844596 kB
MemFree:         1473888 kB
MemAvailable:    1543908 kB
Buffers:           29116 kB
Cached:           174752 kB
MemTotal:        1844596 kB
MemFree:         1475012 kB
MemAvailable:    1545032 kB
Buffers:           29116 kB
Cached:           174752 kB
MemTotal:        1844596 kB
MemFree:         1473772 kB
MemAvailable:    1543792 kB
Buffers:           29116 kB
Cached:           174752 kB
MemTotal:        1844596 kB
MemFree:         1474816 kB
MemAvailable:    1544836 kB
Buffers:           29116 kB
Cached:           174752 kB
MemTotal:        1844596 kB
MemFree:         1474896 kB
MemAvailable:    1544916 kB
Buffers:           29116 kB
Cached:           174752 kB
MemTotal:        1844596 kB
MemFree:         1474896 kB
MemAvailable:    1544916 kB
Buffers:           29116 kB
Cached:           174752 kB
MemTotal:        1844596 kB
MemFree:         1474640 kB
MemAvailable:    1544668 kB
Buffers:           29116 kB
Cached:           174760 kB
MemTotal:        1844596 kB
MemFree:         1474680 kB
MemAvailable:    1544708 kB
Buffers:           29116 kB
Cached:           174760 kB
MemTotal:        1844596 kB
MemFree:         1474540 kB
MemAvailable:    1544568 kB
Buffers:           29116 kB
Cached:           174760 kB
MemTotal:        1844596 kB
MemFree:         1474540 kB
MemAvailable:    1544568 kB
Buffers:           29116 kB
Cached:           174760 kB
MemTotal:        1844596 kB
MemFree:         1474600 kB
MemAvailable:    1544628 kB
Buffers:           29116 kB
Cached:           174760 kB
MemTotal:        1844596 kB
MemFree:         1473336 kB
MemAvailable:    1543364 kB
Buffers:           29116 kB
Cached:           174760 kB
MemTotal:        1844596 kB
MemFree:         1473204 kB
MemAvailable:    1543232 kB
Buffers:           29116 kB
Cached:           174760 kB
MemTotal:        1844596 kB
MemFree:         1471372 kB
MemAvailable:    1541400 kB
Buffers:           29116 kB
Cached:           174760 kB
MemTotal:        1844596 kB
MemFree:         1468760 kB
MemAvailable:    1538788 kB
Buffers:           29116 kB
Cached:           174760 kB
MemTotal:        1844596 kB
MemFree:         1467440 kB
MemAvailable:    1537468 kB
Buffers:           29116 kB
Cached:           174760 kB
MemTotal:        1844596 kB
MemFree:         1466296 kB
MemAvailable:    1536324 kB
Buffers:           29116 kB
Cached:           174760 kB
MemTotal:        1844596 kB
MemFree:         1466860 kB
MemAvailable:    1536888 kB
Buffers:           29116 kB
Cached:           174760 kB
MemTotal:        1844596 kB
MemFree:         1466788 kB
MemAvailable:    1536816 kB
Buffers:           29116 kB
Cached:           174760 kB
MemTotal:        1844596 kB
MemFree:         1466624 kB
MemAvailable:    1536652 kB
Buffers:           29116 kB
Cached:           174760 kB
MemTotal:        1844596 kB
MemFree:         1466288 kB
MemAvailable:    1536316 kB
Buffers:           29116 kB
Cached:           174760 kB
MemTotal:        1844596 kB
MemFree:         1465364 kB
MemAvailable:    1535392 kB
Buffers:           29116 kB
Cached:           174760 kB
MemTotal:        1844596 kB
MemFree:         1466856 kB
MemAvailable:    1536884 kB
Buffers:           29116 kB
Cached:           174760 kB
MemTotal:        1844596 kB
MemFree:         1465400 kB
MemAvailable:    1535428 kB
Buffers:           29116 kB
Cached:           174760 kB
MemTotal:        1844596 kB
MemFree:         1466520 kB
MemAvailable:    1536548 kB
Buffers:           29116 kB
Cached:           174760 kB
MemTotal:        1844596 kB
MemFree:         1466772 kB
MemAvailable:    1536800 kB
Buffers:           29116 kB
Cached:           174760 kB
MemTotal:        1844596 kB
MemFree:         1466644 kB
MemAvailable:    1536672 kB
Buffers:           29116 kB
Cached:           174760 kB
MemTotal:        1844596 kB
MemFree:         1466896 kB
MemAvailable:    1536924 kB
Buffers:           29116 kB
Cached:           174760 kB
MemTotal:        1844596 kB
MemFree:         1466664 kB
MemAvailable:    1536692 kB
Buffers:           29116 kB
Cached:           174760 kB
MemTotal:        1844596 kB
MemFree:         1466460 kB
MemAvailable:    1536488 kB
Buffers:           29116 kB
Cached:           174760 kB
MemTotal:        1844596 kB
MemFree:         1466712 kB
MemAvailable:    1536740 kB
Buffers:           29116 kB
Cached:           174760 kB
MemTotal:        1844596 kB
MemFree:         1466708 kB
MemAvailable:    1536736 kB
Buffers:           29116 kB
Cached:           174760 kB
MemTotal:        1844596 kB
MemFree:         1466572 kB
MemAvailable:    1536600 kB
Buffers:           29116 kB
Cached:           174760 kB
MemTotal:        1844596 kB
MemFree:         1466100 kB
MemAvailable:    1536128 kB
Buffers:           29116 kB
Cached:           174760 kB
MemTotal:        1844596 kB
MemFree:         1464668 kB
MemAvailable:    1534696 kB
Buffers:           29116 kB
Cached:           174760 kB
MemTotal:        1844596 kB
MemFree:         1464048 kB
MemAvailable:    1534076 kB
Buffers:           29116 kB
Cached:           174760 kB
MemTotal:        1844596 kB
MemFree:         1465280 kB
MemAvailable:    1535308 kB
Buffers:           29116 kB
Cached:           174760 kB
MemTotal:        1844596 kB
MemFree:         1464860 kB
MemAvailable:    1534888 kB
Buffers:           29116 kB
Cached:           174760 kB
MemTotal:        1844596 kB
MemFree:         1463512 kB
MemAvailable:    1533540 kB
Buffers:           29116 kB
Cached:           174760 kB
MemTotal:        1844596 kB
MemFree:         1464736 kB
MemAvailable:    1534764 kB
Buffers:           29116 kB
Cached:           174760 kB
MemTotal:        1844596 kB
MemFree:         1463744 kB
MemAvailable:    1533772 kB
Buffers:           29116 kB
Cached:           174760 kB
MemTotal:        1844596 kB
MemFree:         1462396 kB
MemAvailable:    1532424 kB
Buffers:           29116 kB
Cached:           174760 kB
MemTotal:        1844596 kB
MemFree:         1463124 kB
MemAvailable:    1533152 kB
Buffers:           29116 kB
Cached:           174760 kB
MemTotal:        1844596 kB
MemFree:         1463048 kB
MemAvailable:    1533076 kB
Buffers:           29116 kB
Cached:           174760 kB
MemTotal:        1844596 kB
MemFree:         1463048 kB
MemAvailable:    1533076 kB
Buffers:           29116 kB
Cached:           174760 kB
MemTotal:        1844596 kB
MemFree:         1462984 kB
MemAvailable:    1533012 kB
Buffers:           29116 kB
Cached:           174760 kB
MemTotal:        1844596 kB
MemFree:         1461676 kB
MemAvailable:    1531704 kB
Buffers:           29116 kB
Cached:           174760 kB
MemTotal:        1844596 kB
MemFree:         1461552 kB
MemAvailable:    1531580 kB
Buffers:           29116 kB
Cached:           174760 kB
MemTotal:        1844596 kB
MemFree:         1462672 kB
MemAvailable:    1532700 kB
Buffers:           29116 kB
Cached:           174760 kB
MemTotal:        1844596 kB
MemFree:         1461948 kB
MemAvailable:    1531976 kB
Buffers:           29116 kB
Cached:           174760 kB
MemTotal:        1844596 kB
MemFree:         1461432 kB
MemAvailable:    1531460 kB
Buffers:           29116 kB
Cached:           174760 kB
MemTotal:        1844596 kB
MemFree:         1461432 kB
MemAvailable:    1531460 kB
Buffers:           29116 kB
Cached:           174760 kB
MemTotal:        1844596 kB
MemFree:         1462628 kB
MemAvailable:    1532656 kB
Buffers:           29116 kB
Cached:           174760 kB
MemTotal:        1844596 kB
MemFree:         1461452 kB
MemAvailable:    1531480 kB
Buffers:           29116 kB
Cached:           174760 kB
MemTotal:        1844596 kB
MemFree:         1462504 kB
MemAvailable:    1532532 kB
Buffers:           29116 kB
Cached:           174760 kB
MemTotal:        1844596 kB
MemFree:         1461700 kB
MemAvailable:    1531728 kB
Buffers:           29116 kB
Cached:           174760 kB
MemTotal:        1844596 kB
MemFree:         1462112 kB
MemAvailable:    1532140 kB
Buffers:           29116 kB
Cached:           174760 kB
MemTotal:        1844596 kB
MemFree:         1455376 kB
MemAvailable:    1525404 kB
Buffers:           29116 kB
Cached:           174760 kB
MemTotal:        1844596 kB
MemFree:         1452640 kB
MemAvailable:    1522668 kB
Buffers:           29116 kB
Cached:           174760 kB
MemTotal:        1844596 kB
MemFree:         1453624 kB
MemAvailable:    1523652 kB
Buffers:           29116 kB
Cached:           174760 kB
MemTotal:        1844596 kB
MemFree:         1453268 kB
MemAvailable:    1523296 kB
Buffers:           29116 kB
Cached:           174760 kB
MemTotal:        1844596 kB
MemFree:         1453504 kB
MemAvailable:    1523532 kB
Buffers:           29116 kB
Cached:           174760 kB
MemTotal:        1844596 kB
MemFree:         1452208 kB
MemAvailable:    1522236 kB
Buffers:           29116 kB
Cached:           174760 kB
MemTotal:        1844596 kB
MemFree:         1452764 kB
MemAvailable:    1522792 kB
Buffers:           29116 kB
Cached:           174760 kB
MemTotal:        1844596 kB
MemFree:         1455428 kB
MemAvailable:    1525460 kB
Buffers:           29116 kB
Cached:           174764 kB
MemTotal:        1844596 kB
MemFree:         1455368 kB
MemAvailable:    1525400 kB
Buffers:           29116 kB
Cached:           174764 kB
MemTotal:        1844596 kB
MemFree:         1455296 kB
MemAvailable:    1525328 kB
Buffers:           29120 kB
Cached:           174884 kB
MemTotal:        1844596 kB
MemFree:         1455548 kB
MemAvailable:    1525580 kB
Buffers:           29120 kB
Cached:           174884 kB
MemTotal:        1844596 kB
MemFree:         1455040 kB
MemAvailable:    1525408 kB
Buffers:           29120 kB
Cached:           175132 kB
MemTotal:        1844596 kB
MemFree:         1454452 kB
MemAvailable:    1524820 kB
Buffers:           29120 kB
Cached:           175132 kB
MemTotal:        1844596 kB
MemFree:         1453756 kB
MemAvailable:    1524124 kB
Buffers:           29120 kB
Cached:           175256 kB
MemTotal:        1844596 kB
MemFree:         1455064 kB
MemAvailable:    1525600 kB
Buffers:           29120 kB
Cached:           175380 kB
MemTotal:        1844596 kB
MemFree:         1454692 kB
MemAvailable:    1525312 kB
Buffers:           29120 kB
Cached:           175380 kB
MemTotal:        1844596 kB
MemFree:         1454692 kB
MemAvailable:    1525312 kB
Buffers:           29120 kB
Cached:           175380 kB
MemTotal:        1844596 kB
MemFree:         1454560 kB
MemAvailable:    1525180 kB
Buffers:           29120 kB
Cached:           175380 kB
MemTotal:        1844596 kB
MemFree:         1454896 kB
MemAvailable:    1525516 kB
Buffers:           29120 kB
Cached:           175380 kB
MemTotal:        1844596 kB
MemFree:         1454820 kB
MemAvailable:    1525440 kB
Buffers:           29120 kB
Cached:           175380 kB
MemTotal:        1844596 kB
MemFree:         1454012 kB
MemAvailable:    1524632 kB
Buffers:           29120 kB
Cached:           175380 kB
MemTotal:        1844596 kB
MemFree:         1454688 kB
MemAvailable:    1525308 kB
Buffers:           29120 kB
Cached:           175380 kB
MemTotal:        1844596 kB
MemFree:         1454828 kB
MemAvailable:    1525448 kB
Buffers:           29120 kB
Cached:           175380 kB
MemTotal:        1844596 kB
MemFree:         1454576 kB
MemAvailable:    1525292 kB
Buffers:           29120 kB
Cached:           175456 kB
MemTotal:        1844596 kB
MemFree:         1454832 kB
MemAvailable:    1525548 kB
Buffers:           29120 kB
Cached:           175456 kB
MemTotal:        1844596 kB
MemFree:         1455716 kB
MemAvailable:    1525760 kB
Buffers:           29120 kB
Cached:           174784 kB
