MemTotal:        1844596 kB
MemFree:         1396588 kB
MemAvailable:    1562416 kB
Buffers:           42064 kB
Cached:           255240 kB
MemTotal:        1844596 kB
MemFree:         1394032 kB
MemAvailable:    1559860 kB
Buffers:           42064 kB
Cached:           255240 kB
MemTotal:        1844596 kB
MemFree:         1393736 kB
MemAvailable:    1559564 kB
Buffers:           42064 kB
Cached:           255240 kB
MemTotal:        1844596 kB
MemFree:         1392300 kB
MemAvailable:    1558128 kB
Buffers:           42064 kB
Cached:           255240 kB
MemTotal:        1844596 kB
MemFree:         1393728 kB
MemAvailable:    1559556 kB
Buffers:           42064 kB
Cached:           255240 kB
MemTotal:        1844596 kB
MemFree:         1392248 kB
MemAvailable:    1558076 kB
Buffers:           42064 kB
Cached:           255240 kB
MemTotal:        1844596 kB
MemFree:         1390080 kB
MemAvailable:    1555908 kB
Buffers:           42064 kB
Cached:           255240 kB
MemTotal:        1844596 kB
MemFree:         1388344 kB
MemAvailable:    1554172 kB
Buffers:           42064 kB
Cached:           255240 kB
MemTotal:        1844596 kB
MemFree:         1386608 kB
MemAvailable:    1552436 kB
Buffers:           42064 kB
Cached:           255240 kB
MemTotal:        1844596 kB
MemFree:         1382336 kB
MemAvailable:    1548164 kB
Buffers:           42064 kB
Cached:           255240 kB
MemTotal:        1844596 kB
MemFree:         1382268 kB
MemAvailable:    1548096 kB
Buffers:           42064 kB
Cached:           255240 kB
MemTotal:        1844596 kB
MemFree:         1382260 kB
MemAvailable:    1548088 kB
Buffers:           42064 kB
Cached:           255240 kB
MemTotal:        1844596 kB
MemFree:         1382336 kB
MemAvailable:    1548164 kB
Buffers:           42064 kB
Cached:           255240 kB
MemTotal:        1844596 kB
MemFree:         1382504 kB
MemAvailable:    1548332 kB
Buffers:           42064 kB
Cached:           255240 kB
MemTotal:        1844596 kB
MemFree:         1382440 kB
MemAvailable:    1548268 kB
Buffers:           42064 kB
Cached:           255240 kB
MemTotal:        1844596 kB
MemFree:         1380872 kB
MemAvailable:    1546700 kB
Buffers:           42064 kB
Cached:           255240 kB
MemTotal:        1844596 kB
MemFree:         1382136 kB
MemAvailable:    1547972 kB
Buffers:           42064 kB
Cached:           255244 kB
MemTotal:        1844596 kB
MemFree:         1382020 kB
MemAvailable:    1547856 kB
Buffers:           42064 kB
Cached:           255244 kB
MemTotal:        1844596 kB
MemFree:         1380756 kB
MemAvailable:    1546592 kB
Buffers:           42064 kB
Cached:           255244 kB
MemTotal:        1844596 kB
MemFree:         1380756 kB
MemAvailable:    1546592 kB
Buffers:           42064 kB
Cached:           255244 kB
MemTotal:        1844596 kB
MemFree:         1378912 kB
MemAvailable:    1544748 kB
Buffers:           42064 kB
Cached:           255244 kB
MemTotal:        1844596 kB
MemFree:         1380096 kB
MemAvailable:    1545932 kB
Buffers:           42064 kB
Cached:           255244 kB
MemTotal:        1844596 kB
MemFree:         1378920 kB
MemAvailable:    1544756 kB
Buffers:           42064 kB
Cached:           255244 kB
MemTotal:        1844596 kB
MemFree:         1379844 kB
MemAvailable:    1545680 kB
Buffers:           42064 kB
Cached:           255244 kB
MemTotal:        1844596 kB
MemFree:         1379844 kB
MemAvailable:    1545680 kB
Buffers:           42064 kB
Cached:           255244 kB
MemTotal:        1844596 kB
MemFree:         1378616 kB
MemAvailable:    1544452 kB
Buffers:           42064 kB
Cached:           255244 kB
MemTotal:        1844596 kB
MemFree:         1379876 kB
MemAvailable:    1545712 kB
Buffers:           42064 kB
Cached:           255244 kB
MemTotal:        1844596 kB
MemFree:         1379780 kB
MemAvailable:    1545616 kB
Buffers:           42064 kB
Cached:           255244 kB
MemTotal:        1844596 kB
MemFree:         1379784 kB
MemAvailable:    1545620 kB
Buffers:           42064 kB
Cached:           255244 kB
MemTotal:        1844596 kB
MemFree:         1378476 kB
MemAvailable:    1544312 kB
Buffers:           42064 kB
Cached:           255244 kB
MemTotal:        1844596 kB
MemFree:         1379788 kB
MemAvailable:    1545624 kB
Buffers:           42064 kB
Cached:           255244 kB
MemTotal:        1844596 kB
MemFree:         1380840 kB
MemAvailable:    1546676 kB
Buffers:           42064 kB
Cached:           255244 kB
MemTotal:        1844596 kB
MemFree:         1378920 kB
MemAvailable:    1544632 kB
Buffers:           42064 kB
Cached:           255244 kB
MemTotal:        1844596 kB
MemFree:         1377664 kB
MemAvailable:    1543500 kB
Buffers:           42064 kB
Cached:           255244 kB
MemTotal:        1844596 kB
MemFree:         1377416 kB
MemAvailable:    1543252 kB
Buffers:           42064 kB
Cached:           255244 kB
MemTotal:        1844596 kB
MemFree:         1377300 kB
MemAvailable:    1543136 kB
Buffers:           42064 kB
Cached:           255244 kB
MemTotal:        1844596 kB
MemFree:         1376928 kB
MemAvailable:    1542764 kB
Buffers:           42064 kB
Cached:           255244 kB
MemTotal:        1844596 kB
MemFree:         1375696 kB
MemAvailable:    1541532 kB
Buffers:           42064 kB
Cached:           255244 kB
MemTotal:        1844596 kB
MemFree:         1374820 kB
MemAvailable:    1540656 kB
Buffers:           42064 kB
Cached:           255244 kB
MemTotal:        1844596 kB
MemFree:         1375796 kB
MemAvailable:    1541632 kB
Buffers:           42064 kB
Cached:           255244 kB
MemTotal:        1844596 kB
MemFree:         1375796 kB
MemAvailable:    1541632 kB
Buffers:           42064 kB
Cached:           255244 kB
MemTotal:        1844596 kB
MemFree:         1375916 kB
MemAvailable:    1541752 kB
Buffers:           42064 kB
Cached:           255244 kB
MemTotal:        1844596 kB
MemFree:         1375488 kB
MemAvailable:    1541324 kB
Buffers:           42064 kB
Cached:           255244 kB
MemTotal:        1844596 kB
MemFree:         1375740 kB
MemAvailable:    1541576 kB
Buffers:           42064 kB
Cached:           255244 kB
MemTotal:        1844596 kB
MemFree:         1375592 kB
MemAvailable:    1541428 kB
Buffers:           42064 kB
Cached:           255244 kB
MemTotal:        1844596 kB
MemFree:         1375592 kB
MemAvailable:    1541428 kB
Buffers:           42064 kB
Cached:           255244 kB
MemTotal:        1844596 kB
MemFree:         1375312 kB
MemAvailable:    1541148 kB
Buffers:           42064 kB
Cached:           255244 kB
MemTotal:        1844596 kB
MemFree:         1373880 kB
MemAvailable:    1539716 kB
Buffers:           42064 kB
Cached:           255244 kB
MemTotal:        1844596 kB
MemFree:         1374756 kB
MemAvailable:    1540592 kB
Buffers:           42064 kB
Cached:           255244 kB
MemTotal:        1844596 kB
MemFree:         1374060 kB
MemAvailable:    1539896 kB
Buffers:           42064 kB
Cached:           255244 kB
MemTotal:        1844596 kB
MemFree:         1374508 kB
MemAvailable:    1540344 kB
Buffers:           42064 kB
Cached:           255244 kB
MemTotal:        1844596 kB
MemFree:         1374736 kB
MemAvailable:    1540572 kB
Buffers:           42064 kB
Cached:           255244 kB
MemTotal:        1844596 kB
MemFree:         1374688 kB
MemAvailable:    1540524 kB
Buffers:           42064 kB
Cached:           255244 kB
MemTotal:        1844596 kB
MemFree:         1373340 kB
MemAvailable:    1539176 kB
Buffers:           42064 kB
Cached:           255244 kB
MemTotal:        1844596 kB
MemFree:         1374640 kB
MemAvailable:    1540476 kB
Buffers:           42064 kB
Cached:           255244 kB
MemTotal:        1844596 kB
MemFree:         1374764 kB
MemAvailable:    1540600 kB
Buffers:           42064 kB
Cached:           255244 kB
MemTotal:        1844596 kB
MemFree:         1373416 kB
MemAvailable:    1539252 kB
Buffers:           42064 kB
Cached:           255244 kB
MemTotal:        1844596 kB
MemFree:         1373416 kB
MemAvailable:    1539252 kB
Buffers:           42064 kB
Cached:           255244 kB
MemTotal:        1844596 kB
MemFree:         1374732 kB
MemAvailable:    1540568 kB
Buffers:           42064 kB
Cached:           255244 kB
MemTotal:        1844596 kB
MemFree:         1373332 kB
MemAvailable:    1539168 kB
Buffers:           42064 kB
Cached:           255244 kB
MemTotal:        1844596 kB
MemFree:         1374440 kB
MemAvailable:    1540276 kB
Buffers:           42064 kB
Cached:           255244 kB
MemTotal:        1844596 kB
MemFree:         1374440 kB
MemAvailable:    1540276 kB
Buffers:           42064 kB
Cached:           255244 kB
MemTotal:        1844596 kB
MemFree:         1373928 kB
MemAvailable:    1539764 kB
Buffers:           42064 kB
Cached:           255244 kB
MemTotal:        1844596 kB
MemFree:         1374012 kB
MemAvailable:    1539848 kB
Buffers:           42064 kB
Cached:           255244 kB
MemTotal:        1844596 kB
MemFree:         1373632 kB
MemAvailable:    1539468 kB
Buffers:           42064 kB
Cached:           255244 kB
MemTotal:        1844596 kB
MemFree:         1373968 kB
MemAvailable:    1539804 kB
Buffers:           42064 kB
Cached:           255244 kB
MemTotal:        1844596 kB
MemFree:         1372524 kB
MemAvailable:    1538360 kB
Buffers:           42064 kB
Cached:           255244 kB
MemTotal:        1844596 kB
MemFree:         1373708 kB
MemAvailable:    1539544 kB
Buffers:           42064 kB
Cached:           255244 kB
MemTotal:        1844596 kB
MemFree:         1372400 kB
MemAvailable:    1538236 kB
Buffers:           42064 kB
Cached:           255244 kB
MemTotal:        1844596 kB
MemFree:         1373540 kB
MemAvailable:    1539376 kB
Buffers:           42064 kB
Cached:           255244 kB
MemTotal:        1844596 kB
MemFree:         1373792 kB
MemAvailable:    1539628 kB
Buffers:           42064 kB
Cached:           255244 kB
MemTotal:        1844596 kB
MemFree:         1372464 kB
MemAvailable:    1538300 kB
Buffers:           42064 kB
Cached:           255244 kB
MemTotal:        1844596 kB
MemFree:         1372464 kB
MemAvailable:    1538300 kB
Buffers:           42064 kB
Cached:           255244 kB
MemTotal:        1844596 kB
MemFree:         1373772 kB
MemAvailable:    1539608 kB
Buffers:           42064 kB
Cached:           255244 kB
MemTotal:        1844596 kB
MemFree:         1371108 kB
MemAvailable:    1536944 kB
Buffers:           42064 kB
Cached:           255244 kB
MemTotal:        1844596 kB
MemFree:         1369736 kB
MemAvailable:    1535572 kB
Buffers:           42064 kB
Cached:           255244 kB
MemTotal:        1844596 kB
MemFree:         1366636 kB
MemAvailable:    1532472 kB
Buffers:           42064 kB
Cached:           255244 kB
MemTotal:        1844596 kB
MemFree:         1366324 kB
MemAvailable:    1532160 kB
Buffers:           42064 kB
Cached:           255244 kB
MemTotal:        1844596 kB
MemFree:         1366000 kB
MemAvailable:    1531836 kB
Buffers:           42064 kB
Cached:           255244 kB
MemTotal:        1844596 kB
MemFree:         1365892 kB
MemAvailable:    1531728 kB
Buffers:           42064 kB
Cached:           255244 kB
MemTotal:        1844596 kB
MemFree:         1365696 kB
MemAvailable:    1531532 kB
Buffers:           42064 kB
Cached:           255244 kB
MemTotal:        1844596 kB
MemFree:         1365948 kB
MemAvailable:    1531784 kB
Buffers:           42064 kB
Cached:           255244 kB
MemTotal:        1844596 kB
MemFree:         1364636 kB
MemAvailable:    1530472 kB
Buffers:           42064 kB
Cached:           255244 kB
MemTotal:        1844596 kB
MemFree:         1365780 kB
MemAvailable:    1531616 kB
Buffers:           42064 kB
Cached:           255244 kB
MemTotal:        1844596 kB
MemFree:         1365520 kB
MemAvailable:    1531356 kB
Buffers:           42064 kB
Cached:           255244 kB
MemTotal:        1844596 kB
MemFree:         1365564 kB
MemAvailable:    1531400 kB
Buffers:           42064 kB
Cached:           255244 kB
MemTotal:        1844596 kB
MemFree:         1365900 kB
MemAvailable:    1531736 kB
Buffers:           42064 kB
Cached:           255244 kB
MemTotal:        1844596 kB
MemFree:         1365692 kB
MemAvailable:    1531528 kB
Buffers:           42064 kB
Cached:           255244 kB
MemTotal:        1844596 kB
MemFree:         1365692 kB
MemAvailable:    1531528 kB
Buffers:           42064 kB
Cached:           255244 kB
MemTotal:        1844596 kB
MemFree:         1365588 kB
MemAvailable:    1531432 kB
Buffers:           42064 kB
Cached:           255252 kB
MemTotal:        1844596 kB
MemFree:         1365840 kB
MemAvailable:    1531684 kB
Buffers:           42064 kB
Cached:           255252 kB
MemTotal:        1844596 kB
MemFree:         1365732 kB
MemAvailable:    1531580 kB
Buffers:           42064 kB
Cached:           255256 kB
MemTotal:        1844596 kB
MemFree:         1365032 kB
MemAvailable:    1530880 kB
Buffers:           42064 kB
Cached:           255256 kB
MemTotal:        1844596 kB
MemFree:         1363652 kB
MemAvailable:    1529500 kB
Buffers:           42064 kB
Cached:           255256 kB
MemTotal:        1844596 kB
MemFree:         1363528 kB
MemAvailable:    1529376 kB
Buffers:           42064 kB
Cached:           255256 kB
MemTotal:        1844596 kB
MemFree:         1365080 kB
MemAvailable:    1530928 kB
Buffers:           42064 kB
Cached:           255256 kB
MemTotal:        1844596 kB
MemFree:         1364396 kB
MemAvailable:    1530244 kB
Buffers:           42064 kB
Cached:           255256 kB
MemTotal:        1844596 kB
MemFree:         1364480 kB
MemAvailable:    1530328 kB
Buffers:           42064 kB
Cached:           255256 kB
MemTotal:        1844596 kB
MemFree:         1364148 kB
MemAvailable:    1529996 kB
Buffers:           42064 kB
Cached:           255256 kB
MemTotal:        1844596 kB
MemFree:         1362908 kB
MemAvailable:    1528756 kB
Buffers:           42064 kB
Cached:           255256 kB
MemTotal:        1844596 kB
MemFree:         1362420 kB
MemAvailable:    1528268 kB
Buffers:           42064 kB
Cached:           255256 kB
MemTotal:        1844596 kB
MemFree:         1363032 kB
MemAvailable:    1528880 kB
Buffers:           42064 kB
Cached:           255256 kB
MemTotal:        1844596 kB
MemFree:         1362800 kB
MemAvailable:    1528648 kB
Buffers:           42064 kB
Cached:           255256 kB
MemTotal:        1844596 kB
MemFree:         1362280 kB
MemAvailable:    1528128 kB
Buffers:           42064 kB
Cached:           255256 kB
MemTotal:        1844596 kB
MemFree:         1362172 kB
MemAvailable:    1528020 kB
Buffers:           42064 kB
Cached:           255256 kB
MemTotal:        1844596 kB
MemFree:         1362136 kB
MemAvailable:    1527984 kB
Buffers:           42064 kB
Cached:           255256 kB
MemTotal:        1844596 kB
MemFree:         1362388 kB
MemAvailable:    1528236 kB
Buffers:           42064 kB
Cached:           255256 kB
MemTotal:        1844596 kB
MemFree:         1362004 kB
MemAvailable:    1527852 kB
Buffers:           42064 kB
Cached:           255256 kB
MemTotal:        1844596 kB
MemFree:         1362152 kB
MemAvailable:    1528000 kB
Buffers:           42064 kB
Cached:           255256 kB
MemTotal:        1844596 kB
MemFree:         1361748 kB
MemAvailable:    1527596 kB
Buffers:           42064 kB
Cached:           255256 kB
MemTotal:        1844596 kB
MemFree:         1362000 kB
MemAvailable:    1527848 kB
Buffers:           42064 kB
Cached:           255256 kB
MemTotal:        1844596 kB
MemFree:         1361804 kB
MemAvailable:    1527652 kB
Buffers:           42064 kB
Cached:           255256 kB
MemTotal:        1844596 kB
MemFree:         1360624 kB
MemAvailable:    1526472 kB
Buffers:           42064 kB
Cached:           255256 kB
MemTotal:        1844596 kB
MemFree:         1360484 kB
MemAvailable:    1526332 kB
Buffers:           42064 kB
Cached:           255256 kB
MemTotal:        1844596 kB
MemFree:         1361900 kB
MemAvailable:    1527748 kB
Buffers:           42064 kB
Cached:           255256 kB
MemTotal:        1844596 kB
MemFree:         1360692 kB
MemAvailable:    1526540 kB
Buffers:           42064 kB
Cached:           255256 kB
MemTotal:        1844596 kB
MemFree:         1361288 kB
MemAvailable:    1527136 kB
Buffers:           42064 kB
Cached:           255256 kB
MemTotal:        1844596 kB
MemFree:         1361064 kB
MemAvailable:    1526912 kB
Buffers:           42064 kB
Cached:           255256 kB
MemTotal:        1844596 kB
MemFree:         1353228 kB
MemAvailable:    1519076 kB
Buffers:           42064 kB
Cached:           255256 kB
MemTotal:        1844596 kB
MemFree:         1351392 kB
MemAvailable:    1517240 kB
Buffers:           42064 kB
Cached:           255256 kB
MemTotal:        1844596 kB
MemFree:         1351088 kB
MemAvailable:    1517020 kB
Buffers:           42064 kB
Cached:           255380 kB
MemTotal:        1844596 kB
MemFree:         1352312 kB
MemAvailable:    1518244 kB
Buffers:           42064 kB
Cached:           255380 kB
MemTotal:        1844596 kB
MemFree:         1352132 kB
MemAvailable:    1518316 kB
Buffers:           42064 kB
Cached:           255628 kB
MemTotal:        1844596 kB
MemFree:         1350896 kB
MemAvailable:    1517080 kB
Buffers:           42064 kB
Cached:           255628 kB
MemTotal:        1844596 kB
MemFree:         1351892 kB
MemAvailable:    1518160 kB
Buffers:           42064 kB
Cached:           255752 kB
MemTotal:        1844596 kB
MemFree:         1351868 kB
MemAvailable:    1518220 kB
Buffers:           42064 kB
Cached:           255876 kB
MemTotal:        1844596 kB
MemFree:         1351020 kB
MemAvailable:    1517372 kB
Buffers:           42064 kB
Cached:           255876 kB
MemTotal:        1844596 kB
MemFree:         1351688 kB
MemAvailable:    1518040 kB
Buffers:           42064 kB
Cached:           255876 kB
MemTotal:        1844596 kB
MemFree:         1351640 kB
MemAvailable:    1518076 kB
Buffers:           42064 kB
Cached:           255876 kB
MemTotal:        1844596 kB
MemFree:         1351144 kB
MemAvailable:    1517580 kB
Buffers:           42064 kB
Cached:           255876 kB
MemTotal:        1844596 kB
MemFree:         1351584 kB
MemAvailable:    1518020 kB
Buffers:           42064 kB
Cached:           255876 kB
MemTotal:        1844596 kB
MemFree:         1351584 kB
MemAvailable:    1518020 kB
Buffers:           42064 kB
Cached:           255876 kB
MemTotal:        1844596 kB
MemFree:         1351792 kB
MemAvailable:    1518228 kB
Buffers:           42064 kB
Cached:           255876 kB
MemTotal:        1844596 kB
MemFree:         1350896 kB
MemAvailable:    1517332 kB
Buffers:           42064 kB
Cached:           255876 kB
MemTotal:        1844596 kB
MemFree:         1351604 kB
MemAvailable:    1518040 kB
Buffers:           42064 kB
Cached:           256000 kB
MemTotal:        1844596 kB
MemFree:         1351688 kB
MemAvailable:    1518124 kB
Buffers:           42064 kB
Cached:           256000 kB
MemTotal:        1844596 kB
MemFree:         1423024 kB
MemAvailable:    1588872 kB
Buffers:           42064 kB
Cached:           255328 kB
