MemTotal:        1844596 kB
MemFree:         1293452 kB
MemAvailable:    1552784 kB
Buffers:           52396 kB
Cached:           330152 kB
MemTotal:        1844596 kB
MemFree:         1291384 kB
MemAvailable:    1550716 kB
Buffers:           52396 kB
Cached:           330152 kB
MemTotal:        1844596 kB
MemFree:         1291704 kB
MemAvailable:    1551036 kB
Buffers:           52396 kB
Cached:           330152 kB
MemTotal:        1844596 kB
MemFree:         1289336 kB
MemAvailable:    1548668 kB
Buffers:           52396 kB
Cached:           330152 kB
MemTotal:        1844596 kB
MemFree:         1289276 kB
MemAvailable:    1548608 kB
Buffers:           52396 kB
Cached:           330152 kB
MemTotal:        1844596 kB
MemFree:         1287964 kB
MemAvailable:    1547296 kB
Buffers:           52396 kB
Cached:           330152 kB
MemTotal:        1844596 kB
MemFree:         1287220 kB
MemAvailable:    1546552 kB
Buffers:           52396 kB
Cached:           330152 kB
MemTotal:        1844596 kB
MemFree:         1285804 kB
MemAvailable:    1545136 kB
Buffers:           52396 kB
Cached:           330152 kB
MemTotal:        1844596 kB
MemFree:         1282516 kB
MemAvailable:    1541848 kB
Buffers:           52396 kB
Cached:           330152 kB
MemTotal:        1844596 kB
MemFree:         1282516 kB
MemAvailable:    1541848 kB
Buffers:           52396 kB
Cached:           330152 kB
MemTotal:        1844596 kB
MemFree:         1278176 kB
MemAvailable:    1537508 kB
Buffers:           52396 kB
Cached:           330152 kB
MemTotal:        1844596 kB
MemFree:         1277992 kB
MemAvailable:    1537324 kB
Buffers:           52396 kB
Cached:           330152 kB
MemTotal:        1844596 kB
MemFree:         1279084 kB
MemAvailable:    1538416 kB
Buffers:           52396 kB
Cached:           330152 kB
MemTotal:        1844596 kB
MemFree:         1279420 kB
MemAvailable:    1538752 kB
Buffers:           52396 kB
Cached:           330152 kB
MemTotal:        1844596 kB
MemFree:         1279044 kB
MemAvailable:    1538376 kB
Buffers:           52396 kB
Cached:           330152 kB
MemTotal:        1844596 kB
MemFree:         1279296 kB
MemAvailable:    1538628 kB
Buffers:           52396 kB
Cached:           330152 kB
MemTotal:        1844596 kB
MemFree:         1278968 kB
MemAvailable:    1538300 kB
Buffers:           52396 kB
Cached:           330152 kB
MemTotal:        1844596 kB
MemFree:         1277124 kB
MemAvailable:    1536456 kB
Buffers:           52396 kB
Cached:           330152 kB
MemTotal:        1844596 kB
MemFree:         1276000 kB
MemAvailable:    1535332 kB
Buffers:           52396 kB
Cached:           330152 kB
MemTotal:        1844596 kB
MemFree:         1275760 kB
MemAvailable:    1535092 kB
Buffers:           52396 kB
Cached:           330152 kB
MemTotal:        1844596 kB
MemFree:         1277000 kB
MemAvailable:    1536332 kB
Buffers:           52396 kB
Cached:           330152 kB
MemTotal:        1844596 kB
MemFree:         1277000 kB
MemAvailable:    1536332 kB
Buffers:           52396 kB
Cached:           330152 kB
MemTotal:        1844596 kB
MemFree:         1275496 kB
MemAvailable:    1534828 kB
Buffers:           52396 kB
Cached:           330152 kB
MemTotal:        1844596 kB
MemFree:         1276888 kB
MemAvailable:    1536220 kB
Buffers:           52396 kB
Cached:           330152 kB
MemTotal:        1844596 kB
MemFree:         1276372 kB
MemAvailable:    1535704 kB
Buffers:           52396 kB
Cached:           330152 kB
MemTotal:        1844596 kB
MemFree:         1276748 kB
MemAvailable:    1536080 kB
Buffers:           52396 kB
Cached:           330152 kB
MemTotal:        1844596 kB
MemFree:         1275484 kB
MemAvailable:    1534816 kB
Buffers:           52396 kB
Cached:           330152 kB
MemTotal:        1844596 kB
MemFree:         1276744 kB
MemAvailable:    1536076 kB
Buffers:           52396 kB
Cached:           330152 kB
MemTotal:        1844596 kB
MemFree:         1277472 kB
MemAvailable:    1536804 kB
Buffers:           52396 kB
Cached:           330152 kB
MemTotal:        1844596 kB
MemFree:         1277348 kB
MemAvailable:    1536680 kB
Buffers:           52396 kB
Cached:           330152 kB
MemTotal:        1844596 kB
MemFree:         1276316 kB
MemAvailable:    1535652 kB
Buffers:           52396 kB
Cached:           330156 kB
MemTotal:        1844596 kB
MemFree:         1274272 kB
MemAvailable:    1533608 kB
Buffers:           52396 kB
Cached:           330156 kB
MemTotal:        1844596 kB
MemFree:         1273652 kB
MemAvailable:    1532988 kB
Buffers:           52396 kB
Cached:           330156 kB
MemTotal:        1844596 kB
MemFree:         1274456 kB
MemAvailable:    1533792 kB
Buffers:           52396 kB
Cached:           330156 kB
MemTotal:        1844596 kB
MemFree:         1274088 kB
MemAvailable:    1533424 kB
Buffers:           52396 kB
Cached:           330156 kB
MemTotal:        1844596 kB
MemFree:         1272856 kB
MemAvailable:    1532192 kB
Buffers:           52396 kB
Cached:           330156 kB
MemTotal:        1844596 kB
MemFree:         1272876 kB
MemAvailable:    1532212 kB
Buffers:           52396 kB
Cached:           330156 kB
MemTotal:        1844596 kB
MemFree:         1273212 kB
MemAvailable:    1532548 kB
Buffers:           52396 kB
Cached:           330156 kB
MemTotal:        1844596 kB
MemFree:         1272836 kB
MemAvailable:    1532172 kB
Buffers:           52396 kB
Cached:           330156 kB
MemTotal:        1844596 kB
MemFree:         1272644 kB
MemAvailable:    1531980 kB
Buffers:           52396 kB
Cached:           330156 kB
MemTotal:        1844596 kB
MemFree:         1271784 kB
MemAvailable:    1531120 kB
Buffers:           52396 kB
Cached:           330156 kB
MemTotal:        1844596 kB
MemFree:         1271224 kB
MemAvailable:    1530560 kB
Buffers:           52396 kB
Cached:           330156 kB
MemTotal:        1844596 kB
MemFree:         1272576 kB
MemAvailable:    1531912 kB
Buffers:           52396 kB
Cached:           330156 kB
MemTotal:        1844596 kB
MemFree:         1272236 kB
MemAvailable:    1531572 kB
Buffers:           52396 kB
Cached:           330156 kB
MemTotal:        1844596 kB
MemFree:         1272404 kB
MemAvailable:    1531740 kB
Buffers:           52396 kB
Cached:           330156 kB
MemTotal:        1844596 kB
MemFree:         1270924 kB
MemAvailable:    1530260 kB
Buffers:           52396 kB
Cached:           330156 kB
MemTotal:        1844596 kB
MemFree:         1270784 kB
MemAvailable:    1530120 kB
Buffers:           52396 kB
Cached:           330156 kB
MemTotal:        1844596 kB
MemFree:         1270248 kB
MemAvailable:    1529584 kB
Buffers:           52396 kB
Cached:           330156 kB
MemTotal:        1844596 kB
MemFree:         1270240 kB
MemAvailable:    1529576 kB
Buffers:           52396 kB
Cached:           330156 kB
MemTotal:        1844596 kB
MemFree:         1270372 kB
MemAvailable:    1529708 kB
Buffers:           52396 kB
Cached:           330156 kB
MemTotal:        1844596 kB
MemFree:         1271584 kB
MemAvailable:    1530920 kB
Buffers:           52396 kB
Cached:           330156 kB
MemTotal:        1844596 kB
MemFree:         1270276 kB
MemAvailable:    1529612 kB
Buffers:           52396 kB
Cached:           330156 kB
MemTotal:        1844596 kB
MemFree:         1271704 kB
MemAvailable:    1531040 kB
Buffers:           52396 kB
Cached:           330156 kB
MemTotal:        1844596 kB
MemFree:         1270924 kB
MemAvailable:    1530260 kB
Buffers:           52396 kB
Cached:           330156 kB
MemTotal:        1844596 kB
MemFree:         1271392 kB
MemAvailable:    1530728 kB
Buffers:           52396 kB
Cached:           330156 kB
MemTotal:        1844596 kB
MemFree:         1271728 kB
MemAvailable:    1531064 kB
Buffers:           52396 kB
Cached:           330156 kB
MemTotal:        1844596 kB
MemFree:         1270152 kB
MemAvailable:    1529488 kB
Buffers:           52396 kB
Cached:           330156 kB
MemTotal:        1844596 kB
MemFree:         1270284 kB
MemAvailable:    1529620 kB
Buffers:           52396 kB
Cached:           330156 kB
MemTotal:        1844596 kB
MemFree:         1271628 kB
MemAvailable:    1530964 kB
Buffers:           52396 kB
Cached:           330156 kB
MemTotal:        1844596 kB
MemFree:         1270420 kB
MemAvailable:    1529756 kB
Buffers:           52396 kB
Cached:           330156 kB
MemTotal:        1844596 kB
MemFree:         1271156 kB
MemAvailable:    1530492 kB
Buffers:           52396 kB
Cached:           330156 kB
MemTotal:        1844596 kB
MemFree:         1271284 kB
MemAvailable:    1530620 kB
Buffers:           52396 kB
Cached:           330156 kB
MemTotal:        1844596 kB
MemFree:         1271040 kB
MemAvailable:    1530376 kB
Buffers:           52396 kB
Cached:           330156 kB
MemTotal:        1844596 kB
MemFree:         1270612 kB
MemAvailable:    1529948 kB
Buffers:           52396 kB
Cached:           330156 kB
MemTotal:        1844596 kB
MemFree:         1270304 kB
MemAvailable:    1529640 kB
Buffers:           52396 kB
Cached:           330156 kB
MemTotal:        1844596 kB
MemFree:         1270724 kB
MemAvailable:    1530060 kB
Buffers:           52396 kB
Cached:           330156 kB
MemTotal:        1844596 kB
MemFree:         1270644 kB
MemAvailable:    1529980 kB
Buffers:           52396 kB
Cached:           330156 kB
MemTotal:        1844596 kB
MemFree:         1270872 kB
MemAvailable:    1530208 kB
Buffers:           52396 kB
Cached:           330156 kB
MemTotal:        1844596 kB
MemFree:         1269256 kB
MemAvailable:    1528592 kB
Buffers:           52396 kB
Cached:           330156 kB
MemTotal:        1844596 kB
MemFree:         1270620 kB
MemAvailable:    1529956 kB
Buffers:           52396 kB
Cached:           330156 kB
MemTotal:        1844596 kB
MemFree:         1269372 kB
MemAvailable:    1528708 kB
Buffers:           52396 kB
Cached:           330156 kB
MemTotal:        1844596 kB
MemFree:         1269240 kB
MemAvailable:    1528576 kB
Buffers:           52396 kB
Cached:           330156 kB
MemTotal:        1844596 kB
MemFree:         1269372 kB
MemAvailable:    1528708 kB
Buffers:           52396 kB
Cached:           330156 kB
MemTotal:        1844596 kB
MemFree:         1268320 kB
MemAvailable:    1527656 kB
Buffers:           52396 kB
Cached:           330156 kB
MemTotal:        1844596 kB
MemFree:         1268268 kB
MemAvailable:    1527604 kB
Buffers:           52396 kB
Cached:           330156 kB
MemTotal:        1844596 kB
MemFree:         1266024 kB
MemAvailable:    1525364 kB
Buffers:           52396 kB
Cached:           330160 kB
MemTotal:        1844596 kB
MemFree:         1262988 kB
MemAvailable:    1522328 kB
Buffers:           52396 kB
Cached:           330160 kB
MemTotal:        1844596 kB
MemFree:         1262244 kB
MemAvailable:    1521588 kB
Buffers:           52396 kB
Cached:           330164 kB
MemTotal:        1844596 kB
MemFree:         1263176 kB
MemAvailable:    1522520 kB
Buffers:           52396 kB
Cached:           330164 kB
MemTotal:        1844596 kB
MemFree:         1262192 kB
MemAvailable:    1521536 kB
Buffers:           52396 kB
Cached:           330164 kB
MemTotal:        1844596 kB
MemFree:         1262568 kB
MemAvailable:    1521912 kB
Buffers:           52396 kB
Cached:           330164 kB
MemTotal:        1844596 kB
MemFree:         1262732 kB
MemAvailable:    1522076 kB
Buffers:           52396 kB
Cached:           330164 kB
MemTotal:        1844596 kB
MemFree:         1262844 kB
MemAvailable:    1522188 kB
Buffers:           52396 kB
Cached:           330164 kB
MemTotal:        1844596 kB
MemFree:         1262588 kB
MemAvailable:    1521932 kB
Buffers:           52396 kB
Cached:           330164 kB
MemTotal:        1844596 kB
MemFree:         1261348 kB
MemAvailable:    1520692 kB
Buffers:           52396 kB
Cached:           330164 kB
MemTotal:        1844596 kB
MemFree:         1262564 kB
MemAvailable:    1521908 kB
Buffers:           52396 kB
Cached:           330164 kB
MemTotal:        1844596 kB
MemFree:         1262816 kB
MemAvailable:    1522160 kB
Buffers:           52396 kB
Cached:           330164 kB
MemTotal:        1844596 kB
MemFree:         1262560 kB
MemAvailable:    1521904 kB
Buffers:           52396 kB
Cached:           330164 kB
MemTotal:        1844596 kB
MemFree:         1262560 kB
MemAvailable:    1521904 kB
Buffers:           52396 kB
Cached:           330164 kB
MemTotal:        1844596 kB
MemFree:         1262864 kB
MemAvailable:    1522208 kB
Buffers:           52396 kB
Cached:           330164 kB
MemTotal:        1844596 kB
MemFree:         1262616 kB
MemAvailable:    1521960 kB
Buffers:           52396 kB
Cached:           330164 kB
MemTotal:        1844596 kB
MemFree:         1261360 kB
MemAvailable:    1520704 kB
Buffers:           52396 kB
Cached:           330164 kB
MemTotal:        1844596 kB
MemFree:         1261988 kB
MemAvailable:    1521332 kB
Buffers:           52396 kB
Cached:           330164 kB
MemTotal:        1844596 kB
MemFree:         1262344 kB
MemAvailable:    1521692 kB
Buffers:           52396 kB
Cached:           330168 kB
MemTotal:        1844596 kB
MemFree:         1262596 kB
MemAvailable:    1521944 kB
Buffers:           52396 kB
Cached:           330168 kB
MemTotal:        1844596 kB
MemFree:         1260740 kB
MemAvailable:    1520088 kB
Buffers:           52396 kB
Cached:           330168 kB
MemTotal:        1844596 kB
MemFree:         1261368 kB
MemAvailable:    1520716 kB
Buffers:           52396 kB
Cached:           330168 kB
MemTotal:        1844596 kB
MemFree:         1261296 kB
MemAvailable:    1520644 kB
Buffers:           52396 kB
Cached:           330168 kB
MemTotal:        1844596 kB
MemFree:         1261296 kB
MemAvailable:    1520644 kB
Buffers:           52396 kB
Cached:           330168 kB
MemTotal:        1844596 kB
MemFree:         1261176 kB
MemAvailable:    1520524 kB
Buffers:           52396 kB
Cached:           330168 kB
MemTotal:        1844596 kB
MemFree:         1259576 kB
MemAvailable:    1518924 kB
Buffers:           52396 kB
Cached:           330168 kB
MemTotal:        1844596 kB
MemFree:         1259880 kB
MemAvailable:    1519228 kB
Buffers:           52396 kB
Cached:           330168 kB
MemTotal:        1844596 kB
MemFree:         1259940 kB
MemAvailable:    1519288 kB
Buffers:           52396 kB
Cached:           330168 kB
MemTotal:        1844596 kB
MemFree:         1260024 kB
MemAvailable:    1519372 kB
Buffers:           52396 kB
Cached:           330168 kB
MemTotal:        1844596 kB
MemFree:         1258504 kB
MemAvailable:    1517852 kB
Buffers:           52396 kB
Cached:           330168 kB
MemTotal:        1844596 kB
MemFree:         1258400 kB
MemAvailable:    1517748 kB
Buffers:           52396 kB
Cached:           330168 kB
MemTotal:        1844596 kB
MemFree:         1259004 kB
MemAvailable:    1518352 kB
Buffers:           52396 kB
Cached:           330168 kB
MemTotal:        1844596 kB
MemFree:         1259256 kB
MemAvailable:    1518604 kB
Buffers:           52396 kB
Cached:           330168 kB
MemTotal:        1844596 kB
MemFree:         1257848 kB
MemAvailable:    1517196 kB
Buffers:           52396 kB
Cached:           330168 kB
MemTotal:        1844596 kB
MemFree:         1258144 kB
MemAvailable:    1517492 kB
Buffers:           52396 kB
Cached:           330168 kB
MemTotal:        1844596 kB
MemFree:         1258728 kB
MemAvailable:    1518076 kB
Buffers:           52396 kB
Cached:           330168 kB
MemTotal:        1844596 kB
MemFree:         1258728 kB
MemAvailable:    1518076 kB
Buffers:           52396 kB
Cached:           330168 kB
MemTotal:        1844596 kB
MemFree:         1258684 kB
MemAvailable:    1518032 kB
Buffers:           52396 kB
Cached:           330168 kB
MemTotal:        1844596 kB
MemFree:         1258868 kB
MemAvailable:    1518216 kB
Buffers:           52396 kB
Cached:           330168 kB
MemTotal:        1844596 kB
MemFree:         1257448 kB
MemAvailable:    1516796 kB
Buffers:           52396 kB
Cached:           330168 kB
MemTotal:        1844596 kB
MemFree:         1257408 kB
MemAvailable:    1516756 kB
Buffers:           52396 kB
Cached:           330168 kB
MemTotal:        1844596 kB
MemFree:         1257408 kB
MemAvailable:    1516756 kB
Buffers:           52396 kB
Cached:           330168 kB
MemTotal:        1844596 kB
MemFree:         1258648 kB
MemAvailable:    1517996 kB
Buffers:           52396 kB
Cached:           330168 kB
MemTotal:        1844596 kB
MemFree:         1257160 kB
MemAvailable:    1516508 kB
Buffers:           52396 kB
Cached:           330168 kB
MemTotal:        1844596 kB
MemFree:         1257408 kB
MemAvailable:    1516756 kB
Buffers:           52396 kB
Cached:           330168 kB
MemTotal:        1844596 kB
MemFree:         1258336 kB
MemAvailable:    1517688 kB
Buffers:           52396 kB
Cached:           330172 kB
MemTotal:        1844596 kB
MemFree:         1252944 kB
MemAvailable:    1512296 kB
Buffers:           52396 kB
Cached:           330172 kB
MemTotal:        1844596 kB
MemFree:         1250208 kB
MemAvailable:    1509560 kB
Buffers:           52400 kB
Cached:           330168 kB
MemTotal:        1844596 kB
MemFree:         1251324 kB
MemAvailable:    1510676 kB
Buffers:           52400 kB
Cached:           330292 kB
MemTotal:        1844596 kB
MemFree:         1250084 kB
MemAvailable:    1509520 kB
Buffers:           52400 kB
Cached:           330292 kB
MemTotal:        1844596 kB
MemFree:         1250748 kB
MemAvailable:    1510352 kB
Buffers:           52400 kB
Cached:           330416 kB
MemTotal:        1844596 kB
MemFree:         1251000 kB
MemAvailable:    1510604 kB
Buffers:           52400 kB
Cached:           330540 kB
MemTotal:        1844596 kB
MemFree:         1249596 kB
MemAvailable:    1509356 kB
Buffers:           52404 kB
Cached:           330656 kB
MemTotal:        1844596 kB
MemFree:         1250564 kB
MemAvailable:    1510408 kB
Buffers:           52404 kB
Cached:           330780 kB
MemTotal:        1844596 kB
MemFree:         1250564 kB
MemAvailable:    1510408 kB
Buffers:           52404 kB
Cached:           330780 kB
MemTotal:        1844596 kB
MemFree:         1250512 kB
MemAvailable:    1510356 kB
Buffers:           52404 kB
Cached:           330780 kB
MemTotal:        1844596 kB
MemFree:         1250464 kB
MemAvailable:    1510392 kB
Buffers:           52404 kB
Cached:           330780 kB
MemTotal:        1844596 kB
MemFree:         1249968 kB
MemAvailable:    1509896 kB
Buffers:           52404 kB
Cached:           330780 kB
MemTotal:        1844596 kB
MemFree:         1250388 kB
MemAvailable:    1510316 kB
Buffers:           52404 kB
Cached:           330780 kB
MemTotal:        1844596 kB
MemFree:         1250536 kB
MemAvailable:    1510464 kB
Buffers:           52404 kB
Cached:           330780 kB
MemTotal:        1844596 kB
MemFree:         1249032 kB
MemAvailable:    1508960 kB
Buffers:           52404 kB
Cached:           330780 kB
MemTotal:        1844596 kB
MemFree:         1250572 kB
MemAvailable:    1510500 kB
Buffers:           52404 kB
Cached:           330780 kB
MemTotal:        1844596 kB
MemFree:         1250524 kB
MemAvailable:    1510536 kB
Buffers:           52404 kB
Cached:           330780 kB
MemTotal:        1844596 kB
MemFree:         1250896 kB
MemAvailable:    1510236 kB
Buffers:           52404 kB
Cached:           330148 kB
MemTotal:        1844596 kB
MemFree:         1288216 kB
MemAvailable:    1547556 kB
Buffers:           52404 kB
Cached:           330148 kB
