MemTotal:        1844596 kB
MemFree:         1417756 kB
MemAvailable:    1566852 kB
Buffers:           40040 kB
Cached:           241972 kB
MemTotal:        1844596 kB
MemFree:         1412424 kB
MemAvailable:    1561520 kB
Buffers:           40040 kB
Cached:           241972 kB
MemTotal:        1844596 kB
MemFree:         1413052 kB
MemAvailable:    1562148 kB
Buffers:           40040 kB
Cached:           241972 kB
MemTotal:        1844596 kB
MemFree:         1410192 kB
MemAvailable:    1559288 kB
Buffers:           40040 kB
Cached:           241972 kB
MemTotal:        1844596 kB
MemFree:         1410052 kB
MemAvailable:    1559148 kB
Buffers:           40040 kB
Cached:           241972 kB
MemTotal:        1844596 kB
MemFree:         1410136 kB
MemAvailable:    1559232 kB
Buffers:           40040 kB
Cached:           241972 kB
MemTotal:        1844596 kB
MemFree:         1409640 kB
MemAvailable:    1558736 kB
Buffers:           40040 kB
Cached:           241972 kB
MemTotal:        1844596 kB
MemFree:         1407224 kB
MemAvailable:    1556320 kB
Buffers:           40040 kB
Cached:           241972 kB
MemTotal:        1844596 kB
MemFree:         1405612 kB
MemAvailable:    1554708 kB
Buffers:           40040 kB
Cached:           241972 kB
MemTotal:        1844596 kB
MemFree:         1402760 kB
MemAvailable:    1551856 kB
Buffers:           40040 kB
Cached:           241972 kB
MemTotal:        1844596 kB
MemFree:         1399040 kB
MemAvailable:    1548136 kB
Buffers:           40040 kB
Cached:           241972 kB
MemTotal:        1844596 kB
MemFree:         1400224 kB
MemAvailable:    1549320 kB
Buffers:           40040 kB
Cached:           241972 kB
MemTotal:        1844596 kB
MemFree:         1400140 kB
MemAvailable:    1549236 kB
Buffers:           40040 kB
Cached:           241972 kB
MemTotal:        1844596 kB
MemFree:         1400160 kB
MemAvailable:    1549256 kB
Buffers:           40040 kB
Cached:           241972 kB
MemTotal:        1844596 kB
MemFree:         1398896 kB
MemAvailable:    1547992 kB
Buffers:           40040 kB
Cached:           241972 kB
MemTotal:        1844596 kB
MemFree:         1399996 kB
MemAvailable:    1549092 kB
Buffers:           40040 kB
Cached:           241972 kB
MemTotal:        1844596 kB
MemFree:         1399996 kB
MemAvailable:    1549092 kB
Buffers:           40040 kB
Cached:           241972 kB
MemTotal:        1844596 kB
MemFree:         1398760 kB
MemAvailable:    1547856 kB
Buffers:           40040 kB
Cached:           241972 kB
MemTotal:        1844596 kB
MemFree:         1398536 kB
MemAvailable:    1547632 kB
Buffers:           40040 kB
Cached:           241972 kB
MemTotal:        1844596 kB
MemFree:         1398396 kB
MemAvailable:    1547492 kB
Buffers:           40040 kB
Cached:           241972 kB
MemTotal:        1844596 kB
MemFree:         1398040 kB
MemAvailable:    1547136 kB
Buffers:           40040 kB
Cached:           241972 kB
MemTotal:        1844596 kB
MemFree:         1396744 kB
MemAvailable:    1545840 kB
Buffers:           40040 kB
Cached:           241972 kB
MemTotal:        1844596 kB
MemFree:         1398044 kB
MemAvailable:    1547140 kB
Buffers:           40040 kB
Cached:           241972 kB
MemTotal:        1844596 kB
MemFree:         1397304 kB
MemAvailable:    1546400 kB
Buffers:           40040 kB
Cached:           241972 kB
MemTotal:        1844596 kB
MemFree:         1397640 kB
MemAvailable:    1546736 kB
Buffers:           40040 kB
Cached:           241972 kB
MemTotal:        1844596 kB
MemFree:         1397724 kB
MemAvailable:    1546820 kB
Buffers:           40040 kB
Cached:           241972 kB
MemTotal:        1844596 kB
MemFree:         1396544 kB
MemAvailable:    1545640 kB
Buffers:           40040 kB
Cached:           241972 kB
MemTotal:        1844596 kB
MemFree:         1397172 kB
MemAvailable:    1546268 kB
Buffers:           40040 kB
Cached:           241972 kB
MemTotal:        1844596 kB
MemFree:         1397716 kB
MemAvailable:    1546812 kB
Buffers:           40040 kB
Cached:           241972 kB
MemTotal:        1844596 kB
MemFree:         1396560 kB
MemAvailable:    1545656 kB
Buffers:           40040 kB
Cached:           241972 kB
MemTotal:        1844596 kB
MemFree:         1399020 kB
MemAvailable:    1548116 kB
Buffers:           40040 kB
Cached:           241972 kB
MemTotal:        1844596 kB
MemFree:         1398420 kB
MemAvailable:    1547516 kB
Buffers:           40040 kB
Cached:           241972 kB
MemTotal:        1844596 kB
MemFree:         1398528 kB
MemAvailable:    1547624 kB
Buffers:           40040 kB
Cached:           241972 kB
MemTotal:        1844596 kB
MemFree:         1398528 kB
MemAvailable:    1547624 kB
Buffers:           40040 kB
Cached:           241972 kB
MemTotal:        1844596 kB
MemFree:         1396664 kB
MemAvailable:    1545760 kB
Buffers:           40040 kB
Cached:           241972 kB
MemTotal:        1844596 kB
MemFree:         1394196 kB
MemAvailable:    1543292 kB
Buffers:           40040 kB
Cached:           241972 kB
MemTotal:        1844596 kB
MemFree:         1394452 kB
MemAvailable:    1543548 kB
Buffers:           40040 kB
Cached:           241972 kB
MemTotal:        1844596 kB
MemFree:         1394560 kB
MemAvailable:    1543656 kB
Buffers:           40040 kB
Cached:           241972 kB
MemTotal:        1844596 kB
MemFree:         1393660 kB
MemAvailable:    1542756 kB
Buffers:           40040 kB
Cached:           241972 kB
MemTotal:        1844596 kB
MemFree:         1394140 kB
MemAvailable:    1543236 kB
Buffers:           40040 kB
Cached:           241972 kB
MemTotal:        1844596 kB
MemFree:         1393212 kB
MemAvailable:    1542308 kB
Buffers:           40040 kB
Cached:           241972 kB
MemTotal:        1844596 kB
MemFree:         1392456 kB
MemAvailable:    1541552 kB
Buffers:           40040 kB
Cached:           241972 kB
MemTotal:        1844596 kB
MemFree:         1393680 kB
MemAvailable:    1542776 kB
Buffers:           40040 kB
Cached:           241972 kB
MemTotal:        1844596 kB
MemFree:         1392440 kB
MemAvailable:    1541536 kB
Buffers:           40040 kB
Cached:           241972 kB
MemTotal:        1844596 kB
MemFree:         1392324 kB
MemAvailable:    1541420 kB
Buffers:           40040 kB
Cached:           241972 kB
MemTotal:        1844596 kB
MemFree:         1393308 kB
MemAvailable:    1542404 kB
Buffers:           40040 kB
Cached:           241972 kB
MemTotal:        1844596 kB
MemFree:         1392344 kB
MemAvailable:    1541440 kB
Buffers:           40040 kB
Cached:           241972 kB
MemTotal:        1844596 kB
MemFree:         1392172 kB
MemAvailable:    1541268 kB
Buffers:           40040 kB
Cached:           241972 kB
MemTotal:        1844596 kB
MemFree:         1392172 kB
MemAvailable:    1541268 kB
Buffers:           40040 kB
Cached:           241972 kB
MemTotal:        1844596 kB
MemFree:         1391848 kB
MemAvailable:    1540944 kB
Buffers:           40040 kB
Cached:           241972 kB
MemTotal:        1844596 kB
MemFree:         1391592 kB
MemAvailable:    1540688 kB
Buffers:           40040 kB
Cached:           241972 kB
MemTotal:        1844596 kB
MemFree:         1391204 kB
MemAvailable:    1540300 kB
Buffers:           40040 kB
Cached:           241972 kB
MemTotal:        1844596 kB
MemFree:         1392596 kB
MemAvailable:    1541692 kB
Buffers:           40040 kB
Cached:           241972 kB
MemTotal:        1844596 kB
MemFree:         1391288 kB
MemAvailable:    1540384 kB
Buffers:           40040 kB
Cached:           241972 kB
MemTotal:        1844596 kB
MemFree:         1391412 kB
MemAvailable:    1540508 kB
Buffers:           40040 kB
Cached:           241972 kB
MemTotal:        1844596 kB
MemFree:         1391288 kB
MemAvailable:    1540384 kB
Buffers:           40040 kB
Cached:           241972 kB
MemTotal:        1844596 kB
MemFree:         1392652 kB
MemAvailable:    1541748 kB
Buffers:           40040 kB
Cached:           241972 kB
MemTotal:        1844596 kB
MemFree:         1391592 kB
MemAvailable:    1540688 kB
Buffers:           40040 kB
Cached:           241972 kB
MemTotal:        1844596 kB
MemFree:         1391848 kB
MemAvailable:    1540952 kB
Buffers:           40040 kB
Cached:           241980 kB
MemTotal:        1844596 kB
MemFree:         1392592 kB
MemAvailable:    1541696 kB
Buffers:           40040 kB
Cached:           241980 kB
MemTotal:        1844596 kB
MemFree:         1392428 kB
MemAvailable:    1541536 kB
Buffers:           40040 kB
Cached:           241984 kB
MemTotal:        1844596 kB
MemFree:         1391112 kB
MemAvailable:    1540220 kB
Buffers:           40040 kB
Cached:           241984 kB
MemTotal:        1844596 kB
MemFree:         1392152 kB
MemAvailable:    1541260 kB
Buffers:           40040 kB
Cached:           241984 kB
MemTotal:        1844596 kB
MemFree:         1392208 kB
MemAvailable:    1541316 kB
Buffers:           40040 kB
Cached:           241984 kB
MemTotal:        1844596 kB
MemFree:         1391776 kB
MemAvailable:    1540884 kB
Buffers:           40040 kB
Cached:           241984 kB
MemTotal:        1844596 kB
MemFree:         1392112 kB
MemAvailable:    1541220 kB
Buffers:           40040 kB
Cached:           241984 kB
MemTotal:        1844596 kB
MemFree:         1391792 kB
MemAvailable:    1540900 kB
Buffers:           40040 kB
Cached:           241984 kB
MemTotal:        1844596 kB
MemFree:         1390740 kB
MemAvailable:    1539848 kB
Buffers:           40040 kB
Cached:           241984 kB
MemTotal:        1844596 kB
MemFree:         1391456 kB
MemAvailable:    1540564 kB
Buffers:           40040 kB
Cached:           241984 kB
MemTotal:        1844596 kB
MemFree:         1391708 kB
MemAvailable:    1540816 kB
Buffers:           40040 kB
Cached:           241984 kB
MemTotal:        1844596 kB
MemFree:         1390368 kB
MemAvailable:    1539476 kB
Buffers:           40040 kB
Cached:           241984 kB
MemTotal:        1844596 kB
MemFree:         1391436 kB
MemAvailable:    1540544 kB
Buffers:           40040 kB
Cached:           241984 kB
MemTotal:        1844596 kB
MemFree:         1391536 kB
MemAvailable:    1540644 kB
Buffers:           40040 kB
Cached:           241984 kB
MemTotal:        1844596 kB
MemFree:         1391788 kB
MemAvailable:    1540896 kB
Buffers:           40040 kB
Cached:           241984 kB
MemTotal:        1844596 kB
MemFree:         1391604 kB
MemAvailable:    1540712 kB
Buffers:           40040 kB
Cached:           241984 kB
MemTotal:        1844596 kB
MemFree:         1391340 kB
MemAvailable:    1540448 kB
Buffers:           40040 kB
Cached:           241984 kB
MemTotal:        1844596 kB
MemFree:         1391264 kB
MemAvailable:    1540372 kB
Buffers:           40040 kB
Cached:           241984 kB
MemTotal:        1844596 kB
MemFree:         1390856 kB
MemAvailable:    1539964 kB
Buffers:           40040 kB
Cached:           241984 kB
MemTotal:        1844596 kB
MemFree:         1389188 kB
MemAvailable:    1538296 kB
Buffers:           40040 kB
Cached:           241984 kB
MemTotal:        1844596 kB
MemFree:         1386028 kB
MemAvailable:    1535136 kB
Buffers:           40040 kB
Cached:           241984 kB
MemTotal:        1844596 kB
MemFree:         1383424 kB
MemAvailable:    1532532 kB
Buffers:           40040 kB
Cached:           241984 kB
MemTotal:        1844596 kB
MemFree:         1383292 kB
MemAvailable:    1532400 kB
Buffers:           40040 kB
Cached:           241984 kB
MemTotal:        1844596 kB
MemFree:         1383780 kB
MemAvailable:    1532888 kB
Buffers:           40040 kB
Cached:           241984 kB
MemTotal:        1844596 kB
MemFree:         1382928 kB
MemAvailable:    1532036 kB
Buffers:           40040 kB
Cached:           241984 kB
MemTotal:        1844596 kB
MemFree:         1383720 kB
MemAvailable:    1532828 kB
Buffers:           40040 kB
Cached:           241984 kB
MemTotal:        1844596 kB
MemFree:         1382804 kB
MemAvailable:    1531912 kB
Buffers:           40040 kB
Cached:           241984 kB
MemTotal:        1844596 kB
MemFree:         1383520 kB
MemAvailable:    1532628 kB
Buffers:           40040 kB
Cached:           241984 kB
MemTotal:        1844596 kB
MemFree:         1383604 kB
MemAvailable:    1532712 kB
Buffers:           40040 kB
Cached:           241984 kB
MemTotal:        1844596 kB
MemFree:         1382432 kB
MemAvailable:    1531540 kB
Buffers:           40040 kB
Cached:           241984 kB
MemTotal:        1844596 kB
MemFree:         1383608 kB
MemAvailable:    1532716 kB
Buffers:           40040 kB
Cached:           241984 kB
MemTotal:        1844596 kB
MemFree:         1382516 kB
MemAvailable:    1531624 kB
Buffers:           40040 kB
Cached:           241984 kB
MemTotal:        1844596 kB
MemFree:         1383808 kB
MemAvailable:    1532916 kB
Buffers:           40040 kB
Cached:           241984 kB
MemTotal:        1844596 kB
MemFree:         1383724 kB
MemAvailable:    1532832 kB
Buffers:           40040 kB
Cached:           241984 kB
MemTotal:        1844596 kB
MemFree:         1382416 kB
MemAvailable:    1531524 kB
Buffers:           40040 kB
Cached:           241984 kB
MemTotal:        1844596 kB
MemFree:         1383352 kB
MemAvailable:    1532460 kB
Buffers:           40040 kB
Cached:           241984 kB
MemTotal:        1844596 kB
MemFree:         1383688 kB
MemAvailable:    1532796 kB
Buffers:           40040 kB
Cached:           241984 kB
MemTotal:        1844596 kB
MemFree:         1382536 kB
MemAvailable:    1531644 kB
Buffers:           40040 kB
Cached:           241984 kB
MemTotal:        1844596 kB
MemFree:         1382060 kB
MemAvailable:    1531168 kB
Buffers:           40048 kB
Cached:           241976 kB
MemTotal:        1844596 kB
MemFree:         1382732 kB
MemAvailable:    1531840 kB
Buffers:           40048 kB
Cached:           241976 kB
MemTotal:        1844596 kB
MemFree:         1382476 kB
MemAvailable:    1531584 kB
Buffers:           40048 kB
Cached:           241976 kB
MemTotal:        1844596 kB
MemFree:         1381440 kB
MemAvailable:    1530548 kB
Buffers:           40048 kB
Cached:           241976 kB
MemTotal:        1844596 kB
MemFree:         1382036 kB
MemAvailable:    1531144 kB
Buffers:           40048 kB
Cached:           241976 kB
MemTotal:        1844596 kB
MemFree:         1382036 kB
MemAvailable:    1531144 kB
Buffers:           40048 kB
Cached:           241976 kB
MemTotal:        1844596 kB
MemFree:         1380508 kB
MemAvailable:    1529616 kB
Buffers:           40048 kB
Cached:           241976 kB
MemTotal:        1844596 kB
MemFree:         1381880 kB
MemAvailable:    1530988 kB
Buffers:           40048 kB
Cached:           241976 kB
MemTotal:        1844596 kB
MemFree:         1380672 kB
MemAvailable:    1529780 kB
Buffers:           40048 kB
Cached:           241976 kB
MemTotal:        1844596 kB
MemFree:         1380812 kB
MemAvailable:    1529920 kB
Buffers:           40048 kB
Cached:           241976 kB
MemTotal:        1844596 kB
MemFree:         1380300 kB
MemAvailable:    1529408 kB
Buffers:           40048 kB
Cached:           241976 kB
MemTotal:        1844596 kB
MemFree:         1380068 kB
MemAvailable:    1529176 kB
Buffers:           40048 kB
Cached:           241976 kB
MemTotal:        1844596 kB
MemFree:         1379864 kB
MemAvailable:    1528972 kB
Buffers:           40048 kB
Cached:           241976 kB
MemTotal:        1844596 kB
MemFree:         1380116 kB
MemAvailable:    1529224 kB
Buffers:           40048 kB
Cached:           241976 kB
MemTotal:        1844596 kB
MemFree:         1379740 kB
MemAvailable:    1528848 kB
Buffers:           40048 kB
Cached:           241976 kB
MemTotal:        1844596 kB
MemFree:         1380076 kB
MemAvailable:    1529184 kB
Buffers:           40048 kB
Cached:           241976 kB
MemTotal:        1844596 kB
MemFree:         1379816 kB
MemAvailable:    1528924 kB
Buffers:           40048 kB
Cached:           241976 kB
MemTotal:        1844596 kB
MemFree:         1379084 kB
MemAvailable:    1528192 kB
Buffers:           40048 kB
Cached:           241976 kB
MemTotal:        1844596 kB
MemFree:         1379636 kB
MemAvailable:    1528744 kB
Buffers:           40048 kB
Cached:           241976 kB
MemTotal:        1844596 kB
MemFree:         1379888 kB
MemAvailable:    1528996 kB
Buffers:           40048 kB
Cached:           241976 kB
MemTotal:        1844596 kB
MemFree:         1378652 kB
MemAvailable:    1527760 kB
Buffers:           40048 kB
Cached:           241976 kB
MemTotal:        1844596 kB
MemFree:         1378396 kB
MemAvailable:    1527504 kB
Buffers:           40048 kB
Cached:           241976 kB
MemTotal:        1844596 kB
MemFree:         1378968 kB
MemAvailable:    1528076 kB
Buffers:           40048 kB
Cached:           241976 kB
MemTotal:        1844596 kB
MemFree:         1378828 kB
MemAvailable:    1527940 kB
Buffers:           40048 kB
Cached:           241980 kB
MemTotal:        1844596 kB
MemFree:         1379324 kB
MemAvailable:    1528436 kB
Buffers:           40048 kB
Cached:           241980 kB
MemTotal:        1844596 kB
MemFree:         1379068 kB
MemAvailable:    1528180 kB
Buffers:           40048 kB
Cached:           241980 kB
MemTotal:        1844596 kB
MemFree:         1379068 kB
MemAvailable:    1528180 kB
Buffers:           40048 kB
Cached:           241980 kB
MemTotal:        1844596 kB
MemFree:         1373068 kB
MemAvailable:    1522180 kB
Buffers:           40048 kB
Cached:           241980 kB
MemTotal:        1844596 kB
MemFree:         1371760 kB
MemAvailable:    1520872 kB
Buffers:           40048 kB
Cached:           241980 kB
MemTotal:        1844596 kB
MemFree:         1372760 kB
MemAvailable:    1522040 kB
Buffers:           40048 kB
Cached:           242104 kB
MemTotal:        1844596 kB
MemFree:         1372364 kB
MemAvailable:    1521812 kB
Buffers:           40048 kB
Cached:           242352 kB
MemTotal:        1844596 kB
MemFree:         1372264 kB
MemAvailable:    1521712 kB
Buffers:           40048 kB
Cached:           242352 kB
MemTotal:        1844596 kB
MemFree:         1372268 kB
MemAvailable:    1521884 kB
Buffers:           40048 kB
Cached:           242476 kB
MemTotal:        1844596 kB
MemFree:         1372012 kB
MemAvailable:    1521712 kB
Buffers:           40048 kB
Cached:           242600 kB
MemTotal:        1844596 kB
MemFree:         1370704 kB
MemAvailable:    1520404 kB
Buffers:           40048 kB
Cached:           242600 kB
MemTotal:        1844596 kB
MemFree:         1371796 kB
MemAvailable:    1521580 kB
Buffers:           40048 kB
Cached:           242724 kB
MemTotal:        1844596 kB
MemFree:         1372048 kB
MemAvailable:    1521832 kB
Buffers:           40048 kB
Cached:           242724 kB
MemTotal:        1844596 kB
MemFree:         1371792 kB
MemAvailable:    1521576 kB
Buffers:           40048 kB
Cached:           242724 kB
MemTotal:        1844596 kB
MemFree:         1371876 kB
MemAvailable:    1521660 kB
Buffers:           40048 kB
Cached:           242724 kB
MemTotal:        1844596 kB
MemFree:         1371712 kB
MemAvailable:    1521496 kB
Buffers:           40048 kB
Cached:           242724 kB
MemTotal:        1844596 kB
MemFree:         1372048 kB
MemAvailable:    1521832 kB
Buffers:           40048 kB
Cached:           242724 kB
MemTotal:        1844596 kB
MemFree:         1371952 kB
MemAvailable:    1521748 kB
Buffers:           40048 kB
Cached:           242664 kB
MemTotal:        1844596 kB
MemFree:         1372120 kB
MemAvailable:    1521916 kB
Buffers:           40048 kB
Cached:           242664 kB
MemTotal:        1844596 kB
MemFree:         1372292 kB
MemAvailable:    1521500 kB
Buffers:           40048 kB
Cached:           242032 kB
MemTotal:        1844596 kB
MemFree:         1441100 kB
MemAvailable:    1590308 kB
Buffers:           40048 kB
Cached:           242032 kB
