MemTotal:        1844596 kB
MemFree:         1480912 kB
MemAvailable:    1565608 kB
Buffers:           36108 kB
Cached:           181640 kB
MemTotal:        1844596 kB
MemFree:         1477820 kB
MemAvailable:    1562516 kB
Buffers:           36108 kB
Cached:           181640 kB
MemTotal:        1844596 kB
MemFree:         1476316 kB
MemAvailable:    1561012 kB
Buffers:           36108 kB
Cached:           181640 kB
MemTotal:        1844596 kB
MemFree:         1474464 kB
MemAvailable:    1559160 kB
Buffers:           36108 kB
Cached:           181640 kB
MemTotal:        1844596 kB
MemFree:         1474084 kB
MemAvailable:    1558780 kB
Buffers:           36108 kB
Cached:           181640 kB
MemTotal:        1844596 kB
MemFree:         1474084 kB
MemAvailable:    1558780 kB
Buffers:           36108 kB
Cached:           181640 kB
MemTotal:        1844596 kB
MemFree:         1473896 kB
MemAvailable:    1558592 kB
Buffers:           36108 kB
Cached:           181640 kB
MemTotal:        1844596 kB
MemFree:         1470984 kB
MemAvailable:    1555684 kB
Buffers:           36108 kB
Cached:           181644 kB
MemTotal:        1844596 kB
MemFree:         1471112 kB
MemAvailable:    1555812 kB
Buffers:           36108 kB
Cached:           181644 kB
MemTotal:        1844596 kB
MemFree:         1467156 kB
MemAvailable:    1551856 kB
Buffers:           36108 kB
Cached:           181644 kB
MemTotal:        1844596 kB
MemFree:         1463040 kB
MemAvailable:    1547740 kB
Buffers:           36108 kB
Cached:           181644 kB
MemTotal:        1844596 kB
MemFree:         1463040 kB
MemAvailable:    1547740 kB
Buffers:           36108 kB
Cached:           181644 kB
MemTotal:        1844596 kB
MemFree:         1464132 kB
MemAvailable:    1548832 kB
Buffers:           36108 kB
Cached:           181644 kB
MemTotal:        1844596 kB
MemFree:         1464388 kB
MemAvailable:    1549088 kB
Buffers:           36108 kB
Cached:           181644 kB
MemTotal:        1844596 kB
MemFree:         1462932 kB
MemAvailable:    1547632 kB
Buffers:           36108 kB
Cached:           181644 kB
MemTotal:        1844596 kB
MemFree:         1463056 kB
MemAvailable:    1547756 kB
Buffers:           36108 kB
Cached:           181644 kB
MemTotal:        1844596 kB
MemFree:         1464172 kB
MemAvailable:    1548872 kB
Buffers:           36108 kB
Cached:           181644 kB
MemTotal:        1844596 kB
MemFree:         1463916 kB
MemAvailable:    1548616 kB
Buffers:           36108 kB
Cached:           181644 kB
MemTotal:        1844596 kB
MemFree:         1462932 kB
MemAvailable:    1547632 kB
Buffers:           36108 kB
Cached:           181644 kB
MemTotal:        1844596 kB
MemFree:         1462668 kB
MemAvailable:    1547368 kB
Buffers:           36108 kB
Cached:           181644 kB
MemTotal:        1844596 kB
MemFree:         1462752 kB
MemAvailable:    1547452 kB
Buffers:           36108 kB
Cached:           181644 kB
MemTotal:        1844596 kB
MemFree:         1461948 kB
MemAvailable:    1546648 kB
Buffers:           36108 kB
Cached:           181644 kB
MemTotal:        1844596 kB
MemFree:         1461876 kB
MemAvailable:    1546576 kB
Buffers:           36108 kB
Cached:           181644 kB
MemTotal:        1844596 kB
MemFree:         1460708 kB
MemAvailable:    1545408 kB
Buffers:           36108 kB
Cached:           181644 kB
MemTotal:        1844596 kB
MemFree:         1461772 kB
MemAvailable:    1546472 kB
Buffers:           36108 kB
Cached:           181644 kB
MemTotal:        1844596 kB
MemFree:         1461576 kB
MemAvailable:    1546276 kB
Buffers:           36108 kB
Cached:           181644 kB
MemTotal:        1844596 kB
MemFree:         1461744 kB
MemAvailable:    1546444 kB
Buffers:           36108 kB
Cached:           181644 kB
MemTotal:        1844596 kB
MemFree:         1461552 kB
MemAvailable:    1546252 kB
Buffers:           36108 kB
Cached:           181644 kB
MemTotal:        1844596 kB
MemFree:         1461636 kB
MemAvailable:    1546336 kB
Buffers:           36108 kB
Cached:           181644 kB
MemTotal:        1844596 kB
MemFree:         1461604 kB
MemAvailable:    1546304 kB
Buffers:           36108 kB
Cached:           181644 kB
MemTotal:        1844596 kB
MemFree:         1461604 kB
MemAvailable:    1546304 kB
Buffers:           36108 kB
Cached:           181644 kB
MemTotal:        1844596 kB
MemFree:         1462924 kB
MemAvailable:    1547624 kB
Buffers:           36108 kB
Cached:           181644 kB
MemTotal:        1844596 kB
MemFree:         1463176 kB
MemAvailable:    1547876 kB
Buffers:           36108 kB
Cached:           181644 kB
MemTotal:        1844596 kB
MemFree:         1461576 kB
MemAvailable:    1546276 kB
Buffers:           36108 kB
Cached:           181644 kB
MemTotal:        1844596 kB
MemFree:         1459436 kB
MemAvailable:    1544136 kB
Buffers:           36108 kB
Cached:           181644 kB
MemTotal:        1844596 kB
MemFree:         1459436 kB
MemAvailable:    1544136 kB
Buffers:           36108 kB
Cached:           181644 kB
MemTotal:        1844596 kB
MemFree:         1459208 kB
MemAvailable:    1543908 kB
Buffers:           36108 kB
Cached:           181644 kB
MemTotal:        1844596 kB
MemFree:         1458972 kB
MemAvailable:    1543672 kB
Buffers:           36108 kB
Cached:           181644 kB
MemTotal:        1844596 kB
MemFree:         1458600 kB
MemAvailable:    1543300 kB
Buffers:           36108 kB
Cached:           181644 kB
MemTotal:        1844596 kB
MemFree:         1458080 kB
MemAvailable:    1542780 kB
Buffers:           36108 kB
Cached:           181644 kB
MemTotal:        1844596 kB
MemFree:         1458080 kB
MemAvailable:    1542780 kB
Buffers:           36108 kB
Cached:           181644 kB
MemTotal:        1844596 kB
MemFree:         1457684 kB
MemAvailable:    1542384 kB
Buffers:           36108 kB
Cached:           181644 kB
MemTotal:        1844596 kB
MemFree:         1456592 kB
MemAvailable:    1541292 kB
Buffers:           36108 kB
Cached:           181644 kB
MemTotal:        1844596 kB
MemFree:         1456288 kB
MemAvailable:    1540988 kB
Buffers:           36108 kB
Cached:           181644 kB
MemTotal:        1844596 kB
MemFree:         1457804 kB
MemAvailable:    1542504 kB
Buffers:           36108 kB
Cached:           181644 kB
MemTotal:        1844596 kB
MemFree:         1457428 kB
MemAvailable:    1542128 kB
Buffers:           36108 kB
Cached:           181644 kB
MemTotal:        1844596 kB
MemFree:         1457072 kB
MemAvailable:    1541772 kB
Buffers:           36108 kB
Cached:           181644 kB
MemTotal:        1844596 kB
MemFree:         1457304 kB
MemAvailable:    1542004 kB
Buffers:           36108 kB
Cached:           181644 kB
MemTotal:        1844596 kB
MemFree:         1457560 kB
MemAvailable:    1542260 kB
Buffers:           36108 kB
Cached:           181644 kB
MemTotal:        1844596 kB
MemFree:         1457168 kB
MemAvailable:    1541868 kB
Buffers:           36108 kB
Cached:           181644 kB
MemTotal:        1844596 kB
MemFree:         1456600 kB
MemAvailable:    1541300 kB
Buffers:           36108 kB
Cached:           181644 kB
MemTotal:        1844596 kB
MemFree:         1456852 kB
MemAvailable:    1541552 kB
Buffers:           36108 kB
Cached:           181644 kB
MemTotal:        1844596 kB
MemFree:         1455236 kB
MemAvailable:    1539936 kB
Buffers:           36108 kB
Cached:           181644 kB
MemTotal:        1844596 kB
MemFree:         1456112 kB
MemAvailable:    1540812 kB
Buffers:           36108 kB
Cached:           181644 kB
MemTotal:        1844596 kB
MemFree:         1455180 kB
MemAvailable:    1539880 kB
Buffers:           36108 kB
Cached:           181644 kB
MemTotal:        1844596 kB
MemFree:         1456412 kB
MemAvailable:    1541112 kB
Buffers:           36108 kB
Cached:           181644 kB
MemTotal:        1844596 kB
MemFree:         1456664 kB
MemAvailable:    1541364 kB
Buffers:           36108 kB
Cached:           181644 kB
MemTotal:        1844596 kB
MemFree:         1456456 kB
MemAvailable:    1541156 kB
Buffers:           36108 kB
Cached:           181644 kB
MemTotal:        1844596 kB
MemFree:         1456456 kB
MemAvailable:    1541156 kB
Buffers:           36108 kB
Cached:           181644 kB
MemTotal:        1844596 kB
MemFree:         1456656 kB
MemAvailable:    1541356 kB
Buffers:           36108 kB
Cached:           181644 kB
MemTotal:        1844596 kB
MemFree:         1455624 kB
MemAvailable:    1540324 kB
Buffers:           36108 kB
Cached:           181644 kB
MemTotal:        1844596 kB
MemFree:         1455320 kB
MemAvailable:    1540020 kB
Buffers:           36108 kB
Cached:           181644 kB
MemTotal:        1844596 kB
MemFree:         1456464 kB
MemAvailable:    1541164 kB
Buffers:           36108 kB
Cached:           181644 kB
MemTotal:        1844596 kB
MemFree:         1456480 kB
MemAvailable:    1541180 kB
Buffers:           36108 kB
Cached:           181644 kB
MemTotal:        1844596 kB
MemFree:         1456092 kB
MemAvailable:    1540792 kB
Buffers:           36108 kB
Cached:           181644 kB
MemTotal:        1844596 kB
MemFree:         1455904 kB
MemAvailable:    1540604 kB
Buffers:           36108 kB
Cached:           181644 kB
MemTotal:        1844596 kB
MemFree:         1455904 kB
MemAvailable:    1540604 kB
Buffers:           36108 kB
Cached:           181644 kB
MemTotal:        1844596 kB
MemFree:         1455856 kB
MemAvailable:    1540556 kB
Buffers:           36108 kB
Cached:           181644 kB
MemTotal:        1844596 kB
MemFree:         1455128 kB
MemAvailable:    1539828 kB
Buffers:           36108 kB
Cached:           181644 kB
MemTotal:        1844596 kB
MemFree:         1455628 kB
MemAvailable:    1540328 kB
Buffers:           36108 kB
Cached:           181644 kB
MemTotal:        1844596 kB
MemFree:         1454184 kB
MemAvailable:    1538884 kB
Buffers:           36108 kB
Cached:           181644 kB
MemTotal:        1844596 kB
MemFree:         1455600 kB
MemAvailable:    1540300 kB
Buffers:           36108 kB
Cached:           181644 kB
MemTotal:        1844596 kB
MemFree:         1455252 kB
MemAvailable:    1539952 kB
Buffers:           36108 kB
Cached:           181644 kB
MemTotal:        1844596 kB
MemFree:         1455504 kB
MemAvailable:    1540204 kB
Buffers:           36108 kB
Cached:           181644 kB
MemTotal:        1844596 kB
MemFree:         1455460 kB
MemAvailable:    1540160 kB
Buffers:           36108 kB
Cached:           181644 kB
MemTotal:        1844596 kB
MemFree:         1455712 kB
MemAvailable:    1540412 kB
Buffers:           36108 kB
Cached:           181644 kB
MemTotal:        1844596 kB
MemFree:         1454228 kB
MemAvailable:    1538928 kB
Buffers:           36108 kB
Cached:           181644 kB
MemTotal:        1844596 kB
MemFree:         1454436 kB
MemAvailable:    1539136 kB
Buffers:           36108 kB
Cached:           181644 kB
MemTotal:        1844596 kB
MemFree:         1454304 kB
MemAvailable:    1539004 kB
Buffers:           36108 kB
Cached:           181644 kB
MemTotal:        1844596 kB
MemFree:         1455488 kB
MemAvailable:    1540188 kB
Buffers:           36108 kB
Cached:           181644 kB
MemTotal:        1844596 kB
MemFree:         1453244 kB
MemAvailable:    1537944 kB
Buffers:           36108 kB
Cached:           181644 kB
MemTotal:        1844596 kB
MemFree:         1453012 kB
MemAvailable:    1537712 kB
Buffers:           36108 kB
Cached:           181644 kB
MemTotal:        1844596 kB
MemFree:         1449600 kB
MemAvailable:    1534300 kB
Buffers:           36108 kB
Cached:           181644 kB
MemTotal:        1844596 kB
MemFree:         1449600 kB
MemAvailable:    1534300 kB
Buffers:           36108 kB
Cached:           181644 kB
MemTotal:        1844596 kB
MemFree:         1448176 kB
MemAvailable:    1532876 kB
Buffers:           36108 kB
Cached:           181644 kB
MemTotal:        1844596 kB
MemFree:         1448176 kB
MemAvailable:    1532876 kB
Buffers:           36108 kB
Cached:           181644 kB
MemTotal:        1844596 kB
MemFree:         1447796 kB
MemAvailable:    1532496 kB
Buffers:           36108 kB
Cached:           181644 kB
MemTotal:        1844596 kB
MemFree:         1447608 kB
MemAvailable:    1532308 kB
Buffers:           36108 kB
Cached:           181644 kB
MemTotal:        1844596 kB
MemFree:         1447776 kB
MemAvailable:    1532476 kB
Buffers:           36108 kB
Cached:           181644 kB
MemTotal:        1844596 kB
MemFree:         1447672 kB
MemAvailable:    1532372 kB
Buffers:           36108 kB
Cached:           181644 kB
MemTotal:        1844596 kB
MemFree:         1447924 kB
MemAvailable:    1532624 kB
Buffers:           36108 kB
Cached:           181644 kB
MemTotal:        1844596 kB
MemFree:         1447708 kB
MemAvailable:    1532424 kB
Buffers:           36108 kB
Cached:           181656 kB
MemTotal:        1844596 kB
MemFree:         1447316 kB
MemAvailable:    1532032 kB
Buffers:           36108 kB
Cached:           181656 kB
MemTotal:        1844596 kB
MemFree:         1447820 kB
MemAvailable:    1532536 kB
Buffers:           36108 kB
Cached:           181656 kB
MemTotal:        1844596 kB
MemFree:         1446300 kB
MemAvailable:    1531016 kB
Buffers:           36108 kB
Cached:           181656 kB
MemTotal:        1844596 kB
MemFree:         1447412 kB
MemAvailable:    1532128 kB
Buffers:           36108 kB
Cached:           181656 kB
MemTotal:        1844596 kB
MemFree:         1446524 kB
MemAvailable:    1531240 kB
Buffers:           36108 kB
Cached:           181656 kB
MemTotal:        1844596 kB
MemFree:         1447928 kB
MemAvailable:    1532644 kB
Buffers:           36108 kB
Cached:           181656 kB
MemTotal:        1844596 kB
MemFree:         1447928 kB
MemAvailable:    1532644 kB
Buffers:           36108 kB
Cached:           181656 kB
MemTotal:        1844596 kB
MemFree:         1447624 kB
MemAvailable:    1532340 kB
Buffers:           36108 kB
Cached:           181656 kB
MemTotal:        1844596 kB
MemFree:         1447876 kB
MemAvailable:    1532592 kB
Buffers:           36108 kB
Cached:           181656 kB
MemTotal:        1844596 kB
MemFree:         1447556 kB
MemAvailable:    1532272 kB
Buffers:           36108 kB
Cached:           181656 kB
MemTotal:        1844596 kB
MemFree:         1447812 kB
MemAvailable:    1532528 kB
Buffers:           36108 kB
Cached:           181656 kB
MemTotal:        1844596 kB
MemFree:         1446068 kB
MemAvailable:    1530784 kB
Buffers:           36108 kB
Cached:           181656 kB
MemTotal:        1844596 kB
MemFree:         1445704 kB
MemAvailable:    1530420 kB
Buffers:           36108 kB
Cached:           181656 kB
MemTotal:        1844596 kB
MemFree:         1445192 kB
MemAvailable:    1529908 kB
Buffers:           36108 kB
Cached:           181656 kB
MemTotal:        1844596 kB
MemFree:         1446200 kB
MemAvailable:    1530916 kB
Buffers:           36108 kB
Cached:           181656 kB
MemTotal:        1844596 kB
MemFree:         1446136 kB
MemAvailable:    1530852 kB
Buffers:           36108 kB
Cached:           181656 kB
MemTotal:        1844596 kB
MemFree:         1445952 kB
MemAvailable:    1530668 kB
Buffers:           36108 kB
Cached:           181656 kB
MemTotal:        1844596 kB
MemFree:         1445084 kB
MemAvailable:    1529800 kB
Buffers:           36108 kB
Cached:           181656 kB
MemTotal:        1844596 kB
MemFree:         1444936 kB
MemAvailable:    1529652 kB
Buffers:           36108 kB
Cached:           181656 kB
MemTotal:        1844596 kB
MemFree:         1444192 kB
MemAvailable:    1528908 kB
Buffers:           36108 kB
Cached:           181656 kB
MemTotal:        1844596 kB
MemFree:         1444960 kB
MemAvailable:    1529676 kB
Buffers:           36108 kB
Cached:           181656 kB
MemTotal:        1844596 kB
MemFree:         1443100 kB
MemAvailable:    1527816 kB
Buffers:           36108 kB
Cached:           181656 kB
MemTotal:        1844596 kB
MemFree:         1444080 kB
MemAvailable:    1528796 kB
Buffers:           36108 kB
Cached:           181656 kB
MemTotal:        1844596 kB
MemFree:         1444016 kB
MemAvailable:    1528732 kB
Buffers:           36108 kB
Cached:           181656 kB
MemTotal:        1844596 kB
MemFree:         1444032 kB
MemAvailable:    1528748 kB
Buffers:           36108 kB
Cached:           181656 kB
MemTotal:        1844596 kB
MemFree:         1444024 kB
MemAvailable:    1528740 kB
Buffers:           36108 kB
Cached:           181656 kB
MemTotal:        1844596 kB
MemFree:         1443644 kB
MemAvailable:    1528360 kB
Buffers:           36108 kB
Cached:           181656 kB
MemTotal:        1844596 kB
MemFree:         1443844 kB
MemAvailable:    1528560 kB
Buffers:           36108 kB
Cached:           181656 kB
MemTotal:        1844596 kB
MemFree:         1443620 kB
MemAvailable:    1528336 kB
Buffers:           36108 kB
Cached:           181656 kB
MemTotal:        1844596 kB
MemFree:         1443412 kB
MemAvailable:    1528128 kB
Buffers:           36108 kB
Cached:           181656 kB
MemTotal:        1844596 kB
MemFree:         1443100 kB
MemAvailable:    1527816 kB
Buffers:           36108 kB
Cached:           181656 kB
MemTotal:        1844596 kB
MemFree:         1444028 kB
MemAvailable:    1528744 kB
Buffers:           36108 kB
Cached:           181656 kB
MemTotal:        1844596 kB
MemFree:         1443960 kB
MemAvailable:    1528676 kB
Buffers:           36108 kB
Cached:           181656 kB
MemTotal:        1844596 kB
MemFree:         1443724 kB
MemAvailable:    1528440 kB
Buffers:           36108 kB
Cached:           181656 kB
MemTotal:        1844596 kB
MemFree:         1443076 kB
MemAvailable:    1527792 kB
Buffers:           36108 kB
Cached:           181656 kB
MemTotal:        1844596 kB
MemFree:         1443160 kB
MemAvailable:    1527876 kB
Buffers:           36108 kB
Cached:           181656 kB
MemTotal:        1844596 kB
MemFree:         1443036 kB
MemAvailable:    1527752 kB
Buffers:           36108 kB
Cached:           181656 kB
MemTotal:        1844596 kB
MemFree:         1439628 kB
MemAvailable:    1524344 kB
Buffers:           36108 kB
Cached:           181656 kB
MemTotal:        1844596 kB
MemFree:         1434048 kB
MemAvailable:    1518764 kB
Buffers:           36108 kB
Cached:           181656 kB
MemTotal:        1844596 kB
MemFree:         1434976 kB
MemAvailable:    1519692 kB
Buffers:           36108 kB
Cached:           181656 kB
MemTotal:        1844596 kB
MemFree:         1434852 kB
MemAvailable:    1519568 kB
Buffers:           36108 kB
Cached:           181656 kB
MemTotal:        1844596 kB
MemFree:         1434164 kB
MemAvailable:    1518880 kB
Buffers:           36108 kB
Cached:           181656 kB
MemTotal:        1844596 kB
MemFree:         1434756 kB
MemAvailable:    1519472 kB
Buffers:           36108 kB
Cached:           181656 kB
MemTotal:        1844596 kB
MemFree:         1434756 kB
MemAvailable:    1519472 kB
Buffers:           36108 kB
Cached:           181656 kB
MemTotal:        1844596 kB
MemFree:         1433488 kB
MemAvailable:    1518204 kB
Buffers:           36108 kB
Cached:           181656 kB
MemTotal:        1844596 kB
MemFree:         1435456 kB
MemAvailable:    1520172 kB
Buffers:           36108 kB
Cached:           181656 kB
MemTotal:        1844596 kB
MemFree:         1436764 kB
MemAvailable:    1521480 kB
Buffers:           36108 kB
Cached:           181656 kB
MemTotal:        1844596 kB
MemFree:         1436432 kB
MemAvailable:    1521316 kB
Buffers:           36108 kB
Cached:           181780 kB
MemTotal:        1844596 kB
MemFree:         1436768 kB
MemAvailable:    1521652 kB
Buffers:           36108 kB
Cached:           181780 kB
MemTotal:        1844596 kB
MemFree:         1436440 kB
MemAvailable:    1521492 kB
Buffers:           36108 kB
Cached:           181904 kB
MemTotal:        1844596 kB
MemFree:         1436512 kB
MemAvailable:    1521564 kB
Buffers:           36108 kB
Cached:           181904 kB
MemTotal:        1844596 kB
MemFree:         1435132 kB
MemAvailable:    1520268 kB
Buffers:           36108 kB
Cached:           182152 kB
MemTotal:        1844596 kB
MemFree:         1436280 kB
MemAvailable:    1521584 kB
Buffers:           36108 kB
Cached:           182152 kB
MemTotal:        1844596 kB
MemFree:         1435412 kB
MemAvailable:    1520716 kB
Buffers:           36108 kB
Cached:           182152 kB
MemTotal:        1844596 kB
MemFree:         1436012 kB
MemAvailable:    1521316 kB
Buffers:           36108 kB
Cached:           182276 kB
MemTotal:        1844596 kB
MemFree:         1436104 kB
MemAvailable:    1521408 kB
Buffers:           36108 kB
Cached:           182276 kB
MemTotal:        1844596 kB
MemFree:         1436028 kB
MemAvailable:    1521332 kB
Buffers:           36108 kB
Cached:           182276 kB
MemTotal:        1844596 kB
MemFree:         1436032 kB
MemAvailable:    1521336 kB
Buffers:           36108 kB
Cached:           182276 kB
MemTotal:        1844596 kB
MemFree:         1435288 kB
MemAvailable:    1520592 kB
Buffers:           36108 kB
Cached:           182276 kB
MemTotal:        1844596 kB
MemFree:         1436020 kB
MemAvailable:    1521324 kB
Buffers:           36108 kB
Cached:           182276 kB
MemTotal:        1844596 kB
MemFree:         1436004 kB
MemAvailable:    1521308 kB
Buffers:           36108 kB
Cached:           182276 kB
MemTotal:        1844596 kB
MemFree:         1436456 kB
MemAvailable:    1521836 kB
Buffers:           36108 kB
Cached:           182396 kB
MemTotal:        1844596 kB
MemFree:         1436456 kB
MemAvailable:    1521836 kB
Buffers:           36108 kB
Cached:           182396 kB
MemTotal:        1844596 kB
MemFree:         1436852 kB
MemAvailable:    1521644 kB
Buffers:           36108 kB
Cached:           181724 kB
