MemTotal:        1844596 kB
MemFree:         1519448 kB
MemAvailable:    1572444 kB
Buffers:           27092 kB
Cached:           158924 kB
MemTotal:        1844596 kB
MemFree:         1515720 kB
MemAvailable:    1568716 kB
Buffers:           27092 kB
Cached:           158924 kB
MemTotal:        1844596 kB
MemFree:         1515044 kB
MemAvailable:    1568040 kB
Buffers:           27092 kB
Cached:           158924 kB
MemTotal:        1844596 kB
MemFree:         1513752 kB
MemAvailable:    1566748 kB
Buffers:           27092 kB
Cached:           158924 kB
MemTotal:        1844596 kB
MemFree:         1512256 kB
MemAvailable:    1565252 kB
Buffers:           27092 kB
Cached:           158924 kB
MemTotal:        1844596 kB
MemFree:         1512372 kB
MemAvailable:    1565368 kB
Buffers:           27092 kB
Cached:           158924 kB
MemTotal:        1844596 kB
MemFree:         1512456 kB
MemAvailable:    1565452 kB
Buffers:           27092 kB
Cached:           158924 kB
MemTotal:        1844596 kB
MemFree:         1509596 kB
MemAvailable:    1562592 kB
Buffers:           27092 kB
Cached:           158924 kB
MemTotal:        1844596 kB
MemFree:         1507616 kB
MemAvailable:    1560612 kB
Buffers:           27092 kB
Cached:           158924 kB
MemTotal:        1844596 kB
MemFree:         1505392 kB
MemAvailable:    1558388 kB
Buffers:           27092 kB
Cached:           158924 kB
MemTotal:        1844596 kB
MemFree:         1503252 kB
MemAvailable:    1556248 kB
Buffers:           27092 kB
Cached:           158924 kB
MemTotal:        1844596 kB
MemFree:         1503588 kB
MemAvailable:    1556584 kB
Buffers:           27092 kB
Cached:           158924 kB
MemTotal:        1844596 kB
MemFree:         1503372 kB
MemAvailable:    1556368 kB
Buffers:           27092 kB
Cached:           158924 kB
MemTotal:        1844596 kB
MemFree:         1503540 kB
MemAvailable:    1556536 kB
Buffers:           27092 kB
Cached:           158924 kB
MemTotal:        1844596 kB
MemFree:         1503504 kB
MemAvailable:    1556500 kB
Buffers:           27092 kB
Cached:           158924 kB
MemTotal:        1844596 kB
MemFree:         1502156 kB
MemAvailable:    1555152 kB
Buffers:           27092 kB
Cached:           158924 kB
MemTotal:        1844596 kB
MemFree:         1502700 kB
MemAvailable:    1555696 kB
Buffers:           27092 kB
Cached:           158924 kB
MemTotal:        1844596 kB
MemFree:         1502784 kB
MemAvailable:    1555780 kB
Buffers:           27092 kB
Cached:           158924 kB
MemTotal:        1844596 kB
MemFree:         1500476 kB
MemAvailable:    1553472 kB
Buffers:           27092 kB
Cached:           158924 kB
MemTotal:        1844596 kB
MemFree:         1501344 kB
MemAvailable:    1554340 kB
Buffers:           27092 kB
Cached:           158924 kB
MemTotal:        1844596 kB
MemFree:         1501088 kB
MemAvailable:    1554084 kB
Buffers:           27092 kB
Cached:           158924 kB
MemTotal:        1844596 kB
MemFree:         1500236 kB
MemAvailable:    1553236 kB
Buffers:           27092 kB
Cached:           158928 kB
MemTotal:        1844596 kB
MemFree:         1500952 kB
MemAvailable:    1553952 kB
Buffers:           27092 kB
Cached:           158928 kB
MemTotal:        1844596 kB
MemFree:         1501288 kB
MemAvailable:    1554288 kB
Buffers:           27092 kB
Cached:           158928 kB
MemTotal:        1844596 kB
MemFree:         1499836 kB
MemAvailable:    1552836 kB
Buffers:           27092 kB
Cached:           158928 kB
MemTotal:        1844596 kB
MemFree:         1499928 kB
MemAvailable:    1552928 kB
Buffers:           27092 kB
Cached:           158928 kB
MemTotal:        1844596 kB
MemFree:         1499920 kB
MemAvailable:    1552920 kB
Buffers:           27092 kB
Cached:           158928 kB
MemTotal:        1844596 kB
MemFree:         1502484 kB
MemAvailable:    1555484 kB
Buffers:           27092 kB
Cached:           158928 kB
MemTotal:        1844596 kB
MemFree:         1501796 kB
MemAvailable:    1554796 kB
Buffers:           27092 kB
Cached:           158928 kB
MemTotal:        1844596 kB
MemFree:         1501084 kB
MemAvailable:    1554084 kB
Buffers:           27092 kB
Cached:           158928 kB
MemTotal:        1844596 kB
MemFree:         1501064 kB
MemAvailable:    1554064 kB
Buffers:           27092 kB
Cached:           158928 kB
MemTotal:        1844596 kB
MemFree:         1498128 kB
MemAvailable:    1551128 kB
Buffers:           27092 kB
Cached:           158928 kB
MemTotal:        1844596 kB
MemFree:         1497872 kB
MemAvailable:    1550872 kB
Buffers:           27092 kB
Cached:           158928 kB
MemTotal:        1844596 kB
MemFree:         1497260 kB
MemAvailable:    1550260 kB
Buffers:           27092 kB
Cached:           158928 kB
MemTotal:        1844596 kB
MemFree:         1497136 kB
MemAvailable:    1550136 kB
Buffers:           27092 kB
Cached:           158928 kB
MemTotal:        1844596 kB
MemFree:         1498108 kB
MemAvailable:    1551108 kB
Buffers:           27092 kB
Cached:           158928 kB
MemTotal:        1844596 kB
MemFree:         1496260 kB
MemAvailable:    1549260 kB
Buffers:           27092 kB
Cached:           158928 kB
MemTotal:        1844596 kB
MemFree:         1496948 kB
MemAvailable:    1549952 kB
Buffers:           27092 kB
Cached:           158932 kB
MemTotal:        1844596 kB
MemFree:         1497252 kB
MemAvailable:    1550256 kB
Buffers:           27092 kB
Cached:           158932 kB
MemTotal:        1844596 kB
MemFree:         1496516 kB
MemAvailable:    1549520 kB
Buffers:           27092 kB
Cached:           158932 kB
MemTotal:        1844596 kB
MemFree:         1496860 kB
MemAvailable:    1549864 kB
Buffers:           27092 kB
Cached:           158932 kB
MemTotal:        1844596 kB
MemFree:         1496888 kB
MemAvailable:    1549892 kB
Buffers:           27092 kB
Cached:           158932 kB
MemTotal:        1844596 kB
MemFree:         1496832 kB
MemAvailable:    1549836 kB
Buffers:           27092 kB
Cached:           158932 kB
MemTotal:        1844596 kB
MemFree:         1495712 kB
MemAvailable:    1548716 kB
Buffers:           27092 kB
Cached:           158932 kB
MemTotal:        1844596 kB
MemFree:         1496696 kB
MemAvailable:    1549700 kB
Buffers:           27092 kB
Cached:           158932 kB
MemTotal:        1844596 kB
MemFree:         1495324 kB
MemAvailable:    1548328 kB
Buffers:           27092 kB
Cached:           158932 kB
MemTotal:        1844596 kB
MemFree:         1496004 kB
MemAvailable:    1549008 kB
Buffers:           27092 kB
Cached:           158932 kB
MemTotal:        1844596 kB
MemFree:         1496088 kB
MemAvailable:    1549092 kB
Buffers:           27092 kB
Cached:           158932 kB
MemTotal:        1844596 kB
MemFree:         1494516 kB
MemAvailable:    1547520 kB
Buffers:           27092 kB
Cached:           158932 kB
MemTotal:        1844596 kB
MemFree:         1495972 kB
MemAvailable:    1548976 kB
Buffers:           27092 kB
Cached:           158932 kB
MemTotal:        1844596 kB
MemFree:         1494896 kB
MemAvailable:    1547900 kB
Buffers:           27092 kB
Cached:           158932 kB
MemTotal:        1844596 kB
MemFree:         1495840 kB
MemAvailable:    1548844 kB
Buffers:           27092 kB
Cached:           158932 kB
MemTotal:        1844596 kB
MemFree:         1496092 kB
MemAvailable:    1549096 kB
Buffers:           27092 kB
Cached:           158932 kB
MemTotal:        1844596 kB
MemFree:         1494600 kB
MemAvailable:    1547604 kB
Buffers:           27092 kB
Cached:           158932 kB
MemTotal:        1844596 kB
MemFree:         1495880 kB
MemAvailable:    1548884 kB
Buffers:           27092 kB
Cached:           158932 kB
MemTotal:        1844596 kB
MemFree:         1496132 kB
MemAvailable:    1549136 kB
Buffers:           27092 kB
Cached:           158932 kB
MemTotal:        1844596 kB
MemFree:         1495900 kB
MemAvailable:    1548904 kB
Buffers:           27092 kB
Cached:           158932 kB
MemTotal:        1844596 kB
MemFree:         1494760 kB
MemAvailable:    1547764 kB
Buffers:           27092 kB
Cached:           158932 kB
MemTotal:        1844596 kB
MemFree:         1495632 kB
MemAvailable:    1548636 kB
Buffers:           27092 kB
Cached:           158932 kB
MemTotal:        1844596 kB
MemFree:         1495632 kB
MemAvailable:    1548636 kB
Buffers:           27092 kB
Cached:           158932 kB
MemTotal:        1844596 kB
MemFree:         1495312 kB
MemAvailable:    1548316 kB
Buffers:           27092 kB
Cached:           158932 kB
MemTotal:        1844596 kB
MemFree:         1494264 kB
MemAvailable:    1547268 kB
Buffers:           27092 kB
Cached:           158932 kB
MemTotal:        1844596 kB
MemFree:         1495176 kB
MemAvailable:    1548180 kB
Buffers:           27092 kB
Cached:           158932 kB
MemTotal:        1844596 kB
MemFree:         1495068 kB
MemAvailable:    1548072 kB
Buffers:           27092 kB
Cached:           158932 kB
MemTotal:        1844596 kB
MemFree:         1494848 kB
MemAvailable:    1547852 kB
Buffers:           27092 kB
Cached:           158932 kB
MemTotal:        1844596 kB
MemFree:         1495104 kB
MemAvailable:    1548108 kB
Buffers:           27092 kB
Cached:           158932 kB
MemTotal:        1844596 kB
MemFree:         1494876 kB
MemAvailable:    1547880 kB
Buffers:           27092 kB
Cached:           158932 kB
MemTotal:        1844596 kB
MemFree:         1495212 kB
MemAvailable:    1548216 kB
Buffers:           27092 kB
Cached:           158932 kB
MemTotal:        1844596 kB
MemFree:         1494836 kB
MemAvailable:    1547840 kB
Buffers:           27092 kB
Cached:           158932 kB
MemTotal:        1844596 kB
MemFree:         1495172 kB
MemAvailable:    1548176 kB
Buffers:           27092 kB
Cached:           158932 kB
MemTotal:        1844596 kB
MemFree:         1493764 kB
MemAvailable:    1546768 kB
Buffers:           27092 kB
Cached:           158932 kB
MemTotal:        1844596 kB
MemFree:         1493756 kB
MemAvailable:    1546760 kB
Buffers:           27092 kB
Cached:           158932 kB
MemTotal:        1844596 kB
MemFree:         1493888 kB
MemAvailable:    1546892 kB
Buffers:           27092 kB
Cached:           158932 kB
MemTotal:        1844596 kB
MemFree:         1493104 kB
MemAvailable:    1546108 kB
Buffers:           27092 kB
Cached:           158932 kB
MemTotal:        1844596 kB
MemFree:         1490176 kB
MemAvailable:    1543180 kB
Buffers:           27092 kB
Cached:           158932 kB
MemTotal:        1844596 kB
MemFree:         1489944 kB
MemAvailable:    1542948 kB
Buffers:           27092 kB
Cached:           158932 kB
MemTotal:        1844596 kB
MemFree:         1487572 kB
MemAvailable:    1540576 kB
Buffers:           27092 kB
Cached:           158932 kB
MemTotal:        1844596 kB
MemFree:         1486720 kB
MemAvailable:    1539724 kB
Buffers:           27092 kB
Cached:           158932 kB
MemTotal:        1844596 kB
MemFree:         1487244 kB
MemAvailable:    1540248 kB
Buffers:           27092 kB
Cached:           158932 kB
MemTotal:        1844596 kB
MemFree:         1486092 kB
MemAvailable:    1539096 kB
Buffers:           27092 kB
Cached:           158932 kB
MemTotal:        1844596 kB
MemFree:         1486788 kB
MemAvailable:    1539796 kB
Buffers:           27092 kB
Cached:           158936 kB
MemTotal:        1844596 kB
MemFree:         1487124 kB
MemAvailable:    1540132 kB
Buffers:           27092 kB
Cached:           158936 kB
MemTotal:        1844596 kB
MemFree:         1486912 kB
MemAvailable:    1539920 kB
Buffers:           27092 kB
Cached:           158936 kB
MemTotal:        1844596 kB
MemFree:         1486912 kB
MemAvailable:    1539920 kB
Buffers:           27092 kB
Cached:           158936 kB
MemTotal:        1844596 kB
MemFree:         1486940 kB
MemAvailable:    1539948 kB
Buffers:           27092 kB
Cached:           158936 kB
MemTotal:        1844596 kB
MemFree:         1487092 kB
MemAvailable:    1540100 kB
Buffers:           27092 kB
Cached:           158936 kB
MemTotal:        1844596 kB
MemFree:         1487080 kB
MemAvailable:    1540088 kB
Buffers:           27092 kB
Cached:           158936 kB
MemTotal:        1844596 kB
MemFree:         1485708 kB
MemAvailable:    1538716 kB
Buffers:           27100 kB
Cached:           158928 kB
MemTotal:        1844596 kB
MemFree:         1487008 kB
MemAvailable:    1540016 kB
Buffers:           27100 kB
Cached:           158928 kB
MemTotal:        1844596 kB
MemFree:         1486900 kB
MemAvailable:    1539908 kB
Buffers:           27100 kB
Cached:           158928 kB
MemTotal:        1844596 kB
MemFree:         1485660 kB
MemAvailable:    1538668 kB
Buffers:           27100 kB
Cached:           158928 kB
MemTotal:        1844596 kB
MemFree:         1485908 kB
MemAvailable:    1538916 kB
Buffers:           27100 kB
Cached:           158928 kB
MemTotal:        1844596 kB
MemFree:         1486456 kB
MemAvailable:    1539464 kB
Buffers:           27100 kB
Cached:           158928 kB
MemTotal:        1844596 kB
MemFree:         1486224 kB
MemAvailable:    1539232 kB
Buffers:           27100 kB
Cached:           158928 kB
MemTotal:        1844596 kB
MemFree:         1485960 kB
MemAvailable:    1538972 kB
Buffers:           27100 kB
Cached:           158932 kB
MemTotal:        1844596 kB
MemFree:         1485604 kB
MemAvailable:    1538616 kB
Buffers:           27100 kB
Cached:           158932 kB
MemTotal:        1844596 kB
MemFree:         1484340 kB
MemAvailable:    1537352 kB
Buffers:           27100 kB
Cached:           158932 kB
MemTotal:        1844596 kB
MemFree:         1485604 kB
MemAvailable:    1538624 kB
Buffers:           27100 kB
Cached:           158940 kB
MemTotal:        1844596 kB
MemFree:         1484240 kB
MemAvailable:    1537260 kB
Buffers:           27100 kB
Cached:           158940 kB
MemTotal:        1844596 kB
MemFree:         1484232 kB
MemAvailable:    1537252 kB
Buffers:           27100 kB
Cached:           158940 kB
MemTotal:        1844596 kB
MemFree:         1483628 kB
MemAvailable:    1536648 kB
Buffers:           27100 kB
Cached:           158940 kB
MemTotal:        1844596 kB
MemFree:         1484176 kB
MemAvailable:    1537196 kB
Buffers:           27100 kB
Cached:           158940 kB
MemTotal:        1844596 kB
MemFree:         1482828 kB
MemAvailable:    1535848 kB
Buffers:           27100 kB
Cached:           158940 kB
MemTotal:        1844596 kB
MemFree:         1483664 kB
MemAvailable:    1536684 kB
Buffers:           27100 kB
Cached:           158940 kB
MemTotal:        1844596 kB
MemFree:         1483000 kB
MemAvailable:    1536020 kB
Buffers:           27100 kB
Cached:           158940 kB
MemTotal:        1844596 kB
MemFree:         1483220 kB
MemAvailable:    1536240 kB
Buffers:           27100 kB
Cached:           158940 kB
MemTotal:        1844596 kB
MemFree:         1483556 kB
MemAvailable:    1536576 kB
Buffers:           27100 kB
Cached:           158940 kB
MemTotal:        1844596 kB
MemFree:         1482104 kB
MemAvailable:    1535124 kB
Buffers:           27100 kB
Cached:           158940 kB
MemTotal:        1844596 kB
MemFree:         1483080 kB
MemAvailable:    1536100 kB
Buffers:           27100 kB
Cached:           158940 kB
MemTotal:        1844596 kB
MemFree:         1483164 kB
MemAvailable:    1536184 kB
Buffers:           27100 kB
Cached:           158940 kB
MemTotal:        1844596 kB
MemFree:         1483164 kB
MemAvailable:    1536184 kB
Buffers:           27100 kB
Cached:           158940 kB
MemTotal:        1844596 kB
MemFree:         1482992 kB
MemAvailable:    1536012 kB
Buffers:           27100 kB
Cached:           158940 kB
MemTotal:        1844596 kB
MemFree:         1482984 kB
MemAvailable:    1536004 kB
Buffers:           27100 kB
Cached:           158940 kB
MemTotal:        1844596 kB
MemFree:         1482984 kB
MemAvailable:    1536004 kB
Buffers:           27100 kB
Cached:           158940 kB
MemTotal:        1844596 kB
MemFree:         1481736 kB
MemAvailable:    1534756 kB
Buffers:           27100 kB
Cached:           158940 kB
MemTotal:        1844596 kB
MemFree:         1482564 kB
MemAvailable:    1535584 kB
Buffers:           27100 kB
Cached:           158940 kB
MemTotal:        1844596 kB
MemFree:         1481256 kB
MemAvailable:    1534276 kB
Buffers:           27100 kB
Cached:           158940 kB
MemTotal:        1844596 kB
MemFree:         1480892 kB
MemAvailable:    1533912 kB
Buffers:           27100 kB
Cached:           158940 kB
MemTotal:        1844596 kB
MemFree:         1474940 kB
MemAvailable:    1527960 kB
Buffers:           27100 kB
Cached:           158940 kB
MemTotal:        1844596 kB
MemFree:         1475784 kB
MemAvailable:    1528972 kB
Buffers:           27100 kB
Cached:           159064 kB
MemTotal:        1844596 kB
MemFree:         1475436 kB
MemAvailable:    1528624 kB
Buffers:           27100 kB
Cached:           159064 kB
MemTotal:        1844596 kB
MemFree:         1475752 kB
MemAvailable:    1529024 kB
Buffers:           27100 kB
Cached:           159188 kB
MemTotal:        1844596 kB
MemFree:         1474548 kB
MemAvailable:    1527904 kB
Buffers:           27100 kB
Cached:           159188 kB
MemTotal:        1844596 kB
MemFree:         1475600 kB
MemAvailable:    1529124 kB
Buffers:           27100 kB
Cached:           159436 kB
MemTotal:        1844596 kB
MemFree:         1474168 kB
MemAvailable:    1527776 kB
Buffers:           27100 kB
Cached:           159436 kB
MemTotal:        1844596 kB
MemFree:         1475656 kB
MemAvailable:    1529264 kB
Buffers:           27100 kB
Cached:           159436 kB
MemTotal:        1844596 kB
MemFree:         1475276 kB
MemAvailable:    1528884 kB
Buffers:           27100 kB
Cached:           159560 kB
MemTotal:        1844596 kB
MemFree:         1474120 kB
MemAvailable:    1527728 kB
Buffers:           27100 kB
Cached:           159560 kB
MemTotal:        1844596 kB
MemFree:         1474024 kB
MemAvailable:    1527632 kB
Buffers:           27100 kB
Cached:           159560 kB
MemTotal:        1844596 kB
MemFree:         1475428 kB
MemAvailable:    1529036 kB
Buffers:           27100 kB
Cached:           159560 kB
MemTotal:        1844596 kB
MemFree:         1474188 kB
MemAvailable:    1527796 kB
Buffers:           27100 kB
Cached:           159560 kB
MemTotal:        1844596 kB
MemFree:         1475500 kB
MemAvailable:    1529108 kB
Buffers:           27100 kB
Cached:           159560 kB
MemTotal:        1844596 kB
MemFree:         1475408 kB
MemAvailable:    1528428 kB
Buffers:           27100 kB
Cached:           158928 kB
MemTotal:        1844596 kB
MemFree:         1476008 kB
MemAvailable:    1529028 kB
Buffers:           27100 kB
Cached:           158928 kB
