MemTotal:        1844596 kB
MemFree:         1502212 kB
MemAvailable:    1565844 kB
Buffers:           28420 kB
Cached:           169628 kB
MemTotal:        1844596 kB
MemFree:         1501832 kB
MemAvailable:    1565464 kB
Buffers:           28420 kB
Cached:           169628 kB
MemTotal:        1844596 kB
MemFree:         1501404 kB
MemAvailable:    1565036 kB
Buffers:           28420 kB
Cached:           169628 kB
MemTotal:        1844596 kB
MemFree:         1500040 kB
MemAvailable:    1563672 kB
Buffers:           28420 kB
Cached:           169628 kB
MemTotal:        1844596 kB
MemFree:         1499980 kB
MemAvailable:    1563612 kB
Buffers:           28420 kB
Cached:           169628 kB
MemTotal:        1844596 kB
MemFree:         1499544 kB
MemAvailable:    1563176 kB
Buffers:           28420 kB
Cached:           169628 kB
MemTotal:        1844596 kB
MemFree:         1496832 kB
MemAvailable:    1560464 kB
Buffers:           28420 kB
Cached:           169628 kB
MemTotal:        1844596 kB
MemFree:         1494336 kB
MemAvailable:    1557968 kB
Buffers:           28420 kB
Cached:           169628 kB
MemTotal:        1844596 kB
MemFree:         1490920 kB
MemAvailable:    1554552 kB
Buffers:           28420 kB
Cached:           169628 kB
MemTotal:        1844596 kB
MemFree:         1493220 kB
MemAvailable:    1556852 kB
Buffers:           28420 kB
Cached:           169628 kB
MemTotal:        1844596 kB
MemFree:         1490040 kB
MemAvailable:    1553672 kB
Buffers:           28420 kB
Cached:           169628 kB
MemTotal:        1844596 kB
MemFree:         1490060 kB
MemAvailable:    1553696 kB
Buffers:           28420 kB
Cached:           169632 kB
MemTotal:        1844596 kB
MemFree:         1489880 kB
MemAvailable:    1553516 kB
Buffers:           28420 kB
Cached:           169632 kB
MemTotal:        1844596 kB
MemFree:         1490216 kB
MemAvailable:    1553852 kB
Buffers:           28420 kB
Cached:           169632 kB
MemTotal:        1844596 kB
MemFree:         1489748 kB
MemAvailable:    1553384 kB
Buffers:           28420 kB
Cached:           169632 kB
MemTotal:        1844596 kB
MemFree:         1489748 kB
MemAvailable:    1553384 kB
Buffers:           28420 kB
Cached:           169632 kB
MemTotal:        1844596 kB
MemFree:         1489052 kB
MemAvailable:    1552688 kB
Buffers:           28420 kB
Cached:           169632 kB
MemTotal:        1844596 kB
MemFree:         1489052 kB
MemAvailable:    1552688 kB
Buffers:           28420 kB
Cached:           169632 kB
MemTotal:        1844596 kB
MemFree:         1487564 kB
MemAvailable:    1551200 kB
Buffers:           28420 kB
Cached:           169632 kB
MemTotal:        1844596 kB
MemFree:         1487648 kB
MemAvailable:    1551284 kB
Buffers:           28420 kB
Cached:           169632 kB
MemTotal:        1844596 kB
MemFree:         1487380 kB
MemAvailable:    1551016 kB
Buffers:           28420 kB
Cached:           169632 kB
MemTotal:        1844596 kB
MemFree:         1487632 kB
MemAvailable:    1551268 kB
Buffers:           28420 kB
Cached:           169632 kB
MemTotal:        1844596 kB
MemFree:         1486316 kB
MemAvailable:    1549952 kB
Buffers:           28420 kB
Cached:           169632 kB
MemTotal:        1844596 kB
MemFree:         1487500 kB
MemAvailable:    1551136 kB
Buffers:           28420 kB
Cached:           169632 kB
MemTotal:        1844596 kB
MemFree:         1487424 kB
MemAvailable:    1551060 kB
Buffers:           28420 kB
Cached:           169632 kB
MemTotal:        1844596 kB
MemFree:         1487760 kB
MemAvailable:    1551396 kB
Buffers:           28420 kB
Cached:           169632 kB
MemTotal:        1844596 kB
MemFree:         1487544 kB
MemAvailable:    1551180 kB
Buffers:           28420 kB
Cached:           169632 kB
MemTotal:        1844596 kB
MemFree:         1487152 kB
MemAvailable:    1550788 kB
Buffers:           28420 kB
Cached:           169632 kB
MemTotal:        1844596 kB
MemFree:         1486836 kB
MemAvailable:    1550472 kB
Buffers:           28420 kB
Cached:           169632 kB
MemTotal:        1844596 kB
MemFree:         1488680 kB
MemAvailable:    1552316 kB
Buffers:           28420 kB
Cached:           169632 kB
MemTotal:        1844596 kB
MemFree:         1488680 kB
MemAvailable:    1552316 kB
Buffers:           28420 kB
Cached:           169632 kB
MemTotal:        1844596 kB
MemFree:         1486324 kB
MemAvailable:    1549960 kB
Buffers:           28420 kB
Cached:           169632 kB
MemTotal:        1844596 kB
MemFree:         1486452 kB
MemAvailable:    1550088 kB
Buffers:           28420 kB
Cached:           169632 kB
MemTotal:        1844596 kB
MemFree:         1483968 kB
MemAvailable:    1547604 kB
Buffers:           28420 kB
Cached:           169632 kB
MemTotal:        1844596 kB
MemFree:         1484100 kB
MemAvailable:    1547736 kB
Buffers:           28420 kB
Cached:           169632 kB
MemTotal:        1844596 kB
MemFree:         1483728 kB
MemAvailable:    1547368 kB
Buffers:           28420 kB
Cached:           169636 kB
MemTotal:        1844596 kB
MemFree:         1484416 kB
MemAvailable:    1548056 kB
Buffers:           28420 kB
Cached:           169636 kB
MemTotal:        1844596 kB
MemFree:         1484292 kB
MemAvailable:    1547932 kB
Buffers:           28420 kB
Cached:           169636 kB
MemTotal:        1844596 kB
MemFree:         1483472 kB
MemAvailable:    1547112 kB
Buffers:           28420 kB
Cached:           169636 kB
MemTotal:        1844596 kB
MemFree:         1483728 kB
MemAvailable:    1547368 kB
Buffers:           28420 kB
Cached:           169636 kB
MemTotal:        1844596 kB
MemFree:         1483208 kB
MemAvailable:    1546848 kB
Buffers:           28420 kB
Cached:           169636 kB
MemTotal:        1844596 kB
MemFree:         1483544 kB
MemAvailable:    1547184 kB
Buffers:           28420 kB
Cached:           169636 kB
MemTotal:        1844596 kB
MemFree:         1483360 kB
MemAvailable:    1547000 kB
Buffers:           28420 kB
Cached:           169636 kB
MemTotal:        1844596 kB
MemFree:         1483280 kB
MemAvailable:    1546920 kB
Buffers:           28420 kB
Cached:           169636 kB
MemTotal:        1844596 kB
MemFree:         1483532 kB
MemAvailable:    1547172 kB
Buffers:           28420 kB
Cached:           169636 kB
MemTotal:        1844596 kB
MemFree:         1481912 kB
MemAvailable:    1545552 kB
Buffers:           28420 kB
Cached:           169636 kB
MemTotal:        1844596 kB
MemFree:         1481944 kB
MemAvailable:    1545460 kB
Buffers:           28420 kB
Cached:           169636 kB
MemTotal:        1844596 kB
MemFree:         1481720 kB
MemAvailable:    1545360 kB
Buffers:           28420 kB
Cached:           169636 kB
MemTotal:        1844596 kB
MemFree:         1482548 kB
MemAvailable:    1546188 kB
Buffers:           28420 kB
Cached:           169636 kB
MemTotal:        1844596 kB
MemFree:         1482348 kB
MemAvailable:    1545988 kB
Buffers:           28420 kB
Cached:           169636 kB
MemTotal:        1844596 kB
MemFree:         1480944 kB
MemAvailable:    1544584 kB
Buffers:           28420 kB
Cached:           169636 kB
MemTotal:        1844596 kB
MemFree:         1482484 kB
MemAvailable:    1546124 kB
Buffers:           28420 kB
Cached:           169636 kB
MemTotal:        1844596 kB
MemFree:         1482372 kB
MemAvailable:    1546012 kB
Buffers:           28420 kB
Cached:           169636 kB
MemTotal:        1844596 kB
MemFree:         1482208 kB
MemAvailable:    1545848 kB
Buffers:           28420 kB
Cached:           169636 kB
MemTotal:        1844596 kB
MemFree:         1482292 kB
MemAvailable:    1545932 kB
Buffers:           28420 kB
Cached:           169636 kB
MemTotal:        1844596 kB
MemFree:         1482400 kB
MemAvailable:    1546040 kB
Buffers:           28420 kB
Cached:           169636 kB
MemTotal:        1844596 kB
MemFree:         1480968 kB
MemAvailable:    1544608 kB
Buffers:           28420 kB
Cached:           169636 kB
MemTotal:        1844596 kB
MemFree:         1482268 kB
MemAvailable:    1545908 kB
Buffers:           28420 kB
Cached:           169636 kB
MemTotal:        1844596 kB
MemFree:         1481456 kB
MemAvailable:    1545096 kB
Buffers:           28420 kB
Cached:           169636 kB
MemTotal:        1844596 kB
MemFree:         1481076 kB
MemAvailable:    1544716 kB
Buffers:           28420 kB
Cached:           169636 kB
MemTotal:        1844596 kB
MemFree:         1481084 kB
MemAvailable:    1544724 kB
Buffers:           28420 kB
Cached:           169636 kB
MemTotal:        1844596 kB
MemFree:         1482384 kB
MemAvailable:    1546024 kB
Buffers:           28420 kB
Cached:           169636 kB
MemTotal:        1844596 kB
MemFree:         1481504 kB
MemAvailable:    1545144 kB
Buffers:           28420 kB
Cached:           169636 kB
MemTotal:        1844596 kB
MemFree:         1481924 kB
MemAvailable:    1545564 kB
Buffers:           28420 kB
Cached:           169636 kB
MemTotal:        1844596 kB
MemFree:         1481132 kB
MemAvailable:    1544772 kB
Buffers:           28420 kB
Cached:           169636 kB
MemTotal:        1844596 kB
MemFree:         1481696 kB
MemAvailable:    1545336 kB
Buffers:           28420 kB
Cached:           169636 kB
MemTotal:        1844596 kB
MemFree:         1480704 kB
MemAvailable:    1544344 kB
Buffers:           28420 kB
Cached:           169636 kB
MemTotal:        1844596 kB
MemFree:         1481504 kB
MemAvailable:    1545144 kB
Buffers:           28420 kB
Cached:           169636 kB
MemTotal:        1844596 kB
MemFree:         1481300 kB
MemAvailable:    1544940 kB
Buffers:           28420 kB
Cached:           169636 kB
MemTotal:        1844596 kB
MemFree:         1481488 kB
MemAvailable:    1545128 kB
Buffers:           28420 kB
Cached:           169636 kB
MemTotal:        1844596 kB
MemFree:         1480248 kB
MemAvailable:    1543888 kB
Buffers:           28420 kB
Cached:           169636 kB
MemTotal:        1844596 kB
MemFree:         1481424 kB
MemAvailable:    1545064 kB
Buffers:           28420 kB
Cached:           169636 kB
MemTotal:        1844596 kB
MemFree:         1481564 kB
MemAvailable:    1545204 kB
Buffers:           28420 kB
Cached:           169636 kB
MemTotal:        1844596 kB
MemFree:         1481488 kB
MemAvailable:    1545128 kB
Buffers:           28420 kB
Cached:           169636 kB
MemTotal:        1844596 kB
MemFree:         1481376 kB
MemAvailable:    1545016 kB
Buffers:           28420 kB
Cached:           169636 kB
MemTotal:        1844596 kB
MemFree:         1480236 kB
MemAvailable:    1543876 kB
Buffers:           28420 kB
Cached:           169636 kB
MemTotal:        1844596 kB
MemFree:         1481588 kB
MemAvailable:    1545228 kB
Buffers:           28420 kB
Cached:           169636 kB
MemTotal:        1844596 kB
MemFree:         1479256 kB
MemAvailable:    1542896 kB
Buffers:           28420 kB
Cached:           169636 kB
MemTotal:        1844596 kB
MemFree:         1479468 kB
MemAvailable:    1543108 kB
Buffers:           28420 kB
Cached:           169636 kB
MemTotal:        1844596 kB
MemFree:         1475304 kB
MemAvailable:    1538944 kB
Buffers:           28420 kB
Cached:           169636 kB
MemTotal:        1844596 kB
MemFree:         1474248 kB
MemAvailable:    1537888 kB
Buffers:           28420 kB
Cached:           169636 kB
MemTotal:        1844596 kB
MemFree:         1473868 kB
MemAvailable:    1537508 kB
Buffers:           28420 kB
Cached:           169636 kB
MemTotal:        1844596 kB
MemFree:         1473752 kB
MemAvailable:    1537392 kB
Buffers:           28420 kB
Cached:           169636 kB
MemTotal:        1844596 kB
MemFree:         1473420 kB
MemAvailable:    1537060 kB
Buffers:           28420 kB
Cached:           169636 kB
MemTotal:        1844596 kB
MemFree:         1473672 kB
MemAvailable:    1537312 kB
Buffers:           28420 kB
Cached:           169636 kB
MemTotal:        1844596 kB
MemFree:         1473364 kB
MemAvailable:    1537004 kB
Buffers:           28420 kB
Cached:           169636 kB
MemTotal:        1844596 kB
MemFree:         1473364 kB
MemAvailable:    1537004 kB
Buffers:           28420 kB
Cached:           169636 kB
MemTotal:        1844596 kB
MemFree:         1473512 kB
MemAvailable:    1537152 kB
Buffers:           28420 kB
Cached:           169636 kB
MemTotal:        1844596 kB
MemFree:         1473476 kB
MemAvailable:    1537116 kB
Buffers:           28420 kB
Cached:           169636 kB
MemTotal:        1844596 kB
MemFree:         1472700 kB
MemAvailable:    1536340 kB
Buffers:           28420 kB
Cached:           169636 kB
MemTotal:        1844596 kB
MemFree:         1473492 kB
MemAvailable:    1537132 kB
Buffers:           28420 kB
Cached:           169636 kB
MemTotal:        1844596 kB
MemFree:         1473384 kB
MemAvailable:    1537024 kB
Buffers:           28420 kB
Cached:           169636 kB
MemTotal:        1844596 kB
MemFree:         1472136 kB
MemAvailable:    1535776 kB
Buffers:           28420 kB
Cached:           169636 kB
MemTotal:        1844596 kB
MemFree:         1472948 kB
MemAvailable:    1536588 kB
Buffers:           28420 kB
Cached:           169636 kB
MemTotal:        1844596 kB
MemFree:         1473292 kB
MemAvailable:    1536932 kB
Buffers:           28420 kB
Cached:           169636 kB
MemTotal:        1844596 kB
MemFree:         1473628 kB
MemAvailable:    1537268 kB
Buffers:           28420 kB
Cached:           169636 kB
MemTotal:        1844596 kB
MemFree:         1472024 kB
MemAvailable:    1535664 kB
Buffers:           28420 kB
Cached:           169636 kB
MemTotal:        1844596 kB
MemFree:         1472156 kB
MemAvailable:    1535800 kB
Buffers:           28420 kB
Cached:           169640 kB
MemTotal:        1844596 kB
MemFree:         1473132 kB
MemAvailable:    1536776 kB
Buffers:           28420 kB
Cached:           169640 kB
MemTotal:        1844596 kB
MemFree:         1472328 kB
MemAvailable:    1535972 kB
Buffers:           28420 kB
Cached:           169640 kB
MemTotal:        1844596 kB
MemFree:         1472256 kB
MemAvailable:    1535904 kB
Buffers:           28420 kB
Cached:           169644 kB
MemTotal:        1844596 kB
MemFree:         1472256 kB
MemAvailable:    1535904 kB
Buffers:           28420 kB
Cached:           169644 kB
MemTotal:        1844596 kB
MemFree:         1471744 kB
MemAvailable:    1535392 kB
Buffers:           28420 kB
Cached:           169644 kB
MemTotal:        1844596 kB
MemFree:         1471652 kB
MemAvailable:    1535300 kB
Buffers:           28420 kB
Cached:           169644 kB
MemTotal:        1844596 kB
MemFree:         1470584 kB
MemAvailable:    1534232 kB
Buffers:           28420 kB
Cached:           169644 kB
MemTotal:        1844596 kB
MemFree:         1470840 kB
MemAvailable:    1534488 kB
Buffers:           28420 kB
Cached:           169644 kB
MemTotal:        1844596 kB
MemFree:         1470716 kB
MemAvailable:    1534364 kB
Buffers:           28420 kB
Cached:           169644 kB
MemTotal:        1844596 kB
MemFree:         1470032 kB
MemAvailable:    1533680 kB
Buffers:           28420 kB
Cached:           169644 kB
MemTotal:        1844596 kB
MemFree:         1469784 kB
MemAvailable:    1533432 kB
Buffers:           28420 kB
Cached:           169644 kB
MemTotal:        1844596 kB
MemFree:         1469956 kB
MemAvailable:    1533604 kB
Buffers:           28420 kB
Cached:           169644 kB
MemTotal:        1844596 kB
MemFree:         1469980 kB
MemAvailable:    1533628 kB
Buffers:           28420 kB
Cached:           169644 kB
MemTotal:        1844596 kB
MemFree:         1469724 kB
MemAvailable:    1533372 kB
Buffers:           28420 kB
Cached:           169644 kB
MemTotal:        1844596 kB
MemFree:         1468292 kB
MemAvailable:    1531940 kB
Buffers:           28420 kB
Cached:           169644 kB
MemTotal:        1844596 kB
MemFree:         1469392 kB
MemAvailable:    1533040 kB
Buffers:           28420 kB
Cached:           169644 kB
MemTotal:        1844596 kB
MemFree:         1469644 kB
MemAvailable:    1533292 kB
Buffers:           28420 kB
Cached:           169644 kB
MemTotal:        1844596 kB
MemFree:         1469448 kB
MemAvailable:    1533096 kB
Buffers:           28420 kB
Cached:           169644 kB
MemTotal:        1844596 kB
MemFree:         1469648 kB
MemAvailable:    1533296 kB
Buffers:           28420 kB
Cached:           169644 kB
MemTotal:        1844596 kB
MemFree:         1468296 kB
MemAvailable:    1531944 kB
Buffers:           28420 kB
Cached:           169644 kB
MemTotal:        1844596 kB
MemFree:         1468848 kB
MemAvailable:    1532496 kB
Buffers:           28420 kB
Cached:           169644 kB
MemTotal:        1844596 kB
MemFree:         1468724 kB
MemAvailable:    1532372 kB
Buffers:           28420 kB
Cached:           169644 kB
MemTotal:        1844596 kB
MemFree:         1469228 kB
MemAvailable:    1532876 kB
Buffers:           28420 kB
Cached:           169644 kB
MemTotal:        1844596 kB
MemFree:         1469088 kB
MemAvailable:    1532736 kB
Buffers:           28420 kB
Cached:           169644 kB
MemTotal:        1844596 kB
MemFree:         1469088 kB
MemAvailable:    1532736 kB
Buffers:           28420 kB
Cached:           169644 kB
MemTotal:        1844596 kB
MemFree:         1466980 kB
MemAvailable:    1530628 kB
Buffers:           28420 kB
Cached:           169644 kB
MemTotal:        1844596 kB
MemFree:         1468860 kB
MemAvailable:    1532508 kB
Buffers:           28420 kB
Cached:           169644 kB
MemTotal:        1844596 kB
MemFree:         1462956 kB
MemAvailable:    1526604 kB
Buffers:           28424 kB
Cached:           169764 kB
MemTotal:        1844596 kB
MemFree:         1462840 kB
MemAvailable:    1526572 kB
Buffers:           28424 kB
Cached:           169764 kB
MemTotal:        1844596 kB
MemFree:         1461532 kB
MemAvailable:    1525348 kB
Buffers:           28424 kB
Cached:           169888 kB
MemTotal:        1844596 kB
MemFree:         1462884 kB
MemAvailable:    1526784 kB
Buffers:           28424 kB
Cached:           169888 kB
MemTotal:        1844596 kB
MemFree:         1462592 kB
MemAvailable:    1526660 kB
Buffers:           28424 kB
Cached:           170136 kB
MemTotal:        1844596 kB
MemFree:         1461788 kB
MemAvailable:    1525856 kB
Buffers:           28424 kB
Cached:           170136 kB
MemTotal:        1844596 kB
MemFree:         1462132 kB
MemAvailable:    1526284 kB
Buffers:           28424 kB
Cached:           170260 kB
MemTotal:        1844596 kB
MemFree:         1462216 kB
MemAvailable:    1526368 kB
Buffers:           28424 kB
Cached:           170260 kB
MemTotal:        1844596 kB
MemFree:         1462072 kB
MemAvailable:    1526308 kB
Buffers:           28424 kB
Cached:           170260 kB
MemTotal:        1844596 kB
MemFree:         1461692 kB
MemAvailable:    1525928 kB
Buffers:           28424 kB
Cached:           170260 kB
MemTotal:        1844596 kB
MemFree:         1461016 kB
MemAvailable:    1525252 kB
Buffers:           28424 kB
Cached:           170260 kB
MemTotal:        1844596 kB
MemFree:         1460796 kB
MemAvailable:    1525032 kB
Buffers:           28424 kB
Cached:           170260 kB
MemTotal:        1844596 kB
MemFree:         1461408 kB
MemAvailable:    1525644 kB
Buffers:           28424 kB
Cached:           170260 kB
MemTotal:        1844596 kB
MemFree:         1461960 kB
MemAvailable:    1526196 kB
Buffers:           28424 kB
Cached:           170260 kB
MemTotal:        1844596 kB
MemFree:         1462212 kB
MemAvailable:    1526448 kB
Buffers:           28424 kB
Cached:           170260 kB
MemTotal:        1844596 kB
MemFree:         1462132 kB
MemAvailable:    1526368 kB
Buffers:           28424 kB
Cached:           170260 kB
MemTotal:        1844596 kB
MemFree:         1461896 kB
MemAvailable:    1526216 kB
Buffers:           28424 kB
Cached:           170260 kB
MemTotal:        1844596 kB
MemFree:         1460780 kB
MemAvailable:    1524428 kB
Buffers:           28424 kB
Cached:           169628 kB
MemTotal:        1844596 kB
MemFree:         1529384 kB
MemAvailable:    1593032 kB
Buffers:           28424 kB
Cached:           169628 kB
