MemTotal:        1844596 kB
MemFree:         1259736 kB
MemAvailable:    1546888 kB
Buffers:           55800 kB
Cached:           352156 kB
MemTotal:        1844596 kB
MemFree:         1258496 kB
MemAvailable:    1545648 kB
Buffers:           55800 kB
Cached:           352156 kB
MemTotal:        1844596 kB
MemFree:         1256760 kB
MemAvailable:    1543912 kB
Buffers:           55800 kB
Cached:           352156 kB
MemTotal:        1844596 kB
MemFree:         1255148 kB
MemAvailable:    1542300 kB
Buffers:           55800 kB
Cached:           352156 kB
MemTotal:        1844596 kB
MemFree:         1255016 kB
MemAvailable:    1542168 kB
Buffers:           55800 kB
Cached:           352156 kB
MemTotal:        1844596 kB
MemFree:         1254820 kB
MemAvailable:    1541972 kB
Buffers:           55800 kB
Cached:           352156 kB
MemTotal:        1844596 kB
MemFree:         1253472 kB
MemAvailable:    1540624 kB
Buffers:           55800 kB
Cached:           352156 kB
MemTotal:        1844596 kB
MemFree:         1251240 kB
MemAvailable:    1538392 kB
Buffers:           55800 kB
Cached:           352156 kB
MemTotal:        1844596 kB
MemFree:         1248204 kB
MemAvailable:    1535356 kB
Buffers:           55800 kB
Cached:           352156 kB
MemTotal:        1844596 kB
MemFree:         1245352 kB
MemAvailable:    1532504 kB
Buffers:           55800 kB
Cached:           352156 kB
MemTotal:        1844596 kB
MemFree:         1243492 kB
MemAvailable:    1530644 kB
Buffers:           55800 kB
Cached:           352156 kB
MemTotal:        1844596 kB
MemFree:         1244916 kB
MemAvailable:    1532068 kB
Buffers:           55800 kB
Cached:           352156 kB
MemTotal:        1844596 kB
MemFree:         1244856 kB
MemAvailable:    1532008 kB
Buffers:           55800 kB
Cached:           352156 kB
MemTotal:        1844596 kB
MemFree:         1244868 kB
MemAvailable:    1532020 kB
Buffers:           55800 kB
Cached:           352156 kB
MemTotal:        1844596 kB
MemFree:         1244932 kB
MemAvailable:    1532084 kB
Buffers:           55800 kB
Cached:           352156 kB
MemTotal:        1844596 kB
MemFree:         1244844 kB
MemAvailable:    1531996 kB
Buffers:           55800 kB
Cached:           352156 kB
MemTotal:        1844596 kB
MemFree:         1243464 kB
MemAvailable:    1530616 kB
Buffers:           55800 kB
Cached:           352156 kB
MemTotal:        1844596 kB
MemFree:         1243872 kB
MemAvailable:    1531024 kB
Buffers:           55800 kB
Cached:           352156 kB
MemTotal:        1844596 kB
MemFree:         1243964 kB
MemAvailable:    1531116 kB
Buffers:           55800 kB
Cached:           352156 kB
MemTotal:        1844596 kB
MemFree:         1244092 kB
MemAvailable:    1531244 kB
Buffers:           55800 kB
Cached:           352156 kB
MemTotal:        1844596 kB
MemFree:         1242748 kB
MemAvailable:    1529900 kB
Buffers:           55800 kB
Cached:           352156 kB
MemTotal:        1844596 kB
MemFree:         1242624 kB
MemAvailable:    1529776 kB
Buffers:           55800 kB
Cached:           352156 kB
MemTotal:        1844596 kB
MemFree:         1241244 kB
MemAvailable:    1528396 kB
Buffers:           55800 kB
Cached:           352156 kB
MemTotal:        1844596 kB
MemFree:         1242552 kB
MemAvailable:    1529704 kB
Buffers:           55800 kB
Cached:           352156 kB
MemTotal:        1844596 kB
MemFree:         1242504 kB
MemAvailable:    1529656 kB
Buffers:           55800 kB
Cached:           352156 kB
MemTotal:        1844596 kB
MemFree:         1241072 kB
MemAvailable:    1528224 kB
Buffers:           55800 kB
Cached:           352156 kB
MemTotal:        1844596 kB
MemFree:         1241240 kB
MemAvailable:    1528392 kB
Buffers:           55800 kB
Cached:           352156 kB
MemTotal:        1844596 kB
MemFree:         1241108 kB
MemAvailable:    1528260 kB
Buffers:           55800 kB
Cached:           352156 kB
MemTotal:        1844596 kB
MemFree:         1242432 kB
MemAvailable:    1529584 kB
Buffers:           55800 kB
Cached:           352156 kB
MemTotal:        1844596 kB
MemFree:         1242428 kB
MemAvailable:    1529584 kB
Buffers:           55800 kB
Cached:           352160 kB
MemTotal:        1844596 kB
MemFree:         1241348 kB
MemAvailable:    1528504 kB
Buffers:           55800 kB
Cached:           352160 kB
MemTotal:        1844596 kB
MemFree:         1243676 kB
MemAvailable:    1530832 kB
Buffers:           55800 kB
Cached:           352160 kB
MemTotal:        1844596 kB
MemFree:         1243444 kB
MemAvailable:    1530600 kB
Buffers:           55800 kB
Cached:           352160 kB
MemTotal:        1844596 kB
MemFree:         1242864 kB
MemAvailable:    1530024 kB
Buffers:           55800 kB
Cached:           352164 kB
MemTotal:        1844596 kB
MemFree:         1241584 kB
MemAvailable:    1528744 kB
Buffers:           55800 kB
Cached:           352164 kB
MemTotal:        1844596 kB
MemFree:         1239592 kB
MemAvailable:    1526752 kB
Buffers:           55800 kB
Cached:           352164 kB
MemTotal:        1844596 kB
MemFree:         1240324 kB
MemAvailable:    1527484 kB
Buffers:           55800 kB
Cached:           352164 kB
MemTotal:        1844596 kB
MemFree:         1240128 kB
MemAvailable:    1527288 kB
Buffers:           55800 kB
Cached:           352164 kB
MemTotal:        1844596 kB
MemFree:         1239584 kB
MemAvailable:    1526744 kB
Buffers:           55800 kB
Cached:           352164 kB
MemTotal:        1844596 kB
MemFree:         1238276 kB
MemAvailable:    1525436 kB
Buffers:           55800 kB
Cached:           352164 kB
MemTotal:        1844596 kB
MemFree:         1238160 kB
MemAvailable:    1525320 kB
Buffers:           55800 kB
Cached:           352164 kB
MemTotal:        1844596 kB
MemFree:         1237416 kB
MemAvailable:    1524576 kB
Buffers:           55800 kB
Cached:           352164 kB
MemTotal:        1844596 kB
MemFree:         1237408 kB
MemAvailable:    1524568 kB
Buffers:           55800 kB
Cached:           352164 kB
MemTotal:        1844596 kB
MemFree:         1237464 kB
MemAvailable:    1524624 kB
Buffers:           55800 kB
Cached:           352164 kB
MemTotal:        1844596 kB
MemFree:         1236840 kB
MemAvailable:    1524000 kB
Buffers:           55800 kB
Cached:           352164 kB
MemTotal:        1844596 kB
MemFree:         1238148 kB
MemAvailable:    1525308 kB
Buffers:           55800 kB
Cached:           352164 kB
MemTotal:        1844596 kB
MemFree:         1237344 kB
MemAvailable:    1524504 kB
Buffers:           55800 kB
Cached:           352164 kB
MemTotal:        1844596 kB
MemFree:         1238072 kB
MemAvailable:    1525232 kB
Buffers:           55800 kB
Cached:           352164 kB
MemTotal:        1844596 kB
MemFree:         1236584 kB
MemAvailable:    1523744 kB
Buffers:           55800 kB
Cached:           352164 kB
MemTotal:        1844596 kB
MemFree:         1237972 kB
MemAvailable:    1525132 kB
Buffers:           55800 kB
Cached:           352164 kB
MemTotal:        1844596 kB
MemFree:         1237664 kB
MemAvailable:    1524824 kB
Buffers:           55800 kB
Cached:           352164 kB
MemTotal:        1844596 kB
MemFree:         1236160 kB
MemAvailable:    1523320 kB
Buffers:           55800 kB
Cached:           352164 kB
MemTotal:        1844596 kB
MemFree:         1237276 kB
MemAvailable:    1524436 kB
Buffers:           55800 kB
Cached:           352164 kB
MemTotal:        1844596 kB
MemFree:         1237216 kB
MemAvailable:    1524376 kB
Buffers:           55800 kB
Cached:           352164 kB
MemTotal:        1844596 kB
MemFree:         1236108 kB
MemAvailable:    1523268 kB
Buffers:           55800 kB
Cached:           352164 kB
MemTotal:        1844596 kB
MemFree:         1237224 kB
MemAvailable:    1524384 kB
Buffers:           55800 kB
Cached:           352164 kB
MemTotal:        1844596 kB
MemFree:         1237196 kB
MemAvailable:    1524356 kB
Buffers:           55800 kB
Cached:           352164 kB
MemTotal:        1844596 kB
MemFree:         1237256 kB
MemAvailable:    1524416 kB
Buffers:           55800 kB
Cached:           352164 kB
MemTotal:        1844596 kB
MemFree:         1235884 kB
MemAvailable:    1523044 kB
Buffers:           55800 kB
Cached:           352164 kB
MemTotal:        1844596 kB
MemFree:         1236008 kB
MemAvailable:    1523168 kB
Buffers:           55800 kB
Cached:           352164 kB
MemTotal:        1844596 kB
MemFree:         1236008 kB
MemAvailable:    1523168 kB
Buffers:           55800 kB
Cached:           352164 kB
MemTotal:        1844596 kB
MemFree:         1236008 kB
MemAvailable:    1523168 kB
Buffers:           55800 kB
Cached:           352164 kB
MemTotal:        1844596 kB
MemFree:         1236000 kB
MemAvailable:    1523160 kB
Buffers:           55800 kB
Cached:           352164 kB
MemTotal:        1844596 kB
MemFree:         1236664 kB
MemAvailable:    1523824 kB
Buffers:           55800 kB
Cached:           352164 kB
MemTotal:        1844596 kB
MemFree:         1237104 kB
MemAvailable:    1524264 kB
Buffers:           55800 kB
Cached:           352164 kB
MemTotal:        1844596 kB
MemFree:         1235608 kB
MemAvailable:    1522768 kB
Buffers:           55800 kB
Cached:           352164 kB
MemTotal:        1844596 kB
MemFree:         1236652 kB
MemAvailable:    1523812 kB
Buffers:           55800 kB
Cached:           352164 kB
MemTotal:        1844596 kB
MemFree:         1236608 kB
MemAvailable:    1523768 kB
Buffers:           55800 kB
Cached:           352164 kB
MemTotal:        1844596 kB
MemFree:         1236052 kB
MemAvailable:    1523212 kB
Buffers:           55800 kB
Cached:           352164 kB
MemTotal:        1844596 kB
MemFree:         1236236 kB
MemAvailable:    1523396 kB
Buffers:           55800 kB
Cached:           352164 kB
MemTotal:        1844596 kB
MemFree:         1235004 kB
MemAvailable:    1522164 kB
Buffers:           55800 kB
Cached:           352164 kB
MemTotal:        1844596 kB
MemFree:         1235128 kB
MemAvailable:    1522288 kB
Buffers:           55800 kB
Cached:           352164 kB
MemTotal:        1844596 kB
MemFree:         1236220 kB
MemAvailable:    1523380 kB
Buffers:           55800 kB
Cached:           352164 kB
MemTotal:        1844596 kB
MemFree:         1236304 kB
MemAvailable:    1523464 kB
Buffers:           55800 kB
Cached:           352164 kB
MemTotal:        1844596 kB
MemFree:         1236252 kB
MemAvailable:    1523412 kB
Buffers:           55800 kB
Cached:           352164 kB
MemTotal:        1844596 kB
MemFree:         1235616 kB
MemAvailable:    1522776 kB
Buffers:           55800 kB
Cached:           352164 kB
MemTotal:        1844596 kB
MemFree:         1235108 kB
MemAvailable:    1522268 kB
Buffers:           55800 kB
Cached:           352164 kB
MemTotal:        1844596 kB
MemFree:         1236300 kB
MemAvailable:    1523460 kB
Buffers:           55800 kB
Cached:           352164 kB
MemTotal:        1844596 kB
MemFree:         1236360 kB
MemAvailable:    1523520 kB
Buffers:           55800 kB
Cached:           352164 kB
MemTotal:        1844596 kB
MemFree:         1235052 kB
MemAvailable:    1522212 kB
Buffers:           55800 kB
Cached:           352164 kB
MemTotal:        1844596 kB
MemFree:         1234688 kB
MemAvailable:    1521848 kB
Buffers:           55800 kB
Cached:           352164 kB
MemTotal:        1844596 kB
MemFree:         1233200 kB
MemAvailable:    1520360 kB
Buffers:           55800 kB
Cached:           352164 kB
MemTotal:        1844596 kB
MemFree:         1230720 kB
MemAvailable:    1517880 kB
Buffers:           55800 kB
Cached:           352164 kB
MemTotal:        1844596 kB
MemFree:         1229084 kB
MemAvailable:    1516244 kB
Buffers:           55800 kB
Cached:           352164 kB
MemTotal:        1844596 kB
MemFree:         1229336 kB
MemAvailable:    1516496 kB
Buffers:           55800 kB
Cached:           352164 kB
MemTotal:        1844596 kB
MemFree:         1228216 kB
MemAvailable:    1515376 kB
Buffers:           55800 kB
Cached:           352164 kB
MemTotal:        1844596 kB
MemFree:         1228300 kB
MemAvailable:    1515460 kB
Buffers:           55800 kB
Cached:           352164 kB
MemTotal:        1844596 kB
MemFree:         1228376 kB
MemAvailable:    1515536 kB
Buffers:           55800 kB
Cached:           352164 kB
MemTotal:        1844596 kB
MemFree:         1228288 kB
MemAvailable:    1515448 kB
Buffers:           55800 kB
Cached:           352164 kB
MemTotal:        1844596 kB
MemFree:         1226992 kB
MemAvailable:    1514152 kB
Buffers:           55800 kB
Cached:           352164 kB
MemTotal:        1844596 kB
MemFree:         1228316 kB
MemAvailable:    1515476 kB
Buffers:           55800 kB
Cached:           352164 kB
MemTotal:        1844596 kB
MemFree:         1228292 kB
MemAvailable:    1515452 kB
Buffers:           55800 kB
Cached:           352164 kB
MemTotal:        1844596 kB
MemFree:         1228376 kB
MemAvailable:    1515536 kB
Buffers:           55800 kB
Cached:           352164 kB
MemTotal:        1844596 kB
MemFree:         1228196 kB
MemAvailable:    1515356 kB
Buffers:           55800 kB
Cached:           352164 kB
MemTotal:        1844596 kB
MemFree:         1228448 kB
MemAvailable:    1515608 kB
Buffers:           55800 kB
Cached:           352164 kB
MemTotal:        1844596 kB
MemFree:         1227056 kB
MemAvailable:    1514216 kB
Buffers:           55800 kB
Cached:           352164 kB
MemTotal:        1844596 kB
MemFree:         1227816 kB
MemAvailable:    1514976 kB
Buffers:           55800 kB
Cached:           352164 kB
MemTotal:        1844596 kB
MemFree:         1228296 kB
MemAvailable:    1515456 kB
Buffers:           55800 kB
Cached:           352164 kB
MemTotal:        1844596 kB
MemFree:         1228352 kB
MemAvailable:    1515512 kB
Buffers:           55800 kB
Cached:           352164 kB
MemTotal:        1844596 kB
MemFree:         1227044 kB
MemAvailable:    1514204 kB
Buffers:           55800 kB
Cached:           352164 kB
MemTotal:        1844596 kB
MemFree:         1227044 kB
MemAvailable:    1514204 kB
Buffers:           55800 kB
Cached:           352164 kB
MemTotal:        1844596 kB
MemFree:         1228344 kB
MemAvailable:    1515504 kB
Buffers:           55800 kB
Cached:           352164 kB
MemTotal:        1844596 kB
MemFree:         1226740 kB
MemAvailable:    1513900 kB
Buffers:           55800 kB
Cached:           352164 kB
MemTotal:        1844596 kB
MemFree:         1226752 kB
MemAvailable:    1513916 kB
Buffers:           55800 kB
Cached:           352168 kB
MemTotal:        1844596 kB
MemFree:         1227852 kB
MemAvailable:    1515016 kB
Buffers:           55800 kB
Cached:           352168 kB
MemTotal:        1844596 kB
MemFree:         1227308 kB
MemAvailable:    1514472 kB
Buffers:           55800 kB
Cached:           352168 kB
MemTotal:        1844596 kB
MemFree:         1226936 kB
MemAvailable:    1514100 kB
Buffers:           55800 kB
Cached:           352168 kB
MemTotal:        1844596 kB
MemFree:         1225364 kB
MemAvailable:    1512528 kB
Buffers:           55800 kB
Cached:           352168 kB
MemTotal:        1844596 kB
MemFree:         1225504 kB
MemAvailable:    1512668 kB
Buffers:           55800 kB
Cached:           352168 kB
MemTotal:        1844596 kB
MemFree:         1226504 kB
MemAvailable:    1513668 kB
Buffers:           55800 kB
Cached:           352168 kB
MemTotal:        1844596 kB
MemFree:         1224388 kB
MemAvailable:    1511552 kB
Buffers:           55800 kB
Cached:           352168 kB
MemTotal:        1844596 kB
MemFree:         1225380 kB
MemAvailable:    1512544 kB
Buffers:           55800 kB
Cached:           352168 kB
MemTotal:        1844596 kB
MemFree:         1224604 kB
MemAvailable:    1511768 kB
Buffers:           55800 kB
Cached:           352168 kB
MemTotal:        1844596 kB
MemFree:         1224948 kB
MemAvailable:    1512112 kB
Buffers:           55800 kB
Cached:           352168 kB
MemTotal:        1844596 kB
MemFree:         1224892 kB
MemAvailable:    1512056 kB
Buffers:           55800 kB
Cached:           352168 kB
MemTotal:        1844596 kB
MemFree:         1224696 kB
MemAvailable:    1511860 kB
Buffers:           55800 kB
Cached:           352168 kB
MemTotal:        1844596 kB
MemFree:         1224760 kB
MemAvailable:    1511924 kB
Buffers:           55800 kB
Cached:           352168 kB
MemTotal:        1844596 kB
MemFree:         1223388 kB
MemAvailable:    1510552 kB
Buffers:           55800 kB
Cached:           352168 kB
MemTotal:        1844596 kB
MemFree:         1223280 kB
MemAvailable:    1510444 kB
Buffers:           55800 kB
Cached:           352168 kB
MemTotal:        1844596 kB
MemFree:         1223396 kB
MemAvailable:    1510560 kB
Buffers:           55800 kB
Cached:           352168 kB
MemTotal:        1844596 kB
MemFree:         1223272 kB
MemAvailable:    1510440 kB
Buffers:           55800 kB
Cached:           352172 kB
MemTotal:        1844596 kB
MemFree:         1223404 kB
MemAvailable:    1510572 kB
Buffers:           55800 kB
Cached:           352172 kB
MemTotal:        1844596 kB
MemFree:         1223404 kB
MemAvailable:    1510572 kB
Buffers:           55800 kB
Cached:           352172 kB
MemTotal:        1844596 kB
MemFree:         1223404 kB
MemAvailable:    1510576 kB
Buffers:           55800 kB
Cached:           352176 kB
MemTotal:        1844596 kB
MemFree:         1224680 kB
MemAvailable:    1511852 kB
Buffers:           55800 kB
Cached:           352176 kB
MemTotal:        1844596 kB
MemFree:         1223404 kB
MemAvailable:    1510576 kB
Buffers:           55800 kB
Cached:           352176 kB
MemTotal:        1844596 kB
MemFree:         1224084 kB
MemAvailable:    1511256 kB
Buffers:           55800 kB
Cached:           352176 kB
MemTotal:        1844596 kB
MemFree:         1223752 kB
MemAvailable:    1510924 kB
Buffers:           55800 kB
Cached:           352176 kB
MemTotal:        1844596 kB
MemFree:         1223752 kB
MemAvailable:    1510924 kB
Buffers:           55800 kB
Cached:           352176 kB
MemTotal:        1844596 kB
MemFree:         1219560 kB
MemAvailable:    1506732 kB
Buffers:           55800 kB
Cached:           352176 kB
MemTotal:        1844596 kB
MemFree:         1214908 kB
MemAvailable:    1502080 kB
Buffers:           55800 kB
Cached:           352176 kB
MemTotal:        1844596 kB
MemFree:         1213980 kB
MemAvailable:    1501152 kB
Buffers:           55800 kB
Cached:           352176 kB
MemTotal:        1844596 kB
MemFree:         1214420 kB
MemAvailable:    1501676 kB
Buffers:           55800 kB
Cached:           352300 kB
MemTotal:        1844596 kB
MemFree:         1214420 kB
MemAvailable:    1501844 kB
Buffers:           55800 kB
Cached:           352424 kB
MemTotal:        1844596 kB
MemFree:         1212660 kB
MemAvailable:    1500168 kB
Buffers:           55800 kB
Cached:           352548 kB
MemTotal:        1844596 kB
MemFree:         1214216 kB
MemAvailable:    1501724 kB
Buffers:           55800 kB
Cached:           352548 kB
MemTotal:        1844596 kB
MemFree:         1213908 kB
MemAvailable:    1501500 kB
Buffers:           55800 kB
Cached:           352672 kB
MemTotal:        1844596 kB
MemFree:         1213560 kB
MemAvailable:    1501152 kB
Buffers:           55800 kB
Cached:           352672 kB
MemTotal:        1844596 kB
MemFree:         1212680 kB
MemAvailable:    1500440 kB
Buffers:           55800 kB
Cached:           352796 kB
MemTotal:        1844596 kB
MemFree:         1212680 kB
MemAvailable:    1500440 kB
Buffers:           55800 kB
Cached:           352796 kB
MemTotal:        1844596 kB
MemFree:         1212928 kB
MemAvailable:    1500688 kB
Buffers:           55800 kB
Cached:           352796 kB
MemTotal:        1844596 kB
MemFree:         1213832 kB
MemAvailable:    1501592 kB
Buffers:           55800 kB
Cached:           352796 kB
MemTotal:        1844596 kB
MemFree:         1213832 kB
MemAvailable:    1501592 kB
Buffers:           55800 kB
Cached:           352796 kB
MemTotal:        1844596 kB
MemFree:         1213916 kB
MemAvailable:    1501676 kB
Buffers:           55800 kB
Cached:           352796 kB
MemTotal:        1844596 kB
MemFree:         1213744 kB
MemAvailable:    1501504 kB
Buffers:           55800 kB
Cached:           352796 kB
MemTotal:        1844596 kB
MemFree:         1213784 kB
MemAvailable:    1501544 kB
Buffers:           55800 kB
Cached:           352796 kB
MemTotal:        1844596 kB
MemFree:         1213844 kB
MemAvailable:    1501604 kB
Buffers:           55800 kB
Cached:           352796 kB
MemTotal:        1844596 kB
MemFree:         1212668 kB
MemAvailable:    1500512 kB
Buffers:           55800 kB
Cached:           352920 kB
MemTotal:        1844596 kB
MemFree:         1212668 kB
MemAvailable:    1500512 kB
Buffers:           55800 kB
Cached:           352920 kB
MemTotal:        1844596 kB
MemFree:         1214372 kB
MemAvailable:    1501632 kB
Buffers:           55800 kB
Cached:           352124 kB
MemTotal:        1844596 kB
MemFree:         1214384 kB
MemAvailable:    1501644 kB
Buffers:           55800 kB
Cached:           352124 kB
MemTotal:        1844596 kB
MemFree:         1285860 kB
MemAvailable:    1573120 kB
Buffers:           55800 kB
Cached:           352124 kB
