MemTotal:        1844596 kB
MemFree:         1285456 kB
MemAvailable:    1554660 kB
Buffers:           53528 kB
Cached:           338004 kB
MemTotal:        1844596 kB
MemFree:         1282604 kB
MemAvailable:    1551808 kB
Buffers:           53528 kB
Cached:           338004 kB
MemTotal:        1844596 kB
MemFree:         1280364 kB
MemAvailable:    1549568 kB
Buffers:           53528 kB
Cached:           338004 kB
MemTotal:        1844596 kB
MemFree:         1277992 kB
MemAvailable:    1547196 kB
Buffers:           53528 kB
Cached:           338004 kB
MemTotal:        1844596 kB
MemFree:         1277248 kB
MemAvailable:    1546452 kB
Buffers:           53528 kB
Cached:           338004 kB
MemTotal:        1844596 kB
MemFree:         1278564 kB
MemAvailable:    1547768 kB
Buffers:           53528 kB
Cached:           338004 kB
MemTotal:        1844596 kB
MemFree:         1277696 kB
MemAvailable:    1546900 kB
Buffers:           53528 kB
Cached:           338004 kB
MemTotal:        1844596 kB
MemFree:         1274644 kB
MemAvailable:    1543848 kB
Buffers:           53528 kB
Cached:           338004 kB
MemTotal:        1844596 kB
MemFree:         1274536 kB
MemAvailable:    1543740 kB
Buffers:           53528 kB
Cached:           338004 kB
MemTotal:        1844596 kB
MemFree:         1269684 kB
MemAvailable:    1538888 kB
Buffers:           53528 kB
Cached:           338004 kB
MemTotal:        1844596 kB
MemFree:         1269684 kB
MemAvailable:    1538888 kB
Buffers:           53528 kB
Cached:           338004 kB
MemTotal:        1844596 kB
MemFree:         1267380 kB
MemAvailable:    1536584 kB
Buffers:           53528 kB
Cached:           338004 kB
MemTotal:        1844596 kB
MemFree:         1268596 kB
MemAvailable:    1537800 kB
Buffers:           53528 kB
Cached:           338004 kB
MemTotal:        1844596 kB
MemFree:         1267704 kB
MemAvailable:    1536908 kB
Buffers:           53528 kB
Cached:           338004 kB
MemTotal:        1844596 kB
MemFree:         1267456 kB
MemAvailable:    1536660 kB
Buffers:           53528 kB
Cached:           338004 kB
MemTotal:        1844596 kB
MemFree:         1268036 kB
MemAvailable:    1537240 kB
Buffers:           53528 kB
Cached:           338004 kB
MemTotal:        1844596 kB
MemFree:         1268892 kB
MemAvailable:    1538096 kB
Buffers:           53528 kB
Cached:           338004 kB
MemTotal:        1844596 kB
MemFree:         1267220 kB
MemAvailable:    1536424 kB
Buffers:           53528 kB
Cached:           338004 kB
MemTotal:        1844596 kB
MemFree:         1267044 kB
MemAvailable:    1536248 kB
Buffers:           53528 kB
Cached:           338004 kB
MemTotal:        1844596 kB
MemFree:         1266228 kB
MemAvailable:    1535432 kB
Buffers:           53528 kB
Cached:           338004 kB
MemTotal:        1844596 kB
MemFree:         1265236 kB
MemAvailable:    1534440 kB
Buffers:           53528 kB
Cached:           338004 kB
MemTotal:        1844596 kB
MemFree:         1265928 kB
MemAvailable:    1535132 kB
Buffers:           53528 kB
Cached:           338004 kB
MemTotal:        1844596 kB
MemFree:         1266064 kB
MemAvailable:    1535268 kB
Buffers:           53528 kB
Cached:           338004 kB
MemTotal:        1844596 kB
MemFree:         1266400 kB
MemAvailable:    1535604 kB
Buffers:           53528 kB
Cached:           338004 kB
MemTotal:        1844596 kB
MemFree:         1264908 kB
MemAvailable:    1534112 kB
Buffers:           53528 kB
Cached:           338004 kB
MemTotal:        1844596 kB
MemFree:         1265988 kB
MemAvailable:    1535192 kB
Buffers:           53528 kB
Cached:           338004 kB
MemTotal:        1844596 kB
MemFree:         1265908 kB
MemAvailable:    1535112 kB
Buffers:           53528 kB
Cached:           338004 kB
MemTotal:        1844596 kB
MemFree:         1266160 kB
MemAvailable:    1535364 kB
Buffers:           53528 kB
Cached:           338004 kB
MemTotal:        1844596 kB
MemFree:         1266024 kB
MemAvailable:    1535228 kB
Buffers:           53528 kB
Cached:           338004 kB
MemTotal:        1844596 kB
MemFree:         1266192 kB
MemAvailable:    1535396 kB
Buffers:           53528 kB
Cached:           338004 kB
MemTotal:        1844596 kB
MemFree:         1266352 kB
MemAvailable:    1535556 kB
Buffers:           53528 kB
Cached:           338004 kB
MemTotal:        1844596 kB
MemFree:         1267576 kB
MemAvailable:    1536780 kB
Buffers:           53528 kB
Cached:           338004 kB
MemTotal:        1844596 kB
MemFree:         1267828 kB
MemAvailable:    1537032 kB
Buffers:           53528 kB
Cached:           338004 kB
MemTotal:        1844596 kB
MemFree:         1264840 kB
MemAvailable:    1534044 kB
Buffers:           53528 kB
Cached:           338004 kB
MemTotal:        1844596 kB
MemFree:         1264840 kB
MemAvailable:    1534044 kB
Buffers:           53528 kB
Cached:           338004 kB
MemTotal:        1844596 kB
MemFree:         1262748 kB
MemAvailable:    1531952 kB
Buffers:           53528 kB
Cached:           338004 kB
MemTotal:        1844596 kB
MemFree:         1262252 kB
MemAvailable:    1531456 kB
Buffers:           53528 kB
Cached:           338004 kB
MemTotal:        1844596 kB
MemFree:         1262260 kB
MemAvailable:    1531464 kB
Buffers:           53528 kB
Cached:           338004 kB
MemTotal:        1844596 kB
MemFree:         1262692 kB
MemAvailable:    1531896 kB
Buffers:           53528 kB
Cached:           338004 kB
MemTotal:        1844596 kB
MemFree:         1261384 kB
MemAvailable:    1530588 kB
Buffers:           53528 kB
Cached:           338004 kB
MemTotal:        1844596 kB
MemFree:         1262176 kB
MemAvailable:    1531380 kB
Buffers:           53528 kB
Cached:           338004 kB
MemTotal:        1844596 kB
MemFree:         1262260 kB
MemAvailable:    1531464 kB
Buffers:           53528 kB
Cached:           338004 kB
MemTotal:        1844596 kB
MemFree:         1262052 kB
MemAvailable:    1531256 kB
Buffers:           53528 kB
Cached:           338004 kB
MemTotal:        1844596 kB
MemFree:         1262200 kB
MemAvailable:    1531404 kB
Buffers:           53528 kB
Cached:           338004 kB
MemTotal:        1844596 kB
MemFree:         1262172 kB
MemAvailable:    1531376 kB
Buffers:           53528 kB
Cached:           338004 kB
MemTotal:        1844596 kB
MemFree:         1261980 kB
MemAvailable:    1531184 kB
Buffers:           53528 kB
Cached:           338004 kB
MemTotal:        1844596 kB
MemFree:         1260476 kB
MemAvailable:    1529680 kB
Buffers:           53528 kB
Cached:           338004 kB
MemTotal:        1844596 kB
MemFree:         1261500 kB
MemAvailable:    1530704 kB
Buffers:           53528 kB
Cached:           338004 kB
MemTotal:        1844596 kB
MemFree:         1261752 kB
MemAvailable:    1530956 kB
Buffers:           53528 kB
Cached:           338004 kB
MemTotal:        1844596 kB
MemFree:         1261340 kB
MemAvailable:    1530544 kB
Buffers:           53528 kB
Cached:           338004 kB
MemTotal:        1844596 kB
MemFree:         1261128 kB
MemAvailable:    1530332 kB
Buffers:           53528 kB
Cached:           338004 kB
MemTotal:        1844596 kB
MemFree:         1261212 kB
MemAvailable:    1530416 kB
Buffers:           53528 kB
Cached:           338004 kB
MemTotal:        1844596 kB
MemFree:         1261176 kB
MemAvailable:    1530380 kB
Buffers:           53528 kB
Cached:           338004 kB
MemTotal:        1844596 kB
MemFree:         1261248 kB
MemAvailable:    1530452 kB
Buffers:           53528 kB
Cached:           338004 kB
MemTotal:        1844596 kB
MemFree:         1259828 kB
MemAvailable:    1529032 kB
Buffers:           53528 kB
Cached:           338004 kB
MemTotal:        1844596 kB
MemFree:         1260400 kB
MemAvailable:    1529604 kB
Buffers:           53528 kB
Cached:           338004 kB
MemTotal:        1844596 kB
MemFree:         1261276 kB
MemAvailable:    1530480 kB
Buffers:           53528 kB
Cached:           338004 kB
MemTotal:        1844596 kB
MemFree:         1261444 kB
MemAvailable:    1530648 kB
Buffers:           53528 kB
Cached:           338004 kB
MemTotal:        1844596 kB
MemFree:         1261204 kB
MemAvailable:    1530416 kB
Buffers:           53528 kB
Cached:           338012 kB
MemTotal:        1844596 kB
MemFree:         1261156 kB
MemAvailable:    1530368 kB
Buffers:           53528 kB
Cached:           338012 kB
MemTotal:        1844596 kB
MemFree:         1260028 kB
MemAvailable:    1529240 kB
Buffers:           53528 kB
Cached:           338012 kB
MemTotal:        1844596 kB
MemFree:         1260632 kB
MemAvailable:    1529844 kB
Buffers:           53528 kB
Cached:           338012 kB
MemTotal:        1844596 kB
MemFree:         1260968 kB
MemAvailable:    1530180 kB
Buffers:           53528 kB
Cached:           338012 kB
MemTotal:        1844596 kB
MemFree:         1260484 kB
MemAvailable:    1529696 kB
Buffers:           53528 kB
Cached:           338012 kB
MemTotal:        1844596 kB
MemFree:         1260484 kB
MemAvailable:    1529696 kB
Buffers:           53528 kB
Cached:           338012 kB
MemTotal:        1844596 kB
MemFree:         1259080 kB
MemAvailable:    1528292 kB
Buffers:           53528 kB
Cached:           338012 kB
MemTotal:        1844596 kB
MemFree:         1259524 kB
MemAvailable:    1528736 kB
Buffers:           53528 kB
Cached:           338012 kB
MemTotal:        1844596 kB
MemFree:         1260072 kB
MemAvailable:    1529284 kB
Buffers:           53528 kB
Cached:           338012 kB
MemTotal:        1844596 kB
MemFree:         1258964 kB
MemAvailable:    1528176 kB
Buffers:           53528 kB
Cached:           338012 kB
MemTotal:        1844596 kB
MemFree:         1260260 kB
MemAvailable:    1529472 kB
Buffers:           53528 kB
Cached:           338012 kB
MemTotal:        1844596 kB
MemFree:         1260472 kB
MemAvailable:    1529684 kB
Buffers:           53528 kB
Cached:           338012 kB
MemTotal:        1844596 kB
MemFree:         1258972 kB
MemAvailable:    1528184 kB
Buffers:           53528 kB
Cached:           338012 kB
MemTotal:        1844596 kB
MemFree:         1260512 kB
MemAvailable:    1529724 kB
Buffers:           53528 kB
Cached:           338012 kB
MemTotal:        1844596 kB
MemFree:         1260276 kB
MemAvailable:    1529488 kB
Buffers:           53528 kB
Cached:           338012 kB
MemTotal:        1844596 kB
MemFree:         1259532 kB
MemAvailable:    1528744 kB
Buffers:           53528 kB
Cached:           338012 kB
MemTotal:        1844596 kB
MemFree:         1260096 kB
MemAvailable:    1529308 kB
Buffers:           53528 kB
Cached:           338012 kB
MemTotal:        1844596 kB
MemFree:         1258664 kB
MemAvailable:    1527876 kB
Buffers:           53528 kB
Cached:           338012 kB
MemTotal:        1844596 kB
MemFree:         1256680 kB
MemAvailable:    1525892 kB
Buffers:           53528 kB
Cached:           338012 kB
MemTotal:        1844596 kB
MemFree:         1255500 kB
MemAvailable:    1524712 kB
Buffers:           53528 kB
Cached:           338012 kB
MemTotal:        1844596 kB
MemFree:         1252772 kB
MemAvailable:    1521984 kB
Buffers:           53528 kB
Cached:           338012 kB
MemTotal:        1844596 kB
MemFree:         1251464 kB
MemAvailable:    1520676 kB
Buffers:           53528 kB
Cached:           338012 kB
MemTotal:        1844596 kB
MemFree:         1252316 kB
MemAvailable:    1521528 kB
Buffers:           53528 kB
Cached:           338012 kB
MemTotal:        1844596 kB
MemFree:         1252316 kB
MemAvailable:    1521528 kB
Buffers:           53528 kB
Cached:           338012 kB
MemTotal:        1844596 kB
MemFree:         1252412 kB
MemAvailable:    1521624 kB
Buffers:           53528 kB
Cached:           338012 kB
MemTotal:        1844596 kB
MemFree:         1252316 kB
MemAvailable:    1521528 kB
Buffers:           53528 kB
Cached:           338012 kB
MemTotal:        1844596 kB
MemFree:         1252568 kB
MemAvailable:    1521780 kB
Buffers:           53528 kB
Cached:           338012 kB
MemTotal:        1844596 kB
MemFree:         1251044 kB
MemAvailable:    1520256 kB
Buffers:           53528 kB
Cached:           338012 kB
MemTotal:        1844596 kB
MemFree:         1252436 kB
MemAvailable:    1521648 kB
Buffers:           53528 kB
Cached:           338012 kB
MemTotal:        1844596 kB
MemFree:         1252340 kB
MemAvailable:    1521552 kB
Buffers:           53528 kB
Cached:           338012 kB
MemTotal:        1844596 kB
MemFree:         1251156 kB
MemAvailable:    1520368 kB
Buffers:           53528 kB
Cached:           338012 kB
MemTotal:        1844596 kB
MemFree:         1252276 kB
MemAvailable:    1521488 kB
Buffers:           53528 kB
Cached:           338012 kB
MemTotal:        1844596 kB
MemFree:         1252276 kB
MemAvailable:    1521488 kB
Buffers:           53528 kB
Cached:           338012 kB
MemTotal:        1844596 kB
MemFree:         1251596 kB
MemAvailable:    1520808 kB
Buffers:           53528 kB
Cached:           338012 kB
MemTotal:        1844596 kB
MemFree:         1252264 kB
MemAvailable:    1521476 kB
Buffers:           53528 kB
Cached:           338012 kB
MemTotal:        1844596 kB
MemFree:         1252216 kB
MemAvailable:    1521428 kB
Buffers:           53528 kB
Cached:           338012 kB
MemTotal:        1844596 kB
MemFree:         1252020 kB
MemAvailable:    1521232 kB
Buffers:           53528 kB
Cached:           338012 kB
MemTotal:        1844596 kB
MemFree:         1250588 kB
MemAvailable:    1519800 kB
Buffers:           53528 kB
Cached:           338012 kB
MemTotal:        1844596 kB
MemFree:         1251408 kB
MemAvailable:    1520620 kB
Buffers:           53528 kB
Cached:           338012 kB
MemTotal:        1844596 kB
MemFree:         1251144 kB
MemAvailable:    1520356 kB
Buffers:           53528 kB
Cached:           338012 kB
MemTotal:        1844596 kB
MemFree:         1250588 kB
MemAvailable:    1519800 kB
Buffers:           53528 kB
Cached:           338012 kB
MemTotal:        1844596 kB
MemFree:         1250924 kB
MemAvailable:    1520136 kB
Buffers:           53528 kB
Cached:           338012 kB
MemTotal:        1844596 kB
MemFree:         1250712 kB
MemAvailable:    1519924 kB
Buffers:           53528 kB
Cached:           338012 kB
MemTotal:        1844596 kB
MemFree:         1249340 kB
MemAvailable:    1518552 kB
Buffers:           53528 kB
Cached:           338012 kB
MemTotal:        1844596 kB
MemFree:         1249592 kB
MemAvailable:    1518804 kB
Buffers:           53528 kB
Cached:           338012 kB
MemTotal:        1844596 kB
MemFree:         1248604 kB
MemAvailable:    1517816 kB
Buffers:           53528 kB
Cached:           338012 kB
MemTotal:        1844596 kB
MemFree:         1248072 kB
MemAvailable:    1517284 kB
Buffers:           53528 kB
Cached:           338012 kB
MemTotal:        1844596 kB
MemFree:         1248992 kB
MemAvailable:    1518208 kB
Buffers:           53528 kB
Cached:           338016 kB
MemTotal:        1844596 kB
MemFree:         1247752 kB
MemAvailable:    1516968 kB
Buffers:           53528 kB
Cached:           338016 kB
MemTotal:        1844596 kB
MemFree:         1248752 kB
MemAvailable:    1517968 kB
Buffers:           53528 kB
Cached:           338016 kB
MemTotal:        1844596 kB
MemFree:         1248728 kB
MemAvailable:    1517944 kB
Buffers:           53528 kB
Cached:           338016 kB
MemTotal:        1844596 kB
MemFree:         1247316 kB
MemAvailable:    1516532 kB
Buffers:           53528 kB
Cached:           338016 kB
MemTotal:        1844596 kB
MemFree:         1248532 kB
MemAvailable:    1517748 kB
Buffers:           53528 kB
Cached:           338016 kB
MemTotal:        1844596 kB
MemFree:         1248784 kB
MemAvailable:    1518000 kB
Buffers:           53528 kB
Cached:           338016 kB
MemTotal:        1844596 kB
MemFree:         1248548 kB
MemAvailable:    1517764 kB
Buffers:           53528 kB
Cached:           338016 kB
MemTotal:        1844596 kB
MemFree:         1247504 kB
MemAvailable:    1516720 kB
Buffers:           53528 kB
Cached:           338016 kB
MemTotal:        1844596 kB
MemFree:         1248212 kB
MemAvailable:    1517428 kB
Buffers:           53528 kB
Cached:           338016 kB
MemTotal:        1844596 kB
MemFree:         1248548 kB
MemAvailable:    1517764 kB
Buffers:           53528 kB
Cached:           338016 kB
MemTotal:        1844596 kB
MemFree:         1248372 kB
MemAvailable:    1517588 kB
Buffers:           53528 kB
Cached:           338016 kB
MemTotal:        1844596 kB
MemFree:         1248472 kB
MemAvailable:    1517688 kB
Buffers:           53528 kB
Cached:           338016 kB
MemTotal:        1844596 kB
MemFree:         1248060 kB
MemAvailable:    1517276 kB
Buffers:           53528 kB
Cached:           338016 kB
MemTotal:        1844596 kB
MemFree:         1247928 kB
MemAvailable:    1517144 kB
Buffers:           53528 kB
Cached:           338016 kB
MemTotal:        1844596 kB
MemFree:         1241900 kB
MemAvailable:    1511116 kB
Buffers:           53528 kB
Cached:           338016 kB
MemTotal:        1844596 kB
MemFree:         1241900 kB
MemAvailable:    1511116 kB
Buffers:           53528 kB
Cached:           338016 kB
MemTotal:        1844596 kB
MemFree:         1241536 kB
MemAvailable:    1510836 kB
Buffers:           53528 kB
Cached:           338140 kB
MemTotal:        1844596 kB
MemFree:         1240436 kB
MemAvailable:    1509820 kB
Buffers:           53528 kB
Cached:           338140 kB
MemTotal:        1844596 kB
MemFree:         1241184 kB
MemAvailable:    1510652 kB
Buffers:           53528 kB
Cached:           338264 kB
MemTotal:        1844596 kB
MemFree:         1239920 kB
MemAvailable:    1509388 kB
Buffers:           53528 kB
Cached:           338264 kB
MemTotal:        1844596 kB
MemFree:         1241180 kB
MemAvailable:    1510816 kB
Buffers:           53528 kB
Cached:           338388 kB
MemTotal:        1844596 kB
MemFree:         1240988 kB
MemAvailable:    1510708 kB
Buffers:           53528 kB
Cached:           338512 kB
MemTotal:        1844596 kB
MemFree:         1239776 kB
MemAvailable:    1509496 kB
Buffers:           53528 kB
Cached:           338512 kB
MemTotal:        1844596 kB
MemFree:         1240876 kB
MemAvailable:    1510680 kB
Buffers:           53528 kB
Cached:           338636 kB
MemTotal:        1844596 kB
MemFree:         1240872 kB
MemAvailable:    1510676 kB
Buffers:           53528 kB
Cached:           338636 kB
MemTotal:        1844596 kB
MemFree:         1240868 kB
MemAvailable:    1510672 kB
Buffers:           53528 kB
Cached:           338636 kB
MemTotal:        1844596 kB
MemFree:         1240868 kB
MemAvailable:    1510672 kB
Buffers:           53528 kB
Cached:           338636 kB
MemTotal:        1844596 kB
MemFree:         1240312 kB
MemAvailable:    1510116 kB
Buffers:           53528 kB
Cached:           338636 kB
MemTotal:        1844596 kB
MemFree:         1240812 kB
MemAvailable:    1510616 kB
Buffers:           53528 kB
Cached:           338636 kB
MemTotal:        1844596 kB
MemFree:         1240636 kB
MemAvailable:    1510440 kB
Buffers:           53528 kB
Cached:           338636 kB
MemTotal:        1844596 kB
MemFree:         1240668 kB
MemAvailable:    1510472 kB
Buffers:           53528 kB
Cached:           338636 kB
MemTotal:        1844596 kB
MemFree:         1240920 kB
MemAvailable:    1510724 kB
Buffers:           53528 kB
Cached:           338636 kB
MemTotal:        1844596 kB
MemFree:         1241380 kB
MemAvailable:    1510628 kB
Buffers:           53528 kB
Cached:           338080 kB
MemTotal:        1844596 kB
MemFree:         1241716 kB
MemAvailable:    1510964 kB
Buffers:           53528 kB
Cached:           338080 kB
