MemTotal:        1844596 kB
MemFree:         1350512 kB
MemAvailable:    1560516 kB
Buffers:           47176 kB
Cached:           290392 kB
MemTotal:        1844596 kB
MemFree:         1348916 kB
MemAvailable:    1558920 kB
Buffers:           47176 kB
Cached:           290392 kB
MemTotal:        1844596 kB
MemFree:         1346808 kB
MemAvailable:    1556812 kB
Buffers:           47176 kB
Cached:           290392 kB
MemTotal:        1844596 kB
MemFree:         1346448 kB
MemAvailable:    1556452 kB
Buffers:           47176 kB
Cached:           290392 kB
MemTotal:        1844596 kB
MemFree:         1345444 kB
MemAvailable:    1555448 kB
Buffers:           47176 kB
Cached:           290392 kB
MemTotal:        1844596 kB
MemFree:         1345444 kB
MemAvailable:    1555448 kB
Buffers:           47176 kB
Cached:           290392 kB
MemTotal:        1844596 kB
MemFree:         1343948 kB
MemAvailable:    1553952 kB
Buffers:           47176 kB
Cached:           290392 kB
MemTotal:        1844596 kB
MemFree:         1342964 kB
MemAvailable:    1552968 kB
Buffers:           47176 kB
Cached:           290392 kB
MemTotal:        1844596 kB
MemFree:         1339344 kB
MemAvailable:    1549348 kB
Buffers:           47176 kB
Cached:           290392 kB
MemTotal:        1844596 kB
MemFree:         1339344 kB
MemAvailable:    1549348 kB
Buffers:           47176 kB
Cached:           290392 kB
MemTotal:        1844596 kB
MemFree:         1334136 kB
MemAvailable:    1544140 kB
Buffers:           47176 kB
Cached:           290392 kB
MemTotal:        1844596 kB
MemFree:         1334388 kB
MemAvailable:    1544392 kB
Buffers:           47176 kB
Cached:           290392 kB
MemTotal:        1844596 kB
MemFree:         1333872 kB
MemAvailable:    1543876 kB
Buffers:           47176 kB
Cached:           290392 kB
MemTotal:        1844596 kB
MemFree:         1333748 kB
MemAvailable:    1543752 kB
Buffers:           47176 kB
Cached:           290392 kB
MemTotal:        1844596 kB
MemFree:         1333996 kB
MemAvailable:    1544000 kB
Buffers:           47176 kB
Cached:           290392 kB
MemTotal:        1844596 kB
MemFree:         1335112 kB
MemAvailable:    1545116 kB
Buffers:           47176 kB
Cached:           290392 kB
MemTotal:        1844596 kB
MemFree:         1335024 kB
MemAvailable:    1545028 kB
Buffers:           47176 kB
Cached:           290392 kB
MemTotal:        1844596 kB
MemFree:         1333920 kB
MemAvailable:    1543924 kB
Buffers:           47176 kB
Cached:           290392 kB
MemTotal:        1844596 kB
MemFree:         1333640 kB
MemAvailable:    1543644 kB
Buffers:           47176 kB
Cached:           290392 kB
MemTotal:        1844596 kB
MemFree:         1333848 kB
MemAvailable:    1543852 kB
Buffers:           47176 kB
Cached:           290392 kB
MemTotal:        1844596 kB
MemFree:         1332980 kB
MemAvailable:    1542984 kB
Buffers:           47176 kB
Cached:           290392 kB
MemTotal:        1844596 kB
MemFree:         1331556 kB
MemAvailable:    1541560 kB
Buffers:           47176 kB
Cached:           290392 kB
MemTotal:        1844596 kB
MemFree:         1332720 kB
MemAvailable:    1542724 kB
Buffers:           47176 kB
Cached:           290392 kB
MemTotal:        1844596 kB
MemFree:         1331288 kB
MemAvailable:    1541292 kB
Buffers:           47176 kB
Cached:           290392 kB
MemTotal:        1844596 kB
MemFree:         1332596 kB
MemAvailable:    1542600 kB
Buffers:           47176 kB
Cached:           290392 kB
MemTotal:        1844596 kB
MemFree:         1331492 kB
MemAvailable:    1541496 kB
Buffers:           47176 kB
Cached:           290392 kB
MemTotal:        1844596 kB
MemFree:         1332668 kB
MemAvailable:    1542672 kB
Buffers:           47176 kB
Cached:           290392 kB
MemTotal:        1844596 kB
MemFree:         1332580 kB
MemAvailable:    1542584 kB
Buffers:           47176 kB
Cached:           290392 kB
MemTotal:        1844596 kB
MemFree:         1332732 kB
MemAvailable:    1542736 kB
Buffers:           47176 kB
Cached:           290392 kB
MemTotal:        1844596 kB
MemFree:         1332524 kB
MemAvailable:    1542528 kB
Buffers:           47176 kB
Cached:           290392 kB
MemTotal:        1844596 kB
MemFree:         1333912 kB
MemAvailable:    1543916 kB
Buffers:           47176 kB
Cached:           290392 kB
MemTotal:        1844596 kB
MemFree:         1332596 kB
MemAvailable:    1542600 kB
Buffers:           47176 kB
Cached:           290392 kB
MemTotal:        1844596 kB
MemFree:         1332424 kB
MemAvailable:    1542428 kB
Buffers:           47176 kB
Cached:           290392 kB
MemTotal:        1844596 kB
MemFree:         1330540 kB
MemAvailable:    1540544 kB
Buffers:           47176 kB
Cached:           290392 kB
MemTotal:        1844596 kB
MemFree:         1329820 kB
MemAvailable:    1539824 kB
Buffers:           47176 kB
Cached:           290392 kB
MemTotal:        1844596 kB
MemFree:         1330112 kB
MemAvailable:    1540116 kB
Buffers:           47176 kB
Cached:           290392 kB
MemTotal:        1844596 kB
MemFree:         1329076 kB
MemAvailable:    1539080 kB
Buffers:           47176 kB
Cached:           290392 kB
MemTotal:        1844596 kB
MemFree:         1329824 kB
MemAvailable:    1539828 kB
Buffers:           47176 kB
Cached:           290392 kB
MemTotal:        1844596 kB
MemFree:         1328392 kB
MemAvailable:    1538396 kB
Buffers:           47176 kB
Cached:           290392 kB
MemTotal:        1844596 kB
MemFree:         1328564 kB
MemAvailable:    1538568 kB
Buffers:           47176 kB
Cached:           290392 kB
MemTotal:        1844596 kB
MemFree:         1328456 kB
MemAvailable:    1538460 kB
Buffers:           47176 kB
Cached:           290392 kB
MemTotal:        1844596 kB
MemFree:         1328628 kB
MemAvailable:    1538632 kB
Buffers:           47176 kB
Cached:           290392 kB
MemTotal:        1844596 kB
MemFree:         1328580 kB
MemAvailable:    1538584 kB
Buffers:           47176 kB
Cached:           290392 kB
MemTotal:        1844596 kB
MemFree:         1328516 kB
MemAvailable:    1538520 kB
Buffers:           47176 kB
Cached:           290392 kB
MemTotal:        1844596 kB
MemFree:         1328488 kB
MemAvailable:    1538492 kB
Buffers:           47176 kB
Cached:           290392 kB
MemTotal:        1844596 kB
MemFree:         1328516 kB
MemAvailable:    1538520 kB
Buffers:           47176 kB
Cached:           290392 kB
MemTotal:        1844596 kB
MemFree:         1328344 kB
MemAvailable:    1538348 kB
Buffers:           47176 kB
Cached:           290392 kB
MemTotal:        1844596 kB
MemFree:         1328332 kB
MemAvailable:    1538336 kB
Buffers:           47176 kB
Cached:           290392 kB
MemTotal:        1844596 kB
MemFree:         1327160 kB
MemAvailable:    1537164 kB
Buffers:           47176 kB
Cached:           290392 kB
MemTotal:        1844596 kB
MemFree:         1327216 kB
MemAvailable:    1537220 kB
Buffers:           47176 kB
Cached:           290392 kB
MemTotal:        1844596 kB
MemFree:         1326712 kB
MemAvailable:    1536720 kB
Buffers:           47176 kB
Cached:           290396 kB
MemTotal:        1844596 kB
MemFree:         1327764 kB
MemAvailable:    1537772 kB
Buffers:           47176 kB
Cached:           290396 kB
MemTotal:        1844596 kB
MemFree:         1327656 kB
MemAvailable:    1537664 kB
Buffers:           47176 kB
Cached:           290396 kB
MemTotal:        1844596 kB
MemFree:         1327540 kB
MemAvailable:    1537548 kB
Buffers:           47176 kB
Cached:           290396 kB
MemTotal:        1844596 kB
MemFree:         1327476 kB
MemAvailable:    1537484 kB
Buffers:           47176 kB
Cached:           290396 kB
MemTotal:        1844596 kB
MemFree:         1327396 kB
MemAvailable:    1537408 kB
Buffers:           47176 kB
Cached:           290400 kB
MemTotal:        1844596 kB
MemFree:         1327396 kB
MemAvailable:    1537408 kB
Buffers:           47176 kB
Cached:           290400 kB
MemTotal:        1844596 kB
MemFree:         1326292 kB
MemAvailable:    1536304 kB
Buffers:           47176 kB
Cached:           290400 kB
MemTotal:        1844596 kB
MemFree:         1327692 kB
MemAvailable:    1537704 kB
Buffers:           47176 kB
Cached:           290400 kB
MemTotal:        1844596 kB
MemFree:         1327444 kB
MemAvailable:    1537460 kB
Buffers:           47176 kB
Cached:           290404 kB
MemTotal:        1844596 kB
MemFree:         1326204 kB
MemAvailable:    1536220 kB
Buffers:           47176 kB
Cached:           290404 kB
MemTotal:        1844596 kB
MemFree:         1327672 kB
MemAvailable:    1537688 kB
Buffers:           47176 kB
Cached:           290404 kB
MemTotal:        1844596 kB
MemFree:         1326420 kB
MemAvailable:    1536436 kB
Buffers:           47176 kB
Cached:           290404 kB
MemTotal:        1844596 kB
MemFree:         1327276 kB
MemAvailable:    1537292 kB
Buffers:           47176 kB
Cached:           290404 kB
MemTotal:        1844596 kB
MemFree:         1327144 kB
MemAvailable:    1537160 kB
Buffers:           47176 kB
Cached:           290404 kB
MemTotal:        1844596 kB
MemFree:         1326944 kB
MemAvailable:    1536960 kB
Buffers:           47176 kB
Cached:           290404 kB
MemTotal:        1844596 kB
MemFree:         1326944 kB
MemAvailable:    1536960 kB
Buffers:           47176 kB
Cached:           290404 kB
MemTotal:        1844596 kB
MemFree:         1326632 kB
MemAvailable:    1536648 kB
Buffers:           47176 kB
Cached:           290404 kB
MemTotal:        1844596 kB
MemFree:         1326432 kB
MemAvailable:    1536448 kB
Buffers:           47176 kB
Cached:           290404 kB
MemTotal:        1844596 kB
MemFree:         1326500 kB
MemAvailable:    1536516 kB
Buffers:           47176 kB
Cached:           290404 kB
MemTotal:        1844596 kB
MemFree:         1325276 kB
MemAvailable:    1535292 kB
Buffers:           47176 kB
Cached:           290404 kB
MemTotal:        1844596 kB
MemFree:         1325276 kB
MemAvailable:    1535292 kB
Buffers:           47176 kB
Cached:           290404 kB
MemTotal:        1844596 kB
MemFree:         1326412 kB
MemAvailable:    1536428 kB
Buffers:           47176 kB
Cached:           290404 kB
MemTotal:        1844596 kB
MemFree:         1326748 kB
MemAvailable:    1536764 kB
Buffers:           47176 kB
Cached:           290404 kB
MemTotal:        1844596 kB
MemFree:         1326596 kB
MemAvailable:    1536612 kB
Buffers:           47176 kB
Cached:           290404 kB
MemTotal:        1844596 kB
MemFree:         1326276 kB
MemAvailable:    1536292 kB
Buffers:           47176 kB
Cached:           290404 kB
MemTotal:        1844596 kB
MemFree:         1326612 kB
MemAvailable:    1536628 kB
Buffers:           47176 kB
Cached:           290404 kB
MemTotal:        1844596 kB
MemFree:         1326160 kB
MemAvailable:    1536176 kB
Buffers:           47176 kB
Cached:           290404 kB
MemTotal:        1844596 kB
MemFree:         1325088 kB
MemAvailable:    1535104 kB
Buffers:           47176 kB
Cached:           290404 kB
MemTotal:        1844596 kB
MemFree:         1323952 kB
MemAvailable:    1533968 kB
Buffers:           47176 kB
Cached:           290404 kB
MemTotal:        1844596 kB
MemFree:         1320372 kB
MemAvailable:    1530388 kB
Buffers:           47176 kB
Cached:           290404 kB
MemTotal:        1844596 kB
MemFree:         1320372 kB
MemAvailable:    1530388 kB
Buffers:           47176 kB
Cached:           290404 kB
MemTotal:        1844596 kB
MemFree:         1319140 kB
MemAvailable:    1529156 kB
Buffers:           47176 kB
Cached:           290404 kB
MemTotal:        1844596 kB
MemFree:         1319140 kB
MemAvailable:    1529156 kB
Buffers:           47176 kB
Cached:           290404 kB
MemTotal:        1844596 kB
MemFree:         1318888 kB
MemAvailable:    1528904 kB
Buffers:           47176 kB
Cached:           290404 kB
MemTotal:        1844596 kB
MemFree:         1318464 kB
MemAvailable:    1528480 kB
Buffers:           47176 kB
Cached:           290404 kB
MemTotal:        1844596 kB
MemFree:         1318716 kB
MemAvailable:    1528732 kB
Buffers:           47176 kB
Cached:           290404 kB
MemTotal:        1844596 kB
MemFree:         1317240 kB
MemAvailable:    1527256 kB
Buffers:           47176 kB
Cached:           290404 kB
MemTotal:        1844596 kB
MemFree:         1318480 kB
MemAvailable:    1528496 kB
Buffers:           47176 kB
Cached:           290404 kB
MemTotal:        1844596 kB
MemFree:         1318556 kB
MemAvailable:    1528572 kB
Buffers:           47176 kB
Cached:           290404 kB
MemTotal:        1844596 kB
MemFree:         1318632 kB
MemAvailable:    1528648 kB
Buffers:           47176 kB
Cached:           290404 kB
MemTotal:        1844596 kB
MemFree:         1318716 kB
MemAvailable:    1528732 kB
Buffers:           47176 kB
Cached:           290404 kB
MemTotal:        1844596 kB
MemFree:         1318456 kB
MemAvailable:    1528472 kB
Buffers:           47176 kB
Cached:           290404 kB
MemTotal:        1844596 kB
MemFree:         1318380 kB
MemAvailable:    1528396 kB
Buffers:           47176 kB
Cached:           290404 kB
MemTotal:        1844596 kB
MemFree:         1318464 kB
MemAvailable:    1528480 kB
Buffers:           47176 kB
Cached:           290404 kB
MemTotal:        1844596 kB
MemFree:         1318540 kB
MemAvailable:    1528556 kB
Buffers:           47176 kB
Cached:           290404 kB
MemTotal:        1844596 kB
MemFree:         1318600 kB
MemAvailable:    1528616 kB
Buffers:           47176 kB
Cached:           290404 kB
MemTotal:        1844596 kB
MemFree:         1318704 kB
MemAvailable:    1528720 kB
Buffers:           47176 kB
Cached:           290404 kB
MemTotal:        1844596 kB
MemFree:         1316800 kB
MemAvailable:    1526816 kB
Buffers:           47176 kB
Cached:           290404 kB
MemTotal:        1844596 kB
MemFree:         1316552 kB
MemAvailable:    1526568 kB
Buffers:           47176 kB
Cached:           290404 kB
MemTotal:        1844596 kB
MemFree:         1317296 kB
MemAvailable:    1527312 kB
Buffers:           47176 kB
Cached:           290404 kB
MemTotal:        1844596 kB
MemFree:         1315932 kB
MemAvailable:    1525948 kB
Buffers:           47176 kB
Cached:           290404 kB
MemTotal:        1844596 kB
MemFree:         1317048 kB
MemAvailable:    1527068 kB
Buffers:           47176 kB
Cached:           290408 kB
MemTotal:        1844596 kB
MemFree:         1315808 kB
MemAvailable:    1525828 kB
Buffers:           47176 kB
Cached:           290408 kB
MemTotal:        1844596 kB
MemFree:         1316860 kB
MemAvailable:    1526880 kB
Buffers:           47176 kB
Cached:           290408 kB
MemTotal:        1844596 kB
MemFree:         1315668 kB
MemAvailable:    1525688 kB
Buffers:           47176 kB
Cached:           290408 kB
MemTotal:        1844596 kB
MemFree:         1315668 kB
MemAvailable:    1525688 kB
Buffers:           47176 kB
Cached:           290408 kB
MemTotal:        1844596 kB
MemFree:         1315172 kB
MemAvailable:    1525192 kB
Buffers:           47176 kB
Cached:           290408 kB
MemTotal:        1844596 kB
MemFree:         1315172 kB
MemAvailable:    1525192 kB
Buffers:           47176 kB
Cached:           290408 kB
MemTotal:        1844596 kB
MemFree:         1314944 kB
MemAvailable:    1524964 kB
Buffers:           47176 kB
Cached:           290408 kB
MemTotal:        1844596 kB
MemFree:         1315064 kB
MemAvailable:    1525084 kB
Buffers:           47176 kB
Cached:           290408 kB
MemTotal:        1844596 kB
MemFree:         1313940 kB
MemAvailable:    1523960 kB
Buffers:           47176 kB
Cached:           290408 kB
MemTotal:        1844596 kB
MemFree:         1314780 kB
MemAvailable:    1524800 kB
Buffers:           47176 kB
Cached:           290408 kB
MemTotal:        1844596 kB
MemFree:         1314980 kB
MemAvailable:    1525000 kB
Buffers:           47176 kB
Cached:           290408 kB
MemTotal:        1844596 kB
MemFree:         1314468 kB
MemAvailable:    1524488 kB
Buffers:           47176 kB
Cached:           290408 kB
MemTotal:        1844596 kB
MemFree:         1314720 kB
MemAvailable:    1524740 kB
Buffers:           47176 kB
Cached:           290408 kB
MemTotal:        1844596 kB
MemFree:         1314588 kB
MemAvailable:    1524608 kB
Buffers:           47176 kB
Cached:           290408 kB
MemTotal:        1844596 kB
MemFree:         1314736 kB
MemAvailable:    1524756 kB
Buffers:           47176 kB
Cached:           290408 kB
MemTotal:        1844596 kB
MemFree:         1314712 kB
MemAvailable:    1524732 kB
Buffers:           47176 kB
Cached:           290408 kB
MemTotal:        1844596 kB
MemFree:         1314692 kB
MemAvailable:    1524712 kB
Buffers:           47176 kB
Cached:           290408 kB
MemTotal:        1844596 kB
MemFree:         1313940 kB
MemAvailable:    1523960 kB
Buffers:           47176 kB
Cached:           290408 kB
MemTotal:        1844596 kB
MemFree:         1314320 kB
MemAvailable:    1524340 kB
Buffers:           47176 kB
Cached:           290408 kB
MemTotal:        1844596 kB
MemFree:         1314264 kB
MemAvailable:    1524284 kB
Buffers:           47176 kB
Cached:           290408 kB
MemTotal:        1844596 kB
MemFree:         1312892 kB
MemAvailable:    1522912 kB
Buffers:           47176 kB
Cached:           290408 kB
MemTotal:        1844596 kB
MemFree:         1305392 kB
MemAvailable:    1515412 kB
Buffers:           47176 kB
Cached:           290408 kB
MemTotal:        1844596 kB
MemFree:         1305468 kB
MemAvailable:    1515488 kB
Buffers:           47176 kB
Cached:           290408 kB
MemTotal:        1844596 kB
MemFree:         1303888 kB
MemAvailable:    1513908 kB
Buffers:           47176 kB
Cached:           290408 kB
MemTotal:        1844596 kB
MemFree:         1305196 kB
MemAvailable:    1515216 kB
Buffers:           47176 kB
Cached:           290408 kB
MemTotal:        1844596 kB
MemFree:         1304948 kB
MemAvailable:    1514968 kB
Buffers:           47176 kB
Cached:           290408 kB
MemTotal:        1844596 kB
MemFree:         1304264 kB
MemAvailable:    1514284 kB
Buffers:           47176 kB
Cached:           290408 kB
MemTotal:        1844596 kB
MemFree:         1303748 kB
MemAvailable:    1513768 kB
Buffers:           47176 kB
Cached:           290408 kB
MemTotal:        1844596 kB
MemFree:         1307128 kB
MemAvailable:    1517148 kB
Buffers:           47176 kB
Cached:           290408 kB
MemTotal:        1844596 kB
MemFree:         1306384 kB
MemAvailable:    1516404 kB
Buffers:           47176 kB
Cached:           290408 kB
MemTotal:        1844596 kB
MemFree:         1307376 kB
MemAvailable:    1517484 kB
Buffers:           47180 kB
Cached:           290532 kB
MemTotal:        1844596 kB
MemFree:         1306260 kB
MemAvailable:    1516368 kB
Buffers:           47180 kB
Cached:           290532 kB
MemTotal:        1844596 kB
MemFree:         1306992 kB
MemAvailable:    1517184 kB
Buffers:           47180 kB
Cached:           290656 kB
MemTotal:        1844596 kB
MemFree:         1305620 kB
MemAvailable:    1515980 kB
Buffers:           47180 kB
Cached:           290780 kB
MemTotal:        1844596 kB
MemFree:         1306748 kB
MemAvailable:    1517192 kB
Buffers:           47180 kB
Cached:           290864 kB
MemTotal:        1844596 kB
MemFree:         1305484 kB
MemAvailable:    1516012 kB
Buffers:           47180 kB
Cached:           290864 kB
MemTotal:        1844596 kB
MemFree:         1305220 kB
MemAvailable:    1515748 kB
Buffers:           47180 kB
Cached:           290988 kB
MemTotal:        1844596 kB
MemFree:         1306568 kB
MemAvailable:    1517224 kB
Buffers:           47180 kB
Cached:           291036 kB
MemTotal:        1844596 kB
MemFree:         1306460 kB
MemAvailable:    1517116 kB
Buffers:           47180 kB
Cached:           291036 kB
MemTotal:        1844596 kB
MemFree:         1306552 kB
MemAvailable:    1517208 kB
Buffers:           47180 kB
Cached:           291036 kB
MemTotal:        1844596 kB
MemFree:         1306324 kB
MemAvailable:    1516980 kB
Buffers:           47180 kB
Cached:           291036 kB
MemTotal:        1844596 kB
MemFree:         1306384 kB
MemAvailable:    1517040 kB
Buffers:           47180 kB
Cached:           291036 kB
MemTotal:        1844596 kB
MemFree:         1305244 kB
MemAvailable:    1515900 kB
Buffers:           47180 kB
Cached:           291036 kB
MemTotal:        1844596 kB
MemFree:         1306420 kB
MemAvailable:    1517076 kB
Buffers:           47180 kB
Cached:           291036 kB
MemTotal:        1844596 kB
MemFree:         1306444 kB
MemAvailable:    1517100 kB
Buffers:           47180 kB
Cached:           291036 kB
MemTotal:        1844596 kB
MemFree:         1305072 kB
MemAvailable:    1515728 kB
Buffers:           47180 kB
Cached:           291036 kB
MemTotal:        1844596 kB
MemFree:         1305260 kB
MemAvailable:    1515328 kB
Buffers:           47180 kB
Cached:           290488 kB
MemTotal:        1844596 kB
MemFree:         1372836 kB
MemAvailable:    1582904 kB
Buffers:           47180 kB
Cached:           290488 kB
