MemTotal:        1844596 kB
MemFree:         1545764 kB
MemAvailable:    1575524 kB
Buffers:           24320 kB
Cached:           138052 kB
MemTotal:        1844596 kB
MemFree:         1542648 kB
MemAvailable:    1572408 kB
Buffers:           24320 kB
Cached:           138052 kB
MemTotal:        1844596 kB
MemFree:         1540912 kB
MemAvailable:    1570676 kB
Buffers:           24320 kB
Cached:           138056 kB
MemTotal:        1844596 kB
MemFree:         1539308 kB
MemAvailable:    1569072 kB
Buffers:           24320 kB
Cached:           138056 kB
MemTotal:        1844596 kB
MemFree:         1539300 kB
MemAvailable:    1569064 kB
Buffers:           24320 kB
Cached:           138056 kB
MemTotal:        1844596 kB
MemFree:         1539928 kB
MemAvailable:    1569692 kB
Buffers:           24320 kB
Cached:           138056 kB
MemTotal:        1844596 kB
MemFree:         1538060 kB
MemAvailable:    1567824 kB
Buffers:           24320 kB
Cached:           138056 kB
MemTotal:        1844596 kB
MemFree:         1534572 kB
MemAvailable:    1564336 kB
Buffers:           24320 kB
Cached:           138056 kB
MemTotal:        1844596 kB
MemFree:         1534572 kB
MemAvailable:    1564336 kB
Buffers:           24320 kB
Cached:           138056 kB
MemTotal:        1844596 kB
MemFree:         1529496 kB
MemAvailable:    1559260 kB
Buffers:           24320 kB
Cached:           138056 kB
MemTotal:        1844596 kB
MemFree:         1528520 kB
MemAvailable:    1558284 kB
Buffers:           24320 kB
Cached:           138056 kB
MemTotal:        1844596 kB
MemFree:         1530284 kB
MemAvailable:    1560048 kB
Buffers:           24320 kB
Cached:           138056 kB
MemTotal:        1844596 kB
MemFree:         1530620 kB
MemAvailable:    1560384 kB
Buffers:           24320 kB
Cached:           138056 kB
MemTotal:        1844596 kB
MemFree:         1530552 kB
MemAvailable:    1560316 kB
Buffers:           24320 kB
Cached:           138056 kB
MemTotal:        1844596 kB
MemFree:         1529204 kB
MemAvailable:    1558968 kB
Buffers:           24320 kB
Cached:           138056 kB
MemTotal:        1844596 kB
MemFree:         1529452 kB
MemAvailable:    1559216 kB
Buffers:           24320 kB
Cached:           138056 kB
MemTotal:        1844596 kB
MemFree:         1530116 kB
MemAvailable:    1559880 kB
Buffers:           24320 kB
Cached:           138056 kB
MemTotal:        1844596 kB
MemFree:         1530008 kB
MemAvailable:    1559772 kB
Buffers:           24320 kB
Cached:           138056 kB
MemTotal:        1844596 kB
MemFree:         1529388 kB
MemAvailable:    1559152 kB
Buffers:           24320 kB
Cached:           138056 kB
MemTotal:        1844596 kB
MemFree:         1527404 kB
MemAvailable:    1557168 kB
Buffers:           24320 kB
Cached:           138056 kB
MemTotal:        1844596 kB
MemFree:         1527148 kB
MemAvailable:    1556912 kB
Buffers:           24320 kB
Cached:           138056 kB
MemTotal:        1844596 kB
MemFree:         1528132 kB
MemAvailable:    1557896 kB
Buffers:           24320 kB
Cached:           138056 kB
MemTotal:        1844596 kB
MemFree:         1527600 kB
MemAvailable:    1557364 kB
Buffers:           24320 kB
Cached:           138056 kB
MemTotal:        1844596 kB
MemFree:         1527712 kB
MemAvailable:    1557476 kB
Buffers:           24320 kB
Cached:           138056 kB
MemTotal:        1844596 kB
MemFree:         1528048 kB
MemAvailable:    1557812 kB
Buffers:           24320 kB
Cached:           138056 kB
MemTotal:        1844596 kB
MemFree:         1526776 kB
MemAvailable:    1556540 kB
Buffers:           24320 kB
Cached:           138056 kB
MemTotal:        1844596 kB
MemFree:         1528084 kB
MemAvailable:    1557848 kB
Buffers:           24320 kB
Cached:           138056 kB
MemTotal:        1844596 kB
MemFree:         1527900 kB
MemAvailable:    1557664 kB
Buffers:           24320 kB
Cached:           138056 kB
MemTotal:        1844596 kB
MemFree:         1529132 kB
MemAvailable:    1558896 kB
Buffers:           24320 kB
Cached:           138056 kB
MemTotal:        1844596 kB
MemFree:         1529388 kB
MemAvailable:    1559152 kB
Buffers:           24320 kB
Cached:           138056 kB
MemTotal:        1844596 kB
MemFree:         1527760 kB
MemAvailable:    1557524 kB
Buffers:           24320 kB
Cached:           138056 kB
MemTotal:        1844596 kB
MemFree:         1527760 kB
MemAvailable:    1557524 kB
Buffers:           24320 kB
Cached:           138056 kB
MemTotal:        1844596 kB
MemFree:         1525652 kB
MemAvailable:    1555416 kB
Buffers:           24320 kB
Cached:           138056 kB
MemTotal:        1844596 kB
MemFree:         1525736 kB
MemAvailable:    1555500 kB
Buffers:           24320 kB
Cached:           138056 kB
MemTotal:        1844596 kB
MemFree:         1525032 kB
MemAvailable:    1554796 kB
Buffers:           24320 kB
Cached:           138056 kB
MemTotal:        1844596 kB
MemFree:         1524924 kB
MemAvailable:    1554688 kB
Buffers:           24320 kB
Cached:           138056 kB
MemTotal:        1844596 kB
MemFree:         1524796 kB
MemAvailable:    1554560 kB
Buffers:           24320 kB
Cached:           138056 kB
MemTotal:        1844596 kB
MemFree:         1524040 kB
MemAvailable:    1553804 kB
Buffers:           24320 kB
Cached:           138056 kB
MemTotal:        1844596 kB
MemFree:         1524292 kB
MemAvailable:    1554056 kB
Buffers:           24320 kB
Cached:           138056 kB
MemTotal:        1844596 kB
MemFree:         1523784 kB
MemAvailable:    1553548 kB
Buffers:           24320 kB
Cached:           138056 kB
MemTotal:        1844596 kB
MemFree:         1523868 kB
MemAvailable:    1553632 kB
Buffers:           24320 kB
Cached:           138056 kB
MemTotal:        1844596 kB
MemFree:         1523872 kB
MemAvailable:    1553636 kB
Buffers:           24320 kB
Cached:           138056 kB
MemTotal:        1844596 kB
MemFree:         1523648 kB
MemAvailable:    1553412 kB
Buffers:           24320 kB
Cached:           138056 kB
MemTotal:        1844596 kB
MemFree:         1523984 kB
MemAvailable:    1553748 kB
Buffers:           24320 kB
Cached:           138056 kB
MemTotal:        1844596 kB
MemFree:         1522532 kB
MemAvailable:    1552296 kB
Buffers:           24320 kB
Cached:           138056 kB
MemTotal:        1844596 kB
MemFree:         1522320 kB
MemAvailable:    1552084 kB
Buffers:           24320 kB
Cached:           138056 kB
MemTotal:        1844596 kB
MemFree:         1523124 kB
MemAvailable:    1552888 kB
Buffers:           24320 kB
Cached:           138056 kB
MemTotal:        1844596 kB
MemFree:         1522072 kB
MemAvailable:    1551836 kB
Buffers:           24320 kB
Cached:           138056 kB
MemTotal:        1844596 kB
MemFree:         1522924 kB
MemAvailable:    1552688 kB
Buffers:           24320 kB
Cached:           138056 kB
MemTotal:        1844596 kB
MemFree:         1521508 kB
MemAvailable:    1551272 kB
Buffers:           24320 kB
Cached:           138056 kB
MemTotal:        1844596 kB
MemFree:         1522984 kB
MemAvailable:    1552748 kB
Buffers:           24320 kB
Cached:           138056 kB
MemTotal:        1844596 kB
MemFree:         1521640 kB
MemAvailable:    1551404 kB
Buffers:           24320 kB
Cached:           138056 kB
MemTotal:        1844596 kB
MemFree:         1521632 kB
MemAvailable:    1551396 kB
Buffers:           24320 kB
Cached:           138056 kB
MemTotal:        1844596 kB
MemFree:         1522940 kB
MemAvailable:    1552704 kB
Buffers:           24320 kB
Cached:           138056 kB
MemTotal:        1844596 kB
MemFree:         1522652 kB
MemAvailable:    1552416 kB
Buffers:           24320 kB
Cached:           138056 kB
MemTotal:        1844596 kB
MemFree:         1521636 kB
MemAvailable:    1551400 kB
Buffers:           24320 kB
Cached:           138056 kB
MemTotal:        1844596 kB
MemFree:         1522676 kB
MemAvailable:    1552440 kB
Buffers:           24320 kB
Cached:           138056 kB
MemTotal:        1844596 kB
MemFree:         1522928 kB
MemAvailable:    1552692 kB
Buffers:           24320 kB
Cached:           138056 kB
MemTotal:        1844596 kB
MemFree:         1522644 kB
MemAvailable:    1552408 kB
Buffers:           24320 kB
Cached:           138056 kB
MemTotal:        1844596 kB
MemFree:         1522768 kB
MemAvailable:    1552532 kB
Buffers:           24320 kB
Cached:           138056 kB
MemTotal:        1844596 kB
MemFree:         1521264 kB
MemAvailable:    1551028 kB
Buffers:           24320 kB
Cached:           138056 kB
MemTotal:        1844596 kB
MemFree:         1522628 kB
MemAvailable:    1552392 kB
Buffers:           24320 kB
Cached:           138056 kB
MemTotal:        1844596 kB
MemFree:         1522380 kB
MemAvailable:    1552144 kB
Buffers:           24320 kB
Cached:           138056 kB
MemTotal:        1844596 kB
MemFree:         1521808 kB
MemAvailable:    1551572 kB
Buffers:           24320 kB
Cached:           138056 kB
MemTotal:        1844596 kB
MemFree:         1522144 kB
MemAvailable:    1551908 kB
Buffers:           24320 kB
Cached:           138056 kB
MemTotal:        1844596 kB
MemFree:         1521960 kB
MemAvailable:    1551724 kB
Buffers:           24320 kB
Cached:           138056 kB
MemTotal:        1844596 kB
MemFree:         1522040 kB
MemAvailable:    1551804 kB
Buffers:           24320 kB
Cached:           138056 kB
MemTotal:        1844596 kB
MemFree:         1521072 kB
MemAvailable:    1550836 kB
Buffers:           24320 kB
Cached:           138056 kB
MemTotal:        1844596 kB
MemFree:         1522256 kB
MemAvailable:    1552028 kB
Buffers:           24320 kB
Cached:           138064 kB
MemTotal:        1844596 kB
MemFree:         1520832 kB
MemAvailable:    1550604 kB
Buffers:           24320 kB
Cached:           138064 kB
MemTotal:        1844596 kB
MemFree:         1522156 kB
MemAvailable:    1551928 kB
Buffers:           24320 kB
Cached:           138064 kB
MemTotal:        1844596 kB
MemFree:         1520832 kB
MemAvailable:    1550604 kB
Buffers:           24320 kB
Cached:           138064 kB
MemTotal:        1844596 kB
MemFree:         1522132 kB
MemAvailable:    1551904 kB
Buffers:           24320 kB
Cached:           138064 kB
MemTotal:        1844596 kB
MemFree:         1521576 kB
MemAvailable:    1551348 kB
Buffers:           24320 kB
Cached:           138064 kB
MemTotal:        1844596 kB
MemFree:         1518352 kB
MemAvailable:    1548124 kB
Buffers:           24320 kB
Cached:           138064 kB
MemTotal:        1844596 kB
MemFree:         1514492 kB
MemAvailable:    1544264 kB
Buffers:           24320 kB
Cached:           138064 kB
MemTotal:        1844596 kB
MemFree:         1514704 kB
MemAvailable:    1544476 kB
Buffers:           24320 kB
Cached:           138064 kB
MemTotal:        1844596 kB
MemFree:         1514436 kB
MemAvailable:    1544208 kB
Buffers:           24320 kB
Cached:           138064 kB
MemTotal:        1844596 kB
MemFree:         1512772 kB
MemAvailable:    1542544 kB
Buffers:           24320 kB
Cached:           138064 kB
MemTotal:        1844596 kB
MemFree:         1512896 kB
MemAvailable:    1542668 kB
Buffers:           24320 kB
Cached:           138064 kB
MemTotal:        1844596 kB
MemFree:         1512904 kB
MemAvailable:    1542676 kB
Buffers:           24320 kB
Cached:           138064 kB
MemTotal:        1844596 kB
MemFree:         1514204 kB
MemAvailable:    1543976 kB
Buffers:           24320 kB
Cached:           138064 kB
MemTotal:        1844596 kB
MemFree:         1513144 kB
MemAvailable:    1542916 kB
Buffers:           24320 kB
Cached:           138064 kB
MemTotal:        1844596 kB
MemFree:         1514088 kB
MemAvailable:    1543860 kB
Buffers:           24320 kB
Cached:           138064 kB
MemTotal:        1844596 kB
MemFree:         1514340 kB
MemAvailable:    1544112 kB
Buffers:           24320 kB
Cached:           138064 kB
MemTotal:        1844596 kB
MemFree:         1514116 kB
MemAvailable:    1543888 kB
Buffers:           24320 kB
Cached:           138064 kB
MemTotal:        1844596 kB
MemFree:         1514368 kB
MemAvailable:    1544140 kB
Buffers:           24320 kB
Cached:           138064 kB
MemTotal:        1844596 kB
MemFree:         1514148 kB
MemAvailable:    1543920 kB
Buffers:           24320 kB
Cached:           138064 kB
MemTotal:        1844596 kB
MemFree:         1512968 kB
MemAvailable:    1542740 kB
Buffers:           24320 kB
Cached:           138064 kB
MemTotal:        1844596 kB
MemFree:         1512880 kB
MemAvailable:    1542652 kB
Buffers:           24320 kB
Cached:           138064 kB
MemTotal:        1844596 kB
MemFree:         1512996 kB
MemAvailable:    1542768 kB
Buffers:           24320 kB
Cached:           138064 kB
MemTotal:        1844596 kB
MemFree:         1514156 kB
MemAvailable:    1543928 kB
Buffers:           24320 kB
Cached:           138064 kB
MemTotal:        1844596 kB
MemFree:         1513956 kB
MemAvailable:    1543728 kB
Buffers:           24320 kB
Cached:           138064 kB
MemTotal:        1844596 kB
MemFree:         1512904 kB
MemAvailable:    1542676 kB
Buffers:           24320 kB
Cached:           138064 kB
MemTotal:        1844596 kB
MemFree:         1513512 kB
MemAvailable:    1543284 kB
Buffers:           24320 kB
Cached:           138064 kB
MemTotal:        1844596 kB
MemFree:         1512532 kB
MemAvailable:    1542304 kB
Buffers:           24320 kB
Cached:           138064 kB
MemTotal:        1844596 kB
MemFree:         1512888 kB
MemAvailable:    1542664 kB
Buffers:           24320 kB
Cached:           138068 kB
MemTotal:        1844596 kB
MemFree:         1512888 kB
MemAvailable:    1542664 kB
Buffers:           24320 kB
Cached:           138068 kB
MemTotal:        1844596 kB
MemFree:         1512392 kB
MemAvailable:    1542168 kB
Buffers:           24320 kB
Cached:           138068 kB
MemTotal:        1844596 kB
MemFree:         1511144 kB
MemAvailable:    1540920 kB
Buffers:           24320 kB
Cached:           138068 kB
MemTotal:        1844596 kB
MemFree:         1511352 kB
MemAvailable:    1541128 kB
Buffers:           24320 kB
Cached:           138068 kB
MemTotal:        1844596 kB
MemFree:         1511220 kB
MemAvailable:    1540996 kB
Buffers:           24320 kB
Cached:           138068 kB
MemTotal:        1844596 kB
MemFree:         1511220 kB
MemAvailable:    1540996 kB
Buffers:           24320 kB
Cached:           138068 kB
MemTotal:        1844596 kB
MemFree:         1509308 kB
MemAvailable:    1539084 kB
Buffers:           24320 kB
Cached:           138068 kB
MemTotal:        1844596 kB
MemFree:         1509796 kB
MemAvailable:    1539572 kB
Buffers:           24320 kB
Cached:           138068 kB
MemTotal:        1844596 kB
MemFree:         1510472 kB
MemAvailable:    1540248 kB
Buffers:           24320 kB
Cached:           138068 kB
MemTotal:        1844596 kB
MemFree:         1510724 kB
MemAvailable:    1540500 kB
Buffers:           24320 kB
Cached:           138068 kB
MemTotal:        1844596 kB
MemFree:         1510268 kB
MemAvailable:    1540044 kB
Buffers:           24320 kB
Cached:           138068 kB
MemTotal:        1844596 kB
MemFree:         1510352 kB
MemAvailable:    1540128 kB
Buffers:           24320 kB
Cached:           138068 kB
MemTotal:        1844596 kB
MemFree:         1509040 kB
MemAvailable:    1538816 kB
Buffers:           24320 kB
Cached:           138068 kB
MemTotal:        1844596 kB
MemFree:         1510156 kB
MemAvailable:    1539932 kB
Buffers:           24320 kB
Cached:           138068 kB
MemTotal:        1844596 kB
MemFree:         1510100 kB
MemAvailable:    1539876 kB
Buffers:           24320 kB
Cached:           138068 kB
MemTotal:        1844596 kB
MemFree:         1510352 kB
MemAvailable:    1540128 kB
Buffers:           24320 kB
Cached:           138068 kB
MemTotal:        1844596 kB
MemFree:         1510148 kB
MemAvailable:    1539924 kB
Buffers:           24320 kB
Cached:           138068 kB
MemTotal:        1844596 kB
MemFree:         1510484 kB
MemAvailable:    1540260 kB
Buffers:           24320 kB
Cached:           138068 kB
MemTotal:        1844596 kB
MemFree:         1509928 kB
MemAvailable:    1539704 kB
Buffers:           24320 kB
Cached:           138068 kB
MemTotal:        1844596 kB
MemFree:         1508556 kB
MemAvailable:    1538332 kB
Buffers:           24320 kB
Cached:           138068 kB
MemTotal:        1844596 kB
MemFree:         1508680 kB
MemAvailable:    1538456 kB
Buffers:           24320 kB
Cached:           138068 kB
MemTotal:        1844596 kB
MemFree:         1509616 kB
MemAvailable:    1539396 kB
Buffers:           24320 kB
Cached:           138072 kB
MemTotal:        1844596 kB
MemFree:         1503976 kB
MemAvailable:    1533756 kB
Buffers:           24320 kB
Cached:           138072 kB
MemTotal:        1844596 kB
MemFree:         1500688 kB
MemAvailable:    1530468 kB
Buffers:           24320 kB
Cached:           138072 kB
MemTotal:        1844596 kB
MemFree:         1500440 kB
MemAvailable:    1530304 kB
Buffers:           24320 kB
Cached:           138196 kB
MemTotal:        1844596 kB
MemFree:         1499008 kB
MemAvailable:    1528956 kB
Buffers:           24320 kB
Cached:           138320 kB
MemTotal:        1844596 kB
MemFree:         1499512 kB
MemAvailable:    1529544 kB
Buffers:           24320 kB
Cached:           138320 kB
MemTotal:        1844596 kB
MemFree:         1499812 kB
MemAvailable:    1530012 kB
Buffers:           24320 kB
Cached:           138444 kB
MemTotal:        1844596 kB
MemFree:         1499812 kB
MemAvailable:    1530012 kB
Buffers:           24320 kB
Cached:           138444 kB
MemTotal:        1844596 kB
MemFree:         1499688 kB
MemAvailable:    1530056 kB
Buffers:           24320 kB
Cached:           138568 kB
MemTotal:        1844596 kB
MemFree:         1499688 kB
MemAvailable:    1530056 kB
Buffers:           24320 kB
Cached:           138568 kB
MemTotal:        1844596 kB
MemFree:         1499564 kB
MemAvailable:    1529932 kB
Buffers:           24320 kB
Cached:           138692 kB
MemTotal:        1844596 kB
MemFree:         1499564 kB
MemAvailable:    1529932 kB
Buffers:           24320 kB
Cached:           138692 kB
MemTotal:        1844596 kB
MemFree:         1499504 kB
MemAvailable:    1529872 kB
Buffers:           24320 kB
Cached:           138692 kB
MemTotal:        1844596 kB
MemFree:         1499664 kB
MemAvailable:    1530032 kB
Buffers:           24320 kB
Cached:           138692 kB
MemTotal:        1844596 kB
MemFree:         1499836 kB
MemAvailable:    1530204 kB
Buffers:           24320 kB
Cached:           138692 kB
MemTotal:        1844596 kB
MemFree:         1499440 kB
MemAvailable:    1529808 kB
Buffers:           24320 kB
Cached:           138692 kB
MemTotal:        1844596 kB
MemFree:         1499776 kB
MemAvailable:    1530144 kB
Buffers:           24320 kB
Cached:           138692 kB
MemTotal:        1844596 kB
MemFree:         1499576 kB
MemAvailable:    1529356 kB
Buffers:           24320 kB
Cached:           138144 kB
MemTotal:        1844596 kB
MemFree:         1498844 kB
MemAvailable:    1528624 kB
Buffers:           24320 kB
Cached:           138144 kB
MemTotal:        1844596 kB
MemFree:         1569720 kB
MemAvailable:    1599500 kB
Buffers:           24320 kB
Cached:           138144 kB
