MemTotal:        1844596 kB
MemFree:         1194472 kB
MemAvailable:    1542988 kB
Buffers:           61356 kB
Cached:           402460 kB
MemTotal:        1844596 kB
MemFree:         1192976 kB
MemAvailable:    1541492 kB
Buffers:           61356 kB
Cached:           402460 kB
MemTotal:        1844596 kB
MemFree:         1190248 kB
MemAvailable:    1538764 kB
Buffers:           61356 kB
Cached:           402460 kB
MemTotal:        1844596 kB
MemFree:         1188124 kB
MemAvailable:    1536644 kB
Buffers:           61356 kB
Cached:           402464 kB
MemTotal:        1844596 kB
MemFree:         1187960 kB
MemAvailable:    1536480 kB
Buffers:           61356 kB
Cached:           402464 kB
MemTotal:        1844596 kB
MemFree:         1189484 kB
MemAvailable:    1538004 kB
Buffers:           61356 kB
Cached:           402464 kB
MemTotal:        1844596 kB
MemFree:         1188876 kB
MemAvailable:    1537396 kB
Buffers:           61356 kB
Cached:           402464 kB
MemTotal:        1844596 kB
MemFree:         1185776 kB
MemAvailable:    1534296 kB
Buffers:           61356 kB
Cached:           402464 kB
MemTotal:        1844596 kB
MemFree:         1185544 kB
MemAvailable:    1534064 kB
Buffers:           61356 kB
Cached:           402464 kB
MemTotal:        1844596 kB
MemFree:         1182372 kB
MemAvailable:    1530892 kB
Buffers:           61356 kB
Cached:           402464 kB
MemTotal:        1844596 kB
MemFree:         1178468 kB
MemAvailable:    1526988 kB
Buffers:           61356 kB
Cached:           402464 kB
MemTotal:        1844596 kB
MemFree:         1179564 kB
MemAvailable:    1528084 kB
Buffers:           61356 kB
Cached:           402464 kB
MemTotal:        1844596 kB
MemFree:         1179544 kB
MemAvailable:    1528064 kB
Buffers:           61356 kB
Cached:           402464 kB
MemTotal:        1844596 kB
MemFree:         1178716 kB
MemAvailable:    1527236 kB
Buffers:           61356 kB
Cached:           402464 kB
MemTotal:        1844596 kB
MemFree:         1179280 kB
MemAvailable:    1527800 kB
Buffers:           61356 kB
Cached:           402464 kB
MemTotal:        1844596 kB
MemFree:         1179532 kB
MemAvailable:    1528052 kB
Buffers:           61356 kB
Cached:           402464 kB
MemTotal:        1844596 kB
MemFree:         1178220 kB
MemAvailable:    1526740 kB
Buffers:           61356 kB
Cached:           402464 kB
MemTotal:        1844596 kB
MemFree:         1178336 kB
MemAvailable:    1526856 kB
Buffers:           61356 kB
Cached:           402464 kB
MemTotal:        1844596 kB
MemFree:         1177352 kB
MemAvailable:    1525872 kB
Buffers:           61356 kB
Cached:           402464 kB
MemTotal:        1844596 kB
MemFree:         1177536 kB
MemAvailable:    1526056 kB
Buffers:           61356 kB
Cached:           402464 kB
MemTotal:        1844596 kB
MemFree:         1176608 kB
MemAvailable:    1525128 kB
Buffers:           61356 kB
Cached:           402464 kB
MemTotal:        1844596 kB
MemFree:         1176828 kB
MemAvailable:    1525348 kB
Buffers:           61356 kB
Cached:           402464 kB
MemTotal:        1844596 kB
MemFree:         1177164 kB
MemAvailable:    1525684 kB
Buffers:           61356 kB
Cached:           402464 kB
MemTotal:        1844596 kB
MemFree:         1175608 kB
MemAvailable:    1524128 kB
Buffers:           61356 kB
Cached:           402464 kB
MemTotal:        1844596 kB
MemFree:         1177064 kB
MemAvailable:    1525584 kB
Buffers:           61356 kB
Cached:           402464 kB
MemTotal:        1844596 kB
MemFree:         1175740 kB
MemAvailable:    1524260 kB
Buffers:           61356 kB
Cached:           402464 kB
MemTotal:        1844596 kB
MemFree:         1177180 kB
MemAvailable:    1525700 kB
Buffers:           61356 kB
Cached:           402464 kB
MemTotal:        1844596 kB
MemFree:         1175740 kB
MemAvailable:    1524260 kB
Buffers:           61356 kB
Cached:           402464 kB
MemTotal:        1844596 kB
MemFree:         1175700 kB
MemAvailable:    1524220 kB
Buffers:           61356 kB
Cached:           402464 kB
MemTotal:        1844596 kB
MemFree:         1178184 kB
MemAvailable:    1526704 kB
Buffers:           61356 kB
Cached:           402464 kB
MemTotal:        1844596 kB
MemFree:         1178204 kB
MemAvailable:    1526724 kB
Buffers:           61356 kB
Cached:           402464 kB
MemTotal:        1844596 kB
MemFree:         1175484 kB
MemAvailable:    1524004 kB
Buffers:           61356 kB
Cached:           402464 kB
MemTotal:        1844596 kB
MemFree:         1175936 kB
MemAvailable:    1524456 kB
Buffers:           61356 kB
Cached:           402464 kB
MemTotal:        1844596 kB
MemFree:         1173632 kB
MemAvailable:    1522152 kB
Buffers:           61356 kB
Cached:           402464 kB
MemTotal:        1844596 kB
MemFree:         1174188 kB
MemAvailable:    1522708 kB
Buffers:           61356 kB
Cached:           402464 kB
MemTotal:        1844596 kB
MemFree:         1172888 kB
MemAvailable:    1521408 kB
Buffers:           61356 kB
Cached:           402464 kB
MemTotal:        1844596 kB
MemFree:         1173436 kB
MemAvailable:    1521956 kB
Buffers:           61356 kB
Cached:           402464 kB
MemTotal:        1844596 kB
MemFree:         1173436 kB
MemAvailable:    1521956 kB
Buffers:           61356 kB
Cached:           402464 kB
MemTotal:        1844596 kB
MemFree:         1172872 kB
MemAvailable:    1521392 kB
Buffers:           61356 kB
Cached:           402464 kB
MemTotal:        1844596 kB
MemFree:         1172888 kB
MemAvailable:    1521408 kB
Buffers:           61356 kB
Cached:           402464 kB
MemTotal:        1844596 kB
MemFree:         1171592 kB
MemAvailable:    1520112 kB
Buffers:           61356 kB
Cached:           402464 kB
MemTotal:        1844596 kB
MemFree:         1172136 kB
MemAvailable:    1520656 kB
Buffers:           61356 kB
Cached:           402464 kB
MemTotal:        1844596 kB
MemFree:         1173320 kB
MemAvailable:    1521840 kB
Buffers:           61356 kB
Cached:           402464 kB
MemTotal:        1844596 kB
MemFree:         1173320 kB
MemAvailable:    1521840 kB
Buffers:           61356 kB
Cached:           402464 kB
MemTotal:        1844596 kB
MemFree:         1172824 kB
MemAvailable:    1521344 kB
Buffers:           61356 kB
Cached:           402464 kB
MemTotal:        1844596 kB
MemFree:         1171648 kB
MemAvailable:    1520168 kB
Buffers:           61356 kB
Cached:           402464 kB
MemTotal:        1844596 kB
MemFree:         1172248 kB
MemAvailable:    1520768 kB
Buffers:           61356 kB
Cached:           402464 kB
MemTotal:        1844596 kB
MemFree:         1172248 kB
MemAvailable:    1520768 kB
Buffers:           61356 kB
Cached:           402464 kB
MemTotal:        1844596 kB
MemFree:         1170384 kB
MemAvailable:    1518904 kB
Buffers:           61356 kB
Cached:           402464 kB
MemTotal:        1844596 kB
MemFree:         1170512 kB
MemAvailable:    1519032 kB
Buffers:           61356 kB
Cached:           402464 kB
MemTotal:        1844596 kB
MemFree:         1170596 kB
MemAvailable:    1519116 kB
Buffers:           61356 kB
Cached:           402464 kB
MemTotal:        1844596 kB
MemFree:         1170720 kB
MemAvailable:    1519240 kB
Buffers:           61356 kB
Cached:           402464 kB
MemTotal:        1844596 kB
MemFree:         1170720 kB
MemAvailable:    1519240 kB
Buffers:           61356 kB
Cached:           402464 kB
MemTotal:        1844596 kB
MemFree:         1172020 kB
MemAvailable:    1520540 kB
Buffers:           61356 kB
Cached:           402464 kB
MemTotal:        1844596 kB
MemFree:         1171936 kB
MemAvailable:    1520456 kB
Buffers:           61356 kB
Cached:           402464 kB
MemTotal:        1844596 kB
MemFree:         1171936 kB
MemAvailable:    1520456 kB
Buffers:           61356 kB
Cached:           402464 kB
MemTotal:        1844596 kB
MemFree:         1171948 kB
MemAvailable:    1520468 kB
Buffers:           61356 kB
Cached:           402464 kB
MemTotal:        1844596 kB
MemFree:         1170452 kB
MemAvailable:    1518972 kB
Buffers:           61356 kB
Cached:           402464 kB
MemTotal:        1844596 kB
MemFree:         1170452 kB
MemAvailable:    1518972 kB
Buffers:           61356 kB
Cached:           402464 kB
MemTotal:        1844596 kB
MemFree:         1170568 kB
MemAvailable:    1519088 kB
Buffers:           61356 kB
Cached:           402464 kB
MemTotal:        1844596 kB
MemFree:         1171260 kB
MemAvailable:    1519780 kB
Buffers:           61356 kB
Cached:           402464 kB
MemTotal:        1844596 kB
MemFree:         1171400 kB
MemAvailable:    1519920 kB
Buffers:           61356 kB
Cached:           402464 kB
MemTotal:        1844596 kB
MemFree:         1170988 kB
MemAvailable:    1519508 kB
Buffers:           61356 kB
Cached:           402464 kB
MemTotal:        1844596 kB
MemFree:         1171240 kB
MemAvailable:    1519760 kB
Buffers:           61356 kB
Cached:           402464 kB
MemTotal:        1844596 kB
MemFree:         1170856 kB
MemAvailable:    1519376 kB
Buffers:           61356 kB
Cached:           402464 kB
MemTotal:        1844596 kB
MemFree:         1171108 kB
MemAvailable:    1519628 kB
Buffers:           61356 kB
Cached:           402464 kB
MemTotal:        1844596 kB
MemFree:         1169584 kB
MemAvailable:    1518104 kB
Buffers:           61356 kB
Cached:           402464 kB
MemTotal:        1844596 kB
MemFree:         1169716 kB
MemAvailable:    1518236 kB
Buffers:           61356 kB
Cached:           402464 kB
MemTotal:        1844596 kB
MemFree:         1170808 kB
MemAvailable:    1519328 kB
Buffers:           61356 kB
Cached:           402464 kB
MemTotal:        1844596 kB
MemFree:         1170808 kB
MemAvailable:    1519328 kB
Buffers:           61356 kB
Cached:           402464 kB
MemTotal:        1844596 kB
MemFree:         1170816 kB
MemAvailable:    1519336 kB
Buffers:           61356 kB
Cached:           402464 kB
MemTotal:        1844596 kB
MemFree:         1170768 kB
MemAvailable:    1519288 kB
Buffers:           61356 kB
Cached:           402464 kB
MemTotal:        1844596 kB
MemFree:         1169912 kB
MemAvailable:    1518432 kB
Buffers:           61356 kB
Cached:           402464 kB
MemTotal:        1844596 kB
MemFree:         1168772 kB
MemAvailable:    1517292 kB
Buffers:           61356 kB
Cached:           402464 kB
MemTotal:        1844596 kB
MemFree:         1168900 kB
MemAvailable:    1517420 kB
Buffers:           61356 kB
Cached:           402464 kB
MemTotal:        1844596 kB
MemFree:         1165384 kB
MemAvailable:    1513904 kB
Buffers:           61356 kB
Cached:           402464 kB
MemTotal:        1844596 kB
MemFree:         1162836 kB
MemAvailable:    1511356 kB
Buffers:           61356 kB
Cached:           402464 kB
MemTotal:        1844596 kB
MemFree:         1163588 kB
MemAvailable:    1512108 kB
Buffers:           61356 kB
Cached:           402464 kB
MemTotal:        1844596 kB
MemFree:         1162084 kB
MemAvailable:    1510604 kB
Buffers:           61356 kB
Cached:           402464 kB
MemTotal:        1844596 kB
MemFree:         1163076 kB
MemAvailable:    1511596 kB
Buffers:           61356 kB
Cached:           402464 kB
MemTotal:        1844596 kB
MemFree:         1163160 kB
MemAvailable:    1511680 kB
Buffers:           61356 kB
Cached:           402464 kB
MemTotal:        1844596 kB
MemFree:         1162764 kB
MemAvailable:    1511284 kB
Buffers:           61356 kB
Cached:           402464 kB
MemTotal:        1844596 kB
MemFree:         1163016 kB
MemAvailable:    1511536 kB
Buffers:           61356 kB
Cached:           402464 kB
MemTotal:        1844596 kB
MemFree:         1162800 kB
MemAvailable:    1511320 kB
Buffers:           61356 kB
Cached:           402464 kB
MemTotal:        1844596 kB
MemFree:         1162884 kB
MemAvailable:    1511404 kB
Buffers:           61356 kB
Cached:           402464 kB
MemTotal:        1844596 kB
MemFree:         1162924 kB
MemAvailable:    1511444 kB
Buffers:           61356 kB
Cached:           402464 kB
MemTotal:        1844596 kB
MemFree:         1163072 kB
MemAvailable:    1511592 kB
Buffers:           61356 kB
Cached:           402464 kB
MemTotal:        1844596 kB
MemFree:         1161832 kB
MemAvailable:    1510352 kB
Buffers:           61356 kB
Cached:           402464 kB
MemTotal:        1844596 kB
MemFree:         1162216 kB
MemAvailable:    1510736 kB
Buffers:           61356 kB
Cached:           402464 kB
MemTotal:        1844596 kB
MemFree:         1162808 kB
MemAvailable:    1511328 kB
Buffers:           61356 kB
Cached:           402464 kB
MemTotal:        1844596 kB
MemFree:         1162892 kB
MemAvailable:    1511412 kB
Buffers:           61356 kB
Cached:           402464 kB
MemTotal:        1844596 kB
MemFree:         1162772 kB
MemAvailable:    1511292 kB
Buffers:           61356 kB
Cached:           402464 kB
MemTotal:        1844596 kB
MemFree:         1161920 kB
MemAvailable:    1510440 kB
Buffers:           61356 kB
Cached:           402464 kB
MemTotal:        1844596 kB
MemFree:         1162532 kB
MemAvailable:    1511052 kB
Buffers:           61356 kB
Cached:           402464 kB
MemTotal:        1844596 kB
MemFree:         1162276 kB
MemAvailable:    1510796 kB
Buffers:           61356 kB
Cached:           402464 kB
MemTotal:        1844596 kB
MemFree:         1161588 kB
MemAvailable:    1510108 kB
Buffers:           61356 kB
Cached:           402464 kB
MemTotal:        1844596 kB
MemFree:         1161588 kB
MemAvailable:    1510108 kB
Buffers:           61356 kB
Cached:           402464 kB
MemTotal:        1844596 kB
MemFree:         1161276 kB
MemAvailable:    1509796 kB
Buffers:           61356 kB
Cached:           402464 kB
MemTotal:        1844596 kB
MemFree:         1159844 kB
MemAvailable:    1508364 kB
Buffers:           61356 kB
Cached:           402464 kB
MemTotal:        1844596 kB
MemFree:         1159000 kB
MemAvailable:    1507520 kB
Buffers:           61356 kB
Cached:           402464 kB
MemTotal:        1844596 kB
MemFree:         1160176 kB
MemAvailable:    1508696 kB
Buffers:           61356 kB
Cached:           402464 kB
MemTotal:        1844596 kB
MemFree:         1159928 kB
MemAvailable:    1508448 kB
Buffers:           61356 kB
Cached:           402464 kB
MemTotal:        1844596 kB
MemFree:         1159928 kB
MemAvailable:    1508448 kB
Buffers:           61356 kB
Cached:           402464 kB
MemTotal:        1844596 kB
MemFree:         1158496 kB
MemAvailable:    1507028 kB
Buffers:           61356 kB
Cached:           402476 kB
MemTotal:        1844596 kB
MemFree:         1159680 kB
MemAvailable:    1508212 kB
Buffers:           61356 kB
Cached:           402476 kB
MemTotal:        1844596 kB
MemFree:         1159224 kB
MemAvailable:    1507756 kB
Buffers:           61356 kB
Cached:           402476 kB
MemTotal:        1844596 kB
MemFree:         1159100 kB
MemAvailable:    1507632 kB
Buffers:           61356 kB
Cached:           402476 kB
MemTotal:        1844596 kB
MemFree:         1158820 kB
MemAvailable:    1507352 kB
Buffers:           61356 kB
Cached:           402476 kB
MemTotal:        1844596 kB
MemFree:         1159072 kB
MemAvailable:    1507604 kB
Buffers:           61356 kB
Cached:           402476 kB
MemTotal:        1844596 kB
MemFree:         1159180 kB
MemAvailable:    1507712 kB
Buffers:           61356 kB
Cached:           402476 kB
MemTotal:        1844596 kB
MemFree:         1158388 kB
MemAvailable:    1506920 kB
Buffers:           61356 kB
Cached:           402476 kB
MemTotal:        1844596 kB
MemFree:         1159020 kB
MemAvailable:    1507552 kB
Buffers:           61356 kB
Cached:           402476 kB
MemTotal:        1844596 kB
MemFree:         1157628 kB
MemAvailable:    1506160 kB
Buffers:           61356 kB
Cached:           402476 kB
MemTotal:        1844596 kB
MemFree:         1158512 kB
MemAvailable:    1507044 kB
Buffers:           61356 kB
Cached:           402476 kB
MemTotal:        1844596 kB
MemFree:         1158612 kB
MemAvailable:    1507144 kB
Buffers:           61356 kB
Cached:           402476 kB
MemTotal:        1844596 kB
MemFree:         1158256 kB
MemAvailable:    1506788 kB
Buffers:           61356 kB
Cached:           402476 kB
MemTotal:        1844596 kB
MemFree:         1158420 kB
MemAvailable:    1506952 kB
Buffers:           61356 kB
Cached:           402476 kB
MemTotal:        1844596 kB
MemFree:         1158448 kB
MemAvailable:    1506980 kB
Buffers:           61356 kB
Cached:           402476 kB
MemTotal:        1844596 kB
MemFree:         1150048 kB
MemAvailable:    1498580 kB
Buffers:           61356 kB
Cached:           402476 kB
MemTotal:        1844596 kB
MemFree:         1150300 kB
MemAvailable:    1498832 kB
Buffers:           61356 kB
Cached:           402476 kB
MemTotal:        1844596 kB
MemFree:         1150000 kB
MemAvailable:    1498532 kB
Buffers:           61356 kB
Cached:           402476 kB
MemTotal:        1844596 kB
MemFree:         1150312 kB
MemAvailable:    1498844 kB
Buffers:           61356 kB
Cached:           402476 kB
MemTotal:        1844596 kB
MemFree:         1150008 kB
MemAvailable:    1498540 kB
Buffers:           61356 kB
Cached:           402476 kB
MemTotal:        1844596 kB
MemFree:         1148832 kB
MemAvailable:    1497364 kB
Buffers:           61356 kB
Cached:           402476 kB
MemTotal:        1844596 kB
MemFree:         1149832 kB
MemAvailable:    1498364 kB
Buffers:           61356 kB
Cached:           402476 kB
MemTotal:        1844596 kB
MemFree:         1151656 kB
MemAvailable:    1500188 kB
Buffers:           61356 kB
Cached:           402476 kB
MemTotal:        1844596 kB
MemFree:         1150444 kB
MemAvailable:    1498976 kB
Buffers:           61356 kB
Cached:           402476 kB
MemTotal:        1844596 kB
MemFree:         1151684 kB
MemAvailable:    1500216 kB
Buffers:           61356 kB
Cached:           402476 kB
MemTotal:        1844596 kB
MemFree:         1151572 kB
MemAvailable:    1500272 kB
Buffers:           61356 kB
Cached:           402724 kB
MemTotal:        1844596 kB
MemFree:         1151740 kB
MemAvailable:    1500440 kB
Buffers:           61356 kB
Cached:           402724 kB
MemTotal:        1844596 kB
MemFree:         1151376 kB
MemAvailable:    1500328 kB
Buffers:           61356 kB
Cached:           402848 kB
MemTotal:        1844596 kB
MemFree:         1150692 kB
MemAvailable:    1499644 kB
Buffers:           61356 kB
Cached:           402848 kB
MemTotal:        1844596 kB
MemFree:         1151300 kB
MemAvailable:    1500336 kB
Buffers:           61356 kB
Cached:           402972 kB
MemTotal:        1844596 kB
MemFree:         1151236 kB
MemAvailable:    1500356 kB
Buffers:           61356 kB
Cached:           402972 kB
MemTotal:        1844596 kB
MemFree:         1150988 kB
MemAvailable:    1500108 kB
Buffers:           61356 kB
Cached:           403096 kB
MemTotal:        1844596 kB
MemFree:         1151240 kB
MemAvailable:    1500360 kB
Buffers:           61356 kB
Cached:           403096 kB
MemTotal:        1844596 kB
MemFree:         1149760 kB
MemAvailable:    1498880 kB
Buffers:           61356 kB
Cached:           403096 kB
MemTotal:        1844596 kB
MemFree:         1151292 kB
MemAvailable:    1500412 kB
Buffers:           61356 kB
Cached:           403096 kB
MemTotal:        1844596 kB
MemFree:         1150980 kB
MemAvailable:    1500100 kB
Buffers:           61356 kB
Cached:           403096 kB
MemTotal:        1844596 kB
MemFree:         1151232 kB
MemAvailable:    1500352 kB
Buffers:           61356 kB
Cached:           403096 kB
MemTotal:        1844596 kB
MemFree:         1151164 kB
MemAvailable:    1500284 kB
Buffers:           61356 kB
Cached:           403096 kB
MemTotal:        1844596 kB
MemFree:         1150908 kB
MemAvailable:    1500112 kB
Buffers:           61356 kB
Cached:           403344 kB
MemTotal:        1844596 kB
MemFree:         1150404 kB
MemAvailable:    1498936 kB
Buffers:           61356 kB
Cached:           402504 kB
MemTotal:        1844596 kB
MemFree:         1219752 kB
MemAvailable:    1568284 kB
Buffers:           61356 kB
Cached:           402504 kB
