MemTotal:        1844596 kB
MemFree:         1355560 kB
MemAvailable:    1558696 kB
Buffers:           46440 kB
Cached:           284868 kB
MemTotal:        1844596 kB
MemFree:         1356252 kB
MemAvailable:    1559388 kB
Buffers:           46440 kB
Cached:           284868 kB
MemTotal:        1844596 kB
MemFree:         1352072 kB
MemAvailable:    1555208 kB
Buffers:           46440 kB
Cached:           284868 kB
MemTotal:        1844596 kB
MemFree:         1354004 kB
MemAvailable:    1557140 kB
Buffers:           46440 kB
Cached:           284868 kB
MemTotal:        1844596 kB
MemFree:         1352320 kB
MemAvailable:    1555456 kB
Buffers:           46440 kB
Cached:           284868 kB
MemTotal:        1844596 kB
MemFree:         1352656 kB
MemAvailable:    1555792 kB
Buffers:           46440 kB
Cached:           284868 kB
MemTotal:        1844596 kB
MemFree:         1351312 kB
MemAvailable:    1554448 kB
Buffers:           46440 kB
Cached:           284868 kB
MemTotal:        1844596 kB
MemFree:         1349368 kB
MemAvailable:    1552504 kB
Buffers:           46440 kB
Cached:           284868 kB
MemTotal:        1844596 kB
MemFree:         1346376 kB
MemAvailable:    1549512 kB
Buffers:           46440 kB
Cached:           284868 kB
MemTotal:        1844596 kB
MemFree:         1346376 kB
MemAvailable:    1549512 kB
Buffers:           46440 kB
Cached:           284868 kB
MemTotal:        1844596 kB
MemFree:         1341908 kB
MemAvailable:    1545044 kB
Buffers:           46440 kB
Cached:           284868 kB
MemTotal:        1844596 kB
MemFree:         1340432 kB
MemAvailable:    1543568 kB
Buffers:           46440 kB
Cached:           284868 kB
MemTotal:        1844596 kB
MemFree:         1341432 kB
MemAvailable:    1544568 kB
Buffers:           46440 kB
Cached:           284868 kB
MemTotal:        1844596 kB
MemFree:         1341260 kB
MemAvailable:    1544396 kB
Buffers:           46440 kB
Cached:           284868 kB
MemTotal:        1844596 kB
MemFree:         1341936 kB
MemAvailable:    1545072 kB
Buffers:           46440 kB
Cached:           284868 kB
MemTotal:        1844596 kB
MemFree:         1341928 kB
MemAvailable:    1545072 kB
Buffers:           46440 kB
Cached:           284872 kB
MemTotal:        1844596 kB
MemFree:         1342532 kB
MemAvailable:    1545676 kB
Buffers:           46440 kB
Cached:           284872 kB
MemTotal:        1844596 kB
MemFree:         1342532 kB
MemAvailable:    1545676 kB
Buffers:           46440 kB
Cached:           284872 kB
MemTotal:        1844596 kB
MemFree:         1341680 kB
MemAvailable:    1544824 kB
Buffers:           46440 kB
Cached:           284872 kB
MemTotal:        1844596 kB
MemFree:         1339936 kB
MemAvailable:    1543080 kB
Buffers:           46440 kB
Cached:           284872 kB
MemTotal:        1844596 kB
MemFree:         1338952 kB
MemAvailable:    1542096 kB
Buffers:           46440 kB
Cached:           284872 kB
MemTotal:        1844596 kB
MemFree:         1338944 kB
MemAvailable:    1542088 kB
Buffers:           46440 kB
Cached:           284872 kB
MemTotal:        1844596 kB
MemFree:         1340252 kB
MemAvailable:    1543396 kB
Buffers:           46440 kB
Cached:           284872 kB
MemTotal:        1844596 kB
MemFree:         1339988 kB
MemAvailable:    1543132 kB
Buffers:           46440 kB
Cached:           284872 kB
MemTotal:        1844596 kB
MemFree:         1339200 kB
MemAvailable:    1542344 kB
Buffers:           46440 kB
Cached:           284872 kB
MemTotal:        1844596 kB
MemFree:         1339956 kB
MemAvailable:    1543100 kB
Buffers:           46440 kB
Cached:           284872 kB
MemTotal:        1844596 kB
MemFree:         1338824 kB
MemAvailable:    1541968 kB
Buffers:           46440 kB
Cached:           284872 kB
MemTotal:        1844596 kB
MemFree:         1339920 kB
MemAvailable:    1543064 kB
Buffers:           46440 kB
Cached:           284872 kB
MemTotal:        1844596 kB
MemFree:         1340044 kB
MemAvailable:    1543188 kB
Buffers:           46440 kB
Cached:           284872 kB
MemTotal:        1844596 kB
MemFree:         1341248 kB
MemAvailable:    1544392 kB
Buffers:           46440 kB
Cached:           284872 kB
MemTotal:        1844596 kB
MemFree:         1341500 kB
MemAvailable:    1544644 kB
Buffers:           46440 kB
Cached:           284872 kB
MemTotal:        1844596 kB
MemFree:         1339912 kB
MemAvailable:    1543056 kB
Buffers:           46440 kB
Cached:           284872 kB
MemTotal:        1844596 kB
MemFree:         1339308 kB
MemAvailable:    1542452 kB
Buffers:           46440 kB
Cached:           284872 kB
MemTotal:        1844596 kB
MemFree:         1339392 kB
MemAvailable:    1542536 kB
Buffers:           46440 kB
Cached:           284872 kB
MemTotal:        1844596 kB
MemFree:         1337696 kB
MemAvailable:    1540840 kB
Buffers:           46440 kB
Cached:           284872 kB
MemTotal:        1844596 kB
MemFree:         1337780 kB
MemAvailable:    1540924 kB
Buffers:           46440 kB
Cached:           284872 kB
MemTotal:        1844596 kB
MemFree:         1337568 kB
MemAvailable:    1540712 kB
Buffers:           46440 kB
Cached:           284872 kB
MemTotal:        1844596 kB
MemFree:         1335976 kB
MemAvailable:    1539120 kB
Buffers:           46440 kB
Cached:           284872 kB
MemTotal:        1844596 kB
MemFree:         1335596 kB
MemAvailable:    1538744 kB
Buffers:           46440 kB
Cached:           284876 kB
MemTotal:        1844596 kB
MemFree:         1335108 kB
MemAvailable:    1538256 kB
Buffers:           46440 kB
Cached:           284876 kB
MemTotal:        1844596 kB
MemFree:         1334852 kB
MemAvailable:    1538000 kB
Buffers:           46440 kB
Cached:           284876 kB
MemTotal:        1844596 kB
MemFree:         1335100 kB
MemAvailable:    1538248 kB
Buffers:           46440 kB
Cached:           284876 kB
MemTotal:        1844596 kB
MemFree:         1336060 kB
MemAvailable:    1539208 kB
Buffers:           46440 kB
Cached:           284876 kB
MemTotal:        1844596 kB
MemFree:         1334860 kB
MemAvailable:    1538008 kB
Buffers:           46440 kB
Cached:           284876 kB
MemTotal:        1844596 kB
MemFree:         1335692 kB
MemAvailable:    1538840 kB
Buffers:           46440 kB
Cached:           284876 kB
MemTotal:        1844596 kB
MemFree:         1335944 kB
MemAvailable:    1539092 kB
Buffers:           46440 kB
Cached:           284876 kB
MemTotal:        1844596 kB
MemFree:         1335644 kB
MemAvailable:    1538792 kB
Buffers:           46440 kB
Cached:           284876 kB
MemTotal:        1844596 kB
MemFree:         1335312 kB
MemAvailable:    1538460 kB
Buffers:           46440 kB
Cached:           284876 kB
MemTotal:        1844596 kB
MemFree:         1335648 kB
MemAvailable:    1538796 kB
Buffers:           46440 kB
Cached:           284876 kB
MemTotal:        1844596 kB
MemFree:         1335108 kB
MemAvailable:    1538256 kB
Buffers:           46440 kB
Cached:           284876 kB
MemTotal:        1844596 kB
MemFree:         1333480 kB
MemAvailable:    1536628 kB
Buffers:           46440 kB
Cached:           284876 kB
MemTotal:        1844596 kB
MemFree:         1334828 kB
MemAvailable:    1537976 kB
Buffers:           46440 kB
Cached:           284876 kB
MemTotal:        1844596 kB
MemFree:         1335080 kB
MemAvailable:    1538228 kB
Buffers:           46440 kB
Cached:           284876 kB
MemTotal:        1844596 kB
MemFree:         1334780 kB
MemAvailable:    1537928 kB
Buffers:           46440 kB
Cached:           284876 kB
MemTotal:        1844596 kB
MemFree:         1335032 kB
MemAvailable:    1538180 kB
Buffers:           46440 kB
Cached:           284876 kB
MemTotal:        1844596 kB
MemFree:         1333472 kB
MemAvailable:    1536620 kB
Buffers:           46440 kB
Cached:           284876 kB
MemTotal:        1844596 kB
MemFree:         1333688 kB
MemAvailable:    1536836 kB
Buffers:           46440 kB
Cached:           284876 kB
MemTotal:        1844596 kB
MemFree:         1334672 kB
MemAvailable:    1537820 kB
Buffers:           46440 kB
Cached:           284876 kB
MemTotal:        1844596 kB
MemFree:         1334732 kB
MemAvailable:    1537880 kB
Buffers:           46440 kB
Cached:           284876 kB
MemTotal:        1844596 kB
MemFree:         1334824 kB
MemAvailable:    1537972 kB
Buffers:           46440 kB
Cached:           284876 kB
MemTotal:        1844596 kB
MemFree:         1334824 kB
MemAvailable:    1537972 kB
Buffers:           46440 kB
Cached:           284876 kB
MemTotal:        1844596 kB
MemFree:         1334472 kB
MemAvailable:    1537620 kB
Buffers:           46440 kB
Cached:           284876 kB
MemTotal:        1844596 kB
MemFree:         1334724 kB
MemAvailable:    1537872 kB
Buffers:           46440 kB
Cached:           284876 kB
MemTotal:        1844596 kB
MemFree:         1333240 kB
MemAvailable:    1536388 kB
Buffers:           46440 kB
Cached:           284876 kB
MemTotal:        1844596 kB
MemFree:         1333116 kB
MemAvailable:    1536264 kB
Buffers:           46440 kB
Cached:           284876 kB
MemTotal:        1844596 kB
MemFree:         1334176 kB
MemAvailable:    1537324 kB
Buffers:           46440 kB
Cached:           284876 kB
MemTotal:        1844596 kB
MemFree:         1332868 kB
MemAvailable:    1536016 kB
Buffers:           46440 kB
Cached:           284876 kB
MemTotal:        1844596 kB
MemFree:         1333920 kB
MemAvailable:    1537068 kB
Buffers:           46440 kB
Cached:           284876 kB
MemTotal:        1844596 kB
MemFree:         1333836 kB
MemAvailable:    1536984 kB
Buffers:           46440 kB
Cached:           284876 kB
MemTotal:        1844596 kB
MemFree:         1333736 kB
MemAvailable:    1536884 kB
Buffers:           46440 kB
Cached:           284876 kB
MemTotal:        1844596 kB
MemFree:         1333932 kB
MemAvailable:    1537080 kB
Buffers:           46440 kB
Cached:           284876 kB
MemTotal:        1844596 kB
MemFree:         1333000 kB
MemAvailable:    1536148 kB
Buffers:           46440 kB
Cached:           284876 kB
MemTotal:        1844596 kB
MemFree:         1333916 kB
MemAvailable:    1537064 kB
Buffers:           46440 kB
Cached:           284876 kB
MemTotal:        1844596 kB
MemFree:         1332692 kB
MemAvailable:    1535840 kB
Buffers:           46440 kB
Cached:           284876 kB
MemTotal:        1844596 kB
MemFree:         1332692 kB
MemAvailable:    1535840 kB
Buffers:           46440 kB
Cached:           284876 kB
MemTotal:        1844596 kB
MemFree:         1332560 kB
MemAvailable:    1535708 kB
Buffers:           46440 kB
Cached:           284876 kB
MemTotal:        1844596 kB
MemFree:         1332380 kB
MemAvailable:    1535528 kB
Buffers:           46440 kB
Cached:           284876 kB
MemTotal:        1844596 kB
MemFree:         1330520 kB
MemAvailable:    1533668 kB
Buffers:           46440 kB
Cached:           284876 kB
MemTotal:        1844596 kB
MemFree:         1327272 kB
MemAvailable:    1530420 kB
Buffers:           46440 kB
Cached:           284876 kB
MemTotal:        1844596 kB
MemFree:         1327272 kB
MemAvailable:    1530420 kB
Buffers:           46440 kB
Cached:           284876 kB
MemTotal:        1844596 kB
MemFree:         1326364 kB
MemAvailable:    1529512 kB
Buffers:           46440 kB
Cached:           284876 kB
MemTotal:        1844596 kB
MemFree:         1326116 kB
MemAvailable:    1529264 kB
Buffers:           46440 kB
Cached:           284876 kB
MemTotal:        1844596 kB
MemFree:         1324932 kB
MemAvailable:    1528080 kB
Buffers:           46440 kB
Cached:           284876 kB
MemTotal:        1844596 kB
MemFree:         1326016 kB
MemAvailable:    1529164 kB
Buffers:           46440 kB
Cached:           284876 kB
MemTotal:        1844596 kB
MemFree:         1325908 kB
MemAvailable:    1529056 kB
Buffers:           46440 kB
Cached:           284876 kB
MemTotal:        1844596 kB
MemFree:         1325928 kB
MemAvailable:    1529076 kB
Buffers:           46440 kB
Cached:           284876 kB
MemTotal:        1844596 kB
MemFree:         1325796 kB
MemAvailable:    1528944 kB
Buffers:           46440 kB
Cached:           284876 kB
MemTotal:        1844596 kB
MemFree:         1324788 kB
MemAvailable:    1527936 kB
Buffers:           46440 kB
Cached:           284876 kB
MemTotal:        1844596 kB
MemFree:         1325180 kB
MemAvailable:    1528328 kB
Buffers:           46440 kB
Cached:           284876 kB
MemTotal:        1844596 kB
MemFree:         1325188 kB
MemAvailable:    1528336 kB
Buffers:           46440 kB
Cached:           284876 kB
MemTotal:        1844596 kB
MemFree:         1326032 kB
MemAvailable:    1529180 kB
Buffers:           46440 kB
Cached:           284876 kB
MemTotal:        1844596 kB
MemFree:         1326368 kB
MemAvailable:    1529516 kB
Buffers:           46440 kB
Cached:           284876 kB
MemTotal:        1844596 kB
MemFree:         1325908 kB
MemAvailable:    1529056 kB
Buffers:           46440 kB
Cached:           284876 kB
MemTotal:        1844596 kB
MemFree:         1325428 kB
MemAvailable:    1528576 kB
Buffers:           46440 kB
Cached:           284876 kB
MemTotal:        1844596 kB
MemFree:         1325932 kB
MemAvailable:    1529080 kB
Buffers:           46440 kB
Cached:           284876 kB
MemTotal:        1844596 kB
MemFree:         1325668 kB
MemAvailable:    1528816 kB
Buffers:           46440 kB
Cached:           284876 kB
MemTotal:        1844596 kB
MemFree:         1325920 kB
MemAvailable:    1529068 kB
Buffers:           46440 kB
Cached:           284876 kB
MemTotal:        1844596 kB
MemFree:         1325436 kB
MemAvailable:    1528584 kB
Buffers:           46440 kB
Cached:           284876 kB
MemTotal:        1844596 kB
MemFree:         1325148 kB
MemAvailable:    1528296 kB
Buffers:           46440 kB
Cached:           284876 kB
MemTotal:        1844596 kB
MemFree:         1324420 kB
MemAvailable:    1527568 kB
Buffers:           46440 kB
Cached:           284876 kB
MemTotal:        1844596 kB
MemFree:         1323204 kB
MemAvailable:    1526352 kB
Buffers:           46440 kB
Cached:           284876 kB
MemTotal:        1844596 kB
MemFree:         1324368 kB
MemAvailable:    1527516 kB
Buffers:           46440 kB
Cached:           284876 kB
MemTotal:        1844596 kB
MemFree:         1323196 kB
MemAvailable:    1526344 kB
Buffers:           46440 kB
Cached:           284876 kB
MemTotal:        1844596 kB
MemFree:         1324072 kB
MemAvailable:    1527220 kB
Buffers:           46440 kB
Cached:           284876 kB
MemTotal:        1844596 kB
MemFree:         1322212 kB
MemAvailable:    1525360 kB
Buffers:           46440 kB
Cached:           284876 kB
MemTotal:        1844596 kB
MemFree:         1322088 kB
MemAvailable:    1525236 kB
Buffers:           46440 kB
Cached:           284876 kB
MemTotal:        1844596 kB
MemFree:         1322212 kB
MemAvailable:    1525368 kB
Buffers:           46440 kB
Cached:           284884 kB
MemTotal:        1844596 kB
MemFree:         1322700 kB
MemAvailable:    1525856 kB
Buffers:           46440 kB
Cached:           284884 kB
MemTotal:        1844596 kB
MemFree:         1322644 kB
MemAvailable:    1525800 kB
Buffers:           46440 kB
Cached:           284884 kB
MemTotal:        1844596 kB
MemFree:         1322644 kB
MemAvailable:    1525800 kB
Buffers:           46440 kB
Cached:           284884 kB
MemTotal:        1844596 kB
MemFree:         1322196 kB
MemAvailable:    1525352 kB
Buffers:           46440 kB
Cached:           284884 kB
MemTotal:        1844596 kB
MemFree:         1322212 kB
MemAvailable:    1525368 kB
Buffers:           46440 kB
Cached:           284884 kB
MemTotal:        1844596 kB
MemFree:         1321884 kB
MemAvailable:    1525040 kB
Buffers:           46440 kB
Cached:           284884 kB
MemTotal:        1844596 kB
MemFree:         1322032 kB
MemAvailable:    1525188 kB
Buffers:           46440 kB
Cached:           284884 kB
MemTotal:        1844596 kB
MemFree:         1321880 kB
MemAvailable:    1525036 kB
Buffers:           46440 kB
Cached:           284884 kB
MemTotal:        1844596 kB
MemFree:         1321964 kB
MemAvailable:    1525120 kB
Buffers:           46440 kB
Cached:           284884 kB
MemTotal:        1844596 kB
MemFree:         1321996 kB
MemAvailable:    1525152 kB
Buffers:           46440 kB
Cached:           284884 kB
MemTotal:        1844596 kB
MemFree:         1321992 kB
MemAvailable:    1525148 kB
Buffers:           46440 kB
Cached:           284884 kB
MemTotal:        1844596 kB
MemFree:         1321992 kB
MemAvailable:    1525148 kB
Buffers:           46440 kB
Cached:           284884 kB
MemTotal:        1844596 kB
MemFree:         1321568 kB
MemAvailable:    1524724 kB
Buffers:           46440 kB
Cached:           284884 kB
MemTotal:        1844596 kB
MemFree:         1321716 kB
MemAvailable:    1524872 kB
Buffers:           46440 kB
Cached:           284884 kB
MemTotal:        1844596 kB
MemFree:         1318980 kB
MemAvailable:    1522136 kB
Buffers:           46440 kB
Cached:           284884 kB
MemTotal:        1844596 kB
MemFree:         1314524 kB
MemAvailable:    1517680 kB
Buffers:           46440 kB
Cached:           284884 kB
MemTotal:        1844596 kB
MemFree:         1313408 kB
MemAvailable:    1516568 kB
Buffers:           46440 kB
Cached:           284888 kB
MemTotal:        1844596 kB
MemFree:         1313004 kB
MemAvailable:    1516164 kB
Buffers:           46440 kB
Cached:           284888 kB
MemTotal:        1844596 kB
MemFree:         1313340 kB
MemAvailable:    1516500 kB
Buffers:           46440 kB
Cached:           284888 kB
MemTotal:        1844596 kB
MemFree:         1312964 kB
MemAvailable:    1516124 kB
Buffers:           46440 kB
Cached:           284888 kB
MemTotal:        1844596 kB
MemFree:         1312900 kB
MemAvailable:    1515936 kB
Buffers:           46440 kB
Cached:           284888 kB
MemTotal:        1844596 kB
MemFree:         1313156 kB
MemAvailable:    1516316 kB
Buffers:           46440 kB
Cached:           284888 kB
MemTotal:        1844596 kB
MemFree:         1312416 kB
MemAvailable:    1515576 kB
Buffers:           46440 kB
Cached:           284888 kB
MemTotal:        1844596 kB
MemFree:         1315204 kB
MemAvailable:    1518364 kB
Buffers:           46440 kB
Cached:           284888 kB
MemTotal:        1844596 kB
MemFree:         1313980 kB
MemAvailable:    1517140 kB
Buffers:           46440 kB
Cached:           284888 kB
MemTotal:        1844596 kB
MemFree:         1315156 kB
MemAvailable:    1518400 kB
Buffers:           46440 kB
Cached:           285012 kB
MemTotal:        1844596 kB
MemFree:         1315096 kB
MemAvailable:    1518508 kB
Buffers:           46440 kB
Cached:           285136 kB
MemTotal:        1844596 kB
MemFree:         1314988 kB
MemAvailable:    1518484 kB
Buffers:           46440 kB
Cached:           285260 kB
MemTotal:        1844596 kB
MemFree:         1315240 kB
MemAvailable:    1518736 kB
Buffers:           46440 kB
Cached:           285260 kB
MemTotal:        1844596 kB
MemFree:         1314624 kB
MemAvailable:    1518288 kB
Buffers:           46440 kB
Cached:           285384 kB
MemTotal:        1844596 kB
MemFree:         1314708 kB
MemAvailable:    1518372 kB
Buffers:           46440 kB
Cached:           285384 kB
MemTotal:        1844596 kB
MemFree:         1314688 kB
MemAvailable:    1518352 kB
Buffers:           46440 kB
Cached:           285384 kB
MemTotal:        1844596 kB
MemFree:         1314488 kB
MemAvailable:    1518152 kB
Buffers:           46440 kB
Cached:           285384 kB
MemTotal:        1844596 kB
MemFree:         1313132 kB
MemAvailable:    1516796 kB
Buffers:           46440 kB
Cached:           285508 kB
MemTotal:        1844596 kB
MemFree:         1313256 kB
MemAvailable:    1517004 kB
Buffers:           46440 kB
Cached:           285508 kB
MemTotal:        1844596 kB
MemFree:         1314572 kB
MemAvailable:    1518320 kB
Buffers:           46440 kB
Cached:           285508 kB
MemTotal:        1844596 kB
MemFree:         1313256 kB
MemAvailable:    1517004 kB
Buffers:           46440 kB
Cached:           285508 kB
MemTotal:        1844596 kB
MemFree:         1314356 kB
MemAvailable:    1518104 kB
Buffers:           46440 kB
Cached:           285508 kB
MemTotal:        1844596 kB
MemFree:         1313628 kB
MemAvailable:    1517376 kB
Buffers:           46440 kB
Cached:           285508 kB
MemTotal:        1844596 kB
MemFree:         1313120 kB
MemAvailable:    1516868 kB
Buffers:           46440 kB
Cached:           285508 kB
MemTotal:        1844596 kB
MemFree:         1381284 kB
MemAvailable:    1584444 kB
Buffers:           46440 kB
Cached:           285000 kB
MemTotal:        1844596 kB
MemFree:         1382964 kB
MemAvailable:    1586124 kB
Buffers:           46440 kB
Cached:           285000 kB
