MemTotal:        1844596 kB
MemFree:         1493756 kB
MemAvailable:    1566628 kB
Buffers:           29504 kB
Cached:           176972 kB
MemTotal:        1844596 kB
MemFree:         1493692 kB
MemAvailable:    1566564 kB
Buffers:           29504 kB
Cached:           176972 kB
MemTotal:        1844596 kB
MemFree:         1491896 kB
MemAvailable:    1564768 kB
Buffers:           29504 kB
Cached:           176972 kB
MemTotal:        1844596 kB
MemFree:         1491508 kB
MemAvailable:    1564380 kB
Buffers:           29504 kB
Cached:           176972 kB
MemTotal:        1844596 kB
MemFree:         1490480 kB
MemAvailable:    1563352 kB
Buffers:           29504 kB
Cached:           176972 kB
MemTotal:        1844596 kB
MemFree:         1488912 kB
MemAvailable:    1561784 kB
Buffers:           29504 kB
Cached:           176972 kB
MemTotal:        1844596 kB
MemFree:         1487416 kB
MemAvailable:    1560288 kB
Buffers:           29504 kB
Cached:           176972 kB
MemTotal:        1844596 kB
MemFree:         1487308 kB
MemAvailable:    1560180 kB
Buffers:           29504 kB
Cached:           176972 kB
MemTotal:        1844596 kB
MemFree:         1483572 kB
MemAvailable:    1556444 kB
Buffers:           29504 kB
Cached:           176972 kB
MemTotal:        1844596 kB
MemFree:         1483660 kB
MemAvailable:    1556532 kB
Buffers:           29504 kB
Cached:           176972 kB
MemTotal:        1844596 kB
MemFree:         1480176 kB
MemAvailable:    1553048 kB
Buffers:           29504 kB
Cached:           176972 kB
MemTotal:        1844596 kB
MemFree:         1478828 kB
MemAvailable:    1551700 kB
Buffers:           29504 kB
Cached:           176972 kB
MemTotal:        1844596 kB
MemFree:         1479076 kB
MemAvailable:    1551948 kB
Buffers:           29504 kB
Cached:           176972 kB
MemTotal:        1844596 kB
MemFree:         1479076 kB
MemAvailable:    1551948 kB
Buffers:           29504 kB
Cached:           176972 kB
MemTotal:        1844596 kB
MemFree:         1480300 kB
MemAvailable:    1553172 kB
Buffers:           29504 kB
Cached:           176972 kB
MemTotal:        1844596 kB
MemFree:         1479068 kB
MemAvailable:    1551940 kB
Buffers:           29504 kB
Cached:           176972 kB
MemTotal:        1844596 kB
MemFree:         1478504 kB
MemAvailable:    1551376 kB
Buffers:           29504 kB
Cached:           176972 kB
MemTotal:        1844596 kB
MemFree:         1478752 kB
MemAvailable:    1551624 kB
Buffers:           29504 kB
Cached:           176972 kB
MemTotal:        1844596 kB
MemFree:         1477264 kB
MemAvailable:    1550136 kB
Buffers:           29504 kB
Cached:           176972 kB
MemTotal:        1844596 kB
MemFree:         1477744 kB
MemAvailable:    1550620 kB
Buffers:           29504 kB
Cached:           176976 kB
MemTotal:        1844596 kB
MemFree:         1477828 kB
MemAvailable:    1550704 kB
Buffers:           29504 kB
Cached:           176976 kB
MemTotal:        1844596 kB
MemFree:         1476500 kB
MemAvailable:    1549376 kB
Buffers:           29504 kB
Cached:           176976 kB
MemTotal:        1844596 kB
MemFree:         1476376 kB
MemAvailable:    1549252 kB
Buffers:           29504 kB
Cached:           176976 kB
MemTotal:        1844596 kB
MemFree:         1477620 kB
MemAvailable:    1550496 kB
Buffers:           29504 kB
Cached:           176976 kB
MemTotal:        1844596 kB
MemFree:         1477872 kB
MemAvailable:    1550748 kB
Buffers:           29504 kB
Cached:           176976 kB
MemTotal:        1844596 kB
MemFree:         1477580 kB
MemAvailable:    1550456 kB
Buffers:           29504 kB
Cached:           176976 kB
MemTotal:        1844596 kB
MemFree:         1477836 kB
MemAvailable:    1550712 kB
Buffers:           29504 kB
Cached:           176976 kB
MemTotal:        1844596 kB
MemFree:         1478700 kB
MemAvailable:    1551576 kB
Buffers:           29504 kB
Cached:           176976 kB
MemTotal:        1844596 kB
MemFree:         1479036 kB
MemAvailable:    1551912 kB
Buffers:           29504 kB
Cached:           176976 kB
MemTotal:        1844596 kB
MemFree:         1478488 kB
MemAvailable:    1551364 kB
Buffers:           29504 kB
Cached:           176976 kB
MemTotal:        1844596 kB
MemFree:         1478488 kB
MemAvailable:    1551364 kB
Buffers:           29504 kB
Cached:           176976 kB
MemTotal:        1844596 kB
MemFree:         1475272 kB
MemAvailable:    1548148 kB
Buffers:           29504 kB
Cached:           176976 kB
MemTotal:        1844596 kB
MemFree:         1475528 kB
MemAvailable:    1548404 kB
Buffers:           29504 kB
Cached:           176976 kB
MemTotal:        1844596 kB
MemFree:         1475216 kB
MemAvailable:    1548092 kB
Buffers:           29504 kB
Cached:           176976 kB
MemTotal:        1844596 kB
MemFree:         1474528 kB
MemAvailable:    1547404 kB
Buffers:           29504 kB
Cached:           176976 kB
MemTotal:        1844596 kB
MemFree:         1474528 kB
MemAvailable:    1547404 kB
Buffers:           29504 kB
Cached:           176976 kB
MemTotal:        1844596 kB
MemFree:         1474460 kB
MemAvailable:    1547336 kB
Buffers:           29504 kB
Cached:           176976 kB
MemTotal:        1844596 kB
MemFree:         1473496 kB
MemAvailable:    1546372 kB
Buffers:           29504 kB
Cached:           176976 kB
MemTotal:        1844596 kB
MemFree:         1473752 kB
MemAvailable:    1546628 kB
Buffers:           29504 kB
Cached:           176976 kB
MemTotal:        1844596 kB
MemFree:         1473356 kB
MemAvailable:    1546232 kB
Buffers:           29504 kB
Cached:           176976 kB
MemTotal:        1844596 kB
MemFree:         1473692 kB
MemAvailable:    1546568 kB
Buffers:           29504 kB
Cached:           176976 kB
MemTotal:        1844596 kB
MemFree:         1473392 kB
MemAvailable:    1546268 kB
Buffers:           29504 kB
Cached:           176976 kB
MemTotal:        1844596 kB
MemFree:         1473728 kB
MemAvailable:    1546604 kB
Buffers:           29504 kB
Cached:           176976 kB
MemTotal:        1844596 kB
MemFree:         1473268 kB
MemAvailable:    1546144 kB
Buffers:           29504 kB
Cached:           176976 kB
MemTotal:        1844596 kB
MemFree:         1473352 kB
MemAvailable:    1546228 kB
Buffers:           29504 kB
Cached:           176976 kB
MemTotal:        1844596 kB
MemFree:         1472776 kB
MemAvailable:    1545652 kB
Buffers:           29504 kB
Cached:           176976 kB
MemTotal:        1844596 kB
MemFree:         1472776 kB
MemAvailable:    1545652 kB
Buffers:           29504 kB
Cached:           176976 kB
MemTotal:        1844596 kB
MemFree:         1472516 kB
MemAvailable:    1545392 kB
Buffers:           29504 kB
Cached:           176976 kB
MemTotal:        1844596 kB
MemFree:         1472428 kB
MemAvailable:    1545304 kB
Buffers:           29504 kB
Cached:           176976 kB
MemTotal:        1844596 kB
MemFree:         1471684 kB
MemAvailable:    1544560 kB
Buffers:           29504 kB
Cached:           176976 kB
MemTotal:        1844596 kB
MemFree:         1471180 kB
MemAvailable:    1544060 kB
Buffers:           29504 kB
Cached:           176980 kB
MemTotal:        1844596 kB
MemFree:         1471312 kB
MemAvailable:    1544192 kB
Buffers:           29504 kB
Cached:           176980 kB
MemTotal:        1844596 kB
MemFree:         1472676 kB
MemAvailable:    1545556 kB
Buffers:           29504 kB
Cached:           176980 kB
MemTotal:        1844596 kB
MemFree:         1472564 kB
MemAvailable:    1545444 kB
Buffers:           29504 kB
Cached:           176980 kB
MemTotal:        1844596 kB
MemFree:         1472400 kB
MemAvailable:    1545280 kB
Buffers:           29504 kB
Cached:           176980 kB
MemTotal:        1844596 kB
MemFree:         1472484 kB
MemAvailable:    1545364 kB
Buffers:           29504 kB
Cached:           176980 kB
MemTotal:        1844596 kB
MemFree:         1471180 kB
MemAvailable:    1544060 kB
Buffers:           29504 kB
Cached:           176980 kB
MemTotal:        1844596 kB
MemFree:         1471940 kB
MemAvailable:    1544820 kB
Buffers:           29504 kB
Cached:           176980 kB
MemTotal:        1844596 kB
MemFree:         1472288 kB
MemAvailable:    1545168 kB
Buffers:           29504 kB
Cached:           176980 kB
MemTotal:        1844596 kB
MemFree:         1471628 kB
MemAvailable:    1544508 kB
Buffers:           29504 kB
Cached:           176980 kB
MemTotal:        1844596 kB
MemFree:         1472164 kB
MemAvailable:    1545048 kB
Buffers:           29504 kB
Cached:           176984 kB
MemTotal:        1844596 kB
MemFree:         1472164 kB
MemAvailable:    1545048 kB
Buffers:           29504 kB
Cached:           176984 kB
MemTotal:        1844596 kB
MemFree:         1471736 kB
MemAvailable:    1544620 kB
Buffers:           29504 kB
Cached:           176984 kB
MemTotal:        1844596 kB
MemFree:         1471904 kB
MemAvailable:    1544788 kB
Buffers:           29504 kB
Cached:           176984 kB
MemTotal:        1844596 kB
MemFree:         1471488 kB
MemAvailable:    1544372 kB
Buffers:           29504 kB
Cached:           176984 kB
MemTotal:        1844596 kB
MemFree:         1470432 kB
MemAvailable:    1543316 kB
Buffers:           29504 kB
Cached:           176984 kB
MemTotal:        1844596 kB
MemFree:         1470288 kB
MemAvailable:    1543172 kB
Buffers:           29504 kB
Cached:           176984 kB
MemTotal:        1844596 kB
MemFree:         1471728 kB
MemAvailable:    1544612 kB
Buffers:           29504 kB
Cached:           176984 kB
MemTotal:        1844596 kB
MemFree:         1471420 kB
MemAvailable:    1544304 kB
Buffers:           29504 kB
Cached:           176984 kB
MemTotal:        1844596 kB
MemFree:         1471672 kB
MemAvailable:    1544556 kB
Buffers:           29504 kB
Cached:           176984 kB
MemTotal:        1844596 kB
MemFree:         1471456 kB
MemAvailable:    1544340 kB
Buffers:           29504 kB
Cached:           176984 kB
MemTotal:        1844596 kB
MemFree:         1471676 kB
MemAvailable:    1544560 kB
Buffers:           29504 kB
Cached:           176984 kB
MemTotal:        1844596 kB
MemFree:         1471540 kB
MemAvailable:    1544424 kB
Buffers:           29504 kB
Cached:           176984 kB
MemTotal:        1844596 kB
MemFree:         1470376 kB
MemAvailable:    1543260 kB
Buffers:           29504 kB
Cached:           176984 kB
MemTotal:        1844596 kB
MemFree:         1470236 kB
MemAvailable:    1543120 kB
Buffers:           29504 kB
Cached:           176984 kB
MemTotal:        1844596 kB
MemFree:         1467956 kB
MemAvailable:    1540840 kB
Buffers:           29504 kB
Cached:           176984 kB
MemTotal:        1844596 kB
MemFree:         1466600 kB
MemAvailable:    1539484 kB
Buffers:           29504 kB
Cached:           176984 kB
MemTotal:        1844596 kB
MemFree:         1464228 kB
MemAvailable:    1537112 kB
Buffers:           29504 kB
Cached:           176984 kB
MemTotal:        1844596 kB
MemFree:         1464564 kB
MemAvailable:    1537448 kB
Buffers:           29504 kB
Cached:           176984 kB
MemTotal:        1844596 kB
MemFree:         1463864 kB
MemAvailable:    1536748 kB
Buffers:           29504 kB
Cached:           176984 kB
MemTotal:        1844596 kB
MemFree:         1463864 kB
MemAvailable:    1536748 kB
Buffers:           29504 kB
Cached:           176984 kB
MemTotal:        1844596 kB
MemFree:         1463436 kB
MemAvailable:    1536320 kB
Buffers:           29504 kB
Cached:           176984 kB
MemTotal:        1844596 kB
MemFree:         1463772 kB
MemAvailable:    1536656 kB
Buffers:           29504 kB
Cached:           176984 kB
MemTotal:        1844596 kB
MemFree:         1462320 kB
MemAvailable:    1535204 kB
Buffers:           29504 kB
Cached:           176984 kB
MemTotal:        1844596 kB
MemFree:         1463596 kB
MemAvailable:    1536480 kB
Buffers:           29504 kB
Cached:           176984 kB
MemTotal:        1844596 kB
MemFree:         1463848 kB
MemAvailable:    1536732 kB
Buffers:           29504 kB
Cached:           176984 kB
MemTotal:        1844596 kB
MemFree:         1462236 kB
MemAvailable:    1535120 kB
Buffers:           29504 kB
Cached:           176984 kB
MemTotal:        1844596 kB
MemFree:         1462368 kB
MemAvailable:    1535252 kB
Buffers:           29504 kB
Cached:           176984 kB
MemTotal:        1844596 kB
MemFree:         1463468 kB
MemAvailable:    1536352 kB
Buffers:           29504 kB
Cached:           176984 kB
MemTotal:        1844596 kB
MemFree:         1463552 kB
MemAvailable:    1536436 kB
Buffers:           29504 kB
Cached:           176984 kB
MemTotal:        1844596 kB
MemFree:         1463568 kB
MemAvailable:    1536452 kB
Buffers:           29504 kB
Cached:           176984 kB
MemTotal:        1844596 kB
MemFree:         1462364 kB
MemAvailable:    1535248 kB
Buffers:           29504 kB
Cached:           176984 kB
MemTotal:        1844596 kB
MemFree:         1463500 kB
MemAvailable:    1536384 kB
Buffers:           29504 kB
Cached:           176984 kB
MemTotal:        1844596 kB
MemFree:         1462384 kB
MemAvailable:    1535268 kB
Buffers:           29504 kB
Cached:           176984 kB
MemTotal:        1844596 kB
MemFree:         1461948 kB
MemAvailable:    1534832 kB
Buffers:           29504 kB
Cached:           176984 kB
MemTotal:        1844596 kB
MemFree:         1461640 kB
MemAvailable:    1534524 kB
Buffers:           29504 kB
Cached:           176984 kB
MemTotal:        1844596 kB
MemFree:         1462740 kB
MemAvailable:    1535624 kB
Buffers:           29504 kB
Cached:           176984 kB
MemTotal:        1844596 kB
MemFree:         1461260 kB
MemAvailable:    1534144 kB
Buffers:           29504 kB
Cached:           176984 kB
MemTotal:        1844596 kB
MemFree:         1462196 kB
MemAvailable:    1535080 kB
Buffers:           29504 kB
Cached:           176984 kB
MemTotal:        1844596 kB
MemFree:         1460888 kB
MemAvailable:    1533772 kB
Buffers:           29504 kB
Cached:           176984 kB
MemTotal:        1844596 kB
MemFree:         1460880 kB
MemAvailable:    1533764 kB
Buffers:           29504 kB
Cached:           176984 kB
MemTotal:        1844596 kB
MemFree:         1460964 kB
MemAvailable:    1533848 kB
Buffers:           29504 kB
Cached:           176984 kB
MemTotal:        1844596 kB
MemFree:         1459344 kB
MemAvailable:    1532228 kB
Buffers:           29504 kB
Cached:           176984 kB
MemTotal:        1844596 kB
MemFree:         1459152 kB
MemAvailable:    1532036 kB
Buffers:           29504 kB
Cached:           176984 kB
MemTotal:        1844596 kB
MemFree:         1460136 kB
MemAvailable:    1533020 kB
Buffers:           29504 kB
Cached:           176984 kB
MemTotal:        1844596 kB
MemFree:         1460400 kB
MemAvailable:    1533284 kB
Buffers:           29504 kB
Cached:           176984 kB
MemTotal:        1844596 kB
MemFree:         1458780 kB
MemAvailable:    1531664 kB
Buffers:           29504 kB
Cached:           176984 kB
MemTotal:        1844596 kB
MemFree:         1459732 kB
MemAvailable:    1532620 kB
Buffers:           29504 kB
Cached:           176988 kB
MemTotal:        1844596 kB
MemFree:         1459900 kB
MemAvailable:    1532788 kB
Buffers:           29504 kB
Cached:           176988 kB
MemTotal:        1844596 kB
MemFree:         1459660 kB
MemAvailable:    1532548 kB
Buffers:           29504 kB
Cached:           176988 kB
MemTotal:        1844596 kB
MemFree:         1458612 kB
MemAvailable:    1531500 kB
Buffers:           29504 kB
Cached:           176988 kB
MemTotal:        1844596 kB
MemFree:         1459692 kB
MemAvailable:    1532580 kB
Buffers:           29504 kB
Cached:           176988 kB
MemTotal:        1844596 kB
MemFree:         1459452 kB
MemAvailable:    1532340 kB
Buffers:           29504 kB
Cached:           176988 kB
MemTotal:        1844596 kB
MemFree:         1459704 kB
MemAvailable:    1532592 kB
Buffers:           29504 kB
Cached:           176988 kB
MemTotal:        1844596 kB
MemFree:         1458408 kB
MemAvailable:    1531296 kB
Buffers:           29504 kB
Cached:           176988 kB
MemTotal:        1844596 kB
MemFree:         1458408 kB
MemAvailable:    1531296 kB
Buffers:           29504 kB
Cached:           176988 kB
MemTotal:        1844596 kB
MemFree:         1459468 kB
MemAvailable:    1532356 kB
Buffers:           29504 kB
Cached:           176988 kB
MemTotal:        1844596 kB
MemFree:         1457920 kB
MemAvailable:    1530808 kB
Buffers:           29504 kB
Cached:           176988 kB
MemTotal:        1844596 kB
MemFree:         1453084 kB
MemAvailable:    1525972 kB
Buffers:           29504 kB
Cached:           176988 kB
MemTotal:        1844596 kB
MemFree:         1450456 kB
MemAvailable:    1523428 kB
Buffers:           29504 kB
Cached:           177112 kB
MemTotal:        1844596 kB
MemFree:         1450540 kB
MemAvailable:    1523512 kB
Buffers:           29504 kB
Cached:           177112 kB
MemTotal:        1844596 kB
MemFree:         1450152 kB
MemAvailable:    1523292 kB
Buffers:           29504 kB
Cached:           177360 kB
MemTotal:        1844596 kB
MemFree:         1450488 kB
MemAvailable:    1523628 kB
Buffers:           29504 kB
Cached:           177360 kB
MemTotal:        1844596 kB
MemFree:         1448912 kB
MemAvailable:    1522136 kB
Buffers:           29504 kB
Cached:           177484 kB
MemTotal:        1844596 kB
MemFree:         1450220 kB
MemAvailable:    1523696 kB
Buffers:           29504 kB
Cached:           177608 kB
MemTotal:        1844596 kB
MemFree:         1450028 kB
MemAvailable:    1523504 kB
Buffers:           29504 kB
Cached:           177608 kB
MemTotal:        1844596 kB
MemFree:         1448860 kB
MemAvailable:    1522336 kB
Buffers:           29504 kB
Cached:           177608 kB
MemTotal:        1844596 kB
MemFree:         1449832 kB
MemAvailable:    1523308 kB
Buffers:           29504 kB
Cached:           177608 kB
MemTotal:        1844596 kB
MemFree:         1449900 kB
MemAvailable:    1523376 kB
Buffers:           29504 kB
Cached:           177608 kB
MemTotal:        1844596 kB
MemFree:         1449520 kB
MemAvailable:    1522996 kB
Buffers:           29504 kB
Cached:           177608 kB
MemTotal:        1844596 kB
MemFree:         1449772 kB
MemAvailable:    1523248 kB
Buffers:           29504 kB
Cached:           177608 kB
MemTotal:        1844596 kB
MemFree:         1449784 kB
MemAvailable:    1523260 kB
Buffers:           29504 kB
Cached:           177608 kB
MemTotal:        1844596 kB
MemFree:         1449736 kB
MemAvailable:    1523212 kB
Buffers:           29504 kB
Cached:           177608 kB
MemTotal:        1844596 kB
MemFree:         1449708 kB
MemAvailable:    1523268 kB
Buffers:           29504 kB
Cached:           177608 kB
MemTotal:        1844596 kB
MemFree:         1449960 kB
MemAvailable:    1523520 kB
Buffers:           29504 kB
Cached:           177608 kB
MemTotal:        1844596 kB
MemFree:         1471544 kB
MemAvailable:    1544432 kB
Buffers:           29504 kB
Cached:           176976 kB
