MemTotal:        1844596 kB
MemFree:         1409056 kB
MemAvailable:    1562900 kB
Buffers:           40608 kB
Cached:           245744 kB
MemTotal:        1844596 kB
MemFree:         1408012 kB
MemAvailable:    1561856 kB
Buffers:           40608 kB
Cached:           245744 kB
MemTotal:        1844596 kB
MemFree:         1405444 kB
MemAvailable:    1559288 kB
Buffers:           40608 kB
Cached:           245744 kB
MemTotal:        1844596 kB
MemFree:         1404948 kB
MemAvailable:    1558792 kB
Buffers:           40608 kB
Cached:           245744 kB
MemTotal:        1844596 kB
MemFree:         1405148 kB
MemAvailable:    1558992 kB
Buffers:           40608 kB
Cached:           245744 kB
MemTotal:        1844596 kB
MemFree:         1405016 kB
MemAvailable:    1558860 kB
Buffers:           40608 kB
Cached:           245744 kB
MemTotal:        1844596 kB
MemFree:         1403972 kB
MemAvailable:    1557816 kB
Buffers:           40608 kB
Cached:           245744 kB
MemTotal:        1844596 kB
MemFree:         1403776 kB
MemAvailable:    1557620 kB
Buffers:           40608 kB
Cached:           245744 kB
MemTotal:        1844596 kB
MemFree:         1401740 kB
MemAvailable:    1555584 kB
Buffers:           40608 kB
Cached:           245744 kB
MemTotal:        1844596 kB
MemFree:         1399816 kB
MemAvailable:    1553660 kB
Buffers:           40608 kB
Cached:           245744 kB
MemTotal:        1844596 kB
MemFree:         1398476 kB
MemAvailable:    1552320 kB
Buffers:           40608 kB
Cached:           245744 kB
MemTotal:        1844596 kB
MemFree:         1394416 kB
MemAvailable:    1548260 kB
Buffers:           40608 kB
Cached:           245744 kB
MemTotal:        1844596 kB
MemFree:         1395064 kB
MemAvailable:    1548912 kB
Buffers:           40608 kB
Cached:           245748 kB
MemTotal:        1844596 kB
MemFree:         1395144 kB
MemAvailable:    1548992 kB
Buffers:           40608 kB
Cached:           245748 kB
MemTotal:        1844596 kB
MemFree:         1395356 kB
MemAvailable:    1549204 kB
Buffers:           40608 kB
Cached:           245748 kB
MemTotal:        1844596 kB
MemFree:         1394680 kB
MemAvailable:    1548528 kB
Buffers:           40608 kB
Cached:           245748 kB
MemTotal:        1844596 kB
MemFree:         1395476 kB
MemAvailable:    1549324 kB
Buffers:           40608 kB
Cached:           245748 kB
MemTotal:        1844596 kB
MemFree:         1394292 kB
MemAvailable:    1548140 kB
Buffers:           40608 kB
Cached:           245748 kB
MemTotal:        1844596 kB
MemFree:         1394876 kB
MemAvailable:    1548724 kB
Buffers:           40608 kB
Cached:           245748 kB
MemTotal:        1844596 kB
MemFree:         1394960 kB
MemAvailable:    1548808 kB
Buffers:           40608 kB
Cached:           245748 kB
MemTotal:        1844596 kB
MemFree:         1394360 kB
MemAvailable:    1548208 kB
Buffers:           40608 kB
Cached:           245748 kB
MemTotal:        1844596 kB
MemFree:         1393160 kB
MemAvailable:    1547008 kB
Buffers:           40608 kB
Cached:           245748 kB
MemTotal:        1844596 kB
MemFree:         1393160 kB
MemAvailable:    1547008 kB
Buffers:           40608 kB
Cached:           245748 kB
MemTotal:        1844596 kB
MemFree:         1392916 kB
MemAvailable:    1546764 kB
Buffers:           40608 kB
Cached:           245748 kB
MemTotal:        1844596 kB
MemFree:         1391696 kB
MemAvailable:    1545544 kB
Buffers:           40608 kB
Cached:           245748 kB
MemTotal:        1844596 kB
MemFree:         1392536 kB
MemAvailable:    1546384 kB
Buffers:           40608 kB
Cached:           245748 kB
MemTotal:        1844596 kB
MemFree:         1392620 kB
MemAvailable:    1546468 kB
Buffers:           40608 kB
Cached:           245748 kB
MemTotal:        1844596 kB
MemFree:         1392632 kB
MemAvailable:    1546480 kB
Buffers:           40608 kB
Cached:           245748 kB
MemTotal:        1844596 kB
MemFree:         1391512 kB
MemAvailable:    1545360 kB
Buffers:           40608 kB
Cached:           245748 kB
MemTotal:        1844596 kB
MemFree:         1392736 kB
MemAvailable:    1546584 kB
Buffers:           40608 kB
Cached:           245748 kB
MemTotal:        1844596 kB
MemFree:         1392624 kB
MemAvailable:    1546472 kB
Buffers:           40608 kB
Cached:           245748 kB
MemTotal:        1844596 kB
MemFree:         1392792 kB
MemAvailable:    1546640 kB
Buffers:           40608 kB
Cached:           245748 kB
MemTotal:        1844596 kB
MemFree:         1392068 kB
MemAvailable:    1545916 kB
Buffers:           40608 kB
Cached:           245748 kB
MemTotal:        1844596 kB
MemFree:         1393956 kB
MemAvailable:    1547804 kB
Buffers:           40608 kB
Cached:           245748 kB
MemTotal:        1844596 kB
MemFree:         1393308 kB
MemAvailable:    1547156 kB
Buffers:           40608 kB
Cached:           245748 kB
MemTotal:        1844596 kB
MemFree:         1393120 kB
MemAvailable:    1546968 kB
Buffers:           40608 kB
Cached:           245748 kB
MemTotal:        1844596 kB
MemFree:         1391616 kB
MemAvailable:    1545464 kB
Buffers:           40608 kB
Cached:           245748 kB
MemTotal:        1844596 kB
MemFree:         1389960 kB
MemAvailable:    1543808 kB
Buffers:           40608 kB
Cached:           245748 kB
MemTotal:        1844596 kB
MemFree:         1389928 kB
MemAvailable:    1543776 kB
Buffers:           40608 kB
Cached:           245748 kB
MemTotal:        1844596 kB
MemFree:         1390180 kB
MemAvailable:    1544028 kB
Buffers:           40608 kB
Cached:           245748 kB
MemTotal:        1844596 kB
MemFree:         1388464 kB
MemAvailable:    1542312 kB
Buffers:           40608 kB
Cached:           245748 kB
MemTotal:        1844596 kB
MemFree:         1389276 kB
MemAvailable:    1543124 kB
Buffers:           40608 kB
Cached:           245748 kB
MemTotal:        1844596 kB
MemFree:         1387728 kB
MemAvailable:    1541576 kB
Buffers:           40608 kB
Cached:           245748 kB
MemTotal:        1844596 kB
MemFree:         1388268 kB
MemAvailable:    1542116 kB
Buffers:           40608 kB
Cached:           245748 kB
MemTotal:        1844596 kB
MemFree:         1388604 kB
MemAvailable:    1542452 kB
Buffers:           40608 kB
Cached:           245748 kB
MemTotal:        1844596 kB
MemFree:         1387204 kB
MemAvailable:    1541052 kB
Buffers:           40608 kB
Cached:           245748 kB
MemTotal:        1844596 kB
MemFree:         1387460 kB
MemAvailable:    1541308 kB
Buffers:           40608 kB
Cached:           245748 kB
MemTotal:        1844596 kB
MemFree:         1388384 kB
MemAvailable:    1542232 kB
Buffers:           40608 kB
Cached:           245748 kB
MemTotal:        1844596 kB
MemFree:         1388384 kB
MemAvailable:    1542232 kB
Buffers:           40608 kB
Cached:           245748 kB
MemTotal:        1844596 kB
MemFree:         1388184 kB
MemAvailable:    1542032 kB
Buffers:           40608 kB
Cached:           245748 kB
MemTotal:        1844596 kB
MemFree:         1388268 kB
MemAvailable:    1542116 kB
Buffers:           40608 kB
Cached:           245748 kB
MemTotal:        1844596 kB
MemFree:         1387704 kB
MemAvailable:    1541552 kB
Buffers:           40608 kB
Cached:           245748 kB
MemTotal:        1844596 kB
MemFree:         1387788 kB
MemAvailable:    1541636 kB
Buffers:           40608 kB
Cached:           245748 kB
MemTotal:        1844596 kB
MemFree:         1387236 kB
MemAvailable:    1541084 kB
Buffers:           40608 kB
Cached:           245748 kB
MemTotal:        1844596 kB
MemFree:         1387360 kB
MemAvailable:    1541208 kB
Buffers:           40608 kB
Cached:           245748 kB
MemTotal:        1844596 kB
MemFree:         1387528 kB
MemAvailable:    1541376 kB
Buffers:           40608 kB
Cached:           245748 kB
MemTotal:        1844596 kB
MemFree:         1386556 kB
MemAvailable:    1540404 kB
Buffers:           40608 kB
Cached:           245748 kB
MemTotal:        1844596 kB
MemFree:         1386164 kB
MemAvailable:    1540012 kB
Buffers:           40608 kB
Cached:           245748 kB
MemTotal:        1844596 kB
MemFree:         1387472 kB
MemAvailable:    1541320 kB
Buffers:           40608 kB
Cached:           245748 kB
MemTotal:        1844596 kB
MemFree:         1386296 kB
MemAvailable:    1540144 kB
Buffers:           40608 kB
Cached:           245748 kB
MemTotal:        1844596 kB
MemFree:         1386288 kB
MemAvailable:    1540136 kB
Buffers:           40608 kB
Cached:           245748 kB
MemTotal:        1844596 kB
MemFree:         1387416 kB
MemAvailable:    1541264 kB
Buffers:           40608 kB
Cached:           245748 kB
MemTotal:        1844596 kB
MemFree:         1387500 kB
MemAvailable:    1541348 kB
Buffers:           40608 kB
Cached:           245748 kB
MemTotal:        1844596 kB
MemFree:         1386736 kB
MemAvailable:    1540584 kB
Buffers:           40608 kB
Cached:           245748 kB
MemTotal:        1844596 kB
MemFree:         1387444 kB
MemAvailable:    1541292 kB
Buffers:           40608 kB
Cached:           245748 kB
MemTotal:        1844596 kB
MemFree:         1387696 kB
MemAvailable:    1541544 kB
Buffers:           40608 kB
Cached:           245748 kB
MemTotal:        1844596 kB
MemFree:         1386088 kB
MemAvailable:    1539936 kB
Buffers:           40608 kB
Cached:           245748 kB
MemTotal:        1844596 kB
MemFree:         1387084 kB
MemAvailable:    1540932 kB
Buffers:           40608 kB
Cached:           245748 kB
MemTotal:        1844596 kB
MemFree:         1387084 kB
MemAvailable:    1540932 kB
Buffers:           40608 kB
Cached:           245748 kB
MemTotal:        1844596 kB
MemFree:         1386580 kB
MemAvailable:    1540428 kB
Buffers:           40608 kB
Cached:           245748 kB
MemTotal:        1844596 kB
MemFree:         1386832 kB
MemAvailable:    1540680 kB
Buffers:           40608 kB
Cached:           245748 kB
MemTotal:        1844596 kB
MemFree:         1385348 kB
MemAvailable:    1539196 kB
Buffers:           40608 kB
Cached:           245748 kB
MemTotal:        1844596 kB
MemFree:         1386648 kB
MemAvailable:    1540496 kB
Buffers:           40608 kB
Cached:           245748 kB
MemTotal:        1844596 kB
MemFree:         1385620 kB
MemAvailable:    1539468 kB
Buffers:           40608 kB
Cached:           245748 kB
MemTotal:        1844596 kB
MemFree:         1386488 kB
MemAvailable:    1540344 kB
Buffers:           40608 kB
Cached:           245756 kB
MemTotal:        1844596 kB
MemFree:         1385736 kB
MemAvailable:    1539592 kB
Buffers:           40608 kB
Cached:           245756 kB
MemTotal:        1844596 kB
MemFree:         1386612 kB
MemAvailable:    1540468 kB
Buffers:           40608 kB
Cached:           245756 kB
MemTotal:        1844596 kB
MemFree:         1386544 kB
MemAvailable:    1540400 kB
Buffers:           40608 kB
Cached:           245756 kB
MemTotal:        1844596 kB
MemFree:         1386920 kB
MemAvailable:    1540776 kB
Buffers:           40608 kB
Cached:           245756 kB
MemTotal:        1844596 kB
MemFree:         1386728 kB
MemAvailable:    1540584 kB
Buffers:           40608 kB
Cached:           245756 kB
MemTotal:        1844596 kB
MemFree:         1385612 kB
MemAvailable:    1539468 kB
Buffers:           40608 kB
Cached:           245756 kB
MemTotal:        1844596 kB
MemFree:         1384728 kB
MemAvailable:    1538584 kB
Buffers:           40608 kB
Cached:           245756 kB
MemTotal:        1844596 kB
MemFree:         1384728 kB
MemAvailable:    1538584 kB
Buffers:           40608 kB
Cached:           245756 kB
MemTotal:        1844596 kB
MemFree:         1381960 kB
MemAvailable:    1535816 kB
Buffers:           40608 kB
Cached:           245756 kB
MemTotal:        1844596 kB
MemFree:         1379420 kB
MemAvailable:    1533276 kB
Buffers:           40608 kB
Cached:           245756 kB
MemTotal:        1844596 kB
MemFree:         1379040 kB
MemAvailable:    1532896 kB
Buffers:           40608 kB
Cached:           245756 kB
MemTotal:        1844596 kB
MemFree:         1377932 kB
MemAvailable:    1531788 kB
Buffers:           40608 kB
Cached:           245756 kB
MemTotal:        1844596 kB
MemFree:         1378604 kB
MemAvailable:    1532460 kB
Buffers:           40608 kB
Cached:           245756 kB
MemTotal:        1844596 kB
MemFree:         1378856 kB
MemAvailable:    1532712 kB
Buffers:           40608 kB
Cached:           245756 kB
MemTotal:        1844596 kB
MemFree:         1378632 kB
MemAvailable:    1532488 kB
Buffers:           40608 kB
Cached:           245756 kB
MemTotal:        1844596 kB
MemFree:         1378716 kB
MemAvailable:    1532572 kB
Buffers:           40608 kB
Cached:           245756 kB
MemTotal:        1844596 kB
MemFree:         1378632 kB
MemAvailable:    1532488 kB
Buffers:           40608 kB
Cached:           245756 kB
MemTotal:        1844596 kB
MemFree:         1378780 kB
MemAvailable:    1532636 kB
Buffers:           40608 kB
Cached:           245756 kB
MemTotal:        1844596 kB
MemFree:         1377372 kB
MemAvailable:    1531228 kB
Buffers:           40608 kB
Cached:           245756 kB
MemTotal:        1844596 kB
MemFree:         1378296 kB
MemAvailable:    1532152 kB
Buffers:           40608 kB
Cached:           245756 kB
MemTotal:        1844596 kB
MemFree:         1378592 kB
MemAvailable:    1532448 kB
Buffers:           40608 kB
Cached:           245756 kB
MemTotal:        1844596 kB
MemFree:         1378460 kB
MemAvailable:    1532316 kB
Buffers:           40608 kB
Cached:           245756 kB
MemTotal:        1844596 kB
MemFree:         1377368 kB
MemAvailable:    1531224 kB
Buffers:           40608 kB
Cached:           245756 kB
MemTotal:        1844596 kB
MemFree:         1378412 kB
MemAvailable:    1532268 kB
Buffers:           40608 kB
Cached:           245756 kB
MemTotal:        1844596 kB
MemFree:         1378812 kB
MemAvailable:    1532668 kB
Buffers:           40608 kB
Cached:           245756 kB
MemTotal:        1844596 kB
MemFree:         1377932 kB
MemAvailable:    1531788 kB
Buffers:           40608 kB
Cached:           245756 kB
MemTotal:        1844596 kB
MemFree:         1378776 kB
MemAvailable:    1532632 kB
Buffers:           40608 kB
Cached:           245756 kB
MemTotal:        1844596 kB
MemFree:         1378652 kB
MemAvailable:    1532508 kB
Buffers:           40608 kB
Cached:           245756 kB
MemTotal:        1844596 kB
MemFree:         1378236 kB
MemAvailable:    1532092 kB
Buffers:           40608 kB
Cached:           245756 kB
MemTotal:        1844596 kB
MemFree:         1377536 kB
MemAvailable:    1531392 kB
Buffers:           40608 kB
Cached:           245756 kB
MemTotal:        1844596 kB
MemFree:         1377428 kB
MemAvailable:    1531284 kB
Buffers:           40608 kB
Cached:           245756 kB
MemTotal:        1844596 kB
MemFree:         1377140 kB
MemAvailable:    1530996 kB
Buffers:           40608 kB
Cached:           245756 kB
MemTotal:        1844596 kB
MemFree:         1377392 kB
MemAvailable:    1531248 kB
Buffers:           40608 kB
Cached:           245756 kB
MemTotal:        1844596 kB
MemFree:         1375908 kB
MemAvailable:    1529764 kB
Buffers:           40608 kB
Cached:           245756 kB
MemTotal:        1844596 kB
MemFree:         1376444 kB
MemAvailable:    1530300 kB
Buffers:           40608 kB
Cached:           245756 kB
MemTotal:        1844596 kB
MemFree:         1375884 kB
MemAvailable:    1529740 kB
Buffers:           40608 kB
Cached:           245756 kB
MemTotal:        1844596 kB
MemFree:         1374832 kB
MemAvailable:    1528688 kB
Buffers:           40608 kB
Cached:           245756 kB
MemTotal:        1844596 kB
MemFree:         1375312 kB
MemAvailable:    1529168 kB
Buffers:           40608 kB
Cached:           245756 kB
MemTotal:        1844596 kB
MemFree:         1375180 kB
MemAvailable:    1529036 kB
Buffers:           40608 kB
Cached:           245756 kB
MemTotal:        1844596 kB
MemFree:         1375128 kB
MemAvailable:    1528984 kB
Buffers:           40608 kB
Cached:           245756 kB
MemTotal:        1844596 kB
MemFree:         1374956 kB
MemAvailable:    1528812 kB
Buffers:           40608 kB
Cached:           245756 kB
MemTotal:        1844596 kB
MemFree:         1373524 kB
MemAvailable:    1527380 kB
Buffers:           40608 kB
Cached:           245756 kB
MemTotal:        1844596 kB
MemFree:         1374888 kB
MemAvailable:    1528744 kB
Buffers:           40608 kB
Cached:           245756 kB
MemTotal:        1844596 kB
MemFree:         1374824 kB
MemAvailable:    1528680 kB
Buffers:           40608 kB
Cached:           245756 kB
MemTotal:        1844596 kB
MemFree:         1374748 kB
MemAvailable:    1528604 kB
Buffers:           40608 kB
Cached:           245756 kB
MemTotal:        1844596 kB
MemFree:         1374832 kB
MemAvailable:    1528688 kB
Buffers:           40608 kB
Cached:           245756 kB
MemTotal:        1844596 kB
MemFree:         1373328 kB
MemAvailable:    1527184 kB
Buffers:           40608 kB
Cached:           245756 kB
MemTotal:        1844596 kB
MemFree:         1373328 kB
MemAvailable:    1527184 kB
Buffers:           40608 kB
Cached:           245756 kB
MemTotal:        1844596 kB
MemFree:         1374712 kB
MemAvailable:    1528568 kB
Buffers:           40608 kB
Cached:           245756 kB
MemTotal:        1844596 kB
MemFree:         1373832 kB
MemAvailable:    1527688 kB
Buffers:           40608 kB
Cached:           245756 kB
MemTotal:        1844596 kB
MemFree:         1374312 kB
MemAvailable:    1528168 kB
Buffers:           40608 kB
Cached:           245756 kB
MemTotal:        1844596 kB
MemFree:         1374312 kB
MemAvailable:    1528168 kB
Buffers:           40608 kB
Cached:           245756 kB
MemTotal:        1844596 kB
MemFree:         1374000 kB
MemAvailable:    1527856 kB
Buffers:           40608 kB
Cached:           245756 kB
MemTotal:        1844596 kB
MemFree:         1374024 kB
MemAvailable:    1527880 kB
Buffers:           40608 kB
Cached:           245756 kB
MemTotal:        1844596 kB
MemFree:         1367376 kB
MemAvailable:    1521232 kB
Buffers:           40608 kB
Cached:           245756 kB
MemTotal:        1844596 kB
MemFree:         1367376 kB
MemAvailable:    1521232 kB
Buffers:           40608 kB
Cached:           245756 kB
MemTotal:        1844596 kB
MemFree:         1366856 kB
MemAvailable:    1520796 kB
Buffers:           40612 kB
Cached:           245876 kB
MemTotal:        1844596 kB
MemFree:         1365532 kB
MemAvailable:    1519556 kB
Buffers:           40612 kB
Cached:           245876 kB
MemTotal:        1844596 kB
MemFree:         1366280 kB
MemAvailable:    1520388 kB
Buffers:           40612 kB
Cached:           246000 kB
MemTotal:        1844596 kB
MemFree:         1365896 kB
MemAvailable:    1520004 kB
Buffers:           40612 kB
Cached:           246000 kB
MemTotal:        1844596 kB
MemFree:         1366072 kB
MemAvailable:    1520348 kB
Buffers:           40612 kB
Cached:           246248 kB
MemTotal:        1844596 kB
MemFree:         1366016 kB
MemAvailable:    1520292 kB
Buffers:           40612 kB
Cached:           246124 kB
MemTotal:        1844596 kB
MemFree:         1366212 kB
MemAvailable:    1520692 kB
Buffers:           40612 kB
Cached:           246328 kB
MemTotal:        1844596 kB
MemFree:         1366080 kB
MemAvailable:    1520560 kB
Buffers:           40612 kB
Cached:           246328 kB
MemTotal:        1844596 kB
MemFree:         1365956 kB
MemAvailable:    1520436 kB
Buffers:           40612 kB
Cached:           246452 kB
MemTotal:        1844596 kB
MemFree:         1365036 kB
MemAvailable:    1519516 kB
Buffers:           40612 kB
Cached:           246452 kB
MemTotal:        1844596 kB
MemFree:         1364484 kB
MemAvailable:    1518964 kB
Buffers:           40612 kB
Cached:           246452 kB
MemTotal:        1844596 kB
MemFree:         1364732 kB
MemAvailable:    1519212 kB
Buffers:           40612 kB
Cached:           246452 kB
MemTotal:        1844596 kB
MemFree:         1365700 kB
MemAvailable:    1520180 kB
Buffers:           40612 kB
Cached:           246452 kB
MemTotal:        1844596 kB
MemFree:         1365868 kB
MemAvailable:    1520348 kB
Buffers:           40612 kB
Cached:           246452 kB
MemTotal:        1844596 kB
MemFree:         1365612 kB
MemAvailable:    1520260 kB
Buffers:           40612 kB
Cached:           246576 kB
MemTotal:        1844596 kB
MemFree:         1365696 kB
MemAvailable:    1520344 kB
Buffers:           40612 kB
Cached:           246576 kB
MemTotal:        1844596 kB
MemFree:         1435912 kB
MemAvailable:    1589804 kB
Buffers:           40612 kB
Cached:           245820 kB
