MemTotal:        1844596 kB
MemFree:         1418204 kB
MemAvailable:    1565384 kB
Buffers:           39792 kB
Cached:           240468 kB
MemTotal:        1844596 kB
MemFree:         1413980 kB
MemAvailable:    1561160 kB
Buffers:           39792 kB
Cached:           240468 kB
MemTotal:        1844596 kB
MemFree:         1413552 kB
MemAvailable:    1560732 kB
Buffers:           39792 kB
Cached:           240468 kB
MemTotal:        1844596 kB
MemFree:         1413668 kB
MemAvailable:    1560848 kB
Buffers:           39792 kB
Cached:           240468 kB
MemTotal:        1844596 kB
MemFree:         1412632 kB
MemAvailable:    1559812 kB
Buffers:           39792 kB
Cached:           240468 kB
MemTotal:        1844596 kB
MemFree:         1411392 kB
MemAvailable:    1558576 kB
Buffers:           39792 kB
Cached:           240472 kB
MemTotal:        1844596 kB
MemFree:         1411492 kB
MemAvailable:    1558676 kB
Buffers:           39792 kB
Cached:           240472 kB
MemTotal:        1844596 kB
MemFree:         1411576 kB
MemAvailable:    1558760 kB
Buffers:           39792 kB
Cached:           240472 kB
MemTotal:        1844596 kB
MemFree:         1407316 kB
MemAvailable:    1554500 kB
Buffers:           39792 kB
Cached:           240472 kB
MemTotal:        1844596 kB
MemFree:         1407196 kB
MemAvailable:    1554380 kB
Buffers:           39792 kB
Cached:           240472 kB
MemTotal:        1844596 kB
MemFree:         1399620 kB
MemAvailable:    1546804 kB
Buffers:           39792 kB
Cached:           240472 kB
MemTotal:        1844596 kB
MemFree:         1399708 kB
MemAvailable:    1546892 kB
Buffers:           39792 kB
Cached:           240472 kB
MemTotal:        1844596 kB
MemFree:         1402228 kB
MemAvailable:    1549412 kB
Buffers:           39792 kB
Cached:           240472 kB
MemTotal:        1844596 kB
MemFree:         1402108 kB
MemAvailable:    1549292 kB
Buffers:           39792 kB
Cached:           240472 kB
MemTotal:        1844596 kB
MemFree:         1402360 kB
MemAvailable:    1549544 kB
Buffers:           39792 kB
Cached:           240472 kB
MemTotal:        1844596 kB
MemFree:         1401132 kB
MemAvailable:    1548316 kB
Buffers:           39792 kB
Cached:           240472 kB
MemTotal:        1844596 kB
MemFree:         1402116 kB
MemAvailable:    1549300 kB
Buffers:           39792 kB
Cached:           240472 kB
MemTotal:        1844596 kB
MemFree:         1402116 kB
MemAvailable:    1549300 kB
Buffers:           39792 kB
Cached:           240472 kB
MemTotal:        1844596 kB
MemFree:         1401564 kB
MemAvailable:    1548748 kB
Buffers:           39792 kB
Cached:           240472 kB
MemTotal:        1844596 kB
MemFree:         1400016 kB
MemAvailable:    1547200 kB
Buffers:           39792 kB
Cached:           240472 kB
MemTotal:        1844596 kB
MemFree:         1400000 kB
MemAvailable:    1547184 kB
Buffers:           39792 kB
Cached:           240472 kB
MemTotal:        1844596 kB
MemFree:         1400336 kB
MemAvailable:    1547520 kB
Buffers:           39792 kB
Cached:           240472 kB
MemTotal:        1844596 kB
MemFree:         1399868 kB
MemAvailable:    1547052 kB
Buffers:           39792 kB
Cached:           240472 kB
MemTotal:        1844596 kB
MemFree:         1399952 kB
MemAvailable:    1547136 kB
Buffers:           39792 kB
Cached:           240472 kB
MemTotal:        1844596 kB
MemFree:         1399572 kB
MemAvailable:    1546756 kB
Buffers:           39792 kB
Cached:           240472 kB
MemTotal:        1844596 kB
MemFree:         1399824 kB
MemAvailable:    1547008 kB
Buffers:           39792 kB
Cached:           240472 kB
MemTotal:        1844596 kB
MemFree:         1398588 kB
MemAvailable:    1545772 kB
Buffers:           39792 kB
Cached:           240472 kB
MemTotal:        1844596 kB
MemFree:         1399808 kB
MemAvailable:    1546992 kB
Buffers:           39804 kB
Cached:           240460 kB
MemTotal:        1844596 kB
MemFree:         1398460 kB
MemAvailable:    1545644 kB
Buffers:           39804 kB
Cached:           240460 kB
MemTotal:        1844596 kB
MemFree:         1398628 kB
MemAvailable:    1545812 kB
Buffers:           39804 kB
Cached:           240460 kB
MemTotal:        1844596 kB
MemFree:         1401068 kB
MemAvailable:    1548252 kB
Buffers:           39804 kB
Cached:           240460 kB
MemTotal:        1844596 kB
MemFree:         1401320 kB
MemAvailable:    1548504 kB
Buffers:           39804 kB
Cached:           240460 kB
MemTotal:        1844596 kB
MemFree:         1400572 kB
MemAvailable:    1547756 kB
Buffers:           39804 kB
Cached:           240460 kB
MemTotal:        1844596 kB
MemFree:         1399760 kB
MemAvailable:    1546944 kB
Buffers:           39804 kB
Cached:           240460 kB
MemTotal:        1844596 kB
MemFree:         1398092 kB
MemAvailable:    1545276 kB
Buffers:           39804 kB
Cached:           240460 kB
MemTotal:        1844596 kB
MemFree:         1397388 kB
MemAvailable:    1544572 kB
Buffers:           39804 kB
Cached:           240460 kB
MemTotal:        1844596 kB
MemFree:         1396908 kB
MemAvailable:    1544092 kB
Buffers:           39804 kB
Cached:           240460 kB
MemTotal:        1844596 kB
MemFree:         1396776 kB
MemAvailable:    1543960 kB
Buffers:           39804 kB
Cached:           240460 kB
MemTotal:        1844596 kB
MemFree:         1396776 kB
MemAvailable:    1543960 kB
Buffers:           39804 kB
Cached:           240460 kB
MemTotal:        1844596 kB
MemFree:         1396264 kB
MemAvailable:    1543448 kB
Buffers:           39804 kB
Cached:           240460 kB
MemTotal:        1844596 kB
MemFree:         1396516 kB
MemAvailable:    1543700 kB
Buffers:           39804 kB
Cached:           240460 kB
MemTotal:        1844596 kB
MemFree:         1394808 kB
MemAvailable:    1541992 kB
Buffers:           39804 kB
Cached:           240460 kB
MemTotal:        1844596 kB
MemFree:         1395604 kB
MemAvailable:    1542788 kB
Buffers:           39804 kB
Cached:           240460 kB
MemTotal:        1844596 kB
MemFree:         1395604 kB
MemAvailable:    1542788 kB
Buffers:           39804 kB
Cached:           240460 kB
MemTotal:        1844596 kB
MemFree:         1395612 kB
MemAvailable:    1542796 kB
Buffers:           39804 kB
Cached:           240460 kB
MemTotal:        1844596 kB
MemFree:         1394284 kB
MemAvailable:    1541468 kB
Buffers:           39804 kB
Cached:           240460 kB
MemTotal:        1844596 kB
MemFree:         1395172 kB
MemAvailable:    1542356 kB
Buffers:           39804 kB
Cached:           240460 kB
MemTotal:        1844596 kB
MemFree:         1395224 kB
MemAvailable:    1542408 kB
Buffers:           39804 kB
Cached:           240460 kB
MemTotal:        1844596 kB
MemFree:         1395392 kB
MemAvailable:    1542576 kB
Buffers:           39804 kB
Cached:           240460 kB
MemTotal:        1844596 kB
MemFree:         1395100 kB
MemAvailable:    1542284 kB
Buffers:           39804 kB
Cached:           240460 kB
MemTotal:        1844596 kB
MemFree:         1393668 kB
MemAvailable:    1540852 kB
Buffers:           39804 kB
Cached:           240460 kB
MemTotal:        1844596 kB
MemFree:         1394652 kB
MemAvailable:    1541836 kB
Buffers:           39804 kB
Cached:           240460 kB
MemTotal:        1844596 kB
MemFree:         1394704 kB
MemAvailable:    1541888 kB
Buffers:           39804 kB
Cached:           240460 kB
MemTotal:        1844596 kB
MemFree:         1393388 kB
MemAvailable:    1540572 kB
Buffers:           39804 kB
Cached:           240460 kB
MemTotal:        1844596 kB
MemFree:         1394688 kB
MemAvailable:    1541872 kB
Buffers:           39804 kB
Cached:           240460 kB
MemTotal:        1844596 kB
MemFree:         1394876 kB
MemAvailable:    1542060 kB
Buffers:           39804 kB
Cached:           240460 kB
MemTotal:        1844596 kB
MemFree:         1394612 kB
MemAvailable:    1541796 kB
Buffers:           39804 kB
Cached:           240460 kB
MemTotal:        1844596 kB
MemFree:         1394612 kB
MemAvailable:    1541796 kB
Buffers:           39804 kB
Cached:           240460 kB
MemTotal:        1844596 kB
MemFree:         1394552 kB
MemAvailable:    1541736 kB
Buffers:           39804 kB
Cached:           240460 kB
MemTotal:        1844596 kB
MemFree:         1394388 kB
MemAvailable:    1541572 kB
Buffers:           39804 kB
Cached:           240460 kB
MemTotal:        1844596 kB
MemFree:         1394640 kB
MemAvailable:    1541824 kB
Buffers:           39804 kB
Cached:           240460 kB
MemTotal:        1844596 kB
MemFree:         1393240 kB
MemAvailable:    1540424 kB
Buffers:           39804 kB
Cached:           240460 kB
MemTotal:        1844596 kB
MemFree:         1393356 kB
MemAvailable:    1540540 kB
Buffers:           39804 kB
Cached:           240460 kB
MemTotal:        1844596 kB
MemFree:         1394288 kB
MemAvailable:    1541472 kB
Buffers:           39804 kB
Cached:           240460 kB
MemTotal:        1844596 kB
MemFree:         1393916 kB
MemAvailable:    1541100 kB
Buffers:           39804 kB
Cached:           240460 kB
MemTotal:        1844596 kB
MemFree:         1394048 kB
MemAvailable:    1541232 kB
Buffers:           39804 kB
Cached:           240460 kB
MemTotal:        1844596 kB
MemFree:         1393196 kB
MemAvailable:    1540380 kB
Buffers:           39804 kB
Cached:           240460 kB
MemTotal:        1844596 kB
MemFree:         1393620 kB
MemAvailable:    1540804 kB
Buffers:           39804 kB
Cached:           240460 kB
MemTotal:        1844596 kB
MemFree:         1393872 kB
MemAvailable:    1541056 kB
Buffers:           39804 kB
Cached:           240460 kB
MemTotal:        1844596 kB
MemFree:         1392636 kB
MemAvailable:    1539820 kB
Buffers:           39804 kB
Cached:           240460 kB
MemTotal:        1844596 kB
MemFree:         1393752 kB
MemAvailable:    1540936 kB
Buffers:           39804 kB
Cached:           240460 kB
MemTotal:        1844596 kB
MemFree:         1393744 kB
MemAvailable:    1540928 kB
Buffers:           39804 kB
Cached:           240460 kB
MemTotal:        1844596 kB
MemFree:         1393664 kB
MemAvailable:    1540848 kB
Buffers:           39804 kB
Cached:           240460 kB
MemTotal:        1844596 kB
MemFree:         1392948 kB
MemAvailable:    1540132 kB
Buffers:           39804 kB
Cached:           240460 kB
MemTotal:        1844596 kB
MemFree:         1393680 kB
MemAvailable:    1540864 kB
Buffers:           39804 kB
Cached:           240460 kB
MemTotal:        1844596 kB
MemFree:         1392940 kB
MemAvailable:    1540124 kB
Buffers:           39804 kB
Cached:           240460 kB
MemTotal:        1844596 kB
MemFree:         1393608 kB
MemAvailable:    1540792 kB
Buffers:           39804 kB
Cached:           240460 kB
MemTotal:        1844596 kB
MemFree:         1393692 kB
MemAvailable:    1540876 kB
Buffers:           39804 kB
Cached:           240460 kB
MemTotal:        1844596 kB
MemFree:         1392128 kB
MemAvailable:    1539312 kB
Buffers:           39804 kB
Cached:           240460 kB
MemTotal:        1844596 kB
MemFree:         1391520 kB
MemAvailable:    1538704 kB
Buffers:           39804 kB
Cached:           240460 kB
MemTotal:        1844596 kB
MemFree:         1389724 kB
MemAvailable:    1536908 kB
Buffers:           39804 kB
Cached:           240460 kB
MemTotal:        1844596 kB
MemFree:         1386748 kB
MemAvailable:    1533932 kB
Buffers:           39804 kB
Cached:           240460 kB
MemTotal:        1844596 kB
MemFree:         1386128 kB
MemAvailable:    1533312 kB
Buffers:           39804 kB
Cached:           240460 kB
MemTotal:        1844596 kB
MemFree:         1384888 kB
MemAvailable:    1532072 kB
Buffers:           39804 kB
Cached:           240460 kB
MemTotal:        1844596 kB
MemFree:         1385844 kB
MemAvailable:    1533028 kB
Buffers:           39804 kB
Cached:           240460 kB
MemTotal:        1844596 kB
MemFree:         1386096 kB
MemAvailable:    1533280 kB
Buffers:           39804 kB
Cached:           240460 kB
MemTotal:        1844596 kB
MemFree:         1385796 kB
MemAvailable:    1532980 kB
Buffers:           39804 kB
Cached:           240460 kB
MemTotal:        1844596 kB
MemFree:         1384888 kB
MemAvailable:    1532072 kB
Buffers:           39804 kB
Cached:           240460 kB
MemTotal:        1844596 kB
MemFree:         1385568 kB
MemAvailable:    1532776 kB
Buffers:           39804 kB
Cached:           240484 kB
MemTotal:        1844596 kB
MemFree:         1385820 kB
MemAvailable:    1533028 kB
Buffers:           39804 kB
Cached:           240484 kB
MemTotal:        1844596 kB
MemFree:         1384212 kB
MemAvailable:    1531420 kB
Buffers:           39804 kB
Cached:           240484 kB
MemTotal:        1844596 kB
MemFree:         1384336 kB
MemAvailable:    1531544 kB
Buffers:           39804 kB
Cached:           240484 kB
MemTotal:        1844596 kB
MemFree:         1385644 kB
MemAvailable:    1532852 kB
Buffers:           39804 kB
Cached:           240484 kB
MemTotal:        1844596 kB
MemFree:         1385012 kB
MemAvailable:    1532220 kB
Buffers:           39804 kB
Cached:           240484 kB
MemTotal:        1844596 kB
MemFree:         1385680 kB
MemAvailable:    1532888 kB
Buffers:           39804 kB
Cached:           240484 kB
MemTotal:        1844596 kB
MemFree:         1385632 kB
MemAvailable:    1532840 kB
Buffers:           39804 kB
Cached:           240484 kB
MemTotal:        1844596 kB
MemFree:         1385136 kB
MemAvailable:    1532344 kB
Buffers:           39804 kB
Cached:           240484 kB
MemTotal:        1844596 kB
MemFree:         1385744 kB
MemAvailable:    1532952 kB
Buffers:           39804 kB
Cached:           240484 kB
MemTotal:        1844596 kB
MemFree:         1385632 kB
MemAvailable:    1532840 kB
Buffers:           39804 kB
Cached:           240484 kB
MemTotal:        1844596 kB
MemFree:         1385304 kB
MemAvailable:    1532512 kB
Buffers:           39804 kB
Cached:           240484 kB
MemTotal:        1844596 kB
MemFree:         1385252 kB
MemAvailable:    1532460 kB
Buffers:           39804 kB
Cached:           240484 kB
MemTotal:        1844596 kB
MemFree:         1384764 kB
MemAvailable:    1531972 kB
Buffers:           39804 kB
Cached:           240484 kB
MemTotal:        1844596 kB
MemFree:         1384508 kB
MemAvailable:    1531716 kB
Buffers:           39804 kB
Cached:           240484 kB
MemTotal:        1844596 kB
MemFree:         1384384 kB
MemAvailable:    1531592 kB
Buffers:           39804 kB
Cached:           240484 kB
MemTotal:        1844596 kB
MemFree:         1384080 kB
MemAvailable:    1531288 kB
Buffers:           39804 kB
Cached:           240484 kB
MemTotal:        1844596 kB
MemFree:         1382904 kB
MemAvailable:    1530112 kB
Buffers:           39804 kB
Cached:           240484 kB
MemTotal:        1844596 kB
MemFree:         1383268 kB
MemAvailable:    1530476 kB
Buffers:           39804 kB
Cached:           240484 kB
MemTotal:        1844596 kB
MemFree:         1382592 kB
MemAvailable:    1529800 kB
Buffers:           39804 kB
Cached:           240484 kB
MemTotal:        1844596 kB
MemFree:         1383020 kB
MemAvailable:    1530228 kB
Buffers:           39804 kB
Cached:           240484 kB
MemTotal:        1844596 kB
MemFree:         1382044 kB
MemAvailable:    1529252 kB
Buffers:           39804 kB
Cached:           240484 kB
MemTotal:        1844596 kB
MemFree:         1381408 kB
MemAvailable:    1528616 kB
Buffers:           39804 kB
Cached:           240484 kB
MemTotal:        1844596 kB
MemFree:         1382456 kB
MemAvailable:    1529664 kB
Buffers:           39804 kB
Cached:           240484 kB
MemTotal:        1844596 kB
MemFree:         1382332 kB
MemAvailable:    1529540 kB
Buffers:           39804 kB
Cached:           240484 kB
MemTotal:        1844596 kB
MemFree:         1382292 kB
MemAvailable:    1529500 kB
Buffers:           39804 kB
Cached:           240484 kB
MemTotal:        1844596 kB
MemFree:         1380732 kB
MemAvailable:    1527940 kB
Buffers:           39804 kB
Cached:           240484 kB
MemTotal:        1844596 kB
MemFree:         1380920 kB
MemAvailable:    1528128 kB
Buffers:           39804 kB
Cached:           240484 kB
MemTotal:        1844596 kB
MemFree:         1381720 kB
MemAvailable:    1528928 kB
Buffers:           39804 kB
Cached:           240484 kB
MemTotal:        1844596 kB
MemFree:         1381972 kB
MemAvailable:    1529180 kB
Buffers:           39804 kB
Cached:           240484 kB
MemTotal:        1844596 kB
MemFree:         1381732 kB
MemAvailable:    1528940 kB
Buffers:           39804 kB
Cached:           240484 kB
MemTotal:        1844596 kB
MemFree:         1381728 kB
MemAvailable:    1528936 kB
Buffers:           39804 kB
Cached:           240484 kB
MemTotal:        1844596 kB
MemFree:         1380480 kB
MemAvailable:    1527688 kB
Buffers:           39804 kB
Cached:           240484 kB
MemTotal:        1844596 kB
MemFree:         1381724 kB
MemAvailable:    1528932 kB
Buffers:           39804 kB
Cached:           240484 kB
MemTotal:        1844596 kB
MemFree:         1381724 kB
MemAvailable:    1528932 kB
Buffers:           39804 kB
Cached:           240484 kB
MemTotal:        1844596 kB
MemFree:         1380524 kB
MemAvailable:    1527732 kB
Buffers:           39804 kB
Cached:           240484 kB
MemTotal:        1844596 kB
MemFree:         1381416 kB
MemAvailable:    1528624 kB
Buffers:           39804 kB
Cached:           240484 kB
MemTotal:        1844596 kB
MemFree:         1380300 kB
MemAvailable:    1527508 kB
Buffers:           39804 kB
Cached:           240484 kB
MemTotal:        1844596 kB
MemFree:         1375564 kB
MemAvailable:    1522772 kB
Buffers:           39804 kB
Cached:           240484 kB
MemTotal:        1844596 kB
MemFree:         1374948 kB
MemAvailable:    1522156 kB
Buffers:           39804 kB
Cached:           240484 kB
MemTotal:        1844596 kB
MemFree:         1370992 kB
MemAvailable:    1518200 kB
Buffers:           39804 kB
Cached:           240484 kB
MemTotal:        1844596 kB
MemFree:         1371928 kB
MemAvailable:    1519304 kB
Buffers:           39804 kB
Cached:           240732 kB
MemTotal:        1844596 kB
MemFree:         1371928 kB
MemAvailable:    1519388 kB
Buffers:           39804 kB
Cached:           240732 kB
MemTotal:        1844596 kB
MemFree:         1370752 kB
MemAvailable:    1518296 kB
Buffers:           39804 kB
Cached:           240856 kB
MemTotal:        1844596 kB
MemFree:         1371564 kB
MemAvailable:    1519192 kB
Buffers:           39804 kB
Cached:           240980 kB
MemTotal:        1844596 kB
MemFree:         1371368 kB
MemAvailable:    1519080 kB
Buffers:           39804 kB
Cached:           241104 kB
MemTotal:        1844596 kB
MemFree:         1371492 kB
MemAvailable:    1519288 kB
Buffers:           39804 kB
Cached:           241104 kB
MemTotal:        1844596 kB
MemFree:         1371404 kB
MemAvailable:    1519200 kB
Buffers:           39804 kB
Cached:           241104 kB
MemTotal:        1844596 kB
MemFree:         1370096 kB
MemAvailable:    1517892 kB
Buffers:           39804 kB
Cached:           241228 kB
MemTotal:        1844596 kB
MemFree:         1371284 kB
MemAvailable:    1519164 kB
Buffers:           39804 kB
Cached:           241228 kB
MemTotal:        1844596 kB
MemFree:         1371228 kB
MemAvailable:    1519108 kB
Buffers:           39804 kB
Cached:           241228 kB
MemTotal:        1844596 kB
MemFree:         1370300 kB
MemAvailable:    1518180 kB
Buffers:           39804 kB
Cached:           241228 kB
MemTotal:        1844596 kB
MemFree:         1371228 kB
MemAvailable:    1519108 kB
Buffers:           39804 kB
Cached:           241228 kB
MemTotal:        1844596 kB
MemFree:         1370628 kB
MemAvailable:    1518508 kB
Buffers:           39804 kB
Cached:           241228 kB
MemTotal:        1844596 kB
MemFree:         1371344 kB
MemAvailable:    1519308 kB
Buffers:           39804 kB
Cached:           241228 kB
MemTotal:        1844596 kB
MemFree:         1371360 kB
MemAvailable:    1519240 kB
Buffers:           39804 kB
Cached:           241228 kB
MemTotal:        1844596 kB
MemFree:         1442964 kB
MemAvailable:    1590256 kB
Buffers:           39804 kB
Cached:           240596 kB
