MemTotal:        1844596 kB
MemFree:         1362096 kB
MemAvailable:    1559836 kB
Buffers:           45868 kB
Cached:           280524 kB
MemTotal:        1844596 kB
MemFree:         1361980 kB
MemAvailable:    1559720 kB
Buffers:           45868 kB
Cached:           280524 kB
MemTotal:        1844596 kB
MemFree:         1358988 kB
MemAvailable:    1556728 kB
Buffers:           45868 kB
Cached:           280524 kB
MemTotal:        1844596 kB
MemFree:         1358124 kB
MemAvailable:    1555864 kB
Buffers:           45868 kB
Cached:           280524 kB
MemTotal:        1844596 kB
MemFree:         1358444 kB
MemAvailable:    1556184 kB
Buffers:           45868 kB
Cached:           280524 kB
MemTotal:        1844596 kB
MemFree:         1357268 kB
MemAvailable:    1555008 kB
Buffers:           45868 kB
Cached:           280524 kB
MemTotal:        1844596 kB
MemFree:         1355752 kB
MemAvailable:    1553492 kB
Buffers:           45868 kB
Cached:           280524 kB
MemTotal:        1844596 kB
MemFree:         1354416 kB
MemAvailable:    1552156 kB
Buffers:           45868 kB
Cached:           280524 kB
MemTotal:        1844596 kB
MemFree:         1351300 kB
MemAvailable:    1549040 kB
Buffers:           45868 kB
Cached:           280524 kB
MemTotal:        1844596 kB
MemFree:         1351068 kB
MemAvailable:    1548808 kB
Buffers:           45868 kB
Cached:           280524 kB
MemTotal:        1844596 kB
MemFree:         1345976 kB
MemAvailable:    1543716 kB
Buffers:           45868 kB
Cached:           280524 kB
MemTotal:        1844596 kB
MemFree:         1348208 kB
MemAvailable:    1545948 kB
Buffers:           45868 kB
Cached:           280524 kB
MemTotal:        1844596 kB
MemFree:         1347032 kB
MemAvailable:    1544772 kB
Buffers:           45868 kB
Cached:           280524 kB
MemTotal:        1844596 kB
MemFree:         1347068 kB
MemAvailable:    1544808 kB
Buffers:           45868 kB
Cached:           280524 kB
MemTotal:        1844596 kB
MemFree:         1348216 kB
MemAvailable:    1545956 kB
Buffers:           45868 kB
Cached:           280524 kB
MemTotal:        1844596 kB
MemFree:         1348020 kB
MemAvailable:    1545760 kB
Buffers:           45868 kB
Cached:           280524 kB
MemTotal:        1844596 kB
MemFree:         1348272 kB
MemAvailable:    1546012 kB
Buffers:           45868 kB
Cached:           280524 kB
MemTotal:        1844596 kB
MemFree:         1347332 kB
MemAvailable:    1545072 kB
Buffers:           45868 kB
Cached:           280524 kB
MemTotal:        1844596 kB
MemFree:         1347100 kB
MemAvailable:    1544840 kB
Buffers:           45868 kB
Cached:           280524 kB
MemTotal:        1844596 kB
MemFree:         1345232 kB
MemAvailable:    1542972 kB
Buffers:           45868 kB
Cached:           280524 kB
MemTotal:        1844596 kB
MemFree:         1345960 kB
MemAvailable:    1543700 kB
Buffers:           45868 kB
Cached:           280524 kB
MemTotal:        1844596 kB
MemFree:         1345960 kB
MemAvailable:    1543700 kB
Buffers:           45868 kB
Cached:           280524 kB
MemTotal:        1844596 kB
MemFree:         1344564 kB
MemAvailable:    1542304 kB
Buffers:           45868 kB
Cached:           280524 kB
MemTotal:        1844596 kB
MemFree:         1344688 kB
MemAvailable:    1542428 kB
Buffers:           45868 kB
Cached:           280524 kB
MemTotal:        1844596 kB
MemFree:         1344564 kB
MemAvailable:    1542304 kB
Buffers:           45868 kB
Cached:           280524 kB
MemTotal:        1844596 kB
MemFree:         1345992 kB
MemAvailable:    1543732 kB
Buffers:           45868 kB
Cached:           280524 kB
MemTotal:        1844596 kB
MemFree:         1344600 kB
MemAvailable:    1542340 kB
Buffers:           45868 kB
Cached:           280524 kB
MemTotal:        1844596 kB
MemFree:         1345108 kB
MemAvailable:    1542848 kB
Buffers:           45868 kB
Cached:           280524 kB
MemTotal:        1844596 kB
MemFree:         1347080 kB
MemAvailable:    1544820 kB
Buffers:           45868 kB
Cached:           280524 kB
MemTotal:        1844596 kB
MemFree:         1345984 kB
MemAvailable:    1543724 kB
Buffers:           45868 kB
Cached:           280524 kB
MemTotal:        1844596 kB
MemFree:         1345488 kB
MemAvailable:    1543228 kB
Buffers:           45868 kB
Cached:           280524 kB
MemTotal:        1844596 kB
MemFree:         1344620 kB
MemAvailable:    1542360 kB
Buffers:           45868 kB
Cached:           280524 kB
MemTotal:        1844596 kB
MemFree:         1342760 kB
MemAvailable:    1540500 kB
Buffers:           45868 kB
Cached:           280524 kB
MemTotal:        1844596 kB
MemFree:         1343476 kB
MemAvailable:    1541216 kB
Buffers:           45868 kB
Cached:           280524 kB
MemTotal:        1844596 kB
MemFree:         1343476 kB
MemAvailable:    1541216 kB
Buffers:           45868 kB
Cached:           280524 kB
MemTotal:        1844596 kB
MemFree:         1341636 kB
MemAvailable:    1539384 kB
Buffers:           45868 kB
Cached:           280532 kB
MemTotal:        1844596 kB
MemFree:         1341396 kB
MemAvailable:    1539144 kB
Buffers:           45868 kB
Cached:           280532 kB
MemTotal:        1844596 kB
MemFree:         1341936 kB
MemAvailable:    1539684 kB
Buffers:           45868 kB
Cached:           280532 kB
MemTotal:        1844596 kB
MemFree:         1340776 kB
MemAvailable:    1538524 kB
Buffers:           45868 kB
Cached:           280532 kB
MemTotal:        1844596 kB
MemFree:         1341484 kB
MemAvailable:    1539232 kB
Buffers:           45868 kB
Cached:           280532 kB
MemTotal:        1844596 kB
MemFree:         1341820 kB
MemAvailable:    1539568 kB
Buffers:           45868 kB
Cached:           280532 kB
MemTotal:        1844596 kB
MemFree:         1341644 kB
MemAvailable:    1539392 kB
Buffers:           45868 kB
Cached:           280532 kB
MemTotal:        1844596 kB
MemFree:         1341272 kB
MemAvailable:    1539020 kB
Buffers:           45868 kB
Cached:           280532 kB
MemTotal:        1844596 kB
MemFree:         1341492 kB
MemAvailable:    1539240 kB
Buffers:           45868 kB
Cached:           280532 kB
MemTotal:        1844596 kB
MemFree:         1341492 kB
MemAvailable:    1539240 kB
Buffers:           45868 kB
Cached:           280532 kB
MemTotal:        1844596 kB
MemFree:         1339884 kB
MemAvailable:    1537632 kB
Buffers:           45868 kB
Cached:           280532 kB
MemTotal:        1844596 kB
MemFree:         1339784 kB
MemAvailable:    1537532 kB
Buffers:           45868 kB
Cached:           280532 kB
MemTotal:        1844596 kB
MemFree:         1339520 kB
MemAvailable:    1537268 kB
Buffers:           45868 kB
Cached:           280532 kB
MemTotal:        1844596 kB
MemFree:         1339528 kB
MemAvailable:    1537276 kB
Buffers:           45868 kB
Cached:           280532 kB
MemTotal:        1844596 kB
MemFree:         1340580 kB
MemAvailable:    1538328 kB
Buffers:           45868 kB
Cached:           280532 kB
MemTotal:        1844596 kB
MemFree:         1339272 kB
MemAvailable:    1537020 kB
Buffers:           45868 kB
Cached:           280532 kB
MemTotal:        1844596 kB
MemFree:         1339272 kB
MemAvailable:    1537020 kB
Buffers:           45868 kB
Cached:           280532 kB
MemTotal:        1844596 kB
MemFree:         1339396 kB
MemAvailable:    1537144 kB
Buffers:           45868 kB
Cached:           280532 kB
MemTotal:        1844596 kB
MemFree:         1339348 kB
MemAvailable:    1537096 kB
Buffers:           45868 kB
Cached:           280532 kB
MemTotal:        1844596 kB
MemFree:         1340584 kB
MemAvailable:    1538332 kB
Buffers:           45868 kB
Cached:           280532 kB
MemTotal:        1844596 kB
MemFree:         1340452 kB
MemAvailable:    1538200 kB
Buffers:           45868 kB
Cached:           280532 kB
MemTotal:        1844596 kB
MemFree:         1340564 kB
MemAvailable:    1538312 kB
Buffers:           45868 kB
Cached:           280532 kB
MemTotal:        1844596 kB
MemFree:         1340528 kB
MemAvailable:    1538276 kB
Buffers:           45868 kB
Cached:           280532 kB
MemTotal:        1844596 kB
MemFree:         1339272 kB
MemAvailable:    1537020 kB
Buffers:           45868 kB
Cached:           280532 kB
MemTotal:        1844596 kB
MemFree:         1340364 kB
MemAvailable:    1538112 kB
Buffers:           45868 kB
Cached:           280532 kB
MemTotal:        1844596 kB
MemFree:         1340364 kB
MemAvailable:    1538112 kB
Buffers:           45868 kB
Cached:           280532 kB
MemTotal:        1844596 kB
MemFree:         1340068 kB
MemAvailable:    1537816 kB
Buffers:           45868 kB
Cached:           280532 kB
MemTotal:        1844596 kB
MemFree:         1338636 kB
MemAvailable:    1536384 kB
Buffers:           45868 kB
Cached:           280532 kB
MemTotal:        1844596 kB
MemFree:         1338752 kB
MemAvailable:    1536500 kB
Buffers:           45868 kB
Cached:           280532 kB
MemTotal:        1844596 kB
MemFree:         1338504 kB
MemAvailable:    1536252 kB
Buffers:           45868 kB
Cached:           280532 kB
MemTotal:        1844596 kB
MemFree:         1338504 kB
MemAvailable:    1536252 kB
Buffers:           45868 kB
Cached:           280532 kB
MemTotal:        1844596 kB
MemFree:         1338496 kB
MemAvailable:    1536244 kB
Buffers:           45868 kB
Cached:           280532 kB
MemTotal:        1844596 kB
MemFree:         1339720 kB
MemAvailable:    1537468 kB
Buffers:           45868 kB
Cached:           280532 kB
MemTotal:        1844596 kB
MemFree:         1338792 kB
MemAvailable:    1536540 kB
Buffers:           45868 kB
Cached:           280532 kB
MemTotal:        1844596 kB
MemFree:         1339584 kB
MemAvailable:    1537332 kB
Buffers:           45868 kB
Cached:           280532 kB
MemTotal:        1844596 kB
MemFree:         1339836 kB
MemAvailable:    1537584 kB
Buffers:           45868 kB
Cached:           280532 kB
MemTotal:        1844596 kB
MemFree:         1339524 kB
MemAvailable:    1537272 kB
Buffers:           45868 kB
Cached:           280532 kB
MemTotal:        1844596 kB
MemFree:         1339244 kB
MemAvailable:    1536992 kB
Buffers:           45868 kB
Cached:           280532 kB
MemTotal:        1844596 kB
MemFree:         1337552 kB
MemAvailable:    1535300 kB
Buffers:           45868 kB
Cached:           280532 kB
MemTotal:        1844596 kB
MemFree:         1336560 kB
MemAvailable:    1534308 kB
Buffers:           45868 kB
Cached:           280532 kB
MemTotal:        1844596 kB
MemFree:         1333444 kB
MemAvailable:    1531192 kB
Buffers:           45868 kB
Cached:           280532 kB
MemTotal:        1844596 kB
MemFree:         1333584 kB
MemAvailable:    1531332 kB
Buffers:           45868 kB
Cached:           280532 kB
MemTotal:        1844596 kB
MemFree:         1332280 kB
MemAvailable:    1530028 kB
Buffers:           45868 kB
Cached:           280532 kB
MemTotal:        1844596 kB
MemFree:         1331220 kB
MemAvailable:    1528968 kB
Buffers:           45868 kB
Cached:           280532 kB
MemTotal:        1844596 kB
MemFree:         1330576 kB
MemAvailable:    1528324 kB
Buffers:           45868 kB
Cached:           280532 kB
MemTotal:        1844596 kB
MemFree:         1330708 kB
MemAvailable:    1528456 kB
Buffers:           45868 kB
Cached:           280532 kB
MemTotal:        1844596 kB
MemFree:         1332008 kB
MemAvailable:    1529756 kB
Buffers:           45868 kB
Cached:           280532 kB
MemTotal:        1844596 kB
MemFree:         1331824 kB
MemAvailable:    1529572 kB
Buffers:           45868 kB
Cached:           280532 kB
MemTotal:        1844596 kB
MemFree:         1331908 kB
MemAvailable:    1529656 kB
Buffers:           45868 kB
Cached:           280532 kB
MemTotal:        1844596 kB
MemFree:         1330412 kB
MemAvailable:    1528160 kB
Buffers:           45868 kB
Cached:           280532 kB
MemTotal:        1844596 kB
MemFree:         1331720 kB
MemAvailable:    1529468 kB
Buffers:           45868 kB
Cached:           280532 kB
MemTotal:        1844596 kB
MemFree:         1330456 kB
MemAvailable:    1528204 kB
Buffers:           45868 kB
Cached:           280532 kB
MemTotal:        1844596 kB
MemFree:         1331176 kB
MemAvailable:    1528924 kB
Buffers:           45868 kB
Cached:           280532 kB
MemTotal:        1844596 kB
MemFree:         1331384 kB
MemAvailable:    1529132 kB
Buffers:           45868 kB
Cached:           280532 kB
MemTotal:        1844596 kB
MemFree:         1330168 kB
MemAvailable:    1527916 kB
Buffers:           45868 kB
Cached:           280532 kB
MemTotal:        1844596 kB
MemFree:         1330416 kB
MemAvailable:    1528164 kB
Buffers:           45868 kB
Cached:           280532 kB
MemTotal:        1844596 kB
MemFree:         1331656 kB
MemAvailable:    1529404 kB
Buffers:           45868 kB
Cached:           280532 kB
MemTotal:        1844596 kB
MemFree:         1331080 kB
MemAvailable:    1528828 kB
Buffers:           45868 kB
Cached:           280532 kB
MemTotal:        1844596 kB
MemFree:         1331080 kB
MemAvailable:    1528828 kB
Buffers:           45868 kB
Cached:           280532 kB
MemTotal:        1844596 kB
MemFree:         1329684 kB
MemAvailable:    1527432 kB
Buffers:           45868 kB
Cached:           280532 kB
MemTotal:        1844596 kB
MemFree:         1330668 kB
MemAvailable:    1528416 kB
Buffers:           45868 kB
Cached:           280532 kB
MemTotal:        1844596 kB
MemFree:         1329368 kB
MemAvailable:    1527116 kB
Buffers:           45868 kB
Cached:           280532 kB
MemTotal:        1844596 kB
MemFree:         1330040 kB
MemAvailable:    1527788 kB
Buffers:           45868 kB
Cached:           280532 kB
MemTotal:        1844596 kB
MemFree:         1330040 kB
MemAvailable:    1527788 kB
Buffers:           45868 kB
Cached:           280532 kB
MemTotal:        1844596 kB
MemFree:         1330088 kB
MemAvailable:    1527836 kB
Buffers:           45868 kB
Cached:           280532 kB
MemTotal:        1844596 kB
MemFree:         1328856 kB
MemAvailable:    1526604 kB
Buffers:           45868 kB
Cached:           280532 kB
MemTotal:        1844596 kB
MemFree:         1328856 kB
MemAvailable:    1526604 kB
Buffers:           45868 kB
Cached:           280532 kB
MemTotal:        1844596 kB
MemFree:         1328436 kB
MemAvailable:    1526184 kB
Buffers:           45868 kB
Cached:           280532 kB
MemTotal:        1844596 kB
MemFree:         1328244 kB
MemAvailable:    1525992 kB
Buffers:           45868 kB
Cached:           280532 kB
MemTotal:        1844596 kB
MemFree:         1327128 kB
MemAvailable:    1524876 kB
Buffers:           45868 kB
Cached:           280532 kB
MemTotal:        1844596 kB
MemFree:         1327960 kB
MemAvailable:    1525708 kB
Buffers:           45868 kB
Cached:           280532 kB
MemTotal:        1844596 kB
MemFree:         1328108 kB
MemAvailable:    1525856 kB
Buffers:           45868 kB
Cached:           280532 kB
MemTotal:        1844596 kB
MemFree:         1326604 kB
MemAvailable:    1524352 kB
Buffers:           45868 kB
Cached:           280532 kB
MemTotal:        1844596 kB
MemFree:         1326424 kB
MemAvailable:    1524172 kB
Buffers:           45868 kB
Cached:           280532 kB
MemTotal:        1844596 kB
MemFree:         1326432 kB
MemAvailable:    1524180 kB
Buffers:           45868 kB
Cached:           280532 kB
MemTotal:        1844596 kB
MemFree:         1327824 kB
MemAvailable:    1525572 kB
Buffers:           45868 kB
Cached:           280532 kB
MemTotal:        1844596 kB
MemFree:         1327824 kB
MemAvailable:    1525572 kB
Buffers:           45868 kB
Cached:           280532 kB
MemTotal:        1844596 kB
MemFree:         1326576 kB
MemAvailable:    1524332 kB
Buffers:           45868 kB
Cached:           280540 kB
MemTotal:        1844596 kB
MemFree:         1327744 kB
MemAvailable:    1525500 kB
Buffers:           45868 kB
Cached:           280540 kB
MemTotal:        1844596 kB
MemFree:         1327508 kB
MemAvailable:    1525264 kB
Buffers:           45868 kB
Cached:           280540 kB
MemTotal:        1844596 kB
MemFree:         1327312 kB
MemAvailable:    1525068 kB
Buffers:           45868 kB
Cached:           280540 kB
MemTotal:        1844596 kB
MemFree:         1326980 kB
MemAvailable:    1524736 kB
Buffers:           45868 kB
Cached:           280540 kB
MemTotal:        1844596 kB
MemFree:         1326980 kB
MemAvailable:    1524736 kB
Buffers:           45868 kB
Cached:           280540 kB
MemTotal:        1844596 kB
MemFree:         1320004 kB
MemAvailable:    1517760 kB
Buffers:           45868 kB
Cached:           280540 kB
MemTotal:        1844596 kB
MemFree:         1318820 kB
MemAvailable:    1516576 kB
Buffers:           45868 kB
Cached:           280664 kB
MemTotal:        1844596 kB
MemFree:         1319728 kB
MemAvailable:    1517652 kB
Buffers:           45868 kB
Cached:           280788 kB
MemTotal:        1844596 kB
MemFree:         1319728 kB
MemAvailable:    1517652 kB
Buffers:           45868 kB
Cached:           280788 kB
MemTotal:        1844596 kB
MemFree:         1319360 kB
MemAvailable:    1517452 kB
Buffers:           45868 kB
Cached:           280912 kB
MemTotal:        1844596 kB
MemFree:         1319228 kB
MemAvailable:    1517404 kB
Buffers:           45868 kB
Cached:           281036 kB
MemTotal:        1844596 kB
MemFree:         1319056 kB
MemAvailable:    1517316 kB
Buffers:           45868 kB
Cached:           281160 kB
MemTotal:        1844596 kB
MemFree:         1318888 kB
MemAvailable:    1517148 kB
Buffers:           45868 kB
Cached:           281160 kB
MemTotal:        1844596 kB
MemFree:         1319224 kB
MemAvailable:    1517484 kB
Buffers:           45868 kB
Cached:           281160 kB
MemTotal:        1844596 kB
MemFree:         1319136 kB
MemAvailable:    1517480 kB
Buffers:           45868 kB
Cached:           281160 kB
MemTotal:        1844596 kB
MemFree:         1318456 kB
MemAvailable:    1516800 kB
Buffers:           45868 kB
Cached:           281160 kB
MemTotal:        1844596 kB
MemFree:         1318884 kB
MemAvailable:    1517228 kB
Buffers:           45868 kB
Cached:           281160 kB
MemTotal:        1844596 kB
MemFree:         1319084 kB
MemAvailable:    1517428 kB
Buffers:           45868 kB
Cached:           281160 kB
MemTotal:        1844596 kB
MemFree:         1317864 kB
MemAvailable:    1516208 kB
Buffers:           45868 kB
Cached:           281160 kB
MemTotal:        1844596 kB
MemFree:         1317540 kB
MemAvailable:    1515884 kB
Buffers:           45868 kB
Cached:           281160 kB
MemTotal:        1844596 kB
MemFree:         1318252 kB
MemAvailable:    1516092 kB
Buffers:           45868 kB
Cached:           280528 kB
MemTotal:        1844596 kB
MemFree:         1319780 kB
MemAvailable:    1517620 kB
Buffers:           45868 kB
Cached:           280528 kB
