MemTotal:        1844596 kB
MemFree:         1256204 kB
MemAvailable:    1545780 kB
Buffers:           56008 kB
Cached:           354164 kB
MemTotal:        1844596 kB
MemFree:         1255708 kB
MemAvailable:    1545284 kB
Buffers:           56008 kB
Cached:           354164 kB
MemTotal:        1844596 kB
MemFree:         1253716 kB
MemAvailable:    1543292 kB
Buffers:           56008 kB
Cached:           354164 kB
MemTotal:        1844596 kB
MemFree:         1253848 kB
MemAvailable:    1543424 kB
Buffers:           56008 kB
Cached:           354164 kB
MemTotal:        1844596 kB
MemFree:         1250988 kB
MemAvailable:    1540564 kB
Buffers:           56008 kB
Cached:           354164 kB
MemTotal:        1844596 kB
MemFree:         1250988 kB
MemAvailable:    1540564 kB
Buffers:           56008 kB
Cached:           354164 kB
MemTotal:        1844596 kB
MemFree:         1252248 kB
MemAvailable:    1541824 kB
Buffers:           56008 kB
Cached:           354164 kB
MemTotal:        1844596 kB
MemFree:         1250376 kB
MemAvailable:    1539952 kB
Buffers:           56008 kB
Cached:           354164 kB
MemTotal:        1844596 kB
MemFree:         1247144 kB
MemAvailable:    1536720 kB
Buffers:           56008 kB
Cached:           354164 kB
MemTotal:        1844596 kB
MemFree:         1247756 kB
MemAvailable:    1537332 kB
Buffers:           56008 kB
Cached:           354164 kB
MemTotal:        1844596 kB
MemFree:         1242540 kB
MemAvailable:    1532116 kB
Buffers:           56008 kB
Cached:           354164 kB
MemTotal:        1844596 kB
MemFree:         1242420 kB
MemAvailable:    1531996 kB
Buffers:           56008 kB
Cached:           354164 kB
MemTotal:        1844596 kB
MemFree:         1242236 kB
MemAvailable:    1531812 kB
Buffers:           56008 kB
Cached:           354164 kB
MemTotal:        1844596 kB
MemFree:         1241564 kB
MemAvailable:    1531140 kB
Buffers:           56008 kB
Cached:           354164 kB
MemTotal:        1844596 kB
MemFree:         1242240 kB
MemAvailable:    1531816 kB
Buffers:           56008 kB
Cached:           354164 kB
MemTotal:        1844596 kB
MemFree:         1242240 kB
MemAvailable:    1531816 kB
Buffers:           56008 kB
Cached:           354164 kB
MemTotal:        1844596 kB
MemFree:         1242168 kB
MemAvailable:    1531744 kB
Buffers:           56008 kB
Cached:           354164 kB
MemTotal:        1844596 kB
MemFree:         1242168 kB
MemAvailable:    1531744 kB
Buffers:           56008 kB
Cached:           354164 kB
MemTotal:        1844596 kB
MemFree:         1240192 kB
MemAvailable:    1529768 kB
Buffers:           56008 kB
Cached:           354164 kB
MemTotal:        1844596 kB
MemFree:         1241872 kB
MemAvailable:    1531448 kB
Buffers:           56008 kB
Cached:           354164 kB
MemTotal:        1844596 kB
MemFree:         1240764 kB
MemAvailable:    1530340 kB
Buffers:           56008 kB
Cached:           354164 kB
MemTotal:        1844596 kB
MemFree:         1240332 kB
MemAvailable:    1529908 kB
Buffers:           56008 kB
Cached:           354164 kB
MemTotal:        1844596 kB
MemFree:         1238968 kB
MemAvailable:    1528544 kB
Buffers:           56008 kB
Cached:           354164 kB
MemTotal:        1844596 kB
MemFree:         1239824 kB
MemAvailable:    1529400 kB
Buffers:           56008 kB
Cached:           354164 kB
MemTotal:        1844596 kB
MemFree:         1239712 kB
MemAvailable:    1529288 kB
Buffers:           56008 kB
Cached:           354164 kB
MemTotal:        1844596 kB
MemFree:         1239772 kB
MemAvailable:    1529348 kB
Buffers:           56008 kB
Cached:           354164 kB
MemTotal:        1844596 kB
MemFree:         1239896 kB
MemAvailable:    1529472 kB
Buffers:           56008 kB
Cached:           354164 kB
MemTotal:        1844596 kB
MemFree:         1238464 kB
MemAvailable:    1528040 kB
Buffers:           56008 kB
Cached:           354164 kB
MemTotal:        1844596 kB
MemFree:         1238464 kB
MemAvailable:    1528040 kB
Buffers:           56008 kB
Cached:           354164 kB
MemTotal:        1844596 kB
MemFree:         1238588 kB
MemAvailable:    1528164 kB
Buffers:           56008 kB
Cached:           354164 kB
MemTotal:        1844596 kB
MemFree:         1238712 kB
MemAvailable:    1528288 kB
Buffers:           56008 kB
Cached:           354164 kB
MemTotal:        1844596 kB
MemFree:         1239804 kB
MemAvailable:    1529380 kB
Buffers:           56008 kB
Cached:           354164 kB
MemTotal:        1844596 kB
MemFree:         1241180 kB
MemAvailable:    1530756 kB
Buffers:           56008 kB
Cached:           354164 kB
MemTotal:        1844596 kB
MemFree:         1239836 kB
MemAvailable:    1529412 kB
Buffers:           56008 kB
Cached:           354164 kB
MemTotal:        1844596 kB
MemFree:         1236588 kB
MemAvailable:    1526164 kB
Buffers:           56008 kB
Cached:           354164 kB
MemTotal:        1844596 kB
MemFree:         1238268 kB
MemAvailable:    1527844 kB
Buffers:           56008 kB
Cached:           354164 kB
MemTotal:        1844596 kB
MemFree:         1237540 kB
MemAvailable:    1527116 kB
Buffers:           56008 kB
Cached:           354164 kB
MemTotal:        1844596 kB
MemFree:         1237292 kB
MemAvailable:    1526868 kB
Buffers:           56008 kB
Cached:           354164 kB
MemTotal:        1844596 kB
MemFree:         1236664 kB
MemAvailable:    1526240 kB
Buffers:           56008 kB
Cached:           354164 kB
MemTotal:        1844596 kB
MemFree:         1236540 kB
MemAvailable:    1526116 kB
Buffers:           56008 kB
Cached:           354164 kB
MemTotal:        1844596 kB
MemFree:         1234976 kB
MemAvailable:    1524552 kB
Buffers:           56008 kB
Cached:           354164 kB
MemTotal:        1844596 kB
MemFree:         1234448 kB
MemAvailable:    1524024 kB
Buffers:           56008 kB
Cached:           354164 kB
MemTotal:        1844596 kB
MemFree:         1234636 kB
MemAvailable:    1524212 kB
Buffers:           56008 kB
Cached:           354164 kB
MemTotal:        1844596 kB
MemFree:         1235696 kB
MemAvailable:    1525272 kB
Buffers:           56008 kB
Cached:           354164 kB
MemTotal:        1844596 kB
MemFree:         1235788 kB
MemAvailable:    1525364 kB
Buffers:           56008 kB
Cached:           354164 kB
MemTotal:        1844596 kB
MemFree:         1235420 kB
MemAvailable:    1524996 kB
Buffers:           56008 kB
Cached:           354164 kB
MemTotal:        1844596 kB
MemFree:         1235480 kB
MemAvailable:    1525056 kB
Buffers:           56008 kB
Cached:           354164 kB
MemTotal:        1844596 kB
MemFree:         1235504 kB
MemAvailable:    1525080 kB
Buffers:           56008 kB
Cached:           354164 kB
MemTotal:        1844596 kB
MemFree:         1235424 kB
MemAvailable:    1525000 kB
Buffers:           56008 kB
Cached:           354164 kB
MemTotal:        1844596 kB
MemFree:         1235176 kB
MemAvailable:    1524752 kB
Buffers:           56008 kB
Cached:           354164 kB
MemTotal:        1844596 kB
MemFree:         1235176 kB
MemAvailable:    1524752 kB
Buffers:           56008 kB
Cached:           354164 kB
MemTotal:        1844596 kB
MemFree:         1234844 kB
MemAvailable:    1524420 kB
Buffers:           56008 kB
Cached:           354164 kB
MemTotal:        1844596 kB
MemFree:         1235096 kB
MemAvailable:    1524672 kB
Buffers:           56008 kB
Cached:           354164 kB
MemTotal:        1844596 kB
MemFree:         1234632 kB
MemAvailable:    1524208 kB
Buffers:           56008 kB
Cached:           354164 kB
MemTotal:        1844596 kB
MemFree:         1234572 kB
MemAvailable:    1524148 kB
Buffers:           56008 kB
Cached:           354164 kB
MemTotal:        1844596 kB
MemFree:         1234756 kB
MemAvailable:    1524332 kB
Buffers:           56008 kB
Cached:           354164 kB
MemTotal:        1844596 kB
MemFree:         1234624 kB
MemAvailable:    1524200 kB
Buffers:           56008 kB
Cached:           354164 kB
MemTotal:        1844596 kB
MemFree:         1234688 kB
MemAvailable:    1524264 kB
Buffers:           56008 kB
Cached:           354164 kB
MemTotal:        1844596 kB
MemFree:         1233192 kB
MemAvailable:    1522768 kB
Buffers:           56008 kB
Cached:           354164 kB
MemTotal:        1844596 kB
MemFree:         1234808 kB
MemAvailable:    1524384 kB
Buffers:           56008 kB
Cached:           354164 kB
MemTotal:        1844596 kB
MemFree:         1233768 kB
MemAvailable:    1523344 kB
Buffers:           56008 kB
Cached:           354164 kB
MemTotal:        1844596 kB
MemFree:         1234580 kB
MemAvailable:    1524156 kB
Buffers:           56008 kB
Cached:           354164 kB
MemTotal:        1844596 kB
MemFree:         1234700 kB
MemAvailable:    1524276 kB
Buffers:           56008 kB
Cached:           354164 kB
MemTotal:        1844596 kB
MemFree:         1234672 kB
MemAvailable:    1524248 kB
Buffers:           56008 kB
Cached:           354164 kB
MemTotal:        1844596 kB
MemFree:         1233356 kB
MemAvailable:    1522932 kB
Buffers:           56008 kB
Cached:           354164 kB
MemTotal:        1844596 kB
MemFree:         1234340 kB
MemAvailable:    1523920 kB
Buffers:           56008 kB
Cached:           354168 kB
MemTotal:        1844596 kB
MemFree:         1234592 kB
MemAvailable:    1524172 kB
Buffers:           56008 kB
Cached:           354168 kB
MemTotal:        1844596 kB
MemFree:         1232892 kB
MemAvailable:    1522480 kB
Buffers:           56008 kB
Cached:           354176 kB
MemTotal:        1844596 kB
MemFree:         1233008 kB
MemAvailable:    1522596 kB
Buffers:           56008 kB
Cached:           354176 kB
MemTotal:        1844596 kB
MemFree:         1232892 kB
MemAvailable:    1522480 kB
Buffers:           56008 kB
Cached:           354176 kB
MemTotal:        1844596 kB
MemFree:         1234068 kB
MemAvailable:    1523656 kB
Buffers:           56008 kB
Cached:           354176 kB
MemTotal:        1844596 kB
MemFree:         1232836 kB
MemAvailable:    1522424 kB
Buffers:           56008 kB
Cached:           354176 kB
MemTotal:        1844596 kB
MemFree:         1233564 kB
MemAvailable:    1523152 kB
Buffers:           56008 kB
Cached:           354176 kB
MemTotal:        1844596 kB
MemFree:         1233688 kB
MemAvailable:    1523276 kB
Buffers:           56008 kB
Cached:           354176 kB
MemTotal:        1844596 kB
MemFree:         1232472 kB
MemAvailable:    1522060 kB
Buffers:           56008 kB
Cached:           354176 kB
MemTotal:        1844596 kB
MemFree:         1232008 kB
MemAvailable:    1521596 kB
Buffers:           56008 kB
Cached:           354176 kB
MemTotal:        1844596 kB
MemFree:         1234108 kB
MemAvailable:    1523696 kB
Buffers:           56008 kB
Cached:           354176 kB
MemTotal:        1844596 kB
MemFree:         1233744 kB
MemAvailable:    1523332 kB
Buffers:           56008 kB
Cached:           354176 kB
MemTotal:        1844596 kB
MemFree:         1233548 kB
MemAvailable:    1523136 kB
Buffers:           56008 kB
Cached:           354176 kB
MemTotal:        1844596 kB
MemFree:         1233800 kB
MemAvailable:    1523388 kB
Buffers:           56008 kB
Cached:           354176 kB
MemTotal:        1844596 kB
MemFree:         1232828 kB
MemAvailable:    1522416 kB
Buffers:           56008 kB
Cached:           354176 kB
MemTotal:        1844596 kB
MemFree:         1229404 kB
MemAvailable:    1518992 kB
Buffers:           56008 kB
Cached:           354176 kB
MemTotal:        1844596 kB
MemFree:         1229296 kB
MemAvailable:    1518884 kB
Buffers:           56008 kB
Cached:           354176 kB
MemTotal:        1844596 kB
MemFree:         1227544 kB
MemAvailable:    1517132 kB
Buffers:           56008 kB
Cached:           354176 kB
MemTotal:        1844596 kB
MemFree:         1225452 kB
MemAvailable:    1515040 kB
Buffers:           56008 kB
Cached:           354176 kB
MemTotal:        1844596 kB
MemFree:         1226196 kB
MemAvailable:    1515784 kB
Buffers:           56008 kB
Cached:           354176 kB
MemTotal:        1844596 kB
MemFree:         1226000 kB
MemAvailable:    1515588 kB
Buffers:           56008 kB
Cached:           354176 kB
MemTotal:        1844596 kB
MemFree:         1224692 kB
MemAvailable:    1514280 kB
Buffers:           56008 kB
Cached:           354176 kB
MemTotal:        1844596 kB
MemFree:         1224584 kB
MemAvailable:    1514172 kB
Buffers:           56008 kB
Cached:           354176 kB
MemTotal:        1844596 kB
MemFree:         1224584 kB
MemAvailable:    1514172 kB
Buffers:           56008 kB
Cached:           354176 kB
MemTotal:        1844596 kB
MemFree:         1224648 kB
MemAvailable:    1514236 kB
Buffers:           56008 kB
Cached:           354176 kB
MemTotal:        1844596 kB
MemFree:         1225560 kB
MemAvailable:    1515148 kB
Buffers:           56008 kB
Cached:           354176 kB
MemTotal:        1844596 kB
MemFree:         1225900 kB
MemAvailable:    1515488 kB
Buffers:           56008 kB
Cached:           354176 kB
MemTotal:        1844596 kB
MemFree:         1224272 kB
MemAvailable:    1513860 kB
Buffers:           56008 kB
Cached:           354176 kB
MemTotal:        1844596 kB
MemFree:         1224288 kB
MemAvailable:    1513876 kB
Buffers:           56008 kB
Cached:           354176 kB
MemTotal:        1844596 kB
MemFree:         1225700 kB
MemAvailable:    1515288 kB
Buffers:           56008 kB
Cached:           354176 kB
MemTotal:        1844596 kB
MemFree:         1225700 kB
MemAvailable:    1515288 kB
Buffers:           56008 kB
Cached:           354176 kB
MemTotal:        1844596 kB
MemFree:         1225652 kB
MemAvailable:    1515240 kB
Buffers:           56008 kB
Cached:           354176 kB
MemTotal:        1844596 kB
MemFree:         1225700 kB
MemAvailable:    1515288 kB
Buffers:           56008 kB
Cached:           354176 kB
MemTotal:        1844596 kB
MemFree:         1224412 kB
MemAvailable:    1514000 kB
Buffers:           56008 kB
Cached:           354176 kB
MemTotal:        1844596 kB
MemFree:         1224536 kB
MemAvailable:    1514124 kB
Buffers:           56008 kB
Cached:           354176 kB
MemTotal:        1844596 kB
MemFree:         1224460 kB
MemAvailable:    1514048 kB
Buffers:           56008 kB
Cached:           354176 kB
MemTotal:        1844596 kB
MemFree:         1225056 kB
MemAvailable:    1514644 kB
Buffers:           56008 kB
Cached:           354176 kB
MemTotal:        1844596 kB
MemFree:         1223840 kB
MemAvailable:    1513428 kB
Buffers:           56008 kB
Cached:           354176 kB
MemTotal:        1844596 kB
MemFree:         1223716 kB
MemAvailable:    1513304 kB
Buffers:           56008 kB
Cached:           354176 kB
MemTotal:        1844596 kB
MemFree:         1223220 kB
MemAvailable:    1512808 kB
Buffers:           56008 kB
Cached:           354176 kB
MemTotal:        1844596 kB
MemFree:         1223220 kB
MemAvailable:    1512808 kB
Buffers:           56008 kB
Cached:           354176 kB
MemTotal:        1844596 kB
MemFree:         1223096 kB
MemAvailable:    1512684 kB
Buffers:           56008 kB
Cached:           354176 kB
MemTotal:        1844596 kB
MemFree:         1223168 kB
MemAvailable:    1512756 kB
Buffers:           56008 kB
Cached:           354176 kB
MemTotal:        1844596 kB
MemFree:         1221840 kB
MemAvailable:    1511428 kB
Buffers:           56008 kB
Cached:           354176 kB
MemTotal:        1844596 kB
MemFree:         1222808 kB
MemAvailable:    1512396 kB
Buffers:           56008 kB
Cached:           354176 kB
MemTotal:        1844596 kB
MemFree:         1223060 kB
MemAvailable:    1512648 kB
Buffers:           56008 kB
Cached:           354176 kB
MemTotal:        1844596 kB
MemFree:         1222288 kB
MemAvailable:    1511876 kB
Buffers:           56008 kB
Cached:           354176 kB
MemTotal:        1844596 kB
MemFree:         1222240 kB
MemAvailable:    1511828 kB
Buffers:           56008 kB
Cached:           354176 kB
MemTotal:        1844596 kB
MemFree:         1221984 kB
MemAvailable:    1511572 kB
Buffers:           56008 kB
Cached:           354176 kB
MemTotal:        1844596 kB
MemFree:         1221932 kB
MemAvailable:    1511520 kB
Buffers:           56008 kB
Cached:           354176 kB
MemTotal:        1844596 kB
MemFree:         1220208 kB
MemAvailable:    1509796 kB
Buffers:           56008 kB
Cached:           354176 kB
MemTotal:        1844596 kB
MemFree:         1222104 kB
MemAvailable:    1511692 kB
Buffers:           56008 kB
Cached:           354176 kB
MemTotal:        1844596 kB
MemFree:         1221860 kB
MemAvailable:    1511448 kB
Buffers:           56008 kB
Cached:           354176 kB
MemTotal:        1844596 kB
MemFree:         1221836 kB
MemAvailable:    1511424 kB
Buffers:           56008 kB
Cached:           354176 kB
MemTotal:        1844596 kB
MemFree:         1220548 kB
MemAvailable:    1510136 kB
Buffers:           56008 kB
Cached:           354176 kB
MemTotal:        1844596 kB
MemFree:         1221856 kB
MemAvailable:    1511444 kB
Buffers:           56008 kB
Cached:           354176 kB
MemTotal:        1844596 kB
MemFree:         1221716 kB
MemAvailable:    1511304 kB
Buffers:           56008 kB
Cached:           354176 kB
MemTotal:        1844596 kB
MemFree:         1221968 kB
MemAvailable:    1511556 kB
Buffers:           56008 kB
Cached:           354176 kB
MemTotal:        1844596 kB
MemFree:         1220608 kB
MemAvailable:    1510196 kB
Buffers:           56008 kB
Cached:           354176 kB
MemTotal:        1844596 kB
MemFree:         1221484 kB
MemAvailable:    1511072 kB
Buffers:           56008 kB
Cached:           354176 kB
MemTotal:        1844596 kB
MemFree:         1220368 kB
MemAvailable:    1509956 kB
Buffers:           56008 kB
Cached:           354176 kB
MemTotal:        1844596 kB
MemFree:         1219860 kB
MemAvailable:    1509448 kB
Buffers:           56008 kB
Cached:           354176 kB
MemTotal:        1844596 kB
MemFree:         1219244 kB
MemAvailable:    1508832 kB
Buffers:           56008 kB
Cached:           354176 kB
MemTotal:        1844596 kB
MemFree:         1214152 kB
MemAvailable:    1503740 kB
Buffers:           56008 kB
Cached:           354176 kB
MemTotal:        1844596 kB
MemFree:         1214152 kB
MemAvailable:    1503740 kB
Buffers:           56008 kB
Cached:           354176 kB
MemTotal:        1844596 kB
MemFree:         1213780 kB
MemAvailable:    1503536 kB
Buffers:           56008 kB
Cached:           354424 kB
MemTotal:        1844596 kB
MemFree:         1213864 kB
MemAvailable:    1503620 kB
Buffers:           56008 kB
Cached:           354424 kB
MemTotal:        1844596 kB
MemFree:         1212612 kB
MemAvailable:    1502368 kB
Buffers:           56008 kB
Cached:           354424 kB
MemTotal:        1844596 kB
MemFree:         1213788 kB
MemAvailable:    1503712 kB
Buffers:           56008 kB
Cached:           354672 kB
MemTotal:        1844596 kB
MemFree:         1212756 kB
MemAvailable:    1502680 kB
Buffers:           56008 kB
Cached:           354672 kB
MemTotal:        1844596 kB
MemFree:         1212496 kB
MemAvailable:    1502504 kB
Buffers:           56008 kB
Cached:           354672 kB
MemTotal:        1844596 kB
MemFree:         1213548 kB
MemAvailable:    1503640 kB
Buffers:           56008 kB
Cached:           354796 kB
MemTotal:        1844596 kB
MemFree:         1212756 kB
MemAvailable:    1502848 kB
Buffers:           56008 kB
Cached:           354796 kB
MemTotal:        1844596 kB
MemFree:         1213532 kB
MemAvailable:    1503708 kB
Buffers:           56008 kB
Cached:           354796 kB
MemTotal:        1844596 kB
MemFree:         1213484 kB
MemAvailable:    1503660 kB
Buffers:           56008 kB
Cached:           354796 kB
MemTotal:        1844596 kB
MemFree:         1213424 kB
MemAvailable:    1503600 kB
Buffers:           56008 kB
Cached:           354796 kB
MemTotal:        1844596 kB
MemFree:         1213548 kB
MemAvailable:    1503724 kB
Buffers:           56008 kB
Cached:           354796 kB
MemTotal:        1844596 kB
MemFree:         1213292 kB
MemAvailable:    1503468 kB
Buffers:           56008 kB
Cached:           354796 kB
MemTotal:        1844596 kB
MemFree:         1213368 kB
MemAvailable:    1503544 kB
Buffers:           56008 kB
Cached:           354796 kB
MemTotal:        1844596 kB
MemFree:         1213436 kB
MemAvailable:    1503612 kB
Buffers:           56008 kB
Cached:           354796 kB
MemTotal:        1844596 kB
MemFree:         1213472 kB
MemAvailable:    1503648 kB
Buffers:           56008 kB
Cached:           354796 kB
MemTotal:        1844596 kB
MemFree:         1212040 kB
MemAvailable:    1502216 kB
Buffers:           56008 kB
Cached:           354920 kB
MemTotal:        1844596 kB
MemFree:         1212764 kB
MemAvailable:    1502352 kB
Buffers:           56008 kB
Cached:           354164 kB
MemTotal:        1844596 kB
MemFree:         1283068 kB
MemAvailable:    1572656 kB
Buffers:           56008 kB
Cached:           354164 kB
