MemTotal:        1844596 kB
MemFree:         1360268 kB
MemAvailable:    1559092 kB
Buffers:           45956 kB
Cached:           281416 kB
MemTotal:        1844596 kB
MemFree:         1359276 kB
MemAvailable:    1558100 kB
Buffers:           45956 kB
Cached:           281416 kB
MemTotal:        1844596 kB
MemFree:         1358624 kB
MemAvailable:    1557448 kB
Buffers:           45956 kB
Cached:           281416 kB
MemTotal:        1844596 kB
MemFree:         1357292 kB
MemAvailable:    1556116 kB
Buffers:           45956 kB
Cached:           281416 kB
MemTotal:        1844596 kB
MemFree:         1357028 kB
MemAvailable:    1555852 kB
Buffers:           45956 kB
Cached:           281416 kB
MemTotal:        1844596 kB
MemFree:         1357364 kB
MemAvailable:    1556188 kB
Buffers:           45956 kB
Cached:           281416 kB
MemTotal:        1844596 kB
MemFree:         1355796 kB
MemAvailable:    1554620 kB
Buffers:           45956 kB
Cached:           281416 kB
MemTotal:        1844596 kB
MemFree:         1354012 kB
MemAvailable:    1552836 kB
Buffers:           45956 kB
Cached:           281416 kB
MemTotal:        1844596 kB
MemFree:         1352092 kB
MemAvailable:    1550916 kB
Buffers:           45956 kB
Cached:           281416 kB
MemTotal:        1844596 kB
MemFree:         1348472 kB
MemAvailable:    1547296 kB
Buffers:           45956 kB
Cached:           281416 kB
MemTotal:        1844596 kB
MemFree:         1348472 kB
MemAvailable:    1547296 kB
Buffers:           45956 kB
Cached:           281416 kB
MemTotal:        1844596 kB
MemFree:         1346060 kB
MemAvailable:    1544884 kB
Buffers:           45956 kB
Cached:           281416 kB
MemTotal:        1844596 kB
MemFree:         1347576 kB
MemAvailable:    1546400 kB
Buffers:           45956 kB
Cached:           281416 kB
MemTotal:        1844596 kB
MemFree:         1347132 kB
MemAvailable:    1545956 kB
Buffers:           45956 kB
Cached:           281416 kB
MemTotal:        1844596 kB
MemFree:         1345884 kB
MemAvailable:    1544708 kB
Buffers:           45956 kB
Cached:           281416 kB
MemTotal:        1844596 kB
MemFree:         1346512 kB
MemAvailable:    1545336 kB
Buffers:           45956 kB
Cached:           281416 kB
MemTotal:        1844596 kB
MemFree:         1347380 kB
MemAvailable:    1546208 kB
Buffers:           45956 kB
Cached:           281420 kB
MemTotal:        1844596 kB
MemFree:         1346140 kB
MemAvailable:    1544968 kB
Buffers:           45956 kB
Cached:           281420 kB
MemTotal:        1844596 kB
MemFree:         1346388 kB
MemAvailable:    1545216 kB
Buffers:           45956 kB
Cached:           281420 kB
MemTotal:        1844596 kB
MemFree:         1345580 kB
MemAvailable:    1544408 kB
Buffers:           45956 kB
Cached:           281420 kB
MemTotal:        1844596 kB
MemFree:         1344404 kB
MemAvailable:    1543232 kB
Buffers:           45956 kB
Cached:           281420 kB
MemTotal:        1844596 kB
MemFree:         1344704 kB
MemAvailable:    1543532 kB
Buffers:           45956 kB
Cached:           281420 kB
MemTotal:        1844596 kB
MemFree:         1344956 kB
MemAvailable:    1543784 kB
Buffers:           45956 kB
Cached:           281420 kB
MemTotal:        1844596 kB
MemFree:         1343472 kB
MemAvailable:    1542300 kB
Buffers:           45956 kB
Cached:           281420 kB
MemTotal:        1844596 kB
MemFree:         1344836 kB
MemAvailable:    1543664 kB
Buffers:           45956 kB
Cached:           281420 kB
MemTotal:        1844596 kB
MemFree:         1343916 kB
MemAvailable:    1542744 kB
Buffers:           45956 kB
Cached:           281420 kB
MemTotal:        1844596 kB
MemFree:         1343908 kB
MemAvailable:    1542736 kB
Buffers:           45956 kB
Cached:           281420 kB
MemTotal:        1844596 kB
MemFree:         1344984 kB
MemAvailable:    1543744 kB
Buffers:           45956 kB
Cached:           281356 kB
MemTotal:        1844596 kB
MemFree:         1343784 kB
MemAvailable:    1542544 kB
Buffers:           45956 kB
Cached:           281356 kB
MemTotal:        1844596 kB
MemFree:         1344656 kB
MemAvailable:    1543416 kB
Buffers:           45956 kB
Cached:           281356 kB
MemTotal:        1844596 kB
MemFree:         1344656 kB
MemAvailable:    1543416 kB
Buffers:           45956 kB
Cached:           281356 kB
MemTotal:        1844596 kB
MemFree:         1344732 kB
MemAvailable:    1543492 kB
Buffers:           45956 kB
Cached:           281356 kB
MemTotal:        1844596 kB
MemFree:         1344528 kB
MemAvailable:    1543288 kB
Buffers:           45956 kB
Cached:           281356 kB
MemTotal:        1844596 kB
MemFree:         1342520 kB
MemAvailable:    1541280 kB
Buffers:           45956 kB
Cached:           281356 kB
MemTotal:        1844596 kB
MemFree:         1342520 kB
MemAvailable:    1541280 kB
Buffers:           45956 kB
Cached:           281356 kB
MemTotal:        1844596 kB
MemFree:         1342208 kB
MemAvailable:    1540968 kB
Buffers:           45956 kB
Cached:           281356 kB
MemTotal:        1844596 kB
MemFree:         1342208 kB
MemAvailable:    1540968 kB
Buffers:           45956 kB
Cached:           281356 kB
MemTotal:        1844596 kB
MemFree:         1341604 kB
MemAvailable:    1540364 kB
Buffers:           45956 kB
Cached:           281356 kB
MemTotal:        1844596 kB
MemFree:         1341688 kB
MemAvailable:    1540448 kB
Buffers:           45956 kB
Cached:           281356 kB
MemTotal:        1844596 kB
MemFree:         1340868 kB
MemAvailable:    1539628 kB
Buffers:           45956 kB
Cached:           281356 kB
MemTotal:        1844596 kB
MemFree:         1340736 kB
MemAvailable:    1539496 kB
Buffers:           45956 kB
Cached:           281356 kB
MemTotal:        1844596 kB
MemFree:         1339692 kB
MemAvailable:    1538452 kB
Buffers:           45956 kB
Cached:           281356 kB
MemTotal:        1844596 kB
MemFree:         1340492 kB
MemAvailable:    1539252 kB
Buffers:           45956 kB
Cached:           281356 kB
MemTotal:        1844596 kB
MemFree:         1340632 kB
MemAvailable:    1539392 kB
Buffers:           45956 kB
Cached:           281356 kB
MemTotal:        1844596 kB
MemFree:         1340480 kB
MemAvailable:    1539240 kB
Buffers:           45956 kB
Cached:           281356 kB
MemTotal:        1844596 kB
MemFree:         1340496 kB
MemAvailable:    1539256 kB
Buffers:           45956 kB
Cached:           281356 kB
MemTotal:        1844596 kB
MemFree:         1339148 kB
MemAvailable:    1537908 kB
Buffers:           45956 kB
Cached:           281356 kB
MemTotal:        1844596 kB
MemFree:         1340192 kB
MemAvailable:    1538952 kB
Buffers:           45956 kB
Cached:           281356 kB
MemTotal:        1844596 kB
MemFree:         1339072 kB
MemAvailable:    1537832 kB
Buffers:           45956 kB
Cached:           281356 kB
MemTotal:        1844596 kB
MemFree:         1339696 kB
MemAvailable:    1538456 kB
Buffers:           45956 kB
Cached:           281356 kB
MemTotal:        1844596 kB
MemFree:         1338568 kB
MemAvailable:    1537328 kB
Buffers:           45956 kB
Cached:           281356 kB
MemTotal:        1844596 kB
MemFree:         1338276 kB
MemAvailable:    1537036 kB
Buffers:           45956 kB
Cached:           281356 kB
MemTotal:        1844596 kB
MemFree:         1338276 kB
MemAvailable:    1537036 kB
Buffers:           45956 kB
Cached:           281356 kB
MemTotal:        1844596 kB
MemFree:         1339576 kB
MemAvailable:    1538336 kB
Buffers:           45956 kB
Cached:           281356 kB
MemTotal:        1844596 kB
MemFree:         1339516 kB
MemAvailable:    1538276 kB
Buffers:           45956 kB
Cached:           281356 kB
MemTotal:        1844596 kB
MemFree:         1338268 kB
MemAvailable:    1537028 kB
Buffers:           45956 kB
Cached:           281356 kB
MemTotal:        1844596 kB
MemFree:         1338268 kB
MemAvailable:    1537028 kB
Buffers:           45956 kB
Cached:           281356 kB
MemTotal:        1844596 kB
MemFree:         1339368 kB
MemAvailable:    1538128 kB
Buffers:           45956 kB
Cached:           281356 kB
MemTotal:        1844596 kB
MemFree:         1339536 kB
MemAvailable:    1538296 kB
Buffers:           45956 kB
Cached:           281356 kB
MemTotal:        1844596 kB
MemFree:         1339560 kB
MemAvailable:    1538320 kB
Buffers:           45956 kB
Cached:           281356 kB
MemTotal:        1844596 kB
MemFree:         1339220 kB
MemAvailable:    1537980 kB
Buffers:           45956 kB
Cached:           281356 kB
MemTotal:        1844596 kB
MemFree:         1339304 kB
MemAvailable:    1538064 kB
Buffers:           45956 kB
Cached:           281356 kB
MemTotal:        1844596 kB
MemFree:         1337752 kB
MemAvailable:    1536512 kB
Buffers:           45956 kB
Cached:           281356 kB
MemTotal:        1844596 kB
MemFree:         1339232 kB
MemAvailable:    1537992 kB
Buffers:           45956 kB
Cached:           281356 kB
MemTotal:        1844596 kB
MemFree:         1337672 kB
MemAvailable:    1536432 kB
Buffers:           45956 kB
Cached:           281356 kB
MemTotal:        1844596 kB
MemFree:         1338764 kB
MemAvailable:    1537524 kB
Buffers:           45956 kB
Cached:           281356 kB
MemTotal:        1844596 kB
MemFree:         1339016 kB
MemAvailable:    1537776 kB
Buffers:           45956 kB
Cached:           281356 kB
MemTotal:        1844596 kB
MemFree:         1337540 kB
MemAvailable:    1536300 kB
Buffers:           45956 kB
Cached:           281356 kB
MemTotal:        1844596 kB
MemFree:         1337540 kB
MemAvailable:    1536300 kB
Buffers:           45956 kB
Cached:           281356 kB
MemTotal:        1844596 kB
MemFree:         1337664 kB
MemAvailable:    1536424 kB
Buffers:           45956 kB
Cached:           281356 kB
MemTotal:        1844596 kB
MemFree:         1339092 kB
MemAvailable:    1537852 kB
Buffers:           45956 kB
Cached:           281356 kB
MemTotal:        1844596 kB
MemFree:         1337648 kB
MemAvailable:    1536408 kB
Buffers:           45956 kB
Cached:           281356 kB
MemTotal:        1844596 kB
MemFree:         1337532 kB
MemAvailable:    1536292 kB
Buffers:           45956 kB
Cached:           281356 kB
MemTotal:        1844596 kB
MemFree:         1337392 kB
MemAvailable:    1536152 kB
Buffers:           45956 kB
Cached:           281356 kB
MemTotal:        1844596 kB
MemFree:         1337212 kB
MemAvailable:    1535972 kB
Buffers:           45956 kB
Cached:           281356 kB
MemTotal:        1844596 kB
MemFree:         1336572 kB
MemAvailable:    1535332 kB
Buffers:           45956 kB
Cached:           281356 kB
MemTotal:        1844596 kB
MemFree:         1334724 kB
MemAvailable:    1533484 kB
Buffers:           45956 kB
Cached:           281356 kB
MemTotal:        1844596 kB
MemFree:         1333180 kB
MemAvailable:    1531944 kB
Buffers:           45956 kB
Cached:           281360 kB
MemTotal:        1844596 kB
MemFree:         1330640 kB
MemAvailable:    1529404 kB
Buffers:           45956 kB
Cached:           281360 kB
MemTotal:        1844596 kB
MemFree:         1331120 kB
MemAvailable:    1529884 kB
Buffers:           45956 kB
Cached:           281360 kB
MemTotal:        1844596 kB
MemFree:         1331120 kB
MemAvailable:    1529884 kB
Buffers:           45956 kB
Cached:           281360 kB
MemTotal:        1844596 kB
MemFree:         1330976 kB
MemAvailable:    1529740 kB
Buffers:           45956 kB
Cached:           281360 kB
MemTotal:        1844596 kB
MemFree:         1329764 kB
MemAvailable:    1528528 kB
Buffers:           45956 kB
Cached:           281360 kB
MemTotal:        1844596 kB
MemFree:         1329896 kB
MemAvailable:    1528664 kB
Buffers:           45956 kB
Cached:           281364 kB
MemTotal:        1844596 kB
MemFree:         1330740 kB
MemAvailable:    1529508 kB
Buffers:           45956 kB
Cached:           281364 kB
MemTotal:        1844596 kB
MemFree:         1330824 kB
MemAvailable:    1529592 kB
Buffers:           45956 kB
Cached:           281364 kB
MemTotal:        1844596 kB
MemFree:         1330636 kB
MemAvailable:    1529404 kB
Buffers:           45956 kB
Cached:           281364 kB
MemTotal:        1844596 kB
MemFree:         1330380 kB
MemAvailable:    1529148 kB
Buffers:           45956 kB
Cached:           281364 kB
MemTotal:        1844596 kB
MemFree:         1329372 kB
MemAvailable:    1528140 kB
Buffers:           45956 kB
Cached:           281364 kB
MemTotal:        1844596 kB
MemFree:         1330092 kB
MemAvailable:    1528860 kB
Buffers:           45956 kB
Cached:           281364 kB
MemTotal:        1844596 kB
MemFree:         1330676 kB
MemAvailable:    1529444 kB
Buffers:           45956 kB
Cached:           281364 kB
MemTotal:        1844596 kB
MemFree:         1330596 kB
MemAvailable:    1529364 kB
Buffers:           45956 kB
Cached:           281364 kB
MemTotal:        1844596 kB
MemFree:         1330848 kB
MemAvailable:    1529616 kB
Buffers:           45956 kB
Cached:           281364 kB
MemTotal:        1844596 kB
MemFree:         1329336 kB
MemAvailable:    1528104 kB
Buffers:           45956 kB
Cached:           281364 kB
MemTotal:        1844596 kB
MemFree:         1330028 kB
MemAvailable:    1528796 kB
Buffers:           45956 kB
Cached:           281364 kB
MemTotal:        1844596 kB
MemFree:         1330236 kB
MemAvailable:    1529004 kB
Buffers:           45956 kB
Cached:           281364 kB
MemTotal:        1844596 kB
MemFree:         1330136 kB
MemAvailable:    1528904 kB
Buffers:           45956 kB
Cached:           281364 kB
MemTotal:        1844596 kB
MemFree:         1328708 kB
MemAvailable:    1527476 kB
Buffers:           45956 kB
Cached:           281364 kB
MemTotal:        1844596 kB
MemFree:         1328656 kB
MemAvailable:    1527424 kB
Buffers:           45956 kB
Cached:           281364 kB
MemTotal:        1844596 kB
MemFree:         1328284 kB
MemAvailable:    1527052 kB
Buffers:           45956 kB
Cached:           281364 kB
MemTotal:        1844596 kB
MemFree:         1327904 kB
MemAvailable:    1526672 kB
Buffers:           45956 kB
Cached:           281364 kB
MemTotal:        1844596 kB
MemFree:         1327904 kB
MemAvailable:    1526672 kB
Buffers:           45956 kB
Cached:           281364 kB
MemTotal:        1844596 kB
MemFree:         1327664 kB
MemAvailable:    1526432 kB
Buffers:           45956 kB
Cached:           281364 kB
MemTotal:        1844596 kB
MemFree:         1328348 kB
MemAvailable:    1527116 kB
Buffers:           45956 kB
Cached:           281364 kB
MemTotal:        1844596 kB
MemFree:         1327848 kB
MemAvailable:    1526616 kB
Buffers:           45956 kB
Cached:           281364 kB
MemTotal:        1844596 kB
MemFree:         1326796 kB
MemAvailable:    1525564 kB
Buffers:           45956 kB
Cached:           281364 kB
MemTotal:        1844596 kB
MemFree:         1327268 kB
MemAvailable:    1526036 kB
Buffers:           45956 kB
Cached:           281364 kB
MemTotal:        1844596 kB
MemFree:         1327520 kB
MemAvailable:    1526288 kB
Buffers:           45956 kB
Cached:           281364 kB
MemTotal:        1844596 kB
MemFree:         1325920 kB
MemAvailable:    1524692 kB
Buffers:           45956 kB
Cached:           281368 kB
MemTotal:        1844596 kB
MemFree:         1326424 kB
MemAvailable:    1525196 kB
Buffers:           45956 kB
Cached:           281368 kB
MemTotal:        1844596 kB
MemFree:         1326508 kB
MemAvailable:    1525280 kB
Buffers:           45956 kB
Cached:           281368 kB
MemTotal:        1844596 kB
MemFree:         1326844 kB
MemAvailable:    1525616 kB
Buffers:           45956 kB
Cached:           281368 kB
MemTotal:        1844596 kB
MemFree:         1326836 kB
MemAvailable:    1525608 kB
Buffers:           45956 kB
Cached:           281368 kB
MemTotal:        1844596 kB
MemFree:         1325928 kB
MemAvailable:    1524700 kB
Buffers:           45956 kB
Cached:           281368 kB
MemTotal:        1844596 kB
MemFree:         1326604 kB
MemAvailable:    1525376 kB
Buffers:           45956 kB
Cached:           281368 kB
MemTotal:        1844596 kB
MemFree:         1326856 kB
MemAvailable:    1525628 kB
Buffers:           45956 kB
Cached:           281368 kB
MemTotal:        1844596 kB
MemFree:         1325496 kB
MemAvailable:    1524268 kB
Buffers:           45956 kB
Cached:           281368 kB
MemTotal:        1844596 kB
MemFree:         1325372 kB
MemAvailable:    1524144 kB
Buffers:           45956 kB
Cached:           281368 kB
MemTotal:        1844596 kB
MemFree:         1326144 kB
MemAvailable:    1524916 kB
Buffers:           45956 kB
Cached:           281368 kB
MemTotal:        1844596 kB
MemFree:         1326144 kB
MemAvailable:    1524916 kB
Buffers:           45956 kB
Cached:           281368 kB
MemTotal:        1844596 kB
MemFree:         1324864 kB
MemAvailable:    1523636 kB
Buffers:           45956 kB
Cached:           281368 kB
MemTotal:        1844596 kB
MemFree:         1317060 kB
MemAvailable:    1515832 kB
Buffers:           45956 kB
Cached:           281368 kB
MemTotal:        1844596 kB
MemFree:         1316892 kB
MemAvailable:    1515664 kB
Buffers:           45956 kB
Cached:           281492 kB
MemTotal:        1844596 kB
MemFree:         1315340 kB
MemAvailable:    1514196 kB
Buffers:           45956 kB
Cached:           281492 kB
MemTotal:        1844596 kB
MemFree:         1315956 kB
MemAvailable:    1514896 kB
Buffers:           45956 kB
Cached:           281492 kB
MemTotal:        1844596 kB
MemFree:         1316736 kB
MemAvailable:    1515844 kB
Buffers:           45968 kB
Cached:           281736 kB
MemTotal:        1844596 kB
MemFree:         1316828 kB
MemAvailable:    1515852 kB
Buffers:           45964 kB
Cached:           281616 kB
MemTotal:        1844596 kB
MemFree:         1316192 kB
MemAvailable:    1515384 kB
Buffers:           45968 kB
Cached:           281860 kB
MemTotal:        1844596 kB
MemFree:         1314820 kB
MemAvailable:    1514096 kB
Buffers:           45968 kB
Cached:           281984 kB
MemTotal:        1844596 kB
MemFree:         1315708 kB
MemAvailable:    1514984 kB
Buffers:           45968 kB
Cached:           281984 kB
MemTotal:        1844596 kB
MemFree:         1315792 kB
MemAvailable:    1515068 kB
Buffers:           45968 kB
Cached:           281984 kB
MemTotal:        1844596 kB
MemFree:         1316128 kB
MemAvailable:    1515404 kB
Buffers:           45968 kB
Cached:           281984 kB
MemTotal:        1844596 kB
MemFree:         1314728 kB
MemAvailable:    1514088 kB
Buffers:           45968 kB
Cached:           281984 kB
MemTotal:        1844596 kB
MemFree:         1315396 kB
MemAvailable:    1514756 kB
Buffers:           45968 kB
Cached:           281984 kB
MemTotal:        1844596 kB
MemFree:         1316440 kB
MemAvailable:    1515872 kB
Buffers:           45968 kB
Cached:           281976 kB
MemTotal:        1844596 kB
MemFree:         1316436 kB
MemAvailable:    1515868 kB
Buffers:           45968 kB
Cached:           281976 kB
MemTotal:        1844596 kB
MemFree:         1315832 kB
MemAvailable:    1515264 kB
Buffers:           45968 kB
Cached:           281976 kB
MemTotal:        1844596 kB
MemFree:         1315800 kB
MemAvailable:    1515232 kB
Buffers:           45968 kB
Cached:           281976 kB
MemTotal:        1844596 kB
MemFree:         1315968 kB
MemAvailable:    1515400 kB
Buffers:           45968 kB
Cached:           281976 kB
MemTotal:        1844596 kB
MemFree:         1354072 kB
MemAvailable:    1552832 kB
Buffers:           45968 kB
Cached:           281344 kB
