MemTotal:        1844596 kB
MemFree:         1351132 kB
MemAvailable:    1561252 kB
Buffers:           47180 kB
Cached:           290492 kB
MemTotal:        1844596 kB
MemFree:         1348404 kB
MemAvailable:    1558524 kB
Buffers:           47180 kB
Cached:           290492 kB
MemTotal:        1844596 kB
MemFree:         1348348 kB
MemAvailable:    1558468 kB
Buffers:           47180 kB
Cached:           290492 kB
MemTotal:        1844596 kB
MemFree:         1346428 kB
MemAvailable:    1556548 kB
Buffers:           47180 kB
Cached:           290492 kB
MemTotal:        1844596 kB
MemFree:         1344924 kB
MemAvailable:    1555044 kB
Buffers:           47180 kB
Cached:           290492 kB
MemTotal:        1844596 kB
MemFree:         1344816 kB
MemAvailable:    1554936 kB
Buffers:           47180 kB
Cached:           290492 kB
MemTotal:        1844596 kB
MemFree:         1343424 kB
MemAvailable:    1553544 kB
Buffers:           47180 kB
Cached:           290492 kB
MemTotal:        1844596 kB
MemFree:         1343428 kB
MemAvailable:    1553548 kB
Buffers:           47180 kB
Cached:           290492 kB
MemTotal:        1844596 kB
MemFree:         1342388 kB
MemAvailable:    1552508 kB
Buffers:           47180 kB
Cached:           290492 kB
MemTotal:        1844596 kB
MemFree:         1336988 kB
MemAvailable:    1547108 kB
Buffers:           47180 kB
Cached:           290492 kB
MemTotal:        1844596 kB
MemFree:         1338740 kB
MemAvailable:    1548860 kB
Buffers:           47180 kB
Cached:           290492 kB
MemTotal:        1844596 kB
MemFree:         1335328 kB
MemAvailable:    1545448 kB
Buffers:           47180 kB
Cached:           290492 kB
MemTotal:        1844596 kB
MemFree:         1334028 kB
MemAvailable:    1544148 kB
Buffers:           47180 kB
Cached:           290492 kB
MemTotal:        1844596 kB
MemFree:         1334656 kB
MemAvailable:    1544776 kB
Buffers:           47180 kB
Cached:           290492 kB
MemTotal:        1844596 kB
MemFree:         1334832 kB
MemAvailable:    1544952 kB
Buffers:           47180 kB
Cached:           290492 kB
MemTotal:        1844596 kB
MemFree:         1335168 kB
MemAvailable:    1545288 kB
Buffers:           47180 kB
Cached:           290492 kB
MemTotal:        1844596 kB
MemFree:         1333256 kB
MemAvailable:    1543376 kB
Buffers:           47180 kB
Cached:           290492 kB
MemTotal:        1844596 kB
MemFree:         1334708 kB
MemAvailable:    1544828 kB
Buffers:           47180 kB
Cached:           290492 kB
MemTotal:        1844596 kB
MemFree:         1334960 kB
MemAvailable:    1545080 kB
Buffers:           47180 kB
Cached:           290492 kB
MemTotal:        1844596 kB
MemFree:         1333728 kB
MemAvailable:    1543848 kB
Buffers:           47180 kB
Cached:           290492 kB
MemTotal:        1844596 kB
MemFree:         1333020 kB
MemAvailable:    1543140 kB
Buffers:           47180 kB
Cached:           290492 kB
MemTotal:        1844596 kB
MemFree:         1333020 kB
MemAvailable:    1543140 kB
Buffers:           47180 kB
Cached:           290492 kB
MemTotal:        1844596 kB
MemFree:         1332772 kB
MemAvailable:    1542892 kB
Buffers:           47180 kB
Cached:           290492 kB
MemTotal:        1844596 kB
MemFree:         1332516 kB
MemAvailable:    1542636 kB
Buffers:           47180 kB
Cached:           290492 kB
MemTotal:        1844596 kB
MemFree:         1332744 kB
MemAvailable:    1542864 kB
Buffers:           47180 kB
Cached:           290492 kB
MemTotal:        1844596 kB
MemFree:         1331540 kB
MemAvailable:    1541660 kB
Buffers:           47180 kB
Cached:           290492 kB
MemTotal:        1844596 kB
MemFree:         1332512 kB
MemAvailable:    1542632 kB
Buffers:           47180 kB
Cached:           290492 kB
MemTotal:        1844596 kB
MemFree:         1332580 kB
MemAvailable:    1542700 kB
Buffers:           47180 kB
Cached:           290492 kB
MemTotal:        1844596 kB
MemFree:         1332520 kB
MemAvailable:    1542640 kB
Buffers:           47180 kB
Cached:           290492 kB
MemTotal:        1844596 kB
MemFree:         1332476 kB
MemAvailable:    1542596 kB
Buffers:           47180 kB
Cached:           290492 kB
MemTotal:        1844596 kB
MemFree:         1333568 kB
MemAvailable:    1543688 kB
Buffers:           47180 kB
Cached:           290492 kB
MemTotal:        1844596 kB
MemFree:         1333820 kB
MemAvailable:    1543940 kB
Buffers:           47180 kB
Cached:           290492 kB
MemTotal:        1844596 kB
MemFree:         1333840 kB
MemAvailable:    1543960 kB
Buffers:           47180 kB
Cached:           290492 kB
MemTotal:        1844596 kB
MemFree:         1332292 kB
MemAvailable:    1542412 kB
Buffers:           47180 kB
Cached:           290492 kB
MemTotal:        1844596 kB
MemFree:         1331732 kB
MemAvailable:    1541852 kB
Buffers:           47180 kB
Cached:           290492 kB
MemTotal:        1844596 kB
MemFree:         1330424 kB
MemAvailable:    1540544 kB
Buffers:           47180 kB
Cached:           290492 kB
MemTotal:        1844596 kB
MemFree:         1330368 kB
MemAvailable:    1540488 kB
Buffers:           47180 kB
Cached:           290492 kB
MemTotal:        1844596 kB
MemFree:         1329872 kB
MemAvailable:    1539992 kB
Buffers:           47180 kB
Cached:           290492 kB
MemTotal:        1844596 kB
MemFree:         1329376 kB
MemAvailable:    1539496 kB
Buffers:           47180 kB
Cached:           290492 kB
MemTotal:        1844596 kB
MemFree:         1329432 kB
MemAvailable:    1539552 kB
Buffers:           47180 kB
Cached:           290492 kB
MemTotal:        1844596 kB
MemFree:         1328200 kB
MemAvailable:    1538320 kB
Buffers:           47180 kB
Cached:           290492 kB
MemTotal:        1844596 kB
MemFree:         1328300 kB
MemAvailable:    1538420 kB
Buffers:           47180 kB
Cached:           290492 kB
MemTotal:        1844596 kB
MemFree:         1328636 kB
MemAvailable:    1538756 kB
Buffers:           47180 kB
Cached:           290492 kB
MemTotal:        1844596 kB
MemFree:         1327068 kB
MemAvailable:    1537188 kB
Buffers:           47180 kB
Cached:           290492 kB
MemTotal:        1844596 kB
MemFree:         1327712 kB
MemAvailable:    1537832 kB
Buffers:           47180 kB
Cached:           290492 kB
MemTotal:        1844596 kB
MemFree:         1327160 kB
MemAvailable:    1537280 kB
Buffers:           47180 kB
Cached:           290492 kB
MemTotal:        1844596 kB
MemFree:         1327036 kB
MemAvailable:    1537156 kB
Buffers:           47180 kB
Cached:           290492 kB
MemTotal:        1844596 kB
MemFree:         1327572 kB
MemAvailable:    1537692 kB
Buffers:           47180 kB
Cached:           290492 kB
MemTotal:        1844596 kB
MemFree:         1327792 kB
MemAvailable:    1537912 kB
Buffers:           47180 kB
Cached:           290492 kB
MemTotal:        1844596 kB
MemFree:         1328044 kB
MemAvailable:    1538164 kB
Buffers:           47180 kB
Cached:           290492 kB
MemTotal:        1844596 kB
MemFree:         1326560 kB
MemAvailable:    1536680 kB
Buffers:           47180 kB
Cached:           290492 kB
MemTotal:        1844596 kB
MemFree:         1327376 kB
MemAvailable:    1537496 kB
Buffers:           47180 kB
Cached:           290492 kB
MemTotal:        1844596 kB
MemFree:         1326036 kB
MemAvailable:    1536156 kB
Buffers:           47180 kB
Cached:           290492 kB
MemTotal:        1844596 kB
MemFree:         1327656 kB
MemAvailable:    1537776 kB
Buffers:           47180 kB
Cached:           290492 kB
MemTotal:        1844596 kB
MemFree:         1326068 kB
MemAvailable:    1536188 kB
Buffers:           47180 kB
Cached:           290492 kB
MemTotal:        1844596 kB
MemFree:         1326200 kB
MemAvailable:    1536320 kB
Buffers:           47180 kB
Cached:           290492 kB
MemTotal:        1844596 kB
MemFree:         1326020 kB
MemAvailable:    1536140 kB
Buffers:           47180 kB
Cached:           290492 kB
MemTotal:        1844596 kB
MemFree:         1327516 kB
MemAvailable:    1537636 kB
Buffers:           47180 kB
Cached:           290492 kB
MemTotal:        1844596 kB
MemFree:         1327136 kB
MemAvailable:    1537256 kB
Buffers:           47180 kB
Cached:           290492 kB
MemTotal:        1844596 kB
MemFree:         1327304 kB
MemAvailable:    1537424 kB
Buffers:           47180 kB
Cached:           290492 kB
MemTotal:        1844596 kB
MemFree:         1327352 kB
MemAvailable:    1537472 kB
Buffers:           47180 kB
Cached:           290492 kB
MemTotal:        1844596 kB
MemFree:         1327260 kB
MemAvailable:    1537380 kB
Buffers:           47180 kB
Cached:           290492 kB
MemTotal:        1844596 kB
MemFree:         1327100 kB
MemAvailable:    1537220 kB
Buffers:           47180 kB
Cached:           290492 kB
MemTotal:        1844596 kB
MemFree:         1326968 kB
MemAvailable:    1537088 kB
Buffers:           47180 kB
Cached:           290492 kB
MemTotal:        1844596 kB
MemFree:         1326768 kB
MemAvailable:    1536888 kB
Buffers:           47180 kB
Cached:           290492 kB
MemTotal:        1844596 kB
MemFree:         1326712 kB
MemAvailable:    1536832 kB
Buffers:           47180 kB
Cached:           290492 kB
MemTotal:        1844596 kB
MemFree:         1326628 kB
MemAvailable:    1536748 kB
Buffers:           47180 kB
Cached:           290492 kB
MemTotal:        1844596 kB
MemFree:         1326628 kB
MemAvailable:    1536748 kB
Buffers:           47180 kB
Cached:           290492 kB
MemTotal:        1844596 kB
MemFree:         1326192 kB
MemAvailable:    1536312 kB
Buffers:           47180 kB
Cached:           290492 kB
MemTotal:        1844596 kB
MemFree:         1326492 kB
MemAvailable:    1536612 kB
Buffers:           47180 kB
Cached:           290492 kB
MemTotal:        1844596 kB
MemFree:         1326384 kB
MemAvailable:    1536504 kB
Buffers:           47180 kB
Cached:           290492 kB
MemTotal:        1844596 kB
MemFree:         1326408 kB
MemAvailable:    1536528 kB
Buffers:           47180 kB
Cached:           290492 kB
MemTotal:        1844596 kB
MemFree:         1326408 kB
MemAvailable:    1536528 kB
Buffers:           47180 kB
Cached:           290492 kB
MemTotal:        1844596 kB
MemFree:         1326276 kB
MemAvailable:    1536408 kB
Buffers:           47180 kB
Cached:           290504 kB
MemTotal:        1844596 kB
MemFree:         1326528 kB
MemAvailable:    1536660 kB
Buffers:           47180 kB
Cached:           290504 kB
MemTotal:        1844596 kB
MemFree:         1325224 kB
MemAvailable:    1535356 kB
Buffers:           47180 kB
Cached:           290504 kB
MemTotal:        1844596 kB
MemFree:         1326448 kB
MemAvailable:    1536580 kB
Buffers:           47180 kB
Cached:           290504 kB
MemTotal:        1844596 kB
MemFree:         1325092 kB
MemAvailable:    1535224 kB
Buffers:           47180 kB
Cached:           290504 kB
MemTotal:        1844596 kB
MemFree:         1323920 kB
MemAvailable:    1534052 kB
Buffers:           47180 kB
Cached:           290504 kB
MemTotal:        1844596 kB
MemFree:         1320636 kB
MemAvailable:    1530768 kB
Buffers:           47180 kB
Cached:           290504 kB
MemTotal:        1844596 kB
MemFree:         1320644 kB
MemAvailable:    1530776 kB
Buffers:           47180 kB
Cached:           290504 kB
MemTotal:        1844596 kB
MemFree:         1318900 kB
MemAvailable:    1529032 kB
Buffers:           47180 kB
Cached:           290504 kB
MemTotal:        1844596 kB
MemFree:         1318380 kB
MemAvailable:    1528512 kB
Buffers:           47180 kB
Cached:           290504 kB
MemTotal:        1844596 kB
MemFree:         1318716 kB
MemAvailable:    1528848 kB
Buffers:           47180 kB
Cached:           290504 kB
MemTotal:        1844596 kB
MemFree:         1318256 kB
MemAvailable:    1528388 kB
Buffers:           47180 kB
Cached:           290504 kB
MemTotal:        1844596 kB
MemFree:         1318340 kB
MemAvailable:    1528472 kB
Buffers:           47180 kB
Cached:           290504 kB
MemTotal:        1844596 kB
MemFree:         1317104 kB
MemAvailable:    1527236 kB
Buffers:           47180 kB
Cached:           290504 kB
MemTotal:        1844596 kB
MemFree:         1318344 kB
MemAvailable:    1528476 kB
Buffers:           47180 kB
Cached:           290504 kB
MemTotal:        1844596 kB
MemFree:         1318344 kB
MemAvailable:    1528476 kB
Buffers:           47180 kB
Cached:           290504 kB
MemTotal:        1844596 kB
MemFree:         1318320 kB
MemAvailable:    1528452 kB
Buffers:           47180 kB
Cached:           290504 kB
MemTotal:        1844596 kB
MemFree:         1318488 kB
MemAvailable:    1528620 kB
Buffers:           47180 kB
Cached:           290504 kB
MemTotal:        1844596 kB
MemFree:         1317220 kB
MemAvailable:    1527352 kB
Buffers:           47180 kB
Cached:           290504 kB
MemTotal:        1844596 kB
MemFree:         1318648 kB
MemAvailable:    1528780 kB
Buffers:           47180 kB
Cached:           290504 kB
MemTotal:        1844596 kB
MemFree:         1318264 kB
MemAvailable:    1528396 kB
Buffers:           47180 kB
Cached:           290504 kB
MemTotal:        1844596 kB
MemFree:         1318324 kB
MemAvailable:    1528456 kB
Buffers:           47180 kB
Cached:           290504 kB
MemTotal:        1844596 kB
MemFree:         1317776 kB
MemAvailable:    1527908 kB
Buffers:           47180 kB
Cached:           290504 kB
MemTotal:        1844596 kB
MemFree:         1317884 kB
MemAvailable:    1528016 kB
Buffers:           47180 kB
Cached:           290504 kB
MemTotal:        1844596 kB
MemFree:         1318136 kB
MemAvailable:    1528268 kB
Buffers:           47180 kB
Cached:           290504 kB
MemTotal:        1844596 kB
MemFree:         1317388 kB
MemAvailable:    1527520 kB
Buffers:           47180 kB
Cached:           290504 kB
MemTotal:        1844596 kB
MemFree:         1317724 kB
MemAvailable:    1527856 kB
Buffers:           47180 kB
Cached:           290504 kB
MemTotal:        1844596 kB
MemFree:         1315792 kB
MemAvailable:    1525924 kB
Buffers:           47180 kB
Cached:           290504 kB
MemTotal:        1844596 kB
MemFree:         1317156 kB
MemAvailable:    1527288 kB
Buffers:           47180 kB
Cached:           290504 kB
MemTotal:        1844596 kB
MemFree:         1315552 kB
MemAvailable:    1525684 kB
Buffers:           47180 kB
Cached:           290504 kB
MemTotal:        1844596 kB
MemFree:         1315420 kB
MemAvailable:    1525552 kB
Buffers:           47180 kB
Cached:           290504 kB
MemTotal:        1844596 kB
MemFree:         1314552 kB
MemAvailable:    1524684 kB
Buffers:           47180 kB
Cached:           290504 kB
MemTotal:        1844596 kB
MemFree:         1314428 kB
MemAvailable:    1524560 kB
Buffers:           47180 kB
Cached:           290504 kB
MemTotal:        1844596 kB
MemFree:         1315404 kB
MemAvailable:    1525536 kB
Buffers:           47180 kB
Cached:           290504 kB
MemTotal:        1844596 kB
MemFree:         1314560 kB
MemAvailable:    1524692 kB
Buffers:           47180 kB
Cached:           290504 kB
MemTotal:        1844596 kB
MemFree:         1313628 kB
MemAvailable:    1523760 kB
Buffers:           47180 kB
Cached:           290504 kB
MemTotal:        1844596 kB
MemFree:         1313248 kB
MemAvailable:    1523380 kB
Buffers:           47180 kB
Cached:           290504 kB
MemTotal:        1844596 kB
MemFree:         1314804 kB
MemAvailable:    1524936 kB
Buffers:           47180 kB
Cached:           290504 kB
MemTotal:        1844596 kB
MemFree:         1313152 kB
MemAvailable:    1523284 kB
Buffers:           47180 kB
Cached:           290504 kB
MemTotal:        1844596 kB
MemFree:         1313404 kB
MemAvailable:    1523536 kB
Buffers:           47180 kB
Cached:           290504 kB
MemTotal:        1844596 kB
MemFree:         1314380 kB
MemAvailable:    1524512 kB
Buffers:           47180 kB
Cached:           290504 kB
MemTotal:        1844596 kB
MemFree:         1314464 kB
MemAvailable:    1524596 kB
Buffers:           47180 kB
Cached:           290504 kB
MemTotal:        1844596 kB
MemFree:         1314496 kB
MemAvailable:    1524628 kB
Buffers:           47180 kB
Cached:           290504 kB
MemTotal:        1844596 kB
MemFree:         1314324 kB
MemAvailable:    1524456 kB
Buffers:           47180 kB
Cached:           290504 kB
MemTotal:        1844596 kB
MemFree:         1314552 kB
MemAvailable:    1524684 kB
Buffers:           47180 kB
Cached:           290504 kB
MemTotal:        1844596 kB
MemFree:         1314380 kB
MemAvailable:    1524512 kB
Buffers:           47180 kB
Cached:           290504 kB
MemTotal:        1844596 kB
MemFree:         1314616 kB
MemAvailable:    1524748 kB
Buffers:           47180 kB
Cached:           290504 kB
MemTotal:        1844596 kB
MemFree:         1314240 kB
MemAvailable:    1524372 kB
Buffers:           47180 kB
Cached:           290504 kB
MemTotal:        1844596 kB
MemFree:         1313072 kB
MemAvailable:    1523204 kB
Buffers:           47180 kB
Cached:           290504 kB
MemTotal:        1844596 kB
MemFree:         1313856 kB
MemAvailable:    1523988 kB
Buffers:           47180 kB
Cached:           290504 kB
MemTotal:        1844596 kB
MemFree:         1311832 kB
MemAvailable:    1521964 kB
Buffers:           47180 kB
Cached:           290504 kB
MemTotal:        1844596 kB
MemFree:         1305632 kB
MemAvailable:    1515764 kB
Buffers:           47180 kB
Cached:           290504 kB
MemTotal:        1844596 kB
MemFree:         1304004 kB
MemAvailable:    1514136 kB
Buffers:           47180 kB
Cached:           290504 kB
MemTotal:        1844596 kB
MemFree:         1304136 kB
MemAvailable:    1514268 kB
Buffers:           47180 kB
Cached:           290504 kB
MemTotal:        1844596 kB
MemFree:         1305104 kB
MemAvailable:    1515236 kB
Buffers:           47180 kB
Cached:           290504 kB
MemTotal:        1844596 kB
MemFree:         1305188 kB
MemAvailable:    1515320 kB
Buffers:           47180 kB
Cached:           290504 kB
MemTotal:        1844596 kB
MemFree:         1304948 kB
MemAvailable:    1515080 kB
Buffers:           47180 kB
Cached:           290504 kB
MemTotal:        1844596 kB
MemFree:         1304808 kB
MemAvailable:    1514940 kB
Buffers:           47180 kB
Cached:           290504 kB
MemTotal:        1844596 kB
MemFree:         1306992 kB
MemAvailable:    1517124 kB
Buffers:           47180 kB
Cached:           290504 kB
MemTotal:        1844596 kB
MemFree:         1306856 kB
MemAvailable:    1516988 kB
Buffers:           47180 kB
Cached:           290504 kB
MemTotal:        1844596 kB
MemFree:         1307192 kB
MemAvailable:    1517324 kB
Buffers:           47180 kB
Cached:           290504 kB
MemTotal:        1844596 kB
MemFree:         1306792 kB
MemAvailable:    1517008 kB
Buffers:           47180 kB
Cached:           290628 kB
MemTotal:        1844596 kB
MemFree:         1306708 kB
MemAvailable:    1517176 kB
Buffers:           47180 kB
Cached:           290876 kB
MemTotal:        1844596 kB
MemFree:         1306244 kB
MemAvailable:    1516588 kB
Buffers:           47180 kB
Cached:           290876 kB
MemTotal:        1844596 kB
MemFree:         1306288 kB
MemAvailable:    1516924 kB
Buffers:           47180 kB
Cached:           291000 kB
MemTotal:        1844596 kB
MemFree:         1306496 kB
MemAvailable:    1517132 kB
Buffers:           47180 kB
Cached:           291000 kB
MemTotal:        1844596 kB
MemFree:         1305052 kB
MemAvailable:    1515688 kB
Buffers:           47180 kB
Cached:           291124 kB
MemTotal:        1844596 kB
MemFree:         1305184 kB
MemAvailable:    1515904 kB
Buffers:           47180 kB
Cached:           291124 kB
MemTotal:        1844596 kB
MemFree:         1305184 kB
MemAvailable:    1515904 kB
Buffers:           47180 kB
Cached:           291124 kB
MemTotal:        1844596 kB
MemFree:         1305184 kB
MemAvailable:    1515904 kB
Buffers:           47180 kB
Cached:           291124 kB
MemTotal:        1844596 kB
MemFree:         1306424 kB
MemAvailable:    1517144 kB
Buffers:           47180 kB
Cached:           291124 kB
MemTotal:        1844596 kB
MemFree:         1305384 kB
MemAvailable:    1516104 kB
Buffers:           47180 kB
Cached:           291124 kB
MemTotal:        1844596 kB
MemFree:         1306100 kB
MemAvailable:    1516820 kB
Buffers:           47180 kB
Cached:           291124 kB
MemTotal:        1844596 kB
MemFree:         1306184 kB
MemAvailable:    1516904 kB
Buffers:           47180 kB
Cached:           291124 kB
MemTotal:        1844596 kB
MemFree:         1306104 kB
MemAvailable:    1516824 kB
Buffers:           47180 kB
Cached:           291124 kB
MemTotal:        1844596 kB
MemFree:         1306272 kB
MemAvailable:    1516992 kB
Buffers:           47180 kB
Cached:           291124 kB
MemTotal:        1844596 kB
MemFree:         1362880 kB
MemAvailable:    1573096 kB
Buffers:           47180 kB
Cached:           290492 kB
MemTotal:        1844596 kB
MemFree:         1374432 kB
MemAvailable:    1584564 kB
Buffers:           47180 kB
Cached:           290492 kB
