MemTotal:        1844596 kB
MemFree:         1369104 kB
MemAvailable:    1559148 kB
Buffers:           44972 kB
Cached:           274404 kB
MemTotal:        1844596 kB
MemFree:         1368120 kB
MemAvailable:    1558164 kB
Buffers:           44972 kB
Cached:           274404 kB
MemTotal:        1844596 kB
MemFree:         1367848 kB
MemAvailable:    1557892 kB
Buffers:           44972 kB
Cached:           274404 kB
MemTotal:        1844596 kB
MemFree:         1367616 kB
MemAvailable:    1557660 kB
Buffers:           44972 kB
Cached:           274404 kB
MemTotal:        1844596 kB
MemFree:         1366568 kB
MemAvailable:    1556612 kB
Buffers:           44972 kB
Cached:           274404 kB
MemTotal:        1844596 kB
MemFree:         1365136 kB
MemAvailable:    1555180 kB
Buffers:           44972 kB
Cached:           274404 kB
MemTotal:        1844596 kB
MemFree:         1363904 kB
MemAvailable:    1553948 kB
Buffers:           44972 kB
Cached:           274404 kB
MemTotal:        1844596 kB
MemFree:         1361052 kB
MemAvailable:    1551096 kB
Buffers:           44972 kB
Cached:           274404 kB
MemTotal:        1844596 kB
MemFree:         1359564 kB
MemAvailable:    1549612 kB
Buffers:           44972 kB
Cached:           274408 kB
MemTotal:        1844596 kB
MemFree:         1355348 kB
MemAvailable:    1545396 kB
Buffers:           44972 kB
Cached:           274408 kB
MemTotal:        1844596 kB
MemFree:         1356664 kB
MemAvailable:    1546712 kB
Buffers:           44972 kB
Cached:           274408 kB
MemTotal:        1844596 kB
MemFree:         1356040 kB
MemAvailable:    1546088 kB
Buffers:           44972 kB
Cached:           274408 kB
MemTotal:        1844596 kB
MemFree:         1356484 kB
MemAvailable:    1546532 kB
Buffers:           44972 kB
Cached:           274408 kB
MemTotal:        1844596 kB
MemFree:         1355348 kB
MemAvailable:    1545396 kB
Buffers:           44972 kB
Cached:           274408 kB
MemTotal:        1844596 kB
MemFree:         1356392 kB
MemAvailable:    1546440 kB
Buffers:           44972 kB
Cached:           274408 kB
MemTotal:        1844596 kB
MemFree:         1356268 kB
MemAvailable:    1546316 kB
Buffers:           44972 kB
Cached:           274408 kB
MemTotal:        1844596 kB
MemFree:         1355100 kB
MemAvailable:    1545148 kB
Buffers:           44972 kB
Cached:           274408 kB
MemTotal:        1844596 kB
MemFree:         1355828 kB
MemAvailable:    1545876 kB
Buffers:           44972 kB
Cached:           274408 kB
MemTotal:        1844596 kB
MemFree:         1354092 kB
MemAvailable:    1544140 kB
Buffers:           44972 kB
Cached:           274408 kB
MemTotal:        1844596 kB
MemFree:         1354092 kB
MemAvailable:    1544140 kB
Buffers:           44972 kB
Cached:           274408 kB
MemTotal:        1844596 kB
MemFree:         1354096 kB
MemAvailable:    1544144 kB
Buffers:           44972 kB
Cached:           274408 kB
MemTotal:        1844596 kB
MemFree:         1352676 kB
MemAvailable:    1542724 kB
Buffers:           44972 kB
Cached:           274408 kB
MemTotal:        1844596 kB
MemFree:         1352720 kB
MemAvailable:    1542768 kB
Buffers:           44972 kB
Cached:           274408 kB
MemTotal:        1844596 kB
MemFree:         1353960 kB
MemAvailable:    1544008 kB
Buffers:           44972 kB
Cached:           274408 kB
MemTotal:        1844596 kB
MemFree:         1353240 kB
MemAvailable:    1543288 kB
Buffers:           44972 kB
Cached:           274408 kB
MemTotal:        1844596 kB
MemFree:         1353824 kB
MemAvailable:    1543872 kB
Buffers:           44972 kB
Cached:           274408 kB
MemTotal:        1844596 kB
MemFree:         1354076 kB
MemAvailable:    1544124 kB
Buffers:           44972 kB
Cached:           274408 kB
MemTotal:        1844596 kB
MemFree:         1352612 kB
MemAvailable:    1542660 kB
Buffers:           44972 kB
Cached:           274408 kB
MemTotal:        1844596 kB
MemFree:         1354292 kB
MemAvailable:    1544340 kB
Buffers:           44972 kB
Cached:           274408 kB
MemTotal:        1844596 kB
MemFree:         1354080 kB
MemAvailable:    1544128 kB
Buffers:           44972 kB
Cached:           274408 kB
MemTotal:        1844596 kB
MemFree:         1353736 kB
MemAvailable:    1543784 kB
Buffers:           44972 kB
Cached:           274408 kB
MemTotal:        1844596 kB
MemFree:         1351248 kB
MemAvailable:    1541296 kB
Buffers:           44972 kB
Cached:           274408 kB
MemTotal:        1844596 kB
MemFree:         1351440 kB
MemAvailable:    1541488 kB
Buffers:           44972 kB
Cached:           274408 kB
MemTotal:        1844596 kB
MemFree:         1350944 kB
MemAvailable:    1540992 kB
Buffers:           44972 kB
Cached:           274408 kB
MemTotal:        1844596 kB
MemFree:         1349512 kB
MemAvailable:    1539560 kB
Buffers:           44972 kB
Cached:           274408 kB
MemTotal:        1844596 kB
MemFree:         1350448 kB
MemAvailable:    1540496 kB
Buffers:           44972 kB
Cached:           274408 kB
MemTotal:        1844596 kB
MemFree:         1349704 kB
MemAvailable:    1539752 kB
Buffers:           44972 kB
Cached:           274408 kB
MemTotal:        1844596 kB
MemFree:         1349388 kB
MemAvailable:    1539436 kB
Buffers:           44972 kB
Cached:           274408 kB
MemTotal:        1844596 kB
MemFree:         1349764 kB
MemAvailable:    1539812 kB
Buffers:           44972 kB
Cached:           274408 kB
MemTotal:        1844596 kB
MemFree:         1348632 kB
MemAvailable:    1538680 kB
Buffers:           44972 kB
Cached:           274408 kB
MemTotal:        1844596 kB
MemFree:         1348584 kB
MemAvailable:    1538632 kB
Buffers:           44972 kB
Cached:           274408 kB
MemTotal:        1844596 kB
MemFree:         1349728 kB
MemAvailable:    1539776 kB
Buffers:           44972 kB
Cached:           274408 kB
MemTotal:        1844596 kB
MemFree:         1349728 kB
MemAvailable:    1539776 kB
Buffers:           44972 kB
Cached:           274408 kB
MemTotal:        1844596 kB
MemFree:         1349628 kB
MemAvailable:    1539676 kB
Buffers:           44972 kB
Cached:           274408 kB
MemTotal:        1844596 kB
MemFree:         1349000 kB
MemAvailable:    1539048 kB
Buffers:           44972 kB
Cached:           274408 kB
MemTotal:        1844596 kB
MemFree:         1349000 kB
MemAvailable:    1539048 kB
Buffers:           44972 kB
Cached:           274408 kB
MemTotal:        1844596 kB
MemFree:         1347596 kB
MemAvailable:    1537644 kB
Buffers:           44972 kB
Cached:           274408 kB
MemTotal:        1844596 kB
MemFree:         1348692 kB
MemAvailable:    1538740 kB
Buffers:           44972 kB
Cached:           274408 kB
MemTotal:        1844596 kB
MemFree:         1347516 kB
MemAvailable:    1537564 kB
Buffers:           44972 kB
Cached:           274408 kB
MemTotal:        1844596 kB
MemFree:         1347764 kB
MemAvailable:    1537812 kB
Buffers:           44972 kB
Cached:           274408 kB
MemTotal:        1844596 kB
MemFree:         1347640 kB
MemAvailable:    1537688 kB
Buffers:           44972 kB
Cached:           274408 kB
MemTotal:        1844596 kB
MemFree:         1348808 kB
MemAvailable:    1538856 kB
Buffers:           44972 kB
Cached:           274408 kB
MemTotal:        1844596 kB
MemFree:         1347500 kB
MemAvailable:    1537548 kB
Buffers:           44972 kB
Cached:           274408 kB
MemTotal:        1844596 kB
MemFree:         1347908 kB
MemAvailable:    1537956 kB
Buffers:           44972 kB
Cached:           274408 kB
MemTotal:        1844596 kB
MemFree:         1348760 kB
MemAvailable:    1538808 kB
Buffers:           44972 kB
Cached:           274408 kB
MemTotal:        1844596 kB
MemFree:         1349012 kB
MemAvailable:    1539060 kB
Buffers:           44972 kB
Cached:           274408 kB
MemTotal:        1844596 kB
MemFree:         1347280 kB
MemAvailable:    1537328 kB
Buffers:           44972 kB
Cached:           274408 kB
MemTotal:        1844596 kB
MemFree:         1348404 kB
MemAvailable:    1538452 kB
Buffers:           44972 kB
Cached:           274408 kB
MemTotal:        1844596 kB
MemFree:         1346908 kB
MemAvailable:    1536956 kB
Buffers:           44972 kB
Cached:           274408 kB
MemTotal:        1844596 kB
MemFree:         1347884 kB
MemAvailable:    1537932 kB
Buffers:           44972 kB
Cached:           274408 kB
MemTotal:        1844596 kB
MemFree:         1347968 kB
MemAvailable:    1538016 kB
Buffers:           44972 kB
Cached:           274408 kB
MemTotal:        1844596 kB
MemFree:         1346656 kB
MemAvailable:    1536704 kB
Buffers:           44972 kB
Cached:           274408 kB
MemTotal:        1844596 kB
MemFree:         1347744 kB
MemAvailable:    1537792 kB
Buffers:           44972 kB
Cached:           274408 kB
MemTotal:        1844596 kB
MemFree:         1347900 kB
MemAvailable:    1537948 kB
Buffers:           44972 kB
Cached:           274408 kB
MemTotal:        1844596 kB
MemFree:         1346640 kB
MemAvailable:    1536688 kB
Buffers:           44972 kB
Cached:           274408 kB
MemTotal:        1844596 kB
MemFree:         1346764 kB
MemAvailable:    1536812 kB
Buffers:           44972 kB
Cached:           274408 kB
MemTotal:        1844596 kB
MemFree:         1347768 kB
MemAvailable:    1537816 kB
Buffers:           44972 kB
Cached:           274408 kB
MemTotal:        1844596 kB
MemFree:         1348020 kB
MemAvailable:    1538068 kB
Buffers:           44972 kB
Cached:           274408 kB
MemTotal:        1844596 kB
MemFree:         1346612 kB
MemAvailable:    1536660 kB
Buffers:           44972 kB
Cached:           274408 kB
MemTotal:        1844596 kB
MemFree:         1347788 kB
MemAvailable:    1537836 kB
Buffers:           44972 kB
Cached:           274408 kB
MemTotal:        1844596 kB
MemFree:         1346916 kB
MemAvailable:    1536964 kB
Buffers:           44972 kB
Cached:           274408 kB
MemTotal:        1844596 kB
MemFree:         1346148 kB
MemAvailable:    1536196 kB
Buffers:           44972 kB
Cached:           274408 kB
MemTotal:        1844596 kB
MemFree:         1346172 kB
MemAvailable:    1536220 kB
Buffers:           44972 kB
Cached:           274408 kB
MemTotal:        1844596 kB
MemFree:         1342180 kB
MemAvailable:    1532228 kB
Buffers:           44972 kB
Cached:           274408 kB
MemTotal:        1844596 kB
MemFree:         1342180 kB
MemAvailable:    1532228 kB
Buffers:           44972 kB
Cached:           274408 kB
MemTotal:        1844596 kB
MemFree:         1339476 kB
MemAvailable:    1529524 kB
Buffers:           44972 kB
Cached:           274408 kB
MemTotal:        1844596 kB
MemFree:         1340532 kB
MemAvailable:    1530580 kB
Buffers:           44972 kB
Cached:           274408 kB
MemTotal:        1844596 kB
MemFree:         1338972 kB
MemAvailable:    1529020 kB
Buffers:           44972 kB
Cached:           274408 kB
MemTotal:        1844596 kB
MemFree:         1339956 kB
MemAvailable:    1530004 kB
Buffers:           44972 kB
Cached:           274408 kB
MemTotal:        1844596 kB
MemFree:         1339848 kB
MemAvailable:    1529896 kB
Buffers:           44972 kB
Cached:           274408 kB
MemTotal:        1844596 kB
MemFree:         1339652 kB
MemAvailable:    1529700 kB
Buffers:           44972 kB
Cached:           274408 kB
MemTotal:        1844596 kB
MemFree:         1339988 kB
MemAvailable:    1530036 kB
Buffers:           44972 kB
Cached:           274408 kB
MemTotal:        1844596 kB
MemFree:         1339752 kB
MemAvailable:    1529808 kB
Buffers:           44972 kB
Cached:           274416 kB
MemTotal:        1844596 kB
MemFree:         1339752 kB
MemAvailable:    1529808 kB
Buffers:           44972 kB
Cached:           274416 kB
MemTotal:        1844596 kB
MemFree:         1339768 kB
MemAvailable:    1529824 kB
Buffers:           44972 kB
Cached:           274416 kB
MemTotal:        1844596 kB
MemFree:         1339768 kB
MemAvailable:    1529824 kB
Buffers:           44972 kB
Cached:           274416 kB
MemTotal:        1844596 kB
MemFree:         1339840 kB
MemAvailable:    1529896 kB
Buffers:           44972 kB
Cached:           274416 kB
MemTotal:        1844596 kB
MemFree:         1338536 kB
MemAvailable:    1528592 kB
Buffers:           44972 kB
Cached:           274416 kB
MemTotal:        1844596 kB
MemFree:         1338580 kB
MemAvailable:    1528636 kB
Buffers:           44972 kB
Cached:           274416 kB
MemTotal:        1844596 kB
MemFree:         1339764 kB
MemAvailable:    1529820 kB
Buffers:           44972 kB
Cached:           274416 kB
MemTotal:        1844596 kB
MemFree:         1340016 kB
MemAvailable:    1530072 kB
Buffers:           44972 kB
Cached:           274416 kB
MemTotal:        1844596 kB
MemFree:         1339352 kB
MemAvailable:    1529408 kB
Buffers:           44972 kB
Cached:           274416 kB
MemTotal:        1844596 kB
MemFree:         1338104 kB
MemAvailable:    1528160 kB
Buffers:           44972 kB
Cached:           274416 kB
MemTotal:        1844596 kB
MemFree:         1337740 kB
MemAvailable:    1527796 kB
Buffers:           44972 kB
Cached:           274416 kB
MemTotal:        1844596 kB
MemFree:         1338412 kB
MemAvailable:    1528468 kB
Buffers:           44972 kB
Cached:           274416 kB
MemTotal:        1844596 kB
MemFree:         1337112 kB
MemAvailable:    1527168 kB
Buffers:           44972 kB
Cached:           274416 kB
MemTotal:        1844596 kB
MemFree:         1338088 kB
MemAvailable:    1528144 kB
Buffers:           44972 kB
Cached:           274416 kB
MemTotal:        1844596 kB
MemFree:         1336996 kB
MemAvailable:    1527052 kB
Buffers:           44972 kB
Cached:           274416 kB
MemTotal:        1844596 kB
MemFree:         1337180 kB
MemAvailable:    1527236 kB
Buffers:           44972 kB
Cached:           274416 kB
MemTotal:        1844596 kB
MemFree:         1335384 kB
MemAvailable:    1525440 kB
Buffers:           44972 kB
Cached:           274416 kB
MemTotal:        1844596 kB
MemFree:         1335384 kB
MemAvailable:    1525440 kB
Buffers:           44972 kB
Cached:           274416 kB
MemTotal:        1844596 kB
MemFree:         1336368 kB
MemAvailable:    1526424 kB
Buffers:           44972 kB
Cached:           274416 kB
MemTotal:        1844596 kB
MemFree:         1335376 kB
MemAvailable:    1525432 kB
Buffers:           44972 kB
Cached:           274416 kB
MemTotal:        1844596 kB
MemFree:         1335916 kB
MemAvailable:    1525972 kB
Buffers:           44972 kB
Cached:           274416 kB
MemTotal:        1844596 kB
MemFree:         1336252 kB
MemAvailable:    1526308 kB
Buffers:           44972 kB
Cached:           274416 kB
MemTotal:        1844596 kB
MemFree:         1334684 kB
MemAvailable:    1524740 kB
Buffers:           44972 kB
Cached:           274416 kB
MemTotal:        1844596 kB
MemFree:         1336156 kB
MemAvailable:    1526212 kB
Buffers:           44972 kB
Cached:           274416 kB
MemTotal:        1844596 kB
MemFree:         1335128 kB
MemAvailable:    1525184 kB
Buffers:           44972 kB
Cached:           274416 kB
MemTotal:        1844596 kB
MemFree:         1336188 kB
MemAvailable:    1526244 kB
Buffers:           44972 kB
Cached:           274416 kB
MemTotal:        1844596 kB
MemFree:         1335508 kB
MemAvailable:    1525564 kB
Buffers:           44972 kB
Cached:           274416 kB
MemTotal:        1844596 kB
MemFree:         1335936 kB
MemAvailable:    1525992 kB
Buffers:           44972 kB
Cached:           274416 kB
MemTotal:        1844596 kB
MemFree:         1335936 kB
MemAvailable:    1525992 kB
Buffers:           44972 kB
Cached:           274416 kB
MemTotal:        1844596 kB
MemFree:         1335568 kB
MemAvailable:    1525624 kB
Buffers:           44972 kB
Cached:           274416 kB
MemTotal:        1844596 kB
MemFree:         1335436 kB
MemAvailable:    1525492 kB
Buffers:           44972 kB
Cached:           274416 kB
MemTotal:        1844596 kB
MemFree:         1333872 kB
MemAvailable:    1523928 kB
Buffers:           44972 kB
Cached:           274416 kB
MemTotal:        1844596 kB
MemFree:         1329308 kB
MemAvailable:    1519364 kB
Buffers:           44972 kB
Cached:           274416 kB
MemTotal:        1844596 kB
MemFree:         1327572 kB
MemAvailable:    1517628 kB
Buffers:           44972 kB
Cached:           274416 kB
MemTotal:        1844596 kB
MemFree:         1327160 kB
MemAvailable:    1517300 kB
Buffers:           44972 kB
Cached:           274540 kB
MemTotal:        1844596 kB
MemFree:         1327396 kB
MemAvailable:    1517620 kB
Buffers:           44972 kB
Cached:           274540 kB
MemTotal:        1844596 kB
MemFree:         1328012 kB
MemAvailable:    1518404 kB
Buffers:           44972 kB
Cached:           274664 kB
MemTotal:        1844596 kB
MemFree:         1327820 kB
MemAvailable:    1518212 kB
Buffers:           44972 kB
Cached:           274664 kB
MemTotal:        1844596 kB
MemFree:         1326680 kB
MemAvailable:    1517156 kB
Buffers:           44972 kB
Cached:           274788 kB
MemTotal:        1844596 kB
MemFree:         1327988 kB
MemAvailable:    1518548 kB
Buffers:           44972 kB
Cached:           274912 kB
MemTotal:        1844596 kB
MemFree:         1326804 kB
MemAvailable:    1517448 kB
Buffers:           44972 kB
Cached:           274912 kB
MemTotal:        1844596 kB
MemFree:         1326680 kB
MemAvailable:    1517324 kB
Buffers:           44972 kB
Cached:           275036 kB
MemTotal:        1844596 kB
MemFree:         1326820 kB
MemAvailable:    1517464 kB
Buffers:           44972 kB
Cached:           275036 kB
MemTotal:        1844596 kB
MemFree:         1326508 kB
MemAvailable:    1517152 kB
Buffers:           44972 kB
Cached:           275036 kB
MemTotal:        1844596 kB
MemFree:         1327692 kB
MemAvailable:    1518336 kB
Buffers:           44972 kB
Cached:           275036 kB
MemTotal:        1844596 kB
MemFree:         1326828 kB
MemAvailable:    1517472 kB
Buffers:           44972 kB
Cached:           275036 kB
MemTotal:        1844596 kB
MemFree:         1327632 kB
MemAvailable:    1518344 kB
Buffers:           44972 kB
Cached:           275028 kB
MemTotal:        1844596 kB
MemFree:         1327716 kB
MemAvailable:    1518428 kB
Buffers:           44972 kB
Cached:           275028 kB
MemTotal:        1844596 kB
MemFree:         1326440 kB
MemAvailable:    1517152 kB
Buffers:           44972 kB
Cached:           275028 kB
MemTotal:        1844596 kB
MemFree:         1326960 kB
MemAvailable:    1517756 kB
Buffers:           44972 kB
Cached:           275152 kB
MemTotal:        1844596 kB
MemFree:         1397184 kB
MemAvailable:    1587248 kB
Buffers:           44972 kB
Cached:           274464 kB
