MemTotal:        1844596 kB
MemFree:         1383300 kB
MemAvailable:    1561360 kB
Buffers:           43532 kB
Cached:           264928 kB
MemTotal:        1844596 kB
MemFree:         1382556 kB
MemAvailable:    1560616 kB
Buffers:           43532 kB
Cached:           264928 kB
MemTotal:        1844596 kB
MemFree:         1380192 kB
MemAvailable:    1558252 kB
Buffers:           43532 kB
Cached:           264928 kB
MemTotal:        1844596 kB
MemFree:         1380300 kB
MemAvailable:    1558360 kB
Buffers:           43532 kB
Cached:           264928 kB
MemTotal:        1844596 kB
MemFree:         1380384 kB
MemAvailable:    1558444 kB
Buffers:           43532 kB
Cached:           264928 kB
MemTotal:        1844596 kB
MemFree:         1378208 kB
MemAvailable:    1556268 kB
Buffers:           43532 kB
Cached:           264928 kB
MemTotal:        1844596 kB
MemFree:         1377720 kB
MemAvailable:    1555780 kB
Buffers:           43532 kB
Cached:           264928 kB
MemTotal:        1844596 kB
MemFree:         1375736 kB
MemAvailable:    1553796 kB
Buffers:           43532 kB
Cached:           264928 kB
MemTotal:        1844596 kB
MemFree:         1372636 kB
MemAvailable:    1550696 kB
Buffers:           43532 kB
Cached:           264928 kB
MemTotal:        1844596 kB
MemFree:         1368536 kB
MemAvailable:    1546596 kB
Buffers:           43532 kB
Cached:           264928 kB
MemTotal:        1844596 kB
MemFree:         1367852 kB
MemAvailable:    1545912 kB
Buffers:           43532 kB
Cached:           264928 kB
MemTotal:        1844596 kB
MemFree:         1367976 kB
MemAvailable:    1546036 kB
Buffers:           43532 kB
Cached:           264928 kB
MemTotal:        1844596 kB
MemFree:         1367976 kB
MemAvailable:    1546036 kB
Buffers:           43532 kB
Cached:           264928 kB
MemTotal:        1844596 kB
MemFree:         1369152 kB
MemAvailable:    1547212 kB
Buffers:           43532 kB
Cached:           264928 kB
MemTotal:        1844596 kB
MemFree:         1367844 kB
MemAvailable:    1545904 kB
Buffers:           43532 kB
Cached:           264928 kB
MemTotal:        1844596 kB
MemFree:         1368976 kB
MemAvailable:    1547036 kB
Buffers:           43532 kB
Cached:           264928 kB
MemTotal:        1844596 kB
MemFree:         1367056 kB
MemAvailable:    1545116 kB
Buffers:           43532 kB
Cached:           264928 kB
MemTotal:        1844596 kB
MemFree:         1367116 kB
MemAvailable:    1545176 kB
Buffers:           43532 kB
Cached:           264928 kB
MemTotal:        1844596 kB
MemFree:         1366660 kB
MemAvailable:    1544720 kB
Buffers:           43532 kB
Cached:           264928 kB
MemTotal:        1844596 kB
MemFree:         1366996 kB
MemAvailable:    1545056 kB
Buffers:           43532 kB
Cached:           264928 kB
MemTotal:        1844596 kB
MemFree:         1366620 kB
MemAvailable:    1544680 kB
Buffers:           43532 kB
Cached:           264928 kB
MemTotal:        1844596 kB
MemFree:         1366684 kB
MemAvailable:    1544744 kB
Buffers:           43532 kB
Cached:           264928 kB
MemTotal:        1844596 kB
MemFree:         1366480 kB
MemAvailable:    1544540 kB
Buffers:           43532 kB
Cached:           264928 kB
MemTotal:        1844596 kB
MemFree:         1366816 kB
MemAvailable:    1544876 kB
Buffers:           43532 kB
Cached:           264928 kB
MemTotal:        1844596 kB
MemFree:         1366524 kB
MemAvailable:    1544584 kB
Buffers:           43532 kB
Cached:           264928 kB
MemTotal:        1844596 kB
MemFree:         1366776 kB
MemAvailable:    1544836 kB
Buffers:           43532 kB
Cached:           264928 kB
MemTotal:        1844596 kB
MemFree:         1365500 kB
MemAvailable:    1543560 kB
Buffers:           43532 kB
Cached:           264928 kB
MemTotal:        1844596 kB
MemFree:         1368152 kB
MemAvailable:    1546212 kB
Buffers:           43532 kB
Cached:           264928 kB
MemTotal:        1844596 kB
MemFree:         1367668 kB
MemAvailable:    1545728 kB
Buffers:           43532 kB
Cached:           264928 kB
MemTotal:        1844596 kB
MemFree:         1366436 kB
MemAvailable:    1544496 kB
Buffers:           43532 kB
Cached:           264928 kB
MemTotal:        1844596 kB
MemFree:         1365436 kB
MemAvailable:    1543496 kB
Buffers:           43532 kB
Cached:           264928 kB
MemTotal:        1844596 kB
MemFree:         1364636 kB
MemAvailable:    1542696 kB
Buffers:           43532 kB
Cached:           264928 kB
MemTotal:        1844596 kB
MemFree:         1364064 kB
MemAvailable:    1542124 kB
Buffers:           43532 kB
Cached:           264928 kB
MemTotal:        1844596 kB
MemFree:         1364064 kB
MemAvailable:    1542124 kB
Buffers:           43532 kB
Cached:           264928 kB
MemTotal:        1844596 kB
MemFree:         1363568 kB
MemAvailable:    1541628 kB
Buffers:           43532 kB
Cached:           264928 kB
MemTotal:        1844596 kB
MemFree:         1363088 kB
MemAvailable:    1541148 kB
Buffers:           43532 kB
Cached:           264928 kB
MemTotal:        1844596 kB
MemFree:         1361716 kB
MemAvailable:    1539776 kB
Buffers:           43532 kB
Cached:           264928 kB
MemTotal:        1844596 kB
MemFree:         1362900 kB
MemAvailable:    1540960 kB
Buffers:           43532 kB
Cached:           264928 kB
MemTotal:        1844596 kB
MemFree:         1362708 kB
MemAvailable:    1540768 kB
Buffers:           43532 kB
Cached:           264928 kB
MemTotal:        1844596 kB
MemFree:         1361600 kB
MemAvailable:    1539660 kB
Buffers:           43532 kB
Cached:           264928 kB
MemTotal:        1844596 kB
MemFree:         1362516 kB
MemAvailable:    1540576 kB
Buffers:           43532 kB
Cached:           264928 kB
MemTotal:        1844596 kB
MemFree:         1362768 kB
MemAvailable:    1540828 kB
Buffers:           43532 kB
Cached:           264928 kB
MemTotal:        1844596 kB
MemFree:         1361204 kB
MemAvailable:    1539264 kB
Buffers:           43532 kB
Cached:           264928 kB
MemTotal:        1844596 kB
MemFree:         1362504 kB
MemAvailable:    1540564 kB
Buffers:           43532 kB
Cached:           264928 kB
MemTotal:        1844596 kB
MemFree:         1362296 kB
MemAvailable:    1540356 kB
Buffers:           43532 kB
Cached:           264928 kB
MemTotal:        1844596 kB
MemFree:         1360732 kB
MemAvailable:    1538792 kB
Buffers:           43532 kB
Cached:           264928 kB
MemTotal:        1844596 kB
MemFree:         1361312 kB
MemAvailable:    1539372 kB
Buffers:           43532 kB
Cached:           264928 kB
MemTotal:        1844596 kB
MemFree:         1360596 kB
MemAvailable:    1538656 kB
Buffers:           43532 kB
Cached:           264928 kB
MemTotal:        1844596 kB
MemFree:         1360420 kB
MemAvailable:    1538480 kB
Buffers:           43532 kB
Cached:           264928 kB
MemTotal:        1844596 kB
MemFree:         1361848 kB
MemAvailable:    1539908 kB
Buffers:           43532 kB
Cached:           264928 kB
MemTotal:        1844596 kB
MemFree:         1361464 kB
MemAvailable:    1539524 kB
Buffers:           43532 kB
Cached:           264928 kB
MemTotal:        1844596 kB
MemFree:         1360408 kB
MemAvailable:    1538468 kB
Buffers:           43532 kB
Cached:           264928 kB
MemTotal:        1844596 kB
MemFree:         1360320 kB
MemAvailable:    1538380 kB
Buffers:           43532 kB
Cached:           264928 kB
MemTotal:        1844596 kB
MemFree:         1360312 kB
MemAvailable:    1538372 kB
Buffers:           43532 kB
Cached:           264928 kB
MemTotal:        1844596 kB
MemFree:         1360360 kB
MemAvailable:    1538420 kB
Buffers:           43532 kB
Cached:           264928 kB
MemTotal:        1844596 kB
MemFree:         1360352 kB
MemAvailable:    1538412 kB
Buffers:           43532 kB
Cached:           264928 kB
MemTotal:        1844596 kB
MemFree:         1361536 kB
MemAvailable:    1539596 kB
Buffers:           43532 kB
Cached:           264928 kB
MemTotal:        1844596 kB
MemFree:         1361336 kB
MemAvailable:    1539396 kB
Buffers:           43532 kB
Cached:           264928 kB
MemTotal:        1844596 kB
MemFree:         1361104 kB
MemAvailable:    1539164 kB
Buffers:           43532 kB
Cached:           264928 kB
MemTotal:        1844596 kB
MemFree:         1359724 kB
MemAvailable:    1537784 kB
Buffers:           43532 kB
Cached:           264928 kB
MemTotal:        1844596 kB
MemFree:         1360824 kB
MemAvailable:    1538884 kB
Buffers:           43532 kB
Cached:           264928 kB
MemTotal:        1844596 kB
MemFree:         1360096 kB
MemAvailable:    1538156 kB
Buffers:           43532 kB
Cached:           264928 kB
MemTotal:        1844596 kB
MemFree:         1360640 kB
MemAvailable:    1538700 kB
Buffers:           43532 kB
Cached:           264928 kB
MemTotal:        1844596 kB
MemFree:         1360600 kB
MemAvailable:    1538660 kB
Buffers:           43532 kB
Cached:           264928 kB
MemTotal:        1844596 kB
MemFree:         1360604 kB
MemAvailable:    1538664 kB
Buffers:           43532 kB
Cached:           264928 kB
MemTotal:        1844596 kB
MemFree:         1360472 kB
MemAvailable:    1538532 kB
Buffers:           43532 kB
Cached:           264928 kB
MemTotal:        1844596 kB
MemFree:         1359464 kB
MemAvailable:    1537524 kB
Buffers:           43532 kB
Cached:           264928 kB
MemTotal:        1844596 kB
MemFree:         1359324 kB
MemAvailable:    1537384 kB
Buffers:           43532 kB
Cached:           264928 kB
MemTotal:        1844596 kB
MemFree:         1359484 kB
MemAvailable:    1537560 kB
Buffers:           43532 kB
Cached:           264940 kB
MemTotal:        1844596 kB
MemFree:         1360812 kB
MemAvailable:    1538888 kB
Buffers:           43532 kB
Cached:           264940 kB
MemTotal:        1844596 kB
MemFree:         1359344 kB
MemAvailable:    1537420 kB
Buffers:           43532 kB
Cached:           264940 kB
MemTotal:        1844596 kB
MemFree:         1359748 kB
MemAvailable:    1537824 kB
Buffers:           43532 kB
Cached:           264940 kB
MemTotal:        1844596 kB
MemFree:         1359748 kB
MemAvailable:    1537824 kB
Buffers:           43532 kB
Cached:           264940 kB
MemTotal:        1844596 kB
MemFree:         1356176 kB
MemAvailable:    1534252 kB
Buffers:           43532 kB
Cached:           264940 kB
MemTotal:        1844596 kB
MemFree:         1353944 kB
MemAvailable:    1532020 kB
Buffers:           43532 kB
Cached:           264940 kB
MemTotal:        1844596 kB
MemFree:         1353176 kB
MemAvailable:    1531252 kB
Buffers:           43532 kB
Cached:           264940 kB
MemTotal:        1844596 kB
MemFree:         1353068 kB
MemAvailable:    1531144 kB
Buffers:           43532 kB
Cached:           264940 kB
MemTotal:        1844596 kB
MemFree:         1352864 kB
MemAvailable:    1530940 kB
Buffers:           43532 kB
Cached:           264940 kB
MemTotal:        1844596 kB
MemFree:         1352608 kB
MemAvailable:    1530684 kB
Buffers:           43532 kB
Cached:           264940 kB
MemTotal:        1844596 kB
MemFree:         1352944 kB
MemAvailable:    1531020 kB
Buffers:           43532 kB
Cached:           264940 kB
MemTotal:        1844596 kB
MemFree:         1352500 kB
MemAvailable:    1530576 kB
Buffers:           43532 kB
Cached:           264940 kB
MemTotal:        1844596 kB
MemFree:         1352752 kB
MemAvailable:    1530828 kB
Buffers:           43532 kB
Cached:           264940 kB
MemTotal:        1844596 kB
MemFree:         1351436 kB
MemAvailable:    1529512 kB
Buffers:           43532 kB
Cached:           264940 kB
MemTotal:        1844596 kB
MemFree:         1352760 kB
MemAvailable:    1530836 kB
Buffers:           43532 kB
Cached:           264940 kB
MemTotal:        1844596 kB
MemFree:         1352872 kB
MemAvailable:    1530948 kB
Buffers:           43532 kB
Cached:           264940 kB
MemTotal:        1844596 kB
MemFree:         1352640 kB
MemAvailable:    1530716 kB
Buffers:           43532 kB
Cached:           264940 kB
MemTotal:        1844596 kB
MemFree:         1351464 kB
MemAvailable:    1529540 kB
Buffers:           43532 kB
Cached:           264940 kB
MemTotal:        1844596 kB
MemFree:         1352664 kB
MemAvailable:    1530740 kB
Buffers:           43532 kB
Cached:           264940 kB
MemTotal:        1844596 kB
MemFree:         1351960 kB
MemAvailable:    1530036 kB
Buffers:           43532 kB
Cached:           264940 kB
MemTotal:        1844596 kB
MemFree:         1352928 kB
MemAvailable:    1531004 kB
Buffers:           43532 kB
Cached:           264940 kB
MemTotal:        1844596 kB
MemFree:         1352820 kB
MemAvailable:    1530896 kB
Buffers:           43532 kB
Cached:           264940 kB
MemTotal:        1844596 kB
MemFree:         1351308 kB
MemAvailable:    1529384 kB
Buffers:           43532 kB
Cached:           264940 kB
MemTotal:        1844596 kB
MemFree:         1352312 kB
MemAvailable:    1530388 kB
Buffers:           43532 kB
Cached:           264940 kB
MemTotal:        1844596 kB
MemFree:         1350960 kB
MemAvailable:    1529036 kB
Buffers:           43532 kB
Cached:           264940 kB
MemTotal:        1844596 kB
MemFree:         1351772 kB
MemAvailable:    1529852 kB
Buffers:           43532 kB
Cached:           264944 kB
MemTotal:        1844596 kB
MemFree:         1351508 kB
MemAvailable:    1529588 kB
Buffers:           43532 kB
Cached:           264944 kB
MemTotal:        1844596 kB
MemFree:         1351144 kB
MemAvailable:    1529224 kB
Buffers:           43532 kB
Cached:           264944 kB
MemTotal:        1844596 kB
MemFree:         1350092 kB
MemAvailable:    1528172 kB
Buffers:           43532 kB
Cached:           264944 kB
MemTotal:        1844596 kB
MemFree:         1350840 kB
MemAvailable:    1528920 kB
Buffers:           43532 kB
Cached:           264944 kB
MemTotal:        1844596 kB
MemFree:         1350036 kB
MemAvailable:    1528116 kB
Buffers:           43532 kB
Cached:           264944 kB
MemTotal:        1844596 kB
MemFree:         1349696 kB
MemAvailable:    1527776 kB
Buffers:           43532 kB
Cached:           264944 kB
MemTotal:        1844596 kB
MemFree:         1349948 kB
MemAvailable:    1528028 kB
Buffers:           43532 kB
Cached:           264944 kB
MemTotal:        1844596 kB
MemFree:         1349356 kB
MemAvailable:    1527436 kB
Buffers:           43532 kB
Cached:           264944 kB
MemTotal:        1844596 kB
MemFree:         1349160 kB
MemAvailable:    1527240 kB
Buffers:           43532 kB
Cached:           264944 kB
MemTotal:        1844596 kB
MemFree:         1349072 kB
MemAvailable:    1527152 kB
Buffers:           43532 kB
Cached:           264944 kB
MemTotal:        1844596 kB
MemFree:         1348976 kB
MemAvailable:    1527056 kB
Buffers:           43532 kB
Cached:           264944 kB
MemTotal:        1844596 kB
MemFree:         1347804 kB
MemAvailable:    1525884 kB
Buffers:           43532 kB
Cached:           264944 kB
MemTotal:        1844596 kB
MemFree:         1348896 kB
MemAvailable:    1526976 kB
Buffers:           43532 kB
Cached:           264944 kB
MemTotal:        1844596 kB
MemFree:         1348480 kB
MemAvailable:    1526560 kB
Buffers:           43532 kB
Cached:           264944 kB
MemTotal:        1844596 kB
MemFree:         1348732 kB
MemAvailable:    1526812 kB
Buffers:           43532 kB
Cached:           264944 kB
MemTotal:        1844596 kB
MemFree:         1347672 kB
MemAvailable:    1525752 kB
Buffers:           43532 kB
Cached:           264944 kB
MemTotal:        1844596 kB
MemFree:         1347592 kB
MemAvailable:    1525672 kB
Buffers:           43532 kB
Cached:           264944 kB
MemTotal:        1844596 kB
MemFree:         1348832 kB
MemAvailable:    1526912 kB
Buffers:           43532 kB
Cached:           264944 kB
MemTotal:        1844596 kB
MemFree:         1347992 kB
MemAvailable:    1526072 kB
Buffers:           43532 kB
Cached:           264944 kB
MemTotal:        1844596 kB
MemFree:         1348216 kB
MemAvailable:    1526296 kB
Buffers:           43532 kB
Cached:           264944 kB
MemTotal:        1844596 kB
MemFree:         1348300 kB
MemAvailable:    1526380 kB
Buffers:           43532 kB
Cached:           264944 kB
MemTotal:        1844596 kB
MemFree:         1347904 kB
MemAvailable:    1525984 kB
Buffers:           43532 kB
Cached:           264944 kB
MemTotal:        1844596 kB
MemFree:         1348156 kB
MemAvailable:    1526236 kB
Buffers:           43532 kB
Cached:           264944 kB
MemTotal:        1844596 kB
MemFree:         1339744 kB
MemAvailable:    1517824 kB
Buffers:           43532 kB
Cached:           264944 kB
MemTotal:        1844596 kB
MemFree:         1338320 kB
MemAvailable:    1516400 kB
Buffers:           43532 kB
Cached:           264944 kB
MemTotal:        1844596 kB
MemFree:         1339420 kB
MemAvailable:    1517500 kB
Buffers:           43540 kB
Cached:           264936 kB
MemTotal:        1844596 kB
MemFree:         1339064 kB
MemAvailable:    1517144 kB
Buffers:           43540 kB
Cached:           264936 kB
MemTotal:        1844596 kB
MemFree:         1338140 kB
MemAvailable:    1516220 kB
Buffers:           43540 kB
Cached:           264936 kB
MemTotal:        1844596 kB
MemFree:         1339316 kB
MemAvailable:    1517396 kB
Buffers:           43540 kB
Cached:           264936 kB
MemTotal:        1844596 kB
MemFree:         1338052 kB
MemAvailable:    1516132 kB
Buffers:           43540 kB
Cached:           264936 kB
MemTotal:        1844596 kB
MemFree:         1341440 kB
MemAvailable:    1519520 kB
Buffers:           43540 kB
Cached:           264936 kB
MemTotal:        1844596 kB
MemFree:         1341308 kB
MemAvailable:    1519388 kB
Buffers:           43544 kB
Cached:           264932 kB
MemTotal:        1844596 kB
MemFree:         1341136 kB
MemAvailable:    1519384 kB
Buffers:           43544 kB
Cached:           265056 kB
MemTotal:        1844596 kB
MemFree:         1341388 kB
MemAvailable:    1519636 kB
Buffers:           43544 kB
Cached:           265056 kB
MemTotal:        1844596 kB
MemFree:         1339776 kB
MemAvailable:    1518108 kB
Buffers:           43544 kB
Cached:           265180 kB
MemTotal:        1844596 kB
MemFree:         1341084 kB
MemAvailable:    1519584 kB
Buffers:           43544 kB
Cached:           265304 kB
MemTotal:        1844596 kB
MemFree:         1340952 kB
MemAvailable:    1519536 kB
Buffers:           43544 kB
Cached:           265428 kB
MemTotal:        1844596 kB
MemFree:         1340876 kB
MemAvailable:    1519544 kB
Buffers:           43544 kB
Cached:           265428 kB
MemTotal:        1844596 kB
MemFree:         1340696 kB
MemAvailable:    1519364 kB
Buffers:           43544 kB
Cached:           265552 kB
MemTotal:        1844596 kB
MemFree:         1339684 kB
MemAvailable:    1518352 kB
Buffers:           43544 kB
Cached:           265552 kB
MemTotal:        1844596 kB
MemFree:         1340496 kB
MemAvailable:    1519200 kB
Buffers:           43544 kB
Cached:           265632 kB
MemTotal:        1844596 kB
MemFree:         1340748 kB
MemAvailable:    1519452 kB
Buffers:           43544 kB
Cached:           265632 kB
MemTotal:        1844596 kB
MemFree:         1339436 kB
MemAvailable:    1518140 kB
Buffers:           43544 kB
Cached:           265632 kB
MemTotal:        1844596 kB
MemFree:         1339428 kB
MemAvailable:    1518196 kB
Buffers:           43544 kB
Cached:           265620 kB
MemTotal:        1844596 kB
MemFree:         1340612 kB
MemAvailable:    1519380 kB
Buffers:           43544 kB
Cached:           265620 kB
MemTotal:        1844596 kB
MemFree:         1339808 kB
MemAvailable:    1518576 kB
Buffers:           43544 kB
Cached:           265620 kB
MemTotal:        1844596 kB
MemFree:         1341396 kB
MemAvailable:    1519492 kB
Buffers:           43544 kB
Cached:           264948 kB
MemTotal:        1844596 kB
MemFree:         1406952 kB
MemAvailable:    1585112 kB
Buffers:           43544 kB
Cached:           265012 kB
