MemTotal:        1844596 kB
MemFree:         1407260 kB
MemAvailable:    1562488 kB
Buffers:           40752 kB
Cached:           246864 kB
MemTotal:        1844596 kB
MemFree:         1405904 kB
MemAvailable:    1561132 kB
Buffers:           40752 kB
Cached:           246864 kB
MemTotal:        1844596 kB
MemFree:         1403788 kB
MemAvailable:    1559016 kB
Buffers:           40752 kB
Cached:           246864 kB
MemTotal:        1844596 kB
MemFree:         1403732 kB
MemAvailable:    1558960 kB
Buffers:           40752 kB
Cached:           246864 kB
MemTotal:        1844596 kB
MemFree:         1403600 kB
MemAvailable:    1558828 kB
Buffers:           40752 kB
Cached:           246864 kB
MemTotal:        1844596 kB
MemFree:         1402432 kB
MemAvailable:    1557660 kB
Buffers:           40752 kB
Cached:           246864 kB
MemTotal:        1844596 kB
MemFree:         1401920 kB
MemAvailable:    1557148 kB
Buffers:           40752 kB
Cached:           246864 kB
MemTotal:        1844596 kB
MemFree:         1401920 kB
MemAvailable:    1557148 kB
Buffers:           40752 kB
Cached:           246864 kB
MemTotal:        1844596 kB
MemFree:         1397076 kB
MemAvailable:    1552304 kB
Buffers:           40752 kB
Cached:           246864 kB
MemTotal:        1844596 kB
MemFree:         1396336 kB
MemAvailable:    1551564 kB
Buffers:           40752 kB
Cached:           246864 kB
MemTotal:        1844596 kB
MemFree:         1392620 kB
MemAvailable:    1547848 kB
Buffers:           40752 kB
Cached:           246864 kB
MemTotal:        1844596 kB
MemFree:         1391876 kB
MemAvailable:    1547104 kB
Buffers:           40752 kB
Cached:           246864 kB
MemTotal:        1844596 kB
MemFree:         1393672 kB
MemAvailable:    1548900 kB
Buffers:           40752 kB
Cached:           246864 kB
MemTotal:        1844596 kB
MemFree:         1393788 kB
MemAvailable:    1549016 kB
Buffers:           40752 kB
Cached:           246864 kB
MemTotal:        1844596 kB
MemFree:         1393132 kB
MemAvailable:    1548360 kB
Buffers:           40752 kB
Cached:           246864 kB
MemTotal:        1844596 kB
MemFree:         1394060 kB
MemAvailable:    1549288 kB
Buffers:           40752 kB
Cached:           246864 kB
MemTotal:        1844596 kB
MemFree:         1393380 kB
MemAvailable:    1548608 kB
Buffers:           40752 kB
Cached:           246864 kB
MemTotal:        1844596 kB
MemFree:         1393424 kB
MemAvailable:    1548652 kB
Buffers:           40752 kB
Cached:           246864 kB
MemTotal:        1844596 kB
MemFree:         1393676 kB
MemAvailable:    1548904 kB
Buffers:           40752 kB
Cached:           246864 kB
MemTotal:        1844596 kB
MemFree:         1391892 kB
MemAvailable:    1547120 kB
Buffers:           40752 kB
Cached:           246864 kB
MemTotal:        1844596 kB
MemFree:         1392076 kB
MemAvailable:    1547304 kB
Buffers:           40752 kB
Cached:           246864 kB
MemTotal:        1844596 kB
MemFree:         1390528 kB
MemAvailable:    1545756 kB
Buffers:           40752 kB
Cached:           246864 kB
MemTotal:        1844596 kB
MemFree:         1391192 kB
MemAvailable:    1546420 kB
Buffers:           40752 kB
Cached:           246864 kB
MemTotal:        1844596 kB
MemFree:         1391444 kB
MemAvailable:    1546672 kB
Buffers:           40752 kB
Cached:           246864 kB
MemTotal:        1844596 kB
MemFree:         1389836 kB
MemAvailable:    1545064 kB
Buffers:           40752 kB
Cached:           246864 kB
MemTotal:        1844596 kB
MemFree:         1391144 kB
MemAvailable:    1546372 kB
Buffers:           40752 kB
Cached:           246864 kB
MemTotal:        1844596 kB
MemFree:         1390776 kB
MemAvailable:    1546004 kB
Buffers:           40752 kB
Cached:           246864 kB
MemTotal:        1844596 kB
MemFree:         1391080 kB
MemAvailable:    1546308 kB
Buffers:           40752 kB
Cached:           246864 kB
MemTotal:        1844596 kB
MemFree:         1391332 kB
MemAvailable:    1546560 kB
Buffers:           40752 kB
Cached:           246864 kB
MemTotal:        1844596 kB
MemFree:         1391024 kB
MemAvailable:    1546252 kB
Buffers:           40752 kB
Cached:           246864 kB
MemTotal:        1844596 kB
MemFree:         1390016 kB
MemAvailable:    1545244 kB
Buffers:           40752 kB
Cached:           246864 kB
MemTotal:        1844596 kB
MemFree:         1392788 kB
MemAvailable:    1548016 kB
Buffers:           40752 kB
Cached:           246864 kB
MemTotal:        1844596 kB
MemFree:         1392364 kB
MemAvailable:    1547592 kB
Buffers:           40752 kB
Cached:           246864 kB
MemTotal:        1844596 kB
MemFree:         1391704 kB
MemAvailable:    1546932 kB
Buffers:           40752 kB
Cached:           246864 kB
MemTotal:        1844596 kB
MemFree:         1389040 kB
MemAvailable:    1544268 kB
Buffers:           40752 kB
Cached:           246864 kB
MemTotal:        1844596 kB
MemFree:         1387668 kB
MemAvailable:    1542896 kB
Buffers:           40752 kB
Cached:           246864 kB
MemTotal:        1844596 kB
MemFree:         1387544 kB
MemAvailable:    1542772 kB
Buffers:           40752 kB
Cached:           246864 kB
MemTotal:        1844596 kB
MemFree:         1387900 kB
MemAvailable:    1543128 kB
Buffers:           40752 kB
Cached:           246864 kB
MemTotal:        1844596 kB
MemFree:         1387984 kB
MemAvailable:    1543212 kB
Buffers:           40752 kB
Cached:           246864 kB
MemTotal:        1844596 kB
MemFree:         1386620 kB
MemAvailable:    1541848 kB
Buffers:           40752 kB
Cached:           246864 kB
MemTotal:        1844596 kB
MemFree:         1386180 kB
MemAvailable:    1541408 kB
Buffers:           40752 kB
Cached:           246864 kB
MemTotal:        1844596 kB
MemFree:         1387156 kB
MemAvailable:    1542384 kB
Buffers:           40752 kB
Cached:           246864 kB
MemTotal:        1844596 kB
MemFree:         1387240 kB
MemAvailable:    1542468 kB
Buffers:           40752 kB
Cached:           246864 kB
MemTotal:        1844596 kB
MemFree:         1386844 kB
MemAvailable:    1542072 kB
Buffers:           40752 kB
Cached:           246864 kB
MemTotal:        1844596 kB
MemFree:         1387096 kB
MemAvailable:    1542324 kB
Buffers:           40752 kB
Cached:           246864 kB
MemTotal:        1844596 kB
MemFree:         1387216 kB
MemAvailable:    1542444 kB
Buffers:           40752 kB
Cached:           246864 kB
MemTotal:        1844596 kB
MemFree:         1385664 kB
MemAvailable:    1540892 kB
Buffers:           40752 kB
Cached:           246864 kB
MemTotal:        1844596 kB
MemFree:         1385788 kB
MemAvailable:    1541016 kB
Buffers:           40752 kB
Cached:           246864 kB
MemTotal:        1844596 kB
MemFree:         1386620 kB
MemAvailable:    1541848 kB
Buffers:           40752 kB
Cached:           246864 kB
MemTotal:        1844596 kB
MemFree:         1386312 kB
MemAvailable:    1541540 kB
Buffers:           40752 kB
Cached:           246864 kB
MemTotal:        1844596 kB
MemFree:         1385072 kB
MemAvailable:    1540300 kB
Buffers:           40752 kB
Cached:           246864 kB
MemTotal:        1844596 kB
MemFree:         1384640 kB
MemAvailable:    1539868 kB
Buffers:           40752 kB
Cached:           246864 kB
MemTotal:        1844596 kB
MemFree:         1384620 kB
MemAvailable:    1539848 kB
Buffers:           40752 kB
Cached:           246864 kB
MemTotal:        1844596 kB
MemFree:         1384620 kB
MemAvailable:    1539848 kB
Buffers:           40752 kB
Cached:           246864 kB
MemTotal:        1844596 kB
MemFree:         1386004 kB
MemAvailable:    1541232 kB
Buffers:           40752 kB
Cached:           246864 kB
MemTotal:        1844596 kB
MemFree:         1386256 kB
MemAvailable:    1541484 kB
Buffers:           40752 kB
Cached:           246864 kB
MemTotal:        1844596 kB
MemFree:         1384676 kB
MemAvailable:    1539904 kB
Buffers:           40752 kB
Cached:           246864 kB
MemTotal:        1844596 kB
MemFree:         1384792 kB
MemAvailable:    1540020 kB
Buffers:           40752 kB
Cached:           246864 kB
MemTotal:        1844596 kB
MemFree:         1384676 kB
MemAvailable:    1539904 kB
Buffers:           40752 kB
Cached:           246864 kB
MemTotal:        1844596 kB
MemFree:         1385992 kB
MemAvailable:    1541220 kB
Buffers:           40752 kB
Cached:           246864 kB
MemTotal:        1844596 kB
MemFree:         1384540 kB
MemAvailable:    1539768 kB
Buffers:           40752 kB
Cached:           246864 kB
MemTotal:        1844596 kB
MemFree:         1385840 kB
MemAvailable:    1541068 kB
Buffers:           40752 kB
Cached:           246864 kB
MemTotal:        1844596 kB
MemFree:         1385576 kB
MemAvailable:    1540804 kB
Buffers:           40752 kB
Cached:           246864 kB
MemTotal:        1844596 kB
MemFree:         1384700 kB
MemAvailable:    1539928 kB
Buffers:           40752 kB
Cached:           246864 kB
MemTotal:        1844596 kB
MemFree:         1385248 kB
MemAvailable:    1540476 kB
Buffers:           40752 kB
Cached:           246864 kB
MemTotal:        1844596 kB
MemFree:         1385416 kB
MemAvailable:    1540644 kB
Buffers:           40752 kB
Cached:           246864 kB
MemTotal:        1844596 kB
MemFree:         1384072 kB
MemAvailable:    1539300 kB
Buffers:           40752 kB
Cached:           246864 kB
MemTotal:        1844596 kB
MemFree:         1384692 kB
MemAvailable:    1539920 kB
Buffers:           40752 kB
Cached:           246864 kB
MemTotal:        1844596 kB
MemFree:         1385028 kB
MemAvailable:    1540256 kB
Buffers:           40752 kB
Cached:           246864 kB
MemTotal:        1844596 kB
MemFree:         1385280 kB
MemAvailable:    1540508 kB
Buffers:           40752 kB
Cached:           246864 kB
MemTotal:        1844596 kB
MemFree:         1385028 kB
MemAvailable:    1540256 kB
Buffers:           40752 kB
Cached:           246864 kB
MemTotal:        1844596 kB
MemFree:         1385280 kB
MemAvailable:    1540508 kB
Buffers:           40752 kB
Cached:           246864 kB
MemTotal:        1844596 kB
MemFree:         1384980 kB
MemAvailable:    1540208 kB
Buffers:           40752 kB
Cached:           246864 kB
MemTotal:        1844596 kB
MemFree:         1385148 kB
MemAvailable:    1540376 kB
Buffers:           40752 kB
Cached:           246864 kB
MemTotal:        1844596 kB
MemFree:         1384880 kB
MemAvailable:    1540108 kB
Buffers:           40752 kB
Cached:           246864 kB
MemTotal:        1844596 kB
MemFree:         1385132 kB
MemAvailable:    1540360 kB
Buffers:           40752 kB
Cached:           246864 kB
MemTotal:        1844596 kB
MemFree:         1384884 kB
MemAvailable:    1540124 kB
Buffers:           40752 kB
Cached:           246876 kB
MemTotal:        1844596 kB
MemFree:         1384884 kB
MemAvailable:    1540124 kB
Buffers:           40752 kB
Cached:           246876 kB
MemTotal:        1844596 kB
MemFree:         1383520 kB
MemAvailable:    1538760 kB
Buffers:           40752 kB
Cached:           246876 kB
MemTotal:        1844596 kB
MemFree:         1382528 kB
MemAvailable:    1537768 kB
Buffers:           40752 kB
Cached:           246876 kB
MemTotal:        1844596 kB
MemFree:         1380172 kB
MemAvailable:    1535412 kB
Buffers:           40752 kB
Cached:           246876 kB
MemTotal:        1844596 kB
MemFree:         1377708 kB
MemAvailable:    1532948 kB
Buffers:           40752 kB
Cached:           246876 kB
MemTotal:        1844596 kB
MemFree:         1376128 kB
MemAvailable:    1531368 kB
Buffers:           40752 kB
Cached:           246876 kB
MemTotal:        1844596 kB
MemFree:         1376144 kB
MemAvailable:    1531384 kB
Buffers:           40752 kB
Cached:           246876 kB
MemTotal:        1844596 kB
MemFree:         1377136 kB
MemAvailable:    1532376 kB
Buffers:           40752 kB
Cached:           246876 kB
MemTotal:        1844596 kB
MemFree:         1376988 kB
MemAvailable:    1532228 kB
Buffers:           40752 kB
Cached:           246876 kB
MemTotal:        1844596 kB
MemFree:         1376824 kB
MemAvailable:    1532064 kB
Buffers:           40752 kB
Cached:           246876 kB
MemTotal:        1844596 kB
MemFree:         1376956 kB
MemAvailable:    1532196 kB
Buffers:           40752 kB
Cached:           246876 kB
MemTotal:        1844596 kB
MemFree:         1377208 kB
MemAvailable:    1532448 kB
Buffers:           40752 kB
Cached:           246876 kB
MemTotal:        1844596 kB
MemFree:         1376064 kB
MemAvailable:    1531304 kB
Buffers:           40752 kB
Cached:           246876 kB
MemTotal:        1844596 kB
MemFree:         1376992 kB
MemAvailable:    1532232 kB
Buffers:           40752 kB
Cached:           246876 kB
MemTotal:        1844596 kB
MemFree:         1377040 kB
MemAvailable:    1532280 kB
Buffers:           40752 kB
Cached:           246876 kB
MemTotal:        1844596 kB
MemFree:         1377040 kB
MemAvailable:    1532280 kB
Buffers:           40752 kB
Cached:           246876 kB
MemTotal:        1844596 kB
MemFree:         1376972 kB
MemAvailable:    1532212 kB
Buffers:           40752 kB
Cached:           246876 kB
MemTotal:        1844596 kB
MemFree:         1377056 kB
MemAvailable:    1532296 kB
Buffers:           40752 kB
Cached:           246876 kB
MemTotal:        1844596 kB
MemFree:         1377112 kB
MemAvailable:    1532352 kB
Buffers:           40752 kB
Cached:           246876 kB
MemTotal:        1844596 kB
MemFree:         1377324 kB
MemAvailable:    1532564 kB
Buffers:           40752 kB
Cached:           246876 kB
MemTotal:        1844596 kB
MemFree:         1376932 kB
MemAvailable:    1532172 kB
Buffers:           40752 kB
Cached:           246876 kB
MemTotal:        1844596 kB
MemFree:         1377184 kB
MemAvailable:    1532424 kB
Buffers:           40752 kB
Cached:           246876 kB
MemTotal:        1844596 kB
MemFree:         1376244 kB
MemAvailable:    1531484 kB
Buffers:           40752 kB
Cached:           246876 kB
MemTotal:        1844596 kB
MemFree:         1376244 kB
MemAvailable:    1531484 kB
Buffers:           40752 kB
Cached:           246876 kB
MemTotal:        1844596 kB
MemFree:         1375632 kB
MemAvailable:    1530872 kB
Buffers:           40752 kB
Cached:           246876 kB
MemTotal:        1844596 kB
MemFree:         1375524 kB
MemAvailable:    1530764 kB
Buffers:           40752 kB
Cached:           246876 kB
MemTotal:        1844596 kB
MemFree:         1375320 kB
MemAvailable:    1530560 kB
Buffers:           40752 kB
Cached:           246876 kB
MemTotal:        1844596 kB
MemFree:         1375320 kB
MemAvailable:    1530560 kB
Buffers:           40752 kB
Cached:           246876 kB
MemTotal:        1844596 kB
MemFree:         1374656 kB
MemAvailable:    1529896 kB
Buffers:           40752 kB
Cached:           246876 kB
MemTotal:        1844596 kB
MemFree:         1373152 kB
MemAvailable:    1528392 kB
Buffers:           40752 kB
Cached:           246876 kB
MemTotal:        1844596 kB
MemFree:         1374260 kB
MemAvailable:    1529500 kB
Buffers:           40752 kB
Cached:           246876 kB
MemTotal:        1844596 kB
MemFree:         1374260 kB
MemAvailable:    1529500 kB
Buffers:           40752 kB
Cached:           246876 kB
MemTotal:        1844596 kB
MemFree:         1372548 kB
MemAvailable:    1527788 kB
Buffers:           40752 kB
Cached:           246876 kB
MemTotal:        1844596 kB
MemFree:         1373780 kB
MemAvailable:    1529020 kB
Buffers:           40752 kB
Cached:           246876 kB
MemTotal:        1844596 kB
MemFree:         1373268 kB
MemAvailable:    1528508 kB
Buffers:           40752 kB
Cached:           246876 kB
MemTotal:        1844596 kB
MemFree:         1373268 kB
MemAvailable:    1528508 kB
Buffers:           40752 kB
Cached:           246876 kB
MemTotal:        1844596 kB
MemFree:         1371992 kB
MemAvailable:    1527232 kB
Buffers:           40752 kB
Cached:           246876 kB
MemTotal:        1844596 kB
MemFree:         1372116 kB
MemAvailable:    1527356 kB
Buffers:           40752 kB
Cached:           246876 kB
MemTotal:        1844596 kB
MemFree:         1373136 kB
MemAvailable:    1528376 kB
Buffers:           40752 kB
Cached:           246876 kB
MemTotal:        1844596 kB
MemFree:         1372796 kB
MemAvailable:    1528036 kB
Buffers:           40752 kB
Cached:           246876 kB
MemTotal:        1844596 kB
MemFree:         1372972 kB
MemAvailable:    1528212 kB
Buffers:           40752 kB
Cached:           246876 kB
MemTotal:        1844596 kB
MemFree:         1373224 kB
MemAvailable:    1528464 kB
Buffers:           40752 kB
Cached:           246876 kB
MemTotal:        1844596 kB
MemFree:         1371992 kB
MemAvailable:    1527232 kB
Buffers:           40752 kB
Cached:           246876 kB
MemTotal:        1844596 kB
MemFree:         1373168 kB
MemAvailable:    1528408 kB
Buffers:           40752 kB
Cached:           246876 kB
MemTotal:        1844596 kB
MemFree:         1372656 kB
MemAvailable:    1527896 kB
Buffers:           40752 kB
Cached:           246876 kB
MemTotal:        1844596 kB
MemFree:         1372740 kB
MemAvailable:    1527980 kB
Buffers:           40752 kB
Cached:           246876 kB
MemTotal:        1844596 kB
MemFree:         1372532 kB
MemAvailable:    1527772 kB
Buffers:           40752 kB
Cached:           246876 kB
MemTotal:        1844596 kB
MemFree:         1369084 kB
MemAvailable:    1524324 kB
Buffers:           40752 kB
Cached:           246876 kB
MemTotal:        1844596 kB
MemFree:         1363928 kB
MemAvailable:    1519168 kB
Buffers:           40752 kB
Cached:           246876 kB
MemTotal:        1844596 kB
MemFree:         1364056 kB
MemAvailable:    1519296 kB
Buffers:           40752 kB
Cached:           246876 kB
MemTotal:        1844596 kB
MemFree:         1363756 kB
MemAvailable:    1518996 kB
Buffers:           40752 kB
Cached:           246876 kB
MemTotal:        1844596 kB
MemFree:         1362448 kB
MemAvailable:    1517688 kB
Buffers:           40752 kB
Cached:           246876 kB
MemTotal:        1844596 kB
MemFree:         1363584 kB
MemAvailable:    1518824 kB
Buffers:           40752 kB
Cached:           246876 kB
MemTotal:        1844596 kB
MemFree:         1363584 kB
MemAvailable:    1518824 kB
Buffers:           40752 kB
Cached:           246876 kB
MemTotal:        1844596 kB
MemFree:         1363532 kB
MemAvailable:    1518772 kB
Buffers:           40752 kB
Cached:           246876 kB
MemTotal:        1844596 kB
MemFree:         1363680 kB
MemAvailable:    1518920 kB
Buffers:           40752 kB
Cached:           246876 kB
MemTotal:        1844596 kB
MemFree:         1364276 kB
MemAvailable:    1519516 kB
Buffers:           40752 kB
Cached:           246876 kB
MemTotal:        1844596 kB
MemFree:         1364020 kB
MemAvailable:    1519428 kB
Buffers:           40752 kB
Cached:           247000 kB
MemTotal:        1844596 kB
MemFree:         1365460 kB
MemAvailable:    1520868 kB
Buffers:           40752 kB
Cached:           247124 kB
MemTotal:        1844596 kB
MemFree:         1365548 kB
MemAvailable:    1520956 kB
Buffers:           40752 kB
Cached:           247124 kB
MemTotal:        1844596 kB
MemFree:         1365244 kB
MemAvailable:    1520904 kB
Buffers:           40752 kB
Cached:           247248 kB
MemTotal:        1844596 kB
MemFree:         1365148 kB
MemAvailable:    1520892 kB
Buffers:           40752 kB
Cached:           247372 kB
MemTotal:        1844596 kB
MemFree:         1364920 kB
MemAvailable:    1520748 kB
Buffers:           40752 kB
Cached:           247496 kB
MemTotal:        1844596 kB
MemFree:         1364996 kB
MemAvailable:    1520824 kB
Buffers:           40752 kB
Cached:           247496 kB
MemTotal:        1844596 kB
MemFree:         1365068 kB
MemAvailable:    1520896 kB
Buffers:           40752 kB
Cached:           247496 kB
MemTotal:        1844596 kB
MemFree:         1365044 kB
MemAvailable:    1520956 kB
Buffers:           40752 kB
Cached:           247496 kB
MemTotal:        1844596 kB
MemFree:         1364872 kB
MemAvailable:    1520784 kB
Buffers:           40752 kB
Cached:           247496 kB
MemTotal:        1844596 kB
MemFree:         1364116 kB
MemAvailable:    1520028 kB
Buffers:           40752 kB
Cached:           247496 kB
MemTotal:        1844596 kB
MemFree:         1364740 kB
MemAvailable:    1520652 kB
Buffers:           40752 kB
Cached:           247496 kB
MemTotal:        1844596 kB
MemFree:         1364908 kB
MemAvailable:    1520820 kB
Buffers:           40752 kB
Cached:           247496 kB
MemTotal:        1844596 kB
MemFree:         1364908 kB
MemAvailable:    1520820 kB
Buffers:           40752 kB
Cached:           247496 kB
MemTotal:        1844596 kB
MemFree:         1364872 kB
MemAvailable:    1520784 kB
Buffers:           40752 kB
Cached:           247620 kB
MemTotal:        1844596 kB
MemFree:         1365268 kB
MemAvailable:    1520592 kB
Buffers:           40752 kB
Cached:           246948 kB
MemTotal:        1844596 kB
MemFree:         1434668 kB
MemAvailable:    1589992 kB
Buffers:           40752 kB
Cached:           246948 kB
