MemTotal:        1844596 kB
MemFree:         1410020 kB
MemAvailable:    1564048 kB
Buffers:           40628 kB
Cached:           245888 kB
MemTotal:        1844596 kB
MemFree:         1406972 kB
MemAvailable:    1561000 kB
Buffers:           40628 kB
Cached:           245888 kB
MemTotal:        1844596 kB
MemFree:         1406484 kB
MemAvailable:    1560512 kB
Buffers:           40628 kB
Cached:           245888 kB
MemTotal:        1844596 kB
MemFree:         1405120 kB
MemAvailable:    1559148 kB
Buffers:           40628 kB
Cached:           245888 kB
MemTotal:        1844596 kB
MemFree:         1404924 kB
MemAvailable:    1558952 kB
Buffers:           40628 kB
Cached:           245888 kB
MemTotal:        1844596 kB
MemFree:         1404932 kB
MemAvailable:    1558960 kB
Buffers:           40628 kB
Cached:           245888 kB
MemTotal:        1844596 kB
MemFree:         1403756 kB
MemAvailable:    1557784 kB
Buffers:           40628 kB
Cached:           245888 kB
MemTotal:        1844596 kB
MemFree:         1403188 kB
MemAvailable:    1557216 kB
Buffers:           40628 kB
Cached:           245888 kB
MemTotal:        1844596 kB
MemFree:         1401028 kB
MemAvailable:    1555056 kB
Buffers:           40628 kB
Cached:           245888 kB
MemTotal:        1844596 kB
MemFree:         1399168 kB
MemAvailable:    1553196 kB
Buffers:           40628 kB
Cached:           245888 kB
MemTotal:        1844596 kB
MemFree:         1397556 kB
MemAvailable:    1551584 kB
Buffers:           40628 kB
Cached:           245888 kB
MemTotal:        1844596 kB
MemFree:         1394020 kB
MemAvailable:    1548048 kB
Buffers:           40628 kB
Cached:           245888 kB
MemTotal:        1844596 kB
MemFree:         1393588 kB
MemAvailable:    1547616 kB
Buffers:           40628 kB
Cached:           245888 kB
MemTotal:        1844596 kB
MemFree:         1393712 kB
MemAvailable:    1547740 kB
Buffers:           40628 kB
Cached:           245888 kB
MemTotal:        1844596 kB
MemFree:         1393960 kB
MemAvailable:    1547988 kB
Buffers:           40628 kB
Cached:           245888 kB
MemTotal:        1844596 kB
MemFree:         1393836 kB
MemAvailable:    1547864 kB
Buffers:           40628 kB
Cached:           245888 kB
MemTotal:        1844596 kB
MemFree:         1393960 kB
MemAvailable:    1547988 kB
Buffers:           40628 kB
Cached:           245888 kB
MemTotal:        1844596 kB
MemFree:         1393952 kB
MemAvailable:    1547980 kB
Buffers:           40628 kB
Cached:           245888 kB
MemTotal:        1844596 kB
MemFree:         1394456 kB
MemAvailable:    1548488 kB
Buffers:           40628 kB
Cached:           245892 kB
MemTotal:        1844596 kB
MemFree:         1393152 kB
MemAvailable:    1547184 kB
Buffers:           40628 kB
Cached:           245892 kB
MemTotal:        1844596 kB
MemFree:         1391852 kB
MemAvailable:    1545884 kB
Buffers:           40628 kB
Cached:           245892 kB
MemTotal:        1844596 kB
MemFree:         1392400 kB
MemAvailable:    1546432 kB
Buffers:           40628 kB
Cached:           245892 kB
MemTotal:        1844596 kB
MemFree:         1392652 kB
MemAvailable:    1546684 kB
Buffers:           40628 kB
Cached:           245892 kB
MemTotal:        1844596 kB
MemFree:         1391292 kB
MemAvailable:    1545324 kB
Buffers:           40628 kB
Cached:           245892 kB
MemTotal:        1844596 kB
MemFree:         1392532 kB
MemAvailable:    1546564 kB
Buffers:           40628 kB
Cached:           245892 kB
MemTotal:        1844596 kB
MemFree:         1391852 kB
MemAvailable:    1545884 kB
Buffers:           40628 kB
Cached:           245892 kB
MemTotal:        1844596 kB
MemFree:         1392520 kB
MemAvailable:    1546552 kB
Buffers:           40628 kB
Cached:           245892 kB
MemTotal:        1844596 kB
MemFree:         1392472 kB
MemAvailable:    1546504 kB
Buffers:           40628 kB
Cached:           245892 kB
MemTotal:        1844596 kB
MemFree:         1391844 kB
MemAvailable:    1545876 kB
Buffers:           40628 kB
Cached:           245892 kB
MemTotal:        1844596 kB
MemFree:         1392312 kB
MemAvailable:    1546344 kB
Buffers:           40628 kB
Cached:           245892 kB
MemTotal:        1844596 kB
MemFree:         1392648 kB
MemAvailable:    1546680 kB
Buffers:           40628 kB
Cached:           245892 kB
MemTotal:        1844596 kB
MemFree:         1392540 kB
MemAvailable:    1546572 kB
Buffers:           40628 kB
Cached:           245892 kB
MemTotal:        1844596 kB
MemFree:         1393528 kB
MemAvailable:    1547560 kB
Buffers:           40628 kB
Cached:           245892 kB
MemTotal:        1844596 kB
MemFree:         1391676 kB
MemAvailable:    1545708 kB
Buffers:           40628 kB
Cached:           245892 kB
MemTotal:        1844596 kB
MemFree:         1390920 kB
MemAvailable:    1544956 kB
Buffers:           40628 kB
Cached:           245896 kB
MemTotal:        1844596 kB
MemFree:         1389248 kB
MemAvailable:    1543284 kB
Buffers:           40628 kB
Cached:           245896 kB
MemTotal:        1844596 kB
MemFree:         1389116 kB
MemAvailable:    1543152 kB
Buffers:           40628 kB
Cached:           245896 kB
MemTotal:        1844596 kB
MemFree:         1389680 kB
MemAvailable:    1543716 kB
Buffers:           40628 kB
Cached:           245896 kB
MemTotal:        1844596 kB
MemFree:         1388124 kB
MemAvailable:    1542160 kB
Buffers:           40628 kB
Cached:           245896 kB
MemTotal:        1844596 kB
MemFree:         1388452 kB
MemAvailable:    1542488 kB
Buffers:           40628 kB
Cached:           245896 kB
MemTotal:        1844596 kB
MemFree:         1388688 kB
MemAvailable:    1542724 kB
Buffers:           40628 kB
Cached:           245896 kB
MemTotal:        1844596 kB
MemFree:         1388348 kB
MemAvailable:    1542384 kB
Buffers:           40628 kB
Cached:           245896 kB
MemTotal:        1844596 kB
MemFree:         1388684 kB
MemAvailable:    1542720 kB
Buffers:           40628 kB
Cached:           245896 kB
MemTotal:        1844596 kB
MemFree:         1388424 kB
MemAvailable:    1542460 kB
Buffers:           40628 kB
Cached:           245896 kB
MemTotal:        1844596 kB
MemFree:         1388612 kB
MemAvailable:    1542648 kB
Buffers:           40628 kB
Cached:           245896 kB
MemTotal:        1844596 kB
MemFree:         1388348 kB
MemAvailable:    1542384 kB
Buffers:           40628 kB
Cached:           245896 kB
MemTotal:        1844596 kB
MemFree:         1388432 kB
MemAvailable:    1542468 kB
Buffers:           40628 kB
Cached:           245896 kB
MemTotal:        1844596 kB
MemFree:         1387968 kB
MemAvailable:    1542004 kB
Buffers:           40628 kB
Cached:           245896 kB
MemTotal:        1844596 kB
MemFree:         1388304 kB
MemAvailable:    1542340 kB
Buffers:           40628 kB
Cached:           245896 kB
MemTotal:        1844596 kB
MemFree:         1387696 kB
MemAvailable:    1541732 kB
Buffers:           40628 kB
Cached:           245896 kB
MemTotal:        1844596 kB
MemFree:         1386892 kB
MemAvailable:    1540928 kB
Buffers:           40628 kB
Cached:           245896 kB
MemTotal:        1844596 kB
MemFree:         1387560 kB
MemAvailable:    1541596 kB
Buffers:           40628 kB
Cached:           245896 kB
MemTotal:        1844596 kB
MemFree:         1386264 kB
MemAvailable:    1540300 kB
Buffers:           40628 kB
Cached:           245896 kB
MemTotal:        1844596 kB
MemFree:         1387504 kB
MemAvailable:    1541540 kB
Buffers:           40628 kB
Cached:           245896 kB
MemTotal:        1844596 kB
MemFree:         1386388 kB
MemAvailable:    1540424 kB
Buffers:           40628 kB
Cached:           245896 kB
MemTotal:        1844596 kB
MemFree:         1387488 kB
MemAvailable:    1541524 kB
Buffers:           40628 kB
Cached:           245896 kB
MemTotal:        1844596 kB
MemFree:         1387636 kB
MemAvailable:    1541672 kB
Buffers:           40628 kB
Cached:           245896 kB
MemTotal:        1844596 kB
MemFree:         1387440 kB
MemAvailable:    1541476 kB
Buffers:           40628 kB
Cached:           245896 kB
MemTotal:        1844596 kB
MemFree:         1387332 kB
MemAvailable:    1541368 kB
Buffers:           40628 kB
Cached:           245896 kB
MemTotal:        1844596 kB
MemFree:         1386760 kB
MemAvailable:    1540796 kB
Buffers:           40628 kB
Cached:           245896 kB
MemTotal:        1844596 kB
MemFree:         1387360 kB
MemAvailable:    1541396 kB
Buffers:           40628 kB
Cached:           245896 kB
MemTotal:        1844596 kB
MemFree:         1387304 kB
MemAvailable:    1541340 kB
Buffers:           40628 kB
Cached:           245896 kB
MemTotal:        1844596 kB
MemFree:         1387116 kB
MemAvailable:    1541156 kB
Buffers:           40628 kB
Cached:           245900 kB
MemTotal:        1844596 kB
MemFree:         1387116 kB
MemAvailable:    1541156 kB
Buffers:           40628 kB
Cached:           245900 kB
MemTotal:        1844596 kB
MemFree:         1385588 kB
MemAvailable:    1539628 kB
Buffers:           40628 kB
Cached:           245900 kB
MemTotal:        1844596 kB
MemFree:         1386032 kB
MemAvailable:    1540072 kB
Buffers:           40628 kB
Cached:           245900 kB
MemTotal:        1844596 kB
MemFree:         1386620 kB
MemAvailable:    1540660 kB
Buffers:           40628 kB
Cached:           245900 kB
MemTotal:        1844596 kB
MemFree:         1386620 kB
MemAvailable:    1540660 kB
Buffers:           40628 kB
Cached:           245900 kB
MemTotal:        1844596 kB
MemFree:         1385208 kB
MemAvailable:    1539248 kB
Buffers:           40628 kB
Cached:           245900 kB
MemTotal:        1844596 kB
MemFree:         1385340 kB
MemAvailable:    1539380 kB
Buffers:           40628 kB
Cached:           245900 kB
MemTotal:        1844596 kB
MemFree:         1386516 kB
MemAvailable:    1540556 kB
Buffers:           40628 kB
Cached:           245900 kB
MemTotal:        1844596 kB
MemFree:         1385528 kB
MemAvailable:    1539568 kB
Buffers:           40628 kB
Cached:           245900 kB
MemTotal:        1844596 kB
MemFree:         1386468 kB
MemAvailable:    1540508 kB
Buffers:           40628 kB
Cached:           245900 kB
MemTotal:        1844596 kB
MemFree:         1386440 kB
MemAvailable:    1540480 kB
Buffers:           40628 kB
Cached:           245900 kB
MemTotal:        1844596 kB
MemFree:         1386364 kB
MemAvailable:    1540404 kB
Buffers:           40628 kB
Cached:           245900 kB
MemTotal:        1844596 kB
MemFree:         1386616 kB
MemAvailable:    1540656 kB
Buffers:           40628 kB
Cached:           245900 kB
MemTotal:        1844596 kB
MemFree:         1386200 kB
MemAvailable:    1540240 kB
Buffers:           40628 kB
Cached:           245900 kB
MemTotal:        1844596 kB
MemFree:         1386452 kB
MemAvailable:    1540492 kB
Buffers:           40628 kB
Cached:           245900 kB
MemTotal:        1844596 kB
MemFree:         1386068 kB
MemAvailable:    1540108 kB
Buffers:           40628 kB
Cached:           245900 kB
MemTotal:        1844596 kB
MemFree:         1386404 kB
MemAvailable:    1540444 kB
Buffers:           40628 kB
Cached:           245900 kB
MemTotal:        1844596 kB
MemFree:         1384208 kB
MemAvailable:    1538248 kB
Buffers:           40628 kB
Cached:           245900 kB
MemTotal:        1844596 kB
MemFree:         1381064 kB
MemAvailable:    1535104 kB
Buffers:           40628 kB
Cached:           245900 kB
MemTotal:        1844596 kB
MemFree:         1378932 kB
MemAvailable:    1532972 kB
Buffers:           40628 kB
Cached:           245900 kB
MemTotal:        1844596 kB
MemFree:         1379184 kB
MemAvailable:    1533224 kB
Buffers:           40628 kB
Cached:           245900 kB
MemTotal:        1844596 kB
MemFree:         1377576 kB
MemAvailable:    1531616 kB
Buffers:           40628 kB
Cached:           245900 kB
MemTotal:        1844596 kB
MemFree:         1377716 kB
MemAvailable:    1531756 kB
Buffers:           40628 kB
Cached:           245900 kB
MemTotal:        1844596 kB
MemFree:         1377344 kB
MemAvailable:    1531384 kB
Buffers:           40628 kB
Cached:           245900 kB
MemTotal:        1844596 kB
MemFree:         1377336 kB
MemAvailable:    1531376 kB
Buffers:           40628 kB
Cached:           245900 kB
MemTotal:        1844596 kB
MemFree:         1377336 kB
MemAvailable:    1531376 kB
Buffers:           40628 kB
Cached:           245900 kB
MemTotal:        1844596 kB
MemFree:         1378304 kB
MemAvailable:    1532344 kB
Buffers:           40628 kB
Cached:           245900 kB
MemTotal:        1844596 kB
MemFree:         1378304 kB
MemAvailable:    1532344 kB
Buffers:           40628 kB
Cached:           245900 kB
MemTotal:        1844596 kB
MemFree:         1377192 kB
MemAvailable:    1531232 kB
Buffers:           40628 kB
Cached:           245900 kB
MemTotal:        1844596 kB
MemFree:         1377972 kB
MemAvailable:    1532012 kB
Buffers:           40628 kB
Cached:           245900 kB
MemTotal:        1844596 kB
MemFree:         1378412 kB
MemAvailable:    1532452 kB
Buffers:           40628 kB
Cached:           245900 kB
MemTotal:        1844596 kB
MemFree:         1378468 kB
MemAvailable:    1532508 kB
Buffers:           40628 kB
Cached:           245900 kB
MemTotal:        1844596 kB
MemFree:         1377716 kB
MemAvailable:    1531756 kB
Buffers:           40628 kB
Cached:           245900 kB
MemTotal:        1844596 kB
MemFree:         1378420 kB
MemAvailable:    1532464 kB
Buffers:           40628 kB
Cached:           245904 kB
MemTotal:        1844596 kB
MemFree:         1377592 kB
MemAvailable:    1531636 kB
Buffers:           40628 kB
Cached:           245904 kB
MemTotal:        1844596 kB
MemFree:         1378260 kB
MemAvailable:    1532304 kB
Buffers:           40628 kB
Cached:           245904 kB
MemTotal:        1844596 kB
MemFree:         1378468 kB
MemAvailable:    1532512 kB
Buffers:           40628 kB
Cached:           245904 kB
MemTotal:        1844596 kB
MemFree:         1377816 kB
MemAvailable:    1531860 kB
Buffers:           40628 kB
Cached:           245904 kB
MemTotal:        1844596 kB
MemFree:         1377816 kB
MemAvailable:    1531860 kB
Buffers:           40628 kB
Cached:           245904 kB
MemTotal:        1844596 kB
MemFree:         1377312 kB
MemAvailable:    1531356 kB
Buffers:           40628 kB
Cached:           245904 kB
MemTotal:        1844596 kB
MemFree:         1377564 kB
MemAvailable:    1531608 kB
Buffers:           40628 kB
Cached:           245904 kB
MemTotal:        1844596 kB
MemFree:         1375732 kB
MemAvailable:    1529776 kB
Buffers:           40628 kB
Cached:           245904 kB
MemTotal:        1844596 kB
MemFree:         1375592 kB
MemAvailable:    1529636 kB
Buffers:           40628 kB
Cached:           245904 kB
MemTotal:        1844596 kB
MemFree:         1376452 kB
MemAvailable:    1530496 kB
Buffers:           40628 kB
Cached:           245904 kB
MemTotal:        1844596 kB
MemFree:         1376452 kB
MemAvailable:    1530496 kB
Buffers:           40628 kB
Cached:           245904 kB
MemTotal:        1844596 kB
MemFree:         1376044 kB
MemAvailable:    1530088 kB
Buffers:           40628 kB
Cached:           245904 kB
MemTotal:        1844596 kB
MemFree:         1374484 kB
MemAvailable:    1528528 kB
Buffers:           40628 kB
Cached:           245904 kB
MemTotal:        1844596 kB
MemFree:         1375112 kB
MemAvailable:    1529156 kB
Buffers:           40628 kB
Cached:           245904 kB
MemTotal:        1844596 kB
MemFree:         1375112 kB
MemAvailable:    1529156 kB
Buffers:           40628 kB
Cached:           245904 kB
MemTotal:        1844596 kB
MemFree:         1374964 kB
MemAvailable:    1529008 kB
Buffers:           40628 kB
Cached:           245904 kB
MemTotal:        1844596 kB
MemFree:         1374964 kB
MemAvailable:    1529008 kB
Buffers:           40628 kB
Cached:           245904 kB
MemTotal:        1844596 kB
MemFree:         1374568 kB
MemAvailable:    1528612 kB
Buffers:           40628 kB
Cached:           245904 kB
MemTotal:        1844596 kB
MemFree:         1374776 kB
MemAvailable:    1528820 kB
Buffers:           40628 kB
Cached:           245904 kB
MemTotal:        1844596 kB
MemFree:         1374544 kB
MemAvailable:    1528588 kB
Buffers:           40628 kB
Cached:           245904 kB
MemTotal:        1844596 kB
MemFree:         1374760 kB
MemAvailable:    1528804 kB
Buffers:           40628 kB
Cached:           245904 kB
MemTotal:        1844596 kB
MemFree:         1373872 kB
MemAvailable:    1527916 kB
Buffers:           40628 kB
Cached:           245904 kB
MemTotal:        1844596 kB
MemFree:         1374800 kB
MemAvailable:    1528844 kB
Buffers:           40628 kB
Cached:           245904 kB
MemTotal:        1844596 kB
MemFree:         1374592 kB
MemAvailable:    1528636 kB
Buffers:           40628 kB
Cached:           245904 kB
MemTotal:        1844596 kB
MemFree:         1374676 kB
MemAvailable:    1528720 kB
Buffers:           40628 kB
Cached:           245904 kB
MemTotal:        1844596 kB
MemFree:         1374456 kB
MemAvailable:    1528500 kB
Buffers:           40628 kB
Cached:           245904 kB
MemTotal:        1844596 kB
MemFree:         1374492 kB
MemAvailable:    1528536 kB
Buffers:           40628 kB
Cached:           245904 kB
MemTotal:        1844596 kB
MemFree:         1374180 kB
MemAvailable:    1528224 kB
Buffers:           40628 kB
Cached:           245904 kB
MemTotal:        1844596 kB
MemFree:         1372748 kB
MemAvailable:    1526792 kB
Buffers:           40628 kB
Cached:           245904 kB
MemTotal:        1844596 kB
MemFree:         1372748 kB
MemAvailable:    1526792 kB
Buffers:           40628 kB
Cached:           245904 kB
MemTotal:        1844596 kB
MemFree:         1365804 kB
MemAvailable:    1519848 kB
Buffers:           40628 kB
Cached:           245904 kB
MemTotal:        1844596 kB
MemFree:         1366036 kB
MemAvailable:    1520164 kB
Buffers:           40628 kB
Cached:           246028 kB
MemTotal:        1844596 kB
MemFree:         1366120 kB
MemAvailable:    1520248 kB
Buffers:           40628 kB
Cached:           246028 kB
MemTotal:        1844596 kB
MemFree:         1365856 kB
MemAvailable:    1520152 kB
Buffers:           40628 kB
Cached:           246152 kB
MemTotal:        1844596 kB
MemFree:         1365724 kB
MemAvailable:    1520020 kB
Buffers:           40628 kB
Cached:           246276 kB
MemTotal:        1844596 kB
MemFree:         1364424 kB
MemAvailable:    1518888 kB
Buffers:           40628 kB
Cached:           246400 kB
MemTotal:        1844596 kB
MemFree:         1365068 kB
MemAvailable:    1519616 kB
Buffers:           40628 kB
Cached:           246400 kB
MemTotal:        1844596 kB
MemFree:         1365360 kB
MemAvailable:    1519992 kB
Buffers:           40628 kB
Cached:           246400 kB
MemTotal:        1844596 kB
MemFree:         1365528 kB
MemAvailable:    1520160 kB
Buffers:           40628 kB
Cached:           246400 kB
MemTotal:        1844596 kB
MemFree:         1365352 kB
MemAvailable:    1519984 kB
Buffers:           40628 kB
Cached:           246524 kB
MemTotal:        1844596 kB
MemFree:         1365416 kB
MemAvailable:    1520048 kB
Buffers:           40628 kB
Cached:           246524 kB
MemTotal:        1844596 kB
MemFree:         1364820 kB
MemAvailable:    1519452 kB
Buffers:           40628 kB
Cached:           246524 kB
MemTotal:        1844596 kB
MemFree:         1365364 kB
MemAvailable:    1519996 kB
Buffers:           40628 kB
Cached:           246524 kB
MemTotal:        1844596 kB
MemFree:         1365616 kB
MemAvailable:    1520248 kB
Buffers:           40628 kB
Cached:           246524 kB
MemTotal:        1844596 kB
MemFree:         1365484 kB
MemAvailable:    1520116 kB
Buffers:           40628 kB
Cached:           246524 kB
MemTotal:        1844596 kB
MemFree:         1364564 kB
MemAvailable:    1519196 kB
Buffers:           40628 kB
Cached:           246524 kB
MemTotal:        1844596 kB
MemFree:         1365356 kB
MemAvailable:    1520072 kB
Buffers:           40628 kB
Cached:           246524 kB
MemTotal:        1844596 kB
MemFree:         1364688 kB
MemAvailable:    1518732 kB
Buffers:           40628 kB
Cached:           245892 kB
MemTotal:        1844596 kB
MemFree:         1435700 kB
MemAvailable:    1589772 kB
Buffers:           40628 kB
Cached:           245964 kB
