MemTotal:        1844596 kB
MemFree:         1557124 kB
MemAvailable:    1580520 kB
Buffers:           23564 kB
Cached:           130652 kB
MemTotal:        1844596 kB
MemFree:         1555180 kB
MemAvailable:    1578576 kB
Buffers:           23564 kB
Cached:           130652 kB
MemTotal:        1844596 kB
MemFree:         1554180 kB
MemAvailable:    1577576 kB
Buffers:           23564 kB
Cached:           130652 kB
MemTotal:        1844596 kB
MemFree:         1554180 kB
MemAvailable:    1577576 kB
Buffers:           23564 kB
Cached:           130652 kB
MemTotal:        1844596 kB
MemFree:         1552948 kB
MemAvailable:    1576344 kB
Buffers:           23564 kB
Cached:           130652 kB
MemTotal:        1844596 kB
MemFree:         1552760 kB
MemAvailable:    1576156 kB
Buffers:           23564 kB
Cached:           130652 kB
MemTotal:        1844596 kB
MemFree:         1550716 kB
MemAvailable:    1574112 kB
Buffers:           23564 kB
Cached:           130652 kB
MemTotal:        1844596 kB
MemFree:         1548980 kB
MemAvailable:    1572376 kB
Buffers:           23564 kB
Cached:           130652 kB
MemTotal:        1844596 kB
MemFree:         1545756 kB
MemAvailable:    1569152 kB
Buffers:           23564 kB
Cached:           130652 kB
MemTotal:        1844596 kB
MemFree:         1543708 kB
MemAvailable:    1567104 kB
Buffers:           23564 kB
Cached:           130652 kB
MemTotal:        1844596 kB
MemFree:         1542700 kB
MemAvailable:    1566096 kB
Buffers:           23564 kB
Cached:           130652 kB
MemTotal:        1844596 kB
MemFree:         1542952 kB
MemAvailable:    1566348 kB
Buffers:           23564 kB
Cached:           130652 kB
MemTotal:        1844596 kB
MemFree:         1542784 kB
MemAvailable:    1566180 kB
Buffers:           23564 kB
Cached:           130652 kB
MemTotal:        1844596 kB
MemFree:         1542780 kB
MemAvailable:    1566176 kB
Buffers:           23564 kB
Cached:           130652 kB
MemTotal:        1844596 kB
MemFree:         1542408 kB
MemAvailable:    1565804 kB
Buffers:           23564 kB
Cached:           130652 kB
MemTotal:        1844596 kB
MemFree:         1542628 kB
MemAvailable:    1566024 kB
Buffers:           23564 kB
Cached:           130652 kB
MemTotal:        1844596 kB
MemFree:         1542712 kB
MemAvailable:    1566108 kB
Buffers:           23564 kB
Cached:           130652 kB
MemTotal:        1844596 kB
MemFree:         1541144 kB
MemAvailable:    1564540 kB
Buffers:           23564 kB
Cached:           130652 kB
MemTotal:        1844596 kB
MemFree:         1541104 kB
MemAvailable:    1564500 kB
Buffers:           23564 kB
Cached:           130652 kB
MemTotal:        1844596 kB
MemFree:         1540408 kB
MemAvailable:    1563804 kB
Buffers:           23564 kB
Cached:           130652 kB
MemTotal:        1844596 kB
MemFree:         1540300 kB
MemAvailable:    1563696 kB
Buffers:           23564 kB
Cached:           130652 kB
MemTotal:        1844596 kB
MemFree:         1540148 kB
MemAvailable:    1563544 kB
Buffers:           23564 kB
Cached:           130652 kB
MemTotal:        1844596 kB
MemFree:         1540484 kB
MemAvailable:    1563880 kB
Buffers:           23564 kB
Cached:           130652 kB
MemTotal:        1844596 kB
MemFree:         1540300 kB
MemAvailable:    1563696 kB
Buffers:           23564 kB
Cached:           130652 kB
MemTotal:        1844596 kB
MemFree:         1539548 kB
MemAvailable:    1562944 kB
Buffers:           23564 kB
Cached:           130652 kB
MemTotal:        1844596 kB
MemFree:         1540100 kB
MemAvailable:    1563496 kB
Buffers:           23564 kB
Cached:           130652 kB
MemTotal:        1844596 kB
MemFree:         1540436 kB
MemAvailable:    1563832 kB
Buffers:           23564 kB
Cached:           130652 kB
MemTotal:        1844596 kB
MemFree:         1539028 kB
MemAvailable:    1562424 kB
Buffers:           23564 kB
Cached:           130652 kB
MemTotal:        1844596 kB
MemFree:         1541588 kB
MemAvailable:    1564984 kB
Buffers:           23564 kB
Cached:           130652 kB
MemTotal:        1844596 kB
MemFree:         1541588 kB
MemAvailable:    1564984 kB
Buffers:           23564 kB
Cached:           130652 kB
MemTotal:        1844596 kB
MemFree:         1541608 kB
MemAvailable:    1565004 kB
Buffers:           23564 kB
Cached:           130652 kB
MemTotal:        1844596 kB
MemFree:         1539664 kB
MemAvailable:    1563060 kB
Buffers:           23564 kB
Cached:           130652 kB
MemTotal:        1844596 kB
MemFree:         1539752 kB
MemAvailable:    1563148 kB
Buffers:           23564 kB
Cached:           130652 kB
MemTotal:        1844596 kB
MemFree:         1538252 kB
MemAvailable:    1561648 kB
Buffers:           23564 kB
Cached:           130652 kB
MemTotal:        1844596 kB
MemFree:         1536952 kB
MemAvailable:    1560348 kB
Buffers:           23564 kB
Cached:           130652 kB
MemTotal:        1844596 kB
MemFree:         1537176 kB
MemAvailable:    1560572 kB
Buffers:           23564 kB
Cached:           130652 kB
MemTotal:        1844596 kB
MemFree:         1537512 kB
MemAvailable:    1560908 kB
Buffers:           23564 kB
Cached:           130652 kB
MemTotal:        1844596 kB
MemFree:         1536632 kB
MemAvailable:    1560028 kB
Buffers:           23564 kB
Cached:           130652 kB
MemTotal:        1844596 kB
MemFree:         1536316 kB
MemAvailable:    1559712 kB
Buffers:           23564 kB
Cached:           130652 kB
MemTotal:        1844596 kB
MemFree:         1536208 kB
MemAvailable:    1559604 kB
Buffers:           23564 kB
Cached:           130652 kB
MemTotal:        1844596 kB
MemFree:         1536088 kB
MemAvailable:    1559484 kB
Buffers:           23564 kB
Cached:           130652 kB
MemTotal:        1844596 kB
MemFree:         1535032 kB
MemAvailable:    1558428 kB
Buffers:           23564 kB
Cached:           130652 kB
MemTotal:        1844596 kB
MemFree:         1535024 kB
MemAvailable:    1558420 kB
Buffers:           23564 kB
Cached:           130652 kB
MemTotal:        1844596 kB
MemFree:         1536028 kB
MemAvailable:    1559428 kB
Buffers:           23564 kB
Cached:           130656 kB
MemTotal:        1844596 kB
MemFree:         1536196 kB
MemAvailable:    1559596 kB
Buffers:           23564 kB
Cached:           130656 kB
MemTotal:        1844596 kB
MemFree:         1535960 kB
MemAvailable:    1559364 kB
Buffers:           23564 kB
Cached:           130660 kB
MemTotal:        1844596 kB
MemFree:         1534588 kB
MemAvailable:    1557992 kB
Buffers:           23564 kB
Cached:           130660 kB
MemTotal:        1844596 kB
MemFree:         1535228 kB
MemAvailable:    1558632 kB
Buffers:           23564 kB
Cached:           130660 kB
MemTotal:        1844596 kB
MemFree:         1534936 kB
MemAvailable:    1558340 kB
Buffers:           23564 kB
Cached:           130660 kB
MemTotal:        1844596 kB
MemFree:         1535292 kB
MemAvailable:    1558696 kB
Buffers:           23564 kB
Cached:           130660 kB
MemTotal:        1844596 kB
MemFree:         1535132 kB
MemAvailable:    1558536 kB
Buffers:           23564 kB
Cached:           130660 kB
MemTotal:        1844596 kB
MemFree:         1533928 kB
MemAvailable:    1557332 kB
Buffers:           23564 kB
Cached:           130660 kB
MemTotal:        1844596 kB
MemFree:         1535416 kB
MemAvailable:    1558820 kB
Buffers:           23564 kB
Cached:           130660 kB
MemTotal:        1844596 kB
MemFree:         1534176 kB
MemAvailable:    1557580 kB
Buffers:           23564 kB
Cached:           130660 kB
MemTotal:        1844596 kB
MemFree:         1534052 kB
MemAvailable:    1557456 kB
Buffers:           23564 kB
Cached:           130660 kB
MemTotal:        1844596 kB
MemFree:         1535228 kB
MemAvailable:    1558632 kB
Buffers:           23564 kB
Cached:           130660 kB
MemTotal:        1844596 kB
MemFree:         1534440 kB
MemAvailable:    1557844 kB
Buffers:           23564 kB
Cached:           130660 kB
MemTotal:        1844596 kB
MemFree:         1534908 kB
MemAvailable:    1558312 kB
Buffers:           23564 kB
Cached:           130660 kB
MemTotal:        1844596 kB
MemFree:         1535244 kB
MemAvailable:    1558648 kB
Buffers:           23564 kB
Cached:           130660 kB
MemTotal:        1844596 kB
MemFree:         1534776 kB
MemAvailable:    1558180 kB
Buffers:           23564 kB
Cached:           130660 kB
MemTotal:        1844596 kB
MemFree:         1534776 kB
MemAvailable:    1558180 kB
Buffers:           23564 kB
Cached:           130660 kB
MemTotal:        1844596 kB
MemFree:         1534476 kB
MemAvailable:    1557880 kB
Buffers:           23564 kB
Cached:           130660 kB
MemTotal:        1844596 kB
MemFree:         1534436 kB
MemAvailable:    1557840 kB
Buffers:           23564 kB
Cached:           130660 kB
MemTotal:        1844596 kB
MemFree:         1533128 kB
MemAvailable:    1556532 kB
Buffers:           23564 kB
Cached:           130660 kB
MemTotal:        1844596 kB
MemFree:         1534304 kB
MemAvailable:    1557708 kB
Buffers:           23564 kB
Cached:           130660 kB
MemTotal:        1844596 kB
MemFree:         1532996 kB
MemAvailable:    1556400 kB
Buffers:           23564 kB
Cached:           130660 kB
MemTotal:        1844596 kB
MemFree:         1533972 kB
MemAvailable:    1557376 kB
Buffers:           23564 kB
Cached:           130660 kB
MemTotal:        1844596 kB
MemFree:         1534308 kB
MemAvailable:    1557712 kB
Buffers:           23564 kB
Cached:           130660 kB
MemTotal:        1844596 kB
MemFree:         1534012 kB
MemAvailable:    1557416 kB
Buffers:           23564 kB
Cached:           130660 kB
MemTotal:        1844596 kB
MemFree:         1534096 kB
MemAvailable:    1557500 kB
Buffers:           23564 kB
Cached:           130660 kB
MemTotal:        1844596 kB
MemFree:         1534136 kB
MemAvailable:    1557540 kB
Buffers:           23564 kB
Cached:           130660 kB
MemTotal:        1844596 kB
MemFree:         1533048 kB
MemAvailable:    1556452 kB
Buffers:           23564 kB
Cached:           130660 kB
MemTotal:        1844596 kB
MemFree:         1534032 kB
MemAvailable:    1557436 kB
Buffers:           23564 kB
Cached:           130660 kB
MemTotal:        1844596 kB
MemFree:         1534116 kB
MemAvailable:    1557520 kB
Buffers:           23564 kB
Cached:           130660 kB
MemTotal:        1844596 kB
MemFree:         1531696 kB
MemAvailable:    1555100 kB
Buffers:           23564 kB
Cached:           130660 kB
MemTotal:        1844596 kB
MemFree:         1531340 kB
MemAvailable:    1554744 kB
Buffers:           23564 kB
Cached:           130660 kB
MemTotal:        1844596 kB
MemFree:         1527984 kB
MemAvailable:    1551388 kB
Buffers:           23564 kB
Cached:           130660 kB
MemTotal:        1844596 kB
MemFree:         1527364 kB
MemAvailable:    1550768 kB
Buffers:           23564 kB
Cached:           130660 kB
MemTotal:        1844596 kB
MemFree:         1526488 kB
MemAvailable:    1549892 kB
Buffers:           23564 kB
Cached:           130660 kB
MemTotal:        1844596 kB
MemFree:         1526488 kB
MemAvailable:    1549892 kB
Buffers:           23564 kB
Cached:           130660 kB
MemTotal:        1844596 kB
MemFree:         1526168 kB
MemAvailable:    1549572 kB
Buffers:           23564 kB
Cached:           130660 kB
MemTotal:        1844596 kB
MemFree:         1525120 kB
MemAvailable:    1548524 kB
Buffers:           23564 kB
Cached:           130660 kB
MemTotal:        1844596 kB
MemFree:         1526116 kB
MemAvailable:    1549520 kB
Buffers:           23564 kB
Cached:           130660 kB
MemTotal:        1844596 kB
MemFree:         1524684 kB
MemAvailable:    1548088 kB
Buffers:           23576 kB
Cached:           130648 kB
MemTotal:        1844596 kB
MemFree:         1524816 kB
MemAvailable:    1548220 kB
Buffers:           23576 kB
Cached:           130648 kB
MemTotal:        1844596 kB
MemFree:         1526284 kB
MemAvailable:    1549688 kB
Buffers:           23576 kB
Cached:           130648 kB
MemTotal:        1844596 kB
MemFree:         1525264 kB
MemAvailable:    1548668 kB
Buffers:           23576 kB
Cached:           130648 kB
MemTotal:        1844596 kB
MemFree:         1526072 kB
MemAvailable:    1549476 kB
Buffers:           23576 kB
Cached:           130648 kB
MemTotal:        1844596 kB
MemFree:         1526328 kB
MemAvailable:    1549732 kB
Buffers:           23576 kB
Cached:           130648 kB
MemTotal:        1844596 kB
MemFree:         1526116 kB
MemAvailable:    1549520 kB
Buffers:           23576 kB
Cached:           130648 kB
MemTotal:        1844596 kB
MemFree:         1524884 kB
MemAvailable:    1548288 kB
Buffers:           23576 kB
Cached:           130648 kB
MemTotal:        1844596 kB
MemFree:         1525380 kB
MemAvailable:    1548784 kB
Buffers:           23576 kB
Cached:           130648 kB
MemTotal:        1844596 kB
MemFree:         1526432 kB
MemAvailable:    1549848 kB
Buffers:           23576 kB
Cached:           130660 kB
MemTotal:        1844596 kB
MemFree:         1525264 kB
MemAvailable:    1548680 kB
Buffers:           23576 kB
Cached:           130660 kB
MemTotal:        1844596 kB
MemFree:         1525496 kB
MemAvailable:    1548912 kB
Buffers:           23576 kB
Cached:           130660 kB
MemTotal:        1844596 kB
MemFree:         1525496 kB
MemAvailable:    1548912 kB
Buffers:           23576 kB
Cached:           130660 kB
MemTotal:        1844596 kB
MemFree:         1524876 kB
MemAvailable:    1548292 kB
Buffers:           23576 kB
Cached:           130660 kB
MemTotal:        1844596 kB
MemFree:         1524876 kB
MemAvailable:    1548292 kB
Buffers:           23576 kB
Cached:           130660 kB
MemTotal:        1844596 kB
MemFree:         1524768 kB
MemAvailable:    1548184 kB
Buffers:           23576 kB
Cached:           130660 kB
MemTotal:        1844596 kB
MemFree:         1523272 kB
MemAvailable:    1546688 kB
Buffers:           23576 kB
Cached:           130660 kB
MemTotal:        1844596 kB
MemFree:         1523008 kB
MemAvailable:    1546424 kB
Buffers:           23576 kB
Cached:           130660 kB
MemTotal:        1844596 kB
MemFree:         1523132 kB
MemAvailable:    1546548 kB
Buffers:           23576 kB
Cached:           130660 kB
MemTotal:        1844596 kB
MemFree:         1523184 kB
MemAvailable:    1546600 kB
Buffers:           23576 kB
Cached:           130660 kB
MemTotal:        1844596 kB
MemFree:         1523156 kB
MemAvailable:    1546572 kB
Buffers:           23576 kB
Cached:           130660 kB
MemTotal:        1844596 kB
MemFree:         1522644 kB
MemAvailable:    1546060 kB
Buffers:           23576 kB
Cached:           130660 kB
MemTotal:        1844596 kB
MemFree:         1522288 kB
MemAvailable:    1545704 kB
Buffers:           23576 kB
Cached:           130660 kB
MemTotal:        1844596 kB
MemFree:         1521240 kB
MemAvailable:    1544656 kB
Buffers:           23576 kB
Cached:           130660 kB
MemTotal:        1844596 kB
MemFree:         1522712 kB
MemAvailable:    1546128 kB
Buffers:           23576 kB
Cached:           130660 kB
MemTotal:        1844596 kB
MemFree:         1522212 kB
MemAvailable:    1545628 kB
Buffers:           23576 kB
Cached:           130660 kB
MemTotal:        1844596 kB
MemFree:         1521860 kB
MemAvailable:    1545276 kB
Buffers:           23576 kB
Cached:           130660 kB
MemTotal:        1844596 kB
MemFree:         1522248 kB
MemAvailable:    1545664 kB
Buffers:           23576 kB
Cached:           130660 kB
MemTotal:        1844596 kB
MemFree:         1522224 kB
MemAvailable:    1545640 kB
Buffers:           23576 kB
Cached:           130660 kB
MemTotal:        1844596 kB
MemFree:         1521000 kB
MemAvailable:    1544416 kB
Buffers:           23576 kB
Cached:           130660 kB
MemTotal:        1844596 kB
MemFree:         1521000 kB
MemAvailable:    1544416 kB
Buffers:           23576 kB
Cached:           130660 kB
MemTotal:        1844596 kB
MemFree:         1521116 kB
MemAvailable:    1544532 kB
Buffers:           23576 kB
Cached:           130660 kB
MemTotal:        1844596 kB
MemFree:         1521124 kB
MemAvailable:    1544540 kB
Buffers:           23576 kB
Cached:           130660 kB
MemTotal:        1844596 kB
MemFree:         1521916 kB
MemAvailable:    1545332 kB
Buffers:           23576 kB
Cached:           130660 kB
MemTotal:        1844596 kB
MemFree:         1520668 kB
MemAvailable:    1544084 kB
Buffers:           23576 kB
Cached:           130660 kB
MemTotal:        1844596 kB
MemFree:         1521404 kB
MemAvailable:    1544832 kB
Buffers:           23576 kB
Cached:           130672 kB
MemTotal:        1844596 kB
MemFree:         1521740 kB
MemAvailable:    1545168 kB
Buffers:           23576 kB
Cached:           130672 kB
MemTotal:        1844596 kB
MemFree:         1513608 kB
MemAvailable:    1537036 kB
Buffers:           23576 kB
Cached:           130672 kB
MemTotal:        1844596 kB
MemFree:         1512484 kB
MemAvailable:    1535912 kB
Buffers:           23576 kB
Cached:           130672 kB
MemTotal:        1844596 kB
MemFree:         1513304 kB
MemAvailable:    1536732 kB
Buffers:           23576 kB
Cached:           130672 kB
MemTotal:        1844596 kB
MemFree:         1513640 kB
MemAvailable:    1537068 kB
Buffers:           23576 kB
Cached:           130672 kB
MemTotal:        1844596 kB
MemFree:         1513344 kB
MemAvailable:    1536772 kB
Buffers:           23576 kB
Cached:           130672 kB
MemTotal:        1844596 kB
MemFree:         1513344 kB
MemAvailable:    1536772 kB
Buffers:           23576 kB
Cached:           130672 kB
MemTotal:        1844596 kB
MemFree:         1511972 kB
MemAvailable:    1535400 kB
Buffers:           23576 kB
Cached:           130672 kB
MemTotal:        1844596 kB
MemFree:         1515504 kB
MemAvailable:    1538932 kB
Buffers:           23576 kB
Cached:           130672 kB
MemTotal:        1844596 kB
MemFree:         1514156 kB
MemAvailable:    1537584 kB
Buffers:           23576 kB
Cached:           130672 kB
MemTotal:        1844596 kB
MemFree:         1513980 kB
MemAvailable:    1537492 kB
Buffers:           23576 kB
Cached:           130796 kB
MemTotal:        1844596 kB
MemFree:         1515280 kB
MemAvailable:    1538960 kB
Buffers:           23576 kB
Cached:           130920 kB
MemTotal:        1844596 kB
MemFree:         1513980 kB
MemAvailable:    1537744 kB
Buffers:           23576 kB
Cached:           131044 kB
MemTotal:        1844596 kB
MemFree:         1514220 kB
MemAvailable:    1538068 kB
Buffers:           23576 kB
Cached:           131044 kB
MemTotal:        1844596 kB
MemFree:         1513544 kB
MemAvailable:    1537476 kB
Buffers:           23576 kB
Cached:           131168 kB
MemTotal:        1844596 kB
MemFree:         1513668 kB
MemAvailable:    1537684 kB
Buffers:           23576 kB
Cached:           131168 kB
MemTotal:        1844596 kB
MemFree:         1514768 kB
MemAvailable:    1538784 kB
Buffers:           23576 kB
Cached:           131292 kB
MemTotal:        1844596 kB
MemFree:         1515020 kB
MemAvailable:    1539036 kB
Buffers:           23576 kB
Cached:           131292 kB
MemTotal:        1844596 kB
MemFree:         1514512 kB
MemAvailable:    1538528 kB
Buffers:           23576 kB
Cached:           131292 kB
MemTotal:        1844596 kB
MemFree:         1514172 kB
MemAvailable:    1538188 kB
Buffers:           23576 kB
Cached:           131292 kB
MemTotal:        1844596 kB
MemFree:         1514972 kB
MemAvailable:    1539000 kB
Buffers:           23576 kB
Cached:           131352 kB
MemTotal:        1844596 kB
MemFree:         1513732 kB
MemAvailable:    1537760 kB
Buffers:           23576 kB
Cached:           131352 kB
MemTotal:        1844596 kB
MemFree:         1514472 kB
MemAvailable:    1538500 kB
Buffers:           23576 kB
Cached:           131352 kB
MemTotal:        1844596 kB
MemFree:         1514228 kB
MemAvailable:    1538256 kB
Buffers:           23576 kB
Cached:           131352 kB
MemTotal:        1844596 kB
MemFree:         1515172 kB
MemAvailable:    1538612 kB
Buffers:           23576 kB
Cached:           130720 kB
MemTotal:        1844596 kB
MemFree:         1583772 kB
MemAvailable:    1607212 kB
Buffers:           23576 kB
Cached:           130720 kB
