MemTotal:        1844596 kB
MemFree:         1283572 kB
MemAvailable:    1552744 kB
Buffers:           53528 kB
Cached:           337976 kB
MemTotal:        1844596 kB
MemFree:         1282332 kB
MemAvailable:    1551504 kB
Buffers:           53528 kB
Cached:           337976 kB
MemTotal:        1844596 kB
MemFree:         1280232 kB
MemAvailable:    1549404 kB
Buffers:           53528 kB
Cached:           337976 kB
MemTotal:        1844596 kB
MemFree:         1279064 kB
MemAvailable:    1548236 kB
Buffers:           53528 kB
Cached:           337976 kB
MemTotal:        1844596 kB
MemFree:         1279612 kB
MemAvailable:    1548784 kB
Buffers:           53528 kB
Cached:           337976 kB
MemTotal:        1844596 kB
MemFree:         1277504 kB
MemAvailable:    1546676 kB
Buffers:           53528 kB
Cached:           337976 kB
MemTotal:        1844596 kB
MemFree:         1278628 kB
MemAvailable:    1547800 kB
Buffers:           53528 kB
Cached:           337976 kB
MemTotal:        1844596 kB
MemFree:         1276884 kB
MemAvailable:    1546056 kB
Buffers:           53528 kB
Cached:           337976 kB
MemTotal:        1844596 kB
MemFree:         1275396 kB
MemAvailable:    1544568 kB
Buffers:           53528 kB
Cached:           337976 kB
MemTotal:        1844596 kB
MemFree:         1272852 kB
MemAvailable:    1542024 kB
Buffers:           53528 kB
Cached:           337976 kB
MemTotal:        1844596 kB
MemFree:         1267684 kB
MemAvailable:    1536856 kB
Buffers:           53528 kB
Cached:           337976 kB
MemTotal:        1844596 kB
MemFree:         1267644 kB
MemAvailable:    1536816 kB
Buffers:           53528 kB
Cached:           337976 kB
MemTotal:        1844596 kB
MemFree:         1268744 kB
MemAvailable:    1537916 kB
Buffers:           53528 kB
Cached:           337976 kB
MemTotal:        1844596 kB
MemFree:         1268072 kB
MemAvailable:    1537244 kB
Buffers:           53528 kB
Cached:           337976 kB
MemTotal:        1844596 kB
MemFree:         1268740 kB
MemAvailable:    1537912 kB
Buffers:           53528 kB
Cached:           337976 kB
MemTotal:        1844596 kB
MemFree:         1268552 kB
MemAvailable:    1537724 kB
Buffers:           53528 kB
Cached:           337976 kB
MemTotal:        1844596 kB
MemFree:         1268804 kB
MemAvailable:    1537976 kB
Buffers:           53528 kB
Cached:           337976 kB
MemTotal:        1844596 kB
MemFree:         1268576 kB
MemAvailable:    1537748 kB
Buffers:           53528 kB
Cached:           337976 kB
MemTotal:        1844596 kB
MemFree:         1266708 kB
MemAvailable:    1535880 kB
Buffers:           53528 kB
Cached:           337976 kB
MemTotal:        1844596 kB
MemFree:         1266460 kB
MemAvailable:    1535632 kB
Buffers:           53528 kB
Cached:           337976 kB
MemTotal:        1844596 kB
MemFree:         1266776 kB
MemAvailable:    1535948 kB
Buffers:           53528 kB
Cached:           337976 kB
MemTotal:        1844596 kB
MemFree:         1265228 kB
MemAvailable:    1534400 kB
Buffers:           53528 kB
Cached:           337976 kB
MemTotal:        1844596 kB
MemFree:         1266228 kB
MemAvailable:    1535400 kB
Buffers:           53528 kB
Cached:           337976 kB
MemTotal:        1844596 kB
MemFree:         1266120 kB
MemAvailable:    1535292 kB
Buffers:           53528 kB
Cached:           337976 kB
MemTotal:        1844596 kB
MemFree:         1266264 kB
MemAvailable:    1535436 kB
Buffers:           53528 kB
Cached:           337976 kB
MemTotal:        1844596 kB
MemFree:         1265600 kB
MemAvailable:    1534772 kB
Buffers:           53528 kB
Cached:           337976 kB
MemTotal:        1844596 kB
MemFree:         1264960 kB
MemAvailable:    1534132 kB
Buffers:           53528 kB
Cached:           337976 kB
MemTotal:        1844596 kB
MemFree:         1264960 kB
MemAvailable:    1534132 kB
Buffers:           53528 kB
Cached:           337976 kB
MemTotal:        1844596 kB
MemFree:         1266232 kB
MemAvailable:    1535404 kB
Buffers:           53528 kB
Cached:           337976 kB
MemTotal:        1844596 kB
MemFree:         1266068 kB
MemAvailable:    1535240 kB
Buffers:           53528 kB
Cached:           337976 kB
MemTotal:        1844596 kB
MemFree:         1266320 kB
MemAvailable:    1535492 kB
Buffers:           53528 kB
Cached:           337976 kB
MemTotal:        1844596 kB
MemFree:         1267432 kB
MemAvailable:    1536604 kB
Buffers:           53528 kB
Cached:           337976 kB
MemTotal:        1844596 kB
MemFree:         1267600 kB
MemAvailable:    1536772 kB
Buffers:           53528 kB
Cached:           337976 kB
MemTotal:        1844596 kB
MemFree:         1264832 kB
MemAvailable:    1534004 kB
Buffers:           53528 kB
Cached:           337976 kB
MemTotal:        1844596 kB
MemFree:         1264832 kB
MemAvailable:    1534004 kB
Buffers:           53528 kB
Cached:           337976 kB
MemTotal:        1844596 kB
MemFree:         1263716 kB
MemAvailable:    1532888 kB
Buffers:           53528 kB
Cached:           337976 kB
MemTotal:        1844596 kB
MemFree:         1263592 kB
MemAvailable:    1532764 kB
Buffers:           53528 kB
Cached:           337976 kB
MemTotal:        1844596 kB
MemFree:         1263172 kB
MemAvailable:    1532344 kB
Buffers:           53528 kB
Cached:           337976 kB
MemTotal:        1844596 kB
MemFree:         1262848 kB
MemAvailable:    1532020 kB
Buffers:           53528 kB
Cached:           337976 kB
MemTotal:        1844596 kB
MemFree:         1262848 kB
MemAvailable:    1532020 kB
Buffers:           53528 kB
Cached:           337976 kB
MemTotal:        1844596 kB
MemFree:         1262252 kB
MemAvailable:    1531424 kB
Buffers:           53528 kB
Cached:           337976 kB
MemTotal:        1844596 kB
MemFree:         1262164 kB
MemAvailable:    1531336 kB
Buffers:           53528 kB
Cached:           337976 kB
MemTotal:        1844596 kB
MemFree:         1262212 kB
MemAvailable:    1531384 kB
Buffers:           53528 kB
Cached:           337976 kB
MemTotal:        1844596 kB
MemFree:         1261972 kB
MemAvailable:    1531148 kB
Buffers:           53528 kB
Cached:           337980 kB
MemTotal:        1844596 kB
MemFree:         1261972 kB
MemAvailable:    1531148 kB
Buffers:           53528 kB
Cached:           337980 kB
MemTotal:        1844596 kB
MemFree:         1260700 kB
MemAvailable:    1529876 kB
Buffers:           53528 kB
Cached:           337980 kB
MemTotal:        1844596 kB
MemFree:         1261384 kB
MemAvailable:    1530560 kB
Buffers:           53528 kB
Cached:           337980 kB
MemTotal:        1844596 kB
MemFree:         1262004 kB
MemAvailable:    1531184 kB
Buffers:           53528 kB
Cached:           337984 kB
MemTotal:        1844596 kB
MemFree:         1261940 kB
MemAvailable:    1531120 kB
Buffers:           53528 kB
Cached:           337984 kB
MemTotal:        1844596 kB
MemFree:         1261136 kB
MemAvailable:    1530316 kB
Buffers:           53528 kB
Cached:           337984 kB
MemTotal:        1844596 kB
MemFree:         1261328 kB
MemAvailable:    1530508 kB
Buffers:           53528 kB
Cached:           337984 kB
MemTotal:        1844596 kB
MemFree:         1260824 kB
MemAvailable:    1530004 kB
Buffers:           53528 kB
Cached:           337984 kB
MemTotal:        1844596 kB
MemFree:         1261092 kB
MemAvailable:    1530272 kB
Buffers:           53528 kB
Cached:           337984 kB
MemTotal:        1844596 kB
MemFree:         1260976 kB
MemAvailable:    1530156 kB
Buffers:           53528 kB
Cached:           337984 kB
MemTotal:        1844596 kB
MemFree:         1261060 kB
MemAvailable:    1530240 kB
Buffers:           53528 kB
Cached:           337984 kB
MemTotal:        1844596 kB
MemFree:         1261008 kB
MemAvailable:    1530188 kB
Buffers:           53528 kB
Cached:           337984 kB
MemTotal:        1844596 kB
MemFree:         1261068 kB
MemAvailable:    1530248 kB
Buffers:           53528 kB
Cached:           337984 kB
MemTotal:        1844596 kB
MemFree:         1260384 kB
MemAvailable:    1529564 kB
Buffers:           53528 kB
Cached:           337984 kB
MemTotal:        1844596 kB
MemFree:         1261052 kB
MemAvailable:    1530232 kB
Buffers:           53528 kB
Cached:           337984 kB
MemTotal:        1844596 kB
MemFree:         1260948 kB
MemAvailable:    1530128 kB
Buffers:           53528 kB
Cached:           337984 kB
MemTotal:        1844596 kB
MemFree:         1259772 kB
MemAvailable:    1528952 kB
Buffers:           53528 kB
Cached:           337984 kB
MemTotal:        1844596 kB
MemFree:         1259764 kB
MemAvailable:    1528944 kB
Buffers:           53528 kB
Cached:           337984 kB
MemTotal:        1844596 kB
MemFree:         1259896 kB
MemAvailable:    1529076 kB
Buffers:           53528 kB
Cached:           337984 kB
MemTotal:        1844596 kB
MemFree:         1260732 kB
MemAvailable:    1529912 kB
Buffers:           53528 kB
Cached:           337984 kB
MemTotal:        1844596 kB
MemFree:         1260508 kB
MemAvailable:    1529688 kB
Buffers:           53528 kB
Cached:           337984 kB
MemTotal:        1844596 kB
MemFree:         1260312 kB
MemAvailable:    1529492 kB
Buffers:           53528 kB
Cached:           337984 kB
MemTotal:        1844596 kB
MemFree:         1260204 kB
MemAvailable:    1529384 kB
Buffers:           53528 kB
Cached:           337984 kB
MemTotal:        1844596 kB
MemFree:         1260132 kB
MemAvailable:    1529312 kB
Buffers:           53528 kB
Cached:           337984 kB
MemTotal:        1844596 kB
MemFree:         1260048 kB
MemAvailable:    1529228 kB
Buffers:           53528 kB
Cached:           337984 kB
MemTotal:        1844596 kB
MemFree:         1260048 kB
MemAvailable:    1529228 kB
Buffers:           53528 kB
Cached:           337984 kB
MemTotal:        1844596 kB
MemFree:         1259932 kB
MemAvailable:    1529112 kB
Buffers:           53528 kB
Cached:           337984 kB
MemTotal:        1844596 kB
MemFree:         1260184 kB
MemAvailable:    1529364 kB
Buffers:           53528 kB
Cached:           337984 kB
MemTotal:        1844596 kB
MemFree:         1258876 kB
MemAvailable:    1528056 kB
Buffers:           53528 kB
Cached:           337984 kB
MemTotal:        1844596 kB
MemFree:         1260060 kB
MemAvailable:    1529240 kB
Buffers:           53528 kB
Cached:           337984 kB
MemTotal:        1844596 kB
MemFree:         1260060 kB
MemAvailable:    1529240 kB
Buffers:           53528 kB
Cached:           337984 kB
MemTotal:        1844596 kB
MemFree:         1259872 kB
MemAvailable:    1529052 kB
Buffers:           53528 kB
Cached:           337984 kB
MemTotal:        1844596 kB
MemFree:         1260208 kB
MemAvailable:    1529388 kB
Buffers:           53528 kB
Cached:           337984 kB
MemTotal:        1844596 kB
MemFree:         1257664 kB
MemAvailable:    1526844 kB
Buffers:           53528 kB
Cached:           337984 kB
MemTotal:        1844596 kB
MemFree:         1256548 kB
MemAvailable:    1525728 kB
Buffers:           53528 kB
Cached:           337984 kB
MemTotal:        1844596 kB
MemFree:         1252812 kB
MemAvailable:    1521992 kB
Buffers:           53528 kB
Cached:           337984 kB
MemTotal:        1844596 kB
MemFree:         1252896 kB
MemAvailable:    1522076 kB
Buffers:           53528 kB
Cached:           337984 kB
MemTotal:        1844596 kB
MemFree:         1252500 kB
MemAvailable:    1521680 kB
Buffers:           53528 kB
Cached:           337984 kB
MemTotal:        1844596 kB
MemFree:         1251060 kB
MemAvailable:    1520240 kB
Buffers:           53528 kB
Cached:           337984 kB
MemTotal:        1844596 kB
MemFree:         1251092 kB
MemAvailable:    1520272 kB
Buffers:           53528 kB
Cached:           337984 kB
MemTotal:        1844596 kB
MemFree:         1250828 kB
MemAvailable:    1520008 kB
Buffers:           53528 kB
Cached:           337984 kB
MemTotal:        1844596 kB
MemFree:         1252188 kB
MemAvailable:    1521368 kB
Buffers:           53528 kB
Cached:           337984 kB
MemTotal:        1844596 kB
MemFree:         1252256 kB
MemAvailable:    1521436 kB
Buffers:           53528 kB
Cached:           337984 kB
MemTotal:        1844596 kB
MemFree:         1252084 kB
MemAvailable:    1521264 kB
Buffers:           53528 kB
Cached:           337984 kB
MemTotal:        1844596 kB
MemFree:         1251340 kB
MemAvailable:    1520520 kB
Buffers:           53528 kB
Cached:           337984 kB
MemTotal:        1844596 kB
MemFree:         1252132 kB
MemAvailable:    1521312 kB
Buffers:           53528 kB
Cached:           337984 kB
MemTotal:        1844596 kB
MemFree:         1252144 kB
MemAvailable:    1521324 kB
Buffers:           53528 kB
Cached:           337984 kB
MemTotal:        1844596 kB
MemFree:         1252144 kB
MemAvailable:    1521324 kB
Buffers:           53528 kB
Cached:           337984 kB
MemTotal:        1844596 kB
MemFree:         1250836 kB
MemAvailable:    1520016 kB
Buffers:           53528 kB
Cached:           337984 kB
MemTotal:        1844596 kB
MemFree:         1252060 kB
MemAvailable:    1521240 kB
Buffers:           53528 kB
Cached:           337984 kB
MemTotal:        1844596 kB
MemFree:         1252060 kB
MemAvailable:    1521240 kB
Buffers:           53528 kB
Cached:           337984 kB
MemTotal:        1844596 kB
MemFree:         1252068 kB
MemAvailable:    1521248 kB
Buffers:           53528 kB
Cached:           337984 kB
MemTotal:        1844596 kB
MemFree:         1252172 kB
MemAvailable:    1521352 kB
Buffers:           53528 kB
Cached:           337984 kB
MemTotal:        1844596 kB
MemFree:         1251564 kB
MemAvailable:    1520744 kB
Buffers:           53528 kB
Cached:           337984 kB
MemTotal:        1844596 kB
MemFree:         1251564 kB
MemAvailable:    1520744 kB
Buffers:           53528 kB
Cached:           337984 kB
MemTotal:        1844596 kB
MemFree:         1251176 kB
MemAvailable:    1520356 kB
Buffers:           53528 kB
Cached:           337984 kB
MemTotal:        1844596 kB
MemFree:         1249968 kB
MemAvailable:    1519148 kB
Buffers:           53528 kB
Cached:           337984 kB
MemTotal:        1844596 kB
MemFree:         1249408 kB
MemAvailable:    1518588 kB
Buffers:           53528 kB
Cached:           337984 kB
MemTotal:        1844596 kB
MemFree:         1250716 kB
MemAvailable:    1519896 kB
Buffers:           53528 kB
Cached:           337984 kB
MemTotal:        1844596 kB
MemFree:         1249604 kB
MemAvailable:    1518784 kB
Buffers:           53528 kB
Cached:           337984 kB
MemTotal:        1844596 kB
MemFree:         1248928 kB
MemAvailable:    1518108 kB
Buffers:           53528 kB
Cached:           337984 kB
MemTotal:        1844596 kB
MemFree:         1248736 kB
MemAvailable:    1517916 kB
Buffers:           53528 kB
Cached:           337984 kB
MemTotal:        1844596 kB
MemFree:         1248860 kB
MemAvailable:    1518040 kB
Buffers:           53528 kB
Cached:           337984 kB
MemTotal:        1844596 kB
MemFree:         1248604 kB
MemAvailable:    1517784 kB
Buffers:           53528 kB
Cached:           337984 kB
MemTotal:        1844596 kB
MemFree:         1248408 kB
MemAvailable:    1517588 kB
Buffers:           53528 kB
Cached:           337984 kB
MemTotal:        1844596 kB
MemFree:         1248428 kB
MemAvailable:    1517608 kB
Buffers:           53528 kB
Cached:           337984 kB
MemTotal:        1844596 kB
MemFree:         1248488 kB
MemAvailable:    1517668 kB
Buffers:           53528 kB
Cached:           337984 kB
MemTotal:        1844596 kB
MemFree:         1248156 kB
MemAvailable:    1517336 kB
Buffers:           53528 kB
Cached:           337984 kB
MemTotal:        1844596 kB
MemFree:         1248156 kB
MemAvailable:    1517336 kB
Buffers:           53528 kB
Cached:           337984 kB
MemTotal:        1844596 kB
MemFree:         1248140 kB
MemAvailable:    1517320 kB
Buffers:           53528 kB
Cached:           337984 kB
MemTotal:        1844596 kB
MemFree:         1248140 kB
MemAvailable:    1517320 kB
Buffers:           53528 kB
Cached:           337984 kB
MemTotal:        1844596 kB
MemFree:         1247000 kB
MemAvailable:    1516180 kB
Buffers:           53528 kB
Cached:           337984 kB
MemTotal:        1844596 kB
MemFree:         1247816 kB
MemAvailable:    1516996 kB
Buffers:           53528 kB
Cached:           337984 kB
MemTotal:        1844596 kB
MemFree:         1247488 kB
MemAvailable:    1516672 kB
Buffers:           53528 kB
Cached:           337988 kB
MemTotal:        1844596 kB
MemFree:         1247364 kB
MemAvailable:    1516548 kB
Buffers:           53528 kB
Cached:           337988 kB
MemTotal:        1844596 kB
MemFree:         1246744 kB
MemAvailable:    1515928 kB
Buffers:           53528 kB
Cached:           337988 kB
MemTotal:        1844596 kB
MemFree:         1247928 kB
MemAvailable:    1517112 kB
Buffers:           53528 kB
Cached:           337988 kB
MemTotal:        1844596 kB
MemFree:         1243952 kB
MemAvailable:    1513136 kB
Buffers:           53528 kB
Cached:           337988 kB
MemTotal:        1844596 kB
MemFree:         1240676 kB
MemAvailable:    1509860 kB
Buffers:           53528 kB
Cached:           337988 kB
MemTotal:        1844596 kB
MemFree:         1241660 kB
MemAvailable:    1510928 kB
Buffers:           53528 kB
Cached:           338112 kB
MemTotal:        1844596 kB
MemFree:         1240296 kB
MemAvailable:    1509648 kB
Buffers:           53528 kB
Cached:           338236 kB
MemTotal:        1844596 kB
MemFree:         1241356 kB
MemAvailable:    1510876 kB
Buffers:           53528 kB
Cached:           338360 kB
MemTotal:        1844596 kB
MemFree:         1241016 kB
MemAvailable:    1510620 kB
Buffers:           53528 kB
Cached:           338484 kB
MemTotal:        1844596 kB
MemFree:         1241124 kB
MemAvailable:    1510772 kB
Buffers:           53528 kB
Cached:           338476 kB
MemTotal:        1844596 kB
MemFree:         1240728 kB
MemAvailable:    1510544 kB
Buffers:           53528 kB
Cached:           338600 kB
MemTotal:        1844596 kB
MemFree:         1240300 kB
MemAvailable:    1510116 kB
Buffers:           53528 kB
Cached:           338600 kB
MemTotal:        1844596 kB
MemFree:         1240644 kB
MemAvailable:    1510460 kB
Buffers:           53528 kB
Cached:           338600 kB
MemTotal:        1844596 kB
MemFree:         1240896 kB
MemAvailable:    1510712 kB
Buffers:           53528 kB
Cached:           338600 kB
MemTotal:        1844596 kB
MemFree:         1240588 kB
MemAvailable:    1510404 kB
Buffers:           53528 kB
Cached:           338600 kB
MemTotal:        1844596 kB
MemFree:         1240840 kB
MemAvailable:    1510656 kB
Buffers:           53528 kB
Cached:           338600 kB
MemTotal:        1844596 kB
MemFree:         1240500 kB
MemAvailable:    1510316 kB
Buffers:           53528 kB
Cached:           338600 kB
MemTotal:        1844596 kB
MemFree:         1240584 kB
MemAvailable:    1510400 kB
Buffers:           53528 kB
Cached:           338600 kB
MemTotal:        1844596 kB
MemFree:         1239132 kB
MemAvailable:    1509032 kB
Buffers:           53528 kB
Cached:           338724 kB
MemTotal:        1844596 kB
MemFree:         1239260 kB
MemAvailable:    1509160 kB
Buffers:           53528 kB
Cached:           338724 kB
MemTotal:        1844596 kB
MemFree:         1240268 kB
MemAvailable:    1509580 kB
Buffers:           53528 kB
Cached:           338008 kB
MemTotal:        1844596 kB
MemFree:         1309652 kB
MemAvailable:    1578848 kB
Buffers:           53528 kB
Cached:           338000 kB
