MemTotal:        1844596 kB
MemFree:         1597496 kB
MemAvailable:    1587036 kB
Buffers:           19324 kB
Cached:           101128 kB
MemTotal:        1844596 kB
MemFree:         1595208 kB
MemAvailable:    1584748 kB
Buffers:           19324 kB
Cached:           101128 kB
MemTotal:        1844596 kB
MemFree:         1593224 kB
MemAvailable:    1582764 kB
Buffers:           19324 kB
Cached:           101128 kB
MemTotal:        1844596 kB
MemFree:         1592892 kB
MemAvailable:    1582432 kB
Buffers:           19324 kB
Cached:           101128 kB
MemTotal:        1844596 kB
MemFree:         1592528 kB
MemAvailable:    1582068 kB
Buffers:           19324 kB
Cached:           101128 kB
MemTotal:        1844596 kB
MemFree:         1591800 kB
MemAvailable:    1581340 kB
Buffers:           19324 kB
Cached:           101128 kB
MemTotal:        1844596 kB
MemFree:         1591728 kB
MemAvailable:    1581268 kB
Buffers:           19324 kB
Cached:           101128 kB
MemTotal:        1844596 kB
MemFree:         1589320 kB
MemAvailable:    1578860 kB
Buffers:           19324 kB
Cached:           101128 kB
MemTotal:        1844596 kB
MemFree:         1588204 kB
MemAvailable:    1577744 kB
Buffers:           19324 kB
Cached:           101128 kB
MemTotal:        1844596 kB
MemFree:         1586956 kB
MemAvailable:    1576496 kB
Buffers:           19324 kB
Cached:           101128 kB
MemTotal:        1844596 kB
MemFree:         1584916 kB
MemAvailable:    1574456 kB
Buffers:           19324 kB
Cached:           101128 kB
MemTotal:        1844596 kB
MemFree:         1580368 kB
MemAvailable:    1569908 kB
Buffers:           19324 kB
Cached:           101128 kB
MemTotal:        1844596 kB
MemFree:         1581796 kB
MemAvailable:    1571336 kB
Buffers:           19324 kB
Cached:           101128 kB
MemTotal:        1844596 kB
MemFree:         1581692 kB
MemAvailable:    1571232 kB
Buffers:           19324 kB
Cached:           101128 kB
MemTotal:        1844596 kB
MemFree:         1581012 kB
MemAvailable:    1570552 kB
Buffers:           19324 kB
Cached:           101128 kB
MemTotal:        1844596 kB
MemFree:         1581636 kB
MemAvailable:    1571176 kB
Buffers:           19324 kB
Cached:           101128 kB
MemTotal:        1844596 kB
MemFree:         1580460 kB
MemAvailable:    1570000 kB
Buffers:           19324 kB
Cached:           101128 kB
MemTotal:        1844596 kB
MemFree:         1580460 kB
MemAvailable:    1570000 kB
Buffers:           19324 kB
Cached:           101128 kB
MemTotal:        1844596 kB
MemFree:         1581932 kB
MemAvailable:    1571472 kB
Buffers:           19324 kB
Cached:           101128 kB
MemTotal:        1844596 kB
MemFree:         1581856 kB
MemAvailable:    1571396 kB
Buffers:           19324 kB
Cached:           101128 kB
MemTotal:        1844596 kB
MemFree:         1580576 kB
MemAvailable:    1570116 kB
Buffers:           19324 kB
Cached:           101128 kB
MemTotal:        1844596 kB
MemFree:         1579400 kB
MemAvailable:    1568940 kB
Buffers:           19324 kB
Cached:           101128 kB
MemTotal:        1844596 kB
MemFree:         1578352 kB
MemAvailable:    1567892 kB
Buffers:           19324 kB
Cached:           101128 kB
MemTotal:        1844596 kB
MemFree:         1579452 kB
MemAvailable:    1568992 kB
Buffers:           19324 kB
Cached:           101128 kB
MemTotal:        1844596 kB
MemFree:         1579788 kB
MemAvailable:    1569328 kB
Buffers:           19324 kB
Cached:           101128 kB
MemTotal:        1844596 kB
MemFree:         1579460 kB
MemAvailable:    1569000 kB
Buffers:           19324 kB
Cached:           101128 kB
MemTotal:        1844596 kB
MemFree:         1579264 kB
MemAvailable:    1568804 kB
Buffers:           19324 kB
Cached:           101128 kB
MemTotal:        1844596 kB
MemFree:         1578284 kB
MemAvailable:    1567824 kB
Buffers:           19324 kB
Cached:           101128 kB
MemTotal:        1844596 kB
MemFree:         1579132 kB
MemAvailable:    1568672 kB
Buffers:           19324 kB
Cached:           101128 kB
MemTotal:        1844596 kB
MemFree:         1579388 kB
MemAvailable:    1568928 kB
Buffers:           19324 kB
Cached:           101128 kB
MemTotal:        1844596 kB
MemFree:         1579236 kB
MemAvailable:    1568776 kB
Buffers:           19324 kB
Cached:           101128 kB
MemTotal:        1844596 kB
MemFree:         1578532 kB
MemAvailable:    1568072 kB
Buffers:           19324 kB
Cached:           101128 kB
MemTotal:        1844596 kB
MemFree:         1580576 kB
MemAvailable:    1570116 kB
Buffers:           19324 kB
Cached:           101128 kB
MemTotal:        1844596 kB
MemFree:         1579400 kB
MemAvailable:    1568940 kB
Buffers:           19324 kB
Cached:           101128 kB
MemTotal:        1844596 kB
MemFree:         1578656 kB
MemAvailable:    1568196 kB
Buffers:           19324 kB
Cached:           101128 kB
MemTotal:        1844596 kB
MemFree:         1577600 kB
MemAvailable:    1567140 kB
Buffers:           19324 kB
Cached:           101128 kB
MemTotal:        1844596 kB
MemFree:         1577228 kB
MemAvailable:    1566768 kB
Buffers:           19324 kB
Cached:           101128 kB
MemTotal:        1844596 kB
MemFree:         1576856 kB
MemAvailable:    1566396 kB
Buffers:           19324 kB
Cached:           101128 kB
MemTotal:        1844596 kB
MemFree:         1575308 kB
MemAvailable:    1564848 kB
Buffers:           19324 kB
Cached:           101128 kB
MemTotal:        1844596 kB
MemFree:         1574872 kB
MemAvailable:    1564412 kB
Buffers:           19324 kB
Cached:           101128 kB
MemTotal:        1844596 kB
MemFree:         1575556 kB
MemAvailable:    1565096 kB
Buffers:           19324 kB
Cached:           101128 kB
MemTotal:        1844596 kB
MemFree:         1575300 kB
MemAvailable:    1564840 kB
Buffers:           19324 kB
Cached:           101128 kB
MemTotal:        1844596 kB
MemFree:         1574068 kB
MemAvailable:    1563608 kB
Buffers:           19324 kB
Cached:           101128 kB
MemTotal:        1844596 kB
MemFree:         1575132 kB
MemAvailable:    1564672 kB
Buffers:           19324 kB
Cached:           101128 kB
MemTotal:        1844596 kB
MemFree:         1573928 kB
MemAvailable:    1563468 kB
Buffers:           19324 kB
Cached:           101128 kB
MemTotal:        1844596 kB
MemFree:         1574888 kB
MemAvailable:    1564428 kB
Buffers:           19324 kB
Cached:           101128 kB
MemTotal:        1844596 kB
MemFree:         1575012 kB
MemAvailable:    1564552 kB
Buffers:           19324 kB
Cached:           101128 kB
MemTotal:        1844596 kB
MemFree:         1575072 kB
MemAvailable:    1564612 kB
Buffers:           19324 kB
Cached:           101128 kB
MemTotal:        1844596 kB
MemFree:         1574944 kB
MemAvailable:    1564484 kB
Buffers:           19324 kB
Cached:           101128 kB
MemTotal:        1844596 kB
MemFree:         1573384 kB
MemAvailable:    1562924 kB
Buffers:           19324 kB
Cached:           101128 kB
MemTotal:        1844596 kB
MemFree:         1573376 kB
MemAvailable:    1562916 kB
Buffers:           19324 kB
Cached:           101128 kB
MemTotal:        1844596 kB
MemFree:         1574244 kB
MemAvailable:    1563784 kB
Buffers:           19324 kB
Cached:           101128 kB
MemTotal:        1844596 kB
MemFree:         1572812 kB
MemAvailable:    1562352 kB
Buffers:           19324 kB
Cached:           101128 kB
MemTotal:        1844596 kB
MemFree:         1574104 kB
MemAvailable:    1563644 kB
Buffers:           19324 kB
Cached:           101128 kB
MemTotal:        1844596 kB
MemFree:         1574096 kB
MemAvailable:    1563636 kB
Buffers:           19324 kB
Cached:           101128 kB
MemTotal:        1844596 kB
MemFree:         1572928 kB
MemAvailable:    1562468 kB
Buffers:           19324 kB
Cached:           101128 kB
MemTotal:        1844596 kB
MemFree:         1573052 kB
MemAvailable:    1562592 kB
Buffers:           19324 kB
Cached:           101128 kB
MemTotal:        1844596 kB
MemFree:         1574268 kB
MemAvailable:    1563808 kB
Buffers:           19324 kB
Cached:           101128 kB
MemTotal:        1844596 kB
MemFree:         1573044 kB
MemAvailable:    1562584 kB
Buffers:           19324 kB
Cached:           101128 kB
MemTotal:        1844596 kB
MemFree:         1574028 kB
MemAvailable:    1563568 kB
Buffers:           19324 kB
Cached:           101128 kB
MemTotal:        1844596 kB
MemFree:         1573076 kB
MemAvailable:    1562616 kB
Buffers:           19324 kB
Cached:           101128 kB
MemTotal:        1844596 kB
MemFree:         1573948 kB
MemAvailable:    1563488 kB
Buffers:           19324 kB
Cached:           101128 kB
MemTotal:        1844596 kB
MemFree:         1573888 kB
MemAvailable:    1563428 kB
Buffers:           19324 kB
Cached:           101128 kB
MemTotal:        1844596 kB
MemFree:         1572772 kB
MemAvailable:    1562312 kB
Buffers:           19324 kB
Cached:           101128 kB
MemTotal:        1844596 kB
MemFree:         1573880 kB
MemAvailable:    1563420 kB
Buffers:           19324 kB
Cached:           101128 kB
MemTotal:        1844596 kB
MemFree:         1573688 kB
MemAvailable:    1563228 kB
Buffers:           19324 kB
Cached:           101128 kB
MemTotal:        1844596 kB
MemFree:         1573292 kB
MemAvailable:    1562832 kB
Buffers:           19324 kB
Cached:           101128 kB
MemTotal:        1844596 kB
MemFree:         1573484 kB
MemAvailable:    1563024 kB
Buffers:           19324 kB
Cached:           101128 kB
MemTotal:        1844596 kB
MemFree:         1573188 kB
MemAvailable:    1562728 kB
Buffers:           19324 kB
Cached:           101128 kB
MemTotal:        1844596 kB
MemFree:         1572892 kB
MemAvailable:    1562432 kB
Buffers:           19324 kB
Cached:           101128 kB
MemTotal:        1844596 kB
MemFree:         1573228 kB
MemAvailable:    1562768 kB
Buffers:           19324 kB
Cached:           101128 kB
MemTotal:        1844596 kB
MemFree:         1571784 kB
MemAvailable:    1561324 kB
Buffers:           19324 kB
Cached:           101128 kB
MemTotal:        1844596 kB
MemFree:         1573284 kB
MemAvailable:    1562832 kB
Buffers:           19324 kB
Cached:           101140 kB
MemTotal:        1844596 kB
MemFree:         1572340 kB
MemAvailable:    1561888 kB
Buffers:           19324 kB
Cached:           101140 kB
MemTotal:        1844596 kB
MemFree:         1572340 kB
MemAvailable:    1561888 kB
Buffers:           19324 kB
Cached:           101140 kB
MemTotal:        1844596 kB
MemFree:         1573332 kB
MemAvailable:    1562880 kB
Buffers:           19324 kB
Cached:           101140 kB
MemTotal:        1844596 kB
MemFree:         1573456 kB
MemAvailable:    1563004 kB
Buffers:           19324 kB
Cached:           101140 kB
MemTotal:        1844596 kB
MemFree:         1571456 kB
MemAvailable:    1561004 kB
Buffers:           19324 kB
Cached:           101140 kB
MemTotal:        1844596 kB
MemFree:         1571456 kB
MemAvailable:    1561004 kB
Buffers:           19324 kB
Cached:           101140 kB
MemTotal:        1844596 kB
MemFree:         1567612 kB
MemAvailable:    1557160 kB
Buffers:           19324 kB
Cached:           101140 kB
MemTotal:        1844596 kB
MemFree:         1566264 kB
MemAvailable:    1555812 kB
Buffers:           19324 kB
Cached:           101140 kB
MemTotal:        1844596 kB
MemFree:         1565540 kB
MemAvailable:    1555088 kB
Buffers:           19324 kB
Cached:           101140 kB
MemTotal:        1844596 kB
MemFree:         1565124 kB
MemAvailable:    1554672 kB
Buffers:           19324 kB
Cached:           101140 kB
MemTotal:        1844596 kB
MemFree:         1565124 kB
MemAvailable:    1554672 kB
Buffers:           19324 kB
Cached:           101140 kB
MemTotal:        1844596 kB
MemFree:         1565272 kB
MemAvailable:    1554820 kB
Buffers:           19324 kB
Cached:           101140 kB
MemTotal:        1844596 kB
MemFree:         1565176 kB
MemAvailable:    1554724 kB
Buffers:           19324 kB
Cached:           101140 kB
MemTotal:        1844596 kB
MemFree:         1565304 kB
MemAvailable:    1554852 kB
Buffers:           19324 kB
Cached:           101140 kB
MemTotal:        1844596 kB
MemFree:         1564156 kB
MemAvailable:    1553704 kB
Buffers:           19324 kB
Cached:           101140 kB
MemTotal:        1844596 kB
MemFree:         1564996 kB
MemAvailable:    1554544 kB
Buffers:           19324 kB
Cached:           101140 kB
MemTotal:        1844596 kB
MemFree:         1565248 kB
MemAvailable:    1554796 kB
Buffers:           19324 kB
Cached:           101140 kB
MemTotal:        1844596 kB
MemFree:         1565208 kB
MemAvailable:    1554756 kB
Buffers:           19324 kB
Cached:           101140 kB
MemTotal:        1844596 kB
MemFree:         1564768 kB
MemAvailable:    1554316 kB
Buffers:           19324 kB
Cached:           101140 kB
MemTotal:        1844596 kB
MemFree:         1564988 kB
MemAvailable:    1554536 kB
Buffers:           19324 kB
Cached:           101140 kB
MemTotal:        1844596 kB
MemFree:         1565324 kB
MemAvailable:    1554872 kB
Buffers:           19324 kB
Cached:           101140 kB
MemTotal:        1844596 kB
MemFree:         1565308 kB
MemAvailable:    1554856 kB
Buffers:           19324 kB
Cached:           101140 kB
MemTotal:        1844596 kB
MemFree:         1564280 kB
MemAvailable:    1553828 kB
Buffers:           19324 kB
Cached:           101140 kB
MemTotal:        1844596 kB
MemFree:         1565520 kB
MemAvailable:    1555068 kB
Buffers:           19324 kB
Cached:           101144 kB
MemTotal:        1844596 kB
MemFree:         1565448 kB
MemAvailable:    1554996 kB
Buffers:           19324 kB
Cached:           101144 kB
MemTotal:        1844596 kB
MemFree:         1564016 kB
MemAvailable:    1553564 kB
Buffers:           19324 kB
Cached:           101144 kB
MemTotal:        1844596 kB
MemFree:         1563536 kB
MemAvailable:    1553084 kB
Buffers:           19324 kB
Cached:           101144 kB
MemTotal:        1844596 kB
MemFree:         1564016 kB
MemAvailable:    1553564 kB
Buffers:           19324 kB
Cached:           101144 kB
MemTotal:        1844596 kB
MemFree:         1564016 kB
MemAvailable:    1553564 kB
Buffers:           19324 kB
Cached:           101144 kB
MemTotal:        1844596 kB
MemFree:         1563912 kB
MemAvailable:    1553460 kB
Buffers:           19324 kB
Cached:           101144 kB
MemTotal:        1844596 kB
MemFree:         1562356 kB
MemAvailable:    1551904 kB
Buffers:           19324 kB
Cached:           101144 kB
MemTotal:        1844596 kB
MemFree:         1563712 kB
MemAvailable:    1553260 kB
Buffers:           19324 kB
Cached:           101144 kB
MemTotal:        1844596 kB
MemFree:         1563524 kB
MemAvailable:    1553072 kB
Buffers:           19324 kB
Cached:           101144 kB
MemTotal:        1844596 kB
MemFree:         1562356 kB
MemAvailable:    1551904 kB
Buffers:           19324 kB
Cached:           101144 kB
MemTotal:        1844596 kB
MemFree:         1561180 kB
MemAvailable:    1550728 kB
Buffers:           19324 kB
Cached:           101144 kB
MemTotal:        1844596 kB
MemFree:         1562144 kB
MemAvailable:    1551692 kB
Buffers:           19324 kB
Cached:           101144 kB
MemTotal:        1844596 kB
MemFree:         1562160 kB
MemAvailable:    1551708 kB
Buffers:           19324 kB
Cached:           101144 kB
MemTotal:        1844596 kB
MemFree:         1560544 kB
MemAvailable:    1550092 kB
Buffers:           19324 kB
Cached:           101144 kB
MemTotal:        1844596 kB
MemFree:         1560800 kB
MemAvailable:    1550348 kB
Buffers:           19324 kB
Cached:           101144 kB
MemTotal:        1844596 kB
MemFree:         1560668 kB
MemAvailable:    1550216 kB
Buffers:           19324 kB
Cached:           101144 kB
MemTotal:        1844596 kB
MemFree:         1561612 kB
MemAvailable:    1551160 kB
Buffers:           19324 kB
Cached:           101144 kB
MemTotal:        1844596 kB
MemFree:         1561148 kB
MemAvailable:    1550696 kB
Buffers:           19324 kB
Cached:           101144 kB
MemTotal:        1844596 kB
MemFree:         1561484 kB
MemAvailable:    1551032 kB
Buffers:           19324 kB
Cached:           101144 kB
MemTotal:        1844596 kB
MemFree:         1561224 kB
MemAvailable:    1550772 kB
Buffers:           19324 kB
Cached:           101144 kB
MemTotal:        1844596 kB
MemFree:         1561344 kB
MemAvailable:    1550892 kB
Buffers:           19324 kB
Cached:           101144 kB
MemTotal:        1844596 kB
MemFree:         1561236 kB
MemAvailable:    1550784 kB
Buffers:           19324 kB
Cached:           101144 kB
MemTotal:        1844596 kB
MemFree:         1561232 kB
MemAvailable:    1550780 kB
Buffers:           19324 kB
Cached:           101144 kB
MemTotal:        1844596 kB
MemFree:         1560924 kB
MemAvailable:    1550472 kB
Buffers:           19324 kB
Cached:           101144 kB
MemTotal:        1844596 kB
MemFree:         1560924 kB
MemAvailable:    1550472 kB
Buffers:           19324 kB
Cached:           101144 kB
MemTotal:        1844596 kB
MemFree:         1560512 kB
MemAvailable:    1550060 kB
Buffers:           19324 kB
Cached:           101144 kB
MemTotal:        1844596 kB
MemFree:         1559312 kB
MemAvailable:    1548860 kB
Buffers:           19324 kB
Cached:           101144 kB
MemTotal:        1844596 kB
MemFree:         1555716 kB
MemAvailable:    1545264 kB
Buffers:           19324 kB
Cached:           101144 kB
MemTotal:        1844596 kB
MemFree:         1552748 kB
MemAvailable:    1542296 kB
Buffers:           19324 kB
Cached:           101144 kB
MemTotal:        1844596 kB
MemFree:         1552476 kB
MemAvailable:    1542068 kB
Buffers:           19324 kB
Cached:           101268 kB
MemTotal:        1844596 kB
MemFree:         1552476 kB
MemAvailable:    1542068 kB
Buffers:           19324 kB
Cached:           101268 kB
MemTotal:        1844596 kB
MemFree:         1550988 kB
MemAvailable:    1540664 kB
Buffers:           19324 kB
Cached:           101392 kB
MemTotal:        1844596 kB
MemFree:         1551988 kB
MemAvailable:    1541748 kB
Buffers:           19324 kB
Cached:           101516 kB
MemTotal:        1844596 kB
MemFree:         1551508 kB
MemAvailable:    1541268 kB
Buffers:           19324 kB
Cached:           101640 kB
MemTotal:        1844596 kB
MemFree:         1550748 kB
MemAvailable:    1540548 kB
Buffers:           19324 kB
Cached:           101640 kB
MemTotal:        1844596 kB
MemFree:         1551740 kB
MemAvailable:    1541584 kB
Buffers:           19324 kB
Cached:           101764 kB
MemTotal:        1844596 kB
MemFree:         1551136 kB
MemAvailable:    1540980 kB
Buffers:           19324 kB
Cached:           101764 kB
MemTotal:        1844596 kB
MemFree:         1551680 kB
MemAvailable:    1541524 kB
Buffers:           19324 kB
Cached:           101764 kB
MemTotal:        1844596 kB
MemFree:         1551744 kB
MemAvailable:    1541628 kB
Buffers:           19324 kB
Cached:           101764 kB
MemTotal:        1844596 kB
MemFree:         1551804 kB
MemAvailable:    1541688 kB
Buffers:           19324 kB
Cached:           101764 kB
MemTotal:        1844596 kB
MemFree:         1551136 kB
MemAvailable:    1541020 kB
Buffers:           19324 kB
Cached:           101764 kB
MemTotal:        1844596 kB
MemFree:         1551804 kB
MemAvailable:    1541688 kB
Buffers:           19324 kB
Cached:           101764 kB
MemTotal:        1844596 kB
MemFree:         1551860 kB
MemAvailable:    1541744 kB
Buffers:           19324 kB
Cached:           101764 kB
MemTotal:        1844596 kB
MemFree:         1551012 kB
MemAvailable:    1540896 kB
Buffers:           19324 kB
Cached:           101764 kB
MemTotal:        1844596 kB
MemFree:         1552012 kB
MemAvailable:    1541604 kB
Buffers:           19324 kB
Cached:           101216 kB
MemTotal:        1844596 kB
MemFree:         1579856 kB
MemAvailable:    1569448 kB
Buffers:           19324 kB
Cached:           101216 kB
