MemTotal:        1844596 kB
MemFree:         1575952 kB
MemAvailable:    1582496 kB
Buffers:           21508 kB
Cached:           117248 kB
MemTotal:        1844596 kB
MemFree:         1572844 kB
MemAvailable:    1579388 kB
Buffers:           21508 kB
Cached:           117248 kB
MemTotal:        1844596 kB
MemFree:         1571116 kB
MemAvailable:    1577660 kB
Buffers:           21508 kB
Cached:           117248 kB
MemTotal:        1844596 kB
MemFree:         1571928 kB
MemAvailable:    1578472 kB
Buffers:           21508 kB
Cached:           117248 kB
MemTotal:        1844596 kB
MemFree:         1569628 kB
MemAvailable:    1576172 kB
Buffers:           21508 kB
Cached:           117248 kB
MemTotal:        1844596 kB
MemFree:         1569992 kB
MemAvailable:    1576536 kB
Buffers:           21508 kB
Cached:           117248 kB
MemTotal:        1844596 kB
MemFree:         1569620 kB
MemAvailable:    1576164 kB
Buffers:           21508 kB
Cached:           117248 kB
MemTotal:        1844596 kB
MemFree:         1567156 kB
MemAvailable:    1573700 kB
Buffers:           21508 kB
Cached:           117248 kB
MemTotal:        1844596 kB
MemFree:         1564428 kB
MemAvailable:    1570972 kB
Buffers:           21508 kB
Cached:           117248 kB
MemTotal:        1844596 kB
MemFree:         1561008 kB
MemAvailable:    1567552 kB
Buffers:           21508 kB
Cached:           117248 kB
MemTotal:        1844596 kB
MemFree:         1558724 kB
MemAvailable:    1565268 kB
Buffers:           21508 kB
Cached:           117248 kB
MemTotal:        1844596 kB
MemFree:         1560776 kB
MemAvailable:    1567320 kB
Buffers:           21508 kB
Cached:           117248 kB
MemTotal:        1844596 kB
MemFree:         1560568 kB
MemAvailable:    1567112 kB
Buffers:           21508 kB
Cached:           117248 kB
MemTotal:        1844596 kB
MemFree:         1561132 kB
MemAvailable:    1567680 kB
Buffers:           21508 kB
Cached:           117252 kB
MemTotal:        1844596 kB
MemFree:         1559840 kB
MemAvailable:    1566388 kB
Buffers:           21508 kB
Cached:           117252 kB
MemTotal:        1844596 kB
MemFree:         1560556 kB
MemAvailable:    1567104 kB
Buffers:           21508 kB
Cached:           117252 kB
MemTotal:        1844596 kB
MemFree:         1560640 kB
MemAvailable:    1567188 kB
Buffers:           21508 kB
Cached:           117252 kB
MemTotal:        1844596 kB
MemFree:         1560336 kB
MemAvailable:    1566884 kB
Buffers:           21508 kB
Cached:           117252 kB
MemTotal:        1844596 kB
MemFree:         1559404 kB
MemAvailable:    1565952 kB
Buffers:           21508 kB
Cached:           117252 kB
MemTotal:        1844596 kB
MemFree:         1557856 kB
MemAvailable:    1564404 kB
Buffers:           21508 kB
Cached:           117252 kB
MemTotal:        1844596 kB
MemFree:         1557360 kB
MemAvailable:    1563908 kB
Buffers:           21508 kB
Cached:           117252 kB
MemTotal:        1844596 kB
MemFree:         1558344 kB
MemAvailable:    1564892 kB
Buffers:           21508 kB
Cached:           117252 kB
MemTotal:        1844596 kB
MemFree:         1558328 kB
MemAvailable:    1564876 kB
Buffers:           21508 kB
Cached:           117252 kB
MemTotal:        1844596 kB
MemFree:         1558328 kB
MemAvailable:    1564876 kB
Buffers:           21508 kB
Cached:           117252 kB
MemTotal:        1844596 kB
MemFree:         1558356 kB
MemAvailable:    1564904 kB
Buffers:           21508 kB
Cached:           117252 kB
MemTotal:        1844596 kB
MemFree:         1558416 kB
MemAvailable:    1564964 kB
Buffers:           21508 kB
Cached:           117252 kB
MemTotal:        1844596 kB
MemFree:         1557212 kB
MemAvailable:    1563760 kB
Buffers:           21508 kB
Cached:           117252 kB
MemTotal:        1844596 kB
MemFree:         1558280 kB
MemAvailable:    1564828 kB
Buffers:           21508 kB
Cached:           117252 kB
MemTotal:        1844596 kB
MemFree:         1557076 kB
MemAvailable:    1563624 kB
Buffers:           21508 kB
Cached:           117252 kB
MemTotal:        1844596 kB
MemFree:         1559528 kB
MemAvailable:    1566076 kB
Buffers:           21508 kB
Cached:           117252 kB
MemTotal:        1844596 kB
MemFree:         1559212 kB
MemAvailable:    1565760 kB
Buffers:           21508 kB
Cached:           117252 kB
MemTotal:        1844596 kB
MemFree:         1559212 kB
MemAvailable:    1565760 kB
Buffers:           21508 kB
Cached:           117252 kB
MemTotal:        1844596 kB
MemFree:         1556352 kB
MemAvailable:    1562900 kB
Buffers:           21508 kB
Cached:           117252 kB
MemTotal:        1844596 kB
MemFree:         1556120 kB
MemAvailable:    1562668 kB
Buffers:           21508 kB
Cached:           117252 kB
MemTotal:        1844596 kB
MemFree:         1555608 kB
MemAvailable:    1562156 kB
Buffers:           21508 kB
Cached:           117252 kB
MemTotal:        1844596 kB
MemFree:         1554244 kB
MemAvailable:    1560792 kB
Buffers:           21508 kB
Cached:           117252 kB
MemTotal:        1844596 kB
MemFree:         1555244 kB
MemAvailable:    1561792 kB
Buffers:           21508 kB
Cached:           117252 kB
MemTotal:        1844596 kB
MemFree:         1554136 kB
MemAvailable:    1560684 kB
Buffers:           21508 kB
Cached:           117252 kB
MemTotal:        1844596 kB
MemFree:         1553268 kB
MemAvailable:    1559816 kB
Buffers:           21508 kB
Cached:           117252 kB
MemTotal:        1844596 kB
MemFree:         1553136 kB
MemAvailable:    1559684 kB
Buffers:           21508 kB
Cached:           117252 kB
MemTotal:        1844596 kB
MemFree:         1553144 kB
MemAvailable:    1559692 kB
Buffers:           21508 kB
Cached:           117252 kB
MemTotal:        1844596 kB
MemFree:         1554384 kB
MemAvailable:    1560932 kB
Buffers:           21508 kB
Cached:           117252 kB
MemTotal:        1844596 kB
MemFree:         1553136 kB
MemAvailable:    1559684 kB
Buffers:           21508 kB
Cached:           117252 kB
MemTotal:        1844596 kB
MemFree:         1553948 kB
MemAvailable:    1560496 kB
Buffers:           21508 kB
Cached:           117252 kB
MemTotal:        1844596 kB
MemFree:         1553808 kB
MemAvailable:    1560356 kB
Buffers:           21508 kB
Cached:           117252 kB
MemTotal:        1844596 kB
MemFree:         1553764 kB
MemAvailable:    1560312 kB
Buffers:           21508 kB
Cached:           117252 kB
MemTotal:        1844596 kB
MemFree:         1553444 kB
MemAvailable:    1559992 kB
Buffers:           21508 kB
Cached:           117252 kB
MemTotal:        1844596 kB
MemFree:         1553780 kB
MemAvailable:    1560328 kB
Buffers:           21508 kB
Cached:           117252 kB
MemTotal:        1844596 kB
MemFree:         1553188 kB
MemAvailable:    1559736 kB
Buffers:           21508 kB
Cached:           117252 kB
MemTotal:        1844596 kB
MemFree:         1551836 kB
MemAvailable:    1558384 kB
Buffers:           21508 kB
Cached:           117252 kB
MemTotal:        1844596 kB
MemFree:         1553076 kB
MemAvailable:    1559624 kB
Buffers:           21508 kB
Cached:           117252 kB
MemTotal:        1844596 kB
MemFree:         1551960 kB
MemAvailable:    1558508 kB
Buffers:           21508 kB
Cached:           117252 kB
MemTotal:        1844596 kB
MemFree:         1551952 kB
MemAvailable:    1558500 kB
Buffers:           21508 kB
Cached:           117252 kB
MemTotal:        1844596 kB
MemFree:         1553324 kB
MemAvailable:    1559872 kB
Buffers:           21508 kB
Cached:           117252 kB
MemTotal:        1844596 kB
MemFree:         1553096 kB
MemAvailable:    1559644 kB
Buffers:           21508 kB
Cached:           117252 kB
MemTotal:        1844596 kB
MemFree:         1553348 kB
MemAvailable:    1559896 kB
Buffers:           21508 kB
Cached:           117252 kB
MemTotal:        1844596 kB
MemFree:         1553200 kB
MemAvailable:    1559748 kB
Buffers:           21508 kB
Cached:           117252 kB
MemTotal:        1844596 kB
MemFree:         1553368 kB
MemAvailable:    1559916 kB
Buffers:           21508 kB
Cached:           117252 kB
MemTotal:        1844596 kB
MemFree:         1553116 kB
MemAvailable:    1559664 kB
Buffers:           21508 kB
Cached:           117252 kB
MemTotal:        1844596 kB
MemFree:         1553116 kB
MemAvailable:    1559664 kB
Buffers:           21508 kB
Cached:           117252 kB
MemTotal:        1844596 kB
MemFree:         1551904 kB
MemAvailable:    1558460 kB
Buffers:           21508 kB
Cached:           117260 kB
MemTotal:        1844596 kB
MemFree:         1552964 kB
MemAvailable:    1559520 kB
Buffers:           21508 kB
Cached:           117260 kB
MemTotal:        1844596 kB
MemFree:         1552028 kB
MemAvailable:    1558584 kB
Buffers:           21508 kB
Cached:           117260 kB
MemTotal:        1844596 kB
MemFree:         1552372 kB
MemAvailable:    1558928 kB
Buffers:           21508 kB
Cached:           117260 kB
MemTotal:        1844596 kB
MemFree:         1552624 kB
MemAvailable:    1559180 kB
Buffers:           21508 kB
Cached:           117260 kB
MemTotal:        1844596 kB
MemFree:         1552268 kB
MemAvailable:    1558824 kB
Buffers:           21508 kB
Cached:           117260 kB
MemTotal:        1844596 kB
MemFree:         1552264 kB
MemAvailable:    1558820 kB
Buffers:           21508 kB
Cached:           117260 kB
MemTotal:        1844596 kB
MemFree:         1551016 kB
MemAvailable:    1557572 kB
Buffers:           21508 kB
Cached:           117260 kB
MemTotal:        1844596 kB
MemFree:         1552076 kB
MemAvailable:    1558632 kB
Buffers:           21508 kB
Cached:           117260 kB
MemTotal:        1844596 kB
MemFree:         1552328 kB
MemAvailable:    1558884 kB
Buffers:           21508 kB
Cached:           117260 kB
MemTotal:        1844596 kB
MemFree:         1552132 kB
MemAvailable:    1558688 kB
Buffers:           21508 kB
Cached:           117260 kB
MemTotal:        1844596 kB
MemFree:         1552468 kB
MemAvailable:    1559024 kB
Buffers:           21508 kB
Cached:           117260 kB
MemTotal:        1844596 kB
MemFree:         1552092 kB
MemAvailable:    1558648 kB
Buffers:           21508 kB
Cached:           117260 kB
MemTotal:        1844596 kB
MemFree:         1552344 kB
MemAvailable:    1558900 kB
Buffers:           21508 kB
Cached:           117260 kB
MemTotal:        1844596 kB
MemFree:         1551276 kB
MemAvailable:    1557832 kB
Buffers:           21508 kB
Cached:           117260 kB
MemTotal:        1844596 kB
MemFree:         1550796 kB
MemAvailable:    1557352 kB
Buffers:           21508 kB
Cached:           117260 kB
MemTotal:        1844596 kB
MemFree:         1548300 kB
MemAvailable:    1554856 kB
Buffers:           21508 kB
Cached:           117260 kB
MemTotal:        1844596 kB
MemFree:         1548068 kB
MemAvailable:    1554624 kB
Buffers:           21508 kB
Cached:           117260 kB
MemTotal:        1844596 kB
MemFree:         1544828 kB
MemAvailable:    1551384 kB
Buffers:           21508 kB
Cached:           117260 kB
MemTotal:        1844596 kB
MemFree:         1544472 kB
MemAvailable:    1551028 kB
Buffers:           21508 kB
Cached:           117260 kB
MemTotal:        1844596 kB
MemFree:         1543208 kB
MemAvailable:    1549764 kB
Buffers:           21508 kB
Cached:           117260 kB
MemTotal:        1844596 kB
MemFree:         1544580 kB
MemAvailable:    1551136 kB
Buffers:           21508 kB
Cached:           117260 kB
MemTotal:        1844596 kB
MemFree:         1544316 kB
MemAvailable:    1550872 kB
Buffers:           21508 kB
Cached:           117260 kB
MemTotal:        1844596 kB
MemFree:         1544400 kB
MemAvailable:    1550956 kB
Buffers:           21508 kB
Cached:           117260 kB
MemTotal:        1844596 kB
MemFree:         1544196 kB
MemAvailable:    1550752 kB
Buffers:           21508 kB
Cached:           117260 kB
MemTotal:        1844596 kB
MemFree:         1544348 kB
MemAvailable:    1550904 kB
Buffers:           21508 kB
Cached:           117260 kB
MemTotal:        1844596 kB
MemFree:         1544280 kB
MemAvailable:    1550836 kB
Buffers:           21508 kB
Cached:           117260 kB
MemTotal:        1844596 kB
MemFree:         1544448 kB
MemAvailable:    1551004 kB
Buffers:           21508 kB
Cached:           117260 kB
MemTotal:        1844596 kB
MemFree:         1542828 kB
MemAvailable:    1549384 kB
Buffers:           21508 kB
Cached:           117260 kB
MemTotal:        1844596 kB
MemFree:         1544388 kB
MemAvailable:    1550944 kB
Buffers:           21508 kB
Cached:           117260 kB
MemTotal:        1844596 kB
MemFree:         1544208 kB
MemAvailable:    1550764 kB
Buffers:           21508 kB
Cached:           117260 kB
MemTotal:        1844596 kB
MemFree:         1544208 kB
MemAvailable:    1550764 kB
Buffers:           21508 kB
Cached:           117260 kB
MemTotal:        1844596 kB
MemFree:         1544196 kB
MemAvailable:    1550752 kB
Buffers:           21508 kB
Cached:           117260 kB
MemTotal:        1844596 kB
MemFree:         1544448 kB
MemAvailable:    1551004 kB
Buffers:           21508 kB
Cached:           117260 kB
MemTotal:        1844596 kB
MemFree:         1544016 kB
MemAvailable:    1550572 kB
Buffers:           21508 kB
Cached:           117260 kB
MemTotal:        1844596 kB
MemFree:         1544100 kB
MemAvailable:    1550656 kB
Buffers:           21508 kB
Cached:           117260 kB
MemTotal:        1844596 kB
MemFree:         1543524 kB
MemAvailable:    1550080 kB
Buffers:           21508 kB
Cached:           117260 kB
MemTotal:        1844596 kB
MemFree:         1543524 kB
MemAvailable:    1550080 kB
Buffers:           21508 kB
Cached:           117260 kB
MemTotal:        1844596 kB
MemFree:         1543092 kB
MemAvailable:    1549648 kB
Buffers:           21508 kB
Cached:           117260 kB
MemTotal:        1844596 kB
MemFree:         1542736 kB
MemAvailable:    1549292 kB
Buffers:           21508 kB
Cached:           117260 kB
MemTotal:        1844596 kB
MemFree:         1542780 kB
MemAvailable:    1549336 kB
Buffers:           21508 kB
Cached:           117260 kB
MemTotal:        1844596 kB
MemFree:         1541348 kB
MemAvailable:    1547904 kB
Buffers:           21508 kB
Cached:           117260 kB
MemTotal:        1844596 kB
MemFree:         1541092 kB
MemAvailable:    1547648 kB
Buffers:           21508 kB
Cached:           117260 kB
MemTotal:        1844596 kB
MemFree:         1541496 kB
MemAvailable:    1548052 kB
Buffers:           21508 kB
Cached:           117260 kB
MemTotal:        1844596 kB
MemFree:         1541384 kB
MemAvailable:    1547940 kB
Buffers:           21508 kB
Cached:           117260 kB
MemTotal:        1844596 kB
MemFree:         1540076 kB
MemAvailable:    1546632 kB
Buffers:           21508 kB
Cached:           117260 kB
MemTotal:        1844596 kB
MemFree:         1540612 kB
MemAvailable:    1547168 kB
Buffers:           21508 kB
Cached:           117260 kB
MemTotal:        1844596 kB
MemFree:         1540864 kB
MemAvailable:    1547420 kB
Buffers:           21508 kB
Cached:           117260 kB
MemTotal:        1844596 kB
MemFree:         1540600 kB
MemAvailable:    1547156 kB
Buffers:           21508 kB
Cached:           117260 kB
MemTotal:        1844596 kB
MemFree:         1540852 kB
MemAvailable:    1547408 kB
Buffers:           21508 kB
Cached:           117260 kB
MemTotal:        1844596 kB
MemFree:         1540668 kB
MemAvailable:    1547224 kB
Buffers:           21508 kB
Cached:           117260 kB
MemTotal:        1844596 kB
MemFree:         1539104 kB
MemAvailable:    1545660 kB
Buffers:           21508 kB
Cached:           117260 kB
MemTotal:        1844596 kB
MemFree:         1540468 kB
MemAvailable:    1547024 kB
Buffers:           21508 kB
Cached:           117260 kB
MemTotal:        1844596 kB
MemFree:         1540324 kB
MemAvailable:    1546880 kB
Buffers:           21508 kB
Cached:           117260 kB
MemTotal:        1844596 kB
MemFree:         1540280 kB
MemAvailable:    1546836 kB
Buffers:           21508 kB
Cached:           117260 kB
MemTotal:        1844596 kB
MemFree:         1540220 kB
MemAvailable:    1546776 kB
Buffers:           21508 kB
Cached:           117260 kB
MemTotal:        1844596 kB
MemFree:         1539104 kB
MemAvailable:    1545660 kB
Buffers:           21508 kB
Cached:           117260 kB
MemTotal:        1844596 kB
MemFree:         1539944 kB
MemAvailable:    1546500 kB
Buffers:           21508 kB
Cached:           117260 kB
MemTotal:        1844596 kB
MemFree:         1538768 kB
MemAvailable:    1545324 kB
Buffers:           21508 kB
Cached:           117260 kB
MemTotal:        1844596 kB
MemFree:         1539676 kB
MemAvailable:    1546232 kB
Buffers:           21508 kB
Cached:           117260 kB
MemTotal:        1844596 kB
MemFree:         1537388 kB
MemAvailable:    1543944 kB
Buffers:           21508 kB
Cached:           117260 kB
MemTotal:        1844596 kB
MemFree:         1531816 kB
MemAvailable:    1538372 kB
Buffers:           21508 kB
Cached:           117260 kB
MemTotal:        1844596 kB
MemFree:         1533048 kB
MemAvailable:    1539688 kB
Buffers:           21508 kB
Cached:           117384 kB
MemTotal:        1844596 kB
MemFree:         1531684 kB
MemAvailable:    1538408 kB
Buffers:           21508 kB
Cached:           117508 kB
MemTotal:        1844596 kB
MemFree:         1532628 kB
MemAvailable:    1539604 kB
Buffers:           21508 kB
Cached:           117632 kB
MemTotal:        1844596 kB
MemFree:         1532456 kB
MemAvailable:    1539516 kB
Buffers:           21508 kB
Cached:           117756 kB
MemTotal:        1844596 kB
MemFree:         1532492 kB
MemAvailable:    1539552 kB
Buffers:           21508 kB
Cached:           117880 kB
MemTotal:        1844596 kB
MemFree:         1531148 kB
MemAvailable:    1538292 kB
Buffers:           21508 kB
Cached:           117880 kB
MemTotal:        1844596 kB
MemFree:         1531272 kB
MemAvailable:    1538416 kB
Buffers:           21508 kB
Cached:           117880 kB
MemTotal:        1844596 kB
MemFree:         1532248 kB
MemAvailable:    1539476 kB
Buffers:           21508 kB
Cached:           117880 kB
MemTotal:        1844596 kB
MemFree:         1532248 kB
MemAvailable:    1539476 kB
Buffers:           21508 kB
Cached:           117880 kB
MemTotal:        1844596 kB
MemFree:         1532168 kB
MemAvailable:    1539396 kB
Buffers:           21508 kB
Cached:           117880 kB
MemTotal:        1844596 kB
MemFree:         1532504 kB
MemAvailable:    1539732 kB
Buffers:           21508 kB
Cached:           117880 kB
MemTotal:        1844596 kB
MemFree:         1531012 kB
MemAvailable:    1538240 kB
Buffers:           21508 kB
Cached:           117880 kB
MemTotal:        1844596 kB
MemFree:         1531444 kB
MemAvailable:    1538672 kB
Buffers:           21508 kB
Cached:           117880 kB
MemTotal:        1844596 kB
MemFree:         1532348 kB
MemAvailable:    1538988 kB
Buffers:           21508 kB
Cached:           117332 kB
MemTotal:        1844596 kB
MemFree:         1532436 kB
MemAvailable:    1539076 kB
Buffers:           21508 kB
Cached:           117332 kB
MemTotal:        1844596 kB
MemFree:         1602032 kB
MemAvailable:    1608676 kB
Buffers:           21508 kB
Cached:           117336 kB
