MemTotal:        1844596 kB
MemFree:         1509192 kB
MemAvailable:    1568704 kB
Buffers:           27908 kB
Cached:           164076 kB
MemTotal:        1844596 kB
MemFree:         1508812 kB
MemAvailable:    1568324 kB
Buffers:           27908 kB
Cached:           164076 kB
MemTotal:        1844596 kB
MemFree:         1508076 kB
MemAvailable:    1567588 kB
Buffers:           27908 kB
Cached:           164076 kB
MemTotal:        1844596 kB
MemFree:         1504920 kB
MemAvailable:    1564432 kB
Buffers:           27908 kB
Cached:           164076 kB
MemTotal:        1844596 kB
MemFree:         1506836 kB
MemAvailable:    1566348 kB
Buffers:           27908 kB
Cached:           164076 kB
MemTotal:        1844596 kB
MemFree:         1506532 kB
MemAvailable:    1566044 kB
Buffers:           27908 kB
Cached:           164076 kB
MemTotal:        1844596 kB
MemFree:         1504356 kB
MemAvailable:    1563868 kB
Buffers:           27908 kB
Cached:           164076 kB
MemTotal:        1844596 kB
MemFree:         1502240 kB
MemAvailable:    1561752 kB
Buffers:           27908 kB
Cached:           164076 kB
MemTotal:        1844596 kB
MemFree:         1500884 kB
MemAvailable:    1560396 kB
Buffers:           27908 kB
Cached:           164076 kB
MemTotal:        1844596 kB
MemFree:         1498776 kB
MemAvailable:    1558288 kB
Buffers:           27908 kB
Cached:           164076 kB
MemTotal:        1844596 kB
MemFree:         1495844 kB
MemAvailable:    1555356 kB
Buffers:           27908 kB
Cached:           164076 kB
MemTotal:        1844596 kB
MemFree:         1496304 kB
MemAvailable:    1555816 kB
Buffers:           27908 kB
Cached:           164076 kB
MemTotal:        1844596 kB
MemFree:         1495620 kB
MemAvailable:    1555132 kB
Buffers:           27908 kB
Cached:           164076 kB
MemTotal:        1844596 kB
MemFree:         1496604 kB
MemAvailable:    1556116 kB
Buffers:           27908 kB
Cached:           164076 kB
MemTotal:        1844596 kB
MemFree:         1496804 kB
MemAvailable:    1556316 kB
Buffers:           27908 kB
Cached:           164076 kB
MemTotal:        1844596 kB
MemFree:         1495504 kB
MemAvailable:    1555016 kB
Buffers:           27908 kB
Cached:           164076 kB
MemTotal:        1844596 kB
MemFree:         1496280 kB
MemAvailable:    1555792 kB
Buffers:           27908 kB
Cached:           164076 kB
MemTotal:        1844596 kB
MemFree:         1496172 kB
MemAvailable:    1555684 kB
Buffers:           27908 kB
Cached:           164076 kB
MemTotal:        1844596 kB
MemFree:         1495596 kB
MemAvailable:    1555108 kB
Buffers:           27908 kB
Cached:           164076 kB
MemTotal:        1844596 kB
MemFree:         1493948 kB
MemAvailable:    1553460 kB
Buffers:           27908 kB
Cached:           164076 kB
MemTotal:        1844596 kB
MemFree:         1494488 kB
MemAvailable:    1554004 kB
Buffers:           27908 kB
Cached:           164080 kB
MemTotal:        1844596 kB
MemFree:         1494380 kB
MemAvailable:    1553896 kB
Buffers:           27908 kB
Cached:           164080 kB
MemTotal:        1844596 kB
MemFree:         1493444 kB
MemAvailable:    1552960 kB
Buffers:           27908 kB
Cached:           164080 kB
MemTotal:        1844596 kB
MemFree:         1494068 kB
MemAvailable:    1553584 kB
Buffers:           27908 kB
Cached:           164080 kB
MemTotal:        1844596 kB
MemFree:         1494192 kB
MemAvailable:    1553708 kB
Buffers:           27908 kB
Cached:           164080 kB
MemTotal:        1844596 kB
MemFree:         1494116 kB
MemAvailable:    1553632 kB
Buffers:           27908 kB
Cached:           164080 kB
MemTotal:        1844596 kB
MemFree:         1494368 kB
MemAvailable:    1553884 kB
Buffers:           27908 kB
Cached:           164080 kB
MemTotal:        1844596 kB
MemFree:         1493004 kB
MemAvailable:    1552520 kB
Buffers:           27908 kB
Cached:           164080 kB
MemTotal:        1844596 kB
MemFree:         1494312 kB
MemAvailable:    1553828 kB
Buffers:           27908 kB
Cached:           164080 kB
MemTotal:        1844596 kB
MemFree:         1495324 kB
MemAvailable:    1554840 kB
Buffers:           27908 kB
Cached:           164080 kB
MemTotal:        1844596 kB
MemFree:         1495660 kB
MemAvailable:    1555176 kB
Buffers:           27908 kB
Cached:           164080 kB
MemTotal:        1844596 kB
MemFree:         1494056 kB
MemAvailable:    1553576 kB
Buffers:           27908 kB
Cached:           164084 kB
MemTotal:        1844596 kB
MemFree:         1492188 kB
MemAvailable:    1551708 kB
Buffers:           27908 kB
Cached:           164084 kB
MemTotal:        1844596 kB
MemFree:         1492080 kB
MemAvailable:    1551600 kB
Buffers:           27908 kB
Cached:           164084 kB
MemTotal:        1844596 kB
MemFree:         1491692 kB
MemAvailable:    1551212 kB
Buffers:           27908 kB
Cached:           164084 kB
MemTotal:        1844596 kB
MemFree:         1491272 kB
MemAvailable:    1550792 kB
Buffers:           27908 kB
Cached:           164084 kB
MemTotal:        1844596 kB
MemFree:         1490096 kB
MemAvailable:    1549616 kB
Buffers:           27908 kB
Cached:           164084 kB
MemTotal:        1844596 kB
MemFree:         1490652 kB
MemAvailable:    1550172 kB
Buffers:           27908 kB
Cached:           164084 kB
MemTotal:        1844596 kB
MemFree:         1490460 kB
MemAvailable:    1549980 kB
Buffers:           27908 kB
Cached:           164084 kB
MemTotal:        1844596 kB
MemFree:         1489352 kB
MemAvailable:    1548872 kB
Buffers:           27908 kB
Cached:           164084 kB
MemTotal:        1844596 kB
MemFree:         1490228 kB
MemAvailable:    1549748 kB
Buffers:           27908 kB
Cached:           164084 kB
MemTotal:        1844596 kB
MemFree:         1489476 kB
MemAvailable:    1548996 kB
Buffers:           27908 kB
Cached:           164084 kB
MemTotal:        1844596 kB
MemFree:         1488968 kB
MemAvailable:    1548488 kB
Buffers:           27908 kB
Cached:           164084 kB
MemTotal:        1844596 kB
MemFree:         1489092 kB
MemAvailable:    1548612 kB
Buffers:           27908 kB
Cached:           164084 kB
MemTotal:        1844596 kB
MemFree:         1490180 kB
MemAvailable:    1549700 kB
Buffers:           27908 kB
Cached:           164084 kB
MemTotal:        1844596 kB
MemFree:         1489924 kB
MemAvailable:    1549444 kB
Buffers:           27908 kB
Cached:           164084 kB
MemTotal:        1844596 kB
MemFree:         1488856 kB
MemAvailable:    1548376 kB
Buffers:           27908 kB
Cached:           164084 kB
MemTotal:        1844596 kB
MemFree:         1489712 kB
MemAvailable:    1549232 kB
Buffers:           27908 kB
Cached:           164084 kB
MemTotal:        1844596 kB
MemFree:         1488340 kB
MemAvailable:    1547860 kB
Buffers:           27908 kB
Cached:           164084 kB
MemTotal:        1844596 kB
MemFree:         1487848 kB
MemAvailable:    1547368 kB
Buffers:           27908 kB
Cached:           164084 kB
MemTotal:        1844596 kB
MemFree:         1487808 kB
MemAvailable:    1547328 kB
Buffers:           27908 kB
Cached:           164084 kB
MemTotal:        1844596 kB
MemFree:         1489104 kB
MemAvailable:    1548624 kB
Buffers:           27908 kB
Cached:           164084 kB
MemTotal:        1844596 kB
MemFree:         1489076 kB
MemAvailable:    1548596 kB
Buffers:           27908 kB
Cached:           164084 kB
MemTotal:        1844596 kB
MemFree:         1489076 kB
MemAvailable:    1548596 kB
Buffers:           27908 kB
Cached:           164084 kB
MemTotal:        1844596 kB
MemFree:         1487800 kB
MemAvailable:    1547320 kB
Buffers:           27908 kB
Cached:           164084 kB
MemTotal:        1844596 kB
MemFree:         1489104 kB
MemAvailable:    1548624 kB
Buffers:           27908 kB
Cached:           164084 kB
MemTotal:        1844596 kB
MemFree:         1488972 kB
MemAvailable:    1548492 kB
Buffers:           27908 kB
Cached:           164084 kB
MemTotal:        1844596 kB
MemFree:         1489096 kB
MemAvailable:    1548616 kB
Buffers:           27908 kB
Cached:           164084 kB
MemTotal:        1844596 kB
MemFree:         1489328 kB
MemAvailable:    1548848 kB
Buffers:           27908 kB
Cached:           164084 kB
MemTotal:        1844596 kB
MemFree:         1488484 kB
MemAvailable:    1548004 kB
Buffers:           27908 kB
Cached:           164084 kB
MemTotal:        1844596 kB
MemFree:         1487980 kB
MemAvailable:    1547500 kB
Buffers:           27908 kB
Cached:           164084 kB
MemTotal:        1844596 kB
MemFree:         1487864 kB
MemAvailable:    1547384 kB
Buffers:           27908 kB
Cached:           164084 kB
MemTotal:        1844596 kB
MemFree:         1487608 kB
MemAvailable:    1547128 kB
Buffers:           27908 kB
Cached:           164084 kB
MemTotal:        1844596 kB
MemFree:         1487616 kB
MemAvailable:    1547136 kB
Buffers:           27908 kB
Cached:           164084 kB
MemTotal:        1844596 kB
MemFree:         1488792 kB
MemAvailable:    1548312 kB
Buffers:           27908 kB
Cached:           164084 kB
MemTotal:        1844596 kB
MemFree:         1488608 kB
MemAvailable:    1548128 kB
Buffers:           27908 kB
Cached:           164084 kB
MemTotal:        1844596 kB
MemFree:         1488732 kB
MemAvailable:    1548252 kB
Buffers:           27908 kB
Cached:           164084 kB
MemTotal:        1844596 kB
MemFree:         1487616 kB
MemAvailable:    1547136 kB
Buffers:           27908 kB
Cached:           164084 kB
MemTotal:        1844596 kB
MemFree:         1487908 kB
MemAvailable:    1547428 kB
Buffers:           27908 kB
Cached:           164084 kB
MemTotal:        1844596 kB
MemFree:         1488244 kB
MemAvailable:    1547764 kB
Buffers:           27908 kB
Cached:           164084 kB
MemTotal:        1844596 kB
MemFree:         1488236 kB
MemAvailable:    1547756 kB
Buffers:           27908 kB
Cached:           164084 kB
MemTotal:        1844596 kB
MemFree:         1488212 kB
MemAvailable:    1547732 kB
Buffers:           27908 kB
Cached:           164084 kB
MemTotal:        1844596 kB
MemFree:         1487616 kB
MemAvailable:    1547136 kB
Buffers:           27908 kB
Cached:           164084 kB
MemTotal:        1844596 kB
MemFree:         1488160 kB
MemAvailable:    1547680 kB
Buffers:           27908 kB
Cached:           164084 kB
MemTotal:        1844596 kB
MemFree:         1486936 kB
MemAvailable:    1546456 kB
Buffers:           27908 kB
Cached:           164084 kB
MemTotal:        1844596 kB
MemFree:         1486804 kB
MemAvailable:    1546324 kB
Buffers:           27908 kB
Cached:           164084 kB
MemTotal:        1844596 kB
MemFree:         1484260 kB
MemAvailable:    1543780 kB
Buffers:           27908 kB
Cached:           164084 kB
MemTotal:        1844596 kB
MemFree:         1486004 kB
MemAvailable:    1545524 kB
Buffers:           27908 kB
Cached:           164084 kB
MemTotal:        1844596 kB
MemFree:         1480780 kB
MemAvailable:    1540300 kB
Buffers:           27908 kB
Cached:           164084 kB
MemTotal:        1844596 kB
MemFree:         1480780 kB
MemAvailable:    1540300 kB
Buffers:           27908 kB
Cached:           164084 kB
MemTotal:        1844596 kB
MemFree:         1480352 kB
MemAvailable:    1539872 kB
Buffers:           27908 kB
Cached:           164084 kB
MemTotal:        1844596 kB
MemFree:         1480352 kB
MemAvailable:    1539872 kB
Buffers:           27908 kB
Cached:           164084 kB
MemTotal:        1844596 kB
MemFree:         1480120 kB
MemAvailable:    1539640 kB
Buffers:           27908 kB
Cached:           164084 kB
MemTotal:        1844596 kB
MemFree:         1480300 kB
MemAvailable:    1539820 kB
Buffers:           27908 kB
Cached:           164084 kB
MemTotal:        1844596 kB
MemFree:         1480276 kB
MemAvailable:    1539796 kB
Buffers:           27908 kB
Cached:           164084 kB
MemTotal:        1844596 kB
MemFree:         1480132 kB
MemAvailable:    1539652 kB
Buffers:           27908 kB
Cached:           164084 kB
MemTotal:        1844596 kB
MemFree:         1480384 kB
MemAvailable:    1539904 kB
Buffers:           27908 kB
Cached:           164084 kB
MemTotal:        1844596 kB
MemFree:         1479040 kB
MemAvailable:    1538560 kB
Buffers:           27908 kB
Cached:           164084 kB
MemTotal:        1844596 kB
MemFree:         1480028 kB
MemAvailable:    1539548 kB
Buffers:           27908 kB
Cached:           164084 kB
MemTotal:        1844596 kB
MemFree:         1480028 kB
MemAvailable:    1539548 kB
Buffers:           27908 kB
Cached:           164084 kB
MemTotal:        1844596 kB
MemFree:         1480140 kB
MemAvailable:    1539660 kB
Buffers:           27908 kB
Cached:           164084 kB
MemTotal:        1844596 kB
MemFree:         1480224 kB
MemAvailable:    1539744 kB
Buffers:           27908 kB
Cached:           164084 kB
MemTotal:        1844596 kB
MemFree:         1480176 kB
MemAvailable:    1539696 kB
Buffers:           27908 kB
Cached:           164084 kB
MemTotal:        1844596 kB
MemFree:         1480236 kB
MemAvailable:    1539756 kB
Buffers:           27908 kB
Cached:           164084 kB
MemTotal:        1844596 kB
MemFree:         1479556 kB
MemAvailable:    1539076 kB
Buffers:           27908 kB
Cached:           164084 kB
MemTotal:        1844596 kB
MemFree:         1479664 kB
MemAvailable:    1539184 kB
Buffers:           27908 kB
Cached:           164084 kB
MemTotal:        1844596 kB
MemFree:         1480000 kB
MemAvailable:    1539520 kB
Buffers:           27908 kB
Cached:           164084 kB
MemTotal:        1844596 kB
MemFree:         1478424 kB
MemAvailable:    1537944 kB
Buffers:           27908 kB
Cached:           164084 kB
MemTotal:        1844596 kB
MemFree:         1477936 kB
MemAvailable:    1537456 kB
Buffers:           27908 kB
Cached:           164084 kB
MemTotal:        1844596 kB
MemFree:         1478872 kB
MemAvailable:    1538392 kB
Buffers:           27908 kB
Cached:           164084 kB
MemTotal:        1844596 kB
MemFree:         1477572 kB
MemAvailable:    1537092 kB
Buffers:           27908 kB
Cached:           164084 kB
MemTotal:        1844596 kB
MemFree:         1478488 kB
MemAvailable:    1538008 kB
Buffers:           27908 kB
Cached:           164084 kB
MemTotal:        1844596 kB
MemFree:         1478356 kB
MemAvailable:    1537876 kB
Buffers:           27908 kB
Cached:           164084 kB
MemTotal:        1844596 kB
MemFree:         1477308 kB
MemAvailable:    1536828 kB
Buffers:           27908 kB
Cached:           164084 kB
MemTotal:        1844596 kB
MemFree:         1477644 kB
MemAvailable:    1537164 kB
Buffers:           27908 kB
Cached:           164084 kB
MemTotal:        1844596 kB
MemFree:         1476688 kB
MemAvailable:    1536208 kB
Buffers:           27908 kB
Cached:           164084 kB
MemTotal:        1844596 kB
MemFree:         1477024 kB
MemAvailable:    1536544 kB
Buffers:           27908 kB
Cached:           164084 kB
MemTotal:        1844596 kB
MemFree:         1476640 kB
MemAvailable:    1536160 kB
Buffers:           27908 kB
Cached:           164084 kB
MemTotal:        1844596 kB
MemFree:         1476640 kB
MemAvailable:    1536160 kB
Buffers:           27908 kB
Cached:           164084 kB
MemTotal:        1844596 kB
MemFree:         1476424 kB
MemAvailable:    1535944 kB
Buffers:           27908 kB
Cached:           164084 kB
MemTotal:        1844596 kB
MemFree:         1476676 kB
MemAvailable:    1536196 kB
Buffers:           27908 kB
Cached:           164084 kB
MemTotal:        1844596 kB
MemFree:         1476636 kB
MemAvailable:    1536156 kB
Buffers:           27908 kB
Cached:           164084 kB
MemTotal:        1844596 kB
MemFree:         1476332 kB
MemAvailable:    1535860 kB
Buffers:           27908 kB
Cached:           164092 kB
MemTotal:        1844596 kB
MemFree:         1476284 kB
MemAvailable:    1535812 kB
Buffers:           27908 kB
Cached:           164092 kB
MemTotal:        1844596 kB
MemFree:         1476284 kB
MemAvailable:    1535812 kB
Buffers:           27908 kB
Cached:           164092 kB
MemTotal:        1844596 kB
MemFree:         1476144 kB
MemAvailable:    1535672 kB
Buffers:           27908 kB
Cached:           164092 kB
MemTotal:        1844596 kB
MemFree:         1475908 kB
MemAvailable:    1535436 kB
Buffers:           27908 kB
Cached:           164092 kB
MemTotal:        1844596 kB
MemFree:         1475456 kB
MemAvailable:    1534984 kB
Buffers:           27908 kB
Cached:           164092 kB
MemTotal:        1844596 kB
MemFree:         1474968 kB
MemAvailable:    1534496 kB
Buffers:           27908 kB
Cached:           164092 kB
MemTotal:        1844596 kB
MemFree:         1475448 kB
MemAvailable:    1534976 kB
Buffers:           27908 kB
Cached:           164092 kB
MemTotal:        1844596 kB
MemFree:         1475616 kB
MemAvailable:    1535144 kB
Buffers:           27908 kB
Cached:           164092 kB
MemTotal:        1844596 kB
MemFree:         1470068 kB
MemAvailable:    1529596 kB
Buffers:           27908 kB
Cached:           164092 kB
MemTotal:        1844596 kB
MemFree:         1467404 kB
MemAvailable:    1526932 kB
Buffers:           27908 kB
Cached:           164092 kB
MemTotal:        1844596 kB
MemFree:         1466032 kB
MemAvailable:    1525560 kB
Buffers:           27908 kB
Cached:           164092 kB
MemTotal:        1844596 kB
MemFree:         1467388 kB
MemAvailable:    1526916 kB
Buffers:           27908 kB
Cached:           164092 kB
MemTotal:        1844596 kB
MemFree:         1466024 kB
MemAvailable:    1525552 kB
Buffers:           27908 kB
Cached:           164092 kB
MemTotal:        1844596 kB
MemFree:         1467208 kB
MemAvailable:    1526736 kB
Buffers:           27908 kB
Cached:           164092 kB
MemTotal:        1844596 kB
MemFree:         1467208 kB
MemAvailable:    1526736 kB
Buffers:           27908 kB
Cached:           164092 kB
MemTotal:        1844596 kB
MemFree:         1469120 kB
MemAvailable:    1528648 kB
Buffers:           27908 kB
Cached:           164092 kB
MemTotal:        1844596 kB
MemFree:         1469120 kB
MemAvailable:    1528648 kB
Buffers:           27908 kB
Cached:           164092 kB
MemTotal:        1844596 kB
MemFree:         1468952 kB
MemAvailable:    1528564 kB
Buffers:           27908 kB
Cached:           164216 kB
MemTotal:        1844596 kB
MemFree:         1469288 kB
MemAvailable:    1528900 kB
Buffers:           27908 kB
Cached:           164216 kB
MemTotal:        1844596 kB
MemFree:         1469020 kB
MemAvailable:    1528800 kB
Buffers:           27908 kB
Cached:           164340 kB
MemTotal:        1844596 kB
MemFree:         1468396 kB
MemAvailable:    1528260 kB
Buffers:           27908 kB
Cached:           164464 kB
MemTotal:        1844596 kB
MemFree:         1468616 kB
MemAvailable:    1528648 kB
Buffers:           27908 kB
Cached:           164588 kB
MemTotal:        1844596 kB
MemFree:         1468808 kB
MemAvailable:    1528756 kB
Buffers:           27908 kB
Cached:           164588 kB
MemTotal:        1844596 kB
MemFree:         1468644 kB
MemAvailable:    1528760 kB
Buffers:           27908 kB
Cached:           164712 kB
MemTotal:        1844596 kB
MemFree:         1467212 kB
MemAvailable:    1527328 kB
Buffers:           27908 kB
Cached:           164712 kB
MemTotal:        1844596 kB
MemFree:         1468512 kB
MemAvailable:    1528628 kB
Buffers:           27908 kB
Cached:           164836 kB
MemTotal:        1844596 kB
MemFree:         1468272 kB
MemAvailable:    1528472 kB
Buffers:           27908 kB
Cached:           164836 kB
MemTotal:        1844596 kB
MemFree:         1468452 kB
MemAvailable:    1528652 kB
Buffers:           27908 kB
Cached:           164836 kB
MemTotal:        1844596 kB
MemFree:         1468652 kB
MemAvailable:    1528852 kB
Buffers:           27908 kB
Cached:           164836 kB
MemTotal:        1844596 kB
MemFree:         1468512 kB
MemAvailable:    1528712 kB
Buffers:           27908 kB
Cached:           164836 kB
MemTotal:        1844596 kB
MemFree:         1468456 kB
MemAvailable:    1528656 kB
Buffers:           27908 kB
Cached:           164836 kB
MemTotal:        1844596 kB
MemFree:         1467148 kB
MemAvailable:    1527348 kB
Buffers:           27908 kB
Cached:           164836 kB
MemTotal:        1844596 kB
MemFree:         1469044 kB
MemAvailable:    1528656 kB
Buffers:           27908 kB
Cached:           164204 kB
MemTotal:        1844596 kB
MemFree:         1509748 kB
MemAvailable:    1569360 kB
Buffers:           27908 kB
Cached:           164204 kB
MemTotal:        1844596 kB
MemFree:         1533860 kB
MemAvailable:    1593472 kB
Buffers:           27908 kB
Cached:           164204 kB
