MemTotal:        1844596 kB
MemFree:         1522756 kB
MemAvailable:    1570980 kB
Buffers:           26540 kB
Cached:           155088 kB
MemTotal:        1844596 kB
MemFree:         1520684 kB
MemAvailable:    1568908 kB
Buffers:           26540 kB
Cached:           155088 kB
MemTotal:        1844596 kB
MemFree:         1518948 kB
MemAvailable:    1567172 kB
Buffers:           26540 kB
Cached:           155088 kB
MemTotal:        1844596 kB
MemFree:         1518760 kB
MemAvailable:    1566984 kB
Buffers:           26540 kB
Cached:           155088 kB
MemTotal:        1844596 kB
MemFree:         1518636 kB
MemAvailable:    1566860 kB
Buffers:           26540 kB
Cached:           155088 kB
MemTotal:        1844596 kB
MemFree:         1517460 kB
MemAvailable:    1565684 kB
Buffers:           26540 kB
Cached:           155088 kB
MemTotal:        1844596 kB
MemFree:         1516088 kB
MemAvailable:    1564312 kB
Buffers:           26540 kB
Cached:           155088 kB
MemTotal:        1844596 kB
MemFree:         1513864 kB
MemAvailable:    1562088 kB
Buffers:           26540 kB
Cached:           155088 kB
MemTotal:        1844596 kB
MemFree:         1511260 kB
MemAvailable:    1559484 kB
Buffers:           26540 kB
Cached:           155088 kB
MemTotal:        1844596 kB
MemFree:         1507524 kB
MemAvailable:    1555748 kB
Buffers:           26540 kB
Cached:           155088 kB
MemTotal:        1844596 kB
MemFree:         1507416 kB
MemAvailable:    1555640 kB
Buffers:           26540 kB
Cached:           155088 kB
MemTotal:        1844596 kB
MemFree:         1508576 kB
MemAvailable:    1556800 kB
Buffers:           26540 kB
Cached:           155088 kB
MemTotal:        1844596 kB
MemFree:         1507500 kB
MemAvailable:    1555724 kB
Buffers:           26540 kB
Cached:           155088 kB
MemTotal:        1844596 kB
MemFree:         1508732 kB
MemAvailable:    1556956 kB
Buffers:           26540 kB
Cached:           155088 kB
MemTotal:        1844596 kB
MemFree:         1508044 kB
MemAvailable:    1556268 kB
Buffers:           26540 kB
Cached:           155088 kB
MemTotal:        1844596 kB
MemFree:         1509008 kB
MemAvailable:    1557232 kB
Buffers:           26540 kB
Cached:           155088 kB
MemTotal:        1844596 kB
MemFree:         1507788 kB
MemAvailable:    1556012 kB
Buffers:           26540 kB
Cached:           155088 kB
MemTotal:        1844596 kB
MemFree:         1508284 kB
MemAvailable:    1556508 kB
Buffers:           26540 kB
Cached:           155088 kB
MemTotal:        1844596 kB
MemFree:         1506796 kB
MemAvailable:    1555020 kB
Buffers:           26540 kB
Cached:           155088 kB
MemTotal:        1844596 kB
MemFree:         1506780 kB
MemAvailable:    1555004 kB
Buffers:           26540 kB
Cached:           155088 kB
MemTotal:        1844596 kB
MemFree:         1506920 kB
MemAvailable:    1555144 kB
Buffers:           26540 kB
Cached:           155088 kB
MemTotal:        1844596 kB
MemFree:         1505052 kB
MemAvailable:    1553276 kB
Buffers:           26540 kB
Cached:           155088 kB
MemTotal:        1844596 kB
MemFree:         1505052 kB
MemAvailable:    1553276 kB
Buffers:           26540 kB
Cached:           155088 kB
MemTotal:        1844596 kB
MemFree:         1506028 kB
MemAvailable:    1554252 kB
Buffers:           26540 kB
Cached:           155088 kB
MemTotal:        1844596 kB
MemFree:         1506364 kB
MemAvailable:    1554588 kB
Buffers:           26540 kB
Cached:           155088 kB
MemTotal:        1844596 kB
MemFree:         1504920 kB
MemAvailable:    1553144 kB
Buffers:           26540 kB
Cached:           155088 kB
MemTotal:        1844596 kB
MemFree:         1505004 kB
MemAvailable:    1553228 kB
Buffers:           26540 kB
Cached:           155088 kB
MemTotal:        1844596 kB
MemFree:         1505176 kB
MemAvailable:    1553400 kB
Buffers:           26540 kB
Cached:           155088 kB
MemTotal:        1844596 kB
MemFree:         1506016 kB
MemAvailable:    1554240 kB
Buffers:           26540 kB
Cached:           155088 kB
MemTotal:        1844596 kB
MemFree:         1507528 kB
MemAvailable:    1555752 kB
Buffers:           26540 kB
Cached:           155088 kB
MemTotal:        1844596 kB
MemFree:         1506128 kB
MemAvailable:    1554352 kB
Buffers:           26540 kB
Cached:           155088 kB
MemTotal:        1844596 kB
MemFree:         1507484 kB
MemAvailable:    1555708 kB
Buffers:           26540 kB
Cached:           155088 kB
MemTotal:        1844596 kB
MemFree:         1504052 kB
MemAvailable:    1552276 kB
Buffers:           26540 kB
Cached:           155088 kB
MemTotal:        1844596 kB
MemFree:         1504052 kB
MemAvailable:    1552276 kB
Buffers:           26540 kB
Cached:           155088 kB
MemTotal:        1844596 kB
MemFree:         1503500 kB
MemAvailable:    1551724 kB
Buffers:           26540 kB
Cached:           155088 kB
MemTotal:        1844596 kB
MemFree:         1503836 kB
MemAvailable:    1552060 kB
Buffers:           26540 kB
Cached:           155088 kB
MemTotal:        1844596 kB
MemFree:         1502944 kB
MemAvailable:    1551168 kB
Buffers:           26540 kB
Cached:           155088 kB
MemTotal:        1844596 kB
MemFree:         1502944 kB
MemAvailable:    1551168 kB
Buffers:           26540 kB
Cached:           155088 kB
MemTotal:        1844596 kB
MemFree:         1502068 kB
MemAvailable:    1550292 kB
Buffers:           26540 kB
Cached:           155088 kB
MemTotal:        1844596 kB
MemFree:         1502152 kB
MemAvailable:    1550376 kB
Buffers:           26540 kB
Cached:           155088 kB
MemTotal:        1844596 kB
MemFree:         1500832 kB
MemAvailable:    1549056 kB
Buffers:           26540 kB
Cached:           155088 kB
MemTotal:        1844596 kB
MemFree:         1502056 kB
MemAvailable:    1550280 kB
Buffers:           26540 kB
Cached:           155088 kB
MemTotal:        1844596 kB
MemFree:         1501900 kB
MemAvailable:    1550124 kB
Buffers:           26540 kB
Cached:           155088 kB
MemTotal:        1844596 kB
MemFree:         1501828 kB
MemAvailable:    1550052 kB
Buffers:           26540 kB
Cached:           155088 kB
MemTotal:        1844596 kB
MemFree:         1501620 kB
MemAvailable:    1549844 kB
Buffers:           26540 kB
Cached:           155088 kB
MemTotal:        1844596 kB
MemFree:         1501956 kB
MemAvailable:    1550180 kB
Buffers:           26540 kB
Cached:           155088 kB
MemTotal:        1844596 kB
MemFree:         1501200 kB
MemAvailable:    1549424 kB
Buffers:           26540 kB
Cached:           155088 kB
MemTotal:        1844596 kB
MemFree:         1501284 kB
MemAvailable:    1549508 kB
Buffers:           26540 kB
Cached:           155088 kB
MemTotal:        1844596 kB
MemFree:         1501200 kB
MemAvailable:    1549424 kB
Buffers:           26540 kB
Cached:           155088 kB
MemTotal:        1844596 kB
MemFree:         1499672 kB
MemAvailable:    1547896 kB
Buffers:           26540 kB
Cached:           155088 kB
MemTotal:        1844596 kB
MemFree:         1501104 kB
MemAvailable:    1549328 kB
Buffers:           26540 kB
Cached:           155088 kB
MemTotal:        1844596 kB
MemFree:         1501044 kB
MemAvailable:    1549268 kB
Buffers:           26540 kB
Cached:           155088 kB
MemTotal:        1844596 kB
MemFree:         1499976 kB
MemAvailable:    1548208 kB
Buffers:           26540 kB
Cached:           155096 kB
MemTotal:        1844596 kB
MemFree:         1500100 kB
MemAvailable:    1548332 kB
Buffers:           26540 kB
Cached:           155096 kB
MemTotal:        1844596 kB
MemFree:         1499968 kB
MemAvailable:    1548200 kB
Buffers:           26540 kB
Cached:           155096 kB
MemTotal:        1844596 kB
MemFree:         1499836 kB
MemAvailable:    1548068 kB
Buffers:           26540 kB
Cached:           155096 kB
MemTotal:        1844596 kB
MemFree:         1500896 kB
MemAvailable:    1549128 kB
Buffers:           26540 kB
Cached:           155096 kB
MemTotal:        1844596 kB
MemFree:         1501148 kB
MemAvailable:    1549380 kB
Buffers:           26540 kB
Cached:           155096 kB
MemTotal:        1844596 kB
MemFree:         1500888 kB
MemAvailable:    1549120 kB
Buffers:           26540 kB
Cached:           155096 kB
MemTotal:        1844596 kB
MemFree:         1499456 kB
MemAvailable:    1547688 kB
Buffers:           26540 kB
Cached:           155096 kB
MemTotal:        1844596 kB
MemFree:         1499720 kB
MemAvailable:    1547952 kB
Buffers:           26540 kB
Cached:           155096 kB
MemTotal:        1844596 kB
MemFree:         1500512 kB
MemAvailable:    1548744 kB
Buffers:           26540 kB
Cached:           155096 kB
MemTotal:        1844596 kB
MemFree:         1499080 kB
MemAvailable:    1547312 kB
Buffers:           26540 kB
Cached:           155096 kB
MemTotal:        1844596 kB
MemFree:         1500380 kB
MemAvailable:    1548612 kB
Buffers:           26540 kB
Cached:           155096 kB
MemTotal:        1844596 kB
MemFree:         1499232 kB
MemAvailable:    1547464 kB
Buffers:           26540 kB
Cached:           155096 kB
MemTotal:        1844596 kB
MemFree:         1500108 kB
MemAvailable:    1548340 kB
Buffers:           26540 kB
Cached:           155096 kB
MemTotal:        1844596 kB
MemFree:         1499852 kB
MemAvailable:    1548084 kB
Buffers:           26540 kB
Cached:           155096 kB
MemTotal:        1844596 kB
MemFree:         1499948 kB
MemAvailable:    1548180 kB
Buffers:           26540 kB
Cached:           155096 kB
MemTotal:        1844596 kB
MemFree:         1500284 kB
MemAvailable:    1548516 kB
Buffers:           26540 kB
Cached:           155096 kB
MemTotal:        1844596 kB
MemFree:         1498800 kB
MemAvailable:    1547032 kB
Buffers:           26540 kB
Cached:           155096 kB
MemTotal:        1844596 kB
MemFree:         1500084 kB
MemAvailable:    1548316 kB
Buffers:           26540 kB
Cached:           155096 kB
MemTotal:        1844596 kB
MemFree:         1499232 kB
MemAvailable:    1547464 kB
Buffers:           26540 kB
Cached:           155096 kB
MemTotal:        1844596 kB
MemFree:         1499824 kB
MemAvailable:    1548056 kB
Buffers:           26540 kB
Cached:           155096 kB
MemTotal:        1844596 kB
MemFree:         1500160 kB
MemAvailable:    1548392 kB
Buffers:           26540 kB
Cached:           155096 kB
MemTotal:        1844596 kB
MemFree:         1497364 kB
MemAvailable:    1545596 kB
Buffers:           26540 kB
Cached:           155096 kB
MemTotal:        1844596 kB
MemFree:         1495240 kB
MemAvailable:    1543472 kB
Buffers:           26540 kB
Cached:           155096 kB
MemTotal:        1844596 kB
MemFree:         1495240 kB
MemAvailable:    1543472 kB
Buffers:           26540 kB
Cached:           155096 kB
MemTotal:        1844596 kB
MemFree:         1492520 kB
MemAvailable:    1540752 kB
Buffers:           26540 kB
Cached:           155096 kB
MemTotal:        1844596 kB
MemFree:         1492856 kB
MemAvailable:    1541088 kB
Buffers:           26540 kB
Cached:           155096 kB
MemTotal:        1844596 kB
MemFree:         1492348 kB
MemAvailable:    1540580 kB
Buffers:           26540 kB
Cached:           155096 kB
MemTotal:        1844596 kB
MemFree:         1491968 kB
MemAvailable:    1540200 kB
Buffers:           26540 kB
Cached:           155096 kB
MemTotal:        1844596 kB
MemFree:         1492220 kB
MemAvailable:    1540452 kB
Buffers:           26540 kB
Cached:           155096 kB
MemTotal:        1844596 kB
MemFree:         1490604 kB
MemAvailable:    1538836 kB
Buffers:           26540 kB
Cached:           155096 kB
MemTotal:        1844596 kB
MemFree:         1492204 kB
MemAvailable:    1540436 kB
Buffers:           26540 kB
Cached:           155096 kB
MemTotal:        1844596 kB
MemFree:         1491296 kB
MemAvailable:    1539528 kB
Buffers:           26540 kB
Cached:           155096 kB
MemTotal:        1844596 kB
MemFree:         1492112 kB
MemAvailable:    1540344 kB
Buffers:           26540 kB
Cached:           155096 kB
MemTotal:        1844596 kB
MemFree:         1491884 kB
MemAvailable:    1540116 kB
Buffers:           26540 kB
Cached:           155096 kB
MemTotal:        1844596 kB
MemFree:         1492024 kB
MemAvailable:    1540256 kB
Buffers:           26548 kB
Cached:           155088 kB
MemTotal:        1844596 kB
MemFree:         1490792 kB
MemAvailable:    1539024 kB
Buffers:           26548 kB
Cached:           155088 kB
MemTotal:        1844596 kB
MemFree:         1491412 kB
MemAvailable:    1539644 kB
Buffers:           26548 kB
Cached:           155088 kB
MemTotal:        1844596 kB
MemFree:         1491964 kB
MemAvailable:    1540196 kB
Buffers:           26548 kB
Cached:           155088 kB
MemTotal:        1844596 kB
MemFree:         1492048 kB
MemAvailable:    1540280 kB
Buffers:           26548 kB
Cached:           155088 kB
MemTotal:        1844596 kB
MemFree:         1492076 kB
MemAvailable:    1540308 kB
Buffers:           26548 kB
Cached:           155088 kB
MemTotal:        1844596 kB
MemFree:         1490800 kB
MemAvailable:    1539032 kB
Buffers:           26548 kB
Cached:           155088 kB
MemTotal:        1844596 kB
MemFree:         1490420 kB
MemAvailable:    1538652 kB
Buffers:           26548 kB
Cached:           155088 kB
MemTotal:        1844596 kB
MemFree:         1491480 kB
MemAvailable:    1539712 kB
Buffers:           26548 kB
Cached:           155088 kB
MemTotal:        1844596 kB
MemFree:         1490784 kB
MemAvailable:    1539016 kB
Buffers:           26548 kB
Cached:           155088 kB
MemTotal:        1844596 kB
MemFree:         1490784 kB
MemAvailable:    1539016 kB
Buffers:           26548 kB
Cached:           155088 kB
MemTotal:        1844596 kB
MemFree:         1490596 kB
MemAvailable:    1538828 kB
Buffers:           26548 kB
Cached:           155088 kB
MemTotal:        1844596 kB
MemFree:         1489156 kB
MemAvailable:    1537388 kB
Buffers:           26548 kB
Cached:           155088 kB
MemTotal:        1844596 kB
MemFree:         1490364 kB
MemAvailable:    1538596 kB
Buffers:           26548 kB
Cached:           155088 kB
MemTotal:        1844596 kB
MemFree:         1488196 kB
MemAvailable:    1536428 kB
Buffers:           26548 kB
Cached:           155088 kB
MemTotal:        1844596 kB
MemFree:         1489112 kB
MemAvailable:    1537344 kB
Buffers:           26548 kB
Cached:           155088 kB
MemTotal:        1844596 kB
MemFree:         1489188 kB
MemAvailable:    1537420 kB
Buffers:           26548 kB
Cached:           155088 kB
MemTotal:        1844596 kB
MemFree:         1487824 kB
MemAvailable:    1536056 kB
Buffers:           26548 kB
Cached:           155088 kB
MemTotal:        1844596 kB
MemFree:         1487940 kB
MemAvailable:    1536184 kB
Buffers:           26548 kB
Cached:           155100 kB
MemTotal:        1844596 kB
MemFree:         1487824 kB
MemAvailable:    1536068 kB
Buffers:           26548 kB
Cached:           155100 kB
MemTotal:        1844596 kB
MemFree:         1488628 kB
MemAvailable:    1536872 kB
Buffers:           26548 kB
Cached:           155100 kB
MemTotal:        1844596 kB
MemFree:         1487452 kB
MemAvailable:    1535696 kB
Buffers:           26548 kB
Cached:           155100 kB
MemTotal:        1844596 kB
MemFree:         1488244 kB
MemAvailable:    1536488 kB
Buffers:           26548 kB
Cached:           155100 kB
MemTotal:        1844596 kB
MemFree:         1487452 kB
MemAvailable:    1535696 kB
Buffers:           26548 kB
Cached:           155100 kB
MemTotal:        1844596 kB
MemFree:         1488056 kB
MemAvailable:    1536300 kB
Buffers:           26548 kB
Cached:           155100 kB
MemTotal:        1844596 kB
MemFree:         1488056 kB
MemAvailable:    1536300 kB
Buffers:           26548 kB
Cached:           155100 kB
MemTotal:        1844596 kB
MemFree:         1488184 kB
MemAvailable:    1536428 kB
Buffers:           26548 kB
Cached:           155100 kB
MemTotal:        1844596 kB
MemFree:         1486896 kB
MemAvailable:    1535140 kB
Buffers:           26548 kB
Cached:           155100 kB
MemTotal:        1844596 kB
MemFree:         1487692 kB
MemAvailable:    1535936 kB
Buffers:           26548 kB
Cached:           155100 kB
MemTotal:        1844596 kB
MemFree:         1488008 kB
MemAvailable:    1536252 kB
Buffers:           26548 kB
Cached:           155100 kB
MemTotal:        1844596 kB
MemFree:         1487824 kB
MemAvailable:    1536068 kB
Buffers:           26548 kB
Cached:           155100 kB
MemTotal:        1844596 kB
MemFree:         1487636 kB
MemAvailable:    1535880 kB
Buffers:           26548 kB
Cached:           155100 kB
MemTotal:        1844596 kB
MemFree:         1482676 kB
MemAvailable:    1530920 kB
Buffers:           26548 kB
Cached:           155100 kB
MemTotal:        1844596 kB
MemFree:         1479268 kB
MemAvailable:    1527512 kB
Buffers:           26548 kB
Cached:           155100 kB
MemTotal:        1844596 kB
MemFree:         1479120 kB
MemAvailable:    1527364 kB
Buffers:           26548 kB
Cached:           155100 kB
MemTotal:        1844596 kB
MemFree:         1479012 kB
MemAvailable:    1527256 kB
Buffers:           26548 kB
Cached:           155100 kB
MemTotal:        1844596 kB
MemFree:         1478868 kB
MemAvailable:    1527112 kB
Buffers:           26548 kB
Cached:           155100 kB
MemTotal:        1844596 kB
MemFree:         1479124 kB
MemAvailable:    1527368 kB
Buffers:           26548 kB
Cached:           155100 kB
MemTotal:        1844596 kB
MemFree:         1478896 kB
MemAvailable:    1527140 kB
Buffers:           26548 kB
Cached:           155100 kB
MemTotal:        1844596 kB
MemFree:         1478276 kB
MemAvailable:    1526520 kB
Buffers:           26548 kB
Cached:           155100 kB
MemTotal:        1844596 kB
MemFree:         1479684 kB
MemAvailable:    1527928 kB
Buffers:           26548 kB
Cached:           155100 kB
MemTotal:        1844596 kB
MemFree:         1481084 kB
MemAvailable:    1529328 kB
Buffers:           26548 kB
Cached:           155100 kB
MemTotal:        1844596 kB
MemFree:         1480260 kB
MemAvailable:    1528588 kB
Buffers:           26548 kB
Cached:           155224 kB
MemTotal:        1844596 kB
MemFree:         1481064 kB
MemAvailable:    1529480 kB
Buffers:           26548 kB
Cached:           155352 kB
MemTotal:        1844596 kB
MemFree:         1480608 kB
MemAvailable:    1529192 kB
Buffers:           26548 kB
Cached:           155476 kB
MemTotal:        1844596 kB
MemFree:         1480944 kB
MemAvailable:    1529528 kB
Buffers:           26548 kB
Cached:           155476 kB
MemTotal:        1844596 kB
MemFree:         1480368 kB
MemAvailable:    1529148 kB
Buffers:           26548 kB
Cached:           155636 kB
MemTotal:        1844596 kB
MemFree:         1480368 kB
MemAvailable:    1529148 kB
Buffers:           26548 kB
Cached:           155636 kB
MemTotal:        1844596 kB
MemFree:         1480264 kB
MemAvailable:    1529044 kB
Buffers:           26548 kB
Cached:           155636 kB
MemTotal:        1844596 kB
MemFree:         1479516 kB
MemAvailable:    1528296 kB
Buffers:           26548 kB
Cached:           155636 kB
MemTotal:        1844596 kB
MemFree:         1480308 kB
MemAvailable:    1529172 kB
Buffers:           26548 kB
Cached:           155760 kB
MemTotal:        1844596 kB
MemFree:         1480200 kB
MemAvailable:    1529064 kB
Buffers:           26548 kB
Cached:           155760 kB
MemTotal:        1844596 kB
MemFree:         1478996 kB
MemAvailable:    1527860 kB
Buffers:           26548 kB
Cached:           155760 kB
MemTotal:        1844596 kB
MemFree:         1480236 kB
MemAvailable:    1529100 kB
Buffers:           26548 kB
Cached:           155760 kB
MemTotal:        1844596 kB
MemFree:         1480408 kB
MemAvailable:    1529272 kB
Buffers:           26548 kB
Cached:           155760 kB
MemTotal:        1844596 kB
MemFree:         1479020 kB
MemAvailable:    1527884 kB
Buffers:           26548 kB
Cached:           155760 kB
MemTotal:        1844596 kB
MemFree:         1479632 kB
MemAvailable:    1528496 kB
Buffers:           26548 kB
Cached:           155760 kB
MemTotal:        1844596 kB
MemFree:         1478872 kB
MemAvailable:    1527148 kB
Buffers:           26548 kB
Cached:           155128 kB
MemTotal:        1844596 kB
MemFree:         1549468 kB
MemAvailable:    1597744 kB
Buffers:           26548 kB
Cached:           155128 kB
