MemTotal:        1844596 kB
MemFree:         1567856 kB
MemAvailable:    1581480 kB
Buffers:           22408 kB
Cached:           122844 kB
MemTotal:        1844596 kB
MemFree:         1565580 kB
MemAvailable:    1579204 kB
Buffers:           22408 kB
Cached:           122844 kB
MemTotal:        1844596 kB
MemFree:         1564572 kB
MemAvailable:    1578196 kB
Buffers:           22408 kB
Cached:           122844 kB
MemTotal:        1844596 kB
MemFree:         1564908 kB
MemAvailable:    1578532 kB
Buffers:           22408 kB
Cached:           122844 kB
MemTotal:        1844596 kB
MemFree:         1562596 kB
MemAvailable:    1576220 kB
Buffers:           22408 kB
Cached:           122844 kB
MemTotal:        1844596 kB
MemFree:         1562232 kB
MemAvailable:    1575856 kB
Buffers:           22408 kB
Cached:           122844 kB
MemTotal:        1844596 kB
MemFree:         1561116 kB
MemAvailable:    1574740 kB
Buffers:           22408 kB
Cached:           122844 kB
MemTotal:        1844596 kB
MemFree:         1558596 kB
MemAvailable:    1572304 kB
Buffers:           22408 kB
Cached:           122844 kB
MemTotal:        1844596 kB
MemFree:         1556156 kB
MemAvailable:    1569780 kB
Buffers:           22408 kB
Cached:           122844 kB
MemTotal:        1844596 kB
MemFree:         1553612 kB
MemAvailable:    1567236 kB
Buffers:           22408 kB
Cached:           122844 kB
MemTotal:        1844596 kB
MemFree:         1551996 kB
MemAvailable:    1565620 kB
Buffers:           22408 kB
Cached:           122844 kB
MemTotal:        1844596 kB
MemFree:         1551988 kB
MemAvailable:    1565612 kB
Buffers:           22408 kB
Cached:           122844 kB
MemTotal:        1844596 kB
MemFree:         1553464 kB
MemAvailable:    1567088 kB
Buffers:           22408 kB
Cached:           122844 kB
MemTotal:        1844596 kB
MemFree:         1552120 kB
MemAvailable:    1565744 kB
Buffers:           22408 kB
Cached:           122844 kB
MemTotal:        1844596 kB
MemFree:         1552236 kB
MemAvailable:    1565860 kB
Buffers:           22408 kB
Cached:           122844 kB
MemTotal:        1844596 kB
MemFree:         1553732 kB
MemAvailable:    1567356 kB
Buffers:           22408 kB
Cached:           122844 kB
MemTotal:        1844596 kB
MemFree:         1552048 kB
MemAvailable:    1565672 kB
Buffers:           22408 kB
Cached:           122844 kB
MemTotal:        1844596 kB
MemFree:         1551916 kB
MemAvailable:    1565540 kB
Buffers:           22408 kB
Cached:           122844 kB
MemTotal:        1844596 kB
MemFree:         1549824 kB
MemAvailable:    1563448 kB
Buffers:           22408 kB
Cached:           122844 kB
MemTotal:        1844596 kB
MemFree:         1550072 kB
MemAvailable:    1563696 kB
Buffers:           22408 kB
Cached:           122844 kB
MemTotal:        1844596 kB
MemFree:         1550684 kB
MemAvailable:    1564308 kB
Buffers:           22408 kB
Cached:           122844 kB
MemTotal:        1844596 kB
MemFree:         1550768 kB
MemAvailable:    1564392 kB
Buffers:           22408 kB
Cached:           122844 kB
MemTotal:        1844596 kB
MemFree:         1549532 kB
MemAvailable:    1563156 kB
Buffers:           22408 kB
Cached:           122844 kB
MemTotal:        1844596 kB
MemFree:         1549576 kB
MemAvailable:    1563200 kB
Buffers:           22408 kB
Cached:           122844 kB
MemTotal:        1844596 kB
MemFree:         1550824 kB
MemAvailable:    1564448 kB
Buffers:           22408 kB
Cached:           122844 kB
MemTotal:        1844596 kB
MemFree:         1550452 kB
MemAvailable:    1564076 kB
Buffers:           22408 kB
Cached:           122844 kB
MemTotal:        1844596 kB
MemFree:         1550756 kB
MemAvailable:    1564380 kB
Buffers:           22408 kB
Cached:           122844 kB
MemTotal:        1844596 kB
MemFree:         1550756 kB
MemAvailable:    1564380 kB
Buffers:           22408 kB
Cached:           122844 kB
MemTotal:        1844596 kB
MemFree:         1550816 kB
MemAvailable:    1564440 kB
Buffers:           22408 kB
Cached:           122844 kB
MemTotal:        1844596 kB
MemFree:         1551552 kB
MemAvailable:    1565176 kB
Buffers:           22408 kB
Cached:           122844 kB
MemTotal:        1844596 kB
MemFree:         1551552 kB
MemAvailable:    1565176 kB
Buffers:           22408 kB
Cached:           122844 kB
MemTotal:        1844596 kB
MemFree:         1549072 kB
MemAvailable:    1562696 kB
Buffers:           22408 kB
Cached:           122844 kB
MemTotal:        1844596 kB
MemFree:         1548840 kB
MemAvailable:    1562464 kB
Buffers:           22408 kB
Cached:           122844 kB
MemTotal:        1844596 kB
MemFree:         1548468 kB
MemAvailable:    1562092 kB
Buffers:           22408 kB
Cached:           122844 kB
MemTotal:        1844596 kB
MemFree:         1547096 kB
MemAvailable:    1560720 kB
Buffers:           22408 kB
Cached:           122844 kB
MemTotal:        1844596 kB
MemFree:         1547600 kB
MemAvailable:    1561224 kB
Buffers:           22408 kB
Cached:           122844 kB
MemTotal:        1844596 kB
MemFree:         1547404 kB
MemAvailable:    1561028 kB
Buffers:           22408 kB
Cached:           122844 kB
MemTotal:        1844596 kB
MemFree:         1546112 kB
MemAvailable:    1559736 kB
Buffers:           22408 kB
Cached:           122844 kB
MemTotal:        1844596 kB
MemFree:         1546704 kB
MemAvailable:    1560328 kB
Buffers:           22408 kB
Cached:           122844 kB
MemTotal:        1844596 kB
MemFree:         1546788 kB
MemAvailable:    1560412 kB
Buffers:           22408 kB
Cached:           122844 kB
MemTotal:        1844596 kB
MemFree:         1546664 kB
MemAvailable:    1560300 kB
Buffers:           22408 kB
Cached:           122852 kB
MemTotal:        1844596 kB
MemFree:         1545364 kB
MemAvailable:    1559000 kB
Buffers:           22408 kB
Cached:           122852 kB
MemTotal:        1844596 kB
MemFree:         1546664 kB
MemAvailable:    1560300 kB
Buffers:           22408 kB
Cached:           122852 kB
MemTotal:        1844596 kB
MemFree:         1546344 kB
MemAvailable:    1559980 kB
Buffers:           22408 kB
Cached:           122852 kB
MemTotal:        1844596 kB
MemFree:         1546428 kB
MemAvailable:    1560064 kB
Buffers:           22408 kB
Cached:           122852 kB
MemTotal:        1844596 kB
MemFree:         1546208 kB
MemAvailable:    1559844 kB
Buffers:           22408 kB
Cached:           122852 kB
MemTotal:        1844596 kB
MemFree:         1546292 kB
MemAvailable:    1559928 kB
Buffers:           22408 kB
Cached:           122852 kB
MemTotal:        1844596 kB
MemFree:         1545848 kB
MemAvailable:    1559484 kB
Buffers:           22408 kB
Cached:           122852 kB
MemTotal:        1844596 kB
MemFree:         1545732 kB
MemAvailable:    1559368 kB
Buffers:           22408 kB
Cached:           122852 kB
MemTotal:        1844596 kB
MemFree:         1545848 kB
MemAvailable:    1559484 kB
Buffers:           22408 kB
Cached:           122852 kB
MemTotal:        1844596 kB
MemFree:         1545724 kB
MemAvailable:    1559360 kB
Buffers:           22408 kB
Cached:           122852 kB
MemTotal:        1844596 kB
MemFree:         1544436 kB
MemAvailable:    1558072 kB
Buffers:           22408 kB
Cached:           122852 kB
MemTotal:        1844596 kB
MemFree:         1544560 kB
MemAvailable:    1558196 kB
Buffers:           22408 kB
Cached:           122852 kB
MemTotal:        1844596 kB
MemFree:         1544560 kB
MemAvailable:    1558196 kB
Buffers:           22408 kB
Cached:           122852 kB
MemTotal:        1844596 kB
MemFree:         1545800 kB
MemAvailable:    1559436 kB
Buffers:           22408 kB
Cached:           122852 kB
MemTotal:        1844596 kB
MemFree:         1545668 kB
MemAvailable:    1559304 kB
Buffers:           22408 kB
Cached:           122852 kB
MemTotal:        1844596 kB
MemFree:         1544748 kB
MemAvailable:    1558384 kB
Buffers:           22408 kB
Cached:           122852 kB
MemTotal:        1844596 kB
MemFree:         1545688 kB
MemAvailable:    1559324 kB
Buffers:           22408 kB
Cached:           122852 kB
MemTotal:        1844596 kB
MemFree:         1544872 kB
MemAvailable:    1558508 kB
Buffers:           22408 kB
Cached:           122852 kB
MemTotal:        1844596 kB
MemFree:         1545296 kB
MemAvailable:    1558932 kB
Buffers:           22408 kB
Cached:           122852 kB
MemTotal:        1844596 kB
MemFree:         1545296 kB
MemAvailable:    1558932 kB
Buffers:           22408 kB
Cached:           122852 kB
MemTotal:        1844596 kB
MemFree:         1545048 kB
MemAvailable:    1558684 kB
Buffers:           22408 kB
Cached:           122852 kB
MemTotal:        1844596 kB
MemFree:         1545300 kB
MemAvailable:    1558936 kB
Buffers:           22408 kB
Cached:           122852 kB
MemTotal:        1844596 kB
MemFree:         1544980 kB
MemAvailable:    1558616 kB
Buffers:           22408 kB
Cached:           122852 kB
MemTotal:        1844596 kB
MemFree:         1544868 kB
MemAvailable:    1558504 kB
Buffers:           22408 kB
Cached:           122852 kB
MemTotal:        1844596 kB
MemFree:         1543560 kB
MemAvailable:    1557196 kB
Buffers:           22408 kB
Cached:           122852 kB
MemTotal:        1844596 kB
MemFree:         1544704 kB
MemAvailable:    1558340 kB
Buffers:           22408 kB
Cached:           122852 kB
MemTotal:        1844596 kB
MemFree:         1544748 kB
MemAvailable:    1558384 kB
Buffers:           22408 kB
Cached:           122852 kB
MemTotal:        1844596 kB
MemFree:         1544796 kB
MemAvailable:    1558432 kB
Buffers:           22408 kB
Cached:           122852 kB
MemTotal:        1844596 kB
MemFree:         1544748 kB
MemAvailable:    1558384 kB
Buffers:           22408 kB
Cached:           122852 kB
MemTotal:        1844596 kB
MemFree:         1544452 kB
MemAvailable:    1558088 kB
Buffers:           22408 kB
Cached:           122852 kB
MemTotal:        1844596 kB
MemFree:         1544620 kB
MemAvailable:    1558256 kB
Buffers:           22408 kB
Cached:           122852 kB
MemTotal:        1844596 kB
MemFree:         1544776 kB
MemAvailable:    1558412 kB
Buffers:           22408 kB
Cached:           122852 kB
MemTotal:        1844596 kB
MemFree:         1544604 kB
MemAvailable:    1558240 kB
Buffers:           22408 kB
Cached:           122852 kB
MemTotal:        1844596 kB
MemFree:         1544252 kB
MemAvailable:    1557888 kB
Buffers:           22408 kB
Cached:           122852 kB
MemTotal:        1844596 kB
MemFree:         1542616 kB
MemAvailable:    1556252 kB
Buffers:           22408 kB
Cached:           122852 kB
MemTotal:        1844596 kB
MemFree:         1542616 kB
MemAvailable:    1556252 kB
Buffers:           22408 kB
Cached:           122852 kB
MemTotal:        1844596 kB
MemFree:         1539028 kB
MemAvailable:    1552664 kB
Buffers:           22408 kB
Cached:           122852 kB
MemTotal:        1844596 kB
MemFree:         1538920 kB
MemAvailable:    1552556 kB
Buffers:           22408 kB
Cached:           122852 kB
MemTotal:        1844596 kB
MemFree:         1537168 kB
MemAvailable:    1550804 kB
Buffers:           22408 kB
Cached:           122852 kB
MemTotal:        1844596 kB
MemFree:         1537504 kB
MemAvailable:    1551140 kB
Buffers:           22408 kB
Cached:           122852 kB
MemTotal:        1844596 kB
MemFree:         1536996 kB
MemAvailable:    1550632 kB
Buffers:           22408 kB
Cached:           122852 kB
MemTotal:        1844596 kB
MemFree:         1536748 kB
MemAvailable:    1550384 kB
Buffers:           22408 kB
Cached:           122852 kB
MemTotal:        1844596 kB
MemFree:         1536812 kB
MemAvailable:    1550448 kB
Buffers:           22408 kB
Cached:           122852 kB
MemTotal:        1844596 kB
MemFree:         1536660 kB
MemAvailable:    1550296 kB
Buffers:           22408 kB
Cached:           122852 kB
MemTotal:        1844596 kB
MemFree:         1536912 kB
MemAvailable:    1550548 kB
Buffers:           22408 kB
Cached:           122852 kB
MemTotal:        1844596 kB
MemFree:         1536424 kB
MemAvailable:    1550060 kB
Buffers:           22408 kB
Cached:           122852 kB
MemTotal:        1844596 kB
MemFree:         1535768 kB
MemAvailable:    1549404 kB
Buffers:           22408 kB
Cached:           122852 kB
MemTotal:        1844596 kB
MemFree:         1536548 kB
MemAvailable:    1550188 kB
Buffers:           22408 kB
Cached:           122856 kB
MemTotal:        1844596 kB
MemFree:         1536800 kB
MemAvailable:    1550440 kB
Buffers:           22408 kB
Cached:           122856 kB
MemTotal:        1844596 kB
MemFree:         1535516 kB
MemAvailable:    1549156 kB
Buffers:           22408 kB
Cached:           122856 kB
MemTotal:        1844596 kB
MemFree:         1535400 kB
MemAvailable:    1549040 kB
Buffers:           22408 kB
Cached:           122856 kB
MemTotal:        1844596 kB
MemFree:         1536884 kB
MemAvailable:    1550524 kB
Buffers:           22408 kB
Cached:           122856 kB
MemTotal:        1844596 kB
MemFree:         1536680 kB
MemAvailable:    1550320 kB
Buffers:           22408 kB
Cached:           122856 kB
MemTotal:        1844596 kB
MemFree:         1535396 kB
MemAvailable:    1549036 kB
Buffers:           22408 kB
Cached:           122856 kB
MemTotal:        1844596 kB
MemFree:         1535512 kB
MemAvailable:    1549152 kB
Buffers:           22408 kB
Cached:           122856 kB
MemTotal:        1844596 kB
MemFree:         1536252 kB
MemAvailable:    1549892 kB
Buffers:           22408 kB
Cached:           122856 kB
MemTotal:        1844596 kB
MemFree:         1534580 kB
MemAvailable:    1548220 kB
Buffers:           22408 kB
Cached:           122856 kB
MemTotal:        1844596 kB
MemFree:         1535632 kB
MemAvailable:    1549272 kB
Buffers:           22408 kB
Cached:           122856 kB
MemTotal:        1844596 kB
MemFree:         1535184 kB
MemAvailable:    1548824 kB
Buffers:           22408 kB
Cached:           122856 kB
MemTotal:        1844596 kB
MemFree:         1535184 kB
MemAvailable:    1548824 kB
Buffers:           22408 kB
Cached:           122856 kB
MemTotal:        1844596 kB
MemFree:         1535064 kB
MemAvailable:    1548704 kB
Buffers:           22408 kB
Cached:           122856 kB
MemTotal:        1844596 kB
MemFree:         1533968 kB
MemAvailable:    1547608 kB
Buffers:           22408 kB
Cached:           122856 kB
MemTotal:        1844596 kB
MemFree:         1534084 kB
MemAvailable:    1547724 kB
Buffers:           22408 kB
Cached:           122856 kB
MemTotal:        1844596 kB
MemFree:         1532836 kB
MemAvailable:    1546476 kB
Buffers:           22408 kB
Cached:           122856 kB
MemTotal:        1844596 kB
MemFree:         1534068 kB
MemAvailable:    1547708 kB
Buffers:           22408 kB
Cached:           122856 kB
MemTotal:        1844596 kB
MemFree:         1533464 kB
MemAvailable:    1547104 kB
Buffers:           22408 kB
Cached:           122856 kB
MemTotal:        1844596 kB
MemFree:         1533292 kB
MemAvailable:    1546932 kB
Buffers:           22408 kB
Cached:           122856 kB
MemTotal:        1844596 kB
MemFree:         1532820 kB
MemAvailable:    1546460 kB
Buffers:           22408 kB
Cached:           122856 kB
MemTotal:        1844596 kB
MemFree:         1532588 kB
MemAvailable:    1546228 kB
Buffers:           22408 kB
Cached:           122856 kB
MemTotal:        1844596 kB
MemFree:         1532676 kB
MemAvailable:    1546316 kB
Buffers:           22408 kB
Cached:           122856 kB
MemTotal:        1844596 kB
MemFree:         1532928 kB
MemAvailable:    1546568 kB
Buffers:           22408 kB
Cached:           122856 kB
MemTotal:        1844596 kB
MemFree:         1532884 kB
MemAvailable:    1546524 kB
Buffers:           22408 kB
Cached:           122856 kB
MemTotal:        1844596 kB
MemFree:         1532836 kB
MemAvailable:    1546476 kB
Buffers:           22408 kB
Cached:           122856 kB
MemTotal:        1844596 kB
MemFree:         1531976 kB
MemAvailable:    1545616 kB
Buffers:           22408 kB
Cached:           122856 kB
MemTotal:        1844596 kB
MemFree:         1532792 kB
MemAvailable:    1546432 kB
Buffers:           22408 kB
Cached:           122856 kB
MemTotal:        1844596 kB
MemFree:         1532908 kB
MemAvailable:    1546548 kB
Buffers:           22408 kB
Cached:           122856 kB
MemTotal:        1844596 kB
MemFree:         1531976 kB
MemAvailable:    1545616 kB
Buffers:           22408 kB
Cached:           122856 kB
MemTotal:        1844596 kB
MemFree:         1532656 kB
MemAvailable:    1546300 kB
Buffers:           22408 kB
Cached:           122860 kB
MemTotal:        1844596 kB
MemFree:         1531356 kB
MemAvailable:    1545000 kB
Buffers:           22408 kB
Cached:           122860 kB
MemTotal:        1844596 kB
MemFree:         1531224 kB
MemAvailable:    1544868 kB
Buffers:           22408 kB
Cached:           122860 kB
MemTotal:        1844596 kB
MemFree:         1526396 kB
MemAvailable:    1540044 kB
Buffers:           22416 kB
Cached:           122856 kB
MemTotal:        1844596 kB
MemFree:         1526132 kB
MemAvailable:    1539780 kB
Buffers:           22420 kB
Cached:           122852 kB
MemTotal:        1844596 kB
MemFree:         1525712 kB
MemAvailable:    1539528 kB
Buffers:           22420 kB
Cached:           122976 kB
MemTotal:        1844596 kB
MemFree:         1524660 kB
MemAvailable:    1538476 kB
Buffers:           22420 kB
Cached:           122976 kB
MemTotal:        1844596 kB
MemFree:         1524960 kB
MemAvailable:    1538944 kB
Buffers:           22420 kB
Cached:           123100 kB
MemTotal:        1844596 kB
MemFree:         1525296 kB
MemAvailable:    1539280 kB
Buffers:           22420 kB
Cached:           123224 kB
MemTotal:        1844596 kB
MemFree:         1524968 kB
MemAvailable:    1539120 kB
Buffers:           22420 kB
Cached:           123348 kB
MemTotal:        1844596 kB
MemFree:         1524952 kB
MemAvailable:    1539188 kB
Buffers:           22420 kB
Cached:           123348 kB
MemTotal:        1844596 kB
MemFree:         1524768 kB
MemAvailable:    1539004 kB
Buffers:           22420 kB
Cached:           123348 kB
MemTotal:        1844596 kB
MemFree:         1524576 kB
MemAvailable:    1538812 kB
Buffers:           22420 kB
Cached:           123472 kB
MemTotal:        1844596 kB
MemFree:         1524912 kB
MemAvailable:    1539148 kB
Buffers:           22420 kB
Cached:           123472 kB
MemTotal:        1844596 kB
MemFree:         1523588 kB
MemAvailable:    1537824 kB
Buffers:           22420 kB
Cached:           123472 kB
MemTotal:        1844596 kB
MemFree:         1524896 kB
MemAvailable:    1539132 kB
Buffers:           22420 kB
Cached:           123472 kB
MemTotal:        1844596 kB
MemFree:         1524836 kB
MemAvailable:    1539072 kB
Buffers:           22420 kB
Cached:           123472 kB
MemTotal:        1844596 kB
MemFree:         1524820 kB
MemAvailable:    1539140 kB
Buffers:           22420 kB
Cached:           123472 kB
MemTotal:        1844596 kB
MemFree:         1524820 kB
MemAvailable:    1539140 kB
Buffers:           22420 kB
Cached:           123472 kB
MemTotal:        1844596 kB
MemFree:         1529204 kB
MemAvailable:    1542936 kB
Buffers:           22420 kB
Cached:           122924 kB
