MemTotal:        1844596 kB
MemFree:         1568584 kB
MemAvailable:    1581124 kB
Buffers:           22276 kB
Cached:           121980 kB
MemTotal:        1844596 kB
MemFree:         1566540 kB
MemAvailable:    1579080 kB
Buffers:           22276 kB
Cached:           121980 kB
MemTotal:        1844596 kB
MemFree:         1564540 kB
MemAvailable:    1577080 kB
Buffers:           22276 kB
Cached:           121980 kB
MemTotal:        1844596 kB
MemFree:         1564044 kB
MemAvailable:    1576584 kB
Buffers:           22276 kB
Cached:           121980 kB
MemTotal:        1844596 kB
MemFree:         1563812 kB
MemAvailable:    1576352 kB
Buffers:           22276 kB
Cached:           121980 kB
MemTotal:        1844596 kB
MemFree:         1562804 kB
MemAvailable:    1575344 kB
Buffers:           22276 kB
Cached:           121980 kB
MemTotal:        1844596 kB
MemFree:         1562640 kB
MemAvailable:    1575180 kB
Buffers:           22276 kB
Cached:           121980 kB
MemTotal:        1844596 kB
MemFree:         1561192 kB
MemAvailable:    1573732 kB
Buffers:           22276 kB
Cached:           121980 kB
MemTotal:        1844596 kB
MemFree:         1559836 kB
MemAvailable:    1572376 kB
Buffers:           22276 kB
Cached:           121980 kB
MemTotal:        1844596 kB
MemFree:         1558540 kB
MemAvailable:    1571088 kB
Buffers:           22276 kB
Cached:           121984 kB
MemTotal:        1844596 kB
MemFree:         1554116 kB
MemAvailable:    1566664 kB
Buffers:           22276 kB
Cached:           121984 kB
MemTotal:        1844596 kB
MemFree:         1553512 kB
MemAvailable:    1566060 kB
Buffers:           22276 kB
Cached:           121984 kB
MemTotal:        1844596 kB
MemFree:         1554056 kB
MemAvailable:    1566604 kB
Buffers:           22276 kB
Cached:           121984 kB
MemTotal:        1844596 kB
MemFree:         1554392 kB
MemAvailable:    1566940 kB
Buffers:           22276 kB
Cached:           121984 kB
MemTotal:        1844596 kB
MemFree:         1554524 kB
MemAvailable:    1567072 kB
Buffers:           22276 kB
Cached:           121984 kB
MemTotal:        1844596 kB
MemFree:         1553636 kB
MemAvailable:    1566060 kB
Buffers:           22276 kB
Cached:           121984 kB
MemTotal:        1844596 kB
MemFree:         1554372 kB
MemAvailable:    1566920 kB
Buffers:           22276 kB
Cached:           121984 kB
MemTotal:        1844596 kB
MemFree:         1554584 kB
MemAvailable:    1567132 kB
Buffers:           22276 kB
Cached:           121984 kB
MemTotal:        1844596 kB
MemFree:         1553016 kB
MemAvailable:    1565564 kB
Buffers:           22276 kB
Cached:           121984 kB
MemTotal:        1844596 kB
MemFree:         1552960 kB
MemAvailable:    1565508 kB
Buffers:           22276 kB
Cached:           121984 kB
MemTotal:        1844596 kB
MemFree:         1551164 kB
MemAvailable:    1563712 kB
Buffers:           22276 kB
Cached:           121984 kB
MemTotal:        1844596 kB
MemFree:         1550792 kB
MemAvailable:    1563340 kB
Buffers:           22276 kB
Cached:           121984 kB
MemTotal:        1844596 kB
MemFree:         1550784 kB
MemAvailable:    1563332 kB
Buffers:           22276 kB
Cached:           121984 kB
MemTotal:        1844596 kB
MemFree:         1551892 kB
MemAvailable:    1564440 kB
Buffers:           22276 kB
Cached:           121984 kB
MemTotal:        1844596 kB
MemFree:         1551892 kB
MemAvailable:    1564440 kB
Buffers:           22276 kB
Cached:           121984 kB
MemTotal:        1844596 kB
MemFree:         1551896 kB
MemAvailable:    1564444 kB
Buffers:           22276 kB
Cached:           121984 kB
MemTotal:        1844596 kB
MemFree:         1550608 kB
MemAvailable:    1563156 kB
Buffers:           22276 kB
Cached:           121984 kB
MemTotal:        1844596 kB
MemFree:         1550600 kB
MemAvailable:    1563148 kB
Buffers:           22276 kB
Cached:           121984 kB
MemTotal:        1844596 kB
MemFree:         1551776 kB
MemAvailable:    1564324 kB
Buffers:           22276 kB
Cached:           121984 kB
MemTotal:        1844596 kB
MemFree:         1552028 kB
MemAvailable:    1564576 kB
Buffers:           22276 kB
Cached:           121984 kB
MemTotal:        1844596 kB
MemFree:         1551748 kB
MemAvailable:    1564296 kB
Buffers:           22276 kB
Cached:           121984 kB
MemTotal:        1844596 kB
MemFree:         1552652 kB
MemAvailable:    1565200 kB
Buffers:           22276 kB
Cached:           121984 kB
MemTotal:        1844596 kB
MemFree:         1550976 kB
MemAvailable:    1563524 kB
Buffers:           22276 kB
Cached:           121984 kB
MemTotal:        1844596 kB
MemFree:         1549304 kB
MemAvailable:    1561852 kB
Buffers:           22276 kB
Cached:           121984 kB
MemTotal:        1844596 kB
MemFree:         1548180 kB
MemAvailable:    1560728 kB
Buffers:           22276 kB
Cached:           121984 kB
MemTotal:        1844596 kB
MemFree:         1548668 kB
MemAvailable:    1561216 kB
Buffers:           22276 kB
Cached:           121984 kB
MemTotal:        1844596 kB
MemFree:         1548668 kB
MemAvailable:    1561216 kB
Buffers:           22276 kB
Cached:           121984 kB
MemTotal:        1844596 kB
MemFree:         1547924 kB
MemAvailable:    1560472 kB
Buffers:           22276 kB
Cached:           121984 kB
MemTotal:        1844596 kB
MemFree:         1547320 kB
MemAvailable:    1559868 kB
Buffers:           22276 kB
Cached:           121984 kB
MemTotal:        1844596 kB
MemFree:         1546388 kB
MemAvailable:    1558936 kB
Buffers:           22276 kB
Cached:           121984 kB
MemTotal:        1844596 kB
MemFree:         1547688 kB
MemAvailable:    1560236 kB
Buffers:           22276 kB
Cached:           121984 kB
MemTotal:        1844596 kB
MemFree:         1546256 kB
MemAvailable:    1558804 kB
Buffers:           22276 kB
Cached:           121984 kB
MemTotal:        1844596 kB
MemFree:         1546388 kB
MemAvailable:    1558936 kB
Buffers:           22276 kB
Cached:           121984 kB
MemTotal:        1844596 kB
MemFree:         1546388 kB
MemAvailable:    1558936 kB
Buffers:           22276 kB
Cached:           121984 kB
MemTotal:        1844596 kB
MemFree:         1547612 kB
MemAvailable:    1560160 kB
Buffers:           22276 kB
Cached:           121984 kB
MemTotal:        1844596 kB
MemFree:         1547356 kB
MemAvailable:    1559904 kB
Buffers:           22276 kB
Cached:           121984 kB
MemTotal:        1844596 kB
MemFree:         1547072 kB
MemAvailable:    1559620 kB
Buffers:           22276 kB
Cached:           121984 kB
MemTotal:        1844596 kB
MemFree:         1546792 kB
MemAvailable:    1559340 kB
Buffers:           22276 kB
Cached:           121984 kB
MemTotal:        1844596 kB
MemFree:         1545180 kB
MemAvailable:    1557728 kB
Buffers:           22276 kB
Cached:           121984 kB
MemTotal:        1844596 kB
MemFree:         1546948 kB
MemAvailable:    1559496 kB
Buffers:           22276 kB
Cached:           121984 kB
MemTotal:        1844596 kB
MemFree:         1546644 kB
MemAvailable:    1559192 kB
Buffers:           22276 kB
Cached:           121984 kB
MemTotal:        1844596 kB
MemFree:         1546896 kB
MemAvailable:    1559444 kB
Buffers:           22276 kB
Cached:           121984 kB
MemTotal:        1844596 kB
MemFree:         1546884 kB
MemAvailable:    1559432 kB
Buffers:           22276 kB
Cached:           121984 kB
MemTotal:        1844596 kB
MemFree:         1546604 kB
MemAvailable:    1559152 kB
Buffers:           22276 kB
Cached:           121984 kB
MemTotal:        1844596 kB
MemFree:         1545832 kB
MemAvailable:    1558380 kB
Buffers:           22276 kB
Cached:           121984 kB
MemTotal:        1844596 kB
MemFree:         1546424 kB
MemAvailable:    1558972 kB
Buffers:           22276 kB
Cached:           121984 kB
MemTotal:        1844596 kB
MemFree:         1546760 kB
MemAvailable:    1559308 kB
Buffers:           22276 kB
Cached:           121984 kB
MemTotal:        1844596 kB
MemFree:         1545328 kB
MemAvailable:    1557876 kB
Buffers:           22276 kB
Cached:           121984 kB
MemTotal:        1844596 kB
MemFree:         1546636 kB
MemAvailable:    1559184 kB
Buffers:           22276 kB
Cached:           121984 kB
MemTotal:        1844596 kB
MemFree:         1545832 kB
MemAvailable:    1558380 kB
Buffers:           22276 kB
Cached:           121984 kB
MemTotal:        1844596 kB
MemFree:         1546256 kB
MemAvailable:    1558804 kB
Buffers:           22276 kB
Cached:           121984 kB
MemTotal:        1844596 kB
MemFree:         1546592 kB
MemAvailable:    1559140 kB
Buffers:           22276 kB
Cached:           121984 kB
MemTotal:        1844596 kB
MemFree:         1546324 kB
MemAvailable:    1558872 kB
Buffers:           22276 kB
Cached:           121984 kB
MemTotal:        1844596 kB
MemFree:         1544964 kB
MemAvailable:    1557512 kB
Buffers:           22276 kB
Cached:           121984 kB
MemTotal:        1844596 kB
MemFree:         1546016 kB
MemAvailable:    1558568 kB
Buffers:           22276 kB
Cached:           121988 kB
MemTotal:        1844596 kB
MemFree:         1545692 kB
MemAvailable:    1558244 kB
Buffers:           22276 kB
Cached:           121988 kB
MemTotal:        1844596 kB
MemFree:         1545948 kB
MemAvailable:    1558500 kB
Buffers:           22276 kB
Cached:           121988 kB
MemTotal:        1844596 kB
MemFree:         1545652 kB
MemAvailable:    1558204 kB
Buffers:           22276 kB
Cached:           121988 kB
MemTotal:        1844596 kB
MemFree:         1544592 kB
MemAvailable:    1557144 kB
Buffers:           22276 kB
Cached:           121988 kB
MemTotal:        1844596 kB
MemFree:         1545640 kB
MemAvailable:    1558192 kB
Buffers:           22276 kB
Cached:           121988 kB
MemTotal:        1844596 kB
MemFree:         1545640 kB
MemAvailable:    1558192 kB
Buffers:           22276 kB
Cached:           121988 kB
MemTotal:        1844596 kB
MemFree:         1545712 kB
MemAvailable:    1558264 kB
Buffers:           22276 kB
Cached:           121988 kB
MemTotal:        1844596 kB
MemFree:         1544656 kB
MemAvailable:    1557208 kB
Buffers:           22276 kB
Cached:           121988 kB
MemTotal:        1844596 kB
MemFree:         1545852 kB
MemAvailable:    1558404 kB
Buffers:           22276 kB
Cached:           121988 kB
MemTotal:        1844596 kB
MemFree:         1544840 kB
MemAvailable:    1557392 kB
Buffers:           22276 kB
Cached:           121988 kB
MemTotal:        1844596 kB
MemFree:         1543956 kB
MemAvailable:    1556508 kB
Buffers:           22276 kB
Cached:           121988 kB
MemTotal:        1844596 kB
MemFree:         1543600 kB
MemAvailable:    1556152 kB
Buffers:           22276 kB
Cached:           121988 kB
MemTotal:        1844596 kB
MemFree:         1543104 kB
MemAvailable:    1555656 kB
Buffers:           22276 kB
Cached:           121988 kB
MemTotal:        1844596 kB
MemFree:         1538328 kB
MemAvailable:    1550880 kB
Buffers:           22276 kB
Cached:           121988 kB
MemTotal:        1844596 kB
MemFree:         1538260 kB
MemAvailable:    1550812 kB
Buffers:           22276 kB
Cached:           121988 kB
MemTotal:        1844596 kB
MemFree:         1537160 kB
MemAvailable:    1549712 kB
Buffers:           22276 kB
Cached:           121988 kB
MemTotal:        1844596 kB
MemFree:         1537956 kB
MemAvailable:    1550508 kB
Buffers:           22276 kB
Cached:           121988 kB
MemTotal:        1844596 kB
MemFree:         1536656 kB
MemAvailable:    1549208 kB
Buffers:           22276 kB
Cached:           121988 kB
MemTotal:        1844596 kB
MemFree:         1537620 kB
MemAvailable:    1550172 kB
Buffers:           22276 kB
Cached:           121988 kB
MemTotal:        1844596 kB
MemFree:         1537872 kB
MemAvailable:    1550424 kB
Buffers:           22276 kB
Cached:           121988 kB
MemTotal:        1844596 kB
MemFree:         1536380 kB
MemAvailable:    1548932 kB
Buffers:           22276 kB
Cached:           121988 kB
MemTotal:        1844596 kB
MemFree:         1536388 kB
MemAvailable:    1548940 kB
Buffers:           22276 kB
Cached:           121988 kB
MemTotal:        1844596 kB
MemFree:         1536628 kB
MemAvailable:    1549180 kB
Buffers:           22276 kB
Cached:           121988 kB
MemTotal:        1844596 kB
MemFree:         1536532 kB
MemAvailable:    1549088 kB
Buffers:           22276 kB
Cached:           121992 kB
MemTotal:        1844596 kB
MemFree:         1537832 kB
MemAvailable:    1550388 kB
Buffers:           22276 kB
Cached:           121992 kB
MemTotal:        1844596 kB
MemFree:         1537028 kB
MemAvailable:    1549584 kB
Buffers:           22276 kB
Cached:           121992 kB
MemTotal:        1844596 kB
MemFree:         1537624 kB
MemAvailable:    1550180 kB
Buffers:           22276 kB
Cached:           121992 kB
MemTotal:        1844596 kB
MemFree:         1537624 kB
MemAvailable:    1550180 kB
Buffers:           22276 kB
Cached:           121992 kB
MemTotal:        1844596 kB
MemFree:         1537696 kB
MemAvailable:    1550252 kB
Buffers:           22276 kB
Cached:           121992 kB
MemTotal:        1844596 kB
MemFree:         1537696 kB
MemAvailable:    1550252 kB
Buffers:           22276 kB
Cached:           121992 kB
MemTotal:        1844596 kB
MemFree:         1536160 kB
MemAvailable:    1548716 kB
Buffers:           22276 kB
Cached:           121992 kB
MemTotal:        1844596 kB
MemFree:         1537212 kB
MemAvailable:    1549768 kB
Buffers:           22276 kB
Cached:           121992 kB
MemTotal:        1844596 kB
MemFree:         1535912 kB
MemAvailable:    1548468 kB
Buffers:           22276 kB
Cached:           121992 kB
MemTotal:        1844596 kB
MemFree:         1536828 kB
MemAvailable:    1549384 kB
Buffers:           22276 kB
Cached:           121992 kB
MemTotal:        1844596 kB
MemFree:         1535416 kB
MemAvailable:    1547972 kB
Buffers:           22276 kB
Cached:           121992 kB
MemTotal:        1844596 kB
MemFree:         1534904 kB
MemAvailable:    1547460 kB
Buffers:           22276 kB
Cached:           121992 kB
MemTotal:        1844596 kB
MemFree:         1535292 kB
MemAvailable:    1547848 kB
Buffers:           22276 kB
Cached:           121992 kB
MemTotal:        1844596 kB
MemFree:         1535028 kB
MemAvailable:    1547584 kB
Buffers:           22276 kB
Cached:           121992 kB
MemTotal:        1844596 kB
MemFree:         1535364 kB
MemAvailable:    1547920 kB
Buffers:           22276 kB
Cached:           121992 kB
MemTotal:        1844596 kB
MemFree:         1534292 kB
MemAvailable:    1546848 kB
Buffers:           22276 kB
Cached:           121992 kB
MemTotal:        1844596 kB
MemFree:         1534292 kB
MemAvailable:    1546848 kB
Buffers:           22276 kB
Cached:           121992 kB
MemTotal:        1844596 kB
MemFree:         1534028 kB
MemAvailable:    1546584 kB
Buffers:           22276 kB
Cached:           121992 kB
MemTotal:        1844596 kB
MemFree:         1534168 kB
MemAvailable:    1546724 kB
Buffers:           22276 kB
Cached:           121992 kB
MemTotal:        1844596 kB
MemFree:         1532748 kB
MemAvailable:    1545304 kB
Buffers:           22276 kB
Cached:           121992 kB
MemTotal:        1844596 kB
MemFree:         1534048 kB
MemAvailable:    1546604 kB
Buffers:           22276 kB
Cached:           121992 kB
MemTotal:        1844596 kB
MemFree:         1532936 kB
MemAvailable:    1545492 kB
Buffers:           22276 kB
Cached:           121992 kB
MemTotal:        1844596 kB
MemFree:         1533736 kB
MemAvailable:    1546292 kB
Buffers:           22276 kB
Cached:           121992 kB
MemTotal:        1844596 kB
MemFree:         1533988 kB
MemAvailable:    1546544 kB
Buffers:           22276 kB
Cached:           121992 kB
MemTotal:        1844596 kB
MemFree:         1533860 kB
MemAvailable:    1546416 kB
Buffers:           22276 kB
Cached:           121992 kB
MemTotal:        1844596 kB
MemFree:         1533776 kB
MemAvailable:    1546332 kB
Buffers:           22276 kB
Cached:           121992 kB
MemTotal:        1844596 kB
MemFree:         1532412 kB
MemAvailable:    1544968 kB
Buffers:           22276 kB
Cached:           121992 kB
MemTotal:        1844596 kB
MemFree:         1532536 kB
MemAvailable:    1545092 kB
Buffers:           22276 kB
Cached:           121992 kB
MemTotal:        1844596 kB
MemFree:         1533548 kB
MemAvailable:    1546104 kB
Buffers:           22276 kB
Cached:           121992 kB
MemTotal:        1844596 kB
MemFree:         1532316 kB
MemAvailable:    1544872 kB
Buffers:           22276 kB
Cached:           121992 kB
MemTotal:        1844596 kB
MemFree:         1532900 kB
MemAvailable:    1545456 kB
Buffers:           22276 kB
Cached:           121992 kB
MemTotal:        1844596 kB
MemFree:         1532900 kB
MemAvailable:    1545456 kB
Buffers:           22276 kB
Cached:           121992 kB
MemTotal:        1844596 kB
MemFree:         1524132 kB
MemAvailable:    1536688 kB
Buffers:           22276 kB
Cached:           121992 kB
MemTotal:        1844596 kB
MemFree:         1525108 kB
MemAvailable:    1537664 kB
Buffers:           22276 kB
Cached:           121992 kB
MemTotal:        1844596 kB
MemFree:         1525192 kB
MemAvailable:    1537748 kB
Buffers:           22276 kB
Cached:           121992 kB
MemTotal:        1844596 kB
MemFree:         1524988 kB
MemAvailable:    1537544 kB
Buffers:           22276 kB
Cached:           121992 kB
MemTotal:        1844596 kB
MemFree:         1525000 kB
MemAvailable:    1537556 kB
Buffers:           22276 kB
Cached:           121992 kB
MemTotal:        1844596 kB
MemFree:         1525164 kB
MemAvailable:    1537720 kB
Buffers:           22276 kB
Cached:           121992 kB
MemTotal:        1844596 kB
MemFree:         1524132 kB
MemAvailable:    1536688 kB
Buffers:           22276 kB
Cached:           121992 kB
MemTotal:        1844596 kB
MemFree:         1527028 kB
MemAvailable:    1539588 kB
Buffers:           22276 kB
Cached:           121996 kB
MemTotal:        1844596 kB
MemFree:         1525696 kB
MemAvailable:    1538256 kB
Buffers:           22276 kB
Cached:           121996 kB
MemTotal:        1844596 kB
MemFree:         1525572 kB
MemAvailable:    1538132 kB
Buffers:           22276 kB
Cached:           121996 kB
MemTotal:        1844596 kB
MemFree:         1526664 kB
MemAvailable:    1539476 kB
Buffers:           22276 kB
Cached:           122244 kB
MemTotal:        1844596 kB
MemFree:         1526728 kB
MemAvailable:    1539540 kB
Buffers:           22276 kB
Cached:           122244 kB
MemTotal:        1844596 kB
MemFree:         1526416 kB
MemAvailable:    1539396 kB
Buffers:           22276 kB
Cached:           122368 kB
MemTotal:        1844596 kB
MemFree:         1526672 kB
MemAvailable:    1539652 kB
Buffers:           22276 kB
Cached:           122368 kB
MemTotal:        1844596 kB
MemFree:         1526476 kB
MemAvailable:    1539624 kB
Buffers:           22276 kB
Cached:           122616 kB
MemTotal:        1844596 kB
MemFree:         1525240 kB
MemAvailable:    1538388 kB
Buffers:           22276 kB
Cached:           122616 kB
MemTotal:        1844596 kB
MemFree:         1526164 kB
MemAvailable:    1539396 kB
Buffers:           22276 kB
Cached:           122740 kB
MemTotal:        1844596 kB
MemFree:         1526164 kB
MemAvailable:    1539396 kB
Buffers:           22276 kB
Cached:           122740 kB
MemTotal:        1844596 kB
MemFree:         1526540 kB
MemAvailable:    1539772 kB
Buffers:           22276 kB
Cached:           122740 kB
MemTotal:        1844596 kB
MemFree:         1524932 kB
MemAvailable:    1538164 kB
Buffers:           22276 kB
Cached:           122740 kB
MemTotal:        1844596 kB
MemFree:         1525752 kB
MemAvailable:    1538984 kB
Buffers:           22276 kB
Cached:           122740 kB
MemTotal:        1844596 kB
MemFree:         1526192 kB
MemAvailable:    1539424 kB
Buffers:           22276 kB
Cached:           122740 kB
MemTotal:        1844596 kB
MemFree:         1526180 kB
MemAvailable:    1539412 kB
Buffers:           22276 kB
Cached:           122740 kB
MemTotal:        1844596 kB
MemFree:         1526432 kB
MemAvailable:    1539664 kB
Buffers:           22276 kB
Cached:           122740 kB
MemTotal:        1844596 kB
MemFree:         1524976 kB
MemAvailable:    1537620 kB
Buffers:           22276 kB
Cached:           122068 kB
MemTotal:        1844596 kB
MemFree:         1595076 kB
MemAvailable:    1607720 kB
Buffers:           22276 kB
Cached:           122068 kB
