MemTotal:        1844596 kB
MemFree:         1577416 kB
MemAvailable:    1582724 kB
Buffers:           21352 kB
Cached:           113964 kB
MemTotal:        1844596 kB
MemFree:         1576920 kB
MemAvailable:    1582228 kB
Buffers:           21352 kB
Cached:           113964 kB
MemTotal:        1844596 kB
MemFree:         1575292 kB
MemAvailable:    1580600 kB
Buffers:           21352 kB
Cached:           113964 kB
MemTotal:        1844596 kB
MemFree:         1574136 kB
MemAvailable:    1579444 kB
Buffers:           21352 kB
Cached:           113964 kB
MemTotal:        1844596 kB
MemFree:         1573324 kB
MemAvailable:    1578632 kB
Buffers:           21352 kB
Cached:           113964 kB
MemTotal:        1844596 kB
MemFree:         1573564 kB
MemAvailable:    1578748 kB
Buffers:           21352 kB
Cached:           113964 kB
MemTotal:        1844596 kB
MemFree:         1572440 kB
MemAvailable:    1577748 kB
Buffers:           21352 kB
Cached:           113964 kB
MemTotal:        1844596 kB
MemFree:         1572196 kB
MemAvailable:    1577504 kB
Buffers:           21352 kB
Cached:           113964 kB
MemTotal:        1844596 kB
MemFree:         1568820 kB
MemAvailable:    1574128 kB
Buffers:           21352 kB
Cached:           113964 kB
MemTotal:        1844596 kB
MemFree:         1567132 kB
MemAvailable:    1572440 kB
Buffers:           21352 kB
Cached:           113964 kB
MemTotal:        1844596 kB
MemFree:         1563464 kB
MemAvailable:    1568772 kB
Buffers:           21352 kB
Cached:           113964 kB
MemTotal:        1844596 kB
MemFree:         1564500 kB
MemAvailable:    1569808 kB
Buffers:           21352 kB
Cached:           113964 kB
MemTotal:        1844596 kB
MemFree:         1564216 kB
MemAvailable:    1569524 kB
Buffers:           21352 kB
Cached:           113964 kB
MemTotal:        1844596 kB
MemFree:         1564384 kB
MemAvailable:    1569692 kB
Buffers:           21352 kB
Cached:           113964 kB
MemTotal:        1844596 kB
MemFree:         1564508 kB
MemAvailable:    1569816 kB
Buffers:           21352 kB
Cached:           113964 kB
MemTotal:        1844596 kB
MemFree:         1563260 kB
MemAvailable:    1568568 kB
Buffers:           21352 kB
Cached:           113964 kB
MemTotal:        1844596 kB
MemFree:         1564332 kB
MemAvailable:    1569640 kB
Buffers:           21352 kB
Cached:           113964 kB
MemTotal:        1844596 kB
MemFree:         1563464 kB
MemAvailable:    1568772 kB
Buffers:           21352 kB
Cached:           113964 kB
MemTotal:        1844596 kB
MemFree:         1561544 kB
MemAvailable:    1566852 kB
Buffers:           21352 kB
Cached:           113964 kB
MemTotal:        1844596 kB
MemFree:         1561164 kB
MemAvailable:    1566472 kB
Buffers:           21352 kB
Cached:           113964 kB
MemTotal:        1844596 kB
MemFree:         1561048 kB
MemAvailable:    1566356 kB
Buffers:           21352 kB
Cached:           113964 kB
MemTotal:        1844596 kB
MemFree:         1561040 kB
MemAvailable:    1566348 kB
Buffers:           21352 kB
Cached:           113964 kB
MemTotal:        1844596 kB
MemFree:         1561048 kB
MemAvailable:    1566356 kB
Buffers:           21352 kB
Cached:           113964 kB
MemTotal:        1844596 kB
MemFree:         1562148 kB
MemAvailable:    1567456 kB
Buffers:           21352 kB
Cached:           113964 kB
MemTotal:        1844596 kB
MemFree:         1561056 kB
MemAvailable:    1566364 kB
Buffers:           21352 kB
Cached:           113964 kB
MemTotal:        1844596 kB
MemFree:         1561900 kB
MemAvailable:    1567208 kB
Buffers:           21352 kB
Cached:           113964 kB
MemTotal:        1844596 kB
MemFree:         1562040 kB
MemAvailable:    1567348 kB
Buffers:           21352 kB
Cached:           113964 kB
MemTotal:        1844596 kB
MemFree:         1560620 kB
MemAvailable:    1565928 kB
Buffers:           21352 kB
Cached:           113964 kB
MemTotal:        1844596 kB
MemFree:         1563132 kB
MemAvailable:    1568440 kB
Buffers:           21352 kB
Cached:           113964 kB
MemTotal:        1844596 kB
MemFree:         1563384 kB
MemAvailable:    1568692 kB
Buffers:           21352 kB
Cached:           113964 kB
MemTotal:        1844596 kB
MemFree:         1561776 kB
MemAvailable:    1567084 kB
Buffers:           21352 kB
Cached:           113964 kB
MemTotal:        1844596 kB
MemFree:         1561776 kB
MemAvailable:    1567084 kB
Buffers:           21352 kB
Cached:           113964 kB
MemTotal:        1844596 kB
MemFree:         1558568 kB
MemAvailable:    1563876 kB
Buffers:           21352 kB
Cached:           113964 kB
MemTotal:        1844596 kB
MemFree:         1559496 kB
MemAvailable:    1564804 kB
Buffers:           21352 kB
Cached:           113964 kB
MemTotal:        1844596 kB
MemFree:         1559064 kB
MemAvailable:    1564372 kB
Buffers:           21352 kB
Cached:           113964 kB
MemTotal:        1844596 kB
MemFree:         1558668 kB
MemAvailable:    1563976 kB
Buffers:           21352 kB
Cached:           113964 kB
MemTotal:        1844596 kB
MemFree:         1558484 kB
MemAvailable:    1563792 kB
Buffers:           21352 kB
Cached:           113964 kB
MemTotal:        1844596 kB
MemFree:         1556832 kB
MemAvailable:    1562140 kB
Buffers:           21352 kB
Cached:           113964 kB
MemTotal:        1844596 kB
MemFree:         1557868 kB
MemAvailable:    1563176 kB
Buffers:           21352 kB
Cached:           113964 kB
MemTotal:        1844596 kB
MemFree:         1556692 kB
MemAvailable:    1562000 kB
Buffers:           21352 kB
Cached:           113964 kB
MemTotal:        1844596 kB
MemFree:         1556576 kB
MemAvailable:    1561884 kB
Buffers:           21352 kB
Cached:           113964 kB
MemTotal:        1844596 kB
MemFree:         1557684 kB
MemAvailable:    1562992 kB
Buffers:           21352 kB
Cached:           113964 kB
MemTotal:        1844596 kB
MemFree:         1557684 kB
MemAvailable:    1562992 kB
Buffers:           21352 kB
Cached:           113964 kB
MemTotal:        1844596 kB
MemFree:         1557512 kB
MemAvailable:    1562820 kB
Buffers:           21352 kB
Cached:           113964 kB
MemTotal:        1844596 kB
MemFree:         1557592 kB
MemAvailable:    1562900 kB
Buffers:           21352 kB
Cached:           113964 kB
MemTotal:        1844596 kB
MemFree:         1556024 kB
MemAvailable:    1561332 kB
Buffers:           21352 kB
Cached:           113964 kB
MemTotal:        1844596 kB
MemFree:         1556968 kB
MemAvailable:    1562276 kB
Buffers:           21352 kB
Cached:           113964 kB
MemTotal:        1844596 kB
MemFree:         1556868 kB
MemAvailable:    1562176 kB
Buffers:           21352 kB
Cached:           113964 kB
MemTotal:        1844596 kB
MemFree:         1556868 kB
MemAvailable:    1562176 kB
Buffers:           21352 kB
Cached:           113964 kB
MemTotal:        1844596 kB
MemFree:         1555420 kB
MemAvailable:    1560728 kB
Buffers:           21352 kB
Cached:           113964 kB
MemTotal:        1844596 kB
MemFree:         1556916 kB
MemAvailable:    1562232 kB
Buffers:           21352 kB
Cached:           113972 kB
MemTotal:        1844596 kB
MemFree:         1555716 kB
MemAvailable:    1561032 kB
Buffers:           21352 kB
Cached:           113972 kB
MemTotal:        1844596 kB
MemFree:         1556832 kB
MemAvailable:    1562148 kB
Buffers:           21352 kB
Cached:           113972 kB
MemTotal:        1844596 kB
MemFree:         1556956 kB
MemAvailable:    1562272 kB
Buffers:           21352 kB
Cached:           113972 kB
MemTotal:        1844596 kB
MemFree:         1556088 kB
MemAvailable:    1561404 kB
Buffers:           21352 kB
Cached:           113972 kB
MemTotal:        1844596 kB
MemFree:         1556820 kB
MemAvailable:    1562136 kB
Buffers:           21352 kB
Cached:           113972 kB
MemTotal:        1844596 kB
MemFree:         1556508 kB
MemAvailable:    1561824 kB
Buffers:           21352 kB
Cached:           113972 kB
MemTotal:        1844596 kB
MemFree:         1556844 kB
MemAvailable:    1562160 kB
Buffers:           21352 kB
Cached:           113972 kB
MemTotal:        1844596 kB
MemFree:         1556628 kB
MemAvailable:    1561944 kB
Buffers:           21352 kB
Cached:           113972 kB
MemTotal:        1844596 kB
MemFree:         1556628 kB
MemAvailable:    1561944 kB
Buffers:           21352 kB
Cached:           113972 kB
MemTotal:        1844596 kB
MemFree:         1556340 kB
MemAvailable:    1561656 kB
Buffers:           21352 kB
Cached:           113972 kB
MemTotal:        1844596 kB
MemFree:         1554908 kB
MemAvailable:    1560224 kB
Buffers:           21352 kB
Cached:           113972 kB
MemTotal:        1844596 kB
MemFree:         1556148 kB
MemAvailable:    1561464 kB
Buffers:           21352 kB
Cached:           113972 kB
MemTotal:        1844596 kB
MemFree:         1555032 kB
MemAvailable:    1560348 kB
Buffers:           21352 kB
Cached:           113972 kB
MemTotal:        1844596 kB
MemFree:         1556148 kB
MemAvailable:    1561464 kB
Buffers:           21352 kB
Cached:           113972 kB
MemTotal:        1844596 kB
MemFree:         1556500 kB
MemAvailable:    1561816 kB
Buffers:           21352 kB
Cached:           113972 kB
MemTotal:        1844596 kB
MemFree:         1555788 kB
MemAvailable:    1561104 kB
Buffers:           21352 kB
Cached:           113972 kB
MemTotal:        1844596 kB
MemFree:         1556020 kB
MemAvailable:    1561336 kB
Buffers:           21352 kB
Cached:           113972 kB
MemTotal:        1844596 kB
MemFree:         1555868 kB
MemAvailable:    1561184 kB
Buffers:           21352 kB
Cached:           113972 kB
MemTotal:        1844596 kB
MemFree:         1555776 kB
MemAvailable:    1561092 kB
Buffers:           21352 kB
Cached:           113972 kB
MemTotal:        1844596 kB
MemFree:         1555096 kB
MemAvailable:    1560412 kB
Buffers:           21352 kB
Cached:           113972 kB
MemTotal:        1844596 kB
MemFree:         1555888 kB
MemAvailable:    1561204 kB
Buffers:           21352 kB
Cached:           113972 kB
MemTotal:        1844596 kB
MemFree:         1554468 kB
MemAvailable:    1559784 kB
Buffers:           21352 kB
Cached:           113972 kB
MemTotal:        1844596 kB
MemFree:         1554840 kB
MemAvailable:    1560156 kB
Buffers:           21352 kB
Cached:           113972 kB
MemTotal:        1844596 kB
MemFree:         1554592 kB
MemAvailable:    1559912 kB
Buffers:           21352 kB
Cached:           113976 kB
MemTotal:        1844596 kB
MemFree:         1554360 kB
MemAvailable:    1559680 kB
Buffers:           21352 kB
Cached:           113976 kB
MemTotal:        1844596 kB
MemFree:         1551236 kB
MemAvailable:    1556556 kB
Buffers:           21352 kB
Cached:           113976 kB
MemTotal:        1844596 kB
MemFree:         1551448 kB
MemAvailable:    1556768 kB
Buffers:           21352 kB
Cached:           113976 kB
MemTotal:        1844596 kB
MemFree:         1548260 kB
MemAvailable:    1553580 kB
Buffers:           21352 kB
Cached:           113976 kB
MemTotal:        1844596 kB
MemFree:         1548344 kB
MemAvailable:    1553664 kB
Buffers:           21352 kB
Cached:           113976 kB
MemTotal:        1844596 kB
MemFree:         1547872 kB
MemAvailable:    1553192 kB
Buffers:           21352 kB
Cached:           113976 kB
MemTotal:        1844596 kB
MemFree:         1548124 kB
MemAvailable:    1553444 kB
Buffers:           21352 kB
Cached:           113976 kB
MemTotal:        1844596 kB
MemFree:         1547824 kB
MemAvailable:    1553144 kB
Buffers:           21352 kB
Cached:           113976 kB
MemTotal:        1844596 kB
MemFree:         1547824 kB
MemAvailable:    1553144 kB
Buffers:           21352 kB
Cached:           113976 kB
MemTotal:        1844596 kB
MemFree:         1547848 kB
MemAvailable:    1553168 kB
Buffers:           21352 kB
Cached:           113976 kB
MemTotal:        1844596 kB
MemFree:         1546600 kB
MemAvailable:    1551920 kB
Buffers:           21352 kB
Cached:           113976 kB
MemTotal:        1844596 kB
MemFree:         1547828 kB
MemAvailable:    1553148 kB
Buffers:           21352 kB
Cached:           113976 kB
MemTotal:        1844596 kB
MemFree:         1547780 kB
MemAvailable:    1553100 kB
Buffers:           21352 kB
Cached:           113976 kB
MemTotal:        1844596 kB
MemFree:         1547752 kB
MemAvailable:    1553072 kB
Buffers:           21352 kB
Cached:           113976 kB
MemTotal:        1844596 kB
MemFree:         1548088 kB
MemAvailable:    1553408 kB
Buffers:           21352 kB
Cached:           113976 kB
MemTotal:        1844596 kB
MemFree:         1547704 kB
MemAvailable:    1553024 kB
Buffers:           21352 kB
Cached:           113976 kB
MemTotal:        1844596 kB
MemFree:         1548040 kB
MemAvailable:    1553360 kB
Buffers:           21352 kB
Cached:           113976 kB
MemTotal:        1844596 kB
MemFree:         1546596 kB
MemAvailable:    1551916 kB
Buffers:           21352 kB
Cached:           113976 kB
MemTotal:        1844596 kB
MemFree:         1547572 kB
MemAvailable:    1552892 kB
Buffers:           21352 kB
Cached:           113976 kB
MemTotal:        1844596 kB
MemFree:         1547284 kB
MemAvailable:    1552604 kB
Buffers:           21352 kB
Cached:           113976 kB
MemTotal:        1844596 kB
MemFree:         1546964 kB
MemAvailable:    1552284 kB
Buffers:           21352 kB
Cached:           113976 kB
MemTotal:        1844596 kB
MemFree:         1547036 kB
MemAvailable:    1552356 kB
Buffers:           21352 kB
Cached:           113976 kB
MemTotal:        1844596 kB
MemFree:         1546400 kB
MemAvailable:    1551720 kB
Buffers:           21352 kB
Cached:           113976 kB
MemTotal:        1844596 kB
MemFree:         1546292 kB
MemAvailable:    1551612 kB
Buffers:           21352 kB
Cached:           113976 kB
MemTotal:        1844596 kB
MemFree:         1546172 kB
MemAvailable:    1551492 kB
Buffers:           21352 kB
Cached:           113976 kB
MemTotal:        1844596 kB
MemFree:         1545840 kB
MemAvailable:    1551160 kB
Buffers:           21352 kB
Cached:           113976 kB
MemTotal:        1844596 kB
MemFree:         1544864 kB
MemAvailable:    1550184 kB
Buffers:           21352 kB
Cached:           113976 kB
MemTotal:        1844596 kB
MemFree:         1545036 kB
MemAvailable:    1550356 kB
Buffers:           21352 kB
Cached:           113976 kB
MemTotal:        1844596 kB
MemFree:         1545036 kB
MemAvailable:    1550356 kB
Buffers:           21352 kB
Cached:           113976 kB
MemTotal:        1844596 kB
MemFree:         1544680 kB
MemAvailable:    1550000 kB
Buffers:           21352 kB
Cached:           113976 kB
MemTotal:        1844596 kB
MemFree:         1544672 kB
MemAvailable:    1549992 kB
Buffers:           21352 kB
Cached:           113976 kB
MemTotal:        1844596 kB
MemFree:         1544284 kB
MemAvailable:    1549604 kB
Buffers:           21352 kB
Cached:           113976 kB
MemTotal:        1844596 kB
MemFree:         1544284 kB
MemAvailable:    1549604 kB
Buffers:           21352 kB
Cached:           113976 kB
MemTotal:        1844596 kB
MemFree:         1544228 kB
MemAvailable:    1549548 kB
Buffers:           21352 kB
Cached:           113976 kB
MemTotal:        1844596 kB
MemFree:         1542796 kB
MemAvailable:    1548116 kB
Buffers:           21352 kB
Cached:           113976 kB
MemTotal:        1844596 kB
MemFree:         1542664 kB
MemAvailable:    1547984 kB
Buffers:           21352 kB
Cached:           113976 kB
MemTotal:        1844596 kB
MemFree:         1542748 kB
MemAvailable:    1548068 kB
Buffers:           21352 kB
Cached:           113976 kB
MemTotal:        1844596 kB
MemFree:         1543988 kB
MemAvailable:    1549308 kB
Buffers:           21352 kB
Cached:           113976 kB
MemTotal:        1844596 kB
MemFree:         1542944 kB
MemAvailable:    1548264 kB
Buffers:           21352 kB
Cached:           113976 kB
MemTotal:        1844596 kB
MemFree:         1543784 kB
MemAvailable:    1549104 kB
Buffers:           21352 kB
Cached:           113976 kB
MemTotal:        1844596 kB
MemFree:         1544036 kB
MemAvailable:    1549356 kB
Buffers:           21352 kB
Cached:           113976 kB
MemTotal:        1844596 kB
MemFree:         1542440 kB
MemAvailable:    1547760 kB
Buffers:           21352 kB
Cached:           113976 kB
MemTotal:        1844596 kB
MemFree:         1543672 kB
MemAvailable:    1548992 kB
Buffers:           21352 kB
Cached:           113976 kB
MemTotal:        1844596 kB
MemFree:         1537968 kB
MemAvailable:    1543288 kB
Buffers:           21352 kB
Cached:           113976 kB
MemTotal:        1844596 kB
MemFree:         1537968 kB
MemAvailable:    1543288 kB
Buffers:           21352 kB
Cached:           113976 kB
MemTotal:        1844596 kB
MemFree:         1535256 kB
MemAvailable:    1540576 kB
Buffers:           21352 kB
Cached:           113976 kB
MemTotal:        1844596 kB
MemFree:         1533884 kB
MemAvailable:    1539204 kB
Buffers:           21352 kB
Cached:           113976 kB
MemTotal:        1844596 kB
MemFree:         1534984 kB
MemAvailable:    1540304 kB
Buffers:           21364 kB
Cached:           113964 kB
MemTotal:        1844596 kB
MemFree:         1534760 kB
MemAvailable:    1540080 kB
Buffers:           21364 kB
Cached:           113964 kB
MemTotal:        1844596 kB
MemFree:         1534828 kB
MemAvailable:    1540148 kB
Buffers:           21364 kB
Cached:           113964 kB
MemTotal:        1844596 kB
MemFree:         1533708 kB
MemAvailable:    1539028 kB
Buffers:           21364 kB
Cached:           113964 kB
MemTotal:        1844596 kB
MemFree:         1536604 kB
MemAvailable:    1541944 kB
Buffers:           21364 kB
Cached:           113984 kB
MemTotal:        1844596 kB
MemFree:         1535708 kB
MemAvailable:    1541048 kB
Buffers:           21364 kB
Cached:           113984 kB
MemTotal:        1844596 kB
MemFree:         1536604 kB
MemAvailable:    1542028 kB
Buffers:           21364 kB
Cached:           114108 kB
MemTotal:        1844596 kB
MemFree:         1535876 kB
MemAvailable:    1541384 kB
Buffers:           21364 kB
Cached:           114108 kB
MemTotal:        1844596 kB
MemFree:         1535316 kB
MemAvailable:    1540824 kB
Buffers:           21364 kB
Cached:           114232 kB
MemTotal:        1844596 kB
MemFree:         1536564 kB
MemAvailable:    1542240 kB
Buffers:           21364 kB
Cached:           114356 kB
MemTotal:        1844596 kB
MemFree:         1536168 kB
MemAvailable:    1542012 kB
Buffers:           21364 kB
Cached:           114480 kB
MemTotal:        1844596 kB
MemFree:         1536420 kB
MemAvailable:    1542264 kB
Buffers:           21364 kB
Cached:           114480 kB
MemTotal:        1844596 kB
MemFree:         1536220 kB
MemAvailable:    1542064 kB
Buffers:           21364 kB
Cached:           114604 kB
MemTotal:        1844596 kB
MemFree:         1536220 kB
MemAvailable:    1542064 kB
Buffers:           21364 kB
Cached:           114604 kB
MemTotal:        1844596 kB
MemFree:         1535928 kB
MemAvailable:    1541856 kB
Buffers:           21364 kB
Cached:           114604 kB
MemTotal:        1844596 kB
MemFree:         1536264 kB
MemAvailable:    1542192 kB
Buffers:           21364 kB
Cached:           114604 kB
MemTotal:        1844596 kB
MemFree:         1534856 kB
MemAvailable:    1540784 kB
Buffers:           21364 kB
Cached:           114604 kB
MemTotal:        1844596 kB
MemFree:         1536164 kB
MemAvailable:    1542092 kB
Buffers:           21364 kB
Cached:           114604 kB
MemTotal:        1844596 kB
MemFree:         1536104 kB
MemAvailable:    1542032 kB
Buffers:           21364 kB
Cached:           114604 kB
MemTotal:        1844596 kB
MemFree:         1535964 kB
MemAvailable:    1541892 kB
Buffers:           21364 kB
Cached:           114728 kB
MemTotal:        1844596 kB
MemFree:         1536216 kB
MemAvailable:    1542144 kB
Buffers:           21364 kB
Cached:           114728 kB
MemTotal:        1844596 kB
MemFree:         1536976 kB
MemAvailable:    1542244 kB
Buffers:           21364 kB
Cached:           113984 kB
