MemTotal:        1844596 kB
MemFree:         1521288 kB
MemAvailable:    1571576 kB
Buffers:           26756 kB
Cached:           156776 kB
MemTotal:        1844596 kB
MemFree:         1518220 kB
MemAvailable:    1568508 kB
Buffers:           26756 kB
Cached:           156776 kB
MemTotal:        1844596 kB
MemFree:         1518112 kB
MemAvailable:    1568276 kB
Buffers:           26756 kB
Cached:           156776 kB
MemTotal:        1844596 kB
MemFree:         1516360 kB
MemAvailable:    1566648 kB
Buffers:           26756 kB
Cached:           156776 kB
MemTotal:        1844596 kB
MemFree:         1515756 kB
MemAvailable:    1566044 kB
Buffers:           26756 kB
Cached:           156776 kB
MemTotal:        1844596 kB
MemFree:         1516420 kB
MemAvailable:    1566708 kB
Buffers:           26756 kB
Cached:           156776 kB
MemTotal:        1844596 kB
MemFree:         1514988 kB
MemAvailable:    1565276 kB
Buffers:           26756 kB
Cached:           156776 kB
MemTotal:        1844596 kB
MemFree:         1514888 kB
MemAvailable:    1565176 kB
Buffers:           26756 kB
Cached:           156776 kB
MemTotal:        1844596 kB
MemFree:         1510532 kB
MemAvailable:    1560820 kB
Buffers:           26756 kB
Cached:           156776 kB
MemTotal:        1844596 kB
MemFree:         1510868 kB
MemAvailable:    1561156 kB
Buffers:           26756 kB
Cached:           156776 kB
MemTotal:        1844596 kB
MemFree:         1505324 kB
MemAvailable:    1555612 kB
Buffers:           26756 kB
Cached:           156776 kB
MemTotal:        1844596 kB
MemFree:         1505324 kB
MemAvailable:    1555612 kB
Buffers:           26756 kB
Cached:           156776 kB
MemTotal:        1844596 kB
MemFree:         1506436 kB
MemAvailable:    1556724 kB
Buffers:           26756 kB
Cached:           156776 kB
MemTotal:        1844596 kB
MemFree:         1505176 kB
MemAvailable:    1555464 kB
Buffers:           26756 kB
Cached:           156776 kB
MemTotal:        1844596 kB
MemFree:         1506332 kB
MemAvailable:    1556620 kB
Buffers:           26756 kB
Cached:           156776 kB
MemTotal:        1844596 kB
MemFree:         1505712 kB
MemAvailable:    1556000 kB
Buffers:           26756 kB
Cached:           156776 kB
MemTotal:        1844596 kB
MemFree:         1506320 kB
MemAvailable:    1556608 kB
Buffers:           26756 kB
Cached:           156776 kB
MemTotal:        1844596 kB
MemFree:         1505696 kB
MemAvailable:    1555984 kB
Buffers:           26756 kB
Cached:           156776 kB
MemTotal:        1844596 kB
MemFree:         1505656 kB
MemAvailable:    1555944 kB
Buffers:           26756 kB
Cached:           156776 kB
MemTotal:        1844596 kB
MemFree:         1504084 kB
MemAvailable:    1554372 kB
Buffers:           26756 kB
Cached:           156776 kB
MemTotal:        1844596 kB
MemFree:         1503976 kB
MemAvailable:    1554264 kB
Buffers:           26756 kB
Cached:           156776 kB
MemTotal:        1844596 kB
MemFree:         1503780 kB
MemAvailable:    1554068 kB
Buffers:           26756 kB
Cached:           156776 kB
MemTotal:        1844596 kB
MemFree:         1504116 kB
MemAvailable:    1554404 kB
Buffers:           26756 kB
Cached:           156776 kB
MemTotal:        1844596 kB
MemFree:         1502664 kB
MemAvailable:    1552952 kB
Buffers:           26756 kB
Cached:           156776 kB
MemTotal:        1844596 kB
MemFree:         1504072 kB
MemAvailable:    1554360 kB
Buffers:           26756 kB
Cached:           156776 kB
MemTotal:        1844596 kB
MemFree:         1503772 kB
MemAvailable:    1554060 kB
Buffers:           26756 kB
Cached:           156776 kB
MemTotal:        1844596 kB
MemFree:         1504024 kB
MemAvailable:    1554312 kB
Buffers:           26756 kB
Cached:           156776 kB
MemTotal:        1844596 kB
MemFree:         1503824 kB
MemAvailable:    1554112 kB
Buffers:           26756 kB
Cached:           156776 kB
MemTotal:        1844596 kB
MemFree:         1504076 kB
MemAvailable:    1554364 kB
Buffers:           26756 kB
Cached:           156776 kB
MemTotal:        1844596 kB
MemFree:         1503808 kB
MemAvailable:    1554096 kB
Buffers:           26756 kB
Cached:           156776 kB
MemTotal:        1844596 kB
MemFree:         1505260 kB
MemAvailable:    1555548 kB
Buffers:           26756 kB
Cached:           156776 kB
MemTotal:        1844596 kB
MemFree:         1503480 kB
MemAvailable:    1553768 kB
Buffers:           26756 kB
Cached:           156776 kB
MemTotal:        1844596 kB
MemFree:         1501976 kB
MemAvailable:    1552264 kB
Buffers:           26756 kB
Cached:           156776 kB
MemTotal:        1844596 kB
MemFree:         1502060 kB
MemAvailable:    1552348 kB
Buffers:           26756 kB
Cached:           156776 kB
MemTotal:        1844596 kB
MemFree:         1500256 kB
MemAvailable:    1550544 kB
Buffers:           26756 kB
Cached:           156776 kB
MemTotal:        1844596 kB
MemFree:         1499884 kB
MemAvailable:    1550172 kB
Buffers:           26756 kB
Cached:           156776 kB
MemTotal:        1844596 kB
MemFree:         1499512 kB
MemAvailable:    1549800 kB
Buffers:           26756 kB
Cached:           156776 kB
MemTotal:        1844596 kB
MemFree:         1500068 kB
MemAvailable:    1550356 kB
Buffers:           26756 kB
Cached:           156776 kB
MemTotal:        1844596 kB
MemFree:         1499812 kB
MemAvailable:    1550100 kB
Buffers:           26756 kB
Cached:           156776 kB
MemTotal:        1844596 kB
MemFree:         1499736 kB
MemAvailable:    1550024 kB
Buffers:           26756 kB
Cached:           156776 kB
MemTotal:        1844596 kB
MemFree:         1499636 kB
MemAvailable:    1549924 kB
Buffers:           26756 kB
Cached:           156776 kB
MemTotal:        1844596 kB
MemFree:         1499704 kB
MemAvailable:    1549992 kB
Buffers:           26756 kB
Cached:           156776 kB
MemTotal:        1844596 kB
MemFree:         1498500 kB
MemAvailable:    1548788 kB
Buffers:           26756 kB
Cached:           156776 kB
MemTotal:        1844596 kB
MemFree:         1499620 kB
MemAvailable:    1549912 kB
Buffers:           26756 kB
Cached:           156780 kB
MemTotal:        1844596 kB
MemFree:         1499872 kB
MemAvailable:    1550164 kB
Buffers:           26756 kB
Cached:           156780 kB
MemTotal:        1844596 kB
MemFree:         1499572 kB
MemAvailable:    1549872 kB
Buffers:           26756 kB
Cached:           156784 kB
MemTotal:        1844596 kB
MemFree:         1499264 kB
MemAvailable:    1549564 kB
Buffers:           26756 kB
Cached:           156784 kB
MemTotal:        1844596 kB
MemFree:         1497776 kB
MemAvailable:    1548076 kB
Buffers:           26756 kB
Cached:           156784 kB
MemTotal:        1844596 kB
MemFree:         1499132 kB
MemAvailable:    1549432 kB
Buffers:           26756 kB
Cached:           156784 kB
MemTotal:        1844596 kB
MemFree:         1497596 kB
MemAvailable:    1547896 kB
Buffers:           26756 kB
Cached:           156784 kB
MemTotal:        1844596 kB
MemFree:         1498700 kB
MemAvailable:    1549000 kB
Buffers:           26756 kB
Cached:           156784 kB
MemTotal:        1844596 kB
MemFree:         1498700 kB
MemAvailable:    1549000 kB
Buffers:           26756 kB
Cached:           156784 kB
MemTotal:        1844596 kB
MemFree:         1497340 kB
MemAvailable:    1547640 kB
Buffers:           26756 kB
Cached:           156784 kB
MemTotal:        1844596 kB
MemFree:         1497340 kB
MemAvailable:    1547640 kB
Buffers:           26756 kB
Cached:           156784 kB
MemTotal:        1844596 kB
MemFree:         1498648 kB
MemAvailable:    1548948 kB
Buffers:           26756 kB
Cached:           156784 kB
MemTotal:        1844596 kB
MemFree:         1498936 kB
MemAvailable:    1549236 kB
Buffers:           26756 kB
Cached:           156784 kB
MemTotal:        1844596 kB
MemFree:         1498816 kB
MemAvailable:    1549116 kB
Buffers:           26756 kB
Cached:           156784 kB
MemTotal:        1844596 kB
MemFree:         1498816 kB
MemAvailable:    1549116 kB
Buffers:           26756 kB
Cached:           156784 kB
MemTotal:        1844596 kB
MemFree:         1497452 kB
MemAvailable:    1547752 kB
Buffers:           26756 kB
Cached:           156784 kB
MemTotal:        1844596 kB
MemFree:         1498636 kB
MemAvailable:    1548936 kB
Buffers:           26756 kB
Cached:           156784 kB
MemTotal:        1844596 kB
MemFree:         1497204 kB
MemAvailable:    1547504 kB
Buffers:           26756 kB
Cached:           156784 kB
MemTotal:        1844596 kB
MemFree:         1498332 kB
MemAvailable:    1548632 kB
Buffers:           26756 kB
Cached:           156784 kB
MemTotal:        1844596 kB
MemFree:         1498140 kB
MemAvailable:    1548440 kB
Buffers:           26756 kB
Cached:           156784 kB
MemTotal:        1844596 kB
MemFree:         1497960 kB
MemAvailable:    1548260 kB
Buffers:           26756 kB
Cached:           156784 kB
MemTotal:        1844596 kB
MemFree:         1496776 kB
MemAvailable:    1547076 kB
Buffers:           26756 kB
Cached:           156784 kB
MemTotal:        1844596 kB
MemFree:         1496644 kB
MemAvailable:    1546944 kB
Buffers:           26756 kB
Cached:           156784 kB
MemTotal:        1844596 kB
MemFree:         1497820 kB
MemAvailable:    1548120 kB
Buffers:           26756 kB
Cached:           156784 kB
MemTotal:        1844596 kB
MemFree:         1496596 kB
MemAvailable:    1546896 kB
Buffers:           26756 kB
Cached:           156784 kB
MemTotal:        1844596 kB
MemFree:         1496844 kB
MemAvailable:    1547144 kB
Buffers:           26756 kB
Cached:           156784 kB
MemTotal:        1844596 kB
MemFree:         1496596 kB
MemAvailable:    1546896 kB
Buffers:           26756 kB
Cached:           156784 kB
MemTotal:        1844596 kB
MemFree:         1497696 kB
MemAvailable:    1547996 kB
Buffers:           26756 kB
Cached:           156784 kB
MemTotal:        1844596 kB
MemFree:         1496596 kB
MemAvailable:    1546896 kB
Buffers:           26756 kB
Cached:           156784 kB
MemTotal:        1844596 kB
MemFree:         1495164 kB
MemAvailable:    1545464 kB
Buffers:           26756 kB
Cached:           156784 kB
MemTotal:        1844596 kB
MemFree:         1493248 kB
MemAvailable:    1543548 kB
Buffers:           26756 kB
Cached:           156784 kB
MemTotal:        1844596 kB
MemFree:         1490832 kB
MemAvailable:    1541132 kB
Buffers:           26756 kB
Cached:           156784 kB
MemTotal:        1844596 kB
MemFree:         1489948 kB
MemAvailable:    1540248 kB
Buffers:           26756 kB
Cached:           156784 kB
MemTotal:        1844596 kB
MemFree:         1490032 kB
MemAvailable:    1540332 kB
Buffers:           26756 kB
Cached:           156784 kB
MemTotal:        1844596 kB
MemFree:         1490032 kB
MemAvailable:    1540332 kB
Buffers:           26756 kB
Cached:           156784 kB
MemTotal:        1844596 kB
MemFree:         1488536 kB
MemAvailable:    1538836 kB
Buffers:           26756 kB
Cached:           156784 kB
MemTotal:        1844596 kB
MemFree:         1489836 kB
MemAvailable:    1540136 kB
Buffers:           26756 kB
Cached:           156784 kB
MemTotal:        1844596 kB
MemFree:         1489624 kB
MemAvailable:    1539924 kB
Buffers:           26756 kB
Cached:           156784 kB
MemTotal:        1844596 kB
MemFree:         1489624 kB
MemAvailable:    1539924 kB
Buffers:           26756 kB
Cached:           156784 kB
MemTotal:        1844596 kB
MemFree:         1489680 kB
MemAvailable:    1539980 kB
Buffers:           26756 kB
Cached:           156784 kB
MemTotal:        1844596 kB
MemFree:         1490016 kB
MemAvailable:    1540316 kB
Buffers:           26756 kB
Cached:           156784 kB
MemTotal:        1844596 kB
MemFree:         1489772 kB
MemAvailable:    1540072 kB
Buffers:           26756 kB
Cached:           156784 kB
MemTotal:        1844596 kB
MemFree:         1488972 kB
MemAvailable:    1539272 kB
Buffers:           26756 kB
Cached:           156784 kB
MemTotal:        1844596 kB
MemFree:         1489848 kB
MemAvailable:    1540148 kB
Buffers:           26756 kB
Cached:           156784 kB
MemTotal:        1844596 kB
MemFree:         1488416 kB
MemAvailable:    1538716 kB
Buffers:           26756 kB
Cached:           156784 kB
MemTotal:        1844596 kB
MemFree:         1488584 kB
MemAvailable:    1538884 kB
Buffers:           26756 kB
Cached:           156784 kB
MemTotal:        1844596 kB
MemFree:         1489088 kB
MemAvailable:    1539388 kB
Buffers:           26756 kB
Cached:           156784 kB
MemTotal:        1844596 kB
MemFree:         1489576 kB
MemAvailable:    1539876 kB
Buffers:           26756 kB
Cached:           156784 kB
MemTotal:        1844596 kB
MemFree:         1489828 kB
MemAvailable:    1540128 kB
Buffers:           26756 kB
Cached:           156784 kB
MemTotal:        1844596 kB
MemFree:         1488096 kB
MemAvailable:    1538396 kB
Buffers:           26756 kB
Cached:           156784 kB
MemTotal:        1844596 kB
MemFree:         1488908 kB
MemAvailable:    1539208 kB
Buffers:           26756 kB
Cached:           156784 kB
MemTotal:        1844596 kB
MemFree:         1487360 kB
MemAvailable:    1537660 kB
Buffers:           26756 kB
Cached:           156784 kB
MemTotal:        1844596 kB
MemFree:         1487228 kB
MemAvailable:    1537528 kB
Buffers:           26756 kB
Cached:           156784 kB
MemTotal:        1844596 kB
MemFree:         1486980 kB
MemAvailable:    1537280 kB
Buffers:           26756 kB
Cached:           156784 kB
MemTotal:        1844596 kB
MemFree:         1486864 kB
MemAvailable:    1537164 kB
Buffers:           26756 kB
Cached:           156784 kB
MemTotal:        1844596 kB
MemFree:         1487172 kB
MemAvailable:    1537472 kB
Buffers:           26756 kB
Cached:           156784 kB
MemTotal:        1844596 kB
MemFree:         1486972 kB
MemAvailable:    1537272 kB
Buffers:           26756 kB
Cached:           156784 kB
MemTotal:        1844596 kB
MemFree:         1487056 kB
MemAvailable:    1537356 kB
Buffers:           26756 kB
Cached:           156784 kB
MemTotal:        1844596 kB
MemFree:         1486484 kB
MemAvailable:    1536784 kB
Buffers:           26756 kB
Cached:           156784 kB
MemTotal:        1844596 kB
MemFree:         1485112 kB
MemAvailable:    1535412 kB
Buffers:           26756 kB
Cached:           156784 kB
MemTotal:        1844596 kB
MemFree:         1484980 kB
MemAvailable:    1535280 kB
Buffers:           26756 kB
Cached:           156784 kB
MemTotal:        1844596 kB
MemFree:         1485856 kB
MemAvailable:    1536156 kB
Buffers:           26756 kB
Cached:           156784 kB
MemTotal:        1844596 kB
MemFree:         1486108 kB
MemAvailable:    1536408 kB
Buffers:           26756 kB
Cached:           156784 kB
MemTotal:        1844596 kB
MemFree:         1485920 kB
MemAvailable:    1536220 kB
Buffers:           26756 kB
Cached:           156784 kB
MemTotal:        1844596 kB
MemFree:         1485872 kB
MemAvailable:    1536172 kB
Buffers:           26756 kB
Cached:           156784 kB
MemTotal:        1844596 kB
MemFree:         1485724 kB
MemAvailable:    1536024 kB
Buffers:           26756 kB
Cached:           156784 kB
MemTotal:        1844596 kB
MemFree:         1485976 kB
MemAvailable:    1536276 kB
Buffers:           26756 kB
Cached:           156784 kB
MemTotal:        1844596 kB
MemFree:         1485796 kB
MemAvailable:    1536096 kB
Buffers:           26756 kB
Cached:           156784 kB
MemTotal:        1844596 kB
MemFree:         1486048 kB
MemAvailable:    1536348 kB
Buffers:           26756 kB
Cached:           156784 kB
MemTotal:        1844596 kB
MemFree:         1484444 kB
MemAvailable:    1534744 kB
Buffers:           26756 kB
Cached:           156784 kB
MemTotal:        1844596 kB
MemFree:         1485624 kB
MemAvailable:    1535924 kB
Buffers:           26756 kB
Cached:           156784 kB
MemTotal:        1844596 kB
MemFree:         1483252 kB
MemAvailable:    1533552 kB
Buffers:           26756 kB
Cached:           156784 kB
MemTotal:        1844596 kB
MemFree:         1483252 kB
MemAvailable:    1533552 kB
Buffers:           26756 kB
Cached:           156784 kB
MemTotal:        1844596 kB
MemFree:         1478044 kB
MemAvailable:    1528344 kB
Buffers:           26756 kB
Cached:           156784 kB
MemTotal:        1844596 kB
MemFree:         1477440 kB
MemAvailable:    1527740 kB
Buffers:           26756 kB
Cached:           156784 kB
MemTotal:        1844596 kB
MemFree:         1477732 kB
MemAvailable:    1528200 kB
Buffers:           26756 kB
Cached:           156908 kB
MemTotal:        1844596 kB
MemFree:         1477600 kB
MemAvailable:    1528152 kB
Buffers:           26756 kB
Cached:           157032 kB
MemTotal:        1844596 kB
MemFree:         1476448 kB
MemAvailable:    1527084 kB
Buffers:           26756 kB
Cached:           157156 kB
MemTotal:        1844596 kB
MemFree:         1477300 kB
MemAvailable:    1528080 kB
Buffers:           26756 kB
Cached:           157304 kB
MemTotal:        1844596 kB
MemFree:         1477300 kB
MemAvailable:    1528080 kB
Buffers:           26756 kB
Cached:           157304 kB
MemTotal:        1844596 kB
MemFree:         1477236 kB
MemAvailable:    1528100 kB
Buffers:           26756 kB
Cached:           157428 kB
MemTotal:        1844596 kB
MemFree:         1477380 kB
MemAvailable:    1528244 kB
Buffers:           26756 kB
Cached:           157428 kB
MemTotal:        1844596 kB
MemFree:         1476324 kB
MemAvailable:    1527188 kB
Buffers:           26756 kB
Cached:           157428 kB
MemTotal:        1844596 kB
MemFree:         1477140 kB
MemAvailable:    1528004 kB
Buffers:           26756 kB
Cached:           157428 kB
MemTotal:        1844596 kB
MemFree:         1477044 kB
MemAvailable:    1527908 kB
Buffers:           26756 kB
Cached:           157428 kB
MemTotal:        1844596 kB
MemFree:         1477128 kB
MemAvailable:    1527992 kB
Buffers:           26756 kB
Cached:           157428 kB
MemTotal:        1844596 kB
MemFree:         1477128 kB
MemAvailable:    1527992 kB
Buffers:           26756 kB
Cached:           157428 kB
MemTotal:        1844596 kB
MemFree:         1476324 kB
MemAvailable:    1527188 kB
Buffers:           26756 kB
Cached:           157428 kB
MemTotal:        1844596 kB
MemFree:         1477200 kB
MemAvailable:    1528064 kB
Buffers:           26756 kB
Cached:           157428 kB
MemTotal:        1844596 kB
MemFree:         1477700 kB
MemAvailable:    1527976 kB
Buffers:           26756 kB
Cached:           156796 kB
MemTotal:        1844596 kB
MemFree:         1515124 kB
MemAvailable:    1565400 kB
Buffers:           26756 kB
Cached:           156796 kB
