MemTotal:        1844596 kB
MemFree:         1299856 kB
MemAvailable:    1552244 kB
Buffers:           51676 kB
Cached:           324544 kB
MemTotal:        1844596 kB
MemFree:         1298996 kB
MemAvailable:    1551384 kB
Buffers:           51676 kB
Cached:           324544 kB
MemTotal:        1844596 kB
MemFree:         1298064 kB
MemAvailable:    1550452 kB
Buffers:           51676 kB
Cached:           324544 kB
MemTotal:        1844596 kB
MemFree:         1296508 kB
MemAvailable:    1548896 kB
Buffers:           51676 kB
Cached:           324544 kB
MemTotal:        1844596 kB
MemFree:         1295524 kB
MemAvailable:    1547912 kB
Buffers:           51676 kB
Cached:           324544 kB
MemTotal:        1844596 kB
MemFree:         1295260 kB
MemAvailable:    1547648 kB
Buffers:           51676 kB
Cached:           324544 kB
MemTotal:        1844596 kB
MemFree:         1294904 kB
MemAvailable:    1547292 kB
Buffers:           51676 kB
Cached:           324544 kB
MemTotal:        1844596 kB
MemFree:         1292052 kB
MemAvailable:    1544440 kB
Buffers:           51676 kB
Cached:           324544 kB
MemTotal:        1844596 kB
MemFree:         1290376 kB
MemAvailable:    1542764 kB
Buffers:           51676 kB
Cached:           324544 kB
MemTotal:        1844596 kB
MemFree:         1288704 kB
MemAvailable:    1541092 kB
Buffers:           51676 kB
Cached:           324544 kB
MemTotal:        1844596 kB
MemFree:         1286296 kB
MemAvailable:    1538684 kB
Buffers:           51676 kB
Cached:           324544 kB
MemTotal:        1844596 kB
MemFree:         1286632 kB
MemAvailable:    1539020 kB
Buffers:           51676 kB
Cached:           324544 kB
MemTotal:        1844596 kB
MemFree:         1285480 kB
MemAvailable:    1537868 kB
Buffers:           51676 kB
Cached:           324544 kB
MemTotal:        1844596 kB
MemFree:         1285480 kB
MemAvailable:    1537872 kB
Buffers:           51676 kB
Cached:           324548 kB
MemTotal:        1844596 kB
MemFree:         1285464 kB
MemAvailable:    1537856 kB
Buffers:           51676 kB
Cached:           324548 kB
MemTotal:        1844596 kB
MemFree:         1286524 kB
MemAvailable:    1538916 kB
Buffers:           51676 kB
Cached:           324548 kB
MemTotal:        1844596 kB
MemFree:         1285464 kB
MemAvailable:    1537856 kB
Buffers:           51676 kB
Cached:           324548 kB
MemTotal:        1844596 kB
MemFree:         1284364 kB
MemAvailable:    1536756 kB
Buffers:           51676 kB
Cached:           324548 kB
MemTotal:        1844596 kB
MemFree:         1285420 kB
MemAvailable:    1537812 kB
Buffers:           51676 kB
Cached:           324548 kB
MemTotal:        1844596 kB
MemFree:         1284208 kB
MemAvailable:    1536600 kB
Buffers:           51676 kB
Cached:           324548 kB
MemTotal:        1844596 kB
MemFree:         1284208 kB
MemAvailable:    1536600 kB
Buffers:           51676 kB
Cached:           324548 kB
MemTotal:        1844596 kB
MemFree:         1284028 kB
MemAvailable:    1536420 kB
Buffers:           51676 kB
Cached:           324548 kB
MemTotal:        1844596 kB
MemFree:         1284280 kB
MemAvailable:    1536672 kB
Buffers:           51676 kB
Cached:           324548 kB
MemTotal:        1844596 kB
MemFree:         1283904 kB
MemAvailable:    1536296 kB
Buffers:           51676 kB
Cached:           324548 kB
MemTotal:        1844596 kB
MemFree:         1284240 kB
MemAvailable:    1536632 kB
Buffers:           51676 kB
Cached:           324548 kB
MemTotal:        1844596 kB
MemFree:         1282796 kB
MemAvailable:    1535188 kB
Buffers:           51676 kB
Cached:           324548 kB
MemTotal:        1844596 kB
MemFree:         1282972 kB
MemAvailable:    1535364 kB
Buffers:           51676 kB
Cached:           324548 kB
MemTotal:        1844596 kB
MemFree:         1282792 kB
MemAvailable:    1535184 kB
Buffers:           51676 kB
Cached:           324548 kB
MemTotal:        1844596 kB
MemFree:         1285364 kB
MemAvailable:    1537756 kB
Buffers:           51676 kB
Cached:           324548 kB
MemTotal:        1844596 kB
MemFree:         1284960 kB
MemAvailable:    1537352 kB
Buffers:           51676 kB
Cached:           324548 kB
MemTotal:        1844596 kB
MemFree:         1284960 kB
MemAvailable:    1537352 kB
Buffers:           51676 kB
Cached:           324548 kB
MemTotal:        1844596 kB
MemFree:         1281876 kB
MemAvailable:    1534268 kB
Buffers:           51676 kB
Cached:           324548 kB
MemTotal:        1844596 kB
MemFree:         1280768 kB
MemAvailable:    1533160 kB
Buffers:           51676 kB
Cached:           324548 kB
MemTotal:        1844596 kB
MemFree:         1280396 kB
MemAvailable:    1532788 kB
Buffers:           51676 kB
Cached:           324548 kB
MemTotal:        1844596 kB
MemFree:         1280952 kB
MemAvailable:    1533344 kB
Buffers:           51676 kB
Cached:           324548 kB
MemTotal:        1844596 kB
MemFree:         1280496 kB
MemAvailable:    1532888 kB
Buffers:           51676 kB
Cached:           324548 kB
MemTotal:        1844596 kB
MemFree:         1280496 kB
MemAvailable:    1532888 kB
Buffers:           51676 kB
Cached:           324548 kB
MemTotal:        1844596 kB
MemFree:         1280000 kB
MemAvailable:    1532392 kB
Buffers:           51676 kB
Cached:           324548 kB
MemTotal:        1844596 kB
MemFree:         1280084 kB
MemAvailable:    1532476 kB
Buffers:           51676 kB
Cached:           324548 kB
MemTotal:        1844596 kB
MemFree:         1278888 kB
MemAvailable:    1531280 kB
Buffers:           51676 kB
Cached:           324548 kB
MemTotal:        1844596 kB
MemFree:         1279892 kB
MemAvailable:    1532284 kB
Buffers:           51676 kB
Cached:           324548 kB
MemTotal:        1844596 kB
MemFree:         1278708 kB
MemAvailable:    1531100 kB
Buffers:           51676 kB
Cached:           324548 kB
MemTotal:        1844596 kB
MemFree:         1280076 kB
MemAvailable:    1532468 kB
Buffers:           51676 kB
Cached:           324548 kB
MemTotal:        1844596 kB
MemFree:         1279272 kB
MemAvailable:    1531664 kB
Buffers:           51676 kB
Cached:           324548 kB
MemTotal:        1844596 kB
MemFree:         1279712 kB
MemAvailable:    1532104 kB
Buffers:           51676 kB
Cached:           324548 kB
MemTotal:        1844596 kB
MemFree:         1279256 kB
MemAvailable:    1531648 kB
Buffers:           51676 kB
Cached:           324548 kB
MemTotal:        1844596 kB
MemFree:         1279256 kB
MemAvailable:    1531648 kB
Buffers:           51676 kB
Cached:           324548 kB
MemTotal:        1844596 kB
MemFree:         1278960 kB
MemAvailable:    1531352 kB
Buffers:           51676 kB
Cached:           324548 kB
MemTotal:        1844596 kB
MemFree:         1279212 kB
MemAvailable:    1531604 kB
Buffers:           51676 kB
Cached:           324548 kB
MemTotal:        1844596 kB
MemFree:         1278420 kB
MemAvailable:    1530812 kB
Buffers:           51676 kB
Cached:           324548 kB
MemTotal:        1844596 kB
MemFree:         1279044 kB
MemAvailable:    1531436 kB
Buffers:           51676 kB
Cached:           324548 kB
MemTotal:        1844596 kB
MemFree:         1278956 kB
MemAvailable:    1531348 kB
Buffers:           51676 kB
Cached:           324548 kB
MemTotal:        1844596 kB
MemFree:         1278968 kB
MemAvailable:    1531360 kB
Buffers:           51676 kB
Cached:           324548 kB
MemTotal:        1844596 kB
MemFree:         1278884 kB
MemAvailable:    1531276 kB
Buffers:           51676 kB
Cached:           324548 kB
MemTotal:        1844596 kB
MemFree:         1279032 kB
MemAvailable:    1531424 kB
Buffers:           51676 kB
Cached:           324548 kB
MemTotal:        1844596 kB
MemFree:         1278712 kB
MemAvailable:    1531104 kB
Buffers:           51676 kB
Cached:           324548 kB
MemTotal:        1844596 kB
MemFree:         1279048 kB
MemAvailable:    1531440 kB
Buffers:           51676 kB
Cached:           324548 kB
MemTotal:        1844596 kB
MemFree:         1278720 kB
MemAvailable:    1531112 kB
Buffers:           51676 kB
Cached:           324548 kB
MemTotal:        1844596 kB
MemFree:         1279056 kB
MemAvailable:    1531448 kB
Buffers:           51676 kB
Cached:           324548 kB
MemTotal:        1844596 kB
MemFree:         1277648 kB
MemAvailable:    1530040 kB
Buffers:           51676 kB
Cached:           324548 kB
MemTotal:        1844596 kB
MemFree:         1278700 kB
MemAvailable:    1531092 kB
Buffers:           51676 kB
Cached:           324548 kB
MemTotal:        1844596 kB
MemFree:         1278876 kB
MemAvailable:    1531268 kB
Buffers:           51676 kB
Cached:           324548 kB
MemTotal:        1844596 kB
MemFree:         1278340 kB
MemAvailable:    1530732 kB
Buffers:           51676 kB
Cached:           324548 kB
MemTotal:        1844596 kB
MemFree:         1277420 kB
MemAvailable:    1529812 kB
Buffers:           51676 kB
Cached:           324548 kB
MemTotal:        1844596 kB
MemFree:         1278044 kB
MemAvailable:    1530436 kB
Buffers:           51676 kB
Cached:           324548 kB
MemTotal:        1844596 kB
MemFree:         1276612 kB
MemAvailable:    1529004 kB
Buffers:           51676 kB
Cached:           324548 kB
MemTotal:        1844596 kB
MemFree:         1277912 kB
MemAvailable:    1530304 kB
Buffers:           51676 kB
Cached:           324548 kB
MemTotal:        1844596 kB
MemFree:         1277136 kB
MemAvailable:    1529528 kB
Buffers:           51676 kB
Cached:           324548 kB
MemTotal:        1844596 kB
MemFree:         1276644 kB
MemAvailable:    1529036 kB
Buffers:           51676 kB
Cached:           324548 kB
MemTotal:        1844596 kB
MemFree:         1278100 kB
MemAvailable:    1530492 kB
Buffers:           51676 kB
Cached:           324548 kB
MemTotal:        1844596 kB
MemFree:         1278268 kB
MemAvailable:    1530660 kB
Buffers:           51676 kB
Cached:           324548 kB
MemTotal:        1844596 kB
MemFree:         1276748 kB
MemAvailable:    1529140 kB
Buffers:           51676 kB
Cached:           324548 kB
MemTotal:        1844596 kB
MemFree:         1276484 kB
MemAvailable:    1528876 kB
Buffers:           51676 kB
Cached:           324548 kB
MemTotal:        1844596 kB
MemFree:         1275916 kB
MemAvailable:    1528308 kB
Buffers:           51676 kB
Cached:           324548 kB
MemTotal:        1844596 kB
MemFree:         1275808 kB
MemAvailable:    1528200 kB
Buffers:           51676 kB
Cached:           324548 kB
MemTotal:        1844596 kB
MemFree:         1272644 kB
MemAvailable:    1525036 kB
Buffers:           51676 kB
Cached:           324548 kB
MemTotal:        1844596 kB
MemFree:         1270460 kB
MemAvailable:    1522852 kB
Buffers:           51676 kB
Cached:           324548 kB
MemTotal:        1844596 kB
MemFree:         1270796 kB
MemAvailable:    1523188 kB
Buffers:           51676 kB
Cached:           324548 kB
MemTotal:        1844596 kB
MemFree:         1269104 kB
MemAvailable:    1521496 kB
Buffers:           51676 kB
Cached:           324548 kB
MemTotal:        1844596 kB
MemFree:         1270164 kB
MemAvailable:    1522556 kB
Buffers:           51676 kB
Cached:           324548 kB
MemTotal:        1844596 kB
MemFree:         1269112 kB
MemAvailable:    1521504 kB
Buffers:           51676 kB
Cached:           324548 kB
MemTotal:        1844596 kB
MemFree:         1270028 kB
MemAvailable:    1522420 kB
Buffers:           51676 kB
Cached:           324548 kB
MemTotal:        1844596 kB
MemFree:         1270040 kB
MemAvailable:    1522432 kB
Buffers:           51676 kB
Cached:           324548 kB
MemTotal:        1844596 kB
MemFree:         1269112 kB
MemAvailable:    1521504 kB
Buffers:           51676 kB
Cached:           324548 kB
MemTotal:        1844596 kB
MemFree:         1269100 kB
MemAvailable:    1521492 kB
Buffers:           51676 kB
Cached:           324548 kB
MemTotal:        1844596 kB
MemFree:         1268852 kB
MemAvailable:    1521244 kB
Buffers:           51676 kB
Cached:           324548 kB
MemTotal:        1844596 kB
MemFree:         1268852 kB
MemAvailable:    1521244 kB
Buffers:           51676 kB
Cached:           324548 kB
MemTotal:        1844596 kB
MemFree:         1270152 kB
MemAvailable:    1522544 kB
Buffers:           51676 kB
Cached:           324548 kB
MemTotal:        1844596 kB
MemFree:         1269360 kB
MemAvailable:    1521752 kB
Buffers:           51676 kB
Cached:           324548 kB
MemTotal:        1844596 kB
MemFree:         1270092 kB
MemAvailable:    1522484 kB
Buffers:           51676 kB
Cached:           324548 kB
MemTotal:        1844596 kB
MemFree:         1269980 kB
MemAvailable:    1522372 kB
Buffers:           51676 kB
Cached:           324548 kB
MemTotal:        1844596 kB
MemFree:         1269980 kB
MemAvailable:    1522372 kB
Buffers:           51676 kB
Cached:           324548 kB
MemTotal:        1844596 kB
MemFree:         1269784 kB
MemAvailable:    1522176 kB
Buffers:           51676 kB
Cached:           324548 kB
MemTotal:        1844596 kB
MemFree:         1269568 kB
MemAvailable:    1521972 kB
Buffers:           51676 kB
Cached:           324560 kB
MemTotal:        1844596 kB
MemFree:         1268244 kB
MemAvailable:    1520648 kB
Buffers:           51676 kB
Cached:           324560 kB
MemTotal:        1844596 kB
MemFree:         1268916 kB
MemAvailable:    1521320 kB
Buffers:           51676 kB
Cached:           324560 kB
MemTotal:        1844596 kB
MemFree:         1268784 kB
MemAvailable:    1521188 kB
Buffers:           51676 kB
Cached:           324560 kB
MemTotal:        1844596 kB
MemFree:         1268492 kB
MemAvailable:    1520896 kB
Buffers:           51676 kB
Cached:           324560 kB
MemTotal:        1844596 kB
MemFree:         1268228 kB
MemAvailable:    1520632 kB
Buffers:           51676 kB
Cached:           324560 kB
MemTotal:        1844596 kB
MemFree:         1267500 kB
MemAvailable:    1519904 kB
Buffers:           51676 kB
Cached:           324560 kB
MemTotal:        1844596 kB
MemFree:         1266128 kB
MemAvailable:    1518532 kB
Buffers:           51676 kB
Cached:           324560 kB
MemTotal:        1844596 kB
MemFree:         1267312 kB
MemAvailable:    1519716 kB
Buffers:           51676 kB
Cached:           324560 kB
MemTotal:        1844596 kB
MemFree:         1267252 kB
MemAvailable:    1519656 kB
Buffers:           51676 kB
Cached:           324560 kB
MemTotal:        1844596 kB
MemFree:         1265392 kB
MemAvailable:    1517796 kB
Buffers:           51676 kB
Cached:           324560 kB
MemTotal:        1844596 kB
MemFree:         1266516 kB
MemAvailable:    1518920 kB
Buffers:           51676 kB
Cached:           324560 kB
MemTotal:        1844596 kB
MemFree:         1266260 kB
MemAvailable:    1518664 kB
Buffers:           51676 kB
Cached:           324560 kB
MemTotal:        1844596 kB
MemFree:         1265076 kB
MemAvailable:    1517480 kB
Buffers:           51676 kB
Cached:           324560 kB
MemTotal:        1844596 kB
MemFree:         1265392 kB
MemAvailable:    1517796 kB
Buffers:           51676 kB
Cached:           324560 kB
MemTotal:        1844596 kB
MemFree:         1266360 kB
MemAvailable:    1518764 kB
Buffers:           51676 kB
Cached:           324560 kB
MemTotal:        1844596 kB
MemFree:         1266360 kB
MemAvailable:    1518764 kB
Buffers:           51676 kB
Cached:           324560 kB
MemTotal:        1844596 kB
MemFree:         1265964 kB
MemAvailable:    1518368 kB
Buffers:           51676 kB
Cached:           324560 kB
MemTotal:        1844596 kB
MemFree:         1266216 kB
MemAvailable:    1518620 kB
Buffers:           51676 kB
Cached:           324560 kB
MemTotal:        1844596 kB
MemFree:         1264948 kB
MemAvailable:    1517352 kB
Buffers:           51676 kB
Cached:           324560 kB
MemTotal:        1844596 kB
MemFree:         1266064 kB
MemAvailable:    1518468 kB
Buffers:           51676 kB
Cached:           324560 kB
MemTotal:        1844596 kB
MemFree:         1265524 kB
MemAvailable:    1517928 kB
Buffers:           51676 kB
Cached:           324560 kB
MemTotal:        1844596 kB
MemFree:         1265740 kB
MemAvailable:    1518144 kB
Buffers:           51676 kB
Cached:           324560 kB
MemTotal:        1844596 kB
MemFree:         1265740 kB
MemAvailable:    1518144 kB
Buffers:           51676 kB
Cached:           324560 kB
MemTotal:        1844596 kB
MemFree:         1265320 kB
MemAvailable:    1517724 kB
Buffers:           51676 kB
Cached:           324560 kB
MemTotal:        1844596 kB
MemFree:         1265320 kB
MemAvailable:    1517724 kB
Buffers:           51676 kB
Cached:           324560 kB
MemTotal:        1844596 kB
MemFree:         1258508 kB
MemAvailable:    1510912 kB
Buffers:           51676 kB
Cached:           324560 kB
MemTotal:        1844596 kB
MemFree:         1257076 kB
MemAvailable:    1509480 kB
Buffers:           51676 kB
Cached:           324560 kB
MemTotal:        1844596 kB
MemFree:         1257076 kB
MemAvailable:    1509564 kB
Buffers:           51676 kB
Cached:           324684 kB
MemTotal:        1844596 kB
MemFree:         1257076 kB
MemAvailable:    1509732 kB
Buffers:           51676 kB
Cached:           324808 kB
MemTotal:        1844596 kB
MemFree:         1258012 kB
MemAvailable:    1510836 kB
Buffers:           51676 kB
Cached:           324932 kB
MemTotal:        1844596 kB
MemFree:         1257756 kB
MemAvailable:    1510580 kB
Buffers:           51676 kB
Cached:           325056 kB
MemTotal:        1844596 kB
MemFree:         1257756 kB
MemAvailable:    1510748 kB
Buffers:           51676 kB
Cached:           325180 kB
MemTotal:        1844596 kB
MemFree:         1257680 kB
MemAvailable:    1510672 kB
Buffers:           51676 kB
Cached:           325180 kB
MemTotal:        1844596 kB
MemFree:         1257680 kB
MemAvailable:    1510672 kB
Buffers:           51676 kB
Cached:           325180 kB
MemTotal:        1844596 kB
MemFree:         1257496 kB
MemAvailable:    1510572 kB
Buffers:           51676 kB
Cached:           325180 kB
MemTotal:        1844596 kB
MemFree:         1257032 kB
MemAvailable:    1510108 kB
Buffers:           51676 kB
Cached:           325180 kB
MemTotal:        1844596 kB
MemFree:         1257392 kB
MemAvailable:    1510468 kB
Buffers:           51676 kB
Cached:           325180 kB
MemTotal:        1844596 kB
MemFree:         1257392 kB
MemAvailable:    1510468 kB
Buffers:           51676 kB
Cached:           325180 kB
MemTotal:        1844596 kB
MemFree:         1257516 kB
MemAvailable:    1510592 kB
Buffers:           51676 kB
Cached:           325180 kB
MemTotal:        1844596 kB
MemFree:         1257516 kB
MemAvailable:    1510592 kB
Buffers:           51676 kB
Cached:           325304 kB
MemTotal:        1844596 kB
MemFree:         1257696 kB
MemAvailable:    1510184 kB
Buffers:           51676 kB
Cached:           324632 kB
MemTotal:        1844596 kB
MemFree:         1325476 kB
MemAvailable:    1577964 kB
Buffers:           51676 kB
Cached:           324632 kB
MemTotal:        1844596 kB
MemFree:         1327444 kB
MemAvailable:    1579932 kB
Buffers:           51676 kB
Cached:           324632 kB
