MemTotal:        1844596 kB
MemFree:         1190344 kB
MemAvailable:    1541576 kB
Buffers:           61636 kB
Cached:           404652 kB
MemTotal:        1844596 kB
MemFree:         1188468 kB
MemAvailable:    1539700 kB
Buffers:           61636 kB
Cached:           404652 kB
MemTotal:        1844596 kB
MemFree:         1188236 kB
MemAvailable:    1539468 kB
Buffers:           61636 kB
Cached:           404652 kB
MemTotal:        1844596 kB
MemFree:         1186996 kB
MemAvailable:    1538228 kB
Buffers:           61636 kB
Cached:           404652 kB
MemTotal:        1844596 kB
MemFree:         1186600 kB
MemAvailable:    1537832 kB
Buffers:           61636 kB
Cached:           404652 kB
MemTotal:        1844596 kB
MemFree:         1186600 kB
MemAvailable:    1537832 kB
Buffers:           61636 kB
Cached:           404652 kB
MemTotal:        1844596 kB
MemFree:         1185632 kB
MemAvailable:    1536872 kB
Buffers:           61636 kB
Cached:           404656 kB
MemTotal:        1844596 kB
MemFree:         1182524 kB
MemAvailable:    1533764 kB
Buffers:           61636 kB
Cached:           404656 kB
MemTotal:        1844596 kB
MemFree:         1182776 kB
MemAvailable:    1534016 kB
Buffers:           61636 kB
Cached:           404656 kB
MemTotal:        1844596 kB
MemFree:         1177756 kB
MemAvailable:    1528996 kB
Buffers:           61636 kB
Cached:           404656 kB
MemTotal:        1844596 kB
MemFree:         1174224 kB
MemAvailable:    1525464 kB
Buffers:           61636 kB
Cached:           404656 kB
MemTotal:        1844596 kB
MemFree:         1175272 kB
MemAvailable:    1526512 kB
Buffers:           61636 kB
Cached:           404656 kB
MemTotal:        1844596 kB
MemFree:         1175396 kB
MemAvailable:    1526636 kB
Buffers:           61636 kB
Cached:           404656 kB
MemTotal:        1844596 kB
MemFree:         1175396 kB
MemAvailable:    1526636 kB
Buffers:           61636 kB
Cached:           404656 kB
MemTotal:        1844596 kB
MemFree:         1175636 kB
MemAvailable:    1526876 kB
Buffers:           61636 kB
Cached:           404656 kB
MemTotal:        1844596 kB
MemFree:         1175256 kB
MemAvailable:    1526496 kB
Buffers:           61636 kB
Cached:           404656 kB
MemTotal:        1844596 kB
MemFree:         1176704 kB
MemAvailable:    1527944 kB
Buffers:           61636 kB
Cached:           404656 kB
MemTotal:        1844596 kB
MemFree:         1175028 kB
MemAvailable:    1526268 kB
Buffers:           61636 kB
Cached:           404656 kB
MemTotal:        1844596 kB
MemFree:         1174208 kB
MemAvailable:    1525448 kB
Buffers:           61636 kB
Cached:           404656 kB
MemTotal:        1844596 kB
MemFree:         1174208 kB
MemAvailable:    1525448 kB
Buffers:           61636 kB
Cached:           404656 kB
MemTotal:        1844596 kB
MemFree:         1174188 kB
MemAvailable:    1525428 kB
Buffers:           61636 kB
Cached:           404656 kB
MemTotal:        1844596 kB
MemFree:         1174440 kB
MemAvailable:    1525680 kB
Buffers:           61636 kB
Cached:           404656 kB
MemTotal:        1844596 kB
MemFree:         1172920 kB
MemAvailable:    1524160 kB
Buffers:           61636 kB
Cached:           404656 kB
MemTotal:        1844596 kB
MemFree:         1172788 kB
MemAvailable:    1524028 kB
Buffers:           61636 kB
Cached:           404656 kB
MemTotal:        1844596 kB
MemFree:         1174196 kB
MemAvailable:    1525436 kB
Buffers:           61636 kB
Cached:           404656 kB
MemTotal:        1844596 kB
MemFree:         1174084 kB
MemAvailable:    1525324 kB
Buffers:           61636 kB
Cached:           404656 kB
MemTotal:        1844596 kB
MemFree:         1173356 kB
MemAvailable:    1524596 kB
Buffers:           61636 kB
Cached:           404656 kB
MemTotal:        1844596 kB
MemFree:         1174532 kB
MemAvailable:    1525772 kB
Buffers:           61636 kB
Cached:           404656 kB
MemTotal:        1844596 kB
MemFree:         1175444 kB
MemAvailable:    1526684 kB
Buffers:           61636 kB
Cached:           404656 kB
MemTotal:        1844596 kB
MemFree:         1175588 kB
MemAvailable:    1526828 kB
Buffers:           61636 kB
Cached:           404656 kB
MemTotal:        1844596 kB
MemFree:         1173596 kB
MemAvailable:    1524836 kB
Buffers:           61636 kB
Cached:           404656 kB
MemTotal:        1844596 kB
MemFree:         1173604 kB
MemAvailable:    1524844 kB
Buffers:           61636 kB
Cached:           404656 kB
MemTotal:        1844596 kB
MemFree:         1171804 kB
MemAvailable:    1523044 kB
Buffers:           61636 kB
Cached:           404656 kB
MemTotal:        1844596 kB
MemFree:         1171612 kB
MemAvailable:    1522852 kB
Buffers:           61636 kB
Cached:           404656 kB
MemTotal:        1844596 kB
MemFree:         1170008 kB
MemAvailable:    1521248 kB
Buffers:           61636 kB
Cached:           404656 kB
MemTotal:        1844596 kB
MemFree:         1170880 kB
MemAvailable:    1522120 kB
Buffers:           61636 kB
Cached:           404656 kB
MemTotal:        1844596 kB
MemFree:         1170624 kB
MemAvailable:    1521864 kB
Buffers:           61636 kB
Cached:           404656 kB
MemTotal:        1844596 kB
MemFree:         1169140 kB
MemAvailable:    1520380 kB
Buffers:           61636 kB
Cached:           404656 kB
MemTotal:        1844596 kB
MemFree:         1169984 kB
MemAvailable:    1521224 kB
Buffers:           61636 kB
Cached:           404656 kB
MemTotal:        1844596 kB
MemFree:         1169944 kB
MemAvailable:    1521184 kB
Buffers:           61636 kB
Cached:           404656 kB
MemTotal:        1844596 kB
MemFree:         1170100 kB
MemAvailable:    1521340 kB
Buffers:           61636 kB
Cached:           404656 kB
MemTotal:        1844596 kB
MemFree:         1168768 kB
MemAvailable:    1520008 kB
Buffers:           61636 kB
Cached:           404656 kB
MemTotal:        1844596 kB
MemFree:         1170084 kB
MemAvailable:    1521324 kB
Buffers:           61636 kB
Cached:           404656 kB
MemTotal:        1844596 kB
MemFree:         1169772 kB
MemAvailable:    1521012 kB
Buffers:           61636 kB
Cached:           404656 kB
MemTotal:        1844596 kB
MemFree:         1168768 kB
MemAvailable:    1520008 kB
Buffers:           61636 kB
Cached:           404656 kB
MemTotal:        1844596 kB
MemFree:         1169184 kB
MemAvailable:    1520424 kB
Buffers:           61636 kB
Cached:           404656 kB
MemTotal:        1844596 kB
MemFree:         1169520 kB
MemAvailable:    1520760 kB
Buffers:           61636 kB
Cached:           404656 kB
MemTotal:        1844596 kB
MemFree:         1167960 kB
MemAvailable:    1519200 kB
Buffers:           61636 kB
Cached:           404656 kB
MemTotal:        1844596 kB
MemFree:         1167628 kB
MemAvailable:    1518868 kB
Buffers:           61636 kB
Cached:           404656 kB
MemTotal:        1844596 kB
MemFree:         1169168 kB
MemAvailable:    1520408 kB
Buffers:           61636 kB
Cached:           404656 kB
MemTotal:        1844596 kB
MemFree:         1167892 kB
MemAvailable:    1519132 kB
Buffers:           61636 kB
Cached:           404656 kB
MemTotal:        1844596 kB
MemFree:         1168828 kB
MemAvailable:    1520072 kB
Buffers:           61636 kB
Cached:           404660 kB
MemTotal:        1844596 kB
MemFree:         1169080 kB
MemAvailable:    1520324 kB
Buffers:           61636 kB
Cached:           404660 kB
MemTotal:        1844596 kB
MemFree:         1167724 kB
MemAvailable:    1518968 kB
Buffers:           61636 kB
Cached:           404660 kB
MemTotal:        1844596 kB
MemFree:         1167600 kB
MemAvailable:    1518844 kB
Buffers:           61636 kB
Cached:           404660 kB
MemTotal:        1844596 kB
MemFree:         1167724 kB
MemAvailable:    1518968 kB
Buffers:           61636 kB
Cached:           404660 kB
MemTotal:        1844596 kB
MemFree:         1168964 kB
MemAvailable:    1520208 kB
Buffers:           61636 kB
Cached:           404660 kB
MemTotal:        1844596 kB
MemFree:         1168140 kB
MemAvailable:    1519384 kB
Buffers:           61636 kB
Cached:           404660 kB
MemTotal:        1844596 kB
MemFree:         1168764 kB
MemAvailable:    1520008 kB
Buffers:           61636 kB
Cached:           404660 kB
MemTotal:        1844596 kB
MemFree:         1168572 kB
MemAvailable:    1519816 kB
Buffers:           61636 kB
Cached:           404660 kB
MemTotal:        1844596 kB
MemFree:         1167528 kB
MemAvailable:    1518772 kB
Buffers:           61636 kB
Cached:           404660 kB
MemTotal:        1844596 kB
MemFree:         1168444 kB
MemAvailable:    1519688 kB
Buffers:           61636 kB
Cached:           404660 kB
MemTotal:        1844596 kB
MemFree:         1168252 kB
MemAvailable:    1519496 kB
Buffers:           61636 kB
Cached:           404660 kB
MemTotal:        1844596 kB
MemFree:         1168056 kB
MemAvailable:    1519300 kB
Buffers:           61636 kB
Cached:           404660 kB
MemTotal:        1844596 kB
MemFree:         1167996 kB
MemAvailable:    1519240 kB
Buffers:           61636 kB
Cached:           404660 kB
MemTotal:        1844596 kB
MemFree:         1168288 kB
MemAvailable:    1519532 kB
Buffers:           61636 kB
Cached:           404660 kB
MemTotal:        1844596 kB
MemFree:         1167280 kB
MemAvailable:    1518524 kB
Buffers:           61636 kB
Cached:           404660 kB
MemTotal:        1844596 kB
MemFree:         1167828 kB
MemAvailable:    1519072 kB
Buffers:           61636 kB
Cached:           404660 kB
MemTotal:        1844596 kB
MemFree:         1168080 kB
MemAvailable:    1519324 kB
Buffers:           61636 kB
Cached:           404660 kB
MemTotal:        1844596 kB
MemFree:         1168000 kB
MemAvailable:    1519244 kB
Buffers:           61636 kB
Cached:           404660 kB
MemTotal:        1844596 kB
MemFree:         1168140 kB
MemAvailable:    1519384 kB
Buffers:           61636 kB
Cached:           404660 kB
MemTotal:        1844596 kB
MemFree:         1167936 kB
MemAvailable:    1519180 kB
Buffers:           61636 kB
Cached:           404660 kB
MemTotal:        1844596 kB
MemFree:         1168188 kB
MemAvailable:    1519432 kB
Buffers:           61636 kB
Cached:           404660 kB
MemTotal:        1844596 kB
MemFree:         1167888 kB
MemAvailable:    1519132 kB
Buffers:           61636 kB
Cached:           404660 kB
MemTotal:        1844596 kB
MemFree:         1165536 kB
MemAvailable:    1516780 kB
Buffers:           61636 kB
Cached:           404660 kB
MemTotal:        1844596 kB
MemFree:         1164488 kB
MemAvailable:    1515732 kB
Buffers:           61636 kB
Cached:           404660 kB
MemTotal:        1844596 kB
MemFree:         1162444 kB
MemAvailable:    1513688 kB
Buffers:           61636 kB
Cached:           404660 kB
MemTotal:        1844596 kB
MemFree:         1159716 kB
MemAvailable:    1510960 kB
Buffers:           61636 kB
Cached:           404660 kB
MemTotal:        1844596 kB
MemFree:         1159344 kB
MemAvailable:    1510588 kB
Buffers:           61636 kB
Cached:           404660 kB
MemTotal:        1844596 kB
MemFree:         1160064 kB
MemAvailable:    1511308 kB
Buffers:           61636 kB
Cached:           404660 kB
MemTotal:        1844596 kB
MemFree:         1159956 kB
MemAvailable:    1511200 kB
Buffers:           61636 kB
Cached:           404660 kB
MemTotal:        1844596 kB
MemFree:         1159884 kB
MemAvailable:    1511132 kB
Buffers:           61636 kB
Cached:           404664 kB
MemTotal:        1844596 kB
MemFree:         1158660 kB
MemAvailable:    1509908 kB
Buffers:           61636 kB
Cached:           404664 kB
MemTotal:        1844596 kB
MemFree:         1160032 kB
MemAvailable:    1511280 kB
Buffers:           61636 kB
Cached:           404664 kB
MemTotal:        1844596 kB
MemFree:         1159700 kB
MemAvailable:    1510948 kB
Buffers:           61636 kB
Cached:           404664 kB
MemTotal:        1844596 kB
MemFree:         1160264 kB
MemAvailable:    1511512 kB
Buffers:           61636 kB
Cached:           404664 kB
MemTotal:        1844596 kB
MemFree:         1159220 kB
MemAvailable:    1510468 kB
Buffers:           61636 kB
Cached:           404664 kB
MemTotal:        1844596 kB
MemFree:         1159928 kB
MemAvailable:    1511176 kB
Buffers:           61636 kB
Cached:           404664 kB
MemTotal:        1844596 kB
MemFree:         1160180 kB
MemAvailable:    1511428 kB
Buffers:           61636 kB
Cached:           404664 kB
MemTotal:        1844596 kB
MemFree:         1159940 kB
MemAvailable:    1511188 kB
Buffers:           61636 kB
Cached:           404664 kB
MemTotal:        1844596 kB
MemFree:         1159940 kB
MemAvailable:    1511188 kB
Buffers:           61636 kB
Cached:           404664 kB
MemTotal:        1844596 kB
MemFree:         1159916 kB
MemAvailable:    1511164 kB
Buffers:           61636 kB
Cached:           404664 kB
MemTotal:        1844596 kB
MemFree:         1160064 kB
MemAvailable:    1511312 kB
Buffers:           61636 kB
Cached:           404664 kB
MemTotal:        1844596 kB
MemFree:         1159892 kB
MemAvailable:    1511140 kB
Buffers:           61636 kB
Cached:           404664 kB
MemTotal:        1844596 kB
MemFree:         1158476 kB
MemAvailable:    1509724 kB
Buffers:           61636 kB
Cached:           404664 kB
MemTotal:        1844596 kB
MemFree:         1158048 kB
MemAvailable:    1509296 kB
Buffers:           61636 kB
Cached:           404664 kB
MemTotal:        1844596 kB
MemFree:         1157916 kB
MemAvailable:    1509164 kB
Buffers:           61636 kB
Cached:           404664 kB
MemTotal:        1844596 kB
MemFree:         1158848 kB
MemAvailable:    1510096 kB
Buffers:           61636 kB
Cached:           404664 kB
MemTotal:        1844596 kB
MemFree:         1157484 kB
MemAvailable:    1508732 kB
Buffers:           61636 kB
Cached:           404664 kB
MemTotal:        1844596 kB
MemFree:         1158328 kB
MemAvailable:    1509576 kB
Buffers:           61636 kB
Cached:           404664 kB
MemTotal:        1844596 kB
MemFree:         1158328 kB
MemAvailable:    1509576 kB
Buffers:           61636 kB
Cached:           404664 kB
MemTotal:        1844596 kB
MemFree:         1157420 kB
MemAvailable:    1508668 kB
Buffers:           61636 kB
Cached:           404664 kB
MemTotal:        1844596 kB
MemFree:         1157164 kB
MemAvailable:    1508412 kB
Buffers:           61636 kB
Cached:           404664 kB
MemTotal:        1844596 kB
MemFree:         1156740 kB
MemAvailable:    1507988 kB
Buffers:           61636 kB
Cached:           404664 kB
MemTotal:        1844596 kB
MemFree:         1155368 kB
MemAvailable:    1506616 kB
Buffers:           61636 kB
Cached:           404664 kB
MemTotal:        1844596 kB
MemFree:         1155748 kB
MemAvailable:    1506996 kB
Buffers:           61636 kB
Cached:           404664 kB
MemTotal:        1844596 kB
MemFree:         1156228 kB
MemAvailable:    1507476 kB
Buffers:           61636 kB
Cached:           404664 kB
MemTotal:        1844596 kB
MemFree:         1156312 kB
MemAvailable:    1507560 kB
Buffers:           61636 kB
Cached:           404664 kB
MemTotal:        1844596 kB
MemFree:         1155916 kB
MemAvailable:    1507164 kB
Buffers:           61636 kB
Cached:           404664 kB
MemTotal:        1844596 kB
MemFree:         1156252 kB
MemAvailable:    1507500 kB
Buffers:           61636 kB
Cached:           404664 kB
MemTotal:        1844596 kB
MemFree:         1156044 kB
MemAvailable:    1507292 kB
Buffers:           61636 kB
Cached:           404664 kB
MemTotal:        1844596 kB
MemFree:         1156044 kB
MemAvailable:    1507292 kB
Buffers:           61636 kB
Cached:           404664 kB
MemTotal:        1844596 kB
MemFree:         1156188 kB
MemAvailable:    1507436 kB
Buffers:           61636 kB
Cached:           404664 kB
MemTotal:        1844596 kB
MemFree:         1156044 kB
MemAvailable:    1507292 kB
Buffers:           61636 kB
Cached:           404664 kB
MemTotal:        1844596 kB
MemFree:         1156296 kB
MemAvailable:    1507544 kB
Buffers:           61636 kB
Cached:           404664 kB
MemTotal:        1844596 kB
MemFree:         1155608 kB
MemAvailable:    1506856 kB
Buffers:           61636 kB
Cached:           404664 kB
MemTotal:        1844596 kB
MemFree:         1154632 kB
MemAvailable:    1505880 kB
Buffers:           61636 kB
Cached:           404664 kB
MemTotal:        1844596 kB
MemFree:         1155380 kB
MemAvailable:    1506628 kB
Buffers:           61636 kB
Cached:           404664 kB
MemTotal:        1844596 kB
MemFree:         1151036 kB
MemAvailable:    1502284 kB
Buffers:           61636 kB
Cached:           404664 kB
MemTotal:        1844596 kB
MemFree:         1147004 kB
MemAvailable:    1498252 kB
Buffers:           61636 kB
Cached:           404664 kB
MemTotal:        1844596 kB
MemFree:         1146672 kB
MemAvailable:    1498088 kB
Buffers:           61636 kB
Cached:           404788 kB
MemTotal:        1844596 kB
MemFree:         1146672 kB
MemAvailable:    1498088 kB
Buffers:           61636 kB
Cached:           404788 kB
MemTotal:        1844596 kB
MemFree:         1145184 kB
MemAvailable:    1496684 kB
Buffers:           61636 kB
Cached:           404912 kB
MemTotal:        1844596 kB
MemFree:         1146616 kB
MemAvailable:    1498200 kB
Buffers:           61640 kB
Cached:           405032 kB
MemTotal:        1844596 kB
MemFree:         1146796 kB
MemAvailable:    1498484 kB
Buffers:           61640 kB
Cached:           405108 kB
MemTotal:        1844596 kB
MemFree:         1145400 kB
MemAvailable:    1497172 kB
Buffers:           61640 kB
Cached:           405232 kB
MemTotal:        1844596 kB
MemFree:         1146632 kB
MemAvailable:    1498488 kB
Buffers:           61640 kB
Cached:           405232 kB
MemTotal:        1844596 kB
MemFree:         1145332 kB
MemAvailable:    1497188 kB
Buffers:           61640 kB
Cached:           405232 kB
MemTotal:        1844596 kB
MemFree:         1146124 kB
MemAvailable:    1497980 kB
Buffers:           61640 kB
Cached:           405232 kB
MemTotal:        1844596 kB
MemFree:         1146208 kB
MemAvailable:    1498064 kB
Buffers:           61640 kB
Cached:           405232 kB
MemTotal:        1844596 kB
MemFree:         1145936 kB
MemAvailable:    1497792 kB
Buffers:           61640 kB
Cached:           405232 kB
MemTotal:        1844596 kB
MemFree:         1146104 kB
MemAvailable:    1497960 kB
Buffers:           61640 kB
Cached:           405232 kB
MemTotal:        1844596 kB
MemFree:         1146216 kB
MemAvailable:    1498072 kB
Buffers:           61640 kB
Cached:           405232 kB
MemTotal:        1844596 kB
MemFree:         1146076 kB
MemAvailable:    1497932 kB
Buffers:           61640 kB
Cached:           405232 kB
MemTotal:        1844596 kB
MemFree:         1146136 kB
MemAvailable:    1497992 kB
Buffers:           61640 kB
Cached:           405232 kB
MemTotal:        1844596 kB
MemFree:         1146168 kB
MemAvailable:    1497436 kB
Buffers:           61640 kB
Cached:           404684 kB
MemTotal:        1844596 kB
MemFree:         1146168 kB
MemAvailable:    1497436 kB
Buffers:           61640 kB
Cached:           404684 kB
MemTotal:        1844596 kB
MemFree:         1217752 kB
MemAvailable:    1569020 kB
Buffers:           61640 kB
Cached:           404684 kB
