MemTotal:        1844596 kB
MemFree:         1429240 kB
MemAvailable:    1566120 kB
Buffers:           38548 kB
Cached:           232284 kB
MemTotal:        1844596 kB
MemFree:         1426596 kB
MemAvailable:    1563476 kB
Buffers:           38548 kB
Cached:           232284 kB
MemTotal:        1844596 kB
MemFree:         1425508 kB
MemAvailable:    1562388 kB
Buffers:           38548 kB
Cached:           232284 kB
MemTotal:        1844596 kB
MemFree:         1423544 kB
MemAvailable:    1560424 kB
Buffers:           38548 kB
Cached:           232284 kB
MemTotal:        1844596 kB
MemFree:         1423296 kB
MemAvailable:    1560176 kB
Buffers:           38548 kB
Cached:           232284 kB
MemTotal:        1844596 kB
MemFree:         1423056 kB
MemAvailable:    1559936 kB
Buffers:           38548 kB
Cached:           232284 kB
MemTotal:        1844596 kB
MemFree:         1422904 kB
MemAvailable:    1559784 kB
Buffers:           38548 kB
Cached:           232284 kB
MemTotal:        1844596 kB
MemFree:         1422896 kB
MemAvailable:    1559776 kB
Buffers:           38548 kB
Cached:           232284 kB
MemTotal:        1844596 kB
MemFree:         1420560 kB
MemAvailable:    1557440 kB
Buffers:           38548 kB
Cached:           232284 kB
MemTotal:        1844596 kB
MemFree:         1419204 kB
MemAvailable:    1556084 kB
Buffers:           38548 kB
Cached:           232284 kB
MemTotal:        1844596 kB
MemFree:         1417032 kB
MemAvailable:    1553912 kB
Buffers:           38548 kB
Cached:           232284 kB
MemTotal:        1844596 kB
MemFree:         1415360 kB
MemAvailable:    1552240 kB
Buffers:           38548 kB
Cached:           232284 kB
MemTotal:        1844596 kB
MemFree:         1412320 kB
MemAvailable:    1549200 kB
Buffers:           38548 kB
Cached:           232284 kB
MemTotal:        1844596 kB
MemFree:         1412508 kB
MemAvailable:    1549388 kB
Buffers:           38548 kB
Cached:           232284 kB
MemTotal:        1844596 kB
MemFree:         1413100 kB
MemAvailable:    1549980 kB
Buffers:           38548 kB
Cached:           232284 kB
MemTotal:        1844596 kB
MemFree:         1413352 kB
MemAvailable:    1550232 kB
Buffers:           38548 kB
Cached:           232284 kB
MemTotal:        1844596 kB
MemFree:         1411992 kB
MemAvailable:    1548872 kB
Buffers:           38548 kB
Cached:           232284 kB
MemTotal:        1844596 kB
MemFree:         1413084 kB
MemAvailable:    1549964 kB
Buffers:           38548 kB
Cached:           232284 kB
MemTotal:        1844596 kB
MemFree:         1413336 kB
MemAvailable:    1550216 kB
Buffers:           38548 kB
Cached:           232284 kB
MemTotal:        1844596 kB
MemFree:         1412360 kB
MemAvailable:    1549240 kB
Buffers:           38548 kB
Cached:           232284 kB
MemTotal:        1844596 kB
MemFree:         1411516 kB
MemAvailable:    1548396 kB
Buffers:           38548 kB
Cached:           232284 kB
MemTotal:        1844596 kB
MemFree:         1410400 kB
MemAvailable:    1547280 kB
Buffers:           38548 kB
Cached:           232284 kB
MemTotal:        1844596 kB
MemFree:         1410956 kB
MemAvailable:    1547836 kB
Buffers:           38548 kB
Cached:           232284 kB
MemTotal:        1844596 kB
MemFree:         1410832 kB
MemAvailable:    1547712 kB
Buffers:           38548 kB
Cached:           232284 kB
MemTotal:        1844596 kB
MemFree:         1410748 kB
MemAvailable:    1547628 kB
Buffers:           38548 kB
Cached:           232284 kB
MemTotal:        1844596 kB
MemFree:         1411000 kB
MemAvailable:    1547880 kB
Buffers:           38548 kB
Cached:           232284 kB
MemTotal:        1844596 kB
MemFree:         1410720 kB
MemAvailable:    1547600 kB
Buffers:           38548 kB
Cached:           232284 kB
MemTotal:        1844596 kB
MemFree:         1409780 kB
MemAvailable:    1546660 kB
Buffers:           38548 kB
Cached:           232284 kB
MemTotal:        1844596 kB
MemFree:         1410720 kB
MemAvailable:    1547600 kB
Buffers:           38548 kB
Cached:           232284 kB
MemTotal:        1844596 kB
MemFree:         1410584 kB
MemAvailable:    1547464 kB
Buffers:           38548 kB
Cached:           232284 kB
MemTotal:        1844596 kB
MemFree:         1410836 kB
MemAvailable:    1547716 kB
Buffers:           38548 kB
Cached:           232284 kB
MemTotal:        1844596 kB
MemFree:         1410736 kB
MemAvailable:    1547616 kB
Buffers:           38548 kB
Cached:           232284 kB
MemTotal:        1844596 kB
MemFree:         1410736 kB
MemAvailable:    1547616 kB
Buffers:           38548 kB
Cached:           232284 kB
MemTotal:        1844596 kB
MemFree:         1411996 kB
MemAvailable:    1548876 kB
Buffers:           38548 kB
Cached:           232284 kB
MemTotal:        1844596 kB
MemFree:         1411872 kB
MemAvailable:    1548752 kB
Buffers:           38548 kB
Cached:           232284 kB
MemTotal:        1844596 kB
MemFree:         1410648 kB
MemAvailable:    1547528 kB
Buffers:           38548 kB
Cached:           232284 kB
MemTotal:        1844596 kB
MemFree:         1409472 kB
MemAvailable:    1546352 kB
Buffers:           38548 kB
Cached:           232284 kB
MemTotal:        1844596 kB
MemFree:         1408600 kB
MemAvailable:    1545480 kB
Buffers:           38548 kB
Cached:           232284 kB
MemTotal:        1844596 kB
MemFree:         1407292 kB
MemAvailable:    1544172 kB
Buffers:           38548 kB
Cached:           232284 kB
MemTotal:        1844596 kB
MemFree:         1408164 kB
MemAvailable:    1545044 kB
Buffers:           38548 kB
Cached:           232284 kB
MemTotal:        1844596 kB
MemFree:         1406352 kB
MemAvailable:    1543232 kB
Buffers:           38548 kB
Cached:           232284 kB
MemTotal:        1844596 kB
MemFree:         1407388 kB
MemAvailable:    1544268 kB
Buffers:           38548 kB
Cached:           232284 kB
MemTotal:        1844596 kB
MemFree:         1405564 kB
MemAvailable:    1542444 kB
Buffers:           38548 kB
Cached:           232284 kB
MemTotal:        1844596 kB
MemFree:         1406740 kB
MemAvailable:    1543620 kB
Buffers:           38548 kB
Cached:           232284 kB
MemTotal:        1844596 kB
MemFree:         1406560 kB
MemAvailable:    1543440 kB
Buffers:           38548 kB
Cached:           232284 kB
MemTotal:        1844596 kB
MemFree:         1406544 kB
MemAvailable:    1543424 kB
Buffers:           38548 kB
Cached:           232284 kB
MemTotal:        1844596 kB
MemFree:         1405812 kB
MemAvailable:    1542692 kB
Buffers:           38548 kB
Cached:           232284 kB
MemTotal:        1844596 kB
MemFree:         1405384 kB
MemAvailable:    1542264 kB
Buffers:           38548 kB
Cached:           232284 kB
MemTotal:        1844596 kB
MemFree:         1406436 kB
MemAvailable:    1543316 kB
Buffers:           38548 kB
Cached:           232284 kB
MemTotal:        1844596 kB
MemFree:         1406304 kB
MemAvailable:    1543184 kB
Buffers:           38548 kB
Cached:           232284 kB
MemTotal:        1844596 kB
MemFree:         1406368 kB
MemAvailable:    1543248 kB
Buffers:           38548 kB
Cached:           232284 kB
MemTotal:        1844596 kB
MemFree:         1405316 kB
MemAvailable:    1542196 kB
Buffers:           38548 kB
Cached:           232284 kB
MemTotal:        1844596 kB
MemFree:         1404812 kB
MemAvailable:    1541700 kB
Buffers:           38548 kB
Cached:           232292 kB
MemTotal:        1844596 kB
MemFree:         1405812 kB
MemAvailable:    1542700 kB
Buffers:           38548 kB
Cached:           232292 kB
MemTotal:        1844596 kB
MemFree:         1404184 kB
MemAvailable:    1541072 kB
Buffers:           38548 kB
Cached:           232292 kB
MemTotal:        1844596 kB
MemFree:         1404556 kB
MemAvailable:    1541444 kB
Buffers:           38548 kB
Cached:           232292 kB
MemTotal:        1844596 kB
MemFree:         1404308 kB
MemAvailable:    1541196 kB
Buffers:           38548 kB
Cached:           232292 kB
MemTotal:        1844596 kB
MemFree:         1405440 kB
MemAvailable:    1542328 kB
Buffers:           38548 kB
Cached:           232292 kB
MemTotal:        1844596 kB
MemFree:         1404152 kB
MemAvailable:    1541040 kB
Buffers:           38548 kB
Cached:           232292 kB
MemTotal:        1844596 kB
MemFree:         1404276 kB
MemAvailable:    1541164 kB
Buffers:           38548 kB
Cached:           232292 kB
MemTotal:        1844596 kB
MemFree:         1404400 kB
MemAvailable:    1541288 kB
Buffers:           38548 kB
Cached:           232292 kB
MemTotal:        1844596 kB
MemFree:         1404268 kB
MemAvailable:    1541156 kB
Buffers:           38548 kB
Cached:           232292 kB
MemTotal:        1844596 kB
MemFree:         1404400 kB
MemAvailable:    1541288 kB
Buffers:           38548 kB
Cached:           232292 kB
MemTotal:        1844596 kB
MemFree:         1405384 kB
MemAvailable:    1542272 kB
Buffers:           38548 kB
Cached:           232292 kB
MemTotal:        1844596 kB
MemFree:         1405632 kB
MemAvailable:    1542520 kB
Buffers:           38548 kB
Cached:           232292 kB
MemTotal:        1844596 kB
MemFree:         1404068 kB
MemAvailable:    1540956 kB
Buffers:           38548 kB
Cached:           232292 kB
MemTotal:        1844596 kB
MemFree:         1404920 kB
MemAvailable:    1541808 kB
Buffers:           38548 kB
Cached:           232292 kB
MemTotal:        1844596 kB
MemFree:         1405172 kB
MemAvailable:    1542060 kB
Buffers:           38548 kB
Cached:           232292 kB
MemTotal:        1844596 kB
MemFree:         1403688 kB
MemAvailable:    1540576 kB
Buffers:           38548 kB
Cached:           232292 kB
MemTotal:        1844596 kB
MemFree:         1404688 kB
MemAvailable:    1541576 kB
Buffers:           38548 kB
Cached:           232292 kB
MemTotal:        1844596 kB
MemFree:         1404840 kB
MemAvailable:    1541728 kB
Buffers:           38548 kB
Cached:           232292 kB
MemTotal:        1844596 kB
MemFree:         1404524 kB
MemAvailable:    1541412 kB
Buffers:           38548 kB
Cached:           232292 kB
MemTotal:        1844596 kB
MemFree:         1403580 kB
MemAvailable:    1540344 kB
Buffers:           38548 kB
Cached:           232292 kB
MemTotal:        1844596 kB
MemFree:         1404560 kB
MemAvailable:    1541448 kB
Buffers:           38548 kB
Cached:           232292 kB
MemTotal:        1844596 kB
MemFree:         1403188 kB
MemAvailable:    1540076 kB
Buffers:           38548 kB
Cached:           232292 kB
MemTotal:        1844596 kB
MemFree:         1404572 kB
MemAvailable:    1541460 kB
Buffers:           38548 kB
Cached:           232292 kB
MemTotal:        1844596 kB
MemFree:         1404608 kB
MemAvailable:    1541496 kB
Buffers:           38548 kB
Cached:           232292 kB
MemTotal:        1844596 kB
MemFree:         1403828 kB
MemAvailable:    1540716 kB
Buffers:           38548 kB
Cached:           232292 kB
MemTotal:        1844596 kB
MemFree:         1404704 kB
MemAvailable:    1541592 kB
Buffers:           38548 kB
Cached:           232292 kB
MemTotal:        1844596 kB
MemFree:         1404672 kB
MemAvailable:    1541560 kB
Buffers:           38548 kB
Cached:           232292 kB
MemTotal:        1844596 kB
MemFree:         1404616 kB
MemAvailable:    1541504 kB
Buffers:           38548 kB
Cached:           232292 kB
MemTotal:        1844596 kB
MemFree:         1403144 kB
MemAvailable:    1540032 kB
Buffers:           38548 kB
Cached:           232292 kB
MemTotal:        1844596 kB
MemFree:         1402400 kB
MemAvailable:    1539288 kB
Buffers:           38548 kB
Cached:           232292 kB
MemTotal:        1844596 kB
MemFree:         1399860 kB
MemAvailable:    1536752 kB
Buffers:           38548 kB
Cached:           232296 kB
MemTotal:        1844596 kB
MemFree:         1398372 kB
MemAvailable:    1535264 kB
Buffers:           38548 kB
Cached:           232296 kB
MemTotal:        1844596 kB
MemFree:         1397256 kB
MemAvailable:    1534148 kB
Buffers:           38548 kB
Cached:           232296 kB
MemTotal:        1844596 kB
MemFree:         1396976 kB
MemAvailable:    1533868 kB
Buffers:           38548 kB
Cached:           232296 kB
MemTotal:        1844596 kB
MemFree:         1397060 kB
MemAvailable:    1533952 kB
Buffers:           38548 kB
Cached:           232296 kB
MemTotal:        1844596 kB
MemFree:         1396876 kB
MemAvailable:    1533768 kB
Buffers:           38548 kB
Cached:           232296 kB
MemTotal:        1844596 kB
MemFree:         1396876 kB
MemAvailable:    1533768 kB
Buffers:           38548 kB
Cached:           232296 kB
MemTotal:        1844596 kB
MemFree:         1396588 kB
MemAvailable:    1533480 kB
Buffers:           38548 kB
Cached:           232296 kB
MemTotal:        1844596 kB
MemFree:         1396560 kB
MemAvailable:    1533452 kB
Buffers:           38548 kB
Cached:           232296 kB
MemTotal:        1844596 kB
MemFree:         1395892 kB
MemAvailable:    1532784 kB
Buffers:           38548 kB
Cached:           232296 kB
MemTotal:        1844596 kB
MemFree:         1396568 kB
MemAvailable:    1533460 kB
Buffers:           38548 kB
Cached:           232296 kB
MemTotal:        1844596 kB
MemFree:         1396736 kB
MemAvailable:    1533628 kB
Buffers:           38548 kB
Cached:           232296 kB
MemTotal:        1844596 kB
MemFree:         1396532 kB
MemAvailable:    1533424 kB
Buffers:           38548 kB
Cached:           232296 kB
MemTotal:        1844596 kB
MemFree:         1396016 kB
MemAvailable:    1532908 kB
Buffers:           38548 kB
Cached:           232296 kB
MemTotal:        1844596 kB
MemFree:         1395332 kB
MemAvailable:    1532224 kB
Buffers:           38548 kB
Cached:           232296 kB
MemTotal:        1844596 kB
MemFree:         1396684 kB
MemAvailable:    1533576 kB
Buffers:           38548 kB
Cached:           232296 kB
MemTotal:        1844596 kB
MemFree:         1395376 kB
MemAvailable:    1532268 kB
Buffers:           38548 kB
Cached:           232296 kB
MemTotal:        1844596 kB
MemFree:         1396476 kB
MemAvailable:    1533368 kB
Buffers:           38548 kB
Cached:           232296 kB
MemTotal:        1844596 kB
MemFree:         1395832 kB
MemAvailable:    1532724 kB
Buffers:           38548 kB
Cached:           232296 kB
MemTotal:        1844596 kB
MemFree:         1395316 kB
MemAvailable:    1532208 kB
Buffers:           38548 kB
Cached:           232296 kB
MemTotal:        1844596 kB
MemFree:         1396000 kB
MemAvailable:    1532892 kB
Buffers:           38548 kB
Cached:           232296 kB
MemTotal:        1844596 kB
MemFree:         1396252 kB
MemAvailable:    1533144 kB
Buffers:           38548 kB
Cached:           232296 kB
MemTotal:        1844596 kB
MemFree:         1395644 kB
MemAvailable:    1532536 kB
Buffers:           38548 kB
Cached:           232296 kB
MemTotal:        1844596 kB
MemFree:         1395124 kB
MemAvailable:    1532016 kB
Buffers:           38548 kB
Cached:           232296 kB
MemTotal:        1844596 kB
MemFree:         1395460 kB
MemAvailable:    1532352 kB
Buffers:           38548 kB
Cached:           232296 kB
MemTotal:        1844596 kB
MemFree:         1395108 kB
MemAvailable:    1532000 kB
Buffers:           38548 kB
Cached:           232296 kB
MemTotal:        1844596 kB
MemFree:         1393916 kB
MemAvailable:    1530808 kB
Buffers:           38548 kB
Cached:           232296 kB
MemTotal:        1844596 kB
MemFree:         1394272 kB
MemAvailable:    1531164 kB
Buffers:           38548 kB
Cached:           232296 kB
MemTotal:        1844596 kB
MemFree:         1394644 kB
MemAvailable:    1531536 kB
Buffers:           38548 kB
Cached:           232296 kB
MemTotal:        1844596 kB
MemFree:         1393884 kB
MemAvailable:    1530776 kB
Buffers:           38548 kB
Cached:           232296 kB
MemTotal:        1844596 kB
MemFree:         1394032 kB
MemAvailable:    1530924 kB
Buffers:           38548 kB
Cached:           232296 kB
MemTotal:        1844596 kB
MemFree:         1392164 kB
MemAvailable:    1529056 kB
Buffers:           38548 kB
Cached:           232296 kB
MemTotal:        1844596 kB
MemFree:         1393224 kB
MemAvailable:    1530116 kB
Buffers:           38548 kB
Cached:           232296 kB
MemTotal:        1844596 kB
MemFree:         1392048 kB
MemAvailable:    1528940 kB
Buffers:           38548 kB
Cached:           232296 kB
MemTotal:        1844596 kB
MemFree:         1392880 kB
MemAvailable:    1529772 kB
Buffers:           38548 kB
Cached:           232296 kB
MemTotal:        1844596 kB
MemFree:         1392964 kB
MemAvailable:    1529856 kB
Buffers:           38548 kB
Cached:           232296 kB
MemTotal:        1844596 kB
MemFree:         1391480 kB
MemAvailable:    1528372 kB
Buffers:           38548 kB
Cached:           232296 kB
MemTotal:        1844596 kB
MemFree:         1391932 kB
MemAvailable:    1528824 kB
Buffers:           38548 kB
Cached:           232296 kB
MemTotal:        1844596 kB
MemFree:         1392620 kB
MemAvailable:    1529512 kB
Buffers:           38548 kB
Cached:           232296 kB
MemTotal:        1844596 kB
MemFree:         1392740 kB
MemAvailable:    1529632 kB
Buffers:           38548 kB
Cached:           232296 kB
MemTotal:        1844596 kB
MemFree:         1391924 kB
MemAvailable:    1528816 kB
Buffers:           38548 kB
Cached:           232296 kB
MemTotal:        1844596 kB
MemFree:         1391916 kB
MemAvailable:    1528812 kB
Buffers:           38548 kB
Cached:           232300 kB
MemTotal:        1844596 kB
MemFree:         1392892 kB
MemAvailable:    1529788 kB
Buffers:           38548 kB
Cached:           232300 kB
MemTotal:        1844596 kB
MemFree:         1393144 kB
MemAvailable:    1530040 kB
Buffers:           38548 kB
Cached:           232300 kB
MemTotal:        1844596 kB
MemFree:         1391668 kB
MemAvailable:    1528564 kB
Buffers:           38548 kB
Cached:           232300 kB
MemTotal:        1844596 kB
MemFree:         1391172 kB
MemAvailable:    1528068 kB
Buffers:           38548 kB
Cached:           232300 kB
MemTotal:        1844596 kB
MemFree:         1392156 kB
MemAvailable:    1529052 kB
Buffers:           38548 kB
Cached:           232300 kB
MemTotal:        1844596 kB
MemFree:         1392408 kB
MemAvailable:    1529304 kB
Buffers:           38548 kB
Cached:           232300 kB
MemTotal:        1844596 kB
MemFree:         1384724 kB
MemAvailable:    1521620 kB
Buffers:           38548 kB
Cached:           232300 kB
MemTotal:        1844596 kB
MemFree:         1383932 kB
MemAvailable:    1520828 kB
Buffers:           38548 kB
Cached:           232300 kB
MemTotal:        1844596 kB
MemFree:         1383932 kB
MemAvailable:    1520828 kB
Buffers:           38548 kB
Cached:           232300 kB
MemTotal:        1844596 kB
MemFree:         1384000 kB
MemAvailable:    1520896 kB
Buffers:           38548 kB
Cached:           232300 kB
MemTotal:        1844596 kB
MemFree:         1383800 kB
MemAvailable:    1520696 kB
Buffers:           38548 kB
Cached:           232300 kB
MemTotal:        1844596 kB
MemFree:         1383736 kB
MemAvailable:    1520632 kB
Buffers:           38548 kB
Cached:           232300 kB
MemTotal:        1844596 kB
MemFree:         1382560 kB
MemAvailable:    1519456 kB
Buffers:           38548 kB
Cached:           232300 kB
MemTotal:        1844596 kB
MemFree:         1385912 kB
MemAvailable:    1522808 kB
Buffers:           38548 kB
Cached:           232300 kB
MemTotal:        1844596 kB
MemFree:         1385912 kB
MemAvailable:    1522808 kB
Buffers:           38548 kB
Cached:           232300 kB
MemTotal:        1844596 kB
MemFree:         1385892 kB
MemAvailable:    1522788 kB
Buffers:           38548 kB
Cached:           232300 kB
MemTotal:        1844596 kB
MemFree:         1385720 kB
MemAvailable:    1522700 kB
Buffers:           38548 kB
Cached:           232424 kB
MemTotal:        1844596 kB
MemFree:         1384856 kB
MemAvailable:    1521836 kB
Buffers:           38548 kB
Cached:           232424 kB
MemTotal:        1844596 kB
MemFree:         1385596 kB
MemAvailable:    1522660 kB
Buffers:           38548 kB
Cached:           232548 kB
MemTotal:        1844596 kB
MemFree:         1385472 kB
MemAvailable:    1522620 kB
Buffers:           38548 kB
Cached:           232672 kB
MemTotal:        1844596 kB
MemFree:         1385536 kB
MemAvailable:    1522852 kB
Buffers:           38548 kB
Cached:           232796 kB
MemTotal:        1844596 kB
MemFree:         1385340 kB
MemAvailable:    1522740 kB
Buffers:           38548 kB
Cached:           232796 kB
MemTotal:        1844596 kB
MemFree:         1384360 kB
MemAvailable:    1521760 kB
Buffers:           38548 kB
Cached:           232920 kB
MemTotal:        1844596 kB
MemFree:         1385216 kB
MemAvailable:    1522616 kB
Buffers:           38548 kB
Cached:           232920 kB
MemTotal:        1844596 kB
MemFree:         1385228 kB
MemAvailable:    1522628 kB
Buffers:           38548 kB
Cached:           232920 kB
MemTotal:        1844596 kB
MemFree:         1385036 kB
MemAvailable:    1522436 kB
Buffers:           38548 kB
Cached:           232920 kB
MemTotal:        1844596 kB
MemFree:         1385012 kB
MemAvailable:    1522496 kB
Buffers:           38548 kB
Cached:           232920 kB
MemTotal:        1844596 kB
MemFree:         1385204 kB
MemAvailable:    1522688 kB
Buffers:           38548 kB
Cached:           232920 kB
MemTotal:        1844596 kB
MemFree:         1383956 kB
MemAvailable:    1521440 kB
Buffers:           38548 kB
Cached:           232920 kB
MemTotal:        1844596 kB
MemFree:         1383956 kB
MemAvailable:    1521440 kB
Buffers:           38548 kB
Cached:           232920 kB
MemTotal:        1844596 kB
MemFree:         1385196 kB
MemAvailable:    1522680 kB
Buffers:           38548 kB
Cached:           232920 kB
MemTotal:        1844596 kB
MemFree:         1384856 kB
MemAvailable:    1522340 kB
Buffers:           38548 kB
Cached:           233044 kB
MemTotal:        1844596 kB
MemFree:         1397472 kB
MemAvailable:    1534452 kB
Buffers:           38548 kB
Cached:           232412 kB
MemTotal:        1844596 kB
MemFree:         1453832 kB
MemAvailable:    1590728 kB
Buffers:           38548 kB
Cached:           232412 kB
