MemTotal:        1844596 kB
MemFree:         1574060 kB
MemAvailable:    1580464 kB
Buffers:           21496 kB
Cached:           117136 kB
MemTotal:        1844596 kB
MemFree:         1574316 kB
MemAvailable:    1580720 kB
Buffers:           21496 kB
Cached:           117136 kB
MemTotal:        1844596 kB
MemFree:         1571812 kB
MemAvailable:    1578216 kB
Buffers:           21496 kB
Cached:           117136 kB
MemTotal:        1844596 kB
MemFree:         1571812 kB
MemAvailable:    1578216 kB
Buffers:           21496 kB
Cached:           117136 kB
MemTotal:        1844596 kB
MemFree:         1569472 kB
MemAvailable:    1575876 kB
Buffers:           21496 kB
Cached:           117136 kB
MemTotal:        1844596 kB
MemFree:         1569604 kB
MemAvailable:    1576008 kB
Buffers:           21496 kB
Cached:           117136 kB
MemTotal:        1844596 kB
MemFree:         1567480 kB
MemAvailable:    1573884 kB
Buffers:           21496 kB
Cached:           117136 kB
MemTotal:        1844596 kB
MemFree:         1567124 kB
MemAvailable:    1573528 kB
Buffers:           21496 kB
Cached:           117136 kB
MemTotal:        1844596 kB
MemFree:         1564008 kB
MemAvailable:    1570412 kB
Buffers:           21496 kB
Cached:           117136 kB
MemTotal:        1844596 kB
MemFree:         1564136 kB
MemAvailable:    1570540 kB
Buffers:           21496 kB
Cached:           117136 kB
MemTotal:        1844596 kB
MemFree:         1560760 kB
MemAvailable:    1567164 kB
Buffers:           21496 kB
Cached:           117136 kB
MemTotal:        1844596 kB
MemFree:         1561012 kB
MemAvailable:    1567416 kB
Buffers:           21496 kB
Cached:           117136 kB
MemTotal:        1844596 kB
MemFree:         1560772 kB
MemAvailable:    1567176 kB
Buffers:           21496 kB
Cached:           117136 kB
MemTotal:        1844596 kB
MemFree:         1560856 kB
MemAvailable:    1567260 kB
Buffers:           21496 kB
Cached:           117136 kB
MemTotal:        1844596 kB
MemFree:         1559540 kB
MemAvailable:    1565944 kB
Buffers:           21496 kB
Cached:           117136 kB
MemTotal:        1844596 kB
MemFree:         1559664 kB
MemAvailable:    1566068 kB
Buffers:           21496 kB
Cached:           117136 kB
MemTotal:        1844596 kB
MemFree:         1559672 kB
MemAvailable:    1566076 kB
Buffers:           21496 kB
Cached:           117136 kB
MemTotal:        1844596 kB
MemFree:         1560660 kB
MemAvailable:    1567064 kB
Buffers:           21496 kB
Cached:           117136 kB
MemTotal:        1844596 kB
MemFree:         1558800 kB
MemAvailable:    1565204 kB
Buffers:           21496 kB
Cached:           117136 kB
MemTotal:        1844596 kB
MemFree:         1558800 kB
MemAvailable:    1565204 kB
Buffers:           21496 kB
Cached:           117136 kB
MemTotal:        1844596 kB
MemFree:         1558388 kB
MemAvailable:    1564792 kB
Buffers:           21496 kB
Cached:           117136 kB
MemTotal:        1844596 kB
MemFree:         1557140 kB
MemAvailable:    1563544 kB
Buffers:           21496 kB
Cached:           117136 kB
MemTotal:        1844596 kB
MemFree:         1558240 kB
MemAvailable:    1564644 kB
Buffers:           21496 kB
Cached:           117136 kB
MemTotal:        1844596 kB
MemFree:         1558236 kB
MemAvailable:    1564640 kB
Buffers:           21496 kB
Cached:           117136 kB
MemTotal:        1844596 kB
MemFree:         1558236 kB
MemAvailable:    1564640 kB
Buffers:           21496 kB
Cached:           117136 kB
MemTotal:        1844596 kB
MemFree:         1558280 kB
MemAvailable:    1564692 kB
Buffers:           21496 kB
Cached:           117140 kB
MemTotal:        1844596 kB
MemFree:         1557076 kB
MemAvailable:    1563488 kB
Buffers:           21496 kB
Cached:           117140 kB
MemTotal:        1844596 kB
MemFree:         1558336 kB
MemAvailable:    1564748 kB
Buffers:           21496 kB
Cached:           117140 kB
MemTotal:        1844596 kB
MemFree:         1559656 kB
MemAvailable:    1566068 kB
Buffers:           21496 kB
Cached:           117140 kB
MemTotal:        1844596 kB
MemFree:         1558816 kB
MemAvailable:    1565228 kB
Buffers:           21496 kB
Cached:           117140 kB
MemTotal:        1844596 kB
MemFree:         1559180 kB
MemAvailable:    1565596 kB
Buffers:           21496 kB
Cached:           117144 kB
MemTotal:        1844596 kB
MemFree:         1558808 kB
MemAvailable:    1565224 kB
Buffers:           21496 kB
Cached:           117144 kB
MemTotal:        1844596 kB
MemFree:         1556088 kB
MemAvailable:    1562504 kB
Buffers:           21496 kB
Cached:           117144 kB
MemTotal:        1844596 kB
MemFree:         1555228 kB
MemAvailable:    1561644 kB
Buffers:           21496 kB
Cached:           117144 kB
MemTotal:        1844596 kB
MemFree:         1555776 kB
MemAvailable:    1562192 kB
Buffers:           21496 kB
Cached:           117144 kB
MemTotal:        1844596 kB
MemFree:         1555580 kB
MemAvailable:    1561996 kB
Buffers:           21496 kB
Cached:           117144 kB
MemTotal:        1844596 kB
MemFree:         1554956 kB
MemAvailable:    1561372 kB
Buffers:           21496 kB
Cached:           117144 kB
MemTotal:        1844596 kB
MemFree:         1554352 kB
MemAvailable:    1560768 kB
Buffers:           21496 kB
Cached:           117144 kB
MemTotal:        1844596 kB
MemFree:         1554344 kB
MemAvailable:    1560760 kB
Buffers:           21496 kB
Cached:           117144 kB
MemTotal:        1844596 kB
MemFree:         1554680 kB
MemAvailable:    1561096 kB
Buffers:           21496 kB
Cached:           117144 kB
MemTotal:        1844596 kB
MemFree:         1554220 kB
MemAvailable:    1560636 kB
Buffers:           21496 kB
Cached:           117144 kB
MemTotal:        1844596 kB
MemFree:         1554220 kB
MemAvailable:    1560636 kB
Buffers:           21496 kB
Cached:           117144 kB
MemTotal:        1844596 kB
MemFree:         1553924 kB
MemAvailable:    1560340 kB
Buffers:           21496 kB
Cached:           117144 kB
MemTotal:        1844596 kB
MemFree:         1553904 kB
MemAvailable:    1560320 kB
Buffers:           21496 kB
Cached:           117144 kB
MemTotal:        1844596 kB
MemFree:         1554156 kB
MemAvailable:    1560572 kB
Buffers:           21496 kB
Cached:           117144 kB
MemTotal:        1844596 kB
MemFree:         1553792 kB
MemAvailable:    1560208 kB
Buffers:           21496 kB
Cached:           117144 kB
MemTotal:        1844596 kB
MemFree:         1553616 kB
MemAvailable:    1560032 kB
Buffers:           21496 kB
Cached:           117144 kB
MemTotal:        1844596 kB
MemFree:         1553420 kB
MemAvailable:    1559836 kB
Buffers:           21496 kB
Cached:           117144 kB
MemTotal:        1844596 kB
MemFree:         1553756 kB
MemAvailable:    1560172 kB
Buffers:           21496 kB
Cached:           117144 kB
MemTotal:        1844596 kB
MemFree:         1553616 kB
MemAvailable:    1560032 kB
Buffers:           21496 kB
Cached:           117144 kB
MemTotal:        1844596 kB
MemFree:         1553096 kB
MemAvailable:    1559512 kB
Buffers:           21496 kB
Cached:           117144 kB
MemTotal:        1844596 kB
MemFree:         1553096 kB
MemAvailable:    1559512 kB
Buffers:           21496 kB
Cached:           117144 kB
MemTotal:        1844596 kB
MemFree:         1552916 kB
MemAvailable:    1559332 kB
Buffers:           21496 kB
Cached:           117144 kB
MemTotal:        1844596 kB
MemFree:         1553168 kB
MemAvailable:    1559584 kB
Buffers:           21496 kB
Cached:           117144 kB
MemTotal:        1844596 kB
MemFree:         1553044 kB
MemAvailable:    1559460 kB
Buffers:           21496 kB
Cached:           117144 kB
MemTotal:        1844596 kB
MemFree:         1553212 kB
MemAvailable:    1559628 kB
Buffers:           21496 kB
Cached:           117144 kB
MemTotal:        1844596 kB
MemFree:         1553100 kB
MemAvailable:    1559516 kB
Buffers:           21496 kB
Cached:           117144 kB
MemTotal:        1844596 kB
MemFree:         1553212 kB
MemAvailable:    1559628 kB
Buffers:           21496 kB
Cached:           117144 kB
MemTotal:        1844596 kB
MemFree:         1553160 kB
MemAvailable:    1559576 kB
Buffers:           21496 kB
Cached:           117144 kB
MemTotal:        1844596 kB
MemFree:         1551812 kB
MemAvailable:    1558228 kB
Buffers:           21496 kB
Cached:           117144 kB
MemTotal:        1844596 kB
MemFree:         1551972 kB
MemAvailable:    1558388 kB
Buffers:           21496 kB
Cached:           117144 kB
MemTotal:        1844596 kB
MemFree:         1552864 kB
MemAvailable:    1559280 kB
Buffers:           21496 kB
Cached:           117144 kB
MemTotal:        1844596 kB
MemFree:         1552632 kB
MemAvailable:    1559048 kB
Buffers:           21496 kB
Cached:           117144 kB
MemTotal:        1844596 kB
MemFree:         1552352 kB
MemAvailable:    1558768 kB
Buffers:           21496 kB
Cached:           117144 kB
MemTotal:        1844596 kB
MemFree:         1552688 kB
MemAvailable:    1559104 kB
Buffers:           21496 kB
Cached:           117144 kB
MemTotal:        1844596 kB
MemFree:         1552444 kB
MemAvailable:    1558860 kB
Buffers:           21496 kB
Cached:           117144 kB
MemTotal:        1844596 kB
MemFree:         1551136 kB
MemAvailable:    1557552 kB
Buffers:           21496 kB
Cached:           117144 kB
MemTotal:        1844596 kB
MemFree:         1552112 kB
MemAvailable:    1558532 kB
Buffers:           21496 kB
Cached:           117148 kB
MemTotal:        1844596 kB
MemFree:         1552312 kB
MemAvailable:    1558732 kB
Buffers:           21496 kB
Cached:           117148 kB
MemTotal:        1844596 kB
MemFree:         1550960 kB
MemAvailable:    1557380 kB
Buffers:           21496 kB
Cached:           117148 kB
MemTotal:        1844596 kB
MemFree:         1552184 kB
MemAvailable:    1558604 kB
Buffers:           21496 kB
Cached:           117148 kB
MemTotal:        1844596 kB
MemFree:         1552056 kB
MemAvailable:    1558476 kB
Buffers:           21496 kB
Cached:           117148 kB
MemTotal:        1844596 kB
MemFree:         1552056 kB
MemAvailable:    1558476 kB
Buffers:           21496 kB
Cached:           117148 kB
MemTotal:        1844596 kB
MemFree:         1552132 kB
MemAvailable:    1558552 kB
Buffers:           21496 kB
Cached:           117148 kB
MemTotal:        1844596 kB
MemFree:         1552000 kB
MemAvailable:    1558420 kB
Buffers:           21496 kB
Cached:           117148 kB
MemTotal:        1844596 kB
MemFree:         1550376 kB
MemAvailable:    1556796 kB
Buffers:           21496 kB
Cached:           117148 kB
MemTotal:        1844596 kB
MemFree:         1550464 kB
MemAvailable:    1556884 kB
Buffers:           21496 kB
Cached:           117148 kB
MemTotal:        1844596 kB
MemFree:         1546160 kB
MemAvailable:    1552580 kB
Buffers:           21496 kB
Cached:           117148 kB
MemTotal:        1844596 kB
MemFree:         1545872 kB
MemAvailable:    1552292 kB
Buffers:           21496 kB
Cached:           117148 kB
MemTotal:        1844596 kB
MemFree:         1544864 kB
MemAvailable:    1551284 kB
Buffers:           21496 kB
Cached:           117148 kB
MemTotal:        1844596 kB
MemFree:         1544740 kB
MemAvailable:    1551160 kB
Buffers:           21496 kB
Cached:           117148 kB
MemTotal:        1844596 kB
MemFree:         1544376 kB
MemAvailable:    1550796 kB
Buffers:           21496 kB
Cached:           117148 kB
MemTotal:        1844596 kB
MemFree:         1543200 kB
MemAvailable:    1549620 kB
Buffers:           21496 kB
Cached:           117148 kB
MemTotal:        1844596 kB
MemFree:         1544264 kB
MemAvailable:    1550684 kB
Buffers:           21496 kB
Cached:           117148 kB
MemTotal:        1844596 kB
MemFree:         1543440 kB
MemAvailable:    1549860 kB
Buffers:           21496 kB
Cached:           117148 kB
MemTotal:        1844596 kB
MemFree:         1544040 kB
MemAvailable:    1550460 kB
Buffers:           21496 kB
Cached:           117148 kB
MemTotal:        1844596 kB
MemFree:         1544296 kB
MemAvailable:    1550716 kB
Buffers:           21496 kB
Cached:           117148 kB
MemTotal:        1844596 kB
MemFree:         1544336 kB
MemAvailable:    1550756 kB
Buffers:           21496 kB
Cached:           117148 kB
MemTotal:        1844596 kB
MemFree:         1543448 kB
MemAvailable:    1549868 kB
Buffers:           21496 kB
Cached:           117148 kB
MemTotal:        1844596 kB
MemFree:         1544524 kB
MemAvailable:    1550944 kB
Buffers:           21496 kB
Cached:           117148 kB
MemTotal:        1844596 kB
MemFree:         1543448 kB
MemAvailable:    1549868 kB
Buffers:           21496 kB
Cached:           117148 kB
MemTotal:        1844596 kB
MemFree:         1544040 kB
MemAvailable:    1550460 kB
Buffers:           21496 kB
Cached:           117148 kB
MemTotal:        1844596 kB
MemFree:         1544292 kB
MemAvailable:    1550712 kB
Buffers:           21496 kB
Cached:           117148 kB
MemTotal:        1844596 kB
MemFree:         1542932 kB
MemAvailable:    1549352 kB
Buffers:           21496 kB
Cached:           117148 kB
MemTotal:        1844596 kB
MemFree:         1542932 kB
MemAvailable:    1549352 kB
Buffers:           21496 kB
Cached:           117148 kB
MemTotal:        1844596 kB
MemFree:         1543688 kB
MemAvailable:    1550108 kB
Buffers:           21496 kB
Cached:           117148 kB
MemTotal:        1844596 kB
MemFree:         1543688 kB
MemAvailable:    1550108 kB
Buffers:           21496 kB
Cached:           117148 kB
MemTotal:        1844596 kB
MemFree:         1541952 kB
MemAvailable:    1548372 kB
Buffers:           21496 kB
Cached:           117148 kB
MemTotal:        1844596 kB
MemFree:         1543316 kB
MemAvailable:    1549736 kB
Buffers:           21496 kB
Cached:           117148 kB
MemTotal:        1844596 kB
MemFree:         1542564 kB
MemAvailable:    1548984 kB
Buffers:           21496 kB
Cached:           117148 kB
MemTotal:        1844596 kB
MemFree:         1542564 kB
MemAvailable:    1548984 kB
Buffers:           21496 kB
Cached:           117148 kB
MemTotal:        1844596 kB
MemFree:         1542204 kB
MemAvailable:    1548624 kB
Buffers:           21496 kB
Cached:           117148 kB
MemTotal:        1844596 kB
MemFree:         1540100 kB
MemAvailable:    1546520 kB
Buffers:           21496 kB
Cached:           117148 kB
MemTotal:        1844596 kB
MemFree:         1540348 kB
MemAvailable:    1546768 kB
Buffers:           21496 kB
Cached:           117148 kB
MemTotal:        1844596 kB
MemFree:         1540100 kB
MemAvailable:    1546520 kB
Buffers:           21496 kB
Cached:           117148 kB
MemTotal:        1844596 kB
MemFree:         1540836 kB
MemAvailable:    1547260 kB
Buffers:           21496 kB
Cached:           117152 kB
MemTotal:        1844596 kB
MemFree:         1540588 kB
MemAvailable:    1547012 kB
Buffers:           21496 kB
Cached:           117152 kB
MemTotal:        1844596 kB
MemFree:         1540332 kB
MemAvailable:    1546756 kB
Buffers:           21496 kB
Cached:           117152 kB
MemTotal:        1844596 kB
MemFree:         1540224 kB
MemAvailable:    1546648 kB
Buffers:           21496 kB
Cached:           117152 kB
MemTotal:        1844596 kB
MemFree:         1540152 kB
MemAvailable:    1546576 kB
Buffers:           21496 kB
Cached:           117152 kB
MemTotal:        1844596 kB
MemFree:         1540404 kB
MemAvailable:    1546828 kB
Buffers:           21496 kB
Cached:           117152 kB
MemTotal:        1844596 kB
MemFree:         1540280 kB
MemAvailable:    1546704 kB
Buffers:           21496 kB
Cached:           117152 kB
MemTotal:        1844596 kB
MemFree:         1540448 kB
MemAvailable:    1546872 kB
Buffers:           21496 kB
Cached:           117152 kB
MemTotal:        1844596 kB
MemFree:         1540228 kB
MemAvailable:    1546652 kB
Buffers:           21496 kB
Cached:           117152 kB
MemTotal:        1844596 kB
MemFree:         1539180 kB
MemAvailable:    1545604 kB
Buffers:           21496 kB
Cached:           117152 kB
MemTotal:        1844596 kB
MemFree:         1540428 kB
MemAvailable:    1546852 kB
Buffers:           21496 kB
Cached:           117152 kB
MemTotal:        1844596 kB
MemFree:         1540324 kB
MemAvailable:    1546748 kB
Buffers:           21496 kB
Cached:           117152 kB
MemTotal:        1844596 kB
MemFree:         1538728 kB
MemAvailable:    1545152 kB
Buffers:           21496 kB
Cached:           117152 kB
MemTotal:        1844596 kB
MemFree:         1539100 kB
MemAvailable:    1545524 kB
Buffers:           21496 kB
Cached:           117152 kB
MemTotal:        1844596 kB
MemFree:         1536504 kB
MemAvailable:    1542928 kB
Buffers:           21496 kB
Cached:           117152 kB
MemTotal:        1844596 kB
MemFree:         1533464 kB
MemAvailable:    1539888 kB
Buffers:           21496 kB
Cached:           117152 kB
MemTotal:        1844596 kB
MemFree:         1533016 kB
MemAvailable:    1539524 kB
Buffers:           21496 kB
Cached:           117276 kB
MemTotal:        1844596 kB
MemFree:         1533016 kB
MemAvailable:    1539524 kB
Buffers:           21496 kB
Cached:           117276 kB
MemTotal:        1844596 kB
MemFree:         1532588 kB
MemAvailable:    1539348 kB
Buffers:           21496 kB
Cached:           117524 kB
MemTotal:        1844596 kB
MemFree:         1532840 kB
MemAvailable:    1539600 kB
Buffers:           21496 kB
Cached:           117524 kB
MemTotal:        1844596 kB
MemFree:         1532464 kB
MemAvailable:    1539392 kB
Buffers:           21496 kB
Cached:           117648 kB
MemTotal:        1844596 kB
MemFree:         1532716 kB
MemAvailable:    1539644 kB
Buffers:           21496 kB
Cached:           117648 kB
MemTotal:        1844596 kB
MemFree:         1531288 kB
MemAvailable:    1538300 kB
Buffers:           21496 kB
Cached:           117648 kB
MemTotal:        1844596 kB
MemFree:         1531156 kB
MemAvailable:    1538168 kB
Buffers:           21496 kB
Cached:           117648 kB
MemTotal:        1844596 kB
MemFree:         1532256 kB
MemAvailable:    1539268 kB
Buffers:           21496 kB
Cached:           117772 kB
MemTotal:        1844596 kB
MemFree:         1532592 kB
MemAvailable:    1539604 kB
Buffers:           21496 kB
Cached:           117772 kB
MemTotal:        1844596 kB
MemFree:         1532280 kB
MemAvailable:    1539292 kB
Buffers:           21496 kB
Cached:           117772 kB
MemTotal:        1844596 kB
MemFree:         1531792 kB
MemAvailable:    1538804 kB
Buffers:           21496 kB
Cached:           117772 kB
MemTotal:        1844596 kB
MemFree:         1532256 kB
MemAvailable:    1539268 kB
Buffers:           21496 kB
Cached:           117772 kB
MemTotal:        1844596 kB
MemFree:         1532140 kB
MemAvailable:    1539152 kB
Buffers:           21496 kB
Cached:           117772 kB
MemTotal:        1844596 kB
MemFree:         1532476 kB
MemAvailable:    1539488 kB
Buffers:           21496 kB
Cached:           117772 kB
MemTotal:        1844596 kB
MemFree:         1531536 kB
MemAvailable:    1538632 kB
Buffers:           21496 kB
Cached:           117772 kB
MemTotal:        1844596 kB
MemFree:         1531620 kB
MemAvailable:    1538128 kB
Buffers:           21496 kB
Cached:           117224 kB
MemTotal:        1844596 kB
MemFree:         1601248 kB
MemAvailable:    1607756 kB
Buffers:           21496 kB
Cached:           117224 kB
