MemTotal:        1844596 kB
MemFree:         1611400 kB
MemAvailable:    1595284 kB
Buffers:           18012 kB
Cached:            90508 kB
MemTotal:        1844596 kB
MemFree:         1608920 kB
MemAvailable:    1592804 kB
Buffers:           18012 kB
Cached:            90508 kB
MemTotal:        1844596 kB
MemFree:         1606696 kB
MemAvailable:    1590580 kB
Buffers:           18012 kB
Cached:            90508 kB
MemTotal:        1844596 kB
MemFree:         1606300 kB
MemAvailable:    1590184 kB
Buffers:           18012 kB
Cached:            90508 kB
MemTotal:        1844596 kB
MemFree:         1606500 kB
MemAvailable:    1590384 kB
Buffers:           18012 kB
Cached:            90508 kB
MemTotal:        1844596 kB
MemFree:         1604888 kB
MemAvailable:    1588772 kB
Buffers:           18012 kB
Cached:            90508 kB
MemTotal:        1844596 kB
MemFree:         1604036 kB
MemAvailable:    1587920 kB
Buffers:           18012 kB
Cached:            90508 kB
MemTotal:        1844596 kB
MemFree:         1603284 kB
MemAvailable:    1587168 kB
Buffers:           18012 kB
Cached:            90508 kB
MemTotal:        1844596 kB
MemFree:         1599736 kB
MemAvailable:    1583620 kB
Buffers:           18012 kB
Cached:            90508 kB
MemTotal:        1844596 kB
MemFree:         1599132 kB
MemAvailable:    1583016 kB
Buffers:           18012 kB
Cached:            90508 kB
MemTotal:        1844596 kB
MemFree:         1595952 kB
MemAvailable:    1579836 kB
Buffers:           18012 kB
Cached:            90508 kB
MemTotal:        1844596 kB
MemFree:         1593304 kB
MemAvailable:    1577188 kB
Buffers:           18012 kB
Cached:            90508 kB
MemTotal:        1844596 kB
MemFree:         1593880 kB
MemAvailable:    1577764 kB
Buffers:           18012 kB
Cached:            90508 kB
MemTotal:        1844596 kB
MemFree:         1593924 kB
MemAvailable:    1577808 kB
Buffers:           18012 kB
Cached:            90508 kB
MemTotal:        1844596 kB
MemFree:         1595164 kB
MemAvailable:    1579048 kB
Buffers:           18012 kB
Cached:            90508 kB
MemTotal:        1844596 kB
MemFree:         1595224 kB
MemAvailable:    1579108 kB
Buffers:           18012 kB
Cached:            90508 kB
MemTotal:        1844596 kB
MemFree:         1595224 kB
MemAvailable:    1579108 kB
Buffers:           18012 kB
Cached:            90508 kB
MemTotal:        1844596 kB
MemFree:         1595372 kB
MemAvailable:    1579256 kB
Buffers:           18012 kB
Cached:            90508 kB
MemTotal:        1844596 kB
MemFree:         1593800 kB
MemAvailable:    1577684 kB
Buffers:           18012 kB
Cached:            90508 kB
MemTotal:        1844596 kB
MemFree:         1593668 kB
MemAvailable:    1577552 kB
Buffers:           18012 kB
Cached:            90508 kB
MemTotal:        1844596 kB
MemFree:         1594108 kB
MemAvailable:    1577992 kB
Buffers:           18012 kB
Cached:            90508 kB
MemTotal:        1844596 kB
MemFree:         1591808 kB
MemAvailable:    1575696 kB
Buffers:           18012 kB
Cached:            90512 kB
MemTotal:        1844596 kB
MemFree:         1592064 kB
MemAvailable:    1575952 kB
Buffers:           18012 kB
Cached:            90512 kB
MemTotal:        1844596 kB
MemFree:         1592992 kB
MemAvailable:    1576880 kB
Buffers:           18012 kB
Cached:            90512 kB
MemTotal:        1844596 kB
MemFree:         1592860 kB
MemAvailable:    1576748 kB
Buffers:           18012 kB
Cached:            90512 kB
MemTotal:        1844596 kB
MemFree:         1592916 kB
MemAvailable:    1576804 kB
Buffers:           18012 kB
Cached:            90512 kB
MemTotal:        1844596 kB
MemFree:         1591684 kB
MemAvailable:    1575572 kB
Buffers:           18012 kB
Cached:            90512 kB
MemTotal:        1844596 kB
MemFree:         1592480 kB
MemAvailable:    1576368 kB
Buffers:           18012 kB
Cached:            90512 kB
MemTotal:        1844596 kB
MemFree:         1592616 kB
MemAvailable:    1576504 kB
Buffers:           18012 kB
Cached:            90512 kB
MemTotal:        1844596 kB
MemFree:         1592560 kB
MemAvailable:    1576448 kB
Buffers:           18012 kB
Cached:            90512 kB
MemTotal:        1844596 kB
MemFree:         1592488 kB
MemAvailable:    1576376 kB
Buffers:           18012 kB
Cached:            90512 kB
MemTotal:        1844596 kB
MemFree:         1594000 kB
MemAvailable:    1577888 kB
Buffers:           18012 kB
Cached:            90512 kB
MemTotal:        1844596 kB
MemFree:         1592676 kB
MemAvailable:    1576564 kB
Buffers:           18012 kB
Cached:            90512 kB
MemTotal:        1844596 kB
MemFree:         1592560 kB
MemAvailable:    1576448 kB
Buffers:           18012 kB
Cached:            90512 kB
MemTotal:        1844596 kB
MemFree:         1591320 kB
MemAvailable:    1575208 kB
Buffers:           18012 kB
Cached:            90512 kB
MemTotal:        1844596 kB
MemFree:         1590636 kB
MemAvailable:    1574524 kB
Buffers:           18012 kB
Cached:            90512 kB
MemTotal:        1844596 kB
MemFree:         1590188 kB
MemAvailable:    1574076 kB
Buffers:           18012 kB
Cached:            90512 kB
MemTotal:        1844596 kB
MemFree:         1590440 kB
MemAvailable:    1574328 kB
Buffers:           18012 kB
Cached:            90512 kB
MemTotal:        1844596 kB
MemFree:         1589768 kB
MemAvailable:    1573656 kB
Buffers:           18012 kB
Cached:            90512 kB
MemTotal:        1844596 kB
MemFree:         1588716 kB
MemAvailable:    1572604 kB
Buffers:           18012 kB
Cached:            90512 kB
MemTotal:        1844596 kB
MemFree:         1588956 kB
MemAvailable:    1572844 kB
Buffers:           18012 kB
Cached:            90512 kB
MemTotal:        1844596 kB
MemFree:         1589024 kB
MemAvailable:    1572912 kB
Buffers:           18012 kB
Cached:            90512 kB
MemTotal:        1844596 kB
MemFree:         1588892 kB
MemAvailable:    1572780 kB
Buffers:           18012 kB
Cached:            90516 kB
MemTotal:        1844596 kB
MemFree:         1588776 kB
MemAvailable:    1572664 kB
Buffers:           18012 kB
Cached:            90516 kB
MemTotal:        1844596 kB
MemFree:         1588568 kB
MemAvailable:    1572456 kB
Buffers:           18012 kB
Cached:            90516 kB
MemTotal:        1844596 kB
MemFree:         1588904 kB
MemAvailable:    1572792 kB
Buffers:           18012 kB
Cached:            90516 kB
MemTotal:        1844596 kB
MemFree:         1588328 kB
MemAvailable:    1572216 kB
Buffers:           18012 kB
Cached:            90516 kB
MemTotal:        1844596 kB
MemFree:         1587544 kB
MemAvailable:    1571432 kB
Buffers:           18012 kB
Cached:            90516 kB
MemTotal:        1844596 kB
MemFree:         1588460 kB
MemAvailable:    1572348 kB
Buffers:           18012 kB
Cached:            90516 kB
MemTotal:        1844596 kB
MemFree:         1588344 kB
MemAvailable:    1572232 kB
Buffers:           18012 kB
Cached:            90516 kB
MemTotal:        1844596 kB
MemFree:         1587096 kB
MemAvailable:    1570984 kB
Buffers:           18012 kB
Cached:            90516 kB
MemTotal:        1844596 kB
MemFree:         1587584 kB
MemAvailable:    1571472 kB
Buffers:           18012 kB
Cached:            90516 kB
MemTotal:        1844596 kB
MemFree:         1587584 kB
MemAvailable:    1571472 kB
Buffers:           18012 kB
Cached:            90516 kB
MemTotal:        1844596 kB
MemFree:         1587412 kB
MemAvailable:    1571300 kB
Buffers:           18012 kB
Cached:            90516 kB
MemTotal:        1844596 kB
MemFree:         1587480 kB
MemAvailable:    1571368 kB
Buffers:           18012 kB
Cached:            90516 kB
MemTotal:        1844596 kB
MemFree:         1586732 kB
MemAvailable:    1570620 kB
Buffers:           18012 kB
Cached:            90516 kB
MemTotal:        1844596 kB
MemFree:         1587460 kB
MemAvailable:    1571348 kB
Buffers:           18012 kB
Cached:            90516 kB
MemTotal:        1844596 kB
MemFree:         1587712 kB
MemAvailable:    1571600 kB
Buffers:           18012 kB
Cached:            90516 kB
MemTotal:        1844596 kB
MemFree:         1587428 kB
MemAvailable:    1571316 kB
Buffers:           18012 kB
Cached:            90516 kB
MemTotal:        1844596 kB
MemFree:         1586732 kB
MemAvailable:    1570620 kB
Buffers:           18012 kB
Cached:            90516 kB
MemTotal:        1844596 kB
MemFree:         1587648 kB
MemAvailable:    1571536 kB
Buffers:           18012 kB
Cached:            90516 kB
MemTotal:        1844596 kB
MemFree:         1587336 kB
MemAvailable:    1571224 kB
Buffers:           18012 kB
Cached:            90516 kB
MemTotal:        1844596 kB
MemFree:         1587672 kB
MemAvailable:    1571560 kB
Buffers:           18012 kB
Cached:            90516 kB
MemTotal:        1844596 kB
MemFree:         1587448 kB
MemAvailable:    1571336 kB
Buffers:           18012 kB
Cached:            90516 kB
MemTotal:        1844596 kB
MemFree:         1587648 kB
MemAvailable:    1571536 kB
Buffers:           18012 kB
Cached:            90516 kB
MemTotal:        1844596 kB
MemFree:         1587328 kB
MemAvailable:    1571216 kB
Buffers:           18012 kB
Cached:            90516 kB
MemTotal:        1844596 kB
MemFree:         1586236 kB
MemAvailable:    1570124 kB
Buffers:           18012 kB
Cached:            90516 kB
MemTotal:        1844596 kB
MemFree:         1586984 kB
MemAvailable:    1570872 kB
Buffers:           18012 kB
Cached:            90516 kB
MemTotal:        1844596 kB
MemFree:         1586856 kB
MemAvailable:    1570744 kB
Buffers:           18012 kB
Cached:            90516 kB
MemTotal:        1844596 kB
MemFree:         1586660 kB
MemAvailable:    1570548 kB
Buffers:           18012 kB
Cached:            90516 kB
MemTotal:        1844596 kB
MemFree:         1586912 kB
MemAvailable:    1570800 kB
Buffers:           18012 kB
Cached:            90516 kB
MemTotal:        1844596 kB
MemFree:         1586544 kB
MemAvailable:    1570432 kB
Buffers:           18012 kB
Cached:            90516 kB
MemTotal:        1844596 kB
MemFree:         1586640 kB
MemAvailable:    1570528 kB
Buffers:           18012 kB
Cached:            90516 kB
MemTotal:        1844596 kB
MemFree:         1585492 kB
MemAvailable:    1569380 kB
Buffers:           18012 kB
Cached:            90516 kB
MemTotal:        1844596 kB
MemFree:         1586556 kB
MemAvailable:    1570444 kB
Buffers:           18012 kB
Cached:            90516 kB
MemTotal:        1844596 kB
MemFree:         1586584 kB
MemAvailable:    1570472 kB
Buffers:           18012 kB
Cached:            90516 kB
MemTotal:        1844596 kB
MemFree:         1586652 kB
MemAvailable:    1570540 kB
Buffers:           18012 kB
Cached:            90516 kB
MemTotal:        1844596 kB
MemFree:         1586652 kB
MemAvailable:    1570540 kB
Buffers:           18012 kB
Cached:            90516 kB
MemTotal:        1844596 kB
MemFree:         1586428 kB
MemAvailable:    1570316 kB
Buffers:           18012 kB
Cached:            90516 kB
MemTotal:        1844596 kB
MemFree:         1586180 kB
MemAvailable:    1570068 kB
Buffers:           18012 kB
Cached:            90516 kB
MemTotal:        1844596 kB
MemFree:         1585856 kB
MemAvailable:    1569748 kB
Buffers:           18012 kB
Cached:            90520 kB
MemTotal:        1844596 kB
MemFree:         1586288 kB
MemAvailable:    1570180 kB
Buffers:           18012 kB
Cached:            90520 kB
MemTotal:        1844596 kB
MemFree:         1583864 kB
MemAvailable:    1567756 kB
Buffers:           18012 kB
Cached:            90520 kB
MemTotal:        1844596 kB
MemFree:         1583948 kB
MemAvailable:    1567840 kB
Buffers:           18012 kB
Cached:            90520 kB
MemTotal:        1844596 kB
MemFree:         1579400 kB
MemAvailable:    1563292 kB
Buffers:           18012 kB
Cached:            90520 kB
MemTotal:        1844596 kB
MemFree:         1579404 kB
MemAvailable:    1563296 kB
Buffers:           18012 kB
Cached:            90520 kB
MemTotal:        1844596 kB
MemFree:         1578980 kB
MemAvailable:    1562872 kB
Buffers:           18012 kB
Cached:            90520 kB
MemTotal:        1844596 kB
MemFree:         1578672 kB
MemAvailable:    1562564 kB
Buffers:           18012 kB
Cached:            90520 kB
MemTotal:        1844596 kB
MemFree:         1577432 kB
MemAvailable:    1561324 kB
Buffers:           18012 kB
Cached:            90520 kB
MemTotal:        1844596 kB
MemFree:         1578396 kB
MemAvailable:    1562288 kB
Buffers:           18012 kB
Cached:            90520 kB
MemTotal:        1844596 kB
MemFree:         1578732 kB
MemAvailable:    1562624 kB
Buffers:           18012 kB
Cached:            90520 kB
MemTotal:        1844596 kB
MemFree:         1577300 kB
MemAvailable:    1561192 kB
Buffers:           18012 kB
Cached:            90520 kB
MemTotal:        1844596 kB
MemFree:         1578616 kB
MemAvailable:    1562508 kB
Buffers:           18012 kB
Cached:            90520 kB
MemTotal:        1844596 kB
MemFree:         1577424 kB
MemAvailable:    1561316 kB
Buffers:           18012 kB
Cached:            90520 kB
MemTotal:        1844596 kB
MemFree:         1577384 kB
MemAvailable:    1561276 kB
Buffers:           18012 kB
Cached:            90520 kB
MemTotal:        1844596 kB
MemFree:         1577384 kB
MemAvailable:    1561276 kB
Buffers:           18012 kB
Cached:            90520 kB
MemTotal:        1844596 kB
MemFree:         1577392 kB
MemAvailable:    1561284 kB
Buffers:           18012 kB
Cached:            90520 kB
MemTotal:        1844596 kB
MemFree:         1577516 kB
MemAvailable:    1561408 kB
Buffers:           18012 kB
Cached:            90520 kB
MemTotal:        1844596 kB
MemFree:         1578692 kB
MemAvailable:    1562584 kB
Buffers:           18012 kB
Cached:            90520 kB
MemTotal:        1844596 kB
MemFree:         1577680 kB
MemAvailable:    1561572 kB
Buffers:           18012 kB
Cached:            90520 kB
MemTotal:        1844596 kB
MemFree:         1578536 kB
MemAvailable:    1562428 kB
Buffers:           18012 kB
Cached:            90520 kB
MemTotal:        1844596 kB
MemFree:         1577300 kB
MemAvailable:    1561192 kB
Buffers:           18012 kB
Cached:            90520 kB
MemTotal:        1844596 kB
MemFree:         1578416 kB
MemAvailable:    1562308 kB
Buffers:           18012 kB
Cached:            90520 kB
MemTotal:        1844596 kB
MemFree:         1578112 kB
MemAvailable:    1562004 kB
Buffers:           18012 kB
Cached:            90520 kB
MemTotal:        1844596 kB
MemFree:         1577788 kB
MemAvailable:    1561680 kB
Buffers:           18012 kB
Cached:            90520 kB
MemTotal:        1844596 kB
MemFree:         1577060 kB
MemAvailable:    1560952 kB
Buffers:           18012 kB
Cached:            90520 kB
MemTotal:        1844596 kB
MemFree:         1576128 kB
MemAvailable:    1560020 kB
Buffers:           18012 kB
Cached:            90520 kB
MemTotal:        1844596 kB
MemFree:         1577252 kB
MemAvailable:    1561144 kB
Buffers:           18012 kB
Cached:            90520 kB
MemTotal:        1844596 kB
MemFree:         1575944 kB
MemAvailable:    1559836 kB
Buffers:           18012 kB
Cached:            90520 kB
MemTotal:        1844596 kB
MemFree:         1576068 kB
MemAvailable:    1559960 kB
Buffers:           18012 kB
Cached:            90524 kB
MemTotal:        1844596 kB
MemFree:         1574712 kB
MemAvailable:    1558604 kB
Buffers:           18012 kB
Cached:            90524 kB
MemTotal:        1844596 kB
MemFree:         1575952 kB
MemAvailable:    1559844 kB
Buffers:           18012 kB
Cached:            90524 kB
MemTotal:        1844596 kB
MemFree:         1575756 kB
MemAvailable:    1559648 kB
Buffers:           18012 kB
Cached:            90524 kB
MemTotal:        1844596 kB
MemFree:         1574936 kB
MemAvailable:    1558828 kB
Buffers:           18012 kB
Cached:            90524 kB
MemTotal:        1844596 kB
MemFree:         1574540 kB
MemAvailable:    1558432 kB
Buffers:           18012 kB
Cached:            90524 kB
MemTotal:        1844596 kB
MemFree:         1575132 kB
MemAvailable:    1559024 kB
Buffers:           18012 kB
Cached:            90524 kB
MemTotal:        1844596 kB
MemFree:         1575128 kB
MemAvailable:    1559020 kB
Buffers:           18012 kB
Cached:            90524 kB
MemTotal:        1844596 kB
MemFree:         1575060 kB
MemAvailable:    1558952 kB
Buffers:           18012 kB
Cached:            90524 kB
MemTotal:        1844596 kB
MemFree:         1573556 kB
MemAvailable:    1557448 kB
Buffers:           18012 kB
Cached:            90524 kB
MemTotal:        1844596 kB
MemFree:         1573688 kB
MemAvailable:    1557580 kB
Buffers:           18012 kB
Cached:            90524 kB
MemTotal:        1844596 kB
MemFree:         1574672 kB
MemAvailable:    1558564 kB
Buffers:           18012 kB
Cached:            90524 kB
MemTotal:        1844596 kB
MemFree:         1574692 kB
MemAvailable:    1558584 kB
Buffers:           18012 kB
Cached:            90524 kB
MemTotal:        1844596 kB
MemFree:         1574732 kB
MemAvailable:    1558624 kB
Buffers:           18012 kB
Cached:            90524 kB
MemTotal:        1844596 kB
MemFree:         1574772 kB
MemAvailable:    1558664 kB
Buffers:           18012 kB
Cached:            90524 kB
MemTotal:        1844596 kB
MemFree:         1574704 kB
MemAvailable:    1558596 kB
Buffers:           18012 kB
Cached:            90524 kB
MemTotal:        1844596 kB
MemFree:         1573960 kB
MemAvailable:    1557852 kB
Buffers:           18012 kB
Cached:            90524 kB
MemTotal:        1844596 kB
MemFree:         1573100 kB
MemAvailable:    1556992 kB
Buffers:           18012 kB
Cached:            90524 kB
MemTotal:        1844596 kB
MemFree:         1572968 kB
MemAvailable:    1556860 kB
Buffers:           18012 kB
Cached:            90524 kB
MemTotal:        1844596 kB
MemFree:         1573932 kB
MemAvailable:    1557824 kB
Buffers:           18012 kB
Cached:            90524 kB
MemTotal:        1844596 kB
MemFree:         1573932 kB
MemAvailable:    1557824 kB
Buffers:           18020 kB
Cached:            90516 kB
MemTotal:        1844596 kB
MemFree:         1566216 kB
MemAvailable:    1550108 kB
Buffers:           18024 kB
Cached:            90512 kB
MemTotal:        1844596 kB
MemFree:         1565280 kB
MemAvailable:    1549172 kB
Buffers:           18024 kB
Cached:            90512 kB
MemTotal:        1844596 kB
MemFree:         1565832 kB
MemAvailable:    1549724 kB
Buffers:           18024 kB
Cached:            90512 kB
MemTotal:        1844596 kB
MemFree:         1566032 kB
MemAvailable:    1549924 kB
Buffers:           18024 kB
Cached:            90512 kB
MemTotal:        1844596 kB
MemFree:         1566028 kB
MemAvailable:    1549920 kB
Buffers:           18024 kB
Cached:            90512 kB
MemTotal:        1844596 kB
MemFree:         1565040 kB
MemAvailable:    1548932 kB
Buffers:           18024 kB
Cached:            90512 kB
MemTotal:        1844596 kB
MemFree:         1565756 kB
MemAvailable:    1549648 kB
Buffers:           18024 kB
Cached:            90512 kB
MemTotal:        1844596 kB
MemFree:         1566008 kB
MemAvailable:    1549900 kB
Buffers:           18024 kB
Cached:            90512 kB
MemTotal:        1844596 kB
MemFree:         1566864 kB
MemAvailable:    1550756 kB
Buffers:           18024 kB
Cached:            90512 kB
MemTotal:        1844596 kB
MemFree:         1567712 kB
MemAvailable:    1551604 kB
Buffers:           18024 kB
Cached:            90636 kB
MemTotal:        1844596 kB
MemFree:         1567796 kB
MemAvailable:    1551688 kB
Buffers:           18024 kB
Cached:            90636 kB
MemTotal:        1844596 kB
MemFree:         1567576 kB
MemAvailable:    1551596 kB
Buffers:           18024 kB
Cached:            90760 kB
MemTotal:        1844596 kB
MemFree:         1567828 kB
MemAvailable:    1551848 kB
Buffers:           18024 kB
Cached:            90760 kB
MemTotal:        1844596 kB
MemFree:         1567312 kB
MemAvailable:    1551416 kB
Buffers:           18024 kB
Cached:            91008 kB
MemTotal:        1844596 kB
MemFree:         1567088 kB
MemAvailable:    1551192 kB
Buffers:           18024 kB
Cached:            91008 kB
MemTotal:        1844596 kB
MemFree:         1567100 kB
MemAvailable:    1551288 kB
Buffers:           18024 kB
Cached:            91132 kB
MemTotal:        1844596 kB
MemFree:         1566124 kB
MemAvailable:    1550312 kB
Buffers:           18024 kB
Cached:            91132 kB
MemTotal:        1844596 kB
MemFree:         1565724 kB
MemAvailable:    1549912 kB
Buffers:           18024 kB
Cached:            91132 kB
MemTotal:        1844596 kB
MemFree:         1565864 kB
MemAvailable:    1550092 kB
Buffers:           18024 kB
Cached:            91132 kB
MemTotal:        1844596 kB
MemFree:         1565988 kB
MemAvailable:    1550216 kB
Buffers:           18024 kB
Cached:            91132 kB
MemTotal:        1844596 kB
MemFree:         1566272 kB
MemAvailable:    1550500 kB
Buffers:           18024 kB
Cached:            91132 kB
MemTotal:        1844596 kB
MemFree:         1567072 kB
MemAvailable:    1551300 kB
Buffers:           18024 kB
Cached:            91132 kB
MemTotal:        1844596 kB
MemFree:         1567324 kB
MemAvailable:    1551552 kB
Buffers:           18024 kB
Cached:            91132 kB
MemTotal:        1844596 kB
MemFree:         1565832 kB
MemAvailable:    1550060 kB
Buffers:           18024 kB
Cached:            91132 kB
MemTotal:        1844596 kB
MemFree:         1566088 kB
MemAvailable:    1550316 kB
Buffers:           18024 kB
Cached:            91132 kB
MemTotal:        1844596 kB
MemFree:         1566812 kB
MemAvailable:    1550748 kB
Buffers:           18024 kB
Cached:            90500 kB
MemTotal:        1844596 kB
MemFree:         1635824 kB
MemAvailable:    1619760 kB
Buffers:           18024 kB
Cached:            90500 kB
