MemTotal:        1844596 kB
MemFree:         1409728 kB
MemAvailable:    1563460 kB
Buffers:           40592 kB
Cached:           245656 kB
MemTotal:        1844596 kB
MemFree:         1407444 kB
MemAvailable:    1561176 kB
Buffers:           40592 kB
Cached:           245656 kB
MemTotal:        1844596 kB
MemFree:         1406436 kB
MemAvailable:    1560168 kB
Buffers:           40592 kB
Cached:           245656 kB
MemTotal:        1844596 kB
MemFree:         1406688 kB
MemAvailable:    1560420 kB
Buffers:           40592 kB
Cached:           245656 kB
MemTotal:        1844596 kB
MemFree:         1403972 kB
MemAvailable:    1557704 kB
Buffers:           40592 kB
Cached:           245656 kB
MemTotal:        1844596 kB
MemFree:         1403964 kB
MemAvailable:    1557696 kB
Buffers:           40592 kB
Cached:           245656 kB
MemTotal:        1844596 kB
MemFree:         1403576 kB
MemAvailable:    1557308 kB
Buffers:           40592 kB
Cached:           245656 kB
MemTotal:        1844596 kB
MemFree:         1403412 kB
MemAvailable:    1557144 kB
Buffers:           40592 kB
Cached:           245656 kB
MemTotal:        1844596 kB
MemFree:         1399492 kB
MemAvailable:    1553224 kB
Buffers:           40592 kB
Cached:           245656 kB
MemTotal:        1844596 kB
MemFree:         1399620 kB
MemAvailable:    1553352 kB
Buffers:           40592 kB
Cached:           245656 kB
MemTotal:        1844596 kB
MemFree:         1395044 kB
MemAvailable:    1548776 kB
Buffers:           40592 kB
Cached:           245656 kB
MemTotal:        1844596 kB
MemFree:         1393804 kB
MemAvailable:    1547536 kB
Buffers:           40592 kB
Cached:           245656 kB
MemTotal:        1844596 kB
MemFree:         1394004 kB
MemAvailable:    1547736 kB
Buffers:           40592 kB
Cached:           245656 kB
MemTotal:        1844596 kB
MemFree:         1394300 kB
MemAvailable:    1548032 kB
Buffers:           40592 kB
Cached:           245656 kB
MemTotal:        1844596 kB
MemFree:         1395292 kB
MemAvailable:    1549024 kB
Buffers:           40592 kB
Cached:           245656 kB
MemTotal:        1844596 kB
MemFree:         1394548 kB
MemAvailable:    1548280 kB
Buffers:           40592 kB
Cached:           245656 kB
MemTotal:        1844596 kB
MemFree:         1395216 kB
MemAvailable:    1548948 kB
Buffers:           40592 kB
Cached:           245656 kB
MemTotal:        1844596 kB
MemFree:         1394656 kB
MemAvailable:    1548388 kB
Buffers:           40592 kB
Cached:           245656 kB
MemTotal:        1844596 kB
MemFree:         1394656 kB
MemAvailable:    1548388 kB
Buffers:           40592 kB
Cached:           245656 kB
MemTotal:        1844596 kB
MemFree:         1393784 kB
MemAvailable:    1547516 kB
Buffers:           40592 kB
Cached:           245656 kB
MemTotal:        1844596 kB
MemFree:         1392888 kB
MemAvailable:    1546620 kB
Buffers:           40592 kB
Cached:           245656 kB
MemTotal:        1844596 kB
MemFree:         1391952 kB
MemAvailable:    1545684 kB
Buffers:           40592 kB
Cached:           245656 kB
MemTotal:        1844596 kB
MemFree:         1392616 kB
MemAvailable:    1546348 kB
Buffers:           40592 kB
Cached:           245656 kB
MemTotal:        1844596 kB
MemFree:         1392788 kB
MemAvailable:    1546520 kB
Buffers:           40592 kB
Cached:           245656 kB
MemTotal:        1844596 kB
MemFree:         1391440 kB
MemAvailable:    1545172 kB
Buffers:           40592 kB
Cached:           245656 kB
MemTotal:        1844596 kB
MemFree:         1391532 kB
MemAvailable:    1545264 kB
Buffers:           40592 kB
Cached:           245656 kB
MemTotal:        1844596 kB
MemFree:         1391656 kB
MemAvailable:    1545388 kB
Buffers:           40592 kB
Cached:           245656 kB
MemTotal:        1844596 kB
MemFree:         1392932 kB
MemAvailable:    1546664 kB
Buffers:           40592 kB
Cached:           245656 kB
MemTotal:        1844596 kB
MemFree:         1392872 kB
MemAvailable:    1546604 kB
Buffers:           40592 kB
Cached:           245656 kB
MemTotal:        1844596 kB
MemFree:         1391516 kB
MemAvailable:    1545248 kB
Buffers:           40592 kB
Cached:           245656 kB
MemTotal:        1844596 kB
MemFree:         1392732 kB
MemAvailable:    1546464 kB
Buffers:           40592 kB
Cached:           245656 kB
MemTotal:        1844596 kB
MemFree:         1392892 kB
MemAvailable:    1546624 kB
Buffers:           40592 kB
Cached:           245656 kB
MemTotal:        1844596 kB
MemFree:         1392432 kB
MemAvailable:    1546164 kB
Buffers:           40592 kB
Cached:           245656 kB
MemTotal:        1844596 kB
MemFree:         1390680 kB
MemAvailable:    1544412 kB
Buffers:           40592 kB
Cached:           245656 kB
MemTotal:        1844596 kB
MemFree:         1390680 kB
MemAvailable:    1544412 kB
Buffers:           40592 kB
Cached:           245656 kB
MemTotal:        1844596 kB
MemFree:         1388936 kB
MemAvailable:    1542668 kB
Buffers:           40592 kB
Cached:           245656 kB
MemTotal:        1844596 kB
MemFree:         1388720 kB
MemAvailable:    1542452 kB
Buffers:           40592 kB
Cached:           245656 kB
MemTotal:        1844596 kB
MemFree:         1389712 kB
MemAvailable:    1543444 kB
Buffers:           40592 kB
Cached:           245656 kB
MemTotal:        1844596 kB
MemFree:         1388836 kB
MemAvailable:    1542568 kB
Buffers:           40592 kB
Cached:           245656 kB
MemTotal:        1844596 kB
MemFree:         1388820 kB
MemAvailable:    1542552 kB
Buffers:           40592 kB
Cached:           245656 kB
MemTotal:        1844596 kB
MemFree:         1388904 kB
MemAvailable:    1542636 kB
Buffers:           40592 kB
Cached:           245656 kB
MemTotal:        1844596 kB
MemFree:         1387284 kB
MemAvailable:    1541016 kB
Buffers:           40592 kB
Cached:           245656 kB
MemTotal:        1844596 kB
MemFree:         1387852 kB
MemAvailable:    1541584 kB
Buffers:           40592 kB
Cached:           245656 kB
MemTotal:        1844596 kB
MemFree:         1387340 kB
MemAvailable:    1541076 kB
Buffers:           40592 kB
Cached:           245660 kB
MemTotal:        1844596 kB
MemFree:         1387084 kB
MemAvailable:    1540820 kB
Buffers:           40592 kB
Cached:           245660 kB
MemTotal:        1844596 kB
MemFree:         1388540 kB
MemAvailable:    1542276 kB
Buffers:           40592 kB
Cached:           245660 kB
MemTotal:        1844596 kB
MemFree:         1387284 kB
MemAvailable:    1541020 kB
Buffers:           40592 kB
Cached:           245660 kB
MemTotal:        1844596 kB
MemFree:         1386824 kB
MemAvailable:    1540560 kB
Buffers:           40592 kB
Cached:           245660 kB
MemTotal:        1844596 kB
MemFree:         1386956 kB
MemAvailable:    1540692 kB
Buffers:           40592 kB
Cached:           245660 kB
MemTotal:        1844596 kB
MemFree:         1387912 kB
MemAvailable:    1541648 kB
Buffers:           40592 kB
Cached:           245660 kB
MemTotal:        1844596 kB
MemFree:         1386224 kB
MemAvailable:    1539960 kB
Buffers:           40592 kB
Cached:           245660 kB
MemTotal:        1844596 kB
MemFree:         1387896 kB
MemAvailable:    1541632 kB
Buffers:           40592 kB
Cached:           245660 kB
MemTotal:        1844596 kB
MemFree:         1387724 kB
MemAvailable:    1541460 kB
Buffers:           40592 kB
Cached:           245660 kB
MemTotal:        1844596 kB
MemFree:         1387592 kB
MemAvailable:    1541328 kB
Buffers:           40592 kB
Cached:           245660 kB
MemTotal:        1844596 kB
MemFree:         1387540 kB
MemAvailable:    1541280 kB
Buffers:           40592 kB
Cached:           245664 kB
MemTotal:        1844596 kB
MemFree:         1386324 kB
MemAvailable:    1540064 kB
Buffers:           40592 kB
Cached:           245664 kB
MemTotal:        1844596 kB
MemFree:         1387056 kB
MemAvailable:    1540796 kB
Buffers:           40592 kB
Cached:           245664 kB
MemTotal:        1844596 kB
MemFree:         1387556 kB
MemAvailable:    1541296 kB
Buffers:           40592 kB
Cached:           245664 kB
MemTotal:        1844596 kB
MemFree:         1387808 kB
MemAvailable:    1541548 kB
Buffers:           40592 kB
Cached:           245664 kB
MemTotal:        1844596 kB
MemFree:         1386316 kB
MemAvailable:    1540056 kB
Buffers:           40592 kB
Cached:           245664 kB
MemTotal:        1844596 kB
MemFree:         1387416 kB
MemAvailable:    1541156 kB
Buffers:           40592 kB
Cached:           245664 kB
MemTotal:        1844596 kB
MemFree:         1387668 kB
MemAvailable:    1541408 kB
Buffers:           40592 kB
Cached:           245664 kB
MemTotal:        1844596 kB
MemFree:         1387352 kB
MemAvailable:    1541092 kB
Buffers:           40592 kB
Cached:           245664 kB
MemTotal:        1844596 kB
MemFree:         1387352 kB
MemAvailable:    1541092 kB
Buffers:           40592 kB
Cached:           245664 kB
MemTotal:        1844596 kB
MemFree:         1387012 kB
MemAvailable:    1540752 kB
Buffers:           40592 kB
Cached:           245664 kB
MemTotal:        1844596 kB
MemFree:         1387100 kB
MemAvailable:    1540840 kB
Buffers:           40592 kB
Cached:           245664 kB
MemTotal:        1844596 kB
MemFree:         1386772 kB
MemAvailable:    1540512 kB
Buffers:           40592 kB
Cached:           245664 kB
MemTotal:        1844596 kB
MemFree:         1386704 kB
MemAvailable:    1540444 kB
Buffers:           40592 kB
Cached:           245664 kB
MemTotal:        1844596 kB
MemFree:         1385324 kB
MemAvailable:    1539064 kB
Buffers:           40592 kB
Cached:           245664 kB
MemTotal:        1844596 kB
MemFree:         1385572 kB
MemAvailable:    1539312 kB
Buffers:           40592 kB
Cached:           245664 kB
MemTotal:        1844596 kB
MemFree:         1385620 kB
MemAvailable:    1539360 kB
Buffers:           40592 kB
Cached:           245664 kB
MemTotal:        1844596 kB
MemFree:         1385356 kB
MemAvailable:    1539096 kB
Buffers:           40592 kB
Cached:           245664 kB
MemTotal:        1844596 kB
MemFree:         1385612 kB
MemAvailable:    1539352 kB
Buffers:           40592 kB
Cached:           245664 kB
MemTotal:        1844596 kB
MemFree:         1386604 kB
MemAvailable:    1540344 kB
Buffers:           40592 kB
Cached:           245664 kB
MemTotal:        1844596 kB
MemFree:         1386556 kB
MemAvailable:    1540296 kB
Buffers:           40592 kB
Cached:           245664 kB
MemTotal:        1844596 kB
MemFree:         1385184 kB
MemAvailable:    1538924 kB
Buffers:           40592 kB
Cached:           245664 kB
MemTotal:        1844596 kB
MemFree:         1385556 kB
MemAvailable:    1539296 kB
Buffers:           40592 kB
Cached:           245664 kB
MemTotal:        1844596 kB
MemFree:         1383628 kB
MemAvailable:    1537368 kB
Buffers:           40592 kB
Cached:           245664 kB
MemTotal:        1844596 kB
MemFree:         1381752 kB
MemAvailable:    1535492 kB
Buffers:           40592 kB
Cached:           245664 kB
MemTotal:        1844596 kB
MemFree:         1381712 kB
MemAvailable:    1535452 kB
Buffers:           40592 kB
Cached:           245664 kB
MemTotal:        1844596 kB
MemFree:         1378056 kB
MemAvailable:    1531796 kB
Buffers:           40592 kB
Cached:           245664 kB
MemTotal:        1844596 kB
MemFree:         1379100 kB
MemAvailable:    1532840 kB
Buffers:           40592 kB
Cached:           245664 kB
MemTotal:        1844596 kB
MemFree:         1378736 kB
MemAvailable:    1532476 kB
Buffers:           40592 kB
Cached:           245664 kB
MemTotal:        1844596 kB
MemFree:         1378860 kB
MemAvailable:    1532600 kB
Buffers:           40592 kB
Cached:           245664 kB
MemTotal:        1844596 kB
MemFree:         1378776 kB
MemAvailable:    1532516 kB
Buffers:           40592 kB
Cached:           245664 kB
MemTotal:        1844596 kB
MemFree:         1378860 kB
MemAvailable:    1532600 kB
Buffers:           40592 kB
Cached:           245664 kB
MemTotal:        1844596 kB
MemFree:         1378464 kB
MemAvailable:    1532204 kB
Buffers:           40592 kB
Cached:           245664 kB
MemTotal:        1844596 kB
MemFree:         1378800 kB
MemAvailable:    1532540 kB
Buffers:           40592 kB
Cached:           245664 kB
MemTotal:        1844596 kB
MemFree:         1377400 kB
MemAvailable:    1531140 kB
Buffers:           40592 kB
Cached:           245664 kB
MemTotal:        1844596 kB
MemFree:         1377484 kB
MemAvailable:    1531224 kB
Buffers:           40592 kB
Cached:           245664 kB
MemTotal:        1844596 kB
MemFree:         1377360 kB
MemAvailable:    1531100 kB
Buffers:           40592 kB
Cached:           245664 kB
MemTotal:        1844596 kB
MemFree:         1378828 kB
MemAvailable:    1532568 kB
Buffers:           40592 kB
Cached:           245664 kB
MemTotal:        1844596 kB
MemFree:         1377932 kB
MemAvailable:    1531672 kB
Buffers:           40592 kB
Cached:           245664 kB
MemTotal:        1844596 kB
MemFree:         1378748 kB
MemAvailable:    1532488 kB
Buffers:           40592 kB
Cached:           245664 kB
MemTotal:        1844596 kB
MemFree:         1378512 kB
MemAvailable:    1532252 kB
Buffers:           40592 kB
Cached:           245664 kB
MemTotal:        1844596 kB
MemFree:         1378740 kB
MemAvailable:    1532480 kB
Buffers:           40592 kB
Cached:           245664 kB
MemTotal:        1844596 kB
MemFree:         1378164 kB
MemAvailable:    1531904 kB
Buffers:           40592 kB
Cached:           245664 kB
MemTotal:        1844596 kB
MemFree:         1378164 kB
MemAvailable:    1531904 kB
Buffers:           40592 kB
Cached:           245664 kB
MemTotal:        1844596 kB
MemFree:         1376676 kB
MemAvailable:    1530416 kB
Buffers:           40592 kB
Cached:           245664 kB
MemTotal:        1844596 kB
MemFree:         1376560 kB
MemAvailable:    1530300 kB
Buffers:           40592 kB
Cached:           245664 kB
MemTotal:        1844596 kB
MemFree:         1376568 kB
MemAvailable:    1530312 kB
Buffers:           40592 kB
Cached:           245668 kB
MemTotal:        1844596 kB
MemFree:         1377040 kB
MemAvailable:    1530784 kB
Buffers:           40592 kB
Cached:           245668 kB
MemTotal:        1844596 kB
MemFree:         1377124 kB
MemAvailable:    1530868 kB
Buffers:           40592 kB
Cached:           245668 kB
MemTotal:        1844596 kB
MemFree:         1376876 kB
MemAvailable:    1530620 kB
Buffers:           40592 kB
Cached:           245668 kB
MemTotal:        1844596 kB
MemFree:         1374832 kB
MemAvailable:    1528576 kB
Buffers:           40592 kB
Cached:           245668 kB
MemTotal:        1844596 kB
MemFree:         1375816 kB
MemAvailable:    1529560 kB
Buffers:           40592 kB
Cached:           245668 kB
MemTotal:        1844596 kB
MemFree:         1375388 kB
MemAvailable:    1529132 kB
Buffers:           40592 kB
Cached:           245668 kB
MemTotal:        1844596 kB
MemFree:         1375064 kB
MemAvailable:    1528808 kB
Buffers:           40592 kB
Cached:           245668 kB
MemTotal:        1844596 kB
MemFree:         1375316 kB
MemAvailable:    1529060 kB
Buffers:           40592 kB
Cached:           245668 kB
MemTotal:        1844596 kB
MemFree:         1375084 kB
MemAvailable:    1528828 kB
Buffers:           40592 kB
Cached:           245668 kB
MemTotal:        1844596 kB
MemFree:         1373904 kB
MemAvailable:    1527648 kB
Buffers:           40592 kB
Cached:           245668 kB
MemTotal:        1844596 kB
MemFree:         1374452 kB
MemAvailable:    1528196 kB
Buffers:           40592 kB
Cached:           245668 kB
MemTotal:        1844596 kB
MemFree:         1374672 kB
MemAvailable:    1528416 kB
Buffers:           40592 kB
Cached:           245668 kB
MemTotal:        1844596 kB
MemFree:         1375008 kB
MemAvailable:    1528752 kB
Buffers:           40592 kB
Cached:           245668 kB
MemTotal:        1844596 kB
MemFree:         1373432 kB
MemAvailable:    1527176 kB
Buffers:           40592 kB
Cached:           245668 kB
MemTotal:        1844596 kB
MemFree:         1374656 kB
MemAvailable:    1528400 kB
Buffers:           40592 kB
Cached:           245668 kB
MemTotal:        1844596 kB
MemFree:         1374740 kB
MemAvailable:    1528484 kB
Buffers:           40592 kB
Cached:           245668 kB
MemTotal:        1844596 kB
MemFree:         1373436 kB
MemAvailable:    1527180 kB
Buffers:           40592 kB
Cached:           245668 kB
MemTotal:        1844596 kB
MemFree:         1374744 kB
MemAvailable:    1528488 kB
Buffers:           40592 kB
Cached:           245668 kB
MemTotal:        1844596 kB
MemFree:         1374320 kB
MemAvailable:    1528064 kB
Buffers:           40592 kB
Cached:           245668 kB
MemTotal:        1844596 kB
MemFree:         1374320 kB
MemAvailable:    1528064 kB
Buffers:           40592 kB
Cached:           245668 kB
MemTotal:        1844596 kB
MemFree:         1374008 kB
MemAvailable:    1527752 kB
Buffers:           40592 kB
Cached:           245668 kB
MemTotal:        1844596 kB
MemFree:         1374176 kB
MemAvailable:    1527920 kB
Buffers:           40592 kB
Cached:           245668 kB
MemTotal:        1844596 kB
MemFree:         1367824 kB
MemAvailable:    1521568 kB
Buffers:           40592 kB
Cached:           245668 kB
MemTotal:        1844596 kB
MemFree:         1365780 kB
MemAvailable:    1519524 kB
Buffers:           40592 kB
Cached:           245668 kB
MemTotal:        1844596 kB
MemFree:         1365648 kB
MemAvailable:    1519476 kB
Buffers:           40592 kB
Cached:           245792 kB
MemTotal:        1844596 kB
MemFree:         1366376 kB
MemAvailable:    1520372 kB
Buffers:           40592 kB
Cached:           246040 kB
MemTotal:        1844596 kB
MemFree:         1366544 kB
MemAvailable:    1520624 kB
Buffers:           40592 kB
Cached:           246040 kB
MemTotal:        1844596 kB
MemFree:         1366248 kB
MemAvailable:    1520496 kB
Buffers:           40592 kB
Cached:           246164 kB
MemTotal:        1844596 kB
MemFree:         1366248 kB
MemAvailable:    1520496 kB
Buffers:           40592 kB
Cached:           246164 kB
MemTotal:        1844596 kB
MemFree:         1365964 kB
MemAvailable:    1520296 kB
Buffers:           40592 kB
Cached:           246288 kB
MemTotal:        1844596 kB
MemFree:         1366132 kB
MemAvailable:    1520464 kB
Buffers:           40592 kB
Cached:           246288 kB
MemTotal:        1844596 kB
MemFree:         1366088 kB
MemAvailable:    1520420 kB
Buffers:           40592 kB
Cached:           246288 kB
MemTotal:        1844596 kB
MemFree:         1366088 kB
MemAvailable:    1520516 kB
Buffers:           40592 kB
Cached:           246348 kB
MemTotal:        1844596 kB
MemFree:         1366236 kB
MemAvailable:    1520664 kB
Buffers:           40592 kB
Cached:           246348 kB
MemTotal:        1844596 kB
MemFree:         1366088 kB
MemAvailable:    1520516 kB
Buffers:           40592 kB
Cached:           246348 kB
MemTotal:        1844596 kB
MemFree:         1366088 kB
MemAvailable:    1520516 kB
Buffers:           40592 kB
Cached:           246348 kB
MemTotal:        1844596 kB
MemFree:         1366192 kB
MemAvailable:    1520620 kB
Buffers:           40592 kB
Cached:           246348 kB
MemTotal:        1844596 kB
MemFree:         1366144 kB
MemAvailable:    1520572 kB
Buffers:           40592 kB
Cached:           246348 kB
MemTotal:        1844596 kB
MemFree:         1365160 kB
MemAvailable:    1519672 kB
Buffers:           40592 kB
Cached:           246472 kB
MemTotal:        1844596 kB
MemFree:         1367096 kB
MemAvailable:    1520824 kB
Buffers:           40592 kB
Cached:           245688 kB
MemTotal:        1844596 kB
MemFree:         1435376 kB
MemAvailable:    1589132 kB
Buffers:           40592 kB
Cached:           245676 kB
