MemTotal:        1844596 kB
MemFree:         1325692 kB
MemAvailable:    1553628 kB
Buffers:           48996 kB
Cached:           304924 kB
MemTotal:        1844596 kB
MemFree:         1323452 kB
MemAvailable:    1551388 kB
Buffers:           48996 kB
Cached:           304924 kB
MemTotal:        1844596 kB
MemFree:         1322836 kB
MemAvailable:    1550772 kB
Buffers:           48996 kB
Cached:           304924 kB
MemTotal:        1844596 kB
MemFree:         1323024 kB
MemAvailable:    1550960 kB
Buffers:           48996 kB
Cached:           304924 kB
MemTotal:        1844596 kB
MemFree:         1322404 kB
MemAvailable:    1550340 kB
Buffers:           48996 kB
Cached:           304924 kB
MemTotal:        1844596 kB
MemFree:         1321332 kB
MemAvailable:    1549268 kB
Buffers:           48996 kB
Cached:           304924 kB
MemTotal:        1844596 kB
MemFree:         1320368 kB
MemAvailable:    1548304 kB
Buffers:           48996 kB
Cached:           304924 kB
MemTotal:        1844596 kB
MemFree:         1318508 kB
MemAvailable:    1546452 kB
Buffers:           48996 kB
Cached:           304928 kB
MemTotal:        1844596 kB
MemFree:         1316080 kB
MemAvailable:    1544024 kB
Buffers:           48996 kB
Cached:           304928 kB
MemTotal:        1844596 kB
MemFree:         1311812 kB
MemAvailable:    1539756 kB
Buffers:           48996 kB
Cached:           304928 kB
MemTotal:        1844596 kB
MemFree:         1310812 kB
MemAvailable:    1538756 kB
Buffers:           48996 kB
Cached:           304928 kB
MemTotal:        1844596 kB
MemFree:         1311736 kB
MemAvailable:    1539680 kB
Buffers:           48996 kB
Cached:           304928 kB
MemTotal:        1844596 kB
MemFree:         1312860 kB
MemAvailable:    1540804 kB
Buffers:           48996 kB
Cached:           304928 kB
MemTotal:        1844596 kB
MemFree:         1312308 kB
MemAvailable:    1540252 kB
Buffers:           48996 kB
Cached:           304928 kB
MemTotal:        1844596 kB
MemFree:         1312936 kB
MemAvailable:    1540880 kB
Buffers:           48996 kB
Cached:           304928 kB
MemTotal:        1844596 kB
MemFree:         1311504 kB
MemAvailable:    1539448 kB
Buffers:           48996 kB
Cached:           304928 kB
MemTotal:        1844596 kB
MemFree:         1311628 kB
MemAvailable:    1539572 kB
Buffers:           48996 kB
Cached:           304928 kB
MemTotal:        1844596 kB
MemFree:         1311184 kB
MemAvailable:    1539128 kB
Buffers:           48996 kB
Cached:           304928 kB
MemTotal:        1844596 kB
MemFree:         1310920 kB
MemAvailable:    1538864 kB
Buffers:           48996 kB
Cached:           304928 kB
MemTotal:        1844596 kB
MemFree:         1311172 kB
MemAvailable:    1539116 kB
Buffers:           48996 kB
Cached:           304928 kB
MemTotal:        1844596 kB
MemFree:         1310632 kB
MemAvailable:    1538576 kB
Buffers:           48996 kB
Cached:           304928 kB
MemTotal:        1844596 kB
MemFree:         1310452 kB
MemAvailable:    1538396 kB
Buffers:           48996 kB
Cached:           304928 kB
MemTotal:        1844596 kB
MemFree:         1309276 kB
MemAvailable:    1537220 kB
Buffers:           48996 kB
Cached:           304928 kB
MemTotal:        1844596 kB
MemFree:         1310496 kB
MemAvailable:    1538440 kB
Buffers:           48996 kB
Cached:           304928 kB
MemTotal:        1844596 kB
MemFree:         1309580 kB
MemAvailable:    1537524 kB
Buffers:           48996 kB
Cached:           304928 kB
MemTotal:        1844596 kB
MemFree:         1310380 kB
MemAvailable:    1538324 kB
Buffers:           48996 kB
Cached:           304928 kB
MemTotal:        1844596 kB
MemFree:         1310632 kB
MemAvailable:    1538576 kB
Buffers:           48996 kB
Cached:           304928 kB
MemTotal:        1844596 kB
MemFree:         1310252 kB
MemAvailable:    1538196 kB
Buffers:           48996 kB
Cached:           304928 kB
MemTotal:        1844596 kB
MemFree:         1310504 kB
MemAvailable:    1538448 kB
Buffers:           48996 kB
Cached:           304928 kB
MemTotal:        1844596 kB
MemFree:         1310492 kB
MemAvailable:    1538436 kB
Buffers:           48996 kB
Cached:           304928 kB
MemTotal:        1844596 kB
MemFree:         1310532 kB
MemAvailable:    1538476 kB
Buffers:           48996 kB
Cached:           304928 kB
MemTotal:        1844596 kB
MemFree:         1311928 kB
MemAvailable:    1539872 kB
Buffers:           48996 kB
Cached:           304928 kB
MemTotal:        1844596 kB
MemFree:         1308580 kB
MemAvailable:    1536524 kB
Buffers:           48996 kB
Cached:           304928 kB
MemTotal:        1844596 kB
MemFree:         1308672 kB
MemAvailable:    1536616 kB
Buffers:           48996 kB
Cached:           304928 kB
MemTotal:        1844596 kB
MemFree:         1308092 kB
MemAvailable:    1536036 kB
Buffers:           48996 kB
Cached:           304928 kB
MemTotal:        1844596 kB
MemFree:         1306968 kB
MemAvailable:    1534912 kB
Buffers:           48996 kB
Cached:           304928 kB
MemTotal:        1844596 kB
MemFree:         1306292 kB
MemAvailable:    1534236 kB
Buffers:           48996 kB
Cached:           304928 kB
MemTotal:        1844596 kB
MemFree:         1307224 kB
MemAvailable:    1535168 kB
Buffers:           48996 kB
Cached:           304928 kB
MemTotal:        1844596 kB
MemFree:         1305364 kB
MemAvailable:    1533308 kB
Buffers:           48996 kB
Cached:           304928 kB
MemTotal:        1844596 kB
MemFree:         1305356 kB
MemAvailable:    1533300 kB
Buffers:           48996 kB
Cached:           304928 kB
MemTotal:        1844596 kB
MemFree:         1306464 kB
MemAvailable:    1534408 kB
Buffers:           48996 kB
Cached:           304928 kB
MemTotal:        1844596 kB
MemFree:         1305488 kB
MemAvailable:    1533432 kB
Buffers:           48996 kB
Cached:           304928 kB
MemTotal:        1844596 kB
MemFree:         1306196 kB
MemAvailable:    1534140 kB
Buffers:           48996 kB
Cached:           304928 kB
MemTotal:        1844596 kB
MemFree:         1306196 kB
MemAvailable:    1534140 kB
Buffers:           48996 kB
Cached:           304928 kB
MemTotal:        1844596 kB
MemFree:         1306236 kB
MemAvailable:    1534180 kB
Buffers:           48996 kB
Cached:           304928 kB
MemTotal:        1844596 kB
MemFree:         1305980 kB
MemAvailable:    1533924 kB
Buffers:           48996 kB
Cached:           304928 kB
MemTotal:        1844596 kB
MemFree:         1305648 kB
MemAvailable:    1533592 kB
Buffers:           48996 kB
Cached:           304928 kB
MemTotal:        1844596 kB
MemFree:         1305984 kB
MemAvailable:    1533928 kB
Buffers:           48996 kB
Cached:           304928 kB
MemTotal:        1844596 kB
MemFree:         1304664 kB
MemAvailable:    1532608 kB
Buffers:           48996 kB
Cached:           304928 kB
MemTotal:        1844596 kB
MemFree:         1304952 kB
MemAvailable:    1532896 kB
Buffers:           48996 kB
Cached:           304928 kB
MemTotal:        1844596 kB
MemFree:         1304816 kB
MemAvailable:    1532760 kB
Buffers:           48996 kB
Cached:           304928 kB
MemTotal:        1844596 kB
MemFree:         1305236 kB
MemAvailable:    1533180 kB
Buffers:           48996 kB
Cached:           304928 kB
MemTotal:        1844596 kB
MemFree:         1303804 kB
MemAvailable:    1531748 kB
Buffers:           48996 kB
Cached:           304928 kB
MemTotal:        1844596 kB
MemFree:         1303928 kB
MemAvailable:    1531872 kB
Buffers:           48996 kB
Cached:           304928 kB
MemTotal:        1844596 kB
MemFree:         1303928 kB
MemAvailable:    1531872 kB
Buffers:           48996 kB
Cached:           304928 kB
MemTotal:        1844596 kB
MemFree:         1305028 kB
MemAvailable:    1532972 kB
Buffers:           48996 kB
Cached:           304928 kB
MemTotal:        1844596 kB
MemFree:         1304096 kB
MemAvailable:    1532040 kB
Buffers:           48996 kB
Cached:           304928 kB
MemTotal:        1844596 kB
MemFree:         1303912 kB
MemAvailable:    1531856 kB
Buffers:           48996 kB
Cached:           304928 kB
MemTotal:        1844596 kB
MemFree:         1303920 kB
MemAvailable:    1531864 kB
Buffers:           48996 kB
Cached:           304928 kB
MemTotal:        1844596 kB
MemFree:         1303480 kB
MemAvailable:    1531424 kB
Buffers:           48996 kB
Cached:           304928 kB
MemTotal:        1844596 kB
MemFree:         1303356 kB
MemAvailable:    1531300 kB
Buffers:           48996 kB
Cached:           304928 kB
MemTotal:        1844596 kB
MemFree:         1303604 kB
MemAvailable:    1531548 kB
Buffers:           48996 kB
Cached:           304928 kB
MemTotal:        1844596 kB
MemFree:         1304720 kB
MemAvailable:    1532664 kB
Buffers:           48996 kB
Cached:           304928 kB
MemTotal:        1844596 kB
MemFree:         1303472 kB
MemAvailable:    1531416 kB
Buffers:           48996 kB
Cached:           304928 kB
MemTotal:        1844596 kB
MemFree:         1302828 kB
MemAvailable:    1530772 kB
Buffers:           48996 kB
Cached:           304928 kB
MemTotal:        1844596 kB
MemFree:         1302744 kB
MemAvailable:    1530688 kB
Buffers:           48996 kB
Cached:           304928 kB
MemTotal:        1844596 kB
MemFree:         1304232 kB
MemAvailable:    1532176 kB
Buffers:           48996 kB
Cached:           304928 kB
MemTotal:        1844596 kB
MemFree:         1304000 kB
MemAvailable:    1531944 kB
Buffers:           48996 kB
Cached:           304928 kB
MemTotal:        1844596 kB
MemFree:         1304360 kB
MemAvailable:    1532304 kB
Buffers:           48996 kB
Cached:           304928 kB
MemTotal:        1844596 kB
MemFree:         1304312 kB
MemAvailable:    1532256 kB
Buffers:           48996 kB
Cached:           304928 kB
MemTotal:        1844596 kB
MemFree:         1304172 kB
MemAvailable:    1532116 kB
Buffers:           48996 kB
Cached:           304928 kB
MemTotal:        1844596 kB
MemFree:         1304232 kB
MemAvailable:    1532176 kB
Buffers:           48996 kB
Cached:           304928 kB
MemTotal:        1844596 kB
MemFree:         1304056 kB
MemAvailable:    1532000 kB
Buffers:           48996 kB
Cached:           304928 kB
MemTotal:        1844596 kB
MemFree:         1304224 kB
MemAvailable:    1532168 kB
Buffers:           48996 kB
Cached:           304928 kB
MemTotal:        1844596 kB
MemFree:         1303928 kB
MemAvailable:    1531872 kB
Buffers:           48996 kB
Cached:           304928 kB
MemTotal:        1844596 kB
MemFree:         1304264 kB
MemAvailable:    1532208 kB
Buffers:           48996 kB
Cached:           304928 kB
MemTotal:        1844596 kB
MemFree:         1299892 kB
MemAvailable:    1527836 kB
Buffers:           48996 kB
Cached:           304928 kB
MemTotal:        1844596 kB
MemFree:         1299892 kB
MemAvailable:    1527836 kB
Buffers:           48996 kB
Cached:           304928 kB
MemTotal:        1844596 kB
MemFree:         1296784 kB
MemAvailable:    1524728 kB
Buffers:           48996 kB
Cached:           304928 kB
MemTotal:        1844596 kB
MemFree:         1297120 kB
MemAvailable:    1525064 kB
Buffers:           48996 kB
Cached:           304928 kB
MemTotal:        1844596 kB
MemFree:         1296496 kB
MemAvailable:    1524440 kB
Buffers:           48996 kB
Cached:           304928 kB
MemTotal:        1844596 kB
MemFree:         1295196 kB
MemAvailable:    1523140 kB
Buffers:           48996 kB
Cached:           304928 kB
MemTotal:        1844596 kB
MemFree:         1296244 kB
MemAvailable:    1524188 kB
Buffers:           48996 kB
Cached:           304928 kB
MemTotal:        1844596 kB
MemFree:         1296496 kB
MemAvailable:    1524440 kB
Buffers:           48996 kB
Cached:           304928 kB
MemTotal:        1844596 kB
MemFree:         1295180 kB
MemAvailable:    1523124 kB
Buffers:           48996 kB
Cached:           304928 kB
MemTotal:        1844596 kB
MemFree:         1295684 kB
MemAvailable:    1523628 kB
Buffers:           48996 kB
Cached:           304928 kB
MemTotal:        1844596 kB
MemFree:         1295808 kB
MemAvailable:    1523756 kB
Buffers:           48996 kB
Cached:           304932 kB
MemTotal:        1844596 kB
MemFree:         1296744 kB
MemAvailable:    1524692 kB
Buffers:           48996 kB
Cached:           304932 kB
MemTotal:        1844596 kB
MemFree:         1296412 kB
MemAvailable:    1524360 kB
Buffers:           48996 kB
Cached:           304932 kB
MemTotal:        1844596 kB
MemFree:         1296412 kB
MemAvailable:    1524360 kB
Buffers:           48996 kB
Cached:           304932 kB
MemTotal:        1844596 kB
MemFree:         1296124 kB
MemAvailable:    1524080 kB
Buffers:           48996 kB
Cached:           304940 kB
MemTotal:        1844596 kB
MemFree:         1295364 kB
MemAvailable:    1523320 kB
Buffers:           48996 kB
Cached:           304940 kB
MemTotal:        1844596 kB
MemFree:         1295064 kB
MemAvailable:    1523020 kB
Buffers:           48996 kB
Cached:           304940 kB
MemTotal:        1844596 kB
MemFree:         1296124 kB
MemAvailable:    1524080 kB
Buffers:           48996 kB
Cached:           304940 kB
MemTotal:        1844596 kB
MemFree:         1296376 kB
MemAvailable:    1524332 kB
Buffers:           48996 kB
Cached:           304940 kB
MemTotal:        1844596 kB
MemFree:         1296132 kB
MemAvailable:    1524088 kB
Buffers:           48996 kB
Cached:           304940 kB
MemTotal:        1844596 kB
MemFree:         1295684 kB
MemAvailable:    1523640 kB
Buffers:           48996 kB
Cached:           304940 kB
MemTotal:        1844596 kB
MemFree:         1295444 kB
MemAvailable:    1523400 kB
Buffers:           48996 kB
Cached:           304940 kB
MemTotal:        1844596 kB
MemFree:         1295444 kB
MemAvailable:    1523400 kB
Buffers:           48996 kB
Cached:           304940 kB
MemTotal:        1844596 kB
MemFree:         1293832 kB
MemAvailable:    1521788 kB
Buffers:           48996 kB
Cached:           304940 kB
MemTotal:        1844596 kB
MemFree:         1294948 kB
MemAvailable:    1522904 kB
Buffers:           48996 kB
Cached:           304940 kB
MemTotal:        1844596 kB
MemFree:         1294636 kB
MemAvailable:    1522592 kB
Buffers:           48996 kB
Cached:           304940 kB
MemTotal:        1844596 kB
MemFree:         1293560 kB
MemAvailable:    1521516 kB
Buffers:           48996 kB
Cached:           304940 kB
MemTotal:        1844596 kB
MemFree:         1293560 kB
MemAvailable:    1521516 kB
Buffers:           48996 kB
Cached:           304940 kB
MemTotal:        1844596 kB
MemFree:         1293636 kB
MemAvailable:    1521592 kB
Buffers:           48996 kB
Cached:           304940 kB
MemTotal:        1844596 kB
MemFree:         1292664 kB
MemAvailable:    1520620 kB
Buffers:           48996 kB
Cached:           304940 kB
MemTotal:        1844596 kB
MemFree:         1292756 kB
MemAvailable:    1520712 kB
Buffers:           48996 kB
Cached:           304940 kB
MemTotal:        1844596 kB
MemFree:         1293092 kB
MemAvailable:    1521048 kB
Buffers:           48996 kB
Cached:           304940 kB
MemTotal:        1844596 kB
MemFree:         1291524 kB
MemAvailable:    1519480 kB
Buffers:           48996 kB
Cached:           304940 kB
MemTotal:        1844596 kB
MemFree:         1293036 kB
MemAvailable:    1520992 kB
Buffers:           48996 kB
Cached:           304940 kB
MemTotal:        1844596 kB
MemFree:         1291352 kB
MemAvailable:    1519308 kB
Buffers:           48996 kB
Cached:           304940 kB
MemTotal:        1844596 kB
MemFree:         1292320 kB
MemAvailable:    1520276 kB
Buffers:           48996 kB
Cached:           304940 kB
MemTotal:        1844596 kB
MemFree:         1292572 kB
MemAvailable:    1520528 kB
Buffers:           48996 kB
Cached:           304940 kB
MemTotal:        1844596 kB
MemFree:         1292148 kB
MemAvailable:    1520104 kB
Buffers:           48996 kB
Cached:           304940 kB
MemTotal:        1844596 kB
MemFree:         1292404 kB
MemAvailable:    1520360 kB
Buffers:           48996 kB
Cached:           304940 kB
MemTotal:        1844596 kB
MemFree:         1292352 kB
MemAvailable:    1520308 kB
Buffers:           48996 kB
Cached:           304940 kB
MemTotal:        1844596 kB
MemFree:         1291172 kB
MemAvailable:    1519128 kB
Buffers:           48996 kB
Cached:           304940 kB
MemTotal:        1844596 kB
MemFree:         1290856 kB
MemAvailable:    1518812 kB
Buffers:           48996 kB
Cached:           304940 kB
MemTotal:        1844596 kB
MemFree:         1290592 kB
MemAvailable:    1518548 kB
Buffers:           48996 kB
Cached:           304940 kB
MemTotal:        1844596 kB
MemFree:         1290608 kB
MemAvailable:    1518564 kB
Buffers:           48996 kB
Cached:           304940 kB
MemTotal:        1844596 kB
MemFree:         1284284 kB
MemAvailable:    1512240 kB
Buffers:           48996 kB
Cached:           304940 kB
MemTotal:        1844596 kB
MemFree:         1282408 kB
MemAvailable:    1510364 kB
Buffers:           48996 kB
Cached:           305064 kB
MemTotal:        1844596 kB
MemFree:         1282660 kB
MemAvailable:    1510616 kB
Buffers:           48996 kB
Cached:           305064 kB
MemTotal:        1844596 kB
MemFree:         1281176 kB
MemAvailable:    1509300 kB
Buffers:           48996 kB
Cached:           305188 kB
MemTotal:        1844596 kB
MemFree:         1282236 kB
MemAvailable:    1510528 kB
Buffers:           48996 kB
Cached:           305312 kB
MemTotal:        1844596 kB
MemFree:         1282028 kB
MemAvailable:    1510488 kB
Buffers:           48996 kB
Cached:           305436 kB
MemTotal:        1844596 kB
MemFree:         1282028 kB
MemAvailable:    1510488 kB
Buffers:           48996 kB
Cached:           305436 kB
MemTotal:        1844596 kB
MemFree:         1281840 kB
MemAvailable:    1510384 kB
Buffers:           48996 kB
Cached:           305560 kB
MemTotal:        1844596 kB
MemFree:         1281792 kB
MemAvailable:    1510336 kB
Buffers:           48996 kB
Cached:           305560 kB
MemTotal:        1844596 kB
MemFree:         1280936 kB
MemAvailable:    1509480 kB
Buffers:           48996 kB
Cached:           305560 kB
MemTotal:        1844596 kB
MemFree:         1281728 kB
MemAvailable:    1510272 kB
Buffers:           48996 kB
Cached:           305684 kB
MemTotal:        1844596 kB
MemFree:         1281736 kB
MemAvailable:    1510280 kB
Buffers:           48996 kB
Cached:           305684 kB
MemTotal:        1844596 kB
MemFree:         1280372 kB
MemAvailable:    1508916 kB
Buffers:           48996 kB
Cached:           305684 kB
MemTotal:        1844596 kB
MemFree:         1281052 kB
MemAvailable:    1509596 kB
Buffers:           48996 kB
Cached:           305684 kB
MemTotal:        1844596 kB
MemFree:         1281720 kB
MemAvailable:    1510264 kB
Buffers:           48996 kB
Cached:           305684 kB
MemTotal:        1844596 kB
MemFree:         1282008 kB
MemAvailable:    1510552 kB
Buffers:           48996 kB
Cached:           305684 kB
MemTotal:        1844596 kB
MemFree:         1281568 kB
MemAvailable:    1510112 kB
Buffers:           48996 kB
Cached:           305684 kB
MemTotal:        1844596 kB
MemFree:         1282112 kB
MemAvailable:    1510068 kB
Buffers:           48996 kB
Cached:           305052 kB
MemTotal:        1844596 kB
MemFree:         1310780 kB
MemAvailable:    1538736 kB
Buffers:           48996 kB
Cached:           305052 kB
