MemTotal:        1844596 kB
MemFree:         1539132 kB
MemAvailable:    1573972 kB
Buffers:           24920 kB
Cached:           142116 kB
MemTotal:        1844596 kB
MemFree:         1537600 kB
MemAvailable:    1572440 kB
Buffers:           24920 kB
Cached:           142116 kB
MemTotal:        1844596 kB
MemFree:         1536732 kB
MemAvailable:    1571572 kB
Buffers:           24920 kB
Cached:           142116 kB
MemTotal:        1844596 kB
MemFree:         1536460 kB
MemAvailable:    1571300 kB
Buffers:           24920 kB
Cached:           142116 kB
MemTotal:        1844596 kB
MemFree:         1536608 kB
MemAvailable:    1571448 kB
Buffers:           24920 kB
Cached:           142116 kB
MemTotal:        1844596 kB
MemFree:         1535428 kB
MemAvailable:    1570268 kB
Buffers:           24920 kB
Cached:           142116 kB
MemTotal:        1844596 kB
MemFree:         1534684 kB
MemAvailable:    1569524 kB
Buffers:           24920 kB
Cached:           142116 kB
MemTotal:        1844596 kB
MemFree:         1531632 kB
MemAvailable:    1566472 kB
Buffers:           24920 kB
Cached:           142116 kB
MemTotal:        1844596 kB
MemFree:         1531632 kB
MemAvailable:    1566472 kB
Buffers:           24920 kB
Cached:           142116 kB
MemTotal:        1844596 kB
MemFree:         1528608 kB
MemAvailable:    1563448 kB
Buffers:           24920 kB
Cached:           142116 kB
MemTotal:        1844596 kB
MemFree:         1524764 kB
MemAvailable:    1559604 kB
Buffers:           24932 kB
Cached:           142104 kB
MemTotal:        1844596 kB
MemFree:         1523092 kB
MemAvailable:    1557932 kB
Buffers:           24932 kB
Cached:           142104 kB
MemTotal:        1844596 kB
MemFree:         1525500 kB
MemAvailable:    1560340 kB
Buffers:           24932 kB
Cached:           142104 kB
MemTotal:        1844596 kB
MemFree:         1524580 kB
MemAvailable:    1559420 kB
Buffers:           24932 kB
Cached:           142104 kB
MemTotal:        1844596 kB
MemFree:         1525864 kB
MemAvailable:    1560716 kB
Buffers:           24932 kB
Cached:           142116 kB
MemTotal:        1844596 kB
MemFree:         1524572 kB
MemAvailable:    1559424 kB
Buffers:           24932 kB
Cached:           142116 kB
MemTotal:        1844596 kB
MemFree:         1523888 kB
MemAvailable:    1558740 kB
Buffers:           24932 kB
Cached:           142116 kB
MemTotal:        1844596 kB
MemFree:         1524020 kB
MemAvailable:    1558872 kB
Buffers:           24932 kB
Cached:           142116 kB
MemTotal:        1844596 kB
MemFree:         1524184 kB
MemAvailable:    1559036 kB
Buffers:           24932 kB
Cached:           142116 kB
MemTotal:        1844596 kB
MemFree:         1524268 kB
MemAvailable:    1559120 kB
Buffers:           24932 kB
Cached:           142116 kB
MemTotal:        1844596 kB
MemFree:         1522952 kB
MemAvailable:    1557804 kB
Buffers:           24932 kB
Cached:           142116 kB
MemTotal:        1844596 kB
MemFree:         1522844 kB
MemAvailable:    1557696 kB
Buffers:           24932 kB
Cached:           142116 kB
MemTotal:        1844596 kB
MemFree:         1522816 kB
MemAvailable:    1557668 kB
Buffers:           24932 kB
Cached:           142116 kB
MemTotal:        1844596 kB
MemFree:         1523068 kB
MemAvailable:    1557920 kB
Buffers:           24932 kB
Cached:           142116 kB
MemTotal:        1844596 kB
MemFree:         1522816 kB
MemAvailable:    1557668 kB
Buffers:           24932 kB
Cached:           142116 kB
MemTotal:        1844596 kB
MemFree:         1522968 kB
MemAvailable:    1557820 kB
Buffers:           24932 kB
Cached:           142116 kB
MemTotal:        1844596 kB
MemFree:         1522816 kB
MemAvailable:    1557668 kB
Buffers:           24932 kB
Cached:           142116 kB
MemTotal:        1844596 kB
MemFree:         1523068 kB
MemAvailable:    1557920 kB
Buffers:           24932 kB
Cached:           142116 kB
MemTotal:        1844596 kB
MemFree:         1522648 kB
MemAvailable:    1557500 kB
Buffers:           24932 kB
Cached:           142116 kB
MemTotal:        1844596 kB
MemFree:         1522984 kB
MemAvailable:    1557836 kB
Buffers:           24932 kB
Cached:           142116 kB
MemTotal:        1844596 kB
MemFree:         1524292 kB
MemAvailable:    1559144 kB
Buffers:           24932 kB
Cached:           142116 kB
MemTotal:        1844596 kB
MemFree:         1524436 kB
MemAvailable:    1559288 kB
Buffers:           24932 kB
Cached:           142116 kB
MemTotal:        1844596 kB
MemFree:         1523456 kB
MemAvailable:    1558308 kB
Buffers:           24932 kB
Cached:           142116 kB
MemTotal:        1844596 kB
MemFree:         1523268 kB
MemAvailable:    1558128 kB
Buffers:           24932 kB
Cached:           142120 kB
MemTotal:        1844596 kB
MemFree:         1520984 kB
MemAvailable:    1555844 kB
Buffers:           24932 kB
Cached:           142120 kB
MemTotal:        1844596 kB
MemFree:         1521348 kB
MemAvailable:    1556208 kB
Buffers:           24932 kB
Cached:           142120 kB
MemTotal:        1844596 kB
MemFree:         1520216 kB
MemAvailable:    1555076 kB
Buffers:           24932 kB
Cached:           142120 kB
MemTotal:        1844596 kB
MemFree:         1520216 kB
MemAvailable:    1555076 kB
Buffers:           24932 kB
Cached:           142120 kB
MemTotal:        1844596 kB
MemFree:         1519596 kB
MemAvailable:    1554456 kB
Buffers:           24932 kB
Cached:           142120 kB
MemTotal:        1844596 kB
MemFree:         1519932 kB
MemAvailable:    1554792 kB
Buffers:           24932 kB
Cached:           142120 kB
MemTotal:        1844596 kB
MemFree:         1518876 kB
MemAvailable:    1553740 kB
Buffers:           24932 kB
Cached:           142124 kB
MemTotal:        1844596 kB
MemFree:         1517760 kB
MemAvailable:    1552624 kB
Buffers:           24932 kB
Cached:           142124 kB
MemTotal:        1844596 kB
MemFree:         1518560 kB
MemAvailable:    1553424 kB
Buffers:           24932 kB
Cached:           142124 kB
MemTotal:        1844596 kB
MemFree:         1518612 kB
MemAvailable:    1553476 kB
Buffers:           24932 kB
Cached:           142124 kB
MemTotal:        1844596 kB
MemFree:         1518632 kB
MemAvailable:    1553496 kB
Buffers:           24932 kB
Cached:           142124 kB
MemTotal:        1844596 kB
MemFree:         1518500 kB
MemAvailable:    1553364 kB
Buffers:           24932 kB
Cached:           142124 kB
MemTotal:        1844596 kB
MemFree:         1518300 kB
MemAvailable:    1553164 kB
Buffers:           24932 kB
Cached:           142124 kB
MemTotal:        1844596 kB
MemFree:         1518300 kB
MemAvailable:    1553164 kB
Buffers:           24932 kB
Cached:           142124 kB
MemTotal:        1844596 kB
MemFree:         1518200 kB
MemAvailable:    1553064 kB
Buffers:           24932 kB
Cached:           142124 kB
MemTotal:        1844596 kB
MemFree:         1517996 kB
MemAvailable:    1552860 kB
Buffers:           24932 kB
Cached:           142124 kB
MemTotal:        1844596 kB
MemFree:         1517872 kB
MemAvailable:    1552736 kB
Buffers:           24932 kB
Cached:           142124 kB
MemTotal:        1844596 kB
MemFree:         1517756 kB
MemAvailable:    1552620 kB
Buffers:           24932 kB
Cached:           142124 kB
MemTotal:        1844596 kB
MemFree:         1517732 kB
MemAvailable:    1552596 kB
Buffers:           24932 kB
Cached:           142124 kB
MemTotal:        1844596 kB
MemFree:         1516432 kB
MemAvailable:    1551296 kB
Buffers:           24932 kB
Cached:           142124 kB
MemTotal:        1844596 kB
MemFree:         1516432 kB
MemAvailable:    1551296 kB
Buffers:           24932 kB
Cached:           142124 kB
MemTotal:        1844596 kB
MemFree:         1516472 kB
MemAvailable:    1551336 kB
Buffers:           24932 kB
Cached:           142124 kB
MemTotal:        1844596 kB
MemFree:         1517720 kB
MemAvailable:    1552584 kB
Buffers:           24932 kB
Cached:           142124 kB
MemTotal:        1844596 kB
MemFree:         1516768 kB
MemAvailable:    1551632 kB
Buffers:           24932 kB
Cached:           142124 kB
MemTotal:        1844596 kB
MemFree:         1517496 kB
MemAvailable:    1552360 kB
Buffers:           24932 kB
Cached:           142124 kB
MemTotal:        1844596 kB
MemFree:         1517664 kB
MemAvailable:    1552528 kB
Buffers:           24932 kB
Cached:           142124 kB
MemTotal:        1844596 kB
MemFree:         1516376 kB
MemAvailable:    1551240 kB
Buffers:           24932 kB
Cached:           142124 kB
MemTotal:        1844596 kB
MemFree:         1517732 kB
MemAvailable:    1552596 kB
Buffers:           24932 kB
Cached:           142124 kB
MemTotal:        1844596 kB
MemFree:         1517448 kB
MemAvailable:    1552312 kB
Buffers:           24932 kB
Cached:           142124 kB
MemTotal:        1844596 kB
MemFree:         1516016 kB
MemAvailable:    1550880 kB
Buffers:           24932 kB
Cached:           142124 kB
MemTotal:        1844596 kB
MemFree:         1515892 kB
MemAvailable:    1550756 kB
Buffers:           24932 kB
Cached:           142124 kB
MemTotal:        1844596 kB
MemFree:         1517200 kB
MemAvailable:    1552064 kB
Buffers:           24932 kB
Cached:           142124 kB
MemTotal:        1844596 kB
MemFree:         1516876 kB
MemAvailable:    1551740 kB
Buffers:           24932 kB
Cached:           142124 kB
MemTotal:        1844596 kB
MemFree:         1516960 kB
MemAvailable:    1551824 kB
Buffers:           24932 kB
Cached:           142124 kB
MemTotal:        1844596 kB
MemFree:         1516772 kB
MemAvailable:    1551636 kB
Buffers:           24932 kB
Cached:           142124 kB
MemTotal:        1844596 kB
MemFree:         1515592 kB
MemAvailable:    1550456 kB
Buffers:           24932 kB
Cached:           142124 kB
MemTotal:        1844596 kB
MemFree:         1515460 kB
MemAvailable:    1550324 kB
Buffers:           24932 kB
Cached:           142124 kB
MemTotal:        1844596 kB
MemFree:         1516728 kB
MemAvailable:    1551592 kB
Buffers:           24932 kB
Cached:           142124 kB
MemTotal:        1844596 kB
MemFree:         1516980 kB
MemAvailable:    1551844 kB
Buffers:           24932 kB
Cached:           142124 kB
MemTotal:        1844596 kB
MemFree:         1516740 kB
MemAvailable:    1551604 kB
Buffers:           24932 kB
Cached:           142124 kB
MemTotal:        1844596 kB
MemFree:         1516520 kB
MemAvailable:    1551384 kB
Buffers:           24932 kB
Cached:           142124 kB
MemTotal:        1844596 kB
MemFree:         1516564 kB
MemAvailable:    1551428 kB
Buffers:           24932 kB
Cached:           142124 kB
MemTotal:        1844596 kB
MemFree:         1515380 kB
MemAvailable:    1550244 kB
Buffers:           24932 kB
Cached:           142124 kB
MemTotal:        1844596 kB
MemFree:         1514032 kB
MemAvailable:    1548896 kB
Buffers:           24932 kB
Cached:           142124 kB
MemTotal:        1844596 kB
MemFree:         1511684 kB
MemAvailable:    1546548 kB
Buffers:           24932 kB
Cached:           142124 kB
MemTotal:        1844596 kB
MemFree:         1511552 kB
MemAvailable:    1546416 kB
Buffers:           24932 kB
Cached:           142124 kB
MemTotal:        1844596 kB
MemFree:         1509188 kB
MemAvailable:    1544052 kB
Buffers:           24932 kB
Cached:           142124 kB
MemTotal:        1844596 kB
MemFree:         1509188 kB
MemAvailable:    1544052 kB
Buffers:           24932 kB
Cached:           142124 kB
MemTotal:        1844596 kB
MemFree:         1507700 kB
MemAvailable:    1542564 kB
Buffers:           24932 kB
Cached:           142124 kB
MemTotal:        1844596 kB
MemFree:         1508692 kB
MemAvailable:    1543556 kB
Buffers:           24932 kB
Cached:           142124 kB
MemTotal:        1844596 kB
MemFree:         1508944 kB
MemAvailable:    1543808 kB
Buffers:           24932 kB
Cached:           142124 kB
MemTotal:        1844596 kB
MemFree:         1507708 kB
MemAvailable:    1542572 kB
Buffers:           24932 kB
Cached:           142124 kB
MemTotal:        1844596 kB
MemFree:         1508760 kB
MemAvailable:    1543624 kB
Buffers:           24932 kB
Cached:           142124 kB
MemTotal:        1844596 kB
MemFree:         1507704 kB
MemAvailable:    1542568 kB
Buffers:           24932 kB
Cached:           142124 kB
MemTotal:        1844596 kB
MemFree:         1508700 kB
MemAvailable:    1543564 kB
Buffers:           24932 kB
Cached:           142124 kB
MemTotal:        1844596 kB
MemFree:         1507840 kB
MemAvailable:    1542704 kB
Buffers:           24932 kB
Cached:           142124 kB
MemTotal:        1844596 kB
MemFree:         1508568 kB
MemAvailable:    1543432 kB
Buffers:           24932 kB
Cached:           142124 kB
MemTotal:        1844596 kB
MemFree:         1508916 kB
MemAvailable:    1543780 kB
Buffers:           24932 kB
Cached:           142124 kB
MemTotal:        1844596 kB
MemFree:         1507460 kB
MemAvailable:    1542324 kB
Buffers:           24932 kB
Cached:           142124 kB
MemTotal:        1844596 kB
MemFree:         1508908 kB
MemAvailable:    1543772 kB
Buffers:           24932 kB
Cached:           142124 kB
MemTotal:        1844596 kB
MemFree:         1507468 kB
MemAvailable:    1542332 kB
Buffers:           24932 kB
Cached:           142124 kB
MemTotal:        1844596 kB
MemFree:         1508568 kB
MemAvailable:    1543432 kB
Buffers:           24932 kB
Cached:           142124 kB
MemTotal:        1844596 kB
MemFree:         1507948 kB
MemAvailable:    1542812 kB
Buffers:           24932 kB
Cached:           142124 kB
MemTotal:        1844596 kB
MemFree:         1507948 kB
MemAvailable:    1542812 kB
Buffers:           24932 kB
Cached:           142124 kB
MemTotal:        1844596 kB
MemFree:         1507328 kB
MemAvailable:    1542192 kB
Buffers:           24932 kB
Cached:           142124 kB
MemTotal:        1844596 kB
MemFree:         1507664 kB
MemAvailable:    1542528 kB
Buffers:           24932 kB
Cached:           142124 kB
MemTotal:        1844596 kB
MemFree:         1507080 kB
MemAvailable:    1541944 kB
Buffers:           24932 kB
Cached:           142124 kB
MemTotal:        1844596 kB
MemFree:         1507080 kB
MemAvailable:    1541944 kB
Buffers:           24932 kB
Cached:           142124 kB
MemTotal:        1844596 kB
MemFree:         1506104 kB
MemAvailable:    1540968 kB
Buffers:           24932 kB
Cached:           142124 kB
MemTotal:        1844596 kB
MemFree:         1504856 kB
MemAvailable:    1539720 kB
Buffers:           24932 kB
Cached:           142124 kB
MemTotal:        1844596 kB
MemFree:         1505484 kB
MemAvailable:    1540348 kB
Buffers:           24932 kB
Cached:           142124 kB
MemTotal:        1844596 kB
MemFree:         1505288 kB
MemAvailable:    1540152 kB
Buffers:           24932 kB
Cached:           142124 kB
MemTotal:        1844596 kB
MemFree:         1504244 kB
MemAvailable:    1539108 kB
Buffers:           24932 kB
Cached:           142124 kB
MemTotal:        1844596 kB
MemFree:         1505084 kB
MemAvailable:    1539948 kB
Buffers:           24932 kB
Cached:           142124 kB
MemTotal:        1844596 kB
MemFree:         1505336 kB
MemAvailable:    1540200 kB
Buffers:           24932 kB
Cached:           142124 kB
MemTotal:        1844596 kB
MemFree:         1504968 kB
MemAvailable:    1539832 kB
Buffers:           24932 kB
Cached:           142124 kB
MemTotal:        1844596 kB
MemFree:         1503720 kB
MemAvailable:    1538584 kB
Buffers:           24932 kB
Cached:           142124 kB
MemTotal:        1844596 kB
MemFree:         1504896 kB
MemAvailable:    1539760 kB
Buffers:           24932 kB
Cached:           142124 kB
MemTotal:        1844596 kB
MemFree:         1504848 kB
MemAvailable:    1539712 kB
Buffers:           24932 kB
Cached:           142124 kB
MemTotal:        1844596 kB
MemFree:         1504816 kB
MemAvailable:    1539680 kB
Buffers:           24932 kB
Cached:           142124 kB
MemTotal:        1844596 kB
MemFree:         1503584 kB
MemAvailable:    1538448 kB
Buffers:           24932 kB
Cached:           142124 kB
MemTotal:        1844596 kB
MemFree:         1503740 kB
MemAvailable:    1538604 kB
Buffers:           24932 kB
Cached:           142124 kB
MemTotal:        1844596 kB
MemFree:         1504616 kB
MemAvailable:    1539488 kB
Buffers:           24932 kB
Cached:           142132 kB
MemTotal:        1844596 kB
MemFree:         1503244 kB
MemAvailable:    1538116 kB
Buffers:           24932 kB
Cached:           142132 kB
MemTotal:        1844596 kB
MemFree:         1503996 kB
MemAvailable:    1538868 kB
Buffers:           24932 kB
Cached:           142132 kB
MemTotal:        1844596 kB
MemFree:         1498416 kB
MemAvailable:    1533288 kB
Buffers:           24932 kB
Cached:           142132 kB
MemTotal:        1844596 kB
MemFree:         1498044 kB
MemAvailable:    1532916 kB
Buffers:           24932 kB
Cached:           142256 kB
MemTotal:        1844596 kB
MemFree:         1496556 kB
MemAvailable:    1531596 kB
Buffers:           24932 kB
Cached:           142256 kB
MemTotal:        1844596 kB
MemFree:         1497656 kB
MemAvailable:    1532864 kB
Buffers:           24932 kB
Cached:           142504 kB
MemTotal:        1844596 kB
MemFree:         1496504 kB
MemAvailable:    1531712 kB
Buffers:           24932 kB
Cached:           142504 kB
MemTotal:        1844596 kB
MemFree:         1497532 kB
MemAvailable:    1532824 kB
Buffers:           24932 kB
Cached:           142628 kB
MemTotal:        1844596 kB
MemFree:         1496408 kB
MemAvailable:    1531784 kB
Buffers:           24932 kB
Cached:           142752 kB
MemTotal:        1844596 kB
MemFree:         1497260 kB
MemAvailable:    1532720 kB
Buffers:           24932 kB
Cached:           142752 kB
MemTotal:        1844596 kB
MemFree:         1497424 kB
MemAvailable:    1532884 kB
Buffers:           24932 kB
Cached:           142752 kB
MemTotal:        1844596 kB
MemFree:         1497272 kB
MemAvailable:    1532732 kB
Buffers:           24932 kB
Cached:           142752 kB
MemTotal:        1844596 kB
MemFree:         1497524 kB
MemAvailable:    1532984 kB
Buffers:           24932 kB
Cached:           142752 kB
MemTotal:        1844596 kB
MemFree:         1495996 kB
MemAvailable:    1531456 kB
Buffers:           24932 kB
Cached:           142752 kB
MemTotal:        1844596 kB
MemFree:         1497292 kB
MemAvailable:    1532752 kB
Buffers:           24932 kB
Cached:           142752 kB
MemTotal:        1844596 kB
MemFree:         1497336 kB
MemAvailable:    1532796 kB
Buffers:           24932 kB
Cached:           142752 kB
MemTotal:        1844596 kB
MemFree:         1497300 kB
MemAvailable:    1532760 kB
Buffers:           24932 kB
Cached:           142752 kB
MemTotal:        1844596 kB
MemFree:         1496556 kB
MemAvailable:    1532016 kB
Buffers:           24932 kB
Cached:           142752 kB
MemTotal:        1844596 kB
MemFree:         1536156 kB
MemAvailable:    1571076 kB
Buffers:           24932 kB
Cached:           142168 kB
MemTotal:        1844596 kB
MemFree:         1565892 kB
MemAvailable:    1600812 kB
Buffers:           24932 kB
Cached:           142168 kB
