MemTotal:        1844596 kB
MemFree:         1599888 kB
MemAvailable:    1588752 kB
Buffers:           19168 kB
Cached:            97836 kB
MemTotal:        1844596 kB
MemFree:         1597728 kB
MemAvailable:    1586592 kB
Buffers:           19168 kB
Cached:            97836 kB
MemTotal:        1844596 kB
MemFree:         1596976 kB
MemAvailable:    1585840 kB
Buffers:           19168 kB
Cached:            97836 kB
MemTotal:        1844596 kB
MemFree:         1598284 kB
MemAvailable:    1587148 kB
Buffers:           19168 kB
Cached:            97836 kB
MemTotal:        1844596 kB
MemFree:         1595860 kB
MemAvailable:    1584728 kB
Buffers:           19168 kB
Cached:            97840 kB
MemTotal:        1844596 kB
MemFree:         1595704 kB
MemAvailable:    1584572 kB
Buffers:           19168 kB
Cached:            97840 kB
MemTotal:        1844596 kB
MemFree:         1594380 kB
MemAvailable:    1583248 kB
Buffers:           19168 kB
Cached:            97840 kB
MemTotal:        1844596 kB
MemFree:         1593752 kB
MemAvailable:    1582620 kB
Buffers:           19168 kB
Cached:            97840 kB
MemTotal:        1844596 kB
MemFree:         1591140 kB
MemAvailable:    1580008 kB
Buffers:           19168 kB
Cached:            97840 kB
MemTotal:        1844596 kB
MemFree:         1590768 kB
MemAvailable:    1579636 kB
Buffers:           19168 kB
Cached:            97840 kB
MemTotal:        1844596 kB
MemFree:         1585808 kB
MemAvailable:    1574676 kB
Buffers:           19168 kB
Cached:            97840 kB
MemTotal:        1844596 kB
MemFree:         1585892 kB
MemAvailable:    1574760 kB
Buffers:           19168 kB
Cached:            97840 kB
MemTotal:        1844596 kB
MemFree:         1585372 kB
MemAvailable:    1574240 kB
Buffers:           19168 kB
Cached:            97840 kB
MemTotal:        1844596 kB
MemFree:         1585472 kB
MemAvailable:    1574340 kB
Buffers:           19168 kB
Cached:            97840 kB
MemTotal:        1844596 kB
MemFree:         1584584 kB
MemAvailable:    1573452 kB
Buffers:           19168 kB
Cached:            97840 kB
MemTotal:        1844596 kB
MemFree:         1585452 kB
MemAvailable:    1574320 kB
Buffers:           19168 kB
Cached:            97840 kB
MemTotal:        1844596 kB
MemFree:         1585296 kB
MemAvailable:    1574164 kB
Buffers:           19168 kB
Cached:            97840 kB
MemTotal:        1844596 kB
MemFree:         1585296 kB
MemAvailable:    1574164 kB
Buffers:           19168 kB
Cached:            97840 kB
MemTotal:        1844596 kB
MemFree:         1584940 kB
MemAvailable:    1573808 kB
Buffers:           19168 kB
Cached:            97840 kB
MemTotal:        1844596 kB
MemFree:         1584940 kB
MemAvailable:    1573808 kB
Buffers:           19168 kB
Cached:            97840 kB
MemTotal:        1844596 kB
MemFree:         1583644 kB
MemAvailable:    1572512 kB
Buffers:           19168 kB
Cached:            97840 kB
MemTotal:        1844596 kB
MemFree:         1583404 kB
MemAvailable:    1572272 kB
Buffers:           19168 kB
Cached:            97840 kB
MemTotal:        1844596 kB
MemFree:         1582220 kB
MemAvailable:    1571088 kB
Buffers:           19168 kB
Cached:            97840 kB
MemTotal:        1844596 kB
MemFree:         1582688 kB
MemAvailable:    1571556 kB
Buffers:           19168 kB
Cached:            97840 kB
MemTotal:        1844596 kB
MemFree:         1582856 kB
MemAvailable:    1571724 kB
Buffers:           19168 kB
Cached:            97840 kB
MemTotal:        1844596 kB
MemFree:         1582908 kB
MemAvailable:    1571776 kB
Buffers:           19168 kB
Cached:            97840 kB
MemTotal:        1844596 kB
MemFree:         1582884 kB
MemAvailable:    1571752 kB
Buffers:           19168 kB
Cached:            97840 kB
MemTotal:        1844596 kB
MemFree:         1583152 kB
MemAvailable:    1572020 kB
Buffers:           19168 kB
Cached:            97840 kB
MemTotal:        1844596 kB
MemFree:         1581544 kB
MemAvailable:    1570412 kB
Buffers:           19168 kB
Cached:            97840 kB
MemTotal:        1844596 kB
MemFree:         1583076 kB
MemAvailable:    1571944 kB
Buffers:           19168 kB
Cached:            97840 kB
MemTotal:        1844596 kB
MemFree:         1582908 kB
MemAvailable:    1571776 kB
Buffers:           19168 kB
Cached:            97840 kB
MemTotal:        1844596 kB
MemFree:         1583468 kB
MemAvailable:    1572336 kB
Buffers:           19168 kB
Cached:            97840 kB
MemTotal:        1844596 kB
MemFree:         1584344 kB
MemAvailable:    1573212 kB
Buffers:           19168 kB
Cached:            97840 kB
MemTotal:        1844596 kB
MemFree:         1584276 kB
MemAvailable:    1573144 kB
Buffers:           19168 kB
Cached:            97840 kB
MemTotal:        1844596 kB
MemFree:         1582344 kB
MemAvailable:    1571212 kB
Buffers:           19168 kB
Cached:            97840 kB
MemTotal:        1844596 kB
MemFree:         1581444 kB
MemAvailable:    1570312 kB
Buffers:           19168 kB
Cached:            97840 kB
MemTotal:        1844596 kB
MemFree:         1579748 kB
MemAvailable:    1568616 kB
Buffers:           19168 kB
Cached:            97840 kB
MemTotal:        1844596 kB
MemFree:         1580676 kB
MemAvailable:    1569544 kB
Buffers:           19168 kB
Cached:            97840 kB
MemTotal:        1844596 kB
MemFree:         1579624 kB
MemAvailable:    1568492 kB
Buffers:           19168 kB
Cached:            97840 kB
MemTotal:        1844596 kB
MemFree:         1580000 kB
MemAvailable:    1568868 kB
Buffers:           19168 kB
Cached:            97840 kB
MemTotal:        1844596 kB
MemFree:         1578632 kB
MemAvailable:    1567500 kB
Buffers:           19168 kB
Cached:            97840 kB
MemTotal:        1844596 kB
MemFree:         1578136 kB
MemAvailable:    1567004 kB
Buffers:           19168 kB
Cached:            97840 kB
MemTotal:        1844596 kB
MemFree:         1578996 kB
MemAvailable:    1567868 kB
Buffers:           19168 kB
Cached:            97844 kB
MemTotal:        1844596 kB
MemFree:         1577764 kB
MemAvailable:    1566636 kB
Buffers:           19168 kB
Cached:            97844 kB
MemTotal:        1844596 kB
MemFree:         1578804 kB
MemAvailable:    1567676 kB
Buffers:           19168 kB
Cached:            97844 kB
MemTotal:        1844596 kB
MemFree:         1578688 kB
MemAvailable:    1567560 kB
Buffers:           19168 kB
Cached:            97844 kB
MemTotal:        1844596 kB
MemFree:         1578696 kB
MemAvailable:    1567568 kB
Buffers:           19168 kB
Cached:            97844 kB
MemTotal:        1844596 kB
MemFree:         1578004 kB
MemAvailable:    1566876 kB
Buffers:           19168 kB
Cached:            97844 kB
MemTotal:        1844596 kB
MemFree:         1578756 kB
MemAvailable:    1567628 kB
Buffers:           19168 kB
Cached:            97844 kB
MemTotal:        1844596 kB
MemFree:         1578748 kB
MemAvailable:    1567620 kB
Buffers:           19168 kB
Cached:            97844 kB
MemTotal:        1844596 kB
MemFree:         1577384 kB
MemAvailable:    1566256 kB
Buffers:           19168 kB
Cached:            97844 kB
MemTotal:        1844596 kB
MemFree:         1578136 kB
MemAvailable:    1567008 kB
Buffers:           19168 kB
Cached:            97844 kB
MemTotal:        1844596 kB
MemFree:         1578136 kB
MemAvailable:    1567008 kB
Buffers:           19180 kB
Cached:            97832 kB
MemTotal:        1844596 kB
MemFree:         1577624 kB
MemAvailable:    1566496 kB
Buffers:           19180 kB
Cached:            97832 kB
MemTotal:        1844596 kB
MemFree:         1576500 kB
MemAvailable:    1565372 kB
Buffers:           19180 kB
Cached:            97832 kB
MemTotal:        1844596 kB
MemFree:         1577800 kB
MemAvailable:    1566672 kB
Buffers:           19180 kB
Cached:            97832 kB
MemTotal:        1844596 kB
MemFree:         1577800 kB
MemAvailable:    1566672 kB
Buffers:           19180 kB
Cached:            97832 kB
MemTotal:        1844596 kB
MemFree:         1576748 kB
MemAvailable:    1565620 kB
Buffers:           19180 kB
Cached:            97832 kB
MemTotal:        1844596 kB
MemFree:         1576748 kB
MemAvailable:    1565620 kB
Buffers:           19180 kB
Cached:            97832 kB
MemTotal:        1844596 kB
MemFree:         1576872 kB
MemAvailable:    1565744 kB
Buffers:           19180 kB
Cached:            97832 kB
MemTotal:        1844596 kB
MemFree:         1578048 kB
MemAvailable:    1566920 kB
Buffers:           19180 kB
Cached:            97832 kB
MemTotal:        1844596 kB
MemFree:         1576772 kB
MemAvailable:    1565644 kB
Buffers:           19180 kB
Cached:            97832 kB
MemTotal:        1844596 kB
MemFree:         1577744 kB
MemAvailable:    1566616 kB
Buffers:           19180 kB
Cached:            97832 kB
MemTotal:        1844596 kB
MemFree:         1577812 kB
MemAvailable:    1566684 kB
Buffers:           19180 kB
Cached:            97832 kB
MemTotal:        1844596 kB
MemFree:         1577680 kB
MemAvailable:    1566552 kB
Buffers:           19180 kB
Cached:            97832 kB
MemTotal:        1844596 kB
MemFree:         1577424 kB
MemAvailable:    1566296 kB
Buffers:           19180 kB
Cached:            97832 kB
MemTotal:        1844596 kB
MemFree:         1577292 kB
MemAvailable:    1566164 kB
Buffers:           19180 kB
Cached:            97832 kB
MemTotal:        1844596 kB
MemFree:         1576524 kB
MemAvailable:    1565396 kB
Buffers:           19180 kB
Cached:            97832 kB
MemTotal:        1844596 kB
MemFree:         1576992 kB
MemAvailable:    1565864 kB
Buffers:           19180 kB
Cached:            97832 kB
MemTotal:        1844596 kB
MemFree:         1577192 kB
MemAvailable:    1566064 kB
Buffers:           19180 kB
Cached:            97832 kB
MemTotal:        1844596 kB
MemFree:         1576888 kB
MemAvailable:    1565760 kB
Buffers:           19180 kB
Cached:            97832 kB
MemTotal:        1844596 kB
MemFree:         1576268 kB
MemAvailable:    1565140 kB
Buffers:           19180 kB
Cached:            97832 kB
MemTotal:        1844596 kB
MemFree:         1576612 kB
MemAvailable:    1565484 kB
Buffers:           19180 kB
Cached:            97832 kB
MemTotal:        1844596 kB
MemFree:         1576780 kB
MemAvailable:    1565652 kB
Buffers:           19180 kB
Cached:            97832 kB
MemTotal:        1844596 kB
MemFree:         1576944 kB
MemAvailable:    1565816 kB
Buffers:           19180 kB
Cached:            97832 kB
MemTotal:        1844596 kB
MemFree:         1575596 kB
MemAvailable:    1564468 kB
Buffers:           19180 kB
Cached:            97832 kB
MemTotal:        1844596 kB
MemFree:         1576832 kB
MemAvailable:    1565704 kB
Buffers:           19180 kB
Cached:            97832 kB
MemTotal:        1844596 kB
MemFree:         1576868 kB
MemAvailable:    1565740 kB
Buffers:           19180 kB
Cached:            97832 kB
MemTotal:        1844596 kB
MemFree:         1576400 kB
MemAvailable:    1565272 kB
Buffers:           19180 kB
Cached:            97832 kB
MemTotal:        1844596 kB
MemFree:         1576820 kB
MemAvailable:    1565692 kB
Buffers:           19180 kB
Cached:            97832 kB
MemTotal:        1844596 kB
MemFree:         1575408 kB
MemAvailable:    1564280 kB
Buffers:           19180 kB
Cached:            97832 kB
MemTotal:        1844596 kB
MemFree:         1572540 kB
MemAvailable:    1561412 kB
Buffers:           19180 kB
Cached:            97832 kB
MemTotal:        1844596 kB
MemFree:         1572628 kB
MemAvailable:    1561500 kB
Buffers:           19180 kB
Cached:            97832 kB
MemTotal:        1844596 kB
MemFree:         1569084 kB
MemAvailable:    1557956 kB
Buffers:           19180 kB
Cached:            97832 kB
MemTotal:        1844596 kB
MemFree:         1569392 kB
MemAvailable:    1558264 kB
Buffers:           19180 kB
Cached:            97832 kB
MemTotal:        1844596 kB
MemFree:         1568216 kB
MemAvailable:    1557088 kB
Buffers:           19180 kB
Cached:            97832 kB
MemTotal:        1844596 kB
MemFree:         1568764 kB
MemAvailable:    1557636 kB
Buffers:           19180 kB
Cached:            97832 kB
MemTotal:        1844596 kB
MemFree:         1568988 kB
MemAvailable:    1557860 kB
Buffers:           19180 kB
Cached:            97832 kB
MemTotal:        1844596 kB
MemFree:         1568984 kB
MemAvailable:    1557856 kB
Buffers:           19180 kB
Cached:            97832 kB
MemTotal:        1844596 kB
MemFree:         1568796 kB
MemAvailable:    1557668 kB
Buffers:           19180 kB
Cached:            97832 kB
MemTotal:        1844596 kB
MemFree:         1568880 kB
MemAvailable:    1557752 kB
Buffers:           19180 kB
Cached:            97832 kB
MemTotal:        1844596 kB
MemFree:         1568840 kB
MemAvailable:    1557712 kB
Buffers:           19180 kB
Cached:            97832 kB
MemTotal:        1844596 kB
MemFree:         1568836 kB
MemAvailable:    1557708 kB
Buffers:           19180 kB
Cached:            97832 kB
MemTotal:        1844596 kB
MemFree:         1568464 kB
MemAvailable:    1557336 kB
Buffers:           19180 kB
Cached:            97832 kB
MemTotal:        1844596 kB
MemFree:         1568816 kB
MemAvailable:    1557688 kB
Buffers:           19180 kB
Cached:            97832 kB
MemTotal:        1844596 kB
MemFree:         1568884 kB
MemAvailable:    1557756 kB
Buffers:           19180 kB
Cached:            97832 kB
MemTotal:        1844596 kB
MemFree:         1568848 kB
MemAvailable:    1557720 kB
Buffers:           19180 kB
Cached:            97832 kB
MemTotal:        1844596 kB
MemFree:         1568340 kB
MemAvailable:    1557212 kB
Buffers:           19180 kB
Cached:            97832 kB
MemTotal:        1844596 kB
MemFree:         1568644 kB
MemAvailable:    1557516 kB
Buffers:           19180 kB
Cached:            97832 kB
MemTotal:        1844596 kB
MemFree:         1568868 kB
MemAvailable:    1557740 kB
Buffers:           19180 kB
Cached:            97832 kB
MemTotal:        1844596 kB
MemFree:         1568772 kB
MemAvailable:    1557644 kB
Buffers:           19180 kB
Cached:            97832 kB
MemTotal:        1844596 kB
MemFree:         1567596 kB
MemAvailable:    1556468 kB
Buffers:           19180 kB
Cached:            97832 kB
MemTotal:        1844596 kB
MemFree:         1568144 kB
MemAvailable:    1557016 kB
Buffers:           19180 kB
Cached:            97832 kB
MemTotal:        1844596 kB
MemFree:         1568144 kB
MemAvailable:    1557016 kB
Buffers:           19180 kB
Cached:            97832 kB
MemTotal:        1844596 kB
MemFree:         1567624 kB
MemAvailable:    1556496 kB
Buffers:           19180 kB
Cached:            97832 kB
MemTotal:        1844596 kB
MemFree:         1567784 kB
MemAvailable:    1556656 kB
Buffers:           19180 kB
Cached:            97832 kB
MemTotal:        1844596 kB
MemFree:         1567084 kB
MemAvailable:    1555956 kB
Buffers:           19180 kB
Cached:            97832 kB
MemTotal:        1844596 kB
MemFree:         1567168 kB
MemAvailable:    1556040 kB
Buffers:           19180 kB
Cached:            97832 kB
MemTotal:        1844596 kB
MemFree:         1566464 kB
MemAvailable:    1555336 kB
Buffers:           19180 kB
Cached:            97832 kB
MemTotal:        1844596 kB
MemFree:         1566464 kB
MemAvailable:    1555336 kB
Buffers:           19180 kB
Cached:            97832 kB
MemTotal:        1844596 kB
MemFree:         1566236 kB
MemAvailable:    1555108 kB
Buffers:           19180 kB
Cached:            97832 kB
MemTotal:        1844596 kB
MemFree:         1565364 kB
MemAvailable:    1554236 kB
Buffers:           19180 kB
Cached:            97832 kB
MemTotal:        1844596 kB
MemFree:         1565348 kB
MemAvailable:    1554220 kB
Buffers:           19180 kB
Cached:            97832 kB
MemTotal:        1844596 kB
MemFree:         1565548 kB
MemAvailable:    1554420 kB
Buffers:           19180 kB
Cached:            97832 kB
MemTotal:        1844596 kB
MemFree:         1565292 kB
MemAvailable:    1554164 kB
Buffers:           19180 kB
Cached:            97832 kB
MemTotal:        1844596 kB
MemFree:         1564000 kB
MemAvailable:    1552872 kB
Buffers:           19180 kB
Cached:            97832 kB
MemTotal:        1844596 kB
MemFree:         1565100 kB
MemAvailable:    1553972 kB
Buffers:           19180 kB
Cached:            97832 kB
MemTotal:        1844596 kB
MemFree:         1565100 kB
MemAvailable:    1553972 kB
Buffers:           19180 kB
Cached:            97832 kB
MemTotal:        1844596 kB
MemFree:         1564872 kB
MemAvailable:    1553744 kB
Buffers:           19180 kB
Cached:            97832 kB
MemTotal:        1844596 kB
MemFree:         1564672 kB
MemAvailable:    1553544 kB
Buffers:           19180 kB
Cached:            97832 kB
MemTotal:        1844596 kB
MemFree:         1565008 kB
MemAvailable:    1553880 kB
Buffers:           19180 kB
Cached:            97832 kB
MemTotal:        1844596 kB
MemFree:         1563504 kB
MemAvailable:    1552380 kB
Buffers:           19180 kB
Cached:            97840 kB
MemTotal:        1844596 kB
MemFree:         1563628 kB
MemAvailable:    1552504 kB
Buffers:           19180 kB
Cached:            97840 kB
MemTotal:        1844596 kB
MemFree:         1565056 kB
MemAvailable:    1553940 kB
Buffers:           19180 kB
Cached:            97856 kB
MemTotal:        1844596 kB
MemFree:         1564496 kB
MemAvailable:    1553380 kB
Buffers:           19180 kB
Cached:            97856 kB
MemTotal:        1844596 kB
MemFree:         1564556 kB
MemAvailable:    1553440 kB
Buffers:           19180 kB
Cached:            97856 kB
MemTotal:        1844596 kB
MemFree:         1562124 kB
MemAvailable:    1551008 kB
Buffers:           19180 kB
Cached:            97856 kB
MemTotal:        1844596 kB
MemFree:         1561384 kB
MemAvailable:    1550268 kB
Buffers:           19180 kB
Cached:            97856 kB
MemTotal:        1844596 kB
MemFree:         1557984 kB
MemAvailable:    1546868 kB
Buffers:           19180 kB
Cached:            97856 kB
MemTotal:        1844596 kB
MemFree:         1557668 kB
MemAvailable:    1546592 kB
Buffers:           19180 kB
Cached:            97980 kB
MemTotal:        1844596 kB
MemFree:         1557536 kB
MemAvailable:    1546504 kB
Buffers:           19180 kB
Cached:            98104 kB
MemTotal:        1844596 kB
MemFree:         1556560 kB
MemAvailable:    1545568 kB
Buffers:           19180 kB
Cached:            98104 kB
MemTotal:        1844596 kB
MemFree:         1557408 kB
MemAvailable:    1546460 kB
Buffers:           19180 kB
Cached:            98228 kB
MemTotal:        1844596 kB
MemFree:         1557476 kB
MemAvailable:    1546528 kB
Buffers:           19180 kB
Cached:            98228 kB
MemTotal:        1844596 kB
MemFree:         1557276 kB
MemAvailable:    1546452 kB
Buffers:           19180 kB
Cached:            98476 kB
MemTotal:        1844596 kB
MemFree:         1556796 kB
MemAvailable:    1545972 kB
Buffers:           19180 kB
Cached:            98476 kB
MemTotal:        1844596 kB
MemFree:         1557088 kB
MemAvailable:    1546264 kB
Buffers:           19180 kB
Cached:            98476 kB
MemTotal:        1844596 kB
MemFree:         1556964 kB
MemAvailable:    1546140 kB
Buffers:           19180 kB
Cached:            98476 kB
MemTotal:        1844596 kB
MemFree:         1557088 kB
MemAvailable:    1546264 kB
Buffers:           19180 kB
Cached:            98476 kB
MemTotal:        1844596 kB
MemFree:         1556964 kB
MemAvailable:    1546140 kB
Buffers:           19180 kB
Cached:            98476 kB
MemTotal:        1844596 kB
MemFree:         1557088 kB
MemAvailable:    1546264 kB
Buffers:           19180 kB
Cached:            98476 kB
MemTotal:        1844596 kB
MemFree:         1557088 kB
MemAvailable:    1546264 kB
Buffers:           19180 kB
Cached:            98476 kB
MemTotal:        1844596 kB
MemFree:         1556064 kB
MemAvailable:    1545240 kB
Buffers:           19180 kB
Cached:            98476 kB
MemTotal:        1844596 kB
MemFree:         1555760 kB
MemAvailable:    1544936 kB
Buffers:           19180 kB
Cached:            98476 kB
MemTotal:        1844596 kB
MemFree:         1556396 kB
MemAvailable:    1545280 kB
Buffers:           19180 kB
Cached:            97844 kB
MemTotal:        1844596 kB
MemFree:         1624744 kB
MemAvailable:    1613628 kB
Buffers:           19180 kB
Cached:            97844 kB
