MemTotal:        1844596 kB
MemFree:         1293608 kB
MemAvailable:    1553268 kB
Buffers:           52436 kB
Cached:           330412 kB
MemTotal:        1844596 kB
MemFree:         1291816 kB
MemAvailable:    1551476 kB
Buffers:           52436 kB
Cached:           330412 kB
MemTotal:        1844596 kB
MemFree:         1290452 kB
MemAvailable:    1550112 kB
Buffers:           52436 kB
Cached:           330412 kB
MemTotal:        1844596 kB
MemFree:         1288532 kB
MemAvailable:    1548192 kB
Buffers:           52436 kB
Cached:           330412 kB
MemTotal:        1844596 kB
MemFree:         1288904 kB
MemAvailable:    1548568 kB
Buffers:           52436 kB
Cached:           330416 kB
MemTotal:        1844596 kB
MemFree:         1287236 kB
MemAvailable:    1546900 kB
Buffers:           52436 kB
Cached:           330416 kB
MemTotal:        1844596 kB
MemFree:         1286532 kB
MemAvailable:    1546196 kB
Buffers:           52436 kB
Cached:           330416 kB
MemTotal:        1844596 kB
MemFree:         1285492 kB
MemAvailable:    1545156 kB
Buffers:           52436 kB
Cached:           330416 kB
MemTotal:        1844596 kB
MemFree:         1281696 kB
MemAvailable:    1541360 kB
Buffers:           52436 kB
Cached:           330416 kB
MemTotal:        1844596 kB
MemFree:         1281084 kB
MemAvailable:    1540748 kB
Buffers:           52436 kB
Cached:           330416 kB
MemTotal:        1844596 kB
MemFree:         1277928 kB
MemAvailable:    1537592 kB
Buffers:           52436 kB
Cached:           330416 kB
MemTotal:        1844596 kB
MemFree:         1278488 kB
MemAvailable:    1538152 kB
Buffers:           52436 kB
Cached:           330416 kB
MemTotal:        1844596 kB
MemFree:         1278928 kB
MemAvailable:    1538592 kB
Buffers:           52436 kB
Cached:           330416 kB
MemTotal:        1844596 kB
MemFree:         1277688 kB
MemAvailable:    1537352 kB
Buffers:           52436 kB
Cached:           330416 kB
MemTotal:        1844596 kB
MemFree:         1278232 kB
MemAvailable:    1537896 kB
Buffers:           52436 kB
Cached:           330416 kB
MemTotal:        1844596 kB
MemFree:         1278816 kB
MemAvailable:    1538480 kB
Buffers:           52436 kB
Cached:           330416 kB
MemTotal:        1844596 kB
MemFree:         1279152 kB
MemAvailable:    1538816 kB
Buffers:           52436 kB
Cached:           330416 kB
MemTotal:        1844596 kB
MemFree:         1277488 kB
MemAvailable:    1537152 kB
Buffers:           52436 kB
Cached:           330416 kB
MemTotal:        1844596 kB
MemFree:         1277556 kB
MemAvailable:    1537220 kB
Buffers:           52436 kB
Cached:           330416 kB
MemTotal:        1844596 kB
MemFree:         1275760 kB
MemAvailable:    1535424 kB
Buffers:           52436 kB
Cached:           330416 kB
MemTotal:        1844596 kB
MemFree:         1276480 kB
MemAvailable:    1536144 kB
Buffers:           52436 kB
Cached:           330416 kB
MemTotal:        1844596 kB
MemFree:         1276732 kB
MemAvailable:    1536396 kB
Buffers:           52436 kB
Cached:           330416 kB
MemTotal:        1844596 kB
MemFree:         1276768 kB
MemAvailable:    1536432 kB
Buffers:           52436 kB
Cached:           330416 kB
MemTotal:        1844596 kB
MemFree:         1276492 kB
MemAvailable:    1536156 kB
Buffers:           52436 kB
Cached:           330416 kB
MemTotal:        1844596 kB
MemFree:         1276008 kB
MemAvailable:    1535672 kB
Buffers:           52436 kB
Cached:           330416 kB
MemTotal:        1844596 kB
MemFree:         1276428 kB
MemAvailable:    1536092 kB
Buffers:           52436 kB
Cached:           330416 kB
MemTotal:        1844596 kB
MemFree:         1276680 kB
MemAvailable:    1536344 kB
Buffers:           52436 kB
Cached:           330416 kB
MemTotal:        1844596 kB
MemFree:         1276368 kB
MemAvailable:    1536032 kB
Buffers:           52436 kB
Cached:           330416 kB
MemTotal:        1844596 kB
MemFree:         1276536 kB
MemAvailable:    1536200 kB
Buffers:           52436 kB
Cached:           330416 kB
MemTotal:        1844596 kB
MemFree:         1276952 kB
MemAvailable:    1536616 kB
Buffers:           52436 kB
Cached:           330416 kB
MemTotal:        1844596 kB
MemFree:         1276580 kB
MemAvailable:    1536244 kB
Buffers:           52436 kB
Cached:           330416 kB
MemTotal:        1844596 kB
MemFree:         1276452 kB
MemAvailable:    1536116 kB
Buffers:           52436 kB
Cached:           330416 kB
MemTotal:        1844596 kB
MemFree:         1275016 kB
MemAvailable:    1534684 kB
Buffers:           52436 kB
Cached:           330420 kB
MemTotal:        1844596 kB
MemFree:         1273528 kB
MemAvailable:    1533196 kB
Buffers:           52436 kB
Cached:           330420 kB
MemTotal:        1844596 kB
MemFree:         1273024 kB
MemAvailable:    1532692 kB
Buffers:           52436 kB
Cached:           330420 kB
MemTotal:        1844596 kB
MemFree:         1273588 kB
MemAvailable:    1533256 kB
Buffers:           52436 kB
Cached:           330420 kB
MemTotal:        1844596 kB
MemFree:         1273208 kB
MemAvailable:    1532876 kB
Buffers:           52436 kB
Cached:           330420 kB
MemTotal:        1844596 kB
MemFree:         1271916 kB
MemAvailable:    1531584 kB
Buffers:           52436 kB
Cached:           330420 kB
MemTotal:        1844596 kB
MemFree:         1271156 kB
MemAvailable:    1530824 kB
Buffers:           52436 kB
Cached:           330420 kB
MemTotal:        1844596 kB
MemFree:         1272688 kB
MemAvailable:    1532356 kB
Buffers:           52436 kB
Cached:           330420 kB
MemTotal:        1844596 kB
MemFree:         1271172 kB
MemAvailable:    1530840 kB
Buffers:           52436 kB
Cached:           330420 kB
MemTotal:        1844596 kB
MemFree:         1272348 kB
MemAvailable:    1532016 kB
Buffers:           52436 kB
Cached:           330420 kB
MemTotal:        1844596 kB
MemFree:         1271296 kB
MemAvailable:    1530964 kB
Buffers:           52436 kB
Cached:           330420 kB
MemTotal:        1844596 kB
MemFree:         1272128 kB
MemAvailable:    1531796 kB
Buffers:           52436 kB
Cached:           330420 kB
MemTotal:        1844596 kB
MemFree:         1272464 kB
MemAvailable:    1532132 kB
Buffers:           52436 kB
Cached:           330420 kB
MemTotal:        1844596 kB
MemFree:         1271900 kB
MemAvailable:    1531568 kB
Buffers:           52436 kB
Cached:           330420 kB
MemTotal:        1844596 kB
MemFree:         1271792 kB
MemAvailable:    1531460 kB
Buffers:           52436 kB
Cached:           330420 kB
MemTotal:        1844596 kB
MemFree:         1270288 kB
MemAvailable:    1529956 kB
Buffers:           52436 kB
Cached:           330420 kB
MemTotal:        1844596 kB
MemFree:         1271740 kB
MemAvailable:    1531408 kB
Buffers:           52436 kB
Cached:           330420 kB
MemTotal:        1844596 kB
MemFree:         1271924 kB
MemAvailable:    1531592 kB
Buffers:           52436 kB
Cached:           330420 kB
MemTotal:        1844596 kB
MemFree:         1271116 kB
MemAvailable:    1530784 kB
Buffers:           52436 kB
Cached:           330420 kB
MemTotal:        1844596 kB
MemFree:         1270124 kB
MemAvailable:    1529792 kB
Buffers:           52436 kB
Cached:           330420 kB
MemTotal:        1844596 kB
MemFree:         1270124 kB
MemAvailable:    1529792 kB
Buffers:           52436 kB
Cached:           330420 kB
MemTotal:        1844596 kB
MemFree:         1271364 kB
MemAvailable:    1531032 kB
Buffers:           52436 kB
Cached:           330420 kB
MemTotal:        1844596 kB
MemFree:         1271424 kB
MemAvailable:    1531092 kB
Buffers:           52436 kB
Cached:           330420 kB
MemTotal:        1844596 kB
MemFree:         1270116 kB
MemAvailable:    1529784 kB
Buffers:           52436 kB
Cached:           330420 kB
MemTotal:        1844596 kB
MemFree:         1271348 kB
MemAvailable:    1531016 kB
Buffers:           52436 kB
Cached:           330420 kB
MemTotal:        1844596 kB
MemFree:         1270024 kB
MemAvailable:    1529692 kB
Buffers:           52436 kB
Cached:           330420 kB
MemTotal:        1844596 kB
MemFree:         1271140 kB
MemAvailable:    1530808 kB
Buffers:           52436 kB
Cached:           330420 kB
MemTotal:        1844596 kB
MemFree:         1271008 kB
MemAvailable:    1530676 kB
Buffers:           52436 kB
Cached:           330420 kB
MemTotal:        1844596 kB
MemFree:         1269932 kB
MemAvailable:    1529600 kB
Buffers:           52436 kB
Cached:           330420 kB
MemTotal:        1844596 kB
MemFree:         1269676 kB
MemAvailable:    1529344 kB
Buffers:           52436 kB
Cached:           330420 kB
MemTotal:        1844596 kB
MemFree:         1270860 kB
MemAvailable:    1530528 kB
Buffers:           52436 kB
Cached:           330420 kB
MemTotal:        1844596 kB
MemFree:         1269428 kB
MemAvailable:    1529096 kB
Buffers:           52436 kB
Cached:           330420 kB
MemTotal:        1844596 kB
MemFree:         1269312 kB
MemAvailable:    1528980 kB
Buffers:           52436 kB
Cached:           330420 kB
MemTotal:        1844596 kB
MemFree:         1270552 kB
MemAvailable:    1530220 kB
Buffers:           52436 kB
Cached:           330420 kB
MemTotal:        1844596 kB
MemFree:         1270560 kB
MemAvailable:    1530228 kB
Buffers:           52436 kB
Cached:           330420 kB
MemTotal:        1844596 kB
MemFree:         1269000 kB
MemAvailable:    1528668 kB
Buffers:           52436 kB
Cached:           330420 kB
MemTotal:        1844596 kB
MemFree:         1269132 kB
MemAvailable:    1528800 kB
Buffers:           52436 kB
Cached:           330420 kB
MemTotal:        1844596 kB
MemFree:         1269256 kB
MemAvailable:    1528924 kB
Buffers:           52436 kB
Cached:           330420 kB
MemTotal:        1844596 kB
MemFree:         1269256 kB
MemAvailable:    1528924 kB
Buffers:           52436 kB
Cached:           330420 kB
MemTotal:        1844596 kB
MemFree:         1270240 kB
MemAvailable:    1529908 kB
Buffers:           52436 kB
Cached:           330420 kB
MemTotal:        1844596 kB
MemFree:         1270180 kB
MemAvailable:    1529848 kB
Buffers:           52436 kB
Cached:           330420 kB
MemTotal:        1844596 kB
MemFree:         1267700 kB
MemAvailable:    1527368 kB
Buffers:           52436 kB
Cached:           330420 kB
MemTotal:        1844596 kB
MemFree:         1265824 kB
MemAvailable:    1525492 kB
Buffers:           52436 kB
Cached:           330420 kB
MemTotal:        1844596 kB
MemFree:         1265592 kB
MemAvailable:    1525260 kB
Buffers:           52436 kB
Cached:           330420 kB
MemTotal:        1844596 kB
MemFree:         1262972 kB
MemAvailable:    1522640 kB
Buffers:           52436 kB
Cached:           330420 kB
MemTotal:        1844596 kB
MemFree:         1262616 kB
MemAvailable:    1522284 kB
Buffers:           52436 kB
Cached:           330420 kB
MemTotal:        1844596 kB
MemFree:         1262660 kB
MemAvailable:    1522328 kB
Buffers:           52436 kB
Cached:           330420 kB
MemTotal:        1844596 kB
MemFree:         1262468 kB
MemAvailable:    1522136 kB
Buffers:           52436 kB
Cached:           330420 kB
MemTotal:        1844596 kB
MemFree:         1262548 kB
MemAvailable:    1522220 kB
Buffers:           52436 kB
Cached:           330424 kB
MemTotal:        1844596 kB
MemFree:         1261748 kB
MemAvailable:    1521420 kB
Buffers:           52436 kB
Cached:           330424 kB
MemTotal:        1844596 kB
MemFree:         1262648 kB
MemAvailable:    1522320 kB
Buffers:           52436 kB
Cached:           330424 kB
MemTotal:        1844596 kB
MemFree:         1262452 kB
MemAvailable:    1522124 kB
Buffers:           52436 kB
Cached:           330424 kB
MemTotal:        1844596 kB
MemFree:         1262680 kB
MemAvailable:    1522352 kB
Buffers:           52436 kB
Cached:           330424 kB
MemTotal:        1844596 kB
MemFree:         1262352 kB
MemAvailable:    1522024 kB
Buffers:           52436 kB
Cached:           330424 kB
MemTotal:        1844596 kB
MemFree:         1262688 kB
MemAvailable:    1522360 kB
Buffers:           52436 kB
Cached:           330424 kB
MemTotal:        1844596 kB
MemFree:         1262296 kB
MemAvailable:    1521968 kB
Buffers:           52436 kB
Cached:           330424 kB
MemTotal:        1844596 kB
MemFree:         1262548 kB
MemAvailable:    1522220 kB
Buffers:           52436 kB
Cached:           330424 kB
MemTotal:        1844596 kB
MemFree:         1261188 kB
MemAvailable:    1520860 kB
Buffers:           52436 kB
Cached:           330424 kB
MemTotal:        1844596 kB
MemFree:         1261064 kB
MemAvailable:    1520736 kB
Buffers:           52436 kB
Cached:           330424 kB
MemTotal:        1844596 kB
MemFree:         1261188 kB
MemAvailable:    1520860 kB
Buffers:           52436 kB
Cached:           330424 kB
MemTotal:        1844596 kB
MemFree:         1261436 kB
MemAvailable:    1521108 kB
Buffers:           52436 kB
Cached:           330424 kB
MemTotal:        1844596 kB
MemFree:         1260880 kB
MemAvailable:    1520552 kB
Buffers:           52436 kB
Cached:           330424 kB
MemTotal:        1844596 kB
MemFree:         1261004 kB
MemAvailable:    1520676 kB
Buffers:           52436 kB
Cached:           330424 kB
MemTotal:        1844596 kB
MemFree:         1260384 kB
MemAvailable:    1520056 kB
Buffers:           52436 kB
Cached:           330424 kB
MemTotal:        1844596 kB
MemFree:         1259880 kB
MemAvailable:    1519552 kB
Buffers:           52436 kB
Cached:           330424 kB
MemTotal:        1844596 kB
MemFree:         1259756 kB
MemAvailable:    1519428 kB
Buffers:           52436 kB
Cached:           330424 kB
MemTotal:        1844596 kB
MemFree:         1259640 kB
MemAvailable:    1519312 kB
Buffers:           52436 kB
Cached:           330424 kB
MemTotal:        1844596 kB
MemFree:         1259616 kB
MemAvailable:    1519288 kB
Buffers:           52436 kB
Cached:           330424 kB
MemTotal:        1844596 kB
MemFree:         1259700 kB
MemAvailable:    1519372 kB
Buffers:           52436 kB
Cached:           330424 kB
MemTotal:        1844596 kB
MemFree:         1259120 kB
MemAvailable:    1518792 kB
Buffers:           52436 kB
Cached:           330424 kB
MemTotal:        1844596 kB
MemFree:         1258888 kB
MemAvailable:    1518560 kB
Buffers:           52436 kB
Cached:           330424 kB
MemTotal:        1844596 kB
MemFree:         1258728 kB
MemAvailable:    1518400 kB
Buffers:           52436 kB
Cached:           330424 kB
MemTotal:        1844596 kB
MemFree:         1258980 kB
MemAvailable:    1518652 kB
Buffers:           52436 kB
Cached:           330424 kB
MemTotal:        1844596 kB
MemFree:         1257500 kB
MemAvailable:    1517172 kB
Buffers:           52436 kB
Cached:           330424 kB
MemTotal:        1844596 kB
MemFree:         1258616 kB
MemAvailable:    1518288 kB
Buffers:           52436 kB
Cached:           330424 kB
MemTotal:        1844596 kB
MemFree:         1258428 kB
MemAvailable:    1518100 kB
Buffers:           52436 kB
Cached:           330424 kB
MemTotal:        1844596 kB
MemFree:         1258428 kB
MemAvailable:    1518100 kB
Buffers:           52436 kB
Cached:           330424 kB
MemTotal:        1844596 kB
MemFree:         1257228 kB
MemAvailable:    1516900 kB
Buffers:           52436 kB
Cached:           330424 kB
MemTotal:        1844596 kB
MemFree:         1257344 kB
MemAvailable:    1517016 kB
Buffers:           52436 kB
Cached:           330424 kB
MemTotal:        1844596 kB
MemFree:         1258488 kB
MemAvailable:    1518160 kB
Buffers:           52436 kB
Cached:           330424 kB
MemTotal:        1844596 kB
MemFree:         1258712 kB
MemAvailable:    1518384 kB
Buffers:           52436 kB
Cached:           330424 kB
MemTotal:        1844596 kB
MemFree:         1258564 kB
MemAvailable:    1518236 kB
Buffers:           52436 kB
Cached:           330424 kB
MemTotal:        1844596 kB
MemFree:         1257036 kB
MemAvailable:    1516708 kB
Buffers:           52436 kB
Cached:           330424 kB
MemTotal:        1844596 kB
MemFree:         1258020 kB
MemAvailable:    1517692 kB
Buffers:           52436 kB
Cached:           330424 kB
MemTotal:        1844596 kB
MemFree:         1256788 kB
MemAvailable:    1516460 kB
Buffers:           52436 kB
Cached:           330424 kB
MemTotal:        1844596 kB
MemFree:         1254616 kB
MemAvailable:    1514288 kB
Buffers:           52436 kB
Cached:           330424 kB
MemTotal:        1844596 kB
MemFree:         1250952 kB
MemAvailable:    1510624 kB
Buffers:           52436 kB
Cached:           330424 kB
MemTotal:        1844596 kB
MemFree:         1250564 kB
MemAvailable:    1510320 kB
Buffers:           52436 kB
Cached:           330548 kB
MemTotal:        1844596 kB
MemFree:         1250816 kB
MemAvailable:    1510572 kB
Buffers:           52436 kB
Cached:           330548 kB
MemTotal:        1844596 kB
MemFree:         1249340 kB
MemAvailable:    1509180 kB
Buffers:           52436 kB
Cached:           330672 kB
MemTotal:        1844596 kB
MemFree:         1250136 kB
MemAvailable:    1510228 kB
Buffers:           52436 kB
Cached:           330796 kB
MemTotal:        1844596 kB
MemFree:         1248976 kB
MemAvailable:    1509068 kB
Buffers:           52436 kB
Cached:           330920 kB
MemTotal:        1844596 kB
MemFree:         1249808 kB
MemAvailable:    1509984 kB
Buffers:           52436 kB
Cached:           331044 kB
MemTotal:        1844596 kB
MemFree:         1250016 kB
MemAvailable:    1510192 kB
Buffers:           52436 kB
Cached:           331044 kB
MemTotal:        1844596 kB
MemFree:         1249780 kB
MemAvailable:    1510040 kB
Buffers:           52436 kB
Cached:           331044 kB
MemTotal:        1844596 kB
MemFree:         1249224 kB
MemAvailable:    1509484 kB
Buffers:           52436 kB
Cached:           331044 kB
MemTotal:        1844596 kB
MemFree:         1249692 kB
MemAvailable:    1509952 kB
Buffers:           52436 kB
Cached:           331044 kB
MemTotal:        1844596 kB
MemFree:         1249944 kB
MemAvailable:    1510204 kB
Buffers:           52436 kB
Cached:           331044 kB
MemTotal:        1844596 kB
MemFree:         1249712 kB
MemAvailable:    1509972 kB
Buffers:           52436 kB
Cached:           331044 kB
MemTotal:        1844596 kB
MemFree:         1249880 kB
MemAvailable:    1510140 kB
Buffers:           52436 kB
Cached:           331044 kB
MemTotal:        1844596 kB
MemFree:         1249704 kB
MemAvailable:    1509964 kB
Buffers:           52436 kB
Cached:           331044 kB
MemTotal:        1844596 kB
MemFree:         1249956 kB
MemAvailable:    1510300 kB
Buffers:           52436 kB
Cached:           331044 kB
MemTotal:        1844596 kB
MemFree:         1250200 kB
MemAvailable:    1509872 kB
Buffers:           52436 kB
Cached:           330412 kB
MemTotal:        1844596 kB
MemFree:         1318324 kB
MemAvailable:    1577996 kB
Buffers:           52436 kB
Cached:           330412 kB
