MemTotal:        1844596 kB
MemFree:         1318212 kB
MemAvailable:    1555528 kB
Buffers:           50012 kB
Cached:           312468 kB
MemTotal:        1844596 kB
MemFree:         1315608 kB
MemAvailable:    1552924 kB
Buffers:           50012 kB
Cached:           312468 kB
MemTotal:        1844596 kB
MemFree:         1314304 kB
MemAvailable:    1551620 kB
Buffers:           50012 kB
Cached:           312468 kB
MemTotal:        1844596 kB
MemFree:         1313260 kB
MemAvailable:    1550576 kB
Buffers:           50012 kB
Cached:           312468 kB
MemTotal:        1844596 kB
MemFree:         1313120 kB
MemAvailable:    1550436 kB
Buffers:           50012 kB
Cached:           312468 kB
MemTotal:        1844596 kB
MemFree:         1313128 kB
MemAvailable:    1550444 kB
Buffers:           50012 kB
Cached:           312468 kB
MemTotal:        1844596 kB
MemFree:         1310640 kB
MemAvailable:    1547956 kB
Buffers:           50012 kB
Cached:           312468 kB
MemTotal:        1844596 kB
MemFree:         1308416 kB
MemAvailable:    1545732 kB
Buffers:           50012 kB
Cached:           312468 kB
MemTotal:        1844596 kB
MemFree:         1306160 kB
MemAvailable:    1543476 kB
Buffers:           50012 kB
Cached:           312468 kB
MemTotal:        1844596 kB
MemFree:         1306160 kB
MemAvailable:    1543476 kB
Buffers:           50012 kB
Cached:           312468 kB
MemTotal:        1844596 kB
MemFree:         1300472 kB
MemAvailable:    1537788 kB
Buffers:           50012 kB
Cached:           312468 kB
MemTotal:        1844596 kB
MemFree:         1302648 kB
MemAvailable:    1539964 kB
Buffers:           50012 kB
Cached:           312468 kB
MemTotal:        1844596 kB
MemFree:         1302836 kB
MemAvailable:    1540152 kB
Buffers:           50012 kB
Cached:           312468 kB
MemTotal:        1844596 kB
MemFree:         1302808 kB
MemAvailable:    1540124 kB
Buffers:           50012 kB
Cached:           312468 kB
MemTotal:        1844596 kB
MemFree:         1303060 kB
MemAvailable:    1540376 kB
Buffers:           50012 kB
Cached:           312468 kB
MemTotal:        1844596 kB
MemFree:         1301576 kB
MemAvailable:    1538892 kB
Buffers:           50012 kB
Cached:           312468 kB
MemTotal:        1844596 kB
MemFree:         1302772 kB
MemAvailable:    1540088 kB
Buffers:           50012 kB
Cached:           312468 kB
MemTotal:        1844596 kB
MemFree:         1301904 kB
MemAvailable:    1539220 kB
Buffers:           50012 kB
Cached:           312468 kB
MemTotal:        1844596 kB
MemFree:         1300480 kB
MemAvailable:    1537796 kB
Buffers:           50012 kB
Cached:           312468 kB
MemTotal:        1844596 kB
MemFree:         1300704 kB
MemAvailable:    1538020 kB
Buffers:           50012 kB
Cached:           312468 kB
MemTotal:        1844596 kB
MemFree:         1300596 kB
MemAvailable:    1537912 kB
Buffers:           50012 kB
Cached:           312468 kB
MemTotal:        1844596 kB
MemFree:         1300268 kB
MemAvailable:    1537584 kB
Buffers:           50012 kB
Cached:           312468 kB
MemTotal:        1844596 kB
MemFree:         1300520 kB
MemAvailable:    1537836 kB
Buffers:           50012 kB
Cached:           312468 kB
MemTotal:        1844596 kB
MemFree:         1299212 kB
MemAvailable:    1536528 kB
Buffers:           50012 kB
Cached:           312468 kB
MemTotal:        1844596 kB
MemFree:         1300436 kB
MemAvailable:    1537752 kB
Buffers:           50012 kB
Cached:           312468 kB
MemTotal:        1844596 kB
MemFree:         1299240 kB
MemAvailable:    1536556 kB
Buffers:           50012 kB
Cached:           312468 kB
MemTotal:        1844596 kB
MemFree:         1299316 kB
MemAvailable:    1536632 kB
Buffers:           50012 kB
Cached:           312468 kB
MemTotal:        1844596 kB
MemFree:         1300564 kB
MemAvailable:    1537880 kB
Buffers:           50012 kB
Cached:           312468 kB
MemTotal:        1844596 kB
MemFree:         1299612 kB
MemAvailable:    1536928 kB
Buffers:           50012 kB
Cached:           312468 kB
MemTotal:        1844596 kB
MemFree:         1301548 kB
MemAvailable:    1538864 kB
Buffers:           50012 kB
Cached:           312468 kB
MemTotal:        1844596 kB
MemFree:         1301632 kB
MemAvailable:    1538948 kB
Buffers:           50012 kB
Cached:           312468 kB
MemTotal:        1844596 kB
MemFree:         1300408 kB
MemAvailable:    1537724 kB
Buffers:           50012 kB
Cached:           312468 kB
MemTotal:        1844596 kB
MemFree:         1298472 kB
MemAvailable:    1535788 kB
Buffers:           50012 kB
Cached:           312468 kB
MemTotal:        1844596 kB
MemFree:         1298556 kB
MemAvailable:    1535872 kB
Buffers:           50012 kB
Cached:           312468 kB
MemTotal:        1844596 kB
MemFree:         1297860 kB
MemAvailable:    1535176 kB
Buffers:           50012 kB
Cached:           312468 kB
MemTotal:        1844596 kB
MemFree:         1297628 kB
MemAvailable:    1534944 kB
Buffers:           50012 kB
Cached:           312468 kB
MemTotal:        1844596 kB
MemFree:         1296124 kB
MemAvailable:    1533440 kB
Buffers:           50012 kB
Cached:           312468 kB
MemTotal:        1844596 kB
MemFree:         1296992 kB
MemAvailable:    1534308 kB
Buffers:           50012 kB
Cached:           312468 kB
MemTotal:        1844596 kB
MemFree:         1296884 kB
MemAvailable:    1534200 kB
Buffers:           50012 kB
Cached:           312468 kB
MemTotal:        1844596 kB
MemFree:         1296636 kB
MemAvailable:    1533952 kB
Buffers:           50012 kB
Cached:           312468 kB
MemTotal:        1844596 kB
MemFree:         1296372 kB
MemAvailable:    1533688 kB
Buffers:           50012 kB
Cached:           312468 kB
MemTotal:        1844596 kB
MemFree:         1296132 kB
MemAvailable:    1533448 kB
Buffers:           50012 kB
Cached:           312468 kB
MemTotal:        1844596 kB
MemFree:         1296064 kB
MemAvailable:    1533380 kB
Buffers:           50012 kB
Cached:           312468 kB
MemTotal:        1844596 kB
MemFree:         1296316 kB
MemAvailable:    1533632 kB
Buffers:           50012 kB
Cached:           312468 kB
MemTotal:        1844596 kB
MemFree:         1296264 kB
MemAvailable:    1533580 kB
Buffers:           50012 kB
Cached:           312468 kB
MemTotal:        1844596 kB
MemFree:         1294880 kB
MemAvailable:    1532196 kB
Buffers:           50012 kB
Cached:           312468 kB
MemTotal:        1844596 kB
MemFree:         1295128 kB
MemAvailable:    1532444 kB
Buffers:           50012 kB
Cached:           312468 kB
MemTotal:        1844596 kB
MemFree:         1295644 kB
MemAvailable:    1532960 kB
Buffers:           50012 kB
Cached:           312468 kB
MemTotal:        1844596 kB
MemFree:         1294272 kB
MemAvailable:    1531588 kB
Buffers:           50012 kB
Cached:           312468 kB
MemTotal:        1844596 kB
MemFree:         1294016 kB
MemAvailable:    1531344 kB
Buffers:           50012 kB
Cached:           312476 kB
MemTotal:        1844596 kB
MemFree:         1294008 kB
MemAvailable:    1531336 kB
Buffers:           50012 kB
Cached:           312476 kB
MemTotal:        1844596 kB
MemFree:         1294000 kB
MemAvailable:    1531328 kB
Buffers:           50012 kB
Cached:           312476 kB
MemTotal:        1844596 kB
MemFree:         1295184 kB
MemAvailable:    1532512 kB
Buffers:           50012 kB
Cached:           312476 kB
MemTotal:        1844596 kB
MemFree:         1293876 kB
MemAvailable:    1531204 kB
Buffers:           50012 kB
Cached:           312476 kB
MemTotal:        1844596 kB
MemFree:         1294000 kB
MemAvailable:    1531328 kB
Buffers:           50012 kB
Cached:           312476 kB
MemTotal:        1844596 kB
MemFree:         1294000 kB
MemAvailable:    1531328 kB
Buffers:           50012 kB
Cached:           312476 kB
MemTotal:        1844596 kB
MemFree:         1294000 kB
MemAvailable:    1531328 kB
Buffers:           50012 kB
Cached:           312476 kB
MemTotal:        1844596 kB
MemFree:         1293992 kB
MemAvailable:    1531320 kB
Buffers:           50012 kB
Cached:           312476 kB
MemTotal:        1844596 kB
MemFree:         1293952 kB
MemAvailable:    1531280 kB
Buffers:           50012 kB
Cached:           312476 kB
MemTotal:        1844596 kB
MemFree:         1295044 kB
MemAvailable:    1532372 kB
Buffers:           50012 kB
Cached:           312476 kB
MemTotal:        1844596 kB
MemFree:         1294892 kB
MemAvailable:    1532220 kB
Buffers:           50012 kB
Cached:           312476 kB
MemTotal:        1844596 kB
MemFree:         1293380 kB
MemAvailable:    1530708 kB
Buffers:           50012 kB
Cached:           312476 kB
MemTotal:        1844596 kB
MemFree:         1293512 kB
MemAvailable:    1530840 kB
Buffers:           50012 kB
Cached:           312476 kB
MemTotal:        1844596 kB
MemFree:         1294636 kB
MemAvailable:    1531964 kB
Buffers:           50012 kB
Cached:           312476 kB
MemTotal:        1844596 kB
MemFree:         1293636 kB
MemAvailable:    1530964 kB
Buffers:           50012 kB
Cached:           312476 kB
MemTotal:        1844596 kB
MemFree:         1294396 kB
MemAvailable:    1531724 kB
Buffers:           50012 kB
Cached:           312476 kB
MemTotal:        1844596 kB
MemFree:         1292976 kB
MemAvailable:    1530304 kB
Buffers:           50012 kB
Cached:           312476 kB
MemTotal:        1844596 kB
MemFree:         1292844 kB
MemAvailable:    1530172 kB
Buffers:           50012 kB
Cached:           312476 kB
MemTotal:        1844596 kB
MemFree:         1293144 kB
MemAvailable:    1530472 kB
Buffers:           50012 kB
Cached:           312476 kB
MemTotal:        1844596 kB
MemFree:         1292880 kB
MemAvailable:    1530208 kB
Buffers:           50024 kB
Cached:           312464 kB
MemTotal:        1844596 kB
MemFree:         1294128 kB
MemAvailable:    1531456 kB
Buffers:           50024 kB
Cached:           312464 kB
MemTotal:        1844596 kB
MemFree:         1293012 kB
MemAvailable:    1530340 kB
Buffers:           50024 kB
Cached:           312464 kB
MemTotal:        1844596 kB
MemFree:         1293136 kB
MemAvailable:    1530464 kB
Buffers:           50024 kB
Cached:           312464 kB
MemTotal:        1844596 kB
MemFree:         1293720 kB
MemAvailable:    1531048 kB
Buffers:           50024 kB
Cached:           312464 kB
MemTotal:        1844596 kB
MemFree:         1291428 kB
MemAvailable:    1528756 kB
Buffers:           50024 kB
Cached:           312464 kB
MemTotal:        1844596 kB
MemFree:         1289552 kB
MemAvailable:    1526880 kB
Buffers:           50024 kB
Cached:           312464 kB
MemTotal:        1844596 kB
MemFree:         1289636 kB
MemAvailable:    1526964 kB
Buffers:           50024 kB
Cached:           312464 kB
MemTotal:        1844596 kB
MemFree:         1286692 kB
MemAvailable:    1524020 kB
Buffers:           50024 kB
Cached:           312464 kB
MemTotal:        1844596 kB
MemFree:         1286776 kB
MemAvailable:    1524104 kB
Buffers:           50024 kB
Cached:           312464 kB
MemTotal:        1844596 kB
MemFree:         1286380 kB
MemAvailable:    1523708 kB
Buffers:           50024 kB
Cached:           312464 kB
MemTotal:        1844596 kB
MemFree:         1286380 kB
MemAvailable:    1523708 kB
Buffers:           50024 kB
Cached:           312464 kB
MemTotal:        1844596 kB
MemFree:         1286384 kB
MemAvailable:    1523712 kB
Buffers:           50024 kB
Cached:           312464 kB
MemTotal:        1844596 kB
MemFree:         1286504 kB
MemAvailable:    1523832 kB
Buffers:           50024 kB
Cached:           312464 kB
MemTotal:        1844596 kB
MemFree:         1285608 kB
MemAvailable:    1522936 kB
Buffers:           50024 kB
Cached:           312464 kB
MemTotal:        1844596 kB
MemFree:         1286404 kB
MemAvailable:    1523732 kB
Buffers:           50024 kB
Cached:           312464 kB
MemTotal:        1844596 kB
MemFree:         1285600 kB
MemAvailable:    1522928 kB
Buffers:           50024 kB
Cached:           312464 kB
MemTotal:        1844596 kB
MemFree:         1286164 kB
MemAvailable:    1523492 kB
Buffers:           50024 kB
Cached:           312464 kB
MemTotal:        1844596 kB
MemFree:         1286280 kB
MemAvailable:    1523608 kB
Buffers:           50024 kB
Cached:           312464 kB
MemTotal:        1844596 kB
MemFree:         1286204 kB
MemAvailable:    1523532 kB
Buffers:           50024 kB
Cached:           312464 kB
MemTotal:        1844596 kB
MemFree:         1285476 kB
MemAvailable:    1522804 kB
Buffers:           50024 kB
Cached:           312464 kB
MemTotal:        1844596 kB
MemFree:         1286280 kB
MemAvailable:    1523608 kB
Buffers:           50024 kB
Cached:           312464 kB
MemTotal:        1844596 kB
MemFree:         1285476 kB
MemAvailable:    1522804 kB
Buffers:           50024 kB
Cached:           312464 kB
MemTotal:        1844596 kB
MemFree:         1286344 kB
MemAvailable:    1523672 kB
Buffers:           50024 kB
Cached:           312464 kB
MemTotal:        1844596 kB
MemFree:         1286288 kB
MemAvailable:    1523616 kB
Buffers:           50024 kB
Cached:           312464 kB
MemTotal:        1844596 kB
MemFree:         1286024 kB
MemAvailable:    1523352 kB
Buffers:           50024 kB
Cached:           312464 kB
MemTotal:        1844596 kB
MemFree:         1285724 kB
MemAvailable:    1523052 kB
Buffers:           50024 kB
Cached:           312464 kB
MemTotal:        1844596 kB
MemFree:         1284600 kB
MemAvailable:    1521928 kB
Buffers:           50024 kB
Cached:           312464 kB
MemTotal:        1844596 kB
MemFree:         1284048 kB
MemAvailable:    1521376 kB
Buffers:           50024 kB
Cached:           312464 kB
MemTotal:        1844596 kB
MemFree:         1285040 kB
MemAvailable:    1522368 kB
Buffers:           50024 kB
Cached:           312464 kB
MemTotal:        1844596 kB
MemFree:         1284700 kB
MemAvailable:    1522028 kB
Buffers:           50024 kB
Cached:           312464 kB
MemTotal:        1844596 kB
MemFree:         1284952 kB
MemAvailable:    1522280 kB
Buffers:           50024 kB
Cached:           312464 kB
MemTotal:        1844596 kB
MemFree:         1281980 kB
MemAvailable:    1519308 kB
Buffers:           50024 kB
Cached:           312464 kB
MemTotal:        1844596 kB
MemFree:         1282108 kB
MemAvailable:    1519436 kB
Buffers:           50024 kB
Cached:           312464 kB
MemTotal:        1844596 kB
MemFree:         1282356 kB
MemAvailable:    1519684 kB
Buffers:           50024 kB
Cached:           312464 kB
MemTotal:        1844596 kB
MemFree:         1283120 kB
MemAvailable:    1520448 kB
Buffers:           50024 kB
Cached:           312464 kB
MemTotal:        1844596 kB
MemFree:         1282600 kB
MemAvailable:    1519928 kB
Buffers:           50024 kB
Cached:           312464 kB
MemTotal:        1844596 kB
MemFree:         1282936 kB
MemAvailable:    1520264 kB
Buffers:           50024 kB
Cached:           312464 kB
MemTotal:        1844596 kB
MemFree:         1281368 kB
MemAvailable:    1518696 kB
Buffers:           50024 kB
Cached:           312464 kB
MemTotal:        1844596 kB
MemFree:         1281260 kB
MemAvailable:    1518588 kB
Buffers:           50024 kB
Cached:           312464 kB
MemTotal:        1844596 kB
MemFree:         1281128 kB
MemAvailable:    1518456 kB
Buffers:           50024 kB
Cached:           312464 kB
MemTotal:        1844596 kB
MemFree:         1282576 kB
MemAvailable:    1519904 kB
Buffers:           50024 kB
Cached:           312464 kB
MemTotal:        1844596 kB
MemFree:         1282188 kB
MemAvailable:    1519516 kB
Buffers:           50024 kB
Cached:           312464 kB
MemTotal:        1844596 kB
MemFree:         1282440 kB
MemAvailable:    1519768 kB
Buffers:           50024 kB
Cached:           312464 kB
MemTotal:        1844596 kB
MemFree:         1282380 kB
MemAvailable:    1519708 kB
Buffers:           50024 kB
Cached:           312464 kB
MemTotal:        1844596 kB
MemFree:         1281116 kB
MemAvailable:    1518444 kB
Buffers:           50024 kB
Cached:           312464 kB
MemTotal:        1844596 kB
MemFree:         1282076 kB
MemAvailable:    1519404 kB
Buffers:           50024 kB
Cached:           312464 kB
MemTotal:        1844596 kB
MemFree:         1281864 kB
MemAvailable:    1519192 kB
Buffers:           50024 kB
Cached:           312464 kB
MemTotal:        1844596 kB
MemFree:         1281948 kB
MemAvailable:    1519276 kB
Buffers:           50024 kB
Cached:           312464 kB
MemTotal:        1844596 kB
MemFree:         1281984 kB
MemAvailable:    1519312 kB
Buffers:           50024 kB
Cached:           312464 kB
MemTotal:        1844596 kB
MemFree:         1275284 kB
MemAvailable:    1512612 kB
Buffers:           50024 kB
Cached:           312464 kB
MemTotal:        1844596 kB
MemFree:         1275284 kB
MemAvailable:    1512612 kB
Buffers:           50024 kB
Cached:           312464 kB
MemTotal:        1844596 kB
MemFree:         1274896 kB
MemAvailable:    1512392 kB
Buffers:           50024 kB
Cached:           312588 kB
MemTotal:        1844596 kB
MemFree:         1274896 kB
MemAvailable:    1512392 kB
Buffers:           50024 kB
Cached:           312588 kB
MemTotal:        1844596 kB
MemFree:         1274816 kB
MemAvailable:    1512396 kB
Buffers:           50024 kB
Cached:           312712 kB
MemTotal:        1844596 kB
MemFree:         1274560 kB
MemAvailable:    1512224 kB
Buffers:           50024 kB
Cached:           312836 kB
MemTotal:        1844596 kB
MemFree:         1273696 kB
MemAvailable:    1511444 kB
Buffers:           50024 kB
Cached:           312836 kB
MemTotal:        1844596 kB
MemFree:         1274444 kB
MemAvailable:    1512360 kB
Buffers:           50024 kB
Cached:           313084 kB
MemTotal:        1844596 kB
MemFree:         1273180 kB
MemAvailable:    1511096 kB
Buffers:           50024 kB
Cached:           313084 kB
MemTotal:        1844596 kB
MemFree:         1274404 kB
MemAvailable:    1512320 kB
Buffers:           50024 kB
Cached:           313084 kB
MemTotal:        1844596 kB
MemFree:         1272916 kB
MemAvailable:    1510832 kB
Buffers:           50024 kB
Cached:           313084 kB
MemTotal:        1844596 kB
MemFree:         1273048 kB
MemAvailable:    1510964 kB
Buffers:           50024 kB
Cached:           313084 kB
MemTotal:        1844596 kB
MemFree:         1274372 kB
MemAvailable:    1512288 kB
Buffers:           50024 kB
Cached:           313084 kB
MemTotal:        1844596 kB
MemFree:         1272952 kB
MemAvailable:    1510976 kB
Buffers:           50024 kB
Cached:           313160 kB
MemTotal:        1844596 kB
MemFree:         1274380 kB
MemAvailable:    1512404 kB
Buffers:           50024 kB
Cached:           313160 kB
MemTotal:        1844596 kB
MemFree:         1272944 kB
MemAvailable:    1510968 kB
Buffers:           50024 kB
Cached:           313160 kB
MemTotal:        1844596 kB
MemFree:         1273076 kB
MemAvailable:    1511100 kB
Buffers:           50024 kB
Cached:           313160 kB
MemTotal:        1844596 kB
MemFree:         1273656 kB
MemAvailable:    1511092 kB
Buffers:           50024 kB
Cached:           312528 kB
MemTotal:        1844596 kB
MemFree:         1342980 kB
MemAvailable:    1580416 kB
Buffers:           50024 kB
Cached:           312528 kB
