MemTotal:        1844596 kB
MemFree:         1590564 kB
MemAvailable:    1585468 kB
Buffers:           20056 kB
Cached:           105820 kB
MemTotal:        1844596 kB
MemFree:         1587464 kB
MemAvailable:    1582492 kB
Buffers:           20056 kB
Cached:           105820 kB
MemTotal:        1844596 kB
MemFree:         1585480 kB
MemAvailable:    1580508 kB
Buffers:           20056 kB
Cached:           105820 kB
MemTotal:        1844596 kB
MemFree:         1586596 kB
MemAvailable:    1581624 kB
Buffers:           20056 kB
Cached:           105820 kB
MemTotal:        1844596 kB
MemFree:         1584124 kB
MemAvailable:    1579152 kB
Buffers:           20056 kB
Cached:           105820 kB
MemTotal:        1844596 kB
MemFree:         1585248 kB
MemAvailable:    1580276 kB
Buffers:           20056 kB
Cached:           105820 kB
MemTotal:        1844596 kB
MemFree:         1583816 kB
MemAvailable:    1578844 kB
Buffers:           20056 kB
Cached:           105820 kB
MemTotal:        1844596 kB
MemFree:         1581248 kB
MemAvailable:    1576276 kB
Buffers:           20056 kB
Cached:           105820 kB
MemTotal:        1844596 kB
MemFree:         1581248 kB
MemAvailable:    1576276 kB
Buffers:           20056 kB
Cached:           105820 kB
MemTotal:        1844596 kB
MemFree:         1578048 kB
MemAvailable:    1573076 kB
Buffers:           20056 kB
Cached:           105820 kB
MemTotal:        1844596 kB
MemFree:         1573444 kB
MemAvailable:    1568472 kB
Buffers:           20056 kB
Cached:           105820 kB
MemTotal:        1844596 kB
MemFree:         1573080 kB
MemAvailable:    1568108 kB
Buffers:           20056 kB
Cached:           105820 kB
MemTotal:        1844596 kB
MemFree:         1575232 kB
MemAvailable:    1570260 kB
Buffers:           20056 kB
Cached:           105820 kB
MemTotal:        1844596 kB
MemFree:         1575488 kB
MemAvailable:    1570516 kB
Buffers:           20056 kB
Cached:           105820 kB
MemTotal:        1844596 kB
MemFree:         1574072 kB
MemAvailable:    1569100 kB
Buffers:           20056 kB
Cached:           105820 kB
MemTotal:        1844596 kB
MemFree:         1575380 kB
MemAvailable:    1570408 kB
Buffers:           20056 kB
Cached:           105820 kB
MemTotal:        1844596 kB
MemFree:         1574204 kB
MemAvailable:    1569232 kB
Buffers:           20056 kB
Cached:           105820 kB
MemTotal:        1844596 kB
MemFree:         1575428 kB
MemAvailable:    1570456 kB
Buffers:           20056 kB
Cached:           105820 kB
MemTotal:        1844596 kB
MemFree:         1574016 kB
MemAvailable:    1569044 kB
Buffers:           20056 kB
Cached:           105820 kB
MemTotal:        1844596 kB
MemFree:         1572840 kB
MemAvailable:    1567868 kB
Buffers:           20056 kB
Cached:           105820 kB
MemTotal:        1844596 kB
MemFree:         1572892 kB
MemAvailable:    1567920 kB
Buffers:           20056 kB
Cached:           105820 kB
MemTotal:        1844596 kB
MemFree:         1572892 kB
MemAvailable:    1567920 kB
Buffers:           20056 kB
Cached:           105820 kB
MemTotal:        1844596 kB
MemFree:         1571580 kB
MemAvailable:    1566608 kB
Buffers:           20056 kB
Cached:           105820 kB
MemTotal:        1844596 kB
MemFree:         1572088 kB
MemAvailable:    1567116 kB
Buffers:           20056 kB
Cached:           105820 kB
MemTotal:        1844596 kB
MemFree:         1572764 kB
MemAvailable:    1567792 kB
Buffers:           20056 kB
Cached:           105820 kB
MemTotal:        1844596 kB
MemFree:         1572848 kB
MemAvailable:    1567876 kB
Buffers:           20056 kB
Cached:           105820 kB
MemTotal:        1844596 kB
MemFree:         1572676 kB
MemAvailable:    1567704 kB
Buffers:           20056 kB
Cached:           105820 kB
MemTotal:        1844596 kB
MemFree:         1573012 kB
MemAvailable:    1568040 kB
Buffers:           20056 kB
Cached:           105820 kB
MemTotal:        1844596 kB
MemFree:         1571724 kB
MemAvailable:    1566752 kB
Buffers:           20056 kB
Cached:           105820 kB
MemTotal:        1844596 kB
MemFree:         1574208 kB
MemAvailable:    1569236 kB
Buffers:           20056 kB
Cached:           105820 kB
MemTotal:        1844596 kB
MemFree:         1573460 kB
MemAvailable:    1568488 kB
Buffers:           20056 kB
Cached:           105820 kB
MemTotal:        1844596 kB
MemFree:         1574192 kB
MemAvailable:    1569220 kB
Buffers:           20056 kB
Cached:           105820 kB
MemTotal:        1844596 kB
MemFree:         1571708 kB
MemAvailable:    1566736 kB
Buffers:           20056 kB
Cached:           105820 kB
MemTotal:        1844596 kB
MemFree:         1571792 kB
MemAvailable:    1566820 kB
Buffers:           20056 kB
Cached:           105820 kB
MemTotal:        1844596 kB
MemFree:         1571112 kB
MemAvailable:    1566140 kB
Buffers:           20056 kB
Cached:           105820 kB
MemTotal:        1844596 kB
MemFree:         1569236 kB
MemAvailable:    1564264 kB
Buffers:           20056 kB
Cached:           105820 kB
MemTotal:        1844596 kB
MemFree:         1569724 kB
MemAvailable:    1564752 kB
Buffers:           20056 kB
Cached:           105820 kB
MemTotal:        1844596 kB
MemFree:         1568748 kB
MemAvailable:    1563776 kB
Buffers:           20056 kB
Cached:           105820 kB
MemTotal:        1844596 kB
MemFree:         1568856 kB
MemAvailable:    1563884 kB
Buffers:           20056 kB
Cached:           105820 kB
MemTotal:        1844596 kB
MemFree:         1569192 kB
MemAvailable:    1564220 kB
Buffers:           20056 kB
Cached:           105820 kB
MemTotal:        1844596 kB
MemFree:         1567748 kB
MemAvailable:    1562776 kB
Buffers:           20056 kB
Cached:           105820 kB
MemTotal:        1844596 kB
MemFree:         1568924 kB
MemAvailable:    1563952 kB
Buffers:           20056 kB
Cached:           105820 kB
MemTotal:        1844596 kB
MemFree:         1568724 kB
MemAvailable:    1563752 kB
Buffers:           20056 kB
Cached:           105820 kB
MemTotal:        1844596 kB
MemFree:         1569060 kB
MemAvailable:    1564088 kB
Buffers:           20056 kB
Cached:           105820 kB
MemTotal:        1844596 kB
MemFree:         1567732 kB
MemAvailable:    1562760 kB
Buffers:           20056 kB
Cached:           105820 kB
MemTotal:        1844596 kB
MemFree:         1568360 kB
MemAvailable:    1563388 kB
Buffers:           20056 kB
Cached:           105820 kB
MemTotal:        1844596 kB
MemFree:         1568252 kB
MemAvailable:    1563280 kB
Buffers:           20056 kB
Cached:           105820 kB
MemTotal:        1844596 kB
MemFree:         1567840 kB
MemAvailable:    1562868 kB
Buffers:           20056 kB
Cached:           105820 kB
MemTotal:        1844596 kB
MemFree:         1568176 kB
MemAvailable:    1563204 kB
Buffers:           20056 kB
Cached:           105820 kB
MemTotal:        1844596 kB
MemFree:         1566328 kB
MemAvailable:    1561356 kB
Buffers:           20056 kB
Cached:           105820 kB
MemTotal:        1844596 kB
MemFree:         1567628 kB
MemAvailable:    1562656 kB
Buffers:           20056 kB
Cached:           105820 kB
MemTotal:        1844596 kB
MemFree:         1567824 kB
MemAvailable:    1562852 kB
Buffers:           20056 kB
Cached:           105820 kB
MemTotal:        1844596 kB
MemFree:         1566488 kB
MemAvailable:    1561516 kB
Buffers:           20056 kB
Cached:           105820 kB
MemTotal:        1844596 kB
MemFree:         1566508 kB
MemAvailable:    1561536 kB
Buffers:           20056 kB
Cached:           105820 kB
MemTotal:        1844596 kB
MemFree:         1567816 kB
MemAvailable:    1562844 kB
Buffers:           20056 kB
Cached:           105820 kB
MemTotal:        1844596 kB
MemFree:         1567568 kB
MemAvailable:    1562596 kB
Buffers:           20056 kB
Cached:           105820 kB
MemTotal:        1844596 kB
MemFree:         1567568 kB
MemAvailable:    1562596 kB
Buffers:           20056 kB
Cached:           105820 kB
MemTotal:        1844596 kB
MemFree:         1567560 kB
MemAvailable:    1562588 kB
Buffers:           20056 kB
Cached:           105820 kB
MemTotal:        1844596 kB
MemFree:         1567560 kB
MemAvailable:    1562588 kB
Buffers:           20056 kB
Cached:           105820 kB
MemTotal:        1844596 kB
MemFree:         1566360 kB
MemAvailable:    1561388 kB
Buffers:           20056 kB
Cached:           105820 kB
MemTotal:        1844596 kB
MemFree:         1566508 kB
MemAvailable:    1561412 kB
Buffers:           20056 kB
Cached:           105820 kB
MemTotal:        1844596 kB
MemFree:         1567100 kB
MemAvailable:    1562128 kB
Buffers:           20056 kB
Cached:           105820 kB
MemTotal:        1844596 kB
MemFree:         1567352 kB
MemAvailable:    1562380 kB
Buffers:           20056 kB
Cached:           105820 kB
MemTotal:        1844596 kB
MemFree:         1565860 kB
MemAvailable:    1560888 kB
Buffers:           20056 kB
Cached:           105820 kB
MemTotal:        1844596 kB
MemFree:         1566852 kB
MemAvailable:    1561880 kB
Buffers:           20056 kB
Cached:           105820 kB
MemTotal:        1844596 kB
MemFree:         1565896 kB
MemAvailable:    1560924 kB
Buffers:           20056 kB
Cached:           105820 kB
MemTotal:        1844596 kB
MemFree:         1565336 kB
MemAvailable:    1560364 kB
Buffers:           20056 kB
Cached:           105820 kB
MemTotal:        1844596 kB
MemFree:         1566832 kB
MemAvailable:    1561872 kB
Buffers:           20056 kB
Cached:           105832 kB
MemTotal:        1844596 kB
MemFree:         1565524 kB
MemAvailable:    1560564 kB
Buffers:           20056 kB
Cached:           105832 kB
MemTotal:        1844596 kB
MemFree:         1566036 kB
MemAvailable:    1561076 kB
Buffers:           20056 kB
Cached:           105832 kB
MemTotal:        1844596 kB
MemFree:         1567020 kB
MemAvailable:    1562060 kB
Buffers:           20056 kB
Cached:           105832 kB
MemTotal:        1844596 kB
MemFree:         1566276 kB
MemAvailable:    1561316 kB
Buffers:           20056 kB
Cached:           105832 kB
MemTotal:        1844596 kB
MemFree:         1566652 kB
MemAvailable:    1561692 kB
Buffers:           20056 kB
Cached:           105832 kB
MemTotal:        1844596 kB
MemFree:         1565476 kB
MemAvailable:    1560516 kB
Buffers:           20056 kB
Cached:           105832 kB
MemTotal:        1844596 kB
MemFree:         1566576 kB
MemAvailable:    1561616 kB
Buffers:           20056 kB
Cached:           105832 kB
MemTotal:        1844596 kB
MemFree:         1566660 kB
MemAvailable:    1561700 kB
Buffers:           20056 kB
Cached:           105832 kB
MemTotal:        1844596 kB
MemFree:         1564600 kB
MemAvailable:    1559640 kB
Buffers:           20056 kB
Cached:           105832 kB
MemTotal:        1844596 kB
MemFree:         1561440 kB
MemAvailable:    1556480 kB
Buffers:           20056 kB
Cached:           105832 kB
MemTotal:        1844596 kB
MemFree:         1559828 kB
MemAvailable:    1554868 kB
Buffers:           20056 kB
Cached:           105832 kB
MemTotal:        1844596 kB
MemFree:         1558216 kB
MemAvailable:    1553256 kB
Buffers:           20056 kB
Cached:           105832 kB
MemTotal:        1844596 kB
MemFree:         1558216 kB
MemAvailable:    1553256 kB
Buffers:           20056 kB
Cached:           105832 kB
MemTotal:        1844596 kB
MemFree:         1557836 kB
MemAvailable:    1552876 kB
Buffers:           20056 kB
Cached:           105832 kB
MemTotal:        1844596 kB
MemFree:         1557712 kB
MemAvailable:    1552752 kB
Buffers:           20056 kB
Cached:           105832 kB
MemTotal:        1844596 kB
MemFree:         1558216 kB
MemAvailable:    1553256 kB
Buffers:           20056 kB
Cached:           105832 kB
MemTotal:        1844596 kB
MemFree:         1558684 kB
MemAvailable:    1553724 kB
Buffers:           20056 kB
Cached:           105832 kB
MemTotal:        1844596 kB
MemFree:         1558936 kB
MemAvailable:    1553976 kB
Buffers:           20056 kB
Cached:           105832 kB
MemTotal:        1844596 kB
MemFree:         1557576 kB
MemAvailable:    1552616 kB
Buffers:           20056 kB
Cached:           105832 kB
MemTotal:        1844596 kB
MemFree:         1558636 kB
MemAvailable:    1553676 kB
Buffers:           20056 kB
Cached:           105832 kB
MemTotal:        1844596 kB
MemFree:         1558636 kB
MemAvailable:    1553676 kB
Buffers:           20056 kB
Cached:           105832 kB
MemTotal:        1844596 kB
MemFree:         1558772 kB
MemAvailable:    1553812 kB
Buffers:           20056 kB
Cached:           105832 kB
MemTotal:        1844596 kB
MemFree:         1558564 kB
MemAvailable:    1553604 kB
Buffers:           20056 kB
Cached:           105832 kB
MemTotal:        1844596 kB
MemFree:         1558900 kB
MemAvailable:    1553940 kB
Buffers:           20056 kB
Cached:           105832 kB
MemTotal:        1844596 kB
MemFree:         1557548 kB
MemAvailable:    1552588 kB
Buffers:           20056 kB
Cached:           105832 kB
MemTotal:        1844596 kB
MemFree:         1557672 kB
MemAvailable:    1552712 kB
Buffers:           20056 kB
Cached:           105832 kB
MemTotal:        1844596 kB
MemFree:         1558200 kB
MemAvailable:    1553240 kB
Buffers:           20056 kB
Cached:           105832 kB
MemTotal:        1844596 kB
MemFree:         1558200 kB
MemAvailable:    1553240 kB
Buffers:           20056 kB
Cached:           105832 kB
MemTotal:        1844596 kB
MemFree:         1556844 kB
MemAvailable:    1551884 kB
Buffers:           20056 kB
Cached:           105832 kB
MemTotal:        1844596 kB
MemFree:         1556844 kB
MemAvailable:    1551884 kB
Buffers:           20056 kB
Cached:           105832 kB
MemTotal:        1844596 kB
MemFree:         1557312 kB
MemAvailable:    1552352 kB
Buffers:           20056 kB
Cached:           105832 kB
MemTotal:        1844596 kB
MemFree:         1557648 kB
MemAvailable:    1552688 kB
Buffers:           20056 kB
Cached:           105832 kB
MemTotal:        1844596 kB
MemFree:         1557224 kB
MemAvailable:    1552264 kB
Buffers:           20056 kB
Cached:           105832 kB
MemTotal:        1844596 kB
MemFree:         1555852 kB
MemAvailable:    1550892 kB
Buffers:           20056 kB
Cached:           105832 kB
MemTotal:        1844596 kB
MemFree:         1554992 kB
MemAvailable:    1550032 kB
Buffers:           20056 kB
Cached:           105832 kB
MemTotal:        1844596 kB
MemFree:         1555844 kB
MemAvailable:    1550884 kB
Buffers:           20056 kB
Cached:           105832 kB
MemTotal:        1844596 kB
MemFree:         1555844 kB
MemAvailable:    1550884 kB
Buffers:           20056 kB
Cached:           105832 kB
MemTotal:        1844596 kB
MemFree:         1554248 kB
MemAvailable:    1549288 kB
Buffers:           20056 kB
Cached:           105832 kB
MemTotal:        1844596 kB
MemFree:         1554612 kB
MemAvailable:    1549652 kB
Buffers:           20056 kB
Cached:           105832 kB
MemTotal:        1844596 kB
MemFree:         1555180 kB
MemAvailable:    1550220 kB
Buffers:           20056 kB
Cached:           105832 kB
MemTotal:        1844596 kB
MemFree:         1553968 kB
MemAvailable:    1549008 kB
Buffers:           20056 kB
Cached:           105832 kB
MemTotal:        1844596 kB
MemFree:         1554116 kB
MemAvailable:    1549156 kB
Buffers:           20056 kB
Cached:           105832 kB
MemTotal:        1844596 kB
MemFree:         1554116 kB
MemAvailable:    1549156 kB
Buffers:           20056 kB
Cached:           105832 kB
MemTotal:        1844596 kB
MemFree:         1554000 kB
MemAvailable:    1549040 kB
Buffers:           20056 kB
Cached:           105832 kB
MemTotal:        1844596 kB
MemFree:         1553992 kB
MemAvailable:    1549032 kB
Buffers:           20056 kB
Cached:           105832 kB
MemTotal:        1844596 kB
MemFree:         1554932 kB
MemAvailable:    1549972 kB
Buffers:           20056 kB
Cached:           105832 kB
MemTotal:        1844596 kB
MemFree:         1554912 kB
MemAvailable:    1549952 kB
Buffers:           20056 kB
Cached:           105832 kB
MemTotal:        1844596 kB
MemFree:         1554000 kB
MemAvailable:    1549040 kB
Buffers:           20056 kB
Cached:           105832 kB
MemTotal:        1844596 kB
MemFree:         1555300 kB
MemAvailable:    1550344 kB
Buffers:           20056 kB
Cached:           105836 kB
MemTotal:        1844596 kB
MemFree:         1553992 kB
MemAvailable:    1549036 kB
Buffers:           20056 kB
Cached:           105836 kB
MemTotal:        1844596 kB
MemFree:         1554480 kB
MemAvailable:    1549524 kB
Buffers:           20056 kB
Cached:           105836 kB
MemTotal:        1844596 kB
MemFree:         1554816 kB
MemAvailable:    1549860 kB
Buffers:           20056 kB
Cached:           105836 kB
MemTotal:        1844596 kB
MemFree:         1554308 kB
MemAvailable:    1549352 kB
Buffers:           20056 kB
Cached:           105836 kB
MemTotal:        1844596 kB
MemFree:         1549844 kB
MemAvailable:    1544888 kB
Buffers:           20056 kB
Cached:           105836 kB
MemTotal:        1844596 kB
MemFree:         1548108 kB
MemAvailable:    1543152 kB
Buffers:           20056 kB
Cached:           105836 kB
MemTotal:        1844596 kB
MemFree:         1548108 kB
MemAvailable:    1543236 kB
Buffers:           20056 kB
Cached:           105960 kB
MemTotal:        1844596 kB
MemFree:         1546808 kB
MemAvailable:    1542020 kB
Buffers:           20056 kB
Cached:           105960 kB
MemTotal:        1844596 kB
MemFree:         1546380 kB
MemAvailable:    1541592 kB
Buffers:           20056 kB
Cached:           106084 kB
MemTotal:        1844596 kB
MemFree:         1547736 kB
MemAvailable:    1543200 kB
Buffers:           20056 kB
Cached:           106208 kB
MemTotal:        1844596 kB
MemFree:         1547680 kB
MemAvailable:    1543060 kB
Buffers:           20056 kB
Cached:           106208 kB
MemTotal:        1844596 kB
MemFree:         1546552 kB
MemAvailable:    1542128 kB
Buffers:           20056 kB
Cached:           106404 kB
MemTotal:        1844596 kB
MemFree:         1547736 kB
MemAvailable:    1543396 kB
Buffers:           20056 kB
Cached:           106404 kB
MemTotal:        1844596 kB
MemFree:         1547488 kB
MemAvailable:    1543148 kB
Buffers:           20056 kB
Cached:           106404 kB
MemTotal:        1844596 kB
MemFree:         1547356 kB
MemAvailable:    1543016 kB
Buffers:           20056 kB
Cached:           106528 kB
MemTotal:        1844596 kB
MemFree:         1546684 kB
MemAvailable:    1542344 kB
Buffers:           20056 kB
Cached:           106528 kB
MemTotal:        1844596 kB
MemFree:         1547284 kB
MemAvailable:    1542944 kB
Buffers:           20056 kB
Cached:           106528 kB
MemTotal:        1844596 kB
MemFree:         1547352 kB
MemAvailable:    1543012 kB
Buffers:           20056 kB
Cached:           106528 kB
MemTotal:        1844596 kB
MemFree:         1546052 kB
MemAvailable:    1541712 kB
Buffers:           20056 kB
Cached:           106528 kB
MemTotal:        1844596 kB
MemFree:         1547324 kB
MemAvailable:    1542984 kB
Buffers:           20056 kB
Cached:           106528 kB
MemTotal:        1844596 kB
MemFree:         1546016 kB
MemAvailable:    1541676 kB
Buffers:           20056 kB
Cached:           106528 kB
MemTotal:        1844596 kB
MemFree:         1546644 kB
MemAvailable:    1541716 kB
Buffers:           20056 kB
Cached:           105896 kB
MemTotal:        1844596 kB
MemFree:         1616012 kB
MemAvailable:    1611084 kB
Buffers:           20056 kB
Cached:           105896 kB
