MemTotal:        1844596 kB
MemFree:         1534372 kB
MemAvailable:    1574888 kB
Buffers:           25600 kB
Cached:           146652 kB
MemTotal:        1844596 kB
MemFree:         1532704 kB
MemAvailable:    1573220 kB
Buffers:           25600 kB
Cached:           146652 kB
MemTotal:        1844596 kB
MemFree:         1529280 kB
MemAvailable:    1569796 kB
Buffers:           25600 kB
Cached:           146652 kB
MemTotal:        1844596 kB
MemFree:         1529404 kB
MemAvailable:    1569920 kB
Buffers:           25600 kB
Cached:           146652 kB
MemTotal:        1844596 kB
MemFree:         1529032 kB
MemAvailable:    1569548 kB
Buffers:           25600 kB
Cached:           146652 kB
MemTotal:        1844596 kB
MemFree:         1528676 kB
MemAvailable:    1569192 kB
Buffers:           25600 kB
Cached:           146652 kB
MemTotal:        1844596 kB
MemFree:         1526056 kB
MemAvailable:    1566572 kB
Buffers:           25600 kB
Cached:           146652 kB
MemTotal:        1844596 kB
MemFree:         1526184 kB
MemAvailable:    1566700 kB
Buffers:           25600 kB
Cached:           146652 kB
MemTotal:        1844596 kB
MemFree:         1521840 kB
MemAvailable:    1562356 kB
Buffers:           25600 kB
Cached:           146652 kB
MemTotal:        1844596 kB
MemFree:         1521924 kB
MemAvailable:    1562440 kB
Buffers:           25600 kB
Cached:           146652 kB
MemTotal:        1844596 kB
MemFree:         1519172 kB
MemAvailable:    1559688 kB
Buffers:           25600 kB
Cached:           146652 kB
MemTotal:        1844596 kB
MemFree:         1518136 kB
MemAvailable:    1558652 kB
Buffers:           25600 kB
Cached:           146652 kB
MemTotal:        1844596 kB
MemFree:         1519336 kB
MemAvailable:    1559852 kB
Buffers:           25600 kB
Cached:           146652 kB
MemTotal:        1844596 kB
MemFree:         1517964 kB
MemAvailable:    1558480 kB
Buffers:           25600 kB
Cached:           146652 kB
MemTotal:        1844596 kB
MemFree:         1519072 kB
MemAvailable:    1559588 kB
Buffers:           25600 kB
Cached:           146652 kB
MemTotal:        1844596 kB
MemFree:         1519328 kB
MemAvailable:    1559844 kB
Buffers:           25600 kB
Cached:           146652 kB
MemTotal:        1844596 kB
MemFree:         1517996 kB
MemAvailable:    1558512 kB
Buffers:           25600 kB
Cached:           146652 kB
MemTotal:        1844596 kB
MemFree:         1518080 kB
MemAvailable:    1558596 kB
Buffers:           25600 kB
Cached:           146652 kB
MemTotal:        1844596 kB
MemFree:         1516880 kB
MemAvailable:    1557396 kB
Buffers:           25600 kB
Cached:           146652 kB
MemTotal:        1844596 kB
MemFree:         1516400 kB
MemAvailable:    1556916 kB
Buffers:           25600 kB
Cached:           146652 kB
MemTotal:        1844596 kB
MemFree:         1516744 kB
MemAvailable:    1557260 kB
Buffers:           25600 kB
Cached:           146652 kB
MemTotal:        1844596 kB
MemFree:         1516996 kB
MemAvailable:    1557512 kB
Buffers:           25600 kB
Cached:           146652 kB
MemTotal:        1844596 kB
MemFree:         1516716 kB
MemAvailable:    1557232 kB
Buffers:           25600 kB
Cached:           146652 kB
MemTotal:        1844596 kB
MemFree:         1515512 kB
MemAvailable:    1556028 kB
Buffers:           25600 kB
Cached:           146652 kB
MemTotal:        1844596 kB
MemFree:         1516752 kB
MemAvailable:    1557268 kB
Buffers:           25600 kB
Cached:           146652 kB
MemTotal:        1844596 kB
MemFree:         1516608 kB
MemAvailable:    1557124 kB
Buffers:           25600 kB
Cached:           146652 kB
MemTotal:        1844596 kB
MemFree:         1516860 kB
MemAvailable:    1557376 kB
Buffers:           25600 kB
Cached:           146652 kB
MemTotal:        1844596 kB
MemFree:         1515344 kB
MemAvailable:    1555860 kB
Buffers:           25600 kB
Cached:           146652 kB
MemTotal:        1844596 kB
MemFree:         1517996 kB
MemAvailable:    1558512 kB
Buffers:           25600 kB
Cached:           146652 kB
MemTotal:        1844596 kB
MemFree:         1518332 kB
MemAvailable:    1558848 kB
Buffers:           25600 kB
Cached:           146652 kB
MemTotal:        1844596 kB
MemFree:         1517260 kB
MemAvailable:    1557776 kB
Buffers:           25600 kB
Cached:           146652 kB
MemTotal:        1844596 kB
MemFree:         1517152 kB
MemAvailable:    1557668 kB
Buffers:           25600 kB
Cached:           146652 kB
MemTotal:        1844596 kB
MemFree:         1515036 kB
MemAvailable:    1555552 kB
Buffers:           25600 kB
Cached:           146652 kB
MemTotal:        1844596 kB
MemFree:         1514600 kB
MemAvailable:    1555116 kB
Buffers:           25600 kB
Cached:           146652 kB
MemTotal:        1844596 kB
MemFree:         1513780 kB
MemAvailable:    1554296 kB
Buffers:           25600 kB
Cached:           146652 kB
MemTotal:        1844596 kB
MemFree:         1513548 kB
MemAvailable:    1554064 kB
Buffers:           25600 kB
Cached:           146652 kB
MemTotal:        1844596 kB
MemFree:         1513408 kB
MemAvailable:    1553928 kB
Buffers:           25600 kB
Cached:           146656 kB
MemTotal:        1844596 kB
MemFree:         1513492 kB
MemAvailable:    1554012 kB
Buffers:           25600 kB
Cached:           146656 kB
MemTotal:        1844596 kB
MemFree:         1511680 kB
MemAvailable:    1552204 kB
Buffers:           25600 kB
Cached:           146660 kB
MemTotal:        1844596 kB
MemFree:         1512664 kB
MemAvailable:    1553188 kB
Buffers:           25600 kB
Cached:           146660 kB
MemTotal:        1844596 kB
MemFree:         1511920 kB
MemAvailable:    1552444 kB
Buffers:           25600 kB
Cached:           146660 kB
MemTotal:        1844596 kB
MemFree:         1512556 kB
MemAvailable:    1553080 kB
Buffers:           25600 kB
Cached:           146660 kB
MemTotal:        1844596 kB
MemFree:         1511316 kB
MemAvailable:    1551840 kB
Buffers:           25600 kB
Cached:           146660 kB
MemTotal:        1844596 kB
MemFree:         1512500 kB
MemAvailable:    1553024 kB
Buffers:           25600 kB
Cached:           146660 kB
MemTotal:        1844596 kB
MemFree:         1512668 kB
MemAvailable:    1553192 kB
Buffers:           25600 kB
Cached:           146660 kB
MemTotal:        1844596 kB
MemFree:         1512436 kB
MemAvailable:    1552960 kB
Buffers:           25600 kB
Cached:           146660 kB
MemTotal:        1844596 kB
MemFree:         1512304 kB
MemAvailable:    1552828 kB
Buffers:           25600 kB
Cached:           146660 kB
MemTotal:        1844596 kB
MemFree:         1511068 kB
MemAvailable:    1551592 kB
Buffers:           25600 kB
Cached:           146660 kB
MemTotal:        1844596 kB
MemFree:         1511452 kB
MemAvailable:    1551976 kB
Buffers:           25600 kB
Cached:           146660 kB
MemTotal:        1844596 kB
MemFree:         1511256 kB
MemAvailable:    1551780 kB
Buffers:           25600 kB
Cached:           146660 kB
MemTotal:        1844596 kB
MemFree:         1510276 kB
MemAvailable:    1550800 kB
Buffers:           25600 kB
Cached:           146660 kB
MemTotal:        1844596 kB
MemFree:         1510400 kB
MemAvailable:    1550924 kB
Buffers:           25600 kB
Cached:           146660 kB
MemTotal:        1844596 kB
MemFree:         1510400 kB
MemAvailable:    1550924 kB
Buffers:           25600 kB
Cached:           146660 kB
MemTotal:        1844596 kB
MemFree:         1511764 kB
MemAvailable:    1552288 kB
Buffers:           25600 kB
Cached:           146660 kB
MemTotal:        1844596 kB
MemFree:         1511820 kB
MemAvailable:    1552344 kB
Buffers:           25600 kB
Cached:           146660 kB
MemTotal:        1844596 kB
MemFree:         1510892 kB
MemAvailable:    1551416 kB
Buffers:           25600 kB
Cached:           146660 kB
MemTotal:        1844596 kB
MemFree:         1511468 kB
MemAvailable:    1551992 kB
Buffers:           25600 kB
Cached:           146660 kB
MemTotal:        1844596 kB
MemFree:         1511812 kB
MemAvailable:    1552336 kB
Buffers:           25600 kB
Cached:           146660 kB
MemTotal:        1844596 kB
MemFree:         1510184 kB
MemAvailable:    1550708 kB
Buffers:           25600 kB
Cached:           146660 kB
MemTotal:        1844596 kB
MemFree:         1510260 kB
MemAvailable:    1550784 kB
Buffers:           25600 kB
Cached:           146660 kB
MemTotal:        1844596 kB
MemFree:         1510316 kB
MemAvailable:    1550840 kB
Buffers:           25600 kB
Cached:           146660 kB
MemTotal:        1844596 kB
MemFree:         1511012 kB
MemAvailable:    1551540 kB
Buffers:           25600 kB
Cached:           146664 kB
MemTotal:        1844596 kB
MemFree:         1511264 kB
MemAvailable:    1551792 kB
Buffers:           25600 kB
Cached:           146664 kB
MemTotal:        1844596 kB
MemFree:         1509896 kB
MemAvailable:    1550424 kB
Buffers:           25600 kB
Cached:           146664 kB
MemTotal:        1844596 kB
MemFree:         1509772 kB
MemAvailable:    1550300 kB
Buffers:           25600 kB
Cached:           146664 kB
MemTotal:        1844596 kB
MemFree:         1509772 kB
MemAvailable:    1550300 kB
Buffers:           25600 kB
Cached:           146664 kB
MemTotal:        1844596 kB
MemFree:         1510904 kB
MemAvailable:    1551432 kB
Buffers:           25600 kB
Cached:           146664 kB
MemTotal:        1844596 kB
MemFree:         1509828 kB
MemAvailable:    1550356 kB
Buffers:           25600 kB
Cached:           146664 kB
MemTotal:        1844596 kB
MemFree:         1510544 kB
MemAvailable:    1551072 kB
Buffers:           25600 kB
Cached:           146664 kB
MemTotal:        1844596 kB
MemFree:         1510796 kB
MemAvailable:    1551324 kB
Buffers:           25600 kB
Cached:           146664 kB
MemTotal:        1844596 kB
MemFree:         1510840 kB
MemAvailable:    1551368 kB
Buffers:           25600 kB
Cached:           146664 kB
MemTotal:        1844596 kB
MemFree:         1510076 kB
MemAvailable:    1550604 kB
Buffers:           25600 kB
Cached:           146664 kB
MemTotal:        1844596 kB
MemFree:         1510468 kB
MemAvailable:    1550996 kB
Buffers:           25600 kB
Cached:           146664 kB
MemTotal:        1844596 kB
MemFree:         1510812 kB
MemAvailable:    1551340 kB
Buffers:           25600 kB
Cached:           146664 kB
MemTotal:        1844596 kB
MemFree:         1509260 kB
MemAvailable:    1549788 kB
Buffers:           25600 kB
Cached:           146664 kB
MemTotal:        1844596 kB
MemFree:         1509316 kB
MemAvailable:    1549844 kB
Buffers:           25600 kB
Cached:           146664 kB
MemTotal:        1844596 kB
MemFree:         1509084 kB
MemAvailable:    1549612 kB
Buffers:           25600 kB
Cached:           146664 kB
MemTotal:        1844596 kB
MemFree:         1505968 kB
MemAvailable:    1546496 kB
Buffers:           25600 kB
Cached:           146664 kB
MemTotal:        1844596 kB
MemFree:         1506304 kB
MemAvailable:    1546832 kB
Buffers:           25600 kB
Cached:           146664 kB
MemTotal:        1844596 kB
MemFree:         1503116 kB
MemAvailable:    1543644 kB
Buffers:           25600 kB
Cached:           146664 kB
MemTotal:        1844596 kB
MemFree:         1503008 kB
MemAvailable:    1543536 kB
Buffers:           25600 kB
Cached:           146664 kB
MemTotal:        1844596 kB
MemFree:         1502868 kB
MemAvailable:    1543396 kB
Buffers:           25600 kB
Cached:           146664 kB
MemTotal:        1844596 kB
MemFree:         1502868 kB
MemAvailable:    1543396 kB
Buffers:           25600 kB
Cached:           146664 kB
MemTotal:        1844596 kB
MemFree:         1501752 kB
MemAvailable:    1542280 kB
Buffers:           25600 kB
Cached:           146664 kB
MemTotal:        1844596 kB
MemFree:         1501644 kB
MemAvailable:    1542172 kB
Buffers:           25600 kB
Cached:           146664 kB
MemTotal:        1844596 kB
MemFree:         1502812 kB
MemAvailable:    1543340 kB
Buffers:           25600 kB
Cached:           146664 kB
MemTotal:        1844596 kB
MemFree:         1502608 kB
MemAvailable:    1543136 kB
Buffers:           25600 kB
Cached:           146664 kB
MemTotal:        1844596 kB
MemFree:         1502608 kB
MemAvailable:    1543136 kB
Buffers:           25600 kB
Cached:           146664 kB
MemTotal:        1844596 kB
MemFree:         1502608 kB
MemAvailable:    1543136 kB
Buffers:           25600 kB
Cached:           146664 kB
MemTotal:        1844596 kB
MemFree:         1502860 kB
MemAvailable:    1543388 kB
Buffers:           25600 kB
Cached:           146664 kB
MemTotal:        1844596 kB
MemFree:         1501332 kB
MemAvailable:    1541860 kB
Buffers:           25600 kB
Cached:           146664 kB
MemTotal:        1844596 kB
MemFree:         1502676 kB
MemAvailable:    1543204 kB
Buffers:           25600 kB
Cached:           146664 kB
MemTotal:        1844596 kB
MemFree:         1502904 kB
MemAvailable:    1543432 kB
Buffers:           25600 kB
Cached:           146664 kB
MemTotal:        1844596 kB
MemFree:         1501388 kB
MemAvailable:    1541916 kB
Buffers:           25600 kB
Cached:           146664 kB
MemTotal:        1844596 kB
MemFree:         1502124 kB
MemAvailable:    1542652 kB
Buffers:           25600 kB
Cached:           146664 kB
MemTotal:        1844596 kB
MemFree:         1502124 kB
MemAvailable:    1542652 kB
Buffers:           25600 kB
Cached:           146664 kB
MemTotal:        1844596 kB
MemFree:         1500504 kB
MemAvailable:    1541032 kB
Buffers:           25600 kB
Cached:           146664 kB
MemTotal:        1844596 kB
MemFree:         1500520 kB
MemAvailable:    1541048 kB
Buffers:           25600 kB
Cached:           146664 kB
MemTotal:        1844596 kB
MemFree:         1501232 kB
MemAvailable:    1541760 kB
Buffers:           25600 kB
Cached:           146664 kB
MemTotal:        1844596 kB
MemFree:         1500024 kB
MemAvailable:    1540552 kB
Buffers:           25600 kB
Cached:           146664 kB
MemTotal:        1844596 kB
MemFree:         1500572 kB
MemAvailable:    1541100 kB
Buffers:           25600 kB
Cached:           146664 kB
MemTotal:        1844596 kB
MemFree:         1500908 kB
MemAvailable:    1541436 kB
Buffers:           25600 kB
Cached:           146664 kB
MemTotal:        1844596 kB
MemFree:         1498784 kB
MemAvailable:    1539312 kB
Buffers:           25600 kB
Cached:           146664 kB
MemTotal:        1844596 kB
MemFree:         1498536 kB
MemAvailable:    1539064 kB
Buffers:           25600 kB
Cached:           146664 kB
MemTotal:        1844596 kB
MemFree:         1498908 kB
MemAvailable:    1539436 kB
Buffers:           25600 kB
Cached:           146664 kB
MemTotal:        1844596 kB
MemFree:         1497916 kB
MemAvailable:    1538444 kB
Buffers:           25600 kB
Cached:           146664 kB
MemTotal:        1844596 kB
MemFree:         1498040 kB
MemAvailable:    1538568 kB
Buffers:           25600 kB
Cached:           146664 kB
MemTotal:        1844596 kB
MemFree:         1497916 kB
MemAvailable:    1538444 kB
Buffers:           25600 kB
Cached:           146664 kB
MemTotal:        1844596 kB
MemFree:         1497676 kB
MemAvailable:    1538204 kB
Buffers:           25600 kB
Cached:           146664 kB
MemTotal:        1844596 kB
MemFree:         1498900 kB
MemAvailable:    1539428 kB
Buffers:           25600 kB
Cached:           146664 kB
MemTotal:        1844596 kB
MemFree:         1497412 kB
MemAvailable:    1537940 kB
Buffers:           25600 kB
Cached:           146664 kB
MemTotal:        1844596 kB
MemFree:         1498852 kB
MemAvailable:    1539380 kB
Buffers:           25600 kB
Cached:           146664 kB
MemTotal:        1844596 kB
MemFree:         1497364 kB
MemAvailable:    1537892 kB
Buffers:           25600 kB
Cached:           146664 kB
MemTotal:        1844596 kB
MemFree:         1498728 kB
MemAvailable:    1539260 kB
Buffers:           25600 kB
Cached:           146668 kB
MemTotal:        1844596 kB
MemFree:         1497552 kB
MemAvailable:    1538084 kB
Buffers:           25600 kB
Cached:           146668 kB
MemTotal:        1844596 kB
MemFree:         1496924 kB
MemAvailable:    1537456 kB
Buffers:           25600 kB
Cached:           146668 kB
MemTotal:        1844596 kB
MemFree:         1497420 kB
MemAvailable:    1537952 kB
Buffers:           25600 kB
Cached:           146668 kB
MemTotal:        1844596 kB
MemFree:         1496612 kB
MemAvailable:    1537144 kB
Buffers:           25600 kB
Cached:           146668 kB
MemTotal:        1844596 kB
MemFree:         1493204 kB
MemAvailable:    1533736 kB
Buffers:           25600 kB
Cached:           146668 kB
MemTotal:        1844596 kB
MemFree:         1488004 kB
MemAvailable:    1528536 kB
Buffers:           25600 kB
Cached:           146668 kB
MemTotal:        1844596 kB
MemFree:         1487872 kB
MemAvailable:    1528488 kB
Buffers:           25600 kB
Cached:           146792 kB
MemTotal:        1844596 kB
MemFree:         1488856 kB
MemAvailable:    1529724 kB
Buffers:           25600 kB
Cached:           147040 kB
MemTotal:        1844596 kB
MemFree:         1488856 kB
MemAvailable:    1529724 kB
Buffers:           25600 kB
Cached:           147040 kB
MemTotal:        1844596 kB
MemFree:         1488544 kB
MemAvailable:    1529496 kB
Buffers:           25600 kB
Cached:           147164 kB
MemTotal:        1844596 kB
MemFree:         1487236 kB
MemAvailable:    1528272 kB
Buffers:           25600 kB
Cached:           147288 kB
MemTotal:        1844596 kB
MemFree:         1488212 kB
MemAvailable:    1529332 kB
Buffers:           25600 kB
Cached:           147288 kB
MemTotal:        1844596 kB
MemFree:         1488464 kB
MemAvailable:    1529584 kB
Buffers:           25600 kB
Cached:           147288 kB
MemTotal:        1844596 kB
MemFree:         1488364 kB
MemAvailable:    1529484 kB
Buffers:           25600 kB
Cached:           147288 kB
MemTotal:        1844596 kB
MemFree:         1488192 kB
MemAvailable:    1529312 kB
Buffers:           25600 kB
Cached:           147288 kB
MemTotal:        1844596 kB
MemFree:         1486820 kB
MemAvailable:    1527940 kB
Buffers:           25600 kB
Cached:           147288 kB
MemTotal:        1844596 kB
MemFree:         1486724 kB
MemAvailable:    1527844 kB
Buffers:           25600 kB
Cached:           147288 kB
MemTotal:        1844596 kB
MemFree:         1488240 kB
MemAvailable:    1529360 kB
Buffers:           25600 kB
Cached:           147288 kB
MemTotal:        1844596 kB
MemFree:         1488356 kB
MemAvailable:    1529476 kB
Buffers:           25600 kB
Cached:           147288 kB
MemTotal:        1844596 kB
MemFree:         1488248 kB
MemAvailable:    1529452 kB
Buffers:           25600 kB
Cached:           147288 kB
MemTotal:        1844596 kB
MemFree:         1487460 kB
MemAvailable:    1527992 kB
Buffers:           25600 kB
Cached:           146656 kB
MemTotal:        1844596 kB
MemFree:         1560156 kB
MemAvailable:    1600652 kB
Buffers:           25600 kB
Cached:           146628 kB
