MemTotal:        1844596 kB
MemFree:         1317152 kB
MemAvailable:    1555920 kB
Buffers:           50216 kB
Cached:           313584 kB
MemTotal:        1844596 kB
MemFree:         1314796 kB
MemAvailable:    1553564 kB
Buffers:           50216 kB
Cached:           313584 kB
MemTotal:        1844596 kB
MemFree:         1312740 kB
MemAvailable:    1551508 kB
Buffers:           50216 kB
Cached:           313584 kB
MemTotal:        1844596 kB
MemFree:         1311696 kB
MemAvailable:    1550464 kB
Buffers:           50216 kB
Cached:           313584 kB
MemTotal:        1844596 kB
MemFree:         1311424 kB
MemAvailable:    1550192 kB
Buffers:           50216 kB
Cached:           313584 kB
MemTotal:        1844596 kB
MemFree:         1311424 kB
MemAvailable:    1550192 kB
Buffers:           50216 kB
Cached:           313584 kB
MemTotal:        1844596 kB
MemFree:         1310580 kB
MemAvailable:    1549348 kB
Buffers:           50216 kB
Cached:           313584 kB
MemTotal:        1844596 kB
MemFree:         1308596 kB
MemAvailable:    1547364 kB
Buffers:           50216 kB
Cached:           313584 kB
MemTotal:        1844596 kB
MemFree:         1306796 kB
MemAvailable:    1545564 kB
Buffers:           50216 kB
Cached:           313584 kB
MemTotal:        1844596 kB
MemFree:         1305124 kB
MemAvailable:    1543892 kB
Buffers:           50216 kB
Cached:           313584 kB
MemTotal:        1844596 kB
MemFree:         1300348 kB
MemAvailable:    1539116 kB
Buffers:           50216 kB
Cached:           313584 kB
MemTotal:        1844596 kB
MemFree:         1301324 kB
MemAvailable:    1540092 kB
Buffers:           50216 kB
Cached:           313584 kB
MemTotal:        1844596 kB
MemFree:         1301300 kB
MemAvailable:    1540068 kB
Buffers:           50216 kB
Cached:           313584 kB
MemTotal:        1844596 kB
MemFree:         1299732 kB
MemAvailable:    1538500 kB
Buffers:           50216 kB
Cached:           313584 kB
MemTotal:        1844596 kB
MemFree:         1299860 kB
MemAvailable:    1538628 kB
Buffers:           50216 kB
Cached:           313584 kB
MemTotal:        1844596 kB
MemFree:         1301328 kB
MemAvailable:    1540096 kB
Buffers:           50216 kB
Cached:           313584 kB
MemTotal:        1844596 kB
MemFree:         1300104 kB
MemAvailable:    1538872 kB
Buffers:           50216 kB
Cached:           313584 kB
MemTotal:        1844596 kB
MemFree:         1300844 kB
MemAvailable:    1539612 kB
Buffers:           50216 kB
Cached:           313584 kB
MemTotal:        1844596 kB
MemFree:         1300288 kB
MemAvailable:    1539056 kB
Buffers:           50216 kB
Cached:           313584 kB
MemTotal:        1844596 kB
MemFree:         1298676 kB
MemAvailable:    1537444 kB
Buffers:           50216 kB
Cached:           313584 kB
MemTotal:        1844596 kB
MemFree:         1299232 kB
MemAvailable:    1538000 kB
Buffers:           50216 kB
Cached:           313584 kB
MemTotal:        1844596 kB
MemFree:         1297800 kB
MemAvailable:    1536568 kB
Buffers:           50216 kB
Cached:           313584 kB
MemTotal:        1844596 kB
MemFree:         1298784 kB
MemAvailable:    1537552 kB
Buffers:           50216 kB
Cached:           313584 kB
MemTotal:        1844596 kB
MemFree:         1297760 kB
MemAvailable:    1536528 kB
Buffers:           50216 kB
Cached:           313584 kB
MemTotal:        1844596 kB
MemFree:         1298784 kB
MemAvailable:    1537552 kB
Buffers:           50216 kB
Cached:           313584 kB
MemTotal:        1844596 kB
MemFree:         1298812 kB
MemAvailable:    1537580 kB
Buffers:           50216 kB
Cached:           313584 kB
MemTotal:        1844596 kB
MemFree:         1298304 kB
MemAvailable:    1537072 kB
Buffers:           50216 kB
Cached:           313584 kB
MemTotal:        1844596 kB
MemFree:         1298848 kB
MemAvailable:    1537616 kB
Buffers:           50216 kB
Cached:           313584 kB
MemTotal:        1844596 kB
MemFree:         1298860 kB
MemAvailable:    1537628 kB
Buffers:           50216 kB
Cached:           313584 kB
MemTotal:        1844596 kB
MemFree:         1297512 kB
MemAvailable:    1536280 kB
Buffers:           50216 kB
Cached:           313584 kB
MemTotal:        1844596 kB
MemFree:         1300084 kB
MemAvailable:    1538852 kB
Buffers:           50216 kB
Cached:           313584 kB
MemTotal:        1844596 kB
MemFree:         1299544 kB
MemAvailable:    1538312 kB
Buffers:           50216 kB
Cached:           313584 kB
MemTotal:        1844596 kB
MemFree:         1299520 kB
MemAvailable:    1538288 kB
Buffers:           50216 kB
Cached:           313584 kB
MemTotal:        1844596 kB
MemFree:         1299772 kB
MemAvailable:    1538540 kB
Buffers:           50216 kB
Cached:           313584 kB
MemTotal:        1844596 kB
MemFree:         1296752 kB
MemAvailable:    1535520 kB
Buffers:           50216 kB
Cached:           313584 kB
MemTotal:        1844596 kB
MemFree:         1296180 kB
MemAvailable:    1534948 kB
Buffers:           50216 kB
Cached:           313584 kB
MemTotal:        1844596 kB
MemFree:         1295700 kB
MemAvailable:    1534468 kB
Buffers:           50216 kB
Cached:           313584 kB
MemTotal:        1844596 kB
MemFree:         1295024 kB
MemAvailable:    1533792 kB
Buffers:           50216 kB
Cached:           313584 kB
MemTotal:        1844596 kB
MemFree:         1293452 kB
MemAvailable:    1532220 kB
Buffers:           50216 kB
Cached:           313584 kB
MemTotal:        1844596 kB
MemFree:         1293412 kB
MemAvailable:    1532180 kB
Buffers:           50216 kB
Cached:           313584 kB
MemTotal:        1844596 kB
MemFree:         1294712 kB
MemAvailable:    1533480 kB
Buffers:           50216 kB
Cached:           313584 kB
MemTotal:        1844596 kB
MemFree:         1294548 kB
MemAvailable:    1533316 kB
Buffers:           50216 kB
Cached:           313584 kB
MemTotal:        1844596 kB
MemFree:         1294884 kB
MemAvailable:    1533652 kB
Buffers:           50216 kB
Cached:           313584 kB
MemTotal:        1844596 kB
MemFree:         1293392 kB
MemAvailable:    1532160 kB
Buffers:           50216 kB
Cached:           313584 kB
MemTotal:        1844596 kB
MemFree:         1294096 kB
MemAvailable:    1532864 kB
Buffers:           50216 kB
Cached:           313584 kB
MemTotal:        1844596 kB
MemFree:         1294452 kB
MemAvailable:    1533220 kB
Buffers:           50216 kB
Cached:           313584 kB
MemTotal:        1844596 kB
MemFree:         1294512 kB
MemAvailable:    1533280 kB
Buffers:           50216 kB
Cached:           313584 kB
MemTotal:        1844596 kB
MemFree:         1294380 kB
MemAvailable:    1533148 kB
Buffers:           50216 kB
Cached:           313584 kB
MemTotal:        1844596 kB
MemFree:         1293088 kB
MemAvailable:    1531856 kB
Buffers:           50216 kB
Cached:           313584 kB
MemTotal:        1844596 kB
MemFree:         1293752 kB
MemAvailable:    1532520 kB
Buffers:           50216 kB
Cached:           313584 kB
MemTotal:        1844596 kB
MemFree:         1293752 kB
MemAvailable:    1532520 kB
Buffers:           50216 kB
Cached:           313584 kB
MemTotal:        1844596 kB
MemFree:         1293820 kB
MemAvailable:    1532588 kB
Buffers:           50216 kB
Cached:           313584 kB
MemTotal:        1844596 kB
MemFree:         1293164 kB
MemAvailable:    1531932 kB
Buffers:           50216 kB
Cached:           313584 kB
MemTotal:        1844596 kB
MemFree:         1292408 kB
MemAvailable:    1531176 kB
Buffers:           50216 kB
Cached:           313584 kB
MemTotal:        1844596 kB
MemFree:         1293576 kB
MemAvailable:    1532344 kB
Buffers:           50216 kB
Cached:           313584 kB
MemTotal:        1844596 kB
MemFree:         1293544 kB
MemAvailable:    1532312 kB
Buffers:           50216 kB
Cached:           313584 kB
MemTotal:        1844596 kB
MemFree:         1293796 kB
MemAvailable:    1532564 kB
Buffers:           50216 kB
Cached:           313584 kB
MemTotal:        1844596 kB
MemFree:         1293628 kB
MemAvailable:    1532396 kB
Buffers:           50216 kB
Cached:           313584 kB
MemTotal:        1844596 kB
MemFree:         1293572 kB
MemAvailable:    1532340 kB
Buffers:           50216 kB
Cached:           313584 kB
MemTotal:        1844596 kB
MemFree:         1292840 kB
MemAvailable:    1531616 kB
Buffers:           50216 kB
Cached:           313592 kB
MemTotal:        1844596 kB
MemFree:         1294024 kB
MemAvailable:    1532800 kB
Buffers:           50216 kB
Cached:           313592 kB
MemTotal:        1844596 kB
MemFree:         1293528 kB
MemAvailable:    1532304 kB
Buffers:           50216 kB
Cached:           313592 kB
MemTotal:        1844596 kB
MemFree:         1292476 kB
MemAvailable:    1531252 kB
Buffers:           50216 kB
Cached:           313592 kB
MemTotal:        1844596 kB
MemFree:         1293208 kB
MemAvailable:    1531984 kB
Buffers:           50216 kB
Cached:           313592 kB
MemTotal:        1844596 kB
MemFree:         1291712 kB
MemAvailable:    1530488 kB
Buffers:           50216 kB
Cached:           313592 kB
MemTotal:        1844596 kB
MemFree:         1291836 kB
MemAvailable:    1530612 kB
Buffers:           50216 kB
Cached:           313592 kB
MemTotal:        1844596 kB
MemFree:         1291704 kB
MemAvailable:    1530480 kB
Buffers:           50216 kB
Cached:           313592 kB
MemTotal:        1844596 kB
MemFree:         1292880 kB
MemAvailable:    1531656 kB
Buffers:           50216 kB
Cached:           313592 kB
MemTotal:        1844596 kB
MemFree:         1292548 kB
MemAvailable:    1531324 kB
Buffers:           50216 kB
Cached:           313592 kB
MemTotal:        1844596 kB
MemFree:         1292800 kB
MemAvailable:    1531576 kB
Buffers:           50216 kB
Cached:           313592 kB
MemTotal:        1844596 kB
MemFree:         1292736 kB
MemAvailable:    1531512 kB
Buffers:           50216 kB
Cached:           313592 kB
MemTotal:        1844596 kB
MemFree:         1292736 kB
MemAvailable:    1531512 kB
Buffers:           50216 kB
Cached:           313592 kB
MemTotal:        1844596 kB
MemFree:         1292660 kB
MemAvailable:    1531436 kB
Buffers:           50216 kB
Cached:           313592 kB
MemTotal:        1844596 kB
MemFree:         1291484 kB
MemAvailable:    1530260 kB
Buffers:           50216 kB
Cached:           313592 kB
MemTotal:        1844596 kB
MemFree:         1292784 kB
MemAvailable:    1531560 kB
Buffers:           50216 kB
Cached:           313592 kB
MemTotal:        1844596 kB
MemFree:         1292444 kB
MemAvailable:    1531220 kB
Buffers:           50216 kB
Cached:           313592 kB
MemTotal:        1844596 kB
MemFree:         1291848 kB
MemAvailable:    1530624 kB
Buffers:           50216 kB
Cached:           313592 kB
MemTotal:        1844596 kB
MemFree:         1289864 kB
MemAvailable:    1528640 kB
Buffers:           50216 kB
Cached:           313592 kB
MemTotal:        1844596 kB
MemFree:         1287020 kB
MemAvailable:    1525796 kB
Buffers:           50216 kB
Cached:           313592 kB
MemTotal:        1844596 kB
MemFree:         1284540 kB
MemAvailable:    1523316 kB
Buffers:           50216 kB
Cached:           313592 kB
MemTotal:        1844596 kB
MemFree:         1284292 kB
MemAvailable:    1523068 kB
Buffers:           50216 kB
Cached:           313592 kB
MemTotal:        1844596 kB
MemFree:         1285020 kB
MemAvailable:    1523796 kB
Buffers:           50216 kB
Cached:           313592 kB
MemTotal:        1844596 kB
MemFree:         1285020 kB
MemAvailable:    1523796 kB
Buffers:           50216 kB
Cached:           313592 kB
MemTotal:        1844596 kB
MemFree:         1284668 kB
MemAvailable:    1523444 kB
Buffers:           50216 kB
Cached:           313592 kB
MemTotal:        1844596 kB
MemFree:         1283404 kB
MemAvailable:    1522180 kB
Buffers:           50216 kB
Cached:           313592 kB
MemTotal:        1844596 kB
MemFree:         1283528 kB
MemAvailable:    1522304 kB
Buffers:           50216 kB
Cached:           313592 kB
MemTotal:        1844596 kB
MemFree:         1283520 kB
MemAvailable:    1522296 kB
Buffers:           50216 kB
Cached:           313592 kB
MemTotal:        1844596 kB
MemFree:         1283652 kB
MemAvailable:    1522428 kB
Buffers:           50216 kB
Cached:           313592 kB
MemTotal:        1844596 kB
MemFree:         1283652 kB
MemAvailable:    1522428 kB
Buffers:           50216 kB
Cached:           313592 kB
MemTotal:        1844596 kB
MemFree:         1284892 kB
MemAvailable:    1523668 kB
Buffers:           50216 kB
Cached:           313592 kB
MemTotal:        1844596 kB
MemFree:         1284744 kB
MemAvailable:    1523520 kB
Buffers:           50216 kB
Cached:           313592 kB
MemTotal:        1844596 kB
MemFree:         1284828 kB
MemAvailable:    1523604 kB
Buffers:           50216 kB
Cached:           313592 kB
MemTotal:        1844596 kB
MemFree:         1284828 kB
MemAvailable:    1523604 kB
Buffers:           50216 kB
Cached:           313592 kB
MemTotal:        1844596 kB
MemFree:         1284656 kB
MemAvailable:    1523432 kB
Buffers:           50216 kB
Cached:           313592 kB
MemTotal:        1844596 kB
MemFree:         1284440 kB
MemAvailable:    1523216 kB
Buffers:           50216 kB
Cached:           313592 kB
MemTotal:        1844596 kB
MemFree:         1284588 kB
MemAvailable:    1523364 kB
Buffers:           50216 kB
Cached:           313592 kB
MemTotal:        1844596 kB
MemFree:         1283780 kB
MemAvailable:    1522556 kB
Buffers:           50216 kB
Cached:           313592 kB
MemTotal:        1844596 kB
MemFree:         1283780 kB
MemAvailable:    1522556 kB
Buffers:           50216 kB
Cached:           313592 kB
MemTotal:        1844596 kB
MemFree:         1283260 kB
MemAvailable:    1522036 kB
Buffers:           50216 kB
Cached:           313592 kB
MemTotal:        1844596 kB
MemFree:         1283152 kB
MemAvailable:    1521928 kB
Buffers:           50216 kB
Cached:           313592 kB
MemTotal:        1844596 kB
MemFree:         1283036 kB
MemAvailable:    1521812 kB
Buffers:           50216 kB
Cached:           313592 kB
MemTotal:        1844596 kB
MemFree:         1282864 kB
MemAvailable:    1521640 kB
Buffers:           50216 kB
Cached:           313592 kB
MemTotal:        1844596 kB
MemFree:         1281936 kB
MemAvailable:    1520712 kB
Buffers:           50216 kB
Cached:           313592 kB
MemTotal:        1844596 kB
MemFree:         1282184 kB
MemAvailable:    1520960 kB
Buffers:           50216 kB
Cached:           313592 kB
MemTotal:        1844596 kB
MemFree:         1281980 kB
MemAvailable:    1520756 kB
Buffers:           50216 kB
Cached:           313592 kB
MemTotal:        1844596 kB
MemFree:         1281564 kB
MemAvailable:    1520340 kB
Buffers:           50216 kB
Cached:           313592 kB
MemTotal:        1844596 kB
MemFree:         1280200 kB
MemAvailable:    1518976 kB
Buffers:           50216 kB
Cached:           313592 kB
MemTotal:        1844596 kB
MemFree:         1281376 kB
MemAvailable:    1520152 kB
Buffers:           50216 kB
Cached:           313592 kB
MemTotal:        1844596 kB
MemFree:         1281288 kB
MemAvailable:    1520064 kB
Buffers:           50216 kB
Cached:           313592 kB
MemTotal:        1844596 kB
MemFree:         1280084 kB
MemAvailable:    1518860 kB
Buffers:           50216 kB
Cached:           313592 kB
MemTotal:        1844596 kB
MemFree:         1280748 kB
MemAvailable:    1519524 kB
Buffers:           50216 kB
Cached:           313592 kB
MemTotal:        1844596 kB
MemFree:         1279316 kB
MemAvailable:    1518092 kB
Buffers:           50216 kB
Cached:           313592 kB
MemTotal:        1844596 kB
MemFree:         1279316 kB
MemAvailable:    1518092 kB
Buffers:           50216 kB
Cached:           313592 kB
MemTotal:        1844596 kB
MemFree:         1279444 kB
MemAvailable:    1518220 kB
Buffers:           50216 kB
Cached:           313592 kB
MemTotal:        1844596 kB
MemFree:         1279692 kB
MemAvailable:    1518468 kB
Buffers:           50216 kB
Cached:           313592 kB
MemTotal:        1844596 kB
MemFree:         1280828 kB
MemAvailable:    1519604 kB
Buffers:           50216 kB
Cached:           313592 kB
MemTotal:        1844596 kB
MemFree:         1279644 kB
MemAvailable:    1518420 kB
Buffers:           50216 kB
Cached:           313592 kB
MemTotal:        1844596 kB
MemFree:         1279332 kB
MemAvailable:    1518108 kB
Buffers:           50216 kB
Cached:           313592 kB
MemTotal:        1844596 kB
MemFree:         1279324 kB
MemAvailable:    1518100 kB
Buffers:           50216 kB
Cached:           313592 kB
MemTotal:        1844596 kB
MemFree:         1275672 kB
MemAvailable:    1514448 kB
Buffers:           50216 kB
Cached:           313592 kB
MemTotal:        1844596 kB
MemFree:         1272616 kB
MemAvailable:    1511392 kB
Buffers:           50216 kB
Cached:           313592 kB
MemTotal:        1844596 kB
MemFree:         1271504 kB
MemAvailable:    1510364 kB
Buffers:           50216 kB
Cached:           313716 kB
MemTotal:        1844596 kB
MemFree:         1271756 kB
MemAvailable:    1510616 kB
Buffers:           50216 kB
Cached:           313716 kB
MemTotal:        1844596 kB
MemFree:         1269900 kB
MemAvailable:    1508928 kB
Buffers:           50216 kB
Cached:           313840 kB
MemTotal:        1844596 kB
MemFree:         1270660 kB
MemAvailable:    1509772 kB
Buffers:           50216 kB
Cached:           313964 kB
MemTotal:        1844596 kB
MemFree:         1270752 kB
MemAvailable:    1510032 kB
Buffers:           50216 kB
Cached:           314088 kB
MemTotal:        1844596 kB
MemFree:         1271004 kB
MemAvailable:    1510284 kB
Buffers:           50216 kB
Cached:           314088 kB
MemTotal:        1844596 kB
MemFree:         1270688 kB
MemAvailable:    1510052 kB
Buffers:           50216 kB
Cached:           314212 kB
MemTotal:        1844596 kB
MemFree:         1269908 kB
MemAvailable:    1509272 kB
Buffers:           50216 kB
Cached:           314212 kB
MemTotal:        1844596 kB
MemFree:         1270700 kB
MemAvailable:    1510064 kB
Buffers:           50216 kB
Cached:           314212 kB
MemTotal:        1844596 kB
MemFree:         1270620 kB
MemAvailable:    1509984 kB
Buffers:           50216 kB
Cached:           314212 kB
MemTotal:        1844596 kB
MemFree:         1270620 kB
MemAvailable:    1509984 kB
Buffers:           50216 kB
Cached:           314212 kB
MemTotal:        1844596 kB
MemFree:         1271148 kB
MemAvailable:    1510552 kB
Buffers:           50216 kB
Cached:           314256 kB
MemTotal:        1844596 kB
MemFree:         1271024 kB
MemAvailable:    1510428 kB
Buffers:           50216 kB
Cached:           314256 kB
MemTotal:        1844596 kB
MemFree:         1271016 kB
MemAvailable:    1510420 kB
Buffers:           50216 kB
Cached:           314256 kB
MemTotal:        1844596 kB
MemFree:         1269644 kB
MemAvailable:    1509048 kB
Buffers:           50216 kB
Cached:           314256 kB
MemTotal:        1844596 kB
MemFree:         1270884 kB
MemAvailable:    1510372 kB
Buffers:           50216 kB
Cached:           314380 kB
MemTotal:        1844596 kB
MemFree:         1269652 kB
MemAvailable:    1508468 kB
Buffers:           50216 kB
Cached:           313624 kB
MemTotal:        1844596 kB
MemFree:         1340080 kB
MemAvailable:    1578896 kB
Buffers:           50216 kB
Cached:           313624 kB
