MemTotal:        1844596 kB
MemFree:         1519444 kB
MemAvailable:    1570812 kB
Buffers:           26888 kB
Cached:           157632 kB
MemTotal:        1844596 kB
MemFree:         1516640 kB
MemAvailable:    1568008 kB
Buffers:           26888 kB
Cached:           157632 kB
MemTotal:        1844596 kB
MemFree:         1515416 kB
MemAvailable:    1566784 kB
Buffers:           26888 kB
Cached:           157632 kB
MemTotal:        1844596 kB
MemFree:         1515416 kB
MemAvailable:    1566784 kB
Buffers:           26888 kB
Cached:           157632 kB
MemTotal:        1844596 kB
MemFree:         1513920 kB
MemAvailable:    1565288 kB
Buffers:           26888 kB
Cached:           157632 kB
MemTotal:        1844596 kB
MemFree:         1514284 kB
MemAvailable:    1565652 kB
Buffers:           26888 kB
Cached:           157632 kB
MemTotal:        1844596 kB
MemFree:         1514288 kB
MemAvailable:    1565656 kB
Buffers:           26888 kB
Cached:           157632 kB
MemTotal:        1844596 kB
MemFree:         1510324 kB
MemAvailable:    1561692 kB
Buffers:           26888 kB
Cached:           157632 kB
MemTotal:        1844596 kB
MemFree:         1506804 kB
MemAvailable:    1558172 kB
Buffers:           26888 kB
Cached:           157632 kB
MemTotal:        1844596 kB
MemFree:         1506860 kB
MemAvailable:    1558228 kB
Buffers:           26888 kB
Cached:           157632 kB
MemTotal:        1844596 kB
MemFree:         1505292 kB
MemAvailable:    1556660 kB
Buffers:           26888 kB
Cached:           157632 kB
MemTotal:        1844596 kB
MemFree:         1503928 kB
MemAvailable:    1555296 kB
Buffers:           26888 kB
Cached:           157632 kB
MemTotal:        1844596 kB
MemFree:         1504076 kB
MemAvailable:    1555444 kB
Buffers:           26888 kB
Cached:           157632 kB
MemTotal:        1844596 kB
MemFree:         1504200 kB
MemAvailable:    1555568 kB
Buffers:           26888 kB
Cached:           157632 kB
MemTotal:        1844596 kB
MemFree:         1505676 kB
MemAvailable:    1557044 kB
Buffers:           26888 kB
Cached:           157632 kB
MemTotal:        1844596 kB
MemFree:         1504496 kB
MemAvailable:    1555864 kB
Buffers:           26888 kB
Cached:           157632 kB
MemTotal:        1844596 kB
MemFree:         1504612 kB
MemAvailable:    1555980 kB
Buffers:           26888 kB
Cached:           157632 kB
MemTotal:        1844596 kB
MemFree:         1504752 kB
MemAvailable:    1556120 kB
Buffers:           26888 kB
Cached:           157632 kB
MemTotal:        1844596 kB
MemFree:         1503000 kB
MemAvailable:    1554368 kB
Buffers:           26888 kB
Cached:           157632 kB
MemTotal:        1844596 kB
MemFree:         1503084 kB
MemAvailable:    1554452 kB
Buffers:           26888 kB
Cached:           157632 kB
MemTotal:        1844596 kB
MemFree:         1502732 kB
MemAvailable:    1554100 kB
Buffers:           26888 kB
Cached:           157632 kB
MemTotal:        1844596 kB
MemFree:         1503068 kB
MemAvailable:    1554436 kB
Buffers:           26888 kB
Cached:           157632 kB
MemTotal:        1844596 kB
MemFree:         1502752 kB
MemAvailable:    1554120 kB
Buffers:           26888 kB
Cached:           157632 kB
MemTotal:        1844596 kB
MemFree:         1502752 kB
MemAvailable:    1554120 kB
Buffers:           26888 kB
Cached:           157632 kB
MemTotal:        1844596 kB
MemFree:         1501764 kB
MemAvailable:    1553132 kB
Buffers:           26888 kB
Cached:           157632 kB
MemTotal:        1844596 kB
MemFree:         1503064 kB
MemAvailable:    1554432 kB
Buffers:           26888 kB
Cached:           157632 kB
MemTotal:        1844596 kB
MemFree:         1502860 kB
MemAvailable:    1554228 kB
Buffers:           26888 kB
Cached:           157632 kB
MemTotal:        1844596 kB
MemFree:         1502860 kB
MemAvailable:    1554228 kB
Buffers:           26888 kB
Cached:           157632 kB
MemTotal:        1844596 kB
MemFree:         1502980 kB
MemAvailable:    1554348 kB
Buffers:           26888 kB
Cached:           157632 kB
MemTotal:        1844596 kB
MemFree:         1503060 kB
MemAvailable:    1554428 kB
Buffers:           26888 kB
Cached:           157632 kB
MemTotal:        1844596 kB
MemFree:         1502272 kB
MemAvailable:    1553640 kB
Buffers:           26888 kB
Cached:           157632 kB
MemTotal:        1844596 kB
MemFree:         1500644 kB
MemAvailable:    1552012 kB
Buffers:           26888 kB
Cached:           157632 kB
MemTotal:        1844596 kB
MemFree:         1500288 kB
MemAvailable:    1551656 kB
Buffers:           26888 kB
Cached:           157632 kB
MemTotal:        1844596 kB
MemFree:         1500216 kB
MemAvailable:    1551584 kB
Buffers:           26888 kB
Cached:           157632 kB
MemTotal:        1844596 kB
MemFree:         1500216 kB
MemAvailable:    1551584 kB
Buffers:           26888 kB
Cached:           157632 kB
MemTotal:        1844596 kB
MemFree:         1498744 kB
MemAvailable:    1550112 kB
Buffers:           26888 kB
Cached:           157632 kB
MemTotal:        1844596 kB
MemFree:         1498488 kB
MemAvailable:    1549856 kB
Buffers:           26888 kB
Cached:           157632 kB
MemTotal:        1844596 kB
MemFree:         1499108 kB
MemAvailable:    1550480 kB
Buffers:           26888 kB
Cached:           157636 kB
MemTotal:        1844596 kB
MemFree:         1497676 kB
MemAvailable:    1549048 kB
Buffers:           26888 kB
Cached:           157636 kB
MemTotal:        1844596 kB
MemFree:         1498604 kB
MemAvailable:    1549984 kB
Buffers:           26888 kB
Cached:           157640 kB
MemTotal:        1844596 kB
MemFree:         1498772 kB
MemAvailable:    1550152 kB
Buffers:           26888 kB
Cached:           157640 kB
MemTotal:        1844596 kB
MemFree:         1498680 kB
MemAvailable:    1550060 kB
Buffers:           26888 kB
Cached:           157640 kB
MemTotal:        1844596 kB
MemFree:         1498548 kB
MemAvailable:    1549928 kB
Buffers:           26888 kB
Cached:           157640 kB
MemTotal:        1844596 kB
MemFree:         1498800 kB
MemAvailable:    1550180 kB
Buffers:           26888 kB
Cached:           157640 kB
MemTotal:        1844596 kB
MemFree:         1497108 kB
MemAvailable:    1548488 kB
Buffers:           26888 kB
Cached:           157640 kB
MemTotal:        1844596 kB
MemFree:         1497232 kB
MemAvailable:    1548612 kB
Buffers:           26888 kB
Cached:           157640 kB
MemTotal:        1844596 kB
MemFree:         1497652 kB
MemAvailable:    1549032 kB
Buffers:           26888 kB
Cached:           157640 kB
MemTotal:        1844596 kB
MemFree:         1496472 kB
MemAvailable:    1547852 kB
Buffers:           26888 kB
Cached:           157640 kB
MemTotal:        1844596 kB
MemFree:         1496376 kB
MemAvailable:    1547756 kB
Buffers:           26888 kB
Cached:           157640 kB
MemTotal:        1844596 kB
MemFree:         1497808 kB
MemAvailable:    1549188 kB
Buffers:           26888 kB
Cached:           157640 kB
MemTotal:        1844596 kB
MemFree:         1497596 kB
MemAvailable:    1548976 kB
Buffers:           26888 kB
Cached:           157640 kB
MemTotal:        1844596 kB
MemFree:         1497596 kB
MemAvailable:    1548976 kB
Buffers:           26888 kB
Cached:           157640 kB
MemTotal:        1844596 kB
MemFree:         1496372 kB
MemAvailable:    1547752 kB
Buffers:           26888 kB
Cached:           157640 kB
MemTotal:        1844596 kB
MemFree:         1497680 kB
MemAvailable:    1549060 kB
Buffers:           26888 kB
Cached:           157640 kB
MemTotal:        1844596 kB
MemFree:         1497600 kB
MemAvailable:    1548980 kB
Buffers:           26888 kB
Cached:           157640 kB
MemTotal:        1844596 kB
MemFree:         1497936 kB
MemAvailable:    1549316 kB
Buffers:           26888 kB
Cached:           157640 kB
MemTotal:        1844596 kB
MemFree:         1496492 kB
MemAvailable:    1547872 kB
Buffers:           26888 kB
Cached:           157640 kB
MemTotal:        1844596 kB
MemFree:         1497608 kB
MemAvailable:    1548988 kB
Buffers:           26888 kB
Cached:           157640 kB
MemTotal:        1844596 kB
MemFree:         1496236 kB
MemAvailable:    1547616 kB
Buffers:           26888 kB
Cached:           157640 kB
MemTotal:        1844596 kB
MemFree:         1497336 kB
MemAvailable:    1548716 kB
Buffers:           26888 kB
Cached:           157640 kB
MemTotal:        1844596 kB
MemFree:         1497672 kB
MemAvailable:    1549052 kB
Buffers:           26888 kB
Cached:           157640 kB
MemTotal:        1844596 kB
MemFree:         1495948 kB
MemAvailable:    1547328 kB
Buffers:           26888 kB
Cached:           157640 kB
MemTotal:        1844596 kB
MemFree:         1496984 kB
MemAvailable:    1548364 kB
Buffers:           26888 kB
Cached:           157640 kB
MemTotal:        1844596 kB
MemFree:         1495816 kB
MemAvailable:    1547196 kB
Buffers:           26888 kB
Cached:           157640 kB
MemTotal:        1844596 kB
MemFree:         1497128 kB
MemAvailable:    1548508 kB
Buffers:           26888 kB
Cached:           157640 kB
MemTotal:        1844596 kB
MemFree:         1496516 kB
MemAvailable:    1547896 kB
Buffers:           26888 kB
Cached:           157640 kB
MemTotal:        1844596 kB
MemFree:         1496608 kB
MemAvailable:    1547988 kB
Buffers:           26888 kB
Cached:           157640 kB
MemTotal:        1844596 kB
MemFree:         1496944 kB
MemAvailable:    1548324 kB
Buffers:           26888 kB
Cached:           157640 kB
MemTotal:        1844596 kB
MemFree:         1495500 kB
MemAvailable:    1546880 kB
Buffers:           26888 kB
Cached:           157640 kB
MemTotal:        1844596 kB
MemFree:         1495668 kB
MemAvailable:    1547048 kB
Buffers:           26888 kB
Cached:           157640 kB
MemTotal:        1844596 kB
MemFree:         1495536 kB
MemAvailable:    1546916 kB
Buffers:           26888 kB
Cached:           157640 kB
MemTotal:        1844596 kB
MemFree:         1495388 kB
MemAvailable:    1546768 kB
Buffers:           26888 kB
Cached:           157640 kB
MemTotal:        1844596 kB
MemFree:         1493776 kB
MemAvailable:    1545156 kB
Buffers:           26888 kB
Cached:           157640 kB
MemTotal:        1844596 kB
MemFree:         1491236 kB
MemAvailable:    1542616 kB
Buffers:           26888 kB
Cached:           157640 kB
MemTotal:        1844596 kB
MemFree:         1488260 kB
MemAvailable:    1539640 kB
Buffers:           26888 kB
Cached:           157640 kB
MemTotal:        1844596 kB
MemFree:         1487996 kB
MemAvailable:    1539376 kB
Buffers:           26888 kB
Cached:           157640 kB
MemTotal:        1844596 kB
MemFree:         1488136 kB
MemAvailable:    1539516 kB
Buffers:           26888 kB
Cached:           157640 kB
MemTotal:        1844596 kB
MemFree:         1487888 kB
MemAvailable:    1539268 kB
Buffers:           26888 kB
Cached:           157640 kB
MemTotal:        1844596 kB
MemFree:         1489188 kB
MemAvailable:    1540568 kB
Buffers:           26888 kB
Cached:           157640 kB
MemTotal:        1844596 kB
MemFree:         1488988 kB
MemAvailable:    1540368 kB
Buffers:           26888 kB
Cached:           157640 kB
MemTotal:        1844596 kB
MemFree:         1488756 kB
MemAvailable:    1540136 kB
Buffers:           26888 kB
Cached:           157640 kB
MemTotal:        1844596 kB
MemFree:         1488824 kB
MemAvailable:    1540204 kB
Buffers:           26888 kB
Cached:           157640 kB
MemTotal:        1844596 kB
MemFree:         1488880 kB
MemAvailable:    1540260 kB
Buffers:           26888 kB
Cached:           157640 kB
MemTotal:        1844596 kB
MemFree:         1488716 kB
MemAvailable:    1540096 kB
Buffers:           26888 kB
Cached:           157640 kB
MemTotal:        1844596 kB
MemFree:         1488800 kB
MemAvailable:    1540180 kB
Buffers:           26888 kB
Cached:           157640 kB
MemTotal:        1844596 kB
MemFree:         1488784 kB
MemAvailable:    1540164 kB
Buffers:           26888 kB
Cached:           157640 kB
MemTotal:        1844596 kB
MemFree:         1488956 kB
MemAvailable:    1540336 kB
Buffers:           26888 kB
Cached:           157640 kB
MemTotal:        1844596 kB
MemFree:         1488940 kB
MemAvailable:    1540320 kB
Buffers:           26888 kB
Cached:           157640 kB
MemTotal:        1844596 kB
MemFree:         1488560 kB
MemAvailable:    1539940 kB
Buffers:           26888 kB
Cached:           157640 kB
MemTotal:        1844596 kB
MemFree:         1488728 kB
MemAvailable:    1540108 kB
Buffers:           26888 kB
Cached:           157640 kB
MemTotal:        1844596 kB
MemFree:         1488244 kB
MemAvailable:    1539624 kB
Buffers:           26888 kB
Cached:           157640 kB
MemTotal:        1844596 kB
MemFree:         1488012 kB
MemAvailable:    1539392 kB
Buffers:           26888 kB
Cached:           157640 kB
MemTotal:        1844596 kB
MemFree:         1488072 kB
MemAvailable:    1539452 kB
Buffers:           26888 kB
Cached:           157640 kB
MemTotal:        1844596 kB
MemFree:         1487252 kB
MemAvailable:    1538632 kB
Buffers:           26888 kB
Cached:           157640 kB
MemTotal:        1844596 kB
MemFree:         1487588 kB
MemAvailable:    1538968 kB
Buffers:           26888 kB
Cached:           157640 kB
MemTotal:        1844596 kB
MemFree:         1487004 kB
MemAvailable:    1538384 kB
Buffers:           26888 kB
Cached:           157640 kB
MemTotal:        1844596 kB
MemFree:         1487004 kB
MemAvailable:    1538384 kB
Buffers:           26888 kB
Cached:           157640 kB
MemTotal:        1844596 kB
MemFree:         1486204 kB
MemAvailable:    1537584 kB
Buffers:           26888 kB
Cached:           157640 kB
MemTotal:        1844596 kB
MemFree:         1484772 kB
MemAvailable:    1536152 kB
Buffers:           26888 kB
Cached:           157640 kB
MemTotal:        1844596 kB
MemFree:         1486080 kB
MemAvailable:    1537460 kB
Buffers:           26888 kB
Cached:           157640 kB
MemTotal:        1844596 kB
MemFree:         1484540 kB
MemAvailable:    1535920 kB
Buffers:           26888 kB
Cached:           157640 kB
MemTotal:        1844596 kB
MemFree:         1485468 kB
MemAvailable:    1536852 kB
Buffers:           26888 kB
Cached:           157644 kB
MemTotal:        1844596 kB
MemFree:         1484168 kB
MemAvailable:    1535552 kB
Buffers:           26888 kB
Cached:           157644 kB
MemTotal:        1844596 kB
MemFree:         1485292 kB
MemAvailable:    1536676 kB
Buffers:           26888 kB
Cached:           157644 kB
MemTotal:        1844596 kB
MemFree:         1485160 kB
MemAvailable:    1536544 kB
Buffers:           26888 kB
Cached:           157644 kB
MemTotal:        1844596 kB
MemFree:         1484044 kB
MemAvailable:    1535428 kB
Buffers:           26888 kB
Cached:           157644 kB
MemTotal:        1844596 kB
MemFree:         1485152 kB
MemAvailable:    1536536 kB
Buffers:           26888 kB
Cached:           157644 kB
MemTotal:        1844596 kB
MemFree:         1484292 kB
MemAvailable:    1535676 kB
Buffers:           26888 kB
Cached:           157644 kB
MemTotal:        1844596 kB
MemFree:         1485020 kB
MemAvailable:    1536404 kB
Buffers:           26888 kB
Cached:           157644 kB
MemTotal:        1844596 kB
MemFree:         1485356 kB
MemAvailable:    1536740 kB
Buffers:           26888 kB
Cached:           157644 kB
MemTotal:        1844596 kB
MemFree:         1483780 kB
MemAvailable:    1535164 kB
Buffers:           26888 kB
Cached:           157644 kB
MemTotal:        1844596 kB
MemFree:         1485152 kB
MemAvailable:    1536536 kB
Buffers:           26888 kB
Cached:           157644 kB
MemTotal:        1844596 kB
MemFree:         1484044 kB
MemAvailable:    1535428 kB
Buffers:           26888 kB
Cached:           157644 kB
MemTotal:        1844596 kB
MemFree:         1484416 kB
MemAvailable:    1535800 kB
Buffers:           26888 kB
Cached:           157644 kB
MemTotal:        1844596 kB
MemFree:         1483424 kB
MemAvailable:    1534808 kB
Buffers:           26888 kB
Cached:           157644 kB
MemTotal:        1844596 kB
MemFree:         1484028 kB
MemAvailable:    1535416 kB
Buffers:           26888 kB
Cached:           157648 kB
MemTotal:        1844596 kB
MemFree:         1482432 kB
MemAvailable:    1533820 kB
Buffers:           26888 kB
Cached:           157648 kB
MemTotal:        1844596 kB
MemFree:         1475300 kB
MemAvailable:    1526688 kB
Buffers:           26888 kB
Cached:           157648 kB
MemTotal:        1844596 kB
MemFree:         1473868 kB
MemAvailable:    1525340 kB
Buffers:           26888 kB
Cached:           157772 kB
MemTotal:        1844596 kB
MemFree:         1473744 kB
MemAvailable:    1525216 kB
Buffers:           26888 kB
Cached:           157772 kB
MemTotal:        1844596 kB
MemFree:         1474480 kB
MemAvailable:    1526120 kB
Buffers:           26888 kB
Cached:           157896 kB
MemTotal:        1844596 kB
MemFree:         1474816 kB
MemAvailable:    1526456 kB
Buffers:           26888 kB
Cached:           157896 kB
MemTotal:        1844596 kB
MemFree:         1473108 kB
MemAvailable:    1524832 kB
Buffers:           26888 kB
Cached:           158020 kB
MemTotal:        1844596 kB
MemFree:         1473372 kB
MemAvailable:    1525180 kB
Buffers:           26888 kB
Cached:           158144 kB
MemTotal:        1844596 kB
MemFree:         1473504 kB
MemAvailable:    1525460 kB
Buffers:           26888 kB
Cached:           158292 kB
MemTotal:        1844596 kB
MemFree:         1474480 kB
MemAvailable:    1526436 kB
Buffers:           26888 kB
Cached:           158292 kB
MemTotal:        1844596 kB
MemFree:         1473920 kB
MemAvailable:    1525876 kB
Buffers:           26888 kB
Cached:           158292 kB
MemTotal:        1844596 kB
MemFree:         1474256 kB
MemAvailable:    1526212 kB
Buffers:           26888 kB
Cached:           158292 kB
MemTotal:        1844596 kB
MemFree:         1474240 kB
MemAvailable:    1526196 kB
Buffers:           26888 kB
Cached:           158292 kB
MemTotal:        1844596 kB
MemFree:         1472808 kB
MemAvailable:    1524764 kB
Buffers:           26888 kB
Cached:           158292 kB
MemTotal:        1844596 kB
MemFree:         1474108 kB
MemAvailable:    1526148 kB
Buffers:           26888 kB
Cached:           158292 kB
MemTotal:        1844596 kB
MemFree:         1474184 kB
MemAvailable:    1526140 kB
Buffers:           26888 kB
Cached:           158292 kB
MemTotal:        1844596 kB
MemFree:         1473504 kB
MemAvailable:    1525460 kB
Buffers:           26888 kB
Cached:           158292 kB
MemTotal:        1844596 kB
MemFree:         1474324 kB
MemAvailable:    1525692 kB
Buffers:           26888 kB
Cached:           157660 kB
MemTotal:        1844596 kB
MemFree:         1542120 kB
MemAvailable:    1593488 kB
Buffers:           26888 kB
Cached:           157660 kB
