MemTotal:        1844596 kB
MemFree:         1193900 kB
MemAvailable:    1543080 kB
Buffers:           61424 kB
Cached:           402992 kB
MemTotal:        1844596 kB
MemFree:         1191040 kB
MemAvailable:    1540220 kB
Buffers:           61424 kB
Cached:           402992 kB
MemTotal:        1844596 kB
MemFree:         1189196 kB
MemAvailable:    1538376 kB
Buffers:           61424 kB
Cached:           402992 kB
MemTotal:        1844596 kB
MemFree:         1187708 kB
MemAvailable:    1536888 kB
Buffers:           61424 kB
Cached:           402992 kB
MemTotal:        1844596 kB
MemFree:         1187956 kB
MemAvailable:    1537136 kB
Buffers:           61424 kB
Cached:           402992 kB
MemTotal:        1844596 kB
MemFree:         1188388 kB
MemAvailable:    1537568 kB
Buffers:           61424 kB
Cached:           402992 kB
MemTotal:        1844596 kB
MemFree:         1186220 kB
MemAvailable:    1535400 kB
Buffers:           61424 kB
Cached:           402992 kB
MemTotal:        1844596 kB
MemFree:         1184940 kB
MemAvailable:    1534120 kB
Buffers:           61424 kB
Cached:           402992 kB
MemTotal:        1844596 kB
MemFree:         1181384 kB
MemAvailable:    1530564 kB
Buffers:           61424 kB
Cached:           402992 kB
MemTotal:        1844596 kB
MemFree:         1180136 kB
MemAvailable:    1529316 kB
Buffers:           61424 kB
Cached:           402992 kB
MemTotal:        1844596 kB
MemFree:         1178880 kB
MemAvailable:    1528060 kB
Buffers:           61424 kB
Cached:           402992 kB
MemTotal:        1844596 kB
MemFree:         1177592 kB
MemAvailable:    1526772 kB
Buffers:           61424 kB
Cached:           402992 kB
MemTotal:        1844596 kB
MemFree:         1177504 kB
MemAvailable:    1526684 kB
Buffers:           61424 kB
Cached:           402992 kB
MemTotal:        1844596 kB
MemFree:         1178804 kB
MemAvailable:    1527984 kB
Buffers:           61424 kB
Cached:           402992 kB
MemTotal:        1844596 kB
MemFree:         1178160 kB
MemAvailable:    1527340 kB
Buffers:           61424 kB
Cached:           402992 kB
MemTotal:        1844596 kB
MemFree:         1178724 kB
MemAvailable:    1527904 kB
Buffers:           61424 kB
Cached:           402992 kB
MemTotal:        1844596 kB
MemFree:         1177788 kB
MemAvailable:    1526968 kB
Buffers:           61424 kB
Cached:           402992 kB
MemTotal:        1844596 kB
MemFree:         1177912 kB
MemAvailable:    1527096 kB
Buffers:           61424 kB
Cached:           402996 kB
MemTotal:        1844596 kB
MemFree:         1175168 kB
MemAvailable:    1524352 kB
Buffers:           61424 kB
Cached:           402996 kB
MemTotal:        1844596 kB
MemFree:         1175004 kB
MemAvailable:    1524188 kB
Buffers:           61424 kB
Cached:           402996 kB
MemTotal:        1844596 kB
MemFree:         1175172 kB
MemAvailable:    1524356 kB
Buffers:           61424 kB
Cached:           402996 kB
MemTotal:        1844596 kB
MemFree:         1176216 kB
MemAvailable:    1525400 kB
Buffers:           61424 kB
Cached:           402996 kB
MemTotal:        1844596 kB
MemFree:         1176364 kB
MemAvailable:    1525548 kB
Buffers:           61424 kB
Cached:           402996 kB
MemTotal:        1844596 kB
MemFree:         1175308 kB
MemAvailable:    1524492 kB
Buffers:           61424 kB
Cached:           402996 kB
MemTotal:        1844596 kB
MemFree:         1176372 kB
MemAvailable:    1525556 kB
Buffers:           61424 kB
Cached:           402996 kB
MemTotal:        1844596 kB
MemFree:         1176344 kB
MemAvailable:    1525528 kB
Buffers:           61424 kB
Cached:           402996 kB
MemTotal:        1844596 kB
MemFree:         1176300 kB
MemAvailable:    1525484 kB
Buffers:           61424 kB
Cached:           402996 kB
MemTotal:        1844596 kB
MemFree:         1176360 kB
MemAvailable:    1525544 kB
Buffers:           61424 kB
Cached:           402996 kB
MemTotal:        1844596 kB
MemFree:         1177664 kB
MemAvailable:    1526848 kB
Buffers:           61424 kB
Cached:           402996 kB
MemTotal:        1844596 kB
MemFree:         1176416 kB
MemAvailable:    1525600 kB
Buffers:           61424 kB
Cached:           402996 kB
MemTotal:        1844596 kB
MemFree:         1177864 kB
MemAvailable:    1527048 kB
Buffers:           61424 kB
Cached:           402996 kB
MemTotal:        1844596 kB
MemFree:         1174912 kB
MemAvailable:    1524096 kB
Buffers:           61424 kB
Cached:           402996 kB
MemTotal:        1844596 kB
MemFree:         1174912 kB
MemAvailable:    1524096 kB
Buffers:           61424 kB
Cached:           402996 kB
MemTotal:        1844596 kB
MemFree:         1173920 kB
MemAvailable:    1523104 kB
Buffers:           61424 kB
Cached:           402996 kB
MemTotal:        1844596 kB
MemFree:         1173920 kB
MemAvailable:    1523104 kB
Buffers:           61424 kB
Cached:           402996 kB
MemTotal:        1844596 kB
MemFree:         1173300 kB
MemAvailable:    1522484 kB
Buffers:           61424 kB
Cached:           402996 kB
MemTotal:        1844596 kB
MemFree:         1173300 kB
MemAvailable:    1522484 kB
Buffers:           61424 kB
Cached:           402996 kB
MemTotal:        1844596 kB
MemFree:         1171812 kB
MemAvailable:    1520996 kB
Buffers:           61424 kB
Cached:           402996 kB
MemTotal:        1844596 kB
MemFree:         1171216 kB
MemAvailable:    1520404 kB
Buffers:           61424 kB
Cached:           403000 kB
MemTotal:        1844596 kB
MemFree:         1171208 kB
MemAvailable:    1520396 kB
Buffers:           61424 kB
Cached:           403000 kB
MemTotal:        1844596 kB
MemFree:         1172220 kB
MemAvailable:    1521408 kB
Buffers:           61424 kB
Cached:           403000 kB
MemTotal:        1844596 kB
MemFree:         1172280 kB
MemAvailable:    1521468 kB
Buffers:           61424 kB
Cached:           403000 kB
MemTotal:        1844596 kB
MemFree:         1172076 kB
MemAvailable:    1521264 kB
Buffers:           61424 kB
Cached:           403000 kB
MemTotal:        1844596 kB
MemFree:         1172244 kB
MemAvailable:    1521432 kB
Buffers:           61424 kB
Cached:           403000 kB
MemTotal:        1844596 kB
MemFree:         1171924 kB
MemAvailable:    1521112 kB
Buffers:           61424 kB
Cached:           403000 kB
MemTotal:        1844596 kB
MemFree:         1171924 kB
MemAvailable:    1521112 kB
Buffers:           61424 kB
Cached:           403000 kB
MemTotal:        1844596 kB
MemFree:         1170464 kB
MemAvailable:    1519652 kB
Buffers:           61424 kB
Cached:           403000 kB
MemTotal:        1844596 kB
MemFree:         1171456 kB
MemAvailable:    1520644 kB
Buffers:           61424 kB
Cached:           403000 kB
MemTotal:        1844596 kB
MemFree:         1171332 kB
MemAvailable:    1520520 kB
Buffers:           61424 kB
Cached:           403000 kB
MemTotal:        1844596 kB
MemFree:         1169844 kB
MemAvailable:    1519032 kB
Buffers:           61424 kB
Cached:           403000 kB
MemTotal:        1844596 kB
MemFree:         1169844 kB
MemAvailable:    1519032 kB
Buffers:           61424 kB
Cached:           403000 kB
MemTotal:        1844596 kB
MemFree:         1170100 kB
MemAvailable:    1519288 kB
Buffers:           61424 kB
Cached:           403000 kB
MemTotal:        1844596 kB
MemFree:         1171276 kB
MemAvailable:    1520464 kB
Buffers:           61424 kB
Cached:           403000 kB
MemTotal:        1844596 kB
MemFree:         1170348 kB
MemAvailable:    1519536 kB
Buffers:           61424 kB
Cached:           403000 kB
MemTotal:        1844596 kB
MemFree:         1171056 kB
MemAvailable:    1520244 kB
Buffers:           61424 kB
Cached:           403000 kB
MemTotal:        1844596 kB
MemFree:         1171308 kB
MemAvailable:    1520496 kB
Buffers:           61424 kB
Cached:           403000 kB
MemTotal:        1844596 kB
MemFree:         1171008 kB
MemAvailable:    1520196 kB
Buffers:           61424 kB
Cached:           403000 kB
MemTotal:        1844596 kB
MemFree:         1171260 kB
MemAvailable:    1520448 kB
Buffers:           61424 kB
Cached:           403000 kB
MemTotal:        1844596 kB
MemFree:         1169820 kB
MemAvailable:    1519008 kB
Buffers:           61424 kB
Cached:           403000 kB
MemTotal:        1844596 kB
MemFree:         1171020 kB
MemAvailable:    1520208 kB
Buffers:           61424 kB
Cached:           403000 kB
MemTotal:        1844596 kB
MemFree:         1170688 kB
MemAvailable:    1519876 kB
Buffers:           61424 kB
Cached:           403000 kB
MemTotal:        1844596 kB
MemFree:         1170688 kB
MemAvailable:    1519876 kB
Buffers:           61424 kB
Cached:           403000 kB
MemTotal:        1844596 kB
MemFree:         1169152 kB
MemAvailable:    1518340 kB
Buffers:           61424 kB
Cached:           403000 kB
MemTotal:        1844596 kB
MemFree:         1170456 kB
MemAvailable:    1519644 kB
Buffers:           61424 kB
Cached:           403000 kB
MemTotal:        1844596 kB
MemFree:         1170160 kB
MemAvailable:    1519348 kB
Buffers:           61424 kB
Cached:           403000 kB
MemTotal:        1844596 kB
MemFree:         1170204 kB
MemAvailable:    1519392 kB
Buffers:           61424 kB
Cached:           403000 kB
MemTotal:        1844596 kB
MemFree:         1170128 kB
MemAvailable:    1519316 kB
Buffers:           61424 kB
Cached:           403000 kB
MemTotal:        1844596 kB
MemFree:         1170128 kB
MemAvailable:    1519316 kB
Buffers:           61424 kB
Cached:           403000 kB
MemTotal:        1844596 kB
MemFree:         1170188 kB
MemAvailable:    1519376 kB
Buffers:           61424 kB
Cached:           403000 kB
MemTotal:        1844596 kB
MemFree:         1170188 kB
MemAvailable:    1519376 kB
Buffers:           61424 kB
Cached:           403000 kB
MemTotal:        1844596 kB
MemFree:         1170188 kB
MemAvailable:    1519376 kB
Buffers:           61424 kB
Cached:           403000 kB
MemTotal:        1844596 kB
MemFree:         1169728 kB
MemAvailable:    1518916 kB
Buffers:           61424 kB
Cached:           403000 kB
MemTotal:        1844596 kB
MemFree:         1168928 kB
MemAvailable:    1518116 kB
Buffers:           61424 kB
Cached:           403000 kB
MemTotal:        1844596 kB
MemFree:         1169664 kB
MemAvailable:    1518852 kB
Buffers:           61424 kB
Cached:           403000 kB
MemTotal:        1844596 kB
MemFree:         1167992 kB
MemAvailable:    1517180 kB
Buffers:           61424 kB
Cached:           403000 kB
MemTotal:        1844596 kB
MemFree:         1165696 kB
MemAvailable:    1514884 kB
Buffers:           61424 kB
Cached:           403000 kB
MemTotal:        1844596 kB
MemFree:         1162536 kB
MemAvailable:    1511724 kB
Buffers:           61424 kB
Cached:           403000 kB
MemTotal:        1844596 kB
MemFree:         1161536 kB
MemAvailable:    1510724 kB
Buffers:           61424 kB
Cached:           403000 kB
MemTotal:        1844596 kB
MemFree:         1162412 kB
MemAvailable:    1511600 kB
Buffers:           61424 kB
Cached:           403000 kB
MemTotal:        1844596 kB
MemFree:         1161296 kB
MemAvailable:    1510484 kB
Buffers:           61424 kB
Cached:           403000 kB
MemTotal:        1844596 kB
MemFree:         1162128 kB
MemAvailable:    1511316 kB
Buffers:           61424 kB
Cached:           403000 kB
MemTotal:        1844596 kB
MemFree:         1162380 kB
MemAvailable:    1511568 kB
Buffers:           61424 kB
Cached:           403000 kB
MemTotal:        1844596 kB
MemFree:         1162164 kB
MemAvailable:    1511352 kB
Buffers:           61424 kB
Cached:           403000 kB
MemTotal:        1844596 kB
MemFree:         1162148 kB
MemAvailable:    1511336 kB
Buffers:           61424 kB
Cached:           403000 kB
MemTotal:        1844596 kB
MemFree:         1162484 kB
MemAvailable:    1511672 kB
Buffers:           61424 kB
Cached:           403000 kB
MemTotal:        1844596 kB
MemFree:         1162092 kB
MemAvailable:    1511280 kB
Buffers:           61424 kB
Cached:           403000 kB
MemTotal:        1844596 kB
MemFree:         1162344 kB
MemAvailable:    1511532 kB
Buffers:           61424 kB
Cached:           403000 kB
MemTotal:        1844596 kB
MemFree:         1160852 kB
MemAvailable:    1510040 kB
Buffers:           61424 kB
Cached:           403000 kB
MemTotal:        1844596 kB
MemFree:         1162328 kB
MemAvailable:    1511516 kB
Buffers:           61424 kB
Cached:           403000 kB
MemTotal:        1844596 kB
MemFree:         1161668 kB
MemAvailable:    1510856 kB
Buffers:           61424 kB
Cached:           403000 kB
MemTotal:        1844596 kB
MemFree:         1162136 kB
MemAvailable:    1511324 kB
Buffers:           61424 kB
Cached:           403000 kB
MemTotal:        1844596 kB
MemFree:         1162220 kB
MemAvailable:    1511408 kB
Buffers:           61424 kB
Cached:           403000 kB
MemTotal:        1844596 kB
MemFree:         1161892 kB
MemAvailable:    1511080 kB
Buffers:           61424 kB
Cached:           403000 kB
MemTotal:        1844596 kB
MemFree:         1161892 kB
MemAvailable:    1511080 kB
Buffers:           61424 kB
Cached:           403000 kB
MemTotal:        1844596 kB
MemFree:         1161148 kB
MemAvailable:    1510336 kB
Buffers:           61424 kB
Cached:           403000 kB
MemTotal:        1844596 kB
MemFree:         1161484 kB
MemAvailable:    1510672 kB
Buffers:           61424 kB
Cached:           403000 kB
MemTotal:        1844596 kB
MemFree:         1159552 kB
MemAvailable:    1508740 kB
Buffers:           61424 kB
Cached:           403000 kB
MemTotal:        1844596 kB
MemFree:         1160604 kB
MemAvailable:    1509792 kB
Buffers:           61424 kB
Cached:           403000 kB
MemTotal:        1844596 kB
MemFree:         1160280 kB
MemAvailable:    1509468 kB
Buffers:           61424 kB
Cached:           403000 kB
MemTotal:        1844596 kB
MemFree:         1160280 kB
MemAvailable:    1509468 kB
Buffers:           61424 kB
Cached:           403000 kB
MemTotal:        1844596 kB
MemFree:         1159420 kB
MemAvailable:    1508608 kB
Buffers:           61424 kB
Cached:           403000 kB
MemTotal:        1844596 kB
MemFree:         1159504 kB
MemAvailable:    1508692 kB
Buffers:           61424 kB
Cached:           403000 kB
MemTotal:        1844596 kB
MemFree:         1158924 kB
MemAvailable:    1508112 kB
Buffers:           61424 kB
Cached:           403000 kB
MemTotal:        1844596 kB
MemFree:         1159176 kB
MemAvailable:    1508364 kB
Buffers:           61424 kB
Cached:           403000 kB
MemTotal:        1844596 kB
MemFree:         1158784 kB
MemAvailable:    1507972 kB
Buffers:           61424 kB
Cached:           403000 kB
MemTotal:        1844596 kB
MemFree:         1158784 kB
MemAvailable:    1507972 kB
Buffers:           61424 kB
Cached:           403000 kB
MemTotal:        1844596 kB
MemFree:         1158504 kB
MemAvailable:    1507692 kB
Buffers:           61424 kB
Cached:           403000 kB
MemTotal:        1844596 kB
MemFree:         1158308 kB
MemAvailable:    1507496 kB
Buffers:           61424 kB
Cached:           403000 kB
MemTotal:        1844596 kB
MemFree:         1158452 kB
MemAvailable:    1507640 kB
Buffers:           61424 kB
Cached:           403000 kB
MemTotal:        1844596 kB
MemFree:         1157444 kB
MemAvailable:    1506632 kB
Buffers:           61424 kB
Cached:           403000 kB
MemTotal:        1844596 kB
MemFree:         1158504 kB
MemAvailable:    1507696 kB
Buffers:           61424 kB
Cached:           403004 kB
MemTotal:        1844596 kB
MemFree:         1158172 kB
MemAvailable:    1507364 kB
Buffers:           61424 kB
Cached:           403004 kB
MemTotal:        1844596 kB
MemFree:         1158256 kB
MemAvailable:    1507448 kB
Buffers:           61424 kB
Cached:           403004 kB
MemTotal:        1844596 kB
MemFree:         1158256 kB
MemAvailable:    1507448 kB
Buffers:           61424 kB
Cached:           403004 kB
MemTotal:        1844596 kB
MemFree:         1157124 kB
MemAvailable:    1506316 kB
Buffers:           61424 kB
Cached:           403004 kB
MemTotal:        1844596 kB
MemFree:         1158072 kB
MemAvailable:    1507268 kB
Buffers:           61424 kB
Cached:           403008 kB
MemTotal:        1844596 kB
MemFree:         1158156 kB
MemAvailable:    1507352 kB
Buffers:           61424 kB
Cached:           403008 kB
MemTotal:        1844596 kB
MemFree:         1156832 kB
MemAvailable:    1506028 kB
Buffers:           61424 kB
Cached:           403008 kB
MemTotal:        1844596 kB
MemFree:         1151732 kB
MemAvailable:    1500932 kB
Buffers:           61428 kB
Cached:           403008 kB
MemTotal:        1844596 kB
MemFree:         1150384 kB
MemAvailable:    1499584 kB
Buffers:           61428 kB
Cached:           403008 kB
MemTotal:        1844596 kB
MemFree:         1150508 kB
MemAvailable:    1499792 kB
Buffers:           61428 kB
Cached:           403132 kB
MemTotal:        1844596 kB
MemFree:         1151560 kB
MemAvailable:    1501012 kB
Buffers:           61428 kB
Cached:           403256 kB
MemTotal:        1844596 kB
MemFree:         1150128 kB
MemAvailable:    1499580 kB
Buffers:           61428 kB
Cached:           403380 kB
MemTotal:        1844596 kB
MemFree:         1150252 kB
MemAvailable:    1499788 kB
Buffers:           61428 kB
Cached:           403380 kB
MemTotal:        1844596 kB
MemFree:         1150972 kB
MemAvailable:    1500760 kB
Buffers:           61428 kB
Cached:           403628 kB
MemTotal:        1844596 kB
MemFree:         1151224 kB
MemAvailable:    1501012 kB
Buffers:           61428 kB
Cached:           403628 kB
MemTotal:        1844596 kB
MemFree:         1150808 kB
MemAvailable:    1500680 kB
Buffers:           61428 kB
Cached:           403628 kB
MemTotal:        1844596 kB
MemFree:         1150808 kB
MemAvailable:    1500680 kB
Buffers:           61428 kB
Cached:           403628 kB
MemTotal:        1844596 kB
MemFree:         1150856 kB
MemAvailable:    1500728 kB
Buffers:           61428 kB
Cached:           403628 kB
MemTotal:        1844596 kB
MemFree:         1150732 kB
MemAvailable:    1500604 kB
Buffers:           61428 kB
Cached:           403628 kB
MemTotal:        1844596 kB
MemFree:         1150732 kB
MemAvailable:    1500604 kB
Buffers:           61428 kB
Cached:           403628 kB
MemTotal:        1844596 kB
MemFree:         1150876 kB
MemAvailable:    1500748 kB
Buffers:           61428 kB
Cached:           403628 kB
MemTotal:        1844596 kB
MemFree:         1149604 kB
MemAvailable:    1499476 kB
Buffers:           61428 kB
Cached:           403628 kB
MemTotal:        1844596 kB
MemFree:         1149564 kB
MemAvailable:    1499436 kB
Buffers:           61428 kB
Cached:           403628 kB
MemTotal:        1844596 kB
MemFree:         1164720 kB
MemAvailable:    1514004 kB
Buffers:           61428 kB
Cached:           403036 kB
MemTotal:        1844596 kB
MemFree:         1219336 kB
MemAvailable:    1568620 kB
Buffers:           61428 kB
Cached:           403036 kB
