MemTotal:        1844596 kB
MemFree:         1565704 kB
MemAvailable:    1580012 kB
Buffers:           22492 kB
Cached:           123388 kB
MemTotal:        1844596 kB
MemFree:         1566184 kB
MemAvailable:    1580492 kB
Buffers:           22492 kB
Cached:           123388 kB
MemTotal:        1844596 kB
MemFree:         1563696 kB
MemAvailable:    1578004 kB
Buffers:           22492 kB
Cached:           123388 kB
MemTotal:        1844596 kB
MemFree:         1563780 kB
MemAvailable:    1578088 kB
Buffers:           22492 kB
Cached:           123388 kB
MemTotal:        1844596 kB
MemFree:         1562464 kB
MemAvailable:    1576772 kB
Buffers:           22492 kB
Cached:           123388 kB
MemTotal:        1844596 kB
MemFree:         1562800 kB
MemAvailable:    1577108 kB
Buffers:           22492 kB
Cached:           123388 kB
MemTotal:        1844596 kB
MemFree:         1559240 kB
MemAvailable:    1573424 kB
Buffers:           22492 kB
Cached:           123388 kB
MemTotal:        1844596 kB
MemFree:         1558584 kB
MemAvailable:    1572892 kB
Buffers:           22492 kB
Cached:           123388 kB
MemTotal:        1844596 kB
MemFree:         1557688 kB
MemAvailable:    1572000 kB
Buffers:           22492 kB
Cached:           123392 kB
MemTotal:        1844596 kB
MemFree:         1555164 kB
MemAvailable:    1569476 kB
Buffers:           22492 kB
Cached:           123392 kB
MemTotal:        1844596 kB
MemFree:         1551816 kB
MemAvailable:    1566128 kB
Buffers:           22492 kB
Cached:           123392 kB
MemTotal:        1844596 kB
MemFree:         1550196 kB
MemAvailable:    1564508 kB
Buffers:           22492 kB
Cached:           123392 kB
MemTotal:        1844596 kB
MemFree:         1552020 kB
MemAvailable:    1566332 kB
Buffers:           22492 kB
Cached:           123392 kB
MemTotal:        1844596 kB
MemFree:         1552420 kB
MemAvailable:    1566732 kB
Buffers:           22492 kB
Cached:           123392 kB
MemTotal:        1844596 kB
MemFree:         1552672 kB
MemAvailable:    1566984 kB
Buffers:           22492 kB
Cached:           123392 kB
MemTotal:        1844596 kB
MemFree:         1552380 kB
MemAvailable:    1566692 kB
Buffers:           22492 kB
Cached:           123392 kB
MemTotal:        1844596 kB
MemFree:         1551264 kB
MemAvailable:    1565576 kB
Buffers:           22492 kB
Cached:           123392 kB
MemTotal:        1844596 kB
MemFree:         1551188 kB
MemAvailable:    1565500 kB
Buffers:           22492 kB
Cached:           123392 kB
MemTotal:        1844596 kB
MemFree:         1550080 kB
MemAvailable:    1564392 kB
Buffers:           22492 kB
Cached:           123392 kB
MemTotal:        1844596 kB
MemFree:         1549328 kB
MemAvailable:    1563640 kB
Buffers:           22492 kB
Cached:           123392 kB
MemTotal:        1844596 kB
MemFree:         1550452 kB
MemAvailable:    1564764 kB
Buffers:           22492 kB
Cached:           123392 kB
MemTotal:        1844596 kB
MemFree:         1549080 kB
MemAvailable:    1563392 kB
Buffers:           22492 kB
Cached:           123392 kB
MemTotal:        1844596 kB
MemFree:         1549336 kB
MemAvailable:    1563648 kB
Buffers:           22492 kB
Cached:           123392 kB
MemTotal:        1844596 kB
MemFree:         1549336 kB
MemAvailable:    1563648 kB
Buffers:           22492 kB
Cached:           123392 kB
MemTotal:        1844596 kB
MemFree:         1549212 kB
MemAvailable:    1563524 kB
Buffers:           22492 kB
Cached:           123392 kB
MemTotal:        1844596 kB
MemFree:         1549204 kB
MemAvailable:    1563516 kB
Buffers:           22492 kB
Cached:           123392 kB
MemTotal:        1844596 kB
MemFree:         1550196 kB
MemAvailable:    1564508 kB
Buffers:           22492 kB
Cached:           123392 kB
MemTotal:        1844596 kB
MemFree:         1548824 kB
MemAvailable:    1563136 kB
Buffers:           22492 kB
Cached:           123392 kB
MemTotal:        1844596 kB
MemFree:         1551240 kB
MemAvailable:    1565552 kB
Buffers:           22492 kB
Cached:           123392 kB
MemTotal:        1844596 kB
MemFree:         1550080 kB
MemAvailable:    1564392 kB
Buffers:           22492 kB
Cached:           123392 kB
MemTotal:        1844596 kB
MemFree:         1549824 kB
MemAvailable:    1564136 kB
Buffers:           22492 kB
Cached:           123392 kB
MemTotal:        1844596 kB
MemFree:         1547352 kB
MemAvailable:    1561664 kB
Buffers:           22492 kB
Cached:           123392 kB
MemTotal:        1844596 kB
MemFree:         1547784 kB
MemAvailable:    1562096 kB
Buffers:           22492 kB
Cached:           123392 kB
MemTotal:        1844596 kB
MemFree:         1546360 kB
MemAvailable:    1560672 kB
Buffers:           22492 kB
Cached:           123392 kB
MemTotal:        1844596 kB
MemFree:         1546964 kB
MemAvailable:    1561276 kB
Buffers:           22492 kB
Cached:           123392 kB
MemTotal:        1844596 kB
MemFree:         1546964 kB
MemAvailable:    1561276 kB
Buffers:           22492 kB
Cached:           123392 kB
MemTotal:        1844596 kB
MemFree:         1546172 kB
MemAvailable:    1560484 kB
Buffers:           22492 kB
Cached:           123392 kB
MemTotal:        1844596 kB
MemFree:         1545916 kB
MemAvailable:    1560228 kB
Buffers:           22492 kB
Cached:           123392 kB
MemTotal:        1844596 kB
MemFree:         1546008 kB
MemAvailable:    1560324 kB
Buffers:           22492 kB
Cached:           123396 kB
MemTotal:        1844596 kB
MemFree:         1544748 kB
MemAvailable:    1559064 kB
Buffers:           22492 kB
Cached:           123396 kB
MemTotal:        1844596 kB
MemFree:         1545868 kB
MemAvailable:    1560184 kB
Buffers:           22492 kB
Cached:           123396 kB
MemTotal:        1844596 kB
MemFree:         1545712 kB
MemAvailable:    1560028 kB
Buffers:           22492 kB
Cached:           123396 kB
MemTotal:        1844596 kB
MemFree:         1545964 kB
MemAvailable:    1560280 kB
Buffers:           22492 kB
Cached:           123396 kB
MemTotal:        1844596 kB
MemFree:         1544604 kB
MemAvailable:    1558920 kB
Buffers:           22492 kB
Cached:           123396 kB
MemTotal:        1844596 kB
MemFree:         1545228 kB
MemAvailable:    1559544 kB
Buffers:           22492 kB
Cached:           123396 kB
MemTotal:        1844596 kB
MemFree:         1545120 kB
MemAvailable:    1559436 kB
Buffers:           22492 kB
Cached:           123396 kB
MemTotal:        1844596 kB
MemFree:         1544800 kB
MemAvailable:    1559116 kB
Buffers:           22492 kB
Cached:           123396 kB
MemTotal:        1844596 kB
MemFree:         1543476 kB
MemAvailable:    1557792 kB
Buffers:           22504 kB
Cached:           123384 kB
MemTotal:        1844596 kB
MemFree:         1545192 kB
MemAvailable:    1559520 kB
Buffers:           22504 kB
Cached:           123396 kB
MemTotal:        1844596 kB
MemFree:         1544808 kB
MemAvailable:    1559136 kB
Buffers:           22504 kB
Cached:           123396 kB
MemTotal:        1844596 kB
MemFree:         1545060 kB
MemAvailable:    1559388 kB
Buffers:           22504 kB
Cached:           123396 kB
MemTotal:        1844596 kB
MemFree:         1543576 kB
MemAvailable:    1557904 kB
Buffers:           22504 kB
Cached:           123396 kB
MemTotal:        1844596 kB
MemFree:         1543868 kB
MemAvailable:    1558196 kB
Buffers:           22504 kB
Cached:           123396 kB
MemTotal:        1844596 kB
MemFree:         1544732 kB
MemAvailable:    1559060 kB
Buffers:           22504 kB
Cached:           123396 kB
MemTotal:        1844596 kB
MemFree:         1545068 kB
MemAvailable:    1559396 kB
Buffers:           22504 kB
Cached:           123396 kB
MemTotal:        1844596 kB
MemFree:         1544720 kB
MemAvailable:    1559048 kB
Buffers:           22504 kB
Cached:           123396 kB
MemTotal:        1844596 kB
MemFree:         1545056 kB
MemAvailable:    1559384 kB
Buffers:           22504 kB
Cached:           123396 kB
MemTotal:        1844596 kB
MemFree:         1544664 kB
MemAvailable:    1558992 kB
Buffers:           22504 kB
Cached:           123396 kB
MemTotal:        1844596 kB
MemFree:         1543572 kB
MemAvailable:    1557900 kB
Buffers:           22504 kB
Cached:           123396 kB
MemTotal:        1844596 kB
MemFree:         1544740 kB
MemAvailable:    1559068 kB
Buffers:           22504 kB
Cached:           123396 kB
MemTotal:        1844596 kB
MemFree:         1543376 kB
MemAvailable:    1557704 kB
Buffers:           22504 kB
Cached:           123396 kB
MemTotal:        1844596 kB
MemFree:         1543924 kB
MemAvailable:    1558252 kB
Buffers:           22504 kB
Cached:           123396 kB
MemTotal:        1844596 kB
MemFree:         1544116 kB
MemAvailable:    1558444 kB
Buffers:           22504 kB
Cached:           123396 kB
MemTotal:        1844596 kB
MemFree:         1543956 kB
MemAvailable:    1558284 kB
Buffers:           22504 kB
Cached:           123396 kB
MemTotal:        1844596 kB
MemFree:         1544128 kB
MemAvailable:    1558456 kB
Buffers:           22504 kB
Cached:           123396 kB
MemTotal:        1844596 kB
MemFree:         1542744 kB
MemAvailable:    1557072 kB
Buffers:           22504 kB
Cached:           123396 kB
MemTotal:        1844596 kB
MemFree:         1542744 kB
MemAvailable:    1557072 kB
Buffers:           22504 kB
Cached:           123396 kB
MemTotal:        1844596 kB
MemFree:         1543608 kB
MemAvailable:    1557936 kB
Buffers:           22504 kB
Cached:           123396 kB
MemTotal:        1844596 kB
MemFree:         1542888 kB
MemAvailable:    1557216 kB
Buffers:           22504 kB
Cached:           123396 kB
MemTotal:        1844596 kB
MemFree:         1543700 kB
MemAvailable:    1558032 kB
Buffers:           22504 kB
Cached:           123400 kB
MemTotal:        1844596 kB
MemFree:         1544036 kB
MemAvailable:    1558368 kB
Buffers:           22504 kB
Cached:           123400 kB
MemTotal:        1844596 kB
MemFree:         1543692 kB
MemAvailable:    1558024 kB
Buffers:           22504 kB
Cached:           123400 kB
MemTotal:        1844596 kB
MemFree:         1543740 kB
MemAvailable:    1558072 kB
Buffers:           22504 kB
Cached:           123400 kB
MemTotal:        1844596 kB
MemFree:         1543136 kB
MemAvailable:    1557468 kB
Buffers:           22504 kB
Cached:           123400 kB
MemTotal:        1844596 kB
MemFree:         1540764 kB
MemAvailable:    1555096 kB
Buffers:           22504 kB
Cached:           123400 kB
MemTotal:        1844596 kB
MemFree:         1540764 kB
MemAvailable:    1555096 kB
Buffers:           22504 kB
Cached:           123400 kB
MemTotal:        1844596 kB
MemFree:         1536996 kB
MemAvailable:    1551328 kB
Buffers:           22504 kB
Cached:           123400 kB
MemTotal:        1844596 kB
MemFree:         1535316 kB
MemAvailable:    1549648 kB
Buffers:           22504 kB
Cached:           123400 kB
MemTotal:        1844596 kB
MemFree:         1536176 kB
MemAvailable:    1550508 kB
Buffers:           22504 kB
Cached:           123400 kB
MemTotal:        1844596 kB
MemFree:         1536176 kB
MemAvailable:    1550508 kB
Buffers:           22504 kB
Cached:           123400 kB
MemTotal:        1844596 kB
MemFree:         1534688 kB
MemAvailable:    1549020 kB
Buffers:           22504 kB
Cached:           123400 kB
MemTotal:        1844596 kB
MemFree:         1536156 kB
MemAvailable:    1550488 kB
Buffers:           22504 kB
Cached:           123400 kB
MemTotal:        1844596 kB
MemFree:         1534812 kB
MemAvailable:    1549144 kB
Buffers:           22504 kB
Cached:           123400 kB
MemTotal:        1844596 kB
MemFree:         1535912 kB
MemAvailable:    1550244 kB
Buffers:           22504 kB
Cached:           123400 kB
MemTotal:        1844596 kB
MemFree:         1536164 kB
MemAvailable:    1550496 kB
Buffers:           22504 kB
Cached:           123400 kB
MemTotal:        1844596 kB
MemFree:         1535748 kB
MemAvailable:    1550080 kB
Buffers:           22504 kB
Cached:           123400 kB
MemTotal:        1844596 kB
MemFree:         1536084 kB
MemAvailable:    1550416 kB
Buffers:           22504 kB
Cached:           123400 kB
MemTotal:        1844596 kB
MemFree:         1535868 kB
MemAvailable:    1550200 kB
Buffers:           22504 kB
Cached:           123400 kB
MemTotal:        1844596 kB
MemFree:         1535868 kB
MemAvailable:    1550200 kB
Buffers:           22504 kB
Cached:           123400 kB
MemTotal:        1844596 kB
MemFree:         1535776 kB
MemAvailable:    1550108 kB
Buffers:           22504 kB
Cached:           123400 kB
MemTotal:        1844596 kB
MemFree:         1536112 kB
MemAvailable:    1550444 kB
Buffers:           22504 kB
Cached:           123400 kB
MemTotal:        1844596 kB
MemFree:         1535804 kB
MemAvailable:    1550136 kB
Buffers:           22504 kB
Cached:           123400 kB
MemTotal:        1844596 kB
MemFree:         1535804 kB
MemAvailable:    1550136 kB
Buffers:           22504 kB
Cached:           123400 kB
MemTotal:        1844596 kB
MemFree:         1535308 kB
MemAvailable:    1549640 kB
Buffers:           22504 kB
Cached:           123400 kB
MemTotal:        1844596 kB
MemFree:         1535076 kB
MemAvailable:    1549408 kB
Buffers:           22504 kB
Cached:           123400 kB
MemTotal:        1844596 kB
MemFree:         1534880 kB
MemAvailable:    1549212 kB
Buffers:           22504 kB
Cached:           123400 kB
MemTotal:        1844596 kB
MemFree:         1534332 kB
MemAvailable:    1548664 kB
Buffers:           22504 kB
Cached:           123400 kB
MemTotal:        1844596 kB
MemFree:         1533316 kB
MemAvailable:    1547648 kB
Buffers:           22504 kB
Cached:           123400 kB
MemTotal:        1844596 kB
MemFree:         1534192 kB
MemAvailable:    1548524 kB
Buffers:           22504 kB
Cached:           123400 kB
MemTotal:        1844596 kB
MemFree:         1534276 kB
MemAvailable:    1548608 kB
Buffers:           22504 kB
Cached:           123400 kB
MemTotal:        1844596 kB
MemFree:         1533192 kB
MemAvailable:    1547524 kB
Buffers:           22504 kB
Cached:           123400 kB
MemTotal:        1844596 kB
MemFree:         1532712 kB
MemAvailable:    1547044 kB
Buffers:           22504 kB
Cached:           123400 kB
MemTotal:        1844596 kB
MemFree:         1533072 kB
MemAvailable:    1547404 kB
Buffers:           22504 kB
Cached:           123400 kB
MemTotal:        1844596 kB
MemFree:         1532780 kB
MemAvailable:    1547112 kB
Buffers:           22504 kB
Cached:           123400 kB
MemTotal:        1844596 kB
MemFree:         1531604 kB
MemAvailable:    1545936 kB
Buffers:           22504 kB
Cached:           123400 kB
MemTotal:        1844596 kB
MemFree:         1532620 kB
MemAvailable:    1546952 kB
Buffers:           22504 kB
Cached:           123400 kB
MemTotal:        1844596 kB
MemFree:         1531728 kB
MemAvailable:    1546060 kB
Buffers:           22504 kB
Cached:           123400 kB
MemTotal:        1844596 kB
MemFree:         1532084 kB
MemAvailable:    1546420 kB
Buffers:           22504 kB
Cached:           123404 kB
MemTotal:        1844596 kB
MemFree:         1532420 kB
MemAvailable:    1546756 kB
Buffers:           22504 kB
Cached:           123404 kB
MemTotal:        1844596 kB
MemFree:         1532036 kB
MemAvailable:    1546372 kB
Buffers:           22504 kB
Cached:           123404 kB
MemTotal:        1844596 kB
MemFree:         1532204 kB
MemAvailable:    1546540 kB
Buffers:           22504 kB
Cached:           123404 kB
MemTotal:        1844596 kB
MemFree:         1531920 kB
MemAvailable:    1546256 kB
Buffers:           22504 kB
Cached:           123404 kB
MemTotal:        1844596 kB
MemFree:         1532100 kB
MemAvailable:    1546436 kB
Buffers:           22504 kB
Cached:           123404 kB
MemTotal:        1844596 kB
MemFree:         1531836 kB
MemAvailable:    1546172 kB
Buffers:           22504 kB
Cached:           123404 kB
MemTotal:        1844596 kB
MemFree:         1532088 kB
MemAvailable:    1546424 kB
Buffers:           22504 kB
Cached:           123404 kB
MemTotal:        1844596 kB
MemFree:         1531588 kB
MemAvailable:    1545924 kB
Buffers:           22504 kB
Cached:           123404 kB
MemTotal:        1844596 kB
MemFree:         1530356 kB
MemAvailable:    1544692 kB
Buffers:           22504 kB
Cached:           123404 kB
MemTotal:        1844596 kB
MemFree:         1530092 kB
MemAvailable:    1544428 kB
Buffers:           22504 kB
Cached:           123404 kB
MemTotal:        1844596 kB
MemFree:         1524396 kB
MemAvailable:    1538732 kB
Buffers:           22504 kB
Cached:           123404 kB
MemTotal:        1844596 kB
MemFree:         1523544 kB
MemAvailable:    1537880 kB
Buffers:           22504 kB
Cached:           123404 kB
MemTotal:        1844596 kB
MemFree:         1523880 kB
MemAvailable:    1538384 kB
Buffers:           22504 kB
Cached:           123528 kB
MemTotal:        1844596 kB
MemFree:         1523880 kB
MemAvailable:    1538384 kB
Buffers:           22504 kB
Cached:           123528 kB
MemTotal:        1844596 kB
MemFree:         1523588 kB
MemAvailable:    1538260 kB
Buffers:           22504 kB
Cached:           123652 kB
MemTotal:        1844596 kB
MemFree:         1523924 kB
MemAvailable:    1538596 kB
Buffers:           22504 kB
Cached:           123652 kB
MemTotal:        1844596 kB
MemFree:         1523456 kB
MemAvailable:    1538380 kB
Buffers:           22504 kB
Cached:           123900 kB
MemTotal:        1844596 kB
MemFree:         1523456 kB
MemAvailable:    1538380 kB
Buffers:           22504 kB
Cached:           123900 kB
MemTotal:        1844596 kB
MemFree:         1522116 kB
MemAvailable:    1537040 kB
Buffers:           22504 kB
Cached:           123900 kB
MemTotal:        1844596 kB
MemFree:         1522684 kB
MemAvailable:    1537608 kB
Buffers:           22504 kB
Cached:           124024 kB
MemTotal:        1844596 kB
MemFree:         1523544 kB
MemAvailable:    1538488 kB
Buffers:           22504 kB
Cached:           124088 kB
MemTotal:        1844596 kB
MemFree:         1522428 kB
MemAvailable:    1537372 kB
Buffers:           22504 kB
Cached:           124088 kB
MemTotal:        1844596 kB
MemFree:         1523360 kB
MemAvailable:    1538304 kB
Buffers:           22504 kB
Cached:           124088 kB
MemTotal:        1844596 kB
MemFree:         1522048 kB
MemAvailable:    1536992 kB
Buffers:           22504 kB
Cached:           124088 kB
MemTotal:        1844596 kB
MemFree:         1523356 kB
MemAvailable:    1538300 kB
Buffers:           22504 kB
Cached:           124088 kB
MemTotal:        1844596 kB
MemFree:         1523156 kB
MemAvailable:    1538100 kB
Buffers:           22504 kB
Cached:           124088 kB
MemTotal:        1844596 kB
MemFree:         1523492 kB
MemAvailable:    1538436 kB
Buffers:           22504 kB
Cached:           124088 kB
MemTotal:        1844596 kB
MemFree:         1542956 kB
MemAvailable:    1557312 kB
Buffers:           22504 kB
Cached:           123456 kB
