MemTotal:        1844596 kB
MemFree:         1241136 kB
MemAvailable:    1545628 kB
Buffers:           57368 kB
Cached:           366396 kB
MemTotal:        1844596 kB
MemFree:         1237036 kB
MemAvailable:    1541528 kB
Buffers:           57368 kB
Cached:           366396 kB
MemTotal:        1844596 kB
MemFree:         1238424 kB
MemAvailable:    1542916 kB
Buffers:           57368 kB
Cached:           366396 kB
MemTotal:        1844596 kB
MemFree:         1237424 kB
MemAvailable:    1541916 kB
Buffers:           57368 kB
Cached:           366396 kB
MemTotal:        1844596 kB
MemFree:         1237424 kB
MemAvailable:    1541916 kB
Buffers:           57368 kB
Cached:           366396 kB
MemTotal:        1844596 kB
MemFree:         1235788 kB
MemAvailable:    1540280 kB
Buffers:           57368 kB
Cached:           366396 kB
MemTotal:        1844596 kB
MemFree:         1235788 kB
MemAvailable:    1540280 kB
Buffers:           57368 kB
Cached:           366396 kB
MemTotal:        1844596 kB
MemFree:         1231904 kB
MemAvailable:    1536396 kB
Buffers:           57368 kB
Cached:           366396 kB
MemTotal:        1844596 kB
MemFree:         1227232 kB
MemAvailable:    1531724 kB
Buffers:           57368 kB
Cached:           366396 kB
MemTotal:        1844596 kB
MemFree:         1227316 kB
MemAvailable:    1531808 kB
Buffers:           57368 kB
Cached:           366396 kB
MemTotal:        1844596 kB
MemFree:         1227036 kB
MemAvailable:    1531528 kB
Buffers:           57368 kB
Cached:           366396 kB
MemTotal:        1844596 kB
MemFree:         1227116 kB
MemAvailable:    1531608 kB
Buffers:           57368 kB
Cached:           366396 kB
MemTotal:        1844596 kB
MemFree:         1227140 kB
MemAvailable:    1531632 kB
Buffers:           57368 kB
Cached:           366396 kB
MemTotal:        1844596 kB
MemFree:         1227192 kB
MemAvailable:    1531684 kB
Buffers:           57368 kB
Cached:           366396 kB
MemTotal:        1844596 kB
MemFree:         1226936 kB
MemAvailable:    1531428 kB
Buffers:           57368 kB
Cached:           366396 kB
MemTotal:        1844596 kB
MemFree:         1227188 kB
MemAvailable:    1531680 kB
Buffers:           57368 kB
Cached:           366396 kB
MemTotal:        1844596 kB
MemFree:         1226696 kB
MemAvailable:    1531188 kB
Buffers:           57368 kB
Cached:           366396 kB
MemTotal:        1844596 kB
MemFree:         1225380 kB
MemAvailable:    1529928 kB
Buffers:           57368 kB
Cached:           366452 kB
MemTotal:        1844596 kB
MemFree:         1224652 kB
MemAvailable:    1529200 kB
Buffers:           57368 kB
Cached:           366452 kB
MemTotal:        1844596 kB
MemFree:         1223844 kB
MemAvailable:    1528392 kB
Buffers:           57368 kB
Cached:           366452 kB
MemTotal:        1844596 kB
MemFree:         1224760 kB
MemAvailable:    1529308 kB
Buffers:           57368 kB
Cached:           366452 kB
MemTotal:        1844596 kB
MemFree:         1225012 kB
MemAvailable:    1529560 kB
Buffers:           57368 kB
Cached:           366452 kB
MemTotal:        1844596 kB
MemFree:         1224620 kB
MemAvailable:    1529168 kB
Buffers:           57368 kB
Cached:           366452 kB
MemTotal:        1844596 kB
MemFree:         1224872 kB
MemAvailable:    1529420 kB
Buffers:           57368 kB
Cached:           366452 kB
MemTotal:        1844596 kB
MemFree:         1224448 kB
MemAvailable:    1528996 kB
Buffers:           57368 kB
Cached:           366452 kB
MemTotal:        1844596 kB
MemFree:         1224700 kB
MemAvailable:    1529248 kB
Buffers:           57368 kB
Cached:           366452 kB
MemTotal:        1844596 kB
MemFree:         1224712 kB
MemAvailable:    1529260 kB
Buffers:           57368 kB
Cached:           366452 kB
MemTotal:        1844596 kB
MemFree:         1223908 kB
MemAvailable:    1528456 kB
Buffers:           57368 kB
Cached:           366452 kB
MemTotal:        1844596 kB
MemFree:         1226044 kB
MemAvailable:    1530592 kB
Buffers:           57368 kB
Cached:           366452 kB
MemTotal:        1844596 kB
MemFree:         1226016 kB
MemAvailable:    1530564 kB
Buffers:           57368 kB
Cached:           366452 kB
MemTotal:        1844596 kB
MemFree:         1225580 kB
MemAvailable:    1530128 kB
Buffers:           57368 kB
Cached:           366452 kB
MemTotal:        1844596 kB
MemFree:         1223660 kB
MemAvailable:    1528208 kB
Buffers:           57368 kB
Cached:           366452 kB
MemTotal:        1844596 kB
MemFree:         1222604 kB
MemAvailable:    1527152 kB
Buffers:           57368 kB
Cached:           366452 kB
MemTotal:        1844596 kB
MemFree:         1222356 kB
MemAvailable:    1526904 kB
Buffers:           57368 kB
Cached:           366452 kB
MemTotal:        1844596 kB
MemFree:         1220924 kB
MemAvailable:    1525472 kB
Buffers:           57368 kB
Cached:           366452 kB
MemTotal:        1844596 kB
MemFree:         1220560 kB
MemAvailable:    1525108 kB
Buffers:           57368 kB
Cached:           366452 kB
MemTotal:        1844596 kB
MemFree:         1221552 kB
MemAvailable:    1526100 kB
Buffers:           57368 kB
Cached:           366452 kB
MemTotal:        1844596 kB
MemFree:         1219692 kB
MemAvailable:    1524240 kB
Buffers:           57368 kB
Cached:           366452 kB
MemTotal:        1844596 kB
MemFree:         1220744 kB
MemAvailable:    1525292 kB
Buffers:           57368 kB
Cached:           366452 kB
MemTotal:        1844596 kB
MemFree:         1220536 kB
MemAvailable:    1525084 kB
Buffers:           57368 kB
Cached:           366452 kB
MemTotal:        1844596 kB
MemFree:         1220536 kB
MemAvailable:    1525084 kB
Buffers:           57368 kB
Cached:           366452 kB
MemTotal:        1844596 kB
MemFree:         1220432 kB
MemAvailable:    1524980 kB
Buffers:           57368 kB
Cached:           366452 kB
MemTotal:        1844596 kB
MemFree:         1219124 kB
MemAvailable:    1523672 kB
Buffers:           57368 kB
Cached:           366452 kB
MemTotal:        1844596 kB
MemFree:         1219520 kB
MemAvailable:    1524068 kB
Buffers:           57368 kB
Cached:           366452 kB
MemTotal:        1844596 kB
MemFree:         1220228 kB
MemAvailable:    1524776 kB
Buffers:           57368 kB
Cached:           366452 kB
MemTotal:        1844596 kB
MemFree:         1220228 kB
MemAvailable:    1524776 kB
Buffers:           57368 kB
Cached:           366452 kB
MemTotal:        1844596 kB
MemFree:         1219800 kB
MemAvailable:    1524348 kB
Buffers:           57368 kB
Cached:           366452 kB
MemTotal:        1844596 kB
MemFree:         1219800 kB
MemAvailable:    1524348 kB
Buffers:           57368 kB
Cached:           366452 kB
MemTotal:        1844596 kB
MemFree:         1219420 kB
MemAvailable:    1523968 kB
Buffers:           57368 kB
Cached:           366452 kB
MemTotal:        1844596 kB
MemFree:         1219548 kB
MemAvailable:    1524096 kB
Buffers:           57368 kB
Cached:           366452 kB
MemTotal:        1844596 kB
MemFree:         1219648 kB
MemAvailable:    1524196 kB
Buffers:           57368 kB
Cached:           366452 kB
MemTotal:        1844596 kB
MemFree:         1219444 kB
MemAvailable:    1523992 kB
Buffers:           57368 kB
Cached:           366452 kB
MemTotal:        1844596 kB
MemFree:         1218692 kB
MemAvailable:    1523240 kB
Buffers:           57368 kB
Cached:           366452 kB
MemTotal:        1844596 kB
MemFree:         1218176 kB
MemAvailable:    1522724 kB
Buffers:           57368 kB
Cached:           366452 kB
MemTotal:        1844596 kB
MemFree:         1218308 kB
MemAvailable:    1522856 kB
Buffers:           57368 kB
Cached:           366452 kB
MemTotal:        1844596 kB
MemFree:         1218204 kB
MemAvailable:    1522752 kB
Buffers:           57368 kB
Cached:           366452 kB
MemTotal:        1844596 kB
MemFree:         1218164 kB
MemAvailable:    1522712 kB
Buffers:           57368 kB
Cached:           366452 kB
MemTotal:        1844596 kB
MemFree:         1218164 kB
MemAvailable:    1522712 kB
Buffers:           57368 kB
Cached:           366452 kB
MemTotal:        1844596 kB
MemFree:         1218280 kB
MemAvailable:    1522828 kB
Buffers:           57368 kB
Cached:           366452 kB
MemTotal:        1844596 kB
MemFree:         1218404 kB
MemAvailable:    1522952 kB
Buffers:           57368 kB
Cached:           366452 kB
MemTotal:        1844596 kB
MemFree:         1219504 kB
MemAvailable:    1524052 kB
Buffers:           57368 kB
Cached:           366452 kB
MemTotal:        1844596 kB
MemFree:         1219248 kB
MemAvailable:    1523796 kB
Buffers:           57368 kB
Cached:           366452 kB
MemTotal:        1844596 kB
MemFree:         1219072 kB
MemAvailable:    1523620 kB
Buffers:           57368 kB
Cached:           366452 kB
MemTotal:        1844596 kB
MemFree:         1217956 kB
MemAvailable:    1522504 kB
Buffers:           57368 kB
Cached:           366452 kB
MemTotal:        1844596 kB
MemFree:         1218760 kB
MemAvailable:    1523312 kB
Buffers:           57368 kB
Cached:           366456 kB
MemTotal:        1844596 kB
MemFree:         1218644 kB
MemAvailable:    1523196 kB
Buffers:           57372 kB
Cached:           366452 kB
MemTotal:        1844596 kB
MemFree:         1218652 kB
MemAvailable:    1523204 kB
Buffers:           57372 kB
Cached:           366452 kB
MemTotal:        1844596 kB
MemFree:         1218624 kB
MemAvailable:    1523176 kB
Buffers:           57372 kB
Cached:           366452 kB
MemTotal:        1844596 kB
MemFree:         1217708 kB
MemAvailable:    1522260 kB
Buffers:           57372 kB
Cached:           366452 kB
MemTotal:        1844596 kB
MemFree:         1218624 kB
MemAvailable:    1523176 kB
Buffers:           57372 kB
Cached:           366452 kB
MemTotal:        1844596 kB
MemFree:         1217316 kB
MemAvailable:    1521868 kB
Buffers:           57372 kB
Cached:           366452 kB
MemTotal:        1844596 kB
MemFree:         1218492 kB
MemAvailable:    1523044 kB
Buffers:           57372 kB
Cached:           366452 kB
MemTotal:        1844596 kB
MemFree:         1218492 kB
MemAvailable:    1523044 kB
Buffers:           57372 kB
Cached:           366452 kB
MemTotal:        1844596 kB
MemFree:         1218488 kB
MemAvailable:    1523040 kB
Buffers:           57372 kB
Cached:           366452 kB
MemTotal:        1844596 kB
MemFree:         1217584 kB
MemAvailable:    1522136 kB
Buffers:           57372 kB
Cached:           366452 kB
MemTotal:        1844596 kB
MemFree:         1215592 kB
MemAvailable:    1520144 kB
Buffers:           57372 kB
Cached:           366452 kB
MemTotal:        1844596 kB
MemFree:         1214608 kB
MemAvailable:    1519164 kB
Buffers:           57372 kB
Cached:           366456 kB
MemTotal:        1844596 kB
MemFree:         1211384 kB
MemAvailable:    1515940 kB
Buffers:           57372 kB
Cached:           366456 kB
MemTotal:        1844596 kB
MemFree:         1211232 kB
MemAvailable:    1515788 kB
Buffers:           57372 kB
Cached:           366456 kB
MemTotal:        1844596 kB
MemFree:         1209888 kB
MemAvailable:    1514444 kB
Buffers:           57372 kB
Cached:           366456 kB
MemTotal:        1844596 kB
MemFree:         1209516 kB
MemAvailable:    1514072 kB
Buffers:           57372 kB
Cached:           366456 kB
MemTotal:        1844596 kB
MemFree:         1210700 kB
MemAvailable:    1515256 kB
Buffers:           57372 kB
Cached:           366456 kB
MemTotal:        1844596 kB
MemFree:         1210764 kB
MemAvailable:    1515320 kB
Buffers:           57372 kB
Cached:           366456 kB
MemTotal:        1844596 kB
MemFree:         1210692 kB
MemAvailable:    1515248 kB
Buffers:           57372 kB
Cached:           366456 kB
MemTotal:        1844596 kB
MemFree:         1210652 kB
MemAvailable:    1515208 kB
Buffers:           57372 kB
Cached:           366456 kB
MemTotal:        1844596 kB
MemFree:         1209524 kB
MemAvailable:    1514080 kB
Buffers:           57372 kB
Cached:           366456 kB
MemTotal:        1844596 kB
MemFree:         1209388 kB
MemAvailable:    1513944 kB
Buffers:           57372 kB
Cached:           366456 kB
MemTotal:        1844596 kB
MemFree:         1210628 kB
MemAvailable:    1515184 kB
Buffers:           57372 kB
Cached:           366456 kB
MemTotal:        1844596 kB
MemFree:         1210576 kB
MemAvailable:    1515132 kB
Buffers:           57372 kB
Cached:           366456 kB
MemTotal:        1844596 kB
MemFree:         1210640 kB
MemAvailable:    1515196 kB
Buffers:           57372 kB
Cached:           366456 kB
MemTotal:        1844596 kB
MemFree:         1210516 kB
MemAvailable:    1515072 kB
Buffers:           57372 kB
Cached:           366456 kB
MemTotal:        1844596 kB
MemFree:         1210480 kB
MemAvailable:    1515036 kB
Buffers:           57372 kB
Cached:           366456 kB
MemTotal:        1844596 kB
MemFree:         1210732 kB
MemAvailable:    1515288 kB
Buffers:           57372 kB
Cached:           366456 kB
MemTotal:        1844596 kB
MemFree:         1210432 kB
MemAvailable:    1514988 kB
Buffers:           57372 kB
Cached:           366456 kB
MemTotal:        1844596 kB
MemFree:         1209012 kB
MemAvailable:    1513568 kB
Buffers:           57372 kB
Cached:           366456 kB
MemTotal:        1844596 kB
MemFree:         1208516 kB
MemAvailable:    1513072 kB
Buffers:           57372 kB
Cached:           366456 kB
MemTotal:        1844596 kB
MemFree:         1209816 kB
MemAvailable:    1514372 kB
Buffers:           57372 kB
Cached:           366456 kB
MemTotal:        1844596 kB
MemFree:         1208400 kB
MemAvailable:    1512956 kB
Buffers:           57372 kB
Cached:           366456 kB
MemTotal:        1844596 kB
MemFree:         1209316 kB
MemAvailable:    1513872 kB
Buffers:           57372 kB
Cached:           366456 kB
MemTotal:        1844596 kB
MemFree:         1208008 kB
MemAvailable:    1512568 kB
Buffers:           57372 kB
Cached:           366460 kB
MemTotal:        1844596 kB
MemFree:         1209088 kB
MemAvailable:    1513648 kB
Buffers:           57372 kB
Cached:           366460 kB
MemTotal:        1844596 kB
MemFree:         1208012 kB
MemAvailable:    1512576 kB
Buffers:           57372 kB
Cached:           366464 kB
MemTotal:        1844596 kB
MemFree:         1208344 kB
MemAvailable:    1512908 kB
Buffers:           57372 kB
Cached:           366464 kB
MemTotal:        1844596 kB
MemFree:         1207708 kB
MemAvailable:    1512272 kB
Buffers:           57372 kB
Cached:           366464 kB
MemTotal:        1844596 kB
MemFree:         1207104 kB
MemAvailable:    1511668 kB
Buffers:           57372 kB
Cached:           366464 kB
MemTotal:        1844596 kB
MemFree:         1207228 kB
MemAvailable:    1511792 kB
Buffers:           57372 kB
Cached:           366464 kB
MemTotal:        1844596 kB
MemFree:         1206896 kB
MemAvailable:    1511460 kB
Buffers:           57372 kB
Cached:           366464 kB
MemTotal:        1844596 kB
MemFree:         1206980 kB
MemAvailable:    1511544 kB
Buffers:           57372 kB
Cached:           366464 kB
MemTotal:        1844596 kB
MemFree:         1206904 kB
MemAvailable:    1511468 kB
Buffers:           57372 kB
Cached:           366464 kB
MemTotal:        1844596 kB
MemFree:         1206732 kB
MemAvailable:    1511296 kB
Buffers:           57372 kB
Cached:           366464 kB
MemTotal:        1844596 kB
MemFree:         1205804 kB
MemAvailable:    1510368 kB
Buffers:           57372 kB
Cached:           366464 kB
MemTotal:        1844596 kB
MemFree:         1206720 kB
MemAvailable:    1511284 kB
Buffers:           57372 kB
Cached:           366464 kB
MemTotal:        1844596 kB
MemFree:         1206052 kB
MemAvailable:    1510492 kB
Buffers:           57372 kB
Cached:           366464 kB
MemTotal:        1844596 kB
MemFree:         1206720 kB
MemAvailable:    1511284 kB
Buffers:           57372 kB
Cached:           366464 kB
MemTotal:        1844596 kB
MemFree:         1206804 kB
MemAvailable:    1511368 kB
Buffers:           57372 kB
Cached:           366464 kB
MemTotal:        1844596 kB
MemFree:         1205468 kB
MemAvailable:    1510032 kB
Buffers:           57372 kB
Cached:           366464 kB
MemTotal:        1844596 kB
MemFree:         1206928 kB
MemAvailable:    1511492 kB
Buffers:           57372 kB
Cached:           366464 kB
MemTotal:        1844596 kB
MemFree:         1206360 kB
MemAvailable:    1510924 kB
Buffers:           57372 kB
Cached:           366464 kB
MemTotal:        1844596 kB
MemFree:         1206228 kB
MemAvailable:    1510792 kB
Buffers:           57372 kB
Cached:           366464 kB
MemTotal:        1844596 kB
MemFree:         1205972 kB
MemAvailable:    1510536 kB
Buffers:           57372 kB
Cached:           366464 kB
MemTotal:        1844596 kB
MemFree:         1199416 kB
MemAvailable:    1503980 kB
Buffers:           57372 kB
Cached:           366464 kB
MemTotal:        1844596 kB
MemFree:         1198416 kB
MemAvailable:    1502980 kB
Buffers:           57372 kB
Cached:           366464 kB
MemTotal:        1844596 kB
MemFree:         1198292 kB
MemAvailable:    1502940 kB
Buffers:           57372 kB
Cached:           366588 kB
MemTotal:        1844596 kB
MemFree:         1197068 kB
MemAvailable:    1501800 kB
Buffers:           57372 kB
Cached:           366712 kB
MemTotal:        1844596 kB
MemFree:         1198052 kB
MemAvailable:    1502952 kB
Buffers:           57372 kB
Cached:           366836 kB
MemTotal:        1844596 kB
MemFree:         1197944 kB
MemAvailable:    1502928 kB
Buffers:           57372 kB
Cached:           366960 kB
MemTotal:        1844596 kB
MemFree:         1197240 kB
MemAvailable:    1502308 kB
Buffers:           57372 kB
Cached:           366960 kB
MemTotal:        1844596 kB
MemFree:         1197472 kB
MemAvailable:    1502624 kB
Buffers:           57372 kB
Cached:           367084 kB
MemTotal:        1844596 kB
MemFree:         1196440 kB
MemAvailable:    1501592 kB
Buffers:           57372 kB
Cached:           367084 kB
MemTotal:        1844596 kB
MemFree:         1197708 kB
MemAvailable:    1502860 kB
Buffers:           57372 kB
Cached:           367208 kB
MemTotal:        1844596 kB
MemFree:         1197960 kB
MemAvailable:    1503112 kB
Buffers:           57372 kB
Cached:           367208 kB
MemTotal:        1844596 kB
MemFree:         1197716 kB
MemAvailable:    1502868 kB
Buffers:           57372 kB
Cached:           367208 kB
MemTotal:        1844596 kB
MemFree:         1197856 kB
MemAvailable:    1503008 kB
Buffers:           57372 kB
Cached:           367208 kB
MemTotal:        1844596 kB
MemFree:         1196480 kB
MemAvailable:    1501632 kB
Buffers:           57372 kB
Cached:           367208 kB
MemTotal:        1844596 kB
MemFree:         1196604 kB
MemAvailable:    1501756 kB
Buffers:           57372 kB
Cached:           367208 kB
MemTotal:        1844596 kB
MemFree:         1196504 kB
MemAvailable:    1501656 kB
Buffers:           57372 kB
Cached:           367208 kB
MemTotal:        1844596 kB
MemFree:         1196628 kB
MemAvailable:    1501780 kB
Buffers:           57372 kB
Cached:           367208 kB
MemTotal:        1844596 kB
MemFree:         1198260 kB
MemAvailable:    1502824 kB
Buffers:           57372 kB
Cached:           366576 kB
MemTotal:        1844596 kB
MemFree:         1267664 kB
MemAvailable:    1572228 kB
Buffers:           57372 kB
Cached:           366576 kB
