MemTotal:        1844596 kB
MemFree:         1494088 kB
MemAvailable:    1565184 kB
Buffers:           29248 kB
Cached:           175600 kB
MemTotal:        1844596 kB
MemFree:         1495444 kB
MemAvailable:    1566540 kB
Buffers:           29248 kB
Cached:           175600 kB
MemTotal:        1844596 kB
MemFree:         1493088 kB
MemAvailable:    1564184 kB
Buffers:           29248 kB
Cached:           175600 kB
MemTotal:        1844596 kB
MemFree:         1493088 kB
MemAvailable:    1564184 kB
Buffers:           29248 kB
Cached:           175600 kB
MemTotal:        1844596 kB
MemFree:         1490616 kB
MemAvailable:    1561712 kB
Buffers:           29248 kB
Cached:           175600 kB
MemTotal:        1844596 kB
MemFree:         1490616 kB
MemAvailable:    1561712 kB
Buffers:           29248 kB
Cached:           175600 kB
MemTotal:        1844596 kB
MemFree:         1488824 kB
MemAvailable:    1559920 kB
Buffers:           29248 kB
Cached:           175600 kB
MemTotal:        1844596 kB
MemFree:         1486780 kB
MemAvailable:    1557876 kB
Buffers:           29248 kB
Cached:           175600 kB
MemTotal:        1844596 kB
MemFree:         1482672 kB
MemAvailable:    1553768 kB
Buffers:           29248 kB
Cached:           175600 kB
MemTotal:        1844596 kB
MemFree:         1482512 kB
MemAvailable:    1553608 kB
Buffers:           29248 kB
Cached:           175600 kB
MemTotal:        1844596 kB
MemFree:         1480668 kB
MemAvailable:    1551764 kB
Buffers:           29248 kB
Cached:           175600 kB
MemTotal:        1844596 kB
MemFree:         1480580 kB
MemAvailable:    1551676 kB
Buffers:           29248 kB
Cached:           175600 kB
MemTotal:        1844596 kB
MemFree:         1482148 kB
MemAvailable:    1553244 kB
Buffers:           29248 kB
Cached:           175600 kB
MemTotal:        1844596 kB
MemFree:         1480528 kB
MemAvailable:    1551624 kB
Buffers:           29248 kB
Cached:           175600 kB
MemTotal:        1844596 kB
MemFree:         1480776 kB
MemAvailable:    1551872 kB
Buffers:           29248 kB
Cached:           175600 kB
MemTotal:        1844596 kB
MemFree:         1481384 kB
MemAvailable:    1552480 kB
Buffers:           29248 kB
Cached:           175600 kB
MemTotal:        1844596 kB
MemFree:         1479712 kB
MemAvailable:    1550808 kB
Buffers:           29248 kB
Cached:           175600 kB
MemTotal:        1844596 kB
MemFree:         1479712 kB
MemAvailable:    1550808 kB
Buffers:           29248 kB
Cached:           175600 kB
MemTotal:        1844596 kB
MemFree:         1478216 kB
MemAvailable:    1549312 kB
Buffers:           29248 kB
Cached:           175600 kB
MemTotal:        1844596 kB
MemFree:         1479440 kB
MemAvailable:    1550536 kB
Buffers:           29248 kB
Cached:           175600 kB
MemTotal:        1844596 kB
MemFree:         1479440 kB
MemAvailable:    1550536 kB
Buffers:           29248 kB
Cached:           175600 kB
MemTotal:        1844596 kB
MemFree:         1479436 kB
MemAvailable:    1550532 kB
Buffers:           29248 kB
Cached:           175600 kB
MemTotal:        1844596 kB
MemFree:         1479688 kB
MemAvailable:    1550784 kB
Buffers:           29248 kB
Cached:           175600 kB
MemTotal:        1844596 kB
MemFree:         1479452 kB
MemAvailable:    1550548 kB
Buffers:           29248 kB
Cached:           175600 kB
MemTotal:        1844596 kB
MemFree:         1478288 kB
MemAvailable:    1549384 kB
Buffers:           29248 kB
Cached:           175600 kB
MemTotal:        1844596 kB
MemFree:         1479264 kB
MemAvailable:    1550360 kB
Buffers:           29248 kB
Cached:           175600 kB
MemTotal:        1844596 kB
MemFree:         1479516 kB
MemAvailable:    1550612 kB
Buffers:           29248 kB
Cached:           175600 kB
MemTotal:        1844596 kB
MemFree:         1479508 kB
MemAvailable:    1550604 kB
Buffers:           29248 kB
Cached:           175600 kB
MemTotal:        1844596 kB
MemFree:         1480200 kB
MemAvailable:    1551296 kB
Buffers:           29248 kB
Cached:           175600 kB
MemTotal:        1844596 kB
MemFree:         1479324 kB
MemAvailable:    1550424 kB
Buffers:           29248 kB
Cached:           175604 kB
MemTotal:        1844596 kB
MemFree:         1479200 kB
MemAvailable:    1550300 kB
Buffers:           29248 kB
Cached:           175604 kB
MemTotal:        1844596 kB
MemFree:         1477412 kB
MemAvailable:    1548512 kB
Buffers:           29248 kB
Cached:           175604 kB
MemTotal:        1844596 kB
MemFree:         1475860 kB
MemAvailable:    1546960 kB
Buffers:           29248 kB
Cached:           175604 kB
MemTotal:        1844596 kB
MemFree:         1476216 kB
MemAvailable:    1547316 kB
Buffers:           29248 kB
Cached:           175604 kB
MemTotal:        1844596 kB
MemFree:         1476216 kB
MemAvailable:    1547316 kB
Buffers:           29248 kB
Cached:           175604 kB
MemTotal:        1844596 kB
MemFree:         1474812 kB
MemAvailable:    1545912 kB
Buffers:           29248 kB
Cached:           175604 kB
MemTotal:        1844596 kB
MemFree:         1475232 kB
MemAvailable:    1546332 kB
Buffers:           29248 kB
Cached:           175604 kB
MemTotal:        1844596 kB
MemFree:         1475316 kB
MemAvailable:    1546416 kB
Buffers:           29248 kB
Cached:           175604 kB
MemTotal:        1844596 kB
MemFree:         1474116 kB
MemAvailable:    1545216 kB
Buffers:           29248 kB
Cached:           175604 kB
MemTotal:        1844596 kB
MemFree:         1474116 kB
MemAvailable:    1545216 kB
Buffers:           29248 kB
Cached:           175604 kB
MemTotal:        1844596 kB
MemFree:         1474116 kB
MemAvailable:    1545216 kB
Buffers:           29248 kB
Cached:           175604 kB
MemTotal:        1844596 kB
MemFree:         1475356 kB
MemAvailable:    1546456 kB
Buffers:           29248 kB
Cached:           175604 kB
MemTotal:        1844596 kB
MemFree:         1474108 kB
MemAvailable:    1545208 kB
Buffers:           29248 kB
Cached:           175604 kB
MemTotal:        1844596 kB
MemFree:         1473760 kB
MemAvailable:    1544860 kB
Buffers:           29248 kB
Cached:           175604 kB
MemTotal:        1844596 kB
MemFree:         1473628 kB
MemAvailable:    1544728 kB
Buffers:           29248 kB
Cached:           175604 kB
MemTotal:        1844596 kB
MemFree:         1474060 kB
MemAvailable:    1545160 kB
Buffers:           29248 kB
Cached:           175604 kB
MemTotal:        1844596 kB
MemFree:         1474176 kB
MemAvailable:    1545276 kB
Buffers:           29248 kB
Cached:           175604 kB
MemTotal:        1844596 kB
MemFree:         1473068 kB
MemAvailable:    1544168 kB
Buffers:           29248 kB
Cached:           175604 kB
MemTotal:        1844596 kB
MemFree:         1473068 kB
MemAvailable:    1544168 kB
Buffers:           29248 kB
Cached:           175604 kB
MemTotal:        1844596 kB
MemFree:         1473060 kB
MemAvailable:    1544160 kB
Buffers:           29248 kB
Cached:           175604 kB
MemTotal:        1844596 kB
MemFree:         1472944 kB
MemAvailable:    1544044 kB
Buffers:           29248 kB
Cached:           175604 kB
MemTotal:        1844596 kB
MemFree:         1474244 kB
MemAvailable:    1545344 kB
Buffers:           29248 kB
Cached:           175604 kB
MemTotal:        1844596 kB
MemFree:         1473064 kB
MemAvailable:    1544164 kB
Buffers:           29248 kB
Cached:           175604 kB
MemTotal:        1844596 kB
MemFree:         1473188 kB
MemAvailable:    1544288 kB
Buffers:           29248 kB
Cached:           175604 kB
MemTotal:        1844596 kB
MemFree:         1473064 kB
MemAvailable:    1544164 kB
Buffers:           29248 kB
Cached:           175604 kB
MemTotal:        1844596 kB
MemFree:         1473064 kB
MemAvailable:    1544164 kB
Buffers:           29248 kB
Cached:           175604 kB
MemTotal:        1844596 kB
MemFree:         1473056 kB
MemAvailable:    1544156 kB
Buffers:           29248 kB
Cached:           175604 kB
MemTotal:        1844596 kB
MemFree:         1474068 kB
MemAvailable:    1545168 kB
Buffers:           29248 kB
Cached:           175604 kB
MemTotal:        1844596 kB
MemFree:         1472884 kB
MemAvailable:    1543984 kB
Buffers:           29248 kB
Cached:           175604 kB
MemTotal:        1844596 kB
MemFree:         1473884 kB
MemAvailable:    1544984 kB
Buffers:           29248 kB
Cached:           175604 kB
MemTotal:        1844596 kB
MemFree:         1473496 kB
MemAvailable:    1544596 kB
Buffers:           29248 kB
Cached:           175604 kB
MemTotal:        1844596 kB
MemFree:         1473496 kB
MemAvailable:    1544596 kB
Buffers:           29248 kB
Cached:           175604 kB
MemTotal:        1844596 kB
MemFree:         1473332 kB
MemAvailable:    1544432 kB
Buffers:           29248 kB
Cached:           175604 kB
MemTotal:        1844596 kB
MemFree:         1473332 kB
MemAvailable:    1544432 kB
Buffers:           29248 kB
Cached:           175604 kB
MemTotal:        1844596 kB
MemFree:         1472208 kB
MemAvailable:    1543308 kB
Buffers:           29248 kB
Cached:           175604 kB
MemTotal:        1844596 kB
MemFree:         1471952 kB
MemAvailable:    1543052 kB
Buffers:           29248 kB
Cached:           175604 kB
MemTotal:        1844596 kB
MemFree:         1472456 kB
MemAvailable:    1543556 kB
Buffers:           29248 kB
Cached:           175604 kB
MemTotal:        1844596 kB
MemFree:         1473448 kB
MemAvailable:    1544556 kB
Buffers:           29248 kB
Cached:           175612 kB
MemTotal:        1844596 kB
MemFree:         1472264 kB
MemAvailable:    1543372 kB
Buffers:           29248 kB
Cached:           175612 kB
MemTotal:        1844596 kB
MemFree:         1472828 kB
MemAvailable:    1543936 kB
Buffers:           29248 kB
Cached:           175612 kB
MemTotal:        1844596 kB
MemFree:         1470660 kB
MemAvailable:    1541768 kB
Buffers:           29248 kB
Cached:           175612 kB
MemTotal:        1844596 kB
MemFree:         1470396 kB
MemAvailable:    1541504 kB
Buffers:           29248 kB
Cached:           175612 kB
MemTotal:        1844596 kB
MemFree:         1465932 kB
MemAvailable:    1537040 kB
Buffers:           29248 kB
Cached:           175612 kB
MemTotal:        1844596 kB
MemFree:         1465700 kB
MemAvailable:    1536808 kB
Buffers:           29248 kB
Cached:           175612 kB
MemTotal:        1844596 kB
MemFree:         1464404 kB
MemAvailable:    1535512 kB
Buffers:           29248 kB
Cached:           175612 kB
MemTotal:        1844596 kB
MemFree:         1465628 kB
MemAvailable:    1536736 kB
Buffers:           29248 kB
Cached:           175612 kB
MemTotal:        1844596 kB
MemFree:         1465448 kB
MemAvailable:    1536556 kB
Buffers:           29248 kB
Cached:           175612 kB
MemTotal:        1844596 kB
MemFree:         1464460 kB
MemAvailable:    1535568 kB
Buffers:           29248 kB
Cached:           175612 kB
MemTotal:        1844596 kB
MemFree:         1465376 kB
MemAvailable:    1536484 kB
Buffers:           29248 kB
Cached:           175612 kB
MemTotal:        1844596 kB
MemFree:         1464708 kB
MemAvailable:    1535816 kB
Buffers:           29248 kB
Cached:           175612 kB
MemTotal:        1844596 kB
MemFree:         1465368 kB
MemAvailable:    1536476 kB
Buffers:           29248 kB
Cached:           175612 kB
MemTotal:        1844596 kB
MemFree:         1465128 kB
MemAvailable:    1536236 kB
Buffers:           29248 kB
Cached:           175612 kB
MemTotal:        1844596 kB
MemFree:         1465464 kB
MemAvailable:    1536572 kB
Buffers:           29248 kB
Cached:           175612 kB
MemTotal:        1844596 kB
MemFree:         1464088 kB
MemAvailable:    1535196 kB
Buffers:           29248 kB
Cached:           175612 kB
MemTotal:        1844596 kB
MemFree:         1465396 kB
MemAvailable:    1536504 kB
Buffers:           29248 kB
Cached:           175612 kB
MemTotal:        1844596 kB
MemFree:         1465388 kB
MemAvailable:    1536496 kB
Buffers:           29248 kB
Cached:           175612 kB
MemTotal:        1844596 kB
MemFree:         1464708 kB
MemAvailable:    1535816 kB
Buffers:           29248 kB
Cached:           175612 kB
MemTotal:        1844596 kB
MemFree:         1465312 kB
MemAvailable:    1536420 kB
Buffers:           29248 kB
Cached:           175612 kB
MemTotal:        1844596 kB
MemFree:         1465188 kB
MemAvailable:    1536296 kB
Buffers:           29248 kB
Cached:           175612 kB
MemTotal:        1844596 kB
MemFree:         1464948 kB
MemAvailable:    1536056 kB
Buffers:           29248 kB
Cached:           175612 kB
MemTotal:        1844596 kB
MemFree:         1463576 kB
MemAvailable:    1534684 kB
Buffers:           29248 kB
Cached:           175612 kB
MemTotal:        1844596 kB
MemFree:         1464336 kB
MemAvailable:    1535444 kB
Buffers:           29248 kB
Cached:           175612 kB
MemTotal:        1844596 kB
MemFree:         1463088 kB
MemAvailable:    1534196 kB
Buffers:           29248 kB
Cached:           175612 kB
MemTotal:        1844596 kB
MemFree:         1463760 kB
MemAvailable:    1534868 kB
Buffers:           29248 kB
Cached:           175612 kB
MemTotal:        1844596 kB
MemFree:         1464096 kB
MemAvailable:    1535204 kB
Buffers:           29248 kB
Cached:           175612 kB
MemTotal:        1844596 kB
MemFree:         1462528 kB
MemAvailable:    1533636 kB
Buffers:           29248 kB
Cached:           175612 kB
MemTotal:        1844596 kB
MemFree:         1462784 kB
MemAvailable:    1533892 kB
Buffers:           29248 kB
Cached:           175612 kB
MemTotal:        1844596 kB
MemFree:         1462584 kB
MemAvailable:    1533692 kB
Buffers:           29248 kB
Cached:           175612 kB
MemTotal:        1844596 kB
MemFree:         1462584 kB
MemAvailable:    1533692 kB
Buffers:           29248 kB
Cached:           175612 kB
MemTotal:        1844596 kB
MemFree:         1460864 kB
MemAvailable:    1531972 kB
Buffers:           29248 kB
Cached:           175612 kB
MemTotal:        1844596 kB
MemFree:         1460484 kB
MemAvailable:    1531592 kB
Buffers:           29248 kB
Cached:           175612 kB
MemTotal:        1844596 kB
MemFree:         1461924 kB
MemAvailable:    1533032 kB
Buffers:           29248 kB
Cached:           175612 kB
MemTotal:        1844596 kB
MemFree:         1461412 kB
MemAvailable:    1532520 kB
Buffers:           29248 kB
Cached:           175612 kB
MemTotal:        1844596 kB
MemFree:         1461748 kB
MemAvailable:    1532856 kB
Buffers:           29248 kB
Cached:           175612 kB
MemTotal:        1844596 kB
MemFree:         1461280 kB
MemAvailable:    1532388 kB
Buffers:           29248 kB
Cached:           175612 kB
MemTotal:        1844596 kB
MemFree:         1461532 kB
MemAvailable:    1532640 kB
Buffers:           29248 kB
Cached:           175612 kB
MemTotal:        1844596 kB
MemFree:         1461456 kB
MemAvailable:    1532564 kB
Buffers:           29248 kB
Cached:           175612 kB
MemTotal:        1844596 kB
MemFree:         1460492 kB
MemAvailable:    1531600 kB
Buffers:           29248 kB
Cached:           175612 kB
MemTotal:        1844596 kB
MemFree:         1461208 kB
MemAvailable:    1532316 kB
Buffers:           29248 kB
Cached:           175612 kB
MemTotal:        1844596 kB
MemFree:         1461376 kB
MemAvailable:    1532484 kB
Buffers:           29248 kB
Cached:           175612 kB
MemTotal:        1844596 kB
MemFree:         1460224 kB
MemAvailable:    1531332 kB
Buffers:           29248 kB
Cached:           175612 kB
MemTotal:        1844596 kB
MemFree:         1460980 kB
MemAvailable:    1532088 kB
Buffers:           29248 kB
Cached:           175612 kB
MemTotal:        1844596 kB
MemFree:         1459996 kB
MemAvailable:    1531104 kB
Buffers:           29248 kB
Cached:           175612 kB
MemTotal:        1844596 kB
MemFree:         1460560 kB
MemAvailable:    1531668 kB
Buffers:           29248 kB
Cached:           175612 kB
MemTotal:        1844596 kB
MemFree:         1457144 kB
MemAvailable:    1528252 kB
Buffers:           29248 kB
Cached:           175612 kB
MemTotal:        1844596 kB
MemFree:         1454848 kB
MemAvailable:    1525956 kB
Buffers:           29248 kB
Cached:           175612 kB
MemTotal:        1844596 kB
MemFree:         1454592 kB
MemAvailable:    1525784 kB
Buffers:           29248 kB
Cached:           175736 kB
MemTotal:        1844596 kB
MemFree:         1454600 kB
MemAvailable:    1525876 kB
Buffers:           29248 kB
Cached:           175860 kB
MemTotal:        1844596 kB
MemFree:         1453300 kB
MemAvailable:    1524660 kB
Buffers:           29248 kB
Cached:           175860 kB
MemTotal:        1844596 kB
MemFree:         1454216 kB
MemAvailable:    1525660 kB
Buffers:           29248 kB
Cached:           175984 kB
MemTotal:        1844596 kB
MemFree:         1453300 kB
MemAvailable:    1524828 kB
Buffers:           29248 kB
Cached:           175984 kB
MemTotal:        1844596 kB
MemFree:         1453908 kB
MemAvailable:    1525520 kB
Buffers:           29248 kB
Cached:           176108 kB
MemTotal:        1844596 kB
MemFree:         1452660 kB
MemAvailable:    1524356 kB
Buffers:           29248 kB
Cached:           176108 kB
MemTotal:        1844596 kB
MemFree:         1453636 kB
MemAvailable:    1525332 kB
Buffers:           29248 kB
Cached:           176232 kB
MemTotal:        1844596 kB
MemFree:         1453804 kB
MemAvailable:    1525500 kB
Buffers:           29248 kB
Cached:           176232 kB
MemTotal:        1844596 kB
MemFree:         1453616 kB
MemAvailable:    1525312 kB
Buffers:           29248 kB
Cached:           176232 kB
MemTotal:        1844596 kB
MemFree:         1453860 kB
MemAvailable:    1525556 kB
Buffers:           29248 kB
Cached:           176232 kB
MemTotal:        1844596 kB
MemFree:         1453644 kB
MemAvailable:    1525340 kB
Buffers:           29248 kB
Cached:           176232 kB
MemTotal:        1844596 kB
MemFree:         1453980 kB
MemAvailable:    1525676 kB
Buffers:           29248 kB
Cached:           176232 kB
MemTotal:        1844596 kB
MemFree:         1453820 kB
MemAvailable:    1525516 kB
Buffers:           29248 kB
Cached:           176232 kB
MemTotal:        1844596 kB
MemFree:         1453052 kB
MemAvailable:    1524748 kB
Buffers:           29248 kB
Cached:           176232 kB
MemTotal:        1844596 kB
MemFree:         1452584 kB
MemAvailable:    1523692 kB
Buffers:           29248 kB
Cached:           175684 kB
MemTotal:        1844596 kB
MemFree:         1521132 kB
MemAvailable:    1592324 kB
Buffers:           29248 kB
Cached:           175684 kB
