MemTotal:        1844596 kB
MemFree:         1482608 kB
MemAvailable:    1565608 kB
Buffers:           35888 kB
Cached:           180296 kB
MemTotal:        1844596 kB
MemFree:         1478176 kB
MemAvailable:    1561176 kB
Buffers:           35888 kB
Cached:           180296 kB
MemTotal:        1844596 kB
MemFree:         1477572 kB
MemAvailable:    1560572 kB
Buffers:           35888 kB
Cached:           180296 kB
MemTotal:        1844596 kB
MemFree:         1476332 kB
MemAvailable:    1559332 kB
Buffers:           35888 kB
Cached:           180296 kB
MemTotal:        1844596 kB
MemFree:         1475936 kB
MemAvailable:    1558936 kB
Buffers:           35888 kB
Cached:           180296 kB
MemTotal:        1844596 kB
MemFree:         1475936 kB
MemAvailable:    1558936 kB
Buffers:           35888 kB
Cached:           180296 kB
MemTotal:        1844596 kB
MemFree:         1475268 kB
MemAvailable:    1558268 kB
Buffers:           35888 kB
Cached:           180296 kB
MemTotal:        1844596 kB
MemFree:         1474284 kB
MemAvailable:    1557284 kB
Buffers:           35888 kB
Cached:           180296 kB
MemTotal:        1844596 kB
MemFree:         1471860 kB
MemAvailable:    1554860 kB
Buffers:           35888 kB
Cached:           180296 kB
MemTotal:        1844596 kB
MemFree:         1469364 kB
MemAvailable:    1552364 kB
Buffers:           35888 kB
Cached:           180296 kB
MemTotal:        1844596 kB
MemFree:         1469492 kB
MemAvailable:    1552492 kB
Buffers:           35888 kB
Cached:           180296 kB
MemTotal:        1844596 kB
MemFree:         1463932 kB
MemAvailable:    1546932 kB
Buffers:           35888 kB
Cached:           180296 kB
MemTotal:        1844596 kB
MemFree:         1466076 kB
MemAvailable:    1549076 kB
Buffers:           35888 kB
Cached:           180296 kB
MemTotal:        1844596 kB
MemFree:         1466028 kB
MemAvailable:    1549028 kB
Buffers:           35888 kB
Cached:           180296 kB
MemTotal:        1844596 kB
MemFree:         1465164 kB
MemAvailable:    1548164 kB
Buffers:           35888 kB
Cached:           180296 kB
MemTotal:        1844596 kB
MemFree:         1466164 kB
MemAvailable:    1549164 kB
Buffers:           35888 kB
Cached:           180296 kB
MemTotal:        1844596 kB
MemFree:         1465908 kB
MemAvailable:    1548908 kB
Buffers:           35888 kB
Cached:           180296 kB
MemTotal:        1844596 kB
MemFree:         1465776 kB
MemAvailable:    1548776 kB
Buffers:           35888 kB
Cached:           180296 kB
MemTotal:        1844596 kB
MemFree:         1464600 kB
MemAvailable:    1547600 kB
Buffers:           35888 kB
Cached:           180296 kB
MemTotal:        1844596 kB
MemFree:         1463932 kB
MemAvailable:    1546932 kB
Buffers:           35888 kB
Cached:           180296 kB
MemTotal:        1844596 kB
MemFree:         1464116 kB
MemAvailable:    1547116 kB
Buffers:           35888 kB
Cached:           180296 kB
MemTotal:        1844596 kB
MemFree:         1462568 kB
MemAvailable:    1545568 kB
Buffers:           35888 kB
Cached:           180296 kB
MemTotal:        1844596 kB
MemFree:         1463744 kB
MemAvailable:    1546744 kB
Buffers:           35888 kB
Cached:           180296 kB
MemTotal:        1844596 kB
MemFree:         1463752 kB
MemAvailable:    1546752 kB
Buffers:           35888 kB
Cached:           180296 kB
MemTotal:        1844596 kB
MemFree:         1463744 kB
MemAvailable:    1546744 kB
Buffers:           35888 kB
Cached:           180296 kB
MemTotal:        1844596 kB
MemFree:         1462444 kB
MemAvailable:    1545444 kB
Buffers:           35888 kB
Cached:           180296 kB
MemTotal:        1844596 kB
MemFree:         1463400 kB
MemAvailable:    1546400 kB
Buffers:           35888 kB
Cached:           180296 kB
MemTotal:        1844596 kB
MemFree:         1463652 kB
MemAvailable:    1546652 kB
Buffers:           35888 kB
Cached:           180296 kB
MemTotal:        1844596 kB
MemFree:         1462300 kB
MemAvailable:    1545300 kB
Buffers:           35888 kB
Cached:           180296 kB
MemTotal:        1844596 kB
MemFree:         1463352 kB
MemAvailable:    1546352 kB
Buffers:           35888 kB
Cached:           180296 kB
MemTotal:        1844596 kB
MemFree:         1463604 kB
MemAvailable:    1546604 kB
Buffers:           35888 kB
Cached:           180296 kB
MemTotal:        1844596 kB
MemFree:         1464704 kB
MemAvailable:    1547704 kB
Buffers:           35888 kB
Cached:           180296 kB
MemTotal:        1844596 kB
MemFree:         1464956 kB
MemAvailable:    1547956 kB
Buffers:           35888 kB
Cached:           180296 kB
MemTotal:        1844596 kB
MemFree:         1463616 kB
MemAvailable:    1546616 kB
Buffers:           35888 kB
Cached:           180296 kB
MemTotal:        1844596 kB
MemFree:         1461196 kB
MemAvailable:    1544196 kB
Buffers:           35888 kB
Cached:           180296 kB
MemTotal:        1844596 kB
MemFree:         1460460 kB
MemAvailable:    1543460 kB
Buffers:           35888 kB
Cached:           180296 kB
MemTotal:        1844596 kB
MemFree:         1460932 kB
MemAvailable:    1543932 kB
Buffers:           35888 kB
Cached:           180296 kB
MemTotal:        1844596 kB
MemFree:         1461060 kB
MemAvailable:    1544060 kB
Buffers:           35888 kB
Cached:           180296 kB
MemTotal:        1844596 kB
MemFree:         1460520 kB
MemAvailable:    1543520 kB
Buffers:           35888 kB
Cached:           180296 kB
MemTotal:        1844596 kB
MemFree:         1459220 kB
MemAvailable:    1542220 kB
Buffers:           35888 kB
Cached:           180296 kB
MemTotal:        1844596 kB
MemFree:         1459700 kB
MemAvailable:    1542700 kB
Buffers:           35888 kB
Cached:           180296 kB
MemTotal:        1844596 kB
MemFree:         1459952 kB
MemAvailable:    1542952 kB
Buffers:           35888 kB
Cached:           180296 kB
MemTotal:        1844596 kB
MemFree:         1458460 kB
MemAvailable:    1541460 kB
Buffers:           35888 kB
Cached:           180296 kB
MemTotal:        1844596 kB
MemFree:         1459592 kB
MemAvailable:    1542592 kB
Buffers:           35888 kB
Cached:           180296 kB
MemTotal:        1844596 kB
MemFree:         1459312 kB
MemAvailable:    1542312 kB
Buffers:           35888 kB
Cached:           180296 kB
MemTotal:        1844596 kB
MemFree:         1459564 kB
MemAvailable:    1542564 kB
Buffers:           35888 kB
Cached:           180296 kB
MemTotal:        1844596 kB
MemFree:         1457784 kB
MemAvailable:    1540784 kB
Buffers:           35888 kB
Cached:           180296 kB
MemTotal:        1844596 kB
MemFree:         1459548 kB
MemAvailable:    1542548 kB
Buffers:           35888 kB
Cached:           180296 kB
MemTotal:        1844596 kB
MemFree:         1459132 kB
MemAvailable:    1542132 kB
Buffers:           35888 kB
Cached:           180296 kB
MemTotal:        1844596 kB
MemFree:         1459132 kB
MemAvailable:    1542132 kB
Buffers:           35888 kB
Cached:           180296 kB
MemTotal:        1844596 kB
MemFree:         1458776 kB
MemAvailable:    1541776 kB
Buffers:           35888 kB
Cached:           180296 kB
MemTotal:        1844596 kB
MemFree:         1458652 kB
MemAvailable:    1541652 kB
Buffers:           35888 kB
Cached:           180296 kB
MemTotal:        1844596 kB
MemFree:         1458344 kB
MemAvailable:    1541344 kB
Buffers:           35888 kB
Cached:           180296 kB
MemTotal:        1844596 kB
MemFree:         1458400 kB
MemAvailable:    1541400 kB
Buffers:           35888 kB
Cached:           180296 kB
MemTotal:        1844596 kB
MemFree:         1458484 kB
MemAvailable:    1541484 kB
Buffers:           35888 kB
Cached:           180296 kB
MemTotal:        1844596 kB
MemFree:         1458388 kB
MemAvailable:    1541388 kB
Buffers:           35888 kB
Cached:           180296 kB
MemTotal:        1844596 kB
MemFree:         1457088 kB
MemAvailable:    1540088 kB
Buffers:           35888 kB
Cached:           180296 kB
MemTotal:        1844596 kB
MemFree:         1458328 kB
MemAvailable:    1541328 kB
Buffers:           35888 kB
Cached:           180296 kB
MemTotal:        1844596 kB
MemFree:         1457212 kB
MemAvailable:    1540212 kB
Buffers:           35888 kB
Cached:           180296 kB
MemTotal:        1844596 kB
MemFree:         1457212 kB
MemAvailable:    1540212 kB
Buffers:           35888 kB
Cached:           180296 kB
MemTotal:        1844596 kB
MemFree:         1457204 kB
MemAvailable:    1540204 kB
Buffers:           35888 kB
Cached:           180296 kB
MemTotal:        1844596 kB
MemFree:         1457328 kB
MemAvailable:    1540328 kB
Buffers:           35888 kB
Cached:           180296 kB
MemTotal:        1844596 kB
MemFree:         1457212 kB
MemAvailable:    1540212 kB
Buffers:           35888 kB
Cached:           180296 kB
MemTotal:        1844596 kB
MemFree:         1457112 kB
MemAvailable:    1540112 kB
Buffers:           35888 kB
Cached:           180296 kB
MemTotal:        1844596 kB
MemFree:         1457956 kB
MemAvailable:    1540956 kB
Buffers:           35888 kB
Cached:           180296 kB
MemTotal:        1844596 kB
MemFree:         1457056 kB
MemAvailable:    1540056 kB
Buffers:           35888 kB
Cached:           180296 kB
MemTotal:        1844596 kB
MemFree:         1457656 kB
MemAvailable:    1540656 kB
Buffers:           35888 kB
Cached:           180296 kB
MemTotal:        1844596 kB
MemFree:         1457748 kB
MemAvailable:    1540748 kB
Buffers:           35888 kB
Cached:           180296 kB
MemTotal:        1844596 kB
MemFree:         1457444 kB
MemAvailable:    1540444 kB
Buffers:           35888 kB
Cached:           180296 kB
MemTotal:        1844596 kB
MemFree:         1456616 kB
MemAvailable:    1539616 kB
Buffers:           35888 kB
Cached:           180296 kB
MemTotal:        1844596 kB
MemFree:         1457332 kB
MemAvailable:    1540332 kB
Buffers:           35888 kB
Cached:           180296 kB
MemTotal:        1844596 kB
MemFree:         1457472 kB
MemAvailable:    1540472 kB
Buffers:           35888 kB
Cached:           180296 kB
MemTotal:        1844596 kB
MemFree:         1457544 kB
MemAvailable:    1540544 kB
Buffers:           35888 kB
Cached:           180296 kB
MemTotal:        1844596 kB
MemFree:         1457372 kB
MemAvailable:    1540372 kB
Buffers:           35888 kB
Cached:           180296 kB
MemTotal:        1844596 kB
MemFree:         1457420 kB
MemAvailable:    1540420 kB
Buffers:           35888 kB
Cached:           180296 kB
MemTotal:        1844596 kB
MemFree:         1456740 kB
MemAvailable:    1539740 kB
Buffers:           35888 kB
Cached:           180296 kB
MemTotal:        1844596 kB
MemFree:         1457444 kB
MemAvailable:    1540456 kB
Buffers:           35888 kB
Cached:           180308 kB
MemTotal:        1844596 kB
MemFree:         1457484 kB
MemAvailable:    1540496 kB
Buffers:           35888 kB
Cached:           180308 kB
MemTotal:        1844596 kB
MemFree:         1456616 kB
MemAvailable:    1539628 kB
Buffers:           35888 kB
Cached:           180308 kB
MemTotal:        1844596 kB
MemFree:         1457200 kB
MemAvailable:    1540212 kB
Buffers:           35888 kB
Cached:           180308 kB
MemTotal:        1844596 kB
MemFree:         1457424 kB
MemAvailable:    1540436 kB
Buffers:           35888 kB
Cached:           180308 kB
MemTotal:        1844596 kB
MemFree:         1453244 kB
MemAvailable:    1536256 kB
Buffers:           35888 kB
Cached:           180308 kB
MemTotal:        1844596 kB
MemFree:         1453248 kB
MemAvailable:    1536260 kB
Buffers:           35888 kB
Cached:           180308 kB
MemTotal:        1844596 kB
MemFree:         1450028 kB
MemAvailable:    1533040 kB
Buffers:           35888 kB
Cached:           180308 kB
MemTotal:        1844596 kB
MemFree:         1450028 kB
MemAvailable:    1533040 kB
Buffers:           35888 kB
Cached:           180308 kB
MemTotal:        1844596 kB
MemFree:         1449508 kB
MemAvailable:    1532520 kB
Buffers:           35888 kB
Cached:           180308 kB
MemTotal:        1844596 kB
MemFree:         1449760 kB
MemAvailable:    1532772 kB
Buffers:           35888 kB
Cached:           180308 kB
MemTotal:        1844596 kB
MemFree:         1449584 kB
MemAvailable:    1532596 kB
Buffers:           35888 kB
Cached:           180308 kB
MemTotal:        1844596 kB
MemFree:         1448424 kB
MemAvailable:    1531436 kB
Buffers:           35888 kB
Cached:           180308 kB
MemTotal:        1844596 kB
MemFree:         1449672 kB
MemAvailable:    1532684 kB
Buffers:           35888 kB
Cached:           180308 kB
MemTotal:        1844596 kB
MemFree:         1448548 kB
MemAvailable:    1531560 kB
Buffers:           35888 kB
Cached:           180308 kB
MemTotal:        1844596 kB
MemFree:         1448300 kB
MemAvailable:    1531312 kB
Buffers:           35888 kB
Cached:           180308 kB
MemTotal:        1844596 kB
MemFree:         1449608 kB
MemAvailable:    1532620 kB
Buffers:           35888 kB
Cached:           180308 kB
MemTotal:        1844596 kB
MemFree:         1448168 kB
MemAvailable:    1531180 kB
Buffers:           35888 kB
Cached:           180308 kB
MemTotal:        1844596 kB
MemFree:         1449276 kB
MemAvailable:    1532288 kB
Buffers:           35888 kB
Cached:           180308 kB
MemTotal:        1844596 kB
MemFree:         1448756 kB
MemAvailable:    1531768 kB
Buffers:           35888 kB
Cached:           180308 kB
MemTotal:        1844596 kB
MemFree:         1448372 kB
MemAvailable:    1531384 kB
Buffers:           35888 kB
Cached:           180308 kB
MemTotal:        1844596 kB
MemFree:         1449340 kB
MemAvailable:    1532352 kB
Buffers:           35888 kB
Cached:           180308 kB
MemTotal:        1844596 kB
MemFree:         1449240 kB
MemAvailable:    1532252 kB
Buffers:           35888 kB
Cached:           180308 kB
MemTotal:        1844596 kB
MemFree:         1449396 kB
MemAvailable:    1532408 kB
Buffers:           35888 kB
Cached:           180308 kB
MemTotal:        1844596 kB
MemFree:         1449124 kB
MemAvailable:    1532136 kB
Buffers:           35888 kB
Cached:           180308 kB
MemTotal:        1844596 kB
MemFree:         1449124 kB
MemAvailable:    1532136 kB
Buffers:           35888 kB
Cached:           180308 kB
MemTotal:        1844596 kB
MemFree:         1448724 kB
MemAvailable:    1531736 kB
Buffers:           35888 kB
Cached:           180308 kB
MemTotal:        1844596 kB
MemFree:         1448492 kB
MemAvailable:    1531504 kB
Buffers:           35888 kB
Cached:           180308 kB
MemTotal:        1844596 kB
MemFree:         1448184 kB
MemAvailable:    1531196 kB
Buffers:           35888 kB
Cached:           180308 kB
MemTotal:        1844596 kB
MemFree:         1447904 kB
MemAvailable:    1530916 kB
Buffers:           35888 kB
Cached:           180308 kB
MemTotal:        1844596 kB
MemFree:         1448040 kB
MemAvailable:    1531052 kB
Buffers:           35888 kB
Cached:           180308 kB
MemTotal:        1844596 kB
MemFree:         1446564 kB
MemAvailable:    1529576 kB
Buffers:           35888 kB
Cached:           180308 kB
MemTotal:        1844596 kB
MemFree:         1446632 kB
MemAvailable:    1529644 kB
Buffers:           35888 kB
Cached:           180308 kB
MemTotal:        1844596 kB
MemFree:         1446508 kB
MemAvailable:    1529520 kB
Buffers:           35888 kB
Cached:           180308 kB
MemTotal:        1844596 kB
MemFree:         1446572 kB
MemAvailable:    1529584 kB
Buffers:           35888 kB
Cached:           180308 kB
MemTotal:        1844596 kB
MemFree:         1446260 kB
MemAvailable:    1529272 kB
Buffers:           35888 kB
Cached:           180308 kB
MemTotal:        1844596 kB
MemFree:         1445996 kB
MemAvailable:    1529008 kB
Buffers:           35888 kB
Cached:           180308 kB
MemTotal:        1844596 kB
MemFree:         1444828 kB
MemAvailable:    1527840 kB
Buffers:           35888 kB
Cached:           180308 kB
MemTotal:        1844596 kB
MemFree:         1445876 kB
MemAvailable:    1528888 kB
Buffers:           35888 kB
Cached:           180308 kB
MemTotal:        1844596 kB
MemFree:         1445892 kB
MemAvailable:    1528904 kB
Buffers:           35888 kB
Cached:           180308 kB
MemTotal:        1844596 kB
MemFree:         1445820 kB
MemAvailable:    1528832 kB
Buffers:           35888 kB
Cached:           180308 kB
MemTotal:        1844596 kB
MemFree:         1445564 kB
MemAvailable:    1528576 kB
Buffers:           35888 kB
Cached:           180308 kB
MemTotal:        1844596 kB
MemFree:         1444456 kB
MemAvailable:    1527468 kB
Buffers:           35888 kB
Cached:           180308 kB
MemTotal:        1844596 kB
MemFree:         1445496 kB
MemAvailable:    1528508 kB
Buffers:           35888 kB
Cached:           180308 kB
MemTotal:        1844596 kB
MemFree:         1445560 kB
MemAvailable:    1528572 kB
Buffers:           35888 kB
Cached:           180308 kB
MemTotal:        1844596 kB
MemFree:         1445580 kB
MemAvailable:    1528592 kB
Buffers:           35888 kB
Cached:           180308 kB
MemTotal:        1844596 kB
MemFree:         1445384 kB
MemAvailable:    1528396 kB
Buffers:           35888 kB
Cached:           180308 kB
MemTotal:        1844596 kB
MemFree:         1445384 kB
MemAvailable:    1528396 kB
Buffers:           35888 kB
Cached:           180308 kB
MemTotal:        1844596 kB
MemFree:         1445200 kB
MemAvailable:    1528212 kB
Buffers:           35888 kB
Cached:           180308 kB
MemTotal:        1844596 kB
MemFree:         1445200 kB
MemAvailable:    1528212 kB
Buffers:           35888 kB
Cached:           180308 kB
MemTotal:        1844596 kB
MemFree:         1444972 kB
MemAvailable:    1527984 kB
Buffers:           35888 kB
Cached:           180308 kB
MemTotal:        1844596 kB
MemFree:         1441340 kB
MemAvailable:    1524352 kB
Buffers:           35888 kB
Cached:           180308 kB
MemTotal:        1844596 kB
MemFree:         1440972 kB
MemAvailable:    1523984 kB
Buffers:           35888 kB
Cached:           180308 kB
MemTotal:        1844596 kB
MemFree:         1438016 kB
MemAvailable:    1521028 kB
Buffers:           35888 kB
Cached:           180308 kB
MemTotal:        1844596 kB
MemFree:         1436660 kB
MemAvailable:    1519756 kB
Buffers:           35888 kB
Cached:           180432 kB
MemTotal:        1844596 kB
MemFree:         1436016 kB
MemAvailable:    1519284 kB
Buffers:           35888 kB
Cached:           180560 kB
MemTotal:        1844596 kB
MemFree:         1437768 kB
MemAvailable:    1521036 kB
Buffers:           35888 kB
Cached:           180560 kB
MemTotal:        1844596 kB
MemFree:         1437364 kB
MemAvailable:    1520716 kB
Buffers:           35888 kB
Cached:           180684 kB
MemTotal:        1844596 kB
MemFree:         1437364 kB
MemAvailable:    1520716 kB
Buffers:           35888 kB
Cached:           180684 kB
MemTotal:        1844596 kB
MemFree:         1437144 kB
MemAvailable:    1520664 kB
Buffers:           35888 kB
Cached:           180932 kB
MemTotal:        1844596 kB
MemFree:         1437216 kB
MemAvailable:    1520736 kB
Buffers:           35888 kB
Cached:           180932 kB
MemTotal:        1844596 kB
MemFree:         1436820 kB
MemAvailable:    1520340 kB
Buffers:           35888 kB
Cached:           180932 kB
MemTotal:        1844596 kB
MemFree:         1437072 kB
MemAvailable:    1520592 kB
Buffers:           35888 kB
Cached:           180932 kB
MemTotal:        1844596 kB
MemFree:         1436856 kB
MemAvailable:    1520460 kB
Buffers:           35888 kB
Cached:           180932 kB
MemTotal:        1844596 kB
MemFree:         1436004 kB
MemAvailable:    1519608 kB
Buffers:           35888 kB
Cached:           180932 kB
MemTotal:        1844596 kB
MemFree:         1435744 kB
MemAvailable:    1519348 kB
Buffers:           35888 kB
Cached:           180932 kB
MemTotal:        1844596 kB
MemFree:         1435736 kB
MemAvailable:    1519340 kB
Buffers:           35888 kB
Cached:           180932 kB
MemTotal:        1844596 kB
MemFree:         1436944 kB
MemAvailable:    1520548 kB
Buffers:           35888 kB
Cached:           180932 kB
MemTotal:        1844596 kB
MemFree:         1436528 kB
MemAvailable:    1520132 kB
Buffers:           35888 kB
Cached:           180932 kB
MemTotal:        1844596 kB
MemFree:         1436868 kB
MemAvailable:    1519884 kB
Buffers:           35888 kB
Cached:           180300 kB
MemTotal:        1844596 kB
MemFree:         1436868 kB
MemAvailable:    1519884 kB
Buffers:           35888 kB
Cached:           180300 kB
