MemTotal:        1844596 kB
MemFree:         1356892 kB
MemAvailable:    1558732 kB
Buffers:           46312 kB
Cached:           283808 kB
MemTotal:        1844596 kB
MemFree:         1357512 kB
MemAvailable:    1559352 kB
Buffers:           46312 kB
Cached:           283808 kB
MemTotal:        1844596 kB
MemFree:         1355216 kB
MemAvailable:    1557056 kB
Buffers:           46312 kB
Cached:           283808 kB
MemTotal:        1844596 kB
MemFree:         1355384 kB
MemAvailable:    1557224 kB
Buffers:           46312 kB
Cached:           283808 kB
MemTotal:        1844596 kB
MemFree:         1353652 kB
MemAvailable:    1555492 kB
Buffers:           46312 kB
Cached:           283808 kB
MemTotal:        1844596 kB
MemFree:         1353736 kB
MemAvailable:    1555576 kB
Buffers:           46312 kB
Cached:           283808 kB
MemTotal:        1844596 kB
MemFree:         1352808 kB
MemAvailable:    1554648 kB
Buffers:           46312 kB
Cached:           283808 kB
MemTotal:        1844596 kB
MemFree:         1349692 kB
MemAvailable:    1551532 kB
Buffers:           46312 kB
Cached:           283808 kB
MemTotal:        1844596 kB
MemFree:         1349820 kB
MemAvailable:    1551660 kB
Buffers:           46312 kB
Cached:           283808 kB
MemTotal:        1844596 kB
MemFree:         1345368 kB
MemAvailable:    1547208 kB
Buffers:           46312 kB
Cached:           283808 kB
MemTotal:        1844596 kB
MemFree:         1343812 kB
MemAvailable:    1545652 kB
Buffers:           46312 kB
Cached:           283808 kB
MemTotal:        1844596 kB
MemFree:         1344064 kB
MemAvailable:    1545904 kB
Buffers:           46312 kB
Cached:           283808 kB
MemTotal:        1844596 kB
MemFree:         1343876 kB
MemAvailable:    1545716 kB
Buffers:           46312 kB
Cached:           283808 kB
MemTotal:        1844596 kB
MemFree:         1342736 kB
MemAvailable:    1544576 kB
Buffers:           46312 kB
Cached:           283808 kB
MemTotal:        1844596 kB
MemFree:         1343872 kB
MemAvailable:    1545712 kB
Buffers:           46312 kB
Cached:           283808 kB
MemTotal:        1844596 kB
MemFree:         1342608 kB
MemAvailable:    1544448 kB
Buffers:           46312 kB
Cached:           283808 kB
MemTotal:        1844596 kB
MemFree:         1342344 kB
MemAvailable:    1544184 kB
Buffers:           46312 kB
Cached:           283808 kB
MemTotal:        1844596 kB
MemFree:         1341648 kB
MemAvailable:    1543488 kB
Buffers:           46312 kB
Cached:           283808 kB
MemTotal:        1844596 kB
MemFree:         1341268 kB
MemAvailable:    1543108 kB
Buffers:           46312 kB
Cached:           283808 kB
MemTotal:        1844596 kB
MemFree:         1341708 kB
MemAvailable:    1543552 kB
Buffers:           46312 kB
Cached:           283812 kB
MemTotal:        1844596 kB
MemFree:         1341648 kB
MemAvailable:    1543492 kB
Buffers:           46312 kB
Cached:           283812 kB
MemTotal:        1844596 kB
MemFree:         1340144 kB
MemAvailable:    1541988 kB
Buffers:           46312 kB
Cached:           283812 kB
MemTotal:        1844596 kB
MemFree:         1341516 kB
MemAvailable:    1543360 kB
Buffers:           46312 kB
Cached:           283812 kB
MemTotal:        1844596 kB
MemFree:         1341352 kB
MemAvailable:    1543196 kB
Buffers:           46312 kB
Cached:           283812 kB
MemTotal:        1844596 kB
MemFree:         1340100 kB
MemAvailable:    1541944 kB
Buffers:           46312 kB
Cached:           283812 kB
MemTotal:        1844596 kB
MemFree:         1340912 kB
MemAvailable:    1542756 kB
Buffers:           46312 kB
Cached:           283812 kB
MemTotal:        1844596 kB
MemFree:         1341624 kB
MemAvailable:    1543468 kB
Buffers:           46312 kB
Cached:           283812 kB
MemTotal:        1844596 kB
MemFree:         1341624 kB
MemAvailable:    1543468 kB
Buffers:           46312 kB
Cached:           283812 kB
MemTotal:        1844596 kB
MemFree:         1341344 kB
MemAvailable:    1543188 kB
Buffers:           46312 kB
Cached:           283812 kB
MemTotal:        1844596 kB
MemFree:         1340896 kB
MemAvailable:    1542740 kB
Buffers:           46312 kB
Cached:           283812 kB
MemTotal:        1844596 kB
MemFree:         1342744 kB
MemAvailable:    1544588 kB
Buffers:           46312 kB
Cached:           283812 kB
MemTotal:        1844596 kB
MemFree:         1341500 kB
MemAvailable:    1543344 kB
Buffers:           46312 kB
Cached:           283812 kB
MemTotal:        1844596 kB
MemFree:         1341392 kB
MemAvailable:    1543236 kB
Buffers:           46312 kB
Cached:           283812 kB
MemTotal:        1844596 kB
MemFree:         1339020 kB
MemAvailable:    1540864 kB
Buffers:           46312 kB
Cached:           283812 kB
MemTotal:        1844596 kB
MemFree:         1339104 kB
MemAvailable:    1540948 kB
Buffers:           46312 kB
Cached:           283812 kB
MemTotal:        1844596 kB
MemFree:         1338408 kB
MemAvailable:    1540252 kB
Buffers:           46312 kB
Cached:           283812 kB
MemTotal:        1844596 kB
MemFree:         1338536 kB
MemAvailable:    1540380 kB
Buffers:           46312 kB
Cached:           283812 kB
MemTotal:        1844596 kB
MemFree:         1336804 kB
MemAvailable:    1538648 kB
Buffers:           46312 kB
Cached:           283812 kB
MemTotal:        1844596 kB
MemFree:         1337796 kB
MemAvailable:    1539640 kB
Buffers:           46312 kB
Cached:           283812 kB
MemTotal:        1844596 kB
MemFree:         1337612 kB
MemAvailable:    1539460 kB
Buffers:           46312 kB
Cached:           283816 kB
MemTotal:        1844596 kB
MemFree:         1336520 kB
MemAvailable:    1538368 kB
Buffers:           46312 kB
Cached:           283816 kB
MemTotal:        1844596 kB
MemFree:         1337184 kB
MemAvailable:    1539032 kB
Buffers:           46312 kB
Cached:           283816 kB
MemTotal:        1844596 kB
MemFree:         1337244 kB
MemAvailable:    1539092 kB
Buffers:           46312 kB
Cached:           283816 kB
MemTotal:        1844596 kB
MemFree:         1335872 kB
MemAvailable:    1537720 kB
Buffers:           46312 kB
Cached:           283816 kB
MemTotal:        1844596 kB
MemFree:         1335996 kB
MemAvailable:    1537844 kB
Buffers:           46312 kB
Cached:           283816 kB
MemTotal:        1844596 kB
MemFree:         1337088 kB
MemAvailable:    1538936 kB
Buffers:           46312 kB
Cached:           283816 kB
MemTotal:        1844596 kB
MemFree:         1336864 kB
MemAvailable:    1538712 kB
Buffers:           46312 kB
Cached:           283816 kB
MemTotal:        1844596 kB
MemFree:         1336432 kB
MemAvailable:    1538280 kB
Buffers:           46312 kB
Cached:           283816 kB
MemTotal:        1844596 kB
MemFree:         1336432 kB
MemAvailable:    1538280 kB
Buffers:           46312 kB
Cached:           283816 kB
MemTotal:        1844596 kB
MemFree:         1334812 kB
MemAvailable:    1536660 kB
Buffers:           46312 kB
Cached:           283816 kB
MemTotal:        1844596 kB
MemFree:         1336080 kB
MemAvailable:    1537928 kB
Buffers:           46312 kB
Cached:           283816 kB
MemTotal:        1844596 kB
MemFree:         1336172 kB
MemAvailable:    1538020 kB
Buffers:           46312 kB
Cached:           283816 kB
MemTotal:        1844596 kB
MemFree:         1336424 kB
MemAvailable:    1538272 kB
Buffers:           46312 kB
Cached:           283816 kB
MemTotal:        1844596 kB
MemFree:         1334940 kB
MemAvailable:    1536788 kB
Buffers:           46312 kB
Cached:           283816 kB
MemTotal:        1844596 kB
MemFree:         1334456 kB
MemAvailable:    1536304 kB
Buffers:           46312 kB
Cached:           283816 kB
MemTotal:        1844596 kB
MemFree:         1336052 kB
MemAvailable:    1537900 kB
Buffers:           46312 kB
Cached:           283816 kB
MemTotal:        1844596 kB
MemFree:         1336044 kB
MemAvailable:    1537892 kB
Buffers:           46312 kB
Cached:           283816 kB
MemTotal:        1844596 kB
MemFree:         1336380 kB
MemAvailable:    1538228 kB
Buffers:           46312 kB
Cached:           283816 kB
MemTotal:        1844596 kB
MemFree:         1336092 kB
MemAvailable:    1537940 kB
Buffers:           46312 kB
Cached:           283816 kB
MemTotal:        1844596 kB
MemFree:         1336176 kB
MemAvailable:    1538024 kB
Buffers:           46312 kB
Cached:           283816 kB
MemTotal:        1844596 kB
MemFree:         1336036 kB
MemAvailable:    1537884 kB
Buffers:           46312 kB
Cached:           283816 kB
MemTotal:        1844596 kB
MemFree:         1335844 kB
MemAvailable:    1537692 kB
Buffers:           46312 kB
Cached:           283816 kB
MemTotal:        1844596 kB
MemFree:         1335524 kB
MemAvailable:    1537372 kB
Buffers:           46312 kB
Cached:           283816 kB
MemTotal:        1844596 kB
MemFree:         1335524 kB
MemAvailable:    1537372 kB
Buffers:           46312 kB
Cached:           283816 kB
MemTotal:        1844596 kB
MemFree:         1335524 kB
MemAvailable:    1537372 kB
Buffers:           46312 kB
Cached:           283816 kB
MemTotal:        1844596 kB
MemFree:         1335260 kB
MemAvailable:    1537108 kB
Buffers:           46312 kB
Cached:           283816 kB
MemTotal:        1844596 kB
MemFree:         1335408 kB
MemAvailable:    1537256 kB
Buffers:           46312 kB
Cached:           283816 kB
MemTotal:        1844596 kB
MemFree:         1334084 kB
MemAvailable:    1535932 kB
Buffers:           46312 kB
Cached:           283816 kB
MemTotal:        1844596 kB
MemFree:         1335392 kB
MemAvailable:    1537240 kB
Buffers:           46312 kB
Cached:           283816 kB
MemTotal:        1844596 kB
MemFree:         1334248 kB
MemAvailable:    1536096 kB
Buffers:           46312 kB
Cached:           283816 kB
MemTotal:        1844596 kB
MemFree:         1335288 kB
MemAvailable:    1537136 kB
Buffers:           46312 kB
Cached:           283816 kB
MemTotal:        1844596 kB
MemFree:         1335372 kB
MemAvailable:    1537220 kB
Buffers:           46312 kB
Cached:           283816 kB
MemTotal:        1844596 kB
MemFree:         1335240 kB
MemAvailable:    1537088 kB
Buffers:           46312 kB
Cached:           283816 kB
MemTotal:        1844596 kB
MemFree:         1334960 kB
MemAvailable:    1536808 kB
Buffers:           46312 kB
Cached:           283816 kB
MemTotal:        1844596 kB
MemFree:         1335300 kB
MemAvailable:    1537148 kB
Buffers:           46312 kB
Cached:           283816 kB
MemTotal:        1844596 kB
MemFree:         1335036 kB
MemAvailable:    1536884 kB
Buffers:           46312 kB
Cached:           283816 kB
MemTotal:        1844596 kB
MemFree:         1335036 kB
MemAvailable:    1536884 kB
Buffers:           46312 kB
Cached:           283816 kB
MemTotal:        1844596 kB
MemFree:         1332944 kB
MemAvailable:    1534792 kB
Buffers:           46312 kB
Cached:           283816 kB
MemTotal:        1844596 kB
MemFree:         1330612 kB
MemAvailable:    1532460 kB
Buffers:           46312 kB
Cached:           283816 kB
MemTotal:        1844596 kB
MemFree:         1328420 kB
MemAvailable:    1530268 kB
Buffers:           46312 kB
Cached:           283816 kB
MemTotal:        1844596 kB
MemFree:         1326932 kB
MemAvailable:    1528780 kB
Buffers:           46312 kB
Cached:           283816 kB
MemTotal:        1844596 kB
MemFree:         1327984 kB
MemAvailable:    1529832 kB
Buffers:           46312 kB
Cached:           283816 kB
MemTotal:        1844596 kB
MemFree:         1327528 kB
MemAvailable:    1529376 kB
Buffers:           46312 kB
Cached:           283816 kB
MemTotal:        1844596 kB
MemFree:         1327528 kB
MemAvailable:    1529376 kB
Buffers:           46312 kB
Cached:           283816 kB
MemTotal:        1844596 kB
MemFree:         1327364 kB
MemAvailable:    1529212 kB
Buffers:           46312 kB
Cached:           283816 kB
MemTotal:        1844596 kB
MemFree:         1327336 kB
MemAvailable:    1529184 kB
Buffers:           46312 kB
Cached:           283816 kB
MemTotal:        1844596 kB
MemFree:         1327364 kB
MemAvailable:    1529212 kB
Buffers:           46312 kB
Cached:           283816 kB
MemTotal:        1844596 kB
MemFree:         1327364 kB
MemAvailable:    1529212 kB
Buffers:           46312 kB
Cached:           283816 kB
MemTotal:        1844596 kB
MemFree:         1326684 kB
MemAvailable:    1528532 kB
Buffers:           46312 kB
Cached:           283816 kB
MemTotal:        1844596 kB
MemFree:         1327352 kB
MemAvailable:    1529200 kB
Buffers:           46312 kB
Cached:           283816 kB
MemTotal:        1844596 kB
MemFree:         1327364 kB
MemAvailable:    1529212 kB
Buffers:           46312 kB
Cached:           283816 kB
MemTotal:        1844596 kB
MemFree:         1327492 kB
MemAvailable:    1529340 kB
Buffers:           46312 kB
Cached:           283816 kB
MemTotal:        1844596 kB
MemFree:         1327544 kB
MemAvailable:    1529392 kB
Buffers:           46312 kB
Cached:           283816 kB
MemTotal:        1844596 kB
MemFree:         1327280 kB
MemAvailable:    1529128 kB
Buffers:           46312 kB
Cached:           283816 kB
MemTotal:        1844596 kB
MemFree:         1327240 kB
MemAvailable:    1529088 kB
Buffers:           46312 kB
Cached:           283816 kB
MemTotal:        1844596 kB
MemFree:         1327232 kB
MemAvailable:    1529080 kB
Buffers:           46312 kB
Cached:           283816 kB
MemTotal:        1844596 kB
MemFree:         1326560 kB
MemAvailable:    1528408 kB
Buffers:           46312 kB
Cached:           283816 kB
MemTotal:        1844596 kB
MemFree:         1326932 kB
MemAvailable:    1528780 kB
Buffers:           46312 kB
Cached:           283816 kB
MemTotal:        1844596 kB
MemFree:         1327056 kB
MemAvailable:    1528904 kB
Buffers:           46312 kB
Cached:           283816 kB
MemTotal:        1844596 kB
MemFree:         1326372 kB
MemAvailable:    1528220 kB
Buffers:           46312 kB
Cached:           283816 kB
MemTotal:        1844596 kB
MemFree:         1325196 kB
MemAvailable:    1527044 kB
Buffers:           46312 kB
Cached:           283816 kB
MemTotal:        1844596 kB
MemFree:         1325072 kB
MemAvailable:    1526920 kB
Buffers:           46312 kB
Cached:           283816 kB
MemTotal:        1844596 kB
MemFree:         1324576 kB
MemAvailable:    1526424 kB
Buffers:           46312 kB
Cached:           283816 kB
MemTotal:        1844596 kB
MemFree:         1325528 kB
MemAvailable:    1527376 kB
Buffers:           46312 kB
Cached:           283816 kB
MemTotal:        1844596 kB
MemFree:         1324304 kB
MemAvailable:    1526152 kB
Buffers:           46312 kB
Cached:           283816 kB
MemTotal:        1844596 kB
MemFree:         1324304 kB
MemAvailable:    1526152 kB
Buffers:           46312 kB
Cached:           283816 kB
MemTotal:        1844596 kB
MemFree:         1323932 kB
MemAvailable:    1525780 kB
Buffers:           46312 kB
Cached:           283816 kB
MemTotal:        1844596 kB
MemFree:         1323932 kB
MemAvailable:    1525780 kB
Buffers:           46312 kB
Cached:           283816 kB
MemTotal:        1844596 kB
MemFree:         1323628 kB
MemAvailable:    1525476 kB
Buffers:           46312 kB
Cached:           283816 kB
MemTotal:        1844596 kB
MemFree:         1323776 kB
MemAvailable:    1525624 kB
Buffers:           46312 kB
Cached:           283816 kB
MemTotal:        1844596 kB
MemFree:         1323372 kB
MemAvailable:    1525220 kB
Buffers:           46312 kB
Cached:           283816 kB
MemTotal:        1844596 kB
MemFree:         1323372 kB
MemAvailable:    1525220 kB
Buffers:           46312 kB
Cached:           283816 kB
MemTotal:        1844596 kB
MemFree:         1323332 kB
MemAvailable:    1525180 kB
Buffers:           46312 kB
Cached:           283816 kB
MemTotal:        1844596 kB
MemFree:         1323420 kB
MemAvailable:    1525268 kB
Buffers:           46312 kB
Cached:           283816 kB
MemTotal:        1844596 kB
MemFree:         1323572 kB
MemAvailable:    1525420 kB
Buffers:           46312 kB
Cached:           283816 kB
MemTotal:        1844596 kB
MemFree:         1323256 kB
MemAvailable:    1525104 kB
Buffers:           46312 kB
Cached:           283816 kB
MemTotal:        1844596 kB
MemFree:         1323508 kB
MemAvailable:    1525356 kB
Buffers:           46312 kB
Cached:           283816 kB
MemTotal:        1844596 kB
MemFree:         1322152 kB
MemAvailable:    1524000 kB
Buffers:           46312 kB
Cached:           283816 kB
MemTotal:        1844596 kB
MemFree:         1323516 kB
MemAvailable:    1525364 kB
Buffers:           46312 kB
Cached:           283816 kB
MemTotal:        1844596 kB
MemFree:         1323016 kB
MemAvailable:    1524876 kB
Buffers:           46312 kB
Cached:           283828 kB
MemTotal:        1844596 kB
MemFree:         1323016 kB
MemAvailable:    1524876 kB
Buffers:           46312 kB
Cached:           283828 kB
MemTotal:        1844596 kB
MemFree:         1321528 kB
MemAvailable:    1523388 kB
Buffers:           46312 kB
Cached:           283828 kB
MemTotal:        1844596 kB
MemFree:         1318120 kB
MemAvailable:    1519980 kB
Buffers:           46312 kB
Cached:           283828 kB
MemTotal:        1844596 kB
MemFree:         1313416 kB
MemAvailable:    1515276 kB
Buffers:           46312 kB
Cached:           283828 kB
MemTotal:        1844596 kB
MemFree:         1313408 kB
MemAvailable:    1515352 kB
Buffers:           46312 kB
Cached:           283952 kB
MemTotal:        1844596 kB
MemFree:         1314344 kB
MemAvailable:    1516456 kB
Buffers:           46312 kB
Cached:           284076 kB
MemTotal:        1844596 kB
MemFree:         1314212 kB
MemAvailable:    1516408 kB
Buffers:           46312 kB
Cached:           284200 kB
MemTotal:        1844596 kB
MemFree:         1312920 kB
MemAvailable:    1515200 kB
Buffers:           46312 kB
Cached:           284200 kB
MemTotal:        1844596 kB
MemFree:         1313952 kB
MemAvailable:    1516316 kB
Buffers:           46312 kB
Cached:           284324 kB
MemTotal:        1844596 kB
MemFree:         1312736 kB
MemAvailable:    1515100 kB
Buffers:           46312 kB
Cached:           284324 kB
MemTotal:        1844596 kB
MemFree:         1313912 kB
MemAvailable:    1516360 kB
Buffers:           46312 kB
Cached:           284324 kB
MemTotal:        1844596 kB
MemFree:         1313912 kB
MemAvailable:    1516360 kB
Buffers:           46312 kB
Cached:           284448 kB
MemTotal:        1844596 kB
MemFree:         1313816 kB
MemAvailable:    1516264 kB
Buffers:           46312 kB
Cached:           284448 kB
MemTotal:        1844596 kB
MemFree:         1313984 kB
MemAvailable:    1516432 kB
Buffers:           46312 kB
Cached:           284448 kB
MemTotal:        1844596 kB
MemFree:         1312640 kB
MemAvailable:    1515088 kB
Buffers:           46312 kB
Cached:           284448 kB
MemTotal:        1844596 kB
MemFree:         1312640 kB
MemAvailable:    1515088 kB
Buffers:           46312 kB
Cached:           284448 kB
MemTotal:        1844596 kB
MemFree:         1312152 kB
MemAvailable:    1514600 kB
Buffers:           46312 kB
Cached:           284448 kB
MemTotal:        1844596 kB
MemFree:         1312080 kB
MemAvailable:    1514528 kB
Buffers:           46312 kB
Cached:           284448 kB
MemTotal:        1844596 kB
MemFree:         1312548 kB
MemAvailable:    1515080 kB
Buffers:           46312 kB
Cached:           284448 kB
MemTotal:        1844596 kB
MemFree:         1312708 kB
MemAvailable:    1514652 kB
Buffers:           46312 kB
Cached:           283816 kB
MemTotal:        1844596 kB
MemFree:         1384540 kB
MemAvailable:    1586484 kB
Buffers:           46312 kB
Cached:           283816 kB
