MemTotal:        1844596 kB
MemFree:         1568508 kB
MemAvailable:    1580028 kB
Buffers:           22144 kB
Cached:           121176 kB
MemTotal:        1844596 kB
MemFree:         1567228 kB
MemAvailable:    1578748 kB
Buffers:           22144 kB
Cached:           121176 kB
MemTotal:        1844596 kB
MemFree:         1566788 kB
MemAvailable:    1578312 kB
Buffers:           22144 kB
Cached:           121180 kB
MemTotal:        1844596 kB
MemFree:         1565532 kB
MemAvailable:    1577056 kB
Buffers:           22144 kB
Cached:           121180 kB
MemTotal:        1844596 kB
MemFree:         1565868 kB
MemAvailable:    1577392 kB
Buffers:           22144 kB
Cached:           121180 kB
MemTotal:        1844596 kB
MemFree:         1565424 kB
MemAvailable:    1576948 kB
Buffers:           22144 kB
Cached:           121180 kB
MemTotal:        1844596 kB
MemFree:         1562820 kB
MemAvailable:    1574344 kB
Buffers:           22144 kB
Cached:           121180 kB
MemTotal:        1844596 kB
MemFree:         1561456 kB
MemAvailable:    1572980 kB
Buffers:           22144 kB
Cached:           121180 kB
MemTotal:        1844596 kB
MemFree:         1558852 kB
MemAvailable:    1570376 kB
Buffers:           22144 kB
Cached:           121180 kB
MemTotal:        1844596 kB
MemFree:         1556992 kB
MemAvailable:    1568516 kB
Buffers:           22144 kB
Cached:           121180 kB
MemTotal:        1844596 kB
MemFree:         1554752 kB
MemAvailable:    1566276 kB
Buffers:           22144 kB
Cached:           121180 kB
MemTotal:        1844596 kB
MemFree:         1555448 kB
MemAvailable:    1566972 kB
Buffers:           22144 kB
Cached:           121180 kB
MemTotal:        1844596 kB
MemFree:         1555364 kB
MemAvailable:    1566888 kB
Buffers:           22144 kB
Cached:           121180 kB
MemTotal:        1844596 kB
MemFree:         1555448 kB
MemAvailable:    1566972 kB
Buffers:           22144 kB
Cached:           121180 kB
MemTotal:        1844596 kB
MemFree:         1554332 kB
MemAvailable:    1565856 kB
Buffers:           22144 kB
Cached:           121180 kB
MemTotal:        1844596 kB
MemFree:         1555556 kB
MemAvailable:    1567080 kB
Buffers:           22144 kB
Cached:           121180 kB
MemTotal:        1844596 kB
MemFree:         1554936 kB
MemAvailable:    1566460 kB
Buffers:           22144 kB
Cached:           121180 kB
MemTotal:        1844596 kB
MemFree:         1553272 kB
MemAvailable:    1564796 kB
Buffers:           22144 kB
Cached:           121180 kB
MemTotal:        1844596 kB
MemFree:         1553200 kB
MemAvailable:    1564724 kB
Buffers:           22144 kB
Cached:           121180 kB
MemTotal:        1844596 kB
MemFree:         1551860 kB
MemAvailable:    1563384 kB
Buffers:           22144 kB
Cached:           121180 kB
MemTotal:        1844596 kB
MemFree:         1551900 kB
MemAvailable:    1563424 kB
Buffers:           22144 kB
Cached:           121180 kB
MemTotal:        1844596 kB
MemFree:         1552864 kB
MemAvailable:    1564388 kB
Buffers:           22144 kB
Cached:           121180 kB
MemTotal:        1844596 kB
MemFree:         1553200 kB
MemAvailable:    1564724 kB
Buffers:           22144 kB
Cached:           121180 kB
MemTotal:        1844596 kB
MemFree:         1553052 kB
MemAvailable:    1564576 kB
Buffers:           22144 kB
Cached:           121180 kB
MemTotal:        1844596 kB
MemFree:         1553052 kB
MemAvailable:    1564576 kB
Buffers:           22144 kB
Cached:           121180 kB
MemTotal:        1844596 kB
MemFree:         1552968 kB
MemAvailable:    1564492 kB
Buffers:           22144 kB
Cached:           121180 kB
MemTotal:        1844596 kB
MemFree:         1553148 kB
MemAvailable:    1564672 kB
Buffers:           22144 kB
Cached:           121180 kB
MemTotal:        1844596 kB
MemFree:         1551884 kB
MemAvailable:    1563408 kB
Buffers:           22144 kB
Cached:           121180 kB
MemTotal:        1844596 kB
MemFree:         1554212 kB
MemAvailable:    1565736 kB
Buffers:           22144 kB
Cached:           121180 kB
MemTotal:        1844596 kB
MemFree:         1554496 kB
MemAvailable:    1566020 kB
Buffers:           22144 kB
Cached:           121180 kB
MemTotal:        1844596 kB
MemFree:         1554416 kB
MemAvailable:    1565940 kB
Buffers:           22144 kB
Cached:           121180 kB
MemTotal:        1844596 kB
MemFree:         1551652 kB
MemAvailable:    1563176 kB
Buffers:           22144 kB
Cached:           121180 kB
MemTotal:        1844596 kB
MemFree:         1550844 kB
MemAvailable:    1562368 kB
Buffers:           22144 kB
Cached:           121180 kB
MemTotal:        1844596 kB
MemFree:         1549412 kB
MemAvailable:    1560936 kB
Buffers:           22144 kB
Cached:           121180 kB
MemTotal:        1844596 kB
MemFree:         1549916 kB
MemAvailable:    1561440 kB
Buffers:           22144 kB
Cached:           121180 kB
MemTotal:        1844596 kB
MemFree:         1549976 kB
MemAvailable:    1561500 kB
Buffers:           22144 kB
Cached:           121180 kB
MemTotal:        1844596 kB
MemFree:         1549676 kB
MemAvailable:    1561200 kB
Buffers:           22144 kB
Cached:           121180 kB
MemTotal:        1844596 kB
MemFree:         1549172 kB
MemAvailable:    1560696 kB
Buffers:           22144 kB
Cached:           121180 kB
MemTotal:        1844596 kB
MemFree:         1548924 kB
MemAvailable:    1560448 kB
Buffers:           22144 kB
Cached:           121180 kB
MemTotal:        1844596 kB
MemFree:         1547816 kB
MemAvailable:    1559340 kB
Buffers:           22144 kB
Cached:           121180 kB
MemTotal:        1844596 kB
MemFree:         1548864 kB
MemAvailable:    1560388 kB
Buffers:           22144 kB
Cached:           121180 kB
MemTotal:        1844596 kB
MemFree:         1548864 kB
MemAvailable:    1560388 kB
Buffers:           22144 kB
Cached:           121180 kB
MemTotal:        1844596 kB
MemFree:         1548876 kB
MemAvailable:    1560400 kB
Buffers:           22144 kB
Cached:           121180 kB
MemTotal:        1844596 kB
MemFree:         1548620 kB
MemAvailable:    1560144 kB
Buffers:           22144 kB
Cached:           121180 kB
MemTotal:        1844596 kB
MemFree:         1548348 kB
MemAvailable:    1559872 kB
Buffers:           22144 kB
Cached:           121180 kB
MemTotal:        1844596 kB
MemFree:         1548684 kB
MemAvailable:    1560208 kB
Buffers:           22144 kB
Cached:           121180 kB
MemTotal:        1844596 kB
MemFree:         1548296 kB
MemAvailable:    1559820 kB
Buffers:           22144 kB
Cached:           121180 kB
MemTotal:        1844596 kB
MemFree:         1548100 kB
MemAvailable:    1559624 kB
Buffers:           22144 kB
Cached:           121180 kB
MemTotal:        1844596 kB
MemFree:         1548048 kB
MemAvailable:    1559572 kB
Buffers:           22144 kB
Cached:           121180 kB
MemTotal:        1844596 kB
MemFree:         1546560 kB
MemAvailable:    1558084 kB
Buffers:           22144 kB
Cached:           121180 kB
MemTotal:        1844596 kB
MemFree:         1547744 kB
MemAvailable:    1559268 kB
Buffers:           22144 kB
Cached:           121180 kB
MemTotal:        1844596 kB
MemFree:         1547568 kB
MemAvailable:    1559092 kB
Buffers:           22144 kB
Cached:           121180 kB
MemTotal:        1844596 kB
MemFree:         1547788 kB
MemAvailable:    1559312 kB
Buffers:           22144 kB
Cached:           121180 kB
MemTotal:        1844596 kB
MemFree:         1548040 kB
MemAvailable:    1559564 kB
Buffers:           22144 kB
Cached:           121180 kB
MemTotal:        1844596 kB
MemFree:         1546508 kB
MemAvailable:    1558032 kB
Buffers:           22144 kB
Cached:           121180 kB
MemTotal:        1844596 kB
MemFree:         1548032 kB
MemAvailable:    1559556 kB
Buffers:           22144 kB
Cached:           121180 kB
MemTotal:        1844596 kB
MemFree:         1547936 kB
MemAvailable:    1559460 kB
Buffers:           22144 kB
Cached:           121180 kB
MemTotal:        1844596 kB
MemFree:         1547772 kB
MemAvailable:    1559296 kB
Buffers:           22144 kB
Cached:           121180 kB
MemTotal:        1844596 kB
MemFree:         1548024 kB
MemAvailable:    1559548 kB
Buffers:           22144 kB
Cached:           121180 kB
MemTotal:        1844596 kB
MemFree:         1547488 kB
MemAvailable:    1559012 kB
Buffers:           22144 kB
Cached:           121180 kB
MemTotal:        1844596 kB
MemFree:         1547240 kB
MemAvailable:    1558764 kB
Buffers:           22144 kB
Cached:           121180 kB
MemTotal:        1844596 kB
MemFree:         1547072 kB
MemAvailable:    1558596 kB
Buffers:           22144 kB
Cached:           121180 kB
MemTotal:        1844596 kB
MemFree:         1547200 kB
MemAvailable:    1558724 kB
Buffers:           22144 kB
Cached:           121180 kB
MemTotal:        1844596 kB
MemFree:         1547008 kB
MemAvailable:    1558532 kB
Buffers:           22144 kB
Cached:           121180 kB
MemTotal:        1844596 kB
MemFree:         1545956 kB
MemAvailable:    1557480 kB
Buffers:           22144 kB
Cached:           121180 kB
MemTotal:        1844596 kB
MemFree:         1546880 kB
MemAvailable:    1558404 kB
Buffers:           22144 kB
Cached:           121180 kB
MemTotal:        1844596 kB
MemFree:         1546880 kB
MemAvailable:    1558404 kB
Buffers:           22144 kB
Cached:           121180 kB
MemTotal:        1844596 kB
MemFree:         1545676 kB
MemAvailable:    1557200 kB
Buffers:           22144 kB
Cached:           121180 kB
MemTotal:        1844596 kB
MemFree:         1546988 kB
MemAvailable:    1558512 kB
Buffers:           22144 kB
Cached:           121180 kB
MemTotal:        1844596 kB
MemFree:         1546892 kB
MemAvailable:    1558416 kB
Buffers:           22144 kB
Cached:           121180 kB
MemTotal:        1844596 kB
MemFree:         1547148 kB
MemAvailable:    1558672 kB
Buffers:           22144 kB
Cached:           121180 kB
MemTotal:        1844596 kB
MemFree:         1546892 kB
MemAvailable:    1558416 kB
Buffers:           22144 kB
Cached:           121180 kB
MemTotal:        1844596 kB
MemFree:         1546864 kB
MemAvailable:    1558388 kB
Buffers:           22144 kB
Cached:           121180 kB
MemTotal:        1844596 kB
MemFree:         1545956 kB
MemAvailable:    1557480 kB
Buffers:           22144 kB
Cached:           121180 kB
MemTotal:        1844596 kB
MemFree:         1546020 kB
MemAvailable:    1557544 kB
Buffers:           22144 kB
Cached:           121180 kB
MemTotal:        1844596 kB
MemFree:         1545160 kB
MemAvailable:    1556684 kB
Buffers:           22144 kB
Cached:           121180 kB
MemTotal:        1844596 kB
MemFree:         1541660 kB
MemAvailable:    1553184 kB
Buffers:           22144 kB
Cached:           121180 kB
MemTotal:        1844596 kB
MemFree:         1538516 kB
MemAvailable:    1550040 kB
Buffers:           22144 kB
Cached:           121180 kB
MemTotal:        1844596 kB
MemFree:         1539508 kB
MemAvailable:    1551040 kB
Buffers:           22144 kB
Cached:           121188 kB
MemTotal:        1844596 kB
MemFree:         1539136 kB
MemAvailable:    1550668 kB
Buffers:           22144 kB
Cached:           121188 kB
MemTotal:        1844596 kB
MemFree:         1538956 kB
MemAvailable:    1550488 kB
Buffers:           22144 kB
Cached:           121188 kB
MemTotal:        1844596 kB
MemFree:         1538956 kB
MemAvailable:    1550488 kB
Buffers:           22144 kB
Cached:           121188 kB
MemTotal:        1844596 kB
MemFree:         1537716 kB
MemAvailable:    1549248 kB
Buffers:           22144 kB
Cached:           121188 kB
MemTotal:        1844596 kB
MemFree:         1538964 kB
MemAvailable:    1550496 kB
Buffers:           22144 kB
Cached:           121188 kB
MemTotal:        1844596 kB
MemFree:         1538872 kB
MemAvailable:    1550404 kB
Buffers:           22144 kB
Cached:           121188 kB
MemTotal:        1844596 kB
MemFree:         1539124 kB
MemAvailable:    1550656 kB
Buffers:           22144 kB
Cached:           121188 kB
MemTotal:        1844596 kB
MemFree:         1539060 kB
MemAvailable:    1550592 kB
Buffers:           22144 kB
Cached:           121188 kB
MemTotal:        1844596 kB
MemFree:         1539012 kB
MemAvailable:    1550544 kB
Buffers:           22144 kB
Cached:           121188 kB
MemTotal:        1844596 kB
MemFree:         1539008 kB
MemAvailable:    1550540 kB
Buffers:           22144 kB
Cached:           121188 kB
MemTotal:        1844596 kB
MemFree:         1538268 kB
MemAvailable:    1549800 kB
Buffers:           22144 kB
Cached:           121188 kB
MemTotal:        1844596 kB
MemFree:         1539060 kB
MemAvailable:    1550592 kB
Buffers:           22144 kB
Cached:           121188 kB
MemTotal:        1844596 kB
MemFree:         1538848 kB
MemAvailable:    1550380 kB
Buffers:           22144 kB
Cached:           121188 kB
MemTotal:        1844596 kB
MemFree:         1539076 kB
MemAvailable:    1550608 kB
Buffers:           22144 kB
Cached:           121188 kB
MemTotal:        1844596 kB
MemFree:         1538824 kB
MemAvailable:    1550356 kB
Buffers:           22144 kB
Cached:           121188 kB
MemTotal:        1844596 kB
MemFree:         1538452 kB
MemAvailable:    1549984 kB
Buffers:           22144 kB
Cached:           121188 kB
MemTotal:        1844596 kB
MemFree:         1538004 kB
MemAvailable:    1549536 kB
Buffers:           22144 kB
Cached:           121188 kB
MemTotal:        1844596 kB
MemFree:         1537260 kB
MemAvailable:    1548792 kB
Buffers:           22144 kB
Cached:           121188 kB
MemTotal:        1844596 kB
MemFree:         1537940 kB
MemAvailable:    1549472 kB
Buffers:           22144 kB
Cached:           121188 kB
MemTotal:        1844596 kB
MemFree:         1536780 kB
MemAvailable:    1548312 kB
Buffers:           22144 kB
Cached:           121188 kB
MemTotal:        1844596 kB
MemFree:         1537116 kB
MemAvailable:    1548648 kB
Buffers:           22144 kB
Cached:           121188 kB
MemTotal:        1844596 kB
MemFree:         1537452 kB
MemAvailable:    1548984 kB
Buffers:           22144 kB
Cached:           121188 kB
MemTotal:        1844596 kB
MemFree:         1536344 kB
MemAvailable:    1547876 kB
Buffers:           22144 kB
Cached:           121188 kB
MemTotal:        1844596 kB
MemFree:         1534912 kB
MemAvailable:    1546444 kB
Buffers:           22144 kB
Cached:           121188 kB
MemTotal:        1844596 kB
MemFree:         1536136 kB
MemAvailable:    1547668 kB
Buffers:           22144 kB
Cached:           121188 kB
MemTotal:        1844596 kB
MemFree:         1535392 kB
MemAvailable:    1546924 kB
Buffers:           22144 kB
Cached:           121188 kB
MemTotal:        1844596 kB
MemFree:         1535476 kB
MemAvailable:    1547008 kB
Buffers:           22144 kB
Cached:           121188 kB
MemTotal:        1844596 kB
MemFree:         1534112 kB
MemAvailable:    1545644 kB
Buffers:           22144 kB
Cached:           121188 kB
MemTotal:        1844596 kB
MemFree:         1535088 kB
MemAvailable:    1546620 kB
Buffers:           22144 kB
Cached:           121188 kB
MemTotal:        1844596 kB
MemFree:         1535036 kB
MemAvailable:    1546568 kB
Buffers:           22144 kB
Cached:           121188 kB
MemTotal:        1844596 kB
MemFree:         1535092 kB
MemAvailable:    1546624 kB
Buffers:           22144 kB
Cached:           121188 kB
MemTotal:        1844596 kB
MemFree:         1535044 kB
MemAvailable:    1546576 kB
Buffers:           22144 kB
Cached:           121188 kB
MemTotal:        1844596 kB
MemFree:         1533656 kB
MemAvailable:    1545188 kB
Buffers:           22144 kB
Cached:           121188 kB
MemTotal:        1844596 kB
MemFree:         1535140 kB
MemAvailable:    1546672 kB
Buffers:           22144 kB
Cached:           121188 kB
MemTotal:        1844596 kB
MemFree:         1535140 kB
MemAvailable:    1546672 kB
Buffers:           22144 kB
Cached:           121188 kB
MemTotal:        1844596 kB
MemFree:         1534848 kB
MemAvailable:    1546380 kB
Buffers:           22144 kB
Cached:           121188 kB
MemTotal:        1844596 kB
MemFree:         1535184 kB
MemAvailable:    1546716 kB
Buffers:           22144 kB
Cached:           121188 kB
MemTotal:        1844596 kB
MemFree:         1534532 kB
MemAvailable:    1546064 kB
Buffers:           22144 kB
Cached:           121188 kB
MemTotal:        1844596 kB
MemFree:         1534052 kB
MemAvailable:    1545584 kB
Buffers:           22144 kB
Cached:           121188 kB
MemTotal:        1844596 kB
MemFree:         1534244 kB
MemAvailable:    1545776 kB
Buffers:           22144 kB
Cached:           121188 kB
MemTotal:        1844596 kB
MemFree:         1530516 kB
MemAvailable:    1542048 kB
Buffers:           22144 kB
Cached:           121188 kB
MemTotal:        1844596 kB
MemFree:         1525736 kB
MemAvailable:    1537268 kB
Buffers:           22144 kB
Cached:           121188 kB
MemTotal:        1844596 kB
MemFree:         1525736 kB
MemAvailable:    1537268 kB
Buffers:           22144 kB
Cached:           121188 kB
MemTotal:        1844596 kB
MemFree:         1525548 kB
MemAvailable:    1537164 kB
Buffers:           22144 kB
Cached:           121312 kB
MemTotal:        1844596 kB
MemFree:         1525416 kB
MemAvailable:    1537200 kB
Buffers:           22144 kB
Cached:           121436 kB
MemTotal:        1844596 kB
MemFree:         1525308 kB
MemAvailable:    1537176 kB
Buffers:           22144 kB
Cached:           121560 kB
MemTotal:        1844596 kB
MemFree:         1524256 kB
MemAvailable:    1536124 kB
Buffers:           22144 kB
Cached:           121560 kB
MemTotal:        1844596 kB
MemFree:         1525068 kB
MemAvailable:    1537104 kB
Buffers:           22144 kB
Cached:           121684 kB
MemTotal:        1844596 kB
MemFree:         1523988 kB
MemAvailable:    1536024 kB
Buffers:           22144 kB
Cached:           121808 kB
MemTotal:        1844596 kB
MemFree:         1525188 kB
MemAvailable:    1537224 kB
Buffers:           22144 kB
Cached:           121808 kB
MemTotal:        1844596 kB
MemFree:         1524132 kB
MemAvailable:    1536252 kB
Buffers:           22144 kB
Cached:           121808 kB
MemTotal:        1844596 kB
MemFree:         1524848 kB
MemAvailable:    1536968 kB
Buffers:           22144 kB
Cached:           121808 kB
MemTotal:        1844596 kB
MemFree:         1525100 kB
MemAvailable:    1537220 kB
Buffers:           22144 kB
Cached:           121808 kB
MemTotal:        1844596 kB
MemFree:         1523568 kB
MemAvailable:    1535688 kB
Buffers:           22144 kB
Cached:           121808 kB
MemTotal:        1844596 kB
MemFree:         1523692 kB
MemAvailable:    1535812 kB
Buffers:           22144 kB
Cached:           121808 kB
MemTotal:        1844596 kB
MemFree:         1523700 kB
MemAvailable:    1535820 kB
Buffers:           22144 kB
Cached:           121808 kB
MemTotal:        1844596 kB
MemFree:         1524924 kB
MemAvailable:    1537128 kB
Buffers:           22144 kB
Cached:           121932 kB
MemTotal:        1844596 kB
MemFree:         1592920 kB
MemAvailable:    1604452 kB
Buffers:           22144 kB
Cached:           121176 kB
