MemTotal:        1844596 kB
MemFree:         1221936 kB
MemAvailable:    1545848 kB
Buffers:           59244 kB
Cached:           382208 kB
MemTotal:        1844596 kB
MemFree:         1219696 kB
MemAvailable:    1543608 kB
Buffers:           59244 kB
Cached:           382208 kB
MemTotal:        1844596 kB
MemFree:         1216356 kB
MemAvailable:    1540268 kB
Buffers:           59244 kB
Cached:           382208 kB
MemTotal:        1844596 kB
MemFree:         1215224 kB
MemAvailable:    1539136 kB
Buffers:           59244 kB
Cached:           382208 kB
MemTotal:        1844596 kB
MemFree:         1214564 kB
MemAvailable:    1538476 kB
Buffers:           59244 kB
Cached:           382208 kB
MemTotal:        1844596 kB
MemFree:         1215048 kB
MemAvailable:    1538960 kB
Buffers:           59244 kB
Cached:           382208 kB
MemTotal:        1844596 kB
MemFree:         1214496 kB
MemAvailable:    1538408 kB
Buffers:           59244 kB
Cached:           382208 kB
MemTotal:        1844596 kB
MemFree:         1212820 kB
MemAvailable:    1536732 kB
Buffers:           59244 kB
Cached:           382208 kB
MemTotal:        1844596 kB
MemFree:         1211332 kB
MemAvailable:    1535244 kB
Buffers:           59244 kB
Cached:           382208 kB
MemTotal:        1844596 kB
MemFree:         1208916 kB
MemAvailable:    1532828 kB
Buffers:           59244 kB
Cached:           382208 kB
MemTotal:        1844596 kB
MemFree:         1206000 kB
MemAvailable:    1529912 kB
Buffers:           59244 kB
Cached:           382208 kB
MemTotal:        1844596 kB
MemFree:         1206292 kB
MemAvailable:    1530204 kB
Buffers:           59244 kB
Cached:           382208 kB
MemTotal:        1844596 kB
MemFree:         1204948 kB
MemAvailable:    1528860 kB
Buffers:           59244 kB
Cached:           382208 kB
MemTotal:        1844596 kB
MemFree:         1206116 kB
MemAvailable:    1530028 kB
Buffers:           59244 kB
Cached:           382208 kB
MemTotal:        1844596 kB
MemFree:         1206312 kB
MemAvailable:    1530224 kB
Buffers:           59244 kB
Cached:           382208 kB
MemTotal:        1844596 kB
MemFree:         1206056 kB
MemAvailable:    1529968 kB
Buffers:           59244 kB
Cached:           382208 kB
MemTotal:        1844596 kB
MemFree:         1205944 kB
MemAvailable:    1529856 kB
Buffers:           59244 kB
Cached:           382208 kB
MemTotal:        1844596 kB
MemFree:         1205752 kB
MemAvailable:    1529664 kB
Buffers:           59244 kB
Cached:           382208 kB
MemTotal:        1844596 kB
MemFree:         1204204 kB
MemAvailable:    1528116 kB
Buffers:           59244 kB
Cached:           382208 kB
MemTotal:        1844596 kB
MemFree:         1204264 kB
MemAvailable:    1528176 kB
Buffers:           59244 kB
Cached:           382208 kB
MemTotal:        1844596 kB
MemFree:         1202716 kB
MemAvailable:    1526628 kB
Buffers:           59244 kB
Cached:           382208 kB
MemTotal:        1844596 kB
MemFree:         1203548 kB
MemAvailable:    1527460 kB
Buffers:           59244 kB
Cached:           382208 kB
MemTotal:        1844596 kB
MemFree:         1203884 kB
MemAvailable:    1527796 kB
Buffers:           59244 kB
Cached:           382208 kB
MemTotal:        1844596 kB
MemFree:         1203560 kB
MemAvailable:    1527472 kB
Buffers:           59244 kB
Cached:           382208 kB
MemTotal:        1844596 kB
MemFree:         1203560 kB
MemAvailable:    1527472 kB
Buffers:           59244 kB
Cached:           382208 kB
MemTotal:        1844596 kB
MemFree:         1203496 kB
MemAvailable:    1527408 kB
Buffers:           59244 kB
Cached:           382208 kB
MemTotal:        1844596 kB
MemFree:         1203748 kB
MemAvailable:    1527660 kB
Buffers:           59244 kB
Cached:           382208 kB
MemTotal:        1844596 kB
MemFree:         1203868 kB
MemAvailable:    1527780 kB
Buffers:           59244 kB
Cached:           382208 kB
MemTotal:        1844596 kB
MemFree:         1203284 kB
MemAvailable:    1527196 kB
Buffers:           59244 kB
Cached:           382208 kB
MemTotal:        1844596 kB
MemFree:         1202964 kB
MemAvailable:    1526876 kB
Buffers:           59244 kB
Cached:           382208 kB
MemTotal:        1844596 kB
MemFree:         1205004 kB
MemAvailable:    1528916 kB
Buffers:           59244 kB
Cached:           382208 kB
MemTotal:        1844596 kB
MemFree:         1203792 kB
MemAvailable:    1527704 kB
Buffers:           59244 kB
Cached:           382208 kB
MemTotal:        1844596 kB
MemFree:         1203328 kB
MemAvailable:    1527240 kB
Buffers:           59244 kB
Cached:           382208 kB
MemTotal:        1844596 kB
MemFree:         1202468 kB
MemAvailable:    1526384 kB
Buffers:           59244 kB
Cached:           382212 kB
MemTotal:        1844596 kB
MemFree:         1200476 kB
MemAvailable:    1524392 kB
Buffers:           59244 kB
Cached:           382212 kB
MemTotal:        1844596 kB
MemFree:         1200956 kB
MemAvailable:    1524872 kB
Buffers:           59244 kB
Cached:           382212 kB
MemTotal:        1844596 kB
MemFree:         1201084 kB
MemAvailable:    1525000 kB
Buffers:           59244 kB
Cached:           382212 kB
MemTotal:        1844596 kB
MemFree:         1199368 kB
MemAvailable:    1523284 kB
Buffers:           59244 kB
Cached:           382212 kB
MemTotal:        1844596 kB
MemFree:         1200320 kB
MemAvailable:    1524236 kB
Buffers:           59244 kB
Cached:           382212 kB
MemTotal:        1844596 kB
MemFree:         1199740 kB
MemAvailable:    1523656 kB
Buffers:           59244 kB
Cached:           382212 kB
MemTotal:        1844596 kB
MemFree:         1198500 kB
MemAvailable:    1522416 kB
Buffers:           59244 kB
Cached:           382212 kB
MemTotal:        1844596 kB
MemFree:         1198500 kB
MemAvailable:    1522416 kB
Buffers:           59244 kB
Cached:           382212 kB
MemTotal:        1844596 kB
MemFree:         1199616 kB
MemAvailable:    1523532 kB
Buffers:           59244 kB
Cached:           382212 kB
MemTotal:        1844596 kB
MemFree:         1198500 kB
MemAvailable:    1522416 kB
Buffers:           59244 kB
Cached:           382212 kB
MemTotal:        1844596 kB
MemFree:         1199500 kB
MemAvailable:    1523416 kB
Buffers:           59244 kB
Cached:           382212 kB
MemTotal:        1844596 kB
MemFree:         1199308 kB
MemAvailable:    1523224 kB
Buffers:           59244 kB
Cached:           382212 kB
MemTotal:        1844596 kB
MemFree:         1199112 kB
MemAvailable:    1523028 kB
Buffers:           59244 kB
Cached:           382212 kB
MemTotal:        1844596 kB
MemFree:         1198920 kB
MemAvailable:    1522836 kB
Buffers:           59244 kB
Cached:           382212 kB
MemTotal:        1844596 kB
MemFree:         1197748 kB
MemAvailable:    1521664 kB
Buffers:           59244 kB
Cached:           382212 kB
MemTotal:        1844596 kB
MemFree:         1198244 kB
MemAvailable:    1522160 kB
Buffers:           59244 kB
Cached:           382212 kB
MemTotal:        1844596 kB
MemFree:         1197200 kB
MemAvailable:    1521116 kB
Buffers:           59244 kB
Cached:           382212 kB
MemTotal:        1844596 kB
MemFree:         1197208 kB
MemAvailable:    1521124 kB
Buffers:           59244 kB
Cached:           382212 kB
MemTotal:        1844596 kB
MemFree:         1197200 kB
MemAvailable:    1521116 kB
Buffers:           59244 kB
Cached:           382212 kB
MemTotal:        1844596 kB
MemFree:         1197332 kB
MemAvailable:    1521248 kB
Buffers:           59244 kB
Cached:           382212 kB
MemTotal:        1844596 kB
MemFree:         1197324 kB
MemAvailable:    1521240 kB
Buffers:           59244 kB
Cached:           382212 kB
MemTotal:        1844596 kB
MemFree:         1198336 kB
MemAvailable:    1522252 kB
Buffers:           59244 kB
Cached:           382212 kB
MemTotal:        1844596 kB
MemFree:         1197948 kB
MemAvailable:    1521864 kB
Buffers:           59244 kB
Cached:           382212 kB
MemTotal:        1844596 kB
MemFree:         1198476 kB
MemAvailable:    1522392 kB
Buffers:           59244 kB
Cached:           382212 kB
MemTotal:        1844596 kB
MemFree:         1198560 kB
MemAvailable:    1522476 kB
Buffers:           59244 kB
Cached:           382212 kB
MemTotal:        1844596 kB
MemFree:         1198584 kB
MemAvailable:    1522500 kB
Buffers:           59244 kB
Cached:           382212 kB
MemTotal:        1844596 kB
MemFree:         1198388 kB
MemAvailable:    1522304 kB
Buffers:           59244 kB
Cached:           382212 kB
MemTotal:        1844596 kB
MemFree:         1198156 kB
MemAvailable:    1522072 kB
Buffers:           59244 kB
Cached:           382212 kB
MemTotal:        1844596 kB
MemFree:         1197260 kB
MemAvailable:    1521176 kB
Buffers:           59244 kB
Cached:           382212 kB
MemTotal:        1844596 kB
MemFree:         1197824 kB
MemAvailable:    1521740 kB
Buffers:           59244 kB
Cached:           382212 kB
MemTotal:        1844596 kB
MemFree:         1196620 kB
MemAvailable:    1520536 kB
Buffers:           59244 kB
Cached:           382212 kB
MemTotal:        1844596 kB
MemFree:         1196488 kB
MemAvailable:    1520404 kB
Buffers:           59244 kB
Cached:           382212 kB
MemTotal:        1844596 kB
MemFree:         1197664 kB
MemAvailable:    1521580 kB
Buffers:           59244 kB
Cached:           382212 kB
MemTotal:        1844596 kB
MemFree:         1196764 kB
MemAvailable:    1520680 kB
Buffers:           59244 kB
Cached:           382212 kB
MemTotal:        1844596 kB
MemFree:         1196328 kB
MemAvailable:    1520244 kB
Buffers:           59244 kB
Cached:           382212 kB
MemTotal:        1844596 kB
MemFree:         1197680 kB
MemAvailable:    1521596 kB
Buffers:           59244 kB
Cached:           382212 kB
MemTotal:        1844596 kB
MemFree:         1196888 kB
MemAvailable:    1520804 kB
Buffers:           59244 kB
Cached:           382212 kB
MemTotal:        1844596 kB
MemFree:         1197452 kB
MemAvailable:    1521368 kB
Buffers:           59244 kB
Cached:           382212 kB
MemTotal:        1844596 kB
MemFree:         1197680 kB
MemAvailable:    1521596 kB
Buffers:           59244 kB
Cached:           382212 kB
MemTotal:        1844596 kB
MemFree:         1197432 kB
MemAvailable:    1521348 kB
Buffers:           59244 kB
Cached:           382212 kB
MemTotal:        1844596 kB
MemFree:         1197492 kB
MemAvailable:    1521408 kB
Buffers:           59244 kB
Cached:           382212 kB
MemTotal:        1844596 kB
MemFree:         1197344 kB
MemAvailable:    1521260 kB
Buffers:           59244 kB
Cached:           382212 kB
MemTotal:        1844596 kB
MemFree:         1196112 kB
MemAvailable:    1520028 kB
Buffers:           59244 kB
Cached:           382212 kB
MemTotal:        1844596 kB
MemFree:         1193440 kB
MemAvailable:    1517356 kB
Buffers:           59244 kB
Cached:           382212 kB
MemTotal:        1844596 kB
MemFree:         1192208 kB
MemAvailable:    1516136 kB
Buffers:           59244 kB
Cached:           382220 kB
MemTotal:        1844596 kB
MemFree:         1190152 kB
MemAvailable:    1514080 kB
Buffers:           59244 kB
Cached:           382220 kB
MemTotal:        1844596 kB
MemFree:         1189108 kB
MemAvailable:    1513036 kB
Buffers:           59244 kB
Cached:           382220 kB
MemTotal:        1844596 kB
MemFree:         1189856 kB
MemAvailable:    1513784 kB
Buffers:           59244 kB
Cached:           382220 kB
MemTotal:        1844596 kB
MemFree:         1189664 kB
MemAvailable:    1513592 kB
Buffers:           59244 kB
Cached:           382220 kB
MemTotal:        1844596 kB
MemFree:         1189600 kB
MemAvailable:    1513528 kB
Buffers:           59244 kB
Cached:           382220 kB
MemTotal:        1844596 kB
MemFree:         1189528 kB
MemAvailable:    1513456 kB
Buffers:           59244 kB
Cached:           382220 kB
MemTotal:        1844596 kB
MemFree:         1189784 kB
MemAvailable:    1513712 kB
Buffers:           59244 kB
Cached:           382220 kB
MemTotal:        1844596 kB
MemFree:         1189548 kB
MemAvailable:    1513476 kB
Buffers:           59244 kB
Cached:           382220 kB
MemTotal:        1844596 kB
MemFree:         1189800 kB
MemAvailable:    1513728 kB
Buffers:           59244 kB
Cached:           382220 kB
MemTotal:        1844596 kB
MemFree:         1189584 kB
MemAvailable:    1513512 kB
Buffers:           59244 kB
Cached:           382220 kB
MemTotal:        1844596 kB
MemFree:         1188984 kB
MemAvailable:    1512912 kB
Buffers:           59244 kB
Cached:           382220 kB
MemTotal:        1844596 kB
MemFree:         1189652 kB
MemAvailable:    1513580 kB
Buffers:           59244 kB
Cached:           382220 kB
MemTotal:        1844596 kB
MemFree:         1189708 kB
MemAvailable:    1513636 kB
Buffers:           59244 kB
Cached:           382220 kB
MemTotal:        1844596 kB
MemFree:         1188852 kB
MemAvailable:    1512784 kB
Buffers:           59244 kB
Cached:           382224 kB
MemTotal:        1844596 kB
MemFree:         1190036 kB
MemAvailable:    1513968 kB
Buffers:           59244 kB
Cached:           382224 kB
MemTotal:        1844596 kB
MemFree:         1189720 kB
MemAvailable:    1513652 kB
Buffers:           59244 kB
Cached:           382224 kB
MemTotal:        1844596 kB
MemFree:         1189416 kB
MemAvailable:    1513348 kB
Buffers:           59244 kB
Cached:           382224 kB
MemTotal:        1844596 kB
MemFree:         1188968 kB
MemAvailable:    1512900 kB
Buffers:           59244 kB
Cached:           382224 kB
MemTotal:        1844596 kB
MemFree:         1188968 kB
MemAvailable:    1512900 kB
Buffers:           59244 kB
Cached:           382224 kB
MemTotal:        1844596 kB
MemFree:         1188656 kB
MemAvailable:    1512588 kB
Buffers:           59244 kB
Cached:           382224 kB
MemTotal:        1844596 kB
MemFree:         1188300 kB
MemAvailable:    1512232 kB
Buffers:           59244 kB
Cached:           382224 kB
MemTotal:        1844596 kB
MemFree:         1188044 kB
MemAvailable:    1511976 kB
Buffers:           59244 kB
Cached:           382224 kB
MemTotal:        1844596 kB
MemFree:         1187912 kB
MemAvailable:    1511844 kB
Buffers:           59244 kB
Cached:           382224 kB
MemTotal:        1844596 kB
MemFree:         1187656 kB
MemAvailable:    1511588 kB
Buffers:           59244 kB
Cached:           382224 kB
MemTotal:        1844596 kB
MemFree:         1186564 kB
MemAvailable:    1510496 kB
Buffers:           59244 kB
Cached:           382224 kB
MemTotal:        1844596 kB
MemFree:         1186648 kB
MemAvailable:    1510580 kB
Buffers:           59244 kB
Cached:           382224 kB
MemTotal:        1844596 kB
MemFree:         1186624 kB
MemAvailable:    1510556 kB
Buffers:           59244 kB
Cached:           382224 kB
MemTotal:        1844596 kB
MemFree:         1186256 kB
MemAvailable:    1510188 kB
Buffers:           59244 kB
Cached:           382224 kB
MemTotal:        1844596 kB
MemFree:         1186060 kB
MemAvailable:    1509992 kB
Buffers:           59244 kB
Cached:           382224 kB
MemTotal:        1844596 kB
MemFree:         1186012 kB
MemAvailable:    1509944 kB
Buffers:           59244 kB
Cached:           382224 kB
MemTotal:        1844596 kB
MemFree:         1185932 kB
MemAvailable:    1509864 kB
Buffers:           59244 kB
Cached:           382224 kB
MemTotal:        1844596 kB
MemFree:         1185932 kB
MemAvailable:    1509864 kB
Buffers:           59244 kB
Cached:           382224 kB
MemTotal:        1844596 kB
MemFree:         1185472 kB
MemAvailable:    1509404 kB
Buffers:           59244 kB
Cached:           382224 kB
MemTotal:        1844596 kB
MemFree:         1185640 kB
MemAvailable:    1509572 kB
Buffers:           59244 kB
Cached:           382224 kB
MemTotal:        1844596 kB
MemFree:         1185672 kB
MemAvailable:    1509604 kB
Buffers:           59244 kB
Cached:           382224 kB
MemTotal:        1844596 kB
MemFree:         1185792 kB
MemAvailable:    1509724 kB
Buffers:           59244 kB
Cached:           382224 kB
MemTotal:        1844596 kB
MemFree:         1185696 kB
MemAvailable:    1509628 kB
Buffers:           59244 kB
Cached:           382224 kB
MemTotal:        1844596 kB
MemFree:         1185140 kB
MemAvailable:    1509072 kB
Buffers:           59244 kB
Cached:           382224 kB
MemTotal:        1844596 kB
MemFree:         1185684 kB
MemAvailable:    1509616 kB
Buffers:           59244 kB
Cached:           382224 kB
MemTotal:        1844596 kB
MemFree:         1185852 kB
MemAvailable:    1509784 kB
Buffers:           59244 kB
Cached:           382224 kB
MemTotal:        1844596 kB
MemFree:         1185448 kB
MemAvailable:    1509380 kB
Buffers:           59244 kB
Cached:           382224 kB
MemTotal:        1844596 kB
MemFree:         1184016 kB
MemAvailable:    1507948 kB
Buffers:           59244 kB
Cached:           382224 kB
MemTotal:        1844596 kB
MemFree:         1184140 kB
MemAvailable:    1508072 kB
Buffers:           59244 kB
Cached:           382224 kB
MemTotal:        1844596 kB
MemFree:         1181792 kB
MemAvailable:    1505728 kB
Buffers:           59244 kB
Cached:           382228 kB
MemTotal:        1844596 kB
MemFree:         1176808 kB
MemAvailable:    1500744 kB
Buffers:           59244 kB
Cached:           382228 kB
MemTotal:        1844596 kB
MemFree:         1177060 kB
MemAvailable:    1500996 kB
Buffers:           59244 kB
Cached:           382228 kB
MemTotal:        1844596 kB
MemFree:         1176844 kB
MemAvailable:    1500780 kB
Buffers:           59244 kB
Cached:           382228 kB
MemTotal:        1844596 kB
MemFree:         1176680 kB
MemAvailable:    1500616 kB
Buffers:           59244 kB
Cached:           382228 kB
MemTotal:        1844596 kB
MemFree:         1176764 kB
MemAvailable:    1500700 kB
Buffers:           59244 kB
Cached:           382228 kB
MemTotal:        1844596 kB
MemFree:         1176748 kB
MemAvailable:    1500684 kB
Buffers:           59244 kB
Cached:           382228 kB
MemTotal:        1844596 kB
MemFree:         1176748 kB
MemAvailable:    1500684 kB
Buffers:           59244 kB
Cached:           382228 kB
MemTotal:        1844596 kB
MemFree:         1178796 kB
MemAvailable:    1502732 kB
Buffers:           59244 kB
Cached:           382228 kB
MemTotal:        1844596 kB
MemFree:         1177660 kB
MemAvailable:    1501596 kB
Buffers:           59244 kB
Cached:           382228 kB
MemTotal:        1844596 kB
MemFree:         1178064 kB
MemAvailable:    1502000 kB
Buffers:           59244 kB
Cached:           382228 kB
MemTotal:        1844596 kB
MemFree:         1177948 kB
MemAvailable:    1501968 kB
Buffers:           59244 kB
Cached:           382352 kB
MemTotal:        1844596 kB
MemFree:         1178876 kB
MemAvailable:    1503064 kB
Buffers:           59244 kB
Cached:           382476 kB
MemTotal:        1844596 kB
MemFree:         1177568 kB
MemAvailable:    1501840 kB
Buffers:           59244 kB
Cached:           382600 kB
MemTotal:        1844596 kB
MemFree:         1178568 kB
MemAvailable:    1503008 kB
Buffers:           59244 kB
Cached:           382724 kB
MemTotal:        1844596 kB
MemFree:         1178364 kB
MemAvailable:    1502888 kB
Buffers:           59244 kB
Cached:           382848 kB
MemTotal:        1844596 kB
MemFree:         1178180 kB
MemAvailable:    1502704 kB
Buffers:           59244 kB
Cached:           382848 kB
MemTotal:        1844596 kB
MemFree:         1176892 kB
MemAvailable:    1501416 kB
Buffers:           59244 kB
Cached:           382848 kB
MemTotal:        1844596 kB
MemFree:         1177072 kB
MemAvailable:    1501680 kB
Buffers:           59244 kB
Cached:           382848 kB
MemTotal:        1844596 kB
MemFree:         1178132 kB
MemAvailable:    1502740 kB
Buffers:           59244 kB
Cached:           382848 kB
MemTotal:        1844596 kB
MemFree:         1176824 kB
MemAvailable:    1501432 kB
Buffers:           59244 kB
Cached:           382848 kB
MemTotal:        1844596 kB
MemFree:         1176824 kB
MemAvailable:    1501432 kB
Buffers:           59244 kB
Cached:           382848 kB
MemTotal:        1844596 kB
MemFree:         1178132 kB
MemAvailable:    1502740 kB
Buffers:           59244 kB
Cached:           382848 kB
MemTotal:        1844596 kB
MemFree:         1176820 kB
MemAvailable:    1501428 kB
Buffers:           59244 kB
Cached:           382848 kB
MemTotal:        1844596 kB
MemFree:         1176820 kB
MemAvailable:    1501428 kB
Buffers:           59244 kB
Cached:           382848 kB
MemTotal:        1844596 kB
MemFree:         1176944 kB
MemAvailable:    1501636 kB
Buffers:           59244 kB
Cached:           382972 kB
MemTotal:        1844596 kB
MemFree:         1245032 kB
MemAvailable:    1569052 kB
Buffers:           59244 kB
Cached:           382300 kB
MemTotal:        1844596 kB
MemFree:         1247040 kB
MemAvailable:    1571068 kB
Buffers:           59244 kB
Cached:           382308 kB
