MemTotal:        1844596 kB
MemFree:         1267552 kB
MemAvailable:    1549692 kB
Buffers:           55368 kB
Cached:           348004 kB
MemTotal:        1844596 kB
MemFree:         1263884 kB
MemAvailable:    1546024 kB
Buffers:           55368 kB
Cached:           348004 kB
MemTotal:        1844596 kB
MemFree:         1262832 kB
MemAvailable:    1544972 kB
Buffers:           55368 kB
Cached:           348004 kB
MemTotal:        1844596 kB
MemFree:         1261840 kB
MemAvailable:    1543980 kB
Buffers:           55368 kB
Cached:           348004 kB
MemTotal:        1844596 kB
MemFree:         1261832 kB
MemAvailable:    1543972 kB
Buffers:           55368 kB
Cached:           348004 kB
MemTotal:        1844596 kB
MemFree:         1259608 kB
MemAvailable:    1541748 kB
Buffers:           55368 kB
Cached:           348004 kB
MemTotal:        1844596 kB
MemFree:         1260356 kB
MemAvailable:    1542496 kB
Buffers:           55368 kB
Cached:           348004 kB
MemTotal:        1844596 kB
MemFree:         1259336 kB
MemAvailable:    1541476 kB
Buffers:           55368 kB
Cached:           348004 kB
MemTotal:        1844596 kB
MemFree:         1259336 kB
MemAvailable:    1541476 kB
Buffers:           55368 kB
Cached:           348004 kB
MemTotal:        1844596 kB
MemFree:         1256260 kB
MemAvailable:    1538400 kB
Buffers:           55368 kB
Cached:           348004 kB
MemTotal:        1844596 kB
MemFree:         1253756 kB
MemAvailable:    1535896 kB
Buffers:           55368 kB
Cached:           348004 kB
MemTotal:        1844596 kB
MemFree:         1251672 kB
MemAvailable:    1533812 kB
Buffers:           55368 kB
Cached:           348004 kB
MemTotal:        1844596 kB
MemFree:         1249524 kB
MemAvailable:    1531664 kB
Buffers:           55368 kB
Cached:           348004 kB
MemTotal:        1844596 kB
MemFree:         1249928 kB
MemAvailable:    1532068 kB
Buffers:           55368 kB
Cached:           348004 kB
MemTotal:        1844596 kB
MemFree:         1250304 kB
MemAvailable:    1532444 kB
Buffers:           55368 kB
Cached:           348004 kB
MemTotal:        1844596 kB
MemFree:         1249180 kB
MemAvailable:    1531320 kB
Buffers:           55368 kB
Cached:           348004 kB
MemTotal:        1844596 kB
MemFree:         1250532 kB
MemAvailable:    1532676 kB
Buffers:           55368 kB
Cached:           348008 kB
MemTotal:        1844596 kB
MemFree:         1250868 kB
MemAvailable:    1533012 kB
Buffers:           55368 kB
Cached:           348008 kB
MemTotal:        1844596 kB
MemFree:         1249440 kB
MemAvailable:    1531584 kB
Buffers:           55368 kB
Cached:           348008 kB
MemTotal:        1844596 kB
MemFree:         1249796 kB
MemAvailable:    1531940 kB
Buffers:           55368 kB
Cached:           348008 kB
MemTotal:        1844596 kB
MemFree:         1248696 kB
MemAvailable:    1530840 kB
Buffers:           55368 kB
Cached:           348008 kB
MemTotal:        1844596 kB
MemFree:         1247704 kB
MemAvailable:    1529848 kB
Buffers:           55368 kB
Cached:           348008 kB
MemTotal:        1844596 kB
MemFree:         1247804 kB
MemAvailable:    1529948 kB
Buffers:           55368 kB
Cached:           348008 kB
MemTotal:        1844596 kB
MemFree:         1247804 kB
MemAvailable:    1529948 kB
Buffers:           55368 kB
Cached:           348008 kB
MemTotal:        1844596 kB
MemFree:         1247784 kB
MemAvailable:    1529928 kB
Buffers:           55368 kB
Cached:           348008 kB
MemTotal:        1844596 kB
MemFree:         1247992 kB
MemAvailable:    1530136 kB
Buffers:           55368 kB
Cached:           348008 kB
MemTotal:        1844596 kB
MemFree:         1246680 kB
MemAvailable:    1528824 kB
Buffers:           55368 kB
Cached:           348008 kB
MemTotal:        1844596 kB
MemFree:         1246680 kB
MemAvailable:    1528824 kB
Buffers:           55368 kB
Cached:           348008 kB
MemTotal:        1844596 kB
MemFree:         1246680 kB
MemAvailable:    1528824 kB
Buffers:           55368 kB
Cached:           348008 kB
MemTotal:        1844596 kB
MemFree:         1247920 kB
MemAvailable:    1530064 kB
Buffers:           55368 kB
Cached:           348008 kB
MemTotal:        1844596 kB
MemFree:         1247684 kB
MemAvailable:    1529828 kB
Buffers:           55368 kB
Cached:           348008 kB
MemTotal:        1844596 kB
MemFree:         1247692 kB
MemAvailable:    1529836 kB
Buffers:           55368 kB
Cached:           348008 kB
MemTotal:        1844596 kB
MemFree:         1248964 kB
MemAvailable:    1531108 kB
Buffers:           55368 kB
Cached:           348008 kB
MemTotal:        1844596 kB
MemFree:         1248696 kB
MemAvailable:    1530840 kB
Buffers:           55368 kB
Cached:           348008 kB
MemTotal:        1844596 kB
MemFree:         1247572 kB
MemAvailable:    1529716 kB
Buffers:           55368 kB
Cached:           348008 kB
MemTotal:        1844596 kB
MemFree:         1245844 kB
MemAvailable:    1527988 kB
Buffers:           55368 kB
Cached:           348008 kB
MemTotal:        1844596 kB
MemFree:         1245580 kB
MemAvailable:    1527724 kB
Buffers:           55368 kB
Cached:           348008 kB
MemTotal:        1844596 kB
MemFree:         1245772 kB
MemAvailable:    1527916 kB
Buffers:           55368 kB
Cached:           348008 kB
MemTotal:        1844596 kB
MemFree:         1245036 kB
MemAvailable:    1527180 kB
Buffers:           55368 kB
Cached:           348008 kB
MemTotal:        1844596 kB
MemFree:         1244728 kB
MemAvailable:    1526872 kB
Buffers:           55368 kB
Cached:           348008 kB
MemTotal:        1844596 kB
MemFree:         1243968 kB
MemAvailable:    1526112 kB
Buffers:           55368 kB
Cached:           348008 kB
MemTotal:        1844596 kB
MemFree:         1243736 kB
MemAvailable:    1525880 kB
Buffers:           55368 kB
Cached:           348008 kB
MemTotal:        1844596 kB
MemFree:         1243796 kB
MemAvailable:    1525940 kB
Buffers:           55368 kB
Cached:           348008 kB
MemTotal:        1844596 kB
MemFree:         1243680 kB
MemAvailable:    1525824 kB
Buffers:           55368 kB
Cached:           348008 kB
MemTotal:        1844596 kB
MemFree:         1242812 kB
MemAvailable:    1524956 kB
Buffers:           55368 kB
Cached:           348008 kB
MemTotal:        1844596 kB
MemFree:         1243804 kB
MemAvailable:    1525948 kB
Buffers:           55368 kB
Cached:           348008 kB
MemTotal:        1844596 kB
MemFree:         1243804 kB
MemAvailable:    1525948 kB
Buffers:           55368 kB
Cached:           348008 kB
MemTotal:        1844596 kB
MemFree:         1243472 kB
MemAvailable:    1525616 kB
Buffers:           55368 kB
Cached:           348008 kB
MemTotal:        1844596 kB
MemFree:         1242868 kB
MemAvailable:    1525012 kB
Buffers:           55368 kB
Cached:           348008 kB
MemTotal:        1844596 kB
MemFree:         1242108 kB
MemAvailable:    1524252 kB
Buffers:           55368 kB
Cached:           348008 kB
MemTotal:        1844596 kB
MemFree:         1241876 kB
MemAvailable:    1524020 kB
Buffers:           55368 kB
Cached:           348008 kB
MemTotal:        1844596 kB
MemFree:         1241372 kB
MemAvailable:    1523516 kB
Buffers:           55368 kB
Cached:           348008 kB
MemTotal:        1844596 kB
MemFree:         1241300 kB
MemAvailable:    1523444 kB
Buffers:           55368 kB
Cached:           348008 kB
MemTotal:        1844596 kB
MemFree:         1241424 kB
MemAvailable:    1523568 kB
Buffers:           55368 kB
Cached:           348008 kB
MemTotal:        1844596 kB
MemFree:         1241424 kB
MemAvailable:    1523568 kB
Buffers:           55368 kB
Cached:           348008 kB
MemTotal:        1844596 kB
MemFree:         1241556 kB
MemAvailable:    1523700 kB
Buffers:           55368 kB
Cached:           348008 kB
MemTotal:        1844596 kB
MemFree:         1242732 kB
MemAvailable:    1524876 kB
Buffers:           55368 kB
Cached:           348008 kB
MemTotal:        1844596 kB
MemFree:         1242768 kB
MemAvailable:    1524912 kB
Buffers:           55368 kB
Cached:           348008 kB
MemTotal:        1844596 kB
MemFree:         1241328 kB
MemAvailable:    1523472 kB
Buffers:           55368 kB
Cached:           348008 kB
MemTotal:        1844596 kB
MemFree:         1242596 kB
MemAvailable:    1524740 kB
Buffers:           55368 kB
Cached:           348008 kB
MemTotal:        1844596 kB
MemFree:         1242596 kB
MemAvailable:    1524740 kB
Buffers:           55368 kB
Cached:           348008 kB
MemTotal:        1844596 kB
MemFree:         1242532 kB
MemAvailable:    1524676 kB
Buffers:           55368 kB
Cached:           348008 kB
MemTotal:        1844596 kB
MemFree:         1241224 kB
MemAvailable:    1523368 kB
Buffers:           55368 kB
Cached:           348008 kB
MemTotal:        1844596 kB
MemFree:         1242524 kB
MemAvailable:    1524668 kB
Buffers:           55368 kB
Cached:           348008 kB
MemTotal:        1844596 kB
MemFree:         1241380 kB
MemAvailable:    1523524 kB
Buffers:           55368 kB
Cached:           348008 kB
MemTotal:        1844596 kB
MemFree:         1241920 kB
MemAvailable:    1524064 kB
Buffers:           55368 kB
Cached:           348008 kB
MemTotal:        1844596 kB
MemFree:         1242004 kB
MemAvailable:    1524148 kB
Buffers:           55368 kB
Cached:           348008 kB
MemTotal:        1844596 kB
MemFree:         1241916 kB
MemAvailable:    1524064 kB
Buffers:           55368 kB
Cached:           348012 kB
MemTotal:        1844596 kB
MemFree:         1241932 kB
MemAvailable:    1524080 kB
Buffers:           55368 kB
Cached:           348012 kB
MemTotal:        1844596 kB
MemFree:         1242052 kB
MemAvailable:    1524204 kB
Buffers:           55368 kB
Cached:           348016 kB
MemTotal:        1844596 kB
MemFree:         1241852 kB
MemAvailable:    1524004 kB
Buffers:           55368 kB
Cached:           348016 kB
MemTotal:        1844596 kB
MemFree:         1241716 kB
MemAvailable:    1523868 kB
Buffers:           55368 kB
Cached:           348016 kB
MemTotal:        1844596 kB
MemFree:         1241884 kB
MemAvailable:    1524036 kB
Buffers:           55368 kB
Cached:           348016 kB
MemTotal:        1844596 kB
MemFree:         1241956 kB
MemAvailable:    1524108 kB
Buffers:           55368 kB
Cached:           348016 kB
MemTotal:        1844596 kB
MemFree:         1241048 kB
MemAvailable:    1523200 kB
Buffers:           55368 kB
Cached:           348016 kB
MemTotal:        1844596 kB
MemFree:         1241904 kB
MemAvailable:    1524056 kB
Buffers:           55368 kB
Cached:           348016 kB
MemTotal:        1844596 kB
MemFree:         1241908 kB
MemAvailable:    1524060 kB
Buffers:           55368 kB
Cached:           348016 kB
MemTotal:        1844596 kB
MemFree:         1241520 kB
MemAvailable:    1523672 kB
Buffers:           55368 kB
Cached:           348016 kB
MemTotal:        1844596 kB
MemFree:         1241856 kB
MemAvailable:    1524008 kB
Buffers:           55368 kB
Cached:           348016 kB
MemTotal:        1844596 kB
MemFree:         1240180 kB
MemAvailable:    1522332 kB
Buffers:           55368 kB
Cached:           348016 kB
MemTotal:        1844596 kB
MemFree:         1239496 kB
MemAvailable:    1521648 kB
Buffers:           55368 kB
Cached:           348016 kB
MemTotal:        1844596 kB
MemFree:         1237568 kB
MemAvailable:    1519720 kB
Buffers:           55368 kB
Cached:           348016 kB
MemTotal:        1844596 kB
MemFree:         1234700 kB
MemAvailable:    1516852 kB
Buffers:           55368 kB
Cached:           348016 kB
MemTotal:        1844596 kB
MemFree:         1234700 kB
MemAvailable:    1516852 kB
Buffers:           55368 kB
Cached:           348016 kB
MemTotal:        1844596 kB
MemFree:         1234204 kB
MemAvailable:    1516356 kB
Buffers:           55368 kB
Cached:           348016 kB
MemTotal:        1844596 kB
MemFree:         1234540 kB
MemAvailable:    1516692 kB
Buffers:           55368 kB
Cached:           348016 kB
MemTotal:        1844596 kB
MemFree:         1234104 kB
MemAvailable:    1516256 kB
Buffers:           55368 kB
Cached:           348016 kB
MemTotal:        1844596 kB
MemFree:         1232856 kB
MemAvailable:    1515008 kB
Buffers:           55368 kB
Cached:           348016 kB
MemTotal:        1844596 kB
MemFree:         1233564 kB
MemAvailable:    1515716 kB
Buffers:           55368 kB
Cached:           348016 kB
MemTotal:        1844596 kB
MemFree:         1233900 kB
MemAvailable:    1516052 kB
Buffers:           55368 kB
Cached:           348016 kB
MemTotal:        1844596 kB
MemFree:         1233732 kB
MemAvailable:    1515884 kB
Buffers:           55368 kB
Cached:           348016 kB
MemTotal:        1844596 kB
MemFree:         1232568 kB
MemAvailable:    1514720 kB
Buffers:           55368 kB
Cached:           348016 kB
MemTotal:        1844596 kB
MemFree:         1233808 kB
MemAvailable:    1515960 kB
Buffers:           55368 kB
Cached:           348016 kB
MemTotal:        1844596 kB
MemFree:         1232568 kB
MemAvailable:    1514720 kB
Buffers:           55368 kB
Cached:           348016 kB
MemTotal:        1844596 kB
MemFree:         1233744 kB
MemAvailable:    1515896 kB
Buffers:           55368 kB
Cached:           348016 kB
MemTotal:        1844596 kB
MemFree:         1233476 kB
MemAvailable:    1515628 kB
Buffers:           55368 kB
Cached:           348016 kB
MemTotal:        1844596 kB
MemFree:         1233564 kB
MemAvailable:    1515716 kB
Buffers:           55368 kB
Cached:           348016 kB
MemTotal:        1844596 kB
MemFree:         1233900 kB
MemAvailable:    1516052 kB
Buffers:           55368 kB
Cached:           348016 kB
MemTotal:        1844596 kB
MemFree:         1233792 kB
MemAvailable:    1515944 kB
Buffers:           55368 kB
Cached:           348016 kB
MemTotal:        1844596 kB
MemFree:         1233684 kB
MemAvailable:    1515836 kB
Buffers:           55368 kB
Cached:           348016 kB
MemTotal:        1844596 kB
MemFree:         1231856 kB
MemAvailable:    1514008 kB
Buffers:           55368 kB
Cached:           348016 kB
MemTotal:        1844596 kB
MemFree:         1233236 kB
MemAvailable:    1515388 kB
Buffers:           55368 kB
Cached:           348016 kB
MemTotal:        1844596 kB
MemFree:         1231468 kB
MemAvailable:    1513620 kB
Buffers:           55368 kB
Cached:           348016 kB
MemTotal:        1844596 kB
MemFree:         1233236 kB
MemAvailable:    1515388 kB
Buffers:           55368 kB
Cached:           348016 kB
MemTotal:        1844596 kB
MemFree:         1232468 kB
MemAvailable:    1514620 kB
Buffers:           55368 kB
Cached:           348016 kB
MemTotal:        1844596 kB
MemFree:         1232720 kB
MemAvailable:    1514872 kB
Buffers:           55368 kB
Cached:           348016 kB
MemTotal:        1844596 kB
MemFree:         1232360 kB
MemAvailable:    1514512 kB
Buffers:           55368 kB
Cached:           348016 kB
MemTotal:        1844596 kB
MemFree:         1232120 kB
MemAvailable:    1514272 kB
Buffers:           55368 kB
Cached:           348016 kB
MemTotal:        1844596 kB
MemFree:         1231004 kB
MemAvailable:    1513156 kB
Buffers:           55368 kB
Cached:           348016 kB
MemTotal:        1844596 kB
MemFree:         1231128 kB
MemAvailable:    1513280 kB
Buffers:           55368 kB
Cached:           348016 kB
MemTotal:        1844596 kB
MemFree:         1229880 kB
MemAvailable:    1512032 kB
Buffers:           55368 kB
Cached:           348016 kB
MemTotal:        1844596 kB
MemFree:         1230912 kB
MemAvailable:    1513064 kB
Buffers:           55368 kB
Cached:           348016 kB
MemTotal:        1844596 kB
MemFree:         1230568 kB
MemAvailable:    1512720 kB
Buffers:           55368 kB
Cached:           348016 kB
MemTotal:        1844596 kB
MemFree:         1229260 kB
MemAvailable:    1511412 kB
Buffers:           55368 kB
Cached:           348016 kB
MemTotal:        1844596 kB
MemFree:         1230184 kB
MemAvailable:    1512336 kB
Buffers:           55368 kB
Cached:           348016 kB
MemTotal:        1844596 kB
MemFree:         1230184 kB
MemAvailable:    1512336 kB
Buffers:           55368 kB
Cached:           348016 kB
MemTotal:        1844596 kB
MemFree:         1230180 kB
MemAvailable:    1512332 kB
Buffers:           55368 kB
Cached:           348016 kB
MemTotal:        1844596 kB
MemFree:         1229988 kB
MemAvailable:    1512140 kB
Buffers:           55368 kB
Cached:           348016 kB
MemTotal:        1844596 kB
MemFree:         1228484 kB
MemAvailable:    1510636 kB
Buffers:           55368 kB
Cached:           348016 kB
MemTotal:        1844596 kB
MemFree:         1229792 kB
MemAvailable:    1511944 kB
Buffers:           55368 kB
Cached:           348016 kB
MemTotal:        1844596 kB
MemFree:         1229968 kB
MemAvailable:    1512120 kB
Buffers:           55368 kB
Cached:           348016 kB
MemTotal:        1844596 kB
MemFree:         1228740 kB
MemAvailable:    1510892 kB
Buffers:           55368 kB
Cached:           348016 kB
MemTotal:        1844596 kB
MemFree:         1229916 kB
MemAvailable:    1512068 kB
Buffers:           55368 kB
Cached:           348016 kB
MemTotal:        1844596 kB
MemFree:         1228716 kB
MemAvailable:    1510868 kB
Buffers:           55368 kB
Cached:           348016 kB
MemTotal:        1844596 kB
MemFree:         1229800 kB
MemAvailable:    1511952 kB
Buffers:           55368 kB
Cached:           348016 kB
MemTotal:        1844596 kB
MemFree:         1230008 kB
MemAvailable:    1512160 kB
Buffers:           55368 kB
Cached:           348016 kB
MemTotal:        1844596 kB
MemFree:         1228700 kB
MemAvailable:    1510852 kB
Buffers:           55368 kB
Cached:           348016 kB
MemTotal:        1844596 kB
MemFree:         1228700 kB
MemAvailable:    1510852 kB
Buffers:           55368 kB
Cached:           348016 kB
MemTotal:        1844596 kB
MemFree:         1223996 kB
MemAvailable:    1506148 kB
Buffers:           55368 kB
Cached:           348016 kB
MemTotal:        1844596 kB
MemFree:         1222508 kB
MemAvailable:    1504660 kB
Buffers:           55368 kB
Cached:           348016 kB
MemTotal:        1844596 kB
MemFree:         1222184 kB
MemAvailable:    1504420 kB
Buffers:           55368 kB
Cached:           348140 kB
MemTotal:        1844596 kB
MemFree:         1221704 kB
MemAvailable:    1504024 kB
Buffers:           55368 kB
Cached:           348140 kB
MemTotal:        1844596 kB
MemFree:         1220952 kB
MemAvailable:    1503356 kB
Buffers:           55368 kB
Cached:           348388 kB
MemTotal:        1844596 kB
MemFree:         1220960 kB
MemAvailable:    1503532 kB
Buffers:           55368 kB
Cached:           348388 kB
MemTotal:        1844596 kB
MemFree:         1220712 kB
MemAvailable:    1503284 kB
Buffers:           55368 kB
Cached:           348512 kB
MemTotal:        1844596 kB
MemFree:         1220588 kB
MemAvailable:    1503328 kB
Buffers:           55368 kB
Cached:           348636 kB
MemTotal:        1844596 kB
MemFree:         1220580 kB
MemAvailable:    1503320 kB
Buffers:           55368 kB
Cached:           348636 kB
MemTotal:        1844596 kB
MemFree:         1220340 kB
MemAvailable:    1503164 kB
Buffers:           55368 kB
Cached:           348636 kB
MemTotal:        1844596 kB
MemFree:         1220908 kB
MemAvailable:    1503732 kB
Buffers:           55368 kB
Cached:           348636 kB
MemTotal:        1844596 kB
MemFree:         1221392 kB
MemAvailable:    1504216 kB
Buffers:           55368 kB
Cached:           348636 kB
MemTotal:        1844596 kB
MemFree:         1220040 kB
MemAvailable:    1502864 kB
Buffers:           55368 kB
Cached:           348636 kB
MemTotal:        1844596 kB
MemFree:         1221392 kB
MemAvailable:    1504216 kB
Buffers:           55368 kB
Cached:           348636 kB
MemTotal:        1844596 kB
MemFree:         1220588 kB
MemAvailable:    1503412 kB
Buffers:           55368 kB
Cached:           348636 kB
MemTotal:        1844596 kB
MemFree:         1221256 kB
MemAvailable:    1504080 kB
Buffers:           55368 kB
Cached:           348636 kB
MemTotal:        1844596 kB
MemFree:         1221256 kB
MemAvailable:    1504080 kB
Buffers:           55368 kB
Cached:           348636 kB
MemTotal:        1844596 kB
MemFree:         1221252 kB
MemAvailable:    1504160 kB
Buffers:           55368 kB
Cached:           348760 kB
MemTotal:        1844596 kB
MemFree:         1221328 kB
MemAvailable:    1504152 kB
Buffers:           55368 kB
Cached:           348760 kB
MemTotal:        1844596 kB
MemFree:         1282076 kB
MemAvailable:    1564312 kB
Buffers:           55368 kB
Cached:           348088 kB
