MemTotal:        1844596 kB
MemFree:         1374256 kB
MemAvailable:    1561220 kB
Buffers:           44612 kB
Cached:           271960 kB
MemTotal:        1844596 kB
MemFree:         1373636 kB
MemAvailable:    1560600 kB
Buffers:           44612 kB
Cached:           271960 kB
MemTotal:        1844596 kB
MemFree:         1370644 kB
MemAvailable:    1557608 kB
Buffers:           44612 kB
Cached:           271960 kB
MemTotal:        1844596 kB
MemFree:         1369528 kB
MemAvailable:    1556492 kB
Buffers:           44612 kB
Cached:           271960 kB
MemTotal:        1844596 kB
MemFree:         1368792 kB
MemAvailable:    1555756 kB
Buffers:           44612 kB
Cached:           271960 kB
MemTotal:        1844596 kB
MemFree:         1368552 kB
MemAvailable:    1555516 kB
Buffers:           44612 kB
Cached:           271960 kB
MemTotal:        1844596 kB
MemFree:         1368180 kB
MemAvailable:    1555144 kB
Buffers:           44612 kB
Cached:           271960 kB
MemTotal:        1844596 kB
MemFree:         1364956 kB
MemAvailable:    1551920 kB
Buffers:           44612 kB
Cached:           271960 kB
MemTotal:        1844596 kB
MemFree:         1363404 kB
MemAvailable:    1550368 kB
Buffers:           44612 kB
Cached:           271960 kB
MemTotal:        1844596 kB
MemFree:         1359872 kB
MemAvailable:    1546836 kB
Buffers:           44612 kB
Cached:           271960 kB
MemTotal:        1844596 kB
MemFree:         1359852 kB
MemAvailable:    1546816 kB
Buffers:           44612 kB
Cached:           271960 kB
MemTotal:        1844596 kB
MemFree:         1358632 kB
MemAvailable:    1545596 kB
Buffers:           44612 kB
Cached:           271960 kB
MemTotal:        1844596 kB
MemFree:         1359808 kB
MemAvailable:    1546772 kB
Buffers:           44612 kB
Cached:           271960 kB
MemTotal:        1844596 kB
MemFree:         1359128 kB
MemAvailable:    1546092 kB
Buffers:           44612 kB
Cached:           271960 kB
MemTotal:        1844596 kB
MemFree:         1359712 kB
MemAvailable:    1546676 kB
Buffers:           44612 kB
Cached:           271960 kB
MemTotal:        1844596 kB
MemFree:         1359964 kB
MemAvailable:    1546928 kB
Buffers:           44612 kB
Cached:           271960 kB
MemTotal:        1844596 kB
MemFree:         1358356 kB
MemAvailable:    1545320 kB
Buffers:           44612 kB
Cached:           271960 kB
MemTotal:        1844596 kB
MemFree:         1358716 kB
MemAvailable:    1545680 kB
Buffers:           44612 kB
Cached:           271960 kB
MemTotal:        1844596 kB
MemFree:         1357384 kB
MemAvailable:    1544348 kB
Buffers:           44612 kB
Cached:           271960 kB
MemTotal:        1844596 kB
MemFree:         1357552 kB
MemAvailable:    1544516 kB
Buffers:           44612 kB
Cached:           271960 kB
MemTotal:        1844596 kB
MemFree:         1357804 kB
MemAvailable:    1544768 kB
Buffers:           44612 kB
Cached:           271960 kB
MemTotal:        1844596 kB
MemFree:         1357504 kB
MemAvailable:    1544468 kB
Buffers:           44612 kB
Cached:           271960 kB
MemTotal:        1844596 kB
MemFree:         1356392 kB
MemAvailable:    1543360 kB
Buffers:           44612 kB
Cached:           271964 kB
MemTotal:        1844596 kB
MemFree:         1357308 kB
MemAvailable:    1544276 kB
Buffers:           44612 kB
Cached:           271964 kB
MemTotal:        1844596 kB
MemFree:         1357328 kB
MemAvailable:    1544296 kB
Buffers:           44612 kB
Cached:           271964 kB
MemTotal:        1844596 kB
MemFree:         1356524 kB
MemAvailable:    1543492 kB
Buffers:           44612 kB
Cached:           271964 kB
MemTotal:        1844596 kB
MemFree:         1357340 kB
MemAvailable:    1544308 kB
Buffers:           44612 kB
Cached:           271964 kB
MemTotal:        1844596 kB
MemFree:         1356092 kB
MemAvailable:    1543060 kB
Buffers:           44612 kB
Cached:           271964 kB
MemTotal:        1844596 kB
MemFree:         1358612 kB
MemAvailable:    1545580 kB
Buffers:           44612 kB
Cached:           271964 kB
MemTotal:        1844596 kB
MemFree:         1358736 kB
MemAvailable:    1545704 kB
Buffers:           44612 kB
Cached:           271964 kB
MemTotal:        1844596 kB
MemFree:         1357888 kB
MemAvailable:    1544856 kB
Buffers:           44612 kB
Cached:           271964 kB
MemTotal:        1844596 kB
MemFree:         1357020 kB
MemAvailable:    1543988 kB
Buffers:           44612 kB
Cached:           271964 kB
MemTotal:        1844596 kB
MemFree:         1354788 kB
MemAvailable:    1541756 kB
Buffers:           44612 kB
Cached:           271964 kB
MemTotal:        1844596 kB
MemFree:         1353780 kB
MemAvailable:    1540748 kB
Buffers:           44612 kB
Cached:           271964 kB
MemTotal:        1844596 kB
MemFree:         1354160 kB
MemAvailable:    1541128 kB
Buffers:           44612 kB
Cached:           271964 kB
MemTotal:        1844596 kB
MemFree:         1354268 kB
MemAvailable:    1541236 kB
Buffers:           44612 kB
Cached:           271964 kB
MemTotal:        1844596 kB
MemFree:         1354036 kB
MemAvailable:    1541004 kB
Buffers:           44612 kB
Cached:           271964 kB
MemTotal:        1844596 kB
MemFree:         1352608 kB
MemAvailable:    1539576 kB
Buffers:           44612 kB
Cached:           271964 kB
MemTotal:        1844596 kB
MemFree:         1352184 kB
MemAvailable:    1539152 kB
Buffers:           44612 kB
Cached:           271964 kB
MemTotal:        1844596 kB
MemFree:         1353284 kB
MemAvailable:    1540252 kB
Buffers:           44612 kB
Cached:           271964 kB
MemTotal:        1844596 kB
MemFree:         1353536 kB
MemAvailable:    1540504 kB
Buffers:           44612 kB
Cached:           271964 kB
MemTotal:        1844596 kB
MemFree:         1353228 kB
MemAvailable:    1540196 kB
Buffers:           44612 kB
Cached:           271964 kB
MemTotal:        1844596 kB
MemFree:         1352796 kB
MemAvailable:    1539764 kB
Buffers:           44612 kB
Cached:           271964 kB
MemTotal:        1844596 kB
MemFree:         1351864 kB
MemAvailable:    1538832 kB
Buffers:           44612 kB
Cached:           271964 kB
MemTotal:        1844596 kB
MemFree:         1352916 kB
MemAvailable:    1539884 kB
Buffers:           44612 kB
Cached:           271964 kB
MemTotal:        1844596 kB
MemFree:         1351608 kB
MemAvailable:    1538576 kB
Buffers:           44612 kB
Cached:           271964 kB
MemTotal:        1844596 kB
MemFree:         1351440 kB
MemAvailable:    1538408 kB
Buffers:           44612 kB
Cached:           271964 kB
MemTotal:        1844596 kB
MemFree:         1351440 kB
MemAvailable:    1538408 kB
Buffers:           44612 kB
Cached:           271964 kB
MemTotal:        1844596 kB
MemFree:         1350796 kB
MemAvailable:    1537764 kB
Buffers:           44612 kB
Cached:           271964 kB
MemTotal:        1844596 kB
MemFree:         1352148 kB
MemAvailable:    1539116 kB
Buffers:           44612 kB
Cached:           271964 kB
MemTotal:        1844596 kB
MemFree:         1350944 kB
MemAvailable:    1537912 kB
Buffers:           44612 kB
Cached:           271964 kB
MemTotal:        1844596 kB
MemFree:         1350896 kB
MemAvailable:    1537864 kB
Buffers:           44612 kB
Cached:           271964 kB
MemTotal:        1844596 kB
MemFree:         1352168 kB
MemAvailable:    1539136 kB
Buffers:           44612 kB
Cached:           271964 kB
MemTotal:        1844596 kB
MemFree:         1352168 kB
MemAvailable:    1539136 kB
Buffers:           44612 kB
Cached:           271964 kB
MemTotal:        1844596 kB
MemFree:         1350680 kB
MemAvailable:    1537648 kB
Buffers:           44612 kB
Cached:           271964 kB
MemTotal:        1844596 kB
MemFree:         1351012 kB
MemAvailable:    1537980 kB
Buffers:           44612 kB
Cached:           271964 kB
MemTotal:        1844596 kB
MemFree:         1350880 kB
MemAvailable:    1537848 kB
Buffers:           44612 kB
Cached:           271964 kB
MemTotal:        1844596 kB
MemFree:         1352140 kB
MemAvailable:    1539108 kB
Buffers:           44612 kB
Cached:           271964 kB
MemTotal:        1844596 kB
MemFree:         1352224 kB
MemAvailable:    1539192 kB
Buffers:           44612 kB
Cached:           271964 kB
MemTotal:        1844596 kB
MemFree:         1351796 kB
MemAvailable:    1538764 kB
Buffers:           44612 kB
Cached:           271964 kB
MemTotal:        1844596 kB
MemFree:         1352048 kB
MemAvailable:    1539016 kB
Buffers:           44612 kB
Cached:           271964 kB
MemTotal:        1844596 kB
MemFree:         1350440 kB
MemAvailable:    1537408 kB
Buffers:           44612 kB
Cached:           271964 kB
MemTotal:        1844596 kB
MemFree:         1351624 kB
MemAvailable:    1538592 kB
Buffers:           44612 kB
Cached:           271964 kB
MemTotal:        1844596 kB
MemFree:         1350572 kB
MemAvailable:    1537540 kB
Buffers:           44612 kB
Cached:           271964 kB
MemTotal:        1844596 kB
MemFree:         1351376 kB
MemAvailable:    1538348 kB
Buffers:           44612 kB
Cached:           271968 kB
MemTotal:        1844596 kB
MemFree:         1350324 kB
MemAvailable:    1537296 kB
Buffers:           44612 kB
Cached:           271968 kB
MemTotal:        1844596 kB
MemFree:         1351040 kB
MemAvailable:    1538012 kB
Buffers:           44612 kB
Cached:           271968 kB
MemTotal:        1844596 kB
MemFree:         1351124 kB
MemAvailable:    1538096 kB
Buffers:           44612 kB
Cached:           271968 kB
MemTotal:        1844596 kB
MemFree:         1349896 kB
MemAvailable:    1536868 kB
Buffers:           44612 kB
Cached:           271968 kB
MemTotal:        1844596 kB
MemFree:         1351196 kB
MemAvailable:    1538168 kB
Buffers:           44612 kB
Cached:           271968 kB
MemTotal:        1844596 kB
MemFree:         1351184 kB
MemAvailable:    1538156 kB
Buffers:           44612 kB
Cached:           271968 kB
MemTotal:        1844596 kB
MemFree:         1351436 kB
MemAvailable:    1538408 kB
Buffers:           44612 kB
Cached:           271968 kB
MemTotal:        1844596 kB
MemFree:         1351296 kB
MemAvailable:    1538268 kB
Buffers:           44612 kB
Cached:           271968 kB
MemTotal:        1844596 kB
MemFree:         1350260 kB
MemAvailable:    1537232 kB
Buffers:           44612 kB
Cached:           271968 kB
MemTotal:        1844596 kB
MemFree:         1347968 kB
MemAvailable:    1534940 kB
Buffers:           44612 kB
Cached:           271968 kB
MemTotal:        1844596 kB
MemFree:         1346788 kB
MemAvailable:    1533760 kB
Buffers:           44612 kB
Cached:           271968 kB
MemTotal:        1844596 kB
MemFree:         1343248 kB
MemAvailable:    1530220 kB
Buffers:           44612 kB
Cached:           271968 kB
MemTotal:        1844596 kB
MemFree:         1342504 kB
MemAvailable:    1529476 kB
Buffers:           44612 kB
Cached:           271968 kB
MemTotal:        1844596 kB
MemFree:         1343608 kB
MemAvailable:    1530580 kB
Buffers:           44612 kB
Cached:           271968 kB
MemTotal:        1844596 kB
MemFree:         1342264 kB
MemAvailable:    1529236 kB
Buffers:           44612 kB
Cached:           271968 kB
MemTotal:        1844596 kB
MemFree:         1343380 kB
MemAvailable:    1530352 kB
Buffers:           44612 kB
Cached:           271968 kB
MemTotal:        1844596 kB
MemFree:         1343568 kB
MemAvailable:    1530540 kB
Buffers:           44612 kB
Cached:           271968 kB
MemTotal:        1844596 kB
MemFree:         1343268 kB
MemAvailable:    1530240 kB
Buffers:           44612 kB
Cached:           271968 kB
MemTotal:        1844596 kB
MemFree:         1343264 kB
MemAvailable:    1530236 kB
Buffers:           44612 kB
Cached:           271968 kB
MemTotal:        1844596 kB
MemFree:         1342264 kB
MemAvailable:    1529236 kB
Buffers:           44612 kB
Cached:           271968 kB
MemTotal:        1844596 kB
MemFree:         1343096 kB
MemAvailable:    1530068 kB
Buffers:           44612 kB
Cached:           271968 kB
MemTotal:        1844596 kB
MemFree:         1341748 kB
MemAvailable:    1528720 kB
Buffers:           44612 kB
Cached:           271968 kB
MemTotal:        1844596 kB
MemFree:         1343116 kB
MemAvailable:    1530088 kB
Buffers:           44612 kB
Cached:           271968 kB
MemTotal:        1844596 kB
MemFree:         1343368 kB
MemAvailable:    1530340 kB
Buffers:           44612 kB
Cached:           271968 kB
MemTotal:        1844596 kB
MemFree:         1343220 kB
MemAvailable:    1530192 kB
Buffers:           44612 kB
Cached:           271968 kB
MemTotal:        1844596 kB
MemFree:         1343472 kB
MemAvailable:    1530444 kB
Buffers:           44612 kB
Cached:           271968 kB
MemTotal:        1844596 kB
MemFree:         1341944 kB
MemAvailable:    1528916 kB
Buffers:           44612 kB
Cached:           271968 kB
MemTotal:        1844596 kB
MemFree:         1343248 kB
MemAvailable:    1530220 kB
Buffers:           44612 kB
Cached:           271968 kB
MemTotal:        1844596 kB
MemFree:         1343056 kB
MemAvailable:    1530028 kB
Buffers:           44612 kB
Cached:           271968 kB
MemTotal:        1844596 kB
MemFree:         1341644 kB
MemAvailable:    1528616 kB
Buffers:           44612 kB
Cached:           271968 kB
MemTotal:        1844596 kB
MemFree:         1342228 kB
MemAvailable:    1529200 kB
Buffers:           44612 kB
Cached:           271968 kB
MemTotal:        1844596 kB
MemFree:         1342564 kB
MemAvailable:    1529536 kB
Buffers:           44612 kB
Cached:           271968 kB
MemTotal:        1844596 kB
MemFree:         1342016 kB
MemAvailable:    1528988 kB
Buffers:           44612 kB
Cached:           271968 kB
MemTotal:        1844596 kB
MemFree:         1340784 kB
MemAvailable:    1527756 kB
Buffers:           44612 kB
Cached:           271968 kB
MemTotal:        1844596 kB
MemFree:         1341380 kB
MemAvailable:    1528356 kB
Buffers:           44612 kB
Cached:           271972 kB
MemTotal:        1844596 kB
MemFree:         1341632 kB
MemAvailable:    1528608 kB
Buffers:           44612 kB
Cached:           271972 kB
MemTotal:        1844596 kB
MemFree:         1339536 kB
MemAvailable:    1526512 kB
Buffers:           44612 kB
Cached:           271972 kB
MemTotal:        1844596 kB
MemFree:         1340396 kB
MemAvailable:    1527376 kB
Buffers:           44612 kB
Cached:           271976 kB
MemTotal:        1844596 kB
MemFree:         1340480 kB
MemAvailable:    1527460 kB
Buffers:           44612 kB
Cached:           271976 kB
MemTotal:        1844596 kB
MemFree:         1339776 kB
MemAvailable:    1526756 kB
Buffers:           44612 kB
Cached:           271976 kB
MemTotal:        1844596 kB
MemFree:         1340112 kB
MemAvailable:    1527092 kB
Buffers:           44612 kB
Cached:           271976 kB
MemTotal:        1844596 kB
MemFree:         1339528 kB
MemAvailable:    1526508 kB
Buffers:           44612 kB
Cached:           271976 kB
MemTotal:        1844596 kB
MemFree:         1339528 kB
MemAvailable:    1526508 kB
Buffers:           44612 kB
Cached:           271976 kB
MemTotal:        1844596 kB
MemFree:         1338164 kB
MemAvailable:    1525144 kB
Buffers:           44612 kB
Cached:           271976 kB
MemTotal:        1844596 kB
MemFree:         1339340 kB
MemAvailable:    1526320 kB
Buffers:           44612 kB
Cached:           271976 kB
MemTotal:        1844596 kB
MemFree:         1339340 kB
MemAvailable:    1526320 kB
Buffers:           44612 kB
Cached:           271976 kB
MemTotal:        1844596 kB
MemFree:         1339508 kB
MemAvailable:    1526488 kB
Buffers:           44612 kB
Cached:           271976 kB
MemTotal:        1844596 kB
MemFree:         1339292 kB
MemAvailable:    1526272 kB
Buffers:           44612 kB
Cached:           271976 kB
MemTotal:        1844596 kB
MemFree:         1339212 kB
MemAvailable:    1526192 kB
Buffers:           44612 kB
Cached:           271976 kB
MemTotal:        1844596 kB
MemFree:         1339464 kB
MemAvailable:    1526444 kB
Buffers:           44612 kB
Cached:           271976 kB
MemTotal:        1844596 kB
MemFree:         1338160 kB
MemAvailable:    1525140 kB
Buffers:           44612 kB
Cached:           271976 kB
MemTotal:        1844596 kB
MemFree:         1339108 kB
MemAvailable:    1526088 kB
Buffers:           44612 kB
Cached:           271976 kB
MemTotal:        1844596 kB
MemFree:         1338908 kB
MemAvailable:    1525888 kB
Buffers:           44612 kB
Cached:           271976 kB
MemTotal:        1844596 kB
MemFree:         1339120 kB
MemAvailable:    1526100 kB
Buffers:           44612 kB
Cached:           271976 kB
MemTotal:        1844596 kB
MemFree:         1331608 kB
MemAvailable:    1518588 kB
Buffers:           44612 kB
Cached:           271976 kB
MemTotal:        1844596 kB
MemFree:         1331412 kB
MemAvailable:    1518392 kB
Buffers:           44612 kB
Cached:           271976 kB
MemTotal:        1844596 kB
MemFree:         1330120 kB
MemAvailable:    1517184 kB
Buffers:           44612 kB
Cached:           272100 kB
MemTotal:        1844596 kB
MemFree:         1331172 kB
MemAvailable:    1518404 kB
Buffers:           44612 kB
Cached:           272224 kB
MemTotal:        1844596 kB
MemFree:         1330832 kB
MemAvailable:    1518232 kB
Buffers:           44612 kB
Cached:           272348 kB
MemTotal:        1844596 kB
MemFree:         1330832 kB
MemAvailable:    1518232 kB
Buffers:           44612 kB
Cached:           272348 kB
MemTotal:        1844596 kB
MemFree:         1330452 kB
MemAvailable:    1518020 kB
Buffers:           44612 kB
Cached:           272472 kB
MemTotal:        1844596 kB
MemFree:         1330704 kB
MemAvailable:    1518272 kB
Buffers:           44612 kB
Cached:           272472 kB
MemTotal:        1844596 kB
MemFree:         1330604 kB
MemAvailable:    1518172 kB
Buffers:           44612 kB
Cached:           272472 kB
MemTotal:        1844596 kB
MemFree:         1330492 kB
MemAvailable:    1518060 kB
Buffers:           44612 kB
Cached:           272596 kB
MemTotal:        1844596 kB
MemFree:         1329748 kB
MemAvailable:    1517316 kB
Buffers:           44612 kB
Cached:           272596 kB
MemTotal:        1844596 kB
MemFree:         1330480 kB
MemAvailable:    1518048 kB
Buffers:           44612 kB
Cached:           272596 kB
MemTotal:        1844596 kB
MemFree:         1329108 kB
MemAvailable:    1516676 kB
Buffers:           44612 kB
Cached:           272596 kB
MemTotal:        1844596 kB
MemFree:         1329192 kB
MemAvailable:    1516760 kB
Buffers:           44612 kB
Cached:           272596 kB
MemTotal:        1844596 kB
MemFree:         1329060 kB
MemAvailable:    1516628 kB
Buffers:           44612 kB
Cached:           272596 kB
MemTotal:        1844596 kB
MemFree:         1330668 kB
MemAvailable:    1517648 kB
Buffers:           44612 kB
Cached:           272004 kB
MemTotal:        1844596 kB
MemFree:         1330804 kB
MemAvailable:    1517784 kB
Buffers:           44612 kB
Cached:           272004 kB
