MemTotal:        1844596 kB
MemFree:         1194712 kB
MemAvailable:    1542476 kB
Buffers:           61276 kB
Cached:           401856 kB
MemTotal:        1844596 kB
MemFree:         1192604 kB
MemAvailable:    1540368 kB
Buffers:           61276 kB
Cached:           401856 kB
MemTotal:        1844596 kB
MemFree:         1192356 kB
MemAvailable:    1540120 kB
Buffers:           61276 kB
Cached:           401856 kB
MemTotal:        1844596 kB
MemFree:         1191736 kB
MemAvailable:    1539500 kB
Buffers:           61276 kB
Cached:           401856 kB
MemTotal:        1844596 kB
MemFree:         1190496 kB
MemAvailable:    1538260 kB
Buffers:           61276 kB
Cached:           401856 kB
MemTotal:        1844596 kB
MemFree:         1189008 kB
MemAvailable:    1536772 kB
Buffers:           61276 kB
Cached:           401856 kB
MemTotal:        1844596 kB
MemFree:         1188132 kB
MemAvailable:    1535896 kB
Buffers:           61276 kB
Cached:           401856 kB
MemTotal:        1844596 kB
MemFree:         1186836 kB
MemAvailable:    1534600 kB
Buffers:           61276 kB
Cached:           401856 kB
MemTotal:        1844596 kB
MemFree:         1184784 kB
MemAvailable:    1532548 kB
Buffers:           61276 kB
Cached:           401856 kB
MemTotal:        1844596 kB
MemFree:         1180064 kB
MemAvailable:    1527828 kB
Buffers:           61276 kB
Cached:           401856 kB
MemTotal:        1844596 kB
MemFree:         1179336 kB
MemAvailable:    1527100 kB
Buffers:           61276 kB
Cached:           401856 kB
MemTotal:        1844596 kB
MemFree:         1180312 kB
MemAvailable:    1528076 kB
Buffers:           61276 kB
Cached:           401856 kB
MemTotal:        1844596 kB
MemFree:         1180564 kB
MemAvailable:    1528328 kB
Buffers:           61276 kB
Cached:           401856 kB
MemTotal:        1844596 kB
MemFree:         1180416 kB
MemAvailable:    1528180 kB
Buffers:           61276 kB
Cached:           401856 kB
MemTotal:        1844596 kB
MemFree:         1180416 kB
MemAvailable:    1528180 kB
Buffers:           61276 kB
Cached:           401856 kB
MemTotal:        1844596 kB
MemFree:         1180240 kB
MemAvailable:    1528004 kB
Buffers:           61276 kB
Cached:           401856 kB
MemTotal:        1844596 kB
MemFree:         1180408 kB
MemAvailable:    1528172 kB
Buffers:           61276 kB
Cached:           401856 kB
MemTotal:        1844596 kB
MemFree:         1178808 kB
MemAvailable:    1526572 kB
Buffers:           61276 kB
Cached:           401856 kB
MemTotal:        1844596 kB
MemFree:         1179584 kB
MemAvailable:    1527348 kB
Buffers:           61276 kB
Cached:           401856 kB
MemTotal:        1844596 kB
MemFree:         1178528 kB
MemAvailable:    1526292 kB
Buffers:           61276 kB
Cached:           401856 kB
MemTotal:        1844596 kB
MemFree:         1176848 kB
MemAvailable:    1524612 kB
Buffers:           61276 kB
Cached:           401856 kB
MemTotal:        1844596 kB
MemFree:         1176972 kB
MemAvailable:    1524736 kB
Buffers:           61276 kB
Cached:           401856 kB
MemTotal:        1844596 kB
MemFree:         1178024 kB
MemAvailable:    1525788 kB
Buffers:           61276 kB
Cached:           401856 kB
MemTotal:        1844596 kB
MemFree:         1177916 kB
MemAvailable:    1525680 kB
Buffers:           61276 kB
Cached:           401856 kB
MemTotal:        1844596 kB
MemFree:         1176716 kB
MemAvailable:    1524480 kB
Buffers:           61276 kB
Cached:           401856 kB
MemTotal:        1844596 kB
MemFree:         1176716 kB
MemAvailable:    1524480 kB
Buffers:           61276 kB
Cached:           401856 kB
MemTotal:        1844596 kB
MemFree:         1176840 kB
MemAvailable:    1524604 kB
Buffers:           61276 kB
Cached:           401856 kB
MemTotal:        1844596 kB
MemFree:         1178016 kB
MemAvailable:    1525780 kB
Buffers:           61276 kB
Cached:           401856 kB
MemTotal:        1844596 kB
MemFree:         1176832 kB
MemAvailable:    1524596 kB
Buffers:           61276 kB
Cached:           401856 kB
MemTotal:        1844596 kB
MemFree:         1179248 kB
MemAvailable:    1527012 kB
Buffers:           61276 kB
Cached:           401856 kB
MemTotal:        1844596 kB
MemFree:         1177848 kB
MemAvailable:    1525612 kB
Buffers:           61276 kB
Cached:           401856 kB
MemTotal:        1844596 kB
MemFree:         1176484 kB
MemAvailable:    1524248 kB
Buffers:           61276 kB
Cached:           401856 kB
MemTotal:        1844596 kB
MemFree:         1175716 kB
MemAvailable:    1523480 kB
Buffers:           61276 kB
Cached:           401856 kB
MemTotal:        1844596 kB
MemFree:         1175360 kB
MemAvailable:    1523124 kB
Buffers:           61276 kB
Cached:           401856 kB
MemTotal:        1844596 kB
MemFree:         1175104 kB
MemAvailable:    1522868 kB
Buffers:           61276 kB
Cached:           401856 kB
MemTotal:        1844596 kB
MemFree:         1175104 kB
MemAvailable:    1522868 kB
Buffers:           61276 kB
Cached:           401856 kB
MemTotal:        1844596 kB
MemFree:         1174792 kB
MemAvailable:    1522556 kB
Buffers:           61276 kB
Cached:           401856 kB
MemTotal:        1844596 kB
MemFree:         1174684 kB
MemAvailable:    1522448 kB
Buffers:           61276 kB
Cached:           401856 kB
MemTotal:        1844596 kB
MemFree:         1172764 kB
MemAvailable:    1520528 kB
Buffers:           61276 kB
Cached:           401856 kB
MemTotal:        1844596 kB
MemFree:         1172764 kB
MemAvailable:    1520528 kB
Buffers:           61276 kB
Cached:           401856 kB
MemTotal:        1844596 kB
MemFree:         1173012 kB
MemAvailable:    1520776 kB
Buffers:           61276 kB
Cached:           401856 kB
MemTotal:        1844596 kB
MemFree:         1172640 kB
MemAvailable:    1520404 kB
Buffers:           61276 kB
Cached:           401856 kB
MemTotal:        1844596 kB
MemFree:         1173580 kB
MemAvailable:    1521344 kB
Buffers:           61276 kB
Cached:           401856 kB
MemTotal:        1844596 kB
MemFree:         1173624 kB
MemAvailable:    1521388 kB
Buffers:           61276 kB
Cached:           401856 kB
MemTotal:        1844596 kB
MemFree:         1172316 kB
MemAvailable:    1520080 kB
Buffers:           61276 kB
Cached:           401856 kB
MemTotal:        1844596 kB
MemFree:         1173284 kB
MemAvailable:    1521048 kB
Buffers:           61276 kB
Cached:           401856 kB
MemTotal:        1844596 kB
MemFree:         1173284 kB
MemAvailable:    1521048 kB
Buffers:           61276 kB
Cached:           401856 kB
MemTotal:        1844596 kB
MemFree:         1172724 kB
MemAvailable:    1520488 kB
Buffers:           61276 kB
Cached:           401856 kB
MemTotal:        1844596 kB
MemFree:         1172952 kB
MemAvailable:    1520716 kB
Buffers:           61276 kB
Cached:           401856 kB
MemTotal:        1844596 kB
MemFree:         1171632 kB
MemAvailable:    1519396 kB
Buffers:           61276 kB
Cached:           401856 kB
MemTotal:        1844596 kB
MemFree:         1171384 kB
MemAvailable:    1519148 kB
Buffers:           61276 kB
Cached:           401856 kB
MemTotal:        1844596 kB
MemFree:         1171872 kB
MemAvailable:    1519636 kB
Buffers:           61276 kB
Cached:           401856 kB
MemTotal:        1844596 kB
MemFree:         1171632 kB
MemAvailable:    1519396 kB
Buffers:           61276 kB
Cached:           401856 kB
MemTotal:        1844596 kB
MemFree:         1171524 kB
MemAvailable:    1519288 kB
Buffers:           61276 kB
Cached:           401856 kB
MemTotal:        1844596 kB
MemFree:         1172952 kB
MemAvailable:    1520720 kB
Buffers:           61276 kB
Cached:           401860 kB
MemTotal:        1844596 kB
MemFree:         1172824 kB
MemAvailable:    1520592 kB
Buffers:           61276 kB
Cached:           401860 kB
MemTotal:        1844596 kB
MemFree:         1171780 kB
MemAvailable:    1519548 kB
Buffers:           61276 kB
Cached:           401860 kB
MemTotal:        1844596 kB
MemFree:         1172700 kB
MemAvailable:    1520472 kB
Buffers:           61276 kB
Cached:           401864 kB
MemTotal:        1844596 kB
MemFree:         1172244 kB
MemAvailable:    1520016 kB
Buffers:           61276 kB
Cached:           401864 kB
MemTotal:        1844596 kB
MemFree:         1172244 kB
MemAvailable:    1520016 kB
Buffers:           61276 kB
Cached:           401864 kB
MemTotal:        1844596 kB
MemFree:         1170968 kB
MemAvailable:    1518740 kB
Buffers:           61276 kB
Cached:           401864 kB
MemTotal:        1844596 kB
MemFree:         1170844 kB
MemAvailable:    1518616 kB
Buffers:           61276 kB
Cached:           401864 kB
MemTotal:        1844596 kB
MemFree:         1172292 kB
MemAvailable:    1520064 kB
Buffers:           61276 kB
Cached:           401864 kB
MemTotal:        1844596 kB
MemFree:         1171708 kB
MemAvailable:    1519480 kB
Buffers:           61276 kB
Cached:           401864 kB
MemTotal:        1844596 kB
MemFree:         1171964 kB
MemAvailable:    1519736 kB
Buffers:           61276 kB
Cached:           401864 kB
MemTotal:        1844596 kB
MemFree:         1171736 kB
MemAvailable:    1519508 kB
Buffers:           61276 kB
Cached:           401864 kB
MemTotal:        1844596 kB
MemFree:         1171968 kB
MemAvailable:    1519740 kB
Buffers:           61276 kB
Cached:           401864 kB
MemTotal:        1844596 kB
MemFree:         1170352 kB
MemAvailable:    1518124 kB
Buffers:           61276 kB
Cached:           401864 kB
MemTotal:        1844596 kB
MemFree:         1172008 kB
MemAvailable:    1519780 kB
Buffers:           61276 kB
Cached:           401864 kB
MemTotal:        1844596 kB
MemFree:         1170596 kB
MemAvailable:    1518368 kB
Buffers:           61276 kB
Cached:           401864 kB
MemTotal:        1844596 kB
MemFree:         1171580 kB
MemAvailable:    1519352 kB
Buffers:           61276 kB
Cached:           401864 kB
MemTotal:        1844596 kB
MemFree:         1171640 kB
MemAvailable:    1519412 kB
Buffers:           61276 kB
Cached:           401864 kB
MemTotal:        1844596 kB
MemFree:         1171028 kB
MemAvailable:    1518800 kB
Buffers:           61276 kB
Cached:           401864 kB
MemTotal:        1844596 kB
MemFree:         1171528 kB
MemAvailable:    1519300 kB
Buffers:           61276 kB
Cached:           401864 kB
MemTotal:        1844596 kB
MemFree:         1170160 kB
MemAvailable:    1517932 kB
Buffers:           61276 kB
Cached:           401864 kB
MemTotal:        1844596 kB
MemFree:         1168920 kB
MemAvailable:    1516692 kB
Buffers:           61276 kB
Cached:           401864 kB
MemTotal:        1844596 kB
MemFree:         1166068 kB
MemAvailable:    1513840 kB
Buffers:           61276 kB
Cached:           401864 kB
MemTotal:        1844596 kB
MemFree:         1164268 kB
MemAvailable:    1512040 kB
Buffers:           61276 kB
Cached:           401864 kB
MemTotal:        1844596 kB
MemFree:         1163216 kB
MemAvailable:    1510988 kB
Buffers:           61276 kB
Cached:           401864 kB
MemTotal:        1844596 kB
MemFree:         1163880 kB
MemAvailable:    1511652 kB
Buffers:           61276 kB
Cached:           401864 kB
MemTotal:        1844596 kB
MemFree:         1163880 kB
MemAvailable:    1511652 kB
Buffers:           61276 kB
Cached:           401864 kB
MemTotal:        1844596 kB
MemFree:         1163800 kB
MemAvailable:    1511572 kB
Buffers:           61276 kB
Cached:           401864 kB
MemTotal:        1844596 kB
MemFree:         1163800 kB
MemAvailable:    1511572 kB
Buffers:           61276 kB
Cached:           401864 kB
MemTotal:        1844596 kB
MemFree:         1162680 kB
MemAvailable:    1510452 kB
Buffers:           61276 kB
Cached:           401864 kB
MemTotal:        1844596 kB
MemFree:         1163912 kB
MemAvailable:    1511684 kB
Buffers:           61276 kB
Cached:           401864 kB
MemTotal:        1844596 kB
MemFree:         1162416 kB
MemAvailable:    1510188 kB
Buffers:           61276 kB
Cached:           401864 kB
MemTotal:        1844596 kB
MemFree:         1162672 kB
MemAvailable:    1510444 kB
Buffers:           61276 kB
Cached:           401864 kB
MemTotal:        1844596 kB
MemFree:         1163820 kB
MemAvailable:    1511592 kB
Buffers:           61276 kB
Cached:           401864 kB
MemTotal:        1844596 kB
MemFree:         1163904 kB
MemAvailable:    1511676 kB
Buffers:           61276 kB
Cached:           401864 kB
MemTotal:        1844596 kB
MemFree:         1163800 kB
MemAvailable:    1511572 kB
Buffers:           61276 kB
Cached:           401864 kB
MemTotal:        1844596 kB
MemFree:         1164052 kB
MemAvailable:    1511824 kB
Buffers:           61276 kB
Cached:           401864 kB
MemTotal:        1844596 kB
MemFree:         1163764 kB
MemAvailable:    1511536 kB
Buffers:           61276 kB
Cached:           401864 kB
MemTotal:        1844596 kB
MemFree:         1164016 kB
MemAvailable:    1511788 kB
Buffers:           61276 kB
Cached:           401864 kB
MemTotal:        1844596 kB
MemFree:         1163616 kB
MemAvailable:    1511388 kB
Buffers:           61276 kB
Cached:           401864 kB
MemTotal:        1844596 kB
MemFree:         1163616 kB
MemAvailable:    1511388 kB
Buffers:           61276 kB
Cached:           401864 kB
MemTotal:        1844596 kB
MemFree:         1163192 kB
MemAvailable:    1510964 kB
Buffers:           61276 kB
Cached:           401864 kB
MemTotal:        1844596 kB
MemFree:         1162780 kB
MemAvailable:    1510552 kB
Buffers:           61276 kB
Cached:           401864 kB
MemTotal:        1844596 kB
MemFree:         1161728 kB
MemAvailable:    1509376 kB
Buffers:           61276 kB
Cached:           401864 kB
MemTotal:        1844596 kB
MemFree:         1162276 kB
MemAvailable:    1510048 kB
Buffers:           61276 kB
Cached:           401864 kB
MemTotal:        1844596 kB
MemFree:         1162528 kB
MemAvailable:    1510300 kB
Buffers:           61276 kB
Cached:           401864 kB
MemTotal:        1844596 kB
MemFree:         1160656 kB
MemAvailable:    1508428 kB
Buffers:           61276 kB
Cached:           401864 kB
MemTotal:        1844596 kB
MemFree:         1160532 kB
MemAvailable:    1508304 kB
Buffers:           61276 kB
Cached:           401864 kB
MemTotal:        1844596 kB
MemFree:         1159728 kB
MemAvailable:    1507500 kB
Buffers:           61276 kB
Cached:           401864 kB
MemTotal:        1844596 kB
MemFree:         1159484 kB
MemAvailable:    1507256 kB
Buffers:           61276 kB
Cached:           401864 kB
MemTotal:        1844596 kB
MemFree:         1159692 kB
MemAvailable:    1507464 kB
Buffers:           61276 kB
Cached:           401864 kB
MemTotal:        1844596 kB
MemFree:         1159444 kB
MemAvailable:    1507216 kB
Buffers:           61276 kB
Cached:           401864 kB
MemTotal:        1844596 kB
MemFree:         1160216 kB
MemAvailable:    1507992 kB
Buffers:           61276 kB
Cached:           401868 kB
MemTotal:        1844596 kB
MemFree:         1160468 kB
MemAvailable:    1508244 kB
Buffers:           61276 kB
Cached:           401868 kB
MemTotal:        1844596 kB
MemFree:         1159844 kB
MemAvailable:    1507620 kB
Buffers:           61276 kB
Cached:           401868 kB
MemTotal:        1844596 kB
MemFree:         1160180 kB
MemAvailable:    1507956 kB
Buffers:           61276 kB
Cached:           401868 kB
MemTotal:        1844596 kB
MemFree:         1160004 kB
MemAvailable:    1507780 kB
Buffers:           61276 kB
Cached:           401868 kB
MemTotal:        1844596 kB
MemFree:         1159916 kB
MemAvailable:    1507692 kB
Buffers:           61276 kB
Cached:           401868 kB
MemTotal:        1844596 kB
MemFree:         1159916 kB
MemAvailable:    1507692 kB
Buffers:           61276 kB
Cached:           401868 kB
MemTotal:        1844596 kB
MemFree:         1159868 kB
MemAvailable:    1507644 kB
Buffers:           61276 kB
Cached:           401868 kB
MemTotal:        1844596 kB
MemFree:         1158688 kB
MemAvailable:    1506464 kB
Buffers:           61276 kB
Cached:           401868 kB
MemTotal:        1844596 kB
MemFree:         1159196 kB
MemAvailable:    1506972 kB
Buffers:           61276 kB
Cached:           401868 kB
MemTotal:        1844596 kB
MemFree:         1159992 kB
MemAvailable:    1507768 kB
Buffers:           61276 kB
Cached:           401868 kB
MemTotal:        1844596 kB
MemFree:         1159880 kB
MemAvailable:    1507656 kB
Buffers:           61276 kB
Cached:           401868 kB
MemTotal:        1844596 kB
MemFree:         1158504 kB
MemAvailable:    1506280 kB
Buffers:           61276 kB
Cached:           401868 kB
MemTotal:        1844596 kB
MemFree:         1159308 kB
MemAvailable:    1507084 kB
Buffers:           61276 kB
Cached:           401868 kB
MemTotal:        1844596 kB
MemFree:         1151132 kB
MemAvailable:    1498908 kB
Buffers:           61276 kB
Cached:           401868 kB
MemTotal:        1844596 kB
MemFree:         1150196 kB
MemAvailable:    1497972 kB
Buffers:           61276 kB
Cached:           401868 kB
MemTotal:        1844596 kB
MemFree:         1150504 kB
MemAvailable:    1498280 kB
Buffers:           61276 kB
Cached:           401868 kB
MemTotal:        1844596 kB
MemFree:         1148560 kB
MemAvailable:    1496504 kB
Buffers:           61276 kB
Cached:           402116 kB
MemTotal:        1844596 kB
MemFree:         1150492 kB
MemAvailable:    1498436 kB
Buffers:           61276 kB
Cached:           402116 kB
MemTotal:        1844596 kB
MemFree:         1150032 kB
MemAvailable:    1498060 kB
Buffers:           61276 kB
Cached:           402240 kB
MemTotal:        1844596 kB
MemFree:         1150284 kB
MemAvailable:    1498312 kB
Buffers:           61276 kB
Cached:           402240 kB
MemTotal:        1844596 kB
MemFree:         1149984 kB
MemAvailable:    1498180 kB
Buffers:           61276 kB
Cached:           402364 kB
MemTotal:        1844596 kB
MemFree:         1148552 kB
MemAvailable:    1496748 kB
Buffers:           61276 kB
Cached:           402488 kB
MemTotal:        1844596 kB
MemFree:         1149852 kB
MemAvailable:    1498132 kB
Buffers:           61276 kB
Cached:           402488 kB
MemTotal:        1844596 kB
MemFree:         1149212 kB
MemAvailable:    1497492 kB
Buffers:           61276 kB
Cached:           402488 kB
MemTotal:        1844596 kB
MemFree:         1149512 kB
MemAvailable:    1497876 kB
Buffers:           61276 kB
Cached:           402488 kB
MemTotal:        1844596 kB
MemFree:         1149764 kB
MemAvailable:    1498128 kB
Buffers:           61276 kB
Cached:           402488 kB
MemTotal:        1844596 kB
MemFree:         1149632 kB
MemAvailable:    1497996 kB
Buffers:           61276 kB
Cached:           402488 kB
MemTotal:        1844596 kB
MemFree:         1149204 kB
MemAvailable:    1497568 kB
Buffers:           61276 kB
Cached:           402488 kB
MemTotal:        1844596 kB
MemFree:         1149672 kB
MemAvailable:    1498036 kB
Buffers:           61276 kB
Cached:           402488 kB
MemTotal:        1844596 kB
MemFree:         1149896 kB
MemAvailable:    1498260 kB
Buffers:           61276 kB
Cached:           402488 kB
MemTotal:        1844596 kB
MemFree:         1148268 kB
MemAvailable:    1496632 kB
Buffers:           61276 kB
Cached:           402488 kB
MemTotal:        1844596 kB
MemFree:         1149924 kB
MemAvailable:    1497664 kB
Buffers:           61276 kB
Cached:           401828 kB
MemTotal:        1844596 kB
MemFree:         1148684 kB
MemAvailable:    1496468 kB
Buffers:           61276 kB
Cached:           401876 kB
MemTotal:        1844596 kB
MemFree:         1221264 kB
MemAvailable:    1569048 kB
Buffers:           61276 kB
Cached:           401876 kB
