MemTotal:        1844596 kB
MemFree:         1366256 kB
MemAvailable:    1561572 kB
Buffers:           45620 kB
Cached:           278564 kB
MemTotal:        1844596 kB
MemFree:         1364324 kB
MemAvailable:    1559640 kB
Buffers:           45620 kB
Cached:           278564 kB
MemTotal:        1844596 kB
MemFree:         1362148 kB
MemAvailable:    1557464 kB
Buffers:           45620 kB
Cached:           278564 kB
MemTotal:        1844596 kB
MemFree:         1362040 kB
MemAvailable:    1557356 kB
Buffers:           45620 kB
Cached:           278564 kB
MemTotal:        1844596 kB
MemFree:         1361984 kB
MemAvailable:    1557300 kB
Buffers:           45620 kB
Cached:           278564 kB
MemTotal:        1844596 kB
MemFree:         1360984 kB
MemAvailable:    1556300 kB
Buffers:           45620 kB
Cached:           278564 kB
MemTotal:        1844596 kB
MemFree:         1360304 kB
MemAvailable:    1555620 kB
Buffers:           45620 kB
Cached:           278564 kB
MemTotal:        1844596 kB
MemFree:         1359124 kB
MemAvailable:    1554440 kB
Buffers:           45620 kB
Cached:           278564 kB
MemTotal:        1844596 kB
MemFree:         1356460 kB
MemAvailable:    1551776 kB
Buffers:           45620 kB
Cached:           278564 kB
MemTotal:        1844596 kB
MemFree:         1354088 kB
MemAvailable:    1549404 kB
Buffers:           45620 kB
Cached:           278564 kB
MemTotal:        1844596 kB
MemFree:         1354088 kB
MemAvailable:    1549404 kB
Buffers:           45620 kB
Cached:           278564 kB
MemTotal:        1844596 kB
MemFree:         1350788 kB
MemAvailable:    1546104 kB
Buffers:           45620 kB
Cached:           278564 kB
MemTotal:        1844596 kB
MemFree:         1350776 kB
MemAvailable:    1546092 kB
Buffers:           45620 kB
Cached:           278564 kB
MemTotal:        1844596 kB
MemFree:         1351028 kB
MemAvailable:    1546344 kB
Buffers:           45620 kB
Cached:           278564 kB
MemTotal:        1844596 kB
MemFree:         1349800 kB
MemAvailable:    1545116 kB
Buffers:           45620 kB
Cached:           278564 kB
MemTotal:        1844596 kB
MemFree:         1349544 kB
MemAvailable:    1544860 kB
Buffers:           45620 kB
Cached:           278564 kB
MemTotal:        1844596 kB
MemFree:         1349668 kB
MemAvailable:    1544984 kB
Buffers:           45620 kB
Cached:           278564 kB
MemTotal:        1844596 kB
MemFree:         1349144 kB
MemAvailable:    1544460 kB
Buffers:           45620 kB
Cached:           278564 kB
MemTotal:        1844596 kB
MemFree:         1348756 kB
MemAvailable:    1544072 kB
Buffers:           45620 kB
Cached:           278564 kB
MemTotal:        1844596 kB
MemFree:         1348400 kB
MemAvailable:    1543716 kB
Buffers:           45620 kB
Cached:           278564 kB
MemTotal:        1844596 kB
MemFree:         1348508 kB
MemAvailable:    1543824 kB
Buffers:           45620 kB
Cached:           278564 kB
MemTotal:        1844596 kB
MemFree:         1347268 kB
MemAvailable:    1542584 kB
Buffers:           45620 kB
Cached:           278564 kB
MemTotal:        1844596 kB
MemFree:         1347264 kB
MemAvailable:    1542580 kB
Buffers:           45620 kB
Cached:           278564 kB
MemTotal:        1844596 kB
MemFree:         1347000 kB
MemAvailable:    1542316 kB
Buffers:           45620 kB
Cached:           278564 kB
MemTotal:        1844596 kB
MemFree:         1348308 kB
MemAvailable:    1543624 kB
Buffers:           45620 kB
Cached:           278564 kB
MemTotal:        1844596 kB
MemFree:         1348560 kB
MemAvailable:    1543876 kB
Buffers:           45620 kB
Cached:           278564 kB
MemTotal:        1844596 kB
MemFree:         1348196 kB
MemAvailable:    1543512 kB
Buffers:           45620 kB
Cached:           278564 kB
MemTotal:        1844596 kB
MemFree:         1347904 kB
MemAvailable:    1543220 kB
Buffers:           45620 kB
Cached:           278564 kB
MemTotal:        1844596 kB
MemFree:         1347160 kB
MemAvailable:    1542476 kB
Buffers:           45620 kB
Cached:           278564 kB
MemTotal:        1844596 kB
MemFree:         1349800 kB
MemAvailable:    1545116 kB
Buffers:           45620 kB
Cached:           278564 kB
MemTotal:        1844596 kB
MemFree:         1349268 kB
MemAvailable:    1544584 kB
Buffers:           45620 kB
Cached:           278564 kB
MemTotal:        1844596 kB
MemFree:         1348012 kB
MemAvailable:    1543328 kB
Buffers:           45620 kB
Cached:           278564 kB
MemTotal:        1844596 kB
MemFree:         1347780 kB
MemAvailable:    1543096 kB
Buffers:           45620 kB
Cached:           278564 kB
MemTotal:        1844596 kB
MemFree:         1344920 kB
MemAvailable:    1540236 kB
Buffers:           45620 kB
Cached:           278564 kB
MemTotal:        1844596 kB
MemFree:         1344788 kB
MemAvailable:    1540104 kB
Buffers:           45620 kB
Cached:           278564 kB
MemTotal:        1844596 kB
MemFree:         1345052 kB
MemAvailable:    1540368 kB
Buffers:           45620 kB
Cached:           278564 kB
MemTotal:        1844596 kB
MemFree:         1344052 kB
MemAvailable:    1539368 kB
Buffers:           45620 kB
Cached:           278564 kB
MemTotal:        1844596 kB
MemFree:         1345236 kB
MemAvailable:    1540552 kB
Buffers:           45620 kB
Cached:           278564 kB
MemTotal:        1844596 kB
MemFree:         1344432 kB
MemAvailable:    1539748 kB
Buffers:           45620 kB
Cached:           278564 kB
MemTotal:        1844596 kB
MemFree:         1343176 kB
MemAvailable:    1538492 kB
Buffers:           45620 kB
Cached:           278564 kB
MemTotal:        1844596 kB
MemFree:         1343060 kB
MemAvailable:    1538376 kB
Buffers:           45620 kB
Cached:           278564 kB
MemTotal:        1844596 kB
MemFree:         1344300 kB
MemAvailable:    1539616 kB
Buffers:           45620 kB
Cached:           278564 kB
MemTotal:        1844596 kB
MemFree:         1343012 kB
MemAvailable:    1538336 kB
Buffers:           45620 kB
Cached:           278572 kB
MemTotal:        1844596 kB
MemFree:         1344164 kB
MemAvailable:    1539488 kB
Buffers:           45620 kB
Cached:           278572 kB
MemTotal:        1844596 kB
MemFree:         1344124 kB
MemAvailable:    1539448 kB
Buffers:           45620 kB
Cached:           278572 kB
MemTotal:        1844596 kB
MemFree:         1343740 kB
MemAvailable:    1539064 kB
Buffers:           45620 kB
Cached:           278572 kB
MemTotal:        1844596 kB
MemFree:         1343432 kB
MemAvailable:    1538756 kB
Buffers:           45620 kB
Cached:           278572 kB
MemTotal:        1844596 kB
MemFree:         1342424 kB
MemAvailable:    1537748 kB
Buffers:           45620 kB
Cached:           278572 kB
MemTotal:        1844596 kB
MemFree:         1342548 kB
MemAvailable:    1537872 kB
Buffers:           45620 kB
Cached:           278572 kB
MemTotal:        1844596 kB
MemFree:         1343232 kB
MemAvailable:    1538556 kB
Buffers:           45620 kB
Cached:           278572 kB
MemTotal:        1844596 kB
MemFree:         1343504 kB
MemAvailable:    1538828 kB
Buffers:           45620 kB
Cached:           278572 kB
MemTotal:        1844596 kB
MemFree:         1343408 kB
MemAvailable:    1538732 kB
Buffers:           45620 kB
Cached:           278572 kB
MemTotal:        1844596 kB
MemFree:         1342696 kB
MemAvailable:    1538020 kB
Buffers:           45620 kB
Cached:           278572 kB
MemTotal:        1844596 kB
MemFree:         1343124 kB
MemAvailable:    1538448 kB
Buffers:           45620 kB
Cached:           278572 kB
MemTotal:        1844596 kB
MemFree:         1343124 kB
MemAvailable:    1538448 kB
Buffers:           45620 kB
Cached:           278572 kB
MemTotal:        1844596 kB
MemFree:         1343136 kB
MemAvailable:    1538460 kB
Buffers:           45620 kB
Cached:           278572 kB
MemTotal:        1844596 kB
MemFree:         1343360 kB
MemAvailable:    1538684 kB
Buffers:           45620 kB
Cached:           278572 kB
MemTotal:        1844596 kB
MemFree:         1342448 kB
MemAvailable:    1537772 kB
Buffers:           45620 kB
Cached:           278572 kB
MemTotal:        1844596 kB
MemFree:         1342316 kB
MemAvailable:    1537640 kB
Buffers:           45620 kB
Cached:           278572 kB
MemTotal:        1844596 kB
MemFree:         1342192 kB
MemAvailable:    1537516 kB
Buffers:           45620 kB
Cached:           278572 kB
MemTotal:        1844596 kB
MemFree:         1341952 kB
MemAvailable:    1537276 kB
Buffers:           45620 kB
Cached:           278572 kB
MemTotal:        1844596 kB
MemFree:         1342920 kB
MemAvailable:    1538244 kB
Buffers:           45620 kB
Cached:           278572 kB
MemTotal:        1844596 kB
MemFree:         1343004 kB
MemAvailable:    1538328 kB
Buffers:           45620 kB
Cached:           278572 kB
MemTotal:        1844596 kB
MemFree:         1341440 kB
MemAvailable:    1536764 kB
Buffers:           45620 kB
Cached:           278572 kB
MemTotal:        1844596 kB
MemFree:         1341556 kB
MemAvailable:    1536880 kB
Buffers:           45620 kB
Cached:           278572 kB
MemTotal:        1844596 kB
MemFree:         1342300 kB
MemAvailable:    1537624 kB
Buffers:           45620 kB
Cached:           278572 kB
MemTotal:        1844596 kB
MemFree:         1342192 kB
MemAvailable:    1537516 kB
Buffers:           45620 kB
Cached:           278572 kB
MemTotal:        1844596 kB
MemFree:         1341064 kB
MemAvailable:    1536388 kB
Buffers:           45620 kB
Cached:           278572 kB
MemTotal:        1844596 kB
MemFree:         1342164 kB
MemAvailable:    1537488 kB
Buffers:           45620 kB
Cached:           278572 kB
MemTotal:        1844596 kB
MemFree:         1342324 kB
MemAvailable:    1537648 kB
Buffers:           45620 kB
Cached:           278572 kB
MemTotal:        1844596 kB
MemFree:         1342372 kB
MemAvailable:    1537696 kB
Buffers:           45620 kB
Cached:           278572 kB
MemTotal:        1844596 kB
MemFree:         1342264 kB
MemAvailable:    1537588 kB
Buffers:           45620 kB
Cached:           278572 kB
MemTotal:        1844596 kB
MemFree:         1341572 kB
MemAvailable:    1536896 kB
Buffers:           45620 kB
Cached:           278572 kB
MemTotal:        1844596 kB
MemFree:         1340764 kB
MemAvailable:    1536088 kB
Buffers:           45620 kB
Cached:           278572 kB
MemTotal:        1844596 kB
MemFree:         1342072 kB
MemAvailable:    1537396 kB
Buffers:           45620 kB
Cached:           278572 kB
MemTotal:        1844596 kB
MemFree:         1341580 kB
MemAvailable:    1536904 kB
Buffers:           45620 kB
Cached:           278572 kB
MemTotal:        1844596 kB
MemFree:         1339348 kB
MemAvailable:    1534672 kB
Buffers:           45620 kB
Cached:           278572 kB
MemTotal:        1844596 kB
MemFree:         1339844 kB
MemAvailable:    1535168 kB
Buffers:           45620 kB
Cached:           278572 kB
MemTotal:        1844596 kB
MemFree:         1334512 kB
MemAvailable:    1529836 kB
Buffers:           45620 kB
Cached:           278572 kB
MemTotal:        1844596 kB
MemFree:         1335116 kB
MemAvailable:    1530440 kB
Buffers:           45620 kB
Cached:           278572 kB
MemTotal:        1844596 kB
MemFree:         1333512 kB
MemAvailable:    1528836 kB
Buffers:           45620 kB
Cached:           278572 kB
MemTotal:        1844596 kB
MemFree:         1333768 kB
MemAvailable:    1529092 kB
Buffers:           45620 kB
Cached:           278572 kB
MemTotal:        1844596 kB
MemFree:         1334740 kB
MemAvailable:    1530064 kB
Buffers:           45620 kB
Cached:           278572 kB
MemTotal:        1844596 kB
MemFree:         1334628 kB
MemAvailable:    1529952 kB
Buffers:           45620 kB
Cached:           278572 kB
MemTotal:        1844596 kB
MemFree:         1333132 kB
MemAvailable:    1528456 kB
Buffers:           45620 kB
Cached:           278572 kB
MemTotal:        1844596 kB
MemFree:         1333084 kB
MemAvailable:    1528408 kB
Buffers:           45620 kB
Cached:           278572 kB
MemTotal:        1844596 kB
MemFree:         1333128 kB
MemAvailable:    1528452 kB
Buffers:           45620 kB
Cached:           278572 kB
MemTotal:        1844596 kB
MemFree:         1334304 kB
MemAvailable:    1529628 kB
Buffers:           45620 kB
Cached:           278572 kB
MemTotal:        1844596 kB
MemFree:         1334472 kB
MemAvailable:    1529796 kB
Buffers:           45620 kB
Cached:           278572 kB
MemTotal:        1844596 kB
MemFree:         1332952 kB
MemAvailable:    1528276 kB
Buffers:           45620 kB
Cached:           278572 kB
MemTotal:        1844596 kB
MemFree:         1334176 kB
MemAvailable:    1529500 kB
Buffers:           45620 kB
Cached:           278572 kB
MemTotal:        1844596 kB
MemFree:         1334428 kB
MemAvailable:    1529752 kB
Buffers:           45620 kB
Cached:           278572 kB
MemTotal:        1844596 kB
MemFree:         1332952 kB
MemAvailable:    1528276 kB
Buffers:           45620 kB
Cached:           278572 kB
MemTotal:        1844596 kB
MemFree:         1333704 kB
MemAvailable:    1529028 kB
Buffers:           45620 kB
Cached:           278572 kB
MemTotal:        1844596 kB
MemFree:         1332652 kB
MemAvailable:    1527976 kB
Buffers:           45620 kB
Cached:           278572 kB
MemTotal:        1844596 kB
MemFree:         1333068 kB
MemAvailable:    1528392 kB
Buffers:           45620 kB
Cached:           278572 kB
MemTotal:        1844596 kB
MemFree:         1333236 kB
MemAvailable:    1528560 kB
Buffers:           45620 kB
Cached:           278572 kB
MemTotal:        1844596 kB
MemFree:         1331628 kB
MemAvailable:    1526952 kB
Buffers:           45620 kB
Cached:           278572 kB
MemTotal:        1844596 kB
MemFree:         1332712 kB
MemAvailable:    1528036 kB
Buffers:           45620 kB
Cached:           278572 kB
MemTotal:        1844596 kB
MemFree:         1331280 kB
MemAvailable:    1526604 kB
Buffers:           45620 kB
Cached:           278572 kB
MemTotal:        1844596 kB
MemFree:         1331280 kB
MemAvailable:    1526604 kB
Buffers:           45620 kB
Cached:           278572 kB
MemTotal:        1844596 kB
MemFree:         1331660 kB
MemAvailable:    1526984 kB
Buffers:           45620 kB
Cached:           278572 kB
MemTotal:        1844596 kB
MemFree:         1331464 kB
MemAvailable:    1526788 kB
Buffers:           45620 kB
Cached:           278572 kB
MemTotal:        1844596 kB
MemFree:         1330652 kB
MemAvailable:    1525976 kB
Buffers:           45620 kB
Cached:           278572 kB
MemTotal:        1844596 kB
MemFree:         1330652 kB
MemAvailable:    1525976 kB
Buffers:           45620 kB
Cached:           278572 kB
MemTotal:        1844596 kB
MemFree:         1330592 kB
MemAvailable:    1525916 kB
Buffers:           45620 kB
Cached:           278572 kB
MemTotal:        1844596 kB
MemFree:         1329916 kB
MemAvailable:    1525240 kB
Buffers:           45620 kB
Cached:           278572 kB
MemTotal:        1844596 kB
MemFree:         1330508 kB
MemAvailable:    1525832 kB
Buffers:           45620 kB
Cached:           278572 kB
MemTotal:        1844596 kB
MemFree:         1330508 kB
MemAvailable:    1525832 kB
Buffers:           45620 kB
Cached:           278572 kB
MemTotal:        1844596 kB
MemFree:         1329116 kB
MemAvailable:    1524440 kB
Buffers:           45632 kB
Cached:           278560 kB
MemTotal:        1844596 kB
MemFree:         1329364 kB
MemAvailable:    1524688 kB
Buffers:           45632 kB
Cached:           278560 kB
MemTotal:        1844596 kB
MemFree:         1329116 kB
MemAvailable:    1524440 kB
Buffers:           45632 kB
Cached:           278560 kB
MemTotal:        1844596 kB
MemFree:         1329108 kB
MemAvailable:    1524432 kB
Buffers:           45632 kB
Cached:           278560 kB
MemTotal:        1844596 kB
MemFree:         1330460 kB
MemAvailable:    1525784 kB
Buffers:           45632 kB
Cached:           278560 kB
MemTotal:        1844596 kB
MemFree:         1330380 kB
MemAvailable:    1525704 kB
Buffers:           45632 kB
Cached:           278560 kB
MemTotal:        1844596 kB
MemFree:         1330464 kB
MemAvailable:    1525788 kB
Buffers:           45632 kB
Cached:           278560 kB
MemTotal:        1844596 kB
MemFree:         1329984 kB
MemAvailable:    1525308 kB
Buffers:           45632 kB
Cached:           278560 kB
MemTotal:        1844596 kB
MemFree:         1329536 kB
MemAvailable:    1524880 kB
Buffers:           45632 kB
Cached:           278580 kB
MemTotal:        1844596 kB
MemFree:         1329180 kB
MemAvailable:    1524524 kB
Buffers:           45632 kB
Cached:           278580 kB
MemTotal:        1844596 kB
MemFree:         1321064 kB
MemAvailable:    1516408 kB
Buffers:           45632 kB
Cached:           278580 kB
MemTotal:        1844596 kB
MemFree:         1319144 kB
MemAvailable:    1514488 kB
Buffers:           45632 kB
Cached:           278580 kB
MemTotal:        1844596 kB
MemFree:         1320012 kB
MemAvailable:    1515444 kB
Buffers:           45632 kB
Cached:           278708 kB
MemTotal:        1844596 kB
MemFree:         1319816 kB
MemAvailable:    1515416 kB
Buffers:           45632 kB
Cached:           278832 kB
MemTotal:        1844596 kB
MemFree:         1320068 kB
MemAvailable:    1515668 kB
Buffers:           45632 kB
Cached:           278832 kB
MemTotal:        1844596 kB
MemFree:         1318740 kB
MemAvailable:    1514424 kB
Buffers:           45632 kB
Cached:           278956 kB
MemTotal:        1844596 kB
MemFree:         1318748 kB
MemAvailable:    1514600 kB
Buffers:           45632 kB
Cached:           279080 kB
MemTotal:        1844596 kB
MemFree:         1319800 kB
MemAvailable:    1515736 kB
Buffers:           45632 kB
Cached:           279204 kB
MemTotal:        1844596 kB
MemFree:         1318524 kB
MemAvailable:    1514460 kB
Buffers:           45632 kB
Cached:           279204 kB
MemTotal:        1844596 kB
MemFree:         1319336 kB
MemAvailable:    1515276 kB
Buffers:           45632 kB
Cached:           279212 kB
MemTotal:        1844596 kB
MemFree:         1319588 kB
MemAvailable:    1515528 kB
Buffers:           45632 kB
Cached:           279212 kB
MemTotal:        1844596 kB
MemFree:         1319452 kB
MemAvailable:    1515392 kB
Buffers:           45632 kB
Cached:           279212 kB
MemTotal:        1844596 kB
MemFree:         1318144 kB
MemAvailable:    1514084 kB
Buffers:           45632 kB
Cached:           279212 kB
MemTotal:        1844596 kB
MemFree:         1319376 kB
MemAvailable:    1515316 kB
Buffers:           45632 kB
Cached:           279212 kB
MemTotal:        1844596 kB
MemFree:         1319376 kB
MemAvailable:    1515316 kB
Buffers:           45632 kB
Cached:           279212 kB
MemTotal:        1844596 kB
MemFree:         1319816 kB
MemAvailable:    1515168 kB
Buffers:           45632 kB
Cached:           278580 kB
MemTotal:        1844596 kB
MemFree:         1319756 kB
MemAvailable:    1515056 kB
Buffers:           45632 kB
Cached:           278536 kB
MemTotal:        1844596 kB
MemFree:         1391564 kB
MemAvailable:    1586864 kB
Buffers:           45632 kB
Cached:           278536 kB
