MemTotal:        1844596 kB
MemFree:         1290912 kB
MemAvailable:    1552340 kB
Buffers:           52640 kB
Cached:           331824 kB
MemTotal:        1844596 kB
MemFree:         1289672 kB
MemAvailable:    1551100 kB
Buffers:           52640 kB
Cached:           331824 kB
MemTotal:        1844596 kB
MemFree:         1287192 kB
MemAvailable:    1548620 kB
Buffers:           52640 kB
Cached:           331824 kB
MemTotal:        1844596 kB
MemFree:         1286936 kB
MemAvailable:    1548364 kB
Buffers:           52640 kB
Cached:           331824 kB
MemTotal:        1844596 kB
MemFree:         1287136 kB
MemAvailable:    1548564 kB
Buffers:           52640 kB
Cached:           331824 kB
MemTotal:        1844596 kB
MemFree:         1286756 kB
MemAvailable:    1548184 kB
Buffers:           52640 kB
Cached:           331824 kB
MemTotal:        1844596 kB
MemFree:         1283588 kB
MemAvailable:    1545016 kB
Buffers:           52640 kB
Cached:           331824 kB
MemTotal:        1844596 kB
MemFree:         1283800 kB
MemAvailable:    1545228 kB
Buffers:           52640 kB
Cached:           331824 kB
MemTotal:        1844596 kB
MemFree:         1279876 kB
MemAvailable:    1541304 kB
Buffers:           52640 kB
Cached:           331824 kB
MemTotal:        1844596 kB
MemFree:         1278396 kB
MemAvailable:    1539824 kB
Buffers:           52640 kB
Cached:           331824 kB
MemTotal:        1844596 kB
MemFree:         1274544 kB
MemAvailable:    1535972 kB
Buffers:           52640 kB
Cached:           331824 kB
MemTotal:        1844596 kB
MemFree:         1275492 kB
MemAvailable:    1536920 kB
Buffers:           52640 kB
Cached:           331824 kB
MemTotal:        1844596 kB
MemFree:         1276960 kB
MemAvailable:    1538388 kB
Buffers:           52640 kB
Cached:           331824 kB
MemTotal:        1844596 kB
MemFree:         1276712 kB
MemAvailable:    1538140 kB
Buffers:           52640 kB
Cached:           331824 kB
MemTotal:        1844596 kB
MemFree:         1276880 kB
MemAvailable:    1538308 kB
Buffers:           52640 kB
Cached:           331824 kB
MemTotal:        1844596 kB
MemFree:         1276796 kB
MemAvailable:    1538224 kB
Buffers:           52640 kB
Cached:           331824 kB
MemTotal:        1844596 kB
MemFree:         1276712 kB
MemAvailable:    1538140 kB
Buffers:           52640 kB
Cached:           331824 kB
MemTotal:        1844596 kB
MemFree:         1276092 kB
MemAvailable:    1537520 kB
Buffers:           52640 kB
Cached:           331824 kB
MemTotal:        1844596 kB
MemFree:         1275108 kB
MemAvailable:    1536536 kB
Buffers:           52640 kB
Cached:           331824 kB
MemTotal:        1844596 kB
MemFree:         1274676 kB
MemAvailable:    1536104 kB
Buffers:           52640 kB
Cached:           331824 kB
MemTotal:        1844596 kB
MemFree:         1273552 kB
MemAvailable:    1534980 kB
Buffers:           52640 kB
Cached:           331824 kB
MemTotal:        1844596 kB
MemFree:         1272992 kB
MemAvailable:    1534420 kB
Buffers:           52640 kB
Cached:           331824 kB
MemTotal:        1844596 kB
MemFree:         1274468 kB
MemAvailable:    1535896 kB
Buffers:           52640 kB
Cached:           331824 kB
MemTotal:        1844596 kB
MemFree:         1274420 kB
MemAvailable:    1535848 kB
Buffers:           52640 kB
Cached:           331824 kB
MemTotal:        1844596 kB
MemFree:         1274340 kB
MemAvailable:    1535768 kB
Buffers:           52640 kB
Cached:           331824 kB
MemTotal:        1844596 kB
MemFree:         1274592 kB
MemAvailable:    1536020 kB
Buffers:           52640 kB
Cached:           331824 kB
MemTotal:        1844596 kB
MemFree:         1274368 kB
MemAvailable:    1535796 kB
Buffers:           52640 kB
Cached:           331824 kB
MemTotal:        1844596 kB
MemFree:         1274404 kB
MemAvailable:    1535832 kB
Buffers:           52640 kB
Cached:           331824 kB
MemTotal:        1844596 kB
MemFree:         1274428 kB
MemAvailable:    1535856 kB
Buffers:           52640 kB
Cached:           331824 kB
MemTotal:        1844596 kB
MemFree:         1275812 kB
MemAvailable:    1537240 kB
Buffers:           52640 kB
Cached:           331824 kB
MemTotal:        1844596 kB
MemFree:         1275812 kB
MemAvailable:    1537240 kB
Buffers:           52640 kB
Cached:           331824 kB
MemTotal:        1844596 kB
MemFree:         1274800 kB
MemAvailable:    1536228 kB
Buffers:           52640 kB
Cached:           331824 kB
MemTotal:        1844596 kB
MemFree:         1273148 kB
MemAvailable:    1534584 kB
Buffers:           52640 kB
Cached:           331832 kB
MemTotal:        1844596 kB
MemFree:         1271080 kB
MemAvailable:    1532516 kB
Buffers:           52640 kB
Cached:           331832 kB
MemTotal:        1844596 kB
MemFree:         1271072 kB
MemAvailable:    1532508 kB
Buffers:           52640 kB
Cached:           331832 kB
MemTotal:        1844596 kB
MemFree:         1271568 kB
MemAvailable:    1533004 kB
Buffers:           52640 kB
Cached:           331832 kB
MemTotal:        1844596 kB
MemFree:         1271636 kB
MemAvailable:    1533072 kB
Buffers:           52640 kB
Cached:           331832 kB
MemTotal:        1844596 kB
MemFree:         1270328 kB
MemAvailable:    1531764 kB
Buffers:           52640 kB
Cached:           331832 kB
MemTotal:        1844596 kB
MemFree:         1270668 kB
MemAvailable:    1532104 kB
Buffers:           52640 kB
Cached:           331832 kB
MemTotal:        1844596 kB
MemFree:         1270320 kB
MemAvailable:    1531756 kB
Buffers:           52640 kB
Cached:           331832 kB
MemTotal:        1844596 kB
MemFree:         1270656 kB
MemAvailable:    1532092 kB
Buffers:           52640 kB
Cached:           331832 kB
MemTotal:        1844596 kB
MemFree:         1269080 kB
MemAvailable:    1530516 kB
Buffers:           52640 kB
Cached:           331832 kB
MemTotal:        1844596 kB
MemFree:         1268824 kB
MemAvailable:    1530260 kB
Buffers:           52640 kB
Cached:           331832 kB
MemTotal:        1844596 kB
MemFree:         1268820 kB
MemAvailable:    1530256 kB
Buffers:           52640 kB
Cached:           331832 kB
MemTotal:        1844596 kB
MemFree:         1270088 kB
MemAvailable:    1531524 kB
Buffers:           52640 kB
Cached:           331832 kB
MemTotal:        1844596 kB
MemFree:         1269684 kB
MemAvailable:    1531120 kB
Buffers:           52640 kB
Cached:           331832 kB
MemTotal:        1844596 kB
MemFree:         1269684 kB
MemAvailable:    1531120 kB
Buffers:           52640 kB
Cached:           331832 kB
MemTotal:        1844596 kB
MemFree:         1269528 kB
MemAvailable:    1530964 kB
Buffers:           52640 kB
Cached:           331832 kB
MemTotal:        1844596 kB
MemFree:         1268096 kB
MemAvailable:    1529532 kB
Buffers:           52640 kB
Cached:           331832 kB
MemTotal:        1844596 kB
MemFree:         1269272 kB
MemAvailable:    1530708 kB
Buffers:           52640 kB
Cached:           331832 kB
MemTotal:        1844596 kB
MemFree:         1268172 kB
MemAvailable:    1529608 kB
Buffers:           52640 kB
Cached:           331832 kB
MemTotal:        1844596 kB
MemFree:         1269148 kB
MemAvailable:    1530584 kB
Buffers:           52640 kB
Cached:           331832 kB
MemTotal:        1844596 kB
MemFree:         1269320 kB
MemAvailable:    1530756 kB
Buffers:           52640 kB
Cached:           331832 kB
MemTotal:        1844596 kB
MemFree:         1269072 kB
MemAvailable:    1530508 kB
Buffers:           52640 kB
Cached:           331832 kB
MemTotal:        1844596 kB
MemFree:         1269240 kB
MemAvailable:    1530676 kB
Buffers:           52640 kB
Cached:           331832 kB
MemTotal:        1844596 kB
MemFree:         1268064 kB
MemAvailable:    1529500 kB
Buffers:           52640 kB
Cached:           331832 kB
MemTotal:        1844596 kB
MemFree:         1268096 kB
MemAvailable:    1529532 kB
Buffers:           52640 kB
Cached:           331832 kB
MemTotal:        1844596 kB
MemFree:         1269204 kB
MemAvailable:    1530640 kB
Buffers:           52640 kB
Cached:           331832 kB
MemTotal:        1844596 kB
MemFree:         1269204 kB
MemAvailable:    1530640 kB
Buffers:           52640 kB
Cached:           331832 kB
MemTotal:        1844596 kB
MemFree:         1268936 kB
MemAvailable:    1530372 kB
Buffers:           52640 kB
Cached:           331832 kB
MemTotal:        1844596 kB
MemFree:         1268936 kB
MemAvailable:    1530372 kB
Buffers:           52640 kB
Cached:           331832 kB
MemTotal:        1844596 kB
MemFree:         1268784 kB
MemAvailable:    1530220 kB
Buffers:           52640 kB
Cached:           331832 kB
MemTotal:        1844596 kB
MemFree:         1268780 kB
MemAvailable:    1530216 kB
Buffers:           52640 kB
Cached:           331832 kB
MemTotal:        1844596 kB
MemFree:         1268228 kB
MemAvailable:    1529664 kB
Buffers:           52640 kB
Cached:           331832 kB
MemTotal:        1844596 kB
MemFree:         1268272 kB
MemAvailable:    1529708 kB
Buffers:           52640 kB
Cached:           331832 kB
MemTotal:        1844596 kB
MemFree:         1268524 kB
MemAvailable:    1529960 kB
Buffers:           52640 kB
Cached:           331832 kB
MemTotal:        1844596 kB
MemFree:         1267048 kB
MemAvailable:    1528484 kB
Buffers:           52640 kB
Cached:           331832 kB
MemTotal:        1844596 kB
MemFree:         1267048 kB
MemAvailable:    1528484 kB
Buffers:           52640 kB
Cached:           331832 kB
MemTotal:        1844596 kB
MemFree:         1267084 kB
MemAvailable:    1528520 kB
Buffers:           52640 kB
Cached:           331832 kB
MemTotal:        1844596 kB
MemFree:         1268184 kB
MemAvailable:    1529620 kB
Buffers:           52640 kB
Cached:           331832 kB
MemTotal:        1844596 kB
MemFree:         1268268 kB
MemAvailable:    1529704 kB
Buffers:           52640 kB
Cached:           331832 kB
MemTotal:        1844596 kB
MemFree:         1267068 kB
MemAvailable:    1528504 kB
Buffers:           52640 kB
Cached:           331832 kB
MemTotal:        1844596 kB
MemFree:         1267112 kB
MemAvailable:    1528548 kB
Buffers:           52640 kB
Cached:           331832 kB
MemTotal:        1844596 kB
MemFree:         1268352 kB
MemAvailable:    1529788 kB
Buffers:           52640 kB
Cached:           331832 kB
MemTotal:        1844596 kB
MemFree:         1267052 kB
MemAvailable:    1528488 kB
Buffers:           52640 kB
Cached:           331832 kB
MemTotal:        1844596 kB
MemFree:         1265324 kB
MemAvailable:    1526760 kB
Buffers:           52640 kB
Cached:           331832 kB
MemTotal:        1844596 kB
MemFree:         1263012 kB
MemAvailable:    1524448 kB
Buffers:           52640 kB
Cached:           331832 kB
MemTotal:        1844596 kB
MemFree:         1259788 kB
MemAvailable:    1521224 kB
Buffers:           52640 kB
Cached:           331832 kB
MemTotal:        1844596 kB
MemFree:         1259796 kB
MemAvailable:    1521232 kB
Buffers:           52640 kB
Cached:           331832 kB
MemTotal:        1844596 kB
MemFree:         1259672 kB
MemAvailable:    1521108 kB
Buffers:           52640 kB
Cached:           331832 kB
MemTotal:        1844596 kB
MemFree:         1259672 kB
MemAvailable:    1521108 kB
Buffers:           52640 kB
Cached:           331832 kB
MemTotal:        1844596 kB
MemFree:         1260524 kB
MemAvailable:    1521960 kB
Buffers:           52640 kB
Cached:           331832 kB
MemTotal:        1844596 kB
MemFree:         1259920 kB
MemAvailable:    1521356 kB
Buffers:           52640 kB
Cached:           331832 kB
MemTotal:        1844596 kB
MemFree:         1259284 kB
MemAvailable:    1520720 kB
Buffers:           52640 kB
Cached:           331832 kB
MemTotal:        1844596 kB
MemFree:         1260384 kB
MemAvailable:    1521820 kB
Buffers:           52640 kB
Cached:           331832 kB
MemTotal:        1844596 kB
MemFree:         1260468 kB
MemAvailable:    1521904 kB
Buffers:           52640 kB
Cached:           331832 kB
MemTotal:        1844596 kB
MemFree:         1260248 kB
MemAvailable:    1521684 kB
Buffers:           52640 kB
Cached:           331832 kB
MemTotal:        1844596 kB
MemFree:         1260332 kB
MemAvailable:    1521768 kB
Buffers:           52640 kB
Cached:           331832 kB
MemTotal:        1844596 kB
MemFree:         1260388 kB
MemAvailable:    1521824 kB
Buffers:           52640 kB
Cached:           331832 kB
MemTotal:        1844596 kB
MemFree:         1259664 kB
MemAvailable:    1521100 kB
Buffers:           52640 kB
Cached:           331832 kB
MemTotal:        1844596 kB
MemFree:         1260416 kB
MemAvailable:    1521852 kB
Buffers:           52640 kB
Cached:           331832 kB
MemTotal:        1844596 kB
MemFree:         1260336 kB
MemAvailable:    1521772 kB
Buffers:           52640 kB
Cached:           331832 kB
MemTotal:        1844596 kB
MemFree:         1260504 kB
MemAvailable:    1521940 kB
Buffers:           52640 kB
Cached:           331832 kB
MemTotal:        1844596 kB
MemFree:         1260212 kB
MemAvailable:    1521648 kB
Buffers:           52640 kB
Cached:           331832 kB
MemTotal:        1844596 kB
MemFree:         1259920 kB
MemAvailable:    1521356 kB
Buffers:           52640 kB
Cached:           331832 kB
MemTotal:        1844596 kB
MemFree:         1259724 kB
MemAvailable:    1521160 kB
Buffers:           52640 kB
Cached:           331832 kB
MemTotal:        1844596 kB
MemFree:         1259160 kB
MemAvailable:    1520596 kB
Buffers:           52640 kB
Cached:           331832 kB
MemTotal:        1844596 kB
MemFree:         1259160 kB
MemAvailable:    1520596 kB
Buffers:           52640 kB
Cached:           331832 kB
MemTotal:        1844596 kB
MemFree:         1258788 kB
MemAvailable:    1520224 kB
Buffers:           52640 kB
Cached:           331832 kB
MemTotal:        1844596 kB
MemFree:         1259040 kB
MemAvailable:    1520476 kB
Buffers:           52640 kB
Cached:           331832 kB
MemTotal:        1844596 kB
MemFree:         1258616 kB
MemAvailable:    1520052 kB
Buffers:           52640 kB
Cached:           331832 kB
MemTotal:        1844596 kB
MemFree:         1257500 kB
MemAvailable:    1518936 kB
Buffers:           52640 kB
Cached:           331832 kB
MemTotal:        1844596 kB
MemFree:         1256448 kB
MemAvailable:    1517884 kB
Buffers:           52640 kB
Cached:           331832 kB
MemTotal:        1844596 kB
MemFree:         1257512 kB
MemAvailable:    1518948 kB
Buffers:           52640 kB
Cached:           331832 kB
MemTotal:        1844596 kB
MemFree:         1256140 kB
MemAvailable:    1517576 kB
Buffers:           52640 kB
Cached:           331832 kB
MemTotal:        1844596 kB
MemFree:         1257568 kB
MemAvailable:    1519004 kB
Buffers:           52640 kB
Cached:           331832 kB
MemTotal:        1844596 kB
MemFree:         1256984 kB
MemAvailable:    1518420 kB
Buffers:           52640 kB
Cached:           331832 kB
MemTotal:        1844596 kB
MemFree:         1257236 kB
MemAvailable:    1518672 kB
Buffers:           52640 kB
Cached:           331832 kB
MemTotal:        1844596 kB
MemFree:         1255580 kB
MemAvailable:    1517016 kB
Buffers:           52640 kB
Cached:           331832 kB
MemTotal:        1844596 kB
MemFree:         1256800 kB
MemAvailable:    1518236 kB
Buffers:           52640 kB
Cached:           331832 kB
MemTotal:        1844596 kB
MemFree:         1255944 kB
MemAvailable:    1517380 kB
Buffers:           52640 kB
Cached:           331832 kB
MemTotal:        1844596 kB
MemFree:         1256488 kB
MemAvailable:    1517924 kB
Buffers:           52640 kB
Cached:           331832 kB
MemTotal:        1844596 kB
MemFree:         1256440 kB
MemAvailable:    1517876 kB
Buffers:           52640 kB
Cached:           331832 kB
MemTotal:        1844596 kB
MemFree:         1256692 kB
MemAvailable:    1518136 kB
Buffers:           52640 kB
Cached:           331840 kB
MemTotal:        1844596 kB
MemFree:         1256304 kB
MemAvailable:    1517748 kB
Buffers:           52640 kB
Cached:           331840 kB
MemTotal:        1844596 kB
MemFree:         1256556 kB
MemAvailable:    1518000 kB
Buffers:           52640 kB
Cached:           331840 kB
MemTotal:        1844596 kB
MemFree:         1255216 kB
MemAvailable:    1516660 kB
Buffers:           52640 kB
Cached:           331840 kB
MemTotal:        1844596 kB
MemFree:         1255092 kB
MemAvailable:    1516536 kB
Buffers:           52640 kB
Cached:           331840 kB
MemTotal:        1844596 kB
MemFree:         1254084 kB
MemAvailable:    1515528 kB
Buffers:           52640 kB
Cached:           331840 kB
MemTotal:        1844596 kB
MemFree:         1253220 kB
MemAvailable:    1514664 kB
Buffers:           52640 kB
Cached:           331840 kB
MemTotal:        1844596 kB
MemFree:         1246288 kB
MemAvailable:    1507732 kB
Buffers:           52640 kB
Cached:           331840 kB
MemTotal:        1844596 kB
MemFree:         1246280 kB
MemAvailable:    1507724 kB
Buffers:           52640 kB
Cached:           331840 kB
MemTotal:        1844596 kB
MemFree:         1246776 kB
MemAvailable:    1508220 kB
Buffers:           52640 kB
Cached:           331840 kB
MemTotal:        1844596 kB
MemFree:         1246012 kB
MemAvailable:    1507456 kB
Buffers:           52640 kB
Cached:           331840 kB
MemTotal:        1844596 kB
MemFree:         1245972 kB
MemAvailable:    1507416 kB
Buffers:           52640 kB
Cached:           331840 kB
MemTotal:        1844596 kB
MemFree:         1247272 kB
MemAvailable:    1508716 kB
Buffers:           52640 kB
Cached:           331840 kB
MemTotal:        1844596 kB
MemFree:         1249404 kB
MemAvailable:    1510848 kB
Buffers:           52640 kB
Cached:           331840 kB
MemTotal:        1844596 kB
MemFree:         1248380 kB
MemAvailable:    1509824 kB
Buffers:           52640 kB
Cached:           331840 kB
MemTotal:        1844596 kB
MemFree:         1247976 kB
MemAvailable:    1509420 kB
Buffers:           52640 kB
Cached:           331840 kB
MemTotal:        1844596 kB
MemFree:         1249028 kB
MemAvailable:    1510640 kB
Buffers:           52640 kB
Cached:           331964 kB
MemTotal:        1844596 kB
MemFree:         1249028 kB
MemAvailable:    1510724 kB
Buffers:           52640 kB
Cached:           332212 kB
MemTotal:        1844596 kB
MemFree:         1248984 kB
MemAvailable:    1510848 kB
Buffers:           52640 kB
Cached:           332212 kB
MemTotal:        1844596 kB
MemFree:         1248984 kB
MemAvailable:    1510848 kB
Buffers:           52640 kB
Cached:           332212 kB
MemTotal:        1844596 kB
MemFree:         1248804 kB
MemAvailable:    1510836 kB
Buffers:           52640 kB
Cached:           332336 kB
MemTotal:        1844596 kB
MemFree:         1248632 kB
MemAvailable:    1510664 kB
Buffers:           52640 kB
Cached:           332336 kB
MemTotal:        1844596 kB
MemFree:         1247064 kB
MemAvailable:    1509096 kB
Buffers:           52640 kB
Cached:           332460 kB
MemTotal:        1844596 kB
MemFree:         1248956 kB
MemAvailable:    1510988 kB
Buffers:           52640 kB
Cached:           332460 kB
MemTotal:        1844596 kB
MemFree:         1248356 kB
MemAvailable:    1510388 kB
Buffers:           52640 kB
Cached:           332460 kB
MemTotal:        1844596 kB
MemFree:         1247140 kB
MemAvailable:    1509172 kB
Buffers:           52640 kB
Cached:           332460 kB
MemTotal:        1844596 kB
MemFree:         1248684 kB
MemAvailable:    1510716 kB
Buffers:           52640 kB
Cached:           332460 kB
MemTotal:        1844596 kB
MemFree:         1248616 kB
MemAvailable:    1510648 kB
Buffers:           52640 kB
Cached:           332460 kB
MemTotal:        1844596 kB
MemFree:         1248352 kB
MemAvailable:    1510384 kB
Buffers:           52640 kB
Cached:           332460 kB
MemTotal:        1844596 kB
MemFree:         1248688 kB
MemAvailable:    1510720 kB
Buffers:           52640 kB
Cached:           332460 kB
MemTotal:        1844596 kB
MemFree:         1249036 kB
MemAvailable:    1510480 kB
Buffers:           52640 kB
Cached:           331868 kB
MemTotal:        1844596 kB
MemFree:         1248952 kB
MemAvailable:    1510396 kB
Buffers:           52640 kB
Cached:           331868 kB
MemTotal:        1844596 kB
MemFree:         1318024 kB
MemAvailable:    1579468 kB
Buffers:           52640 kB
Cached:           331868 kB
