MemTotal:        1844596 kB
MemFree:         1280480 kB
MemAvailable:    1552436 kB
Buffers:           53852 kB
Cached:           340200 kB
MemTotal:        1844596 kB
MemFree:         1277932 kB
MemAvailable:    1549888 kB
Buffers:           53852 kB
Cached:           340200 kB
MemTotal:        1844596 kB
MemFree:         1276204 kB
MemAvailable:    1548160 kB
Buffers:           53852 kB
Cached:           340200 kB
MemTotal:        1844596 kB
MemFree:         1277008 kB
MemAvailable:    1548964 kB
Buffers:           53852 kB
Cached:           340200 kB
MemTotal:        1844596 kB
MemFree:         1275436 kB
MemAvailable:    1547392 kB
Buffers:           53852 kB
Cached:           340200 kB
MemTotal:        1844596 kB
MemFree:         1275772 kB
MemAvailable:    1547728 kB
Buffers:           53852 kB
Cached:           340200 kB
MemTotal:        1844596 kB
MemFree:         1274032 kB
MemAvailable:    1545988 kB
Buffers:           53852 kB
Cached:           340200 kB
MemTotal:        1844596 kB
MemFree:         1271624 kB
MemAvailable:    1543580 kB
Buffers:           53852 kB
Cached:           340200 kB
MemTotal:        1844596 kB
MemFree:         1269748 kB
MemAvailable:    1541704 kB
Buffers:           53852 kB
Cached:           340200 kB
MemTotal:        1844596 kB
MemFree:         1266964 kB
MemAvailable:    1538920 kB
Buffers:           53852 kB
Cached:           340200 kB
MemTotal:        1844596 kB
MemFree:         1263416 kB
MemAvailable:    1535372 kB
Buffers:           53852 kB
Cached:           340200 kB
MemTotal:        1844596 kB
MemFree:         1265788 kB
MemAvailable:    1537744 kB
Buffers:           53852 kB
Cached:           340200 kB
MemTotal:        1844596 kB
MemFree:         1265664 kB
MemAvailable:    1537620 kB
Buffers:           53852 kB
Cached:           340200 kB
MemTotal:        1844596 kB
MemFree:         1265724 kB
MemAvailable:    1537680 kB
Buffers:           53852 kB
Cached:           340200 kB
MemTotal:        1844596 kB
MemFree:         1265044 kB
MemAvailable:    1537000 kB
Buffers:           53852 kB
Cached:           340200 kB
MemTotal:        1844596 kB
MemFree:         1265544 kB
MemAvailable:    1537500 kB
Buffers:           53852 kB
Cached:           340200 kB
MemTotal:        1844596 kB
MemFree:         1264112 kB
MemAvailable:    1536068 kB
Buffers:           53852 kB
Cached:           340200 kB
MemTotal:        1844596 kB
MemFree:         1264364 kB
MemAvailable:    1536320 kB
Buffers:           53852 kB
Cached:           340200 kB
MemTotal:        1844596 kB
MemFree:         1264780 kB
MemAvailable:    1536736 kB
Buffers:           53852 kB
Cached:           340200 kB
MemTotal:        1844596 kB
MemFree:         1264920 kB
MemAvailable:    1536876 kB
Buffers:           53852 kB
Cached:           340200 kB
MemTotal:        1844596 kB
MemFree:         1263608 kB
MemAvailable:    1535564 kB
Buffers:           53852 kB
Cached:           340200 kB
MemTotal:        1844596 kB
MemFree:         1262300 kB
MemAvailable:    1534256 kB
Buffers:           53852 kB
Cached:           340200 kB
MemTotal:        1844596 kB
MemFree:         1263368 kB
MemAvailable:    1535324 kB
Buffers:           53852 kB
Cached:           340200 kB
MemTotal:        1844596 kB
MemFree:         1263136 kB
MemAvailable:    1535092 kB
Buffers:           53852 kB
Cached:           340200 kB
MemTotal:        1844596 kB
MemFree:         1263064 kB
MemAvailable:    1535020 kB
Buffers:           53852 kB
Cached:           340200 kB
MemTotal:        1844596 kB
MemFree:         1263072 kB
MemAvailable:    1535028 kB
Buffers:           53852 kB
Cached:           340200 kB
MemTotal:        1844596 kB
MemFree:         1262012 kB
MemAvailable:    1533968 kB
Buffers:           53852 kB
Cached:           340200 kB
MemTotal:        1844596 kB
MemFree:         1262012 kB
MemAvailable:    1533968 kB
Buffers:           53852 kB
Cached:           340200 kB
MemTotal:        1844596 kB
MemFree:         1263352 kB
MemAvailable:    1535308 kB
Buffers:           53852 kB
Cached:           340200 kB
MemTotal:        1844596 kB
MemFree:         1263348 kB
MemAvailable:    1535304 kB
Buffers:           53852 kB
Cached:           340200 kB
MemTotal:        1844596 kB
MemFree:         1262164 kB
MemAvailable:    1534120 kB
Buffers:           53852 kB
Cached:           340200 kB
MemTotal:        1844596 kB
MemFree:         1264524 kB
MemAvailable:    1536480 kB
Buffers:           53852 kB
Cached:           340200 kB
MemTotal:        1844596 kB
MemFree:         1264524 kB
MemAvailable:    1536480 kB
Buffers:           53852 kB
Cached:           340200 kB
MemTotal:        1844596 kB
MemFree:         1261804 kB
MemAvailable:    1533760 kB
Buffers:           53852 kB
Cached:           340200 kB
MemTotal:        1844596 kB
MemFree:         1261804 kB
MemAvailable:    1533760 kB
Buffers:           53852 kB
Cached:           340200 kB
MemTotal:        1844596 kB
MemFree:         1259076 kB
MemAvailable:    1531032 kB
Buffers:           53852 kB
Cached:           340200 kB
MemTotal:        1844596 kB
MemFree:         1259200 kB
MemAvailable:    1531156 kB
Buffers:           53852 kB
Cached:           340200 kB
MemTotal:        1844596 kB
MemFree:         1260068 kB
MemAvailable:    1532024 kB
Buffers:           53852 kB
Cached:           340200 kB
MemTotal:        1844596 kB
MemFree:         1260152 kB
MemAvailable:    1532108 kB
Buffers:           53852 kB
Cached:           340200 kB
MemTotal:        1844596 kB
MemFree:         1259324 kB
MemAvailable:    1531280 kB
Buffers:           53852 kB
Cached:           340200 kB
MemTotal:        1844596 kB
MemFree:         1259660 kB
MemAvailable:    1531616 kB
Buffers:           53852 kB
Cached:           340200 kB
MemTotal:        1844596 kB
MemFree:         1257960 kB
MemAvailable:    1529916 kB
Buffers:           53852 kB
Cached:           340200 kB
MemTotal:        1844596 kB
MemFree:         1258356 kB
MemAvailable:    1530312 kB
Buffers:           53852 kB
Cached:           340200 kB
MemTotal:        1844596 kB
MemFree:         1258996 kB
MemAvailable:    1530952 kB
Buffers:           53852 kB
Cached:           340200 kB
MemTotal:        1844596 kB
MemFree:         1259136 kB
MemAvailable:    1531092 kB
Buffers:           53852 kB
Cached:           340200 kB
MemTotal:        1844596 kB
MemFree:         1258772 kB
MemAvailable:    1530728 kB
Buffers:           53852 kB
Cached:           340200 kB
MemTotal:        1844596 kB
MemFree:         1259108 kB
MemAvailable:    1531064 kB
Buffers:           53852 kB
Cached:           340200 kB
MemTotal:        1844596 kB
MemFree:         1259016 kB
MemAvailable:    1530980 kB
Buffers:           53852 kB
Cached:           340208 kB
MemTotal:        1844596 kB
MemFree:         1258572 kB
MemAvailable:    1530536 kB
Buffers:           53852 kB
Cached:           340208 kB
MemTotal:        1844596 kB
MemFree:         1258700 kB
MemAvailable:    1530664 kB
Buffers:           53852 kB
Cached:           340208 kB
MemTotal:        1844596 kB
MemFree:         1258268 kB
MemAvailable:    1530232 kB
Buffers:           53852 kB
Cached:           340208 kB
MemTotal:        1844596 kB
MemFree:         1258036 kB
MemAvailable:    1530000 kB
Buffers:           53852 kB
Cached:           340208 kB
MemTotal:        1844596 kB
MemFree:         1258104 kB
MemAvailable:    1530068 kB
Buffers:           53852 kB
Cached:           340208 kB
MemTotal:        1844596 kB
MemFree:         1258356 kB
MemAvailable:    1530320 kB
Buffers:           53852 kB
Cached:           340208 kB
MemTotal:        1844596 kB
MemFree:         1257676 kB
MemAvailable:    1529640 kB
Buffers:           53852 kB
Cached:           340208 kB
MemTotal:        1844596 kB
MemFree:         1257960 kB
MemAvailable:    1529924 kB
Buffers:           53852 kB
Cached:           340208 kB
MemTotal:        1844596 kB
MemFree:         1258128 kB
MemAvailable:    1530092 kB
Buffers:           53852 kB
Cached:           340208 kB
MemTotal:        1844596 kB
MemFree:         1258004 kB
MemAvailable:    1529968 kB
Buffers:           53852 kB
Cached:           340208 kB
MemTotal:        1844596 kB
MemFree:         1258004 kB
MemAvailable:    1529968 kB
Buffers:           53852 kB
Cached:           340208 kB
MemTotal:        1844596 kB
MemFree:         1257972 kB
MemAvailable:    1529936 kB
Buffers:           53852 kB
Cached:           340208 kB
MemTotal:        1844596 kB
MemFree:         1256840 kB
MemAvailable:    1528804 kB
Buffers:           53852 kB
Cached:           340208 kB
MemTotal:        1844596 kB
MemFree:         1258268 kB
MemAvailable:    1530232 kB
Buffers:           53852 kB
Cached:           340208 kB
MemTotal:        1844596 kB
MemFree:         1256832 kB
MemAvailable:    1528796 kB
Buffers:           53852 kB
Cached:           340208 kB
MemTotal:        1844596 kB
MemFree:         1257728 kB
MemAvailable:    1529692 kB
Buffers:           53852 kB
Cached:           340208 kB
MemTotal:        1844596 kB
MemFree:         1256612 kB
MemAvailable:    1528576 kB
Buffers:           53852 kB
Cached:           340208 kB
MemTotal:        1844596 kB
MemFree:         1257468 kB
MemAvailable:    1529432 kB
Buffers:           53852 kB
Cached:           340208 kB
MemTotal:        1844596 kB
MemFree:         1256096 kB
MemAvailable:    1528060 kB
Buffers:           53852 kB
Cached:           340208 kB
MemTotal:        1844596 kB
MemFree:         1257196 kB
MemAvailable:    1529160 kB
Buffers:           53852 kB
Cached:           340208 kB
MemTotal:        1844596 kB
MemFree:         1257088 kB
MemAvailable:    1529052 kB
Buffers:           53852 kB
Cached:           340208 kB
MemTotal:        1844596 kB
MemFree:         1257132 kB
MemAvailable:    1529096 kB
Buffers:           53852 kB
Cached:           340208 kB
MemTotal:        1844596 kB
MemFree:         1257260 kB
MemAvailable:    1529224 kB
Buffers:           53852 kB
Cached:           340208 kB
MemTotal:        1844596 kB
MemFree:         1257004 kB
MemAvailable:    1528968 kB
Buffers:           53852 kB
Cached:           340208 kB
MemTotal:        1844596 kB
MemFree:         1257256 kB
MemAvailable:    1529220 kB
Buffers:           53852 kB
Cached:           340208 kB
MemTotal:        1844596 kB
MemFree:         1255688 kB
MemAvailable:    1527652 kB
Buffers:           53852 kB
Cached:           340208 kB
MemTotal:        1844596 kB
MemFree:         1255696 kB
MemAvailable:    1527660 kB
Buffers:           53852 kB
Cached:           340208 kB
MemTotal:        1844596 kB
MemFree:         1256844 kB
MemAvailable:    1528808 kB
Buffers:           53852 kB
Cached:           340208 kB
MemTotal:        1844596 kB
MemFree:         1256844 kB
MemAvailable:    1528808 kB
Buffers:           53852 kB
Cached:           340208 kB
MemTotal:        1844596 kB
MemFree:         1252876 kB
MemAvailable:    1524840 kB
Buffers:           53852 kB
Cached:           340208 kB
MemTotal:        1844596 kB
MemFree:         1252752 kB
MemAvailable:    1524716 kB
Buffers:           53852 kB
Cached:           340208 kB
MemTotal:        1844596 kB
MemFree:         1250164 kB
MemAvailable:    1522128 kB
Buffers:           53852 kB
Cached:           340208 kB
MemTotal:        1844596 kB
MemFree:         1249620 kB
MemAvailable:    1521584 kB
Buffers:           53852 kB
Cached:           340208 kB
MemTotal:        1844596 kB
MemFree:         1248428 kB
MemAvailable:    1520392 kB
Buffers:           53852 kB
Cached:           340208 kB
MemTotal:        1844596 kB
MemFree:         1249100 kB
MemAvailable:    1521064 kB
Buffers:           53852 kB
Cached:           340208 kB
MemTotal:        1844596 kB
MemFree:         1249352 kB
MemAvailable:    1521316 kB
Buffers:           53852 kB
Cached:           340208 kB
MemTotal:        1844596 kB
MemFree:         1249204 kB
MemAvailable:    1521168 kB
Buffers:           53852 kB
Cached:           340208 kB
MemTotal:        1844596 kB
MemFree:         1247904 kB
MemAvailable:    1519868 kB
Buffers:           53852 kB
Cached:           340208 kB
MemTotal:        1844596 kB
MemFree:         1249228 kB
MemAvailable:    1521192 kB
Buffers:           53852 kB
Cached:           340208 kB
MemTotal:        1844596 kB
MemFree:         1249276 kB
MemAvailable:    1521240 kB
Buffers:           53852 kB
Cached:           340208 kB
MemTotal:        1844596 kB
MemFree:         1249276 kB
MemAvailable:    1521240 kB
Buffers:           53852 kB
Cached:           340208 kB
MemTotal:        1844596 kB
MemFree:         1247984 kB
MemAvailable:    1519948 kB
Buffers:           53852 kB
Cached:           340208 kB
MemTotal:        1844596 kB
MemFree:         1249220 kB
MemAvailable:    1521184 kB
Buffers:           53852 kB
Cached:           340208 kB
MemTotal:        1844596 kB
MemFree:         1247884 kB
MemAvailable:    1519848 kB
Buffers:           53852 kB
Cached:           340208 kB
MemTotal:        1844596 kB
MemFree:         1248684 kB
MemAvailable:    1520648 kB
Buffers:           53852 kB
Cached:           340208 kB
MemTotal:        1844596 kB
MemFree:         1248420 kB
MemAvailable:    1520392 kB
Buffers:           53852 kB
Cached:           340216 kB
MemTotal:        1844596 kB
MemFree:         1249648 kB
MemAvailable:    1521620 kB
Buffers:           53852 kB
Cached:           340216 kB
MemTotal:        1844596 kB
MemFree:         1249288 kB
MemAvailable:    1521260 kB
Buffers:           53852 kB
Cached:           340216 kB
MemTotal:        1844596 kB
MemFree:         1248860 kB
MemAvailable:    1520832 kB
Buffers:           53852 kB
Cached:           340216 kB
MemTotal:        1844596 kB
MemFree:         1248544 kB
MemAvailable:    1520516 kB
Buffers:           53852 kB
Cached:           340216 kB
MemTotal:        1844596 kB
MemFree:         1248612 kB
MemAvailable:    1520584 kB
Buffers:           53852 kB
Cached:           340216 kB
MemTotal:        1844596 kB
MemFree:         1248240 kB
MemAvailable:    1520212 kB
Buffers:           53852 kB
Cached:           340216 kB
MemTotal:        1844596 kB
MemFree:         1247536 kB
MemAvailable:    1519508 kB
Buffers:           53852 kB
Cached:           340216 kB
MemTotal:        1844596 kB
MemFree:         1247872 kB
MemAvailable:    1519844 kB
Buffers:           53852 kB
Cached:           340216 kB
MemTotal:        1844596 kB
MemFree:         1247296 kB
MemAvailable:    1519268 kB
Buffers:           53852 kB
Cached:           340216 kB
MemTotal:        1844596 kB
MemFree:         1247296 kB
MemAvailable:    1519268 kB
Buffers:           53852 kB
Cached:           340216 kB
MemTotal:        1844596 kB
MemFree:         1246380 kB
MemAvailable:    1518352 kB
Buffers:           53852 kB
Cached:           340216 kB
MemTotal:        1844596 kB
MemFree:         1245328 kB
MemAvailable:    1517300 kB
Buffers:           53852 kB
Cached:           340216 kB
MemTotal:        1844596 kB
MemFree:         1245800 kB
MemAvailable:    1517772 kB
Buffers:           53852 kB
Cached:           340216 kB
MemTotal:        1844596 kB
MemFree:         1245884 kB
MemAvailable:    1517856 kB
Buffers:           53856 kB
Cached:           340212 kB
MemTotal:        1844596 kB
MemFree:         1245752 kB
MemAvailable:    1517724 kB
Buffers:           53856 kB
Cached:           340212 kB
MemTotal:        1844596 kB
MemFree:         1245900 kB
MemAvailable:    1517872 kB
Buffers:           53856 kB
Cached:           340212 kB
MemTotal:        1844596 kB
MemFree:         1245512 kB
MemAvailable:    1517484 kB
Buffers:           53856 kB
Cached:           340212 kB
MemTotal:        1844596 kB
MemFree:         1245256 kB
MemAvailable:    1517228 kB
Buffers:           53856 kB
Cached:           340212 kB
MemTotal:        1844596 kB
MemFree:         1245208 kB
MemAvailable:    1517180 kB
Buffers:           53856 kB
Cached:           340212 kB
MemTotal:        1844596 kB
MemFree:         1244336 kB
MemAvailable:    1516308 kB
Buffers:           53856 kB
Cached:           340212 kB
MemTotal:        1844596 kB
MemFree:         1245128 kB
MemAvailable:    1517100 kB
Buffers:           53856 kB
Cached:           340212 kB
MemTotal:        1844596 kB
MemFree:         1245192 kB
MemAvailable:    1517164 kB
Buffers:           53856 kB
Cached:           340212 kB
MemTotal:        1844596 kB
MemFree:         1245504 kB
MemAvailable:    1517476 kB
Buffers:           53856 kB
Cached:           340212 kB
MemTotal:        1844596 kB
MemFree:         1244780 kB
MemAvailable:    1516752 kB
Buffers:           53856 kB
Cached:           340212 kB
MemTotal:        1844596 kB
MemFree:         1244684 kB
MemAvailable:    1516656 kB
Buffers:           53856 kB
Cached:           340212 kB
MemTotal:        1844596 kB
MemFree:         1245020 kB
MemAvailable:    1516992 kB
Buffers:           53856 kB
Cached:           340212 kB
MemTotal:        1844596 kB
MemFree:         1243336 kB
MemAvailable:    1515308 kB
Buffers:           53856 kB
Cached:           340212 kB
MemTotal:        1844596 kB
MemFree:         1238508 kB
MemAvailable:    1510480 kB
Buffers:           53856 kB
Cached:           340212 kB
MemTotal:        1844596 kB
MemFree:         1235384 kB
MemAvailable:    1507356 kB
Buffers:           53856 kB
Cached:           340212 kB
MemTotal:        1844596 kB
MemFree:         1235384 kB
MemAvailable:    1507356 kB
Buffers:           53856 kB
Cached:           340212 kB
MemTotal:        1844596 kB
MemFree:         1235332 kB
MemAvailable:    1507304 kB
Buffers:           53856 kB
Cached:           340212 kB
MemTotal:        1844596 kB
MemFree:         1235480 kB
MemAvailable:    1507452 kB
Buffers:           53856 kB
Cached:           340212 kB
MemTotal:        1844596 kB
MemFree:         1234144 kB
MemAvailable:    1506116 kB
Buffers:           53856 kB
Cached:           340212 kB
MemTotal:        1844596 kB
MemFree:         1234788 kB
MemAvailable:    1506760 kB
Buffers:           53856 kB
Cached:           340212 kB
MemTotal:        1844596 kB
MemFree:         1237452 kB
MemAvailable:    1509432 kB
Buffers:           53856 kB
Cached:           340220 kB
MemTotal:        1844596 kB
MemFree:         1237452 kB
MemAvailable:    1509432 kB
Buffers:           53856 kB
Cached:           340220 kB
MemTotal:        1844596 kB
MemFree:         1237220 kB
MemAvailable:    1509284 kB
Buffers:           53856 kB
Cached:           340344 kB
MemTotal:        1844596 kB
MemFree:         1237472 kB
MemAvailable:    1509536 kB
Buffers:           53856 kB
Cached:           340344 kB
MemTotal:        1844596 kB
MemFree:         1236104 kB
MemAvailable:    1508336 kB
Buffers:           53856 kB
Cached:           340468 kB
MemTotal:        1844596 kB
MemFree:         1235788 kB
MemAvailable:    1508188 kB
Buffers:           53856 kB
Cached:           340592 kB
MemTotal:        1844596 kB
MemFree:         1236028 kB
MemAvailable:    1508428 kB
Buffers:           53856 kB
Cached:           340716 kB
MemTotal:        1844596 kB
MemFree:         1236840 kB
MemAvailable:    1509324 kB
Buffers:           53856 kB
Cached:           340716 kB
MemTotal:        1844596 kB
MemFree:         1236592 kB
MemAvailable:    1509160 kB
Buffers:           53856 kB
Cached:           340840 kB
MemTotal:        1844596 kB
MemFree:         1236284 kB
MemAvailable:    1508852 kB
Buffers:           53856 kB
Cached:           340840 kB
MemTotal:        1844596 kB
MemFree:         1236704 kB
MemAvailable:    1509356 kB
Buffers:           53856 kB
Cached:           340840 kB
MemTotal:        1844596 kB
MemFree:         1236632 kB
MemAvailable:    1509284 kB
Buffers:           53856 kB
Cached:           340840 kB
MemTotal:        1844596 kB
MemFree:         1236888 kB
MemAvailable:    1509540 kB
Buffers:           53856 kB
Cached:           340840 kB
MemTotal:        1844596 kB
MemFree:         1235476 kB
MemAvailable:    1508128 kB
Buffers:           53856 kB
Cached:           340840 kB
MemTotal:        1844596 kB
MemFree:         1236736 kB
MemAvailable:    1509388 kB
Buffers:           53856 kB
Cached:           340840 kB
MemTotal:        1844596 kB
MemFree:         1236736 kB
MemAvailable:    1509388 kB
Buffers:           53856 kB
Cached:           340840 kB
MemTotal:        1844596 kB
MemFree:         1236640 kB
MemAvailable:    1509292 kB
Buffers:           53856 kB
Cached:           340840 kB
MemTotal:        1844596 kB
MemFree:         1236832 kB
MemAvailable:    1508896 kB
Buffers:           53856 kB
Cached:           340208 kB
MemTotal:        1844596 kB
MemFree:         1258912 kB
MemAvailable:    1531060 kB
Buffers:           53856 kB
Cached:           340208 kB
