MemTotal:        1844596 kB
MemFree:         1404952 kB
MemAvailable:    1562460 kB
Buffers:           41036 kB
Cached:           248672 kB
MemTotal:        1844596 kB
MemFree:         1403736 kB
MemAvailable:    1561244 kB
Buffers:           41036 kB
Cached:           248672 kB
MemTotal:        1844596 kB
MemFree:         1404780 kB
MemAvailable:    1562288 kB
Buffers:           41036 kB
Cached:           248672 kB
MemTotal:        1844596 kB
MemFree:         1401628 kB
MemAvailable:    1559136 kB
Buffers:           41036 kB
Cached:           248672 kB
MemTotal:        1844596 kB
MemFree:         1401348 kB
MemAvailable:    1558856 kB
Buffers:           41036 kB
Cached:           248672 kB
MemTotal:        1844596 kB
MemFree:         1401684 kB
MemAvailable:    1559192 kB
Buffers:           41036 kB
Cached:           248672 kB
MemTotal:        1844596 kB
MemFree:         1401544 kB
MemAvailable:    1559052 kB
Buffers:           41036 kB
Cached:           248672 kB
MemTotal:        1844596 kB
MemFree:         1398892 kB
MemAvailable:    1556400 kB
Buffers:           41036 kB
Cached:           248672 kB
MemTotal:        1844596 kB
MemFree:         1396272 kB
MemAvailable:    1553780 kB
Buffers:           41036 kB
Cached:           248672 kB
MemTotal:        1844596 kB
MemFree:         1396272 kB
MemAvailable:    1553780 kB
Buffers:           41036 kB
Cached:           248672 kB
MemTotal:        1844596 kB
MemFree:         1392256 kB
MemAvailable:    1549764 kB
Buffers:           41036 kB
Cached:           248672 kB
MemTotal:        1844596 kB
MemFree:         1389096 kB
MemAvailable:    1546604 kB
Buffers:           41036 kB
Cached:           248672 kB
MemTotal:        1844596 kB
MemFree:         1391188 kB
MemAvailable:    1548696 kB
Buffers:           41036 kB
Cached:           248672 kB
MemTotal:        1844596 kB
MemFree:         1391440 kB
MemAvailable:    1548948 kB
Buffers:           41036 kB
Cached:           248672 kB
MemTotal:        1844596 kB
MemFree:         1390200 kB
MemAvailable:    1547708 kB
Buffers:           41036 kB
Cached:           248672 kB
MemTotal:        1844596 kB
MemFree:         1390700 kB
MemAvailable:    1548208 kB
Buffers:           41036 kB
Cached:           248672 kB
MemTotal:        1844596 kB
MemFree:         1391000 kB
MemAvailable:    1548508 kB
Buffers:           41036 kB
Cached:           248672 kB
MemTotal:        1844596 kB
MemFree:         1391000 kB
MemAvailable:    1548508 kB
Buffers:           41036 kB
Cached:           248672 kB
MemTotal:        1844596 kB
MemFree:         1389640 kB
MemAvailable:    1547148 kB
Buffers:           41036 kB
Cached:           248672 kB
MemTotal:        1844596 kB
MemFree:         1389716 kB
MemAvailable:    1547224 kB
Buffers:           41036 kB
Cached:           248672 kB
MemTotal:        1844596 kB
MemFree:         1389528 kB
MemAvailable:    1547036 kB
Buffers:           41036 kB
Cached:           248672 kB
MemTotal:        1844596 kB
MemFree:         1387980 kB
MemAvailable:    1545488 kB
Buffers:           41036 kB
Cached:           248672 kB
MemTotal:        1844596 kB
MemFree:         1388824 kB
MemAvailable:    1546332 kB
Buffers:           41036 kB
Cached:           248672 kB
MemTotal:        1844596 kB
MemFree:         1388908 kB
MemAvailable:    1546416 kB
Buffers:           41036 kB
Cached:           248672 kB
MemTotal:        1844596 kB
MemFree:         1387724 kB
MemAvailable:    1545232 kB
Buffers:           41036 kB
Cached:           248672 kB
MemTotal:        1844596 kB
MemFree:         1388900 kB
MemAvailable:    1546408 kB
Buffers:           41036 kB
Cached:           248672 kB
MemTotal:        1844596 kB
MemFree:         1387716 kB
MemAvailable:    1545224 kB
Buffers:           41036 kB
Cached:           248672 kB
MemTotal:        1844596 kB
MemFree:         1388104 kB
MemAvailable:    1545612 kB
Buffers:           41036 kB
Cached:           248672 kB
MemTotal:        1844596 kB
MemFree:         1389096 kB
MemAvailable:    1546608 kB
Buffers:           41036 kB
Cached:           248676 kB
MemTotal:        1844596 kB
MemFree:         1388352 kB
MemAvailable:    1545864 kB
Buffers:           41036 kB
Cached:           248676 kB
MemTotal:        1844596 kB
MemFree:         1388460 kB
MemAvailable:    1545972 kB
Buffers:           41036 kB
Cached:           248676 kB
MemTotal:        1844596 kB
MemFree:         1387804 kB
MemAvailable:    1545316 kB
Buffers:           41036 kB
Cached:           248676 kB
MemTotal:        1844596 kB
MemFree:         1388904 kB
MemAvailable:    1546416 kB
Buffers:           41036 kB
Cached:           248676 kB
MemTotal:        1844596 kB
MemFree:         1388780 kB
MemAvailable:    1546292 kB
Buffers:           41036 kB
Cached:           248676 kB
MemTotal:        1844596 kB
MemFree:         1387856 kB
MemAvailable:    1545368 kB
Buffers:           41036 kB
Cached:           248676 kB
MemTotal:        1844596 kB
MemFree:         1388176 kB
MemAvailable:    1545688 kB
Buffers:           41036 kB
Cached:           248676 kB
MemTotal:        1844596 kB
MemFree:         1386476 kB
MemAvailable:    1543988 kB
Buffers:           41036 kB
Cached:           248676 kB
MemTotal:        1844596 kB
MemFree:         1386476 kB
MemAvailable:    1543988 kB
Buffers:           41036 kB
Cached:           248676 kB
MemTotal:        1844596 kB
MemFree:         1385748 kB
MemAvailable:    1543264 kB
Buffers:           41036 kB
Cached:           248680 kB
MemTotal:        1844596 kB
MemFree:         1385352 kB
MemAvailable:    1542868 kB
Buffers:           41036 kB
Cached:           248680 kB
MemTotal:        1844596 kB
MemFree:         1385376 kB
MemAvailable:    1542892 kB
Buffers:           41036 kB
Cached:           248680 kB
MemTotal:        1844596 kB
MemFree:         1383640 kB
MemAvailable:    1541156 kB
Buffers:           41036 kB
Cached:           248680 kB
MemTotal:        1844596 kB
MemFree:         1384880 kB
MemAvailable:    1542396 kB
Buffers:           41036 kB
Cached:           248680 kB
MemTotal:        1844596 kB
MemFree:         1384740 kB
MemAvailable:    1542256 kB
Buffers:           41036 kB
Cached:           248680 kB
MemTotal:        1844596 kB
MemFree:         1384824 kB
MemAvailable:    1542340 kB
Buffers:           41036 kB
Cached:           248680 kB
MemTotal:        1844596 kB
MemFree:         1384576 kB
MemAvailable:    1542092 kB
Buffers:           41036 kB
Cached:           248680 kB
MemTotal:        1844596 kB
MemFree:         1383372 kB
MemAvailable:    1540888 kB
Buffers:           41036 kB
Cached:           248680 kB
MemTotal:        1844596 kB
MemFree:         1383440 kB
MemAvailable:    1540956 kB
Buffers:           41036 kB
Cached:           248680 kB
MemTotal:        1844596 kB
MemFree:         1384500 kB
MemAvailable:    1542016 kB
Buffers:           41036 kB
Cached:           248680 kB
MemTotal:        1844596 kB
MemFree:         1383192 kB
MemAvailable:    1540708 kB
Buffers:           41036 kB
Cached:           248680 kB
MemTotal:        1844596 kB
MemFree:         1384072 kB
MemAvailable:    1541588 kB
Buffers:           41036 kB
Cached:           248680 kB
MemTotal:        1844596 kB
MemFree:         1382640 kB
MemAvailable:    1540156 kB
Buffers:           41036 kB
Cached:           248680 kB
MemTotal:        1844596 kB
MemFree:         1383312 kB
MemAvailable:    1540828 kB
Buffers:           41036 kB
Cached:           248680 kB
MemTotal:        1844596 kB
MemFree:         1383648 kB
MemAvailable:    1541164 kB
Buffers:           41036 kB
Cached:           248680 kB
MemTotal:        1844596 kB
MemFree:         1383700 kB
MemAvailable:    1541216 kB
Buffers:           41036 kB
Cached:           248680 kB
MemTotal:        1844596 kB
MemFree:         1382772 kB
MemAvailable:    1540288 kB
Buffers:           41036 kB
Cached:           248680 kB
MemTotal:        1844596 kB
MemFree:         1383020 kB
MemAvailable:    1540536 kB
Buffers:           41036 kB
Cached:           248680 kB
MemTotal:        1844596 kB
MemFree:         1383824 kB
MemAvailable:    1541340 kB
Buffers:           41036 kB
Cached:           248680 kB
MemTotal:        1844596 kB
MemFree:         1382384 kB
MemAvailable:    1539900 kB
Buffers:           41036 kB
Cached:           248680 kB
MemTotal:        1844596 kB
MemFree:         1383692 kB
MemAvailable:    1541208 kB
Buffers:           41036 kB
Cached:           248680 kB
MemTotal:        1844596 kB
MemFree:         1382656 kB
MemAvailable:    1540172 kB
Buffers:           41036 kB
Cached:           248680 kB
MemTotal:        1844596 kB
MemFree:         1383492 kB
MemAvailable:    1541008 kB
Buffers:           41036 kB
Cached:           248680 kB
MemTotal:        1844596 kB
MemFree:         1383576 kB
MemAvailable:    1541092 kB
Buffers:           41036 kB
Cached:           248680 kB
MemTotal:        1844596 kB
MemFree:         1383708 kB
MemAvailable:    1541224 kB
Buffers:           41036 kB
Cached:           248680 kB
MemTotal:        1844596 kB
MemFree:         1383528 kB
MemAvailable:    1541044 kB
Buffers:           41036 kB
Cached:           248680 kB
MemTotal:        1844596 kB
MemFree:         1383328 kB
MemAvailable:    1540844 kB
Buffers:           41036 kB
Cached:           248680 kB
MemTotal:        1844596 kB
MemFree:         1382020 kB
MemAvailable:    1539536 kB
Buffers:           41036 kB
Cached:           248680 kB
MemTotal:        1844596 kB
MemFree:         1381896 kB
MemAvailable:    1539412 kB
Buffers:           41036 kB
Cached:           248680 kB
MemTotal:        1844596 kB
MemFree:         1382956 kB
MemAvailable:    1540472 kB
Buffers:           41036 kB
Cached:           248680 kB
MemTotal:        1844596 kB
MemFree:         1381648 kB
MemAvailable:    1539164 kB
Buffers:           41036 kB
Cached:           248680 kB
MemTotal:        1844596 kB
MemFree:         1381772 kB
MemAvailable:    1539288 kB
Buffers:           41036 kB
Cached:           248680 kB
MemTotal:        1844596 kB
MemFree:         1381648 kB
MemAvailable:    1539164 kB
Buffers:           41036 kB
Cached:           248680 kB
MemTotal:        1844596 kB
MemFree:         1382576 kB
MemAvailable:    1540092 kB
Buffers:           41036 kB
Cached:           248680 kB
MemTotal:        1844596 kB
MemFree:         1382576 kB
MemAvailable:    1540092 kB
Buffers:           41036 kB
Cached:           248680 kB
MemTotal:        1844596 kB
MemFree:         1382684 kB
MemAvailable:    1540200 kB
Buffers:           41036 kB
Cached:           248680 kB
MemTotal:        1844596 kB
MemFree:         1382764 kB
MemAvailable:    1540280 kB
Buffers:           41036 kB
Cached:           248680 kB
MemTotal:        1844596 kB
MemFree:         1382768 kB
MemAvailable:    1540284 kB
Buffers:           41036 kB
Cached:           248680 kB
MemTotal:        1844596 kB
MemFree:         1381328 kB
MemAvailable:    1538844 kB
Buffers:           41036 kB
Cached:           248680 kB
MemTotal:        1844596 kB
MemFree:         1380416 kB
MemAvailable:    1537932 kB
Buffers:           41036 kB
Cached:           248680 kB
MemTotal:        1844596 kB
MemFree:         1379868 kB
MemAvailable:    1537384 kB
Buffers:           41036 kB
Cached:           248680 kB
MemTotal:        1844596 kB
MemFree:         1377788 kB
MemAvailable:    1535304 kB
Buffers:           41036 kB
Cached:           248680 kB
MemTotal:        1844596 kB
MemFree:         1377788 kB
MemAvailable:    1535304 kB
Buffers:           41036 kB
Cached:           248680 kB
MemTotal:        1844596 kB
MemFree:         1375508 kB
MemAvailable:    1533024 kB
Buffers:           41036 kB
Cached:           248680 kB
MemTotal:        1844596 kB
MemFree:         1375268 kB
MemAvailable:    1532784 kB
Buffers:           41036 kB
Cached:           248680 kB
MemTotal:        1844596 kB
MemFree:         1373844 kB
MemAvailable:    1531360 kB
Buffers:           41036 kB
Cached:           248680 kB
MemTotal:        1844596 kB
MemFree:         1373844 kB
MemAvailable:    1531360 kB
Buffers:           41036 kB
Cached:           248680 kB
MemTotal:        1844596 kB
MemFree:         1375148 kB
MemAvailable:    1532664 kB
Buffers:           41036 kB
Cached:           248680 kB
MemTotal:        1844596 kB
MemFree:         1373588 kB
MemAvailable:    1531104 kB
Buffers:           41036 kB
Cached:           248680 kB
MemTotal:        1844596 kB
MemFree:         1373836 kB
MemAvailable:    1531352 kB
Buffers:           41036 kB
Cached:           248680 kB
MemTotal:        1844596 kB
MemFree:         1373580 kB
MemAvailable:    1531096 kB
Buffers:           41036 kB
Cached:           248680 kB
MemTotal:        1844596 kB
MemFree:         1374216 kB
MemAvailable:    1531732 kB
Buffers:           41036 kB
Cached:           248680 kB
MemTotal:        1844596 kB
MemFree:         1374760 kB
MemAvailable:    1532276 kB
Buffers:           41036 kB
Cached:           248680 kB
MemTotal:        1844596 kB
MemFree:         1374928 kB
MemAvailable:    1532444 kB
Buffers:           41036 kB
Cached:           248680 kB
MemTotal:        1844596 kB
MemFree:         1373532 kB
MemAvailable:    1531048 kB
Buffers:           41036 kB
Cached:           248680 kB
MemTotal:        1844596 kB
MemFree:         1374332 kB
MemAvailable:    1531848 kB
Buffers:           41036 kB
Cached:           248680 kB
MemTotal:        1844596 kB
MemFree:         1374628 kB
MemAvailable:    1532144 kB
Buffers:           41036 kB
Cached:           248680 kB
MemTotal:        1844596 kB
MemFree:         1374712 kB
MemAvailable:    1532228 kB
Buffers:           41036 kB
Cached:           248680 kB
MemTotal:        1844596 kB
MemFree:         1373440 kB
MemAvailable:    1530956 kB
Buffers:           41036 kB
Cached:           248680 kB
MemTotal:        1844596 kB
MemFree:         1373260 kB
MemAvailable:    1530776 kB
Buffers:           41036 kB
Cached:           248680 kB
MemTotal:        1844596 kB
MemFree:         1374200 kB
MemAvailable:    1531716 kB
Buffers:           41036 kB
Cached:           248680 kB
MemTotal:        1844596 kB
MemFree:         1374068 kB
MemAvailable:    1531584 kB
Buffers:           41036 kB
Cached:           248680 kB
MemTotal:        1844596 kB
MemFree:         1372456 kB
MemAvailable:    1529972 kB
Buffers:           41036 kB
Cached:           248680 kB
MemTotal:        1844596 kB
MemFree:         1372100 kB
MemAvailable:    1529616 kB
Buffers:           41036 kB
Cached:           248680 kB
MemTotal:        1844596 kB
MemFree:         1372356 kB
MemAvailable:    1529872 kB
Buffers:           41036 kB
Cached:           248680 kB
MemTotal:        1844596 kB
MemFree:         1372960 kB
MemAvailable:    1530476 kB
Buffers:           41036 kB
Cached:           248680 kB
MemTotal:        1844596 kB
MemFree:         1372960 kB
MemAvailable:    1530476 kB
Buffers:           41036 kB
Cached:           248680 kB
MemTotal:        1844596 kB
MemFree:         1371844 kB
MemAvailable:    1529360 kB
Buffers:           41036 kB
Cached:           248680 kB
MemTotal:        1844596 kB
MemFree:         1371928 kB
MemAvailable:    1529444 kB
Buffers:           41036 kB
Cached:           248680 kB
MemTotal:        1844596 kB
MemFree:         1371424 kB
MemAvailable:    1528940 kB
Buffers:           41036 kB
Cached:           248680 kB
MemTotal:        1844596 kB
MemFree:         1371092 kB
MemAvailable:    1528608 kB
Buffers:           41036 kB
Cached:           248680 kB
MemTotal:        1844596 kB
MemFree:         1370976 kB
MemAvailable:    1528492 kB
Buffers:           41036 kB
Cached:           248680 kB
MemTotal:        1844596 kB
MemFree:         1371228 kB
MemAvailable:    1528744 kB
Buffers:           41036 kB
Cached:           248680 kB
MemTotal:        1844596 kB
MemFree:         1371228 kB
MemAvailable:    1528744 kB
Buffers:           41036 kB
Cached:           248680 kB
MemTotal:        1844596 kB
MemFree:         1371016 kB
MemAvailable:    1528532 kB
Buffers:           41036 kB
Cached:           248680 kB
MemTotal:        1844596 kB
MemFree:         1370884 kB
MemAvailable:    1528400 kB
Buffers:           41036 kB
Cached:           248680 kB
MemTotal:        1844596 kB
MemFree:         1370796 kB
MemAvailable:    1528312 kB
Buffers:           41036 kB
Cached:           248680 kB
MemTotal:        1844596 kB
MemFree:         1370888 kB
MemAvailable:    1528412 kB
Buffers:           41036 kB
Cached:           248688 kB
MemTotal:        1844596 kB
MemFree:         1370804 kB
MemAvailable:    1528328 kB
Buffers:           41036 kB
Cached:           248688 kB
MemTotal:        1844596 kB
MemFree:         1370240 kB
MemAvailable:    1527764 kB
Buffers:           41036 kB
Cached:           248688 kB
MemTotal:        1844596 kB
MemFree:         1370784 kB
MemAvailable:    1528308 kB
Buffers:           41036 kB
Cached:           248688 kB
MemTotal:        1844596 kB
MemFree:         1370828 kB
MemAvailable:    1528352 kB
Buffers:           41036 kB
Cached:           248688 kB
MemTotal:        1844596 kB
MemFree:         1370000 kB
MemAvailable:    1527524 kB
Buffers:           41036 kB
Cached:           248688 kB
MemTotal:        1844596 kB
MemFree:         1370356 kB
MemAvailable:    1527884 kB
Buffers:           41036 kB
Cached:           248692 kB
MemTotal:        1844596 kB
MemFree:         1370356 kB
MemAvailable:    1527884 kB
Buffers:           41036 kB
Cached:           248692 kB
MemTotal:        1844596 kB
MemFree:         1370248 kB
MemAvailable:    1527776 kB
Buffers:           41036 kB
Cached:           248692 kB
MemTotal:        1844596 kB
MemFree:         1365908 kB
MemAvailable:    1523436 kB
Buffers:           41036 kB
Cached:           248692 kB
MemTotal:        1844596 kB
MemFree:         1363240 kB
MemAvailable:    1520768 kB
Buffers:           41040 kB
Cached:           248688 kB
MemTotal:        1844596 kB
MemFree:         1362436 kB
MemAvailable:    1519964 kB
Buffers:           41040 kB
Cached:           248812 kB
MemTotal:        1844596 kB
MemFree:         1362732 kB
MemAvailable:    1520344 kB
Buffers:           41040 kB
Cached:           248936 kB
MemTotal:        1844596 kB
MemFree:         1362732 kB
MemAvailable:    1520344 kB
Buffers:           41040 kB
Cached:           248936 kB
MemTotal:        1844596 kB
MemFree:         1362560 kB
MemAvailable:    1520340 kB
Buffers:           41040 kB
Cached:           249060 kB
MemTotal:        1844596 kB
MemFree:         1361692 kB
MemAvailable:    1519556 kB
Buffers:           41040 kB
Cached:           249184 kB
MemTotal:        1844596 kB
MemFree:         1362316 kB
MemAvailable:    1520348 kB
Buffers:           41040 kB
Cached:           249308 kB
MemTotal:        1844596 kB
MemFree:         1362184 kB
MemAvailable:    1520300 kB
Buffers:           41040 kB
Cached:           249308 kB
MemTotal:        1844596 kB
MemFree:         1361044 kB
MemAvailable:    1519160 kB
Buffers:           41040 kB
Cached:           249308 kB
MemTotal:        1844596 kB
MemFree:         1362012 kB
MemAvailable:    1520128 kB
Buffers:           41040 kB
Cached:           249308 kB
MemTotal:        1844596 kB
MemFree:         1361912 kB
MemAvailable:    1520028 kB
Buffers:           41040 kB
Cached:           249308 kB
MemTotal:        1844596 kB
MemFree:         1362172 kB
MemAvailable:    1520288 kB
Buffers:           41040 kB
Cached:           249308 kB
MemTotal:        1844596 kB
MemFree:         1361816 kB
MemAvailable:    1519932 kB
Buffers:           41040 kB
Cached:           249308 kB
MemTotal:        1844596 kB
MemFree:         1362292 kB
MemAvailable:    1520408 kB
Buffers:           41040 kB
Cached:           249308 kB
MemTotal:        1844596 kB
MemFree:         1362236 kB
MemAvailable:    1520352 kB
Buffers:           41040 kB
Cached:           249308 kB
MemTotal:        1844596 kB
MemFree:         1361568 kB
MemAvailable:    1519756 kB
Buffers:           41040 kB
Cached:           249384 kB
MemTotal:        1844596 kB
MemFree:         1360984 kB
MemAvailable:    1518584 kB
Buffers:           41040 kB
Cached:           248752 kB
MemTotal:        1844596 kB
MemFree:         1432096 kB
MemAvailable:    1589696 kB
Buffers:           41040 kB
Cached:           248752 kB
