MemTotal:        1844596 kB
MemFree:         1257440 kB
MemAvailable:    1546060 kB
Buffers:           55932 kB
Cached:           353376 kB
MemTotal:        1844596 kB
MemFree:         1256688 kB
MemAvailable:    1545308 kB
Buffers:           55932 kB
Cached:           353376 kB
MemTotal:        1844596 kB
MemFree:         1254900 kB
MemAvailable:    1543520 kB
Buffers:           55932 kB
Cached:           353376 kB
MemTotal:        1844596 kB
MemFree:         1253272 kB
MemAvailable:    1541892 kB
Buffers:           55932 kB
Cached:           353376 kB
MemTotal:        1844596 kB
MemFree:         1253272 kB
MemAvailable:    1541892 kB
Buffers:           55932 kB
Cached:           353376 kB
MemTotal:        1844596 kB
MemFree:         1253232 kB
MemAvailable:    1541852 kB
Buffers:           55932 kB
Cached:           353376 kB
MemTotal:        1844596 kB
MemFree:         1251784 kB
MemAvailable:    1540404 kB
Buffers:           55932 kB
Cached:           353376 kB
MemTotal:        1844596 kB
MemFree:         1252668 kB
MemAvailable:    1541288 kB
Buffers:           55932 kB
Cached:           353376 kB
MemTotal:        1844596 kB
MemFree:         1248140 kB
MemAvailable:    1536760 kB
Buffers:           55932 kB
Cached:           353376 kB
MemTotal:        1844596 kB
MemFree:         1243848 kB
MemAvailable:    1532468 kB
Buffers:           55932 kB
Cached:           353376 kB
MemTotal:        1844596 kB
MemFree:         1242500 kB
MemAvailable:    1531120 kB
Buffers:           55932 kB
Cached:           353376 kB
MemTotal:        1844596 kB
MemFree:         1242312 kB
MemAvailable:    1530932 kB
Buffers:           55932 kB
Cached:           353376 kB
MemTotal:        1844596 kB
MemFree:         1242624 kB
MemAvailable:    1531244 kB
Buffers:           55932 kB
Cached:           353376 kB
MemTotal:        1844596 kB
MemFree:         1243856 kB
MemAvailable:    1532484 kB
Buffers:           55932 kB
Cached:           353380 kB
MemTotal:        1844596 kB
MemFree:         1243800 kB
MemAvailable:    1532428 kB
Buffers:           55932 kB
Cached:           353380 kB
MemTotal:        1844596 kB
MemFree:         1243668 kB
MemAvailable:    1532296 kB
Buffers:           55932 kB
Cached:           353380 kB
MemTotal:        1844596 kB
MemFree:         1243476 kB
MemAvailable:    1532104 kB
Buffers:           55932 kB
Cached:           353380 kB
MemTotal:        1844596 kB
MemFree:         1243280 kB
MemAvailable:    1531908 kB
Buffers:           55932 kB
Cached:           353380 kB
MemTotal:        1844596 kB
MemFree:         1242624 kB
MemAvailable:    1531252 kB
Buffers:           55932 kB
Cached:           353380 kB
MemTotal:        1844596 kB
MemFree:         1241940 kB
MemAvailable:    1530568 kB
Buffers:           55932 kB
Cached:           353380 kB
MemTotal:        1844596 kB
MemFree:         1241320 kB
MemAvailable:    1529948 kB
Buffers:           55932 kB
Cached:           353380 kB
MemTotal:        1844596 kB
MemFree:         1241072 kB
MemAvailable:    1529700 kB
Buffers:           55932 kB
Cached:           353380 kB
MemTotal:        1844596 kB
MemFree:         1239896 kB
MemAvailable:    1528524 kB
Buffers:           55932 kB
Cached:           353380 kB
MemTotal:        1844596 kB
MemFree:         1240876 kB
MemAvailable:    1529504 kB
Buffers:           55932 kB
Cached:           353380 kB
MemTotal:        1844596 kB
MemFree:         1240888 kB
MemAvailable:    1529516 kB
Buffers:           55932 kB
Cached:           353380 kB
MemTotal:        1844596 kB
MemFree:         1240144 kB
MemAvailable:    1528772 kB
Buffers:           55932 kB
Cached:           353380 kB
MemTotal:        1844596 kB
MemFree:         1240936 kB
MemAvailable:    1529564 kB
Buffers:           55932 kB
Cached:           353380 kB
MemTotal:        1844596 kB
MemFree:         1240888 kB
MemAvailable:    1529516 kB
Buffers:           55932 kB
Cached:           353380 kB
MemTotal:        1844596 kB
MemFree:         1240864 kB
MemAvailable:    1529492 kB
Buffers:           55932 kB
Cached:           353380 kB
MemTotal:        1844596 kB
MemFree:         1240864 kB
MemAvailable:    1529492 kB
Buffers:           55932 kB
Cached:           353380 kB
MemTotal:        1844596 kB
MemFree:         1241956 kB
MemAvailable:    1530584 kB
Buffers:           55932 kB
Cached:           353380 kB
MemTotal:        1844596 kB
MemFree:         1242208 kB
MemAvailable:    1530836 kB
Buffers:           55932 kB
Cached:           353380 kB
MemTotal:        1844596 kB
MemFree:         1241856 kB
MemAvailable:    1530484 kB
Buffers:           55932 kB
Cached:           353380 kB
MemTotal:        1844596 kB
MemFree:         1240764 kB
MemAvailable:    1529392 kB
Buffers:           55932 kB
Cached:           353380 kB
MemTotal:        1844596 kB
MemFree:         1238888 kB
MemAvailable:    1527516 kB
Buffers:           55932 kB
Cached:           353380 kB
MemTotal:        1844596 kB
MemFree:         1238160 kB
MemAvailable:    1526788 kB
Buffers:           55932 kB
Cached:           353380 kB
MemTotal:        1844596 kB
MemFree:         1238840 kB
MemAvailable:    1527468 kB
Buffers:           55932 kB
Cached:           353380 kB
MemTotal:        1844596 kB
MemFree:         1238532 kB
MemAvailable:    1527160 kB
Buffers:           55932 kB
Cached:           353380 kB
MemTotal:        1844596 kB
MemFree:         1236664 kB
MemAvailable:    1525292 kB
Buffers:           55932 kB
Cached:           353380 kB
MemTotal:        1844596 kB
MemFree:         1236796 kB
MemAvailable:    1525424 kB
Buffers:           55932 kB
Cached:           353380 kB
MemTotal:        1844596 kB
MemFree:         1236368 kB
MemAvailable:    1524996 kB
Buffers:           55932 kB
Cached:           353380 kB
MemTotal:        1844596 kB
MemFree:         1236044 kB
MemAvailable:    1524672 kB
Buffers:           55932 kB
Cached:           353380 kB
MemTotal:        1844596 kB
MemFree:         1237152 kB
MemAvailable:    1525780 kB
Buffers:           55936 kB
Cached:           353376 kB
MemTotal:        1844596 kB
MemFree:         1237360 kB
MemAvailable:    1525988 kB
Buffers:           55936 kB
Cached:           353376 kB
MemTotal:        1844596 kB
MemFree:         1236904 kB
MemAvailable:    1525532 kB
Buffers:           55936 kB
Cached:           353376 kB
MemTotal:        1844596 kB
MemFree:         1237156 kB
MemAvailable:    1525784 kB
Buffers:           55936 kB
Cached:           353376 kB
MemTotal:        1844596 kB
MemFree:         1235672 kB
MemAvailable:    1524300 kB
Buffers:           55936 kB
Cached:           353376 kB
MemTotal:        1844596 kB
MemFree:         1235796 kB
MemAvailable:    1524424 kB
Buffers:           55936 kB
Cached:           353376 kB
MemTotal:        1844596 kB
MemFree:         1235680 kB
MemAvailable:    1524308 kB
Buffers:           55936 kB
Cached:           353376 kB
MemTotal:        1844596 kB
MemFree:         1236160 kB
MemAvailable:    1524788 kB
Buffers:           55936 kB
Cached:           353376 kB
MemTotal:        1844596 kB
MemFree:         1235308 kB
MemAvailable:    1523936 kB
Buffers:           55936 kB
Cached:           353376 kB
MemTotal:        1844596 kB
MemFree:         1235684 kB
MemAvailable:    1524312 kB
Buffers:           55936 kB
Cached:           353376 kB
MemTotal:        1844596 kB
MemFree:         1236020 kB
MemAvailable:    1524648 kB
Buffers:           55936 kB
Cached:           353376 kB
MemTotal:        1844596 kB
MemFree:         1234656 kB
MemAvailable:    1523288 kB
Buffers:           55936 kB
Cached:           353380 kB
MemTotal:        1844596 kB
MemFree:         1234540 kB
MemAvailable:    1523172 kB
Buffers:           55936 kB
Cached:           353380 kB
MemTotal:        1844596 kB
MemFree:         1235968 kB
MemAvailable:    1524600 kB
Buffers:           55936 kB
Cached:           353380 kB
MemTotal:        1844596 kB
MemFree:         1234656 kB
MemAvailable:    1523288 kB
Buffers:           55936 kB
Cached:           353380 kB
MemTotal:        1844596 kB
MemFree:         1234656 kB
MemAvailable:    1523288 kB
Buffers:           55936 kB
Cached:           353380 kB
MemTotal:        1844596 kB
MemFree:         1234780 kB
MemAvailable:    1523412 kB
Buffers:           55936 kB
Cached:           353380 kB
MemTotal:        1844596 kB
MemFree:         1235904 kB
MemAvailable:    1524536 kB
Buffers:           55936 kB
Cached:           353380 kB
MemTotal:        1844596 kB
MemFree:         1234532 kB
MemAvailable:    1523164 kB
Buffers:           55936 kB
Cached:           353380 kB
MemTotal:        1844596 kB
MemFree:         1234400 kB
MemAvailable:    1523032 kB
Buffers:           55936 kB
Cached:           353380 kB
MemTotal:        1844596 kB
MemFree:         1234308 kB
MemAvailable:    1522940 kB
Buffers:           55936 kB
Cached:           353380 kB
MemTotal:        1844596 kB
MemFree:         1235268 kB
MemAvailable:    1523908 kB
Buffers:           55936 kB
Cached:           353388 kB
MemTotal:        1844596 kB
MemFree:         1235304 kB
MemAvailable:    1523944 kB
Buffers:           55936 kB
Cached:           353388 kB
MemTotal:        1844596 kB
MemFree:         1235132 kB
MemAvailable:    1523772 kB
Buffers:           55936 kB
Cached:           353388 kB
MemTotal:        1844596 kB
MemFree:         1233372 kB
MemAvailable:    1522012 kB
Buffers:           55936 kB
Cached:           353388 kB
MemTotal:        1844596 kB
MemFree:         1235388 kB
MemAvailable:    1524028 kB
Buffers:           55936 kB
Cached:           353388 kB
MemTotal:        1844596 kB
MemFree:         1235044 kB
MemAvailable:    1523684 kB
Buffers:           55936 kB
Cached:           353388 kB
MemTotal:        1844596 kB
MemFree:         1234848 kB
MemAvailable:    1523488 kB
Buffers:           55936 kB
Cached:           353388 kB
MemTotal:        1844596 kB
MemFree:         1234716 kB
MemAvailable:    1523356 kB
Buffers:           55936 kB
Cached:           353388 kB
MemTotal:        1844596 kB
MemFree:         1234724 kB
MemAvailable:    1523364 kB
Buffers:           55936 kB
Cached:           353388 kB
MemTotal:        1844596 kB
MemFree:         1233404 kB
MemAvailable:    1522044 kB
Buffers:           55936 kB
Cached:           353388 kB
MemTotal:        1844596 kB
MemFree:         1234796 kB
MemAvailable:    1523436 kB
Buffers:           55936 kB
Cached:           353388 kB
MemTotal:        1844596 kB
MemFree:         1233696 kB
MemAvailable:    1522336 kB
Buffers:           55936 kB
Cached:           353388 kB
MemTotal:        1844596 kB
MemFree:         1234812 kB
MemAvailable:    1523452 kB
Buffers:           55936 kB
Cached:           353388 kB
MemTotal:        1844596 kB
MemFree:         1234748 kB
MemAvailable:    1523388 kB
Buffers:           55936 kB
Cached:           353388 kB
MemTotal:        1844596 kB
MemFree:         1235000 kB
MemAvailable:    1523640 kB
Buffers:           55936 kB
Cached:           353388 kB
MemTotal:        1844596 kB
MemFree:         1234068 kB
MemAvailable:    1522708 kB
Buffers:           55936 kB
Cached:           353388 kB
MemTotal:        1844596 kB
MemFree:         1232448 kB
MemAvailable:    1521088 kB
Buffers:           55936 kB
Cached:           353388 kB
MemTotal:        1844596 kB
MemFree:         1233004 kB
MemAvailable:    1521644 kB
Buffers:           55936 kB
Cached:           353388 kB
MemTotal:        1844596 kB
MemFree:         1229044 kB
MemAvailable:    1517684 kB
Buffers:           55936 kB
Cached:           353388 kB
MemTotal:        1844596 kB
MemFree:         1227356 kB
MemAvailable:    1515996 kB
Buffers:           55936 kB
Cached:           353388 kB
MemTotal:        1844596 kB
MemFree:         1227440 kB
MemAvailable:    1516080 kB
Buffers:           55936 kB
Cached:           353388 kB
MemTotal:        1844596 kB
MemFree:         1227044 kB
MemAvailable:    1515684 kB
Buffers:           55936 kB
Cached:           353388 kB
MemTotal:        1844596 kB
MemFree:         1227044 kB
MemAvailable:    1515684 kB
Buffers:           55936 kB
Cached:           353388 kB
MemTotal:        1844596 kB
MemFree:         1225052 kB
MemAvailable:    1513692 kB
Buffers:           55936 kB
Cached:           353388 kB
MemTotal:        1844596 kB
MemFree:         1227116 kB
MemAvailable:    1515756 kB
Buffers:           55936 kB
Cached:           353388 kB
MemTotal:        1844596 kB
MemFree:         1226664 kB
MemAvailable:    1515304 kB
Buffers:           55936 kB
Cached:           353388 kB
MemTotal:        1844596 kB
MemFree:         1226872 kB
MemAvailable:    1515512 kB
Buffers:           55936 kB
Cached:           353388 kB
MemTotal:        1844596 kB
MemFree:         1225600 kB
MemAvailable:    1514240 kB
Buffers:           55936 kB
Cached:           353388 kB
MemTotal:        1844596 kB
MemFree:         1226784 kB
MemAvailable:    1515424 kB
Buffers:           55936 kB
Cached:           353388 kB
MemTotal:        1844596 kB
MemFree:         1226832 kB
MemAvailable:    1515472 kB
Buffers:           55936 kB
Cached:           353388 kB
MemTotal:        1844596 kB
MemFree:         1225732 kB
MemAvailable:    1514372 kB
Buffers:           55936 kB
Cached:           353388 kB
MemTotal:        1844596 kB
MemFree:         1227096 kB
MemAvailable:    1515736 kB
Buffers:           55936 kB
Cached:           353388 kB
MemTotal:        1844596 kB
MemFree:         1226016 kB
MemAvailable:    1514656 kB
Buffers:           55936 kB
Cached:           353388 kB
MemTotal:        1844596 kB
MemFree:         1226240 kB
MemAvailable:    1514880 kB
Buffers:           55936 kB
Cached:           353388 kB
MemTotal:        1844596 kB
MemFree:         1225368 kB
MemAvailable:    1514008 kB
Buffers:           55936 kB
Cached:           353388 kB
MemTotal:        1844596 kB
MemFree:         1226836 kB
MemAvailable:    1515476 kB
Buffers:           55936 kB
Cached:           353388 kB
MemTotal:        1844596 kB
MemFree:         1226008 kB
MemAvailable:    1514648 kB
Buffers:           55936 kB
Cached:           353388 kB
MemTotal:        1844596 kB
MemFree:         1226248 kB
MemAvailable:    1514888 kB
Buffers:           55936 kB
Cached:           353388 kB
MemTotal:        1844596 kB
MemFree:         1226116 kB
MemAvailable:    1514756 kB
Buffers:           55936 kB
Cached:           353388 kB
MemTotal:        1844596 kB
MemFree:         1225688 kB
MemAvailable:    1514328 kB
Buffers:           55936 kB
Cached:           353388 kB
MemTotal:        1844596 kB
MemFree:         1224520 kB
MemAvailable:    1513160 kB
Buffers:           55936 kB
Cached:           353388 kB
MemTotal:        1844596 kB
MemFree:         1225456 kB
MemAvailable:    1514096 kB
Buffers:           55936 kB
Cached:           353388 kB
MemTotal:        1844596 kB
MemFree:         1225324 kB
MemAvailable:    1513964 kB
Buffers:           55936 kB
Cached:           353388 kB
MemTotal:        1844596 kB
MemFree:         1224024 kB
MemAvailable:    1512664 kB
Buffers:           55936 kB
Cached:           353388 kB
MemTotal:        1844596 kB
MemFree:         1224148 kB
MemAvailable:    1512792 kB
Buffers:           55936 kB
Cached:           353392 kB
MemTotal:        1844596 kB
MemFree:         1224148 kB
MemAvailable:    1512792 kB
Buffers:           55936 kB
Cached:           353392 kB
MemTotal:        1844596 kB
MemFree:         1223032 kB
MemAvailable:    1511676 kB
Buffers:           55936 kB
Cached:           353392 kB
MemTotal:        1844596 kB
MemFree:         1223588 kB
MemAvailable:    1512232 kB
Buffers:           55936 kB
Cached:           353392 kB
MemTotal:        1844596 kB
MemFree:         1222288 kB
MemAvailable:    1510932 kB
Buffers:           55936 kB
Cached:           353392 kB
MemTotal:        1844596 kB
MemFree:         1223132 kB
MemAvailable:    1511776 kB
Buffers:           55936 kB
Cached:           353392 kB
MemTotal:        1844596 kB
MemFree:         1223384 kB
MemAvailable:    1512028 kB
Buffers:           55936 kB
Cached:           353392 kB
MemTotal:        1844596 kB
MemFree:         1221984 kB
MemAvailable:    1510628 kB
Buffers:           55936 kB
Cached:           353392 kB
MemTotal:        1844596 kB
MemFree:         1222116 kB
MemAvailable:    1510760 kB
Buffers:           55936 kB
Cached:           353392 kB
MemTotal:        1844596 kB
MemFree:         1223292 kB
MemAvailable:    1511936 kB
Buffers:           55936 kB
Cached:           353392 kB
MemTotal:        1844596 kB
MemFree:         1223232 kB
MemAvailable:    1511876 kB
Buffers:           55936 kB
Cached:           353392 kB
MemTotal:        1844596 kB
MemFree:         1223208 kB
MemAvailable:    1511852 kB
Buffers:           55936 kB
Cached:           353392 kB
MemTotal:        1844596 kB
MemFree:         1223460 kB
MemAvailable:    1512104 kB
Buffers:           55936 kB
Cached:           353392 kB
MemTotal:        1844596 kB
MemFree:         1223160 kB
MemAvailable:    1511804 kB
Buffers:           55936 kB
Cached:           353392 kB
MemTotal:        1844596 kB
MemFree:         1222040 kB
MemAvailable:    1510684 kB
Buffers:           55936 kB
Cached:           353392 kB
MemTotal:        1844596 kB
MemFree:         1223020 kB
MemAvailable:    1511664 kB
Buffers:           55936 kB
Cached:           353392 kB
MemTotal:        1844596 kB
MemFree:         1221412 kB
MemAvailable:    1510056 kB
Buffers:           55936 kB
Cached:           353392 kB
MemTotal:        1844596 kB
MemFree:         1221496 kB
MemAvailable:    1510140 kB
Buffers:           55936 kB
Cached:           353392 kB
MemTotal:        1844596 kB
MemFree:         1221236 kB
MemAvailable:    1509880 kB
Buffers:           55936 kB
Cached:           353392 kB
MemTotal:        1844596 kB
MemFree:         1217064 kB
MemAvailable:    1505708 kB
Buffers:           55936 kB
Cached:           353392 kB
MemTotal:        1844596 kB
MemFree:         1215716 kB
MemAvailable:    1504360 kB
Buffers:           55940 kB
Cached:           353388 kB
MemTotal:        1844596 kB
MemFree:         1214972 kB
MemAvailable:    1503616 kB
Buffers:           55940 kB
Cached:           353512 kB
MemTotal:        1844596 kB
MemFree:         1214964 kB
MemAvailable:    1503692 kB
Buffers:           55940 kB
Cached:           353512 kB
MemTotal:        1844596 kB
MemFree:         1214840 kB
MemAvailable:    1503656 kB
Buffers:           55940 kB
Cached:           353640 kB
MemTotal:        1844596 kB
MemFree:         1214972 kB
MemAvailable:    1503872 kB
Buffers:           55940 kB
Cached:           353764 kB
MemTotal:        1844596 kB
MemFree:         1215908 kB
MemAvailable:    1504892 kB
Buffers:           55940 kB
Cached:           353764 kB
MemTotal:        1844596 kB
MemFree:         1214600 kB
MemAvailable:    1503668 kB
Buffers:           55940 kB
Cached:           353888 kB
MemTotal:        1844596 kB
MemFree:         1215652 kB
MemAvailable:    1504888 kB
Buffers:           55940 kB
Cached:           354012 kB
MemTotal:        1844596 kB
MemFree:         1214304 kB
MemAvailable:    1503540 kB
Buffers:           55940 kB
Cached:           354012 kB
MemTotal:        1844596 kB
MemFree:         1215452 kB
MemAvailable:    1504688 kB
Buffers:           55940 kB
Cached:           354012 kB
MemTotal:        1844596 kB
MemFree:         1215340 kB
MemAvailable:    1504576 kB
Buffers:           55940 kB
Cached:           354012 kB
MemTotal:        1844596 kB
MemFree:         1213772 kB
MemAvailable:    1503008 kB
Buffers:           55940 kB
Cached:           354012 kB
MemTotal:        1844596 kB
MemFree:         1213708 kB
MemAvailable:    1502944 kB
Buffers:           55940 kB
Cached:           354012 kB
MemTotal:        1844596 kB
MemFree:         1215268 kB
MemAvailable:    1504504 kB
Buffers:           55940 kB
Cached:           354012 kB
MemTotal:        1844596 kB
MemFree:         1214304 kB
MemAvailable:    1503540 kB
Buffers:           55940 kB
Cached:           354012 kB
MemTotal:        1844596 kB
MemFree:         1215832 kB
MemAvailable:    1505108 kB
Buffers:           55940 kB
Cached:           354020 kB
MemTotal:        1844596 kB
MemFree:         1215776 kB
MemAvailable:    1505052 kB
Buffers:           55940 kB
Cached:           354020 kB
MemTotal:        1844596 kB
MemFree:         1215444 kB
MemAvailable:    1504888 kB
Buffers:           55940 kB
Cached:           354144 kB
MemTotal:        1844596 kB
MemFree:         1215444 kB
MemAvailable:    1504888 kB
Buffers:           55940 kB
Cached:           354144 kB
MemTotal:        1844596 kB
MemFree:         1283868 kB
MemAvailable:    1572556 kB
Buffers:           55940 kB
Cached:           353472 kB
