MemTotal:        1844596 kB
MemFree:         1249548 kB
MemAvailable:    1547260 kB
Buffers:           56696 kB
Cached:           360892 kB
MemTotal:        1844596 kB
MemFree:         1247856 kB
MemAvailable:    1545568 kB
Buffers:           56696 kB
Cached:           360892 kB
MemTotal:        1844596 kB
MemFree:         1244440 kB
MemAvailable:    1542152 kB
Buffers:           56696 kB
Cached:           360892 kB
MemTotal:        1844596 kB
MemFree:         1244276 kB
MemAvailable:    1541988 kB
Buffers:           56696 kB
Cached:           360892 kB
MemTotal:        1844596 kB
MemFree:         1244432 kB
MemAvailable:    1542144 kB
Buffers:           56696 kB
Cached:           360892 kB
MemTotal:        1844596 kB
MemFree:         1244208 kB
MemAvailable:    1541920 kB
Buffers:           56696 kB
Cached:           360892 kB
MemTotal:        1844596 kB
MemFree:         1243216 kB
MemAvailable:    1540928 kB
Buffers:           56696 kB
Cached:           360892 kB
MemTotal:        1844596 kB
MemFree:         1241168 kB
MemAvailable:    1538880 kB
Buffers:           56696 kB
Cached:           360892 kB
MemTotal:        1844596 kB
MemFree:         1238812 kB
MemAvailable:    1536524 kB
Buffers:           56696 kB
Cached:           360892 kB
MemTotal:        1844596 kB
MemFree:         1235960 kB
MemAvailable:    1533672 kB
Buffers:           56696 kB
Cached:           360892 kB
MemTotal:        1844596 kB
MemFree:         1233232 kB
MemAvailable:    1530944 kB
Buffers:           56696 kB
Cached:           360892 kB
MemTotal:        1844596 kB
MemFree:         1234316 kB
MemAvailable:    1532028 kB
Buffers:           56696 kB
Cached:           360892 kB
MemTotal:        1844596 kB
MemFree:         1234568 kB
MemAvailable:    1532280 kB
Buffers:           56696 kB
Cached:           360892 kB
MemTotal:        1844596 kB
MemFree:         1234340 kB
MemAvailable:    1532052 kB
Buffers:           56696 kB
Cached:           360892 kB
MemTotal:        1844596 kB
MemFree:         1234592 kB
MemAvailable:    1532304 kB
Buffers:           56696 kB
Cached:           360892 kB
MemTotal:        1844596 kB
MemFree:         1234292 kB
MemAvailable:    1532004 kB
Buffers:           56696 kB
Cached:           360892 kB
MemTotal:        1844596 kB
MemFree:         1233544 kB
MemAvailable:    1531256 kB
Buffers:           56696 kB
Cached:           360892 kB
MemTotal:        1844596 kB
MemFree:         1233892 kB
MemAvailable:    1531604 kB
Buffers:           56696 kB
Cached:           360892 kB
MemTotal:        1844596 kB
MemFree:         1233536 kB
MemAvailable:    1531248 kB
Buffers:           56696 kB
Cached:           360892 kB
MemTotal:        1844596 kB
MemFree:         1231800 kB
MemAvailable:    1529516 kB
Buffers:           56696 kB
Cached:           360896 kB
MemTotal:        1844596 kB
MemFree:         1231064 kB
MemAvailable:    1528780 kB
Buffers:           56696 kB
Cached:           360896 kB
MemTotal:        1844596 kB
MemFree:         1231056 kB
MemAvailable:    1528772 kB
Buffers:           56696 kB
Cached:           360896 kB
MemTotal:        1844596 kB
MemFree:         1230752 kB
MemAvailable:    1528468 kB
Buffers:           56696 kB
Cached:           360896 kB
MemTotal:        1844596 kB
MemFree:         1231844 kB
MemAvailable:    1529560 kB
Buffers:           56696 kB
Cached:           360896 kB
MemTotal:        1844596 kB
MemFree:         1231992 kB
MemAvailable:    1529708 kB
Buffers:           56696 kB
Cached:           360896 kB
MemTotal:        1844596 kB
MemFree:         1231988 kB
MemAvailable:    1529704 kB
Buffers:           56696 kB
Cached:           360896 kB
MemTotal:        1844596 kB
MemFree:         1231952 kB
MemAvailable:    1529668 kB
Buffers:           56696 kB
Cached:           360896 kB
MemTotal:        1844596 kB
MemFree:         1230860 kB
MemAvailable:    1528576 kB
Buffers:           56696 kB
Cached:           360896 kB
MemTotal:        1844596 kB
MemFree:         1231992 kB
MemAvailable:    1529708 kB
Buffers:           56696 kB
Cached:           360896 kB
MemTotal:        1844596 kB
MemFree:         1231820 kB
MemAvailable:    1529536 kB
Buffers:           56696 kB
Cached:           360896 kB
MemTotal:        1844596 kB
MemFree:         1231988 kB
MemAvailable:    1529704 kB
Buffers:           56696 kB
Cached:           360896 kB
MemTotal:        1844596 kB
MemFree:         1232024 kB
MemAvailable:    1529740 kB
Buffers:           56696 kB
Cached:           360896 kB
MemTotal:        1844596 kB
MemFree:         1231860 kB
MemAvailable:    1529576 kB
Buffers:           56696 kB
Cached:           360896 kB
MemTotal:        1844596 kB
MemFree:         1229576 kB
MemAvailable:    1527292 kB
Buffers:           56696 kB
Cached:           360896 kB
MemTotal:        1844596 kB
MemFree:         1229884 kB
MemAvailable:    1527604 kB
Buffers:           56696 kB
Cached:           360900 kB
MemTotal:        1844596 kB
MemFree:         1228584 kB
MemAvailable:    1526304 kB
Buffers:           56696 kB
Cached:           360900 kB
MemTotal:        1844596 kB
MemFree:         1229264 kB
MemAvailable:    1526984 kB
Buffers:           56696 kB
Cached:           360900 kB
MemTotal:        1844596 kB
MemFree:         1228884 kB
MemAvailable:    1526604 kB
Buffers:           56696 kB
Cached:           360900 kB
MemTotal:        1844596 kB
MemFree:         1227584 kB
MemAvailable:    1525304 kB
Buffers:           56696 kB
Cached:           360900 kB
MemTotal:        1844596 kB
MemFree:         1227220 kB
MemAvailable:    1524940 kB
Buffers:           56696 kB
Cached:           360900 kB
MemTotal:        1844596 kB
MemFree:         1228148 kB
MemAvailable:    1525868 kB
Buffers:           56696 kB
Cached:           360900 kB
MemTotal:        1844596 kB
MemFree:         1227832 kB
MemAvailable:    1525552 kB
Buffers:           56696 kB
Cached:           360900 kB
MemTotal:        1844596 kB
MemFree:         1227844 kB
MemAvailable:    1525564 kB
Buffers:           56696 kB
Cached:           360900 kB
MemTotal:        1844596 kB
MemFree:         1227820 kB
MemAvailable:    1525540 kB
Buffers:           56696 kB
Cached:           360900 kB
MemTotal:        1844596 kB
MemFree:         1227708 kB
MemAvailable:    1525428 kB
Buffers:           56696 kB
Cached:           360900 kB
MemTotal:        1844596 kB
MemFree:         1227648 kB
MemAvailable:    1525368 kB
Buffers:           56696 kB
Cached:           360900 kB
MemTotal:        1844596 kB
MemFree:         1227516 kB
MemAvailable:    1525236 kB
Buffers:           56696 kB
Cached:           360900 kB
MemTotal:        1844596 kB
MemFree:         1226948 kB
MemAvailable:    1524668 kB
Buffers:           56696 kB
Cached:           360900 kB
MemTotal:        1844596 kB
MemFree:         1226700 kB
MemAvailable:    1524420 kB
Buffers:           56696 kB
Cached:           360900 kB
MemTotal:        1844596 kB
MemFree:         1226964 kB
MemAvailable:    1524684 kB
Buffers:           56696 kB
Cached:           360900 kB
MemTotal:        1844596 kB
MemFree:         1226892 kB
MemAvailable:    1524612 kB
Buffers:           56696 kB
Cached:           360900 kB
MemTotal:        1844596 kB
MemFree:         1225600 kB
MemAvailable:    1523320 kB
Buffers:           56696 kB
Cached:           360900 kB
MemTotal:        1844596 kB
MemFree:         1225460 kB
MemAvailable:    1523180 kB
Buffers:           56696 kB
Cached:           360900 kB
MemTotal:        1844596 kB
MemFree:         1225456 kB
MemAvailable:    1523176 kB
Buffers:           56696 kB
Cached:           360900 kB
MemTotal:        1844596 kB
MemFree:         1226848 kB
MemAvailable:    1524568 kB
Buffers:           56696 kB
Cached:           360900 kB
MemTotal:        1844596 kB
MemFree:         1225972 kB
MemAvailable:    1523692 kB
Buffers:           56696 kB
Cached:           360900 kB
MemTotal:        1844596 kB
MemFree:         1226772 kB
MemAvailable:    1524492 kB
Buffers:           56696 kB
Cached:           360900 kB
MemTotal:        1844596 kB
MemFree:         1226848 kB
MemAvailable:    1524568 kB
Buffers:           56696 kB
Cached:           360900 kB
MemTotal:        1844596 kB
MemFree:         1226648 kB
MemAvailable:    1524368 kB
Buffers:           56696 kB
Cached:           360900 kB
MemTotal:        1844596 kB
MemFree:         1226600 kB
MemAvailable:    1524320 kB
Buffers:           56696 kB
Cached:           360900 kB
MemTotal:        1844596 kB
MemFree:         1226648 kB
MemAvailable:    1524368 kB
Buffers:           56696 kB
Cached:           360900 kB
MemTotal:        1844596 kB
MemFree:         1226900 kB
MemAvailable:    1524620 kB
Buffers:           56696 kB
Cached:           360900 kB
MemTotal:        1844596 kB
MemFree:         1225292 kB
MemAvailable:    1523012 kB
Buffers:           56696 kB
Cached:           360900 kB
MemTotal:        1844596 kB
MemFree:         1226748 kB
MemAvailable:    1524468 kB
Buffers:           56696 kB
Cached:           360900 kB
MemTotal:        1844596 kB
MemFree:         1226260 kB
MemAvailable:    1523980 kB
Buffers:           56696 kB
Cached:           360900 kB
MemTotal:        1844596 kB
MemFree:         1226344 kB
MemAvailable:    1524064 kB
Buffers:           56696 kB
Cached:           360900 kB
MemTotal:        1844596 kB
MemFree:         1225956 kB
MemAvailable:    1523676 kB
Buffers:           56696 kB
Cached:           360900 kB
MemTotal:        1844596 kB
MemFree:         1224988 kB
MemAvailable:    1522708 kB
Buffers:           56696 kB
Cached:           360900 kB
MemTotal:        1844596 kB
MemFree:         1225904 kB
MemAvailable:    1523624 kB
Buffers:           56696 kB
Cached:           360900 kB
MemTotal:        1844596 kB
MemFree:         1224616 kB
MemAvailable:    1522336 kB
Buffers:           56696 kB
Cached:           360900 kB
MemTotal:        1844596 kB
MemFree:         1224740 kB
MemAvailable:    1522460 kB
Buffers:           56696 kB
Cached:           360900 kB
MemTotal:        1844596 kB
MemFree:         1224476 kB
MemAvailable:    1522196 kB
Buffers:           56696 kB
Cached:           360900 kB
MemTotal:        1844596 kB
MemFree:         1224608 kB
MemAvailable:    1522328 kB
Buffers:           56696 kB
Cached:           360900 kB
MemTotal:        1844596 kB
MemFree:         1225908 kB
MemAvailable:    1523628 kB
Buffers:           56696 kB
Cached:           360900 kB
MemTotal:        1844596 kB
MemFree:         1225660 kB
MemAvailable:    1523380 kB
Buffers:           56696 kB
Cached:           360900 kB
MemTotal:        1844596 kB
MemFree:         1225112 kB
MemAvailable:    1522832 kB
Buffers:           56696 kB
Cached:           360900 kB
MemTotal:        1844596 kB
MemFree:         1224812 kB
MemAvailable:    1522532 kB
Buffers:           56696 kB
Cached:           360900 kB
MemTotal:        1844596 kB
MemFree:         1223368 kB
MemAvailable:    1521088 kB
Buffers:           56696 kB
Cached:           360900 kB
MemTotal:        1844596 kB
MemFree:         1223368 kB
MemAvailable:    1521088 kB
Buffers:           56696 kB
Cached:           360900 kB
MemTotal:        1844596 kB
MemFree:         1220028 kB
MemAvailable:    1517748 kB
Buffers:           56696 kB
Cached:           360900 kB
MemTotal:        1844596 kB
MemFree:         1217424 kB
MemAvailable:    1515144 kB
Buffers:           56696 kB
Cached:           360900 kB
MemTotal:        1844596 kB
MemFree:         1217416 kB
MemAvailable:    1515136 kB
Buffers:           56696 kB
Cached:           360900 kB
MemTotal:        1844596 kB
MemFree:         1217044 kB
MemAvailable:    1514768 kB
Buffers:           56696 kB
Cached:           360904 kB
MemTotal:        1844596 kB
MemFree:         1218228 kB
MemAvailable:    1515952 kB
Buffers:           56696 kB
Cached:           360904 kB
MemTotal:        1844596 kB
MemFree:         1216920 kB
MemAvailable:    1514644 kB
Buffers:           56696 kB
Cached:           360904 kB
MemTotal:        1844596 kB
MemFree:         1218096 kB
MemAvailable:    1515820 kB
Buffers:           56696 kB
Cached:           360904 kB
MemTotal:        1844596 kB
MemFree:         1216928 kB
MemAvailable:    1514652 kB
Buffers:           56696 kB
Cached:           360904 kB
MemTotal:        1844596 kB
MemFree:         1218104 kB
MemAvailable:    1515828 kB
Buffers:           56696 kB
Cached:           360904 kB
MemTotal:        1844596 kB
MemFree:         1218044 kB
MemAvailable:    1515768 kB
Buffers:           56696 kB
Cached:           360904 kB
MemTotal:        1844596 kB
MemFree:         1217872 kB
MemAvailable:    1515596 kB
Buffers:           56696 kB
Cached:           360904 kB
MemTotal:        1844596 kB
MemFree:         1217968 kB
MemAvailable:    1515692 kB
Buffers:           56696 kB
Cached:           360904 kB
MemTotal:        1844596 kB
MemFree:         1216620 kB
MemAvailable:    1514344 kB
Buffers:           56696 kB
Cached:           360904 kB
MemTotal:        1844596 kB
MemFree:         1217796 kB
MemAvailable:    1515520 kB
Buffers:           56696 kB
Cached:           360904 kB
MemTotal:        1844596 kB
MemFree:         1216744 kB
MemAvailable:    1514468 kB
Buffers:           56696 kB
Cached:           360904 kB
MemTotal:        1844596 kB
MemFree:         1218172 kB
MemAvailable:    1515896 kB
Buffers:           56696 kB
Cached:           360904 kB
MemTotal:        1844596 kB
MemFree:         1216480 kB
MemAvailable:    1514204 kB
Buffers:           56696 kB
Cached:           360904 kB
MemTotal:        1844596 kB
MemFree:         1217360 kB
MemAvailable:    1515084 kB
Buffers:           56696 kB
Cached:           360904 kB
MemTotal:        1844596 kB
MemFree:         1217360 kB
MemAvailable:    1515084 kB
Buffers:           56696 kB
Cached:           360904 kB
MemTotal:        1844596 kB
MemFree:         1215688 kB
MemAvailable:    1513412 kB
Buffers:           56696 kB
Cached:           360904 kB
MemTotal:        1844596 kB
MemFree:         1215556 kB
MemAvailable:    1513280 kB
Buffers:           56696 kB
Cached:           360904 kB
MemTotal:        1844596 kB
MemFree:         1216492 kB
MemAvailable:    1514216 kB
Buffers:           56696 kB
Cached:           360904 kB
MemTotal:        1844596 kB
MemFree:         1215316 kB
MemAvailable:    1513040 kB
Buffers:           56696 kB
Cached:           360904 kB
MemTotal:        1844596 kB
MemFree:         1216064 kB
MemAvailable:    1513788 kB
Buffers:           56696 kB
Cached:           360904 kB
MemTotal:        1844596 kB
MemFree:         1214076 kB
MemAvailable:    1511800 kB
Buffers:           56696 kB
Cached:           360904 kB
MemTotal:        1844596 kB
MemFree:         1215504 kB
MemAvailable:    1513228 kB
Buffers:           56696 kB
Cached:           360904 kB
MemTotal:        1844596 kB
MemFree:         1213952 kB
MemAvailable:    1511680 kB
Buffers:           56696 kB
Cached:           360908 kB
MemTotal:        1844596 kB
MemFree:         1213332 kB
MemAvailable:    1511060 kB
Buffers:           56696 kB
Cached:           360908 kB
MemTotal:        1844596 kB
MemFree:         1213580 kB
MemAvailable:    1511308 kB
Buffers:           56696 kB
Cached:           360908 kB
MemTotal:        1844596 kB
MemFree:         1214448 kB
MemAvailable:    1512176 kB
Buffers:           56696 kB
Cached:           360908 kB
MemTotal:        1844596 kB
MemFree:         1213200 kB
MemAvailable:    1510928 kB
Buffers:           56696 kB
Cached:           360908 kB
MemTotal:        1844596 kB
MemFree:         1213908 kB
MemAvailable:    1511636 kB
Buffers:           56696 kB
Cached:           360908 kB
MemTotal:        1844596 kB
MemFree:         1214244 kB
MemAvailable:    1511972 kB
Buffers:           56696 kB
Cached:           360908 kB
MemTotal:        1844596 kB
MemFree:         1212760 kB
MemAvailable:    1510488 kB
Buffers:           56696 kB
Cached:           360908 kB
MemTotal:        1844596 kB
MemFree:         1212636 kB
MemAvailable:    1510364 kB
Buffers:           56696 kB
Cached:           360908 kB
MemTotal:        1844596 kB
MemFree:         1212760 kB
MemAvailable:    1510488 kB
Buffers:           56696 kB
Cached:           360908 kB
MemTotal:        1844596 kB
MemFree:         1213936 kB
MemAvailable:    1511664 kB
Buffers:           56696 kB
Cached:           360908 kB
MemTotal:        1844596 kB
MemFree:         1213580 kB
MemAvailable:    1511308 kB
Buffers:           56696 kB
Cached:           360908 kB
MemTotal:        1844596 kB
MemFree:         1212824 kB
MemAvailable:    1510552 kB
Buffers:           56696 kB
Cached:           360908 kB
MemTotal:        1844596 kB
MemFree:         1213548 kB
MemAvailable:    1511276 kB
Buffers:           56696 kB
Cached:           360908 kB
MemTotal:        1844596 kB
MemFree:         1213548 kB
MemAvailable:    1511276 kB
Buffers:           56696 kB
Cached:           360908 kB
MemTotal:        1844596 kB
MemFree:         1213184 kB
MemAvailable:    1510912 kB
Buffers:           56696 kB
Cached:           360908 kB
MemTotal:        1844596 kB
MemFree:         1208308 kB
MemAvailable:    1506036 kB
Buffers:           56696 kB
Cached:           360908 kB
MemTotal:        1844596 kB
MemFree:         1204876 kB
MemAvailable:    1502604 kB
Buffers:           56696 kB
Cached:           360908 kB
MemTotal:        1844596 kB
MemFree:         1205212 kB
MemAvailable:    1502940 kB
Buffers:           56696 kB
Cached:           360908 kB
MemTotal:        1844596 kB
MemFree:         1203768 kB
MemAvailable:    1501664 kB
Buffers:           56696 kB
Cached:           361032 kB
MemTotal:        1844596 kB
MemFree:         1204504 kB
MemAvailable:    1502568 kB
Buffers:           56696 kB
Cached:           361280 kB
MemTotal:        1844596 kB
MemFree:         1204840 kB
MemAvailable:    1502904 kB
Buffers:           56696 kB
Cached:           361280 kB
MemTotal:        1844596 kB
MemFree:         1204480 kB
MemAvailable:    1502712 kB
Buffers:           56696 kB
Cached:           361404 kB
MemTotal:        1844596 kB
MemFree:         1202980 kB
MemAvailable:    1501212 kB
Buffers:           56696 kB
Cached:           361404 kB
MemTotal:        1844596 kB
MemFree:         1204564 kB
MemAvailable:    1502880 kB
Buffers:           56696 kB
Cached:           361528 kB
MemTotal:        1844596 kB
MemFree:         1202888 kB
MemAvailable:    1501204 kB
Buffers:           56696 kB
Cached:           361528 kB
MemTotal:        1844596 kB
MemFree:         1203004 kB
MemAvailable:    1501320 kB
Buffers:           56696 kB
Cached:           361528 kB
MemTotal:        1844596 kB
MemFree:         1204312 kB
MemAvailable:    1502712 kB
Buffers:           56696 kB
Cached:           361528 kB
MemTotal:        1844596 kB
MemFree:         1204432 kB
MemAvailable:    1502832 kB
Buffers:           56696 kB
Cached:           361528 kB
MemTotal:        1844596 kB
MemFree:         1202744 kB
MemAvailable:    1501144 kB
Buffers:           56696 kB
Cached:           361528 kB
MemTotal:        1844596 kB
MemFree:         1204844 kB
MemAvailable:    1503244 kB
Buffers:           56696 kB
Cached:           361528 kB
MemTotal:        1844596 kB
MemFree:         1204364 kB
MemAvailable:    1502764 kB
Buffers:           56696 kB
Cached:           361528 kB
MemTotal:        1844596 kB
MemFree:         1204512 kB
MemAvailable:    1502912 kB
Buffers:           56696 kB
Cached:           361528 kB
MemTotal:        1844596 kB
MemFree:         1203132 kB
MemAvailable:    1501532 kB
Buffers:           56696 kB
Cached:           361652 kB
MemTotal:        1844596 kB
MemFree:         1204564 kB
MemAvailable:    1502376 kB
Buffers:           56696 kB
Cached:           360896 kB
MemTotal:        1844596 kB
MemFree:         1275348 kB
MemAvailable:    1573160 kB
Buffers:           56696 kB
Cached:           360896 kB
