MemTotal:        1844596 kB
MemFree:         1349272 kB
MemAvailable:    1559648 kB
Buffers:           47196 kB
Cached:           290716 kB
MemTotal:        1844596 kB
MemFree:         1347976 kB
MemAvailable:    1558352 kB
Buffers:           47196 kB
Cached:           290716 kB
MemTotal:        1844596 kB
MemFree:         1345868 kB
MemAvailable:    1556244 kB
Buffers:           47196 kB
Cached:           290716 kB
MemTotal:        1844596 kB
MemFree:         1344940 kB
MemAvailable:    1555316 kB
Buffers:           47196 kB
Cached:           290716 kB
MemTotal:        1844596 kB
MemFree:         1344288 kB
MemAvailable:    1554664 kB
Buffers:           47196 kB
Cached:           290716 kB
MemTotal:        1844596 kB
MemFree:         1344148 kB
MemAvailable:    1554524 kB
Buffers:           47196 kB
Cached:           290716 kB
MemTotal:        1844596 kB
MemFree:         1342768 kB
MemAvailable:    1553144 kB
Buffers:           47196 kB
Cached:           290716 kB
MemTotal:        1844596 kB
MemFree:         1340600 kB
MemAvailable:    1550976 kB
Buffers:           47196 kB
Cached:           290716 kB
MemTotal:        1844596 kB
MemFree:         1337996 kB
MemAvailable:    1548372 kB
Buffers:           47196 kB
Cached:           290716 kB
MemTotal:        1844596 kB
MemFree:         1334252 kB
MemAvailable:    1544628 kB
Buffers:           47196 kB
Cached:           290716 kB
MemTotal:        1844596 kB
MemFree:         1334340 kB
MemAvailable:    1544716 kB
Buffers:           47196 kB
Cached:           290716 kB
MemTotal:        1844596 kB
MemFree:         1333320 kB
MemAvailable:    1543696 kB
Buffers:           47196 kB
Cached:           290716 kB
MemTotal:        1844596 kB
MemFree:         1334772 kB
MemAvailable:    1545148 kB
Buffers:           47196 kB
Cached:           290716 kB
MemTotal:        1844596 kB
MemFree:         1333284 kB
MemAvailable:    1543660 kB
Buffers:           47196 kB
Cached:           290716 kB
MemTotal:        1844596 kB
MemFree:         1334592 kB
MemAvailable:    1544968 kB
Buffers:           47196 kB
Cached:           290716 kB
MemTotal:        1844596 kB
MemFree:         1333104 kB
MemAvailable:    1543480 kB
Buffers:           47196 kB
Cached:           290716 kB
MemTotal:        1844596 kB
MemFree:         1333104 kB
MemAvailable:    1543480 kB
Buffers:           47196 kB
Cached:           290716 kB
MemTotal:        1844596 kB
MemFree:         1332788 kB
MemAvailable:    1543164 kB
Buffers:           47196 kB
Cached:           290716 kB
MemTotal:        1844596 kB
MemFree:         1332600 kB
MemAvailable:    1542976 kB
Buffers:           47196 kB
Cached:           290716 kB
MemTotal:        1844596 kB
MemFree:         1332268 kB
MemAvailable:    1542644 kB
Buffers:           47196 kB
Cached:           290716 kB
MemTotal:        1844596 kB
MemFree:         1332268 kB
MemAvailable:    1542644 kB
Buffers:           47196 kB
Cached:           290716 kB
MemTotal:        1844596 kB
MemFree:         1332156 kB
MemAvailable:    1542532 kB
Buffers:           47196 kB
Cached:           290716 kB
MemTotal:        1844596 kB
MemFree:         1332044 kB
MemAvailable:    1542420 kB
Buffers:           47196 kB
Cached:           290716 kB
MemTotal:        1844596 kB
MemFree:         1331796 kB
MemAvailable:    1542172 kB
Buffers:           47196 kB
Cached:           290716 kB
MemTotal:        1844596 kB
MemFree:         1332092 kB
MemAvailable:    1542468 kB
Buffers:           47196 kB
Cached:           290716 kB
MemTotal:        1844596 kB
MemFree:         1332044 kB
MemAvailable:    1542420 kB
Buffers:           47196 kB
Cached:           290716 kB
MemTotal:        1844596 kB
MemFree:         1330780 kB
MemAvailable:    1541156 kB
Buffers:           47196 kB
Cached:           290716 kB
MemTotal:        1844596 kB
MemFree:         1331856 kB
MemAvailable:    1542240 kB
Buffers:           47196 kB
Cached:           290720 kB
MemTotal:        1844596 kB
MemFree:         1331052 kB
MemAvailable:    1541436 kB
Buffers:           47196 kB
Cached:           290720 kB
MemTotal:        1844596 kB
MemFree:         1332080 kB
MemAvailable:    1542464 kB
Buffers:           47196 kB
Cached:           290720 kB
MemTotal:        1844596 kB
MemFree:         1332044 kB
MemAvailable:    1542428 kB
Buffers:           47196 kB
Cached:           290720 kB
MemTotal:        1844596 kB
MemFree:         1331548 kB
MemAvailable:    1541932 kB
Buffers:           47196 kB
Cached:           290720 kB
MemTotal:        1844596 kB
MemFree:         1330060 kB
MemAvailable:    1540444 kB
Buffers:           47196 kB
Cached:           290720 kB
MemTotal:        1844596 kB
MemFree:         1329664 kB
MemAvailable:    1540048 kB
Buffers:           47196 kB
Cached:           290720 kB
MemTotal:        1844596 kB
MemFree:         1330000 kB
MemAvailable:    1540384 kB
Buffers:           47196 kB
Cached:           290720 kB
MemTotal:        1844596 kB
MemFree:         1329128 kB
MemAvailable:    1539512 kB
Buffers:           47196 kB
Cached:           290720 kB
MemTotal:        1844596 kB
MemFree:         1328796 kB
MemAvailable:    1539180 kB
Buffers:           47196 kB
Cached:           290720 kB
MemTotal:        1844596 kB
MemFree:         1328880 kB
MemAvailable:    1539264 kB
Buffers:           47196 kB
Cached:           290720 kB
MemTotal:        1844596 kB
MemFree:         1326828 kB
MemAvailable:    1537212 kB
Buffers:           47196 kB
Cached:           290720 kB
MemTotal:        1844596 kB
MemFree:         1327944 kB
MemAvailable:    1538328 kB
Buffers:           47196 kB
Cached:           290720 kB
MemTotal:        1844596 kB
MemFree:         1327944 kB
MemAvailable:    1538328 kB
Buffers:           47196 kB
Cached:           290720 kB
MemTotal:        1844596 kB
MemFree:         1328036 kB
MemAvailable:    1538420 kB
Buffers:           47196 kB
Cached:           290720 kB
MemTotal:        1844596 kB
MemFree:         1327840 kB
MemAvailable:    1538224 kB
Buffers:           47196 kB
Cached:           290720 kB
MemTotal:        1844596 kB
MemFree:         1326960 kB
MemAvailable:    1537344 kB
Buffers:           47196 kB
Cached:           290720 kB
MemTotal:        1844596 kB
MemFree:         1327708 kB
MemAvailable:    1538092 kB
Buffers:           47196 kB
Cached:           290720 kB
MemTotal:        1844596 kB
MemFree:         1327640 kB
MemAvailable:    1538024 kB
Buffers:           47196 kB
Cached:           290720 kB
MemTotal:        1844596 kB
MemFree:         1327320 kB
MemAvailable:    1537704 kB
Buffers:           47196 kB
Cached:           290720 kB
MemTotal:        1844596 kB
MemFree:         1326936 kB
MemAvailable:    1537320 kB
Buffers:           47196 kB
Cached:           290720 kB
MemTotal:        1844596 kB
MemFree:         1327272 kB
MemAvailable:    1537656 kB
Buffers:           47196 kB
Cached:           290720 kB
MemTotal:        1844596 kB
MemFree:         1325696 kB
MemAvailable:    1536080 kB
Buffers:           47196 kB
Cached:           290720 kB
MemTotal:        1844596 kB
MemFree:         1325580 kB
MemAvailable:    1535964 kB
Buffers:           47196 kB
Cached:           290720 kB
MemTotal:        1844596 kB
MemFree:         1326996 kB
MemAvailable:    1537380 kB
Buffers:           47196 kB
Cached:           290720 kB
MemTotal:        1844596 kB
MemFree:         1325836 kB
MemAvailable:    1536220 kB
Buffers:           47196 kB
Cached:           290720 kB
MemTotal:        1844596 kB
MemFree:         1326900 kB
MemAvailable:    1537284 kB
Buffers:           47196 kB
Cached:           290720 kB
MemTotal:        1844596 kB
MemFree:         1326872 kB
MemAvailable:    1537256 kB
Buffers:           47196 kB
Cached:           290720 kB
MemTotal:        1844596 kB
MemFree:         1325596 kB
MemAvailable:    1535980 kB
Buffers:           47196 kB
Cached:           290720 kB
MemTotal:        1844596 kB
MemFree:         1327108 kB
MemAvailable:    1537492 kB
Buffers:           47196 kB
Cached:           290720 kB
MemTotal:        1844596 kB
MemFree:         1325672 kB
MemAvailable:    1536056 kB
Buffers:           47196 kB
Cached:           290720 kB
MemTotal:        1844596 kB
MemFree:         1326896 kB
MemAvailable:    1537280 kB
Buffers:           47196 kB
Cached:           290720 kB
MemTotal:        1844596 kB
MemFree:         1325548 kB
MemAvailable:    1535932 kB
Buffers:           47196 kB
Cached:           290720 kB
MemTotal:        1844596 kB
MemFree:         1326912 kB
MemAvailable:    1537296 kB
Buffers:           47196 kB
Cached:           290720 kB
MemTotal:        1844596 kB
MemFree:         1325672 kB
MemAvailable:    1536056 kB
Buffers:           47196 kB
Cached:           290720 kB
MemTotal:        1844596 kB
MemFree:         1326200 kB
MemAvailable:    1536584 kB
Buffers:           47196 kB
Cached:           290720 kB
MemTotal:        1844596 kB
MemFree:         1326536 kB
MemAvailable:    1536920 kB
Buffers:           47196 kB
Cached:           290720 kB
MemTotal:        1844596 kB
MemFree:         1326268 kB
MemAvailable:    1536652 kB
Buffers:           47196 kB
Cached:           290720 kB
MemTotal:        1844596 kB
MemFree:         1325100 kB
MemAvailable:    1535484 kB
Buffers:           47196 kB
Cached:           290720 kB
MemTotal:        1844596 kB
MemFree:         1325892 kB
MemAvailable:    1536276 kB
Buffers:           47196 kB
Cached:           290720 kB
MemTotal:        1844596 kB
MemFree:         1324716 kB
MemAvailable:    1535100 kB
Buffers:           47196 kB
Cached:           290720 kB
MemTotal:        1844596 kB
MemFree:         1325544 kB
MemAvailable:    1535928 kB
Buffers:           47196 kB
Cached:           290720 kB
MemTotal:        1844596 kB
MemFree:         1326400 kB
MemAvailable:    1536792 kB
Buffers:           47196 kB
Cached:           290728 kB
MemTotal:        1844596 kB
MemFree:         1325100 kB
MemAvailable:    1535492 kB
Buffers:           47196 kB
Cached:           290728 kB
MemTotal:        1844596 kB
MemFree:         1325472 kB
MemAvailable:    1535864 kB
Buffers:           47196 kB
Cached:           290728 kB
MemTotal:        1844596 kB
MemFree:         1326332 kB
MemAvailable:    1536724 kB
Buffers:           47196 kB
Cached:           290728 kB
MemTotal:        1844596 kB
MemFree:         1325108 kB
MemAvailable:    1535500 kB
Buffers:           47196 kB
Cached:           290728 kB
MemTotal:        1844596 kB
MemFree:         1325408 kB
MemAvailable:    1535800 kB
Buffers:           47196 kB
Cached:           290728 kB
MemTotal:        1844596 kB
MemFree:         1323416 kB
MemAvailable:    1533808 kB
Buffers:           47196 kB
Cached:           290728 kB
MemTotal:        1844596 kB
MemFree:         1320364 kB
MemAvailable:    1530756 kB
Buffers:           47196 kB
Cached:           290728 kB
MemTotal:        1844596 kB
MemFree:         1320364 kB
MemAvailable:    1530756 kB
Buffers:           47196 kB
Cached:           290728 kB
MemTotal:        1844596 kB
MemFree:         1318380 kB
MemAvailable:    1528772 kB
Buffers:           47196 kB
Cached:           290728 kB
MemTotal:        1844596 kB
MemFree:         1318520 kB
MemAvailable:    1528912 kB
Buffers:           47196 kB
Cached:           290728 kB
MemTotal:        1844596 kB
MemFree:         1316892 kB
MemAvailable:    1527284 kB
Buffers:           47196 kB
Cached:           290728 kB
MemTotal:        1844596 kB
MemFree:         1317884 kB
MemAvailable:    1528276 kB
Buffers:           47196 kB
Cached:           290728 kB
MemTotal:        1844596 kB
MemFree:         1317696 kB
MemAvailable:    1528088 kB
Buffers:           47196 kB
Cached:           290728 kB
MemTotal:        1844596 kB
MemFree:         1317948 kB
MemAvailable:    1528340 kB
Buffers:           47196 kB
Cached:           290728 kB
MemTotal:        1844596 kB
MemFree:         1317872 kB
MemAvailable:    1528264 kB
Buffers:           47196 kB
Cached:           290728 kB
MemTotal:        1844596 kB
MemFree:         1318124 kB
MemAvailable:    1528516 kB
Buffers:           47196 kB
Cached:           290728 kB
MemTotal:        1844596 kB
MemFree:         1318084 kB
MemAvailable:    1528476 kB
Buffers:           47196 kB
Cached:           290728 kB
MemTotal:        1844596 kB
MemFree:         1318036 kB
MemAvailable:    1528428 kB
Buffers:           47196 kB
Cached:           290728 kB
MemTotal:        1844596 kB
MemFree:         1317032 kB
MemAvailable:    1527424 kB
Buffers:           47196 kB
Cached:           290728 kB
MemTotal:        1844596 kB
MemFree:         1317892 kB
MemAvailable:    1528284 kB
Buffers:           47196 kB
Cached:           290728 kB
MemTotal:        1844596 kB
MemFree:         1318144 kB
MemAvailable:    1528536 kB
Buffers:           47196 kB
Cached:           290728 kB
MemTotal:        1844596 kB
MemFree:         1317912 kB
MemAvailable:    1528304 kB
Buffers:           47196 kB
Cached:           290728 kB
MemTotal:        1844596 kB
MemFree:         1317972 kB
MemAvailable:    1528364 kB
Buffers:           47196 kB
Cached:           290728 kB
MemTotal:        1844596 kB
MemFree:         1317760 kB
MemAvailable:    1528152 kB
Buffers:           47196 kB
Cached:           290728 kB
MemTotal:        1844596 kB
MemFree:         1318012 kB
MemAvailable:    1528404 kB
Buffers:           47196 kB
Cached:           290728 kB
MemTotal:        1844596 kB
MemFree:         1317472 kB
MemAvailable:    1527864 kB
Buffers:           47196 kB
Cached:           290728 kB
MemTotal:        1844596 kB
MemFree:         1316420 kB
MemAvailable:    1526812 kB
Buffers:           47196 kB
Cached:           290728 kB
MemTotal:        1844596 kB
MemFree:         1317044 kB
MemAvailable:    1527436 kB
Buffers:           47196 kB
Cached:           290728 kB
MemTotal:        1844596 kB
MemFree:         1316956 kB
MemAvailable:    1527348 kB
Buffers:           47196 kB
Cached:           290728 kB
MemTotal:        1844596 kB
MemFree:         1316848 kB
MemAvailable:    1527240 kB
Buffers:           47196 kB
Cached:           290728 kB
MemTotal:        1844596 kB
MemFree:         1316404 kB
MemAvailable:    1526796 kB
Buffers:           47196 kB
Cached:           290728 kB
MemTotal:        1844596 kB
MemFree:         1316472 kB
MemAvailable:    1526864 kB
Buffers:           47196 kB
Cached:           290728 kB
MemTotal:        1844596 kB
MemFree:         1315056 kB
MemAvailable:    1525452 kB
Buffers:           47196 kB
Cached:           290732 kB
MemTotal:        1844596 kB
MemFree:         1315304 kB
MemAvailable:    1525700 kB
Buffers:           47196 kB
Cached:           290732 kB
MemTotal:        1844596 kB
MemFree:         1315240 kB
MemAvailable:    1525636 kB
Buffers:           47196 kB
Cached:           290732 kB
MemTotal:        1844596 kB
MemFree:         1314064 kB
MemAvailable:    1524460 kB
Buffers:           47196 kB
Cached:           290732 kB
MemTotal:        1844596 kB
MemFree:         1313752 kB
MemAvailable:    1524148 kB
Buffers:           47196 kB
Cached:           290732 kB
MemTotal:        1844596 kB
MemFree:         1314744 kB
MemAvailable:    1525140 kB
Buffers:           47196 kB
Cached:           290732 kB
MemTotal:        1844596 kB
MemFree:         1313692 kB
MemAvailable:    1524088 kB
Buffers:           47196 kB
Cached:           290732 kB
MemTotal:        1844596 kB
MemFree:         1314316 kB
MemAvailable:    1524712 kB
Buffers:           47196 kB
Cached:           290732 kB
MemTotal:        1844596 kB
MemFree:         1312884 kB
MemAvailable:    1523280 kB
Buffers:           47196 kB
Cached:           290732 kB
MemTotal:        1844596 kB
MemFree:         1313188 kB
MemAvailable:    1523584 kB
Buffers:           47196 kB
Cached:           290732 kB
MemTotal:        1844596 kB
MemFree:         1313924 kB
MemAvailable:    1524320 kB
Buffers:           47196 kB
Cached:           290732 kB
MemTotal:        1844596 kB
MemFree:         1314260 kB
MemAvailable:    1524656 kB
Buffers:           47196 kB
Cached:           290732 kB
MemTotal:        1844596 kB
MemFree:         1313892 kB
MemAvailable:    1524288 kB
Buffers:           47196 kB
Cached:           290732 kB
MemTotal:        1844596 kB
MemFree:         1314148 kB
MemAvailable:    1524544 kB
Buffers:           47196 kB
Cached:           290732 kB
MemTotal:        1844596 kB
MemFree:         1314144 kB
MemAvailable:    1524540 kB
Buffers:           47196 kB
Cached:           290732 kB
MemTotal:        1844596 kB
MemFree:         1314056 kB
MemAvailable:    1524452 kB
Buffers:           47196 kB
Cached:           290732 kB
MemTotal:        1844596 kB
MemFree:         1313676 kB
MemAvailable:    1524072 kB
Buffers:           47196 kB
Cached:           290732 kB
MemTotal:        1844596 kB
MemFree:         1313928 kB
MemAvailable:    1524324 kB
Buffers:           47196 kB
Cached:           290732 kB
MemTotal:        1844596 kB
MemFree:         1312312 kB
MemAvailable:    1522708 kB
Buffers:           47196 kB
Cached:           290732 kB
MemTotal:        1844596 kB
MemFree:         1312444 kB
MemAvailable:    1522840 kB
Buffers:           47196 kB
Cached:           290732 kB
MemTotal:        1844596 kB
MemFree:         1304872 kB
MemAvailable:    1515268 kB
Buffers:           47196 kB
Cached:           290732 kB
MemTotal:        1844596 kB
MemFree:         1305124 kB
MemAvailable:    1515520 kB
Buffers:           47196 kB
Cached:           290732 kB
MemTotal:        1844596 kB
MemFree:         1304748 kB
MemAvailable:    1515144 kB
Buffers:           47196 kB
Cached:           290732 kB
MemTotal:        1844596 kB
MemFree:         1304748 kB
MemAvailable:    1515144 kB
Buffers:           47196 kB
Cached:           290732 kB
MemTotal:        1844596 kB
MemFree:         1303512 kB
MemAvailable:    1513908 kB
Buffers:           47196 kB
Cached:           290732 kB
MemTotal:        1844596 kB
MemFree:         1304136 kB
MemAvailable:    1514532 kB
Buffers:           47196 kB
Cached:           290732 kB
MemTotal:        1844596 kB
MemFree:         1304564 kB
MemAvailable:    1514960 kB
Buffers:           47196 kB
Cached:           290732 kB
MemTotal:        1844596 kB
MemFree:         1304704 kB
MemAvailable:    1515100 kB
Buffers:           47196 kB
Cached:           290732 kB
MemTotal:        1844596 kB
MemFree:         1305556 kB
MemAvailable:    1515952 kB
Buffers:           47196 kB
Cached:           290732 kB
MemTotal:        1844596 kB
MemFree:         1306632 kB
MemAvailable:    1517028 kB
Buffers:           47196 kB
Cached:           290732 kB
MemTotal:        1844596 kB
MemFree:         1305632 kB
MemAvailable:    1516028 kB
Buffers:           47196 kB
Cached:           290732 kB
MemTotal:        1844596 kB
MemFree:         1306424 kB
MemAvailable:    1516904 kB
Buffers:           47196 kB
Cached:           290856 kB
MemTotal:        1844596 kB
MemFree:         1306092 kB
MemAvailable:    1516656 kB
Buffers:           47196 kB
Cached:           290980 kB
MemTotal:        1844596 kB
MemFree:         1306176 kB
MemAvailable:    1516824 kB
Buffers:           47196 kB
Cached:           290980 kB
MemTotal:        1844596 kB
MemFree:         1305908 kB
MemAvailable:    1516724 kB
Buffers:           47196 kB
Cached:           291104 kB
MemTotal:        1844596 kB
MemFree:         1305908 kB
MemAvailable:    1516724 kB
Buffers:           47196 kB
Cached:           291228 kB
MemTotal:        1844596 kB
MemFree:         1304764 kB
MemAvailable:    1515664 kB
Buffers:           47196 kB
Cached:           291228 kB
MemTotal:        1844596 kB
MemFree:         1305872 kB
MemAvailable:    1516856 kB
Buffers:           47196 kB
Cached:           291352 kB
MemTotal:        1844596 kB
MemFree:         1305992 kB
MemAvailable:    1516976 kB
Buffers:           47196 kB
Cached:           291352 kB
MemTotal:        1844596 kB
MemFree:         1305928 kB
MemAvailable:    1516912 kB
Buffers:           47196 kB
Cached:           291352 kB
MemTotal:        1844596 kB
MemFree:         1304496 kB
MemAvailable:    1515480 kB
Buffers:           47196 kB
Cached:           291352 kB
MemTotal:        1844596 kB
MemFree:         1304620 kB
MemAvailable:    1515604 kB
Buffers:           47196 kB
Cached:           291352 kB
MemTotal:        1844596 kB
MemFree:         1305920 kB
MemAvailable:    1516904 kB
Buffers:           47196 kB
Cached:           291352 kB
MemTotal:        1844596 kB
MemFree:         1305860 kB
MemAvailable:    1516844 kB
Buffers:           47196 kB
Cached:           291352 kB
MemTotal:        1844596 kB
MemFree:         1306368 kB
MemAvailable:    1516764 kB
Buffers:           47196 kB
Cached:           290720 kB
MemTotal:        1844596 kB
MemFree:         1305212 kB
MemAvailable:    1515608 kB
Buffers:           47196 kB
Cached:           290720 kB
MemTotal:        1844596 kB
MemFree:         1375212 kB
MemAvailable:    1585608 kB
Buffers:           47196 kB
Cached:           290720 kB
