MemTotal:        1844596 kB
MemFree:         1251960 kB
MemAvailable:    1546284 kB
Buffers:           56340 kB
Cached:           358152 kB
MemTotal:        1844596 kB
MemFree:         1250968 kB
MemAvailable:    1545292 kB
Buffers:           56340 kB
Cached:           358152 kB
MemTotal:        1844596 kB
MemFree:         1247496 kB
MemAvailable:    1541820 kB
Buffers:           56340 kB
Cached:           358152 kB
MemTotal:        1844596 kB
MemFree:         1247440 kB
MemAvailable:    1541764 kB
Buffers:           56340 kB
Cached:           358152 kB
MemTotal:        1844596 kB
MemFree:         1247316 kB
MemAvailable:    1541640 kB
Buffers:           56340 kB
Cached:           358152 kB
MemTotal:        1844596 kB
MemFree:         1246264 kB
MemAvailable:    1540588 kB
Buffers:           56340 kB
Cached:           358152 kB
MemTotal:        1844596 kB
MemFree:         1244264 kB
MemAvailable:    1538588 kB
Buffers:           56340 kB
Cached:           358152 kB
MemTotal:        1844596 kB
MemFree:         1242668 kB
MemAvailable:    1536992 kB
Buffers:           56340 kB
Cached:           358152 kB
MemTotal:        1844596 kB
MemFree:         1240660 kB
MemAvailable:    1534984 kB
Buffers:           56340 kB
Cached:           358152 kB
MemTotal:        1844596 kB
MemFree:         1240744 kB
MemAvailable:    1535068 kB
Buffers:           56340 kB
Cached:           358152 kB
MemTotal:        1844596 kB
MemFree:         1236280 kB
MemAvailable:    1530604 kB
Buffers:           56340 kB
Cached:           358152 kB
MemTotal:        1844596 kB
MemFree:         1237180 kB
MemAvailable:    1531504 kB
Buffers:           56340 kB
Cached:           358152 kB
MemTotal:        1844596 kB
MemFree:         1237232 kB
MemAvailable:    1531556 kB
Buffers:           56340 kB
Cached:           358152 kB
MemTotal:        1844596 kB
MemFree:         1237292 kB
MemAvailable:    1531616 kB
Buffers:           56340 kB
Cached:           358152 kB
MemTotal:        1844596 kB
MemFree:         1236468 kB
MemAvailable:    1530792 kB
Buffers:           56340 kB
Cached:           358152 kB
MemTotal:        1844596 kB
MemFree:         1237128 kB
MemAvailable:    1531452 kB
Buffers:           56340 kB
Cached:           358152 kB
MemTotal:        1844596 kB
MemFree:         1236888 kB
MemAvailable:    1531212 kB
Buffers:           56340 kB
Cached:           358152 kB
MemTotal:        1844596 kB
MemFree:         1237140 kB
MemAvailable:    1531464 kB
Buffers:           56340 kB
Cached:           358152 kB
MemTotal:        1844596 kB
MemFree:         1235832 kB
MemAvailable:    1530156 kB
Buffers:           56340 kB
Cached:           358152 kB
MemTotal:        1844596 kB
MemFree:         1236084 kB
MemAvailable:    1530408 kB
Buffers:           56340 kB
Cached:           358152 kB
MemTotal:        1844596 kB
MemFree:         1234832 kB
MemAvailable:    1529156 kB
Buffers:           56340 kB
Cached:           358152 kB
MemTotal:        1844596 kB
MemFree:         1234832 kB
MemAvailable:    1529156 kB
Buffers:           56340 kB
Cached:           358152 kB
MemTotal:        1844596 kB
MemFree:         1234644 kB
MemAvailable:    1528968 kB
Buffers:           56340 kB
Cached:           358152 kB
MemTotal:        1844596 kB
MemFree:         1234812 kB
MemAvailable:    1529136 kB
Buffers:           56340 kB
Cached:           358152 kB
MemTotal:        1844596 kB
MemFree:         1234700 kB
MemAvailable:    1529024 kB
Buffers:           56340 kB
Cached:           358152 kB
MemTotal:        1844596 kB
MemFree:         1234104 kB
MemAvailable:    1528428 kB
Buffers:           56340 kB
Cached:           358152 kB
MemTotal:        1844596 kB
MemFree:         1234656 kB
MemAvailable:    1528980 kB
Buffers:           56340 kB
Cached:           358152 kB
MemTotal:        1844596 kB
MemFree:         1234656 kB
MemAvailable:    1528980 kB
Buffers:           56340 kB
Cached:           358152 kB
MemTotal:        1844596 kB
MemFree:         1234768 kB
MemAvailable:    1529092 kB
Buffers:           56340 kB
Cached:           358152 kB
MemTotal:        1844596 kB
MemFree:         1233980 kB
MemAvailable:    1528304 kB
Buffers:           56340 kB
Cached:           358152 kB
MemTotal:        1844596 kB
MemFree:         1234732 kB
MemAvailable:    1529056 kB
Buffers:           56340 kB
Cached:           358152 kB
MemTotal:        1844596 kB
MemFree:         1236156 kB
MemAvailable:    1530480 kB
Buffers:           56340 kB
Cached:           358152 kB
MemTotal:        1844596 kB
MemFree:         1236024 kB
MemAvailable:    1530348 kB
Buffers:           56340 kB
Cached:           358152 kB
MemTotal:        1844596 kB
MemFree:         1234732 kB
MemAvailable:    1529056 kB
Buffers:           56340 kB
Cached:           358152 kB
MemTotal:        1844596 kB
MemFree:         1233740 kB
MemAvailable:    1528064 kB
Buffers:           56340 kB
Cached:           358152 kB
MemTotal:        1844596 kB
MemFree:         1232812 kB
MemAvailable:    1527136 kB
Buffers:           56340 kB
Cached:           358152 kB
MemTotal:        1844596 kB
MemFree:         1232236 kB
MemAvailable:    1526560 kB
Buffers:           56340 kB
Cached:           358152 kB
MemTotal:        1844596 kB
MemFree:         1232236 kB
MemAvailable:    1526560 kB
Buffers:           56340 kB
Cached:           358152 kB
MemTotal:        1844596 kB
MemFree:         1231692 kB
MemAvailable:    1526016 kB
Buffers:           56340 kB
Cached:           358152 kB
MemTotal:        1844596 kB
MemFree:         1231560 kB
MemAvailable:    1525884 kB
Buffers:           56340 kB
Cached:           358152 kB
MemTotal:        1844596 kB
MemFree:         1229772 kB
MemAvailable:    1524096 kB
Buffers:           56340 kB
Cached:           358152 kB
MemTotal:        1844596 kB
MemFree:         1229772 kB
MemAvailable:    1524096 kB
Buffers:           56340 kB
Cached:           358152 kB
MemTotal:        1844596 kB
MemFree:         1230824 kB
MemAvailable:    1525148 kB
Buffers:           56340 kB
Cached:           358152 kB
MemTotal:        1844596 kB
MemFree:         1230692 kB
MemAvailable:    1525016 kB
Buffers:           56340 kB
Cached:           358152 kB
MemTotal:        1844596 kB
MemFree:         1229524 kB
MemAvailable:    1523848 kB
Buffers:           56340 kB
Cached:           358152 kB
MemTotal:        1844596 kB
MemFree:         1230504 kB
MemAvailable:    1524828 kB
Buffers:           56340 kB
Cached:           358152 kB
MemTotal:        1844596 kB
MemFree:         1230452 kB
MemAvailable:    1524776 kB
Buffers:           56340 kB
Cached:           358152 kB
MemTotal:        1844596 kB
MemFree:         1229888 kB
MemAvailable:    1524212 kB
Buffers:           56340 kB
Cached:           358152 kB
MemTotal:        1844596 kB
MemFree:         1230328 kB
MemAvailable:    1524652 kB
Buffers:           56340 kB
Cached:           358152 kB
MemTotal:        1844596 kB
MemFree:         1230072 kB
MemAvailable:    1524396 kB
Buffers:           56340 kB
Cached:           358152 kB
MemTotal:        1844596 kB
MemFree:         1229748 kB
MemAvailable:    1524072 kB
Buffers:           56340 kB
Cached:           358152 kB
MemTotal:        1844596 kB
MemFree:         1229896 kB
MemAvailable:    1524220 kB
Buffers:           56340 kB
Cached:           358152 kB
MemTotal:        1844596 kB
MemFree:         1229576 kB
MemAvailable:    1523900 kB
Buffers:           56340 kB
Cached:           358152 kB
MemTotal:        1844596 kB
MemFree:         1229576 kB
MemAvailable:    1523900 kB
Buffers:           56340 kB
Cached:           358152 kB
MemTotal:        1844596 kB
MemFree:         1229576 kB
MemAvailable:    1523900 kB
Buffers:           56340 kB
Cached:           358152 kB
MemTotal:        1844596 kB
MemFree:         1229520 kB
MemAvailable:    1523844 kB
Buffers:           56340 kB
Cached:           358152 kB
MemTotal:        1844596 kB
MemFree:         1229580 kB
MemAvailable:    1523904 kB
Buffers:           56340 kB
Cached:           358152 kB
MemTotal:        1844596 kB
MemFree:         1229552 kB
MemAvailable:    1523876 kB
Buffers:           56340 kB
Cached:           358152 kB
MemTotal:        1844596 kB
MemFree:         1228904 kB
MemAvailable:    1523228 kB
Buffers:           56340 kB
Cached:           358152 kB
MemTotal:        1844596 kB
MemFree:         1229572 kB
MemAvailable:    1523896 kB
Buffers:           56340 kB
Cached:           358152 kB
MemTotal:        1844596 kB
MemFree:         1229524 kB
MemAvailable:    1523848 kB
Buffers:           56340 kB
Cached:           358152 kB
MemTotal:        1844596 kB
MemFree:         1228236 kB
MemAvailable:    1522560 kB
Buffers:           56340 kB
Cached:           358152 kB
MemTotal:        1844596 kB
MemFree:         1228236 kB
MemAvailable:    1522560 kB
Buffers:           56340 kB
Cached:           358152 kB
MemTotal:        1844596 kB
MemFree:         1228360 kB
MemAvailable:    1522684 kB
Buffers:           56340 kB
Cached:           358152 kB
MemTotal:        1844596 kB
MemFree:         1229452 kB
MemAvailable:    1523776 kB
Buffers:           56340 kB
Cached:           358152 kB
MemTotal:        1844596 kB
MemFree:         1228160 kB
MemAvailable:    1522484 kB
Buffers:           56340 kB
Cached:           358152 kB
MemTotal:        1844596 kB
MemFree:         1228784 kB
MemAvailable:    1523108 kB
Buffers:           56340 kB
Cached:           358152 kB
MemTotal:        1844596 kB
MemFree:         1228820 kB
MemAvailable:    1523144 kB
Buffers:           56340 kB
Cached:           358152 kB
MemTotal:        1844596 kB
MemFree:         1227380 kB
MemAvailable:    1521704 kB
Buffers:           56340 kB
Cached:           358152 kB
MemTotal:        1844596 kB
MemFree:         1228688 kB
MemAvailable:    1523012 kB
Buffers:           56340 kB
Cached:           358152 kB
MemTotal:        1844596 kB
MemFree:         1228748 kB
MemAvailable:    1523072 kB
Buffers:           56340 kB
Cached:           358152 kB
MemTotal:        1844596 kB
MemFree:         1228492 kB
MemAvailable:    1522816 kB
Buffers:           56340 kB
Cached:           358152 kB
MemTotal:        1844596 kB
MemFree:         1228700 kB
MemAvailable:    1523024 kB
Buffers:           56340 kB
Cached:           358152 kB
MemTotal:        1844596 kB
MemFree:         1227904 kB
MemAvailable:    1522228 kB
Buffers:           56340 kB
Cached:           358152 kB
MemTotal:        1844596 kB
MemFree:         1227220 kB
MemAvailable:    1521544 kB
Buffers:           56340 kB
Cached:           358152 kB
MemTotal:        1844596 kB
MemFree:         1228696 kB
MemAvailable:    1523020 kB
Buffers:           56340 kB
Cached:           358152 kB
MemTotal:        1844596 kB
MemFree:         1227540 kB
MemAvailable:    1521864 kB
Buffers:           56340 kB
Cached:           358152 kB
MemTotal:        1844596 kB
MemFree:         1228756 kB
MemAvailable:    1523080 kB
Buffers:           56340 kB
Cached:           358152 kB
MemTotal:        1844596 kB
MemFree:         1228756 kB
MemAvailable:    1523080 kB
Buffers:           56340 kB
Cached:           358152 kB
MemTotal:        1844596 kB
MemFree:         1225796 kB
MemAvailable:    1520120 kB
Buffers:           56340 kB
Cached:           358152 kB
MemTotal:        1844596 kB
MemFree:         1224564 kB
MemAvailable:    1518896 kB
Buffers:           56340 kB
Cached:           358160 kB
MemTotal:        1844596 kB
MemFree:         1223016 kB
MemAvailable:    1517348 kB
Buffers:           56340 kB
Cached:           358160 kB
MemTotal:        1844596 kB
MemFree:         1221216 kB
MemAvailable:    1515552 kB
Buffers:           56340 kB
Cached:           358164 kB
MemTotal:        1844596 kB
MemFree:         1219968 kB
MemAvailable:    1514304 kB
Buffers:           56340 kB
Cached:           358164 kB
MemTotal:        1844596 kB
MemFree:         1220840 kB
MemAvailable:    1515176 kB
Buffers:           56340 kB
Cached:           358164 kB
MemTotal:        1844596 kB
MemFree:         1219576 kB
MemAvailable:    1513912 kB
Buffers:           56340 kB
Cached:           358164 kB
MemTotal:        1844596 kB
MemFree:         1220816 kB
MemAvailable:    1515152 kB
Buffers:           56340 kB
Cached:           358164 kB
MemTotal:        1844596 kB
MemFree:         1219576 kB
MemAvailable:    1513912 kB
Buffers:           56340 kB
Cached:           358164 kB
MemTotal:        1844596 kB
MemFree:         1220876 kB
MemAvailable:    1515212 kB
Buffers:           56340 kB
Cached:           358164 kB
MemTotal:        1844596 kB
MemFree:         1220684 kB
MemAvailable:    1515020 kB
Buffers:           56340 kB
Cached:           358164 kB
MemTotal:        1844596 kB
MemFree:         1219720 kB
MemAvailable:    1514056 kB
Buffers:           56340 kB
Cached:           358164 kB
MemTotal:        1844596 kB
MemFree:         1220552 kB
MemAvailable:    1514888 kB
Buffers:           56340 kB
Cached:           358164 kB
MemTotal:        1844596 kB
MemFree:         1220636 kB
MemAvailable:    1514972 kB
Buffers:           56340 kB
Cached:           358164 kB
MemTotal:        1844596 kB
MemFree:         1219408 kB
MemAvailable:    1513744 kB
Buffers:           56340 kB
Cached:           358164 kB
MemTotal:        1844596 kB
MemFree:         1220808 kB
MemAvailable:    1515144 kB
Buffers:           56340 kB
Cached:           358164 kB
MemTotal:        1844596 kB
MemFree:         1220108 kB
MemAvailable:    1514444 kB
Buffers:           56340 kB
Cached:           358164 kB
MemTotal:        1844596 kB
MemFree:         1220524 kB
MemAvailable:    1514860 kB
Buffers:           56340 kB
Cached:           358164 kB
MemTotal:        1844596 kB
MemFree:         1220100 kB
MemAvailable:    1514436 kB
Buffers:           56340 kB
Cached:           358164 kB
MemTotal:        1844596 kB
MemFree:         1220476 kB
MemAvailable:    1514812 kB
Buffers:           56340 kB
Cached:           358164 kB
MemTotal:        1844596 kB
MemFree:         1220284 kB
MemAvailable:    1514620 kB
Buffers:           56340 kB
Cached:           358164 kB
MemTotal:        1844596 kB
MemFree:         1220076 kB
MemAvailable:    1514412 kB
Buffers:           56340 kB
Cached:           358164 kB
MemTotal:        1844596 kB
MemFree:         1220328 kB
MemAvailable:    1514664 kB
Buffers:           56340 kB
Cached:           358164 kB
MemTotal:        1844596 kB
MemFree:         1219604 kB
MemAvailable:    1513940 kB
Buffers:           56340 kB
Cached:           358164 kB
MemTotal:        1844596 kB
MemFree:         1219208 kB
MemAvailable:    1513544 kB
Buffers:           56340 kB
Cached:           358164 kB
MemTotal:        1844596 kB
MemFree:         1219208 kB
MemAvailable:    1513544 kB
Buffers:           56340 kB
Cached:           358164 kB
MemTotal:        1844596 kB
MemFree:         1218820 kB
MemAvailable:    1513156 kB
Buffers:           56340 kB
Cached:           358164 kB
MemTotal:        1844596 kB
MemFree:         1219072 kB
MemAvailable:    1513408 kB
Buffers:           56340 kB
Cached:           358164 kB
MemTotal:        1844596 kB
MemFree:         1217712 kB
MemAvailable:    1512048 kB
Buffers:           56340 kB
Cached:           358164 kB
MemTotal:        1844596 kB
MemFree:         1217964 kB
MemAvailable:    1512300 kB
Buffers:           56340 kB
Cached:           358164 kB
MemTotal:        1844596 kB
MemFree:         1216860 kB
MemAvailable:    1511196 kB
Buffers:           56340 kB
Cached:           358164 kB
MemTotal:        1844596 kB
MemFree:         1215748 kB
MemAvailable:    1510084 kB
Buffers:           56340 kB
Cached:           358164 kB
MemTotal:        1844596 kB
MemFree:         1216988 kB
MemAvailable:    1511324 kB
Buffers:           56340 kB
Cached:           358164 kB
MemTotal:        1844596 kB
MemFree:         1217056 kB
MemAvailable:    1511392 kB
Buffers:           56340 kB
Cached:           358164 kB
MemTotal:        1844596 kB
MemFree:         1215568 kB
MemAvailable:    1509904 kB
Buffers:           56340 kB
Cached:           358164 kB
MemTotal:        1844596 kB
MemFree:         1216816 kB
MemAvailable:    1511152 kB
Buffers:           56340 kB
Cached:           358164 kB
MemTotal:        1844596 kB
MemFree:         1216876 kB
MemAvailable:    1511212 kB
Buffers:           56340 kB
Cached:           358164 kB
MemTotal:        1844596 kB
MemFree:         1216780 kB
MemAvailable:    1511116 kB
Buffers:           56340 kB
Cached:           358164 kB
MemTotal:        1844596 kB
MemFree:         1215760 kB
MemAvailable:    1510096 kB
Buffers:           56340 kB
Cached:           358164 kB
MemTotal:        1844596 kB
MemFree:         1216740 kB
MemAvailable:    1511076 kB
Buffers:           56340 kB
Cached:           358164 kB
MemTotal:        1844596 kB
MemFree:         1216688 kB
MemAvailable:    1511024 kB
Buffers:           56340 kB
Cached:           358164 kB
MemTotal:        1844596 kB
MemFree:         1216812 kB
MemAvailable:    1511148 kB
Buffers:           56340 kB
Cached:           358164 kB
MemTotal:        1844596 kB
MemFree:         1216496 kB
MemAvailable:    1510832 kB
Buffers:           56340 kB
Cached:           358164 kB
MemTotal:        1844596 kB
MemFree:         1216232 kB
MemAvailable:    1510568 kB
Buffers:           56340 kB
Cached:           358164 kB
MemTotal:        1844596 kB
MemFree:         1216232 kB
MemAvailable:    1510568 kB
Buffers:           56340 kB
Cached:           358164 kB
MemTotal:        1844596 kB
MemFree:         1213032 kB
MemAvailable:    1507368 kB
Buffers:           56340 kB
Cached:           358164 kB
MemTotal:        1844596 kB
MemFree:         1209024 kB
MemAvailable:    1503360 kB
Buffers:           56340 kB
Cached:           358164 kB
MemTotal:        1844596 kB
MemFree:         1207512 kB
MemAvailable:    1501848 kB
Buffers:           56340 kB
Cached:           358164 kB
MemTotal:        1844596 kB
MemFree:         1207256 kB
MemAvailable:    1501676 kB
Buffers:           56340 kB
Cached:           358288 kB
MemTotal:        1844596 kB
MemFree:         1206088 kB
MemAvailable:    1500592 kB
Buffers:           56340 kB
Cached:           358288 kB
MemTotal:        1844596 kB
MemFree:         1206752 kB
MemAvailable:    1501340 kB
Buffers:           56340 kB
Cached:           358412 kB
MemTotal:        1844596 kB
MemFree:         1207004 kB
MemAvailable:    1501592 kB
Buffers:           56340 kB
Cached:           358412 kB
MemTotal:        1844596 kB
MemFree:         1206704 kB
MemAvailable:    1501460 kB
Buffers:           56340 kB
Cached:           358536 kB
MemTotal:        1844596 kB
MemFree:         1206704 kB
MemAvailable:    1501544 kB
Buffers:           56340 kB
Cached:           358660 kB
MemTotal:        1844596 kB
MemFree:         1206572 kB
MemAvailable:    1501496 kB
Buffers:           56340 kB
Cached:           358660 kB
MemTotal:        1844596 kB
MemFree:         1205132 kB
MemAvailable:    1500056 kB
Buffers:           56340 kB
Cached:           358660 kB
MemTotal:        1844596 kB
MemFree:         1206440 kB
MemAvailable:    1501364 kB
Buffers:           56340 kB
Cached:           358784 kB
MemTotal:        1844596 kB
MemFree:         1205132 kB
MemAvailable:    1500056 kB
Buffers:           56340 kB
Cached:           358784 kB
MemTotal:        1844596 kB
MemFree:         1206496 kB
MemAvailable:    1501420 kB
Buffers:           56340 kB
Cached:           358784 kB
MemTotal:        1844596 kB
MemFree:         1206440 kB
MemAvailable:    1501364 kB
Buffers:           56340 kB
Cached:           358784 kB
MemTotal:        1844596 kB
MemFree:         1205256 kB
MemAvailable:    1500180 kB
Buffers:           56340 kB
Cached:           358784 kB
MemTotal:        1844596 kB
MemFree:         1205264 kB
MemAvailable:    1500188 kB
Buffers:           56340 kB
Cached:           358784 kB
MemTotal:        1844596 kB
MemFree:         1205264 kB
MemAvailable:    1500272 kB
Buffers:           56340 kB
Cached:           358784 kB
MemTotal:        1844596 kB
MemFree:         1206576 kB
MemAvailable:    1500912 kB
Buffers:           56340 kB
Cached:           358152 kB
MemTotal:        1844596 kB
MemFree:         1272516 kB
MemAvailable:    1566852 kB
Buffers:           56340 kB
Cached:           358152 kB
