MemTotal:        1844596 kB
MemFree:         1566504 kB
MemAvailable:    1582192 kB
Buffers:           22672 kB
Cached:           124472 kB
MemTotal:        1844596 kB
MemFree:         1563776 kB
MemAvailable:    1579464 kB
Buffers:           22672 kB
Cached:           124472 kB
MemTotal:        1844596 kB
MemFree:         1561296 kB
MemAvailable:    1576984 kB
Buffers:           22672 kB
Cached:           124472 kB
MemTotal:        1844596 kB
MemFree:         1560056 kB
MemAvailable:    1575744 kB
Buffers:           22672 kB
Cached:           124472 kB
MemTotal:        1844596 kB
MemFree:         1561040 kB
MemAvailable:    1576728 kB
Buffers:           22672 kB
Cached:           124472 kB
MemTotal:        1844596 kB
MemFree:         1561040 kB
MemAvailable:    1576728 kB
Buffers:           22672 kB
Cached:           124472 kB
MemTotal:        1844596 kB
MemFree:         1557892 kB
MemAvailable:    1573580 kB
Buffers:           22672 kB
Cached:           124472 kB
MemTotal:        1844596 kB
MemFree:         1555848 kB
MemAvailable:    1571536 kB
Buffers:           22672 kB
Cached:           124472 kB
MemTotal:        1844596 kB
MemFree:         1551368 kB
MemAvailable:    1567056 kB
Buffers:           22672 kB
Cached:           124472 kB
MemTotal:        1844596 kB
MemFree:         1550888 kB
MemAvailable:    1566576 kB
Buffers:           22672 kB
Cached:           124472 kB
MemTotal:        1844596 kB
MemFree:         1549808 kB
MemAvailable:    1565496 kB
Buffers:           22672 kB
Cached:           124472 kB
MemTotal:        1844596 kB
MemFree:         1550992 kB
MemAvailable:    1566680 kB
Buffers:           22672 kB
Cached:           124472 kB
MemTotal:        1844596 kB
MemFree:         1550392 kB
MemAvailable:    1566080 kB
Buffers:           22672 kB
Cached:           124472 kB
MemTotal:        1844596 kB
MemFree:         1550852 kB
MemAvailable:    1566540 kB
Buffers:           22672 kB
Cached:           124472 kB
MemTotal:        1844596 kB
MemFree:         1551188 kB
MemAvailable:    1566876 kB
Buffers:           22672 kB
Cached:           124472 kB
MemTotal:        1844596 kB
MemFree:         1549828 kB
MemAvailable:    1565516 kB
Buffers:           22672 kB
Cached:           124472 kB
MemTotal:        1844596 kB
MemFree:         1549276 kB
MemAvailable:    1564964 kB
Buffers:           22672 kB
Cached:           124472 kB
MemTotal:        1844596 kB
MemFree:         1548532 kB
MemAvailable:    1564220 kB
Buffers:           22672 kB
Cached:           124472 kB
MemTotal:        1844596 kB
MemFree:         1548640 kB
MemAvailable:    1564328 kB
Buffers:           22672 kB
Cached:           124472 kB
MemTotal:        1844596 kB
MemFree:         1548640 kB
MemAvailable:    1564328 kB
Buffers:           22672 kB
Cached:           124472 kB
MemTotal:        1844596 kB
MemFree:         1548476 kB
MemAvailable:    1564164 kB
Buffers:           22672 kB
Cached:           124472 kB
MemTotal:        1844596 kB
MemFree:         1547264 kB
MemAvailable:    1562952 kB
Buffers:           22672 kB
Cached:           124472 kB
MemTotal:        1844596 kB
MemFree:         1548572 kB
MemAvailable:    1564260 kB
Buffers:           22672 kB
Cached:           124472 kB
MemTotal:        1844596 kB
MemFree:         1547396 kB
MemAvailable:    1563084 kB
Buffers:           22672 kB
Cached:           124472 kB
MemTotal:        1844596 kB
MemFree:         1547224 kB
MemAvailable:    1562912 kB
Buffers:           22672 kB
Cached:           124472 kB
MemTotal:        1844596 kB
MemFree:         1548484 kB
MemAvailable:    1564172 kB
Buffers:           22672 kB
Cached:           124472 kB
MemTotal:        1844596 kB
MemFree:         1548736 kB
MemAvailable:    1564424 kB
Buffers:           22672 kB
Cached:           124472 kB
MemTotal:        1844596 kB
MemFree:         1549800 kB
MemAvailable:    1565488 kB
Buffers:           22672 kB
Cached:           124472 kB
MemTotal:        1844596 kB
MemFree:         1550052 kB
MemAvailable:    1565740 kB
Buffers:           22672 kB
Cached:           124472 kB
MemTotal:        1844596 kB
MemFree:         1548756 kB
MemAvailable:    1564444 kB
Buffers:           22672 kB
Cached:           124472 kB
MemTotal:        1844596 kB
MemFree:         1548756 kB
MemAvailable:    1564444 kB
Buffers:           22672 kB
Cached:           124472 kB
MemTotal:        1844596 kB
MemFree:         1546484 kB
MemAvailable:    1562172 kB
Buffers:           22672 kB
Cached:           124472 kB
MemTotal:        1844596 kB
MemFree:         1546292 kB
MemAvailable:    1561980 kB
Buffers:           22672 kB
Cached:           124472 kB
MemTotal:        1844596 kB
MemFree:         1545408 kB
MemAvailable:    1561096 kB
Buffers:           22672 kB
Cached:           124472 kB
MemTotal:        1844596 kB
MemFree:         1545492 kB
MemAvailable:    1561180 kB
Buffers:           22672 kB
Cached:           124472 kB
MemTotal:        1844596 kB
MemFree:         1545112 kB
MemAvailable:    1560800 kB
Buffers:           22672 kB
Cached:           124472 kB
MemTotal:        1844596 kB
MemFree:         1545048 kB
MemAvailable:    1560736 kB
Buffers:           22672 kB
Cached:           124472 kB
MemTotal:        1844596 kB
MemFree:         1544688 kB
MemAvailable:    1560376 kB
Buffers:           22672 kB
Cached:           124472 kB
MemTotal:        1844596 kB
MemFree:         1543944 kB
MemAvailable:    1559632 kB
Buffers:           22672 kB
Cached:           124472 kB
MemTotal:        1844596 kB
MemFree:         1544288 kB
MemAvailable:    1559976 kB
Buffers:           22672 kB
Cached:           124472 kB
MemTotal:        1844596 kB
MemFree:         1544540 kB
MemAvailable:    1560228 kB
Buffers:           22672 kB
Cached:           124472 kB
MemTotal:        1844596 kB
MemFree:         1544240 kB
MemAvailable:    1559928 kB
Buffers:           22672 kB
Cached:           124472 kB
MemTotal:        1844596 kB
MemFree:         1544300 kB
MemAvailable:    1559988 kB
Buffers:           22672 kB
Cached:           124472 kB
MemTotal:        1844596 kB
MemFree:         1544548 kB
MemAvailable:    1560236 kB
Buffers:           22672 kB
Cached:           124472 kB
MemTotal:        1844596 kB
MemFree:         1544068 kB
MemAvailable:    1559756 kB
Buffers:           22672 kB
Cached:           124472 kB
MemTotal:        1844596 kB
MemFree:         1543556 kB
MemAvailable:    1559244 kB
Buffers:           22672 kB
Cached:           124472 kB
MemTotal:        1844596 kB
MemFree:         1543640 kB
MemAvailable:    1559328 kB
Buffers:           22672 kB
Cached:           124472 kB
MemTotal:        1844596 kB
MemFree:         1543508 kB
MemAvailable:    1559196 kB
Buffers:           22672 kB
Cached:           124472 kB
MemTotal:        1844596 kB
MemFree:         1543076 kB
MemAvailable:    1558764 kB
Buffers:           22672 kB
Cached:           124472 kB
MemTotal:        1844596 kB
MemFree:         1543268 kB
MemAvailable:    1558956 kB
Buffers:           22672 kB
Cached:           124472 kB
MemTotal:        1844596 kB
MemFree:         1543328 kB
MemAvailable:    1559016 kB
Buffers:           22672 kB
Cached:           124472 kB
MemTotal:        1844596 kB
MemFree:         1543420 kB
MemAvailable:    1559108 kB
Buffers:           22672 kB
Cached:           124472 kB
MemTotal:        1844596 kB
MemFree:         1543672 kB
MemAvailable:    1559360 kB
Buffers:           22672 kB
Cached:           124472 kB
MemTotal:        1844596 kB
MemFree:         1542020 kB
MemAvailable:    1557708 kB
Buffers:           22672 kB
Cached:           124472 kB
MemTotal:        1844596 kB
MemFree:         1543268 kB
MemAvailable:    1558964 kB
Buffers:           22672 kB
Cached:           124480 kB
MemTotal:        1844596 kB
MemFree:         1542152 kB
MemAvailable:    1557848 kB
Buffers:           22672 kB
Cached:           124480 kB
MemTotal:        1844596 kB
MemFree:         1542152 kB
MemAvailable:    1557848 kB
Buffers:           22672 kB
Cached:           124480 kB
MemTotal:        1844596 kB
MemFree:         1543448 kB
MemAvailable:    1559144 kB
Buffers:           22672 kB
Cached:           124480 kB
MemTotal:        1844596 kB
MemFree:         1542572 kB
MemAvailable:    1558268 kB
Buffers:           22672 kB
Cached:           124480 kB
MemTotal:        1844596 kB
MemFree:         1542624 kB
MemAvailable:    1558320 kB
Buffers:           22672 kB
Cached:           124480 kB
MemTotal:        1844596 kB
MemFree:         1542960 kB
MemAvailable:    1558656 kB
Buffers:           22672 kB
Cached:           124480 kB
MemTotal:        1844596 kB
MemFree:         1541684 kB
MemAvailable:    1557380 kB
Buffers:           22672 kB
Cached:           124480 kB
MemTotal:        1844596 kB
MemFree:         1541684 kB
MemAvailable:    1557380 kB
Buffers:           22672 kB
Cached:           124480 kB
MemTotal:        1844596 kB
MemFree:         1542688 kB
MemAvailable:    1558384 kB
Buffers:           22672 kB
Cached:           124480 kB
MemTotal:        1844596 kB
MemFree:         1542688 kB
MemAvailable:    1558384 kB
Buffers:           22672 kB
Cached:           124480 kB
MemTotal:        1844596 kB
MemFree:         1542428 kB
MemAvailable:    1558124 kB
Buffers:           22672 kB
Cached:           124480 kB
MemTotal:        1844596 kB
MemFree:         1542208 kB
MemAvailable:    1557904 kB
Buffers:           22672 kB
Cached:           124480 kB
MemTotal:        1844596 kB
MemFree:         1542628 kB
MemAvailable:    1558324 kB
Buffers:           22672 kB
Cached:           124480 kB
MemTotal:        1844596 kB
MemFree:         1542456 kB
MemAvailable:    1558152 kB
Buffers:           22672 kB
Cached:           124480 kB
MemTotal:        1844596 kB
MemFree:         1541836 kB
MemAvailable:    1557532 kB
Buffers:           22672 kB
Cached:           124480 kB
MemTotal:        1844596 kB
MemFree:         1542276 kB
MemAvailable:    1557972 kB
Buffers:           22672 kB
Cached:           124480 kB
MemTotal:        1844596 kB
MemFree:         1542612 kB
MemAvailable:    1558308 kB
Buffers:           22672 kB
Cached:           124480 kB
MemTotal:        1844596 kB
MemFree:         1540456 kB
MemAvailable:    1556152 kB
Buffers:           22672 kB
Cached:           124480 kB
MemTotal:        1844596 kB
MemFree:         1539588 kB
MemAvailable:    1555284 kB
Buffers:           22672 kB
Cached:           124480 kB
MemTotal:        1844596 kB
MemFree:         1538612 kB
MemAvailable:    1554312 kB
Buffers:           22672 kB
Cached:           124484 kB
MemTotal:        1844596 kB
MemFree:         1536628 kB
MemAvailable:    1552328 kB
Buffers:           22672 kB
Cached:           124484 kB
MemTotal:        1844596 kB
MemFree:         1533900 kB
MemAvailable:    1549600 kB
Buffers:           22672 kB
Cached:           124484 kB
MemTotal:        1844596 kB
MemFree:         1534264 kB
MemAvailable:    1549964 kB
Buffers:           22672 kB
Cached:           124484 kB
MemTotal:        1844596 kB
MemFree:         1534564 kB
MemAvailable:    1550264 kB
Buffers:           22672 kB
Cached:           124484 kB
MemTotal:        1844596 kB
MemFree:         1534816 kB
MemAvailable:    1550516 kB
Buffers:           22672 kB
Cached:           124484 kB
MemTotal:        1844596 kB
MemFree:         1534476 kB
MemAvailable:    1550176 kB
Buffers:           22672 kB
Cached:           124484 kB
MemTotal:        1844596 kB
MemFree:         1534644 kB
MemAvailable:    1550344 kB
Buffers:           22672 kB
Cached:           124484 kB
MemTotal:        1844596 kB
MemFree:         1534368 kB
MemAvailable:    1550068 kB
Buffers:           22672 kB
Cached:           124484 kB
MemTotal:        1844596 kB
MemFree:         1534620 kB
MemAvailable:    1550320 kB
Buffers:           22672 kB
Cached:           124484 kB
MemTotal:        1844596 kB
MemFree:         1533260 kB
MemAvailable:    1548960 kB
Buffers:           22672 kB
Cached:           124484 kB
MemTotal:        1844596 kB
MemFree:         1534444 kB
MemAvailable:    1550144 kB
Buffers:           22672 kB
Cached:           124484 kB
MemTotal:        1844596 kB
MemFree:         1534568 kB
MemAvailable:    1550268 kB
Buffers:           22672 kB
Cached:           124484 kB
MemTotal:        1844596 kB
MemFree:         1534508 kB
MemAvailable:    1550208 kB
Buffers:           22672 kB
Cached:           124484 kB
MemTotal:        1844596 kB
MemFree:         1533392 kB
MemAvailable:    1549092 kB
Buffers:           22672 kB
Cached:           124484 kB
MemTotal:        1844596 kB
MemFree:         1533640 kB
MemAvailable:    1549340 kB
Buffers:           22672 kB
Cached:           124484 kB
MemTotal:        1844596 kB
MemFree:         1533640 kB
MemAvailable:    1549340 kB
Buffers:           22672 kB
Cached:           124484 kB
MemTotal:        1844596 kB
MemFree:         1533640 kB
MemAvailable:    1549340 kB
Buffers:           22672 kB
Cached:           124484 kB
MemTotal:        1844596 kB
MemFree:         1532784 kB
MemAvailable:    1548484 kB
Buffers:           22672 kB
Cached:           124484 kB
MemTotal:        1844596 kB
MemFree:         1532900 kB
MemAvailable:    1548600 kB
Buffers:           22672 kB
Cached:           124484 kB
MemTotal:        1844596 kB
MemFree:         1532536 kB
MemAvailable:    1548236 kB
Buffers:           22672 kB
Cached:           124484 kB
MemTotal:        1844596 kB
MemFree:         1533636 kB
MemAvailable:    1549336 kB
Buffers:           22672 kB
Cached:           124484 kB
MemTotal:        1844596 kB
MemFree:         1533280 kB
MemAvailable:    1548980 kB
Buffers:           22672 kB
Cached:           124484 kB
MemTotal:        1844596 kB
MemFree:         1531792 kB
MemAvailable:    1547492 kB
Buffers:           22672 kB
Cached:           124484 kB
MemTotal:        1844596 kB
MemFree:         1531784 kB
MemAvailable:    1547484 kB
Buffers:           22672 kB
Cached:           124484 kB
MemTotal:        1844596 kB
MemFree:         1531520 kB
MemAvailable:    1547220 kB
Buffers:           22672 kB
Cached:           124484 kB
MemTotal:        1844596 kB
MemFree:         1531668 kB
MemAvailable:    1547368 kB
Buffers:           22672 kB
Cached:           124484 kB
MemTotal:        1844596 kB
MemFree:         1531156 kB
MemAvailable:    1546856 kB
Buffers:           22672 kB
Cached:           124484 kB
MemTotal:        1844596 kB
MemFree:         1530924 kB
MemAvailable:    1546624 kB
Buffers:           22672 kB
Cached:           124484 kB
MemTotal:        1844596 kB
MemFree:         1530860 kB
MemAvailable:    1546560 kB
Buffers:           22672 kB
Cached:           124484 kB
MemTotal:        1844596 kB
MemFree:         1529628 kB
MemAvailable:    1545328 kB
Buffers:           22672 kB
Cached:           124484 kB
MemTotal:        1844596 kB
MemFree:         1530600 kB
MemAvailable:    1546300 kB
Buffers:           22672 kB
Cached:           124484 kB
MemTotal:        1844596 kB
MemFree:         1530936 kB
MemAvailable:    1546636 kB
Buffers:           22672 kB
Cached:           124484 kB
MemTotal:        1844596 kB
MemFree:         1530468 kB
MemAvailable:    1546168 kB
Buffers:           22672 kB
Cached:           124484 kB
MemTotal:        1844596 kB
MemFree:         1530804 kB
MemAvailable:    1546504 kB
Buffers:           22672 kB
Cached:           124484 kB
MemTotal:        1844596 kB
MemFree:         1529484 kB
MemAvailable:    1545184 kB
Buffers:           22672 kB
Cached:           124484 kB
MemTotal:        1844596 kB
MemFree:         1529228 kB
MemAvailable:    1544928 kB
Buffers:           22672 kB
Cached:           124484 kB
MemTotal:        1844596 kB
MemFree:         1529396 kB
MemAvailable:    1545096 kB
Buffers:           22672 kB
Cached:           124484 kB
MemTotal:        1844596 kB
MemFree:         1529396 kB
MemAvailable:    1545096 kB
Buffers:           22672 kB
Cached:           124484 kB
MemTotal:        1844596 kB
MemFree:         1530172 kB
MemAvailable:    1545872 kB
Buffers:           22672 kB
Cached:           124484 kB
MemTotal:        1844596 kB
MemFree:         1529428 kB
MemAvailable:    1545128 kB
Buffers:           22672 kB
Cached:           124484 kB
MemTotal:        1844596 kB
MemFree:         1526568 kB
MemAvailable:    1542268 kB
Buffers:           22672 kB
Cached:           124484 kB
MemTotal:        1844596 kB
MemFree:         1524600 kB
MemAvailable:    1540300 kB
Buffers:           22672 kB
Cached:           124484 kB
MemTotal:        1844596 kB
MemFree:         1521560 kB
MemAvailable:    1537260 kB
Buffers:           22672 kB
Cached:           124484 kB
MemTotal:        1844596 kB
MemFree:         1520756 kB
MemAvailable:    1536456 kB
Buffers:           22672 kB
Cached:           124484 kB
MemTotal:        1844596 kB
MemFree:         1520116 kB
MemAvailable:    1535816 kB
Buffers:           22672 kB
Cached:           124484 kB
MemTotal:        1844596 kB
MemFree:         1520080 kB
MemAvailable:    1535780 kB
Buffers:           22672 kB
Cached:           124484 kB
MemTotal:        1844596 kB
MemFree:         1521388 kB
MemAvailable:    1537088 kB
Buffers:           22672 kB
Cached:           124484 kB
MemTotal:        1844596 kB
MemFree:         1520632 kB
MemAvailable:    1536332 kB
Buffers:           22672 kB
Cached:           124484 kB
MemTotal:        1844596 kB
MemFree:         1523300 kB
MemAvailable:    1539000 kB
Buffers:           22672 kB
Cached:           124484 kB
MemTotal:        1844596 kB
MemFree:         1523500 kB
MemAvailable:    1539200 kB
Buffers:           22672 kB
Cached:           124484 kB
MemTotal:        1844596 kB
MemFree:         1522236 kB
MemAvailable:    1537936 kB
Buffers:           22672 kB
Cached:           124484 kB
MemTotal:        1844596 kB
MemFree:         1523088 kB
MemAvailable:    1538956 kB
Buffers:           22672 kB
Cached:           124732 kB
MemTotal:        1844596 kB
MemFree:         1523172 kB
MemAvailable:    1539040 kB
Buffers:           22672 kB
Cached:           124732 kB
MemTotal:        1844596 kB
MemFree:         1522792 kB
MemAvailable:    1538828 kB
Buffers:           22672 kB
Cached:           124856 kB
MemTotal:        1844596 kB
MemFree:         1523128 kB
MemAvailable:    1539164 kB
Buffers:           22672 kB
Cached:           124856 kB
MemTotal:        1844596 kB
MemFree:         1522724 kB
MemAvailable:    1538924 kB
Buffers:           22672 kB
Cached:           125144 kB
MemTotal:        1844596 kB
MemFree:         1523060 kB
MemAvailable:    1539260 kB
Buffers:           22672 kB
Cached:           125144 kB
MemTotal:        1844596 kB
MemFree:         1522856 kB
MemAvailable:    1539136 kB
Buffers:           22672 kB
Cached:           125144 kB
MemTotal:        1844596 kB
MemFree:         1522592 kB
MemAvailable:    1538956 kB
Buffers:           22672 kB
Cached:           125144 kB
MemTotal:        1844596 kB
MemFree:         1522740 kB
MemAvailable:    1539104 kB
Buffers:           22672 kB
Cached:           125144 kB
MemTotal:        1844596 kB
MemFree:         1521236 kB
MemAvailable:    1537600 kB
Buffers:           22672 kB
Cached:           125144 kB
MemTotal:        1844596 kB
MemFree:         1522620 kB
MemAvailable:    1538984 kB
Buffers:           22672 kB
Cached:           125144 kB
MemTotal:        1844596 kB
MemFree:         1521312 kB
MemAvailable:    1537676 kB
Buffers:           22672 kB
Cached:           125144 kB
MemTotal:        1844596 kB
MemFree:         1522456 kB
MemAvailable:    1538820 kB
Buffers:           22672 kB
Cached:           125144 kB
MemTotal:        1844596 kB
MemFree:         1522708 kB
MemAvailable:    1539072 kB
Buffers:           22672 kB
Cached:           125144 kB
MemTotal:        1844596 kB
MemFree:         1591964 kB
MemAvailable:    1607656 kB
Buffers:           22672 kB
Cached:           124472 kB
