MemTotal:        1844596 kB
MemFree:         1571312 kB
MemAvailable:    1580916 kB
Buffers:           21892 kB
Cached:           119664 kB
MemTotal:        1844596 kB
MemFree:         1569700 kB
MemAvailable:    1579304 kB
Buffers:           21892 kB
Cached:           119664 kB
MemTotal:        1844596 kB
MemFree:         1568884 kB
MemAvailable:    1578488 kB
Buffers:           21892 kB
Cached:           119664 kB
MemTotal:        1844596 kB
MemFree:         1567320 kB
MemAvailable:    1576924 kB
Buffers:           21892 kB
Cached:           119664 kB
MemTotal:        1844596 kB
MemFree:         1567320 kB
MemAvailable:    1576924 kB
Buffers:           21892 kB
Cached:           119664 kB
MemTotal:        1844596 kB
MemFree:         1567148 kB
MemAvailable:    1576752 kB
Buffers:           21892 kB
Cached:           119664 kB
MemTotal:        1844596 kB
MemFree:         1567148 kB
MemAvailable:    1576752 kB
Buffers:           21892 kB
Cached:           119664 kB
MemTotal:        1844596 kB
MemFree:         1563244 kB
MemAvailable:    1572848 kB
Buffers:           21892 kB
Cached:           119664 kB
MemTotal:        1844596 kB
MemFree:         1562116 kB
MemAvailable:    1571720 kB
Buffers:           21892 kB
Cached:           119664 kB
MemTotal:        1844596 kB
MemFree:         1559896 kB
MemAvailable:    1569500 kB
Buffers:           21892 kB
Cached:           119664 kB
MemTotal:        1844596 kB
MemFree:         1556556 kB
MemAvailable:    1566164 kB
Buffers:           21892 kB
Cached:           119668 kB
MemTotal:        1844596 kB
MemFree:         1556352 kB
MemAvailable:    1565960 kB
Buffers:           21892 kB
Cached:           119668 kB
MemTotal:        1844596 kB
MemFree:         1557676 kB
MemAvailable:    1567284 kB
Buffers:           21892 kB
Cached:           119668 kB
MemTotal:        1844596 kB
MemFree:         1556928 kB
MemAvailable:    1566536 kB
Buffers:           21892 kB
Cached:           119668 kB
MemTotal:        1844596 kB
MemFree:         1557912 kB
MemAvailable:    1567520 kB
Buffers:           21892 kB
Cached:           119668 kB
MemTotal:        1844596 kB
MemFree:         1556804 kB
MemAvailable:    1566412 kB
Buffers:           21892 kB
Cached:           119668 kB
MemTotal:        1844596 kB
MemFree:         1557840 kB
MemAvailable:    1567448 kB
Buffers:           21892 kB
Cached:           119668 kB
MemTotal:        1844596 kB
MemFree:         1557284 kB
MemAvailable:    1566892 kB
Buffers:           21892 kB
Cached:           119668 kB
MemTotal:        1844596 kB
MemFree:         1556796 kB
MemAvailable:    1566404 kB
Buffers:           21900 kB
Cached:           119660 kB
MemTotal:        1844596 kB
MemFree:         1556244 kB
MemAvailable:    1565852 kB
Buffers:           21904 kB
Cached:           119656 kB
MemTotal:        1844596 kB
MemFree:         1555376 kB
MemAvailable:    1564984 kB
Buffers:           21904 kB
Cached:           119656 kB
MemTotal:        1844596 kB
MemFree:         1555252 kB
MemAvailable:    1564860 kB
Buffers:           21904 kB
Cached:           119656 kB
MemTotal:        1844596 kB
MemFree:         1554076 kB
MemAvailable:    1563684 kB
Buffers:           21904 kB
Cached:           119656 kB
MemTotal:        1844596 kB
MemFree:         1554200 kB
MemAvailable:    1563808 kB
Buffers:           21904 kB
Cached:           119656 kB
MemTotal:        1844596 kB
MemFree:         1554076 kB
MemAvailable:    1563684 kB
Buffers:           21904 kB
Cached:           119656 kB
MemTotal:        1844596 kB
MemFree:         1554192 kB
MemAvailable:    1563800 kB
Buffers:           21904 kB
Cached:           119656 kB
MemTotal:        1844596 kB
MemFree:         1554992 kB
MemAvailable:    1564600 kB
Buffers:           21904 kB
Cached:           119656 kB
MemTotal:        1844596 kB
MemFree:         1555244 kB
MemAvailable:    1564852 kB
Buffers:           21904 kB
Cached:           119656 kB
MemTotal:        1844596 kB
MemFree:         1553556 kB
MemAvailable:    1563164 kB
Buffers:           21904 kB
Cached:           119656 kB
MemTotal:        1844596 kB
MemFree:         1556292 kB
MemAvailable:    1565900 kB
Buffers:           21904 kB
Cached:           119656 kB
MemTotal:        1844596 kB
MemFree:         1556376 kB
MemAvailable:    1565984 kB
Buffers:           21904 kB
Cached:           119656 kB
MemTotal:        1844596 kB
MemFree:         1554868 kB
MemAvailable:    1564476 kB
Buffers:           21904 kB
Cached:           119656 kB
MemTotal:        1844596 kB
MemFree:         1554944 kB
MemAvailable:    1564552 kB
Buffers:           21904 kB
Cached:           119656 kB
MemTotal:        1844596 kB
MemFree:         1553208 kB
MemAvailable:    1562816 kB
Buffers:           21904 kB
Cached:           119656 kB
MemTotal:        1844596 kB
MemFree:         1552696 kB
MemAvailable:    1562304 kB
Buffers:           21904 kB
Cached:           119656 kB
MemTotal:        1844596 kB
MemFree:         1552696 kB
MemAvailable:    1562304 kB
Buffers:           21904 kB
Cached:           119656 kB
MemTotal:        1844596 kB
MemFree:         1552028 kB
MemAvailable:    1561636 kB
Buffers:           21904 kB
Cached:           119656 kB
MemTotal:        1844596 kB
MemFree:         1550720 kB
MemAvailable:    1560328 kB
Buffers:           21904 kB
Cached:           119656 kB
MemTotal:        1844596 kB
MemFree:         1550952 kB
MemAvailable:    1560560 kB
Buffers:           21904 kB
Cached:           119656 kB
MemTotal:        1844596 kB
MemFree:         1550976 kB
MemAvailable:    1560584 kB
Buffers:           21904 kB
Cached:           119656 kB
MemTotal:        1844596 kB
MemFree:         1550796 kB
MemAvailable:    1560404 kB
Buffers:           21904 kB
Cached:           119656 kB
MemTotal:        1844596 kB
MemFree:         1549800 kB
MemAvailable:    1559408 kB
Buffers:           21904 kB
Cached:           119656 kB
MemTotal:        1844596 kB
MemFree:         1550880 kB
MemAvailable:    1560488 kB
Buffers:           21904 kB
Cached:           119656 kB
MemTotal:        1844596 kB
MemFree:         1550108 kB
MemAvailable:    1559716 kB
Buffers:           21904 kB
Cached:           119656 kB
MemTotal:        1844596 kB
MemFree:         1550784 kB
MemAvailable:    1560392 kB
Buffers:           21904 kB
Cached:           119656 kB
MemTotal:        1844596 kB
MemFree:         1550784 kB
MemAvailable:    1560392 kB
Buffers:           21904 kB
Cached:           119656 kB
MemTotal:        1844596 kB
MemFree:         1550712 kB
MemAvailable:    1560320 kB
Buffers:           21904 kB
Cached:           119656 kB
MemTotal:        1844596 kB
MemFree:         1549340 kB
MemAvailable:    1558948 kB
Buffers:           21904 kB
Cached:           119656 kB
MemTotal:        1844596 kB
MemFree:         1549116 kB
MemAvailable:    1558724 kB
Buffers:           21904 kB
Cached:           119656 kB
MemTotal:        1844596 kB
MemFree:         1549664 kB
MemAvailable:    1559272 kB
Buffers:           21904 kB
Cached:           119656 kB
MemTotal:        1844596 kB
MemFree:         1549780 kB
MemAvailable:    1559388 kB
Buffers:           21904 kB
Cached:           119656 kB
MemTotal:        1844596 kB
MemFree:         1548548 kB
MemAvailable:    1558156 kB
Buffers:           21904 kB
Cached:           119656 kB
MemTotal:        1844596 kB
MemFree:         1548672 kB
MemAvailable:    1558280 kB
Buffers:           21904 kB
Cached:           119656 kB
MemTotal:        1844596 kB
MemFree:         1549832 kB
MemAvailable:    1559440 kB
Buffers:           21904 kB
Cached:           119656 kB
MemTotal:        1844596 kB
MemFree:         1550012 kB
MemAvailable:    1559620 kB
Buffers:           21904 kB
Cached:           119656 kB
MemTotal:        1844596 kB
MemFree:         1548664 kB
MemAvailable:    1558272 kB
Buffers:           21904 kB
Cached:           119656 kB
MemTotal:        1844596 kB
MemFree:         1549808 kB
MemAvailable:    1559416 kB
Buffers:           21904 kB
Cached:           119656 kB
MemTotal:        1844596 kB
MemFree:         1549808 kB
MemAvailable:    1559416 kB
Buffers:           21904 kB
Cached:           119656 kB
MemTotal:        1844596 kB
MemFree:         1549832 kB
MemAvailable:    1559440 kB
Buffers:           21904 kB
Cached:           119656 kB
MemTotal:        1844596 kB
MemFree:         1549612 kB
MemAvailable:    1559220 kB
Buffers:           21904 kB
Cached:           119656 kB
MemTotal:        1844596 kB
MemFree:         1549664 kB
MemAvailable:    1559272 kB
Buffers:           21904 kB
Cached:           119656 kB
MemTotal:        1844596 kB
MemFree:         1549364 kB
MemAvailable:    1558972 kB
Buffers:           21904 kB
Cached:           119656 kB
MemTotal:        1844596 kB
MemFree:         1549308 kB
MemAvailable:    1558916 kB
Buffers:           21904 kB
Cached:           119656 kB
MemTotal:        1844596 kB
MemFree:         1548228 kB
MemAvailable:    1557836 kB
Buffers:           21904 kB
Cached:           119656 kB
MemTotal:        1844596 kB
MemFree:         1549364 kB
MemAvailable:    1558992 kB
Buffers:           21904 kB
Cached:           119676 kB
MemTotal:        1844596 kB
MemFree:         1548248 kB
MemAvailable:    1557876 kB
Buffers:           21904 kB
Cached:           119676 kB
MemTotal:        1844596 kB
MemFree:         1548840 kB
MemAvailable:    1558468 kB
Buffers:           21904 kB
Cached:           119676 kB
MemTotal:        1844596 kB
MemFree:         1548840 kB
MemAvailable:    1558468 kB
Buffers:           21904 kB
Cached:           119676 kB
MemTotal:        1844596 kB
MemFree:         1547864 kB
MemAvailable:    1557492 kB
Buffers:           21904 kB
Cached:           119676 kB
MemTotal:        1844596 kB
MemFree:         1547600 kB
MemAvailable:    1557228 kB
Buffers:           21904 kB
Cached:           119676 kB
MemTotal:        1844596 kB
MemFree:         1548992 kB
MemAvailable:    1558620 kB
Buffers:           21904 kB
Cached:           119676 kB
MemTotal:        1844596 kB
MemFree:         1547728 kB
MemAvailable:    1557356 kB
Buffers:           21904 kB
Cached:           119676 kB
MemTotal:        1844596 kB
MemFree:         1547852 kB
MemAvailable:    1557480 kB
Buffers:           21904 kB
Cached:           119676 kB
MemTotal:        1844596 kB
MemFree:         1547704 kB
MemAvailable:    1557332 kB
Buffers:           21904 kB
Cached:           119676 kB
MemTotal:        1844596 kB
MemFree:         1549004 kB
MemAvailable:    1558632 kB
Buffers:           21904 kB
Cached:           119676 kB
MemTotal:        1844596 kB
MemFree:         1548124 kB
MemAvailable:    1557752 kB
Buffers:           21904 kB
Cached:           119676 kB
MemTotal:        1844596 kB
MemFree:         1546992 kB
MemAvailable:    1556620 kB
Buffers:           21904 kB
Cached:           119676 kB
MemTotal:        1844596 kB
MemFree:         1547204 kB
MemAvailable:    1556832 kB
Buffers:           21904 kB
Cached:           119676 kB
MemTotal:        1844596 kB
MemFree:         1542784 kB
MemAvailable:    1552412 kB
Buffers:           21904 kB
Cached:           119676 kB
MemTotal:        1844596 kB
MemFree:         1542412 kB
MemAvailable:    1552040 kB
Buffers:           21904 kB
Cached:           119676 kB
MemTotal:        1844596 kB
MemFree:         1541412 kB
MemAvailable:    1551040 kB
Buffers:           21904 kB
Cached:           119676 kB
MemTotal:        1844596 kB
MemFree:         1541748 kB
MemAvailable:    1551376 kB
Buffers:           21904 kB
Cached:           119676 kB
MemTotal:        1844596 kB
MemFree:         1541040 kB
MemAvailable:    1550668 kB
Buffers:           21904 kB
Cached:           119676 kB
MemTotal:        1844596 kB
MemFree:         1541376 kB
MemAvailable:    1551004 kB
Buffers:           21904 kB
Cached:           119676 kB
MemTotal:        1844596 kB
MemFree:         1541108 kB
MemAvailable:    1550736 kB
Buffers:           21904 kB
Cached:           119676 kB
MemTotal:        1844596 kB
MemFree:         1541108 kB
MemAvailable:    1550736 kB
Buffers:           21904 kB
Cached:           119676 kB
MemTotal:        1844596 kB
MemFree:         1541232 kB
MemAvailable:    1550860 kB
Buffers:           21904 kB
Cached:           119676 kB
MemTotal:        1844596 kB
MemFree:         1541232 kB
MemAvailable:    1550860 kB
Buffers:           21904 kB
Cached:           119676 kB
MemTotal:        1844596 kB
MemFree:         1541032 kB
MemAvailable:    1550660 kB
Buffers:           21904 kB
Cached:           119676 kB
MemTotal:        1844596 kB
MemFree:         1541116 kB
MemAvailable:    1550744 kB
Buffers:           21904 kB
Cached:           119676 kB
MemTotal:        1844596 kB
MemFree:         1541056 kB
MemAvailable:    1550684 kB
Buffers:           21904 kB
Cached:           119676 kB
MemTotal:        1844596 kB
MemFree:         1540912 kB
MemAvailable:    1550540 kB
Buffers:           21904 kB
Cached:           119676 kB
MemTotal:        1844596 kB
MemFree:         1540972 kB
MemAvailable:    1550600 kB
Buffers:           21904 kB
Cached:           119676 kB
MemTotal:        1844596 kB
MemFree:         1540896 kB
MemAvailable:    1550524 kB
Buffers:           21904 kB
Cached:           119676 kB
MemTotal:        1844596 kB
MemFree:         1541148 kB
MemAvailable:    1550776 kB
Buffers:           21904 kB
Cached:           119676 kB
MemTotal:        1844596 kB
MemFree:         1540420 kB
MemAvailable:    1550048 kB
Buffers:           21904 kB
Cached:           119676 kB
MemTotal:        1844596 kB
MemFree:         1540420 kB
MemAvailable:    1550048 kB
Buffers:           21904 kB
Cached:           119676 kB
MemTotal:        1844596 kB
MemFree:         1538804 kB
MemAvailable:    1548432 kB
Buffers:           21904 kB
Cached:           119676 kB
MemTotal:        1844596 kB
MemFree:         1539628 kB
MemAvailable:    1549256 kB
Buffers:           21904 kB
Cached:           119676 kB
MemTotal:        1844596 kB
MemFree:         1538320 kB
MemAvailable:    1547948 kB
Buffers:           21904 kB
Cached:           119676 kB
MemTotal:        1844596 kB
MemFree:         1538452 kB
MemAvailable:    1548080 kB
Buffers:           21904 kB
Cached:           119676 kB
MemTotal:        1844596 kB
MemFree:         1539000 kB
MemAvailable:    1548628 kB
Buffers:           21904 kB
Cached:           119676 kB
MemTotal:        1844596 kB
MemFree:         1539252 kB
MemAvailable:    1548880 kB
Buffers:           21904 kB
Cached:           119676 kB
MemTotal:        1844596 kB
MemFree:         1537204 kB
MemAvailable:    1546832 kB
Buffers:           21904 kB
Cached:           119676 kB
MemTotal:        1844596 kB
MemFree:         1538264 kB
MemAvailable:    1547892 kB
Buffers:           21904 kB
Cached:           119676 kB
MemTotal:        1844596 kB
MemFree:         1536468 kB
MemAvailable:    1546096 kB
Buffers:           21904 kB
Cached:           119676 kB
MemTotal:        1844596 kB
MemFree:         1536716 kB
MemAvailable:    1546344 kB
Buffers:           21904 kB
Cached:           119676 kB
MemTotal:        1844596 kB
MemFree:         1537456 kB
MemAvailable:    1547084 kB
Buffers:           21904 kB
Cached:           119676 kB
MemTotal:        1844596 kB
MemFree:         1536460 kB
MemAvailable:    1546088 kB
Buffers:           21904 kB
Cached:           119676 kB
MemTotal:        1844596 kB
MemFree:         1535584 kB
MemAvailable:    1545216 kB
Buffers:           21904 kB
Cached:           119680 kB
MemTotal:        1844596 kB
MemFree:         1537224 kB
MemAvailable:    1546856 kB
Buffers:           21904 kB
Cached:           119680 kB
MemTotal:        1844596 kB
MemFree:         1537028 kB
MemAvailable:    1546660 kB
Buffers:           21904 kB
Cached:           119680 kB
MemTotal:        1844596 kB
MemFree:         1536344 kB
MemAvailable:    1545976 kB
Buffers:           21904 kB
Cached:           119680 kB
MemTotal:        1844596 kB
MemFree:         1536812 kB
MemAvailable:    1546444 kB
Buffers:           21904 kB
Cached:           119680 kB
MemTotal:        1844596 kB
MemFree:         1537148 kB
MemAvailable:    1546780 kB
Buffers:           21904 kB
Cached:           119680 kB
MemTotal:        1844596 kB
MemFree:         1535780 kB
MemAvailable:    1545412 kB
Buffers:           21904 kB
Cached:           119680 kB
MemTotal:        1844596 kB
MemFree:         1535788 kB
MemAvailable:    1545420 kB
Buffers:           21904 kB
Cached:           119680 kB
MemTotal:        1844596 kB
MemFree:         1536444 kB
MemAvailable:    1546076 kB
Buffers:           21904 kB
Cached:           119680 kB
MemTotal:        1844596 kB
MemFree:         1536444 kB
MemAvailable:    1546076 kB
Buffers:           21904 kB
Cached:           119680 kB
MemTotal:        1844596 kB
MemFree:         1536288 kB
MemAvailable:    1545920 kB
Buffers:           21904 kB
Cached:           119680 kB
MemTotal:        1844596 kB
MemFree:         1532004 kB
MemAvailable:    1541636 kB
Buffers:           21904 kB
Cached:           119680 kB
MemTotal:        1844596 kB
MemFree:         1530260 kB
MemAvailable:    1539892 kB
Buffers:           21904 kB
Cached:           119680 kB
MemTotal:        1844596 kB
MemFree:         1530260 kB
MemAvailable:    1539892 kB
Buffers:           21904 kB
Cached:           119680 kB
MemTotal:        1844596 kB
MemFree:         1529940 kB
MemAvailable:    1539656 kB
Buffers:           21904 kB
Cached:           119804 kB
MemTotal:        1844596 kB
MemFree:         1528600 kB
MemAvailable:    1538484 kB
Buffers:           21904 kB
Cached:           119928 kB
MemTotal:        1844596 kB
MemFree:         1529824 kB
MemAvailable:    1539708 kB
Buffers:           21904 kB
Cached:           119928 kB
MemTotal:        1844596 kB
MemFree:         1529444 kB
MemAvailable:    1539580 kB
Buffers:           21904 kB
Cached:           120176 kB
MemTotal:        1844596 kB
MemFree:         1529528 kB
MemAvailable:    1539664 kB
Buffers:           21904 kB
Cached:           120176 kB
MemTotal:        1844596 kB
MemFree:         1529660 kB
MemAvailable:    1539796 kB
Buffers:           21904 kB
Cached:           120176 kB
MemTotal:        1844596 kB
MemFree:         1528656 kB
MemAvailable:    1538876 kB
Buffers:           21904 kB
Cached:           120300 kB
MemTotal:        1844596 kB
MemFree:         1529248 kB
MemAvailable:    1539468 kB
Buffers:           21904 kB
Cached:           120300 kB
MemTotal:        1844596 kB
MemFree:         1529416 kB
MemAvailable:    1539636 kB
Buffers:           21904 kB
Cached:           120300 kB
MemTotal:        1844596 kB
MemFree:         1529548 kB
MemAvailable:    1539768 kB
Buffers:           21904 kB
Cached:           120300 kB
MemTotal:        1844596 kB
MemFree:         1528656 kB
MemAvailable:    1538876 kB
Buffers:           21904 kB
Cached:           120300 kB
MemTotal:        1844596 kB
MemFree:         1529632 kB
MemAvailable:    1539860 kB
Buffers:           21904 kB
Cached:           120276 kB
MemTotal:        1844596 kB
MemFree:         1529884 kB
MemAvailable:    1540112 kB
Buffers:           21904 kB
Cached:           120276 kB
MemTotal:        1844596 kB
MemFree:         1529600 kB
MemAvailable:    1539324 kB
Buffers:           21904 kB
Cached:           119728 kB
MemTotal:        1844596 kB
MemFree:         1528852 kB
MemAvailable:    1538576 kB
Buffers:           21904 kB
Cached:           119728 kB
MemTotal:        1844596 kB
MemFree:         1596716 kB
MemAvailable:    1606440 kB
Buffers:           21904 kB
Cached:           119728 kB
