MemTotal:        1844596 kB
MemFree:         1595140 kB
MemAvailable:    1584596 kB
Buffers:           19300 kB
Cached:           101004 kB
MemTotal:        1844596 kB
MemFree:         1595208 kB
MemAvailable:    1584664 kB
Buffers:           19300 kB
Cached:           101004 kB
MemTotal:        1844596 kB
MemFree:         1593660 kB
MemAvailable:    1583116 kB
Buffers:           19300 kB
Cached:           101004 kB
MemTotal:        1844596 kB
MemFree:         1593148 kB
MemAvailable:    1582604 kB
Buffers:           19300 kB
Cached:           101004 kB
MemTotal:        1844596 kB
MemFree:         1592036 kB
MemAvailable:    1581492 kB
Buffers:           19300 kB
Cached:           101004 kB
MemTotal:        1844596 kB
MemFree:         1590544 kB
MemAvailable:    1580000 kB
Buffers:           19300 kB
Cached:           101004 kB
MemTotal:        1844596 kB
MemFree:         1590924 kB
MemAvailable:    1580380 kB
Buffers:           19300 kB
Cached:           101004 kB
MemTotal:        1844596 kB
MemFree:         1590000 kB
MemAvailable:    1579456 kB
Buffers:           19300 kB
Cached:           101004 kB
MemTotal:        1844596 kB
MemFree:         1587452 kB
MemAvailable:    1576908 kB
Buffers:           19300 kB
Cached:           101004 kB
MemTotal:        1844596 kB
MemFree:         1585336 kB
MemAvailable:    1574792 kB
Buffers:           19300 kB
Cached:           101004 kB
MemTotal:        1844596 kB
MemFree:         1585336 kB
MemAvailable:    1574792 kB
Buffers:           19300 kB
Cached:           101004 kB
MemTotal:        1844596 kB
MemFree:         1580500 kB
MemAvailable:    1569956 kB
Buffers:           19300 kB
Cached:           101004 kB
MemTotal:        1844596 kB
MemFree:         1581760 kB
MemAvailable:    1571216 kB
Buffers:           19300 kB
Cached:           101004 kB
MemTotal:        1844596 kB
MemFree:         1581816 kB
MemAvailable:    1571272 kB
Buffers:           19300 kB
Cached:           101004 kB
MemTotal:        1844596 kB
MemFree:         1581012 kB
MemAvailable:    1570468 kB
Buffers:           19300 kB
Cached:           101004 kB
MemTotal:        1844596 kB
MemFree:         1581804 kB
MemAvailable:    1571260 kB
Buffers:           19300 kB
Cached:           101004 kB
MemTotal:        1844596 kB
MemFree:         1581696 kB
MemAvailable:    1571152 kB
Buffers:           19300 kB
Cached:           101004 kB
MemTotal:        1844596 kB
MemFree:         1580372 kB
MemAvailable:    1569828 kB
Buffers:           19300 kB
Cached:           101004 kB
MemTotal:        1844596 kB
MemFree:         1581820 kB
MemAvailable:    1571276 kB
Buffers:           19300 kB
Cached:           101004 kB
MemTotal:        1844596 kB
MemFree:         1580500 kB
MemAvailable:    1569956 kB
Buffers:           19300 kB
Cached:           101004 kB
MemTotal:        1844596 kB
MemFree:         1580584 kB
MemAvailable:    1570040 kB
Buffers:           19300 kB
Cached:           101004 kB
MemTotal:        1844596 kB
MemFree:         1579708 kB
MemAvailable:    1569164 kB
Buffers:           19300 kB
Cached:           101004 kB
MemTotal:        1844596 kB
MemFree:         1579128 kB
MemAvailable:    1568584 kB
Buffers:           19300 kB
Cached:           101004 kB
MemTotal:        1844596 kB
MemFree:         1578648 kB
MemAvailable:    1568104 kB
Buffers:           19300 kB
Cached:           101004 kB
MemTotal:        1844596 kB
MemFree:         1579380 kB
MemAvailable:    1568836 kB
Buffers:           19300 kB
Cached:           101004 kB
MemTotal:        1844596 kB
MemFree:         1579324 kB
MemAvailable:    1568780 kB
Buffers:           19300 kB
Cached:           101004 kB
MemTotal:        1844596 kB
MemFree:         1578152 kB
MemAvailable:    1567608 kB
Buffers:           19300 kB
Cached:           101008 kB
MemTotal:        1844596 kB
MemFree:         1579260 kB
MemAvailable:    1568716 kB
Buffers:           19300 kB
Cached:           101008 kB
MemTotal:        1844596 kB
MemFree:         1578656 kB
MemAvailable:    1568112 kB
Buffers:           19300 kB
Cached:           101008 kB
MemTotal:        1844596 kB
MemFree:         1578992 kB
MemAvailable:    1568448 kB
Buffers:           19300 kB
Cached:           101008 kB
MemTotal:        1844596 kB
MemFree:         1579328 kB
MemAvailable:    1568784 kB
Buffers:           19300 kB
Cached:           101008 kB
MemTotal:        1844596 kB
MemFree:         1580724 kB
MemAvailable:    1570180 kB
Buffers:           19300 kB
Cached:           101008 kB
MemTotal:        1844596 kB
MemFree:         1579888 kB
MemAvailable:    1569344 kB
Buffers:           19300 kB
Cached:           101008 kB
MemTotal:        1844596 kB
MemFree:         1580012 kB
MemAvailable:    1569468 kB
Buffers:           19300 kB
Cached:           101008 kB
MemTotal:        1844596 kB
MemFree:         1580268 kB
MemAvailable:    1569724 kB
Buffers:           19300 kB
Cached:           101008 kB
MemTotal:        1844596 kB
MemFree:         1577416 kB
MemAvailable:    1566876 kB
Buffers:           19300 kB
Cached:           101012 kB
MemTotal:        1844596 kB
MemFree:         1576980 kB
MemAvailable:    1566440 kB
Buffers:           19300 kB
Cached:           101012 kB
MemTotal:        1844596 kB
MemFree:         1576856 kB
MemAvailable:    1566316 kB
Buffers:           19300 kB
Cached:           101012 kB
MemTotal:        1844596 kB
MemFree:         1575184 kB
MemAvailable:    1564520 kB
Buffers:           19300 kB
Cached:           101012 kB
MemTotal:        1844596 kB
MemFree:         1576040 kB
MemAvailable:    1565500 kB
Buffers:           19300 kB
Cached:           101012 kB
MemTotal:        1844596 kB
MemFree:         1575408 kB
MemAvailable:    1564868 kB
Buffers:           19300 kB
Cached:           101012 kB
MemTotal:        1844596 kB
MemFree:         1575176 kB
MemAvailable:    1564636 kB
Buffers:           19300 kB
Cached:           101012 kB
MemTotal:        1844596 kB
MemFree:         1574996 kB
MemAvailable:    1564456 kB
Buffers:           19300 kB
Cached:           101012 kB
MemTotal:        1844596 kB
MemFree:         1574892 kB
MemAvailable:    1564352 kB
Buffers:           19300 kB
Cached:           101012 kB
MemTotal:        1844596 kB
MemFree:         1575060 kB
MemAvailable:    1564520 kB
Buffers:           19300 kB
Cached:           101012 kB
MemTotal:        1844596 kB
MemFree:         1575040 kB
MemAvailable:    1564500 kB
Buffers:           19300 kB
Cached:           101012 kB
MemTotal:        1844596 kB
MemFree:         1574688 kB
MemAvailable:    1564148 kB
Buffers:           19300 kB
Cached:           101012 kB
MemTotal:        1844596 kB
MemFree:         1574924 kB
MemAvailable:    1564384 kB
Buffers:           19300 kB
Cached:           101012 kB
MemTotal:        1844596 kB
MemFree:         1573896 kB
MemAvailable:    1563356 kB
Buffers:           19300 kB
Cached:           101012 kB
MemTotal:        1844596 kB
MemFree:         1574796 kB
MemAvailable:    1564256 kB
Buffers:           19300 kB
Cached:           101012 kB
MemTotal:        1844596 kB
MemFree:         1574424 kB
MemAvailable:    1563884 kB
Buffers:           19300 kB
Cached:           101012 kB
MemTotal:        1844596 kB
MemFree:         1574508 kB
MemAvailable:    1563968 kB
Buffers:           19300 kB
Cached:           101012 kB
MemTotal:        1844596 kB
MemFree:         1574036 kB
MemAvailable:    1563496 kB
Buffers:           19300 kB
Cached:           101012 kB
MemTotal:        1844596 kB
MemFree:         1572648 kB
MemAvailable:    1562108 kB
Buffers:           19300 kB
Cached:           101012 kB
MemTotal:        1844596 kB
MemFree:         1574064 kB
MemAvailable:    1563524 kB
Buffers:           19300 kB
Cached:           101012 kB
MemTotal:        1844596 kB
MemFree:         1574064 kB
MemAvailable:    1563524 kB
Buffers:           19300 kB
Cached:           101012 kB
MemTotal:        1844596 kB
MemFree:         1574196 kB
MemAvailable:    1563656 kB
Buffers:           19300 kB
Cached:           101012 kB
MemTotal:        1844596 kB
MemFree:         1572952 kB
MemAvailable:    1562412 kB
Buffers:           19300 kB
Cached:           101012 kB
MemTotal:        1844596 kB
MemFree:         1574056 kB
MemAvailable:    1563516 kB
Buffers:           19300 kB
Cached:           101012 kB
MemTotal:        1844596 kB
MemFree:         1572808 kB
MemAvailable:    1562268 kB
Buffers:           19300 kB
Cached:           101012 kB
MemTotal:        1844596 kB
MemFree:         1572808 kB
MemAvailable:    1562268 kB
Buffers:           19312 kB
Cached:           101000 kB
MemTotal:        1844596 kB
MemFree:         1573908 kB
MemAvailable:    1563368 kB
Buffers:           19312 kB
Cached:           101000 kB
MemTotal:        1844596 kB
MemFree:         1574160 kB
MemAvailable:    1563620 kB
Buffers:           19312 kB
Cached:           101000 kB
MemTotal:        1844596 kB
MemFree:         1574060 kB
MemAvailable:    1563520 kB
Buffers:           19312 kB
Cached:           101000 kB
MemTotal:        1844596 kB
MemFree:         1573604 kB
MemAvailable:    1563064 kB
Buffers:           19312 kB
Cached:           101000 kB
MemTotal:        1844596 kB
MemFree:         1573940 kB
MemAvailable:    1563400 kB
Buffers:           19312 kB
Cached:           101000 kB
MemTotal:        1844596 kB
MemFree:         1573556 kB
MemAvailable:    1563016 kB
Buffers:           19312 kB
Cached:           101000 kB
MemTotal:        1844596 kB
MemFree:         1573640 kB
MemAvailable:    1563100 kB
Buffers:           19312 kB
Cached:           101000 kB
MemTotal:        1844596 kB
MemFree:         1573452 kB
MemAvailable:    1562912 kB
Buffers:           19312 kB
Cached:           101000 kB
MemTotal:        1844596 kB
MemFree:         1573196 kB
MemAvailable:    1562656 kB
Buffers:           19312 kB
Cached:           101000 kB
MemTotal:        1844596 kB
MemFree:         1572084 kB
MemAvailable:    1561544 kB
Buffers:           19312 kB
Cached:           101000 kB
MemTotal:        1844596 kB
MemFree:         1573048 kB
MemAvailable:    1562508 kB
Buffers:           19312 kB
Cached:           101000 kB
MemTotal:        1844596 kB
MemFree:         1573300 kB
MemAvailable:    1562760 kB
Buffers:           19312 kB
Cached:           101000 kB
MemTotal:        1844596 kB
MemFree:         1571892 kB
MemAvailable:    1561352 kB
Buffers:           19312 kB
Cached:           101000 kB
MemTotal:        1844596 kB
MemFree:         1571768 kB
MemAvailable:    1561228 kB
Buffers:           19312 kB
Cached:           101000 kB
MemTotal:        1844596 kB
MemFree:         1571924 kB
MemAvailable:    1561384 kB
Buffers:           19312 kB
Cached:           101000 kB
MemTotal:        1844596 kB
MemFree:         1573172 kB
MemAvailable:    1562632 kB
Buffers:           19312 kB
Cached:           101000 kB
MemTotal:        1844596 kB
MemFree:         1573200 kB
MemAvailable:    1562660 kB
Buffers:           19312 kB
Cached:           101000 kB
MemTotal:        1844596 kB
MemFree:         1571828 kB
MemAvailable:    1561288 kB
Buffers:           19312 kB
Cached:           101000 kB
MemTotal:        1844596 kB
MemFree:         1572448 kB
MemAvailable:    1561908 kB
Buffers:           19312 kB
Cached:           101000 kB
MemTotal:        1844596 kB
MemFree:         1570712 kB
MemAvailable:    1560172 kB
Buffers:           19312 kB
Cached:           101000 kB
MemTotal:        1844596 kB
MemFree:         1570712 kB
MemAvailable:    1560172 kB
Buffers:           19312 kB
Cached:           101000 kB
MemTotal:        1844596 kB
MemFree:         1567432 kB
MemAvailable:    1556892 kB
Buffers:           19312 kB
Cached:           101000 kB
MemTotal:        1844596 kB
MemFree:         1565016 kB
MemAvailable:    1554476 kB
Buffers:           19312 kB
Cached:           101000 kB
MemTotal:        1844596 kB
MemFree:         1565828 kB
MemAvailable:    1555288 kB
Buffers:           19312 kB
Cached:           101000 kB
MemTotal:        1844596 kB
MemFree:         1565372 kB
MemAvailable:    1554832 kB
Buffers:           19312 kB
Cached:           101000 kB
MemTotal:        1844596 kB
MemFree:         1565264 kB
MemAvailable:    1554724 kB
Buffers:           19312 kB
Cached:           101000 kB
MemTotal:        1844596 kB
MemFree:         1565112 kB
MemAvailable:    1554572 kB
Buffers:           19312 kB
Cached:           101000 kB
MemTotal:        1844596 kB
MemFree:         1565312 kB
MemAvailable:    1554772 kB
Buffers:           19312 kB
Cached:           101000 kB
MemTotal:        1844596 kB
MemFree:         1565140 kB
MemAvailable:    1554600 kB
Buffers:           19312 kB
Cached:           101000 kB
MemTotal:        1844596 kB
MemFree:         1564396 kB
MemAvailable:    1553856 kB
Buffers:           19312 kB
Cached:           101000 kB
MemTotal:        1844596 kB
MemFree:         1565272 kB
MemAvailable:    1554732 kB
Buffers:           19312 kB
Cached:           101000 kB
MemTotal:        1844596 kB
MemFree:         1565436 kB
MemAvailable:    1554896 kB
Buffers:           19312 kB
Cached:           101000 kB
MemTotal:        1844596 kB
MemFree:         1564964 kB
MemAvailable:    1554424 kB
Buffers:           19312 kB
Cached:           101000 kB
MemTotal:        1844596 kB
MemFree:         1565100 kB
MemAvailable:    1554560 kB
Buffers:           19312 kB
Cached:           101000 kB
MemTotal:        1844596 kB
MemFree:         1565300 kB
MemAvailable:    1554760 kB
Buffers:           19312 kB
Cached:           101000 kB
MemTotal:        1844596 kB
MemFree:         1563992 kB
MemAvailable:    1553452 kB
Buffers:           19312 kB
Cached:           101000 kB
MemTotal:        1844596 kB
MemFree:         1564928 kB
MemAvailable:    1554388 kB
Buffers:           19312 kB
Cached:           101000 kB
MemTotal:        1844596 kB
MemFree:         1565084 kB
MemAvailable:    1554544 kB
Buffers:           19312 kB
Cached:           101000 kB
MemTotal:        1844596 kB
MemFree:         1565148 kB
MemAvailable:    1554608 kB
Buffers:           19312 kB
Cached:           101000 kB
MemTotal:        1844596 kB
MemFree:         1564396 kB
MemAvailable:    1553856 kB
Buffers:           19312 kB
Cached:           101000 kB
MemTotal:        1844596 kB
MemFree:         1565020 kB
MemAvailable:    1554480 kB
Buffers:           19312 kB
Cached:           101000 kB
MemTotal:        1844596 kB
MemFree:         1563280 kB
MemAvailable:    1552740 kB
Buffers:           19312 kB
Cached:           101000 kB
MemTotal:        1844596 kB
MemFree:         1563280 kB
MemAvailable:    1552740 kB
Buffers:           19312 kB
Cached:           101000 kB
MemTotal:        1844596 kB
MemFree:         1562908 kB
MemAvailable:    1552368 kB
Buffers:           19312 kB
Cached:           101000 kB
MemTotal:        1844596 kB
MemFree:         1562652 kB
MemAvailable:    1552112 kB
Buffers:           19312 kB
Cached:           101000 kB
MemTotal:        1844596 kB
MemFree:         1563884 kB
MemAvailable:    1553344 kB
Buffers:           19312 kB
Cached:           101000 kB
MemTotal:        1844596 kB
MemFree:         1562280 kB
MemAvailable:    1551740 kB
Buffers:           19312 kB
Cached:           101000 kB
MemTotal:        1844596 kB
MemFree:         1563776 kB
MemAvailable:    1553236 kB
Buffers:           19312 kB
Cached:           101000 kB
MemTotal:        1844596 kB
MemFree:         1562348 kB
MemAvailable:    1551808 kB
Buffers:           19312 kB
Cached:           101000 kB
MemTotal:        1844596 kB
MemFree:         1562280 kB
MemAvailable:    1551740 kB
Buffers:           19312 kB
Cached:           101000 kB
MemTotal:        1844596 kB
MemFree:         1562280 kB
MemAvailable:    1551740 kB
Buffers:           19312 kB
Cached:           101000 kB
MemTotal:        1844596 kB
MemFree:         1561668 kB
MemAvailable:    1551128 kB
Buffers:           19312 kB
Cached:           101000 kB
MemTotal:        1844596 kB
MemFree:         1561660 kB
MemAvailable:    1551120 kB
Buffers:           19312 kB
Cached:           101000 kB
MemTotal:        1844596 kB
MemFree:         1560552 kB
MemAvailable:    1550012 kB
Buffers:           19312 kB
Cached:           101000 kB
MemTotal:        1844596 kB
MemFree:         1561532 kB
MemAvailable:    1550992 kB
Buffers:           19312 kB
Cached:           101000 kB
MemTotal:        1844596 kB
MemFree:         1560284 kB
MemAvailable:    1549744 kB
Buffers:           19312 kB
Cached:           101000 kB
MemTotal:        1844596 kB
MemFree:         1560408 kB
MemAvailable:    1549868 kB
Buffers:           19312 kB
Cached:           101000 kB
MemTotal:        1844596 kB
MemFree:         1561384 kB
MemAvailable:    1550844 kB
Buffers:           19312 kB
Cached:           101000 kB
MemTotal:        1844596 kB
MemFree:         1561404 kB
MemAvailable:    1550864 kB
Buffers:           19312 kB
Cached:           101004 kB
MemTotal:        1844596 kB
MemFree:         1561176 kB
MemAvailable:    1550636 kB
Buffers:           19312 kB
Cached:           101004 kB
MemTotal:        1844596 kB
MemFree:         1560428 kB
MemAvailable:    1549888 kB
Buffers:           19312 kB
Cached:           101004 kB
MemTotal:        1844596 kB
MemFree:         1561316 kB
MemAvailable:    1550788 kB
Buffers:           19312 kB
Cached:           101024 kB
MemTotal:        1844596 kB
MemFree:         1559760 kB
MemAvailable:    1549232 kB
Buffers:           19312 kB
Cached:           101024 kB
MemTotal:        1844596 kB
MemFree:         1561184 kB
MemAvailable:    1550656 kB
Buffers:           19312 kB
Cached:           101024 kB
MemTotal:        1844596 kB
MemFree:         1561184 kB
MemAvailable:    1550656 kB
Buffers:           19312 kB
Cached:           101024 kB
MemTotal:        1844596 kB
MemFree:         1561164 kB
MemAvailable:    1550636 kB
Buffers:           19312 kB
Cached:           101024 kB
MemTotal:        1844596 kB
MemFree:         1560180 kB
MemAvailable:    1549652 kB
Buffers:           19312 kB
Cached:           101024 kB
MemTotal:        1844596 kB
MemFree:         1552848 kB
MemAvailable:    1542320 kB
Buffers:           19312 kB
Cached:           101024 kB
MemTotal:        1844596 kB
MemFree:         1553184 kB
MemAvailable:    1542656 kB
Buffers:           19312 kB
Cached:           101024 kB
MemTotal:        1844596 kB
MemFree:         1552800 kB
MemAvailable:    1542312 kB
Buffers:           19312 kB
Cached:           101148 kB
MemTotal:        1844596 kB
MemFree:         1552352 kB
MemAvailable:    1541948 kB
Buffers:           19312 kB
Cached:           101272 kB
MemTotal:        1844596 kB
MemFree:         1552604 kB
MemAvailable:    1542200 kB
Buffers:           19312 kB
Cached:           101272 kB
MemTotal:        1844596 kB
MemFree:         1550984 kB
MemAvailable:    1540624 kB
Buffers:           19312 kB
Cached:           101396 kB
MemTotal:        1844596 kB
MemFree:         1551116 kB
MemAvailable:    1540840 kB
Buffers:           19312 kB
Cached:           101520 kB
MemTotal:        1844596 kB
MemFree:         1552120 kB
MemAvailable:    1541884 kB
Buffers:           19312 kB
Cached:           101644 kB
MemTotal:        1844596 kB
MemFree:         1552180 kB
MemAvailable:    1541944 kB
Buffers:           19312 kB
Cached:           101644 kB
MemTotal:        1844596 kB
MemFree:         1550996 kB
MemAvailable:    1540760 kB
Buffers:           19312 kB
Cached:           101644 kB
MemTotal:        1844596 kB
MemFree:         1551976 kB
MemAvailable:    1541740 kB
Buffers:           19312 kB
Cached:           101644 kB
MemTotal:        1844596 kB
MemFree:         1551864 kB
MemAvailable:    1541628 kB
Buffers:           19312 kB
Cached:           101644 kB
MemTotal:        1844596 kB
MemFree:         1551252 kB
MemAvailable:    1541016 kB
Buffers:           19312 kB
Cached:           101644 kB
MemTotal:        1844596 kB
MemFree:         1552068 kB
MemAvailable:    1541832 kB
Buffers:           19312 kB
Cached:           101644 kB
MemTotal:        1844596 kB
MemFree:         1551872 kB
MemAvailable:    1541636 kB
Buffers:           19312 kB
Cached:           101644 kB
MemTotal:        1844596 kB
MemFree:         1551252 kB
MemAvailable:    1541016 kB
Buffers:           19312 kB
Cached:           101644 kB
MemTotal:        1844596 kB
MemFree:         1551844 kB
MemAvailable:    1541608 kB
Buffers:           19312 kB
Cached:           101644 kB
MemTotal:        1844596 kB
MemFree:         1552180 kB
MemAvailable:    1541944 kB
Buffers:           19312 kB
Cached:           101644 kB
MemTotal:        1844596 kB
MemFree:         1552568 kB
MemAvailable:    1542040 kB
Buffers:           19312 kB
Cached:           101096 kB
MemTotal:        1844596 kB
MemFree:         1552600 kB
MemAvailable:    1542072 kB
Buffers:           19312 kB
Cached:           101096 kB
