MemTotal:        1844596 kB
MemFree:         1285188 kB
MemAvailable:    1551616 kB
Buffers:           53208 kB
Cached:           335796 kB
MemTotal:        1844596 kB
MemFree:         1284444 kB
MemAvailable:    1550872 kB
Buffers:           53208 kB
Cached:           335796 kB
MemTotal:        1844596 kB
MemFree:         1283072 kB
MemAvailable:    1549500 kB
Buffers:           53208 kB
Cached:           335796 kB
MemTotal:        1844596 kB
MemFree:         1281648 kB
MemAvailable:    1548076 kB
Buffers:           53208 kB
Cached:           335796 kB
MemTotal:        1844596 kB
MemFree:         1281716 kB
MemAvailable:    1548144 kB
Buffers:           53208 kB
Cached:           335796 kB
MemTotal:        1844596 kB
MemFree:         1281408 kB
MemAvailable:    1547836 kB
Buffers:           53208 kB
Cached:           335796 kB
MemTotal:        1844596 kB
MemFree:         1279300 kB
MemAvailable:    1545728 kB
Buffers:           53208 kB
Cached:           335796 kB
MemTotal:        1844596 kB
MemFree:         1276812 kB
MemAvailable:    1543244 kB
Buffers:           53208 kB
Cached:           335800 kB
MemTotal:        1844596 kB
MemFree:         1272408 kB
MemAvailable:    1538840 kB
Buffers:           53208 kB
Cached:           335800 kB
MemTotal:        1844596 kB
MemFree:         1272408 kB
MemAvailable:    1538840 kB
Buffers:           53208 kB
Cached:           335800 kB
MemTotal:        1844596 kB
MemFree:         1271596 kB
MemAvailable:    1538028 kB
Buffers:           53208 kB
Cached:           335800 kB
MemTotal:        1844596 kB
MemFree:         1271932 kB
MemAvailable:    1538364 kB
Buffers:           53208 kB
Cached:           335800 kB
MemTotal:        1844596 kB
MemFree:         1270440 kB
MemAvailable:    1536872 kB
Buffers:           53208 kB
Cached:           335800 kB
MemTotal:        1844596 kB
MemFree:         1271748 kB
MemAvailable:    1538180 kB
Buffers:           53208 kB
Cached:           335800 kB
MemTotal:        1844596 kB
MemFree:         1271804 kB
MemAvailable:    1538236 kB
Buffers:           53208 kB
Cached:           335800 kB
MemTotal:        1844596 kB
MemFree:         1270308 kB
MemAvailable:    1536740 kB
Buffers:           53208 kB
Cached:           335800 kB
MemTotal:        1844596 kB
MemFree:         1270000 kB
MemAvailable:    1536432 kB
Buffers:           53208 kB
Cached:           335800 kB
MemTotal:        1844596 kB
MemFree:         1268628 kB
MemAvailable:    1535060 kB
Buffers:           53208 kB
Cached:           335800 kB
MemTotal:        1844596 kB
MemFree:         1269432 kB
MemAvailable:    1535864 kB
Buffers:           53208 kB
Cached:           335800 kB
MemTotal:        1844596 kB
MemFree:         1268084 kB
MemAvailable:    1534516 kB
Buffers:           53208 kB
Cached:           335800 kB
MemTotal:        1844596 kB
MemFree:         1268076 kB
MemAvailable:    1534508 kB
Buffers:           53208 kB
Cached:           335800 kB
MemTotal:        1844596 kB
MemFree:         1269308 kB
MemAvailable:    1535740 kB
Buffers:           53208 kB
Cached:           335800 kB
MemTotal:        1844596 kB
MemFree:         1267820 kB
MemAvailable:    1534252 kB
Buffers:           53208 kB
Cached:           335800 kB
MemTotal:        1844596 kB
MemFree:         1268076 kB
MemAvailable:    1534508 kB
Buffers:           53208 kB
Cached:           335800 kB
MemTotal:        1844596 kB
MemFree:         1269252 kB
MemAvailable:    1535684 kB
Buffers:           53208 kB
Cached:           335800 kB
MemTotal:        1844596 kB
MemFree:         1268112 kB
MemAvailable:    1534544 kB
Buffers:           53208 kB
Cached:           335800 kB
MemTotal:        1844596 kB
MemFree:         1269288 kB
MemAvailable:    1535720 kB
Buffers:           53208 kB
Cached:           335800 kB
MemTotal:        1844596 kB
MemFree:         1270124 kB
MemAvailable:    1536556 kB
Buffers:           53208 kB
Cached:           335800 kB
MemTotal:        1844596 kB
MemFree:         1270668 kB
MemAvailable:    1537100 kB
Buffers:           53208 kB
Cached:           335800 kB
MemTotal:        1844596 kB
MemFree:         1270000 kB
MemAvailable:    1536432 kB
Buffers:           53208 kB
Cached:           335800 kB
MemTotal:        1844596 kB
MemFree:         1268200 kB
MemAvailable:    1534632 kB
Buffers:           53208 kB
Cached:           335800 kB
MemTotal:        1844596 kB
MemFree:         1267148 kB
MemAvailable:    1533580 kB
Buffers:           53208 kB
Cached:           335800 kB
MemTotal:        1844596 kB
MemFree:         1266644 kB
MemAvailable:    1533076 kB
Buffers:           53208 kB
Cached:           335800 kB
MemTotal:        1844596 kB
MemFree:         1266828 kB
MemAvailable:    1533260 kB
Buffers:           53208 kB
Cached:           335800 kB
MemTotal:        1844596 kB
MemFree:         1266092 kB
MemAvailable:    1532524 kB
Buffers:           53208 kB
Cached:           335800 kB
MemTotal:        1844596 kB
MemFree:         1265288 kB
MemAvailable:    1531720 kB
Buffers:           53208 kB
Cached:           335800 kB
MemTotal:        1844596 kB
MemFree:         1265536 kB
MemAvailable:    1531968 kB
Buffers:           53208 kB
Cached:           335800 kB
MemTotal:        1844596 kB
MemFree:         1265280 kB
MemAvailable:    1531712 kB
Buffers:           53208 kB
Cached:           335800 kB
MemTotal:        1844596 kB
MemFree:         1263908 kB
MemAvailable:    1530340 kB
Buffers:           53208 kB
Cached:           335800 kB
MemTotal:        1844596 kB
MemFree:         1265000 kB
MemAvailable:    1531432 kB
Buffers:           53208 kB
Cached:           335800 kB
MemTotal:        1844596 kB
MemFree:         1265336 kB
MemAvailable:    1531768 kB
Buffers:           53208 kB
Cached:           335800 kB
MemTotal:        1844596 kB
MemFree:         1265076 kB
MemAvailable:    1531508 kB
Buffers:           53208 kB
Cached:           335800 kB
MemTotal:        1844596 kB
MemFree:         1264768 kB
MemAvailable:    1531200 kB
Buffers:           53208 kB
Cached:           335800 kB
MemTotal:        1844596 kB
MemFree:         1264768 kB
MemAvailable:    1531200 kB
Buffers:           53208 kB
Cached:           335800 kB
MemTotal:        1844596 kB
MemFree:         1264404 kB
MemAvailable:    1530836 kB
Buffers:           53208 kB
Cached:           335800 kB
MemTotal:        1844596 kB
MemFree:         1264656 kB
MemAvailable:    1531088 kB
Buffers:           53208 kB
Cached:           335800 kB
MemTotal:        1844596 kB
MemFree:         1263992 kB
MemAvailable:    1530424 kB
Buffers:           53208 kB
Cached:           335800 kB
MemTotal:        1844596 kB
MemFree:         1262776 kB
MemAvailable:    1529208 kB
Buffers:           53208 kB
Cached:           335800 kB
MemTotal:        1844596 kB
MemFree:         1264016 kB
MemAvailable:    1530448 kB
Buffers:           53208 kB
Cached:           335800 kB
MemTotal:        1844596 kB
MemFree:         1263512 kB
MemAvailable:    1529944 kB
Buffers:           53208 kB
Cached:           335800 kB
MemTotal:        1844596 kB
MemFree:         1264024 kB
MemAvailable:    1530456 kB
Buffers:           53208 kB
Cached:           335800 kB
MemTotal:        1844596 kB
MemFree:         1264108 kB
MemAvailable:    1530540 kB
Buffers:           53208 kB
Cached:           335800 kB
MemTotal:        1844596 kB
MemFree:         1262880 kB
MemAvailable:    1529312 kB
Buffers:           53208 kB
Cached:           335800 kB
MemTotal:        1844596 kB
MemFree:         1264224 kB
MemAvailable:    1530656 kB
Buffers:           53208 kB
Cached:           335800 kB
MemTotal:        1844596 kB
MemFree:         1264132 kB
MemAvailable:    1530564 kB
Buffers:           53208 kB
Cached:           335800 kB
MemTotal:        1844596 kB
MemFree:         1263428 kB
MemAvailable:    1529860 kB
Buffers:           53208 kB
Cached:           335800 kB
MemTotal:        1844596 kB
MemFree:         1264180 kB
MemAvailable:    1530612 kB
Buffers:           53208 kB
Cached:           335800 kB
MemTotal:        1844596 kB
MemFree:         1262872 kB
MemAvailable:    1529304 kB
Buffers:           53208 kB
Cached:           335800 kB
MemTotal:        1844596 kB
MemFree:         1263840 kB
MemAvailable:    1530272 kB
Buffers:           53208 kB
Cached:           335800 kB
MemTotal:        1844596 kB
MemFree:         1264176 kB
MemAvailable:    1530608 kB
Buffers:           53208 kB
Cached:           335800 kB
MemTotal:        1844596 kB
MemFree:         1262560 kB
MemAvailable:    1528992 kB
Buffers:           53208 kB
Cached:           335800 kB
MemTotal:        1844596 kB
MemFree:         1263480 kB
MemAvailable:    1529912 kB
Buffers:           53208 kB
Cached:           335800 kB
MemTotal:        1844596 kB
MemFree:         1262048 kB
MemAvailable:    1528480 kB
Buffers:           53208 kB
Cached:           335800 kB
MemTotal:        1844596 kB
MemFree:         1262000 kB
MemAvailable:    1528432 kB
Buffers:           53208 kB
Cached:           335800 kB
MemTotal:        1844596 kB
MemFree:         1263176 kB
MemAvailable:    1529608 kB
Buffers:           53208 kB
Cached:           335800 kB
MemTotal:        1844596 kB
MemFree:         1263212 kB
MemAvailable:    1529644 kB
Buffers:           53208 kB
Cached:           335800 kB
MemTotal:        1844596 kB
MemFree:         1261864 kB
MemAvailable:    1528296 kB
Buffers:           53208 kB
Cached:           335800 kB
MemTotal:        1844596 kB
MemFree:         1263164 kB
MemAvailable:    1529596 kB
Buffers:           53208 kB
Cached:           335800 kB
MemTotal:        1844596 kB
MemFree:         1263412 kB
MemAvailable:    1529844 kB
Buffers:           53208 kB
Cached:           335800 kB
MemTotal:        1844596 kB
MemFree:         1262880 kB
MemAvailable:    1529312 kB
Buffers:           53208 kB
Cached:           335800 kB
MemTotal:        1844596 kB
MemFree:         1262972 kB
MemAvailable:    1529404 kB
Buffers:           53208 kB
Cached:           335800 kB
MemTotal:        1844596 kB
MemFree:         1263140 kB
MemAvailable:    1529572 kB
Buffers:           53208 kB
Cached:           335800 kB
MemTotal:        1844596 kB
MemFree:         1262984 kB
MemAvailable:    1529416 kB
Buffers:           53208 kB
Cached:           335800 kB
MemTotal:        1844596 kB
MemFree:         1261320 kB
MemAvailable:    1527752 kB
Buffers:           53208 kB
Cached:           335800 kB
MemTotal:        1844596 kB
MemFree:         1260576 kB
MemAvailable:    1527008 kB
Buffers:           53208 kB
Cached:           335800 kB
MemTotal:        1844596 kB
MemFree:         1258032 kB
MemAvailable:    1524464 kB
Buffers:           53208 kB
Cached:           335800 kB
MemTotal:        1844596 kB
MemFree:         1255468 kB
MemAvailable:    1521900 kB
Buffers:           53208 kB
Cached:           335800 kB
MemTotal:        1844596 kB
MemFree:         1255552 kB
MemAvailable:    1521984 kB
Buffers:           53208 kB
Cached:           335800 kB
MemTotal:        1844596 kB
MemFree:         1255220 kB
MemAvailable:    1521652 kB
Buffers:           53208 kB
Cached:           335800 kB
MemTotal:        1844596 kB
MemFree:         1255220 kB
MemAvailable:    1521652 kB
Buffers:           53208 kB
Cached:           335800 kB
MemTotal:        1844596 kB
MemFree:         1255288 kB
MemAvailable:    1521720 kB
Buffers:           53208 kB
Cached:           335800 kB
MemTotal:        1844596 kB
MemFree:         1255540 kB
MemAvailable:    1521972 kB
Buffers:           53208 kB
Cached:           335800 kB
MemTotal:        1844596 kB
MemFree:         1255172 kB
MemAvailable:    1521604 kB
Buffers:           53208 kB
Cached:           335800 kB
MemTotal:        1844596 kB
MemFree:         1255292 kB
MemAvailable:    1521724 kB
Buffers:           53208 kB
Cached:           335800 kB
MemTotal:        1844596 kB
MemFree:         1255064 kB
MemAvailable:    1521500 kB
Buffers:           53208 kB
Cached:           335804 kB
MemTotal:        1844596 kB
MemFree:         1255228 kB
MemAvailable:    1521664 kB
Buffers:           53208 kB
Cached:           335804 kB
MemTotal:        1844596 kB
MemFree:         1254980 kB
MemAvailable:    1521416 kB
Buffers:           53208 kB
Cached:           335804 kB
MemTotal:        1844596 kB
MemFree:         1255316 kB
MemAvailable:    1521752 kB
Buffers:           53208 kB
Cached:           335804 kB
MemTotal:        1844596 kB
MemFree:         1255204 kB
MemAvailable:    1521648 kB
Buffers:           53208 kB
Cached:           335812 kB
MemTotal:        1844596 kB
MemFree:         1254500 kB
MemAvailable:    1520944 kB
Buffers:           53208 kB
Cached:           335812 kB
MemTotal:        1844596 kB
MemFree:         1255252 kB
MemAvailable:    1521696 kB
Buffers:           53208 kB
Cached:           335812 kB
MemTotal:        1844596 kB
MemFree:         1253988 kB
MemAvailable:    1520432 kB
Buffers:           53208 kB
Cached:           335812 kB
MemTotal:        1844596 kB
MemFree:         1255008 kB
MemAvailable:    1521452 kB
Buffers:           53208 kB
Cached:           335812 kB
MemTotal:        1844596 kB
MemFree:         1254660 kB
MemAvailable:    1521104 kB
Buffers:           53208 kB
Cached:           335812 kB
MemTotal:        1844596 kB
MemFree:         1253632 kB
MemAvailable:    1520076 kB
Buffers:           53208 kB
Cached:           335812 kB
MemTotal:        1844596 kB
MemFree:         1254224 kB
MemAvailable:    1520668 kB
Buffers:           53208 kB
Cached:           335812 kB
MemTotal:        1844596 kB
MemFree:         1254476 kB
MemAvailable:    1520920 kB
Buffers:           53208 kB
Cached:           335812 kB
MemTotal:        1844596 kB
MemFree:         1253732 kB
MemAvailable:    1520176 kB
Buffers:           53208 kB
Cached:           335812 kB
MemTotal:        1844596 kB
MemFree:         1253984 kB
MemAvailable:    1520428 kB
Buffers:           53208 kB
Cached:           335812 kB
MemTotal:        1844596 kB
MemFree:         1253444 kB
MemAvailable:    1519888 kB
Buffers:           53208 kB
Cached:           335812 kB
MemTotal:        1844596 kB
MemFree:         1252012 kB
MemAvailable:    1518456 kB
Buffers:           53208 kB
Cached:           335812 kB
MemTotal:        1844596 kB
MemFree:         1251400 kB
MemAvailable:    1517844 kB
Buffers:           53208 kB
Cached:           335812 kB
MemTotal:        1844596 kB
MemFree:         1252576 kB
MemAvailable:    1519020 kB
Buffers:           53208 kB
Cached:           335812 kB
MemTotal:        1844596 kB
MemFree:         1251400 kB
MemAvailable:    1517844 kB
Buffers:           53208 kB
Cached:           335812 kB
MemTotal:        1844596 kB
MemFree:         1251956 kB
MemAvailable:    1518400 kB
Buffers:           53208 kB
Cached:           335812 kB
MemTotal:        1844596 kB
MemFree:         1251772 kB
MemAvailable:    1518216 kB
Buffers:           53208 kB
Cached:           335812 kB
MemTotal:        1844596 kB
MemFree:         1251500 kB
MemAvailable:    1517944 kB
Buffers:           53208 kB
Cached:           335812 kB
MemTotal:        1844596 kB
MemFree:         1250648 kB
MemAvailable:    1517092 kB
Buffers:           53208 kB
Cached:           335812 kB
MemTotal:        1844596 kB
MemFree:         1251272 kB
MemAvailable:    1517716 kB
Buffers:           53208 kB
Cached:           335812 kB
MemTotal:        1844596 kB
MemFree:         1250532 kB
MemAvailable:    1516976 kB
Buffers:           53208 kB
Cached:           335812 kB
MemTotal:        1844596 kB
MemFree:         1251156 kB
MemAvailable:    1517600 kB
Buffers:           53208 kB
Cached:           335812 kB
MemTotal:        1844596 kB
MemFree:         1251148 kB
MemAvailable:    1517592 kB
Buffers:           53208 kB
Cached:           335812 kB
MemTotal:        1844596 kB
MemFree:         1251212 kB
MemAvailable:    1517656 kB
Buffers:           53208 kB
Cached:           335812 kB
MemTotal:        1844596 kB
MemFree:         1251532 kB
MemAvailable:    1517976 kB
Buffers:           53208 kB
Cached:           335812 kB
MemTotal:        1844596 kB
MemFree:         1250728 kB
MemAvailable:    1517172 kB
Buffers:           53208 kB
Cached:           335812 kB
MemTotal:        1844596 kB
MemFree:         1250880 kB
MemAvailable:    1517324 kB
Buffers:           53208 kB
Cached:           335812 kB
MemTotal:        1844596 kB
MemFree:         1251088 kB
MemAvailable:    1517532 kB
Buffers:           53208 kB
Cached:           335812 kB
MemTotal:        1844596 kB
MemFree:         1250772 kB
MemAvailable:    1517216 kB
Buffers:           53208 kB
Cached:           335812 kB
MemTotal:        1844596 kB
MemFree:         1244804 kB
MemAvailable:    1511248 kB
Buffers:           53208 kB
Cached:           335812 kB
MemTotal:        1844596 kB
MemFree:         1244804 kB
MemAvailable:    1511248 kB
Buffers:           53208 kB
Cached:           335812 kB
MemTotal:        1844596 kB
MemFree:         1243696 kB
MemAvailable:    1510224 kB
Buffers:           53208 kB
Cached:           335936 kB
MemTotal:        1844596 kB
MemFree:         1242472 kB
MemAvailable:    1509084 kB
Buffers:           53208 kB
Cached:           335936 kB
MemTotal:        1844596 kB
MemFree:         1243552 kB
MemAvailable:    1510248 kB
Buffers:           53208 kB
Cached:           336184 kB
MemTotal:        1844596 kB
MemFree:         1243720 kB
MemAvailable:    1510500 kB
Buffers:           53208 kB
Cached:           336184 kB
MemTotal:        1844596 kB
MemFree:         1243464 kB
MemAvailable:    1510328 kB
Buffers:           53208 kB
Cached:           336308 kB
MemTotal:        1844596 kB
MemFree:         1242472 kB
MemAvailable:    1509420 kB
Buffers:           53208 kB
Cached:           336308 kB
MemTotal:        1844596 kB
MemFree:         1243284 kB
MemAvailable:    1510316 kB
Buffers:           53208 kB
Cached:           336432 kB
MemTotal:        1844596 kB
MemFree:         1243048 kB
MemAvailable:    1510080 kB
Buffers:           53208 kB
Cached:           336432 kB
MemTotal:        1844596 kB
MemFree:         1243384 kB
MemAvailable:    1510416 kB
Buffers:           53208 kB
Cached:           336432 kB
MemTotal:        1844596 kB
MemFree:         1241692 kB
MemAvailable:    1508724 kB
Buffers:           53208 kB
Cached:           336432 kB
MemTotal:        1844596 kB
MemFree:         1241948 kB
MemAvailable:    1508980 kB
Buffers:           53208 kB
Cached:           336432 kB
MemTotal:        1844596 kB
MemFree:         1243124 kB
MemAvailable:    1510156 kB
Buffers:           53208 kB
Cached:           336432 kB
MemTotal:        1844596 kB
MemFree:         1242068 kB
MemAvailable:    1509100 kB
Buffers:           53208 kB
Cached:           336432 kB
MemTotal:        1844596 kB
MemFree:         1242836 kB
MemAvailable:    1509868 kB
Buffers:           53208 kB
Cached:           336432 kB
MemTotal:        1844596 kB
MemFree:         1243140 kB
MemAvailable:    1510172 kB
Buffers:           53208 kB
Cached:           336432 kB
MemTotal:        1844596 kB
MemFree:         1243280 kB
MemAvailable:    1510312 kB
Buffers:           53208 kB
Cached:           336432 kB
MemTotal:        1844596 kB
MemFree:         1242556 kB
MemAvailable:    1509000 kB
Buffers:           53208 kB
Cached:           335800 kB
MemTotal:        1844596 kB
MemFree:         1311360 kB
MemAvailable:    1577804 kB
Buffers:           53208 kB
Cached:           335800 kB
