MemTotal:        1844596 kB
MemFree:         1261128 kB
MemAvailable:    1546960 kB
Buffers:           55692 kB
Cached:           351056 kB
MemTotal:        1844596 kB
MemFree:         1259952 kB
MemAvailable:    1545784 kB
Buffers:           55692 kB
Cached:           351056 kB
MemTotal:        1844596 kB
MemFree:         1257968 kB
MemAvailable:    1543800 kB
Buffers:           55692 kB
Cached:           351056 kB
MemTotal:        1844596 kB
MemFree:         1257904 kB
MemAvailable:    1543736 kB
Buffers:           55692 kB
Cached:           351056 kB
MemTotal:        1844596 kB
MemFree:         1254728 kB
MemAvailable:    1540560 kB
Buffers:           55692 kB
Cached:           351056 kB
MemTotal:        1844596 kB
MemFree:         1256660 kB
MemAvailable:    1542492 kB
Buffers:           55692 kB
Cached:           351056 kB
MemTotal:        1844596 kB
MemFree:         1253984 kB
MemAvailable:    1539816 kB
Buffers:           55692 kB
Cached:           351056 kB
MemTotal:        1844596 kB
MemFree:         1254728 kB
MemAvailable:    1540568 kB
Buffers:           55692 kB
Cached:           351060 kB
MemTotal:        1844596 kB
MemFree:         1253868 kB
MemAvailable:    1539708 kB
Buffers:           55692 kB
Cached:           351060 kB
MemTotal:        1844596 kB
MemFree:         1251084 kB
MemAvailable:    1536924 kB
Buffers:           55692 kB
Cached:           351060 kB
MemTotal:        1844596 kB
MemFree:         1249024 kB
MemAvailable:    1534864 kB
Buffers:           55692 kB
Cached:           351060 kB
MemTotal:        1844596 kB
MemFree:         1247676 kB
MemAvailable:    1533516 kB
Buffers:           55692 kB
Cached:           351060 kB
MemTotal:        1844596 kB
MemFree:         1246304 kB
MemAvailable:    1532144 kB
Buffers:           55692 kB
Cached:           351060 kB
MemTotal:        1844596 kB
MemFree:         1246472 kB
MemAvailable:    1532312 kB
Buffers:           55692 kB
Cached:           351060 kB
MemTotal:        1844596 kB
MemFree:         1245148 kB
MemAvailable:    1530988 kB
Buffers:           55692 kB
Cached:           351060 kB
MemTotal:        1844596 kB
MemFree:         1245148 kB
MemAvailable:    1530988 kB
Buffers:           55692 kB
Cached:           351060 kB
MemTotal:        1844596 kB
MemFree:         1245272 kB
MemAvailable:    1531112 kB
Buffers:           55692 kB
Cached:           351060 kB
MemTotal:        1844596 kB
MemFree:         1246448 kB
MemAvailable:    1532288 kB
Buffers:           55692 kB
Cached:           351060 kB
MemTotal:        1844596 kB
MemFree:         1245816 kB
MemAvailable:    1531656 kB
Buffers:           55692 kB
Cached:           351060 kB
MemTotal:        1844596 kB
MemFree:         1245752 kB
MemAvailable:    1531592 kB
Buffers:           55692 kB
Cached:           351060 kB
MemTotal:        1844596 kB
MemFree:         1244884 kB
MemAvailable:    1530724 kB
Buffers:           55692 kB
Cached:           351060 kB
MemTotal:        1844596 kB
MemFree:         1243460 kB
MemAvailable:    1529300 kB
Buffers:           55692 kB
Cached:           351060 kB
MemTotal:        1844596 kB
MemFree:         1244076 kB
MemAvailable:    1529916 kB
Buffers:           55692 kB
Cached:           351060 kB
MemTotal:        1844596 kB
MemFree:         1243856 kB
MemAvailable:    1529696 kB
Buffers:           55692 kB
Cached:           351060 kB
MemTotal:        1844596 kB
MemFree:         1243788 kB
MemAvailable:    1529628 kB
Buffers:           55692 kB
Cached:           351060 kB
MemTotal:        1844596 kB
MemFree:         1243872 kB
MemAvailable:    1529712 kB
Buffers:           55692 kB
Cached:           351060 kB
MemTotal:        1844596 kB
MemFree:         1243884 kB
MemAvailable:    1529724 kB
Buffers:           55692 kB
Cached:           351060 kB
MemTotal:        1844596 kB
MemFree:         1242668 kB
MemAvailable:    1528508 kB
Buffers:           55692 kB
Cached:           351060 kB
MemTotal:        1844596 kB
MemFree:         1242668 kB
MemAvailable:    1528508 kB
Buffers:           55692 kB
Cached:           351060 kB
MemTotal:        1844596 kB
MemFree:         1243968 kB
MemAvailable:    1529808 kB
Buffers:           55692 kB
Cached:           351060 kB
MemTotal:        1844596 kB
MemFree:         1243700 kB
MemAvailable:    1529540 kB
Buffers:           55692 kB
Cached:           351060 kB
MemTotal:        1844596 kB
MemFree:         1244968 kB
MemAvailable:    1530808 kB
Buffers:           55692 kB
Cached:           351060 kB
MemTotal:        1844596 kB
MemFree:         1245304 kB
MemAvailable:    1531144 kB
Buffers:           55692 kB
Cached:           351060 kB
MemTotal:        1844596 kB
MemFree:         1245124 kB
MemAvailable:    1530964 kB
Buffers:           55692 kB
Cached:           351060 kB
MemTotal:        1844596 kB
MemFree:         1243452 kB
MemAvailable:    1529292 kB
Buffers:           55692 kB
Cached:           351060 kB
MemTotal:        1844596 kB
MemFree:         1242196 kB
MemAvailable:    1528036 kB
Buffers:           55692 kB
Cached:           351060 kB
MemTotal:        1844596 kB
MemFree:         1242196 kB
MemAvailable:    1528036 kB
Buffers:           55692 kB
Cached:           351060 kB
MemTotal:        1844596 kB
MemFree:         1241660 kB
MemAvailable:    1527500 kB
Buffers:           55692 kB
Cached:           351060 kB
MemTotal:        1844596 kB
MemFree:         1240236 kB
MemAvailable:    1526076 kB
Buffers:           55692 kB
Cached:           351060 kB
MemTotal:        1844596 kB
MemFree:         1239864 kB
MemAvailable:    1525704 kB
Buffers:           55692 kB
Cached:           351060 kB
MemTotal:        1844596 kB
MemFree:         1239740 kB
MemAvailable:    1525580 kB
Buffers:           55692 kB
Cached:           351060 kB
MemTotal:        1844596 kB
MemFree:         1240228 kB
MemAvailable:    1526068 kB
Buffers:           55692 kB
Cached:           351060 kB
MemTotal:        1844596 kB
MemFree:         1240172 kB
MemAvailable:    1526012 kB
Buffers:           55692 kB
Cached:           351060 kB
MemTotal:        1844596 kB
MemFree:         1239244 kB
MemAvailable:    1525084 kB
Buffers:           55692 kB
Cached:           351060 kB
MemTotal:        1844596 kB
MemFree:         1240172 kB
MemAvailable:    1526012 kB
Buffers:           55692 kB
Cached:           351060 kB
MemTotal:        1844596 kB
MemFree:         1238864 kB
MemAvailable:    1524704 kB
Buffers:           55692 kB
Cached:           351060 kB
MemTotal:        1844596 kB
MemFree:         1239580 kB
MemAvailable:    1525420 kB
Buffers:           55692 kB
Cached:           351060 kB
MemTotal:        1844596 kB
MemFree:         1239664 kB
MemAvailable:    1525504 kB
Buffers:           55692 kB
Cached:           351060 kB
MemTotal:        1844596 kB
MemFree:         1239604 kB
MemAvailable:    1525444 kB
Buffers:           55692 kB
Cached:           351060 kB
MemTotal:        1844596 kB
MemFree:         1239472 kB
MemAvailable:    1525312 kB
Buffers:           55692 kB
Cached:           351060 kB
MemTotal:        1844596 kB
MemFree:         1239120 kB
MemAvailable:    1524960 kB
Buffers:           55692 kB
Cached:           351060 kB
MemTotal:        1844596 kB
MemFree:         1237996 kB
MemAvailable:    1523836 kB
Buffers:           55692 kB
Cached:           351060 kB
MemTotal:        1844596 kB
MemFree:         1237252 kB
MemAvailable:    1523092 kB
Buffers:           55692 kB
Cached:           351060 kB
MemTotal:        1844596 kB
MemFree:         1237632 kB
MemAvailable:    1523472 kB
Buffers:           55692 kB
Cached:           351060 kB
MemTotal:        1844596 kB
MemFree:         1238928 kB
MemAvailable:    1524768 kB
Buffers:           55700 kB
Cached:           351052 kB
MemTotal:        1844596 kB
MemFree:         1238872 kB
MemAvailable:    1524712 kB
Buffers:           55700 kB
Cached:           351052 kB
MemTotal:        1844596 kB
MemFree:         1237368 kB
MemAvailable:    1523208 kB
Buffers:           55700 kB
Cached:           351052 kB
MemTotal:        1844596 kB
MemFree:         1237584 kB
MemAvailable:    1523424 kB
Buffers:           55700 kB
Cached:           351052 kB
MemTotal:        1844596 kB
MemFree:         1238076 kB
MemAvailable:    1523916 kB
Buffers:           55700 kB
Cached:           351052 kB
MemTotal:        1844596 kB
MemFree:         1237756 kB
MemAvailable:    1523612 kB
Buffers:           55700 kB
Cached:           351068 kB
MemTotal:        1844596 kB
MemFree:         1237500 kB
MemAvailable:    1523356 kB
Buffers:           55700 kB
Cached:           351068 kB
MemTotal:        1844596 kB
MemFree:         1238676 kB
MemAvailable:    1524532 kB
Buffers:           55700 kB
Cached:           351068 kB
MemTotal:        1844596 kB
MemFree:         1237756 kB
MemAvailable:    1523612 kB
Buffers:           55700 kB
Cached:           351068 kB
MemTotal:        1844596 kB
MemFree:         1238820 kB
MemAvailable:    1524676 kB
Buffers:           55700 kB
Cached:           351068 kB
MemTotal:        1844596 kB
MemFree:         1238540 kB
MemAvailable:    1524396 kB
Buffers:           55700 kB
Cached:           351068 kB
MemTotal:        1844596 kB
MemFree:         1238408 kB
MemAvailable:    1524264 kB
Buffers:           55700 kB
Cached:           351068 kB
MemTotal:        1844596 kB
MemFree:         1238152 kB
MemAvailable:    1524008 kB
Buffers:           55700 kB
Cached:           351068 kB
MemTotal:        1844596 kB
MemFree:         1238020 kB
MemAvailable:    1523876 kB
Buffers:           55700 kB
Cached:           351068 kB
MemTotal:        1844596 kB
MemFree:         1237996 kB
MemAvailable:    1523852 kB
Buffers:           55700 kB
Cached:           351068 kB
MemTotal:        1844596 kB
MemFree:         1237676 kB
MemAvailable:    1523532 kB
Buffers:           55700 kB
Cached:           351068 kB
MemTotal:        1844596 kB
MemFree:         1237928 kB
MemAvailable:    1523784 kB
Buffers:           55700 kB
Cached:           351068 kB
MemTotal:        1844596 kB
MemFree:         1238024 kB
MemAvailable:    1523880 kB
Buffers:           55700 kB
Cached:           351068 kB
MemTotal:        1844596 kB
MemFree:         1237668 kB
MemAvailable:    1523524 kB
Buffers:           55700 kB
Cached:           351068 kB
MemTotal:        1844596 kB
MemFree:         1237920 kB
MemAvailable:    1523776 kB
Buffers:           55700 kB
Cached:           351068 kB
MemTotal:        1844596 kB
MemFree:         1237552 kB
MemAvailable:    1523408 kB
Buffers:           55700 kB
Cached:           351068 kB
MemTotal:        1844596 kB
MemFree:         1237528 kB
MemAvailable:    1523384 kB
Buffers:           55700 kB
Cached:           351068 kB
MemTotal:        1844596 kB
MemFree:         1237100 kB
MemAvailable:    1522956 kB
Buffers:           55700 kB
Cached:           351068 kB
MemTotal:        1844596 kB
MemFree:         1237840 kB
MemAvailable:    1523696 kB
Buffers:           55700 kB
Cached:           351068 kB
MemTotal:        1844596 kB
MemFree:         1236716 kB
MemAvailable:    1522572 kB
Buffers:           55700 kB
Cached:           351068 kB
MemTotal:        1844596 kB
MemFree:         1237768 kB
MemAvailable:    1523624 kB
Buffers:           55700 kB
Cached:           351068 kB
MemTotal:        1844596 kB
MemFree:         1236576 kB
MemAvailable:    1522432 kB
Buffers:           55700 kB
Cached:           351068 kB
MemTotal:        1844596 kB
MemFree:         1235020 kB
MemAvailable:    1520876 kB
Buffers:           55700 kB
Cached:           351068 kB
MemTotal:        1844596 kB
MemFree:         1235020 kB
MemAvailable:    1520876 kB
Buffers:           55700 kB
Cached:           351068 kB
MemTotal:        1844596 kB
MemFree:         1232360 kB
MemAvailable:    1518216 kB
Buffers:           55700 kB
Cached:           351068 kB
MemTotal:        1844596 kB
MemFree:         1230292 kB
MemAvailable:    1516148 kB
Buffers:           55700 kB
Cached:           351068 kB
MemTotal:        1844596 kB
MemFree:         1230292 kB
MemAvailable:    1516148 kB
Buffers:           55700 kB
Cached:           351068 kB
MemTotal:        1844596 kB
MemFree:         1230188 kB
MemAvailable:    1516044 kB
Buffers:           55700 kB
Cached:           351068 kB
MemTotal:        1844596 kB
MemFree:         1229932 kB
MemAvailable:    1515788 kB
Buffers:           55700 kB
Cached:           351068 kB
MemTotal:        1844596 kB
MemFree:         1229932 kB
MemAvailable:    1515788 kB
Buffers:           55700 kB
Cached:           351068 kB
MemTotal:        1844596 kB
MemFree:         1229800 kB
MemAvailable:    1515656 kB
Buffers:           55700 kB
Cached:           351068 kB
MemTotal:        1844596 kB
MemFree:         1228820 kB
MemAvailable:    1514676 kB
Buffers:           55700 kB
Cached:           351068 kB
MemTotal:        1844596 kB
MemFree:         1229944 kB
MemAvailable:    1515800 kB
Buffers:           55700 kB
Cached:           351068 kB
MemTotal:        1844596 kB
MemFree:         1230024 kB
MemAvailable:    1515880 kB
Buffers:           55700 kB
Cached:           351068 kB
MemTotal:        1844596 kB
MemFree:         1229672 kB
MemAvailable:    1515532 kB
Buffers:           55700 kB
Cached:           351072 kB
MemTotal:        1844596 kB
MemFree:         1229672 kB
MemAvailable:    1515532 kB
Buffers:           55700 kB
Cached:           351072 kB
MemTotal:        1844596 kB
MemFree:         1229672 kB
MemAvailable:    1515532 kB
Buffers:           55700 kB
Cached:           351072 kB
MemTotal:        1844596 kB
MemFree:         1229608 kB
MemAvailable:    1515468 kB
Buffers:           55700 kB
Cached:           351072 kB
MemTotal:        1844596 kB
MemFree:         1229944 kB
MemAvailable:    1515804 kB
Buffers:           55700 kB
Cached:           351072 kB
MemTotal:        1844596 kB
MemFree:         1229644 kB
MemAvailable:    1515504 kB
Buffers:           55700 kB
Cached:           351072 kB
MemTotal:        1844596 kB
MemFree:         1229380 kB
MemAvailable:    1515240 kB
Buffers:           55700 kB
Cached:           351072 kB
MemTotal:        1844596 kB
MemFree:         1228912 kB
MemAvailable:    1514772 kB
Buffers:           55700 kB
Cached:           351072 kB
MemTotal:        1844596 kB
MemFree:         1229300 kB
MemAvailable:    1515160 kB
Buffers:           55700 kB
Cached:           351072 kB
MemTotal:        1844596 kB
MemFree:         1229636 kB
MemAvailable:    1515496 kB
Buffers:           55700 kB
Cached:           351072 kB
MemTotal:        1844596 kB
MemFree:         1229012 kB
MemAvailable:    1514872 kB
Buffers:           55700 kB
Cached:           351072 kB
MemTotal:        1844596 kB
MemFree:         1228564 kB
MemAvailable:    1514424 kB
Buffers:           55700 kB
Cached:           351072 kB
MemTotal:        1844596 kB
MemFree:         1227836 kB
MemAvailable:    1513696 kB
Buffers:           55700 kB
Cached:           351072 kB
MemTotal:        1844596 kB
MemFree:         1227160 kB
MemAvailable:    1513020 kB
Buffers:           55700 kB
Cached:           351072 kB
MemTotal:        1844596 kB
MemFree:         1227944 kB
MemAvailable:    1513804 kB
Buffers:           55700 kB
Cached:           351072 kB
MemTotal:        1844596 kB
MemFree:         1227092 kB
MemAvailable:    1512952 kB
Buffers:           55700 kB
Cached:           351072 kB
MemTotal:        1844596 kB
MemFree:         1225852 kB
MemAvailable:    1511712 kB
Buffers:           55700 kB
Cached:           351072 kB
MemTotal:        1844596 kB
MemFree:         1225852 kB
MemAvailable:    1511712 kB
Buffers:           55700 kB
Cached:           351072 kB
MemTotal:        1844596 kB
MemFree:         1225976 kB
MemAvailable:    1511836 kB
Buffers:           55700 kB
Cached:           351072 kB
MemTotal:        1844596 kB
MemFree:         1225232 kB
MemAvailable:    1511092 kB
Buffers:           55700 kB
Cached:           351072 kB
MemTotal:        1844596 kB
MemFree:         1226332 kB
MemAvailable:    1512192 kB
Buffers:           55700 kB
Cached:           351072 kB
MemTotal:        1844596 kB
MemFree:         1225604 kB
MemAvailable:    1511464 kB
Buffers:           55700 kB
Cached:           351072 kB
MemTotal:        1844596 kB
MemFree:         1224976 kB
MemAvailable:    1510836 kB
Buffers:           55700 kB
Cached:           351072 kB
MemTotal:        1844596 kB
MemFree:         1224984 kB
MemAvailable:    1510844 kB
Buffers:           55700 kB
Cached:           351072 kB
MemTotal:        1844596 kB
MemFree:         1224984 kB
MemAvailable:    1510844 kB
Buffers:           55700 kB
Cached:           351072 kB
MemTotal:        1844596 kB
MemFree:         1226160 kB
MemAvailable:    1512020 kB
Buffers:           55700 kB
Cached:           351072 kB
MemTotal:        1844596 kB
MemFree:         1224728 kB
MemAvailable:    1510588 kB
Buffers:           55700 kB
Cached:           351072 kB
MemTotal:        1844596 kB
MemFree:         1225968 kB
MemAvailable:    1511828 kB
Buffers:           55700 kB
Cached:           351072 kB
MemTotal:        1844596 kB
MemFree:         1225968 kB
MemAvailable:    1511828 kB
Buffers:           55700 kB
Cached:           351072 kB
MemTotal:        1844596 kB
MemFree:         1226152 kB
MemAvailable:    1512012 kB
Buffers:           55700 kB
Cached:           351072 kB
MemTotal:        1844596 kB
MemFree:         1225232 kB
MemAvailable:    1511092 kB
Buffers:           55700 kB
Cached:           351072 kB
MemTotal:        1844596 kB
MemFree:         1225480 kB
MemAvailable:    1511340 kB
Buffers:           55700 kB
Cached:           351072 kB
MemTotal:        1844596 kB
MemFree:         1224100 kB
MemAvailable:    1509960 kB
Buffers:           55700 kB
Cached:           351072 kB
MemTotal:        1844596 kB
MemFree:         1224116 kB
MemAvailable:    1509976 kB
Buffers:           55700 kB
Cached:           351072 kB
MemTotal:        1844596 kB
MemFree:         1218848 kB
MemAvailable:    1504708 kB
Buffers:           55700 kB
Cached:           351072 kB
MemTotal:        1844596 kB
MemFree:         1218140 kB
MemAvailable:    1504000 kB
Buffers:           55700 kB
Cached:           351196 kB
MemTotal:        1844596 kB
MemFree:         1218476 kB
MemAvailable:    1504336 kB
Buffers:           55700 kB
Cached:           351196 kB
MemTotal:        1844596 kB
MemFree:         1218100 kB
MemAvailable:    1504128 kB
Buffers:           55700 kB
Cached:           351320 kB
MemTotal:        1844596 kB
MemFree:         1216668 kB
MemAvailable:    1502780 kB
Buffers:           55700 kB
Cached:           351444 kB
MemTotal:        1844596 kB
MemFree:         1218000 kB
MemAvailable:    1504280 kB
Buffers:           55700 kB
Cached:           351444 kB
MemTotal:        1844596 kB
MemFree:         1216676 kB
MemAvailable:    1502956 kB
Buffers:           55700 kB
Cached:           351568 kB
MemTotal:        1844596 kB
MemFree:         1217472 kB
MemAvailable:    1503836 kB
Buffers:           55700 kB
Cached:           351692 kB
MemTotal:        1844596 kB
MemFree:         1217556 kB
MemAvailable:    1503920 kB
Buffers:           55700 kB
Cached:           351692 kB
MemTotal:        1844596 kB
MemFree:         1217636 kB
MemAvailable:    1504084 kB
Buffers:           55700 kB
Cached:           351692 kB
MemTotal:        1844596 kB
MemFree:         1217580 kB
MemAvailable:    1503944 kB
Buffers:           55700 kB
Cached:           351692 kB
MemTotal:        1844596 kB
MemFree:         1217556 kB
MemAvailable:    1504004 kB
Buffers:           55700 kB
Cached:           351692 kB
MemTotal:        1844596 kB
MemFree:         1217392 kB
MemAvailable:    1503840 kB
Buffers:           55700 kB
Cached:           351692 kB
MemTotal:        1844596 kB
MemFree:         1216624 kB
MemAvailable:    1503072 kB
Buffers:           55700 kB
Cached:           351692 kB
MemTotal:        1844596 kB
MemFree:         1217356 kB
MemAvailable:    1503804 kB
Buffers:           55700 kB
Cached:           351692 kB
MemTotal:        1844596 kB
MemFree:         1217356 kB
MemAvailable:    1503804 kB
Buffers:           55700 kB
Cached:           351692 kB
MemTotal:        1844596 kB
MemFree:         1217416 kB
MemAvailable:    1503864 kB
Buffers:           55700 kB
Cached:           351692 kB
MemTotal:        1844596 kB
MemFree:         1216108 kB
MemAvailable:    1502640 kB
Buffers:           55700 kB
Cached:           351692 kB
MemTotal:        1844596 kB
MemFree:         1218032 kB
MemAvailable:    1503892 kB
Buffers:           55700 kB
Cached:           351060 kB
MemTotal:        1844596 kB
MemFree:         1218368 kB
MemAvailable:    1504228 kB
Buffers:           55700 kB
Cached:           351060 kB
MemTotal:        1844596 kB
MemFree:         1286100 kB
MemAvailable:    1571960 kB
Buffers:           55700 kB
Cached:           351060 kB
