MemTotal:        1844596 kB
MemFree:         1543456 kB
MemAvailable:    1575616 kB
Buffers:           24608 kB
Cached:           139968 kB
MemTotal:        1844596 kB
MemFree:         1540604 kB
MemAvailable:    1572764 kB
Buffers:           24608 kB
Cached:           139968 kB
MemTotal:        1844596 kB
MemFree:         1539488 kB
MemAvailable:    1571652 kB
Buffers:           24608 kB
Cached:           139972 kB
MemTotal:        1844596 kB
MemFree:         1539380 kB
MemAvailable:    1571544 kB
Buffers:           24608 kB
Cached:           139972 kB
MemTotal:        1844596 kB
MemFree:         1537992 kB
MemAvailable:    1570156 kB
Buffers:           24608 kB
Cached:           139972 kB
MemTotal:        1844596 kB
MemFree:         1538076 kB
MemAvailable:    1570240 kB
Buffers:           24608 kB
Cached:           139972 kB
MemTotal:        1844596 kB
MemFree:         1535768 kB
MemAvailable:    1567932 kB
Buffers:           24608 kB
Cached:           139972 kB
MemTotal:        1844596 kB
MemFree:         1534536 kB
MemAvailable:    1566700 kB
Buffers:           24608 kB
Cached:           139972 kB
MemTotal:        1844596 kB
MemFree:         1532116 kB
MemAvailable:    1564280 kB
Buffers:           24608 kB
Cached:           139972 kB
MemTotal:        1844596 kB
MemFree:         1528088 kB
MemAvailable:    1560252 kB
Buffers:           24608 kB
Cached:           139972 kB
MemTotal:        1844596 kB
MemFree:         1528080 kB
MemAvailable:    1560244 kB
Buffers:           24608 kB
Cached:           139972 kB
MemTotal:        1844596 kB
MemFree:         1526904 kB
MemAvailable:    1559068 kB
Buffers:           24608 kB
Cached:           139972 kB
MemTotal:        1844596 kB
MemFree:         1527212 kB
MemAvailable:    1559376 kB
Buffers:           24608 kB
Cached:           139972 kB
MemTotal:        1844596 kB
MemFree:         1528032 kB
MemAvailable:    1560196 kB
Buffers:           24608 kB
Cached:           139972 kB
MemTotal:        1844596 kB
MemFree:         1528368 kB
MemAvailable:    1560532 kB
Buffers:           24608 kB
Cached:           139972 kB
MemTotal:        1844596 kB
MemFree:         1526924 kB
MemAvailable:    1559088 kB
Buffers:           24608 kB
Cached:           139972 kB
MemTotal:        1844596 kB
MemFree:         1527576 kB
MemAvailable:    1559740 kB
Buffers:           24612 kB
Cached:           139968 kB
MemTotal:        1844596 kB
MemFree:         1527468 kB
MemAvailable:    1559632 kB
Buffers:           24612 kB
Cached:           139968 kB
MemTotal:        1844596 kB
MemFree:         1526352 kB
MemAvailable:    1558516 kB
Buffers:           24612 kB
Cached:           139968 kB
MemTotal:        1844596 kB
MemFree:         1524740 kB
MemAvailable:    1556904 kB
Buffers:           24612 kB
Cached:           139968 kB
MemTotal:        1844596 kB
MemFree:         1525964 kB
MemAvailable:    1558128 kB
Buffers:           24612 kB
Cached:           139968 kB
MemTotal:        1844596 kB
MemFree:         1525584 kB
MemAvailable:    1557748 kB
Buffers:           24612 kB
Cached:           139968 kB
MemTotal:        1844596 kB
MemFree:         1525584 kB
MemAvailable:    1557748 kB
Buffers:           24612 kB
Cached:           139968 kB
MemTotal:        1844596 kB
MemFree:         1525548 kB
MemAvailable:    1557712 kB
Buffers:           24612 kB
Cached:           139968 kB
MemTotal:        1844596 kB
MemFree:         1524168 kB
MemAvailable:    1556332 kB
Buffers:           24612 kB
Cached:           139968 kB
MemTotal:        1844596 kB
MemFree:         1525568 kB
MemAvailable:    1557732 kB
Buffers:           24612 kB
Cached:           139968 kB
MemTotal:        1844596 kB
MemFree:         1525652 kB
MemAvailable:    1557816 kB
Buffers:           24612 kB
Cached:           139968 kB
MemTotal:        1844596 kB
MemFree:         1525796 kB
MemAvailable:    1557960 kB
Buffers:           24612 kB
Cached:           139968 kB
MemTotal:        1844596 kB
MemFree:         1525732 kB
MemAvailable:    1557896 kB
Buffers:           24612 kB
Cached:           139968 kB
MemTotal:        1844596 kB
MemFree:         1525724 kB
MemAvailable:    1557888 kB
Buffers:           24612 kB
Cached:           139968 kB
MemTotal:        1844596 kB
MemFree:         1525360 kB
MemAvailable:    1557524 kB
Buffers:           24612 kB
Cached:           139968 kB
MemTotal:        1844596 kB
MemFree:         1524484 kB
MemAvailable:    1556648 kB
Buffers:           24612 kB
Cached:           139968 kB
MemTotal:        1844596 kB
MemFree:         1523560 kB
MemAvailable:    1555732 kB
Buffers:           24612 kB
Cached:           139976 kB
MemTotal:        1844596 kB
MemFree:         1523596 kB
MemAvailable:    1555768 kB
Buffers:           24612 kB
Cached:           139976 kB
MemTotal:        1844596 kB
MemFree:         1522268 kB
MemAvailable:    1554440 kB
Buffers:           24612 kB
Cached:           139976 kB
MemTotal:        1844596 kB
MemFree:         1522816 kB
MemAvailable:    1554988 kB
Buffers:           24612 kB
Cached:           139976 kB
MemTotal:        1844596 kB
MemFree:         1522360 kB
MemAvailable:    1554532 kB
Buffers:           24612 kB
Cached:           139976 kB
MemTotal:        1844596 kB
MemFree:         1522360 kB
MemAvailable:    1554532 kB
Buffers:           24612 kB
Cached:           139976 kB
MemTotal:        1844596 kB
MemFree:         1521500 kB
MemAvailable:    1553672 kB
Buffers:           24612 kB
Cached:           139976 kB
MemTotal:        1844596 kB
MemFree:         1521752 kB
MemAvailable:    1553924 kB
Buffers:           24612 kB
Cached:           139976 kB
MemTotal:        1844596 kB
MemFree:         1521320 kB
MemAvailable:    1553492 kB
Buffers:           24612 kB
Cached:           139976 kB
MemTotal:        1844596 kB
MemFree:         1521572 kB
MemAvailable:    1553744 kB
Buffers:           24612 kB
Cached:           139976 kB
MemTotal:        1844596 kB
MemFree:         1521356 kB
MemAvailable:    1553528 kB
Buffers:           24612 kB
Cached:           139976 kB
MemTotal:        1844596 kB
MemFree:         1521608 kB
MemAvailable:    1553780 kB
Buffers:           24612 kB
Cached:           139976 kB
MemTotal:        1844596 kB
MemFree:         1520116 kB
MemAvailable:    1552288 kB
Buffers:           24612 kB
Cached:           139976 kB
MemTotal:        1844596 kB
MemFree:         1520124 kB
MemAvailable:    1552296 kB
Buffers:           24612 kB
Cached:           139976 kB
MemTotal:        1844596 kB
MemFree:         1521252 kB
MemAvailable:    1553424 kB
Buffers:           24612 kB
Cached:           139976 kB
MemTotal:        1844596 kB
MemFree:         1520492 kB
MemAvailable:    1552664 kB
Buffers:           24612 kB
Cached:           139976 kB
MemTotal:        1844596 kB
MemFree:         1520492 kB
MemAvailable:    1552664 kB
Buffers:           24612 kB
Cached:           139976 kB
MemTotal:        1844596 kB
MemFree:         1519384 kB
MemAvailable:    1551556 kB
Buffers:           24612 kB
Cached:           139976 kB
MemTotal:        1844596 kB
MemFree:         1520624 kB
MemAvailable:    1552796 kB
Buffers:           24612 kB
Cached:           139976 kB
MemTotal:        1844596 kB
MemFree:         1520484 kB
MemAvailable:    1552656 kB
Buffers:           24612 kB
Cached:           139976 kB
MemTotal:        1844596 kB
MemFree:         1520400 kB
MemAvailable:    1552572 kB
Buffers:           24612 kB
Cached:           139976 kB
MemTotal:        1844596 kB
MemFree:         1520564 kB
MemAvailable:    1552736 kB
Buffers:           24612 kB
Cached:           139976 kB
MemTotal:        1844596 kB
MemFree:         1519388 kB
MemAvailable:    1551560 kB
Buffers:           24612 kB
Cached:           139976 kB
MemTotal:        1844596 kB
MemFree:         1520380 kB
MemAvailable:    1552552 kB
Buffers:           24612 kB
Cached:           139976 kB
MemTotal:        1844596 kB
MemFree:         1520440 kB
MemAvailable:    1552612 kB
Buffers:           24612 kB
Cached:           139976 kB
MemTotal:        1844596 kB
MemFree:         1519388 kB
MemAvailable:    1551560 kB
Buffers:           24612 kB
Cached:           139976 kB
MemTotal:        1844596 kB
MemFree:         1520276 kB
MemAvailable:    1552448 kB
Buffers:           24612 kB
Cached:           139976 kB
MemTotal:        1844596 kB
MemFree:         1519284 kB
MemAvailable:    1551456 kB
Buffers:           24612 kB
Cached:           139976 kB
MemTotal:        1844596 kB
MemFree:         1519700 kB
MemAvailable:    1551872 kB
Buffers:           24612 kB
Cached:           139976 kB
MemTotal:        1844596 kB
MemFree:         1519952 kB
MemAvailable:    1552124 kB
Buffers:           24612 kB
Cached:           139976 kB
MemTotal:        1844596 kB
MemFree:         1518468 kB
MemAvailable:    1550640 kB
Buffers:           24612 kB
Cached:           139976 kB
MemTotal:        1844596 kB
MemFree:         1518600 kB
MemAvailable:    1550772 kB
Buffers:           24612 kB
Cached:           139976 kB
MemTotal:        1844596 kB
MemFree:         1518344 kB
MemAvailable:    1550516 kB
Buffers:           24612 kB
Cached:           139976 kB
MemTotal:        1844596 kB
MemFree:         1519444 kB
MemAvailable:    1551616 kB
Buffers:           24612 kB
Cached:           139976 kB
MemTotal:        1844596 kB
MemFree:         1519532 kB
MemAvailable:    1551704 kB
Buffers:           24612 kB
Cached:           139976 kB
MemTotal:        1844596 kB
MemFree:         1519352 kB
MemAvailable:    1551524 kB
Buffers:           24612 kB
Cached:           139976 kB
MemTotal:        1844596 kB
MemFree:         1518228 kB
MemAvailable:    1550400 kB
Buffers:           24612 kB
Cached:           139976 kB
MemTotal:        1844596 kB
MemFree:         1519628 kB
MemAvailable:    1551800 kB
Buffers:           24612 kB
Cached:           139976 kB
MemTotal:        1844596 kB
MemFree:         1519572 kB
MemAvailable:    1551744 kB
Buffers:           24612 kB
Cached:           139976 kB
MemTotal:        1844596 kB
MemFree:         1519492 kB
MemAvailable:    1551664 kB
Buffers:           24612 kB
Cached:           139976 kB
MemTotal:        1844596 kB
MemFree:         1519160 kB
MemAvailable:    1551332 kB
Buffers:           24612 kB
Cached:           139976 kB
MemTotal:        1844596 kB
MemFree:         1519452 kB
MemAvailable:    1551624 kB
Buffers:           24612 kB
Cached:           139976 kB
MemTotal:        1844596 kB
MemFree:         1517484 kB
MemAvailable:    1549656 kB
Buffers:           24612 kB
Cached:           139976 kB
MemTotal:        1844596 kB
MemFree:         1515936 kB
MemAvailable:    1548108 kB
Buffers:           24612 kB
Cached:           139976 kB
MemTotal:        1844596 kB
MemFree:         1512464 kB
MemAvailable:    1544636 kB
Buffers:           24612 kB
Cached:           139976 kB
MemTotal:        1844596 kB
MemFree:         1511828 kB
MemAvailable:    1544004 kB
Buffers:           24612 kB
Cached:           139980 kB
MemTotal:        1844596 kB
MemFree:         1511844 kB
MemAvailable:    1544020 kB
Buffers:           24612 kB
Cached:           139980 kB
MemTotal:        1844596 kB
MemFree:         1510588 kB
MemAvailable:    1542764 kB
Buffers:           24612 kB
Cached:           139980 kB
MemTotal:        1844596 kB
MemFree:         1510588 kB
MemAvailable:    1542764 kB
Buffers:           24612 kB
Cached:           139980 kB
MemTotal:        1844596 kB
MemFree:         1510588 kB
MemAvailable:    1542764 kB
Buffers:           24612 kB
Cached:           139980 kB
MemTotal:        1844596 kB
MemFree:         1511624 kB
MemAvailable:    1543800 kB
Buffers:           24612 kB
Cached:           139980 kB
MemTotal:        1844596 kB
MemFree:         1510604 kB
MemAvailable:    1542780 kB
Buffers:           24612 kB
Cached:           139980 kB
MemTotal:        1844596 kB
MemFree:         1511508 kB
MemAvailable:    1543684 kB
Buffers:           24612 kB
Cached:           139980 kB
MemTotal:        1844596 kB
MemFree:         1511604 kB
MemAvailable:    1543780 kB
Buffers:           24612 kB
Cached:           139980 kB
MemTotal:        1844596 kB
MemFree:         1511548 kB
MemAvailable:    1543724 kB
Buffers:           24612 kB
Cached:           139980 kB
MemTotal:        1844596 kB
MemFree:         1511604 kB
MemAvailable:    1543780 kB
Buffers:           24612 kB
Cached:           139980 kB
MemTotal:        1844596 kB
MemFree:         1511640 kB
MemAvailable:    1543816 kB
Buffers:           24612 kB
Cached:           139980 kB
MemTotal:        1844596 kB
MemFree:         1510852 kB
MemAvailable:    1543028 kB
Buffers:           24612 kB
Cached:           139980 kB
MemTotal:        1844596 kB
MemFree:         1511456 kB
MemAvailable:    1543632 kB
Buffers:           24612 kB
Cached:           139980 kB
MemTotal:        1844596 kB
MemFree:         1511348 kB
MemAvailable:    1543524 kB
Buffers:           24612 kB
Cached:           139980 kB
MemTotal:        1844596 kB
MemFree:         1510292 kB
MemAvailable:    1542468 kB
Buffers:           24612 kB
Cached:           139980 kB
MemTotal:        1844596 kB
MemFree:         1510424 kB
MemAvailable:    1542600 kB
Buffers:           24612 kB
Cached:           139980 kB
MemTotal:        1844596 kB
MemFree:         1511524 kB
MemAvailable:    1543700 kB
Buffers:           24612 kB
Cached:           139980 kB
MemTotal:        1844596 kB
MemFree:         1509852 kB
MemAvailable:    1542028 kB
Buffers:           24612 kB
Cached:           139980 kB
MemTotal:        1844596 kB
MemFree:         1510588 kB
MemAvailable:    1542764 kB
Buffers:           24612 kB
Cached:           139980 kB
MemTotal:        1844596 kB
MemFree:         1510588 kB
MemAvailable:    1542764 kB
Buffers:           24612 kB
Cached:           139980 kB
MemTotal:        1844596 kB
MemFree:         1510092 kB
MemAvailable:    1542268 kB
Buffers:           24612 kB
Cached:           139980 kB
MemTotal:        1844596 kB
MemFree:         1508588 kB
MemAvailable:    1540764 kB
Buffers:           24612 kB
Cached:           139980 kB
MemTotal:        1844596 kB
MemFree:         1508464 kB
MemAvailable:    1540640 kB
Buffers:           24612 kB
Cached:           139980 kB
MemTotal:        1844596 kB
MemFree:         1508796 kB
MemAvailable:    1540972 kB
Buffers:           24612 kB
Cached:           139980 kB
MemTotal:        1844596 kB
MemFree:         1507496 kB
MemAvailable:    1539672 kB
Buffers:           24612 kB
Cached:           139980 kB
MemTotal:        1844596 kB
MemFree:         1507352 kB
MemAvailable:    1539528 kB
Buffers:           24612 kB
Cached:           139980 kB
MemTotal:        1844596 kB
MemFree:         1508232 kB
MemAvailable:    1540408 kB
Buffers:           24612 kB
Cached:           139980 kB
MemTotal:        1844596 kB
MemFree:         1507852 kB
MemAvailable:    1540028 kB
Buffers:           24612 kB
Cached:           139980 kB
MemTotal:        1844596 kB
MemFree:         1508188 kB
MemAvailable:    1540364 kB
Buffers:           24612 kB
Cached:           139980 kB
MemTotal:        1844596 kB
MemFree:         1507572 kB
MemAvailable:    1539748 kB
Buffers:           24612 kB
Cached:           139980 kB
MemTotal:        1844596 kB
MemFree:         1507628 kB
MemAvailable:    1539804 kB
Buffers:           24612 kB
Cached:           139980 kB
MemTotal:        1844596 kB
MemFree:         1506324 kB
MemAvailable:    1538500 kB
Buffers:           24612 kB
Cached:           139980 kB
MemTotal:        1844596 kB
MemFree:         1507600 kB
MemAvailable:    1539776 kB
Buffers:           24612 kB
Cached:           139980 kB
MemTotal:        1844596 kB
MemFree:         1507504 kB
MemAvailable:    1539680 kB
Buffers:           24612 kB
Cached:           139980 kB
MemTotal:        1844596 kB
MemFree:         1506488 kB
MemAvailable:    1538664 kB
Buffers:           24612 kB
Cached:           139980 kB
MemTotal:        1844596 kB
MemFree:         1507572 kB
MemAvailable:    1539748 kB
Buffers:           24612 kB
Cached:           139980 kB
MemTotal:        1844596 kB
MemFree:         1506372 kB
MemAvailable:    1538548 kB
Buffers:           24612 kB
Cached:           139980 kB
MemTotal:        1844596 kB
MemFree:         1507240 kB
MemAvailable:    1539416 kB
Buffers:           24612 kB
Cached:           139980 kB
MemTotal:        1844596 kB
MemFree:         1506884 kB
MemAvailable:    1539060 kB
Buffers:           24612 kB
Cached:           139980 kB
MemTotal:        1844596 kB
MemFree:         1506980 kB
MemAvailable:    1539156 kB
Buffers:           24612 kB
Cached:           139980 kB
MemTotal:        1844596 kB
MemFree:         1506884 kB
MemAvailable:    1539060 kB
Buffers:           24612 kB
Cached:           139980 kB
MemTotal:        1844596 kB
MemFree:         1500420 kB
MemAvailable:    1532596 kB
Buffers:           24612 kB
Cached:           139980 kB
MemTotal:        1844596 kB
MemFree:         1500188 kB
MemAvailable:    1532364 kB
Buffers:           24612 kB
Cached:           139980 kB
MemTotal:        1844596 kB
MemFree:         1499816 kB
MemAvailable:    1532076 kB
Buffers:           24612 kB
Cached:           140104 kB
MemTotal:        1844596 kB
MemFree:         1498528 kB
MemAvailable:    1530872 kB
Buffers:           24612 kB
Cached:           140228 kB
MemTotal:        1844596 kB
MemFree:         1498388 kB
MemAvailable:    1530816 kB
Buffers:           24612 kB
Cached:           140352 kB
MemTotal:        1844596 kB
MemFree:         1499696 kB
MemAvailable:    1532292 kB
Buffers:           24612 kB
Cached:           140476 kB
MemTotal:        1844596 kB
MemFree:         1499264 kB
MemAvailable:    1532028 kB
Buffers:           24612 kB
Cached:           140600 kB
MemTotal:        1844596 kB
MemFree:         1499520 kB
MemAvailable:    1532284 kB
Buffers:           24612 kB
Cached:           140600 kB
MemTotal:        1844596 kB
MemFree:         1499264 kB
MemAvailable:    1532028 kB
Buffers:           24612 kB
Cached:           140600 kB
MemTotal:        1844596 kB
MemFree:         1499068 kB
MemAvailable:    1531832 kB
Buffers:           24612 kB
Cached:           140600 kB
MemTotal:        1844596 kB
MemFree:         1497892 kB
MemAvailable:    1530656 kB
Buffers:           24612 kB
Cached:           140600 kB
MemTotal:        1844596 kB
MemFree:         1497884 kB
MemAvailable:    1530648 kB
Buffers:           24612 kB
Cached:           140600 kB
MemTotal:        1844596 kB
MemFree:         1498444 kB
MemAvailable:    1531208 kB
Buffers:           24612 kB
Cached:           140600 kB
MemTotal:        1844596 kB
MemFree:         1499236 kB
MemAvailable:    1532000 kB
Buffers:           24612 kB
Cached:           140600 kB
MemTotal:        1844596 kB
MemFree:         1499256 kB
MemAvailable:    1532020 kB
Buffers:           24612 kB
Cached:           140600 kB
MemTotal:        1844596 kB
MemFree:         1499636 kB
MemAvailable:    1531812 kB
Buffers:           24612 kB
Cached:           139968 kB
MemTotal:        1844596 kB
MemFree:         1499888 kB
MemAvailable:    1532064 kB
Buffers:           24612 kB
Cached:           139968 kB
MemTotal:        1844596 kB
MemFree:         1567256 kB
MemAvailable:    1599432 kB
Buffers:           24612 kB
Cached:           139968 kB
