MemTotal:        1844596 kB
MemFree:         1379472 kB
MemAvailable:    1562964 kB
Buffers:           44184 kB
Cached:           269224 kB
MemTotal:        1844596 kB
MemFree:         1376880 kB
MemAvailable:    1560372 kB
Buffers:           44184 kB
Cached:           269224 kB
MemTotal:        1844596 kB
MemFree:         1376772 kB
MemAvailable:    1560264 kB
Buffers:           44184 kB
Cached:           269224 kB
MemTotal:        1844596 kB
MemFree:         1373920 kB
MemAvailable:    1557412 kB
Buffers:           44184 kB
Cached:           269224 kB
MemTotal:        1844596 kB
MemFree:         1372432 kB
MemAvailable:    1555924 kB
Buffers:           44184 kB
Cached:           269224 kB
MemTotal:        1844596 kB
MemFree:         1372680 kB
MemAvailable:    1556172 kB
Buffers:           44184 kB
Cached:           269224 kB
MemTotal:        1844596 kB
MemFree:         1371672 kB
MemAvailable:    1555164 kB
Buffers:           44184 kB
Cached:           269224 kB
MemTotal:        1844596 kB
MemFree:         1370820 kB
MemAvailable:    1554312 kB
Buffers:           44184 kB
Cached:           269224 kB
MemTotal:        1844596 kB
MemFree:         1367944 kB
MemAvailable:    1551436 kB
Buffers:           44184 kB
Cached:           269224 kB
MemTotal:        1844596 kB
MemFree:         1367588 kB
MemAvailable:    1551080 kB
Buffers:           44184 kB
Cached:           269224 kB
MemTotal:        1844596 kB
MemFree:         1362448 kB
MemAvailable:    1545940 kB
Buffers:           44184 kB
Cached:           269224 kB
MemTotal:        1844596 kB
MemFree:         1363648 kB
MemAvailable:    1547140 kB
Buffers:           44184 kB
Cached:           269224 kB
MemTotal:        1844596 kB
MemFree:         1362884 kB
MemAvailable:    1546376 kB
Buffers:           44184 kB
Cached:           269224 kB
MemTotal:        1844596 kB
MemFree:         1363308 kB
MemAvailable:    1546800 kB
Buffers:           44184 kB
Cached:           269224 kB
MemTotal:        1844596 kB
MemFree:         1363560 kB
MemAvailable:    1547052 kB
Buffers:           44184 kB
Cached:           269224 kB
MemTotal:        1844596 kB
MemFree:         1363428 kB
MemAvailable:    1546920 kB
Buffers:           44184 kB
Cached:           269224 kB
MemTotal:        1844596 kB
MemFree:         1363504 kB
MemAvailable:    1546996 kB
Buffers:           44184 kB
Cached:           269224 kB
MemTotal:        1844596 kB
MemFree:         1361992 kB
MemAvailable:    1545484 kB
Buffers:           44184 kB
Cached:           269224 kB
MemTotal:        1844596 kB
MemFree:         1362740 kB
MemAvailable:    1546232 kB
Buffers:           44184 kB
Cached:           269224 kB
MemTotal:        1844596 kB
MemFree:         1360528 kB
MemAvailable:    1544020 kB
Buffers:           44184 kB
Cached:           269224 kB
MemTotal:        1844596 kB
MemFree:         1360032 kB
MemAvailable:    1543524 kB
Buffers:           44184 kB
Cached:           269224 kB
MemTotal:        1844596 kB
MemFree:         1359852 kB
MemAvailable:    1543344 kB
Buffers:           44184 kB
Cached:           269224 kB
MemTotal:        1844596 kB
MemFree:         1359896 kB
MemAvailable:    1543388 kB
Buffers:           44184 kB
Cached:           269224 kB
MemTotal:        1844596 kB
MemFree:         1361120 kB
MemAvailable:    1544612 kB
Buffers:           44184 kB
Cached:           269224 kB
MemTotal:        1844596 kB
MemFree:         1361172 kB
MemAvailable:    1544664 kB
Buffers:           44184 kB
Cached:           269224 kB
MemTotal:        1844596 kB
MemFree:         1360272 kB
MemAvailable:    1543764 kB
Buffers:           44184 kB
Cached:           269224 kB
MemTotal:        1844596 kB
MemFree:         1360960 kB
MemAvailable:    1544456 kB
Buffers:           44184 kB
Cached:           269228 kB
MemTotal:        1844596 kB
MemFree:         1361212 kB
MemAvailable:    1544708 kB
Buffers:           44184 kB
Cached:           269228 kB
MemTotal:        1844596 kB
MemFree:         1361084 kB
MemAvailable:    1544580 kB
Buffers:           44184 kB
Cached:           269228 kB
MemTotal:        1844596 kB
MemFree:         1361768 kB
MemAvailable:    1545264 kB
Buffers:           44184 kB
Cached:           269228 kB
MemTotal:        1844596 kB
MemFree:         1362796 kB
MemAvailable:    1546296 kB
Buffers:           44184 kB
Cached:           269232 kB
MemTotal:        1844596 kB
MemFree:         1361332 kB
MemAvailable:    1544832 kB
Buffers:           44184 kB
Cached:           269232 kB
MemTotal:        1844596 kB
MemFree:         1359536 kB
MemAvailable:    1543036 kB
Buffers:           44184 kB
Cached:           269232 kB
MemTotal:        1844596 kB
MemFree:         1358852 kB
MemAvailable:    1542352 kB
Buffers:           44184 kB
Cached:           269232 kB
MemTotal:        1844596 kB
MemFree:         1357428 kB
MemAvailable:    1540928 kB
Buffers:           44184 kB
Cached:           269232 kB
MemTotal:        1844596 kB
MemFree:         1357048 kB
MemAvailable:    1540548 kB
Buffers:           44184 kB
Cached:           269232 kB
MemTotal:        1844596 kB
MemFree:         1356800 kB
MemAvailable:    1540300 kB
Buffers:           44184 kB
Cached:           269232 kB
MemTotal:        1844596 kB
MemFree:         1357480 kB
MemAvailable:    1540980 kB
Buffers:           44184 kB
Cached:           269232 kB
MemTotal:        1844596 kB
MemFree:         1356992 kB
MemAvailable:    1540492 kB
Buffers:           44184 kB
Cached:           269232 kB
MemTotal:        1844596 kB
MemFree:         1356916 kB
MemAvailable:    1540416 kB
Buffers:           44184 kB
Cached:           269232 kB
MemTotal:        1844596 kB
MemFree:         1356916 kB
MemAvailable:    1540416 kB
Buffers:           44184 kB
Cached:           269232 kB
MemTotal:        1844596 kB
MemFree:         1355668 kB
MemAvailable:    1539168 kB
Buffers:           44184 kB
Cached:           269232 kB
MemTotal:        1844596 kB
MemFree:         1356852 kB
MemAvailable:    1540352 kB
Buffers:           44184 kB
Cached:           269232 kB
MemTotal:        1844596 kB
MemFree:         1355412 kB
MemAvailable:    1538912 kB
Buffers:           44184 kB
Cached:           269232 kB
MemTotal:        1844596 kB
MemFree:         1355544 kB
MemAvailable:    1539044 kB
Buffers:           44184 kB
Cached:           269232 kB
MemTotal:        1844596 kB
MemFree:         1356972 kB
MemAvailable:    1540472 kB
Buffers:           44184 kB
Cached:           269232 kB
MemTotal:        1844596 kB
MemFree:         1356188 kB
MemAvailable:    1539688 kB
Buffers:           44184 kB
Cached:           269232 kB
MemTotal:        1844596 kB
MemFree:         1354824 kB
MemAvailable:    1538324 kB
Buffers:           44184 kB
Cached:           269232 kB
MemTotal:        1844596 kB
MemFree:         1354684 kB
MemAvailable:    1538184 kB
Buffers:           44184 kB
Cached:           269232 kB
MemTotal:        1844596 kB
MemFree:         1354692 kB
MemAvailable:    1538192 kB
Buffers:           44184 kB
Cached:           269232 kB
MemTotal:        1844596 kB
MemFree:         1354688 kB
MemAvailable:    1538188 kB
Buffers:           44184 kB
Cached:           269232 kB
MemTotal:        1844596 kB
MemFree:         1355780 kB
MemAvailable:    1539280 kB
Buffers:           44184 kB
Cached:           269232 kB
MemTotal:        1844596 kB
MemFree:         1355780 kB
MemAvailable:    1539280 kB
Buffers:           44184 kB
Cached:           269232 kB
MemTotal:        1844596 kB
MemFree:         1355980 kB
MemAvailable:    1539480 kB
Buffers:           44184 kB
Cached:           269232 kB
MemTotal:        1844596 kB
MemFree:         1355872 kB
MemAvailable:    1539372 kB
Buffers:           44184 kB
Cached:           269232 kB
MemTotal:        1844596 kB
MemFree:         1355568 kB
MemAvailable:    1539068 kB
Buffers:           44184 kB
Cached:           269232 kB
MemTotal:        1844596 kB
MemFree:         1355864 kB
MemAvailable:    1539364 kB
Buffers:           44184 kB
Cached:           269232 kB
MemTotal:        1844596 kB
MemFree:         1356116 kB
MemAvailable:    1539616 kB
Buffers:           44184 kB
Cached:           269232 kB
MemTotal:        1844596 kB
MemFree:         1354940 kB
MemAvailable:    1538440 kB
Buffers:           44184 kB
Cached:           269232 kB
MemTotal:        1844596 kB
MemFree:         1354436 kB
MemAvailable:    1537936 kB
Buffers:           44184 kB
Cached:           269232 kB
MemTotal:        1844596 kB
MemFree:         1354956 kB
MemAvailable:    1538456 kB
Buffers:           44184 kB
Cached:           269232 kB
MemTotal:        1844596 kB
MemFree:         1355288 kB
MemAvailable:    1538788 kB
Buffers:           44184 kB
Cached:           269232 kB
MemTotal:        1844596 kB
MemFree:         1355436 kB
MemAvailable:    1538936 kB
Buffers:           44184 kB
Cached:           269232 kB
MemTotal:        1844596 kB
MemFree:         1355240 kB
MemAvailable:    1538740 kB
Buffers:           44184 kB
Cached:           269232 kB
MemTotal:        1844596 kB
MemFree:         1353808 kB
MemAvailable:    1537308 kB
Buffers:           44184 kB
Cached:           269232 kB
MemTotal:        1844596 kB
MemFree:         1355108 kB
MemAvailable:    1538608 kB
Buffers:           44184 kB
Cached:           269232 kB
MemTotal:        1844596 kB
MemFree:         1353932 kB
MemAvailable:    1537432 kB
Buffers:           44184 kB
Cached:           269232 kB
MemTotal:        1844596 kB
MemFree:         1355156 kB
MemAvailable:    1538656 kB
Buffers:           44184 kB
Cached:           269232 kB
MemTotal:        1844596 kB
MemFree:         1354860 kB
MemAvailable:    1538360 kB
Buffers:           44184 kB
Cached:           269232 kB
MemTotal:        1844596 kB
MemFree:         1354824 kB
MemAvailable:    1538324 kB
Buffers:           44184 kB
Cached:           269232 kB
MemTotal:        1844596 kB
MemFree:         1353812 kB
MemAvailable:    1537312 kB
Buffers:           44184 kB
Cached:           269232 kB
MemTotal:        1844596 kB
MemFree:         1355136 kB
MemAvailable:    1538636 kB
Buffers:           44184 kB
Cached:           269232 kB
MemTotal:        1844596 kB
MemFree:         1353832 kB
MemAvailable:    1537332 kB
Buffers:           44184 kB
Cached:           269232 kB
MemTotal:        1844596 kB
MemFree:         1353576 kB
MemAvailable:    1537076 kB
Buffers:           44184 kB
Cached:           269232 kB
MemTotal:        1844596 kB
MemFree:         1353780 kB
MemAvailable:    1537280 kB
Buffers:           44184 kB
Cached:           269232 kB
MemTotal:        1844596 kB
MemFree:         1350484 kB
MemAvailable:    1533984 kB
Buffers:           44184 kB
Cached:           269232 kB
MemTotal:        1844596 kB
MemFree:         1348500 kB
MemAvailable:    1532000 kB
Buffers:           44184 kB
Cached:           269232 kB
MemTotal:        1844596 kB
MemFree:         1347508 kB
MemAvailable:    1531012 kB
Buffers:           44184 kB
Cached:           269236 kB
MemTotal:        1844596 kB
MemFree:         1346384 kB
MemAvailable:    1529888 kB
Buffers:           44184 kB
Cached:           269236 kB
MemTotal:        1844596 kB
MemFree:         1347216 kB
MemAvailable:    1530720 kB
Buffers:           44184 kB
Cached:           269236 kB
MemTotal:        1844596 kB
MemFree:         1347364 kB
MemAvailable:    1530868 kB
Buffers:           44184 kB
Cached:           269236 kB
MemTotal:        1844596 kB
MemFree:         1347168 kB
MemAvailable:    1530672 kB
Buffers:           44184 kB
Cached:           269236 kB
MemTotal:        1844596 kB
MemFree:         1347092 kB
MemAvailable:    1530596 kB
Buffers:           44184 kB
Cached:           269236 kB
MemTotal:        1844596 kB
MemFree:         1347092 kB
MemAvailable:    1530596 kB
Buffers:           44184 kB
Cached:           269236 kB
MemTotal:        1844596 kB
MemFree:         1346984 kB
MemAvailable:    1530488 kB
Buffers:           44184 kB
Cached:           269236 kB
MemTotal:        1844596 kB
MemFree:         1347124 kB
MemAvailable:    1530628 kB
Buffers:           44184 kB
Cached:           269236 kB
MemTotal:        1844596 kB
MemFree:         1346948 kB
MemAvailable:    1530452 kB
Buffers:           44184 kB
Cached:           269236 kB
MemTotal:        1844596 kB
MemFree:         1345764 kB
MemAvailable:    1529268 kB
Buffers:           44184 kB
Cached:           269236 kB
MemTotal:        1844596 kB
MemFree:         1345764 kB
MemAvailable:    1529268 kB
Buffers:           44184 kB
Cached:           269236 kB
MemTotal:        1844596 kB
MemFree:         1347160 kB
MemAvailable:    1530664 kB
Buffers:           44184 kB
Cached:           269236 kB
MemTotal:        1844596 kB
MemFree:         1345600 kB
MemAvailable:    1529104 kB
Buffers:           44184 kB
Cached:           269236 kB
MemTotal:        1844596 kB
MemFree:         1347136 kB
MemAvailable:    1530640 kB
Buffers:           44184 kB
Cached:           269236 kB
MemTotal:        1844596 kB
MemFree:         1347096 kB
MemAvailable:    1530600 kB
Buffers:           44184 kB
Cached:           269236 kB
MemTotal:        1844596 kB
MemFree:         1346452 kB
MemAvailable:    1529956 kB
Buffers:           44184 kB
Cached:           269236 kB
MemTotal:        1844596 kB
MemFree:         1346080 kB
MemAvailable:    1529584 kB
Buffers:           44184 kB
Cached:           269236 kB
MemTotal:        1844596 kB
MemFree:         1344780 kB
MemAvailable:    1528284 kB
Buffers:           44184 kB
Cached:           269236 kB
MemTotal:        1844596 kB
MemFree:         1345452 kB
MemAvailable:    1528956 kB
Buffers:           44184 kB
Cached:           269236 kB
MemTotal:        1844596 kB
MemFree:         1345652 kB
MemAvailable:    1529156 kB
Buffers:           44184 kB
Cached:           269236 kB
MemTotal:        1844596 kB
MemFree:         1345188 kB
MemAvailable:    1528692 kB
Buffers:           44184 kB
Cached:           269236 kB
MemTotal:        1844596 kB
MemFree:         1345356 kB
MemAvailable:    1528772 kB
Buffers:           44184 kB
Cached:           269236 kB
MemTotal:        1844596 kB
MemFree:         1343532 kB
MemAvailable:    1527036 kB
Buffers:           44184 kB
Cached:           269236 kB
MemTotal:        1844596 kB
MemFree:         1344260 kB
MemAvailable:    1527764 kB
Buffers:           44184 kB
Cached:           269236 kB
MemTotal:        1844596 kB
MemFree:         1344260 kB
MemAvailable:    1527764 kB
Buffers:           44184 kB
Cached:           269236 kB
MemTotal:        1844596 kB
MemFree:         1342548 kB
MemAvailable:    1526052 kB
Buffers:           44184 kB
Cached:           269236 kB
MemTotal:        1844596 kB
MemFree:         1342424 kB
MemAvailable:    1525928 kB
Buffers:           44184 kB
Cached:           269236 kB
MemTotal:        1844596 kB
MemFree:         1343384 kB
MemAvailable:    1526888 kB
Buffers:           44184 kB
Cached:           269236 kB
MemTotal:        1844596 kB
MemFree:         1343532 kB
MemAvailable:    1527036 kB
Buffers:           44184 kB
Cached:           269236 kB
MemTotal:        1844596 kB
MemFree:         1343120 kB
MemAvailable:    1526624 kB
Buffers:           44184 kB
Cached:           269236 kB
MemTotal:        1844596 kB
MemFree:         1342400 kB
MemAvailable:    1525904 kB
Buffers:           44184 kB
Cached:           269236 kB
MemTotal:        1844596 kB
MemFree:         1343064 kB
MemAvailable:    1526572 kB
Buffers:           44184 kB
Cached:           269240 kB
MemTotal:        1844596 kB
MemFree:         1341632 kB
MemAvailable:    1525140 kB
Buffers:           44184 kB
Cached:           269240 kB
MemTotal:        1844596 kB
MemFree:         1343020 kB
MemAvailable:    1526528 kB
Buffers:           44184 kB
Cached:           269240 kB
MemTotal:        1844596 kB
MemFree:         1343020 kB
MemAvailable:    1526528 kB
Buffers:           44184 kB
Cached:           269240 kB
MemTotal:        1844596 kB
MemFree:         1343040 kB
MemAvailable:    1526548 kB
Buffers:           44184 kB
Cached:           269240 kB
MemTotal:        1844596 kB
MemFree:         1341984 kB
MemAvailable:    1525492 kB
Buffers:           44184 kB
Cached:           269240 kB
MemTotal:        1844596 kB
MemFree:         1343044 kB
MemAvailable:    1526552 kB
Buffers:           44184 kB
Cached:           269240 kB
MemTotal:        1844596 kB
MemFree:         1341540 kB
MemAvailable:    1525048 kB
Buffers:           44184 kB
Cached:           269240 kB
MemTotal:        1844596 kB
MemFree:         1342732 kB
MemAvailable:    1526240 kB
Buffers:           44184 kB
Cached:           269240 kB
MemTotal:        1844596 kB
MemFree:         1341432 kB
MemAvailable:    1524940 kB
Buffers:           44184 kB
Cached:           269240 kB
MemTotal:        1844596 kB
MemFree:         1334720 kB
MemAvailable:    1518228 kB
Buffers:           44184 kB
Cached:           269240 kB
MemTotal:        1844596 kB
MemFree:         1334972 kB
MemAvailable:    1518480 kB
Buffers:           44184 kB
Cached:           269240 kB
MemTotal:        1844596 kB
MemFree:         1333372 kB
MemAvailable:    1516964 kB
Buffers:           44184 kB
Cached:           269364 kB
MemTotal:        1844596 kB
MemFree:         1334356 kB
MemAvailable:    1518116 kB
Buffers:           44184 kB
Cached:           269488 kB
MemTotal:        1844596 kB
MemFree:         1333124 kB
MemAvailable:    1516968 kB
Buffers:           44184 kB
Cached:           269612 kB
MemTotal:        1844596 kB
MemFree:         1334088 kB
MemAvailable:    1518100 kB
Buffers:           44184 kB
Cached:           269736 kB
MemTotal:        1844596 kB
MemFree:         1334088 kB
MemAvailable:    1518100 kB
Buffers:           44184 kB
Cached:           269736 kB
MemTotal:        1844596 kB
MemFree:         1333912 kB
MemAvailable:    1518008 kB
Buffers:           44184 kB
Cached:           269736 kB
MemTotal:        1844596 kB
MemFree:         1334032 kB
MemAvailable:    1518128 kB
Buffers:           44184 kB
Cached:           269736 kB
MemTotal:        1844596 kB
MemFree:         1332684 kB
MemAvailable:    1516780 kB
Buffers:           44184 kB
Cached:           269860 kB
MemTotal:        1844596 kB
MemFree:         1332684 kB
MemAvailable:    1516780 kB
Buffers:           44184 kB
Cached:           269860 kB
MemTotal:        1844596 kB
MemFree:         1334028 kB
MemAvailable:    1518124 kB
Buffers:           44184 kB
Cached:           269860 kB
MemTotal:        1844596 kB
MemFree:         1332428 kB
MemAvailable:    1516524 kB
Buffers:           44184 kB
Cached:           269860 kB
MemTotal:        1844596 kB
MemFree:         1332552 kB
MemAvailable:    1516648 kB
Buffers:           44184 kB
Cached:           269860 kB
MemTotal:        1844596 kB
MemFree:         1332552 kB
MemAvailable:    1516648 kB
Buffers:           44184 kB
Cached:           269860 kB
MemTotal:        1844596 kB
MemFree:         1332676 kB
MemAvailable:    1516856 kB
Buffers:           44184 kB
Cached:           269860 kB
MemTotal:        1844596 kB
MemFree:         1401992 kB
MemAvailable:    1585500 kB
Buffers:           44184 kB
Cached:           269228 kB
MemTotal:        1844596 kB
MemFree:         1403780 kB
MemAvailable:    1587288 kB
Buffers:           44184 kB
Cached:           269228 kB
