MemTotal:        1844596 kB
MemFree:         1355940 kB
MemAvailable:    1557984 kB
Buffers:           46320 kB
Cached:           283980 kB
MemTotal:        1844596 kB
MemFree:         1353940 kB
MemAvailable:    1555984 kB
Buffers:           46320 kB
Cached:           283980 kB
MemTotal:        1844596 kB
MemFree:         1353320 kB
MemAvailable:    1555364 kB
Buffers:           46320 kB
Cached:           283980 kB
MemTotal:        1844596 kB
MemFree:         1353320 kB
MemAvailable:    1555364 kB
Buffers:           46320 kB
Cached:           283980 kB
MemTotal:        1844596 kB
MemFree:         1353572 kB
MemAvailable:    1555616 kB
Buffers:           46320 kB
Cached:           283980 kB
MemTotal:        1844596 kB
MemFree:         1351948 kB
MemAvailable:    1553992 kB
Buffers:           46320 kB
Cached:           283980 kB
MemTotal:        1844596 kB
MemFree:         1352160 kB
MemAvailable:    1554204 kB
Buffers:           46320 kB
Cached:           283980 kB
MemTotal:        1844596 kB
MemFree:         1347368 kB
MemAvailable:    1549412 kB
Buffers:           46320 kB
Cached:           283980 kB
MemTotal:        1844596 kB
MemFree:         1347452 kB
MemAvailable:    1549496 kB
Buffers:           46320 kB
Cached:           283980 kB
MemTotal:        1844596 kB
MemFree:         1342400 kB
MemAvailable:    1544444 kB
Buffers:           46320 kB
Cached:           283980 kB
MemTotal:        1844596 kB
MemFree:         1342400 kB
MemAvailable:    1544444 kB
Buffers:           46320 kB
Cached:           283980 kB
MemTotal:        1844596 kB
MemFree:         1343476 kB
MemAvailable:    1545520 kB
Buffers:           46320 kB
Cached:           283980 kB
MemTotal:        1844596 kB
MemFree:         1343540 kB
MemAvailable:    1545584 kB
Buffers:           46320 kB
Cached:           283980 kB
MemTotal:        1844596 kB
MemFree:         1342920 kB
MemAvailable:    1544964 kB
Buffers:           46320 kB
Cached:           283980 kB
MemTotal:        1844596 kB
MemFree:         1343540 kB
MemAvailable:    1545584 kB
Buffers:           46320 kB
Cached:           283980 kB
MemTotal:        1844596 kB
MemFree:         1343208 kB
MemAvailable:    1545252 kB
Buffers:           46320 kB
Cached:           283980 kB
MemTotal:        1844596 kB
MemFree:         1342736 kB
MemAvailable:    1544780 kB
Buffers:           46320 kB
Cached:           283980 kB
MemTotal:        1844596 kB
MemFree:         1342980 kB
MemAvailable:    1545024 kB
Buffers:           46320 kB
Cached:           283980 kB
MemTotal:        1844596 kB
MemFree:         1341912 kB
MemAvailable:    1543956 kB
Buffers:           46320 kB
Cached:           283980 kB
MemTotal:        1844596 kB
MemFree:         1341912 kB
MemAvailable:    1543956 kB
Buffers:           46320 kB
Cached:           283980 kB
MemTotal:        1844596 kB
MemFree:         1341176 kB
MemAvailable:    1543220 kB
Buffers:           46320 kB
Cached:           283980 kB
MemTotal:        1844596 kB
MemFree:         1339672 kB
MemAvailable:    1541716 kB
Buffers:           46320 kB
Cached:           283980 kB
MemTotal:        1844596 kB
MemFree:         1339804 kB
MemAvailable:    1541848 kB
Buffers:           46320 kB
Cached:           283980 kB
MemTotal:        1844596 kB
MemFree:         1340264 kB
MemAvailable:    1542308 kB
Buffers:           46320 kB
Cached:           283980 kB
MemTotal:        1844596 kB
MemFree:         1341184 kB
MemAvailable:    1543232 kB
Buffers:           46320 kB
Cached:           283984 kB
MemTotal:        1844596 kB
MemFree:         1339812 kB
MemAvailable:    1541860 kB
Buffers:           46320 kB
Cached:           283984 kB
MemTotal:        1844596 kB
MemFree:         1341040 kB
MemAvailable:    1543088 kB
Buffers:           46320 kB
Cached:           283984 kB
MemTotal:        1844596 kB
MemFree:         1339752 kB
MemAvailable:    1541800 kB
Buffers:           46320 kB
Cached:           283984 kB
MemTotal:        1844596 kB
MemFree:         1340992 kB
MemAvailable:    1543040 kB
Buffers:           46320 kB
Cached:           283984 kB
MemTotal:        1844596 kB
MemFree:         1341220 kB
MemAvailable:    1543268 kB
Buffers:           46320 kB
Cached:           283984 kB
MemTotal:        1844596 kB
MemFree:         1342000 kB
MemAvailable:    1544048 kB
Buffers:           46320 kB
Cached:           283984 kB
MemTotal:        1844596 kB
MemFree:         1342664 kB
MemAvailable:    1544716 kB
Buffers:           46320 kB
Cached:           283988 kB
MemTotal:        1844596 kB
MemFree:         1341740 kB
MemAvailable:    1543792 kB
Buffers:           46320 kB
Cached:           283988 kB
MemTotal:        1844596 kB
MemFree:         1340192 kB
MemAvailable:    1542244 kB
Buffers:           46320 kB
Cached:           283988 kB
MemTotal:        1844596 kB
MemFree:         1339260 kB
MemAvailable:    1541312 kB
Buffers:           46320 kB
Cached:           283988 kB
MemTotal:        1844596 kB
MemFree:         1338556 kB
MemAvailable:    1540608 kB
Buffers:           46320 kB
Cached:           283988 kB
MemTotal:        1844596 kB
MemFree:         1338556 kB
MemAvailable:    1540608 kB
Buffers:           46320 kB
Cached:           283988 kB
MemTotal:        1844596 kB
MemFree:         1337820 kB
MemAvailable:    1539872 kB
Buffers:           46320 kB
Cached:           283988 kB
MemTotal:        1844596 kB
MemFree:         1337820 kB
MemAvailable:    1539872 kB
Buffers:           46320 kB
Cached:           283988 kB
MemTotal:        1844596 kB
MemFree:         1337092 kB
MemAvailable:    1539144 kB
Buffers:           46320 kB
Cached:           283988 kB
MemTotal:        1844596 kB
MemFree:         1335588 kB
MemAvailable:    1537640 kB
Buffers:           46320 kB
Cached:           283988 kB
MemTotal:        1844596 kB
MemFree:         1336808 kB
MemAvailable:    1538860 kB
Buffers:           46320 kB
Cached:           283988 kB
MemTotal:        1844596 kB
MemFree:         1336588 kB
MemAvailable:    1538640 kB
Buffers:           46320 kB
Cached:           283988 kB
MemTotal:        1844596 kB
MemFree:         1335532 kB
MemAvailable:    1537584 kB
Buffers:           46320 kB
Cached:           283988 kB
MemTotal:        1844596 kB
MemFree:         1336840 kB
MemAvailable:    1538892 kB
Buffers:           46320 kB
Cached:           283988 kB
MemTotal:        1844596 kB
MemFree:         1335976 kB
MemAvailable:    1538028 kB
Buffers:           46320 kB
Cached:           283988 kB
MemTotal:        1844596 kB
MemFree:         1336772 kB
MemAvailable:    1538824 kB
Buffers:           46320 kB
Cached:           283988 kB
MemTotal:        1844596 kB
MemFree:         1335036 kB
MemAvailable:    1537088 kB
Buffers:           46320 kB
Cached:           283988 kB
MemTotal:        1844596 kB
MemFree:         1335416 kB
MemAvailable:    1537468 kB
Buffers:           46320 kB
Cached:           283988 kB
MemTotal:        1844596 kB
MemFree:         1336348 kB
MemAvailable:    1538400 kB
Buffers:           46320 kB
Cached:           283988 kB
MemTotal:        1844596 kB
MemFree:         1335108 kB
MemAvailable:    1537160 kB
Buffers:           46320 kB
Cached:           283988 kB
MemTotal:        1844596 kB
MemFree:         1335860 kB
MemAvailable:    1537912 kB
Buffers:           46320 kB
Cached:           283988 kB
MemTotal:        1844596 kB
MemFree:         1334552 kB
MemAvailable:    1536604 kB
Buffers:           46320 kB
Cached:           283988 kB
MemTotal:        1844596 kB
MemFree:         1335852 kB
MemAvailable:    1537904 kB
Buffers:           46320 kB
Cached:           283988 kB
MemTotal:        1844596 kB
MemFree:         1335896 kB
MemAvailable:    1537948 kB
Buffers:           46320 kB
Cached:           283988 kB
MemTotal:        1844596 kB
MemFree:         1335896 kB
MemAvailable:    1537948 kB
Buffers:           46320 kB
Cached:           283988 kB
MemTotal:        1844596 kB
MemFree:         1335636 kB
MemAvailable:    1537688 kB
Buffers:           46320 kB
Cached:           283988 kB
MemTotal:        1844596 kB
MemFree:         1335888 kB
MemAvailable:    1537940 kB
Buffers:           46320 kB
Cached:           283988 kB
MemTotal:        1844596 kB
MemFree:         1334572 kB
MemAvailable:    1536624 kB
Buffers:           46320 kB
Cached:           283988 kB
MemTotal:        1844596 kB
MemFree:         1334820 kB
MemAvailable:    1536872 kB
Buffers:           46320 kB
Cached:           283988 kB
MemTotal:        1844596 kB
MemFree:         1335872 kB
MemAvailable:    1537924 kB
Buffers:           46320 kB
Cached:           283988 kB
MemTotal:        1844596 kB
MemFree:         1335108 kB
MemAvailable:    1537160 kB
Buffers:           46320 kB
Cached:           283988 kB
MemTotal:        1844596 kB
MemFree:         1335328 kB
MemAvailable:    1537380 kB
Buffers:           46320 kB
Cached:           283988 kB
MemTotal:        1844596 kB
MemFree:         1334860 kB
MemAvailable:    1536912 kB
Buffers:           46320 kB
Cached:           283988 kB
MemTotal:        1844596 kB
MemFree:         1335164 kB
MemAvailable:    1537216 kB
Buffers:           46320 kB
Cached:           283988 kB
MemTotal:        1844596 kB
MemFree:         1335500 kB
MemAvailable:    1537552 kB
Buffers:           46320 kB
Cached:           283988 kB
MemTotal:        1844596 kB
MemFree:         1335172 kB
MemAvailable:    1537224 kB
Buffers:           46320 kB
Cached:           283988 kB
MemTotal:        1844596 kB
MemFree:         1334976 kB
MemAvailable:    1537028 kB
Buffers:           46320 kB
Cached:           283988 kB
MemTotal:        1844596 kB
MemFree:         1333668 kB
MemAvailable:    1535720 kB
Buffers:           46320 kB
Cached:           283988 kB
MemTotal:        1844596 kB
MemFree:         1334968 kB
MemAvailable:    1537020 kB
Buffers:           46320 kB
Cached:           283988 kB
MemTotal:        1844596 kB
MemFree:         1334920 kB
MemAvailable:    1536972 kB
Buffers:           46320 kB
Cached:           283988 kB
MemTotal:        1844596 kB
MemFree:         1334920 kB
MemAvailable:    1536972 kB
Buffers:           46320 kB
Cached:           283988 kB
MemTotal:        1844596 kB
MemFree:         1334836 kB
MemAvailable:    1536888 kB
Buffers:           46320 kB
Cached:           283988 kB
MemTotal:        1844596 kB
MemFree:         1334920 kB
MemAvailable:    1536972 kB
Buffers:           46320 kB
Cached:           283988 kB
MemTotal:        1844596 kB
MemFree:         1333736 kB
MemAvailable:    1535788 kB
Buffers:           46320 kB
Cached:           283988 kB
MemTotal:        1844596 kB
MemFree:         1333720 kB
MemAvailable:    1535772 kB
Buffers:           46320 kB
Cached:           283988 kB
MemTotal:        1844596 kB
MemFree:         1333220 kB
MemAvailable:    1535272 kB
Buffers:           46320 kB
Cached:           283988 kB
MemTotal:        1844596 kB
MemFree:         1332116 kB
MemAvailable:    1534168 kB
Buffers:           46320 kB
Cached:           283988 kB
MemTotal:        1844596 kB
MemFree:         1332116 kB
MemAvailable:    1534168 kB
Buffers:           46320 kB
Cached:           283988 kB
MemTotal:        1844596 kB
MemFree:         1329768 kB
MemAvailable:    1531820 kB
Buffers:           46320 kB
Cached:           283988 kB
MemTotal:        1844596 kB
MemFree:         1326420 kB
MemAvailable:    1528472 kB
Buffers:           46320 kB
Cached:           283988 kB
MemTotal:        1844596 kB
MemFree:         1327148 kB
MemAvailable:    1529200 kB
Buffers:           46320 kB
Cached:           283988 kB
MemTotal:        1844596 kB
MemFree:         1327232 kB
MemAvailable:    1529284 kB
Buffers:           46320 kB
Cached:           283988 kB
MemTotal:        1844596 kB
MemFree:         1327180 kB
MemAvailable:    1529232 kB
Buffers:           46320 kB
Cached:           283988 kB
MemTotal:        1844596 kB
MemFree:         1327092 kB
MemAvailable:    1529144 kB
Buffers:           46320 kB
Cached:           283988 kB
MemTotal:        1844596 kB
MemFree:         1327260 kB
MemAvailable:    1529312 kB
Buffers:           46320 kB
Cached:           283988 kB
MemTotal:        1844596 kB
MemFree:         1327008 kB
MemAvailable:    1529060 kB
Buffers:           46320 kB
Cached:           283988 kB
MemTotal:        1844596 kB
MemFree:         1327092 kB
MemAvailable:    1529144 kB
Buffers:           46320 kB
Cached:           283988 kB
MemTotal:        1844596 kB
MemFree:         1326908 kB
MemAvailable:    1528960 kB
Buffers:           46320 kB
Cached:           283988 kB
MemTotal:        1844596 kB
MemFree:         1326596 kB
MemAvailable:    1528648 kB
Buffers:           46320 kB
Cached:           283988 kB
MemTotal:        1844596 kB
MemFree:         1326056 kB
MemAvailable:    1528108 kB
Buffers:           46320 kB
Cached:           283988 kB
MemTotal:        1844596 kB
MemFree:         1326984 kB
MemAvailable:    1529036 kB
Buffers:           46320 kB
Cached:           283988 kB
MemTotal:        1844596 kB
MemFree:         1326304 kB
MemAvailable:    1528356 kB
Buffers:           46320 kB
Cached:           283988 kB
MemTotal:        1844596 kB
MemFree:         1325800 kB
MemAvailable:    1527852 kB
Buffers:           46320 kB
Cached:           283988 kB
MemTotal:        1844596 kB
MemFree:         1325760 kB
MemAvailable:    1527812 kB
Buffers:           46320 kB
Cached:           283988 kB
MemTotal:        1844596 kB
MemFree:         1327232 kB
MemAvailable:    1529284 kB
Buffers:           46320 kB
Cached:           283988 kB
MemTotal:        1844596 kB
MemFree:         1326924 kB
MemAvailable:    1528976 kB
Buffers:           46320 kB
Cached:           283988 kB
MemTotal:        1844596 kB
MemFree:         1326528 kB
MemAvailable:    1528580 kB
Buffers:           46320 kB
Cached:           283988 kB
MemTotal:        1844596 kB
MemFree:         1326528 kB
MemAvailable:    1528580 kB
Buffers:           46320 kB
Cached:           283988 kB
MemTotal:        1844596 kB
MemFree:         1325916 kB
MemAvailable:    1527968 kB
Buffers:           46320 kB
Cached:           283988 kB
MemTotal:        1844596 kB
MemFree:         1326252 kB
MemAvailable:    1528304 kB
Buffers:           46320 kB
Cached:           283988 kB
MemTotal:        1844596 kB
MemFree:         1325536 kB
MemAvailable:    1527588 kB
Buffers:           46320 kB
Cached:           283988 kB
MemTotal:        1844596 kB
MemFree:         1325436 kB
MemAvailable:    1527488 kB
Buffers:           46320 kB
Cached:           283988 kB
MemTotal:        1844596 kB
MemFree:         1325316 kB
MemAvailable:    1527368 kB
Buffers:           46320 kB
Cached:           283988 kB
MemTotal:        1844596 kB
MemFree:         1324180 kB
MemAvailable:    1526232 kB
Buffers:           46320 kB
Cached:           283988 kB
MemTotal:        1844596 kB
MemFree:         1324180 kB
MemAvailable:    1526232 kB
Buffers:           46320 kB
Cached:           283988 kB
MemTotal:        1844596 kB
MemFree:         1323024 kB
MemAvailable:    1525076 kB
Buffers:           46320 kB
Cached:           283988 kB
MemTotal:        1844596 kB
MemFree:         1323028 kB
MemAvailable:    1525080 kB
Buffers:           46320 kB
Cached:           283988 kB
MemTotal:        1844596 kB
MemFree:         1322832 kB
MemAvailable:    1524884 kB
Buffers:           46320 kB
Cached:           283988 kB
MemTotal:        1844596 kB
MemFree:         1323884 kB
MemAvailable:    1525936 kB
Buffers:           46320 kB
Cached:           283988 kB
MemTotal:        1844596 kB
MemFree:         1322832 kB
MemAvailable:    1524884 kB
Buffers:           46320 kB
Cached:           283988 kB
MemTotal:        1844596 kB
MemFree:         1322460 kB
MemAvailable:    1524512 kB
Buffers:           46320 kB
Cached:           283988 kB
MemTotal:        1844596 kB
MemFree:         1323312 kB
MemAvailable:    1525364 kB
Buffers:           46320 kB
Cached:           283988 kB
MemTotal:        1844596 kB
MemFree:         1323272 kB
MemAvailable:    1525324 kB
Buffers:           46320 kB
Cached:           283988 kB
MemTotal:        1844596 kB
MemFree:         1323140 kB
MemAvailable:    1525200 kB
Buffers:           46320 kB
Cached:           283996 kB
MemTotal:        1844596 kB
MemFree:         1323140 kB
MemAvailable:    1525200 kB
Buffers:           46320 kB
Cached:           283996 kB
MemTotal:        1844596 kB
MemFree:         1322088 kB
MemAvailable:    1524148 kB
Buffers:           46320 kB
Cached:           283996 kB
MemTotal:        1844596 kB
MemFree:         1321964 kB
MemAvailable:    1524024 kB
Buffers:           46320 kB
Cached:           283996 kB
MemTotal:        1844596 kB
MemFree:         1323288 kB
MemAvailable:    1525348 kB
Buffers:           46320 kB
Cached:           283996 kB
MemTotal:        1844596 kB
MemFree:         1323264 kB
MemAvailable:    1525324 kB
Buffers:           46320 kB
Cached:           283996 kB
MemTotal:        1844596 kB
MemFree:         1321840 kB
MemAvailable:    1523900 kB
Buffers:           46320 kB
Cached:           283996 kB
MemTotal:        1844596 kB
MemFree:         1322548 kB
MemAvailable:    1524608 kB
Buffers:           46320 kB
Cached:           283996 kB
MemTotal:        1844596 kB
MemFree:         1322632 kB
MemAvailable:    1524692 kB
Buffers:           46320 kB
Cached:           283996 kB
MemTotal:        1844596 kB
MemFree:         1319164 kB
MemAvailable:    1521224 kB
Buffers:           46320 kB
Cached:           283996 kB
MemTotal:        1844596 kB
MemFree:         1314392 kB
MemAvailable:    1516452 kB
Buffers:           46320 kB
Cached:           283996 kB
MemTotal:        1844596 kB
MemFree:         1314336 kB
MemAvailable:    1516396 kB
Buffers:           46320 kB
Cached:           283996 kB
MemTotal:        1844596 kB
MemFree:         1313036 kB
MemAvailable:    1515180 kB
Buffers:           46320 kB
Cached:           284120 kB
MemTotal:        1844596 kB
MemFree:         1313880 kB
MemAvailable:    1516276 kB
Buffers:           46320 kB
Cached:           284368 kB
MemTotal:        1844596 kB
MemFree:         1313880 kB
MemAvailable:    1516276 kB
Buffers:           46320 kB
Cached:           284368 kB
MemTotal:        1844596 kB
MemFree:         1312400 kB
MemAvailable:    1514796 kB
Buffers:           46320 kB
Cached:           284368 kB
MemTotal:        1844596 kB
MemFree:         1313744 kB
MemAvailable:    1516308 kB
Buffers:           46320 kB
Cached:           284492 kB
MemTotal:        1844596 kB
MemFree:         1313384 kB
MemAvailable:    1516032 kB
Buffers:           46320 kB
Cached:           284616 kB
MemTotal:        1844596 kB
MemFree:         1312096 kB
MemAvailable:    1514744 kB
Buffers:           46320 kB
Cached:           284616 kB
MemTotal:        1844596 kB
MemFree:         1312284 kB
MemAvailable:    1514932 kB
Buffers:           46320 kB
Cached:           284616 kB
MemTotal:        1844596 kB
MemFree:         1313096 kB
MemAvailable:    1515744 kB
Buffers:           46320 kB
Cached:           284616 kB
MemTotal:        1844596 kB
MemFree:         1313324 kB
MemAvailable:    1515972 kB
Buffers:           46320 kB
Cached:           284616 kB
MemTotal:        1844596 kB
MemFree:         1313068 kB
MemAvailable:    1515716 kB
Buffers:           46320 kB
Cached:           284616 kB
MemTotal:        1844596 kB
MemFree:         1312368 kB
MemAvailable:    1515016 kB
Buffers:           46320 kB
Cached:           284616 kB
MemTotal:        1844596 kB
MemFree:         1311852 kB
MemAvailable:    1514500 kB
Buffers:           46320 kB
Cached:           284616 kB
MemTotal:        1844596 kB
MemFree:         1311860 kB
MemAvailable:    1514508 kB
Buffers:           46320 kB
Cached:           284616 kB
MemTotal:        1844596 kB
MemFree:         1313076 kB
MemAvailable:    1515724 kB
Buffers:           46320 kB
Cached:           284616 kB
MemTotal:        1844596 kB
MemFree:         1312400 kB
MemAvailable:    1515048 kB
Buffers:           46320 kB
Cached:           284616 kB
MemTotal:        1844596 kB
MemFree:         1312640 kB
MemAvailable:    1514700 kB
Buffers:           46320 kB
Cached:           283984 kB
MemTotal:        1844596 kB
MemFree:         1351340 kB
MemAvailable:    1553400 kB
Buffers:           46320 kB
Cached:           283984 kB
