MemTotal:        1844596 kB
MemFree:         1354112 kB
MemAvailable:    1558132 kB
Buffers:           46524 kB
Cached:           285588 kB
MemTotal:        1844596 kB
MemFree:         1355228 kB
MemAvailable:    1559248 kB
Buffers:           46524 kB
Cached:           285588 kB
MemTotal:        1844596 kB
MemFree:         1351632 kB
MemAvailable:    1555652 kB
Buffers:           46524 kB
Cached:           285588 kB
MemTotal:        1844596 kB
MemFree:         1351632 kB
MemAvailable:    1555652 kB
Buffers:           46524 kB
Cached:           285588 kB
MemTotal:        1844596 kB
MemFree:         1350392 kB
MemAvailable:    1554412 kB
Buffers:           46524 kB
Cached:           285588 kB
MemTotal:        1844596 kB
MemFree:         1350700 kB
MemAvailable:    1554720 kB
Buffers:           46524 kB
Cached:           285588 kB
MemTotal:        1844596 kB
MemFree:         1347284 kB
MemAvailable:    1551304 kB
Buffers:           46524 kB
Cached:           285588 kB
MemTotal:        1844596 kB
MemFree:         1344672 kB
MemAvailable:    1548692 kB
Buffers:           46524 kB
Cached:           285588 kB
MemTotal:        1844596 kB
MemFree:         1344672 kB
MemAvailable:    1548692 kB
Buffers:           46524 kB
Cached:           285588 kB
MemTotal:        1844596 kB
MemFree:         1338976 kB
MemAvailable:    1542996 kB
Buffers:           46524 kB
Cached:           285588 kB
MemTotal:        1844596 kB
MemFree:         1340960 kB
MemAvailable:    1544980 kB
Buffers:           46524 kB
Cached:           285588 kB
MemTotal:        1844596 kB
MemFree:         1341420 kB
MemAvailable:    1545440 kB
Buffers:           46524 kB
Cached:           285588 kB
MemTotal:        1844596 kB
MemFree:         1341672 kB
MemAvailable:    1545692 kB
Buffers:           46524 kB
Cached:           285588 kB
MemTotal:        1844596 kB
MemFree:         1340196 kB
MemAvailable:    1544216 kB
Buffers:           46524 kB
Cached:           285588 kB
MemTotal:        1844596 kB
MemFree:         1341436 kB
MemAvailable:    1545456 kB
Buffers:           46524 kB
Cached:           285588 kB
MemTotal:        1844596 kB
MemFree:         1341400 kB
MemAvailable:    1545420 kB
Buffers:           46524 kB
Cached:           285588 kB
MemTotal:        1844596 kB
MemFree:         1339976 kB
MemAvailable:    1543996 kB
Buffers:           46524 kB
Cached:           285588 kB
MemTotal:        1844596 kB
MemFree:         1339588 kB
MemAvailable:    1543608 kB
Buffers:           46524 kB
Cached:           285588 kB
MemTotal:        1844596 kB
MemFree:         1339588 kB
MemAvailable:    1543608 kB
Buffers:           46524 kB
Cached:           285588 kB
MemTotal:        1844596 kB
MemFree:         1339232 kB
MemAvailable:    1543252 kB
Buffers:           46524 kB
Cached:           285588 kB
MemTotal:        1844596 kB
MemFree:         1337728 kB
MemAvailable:    1541748 kB
Buffers:           46524 kB
Cached:           285588 kB
MemTotal:        1844596 kB
MemFree:         1338496 kB
MemAvailable:    1542516 kB
Buffers:           46524 kB
Cached:           285588 kB
MemTotal:        1844596 kB
MemFree:         1338968 kB
MemAvailable:    1542988 kB
Buffers:           46524 kB
Cached:           285588 kB
MemTotal:        1844596 kB
MemFree:         1339108 kB
MemAvailable:    1543128 kB
Buffers:           46524 kB
Cached:           285588 kB
MemTotal:        1844596 kB
MemFree:         1338712 kB
MemAvailable:    1542732 kB
Buffers:           46524 kB
Cached:           285588 kB
MemTotal:        1844596 kB
MemFree:         1338964 kB
MemAvailable:    1542984 kB
Buffers:           46524 kB
Cached:           285588 kB
MemTotal:        1844596 kB
MemFree:         1338856 kB
MemAvailable:    1542876 kB
Buffers:           46524 kB
Cached:           285588 kB
MemTotal:        1844596 kB
MemFree:         1340200 kB
MemAvailable:    1544220 kB
Buffers:           46524 kB
Cached:           285588 kB
MemTotal:        1844596 kB
MemFree:         1339108 kB
MemAvailable:    1543128 kB
Buffers:           46524 kB
Cached:           285588 kB
MemTotal:        1844596 kB
MemFree:         1339100 kB
MemAvailable:    1543120 kB
Buffers:           46524 kB
Cached:           285588 kB
MemTotal:        1844596 kB
MemFree:         1337860 kB
MemAvailable:    1541880 kB
Buffers:           46524 kB
Cached:           285588 kB
MemTotal:        1844596 kB
MemFree:         1336936 kB
MemAvailable:    1540956 kB
Buffers:           46524 kB
Cached:           285588 kB
MemTotal:        1844596 kB
MemFree:         1335884 kB
MemAvailable:    1539904 kB
Buffers:           46524 kB
Cached:           285588 kB
MemTotal:        1844596 kB
MemFree:         1336240 kB
MemAvailable:    1540260 kB
Buffers:           46524 kB
Cached:           285588 kB
MemTotal:        1844596 kB
MemFree:         1336448 kB
MemAvailable:    1540468 kB
Buffers:           46524 kB
Cached:           285588 kB
MemTotal:        1844596 kB
MemFree:         1335008 kB
MemAvailable:    1539032 kB
Buffers:           46524 kB
Cached:           285588 kB
MemTotal:        1844596 kB
MemFree:         1334024 kB
MemAvailable:    1538048 kB
Buffers:           46524 kB
Cached:           285588 kB
MemTotal:        1844596 kB
MemFree:         1334016 kB
MemAvailable:    1538040 kB
Buffers:           46524 kB
Cached:           285588 kB
MemTotal:        1844596 kB
MemFree:         1335076 kB
MemAvailable:    1539100 kB
Buffers:           46524 kB
Cached:           285588 kB
MemTotal:        1844596 kB
MemFree:         1333644 kB
MemAvailable:    1537668 kB
Buffers:           46524 kB
Cached:           285588 kB
MemTotal:        1844596 kB
MemFree:         1334944 kB
MemAvailable:    1538968 kB
Buffers:           46524 kB
Cached:           285588 kB
MemTotal:        1844596 kB
MemFree:         1334604 kB
MemAvailable:    1538628 kB
Buffers:           46524 kB
Cached:           285588 kB
MemTotal:        1844596 kB
MemFree:         1334712 kB
MemAvailable:    1538736 kB
Buffers:           46524 kB
Cached:           285588 kB
MemTotal:        1844596 kB
MemFree:         1334552 kB
MemAvailable:    1538576 kB
Buffers:           46524 kB
Cached:           285588 kB
MemTotal:        1844596 kB
MemFree:         1334552 kB
MemAvailable:    1538576 kB
Buffers:           46524 kB
Cached:           285588 kB
MemTotal:        1844596 kB
MemFree:         1332900 kB
MemAvailable:    1536924 kB
Buffers:           46524 kB
Cached:           285588 kB
MemTotal:        1844596 kB
MemFree:         1334244 kB
MemAvailable:    1538268 kB
Buffers:           46524 kB
Cached:           285588 kB
MemTotal:        1844596 kB
MemFree:         1332480 kB
MemAvailable:    1536504 kB
Buffers:           46524 kB
Cached:           285588 kB
MemTotal:        1844596 kB
MemFree:         1333944 kB
MemAvailable:    1537968 kB
Buffers:           46524 kB
Cached:           285588 kB
MemTotal:        1844596 kB
MemFree:         1333688 kB
MemAvailable:    1537712 kB
Buffers:           46524 kB
Cached:           285588 kB
MemTotal:        1844596 kB
MemFree:         1332472 kB
MemAvailable:    1536496 kB
Buffers:           46524 kB
Cached:           285588 kB
MemTotal:        1844596 kB
MemFree:         1333796 kB
MemAvailable:    1537820 kB
Buffers:           46524 kB
Cached:           285588 kB
MemTotal:        1844596 kB
MemFree:         1333892 kB
MemAvailable:    1537916 kB
Buffers:           46524 kB
Cached:           285588 kB
MemTotal:        1844596 kB
MemFree:         1333776 kB
MemAvailable:    1537808 kB
Buffers:           46524 kB
Cached:           285596 kB
MemTotal:        1844596 kB
MemFree:         1333852 kB
MemAvailable:    1537884 kB
Buffers:           46524 kB
Cached:           285596 kB
MemTotal:        1844596 kB
MemFree:         1333932 kB
MemAvailable:    1537964 kB
Buffers:           46524 kB
Cached:           285596 kB
MemTotal:        1844596 kB
MemFree:         1333280 kB
MemAvailable:    1537312 kB
Buffers:           46524 kB
Cached:           285596 kB
MemTotal:        1844596 kB
MemFree:         1333824 kB
MemAvailable:    1537856 kB
Buffers:           46524 kB
Cached:           285596 kB
MemTotal:        1844596 kB
MemFree:         1333908 kB
MemAvailable:    1537940 kB
Buffers:           46524 kB
Cached:           285596 kB
MemTotal:        1844596 kB
MemFree:         1333572 kB
MemAvailable:    1537604 kB
Buffers:           46524 kB
Cached:           285596 kB
MemTotal:        1844596 kB
MemFree:         1333824 kB
MemAvailable:    1537856 kB
Buffers:           46524 kB
Cached:           285596 kB
MemTotal:        1844596 kB
MemFree:         1332340 kB
MemAvailable:    1536372 kB
Buffers:           46524 kB
Cached:           285596 kB
MemTotal:        1844596 kB
MemFree:         1332528 kB
MemAvailable:    1536560 kB
Buffers:           46524 kB
Cached:           285596 kB
MemTotal:        1844596 kB
MemFree:         1332864 kB
MemAvailable:    1536896 kB
Buffers:           46524 kB
Cached:           285596 kB
MemTotal:        1844596 kB
MemFree:         1332864 kB
MemAvailable:    1536896 kB
Buffers:           46524 kB
Cached:           285596 kB
MemTotal:        1844596 kB
MemFree:         1331520 kB
MemAvailable:    1535552 kB
Buffers:           46524 kB
Cached:           285596 kB
MemTotal:        1844596 kB
MemFree:         1332872 kB
MemAvailable:    1536904 kB
Buffers:           46524 kB
Cached:           285596 kB
MemTotal:        1844596 kB
MemFree:         1332908 kB
MemAvailable:    1536940 kB
Buffers:           46524 kB
Cached:           285596 kB
MemTotal:        1844596 kB
MemFree:         1332704 kB
MemAvailable:    1536736 kB
Buffers:           46524 kB
Cached:           285596 kB
MemTotal:        1844596 kB
MemFree:         1332956 kB
MemAvailable:    1536988 kB
Buffers:           46524 kB
Cached:           285596 kB
MemTotal:        1844596 kB
MemFree:         1331732 kB
MemAvailable:    1535764 kB
Buffers:           46524 kB
Cached:           285596 kB
MemTotal:        1844596 kB
MemFree:         1332156 kB
MemAvailable:    1536188 kB
Buffers:           46524 kB
Cached:           285596 kB
MemTotal:        1844596 kB
MemFree:         1333216 kB
MemAvailable:    1537252 kB
Buffers:           46524 kB
Cached:           285600 kB
MemTotal:        1844596 kB
MemFree:         1332164 kB
MemAvailable:    1536076 kB
Buffers:           46524 kB
Cached:           285600 kB
MemTotal:        1844596 kB
MemFree:         1331736 kB
MemAvailable:    1535772 kB
Buffers:           46524 kB
Cached:           285600 kB
MemTotal:        1844596 kB
MemFree:         1330660 kB
MemAvailable:    1534696 kB
Buffers:           46524 kB
Cached:           285600 kB
MemTotal:        1844596 kB
MemFree:         1330552 kB
MemAvailable:    1534588 kB
Buffers:           46524 kB
Cached:           285600 kB
MemTotal:        1844596 kB
MemFree:         1326684 kB
MemAvailable:    1530720 kB
Buffers:           46524 kB
Cached:           285600 kB
MemTotal:        1844596 kB
MemFree:         1326684 kB
MemAvailable:    1530720 kB
Buffers:           46524 kB
Cached:           285600 kB
MemTotal:        1844596 kB
MemFree:         1324220 kB
MemAvailable:    1528256 kB
Buffers:           46524 kB
Cached:           285600 kB
MemTotal:        1844596 kB
MemFree:         1324352 kB
MemAvailable:    1528388 kB
Buffers:           46524 kB
Cached:           285600 kB
MemTotal:        1844596 kB
MemFree:         1324352 kB
MemAvailable:    1528388 kB
Buffers:           46524 kB
Cached:           285600 kB
MemTotal:        1844596 kB
MemFree:         1323840 kB
MemAvailable:    1527876 kB
Buffers:           46524 kB
Cached:           285600 kB
MemTotal:        1844596 kB
MemFree:         1324940 kB
MemAvailable:    1528976 kB
Buffers:           46524 kB
Cached:           285600 kB
MemTotal:        1844596 kB
MemFree:         1324940 kB
MemAvailable:    1528976 kB
Buffers:           46524 kB
Cached:           285600 kB
MemTotal:        1844596 kB
MemFree:         1323540 kB
MemAvailable:    1527576 kB
Buffers:           46524 kB
Cached:           285600 kB
MemTotal:        1844596 kB
MemFree:         1323972 kB
MemAvailable:    1528008 kB
Buffers:           46524 kB
Cached:           285600 kB
MemTotal:        1844596 kB
MemFree:         1325096 kB
MemAvailable:    1529132 kB
Buffers:           46524 kB
Cached:           285600 kB
MemTotal:        1844596 kB
MemFree:         1324816 kB
MemAvailable:    1528852 kB
Buffers:           46524 kB
Cached:           285600 kB
MemTotal:        1844596 kB
MemFree:         1325068 kB
MemAvailable:    1529104 kB
Buffers:           46524 kB
Cached:           285600 kB
MemTotal:        1844596 kB
MemFree:         1324644 kB
MemAvailable:    1528680 kB
Buffers:           46524 kB
Cached:           285600 kB
MemTotal:        1844596 kB
MemFree:         1324812 kB
MemAvailable:    1528848 kB
Buffers:           46524 kB
Cached:           285600 kB
MemTotal:        1844596 kB
MemFree:         1324760 kB
MemAvailable:    1528796 kB
Buffers:           46524 kB
Cached:           285600 kB
MemTotal:        1844596 kB
MemFree:         1324928 kB
MemAvailable:    1528964 kB
Buffers:           46524 kB
Cached:           285600 kB
MemTotal:        1844596 kB
MemFree:         1323652 kB
MemAvailable:    1527688 kB
Buffers:           46524 kB
Cached:           285600 kB
MemTotal:        1844596 kB
MemFree:         1323740 kB
MemAvailable:    1527776 kB
Buffers:           46524 kB
Cached:           285600 kB
MemTotal:        1844596 kB
MemFree:         1324536 kB
MemAvailable:    1528572 kB
Buffers:           46524 kB
Cached:           285600 kB
MemTotal:        1844596 kB
MemFree:         1324352 kB
MemAvailable:    1528388 kB
Buffers:           46524 kB
Cached:           285600 kB
MemTotal:        1844596 kB
MemFree:         1324016 kB
MemAvailable:    1528052 kB
Buffers:           46524 kB
Cached:           285600 kB
MemTotal:        1844596 kB
MemFree:         1322864 kB
MemAvailable:    1526900 kB
Buffers:           46524 kB
Cached:           285600 kB
MemTotal:        1844596 kB
MemFree:         1323220 kB
MemAvailable:    1527256 kB
Buffers:           46524 kB
Cached:           285600 kB
MemTotal:        1844596 kB
MemFree:         1323220 kB
MemAvailable:    1527256 kB
Buffers:           46524 kB
Cached:           285600 kB
MemTotal:        1844596 kB
MemFree:         1323160 kB
MemAvailable:    1527196 kB
Buffers:           46524 kB
Cached:           285600 kB
MemTotal:        1844596 kB
MemFree:         1322120 kB
MemAvailable:    1526156 kB
Buffers:           46524 kB
Cached:           285600 kB
MemTotal:        1844596 kB
MemFree:         1321948 kB
MemAvailable:    1525984 kB
Buffers:           46524 kB
Cached:           285600 kB
MemTotal:        1844596 kB
MemFree:         1321004 kB
MemAvailable:    1525040 kB
Buffers:           46524 kB
Cached:           285600 kB
MemTotal:        1844596 kB
MemFree:         1321744 kB
MemAvailable:    1525780 kB
Buffers:           46524 kB
Cached:           285600 kB
MemTotal:        1844596 kB
MemFree:         1320384 kB
MemAvailable:    1524420 kB
Buffers:           46524 kB
Cached:           285600 kB
MemTotal:        1844596 kB
MemFree:         1320376 kB
MemAvailable:    1524412 kB
Buffers:           46524 kB
Cached:           285600 kB
MemTotal:        1844596 kB
MemFree:         1320632 kB
MemAvailable:    1524668 kB
Buffers:           46524 kB
Cached:           285600 kB
MemTotal:        1844596 kB
MemFree:         1321312 kB
MemAvailable:    1525352 kB
Buffers:           46524 kB
Cached:           285604 kB
MemTotal:        1844596 kB
MemFree:         1320980 kB
MemAvailable:    1525020 kB
Buffers:           46524 kB
Cached:           285604 kB
MemTotal:        1844596 kB
MemFree:         1320980 kB
MemAvailable:    1525020 kB
Buffers:           46524 kB
Cached:           285604 kB
MemTotal:        1844596 kB
MemFree:         1319696 kB
MemAvailable:    1523736 kB
Buffers:           46524 kB
Cached:           285604 kB
MemTotal:        1844596 kB
MemFree:         1320260 kB
MemAvailable:    1524300 kB
Buffers:           46524 kB
Cached:           285604 kB
MemTotal:        1844596 kB
MemFree:         1320816 kB
MemAvailable:    1524856 kB
Buffers:           46524 kB
Cached:           285604 kB
MemTotal:        1844596 kB
MemFree:         1321152 kB
MemAvailable:    1525192 kB
Buffers:           46524 kB
Cached:           285604 kB
MemTotal:        1844596 kB
MemFree:         1319756 kB
MemAvailable:    1523796 kB
Buffers:           46524 kB
Cached:           285604 kB
MemTotal:        1844596 kB
MemFree:         1321112 kB
MemAvailable:    1525152 kB
Buffers:           46524 kB
Cached:           285604 kB
MemTotal:        1844596 kB
MemFree:         1320632 kB
MemAvailable:    1524672 kB
Buffers:           46524 kB
Cached:           285604 kB
MemTotal:        1844596 kB
MemFree:         1320428 kB
MemAvailable:    1524468 kB
Buffers:           46524 kB
Cached:           285604 kB
MemTotal:        1844596 kB
MemFree:         1320188 kB
MemAvailable:    1524228 kB
Buffers:           46524 kB
Cached:           285604 kB
MemTotal:        1844596 kB
MemFree:         1314160 kB
MemAvailable:    1518200 kB
Buffers:           46524 kB
Cached:           285604 kB
MemTotal:        1844596 kB
MemFree:         1314060 kB
MemAvailable:    1518100 kB
Buffers:           46524 kB
Cached:           285604 kB
MemTotal:        1844596 kB
MemFree:         1313856 kB
MemAvailable:    1518064 kB
Buffers:           46524 kB
Cached:           285728 kB
MemTotal:        1844596 kB
MemFree:         1313856 kB
MemAvailable:    1518064 kB
Buffers:           46524 kB
Cached:           285728 kB
MemTotal:        1844596 kB
MemFree:         1312548 kB
MemAvailable:    1516840 kB
Buffers:           46524 kB
Cached:           285852 kB
MemTotal:        1844596 kB
MemFree:         1313724 kB
MemAvailable:    1518184 kB
Buffers:           46524 kB
Cached:           285976 kB
MemTotal:        1844596 kB
MemFree:         1313392 kB
MemAvailable:    1517936 kB
Buffers:           46524 kB
Cached:           286100 kB
MemTotal:        1844596 kB
MemFree:         1313728 kB
MemAvailable:    1518356 kB
Buffers:           46524 kB
Cached:           286100 kB
MemTotal:        1844596 kB
MemFree:         1313260 kB
MemAvailable:    1517888 kB
Buffers:           46524 kB
Cached:           286224 kB
MemTotal:        1844596 kB
MemFree:         1313260 kB
MemAvailable:    1517888 kB
Buffers:           46524 kB
Cached:           286224 kB
MemTotal:        1844596 kB
MemFree:         1313368 kB
MemAvailable:    1517996 kB
Buffers:           46524 kB
Cached:           286224 kB
MemTotal:        1844596 kB
MemFree:         1311936 kB
MemAvailable:    1516564 kB
Buffers:           46524 kB
Cached:           286224 kB
MemTotal:        1844596 kB
MemFree:         1312076 kB
MemAvailable:    1516792 kB
Buffers:           46524 kB
Cached:           286280 kB
MemTotal:        1844596 kB
MemFree:         1313400 kB
MemAvailable:    1518116 kB
Buffers:           46524 kB
Cached:           286280 kB
MemTotal:        1844596 kB
MemFree:         1313168 kB
MemAvailable:    1517884 kB
Buffers:           46524 kB
Cached:           286280 kB
MemTotal:        1844596 kB
MemFree:         1313028 kB
MemAvailable:    1517744 kB
Buffers:           46524 kB
Cached:           286280 kB
MemTotal:        1844596 kB
MemFree:         1312104 kB
MemAvailable:    1516232 kB
Buffers:           46524 kB
Cached:           285648 kB
MemTotal:        1844596 kB
MemFree:         1382328 kB
MemAvailable:    1586456 kB
Buffers:           46524 kB
Cached:           285648 kB
