MemTotal:        1844596 kB
MemFree:         1560812 kB
MemAvailable:    1581536 kB
Buffers:           23280 kB
Cached:           128492 kB
MemTotal:        1844596 kB
MemFree:         1559268 kB
MemAvailable:    1579992 kB
Buffers:           23280 kB
Cached:           128492 kB
MemTotal:        1844596 kB
MemFree:         1557328 kB
MemAvailable:    1578052 kB
Buffers:           23280 kB
Cached:           128492 kB
MemTotal:        1844596 kB
MemFree:         1555984 kB
MemAvailable:    1576708 kB
Buffers:           23280 kB
Cached:           128492 kB
MemTotal:        1844596 kB
MemFree:         1555604 kB
MemAvailable:    1576332 kB
Buffers:           23280 kB
Cached:           128496 kB
MemTotal:        1844596 kB
MemFree:         1555940 kB
MemAvailable:    1576668 kB
Buffers:           23280 kB
Cached:           128496 kB
MemTotal:        1844596 kB
MemFree:         1553612 kB
MemAvailable:    1574340 kB
Buffers:           23280 kB
Cached:           128496 kB
MemTotal:        1844596 kB
MemFree:         1553504 kB
MemAvailable:    1574232 kB
Buffers:           23280 kB
Cached:           128496 kB
MemTotal:        1844596 kB
MemFree:         1549388 kB
MemAvailable:    1570116 kB
Buffers:           23280 kB
Cached:           128496 kB
MemTotal:        1844596 kB
MemFree:         1549388 kB
MemAvailable:    1570116 kB
Buffers:           23280 kB
Cached:           128496 kB
MemTotal:        1844596 kB
MemFree:         1544760 kB
MemAvailable:    1565488 kB
Buffers:           23280 kB
Cached:           128496 kB
MemTotal:        1844596 kB
MemFree:         1544296 kB
MemAvailable:    1565024 kB
Buffers:           23280 kB
Cached:           128496 kB
MemTotal:        1844596 kB
MemFree:         1545512 kB
MemAvailable:    1566240 kB
Buffers:           23280 kB
Cached:           128496 kB
MemTotal:        1844596 kB
MemFree:         1545552 kB
MemAvailable:    1566280 kB
Buffers:           23280 kB
Cached:           128496 kB
MemTotal:        1844596 kB
MemFree:         1544268 kB
MemAvailable:    1564996 kB
Buffers:           23280 kB
Cached:           128496 kB
MemTotal:        1844596 kB
MemFree:         1545508 kB
MemAvailable:    1566236 kB
Buffers:           23280 kB
Cached:           128496 kB
MemTotal:        1844596 kB
MemFree:         1545676 kB
MemAvailable:    1566404 kB
Buffers:           23280 kB
Cached:           128496 kB
MemTotal:        1844596 kB
MemFree:         1544684 kB
MemAvailable:    1565412 kB
Buffers:           23280 kB
Cached:           128496 kB
MemTotal:        1844596 kB
MemFree:         1544684 kB
MemAvailable:    1565412 kB
Buffers:           23280 kB
Cached:           128496 kB
MemTotal:        1844596 kB
MemFree:         1542460 kB
MemAvailable:    1563188 kB
Buffers:           23280 kB
Cached:           128496 kB
MemTotal:        1844596 kB
MemFree:         1543148 kB
MemAvailable:    1563876 kB
Buffers:           23280 kB
Cached:           128496 kB
MemTotal:        1844596 kB
MemFree:         1543212 kB
MemAvailable:    1563940 kB
Buffers:           23280 kB
Cached:           128496 kB
MemTotal:        1844596 kB
MemFree:         1543060 kB
MemAvailable:    1563788 kB
Buffers:           23280 kB
Cached:           128496 kB
MemTotal:        1844596 kB
MemFree:         1543312 kB
MemAvailable:    1564040 kB
Buffers:           23280 kB
Cached:           128496 kB
MemTotal:        1844596 kB
MemFree:         1541952 kB
MemAvailable:    1562680 kB
Buffers:           23280 kB
Cached:           128496 kB
MemTotal:        1844596 kB
MemFree:         1541904 kB
MemAvailable:    1562632 kB
Buffers:           23280 kB
Cached:           128496 kB
MemTotal:        1844596 kB
MemFree:         1543028 kB
MemAvailable:    1563756 kB
Buffers:           23280 kB
Cached:           128496 kB
MemTotal:        1844596 kB
MemFree:         1541948 kB
MemAvailable:    1562676 kB
Buffers:           23280 kB
Cached:           128496 kB
MemTotal:        1844596 kB
MemFree:         1543224 kB
MemAvailable:    1563952 kB
Buffers:           23280 kB
Cached:           128496 kB
MemTotal:        1844596 kB
MemFree:         1542044 kB
MemAvailable:    1562772 kB
Buffers:           23280 kB
Cached:           128496 kB
MemTotal:        1844596 kB
MemFree:         1543212 kB
MemAvailable:    1563940 kB
Buffers:           23280 kB
Cached:           128496 kB
MemTotal:        1844596 kB
MemFree:         1543336 kB
MemAvailable:    1564064 kB
Buffers:           23280 kB
Cached:           128496 kB
MemTotal:        1844596 kB
MemFree:         1543948 kB
MemAvailable:    1564676 kB
Buffers:           23280 kB
Cached:           128496 kB
MemTotal:        1844596 kB
MemFree:         1540840 kB
MemAvailable:    1561568 kB
Buffers:           23280 kB
Cached:           128496 kB
MemTotal:        1844596 kB
MemFree:         1541176 kB
MemAvailable:    1561904 kB
Buffers:           23280 kB
Cached:           128496 kB
MemTotal:        1844596 kB
MemFree:         1540608 kB
MemAvailable:    1561336 kB
Buffers:           23280 kB
Cached:           128496 kB
MemTotal:        1844596 kB
MemFree:         1538872 kB
MemAvailable:    1559600 kB
Buffers:           23280 kB
Cached:           128496 kB
MemTotal:        1844596 kB
MemFree:         1539712 kB
MemAvailable:    1560440 kB
Buffers:           23280 kB
Cached:           128496 kB
MemTotal:        1844596 kB
MemFree:         1539912 kB
MemAvailable:    1560640 kB
Buffers:           23280 kB
Cached:           128496 kB
MemTotal:        1844596 kB
MemFree:         1538128 kB
MemAvailable:    1558856 kB
Buffers:           23280 kB
Cached:           128496 kB
MemTotal:        1844596 kB
MemFree:         1539104 kB
MemAvailable:    1559832 kB
Buffers:           23280 kB
Cached:           128496 kB
MemTotal:        1844596 kB
MemFree:         1538748 kB
MemAvailable:    1559476 kB
Buffers:           23280 kB
Cached:           128496 kB
MemTotal:        1844596 kB
MemFree:         1539232 kB
MemAvailable:    1559960 kB
Buffers:           23280 kB
Cached:           128496 kB
MemTotal:        1844596 kB
MemFree:         1538796 kB
MemAvailable:    1559524 kB
Buffers:           23280 kB
Cached:           128496 kB
MemTotal:        1844596 kB
MemFree:         1538872 kB
MemAvailable:    1559600 kB
Buffers:           23280 kB
Cached:           128496 kB
MemTotal:        1844596 kB
MemFree:         1539164 kB
MemAvailable:    1559892 kB
Buffers:           23280 kB
Cached:           128496 kB
MemTotal:        1844596 kB
MemFree:         1537612 kB
MemAvailable:    1558340 kB
Buffers:           23280 kB
Cached:           128496 kB
MemTotal:        1844596 kB
MemFree:         1538836 kB
MemAvailable:    1559564 kB
Buffers:           23280 kB
Cached:           128496 kB
MemTotal:        1844596 kB
MemFree:         1538112 kB
MemAvailable:    1558840 kB
Buffers:           23280 kB
Cached:           128496 kB
MemTotal:        1844596 kB
MemFree:         1538196 kB
MemAvailable:    1558924 kB
Buffers:           23280 kB
Cached:           128496 kB
MemTotal:        1844596 kB
MemFree:         1536708 kB
MemAvailable:    1557436 kB
Buffers:           23280 kB
Cached:           128496 kB
MemTotal:        1844596 kB
MemFree:         1536700 kB
MemAvailable:    1557428 kB
Buffers:           23280 kB
Cached:           128496 kB
MemTotal:        1844596 kB
MemFree:         1536832 kB
MemAvailable:    1557560 kB
Buffers:           23280 kB
Cached:           128496 kB
MemTotal:        1844596 kB
MemFree:         1537932 kB
MemAvailable:    1558660 kB
Buffers:           23280 kB
Cached:           128496 kB
MemTotal:        1844596 kB
MemFree:         1537932 kB
MemAvailable:    1558660 kB
Buffers:           23280 kB
Cached:           128496 kB
MemTotal:        1844596 kB
MemFree:         1538040 kB
MemAvailable:    1558768 kB
Buffers:           23280 kB
Cached:           128496 kB
MemTotal:        1844596 kB
MemFree:         1537136 kB
MemAvailable:    1557864 kB
Buffers:           23280 kB
Cached:           128496 kB
MemTotal:        1844596 kB
MemFree:         1537992 kB
MemAvailable:    1558720 kB
Buffers:           23280 kB
Cached:           128496 kB
MemTotal:        1844596 kB
MemFree:         1537260 kB
MemAvailable:    1557988 kB
Buffers:           23280 kB
Cached:           128496 kB
MemTotal:        1844596 kB
MemFree:         1537812 kB
MemAvailable:    1558540 kB
Buffers:           23280 kB
Cached:           128496 kB
MemTotal:        1844596 kB
MemFree:         1538064 kB
MemAvailable:    1558792 kB
Buffers:           23280 kB
Cached:           128496 kB
MemTotal:        1844596 kB
MemFree:         1536576 kB
MemAvailable:    1557304 kB
Buffers:           23280 kB
Cached:           128496 kB
MemTotal:        1844596 kB
MemFree:         1537940 kB
MemAvailable:    1558668 kB
Buffers:           23280 kB
Cached:           128496 kB
MemTotal:        1844596 kB
MemFree:         1537552 kB
MemAvailable:    1558280 kB
Buffers:           23280 kB
Cached:           128496 kB
MemTotal:        1844596 kB
MemFree:         1537552 kB
MemAvailable:    1558280 kB
Buffers:           23280 kB
Cached:           128496 kB
MemTotal:        1844596 kB
MemFree:         1537104 kB
MemAvailable:    1557832 kB
Buffers:           23280 kB
Cached:           128496 kB
MemTotal:        1844596 kB
MemFree:         1537440 kB
MemAvailable:    1558168 kB
Buffers:           23280 kB
Cached:           128496 kB
MemTotal:        1844596 kB
MemFree:         1535988 kB
MemAvailable:    1556716 kB
Buffers:           23280 kB
Cached:           128496 kB
MemTotal:        1844596 kB
MemFree:         1537120 kB
MemAvailable:    1557860 kB
Buffers:           23280 kB
Cached:           128504 kB
MemTotal:        1844596 kB
MemFree:         1537372 kB
MemAvailable:    1558112 kB
Buffers:           23280 kB
Cached:           128504 kB
MemTotal:        1844596 kB
MemFree:         1535756 kB
MemAvailable:    1556496 kB
Buffers:           23280 kB
Cached:           128504 kB
MemTotal:        1844596 kB
MemFree:         1536864 kB
MemAvailable:    1557604 kB
Buffers:           23280 kB
Cached:           128504 kB
MemTotal:        1844596 kB
MemFree:         1537200 kB
MemAvailable:    1557940 kB
Buffers:           23280 kB
Cached:           128504 kB
MemTotal:        1844596 kB
MemFree:         1535708 kB
MemAvailable:    1556448 kB
Buffers:           23280 kB
Cached:           128504 kB
MemTotal:        1844596 kB
MemFree:         1537080 kB
MemAvailable:    1557820 kB
Buffers:           23280 kB
Cached:           128504 kB
MemTotal:        1844596 kB
MemFree:         1535260 kB
MemAvailable:    1556000 kB
Buffers:           23280 kB
Cached:           128504 kB
MemTotal:        1844596 kB
MemFree:         1535260 kB
MemAvailable:    1556000 kB
Buffers:           23280 kB
Cached:           128504 kB
MemTotal:        1844596 kB
MemFree:         1532548 kB
MemAvailable:    1553288 kB
Buffers:           23280 kB
Cached:           128504 kB
MemTotal:        1844596 kB
MemFree:         1531060 kB
MemAvailable:    1551800 kB
Buffers:           23280 kB
Cached:           128504 kB
MemTotal:        1844596 kB
MemFree:         1528332 kB
MemAvailable:    1549072 kB
Buffers:           23280 kB
Cached:           128504 kB
MemTotal:        1844596 kB
MemFree:         1528580 kB
MemAvailable:    1549320 kB
Buffers:           23280 kB
Cached:           128504 kB
MemTotal:        1844596 kB
MemFree:         1529060 kB
MemAvailable:    1549800 kB
Buffers:           23280 kB
Cached:           128504 kB
MemTotal:        1844596 kB
MemFree:         1529144 kB
MemAvailable:    1549884 kB
Buffers:           23280 kB
Cached:           128504 kB
MemTotal:        1844596 kB
MemFree:         1529008 kB
MemAvailable:    1549748 kB
Buffers:           23280 kB
Cached:           128504 kB
MemTotal:        1844596 kB
MemFree:         1529176 kB
MemAvailable:    1549916 kB
Buffers:           23280 kB
Cached:           128504 kB
MemTotal:        1844596 kB
MemFree:         1527816 kB
MemAvailable:    1548556 kB
Buffers:           23280 kB
Cached:           128504 kB
MemTotal:        1844596 kB
MemFree:         1527692 kB
MemAvailable:    1548432 kB
Buffers:           23280 kB
Cached:           128504 kB
MemTotal:        1844596 kB
MemFree:         1528868 kB
MemAvailable:    1549608 kB
Buffers:           23280 kB
Cached:           128504 kB
MemTotal:        1844596 kB
MemFree:         1527692 kB
MemAvailable:    1548432 kB
Buffers:           23280 kB
Cached:           128504 kB
MemTotal:        1844596 kB
MemFree:         1528876 kB
MemAvailable:    1549616 kB
Buffers:           23280 kB
Cached:           128504 kB
MemTotal:        1844596 kB
MemFree:         1528408 kB
MemAvailable:    1549148 kB
Buffers:           23280 kB
Cached:           128504 kB
MemTotal:        1844596 kB
MemFree:         1527704 kB
MemAvailable:    1548444 kB
Buffers:           23280 kB
Cached:           128504 kB
MemTotal:        1844596 kB
MemFree:         1527828 kB
MemAvailable:    1548568 kB
Buffers:           23280 kB
Cached:           128504 kB
MemTotal:        1844596 kB
MemFree:         1527664 kB
MemAvailable:    1548404 kB
Buffers:           23280 kB
Cached:           128504 kB
MemTotal:        1844596 kB
MemFree:         1528804 kB
MemAvailable:    1549544 kB
Buffers:           23280 kB
Cached:           128504 kB
MemTotal:        1844596 kB
MemFree:         1528804 kB
MemAvailable:    1549544 kB
Buffers:           23280 kB
Cached:           128504 kB
MemTotal:        1844596 kB
MemFree:         1528492 kB
MemAvailable:    1549232 kB
Buffers:           23280 kB
Cached:           128504 kB
MemTotal:        1844596 kB
MemFree:         1527192 kB
MemAvailable:    1547932 kB
Buffers:           23280 kB
Cached:           128504 kB
MemTotal:        1844596 kB
MemFree:         1526704 kB
MemAvailable:    1547444 kB
Buffers:           23280 kB
Cached:           128504 kB
MemTotal:        1844596 kB
MemFree:         1526340 kB
MemAvailable:    1547080 kB
Buffers:           23280 kB
Cached:           128504 kB
MemTotal:        1844596 kB
MemFree:         1527580 kB
MemAvailable:    1548320 kB
Buffers:           23280 kB
Cached:           128504 kB
MemTotal:        1844596 kB
MemFree:         1526216 kB
MemAvailable:    1546956 kB
Buffers:           23280 kB
Cached:           128504 kB
MemTotal:        1844596 kB
MemFree:         1526284 kB
MemAvailable:    1547024 kB
Buffers:           23280 kB
Cached:           128504 kB
MemTotal:        1844596 kB
MemFree:         1526168 kB
MemAvailable:    1546908 kB
Buffers:           23280 kB
Cached:           128504 kB
MemTotal:        1844596 kB
MemFree:         1526100 kB
MemAvailable:    1546840 kB
Buffers:           23280 kB
Cached:           128504 kB
MemTotal:        1844596 kB
MemFree:         1525788 kB
MemAvailable:    1546528 kB
Buffers:           23280 kB
Cached:           128504 kB
MemTotal:        1844596 kB
MemFree:         1524356 kB
MemAvailable:    1545096 kB
Buffers:           23280 kB
Cached:           128504 kB
MemTotal:        1844596 kB
MemFree:         1524604 kB
MemAvailable:    1545344 kB
Buffers:           23280 kB
Cached:           128504 kB
MemTotal:        1844596 kB
MemFree:         1525216 kB
MemAvailable:    1545956 kB
Buffers:           23280 kB
Cached:           128504 kB
MemTotal:        1844596 kB
MemFree:         1525300 kB
MemAvailable:    1546040 kB
Buffers:           23280 kB
Cached:           128504 kB
MemTotal:        1844596 kB
MemFree:         1525364 kB
MemAvailable:    1546104 kB
Buffers:           23280 kB
Cached:           128504 kB
MemTotal:        1844596 kB
MemFree:         1523992 kB
MemAvailable:    1544732 kB
Buffers:           23280 kB
Cached:           128504 kB
MemTotal:        1844596 kB
MemFree:         1525092 kB
MemAvailable:    1545832 kB
Buffers:           23280 kB
Cached:           128504 kB
MemTotal:        1844596 kB
MemFree:         1525092 kB
MemAvailable:    1545832 kB
Buffers:           23280 kB
Cached:           128504 kB
MemTotal:        1844596 kB
MemFree:         1525112 kB
MemAvailable:    1545852 kB
Buffers:           23280 kB
Cached:           128504 kB
MemTotal:        1844596 kB
MemFree:         1524960 kB
MemAvailable:    1545700 kB
Buffers:           23280 kB
Cached:           128504 kB
MemTotal:        1844596 kB
MemFree:         1525100 kB
MemAvailable:    1545840 kB
Buffers:           23280 kB
Cached:           128504 kB
MemTotal:        1844596 kB
MemFree:         1523672 kB
MemAvailable:    1544412 kB
Buffers:           23280 kB
Cached:           128504 kB
MemTotal:        1844596 kB
MemFree:         1524664 kB
MemAvailable:    1545404 kB
Buffers:           23280 kB
Cached:           128504 kB
MemTotal:        1844596 kB
MemFree:         1521264 kB
MemAvailable:    1542004 kB
Buffers:           23280 kB
Cached:           128504 kB
MemTotal:        1844596 kB
MemFree:         1518472 kB
MemAvailable:    1539212 kB
Buffers:           23280 kB
Cached:           128504 kB
MemTotal:        1844596 kB
MemFree:         1518024 kB
MemAvailable:    1538848 kB
Buffers:           23280 kB
Cached:           128628 kB
MemTotal:        1844596 kB
MemFree:         1518360 kB
MemAvailable:    1539184 kB
Buffers:           23280 kB
Cached:           128628 kB
MemTotal:        1844596 kB
MemFree:         1517776 kB
MemAvailable:    1538852 kB
Buffers:           23280 kB
Cached:           128876 kB
MemTotal:        1844596 kB
MemFree:         1517776 kB
MemAvailable:    1538852 kB
Buffers:           23280 kB
Cached:           128876 kB
MemTotal:        1844596 kB
MemFree:         1517588 kB
MemAvailable:    1538832 kB
Buffers:           23280 kB
Cached:           129000 kB
MemTotal:        1844596 kB
MemFree:         1516240 kB
MemAvailable:    1537484 kB
Buffers:           23280 kB
Cached:           129124 kB
MemTotal:        1844596 kB
MemFree:         1516916 kB
MemAvailable:    1538160 kB
Buffers:           23280 kB
Cached:           129124 kB
MemTotal:        1844596 kB
MemFree:         1517128 kB
MemAvailable:    1538456 kB
Buffers:           23280 kB
Cached:           129124 kB
MemTotal:        1844596 kB
MemFree:         1517296 kB
MemAvailable:    1538624 kB
Buffers:           23280 kB
Cached:           129124 kB
MemTotal:        1844596 kB
MemFree:         1517164 kB
MemAvailable:    1538492 kB
Buffers:           23280 kB
Cached:           129124 kB
MemTotal:        1844596 kB
MemFree:         1517332 kB
MemAvailable:    1538660 kB
Buffers:           23280 kB
Cached:           129124 kB
MemTotal:        1844596 kB
MemFree:         1517296 kB
MemAvailable:    1538624 kB
Buffers:           23280 kB
Cached:           129124 kB
MemTotal:        1844596 kB
MemFree:         1517048 kB
MemAvailable:    1538376 kB
Buffers:           23280 kB
Cached:           129124 kB
MemTotal:        1844596 kB
MemFree:         1517176 kB
MemAvailable:    1538504 kB
Buffers:           23280 kB
Cached:           129124 kB
MemTotal:        1844596 kB
MemFree:         1517364 kB
MemAvailable:    1538776 kB
Buffers:           23280 kB
Cached:           129124 kB
MemTotal:        1844596 kB
MemFree:         1516504 kB
MemAvailable:    1537328 kB
Buffers:           23280 kB
Cached:           128492 kB
MemTotal:        1844596 kB
MemFree:         1585996 kB
MemAvailable:    1606820 kB
Buffers:           23280 kB
Cached:           128492 kB
