MemTotal:        1844596 kB
MemFree:         1329108 kB
MemAvailable:    1555452 kB
Buffers:           48848 kB
Cached:           303620 kB
MemTotal:        1844596 kB
MemFree:         1326876 kB
MemAvailable:    1553220 kB
Buffers:           48848 kB
Cached:           303620 kB
MemTotal:        1844596 kB
MemFree:         1324380 kB
MemAvailable:    1550724 kB
Buffers:           48848 kB
Cached:           303620 kB
MemTotal:        1844596 kB
MemFree:         1324016 kB
MemAvailable:    1550360 kB
Buffers:           48848 kB
Cached:           303620 kB
MemTotal:        1844596 kB
MemFree:         1324520 kB
MemAvailable:    1550864 kB
Buffers:           48848 kB
Cached:           303620 kB
MemTotal:        1844596 kB
MemFree:         1323404 kB
MemAvailable:    1549748 kB
Buffers:           48848 kB
Cached:           303620 kB
MemTotal:        1844596 kB
MemFree:         1322968 kB
MemAvailable:    1549312 kB
Buffers:           48848 kB
Cached:           303620 kB
MemTotal:        1844596 kB
MemFree:         1320056 kB
MemAvailable:    1546400 kB
Buffers:           48848 kB
Cached:           303620 kB
MemTotal:        1844596 kB
MemFree:         1318188 kB
MemAvailable:    1544532 kB
Buffers:           48848 kB
Cached:           303620 kB
MemTotal:        1844596 kB
MemFree:         1315304 kB
MemAvailable:    1541648 kB
Buffers:           48848 kB
Cached:           303620 kB
MemTotal:        1844596 kB
MemFree:         1312368 kB
MemAvailable:    1538712 kB
Buffers:           48848 kB
Cached:           303620 kB
MemTotal:        1844596 kB
MemFree:         1314176 kB
MemAvailable:    1540520 kB
Buffers:           48848 kB
Cached:           303620 kB
MemTotal:        1844596 kB
MemFree:         1314392 kB
MemAvailable:    1540736 kB
Buffers:           48848 kB
Cached:           303620 kB
MemTotal:        1844596 kB
MemFree:         1314592 kB
MemAvailable:    1540936 kB
Buffers:           48848 kB
Cached:           303620 kB
MemTotal:        1844596 kB
MemFree:         1314328 kB
MemAvailable:    1540672 kB
Buffers:           48848 kB
Cached:           303620 kB
MemTotal:        1844596 kB
MemFree:         1314412 kB
MemAvailable:    1540756 kB
Buffers:           48848 kB
Cached:           303620 kB
MemTotal:        1844596 kB
MemFree:         1313088 kB
MemAvailable:    1539432 kB
Buffers:           48848 kB
Cached:           303620 kB
MemTotal:        1844596 kB
MemFree:         1312972 kB
MemAvailable:    1539316 kB
Buffers:           48848 kB
Cached:           303620 kB
MemTotal:        1844596 kB
MemFree:         1312972 kB
MemAvailable:    1539316 kB
Buffers:           48848 kB
Cached:           303620 kB
MemTotal:        1844596 kB
MemFree:         1312104 kB
MemAvailable:    1538448 kB
Buffers:           48848 kB
Cached:           303620 kB
MemTotal:        1844596 kB
MemFree:         1312104 kB
MemAvailable:    1538448 kB
Buffers:           48848 kB
Cached:           303620 kB
MemTotal:        1844596 kB
MemFree:         1310740 kB
MemAvailable:    1537084 kB
Buffers:           48848 kB
Cached:           303620 kB
MemTotal:        1844596 kB
MemFree:         1311916 kB
MemAvailable:    1538260 kB
Buffers:           48848 kB
Cached:           303620 kB
MemTotal:        1844596 kB
MemFree:         1311916 kB
MemAvailable:    1538260 kB
Buffers:           48848 kB
Cached:           303620 kB
MemTotal:        1844596 kB
MemFree:         1311916 kB
MemAvailable:    1538260 kB
Buffers:           48848 kB
Cached:           303620 kB
MemTotal:        1844596 kB
MemFree:         1311792 kB
MemAvailable:    1538136 kB
Buffers:           48848 kB
Cached:           303620 kB
MemTotal:        1844596 kB
MemFree:         1312128 kB
MemAvailable:    1538472 kB
Buffers:           48848 kB
Cached:           303620 kB
MemTotal:        1844596 kB
MemFree:         1310596 kB
MemAvailable:    1536940 kB
Buffers:           48848 kB
Cached:           303620 kB
MemTotal:        1844596 kB
MemFree:         1313256 kB
MemAvailable:    1539600 kB
Buffers:           48848 kB
Cached:           303620 kB
MemTotal:        1844596 kB
MemFree:         1313404 kB
MemAvailable:    1539748 kB
Buffers:           48848 kB
Cached:           303620 kB
MemTotal:        1844596 kB
MemFree:         1311360 kB
MemAvailable:    1537704 kB
Buffers:           48848 kB
Cached:           303620 kB
MemTotal:        1844596 kB
MemFree:         1311112 kB
MemAvailable:    1537456 kB
Buffers:           48848 kB
Cached:           303620 kB
MemTotal:        1844596 kB
MemFree:         1310072 kB
MemAvailable:    1536420 kB
Buffers:           48848 kB
Cached:           303624 kB
MemTotal:        1844596 kB
MemFree:         1309616 kB
MemAvailable:    1535964 kB
Buffers:           48848 kB
Cached:           303624 kB
MemTotal:        1844596 kB
MemFree:         1309868 kB
MemAvailable:    1536216 kB
Buffers:           48848 kB
Cached:           303624 kB
MemTotal:        1844596 kB
MemFree:         1307516 kB
MemAvailable:    1533864 kB
Buffers:           48848 kB
Cached:           303624 kB
MemTotal:        1844596 kB
MemFree:         1308144 kB
MemAvailable:    1534492 kB
Buffers:           48848 kB
Cached:           303624 kB
MemTotal:        1844596 kB
MemFree:         1308004 kB
MemAvailable:    1534352 kB
Buffers:           48848 kB
Cached:           303624 kB
MemTotal:        1844596 kB
MemFree:         1308340 kB
MemAvailable:    1534688 kB
Buffers:           48848 kB
Cached:           303624 kB
MemTotal:        1844596 kB
MemFree:         1308200 kB
MemAvailable:    1534548 kB
Buffers:           48848 kB
Cached:           303624 kB
MemTotal:        1844596 kB
MemFree:         1306664 kB
MemAvailable:    1533012 kB
Buffers:           48848 kB
Cached:           303624 kB
MemTotal:        1844596 kB
MemFree:         1306664 kB
MemAvailable:    1533012 kB
Buffers:           48848 kB
Cached:           303624 kB
MemTotal:        1844596 kB
MemFree:         1306664 kB
MemAvailable:    1533012 kB
Buffers:           48848 kB
Cached:           303624 kB
MemTotal:        1844596 kB
MemFree:         1307716 kB
MemAvailable:    1534068 kB
Buffers:           48848 kB
Cached:           303628 kB
MemTotal:        1844596 kB
MemFree:         1306408 kB
MemAvailable:    1532760 kB
Buffers:           48848 kB
Cached:           303628 kB
MemTotal:        1844596 kB
MemFree:         1307344 kB
MemAvailable:    1533696 kB
Buffers:           48848 kB
Cached:           303628 kB
MemTotal:        1844596 kB
MemFree:         1305920 kB
MemAvailable:    1532272 kB
Buffers:           48848 kB
Cached:           303628 kB
MemTotal:        1844596 kB
MemFree:         1307144 kB
MemAvailable:    1533496 kB
Buffers:           48848 kB
Cached:           303628 kB
MemTotal:        1844596 kB
MemFree:         1305400 kB
MemAvailable:    1531752 kB
Buffers:           48848 kB
Cached:           303628 kB
MemTotal:        1844596 kB
MemFree:         1306916 kB
MemAvailable:    1533268 kB
Buffers:           48848 kB
Cached:           303628 kB
MemTotal:        1844596 kB
MemFree:         1306284 kB
MemAvailable:    1532636 kB
Buffers:           48848 kB
Cached:           303628 kB
MemTotal:        1844596 kB
MemFree:         1306708 kB
MemAvailable:    1533060 kB
Buffers:           48848 kB
Cached:           303628 kB
MemTotal:        1844596 kB
MemFree:         1306960 kB
MemAvailable:    1533312 kB
Buffers:           48848 kB
Cached:           303628 kB
MemTotal:        1844596 kB
MemFree:         1305644 kB
MemAvailable:    1531996 kB
Buffers:           48848 kB
Cached:           303628 kB
MemTotal:        1844596 kB
MemFree:         1305464 kB
MemAvailable:    1531816 kB
Buffers:           48848 kB
Cached:           303628 kB
MemTotal:        1844596 kB
MemFree:         1306864 kB
MemAvailable:    1533216 kB
Buffers:           48848 kB
Cached:           303628 kB
MemTotal:        1844596 kB
MemFree:         1306864 kB
MemAvailable:    1533216 kB
Buffers:           48848 kB
Cached:           303628 kB
MemTotal:        1844596 kB
MemFree:         1306524 kB
MemAvailable:    1532876 kB
Buffers:           48848 kB
Cached:           303628 kB
MemTotal:        1844596 kB
MemFree:         1306776 kB
MemAvailable:    1533128 kB
Buffers:           48848 kB
Cached:           303628 kB
MemTotal:        1844596 kB
MemFree:         1305292 kB
MemAvailable:    1531644 kB
Buffers:           48848 kB
Cached:           303628 kB
MemTotal:        1844596 kB
MemFree:         1305028 kB
MemAvailable:    1531380 kB
Buffers:           48848 kB
Cached:           303628 kB
MemTotal:        1844596 kB
MemFree:         1306292 kB
MemAvailable:    1532644 kB
Buffers:           48848 kB
Cached:           303628 kB
MemTotal:        1844596 kB
MemFree:         1305772 kB
MemAvailable:    1532124 kB
Buffers:           48848 kB
Cached:           303628 kB
MemTotal:        1844596 kB
MemFree:         1305856 kB
MemAvailable:    1532208 kB
Buffers:           48848 kB
Cached:           303628 kB
MemTotal:        1844596 kB
MemFree:         1306028 kB
MemAvailable:    1532380 kB
Buffers:           48848 kB
Cached:           303628 kB
MemTotal:        1844596 kB
MemFree:         1305176 kB
MemAvailable:    1531528 kB
Buffers:           48848 kB
Cached:           303628 kB
MemTotal:        1844596 kB
MemFree:         1305760 kB
MemAvailable:    1532112 kB
Buffers:           48848 kB
Cached:           303628 kB
MemTotal:        1844596 kB
MemFree:         1305928 kB
MemAvailable:    1532280 kB
Buffers:           48848 kB
Cached:           303628 kB
MemTotal:        1844596 kB
MemFree:         1305856 kB
MemAvailable:    1532208 kB
Buffers:           48848 kB
Cached:           303628 kB
MemTotal:        1844596 kB
MemFree:         1305780 kB
MemAvailable:    1532132 kB
Buffers:           48848 kB
Cached:           303628 kB
MemTotal:        1844596 kB
MemFree:         1306116 kB
MemAvailable:    1532468 kB
Buffers:           48848 kB
Cached:           303628 kB
MemTotal:        1844596 kB
MemFree:         1304540 kB
MemAvailable:    1530892 kB
Buffers:           48848 kB
Cached:           303628 kB
MemTotal:        1844596 kB
MemFree:         1305236 kB
MemAvailable:    1531588 kB
Buffers:           48848 kB
Cached:           303628 kB
MemTotal:        1844596 kB
MemFree:         1302556 kB
MemAvailable:    1528908 kB
Buffers:           48848 kB
Cached:           303628 kB
MemTotal:        1844596 kB
MemFree:         1302556 kB
MemAvailable:    1528908 kB
Buffers:           48848 kB
Cached:           303628 kB
MemTotal:        1844596 kB
MemFree:         1299444 kB
MemAvailable:    1525796 kB
Buffers:           48848 kB
Cached:           303628 kB
MemTotal:        1844596 kB
MemFree:         1297240 kB
MemAvailable:    1523592 kB
Buffers:           48848 kB
Cached:           303628 kB
MemTotal:        1844596 kB
MemFree:         1297436 kB
MemAvailable:    1523788 kB
Buffers:           48848 kB
Cached:           303628 kB
MemTotal:        1844596 kB
MemFree:         1298024 kB
MemAvailable:    1524376 kB
Buffers:           48848 kB
Cached:           303628 kB
MemTotal:        1844596 kB
MemFree:         1298276 kB
MemAvailable:    1524628 kB
Buffers:           48848 kB
Cached:           303628 kB
MemTotal:        1844596 kB
MemFree:         1296792 kB
MemAvailable:    1523144 kB
Buffers:           48848 kB
Cached:           303628 kB
MemTotal:        1844596 kB
MemFree:         1298092 kB
MemAvailable:    1524444 kB
Buffers:           48848 kB
Cached:           303628 kB
MemTotal:        1844596 kB
MemFree:         1298008 kB
MemAvailable:    1524360 kB
Buffers:           48848 kB
Cached:           303628 kB
MemTotal:        1844596 kB
MemFree:         1298008 kB
MemAvailable:    1524360 kB
Buffers:           48848 kB
Cached:           303628 kB
MemTotal:        1844596 kB
MemFree:         1297772 kB
MemAvailable:    1524124 kB
Buffers:           48848 kB
Cached:           303628 kB
MemTotal:        1844596 kB
MemFree:         1298108 kB
MemAvailable:    1524460 kB
Buffers:           48848 kB
Cached:           303628 kB
MemTotal:        1844596 kB
MemFree:         1296700 kB
MemAvailable:    1523052 kB
Buffers:           48848 kB
Cached:           303628 kB
MemTotal:        1844596 kB
MemFree:         1297240 kB
MemAvailable:    1523592 kB
Buffers:           48848 kB
Cached:           303628 kB
MemTotal:        1844596 kB
MemFree:         1298292 kB
MemAvailable:    1524648 kB
Buffers:           48848 kB
Cached:           303632 kB
MemTotal:        1844596 kB
MemFree:         1298160 kB
MemAvailable:    1524516 kB
Buffers:           48848 kB
Cached:           303632 kB
MemTotal:        1844596 kB
MemFree:         1297988 kB
MemAvailable:    1524344 kB
Buffers:           48848 kB
Cached:           303632 kB
MemTotal:        1844596 kB
MemFree:         1297816 kB
MemAvailable:    1524172 kB
Buffers:           48848 kB
Cached:           303632 kB
MemTotal:        1844596 kB
MemFree:         1298068 kB
MemAvailable:    1524424 kB
Buffers:           48848 kB
Cached:           303632 kB
MemTotal:        1844596 kB
MemFree:         1297592 kB
MemAvailable:    1523948 kB
Buffers:           48848 kB
Cached:           303632 kB
MemTotal:        1844596 kB
MemFree:         1296364 kB
MemAvailable:    1522720 kB
Buffers:           48848 kB
Cached:           303632 kB
MemTotal:        1844596 kB
MemFree:         1296928 kB
MemAvailable:    1523284 kB
Buffers:           48848 kB
Cached:           303632 kB
MemTotal:        1844596 kB
MemFree:         1296496 kB
MemAvailable:    1522852 kB
Buffers:           48848 kB
Cached:           303632 kB
MemTotal:        1844596 kB
MemFree:         1296092 kB
MemAvailable:    1522448 kB
Buffers:           48848 kB
Cached:           303632 kB
MemTotal:        1844596 kB
MemFree:         1296176 kB
MemAvailable:    1522532 kB
Buffers:           48848 kB
Cached:           303632 kB
MemTotal:        1844596 kB
MemFree:         1296104 kB
MemAvailable:    1522460 kB
Buffers:           48848 kB
Cached:           303632 kB
MemTotal:        1844596 kB
MemFree:         1294140 kB
MemAvailable:    1520496 kB
Buffers:           48848 kB
Cached:           303632 kB
MemTotal:        1844596 kB
MemFree:         1295112 kB
MemAvailable:    1521468 kB
Buffers:           48848 kB
Cached:           303632 kB
MemTotal:        1844596 kB
MemFree:         1295056 kB
MemAvailable:    1521412 kB
Buffers:           48848 kB
Cached:           303632 kB
MemTotal:        1844596 kB
MemFree:         1294744 kB
MemAvailable:    1521100 kB
Buffers:           48848 kB
Cached:           303632 kB
MemTotal:        1844596 kB
MemFree:         1294760 kB
MemAvailable:    1521116 kB
Buffers:           48848 kB
Cached:           303632 kB
MemTotal:        1844596 kB
MemFree:         1293644 kB
MemAvailable:    1520000 kB
Buffers:           48848 kB
Cached:           303632 kB
MemTotal:        1844596 kB
MemFree:         1294448 kB
MemAvailable:    1520804 kB
Buffers:           48848 kB
Cached:           303632 kB
MemTotal:        1844596 kB
MemFree:         1293272 kB
MemAvailable:    1519628 kB
Buffers:           48848 kB
Cached:           303632 kB
MemTotal:        1844596 kB
MemFree:         1294028 kB
MemAvailable:    1520384 kB
Buffers:           48848 kB
Cached:           303632 kB
MemTotal:        1844596 kB
MemFree:         1292592 kB
MemAvailable:    1518948 kB
Buffers:           48848 kB
Cached:           303632 kB
MemTotal:        1844596 kB
MemFree:         1294000 kB
MemAvailable:    1520356 kB
Buffers:           48848 kB
Cached:           303632 kB
MemTotal:        1844596 kB
MemFree:         1294000 kB
MemAvailable:    1520356 kB
Buffers:           48848 kB
Cached:           303632 kB
MemTotal:        1844596 kB
MemFree:         1294220 kB
MemAvailable:    1520576 kB
Buffers:           48848 kB
Cached:           303632 kB
MemTotal:        1844596 kB
MemFree:         1293592 kB
MemAvailable:    1519948 kB
Buffers:           48848 kB
Cached:           303632 kB
MemTotal:        1844596 kB
MemFree:         1294008 kB
MemAvailable:    1520364 kB
Buffers:           48848 kB
Cached:           303632 kB
MemTotal:        1844596 kB
MemFree:         1293272 kB
MemAvailable:    1519628 kB
Buffers:           48848 kB
Cached:           303632 kB
MemTotal:        1844596 kB
MemFree:         1293704 kB
MemAvailable:    1520060 kB
Buffers:           48848 kB
Cached:           303632 kB
MemTotal:        1844596 kB
MemFree:         1293372 kB
MemAvailable:    1519728 kB
Buffers:           48848 kB
Cached:           303632 kB
MemTotal:        1844596 kB
MemFree:         1293372 kB
MemAvailable:    1519728 kB
Buffers:           48848 kB
Cached:           303632 kB
MemTotal:        1844596 kB
MemFree:         1286932 kB
MemAvailable:    1513288 kB
Buffers:           48848 kB
Cached:           303632 kB
MemTotal:        1844596 kB
MemFree:         1286932 kB
MemAvailable:    1513288 kB
Buffers:           48848 kB
Cached:           303632 kB
MemTotal:        1844596 kB
MemFree:         1286412 kB
MemAvailable:    1512936 kB
Buffers:           48848 kB
Cached:           303756 kB
MemTotal:        1844596 kB
MemFree:         1286496 kB
MemAvailable:    1513020 kB
Buffers:           48848 kB
Cached:           303756 kB
MemTotal:        1844596 kB
MemFree:         1286452 kB
MemAvailable:    1513116 kB
Buffers:           48848 kB
Cached:           303976 kB
MemTotal:        1844596 kB
MemFree:         1285468 kB
MemAvailable:    1512216 kB
Buffers:           48848 kB
Cached:           303976 kB
MemTotal:        1844596 kB
MemFree:         1285208 kB
MemAvailable:    1512040 kB
Buffers:           48856 kB
Cached:           304092 kB
MemTotal:        1844596 kB
MemFree:         1286072 kB
MemAvailable:    1512928 kB
Buffers:           48856 kB
Cached:           304200 kB
MemTotal:        1844596 kB
MemFree:         1286204 kB
MemAvailable:    1513144 kB
Buffers:           48856 kB
Cached:           304248 kB
MemTotal:        1844596 kB
MemFree:         1286212 kB
MemAvailable:    1513152 kB
Buffers:           48856 kB
Cached:           304248 kB
MemTotal:        1844596 kB
MemFree:         1286148 kB
MemAvailable:    1513172 kB
Buffers:           48856 kB
Cached:           304248 kB
MemTotal:        1844596 kB
MemFree:         1284716 kB
MemAvailable:    1511740 kB
Buffers:           48856 kB
Cached:           304248 kB
MemTotal:        1844596 kB
MemFree:         1286016 kB
MemAvailable:    1513040 kB
Buffers:           48856 kB
Cached:           304248 kB
MemTotal:        1844596 kB
MemFree:         1286016 kB
MemAvailable:    1513040 kB
Buffers:           48856 kB
Cached:           304248 kB
MemTotal:        1844596 kB
MemFree:         1285344 kB
MemAvailable:    1512368 kB
Buffers:           48856 kB
Cached:           304248 kB
MemTotal:        1844596 kB
MemFree:         1286096 kB
MemAvailable:    1513120 kB
Buffers:           48856 kB
Cached:           304248 kB
MemTotal:        1844596 kB
MemFree:         1286140 kB
MemAvailable:    1513164 kB
Buffers:           48856 kB
Cached:           304248 kB
MemTotal:        1844596 kB
MemFree:         1286060 kB
MemAvailable:    1512496 kB
Buffers:           48856 kB
Cached:           303616 kB
MemTotal:        1844596 kB
MemFree:         1286744 kB
MemAvailable:    1513180 kB
Buffers:           48856 kB
Cached:           303616 kB
