MemTotal:        1844596 kB
MemFree:         1573604 kB
MemAvailable:    1580544 kB
Buffers:           21556 kB
Cached:           117564 kB
MemTotal:        1844596 kB
MemFree:         1573788 kB
MemAvailable:    1580728 kB
Buffers:           21556 kB
Cached:           117564 kB
MemTotal:        1844596 kB
MemFree:         1570240 kB
MemAvailable:    1577180 kB
Buffers:           21556 kB
Cached:           117564 kB
MemTotal:        1844596 kB
MemFree:         1570076 kB
MemAvailable:    1577016 kB
Buffers:           21556 kB
Cached:           117564 kB
MemTotal:        1844596 kB
MemFree:         1570436 kB
MemAvailable:    1577376 kB
Buffers:           21556 kB
Cached:           117564 kB
MemTotal:        1844596 kB
MemFree:         1568968 kB
MemAvailable:    1575908 kB
Buffers:           21556 kB
Cached:           117564 kB
MemTotal:        1844596 kB
MemFree:         1568520 kB
MemAvailable:    1575460 kB
Buffers:           21556 kB
Cached:           117564 kB
MemTotal:        1844596 kB
MemFree:         1565900 kB
MemAvailable:    1572840 kB
Buffers:           21556 kB
Cached:           117564 kB
MemTotal:        1844596 kB
MemFree:         1565404 kB
MemAvailable:    1572344 kB
Buffers:           21556 kB
Cached:           117564 kB
MemTotal:        1844596 kB
MemFree:         1561064 kB
MemAvailable:    1568004 kB
Buffers:           21556 kB
Cached:           117564 kB
MemTotal:        1844596 kB
MemFree:         1560336 kB
MemAvailable:    1567276 kB
Buffers:           21556 kB
Cached:           117564 kB
MemTotal:        1844596 kB
MemFree:         1558936 kB
MemAvailable:    1565876 kB
Buffers:           21556 kB
Cached:           117564 kB
MemTotal:        1844596 kB
MemFree:         1560356 kB
MemAvailable:    1567296 kB
Buffers:           21556 kB
Cached:           117564 kB
MemTotal:        1844596 kB
MemFree:         1559592 kB
MemAvailable:    1566532 kB
Buffers:           21556 kB
Cached:           117564 kB
MemTotal:        1844596 kB
MemFree:         1560184 kB
MemAvailable:    1567124 kB
Buffers:           21556 kB
Cached:           117564 kB
MemTotal:        1844596 kB
MemFree:         1560520 kB
MemAvailable:    1567460 kB
Buffers:           21556 kB
Cached:           117564 kB
MemTotal:        1844596 kB
MemFree:         1558944 kB
MemAvailable:    1565884 kB
Buffers:           21556 kB
Cached:           117564 kB
MemTotal:        1844596 kB
MemFree:         1558812 kB
MemAvailable:    1565752 kB
Buffers:           21556 kB
Cached:           117564 kB
MemTotal:        1844596 kB
MemFree:         1557856 kB
MemAvailable:    1564796 kB
Buffers:           21556 kB
Cached:           117564 kB
MemTotal:        1844596 kB
MemFree:         1558228 kB
MemAvailable:    1565168 kB
Buffers:           21556 kB
Cached:           117564 kB
MemTotal:        1844596 kB
MemFree:         1556988 kB
MemAvailable:    1563928 kB
Buffers:           21556 kB
Cached:           117564 kB
MemTotal:        1844596 kB
MemFree:         1557700 kB
MemAvailable:    1564640 kB
Buffers:           21556 kB
Cached:           117564 kB
MemTotal:        1844596 kB
MemFree:         1557952 kB
MemAvailable:    1564892 kB
Buffers:           21556 kB
Cached:           117564 kB
MemTotal:        1844596 kB
MemFree:         1557696 kB
MemAvailable:    1564636 kB
Buffers:           21556 kB
Cached:           117564 kB
MemTotal:        1844596 kB
MemFree:         1558032 kB
MemAvailable:    1564972 kB
Buffers:           21556 kB
Cached:           117564 kB
MemTotal:        1844596 kB
MemFree:         1556352 kB
MemAvailable:    1563292 kB
Buffers:           21556 kB
Cached:           117564 kB
MemTotal:        1844596 kB
MemFree:         1556440 kB
MemAvailable:    1563380 kB
Buffers:           21556 kB
Cached:           117564 kB
MemTotal:        1844596 kB
MemFree:         1557676 kB
MemAvailable:    1564616 kB
Buffers:           21556 kB
Cached:           117564 kB
MemTotal:        1844596 kB
MemFree:         1557932 kB
MemAvailable:    1564872 kB
Buffers:           21556 kB
Cached:           117564 kB
MemTotal:        1844596 kB
MemFree:         1559156 kB
MemAvailable:    1566096 kB
Buffers:           21556 kB
Cached:           117564 kB
MemTotal:        1844596 kB
MemFree:         1557932 kB
MemAvailable:    1564872 kB
Buffers:           21556 kB
Cached:           117564 kB
MemTotal:        1844596 kB
MemFree:         1556848 kB
MemAvailable:    1563788 kB
Buffers:           21556 kB
Cached:           117564 kB
MemTotal:        1844596 kB
MemFree:         1556740 kB
MemAvailable:    1563680 kB
Buffers:           21556 kB
Cached:           117564 kB
MemTotal:        1844596 kB
MemFree:         1555624 kB
MemAvailable:    1562564 kB
Buffers:           21556 kB
Cached:           117564 kB
MemTotal:        1844596 kB
MemFree:         1555312 kB
MemAvailable:    1562252 kB
Buffers:           21556 kB
Cached:           117564 kB
MemTotal:        1844596 kB
MemFree:         1554880 kB
MemAvailable:    1561820 kB
Buffers:           21556 kB
Cached:           117564 kB
MemTotal:        1844596 kB
MemFree:         1554492 kB
MemAvailable:    1561432 kB
Buffers:           21556 kB
Cached:           117564 kB
MemTotal:        1844596 kB
MemFree:         1554828 kB
MemAvailable:    1561768 kB
Buffers:           21556 kB
Cached:           117564 kB
MemTotal:        1844596 kB
MemFree:         1552772 kB
MemAvailable:    1559712 kB
Buffers:           21556 kB
Cached:           117564 kB
MemTotal:        1844596 kB
MemFree:         1553616 kB
MemAvailable:    1560556 kB
Buffers:           21556 kB
Cached:           117564 kB
MemTotal:        1844596 kB
MemFree:         1553616 kB
MemAvailable:    1560556 kB
Buffers:           21556 kB
Cached:           117564 kB
MemTotal:        1844596 kB
MemFree:         1552220 kB
MemAvailable:    1559160 kB
Buffers:           21556 kB
Cached:           117564 kB
MemTotal:        1844596 kB
MemFree:         1552344 kB
MemAvailable:    1559284 kB
Buffers:           21556 kB
Cached:           117564 kB
MemTotal:        1844596 kB
MemFree:         1552344 kB
MemAvailable:    1559284 kB
Buffers:           21556 kB
Cached:           117564 kB
MemTotal:        1844596 kB
MemFree:         1553452 kB
MemAvailable:    1560392 kB
Buffers:           21556 kB
Cached:           117564 kB
MemTotal:        1844596 kB
MemFree:         1552152 kB
MemAvailable:    1559092 kB
Buffers:           21556 kB
Cached:           117564 kB
MemTotal:        1844596 kB
MemFree:         1552992 kB
MemAvailable:    1559932 kB
Buffers:           21556 kB
Cached:           117564 kB
MemTotal:        1844596 kB
MemFree:         1553328 kB
MemAvailable:    1560268 kB
Buffers:           21556 kB
Cached:           117564 kB
MemTotal:        1844596 kB
MemFree:         1552508 kB
MemAvailable:    1559448 kB
Buffers:           21556 kB
Cached:           117564 kB
MemTotal:        1844596 kB
MemFree:         1552624 kB
MemAvailable:    1559564 kB
Buffers:           21556 kB
Cached:           117564 kB
MemTotal:        1844596 kB
MemFree:         1552624 kB
MemAvailable:    1559564 kB
Buffers:           21556 kB
Cached:           117564 kB
MemTotal:        1844596 kB
MemFree:         1551260 kB
MemAvailable:    1558200 kB
Buffers:           21556 kB
Cached:           117564 kB
MemTotal:        1844596 kB
MemFree:         1551468 kB
MemAvailable:    1558408 kB
Buffers:           21556 kB
Cached:           117564 kB
MemTotal:        1844596 kB
MemFree:         1552680 kB
MemAvailable:    1559620 kB
Buffers:           21556 kB
Cached:           117564 kB
MemTotal:        1844596 kB
MemFree:         1552832 kB
MemAvailable:    1559772 kB
Buffers:           21556 kB
Cached:           117564 kB
MemTotal:        1844596 kB
MemFree:         1552508 kB
MemAvailable:    1559448 kB
Buffers:           21556 kB
Cached:           117564 kB
MemTotal:        1844596 kB
MemFree:         1552760 kB
MemAvailable:    1559700 kB
Buffers:           21556 kB
Cached:           117564 kB
MemTotal:        1844596 kB
MemFree:         1552488 kB
MemAvailable:    1559428 kB
Buffers:           21556 kB
Cached:           117564 kB
MemTotal:        1844596 kB
MemFree:         1552740 kB
MemAvailable:    1559680 kB
Buffers:           21556 kB
Cached:           117564 kB
MemTotal:        1844596 kB
MemFree:         1552320 kB
MemAvailable:    1559260 kB
Buffers:           21556 kB
Cached:           117564 kB
MemTotal:        1844596 kB
MemFree:         1552656 kB
MemAvailable:    1559596 kB
Buffers:           21556 kB
Cached:           117564 kB
MemTotal:        1844596 kB
MemFree:         1552388 kB
MemAvailable:    1559328 kB
Buffers:           21556 kB
Cached:           117564 kB
MemTotal:        1844596 kB
MemFree:         1550912 kB
MemAvailable:    1557852 kB
Buffers:           21556 kB
Cached:           117564 kB
MemTotal:        1844596 kB
MemFree:         1551752 kB
MemAvailable:    1558692 kB
Buffers:           21556 kB
Cached:           117564 kB
MemTotal:        1844596 kB
MemFree:         1552004 kB
MemAvailable:    1558944 kB
Buffers:           21556 kB
Cached:           117564 kB
MemTotal:        1844596 kB
MemFree:         1550388 kB
MemAvailable:    1557328 kB
Buffers:           21556 kB
Cached:           117564 kB
MemTotal:        1844596 kB
MemFree:         1551488 kB
MemAvailable:    1558428 kB
Buffers:           21556 kB
Cached:           117564 kB
MemTotal:        1844596 kB
MemFree:         1551656 kB
MemAvailable:    1558596 kB
Buffers:           21556 kB
Cached:           117564 kB
MemTotal:        1844596 kB
MemFree:         1550352 kB
MemAvailable:    1557292 kB
Buffers:           21556 kB
Cached:           117564 kB
MemTotal:        1844596 kB
MemFree:         1551652 kB
MemAvailable:    1558592 kB
Buffers:           21556 kB
Cached:           117564 kB
MemTotal:        1844596 kB
MemFree:         1550380 kB
MemAvailable:    1557320 kB
Buffers:           21556 kB
Cached:           117564 kB
MemTotal:        1844596 kB
MemFree:         1550380 kB
MemAvailable:    1557320 kB
Buffers:           21556 kB
Cached:           117564 kB
MemTotal:        1844596 kB
MemFree:         1550388 kB
MemAvailable:    1557328 kB
Buffers:           21556 kB
Cached:           117564 kB
MemTotal:        1844596 kB
MemFree:         1549532 kB
MemAvailable:    1556476 kB
Buffers:           21556 kB
Cached:           117568 kB
MemTotal:        1844596 kB
MemFree:         1549532 kB
MemAvailable:    1556476 kB
Buffers:           21556 kB
Cached:           117568 kB
MemTotal:        1844596 kB
MemFree:         1545440 kB
MemAvailable:    1552384 kB
Buffers:           21556 kB
Cached:           117568 kB
MemTotal:        1844596 kB
MemFree:         1545196 kB
MemAvailable:    1552140 kB
Buffers:           21556 kB
Cached:           117568 kB
MemTotal:        1844596 kB
MemFree:         1544076 kB
MemAvailable:    1551028 kB
Buffers:           21556 kB
Cached:           117576 kB
MemTotal:        1844596 kB
MemFree:         1544076 kB
MemAvailable:    1551028 kB
Buffers:           21556 kB
Cached:           117576 kB
MemTotal:        1844596 kB
MemFree:         1542580 kB
MemAvailable:    1549532 kB
Buffers:           21556 kB
Cached:           117576 kB
MemTotal:        1844596 kB
MemFree:         1543828 kB
MemAvailable:    1550780 kB
Buffers:           21556 kB
Cached:           117576 kB
MemTotal:        1844596 kB
MemFree:         1543640 kB
MemAvailable:    1550592 kB
Buffers:           21556 kB
Cached:           117576 kB
MemTotal:        1844596 kB
MemFree:         1543640 kB
MemAvailable:    1550592 kB
Buffers:           21556 kB
Cached:           117576 kB
MemTotal:        1844596 kB
MemFree:         1543832 kB
MemAvailable:    1550784 kB
Buffers:           21556 kB
Cached:           117576 kB
MemTotal:        1844596 kB
MemFree:         1543720 kB
MemAvailable:    1550672 kB
Buffers:           21556 kB
Cached:           117576 kB
MemTotal:        1844596 kB
MemFree:         1543840 kB
MemAvailable:    1550792 kB
Buffers:           21556 kB
Cached:           117576 kB
MemTotal:        1844596 kB
MemFree:         1542844 kB
MemAvailable:    1549796 kB
Buffers:           21564 kB
Cached:           117568 kB
MemTotal:        1844596 kB
MemFree:         1543568 kB
MemAvailable:    1550520 kB
Buffers:           21568 kB
Cached:           117564 kB
MemTotal:        1844596 kB
MemFree:         1543652 kB
MemAvailable:    1550604 kB
Buffers:           21568 kB
Cached:           117564 kB
MemTotal:        1844596 kB
MemFree:         1543524 kB
MemAvailable:    1550476 kB
Buffers:           21568 kB
Cached:           117564 kB
MemTotal:        1844596 kB
MemFree:         1543860 kB
MemAvailable:    1550812 kB
Buffers:           21568 kB
Cached:           117564 kB
MemTotal:        1844596 kB
MemFree:         1543456 kB
MemAvailable:    1550408 kB
Buffers:           21568 kB
Cached:           117564 kB
MemTotal:        1844596 kB
MemFree:         1543456 kB
MemAvailable:    1550408 kB
Buffers:           21568 kB
Cached:           117564 kB
MemTotal:        1844596 kB
MemFree:         1543228 kB
MemAvailable:    1550180 kB
Buffers:           21568 kB
Cached:           117564 kB
MemTotal:        1844596 kB
MemFree:         1542588 kB
MemAvailable:    1549540 kB
Buffers:           21568 kB
Cached:           117564 kB
MemTotal:        1844596 kB
MemFree:         1542672 kB
MemAvailable:    1549624 kB
Buffers:           21568 kB
Cached:           117564 kB
MemTotal:        1844596 kB
MemFree:         1542508 kB
MemAvailable:    1549460 kB
Buffers:           21568 kB
Cached:           117564 kB
MemTotal:        1844596 kB
MemFree:         1541116 kB
MemAvailable:    1548068 kB
Buffers:           21568 kB
Cached:           117564 kB
MemTotal:        1844596 kB
MemFree:         1542168 kB
MemAvailable:    1549136 kB
Buffers:           21568 kB
Cached:           117580 kB
MemTotal:        1844596 kB
MemFree:         1540728 kB
MemAvailable:    1547696 kB
Buffers:           21568 kB
Cached:           117580 kB
MemTotal:        1844596 kB
MemFree:         1540612 kB
MemAvailable:    1547580 kB
Buffers:           21568 kB
Cached:           117580 kB
MemTotal:        1844596 kB
MemFree:         1540688 kB
MemAvailable:    1547656 kB
Buffers:           21568 kB
Cached:           117580 kB
MemTotal:        1844596 kB
MemFree:         1540688 kB
MemAvailable:    1547656 kB
Buffers:           21568 kB
Cached:           117580 kB
MemTotal:        1844596 kB
MemFree:         1540800 kB
MemAvailable:    1547768 kB
Buffers:           21568 kB
Cached:           117580 kB
MemTotal:        1844596 kB
MemFree:         1539116 kB
MemAvailable:    1546084 kB
Buffers:           21568 kB
Cached:           117580 kB
MemTotal:        1844596 kB
MemFree:         1539496 kB
MemAvailable:    1546464 kB
Buffers:           21568 kB
Cached:           117580 kB
MemTotal:        1844596 kB
MemFree:         1540372 kB
MemAvailable:    1547340 kB
Buffers:           21568 kB
Cached:           117580 kB
MemTotal:        1844596 kB
MemFree:         1538876 kB
MemAvailable:    1545844 kB
Buffers:           21568 kB
Cached:           117580 kB
MemTotal:        1844596 kB
MemFree:         1540176 kB
MemAvailable:    1547144 kB
Buffers:           21568 kB
Cached:           117580 kB
MemTotal:        1844596 kB
MemFree:         1539984 kB
MemAvailable:    1546952 kB
Buffers:           21568 kB
Cached:           117580 kB
MemTotal:        1844596 kB
MemFree:         1540068 kB
MemAvailable:    1547036 kB
Buffers:           21568 kB
Cached:           117580 kB
MemTotal:        1844596 kB
MemFree:         1539880 kB
MemAvailable:    1546848 kB
Buffers:           21568 kB
Cached:           117580 kB
MemTotal:        1844596 kB
MemFree:         1538700 kB
MemAvailable:    1545668 kB
Buffers:           21568 kB
Cached:           117580 kB
MemTotal:        1844596 kB
MemFree:         1539720 kB
MemAvailable:    1546688 kB
Buffers:           21568 kB
Cached:           117580 kB
MemTotal:        1844596 kB
MemFree:         1539720 kB
MemAvailable:    1546688 kB
Buffers:           21568 kB
Cached:           117580 kB
MemTotal:        1844596 kB
MemFree:         1538572 kB
MemAvailable:    1545540 kB
Buffers:           21568 kB
Cached:           117580 kB
MemTotal:        1844596 kB
MemFree:         1538264 kB
MemAvailable:    1545232 kB
Buffers:           21568 kB
Cached:           117580 kB
MemTotal:        1844596 kB
MemFree:         1538132 kB
MemAvailable:    1545100 kB
Buffers:           21568 kB
Cached:           117580 kB
MemTotal:        1844596 kB
MemFree:         1533736 kB
MemAvailable:    1540708 kB
Buffers:           21568 kB
Cached:           117584 kB
MemTotal:        1844596 kB
MemFree:         1532248 kB
MemAvailable:    1539220 kB
Buffers:           21568 kB
Cached:           117584 kB
MemTotal:        1844596 kB
MemFree:         1530816 kB
MemAvailable:    1537788 kB
Buffers:           21568 kB
Cached:           117584 kB
MemTotal:        1844596 kB
MemFree:         1531676 kB
MemAvailable:    1538900 kB
Buffers:           21568 kB
Cached:           117832 kB
MemTotal:        1844596 kB
MemFree:         1531760 kB
MemAvailable:    1538984 kB
Buffers:           21568 kB
Cached:           117832 kB
MemTotal:        1844596 kB
MemFree:         1531416 kB
MemAvailable:    1538808 kB
Buffers:           21568 kB
Cached:           118080 kB
MemTotal:        1844596 kB
MemFree:         1531416 kB
MemAvailable:    1538808 kB
Buffers:           21568 kB
Cached:           118080 kB
MemTotal:        1844596 kB
MemFree:         1531248 kB
MemAvailable:    1538724 kB
Buffers:           21568 kB
Cached:           118204 kB
MemTotal:        1844596 kB
MemFree:         1531500 kB
MemAvailable:    1538976 kB
Buffers:           21568 kB
Cached:           118204 kB
MemTotal:        1844596 kB
MemFree:         1531324 kB
MemAvailable:    1538884 kB
Buffers:           21568 kB
Cached:           118204 kB
MemTotal:        1844596 kB
MemFree:         1531488 kB
MemAvailable:    1539048 kB
Buffers:           21568 kB
Cached:           118204 kB
MemTotal:        1844596 kB
MemFree:         1530180 kB
MemAvailable:    1537740 kB
Buffers:           21568 kB
Cached:           118204 kB
MemTotal:        1844596 kB
MemFree:         1531388 kB
MemAvailable:    1538948 kB
Buffers:           21568 kB
Cached:           118204 kB
MemTotal:        1844596 kB
MemFree:         1530156 kB
MemAvailable:    1537716 kB
Buffers:           21568 kB
Cached:           118204 kB
MemTotal:        1844596 kB
MemFree:         1531380 kB
MemAvailable:    1538940 kB
Buffers:           21568 kB
Cached:           118204 kB
MemTotal:        1844596 kB
MemFree:         1531332 kB
MemAvailable:    1538892 kB
Buffers:           21568 kB
Cached:           118204 kB
MemTotal:        1844596 kB
MemFree:         1530116 kB
MemAvailable:    1537088 kB
Buffers:           21568 kB
Cached:           117572 kB
MemTotal:        1844596 kB
MemFree:         1600908 kB
MemAvailable:    1607880 kB
Buffers:           21568 kB
Cached:           117572 kB
