MemTotal:        1844596 kB
MemFree:         1384212 kB
MemAvailable:    1561352 kB
Buffers:           43436 kB
Cached:           264176 kB
MemTotal:        1844596 kB
MemFree:         1382556 kB
MemAvailable:    1559696 kB
Buffers:           43436 kB
Cached:           264176 kB
MemTotal:        1844596 kB
MemFree:         1380696 kB
MemAvailable:    1557836 kB
Buffers:           43436 kB
Cached:           264176 kB
MemTotal:        1844596 kB
MemFree:         1380572 kB
MemAvailable:    1557712 kB
Buffers:           43436 kB
Cached:           264176 kB
MemTotal:        1844596 kB
MemFree:         1379208 kB
MemAvailable:    1556348 kB
Buffers:           43436 kB
Cached:           264176 kB
MemTotal:        1844596 kB
MemFree:         1379324 kB
MemAvailable:    1556464 kB
Buffers:           43436 kB
Cached:           264176 kB
MemTotal:        1844596 kB
MemFree:         1375672 kB
MemAvailable:    1552812 kB
Buffers:           43436 kB
Cached:           264176 kB
MemTotal:        1844596 kB
MemFree:         1372884 kB
MemAvailable:    1550024 kB
Buffers:           43436 kB
Cached:           264176 kB
MemTotal:        1844596 kB
MemFree:         1369040 kB
MemAvailable:    1546180 kB
Buffers:           43436 kB
Cached:           264176 kB
MemTotal:        1844596 kB
MemFree:         1370492 kB
MemAvailable:    1547632 kB
Buffers:           43436 kB
Cached:           264176 kB
MemTotal:        1844596 kB
MemFree:         1370280 kB
MemAvailable:    1547420 kB
Buffers:           43436 kB
Cached:           264176 kB
MemTotal:        1844596 kB
MemFree:         1369536 kB
MemAvailable:    1546676 kB
Buffers:           43436 kB
Cached:           264176 kB
MemTotal:        1844596 kB
MemFree:         1370328 kB
MemAvailable:    1547468 kB
Buffers:           43436 kB
Cached:           264176 kB
MemTotal:        1844596 kB
MemFree:         1370196 kB
MemAvailable:    1547336 kB
Buffers:           43436 kB
Cached:           264176 kB
MemTotal:        1844596 kB
MemFree:         1369948 kB
MemAvailable:    1547088 kB
Buffers:           43436 kB
Cached:           264176 kB
MemTotal:        1844596 kB
MemFree:         1370200 kB
MemAvailable:    1547340 kB
Buffers:           43436 kB
Cached:           264176 kB
MemTotal:        1844596 kB
MemFree:         1368776 kB
MemAvailable:    1545916 kB
Buffers:           43436 kB
Cached:           264176 kB
MemTotal:        1844596 kB
MemFree:         1368904 kB
MemAvailable:    1546044 kB
Buffers:           43436 kB
Cached:           264176 kB
MemTotal:        1844596 kB
MemFree:         1367984 kB
MemAvailable:    1545124 kB
Buffers:           43436 kB
Cached:           264176 kB
MemTotal:        1844596 kB
MemFree:         1366808 kB
MemAvailable:    1543948 kB
Buffers:           43436 kB
Cached:           264176 kB
MemTotal:        1844596 kB
MemFree:         1368048 kB
MemAvailable:    1545188 kB
Buffers:           43436 kB
Cached:           264176 kB
MemTotal:        1844596 kB
MemFree:         1366552 kB
MemAvailable:    1543692 kB
Buffers:           43436 kB
Cached:           264176 kB
MemTotal:        1844596 kB
MemFree:         1366544 kB
MemAvailable:    1543684 kB
Buffers:           43436 kB
Cached:           264176 kB
MemTotal:        1844596 kB
MemFree:         1367772 kB
MemAvailable:    1544912 kB
Buffers:           43436 kB
Cached:           264176 kB
MemTotal:        1844596 kB
MemFree:         1368024 kB
MemAvailable:    1545164 kB
Buffers:           43436 kB
Cached:           264176 kB
MemTotal:        1844596 kB
MemFree:         1367680 kB
MemAvailable:    1544820 kB
Buffers:           43436 kB
Cached:           264176 kB
MemTotal:        1844596 kB
MemFree:         1367924 kB
MemAvailable:    1545064 kB
Buffers:           43436 kB
Cached:           264176 kB
MemTotal:        1844596 kB
MemFree:         1367968 kB
MemAvailable:    1545108 kB
Buffers:           43436 kB
Cached:           264176 kB
MemTotal:        1844596 kB
MemFree:         1368232 kB
MemAvailable:    1545372 kB
Buffers:           43436 kB
Cached:           264176 kB
MemTotal:        1844596 kB
MemFree:         1366064 kB
MemAvailable:    1543204 kB
Buffers:           43436 kB
Cached:           264176 kB
MemTotal:        1844596 kB
MemFree:         1365428 kB
MemAvailable:    1542568 kB
Buffers:           43436 kB
Cached:           264176 kB
MemTotal:        1844596 kB
MemFree:         1365304 kB
MemAvailable:    1542444 kB
Buffers:           43436 kB
Cached:           264176 kB
MemTotal:        1844596 kB
MemFree:         1365008 kB
MemAvailable:    1542148 kB
Buffers:           43436 kB
Cached:           264176 kB
MemTotal:        1844596 kB
MemFree:         1364760 kB
MemAvailable:    1541900 kB
Buffers:           43436 kB
Cached:           264176 kB
MemTotal:        1844596 kB
MemFree:         1363328 kB
MemAvailable:    1540468 kB
Buffers:           43436 kB
Cached:           264176 kB
MemTotal:        1844596 kB
MemFree:         1363768 kB
MemAvailable:    1540908 kB
Buffers:           43436 kB
Cached:           264176 kB
MemTotal:        1844596 kB
MemFree:         1363660 kB
MemAvailable:    1540800 kB
Buffers:           43436 kB
Cached:           264176 kB
MemTotal:        1844596 kB
MemFree:         1362324 kB
MemAvailable:    1539464 kB
Buffers:           43436 kB
Cached:           264176 kB
MemTotal:        1844596 kB
MemFree:         1363524 kB
MemAvailable:    1540664 kB
Buffers:           43436 kB
Cached:           264176 kB
MemTotal:        1844596 kB
MemFree:         1363504 kB
MemAvailable:    1540644 kB
Buffers:           43436 kB
Cached:           264176 kB
MemTotal:        1844596 kB
MemFree:         1363584 kB
MemAvailable:    1540724 kB
Buffers:           43436 kB
Cached:           264176 kB
MemTotal:        1844596 kB
MemFree:         1362204 kB
MemAvailable:    1539344 kB
Buffers:           43436 kB
Cached:           264176 kB
MemTotal:        1844596 kB
MemFree:         1362204 kB
MemAvailable:    1539344 kB
Buffers:           43436 kB
Cached:           264176 kB
MemTotal:        1844596 kB
MemFree:         1361940 kB
MemAvailable:    1539080 kB
Buffers:           43436 kB
Cached:           264176 kB
MemTotal:        1844596 kB
MemFree:         1362944 kB
MemAvailable:    1540084 kB
Buffers:           43436 kB
Cached:           264176 kB
MemTotal:        1844596 kB
MemFree:         1361716 kB
MemAvailable:    1538856 kB
Buffers:           43436 kB
Cached:           264176 kB
MemTotal:        1844596 kB
MemFree:         1362760 kB
MemAvailable:    1539900 kB
Buffers:           43436 kB
Cached:           264176 kB
MemTotal:        1844596 kB
MemFree:         1361412 kB
MemAvailable:    1538552 kB
Buffers:           43436 kB
Cached:           264176 kB
MemTotal:        1844596 kB
MemFree:         1362456 kB
MemAvailable:    1539596 kB
Buffers:           43436 kB
Cached:           264176 kB
MemTotal:        1844596 kB
MemFree:         1361280 kB
MemAvailable:    1538420 kB
Buffers:           43436 kB
Cached:           264176 kB
MemTotal:        1844596 kB
MemFree:         1362664 kB
MemAvailable:    1539804 kB
Buffers:           43436 kB
Cached:           264176 kB
MemTotal:        1844596 kB
MemFree:         1362584 kB
MemAvailable:    1539724 kB
Buffers:           43436 kB
Cached:           264176 kB
MemTotal:        1844596 kB
MemFree:         1362380 kB
MemAvailable:    1539520 kB
Buffers:           43436 kB
Cached:           264176 kB
MemTotal:        1844596 kB
MemFree:         1362716 kB
MemAvailable:    1539856 kB
Buffers:           43436 kB
Cached:           264176 kB
MemTotal:        1844596 kB
MemFree:         1362508 kB
MemAvailable:    1539648 kB
Buffers:           43436 kB
Cached:           264176 kB
MemTotal:        1844596 kB
MemFree:         1362508 kB
MemAvailable:    1539648 kB
Buffers:           43436 kB
Cached:           264176 kB
MemTotal:        1844596 kB
MemFree:         1362452 kB
MemAvailable:    1539592 kB
Buffers:           43436 kB
Cached:           264176 kB
MemTotal:        1844596 kB
MemFree:         1361104 kB
MemAvailable:    1538244 kB
Buffers:           43436 kB
Cached:           264176 kB
MemTotal:        1844596 kB
MemFree:         1361096 kB
MemAvailable:    1538236 kB
Buffers:           43436 kB
Cached:           264176 kB
MemTotal:        1844596 kB
MemFree:         1360980 kB
MemAvailable:    1538120 kB
Buffers:           43436 kB
Cached:           264176 kB
MemTotal:        1844596 kB
MemFree:         1361808 kB
MemAvailable:    1538948 kB
Buffers:           43436 kB
Cached:           264176 kB
MemTotal:        1844596 kB
MemFree:         1360732 kB
MemAvailable:    1537872 kB
Buffers:           43436 kB
Cached:           264176 kB
MemTotal:        1844596 kB
MemFree:         1360212 kB
MemAvailable:    1537352 kB
Buffers:           43436 kB
Cached:           264176 kB
MemTotal:        1844596 kB
MemFree:         1361772 kB
MemAvailable:    1538912 kB
Buffers:           43436 kB
Cached:           264176 kB
MemTotal:        1844596 kB
MemFree:         1360484 kB
MemAvailable:    1537624 kB
Buffers:           43436 kB
Cached:           264176 kB
MemTotal:        1844596 kB
MemFree:         1361840 kB
MemAvailable:    1538980 kB
Buffers:           43436 kB
Cached:           264176 kB
MemTotal:        1844596 kB
MemFree:         1360980 kB
MemAvailable:    1538120 kB
Buffers:           43436 kB
Cached:           264176 kB
MemTotal:        1844596 kB
MemFree:         1362096 kB
MemAvailable:    1539240 kB
Buffers:           43436 kB
Cached:           264180 kB
MemTotal:        1844596 kB
MemFree:         1360848 kB
MemAvailable:    1537992 kB
Buffers:           43436 kB
Cached:           264180 kB
MemTotal:        1844596 kB
MemFree:         1360732 kB
MemAvailable:    1537884 kB
Buffers:           43436 kB
Cached:           264188 kB
MemTotal:        1844596 kB
MemFree:         1360856 kB
MemAvailable:    1538008 kB
Buffers:           43436 kB
Cached:           264188 kB
MemTotal:        1844596 kB
MemFree:         1360360 kB
MemAvailable:    1537512 kB
Buffers:           43436 kB
Cached:           264188 kB
MemTotal:        1844596 kB
MemFree:         1359740 kB
MemAvailable:    1536892 kB
Buffers:           43436 kB
Cached:           264188 kB
MemTotal:        1844596 kB
MemFree:         1357500 kB
MemAvailable:    1534652 kB
Buffers:           43436 kB
Cached:           264188 kB
MemTotal:        1844596 kB
MemFree:         1354880 kB
MemAvailable:    1532032 kB
Buffers:           43436 kB
Cached:           264188 kB
MemTotal:        1844596 kB
MemFree:         1354880 kB
MemAvailable:    1532032 kB
Buffers:           43436 kB
Cached:           264188 kB
MemTotal:        1844596 kB
MemFree:         1354096 kB
MemAvailable:    1531248 kB
Buffers:           43436 kB
Cached:           264188 kB
MemTotal:        1844596 kB
MemFree:         1354012 kB
MemAvailable:    1531164 kB
Buffers:           43436 kB
Cached:           264188 kB
MemTotal:        1844596 kB
MemFree:         1353584 kB
MemAvailable:    1530736 kB
Buffers:           43436 kB
Cached:           264188 kB
MemTotal:        1844596 kB
MemFree:         1353408 kB
MemAvailable:    1530560 kB
Buffers:           43436 kB
Cached:           264188 kB
MemTotal:        1844596 kB
MemFree:         1353768 kB
MemAvailable:    1530920 kB
Buffers:           43436 kB
Cached:           264188 kB
MemTotal:        1844596 kB
MemFree:         1352396 kB
MemAvailable:    1529548 kB
Buffers:           43436 kB
Cached:           264188 kB
MemTotal:        1844596 kB
MemFree:         1352480 kB
MemAvailable:    1529632 kB
Buffers:           43436 kB
Cached:           264188 kB
MemTotal:        1844596 kB
MemFree:         1353692 kB
MemAvailable:    1530844 kB
Buffers:           43436 kB
Cached:           264188 kB
MemTotal:        1844596 kB
MemFree:         1353444 kB
MemAvailable:    1530596 kB
Buffers:           43436 kB
Cached:           264188 kB
MemTotal:        1844596 kB
MemFree:         1353696 kB
MemAvailable:    1530848 kB
Buffers:           43436 kB
Cached:           264188 kB
MemTotal:        1844596 kB
MemFree:         1353568 kB
MemAvailable:    1530720 kB
Buffers:           43436 kB
Cached:           264188 kB
MemTotal:        1844596 kB
MemFree:         1353820 kB
MemAvailable:    1530972 kB
Buffers:           43436 kB
Cached:           264188 kB
MemTotal:        1844596 kB
MemFree:         1353684 kB
MemAvailable:    1530836 kB
Buffers:           43436 kB
Cached:           264188 kB
MemTotal:        1844596 kB
MemFree:         1352416 kB
MemAvailable:    1529568 kB
Buffers:           43436 kB
Cached:           264188 kB
MemTotal:        1844596 kB
MemFree:         1352376 kB
MemAvailable:    1529528 kB
Buffers:           43436 kB
Cached:           264188 kB
MemTotal:        1844596 kB
MemFree:         1352052 kB
MemAvailable:    1529204 kB
Buffers:           43436 kB
Cached:           264188 kB
MemTotal:        1844596 kB
MemFree:         1351928 kB
MemAvailable:    1529080 kB
Buffers:           43436 kB
Cached:           264188 kB
MemTotal:        1844596 kB
MemFree:         1352648 kB
MemAvailable:    1529800 kB
Buffers:           43436 kB
Cached:           264188 kB
MemTotal:        1844596 kB
MemFree:         1352648 kB
MemAvailable:    1529800 kB
Buffers:           43436 kB
Cached:           264188 kB
MemTotal:        1844596 kB
MemFree:         1352212 kB
MemAvailable:    1529364 kB
Buffers:           43436 kB
Cached:           264188 kB
MemTotal:        1844596 kB
MemFree:         1350904 kB
MemAvailable:    1528056 kB
Buffers:           43436 kB
Cached:           264188 kB
MemTotal:        1844596 kB
MemFree:         1351036 kB
MemAvailable:    1528188 kB
Buffers:           43436 kB
Cached:           264188 kB
MemTotal:        1844596 kB
MemFree:         1350680 kB
MemAvailable:    1527832 kB
Buffers:           43436 kB
Cached:           264188 kB
MemTotal:        1844596 kB
MemFree:         1350724 kB
MemAvailable:    1527876 kB
Buffers:           43436 kB
Cached:           264188 kB
MemTotal:        1844596 kB
MemFree:         1350804 kB
MemAvailable:    1527956 kB
Buffers:           43436 kB
Cached:           264188 kB
MemTotal:        1844596 kB
MemFree:         1349192 kB
MemAvailable:    1526344 kB
Buffers:           43436 kB
Cached:           264188 kB
MemTotal:        1844596 kB
MemFree:         1349324 kB
MemAvailable:    1526476 kB
Buffers:           43436 kB
Cached:           264188 kB
MemTotal:        1844596 kB
MemFree:         1350376 kB
MemAvailable:    1527528 kB
Buffers:           43436 kB
Cached:           264188 kB
MemTotal:        1844596 kB
MemFree:         1350128 kB
MemAvailable:    1527280 kB
Buffers:           43436 kB
Cached:           264188 kB
MemTotal:        1844596 kB
MemFree:         1349796 kB
MemAvailable:    1526948 kB
Buffers:           43436 kB
Cached:           264188 kB
MemTotal:        1844596 kB
MemFree:         1349200 kB
MemAvailable:    1526352 kB
Buffers:           43436 kB
Cached:           264188 kB
MemTotal:        1844596 kB
MemFree:         1348524 kB
MemAvailable:    1525676 kB
Buffers:           43436 kB
Cached:           264188 kB
MemTotal:        1844596 kB
MemFree:         1349868 kB
MemAvailable:    1527020 kB
Buffers:           43436 kB
Cached:           264188 kB
MemTotal:        1844596 kB
MemFree:         1348436 kB
MemAvailable:    1525588 kB
Buffers:           43436 kB
Cached:           264188 kB
MemTotal:        1844596 kB
MemFree:         1349988 kB
MemAvailable:    1527140 kB
Buffers:           43436 kB
Cached:           264188 kB
MemTotal:        1844596 kB
MemFree:         1348548 kB
MemAvailable:    1525700 kB
Buffers:           43436 kB
Cached:           264188 kB
MemTotal:        1844596 kB
MemFree:         1348632 kB
MemAvailable:    1525784 kB
Buffers:           43436 kB
Cached:           264188 kB
MemTotal:        1844596 kB
MemFree:         1348500 kB
MemAvailable:    1525652 kB
Buffers:           43436 kB
Cached:           264188 kB
MemTotal:        1844596 kB
MemFree:         1348324 kB
MemAvailable:    1525476 kB
Buffers:           43436 kB
Cached:           264188 kB
MemTotal:        1844596 kB
MemFree:         1348200 kB
MemAvailable:    1525352 kB
Buffers:           43436 kB
Cached:           264188 kB
MemTotal:        1844596 kB
MemFree:         1346464 kB
MemAvailable:    1523616 kB
Buffers:           43436 kB
Cached:           264188 kB
MemTotal:        1844596 kB
MemFree:         1341760 kB
MemAvailable:    1518912 kB
Buffers:           43436 kB
Cached:           264188 kB
MemTotal:        1844596 kB
MemFree:         1338528 kB
MemAvailable:    1515764 kB
Buffers:           43436 kB
Cached:           264312 kB
MemTotal:        1844596 kB
MemFree:         1339644 kB
MemAvailable:    1516964 kB
Buffers:           43436 kB
Cached:           264312 kB
MemTotal:        1844596 kB
MemFree:         1338412 kB
MemAvailable:    1515732 kB
Buffers:           43436 kB
Cached:           264436 kB
MemTotal:        1844596 kB
MemFree:         1337984 kB
MemAvailable:    1515388 kB
Buffers:           43436 kB
Cached:           264560 kB
MemTotal:        1844596 kB
MemFree:         1339160 kB
MemAvailable:    1516732 kB
Buffers:           43436 kB
Cached:           264684 kB
MemTotal:        1844596 kB
MemFree:         1339412 kB
MemAvailable:    1517068 kB
Buffers:           43436 kB
Cached:           264808 kB
MemTotal:        1844596 kB
MemFree:         1337852 kB
MemAvailable:    1515508 kB
Buffers:           43436 kB
Cached:           264808 kB
MemTotal:        1844596 kB
MemFree:         1337968 kB
MemAvailable:    1515624 kB
Buffers:           43436 kB
Cached:           264808 kB
MemTotal:        1844596 kB
MemFree:         1339028 kB
MemAvailable:    1516768 kB
Buffers:           43436 kB
Cached:           264808 kB
MemTotal:        1844596 kB
MemFree:         1337720 kB
MemAvailable:    1515460 kB
Buffers:           43436 kB
Cached:           264808 kB
MemTotal:        1844596 kB
MemFree:         1338932 kB
MemAvailable:    1516672 kB
Buffers:           43436 kB
Cached:           264808 kB
MemTotal:        1844596 kB
MemFree:         1337916 kB
MemAvailable:    1515656 kB
Buffers:           43436 kB
Cached:           264808 kB
MemTotal:        1844596 kB
MemFree:         1338748 kB
MemAvailable:    1516488 kB
Buffers:           43436 kB
Cached:           264808 kB
MemTotal:        1844596 kB
MemFree:         1339084 kB
MemAvailable:    1516824 kB
Buffers:           43436 kB
Cached:           264808 kB
MemTotal:        1844596 kB
MemFree:         1337776 kB
MemAvailable:    1515012 kB
Buffers:           43436 kB
Cached:           264176 kB
MemTotal:        1844596 kB
MemFree:         1411192 kB
MemAvailable:    1588444 kB
Buffers:           43436 kB
Cached:           264240 kB
