MemTotal:        1844596 kB
MemFree:         1385120 kB
MemAvailable:    1561716 kB
Buffers:           43372 kB
Cached:           263748 kB
MemTotal:        1844596 kB
MemFree:         1384072 kB
MemAvailable:    1560668 kB
Buffers:           43372 kB
Cached:           263748 kB
MemTotal:        1844596 kB
MemFree:         1383632 kB
MemAvailable:    1560228 kB
Buffers:           43372 kB
Cached:           263748 kB
MemTotal:        1844596 kB
MemFree:         1382136 kB
MemAvailable:    1558732 kB
Buffers:           43372 kB
Cached:           263748 kB
MemTotal:        1844596 kB
MemFree:         1380524 kB
MemAvailable:    1557120 kB
Buffers:           43372 kB
Cached:           263748 kB
MemTotal:        1844596 kB
MemFree:         1380788 kB
MemAvailable:    1557384 kB
Buffers:           43372 kB
Cached:           263748 kB
MemTotal:        1844596 kB
MemFree:         1380844 kB
MemAvailable:    1557440 kB
Buffers:           43372 kB
Cached:           263748 kB
MemTotal:        1844596 kB
MemFree:         1378616 kB
MemAvailable:    1555212 kB
Buffers:           43372 kB
Cached:           263748 kB
MemTotal:        1844596 kB
MemFree:         1375332 kB
MemAvailable:    1551928 kB
Buffers:           43372 kB
Cached:           263748 kB
MemTotal:        1844596 kB
MemFree:         1371464 kB
MemAvailable:    1548060 kB
Buffers:           43372 kB
Cached:           263748 kB
MemTotal:        1844596 kB
MemFree:         1370596 kB
MemAvailable:    1547192 kB
Buffers:           43372 kB
Cached:           263748 kB
MemTotal:        1844596 kB
MemFree:         1370856 kB
MemAvailable:    1547456 kB
Buffers:           43372 kB
Cached:           263752 kB
MemTotal:        1844596 kB
MemFree:         1371108 kB
MemAvailable:    1547708 kB
Buffers:           43372 kB
Cached:           263752 kB
MemTotal:        1844596 kB
MemFree:         1369556 kB
MemAvailable:    1546156 kB
Buffers:           43372 kB
Cached:           263752 kB
MemTotal:        1844596 kB
MemFree:         1369680 kB
MemAvailable:    1546280 kB
Buffers:           43372 kB
Cached:           263752 kB
MemTotal:        1844596 kB
MemFree:         1369680 kB
MemAvailable:    1546280 kB
Buffers:           43372 kB
Cached:           263752 kB
MemTotal:        1844596 kB
MemFree:         1369804 kB
MemAvailable:    1546404 kB
Buffers:           43372 kB
Cached:           263752 kB
MemTotal:        1844596 kB
MemFree:         1369256 kB
MemAvailable:    1545856 kB
Buffers:           43372 kB
Cached:           263752 kB
MemTotal:        1844596 kB
MemFree:         1369256 kB
MemAvailable:    1545856 kB
Buffers:           43372 kB
Cached:           263752 kB
MemTotal:        1844596 kB
MemFree:         1367520 kB
MemAvailable:    1544120 kB
Buffers:           43372 kB
Cached:           263752 kB
MemTotal:        1844596 kB
MemFree:         1368440 kB
MemAvailable:    1545040 kB
Buffers:           43372 kB
Cached:           263752 kB
MemTotal:        1844596 kB
MemFree:         1368440 kB
MemAvailable:    1545040 kB
Buffers:           43372 kB
Cached:           263752 kB
MemTotal:        1844596 kB
MemFree:         1367008 kB
MemAvailable:    1543608 kB
Buffers:           43372 kB
Cached:           263752 kB
MemTotal:        1844596 kB
MemFree:         1367008 kB
MemAvailable:    1543608 kB
Buffers:           43372 kB
Cached:           263752 kB
MemTotal:        1844596 kB
MemFree:         1367380 kB
MemAvailable:    1543980 kB
Buffers:           43372 kB
Cached:           263752 kB
MemTotal:        1844596 kB
MemFree:         1367248 kB
MemAvailable:    1543848 kB
Buffers:           43372 kB
Cached:           263752 kB
MemTotal:        1844596 kB
MemFree:         1367124 kB
MemAvailable:    1543724 kB
Buffers:           43372 kB
Cached:           263752 kB
MemTotal:        1844596 kB
MemFree:         1368388 kB
MemAvailable:    1544988 kB
Buffers:           43372 kB
Cached:           263752 kB
MemTotal:        1844596 kB
MemFree:         1368512 kB
MemAvailable:    1545112 kB
Buffers:           43372 kB
Cached:           263752 kB
MemTotal:        1844596 kB
MemFree:         1368380 kB
MemAvailable:    1544980 kB
Buffers:           43372 kB
Cached:           263752 kB
MemTotal:        1844596 kB
MemFree:         1367272 kB
MemAvailable:    1543872 kB
Buffers:           43384 kB
Cached:           263740 kB
MemTotal:        1844596 kB
MemFree:         1365776 kB
MemAvailable:    1542392 kB
Buffers:           43384 kB
Cached:           263756 kB
MemTotal:        1844596 kB
MemFree:         1364916 kB
MemAvailable:    1541532 kB
Buffers:           43384 kB
Cached:           263756 kB
MemTotal:        1844596 kB
MemFree:         1365620 kB
MemAvailable:    1542236 kB
Buffers:           43384 kB
Cached:           263756 kB
MemTotal:        1844596 kB
MemFree:         1363924 kB
MemAvailable:    1540540 kB
Buffers:           43384 kB
Cached:           263756 kB
MemTotal:        1844596 kB
MemFree:         1364172 kB
MemAvailable:    1540788 kB
Buffers:           43384 kB
Cached:           263756 kB
MemTotal:        1844596 kB
MemFree:         1363048 kB
MemAvailable:    1539664 kB
Buffers:           43384 kB
Cached:           263756 kB
MemTotal:        1844596 kB
MemFree:         1364164 kB
MemAvailable:    1540780 kB
Buffers:           43384 kB
Cached:           263756 kB
MemTotal:        1844596 kB
MemFree:         1362924 kB
MemAvailable:    1539540 kB
Buffers:           43384 kB
Cached:           263756 kB
MemTotal:        1844596 kB
MemFree:         1363984 kB
MemAvailable:    1540600 kB
Buffers:           43384 kB
Cached:           263756 kB
MemTotal:        1844596 kB
MemFree:         1364132 kB
MemAvailable:    1540748 kB
Buffers:           43384 kB
Cached:           263756 kB
MemTotal:        1844596 kB
MemFree:         1363908 kB
MemAvailable:    1540524 kB
Buffers:           43384 kB
Cached:           263756 kB
MemTotal:        1844596 kB
MemFree:         1364160 kB
MemAvailable:    1540776 kB
Buffers:           43384 kB
Cached:           263756 kB
MemTotal:        1844596 kB
MemFree:         1363908 kB
MemAvailable:    1540524 kB
Buffers:           43384 kB
Cached:           263756 kB
MemTotal:        1844596 kB
MemFree:         1362412 kB
MemAvailable:    1539028 kB
Buffers:           43384 kB
Cached:           263756 kB
MemTotal:        1844596 kB
MemFree:         1363164 kB
MemAvailable:    1539780 kB
Buffers:           43384 kB
Cached:           263756 kB
MemTotal:        1844596 kB
MemFree:         1362684 kB
MemAvailable:    1539300 kB
Buffers:           43384 kB
Cached:           263756 kB
MemTotal:        1844596 kB
MemFree:         1361808 kB
MemAvailable:    1538424 kB
Buffers:           43384 kB
Cached:           263756 kB
MemTotal:        1844596 kB
MemFree:         1361800 kB
MemAvailable:    1538416 kB
Buffers:           43384 kB
Cached:           263756 kB
MemTotal:        1844596 kB
MemFree:         1363024 kB
MemAvailable:    1539640 kB
Buffers:           43384 kB
Cached:           263756 kB
MemTotal:        1844596 kB
MemFree:         1363048 kB
MemAvailable:    1539664 kB
Buffers:           43384 kB
Cached:           263756 kB
MemTotal:        1844596 kB
MemFree:         1361744 kB
MemAvailable:    1538360 kB
Buffers:           43384 kB
Cached:           263756 kB
MemTotal:        1844596 kB
MemFree:         1363052 kB
MemAvailable:    1539668 kB
Buffers:           43384 kB
Cached:           263756 kB
MemTotal:        1844596 kB
MemFree:         1363052 kB
MemAvailable:    1539668 kB
Buffers:           43384 kB
Cached:           263756 kB
MemTotal:        1844596 kB
MemFree:         1361868 kB
MemAvailable:    1538484 kB
Buffers:           43384 kB
Cached:           263756 kB
MemTotal:        1844596 kB
MemFree:         1361912 kB
MemAvailable:    1538528 kB
Buffers:           43384 kB
Cached:           263756 kB
MemTotal:        1844596 kB
MemFree:         1363152 kB
MemAvailable:    1539768 kB
Buffers:           43384 kB
Cached:           263756 kB
MemTotal:        1844596 kB
MemFree:         1363284 kB
MemAvailable:    1539900 kB
Buffers:           43384 kB
Cached:           263756 kB
MemTotal:        1844596 kB
MemFree:         1363172 kB
MemAvailable:    1539788 kB
Buffers:           43384 kB
Cached:           263756 kB
MemTotal:        1844596 kB
MemFree:         1362860 kB
MemAvailable:    1539476 kB
Buffers:           43384 kB
Cached:           263756 kB
MemTotal:        1844596 kB
MemFree:         1362544 kB
MemAvailable:    1539160 kB
Buffers:           43384 kB
Cached:           263756 kB
MemTotal:        1844596 kB
MemFree:         1362796 kB
MemAvailable:    1539412 kB
Buffers:           43384 kB
Cached:           263756 kB
MemTotal:        1844596 kB
MemFree:         1361808 kB
MemAvailable:    1538424 kB
Buffers:           43384 kB
Cached:           263756 kB
MemTotal:        1844596 kB
MemFree:         1361024 kB
MemAvailable:    1537640 kB
Buffers:           43384 kB
Cached:           263756 kB
MemTotal:        1844596 kB
MemFree:         1362108 kB
MemAvailable:    1538724 kB
Buffers:           43384 kB
Cached:           263756 kB
MemTotal:        1844596 kB
MemFree:         1362360 kB
MemAvailable:    1538976 kB
Buffers:           43384 kB
Cached:           263756 kB
MemTotal:        1844596 kB
MemFree:         1362184 kB
MemAvailable:    1538800 kB
Buffers:           43384 kB
Cached:           263756 kB
MemTotal:        1844596 kB
MemFree:         1360920 kB
MemAvailable:    1537536 kB
Buffers:           43384 kB
Cached:           263756 kB
MemTotal:        1844596 kB
MemFree:         1362124 kB
MemAvailable:    1538740 kB
Buffers:           43384 kB
Cached:           263756 kB
MemTotal:        1844596 kB
MemFree:         1360948 kB
MemAvailable:    1537564 kB
Buffers:           43384 kB
Cached:           263756 kB
MemTotal:        1844596 kB
MemFree:         1362124 kB
MemAvailable:    1538740 kB
Buffers:           43384 kB
Cached:           263756 kB
MemTotal:        1844596 kB
MemFree:         1361992 kB
MemAvailable:    1538608 kB
Buffers:           43384 kB
Cached:           263756 kB
MemTotal:        1844596 kB
MemFree:         1361992 kB
MemAvailable:    1538608 kB
Buffers:           43384 kB
Cached:           263756 kB
MemTotal:        1844596 kB
MemFree:         1359080 kB
MemAvailable:    1535696 kB
Buffers:           43384 kB
Cached:           263756 kB
MemTotal:        1844596 kB
MemFree:         1357576 kB
MemAvailable:    1534192 kB
Buffers:           43384 kB
Cached:           263756 kB
MemTotal:        1844596 kB
MemFree:         1357576 kB
MemAvailable:    1534192 kB
Buffers:           43384 kB
Cached:           263756 kB
MemTotal:        1844596 kB
MemFree:         1354932 kB
MemAvailable:    1531548 kB
Buffers:           43384 kB
Cached:           263756 kB
MemTotal:        1844596 kB
MemFree:         1354740 kB
MemAvailable:    1531356 kB
Buffers:           43384 kB
Cached:           263756 kB
MemTotal:        1844596 kB
MemFree:         1353260 kB
MemAvailable:    1529876 kB
Buffers:           43384 kB
Cached:           263756 kB
MemTotal:        1844596 kB
MemFree:         1354436 kB
MemAvailable:    1531052 kB
Buffers:           43384 kB
Cached:           263756 kB
MemTotal:        1844596 kB
MemFree:         1354536 kB
MemAvailable:    1531152 kB
Buffers:           43384 kB
Cached:           263756 kB
MemTotal:        1844596 kB
MemFree:         1354692 kB
MemAvailable:    1531308 kB
Buffers:           43384 kB
Cached:           263756 kB
MemTotal:        1844596 kB
MemFree:         1354624 kB
MemAvailable:    1531240 kB
Buffers:           43384 kB
Cached:           263756 kB
MemTotal:        1844596 kB
MemFree:         1353384 kB
MemAvailable:    1530000 kB
Buffers:           43384 kB
Cached:           263756 kB
MemTotal:        1844596 kB
MemFree:         1353120 kB
MemAvailable:    1529736 kB
Buffers:           43384 kB
Cached:           263756 kB
MemTotal:        1844596 kB
MemFree:         1352856 kB
MemAvailable:    1529472 kB
Buffers:           43384 kB
Cached:           263756 kB
MemTotal:        1844596 kB
MemFree:         1353252 kB
MemAvailable:    1529868 kB
Buffers:           43384 kB
Cached:           263756 kB
MemTotal:        1844596 kB
MemFree:         1352992 kB
MemAvailable:    1529608 kB
Buffers:           43384 kB
Cached:           263756 kB
MemTotal:        1844596 kB
MemFree:         1354168 kB
MemAvailable:    1530784 kB
Buffers:           43384 kB
Cached:           263756 kB
MemTotal:        1844596 kB
MemFree:         1354088 kB
MemAvailable:    1530704 kB
Buffers:           43384 kB
Cached:           263756 kB
MemTotal:        1844596 kB
MemFree:         1354340 kB
MemAvailable:    1530956 kB
Buffers:           43384 kB
Cached:           263756 kB
MemTotal:        1844596 kB
MemFree:         1352740 kB
MemAvailable:    1529356 kB
Buffers:           43384 kB
Cached:           263756 kB
MemTotal:        1844596 kB
MemFree:         1353984 kB
MemAvailable:    1530600 kB
Buffers:           43384 kB
Cached:           263756 kB
MemTotal:        1844596 kB
MemFree:         1352384 kB
MemAvailable:    1529000 kB
Buffers:           43384 kB
Cached:           263756 kB
MemTotal:        1844596 kB
MemFree:         1353320 kB
MemAvailable:    1529936 kB
Buffers:           43384 kB
Cached:           263756 kB
MemTotal:        1844596 kB
MemFree:         1352816 kB
MemAvailable:    1529432 kB
Buffers:           43384 kB
Cached:           263756 kB
MemTotal:        1844596 kB
MemFree:         1352700 kB
MemAvailable:    1529316 kB
Buffers:           43384 kB
Cached:           263756 kB
MemTotal:        1844596 kB
MemFree:         1352452 kB
MemAvailable:    1529068 kB
Buffers:           43384 kB
Cached:           263756 kB
MemTotal:        1844596 kB
MemFree:         1352384 kB
MemAvailable:    1529000 kB
Buffers:           43384 kB
Cached:           263756 kB
MemTotal:        1844596 kB
MemFree:         1351296 kB
MemAvailable:    1527912 kB
Buffers:           43384 kB
Cached:           263756 kB
MemTotal:        1844596 kB
MemFree:         1351336 kB
MemAvailable:    1527952 kB
Buffers:           43384 kB
Cached:           263756 kB
MemTotal:        1844596 kB
MemFree:         1350160 kB
MemAvailable:    1526776 kB
Buffers:           43384 kB
Cached:           263756 kB
MemTotal:        1844596 kB
MemFree:         1350508 kB
MemAvailable:    1527128 kB
Buffers:           43384 kB
Cached:           263760 kB
MemTotal:        1844596 kB
MemFree:         1350760 kB
MemAvailable:    1527380 kB
Buffers:           43384 kB
Cached:           263760 kB
MemTotal:        1844596 kB
MemFree:         1349388 kB
MemAvailable:    1526012 kB
Buffers:           43384 kB
Cached:           263764 kB
MemTotal:        1844596 kB
MemFree:         1349348 kB
MemAvailable:    1525972 kB
Buffers:           43384 kB
Cached:           263764 kB
MemTotal:        1844596 kB
MemFree:         1350508 kB
MemAvailable:    1527132 kB
Buffers:           43384 kB
Cached:           263764 kB
MemTotal:        1844596 kB
MemFree:         1349292 kB
MemAvailable:    1525916 kB
Buffers:           43384 kB
Cached:           263764 kB
MemTotal:        1844596 kB
MemFree:         1348980 kB
MemAvailable:    1525604 kB
Buffers:           43384 kB
Cached:           263764 kB
MemTotal:        1844596 kB
MemFree:         1350228 kB
MemAvailable:    1526852 kB
Buffers:           43384 kB
Cached:           263764 kB
MemTotal:        1844596 kB
MemFree:         1350032 kB
MemAvailable:    1526656 kB
Buffers:           43384 kB
Cached:           263764 kB
MemTotal:        1844596 kB
MemFree:         1350452 kB
MemAvailable:    1527076 kB
Buffers:           43384 kB
Cached:           263764 kB
MemTotal:        1844596 kB
MemFree:         1350320 kB
MemAvailable:    1526944 kB
Buffers:           43384 kB
Cached:           263764 kB
MemTotal:        1844596 kB
MemFree:         1350152 kB
MemAvailable:    1526776 kB
Buffers:           43384 kB
Cached:           263764 kB
MemTotal:        1844596 kB
MemFree:         1350196 kB
MemAvailable:    1526820 kB
Buffers:           43384 kB
Cached:           263764 kB
MemTotal:        1844596 kB
MemFree:         1349972 kB
MemAvailable:    1526596 kB
Buffers:           43384 kB
Cached:           263764 kB
MemTotal:        1844596 kB
MemFree:         1348672 kB
MemAvailable:    1525296 kB
Buffers:           43384 kB
Cached:           263764 kB
MemTotal:        1844596 kB
MemFree:         1345200 kB
MemAvailable:    1521824 kB
Buffers:           43384 kB
Cached:           263764 kB
MemTotal:        1844596 kB
MemFree:         1341604 kB
MemAvailable:    1518228 kB
Buffers:           43384 kB
Cached:           263764 kB
MemTotal:        1844596 kB
MemFree:         1341472 kB
MemAvailable:    1518180 kB
Buffers:           43384 kB
Cached:           263888 kB
MemTotal:        1844596 kB
MemFree:         1340488 kB
MemAvailable:    1517280 kB
Buffers:           43384 kB
Cached:           263888 kB
MemTotal:        1844596 kB
MemFree:         1340928 kB
MemAvailable:    1517804 kB
Buffers:           43384 kB
Cached:           264012 kB
MemTotal:        1844596 kB
MemFree:         1340732 kB
MemAvailable:    1517692 kB
Buffers:           43384 kB
Cached:           264136 kB
MemTotal:        1844596 kB
MemFree:         1339556 kB
MemAvailable:    1516684 kB
Buffers:           43384 kB
Cached:           264260 kB
MemTotal:        1844596 kB
MemFree:         1340796 kB
MemAvailable:    1518008 kB
Buffers:           43384 kB
Cached:           264260 kB
MemTotal:        1844596 kB
MemFree:         1340624 kB
MemAvailable:    1517836 kB
Buffers:           43384 kB
Cached:           264260 kB
MemTotal:        1844596 kB
MemFree:         1339424 kB
MemAvailable:    1516636 kB
Buffers:           43384 kB
Cached:           264384 kB
MemTotal:        1844596 kB
MemFree:         1340724 kB
MemAvailable:    1517936 kB
Buffers:           43384 kB
Cached:           264384 kB
MemTotal:        1844596 kB
MemFree:         1340560 kB
MemAvailable:    1517772 kB
Buffers:           43384 kB
Cached:           264384 kB
MemTotal:        1844596 kB
MemFree:         1340560 kB
MemAvailable:    1517772 kB
Buffers:           43384 kB
Cached:           264384 kB
MemTotal:        1844596 kB
MemFree:         1339316 kB
MemAvailable:    1516528 kB
Buffers:           43384 kB
Cached:           264384 kB
MemTotal:        1844596 kB
MemFree:         1340492 kB
MemAvailable:    1517704 kB
Buffers:           43384 kB
Cached:           264384 kB
MemTotal:        1844596 kB
MemFree:         1339620 kB
MemAvailable:    1516832 kB
Buffers:           43384 kB
Cached:           264384 kB
MemTotal:        1844596 kB
MemFree:         1341036 kB
MemAvailable:    1517724 kB
Buffers:           43384 kB
Cached:           263740 kB
MemTotal:        1844596 kB
MemFree:         1341036 kB
MemAvailable:    1517724 kB
Buffers:           43384 kB
Cached:           263740 kB
MemTotal:        1844596 kB
MemFree:         1411572 kB
MemAvailable:    1588260 kB
Buffers:           43384 kB
Cached:           263740 kB
