MemTotal:        1844596 kB
MemFree:         1361020 kB
MemAvailable:    1560372 kB
Buffers:           46040 kB
Cached:           281816 kB
MemTotal:        1844596 kB
MemFree:         1360028 kB
MemAvailable:    1559384 kB
Buffers:           46040 kB
Cached:           281820 kB
MemTotal:        1844596 kB
MemFree:         1357116 kB
MemAvailable:    1556472 kB
Buffers:           46040 kB
Cached:           281820 kB
MemTotal:        1844596 kB
MemFree:         1356736 kB
MemAvailable:    1556092 kB
Buffers:           46040 kB
Cached:           281820 kB
MemTotal:        1844596 kB
MemFree:         1356620 kB
MemAvailable:    1555976 kB
Buffers:           46040 kB
Cached:           281820 kB
MemTotal:        1844596 kB
MemFree:         1356424 kB
MemAvailable:    1555780 kB
Buffers:           46040 kB
Cached:           281820 kB
MemTotal:        1844596 kB
MemFree:         1355876 kB
MemAvailable:    1555232 kB
Buffers:           46040 kB
Cached:           281820 kB
MemTotal:        1844596 kB
MemFree:         1353744 kB
MemAvailable:    1553100 kB
Buffers:           46040 kB
Cached:           281820 kB
MemTotal:        1844596 kB
MemFree:         1353744 kB
MemAvailable:    1553100 kB
Buffers:           46040 kB
Cached:           281820 kB
MemTotal:        1844596 kB
MemFree:         1349908 kB
MemAvailable:    1549264 kB
Buffers:           46040 kB
Cached:           281820 kB
MemTotal:        1844596 kB
MemFree:         1349552 kB
MemAvailable:    1548908 kB
Buffers:           46040 kB
Cached:           281820 kB
MemTotal:        1844596 kB
MemFree:         1346516 kB
MemAvailable:    1545872 kB
Buffers:           46040 kB
Cached:           281820 kB
MemTotal:        1844596 kB
MemFree:         1346768 kB
MemAvailable:    1546124 kB
Buffers:           46040 kB
Cached:           281820 kB
MemTotal:        1844596 kB
MemFree:         1345188 kB
MemAvailable:    1544544 kB
Buffers:           46040 kB
Cached:           281820 kB
MemTotal:        1844596 kB
MemFree:         1345444 kB
MemAvailable:    1544800 kB
Buffers:           46040 kB
Cached:           281820 kB
MemTotal:        1844596 kB
MemFree:         1346520 kB
MemAvailable:    1545876 kB
Buffers:           46040 kB
Cached:           281820 kB
MemTotal:        1844596 kB
MemFree:         1346388 kB
MemAvailable:    1545744 kB
Buffers:           46040 kB
Cached:           281820 kB
MemTotal:        1844596 kB
MemFree:         1345576 kB
MemAvailable:    1544932 kB
Buffers:           46040 kB
Cached:           281820 kB
MemTotal:        1844596 kB
MemFree:         1345956 kB
MemAvailable:    1545312 kB
Buffers:           46040 kB
Cached:           281820 kB
MemTotal:        1844596 kB
MemFree:         1345024 kB
MemAvailable:    1544380 kB
Buffers:           46040 kB
Cached:           281820 kB
MemTotal:        1844596 kB
MemFree:         1344280 kB
MemAvailable:    1543636 kB
Buffers:           46040 kB
Cached:           281820 kB
MemTotal:        1844596 kB
MemFree:         1344024 kB
MemAvailable:    1543380 kB
Buffers:           46040 kB
Cached:           281820 kB
MemTotal:        1844596 kB
MemFree:         1343700 kB
MemAvailable:    1543056 kB
Buffers:           46044 kB
Cached:           281816 kB
MemTotal:        1844596 kB
MemFree:         1343996 kB
MemAvailable:    1543352 kB
Buffers:           46044 kB
Cached:           281816 kB
MemTotal:        1844596 kB
MemFree:         1344144 kB
MemAvailable:    1543500 kB
Buffers:           46044 kB
Cached:           281816 kB
MemTotal:        1844596 kB
MemFree:         1342848 kB
MemAvailable:    1542204 kB
Buffers:           46044 kB
Cached:           281816 kB
MemTotal:        1844596 kB
MemFree:         1342848 kB
MemAvailable:    1542204 kB
Buffers:           46044 kB
Cached:           281816 kB
MemTotal:        1844596 kB
MemFree:         1342856 kB
MemAvailable:    1542212 kB
Buffers:           46044 kB
Cached:           281816 kB
MemTotal:        1844596 kB
MemFree:         1343948 kB
MemAvailable:    1543304 kB
Buffers:           46044 kB
Cached:           281816 kB
MemTotal:        1844596 kB
MemFree:         1344116 kB
MemAvailable:    1543472 kB
Buffers:           46044 kB
Cached:           281816 kB
MemTotal:        1844596 kB
MemFree:         1344312 kB
MemAvailable:    1543668 kB
Buffers:           46044 kB
Cached:           281816 kB
MemTotal:        1844596 kB
MemFree:         1343948 kB
MemAvailable:    1543304 kB
Buffers:           46044 kB
Cached:           281816 kB
MemTotal:        1844596 kB
MemFree:         1344032 kB
MemAvailable:    1543388 kB
Buffers:           46044 kB
Cached:           281816 kB
MemTotal:        1844596 kB
MemFree:         1341988 kB
MemAvailable:    1541344 kB
Buffers:           46044 kB
Cached:           281816 kB
MemTotal:        1844596 kB
MemFree:         1340368 kB
MemAvailable:    1539724 kB
Buffers:           46044 kB
Cached:           281816 kB
MemTotal:        1844596 kB
MemFree:         1341120 kB
MemAvailable:    1540476 kB
Buffers:           46044 kB
Cached:           281816 kB
MemTotal:        1844596 kB
MemFree:         1340808 kB
MemAvailable:    1540164 kB
Buffers:           46044 kB
Cached:           281816 kB
MemTotal:        1844596 kB
MemFree:         1340868 kB
MemAvailable:    1540224 kB
Buffers:           46044 kB
Cached:           281816 kB
MemTotal:        1844596 kB
MemFree:         1339136 kB
MemAvailable:    1538492 kB
Buffers:           46044 kB
Cached:           281816 kB
MemTotal:        1844596 kB
MemFree:         1340128 kB
MemAvailable:    1539488 kB
Buffers:           46044 kB
Cached:           281820 kB
MemTotal:        1844596 kB
MemFree:         1339816 kB
MemAvailable:    1539176 kB
Buffers:           46044 kB
Cached:           281820 kB
MemTotal:        1844596 kB
MemFree:         1340068 kB
MemAvailable:    1539428 kB
Buffers:           46044 kB
Cached:           281820 kB
MemTotal:        1844596 kB
MemFree:         1339884 kB
MemAvailable:    1539244 kB
Buffers:           46044 kB
Cached:           281820 kB
MemTotal:        1844596 kB
MemFree:         1338452 kB
MemAvailable:    1537812 kB
Buffers:           46044 kB
Cached:           281820 kB
MemTotal:        1844596 kB
MemFree:         1339796 kB
MemAvailable:    1539156 kB
Buffers:           46044 kB
Cached:           281820 kB
MemTotal:        1844596 kB
MemFree:         1339748 kB
MemAvailable:    1539108 kB
Buffers:           46044 kB
Cached:           281820 kB
MemTotal:        1844596 kB
MemFree:         1339752 kB
MemAvailable:    1539112 kB
Buffers:           46044 kB
Cached:           281820 kB
MemTotal:        1844596 kB
MemFree:         1338320 kB
MemAvailable:    1537680 kB
Buffers:           46044 kB
Cached:           281820 kB
MemTotal:        1844596 kB
MemFree:         1338392 kB
MemAvailable:    1537752 kB
Buffers:           46044 kB
Cached:           281820 kB
MemTotal:        1844596 kB
MemFree:         1337756 kB
MemAvailable:    1537116 kB
Buffers:           46044 kB
Cached:           281820 kB
MemTotal:        1844596 kB
MemFree:         1338848 kB
MemAvailable:    1538208 kB
Buffers:           46044 kB
Cached:           281820 kB
MemTotal:        1844596 kB
MemFree:         1337708 kB
MemAvailable:    1537068 kB
Buffers:           46044 kB
Cached:           281820 kB
MemTotal:        1844596 kB
MemFree:         1337564 kB
MemAvailable:    1536924 kB
Buffers:           46044 kB
Cached:           281820 kB
MemTotal:        1844596 kB
MemFree:         1338840 kB
MemAvailable:    1538200 kB
Buffers:           46044 kB
Cached:           281820 kB
MemTotal:        1844596 kB
MemFree:         1339092 kB
MemAvailable:    1538452 kB
Buffers:           46044 kB
Cached:           281820 kB
MemTotal:        1844596 kB
MemFree:         1338860 kB
MemAvailable:    1538220 kB
Buffers:           46044 kB
Cached:           281820 kB
MemTotal:        1844596 kB
MemFree:         1339112 kB
MemAvailable:    1538472 kB
Buffers:           46044 kB
Cached:           281820 kB
MemTotal:        1844596 kB
MemFree:         1339060 kB
MemAvailable:    1538420 kB
Buffers:           46044 kB
Cached:           281820 kB
MemTotal:        1844596 kB
MemFree:         1338268 kB
MemAvailable:    1537628 kB
Buffers:           46044 kB
Cached:           281820 kB
MemTotal:        1844596 kB
MemFree:         1338852 kB
MemAvailable:    1538212 kB
Buffers:           46044 kB
Cached:           281820 kB
MemTotal:        1844596 kB
MemFree:         1338732 kB
MemAvailable:    1538092 kB
Buffers:           46044 kB
Cached:           281820 kB
MemTotal:        1844596 kB
MemFree:         1338700 kB
MemAvailable:    1538060 kB
Buffers:           46044 kB
Cached:           281820 kB
MemTotal:        1844596 kB
MemFree:         1338452 kB
MemAvailable:    1537812 kB
Buffers:           46044 kB
Cached:           281820 kB
MemTotal:        1844596 kB
MemFree:         1336948 kB
MemAvailable:    1536308 kB
Buffers:           46044 kB
Cached:           281820 kB
MemTotal:        1844596 kB
MemFree:         1337080 kB
MemAvailable:    1536440 kB
Buffers:           46044 kB
Cached:           281820 kB
MemTotal:        1844596 kB
MemFree:         1336948 kB
MemAvailable:    1536308 kB
Buffers:           46044 kB
Cached:           281820 kB
MemTotal:        1844596 kB
MemFree:         1338048 kB
MemAvailable:    1537408 kB
Buffers:           46044 kB
Cached:           281820 kB
MemTotal:        1844596 kB
MemFree:         1338048 kB
MemAvailable:    1537408 kB
Buffers:           46044 kB
Cached:           281820 kB
MemTotal:        1844596 kB
MemFree:         1338240 kB
MemAvailable:    1537600 kB
Buffers:           46044 kB
Cached:           281820 kB
MemTotal:        1844596 kB
MemFree:         1337144 kB
MemAvailable:    1536504 kB
Buffers:           46044 kB
Cached:           281820 kB
MemTotal:        1844596 kB
MemFree:         1337872 kB
MemAvailable:    1537232 kB
Buffers:           46044 kB
Cached:           281820 kB
MemTotal:        1844596 kB
MemFree:         1338040 kB
MemAvailable:    1537400 kB
Buffers:           46044 kB
Cached:           281820 kB
MemTotal:        1844596 kB
MemFree:         1338156 kB
MemAvailable:    1537516 kB
Buffers:           46044 kB
Cached:           281820 kB
MemTotal:        1844596 kB
MemFree:         1337224 kB
MemAvailable:    1536584 kB
Buffers:           46044 kB
Cached:           281820 kB
MemTotal:        1844596 kB
MemFree:         1337916 kB
MemAvailable:    1537276 kB
Buffers:           46044 kB
Cached:           281820 kB
MemTotal:        1844596 kB
MemFree:         1336652 kB
MemAvailable:    1536012 kB
Buffers:           46044 kB
Cached:           281820 kB
MemTotal:        1844596 kB
MemFree:         1337100 kB
MemAvailable:    1536460 kB
Buffers:           46044 kB
Cached:           281820 kB
MemTotal:        1844596 kB
MemFree:         1335392 kB
MemAvailable:    1534764 kB
Buffers:           46044 kB
Cached:           281832 kB
MemTotal:        1844596 kB
MemFree:         1335352 kB
MemAvailable:    1534724 kB
Buffers:           46044 kB
Cached:           281832 kB
MemTotal:        1844596 kB
MemFree:         1331760 kB
MemAvailable:    1531132 kB
Buffers:           46044 kB
Cached:           281832 kB
MemTotal:        1844596 kB
MemFree:         1330516 kB
MemAvailable:    1529888 kB
Buffers:           46044 kB
Cached:           281832 kB
MemTotal:        1844596 kB
MemFree:         1329084 kB
MemAvailable:    1528456 kB
Buffers:           46044 kB
Cached:           281832 kB
MemTotal:        1844596 kB
MemFree:         1329092 kB
MemAvailable:    1528464 kB
Buffers:           46044 kB
Cached:           281832 kB
MemTotal:        1844596 kB
MemFree:         1328968 kB
MemAvailable:    1528340 kB
Buffers:           46044 kB
Cached:           281832 kB
MemTotal:        1844596 kB
MemFree:         1328844 kB
MemAvailable:    1528216 kB
Buffers:           46044 kB
Cached:           281832 kB
MemTotal:        1844596 kB
MemFree:         1330144 kB
MemAvailable:    1529516 kB
Buffers:           46044 kB
Cached:           281832 kB
MemTotal:        1844596 kB
MemFree:         1328836 kB
MemAvailable:    1528208 kB
Buffers:           46044 kB
Cached:           281832 kB
MemTotal:        1844596 kB
MemFree:         1329888 kB
MemAvailable:    1529260 kB
Buffers:           46044 kB
Cached:           281832 kB
MemTotal:        1844596 kB
MemFree:         1330140 kB
MemAvailable:    1529512 kB
Buffers:           46044 kB
Cached:           281832 kB
MemTotal:        1844596 kB
MemFree:         1328648 kB
MemAvailable:    1528020 kB
Buffers:           46044 kB
Cached:           281832 kB
MemTotal:        1844596 kB
MemFree:         1328780 kB
MemAvailable:    1528152 kB
Buffers:           46044 kB
Cached:           281832 kB
MemTotal:        1844596 kB
MemFree:         1330040 kB
MemAvailable:    1529412 kB
Buffers:           46044 kB
Cached:           281832 kB
MemTotal:        1844596 kB
MemFree:         1330040 kB
MemAvailable:    1529412 kB
Buffers:           46044 kB
Cached:           281832 kB
MemTotal:        1844596 kB
MemFree:         1329956 kB
MemAvailable:    1529328 kB
Buffers:           46044 kB
Cached:           281832 kB
MemTotal:        1844596 kB
MemFree:         1330056 kB
MemAvailable:    1529428 kB
Buffers:           46044 kB
Cached:           281832 kB
MemTotal:        1844596 kB
MemFree:         1328636 kB
MemAvailable:    1528008 kB
Buffers:           46044 kB
Cached:           281832 kB
MemTotal:        1844596 kB
MemFree:         1329464 kB
MemAvailable:    1528836 kB
Buffers:           46044 kB
Cached:           281832 kB
MemTotal:        1844596 kB
MemFree:         1328348 kB
MemAvailable:    1527720 kB
Buffers:           46044 kB
Cached:           281832 kB
MemTotal:        1844596 kB
MemFree:         1328972 kB
MemAvailable:    1528344 kB
Buffers:           46044 kB
Cached:           281832 kB
MemTotal:        1844596 kB
MemFree:         1328580 kB
MemAvailable:    1527952 kB
Buffers:           46044 kB
Cached:           281832 kB
MemTotal:        1844596 kB
MemFree:         1328580 kB
MemAvailable:    1527952 kB
Buffers:           46044 kB
Cached:           281832 kB
MemTotal:        1844596 kB
MemFree:         1328268 kB
MemAvailable:    1527640 kB
Buffers:           46044 kB
Cached:           281832 kB
MemTotal:        1844596 kB
MemFree:         1328076 kB
MemAvailable:    1527448 kB
Buffers:           46044 kB
Cached:           281832 kB
MemTotal:        1844596 kB
MemFree:         1326612 kB
MemAvailable:    1525984 kB
Buffers:           46044 kB
Cached:           281832 kB
MemTotal:        1844596 kB
MemFree:         1327284 kB
MemAvailable:    1526656 kB
Buffers:           46044 kB
Cached:           281832 kB
MemTotal:        1844596 kB
MemFree:         1327424 kB
MemAvailable:    1526796 kB
Buffers:           46044 kB
Cached:           281832 kB
MemTotal:        1844596 kB
MemFree:         1325620 kB
MemAvailable:    1524992 kB
Buffers:           46044 kB
Cached:           281832 kB
MemTotal:        1844596 kB
MemFree:         1326672 kB
MemAvailable:    1526044 kB
Buffers:           46044 kB
Cached:           281832 kB
MemTotal:        1844596 kB
MemFree:         1325620 kB
MemAvailable:    1524992 kB
Buffers:           46044 kB
Cached:           281832 kB
MemTotal:        1844596 kB
MemFree:         1326328 kB
MemAvailable:    1525700 kB
Buffers:           46044 kB
Cached:           281832 kB
MemTotal:        1844596 kB
MemFree:         1326328 kB
MemAvailable:    1525700 kB
Buffers:           46044 kB
Cached:           281832 kB
MemTotal:        1844596 kB
MemFree:         1326036 kB
MemAvailable:    1525408 kB
Buffers:           46044 kB
Cached:           281832 kB
MemTotal:        1844596 kB
MemFree:         1326120 kB
MemAvailable:    1525492 kB
Buffers:           46044 kB
Cached:           281832 kB
MemTotal:        1844596 kB
MemFree:         1324736 kB
MemAvailable:    1524108 kB
Buffers:           46044 kB
Cached:           281832 kB
MemTotal:        1844596 kB
MemFree:         1326120 kB
MemAvailable:    1525492 kB
Buffers:           46044 kB
Cached:           281832 kB
MemTotal:        1844596 kB
MemFree:         1325372 kB
MemAvailable:    1524744 kB
Buffers:           46044 kB
Cached:           281832 kB
MemTotal:        1844596 kB
MemFree:         1325936 kB
MemAvailable:    1525308 kB
Buffers:           46044 kB
Cached:           281832 kB
MemTotal:        1844596 kB
MemFree:         1324696 kB
MemAvailable:    1524068 kB
Buffers:           46044 kB
Cached:           281832 kB
MemTotal:        1844596 kB
MemFree:         1325744 kB
MemAvailable:    1525116 kB
Buffers:           46044 kB
Cached:           281832 kB
MemTotal:        1844596 kB
MemFree:         1325612 kB
MemAvailable:    1524984 kB
Buffers:           46044 kB
Cached:           281832 kB
MemTotal:        1844596 kB
MemFree:         1324752 kB
MemAvailable:    1524124 kB
Buffers:           46044 kB
Cached:           281832 kB
MemTotal:        1844596 kB
MemFree:         1318776 kB
MemAvailable:    1518156 kB
Buffers:           46044 kB
Cached:           281840 kB
MemTotal:        1844596 kB
MemFree:         1318776 kB
MemAvailable:    1518156 kB
Buffers:           46044 kB
Cached:           281840 kB
MemTotal:        1844596 kB
MemFree:         1316940 kB
MemAvailable:    1516320 kB
Buffers:           46044 kB
Cached:           281840 kB
MemTotal:        1844596 kB
MemFree:         1316736 kB
MemAvailable:    1516116 kB
Buffers:           46044 kB
Cached:           281840 kB
MemTotal:        1844596 kB
MemFree:         1315568 kB
MemAvailable:    1514948 kB
Buffers:           46044 kB
Cached:           281840 kB
MemTotal:        1844596 kB
MemFree:         1316668 kB
MemAvailable:    1516048 kB
Buffers:           46044 kB
Cached:           281840 kB
MemTotal:        1844596 kB
MemFree:         1316668 kB
MemAvailable:    1516048 kB
Buffers:           46044 kB
Cached:           281840 kB
MemTotal:        1844596 kB
MemFree:         1318336 kB
MemAvailable:    1517716 kB
Buffers:           46044 kB
Cached:           281840 kB
MemTotal:        1844596 kB
MemFree:         1318484 kB
MemAvailable:    1517864 kB
Buffers:           46044 kB
Cached:           281840 kB
MemTotal:        1844596 kB
MemFree:         1318404 kB
MemAvailable:    1517868 kB
Buffers:           46044 kB
Cached:           281964 kB
MemTotal:        1844596 kB
MemFree:         1318404 kB
MemAvailable:    1517868 kB
Buffers:           46044 kB
Cached:           281964 kB
MemTotal:        1844596 kB
MemFree:         1317176 kB
MemAvailable:    1516808 kB
Buffers:           46044 kB
Cached:           282088 kB
MemTotal:        1844596 kB
MemFree:         1317552 kB
MemAvailable:    1517268 kB
Buffers:           46044 kB
Cached:           282212 kB
MemTotal:        1844596 kB
MemFree:         1318280 kB
MemAvailable:    1518080 kB
Buffers:           46044 kB
Cached:           282336 kB
MemTotal:        1844596 kB
MemFree:         1318280 kB
MemAvailable:    1518164 kB
Buffers:           46044 kB
Cached:           282336 kB
MemTotal:        1844596 kB
MemFree:         1318240 kB
MemAvailable:    1518208 kB
Buffers:           46044 kB
Cached:           282460 kB
MemTotal:        1844596 kB
MemFree:         1317188 kB
MemAvailable:    1517156 kB
Buffers:           46044 kB
Cached:           282460 kB
MemTotal:        1844596 kB
MemFree:         1317728 kB
MemAvailable:    1517696 kB
Buffers:           46044 kB
Cached:           282460 kB
MemTotal:        1844596 kB
MemFree:         1317980 kB
MemAvailable:    1517948 kB
Buffers:           46044 kB
Cached:           282460 kB
MemTotal:        1844596 kB
MemFree:         1317848 kB
MemAvailable:    1517816 kB
Buffers:           46044 kB
Cached:           282460 kB
MemTotal:        1844596 kB
MemFree:         1316500 kB
MemAvailable:    1516468 kB
Buffers:           46044 kB
Cached:           282460 kB
MemTotal:        1844596 kB
MemFree:         1316624 kB
MemAvailable:    1516592 kB
Buffers:           46044 kB
Cached:           282460 kB
MemTotal:        1844596 kB
MemFree:         1316616 kB
MemAvailable:    1516584 kB
Buffers:           46044 kB
Cached:           282460 kB
MemTotal:        1844596 kB
MemFree:         1317924 kB
MemAvailable:    1517892 kB
Buffers:           46044 kB
Cached:           282584 kB
MemTotal:        1844596 kB
MemFree:         1318240 kB
MemAvailable:    1517620 kB
Buffers:           46044 kB
Cached:           281912 kB
MemTotal:        1844596 kB
MemFree:         1383508 kB
MemAvailable:    1582888 kB
Buffers:           46044 kB
Cached:           281912 kB
MemTotal:        1844596 kB
MemFree:         1386520 kB
MemAvailable:    1585900 kB
Buffers:           46044 kB
Cached:           281912 kB
