MemTotal:        1844596 kB
MemFree:         1237628 kB
MemAvailable:    1546052 kB
Buffers:           57716 kB
Cached:           369624 kB
MemTotal:        1844596 kB
MemFree:         1236884 kB
MemAvailable:    1545308 kB
Buffers:           57716 kB
Cached:           369624 kB
MemTotal:        1844596 kB
MemFree:         1234456 kB
MemAvailable:    1542880 kB
Buffers:           57716 kB
Cached:           369624 kB
MemTotal:        1844596 kB
MemFree:         1232908 kB
MemAvailable:    1541332 kB
Buffers:           57716 kB
Cached:           369624 kB
MemTotal:        1844596 kB
MemFree:         1231916 kB
MemAvailable:    1540340 kB
Buffers:           57716 kB
Cached:           369624 kB
MemTotal:        1844596 kB
MemFree:         1232772 kB
MemAvailable:    1541196 kB
Buffers:           57716 kB
Cached:           369624 kB
MemTotal:        1844596 kB
MemFree:         1230600 kB
MemAvailable:    1539024 kB
Buffers:           57716 kB
Cached:           369624 kB
MemTotal:        1844596 kB
MemFree:         1229488 kB
MemAvailable:    1537912 kB
Buffers:           57716 kB
Cached:           369624 kB
MemTotal:        1844596 kB
MemFree:         1226584 kB
MemAvailable:    1535008 kB
Buffers:           57716 kB
Cached:           369624 kB
MemTotal:        1844596 kB
MemFree:         1225096 kB
MemAvailable:    1533520 kB
Buffers:           57716 kB
Cached:           369624 kB
MemTotal:        1844596 kB
MemFree:         1222688 kB
MemAvailable:    1531112 kB
Buffers:           57716 kB
Cached:           369624 kB
MemTotal:        1844596 kB
MemFree:         1222920 kB
MemAvailable:    1531344 kB
Buffers:           57716 kB
Cached:           369624 kB
MemTotal:        1844596 kB
MemFree:         1222864 kB
MemAvailable:    1531288 kB
Buffers:           57716 kB
Cached:           369624 kB
MemTotal:        1844596 kB
MemFree:         1222120 kB
MemAvailable:    1530544 kB
Buffers:           57716 kB
Cached:           369624 kB
MemTotal:        1844596 kB
MemFree:         1222936 kB
MemAvailable:    1531360 kB
Buffers:           57716 kB
Cached:           369624 kB
MemTotal:        1844596 kB
MemFree:         1222616 kB
MemAvailable:    1531040 kB
Buffers:           57716 kB
Cached:           369624 kB
MemTotal:        1844596 kB
MemFree:         1221600 kB
MemAvailable:    1530024 kB
Buffers:           57716 kB
Cached:           369624 kB
MemTotal:        1844596 kB
MemFree:         1222492 kB
MemAvailable:    1530916 kB
Buffers:           57716 kB
Cached:           369624 kB
MemTotal:        1844596 kB
MemFree:         1220996 kB
MemAvailable:    1529420 kB
Buffers:           57716 kB
Cached:           369624 kB
MemTotal:        1844596 kB
MemFree:         1220616 kB
MemAvailable:    1529040 kB
Buffers:           57716 kB
Cached:           369624 kB
MemTotal:        1844596 kB
MemFree:         1220868 kB
MemAvailable:    1529292 kB
Buffers:           57716 kB
Cached:           369624 kB
MemTotal:        1844596 kB
MemFree:         1220624 kB
MemAvailable:    1529048 kB
Buffers:           57716 kB
Cached:           369624 kB
MemTotal:        1844596 kB
MemFree:         1220428 kB
MemAvailable:    1528852 kB
Buffers:           57716 kB
Cached:           369624 kB
MemTotal:        1844596 kB
MemFree:         1219516 kB
MemAvailable:    1527940 kB
Buffers:           57716 kB
Cached:           369624 kB
MemTotal:        1844596 kB
MemFree:         1220360 kB
MemAvailable:    1528784 kB
Buffers:           57716 kB
Cached:           369624 kB
MemTotal:        1844596 kB
MemFree:         1220360 kB
MemAvailable:    1528784 kB
Buffers:           57716 kB
Cached:           369624 kB
MemTotal:        1844596 kB
MemFree:         1220404 kB
MemAvailable:    1528828 kB
Buffers:           57716 kB
Cached:           369624 kB
MemTotal:        1844596 kB
MemFree:         1220244 kB
MemAvailable:    1528668 kB
Buffers:           57716 kB
Cached:           369624 kB
MemTotal:        1844596 kB
MemFree:         1220496 kB
MemAvailable:    1528920 kB
Buffers:           57716 kB
Cached:           369624 kB
MemTotal:        1844596 kB
MemFree:         1221668 kB
MemAvailable:    1530092 kB
Buffers:           57716 kB
Cached:           369624 kB
MemTotal:        1844596 kB
MemFree:         1221684 kB
MemAvailable:    1530108 kB
Buffers:           57716 kB
Cached:           369624 kB
MemTotal:        1844596 kB
MemFree:         1220584 kB
MemAvailable:    1529008 kB
Buffers:           57716 kB
Cached:           369624 kB
MemTotal:        1844596 kB
MemFree:         1218996 kB
MemAvailable:    1527420 kB
Buffers:           57716 kB
Cached:           369624 kB
MemTotal:        1844596 kB
MemFree:         1218996 kB
MemAvailable:    1527420 kB
Buffers:           57716 kB
Cached:           369624 kB
MemTotal:        1844596 kB
MemFree:         1218028 kB
MemAvailable:    1526452 kB
Buffers:           57716 kB
Cached:           369624 kB
MemTotal:        1844596 kB
MemFree:         1216532 kB
MemAvailable:    1524956 kB
Buffers:           57716 kB
Cached:           369624 kB
MemTotal:        1844596 kB
MemFree:         1216036 kB
MemAvailable:    1524460 kB
Buffers:           57716 kB
Cached:           369624 kB
MemTotal:        1844596 kB
MemFree:         1217028 kB
MemAvailable:    1525452 kB
Buffers:           57716 kB
Cached:           369624 kB
MemTotal:        1844596 kB
MemFree:         1215788 kB
MemAvailable:    1524212 kB
Buffers:           57716 kB
Cached:           369624 kB
MemTotal:        1844596 kB
MemFree:         1215052 kB
MemAvailable:    1523484 kB
Buffers:           57716 kB
Cached:           369632 kB
MemTotal:        1844596 kB
MemFree:         1215496 kB
MemAvailable:    1523928 kB
Buffers:           57716 kB
Cached:           369632 kB
MemTotal:        1844596 kB
MemFree:         1216292 kB
MemAvailable:    1524724 kB
Buffers:           57716 kB
Cached:           369632 kB
MemTotal:        1844596 kB
MemFree:         1215424 kB
MemAvailable:    1523856 kB
Buffers:           57716 kB
Cached:           369632 kB
MemTotal:        1844596 kB
MemFree:         1216096 kB
MemAvailable:    1524528 kB
Buffers:           57716 kB
Cached:           369632 kB
MemTotal:        1844596 kB
MemFree:         1216180 kB
MemAvailable:    1524612 kB
Buffers:           57716 kB
Cached:           369632 kB
MemTotal:        1844596 kB
MemFree:         1216092 kB
MemAvailable:    1524524 kB
Buffers:           57716 kB
Cached:           369632 kB
MemTotal:        1844596 kB
MemFree:         1215052 kB
MemAvailable:    1523484 kB
Buffers:           57716 kB
Cached:           369632 kB
MemTotal:        1844596 kB
MemFree:         1215616 kB
MemAvailable:    1524048 kB
Buffers:           57716 kB
Cached:           369632 kB
MemTotal:        1844596 kB
MemFree:         1215728 kB
MemAvailable:    1524160 kB
Buffers:           57716 kB
Cached:           369632 kB
MemTotal:        1844596 kB
MemFree:         1214108 kB
MemAvailable:    1522540 kB
Buffers:           57716 kB
Cached:           369632 kB
MemTotal:        1844596 kB
MemFree:         1214136 kB
MemAvailable:    1522568 kB
Buffers:           57716 kB
Cached:           369632 kB
MemTotal:        1844596 kB
MemFree:         1213876 kB
MemAvailable:    1522308 kB
Buffers:           57716 kB
Cached:           369632 kB
MemTotal:        1844596 kB
MemFree:         1215176 kB
MemAvailable:    1523608 kB
Buffers:           57716 kB
Cached:           369632 kB
MemTotal:        1844596 kB
MemFree:         1215212 kB
MemAvailable:    1523644 kB
Buffers:           57716 kB
Cached:           369632 kB
MemTotal:        1844596 kB
MemFree:         1215032 kB
MemAvailable:    1523464 kB
Buffers:           57716 kB
Cached:           369632 kB
MemTotal:        1844596 kB
MemFree:         1215104 kB
MemAvailable:    1523536 kB
Buffers:           57716 kB
Cached:           369632 kB
MemTotal:        1844596 kB
MemFree:         1215080 kB
MemAvailable:    1523512 kB
Buffers:           57716 kB
Cached:           369632 kB
MemTotal:        1844596 kB
MemFree:         1215080 kB
MemAvailable:    1523512 kB
Buffers:           57716 kB
Cached:           369632 kB
MemTotal:        1844596 kB
MemFree:         1215236 kB
MemAvailable:    1523668 kB
Buffers:           57716 kB
Cached:           369632 kB
MemTotal:        1844596 kB
MemFree:         1214548 kB
MemAvailable:    1522980 kB
Buffers:           57716 kB
Cached:           369632 kB
MemTotal:        1844596 kB
MemFree:         1215176 kB
MemAvailable:    1523608 kB
Buffers:           57716 kB
Cached:           369632 kB
MemTotal:        1844596 kB
MemFree:         1215232 kB
MemAvailable:    1523664 kB
Buffers:           57716 kB
Cached:           369632 kB
MemTotal:        1844596 kB
MemFree:         1213928 kB
MemAvailable:    1522364 kB
Buffers:           57716 kB
Cached:           369636 kB
MemTotal:        1844596 kB
MemFree:         1214780 kB
MemAvailable:    1523216 kB
Buffers:           57716 kB
Cached:           369636 kB
MemTotal:        1844596 kB
MemFree:         1214780 kB
MemAvailable:    1523216 kB
Buffers:           57716 kB
Cached:           369636 kB
MemTotal:        1844596 kB
MemFree:         1214392 kB
MemAvailable:    1522828 kB
Buffers:           57716 kB
Cached:           369636 kB
MemTotal:        1844596 kB
MemFree:         1214392 kB
MemAvailable:    1522828 kB
Buffers:           57716 kB
Cached:           369636 kB
MemTotal:        1844596 kB
MemFree:         1214104 kB
MemAvailable:    1522540 kB
Buffers:           57716 kB
Cached:           369636 kB
MemTotal:        1844596 kB
MemFree:         1214180 kB
MemAvailable:    1522616 kB
Buffers:           57716 kB
Cached:           369636 kB
MemTotal:        1844596 kB
MemFree:         1214228 kB
MemAvailable:    1522664 kB
Buffers:           57716 kB
Cached:           369636 kB
MemTotal:        1844596 kB
MemFree:         1214480 kB
MemAvailable:    1522916 kB
Buffers:           57716 kB
Cached:           369636 kB
MemTotal:        1844596 kB
MemFree:         1214104 kB
MemAvailable:    1522540 kB
Buffers:           57716 kB
Cached:           369636 kB
MemTotal:        1844596 kB
MemFree:         1214440 kB
MemAvailable:    1522876 kB
Buffers:           57716 kB
Cached:           369636 kB
MemTotal:        1844596 kB
MemFree:         1214280 kB
MemAvailable:    1522716 kB
Buffers:           57716 kB
Cached:           369636 kB
MemTotal:        1844596 kB
MemFree:         1212992 kB
MemAvailable:    1521428 kB
Buffers:           57716 kB
Cached:           369636 kB
MemTotal:        1844596 kB
MemFree:         1213636 kB
MemAvailable:    1522072 kB
Buffers:           57716 kB
Cached:           369636 kB
MemTotal:        1844596 kB
MemFree:         1212796 kB
MemAvailable:    1521232 kB
Buffers:           57716 kB
Cached:           369636 kB
MemTotal:        1844596 kB
MemFree:         1212924 kB
MemAvailable:    1521360 kB
Buffers:           57716 kB
Cached:           369636 kB
MemTotal:        1844596 kB
MemFree:         1209100 kB
MemAvailable:    1517536 kB
Buffers:           57716 kB
Cached:           369636 kB
MemTotal:        1844596 kB
MemFree:         1207240 kB
MemAvailable:    1515676 kB
Buffers:           57716 kB
Cached:           369636 kB
MemTotal:        1844596 kB
MemFree:         1206720 kB
MemAvailable:    1515156 kB
Buffers:           57716 kB
Cached:           369636 kB
MemTotal:        1844596 kB
MemFree:         1206972 kB
MemAvailable:    1515408 kB
Buffers:           57716 kB
Cached:           369636 kB
MemTotal:        1844596 kB
MemFree:         1206348 kB
MemAvailable:    1514784 kB
Buffers:           57716 kB
Cached:           369636 kB
MemTotal:        1844596 kB
MemFree:         1206348 kB
MemAvailable:    1514784 kB
Buffers:           57716 kB
Cached:           369636 kB
MemTotal:        1844596 kB
MemFree:         1206224 kB
MemAvailable:    1514660 kB
Buffers:           57716 kB
Cached:           369636 kB
MemTotal:        1844596 kB
MemFree:         1206532 kB
MemAvailable:    1514968 kB
Buffers:           57716 kB
Cached:           369636 kB
MemTotal:        1844596 kB
MemFree:         1204972 kB
MemAvailable:    1513408 kB
Buffers:           57716 kB
Cached:           369636 kB
MemTotal:        1844596 kB
MemFree:         1206296 kB
MemAvailable:    1514732 kB
Buffers:           57716 kB
Cached:           369636 kB
MemTotal:        1844596 kB
MemFree:         1206268 kB
MemAvailable:    1514704 kB
Buffers:           57716 kB
Cached:           369636 kB
MemTotal:        1844596 kB
MemFree:         1205628 kB
MemAvailable:    1514064 kB
Buffers:           57716 kB
Cached:           369636 kB
MemTotal:        1844596 kB
MemFree:         1205628 kB
MemAvailable:    1514064 kB
Buffers:           57716 kB
Cached:           369636 kB
MemTotal:        1844596 kB
MemFree:         1206804 kB
MemAvailable:    1515240 kB
Buffers:           57716 kB
Cached:           369636 kB
MemTotal:        1844596 kB
MemFree:         1205380 kB
MemAvailable:    1513816 kB
Buffers:           57716 kB
Cached:           369636 kB
MemTotal:        1844596 kB
MemFree:         1206808 kB
MemAvailable:    1515244 kB
Buffers:           57716 kB
Cached:           369636 kB
MemTotal:        1844596 kB
MemFree:         1205248 kB
MemAvailable:    1513684 kB
Buffers:           57716 kB
Cached:           369636 kB
MemTotal:        1844596 kB
MemFree:         1205628 kB
MemAvailable:    1514064 kB
Buffers:           57716 kB
Cached:           369636 kB
MemTotal:        1844596 kB
MemFree:         1205736 kB
MemAvailable:    1514172 kB
Buffers:           57716 kB
Cached:           369636 kB
MemTotal:        1844596 kB
MemFree:         1204488 kB
MemAvailable:    1512924 kB
Buffers:           57716 kB
Cached:           369636 kB
MemTotal:        1844596 kB
MemFree:         1205192 kB
MemAvailable:    1513628 kB
Buffers:           57716 kB
Cached:           369636 kB
MemTotal:        1844596 kB
MemFree:         1204620 kB
MemAvailable:    1513056 kB
Buffers:           57716 kB
Cached:           369636 kB
MemTotal:        1844596 kB
MemFree:         1204620 kB
MemAvailable:    1513056 kB
Buffers:           57716 kB
Cached:           369636 kB
MemTotal:        1844596 kB
MemFree:         1204560 kB
MemAvailable:    1512996 kB
Buffers:           57716 kB
Cached:           369636 kB
MemTotal:        1844596 kB
MemFree:         1203396 kB
MemAvailable:    1511832 kB
Buffers:           57716 kB
Cached:           369636 kB
MemTotal:        1844596 kB
MemFree:         1203504 kB
MemAvailable:    1511940 kB
Buffers:           57716 kB
Cached:           369636 kB
MemTotal:        1844596 kB
MemFree:         1203024 kB
MemAvailable:    1511460 kB
Buffers:           57716 kB
Cached:           369636 kB
MemTotal:        1844596 kB
MemFree:         1203444 kB
MemAvailable:    1511880 kB
Buffers:           57716 kB
Cached:           369636 kB
MemTotal:        1844596 kB
MemFree:         1202884 kB
MemAvailable:    1511320 kB
Buffers:           57716 kB
Cached:           369636 kB
MemTotal:        1844596 kB
MemFree:         1202884 kB
MemAvailable:    1511320 kB
Buffers:           57716 kB
Cached:           369636 kB
MemTotal:        1844596 kB
MemFree:         1202456 kB
MemAvailable:    1510892 kB
Buffers:           57716 kB
Cached:           369636 kB
MemTotal:        1844596 kB
MemFree:         1202456 kB
MemAvailable:    1510892 kB
Buffers:           57716 kB
Cached:           369636 kB
MemTotal:        1844596 kB
MemFree:         1202332 kB
MemAvailable:    1510768 kB
Buffers:           57716 kB
Cached:           369636 kB
MemTotal:        1844596 kB
MemFree:         1202332 kB
MemAvailable:    1510768 kB
Buffers:           57716 kB
Cached:           369636 kB
MemTotal:        1844596 kB
MemFree:         1202348 kB
MemAvailable:    1510784 kB
Buffers:           57716 kB
Cached:           369636 kB
MemTotal:        1844596 kB
MemFree:         1202404 kB
MemAvailable:    1510840 kB
Buffers:           57716 kB
Cached:           369636 kB
MemTotal:        1844596 kB
MemFree:         1202504 kB
MemAvailable:    1510940 kB
Buffers:           57716 kB
Cached:           369636 kB
MemTotal:        1844596 kB
MemFree:         1201660 kB
MemAvailable:    1510096 kB
Buffers:           57716 kB
Cached:           369636 kB
MemTotal:        1844596 kB
MemFree:         1202244 kB
MemAvailable:    1510680 kB
Buffers:           57716 kB
Cached:           369636 kB
MemTotal:        1844596 kB
MemFree:         1202580 kB
MemAvailable:    1511016 kB
Buffers:           57716 kB
Cached:           369636 kB
MemTotal:        1844596 kB
MemFree:         1201032 kB
MemAvailable:    1509468 kB
Buffers:           57716 kB
Cached:           369636 kB
MemTotal:        1844596 kB
MemFree:         1201760 kB
MemAvailable:    1510196 kB
Buffers:           57716 kB
Cached:           369636 kB
MemTotal:        1844596 kB
MemFree:         1202012 kB
MemAvailable:    1510448 kB
Buffers:           57716 kB
Cached:           369636 kB
MemTotal:        1844596 kB
MemFree:         1193352 kB
MemAvailable:    1501792 kB
Buffers:           57716 kB
Cached:           369640 kB
MemTotal:        1844596 kB
MemFree:         1192476 kB
MemAvailable:    1500916 kB
Buffers:           57716 kB
Cached:           369764 kB
MemTotal:        1844596 kB
MemFree:         1193660 kB
MemAvailable:    1502236 kB
Buffers:           57716 kB
Cached:           369788 kB
MemTotal:        1844596 kB
MemFree:         1192484 kB
MemAvailable:    1501144 kB
Buffers:           57716 kB
Cached:           369912 kB
MemTotal:        1844596 kB
MemFree:         1193148 kB
MemAvailable:    1501976 kB
Buffers:           57716 kB
Cached:           370036 kB
MemTotal:        1844596 kB
MemFree:         1193400 kB
MemAvailable:    1502228 kB
Buffers:           57716 kB
Cached:           370036 kB
MemTotal:        1844596 kB
MemFree:         1191924 kB
MemAvailable:    1500920 kB
Buffers:           57716 kB
Cached:           370284 kB
MemTotal:        1844596 kB
MemFree:         1191792 kB
MemAvailable:    1500788 kB
Buffers:           57716 kB
Cached:           370284 kB
MemTotal:        1844596 kB
MemFree:         1191924 kB
MemAvailable:    1500920 kB
Buffers:           57716 kB
Cached:           370284 kB
MemTotal:        1844596 kB
MemFree:         1192048 kB
MemAvailable:    1501128 kB
Buffers:           57716 kB
Cached:           370284 kB
MemTotal:        1844596 kB
MemFree:         1192172 kB
MemAvailable:    1501252 kB
Buffers:           57716 kB
Cached:           370284 kB
MemTotal:        1844596 kB
MemFree:         1193348 kB
MemAvailable:    1502428 kB
Buffers:           57716 kB
Cached:           370284 kB
MemTotal:        1844596 kB
MemFree:         1192040 kB
MemAvailable:    1501120 kB
Buffers:           57716 kB
Cached:           370284 kB
MemTotal:        1844596 kB
MemFree:         1193132 kB
MemAvailable:    1502212 kB
Buffers:           57716 kB
Cached:           370284 kB
MemTotal:        1844596 kB
MemFree:         1193132 kB
MemAvailable:    1502212 kB
Buffers:           57716 kB
Cached:           370284 kB
MemTotal:        1844596 kB
MemFree:         1192876 kB
MemAvailable:    1502040 kB
Buffers:           57716 kB
Cached:           370408 kB
MemTotal:        1844596 kB
MemFree:         1191776 kB
MemAvailable:    1500268 kB
Buffers:           57716 kB
Cached:           369692 kB
MemTotal:        1844596 kB
MemFree:         1263716 kB
MemAvailable:    1572208 kB
Buffers:           57716 kB
Cached:           369692 kB
