MemTotal:        1844596 kB
MemFree:         1515504 kB
MemAvailable:    1570020 kB
Buffers:           27280 kB
Cached:           160168 kB
MemTotal:        1844596 kB
MemFree:         1512892 kB
MemAvailable:    1567408 kB
Buffers:           27280 kB
Cached:           160168 kB
MemTotal:        1844596 kB
MemFree:         1512108 kB
MemAvailable:    1566624 kB
Buffers:           27280 kB
Cached:           160168 kB
MemTotal:        1844596 kB
MemFree:         1512472 kB
MemAvailable:    1566988 kB
Buffers:           27280 kB
Cached:           160168 kB
MemTotal:        1844596 kB
MemFree:         1511048 kB
MemAvailable:    1565564 kB
Buffers:           27280 kB
Cached:           160168 kB
MemTotal:        1844596 kB
MemFree:         1511768 kB
MemAvailable:    1566284 kB
Buffers:           27280 kB
Cached:           160168 kB
MemTotal:        1844596 kB
MemFree:         1511908 kB
MemAvailable:    1566424 kB
Buffers:           27280 kB
Cached:           160168 kB
MemTotal:        1844596 kB
MemFree:         1507568 kB
MemAvailable:    1562084 kB
Buffers:           27280 kB
Cached:           160168 kB
MemTotal:        1844596 kB
MemFree:         1505096 kB
MemAvailable:    1559612 kB
Buffers:           27280 kB
Cached:           160168 kB
MemTotal:        1844596 kB
MemFree:         1503112 kB
MemAvailable:    1557628 kB
Buffers:           27280 kB
Cached:           160168 kB
MemTotal:        1844596 kB
MemFree:         1500012 kB
MemAvailable:    1554528 kB
Buffers:           27280 kB
Cached:           160168 kB
MemTotal:        1844596 kB
MemFree:         1502104 kB
MemAvailable:    1556620 kB
Buffers:           27280 kB
Cached:           160168 kB
MemTotal:        1844596 kB
MemFree:         1502168 kB
MemAvailable:    1556684 kB
Buffers:           27280 kB
Cached:           160168 kB
MemTotal:        1844596 kB
MemFree:         1501004 kB
MemAvailable:    1555520 kB
Buffers:           27280 kB
Cached:           160168 kB
MemTotal:        1844596 kB
MemFree:         1500880 kB
MemAvailable:    1555396 kB
Buffers:           27280 kB
Cached:           160168 kB
MemTotal:        1844596 kB
MemFree:         1501980 kB
MemAvailable:    1556496 kB
Buffers:           27280 kB
Cached:           160168 kB
MemTotal:        1844596 kB
MemFree:         1502064 kB
MemAvailable:    1556580 kB
Buffers:           27280 kB
Cached:           160168 kB
MemTotal:        1844596 kB
MemFree:         1499624 kB
MemAvailable:    1554140 kB
Buffers:           27280 kB
Cached:           160168 kB
MemTotal:        1844596 kB
MemFree:         1498904 kB
MemAvailable:    1553408 kB
Buffers:           27280 kB
Cached:           160124 kB
MemTotal:        1844596 kB
MemFree:         1498896 kB
MemAvailable:    1553400 kB
Buffers:           27280 kB
Cached:           160124 kB
MemTotal:        1844596 kB
MemFree:         1498532 kB
MemAvailable:    1553036 kB
Buffers:           27280 kB
Cached:           160124 kB
MemTotal:        1844596 kB
MemFree:         1498400 kB
MemAvailable:    1552904 kB
Buffers:           27280 kB
Cached:           160124 kB
MemTotal:        1844596 kB
MemFree:         1499500 kB
MemAvailable:    1554004 kB
Buffers:           27280 kB
Cached:           160124 kB
MemTotal:        1844596 kB
MemFree:         1499668 kB
MemAvailable:    1554172 kB
Buffers:           27280 kB
Cached:           160124 kB
MemTotal:        1844596 kB
MemFree:         1499628 kB
MemAvailable:    1554132 kB
Buffers:           27280 kB
Cached:           160124 kB
MemTotal:        1844596 kB
MemFree:         1498332 kB
MemAvailable:    1552836 kB
Buffers:           27280 kB
Cached:           160124 kB
MemTotal:        1844596 kB
MemFree:         1499632 kB
MemAvailable:    1554136 kB
Buffers:           27280 kB
Cached:           160124 kB
MemTotal:        1844596 kB
MemFree:         1499884 kB
MemAvailable:    1554388 kB
Buffers:           27280 kB
Cached:           160124 kB
MemTotal:        1844596 kB
MemFree:         1499692 kB
MemAvailable:    1554196 kB
Buffers:           27280 kB
Cached:           160124 kB
MemTotal:        1844596 kB
MemFree:         1500992 kB
MemAvailable:    1555496 kB
Buffers:           27280 kB
Cached:           160124 kB
MemTotal:        1844596 kB
MemFree:         1498904 kB
MemAvailable:    1553408 kB
Buffers:           27280 kB
Cached:           160124 kB
MemTotal:        1844596 kB
MemFree:         1498036 kB
MemAvailable:    1552540 kB
Buffers:           27280 kB
Cached:           160124 kB
MemTotal:        1844596 kB
MemFree:         1497144 kB
MemAvailable:    1551648 kB
Buffers:           27280 kB
Cached:           160124 kB
MemTotal:        1844596 kB
MemFree:         1496856 kB
MemAvailable:    1551360 kB
Buffers:           27280 kB
Cached:           160124 kB
MemTotal:        1844596 kB
MemFree:         1496656 kB
MemAvailable:    1551160 kB
Buffers:           27280 kB
Cached:           160124 kB
MemTotal:        1844596 kB
MemFree:         1496908 kB
MemAvailable:    1551412 kB
Buffers:           27280 kB
Cached:           160124 kB
MemTotal:        1844596 kB
MemFree:         1495424 kB
MemAvailable:    1549928 kB
Buffers:           27280 kB
Cached:           160124 kB
MemTotal:        1844596 kB
MemFree:         1494680 kB
MemAvailable:    1549184 kB
Buffers:           27280 kB
Cached:           160124 kB
MemTotal:        1844596 kB
MemFree:         1495864 kB
MemAvailable:    1550368 kB
Buffers:           27280 kB
Cached:           160124 kB
MemTotal:        1844596 kB
MemFree:         1495608 kB
MemAvailable:    1550112 kB
Buffers:           27280 kB
Cached:           160124 kB
MemTotal:        1844596 kB
MemFree:         1494564 kB
MemAvailable:    1549068 kB
Buffers:           27280 kB
Cached:           160124 kB
MemTotal:        1844596 kB
MemFree:         1495364 kB
MemAvailable:    1549868 kB
Buffers:           27280 kB
Cached:           160124 kB
MemTotal:        1844596 kB
MemFree:         1495364 kB
MemAvailable:    1549868 kB
Buffers:           27280 kB
Cached:           160124 kB
MemTotal:        1844596 kB
MemFree:         1495352 kB
MemAvailable:    1549856 kB
Buffers:           27280 kB
Cached:           160124 kB
MemTotal:        1844596 kB
MemFree:         1493920 kB
MemAvailable:    1548424 kB
Buffers:           27280 kB
Cached:           160124 kB
MemTotal:        1844596 kB
MemFree:         1494688 kB
MemAvailable:    1549192 kB
Buffers:           27280 kB
Cached:           160124 kB
MemTotal:        1844596 kB
MemFree:         1494680 kB
MemAvailable:    1549184 kB
Buffers:           27280 kB
Cached:           160124 kB
MemTotal:        1844596 kB
MemFree:         1493052 kB
MemAvailable:    1547560 kB
Buffers:           27280 kB
Cached:           160128 kB
MemTotal:        1844596 kB
MemFree:         1493052 kB
MemAvailable:    1547560 kB
Buffers:           27280 kB
Cached:           160128 kB
MemTotal:        1844596 kB
MemFree:         1494568 kB
MemAvailable:    1549076 kB
Buffers:           27280 kB
Cached:           160128 kB
MemTotal:        1844596 kB
MemFree:         1494480 kB
MemAvailable:    1548988 kB
Buffers:           27280 kB
Cached:           160128 kB
MemTotal:        1844596 kB
MemFree:         1493324 kB
MemAvailable:    1547832 kB
Buffers:           27280 kB
Cached:           160128 kB
MemTotal:        1844596 kB
MemFree:         1494320 kB
MemAvailable:    1548828 kB
Buffers:           27280 kB
Cached:           160128 kB
MemTotal:        1844596 kB
MemFree:         1493012 kB
MemAvailable:    1547520 kB
Buffers:           27280 kB
Cached:           160128 kB
MemTotal:        1844596 kB
MemFree:         1494244 kB
MemAvailable:    1548752 kB
Buffers:           27280 kB
Cached:           160128 kB
MemTotal:        1844596 kB
MemFree:         1493560 kB
MemAvailable:    1548068 kB
Buffers:           27280 kB
Cached:           160128 kB
MemTotal:        1844596 kB
MemFree:         1494424 kB
MemAvailable:    1548932 kB
Buffers:           27280 kB
Cached:           160128 kB
MemTotal:        1844596 kB
MemFree:         1494300 kB
MemAvailable:    1548808 kB
Buffers:           27280 kB
Cached:           160128 kB
MemTotal:        1844596 kB
MemFree:         1493016 kB
MemAvailable:    1547524 kB
Buffers:           27280 kB
Cached:           160128 kB
MemTotal:        1844596 kB
MemFree:         1494044 kB
MemAvailable:    1548552 kB
Buffers:           27280 kB
Cached:           160128 kB
MemTotal:        1844596 kB
MemFree:         1494044 kB
MemAvailable:    1548552 kB
Buffers:           27280 kB
Cached:           160128 kB
MemTotal:        1844596 kB
MemFree:         1493664 kB
MemAvailable:    1548172 kB
Buffers:           27280 kB
Cached:           160128 kB
MemTotal:        1844596 kB
MemFree:         1493696 kB
MemAvailable:    1548204 kB
Buffers:           27280 kB
Cached:           160128 kB
MemTotal:        1844596 kB
MemFree:         1493616 kB
MemAvailable:    1548124 kB
Buffers:           27280 kB
Cached:           160128 kB
MemTotal:        1844596 kB
MemFree:         1493612 kB
MemAvailable:    1548120 kB
Buffers:           27280 kB
Cached:           160128 kB
MemTotal:        1844596 kB
MemFree:         1492828 kB
MemAvailable:    1547336 kB
Buffers:           27280 kB
Cached:           160128 kB
MemTotal:        1844596 kB
MemFree:         1493468 kB
MemAvailable:    1547976 kB
Buffers:           27280 kB
Cached:           160128 kB
MemTotal:        1844596 kB
MemFree:         1493556 kB
MemAvailable:    1548064 kB
Buffers:           27280 kB
Cached:           160128 kB
MemTotal:        1844596 kB
MemFree:         1493376 kB
MemAvailable:    1547884 kB
Buffers:           27280 kB
Cached:           160128 kB
MemTotal:        1844596 kB
MemFree:         1493712 kB
MemAvailable:    1548220 kB
Buffers:           27280 kB
Cached:           160128 kB
MemTotal:        1844596 kB
MemFree:         1493552 kB
MemAvailable:    1548060 kB
Buffers:           27280 kB
Cached:           160128 kB
MemTotal:        1844596 kB
MemFree:         1492704 kB
MemAvailable:    1547212 kB
Buffers:           27280 kB
Cached:           160128 kB
MemTotal:        1844596 kB
MemFree:         1493184 kB
MemAvailable:    1547692 kB
Buffers:           27280 kB
Cached:           160128 kB
MemTotal:        1844596 kB
MemFree:         1493148 kB
MemAvailable:    1547656 kB
Buffers:           27280 kB
Cached:           160128 kB
MemTotal:        1844596 kB
MemFree:         1490100 kB
MemAvailable:    1544608 kB
Buffers:           27280 kB
Cached:           160128 kB
MemTotal:        1844596 kB
MemFree:         1486876 kB
MemAvailable:    1541384 kB
Buffers:           27280 kB
Cached:           160128 kB
MemTotal:        1844596 kB
MemFree:         1486496 kB
MemAvailable:    1541004 kB
Buffers:           27280 kB
Cached:           160128 kB
MemTotal:        1844596 kB
MemFree:         1486192 kB
MemAvailable:    1540700 kB
Buffers:           27280 kB
Cached:           160128 kB
MemTotal:        1844596 kB
MemFree:         1485820 kB
MemAvailable:    1540328 kB
Buffers:           27280 kB
Cached:           160128 kB
MemTotal:        1844596 kB
MemFree:         1484512 kB
MemAvailable:    1539020 kB
Buffers:           27280 kB
Cached:           160128 kB
MemTotal:        1844596 kB
MemFree:         1486000 kB
MemAvailable:    1540508 kB
Buffers:           27280 kB
Cached:           160128 kB
MemTotal:        1844596 kB
MemFree:         1484380 kB
MemAvailable:    1538888 kB
Buffers:           27280 kB
Cached:           160128 kB
MemTotal:        1844596 kB
MemFree:         1484380 kB
MemAvailable:    1538888 kB
Buffers:           27280 kB
Cached:           160128 kB
MemTotal:        1844596 kB
MemFree:         1485680 kB
MemAvailable:    1540188 kB
Buffers:           27280 kB
Cached:           160128 kB
MemTotal:        1844596 kB
MemFree:         1484644 kB
MemAvailable:    1539152 kB
Buffers:           27280 kB
Cached:           160128 kB
MemTotal:        1844596 kB
MemFree:         1485360 kB
MemAvailable:    1539868 kB
Buffers:           27280 kB
Cached:           160128 kB
MemTotal:        1844596 kB
MemFree:         1485528 kB
MemAvailable:    1540036 kB
Buffers:           27280 kB
Cached:           160128 kB
MemTotal:        1844596 kB
MemFree:         1484244 kB
MemAvailable:    1538752 kB
Buffers:           27280 kB
Cached:           160128 kB
MemTotal:        1844596 kB
MemFree:         1485132 kB
MemAvailable:    1539640 kB
Buffers:           27280 kB
Cached:           160128 kB
MemTotal:        1844596 kB
MemFree:         1485436 kB
MemAvailable:    1539944 kB
Buffers:           27280 kB
Cached:           160128 kB
MemTotal:        1844596 kB
MemFree:         1485688 kB
MemAvailable:    1540196 kB
Buffers:           27280 kB
Cached:           160128 kB
MemTotal:        1844596 kB
MemFree:         1484384 kB
MemAvailable:    1538892 kB
Buffers:           27280 kB
Cached:           160128 kB
MemTotal:        1844596 kB
MemFree:         1484024 kB
MemAvailable:    1538532 kB
Buffers:           27280 kB
Cached:           160128 kB
MemTotal:        1844596 kB
MemFree:         1484952 kB
MemAvailable:    1539460 kB
Buffers:           27280 kB
Cached:           160128 kB
MemTotal:        1844596 kB
MemFree:         1483900 kB
MemAvailable:    1538412 kB
Buffers:           27280 kB
Cached:           160132 kB
MemTotal:        1844596 kB
MemFree:         1484380 kB
MemAvailable:    1538892 kB
Buffers:           27280 kB
Cached:           160132 kB
MemTotal:        1844596 kB
MemFree:         1484380 kB
MemAvailable:    1538892 kB
Buffers:           27280 kB
Cached:           160132 kB
MemTotal:        1844596 kB
MemFree:         1483760 kB
MemAvailable:    1538276 kB
Buffers:           27280 kB
Cached:           160136 kB
MemTotal:        1844596 kB
MemFree:         1484012 kB
MemAvailable:    1538528 kB
Buffers:           27280 kB
Cached:           160136 kB
MemTotal:        1844596 kB
MemFree:         1482760 kB
MemAvailable:    1537276 kB
Buffers:           27280 kB
Cached:           160136 kB
MemTotal:        1844596 kB
MemFree:         1483096 kB
MemAvailable:    1537612 kB
Buffers:           27280 kB
Cached:           160136 kB
MemTotal:        1844596 kB
MemFree:         1482636 kB
MemAvailable:    1537152 kB
Buffers:           27280 kB
Cached:           160136 kB
MemTotal:        1844596 kB
MemFree:         1482636 kB
MemAvailable:    1537152 kB
Buffers:           27280 kB
Cached:           160136 kB
MemTotal:        1844596 kB
MemFree:         1482156 kB
MemAvailable:    1536672 kB
Buffers:           27280 kB
Cached:           160136 kB
MemTotal:        1844596 kB
MemFree:         1482084 kB
MemAvailable:    1536600 kB
Buffers:           27280 kB
Cached:           160136 kB
MemTotal:        1844596 kB
MemFree:         1481712 kB
MemAvailable:    1536228 kB
Buffers:           27280 kB
Cached:           160136 kB
MemTotal:        1844596 kB
MemFree:         1482048 kB
MemAvailable:    1536564 kB
Buffers:           27280 kB
Cached:           160136 kB
MemTotal:        1844596 kB
MemFree:         1481580 kB
MemAvailable:    1536096 kB
Buffers:           27280 kB
Cached:           160136 kB
MemTotal:        1844596 kB
MemFree:         1481668 kB
MemAvailable:    1536184 kB
Buffers:           27280 kB
Cached:           160136 kB
MemTotal:        1844596 kB
MemFree:         1480408 kB
MemAvailable:    1534924 kB
Buffers:           27280 kB
Cached:           160136 kB
MemTotal:        1844596 kB
MemFree:         1481716 kB
MemAvailable:    1536232 kB
Buffers:           27280 kB
Cached:           160136 kB
MemTotal:        1844596 kB
MemFree:         1481668 kB
MemAvailable:    1536184 kB
Buffers:           27280 kB
Cached:           160136 kB
MemTotal:        1844596 kB
MemFree:         1480924 kB
MemAvailable:    1535440 kB
Buffers:           27280 kB
Cached:           160136 kB
MemTotal:        1844596 kB
MemFree:         1481532 kB
MemAvailable:    1536048 kB
Buffers:           27280 kB
Cached:           160136 kB
MemTotal:        1844596 kB
MemFree:         1481280 kB
MemAvailable:    1535796 kB
Buffers:           27280 kB
Cached:           160136 kB
MemTotal:        1844596 kB
MemFree:         1481616 kB
MemAvailable:    1536132 kB
Buffers:           27280 kB
Cached:           160136 kB
MemTotal:        1844596 kB
MemFree:         1481172 kB
MemAvailable:    1535688 kB
Buffers:           27280 kB
Cached:           160136 kB
MemTotal:        1844596 kB
MemFree:         1479684 kB
MemAvailable:    1534200 kB
Buffers:           27280 kB
Cached:           160136 kB
MemTotal:        1844596 kB
MemFree:         1472716 kB
MemAvailable:    1527232 kB
Buffers:           27280 kB
Cached:           160136 kB
MemTotal:        1844596 kB
MemFree:         1472552 kB
MemAvailable:    1527068 kB
Buffers:           27280 kB
Cached:           160136 kB
MemTotal:        1844596 kB
MemFree:         1472320 kB
MemAvailable:    1527004 kB
Buffers:           27280 kB
Cached:           160384 kB
MemTotal:        1844596 kB
MemFree:         1472572 kB
MemAvailable:    1527256 kB
Buffers:           27280 kB
Cached:           160384 kB
MemTotal:        1844596 kB
MemFree:         1471072 kB
MemAvailable:    1525840 kB
Buffers:           27280 kB
Cached:           160508 kB
MemTotal:        1844596 kB
MemFree:         1471244 kB
MemAvailable:    1526096 kB
Buffers:           27280 kB
Cached:           160632 kB
MemTotal:        1844596 kB
MemFree:         1472140 kB
MemAvailable:    1527116 kB
Buffers:           27280 kB
Cached:           160716 kB
MemTotal:        1844596 kB
MemFree:         1471884 kB
MemAvailable:    1526860 kB
Buffers:           27280 kB
Cached:           160716 kB
MemTotal:        1844596 kB
MemFree:         1470568 kB
MemAvailable:    1525628 kB
Buffers:           27280 kB
Cached:           160716 kB
MemTotal:        1844596 kB
MemFree:         1471120 kB
MemAvailable:    1526180 kB
Buffers:           27280 kB
Cached:           160716 kB
MemTotal:        1844596 kB
MemFree:         1472244 kB
MemAvailable:    1527364 kB
Buffers:           27280 kB
Cached:           160820 kB
MemTotal:        1844596 kB
MemFree:         1471004 kB
MemAvailable:    1526124 kB
Buffers:           27280 kB
Cached:           160820 kB
MemTotal:        1844596 kB
MemFree:         1471944 kB
MemAvailable:    1527064 kB
Buffers:           27280 kB
Cached:           160820 kB
MemTotal:        1844596 kB
MemFree:         1471972 kB
MemAvailable:    1527092 kB
Buffers:           27280 kB
Cached:           160820 kB
MemTotal:        1844596 kB
MemFree:         1471916 kB
MemAvailable:    1527036 kB
Buffers:           27280 kB
Cached:           160820 kB
MemTotal:        1844596 kB
MemFree:         1471916 kB
MemAvailable:    1527036 kB
Buffers:           27280 kB
Cached:           160820 kB
MemTotal:        1844596 kB
MemFree:         1471964 kB
MemAvailable:    1526496 kB
Buffers:           27280 kB
Cached:           160188 kB
MemTotal:        1844596 kB
MemFree:         1471964 kB
MemAvailable:    1526496 kB
Buffers:           27280 kB
Cached:           160188 kB
MemTotal:        1844596 kB
MemFree:         1541288 kB
MemAvailable:    1595820 kB
Buffers:           27280 kB
Cached:           160188 kB
