MemTotal:        1844596 kB
MemFree:         1385376 kB
MemAvailable:    1562012 kB
Buffers:           43384 kB
Cached:           263776 kB
MemTotal:        1844596 kB
MemFree:         1384136 kB
MemAvailable:    1560772 kB
Buffers:           43384 kB
Cached:           263776 kB
MemTotal:        1844596 kB
MemFree:         1382400 kB
MemAvailable:    1558912 kB
Buffers:           43384 kB
Cached:           263776 kB
MemTotal:        1844596 kB
MemFree:         1380780 kB
MemAvailable:    1557416 kB
Buffers:           43384 kB
Cached:           263776 kB
MemTotal:        1844596 kB
MemFree:         1379672 kB
MemAvailable:    1556308 kB
Buffers:           43384 kB
Cached:           263776 kB
MemTotal:        1844596 kB
MemFree:         1380724 kB
MemAvailable:    1557360 kB
Buffers:           43384 kB
Cached:           263776 kB
MemTotal:        1844596 kB
MemFree:         1379672 kB
MemAvailable:    1556308 kB
Buffers:           43384 kB
Cached:           263776 kB
MemTotal:        1844596 kB
MemFree:         1378168 kB
MemAvailable:    1554804 kB
Buffers:           43384 kB
Cached:           263776 kB
MemTotal:        1844596 kB
MemFree:         1377440 kB
MemAvailable:    1554076 kB
Buffers:           43384 kB
Cached:           263776 kB
MemTotal:        1844596 kB
MemFree:         1374464 kB
MemAvailable:    1551100 kB
Buffers:           43384 kB
Cached:           263776 kB
MemTotal:        1844596 kB
MemFree:         1371176 kB
MemAvailable:    1547812 kB
Buffers:           43384 kB
Cached:           263776 kB
MemTotal:        1844596 kB
MemFree:         1370728 kB
MemAvailable:    1547364 kB
Buffers:           43384 kB
Cached:           263776 kB
MemTotal:        1844596 kB
MemFree:         1370728 kB
MemAvailable:    1547364 kB
Buffers:           43384 kB
Cached:           263776 kB
MemTotal:        1844596 kB
MemFree:         1370664 kB
MemAvailable:    1547300 kB
Buffers:           43384 kB
Cached:           263776 kB
MemTotal:        1844596 kB
MemFree:         1370916 kB
MemAvailable:    1547552 kB
Buffers:           43384 kB
Cached:           263776 kB
MemTotal:        1844596 kB
MemFree:         1369476 kB
MemAvailable:    1546112 kB
Buffers:           43384 kB
Cached:           263776 kB
MemTotal:        1844596 kB
MemFree:         1370760 kB
MemAvailable:    1547396 kB
Buffers:           43384 kB
Cached:           263776 kB
MemTotal:        1844596 kB
MemFree:         1370184 kB
MemAvailable:    1546820 kB
Buffers:           43384 kB
Cached:           263776 kB
MemTotal:        1844596 kB
MemFree:         1369504 kB
MemAvailable:    1546140 kB
Buffers:           43384 kB
Cached:           263776 kB
MemTotal:        1844596 kB
MemFree:         1369132 kB
MemAvailable:    1545768 kB
Buffers:           43384 kB
Cached:           263776 kB
MemTotal:        1844596 kB
MemFree:         1368452 kB
MemAvailable:    1545088 kB
Buffers:           43384 kB
Cached:           263776 kB
MemTotal:        1844596 kB
MemFree:         1366976 kB
MemAvailable:    1543612 kB
Buffers:           43384 kB
Cached:           263776 kB
MemTotal:        1844596 kB
MemFree:         1366976 kB
MemAvailable:    1543612 kB
Buffers:           43384 kB
Cached:           263776 kB
MemTotal:        1844596 kB
MemFree:         1368020 kB
MemAvailable:    1544656 kB
Buffers:           43384 kB
Cached:           263776 kB
MemTotal:        1844596 kB
MemFree:         1367012 kB
MemAvailable:    1543648 kB
Buffers:           43384 kB
Cached:           263776 kB
MemTotal:        1844596 kB
MemFree:         1368140 kB
MemAvailable:    1544776 kB
Buffers:           43384 kB
Cached:           263776 kB
MemTotal:        1844596 kB
MemFree:         1368260 kB
MemAvailable:    1544896 kB
Buffers:           43384 kB
Cached:           263776 kB
MemTotal:        1844596 kB
MemFree:         1367140 kB
MemAvailable:    1543776 kB
Buffers:           43384 kB
Cached:           263776 kB
MemTotal:        1844596 kB
MemFree:         1369356 kB
MemAvailable:    1545992 kB
Buffers:           43384 kB
Cached:           263776 kB
MemTotal:        1844596 kB
MemFree:         1369504 kB
MemAvailable:    1546140 kB
Buffers:           43384 kB
Cached:           263776 kB
MemTotal:        1844596 kB
MemFree:         1369060 kB
MemAvailable:    1545696 kB
Buffers:           43384 kB
Cached:           263776 kB
MemTotal:        1844596 kB
MemFree:         1367396 kB
MemAvailable:    1544032 kB
Buffers:           43384 kB
Cached:           263776 kB
MemTotal:        1844596 kB
MemFree:         1365536 kB
MemAvailable:    1542172 kB
Buffers:           43384 kB
Cached:           263776 kB
MemTotal:        1844596 kB
MemFree:         1365784 kB
MemAvailable:    1542420 kB
Buffers:           43384 kB
Cached:           263776 kB
MemTotal:        1844596 kB
MemFree:         1364420 kB
MemAvailable:    1541068 kB
Buffers:           43384 kB
Cached:           263784 kB
MemTotal:        1844596 kB
MemFree:         1364900 kB
MemAvailable:    1541548 kB
Buffers:           43384 kB
Cached:           263784 kB
MemTotal:        1844596 kB
MemFree:         1364984 kB
MemAvailable:    1541632 kB
Buffers:           43384 kB
Cached:           263784 kB
MemTotal:        1844596 kB
MemFree:         1364908 kB
MemAvailable:    1541556 kB
Buffers:           43384 kB
Cached:           263784 kB
MemTotal:        1844596 kB
MemFree:         1363180 kB
MemAvailable:    1539828 kB
Buffers:           43384 kB
Cached:           263784 kB
MemTotal:        1844596 kB
MemFree:         1363164 kB
MemAvailable:    1539812 kB
Buffers:           43384 kB
Cached:           263784 kB
MemTotal:        1844596 kB
MemFree:         1363420 kB
MemAvailable:    1540068 kB
Buffers:           43384 kB
Cached:           263784 kB
MemTotal:        1844596 kB
MemFree:         1364032 kB
MemAvailable:    1540680 kB
Buffers:           43384 kB
Cached:           263784 kB
MemTotal:        1844596 kB
MemFree:         1363552 kB
MemAvailable:    1540200 kB
Buffers:           43384 kB
Cached:           263784 kB
MemTotal:        1844596 kB
MemFree:         1363844 kB
MemAvailable:    1540492 kB
Buffers:           43384 kB
Cached:           263784 kB
MemTotal:        1844596 kB
MemFree:         1362412 kB
MemAvailable:    1539060 kB
Buffers:           43384 kB
Cached:           263784 kB
MemTotal:        1844596 kB
MemFree:         1362364 kB
MemAvailable:    1539012 kB
Buffers:           43384 kB
Cached:           263784 kB
MemTotal:        1844596 kB
MemFree:         1363428 kB
MemAvailable:    1540076 kB
Buffers:           43384 kB
Cached:           263784 kB
MemTotal:        1844596 kB
MemFree:         1363100 kB
MemAvailable:    1539748 kB
Buffers:           43384 kB
Cached:           263784 kB
MemTotal:        1844596 kB
MemFree:         1363352 kB
MemAvailable:    1540000 kB
Buffers:           43384 kB
Cached:           263784 kB
MemTotal:        1844596 kB
MemFree:         1363036 kB
MemAvailable:    1539684 kB
Buffers:           43384 kB
Cached:           263784 kB
MemTotal:        1844596 kB
MemFree:         1362880 kB
MemAvailable:    1539528 kB
Buffers:           43384 kB
Cached:           263784 kB
MemTotal:        1844596 kB
MemFree:         1362964 kB
MemAvailable:    1539612 kB
Buffers:           43384 kB
Cached:           263784 kB
MemTotal:        1844596 kB
MemFree:         1361752 kB
MemAvailable:    1538400 kB
Buffers:           43384 kB
Cached:           263784 kB
MemTotal:        1844596 kB
MemFree:         1361884 kB
MemAvailable:    1538532 kB
Buffers:           43384 kB
Cached:           263784 kB
MemTotal:        1844596 kB
MemFree:         1361920 kB
MemAvailable:    1538568 kB
Buffers:           43384 kB
Cached:           263784 kB
MemTotal:        1844596 kB
MemFree:         1363008 kB
MemAvailable:    1539656 kB
Buffers:           43384 kB
Cached:           263784 kB
MemTotal:        1844596 kB
MemFree:         1363244 kB
MemAvailable:    1539892 kB
Buffers:           43384 kB
Cached:           263784 kB
MemTotal:        1844596 kB
MemFree:         1361752 kB
MemAvailable:    1538400 kB
Buffers:           43384 kB
Cached:           263784 kB
MemTotal:        1844596 kB
MemFree:         1362852 kB
MemAvailable:    1539500 kB
Buffers:           43384 kB
Cached:           263784 kB
MemTotal:        1844596 kB
MemFree:         1363104 kB
MemAvailable:    1539752 kB
Buffers:           43384 kB
Cached:           263784 kB
MemTotal:        1844596 kB
MemFree:         1361444 kB
MemAvailable:    1538092 kB
Buffers:           43384 kB
Cached:           263784 kB
MemTotal:        1844596 kB
MemFree:         1362296 kB
MemAvailable:    1538944 kB
Buffers:           43384 kB
Cached:           263784 kB
MemTotal:        1844596 kB
MemFree:         1362296 kB
MemAvailable:    1538944 kB
Buffers:           43384 kB
Cached:           263784 kB
MemTotal:        1844596 kB
MemFree:         1362236 kB
MemAvailable:    1538884 kB
Buffers:           43384 kB
Cached:           263784 kB
MemTotal:        1844596 kB
MemFree:         1361808 kB
MemAvailable:    1538456 kB
Buffers:           43384 kB
Cached:           263784 kB
MemTotal:        1844596 kB
MemFree:         1362048 kB
MemAvailable:    1538696 kB
Buffers:           43384 kB
Cached:           263784 kB
MemTotal:        1844596 kB
MemFree:         1362300 kB
MemAvailable:    1538948 kB
Buffers:           43384 kB
Cached:           263784 kB
MemTotal:        1844596 kB
MemFree:         1360932 kB
MemAvailable:    1537580 kB
Buffers:           43384 kB
Cached:           263784 kB
MemTotal:        1844596 kB
MemFree:         1362360 kB
MemAvailable:    1539008 kB
Buffers:           43384 kB
Cached:           263784 kB
MemTotal:        1844596 kB
MemFree:         1361444 kB
MemAvailable:    1538092 kB
Buffers:           43384 kB
Cached:           263784 kB
MemTotal:        1844596 kB
MemFree:         1361868 kB
MemAvailable:    1538516 kB
Buffers:           43384 kB
Cached:           263784 kB
MemTotal:        1844596 kB
MemFree:         1362204 kB
MemAvailable:    1538852 kB
Buffers:           43384 kB
Cached:           263784 kB
MemTotal:        1844596 kB
MemFree:         1360932 kB
MemAvailable:    1537580 kB
Buffers:           43384 kB
Cached:           263784 kB
MemTotal:        1844596 kB
MemFree:         1360932 kB
MemAvailable:    1537580 kB
Buffers:           43384 kB
Cached:           263784 kB
MemTotal:        1844596 kB
MemFree:         1357228 kB
MemAvailable:    1533876 kB
Buffers:           43384 kB
Cached:           263784 kB
MemTotal:        1844596 kB
MemFree:         1354608 kB
MemAvailable:    1531256 kB
Buffers:           43384 kB
Cached:           263784 kB
MemTotal:        1844596 kB
MemFree:         1354608 kB
MemAvailable:    1531256 kB
Buffers:           43384 kB
Cached:           263784 kB
MemTotal:        1844596 kB
MemFree:         1354220 kB
MemAvailable:    1530868 kB
Buffers:           43384 kB
Cached:           263784 kB
MemTotal:        1844596 kB
MemFree:         1354556 kB
MemAvailable:    1531204 kB
Buffers:           43384 kB
Cached:           263784 kB
MemTotal:        1844596 kB
MemFree:         1352856 kB
MemAvailable:    1529504 kB
Buffers:           43384 kB
Cached:           263784 kB
MemTotal:        1844596 kB
MemFree:         1354032 kB
MemAvailable:    1530680 kB
Buffers:           43384 kB
Cached:           263784 kB
MemTotal:        1844596 kB
MemFree:         1354032 kB
MemAvailable:    1530680 kB
Buffers:           43384 kB
Cached:           263784 kB
MemTotal:        1844596 kB
MemFree:         1354156 kB
MemAvailable:    1530804 kB
Buffers:           43384 kB
Cached:           263784 kB
MemTotal:        1844596 kB
MemFree:         1354024 kB
MemAvailable:    1530672 kB
Buffers:           43384 kB
Cached:           263784 kB
MemTotal:        1844596 kB
MemFree:         1352932 kB
MemAvailable:    1529580 kB
Buffers:           43384 kB
Cached:           263784 kB
MemTotal:        1844596 kB
MemFree:         1352756 kB
MemAvailable:    1529404 kB
Buffers:           43384 kB
Cached:           263784 kB
MemTotal:        1844596 kB
MemFree:         1354072 kB
MemAvailable:    1530720 kB
Buffers:           43384 kB
Cached:           263784 kB
MemTotal:        1844596 kB
MemFree:         1354328 kB
MemAvailable:    1530976 kB
Buffers:           43384 kB
Cached:           263784 kB
MemTotal:        1844596 kB
MemFree:         1354092 kB
MemAvailable:    1530740 kB
Buffers:           43384 kB
Cached:           263784 kB
MemTotal:        1844596 kB
MemFree:         1353996 kB
MemAvailable:    1530644 kB
Buffers:           43384 kB
Cached:           263784 kB
MemTotal:        1844596 kB
MemFree:         1352824 kB
MemAvailable:    1529472 kB
Buffers:           43384 kB
Cached:           263784 kB
MemTotal:        1844596 kB
MemFree:         1354224 kB
MemAvailable:    1530872 kB
Buffers:           43384 kB
Cached:           263784 kB
MemTotal:        1844596 kB
MemFree:         1353608 kB
MemAvailable:    1530256 kB
Buffers:           43384 kB
Cached:           263784 kB
MemTotal:        1844596 kB
MemFree:         1352888 kB
MemAvailable:    1529412 kB
Buffers:           43384 kB
Cached:           263784 kB
MemTotal:        1844596 kB
MemFree:         1351888 kB
MemAvailable:    1528536 kB
Buffers:           43384 kB
Cached:           263784 kB
MemTotal:        1844596 kB
MemFree:         1352576 kB
MemAvailable:    1529224 kB
Buffers:           43384 kB
Cached:           263784 kB
MemTotal:        1844596 kB
MemFree:         1352320 kB
MemAvailable:    1528968 kB
Buffers:           43384 kB
Cached:           263784 kB
MemTotal:        1844596 kB
MemFree:         1352320 kB
MemAvailable:    1528968 kB
Buffers:           43384 kB
Cached:           263784 kB
MemTotal:        1844596 kB
MemFree:         1352304 kB
MemAvailable:    1528952 kB
Buffers:           43384 kB
Cached:           263784 kB
MemTotal:        1844596 kB
MemFree:         1351460 kB
MemAvailable:    1528108 kB
Buffers:           43384 kB
Cached:           263784 kB
MemTotal:        1844596 kB
MemFree:         1350160 kB
MemAvailable:    1526808 kB
Buffers:           43384 kB
Cached:           263784 kB
MemTotal:        1844596 kB
MemFree:         1350640 kB
MemAvailable:    1527288 kB
Buffers:           43384 kB
Cached:           263784 kB
MemTotal:        1844596 kB
MemFree:         1350640 kB
MemAvailable:    1527288 kB
Buffers:           43384 kB
Cached:           263784 kB
MemTotal:        1844596 kB
MemFree:         1350464 kB
MemAvailable:    1527112 kB
Buffers:           43384 kB
Cached:           263784 kB
MemTotal:        1844596 kB
MemFree:         1350532 kB
MemAvailable:    1527180 kB
Buffers:           43384 kB
Cached:           263784 kB
MemTotal:        1844596 kB
MemFree:         1350476 kB
MemAvailable:    1527124 kB
Buffers:           43384 kB
Cached:           263784 kB
MemTotal:        1844596 kB
MemFree:         1350284 kB
MemAvailable:    1526940 kB
Buffers:           43384 kB
Cached:           263792 kB
MemTotal:        1844596 kB
MemFree:         1350268 kB
MemAvailable:    1526924 kB
Buffers:           43384 kB
Cached:           263792 kB
MemTotal:        1844596 kB
MemFree:         1350436 kB
MemAvailable:    1527092 kB
Buffers:           43384 kB
Cached:           263792 kB
MemTotal:        1844596 kB
MemFree:         1348944 kB
MemAvailable:    1525600 kB
Buffers:           43384 kB
Cached:           263792 kB
MemTotal:        1844596 kB
MemFree:         1349028 kB
MemAvailable:    1525684 kB
Buffers:           43384 kB
Cached:           263792 kB
MemTotal:        1844596 kB
MemFree:         1350304 kB
MemAvailable:    1526960 kB
Buffers:           43384 kB
Cached:           263792 kB
MemTotal:        1844596 kB
MemFree:         1350244 kB
MemAvailable:    1526900 kB
Buffers:           43384 kB
Cached:           263792 kB
MemTotal:        1844596 kB
MemFree:         1350244 kB
MemAvailable:    1526900 kB
Buffers:           43384 kB
Cached:           263792 kB
MemTotal:        1844596 kB
MemFree:         1350012 kB
MemAvailable:    1526668 kB
Buffers:           43384 kB
Cached:           263792 kB
MemTotal:        1844596 kB
MemFree:         1349176 kB
MemAvailable:    1525916 kB
Buffers:           43384 kB
Cached:           263792 kB
MemTotal:        1844596 kB
MemFree:         1345300 kB
MemAvailable:    1521956 kB
Buffers:           43384 kB
Cached:           263792 kB
MemTotal:        1844596 kB
MemFree:         1344488 kB
MemAvailable:    1521144 kB
Buffers:           43384 kB
Cached:           263792 kB
MemTotal:        1844596 kB
MemFree:         1340032 kB
MemAvailable:    1516688 kB
Buffers:           43388 kB
Cached:           263912 kB
MemTotal:        1844596 kB
MemFree:         1339776 kB
MemAvailable:    1516600 kB
Buffers:           43388 kB
Cached:           263912 kB
MemTotal:        1844596 kB
MemFree:         1339776 kB
MemAvailable:    1516684 kB
Buffers:           43388 kB
Cached:           264036 kB
MemTotal:        1844596 kB
MemFree:         1339528 kB
MemAvailable:    1516604 kB
Buffers:           43388 kB
Cached:           264160 kB
MemTotal:        1844596 kB
MemFree:         1340512 kB
MemAvailable:    1517756 kB
Buffers:           43388 kB
Cached:           264408 kB
MemTotal:        1844596 kB
MemFree:         1340032 kB
MemAvailable:    1517276 kB
Buffers:           43388 kB
Cached:           264408 kB
MemTotal:        1844596 kB
MemFree:         1340472 kB
MemAvailable:    1517716 kB
Buffers:           43388 kB
Cached:           264408 kB
MemTotal:        1844596 kB
MemFree:         1340444 kB
MemAvailable:    1517688 kB
Buffers:           43388 kB
Cached:           264408 kB
MemTotal:        1844596 kB
MemFree:         1339344 kB
MemAvailable:    1516588 kB
Buffers:           43388 kB
Cached:           264408 kB
MemTotal:        1844596 kB
MemFree:         1340396 kB
MemAvailable:    1517640 kB
Buffers:           43388 kB
Cached:           264408 kB
MemTotal:        1844596 kB
MemFree:         1339208 kB
MemAvailable:    1516452 kB
Buffers:           43388 kB
Cached:           264408 kB
MemTotal:        1844596 kB
MemFree:         1340596 kB
MemAvailable:    1517840 kB
Buffers:           43388 kB
Cached:           264408 kB
MemTotal:        1844596 kB
MemFree:         1340464 kB
MemAvailable:    1517708 kB
Buffers:           43388 kB
Cached:           264408 kB
MemTotal:        1844596 kB
MemFree:         1340596 kB
MemAvailable:    1517840 kB
Buffers:           43388 kB
Cached:           264408 kB
MemTotal:        1844596 kB
MemFree:         1339868 kB
MemAvailable:    1516524 kB
Buffers:           43388 kB
Cached:           263776 kB
MemTotal:        1844596 kB
MemFree:         1411800 kB
MemAvailable:    1588508 kB
Buffers:           43388 kB
Cached:           263828 kB
