MemTotal:        1844596 kB
MemFree:         1295304 kB
MemAvailable:    1552924 kB
Buffers:           52224 kB
Cached:           328772 kB
MemTotal:        1844596 kB
MemFree:         1293444 kB
MemAvailable:    1551064 kB
Buffers:           52224 kB
Cached:           328772 kB
MemTotal:        1844596 kB
MemFree:         1292444 kB
MemAvailable:    1550064 kB
Buffers:           52224 kB
Cached:           328772 kB
MemTotal:        1844596 kB
MemFree:         1292444 kB
MemAvailable:    1550064 kB
Buffers:           52224 kB
Cached:           328772 kB
MemTotal:        1844596 kB
MemFree:         1290096 kB
MemAvailable:    1547716 kB
Buffers:           52224 kB
Cached:           328772 kB
MemTotal:        1844596 kB
MemFree:         1289972 kB
MemAvailable:    1547592 kB
Buffers:           52224 kB
Cached:           328772 kB
MemTotal:        1844596 kB
MemFree:         1290148 kB
MemAvailable:    1547768 kB
Buffers:           52224 kB
Cached:           328772 kB
MemTotal:        1844596 kB
MemFree:         1288616 kB
MemAvailable:    1546236 kB
Buffers:           52224 kB
Cached:           328772 kB
MemTotal:        1844596 kB
MemFree:         1284252 kB
MemAvailable:    1541872 kB
Buffers:           52224 kB
Cached:           328772 kB
MemTotal:        1844596 kB
MemFree:         1284144 kB
MemAvailable:    1541764 kB
Buffers:           52224 kB
Cached:           328772 kB
MemTotal:        1844596 kB
MemFree:         1281208 kB
MemAvailable:    1538828 kB
Buffers:           52224 kB
Cached:           328772 kB
MemTotal:        1844596 kB
MemFree:         1281120 kB
MemAvailable:    1538740 kB
Buffers:           52224 kB
Cached:           328772 kB
MemTotal:        1844596 kB
MemFree:         1281372 kB
MemAvailable:    1538992 kB
Buffers:           52224 kB
Cached:           328772 kB
MemTotal:        1844596 kB
MemFree:         1281276 kB
MemAvailable:    1538772 kB
Buffers:           52224 kB
Cached:           328772 kB
MemTotal:        1844596 kB
MemFree:         1281152 kB
MemAvailable:    1538772 kB
Buffers:           52224 kB
Cached:           328772 kB
MemTotal:        1844596 kB
MemFree:         1280960 kB
MemAvailable:    1538580 kB
Buffers:           52224 kB
Cached:           328772 kB
MemTotal:        1844596 kB
MemFree:         1281296 kB
MemAvailable:    1538916 kB
Buffers:           52224 kB
Cached:           328772 kB
MemTotal:        1844596 kB
MemFree:         1279564 kB
MemAvailable:    1537184 kB
Buffers:           52224 kB
Cached:           328772 kB
MemTotal:        1844596 kB
MemFree:         1278200 kB
MemAvailable:    1535828 kB
Buffers:           52224 kB
Cached:           328776 kB
MemTotal:        1844596 kB
MemFree:         1277944 kB
MemAvailable:    1535572 kB
Buffers:           52224 kB
Cached:           328776 kB
MemTotal:        1844596 kB
MemFree:         1278736 kB
MemAvailable:    1536364 kB
Buffers:           52224 kB
Cached:           328776 kB
MemTotal:        1844596 kB
MemFree:         1278904 kB
MemAvailable:    1536532 kB
Buffers:           52224 kB
Cached:           328776 kB
MemTotal:        1844596 kB
MemFree:         1278784 kB
MemAvailable:    1536412 kB
Buffers:           52224 kB
Cached:           328776 kB
MemTotal:        1844596 kB
MemFree:         1279016 kB
MemAvailable:    1536644 kB
Buffers:           52224 kB
Cached:           328776 kB
MemTotal:        1844596 kB
MemFree:         1277440 kB
MemAvailable:    1535068 kB
Buffers:           52224 kB
Cached:           328776 kB
MemTotal:        1844596 kB
MemFree:         1277564 kB
MemAvailable:    1535192 kB
Buffers:           52224 kB
Cached:           328776 kB
MemTotal:        1844596 kB
MemFree:         1277688 kB
MemAvailable:    1535316 kB
Buffers:           52224 kB
Cached:           328776 kB
MemTotal:        1844596 kB
MemFree:         1278804 kB
MemAvailable:    1536432 kB
Buffers:           52224 kB
Cached:           328776 kB
MemTotal:        1844596 kB
MemFree:         1280248 kB
MemAvailable:    1537876 kB
Buffers:           52224 kB
Cached:           328776 kB
MemTotal:        1844596 kB
MemFree:         1278812 kB
MemAvailable:    1536440 kB
Buffers:           52224 kB
Cached:           328776 kB
MemTotal:        1844596 kB
MemFree:         1279624 kB
MemAvailable:    1537252 kB
Buffers:           52224 kB
Cached:           328776 kB
MemTotal:        1844596 kB
MemFree:         1278012 kB
MemAvailable:    1535640 kB
Buffers:           52224 kB
Cached:           328776 kB
MemTotal:        1844596 kB
MemFree:         1276216 kB
MemAvailable:    1533844 kB
Buffers:           52224 kB
Cached:           328776 kB
MemTotal:        1844596 kB
MemFree:         1275788 kB
MemAvailable:    1533416 kB
Buffers:           52224 kB
Cached:           328776 kB
MemTotal:        1844596 kB
MemFree:         1275092 kB
MemAvailable:    1532720 kB
Buffers:           52224 kB
Cached:           328776 kB
MemTotal:        1844596 kB
MemFree:         1274736 kB
MemAvailable:    1532364 kB
Buffers:           52224 kB
Cached:           328776 kB
MemTotal:        1844596 kB
MemFree:         1275332 kB
MemAvailable:    1532964 kB
Buffers:           52224 kB
Cached:           328780 kB
MemTotal:        1844596 kB
MemFree:         1275584 kB
MemAvailable:    1533216 kB
Buffers:           52224 kB
Cached:           328780 kB
MemTotal:        1844596 kB
MemFree:         1274852 kB
MemAvailable:    1532484 kB
Buffers:           52224 kB
Cached:           328780 kB
MemTotal:        1844596 kB
MemFree:         1273348 kB
MemAvailable:    1530980 kB
Buffers:           52224 kB
Cached:           328780 kB
MemTotal:        1844596 kB
MemFree:         1274580 kB
MemAvailable:    1532212 kB
Buffers:           52224 kB
Cached:           328780 kB
MemTotal:        1844596 kB
MemFree:         1274580 kB
MemAvailable:    1532212 kB
Buffers:           52224 kB
Cached:           328780 kB
MemTotal:        1844596 kB
MemFree:         1274608 kB
MemAvailable:    1532240 kB
Buffers:           52224 kB
Cached:           328780 kB
MemTotal:        1844596 kB
MemFree:         1273736 kB
MemAvailable:    1531368 kB
Buffers:           52224 kB
Cached:           328780 kB
MemTotal:        1844596 kB
MemFree:         1274528 kB
MemAvailable:    1532160 kB
Buffers:           52224 kB
Cached:           328780 kB
MemTotal:        1844596 kB
MemFree:         1273352 kB
MemAvailable:    1530984 kB
Buffers:           52224 kB
Cached:           328780 kB
MemTotal:        1844596 kB
MemFree:         1274044 kB
MemAvailable:    1531676 kB
Buffers:           52224 kB
Cached:           328780 kB
MemTotal:        1844596 kB
MemFree:         1272612 kB
MemAvailable:    1530244 kB
Buffers:           52224 kB
Cached:           328780 kB
MemTotal:        1844596 kB
MemFree:         1272356 kB
MemAvailable:    1529988 kB
Buffers:           52224 kB
Cached:           328780 kB
MemTotal:        1844596 kB
MemFree:         1273552 kB
MemAvailable:    1531184 kB
Buffers:           52224 kB
Cached:           328780 kB
MemTotal:        1844596 kB
MemFree:         1273636 kB
MemAvailable:    1531268 kB
Buffers:           52224 kB
Cached:           328780 kB
MemTotal:        1844596 kB
MemFree:         1272340 kB
MemAvailable:    1529972 kB
Buffers:           52224 kB
Cached:           328780 kB
MemTotal:        1844596 kB
MemFree:         1273648 kB
MemAvailable:    1531280 kB
Buffers:           52224 kB
Cached:           328780 kB
MemTotal:        1844596 kB
MemFree:         1273392 kB
MemAvailable:    1531024 kB
Buffers:           52224 kB
Cached:           328780 kB
MemTotal:        1844596 kB
MemFree:         1273384 kB
MemAvailable:    1531016 kB
Buffers:           52224 kB
Cached:           328780 kB
MemTotal:        1844596 kB
MemFree:         1273516 kB
MemAvailable:    1531148 kB
Buffers:           52224 kB
Cached:           328780 kB
MemTotal:        1844596 kB
MemFree:         1273516 kB
MemAvailable:    1531148 kB
Buffers:           52224 kB
Cached:           328780 kB
MemTotal:        1844596 kB
MemFree:         1273472 kB
MemAvailable:    1531104 kB
Buffers:           52224 kB
Cached:           328780 kB
MemTotal:        1844596 kB
MemFree:         1273760 kB
MemAvailable:    1531392 kB
Buffers:           52224 kB
Cached:           328780 kB
MemTotal:        1844596 kB
MemFree:         1273168 kB
MemAvailable:    1530800 kB
Buffers:           52224 kB
Cached:           328780 kB
MemTotal:        1844596 kB
MemFree:         1272944 kB
MemAvailable:    1530576 kB
Buffers:           52224 kB
Cached:           328780 kB
MemTotal:        1844596 kB
MemFree:         1273244 kB
MemAvailable:    1530876 kB
Buffers:           52224 kB
Cached:           328780 kB
MemTotal:        1844596 kB
MemFree:         1271812 kB
MemAvailable:    1529444 kB
Buffers:           52224 kB
Cached:           328780 kB
MemTotal:        1844596 kB
MemFree:         1271936 kB
MemAvailable:    1529568 kB
Buffers:           52224 kB
Cached:           328780 kB
MemTotal:        1844596 kB
MemFree:         1272720 kB
MemAvailable:    1530352 kB
Buffers:           52224 kB
Cached:           328780 kB
MemTotal:        1844596 kB
MemFree:         1272796 kB
MemAvailable:    1530428 kB
Buffers:           52224 kB
Cached:           328780 kB
MemTotal:        1844596 kB
MemFree:         1271232 kB
MemAvailable:    1528864 kB
Buffers:           52224 kB
Cached:           328780 kB
MemTotal:        1844596 kB
MemFree:         1272548 kB
MemAvailable:    1530180 kB
Buffers:           52224 kB
Cached:           328780 kB
MemTotal:        1844596 kB
MemFree:         1272800 kB
MemAvailable:    1530432 kB
Buffers:           52224 kB
Cached:           328780 kB
MemTotal:        1844596 kB
MemFree:         1272584 kB
MemAvailable:    1530216 kB
Buffers:           52224 kB
Cached:           328780 kB
MemTotal:        1844596 kB
MemFree:         1272836 kB
MemAvailable:    1530468 kB
Buffers:           52224 kB
Cached:           328780 kB
MemTotal:        1844596 kB
MemFree:         1272616 kB
MemAvailable:    1530248 kB
Buffers:           52224 kB
Cached:           328780 kB
MemTotal:        1844596 kB
MemFree:         1271752 kB
MemAvailable:    1529384 kB
Buffers:           52224 kB
Cached:           328780 kB
MemTotal:        1844596 kB
MemFree:         1271852 kB
MemAvailable:    1529484 kB
Buffers:           52224 kB
Cached:           328780 kB
MemTotal:        1844596 kB
MemFree:         1271936 kB
MemAvailable:    1529568 kB
Buffers:           52224 kB
Cached:           328780 kB
MemTotal:        1844596 kB
MemFree:         1270076 kB
MemAvailable:    1527708 kB
Buffers:           52224 kB
Cached:           328780 kB
MemTotal:        1844596 kB
MemFree:         1267720 kB
MemAvailable:    1525352 kB
Buffers:           52224 kB
Cached:           328780 kB
MemTotal:        1844596 kB
MemFree:         1265116 kB
MemAvailable:    1522748 kB
Buffers:           52224 kB
Cached:           328780 kB
MemTotal:        1844596 kB
MemFree:         1264984 kB
MemAvailable:    1522616 kB
Buffers:           52224 kB
Cached:           328780 kB
MemTotal:        1844596 kB
MemFree:         1263568 kB
MemAvailable:    1521200 kB
Buffers:           52224 kB
Cached:           328780 kB
MemTotal:        1844596 kB
MemFree:         1263388 kB
MemAvailable:    1521020 kB
Buffers:           52224 kB
Cached:           328780 kB
MemTotal:        1844596 kB
MemFree:         1263680 kB
MemAvailable:    1521312 kB
Buffers:           52224 kB
Cached:           328780 kB
MemTotal:        1844596 kB
MemFree:         1264616 kB
MemAvailable:    1522248 kB
Buffers:           52224 kB
Cached:           328780 kB
MemTotal:        1844596 kB
MemFree:         1264684 kB
MemAvailable:    1522316 kB
Buffers:           52224 kB
Cached:           328780 kB
MemTotal:        1844596 kB
MemFree:         1264724 kB
MemAvailable:    1522356 kB
Buffers:           52224 kB
Cached:           328780 kB
MemTotal:        1844596 kB
MemFree:         1264788 kB
MemAvailable:    1522420 kB
Buffers:           52224 kB
Cached:           328780 kB
MemTotal:        1844596 kB
MemFree:         1263292 kB
MemAvailable:    1520924 kB
Buffers:           52224 kB
Cached:           328780 kB
MemTotal:        1844596 kB
MemFree:         1264664 kB
MemAvailable:    1522296 kB
Buffers:           52224 kB
Cached:           328780 kB
MemTotal:        1844596 kB
MemFree:         1264600 kB
MemAvailable:    1522232 kB
Buffers:           52224 kB
Cached:           328780 kB
MemTotal:        1844596 kB
MemFree:         1264768 kB
MemAvailable:    1522400 kB
Buffers:           52224 kB
Cached:           328780 kB
MemTotal:        1844596 kB
MemFree:         1264640 kB
MemAvailable:    1522272 kB
Buffers:           52224 kB
Cached:           328780 kB
MemTotal:        1844596 kB
MemFree:         1264892 kB
MemAvailable:    1522524 kB
Buffers:           52224 kB
Cached:           328780 kB
MemTotal:        1844596 kB
MemFree:         1264680 kB
MemAvailable:    1522312 kB
Buffers:           52224 kB
Cached:           328780 kB
MemTotal:        1844596 kB
MemFree:         1264424 kB
MemAvailable:    1522056 kB
Buffers:           52224 kB
Cached:           328780 kB
MemTotal:        1844596 kB
MemFree:         1262948 kB
MemAvailable:    1520580 kB
Buffers:           52224 kB
Cached:           328780 kB
MemTotal:        1844596 kB
MemFree:         1263804 kB
MemAvailable:    1521440 kB
Buffers:           52224 kB
Cached:           328784 kB
MemTotal:        1844596 kB
MemFree:         1263776 kB
MemAvailable:    1521412 kB
Buffers:           52224 kB
Cached:           328784 kB
MemTotal:        1844596 kB
MemFree:         1262452 kB
MemAvailable:    1520088 kB
Buffers:           52224 kB
Cached:           328784 kB
MemTotal:        1844596 kB
MemFree:         1262196 kB
MemAvailable:    1519836 kB
Buffers:           52224 kB
Cached:           328788 kB
MemTotal:        1844596 kB
MemFree:         1263048 kB
MemAvailable:    1520688 kB
Buffers:           52224 kB
Cached:           328788 kB
MemTotal:        1844596 kB
MemFree:         1261832 kB
MemAvailable:    1519472 kB
Buffers:           52224 kB
Cached:           328788 kB
MemTotal:        1844596 kB
MemFree:         1261816 kB
MemAvailable:    1519456 kB
Buffers:           52224 kB
Cached:           328788 kB
MemTotal:        1844596 kB
MemFree:         1261900 kB
MemAvailable:    1519540 kB
Buffers:           52224 kB
Cached:           328788 kB
MemTotal:        1844596 kB
MemFree:         1261796 kB
MemAvailable:    1519436 kB
Buffers:           52224 kB
Cached:           328788 kB
MemTotal:        1844596 kB
MemFree:         1262048 kB
MemAvailable:    1519688 kB
Buffers:           52224 kB
Cached:           328788 kB
MemTotal:        1844596 kB
MemFree:         1261264 kB
MemAvailable:    1518904 kB
Buffers:           52224 kB
Cached:           328788 kB
MemTotal:        1844596 kB
MemFree:         1261432 kB
MemAvailable:    1519072 kB
Buffers:           52224 kB
Cached:           328788 kB
MemTotal:        1844596 kB
MemFree:         1261224 kB
MemAvailable:    1518864 kB
Buffers:           52224 kB
Cached:           328788 kB
MemTotal:        1844596 kB
MemFree:         1261092 kB
MemAvailable:    1518732 kB
Buffers:           52224 kB
Cached:           328788 kB
MemTotal:        1844596 kB
MemFree:         1259792 kB
MemAvailable:    1517432 kB
Buffers:           52224 kB
Cached:           328788 kB
MemTotal:        1844596 kB
MemFree:         1259916 kB
MemAvailable:    1517556 kB
Buffers:           52224 kB
Cached:           328788 kB
MemTotal:        1844596 kB
MemFree:         1259716 kB
MemAvailable:    1517356 kB
Buffers:           52224 kB
Cached:           328788 kB
MemTotal:        1844596 kB
MemFree:         1259972 kB
MemAvailable:    1517612 kB
Buffers:           52224 kB
Cached:           328788 kB
MemTotal:        1844596 kB
MemFree:         1261088 kB
MemAvailable:    1518728 kB
Buffers:           52224 kB
Cached:           328788 kB
MemTotal:        1844596 kB
MemFree:         1260692 kB
MemAvailable:    1518332 kB
Buffers:           52224 kB
Cached:           328788 kB
MemTotal:        1844596 kB
MemFree:         1260692 kB
MemAvailable:    1518332 kB
Buffers:           52224 kB
Cached:           328788 kB
MemTotal:        1844596 kB
MemFree:         1260196 kB
MemAvailable:    1517836 kB
Buffers:           52224 kB
Cached:           328788 kB
MemTotal:        1844596 kB
MemFree:         1260196 kB
MemAvailable:    1517836 kB
Buffers:           52224 kB
Cached:           328788 kB
MemTotal:        1844596 kB
MemFree:         1260012 kB
MemAvailable:    1517652 kB
Buffers:           52224 kB
Cached:           328788 kB
MemTotal:        1844596 kB
MemFree:         1254764 kB
MemAvailable:    1512404 kB
Buffers:           52224 kB
Cached:           328788 kB
MemTotal:        1844596 kB
MemFree:         1251044 kB
MemAvailable:    1508684 kB
Buffers:           52224 kB
Cached:           328788 kB
MemTotal:        1844596 kB
MemFree:         1250664 kB
MemAvailable:    1508304 kB
Buffers:           52224 kB
Cached:           328788 kB
MemTotal:        1844596 kB
MemFree:         1251176 kB
MemAvailable:    1508816 kB
Buffers:           52224 kB
Cached:           328788 kB
MemTotal:        1844596 kB
MemFree:         1251716 kB
MemAvailable:    1509356 kB
Buffers:           52224 kB
Cached:           328788 kB
MemTotal:        1844596 kB
MemFree:         1251968 kB
MemAvailable:    1509608 kB
Buffers:           52224 kB
Cached:           328788 kB
MemTotal:        1844596 kB
MemFree:         1251668 kB
MemAvailable:    1509308 kB
Buffers:           52224 kB
Cached:           328788 kB
MemTotal:        1844596 kB
MemFree:         1252736 kB
MemAvailable:    1510376 kB
Buffers:           52224 kB
Cached:           328788 kB
MemTotal:        1844596 kB
MemFree:         1252648 kB
MemAvailable:    1510288 kB
Buffers:           52228 kB
Cached:           328784 kB
MemTotal:        1844596 kB
MemFree:         1253708 kB
MemAvailable:    1511432 kB
Buffers:           52228 kB
Cached:           328908 kB
MemTotal:        1844596 kB
MemFree:         1252896 kB
MemAvailable:    1510704 kB
Buffers:           52228 kB
Cached:           328908 kB
MemTotal:        1844596 kB
MemFree:         1253480 kB
MemAvailable:    1511372 kB
Buffers:           52228 kB
Cached:           329032 kB
MemTotal:        1844596 kB
MemFree:         1253564 kB
MemAvailable:    1511456 kB
Buffers:           52228 kB
Cached:           329032 kB
MemTotal:        1844596 kB
MemFree:         1253192 kB
MemAvailable:    1511336 kB
Buffers:           52228 kB
Cached:           329280 kB
MemTotal:        1844596 kB
MemFree:         1253528 kB
MemAvailable:    1511672 kB
Buffers:           52228 kB
Cached:           329280 kB
MemTotal:        1844596 kB
MemFree:         1253580 kB
MemAvailable:    1511808 kB
Buffers:           52228 kB
Cached:           329280 kB
MemTotal:        1844596 kB
MemFree:         1253428 kB
MemAvailable:    1511656 kB
Buffers:           52228 kB
Cached:           329280 kB
MemTotal:        1844596 kB
MemFree:         1252400 kB
MemAvailable:    1510628 kB
Buffers:           52228 kB
Cached:           329404 kB
MemTotal:        1844596 kB
MemFree:         1253076 kB
MemAvailable:    1511304 kB
Buffers:           52228 kB
Cached:           329404 kB
MemTotal:        1844596 kB
MemFree:         1253216 kB
MemAvailable:    1511444 kB
Buffers:           52228 kB
Cached:           329404 kB
MemTotal:        1844596 kB
MemFree:         1253064 kB
MemAvailable:    1511292 kB
Buffers:           52228 kB
Cached:           329404 kB
MemTotal:        1844596 kB
MemFree:         1253056 kB
MemAvailable:    1511284 kB
Buffers:           52228 kB
Cached:           329404 kB
MemTotal:        1844596 kB
MemFree:         1253228 kB
MemAvailable:    1511456 kB
Buffers:           52228 kB
Cached:           329404 kB
MemTotal:        1844596 kB
MemFree:         1252824 kB
MemAvailable:    1511136 kB
Buffers:           52228 kB
Cached:           329528 kB
MemTotal:        1844596 kB
MemFree:         1253076 kB
MemAvailable:    1511388 kB
Buffers:           52228 kB
Cached:           329528 kB
MemTotal:        1844596 kB
MemFree:         1318180 kB
MemAvailable:    1575820 kB
Buffers:           52228 kB
Cached:           328772 kB
