MemTotal:        1844596 kB
MemFree:         1277352 kB
MemAvailable:    1551128 kB
Buffers:           54048 kB
Cached:           341660 kB
MemTotal:        1844596 kB
MemFree:         1276096 kB
MemAvailable:    1549872 kB
Buffers:           54048 kB
Cached:           341660 kB
MemTotal:        1844596 kB
MemFree:         1275848 kB
MemAvailable:    1549624 kB
Buffers:           54048 kB
Cached:           341660 kB
MemTotal:        1844596 kB
MemFree:         1275128 kB
MemAvailable:    1548904 kB
Buffers:           54048 kB
Cached:           341660 kB
MemTotal:        1844596 kB
MemFree:         1272392 kB
MemAvailable:    1546168 kB
Buffers:           54048 kB
Cached:           341660 kB
MemTotal:        1844596 kB
MemFree:         1273576 kB
MemAvailable:    1547352 kB
Buffers:           54048 kB
Cached:           341660 kB
MemTotal:        1844596 kB
MemFree:         1270996 kB
MemAvailable:    1544772 kB
Buffers:           54048 kB
Cached:           341660 kB
MemTotal:        1844596 kB
MemFree:         1269052 kB
MemAvailable:    1542828 kB
Buffers:           54048 kB
Cached:           341660 kB
MemTotal:        1844596 kB
MemFree:         1264820 kB
MemAvailable:    1538596 kB
Buffers:           54048 kB
Cached:           341660 kB
MemTotal:        1844596 kB
MemFree:         1265072 kB
MemAvailable:    1538848 kB
Buffers:           54048 kB
Cached:           341660 kB
MemTotal:        1844596 kB
MemFree:         1263788 kB
MemAvailable:    1537564 kB
Buffers:           54048 kB
Cached:           341660 kB
MemTotal:        1844596 kB
MemFree:         1263424 kB
MemAvailable:    1537200 kB
Buffers:           54048 kB
Cached:           341660 kB
MemTotal:        1844596 kB
MemFree:         1263872 kB
MemAvailable:    1537648 kB
Buffers:           54048 kB
Cached:           341660 kB
MemTotal:        1844596 kB
MemFree:         1263872 kB
MemAvailable:    1537648 kB
Buffers:           54048 kB
Cached:           341660 kB
MemTotal:        1844596 kB
MemFree:         1263764 kB
MemAvailable:    1537540 kB
Buffers:           54048 kB
Cached:           341660 kB
MemTotal:        1844596 kB
MemFree:         1263912 kB
MemAvailable:    1537688 kB
Buffers:           54048 kB
Cached:           341660 kB
MemTotal:        1844596 kB
MemFree:         1263716 kB
MemAvailable:    1537492 kB
Buffers:           54048 kB
Cached:           341660 kB
MemTotal:        1844596 kB
MemFree:         1262232 kB
MemAvailable:    1536008 kB
Buffers:           54048 kB
Cached:           341660 kB
MemTotal:        1844596 kB
MemFree:         1262416 kB
MemAvailable:    1536192 kB
Buffers:           54048 kB
Cached:           341660 kB
MemTotal:        1844596 kB
MemFree:         1261672 kB
MemAvailable:    1535448 kB
Buffers:           54048 kB
Cached:           341660 kB
MemTotal:        1844596 kB
MemFree:         1260364 kB
MemAvailable:    1534140 kB
Buffers:           54048 kB
Cached:           341660 kB
MemTotal:        1844596 kB
MemFree:         1261332 kB
MemAvailable:    1535108 kB
Buffers:           54048 kB
Cached:           341660 kB
MemTotal:        1844596 kB
MemFree:         1261332 kB
MemAvailable:    1535108 kB
Buffers:           54048 kB
Cached:           341660 kB
MemTotal:        1844596 kB
MemFree:         1261428 kB
MemAvailable:    1535204 kB
Buffers:           54048 kB
Cached:           341660 kB
MemTotal:        1844596 kB
MemFree:         1260744 kB
MemAvailable:    1534520 kB
Buffers:           54048 kB
Cached:           341660 kB
MemTotal:        1844596 kB
MemFree:         1261412 kB
MemAvailable:    1535188 kB
Buffers:           54048 kB
Cached:           341660 kB
MemTotal:        1844596 kB
MemFree:         1260312 kB
MemAvailable:    1534088 kB
Buffers:           54048 kB
Cached:           341660 kB
MemTotal:        1844596 kB
MemFree:         1261616 kB
MemAvailable:    1535392 kB
Buffers:           54048 kB
Cached:           341660 kB
MemTotal:        1844596 kB
MemFree:         1261064 kB
MemAvailable:    1534840 kB
Buffers:           54048 kB
Cached:           341660 kB
MemTotal:        1844596 kB
MemFree:         1262580 kB
MemAvailable:    1536356 kB
Buffers:           54048 kB
Cached:           341660 kB
MemTotal:        1844596 kB
MemFree:         1262728 kB
MemAvailable:    1536504 kB
Buffers:           54048 kB
Cached:           341660 kB
MemTotal:        1844596 kB
MemFree:         1261224 kB
MemAvailable:    1535000 kB
Buffers:           54048 kB
Cached:           341660 kB
MemTotal:        1844596 kB
MemFree:         1260556 kB
MemAvailable:    1534332 kB
Buffers:           54048 kB
Cached:           341660 kB
MemTotal:        1844596 kB
MemFree:         1258016 kB
MemAvailable:    1531792 kB
Buffers:           54048 kB
Cached:           341660 kB
MemTotal:        1844596 kB
MemFree:         1258992 kB
MemAvailable:    1532768 kB
Buffers:           54048 kB
Cached:           341660 kB
MemTotal:        1844596 kB
MemFree:         1259244 kB
MemAvailable:    1533020 kB
Buffers:           54048 kB
Cached:           341660 kB
MemTotal:        1844596 kB
MemFree:         1258616 kB
MemAvailable:    1532392 kB
Buffers:           54048 kB
Cached:           341660 kB
MemTotal:        1844596 kB
MemFree:         1258316 kB
MemAvailable:    1532092 kB
Buffers:           54048 kB
Cached:           341660 kB
MemTotal:        1844596 kB
MemFree:         1257148 kB
MemAvailable:    1530924 kB
Buffers:           54048 kB
Cached:           341660 kB
MemTotal:        1844596 kB
MemFree:         1257772 kB
MemAvailable:    1531548 kB
Buffers:           54048 kB
Cached:           341660 kB
MemTotal:        1844596 kB
MemFree:         1257712 kB
MemAvailable:    1531488 kB
Buffers:           54048 kB
Cached:           341660 kB
MemTotal:        1844596 kB
MemFree:         1257308 kB
MemAvailable:    1531084 kB
Buffers:           54048 kB
Cached:           341660 kB
MemTotal:        1844596 kB
MemFree:         1257308 kB
MemAvailable:    1531084 kB
Buffers:           54048 kB
Cached:           341660 kB
MemTotal:        1844596 kB
MemFree:         1257312 kB
MemAvailable:    1531088 kB
Buffers:           54048 kB
Cached:           341660 kB
MemTotal:        1844596 kB
MemFree:         1257204 kB
MemAvailable:    1530980 kB
Buffers:           54048 kB
Cached:           341660 kB
MemTotal:        1844596 kB
MemFree:         1255824 kB
MemAvailable:    1529600 kB
Buffers:           54048 kB
Cached:           341660 kB
MemTotal:        1844596 kB
MemFree:         1257128 kB
MemAvailable:    1530904 kB
Buffers:           54048 kB
Cached:           341660 kB
MemTotal:        1844596 kB
MemFree:         1255792 kB
MemAvailable:    1529444 kB
Buffers:           54048 kB
Cached:           341660 kB
MemTotal:        1844596 kB
MemFree:         1256588 kB
MemAvailable:    1530368 kB
Buffers:           54048 kB
Cached:           341664 kB
MemTotal:        1844596 kB
MemFree:         1256148 kB
MemAvailable:    1529928 kB
Buffers:           54048 kB
Cached:           341664 kB
MemTotal:        1844596 kB
MemFree:         1256388 kB
MemAvailable:    1530168 kB
Buffers:           54048 kB
Cached:           341664 kB
MemTotal:        1844596 kB
MemFree:         1255412 kB
MemAvailable:    1529192 kB
Buffers:           54048 kB
Cached:           341664 kB
MemTotal:        1844596 kB
MemFree:         1256268 kB
MemAvailable:    1530048 kB
Buffers:           54048 kB
Cached:           341664 kB
MemTotal:        1844596 kB
MemFree:         1256216 kB
MemAvailable:    1529996 kB
Buffers:           54048 kB
Cached:           341664 kB
MemTotal:        1844596 kB
MemFree:         1254992 kB
MemAvailable:    1528772 kB
Buffers:           54048 kB
Cached:           341664 kB
MemTotal:        1844596 kB
MemFree:         1255960 kB
MemAvailable:    1529740 kB
Buffers:           54048 kB
Cached:           341664 kB
MemTotal:        1844596 kB
MemFree:         1256216 kB
MemAvailable:    1529996 kB
Buffers:           54048 kB
Cached:           341664 kB
MemTotal:        1844596 kB
MemFree:         1256280 kB
MemAvailable:    1530060 kB
Buffers:           54048 kB
Cached:           341664 kB
MemTotal:        1844596 kB
MemFree:         1256240 kB
MemAvailable:    1530020 kB
Buffers:           54048 kB
Cached:           341664 kB
MemTotal:        1844596 kB
MemFree:         1255668 kB
MemAvailable:    1529448 kB
Buffers:           54048 kB
Cached:           341664 kB
MemTotal:        1844596 kB
MemFree:         1256168 kB
MemAvailable:    1529948 kB
Buffers:           54048 kB
Cached:           341664 kB
MemTotal:        1844596 kB
MemFree:         1255968 kB
MemAvailable:    1529748 kB
Buffers:           54048 kB
Cached:           341664 kB
MemTotal:        1844596 kB
MemFree:         1254736 kB
MemAvailable:    1528516 kB
Buffers:           54048 kB
Cached:           341664 kB
MemTotal:        1844596 kB
MemFree:         1255656 kB
MemAvailable:    1529436 kB
Buffers:           54048 kB
Cached:           341664 kB
MemTotal:        1844596 kB
MemFree:         1255524 kB
MemAvailable:    1529304 kB
Buffers:           54048 kB
Cached:           341664 kB
MemTotal:        1844596 kB
MemFree:         1255184 kB
MemAvailable:    1528964 kB
Buffers:           54048 kB
Cached:           341664 kB
MemTotal:        1844596 kB
MemFree:         1255436 kB
MemAvailable:    1529216 kB
Buffers:           54048 kB
Cached:           341664 kB
MemTotal:        1844596 kB
MemFree:         1255308 kB
MemAvailable:    1529096 kB
Buffers:           54048 kB
Cached:           341672 kB
MemTotal:        1844596 kB
MemFree:         1254420 kB
MemAvailable:    1528208 kB
Buffers:           54048 kB
Cached:           341672 kB
MemTotal:        1844596 kB
MemFree:         1255336 kB
MemAvailable:    1529124 kB
Buffers:           54048 kB
Cached:           341672 kB
MemTotal:        1844596 kB
MemFree:         1255288 kB
MemAvailable:    1529076 kB
Buffers:           54048 kB
Cached:           341672 kB
MemTotal:        1844596 kB
MemFree:         1254668 kB
MemAvailable:    1528456 kB
Buffers:           54048 kB
Cached:           341672 kB
MemTotal:        1844596 kB
MemFree:         1253868 kB
MemAvailable:    1527656 kB
Buffers:           54048 kB
Cached:           341672 kB
MemTotal:        1844596 kB
MemFree:         1255168 kB
MemAvailable:    1528956 kB
Buffers:           54048 kB
Cached:           341672 kB
MemTotal:        1844596 kB
MemFree:         1255356 kB
MemAvailable:    1529144 kB
Buffers:           54048 kB
Cached:           341672 kB
MemTotal:        1844596 kB
MemFree:         1254544 kB
MemAvailable:    1528332 kB
Buffers:           54048 kB
Cached:           341672 kB
MemTotal:        1844596 kB
MemFree:         1252312 kB
MemAvailable:    1526100 kB
Buffers:           54048 kB
Cached:           341672 kB
MemTotal:        1844596 kB
MemFree:         1250204 kB
MemAvailable:    1523992 kB
Buffers:           54048 kB
Cached:           341672 kB
MemTotal:        1844596 kB
MemFree:         1248468 kB
MemAvailable:    1522256 kB
Buffers:           54048 kB
Cached:           341672 kB
MemTotal:        1844596 kB
MemFree:         1246848 kB
MemAvailable:    1520636 kB
Buffers:           54048 kB
Cached:           341672 kB
MemTotal:        1844596 kB
MemFree:         1247536 kB
MemAvailable:    1521324 kB
Buffers:           54048 kB
Cached:           341672 kB
MemTotal:        1844596 kB
MemFree:         1247340 kB
MemAvailable:    1521128 kB
Buffers:           54048 kB
Cached:           341672 kB
MemTotal:        1844596 kB
MemFree:         1246484 kB
MemAvailable:    1520272 kB
Buffers:           54048 kB
Cached:           341672 kB
MemTotal:        1844596 kB
MemFree:         1247344 kB
MemAvailable:    1521132 kB
Buffers:           54048 kB
Cached:           341672 kB
MemTotal:        1844596 kB
MemFree:         1247436 kB
MemAvailable:    1521224 kB
Buffers:           54048 kB
Cached:           341672 kB
MemTotal:        1844596 kB
MemFree:         1247088 kB
MemAvailable:    1520876 kB
Buffers:           54048 kB
Cached:           341672 kB
MemTotal:        1844596 kB
MemFree:         1247424 kB
MemAvailable:    1521212 kB
Buffers:           54048 kB
Cached:           341672 kB
MemTotal:        1844596 kB
MemFree:         1247600 kB
MemAvailable:    1521388 kB
Buffers:           54048 kB
Cached:           341672 kB
MemTotal:        1844596 kB
MemFree:         1246856 kB
MemAvailable:    1520644 kB
Buffers:           54048 kB
Cached:           341672 kB
MemTotal:        1844596 kB
MemFree:         1247148 kB
MemAvailable:    1520936 kB
Buffers:           54048 kB
Cached:           341672 kB
MemTotal:        1844596 kB
MemFree:         1247088 kB
MemAvailable:    1520876 kB
Buffers:           54048 kB
Cached:           341672 kB
MemTotal:        1844596 kB
MemFree:         1247148 kB
MemAvailable:    1520936 kB
Buffers:           54048 kB
Cached:           341672 kB
MemTotal:        1844596 kB
MemFree:         1247400 kB
MemAvailable:    1521188 kB
Buffers:           54048 kB
Cached:           341672 kB
MemTotal:        1844596 kB
MemFree:         1247352 kB
MemAvailable:    1521140 kB
Buffers:           54048 kB
Cached:           341672 kB
MemTotal:        1844596 kB
MemFree:         1246088 kB
MemAvailable:    1519876 kB
Buffers:           54048 kB
Cached:           341672 kB
MemTotal:        1844596 kB
MemFree:         1247500 kB
MemAvailable:    1521288 kB
Buffers:           54048 kB
Cached:           341672 kB
MemTotal:        1844596 kB
MemFree:         1245864 kB
MemAvailable:    1519652 kB
Buffers:           54048 kB
Cached:           341672 kB
MemTotal:        1844596 kB
MemFree:         1246856 kB
MemAvailable:    1520644 kB
Buffers:           54048 kB
Cached:           341672 kB
MemTotal:        1844596 kB
MemFree:         1246420 kB
MemAvailable:    1520208 kB
Buffers:           54048 kB
Cached:           341672 kB
MemTotal:        1844596 kB
MemFree:         1244996 kB
MemAvailable:    1518784 kB
Buffers:           54048 kB
Cached:           341672 kB
MemTotal:        1844596 kB
MemFree:         1245544 kB
MemAvailable:    1519332 kB
Buffers:           54048 kB
Cached:           341672 kB
MemTotal:        1844596 kB
MemFree:         1245312 kB
MemAvailable:    1519100 kB
Buffers:           54048 kB
Cached:           341672 kB
MemTotal:        1844596 kB
MemFree:         1245484 kB
MemAvailable:    1519272 kB
Buffers:           54048 kB
Cached:           341672 kB
MemTotal:        1844596 kB
MemFree:         1244684 kB
MemAvailable:    1518472 kB
Buffers:           54048 kB
Cached:           341672 kB
MemTotal:        1844596 kB
MemFree:         1243500 kB
MemAvailable:    1517288 kB
Buffers:           54048 kB
Cached:           341672 kB
MemTotal:        1844596 kB
MemFree:         1244300 kB
MemAvailable:    1518088 kB
Buffers:           54048 kB
Cached:           341672 kB
MemTotal:        1844596 kB
MemFree:         1244440 kB
MemAvailable:    1518228 kB
Buffers:           54048 kB
Cached:           341672 kB
MemTotal:        1844596 kB
MemFree:         1244036 kB
MemAvailable:    1517824 kB
Buffers:           54048 kB
Cached:           341672 kB
MemTotal:        1844596 kB
MemFree:         1244288 kB
MemAvailable:    1518076 kB
Buffers:           54048 kB
Cached:           341672 kB
MemTotal:        1844596 kB
MemFree:         1243880 kB
MemAvailable:    1517668 kB
Buffers:           54048 kB
Cached:           341672 kB
MemTotal:        1844596 kB
MemFree:         1243560 kB
MemAvailable:    1517348 kB
Buffers:           54048 kB
Cached:           341672 kB
MemTotal:        1844596 kB
MemFree:         1243228 kB
MemAvailable:    1517016 kB
Buffers:           54048 kB
Cached:           341672 kB
MemTotal:        1844596 kB
MemFree:         1243564 kB
MemAvailable:    1517352 kB
Buffers:           54048 kB
Cached:           341672 kB
MemTotal:        1844596 kB
MemFree:         1242240 kB
MemAvailable:    1516028 kB
Buffers:           54048 kB
Cached:           341672 kB
MemTotal:        1844596 kB
MemFree:         1242116 kB
MemAvailable:    1515904 kB
Buffers:           54048 kB
Cached:           341672 kB
MemTotal:        1844596 kB
MemFree:         1243216 kB
MemAvailable:    1517004 kB
Buffers:           54048 kB
Cached:           341672 kB
MemTotal:        1844596 kB
MemFree:         1243468 kB
MemAvailable:    1517256 kB
Buffers:           54048 kB
Cached:           341672 kB
MemTotal:        1844596 kB
MemFree:         1242236 kB
MemAvailable:    1516024 kB
Buffers:           54048 kB
Cached:           341672 kB
MemTotal:        1844596 kB
MemFree:         1241764 kB
MemAvailable:    1515552 kB
Buffers:           54048 kB
Cached:           341672 kB
MemTotal:        1844596 kB
MemFree:         1242888 kB
MemAvailable:    1516676 kB
Buffers:           54048 kB
Cached:           341672 kB
MemTotal:        1844596 kB
MemFree:         1241772 kB
MemAvailable:    1515560 kB
Buffers:           54048 kB
Cached:           341672 kB
MemTotal:        1844596 kB
MemFree:         1236300 kB
MemAvailable:    1510088 kB
Buffers:           54048 kB
Cached:           341672 kB
MemTotal:        1844596 kB
MemFree:         1236552 kB
MemAvailable:    1510340 kB
Buffers:           54048 kB
Cached:           341672 kB
MemTotal:        1844596 kB
MemFree:         1236068 kB
MemAvailable:    1509940 kB
Buffers:           54048 kB
Cached:           341796 kB
MemTotal:        1844596 kB
MemFree:         1235548 kB
MemAvailable:    1509588 kB
Buffers:           54048 kB
Cached:           342044 kB
MemTotal:        1844596 kB
MemFree:         1235884 kB
MemAvailable:    1509924 kB
Buffers:           54048 kB
Cached:           342044 kB
MemTotal:        1844596 kB
MemFree:         1235656 kB
MemAvailable:    1509864 kB
Buffers:           54048 kB
Cached:           342044 kB
MemTotal:        1844596 kB
MemFree:         1234532 kB
MemAvailable:    1508824 kB
Buffers:           54048 kB
Cached:           342292 kB
MemTotal:        1844596 kB
MemFree:         1235252 kB
MemAvailable:    1509628 kB
Buffers:           54048 kB
Cached:           342292 kB
MemTotal:        1844596 kB
MemFree:         1235252 kB
MemAvailable:    1509628 kB
Buffers:           54048 kB
Cached:           342292 kB
MemTotal:        1844596 kB
MemFree:         1235260 kB
MemAvailable:    1509636 kB
Buffers:           54048 kB
Cached:           342292 kB
MemTotal:        1844596 kB
MemFree:         1235256 kB
MemAvailable:    1509632 kB
Buffers:           54048 kB
Cached:           342292 kB
MemTotal:        1844596 kB
MemFree:         1235256 kB
MemAvailable:    1509632 kB
Buffers:           54048 kB
Cached:           342292 kB
MemTotal:        1844596 kB
MemFree:         1235144 kB
MemAvailable:    1509520 kB
Buffers:           54048 kB
Cached:           342292 kB
MemTotal:        1844596 kB
MemFree:         1235396 kB
MemAvailable:    1509772 kB
Buffers:           54048 kB
Cached:           342292 kB
MemTotal:        1844596 kB
MemFree:         1234972 kB
MemAvailable:    1509348 kB
Buffers:           54048 kB
Cached:           342292 kB
MemTotal:        1844596 kB
MemFree:         1234420 kB
MemAvailable:    1508796 kB
Buffers:           54048 kB
Cached:           342292 kB
MemTotal:        1844596 kB
MemFree:         1234448 kB
MemAvailable:    1508236 kB
Buffers:           54048 kB
Cached:           341744 kB
MemTotal:        1844596 kB
MemFree:         1301396 kB
MemAvailable:    1575184 kB
Buffers:           54048 kB
Cached:           341744 kB
