MemTotal:        1844596 kB
MemFree:         1386808 kB
MemAvailable:    1560200 kB
Buffers:           42992 kB
Cached:           261208 kB
MemTotal:        1844596 kB
MemFree:         1385816 kB
MemAvailable:    1559208 kB
Buffers:           42992 kB
Cached:           261208 kB
MemTotal:        1844596 kB
MemFree:         1384452 kB
MemAvailable:    1557844 kB
Buffers:           42992 kB
Cached:           261208 kB
MemTotal:        1844596 kB
MemFree:         1384204 kB
MemAvailable:    1557596 kB
Buffers:           42992 kB
Cached:           261208 kB
MemTotal:        1844596 kB
MemFree:         1382832 kB
MemAvailable:    1556224 kB
Buffers:           42992 kB
Cached:           261208 kB
MemTotal:        1844596 kB
MemFree:         1381104 kB
MemAvailable:    1554496 kB
Buffers:           42992 kB
Cached:           261208 kB
MemTotal:        1844596 kB
MemFree:         1378872 kB
MemAvailable:    1552264 kB
Buffers:           42992 kB
Cached:           261208 kB
MemTotal:        1844596 kB
MemFree:         1377444 kB
MemAvailable:    1550836 kB
Buffers:           42992 kB
Cached:           261208 kB
MemTotal:        1844596 kB
MemFree:         1372980 kB
MemAvailable:    1546372 kB
Buffers:           42992 kB
Cached:           261208 kB
MemTotal:        1844596 kB
MemFree:         1374136 kB
MemAvailable:    1547528 kB
Buffers:           42992 kB
Cached:           261208 kB
MemTotal:        1844596 kB
MemFree:         1374028 kB
MemAvailable:    1547420 kB
Buffers:           42992 kB
Cached:           261208 kB
MemTotal:        1844596 kB
MemFree:         1374136 kB
MemAvailable:    1547528 kB
Buffers:           42992 kB
Cached:           261208 kB
MemTotal:        1844596 kB
MemFree:         1374028 kB
MemAvailable:    1547420 kB
Buffers:           42992 kB
Cached:           261208 kB
MemTotal:        1844596 kB
MemFree:         1374156 kB
MemAvailable:    1547548 kB
Buffers:           42992 kB
Cached:           261208 kB
MemTotal:        1844596 kB
MemFree:         1373824 kB
MemAvailable:    1547216 kB
Buffers:           42992 kB
Cached:           261208 kB
MemTotal:        1844596 kB
MemFree:         1373824 kB
MemAvailable:    1547216 kB
Buffers:           42992 kB
Cached:           261208 kB
MemTotal:        1844596 kB
MemFree:         1373168 kB
MemAvailable:    1546560 kB
Buffers:           42992 kB
Cached:           261208 kB
MemTotal:        1844596 kB
MemFree:         1371308 kB
MemAvailable:    1544700 kB
Buffers:           42992 kB
Cached:           261208 kB
MemTotal:        1844596 kB
MemFree:         1371060 kB
MemAvailable:    1544452 kB
Buffers:           42992 kB
Cached:           261208 kB
MemTotal:        1844596 kB
MemFree:         1370688 kB
MemAvailable:    1544080 kB
Buffers:           42992 kB
Cached:           261208 kB
MemTotal:        1844596 kB
MemFree:         1370556 kB
MemAvailable:    1543948 kB
Buffers:           42992 kB
Cached:           261208 kB
MemTotal:        1844596 kB
MemFree:         1370556 kB
MemAvailable:    1543948 kB
Buffers:           42992 kB
Cached:           261208 kB
MemTotal:        1844596 kB
MemFree:         1371780 kB
MemAvailable:    1545172 kB
Buffers:           42992 kB
Cached:           261208 kB
MemTotal:        1844596 kB
MemFree:         1370292 kB
MemAvailable:    1543684 kB
Buffers:           42992 kB
Cached:           261208 kB
MemTotal:        1844596 kB
MemFree:         1371684 kB
MemAvailable:    1545076 kB
Buffers:           42992 kB
Cached:           261208 kB
MemTotal:        1844596 kB
MemFree:         1371300 kB
MemAvailable:    1544692 kB
Buffers:           42992 kB
Cached:           261208 kB
MemTotal:        1844596 kB
MemFree:         1371676 kB
MemAvailable:    1545068 kB
Buffers:           42992 kB
Cached:           261208 kB
MemTotal:        1844596 kB
MemFree:         1372904 kB
MemAvailable:    1546296 kB
Buffers:           42992 kB
Cached:           261208 kB
MemTotal:        1844596 kB
MemFree:         1372796 kB
MemAvailable:    1546188 kB
Buffers:           42992 kB
Cached:           261208 kB
MemTotal:        1844596 kB
MemFree:         1372360 kB
MemAvailable:    1545752 kB
Buffers:           42992 kB
Cached:           261208 kB
MemTotal:        1844596 kB
MemFree:         1370184 kB
MemAvailable:    1543576 kB
Buffers:           42992 kB
Cached:           261208 kB
MemTotal:        1844596 kB
MemFree:         1368952 kB
MemAvailable:    1542348 kB
Buffers:           42992 kB
Cached:           261212 kB
MemTotal:        1844596 kB
MemFree:         1369324 kB
MemAvailable:    1542720 kB
Buffers:           42992 kB
Cached:           261212 kB
MemTotal:        1844596 kB
MemFree:         1367704 kB
MemAvailable:    1541100 kB
Buffers:           42992 kB
Cached:           261212 kB
MemTotal:        1844596 kB
MemFree:         1367208 kB
MemAvailable:    1540620 kB
Buffers:           42992 kB
Cached:           261228 kB
MemTotal:        1844596 kB
MemFree:         1367340 kB
MemAvailable:    1540752 kB
Buffers:           42992 kB
Cached:           261228 kB
MemTotal:        1844596 kB
MemFree:         1367440 kB
MemAvailable:    1540852 kB
Buffers:           42992 kB
Cached:           261228 kB
MemTotal:        1844596 kB
MemFree:         1367084 kB
MemAvailable:    1540496 kB
Buffers:           42992 kB
Cached:           261228 kB
MemTotal:        1844596 kB
MemFree:         1366284 kB
MemAvailable:    1539696 kB
Buffers:           42992 kB
Cached:           261228 kB
MemTotal:        1844596 kB
MemFree:         1366284 kB
MemAvailable:    1539696 kB
Buffers:           42992 kB
Cached:           261228 kB
MemTotal:        1844596 kB
MemFree:         1367608 kB
MemAvailable:    1541020 kB
Buffers:           42992 kB
Cached:           261228 kB
MemTotal:        1844596 kB
MemFree:         1366408 kB
MemAvailable:    1539820 kB
Buffers:           42992 kB
Cached:           261228 kB
MemTotal:        1844596 kB
MemFree:         1366224 kB
MemAvailable:    1539636 kB
Buffers:           42992 kB
Cached:           261228 kB
MemTotal:        1844596 kB
MemFree:         1366084 kB
MemAvailable:    1539496 kB
Buffers:           42992 kB
Cached:           261228 kB
MemTotal:        1844596 kB
MemFree:         1366844 kB
MemAvailable:    1540256 kB
Buffers:           42992 kB
Cached:           261228 kB
MemTotal:        1844596 kB
MemFree:         1366920 kB
MemAvailable:    1540332 kB
Buffers:           42992 kB
Cached:           261228 kB
MemTotal:        1844596 kB
MemFree:         1365852 kB
MemAvailable:    1539264 kB
Buffers:           42992 kB
Cached:           261228 kB
MemTotal:        1844596 kB
MemFree:         1365216 kB
MemAvailable:    1538628 kB
Buffers:           42992 kB
Cached:           261228 kB
MemTotal:        1844596 kB
MemFree:         1366524 kB
MemAvailable:    1539936 kB
Buffers:           42992 kB
Cached:           261228 kB
MemTotal:        1844596 kB
MemFree:         1366268 kB
MemAvailable:    1539680 kB
Buffers:           42992 kB
Cached:           261228 kB
MemTotal:        1844596 kB
MemFree:         1366604 kB
MemAvailable:    1540016 kB
Buffers:           42992 kB
Cached:           261228 kB
MemTotal:        1844596 kB
MemFree:         1366536 kB
MemAvailable:    1539948 kB
Buffers:           42992 kB
Cached:           261228 kB
MemTotal:        1844596 kB
MemFree:         1366648 kB
MemAvailable:    1540060 kB
Buffers:           42992 kB
Cached:           261228 kB
MemTotal:        1844596 kB
MemFree:         1366472 kB
MemAvailable:    1539884 kB
Buffers:           42992 kB
Cached:           261228 kB
MemTotal:        1844596 kB
MemFree:         1365852 kB
MemAvailable:    1539264 kB
Buffers:           42992 kB
Cached:           261228 kB
MemTotal:        1844596 kB
MemFree:         1366352 kB
MemAvailable:    1539764 kB
Buffers:           42992 kB
Cached:           261228 kB
MemTotal:        1844596 kB
MemFree:         1366436 kB
MemAvailable:    1539848 kB
Buffers:           42992 kB
Cached:           261228 kB
MemTotal:        1844596 kB
MemFree:         1366340 kB
MemAvailable:    1539752 kB
Buffers:           42992 kB
Cached:           261228 kB
MemTotal:        1844596 kB
MemFree:         1366036 kB
MemAvailable:    1539448 kB
Buffers:           42992 kB
Cached:           261228 kB
MemTotal:        1844596 kB
MemFree:         1366008 kB
MemAvailable:    1539420 kB
Buffers:           42992 kB
Cached:           261228 kB
MemTotal:        1844596 kB
MemFree:         1365108 kB
MemAvailable:    1538520 kB
Buffers:           42992 kB
Cached:           261228 kB
MemTotal:        1844596 kB
MemFree:         1365700 kB
MemAvailable:    1539112 kB
Buffers:           42992 kB
Cached:           261228 kB
MemTotal:        1844596 kB
MemFree:         1365952 kB
MemAvailable:    1539364 kB
Buffers:           42992 kB
Cached:           261228 kB
MemTotal:        1844596 kB
MemFree:         1364468 kB
MemAvailable:    1537880 kB
Buffers:           42992 kB
Cached:           261228 kB
MemTotal:        1844596 kB
MemFree:         1365596 kB
MemAvailable:    1539008 kB
Buffers:           42992 kB
Cached:           261228 kB
MemTotal:        1844596 kB
MemFree:         1364332 kB
MemAvailable:    1537744 kB
Buffers:           42992 kB
Cached:           261228 kB
MemTotal:        1844596 kB
MemFree:         1365424 kB
MemAvailable:    1538836 kB
Buffers:           42992 kB
Cached:           261228 kB
MemTotal:        1844596 kB
MemFree:         1365676 kB
MemAvailable:    1539088 kB
Buffers:           42992 kB
Cached:           261228 kB
MemTotal:        1844596 kB
MemFree:         1365644 kB
MemAvailable:    1539056 kB
Buffers:           42992 kB
Cached:           261228 kB
MemTotal:        1844596 kB
MemFree:         1364832 kB
MemAvailable:    1538244 kB
Buffers:           42992 kB
Cached:           261228 kB
MemTotal:        1844596 kB
MemFree:         1364204 kB
MemAvailable:    1537616 kB
Buffers:           42992 kB
Cached:           261228 kB
MemTotal:        1844596 kB
MemFree:         1365256 kB
MemAvailable:    1538668 kB
Buffers:           42992 kB
Cached:           261228 kB
MemTotal:        1844596 kB
MemFree:         1363680 kB
MemAvailable:    1537092 kB
Buffers:           42992 kB
Cached:           261228 kB
MemTotal:        1844596 kB
MemFree:         1362380 kB
MemAvailable:    1535792 kB
Buffers:           42992 kB
Cached:           261228 kB
MemTotal:        1844596 kB
MemFree:         1359884 kB
MemAvailable:    1533296 kB
Buffers:           42992 kB
Cached:           261228 kB
MemTotal:        1844596 kB
MemFree:         1359280 kB
MemAvailable:    1532692 kB
Buffers:           42992 kB
Cached:           261228 kB
MemTotal:        1844596 kB
MemFree:         1357172 kB
MemAvailable:    1530584 kB
Buffers:           42992 kB
Cached:           261228 kB
MemTotal:        1844596 kB
MemFree:         1356916 kB
MemAvailable:    1530328 kB
Buffers:           42992 kB
Cached:           261228 kB
MemTotal:        1844596 kB
MemFree:         1357852 kB
MemAvailable:    1531264 kB
Buffers:           42992 kB
Cached:           261228 kB
MemTotal:        1844596 kB
MemFree:         1356288 kB
MemAvailable:    1529700 kB
Buffers:           42992 kB
Cached:           261228 kB
MemTotal:        1844596 kB
MemFree:         1356420 kB
MemAvailable:    1529832 kB
Buffers:           42992 kB
Cached:           261228 kB
MemTotal:        1844596 kB
MemFree:         1356420 kB
MemAvailable:    1529832 kB
Buffers:           42992 kB
Cached:           261228 kB
MemTotal:        1844596 kB
MemFree:         1356792 kB
MemAvailable:    1530204 kB
Buffers:           42992 kB
Cached:           261228 kB
MemTotal:        1844596 kB
MemFree:         1357584 kB
MemAvailable:    1530996 kB
Buffers:           42992 kB
Cached:           261228 kB
MemTotal:        1844596 kB
MemFree:         1356428 kB
MemAvailable:    1529840 kB
Buffers:           42992 kB
Cached:           261228 kB
MemTotal:        1844596 kB
MemFree:         1357604 kB
MemAvailable:    1531016 kB
Buffers:           42992 kB
Cached:           261228 kB
MemTotal:        1844596 kB
MemFree:         1357396 kB
MemAvailable:    1530808 kB
Buffers:           42992 kB
Cached:           261228 kB
MemTotal:        1844596 kB
MemFree:         1357480 kB
MemAvailable:    1530892 kB
Buffers:           42992 kB
Cached:           261228 kB
MemTotal:        1844596 kB
MemFree:         1357372 kB
MemAvailable:    1530784 kB
Buffers:           42992 kB
Cached:           261228 kB
MemTotal:        1844596 kB
MemFree:         1357624 kB
MemAvailable:    1531036 kB
Buffers:           42992 kB
Cached:           261228 kB
MemTotal:        1844596 kB
MemFree:         1356348 kB
MemAvailable:    1529760 kB
Buffers:           42992 kB
Cached:           261228 kB
MemTotal:        1844596 kB
MemFree:         1356216 kB
MemAvailable:    1529628 kB
Buffers:           42992 kB
Cached:           261228 kB
MemTotal:        1844596 kB
MemFree:         1356560 kB
MemAvailable:    1529972 kB
Buffers:           42992 kB
Cached:           261228 kB
MemTotal:        1844596 kB
MemFree:         1356644 kB
MemAvailable:    1530056 kB
Buffers:           42992 kB
Cached:           261228 kB
MemTotal:        1844596 kB
MemFree:         1356644 kB
MemAvailable:    1530056 kB
Buffers:           42992 kB
Cached:           261228 kB
MemTotal:        1844596 kB
MemFree:         1356132 kB
MemAvailable:    1529544 kB
Buffers:           42992 kB
Cached:           261228 kB
MemTotal:        1844596 kB
MemFree:         1356468 kB
MemAvailable:    1529880 kB
Buffers:           42992 kB
Cached:           261228 kB
MemTotal:        1844596 kB
MemFree:         1355792 kB
MemAvailable:    1529204 kB
Buffers:           42992 kB
Cached:           261228 kB
MemTotal:        1844596 kB
MemFree:         1355792 kB
MemAvailable:    1529204 kB
Buffers:           42992 kB
Cached:           261228 kB
MemTotal:        1844596 kB
MemFree:         1353568 kB
MemAvailable:    1526980 kB
Buffers:           42992 kB
Cached:           261228 kB
MemTotal:        1844596 kB
MemFree:         1353560 kB
MemAvailable:    1526972 kB
Buffers:           42992 kB
Cached:           261228 kB
MemTotal:        1844596 kB
MemFree:         1354048 kB
MemAvailable:    1527460 kB
Buffers:           42992 kB
Cached:           261228 kB
MemTotal:        1844596 kB
MemFree:         1354188 kB
MemAvailable:    1527600 kB
Buffers:           42992 kB
Cached:           261228 kB
MemTotal:        1844596 kB
MemFree:         1353924 kB
MemAvailable:    1527336 kB
Buffers:           42992 kB
Cached:           261228 kB
MemTotal:        1844596 kB
MemFree:         1354176 kB
MemAvailable:    1527588 kB
Buffers:           42992 kB
Cached:           261228 kB
MemTotal:        1844596 kB
MemFree:         1352684 kB
MemAvailable:    1526096 kB
Buffers:           42992 kB
Cached:           261228 kB
MemTotal:        1844596 kB
MemFree:         1352420 kB
MemAvailable:    1525832 kB
Buffers:           42992 kB
Cached:           261228 kB
MemTotal:        1844596 kB
MemFree:         1352552 kB
MemAvailable:    1525964 kB
Buffers:           42992 kB
Cached:           261228 kB
MemTotal:        1844596 kB
MemFree:         1352700 kB
MemAvailable:    1526112 kB
Buffers:           42992 kB
Cached:           261228 kB
MemTotal:        1844596 kB
MemFree:         1353760 kB
MemAvailable:    1527180 kB
Buffers:           42992 kB
Cached:           261236 kB
MemTotal:        1844596 kB
MemFree:         1352584 kB
MemAvailable:    1526004 kB
Buffers:           42992 kB
Cached:           261236 kB
MemTotal:        1844596 kB
MemFree:         1353808 kB
MemAvailable:    1527228 kB
Buffers:           42992 kB
Cached:           261236 kB
MemTotal:        1844596 kB
MemFree:         1352320 kB
MemAvailable:    1525740 kB
Buffers:           42992 kB
Cached:           261236 kB
MemTotal:        1844596 kB
MemFree:         1353140 kB
MemAvailable:    1526560 kB
Buffers:           42992 kB
Cached:           261236 kB
MemTotal:        1844596 kB
MemFree:         1352452 kB
MemAvailable:    1525872 kB
Buffers:           42992 kB
Cached:           261236 kB
MemTotal:        1844596 kB
MemFree:         1351692 kB
MemAvailable:    1525112 kB
Buffers:           42992 kB
Cached:           261236 kB
MemTotal:        1844596 kB
MemFree:         1352088 kB
MemAvailable:    1525508 kB
Buffers:           42992 kB
Cached:           261236 kB
MemTotal:        1844596 kB
MemFree:         1344276 kB
MemAvailable:    1517696 kB
Buffers:           42992 kB
Cached:           261236 kB
MemTotal:        1844596 kB
MemFree:         1343276 kB
MemAvailable:    1516696 kB
Buffers:           42992 kB
Cached:           261236 kB
MemTotal:        1844596 kB
MemFree:         1343568 kB
MemAvailable:    1517156 kB
Buffers:           42992 kB
Cached:           261360 kB
MemTotal:        1844596 kB
MemFree:         1343696 kB
MemAvailable:    1517284 kB
Buffers:           42992 kB
Cached:           261360 kB
MemTotal:        1844596 kB
MemFree:         1342228 kB
MemAvailable:    1515900 kB
Buffers:           42992 kB
Cached:           261484 kB
MemTotal:        1844596 kB
MemFree:         1343272 kB
MemAvailable:    1517028 kB
Buffers:           42992 kB
Cached:           261608 kB
MemTotal:        1844596 kB
MemFree:         1343212 kB
MemAvailable:    1517136 kB
Buffers:           42992 kB
Cached:           261732 kB
MemTotal:        1844596 kB
MemFree:         1342220 kB
MemAvailable:    1516228 kB
Buffers:           42992 kB
Cached:           261732 kB
MemTotal:        1844596 kB
MemFree:         1343204 kB
MemAvailable:    1517212 kB
Buffers:           42992 kB
Cached:           261732 kB
MemTotal:        1844596 kB
MemFree:         1341916 kB
MemAvailable:    1515924 kB
Buffers:           42992 kB
Cached:           261856 kB
MemTotal:        1844596 kB
MemFree:         1342032 kB
MemAvailable:    1516040 kB
Buffers:           42992 kB
Cached:           261856 kB
MemTotal:        1844596 kB
MemFree:         1341916 kB
MemAvailable:    1515924 kB
Buffers:           42992 kB
Cached:           261856 kB
MemTotal:        1844596 kB
MemFree:         1343008 kB
MemAvailable:    1517016 kB
Buffers:           42992 kB
Cached:           261856 kB
MemTotal:        1844596 kB
MemFree:         1343092 kB
MemAvailable:    1517100 kB
Buffers:           42992 kB
Cached:           261856 kB
MemTotal:        1844596 kB
MemFree:         1342032 kB
MemAvailable:    1516040 kB
Buffers:           42992 kB
Cached:           261856 kB
MemTotal:        1844596 kB
MemFree:         1343272 kB
MemAvailable:    1517364 kB
Buffers:           42992 kB
Cached:           261856 kB
MemTotal:        1844596 kB
MemFree:         1399412 kB
MemAvailable:    1572832 kB
Buffers:           42992 kB
Cached:           261224 kB
