MemTotal:        1844596 kB
MemFree:         1222864 kB
MemAvailable:    1542168 kB
Buffers:           58780 kB
Cached:           378476 kB
MemTotal:        1844596 kB
MemFree:         1223476 kB
MemAvailable:    1542780 kB
Buffers:           58780 kB
Cached:           378476 kB
MemTotal:        1844596 kB
MemFree:         1221436 kB
MemAvailable:    1540740 kB
Buffers:           58780 kB
Cached:           378476 kB
MemTotal:        1844596 kB
MemFree:         1218632 kB
MemAvailable:    1537936 kB
Buffers:           58780 kB
Cached:           378476 kB
MemTotal:        1844596 kB
MemFree:         1218468 kB
MemAvailable:    1537772 kB
Buffers:           58780 kB
Cached:           378476 kB
MemTotal:        1844596 kB
MemFree:         1219936 kB
MemAvailable:    1539240 kB
Buffers:           58780 kB
Cached:           378476 kB
MemTotal:        1844596 kB
MemFree:         1217656 kB
MemAvailable:    1536960 kB
Buffers:           58780 kB
Cached:           378476 kB
MemTotal:        1844596 kB
MemFree:         1215052 kB
MemAvailable:    1534356 kB
Buffers:           58780 kB
Cached:           378476 kB
MemTotal:        1844596 kB
MemFree:         1212928 kB
MemAvailable:    1532232 kB
Buffers:           58780 kB
Cached:           378476 kB
MemTotal:        1844596 kB
MemFree:         1212820 kB
MemAvailable:    1532124 kB
Buffers:           58780 kB
Cached:           378476 kB
MemTotal:        1844596 kB
MemFree:         1209760 kB
MemAvailable:    1529064 kB
Buffers:           58780 kB
Cached:           378476 kB
MemTotal:        1844596 kB
MemFree:         1210096 kB
MemAvailable:    1529400 kB
Buffers:           58780 kB
Cached:           378476 kB
MemTotal:        1844596 kB
MemFree:         1208844 kB
MemAvailable:    1528148 kB
Buffers:           58780 kB
Cached:           378476 kB
MemTotal:        1844596 kB
MemFree:         1208844 kB
MemAvailable:    1528148 kB
Buffers:           58780 kB
Cached:           378476 kB
MemTotal:        1844596 kB
MemFree:         1209936 kB
MemAvailable:    1529240 kB
Buffers:           58780 kB
Cached:           378476 kB
MemTotal:        1844596 kB
MemFree:         1209936 kB
MemAvailable:    1529240 kB
Buffers:           58780 kB
Cached:           378476 kB
MemTotal:        1844596 kB
MemFree:         1209780 kB
MemAvailable:    1529084 kB
Buffers:           58780 kB
Cached:           378476 kB
MemTotal:        1844596 kB
MemFree:         1209036 kB
MemAvailable:    1528340 kB
Buffers:           58780 kB
Cached:           378476 kB
MemTotal:        1844596 kB
MemFree:         1207116 kB
MemAvailable:    1526420 kB
Buffers:           58780 kB
Cached:           378476 kB
MemTotal:        1844596 kB
MemFree:         1206744 kB
MemAvailable:    1526048 kB
Buffers:           58780 kB
Cached:           378476 kB
MemTotal:        1844596 kB
MemFree:         1207796 kB
MemAvailable:    1527100 kB
Buffers:           58780 kB
Cached:           378476 kB
MemTotal:        1844596 kB
MemFree:         1206744 kB
MemAvailable:    1526048 kB
Buffers:           58780 kB
Cached:           378476 kB
MemTotal:        1844596 kB
MemFree:         1207796 kB
MemAvailable:    1527104 kB
Buffers:           58780 kB
Cached:           378480 kB
MemTotal:        1844596 kB
MemFree:         1207604 kB
MemAvailable:    1526912 kB
Buffers:           58780 kB
Cached:           378480 kB
MemTotal:        1844596 kB
MemFree:         1207860 kB
MemAvailable:    1527168 kB
Buffers:           58780 kB
Cached:           378480 kB
MemTotal:        1844596 kB
MemFree:         1207624 kB
MemAvailable:    1526932 kB
Buffers:           58780 kB
Cached:           378480 kB
MemTotal:        1844596 kB
MemFree:         1207660 kB
MemAvailable:    1526968 kB
Buffers:           58780 kB
Cached:           378480 kB
MemTotal:        1844596 kB
MemFree:         1207720 kB
MemAvailable:    1527028 kB
Buffers:           58780 kB
Cached:           378480 kB
MemTotal:        1844596 kB
MemFree:         1206736 kB
MemAvailable:    1526044 kB
Buffers:           58780 kB
Cached:           378480 kB
MemTotal:        1844596 kB
MemFree:         1208836 kB
MemAvailable:    1528144 kB
Buffers:           58780 kB
Cached:           378480 kB
MemTotal:        1844596 kB
MemFree:         1208976 kB
MemAvailable:    1528284 kB
Buffers:           58780 kB
Cached:           378480 kB
MemTotal:        1844596 kB
MemFree:         1206596 kB
MemAvailable:    1525904 kB
Buffers:           58780 kB
Cached:           378480 kB
MemTotal:        1844596 kB
MemFree:         1206596 kB
MemAvailable:    1525904 kB
Buffers:           58780 kB
Cached:           378480 kB
MemTotal:        1844596 kB
MemFree:         1205232 kB
MemAvailable:    1524540 kB
Buffers:           58780 kB
Cached:           378480 kB
MemTotal:        1844596 kB
MemFree:         1204752 kB
MemAvailable:    1524060 kB
Buffers:           58780 kB
Cached:           378480 kB
MemTotal:        1844596 kB
MemFree:         1204612 kB
MemAvailable:    1523920 kB
Buffers:           58780 kB
Cached:           378480 kB
MemTotal:        1844596 kB
MemFree:         1204864 kB
MemAvailable:    1524172 kB
Buffers:           58780 kB
Cached:           378480 kB
MemTotal:        1844596 kB
MemFree:         1203380 kB
MemAvailable:    1522688 kB
Buffers:           58780 kB
Cached:           378480 kB
MemTotal:        1844596 kB
MemFree:         1203628 kB
MemAvailable:    1522936 kB
Buffers:           58780 kB
Cached:           378480 kB
MemTotal:        1844596 kB
MemFree:         1203628 kB
MemAvailable:    1522936 kB
Buffers:           58780 kB
Cached:           378480 kB
MemTotal:        1844596 kB
MemFree:         1203332 kB
MemAvailable:    1522640 kB
Buffers:           58780 kB
Cached:           378480 kB
MemTotal:        1844596 kB
MemFree:         1203588 kB
MemAvailable:    1522896 kB
Buffers:           58780 kB
Cached:           378480 kB
MemTotal:        1844596 kB
MemFree:         1202260 kB
MemAvailable:    1521568 kB
Buffers:           58780 kB
Cached:           378480 kB
MemTotal:        1844596 kB
MemFree:         1201996 kB
MemAvailable:    1521304 kB
Buffers:           58780 kB
Cached:           378480 kB
MemTotal:        1844596 kB
MemFree:         1202252 kB
MemAvailable:    1521560 kB
Buffers:           58780 kB
Cached:           378480 kB
MemTotal:        1844596 kB
MemFree:         1203272 kB
MemAvailable:    1522584 kB
Buffers:           58780 kB
Cached:           378484 kB
MemTotal:        1844596 kB
MemFree:         1202828 kB
MemAvailable:    1522140 kB
Buffers:           58780 kB
Cached:           378484 kB
MemTotal:        1844596 kB
MemFree:         1202704 kB
MemAvailable:    1522016 kB
Buffers:           58780 kB
Cached:           378484 kB
MemTotal:        1844596 kB
MemFree:         1201024 kB
MemAvailable:    1520336 kB
Buffers:           58780 kB
Cached:           378484 kB
MemTotal:        1844596 kB
MemFree:         1201148 kB
MemAvailable:    1520460 kB
Buffers:           58780 kB
Cached:           378484 kB
MemTotal:        1844596 kB
MemFree:         1201148 kB
MemAvailable:    1520460 kB
Buffers:           58780 kB
Cached:           378484 kB
MemTotal:        1844596 kB
MemFree:         1202424 kB
MemAvailable:    1521736 kB
Buffers:           58780 kB
Cached:           378484 kB
MemTotal:        1844596 kB
MemFree:         1202404 kB
MemAvailable:    1521716 kB
Buffers:           58780 kB
Cached:           378484 kB
MemTotal:        1844596 kB
MemFree:         1202416 kB
MemAvailable:    1521728 kB
Buffers:           58780 kB
Cached:           378484 kB
MemTotal:        1844596 kB
MemFree:         1201236 kB
MemAvailable:    1520548 kB
Buffers:           58780 kB
Cached:           378484 kB
MemTotal:        1844596 kB
MemFree:         1201140 kB
MemAvailable:    1520452 kB
Buffers:           58780 kB
Cached:           378484 kB
MemTotal:        1844596 kB
MemFree:         1202368 kB
MemAvailable:    1521680 kB
Buffers:           58780 kB
Cached:           378484 kB
MemTotal:        1844596 kB
MemFree:         1202368 kB
MemAvailable:    1521680 kB
Buffers:           58780 kB
Cached:           378484 kB
MemTotal:        1844596 kB
MemFree:         1202472 kB
MemAvailable:    1521784 kB
Buffers:           58780 kB
Cached:           378484 kB
MemTotal:        1844596 kB
MemFree:         1202280 kB
MemAvailable:    1521592 kB
Buffers:           58784 kB
Cached:           378480 kB
MemTotal:        1844596 kB
MemFree:         1202024 kB
MemAvailable:    1521336 kB
Buffers:           58784 kB
Cached:           378480 kB
MemTotal:        1844596 kB
MemFree:         1200776 kB
MemAvailable:    1520088 kB
Buffers:           58784 kB
Cached:           378480 kB
MemTotal:        1844596 kB
MemFree:         1201844 kB
MemAvailable:    1521156 kB
Buffers:           58784 kB
Cached:           378480 kB
MemTotal:        1844596 kB
MemFree:         1201580 kB
MemAvailable:    1520892 kB
Buffers:           58784 kB
Cached:           378480 kB
MemTotal:        1844596 kB
MemFree:         1201652 kB
MemAvailable:    1520964 kB
Buffers:           58784 kB
Cached:           378480 kB
MemTotal:        1844596 kB
MemFree:         1201372 kB
MemAvailable:    1520684 kB
Buffers:           58784 kB
Cached:           378480 kB
MemTotal:        1844596 kB
MemFree:         1201624 kB
MemAvailable:    1520936 kB
Buffers:           58784 kB
Cached:           378480 kB
MemTotal:        1844596 kB
MemFree:         1201576 kB
MemAvailable:    1520888 kB
Buffers:           58784 kB
Cached:           378480 kB
MemTotal:        1844596 kB
MemFree:         1201468 kB
MemAvailable:    1520780 kB
Buffers:           58784 kB
Cached:           378480 kB
MemTotal:        1844596 kB
MemFree:         1201440 kB
MemAvailable:    1520752 kB
Buffers:           58784 kB
Cached:           378480 kB
MemTotal:        1844596 kB
MemFree:         1201360 kB
MemAvailable:    1520672 kB
Buffers:           58784 kB
Cached:           378480 kB
MemTotal:        1844596 kB
MemFree:         1201444 kB
MemAvailable:    1520756 kB
Buffers:           58784 kB
Cached:           378480 kB
MemTotal:        1844596 kB
MemFree:         1200296 kB
MemAvailable:    1519608 kB
Buffers:           58784 kB
Cached:           378480 kB
MemTotal:        1844596 kB
MemFree:         1201520 kB
MemAvailable:    1520832 kB
Buffers:           58784 kB
Cached:           378480 kB
MemTotal:        1844596 kB
MemFree:         1199164 kB
MemAvailable:    1518476 kB
Buffers:           58784 kB
Cached:           378480 kB
MemTotal:        1844596 kB
MemFree:         1199164 kB
MemAvailable:    1518476 kB
Buffers:           58784 kB
Cached:           378480 kB
MemTotal:        1844596 kB
MemFree:         1196016 kB
MemAvailable:    1515328 kB
Buffers:           58784 kB
Cached:           378480 kB
MemTotal:        1844596 kB
MemFree:         1193476 kB
MemAvailable:    1512788 kB
Buffers:           58784 kB
Cached:           378480 kB
MemTotal:        1844596 kB
MemFree:         1194348 kB
MemAvailable:    1513660 kB
Buffers:           58784 kB
Cached:           378480 kB
MemTotal:        1844596 kB
MemFree:         1193848 kB
MemAvailable:    1513160 kB
Buffers:           58784 kB
Cached:           378480 kB
MemTotal:        1844596 kB
MemFree:         1193848 kB
MemAvailable:    1513160 kB
Buffers:           58784 kB
Cached:           378480 kB
MemTotal:        1844596 kB
MemFree:         1192732 kB
MemAvailable:    1512044 kB
Buffers:           58784 kB
Cached:           378480 kB
MemTotal:        1844596 kB
MemFree:         1193532 kB
MemAvailable:    1512844 kB
Buffers:           58784 kB
Cached:           378480 kB
MemTotal:        1844596 kB
MemFree:         1193608 kB
MemAvailable:    1512920 kB
Buffers:           58784 kB
Cached:           378480 kB
MemTotal:        1844596 kB
MemFree:         1193548 kB
MemAvailable:    1512860 kB
Buffers:           58784 kB
Cached:           378480 kB
MemTotal:        1844596 kB
MemFree:         1192732 kB
MemAvailable:    1512044 kB
Buffers:           58784 kB
Cached:           378480 kB
MemTotal:        1844596 kB
MemFree:         1193548 kB
MemAvailable:    1512860 kB
Buffers:           58784 kB
Cached:           378480 kB
MemTotal:        1844596 kB
MemFree:         1192176 kB
MemAvailable:    1511488 kB
Buffers:           58784 kB
Cached:           378480 kB
MemTotal:        1844596 kB
MemFree:         1192300 kB
MemAvailable:    1511612 kB
Buffers:           58784 kB
Cached:           378480 kB
MemTotal:        1844596 kB
MemFree:         1193476 kB
MemAvailable:    1512788 kB
Buffers:           58784 kB
Cached:           378480 kB
MemTotal:        1844596 kB
MemFree:         1193600 kB
MemAvailable:    1512912 kB
Buffers:           58784 kB
Cached:           378480 kB
MemTotal:        1844596 kB
MemFree:         1192732 kB
MemAvailable:    1512044 kB
Buffers:           58784 kB
Cached:           378480 kB
MemTotal:        1844596 kB
MemFree:         1193484 kB
MemAvailable:    1512796 kB
Buffers:           58784 kB
Cached:           378480 kB
MemTotal:        1844596 kB
MemFree:         1192176 kB
MemAvailable:    1511488 kB
Buffers:           58784 kB
Cached:           378480 kB
MemTotal:        1844596 kB
MemFree:         1193040 kB
MemAvailable:    1512352 kB
Buffers:           58784 kB
Cached:           378480 kB
MemTotal:        1844596 kB
MemFree:         1192848 kB
MemAvailable:    1512160 kB
Buffers:           58784 kB
Cached:           378480 kB
MemTotal:        1844596 kB
MemFree:         1191492 kB
MemAvailable:    1510804 kB
Buffers:           58784 kB
Cached:           378480 kB
MemTotal:        1844596 kB
MemFree:         1192284 kB
MemAvailable:    1511596 kB
Buffers:           58784 kB
Cached:           378480 kB
MemTotal:        1844596 kB
MemFree:         1192020 kB
MemAvailable:    1511332 kB
Buffers:           58784 kB
Cached:           378480 kB
MemTotal:        1844596 kB
MemFree:         1192104 kB
MemAvailable:    1511416 kB
Buffers:           58784 kB
Cached:           378480 kB
MemTotal:        1844596 kB
MemFree:         1191652 kB
MemAvailable:    1510964 kB
Buffers:           58784 kB
Cached:           378480 kB
MemTotal:        1844596 kB
MemFree:         1191852 kB
MemAvailable:    1511164 kB
Buffers:           58784 kB
Cached:           378480 kB
MemTotal:        1844596 kB
MemFree:         1190872 kB
MemAvailable:    1510184 kB
Buffers:           58784 kB
Cached:           378480 kB
MemTotal:        1844596 kB
MemFree:         1190616 kB
MemAvailable:    1509928 kB
Buffers:           58784 kB
Cached:           378480 kB
MemTotal:        1844596 kB
MemFree:         1189508 kB
MemAvailable:    1508820 kB
Buffers:           58784 kB
Cached:           378480 kB
MemTotal:        1844596 kB
MemFree:         1190312 kB
MemAvailable:    1509624 kB
Buffers:           58784 kB
Cached:           378480 kB
MemTotal:        1844596 kB
MemFree:         1188880 kB
MemAvailable:    1508192 kB
Buffers:           58784 kB
Cached:           378480 kB
MemTotal:        1844596 kB
MemFree:         1189500 kB
MemAvailable:    1508812 kB
Buffers:           58784 kB
Cached:           378480 kB
MemTotal:        1844596 kB
MemFree:         1189684 kB
MemAvailable:    1508996 kB
Buffers:           58784 kB
Cached:           378480 kB
MemTotal:        1844596 kB
MemFree:         1189684 kB
MemAvailable:    1508996 kB
Buffers:           58784 kB
Cached:           378480 kB
MemTotal:        1844596 kB
MemFree:         1189644 kB
MemAvailable:    1508956 kB
Buffers:           58784 kB
Cached:           378480 kB
MemTotal:        1844596 kB
MemFree:         1189564 kB
MemAvailable:    1508876 kB
Buffers:           58784 kB
Cached:           378480 kB
MemTotal:        1844596 kB
MemFree:         1189564 kB
MemAvailable:    1508876 kB
Buffers:           58784 kB
Cached:           378480 kB
MemTotal:        1844596 kB
MemFree:         1189636 kB
MemAvailable:    1508948 kB
Buffers:           58784 kB
Cached:           378480 kB
MemTotal:        1844596 kB
MemFree:         1189380 kB
MemAvailable:    1508692 kB
Buffers:           58784 kB
Cached:           378480 kB
MemTotal:        1844596 kB
MemFree:         1189672 kB
MemAvailable:    1508984 kB
Buffers:           58784 kB
Cached:           378480 kB
MemTotal:        1844596 kB
MemFree:         1189812 kB
MemAvailable:    1509124 kB
Buffers:           58784 kB
Cached:           378480 kB
MemTotal:        1844596 kB
MemFree:         1189268 kB
MemAvailable:    1508580 kB
Buffers:           58784 kB
Cached:           378480 kB
MemTotal:        1844596 kB
MemFree:         1189384 kB
MemAvailable:    1508700 kB
Buffers:           58784 kB
Cached:           378484 kB
MemTotal:        1844596 kB
MemFree:         1189320 kB
MemAvailable:    1508636 kB
Buffers:           58784 kB
Cached:           378484 kB
MemTotal:        1844596 kB
MemFree:         1188940 kB
MemAvailable:    1508256 kB
Buffers:           58784 kB
Cached:           378484 kB
MemTotal:        1844596 kB
MemFree:         1184052 kB
MemAvailable:    1503368 kB
Buffers:           58784 kB
Cached:           378484 kB
MemTotal:        1844596 kB
MemFree:         1180952 kB
MemAvailable:    1500268 kB
Buffers:           58784 kB
Cached:           378484 kB
MemTotal:        1844596 kB
MemFree:         1179588 kB
MemAvailable:    1498988 kB
Buffers:           58784 kB
Cached:           378608 kB
MemTotal:        1844596 kB
MemFree:         1180556 kB
MemAvailable:    1500124 kB
Buffers:           58784 kB
Cached:           378732 kB
MemTotal:        1844596 kB
MemFree:         1180556 kB
MemAvailable:    1500124 kB
Buffers:           58784 kB
Cached:           378732 kB
MemTotal:        1844596 kB
MemFree:         1180276 kB
MemAvailable:    1500012 kB
Buffers:           58784 kB
Cached:           378856 kB
MemTotal:        1844596 kB
MemFree:         1179208 kB
MemAvailable:    1498944 kB
Buffers:           58784 kB
Cached:           378980 kB
MemTotal:        1844596 kB
MemFree:         1179944 kB
MemAvailable:    1499812 kB
Buffers:           58784 kB
Cached:           379072 kB
MemTotal:        1844596 kB
MemFree:         1180196 kB
MemAvailable:    1500064 kB
Buffers:           58784 kB
Cached:           379072 kB
MemTotal:        1844596 kB
MemFree:         1180224 kB
MemAvailable:    1500176 kB
Buffers:           58784 kB
Cached:           379072 kB
MemTotal:        1844596 kB
MemFree:         1180008 kB
MemAvailable:    1499960 kB
Buffers:           58784 kB
Cached:           379196 kB
MemTotal:        1844596 kB
MemFree:         1179996 kB
MemAvailable:    1499948 kB
Buffers:           58784 kB
Cached:           379196 kB
MemTotal:        1844596 kB
MemFree:         1179956 kB
MemAvailable:    1499908 kB
Buffers:           58784 kB
Cached:           379196 kB
MemTotal:        1844596 kB
MemFree:         1179944 kB
MemAvailable:    1499896 kB
Buffers:           58784 kB
Cached:           379196 kB
MemTotal:        1844596 kB
MemFree:         1178644 kB
MemAvailable:    1498596 kB
Buffers:           58784 kB
Cached:           379196 kB
MemTotal:        1844596 kB
MemFree:         1178768 kB
MemAvailable:    1498720 kB
Buffers:           58784 kB
Cached:           379196 kB
MemTotal:        1844596 kB
MemFree:         1178768 kB
MemAvailable:    1498720 kB
Buffers:           58784 kB
Cached:           379196 kB
MemTotal:        1844596 kB
MemFree:         1178892 kB
MemAvailable:    1498928 kB
Buffers:           58784 kB
Cached:           379320 kB
MemTotal:        1844596 kB
MemFree:         1217884 kB
MemAvailable:    1537248 kB
Buffers:           58784 kB
Cached:           378564 kB
