MemTotal:        1844596 kB
MemFree:         1348776 kB
MemAvailable:    1559432 kB
Buffers:           47224 kB
Cached:           290948 kB
MemTotal:        1844596 kB
MemFree:         1346660 kB
MemAvailable:    1557316 kB
Buffers:           47224 kB
Cached:           290948 kB
MemTotal:        1844596 kB
MemFree:         1344692 kB
MemAvailable:    1555348 kB
Buffers:           47224 kB
Cached:           290948 kB
MemTotal:        1844596 kB
MemFree:         1344628 kB
MemAvailable:    1555284 kB
Buffers:           47224 kB
Cached:           290948 kB
MemTotal:        1844596 kB
MemFree:         1344568 kB
MemAvailable:    1555224 kB
Buffers:           47224 kB
Cached:           290948 kB
MemTotal:        1844596 kB
MemFree:         1342328 kB
MemAvailable:    1552984 kB
Buffers:           47224 kB
Cached:           290948 kB
MemTotal:        1844596 kB
MemFree:         1340972 kB
MemAvailable:    1551628 kB
Buffers:           47224 kB
Cached:           290948 kB
MemTotal:        1844596 kB
MemFree:         1337996 kB
MemAvailable:    1548652 kB
Buffers:           47224 kB
Cached:           290948 kB
MemTotal:        1844596 kB
MemFree:         1335476 kB
MemAvailable:    1546132 kB
Buffers:           47224 kB
Cached:           290948 kB
MemTotal:        1844596 kB
MemFree:         1332292 kB
MemAvailable:    1542948 kB
Buffers:           47224 kB
Cached:           290948 kB
MemTotal:        1844596 kB
MemFree:         1333036 kB
MemAvailable:    1543692 kB
Buffers:           47224 kB
Cached:           290948 kB
MemTotal:        1844596 kB
MemFree:         1334412 kB
MemAvailable:    1545068 kB
Buffers:           47224 kB
Cached:           290948 kB
MemTotal:        1844596 kB
MemFree:         1332980 kB
MemAvailable:    1543636 kB
Buffers:           47224 kB
Cached:           290948 kB
MemTotal:        1844596 kB
MemFree:         1334072 kB
MemAvailable:    1544728 kB
Buffers:           47224 kB
Cached:           290948 kB
MemTotal:        1844596 kB
MemFree:         1334408 kB
MemAvailable:    1545064 kB
Buffers:           47224 kB
Cached:           290948 kB
MemTotal:        1844596 kB
MemFree:         1333964 kB
MemAvailable:    1544620 kB
Buffers:           47224 kB
Cached:           290948 kB
MemTotal:        1844596 kB
MemFree:         1332524 kB
MemAvailable:    1543180 kB
Buffers:           47224 kB
Cached:           290948 kB
MemTotal:        1844596 kB
MemFree:         1332652 kB
MemAvailable:    1543308 kB
Buffers:           47224 kB
Cached:           290948 kB
MemTotal:        1844596 kB
MemFree:         1331980 kB
MemAvailable:    1542636 kB
Buffers:           47224 kB
Cached:           290948 kB
MemTotal:        1844596 kB
MemFree:         1331932 kB
MemAvailable:    1542588 kB
Buffers:           47224 kB
Cached:           290948 kB
MemTotal:        1844596 kB
MemFree:         1330544 kB
MemAvailable:    1541200 kB
Buffers:           47224 kB
Cached:           290948 kB
MemTotal:        1844596 kB
MemFree:         1330792 kB
MemAvailable:    1541448 kB
Buffers:           47224 kB
Cached:           290948 kB
MemTotal:        1844596 kB
MemFree:         1331908 kB
MemAvailable:    1542564 kB
Buffers:           47224 kB
Cached:           290948 kB
MemTotal:        1844596 kB
MemFree:         1330928 kB
MemAvailable:    1541584 kB
Buffers:           47224 kB
Cached:           290948 kB
MemTotal:        1844596 kB
MemFree:         1331928 kB
MemAvailable:    1542584 kB
Buffers:           47224 kB
Cached:           290948 kB
MemTotal:        1844596 kB
MemFree:         1330620 kB
MemAvailable:    1541276 kB
Buffers:           47224 kB
Cached:           290948 kB
MemTotal:        1844596 kB
MemFree:         1331796 kB
MemAvailable:    1542452 kB
Buffers:           47224 kB
Cached:           290948 kB
MemTotal:        1844596 kB
MemFree:         1331956 kB
MemAvailable:    1542612 kB
Buffers:           47224 kB
Cached:           290948 kB
MemTotal:        1844596 kB
MemFree:         1333260 kB
MemAvailable:    1543916 kB
Buffers:           47224 kB
Cached:           290948 kB
MemTotal:        1844596 kB
MemFree:         1333260 kB
MemAvailable:    1543916 kB
Buffers:           47224 kB
Cached:           290948 kB
MemTotal:        1844596 kB
MemFree:         1330416 kB
MemAvailable:    1541072 kB
Buffers:           47224 kB
Cached:           290948 kB
MemTotal:        1844596 kB
MemFree:         1330416 kB
MemAvailable:    1541072 kB
Buffers:           47224 kB
Cached:           290948 kB
MemTotal:        1844596 kB
MemFree:         1329292 kB
MemAvailable:    1539948 kB
Buffers:           47224 kB
Cached:           290948 kB
MemTotal:        1844596 kB
MemFree:         1329292 kB
MemAvailable:    1539948 kB
Buffers:           47224 kB
Cached:           290948 kB
MemTotal:        1844596 kB
MemFree:         1328696 kB
MemAvailable:    1539352 kB
Buffers:           47224 kB
Cached:           290948 kB
MemTotal:        1844596 kB
MemFree:         1328524 kB
MemAvailable:    1539180 kB
Buffers:           47224 kB
Cached:           290948 kB
MemTotal:        1844596 kB
MemFree:         1326712 kB
MemAvailable:    1537368 kB
Buffers:           47224 kB
Cached:           290948 kB
MemTotal:        1844596 kB
MemFree:         1327716 kB
MemAvailable:    1538372 kB
Buffers:           47224 kB
Cached:           290948 kB
MemTotal:        1844596 kB
MemFree:         1326712 kB
MemAvailable:    1537368 kB
Buffers:           47224 kB
Cached:           290948 kB
MemTotal:        1844596 kB
MemFree:         1327752 kB
MemAvailable:    1538408 kB
Buffers:           47224 kB
Cached:           290948 kB
MemTotal:        1844596 kB
MemFree:         1327504 kB
MemAvailable:    1538160 kB
Buffers:           47224 kB
Cached:           290948 kB
MemTotal:        1844596 kB
MemFree:         1327840 kB
MemAvailable:    1538496 kB
Buffers:           47224 kB
Cached:           290948 kB
MemTotal:        1844596 kB
MemFree:         1327764 kB
MemAvailable:    1538420 kB
Buffers:           47224 kB
Cached:           290948 kB
MemTotal:        1844596 kB
MemFree:         1326588 kB
MemAvailable:    1537244 kB
Buffers:           47224 kB
Cached:           290948 kB
MemTotal:        1844596 kB
MemFree:         1327320 kB
MemAvailable:    1537976 kB
Buffers:           47224 kB
Cached:           290948 kB
MemTotal:        1844596 kB
MemFree:         1327124 kB
MemAvailable:    1537780 kB
Buffers:           47224 kB
Cached:           290948 kB
MemTotal:        1844596 kB
MemFree:         1327160 kB
MemAvailable:    1537816 kB
Buffers:           47224 kB
Cached:           290948 kB
MemTotal:        1844596 kB
MemFree:         1326944 kB
MemAvailable:    1537600 kB
Buffers:           47224 kB
Cached:           290948 kB
MemTotal:        1844596 kB
MemFree:         1326848 kB
MemAvailable:    1537516 kB
Buffers:           47224 kB
Cached:           290952 kB
MemTotal:        1844596 kB
MemFree:         1326516 kB
MemAvailable:    1537184 kB
Buffers:           47224 kB
Cached:           290952 kB
MemTotal:        1844596 kB
MemFree:         1326684 kB
MemAvailable:    1537352 kB
Buffers:           47224 kB
Cached:           290952 kB
MemTotal:        1844596 kB
MemFree:         1326708 kB
MemAvailable:    1537376 kB
Buffers:           47224 kB
Cached:           290952 kB
MemTotal:        1844596 kB
MemFree:         1326628 kB
MemAvailable:    1537296 kB
Buffers:           47224 kB
Cached:           290952 kB
MemTotal:        1844596 kB
MemFree:         1326880 kB
MemAvailable:    1537548 kB
Buffers:           47224 kB
Cached:           290952 kB
MemTotal:        1844596 kB
MemFree:         1326516 kB
MemAvailable:    1537184 kB
Buffers:           47224 kB
Cached:           290952 kB
MemTotal:        1844596 kB
MemFree:         1326768 kB
MemAvailable:    1537436 kB
Buffers:           47224 kB
Cached:           290952 kB
MemTotal:        1844596 kB
MemFree:         1326628 kB
MemAvailable:    1537296 kB
Buffers:           47224 kB
Cached:           290952 kB
MemTotal:        1844596 kB
MemFree:         1326524 kB
MemAvailable:    1537192 kB
Buffers:           47224 kB
Cached:           290952 kB
MemTotal:        1844596 kB
MemFree:         1326448 kB
MemAvailable:    1537116 kB
Buffers:           47224 kB
Cached:           290952 kB
MemTotal:        1844596 kB
MemFree:         1326448 kB
MemAvailable:    1537116 kB
Buffers:           47224 kB
Cached:           290952 kB
MemTotal:        1844596 kB
MemFree:         1325928 kB
MemAvailable:    1536596 kB
Buffers:           47224 kB
Cached:           290952 kB
MemTotal:        1844596 kB
MemFree:         1326264 kB
MemAvailable:    1536932 kB
Buffers:           47224 kB
Cached:           290952 kB
MemTotal:        1844596 kB
MemFree:         1325928 kB
MemAvailable:    1536604 kB
Buffers:           47224 kB
Cached:           290960 kB
MemTotal:        1844596 kB
MemFree:         1325724 kB
MemAvailable:    1536400 kB
Buffers:           47224 kB
Cached:           290960 kB
MemTotal:        1844596 kB
MemFree:         1325768 kB
MemAvailable:    1536444 kB
Buffers:           47224 kB
Cached:           290960 kB
MemTotal:        1844596 kB
MemFree:         1325804 kB
MemAvailable:    1536480 kB
Buffers:           47224 kB
Cached:           290960 kB
MemTotal:        1844596 kB
MemFree:         1325656 kB
MemAvailable:    1536332 kB
Buffers:           47224 kB
Cached:           290960 kB
MemTotal:        1844596 kB
MemFree:         1324852 kB
MemAvailable:    1535528 kB
Buffers:           47224 kB
Cached:           290960 kB
MemTotal:        1844596 kB
MemFree:         1324420 kB
MemAvailable:    1535096 kB
Buffers:           47224 kB
Cached:           290960 kB
MemTotal:        1844596 kB
MemFree:         1325644 kB
MemAvailable:    1536320 kB
Buffers:           47224 kB
Cached:           290960 kB
MemTotal:        1844596 kB
MemFree:         1325696 kB
MemAvailable:    1536372 kB
Buffers:           47224 kB
Cached:           290960 kB
MemTotal:        1844596 kB
MemFree:         1325632 kB
MemAvailable:    1536308 kB
Buffers:           47224 kB
Cached:           290960 kB
MemTotal:        1844596 kB
MemFree:         1324812 kB
MemAvailable:    1535488 kB
Buffers:           47224 kB
Cached:           290960 kB
MemTotal:        1844596 kB
MemFree:         1322868 kB
MemAvailable:    1533544 kB
Buffers:           47224 kB
Cached:           290960 kB
MemTotal:        1844596 kB
MemFree:         1321316 kB
MemAvailable:    1531992 kB
Buffers:           47224 kB
Cached:           290960 kB
MemTotal:        1844596 kB
MemFree:         1319332 kB
MemAvailable:    1530008 kB
Buffers:           47224 kB
Cached:           290960 kB
MemTotal:        1844596 kB
MemFree:         1318464 kB
MemAvailable:    1529140 kB
Buffers:           47224 kB
Cached:           290960 kB
MemTotal:        1844596 kB
MemFree:         1318208 kB
MemAvailable:    1528884 kB
Buffers:           47224 kB
Cached:           290960 kB
MemTotal:        1844596 kB
MemFree:         1317760 kB
MemAvailable:    1528436 kB
Buffers:           47224 kB
Cached:           290960 kB
MemTotal:        1844596 kB
MemFree:         1317760 kB
MemAvailable:    1528436 kB
Buffers:           47224 kB
Cached:           290960 kB
MemTotal:        1844596 kB
MemFree:         1317580 kB
MemAvailable:    1528256 kB
Buffers:           47224 kB
Cached:           290960 kB
MemTotal:        1844596 kB
MemFree:         1317748 kB
MemAvailable:    1528424 kB
Buffers:           47224 kB
Cached:           290960 kB
MemTotal:        1844596 kB
MemFree:         1317772 kB
MemAvailable:    1528448 kB
Buffers:           47224 kB
Cached:           290960 kB
MemTotal:        1844596 kB
MemFree:         1317784 kB
MemAvailable:    1528460 kB
Buffers:           47224 kB
Cached:           290960 kB
MemTotal:        1844596 kB
MemFree:         1317612 kB
MemAvailable:    1528288 kB
Buffers:           47224 kB
Cached:           290960 kB
MemTotal:        1844596 kB
MemFree:         1317736 kB
MemAvailable:    1528412 kB
Buffers:           47224 kB
Cached:           290960 kB
MemTotal:        1844596 kB
MemFree:         1317796 kB
MemAvailable:    1528472 kB
Buffers:           47224 kB
Cached:           290960 kB
MemTotal:        1844596 kB
MemFree:         1317792 kB
MemAvailable:    1528468 kB
Buffers:           47224 kB
Cached:           290960 kB
MemTotal:        1844596 kB
MemFree:         1317660 kB
MemAvailable:    1528336 kB
Buffers:           47224 kB
Cached:           290960 kB
MemTotal:        1844596 kB
MemFree:         1317716 kB
MemAvailable:    1528392 kB
Buffers:           47224 kB
Cached:           290960 kB
MemTotal:        1844596 kB
MemFree:         1317752 kB
MemAvailable:    1528428 kB
Buffers:           47224 kB
Cached:           290960 kB
MemTotal:        1844596 kB
MemFree:         1317752 kB
MemAvailable:    1528428 kB
Buffers:           47224 kB
Cached:           290960 kB
MemTotal:        1844596 kB
MemFree:         1317264 kB
MemAvailable:    1527940 kB
Buffers:           47224 kB
Cached:           290960 kB
MemTotal:        1844596 kB
MemFree:         1317264 kB
MemAvailable:    1527940 kB
Buffers:           47224 kB
Cached:           290960 kB
MemTotal:        1844596 kB
MemFree:         1316952 kB
MemAvailable:    1527628 kB
Buffers:           47224 kB
Cached:           290960 kB
MemTotal:        1844596 kB
MemFree:         1316696 kB
MemAvailable:    1527372 kB
Buffers:           47224 kB
Cached:           290960 kB
MemTotal:        1844596 kB
MemFree:         1315428 kB
MemAvailable:    1526104 kB
Buffers:           47224 kB
Cached:           290960 kB
MemTotal:        1844596 kB
MemFree:         1314876 kB
MemAvailable:    1525552 kB
Buffers:           47224 kB
Cached:           290960 kB
MemTotal:        1844596 kB
MemFree:         1315888 kB
MemAvailable:    1526564 kB
Buffers:           47224 kB
Cached:           290960 kB
MemTotal:        1844596 kB
MemFree:         1316140 kB
MemAvailable:    1526816 kB
Buffers:           47224 kB
Cached:           290960 kB
MemTotal:        1844596 kB
MemFree:         1315180 kB
MemAvailable:    1525856 kB
Buffers:           47224 kB
Cached:           290960 kB
MemTotal:        1844596 kB
MemFree:         1314916 kB
MemAvailable:    1525592 kB
Buffers:           47224 kB
Cached:           290960 kB
MemTotal:        1844596 kB
MemFree:         1315252 kB
MemAvailable:    1525928 kB
Buffers:           47224 kB
Cached:           290960 kB
MemTotal:        1844596 kB
MemFree:         1313056 kB
MemAvailable:    1523732 kB
Buffers:           47224 kB
Cached:           290960 kB
MemTotal:        1844596 kB
MemFree:         1314240 kB
MemAvailable:    1524916 kB
Buffers:           47224 kB
Cached:           290960 kB
MemTotal:        1844596 kB
MemFree:         1314164 kB
MemAvailable:    1524840 kB
Buffers:           47224 kB
Cached:           290960 kB
MemTotal:        1844596 kB
MemFree:         1314312 kB
MemAvailable:    1524988 kB
Buffers:           47224 kB
Cached:           290960 kB
MemTotal:        1844596 kB
MemFree:         1314108 kB
MemAvailable:    1524784 kB
Buffers:           47224 kB
Cached:           290960 kB
MemTotal:        1844596 kB
MemFree:         1313916 kB
MemAvailable:    1524592 kB
Buffers:           47224 kB
Cached:           290960 kB
MemTotal:        1844596 kB
MemFree:         1313064 kB
MemAvailable:    1523740 kB
Buffers:           47224 kB
Cached:           290960 kB
MemTotal:        1844596 kB
MemFree:         1313856 kB
MemAvailable:    1524532 kB
Buffers:           47224 kB
Cached:           290960 kB
MemTotal:        1844596 kB
MemFree:         1312676 kB
MemAvailable:    1523352 kB
Buffers:           47224 kB
Cached:           290960 kB
MemTotal:        1844596 kB
MemFree:         1313764 kB
MemAvailable:    1524440 kB
Buffers:           47224 kB
Cached:           290960 kB
MemTotal:        1844596 kB
MemFree:         1312500 kB
MemAvailable:    1523176 kB
Buffers:           47224 kB
Cached:           290960 kB
MemTotal:        1844596 kB
MemFree:         1313808 kB
MemAvailable:    1524484 kB
Buffers:           47224 kB
Cached:           290960 kB
MemTotal:        1844596 kB
MemFree:         1312876 kB
MemAvailable:    1523552 kB
Buffers:           47224 kB
Cached:           290960 kB
MemTotal:        1844596 kB
MemFree:         1313672 kB
MemAvailable:    1524348 kB
Buffers:           47224 kB
Cached:           290960 kB
MemTotal:        1844596 kB
MemFree:         1313504 kB
MemAvailable:    1524180 kB
Buffers:           47224 kB
Cached:           290960 kB
MemTotal:        1844596 kB
MemFree:         1308832 kB
MemAvailable:    1519508 kB
Buffers:           47224 kB
Cached:           290960 kB
MemTotal:        1844596 kB
MemFree:         1308708 kB
MemAvailable:    1519384 kB
Buffers:           47224 kB
Cached:           290960 kB
MemTotal:        1844596 kB
MemFree:         1304824 kB
MemAvailable:    1515500 kB
Buffers:           47224 kB
Cached:           290960 kB
MemTotal:        1844596 kB
MemFree:         1304692 kB
MemAvailable:    1515368 kB
Buffers:           47224 kB
Cached:           290960 kB
MemTotal:        1844596 kB
MemFree:         1304692 kB
MemAvailable:    1515368 kB
Buffers:           47224 kB
Cached:           290960 kB
MemTotal:        1844596 kB
MemFree:         1304484 kB
MemAvailable:    1515160 kB
Buffers:           47224 kB
Cached:           290960 kB
MemTotal:        1844596 kB
MemFree:         1304568 kB
MemAvailable:    1515244 kB
Buffers:           47224 kB
Cached:           290960 kB
MemTotal:        1844596 kB
MemFree:         1304432 kB
MemAvailable:    1515108 kB
Buffers:           47224 kB
Cached:           290960 kB
MemTotal:        1844596 kB
MemFree:         1304684 kB
MemAvailable:    1515360 kB
Buffers:           47224 kB
Cached:           290960 kB
MemTotal:        1844596 kB
MemFree:         1306524 kB
MemAvailable:    1517200 kB
Buffers:           47224 kB
Cached:           290960 kB
MemTotal:        1844596 kB
MemFree:         1306328 kB
MemAvailable:    1517004 kB
Buffers:           47224 kB
Cached:           290960 kB
MemTotal:        1844596 kB
MemFree:         1306388 kB
MemAvailable:    1517148 kB
Buffers:           47224 kB
Cached:           291084 kB
MemTotal:        1844596 kB
MemFree:         1306132 kB
MemAvailable:    1517060 kB
Buffers:           47224 kB
Cached:           291208 kB
MemTotal:        1844596 kB
MemFree:         1304860 kB
MemAvailable:    1515788 kB
Buffers:           47224 kB
Cached:           291332 kB
MemTotal:        1844596 kB
MemFree:         1306168 kB
MemAvailable:    1517264 kB
Buffers:           47224 kB
Cached:           291456 kB
MemTotal:        1844596 kB
MemFree:         1305080 kB
MemAvailable:    1516176 kB
Buffers:           47224 kB
Cached:           291456 kB
MemTotal:        1844596 kB
MemFree:         1305892 kB
MemAvailable:    1517072 kB
Buffers:           47224 kB
Cached:           291580 kB
MemTotal:        1844596 kB
MemFree:         1305892 kB
MemAvailable:    1517072 kB
Buffers:           47224 kB
Cached:           291580 kB
MemTotal:        1844596 kB
MemFree:         1305760 kB
MemAvailable:    1516940 kB
Buffers:           47224 kB
Cached:           291580 kB
MemTotal:        1844596 kB
MemFree:         1305760 kB
MemAvailable:    1517024 kB
Buffers:           47224 kB
Cached:           291580 kB
MemTotal:        1844596 kB
MemFree:         1304640 kB
MemAvailable:    1515904 kB
Buffers:           47224 kB
Cached:           291580 kB
MemTotal:        1844596 kB
MemFree:         1305700 kB
MemAvailable:    1516964 kB
Buffers:           47224 kB
Cached:           291580 kB
MemTotal:        1844596 kB
MemFree:         1304516 kB
MemAvailable:    1515780 kB
Buffers:           47224 kB
Cached:           291580 kB
MemTotal:        1844596 kB
MemFree:         1304508 kB
MemAvailable:    1515772 kB
Buffers:           47224 kB
Cached:           291580 kB
MemTotal:        1844596 kB
MemFree:         1305732 kB
MemAvailable:    1516996 kB
Buffers:           47224 kB
Cached:           291580 kB
MemTotal:        1844596 kB
MemFree:         1305732 kB
MemAvailable:    1516996 kB
Buffers:           47224 kB
Cached:           291580 kB
MemTotal:        1844596 kB
MemFree:         1306272 kB
MemAvailable:    1516948 kB
Buffers:           47224 kB
Cached:           290948 kB
MemTotal:        1844596 kB
MemFree:         1374900 kB
MemAvailable:    1585576 kB
Buffers:           47224 kB
Cached:           290948 kB
