MemTotal:        1844596 kB
MemFree:         1427776 kB
MemAvailable:    1565208 kB
Buffers:           38624 kB
Cached:           232708 kB
MemTotal:        1844596 kB
MemFree:         1425148 kB
MemAvailable:    1562580 kB
Buffers:           38624 kB
Cached:           232708 kB
MemTotal:        1844596 kB
MemFree:         1424172 kB
MemAvailable:    1561604 kB
Buffers:           38624 kB
Cached:           232708 kB
MemTotal:        1844596 kB
MemFree:         1422816 kB
MemAvailable:    1560248 kB
Buffers:           38624 kB
Cached:           232708 kB
MemTotal:        1844596 kB
MemFree:         1422800 kB
MemAvailable:    1560232 kB
Buffers:           38624 kB
Cached:           232708 kB
MemTotal:        1844596 kB
MemFree:         1422796 kB
MemAvailable:    1560228 kB
Buffers:           38624 kB
Cached:           232708 kB
MemTotal:        1844596 kB
MemFree:         1421444 kB
MemAvailable:    1558876 kB
Buffers:           38624 kB
Cached:           232708 kB
MemTotal:        1844596 kB
MemFree:         1419940 kB
MemAvailable:    1557376 kB
Buffers:           38624 kB
Cached:           232712 kB
MemTotal:        1844596 kB
MemFree:         1419944 kB
MemAvailable:    1557380 kB
Buffers:           38624 kB
Cached:           232712 kB
MemTotal:        1844596 kB
MemFree:         1416120 kB
MemAvailable:    1553556 kB
Buffers:           38624 kB
Cached:           232712 kB
MemTotal:        1844596 kB
MemFree:         1411516 kB
MemAvailable:    1548952 kB
Buffers:           38624 kB
Cached:           232712 kB
MemTotal:        1844596 kB
MemFree:         1411160 kB
MemAvailable:    1548596 kB
Buffers:           38624 kB
Cached:           232712 kB
MemTotal:        1844596 kB
MemFree:         1411328 kB
MemAvailable:    1548764 kB
Buffers:           38624 kB
Cached:           232712 kB
MemTotal:        1844596 kB
MemFree:         1412628 kB
MemAvailable:    1550064 kB
Buffers:           38624 kB
Cached:           232712 kB
MemTotal:        1844596 kB
MemFree:         1411612 kB
MemAvailable:    1549048 kB
Buffers:           38624 kB
Cached:           232712 kB
MemTotal:        1844596 kB
MemFree:         1411484 kB
MemAvailable:    1548920 kB
Buffers:           38624 kB
Cached:           232712 kB
MemTotal:        1844596 kB
MemFree:         1411772 kB
MemAvailable:    1549208 kB
Buffers:           38624 kB
Cached:           232712 kB
MemTotal:        1844596 kB
MemFree:         1412328 kB
MemAvailable:    1549764 kB
Buffers:           38624 kB
Cached:           232712 kB
MemTotal:        1844596 kB
MemFree:         1412584 kB
MemAvailable:    1550020 kB
Buffers:           38624 kB
Cached:           232712 kB
MemTotal:        1844596 kB
MemFree:         1410532 kB
MemAvailable:    1547968 kB
Buffers:           38624 kB
Cached:           232712 kB
MemTotal:        1844596 kB
MemFree:         1410724 kB
MemAvailable:    1548160 kB
Buffers:           38624 kB
Cached:           232712 kB
MemTotal:        1844596 kB
MemFree:         1409672 kB
MemAvailable:    1547108 kB
Buffers:           38624 kB
Cached:           232712 kB
MemTotal:        1844596 kB
MemFree:         1410148 kB
MemAvailable:    1547584 kB
Buffers:           38624 kB
Cached:           232712 kB
MemTotal:        1844596 kB
MemFree:         1410232 kB
MemAvailable:    1547668 kB
Buffers:           38624 kB
Cached:           232712 kB
MemTotal:        1844596 kB
MemFree:         1410180 kB
MemAvailable:    1547616 kB
Buffers:           38624 kB
Cached:           232712 kB
MemTotal:        1844596 kB
MemFree:         1409040 kB
MemAvailable:    1546476 kB
Buffers:           38624 kB
Cached:           232712 kB
MemTotal:        1844596 kB
MemFree:         1409032 kB
MemAvailable:    1546468 kB
Buffers:           38624 kB
Cached:           232712 kB
MemTotal:        1844596 kB
MemFree:         1410240 kB
MemAvailable:    1547676 kB
Buffers:           38624 kB
Cached:           232712 kB
MemTotal:        1844596 kB
MemFree:         1410276 kB
MemAvailable:    1547712 kB
Buffers:           38624 kB
Cached:           232712 kB
MemTotal:        1844596 kB
MemFree:         1409416 kB
MemAvailable:    1546852 kB
Buffers:           38624 kB
Cached:           232712 kB
MemTotal:        1844596 kB
MemFree:         1410600 kB
MemAvailable:    1548040 kB
Buffers:           38624 kB
Cached:           232716 kB
MemTotal:        1844596 kB
MemFree:         1409424 kB
MemAvailable:    1546864 kB
Buffers:           38624 kB
Cached:           232716 kB
MemTotal:        1844596 kB
MemFree:         1411392 kB
MemAvailable:    1548832 kB
Buffers:           38624 kB
Cached:           232716 kB
MemTotal:        1844596 kB
MemFree:         1411476 kB
MemAvailable:    1548916 kB
Buffers:           38624 kB
Cached:           232716 kB
MemTotal:        1844596 kB
MemFree:         1410724 kB
MemAvailable:    1548164 kB
Buffers:           38624 kB
Cached:           232716 kB
MemTotal:        1844596 kB
MemFree:         1408044 kB
MemAvailable:    1545484 kB
Buffers:           38624 kB
Cached:           232716 kB
MemTotal:        1844596 kB
MemFree:         1407936 kB
MemAvailable:    1545376 kB
Buffers:           38624 kB
Cached:           232716 kB
MemTotal:        1844596 kB
MemFree:         1407672 kB
MemAvailable:    1545112 kB
Buffers:           38624 kB
Cached:           232716 kB
MemTotal:        1844596 kB
MemFree:         1406424 kB
MemAvailable:    1543864 kB
Buffers:           38624 kB
Cached:           232716 kB
MemTotal:        1844596 kB
MemFree:         1407296 kB
MemAvailable:    1544736 kB
Buffers:           38624 kB
Cached:           232716 kB
MemTotal:        1844596 kB
MemFree:         1406300 kB
MemAvailable:    1543740 kB
Buffers:           38624 kB
Cached:           232716 kB
MemTotal:        1844596 kB
MemFree:         1406192 kB
MemAvailable:    1543632 kB
Buffers:           38624 kB
Cached:           232716 kB
MemTotal:        1844596 kB
MemFree:         1404804 kB
MemAvailable:    1542244 kB
Buffers:           38624 kB
Cached:           232716 kB
MemTotal:        1844596 kB
MemFree:         1405332 kB
MemAvailable:    1542772 kB
Buffers:           38624 kB
Cached:           232716 kB
MemTotal:        1844596 kB
MemFree:         1405872 kB
MemAvailable:    1543312 kB
Buffers:           38624 kB
Cached:           232716 kB
MemTotal:        1844596 kB
MemFree:         1406124 kB
MemAvailable:    1543564 kB
Buffers:           38624 kB
Cached:           232716 kB
MemTotal:        1844596 kB
MemFree:         1404640 kB
MemAvailable:    1542080 kB
Buffers:           38624 kB
Cached:           232716 kB
MemTotal:        1844596 kB
MemFree:         1405916 kB
MemAvailable:    1543356 kB
Buffers:           38624 kB
Cached:           232716 kB
MemTotal:        1844596 kB
MemFree:         1405916 kB
MemAvailable:    1543356 kB
Buffers:           38624 kB
Cached:           232716 kB
MemTotal:        1844596 kB
MemFree:         1405980 kB
MemAvailable:    1543420 kB
Buffers:           38624 kB
Cached:           232716 kB
MemTotal:        1844596 kB
MemFree:         1405928 kB
MemAvailable:    1543368 kB
Buffers:           38624 kB
Cached:           232716 kB
MemTotal:        1844596 kB
MemFree:         1404456 kB
MemAvailable:    1541896 kB
Buffers:           38624 kB
Cached:           232716 kB
MemTotal:        1844596 kB
MemFree:         1405136 kB
MemAvailable:    1542576 kB
Buffers:           38624 kB
Cached:           232716 kB
MemTotal:        1844596 kB
MemFree:         1405064 kB
MemAvailable:    1542504 kB
Buffers:           38624 kB
Cached:           232716 kB
MemTotal:        1844596 kB
MemFree:         1403844 kB
MemAvailable:    1541284 kB
Buffers:           38624 kB
Cached:           232716 kB
MemTotal:        1844596 kB
MemFree:         1403960 kB
MemAvailable:    1541400 kB
Buffers:           38624 kB
Cached:           232716 kB
MemTotal:        1844596 kB
MemFree:         1403836 kB
MemAvailable:    1541276 kB
Buffers:           38624 kB
Cached:           232716 kB
MemTotal:        1844596 kB
MemFree:         1405036 kB
MemAvailable:    1542476 kB
Buffers:           38624 kB
Cached:           232716 kB
MemTotal:        1844596 kB
MemFree:         1403968 kB
MemAvailable:    1541408 kB
Buffers:           38624 kB
Cached:           232716 kB
MemTotal:        1844596 kB
MemFree:         1405024 kB
MemAvailable:    1542464 kB
Buffers:           38624 kB
Cached:           232716 kB
MemTotal:        1844596 kB
MemFree:         1405116 kB
MemAvailable:    1542556 kB
Buffers:           38624 kB
Cached:           232716 kB
MemTotal:        1844596 kB
MemFree:         1404828 kB
MemAvailable:    1542268 kB
Buffers:           38624 kB
Cached:           232716 kB
MemTotal:        1844596 kB
MemFree:         1404896 kB
MemAvailable:    1542336 kB
Buffers:           38624 kB
Cached:           232716 kB
MemTotal:        1844596 kB
MemFree:         1405148 kB
MemAvailable:    1542588 kB
Buffers:           38624 kB
Cached:           232716 kB
MemTotal:        1844596 kB
MemFree:         1404956 kB
MemAvailable:    1542396 kB
Buffers:           38624 kB
Cached:           232716 kB
MemTotal:        1844596 kB
MemFree:         1404956 kB
MemAvailable:    1542396 kB
Buffers:           38624 kB
Cached:           232716 kB
MemTotal:        1844596 kB
MemFree:         1404696 kB
MemAvailable:    1542136 kB
Buffers:           38624 kB
Cached:           232716 kB
MemTotal:        1844596 kB
MemFree:         1404412 kB
MemAvailable:    1541852 kB
Buffers:           38624 kB
Cached:           232716 kB
MemTotal:        1844596 kB
MemFree:         1404580 kB
MemAvailable:    1542020 kB
Buffers:           38624 kB
Cached:           232716 kB
MemTotal:        1844596 kB
MemFree:         1404344 kB
MemAvailable:    1541784 kB
Buffers:           38624 kB
Cached:           232716 kB
MemTotal:        1844596 kB
MemFree:         1403472 kB
MemAvailable:    1540912 kB
Buffers:           38624 kB
Cached:           232716 kB
MemTotal:        1844596 kB
MemFree:         1404088 kB
MemAvailable:    1541528 kB
Buffers:           38624 kB
Cached:           232716 kB
MemTotal:        1844596 kB
MemFree:         1404088 kB
MemAvailable:    1541528 kB
Buffers:           38624 kB
Cached:           232716 kB
MemTotal:        1844596 kB
MemFree:         1404120 kB
MemAvailable:    1541560 kB
Buffers:           38624 kB
Cached:           232716 kB
MemTotal:        1844596 kB
MemFree:         1403348 kB
MemAvailable:    1540788 kB
Buffers:           38624 kB
Cached:           232716 kB
MemTotal:        1844596 kB
MemFree:         1404072 kB
MemAvailable:    1541512 kB
Buffers:           38624 kB
Cached:           232716 kB
MemTotal:        1844596 kB
MemFree:         1404328 kB
MemAvailable:    1541768 kB
Buffers:           38624 kB
Cached:           232716 kB
MemTotal:        1844596 kB
MemFree:         1404092 kB
MemAvailable:    1541532 kB
Buffers:           38624 kB
Cached:           232716 kB
MemTotal:        1844596 kB
MemFree:         1404396 kB
MemAvailable:    1541836 kB
Buffers:           38624 kB
Cached:           232716 kB
MemTotal:        1844596 kB
MemFree:         1403720 kB
MemAvailable:    1541160 kB
Buffers:           38624 kB
Cached:           232716 kB
MemTotal:        1844596 kB
MemFree:         1403896 kB
MemAvailable:    1541336 kB
Buffers:           38624 kB
Cached:           232716 kB
MemTotal:        1844596 kB
MemFree:         1404148 kB
MemAvailable:    1541588 kB
Buffers:           38624 kB
Cached:           232716 kB
MemTotal:        1844596 kB
MemFree:         1401860 kB
MemAvailable:    1539300 kB
Buffers:           38624 kB
Cached:           232716 kB
MemTotal:        1844596 kB
MemFree:         1399876 kB
MemAvailable:    1537316 kB
Buffers:           38624 kB
Cached:           232716 kB
MemTotal:        1844596 kB
MemFree:         1397520 kB
MemAvailable:    1534960 kB
Buffers:           38624 kB
Cached:           232716 kB
MemTotal:        1844596 kB
MemFree:         1397220 kB
MemAvailable:    1534660 kB
Buffers:           38624 kB
Cached:           232716 kB
MemTotal:        1844596 kB
MemFree:         1396520 kB
MemAvailable:    1533960 kB
Buffers:           38624 kB
Cached:           232716 kB
MemTotal:        1844596 kB
MemFree:         1396520 kB
MemAvailable:    1533960 kB
Buffers:           38624 kB
Cached:           232716 kB
MemTotal:        1844596 kB
MemFree:         1396132 kB
MemAvailable:    1533572 kB
Buffers:           38624 kB
Cached:           232716 kB
MemTotal:        1844596 kB
MemFree:         1396216 kB
MemAvailable:    1533656 kB
Buffers:           38624 kB
Cached:           232716 kB
MemTotal:        1844596 kB
MemFree:         1396136 kB
MemAvailable:    1533576 kB
Buffers:           38624 kB
Cached:           232716 kB
MemTotal:        1844596 kB
MemFree:         1395652 kB
MemAvailable:    1533092 kB
Buffers:           38624 kB
Cached:           232716 kB
MemTotal:        1844596 kB
MemFree:         1396528 kB
MemAvailable:    1533972 kB
Buffers:           38624 kB
Cached:           232720 kB
MemTotal:        1844596 kB
MemFree:         1396248 kB
MemAvailable:    1533692 kB
Buffers:           38624 kB
Cached:           232720 kB
MemTotal:        1844596 kB
MemFree:         1396248 kB
MemAvailable:    1533692 kB
Buffers:           38624 kB
Cached:           232720 kB
MemTotal:        1844596 kB
MemFree:         1395996 kB
MemAvailable:    1533440 kB
Buffers:           38624 kB
Cached:           232720 kB
MemTotal:        1844596 kB
MemFree:         1395996 kB
MemAvailable:    1533440 kB
Buffers:           38624 kB
Cached:           232720 kB
MemTotal:        1844596 kB
MemFree:         1396168 kB
MemAvailable:    1533612 kB
Buffers:           38624 kB
Cached:           232720 kB
MemTotal:        1844596 kB
MemFree:         1395536 kB
MemAvailable:    1532980 kB
Buffers:           38624 kB
Cached:           232720 kB
MemTotal:        1844596 kB
MemFree:         1396396 kB
MemAvailable:    1533840 kB
Buffers:           38624 kB
Cached:           232720 kB
MemTotal:        1844596 kB
MemFree:         1395660 kB
MemAvailable:    1533104 kB
Buffers:           38624 kB
Cached:           232720 kB
MemTotal:        1844596 kB
MemFree:         1395956 kB
MemAvailable:    1533400 kB
Buffers:           38624 kB
Cached:           232720 kB
MemTotal:        1844596 kB
MemFree:         1396164 kB
MemAvailable:    1533608 kB
Buffers:           38624 kB
Cached:           232720 kB
MemTotal:        1844596 kB
MemFree:         1396052 kB
MemAvailable:    1533496 kB
Buffers:           38624 kB
Cached:           232720 kB
MemTotal:        1844596 kB
MemFree:         1394784 kB
MemAvailable:    1532228 kB
Buffers:           38624 kB
Cached:           232720 kB
MemTotal:        1844596 kB
MemFree:         1395376 kB
MemAvailable:    1532820 kB
Buffers:           38624 kB
Cached:           232720 kB
MemTotal:        1844596 kB
MemFree:         1395576 kB
MemAvailable:    1533020 kB
Buffers:           38624 kB
Cached:           232720 kB
MemTotal:        1844596 kB
MemFree:         1394768 kB
MemAvailable:    1532212 kB
Buffers:           38624 kB
Cached:           232720 kB
MemTotal:        1844596 kB
MemFree:         1394768 kB
MemAvailable:    1532212 kB
Buffers:           38624 kB
Cached:           232720 kB
MemTotal:        1844596 kB
MemFree:         1394480 kB
MemAvailable:    1531924 kB
Buffers:           38624 kB
Cached:           232720 kB
MemTotal:        1844596 kB
MemFree:         1393428 kB
MemAvailable:    1530872 kB
Buffers:           38624 kB
Cached:           232720 kB
MemTotal:        1844596 kB
MemFree:         1393660 kB
MemAvailable:    1531104 kB
Buffers:           38624 kB
Cached:           232720 kB
MemTotal:        1844596 kB
MemFree:         1394300 kB
MemAvailable:    1531744 kB
Buffers:           38624 kB
Cached:           232720 kB
MemTotal:        1844596 kB
MemFree:         1393280 kB
MemAvailable:    1530724 kB
Buffers:           38624 kB
Cached:           232720 kB
MemTotal:        1844596 kB
MemFree:         1393280 kB
MemAvailable:    1530724 kB
Buffers:           38624 kB
Cached:           232720 kB
MemTotal:        1844596 kB
MemFree:         1392800 kB
MemAvailable:    1530244 kB
Buffers:           38624 kB
Cached:           232720 kB
MemTotal:        1844596 kB
MemFree:         1393056 kB
MemAvailable:    1530500 kB
Buffers:           38624 kB
Cached:           232720 kB
MemTotal:        1844596 kB
MemFree:         1391676 kB
MemAvailable:    1529120 kB
Buffers:           38624 kB
Cached:           232720 kB
MemTotal:        1844596 kB
MemFree:         1392748 kB
MemAvailable:    1530192 kB
Buffers:           38624 kB
Cached:           232720 kB
MemTotal:        1844596 kB
MemFree:         1391048 kB
MemAvailable:    1528492 kB
Buffers:           38624 kB
Cached:           232720 kB
MemTotal:        1844596 kB
MemFree:         1392288 kB
MemAvailable:    1529732 kB
Buffers:           38624 kB
Cached:           232720 kB
MemTotal:        1844596 kB
MemFree:         1392188 kB
MemAvailable:    1529632 kB
Buffers:           38624 kB
Cached:           232720 kB
MemTotal:        1844596 kB
MemFree:         1391992 kB
MemAvailable:    1529440 kB
Buffers:           38624 kB
Cached:           232724 kB
MemTotal:        1844596 kB
MemFree:         1392328 kB
MemAvailable:    1529776 kB
Buffers:           38624 kB
Cached:           232724 kB
MemTotal:        1844596 kB
MemFree:         1391168 kB
MemAvailable:    1528616 kB
Buffers:           38624 kB
Cached:           232724 kB
MemTotal:        1844596 kB
MemFree:         1392416 kB
MemAvailable:    1529868 kB
Buffers:           38624 kB
Cached:           232728 kB
MemTotal:        1844596 kB
MemFree:         1391196 kB
MemAvailable:    1528648 kB
Buffers:           38624 kB
Cached:           232728 kB
MemTotal:        1844596 kB
MemFree:         1391816 kB
MemAvailable:    1529268 kB
Buffers:           38624 kB
Cached:           232728 kB
MemTotal:        1844596 kB
MemFree:         1390824 kB
MemAvailable:    1528276 kB
Buffers:           38624 kB
Cached:           232728 kB
MemTotal:        1844596 kB
MemFree:         1391532 kB
MemAvailable:    1528984 kB
Buffers:           38624 kB
Cached:           232728 kB
MemTotal:        1844596 kB
MemFree:         1391616 kB
MemAvailable:    1529068 kB
Buffers:           38624 kB
Cached:           232728 kB
MemTotal:        1844596 kB
MemFree:         1385716 kB
MemAvailable:    1523168 kB
Buffers:           38624 kB
Cached:           232728 kB
MemTotal:        1844596 kB
MemFree:         1385716 kB
MemAvailable:    1523168 kB
Buffers:           38624 kB
Cached:           232728 kB
MemTotal:        1844596 kB
MemFree:         1385080 kB
MemAvailable:    1522700 kB
Buffers:           38624 kB
Cached:           232852 kB
MemTotal:        1844596 kB
MemFree:         1385332 kB
MemAvailable:    1522952 kB
Buffers:           38624 kB
Cached:           232852 kB
MemTotal:        1844596 kB
MemFree:         1385268 kB
MemAvailable:    1523056 kB
Buffers:           38624 kB
Cached:           233100 kB
MemTotal:        1844596 kB
MemFree:         1385060 kB
MemAvailable:    1522932 kB
Buffers:           38624 kB
Cached:           233100 kB
MemTotal:        1844596 kB
MemFree:         1384076 kB
MemAvailable:    1521948 kB
Buffers:           38624 kB
Cached:           233224 kB
MemTotal:        1844596 kB
MemFree:         1384768 kB
MemAvailable:    1522808 kB
Buffers:           38624 kB
Cached:           233348 kB
MemTotal:        1844596 kB
MemFree:         1383748 kB
MemAvailable:    1521788 kB
Buffers:           38624 kB
Cached:           233348 kB
MemTotal:        1844596 kB
MemFree:         1384604 kB
MemAvailable:    1522644 kB
Buffers:           38624 kB
Cached:           233348 kB
MemTotal:        1844596 kB
MemFree:         1384556 kB
MemAvailable:    1522596 kB
Buffers:           38624 kB
Cached:           233348 kB
MemTotal:        1844596 kB
MemFree:         1384732 kB
MemAvailable:    1522772 kB
Buffers:           38624 kB
Cached:           233348 kB
MemTotal:        1844596 kB
MemFree:         1384648 kB
MemAvailable:    1522688 kB
Buffers:           38624 kB
Cached:           233348 kB
MemTotal:        1844596 kB
MemFree:         1384252 kB
MemAvailable:    1522292 kB
Buffers:           38624 kB
Cached:           233348 kB
MemTotal:        1844596 kB
MemFree:         1384556 kB
MemAvailable:    1522596 kB
Buffers:           38624 kB
Cached:           233348 kB
MemTotal:        1844596 kB
MemFree:         1384696 kB
MemAvailable:    1522736 kB
Buffers:           38624 kB
Cached:           233348 kB
MemTotal:        1844596 kB
MemFree:         1383104 kB
MemAvailable:    1521144 kB
Buffers:           38624 kB
Cached:           233348 kB
MemTotal:        1844596 kB
MemFree:         1384600 kB
MemAvailable:    1522052 kB
Buffers:           38624 kB
Cached:           232716 kB
MemTotal:        1844596 kB
MemFree:         1383952 kB
MemAvailable:    1521404 kB
Buffers:           38624 kB
Cached:           232716 kB
MemTotal:        1844596 kB
MemFree:         1451928 kB
MemAvailable:    1589380 kB
Buffers:           38624 kB
Cached:           232716 kB
