MemTotal:        1844596 kB
MemFree:         1572540 kB
MemAvailable:    1580640 kB
Buffers:           21700 kB
Cached:           118480 kB
MemTotal:        1844596 kB
MemFree:         1571240 kB
MemAvailable:    1579340 kB
Buffers:           21700 kB
Cached:           118480 kB
MemTotal:        1844596 kB
MemFree:         1570232 kB
MemAvailable:    1578332 kB
Buffers:           21700 kB
Cached:           118480 kB
MemTotal:        1844596 kB
MemFree:         1570232 kB
MemAvailable:    1578332 kB
Buffers:           21700 kB
Cached:           118480 kB
MemTotal:        1844596 kB
MemFree:         1569200 kB
MemAvailable:    1577300 kB
Buffers:           21700 kB
Cached:           118480 kB
MemTotal:        1844596 kB
MemFree:         1569068 kB
MemAvailable:    1577168 kB
Buffers:           21700 kB
Cached:           118480 kB
MemTotal:        1844596 kB
MemFree:         1566784 kB
MemAvailable:    1574884 kB
Buffers:           21700 kB
Cached:           118480 kB
MemTotal:        1844596 kB
MemFree:         1563660 kB
MemAvailable:    1571760 kB
Buffers:           21700 kB
Cached:           118480 kB
MemTotal:        1844596 kB
MemFree:         1563312 kB
MemAvailable:    1571412 kB
Buffers:           21700 kB
Cached:           118480 kB
MemTotal:        1844596 kB
MemFree:         1560088 kB
MemAvailable:    1568188 kB
Buffers:           21700 kB
Cached:           118480 kB
MemTotal:        1844596 kB
MemFree:         1559080 kB
MemAvailable:    1567180 kB
Buffers:           21700 kB
Cached:           118480 kB
MemTotal:        1844596 kB
MemFree:         1559080 kB
MemAvailable:    1567180 kB
Buffers:           21700 kB
Cached:           118480 kB
MemTotal:        1844596 kB
MemFree:         1557792 kB
MemAvailable:    1565892 kB
Buffers:           21700 kB
Cached:           118480 kB
MemTotal:        1844596 kB
MemFree:         1557668 kB
MemAvailable:    1565768 kB
Buffers:           21700 kB
Cached:           118480 kB
MemTotal:        1844596 kB
MemFree:         1559060 kB
MemAvailable:    1567160 kB
Buffers:           21700 kB
Cached:           118480 kB
MemTotal:        1844596 kB
MemFree:         1559144 kB
MemAvailable:    1567244 kB
Buffers:           21700 kB
Cached:           118480 kB
MemTotal:        1844596 kB
MemFree:         1558892 kB
MemAvailable:    1566992 kB
Buffers:           21700 kB
Cached:           118480 kB
MemTotal:        1844596 kB
MemFree:         1557236 kB
MemAvailable:    1565336 kB
Buffers:           21700 kB
Cached:           118480 kB
MemTotal:        1844596 kB
MemFree:         1556244 kB
MemAvailable:    1564344 kB
Buffers:           21700 kB
Cached:           118480 kB
MemTotal:        1844596 kB
MemFree:         1556980 kB
MemAvailable:    1565080 kB
Buffers:           21700 kB
Cached:           118480 kB
MemTotal:        1844596 kB
MemFree:         1556552 kB
MemAvailable:    1564652 kB
Buffers:           21700 kB
Cached:           118480 kB
MemTotal:        1844596 kB
MemFree:         1556552 kB
MemAvailable:    1564652 kB
Buffers:           21700 kB
Cached:           118480 kB
MemTotal:        1844596 kB
MemFree:         1556596 kB
MemAvailable:    1564696 kB
Buffers:           21700 kB
Cached:           118480 kB
MemTotal:        1844596 kB
MemFree:         1555432 kB
MemAvailable:    1563532 kB
Buffers:           21700 kB
Cached:           118480 kB
MemTotal:        1844596 kB
MemFree:         1556408 kB
MemAvailable:    1564508 kB
Buffers:           21700 kB
Cached:           118480 kB
MemTotal:        1844596 kB
MemFree:         1556576 kB
MemAvailable:    1564676 kB
Buffers:           21700 kB
Cached:           118480 kB
MemTotal:        1844596 kB
MemFree:         1555228 kB
MemAvailable:    1563328 kB
Buffers:           21700 kB
Cached:           118480 kB
MemTotal:        1844596 kB
MemFree:         1557712 kB
MemAvailable:    1565812 kB
Buffers:           21700 kB
Cached:           118480 kB
MemTotal:        1844596 kB
MemFree:         1556616 kB
MemAvailable:    1564716 kB
Buffers:           21700 kB
Cached:           118480 kB
MemTotal:        1844596 kB
MemFree:         1556856 kB
MemAvailable:    1564960 kB
Buffers:           21700 kB
Cached:           118484 kB
MemTotal:        1844596 kB
MemFree:         1555368 kB
MemAvailable:    1563472 kB
Buffers:           21700 kB
Cached:           118484 kB
MemTotal:        1844596 kB
MemFree:         1554756 kB
MemAvailable:    1562860 kB
Buffers:           21700 kB
Cached:           118484 kB
MemTotal:        1844596 kB
MemFree:         1553392 kB
MemAvailable:    1561496 kB
Buffers:           21700 kB
Cached:           118484 kB
MemTotal:        1844596 kB
MemFree:         1553748 kB
MemAvailable:    1561852 kB
Buffers:           21700 kB
Cached:           118484 kB
MemTotal:        1844596 kB
MemFree:         1554000 kB
MemAvailable:    1562104 kB
Buffers:           21700 kB
Cached:           118484 kB
MemTotal:        1844596 kB
MemFree:         1552392 kB
MemAvailable:    1560496 kB
Buffers:           21700 kB
Cached:           118484 kB
MemTotal:        1844596 kB
MemFree:         1552500 kB
MemAvailable:    1560604 kB
Buffers:           21700 kB
Cached:           118484 kB
MemTotal:        1844596 kB
MemFree:         1552500 kB
MemAvailable:    1560604 kB
Buffers:           21700 kB
Cached:           118484 kB
MemTotal:        1844596 kB
MemFree:         1552512 kB
MemAvailable:    1560616 kB
Buffers:           21700 kB
Cached:           118484 kB
MemTotal:        1844596 kB
MemFree:         1551348 kB
MemAvailable:    1559452 kB
Buffers:           21700 kB
Cached:           118484 kB
MemTotal:        1844596 kB
MemFree:         1552428 kB
MemAvailable:    1560532 kB
Buffers:           21700 kB
Cached:           118484 kB
MemTotal:        1844596 kB
MemFree:         1551080 kB
MemAvailable:    1559184 kB
Buffers:           21700 kB
Cached:           118484 kB
MemTotal:        1844596 kB
MemFree:         1551648 kB
MemAvailable:    1559752 kB
Buffers:           21700 kB
Cached:           118484 kB
MemTotal:        1844596 kB
MemFree:         1552260 kB
MemAvailable:    1560368 kB
Buffers:           21700 kB
Cached:           118488 kB
MemTotal:        1844596 kB
MemFree:         1552596 kB
MemAvailable:    1560704 kB
Buffers:           21700 kB
Cached:           118488 kB
MemTotal:        1844596 kB
MemFree:         1551764 kB
MemAvailable:    1559872 kB
Buffers:           21700 kB
Cached:           118488 kB
MemTotal:        1844596 kB
MemFree:         1551764 kB
MemAvailable:    1559872 kB
Buffers:           21700 kB
Cached:           118488 kB
MemTotal:        1844596 kB
MemFree:         1551380 kB
MemAvailable:    1559488 kB
Buffers:           21700 kB
Cached:           118488 kB
MemTotal:        1844596 kB
MemFree:         1551496 kB
MemAvailable:    1559604 kB
Buffers:           21712 kB
Cached:           118476 kB
MemTotal:        1844596 kB
MemFree:         1550292 kB
MemAvailable:    1558400 kB
Buffers:           21712 kB
Cached:           118476 kB
MemTotal:        1844596 kB
MemFree:         1550160 kB
MemAvailable:    1558268 kB
Buffers:           21712 kB
Cached:           118476 kB
MemTotal:        1844596 kB
MemFree:         1551532 kB
MemAvailable:    1559640 kB
Buffers:           21712 kB
Cached:           118476 kB
MemTotal:        1844596 kB
MemFree:         1551484 kB
MemAvailable:    1559592 kB
Buffers:           21712 kB
Cached:           118476 kB
MemTotal:        1844596 kB
MemFree:         1551256 kB
MemAvailable:    1559364 kB
Buffers:           21712 kB
Cached:           118476 kB
MemTotal:        1844596 kB
MemFree:         1551592 kB
MemAvailable:    1559700 kB
Buffers:           21712 kB
Cached:           118476 kB
MemTotal:        1844596 kB
MemFree:         1550140 kB
MemAvailable:    1558248 kB
Buffers:           21712 kB
Cached:           118476 kB
MemTotal:        1844596 kB
MemFree:         1551392 kB
MemAvailable:    1559500 kB
Buffers:           21712 kB
Cached:           118476 kB
MemTotal:        1844596 kB
MemFree:         1551408 kB
MemAvailable:    1559516 kB
Buffers:           21712 kB
Cached:           118476 kB
MemTotal:        1844596 kB
MemFree:         1551128 kB
MemAvailable:    1559236 kB
Buffers:           21712 kB
Cached:           118476 kB
MemTotal:        1844596 kB
MemFree:         1551128 kB
MemAvailable:    1559236 kB
Buffers:           21712 kB
Cached:           118476 kB
MemTotal:        1844596 kB
MemFree:         1549596 kB
MemAvailable:    1557704 kB
Buffers:           21712 kB
Cached:           118476 kB
MemTotal:        1844596 kB
MemFree:         1549836 kB
MemAvailable:    1557944 kB
Buffers:           21712 kB
Cached:           118476 kB
MemTotal:        1844596 kB
MemFree:         1549712 kB
MemAvailable:    1557820 kB
Buffers:           21712 kB
Cached:           118476 kB
MemTotal:        1844596 kB
MemFree:         1549712 kB
MemAvailable:    1557820 kB
Buffers:           21712 kB
Cached:           118476 kB
MemTotal:        1844596 kB
MemFree:         1549588 kB
MemAvailable:    1557696 kB
Buffers:           21712 kB
Cached:           118476 kB
MemTotal:        1844596 kB
MemFree:         1550888 kB
MemAvailable:    1558996 kB
Buffers:           21712 kB
Cached:           118476 kB
MemTotal:        1844596 kB
MemFree:         1549548 kB
MemAvailable:    1557656 kB
Buffers:           21712 kB
Cached:           118476 kB
MemTotal:        1844596 kB
MemFree:         1549540 kB
MemAvailable:    1557648 kB
Buffers:           21712 kB
Cached:           118476 kB
MemTotal:        1844596 kB
MemFree:         1550772 kB
MemAvailable:    1558880 kB
Buffers:           21712 kB
Cached:           118476 kB
MemTotal:        1844596 kB
MemFree:         1550580 kB
MemAvailable:    1558688 kB
Buffers:           21712 kB
Cached:           118476 kB
MemTotal:        1844596 kB
MemFree:         1550408 kB
MemAvailable:    1558516 kB
Buffers:           21712 kB
Cached:           118476 kB
MemTotal:        1844596 kB
MemFree:         1549268 kB
MemAvailable:    1557376 kB
Buffers:           21712 kB
Cached:           118476 kB
MemTotal:        1844596 kB
MemFree:         1549796 kB
MemAvailable:    1557904 kB
Buffers:           21712 kB
Cached:           118476 kB
MemTotal:        1844596 kB
MemFree:         1547424 kB
MemAvailable:    1555532 kB
Buffers:           21712 kB
Cached:           118476 kB
MemTotal:        1844596 kB
MemFree:         1546640 kB
MemAvailable:    1554748 kB
Buffers:           21712 kB
Cached:           118476 kB
MemTotal:        1844596 kB
MemFree:         1543324 kB
MemAvailable:    1551448 kB
Buffers:           21712 kB
Cached:           118492 kB
MemTotal:        1844596 kB
MemFree:         1543324 kB
MemAvailable:    1551448 kB
Buffers:           21712 kB
Cached:           118492 kB
MemTotal:        1844596 kB
MemFree:         1543020 kB
MemAvailable:    1551144 kB
Buffers:           21712 kB
Cached:           118492 kB
MemTotal:        1844596 kB
MemFree:         1541612 kB
MemAvailable:    1549736 kB
Buffers:           21712 kB
Cached:           118492 kB
MemTotal:        1844596 kB
MemFree:         1542588 kB
MemAvailable:    1550712 kB
Buffers:           21712 kB
Cached:           118492 kB
MemTotal:        1844596 kB
MemFree:         1542672 kB
MemAvailable:    1550796 kB
Buffers:           21712 kB
Cached:           118492 kB
MemTotal:        1844596 kB
MemFree:         1542652 kB
MemAvailable:    1550776 kB
Buffers:           21712 kB
Cached:           118492 kB
MemTotal:        1844596 kB
MemFree:         1542604 kB
MemAvailable:    1550728 kB
Buffers:           21712 kB
Cached:           118492 kB
MemTotal:        1844596 kB
MemFree:         1542392 kB
MemAvailable:    1550516 kB
Buffers:           21712 kB
Cached:           118492 kB
MemTotal:        1844596 kB
MemFree:         1542644 kB
MemAvailable:    1550768 kB
Buffers:           21712 kB
Cached:           118492 kB
MemTotal:        1844596 kB
MemFree:         1542644 kB
MemAvailable:    1550768 kB
Buffers:           21712 kB
Cached:           118492 kB
MemTotal:        1844596 kB
MemFree:         1541336 kB
MemAvailable:    1549460 kB
Buffers:           21712 kB
Cached:           118492 kB
MemTotal:        1844596 kB
MemFree:         1542576 kB
MemAvailable:    1550700 kB
Buffers:           21712 kB
Cached:           118492 kB
MemTotal:        1844596 kB
MemFree:         1541212 kB
MemAvailable:    1549336 kB
Buffers:           21712 kB
Cached:           118492 kB
MemTotal:        1844596 kB
MemFree:         1542396 kB
MemAvailable:    1550520 kB
Buffers:           21712 kB
Cached:           118492 kB
MemTotal:        1844596 kB
MemFree:         1542396 kB
MemAvailable:    1550520 kB
Buffers:           21712 kB
Cached:           118492 kB
MemTotal:        1844596 kB
MemFree:         1542452 kB
MemAvailable:    1550576 kB
Buffers:           21712 kB
Cached:           118492 kB
MemTotal:        1844596 kB
MemFree:         1542604 kB
MemAvailable:    1550728 kB
Buffers:           21712 kB
Cached:           118492 kB
MemTotal:        1844596 kB
MemFree:         1540860 kB
MemAvailable:    1548984 kB
Buffers:           21712 kB
Cached:           118492 kB
MemTotal:        1844596 kB
MemFree:         1540992 kB
MemAvailable:    1549116 kB
Buffers:           21712 kB
Cached:           118492 kB
MemTotal:        1844596 kB
MemFree:         1541792 kB
MemAvailable:    1549916 kB
Buffers:           21712 kB
Cached:           118492 kB
MemTotal:        1844596 kB
MemFree:         1540320 kB
MemAvailable:    1548444 kB
Buffers:           21712 kB
Cached:           118492 kB
MemTotal:        1844596 kB
MemFree:         1540976 kB
MemAvailable:    1549104 kB
Buffers:           21712 kB
Cached:           118496 kB
MemTotal:        1844596 kB
MemFree:         1541228 kB
MemAvailable:    1549356 kB
Buffers:           21712 kB
Cached:           118496 kB
MemTotal:        1844596 kB
MemFree:         1539728 kB
MemAvailable:    1547856 kB
Buffers:           21712 kB
Cached:           118496 kB
MemTotal:        1844596 kB
MemFree:         1539752 kB
MemAvailable:    1547880 kB
Buffers:           21712 kB
Cached:           118496 kB
MemTotal:        1844596 kB
MemFree:         1538324 kB
MemAvailable:    1546452 kB
Buffers:           21712 kB
Cached:           118496 kB
MemTotal:        1844596 kB
MemFree:         1538448 kB
MemAvailable:    1546576 kB
Buffers:           21712 kB
Cached:           118496 kB
MemTotal:        1844596 kB
MemFree:         1538016 kB
MemAvailable:    1546144 kB
Buffers:           21712 kB
Cached:           118496 kB
MemTotal:        1844596 kB
MemFree:         1538256 kB
MemAvailable:    1546384 kB
Buffers:           21712 kB
Cached:           118496 kB
MemTotal:        1844596 kB
MemFree:         1538724 kB
MemAvailable:    1546852 kB
Buffers:           21712 kB
Cached:           118496 kB
MemTotal:        1844596 kB
MemFree:         1537872 kB
MemAvailable:    1546000 kB
Buffers:           21712 kB
Cached:           118496 kB
MemTotal:        1844596 kB
MemFree:         1538688 kB
MemAvailable:    1546816 kB
Buffers:           21712 kB
Cached:           118496 kB
MemTotal:        1844596 kB
MemFree:         1537892 kB
MemAvailable:    1546020 kB
Buffers:           21712 kB
Cached:           118496 kB
MemTotal:        1844596 kB
MemFree:         1538568 kB
MemAvailable:    1546696 kB
Buffers:           21712 kB
Cached:           118496 kB
MemTotal:        1844596 kB
MemFree:         1538820 kB
MemAvailable:    1546948 kB
Buffers:           21712 kB
Cached:           118496 kB
MemTotal:        1844596 kB
MemFree:         1537340 kB
MemAvailable:    1545468 kB
Buffers:           21712 kB
Cached:           118496 kB
MemTotal:        1844596 kB
MemFree:         1538440 kB
MemAvailable:    1546568 kB
Buffers:           21712 kB
Cached:           118496 kB
MemTotal:        1844596 kB
MemFree:         1538776 kB
MemAvailable:    1546904 kB
Buffers:           21712 kB
Cached:           118496 kB
MemTotal:        1844596 kB
MemFree:         1537376 kB
MemAvailable:    1545504 kB
Buffers:           21712 kB
Cached:           118496 kB
MemTotal:        1844596 kB
MemFree:         1538256 kB
MemAvailable:    1546384 kB
Buffers:           21712 kB
Cached:           118496 kB
MemTotal:        1844596 kB
MemFree:         1538148 kB
MemAvailable:    1546276 kB
Buffers:           21712 kB
Cached:           118496 kB
MemTotal:        1844596 kB
MemFree:         1537744 kB
MemAvailable:    1545872 kB
Buffers:           21712 kB
Cached:           118496 kB
MemTotal:        1844596 kB
MemFree:         1537396 kB
MemAvailable:    1545524 kB
Buffers:           21712 kB
Cached:           118496 kB
MemTotal:        1844596 kB
MemFree:         1529148 kB
MemAvailable:    1537276 kB
Buffers:           21712 kB
Cached:           118496 kB
MemTotal:        1844596 kB
MemFree:         1528892 kB
MemAvailable:    1537020 kB
Buffers:           21712 kB
Cached:           118496 kB
MemTotal:        1844596 kB
MemFree:         1527724 kB
MemAvailable:    1535936 kB
Buffers:           21712 kB
Cached:           118620 kB
MemTotal:        1844596 kB
MemFree:         1528472 kB
MemAvailable:    1536768 kB
Buffers:           21712 kB
Cached:           118744 kB
MemTotal:        1844596 kB
MemFree:         1527972 kB
MemAvailable:    1536352 kB
Buffers:           21712 kB
Cached:           118744 kB
MemTotal:        1844596 kB
MemFree:         1528148 kB
MemAvailable:    1536696 kB
Buffers:           21712 kB
Cached:           118992 kB
MemTotal:        1844596 kB
MemFree:         1528400 kB
MemAvailable:    1536948 kB
Buffers:           21712 kB
Cached:           118992 kB
MemTotal:        1844596 kB
MemFree:         1526916 kB
MemAvailable:    1535632 kB
Buffers:           21712 kB
Cached:           118992 kB
MemTotal:        1844596 kB
MemFree:         1528016 kB
MemAvailable:    1536732 kB
Buffers:           21712 kB
Cached:           119116 kB
MemTotal:        1844596 kB
MemFree:         1528016 kB
MemAvailable:    1536732 kB
Buffers:           21712 kB
Cached:           119116 kB
MemTotal:        1844596 kB
MemFree:         1528376 kB
MemAvailable:    1537092 kB
Buffers:           21712 kB
Cached:           119116 kB
MemTotal:        1844596 kB
MemFree:         1527956 kB
MemAvailable:    1536672 kB
Buffers:           21712 kB
Cached:           119116 kB
MemTotal:        1844596 kB
MemFree:         1528292 kB
MemAvailable:    1537008 kB
Buffers:           21712 kB
Cached:           119116 kB
MemTotal:        1844596 kB
MemFree:         1528040 kB
MemAvailable:    1536756 kB
Buffers:           21712 kB
Cached:           119116 kB
MemTotal:        1844596 kB
MemFree:         1526920 kB
MemAvailable:    1535636 kB
Buffers:           21712 kB
Cached:           119116 kB
MemTotal:        1844596 kB
MemFree:         1526788 kB
MemAvailable:    1535504 kB
Buffers:           21712 kB
Cached:           119240 kB
MemTotal:        1844596 kB
MemFree:         1527304 kB
MemAvailable:    1535432 kB
Buffers:           21712 kB
Cached:           118568 kB
MemTotal:        1844596 kB
MemFree:         1598756 kB
MemAvailable:    1606884 kB
Buffers:           21712 kB
Cached:           118568 kB
