MemTotal:        1844596 kB
MemFree:         1418992 kB
MemAvailable:    1563208 kB
Buffers:           39404 kB
Cached:           238144 kB
MemTotal:        1844596 kB
MemFree:         1417388 kB
MemAvailable:    1561604 kB
Buffers:           39404 kB
Cached:           238144 kB
MemTotal:        1844596 kB
MemFree:         1417636 kB
MemAvailable:    1561852 kB
Buffers:           39404 kB
Cached:           238144 kB
MemTotal:        1844596 kB
MemFree:         1416836 kB
MemAvailable:    1561052 kB
Buffers:           39404 kB
Cached:           238144 kB
MemTotal:        1844596 kB
MemFree:         1414164 kB
MemAvailable:    1558380 kB
Buffers:           39404 kB
Cached:           238144 kB
MemTotal:        1844596 kB
MemFree:         1414296 kB
MemAvailable:    1558512 kB
Buffers:           39404 kB
Cached:           238144 kB
MemTotal:        1844596 kB
MemFree:         1414124 kB
MemAvailable:    1558340 kB
Buffers:           39404 kB
Cached:           238144 kB
MemTotal:        1844596 kB
MemFree:         1412188 kB
MemAvailable:    1556404 kB
Buffers:           39404 kB
Cached:           238144 kB
MemTotal:        1844596 kB
MemFree:         1410948 kB
MemAvailable:    1555164 kB
Buffers:           39404 kB
Cached:           238144 kB
MemTotal:        1844596 kB
MemFree:         1409068 kB
MemAvailable:    1553284 kB
Buffers:           39404 kB
Cached:           238144 kB
MemTotal:        1844596 kB
MemFree:         1407096 kB
MemAvailable:    1551312 kB
Buffers:           39404 kB
Cached:           238144 kB
MemTotal:        1844596 kB
MemFree:         1405272 kB
MemAvailable:    1549488 kB
Buffers:           39404 kB
Cached:           238144 kB
MemTotal:        1844596 kB
MemFree:         1405524 kB
MemAvailable:    1549740 kB
Buffers:           39404 kB
Cached:           238144 kB
MemTotal:        1844596 kB
MemFree:         1405388 kB
MemAvailable:    1549604 kB
Buffers:           39404 kB
Cached:           238144 kB
MemTotal:        1844596 kB
MemFree:         1405428 kB
MemAvailable:    1549644 kB
Buffers:           39404 kB
Cached:           238144 kB
MemTotal:        1844596 kB
MemFree:         1405492 kB
MemAvailable:    1549708 kB
Buffers:           39404 kB
Cached:           238144 kB
MemTotal:        1844596 kB
MemFree:         1404500 kB
MemAvailable:    1548716 kB
Buffers:           39404 kB
Cached:           238144 kB
MemTotal:        1844596 kB
MemFree:         1404916 kB
MemAvailable:    1549132 kB
Buffers:           39404 kB
Cached:           238144 kB
MemTotal:        1844596 kB
MemFree:         1405060 kB
MemAvailable:    1549276 kB
Buffers:           39404 kB
Cached:           238144 kB
MemTotal:        1844596 kB
MemFree:         1402756 kB
MemAvailable:    1546972 kB
Buffers:           39404 kB
Cached:           238144 kB
MemTotal:        1844596 kB
MemFree:         1403196 kB
MemAvailable:    1547412 kB
Buffers:           39404 kB
Cached:           238144 kB
MemTotal:        1844596 kB
MemFree:         1402020 kB
MemAvailable:    1546236 kB
Buffers:           39404 kB
Cached:           238144 kB
MemTotal:        1844596 kB
MemFree:         1402952 kB
MemAvailable:    1547168 kB
Buffers:           39404 kB
Cached:           238144 kB
MemTotal:        1844596 kB
MemFree:         1402952 kB
MemAvailable:    1547168 kB
Buffers:           39404 kB
Cached:           238144 kB
MemTotal:        1844596 kB
MemFree:         1401640 kB
MemAvailable:    1545856 kB
Buffers:           39404 kB
Cached:           238144 kB
MemTotal:        1844596 kB
MemFree:         1403096 kB
MemAvailable:    1547312 kB
Buffers:           39404 kB
Cached:           238144 kB
MemTotal:        1844596 kB
MemFree:         1402888 kB
MemAvailable:    1547104 kB
Buffers:           39404 kB
Cached:           238144 kB
MemTotal:        1844596 kB
MemFree:         1402392 kB
MemAvailable:    1546608 kB
Buffers:           39404 kB
Cached:           238144 kB
MemTotal:        1844596 kB
MemFree:         1402824 kB
MemAvailable:    1547040 kB
Buffers:           39404 kB
Cached:           238144 kB
MemTotal:        1844596 kB
MemFree:         1403076 kB
MemAvailable:    1547292 kB
Buffers:           39404 kB
Cached:           238144 kB
MemTotal:        1844596 kB
MemFree:         1402988 kB
MemAvailable:    1547204 kB
Buffers:           39404 kB
Cached:           238144 kB
MemTotal:        1844596 kB
MemFree:         1404440 kB
MemAvailable:    1548656 kB
Buffers:           39404 kB
Cached:           238144 kB
MemTotal:        1844596 kB
MemFree:         1403828 kB
MemAvailable:    1548044 kB
Buffers:           39404 kB
Cached:           238144 kB
MemTotal:        1844596 kB
MemFree:         1403436 kB
MemAvailable:    1547660 kB
Buffers:           39404 kB
Cached:           238152 kB
MemTotal:        1844596 kB
MemFree:         1401524 kB
MemAvailable:    1545748 kB
Buffers:           39404 kB
Cached:           238152 kB
MemTotal:        1844596 kB
MemFree:         1401020 kB
MemAvailable:    1545244 kB
Buffers:           39404 kB
Cached:           238152 kB
MemTotal:        1844596 kB
MemFree:         1400716 kB
MemAvailable:    1544940 kB
Buffers:           39404 kB
Cached:           238152 kB
MemTotal:        1844596 kB
MemFree:         1399896 kB
MemAvailable:    1544120 kB
Buffers:           39404 kB
Cached:           238152 kB
MemTotal:        1844596 kB
MemFree:         1399980 kB
MemAvailable:    1544204 kB
Buffers:           39404 kB
Cached:           238152 kB
MemTotal:        1844596 kB
MemFree:         1398400 kB
MemAvailable:    1542624 kB
Buffers:           39404 kB
Cached:           238152 kB
MemTotal:        1844596 kB
MemFree:         1398292 kB
MemAvailable:    1542516 kB
Buffers:           39404 kB
Cached:           238152 kB
MemTotal:        1844596 kB
MemFree:         1398752 kB
MemAvailable:    1542976 kB
Buffers:           39404 kB
Cached:           238152 kB
MemTotal:        1844596 kB
MemFree:         1398836 kB
MemAvailable:    1543060 kB
Buffers:           39404 kB
Cached:           238152 kB
MemTotal:        1844596 kB
MemFree:         1398752 kB
MemAvailable:    1542976 kB
Buffers:           39404 kB
Cached:           238152 kB
MemTotal:        1844596 kB
MemFree:         1398912 kB
MemAvailable:    1543136 kB
Buffers:           39404 kB
Cached:           238152 kB
MemTotal:        1844596 kB
MemFree:         1398584 kB
MemAvailable:    1542808 kB
Buffers:           39404 kB
Cached:           238152 kB
MemTotal:        1844596 kB
MemFree:         1398836 kB
MemAvailable:    1543060 kB
Buffers:           39404 kB
Cached:           238152 kB
MemTotal:        1844596 kB
MemFree:         1398852 kB
MemAvailable:    1543076 kB
Buffers:           39404 kB
Cached:           238152 kB
MemTotal:        1844596 kB
MemFree:         1397548 kB
MemAvailable:    1541772 kB
Buffers:           39404 kB
Cached:           238152 kB
MemTotal:        1844596 kB
MemFree:         1398256 kB
MemAvailable:    1542480 kB
Buffers:           39404 kB
Cached:           238152 kB
MemTotal:        1844596 kB
MemFree:         1398340 kB
MemAvailable:    1542564 kB
Buffers:           39404 kB
Cached:           238152 kB
MemTotal:        1844596 kB
MemFree:         1396912 kB
MemAvailable:    1541136 kB
Buffers:           39404 kB
Cached:           238152 kB
MemTotal:        1844596 kB
MemFree:         1397724 kB
MemAvailable:    1541948 kB
Buffers:           39404 kB
Cached:           238152 kB
MemTotal:        1844596 kB
MemFree:         1397780 kB
MemAvailable:    1542004 kB
Buffers:           39404 kB
Cached:           238152 kB
MemTotal:        1844596 kB
MemFree:         1396540 kB
MemAvailable:    1540764 kB
Buffers:           39404 kB
Cached:           238152 kB
MemTotal:        1844596 kB
MemFree:         1396788 kB
MemAvailable:    1541012 kB
Buffers:           39404 kB
Cached:           238152 kB
MemTotal:        1844596 kB
MemFree:         1397664 kB
MemAvailable:    1541888 kB
Buffers:           39404 kB
Cached:           238152 kB
MemTotal:        1844596 kB
MemFree:         1397500 kB
MemAvailable:    1541724 kB
Buffers:           39404 kB
Cached:           238152 kB
MemTotal:        1844596 kB
MemFree:         1397632 kB
MemAvailable:    1541856 kB
Buffers:           39404 kB
Cached:           238152 kB
MemTotal:        1844596 kB
MemFree:         1397884 kB
MemAvailable:    1542108 kB
Buffers:           39404 kB
Cached:           238152 kB
MemTotal:        1844596 kB
MemFree:         1397460 kB
MemAvailable:    1541684 kB
Buffers:           39404 kB
Cached:           238152 kB
MemTotal:        1844596 kB
MemFree:         1397712 kB
MemAvailable:    1541936 kB
Buffers:           39404 kB
Cached:           238152 kB
MemTotal:        1844596 kB
MemFree:         1396392 kB
MemAvailable:    1540616 kB
Buffers:           39404 kB
Cached:           238152 kB
MemTotal:        1844596 kB
MemFree:         1397608 kB
MemAvailable:    1541832 kB
Buffers:           39404 kB
Cached:           238152 kB
MemTotal:        1844596 kB
MemFree:         1397276 kB
MemAvailable:    1541500 kB
Buffers:           39404 kB
Cached:           238152 kB
MemTotal:        1844596 kB
MemFree:         1396672 kB
MemAvailable:    1540896 kB
Buffers:           39404 kB
Cached:           238152 kB
MemTotal:        1844596 kB
MemFree:         1397492 kB
MemAvailable:    1541720 kB
Buffers:           39404 kB
Cached:           238156 kB
MemTotal:        1844596 kB
MemFree:         1396184 kB
MemAvailable:    1540412 kB
Buffers:           39404 kB
Cached:           238156 kB
MemTotal:        1844596 kB
MemFree:         1397144 kB
MemAvailable:    1541372 kB
Buffers:           39404 kB
Cached:           238156 kB
MemTotal:        1844596 kB
MemFree:         1396788 kB
MemAvailable:    1541016 kB
Buffers:           39404 kB
Cached:           238156 kB
MemTotal:        1844596 kB
MemFree:         1397040 kB
MemAvailable:    1541268 kB
Buffers:           39404 kB
Cached:           238156 kB
MemTotal:        1844596 kB
MemFree:         1395676 kB
MemAvailable:    1539904 kB
Buffers:           39404 kB
Cached:           238156 kB
MemTotal:        1844596 kB
MemFree:         1395552 kB
MemAvailable:    1539780 kB
Buffers:           39404 kB
Cached:           238156 kB
MemTotal:        1844596 kB
MemFree:         1395636 kB
MemAvailable:    1539864 kB
Buffers:           39404 kB
Cached:           238156 kB
MemTotal:        1844596 kB
MemFree:         1395752 kB
MemAvailable:    1539980 kB
Buffers:           39404 kB
Cached:           238156 kB
MemTotal:        1844596 kB
MemFree:         1396940 kB
MemAvailable:    1541168 kB
Buffers:           39404 kB
Cached:           238156 kB
MemTotal:        1844596 kB
MemFree:         1395632 kB
MemAvailable:    1539860 kB
Buffers:           39404 kB
Cached:           238156 kB
MemTotal:        1844596 kB
MemFree:         1396808 kB
MemAvailable:    1541036 kB
Buffers:           39404 kB
Cached:           238156 kB
MemTotal:        1844596 kB
MemFree:         1396676 kB
MemAvailable:    1540904 kB
Buffers:           39404 kB
Cached:           238156 kB
MemTotal:        1844596 kB
MemFree:         1395624 kB
MemAvailable:    1539852 kB
Buffers:           39404 kB
Cached:           238156 kB
MemTotal:        1844596 kB
MemFree:         1394888 kB
MemAvailable:    1539116 kB
Buffers:           39404 kB
Cached:           238156 kB
MemTotal:        1844596 kB
MemFree:         1393340 kB
MemAvailable:    1537568 kB
Buffers:           39404 kB
Cached:           238156 kB
MemTotal:        1844596 kB
MemFree:         1390844 kB
MemAvailable:    1535072 kB
Buffers:           39404 kB
Cached:           238156 kB
MemTotal:        1844596 kB
MemFree:         1391440 kB
MemAvailable:    1535668 kB
Buffers:           39404 kB
Cached:           238156 kB
MemTotal:        1844596 kB
MemFree:         1388132 kB
MemAvailable:    1532360 kB
Buffers:           39404 kB
Cached:           238156 kB
MemTotal:        1844596 kB
MemFree:         1388248 kB
MemAvailable:    1532476 kB
Buffers:           39404 kB
Cached:           238156 kB
MemTotal:        1844596 kB
MemFree:         1389000 kB
MemAvailable:    1533228 kB
Buffers:           39404 kB
Cached:           238156 kB
MemTotal:        1844596 kB
MemFree:         1388256 kB
MemAvailable:    1532484 kB
Buffers:           39404 kB
Cached:           238156 kB
MemTotal:        1844596 kB
MemFree:         1388724 kB
MemAvailable:    1532952 kB
Buffers:           39404 kB
Cached:           238156 kB
MemTotal:        1844596 kB
MemFree:         1388808 kB
MemAvailable:    1533036 kB
Buffers:           39404 kB
Cached:           238156 kB
MemTotal:        1844596 kB
MemFree:         1387580 kB
MemAvailable:    1531808 kB
Buffers:           39404 kB
Cached:           238156 kB
MemTotal:        1844596 kB
MemFree:         1388820 kB
MemAvailable:    1533048 kB
Buffers:           39404 kB
Cached:           238156 kB
MemTotal:        1844596 kB
MemFree:         1388876 kB
MemAvailable:    1533104 kB
Buffers:           39404 kB
Cached:           238156 kB
MemTotal:        1844596 kB
MemFree:         1388940 kB
MemAvailable:    1533168 kB
Buffers:           39404 kB
Cached:           238156 kB
MemTotal:        1844596 kB
MemFree:         1389024 kB
MemAvailable:    1533252 kB
Buffers:           39404 kB
Cached:           238156 kB
MemTotal:        1844596 kB
MemFree:         1388876 kB
MemAvailable:    1533104 kB
Buffers:           39404 kB
Cached:           238156 kB
MemTotal:        1844596 kB
MemFree:         1388804 kB
MemAvailable:    1533032 kB
Buffers:           39404 kB
Cached:           238156 kB
MemTotal:        1844596 kB
MemFree:         1387588 kB
MemAvailable:    1531816 kB
Buffers:           39404 kB
Cached:           238156 kB
MemTotal:        1844596 kB
MemFree:         1388852 kB
MemAvailable:    1533080 kB
Buffers:           39404 kB
Cached:           238156 kB
MemTotal:        1844596 kB
MemFree:         1388852 kB
MemAvailable:    1533080 kB
Buffers:           39404 kB
Cached:           238156 kB
MemTotal:        1844596 kB
MemFree:         1388496 kB
MemAvailable:    1532724 kB
Buffers:           39404 kB
Cached:           238156 kB
MemTotal:        1844596 kB
MemFree:         1387124 kB
MemAvailable:    1531352 kB
Buffers:           39404 kB
Cached:           238156 kB
MemTotal:        1844596 kB
MemFree:         1387140 kB
MemAvailable:    1531368 kB
Buffers:           39404 kB
Cached:           238156 kB
MemTotal:        1844596 kB
MemFree:         1388168 kB
MemAvailable:    1532396 kB
Buffers:           39404 kB
Cached:           238156 kB
MemTotal:        1844596 kB
MemFree:         1388052 kB
MemAvailable:    1532280 kB
Buffers:           39404 kB
Cached:           238156 kB
MemTotal:        1844596 kB
MemFree:         1387440 kB
MemAvailable:    1531668 kB
Buffers:           39404 kB
Cached:           238156 kB
MemTotal:        1844596 kB
MemFree:         1387524 kB
MemAvailable:    1531752 kB
Buffers:           39404 kB
Cached:           238156 kB
MemTotal:        1844596 kB
MemFree:         1387192 kB
MemAvailable:    1531420 kB
Buffers:           39404 kB
Cached:           238156 kB
MemTotal:        1844596 kB
MemFree:         1386996 kB
MemAvailable:    1531224 kB
Buffers:           39404 kB
Cached:           238156 kB
MemTotal:        1844596 kB
MemFree:         1385032 kB
MemAvailable:    1529260 kB
Buffers:           39404 kB
Cached:           238156 kB
MemTotal:        1844596 kB
MemFree:         1385032 kB
MemAvailable:    1529260 kB
Buffers:           39404 kB
Cached:           238156 kB
MemTotal:        1844596 kB
MemFree:         1384776 kB
MemAvailable:    1529004 kB
Buffers:           39404 kB
Cached:           238156 kB
MemTotal:        1844596 kB
MemFree:         1384420 kB
MemAvailable:    1528648 kB
Buffers:           39404 kB
Cached:           238156 kB
MemTotal:        1844596 kB
MemFree:         1385132 kB
MemAvailable:    1529364 kB
Buffers:           39404 kB
Cached:           238160 kB
MemTotal:        1844596 kB
MemFree:         1385300 kB
MemAvailable:    1529532 kB
Buffers:           39404 kB
Cached:           238160 kB
MemTotal:        1844596 kB
MemFree:         1385472 kB
MemAvailable:    1529704 kB
Buffers:           39404 kB
Cached:           238160 kB
MemTotal:        1844596 kB
MemFree:         1384032 kB
MemAvailable:    1528264 kB
Buffers:           39404 kB
Cached:           238160 kB
MemTotal:        1844596 kB
MemFree:         1385216 kB
MemAvailable:    1529448 kB
Buffers:           39404 kB
Cached:           238160 kB
MemTotal:        1844596 kB
MemFree:         1385016 kB
MemAvailable:    1529248 kB
Buffers:           39404 kB
Cached:           238160 kB
MemTotal:        1844596 kB
MemFree:         1385100 kB
MemAvailable:    1529332 kB
Buffers:           39404 kB
Cached:           238160 kB
MemTotal:        1844596 kB
MemFree:         1383520 kB
MemAvailable:    1527752 kB
Buffers:           39404 kB
Cached:           238160 kB
MemTotal:        1844596 kB
MemFree:         1384976 kB
MemAvailable:    1529208 kB
Buffers:           39404 kB
Cached:           238160 kB
MemTotal:        1844596 kB
MemFree:         1384912 kB
MemAvailable:    1529144 kB
Buffers:           39404 kB
Cached:           238160 kB
MemTotal:        1844596 kB
MemFree:         1384836 kB
MemAvailable:    1529068 kB
Buffers:           39404 kB
Cached:           238160 kB
MemTotal:        1844596 kB
MemFree:         1385088 kB
MemAvailable:    1529320 kB
Buffers:           39404 kB
Cached:           238160 kB
MemTotal:        1844596 kB
MemFree:         1384720 kB
MemAvailable:    1528952 kB
Buffers:           39404 kB
Cached:           238160 kB
MemTotal:        1844596 kB
MemFree:         1384596 kB
MemAvailable:    1528828 kB
Buffers:           39404 kB
Cached:           238160 kB
MemTotal:        1844596 kB
MemFree:         1384332 kB
MemAvailable:    1528564 kB
Buffers:           39404 kB
Cached:           238160 kB
MemTotal:        1844596 kB
MemFree:         1381376 kB
MemAvailable:    1525608 kB
Buffers:           39404 kB
Cached:           238160 kB
MemTotal:        1844596 kB
MemFree:         1375468 kB
MemAvailable:    1519704 kB
Buffers:           39404 kB
Cached:           238164 kB
MemTotal:        1844596 kB
MemFree:         1375720 kB
MemAvailable:    1519956 kB
Buffers:           39404 kB
Cached:           238164 kB
MemTotal:        1844596 kB
MemFree:         1375596 kB
MemAvailable:    1519832 kB
Buffers:           39404 kB
Cached:           238164 kB
MemTotal:        1844596 kB
MemFree:         1374308 kB
MemAvailable:    1518544 kB
Buffers:           39404 kB
Cached:           238164 kB
MemTotal:        1844596 kB
MemFree:         1374344 kB
MemAvailable:    1518580 kB
Buffers:           39404 kB
Cached:           238164 kB
MemTotal:        1844596 kB
MemFree:         1375396 kB
MemAvailable:    1519632 kB
Buffers:           39404 kB
Cached:           238164 kB
MemTotal:        1844596 kB
MemFree:         1375396 kB
MemAvailable:    1519632 kB
Buffers:           39404 kB
Cached:           238164 kB
MemTotal:        1844596 kB
MemFree:         1377540 kB
MemAvailable:    1521776 kB
Buffers:           39404 kB
Cached:           238164 kB
MemTotal:        1844596 kB
MemFree:         1377708 kB
MemAvailable:    1521944 kB
Buffers:           39404 kB
Cached:           238164 kB
MemTotal:        1844596 kB
MemFree:         1377420 kB
MemAvailable:    1521656 kB
Buffers:           39404 kB
Cached:           238164 kB
MemTotal:        1844596 kB
MemFree:         1376048 kB
MemAvailable:    1520284 kB
Buffers:           39404 kB
Cached:           238164 kB
MemTotal:        1844596 kB
MemFree:         1377348 kB
MemAvailable:    1521752 kB
Buffers:           39404 kB
Cached:           238412 kB
MemTotal:        1844596 kB
MemFree:         1376040 kB
MemAvailable:    1520444 kB
Buffers:           39404 kB
Cached:           238412 kB
MemTotal:        1844596 kB
MemFree:         1377132 kB
MemAvailable:    1521788 kB
Buffers:           39404 kB
Cached:           238660 kB
MemTotal:        1844596 kB
MemFree:         1377132 kB
MemAvailable:    1521788 kB
Buffers:           39404 kB
Cached:           238660 kB
MemTotal:        1844596 kB
MemFree:         1376800 kB
MemAvailable:    1521624 kB
Buffers:           39404 kB
Cached:           238784 kB
MemTotal:        1844596 kB
MemFree:         1376800 kB
MemAvailable:    1521624 kB
Buffers:           39404 kB
Cached:           238784 kB
MemTotal:        1844596 kB
MemFree:         1376736 kB
MemAvailable:    1521560 kB
Buffers:           39404 kB
Cached:           238784 kB
MemTotal:        1844596 kB
MemFree:         1376856 kB
MemAvailable:    1521680 kB
Buffers:           39404 kB
Cached:           238784 kB
MemTotal:        1844596 kB
MemFree:         1375988 kB
MemAvailable:    1520812 kB
Buffers:           39404 kB
Cached:           238784 kB
MemTotal:        1844596 kB
MemFree:         1376804 kB
MemAvailable:    1521628 kB
Buffers:           39404 kB
Cached:           238784 kB
MemTotal:        1844596 kB
MemFree:         1375300 kB
MemAvailable:    1520124 kB
Buffers:           39404 kB
Cached:           238784 kB
MemTotal:        1844596 kB
MemFree:         1376732 kB
MemAvailable:    1521556 kB
Buffers:           39404 kB
Cached:           238784 kB
MemTotal:        1844596 kB
MemFree:         1375816 kB
MemAvailable:    1520640 kB
Buffers:           39404 kB
Cached:           238784 kB
MemTotal:        1844596 kB
MemFree:         1376568 kB
MemAvailable:    1521476 kB
Buffers:           39404 kB
Cached:           238908 kB
MemTotal:        1844596 kB
MemFree:         1376776 kB
MemAvailable:    1521684 kB
Buffers:           39404 kB
Cached:           238908 kB
MemTotal:        1844596 kB
MemFree:         1421096 kB
MemAvailable:    1565416 kB
Buffers:           39404 kB
Cached:           238236 kB
