MemTotal:        1844596 kB
MemFree:         1569516 kB
MemAvailable:    1580568 kB
Buffers:           22084 kB
Cached:           120804 kB
MemTotal:        1844596 kB
MemFree:         1568408 kB
MemAvailable:    1579460 kB
Buffers:           22084 kB
Cached:           120804 kB
MemTotal:        1844596 kB
MemFree:         1569476 kB
MemAvailable:    1580528 kB
Buffers:           22084 kB
Cached:           120804 kB
MemTotal:        1844596 kB
MemFree:         1566176 kB
MemAvailable:    1577228 kB
Buffers:           22084 kB
Cached:           120804 kB
MemTotal:        1844596 kB
MemFree:         1567416 kB
MemAvailable:    1578472 kB
Buffers:           22084 kB
Cached:           120808 kB
MemTotal:        1844596 kB
MemFree:         1564936 kB
MemAvailable:    1575992 kB
Buffers:           22084 kB
Cached:           120808 kB
MemTotal:        1844596 kB
MemFree:         1565796 kB
MemAvailable:    1576852 kB
Buffers:           22084 kB
Cached:           120808 kB
MemTotal:        1844596 kB
MemFree:         1564936 kB
MemAvailable:    1575992 kB
Buffers:           22084 kB
Cached:           120808 kB
MemTotal:        1844596 kB
MemFree:         1562580 kB
MemAvailable:    1573636 kB
Buffers:           22084 kB
Cached:           120808 kB
MemTotal:        1844596 kB
MemFree:         1559480 kB
MemAvailable:    1570536 kB
Buffers:           22084 kB
Cached:           120808 kB
MemTotal:        1844596 kB
MemFree:         1557184 kB
MemAvailable:    1568240 kB
Buffers:           22084 kB
Cached:           120808 kB
MemTotal:        1844596 kB
MemFree:         1555948 kB
MemAvailable:    1567004 kB
Buffers:           22084 kB
Cached:           120808 kB
MemTotal:        1844596 kB
MemFree:         1556200 kB
MemAvailable:    1567256 kB
Buffers:           22084 kB
Cached:           120808 kB
MemTotal:        1844596 kB
MemFree:         1555680 kB
MemAvailable:    1566736 kB
Buffers:           22084 kB
Cached:           120808 kB
MemTotal:        1844596 kB
MemFree:         1556016 kB
MemAvailable:    1567072 kB
Buffers:           22084 kB
Cached:           120808 kB
MemTotal:        1844596 kB
MemFree:         1555808 kB
MemAvailable:    1566864 kB
Buffers:           22084 kB
Cached:           120808 kB
MemTotal:        1844596 kB
MemFree:         1555808 kB
MemAvailable:    1566864 kB
Buffers:           22084 kB
Cached:           120808 kB
MemTotal:        1844596 kB
MemFree:         1555564 kB
MemAvailable:    1566620 kB
Buffers:           22084 kB
Cached:           120808 kB
MemTotal:        1844596 kB
MemFree:         1555708 kB
MemAvailable:    1566764 kB
Buffers:           22084 kB
Cached:           120808 kB
MemTotal:        1844596 kB
MemFree:         1554396 kB
MemAvailable:    1565452 kB
Buffers:           22084 kB
Cached:           120808 kB
MemTotal:        1844596 kB
MemFree:         1553288 kB
MemAvailable:    1564344 kB
Buffers:           22084 kB
Cached:           120808 kB
MemTotal:        1844596 kB
MemFree:         1553380 kB
MemAvailable:    1564436 kB
Buffers:           22084 kB
Cached:           120808 kB
MemTotal:        1844596 kB
MemFree:         1553632 kB
MemAvailable:    1564688 kB
Buffers:           22084 kB
Cached:           120808 kB
MemTotal:        1844596 kB
MemFree:         1553376 kB
MemAvailable:    1564432 kB
Buffers:           22084 kB
Cached:           120808 kB
MemTotal:        1844596 kB
MemFree:         1553280 kB
MemAvailable:    1564336 kB
Buffers:           22084 kB
Cached:           120808 kB
MemTotal:        1844596 kB
MemFree:         1553576 kB
MemAvailable:    1564632 kB
Buffers:           22084 kB
Cached:           120808 kB
MemTotal:        1844596 kB
MemFree:         1553404 kB
MemAvailable:    1564460 kB
Buffers:           22084 kB
Cached:           120808 kB
MemTotal:        1844596 kB
MemFree:         1552784 kB
MemAvailable:    1563840 kB
Buffers:           22084 kB
Cached:           120808 kB
MemTotal:        1844596 kB
MemFree:         1553252 kB
MemAvailable:    1564308 kB
Buffers:           22084 kB
Cached:           120808 kB
MemTotal:        1844596 kB
MemFree:         1553588 kB
MemAvailable:    1564644 kB
Buffers:           22084 kB
Cached:           120808 kB
MemTotal:        1844596 kB
MemFree:         1554912 kB
MemAvailable:    1565968 kB
Buffers:           22084 kB
Cached:           120808 kB
MemTotal:        1844596 kB
MemFree:         1553652 kB
MemAvailable:    1564708 kB
Buffers:           22084 kB
Cached:           120808 kB
MemTotal:        1844596 kB
MemFree:         1553280 kB
MemAvailable:    1564336 kB
Buffers:           22084 kB
Cached:           120808 kB
MemTotal:        1844596 kB
MemFree:         1551048 kB
MemAvailable:    1562104 kB
Buffers:           22084 kB
Cached:           120808 kB
MemTotal:        1844596 kB
MemFree:         1551480 kB
MemAvailable:    1562536 kB
Buffers:           22084 kB
Cached:           120808 kB
MemTotal:        1844596 kB
MemFree:         1550056 kB
MemAvailable:    1561112 kB
Buffers:           22084 kB
Cached:           120808 kB
MemTotal:        1844596 kB
MemFree:         1550744 kB
MemAvailable:    1561800 kB
Buffers:           22084 kB
Cached:           120808 kB
MemTotal:        1844596 kB
MemFree:         1549312 kB
MemAvailable:    1560368 kB
Buffers:           22084 kB
Cached:           120808 kB
MemTotal:        1844596 kB
MemFree:         1550536 kB
MemAvailable:    1561592 kB
Buffers:           22084 kB
Cached:           120808 kB
MemTotal:        1844596 kB
MemFree:         1549412 kB
MemAvailable:    1560468 kB
Buffers:           22084 kB
Cached:           120808 kB
MemTotal:        1844596 kB
MemFree:         1549412 kB
MemAvailable:    1560468 kB
Buffers:           22084 kB
Cached:           120808 kB
MemTotal:        1844596 kB
MemFree:         1548044 kB
MemAvailable:    1559100 kB
Buffers:           22084 kB
Cached:           120808 kB
MemTotal:        1844596 kB
MemFree:         1548168 kB
MemAvailable:    1559224 kB
Buffers:           22084 kB
Cached:           120808 kB
MemTotal:        1844596 kB
MemFree:         1549220 kB
MemAvailable:    1560276 kB
Buffers:           22084 kB
Cached:           120808 kB
MemTotal:        1844596 kB
MemFree:         1548120 kB
MemAvailable:    1559176 kB
Buffers:           22084 kB
Cached:           120808 kB
MemTotal:        1844596 kB
MemFree:         1547864 kB
MemAvailable:    1558920 kB
Buffers:           22084 kB
Cached:           120808 kB
MemTotal:        1844596 kB
MemFree:         1548792 kB
MemAvailable:    1559848 kB
Buffers:           22084 kB
Cached:           120808 kB
MemTotal:        1844596 kB
MemFree:         1548008 kB
MemAvailable:    1559064 kB
Buffers:           22084 kB
Cached:           120808 kB
MemTotal:        1844596 kB
MemFree:         1548860 kB
MemAvailable:    1559916 kB
Buffers:           22084 kB
Cached:           120808 kB
MemTotal:        1844596 kB
MemFree:         1547568 kB
MemAvailable:    1558624 kB
Buffers:           22084 kB
Cached:           120808 kB
MemTotal:        1844596 kB
MemFree:         1548480 kB
MemAvailable:    1559536 kB
Buffers:           22084 kB
Cached:           120808 kB
MemTotal:        1844596 kB
MemFree:         1548424 kB
MemAvailable:    1559480 kB
Buffers:           22084 kB
Cached:           120808 kB
MemTotal:        1844596 kB
MemFree:         1548276 kB
MemAvailable:    1559332 kB
Buffers:           22084 kB
Cached:           120808 kB
MemTotal:        1844596 kB
MemFree:         1546904 kB
MemAvailable:    1557960 kB
Buffers:           22084 kB
Cached:           120808 kB
MemTotal:        1844596 kB
MemFree:         1548336 kB
MemAvailable:    1559392 kB
Buffers:           22084 kB
Cached:           120808 kB
MemTotal:        1844596 kB
MemFree:         1547028 kB
MemAvailable:    1558084 kB
Buffers:           22084 kB
Cached:           120808 kB
MemTotal:        1844596 kB
MemFree:         1547160 kB
MemAvailable:    1558216 kB
Buffers:           22084 kB
Cached:           120808 kB
MemTotal:        1844596 kB
MemFree:         1548276 kB
MemAvailable:    1559332 kB
Buffers:           22084 kB
Cached:           120808 kB
MemTotal:        1844596 kB
MemFree:         1547452 kB
MemAvailable:    1558508 kB
Buffers:           22084 kB
Cached:           120808 kB
MemTotal:        1844596 kB
MemFree:         1548168 kB
MemAvailable:    1559224 kB
Buffers:           22084 kB
Cached:           120808 kB
MemTotal:        1844596 kB
MemFree:         1547520 kB
MemAvailable:    1558576 kB
Buffers:           22084 kB
Cached:           120808 kB
MemTotal:        1844596 kB
MemFree:         1546948 kB
MemAvailable:    1558004 kB
Buffers:           22084 kB
Cached:           120808 kB
MemTotal:        1844596 kB
MemFree:         1546948 kB
MemAvailable:    1558004 kB
Buffers:           22084 kB
Cached:           120808 kB
MemTotal:        1844596 kB
MemFree:         1547932 kB
MemAvailable:    1558988 kB
Buffers:           22084 kB
Cached:           120808 kB
MemTotal:        1844596 kB
MemFree:         1548060 kB
MemAvailable:    1559116 kB
Buffers:           22084 kB
Cached:           120808 kB
MemTotal:        1844596 kB
MemFree:         1546568 kB
MemAvailable:    1557624 kB
Buffers:           22084 kB
Cached:           120808 kB
MemTotal:        1844596 kB
MemFree:         1547428 kB
MemAvailable:    1558484 kB
Buffers:           22084 kB
Cached:           120808 kB
MemTotal:        1844596 kB
MemFree:         1547320 kB
MemAvailable:    1558376 kB
Buffers:           22084 kB
Cached:           120808 kB
MemTotal:        1844596 kB
MemFree:         1547308 kB
MemAvailable:    1558364 kB
Buffers:           22084 kB
Cached:           120808 kB
MemTotal:        1844596 kB
MemFree:         1547388 kB
MemAvailable:    1558444 kB
Buffers:           22084 kB
Cached:           120808 kB
MemTotal:        1844596 kB
MemFree:         1547320 kB
MemAvailable:    1558376 kB
Buffers:           22084 kB
Cached:           120808 kB
MemTotal:        1844596 kB
MemFree:         1547572 kB
MemAvailable:    1558628 kB
Buffers:           22084 kB
Cached:           120808 kB
MemTotal:        1844596 kB
MemFree:         1546336 kB
MemAvailable:    1557392 kB
Buffers:           22084 kB
Cached:           120808 kB
MemTotal:        1844596 kB
MemFree:         1547452 kB
MemAvailable:    1558508 kB
Buffers:           22084 kB
Cached:           120808 kB
MemTotal:        1844596 kB
MemFree:         1546460 kB
MemAvailable:    1557516 kB
Buffers:           22084 kB
Cached:           120808 kB
MemTotal:        1844596 kB
MemFree:         1547660 kB
MemAvailable:    1558716 kB
Buffers:           22084 kB
Cached:           120808 kB
MemTotal:        1844596 kB
MemFree:         1545652 kB
MemAvailable:    1556708 kB
Buffers:           22084 kB
Cached:           120808 kB
MemTotal:        1844596 kB
MemFree:         1542916 kB
MemAvailable:    1553972 kB
Buffers:           22084 kB
Cached:           120808 kB
MemTotal:        1844596 kB
MemFree:         1540632 kB
MemAvailable:    1551688 kB
Buffers:           22084 kB
Cached:           120808 kB
MemTotal:        1844596 kB
MemFree:         1539996 kB
MemAvailable:    1551052 kB
Buffers:           22084 kB
Cached:           120808 kB
MemTotal:        1844596 kB
MemFree:         1539996 kB
MemAvailable:    1551052 kB
Buffers:           22084 kB
Cached:           120808 kB
MemTotal:        1844596 kB
MemFree:         1539740 kB
MemAvailable:    1550796 kB
Buffers:           22084 kB
Cached:           120808 kB
MemTotal:        1844596 kB
MemFree:         1539516 kB
MemAvailable:    1550580 kB
Buffers:           22084 kB
Cached:           120816 kB
MemTotal:        1844596 kB
MemFree:         1538220 kB
MemAvailable:    1549284 kB
Buffers:           22084 kB
Cached:           120816 kB
MemTotal:        1844596 kB
MemFree:         1538516 kB
MemAvailable:    1549580 kB
Buffers:           22084 kB
Cached:           120816 kB
MemTotal:        1844596 kB
MemFree:         1539700 kB
MemAvailable:    1550764 kB
Buffers:           22084 kB
Cached:           120816 kB
MemTotal:        1844596 kB
MemFree:         1538392 kB
MemAvailable:    1549456 kB
Buffers:           22084 kB
Cached:           120816 kB
MemTotal:        1844596 kB
MemFree:         1539532 kB
MemAvailable:    1550596 kB
Buffers:           22084 kB
Cached:           120816 kB
MemTotal:        1844596 kB
MemFree:         1538640 kB
MemAvailable:    1549704 kB
Buffers:           22084 kB
Cached:           120816 kB
MemTotal:        1844596 kB
MemFree:         1539848 kB
MemAvailable:    1550912 kB
Buffers:           22084 kB
Cached:           120816 kB
MemTotal:        1844596 kB
MemFree:         1538524 kB
MemAvailable:    1549588 kB
Buffers:           22084 kB
Cached:           120816 kB
MemTotal:        1844596 kB
MemFree:         1539640 kB
MemAvailable:    1550704 kB
Buffers:           22084 kB
Cached:           120816 kB
MemTotal:        1844596 kB
MemFree:         1538772 kB
MemAvailable:    1549836 kB
Buffers:           22084 kB
Cached:           120816 kB
MemTotal:        1844596 kB
MemFree:         1538140 kB
MemAvailable:    1549204 kB
Buffers:           22084 kB
Cached:           120816 kB
MemTotal:        1844596 kB
MemFree:         1539448 kB
MemAvailable:    1550512 kB
Buffers:           22084 kB
Cached:           120816 kB
MemTotal:        1844596 kB
MemFree:         1539236 kB
MemAvailable:    1550300 kB
Buffers:           22084 kB
Cached:           120816 kB
MemTotal:        1844596 kB
MemFree:         1539236 kB
MemAvailable:    1550300 kB
Buffers:           22084 kB
Cached:           120816 kB
MemTotal:        1844596 kB
MemFree:         1538632 kB
MemAvailable:    1549696 kB
Buffers:           22084 kB
Cached:           120816 kB
MemTotal:        1844596 kB
MemFree:         1538968 kB
MemAvailable:    1550032 kB
Buffers:           22084 kB
Cached:           120816 kB
MemTotal:        1844596 kB
MemFree:         1538484 kB
MemAvailable:    1549548 kB
Buffers:           22084 kB
Cached:           120816 kB
MemTotal:        1844596 kB
MemFree:         1536912 kB
MemAvailable:    1547976 kB
Buffers:           22084 kB
Cached:           120816 kB
MemTotal:        1844596 kB
MemFree:         1537780 kB
MemAvailable:    1548844 kB
Buffers:           22084 kB
Cached:           120816 kB
MemTotal:        1844596 kB
MemFree:         1536664 kB
MemAvailable:    1547728 kB
Buffers:           22084 kB
Cached:           120816 kB
MemTotal:        1844596 kB
MemFree:         1537336 kB
MemAvailable:    1548400 kB
Buffers:           22084 kB
Cached:           120816 kB
MemTotal:        1844596 kB
MemFree:         1537356 kB
MemAvailable:    1548420 kB
Buffers:           22084 kB
Cached:           120816 kB
MemTotal:        1844596 kB
MemFree:         1536996 kB
MemAvailable:    1548064 kB
Buffers:           22084 kB
Cached:           120820 kB
MemTotal:        1844596 kB
MemFree:         1535664 kB
MemAvailable:    1546732 kB
Buffers:           22084 kB
Cached:           120820 kB
MemTotal:        1844596 kB
MemFree:         1536872 kB
MemAvailable:    1547940 kB
Buffers:           22084 kB
Cached:           120820 kB
MemTotal:        1844596 kB
MemFree:         1536096 kB
MemAvailable:    1547164 kB
Buffers:           22084 kB
Cached:           120820 kB
MemTotal:        1844596 kB
MemFree:         1534796 kB
MemAvailable:    1545864 kB
Buffers:           22084 kB
Cached:           120820 kB
MemTotal:        1844596 kB
MemFree:         1536028 kB
MemAvailable:    1547096 kB
Buffers:           22084 kB
Cached:           120820 kB
MemTotal:        1844596 kB
MemFree:         1535176 kB
MemAvailable:    1546244 kB
Buffers:           22084 kB
Cached:           120820 kB
MemTotal:        1844596 kB
MemFree:         1535260 kB
MemAvailable:    1546328 kB
Buffers:           22084 kB
Cached:           120820 kB
MemTotal:        1844596 kB
MemFree:         1535596 kB
MemAvailable:    1546664 kB
Buffers:           22084 kB
Cached:           120820 kB
MemTotal:        1844596 kB
MemFree:         1535388 kB
MemAvailable:    1546456 kB
Buffers:           22084 kB
Cached:           120820 kB
MemTotal:        1844596 kB
MemFree:         1535388 kB
MemAvailable:    1546456 kB
Buffers:           22084 kB
Cached:           120820 kB
MemTotal:        1844596 kB
MemFree:         1535396 kB
MemAvailable:    1546464 kB
Buffers:           22084 kB
Cached:           120820 kB
MemTotal:        1844596 kB
MemFree:         1535732 kB
MemAvailable:    1546800 kB
Buffers:           22084 kB
Cached:           120820 kB
MemTotal:        1844596 kB
MemFree:         1535408 kB
MemAvailable:    1546476 kB
Buffers:           22084 kB
Cached:           120820 kB
MemTotal:        1844596 kB
MemFree:         1535744 kB
MemAvailable:    1546812 kB
Buffers:           22084 kB
Cached:           120820 kB
MemTotal:        1844596 kB
MemFree:         1534928 kB
MemAvailable:    1545996 kB
Buffers:           22084 kB
Cached:           120820 kB
MemTotal:        1844596 kB
MemFree:         1533764 kB
MemAvailable:    1544832 kB
Buffers:           22084 kB
Cached:           120820 kB
MemTotal:        1844596 kB
MemFree:         1530448 kB
MemAvailable:    1541516 kB
Buffers:           22084 kB
Cached:           120820 kB
MemTotal:        1844596 kB
MemFree:         1530448 kB
MemAvailable:    1541516 kB
Buffers:           22084 kB
Cached:           120820 kB
MemTotal:        1844596 kB
MemFree:         1526992 kB
MemAvailable:    1538144 kB
Buffers:           22084 kB
Cached:           120944 kB
MemTotal:        1844596 kB
MemFree:         1525620 kB
MemAvailable:    1536772 kB
Buffers:           22084 kB
Cached:           120944 kB
MemTotal:        1844596 kB
MemFree:         1526604 kB
MemAvailable:    1537924 kB
Buffers:           22084 kB
Cached:           121192 kB
MemTotal:        1844596 kB
MemFree:         1526604 kB
MemAvailable:    1538008 kB
Buffers:           22084 kB
Cached:           121192 kB
MemTotal:        1844596 kB
MemFree:         1525068 kB
MemAvailable:    1536556 kB
Buffers:           22084 kB
Cached:           121316 kB
MemTotal:        1844596 kB
MemFree:         1526424 kB
MemAvailable:    1537996 kB
Buffers:           22084 kB
Cached:           121440 kB
MemTotal:        1844596 kB
MemFree:         1526244 kB
MemAvailable:    1537900 kB
Buffers:           22084 kB
Cached:           121440 kB
MemTotal:        1844596 kB
MemFree:         1525504 kB
MemAvailable:    1537160 kB
Buffers:           22084 kB
Cached:           121440 kB
MemTotal:        1844596 kB
MemFree:         1525964 kB
MemAvailable:    1537620 kB
Buffers:           22084 kB
Cached:           121440 kB
MemTotal:        1844596 kB
MemFree:         1526132 kB
MemAvailable:    1537788 kB
Buffers:           22084 kB
Cached:           121440 kB
MemTotal:        1844596 kB
MemFree:         1526152 kB
MemAvailable:    1537808 kB
Buffers:           22084 kB
Cached:           121440 kB
MemTotal:        1844596 kB
MemFree:         1526152 kB
MemAvailable:    1537808 kB
Buffers:           22084 kB
Cached:           121440 kB
MemTotal:        1844596 kB
MemFree:         1526088 kB
MemAvailable:    1537744 kB
Buffers:           22084 kB
Cached:           121440 kB
MemTotal:        1844596 kB
MemFree:         1526088 kB
MemAvailable:    1537744 kB
Buffers:           22084 kB
Cached:           121440 kB
MemTotal:        1844596 kB
MemFree:         1526312 kB
MemAvailable:    1537380 kB
Buffers:           22084 kB
Cached:           120892 kB
MemTotal:        1844596 kB
MemFree:         1526564 kB
MemAvailable:    1537632 kB
Buffers:           22084 kB
Cached:           120892 kB
MemTotal:        1844596 kB
MemFree:         1595676 kB
MemAvailable:    1606784 kB
Buffers:           22084 kB
Cached:           120900 kB
