MemTotal:        1844596 kB
MemFree:         1318792 kB
MemAvailable:    1553772 kB
Buffers:           49788 kB
Cached:           310560 kB
MemTotal:        1844596 kB
MemFree:         1315180 kB
MemAvailable:    1550160 kB
Buffers:           49788 kB
Cached:           310560 kB
MemTotal:        1844596 kB
MemFree:         1315140 kB
MemAvailable:    1550120 kB
Buffers:           49788 kB
Cached:           310560 kB
MemTotal:        1844596 kB
MemFree:         1315296 kB
MemAvailable:    1550276 kB
Buffers:           49788 kB
Cached:           310560 kB
MemTotal:        1844596 kB
MemFree:         1315296 kB
MemAvailable:    1550276 kB
Buffers:           49788 kB
Cached:           310560 kB
MemTotal:        1844596 kB
MemFree:         1314056 kB
MemAvailable:    1549036 kB
Buffers:           49788 kB
Cached:           310560 kB
MemTotal:        1844596 kB
MemFree:         1314184 kB
MemAvailable:    1549164 kB
Buffers:           49788 kB
Cached:           310560 kB
MemTotal:        1844596 kB
MemFree:         1311332 kB
MemAvailable:    1546312 kB
Buffers:           49788 kB
Cached:           310560 kB
MemTotal:        1844596 kB
MemFree:         1308244 kB
MemAvailable:    1543224 kB
Buffers:           49788 kB
Cached:           310560 kB
MemTotal:        1844596 kB
MemFree:         1304144 kB
MemAvailable:    1539124 kB
Buffers:           49788 kB
Cached:           310560 kB
MemTotal:        1844596 kB
MemFree:         1304144 kB
MemAvailable:    1539124 kB
Buffers:           49788 kB
Cached:           310560 kB
MemTotal:        1844596 kB
MemFree:         1305512 kB
MemAvailable:    1540492 kB
Buffers:           49788 kB
Cached:           310560 kB
MemTotal:        1844596 kB
MemFree:         1304788 kB
MemAvailable:    1539768 kB
Buffers:           49788 kB
Cached:           310560 kB
MemTotal:        1844596 kB
MemFree:         1305336 kB
MemAvailable:    1540316 kB
Buffers:           49788 kB
Cached:           310560 kB
MemTotal:        1844596 kB
MemFree:         1305460 kB
MemAvailable:    1540440 kB
Buffers:           49788 kB
Cached:           310560 kB
MemTotal:        1844596 kB
MemFree:         1305288 kB
MemAvailable:    1540268 kB
Buffers:           49788 kB
Cached:           310560 kB
MemTotal:        1844596 kB
MemFree:         1304532 kB
MemAvailable:    1539512 kB
Buffers:           49788 kB
Cached:           310560 kB
MemTotal:        1844596 kB
MemFree:         1303856 kB
MemAvailable:    1538836 kB
Buffers:           49788 kB
Cached:           310560 kB
MemTotal:        1844596 kB
MemFree:         1304284 kB
MemAvailable:    1539264 kB
Buffers:           49788 kB
Cached:           310560 kB
MemTotal:        1844596 kB
MemFree:         1303144 kB
MemAvailable:    1538124 kB
Buffers:           49788 kB
Cached:           310560 kB
MemTotal:        1844596 kB
MemFree:         1303396 kB
MemAvailable:    1538376 kB
Buffers:           49788 kB
Cached:           310560 kB
MemTotal:        1844596 kB
MemFree:         1302888 kB
MemAvailable:    1537868 kB
Buffers:           49788 kB
Cached:           310560 kB
MemTotal:        1844596 kB
MemFree:         1302972 kB
MemAvailable:    1537952 kB
Buffers:           49788 kB
Cached:           310560 kB
MemTotal:        1844596 kB
MemFree:         1302920 kB
MemAvailable:    1537900 kB
Buffers:           49788 kB
Cached:           310560 kB
MemTotal:        1844596 kB
MemFree:         1302052 kB
MemAvailable:    1537032 kB
Buffers:           49788 kB
Cached:           310560 kB
MemTotal:        1844596 kB
MemFree:         1302992 kB
MemAvailable:    1537972 kB
Buffers:           49788 kB
Cached:           310560 kB
MemTotal:        1844596 kB
MemFree:         1302860 kB
MemAvailable:    1537840 kB
Buffers:           49788 kB
Cached:           310560 kB
MemTotal:        1844596 kB
MemFree:         1301736 kB
MemAvailable:    1536716 kB
Buffers:           49788 kB
Cached:           310560 kB
MemTotal:        1844596 kB
MemFree:         1301656 kB
MemAvailable:    1536636 kB
Buffers:           49788 kB
Cached:           310560 kB
MemTotal:        1844596 kB
MemFree:         1304284 kB
MemAvailable:    1539264 kB
Buffers:           49788 kB
Cached:           310560 kB
MemTotal:        1844596 kB
MemFree:         1303664 kB
MemAvailable:    1538644 kB
Buffers:           49788 kB
Cached:           310560 kB
MemTotal:        1844596 kB
MemFree:         1302920 kB
MemAvailable:    1537900 kB
Buffers:           49788 kB
Cached:           310560 kB
MemTotal:        1844596 kB
MemFree:         1301864 kB
MemAvailable:    1536844 kB
Buffers:           49788 kB
Cached:           310560 kB
MemTotal:        1844596 kB
MemFree:         1300540 kB
MemAvailable:    1535520 kB
Buffers:           49788 kB
Cached:           310560 kB
MemTotal:        1844596 kB
MemFree:         1300540 kB
MemAvailable:    1535520 kB
Buffers:           49788 kB
Cached:           310560 kB
MemTotal:        1844596 kB
MemFree:         1300192 kB
MemAvailable:    1535172 kB
Buffers:           49788 kB
Cached:           310560 kB
MemTotal:        1844596 kB
MemFree:         1300068 kB
MemAvailable:    1535048 kB
Buffers:           49788 kB
Cached:           310560 kB
MemTotal:        1844596 kB
MemFree:         1300192 kB
MemAvailable:    1535172 kB
Buffers:           49788 kB
Cached:           310560 kB
MemTotal:        1844596 kB
MemFree:         1297952 kB
MemAvailable:    1532932 kB
Buffers:           49788 kB
Cached:           310560 kB
MemTotal:        1844596 kB
MemFree:         1299012 kB
MemAvailable:    1533992 kB
Buffers:           49788 kB
Cached:           310560 kB
MemTotal:        1844596 kB
MemFree:         1297960 kB
MemAvailable:    1532940 kB
Buffers:           49788 kB
Cached:           310560 kB
MemTotal:        1844596 kB
MemFree:         1298668 kB
MemAvailable:    1533648 kB
Buffers:           49788 kB
Cached:           310560 kB
MemTotal:        1844596 kB
MemFree:         1298632 kB
MemAvailable:    1533612 kB
Buffers:           49788 kB
Cached:           310560 kB
MemTotal:        1844596 kB
MemFree:         1298700 kB
MemAvailable:    1533680 kB
Buffers:           49788 kB
Cached:           310560 kB
MemTotal:        1844596 kB
MemFree:         1298696 kB
MemAvailable:    1533676 kB
Buffers:           49788 kB
Cached:           310560 kB
MemTotal:        1844596 kB
MemFree:         1297136 kB
MemAvailable:    1532116 kB
Buffers:           49788 kB
Cached:           310560 kB
MemTotal:        1844596 kB
MemFree:         1296960 kB
MemAvailable:    1531940 kB
Buffers:           49788 kB
Cached:           310560 kB
MemTotal:        1844596 kB
MemFree:         1296968 kB
MemAvailable:    1531948 kB
Buffers:           49788 kB
Cached:           310560 kB
MemTotal:        1844596 kB
MemFree:         1297828 kB
MemAvailable:    1532808 kB
Buffers:           49788 kB
Cached:           310560 kB
MemTotal:        1844596 kB
MemFree:         1296536 kB
MemAvailable:    1531516 kB
Buffers:           49788 kB
Cached:           310560 kB
MemTotal:        1844596 kB
MemFree:         1298020 kB
MemAvailable:    1533000 kB
Buffers:           49788 kB
Cached:           310560 kB
MemTotal:        1844596 kB
MemFree:         1297876 kB
MemAvailable:    1532856 kB
Buffers:           49788 kB
Cached:           310560 kB
MemTotal:        1844596 kB
MemFree:         1296568 kB
MemAvailable:    1531548 kB
Buffers:           49788 kB
Cached:           310560 kB
MemTotal:        1844596 kB
MemFree:         1297660 kB
MemAvailable:    1532640 kB
Buffers:           49788 kB
Cached:           310560 kB
MemTotal:        1844596 kB
MemFree:         1297912 kB
MemAvailable:    1532892 kB
Buffers:           49788 kB
Cached:           310560 kB
MemTotal:        1844596 kB
MemFree:         1297864 kB
MemAvailable:    1532844 kB
Buffers:           49788 kB
Cached:           310560 kB
MemTotal:        1844596 kB
MemFree:         1297040 kB
MemAvailable:    1532020 kB
Buffers:           49788 kB
Cached:           310560 kB
MemTotal:        1844596 kB
MemFree:         1297704 kB
MemAvailable:    1532684 kB
Buffers:           49788 kB
Cached:           310560 kB
MemTotal:        1844596 kB
MemFree:         1296272 kB
MemAvailable:    1531252 kB
Buffers:           49788 kB
Cached:           310560 kB
MemTotal:        1844596 kB
MemFree:         1297748 kB
MemAvailable:    1532728 kB
Buffers:           49788 kB
Cached:           310560 kB
MemTotal:        1844596 kB
MemFree:         1297584 kB
MemAvailable:    1532564 kB
Buffers:           49788 kB
Cached:           310560 kB
MemTotal:        1844596 kB
MemFree:         1297392 kB
MemAvailable:    1532372 kB
Buffers:           49788 kB
Cached:           310560 kB
MemTotal:        1844596 kB
MemFree:         1297196 kB
MemAvailable:    1532176 kB
Buffers:           49788 kB
Cached:           310560 kB
MemTotal:        1844596 kB
MemFree:         1295976 kB
MemAvailable:    1530956 kB
Buffers:           49788 kB
Cached:           310560 kB
MemTotal:        1844596 kB
MemFree:         1297016 kB
MemAvailable:    1531996 kB
Buffers:           49788 kB
Cached:           310560 kB
MemTotal:        1844596 kB
MemFree:         1296224 kB
MemAvailable:    1531204 kB
Buffers:           49788 kB
Cached:           310560 kB
MemTotal:        1844596 kB
MemFree:         1296892 kB
MemAvailable:    1531872 kB
Buffers:           49788 kB
Cached:           310560 kB
MemTotal:        1844596 kB
MemFree:         1295544 kB
MemAvailable:    1530524 kB
Buffers:           49788 kB
Cached:           310560 kB
MemTotal:        1844596 kB
MemFree:         1296216 kB
MemAvailable:    1531196 kB
Buffers:           49788 kB
Cached:           310560 kB
MemTotal:        1844596 kB
MemFree:         1296944 kB
MemAvailable:    1531932 kB
Buffers:           49788 kB
Cached:           310568 kB
MemTotal:        1844596 kB
MemFree:         1297208 kB
MemAvailable:    1532196 kB
Buffers:           49788 kB
Cached:           310568 kB
MemTotal:        1844596 kB
MemFree:         1296812 kB
MemAvailable:    1531800 kB
Buffers:           49788 kB
Cached:           310568 kB
MemTotal:        1844596 kB
MemFree:         1296812 kB
MemAvailable:    1531800 kB
Buffers:           49788 kB
Cached:           310568 kB
MemTotal:        1844596 kB
MemFree:         1296864 kB
MemAvailable:    1531856 kB
Buffers:           49788 kB
Cached:           310572 kB
MemTotal:        1844596 kB
MemFree:         1296696 kB
MemAvailable:    1531688 kB
Buffers:           49788 kB
Cached:           310572 kB
MemTotal:        1844596 kB
MemFree:         1295976 kB
MemAvailable:    1530968 kB
Buffers:           49788 kB
Cached:           310572 kB
MemTotal:        1844596 kB
MemFree:         1294852 kB
MemAvailable:    1529844 kB
Buffers:           49788 kB
Cached:           310572 kB
MemTotal:        1844596 kB
MemFree:         1293620 kB
MemAvailable:    1528612 kB
Buffers:           49788 kB
Cached:           310572 kB
MemTotal:        1844596 kB
MemFree:         1291572 kB
MemAvailable:    1526564 kB
Buffers:           49788 kB
Cached:           310572 kB
MemTotal:        1844596 kB
MemFree:         1288660 kB
MemAvailable:    1523652 kB
Buffers:           49788 kB
Cached:           310572 kB
MemTotal:        1844596 kB
MemFree:         1289464 kB
MemAvailable:    1524456 kB
Buffers:           49788 kB
Cached:           310572 kB
MemTotal:        1844596 kB
MemFree:         1288288 kB
MemAvailable:    1523280 kB
Buffers:           49788 kB
Cached:           310572 kB
MemTotal:        1844596 kB
MemFree:         1288880 kB
MemAvailable:    1523872 kB
Buffers:           49788 kB
Cached:           310572 kB
MemTotal:        1844596 kB
MemFree:         1288964 kB
MemAvailable:    1523956 kB
Buffers:           49788 kB
Cached:           310572 kB
MemTotal:        1844596 kB
MemFree:         1288788 kB
MemAvailable:    1523780 kB
Buffers:           49788 kB
Cached:           310572 kB
MemTotal:        1844596 kB
MemFree:         1288288 kB
MemAvailable:    1523280 kB
Buffers:           49788 kB
Cached:           310572 kB
MemTotal:        1844596 kB
MemFree:         1288832 kB
MemAvailable:    1523824 kB
Buffers:           49788 kB
Cached:           310572 kB
MemTotal:        1844596 kB
MemFree:         1288916 kB
MemAvailable:    1523908 kB
Buffers:           49788 kB
Cached:           310572 kB
MemTotal:        1844596 kB
MemFree:         1288780 kB
MemAvailable:    1523772 kB
Buffers:           49788 kB
Cached:           310572 kB
MemTotal:        1844596 kB
MemFree:         1288844 kB
MemAvailable:    1523836 kB
Buffers:           49788 kB
Cached:           310572 kB
MemTotal:        1844596 kB
MemFree:         1287496 kB
MemAvailable:    1522488 kB
Buffers:           49788 kB
Cached:           310572 kB
MemTotal:        1844596 kB
MemFree:         1287620 kB
MemAvailable:    1522612 kB
Buffers:           49788 kB
Cached:           310572 kB
MemTotal:        1844596 kB
MemFree:         1288712 kB
MemAvailable:    1523704 kB
Buffers:           49788 kB
Cached:           310572 kB
MemTotal:        1844596 kB
MemFree:         1288860 kB
MemAvailable:    1523852 kB
Buffers:           49788 kB
Cached:           310572 kB
MemTotal:        1844596 kB
MemFree:         1289000 kB
MemAvailable:    1523992 kB
Buffers:           49788 kB
Cached:           310572 kB
MemTotal:        1844596 kB
MemFree:         1288584 kB
MemAvailable:    1523576 kB
Buffers:           49788 kB
Cached:           310572 kB
MemTotal:        1844596 kB
MemFree:         1288836 kB
MemAvailable:    1523828 kB
Buffers:           49788 kB
Cached:           310572 kB
MemTotal:        1844596 kB
MemFree:         1288224 kB
MemAvailable:    1523216 kB
Buffers:           49788 kB
Cached:           310572 kB
MemTotal:        1844596 kB
MemFree:         1286676 kB
MemAvailable:    1521668 kB
Buffers:           49788 kB
Cached:           310572 kB
MemTotal:        1844596 kB
MemFree:         1287908 kB
MemAvailable:    1522900 kB
Buffers:           49788 kB
Cached:           310572 kB
MemTotal:        1844596 kB
MemFree:         1286180 kB
MemAvailable:    1521172 kB
Buffers:           49788 kB
Cached:           310572 kB
MemTotal:        1844596 kB
MemFree:         1287164 kB
MemAvailable:    1522156 kB
Buffers:           49788 kB
Cached:           310572 kB
MemTotal:        1844596 kB
MemFree:         1286428 kB
MemAvailable:    1521420 kB
Buffers:           49788 kB
Cached:           310572 kB
MemTotal:        1844596 kB
MemFree:         1286240 kB
MemAvailable:    1521232 kB
Buffers:           49788 kB
Cached:           310572 kB
MemTotal:        1844596 kB
MemFree:         1286048 kB
MemAvailable:    1521040 kB
Buffers:           49788 kB
Cached:           310572 kB
MemTotal:        1844596 kB
MemFree:         1285056 kB
MemAvailable:    1520048 kB
Buffers:           49788 kB
Cached:           310572 kB
MemTotal:        1844596 kB
MemFree:         1285488 kB
MemAvailable:    1520480 kB
Buffers:           49788 kB
Cached:           310572 kB
MemTotal:        1844596 kB
MemFree:         1284188 kB
MemAvailable:    1519180 kB
Buffers:           49788 kB
Cached:           310572 kB
MemTotal:        1844596 kB
MemFree:         1285284 kB
MemAvailable:    1520276 kB
Buffers:           49788 kB
Cached:           310572 kB
MemTotal:        1844596 kB
MemFree:         1285284 kB
MemAvailable:    1520276 kB
Buffers:           49788 kB
Cached:           310572 kB
MemTotal:        1844596 kB
MemFree:         1285024 kB
MemAvailable:    1520016 kB
Buffers:           49788 kB
Cached:           310572 kB
MemTotal:        1844596 kB
MemFree:         1285276 kB
MemAvailable:    1520268 kB
Buffers:           49788 kB
Cached:           310572 kB
MemTotal:        1844596 kB
MemFree:         1283800 kB
MemAvailable:    1518792 kB
Buffers:           49788 kB
Cached:           310572 kB
MemTotal:        1844596 kB
MemFree:         1283628 kB
MemAvailable:    1518620 kB
Buffers:           49788 kB
Cached:           310572 kB
MemTotal:        1844596 kB
MemFree:         1285224 kB
MemAvailable:    1520216 kB
Buffers:           49788 kB
Cached:           310572 kB
MemTotal:        1844596 kB
MemFree:         1283912 kB
MemAvailable:    1518904 kB
Buffers:           49788 kB
Cached:           310572 kB
MemTotal:        1844596 kB
MemFree:         1284904 kB
MemAvailable:    1519896 kB
Buffers:           49788 kB
Cached:           310572 kB
MemTotal:        1844596 kB
MemFree:         1283948 kB
MemAvailable:    1518940 kB
Buffers:           49788 kB
Cached:           310572 kB
MemTotal:        1844596 kB
MemFree:         1283688 kB
MemAvailable:    1518680 kB
Buffers:           49788 kB
Cached:           310572 kB
MemTotal:        1844596 kB
MemFree:         1283700 kB
MemAvailable:    1518692 kB
Buffers:           49788 kB
Cached:           310572 kB
MemTotal:        1844596 kB
MemFree:         1284428 kB
MemAvailable:    1519420 kB
Buffers:           49788 kB
Cached:           310572 kB
MemTotal:        1844596 kB
MemFree:         1283452 kB
MemAvailable:    1518444 kB
Buffers:           49788 kB
Cached:           310572 kB
MemTotal:        1844596 kB
MemFree:         1277616 kB
MemAvailable:    1512608 kB
Buffers:           49788 kB
Cached:           310572 kB
MemTotal:        1844596 kB
MemFree:         1275888 kB
MemAvailable:    1510880 kB
Buffers:           49788 kB
Cached:           310572 kB
MemTotal:        1844596 kB
MemFree:         1275824 kB
MemAvailable:    1510900 kB
Buffers:           49788 kB
Cached:           310696 kB
MemTotal:        1844596 kB
MemFree:         1275568 kB
MemAvailable:    1510728 kB
Buffers:           49788 kB
Cached:           310820 kB
MemTotal:        1844596 kB
MemFree:         1275436 kB
MemAvailable:    1510764 kB
Buffers:           49788 kB
Cached:           310944 kB
MemTotal:        1844596 kB
MemFree:         1275104 kB
MemAvailable:    1510516 kB
Buffers:           49788 kB
Cached:           310944 kB
MemTotal:        1844596 kB
MemFree:         1274004 kB
MemAvailable:    1509416 kB
Buffers:           49788 kB
Cached:           311068 kB
MemTotal:        1844596 kB
MemFree:         1273736 kB
MemAvailable:    1509232 kB
Buffers:           49788 kB
Cached:           311192 kB
MemTotal:        1844596 kB
MemFree:         1273772 kB
MemAvailable:    1509352 kB
Buffers:           49788 kB
Cached:           311192 kB
MemTotal:        1844596 kB
MemFree:         1273772 kB
MemAvailable:    1509352 kB
Buffers:           49788 kB
Cached:           311192 kB
MemTotal:        1844596 kB
MemFree:         1275012 kB
MemAvailable:    1510676 kB
Buffers:           49788 kB
Cached:           311192 kB
MemTotal:        1844596 kB
MemFree:         1273896 kB
MemAvailable:    1509560 kB
Buffers:           49788 kB
Cached:           311192 kB
MemTotal:        1844596 kB
MemFree:         1274736 kB
MemAvailable:    1510400 kB
Buffers:           49788 kB
Cached:           311192 kB
MemTotal:        1844596 kB
MemFree:         1274988 kB
MemAvailable:    1510652 kB
Buffers:           49788 kB
Cached:           311192 kB
MemTotal:        1844596 kB
MemFree:         1274932 kB
MemAvailable:    1510596 kB
Buffers:           49788 kB
Cached:           311192 kB
MemTotal:        1844596 kB
MemFree:         1273608 kB
MemAvailable:    1509272 kB
Buffers:           49788 kB
Cached:           311192 kB
MemTotal:        1844596 kB
MemFree:         1274784 kB
MemAvailable:    1510448 kB
Buffers:           49788 kB
Cached:           311192 kB
MemTotal:        1844596 kB
MemFree:         1275412 kB
MemAvailable:    1510488 kB
Buffers:           49788 kB
Cached:           310560 kB
MemTotal:        1844596 kB
MemFree:         1344324 kB
MemAvailable:    1579400 kB
Buffers:           49788 kB
Cached:           310560 kB
