MemTotal:        1844596 kB
MemFree:         1580544 kB
MemAvailable:    1582752 kB
Buffers:           20956 kB
Cached:           111512 kB
MemTotal:        1844596 kB
MemFree:         1580172 kB
MemAvailable:    1582380 kB
Buffers:           20956 kB
Cached:           111512 kB
MemTotal:        1844596 kB
MemFree:         1579056 kB
MemAvailable:    1581264 kB
Buffers:           20956 kB
Cached:           111512 kB
MemTotal:        1844596 kB
MemFree:         1577684 kB
MemAvailable:    1579892 kB
Buffers:           20956 kB
Cached:           111512 kB
MemTotal:        1844596 kB
MemFree:         1577428 kB
MemAvailable:    1579636 kB
Buffers:           20956 kB
Cached:           111512 kB
MemTotal:        1844596 kB
MemFree:         1577512 kB
MemAvailable:    1579720 kB
Buffers:           20956 kB
Cached:           111512 kB
MemTotal:        1844596 kB
MemFree:         1574204 kB
MemAvailable:    1576412 kB
Buffers:           20956 kB
Cached:           111512 kB
MemTotal:        1844596 kB
MemFree:         1574416 kB
MemAvailable:    1576624 kB
Buffers:           20956 kB
Cached:           111512 kB
MemTotal:        1844596 kB
MemFree:         1568872 kB
MemAvailable:    1571080 kB
Buffers:           20956 kB
Cached:           111512 kB
MemTotal:        1844596 kB
MemFree:         1568584 kB
MemAvailable:    1570792 kB
Buffers:           20956 kB
Cached:           111512 kB
MemTotal:        1844596 kB
MemFree:         1567384 kB
MemAvailable:    1569592 kB
Buffers:           20956 kB
Cached:           111512 kB
MemTotal:        1844596 kB
MemFree:         1567720 kB
MemAvailable:    1569928 kB
Buffers:           20956 kB
Cached:           111512 kB
MemTotal:        1844596 kB
MemFree:         1567508 kB
MemAvailable:    1569716 kB
Buffers:           20956 kB
Cached:           111512 kB
MemTotal:        1844596 kB
MemFree:         1567508 kB
MemAvailable:    1569716 kB
Buffers:           20956 kB
Cached:           111512 kB
MemTotal:        1844596 kB
MemFree:         1567452 kB
MemAvailable:    1569660 kB
Buffers:           20956 kB
Cached:           111512 kB
MemTotal:        1844596 kB
MemFree:         1567704 kB
MemAvailable:    1569912 kB
Buffers:           20956 kB
Cached:           111512 kB
MemTotal:        1844596 kB
MemFree:         1566880 kB
MemAvailable:    1569088 kB
Buffers:           20956 kB
Cached:           111512 kB
MemTotal:        1844596 kB
MemFree:         1566648 kB
MemAvailable:    1568856 kB
Buffers:           20956 kB
Cached:           111512 kB
MemTotal:        1844596 kB
MemFree:         1565516 kB
MemAvailable:    1567724 kB
Buffers:           20956 kB
Cached:           111512 kB
MemTotal:        1844596 kB
MemFree:         1565852 kB
MemAvailable:    1568060 kB
Buffers:           20956 kB
Cached:           111512 kB
MemTotal:        1844596 kB
MemFree:         1564292 kB
MemAvailable:    1566500 kB
Buffers:           20956 kB
Cached:           111512 kB
MemTotal:        1844596 kB
MemFree:         1564168 kB
MemAvailable:    1566376 kB
Buffers:           20956 kB
Cached:           111512 kB
MemTotal:        1844596 kB
MemFree:         1565476 kB
MemAvailable:    1567684 kB
Buffers:           20956 kB
Cached:           111512 kB
MemTotal:        1844596 kB
MemFree:         1564052 kB
MemAvailable:    1566260 kB
Buffers:           20956 kB
Cached:           111512 kB
MemTotal:        1844596 kB
MemFree:         1564972 kB
MemAvailable:    1567180 kB
Buffers:           20956 kB
Cached:           111512 kB
MemTotal:        1844596 kB
MemFree:         1565224 kB
MemAvailable:    1567432 kB
Buffers:           20956 kB
Cached:           111512 kB
MemTotal:        1844596 kB
MemFree:         1565208 kB
MemAvailable:    1567416 kB
Buffers:           20956 kB
Cached:           111512 kB
MemTotal:        1844596 kB
MemFree:         1563776 kB
MemAvailable:    1565984 kB
Buffers:           20956 kB
Cached:           111512 kB
MemTotal:        1844596 kB
MemFree:         1566436 kB
MemAvailable:    1568644 kB
Buffers:           20956 kB
Cached:           111512 kB
MemTotal:        1844596 kB
MemFree:         1566656 kB
MemAvailable:    1568864 kB
Buffers:           20956 kB
Cached:           111512 kB
MemTotal:        1844596 kB
MemFree:         1565144 kB
MemAvailable:    1567352 kB
Buffers:           20956 kB
Cached:           111512 kB
MemTotal:        1844596 kB
MemFree:         1565232 kB
MemAvailable:    1567440 kB
Buffers:           20956 kB
Cached:           111512 kB
MemTotal:        1844596 kB
MemFree:         1562796 kB
MemAvailable:    1565004 kB
Buffers:           20956 kB
Cached:           111512 kB
MemTotal:        1844596 kB
MemFree:         1562880 kB
MemAvailable:    1565088 kB
Buffers:           20956 kB
Cached:           111512 kB
MemTotal:        1844596 kB
MemFree:         1562176 kB
MemAvailable:    1564384 kB
Buffers:           20956 kB
Cached:           111512 kB
MemTotal:        1844596 kB
MemFree:         1562388 kB
MemAvailable:    1564596 kB
Buffers:           20956 kB
Cached:           111512 kB
MemTotal:        1844596 kB
MemFree:         1560812 kB
MemAvailable:    1563020 kB
Buffers:           20956 kB
Cached:           111512 kB
MemTotal:        1844596 kB
MemFree:         1561376 kB
MemAvailable:    1563584 kB
Buffers:           20956 kB
Cached:           111512 kB
MemTotal:        1844596 kB
MemFree:         1561252 kB
MemAvailable:    1563460 kB
Buffers:           20956 kB
Cached:           111512 kB
MemTotal:        1844596 kB
MemFree:         1559944 kB
MemAvailable:    1562152 kB
Buffers:           20956 kB
Cached:           111512 kB
MemTotal:        1844596 kB
MemFree:         1561200 kB
MemAvailable:    1563408 kB
Buffers:           20956 kB
Cached:           111512 kB
MemTotal:        1844596 kB
MemFree:         1559960 kB
MemAvailable:    1562168 kB
Buffers:           20956 kB
Cached:           111512 kB
MemTotal:        1844596 kB
MemFree:         1560752 kB
MemAvailable:    1562960 kB
Buffers:           20956 kB
Cached:           111512 kB
MemTotal:        1844596 kB
MemFree:         1560984 kB
MemAvailable:    1563192 kB
Buffers:           20956 kB
Cached:           111512 kB
MemTotal:        1844596 kB
MemFree:         1558892 kB
MemAvailable:    1561100 kB
Buffers:           20956 kB
Cached:           111512 kB
MemTotal:        1844596 kB
MemFree:         1558892 kB
MemAvailable:    1561100 kB
Buffers:           20956 kB
Cached:           111512 kB
MemTotal:        1844596 kB
MemFree:         1559004 kB
MemAvailable:    1561212 kB
Buffers:           20956 kB
Cached:           111512 kB
MemTotal:        1844596 kB
MemFree:         1560136 kB
MemAvailable:    1562344 kB
Buffers:           20956 kB
Cached:           111512 kB
MemTotal:        1844596 kB
MemFree:         1559980 kB
MemAvailable:    1562196 kB
Buffers:           20956 kB
Cached:           111520 kB
MemTotal:        1844596 kB
MemFree:         1559464 kB
MemAvailable:    1561680 kB
Buffers:           20956 kB
Cached:           111520 kB
MemTotal:        1844596 kB
MemFree:         1559764 kB
MemAvailable:    1561980 kB
Buffers:           20956 kB
Cached:           111520 kB
MemTotal:        1844596 kB
MemFree:         1560016 kB
MemAvailable:    1562232 kB
Buffers:           20956 kB
Cached:           111520 kB
MemTotal:        1844596 kB
MemFree:         1559680 kB
MemAvailable:    1561896 kB
Buffers:           20956 kB
Cached:           111520 kB
MemTotal:        1844596 kB
MemFree:         1559848 kB
MemAvailable:    1562064 kB
Buffers:           20956 kB
Cached:           111520 kB
MemTotal:        1844596 kB
MemFree:         1560000 kB
MemAvailable:    1562216 kB
Buffers:           20956 kB
Cached:           111520 kB
MemTotal:        1844596 kB
MemFree:         1558776 kB
MemAvailable:    1560992 kB
Buffers:           20956 kB
Cached:           111520 kB
MemTotal:        1844596 kB
MemFree:         1559948 kB
MemAvailable:    1562164 kB
Buffers:           20956 kB
Cached:           111520 kB
MemTotal:        1844596 kB
MemFree:         1559216 kB
MemAvailable:    1561432 kB
Buffers:           20956 kB
Cached:           111520 kB
MemTotal:        1844596 kB
MemFree:         1559640 kB
MemAvailable:    1561856 kB
Buffers:           20956 kB
Cached:           111520 kB
MemTotal:        1844596 kB
MemFree:         1559640 kB
MemAvailable:    1561856 kB
Buffers:           20956 kB
Cached:           111520 kB
MemTotal:        1844596 kB
MemFree:         1559268 kB
MemAvailable:    1561484 kB
Buffers:           20956 kB
Cached:           111520 kB
MemTotal:        1844596 kB
MemFree:         1559520 kB
MemAvailable:    1561736 kB
Buffers:           20956 kB
Cached:           111520 kB
MemTotal:        1844596 kB
MemFree:         1558036 kB
MemAvailable:    1560252 kB
Buffers:           20956 kB
Cached:           111520 kB
MemTotal:        1844596 kB
MemFree:         1557948 kB
MemAvailable:    1560164 kB
Buffers:           20956 kB
Cached:           111520 kB
MemTotal:        1844596 kB
MemFree:         1558092 kB
MemAvailable:    1560308 kB
Buffers:           20956 kB
Cached:           111520 kB
MemTotal:        1844596 kB
MemFree:         1559400 kB
MemAvailable:    1561616 kB
Buffers:           20956 kB
Cached:           111520 kB
MemTotal:        1844596 kB
MemFree:         1558944 kB
MemAvailable:    1561160 kB
Buffers:           20956 kB
Cached:           111520 kB
MemTotal:        1844596 kB
MemFree:         1559092 kB
MemAvailable:    1561308 kB
Buffers:           20956 kB
Cached:           111520 kB
MemTotal:        1844596 kB
MemFree:         1557672 kB
MemAvailable:    1559888 kB
Buffers:           20956 kB
Cached:           111520 kB
MemTotal:        1844596 kB
MemFree:         1557664 kB
MemAvailable:    1559880 kB
Buffers:           20956 kB
Cached:           111520 kB
MemTotal:        1844596 kB
MemFree:         1558912 kB
MemAvailable:    1561128 kB
Buffers:           20956 kB
Cached:           111520 kB
MemTotal:        1844596 kB
MemFree:         1558224 kB
MemAvailable:    1560440 kB
Buffers:           20956 kB
Cached:           111520 kB
MemTotal:        1844596 kB
MemFree:         1558808 kB
MemAvailable:    1561024 kB
Buffers:           20956 kB
Cached:           111520 kB
MemTotal:        1844596 kB
MemFree:         1559144 kB
MemAvailable:    1561360 kB
Buffers:           20956 kB
Cached:           111520 kB
MemTotal:        1844596 kB
MemFree:         1558532 kB
MemAvailable:    1560748 kB
Buffers:           20956 kB
Cached:           111520 kB
MemTotal:        1844596 kB
MemFree:         1556364 kB
MemAvailable:    1558580 kB
Buffers:           20956 kB
Cached:           111520 kB
MemTotal:        1844596 kB
MemFree:         1556116 kB
MemAvailable:    1558332 kB
Buffers:           20956 kB
Cached:           111520 kB
MemTotal:        1844596 kB
MemFree:         1552256 kB
MemAvailable:    1554472 kB
Buffers:           20956 kB
Cached:           111520 kB
MemTotal:        1844596 kB
MemFree:         1552148 kB
MemAvailable:    1554364 kB
Buffers:           20956 kB
Cached:           111520 kB
MemTotal:        1844596 kB
MemFree:         1550404 kB
MemAvailable:    1552620 kB
Buffers:           20956 kB
Cached:           111520 kB
MemTotal:        1844596 kB
MemFree:         1550148 kB
MemAvailable:    1552364 kB
Buffers:           20956 kB
Cached:           111520 kB
MemTotal:        1844596 kB
MemFree:         1551216 kB
MemAvailable:    1553432 kB
Buffers:           20956 kB
Cached:           111520 kB
MemTotal:        1844596 kB
MemFree:         1551168 kB
MemAvailable:    1553384 kB
Buffers:           20956 kB
Cached:           111520 kB
MemTotal:        1844596 kB
MemFree:         1549736 kB
MemAvailable:    1551952 kB
Buffers:           20956 kB
Cached:           111520 kB
MemTotal:        1844596 kB
MemFree:         1551204 kB
MemAvailable:    1553420 kB
Buffers:           20956 kB
Cached:           111520 kB
MemTotal:        1844596 kB
MemFree:         1550992 kB
MemAvailable:    1553208 kB
Buffers:           20956 kB
Cached:           111520 kB
MemTotal:        1844596 kB
MemFree:         1550992 kB
MemAvailable:    1553208 kB
Buffers:           20956 kB
Cached:           111520 kB
MemTotal:        1844596 kB
MemFree:         1550872 kB
MemAvailable:    1553088 kB
Buffers:           20956 kB
Cached:           111520 kB
MemTotal:        1844596 kB
MemFree:         1551208 kB
MemAvailable:    1553424 kB
Buffers:           20956 kB
Cached:           111520 kB
MemTotal:        1844596 kB
MemFree:         1550940 kB
MemAvailable:    1553156 kB
Buffers:           20956 kB
Cached:           111520 kB
MemTotal:        1844596 kB
MemFree:         1551276 kB
MemAvailable:    1553492 kB
Buffers:           20956 kB
Cached:           111520 kB
MemTotal:        1844596 kB
MemFree:         1551060 kB
MemAvailable:    1553276 kB
Buffers:           20956 kB
Cached:           111520 kB
MemTotal:        1844596 kB
MemFree:         1549752 kB
MemAvailable:    1551968 kB
Buffers:           20956 kB
Cached:           111520 kB
MemTotal:        1844596 kB
MemFree:         1549836 kB
MemAvailable:    1552052 kB
Buffers:           20956 kB
Cached:           111520 kB
MemTotal:        1844596 kB
MemFree:         1549652 kB
MemAvailable:    1551868 kB
Buffers:           20956 kB
Cached:           111520 kB
MemTotal:        1844596 kB
MemFree:         1550412 kB
MemAvailable:    1552628 kB
Buffers:           20956 kB
Cached:           111520 kB
MemTotal:        1844596 kB
MemFree:         1550144 kB
MemAvailable:    1552360 kB
Buffers:           20956 kB
Cached:           111520 kB
MemTotal:        1844596 kB
MemFree:         1549288 kB
MemAvailable:    1551504 kB
Buffers:           20956 kB
Cached:           111520 kB
MemTotal:        1844596 kB
MemFree:         1549664 kB
MemAvailable:    1551880 kB
Buffers:           20956 kB
Cached:           111520 kB
MemTotal:        1844596 kB
MemFree:         1549532 kB
MemAvailable:    1551748 kB
Buffers:           20968 kB
Cached:           111508 kB
MemTotal:        1844596 kB
MemFree:         1548100 kB
MemAvailable:    1550316 kB
Buffers:           20968 kB
Cached:           111508 kB
MemTotal:        1844596 kB
MemFree:         1547968 kB
MemAvailable:    1550184 kB
Buffers:           20968 kB
Cached:           111508 kB
MemTotal:        1844596 kB
MemFree:         1547064 kB
MemAvailable:    1549280 kB
Buffers:           20968 kB
Cached:           111508 kB
MemTotal:        1844596 kB
MemFree:         1548304 kB
MemAvailable:    1550520 kB
Buffers:           20968 kB
Cached:           111508 kB
MemTotal:        1844596 kB
MemFree:         1547620 kB
MemAvailable:    1549836 kB
Buffers:           20968 kB
Cached:           111508 kB
MemTotal:        1844596 kB
MemFree:         1547296 kB
MemAvailable:    1549512 kB
Buffers:           20968 kB
Cached:           111508 kB
MemTotal:        1844596 kB
MemFree:         1547548 kB
MemAvailable:    1549764 kB
Buffers:           20968 kB
Cached:           111508 kB
MemTotal:        1844596 kB
MemFree:         1547172 kB
MemAvailable:    1549388 kB
Buffers:           20968 kB
Cached:           111508 kB
MemTotal:        1844596 kB
MemFree:         1547172 kB
MemAvailable:    1549388 kB
Buffers:           20968 kB
Cached:           111508 kB
MemTotal:        1844596 kB
MemFree:         1545892 kB
MemAvailable:    1548108 kB
Buffers:           20968 kB
Cached:           111508 kB
MemTotal:        1844596 kB
MemFree:         1545936 kB
MemAvailable:    1548152 kB
Buffers:           20968 kB
Cached:           111508 kB
MemTotal:        1844596 kB
MemFree:         1545936 kB
MemAvailable:    1548152 kB
Buffers:           20968 kB
Cached:           111508 kB
MemTotal:        1844596 kB
MemFree:         1547236 kB
MemAvailable:    1549452 kB
Buffers:           20968 kB
Cached:           111508 kB
MemTotal:        1844596 kB
MemFree:         1546196 kB
MemAvailable:    1548412 kB
Buffers:           20968 kB
Cached:           111508 kB
MemTotal:        1844596 kB
MemFree:         1546996 kB
MemAvailable:    1549212 kB
Buffers:           20968 kB
Cached:           111508 kB
MemTotal:        1844596 kB
MemFree:         1547196 kB
MemAvailable:    1549412 kB
Buffers:           20968 kB
Cached:           111508 kB
MemTotal:        1844596 kB
MemFree:         1545824 kB
MemAvailable:    1548040 kB
Buffers:           20968 kB
Cached:           111508 kB
MemTotal:        1844596 kB
MemFree:         1546428 kB
MemAvailable:    1548644 kB
Buffers:           20968 kB
Cached:           111508 kB
MemTotal:        1844596 kB
MemFree:         1546428 kB
MemAvailable:    1548644 kB
Buffers:           20968 kB
Cached:           111508 kB
MemTotal:        1844596 kB
MemFree:         1540552 kB
MemAvailable:    1542768 kB
Buffers:           20968 kB
Cached:           111508 kB
MemTotal:        1844596 kB
MemFree:         1540296 kB
MemAvailable:    1542596 kB
Buffers:           20968 kB
Cached:           111632 kB
MemTotal:        1844596 kB
MemFree:         1539128 kB
MemAvailable:    1541428 kB
Buffers:           20968 kB
Cached:           111632 kB
MemTotal:        1844596 kB
MemFree:         1539968 kB
MemAvailable:    1542436 kB
Buffers:           20968 kB
Cached:           111880 kB
MemTotal:        1844596 kB
MemFree:         1540168 kB
MemAvailable:    1542552 kB
Buffers:           20968 kB
Cached:           111756 kB
MemTotal:        1844596 kB
MemFree:         1539912 kB
MemAvailable:    1542548 kB
Buffers:           20968 kB
Cached:           112004 kB
MemTotal:        1844596 kB
MemFree:         1539664 kB
MemAvailable:    1542384 kB
Buffers:           20968 kB
Cached:           112128 kB
MemTotal:        1844596 kB
MemFree:         1539832 kB
MemAvailable:    1542552 kB
Buffers:           20968 kB
Cached:           112128 kB
MemTotal:        1844596 kB
MemFree:         1539484 kB
MemAvailable:    1542352 kB
Buffers:           20968 kB
Cached:           112156 kB
MemTotal:        1844596 kB
MemFree:         1539484 kB
MemAvailable:    1542352 kB
Buffers:           20968 kB
Cached:           112156 kB
MemTotal:        1844596 kB
MemFree:         1539672 kB
MemAvailable:    1542540 kB
Buffers:           20968 kB
Cached:           112156 kB
MemTotal:        1844596 kB
MemFree:         1538748 kB
MemAvailable:    1541492 kB
Buffers:           20968 kB
Cached:           112156 kB
MemTotal:        1844596 kB
MemFree:         1539424 kB
MemAvailable:    1542292 kB
Buffers:           20968 kB
Cached:           112156 kB
MemTotal:        1844596 kB
MemFree:         1539624 kB
MemAvailable:    1542492 kB
Buffers:           20968 kB
Cached:           112156 kB
MemTotal:        1844596 kB
MemFree:         1539352 kB
MemAvailable:    1542220 kB
Buffers:           20968 kB
Cached:           112156 kB
MemTotal:        1844596 kB
MemFree:         1539352 kB
MemAvailable:    1542220 kB
Buffers:           20968 kB
Cached:           112156 kB
MemTotal:        1844596 kB
MemFree:         1539740 kB
MemAvailable:    1542020 kB
Buffers:           20968 kB
Cached:           111524 kB
MemTotal:        1844596 kB
MemFree:         1539948 kB
MemAvailable:    1542144 kB
Buffers:           20968 kB
Cached:           111484 kB
MemTotal:        1844596 kB
MemFree:         1607476 kB
MemAvailable:    1609672 kB
Buffers:           20968 kB
Cached:           111484 kB
