MemTotal:        1844596 kB
MemFree:         1383540 kB
MemAvailable:    1560776 kB
Buffers:           43444 kB
Cached:           264260 kB
MemTotal:        1844596 kB
MemFree:         1382300 kB
MemAvailable:    1559536 kB
Buffers:           43444 kB
Cached:           264260 kB
MemTotal:        1844596 kB
MemFree:         1381292 kB
MemAvailable:    1558528 kB
Buffers:           43444 kB
Cached:           264260 kB
MemTotal:        1844596 kB
MemFree:         1381628 kB
MemAvailable:    1558864 kB
Buffers:           43444 kB
Cached:           264260 kB
MemTotal:        1844596 kB
MemFree:         1379936 kB
MemAvailable:    1557172 kB
Buffers:           43444 kB
Cached:           264260 kB
MemTotal:        1844596 kB
MemFree:         1379952 kB
MemAvailable:    1557188 kB
Buffers:           43444 kB
Cached:           264260 kB
MemTotal:        1844596 kB
MemFree:         1378340 kB
MemAvailable:    1555584 kB
Buffers:           43444 kB
Cached:           264264 kB
MemTotal:        1844596 kB
MemFree:         1376604 kB
MemAvailable:    1553848 kB
Buffers:           43444 kB
Cached:           264264 kB
MemTotal:        1844596 kB
MemFree:         1373876 kB
MemAvailable:    1551120 kB
Buffers:           43444 kB
Cached:           264264 kB
MemTotal:        1844596 kB
MemFree:         1370132 kB
MemAvailable:    1547376 kB
Buffers:           43444 kB
Cached:           264264 kB
MemTotal:        1844596 kB
MemFree:         1370096 kB
MemAvailable:    1547340 kB
Buffers:           43444 kB
Cached:           264264 kB
MemTotal:        1844596 kB
MemFree:         1370016 kB
MemAvailable:    1547260 kB
Buffers:           43444 kB
Cached:           264264 kB
MemTotal:        1844596 kB
MemFree:         1370016 kB
MemAvailable:    1547260 kB
Buffers:           43444 kB
Cached:           264264 kB
MemTotal:        1844596 kB
MemFree:         1369952 kB
MemAvailable:    1547196 kB
Buffers:           43444 kB
Cached:           264264 kB
MemTotal:        1844596 kB
MemFree:         1370204 kB
MemAvailable:    1547448 kB
Buffers:           43444 kB
Cached:           264264 kB
MemTotal:        1844596 kB
MemFree:         1370136 kB
MemAvailable:    1547380 kB
Buffers:           43444 kB
Cached:           264264 kB
MemTotal:        1844596 kB
MemFree:         1369164 kB
MemAvailable:    1546408 kB
Buffers:           43444 kB
Cached:           264264 kB
MemTotal:        1844596 kB
MemFree:         1369528 kB
MemAvailable:    1546772 kB
Buffers:           43444 kB
Cached:           264264 kB
MemTotal:        1844596 kB
MemFree:         1368172 kB
MemAvailable:    1545416 kB
Buffers:           43444 kB
Cached:           264264 kB
MemTotal:        1844596 kB
MemFree:         1367048 kB
MemAvailable:    1544292 kB
Buffers:           43444 kB
Cached:           264264 kB
MemTotal:        1844596 kB
MemFree:         1366808 kB
MemAvailable:    1544052 kB
Buffers:           43444 kB
Cached:           264264 kB
MemTotal:        1844596 kB
MemFree:         1367668 kB
MemAvailable:    1544912 kB
Buffers:           43444 kB
Cached:           264264 kB
MemTotal:        1844596 kB
MemFree:         1366684 kB
MemAvailable:    1543928 kB
Buffers:           43444 kB
Cached:           264264 kB
MemTotal:        1844596 kB
MemFree:         1367476 kB
MemAvailable:    1544720 kB
Buffers:           43444 kB
Cached:           264264 kB
MemTotal:        1844596 kB
MemFree:         1367812 kB
MemAvailable:    1545056 kB
Buffers:           43444 kB
Cached:           264264 kB
MemTotal:        1844596 kB
MemFree:         1366544 kB
MemAvailable:    1543788 kB
Buffers:           43444 kB
Cached:           264264 kB
MemTotal:        1844596 kB
MemFree:         1366412 kB
MemAvailable:    1543656 kB
Buffers:           43444 kB
Cached:           264264 kB
MemTotal:        1844596 kB
MemFree:         1366372 kB
MemAvailable:    1543616 kB
Buffers:           43444 kB
Cached:           264264 kB
MemTotal:        1844596 kB
MemFree:         1366488 kB
MemAvailable:    1543732 kB
Buffers:           43444 kB
Cached:           264264 kB
MemTotal:        1844596 kB
MemFree:         1367596 kB
MemAvailable:    1544840 kB
Buffers:           43444 kB
Cached:           264264 kB
MemTotal:        1844596 kB
MemFree:         1367756 kB
MemAvailable:    1545000 kB
Buffers:           43444 kB
Cached:           264264 kB
MemTotal:        1844596 kB
MemFree:         1367304 kB
MemAvailable:    1544548 kB
Buffers:           43444 kB
Cached:           264264 kB
MemTotal:        1844596 kB
MemFree:         1365072 kB
MemAvailable:    1542316 kB
Buffers:           43444 kB
Cached:           264264 kB
MemTotal:        1844596 kB
MemFree:         1365676 kB
MemAvailable:    1542920 kB
Buffers:           43444 kB
Cached:           264264 kB
MemTotal:        1844596 kB
MemFree:         1364560 kB
MemAvailable:    1541804 kB
Buffers:           43444 kB
Cached:           264264 kB
MemTotal:        1844596 kB
MemFree:         1364312 kB
MemAvailable:    1541556 kB
Buffers:           43444 kB
Cached:           264264 kB
MemTotal:        1844596 kB
MemFree:         1364120 kB
MemAvailable:    1541364 kB
Buffers:           43444 kB
Cached:           264264 kB
MemTotal:        1844596 kB
MemFree:         1364372 kB
MemAvailable:    1541616 kB
Buffers:           43444 kB
Cached:           264264 kB
MemTotal:        1844596 kB
MemFree:         1363568 kB
MemAvailable:    1540812 kB
Buffers:           43444 kB
Cached:           264264 kB
MemTotal:        1844596 kB
MemFree:         1363460 kB
MemAvailable:    1540704 kB
Buffers:           43444 kB
Cached:           264264 kB
MemTotal:        1844596 kB
MemFree:         1362196 kB
MemAvailable:    1539440 kB
Buffers:           43444 kB
Cached:           264264 kB
MemTotal:        1844596 kB
MemFree:         1363380 kB
MemAvailable:    1540624 kB
Buffers:           43444 kB
Cached:           264264 kB
MemTotal:        1844596 kB
MemFree:         1363632 kB
MemAvailable:    1540876 kB
Buffers:           43444 kB
Cached:           264264 kB
MemTotal:        1844596 kB
MemFree:         1363320 kB
MemAvailable:    1540564 kB
Buffers:           43444 kB
Cached:           264264 kB
MemTotal:        1844596 kB
MemFree:         1363336 kB
MemAvailable:    1540580 kB
Buffers:           43444 kB
Cached:           264264 kB
MemTotal:        1844596 kB
MemFree:         1363172 kB
MemAvailable:    1540416 kB
Buffers:           43444 kB
Cached:           264264 kB
MemTotal:        1844596 kB
MemFree:         1363256 kB
MemAvailable:    1540500 kB
Buffers:           43444 kB
Cached:           264264 kB
MemTotal:        1844596 kB
MemFree:         1362692 kB
MemAvailable:    1539936 kB
Buffers:           43444 kB
Cached:           264264 kB
MemTotal:        1844596 kB
MemFree:         1362336 kB
MemAvailable:    1539580 kB
Buffers:           43444 kB
Cached:           264264 kB
MemTotal:        1844596 kB
MemFree:         1362452 kB
MemAvailable:    1539696 kB
Buffers:           43444 kB
Cached:           264264 kB
MemTotal:        1844596 kB
MemFree:         1362684 kB
MemAvailable:    1539928 kB
Buffers:           43444 kB
Cached:           264264 kB
MemTotal:        1844596 kB
MemFree:         1362568 kB
MemAvailable:    1539812 kB
Buffers:           43444 kB
Cached:           264264 kB
MemTotal:        1844596 kB
MemFree:         1361196 kB
MemAvailable:    1538440 kB
Buffers:           43444 kB
Cached:           264264 kB
MemTotal:        1844596 kB
MemFree:         1361196 kB
MemAvailable:    1538440 kB
Buffers:           43444 kB
Cached:           264264 kB
MemTotal:        1844596 kB
MemFree:         1362324 kB
MemAvailable:    1539568 kB
Buffers:           43444 kB
Cached:           264264 kB
MemTotal:        1844596 kB
MemFree:         1361476 kB
MemAvailable:    1538720 kB
Buffers:           43444 kB
Cached:           264264 kB
MemTotal:        1844596 kB
MemFree:         1362308 kB
MemAvailable:    1539552 kB
Buffers:           43444 kB
Cached:           264264 kB
MemTotal:        1844596 kB
MemFree:         1362560 kB
MemAvailable:    1539804 kB
Buffers:           43444 kB
Cached:           264264 kB
MemTotal:        1844596 kB
MemFree:         1362488 kB
MemAvailable:    1539732 kB
Buffers:           43444 kB
Cached:           264264 kB
MemTotal:        1844596 kB
MemFree:         1362536 kB
MemAvailable:    1539780 kB
Buffers:           43444 kB
Cached:           264264 kB
MemTotal:        1844596 kB
MemFree:         1362256 kB
MemAvailable:    1539500 kB
Buffers:           43444 kB
Cached:           264264 kB
MemTotal:        1844596 kB
MemFree:         1361840 kB
MemAvailable:    1539084 kB
Buffers:           43444 kB
Cached:           264264 kB
MemTotal:        1844596 kB
MemFree:         1361808 kB
MemAvailable:    1539052 kB
Buffers:           43444 kB
Cached:           264264 kB
MemTotal:        1844596 kB
MemFree:         1362060 kB
MemAvailable:    1539304 kB
Buffers:           43444 kB
Cached:           264264 kB
MemTotal:        1844596 kB
MemFree:         1361768 kB
MemAvailable:    1539012 kB
Buffers:           43444 kB
Cached:           264264 kB
MemTotal:        1844596 kB
MemFree:         1361636 kB
MemAvailable:    1538880 kB
Buffers:           43444 kB
Cached:           264264 kB
MemTotal:        1844596 kB
MemFree:         1360484 kB
MemAvailable:    1537728 kB
Buffers:           43444 kB
Cached:           264264 kB
MemTotal:        1844596 kB
MemFree:         1361408 kB
MemAvailable:    1538652 kB
Buffers:           43444 kB
Cached:           264264 kB
MemTotal:        1844596 kB
MemFree:         1361408 kB
MemAvailable:    1538652 kB
Buffers:           43444 kB
Cached:           264264 kB
MemTotal:        1844596 kB
MemFree:         1360088 kB
MemAvailable:    1537332 kB
Buffers:           43444 kB
Cached:           264264 kB
MemTotal:        1844596 kB
MemFree:         1361440 kB
MemAvailable:    1538684 kB
Buffers:           43444 kB
Cached:           264264 kB
MemTotal:        1844596 kB
MemFree:         1361692 kB
MemAvailable:    1538936 kB
Buffers:           43444 kB
Cached:           264264 kB
MemTotal:        1844596 kB
MemFree:         1361640 kB
MemAvailable:    1538884 kB
Buffers:           43444 kB
Cached:           264264 kB
MemTotal:        1844596 kB
MemFree:         1361392 kB
MemAvailable:    1538636 kB
Buffers:           43444 kB
Cached:           264264 kB
MemTotal:        1844596 kB
MemFree:         1361644 kB
MemAvailable:    1538888 kB
Buffers:           43444 kB
Cached:           264264 kB
MemTotal:        1844596 kB
MemFree:         1360160 kB
MemAvailable:    1537404 kB
Buffers:           43444 kB
Cached:           264264 kB
MemTotal:        1844596 kB
MemFree:         1359616 kB
MemAvailable:    1536860 kB
Buffers:           43444 kB
Cached:           264264 kB
MemTotal:        1844596 kB
MemFree:         1356144 kB
MemAvailable:    1533388 kB
Buffers:           43444 kB
Cached:           264264 kB
MemTotal:        1844596 kB
MemFree:         1354716 kB
MemAvailable:    1531960 kB
Buffers:           43444 kB
Cached:           264264 kB
MemTotal:        1844596 kB
MemFree:         1352920 kB
MemAvailable:    1530164 kB
Buffers:           43444 kB
Cached:           264264 kB
MemTotal:        1844596 kB
MemFree:         1353036 kB
MemAvailable:    1530280 kB
Buffers:           43444 kB
Cached:           264264 kB
MemTotal:        1844596 kB
MemFree:         1352416 kB
MemAvailable:    1529668 kB
Buffers:           43444 kB
Cached:           264272 kB
MemTotal:        1844596 kB
MemFree:         1353664 kB
MemAvailable:    1530916 kB
Buffers:           43444 kB
Cached:           264272 kB
MemTotal:        1844596 kB
MemFree:         1352236 kB
MemAvailable:    1529488 kB
Buffers:           43444 kB
Cached:           264272 kB
MemTotal:        1844596 kB
MemFree:         1353600 kB
MemAvailable:    1530852 kB
Buffers:           43444 kB
Cached:           264272 kB
MemTotal:        1844596 kB
MemFree:         1352280 kB
MemAvailable:    1529532 kB
Buffers:           43444 kB
Cached:           264272 kB
MemTotal:        1844596 kB
MemFree:         1352280 kB
MemAvailable:    1529532 kB
Buffers:           43444 kB
Cached:           264272 kB
MemTotal:        1844596 kB
MemFree:         1353588 kB
MemAvailable:    1530840 kB
Buffers:           43444 kB
Cached:           264272 kB
MemTotal:        1844596 kB
MemFree:         1353508 kB
MemAvailable:    1530760 kB
Buffers:           43444 kB
Cached:           264272 kB
MemTotal:        1844596 kB
MemFree:         1353508 kB
MemAvailable:    1530760 kB
Buffers:           43444 kB
Cached:           264272 kB
MemTotal:        1844596 kB
MemFree:         1352236 kB
MemAvailable:    1529488 kB
Buffers:           43444 kB
Cached:           264272 kB
MemTotal:        1844596 kB
MemFree:         1353600 kB
MemAvailable:    1530852 kB
Buffers:           43444 kB
Cached:           264272 kB
MemTotal:        1844596 kB
MemFree:         1353520 kB
MemAvailable:    1530772 kB
Buffers:           43444 kB
Cached:           264272 kB
MemTotal:        1844596 kB
MemFree:         1353020 kB
MemAvailable:    1530272 kB
Buffers:           43444 kB
Cached:           264272 kB
MemTotal:        1844596 kB
MemFree:         1352664 kB
MemAvailable:    1529916 kB
Buffers:           43444 kB
Cached:           264272 kB
MemTotal:        1844596 kB
MemFree:         1352668 kB
MemAvailable:    1529920 kB
Buffers:           43444 kB
Cached:           264272 kB
MemTotal:        1844596 kB
MemFree:         1351236 kB
MemAvailable:    1528488 kB
Buffers:           43444 kB
Cached:           264272 kB
MemTotal:        1844596 kB
MemFree:         1351904 kB
MemAvailable:    1529156 kB
Buffers:           43444 kB
Cached:           264272 kB
MemTotal:        1844596 kB
MemFree:         1351988 kB
MemAvailable:    1529240 kB
Buffers:           43444 kB
Cached:           264272 kB
MemTotal:        1844596 kB
MemFree:         1351600 kB
MemAvailable:    1528852 kB
Buffers:           43444 kB
Cached:           264272 kB
MemTotal:        1844596 kB
MemFree:         1351936 kB
MemAvailable:    1529188 kB
Buffers:           43444 kB
Cached:           264272 kB
MemTotal:        1844596 kB
MemFree:         1350812 kB
MemAvailable:    1528064 kB
Buffers:           43444 kB
Cached:           264272 kB
MemTotal:        1844596 kB
MemFree:         1350616 kB
MemAvailable:    1527868 kB
Buffers:           43444 kB
Cached:           264272 kB
MemTotal:        1844596 kB
MemFree:         1349076 kB
MemAvailable:    1526328 kB
Buffers:           43444 kB
Cached:           264272 kB
MemTotal:        1844596 kB
MemFree:         1348952 kB
MemAvailable:    1526204 kB
Buffers:           43444 kB
Cached:           264272 kB
MemTotal:        1844596 kB
MemFree:         1348696 kB
MemAvailable:    1525948 kB
Buffers:           43444 kB
Cached:           264272 kB
MemTotal:        1844596 kB
MemFree:         1350048 kB
MemAvailable:    1527300 kB
Buffers:           43444 kB
Cached:           264272 kB
MemTotal:        1844596 kB
MemFree:         1348704 kB
MemAvailable:    1525956 kB
Buffers:           43444 kB
Cached:           264272 kB
MemTotal:        1844596 kB
MemFree:         1349508 kB
MemAvailable:    1526764 kB
Buffers:           43444 kB
Cached:           264276 kB
MemTotal:        1844596 kB
MemFree:         1349764 kB
MemAvailable:    1527020 kB
Buffers:           43444 kB
Cached:           264276 kB
MemTotal:        1844596 kB
MemFree:         1349736 kB
MemAvailable:    1526992 kB
Buffers:           43444 kB
Cached:           264276 kB
MemTotal:        1844596 kB
MemFree:         1349480 kB
MemAvailable:    1526736 kB
Buffers:           43444 kB
Cached:           264276 kB
MemTotal:        1844596 kB
MemFree:         1349488 kB
MemAvailable:    1526744 kB
Buffers:           43444 kB
Cached:           264276 kB
MemTotal:        1844596 kB
MemFree:         1349740 kB
MemAvailable:    1526996 kB
Buffers:           43444 kB
Cached:           264276 kB
MemTotal:        1844596 kB
MemFree:         1349576 kB
MemAvailable:    1526832 kB
Buffers:           43444 kB
Cached:           264276 kB
MemTotal:        1844596 kB
MemFree:         1349176 kB
MemAvailable:    1526432 kB
Buffers:           43444 kB
Cached:           264276 kB
MemTotal:        1844596 kB
MemFree:         1348456 kB
MemAvailable:    1525712 kB
Buffers:           43444 kB
Cached:           264276 kB
MemTotal:        1844596 kB
MemFree:         1348956 kB
MemAvailable:    1526212 kB
Buffers:           43444 kB
Cached:           264276 kB
MemTotal:        1844596 kB
MemFree:         1347816 kB
MemAvailable:    1525072 kB
Buffers:           43444 kB
Cached:           264276 kB
MemTotal:        1844596 kB
MemFree:         1340644 kB
MemAvailable:    1517900 kB
Buffers:           43444 kB
Cached:           264276 kB
MemTotal:        1844596 kB
MemFree:         1339636 kB
MemAvailable:    1516892 kB
Buffers:           43444 kB
Cached:           264276 kB
MemTotal:        1844596 kB
MemFree:         1339720 kB
MemAvailable:    1516976 kB
Buffers:           43444 kB
Cached:           264276 kB
MemTotal:        1844596 kB
MemFree:         1339532 kB
MemAvailable:    1516788 kB
Buffers:           43444 kB
Cached:           264276 kB
MemTotal:        1844596 kB
MemFree:         1339452 kB
MemAvailable:    1516708 kB
Buffers:           43444 kB
Cached:           264276 kB
MemTotal:        1844596 kB
MemFree:         1338768 kB
MemAvailable:    1516024 kB
Buffers:           43444 kB
Cached:           264276 kB
MemTotal:        1844596 kB
MemFree:         1339780 kB
MemAvailable:    1517040 kB
Buffers:           43444 kB
Cached:           264280 kB
MemTotal:        1844596 kB
MemFree:         1339548 kB
MemAvailable:    1516808 kB
Buffers:           43444 kB
Cached:           264280 kB
MemTotal:        1844596 kB
MemFree:         1340396 kB
MemAvailable:    1517656 kB
Buffers:           43444 kB
Cached:           264280 kB
MemTotal:        1844596 kB
MemFree:         1341568 kB
MemAvailable:    1518828 kB
Buffers:           43444 kB
Cached:           264280 kB
MemTotal:        1844596 kB
MemFree:         1340008 kB
MemAvailable:    1517352 kB
Buffers:           43444 kB
Cached:           264404 kB
MemTotal:        1844596 kB
MemFree:         1340992 kB
MemAvailable:    1518420 kB
Buffers:           43444 kB
Cached:           264528 kB
MemTotal:        1844596 kB
MemFree:         1339744 kB
MemAvailable:    1517340 kB
Buffers:           43444 kB
Cached:           264652 kB
MemTotal:        1844596 kB
MemFree:         1339900 kB
MemAvailable:    1517580 kB
Buffers:           43444 kB
Cached:           264776 kB
MemTotal:        1844596 kB
MemFree:         1340744 kB
MemAvailable:    1518592 kB
Buffers:           43444 kB
Cached:           264900 kB
MemTotal:        1844596 kB
MemFree:         1340744 kB
MemAvailable:    1518592 kB
Buffers:           43444 kB
Cached:           264900 kB
MemTotal:        1844596 kB
MemFree:         1340640 kB
MemAvailable:    1518488 kB
Buffers:           43444 kB
Cached:           264900 kB
MemTotal:        1844596 kB
MemFree:         1340616 kB
MemAvailable:    1518464 kB
Buffers:           43444 kB
Cached:           264900 kB
MemTotal:        1844596 kB
MemFree:         1340420 kB
MemAvailable:    1518268 kB
Buffers:           43444 kB
Cached:           264900 kB
MemTotal:        1844596 kB
MemFree:         1340604 kB
MemAvailable:    1518452 kB
Buffers:           43444 kB
Cached:           264900 kB
MemTotal:        1844596 kB
MemFree:         1340324 kB
MemAvailable:    1518172 kB
Buffers:           43444 kB
Cached:           264900 kB
MemTotal:        1844596 kB
MemFree:         1340660 kB
MemAvailable:    1518508 kB
Buffers:           43444 kB
Cached:           264900 kB
MemTotal:        1844596 kB
MemFree:         1339260 kB
MemAvailable:    1517108 kB
Buffers:           43444 kB
Cached:           264900 kB
MemTotal:        1844596 kB
MemFree:         1339440 kB
MemAvailable:    1516700 kB
Buffers:           43444 kB
Cached:           264352 kB
MemTotal:        1844596 kB
MemFree:         1408944 kB
MemAvailable:    1586204 kB
Buffers:           43444 kB
Cached:           264352 kB
