MemTotal:        1844596 kB
MemFree:         1381392 kB
MemAvailable:    1561904 kB
Buffers:           43812 kB
Cached:           266872 kB
MemTotal:        1844596 kB
MemFree:         1380024 kB
MemAvailable:    1560536 kB
Buffers:           43812 kB
Cached:           266872 kB
MemTotal:        1844596 kB
MemFree:         1379916 kB
MemAvailable:    1560428 kB
Buffers:           43812 kB
Cached:           266872 kB
MemTotal:        1844596 kB
MemFree:         1378124 kB
MemAvailable:    1558636 kB
Buffers:           43812 kB
Cached:           266872 kB
MemTotal:        1844596 kB
MemFree:         1376760 kB
MemAvailable:    1557272 kB
Buffers:           43812 kB
Cached:           266872 kB
MemTotal:        1844596 kB
MemFree:         1376420 kB
MemAvailable:    1556932 kB
Buffers:           43812 kB
Cached:           266872 kB
MemTotal:        1844596 kB
MemFree:         1376672 kB
MemAvailable:    1557184 kB
Buffers:           43812 kB
Cached:           266872 kB
MemTotal:        1844596 kB
MemFree:         1373220 kB
MemAvailable:    1553732 kB
Buffers:           43812 kB
Cached:           266872 kB
MemTotal:        1844596 kB
MemFree:         1369872 kB
MemAvailable:    1550384 kB
Buffers:           43812 kB
Cached:           266872 kB
MemTotal:        1844596 kB
MemFree:         1367088 kB
MemAvailable:    1547600 kB
Buffers:           43812 kB
Cached:           266872 kB
MemTotal:        1844596 kB
MemFree:         1364416 kB
MemAvailable:    1544928 kB
Buffers:           43812 kB
Cached:           266872 kB
MemTotal:        1844596 kB
MemFree:         1366760 kB
MemAvailable:    1547272 kB
Buffers:           43812 kB
Cached:           266872 kB
MemTotal:        1844596 kB
MemFree:         1365452 kB
MemAvailable:    1545964 kB
Buffers:           43812 kB
Cached:           266872 kB
MemTotal:        1844596 kB
MemFree:         1365532 kB
MemAvailable:    1546044 kB
Buffers:           43812 kB
Cached:           266872 kB
MemTotal:        1844596 kB
MemFree:         1366904 kB
MemAvailable:    1547416 kB
Buffers:           43812 kB
Cached:           266872 kB
MemTotal:        1844596 kB
MemFree:         1366584 kB
MemAvailable:    1547096 kB
Buffers:           43812 kB
Cached:           266872 kB
MemTotal:        1844596 kB
MemFree:         1366516 kB
MemAvailable:    1547028 kB
Buffers:           43812 kB
Cached:           266872 kB
MemTotal:        1844596 kB
MemFree:         1364920 kB
MemAvailable:    1545432 kB
Buffers:           43812 kB
Cached:           266872 kB
MemTotal:        1844596 kB
MemFree:         1364920 kB
MemAvailable:    1545436 kB
Buffers:           43812 kB
Cached:           266876 kB
MemTotal:        1844596 kB
MemFree:         1363300 kB
MemAvailable:    1543816 kB
Buffers:           43812 kB
Cached:           266876 kB
MemTotal:        1844596 kB
MemFree:         1364484 kB
MemAvailable:    1545000 kB
Buffers:           43812 kB
Cached:           266876 kB
MemTotal:        1844596 kB
MemFree:         1363176 kB
MemAvailable:    1543692 kB
Buffers:           43812 kB
Cached:           266876 kB
MemTotal:        1844596 kB
MemFree:         1364276 kB
MemAvailable:    1544792 kB
Buffers:           43812 kB
Cached:           266876 kB
MemTotal:        1844596 kB
MemFree:         1364528 kB
MemAvailable:    1545044 kB
Buffers:           43812 kB
Cached:           266876 kB
MemTotal:        1844596 kB
MemFree:         1364228 kB
MemAvailable:    1544744 kB
Buffers:           43812 kB
Cached:           266876 kB
MemTotal:        1844596 kB
MemFree:         1364044 kB
MemAvailable:    1544560 kB
Buffers:           43812 kB
Cached:           266876 kB
MemTotal:        1844596 kB
MemFree:         1364152 kB
MemAvailable:    1544668 kB
Buffers:           43812 kB
Cached:           266876 kB
MemTotal:        1844596 kB
MemFree:         1364292 kB
MemAvailable:    1544808 kB
Buffers:           43812 kB
Cached:           266876 kB
MemTotal:        1844596 kB
MemFree:         1362912 kB
MemAvailable:    1543428 kB
Buffers:           43812 kB
Cached:           266876 kB
MemTotal:        1844596 kB
MemFree:         1364300 kB
MemAvailable:    1544816 kB
Buffers:           43812 kB
Cached:           266876 kB
MemTotal:        1844596 kB
MemFree:         1365540 kB
MemAvailable:    1546056 kB
Buffers:           43812 kB
Cached:           266876 kB
MemTotal:        1844596 kB
MemFree:         1364860 kB
MemAvailable:    1545376 kB
Buffers:           43812 kB
Cached:           266876 kB
MemTotal:        1844596 kB
MemFree:         1362192 kB
MemAvailable:    1542708 kB
Buffers:           43812 kB
Cached:           266876 kB
MemTotal:        1844596 kB
MemFree:         1362152 kB
MemAvailable:    1542668 kB
Buffers:           43812 kB
Cached:           266876 kB
MemTotal:        1844596 kB
MemFree:         1360952 kB
MemAvailable:    1541468 kB
Buffers:           43812 kB
Cached:           266876 kB
MemTotal:        1844596 kB
MemFree:         1360312 kB
MemAvailable:    1540828 kB
Buffers:           43812 kB
Cached:           266876 kB
MemTotal:        1844596 kB
MemFree:         1361324 kB
MemAvailable:    1541840 kB
Buffers:           43812 kB
Cached:           266876 kB
MemTotal:        1844596 kB
MemFree:         1360440 kB
MemAvailable:    1540956 kB
Buffers:           43812 kB
Cached:           266876 kB
MemTotal:        1844596 kB
MemFree:         1359712 kB
MemAvailable:    1540228 kB
Buffers:           43812 kB
Cached:           266876 kB
MemTotal:        1844596 kB
MemFree:         1360088 kB
MemAvailable:    1540604 kB
Buffers:           43812 kB
Cached:           266876 kB
MemTotal:        1844596 kB
MemFree:         1358948 kB
MemAvailable:    1539464 kB
Buffers:           43812 kB
Cached:           266876 kB
MemTotal:        1844596 kB
MemFree:         1360016 kB
MemAvailable:    1540532 kB
Buffers:           43812 kB
Cached:           266876 kB
MemTotal:        1844596 kB
MemFree:         1359092 kB
MemAvailable:    1539608 kB
Buffers:           43812 kB
Cached:           266876 kB
MemTotal:        1844596 kB
MemFree:         1359892 kB
MemAvailable:    1540408 kB
Buffers:           43812 kB
Cached:           266876 kB
MemTotal:        1844596 kB
MemFree:         1359892 kB
MemAvailable:    1540408 kB
Buffers:           43812 kB
Cached:           266876 kB
MemTotal:        1844596 kB
MemFree:         1359796 kB
MemAvailable:    1540312 kB
Buffers:           43812 kB
Cached:           266876 kB
MemTotal:        1844596 kB
MemFree:         1359332 kB
MemAvailable:    1539848 kB
Buffers:           43812 kB
Cached:           266876 kB
MemTotal:        1844596 kB
MemFree:         1359500 kB
MemAvailable:    1540016 kB
Buffers:           43812 kB
Cached:           266876 kB
MemTotal:        1844596 kB
MemFree:         1358060 kB
MemAvailable:    1538576 kB
Buffers:           43812 kB
Cached:           266876 kB
MemTotal:        1844596 kB
MemFree:         1358972 kB
MemAvailable:    1539488 kB
Buffers:           43812 kB
Cached:           266876 kB
MemTotal:        1844596 kB
MemFree:         1359140 kB
MemAvailable:    1539656 kB
Buffers:           43812 kB
Cached:           266876 kB
MemTotal:        1844596 kB
MemFree:         1358904 kB
MemAvailable:    1539420 kB
Buffers:           43812 kB
Cached:           266876 kB
MemTotal:        1844596 kB
MemFree:         1359084 kB
MemAvailable:    1539600 kB
Buffers:           43812 kB
Cached:           266876 kB
MemTotal:        1844596 kB
MemFree:         1357652 kB
MemAvailable:    1538168 kB
Buffers:           43812 kB
Cached:           266876 kB
MemTotal:        1844596 kB
MemFree:         1357900 kB
MemAvailable:    1538416 kB
Buffers:           43812 kB
Cached:           266876 kB
MemTotal:        1844596 kB
MemFree:         1357776 kB
MemAvailable:    1538292 kB
Buffers:           43812 kB
Cached:           266876 kB
MemTotal:        1844596 kB
MemFree:         1357892 kB
MemAvailable:    1538408 kB
Buffers:           43812 kB
Cached:           266876 kB
MemTotal:        1844596 kB
MemFree:         1359168 kB
MemAvailable:    1539684 kB
Buffers:           43812 kB
Cached:           266876 kB
MemTotal:        1844596 kB
MemFree:         1358764 kB
MemAvailable:    1539280 kB
Buffers:           43812 kB
Cached:           266876 kB
MemTotal:        1844596 kB
MemFree:         1358764 kB
MemAvailable:    1539280 kB
Buffers:           43812 kB
Cached:           266876 kB
MemTotal:        1844596 kB
MemFree:         1358580 kB
MemAvailable:    1539096 kB
Buffers:           43812 kB
Cached:           266876 kB
MemTotal:        1844596 kB
MemFree:         1357208 kB
MemAvailable:    1537724 kB
Buffers:           43812 kB
Cached:           266876 kB
MemTotal:        1844596 kB
MemFree:         1357208 kB
MemAvailable:    1537724 kB
Buffers:           43812 kB
Cached:           266876 kB
MemTotal:        1844596 kB
MemFree:         1357332 kB
MemAvailable:    1537848 kB
Buffers:           43812 kB
Cached:           266876 kB
MemTotal:        1844596 kB
MemFree:         1357232 kB
MemAvailable:    1537748 kB
Buffers:           43812 kB
Cached:           266876 kB
MemTotal:        1844596 kB
MemFree:         1356968 kB
MemAvailable:    1537484 kB
Buffers:           43812 kB
Cached:           266876 kB
MemTotal:        1844596 kB
MemFree:         1358300 kB
MemAvailable:    1538816 kB
Buffers:           43812 kB
Cached:           266876 kB
MemTotal:        1844596 kB
MemFree:         1357100 kB
MemAvailable:    1537616 kB
Buffers:           43812 kB
Cached:           266876 kB
MemTotal:        1844596 kB
MemFree:         1358004 kB
MemAvailable:    1538528 kB
Buffers:           43812 kB
Cached:           266884 kB
MemTotal:        1844596 kB
MemFree:         1358340 kB
MemAvailable:    1538864 kB
Buffers:           43812 kB
Cached:           266884 kB
MemTotal:        1844596 kB
MemFree:         1356796 kB
MemAvailable:    1537320 kB
Buffers:           43812 kB
Cached:           266884 kB
MemTotal:        1844596 kB
MemFree:         1356796 kB
MemAvailable:    1537320 kB
Buffers:           43812 kB
Cached:           266884 kB
MemTotal:        1844596 kB
MemFree:         1357052 kB
MemAvailable:    1537576 kB
Buffers:           43812 kB
Cached:           266884 kB
MemTotal:        1844596 kB
MemFree:         1356736 kB
MemAvailable:    1537260 kB
Buffers:           43812 kB
Cached:           266884 kB
MemTotal:        1844596 kB
MemFree:         1355364 kB
MemAvailable:    1535888 kB
Buffers:           43812 kB
Cached:           266884 kB
MemTotal:        1844596 kB
MemFree:         1352396 kB
MemAvailable:    1532920 kB
Buffers:           43812 kB
Cached:           266884 kB
MemTotal:        1844596 kB
MemFree:         1350844 kB
MemAvailable:    1531368 kB
Buffers:           43812 kB
Cached:           266884 kB
MemTotal:        1844596 kB
MemFree:         1350660 kB
MemAvailable:    1531184 kB
Buffers:           43812 kB
Cached:           266884 kB
MemTotal:        1844596 kB
MemFree:         1349296 kB
MemAvailable:    1529820 kB
Buffers:           43812 kB
Cached:           266884 kB
MemTotal:        1844596 kB
MemFree:         1350348 kB
MemAvailable:    1530872 kB
Buffers:           43812 kB
Cached:           266884 kB
MemTotal:        1844596 kB
MemFree:         1349296 kB
MemAvailable:    1529820 kB
Buffers:           43812 kB
Cached:           266884 kB
MemTotal:        1844596 kB
MemFree:         1350004 kB
MemAvailable:    1530528 kB
Buffers:           43812 kB
Cached:           266884 kB
MemTotal:        1844596 kB
MemFree:         1350340 kB
MemAvailable:    1530864 kB
Buffers:           43812 kB
Cached:           266884 kB
MemTotal:        1844596 kB
MemFree:         1348644 kB
MemAvailable:    1529168 kB
Buffers:           43812 kB
Cached:           266884 kB
MemTotal:        1844596 kB
MemFree:         1350412 kB
MemAvailable:    1530936 kB
Buffers:           43812 kB
Cached:           266884 kB
MemTotal:        1844596 kB
MemFree:         1350008 kB
MemAvailable:    1530532 kB
Buffers:           43812 kB
Cached:           266884 kB
MemTotal:        1844596 kB
MemFree:         1350260 kB
MemAvailable:    1530784 kB
Buffers:           43812 kB
Cached:           266884 kB
MemTotal:        1844596 kB
MemFree:         1350092 kB
MemAvailable:    1530616 kB
Buffers:           43812 kB
Cached:           266884 kB
MemTotal:        1844596 kB
MemFree:         1350036 kB
MemAvailable:    1530560 kB
Buffers:           43812 kB
Cached:           266884 kB
MemTotal:        1844596 kB
MemFree:         1350260 kB
MemAvailable:    1530784 kB
Buffers:           43812 kB
Cached:           266884 kB
MemTotal:        1844596 kB
MemFree:         1349792 kB
MemAvailable:    1530316 kB
Buffers:           43812 kB
Cached:           266884 kB
MemTotal:        1844596 kB
MemFree:         1350128 kB
MemAvailable:    1530652 kB
Buffers:           43812 kB
Cached:           266884 kB
MemTotal:        1844596 kB
MemFree:         1350380 kB
MemAvailable:    1530904 kB
Buffers:           43812 kB
Cached:           266884 kB
MemTotal:        1844596 kB
MemFree:         1349792 kB
MemAvailable:    1530316 kB
Buffers:           43812 kB
Cached:           266884 kB
MemTotal:        1844596 kB
MemFree:         1348420 kB
MemAvailable:    1528944 kB
Buffers:           43812 kB
Cached:           266884 kB
MemTotal:        1844596 kB
MemFree:         1349356 kB
MemAvailable:    1529880 kB
Buffers:           43812 kB
Cached:           266884 kB
MemTotal:        1844596 kB
MemFree:         1348800 kB
MemAvailable:    1529324 kB
Buffers:           43812 kB
Cached:           266884 kB
MemTotal:        1844596 kB
MemFree:         1347428 kB
MemAvailable:    1527952 kB
Buffers:           43812 kB
Cached:           266884 kB
MemTotal:        1844596 kB
MemFree:         1348604 kB
MemAvailable:    1529128 kB
Buffers:           43812 kB
Cached:           266884 kB
MemTotal:        1844596 kB
MemFree:         1347428 kB
MemAvailable:    1527952 kB
Buffers:           43812 kB
Cached:           266884 kB
MemTotal:        1844596 kB
MemFree:         1347612 kB
MemAvailable:    1528136 kB
Buffers:           43812 kB
Cached:           266884 kB
MemTotal:        1844596 kB
MemFree:         1347248 kB
MemAvailable:    1527772 kB
Buffers:           43812 kB
Cached:           266884 kB
MemTotal:        1844596 kB
MemFree:         1346000 kB
MemAvailable:    1526524 kB
Buffers:           43812 kB
Cached:           266884 kB
MemTotal:        1844596 kB
MemFree:         1346752 kB
MemAvailable:    1527276 kB
Buffers:           43812 kB
Cached:           266884 kB
MemTotal:        1844596 kB
MemFree:         1346412 kB
MemAvailable:    1526936 kB
Buffers:           43812 kB
Cached:           266884 kB
MemTotal:        1844596 kB
MemFree:         1346748 kB
MemAvailable:    1527272 kB
Buffers:           43812 kB
Cached:           266884 kB
MemTotal:        1844596 kB
MemFree:         1345064 kB
MemAvailable:    1525588 kB
Buffers:           43812 kB
Cached:           266884 kB
MemTotal:        1844596 kB
MemFree:         1345024 kB
MemAvailable:    1525548 kB
Buffers:           43812 kB
Cached:           266884 kB
MemTotal:        1844596 kB
MemFree:         1346320 kB
MemAvailable:    1526844 kB
Buffers:           43812 kB
Cached:           266884 kB
MemTotal:        1844596 kB
MemFree:         1346296 kB
MemAvailable:    1526820 kB
Buffers:           43812 kB
Cached:           266884 kB
MemTotal:        1844596 kB
MemFree:         1345072 kB
MemAvailable:    1525596 kB
Buffers:           43812 kB
Cached:           266884 kB
MemTotal:        1844596 kB
MemFree:         1346028 kB
MemAvailable:    1526552 kB
Buffers:           43812 kB
Cached:           266884 kB
MemTotal:        1844596 kB
MemFree:         1346364 kB
MemAvailable:    1526888 kB
Buffers:           43812 kB
Cached:           266884 kB
MemTotal:        1844596 kB
MemFree:         1346148 kB
MemAvailable:    1526672 kB
Buffers:           43812 kB
Cached:           266884 kB
MemTotal:        1844596 kB
MemFree:         1345884 kB
MemAvailable:    1526408 kB
Buffers:           43812 kB
Cached:           266884 kB
MemTotal:        1844596 kB
MemFree:         1344708 kB
MemAvailable:    1525236 kB
Buffers:           43812 kB
Cached:           266888 kB
MemTotal:        1844596 kB
MemFree:         1346008 kB
MemAvailable:    1526536 kB
Buffers:           43812 kB
Cached:           266888 kB
MemTotal:        1844596 kB
MemFree:         1344460 kB
MemAvailable:    1524988 kB
Buffers:           43812 kB
Cached:           266888 kB
MemTotal:        1844596 kB
MemFree:         1338492 kB
MemAvailable:    1519024 kB
Buffers:           43812 kB
Cached:           266892 kB
MemTotal:        1844596 kB
MemFree:         1338384 kB
MemAvailable:    1518916 kB
Buffers:           43812 kB
Cached:           266892 kB
MemTotal:        1844596 kB
MemFree:         1335896 kB
MemAvailable:    1516428 kB
Buffers:           43812 kB
Cached:           266892 kB
MemTotal:        1844596 kB
MemFree:         1335532 kB
MemAvailable:    1516232 kB
Buffers:           43812 kB
Cached:           267016 kB
MemTotal:        1844596 kB
MemFree:         1335144 kB
MemAvailable:    1516012 kB
Buffers:           43812 kB
Cached:           267264 kB
MemTotal:        1844596 kB
MemFree:         1336152 kB
MemAvailable:    1517104 kB
Buffers:           43812 kB
Cached:           267388 kB
MemTotal:        1844596 kB
MemFree:         1334912 kB
MemAvailable:    1515948 kB
Buffers:           43812 kB
Cached:           267388 kB
MemTotal:        1844596 kB
MemFree:         1335952 kB
MemAvailable:    1517072 kB
Buffers:           43812 kB
Cached:           267512 kB
MemTotal:        1844596 kB
MemFree:         1335532 kB
MemAvailable:    1516652 kB
Buffers:           43812 kB
Cached:           267512 kB
MemTotal:        1844596 kB
MemFree:         1335744 kB
MemAvailable:    1516864 kB
Buffers:           43812 kB
Cached:           267512 kB
MemTotal:        1844596 kB
MemFree:         1336080 kB
MemAvailable:    1517200 kB
Buffers:           43812 kB
Cached:           267512 kB
MemTotal:        1844596 kB
MemFree:         1334596 kB
MemAvailable:    1515716 kB
Buffers:           43812 kB
Cached:           267512 kB
MemTotal:        1844596 kB
MemFree:         1335960 kB
MemAvailable:    1517080 kB
Buffers:           43812 kB
Cached:           267512 kB
MemTotal:        1844596 kB
MemFree:         1335904 kB
MemAvailable:    1517024 kB
Buffers:           43812 kB
Cached:           267512 kB
MemTotal:        1844596 kB
MemFree:         1336212 kB
MemAvailable:    1517344 kB
Buffers:           43812 kB
Cached:           267484 kB
MemTotal:        1844596 kB
MemFree:         1335160 kB
MemAvailable:    1516168 kB
Buffers:           43812 kB
Cached:           267484 kB
MemTotal:        1844596 kB
MemFree:         1335724 kB
MemAvailable:    1516940 kB
Buffers:           43812 kB
Cached:           267608 kB
MemTotal:        1844596 kB
MemFree:         1335368 kB
MemAvailable:    1515912 kB
Buffers:           43812 kB
Cached:           266852 kB
MemTotal:        1844596 kB
MemFree:         1406848 kB
MemAvailable:    1587392 kB
Buffers:           43812 kB
Cached:           266852 kB
