MemTotal:        1844596 kB
MemFree:         1329524 kB
MemAvailable:    1554328 kB
Buffers:           48692 kB
Cached:           302368 kB
MemTotal:        1844596 kB
MemFree:         1326580 kB
MemAvailable:    1551384 kB
Buffers:           48692 kB
Cached:           302368 kB
MemTotal:        1844596 kB
MemFree:         1326224 kB
MemAvailable:    1551028 kB
Buffers:           48692 kB
Cached:           302368 kB
MemTotal:        1844596 kB
MemFree:         1327568 kB
MemAvailable:    1552376 kB
Buffers:           48692 kB
Cached:           302372 kB
MemTotal:        1844596 kB
MemFree:         1325836 kB
MemAvailable:    1550644 kB
Buffers:           48692 kB
Cached:           302372 kB
MemTotal:        1844596 kB
MemFree:         1325920 kB
MemAvailable:    1550728 kB
Buffers:           48692 kB
Cached:           302372 kB
MemTotal:        1844596 kB
MemFree:         1324672 kB
MemAvailable:    1549480 kB
Buffers:           48692 kB
Cached:           302372 kB
MemTotal:        1844596 kB
MemFree:         1321496 kB
MemAvailable:    1546304 kB
Buffers:           48692 kB
Cached:           302372 kB
MemTotal:        1844596 kB
MemFree:         1321460 kB
MemAvailable:    1546268 kB
Buffers:           48692 kB
Cached:           302372 kB
MemTotal:        1844596 kB
MemFree:         1316016 kB
MemAvailable:    1540824 kB
Buffers:           48692 kB
Cached:           302372 kB
MemTotal:        1844596 kB
MemFree:         1314876 kB
MemAvailable:    1539684 kB
Buffers:           48692 kB
Cached:           302372 kB
MemTotal:        1844596 kB
MemFree:         1316200 kB
MemAvailable:    1541008 kB
Buffers:           48692 kB
Cached:           302372 kB
MemTotal:        1844596 kB
MemFree:         1316068 kB
MemAvailable:    1540876 kB
Buffers:           48692 kB
Cached:           302372 kB
MemTotal:        1844596 kB
MemFree:         1315988 kB
MemAvailable:    1540796 kB
Buffers:           48692 kB
Cached:           302372 kB
MemTotal:        1844596 kB
MemFree:         1316324 kB
MemAvailable:    1541132 kB
Buffers:           48692 kB
Cached:           302372 kB
MemTotal:        1844596 kB
MemFree:         1315996 kB
MemAvailable:    1540804 kB
Buffers:           48692 kB
Cached:           302372 kB
MemTotal:        1844596 kB
MemFree:         1315800 kB
MemAvailable:    1540608 kB
Buffers:           48692 kB
Cached:           302372 kB
MemTotal:        1844596 kB
MemFree:         1315884 kB
MemAvailable:    1540692 kB
Buffers:           48692 kB
Cached:           302372 kB
MemTotal:        1844596 kB
MemFree:         1313692 kB
MemAvailable:    1538500 kB
Buffers:           48692 kB
Cached:           302372 kB
MemTotal:        1844596 kB
MemFree:         1313676 kB
MemAvailable:    1538484 kB
Buffers:           48692 kB
Cached:           302372 kB
MemTotal:        1844596 kB
MemFree:         1313928 kB
MemAvailable:    1538736 kB
Buffers:           48692 kB
Cached:           302372 kB
MemTotal:        1844596 kB
MemFree:         1313544 kB
MemAvailable:    1538352 kB
Buffers:           48692 kB
Cached:           302372 kB
MemTotal:        1844596 kB
MemFree:         1313692 kB
MemAvailable:    1538500 kB
Buffers:           48692 kB
Cached:           302372 kB
MemTotal:        1844596 kB
MemFree:         1313748 kB
MemAvailable:    1538556 kB
Buffers:           48692 kB
Cached:           302372 kB
MemTotal:        1844596 kB
MemFree:         1312564 kB
MemAvailable:    1537372 kB
Buffers:           48692 kB
Cached:           302372 kB
MemTotal:        1844596 kB
MemFree:         1313408 kB
MemAvailable:    1538216 kB
Buffers:           48692 kB
Cached:           302372 kB
MemTotal:        1844596 kB
MemFree:         1313744 kB
MemAvailable:    1538552 kB
Buffers:           48692 kB
Cached:           302372 kB
MemTotal:        1844596 kB
MemFree:         1313736 kB
MemAvailable:    1538544 kB
Buffers:           48692 kB
Cached:           302372 kB
MemTotal:        1844596 kB
MemFree:         1312964 kB
MemAvailable:    1537772 kB
Buffers:           48692 kB
Cached:           302372 kB
MemTotal:        1844596 kB
MemFree:         1314888 kB
MemAvailable:    1539696 kB
Buffers:           48692 kB
Cached:           302372 kB
MemTotal:        1844596 kB
MemFree:         1315088 kB
MemAvailable:    1539896 kB
Buffers:           48692 kB
Cached:           302372 kB
MemTotal:        1844596 kB
MemFree:         1312560 kB
MemAvailable:    1537368 kB
Buffers:           48692 kB
Cached:           302372 kB
MemTotal:        1844596 kB
MemFree:         1312436 kB
MemAvailable:    1537244 kB
Buffers:           48692 kB
Cached:           302372 kB
MemTotal:        1844596 kB
MemFree:         1311444 kB
MemAvailable:    1536252 kB
Buffers:           48692 kB
Cached:           302372 kB
MemTotal:        1844596 kB
MemFree:         1311528 kB
MemAvailable:    1536336 kB
Buffers:           48692 kB
Cached:           302372 kB
MemTotal:        1844596 kB
MemFree:         1310660 kB
MemAvailable:    1535468 kB
Buffers:           48692 kB
Cached:           302372 kB
MemTotal:        1844596 kB
MemFree:         1309352 kB
MemAvailable:    1534160 kB
Buffers:           48692 kB
Cached:           302372 kB
MemTotal:        1844596 kB
MemFree:         1309708 kB
MemAvailable:    1534516 kB
Buffers:           48692 kB
Cached:           302372 kB
MemTotal:        1844596 kB
MemFree:         1309732 kB
MemAvailable:    1534540 kB
Buffers:           48692 kB
Cached:           302372 kB
MemTotal:        1844596 kB
MemFree:         1309536 kB
MemAvailable:    1534344 kB
Buffers:           48692 kB
Cached:           302372 kB
MemTotal:        1844596 kB
MemFree:         1309280 kB
MemAvailable:    1534088 kB
Buffers:           48692 kB
Cached:           302372 kB
MemTotal:        1844596 kB
MemFree:         1309532 kB
MemAvailable:    1534340 kB
Buffers:           48692 kB
Cached:           302372 kB
MemTotal:        1844596 kB
MemFree:         1309316 kB
MemAvailable:    1534124 kB
Buffers:           48692 kB
Cached:           302372 kB
MemTotal:        1844596 kB
MemFree:         1309400 kB
MemAvailable:    1534208 kB
Buffers:           48692 kB
Cached:           302372 kB
MemTotal:        1844596 kB
MemFree:         1309148 kB
MemAvailable:    1533956 kB
Buffers:           48692 kB
Cached:           302372 kB
MemTotal:        1844596 kB
MemFree:         1309400 kB
MemAvailable:    1534208 kB
Buffers:           48692 kB
Cached:           302372 kB
MemTotal:        1844596 kB
MemFree:         1308864 kB
MemAvailable:    1533672 kB
Buffers:           48692 kB
Cached:           302372 kB
MemTotal:        1844596 kB
MemFree:         1308600 kB
MemAvailable:    1533408 kB
Buffers:           48692 kB
Cached:           302372 kB
MemTotal:        1844596 kB
MemFree:         1308852 kB
MemAvailable:    1533660 kB
Buffers:           48692 kB
Cached:           302372 kB
MemTotal:        1844596 kB
MemFree:         1308480 kB
MemAvailable:    1533288 kB
Buffers:           48692 kB
Cached:           302372 kB
MemTotal:        1844596 kB
MemFree:         1308408 kB
MemAvailable:    1533216 kB
Buffers:           48692 kB
Cached:           302372 kB
MemTotal:        1844596 kB
MemFree:         1308408 kB
MemAvailable:    1533216 kB
Buffers:           48692 kB
Cached:           302372 kB
MemTotal:        1844596 kB
MemFree:         1308404 kB
MemAvailable:    1533212 kB
Buffers:           48692 kB
Cached:           302372 kB
MemTotal:        1844596 kB
MemFree:         1308476 kB
MemAvailable:    1533284 kB
Buffers:           48692 kB
Cached:           302372 kB
MemTotal:        1844596 kB
MemFree:         1308352 kB
MemAvailable:    1533160 kB
Buffers:           48692 kB
Cached:           302372 kB
MemTotal:        1844596 kB
MemFree:         1308244 kB
MemAvailable:    1533052 kB
Buffers:           48692 kB
Cached:           302372 kB
MemTotal:        1844596 kB
MemFree:         1308340 kB
MemAvailable:    1533148 kB
Buffers:           48692 kB
Cached:           302372 kB
MemTotal:        1844596 kB
MemFree:         1308592 kB
MemAvailable:    1533400 kB
Buffers:           48692 kB
Cached:           302372 kB
MemTotal:        1844596 kB
MemFree:         1308284 kB
MemAvailable:    1533092 kB
Buffers:           48692 kB
Cached:           302372 kB
MemTotal:        1844596 kB
MemFree:         1307484 kB
MemAvailable:    1532292 kB
Buffers:           48692 kB
Cached:           302372 kB
MemTotal:        1844596 kB
MemFree:         1308236 kB
MemAvailable:    1533044 kB
Buffers:           48692 kB
Cached:           302372 kB
MemTotal:        1844596 kB
MemFree:         1306864 kB
MemAvailable:    1531672 kB
Buffers:           48692 kB
Cached:           302372 kB
MemTotal:        1844596 kB
MemFree:         1307996 kB
MemAvailable:    1532804 kB
Buffers:           48692 kB
Cached:           302372 kB
MemTotal:        1844596 kB
MemFree:         1307932 kB
MemAvailable:    1532740 kB
Buffers:           48692 kB
Cached:           302372 kB
MemTotal:        1844596 kB
MemFree:         1307740 kB
MemAvailable:    1532548 kB
Buffers:           48692 kB
Cached:           302372 kB
MemTotal:        1844596 kB
MemFree:         1306368 kB
MemAvailable:    1531176 kB
Buffers:           48692 kB
Cached:           302372 kB
MemTotal:        1844596 kB
MemFree:         1306188 kB
MemAvailable:    1530996 kB
Buffers:           48692 kB
Cached:           302372 kB
MemTotal:        1844596 kB
MemFree:         1306320 kB
MemAvailable:    1531128 kB
Buffers:           48692 kB
Cached:           302372 kB
MemTotal:        1844596 kB
MemFree:         1306320 kB
MemAvailable:    1531128 kB
Buffers:           48692 kB
Cached:           302372 kB
MemTotal:        1844596 kB
MemFree:         1307412 kB
MemAvailable:    1532220 kB
Buffers:           48692 kB
Cached:           302372 kB
MemTotal:        1844596 kB
MemFree:         1307748 kB
MemAvailable:    1532556 kB
Buffers:           48692 kB
Cached:           302372 kB
MemTotal:        1844596 kB
MemFree:         1307456 kB
MemAvailable:    1532264 kB
Buffers:           48692 kB
Cached:           302372 kB
MemTotal:        1844596 kB
MemFree:         1307456 kB
MemAvailable:    1532264 kB
Buffers:           48692 kB
Cached:           302372 kB
MemTotal:        1844596 kB
MemFree:         1307220 kB
MemAvailable:    1532028 kB
Buffers:           48692 kB
Cached:           302372 kB
MemTotal:        1844596 kB
MemFree:         1307240 kB
MemAvailable:    1532048 kB
Buffers:           48692 kB
Cached:           302372 kB
MemTotal:        1844596 kB
MemFree:         1303896 kB
MemAvailable:    1528704 kB
Buffers:           48692 kB
Cached:           302372 kB
MemTotal:        1844596 kB
MemFree:         1302408 kB
MemAvailable:    1527216 kB
Buffers:           48692 kB
Cached:           302372 kB
MemTotal:        1844596 kB
MemFree:         1301240 kB
MemAvailable:    1526048 kB
Buffers:           48692 kB
Cached:           302372 kB
MemTotal:        1844596 kB
MemFree:         1299264 kB
MemAvailable:    1524072 kB
Buffers:           48692 kB
Cached:           302372 kB
MemTotal:        1844596 kB
MemFree:         1298936 kB
MemAvailable:    1523748 kB
Buffers:           48692 kB
Cached:           302376 kB
MemTotal:        1844596 kB
MemFree:         1299548 kB
MemAvailable:    1524360 kB
Buffers:           48692 kB
Cached:           302376 kB
MemTotal:        1844596 kB
MemFree:         1299564 kB
MemAvailable:    1524376 kB
Buffers:           48692 kB
Cached:           302376 kB
MemTotal:        1844596 kB
MemFree:         1299624 kB
MemAvailable:    1524436 kB
Buffers:           48692 kB
Cached:           302376 kB
MemTotal:        1844596 kB
MemFree:         1299368 kB
MemAvailable:    1524180 kB
Buffers:           48692 kB
Cached:           302376 kB
MemTotal:        1844596 kB
MemFree:         1299704 kB
MemAvailable:    1524516 kB
Buffers:           48692 kB
Cached:           302376 kB
MemTotal:        1844596 kB
MemFree:         1299608 kB
MemAvailable:    1524424 kB
Buffers:           48692 kB
Cached:           302380 kB
MemTotal:        1844596 kB
MemFree:         1299584 kB
MemAvailable:    1524400 kB
Buffers:           48692 kB
Cached:           302380 kB
MemTotal:        1844596 kB
MemFree:         1298152 kB
MemAvailable:    1522968 kB
Buffers:           48692 kB
Cached:           302380 kB
MemTotal:        1844596 kB
MemFree:         1298400 kB
MemAvailable:    1523216 kB
Buffers:           48692 kB
Cached:           302380 kB
MemTotal:        1844596 kB
MemFree:         1299516 kB
MemAvailable:    1524332 kB
Buffers:           48692 kB
Cached:           302380 kB
MemTotal:        1844596 kB
MemFree:         1298312 kB
MemAvailable:    1523128 kB
Buffers:           48692 kB
Cached:           302380 kB
MemTotal:        1844596 kB
MemFree:         1298436 kB
MemAvailable:    1523252 kB
Buffers:           48692 kB
Cached:           302380 kB
MemTotal:        1844596 kB
MemFree:         1299612 kB
MemAvailable:    1524428 kB
Buffers:           48692 kB
Cached:           302380 kB
MemTotal:        1844596 kB
MemFree:         1298820 kB
MemAvailable:    1523636 kB
Buffers:           48692 kB
Cached:           302380 kB
MemTotal:        1844596 kB
MemFree:         1299252 kB
MemAvailable:    1524068 kB
Buffers:           48692 kB
Cached:           302380 kB
MemTotal:        1844596 kB
MemFree:         1298448 kB
MemAvailable:    1523264 kB
Buffers:           48692 kB
Cached:           302380 kB
MemTotal:        1844596 kB
MemFree:         1298576 kB
MemAvailable:    1523392 kB
Buffers:           48692 kB
Cached:           302380 kB
MemTotal:        1844596 kB
MemFree:         1298384 kB
MemAvailable:    1523200 kB
Buffers:           48692 kB
Cached:           302380 kB
MemTotal:        1844596 kB
MemFree:         1298200 kB
MemAvailable:    1523016 kB
Buffers:           48692 kB
Cached:           302380 kB
MemTotal:        1844596 kB
MemFree:         1298028 kB
MemAvailable:    1522844 kB
Buffers:           48692 kB
Cached:           302380 kB
MemTotal:        1844596 kB
MemFree:         1296712 kB
MemAvailable:    1521528 kB
Buffers:           48692 kB
Cached:           302380 kB
MemTotal:        1844596 kB
MemFree:         1297076 kB
MemAvailable:    1521892 kB
Buffers:           48692 kB
Cached:           302380 kB
MemTotal:        1844596 kB
MemFree:         1297692 kB
MemAvailable:    1522508 kB
Buffers:           48692 kB
Cached:           302380 kB
MemTotal:        1844596 kB
MemFree:         1297084 kB
MemAvailable:    1521900 kB
Buffers:           48692 kB
Cached:           302380 kB
MemTotal:        1844596 kB
MemFree:         1296340 kB
MemAvailable:    1521156 kB
Buffers:           48692 kB
Cached:           302380 kB
MemTotal:        1844596 kB
MemFree:         1296340 kB
MemAvailable:    1521156 kB
Buffers:           48692 kB
Cached:           302380 kB
MemTotal:        1844596 kB
MemFree:         1295216 kB
MemAvailable:    1520032 kB
Buffers:           48692 kB
Cached:           302380 kB
MemTotal:        1844596 kB
MemFree:         1295808 kB
MemAvailable:    1520624 kB
Buffers:           48692 kB
Cached:           302380 kB
MemTotal:        1844596 kB
MemFree:         1296144 kB
MemAvailable:    1520960 kB
Buffers:           48692 kB
Cached:           302380 kB
MemTotal:        1844596 kB
MemFree:         1294568 kB
MemAvailable:    1519384 kB
Buffers:           48692 kB
Cached:           302380 kB
MemTotal:        1844596 kB
MemFree:         1295816 kB
MemAvailable:    1520632 kB
Buffers:           48692 kB
Cached:           302380 kB
MemTotal:        1844596 kB
MemFree:         1294728 kB
MemAvailable:    1519544 kB
Buffers:           48692 kB
Cached:           302380 kB
MemTotal:        1844596 kB
MemFree:         1295728 kB
MemAvailable:    1520544 kB
Buffers:           48692 kB
Cached:           302380 kB
MemTotal:        1844596 kB
MemFree:         1294296 kB
MemAvailable:    1519112 kB
Buffers:           48692 kB
Cached:           302380 kB
MemTotal:        1844596 kB
MemFree:         1294804 kB
MemAvailable:    1519620 kB
Buffers:           48692 kB
Cached:           302380 kB
MemTotal:        1844596 kB
MemFree:         1295724 kB
MemAvailable:    1520540 kB
Buffers:           48692 kB
Cached:           302380 kB
MemTotal:        1844596 kB
MemFree:         1295892 kB
MemAvailable:    1520708 kB
Buffers:           48692 kB
Cached:           302380 kB
MemTotal:        1844596 kB
MemFree:         1295340 kB
MemAvailable:    1520156 kB
Buffers:           48692 kB
Cached:           302380 kB
MemTotal:        1844596 kB
MemFree:         1295084 kB
MemAvailable:    1519900 kB
Buffers:           48692 kB
Cached:           302380 kB
MemTotal:        1844596 kB
MemFree:         1293712 kB
MemAvailable:    1518528 kB
Buffers:           48692 kB
Cached:           302380 kB
MemTotal:        1844596 kB
MemFree:         1286768 kB
MemAvailable:    1511584 kB
Buffers:           48692 kB
Cached:           302380 kB
MemTotal:        1844596 kB
MemFree:         1286768 kB
MemAvailable:    1511584 kB
Buffers:           48692 kB
Cached:           302380 kB
MemTotal:        1844596 kB
MemFree:         1286632 kB
MemAvailable:    1511448 kB
Buffers:           48692 kB
Cached:           302380 kB
MemTotal:        1844596 kB
MemFree:         1286884 kB
MemAvailable:    1511700 kB
Buffers:           48692 kB
Cached:           302380 kB
MemTotal:        1844596 kB
MemFree:         1286584 kB
MemAvailable:    1511400 kB
Buffers:           48692 kB
Cached:           302380 kB
MemTotal:        1844596 kB
MemFree:         1286752 kB
MemAvailable:    1511568 kB
Buffers:           48692 kB
Cached:           302380 kB
MemTotal:        1844596 kB
MemFree:         1286576 kB
MemAvailable:    1511392 kB
Buffers:           48692 kB
Cached:           302380 kB
MemTotal:        1844596 kB
MemFree:         1286744 kB
MemAvailable:    1511560 kB
Buffers:           48692 kB
Cached:           302380 kB
MemTotal:        1844596 kB
MemFree:         1288776 kB
MemAvailable:    1513592 kB
Buffers:           48692 kB
Cached:           302380 kB
MemTotal:        1844596 kB
MemFree:         1288664 kB
MemAvailable:    1513564 kB
Buffers:           48692 kB
Cached:           302504 kB
MemTotal:        1844596 kB
MemFree:         1288532 kB
MemAvailable:    1513432 kB
Buffers:           48692 kB
Cached:           302504 kB
MemTotal:        1844596 kB
MemFree:         1288596 kB
MemAvailable:    1513580 kB
Buffers:           48692 kB
Cached:           302628 kB
MemTotal:        1844596 kB
MemFree:         1288200 kB
MemAvailable:    1513352 kB
Buffers:           48692 kB
Cached:           302752 kB
MemTotal:        1844596 kB
MemFree:         1288536 kB
MemAvailable:    1513688 kB
Buffers:           48692 kB
Cached:           302752 kB
MemTotal:        1844596 kB
MemFree:         1288068 kB
MemAvailable:    1513388 kB
Buffers:           48692 kB
Cached:           303000 kB
MemTotal:        1844596 kB
MemFree:         1287588 kB
MemAvailable:    1512992 kB
Buffers:           48692 kB
Cached:           303000 kB
MemTotal:        1844596 kB
MemFree:         1286960 kB
MemAvailable:    1512364 kB
Buffers:           48692 kB
Cached:           303000 kB
MemTotal:        1844596 kB
MemFree:         1286836 kB
MemAvailable:    1512240 kB
Buffers:           48692 kB
Cached:           303000 kB
MemTotal:        1844596 kB
MemFree:         1286660 kB
MemAvailable:    1512148 kB
Buffers:           48692 kB
Cached:           303000 kB
MemTotal:        1844596 kB
MemFree:         1286792 kB
MemAvailable:    1512280 kB
Buffers:           48692 kB
Cached:           303000 kB
MemTotal:        1844596 kB
MemFree:         1286916 kB
MemAvailable:    1512404 kB
Buffers:           48692 kB
Cached:           303000 kB
MemTotal:        1844596 kB
MemFree:         1287984 kB
MemAvailable:    1513472 kB
Buffers:           48692 kB
Cached:           303000 kB
MemTotal:        1844596 kB
MemFree:         1288040 kB
MemAvailable:    1513528 kB
Buffers:           48692 kB
Cached:           303000 kB
MemTotal:        1844596 kB
MemFree:         1288076 kB
MemAvailable:    1513564 kB
Buffers:           48692 kB
Cached:           303124 kB
MemTotal:        1844596 kB
MemFree:         1287200 kB
MemAvailable:    1512100 kB
Buffers:           48692 kB
Cached:           302452 kB
MemTotal:        1844596 kB
MemFree:         1356656 kB
MemAvailable:    1581556 kB
Buffers:           48692 kB
Cached:           302452 kB
