MemTotal:        1844596 kB
MemFree:         1372576 kB
MemAvailable:    1561540 kB
Buffers:           44868 kB
Cached:           273524 kB
MemTotal:        1844596 kB
MemFree:         1369848 kB
MemAvailable:    1558812 kB
Buffers:           44868 kB
Cached:           273524 kB
MemTotal:        1844596 kB
MemFree:         1368368 kB
MemAvailable:    1557332 kB
Buffers:           44868 kB
Cached:           273524 kB
MemTotal:        1844596 kB
MemFree:         1367724 kB
MemAvailable:    1556688 kB
Buffers:           44868 kB
Cached:           273524 kB
MemTotal:        1844596 kB
MemFree:         1367724 kB
MemAvailable:    1556688 kB
Buffers:           44868 kB
Cached:           273524 kB
MemTotal:        1844596 kB
MemFree:         1367496 kB
MemAvailable:    1556460 kB
Buffers:           44868 kB
Cached:           273524 kB
MemTotal:        1844596 kB
MemFree:         1365996 kB
MemAvailable:    1554960 kB
Buffers:           44868 kB
Cached:           273524 kB
MemTotal:        1844596 kB
MemFree:         1365020 kB
MemAvailable:    1553984 kB
Buffers:           44868 kB
Cached:           273524 kB
MemTotal:        1844596 kB
MemFree:         1362028 kB
MemAvailable:    1550992 kB
Buffers:           44868 kB
Cached:           273524 kB
MemTotal:        1844596 kB
MemFree:         1360052 kB
MemAvailable:    1549016 kB
Buffers:           44868 kB
Cached:           273524 kB
MemTotal:        1844596 kB
MemFree:         1357580 kB
MemAvailable:    1546544 kB
Buffers:           44868 kB
Cached:           273524 kB
MemTotal:        1844596 kB
MemFree:         1356440 kB
MemAvailable:    1545404 kB
Buffers:           44868 kB
Cached:           273524 kB
MemTotal:        1844596 kB
MemFree:         1357952 kB
MemAvailable:    1546916 kB
Buffers:           44868 kB
Cached:           273524 kB
MemTotal:        1844596 kB
MemFree:         1357568 kB
MemAvailable:    1546532 kB
Buffers:           44868 kB
Cached:           273524 kB
MemTotal:        1844596 kB
MemFree:         1357084 kB
MemAvailable:    1546048 kB
Buffers:           44868 kB
Cached:           273524 kB
MemTotal:        1844596 kB
MemFree:         1357460 kB
MemAvailable:    1546424 kB
Buffers:           44868 kB
Cached:           273524 kB
MemTotal:        1844596 kB
MemFree:         1357496 kB
MemAvailable:    1546460 kB
Buffers:           44868 kB
Cached:           273524 kB
MemTotal:        1844596 kB
MemFree:         1357324 kB
MemAvailable:    1546288 kB
Buffers:           44868 kB
Cached:           273524 kB
MemTotal:        1844596 kB
MemFree:         1355968 kB
MemAvailable:    1544932 kB
Buffers:           44868 kB
Cached:           273524 kB
MemTotal:        1844596 kB
MemFree:         1355696 kB
MemAvailable:    1544660 kB
Buffers:           44868 kB
Cached:           273524 kB
MemTotal:        1844596 kB
MemFree:         1355784 kB
MemAvailable:    1544748 kB
Buffers:           44868 kB
Cached:           273524 kB
MemTotal:        1844596 kB
MemFree:         1354232 kB
MemAvailable:    1543196 kB
Buffers:           44868 kB
Cached:           273524 kB
MemTotal:        1844596 kB
MemFree:         1355236 kB
MemAvailable:    1544200 kB
Buffers:           44868 kB
Cached:           273524 kB
MemTotal:        1844596 kB
MemFree:         1354356 kB
MemAvailable:    1543320 kB
Buffers:           44868 kB
Cached:           273524 kB
MemTotal:        1844596 kB
MemFree:         1355212 kB
MemAvailable:    1544176 kB
Buffers:           44868 kB
Cached:           273524 kB
MemTotal:        1844596 kB
MemFree:         1354480 kB
MemAvailable:    1543444 kB
Buffers:           44868 kB
Cached:           273524 kB
MemTotal:        1844596 kB
MemFree:         1354980 kB
MemAvailable:    1543944 kB
Buffers:           44868 kB
Cached:           273524 kB
MemTotal:        1844596 kB
MemFree:         1353972 kB
MemAvailable:    1542936 kB
Buffers:           44868 kB
Cached:           273524 kB
MemTotal:        1844596 kB
MemFree:         1355400 kB
MemAvailable:    1544364 kB
Buffers:           44868 kB
Cached:           273524 kB
MemTotal:        1844596 kB
MemFree:         1355100 kB
MemAvailable:    1544064 kB
Buffers:           44868 kB
Cached:           273524 kB
MemTotal:        1844596 kB
MemFree:         1355844 kB
MemAvailable:    1544808 kB
Buffers:           44868 kB
Cached:           273524 kB
MemTotal:        1844596 kB
MemFree:         1356316 kB
MemAvailable:    1545280 kB
Buffers:           44868 kB
Cached:           273524 kB
MemTotal:        1844596 kB
MemFree:         1356316 kB
MemAvailable:    1545280 kB
Buffers:           44868 kB
Cached:           273524 kB
MemTotal:        1844596 kB
MemFree:         1352860 kB
MemAvailable:    1541824 kB
Buffers:           44868 kB
Cached:           273524 kB
MemTotal:        1844596 kB
MemFree:         1353232 kB
MemAvailable:    1542196 kB
Buffers:           44868 kB
Cached:           273524 kB
MemTotal:        1844596 kB
MemFree:         1352348 kB
MemAvailable:    1541320 kB
Buffers:           44868 kB
Cached:           273532 kB
MemTotal:        1844596 kB
MemFree:         1352184 kB
MemAvailable:    1541156 kB
Buffers:           44868 kB
Cached:           273532 kB
MemTotal:        1844596 kB
MemFree:         1351900 kB
MemAvailable:    1540872 kB
Buffers:           44868 kB
Cached:           273532 kB
MemTotal:        1844596 kB
MemFree:         1351900 kB
MemAvailable:    1540872 kB
Buffers:           44868 kB
Cached:           273532 kB
MemTotal:        1844596 kB
MemFree:         1351108 kB
MemAvailable:    1540080 kB
Buffers:           44868 kB
Cached:           273532 kB
MemTotal:        1844596 kB
MemFree:         1351192 kB
MemAvailable:    1540164 kB
Buffers:           44868 kB
Cached:           273532 kB
MemTotal:        1844596 kB
MemFree:         1350980 kB
MemAvailable:    1539952 kB
Buffers:           44868 kB
Cached:           273532 kB
MemTotal:        1844596 kB
MemFree:         1351232 kB
MemAvailable:    1540204 kB
Buffers:           44868 kB
Cached:           273532 kB
MemTotal:        1844596 kB
MemFree:         1349704 kB
MemAvailable:    1538676 kB
Buffers:           44868 kB
Cached:           273532 kB
MemTotal:        1844596 kB
MemFree:         1349740 kB
MemAvailable:    1538712 kB
Buffers:           44868 kB
Cached:           273532 kB
MemTotal:        1844596 kB
MemFree:         1350848 kB
MemAvailable:    1539820 kB
Buffers:           44868 kB
Cached:           273532 kB
MemTotal:        1844596 kB
MemFree:         1350848 kB
MemAvailable:    1539820 kB
Buffers:           44868 kB
Cached:           273532 kB
MemTotal:        1844596 kB
MemFree:         1350356 kB
MemAvailable:    1539328 kB
Buffers:           44868 kB
Cached:           273532 kB
MemTotal:        1844596 kB
MemFree:         1350440 kB
MemAvailable:    1539412 kB
Buffers:           44868 kB
Cached:           273532 kB
MemTotal:        1844596 kB
MemFree:         1348876 kB
MemAvailable:    1537848 kB
Buffers:           44868 kB
Cached:           273532 kB
MemTotal:        1844596 kB
MemFree:         1349940 kB
MemAvailable:    1538912 kB
Buffers:           44868 kB
Cached:           273532 kB
MemTotal:        1844596 kB
MemFree:         1350108 kB
MemAvailable:    1539080 kB
Buffers:           44868 kB
Cached:           273532 kB
MemTotal:        1844596 kB
MemFree:         1348872 kB
MemAvailable:    1537844 kB
Buffers:           44868 kB
Cached:           273532 kB
MemTotal:        1844596 kB
MemFree:         1348996 kB
MemAvailable:    1537968 kB
Buffers:           44868 kB
Cached:           273532 kB
MemTotal:        1844596 kB
MemFree:         1348748 kB
MemAvailable:    1537720 kB
Buffers:           44868 kB
Cached:           273532 kB
MemTotal:        1844596 kB
MemFree:         1348872 kB
MemAvailable:    1537844 kB
Buffers:           44868 kB
Cached:           273532 kB
MemTotal:        1844596 kB
MemFree:         1348120 kB
MemAvailable:    1537092 kB
Buffers:           44868 kB
Cached:           273532 kB
MemTotal:        1844596 kB
MemFree:         1350300 kB
MemAvailable:    1539272 kB
Buffers:           44868 kB
Cached:           273532 kB
MemTotal:        1844596 kB
MemFree:         1349920 kB
MemAvailable:    1538892 kB
Buffers:           44868 kB
Cached:           273532 kB
MemTotal:        1844596 kB
MemFree:         1349240 kB
MemAvailable:    1538212 kB
Buffers:           44868 kB
Cached:           273532 kB
MemTotal:        1844596 kB
MemFree:         1349804 kB
MemAvailable:    1538776 kB
Buffers:           44868 kB
Cached:           273532 kB
MemTotal:        1844596 kB
MemFree:         1348580 kB
MemAvailable:    1537552 kB
Buffers:           44868 kB
Cached:           273532 kB
MemTotal:        1844596 kB
MemFree:         1349812 kB
MemAvailable:    1538784 kB
Buffers:           44868 kB
Cached:           273532 kB
MemTotal:        1844596 kB
MemFree:         1349492 kB
MemAvailable:    1538464 kB
Buffers:           44868 kB
Cached:           273532 kB
MemTotal:        1844596 kB
MemFree:         1348496 kB
MemAvailable:    1537468 kB
Buffers:           44868 kB
Cached:           273532 kB
MemTotal:        1844596 kB
MemFree:         1349156 kB
MemAvailable:    1538128 kB
Buffers:           44868 kB
Cached:           273532 kB
MemTotal:        1844596 kB
MemFree:         1349200 kB
MemAvailable:    1538172 kB
Buffers:           44868 kB
Cached:           273532 kB
MemTotal:        1844596 kB
MemFree:         1348240 kB
MemAvailable:    1537212 kB
Buffers:           44868 kB
Cached:           273532 kB
MemTotal:        1844596 kB
MemFree:         1348936 kB
MemAvailable:    1537908 kB
Buffers:           44868 kB
Cached:           273532 kB
MemTotal:        1844596 kB
MemFree:         1349188 kB
MemAvailable:    1538160 kB
Buffers:           44868 kB
Cached:           273532 kB
MemTotal:        1844596 kB
MemFree:         1349052 kB
MemAvailable:    1538024 kB
Buffers:           44868 kB
Cached:           273532 kB
MemTotal:        1844596 kB
MemFree:         1348248 kB
MemAvailable:    1537220 kB
Buffers:           44868 kB
Cached:           273532 kB
MemTotal:        1844596 kB
MemFree:         1348956 kB
MemAvailable:    1537928 kB
Buffers:           44868 kB
Cached:           273532 kB
MemTotal:        1844596 kB
MemFree:         1349040 kB
MemAvailable:    1538012 kB
Buffers:           44868 kB
Cached:           273532 kB
MemTotal:        1844596 kB
MemFree:         1347752 kB
MemAvailable:    1536724 kB
Buffers:           44868 kB
Cached:           273532 kB
MemTotal:        1844596 kB
MemFree:         1348820 kB
MemAvailable:    1537792 kB
Buffers:           44868 kB
Cached:           273532 kB
MemTotal:        1844596 kB
MemFree:         1347736 kB
MemAvailable:    1536708 kB
Buffers:           44868 kB
Cached:           273532 kB
MemTotal:        1844596 kB
MemFree:         1347132 kB
MemAvailable:    1536104 kB
Buffers:           44868 kB
Cached:           273532 kB
MemTotal:        1844596 kB
MemFree:         1344504 kB
MemAvailable:    1533476 kB
Buffers:           44868 kB
Cached:           273532 kB
MemTotal:        1844596 kB
MemFree:         1344756 kB
MemAvailable:    1533728 kB
Buffers:           44868 kB
Cached:           273532 kB
MemTotal:        1844596 kB
MemFree:         1341612 kB
MemAvailable:    1530584 kB
Buffers:           44868 kB
Cached:           273532 kB
MemTotal:        1844596 kB
MemFree:         1341272 kB
MemAvailable:    1530244 kB
Buffers:           44868 kB
Cached:           273532 kB
MemTotal:        1844596 kB
MemFree:         1341272 kB
MemAvailable:    1530244 kB
Buffers:           44868 kB
Cached:           273532 kB
MemTotal:        1844596 kB
MemFree:         1341216 kB
MemAvailable:    1530188 kB
Buffers:           44868 kB
Cached:           273532 kB
MemTotal:        1844596 kB
MemFree:         1339784 kB
MemAvailable:    1528756 kB
Buffers:           44868 kB
Cached:           273532 kB
MemTotal:        1844596 kB
MemFree:         1341084 kB
MemAvailable:    1530056 kB
Buffers:           44868 kB
Cached:           273532 kB
MemTotal:        1844596 kB
MemFree:         1341128 kB
MemAvailable:    1530100 kB
Buffers:           44868 kB
Cached:           273532 kB
MemTotal:        1844596 kB
MemFree:         1341012 kB
MemAvailable:    1529984 kB
Buffers:           44868 kB
Cached:           273532 kB
MemTotal:        1844596 kB
MemFree:         1341264 kB
MemAvailable:    1530236 kB
Buffers:           44868 kB
Cached:           273532 kB
MemTotal:        1844596 kB
MemFree:         1340036 kB
MemAvailable:    1529008 kB
Buffers:           44868 kB
Cached:           273532 kB
MemTotal:        1844596 kB
MemFree:         1341112 kB
MemAvailable:    1530084 kB
Buffers:           44868 kB
Cached:           273532 kB
MemTotal:        1844596 kB
MemFree:         1340312 kB
MemAvailable:    1529284 kB
Buffers:           44868 kB
Cached:           273532 kB
MemTotal:        1844596 kB
MemFree:         1341056 kB
MemAvailable:    1530028 kB
Buffers:           44868 kB
Cached:           273532 kB
MemTotal:        1844596 kB
MemFree:         1341056 kB
MemAvailable:    1530028 kB
Buffers:           44868 kB
Cached:           273532 kB
MemTotal:        1844596 kB
MemFree:         1340992 kB
MemAvailable:    1529964 kB
Buffers:           44868 kB
Cached:           273532 kB
MemTotal:        1844596 kB
MemFree:         1339816 kB
MemAvailable:    1528788 kB
Buffers:           44868 kB
Cached:           273532 kB
MemTotal:        1844596 kB
MemFree:         1340412 kB
MemAvailable:    1529384 kB
Buffers:           44868 kB
Cached:           273532 kB
MemTotal:        1844596 kB
MemFree:         1340412 kB
MemAvailable:    1529384 kB
Buffers:           44868 kB
Cached:           273532 kB
MemTotal:        1844596 kB
MemFree:         1339916 kB
MemAvailable:    1528888 kB
Buffers:           44868 kB
Cached:           273532 kB
MemTotal:        1844596 kB
MemFree:         1339792 kB
MemAvailable:    1528764 kB
Buffers:           44868 kB
Cached:           273532 kB
MemTotal:        1844596 kB
MemFree:         1339516 kB
MemAvailable:    1528488 kB
Buffers:           44868 kB
Cached:           273532 kB
MemTotal:        1844596 kB
MemFree:         1339768 kB
MemAvailable:    1528740 kB
Buffers:           44868 kB
Cached:           273532 kB
MemTotal:        1844596 kB
MemFree:         1338196 kB
MemAvailable:    1527168 kB
Buffers:           44868 kB
Cached:           273532 kB
MemTotal:        1844596 kB
MemFree:         1338452 kB
MemAvailable:    1527424 kB
Buffers:           44868 kB
Cached:           273532 kB
MemTotal:        1844596 kB
MemFree:         1337336 kB
MemAvailable:    1526308 kB
Buffers:           44868 kB
Cached:           273532 kB
MemTotal:        1844596 kB
MemFree:         1337212 kB
MemAvailable:    1526192 kB
Buffers:           44868 kB
Cached:           273540 kB
MemTotal:        1844596 kB
MemFree:         1337212 kB
MemAvailable:    1526192 kB
Buffers:           44868 kB
Cached:           273540 kB
MemTotal:        1844596 kB
MemFree:         1336344 kB
MemAvailable:    1525324 kB
Buffers:           44868 kB
Cached:           273540 kB
MemTotal:        1844596 kB
MemFree:         1336204 kB
MemAvailable:    1525184 kB
Buffers:           44868 kB
Cached:           273540 kB
MemTotal:        1844596 kB
MemFree:         1337512 kB
MemAvailable:    1526492 kB
Buffers:           44868 kB
Cached:           273540 kB
MemTotal:        1844596 kB
MemFree:         1337148 kB
MemAvailable:    1526128 kB
Buffers:           44868 kB
Cached:           273540 kB
MemTotal:        1844596 kB
MemFree:         1336096 kB
MemAvailable:    1525076 kB
Buffers:           44868 kB
Cached:           273540 kB
MemTotal:        1844596 kB
MemFree:         1337164 kB
MemAvailable:    1526144 kB
Buffers:           44868 kB
Cached:           273540 kB
MemTotal:        1844596 kB
MemFree:         1336956 kB
MemAvailable:    1525936 kB
Buffers:           44868 kB
Cached:           273540 kB
MemTotal:        1844596 kB
MemFree:         1337192 kB
MemAvailable:    1526172 kB
Buffers:           44868 kB
Cached:           273540 kB
MemTotal:        1844596 kB
MemFree:         1335944 kB
MemAvailable:    1524924 kB
Buffers:           44868 kB
Cached:           273540 kB
MemTotal:        1844596 kB
MemFree:         1337172 kB
MemAvailable:    1526152 kB
Buffers:           44868 kB
Cached:           273540 kB
MemTotal:        1844596 kB
MemFree:         1337324 kB
MemAvailable:    1526304 kB
Buffers:           44868 kB
Cached:           273540 kB
MemTotal:        1844596 kB
MemFree:         1336816 kB
MemAvailable:    1525796 kB
Buffers:           44868 kB
Cached:           273540 kB
MemTotal:        1844596 kB
MemFree:         1336964 kB
MemAvailable:    1525944 kB
Buffers:           44868 kB
Cached:           273540 kB
MemTotal:        1844596 kB
MemFree:         1335460 kB
MemAvailable:    1524440 kB
Buffers:           44868 kB
Cached:           273540 kB
MemTotal:        1844596 kB
MemFree:         1328136 kB
MemAvailable:    1517116 kB
Buffers:           44868 kB
Cached:           273540 kB
MemTotal:        1844596 kB
MemFree:         1328348 kB
MemAvailable:    1517328 kB
Buffers:           44868 kB
Cached:           273540 kB
MemTotal:        1844596 kB
MemFree:         1327888 kB
MemAvailable:    1516868 kB
Buffers:           44868 kB
Cached:           273540 kB
MemTotal:        1844596 kB
MemFree:         1327888 kB
MemAvailable:    1516868 kB
Buffers:           44868 kB
Cached:           273540 kB
MemTotal:        1844596 kB
MemFree:         1327792 kB
MemAvailable:    1516772 kB
Buffers:           44868 kB
Cached:           273540 kB
MemTotal:        1844596 kB
MemFree:         1326736 kB
MemAvailable:    1515716 kB
Buffers:           44868 kB
Cached:           273540 kB
MemTotal:        1844596 kB
MemFree:         1327892 kB
MemAvailable:    1516872 kB
Buffers:           44868 kB
Cached:           273540 kB
MemTotal:        1844596 kB
MemFree:         1327044 kB
MemAvailable:    1516024 kB
Buffers:           44868 kB
Cached:           273540 kB
MemTotal:        1844596 kB
MemFree:         1328576 kB
MemAvailable:    1517560 kB
Buffers:           44868 kB
Cached:           273544 kB
MemTotal:        1844596 kB
MemFree:         1328400 kB
MemAvailable:    1517384 kB
Buffers:           44868 kB
Cached:           273544 kB
MemTotal:        1844596 kB
MemFree:         1329632 kB
MemAvailable:    1518784 kB
Buffers:           44868 kB
Cached:           273668 kB
MemTotal:        1844596 kB
MemFree:         1329716 kB
MemAvailable:    1518868 kB
Buffers:           44868 kB
Cached:           273668 kB
MemTotal:        1844596 kB
MemFree:         1328128 kB
MemAvailable:    1517364 kB
Buffers:           44868 kB
Cached:           273792 kB
MemTotal:        1844596 kB
MemFree:         1328524 kB
MemAvailable:    1517844 kB
Buffers:           44868 kB
Cached:           273792 kB
MemTotal:        1844596 kB
MemFree:         1329136 kB
MemAvailable:    1518648 kB
Buffers:           44868 kB
Cached:           273984 kB
MemTotal:        1844596 kB
MemFree:         1329136 kB
MemAvailable:    1518648 kB
Buffers:           44868 kB
Cached:           273984 kB
MemTotal:        1844596 kB
MemFree:         1329260 kB
MemAvailable:    1518796 kB
Buffers:           44868 kB
Cached:           274176 kB
MemTotal:        1844596 kB
MemFree:         1329260 kB
MemAvailable:    1518796 kB
Buffers:           44868 kB
Cached:           274176 kB
MemTotal:        1844596 kB
MemFree:         1327716 kB
MemAvailable:    1517336 kB
Buffers:           44868 kB
Cached:           274176 kB
MemTotal:        1844596 kB
MemFree:         1328284 kB
MemAvailable:    1517904 kB
Buffers:           44868 kB
Cached:           274176 kB
MemTotal:        1844596 kB
MemFree:         1329136 kB
MemAvailable:    1518756 kB
Buffers:           44868 kB
Cached:           274176 kB
MemTotal:        1844596 kB
MemFree:         1329136 kB
MemAvailable:    1518756 kB
Buffers:           44868 kB
Cached:           274176 kB
MemTotal:        1844596 kB
MemFree:         1329032 kB
MemAvailable:    1518652 kB
Buffers:           44868 kB
Cached:           274176 kB
MemTotal:        1844596 kB
MemFree:         1328868 kB
MemAvailable:    1518488 kB
Buffers:           44868 kB
Cached:           274176 kB
MemTotal:        1844596 kB
MemFree:         1329120 kB
MemAvailable:    1518740 kB
Buffers:           44868 kB
Cached:           274176 kB
MemTotal:        1844596 kB
MemFree:         1328368 kB
MemAvailable:    1517400 kB
Buffers:           44868 kB
Cached:           273544 kB
MemTotal:        1844596 kB
MemFree:         1398492 kB
MemAvailable:    1587440 kB
Buffers:           44868 kB
Cached:           273504 kB
