MemTotal:        1844596 kB
MemFree:         1243500 kB
MemAvailable:    1547676 kB
Buffers:           57328 kB
Cached:           366148 kB
MemTotal:        1844596 kB
MemFree:         1239772 kB
MemAvailable:    1543948 kB
Buffers:           57328 kB
Cached:           366148 kB
MemTotal:        1844596 kB
MemFree:         1238896 kB
MemAvailable:    1543076 kB
Buffers:           57328 kB
Cached:           366152 kB
MemTotal:        1844596 kB
MemFree:         1238292 kB
MemAvailable:    1542472 kB
Buffers:           57328 kB
Cached:           366152 kB
MemTotal:        1844596 kB
MemFree:         1237524 kB
MemAvailable:    1541704 kB
Buffers:           57328 kB
Cached:           366152 kB
MemTotal:        1844596 kB
MemFree:         1237776 kB
MemAvailable:    1541956 kB
Buffers:           57328 kB
Cached:           366152 kB
MemTotal:        1844596 kB
MemFree:         1237308 kB
MemAvailable:    1541488 kB
Buffers:           57328 kB
Cached:           366152 kB
MemTotal:        1844596 kB
MemFree:         1234960 kB
MemAvailable:    1539140 kB
Buffers:           57328 kB
Cached:           366152 kB
MemTotal:        1844596 kB
MemFree:         1233648 kB
MemAvailable:    1537828 kB
Buffers:           57328 kB
Cached:           366152 kB
MemTotal:        1844596 kB
MemFree:         1231292 kB
MemAvailable:    1535472 kB
Buffers:           57328 kB
Cached:           366152 kB
MemTotal:        1844596 kB
MemFree:         1228132 kB
MemAvailable:    1532312 kB
Buffers:           57328 kB
Cached:           366152 kB
MemTotal:        1844596 kB
MemFree:         1227264 kB
MemAvailable:    1531444 kB
Buffers:           57328 kB
Cached:           366152 kB
MemTotal:        1844596 kB
MemFree:         1227492 kB
MemAvailable:    1531672 kB
Buffers:           57328 kB
Cached:           366152 kB
MemTotal:        1844596 kB
MemFree:         1227512 kB
MemAvailable:    1531692 kB
Buffers:           57328 kB
Cached:           366152 kB
MemTotal:        1844596 kB
MemFree:         1227572 kB
MemAvailable:    1531752 kB
Buffers:           57328 kB
Cached:           366152 kB
MemTotal:        1844596 kB
MemFree:         1227324 kB
MemAvailable:    1531504 kB
Buffers:           57328 kB
Cached:           366152 kB
MemTotal:        1844596 kB
MemFree:         1227576 kB
MemAvailable:    1531756 kB
Buffers:           57328 kB
Cached:           366152 kB
MemTotal:        1844596 kB
MemFree:         1227268 kB
MemAvailable:    1531448 kB
Buffers:           57328 kB
Cached:           366152 kB
MemTotal:        1844596 kB
MemFree:         1226768 kB
MemAvailable:    1530948 kB
Buffers:           57328 kB
Cached:           366152 kB
MemTotal:        1844596 kB
MemFree:         1225960 kB
MemAvailable:    1530140 kB
Buffers:           57328 kB
Cached:           366152 kB
MemTotal:        1844596 kB
MemFree:         1225156 kB
MemAvailable:    1529336 kB
Buffers:           57328 kB
Cached:           366152 kB
MemTotal:        1844596 kB
MemFree:         1223908 kB
MemAvailable:    1528088 kB
Buffers:           57328 kB
Cached:           366152 kB
MemTotal:        1844596 kB
MemFree:         1225024 kB
MemAvailable:    1529204 kB
Buffers:           57328 kB
Cached:           366152 kB
MemTotal:        1844596 kB
MemFree:         1225080 kB
MemAvailable:    1529260 kB
Buffers:           57328 kB
Cached:           366152 kB
MemTotal:        1844596 kB
MemFree:         1224164 kB
MemAvailable:    1528344 kB
Buffers:           57328 kB
Cached:           366152 kB
MemTotal:        1844596 kB
MemFree:         1225020 kB
MemAvailable:    1529200 kB
Buffers:           57328 kB
Cached:           366152 kB
MemTotal:        1844596 kB
MemFree:         1223732 kB
MemAvailable:    1527912 kB
Buffers:           57328 kB
Cached:           366152 kB
MemTotal:        1844596 kB
MemFree:         1223732 kB
MemAvailable:    1527912 kB
Buffers:           57328 kB
Cached:           366152 kB
MemTotal:        1844596 kB
MemFree:         1224972 kB
MemAvailable:    1529152 kB
Buffers:           57328 kB
Cached:           366152 kB
MemTotal:        1844596 kB
MemFree:         1224288 kB
MemAvailable:    1528468 kB
Buffers:           57328 kB
Cached:           366152 kB
MemTotal:        1844596 kB
MemFree:         1226384 kB
MemAvailable:    1530564 kB
Buffers:           57328 kB
Cached:           366152 kB
MemTotal:        1844596 kB
MemFree:         1225324 kB
MemAvailable:    1529504 kB
Buffers:           57328 kB
Cached:           366152 kB
MemTotal:        1844596 kB
MemFree:         1224288 kB
MemAvailable:    1528468 kB
Buffers:           57328 kB
Cached:           366152 kB
MemTotal:        1844596 kB
MemFree:         1222676 kB
MemAvailable:    1526856 kB
Buffers:           57328 kB
Cached:           366152 kB
MemTotal:        1844596 kB
MemFree:         1222660 kB
MemAvailable:    1526840 kB
Buffers:           57328 kB
Cached:           366152 kB
MemTotal:        1844596 kB
MemFree:         1222912 kB
MemAvailable:    1527092 kB
Buffers:           57328 kB
Cached:           366152 kB
MemTotal:        1844596 kB
MemFree:         1222116 kB
MemAvailable:    1526296 kB
Buffers:           57328 kB
Cached:           366152 kB
MemTotal:        1844596 kB
MemFree:         1221992 kB
MemAvailable:    1526172 kB
Buffers:           57328 kB
Cached:           366152 kB
MemTotal:        1844596 kB
MemFree:         1220816 kB
MemAvailable:    1524996 kB
Buffers:           57328 kB
Cached:           366152 kB
MemTotal:        1844596 kB
MemFree:         1221124 kB
MemAvailable:    1525304 kB
Buffers:           57328 kB
Cached:           366152 kB
MemTotal:        1844596 kB
MemFree:         1220992 kB
MemAvailable:    1525172 kB
Buffers:           57328 kB
Cached:           366152 kB
MemTotal:        1844596 kB
MemFree:         1220800 kB
MemAvailable:    1524980 kB
Buffers:           57328 kB
Cached:           366152 kB
MemTotal:        1844596 kB
MemFree:         1220792 kB
MemAvailable:    1524972 kB
Buffers:           57328 kB
Cached:           366152 kB
MemTotal:        1844596 kB
MemFree:         1220860 kB
MemAvailable:    1525040 kB
Buffers:           57328 kB
Cached:           366152 kB
MemTotal:        1844596 kB
MemFree:         1220680 kB
MemAvailable:    1524860 kB
Buffers:           57328 kB
Cached:           366152 kB
MemTotal:        1844596 kB
MemFree:         1220640 kB
MemAvailable:    1524820 kB
Buffers:           57328 kB
Cached:           366152 kB
MemTotal:        1844596 kB
MemFree:         1220788 kB
MemAvailable:    1524968 kB
Buffers:           57328 kB
Cached:           366152 kB
MemTotal:        1844596 kB
MemFree:         1220256 kB
MemAvailable:    1524436 kB
Buffers:           57328 kB
Cached:           366152 kB
MemTotal:        1844596 kB
MemFree:         1218956 kB
MemAvailable:    1523136 kB
Buffers:           57328 kB
Cached:           366152 kB
MemTotal:        1844596 kB
MemFree:         1219816 kB
MemAvailable:    1523996 kB
Buffers:           57328 kB
Cached:           366152 kB
MemTotal:        1844596 kB
MemFree:         1218648 kB
MemAvailable:    1522828 kB
Buffers:           57328 kB
Cached:           366152 kB
MemTotal:        1844596 kB
MemFree:         1219880 kB
MemAvailable:    1524060 kB
Buffers:           57328 kB
Cached:           366152 kB
MemTotal:        1844596 kB
MemFree:         1219748 kB
MemAvailable:    1523928 kB
Buffers:           57328 kB
Cached:           366152 kB
MemTotal:        1844596 kB
MemFree:         1219824 kB
MemAvailable:    1524004 kB
Buffers:           57328 kB
Cached:           366152 kB
MemTotal:        1844596 kB
MemFree:         1219780 kB
MemAvailable:    1523960 kB
Buffers:           57328 kB
Cached:           366152 kB
MemTotal:        1844596 kB
MemFree:         1220032 kB
MemAvailable:    1524212 kB
Buffers:           57328 kB
Cached:           366152 kB
MemTotal:        1844596 kB
MemFree:         1219816 kB
MemAvailable:    1523996 kB
Buffers:           57328 kB
Cached:           366152 kB
MemTotal:        1844596 kB
MemFree:         1219876 kB
MemAvailable:    1524056 kB
Buffers:           57328 kB
Cached:           366152 kB
MemTotal:        1844596 kB
MemFree:         1219680 kB
MemAvailable:    1523860 kB
Buffers:           57328 kB
Cached:           366152 kB
MemTotal:        1844596 kB
MemFree:         1219804 kB
MemAvailable:    1523984 kB
Buffers:           57328 kB
Cached:           366152 kB
MemTotal:        1844596 kB
MemFree:         1219716 kB
MemAvailable:    1523896 kB
Buffers:           57328 kB
Cached:           366152 kB
MemTotal:        1844596 kB
MemFree:         1218708 kB
MemAvailable:    1522888 kB
Buffers:           57328 kB
Cached:           366152 kB
MemTotal:        1844596 kB
MemFree:         1219272 kB
MemAvailable:    1523452 kB
Buffers:           57328 kB
Cached:           366152 kB
MemTotal:        1844596 kB
MemFree:         1219392 kB
MemAvailable:    1523572 kB
Buffers:           57328 kB
Cached:           366152 kB
MemTotal:        1844596 kB
MemFree:         1218956 kB
MemAvailable:    1523136 kB
Buffers:           57328 kB
Cached:           366152 kB
MemTotal:        1844596 kB
MemFree:         1217908 kB
MemAvailable:    1522088 kB
Buffers:           57328 kB
Cached:           366152 kB
MemTotal:        1844596 kB
MemFree:         1218876 kB
MemAvailable:    1523056 kB
Buffers:           57328 kB
Cached:           366152 kB
MemTotal:        1844596 kB
MemFree:         1219128 kB
MemAvailable:    1523308 kB
Buffers:           57328 kB
Cached:           366152 kB
MemTotal:        1844596 kB
MemFree:         1218788 kB
MemAvailable:    1522968 kB
Buffers:           57328 kB
Cached:           366152 kB
MemTotal:        1844596 kB
MemFree:         1218788 kB
MemAvailable:    1522968 kB
Buffers:           57328 kB
Cached:           366152 kB
MemTotal:        1844596 kB
MemFree:         1218620 kB
MemAvailable:    1522800 kB
Buffers:           57328 kB
Cached:           366152 kB
MemTotal:        1844596 kB
MemFree:         1218956 kB
MemAvailable:    1523136 kB
Buffers:           57328 kB
Cached:           366152 kB
MemTotal:        1844596 kB
MemFree:         1217640 kB
MemAvailable:    1521820 kB
Buffers:           57328 kB
Cached:           366152 kB
MemTotal:        1844596 kB
MemFree:         1217516 kB
MemAvailable:    1521696 kB
Buffers:           57328 kB
Cached:           366152 kB
MemTotal:        1844596 kB
MemFree:         1217640 kB
MemAvailable:    1521820 kB
Buffers:           57328 kB
Cached:           366152 kB
MemTotal:        1844596 kB
MemFree:         1217072 kB
MemAvailable:    1521252 kB
Buffers:           57328 kB
Cached:           366152 kB
MemTotal:        1844596 kB
MemFree:         1217200 kB
MemAvailable:    1521380 kB
Buffers:           57328 kB
Cached:           366152 kB
MemTotal:        1844596 kB
MemFree:         1214304 kB
MemAvailable:    1518484 kB
Buffers:           57328 kB
Cached:           366152 kB
MemTotal:        1844596 kB
MemFree:         1212692 kB
MemAvailable:    1516872 kB
Buffers:           57328 kB
Cached:           366152 kB
MemTotal:        1844596 kB
MemFree:         1211368 kB
MemAvailable:    1515548 kB
Buffers:           57328 kB
Cached:           366152 kB
MemTotal:        1844596 kB
MemFree:         1211368 kB
MemAvailable:    1515548 kB
Buffers:           57328 kB
Cached:           366152 kB
MemTotal:        1844596 kB
MemFree:         1211088 kB
MemAvailable:    1515268 kB
Buffers:           57328 kB
Cached:           366152 kB
MemTotal:        1844596 kB
MemFree:         1209584 kB
MemAvailable:    1513764 kB
Buffers:           57328 kB
Cached:           366152 kB
MemTotal:        1844596 kB
MemFree:         1209504 kB
MemAvailable:    1513684 kB
Buffers:           57328 kB
Cached:           366152 kB
MemTotal:        1844596 kB
MemFree:         1210888 kB
MemAvailable:    1515068 kB
Buffers:           57328 kB
Cached:           366152 kB
MemTotal:        1844596 kB
MemFree:         1210876 kB
MemAvailable:    1515056 kB
Buffers:           57328 kB
Cached:           366152 kB
MemTotal:        1844596 kB
MemFree:         1210976 kB
MemAvailable:    1515156 kB
Buffers:           57328 kB
Cached:           366152 kB
MemTotal:        1844596 kB
MemFree:         1210920 kB
MemAvailable:    1515100 kB
Buffers:           57328 kB
Cached:           366152 kB
MemTotal:        1844596 kB
MemFree:         1210980 kB
MemAvailable:    1515172 kB
Buffers:           57328 kB
Cached:           366164 kB
MemTotal:        1844596 kB
MemFree:         1210956 kB
MemAvailable:    1515148 kB
Buffers:           57328 kB
Cached:           366164 kB
MemTotal:        1844596 kB
MemFree:         1210756 kB
MemAvailable:    1514948 kB
Buffers:           57328 kB
Cached:           366164 kB
MemTotal:        1844596 kB
MemFree:         1211008 kB
MemAvailable:    1515200 kB
Buffers:           57328 kB
Cached:           366164 kB
MemTotal:        1844596 kB
MemFree:         1210956 kB
MemAvailable:    1515148 kB
Buffers:           57328 kB
Cached:           366164 kB
MemTotal:        1844596 kB
MemFree:         1210700 kB
MemAvailable:    1514892 kB
Buffers:           57328 kB
Cached:           366164 kB
MemTotal:        1844596 kB
MemFree:         1211036 kB
MemAvailable:    1515228 kB
Buffers:           57328 kB
Cached:           366164 kB
MemTotal:        1844596 kB
MemFree:         1210384 kB
MemAvailable:    1514576 kB
Buffers:           57328 kB
Cached:           366164 kB
MemTotal:        1844596 kB
MemFree:         1210384 kB
MemAvailable:    1514576 kB
Buffers:           57328 kB
Cached:           366164 kB
MemTotal:        1844596 kB
MemFree:         1209864 kB
MemAvailable:    1514056 kB
Buffers:           57328 kB
Cached:           366164 kB
MemTotal:        1844596 kB
MemFree:         1209636 kB
MemAvailable:    1513828 kB
Buffers:           57328 kB
Cached:           366164 kB
MemTotal:        1844596 kB
MemFree:         1209384 kB
MemAvailable:    1513576 kB
Buffers:           57328 kB
Cached:           366164 kB
MemTotal:        1844596 kB
MemFree:         1209720 kB
MemAvailable:    1513912 kB
Buffers:           57328 kB
Cached:           366164 kB
MemTotal:        1844596 kB
MemFree:         1209400 kB
MemAvailable:    1513592 kB
Buffers:           57328 kB
Cached:           366164 kB
MemTotal:        1844596 kB
MemFree:         1208144 kB
MemAvailable:    1512336 kB
Buffers:           57328 kB
Cached:           366164 kB
MemTotal:        1844596 kB
MemFree:         1208144 kB
MemAvailable:    1512336 kB
Buffers:           57328 kB
Cached:           366164 kB
MemTotal:        1844596 kB
MemFree:         1208040 kB
MemAvailable:    1512232 kB
Buffers:           57328 kB
Cached:           366164 kB
MemTotal:        1844596 kB
MemFree:         1207600 kB
MemAvailable:    1511792 kB
Buffers:           57328 kB
Cached:           366164 kB
MemTotal:        1844596 kB
MemFree:         1206432 kB
MemAvailable:    1510624 kB
Buffers:           57328 kB
Cached:           366164 kB
MemTotal:        1844596 kB
MemFree:         1207432 kB
MemAvailable:    1511624 kB
Buffers:           57328 kB
Cached:           366164 kB
MemTotal:        1844596 kB
MemFree:         1207408 kB
MemAvailable:    1511600 kB
Buffers:           57328 kB
Cached:           366164 kB
MemTotal:        1844596 kB
MemFree:         1207004 kB
MemAvailable:    1511196 kB
Buffers:           57328 kB
Cached:           366164 kB
MemTotal:        1844596 kB
MemFree:         1207340 kB
MemAvailable:    1511532 kB
Buffers:           57328 kB
Cached:           366164 kB
MemTotal:        1844596 kB
MemFree:         1207080 kB
MemAvailable:    1511272 kB
Buffers:           57328 kB
Cached:           366164 kB
MemTotal:        1844596 kB
MemFree:         1206060 kB
MemAvailable:    1510252 kB
Buffers:           57328 kB
Cached:           366164 kB
MemTotal:        1844596 kB
MemFree:         1206976 kB
MemAvailable:    1511168 kB
Buffers:           57328 kB
Cached:           366164 kB
MemTotal:        1844596 kB
MemFree:         1206928 kB
MemAvailable:    1511120 kB
Buffers:           57328 kB
Cached:           366164 kB
MemTotal:        1844596 kB
MemFree:         1206888 kB
MemAvailable:    1511080 kB
Buffers:           57328 kB
Cached:           366164 kB
MemTotal:        1844596 kB
MemFree:         1206748 kB
MemAvailable:    1510940 kB
Buffers:           57328 kB
Cached:           366164 kB
MemTotal:        1844596 kB
MemFree:         1206964 kB
MemAvailable:    1511156 kB
Buffers:           57328 kB
Cached:           366164 kB
MemTotal:        1844596 kB
MemFree:         1205688 kB
MemAvailable:    1509880 kB
Buffers:           57328 kB
Cached:           366164 kB
MemTotal:        1844596 kB
MemFree:         1206356 kB
MemAvailable:    1510548 kB
Buffers:           57328 kB
Cached:           366164 kB
MemTotal:        1844596 kB
MemFree:         1205008 kB
MemAvailable:    1509200 kB
Buffers:           57328 kB
Cached:           366164 kB
MemTotal:        1844596 kB
MemFree:         1200208 kB
MemAvailable:    1504400 kB
Buffers:           57328 kB
Cached:           366164 kB
MemTotal:        1844596 kB
MemFree:         1199976 kB
MemAvailable:    1504168 kB
Buffers:           57328 kB
Cached:           366164 kB
MemTotal:        1844596 kB
MemFree:         1199216 kB
MemAvailable:    1503492 kB
Buffers:           57328 kB
Cached:           366288 kB
MemTotal:        1844596 kB
MemFree:         1199300 kB
MemAvailable:    1503576 kB
Buffers:           57328 kB
Cached:           366288 kB
MemTotal:        1844596 kB
MemFree:         1197820 kB
MemAvailable:    1502180 kB
Buffers:           57328 kB
Cached:           366412 kB
MemTotal:        1844596 kB
MemFree:         1198908 kB
MemAvailable:    1503436 kB
Buffers:           57328 kB
Cached:           366536 kB
MemTotal:        1844596 kB
MemFree:         1197048 kB
MemAvailable:    1501744 kB
Buffers:           57328 kB
Cached:           366660 kB
MemTotal:        1844596 kB
MemFree:         1199064 kB
MemAvailable:    1503760 kB
Buffers:           57328 kB
Cached:           366660 kB
MemTotal:        1844596 kB
MemFree:         1198580 kB
MemAvailable:    1503360 kB
Buffers:           57328 kB
Cached:           366784 kB
MemTotal:        1844596 kB
MemFree:         1198832 kB
MemAvailable:    1503612 kB
Buffers:           57328 kB
Cached:           366784 kB
MemTotal:        1844596 kB
MemFree:         1198324 kB
MemAvailable:    1503104 kB
Buffers:           57328 kB
Cached:           366784 kB
MemTotal:        1844596 kB
MemFree:         1198660 kB
MemAvailable:    1503440 kB
Buffers:           57328 kB
Cached:           366784 kB
MemTotal:        1844596 kB
MemFree:         1198456 kB
MemAvailable:    1503236 kB
Buffers:           57328 kB
Cached:           366784 kB
MemTotal:        1844596 kB
MemFree:         1198548 kB
MemAvailable:    1503328 kB
Buffers:           57328 kB
Cached:           366784 kB
MemTotal:        1844596 kB
MemFree:         1198312 kB
MemAvailable:    1503092 kB
Buffers:           57328 kB
Cached:           366784 kB
MemTotal:        1844596 kB
MemFree:         1198588 kB
MemAvailable:    1503368 kB
Buffers:           57328 kB
Cached:           366784 kB
MemTotal:        1844596 kB
MemFree:         1197208 kB
MemAvailable:    1501988 kB
Buffers:           57328 kB
Cached:           366784 kB
MemTotal:        1844596 kB
MemFree:         1197340 kB
MemAvailable:    1502120 kB
Buffers:           57328 kB
Cached:           366784 kB
MemTotal:        1844596 kB
MemFree:         1197868 kB
MemAvailable:    1502060 kB
Buffers:           57328 kB
Cached:           366152 kB
MemTotal:        1844596 kB
MemFree:         1240084 kB
MemAvailable:    1544276 kB
Buffers:           57328 kB
Cached:           366152 kB
