MemTotal:        1844596 kB
MemFree:         1355816 kB
MemAvailable:    1560940 kB
Buffers:           46636 kB
Cached:           286476 kB
MemTotal:        1844596 kB
MemFree:         1353832 kB
MemAvailable:    1558956 kB
Buffers:           46636 kB
Cached:           286476 kB
MemTotal:        1844596 kB
MemFree:         1353676 kB
MemAvailable:    1558800 kB
Buffers:           46636 kB
Cached:           286476 kB
MemTotal:        1844596 kB
MemFree:         1351600 kB
MemAvailable:    1556724 kB
Buffers:           46636 kB
Cached:           286476 kB
MemTotal:        1844596 kB
MemFree:         1351656 kB
MemAvailable:    1556780 kB
Buffers:           46636 kB
Cached:           286476 kB
MemTotal:        1844596 kB
MemFree:         1350484 kB
MemAvailable:    1555608 kB
Buffers:           46636 kB
Cached:           286476 kB
MemTotal:        1844596 kB
MemFree:         1349556 kB
MemAvailable:    1554680 kB
Buffers:           46636 kB
Cached:           286476 kB
MemTotal:        1844596 kB
MemFree:         1349244 kB
MemAvailable:    1554368 kB
Buffers:           46636 kB
Cached:           286476 kB
MemTotal:        1844596 kB
MemFree:         1347136 kB
MemAvailable:    1552260 kB
Buffers:           46636 kB
Cached:           286476 kB
MemTotal:        1844596 kB
MemFree:         1342472 kB
MemAvailable:    1547596 kB
Buffers:           46636 kB
Cached:           286476 kB
MemTotal:        1844596 kB
MemFree:         1341868 kB
MemAvailable:    1546992 kB
Buffers:           46636 kB
Cached:           286476 kB
MemTotal:        1844596 kB
MemFree:         1338008 kB
MemAvailable:    1543132 kB
Buffers:           46636 kB
Cached:           286476 kB
MemTotal:        1844596 kB
MemFree:         1339884 kB
MemAvailable:    1545008 kB
Buffers:           46636 kB
Cached:           286476 kB
MemTotal:        1844596 kB
MemFree:         1340604 kB
MemAvailable:    1545728 kB
Buffers:           46636 kB
Cached:           286476 kB
MemTotal:        1844596 kB
MemFree:         1340000 kB
MemAvailable:    1545124 kB
Buffers:           46636 kB
Cached:           286476 kB
MemTotal:        1844596 kB
MemFree:         1340376 kB
MemAvailable:    1545500 kB
Buffers:           46636 kB
Cached:           286476 kB
MemTotal:        1844596 kB
MemFree:         1339512 kB
MemAvailable:    1544636 kB
Buffers:           46636 kB
Cached:           286476 kB
MemTotal:        1844596 kB
MemFree:         1340220 kB
MemAvailable:    1545344 kB
Buffers:           46636 kB
Cached:           286476 kB
MemTotal:        1844596 kB
MemFree:         1340472 kB
MemAvailable:    1545596 kB
Buffers:           46636 kB
Cached:           286476 kB
MemTotal:        1844596 kB
MemFree:         1338396 kB
MemAvailable:    1543520 kB
Buffers:           46636 kB
Cached:           286476 kB
MemTotal:        1844596 kB
MemFree:         1337396 kB
MemAvailable:    1542520 kB
Buffers:           46636 kB
Cached:           286476 kB
MemTotal:        1844596 kB
MemFree:         1338084 kB
MemAvailable:    1543208 kB
Buffers:           46636 kB
Cached:           286476 kB
MemTotal:        1844596 kB
MemFree:         1337032 kB
MemAvailable:    1542156 kB
Buffers:           46636 kB
Cached:           286476 kB
MemTotal:        1844596 kB
MemFree:         1336640 kB
MemAvailable:    1541764 kB
Buffers:           46636 kB
Cached:           286476 kB
MemTotal:        1844596 kB
MemFree:         1337832 kB
MemAvailable:    1542956 kB
Buffers:           46636 kB
Cached:           286476 kB
MemTotal:        1844596 kB
MemFree:         1338084 kB
MemAvailable:    1543208 kB
Buffers:           46636 kB
Cached:           286476 kB
MemTotal:        1844596 kB
MemFree:         1338096 kB
MemAvailable:    1543220 kB
Buffers:           46636 kB
Cached:           286476 kB
MemTotal:        1844596 kB
MemFree:         1337752 kB
MemAvailable:    1542876 kB
Buffers:           46636 kB
Cached:           286476 kB
MemTotal:        1844596 kB
MemFree:         1337752 kB
MemAvailable:    1542876 kB
Buffers:           46636 kB
Cached:           286476 kB
MemTotal:        1844596 kB
MemFree:         1336596 kB
MemAvailable:    1541720 kB
Buffers:           46636 kB
Cached:           286476 kB
MemTotal:        1844596 kB
MemFree:         1336588 kB
MemAvailable:    1541712 kB
Buffers:           46636 kB
Cached:           286476 kB
MemTotal:        1844596 kB
MemFree:         1338644 kB
MemAvailable:    1543768 kB
Buffers:           46636 kB
Cached:           286476 kB
MemTotal:        1844596 kB
MemFree:         1339240 kB
MemAvailable:    1544368 kB
Buffers:           46636 kB
Cached:           286480 kB
MemTotal:        1844596 kB
MemFree:         1338148 kB
MemAvailable:    1543276 kB
Buffers:           46636 kB
Cached:           286480 kB
MemTotal:        1844596 kB
MemFree:         1336536 kB
MemAvailable:    1541664 kB
Buffers:           46636 kB
Cached:           286480 kB
MemTotal:        1844596 kB
MemFree:         1334420 kB
MemAvailable:    1539548 kB
Buffers:           46636 kB
Cached:           286480 kB
MemTotal:        1844596 kB
MemFree:         1335420 kB
MemAvailable:    1540548 kB
Buffers:           46636 kB
Cached:           286480 kB
MemTotal:        1844596 kB
MemFree:         1335248 kB
MemAvailable:    1540376 kB
Buffers:           46636 kB
Cached:           286480 kB
MemTotal:        1844596 kB
MemFree:         1333420 kB
MemAvailable:    1538548 kB
Buffers:           46636 kB
Cached:           286480 kB
MemTotal:        1844596 kB
MemFree:         1333660 kB
MemAvailable:    1538788 kB
Buffers:           46636 kB
Cached:           286480 kB
MemTotal:        1844596 kB
MemFree:         1332568 kB
MemAvailable:    1537696 kB
Buffers:           46636 kB
Cached:           286480 kB
MemTotal:        1844596 kB
MemFree:         1332516 kB
MemAvailable:    1537644 kB
Buffers:           46636 kB
Cached:           286480 kB
MemTotal:        1844596 kB
MemFree:         1333908 kB
MemAvailable:    1539036 kB
Buffers:           46636 kB
Cached:           286480 kB
MemTotal:        1844596 kB
MemFree:         1333684 kB
MemAvailable:    1538816 kB
Buffers:           46636 kB
Cached:           286484 kB
MemTotal:        1844596 kB
MemFree:         1332816 kB
MemAvailable:    1537948 kB
Buffers:           46636 kB
Cached:           286484 kB
MemTotal:        1844596 kB
MemFree:         1333692 kB
MemAvailable:    1538824 kB
Buffers:           46636 kB
Cached:           286484 kB
MemTotal:        1844596 kB
MemFree:         1332508 kB
MemAvailable:    1537640 kB
Buffers:           46636 kB
Cached:           286484 kB
MemTotal:        1844596 kB
MemFree:         1332384 kB
MemAvailable:    1537516 kB
Buffers:           46644 kB
Cached:           286476 kB
MemTotal:        1844596 kB
MemFree:         1332064 kB
MemAvailable:    1537196 kB
Buffers:           46644 kB
Cached:           286476 kB
MemTotal:        1844596 kB
MemFree:         1332196 kB
MemAvailable:    1537328 kB
Buffers:           46644 kB
Cached:           286476 kB
MemTotal:        1844596 kB
MemFree:         1331436 kB
MemAvailable:    1536568 kB
Buffers:           46644 kB
Cached:           286476 kB
MemTotal:        1844596 kB
MemFree:         1331428 kB
MemAvailable:    1536560 kB
Buffers:           46644 kB
Cached:           286476 kB
MemTotal:        1844596 kB
MemFree:         1331452 kB
MemAvailable:    1536584 kB
Buffers:           46644 kB
Cached:           286476 kB
MemTotal:        1844596 kB
MemFree:         1331576 kB
MemAvailable:    1536708 kB
Buffers:           46644 kB
Cached:           286476 kB
MemTotal:        1844596 kB
MemFree:         1331560 kB
MemAvailable:    1536692 kB
Buffers:           46644 kB
Cached:           286476 kB
MemTotal:        1844596 kB
MemFree:         1331692 kB
MemAvailable:    1536824 kB
Buffers:           46644 kB
Cached:           286476 kB
MemTotal:        1844596 kB
MemFree:         1332536 kB
MemAvailable:    1537668 kB
Buffers:           46644 kB
Cached:           286476 kB
MemTotal:        1844596 kB
MemFree:         1331404 kB
MemAvailable:    1536536 kB
Buffers:           46644 kB
Cached:           286476 kB
MemTotal:        1844596 kB
MemFree:         1332820 kB
MemAvailable:    1537952 kB
Buffers:           46644 kB
Cached:           286476 kB
MemTotal:        1844596 kB
MemFree:         1332684 kB
MemAvailable:    1537816 kB
Buffers:           46644 kB
Cached:           286476 kB
MemTotal:        1844596 kB
MemFree:         1332568 kB
MemAvailable:    1537700 kB
Buffers:           46644 kB
Cached:           286476 kB
MemTotal:        1844596 kB
MemFree:         1331444 kB
MemAvailable:    1536576 kB
Buffers:           46644 kB
Cached:           286476 kB
MemTotal:        1844596 kB
MemFree:         1332284 kB
MemAvailable:    1537416 kB
Buffers:           46644 kB
Cached:           286476 kB
MemTotal:        1844596 kB
MemFree:         1332300 kB
MemAvailable:    1537432 kB
Buffers:           46644 kB
Cached:           286476 kB
MemTotal:        1844596 kB
MemFree:         1331072 kB
MemAvailable:    1536208 kB
Buffers:           46644 kB
Cached:           286480 kB
MemTotal:        1844596 kB
MemFree:         1332256 kB
MemAvailable:    1537392 kB
Buffers:           46644 kB
Cached:           286480 kB
MemTotal:        1844596 kB
MemFree:         1331080 kB
MemAvailable:    1536216 kB
Buffers:           46644 kB
Cached:           286480 kB
MemTotal:        1844596 kB
MemFree:         1331872 kB
MemAvailable:    1537008 kB
Buffers:           46644 kB
Cached:           286480 kB
MemTotal:        1844596 kB
MemFree:         1330440 kB
MemAvailable:    1535576 kB
Buffers:           46644 kB
Cached:           286480 kB
MemTotal:        1844596 kB
MemFree:         1330440 kB
MemAvailable:    1535576 kB
Buffers:           46644 kB
Cached:           286480 kB
MemTotal:        1844596 kB
MemFree:         1330564 kB
MemAvailable:    1535700 kB
Buffers:           46644 kB
Cached:           286480 kB
MemTotal:        1844596 kB
MemFree:         1330564 kB
MemAvailable:    1535700 kB
Buffers:           46644 kB
Cached:           286480 kB
MemTotal:        1844596 kB
MemFree:         1330392 kB
MemAvailable:    1535528 kB
Buffers:           46644 kB
Cached:           286480 kB
MemTotal:        1844596 kB
MemFree:         1331860 kB
MemAvailable:    1536996 kB
Buffers:           46644 kB
Cached:           286480 kB
MemTotal:        1844596 kB
MemFree:         1330956 kB
MemAvailable:    1536092 kB
Buffers:           46644 kB
Cached:           286480 kB
MemTotal:        1844596 kB
MemFree:         1331832 kB
MemAvailable:    1536968 kB
Buffers:           46644 kB
Cached:           286480 kB
MemTotal:        1844596 kB
MemFree:         1330188 kB
MemAvailable:    1535324 kB
Buffers:           46644 kB
Cached:           286480 kB
MemTotal:        1844596 kB
MemFree:         1330080 kB
MemAvailable:    1535216 kB
Buffers:           46644 kB
Cached:           286480 kB
MemTotal:        1844596 kB
MemFree:         1327212 kB
MemAvailable:    1532348 kB
Buffers:           46644 kB
Cached:           286480 kB
MemTotal:        1844596 kB
MemFree:         1327212 kB
MemAvailable:    1532348 kB
Buffers:           46644 kB
Cached:           286480 kB
MemTotal:        1844596 kB
MemFree:         1323136 kB
MemAvailable:    1528272 kB
Buffers:           46644 kB
Cached:           286480 kB
MemTotal:        1844596 kB
MemFree:         1324104 kB
MemAvailable:    1529240 kB
Buffers:           46644 kB
Cached:           286480 kB
MemTotal:        1844596 kB
MemFree:         1324356 kB
MemAvailable:    1529492 kB
Buffers:           46644 kB
Cached:           286480 kB
MemTotal:        1844596 kB
MemFree:         1324072 kB
MemAvailable:    1529208 kB
Buffers:           46644 kB
Cached:           286480 kB
MemTotal:        1844596 kB
MemFree:         1323012 kB
MemAvailable:    1528148 kB
Buffers:           46644 kB
Cached:           286480 kB
MemTotal:        1844596 kB
MemFree:         1323680 kB
MemAvailable:    1528816 kB
Buffers:           46644 kB
Cached:           286480 kB
MemTotal:        1844596 kB
MemFree:         1323888 kB
MemAvailable:    1529024 kB
Buffers:           46644 kB
Cached:           286480 kB
MemTotal:        1844596 kB
MemFree:         1322304 kB
MemAvailable:    1527440 kB
Buffers:           46644 kB
Cached:           286480 kB
MemTotal:        1844596 kB
MemFree:         1323868 kB
MemAvailable:    1529004 kB
Buffers:           46644 kB
Cached:           286480 kB
MemTotal:        1844596 kB
MemFree:         1322772 kB
MemAvailable:    1527908 kB
Buffers:           46644 kB
Cached:           286480 kB
MemTotal:        1844596 kB
MemFree:         1323776 kB
MemAvailable:    1528912 kB
Buffers:           46644 kB
Cached:           286480 kB
MemTotal:        1844596 kB
MemFree:         1323612 kB
MemAvailable:    1528748 kB
Buffers:           46644 kB
Cached:           286480 kB
MemTotal:        1844596 kB
MemFree:         1323864 kB
MemAvailable:    1529000 kB
Buffers:           46644 kB
Cached:           286480 kB
MemTotal:        1844596 kB
MemFree:         1323764 kB
MemAvailable:    1528900 kB
Buffers:           46644 kB
Cached:           286480 kB
MemTotal:        1844596 kB
MemFree:         1323144 kB
MemAvailable:    1528280 kB
Buffers:           46644 kB
Cached:           286480 kB
MemTotal:        1844596 kB
MemFree:         1323896 kB
MemAvailable:    1529032 kB
Buffers:           46644 kB
Cached:           286480 kB
MemTotal:        1844596 kB
MemFree:         1322588 kB
MemAvailable:    1527724 kB
Buffers:           46644 kB
Cached:           286480 kB
MemTotal:        1844596 kB
MemFree:         1323576 kB
MemAvailable:    1528712 kB
Buffers:           46644 kB
Cached:           286480 kB
MemTotal:        1844596 kB
MemFree:         1322996 kB
MemAvailable:    1528132 kB
Buffers:           46644 kB
Cached:           286480 kB
MemTotal:        1844596 kB
MemFree:         1322392 kB
MemAvailable:    1527528 kB
Buffers:           46644 kB
Cached:           286480 kB
MemTotal:        1844596 kB
MemFree:         1322352 kB
MemAvailable:    1527488 kB
Buffers:           46644 kB
Cached:           286480 kB
MemTotal:        1844596 kB
MemFree:         1322688 kB
MemAvailable:    1527824 kB
Buffers:           46644 kB
Cached:           286480 kB
MemTotal:        1844596 kB
MemFree:         1322336 kB
MemAvailable:    1527472 kB
Buffers:           46644 kB
Cached:           286480 kB
MemTotal:        1844596 kB
MemFree:         1322020 kB
MemAvailable:    1527156 kB
Buffers:           46644 kB
Cached:           286480 kB
MemTotal:        1844596 kB
MemFree:         1322088 kB
MemAvailable:    1527224 kB
Buffers:           46644 kB
Cached:           286480 kB
MemTotal:        1844596 kB
MemFree:         1321036 kB
MemAvailable:    1526172 kB
Buffers:           46644 kB
Cached:           286480 kB
MemTotal:        1844596 kB
MemFree:         1320948 kB
MemAvailable:    1526084 kB
Buffers:           46644 kB
Cached:           286480 kB
MemTotal:        1844596 kB
MemFree:         1319788 kB
MemAvailable:    1524924 kB
Buffers:           46644 kB
Cached:           286480 kB
MemTotal:        1844596 kB
MemFree:         1320392 kB
MemAvailable:    1525528 kB
Buffers:           46644 kB
Cached:           286480 kB
MemTotal:        1844596 kB
MemFree:         1320728 kB
MemAvailable:    1525864 kB
Buffers:           46644 kB
Cached:           286480 kB
MemTotal:        1844596 kB
MemFree:         1319284 kB
MemAvailable:    1524420 kB
Buffers:           46644 kB
Cached:           286480 kB
MemTotal:        1844596 kB
MemFree:         1320020 kB
MemAvailable:    1525156 kB
Buffers:           46644 kB
Cached:           286480 kB
MemTotal:        1844596 kB
MemFree:         1320272 kB
MemAvailable:    1525408 kB
Buffers:           46644 kB
Cached:           286480 kB
MemTotal:        1844596 kB
MemFree:         1319972 kB
MemAvailable:    1525108 kB
Buffers:           46644 kB
Cached:           286480 kB
MemTotal:        1844596 kB
MemFree:         1320140 kB
MemAvailable:    1525276 kB
Buffers:           46644 kB
Cached:           286480 kB
MemTotal:        1844596 kB
MemFree:         1320160 kB
MemAvailable:    1525296 kB
Buffers:           46644 kB
Cached:           286480 kB
MemTotal:        1844596 kB
MemFree:         1320020 kB
MemAvailable:    1525156 kB
Buffers:           46644 kB
Cached:           286480 kB
MemTotal:        1844596 kB
MemFree:         1318788 kB
MemAvailable:    1523924 kB
Buffers:           46644 kB
Cached:           286480 kB
MemTotal:        1844596 kB
MemFree:         1319648 kB
MemAvailable:    1524784 kB
Buffers:           46644 kB
Cached:           286480 kB
MemTotal:        1844596 kB
MemFree:         1319648 kB
MemAvailable:    1524784 kB
Buffers:           46644 kB
Cached:           286480 kB
MemTotal:        1844596 kB
MemFree:         1317904 kB
MemAvailable:    1523040 kB
Buffers:           46644 kB
Cached:           286480 kB
MemTotal:        1844596 kB
MemFree:         1318036 kB
MemAvailable:    1523172 kB
Buffers:           46644 kB
Cached:           286480 kB
MemTotal:        1844596 kB
MemFree:         1312532 kB
MemAvailable:    1517668 kB
Buffers:           46644 kB
Cached:           286480 kB
MemTotal:        1844596 kB
MemFree:         1311796 kB
MemAvailable:    1516932 kB
Buffers:           46644 kB
Cached:           286480 kB
MemTotal:        1844596 kB
MemFree:         1311472 kB
MemAvailable:    1516756 kB
Buffers:           46644 kB
Cached:           286628 kB
MemTotal:        1844596 kB
MemFree:         1311556 kB
MemAvailable:    1516840 kB
Buffers:           46644 kB
Cached:           286628 kB
MemTotal:        1844596 kB
MemFree:         1311672 kB
MemAvailable:    1517124 kB
Buffers:           46644 kB
Cached:           286752 kB
MemTotal:        1844596 kB
MemFree:         1311424 kB
MemAvailable:    1516912 kB
Buffers:           46644 kB
Cached:           286832 kB
MemTotal:        1844596 kB
MemFree:         1311572 kB
MemAvailable:    1517144 kB
Buffers:           46644 kB
Cached:           286956 kB
MemTotal:        1844596 kB
MemFree:         1310116 kB
MemAvailable:    1515772 kB
Buffers:           46644 kB
Cached:           287080 kB
MemTotal:        1844596 kB
MemFree:         1310256 kB
MemAvailable:    1515912 kB
Buffers:           46644 kB
Cached:           287080 kB
MemTotal:        1844596 kB
MemFree:         1310880 kB
MemAvailable:    1516620 kB
Buffers:           46644 kB
Cached:           287204 kB
MemTotal:        1844596 kB
MemFree:         1309616 kB
MemAvailable:    1515356 kB
Buffers:           46644 kB
Cached:           287204 kB
MemTotal:        1844596 kB
MemFree:         1309616 kB
MemAvailable:    1515356 kB
Buffers:           46644 kB
Cached:           287204 kB
MemTotal:        1844596 kB
MemFree:         1311168 kB
MemAvailable:    1516908 kB
Buffers:           46644 kB
Cached:           287204 kB
MemTotal:        1844596 kB
MemFree:         1310868 kB
MemAvailable:    1516608 kB
Buffers:           46644 kB
Cached:           287204 kB
MemTotal:        1844596 kB
MemFree:         1310736 kB
MemAvailable:    1516476 kB
Buffers:           46644 kB
Cached:           287204 kB
MemTotal:        1844596 kB
MemFree:         1310820 kB
MemAvailable:    1516560 kB
Buffers:           46644 kB
Cached:           287204 kB
MemTotal:        1844596 kB
MemFree:         1310864 kB
MemAvailable:    1516604 kB
Buffers:           46644 kB
Cached:           287204 kB
MemTotal:        1844596 kB
MemFree:         1309780 kB
MemAvailable:    1514932 kB
Buffers:           46644 kB
Cached:           286572 kB
MemTotal:        1844596 kB
MemFree:         1376136 kB
MemAvailable:    1581288 kB
Buffers:           46644 kB
Cached:           286572 kB
