MemTotal:        1844596 kB
MemFree:         1498216 kB
MemAvailable:    1565912 kB
Buffers:           28880 kB
Cached:           172880 kB
MemTotal:        1844596 kB
MemFree:         1496852 kB
MemAvailable:    1564548 kB
Buffers:           28880 kB
Cached:           172880 kB
MemTotal:        1844596 kB
MemFree:         1496712 kB
MemAvailable:    1564408 kB
Buffers:           28880 kB
Cached:           172880 kB
MemTotal:        1844596 kB
MemFree:         1496796 kB
MemAvailable:    1564492 kB
Buffers:           28880 kB
Cached:           172880 kB
MemTotal:        1844596 kB
MemFree:         1495472 kB
MemAvailable:    1563168 kB
Buffers:           28880 kB
Cached:           172880 kB
MemTotal:        1844596 kB
MemFree:         1495472 kB
MemAvailable:    1563168 kB
Buffers:           28880 kB
Cached:           172880 kB
MemTotal:        1844596 kB
MemFree:         1494000 kB
MemAvailable:    1561696 kB
Buffers:           28880 kB
Cached:           172880 kB
MemTotal:        1844596 kB
MemFree:         1492016 kB
MemAvailable:    1559712 kB
Buffers:           28880 kB
Cached:           172880 kB
MemTotal:        1844596 kB
MemFree:         1489412 kB
MemAvailable:    1557108 kB
Buffers:           28880 kB
Cached:           172880 kB
MemTotal:        1844596 kB
MemFree:         1483568 kB
MemAvailable:    1551264 kB
Buffers:           28880 kB
Cached:           172880 kB
MemTotal:        1844596 kB
MemFree:         1483280 kB
MemAvailable:    1550976 kB
Buffers:           28880 kB
Cached:           172880 kB
MemTotal:        1844596 kB
MemFree:         1485548 kB
MemAvailable:    1553244 kB
Buffers:           28880 kB
Cached:           172880 kB
MemTotal:        1844596 kB
MemFree:         1485444 kB
MemAvailable:    1553140 kB
Buffers:           28880 kB
Cached:           172880 kB
MemTotal:        1844596 kB
MemFree:         1484328 kB
MemAvailable:    1552024 kB
Buffers:           28880 kB
Cached:           172880 kB
MemTotal:        1844596 kB
MemFree:         1484700 kB
MemAvailable:    1552396 kB
Buffers:           28880 kB
Cached:           172880 kB
MemTotal:        1844596 kB
MemFree:         1485776 kB
MemAvailable:    1553472 kB
Buffers:           28880 kB
Cached:           172880 kB
MemTotal:        1844596 kB
MemFree:         1484576 kB
MemAvailable:    1552272 kB
Buffers:           28880 kB
Cached:           172880 kB
MemTotal:        1844596 kB
MemFree:         1485076 kB
MemAvailable:    1552772 kB
Buffers:           28880 kB
Cached:           172880 kB
MemTotal:        1844596 kB
MemFree:         1484080 kB
MemAvailable:    1551776 kB
Buffers:           28880 kB
Cached:           172880 kB
MemTotal:        1844596 kB
MemFree:         1483388 kB
MemAvailable:    1551084 kB
Buffers:           28880 kB
Cached:           172880 kB
MemTotal:        1844596 kB
MemFree:         1482096 kB
MemAvailable:    1549792 kB
Buffers:           28880 kB
Cached:           172880 kB
MemTotal:        1844596 kB
MemFree:         1482908 kB
MemAvailable:    1550604 kB
Buffers:           28880 kB
Cached:           172880 kB
MemTotal:        1844596 kB
MemFree:         1482984 kB
MemAvailable:    1550680 kB
Buffers:           28880 kB
Cached:           172880 kB
MemTotal:        1844596 kB
MemFree:         1482808 kB
MemAvailable:    1550504 kB
Buffers:           28880 kB
Cached:           172880 kB
MemTotal:        1844596 kB
MemFree:         1483144 kB
MemAvailable:    1550840 kB
Buffers:           28880 kB
Cached:           172880 kB
MemTotal:        1844596 kB
MemFree:         1482992 kB
MemAvailable:    1550688 kB
Buffers:           28880 kB
Cached:           172880 kB
MemTotal:        1844596 kB
MemFree:         1482992 kB
MemAvailable:    1550688 kB
Buffers:           28880 kB
Cached:           172880 kB
MemTotal:        1844596 kB
MemFree:         1482992 kB
MemAvailable:    1550688 kB
Buffers:           28880 kB
Cached:           172880 kB
MemTotal:        1844596 kB
MemFree:         1483076 kB
MemAvailable:    1550772 kB
Buffers:           28880 kB
Cached:           172880 kB
MemTotal:        1844596 kB
MemFree:         1484248 kB
MemAvailable:    1551944 kB
Buffers:           28880 kB
Cached:           172880 kB
MemTotal:        1844596 kB
MemFree:         1483088 kB
MemAvailable:    1550784 kB
Buffers:           28880 kB
Cached:           172880 kB
MemTotal:        1844596 kB
MemFree:         1483564 kB
MemAvailable:    1551260 kB
Buffers:           28880 kB
Cached:           172880 kB
MemTotal:        1844596 kB
MemFree:         1481228 kB
MemAvailable:    1548924 kB
Buffers:           28880 kB
Cached:           172880 kB
MemTotal:        1844596 kB
MemFree:         1480708 kB
MemAvailable:    1548404 kB
Buffers:           28880 kB
Cached:           172880 kB
MemTotal:        1844596 kB
MemFree:         1480916 kB
MemAvailable:    1548612 kB
Buffers:           28880 kB
Cached:           172880 kB
MemTotal:        1844596 kB
MemFree:         1479848 kB
MemAvailable:    1547544 kB
Buffers:           28880 kB
Cached:           172880 kB
MemTotal:        1844596 kB
MemFree:         1479932 kB
MemAvailable:    1547628 kB
Buffers:           28880 kB
Cached:           172880 kB
MemTotal:        1844596 kB
MemFree:         1479236 kB
MemAvailable:    1546932 kB
Buffers:           28880 kB
Cached:           172880 kB
MemTotal:        1844596 kB
MemFree:         1479236 kB
MemAvailable:    1546932 kB
Buffers:           28880 kB
Cached:           172880 kB
MemTotal:        1844596 kB
MemFree:         1478808 kB
MemAvailable:    1546504 kB
Buffers:           28880 kB
Cached:           172880 kB
MemTotal:        1844596 kB
MemFree:         1478808 kB
MemAvailable:    1546504 kB
Buffers:           28880 kB
Cached:           172880 kB
MemTotal:        1844596 kB
MemFree:         1478916 kB
MemAvailable:    1546612 kB
Buffers:           28880 kB
Cached:           172880 kB
MemTotal:        1844596 kB
MemFree:         1478700 kB
MemAvailable:    1546396 kB
Buffers:           28880 kB
Cached:           172880 kB
MemTotal:        1844596 kB
MemFree:         1478684 kB
MemAvailable:    1546380 kB
Buffers:           28880 kB
Cached:           172880 kB
MemTotal:        1844596 kB
MemFree:         1478936 kB
MemAvailable:    1546632 kB
Buffers:           28880 kB
Cached:           172880 kB
MemTotal:        1844596 kB
MemFree:         1478668 kB
MemAvailable:    1546364 kB
Buffers:           28880 kB
Cached:           172880 kB
MemTotal:        1844596 kB
MemFree:         1478112 kB
MemAvailable:    1545808 kB
Buffers:           28880 kB
Cached:           172880 kB
MemTotal:        1844596 kB
MemFree:         1478112 kB
MemAvailable:    1545808 kB
Buffers:           28880 kB
Cached:           172880 kB
MemTotal:        1844596 kB
MemFree:         1477800 kB
MemAvailable:    1545496 kB
Buffers:           28880 kB
Cached:           172880 kB
MemTotal:        1844596 kB
MemFree:         1477992 kB
MemAvailable:    1545688 kB
Buffers:           28880 kB
Cached:           172880 kB
MemTotal:        1844596 kB
MemFree:         1477984 kB
MemAvailable:    1545680 kB
Buffers:           28880 kB
Cached:           172880 kB
MemTotal:        1844596 kB
MemFree:         1477728 kB
MemAvailable:    1545424 kB
Buffers:           28880 kB
Cached:           172880 kB
MemTotal:        1844596 kB
MemFree:         1477456 kB
MemAvailable:    1545152 kB
Buffers:           28880 kB
Cached:           172880 kB
MemTotal:        1844596 kB
MemFree:         1477756 kB
MemAvailable:    1545452 kB
Buffers:           28880 kB
Cached:           172880 kB
MemTotal:        1844596 kB
MemFree:         1477260 kB
MemAvailable:    1544956 kB
Buffers:           28880 kB
Cached:           172880 kB
MemTotal:        1844596 kB
MemFree:         1477868 kB
MemAvailable:    1545564 kB
Buffers:           28880 kB
Cached:           172880 kB
MemTotal:        1844596 kB
MemFree:         1476456 kB
MemAvailable:    1544152 kB
Buffers:           28880 kB
Cached:           172880 kB
MemTotal:        1844596 kB
MemFree:         1476580 kB
MemAvailable:    1544276 kB
Buffers:           28880 kB
Cached:           172880 kB
MemTotal:        1844596 kB
MemFree:         1476704 kB
MemAvailable:    1544400 kB
Buffers:           28880 kB
Cached:           172880 kB
MemTotal:        1844596 kB
MemFree:         1477128 kB
MemAvailable:    1544824 kB
Buffers:           28880 kB
Cached:           172880 kB
MemTotal:        1844596 kB
MemFree:         1477616 kB
MemAvailable:    1545316 kB
Buffers:           28880 kB
Cached:           172884 kB
MemTotal:        1844596 kB
MemFree:         1477260 kB
MemAvailable:    1544960 kB
Buffers:           28880 kB
Cached:           172884 kB
MemTotal:        1844596 kB
MemFree:         1477304 kB
MemAvailable:    1545004 kB
Buffers:           28880 kB
Cached:           172884 kB
MemTotal:        1844596 kB
MemFree:         1477180 kB
MemAvailable:    1544880 kB
Buffers:           28880 kB
Cached:           172884 kB
MemTotal:        1844596 kB
MemFree:         1475872 kB
MemAvailable:    1543572 kB
Buffers:           28880 kB
Cached:           172884 kB
MemTotal:        1844596 kB
MemFree:         1477112 kB
MemAvailable:    1544812 kB
Buffers:           28880 kB
Cached:           172884 kB
MemTotal:        1844596 kB
MemFree:         1476940 kB
MemAvailable:    1544640 kB
Buffers:           28880 kB
Cached:           172884 kB
MemTotal:        1844596 kB
MemFree:         1475692 kB
MemAvailable:    1543392 kB
Buffers:           28880 kB
Cached:           172884 kB
MemTotal:        1844596 kB
MemFree:         1477036 kB
MemAvailable:    1544736 kB
Buffers:           28880 kB
Cached:           172884 kB
MemTotal:        1844596 kB
MemFree:         1477012 kB
MemAvailable:    1544712 kB
Buffers:           28880 kB
Cached:           172884 kB
MemTotal:        1844596 kB
MemFree:         1476144 kB
MemAvailable:    1543844 kB
Buffers:           28880 kB
Cached:           172884 kB
MemTotal:        1844596 kB
MemFree:         1475460 kB
MemAvailable:    1543160 kB
Buffers:           28880 kB
Cached:           172884 kB
MemTotal:        1844596 kB
MemFree:         1476908 kB
MemAvailable:    1544608 kB
Buffers:           28880 kB
Cached:           172884 kB
MemTotal:        1844596 kB
MemFree:         1476732 kB
MemAvailable:    1544432 kB
Buffers:           28880 kB
Cached:           172884 kB
MemTotal:        1844596 kB
MemFree:         1476748 kB
MemAvailable:    1544448 kB
Buffers:           28880 kB
Cached:           172884 kB
MemTotal:        1844596 kB
MemFree:         1474640 kB
MemAvailable:    1542340 kB
Buffers:           28880 kB
Cached:           172884 kB
MemTotal:        1844596 kB
MemFree:         1474852 kB
MemAvailable:    1542552 kB
Buffers:           28880 kB
Cached:           172884 kB
MemTotal:        1844596 kB
MemFree:         1470432 kB
MemAvailable:    1538132 kB
Buffers:           28880 kB
Cached:           172884 kB
MemTotal:        1844596 kB
MemFree:         1469572 kB
MemAvailable:    1537272 kB
Buffers:           28880 kB
Cached:           172884 kB
MemTotal:        1844596 kB
MemFree:         1469200 kB
MemAvailable:    1536900 kB
Buffers:           28880 kB
Cached:           172884 kB
MemTotal:        1844596 kB
MemFree:         1469136 kB
MemAvailable:    1536836 kB
Buffers:           28880 kB
Cached:           172884 kB
MemTotal:        1844596 kB
MemFree:         1468084 kB
MemAvailable:    1535784 kB
Buffers:           28880 kB
Cached:           172884 kB
MemTotal:        1844596 kB
MemFree:         1469024 kB
MemAvailable:    1536732 kB
Buffers:           28880 kB
Cached:           172892 kB
MemTotal:        1844596 kB
MemFree:         1467652 kB
MemAvailable:    1535360 kB
Buffers:           28880 kB
Cached:           172892 kB
MemTotal:        1844596 kB
MemFree:         1468952 kB
MemAvailable:    1536660 kB
Buffers:           28880 kB
Cached:           172892 kB
MemTotal:        1844596 kB
MemFree:         1468812 kB
MemAvailable:    1536520 kB
Buffers:           28880 kB
Cached:           172892 kB
MemTotal:        1844596 kB
MemFree:         1469148 kB
MemAvailable:    1536856 kB
Buffers:           28880 kB
Cached:           172892 kB
MemTotal:        1844596 kB
MemFree:         1467692 kB
MemAvailable:    1535400 kB
Buffers:           28880 kB
Cached:           172892 kB
MemTotal:        1844596 kB
MemFree:         1468200 kB
MemAvailable:    1535908 kB
Buffers:           28880 kB
Cached:           172892 kB
MemTotal:        1844596 kB
MemFree:         1469384 kB
MemAvailable:    1537092 kB
Buffers:           28880 kB
Cached:           172892 kB
MemTotal:        1844596 kB
MemFree:         1468084 kB
MemAvailable:    1535792 kB
Buffers:           28880 kB
Cached:           172892 kB
MemTotal:        1844596 kB
MemFree:         1468928 kB
MemAvailable:    1536636 kB
Buffers:           28880 kB
Cached:           172892 kB
MemTotal:        1844596 kB
MemFree:         1469180 kB
MemAvailable:    1536888 kB
Buffers:           28880 kB
Cached:           172892 kB
MemTotal:        1844596 kB
MemFree:         1468800 kB
MemAvailable:    1536508 kB
Buffers:           28880 kB
Cached:           172892 kB
MemTotal:        1844596 kB
MemFree:         1468884 kB
MemAvailable:    1536592 kB
Buffers:           28880 kB
Cached:           172892 kB
MemTotal:        1844596 kB
MemFree:         1468308 kB
MemAvailable:    1536016 kB
Buffers:           28880 kB
Cached:           172892 kB
MemTotal:        1844596 kB
MemFree:         1468308 kB
MemAvailable:    1536016 kB
Buffers:           28880 kB
Cached:           172892 kB
MemTotal:        1844596 kB
MemFree:         1467804 kB
MemAvailable:    1535512 kB
Buffers:           28880 kB
Cached:           172892 kB
MemTotal:        1844596 kB
MemFree:         1468056 kB
MemAvailable:    1535764 kB
Buffers:           28880 kB
Cached:           172892 kB
MemTotal:        1844596 kB
MemFree:         1466224 kB
MemAvailable:    1533932 kB
Buffers:           28880 kB
Cached:           172892 kB
MemTotal:        1844596 kB
MemFree:         1467208 kB
MemAvailable:    1534916 kB
Buffers:           28880 kB
Cached:           172892 kB
MemTotal:        1844596 kB
MemFree:         1465828 kB
MemAvailable:    1533536 kB
Buffers:           28880 kB
Cached:           172892 kB
MemTotal:        1844596 kB
MemFree:         1466160 kB
MemAvailable:    1533868 kB
Buffers:           28880 kB
Cached:           172892 kB
MemTotal:        1844596 kB
MemFree:         1465912 kB
MemAvailable:    1533620 kB
Buffers:           28880 kB
Cached:           172892 kB
MemTotal:        1844596 kB
MemFree:         1466084 kB
MemAvailable:    1533792 kB
Buffers:           28880 kB
Cached:           172892 kB
MemTotal:        1844596 kB
MemFree:         1465464 kB
MemAvailable:    1533172 kB
Buffers:           28880 kB
Cached:           172892 kB
MemTotal:        1844596 kB
MemFree:         1465464 kB
MemAvailable:    1533172 kB
Buffers:           28880 kB
Cached:           172892 kB
MemTotal:        1844596 kB
MemFree:         1464096 kB
MemAvailable:    1531804 kB
Buffers:           28880 kB
Cached:           172892 kB
MemTotal:        1844596 kB
MemFree:         1465212 kB
MemAvailable:    1532920 kB
Buffers:           28880 kB
Cached:           172892 kB
MemTotal:        1844596 kB
MemFree:         1465016 kB
MemAvailable:    1532724 kB
Buffers:           28880 kB
Cached:           172892 kB
MemTotal:        1844596 kB
MemFree:         1464968 kB
MemAvailable:    1532676 kB
Buffers:           28880 kB
Cached:           172892 kB
MemTotal:        1844596 kB
MemFree:         1463704 kB
MemAvailable:    1531412 kB
Buffers:           28880 kB
Cached:           172892 kB
MemTotal:        1844596 kB
MemFree:         1463780 kB
MemAvailable:    1531488 kB
Buffers:           28880 kB
Cached:           172892 kB
MemTotal:        1844596 kB
MemFree:         1463744 kB
MemAvailable:    1531452 kB
Buffers:           28880 kB
Cached:           172892 kB
MemTotal:        1844596 kB
MemFree:         1464844 kB
MemAvailable:    1532552 kB
Buffers:           28880 kB
Cached:           172892 kB
MemTotal:        1844596 kB
MemFree:         1465180 kB
MemAvailable:    1532888 kB
Buffers:           28880 kB
Cached:           172892 kB
MemTotal:        1844596 kB
MemFree:         1464736 kB
MemAvailable:    1532444 kB
Buffers:           28880 kB
Cached:           172892 kB
MemTotal:        1844596 kB
MemFree:         1463232 kB
MemAvailable:    1530940 kB
Buffers:           28880 kB
Cached:           172892 kB
MemTotal:        1844596 kB
MemFree:         1463488 kB
MemAvailable:    1531196 kB
Buffers:           28880 kB
Cached:           172892 kB
MemTotal:        1844596 kB
MemFree:         1458148 kB
MemAvailable:    1525856 kB
Buffers:           28880 kB
Cached:           172892 kB
MemTotal:        1844596 kB
MemFree:         1458148 kB
MemAvailable:    1525856 kB
Buffers:           28880 kB
Cached:           172892 kB
MemTotal:        1844596 kB
MemFree:         1456612 kB
MemAvailable:    1524404 kB
Buffers:           28880 kB
Cached:           173016 kB
MemTotal:        1844596 kB
MemFree:         1456916 kB
MemAvailable:    1524792 kB
Buffers:           28880 kB
Cached:           173016 kB
MemTotal:        1844596 kB
MemFree:         1457776 kB
MemAvailable:    1525736 kB
Buffers:           28880 kB
Cached:           173264 kB
MemTotal:        1844596 kB
MemFree:         1458112 kB
MemAvailable:    1526072 kB
Buffers:           28880 kB
Cached:           173264 kB
MemTotal:        1844596 kB
MemFree:         1457528 kB
MemAvailable:    1525740 kB
Buffers:           28880 kB
Cached:           173512 kB
MemTotal:        1844596 kB
MemFree:         1457528 kB
MemAvailable:    1525740 kB
Buffers:           28880 kB
Cached:           173512 kB
MemTotal:        1844596 kB
MemFree:         1457268 kB
MemAvailable:    1525564 kB
Buffers:           28880 kB
Cached:           173512 kB
MemTotal:        1844596 kB
MemFree:         1456784 kB
MemAvailable:    1525080 kB
Buffers:           28880 kB
Cached:           173512 kB
MemTotal:        1844596 kB
MemFree:         1457116 kB
MemAvailable:    1525412 kB
Buffers:           28880 kB
Cached:           173512 kB
MemTotal:        1844596 kB
MemFree:         1457368 kB
MemAvailable:    1525664 kB
Buffers:           28880 kB
Cached:           173512 kB
MemTotal:        1844596 kB
MemFree:         1455924 kB
MemAvailable:    1524220 kB
Buffers:           28880 kB
Cached:           173512 kB
MemTotal:        1844596 kB
MemFree:         1456544 kB
MemAvailable:    1524840 kB
Buffers:           28880 kB
Cached:           173512 kB
MemTotal:        1844596 kB
MemFree:         1456552 kB
MemAvailable:    1524892 kB
Buffers:           28880 kB
Cached:           173524 kB
MemTotal:        1844596 kB
MemFree:         1457668 kB
MemAvailable:    1526008 kB
Buffers:           28880 kB
Cached:           173524 kB
MemTotal:        1844596 kB
MemFree:         1457472 kB
MemAvailable:    1525812 kB
Buffers:           28880 kB
Cached:           173524 kB
MemTotal:        1844596 kB
MemFree:         1457836 kB
MemAvailable:    1525588 kB
Buffers:           28880 kB
Cached:           172976 kB
MemTotal:        1844596 kB
MemFree:         1457956 kB
MemAvailable:    1525708 kB
Buffers:           28880 kB
Cached:           172976 kB
MemTotal:        1844596 kB
MemFree:         1526364 kB
MemAvailable:    1594116 kB
Buffers:           28880 kB
Cached:           172976 kB
