MemTotal:        1844596 kB
MemFree:         1405960 kB
MemAvailable:    1564464 kB
Buffers:           41160 kB
Cached:           249456 kB
MemTotal:        1844596 kB
MemFree:         1402860 kB
MemAvailable:    1561364 kB
Buffers:           41168 kB
Cached:           249448 kB
MemTotal:        1844596 kB
MemFree:         1401348 kB
MemAvailable:    1559860 kB
Buffers:           41172 kB
Cached:           249452 kB
MemTotal:        1844596 kB
MemFree:         1401348 kB
MemAvailable:    1559860 kB
Buffers:           41172 kB
Cached:           249452 kB
MemTotal:        1844596 kB
MemFree:         1399992 kB
MemAvailable:    1558504 kB
Buffers:           41172 kB
Cached:           249452 kB
MemTotal:        1844596 kB
MemFree:         1400244 kB
MemAvailable:    1558756 kB
Buffers:           41172 kB
Cached:           249452 kB
MemTotal:        1844596 kB
MemFree:         1399200 kB
MemAvailable:    1557712 kB
Buffers:           41172 kB
Cached:           249452 kB
MemTotal:        1844596 kB
MemFree:         1397280 kB
MemAvailable:    1555792 kB
Buffers:           41172 kB
Cached:           249452 kB
MemTotal:        1844596 kB
MemFree:         1394404 kB
MemAvailable:    1552916 kB
Buffers:           41172 kB
Cached:           249452 kB
MemTotal:        1844596 kB
MemFree:         1394404 kB
MemAvailable:    1552916 kB
Buffers:           41172 kB
Cached:           249452 kB
MemTotal:        1844596 kB
MemFree:         1390024 kB
MemAvailable:    1548536 kB
Buffers:           41172 kB
Cached:           249452 kB
MemTotal:        1844596 kB
MemFree:         1387856 kB
MemAvailable:    1546368 kB
Buffers:           41172 kB
Cached:           249452 kB
MemTotal:        1844596 kB
MemFree:         1390124 kB
MemAvailable:    1548636 kB
Buffers:           41172 kB
Cached:           249452 kB
MemTotal:        1844596 kB
MemFree:         1390096 kB
MemAvailable:    1548608 kB
Buffers:           41172 kB
Cached:           249452 kB
MemTotal:        1844596 kB
MemFree:         1389344 kB
MemAvailable:    1547856 kB
Buffers:           41172 kB
Cached:           249452 kB
MemTotal:        1844596 kB
MemFree:         1389936 kB
MemAvailable:    1548448 kB
Buffers:           41172 kB
Cached:           249452 kB
MemTotal:        1844596 kB
MemFree:         1390020 kB
MemAvailable:    1548532 kB
Buffers:           41172 kB
Cached:           249452 kB
MemTotal:        1844596 kB
MemFree:         1388784 kB
MemAvailable:    1547296 kB
Buffers:           41172 kB
Cached:           249452 kB
MemTotal:        1844596 kB
MemFree:         1389344 kB
MemAvailable:    1547856 kB
Buffers:           41172 kB
Cached:           249452 kB
MemTotal:        1844596 kB
MemFree:         1388228 kB
MemAvailable:    1546740 kB
Buffers:           41172 kB
Cached:           249452 kB
MemTotal:        1844596 kB
MemFree:         1386616 kB
MemAvailable:    1545128 kB
Buffers:           41172 kB
Cached:           249452 kB
MemTotal:        1844596 kB
MemFree:         1387708 kB
MemAvailable:    1546220 kB
Buffers:           41172 kB
Cached:           249452 kB
MemTotal:        1844596 kB
MemFree:         1387668 kB
MemAvailable:    1546180 kB
Buffers:           41172 kB
Cached:           249452 kB
MemTotal:        1844596 kB
MemFree:         1387440 kB
MemAvailable:    1545952 kB
Buffers:           41172 kB
Cached:           249452 kB
MemTotal:        1844596 kB
MemFree:         1387776 kB
MemAvailable:    1546288 kB
Buffers:           41172 kB
Cached:           249452 kB
MemTotal:        1844596 kB
MemFree:         1387540 kB
MemAvailable:    1546052 kB
Buffers:           41172 kB
Cached:           249452 kB
MemTotal:        1844596 kB
MemFree:         1387236 kB
MemAvailable:    1545748 kB
Buffers:           41172 kB
Cached:           249452 kB
MemTotal:        1844596 kB
MemFree:         1387616 kB
MemAvailable:    1546128 kB
Buffers:           41172 kB
Cached:           249452 kB
MemTotal:        1844596 kB
MemFree:         1387452 kB
MemAvailable:    1545964 kB
Buffers:           41172 kB
Cached:           249452 kB
MemTotal:        1844596 kB
MemFree:         1387704 kB
MemAvailable:    1546216 kB
Buffers:           41172 kB
Cached:           249452 kB
MemTotal:        1844596 kB
MemFree:         1387732 kB
MemAvailable:    1546244 kB
Buffers:           41172 kB
Cached:           249452 kB
MemTotal:        1844596 kB
MemFree:         1387592 kB
MemAvailable:    1546104 kB
Buffers:           41172 kB
Cached:           249452 kB
MemTotal:        1844596 kB
MemFree:         1388476 kB
MemAvailable:    1546988 kB
Buffers:           41172 kB
Cached:           249452 kB
MemTotal:        1844596 kB
MemFree:         1386104 kB
MemAvailable:    1544616 kB
Buffers:           41172 kB
Cached:           249452 kB
MemTotal:        1844596 kB
MemFree:         1385376 kB
MemAvailable:    1543888 kB
Buffers:           41172 kB
Cached:           249452 kB
MemTotal:        1844596 kB
MemFree:         1385112 kB
MemAvailable:    1543624 kB
Buffers:           41172 kB
Cached:           249452 kB
MemTotal:        1844596 kB
MemFree:         1384756 kB
MemAvailable:    1543268 kB
Buffers:           41172 kB
Cached:           249452 kB
MemTotal:        1844596 kB
MemFree:         1385196 kB
MemAvailable:    1543708 kB
Buffers:           41172 kB
Cached:           249452 kB
MemTotal:        1844596 kB
MemFree:         1384568 kB
MemAvailable:    1543080 kB
Buffers:           41172 kB
Cached:           249452 kB
MemTotal:        1844596 kB
MemFree:         1383764 kB
MemAvailable:    1542152 kB
Buffers:           41172 kB
Cached:           249452 kB
MemTotal:        1844596 kB
MemFree:         1383624 kB
MemAvailable:    1542136 kB
Buffers:           41172 kB
Cached:           249452 kB
MemTotal:        1844596 kB
MemFree:         1383824 kB
MemAvailable:    1542336 kB
Buffers:           41172 kB
Cached:           249452 kB
MemTotal:        1844596 kB
MemFree:         1383516 kB
MemAvailable:    1542040 kB
Buffers:           41172 kB
Cached:           249464 kB
MemTotal:        1844596 kB
MemFree:         1383468 kB
MemAvailable:    1541992 kB
Buffers:           41172 kB
Cached:           249464 kB
MemTotal:        1844596 kB
MemFree:         1382132 kB
MemAvailable:    1540656 kB
Buffers:           41172 kB
Cached:           249464 kB
MemTotal:        1844596 kB
MemFree:         1382008 kB
MemAvailable:    1540532 kB
Buffers:           41172 kB
Cached:           249464 kB
MemTotal:        1844596 kB
MemFree:         1383372 kB
MemAvailable:    1541896 kB
Buffers:           41172 kB
Cached:           249464 kB
MemTotal:        1844596 kB
MemFree:         1383136 kB
MemAvailable:    1541660 kB
Buffers:           41172 kB
Cached:           249464 kB
MemTotal:        1844596 kB
MemFree:         1382408 kB
MemAvailable:    1540932 kB
Buffers:           41172 kB
Cached:           249464 kB
MemTotal:        1844596 kB
MemFree:         1381640 kB
MemAvailable:    1540164 kB
Buffers:           41172 kB
Cached:           249464 kB
MemTotal:        1844596 kB
MemFree:         1382716 kB
MemAvailable:    1541240 kB
Buffers:           41172 kB
Cached:           249464 kB
MemTotal:        1844596 kB
MemFree:         1381028 kB
MemAvailable:    1539552 kB
Buffers:           41172 kB
Cached:           249464 kB
MemTotal:        1844596 kB
MemFree:         1381020 kB
MemAvailable:    1539544 kB
Buffers:           41172 kB
Cached:           249464 kB
MemTotal:        1844596 kB
MemFree:         1381276 kB
MemAvailable:    1539800 kB
Buffers:           41172 kB
Cached:           249464 kB
MemTotal:        1844596 kB
MemFree:         1382304 kB
MemAvailable:    1540828 kB
Buffers:           41172 kB
Cached:           249464 kB
MemTotal:        1844596 kB
MemFree:         1382304 kB
MemAvailable:    1540828 kB
Buffers:           41172 kB
Cached:           249464 kB
MemTotal:        1844596 kB
MemFree:         1382448 kB
MemAvailable:    1540972 kB
Buffers:           41172 kB
Cached:           249464 kB
MemTotal:        1844596 kB
MemFree:         1381224 kB
MemAvailable:    1539748 kB
Buffers:           41172 kB
Cached:           249464 kB
MemTotal:        1844596 kB
MemFree:         1381788 kB
MemAvailable:    1540312 kB
Buffers:           41172 kB
Cached:           249464 kB
MemTotal:        1844596 kB
MemFree:         1382372 kB
MemAvailable:    1540896 kB
Buffers:           41172 kB
Cached:           249464 kB
MemTotal:        1844596 kB
MemFree:         1382520 kB
MemAvailable:    1541044 kB
Buffers:           41172 kB
Cached:           249464 kB
MemTotal:        1844596 kB
MemFree:         1381140 kB
MemAvailable:    1539664 kB
Buffers:           41172 kB
Cached:           249464 kB
MemTotal:        1844596 kB
MemFree:         1382144 kB
MemAvailable:    1540668 kB
Buffers:           41172 kB
Cached:           249464 kB
MemTotal:        1844596 kB
MemFree:         1382144 kB
MemAvailable:    1540668 kB
Buffers:           41172 kB
Cached:           249464 kB
MemTotal:        1844596 kB
MemFree:         1381840 kB
MemAvailable:    1540364 kB
Buffers:           41172 kB
Cached:           249464 kB
MemTotal:        1844596 kB
MemFree:         1382008 kB
MemAvailable:    1540532 kB
Buffers:           41172 kB
Cached:           249464 kB
MemTotal:        1844596 kB
MemFree:         1380532 kB
MemAvailable:    1539056 kB
Buffers:           41172 kB
Cached:           249464 kB
MemTotal:        1844596 kB
MemFree:         1381708 kB
MemAvailable:    1540232 kB
Buffers:           41172 kB
Cached:           249464 kB
MemTotal:        1844596 kB
MemFree:         1381368 kB
MemAvailable:    1539892 kB
Buffers:           41172 kB
Cached:           249464 kB
MemTotal:        1844596 kB
MemFree:         1381368 kB
MemAvailable:    1539892 kB
Buffers:           41172 kB
Cached:           249464 kB
MemTotal:        1844596 kB
MemFree:         1381464 kB
MemAvailable:    1539988 kB
Buffers:           41172 kB
Cached:           249464 kB
MemTotal:        1844596 kB
MemFree:         1381428 kB
MemAvailable:    1539952 kB
Buffers:           41172 kB
Cached:           249464 kB
MemTotal:        1844596 kB
MemFree:         1381476 kB
MemAvailable:    1540000 kB
Buffers:           41172 kB
Cached:           249464 kB
MemTotal:        1844596 kB
MemFree:         1380300 kB
MemAvailable:    1538824 kB
Buffers:           41172 kB
Cached:           249464 kB
MemTotal:        1844596 kB
MemFree:         1380300 kB
MemAvailable:    1538824 kB
Buffers:           41172 kB
Cached:           249464 kB
MemTotal:        1844596 kB
MemFree:         1381492 kB
MemAvailable:    1540016 kB
Buffers:           41172 kB
Cached:           249464 kB
MemTotal:        1844596 kB
MemFree:         1381256 kB
MemAvailable:    1539780 kB
Buffers:           41172 kB
Cached:           249464 kB
MemTotal:        1844596 kB
MemFree:         1381256 kB
MemAvailable:    1539780 kB
Buffers:           41172 kB
Cached:           249464 kB
MemTotal:        1844596 kB
MemFree:         1379060 kB
MemAvailable:    1537584 kB
Buffers:           41172 kB
Cached:           249464 kB
MemTotal:        1844596 kB
MemFree:         1377880 kB
MemAvailable:    1536404 kB
Buffers:           41172 kB
Cached:           249464 kB
MemTotal:        1844596 kB
MemFree:         1374720 kB
MemAvailable:    1533244 kB
Buffers:           41172 kB
Cached:           249464 kB
MemTotal:        1844596 kB
MemFree:         1373100 kB
MemAvailable:    1531624 kB
Buffers:           41172 kB
Cached:           249464 kB
MemTotal:        1844596 kB
MemFree:         1372860 kB
MemAvailable:    1531384 kB
Buffers:           41172 kB
Cached:           249464 kB
MemTotal:        1844596 kB
MemFree:         1373100 kB
MemAvailable:    1531624 kB
Buffers:           41172 kB
Cached:           249464 kB
MemTotal:        1844596 kB
MemFree:         1373436 kB
MemAvailable:    1531960 kB
Buffers:           41172 kB
Cached:           249464 kB
MemTotal:        1844596 kB
MemFree:         1373688 kB
MemAvailable:    1532212 kB
Buffers:           41172 kB
Cached:           249464 kB
MemTotal:        1844596 kB
MemFree:         1372420 kB
MemAvailable:    1530944 kB
Buffers:           41172 kB
Cached:           249464 kB
MemTotal:        1844596 kB
MemFree:         1373532 kB
MemAvailable:    1532056 kB
Buffers:           41172 kB
Cached:           249464 kB
MemTotal:        1844596 kB
MemFree:         1372736 kB
MemAvailable:    1531260 kB
Buffers:           41172 kB
Cached:           249464 kB
MemTotal:        1844596 kB
MemFree:         1372220 kB
MemAvailable:    1530744 kB
Buffers:           41172 kB
Cached:           249464 kB
MemTotal:        1844596 kB
MemFree:         1373548 kB
MemAvailable:    1532072 kB
Buffers:           41172 kB
Cached:           249464 kB
MemTotal:        1844596 kB
MemFree:         1372736 kB
MemAvailable:    1531260 kB
Buffers:           41172 kB
Cached:           249464 kB
MemTotal:        1844596 kB
MemFree:         1373552 kB
MemAvailable:    1532076 kB
Buffers:           41172 kB
Cached:           249464 kB
MemTotal:        1844596 kB
MemFree:         1372428 kB
MemAvailable:    1530952 kB
Buffers:           41172 kB
Cached:           249464 kB
MemTotal:        1844596 kB
MemFree:         1372180 kB
MemAvailable:    1530704 kB
Buffers:           41172 kB
Cached:           249464 kB
MemTotal:        1844596 kB
MemFree:         1373480 kB
MemAvailable:    1532004 kB
Buffers:           41172 kB
Cached:           249464 kB
MemTotal:        1844596 kB
MemFree:         1373480 kB
MemAvailable:    1532004 kB
Buffers:           41172 kB
Cached:           249464 kB
MemTotal:        1844596 kB
MemFree:         1373332 kB
MemAvailable:    1531856 kB
Buffers:           41172 kB
Cached:           249464 kB
MemTotal:        1844596 kB
MemFree:         1373100 kB
MemAvailable:    1531624 kB
Buffers:           41172 kB
Cached:           249464 kB
MemTotal:        1844596 kB
MemFree:         1372836 kB
MemAvailable:    1531360 kB
Buffers:           41172 kB
Cached:           249464 kB
MemTotal:        1844596 kB
MemFree:         1371372 kB
MemAvailable:    1529896 kB
Buffers:           41172 kB
Cached:           249464 kB
MemTotal:        1844596 kB
MemFree:         1371116 kB
MemAvailable:    1529640 kB
Buffers:           41172 kB
Cached:           249464 kB
MemTotal:        1844596 kB
MemFree:         1370876 kB
MemAvailable:    1529400 kB
Buffers:           41172 kB
Cached:           249464 kB
MemTotal:        1844596 kB
MemFree:         1370744 kB
MemAvailable:    1529268 kB
Buffers:           41172 kB
Cached:           249464 kB
MemTotal:        1844596 kB
MemFree:         1370876 kB
MemAvailable:    1529400 kB
Buffers:           41172 kB
Cached:           249464 kB
MemTotal:        1844596 kB
MemFree:         1370928 kB
MemAvailable:    1529452 kB
Buffers:           41172 kB
Cached:           249464 kB
MemTotal:        1844596 kB
MemFree:         1371096 kB
MemAvailable:    1529620 kB
Buffers:           41172 kB
Cached:           249464 kB
MemTotal:        1844596 kB
MemFree:         1369628 kB
MemAvailable:    1528152 kB
Buffers:           41172 kB
Cached:           249464 kB
MemTotal:        1844596 kB
MemFree:         1369140 kB
MemAvailable:    1527664 kB
Buffers:           41172 kB
Cached:           249464 kB
MemTotal:        1844596 kB
MemFree:         1369016 kB
MemAvailable:    1527540 kB
Buffers:           41172 kB
Cached:           249464 kB
MemTotal:        1844596 kB
MemFree:         1370444 kB
MemAvailable:    1528968 kB
Buffers:           41172 kB
Cached:           249464 kB
MemTotal:        1844596 kB
MemFree:         1368876 kB
MemAvailable:    1527400 kB
Buffers:           41172 kB
Cached:           249464 kB
MemTotal:        1844596 kB
MemFree:         1368520 kB
MemAvailable:    1527044 kB
Buffers:           41172 kB
Cached:           249464 kB
MemTotal:        1844596 kB
MemFree:         1368840 kB
MemAvailable:    1527364 kB
Buffers:           41172 kB
Cached:           249464 kB
MemTotal:        1844596 kB
MemFree:         1369296 kB
MemAvailable:    1527820 kB
Buffers:           41172 kB
Cached:           249464 kB
MemTotal:        1844596 kB
MemFree:         1369632 kB
MemAvailable:    1528156 kB
Buffers:           41172 kB
Cached:           249464 kB
MemTotal:        1844596 kB
MemFree:         1369624 kB
MemAvailable:    1528148 kB
Buffers:           41172 kB
Cached:           249464 kB
MemTotal:        1844596 kB
MemFree:         1368768 kB
MemAvailable:    1527292 kB
Buffers:           41172 kB
Cached:           249464 kB
MemTotal:        1844596 kB
MemFree:         1369624 kB
MemAvailable:    1528148 kB
Buffers:           41172 kB
Cached:           249464 kB
MemTotal:        1844596 kB
MemFree:         1368396 kB
MemAvailable:    1526932 kB
Buffers:           41172 kB
Cached:           249476 kB
MemTotal:        1844596 kB
MemFree:         1369248 kB
MemAvailable:    1527784 kB
Buffers:           41172 kB
Cached:           249476 kB
MemTotal:        1844596 kB
MemFree:         1369500 kB
MemAvailable:    1528036 kB
Buffers:           41172 kB
Cached:           249476 kB
MemTotal:        1844596 kB
MemFree:         1368876 kB
MemAvailable:    1527412 kB
Buffers:           41172 kB
Cached:           249476 kB
MemTotal:        1844596 kB
MemFree:         1368744 kB
MemAvailable:    1527280 kB
Buffers:           41172 kB
Cached:           249476 kB
MemTotal:        1844596 kB
MemFree:         1360072 kB
MemAvailable:    1518608 kB
Buffers:           41172 kB
Cached:           249476 kB
MemTotal:        1844596 kB
MemFree:         1360408 kB
MemAvailable:    1518944 kB
Buffers:           41172 kB
Cached:           249476 kB
MemTotal:        1844596 kB
MemFree:         1359824 kB
MemAvailable:    1518528 kB
Buffers:           41172 kB
Cached:           249724 kB
MemTotal:        1844596 kB
MemFree:         1359592 kB
MemAvailable:    1518296 kB
Buffers:           41172 kB
Cached:           249724 kB
MemTotal:        1844596 kB
MemFree:         1359388 kB
MemAvailable:    1518344 kB
Buffers:           41172 kB
Cached:           249848 kB
MemTotal:        1844596 kB
MemFree:         1359388 kB
MemAvailable:    1518344 kB
Buffers:           41172 kB
Cached:           249848 kB
MemTotal:        1844596 kB
MemFree:         1359256 kB
MemAvailable:    1518380 kB
Buffers:           41172 kB
Cached:           249972 kB
MemTotal:        1844596 kB
MemFree:         1359256 kB
MemAvailable:    1518380 kB
Buffers:           41172 kB
Cached:           249972 kB
MemTotal:        1844596 kB
MemFree:         1359508 kB
MemAvailable:    1518632 kB
Buffers:           41172 kB
Cached:           249972 kB
MemTotal:        1844596 kB
MemFree:         1358600 kB
MemAvailable:    1517724 kB
Buffers:           41172 kB
Cached:           250096 kB
MemTotal:        1844596 kB
MemFree:         1359528 kB
MemAvailable:    1518664 kB
Buffers:           41172 kB
Cached:           250156 kB
MemTotal:        1844596 kB
MemFree:         1358724 kB
MemAvailable:    1517860 kB
Buffers:           41172 kB
Cached:           250156 kB
MemTotal:        1844596 kB
MemFree:         1359332 kB
MemAvailable:    1518468 kB
Buffers:           41172 kB
Cached:           250156 kB
MemTotal:        1844596 kB
MemFree:         1359220 kB
MemAvailable:    1518356 kB
Buffers:           41172 kB
Cached:           250156 kB
MemTotal:        1844596 kB
MemFree:         1359280 kB
MemAvailable:    1518416 kB
Buffers:           41172 kB
Cached:           250156 kB
MemTotal:        1844596 kB
MemFree:         1359108 kB
MemAvailable:    1518244 kB
Buffers:           41172 kB
Cached:           250156 kB
MemTotal:        1844596 kB
MemFree:         1359892 kB
MemAvailable:    1518440 kB
Buffers:           41172 kB
Cached:           249524 kB
MemTotal:        1844596 kB
MemFree:         1430388 kB
MemAvailable:    1588936 kB
Buffers:           41172 kB
Cached:           249524 kB
