MemTotal:        1844596 kB
MemFree:         1321984 kB
MemAvailable:    1555696 kB
Buffers:           49628 kB
Cached:           309556 kB
MemTotal:        1844596 kB
MemFree:         1319256 kB
MemAvailable:    1552968 kB
Buffers:           49628 kB
Cached:           309556 kB
MemTotal:        1844596 kB
MemFree:         1317504 kB
MemAvailable:    1551216 kB
Buffers:           49628 kB
Cached:           309556 kB
MemTotal:        1844596 kB
MemFree:         1316472 kB
MemAvailable:    1550184 kB
Buffers:           49628 kB
Cached:           309556 kB
MemTotal:        1844596 kB
MemFree:         1315536 kB
MemAvailable:    1549248 kB
Buffers:           49628 kB
Cached:           309556 kB
MemTotal:        1844596 kB
MemFree:         1316760 kB
MemAvailable:    1550472 kB
Buffers:           49628 kB
Cached:           309556 kB
MemTotal:        1844596 kB
MemFree:         1313792 kB
MemAvailable:    1547504 kB
Buffers:           49628 kB
Cached:           309556 kB
MemTotal:        1844596 kB
MemFree:         1311816 kB
MemAvailable:    1545528 kB
Buffers:           49628 kB
Cached:           309556 kB
MemTotal:        1844596 kB
MemFree:         1307452 kB
MemAvailable:    1541164 kB
Buffers:           49628 kB
Cached:           309556 kB
MemTotal:        1844596 kB
MemFree:         1307704 kB
MemAvailable:    1541416 kB
Buffers:           49628 kB
Cached:           309556 kB
MemTotal:        1844596 kB
MemFree:         1306708 kB
MemAvailable:    1540420 kB
Buffers:           49628 kB
Cached:           309556 kB
MemTotal:        1844596 kB
MemFree:         1306960 kB
MemAvailable:    1540672 kB
Buffers:           49628 kB
Cached:           309556 kB
MemTotal:        1844596 kB
MemFree:         1306172 kB
MemAvailable:    1539884 kB
Buffers:           49628 kB
Cached:           309556 kB
MemTotal:        1844596 kB
MemFree:         1306668 kB
MemAvailable:    1540380 kB
Buffers:           49628 kB
Cached:           309556 kB
MemTotal:        1844596 kB
MemFree:         1306112 kB
MemAvailable:    1539824 kB
Buffers:           49628 kB
Cached:           309556 kB
MemTotal:        1844596 kB
MemFree:         1306612 kB
MemAvailable:    1540324 kB
Buffers:           49628 kB
Cached:           309556 kB
MemTotal:        1844596 kB
MemFree:         1306356 kB
MemAvailable:    1540068 kB
Buffers:           49628 kB
Cached:           309556 kB
MemTotal:        1844596 kB
MemFree:         1305368 kB
MemAvailable:    1539080 kB
Buffers:           49628 kB
Cached:           309556 kB
MemTotal:        1844596 kB
MemFree:         1305428 kB
MemAvailable:    1539140 kB
Buffers:           49628 kB
Cached:           309556 kB
MemTotal:        1844596 kB
MemFree:         1304808 kB
MemAvailable:    1538520 kB
Buffers:           49628 kB
Cached:           309556 kB
MemTotal:        1844596 kB
MemFree:         1303384 kB
MemAvailable:    1537096 kB
Buffers:           49628 kB
Cached:           309556 kB
MemTotal:        1844596 kB
MemFree:         1304176 kB
MemAvailable:    1537888 kB
Buffers:           49628 kB
Cached:           309556 kB
MemTotal:        1844596 kB
MemFree:         1302960 kB
MemAvailable:    1536672 kB
Buffers:           49628 kB
Cached:           309556 kB
MemTotal:        1844596 kB
MemFree:         1302828 kB
MemAvailable:    1536540 kB
Buffers:           49628 kB
Cached:           309556 kB
MemTotal:        1844596 kB
MemFree:         1304120 kB
MemAvailable:    1537832 kB
Buffers:           49628 kB
Cached:           309556 kB
MemTotal:        1844596 kB
MemFree:         1304296 kB
MemAvailable:    1538008 kB
Buffers:           49628 kB
Cached:           309556 kB
MemTotal:        1844596 kB
MemFree:         1302880 kB
MemAvailable:    1536592 kB
Buffers:           49628 kB
Cached:           309556 kB
MemTotal:        1844596 kB
MemFree:         1304272 kB
MemAvailable:    1537984 kB
Buffers:           49628 kB
Cached:           309556 kB
MemTotal:        1844596 kB
MemFree:         1303508 kB
MemAvailable:    1537220 kB
Buffers:           49628 kB
Cached:           309556 kB
MemTotal:        1844596 kB
MemFree:         1305352 kB
MemAvailable:    1539064 kB
Buffers:           49628 kB
Cached:           309556 kB
MemTotal:        1844596 kB
MemFree:         1305352 kB
MemAvailable:    1539064 kB
Buffers:           49628 kB
Cached:           309556 kB
MemTotal:        1844596 kB
MemFree:         1305604 kB
MemAvailable:    1539316 kB
Buffers:           49628 kB
Cached:           309556 kB
MemTotal:        1844596 kB
MemFree:         1302888 kB
MemAvailable:    1536600 kB
Buffers:           49628 kB
Cached:           309556 kB
MemTotal:        1844596 kB
MemFree:         1302268 kB
MemAvailable:    1535980 kB
Buffers:           49628 kB
Cached:           309556 kB
MemTotal:        1844596 kB
MemFree:         1301028 kB
MemAvailable:    1534740 kB
Buffers:           49628 kB
Cached:           309556 kB
MemTotal:        1844596 kB
MemFree:         1301732 kB
MemAvailable:    1535448 kB
Buffers:           49628 kB
Cached:           309560 kB
MemTotal:        1844596 kB
MemFree:         1301144 kB
MemAvailable:    1534860 kB
Buffers:           49628 kB
Cached:           309560 kB
MemTotal:        1844596 kB
MemFree:         1301144 kB
MemAvailable:    1534860 kB
Buffers:           49628 kB
Cached:           309560 kB
MemTotal:        1844596 kB
MemFree:         1300384 kB
MemAvailable:    1534100 kB
Buffers:           49628 kB
Cached:           309560 kB
MemTotal:        1844596 kB
MemFree:         1300384 kB
MemAvailable:    1534100 kB
Buffers:           49628 kB
Cached:           309560 kB
MemTotal:        1844596 kB
MemFree:         1300020 kB
MemAvailable:    1533736 kB
Buffers:           49628 kB
Cached:           309560 kB
MemTotal:        1844596 kB
MemFree:         1300272 kB
MemAvailable:    1533988 kB
Buffers:           49628 kB
Cached:           309560 kB
MemTotal:        1844596 kB
MemFree:         1300124 kB
MemAvailable:    1533840 kB
Buffers:           49628 kB
Cached:           309560 kB
MemTotal:        1844596 kB
MemFree:         1299764 kB
MemAvailable:    1533480 kB
Buffers:           49628 kB
Cached:           309560 kB
MemTotal:        1844596 kB
MemFree:         1300336 kB
MemAvailable:    1534056 kB
Buffers:           49628 kB
Cached:           309564 kB
MemTotal:        1844596 kB
MemFree:         1300204 kB
MemAvailable:    1533924 kB
Buffers:           49628 kB
Cached:           309564 kB
MemTotal:        1844596 kB
MemFree:         1298796 kB
MemAvailable:    1532516 kB
Buffers:           49628 kB
Cached:           309564 kB
MemTotal:        1844596 kB
MemFree:         1299268 kB
MemAvailable:    1532988 kB
Buffers:           49628 kB
Cached:           309564 kB
MemTotal:        1844596 kB
MemFree:         1299520 kB
MemAvailable:    1533240 kB
Buffers:           49628 kB
Cached:           309564 kB
MemTotal:        1844596 kB
MemFree:         1298168 kB
MemAvailable:    1531888 kB
Buffers:           49628 kB
Cached:           309564 kB
MemTotal:        1844596 kB
MemFree:         1299148 kB
MemAvailable:    1532868 kB
Buffers:           49628 kB
Cached:           309564 kB
MemTotal:        1844596 kB
MemFree:         1297728 kB
MemAvailable:    1531448 kB
Buffers:           49628 kB
Cached:           309564 kB
MemTotal:        1844596 kB
MemFree:         1299100 kB
MemAvailable:    1532820 kB
Buffers:           49628 kB
Cached:           309564 kB
MemTotal:        1844596 kB
MemFree:         1297604 kB
MemAvailable:    1531324 kB
Buffers:           49628 kB
Cached:           309564 kB
MemTotal:        1844596 kB
MemFree:         1297896 kB
MemAvailable:    1531616 kB
Buffers:           49628 kB
Cached:           309564 kB
MemTotal:        1844596 kB
MemFree:         1299324 kB
MemAvailable:    1533044 kB
Buffers:           49628 kB
Cached:           309564 kB
MemTotal:        1844596 kB
MemFree:         1297848 kB
MemAvailable:    1531568 kB
Buffers:           49628 kB
Cached:           309564 kB
MemTotal:        1844596 kB
MemFree:         1297672 kB
MemAvailable:    1531392 kB
Buffers:           49628 kB
Cached:           309564 kB
MemTotal:        1844596 kB
MemFree:         1299064 kB
MemAvailable:    1532784 kB
Buffers:           49628 kB
Cached:           309564 kB
MemTotal:        1844596 kB
MemFree:         1297880 kB
MemAvailable:    1531600 kB
Buffers:           49628 kB
Cached:           309564 kB
MemTotal:        1844596 kB
MemFree:         1298996 kB
MemAvailable:    1532716 kB
Buffers:           49640 kB
Cached:           309552 kB
MemTotal:        1844596 kB
MemFree:         1297432 kB
MemAvailable:    1531152 kB
Buffers:           49640 kB
Cached:           309552 kB
MemTotal:        1844596 kB
MemFree:         1297300 kB
MemAvailable:    1531020 kB
Buffers:           49640 kB
Cached:           309552 kB
MemTotal:        1844596 kB
MemFree:         1298284 kB
MemAvailable:    1532004 kB
Buffers:           49640 kB
Cached:           309552 kB
MemTotal:        1844596 kB
MemFree:         1298164 kB
MemAvailable:    1531884 kB
Buffers:           49640 kB
Cached:           309552 kB
MemTotal:        1844596 kB
MemFree:         1297184 kB
MemAvailable:    1530904 kB
Buffers:           49640 kB
Cached:           309552 kB
MemTotal:        1844596 kB
MemFree:         1298164 kB
MemAvailable:    1531884 kB
Buffers:           49640 kB
Cached:           309552 kB
MemTotal:        1844596 kB
MemFree:         1298052 kB
MemAvailable:    1531772 kB
Buffers:           49640 kB
Cached:           309552 kB
MemTotal:        1844596 kB
MemFree:         1298072 kB
MemAvailable:    1531792 kB
Buffers:           49640 kB
Cached:           309552 kB
MemTotal:        1844596 kB
MemFree:         1298036 kB
MemAvailable:    1531756 kB
Buffers:           49640 kB
Cached:           309552 kB
MemTotal:        1844596 kB
MemFree:         1298120 kB
MemAvailable:    1531840 kB
Buffers:           49640 kB
Cached:           309552 kB
MemTotal:        1844596 kB
MemFree:         1296784 kB
MemAvailable:    1530504 kB
Buffers:           49640 kB
Cached:           309552 kB
MemTotal:        1844596 kB
MemFree:         1298224 kB
MemAvailable:    1531944 kB
Buffers:           49640 kB
Cached:           309552 kB
MemTotal:        1844596 kB
MemFree:         1298044 kB
MemAvailable:    1531764 kB
Buffers:           49640 kB
Cached:           309552 kB
MemTotal:        1844596 kB
MemFree:         1297788 kB
MemAvailable:    1531508 kB
Buffers:           49640 kB
Cached:           309552 kB
MemTotal:        1844596 kB
MemFree:         1296192 kB
MemAvailable:    1529912 kB
Buffers:           49640 kB
Cached:           309552 kB
MemTotal:        1844596 kB
MemFree:         1296648 kB
MemAvailable:    1530372 kB
Buffers:           49640 kB
Cached:           309556 kB
MemTotal:        1844596 kB
MemFree:         1293772 kB
MemAvailable:    1527496 kB
Buffers:           49640 kB
Cached:           309556 kB
MemTotal:        1844596 kB
MemFree:         1290920 kB
MemAvailable:    1524656 kB
Buffers:           49640 kB
Cached:           309568 kB
MemTotal:        1844596 kB
MemFree:         1289232 kB
MemAvailable:    1522968 kB
Buffers:           49640 kB
Cached:           309568 kB
MemTotal:        1844596 kB
MemFree:         1290332 kB
MemAvailable:    1524068 kB
Buffers:           49640 kB
Cached:           309568 kB
MemTotal:        1844596 kB
MemFree:         1290584 kB
MemAvailable:    1524320 kB
Buffers:           49640 kB
Cached:           309568 kB
MemTotal:        1844596 kB
MemFree:         1290408 kB
MemAvailable:    1524144 kB
Buffers:           49640 kB
Cached:           309568 kB
MemTotal:        1844596 kB
MemFree:         1289248 kB
MemAvailable:    1522984 kB
Buffers:           49640 kB
Cached:           309568 kB
MemTotal:        1844596 kB
MemFree:         1289920 kB
MemAvailable:    1523656 kB
Buffers:           49640 kB
Cached:           309568 kB
MemTotal:        1844596 kB
MemFree:         1290088 kB
MemAvailable:    1523824 kB
Buffers:           49640 kB
Cached:           309568 kB
MemTotal:        1844596 kB
MemFree:         1289968 kB
MemAvailable:    1523704 kB
Buffers:           49640 kB
Cached:           309568 kB
MemTotal:        1844596 kB
MemFree:         1290304 kB
MemAvailable:    1524040 kB
Buffers:           49640 kB
Cached:           309568 kB
MemTotal:        1844596 kB
MemFree:         1288820 kB
MemAvailable:    1522556 kB
Buffers:           49640 kB
Cached:           309568 kB
MemTotal:        1844596 kB
MemFree:         1288864 kB
MemAvailable:    1522600 kB
Buffers:           49640 kB
Cached:           309568 kB
MemTotal:        1844596 kB
MemFree:         1290128 kB
MemAvailable:    1523864 kB
Buffers:           49640 kB
Cached:           309568 kB
MemTotal:        1844596 kB
MemFree:         1290048 kB
MemAvailable:    1523784 kB
Buffers:           49640 kB
Cached:           309568 kB
MemTotal:        1844596 kB
MemFree:         1290048 kB
MemAvailable:    1523784 kB
Buffers:           49640 kB
Cached:           309568 kB
MemTotal:        1844596 kB
MemFree:         1289844 kB
MemAvailable:    1523580 kB
Buffers:           49640 kB
Cached:           309568 kB
MemTotal:        1844596 kB
MemFree:         1290096 kB
MemAvailable:    1523832 kB
Buffers:           49640 kB
Cached:           309568 kB
MemTotal:        1844596 kB
MemFree:         1289596 kB
MemAvailable:    1523332 kB
Buffers:           49640 kB
Cached:           309568 kB
MemTotal:        1844596 kB
MemFree:         1289744 kB
MemAvailable:    1523480 kB
Buffers:           49640 kB
Cached:           309568 kB
MemTotal:        1844596 kB
MemFree:         1288000 kB
MemAvailable:    1521736 kB
Buffers:           49640 kB
Cached:           309568 kB
MemTotal:        1844596 kB
MemFree:         1288008 kB
MemAvailable:    1521744 kB
Buffers:           49640 kB
Cached:           309568 kB
MemTotal:        1844596 kB
MemFree:         1287504 kB
MemAvailable:    1521240 kB
Buffers:           49640 kB
Cached:           309568 kB
MemTotal:        1844596 kB
MemFree:         1287636 kB
MemAvailable:    1521372 kB
Buffers:           49640 kB
Cached:           309568 kB
MemTotal:        1844596 kB
MemFree:         1287380 kB
MemAvailable:    1521116 kB
Buffers:           49640 kB
Cached:           309568 kB
MemTotal:        1844596 kB
MemFree:         1287364 kB
MemAvailable:    1521100 kB
Buffers:           49640 kB
Cached:           309568 kB
MemTotal:        1844596 kB
MemFree:         1287512 kB
MemAvailable:    1521248 kB
Buffers:           49640 kB
Cached:           309568 kB
MemTotal:        1844596 kB
MemFree:         1286008 kB
MemAvailable:    1519744 kB
Buffers:           49640 kB
Cached:           309568 kB
MemTotal:        1844596 kB
MemFree:         1285652 kB
MemAvailable:    1519388 kB
Buffers:           49640 kB
Cached:           309568 kB
MemTotal:        1844596 kB
MemFree:         1286696 kB
MemAvailable:    1520432 kB
Buffers:           49640 kB
Cached:           309568 kB
MemTotal:        1844596 kB
MemFree:         1285652 kB
MemAvailable:    1519388 kB
Buffers:           49640 kB
Cached:           309568 kB
MemTotal:        1844596 kB
MemFree:         1286400 kB
MemAvailable:    1520136 kB
Buffers:           49640 kB
Cached:           309568 kB
MemTotal:        1844596 kB
MemFree:         1286400 kB
MemAvailable:    1520136 kB
Buffers:           49640 kB
Cached:           309568 kB
MemTotal:        1844596 kB
MemFree:         1286524 kB
MemAvailable:    1520260 kB
Buffers:           49640 kB
Cached:           309568 kB
MemTotal:        1844596 kB
MemFree:         1285092 kB
MemAvailable:    1518828 kB
Buffers:           49640 kB
Cached:           309568 kB
MemTotal:        1844596 kB
MemFree:         1286308 kB
MemAvailable:    1520044 kB
Buffers:           49640 kB
Cached:           309568 kB
MemTotal:        1844596 kB
MemFree:         1286560 kB
MemAvailable:    1520296 kB
Buffers:           49640 kB
Cached:           309568 kB
MemTotal:        1844596 kB
MemFree:         1286324 kB
MemAvailable:    1520060 kB
Buffers:           49640 kB
Cached:           309568 kB
MemTotal:        1844596 kB
MemFree:         1285404 kB
MemAvailable:    1519140 kB
Buffers:           49640 kB
Cached:           309568 kB
MemTotal:        1844596 kB
MemFree:         1285884 kB
MemAvailable:    1519620 kB
Buffers:           49640 kB
Cached:           309568 kB
MemTotal:        1844596 kB
MemFree:         1286136 kB
MemAvailable:    1519872 kB
Buffers:           49640 kB
Cached:           309568 kB
MemTotal:        1844596 kB
MemFree:         1284652 kB
MemAvailable:    1518388 kB
Buffers:           49640 kB
Cached:           309568 kB
MemTotal:        1844596 kB
MemFree:         1281180 kB
MemAvailable:    1514916 kB
Buffers:           49640 kB
Cached:           309568 kB
MemTotal:        1844596 kB
MemFree:         1279080 kB
MemAvailable:    1512816 kB
Buffers:           49644 kB
Cached:           309564 kB
MemTotal:        1844596 kB
MemFree:         1278948 kB
MemAvailable:    1512768 kB
Buffers:           49644 kB
Cached:           309688 kB
MemTotal:        1844596 kB
MemFree:         1277460 kB
MemAvailable:    1511364 kB
Buffers:           49644 kB
Cached:           309812 kB
MemTotal:        1844596 kB
MemFree:         1277716 kB
MemAvailable:    1511704 kB
Buffers:           49644 kB
Cached:           309812 kB
MemTotal:        1844596 kB
MemFree:         1278264 kB
MemAvailable:    1512336 kB
Buffers:           49644 kB
Cached:           309936 kB
MemTotal:        1844596 kB
MemFree:         1278516 kB
MemAvailable:    1512588 kB
Buffers:           49644 kB
Cached:           309936 kB
MemTotal:        1844596 kB
MemFree:         1278272 kB
MemAvailable:    1512596 kB
Buffers:           49644 kB
Cached:           310184 kB
MemTotal:        1844596 kB
MemFree:         1277212 kB
MemAvailable:    1511536 kB
Buffers:           49644 kB
Cached:           310184 kB
MemTotal:        1844596 kB
MemFree:         1278268 kB
MemAvailable:    1512592 kB
Buffers:           49644 kB
Cached:           310308 kB
MemTotal:        1844596 kB
MemFree:         1278212 kB
MemAvailable:    1512536 kB
Buffers:           49644 kB
Cached:           310184 kB
MemTotal:        1844596 kB
MemFree:         1278212 kB
MemAvailable:    1512620 kB
Buffers:           49644 kB
Cached:           310308 kB
MemTotal:        1844596 kB
MemFree:         1277840 kB
MemAvailable:    1512248 kB
Buffers:           49644 kB
Cached:           310308 kB
MemTotal:        1844596 kB
MemFree:         1278136 kB
MemAvailable:    1512544 kB
Buffers:           49644 kB
Cached:           310308 kB
MemTotal:        1844596 kB
MemFree:         1278088 kB
MemAvailable:    1512496 kB
Buffers:           49644 kB
Cached:           310308 kB
MemTotal:        1844596 kB
MemFree:         1278148 kB
MemAvailable:    1512556 kB
Buffers:           49644 kB
Cached:           310308 kB
MemTotal:        1844596 kB
MemFree:         1278204 kB
MemAvailable:    1512612 kB
Buffers:           49644 kB
Cached:           310308 kB
MemTotal:        1844596 kB
MemFree:         1278264 kB
MemAvailable:    1512096 kB
Buffers:           49644 kB
Cached:           309652 kB
MemTotal:        1844596 kB
MemFree:         1278528 kB
MemAvailable:    1512276 kB
Buffers:           49644 kB
Cached:           309576 kB
MemTotal:        1844596 kB
MemFree:         1346392 kB
MemAvailable:    1580140 kB
Buffers:           49644 kB
Cached:           309576 kB
