MemTotal:        1844596 kB
MemFree:         1281472 kB
MemAvailable:    1550980 kB
Buffers:           53560 kB
Cached:           338260 kB
MemTotal:        1844596 kB
MemFree:         1281048 kB
MemAvailable:    1550556 kB
Buffers:           53560 kB
Cached:           338260 kB
MemTotal:        1844596 kB
MemFree:         1278356 kB
MemAvailable:    1547864 kB
Buffers:           53560 kB
Cached:           338260 kB
MemTotal:        1844596 kB
MemFree:         1278316 kB
MemAvailable:    1547824 kB
Buffers:           53560 kB
Cached:           338260 kB
MemTotal:        1844596 kB
MemFree:         1277116 kB
MemAvailable:    1546624 kB
Buffers:           53560 kB
Cached:           338260 kB
MemTotal:        1844596 kB
MemFree:         1276996 kB
MemAvailable:    1546504 kB
Buffers:           53560 kB
Cached:           338260 kB
MemTotal:        1844596 kB
MemFree:         1278548 kB
MemAvailable:    1548056 kB
Buffers:           53560 kB
Cached:           338260 kB
MemTotal:        1844596 kB
MemFree:         1275884 kB
MemAvailable:    1545392 kB
Buffers:           53560 kB
Cached:           338260 kB
MemTotal:        1844596 kB
MemFree:         1273644 kB
MemAvailable:    1543152 kB
Buffers:           53560 kB
Cached:           338260 kB
MemTotal:        1844596 kB
MemFree:         1273524 kB
MemAvailable:    1543032 kB
Buffers:           53560 kB
Cached:           338260 kB
MemTotal:        1844596 kB
MemFree:         1268824 kB
MemAvailable:    1538332 kB
Buffers:           53560 kB
Cached:           338260 kB
MemTotal:        1844596 kB
MemFree:         1267568 kB
MemAvailable:    1537076 kB
Buffers:           53560 kB
Cached:           338260 kB
MemTotal:        1844596 kB
MemFree:         1268388 kB
MemAvailable:    1537896 kB
Buffers:           53560 kB
Cached:           338260 kB
MemTotal:        1844596 kB
MemFree:         1268472 kB
MemAvailable:    1537980 kB
Buffers:           53560 kB
Cached:           338260 kB
MemTotal:        1844596 kB
MemFree:         1267956 kB
MemAvailable:    1537464 kB
Buffers:           53560 kB
Cached:           338260 kB
MemTotal:        1844596 kB
MemFree:         1268500 kB
MemAvailable:    1538008 kB
Buffers:           53560 kB
Cached:           338260 kB
MemTotal:        1844596 kB
MemFree:         1267192 kB
MemAvailable:    1536700 kB
Buffers:           53560 kB
Cached:           338260 kB
MemTotal:        1844596 kB
MemFree:         1268140 kB
MemAvailable:    1537648 kB
Buffers:           53560 kB
Cached:           338260 kB
MemTotal:        1844596 kB
MemFree:         1267784 kB
MemAvailable:    1537292 kB
Buffers:           53560 kB
Cached:           338260 kB
MemTotal:        1844596 kB
MemFree:         1266088 kB
MemAvailable:    1535596 kB
Buffers:           53560 kB
Cached:           338260 kB
MemTotal:        1844596 kB
MemFree:         1266072 kB
MemAvailable:    1535580 kB
Buffers:           53560 kB
Cached:           338260 kB
MemTotal:        1844596 kB
MemFree:         1266156 kB
MemAvailable:    1535664 kB
Buffers:           53560 kB
Cached:           338260 kB
MemTotal:        1844596 kB
MemFree:         1265820 kB
MemAvailable:    1535328 kB
Buffers:           53560 kB
Cached:           338260 kB
MemTotal:        1844596 kB
MemFree:         1266072 kB
MemAvailable:    1535580 kB
Buffers:           53560 kB
Cached:           338260 kB
MemTotal:        1844596 kB
MemFree:         1264716 kB
MemAvailable:    1534224 kB
Buffers:           53560 kB
Cached:           338260 kB
MemTotal:        1844596 kB
MemFree:         1266016 kB
MemAvailable:    1535524 kB
Buffers:           53560 kB
Cached:           338260 kB
MemTotal:        1844596 kB
MemFree:         1266016 kB
MemAvailable:    1535524 kB
Buffers:           53560 kB
Cached:           338260 kB
MemTotal:        1844596 kB
MemFree:         1265228 kB
MemAvailable:    1534736 kB
Buffers:           53560 kB
Cached:           338260 kB
MemTotal:        1844596 kB
MemFree:         1266020 kB
MemAvailable:    1535528 kB
Buffers:           53560 kB
Cached:           338260 kB
MemTotal:        1844596 kB
MemFree:         1267272 kB
MemAvailable:    1536780 kB
Buffers:           53560 kB
Cached:           338260 kB
MemTotal:        1844596 kB
MemFree:         1266296 kB
MemAvailable:    1535804 kB
Buffers:           53560 kB
Cached:           338260 kB
MemTotal:        1844596 kB
MemFree:         1267288 kB
MemAvailable:    1536796 kB
Buffers:           53560 kB
Cached:           338260 kB
MemTotal:        1844596 kB
MemFree:         1264840 kB
MemAvailable:    1534348 kB
Buffers:           53560 kB
Cached:           338260 kB
MemTotal:        1844596 kB
MemFree:         1264968 kB
MemAvailable:    1534476 kB
Buffers:           53560 kB
Cached:           338260 kB
MemTotal:        1844596 kB
MemFree:         1263920 kB
MemAvailable:    1533428 kB
Buffers:           53560 kB
Cached:           338260 kB
MemTotal:        1844596 kB
MemFree:         1262368 kB
MemAvailable:    1531876 kB
Buffers:           53560 kB
Cached:           338260 kB
MemTotal:        1844596 kB
MemFree:         1261880 kB
MemAvailable:    1531388 kB
Buffers:           53560 kB
Cached:           338260 kB
MemTotal:        1844596 kB
MemFree:         1262808 kB
MemAvailable:    1532316 kB
Buffers:           53560 kB
Cached:           338260 kB
MemTotal:        1844596 kB
MemFree:         1261012 kB
MemAvailable:    1530520 kB
Buffers:           53560 kB
Cached:           338260 kB
MemTotal:        1844596 kB
MemFree:         1261844 kB
MemAvailable:    1531352 kB
Buffers:           53560 kB
Cached:           338260 kB
MemTotal:        1844596 kB
MemFree:         1261928 kB
MemAvailable:    1531436 kB
Buffers:           53560 kB
Cached:           338260 kB
MemTotal:        1844596 kB
MemFree:         1261816 kB
MemAvailable:    1531324 kB
Buffers:           53560 kB
Cached:           338260 kB
MemTotal:        1844596 kB
MemFree:         1261732 kB
MemAvailable:    1531240 kB
Buffers:           53560 kB
Cached:           338260 kB
MemTotal:        1844596 kB
MemFree:         1261136 kB
MemAvailable:    1530644 kB
Buffers:           53560 kB
Cached:           338260 kB
MemTotal:        1844596 kB
MemFree:         1261632 kB
MemAvailable:    1531140 kB
Buffers:           53560 kB
Cached:           338260 kB
MemTotal:        1844596 kB
MemFree:         1261564 kB
MemAvailable:    1531072 kB
Buffers:           53560 kB
Cached:           338260 kB
MemTotal:        1844596 kB
MemFree:         1260996 kB
MemAvailable:    1530504 kB
Buffers:           53560 kB
Cached:           338260 kB
MemTotal:        1844596 kB
MemFree:         1261384 kB
MemAvailable:    1530896 kB
Buffers:           53560 kB
Cached:           338264 kB
MemTotal:        1844596 kB
MemFree:         1260020 kB
MemAvailable:    1529532 kB
Buffers:           53560 kB
Cached:           338264 kB
MemTotal:        1844596 kB
MemFree:         1260644 kB
MemAvailable:    1530156 kB
Buffers:           53560 kB
Cached:           338264 kB
MemTotal:        1844596 kB
MemFree:         1260564 kB
MemAvailable:    1530076 kB
Buffers:           53560 kB
Cached:           338264 kB
MemTotal:        1844596 kB
MemFree:         1260848 kB
MemAvailable:    1530360 kB
Buffers:           53560 kB
Cached:           338264 kB
MemTotal:        1844596 kB
MemFree:         1260740 kB
MemAvailable:    1530252 kB
Buffers:           53560 kB
Cached:           338264 kB
MemTotal:        1844596 kB
MemFree:         1260740 kB
MemAvailable:    1530252 kB
Buffers:           53560 kB
Cached:           338264 kB
MemTotal:        1844596 kB
MemFree:         1260944 kB
MemAvailable:    1530456 kB
Buffers:           53560 kB
Cached:           338264 kB
MemTotal:        1844596 kB
MemFree:         1260652 kB
MemAvailable:    1530164 kB
Buffers:           53560 kB
Cached:           338264 kB
MemTotal:        1844596 kB
MemFree:         1260652 kB
MemAvailable:    1530164 kB
Buffers:           53560 kB
Cached:           338264 kB
MemTotal:        1844596 kB
MemFree:         1260800 kB
MemAvailable:    1530312 kB
Buffers:           53560 kB
Cached:           338264 kB
MemTotal:        1844596 kB
MemFree:         1260696 kB
MemAvailable:    1530208 kB
Buffers:           53560 kB
Cached:           338264 kB
MemTotal:        1844596 kB
MemFree:         1260948 kB
MemAvailable:    1530460 kB
Buffers:           53560 kB
Cached:           338264 kB
MemTotal:        1844596 kB
MemFree:         1260368 kB
MemAvailable:    1529880 kB
Buffers:           53560 kB
Cached:           338264 kB
MemTotal:        1844596 kB
MemFree:         1260368 kB
MemAvailable:    1529880 kB
Buffers:           53560 kB
Cached:           338264 kB
MemTotal:        1844596 kB
MemFree:         1260252 kB
MemAvailable:    1529764 kB
Buffers:           53560 kB
Cached:           338264 kB
MemTotal:        1844596 kB
MemFree:         1260372 kB
MemAvailable:    1529896 kB
Buffers:           53560 kB
Cached:           338272 kB
MemTotal:        1844596 kB
MemFree:         1259028 kB
MemAvailable:    1528552 kB
Buffers:           53560 kB
Cached:           338272 kB
MemTotal:        1844596 kB
MemFree:         1259268 kB
MemAvailable:    1528792 kB
Buffers:           53560 kB
Cached:           338272 kB
MemTotal:        1844596 kB
MemFree:         1258896 kB
MemAvailable:    1528420 kB
Buffers:           53560 kB
Cached:           338272 kB
MemTotal:        1844596 kB
MemFree:         1260204 kB
MemAvailable:    1529728 kB
Buffers:           53560 kB
Cached:           338272 kB
MemTotal:        1844596 kB
MemFree:         1259948 kB
MemAvailable:    1529472 kB
Buffers:           53560 kB
Cached:           338272 kB
MemTotal:        1844596 kB
MemFree:         1259028 kB
MemAvailable:    1528552 kB
Buffers:           53560 kB
Cached:           338272 kB
MemTotal:        1844596 kB
MemFree:         1259820 kB
MemAvailable:    1529344 kB
Buffers:           53560 kB
Cached:           338272 kB
MemTotal:        1844596 kB
MemFree:         1260028 kB
MemAvailable:    1529552 kB
Buffers:           53560 kB
Cached:           338272 kB
MemTotal:        1844596 kB
MemFree:         1259900 kB
MemAvailable:    1529424 kB
Buffers:           53560 kB
Cached:           338272 kB
MemTotal:        1844596 kB
MemFree:         1259624 kB
MemAvailable:    1529148 kB
Buffers:           53560 kB
Cached:           338272 kB
MemTotal:        1844596 kB
MemFree:         1259960 kB
MemAvailable:    1529484 kB
Buffers:           53560 kB
Cached:           338272 kB
MemTotal:        1844596 kB
MemFree:         1258484 kB
MemAvailable:    1528008 kB
Buffers:           53560 kB
Cached:           338272 kB
MemTotal:        1844596 kB
MemFree:         1259912 kB
MemAvailable:    1529436 kB
Buffers:           53560 kB
Cached:           338272 kB
MemTotal:        1844596 kB
MemFree:         1256548 kB
MemAvailable:    1526072 kB
Buffers:           53560 kB
Cached:           338272 kB
MemTotal:        1844596 kB
MemFree:         1253076 kB
MemAvailable:    1522600 kB
Buffers:           53560 kB
Cached:           338272 kB
MemTotal:        1844596 kB
MemFree:         1252440 kB
MemAvailable:    1521964 kB
Buffers:           53560 kB
Cached:           338272 kB
MemTotal:        1844596 kB
MemFree:         1252208 kB
MemAvailable:    1521732 kB
Buffers:           53560 kB
Cached:           338272 kB
MemTotal:        1844596 kB
MemFree:         1251920 kB
MemAvailable:    1521444 kB
Buffers:           53560 kB
Cached:           338272 kB
MemTotal:        1844596 kB
MemFree:         1251896 kB
MemAvailable:    1521420 kB
Buffers:           53560 kB
Cached:           338272 kB
MemTotal:        1844596 kB
MemFree:         1251928 kB
MemAvailable:    1521452 kB
Buffers:           53560 kB
Cached:           338272 kB
MemTotal:        1844596 kB
MemFree:         1251208 kB
MemAvailable:    1520732 kB
Buffers:           53560 kB
Cached:           338272 kB
MemTotal:        1844596 kB
MemFree:         1251876 kB
MemAvailable:    1521400 kB
Buffers:           53560 kB
Cached:           338272 kB
MemTotal:        1844596 kB
MemFree:         1251876 kB
MemAvailable:    1521400 kB
Buffers:           53560 kB
Cached:           338272 kB
MemTotal:        1844596 kB
MemFree:         1250564 kB
MemAvailable:    1520088 kB
Buffers:           53560 kB
Cached:           338272 kB
MemTotal:        1844596 kB
MemFree:         1251936 kB
MemAvailable:    1521460 kB
Buffers:           53560 kB
Cached:           338272 kB
MemTotal:        1844596 kB
MemFree:         1251932 kB
MemAvailable:    1521456 kB
Buffers:           53560 kB
Cached:           338272 kB
MemTotal:        1844596 kB
MemFree:         1252048 kB
MemAvailable:    1521572 kB
Buffers:           53560 kB
Cached:           338272 kB
MemTotal:        1844596 kB
MemFree:         1251736 kB
MemAvailable:    1521260 kB
Buffers:           53560 kB
Cached:           338272 kB
MemTotal:        1844596 kB
MemFree:         1251704 kB
MemAvailable:    1521228 kB
Buffers:           53560 kB
Cached:           338272 kB
MemTotal:        1844596 kB
MemFree:         1251792 kB
MemAvailable:    1521316 kB
Buffers:           53560 kB
Cached:           338272 kB
MemTotal:        1844596 kB
MemFree:         1251940 kB
MemAvailable:    1521464 kB
Buffers:           53560 kB
Cached:           338272 kB
MemTotal:        1844596 kB
MemFree:         1250436 kB
MemAvailable:    1519960 kB
Buffers:           53560 kB
Cached:           338272 kB
MemTotal:        1844596 kB
MemFree:         1251340 kB
MemAvailable:    1520864 kB
Buffers:           53560 kB
Cached:           338272 kB
MemTotal:        1844596 kB
MemFree:         1250836 kB
MemAvailable:    1520360 kB
Buffers:           53560 kB
Cached:           338272 kB
MemTotal:        1844596 kB
MemFree:         1250960 kB
MemAvailable:    1520484 kB
Buffers:           53560 kB
Cached:           338272 kB
MemTotal:        1844596 kB
MemFree:         1250572 kB
MemAvailable:    1520096 kB
Buffers:           53560 kB
Cached:           338272 kB
MemTotal:        1844596 kB
MemFree:         1249308 kB
MemAvailable:    1518832 kB
Buffers:           53560 kB
Cached:           338272 kB
MemTotal:        1844596 kB
MemFree:         1248804 kB
MemAvailable:    1518328 kB
Buffers:           53560 kB
Cached:           338272 kB
MemTotal:        1844596 kB
MemFree:         1249084 kB
MemAvailable:    1518608 kB
Buffers:           53560 kB
Cached:           338272 kB
MemTotal:        1844596 kB
MemFree:         1249084 kB
MemAvailable:    1518608 kB
Buffers:           53560 kB
Cached:           338272 kB
MemTotal:        1844596 kB
MemFree:         1248972 kB
MemAvailable:    1518496 kB
Buffers:           53560 kB
Cached:           338272 kB
MemTotal:        1844596 kB
MemFree:         1248464 kB
MemAvailable:    1517988 kB
Buffers:           53560 kB
Cached:           338272 kB
MemTotal:        1844596 kB
MemFree:         1248716 kB
MemAvailable:    1518240 kB
Buffers:           53560 kB
Cached:           338272 kB
MemTotal:        1844596 kB
MemFree:         1248480 kB
MemAvailable:    1518004 kB
Buffers:           53560 kB
Cached:           338272 kB
MemTotal:        1844596 kB
MemFree:         1247976 kB
MemAvailable:    1517500 kB
Buffers:           53560 kB
Cached:           338272 kB
MemTotal:        1844596 kB
MemFree:         1247976 kB
MemAvailable:    1517500 kB
Buffers:           53560 kB
Cached:           338272 kB
MemTotal:        1844596 kB
MemFree:         1248000 kB
MemAvailable:    1517524 kB
Buffers:           53560 kB
Cached:           338272 kB
MemTotal:        1844596 kB
MemFree:         1246568 kB
MemAvailable:    1516092 kB
Buffers:           53560 kB
Cached:           338272 kB
MemTotal:        1844596 kB
MemFree:         1247868 kB
MemAvailable:    1517392 kB
Buffers:           53560 kB
Cached:           338272 kB
MemTotal:        1844596 kB
MemFree:         1247808 kB
MemAvailable:    1517332 kB
Buffers:           53560 kB
Cached:           338272 kB
MemTotal:        1844596 kB
MemFree:         1247960 kB
MemAvailable:    1517484 kB
Buffers:           53560 kB
Cached:           338272 kB
MemTotal:        1844596 kB
MemFree:         1247960 kB
MemAvailable:    1517484 kB
Buffers:           53560 kB
Cached:           338272 kB
MemTotal:        1844596 kB
MemFree:         1247604 kB
MemAvailable:    1517128 kB
Buffers:           53560 kB
Cached:           338272 kB
MemTotal:        1844596 kB
MemFree:         1247496 kB
MemAvailable:    1517020 kB
Buffers:           53560 kB
Cached:           338272 kB
MemTotal:        1844596 kB
MemFree:         1247176 kB
MemAvailable:    1516700 kB
Buffers:           53560 kB
Cached:           338272 kB
MemTotal:        1844596 kB
MemFree:         1247344 kB
MemAvailable:    1516868 kB
Buffers:           53560 kB
Cached:           338272 kB
MemTotal:        1844596 kB
MemFree:         1241156 kB
MemAvailable:    1510680 kB
Buffers:           53564 kB
Cached:           338268 kB
MemTotal:        1844596 kB
MemFree:         1241492 kB
MemAvailable:    1511016 kB
Buffers:           53564 kB
Cached:           338268 kB
MemTotal:        1844596 kB
MemFree:         1241048 kB
MemAvailable:    1510740 kB
Buffers:           53564 kB
Cached:           338392 kB
MemTotal:        1844596 kB
MemFree:         1239676 kB
MemAvailable:    1509368 kB
Buffers:           53564 kB
Cached:           338516 kB
MemTotal:        1844596 kB
MemFree:         1239684 kB
MemAvailable:    1509544 kB
Buffers:           53564 kB
Cached:           338640 kB
MemTotal:        1844596 kB
MemFree:         1240488 kB
MemAvailable:    1510516 kB
Buffers:           53564 kB
Cached:           338888 kB
MemTotal:        1844596 kB
MemFree:         1240760 kB
MemAvailable:    1510872 kB
Buffers:           53564 kB
Cached:           338888 kB
MemTotal:        1844596 kB
MemFree:         1239436 kB
MemAvailable:    1509548 kB
Buffers:           53564 kB
Cached:           338888 kB
MemTotal:        1844596 kB
MemFree:         1240476 kB
MemAvailable:    1510588 kB
Buffers:           53564 kB
Cached:           338888 kB
MemTotal:        1844596 kB
MemFree:         1238996 kB
MemAvailable:    1509108 kB
Buffers:           53564 kB
Cached:           338888 kB
MemTotal:        1844596 kB
MemFree:         1239800 kB
MemAvailable:    1509912 kB
Buffers:           53564 kB
Cached:           338888 kB
MemTotal:        1844596 kB
MemFree:         1240176 kB
MemAvailable:    1510288 kB
Buffers:           53564 kB
Cached:           338888 kB
MemTotal:        1844596 kB
MemFree:         1240184 kB
MemAvailable:    1510296 kB
Buffers:           53564 kB
Cached:           338888 kB
MemTotal:        1844596 kB
MemFree:         1239056 kB
MemAvailable:    1509168 kB
Buffers:           53564 kB
Cached:           338888 kB
MemTotal:        1844596 kB
MemFree:         1240368 kB
MemAvailable:    1510480 kB
Buffers:           53564 kB
Cached:           338888 kB
MemTotal:        1844596 kB
MemFree:         1240620 kB
MemAvailable:    1510732 kB
Buffers:           53564 kB
Cached:           338888 kB
MemTotal:        1844596 kB
MemFree:         1240644 kB
MemAvailable:    1510168 kB
Buffers:           53564 kB
Cached:           338340 kB
MemTotal:        1844596 kB
MemFree:         1240896 kB
MemAvailable:    1510420 kB
Buffers:           53564 kB
Cached:           338340 kB
MemTotal:        1844596 kB
MemFree:         1309520 kB
MemAvailable:    1579044 kB
Buffers:           53564 kB
Cached:           338340 kB
