MemTotal:        1844596 kB
MemFree:         1523900 kB
MemAvailable:    1571876 kB
Buffers:           26516 kB
Cached:           154888 kB
MemTotal:        1844596 kB
MemFree:         1523032 kB
MemAvailable:    1571008 kB
Buffers:           26516 kB
Cached:           154888 kB
MemTotal:        1844596 kB
MemFree:         1519180 kB
MemAvailable:    1567156 kB
Buffers:           26516 kB
Cached:           154888 kB
MemTotal:        1844596 kB
MemFree:         1518328 kB
MemAvailable:    1566304 kB
Buffers:           26516 kB
Cached:           154888 kB
MemTotal:        1844596 kB
MemFree:         1517824 kB
MemAvailable:    1565800 kB
Buffers:           26516 kB
Cached:           154888 kB
MemTotal:        1844596 kB
MemFree:         1517204 kB
MemAvailable:    1565180 kB
Buffers:           26516 kB
Cached:           154888 kB
MemTotal:        1844596 kB
MemFree:         1514592 kB
MemAvailable:    1562568 kB
Buffers:           26516 kB
Cached:           154888 kB
MemTotal:        1844596 kB
MemFree:         1513988 kB
MemAvailable:    1561964 kB
Buffers:           26516 kB
Cached:           154888 kB
MemTotal:        1844596 kB
MemFree:         1509632 kB
MemAvailable:    1557608 kB
Buffers:           26516 kB
Cached:           154888 kB
MemTotal:        1844596 kB
MemFree:         1509028 kB
MemAvailable:    1557004 kB
Buffers:           26516 kB
Cached:           154888 kB
MemTotal:        1844596 kB
MemFree:         1507752 kB
MemAvailable:    1555728 kB
Buffers:           26516 kB
Cached:           154888 kB
MemTotal:        1844596 kB
MemFree:         1509112 kB
MemAvailable:    1557088 kB
Buffers:           26516 kB
Cached:           154888 kB
MemTotal:        1844596 kB
MemFree:         1508408 kB
MemAvailable:    1556384 kB
Buffers:           26516 kB
Cached:           154888 kB
MemTotal:        1844596 kB
MemFree:         1509260 kB
MemAvailable:    1557240 kB
Buffers:           26516 kB
Cached:           154892 kB
MemTotal:        1844596 kB
MemFree:         1509512 kB
MemAvailable:    1557492 kB
Buffers:           26516 kB
Cached:           154892 kB
MemTotal:        1844596 kB
MemFree:         1507912 kB
MemAvailable:    1555892 kB
Buffers:           26516 kB
Cached:           154892 kB
MemTotal:        1844596 kB
MemFree:         1508708 kB
MemAvailable:    1556688 kB
Buffers:           26516 kB
Cached:           154892 kB
MemTotal:        1844596 kB
MemFree:         1507168 kB
MemAvailable:    1555148 kB
Buffers:           26516 kB
Cached:           154892 kB
MemTotal:        1844596 kB
MemFree:         1506904 kB
MemAvailable:    1554884 kB
Buffers:           26516 kB
Cached:           154892 kB
MemTotal:        1844596 kB
MemFree:         1506120 kB
MemAvailable:    1554100 kB
Buffers:           26516 kB
Cached:           154892 kB
MemTotal:        1844596 kB
MemFree:         1506980 kB
MemAvailable:    1554960 kB
Buffers:           26516 kB
Cached:           154892 kB
MemTotal:        1844596 kB
MemFree:         1505548 kB
MemAvailable:    1553528 kB
Buffers:           26516 kB
Cached:           154892 kB
MemTotal:        1844596 kB
MemFree:         1505540 kB
MemAvailable:    1553520 kB
Buffers:           26516 kB
Cached:           154892 kB
MemTotal:        1844596 kB
MemFree:         1506772 kB
MemAvailable:    1554752 kB
Buffers:           26516 kB
Cached:           154892 kB
MemTotal:        1844596 kB
MemFree:         1506772 kB
MemAvailable:    1554752 kB
Buffers:           26516 kB
Cached:           154892 kB
MemTotal:        1844596 kB
MemFree:         1505404 kB
MemAvailable:    1553384 kB
Buffers:           26516 kB
Cached:           154892 kB
MemTotal:        1844596 kB
MemFree:         1506448 kB
MemAvailable:    1554428 kB
Buffers:           26516 kB
Cached:           154892 kB
MemTotal:        1844596 kB
MemFree:         1506708 kB
MemAvailable:    1554688 kB
Buffers:           26516 kB
Cached:           154892 kB
MemTotal:        1844596 kB
MemFree:         1507940 kB
MemAvailable:    1555920 kB
Buffers:           26516 kB
Cached:           154892 kB
MemTotal:        1844596 kB
MemFree:         1508112 kB
MemAvailable:    1556092 kB
Buffers:           26516 kB
Cached:           154892 kB
MemTotal:        1844596 kB
MemFree:         1507152 kB
MemAvailable:    1555132 kB
Buffers:           26516 kB
Cached:           154892 kB
MemTotal:        1844596 kB
MemFree:         1506796 kB
MemAvailable:    1554776 kB
Buffers:           26516 kB
Cached:           154892 kB
MemTotal:        1844596 kB
MemFree:         1505120 kB
MemAvailable:    1553104 kB
Buffers:           26516 kB
Cached:           154896 kB
MemTotal:        1844596 kB
MemFree:         1504624 kB
MemAvailable:    1552608 kB
Buffers:           26516 kB
Cached:           154896 kB
MemTotal:        1844596 kB
MemFree:         1503680 kB
MemAvailable:    1551664 kB
Buffers:           26516 kB
Cached:           154896 kB
MemTotal:        1844596 kB
MemFree:         1503892 kB
MemAvailable:    1551876 kB
Buffers:           26516 kB
Cached:           154896 kB
MemTotal:        1844596 kB
MemFree:         1503508 kB
MemAvailable:    1551492 kB
Buffers:           26516 kB
Cached:           154896 kB
MemTotal:        1844596 kB
MemFree:         1502556 kB
MemAvailable:    1550540 kB
Buffers:           26516 kB
Cached:           154896 kB
MemTotal:        1844596 kB
MemFree:         1502556 kB
MemAvailable:    1550540 kB
Buffers:           26516 kB
Cached:           154896 kB
MemTotal:        1844596 kB
MemFree:         1502436 kB
MemAvailable:    1550420 kB
Buffers:           26516 kB
Cached:           154896 kB
MemTotal:        1844596 kB
MemFree:         1501272 kB
MemAvailable:    1549256 kB
Buffers:           26516 kB
Cached:           154896 kB
MemTotal:        1844596 kB
MemFree:         1502256 kB
MemAvailable:    1550240 kB
Buffers:           26516 kB
Cached:           154896 kB
MemTotal:        1844596 kB
MemFree:         1501016 kB
MemAvailable:    1549000 kB
Buffers:           26516 kB
Cached:           154896 kB
MemTotal:        1844596 kB
MemFree:         1502256 kB
MemAvailable:    1550240 kB
Buffers:           26516 kB
Cached:           154896 kB
MemTotal:        1844596 kB
MemFree:         1501092 kB
MemAvailable:    1549076 kB
Buffers:           26516 kB
Cached:           154896 kB
MemTotal:        1844596 kB
MemFree:         1501688 kB
MemAvailable:    1549672 kB
Buffers:           26516 kB
Cached:           154896 kB
MemTotal:        1844596 kB
MemFree:         1501688 kB
MemAvailable:    1549672 kB
Buffers:           26516 kB
Cached:           154896 kB
MemTotal:        1844596 kB
MemFree:         1501376 kB
MemAvailable:    1549360 kB
Buffers:           26516 kB
Cached:           154896 kB
MemTotal:        1844596 kB
MemFree:         1501344 kB
MemAvailable:    1549328 kB
Buffers:           26516 kB
Cached:           154896 kB
MemTotal:        1844596 kB
MemFree:         1500548 kB
MemAvailable:    1548532 kB
Buffers:           26516 kB
Cached:           154896 kB
MemTotal:        1844596 kB
MemFree:         1500092 kB
MemAvailable:    1548076 kB
Buffers:           26516 kB
Cached:           154896 kB
MemTotal:        1844596 kB
MemFree:         1500224 kB
MemAvailable:    1548208 kB
Buffers:           26516 kB
Cached:           154896 kB
MemTotal:        1844596 kB
MemFree:         1500472 kB
MemAvailable:    1548456 kB
Buffers:           26516 kB
Cached:           154896 kB
MemTotal:        1844596 kB
MemFree:         1500224 kB
MemAvailable:    1548208 kB
Buffers:           26516 kB
Cached:           154896 kB
MemTotal:        1844596 kB
MemFree:         1500044 kB
MemAvailable:    1548028 kB
Buffers:           26516 kB
Cached:           154896 kB
MemTotal:        1844596 kB
MemFree:         1501144 kB
MemAvailable:    1549128 kB
Buffers:           26516 kB
Cached:           154896 kB
MemTotal:        1844596 kB
MemFree:         1501400 kB
MemAvailable:    1549384 kB
Buffers:           26516 kB
Cached:           154896 kB
MemTotal:        1844596 kB
MemFree:         1501328 kB
MemAvailable:    1549312 kB
Buffers:           26516 kB
Cached:           154896 kB
MemTotal:        1844596 kB
MemFree:         1501076 kB
MemAvailable:    1549060 kB
Buffers:           26516 kB
Cached:           154896 kB
MemTotal:        1844596 kB
MemFree:         1501160 kB
MemAvailable:    1549144 kB
Buffers:           26516 kB
Cached:           154896 kB
MemTotal:        1844596 kB
MemFree:         1500772 kB
MemAvailable:    1548756 kB
Buffers:           26516 kB
Cached:           154896 kB
MemTotal:        1844596 kB
MemFree:         1501024 kB
MemAvailable:    1549008 kB
Buffers:           26516 kB
Cached:           154896 kB
MemTotal:        1844596 kB
MemFree:         1499540 kB
MemAvailable:    1547524 kB
Buffers:           26516 kB
Cached:           154896 kB
MemTotal:        1844596 kB
MemFree:         1500840 kB
MemAvailable:    1548824 kB
Buffers:           26516 kB
Cached:           154896 kB
MemTotal:        1844596 kB
MemFree:         1500796 kB
MemAvailable:    1548780 kB
Buffers:           26516 kB
Cached:           154896 kB
MemTotal:        1844596 kB
MemFree:         1500408 kB
MemAvailable:    1548392 kB
Buffers:           26516 kB
Cached:           154896 kB
MemTotal:        1844596 kB
MemFree:         1500408 kB
MemAvailable:    1548392 kB
Buffers:           26516 kB
Cached:           154896 kB
MemTotal:        1844596 kB
MemFree:         1500572 kB
MemAvailable:    1548556 kB
Buffers:           26516 kB
Cached:           154896 kB
MemTotal:        1844596 kB
MemFree:         1500644 kB
MemAvailable:    1548628 kB
Buffers:           26516 kB
Cached:           154896 kB
MemTotal:        1844596 kB
MemFree:         1500100 kB
MemAvailable:    1548084 kB
Buffers:           26516 kB
Cached:           154896 kB
MemTotal:        1844596 kB
MemFree:         1500276 kB
MemAvailable:    1548260 kB
Buffers:           26516 kB
Cached:           154896 kB
MemTotal:        1844596 kB
MemFree:         1500528 kB
MemAvailable:    1548512 kB
Buffers:           26516 kB
Cached:           154896 kB
MemTotal:        1844596 kB
MemFree:         1500524 kB
MemAvailable:    1548508 kB
Buffers:           26516 kB
Cached:           154896 kB
MemTotal:        1844596 kB
MemFree:         1498672 kB
MemAvailable:    1546656 kB
Buffers:           26516 kB
Cached:           154896 kB
MemTotal:        1844596 kB
MemFree:         1497240 kB
MemAvailable:    1545224 kB
Buffers:           26516 kB
Cached:           154896 kB
MemTotal:        1844596 kB
MemFree:         1493512 kB
MemAvailable:    1541496 kB
Buffers:           26516 kB
Cached:           154896 kB
MemTotal:        1844596 kB
MemFree:         1493516 kB
MemAvailable:    1541500 kB
Buffers:           26516 kB
Cached:           154896 kB
MemTotal:        1844596 kB
MemFree:         1492024 kB
MemAvailable:    1540008 kB
Buffers:           26516 kB
Cached:           154896 kB
MemTotal:        1844596 kB
MemFree:         1492644 kB
MemAvailable:    1540628 kB
Buffers:           26516 kB
Cached:           154896 kB
MemTotal:        1844596 kB
MemFree:         1492728 kB
MemAvailable:    1540712 kB
Buffers:           26516 kB
Cached:           154896 kB
MemTotal:        1844596 kB
MemFree:         1492384 kB
MemAvailable:    1540368 kB
Buffers:           26516 kB
Cached:           154896 kB
MemTotal:        1844596 kB
MemFree:         1492636 kB
MemAvailable:    1540620 kB
Buffers:           26516 kB
Cached:           154896 kB
MemTotal:        1844596 kB
MemFree:         1492468 kB
MemAvailable:    1540452 kB
Buffers:           26516 kB
Cached:           154896 kB
MemTotal:        1844596 kB
MemFree:         1492468 kB
MemAvailable:    1540452 kB
Buffers:           26516 kB
Cached:           154896 kB
MemTotal:        1844596 kB
MemFree:         1492376 kB
MemAvailable:    1540360 kB
Buffers:           26516 kB
Cached:           154896 kB
MemTotal:        1844596 kB
MemFree:         1492628 kB
MemAvailable:    1540612 kB
Buffers:           26516 kB
Cached:           154896 kB
MemTotal:        1844596 kB
MemFree:         1492376 kB
MemAvailable:    1540360 kB
Buffers:           26516 kB
Cached:           154896 kB
MemTotal:        1844596 kB
MemFree:         1492712 kB
MemAvailable:    1540696 kB
Buffers:           26516 kB
Cached:           154896 kB
MemTotal:        1844596 kB
MemFree:         1491268 kB
MemAvailable:    1539252 kB
Buffers:           26516 kB
Cached:           154896 kB
MemTotal:        1844596 kB
MemFree:         1491268 kB
MemAvailable:    1539252 kB
Buffers:           26516 kB
Cached:           154896 kB
MemTotal:        1844596 kB
MemFree:         1491260 kB
MemAvailable:    1539244 kB
Buffers:           26516 kB
Cached:           154896 kB
MemTotal:        1844596 kB
MemFree:         1492508 kB
MemAvailable:    1540492 kB
Buffers:           26516 kB
Cached:           154896 kB
MemTotal:        1844596 kB
MemFree:         1492040 kB
MemAvailable:    1540024 kB
Buffers:           26516 kB
Cached:           154896 kB
MemTotal:        1844596 kB
MemFree:         1492040 kB
MemAvailable:    1540024 kB
Buffers:           26516 kB
Cached:           154896 kB
MemTotal:        1844596 kB
MemFree:         1490552 kB
MemAvailable:    1538536 kB
Buffers:           26516 kB
Cached:           154896 kB
MemTotal:        1844596 kB
MemFree:         1491032 kB
MemAvailable:    1539016 kB
Buffers:           26516 kB
Cached:           154896 kB
MemTotal:        1844596 kB
MemFree:         1491032 kB
MemAvailable:    1539016 kB
Buffers:           26516 kB
Cached:           154896 kB
MemTotal:        1844596 kB
MemFree:         1490604 kB
MemAvailable:    1538588 kB
Buffers:           26516 kB
Cached:           154896 kB
MemTotal:        1844596 kB
MemFree:         1490604 kB
MemAvailable:    1538588 kB
Buffers:           26516 kB
Cached:           154896 kB
MemTotal:        1844596 kB
MemFree:         1489868 kB
MemAvailable:    1537852 kB
Buffers:           26516 kB
Cached:           154896 kB
MemTotal:        1844596 kB
MemFree:         1488560 kB
MemAvailable:    1536544 kB
Buffers:           26516 kB
Cached:           154896 kB
MemTotal:        1844596 kB
MemFree:         1489172 kB
MemAvailable:    1537156 kB
Buffers:           26516 kB
Cached:           154896 kB
MemTotal:        1844596 kB
MemFree:         1489172 kB
MemAvailable:    1537156 kB
Buffers:           26516 kB
Cached:           154896 kB
MemTotal:        1844596 kB
MemFree:         1487636 kB
MemAvailable:    1535620 kB
Buffers:           26516 kB
Cached:           154896 kB
MemTotal:        1844596 kB
MemFree:         1488188 kB
MemAvailable:    1536172 kB
Buffers:           26516 kB
Cached:           154896 kB
MemTotal:        1844596 kB
MemFree:         1488612 kB
MemAvailable:    1536596 kB
Buffers:           26516 kB
Cached:           154896 kB
MemTotal:        1844596 kB
MemFree:         1488948 kB
MemAvailable:    1536932 kB
Buffers:           26516 kB
Cached:           154896 kB
MemTotal:        1844596 kB
MemFree:         1488648 kB
MemAvailable:    1536632 kB
Buffers:           26516 kB
Cached:           154896 kB
MemTotal:        1844596 kB
MemFree:         1488648 kB
MemAvailable:    1536632 kB
Buffers:           26516 kB
Cached:           154896 kB
MemTotal:        1844596 kB
MemFree:         1488588 kB
MemAvailable:    1536576 kB
Buffers:           26516 kB
Cached:           154900 kB
MemTotal:        1844596 kB
MemFree:         1487532 kB
MemAvailable:    1535520 kB
Buffers:           26516 kB
Cached:           154900 kB
MemTotal:        1844596 kB
MemFree:         1488728 kB
MemAvailable:    1536720 kB
Buffers:           26516 kB
Cached:           154904 kB
MemTotal:        1844596 kB
MemFree:         1487948 kB
MemAvailable:    1535940 kB
Buffers:           26516 kB
Cached:           154904 kB
MemTotal:        1844596 kB
MemFree:         1488180 kB
MemAvailable:    1536172 kB
Buffers:           26516 kB
Cached:           154904 kB
MemTotal:        1844596 kB
MemFree:         1488516 kB
MemAvailable:    1536508 kB
Buffers:           26516 kB
Cached:           154904 kB
MemTotal:        1844596 kB
MemFree:         1488248 kB
MemAvailable:    1536240 kB
Buffers:           26516 kB
Cached:           154904 kB
MemTotal:        1844596 kB
MemFree:         1486700 kB
MemAvailable:    1534692 kB
Buffers:           26516 kB
Cached:           154904 kB
MemTotal:        1844596 kB
MemFree:         1483104 kB
MemAvailable:    1531096 kB
Buffers:           26516 kB
Cached:           154904 kB
MemTotal:        1844596 kB
MemFree:         1478452 kB
MemAvailable:    1526448 kB
Buffers:           26516 kB
Cached:           154908 kB
MemTotal:        1844596 kB
MemFree:         1478128 kB
MemAvailable:    1526208 kB
Buffers:           26516 kB
Cached:           155032 kB
MemTotal:        1844596 kB
MemFree:         1478128 kB
MemAvailable:    1526208 kB
Buffers:           26516 kB
Cached:           155032 kB
MemTotal:        1844596 kB
MemFree:         1477748 kB
MemAvailable:    1525996 kB
Buffers:           26516 kB
Cached:           155156 kB
MemTotal:        1844596 kB
MemFree:         1478084 kB
MemAvailable:    1526332 kB
Buffers:           26516 kB
Cached:           155156 kB
MemTotal:        1844596 kB
MemFree:         1476508 kB
MemAvailable:    1524840 kB
Buffers:           26516 kB
Cached:           155404 kB
MemTotal:        1844596 kB
MemFree:         1477816 kB
MemAvailable:    1526316 kB
Buffers:           26516 kB
Cached:           155528 kB
MemTotal:        1844596 kB
MemFree:         1477640 kB
MemAvailable:    1526140 kB
Buffers:           26516 kB
Cached:           155528 kB
MemTotal:        1844596 kB
MemFree:         1477640 kB
MemAvailable:    1526140 kB
Buffers:           26516 kB
Cached:           155528 kB
MemTotal:        1844596 kB
MemFree:         1477520 kB
MemAvailable:    1526104 kB
Buffers:           26516 kB
Cached:           155528 kB
MemTotal:        1844596 kB
MemFree:         1476540 kB
MemAvailable:    1525124 kB
Buffers:           26516 kB
Cached:           155528 kB
MemTotal:        1844596 kB
MemFree:         1477596 kB
MemAvailable:    1526180 kB
Buffers:           26516 kB
Cached:           155528 kB
MemTotal:        1844596 kB
MemFree:         1477480 kB
MemAvailable:    1526064 kB
Buffers:           26516 kB
Cached:           155528 kB
MemTotal:        1844596 kB
MemFree:         1477392 kB
MemAvailable:    1525976 kB
Buffers:           26516 kB
Cached:           155528 kB
MemTotal:        1844596 kB
MemFree:         1477392 kB
MemAvailable:    1525976 kB
Buffers:           26516 kB
Cached:           155528 kB
MemTotal:        1844596 kB
MemFree:         1476656 kB
MemAvailable:    1524904 kB
Buffers:           26516 kB
Cached:           155148 kB
MemTotal:        1844596 kB
MemFree:         1478088 kB
MemAvailable:    1526084 kB
Buffers:           26516 kB
Cached:           154896 kB
MemTotal:        1844596 kB
MemFree:         1478136 kB
MemAvailable:    1526132 kB
Buffers:           26516 kB
Cached:           154896 kB
MemTotal:        1844596 kB
MemFree:         1478388 kB
MemAvailable:    1526384 kB
Buffers:           26516 kB
Cached:           154896 kB
MemTotal:        1844596 kB
MemFree:         1478124 kB
MemAvailable:    1526120 kB
Buffers:           26516 kB
Cached:           154896 kB
MemTotal:        1844596 kB
MemFree:         1478152 kB
MemAvailable:    1526148 kB
Buffers:           26516 kB
Cached:           154896 kB
MemTotal:        1844596 kB
MemFree:         1476856 kB
MemAvailable:    1524852 kB
Buffers:           26516 kB
Cached:           154896 kB
MemTotal:        1844596 kB
MemFree:         1479660 kB
MemAvailable:    1527656 kB
Buffers:           26516 kB
Cached:           154896 kB
MemTotal:        1844596 kB
MemFree:         1479660 kB
MemAvailable:    1527656 kB
Buffers:           26516 kB
Cached:           154896 kB
MemTotal:        1844596 kB
MemFree:         1548608 kB
MemAvailable:    1596604 kB
Buffers:           26516 kB
Cached:           154896 kB
