MemTotal:        1844596 kB
MemFree:         1204544 kB
MemAvailable:    1542060 kB
Buffers:           60428 kB
Cached:           393400 kB
MemTotal:        1844596 kB
MemFree:         1203112 kB
MemAvailable:    1540628 kB
Buffers:           60428 kB
Cached:           393400 kB
MemTotal:        1844596 kB
MemFree:         1201128 kB
MemAvailable:    1538644 kB
Buffers:           60428 kB
Cached:           393400 kB
MemTotal:        1844596 kB
MemFree:         1200996 kB
MemAvailable:    1538512 kB
Buffers:           60428 kB
Cached:           393400 kB
MemTotal:        1844596 kB
MemFree:         1200956 kB
MemAvailable:    1538472 kB
Buffers:           60428 kB
Cached:           393400 kB
MemTotal:        1844596 kB
MemFree:         1200516 kB
MemAvailable:    1538032 kB
Buffers:           60428 kB
Cached:           393400 kB
MemTotal:        1844596 kB
MemFree:         1200136 kB
MemAvailable:    1537652 kB
Buffers:           60428 kB
Cached:           393400 kB
MemTotal:        1844596 kB
MemFree:         1195112 kB
MemAvailable:    1532628 kB
Buffers:           60428 kB
Cached:           393400 kB
MemTotal:        1844596 kB
MemFree:         1195112 kB
MemAvailable:    1532628 kB
Buffers:           60428 kB
Cached:           393400 kB
MemTotal:        1844596 kB
MemFree:         1190224 kB
MemAvailable:    1527740 kB
Buffers:           60428 kB
Cached:           393400 kB
MemTotal:        1844596 kB
MemFree:         1191196 kB
MemAvailable:    1528712 kB
Buffers:           60428 kB
Cached:           393400 kB
MemTotal:        1844596 kB
MemFree:         1189804 kB
MemAvailable:    1527320 kB
Buffers:           60428 kB
Cached:           393400 kB
MemTotal:        1844596 kB
MemFree:         1191152 kB
MemAvailable:    1528668 kB
Buffers:           60428 kB
Cached:           393400 kB
MemTotal:        1844596 kB
MemFree:         1190944 kB
MemAvailable:    1528460 kB
Buffers:           60428 kB
Cached:           393400 kB
MemTotal:        1844596 kB
MemFree:         1191084 kB
MemAvailable:    1528600 kB
Buffers:           60428 kB
Cached:           393400 kB
MemTotal:        1844596 kB
MemFree:         1190880 kB
MemAvailable:    1528396 kB
Buffers:           60428 kB
Cached:           393400 kB
MemTotal:        1844596 kB
MemFree:         1189564 kB
MemAvailable:    1527080 kB
Buffers:           60428 kB
Cached:           393400 kB
MemTotal:        1844596 kB
MemFree:         1188488 kB
MemAvailable:    1526004 kB
Buffers:           60428 kB
Cached:           393400 kB
MemTotal:        1844596 kB
MemFree:         1188796 kB
MemAvailable:    1526312 kB
Buffers:           60428 kB
Cached:           393400 kB
MemTotal:        1844596 kB
MemFree:         1187744 kB
MemAvailable:    1525260 kB
Buffers:           60428 kB
Cached:           393400 kB
MemTotal:        1844596 kB
MemFree:         1188612 kB
MemAvailable:    1526128 kB
Buffers:           60428 kB
Cached:           393400 kB
MemTotal:        1844596 kB
MemFree:         1188612 kB
MemAvailable:    1526128 kB
Buffers:           60428 kB
Cached:           393400 kB
MemTotal:        1844596 kB
MemFree:         1188632 kB
MemAvailable:    1526148 kB
Buffers:           60428 kB
Cached:           393400 kB
MemTotal:        1844596 kB
MemFree:         1188976 kB
MemAvailable:    1526492 kB
Buffers:           60428 kB
Cached:           393400 kB
MemTotal:        1844596 kB
MemFree:         1188532 kB
MemAvailable:    1526048 kB
Buffers:           60428 kB
Cached:           393400 kB
MemTotal:        1844596 kB
MemFree:         1188784 kB
MemAvailable:    1526300 kB
Buffers:           60428 kB
Cached:           393400 kB
MemTotal:        1844596 kB
MemFree:         1188644 kB
MemAvailable:    1526160 kB
Buffers:           60428 kB
Cached:           393400 kB
MemTotal:        1844596 kB
MemFree:         1187868 kB
MemAvailable:    1525384 kB
Buffers:           60428 kB
Cached:           393400 kB
MemTotal:        1844596 kB
MemFree:         1189996 kB
MemAvailable:    1527512 kB
Buffers:           60428 kB
Cached:           393400 kB
MemTotal:        1844596 kB
MemFree:         1190168 kB
MemAvailable:    1527684 kB
Buffers:           60428 kB
Cached:           393400 kB
MemTotal:        1844596 kB
MemFree:         1188588 kB
MemAvailable:    1526104 kB
Buffers:           60428 kB
Cached:           393400 kB
MemTotal:        1844596 kB
MemFree:         1188716 kB
MemAvailable:    1526232 kB
Buffers:           60428 kB
Cached:           393400 kB
MemTotal:        1844596 kB
MemFree:         1185124 kB
MemAvailable:    1522640 kB
Buffers:           60428 kB
Cached:           393400 kB
MemTotal:        1844596 kB
MemFree:         1185008 kB
MemAvailable:    1522524 kB
Buffers:           60428 kB
Cached:           393400 kB
MemTotal:        1844596 kB
MemFree:         1185696 kB
MemAvailable:    1523212 kB
Buffers:           60428 kB
Cached:           393400 kB
MemTotal:        1844596 kB
MemFree:         1185760 kB
MemAvailable:    1523276 kB
Buffers:           60428 kB
Cached:           393400 kB
MemTotal:        1844596 kB
MemFree:         1183776 kB
MemAvailable:    1521292 kB
Buffers:           60428 kB
Cached:           393400 kB
MemTotal:        1844596 kB
MemFree:         1184704 kB
MemAvailable:    1522220 kB
Buffers:           60428 kB
Cached:           393400 kB
MemTotal:        1844596 kB
MemFree:         1183396 kB
MemAvailable:    1520912 kB
Buffers:           60428 kB
Cached:           393400 kB
MemTotal:        1844596 kB
MemFree:         1184488 kB
MemAvailable:    1522004 kB
Buffers:           60428 kB
Cached:           393400 kB
MemTotal:        1844596 kB
MemFree:         1184488 kB
MemAvailable:    1522004 kB
Buffers:           60428 kB
Cached:           393400 kB
MemTotal:        1844596 kB
MemFree:         1183220 kB
MemAvailable:    1520736 kB
Buffers:           60428 kB
Cached:           393400 kB
MemTotal:        1844596 kB
MemFree:         1184264 kB
MemAvailable:    1521780 kB
Buffers:           60428 kB
Cached:           393400 kB
MemTotal:        1844596 kB
MemFree:         1183156 kB
MemAvailable:    1520672 kB
Buffers:           60428 kB
Cached:           393400 kB
MemTotal:        1844596 kB
MemFree:         1183904 kB
MemAvailable:    1521420 kB
Buffers:           60428 kB
Cached:           393400 kB
MemTotal:        1844596 kB
MemFree:         1183772 kB
MemAvailable:    1521288 kB
Buffers:           60428 kB
Cached:           393400 kB
MemTotal:        1844596 kB
MemFree:         1182596 kB
MemAvailable:    1520112 kB
Buffers:           60428 kB
Cached:           393400 kB
MemTotal:        1844596 kB
MemFree:         1182108 kB
MemAvailable:    1519624 kB
Buffers:           60428 kB
Cached:           393400 kB
MemTotal:        1844596 kB
MemFree:         1182100 kB
MemAvailable:    1519616 kB
Buffers:           60428 kB
Cached:           393400 kB
MemTotal:        1844596 kB
MemFree:         1183472 kB
MemAvailable:    1520988 kB
Buffers:           60428 kB
Cached:           393400 kB
MemTotal:        1844596 kB
MemFree:         1183324 kB
MemAvailable:    1520840 kB
Buffers:           60428 kB
Cached:           393400 kB
MemTotal:        1844596 kB
MemFree:         1183396 kB
MemAvailable:    1520912 kB
Buffers:           60428 kB
Cached:           393400 kB
MemTotal:        1844596 kB
MemFree:         1182092 kB
MemAvailable:    1519608 kB
Buffers:           60428 kB
Cached:           393400 kB
MemTotal:        1844596 kB
MemFree:         1182288 kB
MemAvailable:    1519812 kB
Buffers:           60428 kB
Cached:           393408 kB
MemTotal:        1844596 kB
MemFree:         1183588 kB
MemAvailable:    1521112 kB
Buffers:           60428 kB
Cached:           393408 kB
MemTotal:        1844596 kB
MemFree:         1183644 kB
MemAvailable:    1521168 kB
Buffers:           60428 kB
Cached:           393408 kB
MemTotal:        1844596 kB
MemFree:         1183340 kB
MemAvailable:    1520864 kB
Buffers:           60428 kB
Cached:           393408 kB
MemTotal:        1844596 kB
MemFree:         1183084 kB
MemAvailable:    1520608 kB
Buffers:           60428 kB
Cached:           393408 kB
MemTotal:        1844596 kB
MemFree:         1181652 kB
MemAvailable:    1519176 kB
Buffers:           60428 kB
Cached:           393408 kB
MemTotal:        1844596 kB
MemFree:         1181776 kB
MemAvailable:    1519300 kB
Buffers:           60428 kB
Cached:           393408 kB
MemTotal:        1844596 kB
MemFree:         1182844 kB
MemAvailable:    1520368 kB
Buffers:           60428 kB
Cached:           393408 kB
MemTotal:        1844596 kB
MemFree:         1181420 kB
MemAvailable:    1518944 kB
Buffers:           60428 kB
Cached:           393408 kB
MemTotal:        1844596 kB
MemFree:         1182596 kB
MemAvailable:    1520124 kB
Buffers:           60428 kB
Cached:           393412 kB
MemTotal:        1844596 kB
MemFree:         1182416 kB
MemAvailable:    1519944 kB
Buffers:           60428 kB
Cached:           393412 kB
MemTotal:        1844596 kB
MemFree:         1181164 kB
MemAvailable:    1518692 kB
Buffers:           60428 kB
Cached:           393412 kB
MemTotal:        1844596 kB
MemFree:         1181412 kB
MemAvailable:    1518940 kB
Buffers:           60428 kB
Cached:           393412 kB
MemTotal:        1844596 kB
MemFree:         1181372 kB
MemAvailable:    1518900 kB
Buffers:           60428 kB
Cached:           393412 kB
MemTotal:        1844596 kB
MemFree:         1182584 kB
MemAvailable:    1520112 kB
Buffers:           60428 kB
Cached:           393412 kB
MemTotal:        1844596 kB
MemFree:         1181276 kB
MemAvailable:    1518804 kB
Buffers:           60428 kB
Cached:           393412 kB
MemTotal:        1844596 kB
MemFree:         1181360 kB
MemAvailable:    1518888 kB
Buffers:           60428 kB
Cached:           393412 kB
MemTotal:        1844596 kB
MemFree:         1182344 kB
MemAvailable:    1519872 kB
Buffers:           60428 kB
Cached:           393412 kB
MemTotal:        1844596 kB
MemFree:         1181668 kB
MemAvailable:    1519196 kB
Buffers:           60428 kB
Cached:           393412 kB
MemTotal:        1844596 kB
MemFree:         1180224 kB
MemAvailable:    1517752 kB
Buffers:           60428 kB
Cached:           393412 kB
MemTotal:        1844596 kB
MemFree:         1178320 kB
MemAvailable:    1515848 kB
Buffers:           60428 kB
Cached:           393412 kB
MemTotal:        1844596 kB
MemFree:         1175776 kB
MemAvailable:    1513304 kB
Buffers:           60428 kB
Cached:           393412 kB
MemTotal:        1844596 kB
MemFree:         1174104 kB
MemAvailable:    1511632 kB
Buffers:           60428 kB
Cached:           393412 kB
MemTotal:        1844596 kB
MemFree:         1174824 kB
MemAvailable:    1512352 kB
Buffers:           60428 kB
Cached:           393412 kB
MemTotal:        1844596 kB
MemFree:         1174592 kB
MemAvailable:    1512120 kB
Buffers:           60428 kB
Cached:           393412 kB
MemTotal:        1844596 kB
MemFree:         1173336 kB
MemAvailable:    1510864 kB
Buffers:           60428 kB
Cached:           393412 kB
MemTotal:        1844596 kB
MemFree:         1173584 kB
MemAvailable:    1511112 kB
Buffers:           60432 kB
Cached:           393408 kB
MemTotal:        1844596 kB
MemFree:         1173584 kB
MemAvailable:    1511112 kB
Buffers:           60432 kB
Cached:           393408 kB
MemTotal:        1844596 kB
MemFree:         1173460 kB
MemAvailable:    1510988 kB
Buffers:           60432 kB
Cached:           393408 kB
MemTotal:        1844596 kB
MemFree:         1173928 kB
MemAvailable:    1511456 kB
Buffers:           60432 kB
Cached:           393408 kB
MemTotal:        1844596 kB
MemFree:         1174636 kB
MemAvailable:    1512164 kB
Buffers:           60432 kB
Cached:           393408 kB
MemTotal:        1844596 kB
MemFree:         1174804 kB
MemAvailable:    1512332 kB
Buffers:           60432 kB
Cached:           393408 kB
MemTotal:        1844596 kB
MemFree:         1174460 kB
MemAvailable:    1511988 kB
Buffers:           60432 kB
Cached:           393408 kB
MemTotal:        1844596 kB
MemFree:         1174460 kB
MemAvailable:    1511988 kB
Buffers:           60432 kB
Cached:           393408 kB
MemTotal:        1844596 kB
MemFree:         1174656 kB
MemAvailable:    1512184 kB
Buffers:           60432 kB
Cached:           393408 kB
MemTotal:        1844596 kB
MemFree:         1174364 kB
MemAvailable:    1511892 kB
Buffers:           60432 kB
Cached:           393408 kB
MemTotal:        1844596 kB
MemFree:         1173188 kB
MemAvailable:    1510716 kB
Buffers:           60432 kB
Cached:           393408 kB
MemTotal:        1844596 kB
MemFree:         1173096 kB
MemAvailable:    1510624 kB
Buffers:           60432 kB
Cached:           393408 kB
MemTotal:        1844596 kB
MemFree:         1172740 kB
MemAvailable:    1510268 kB
Buffers:           60432 kB
Cached:           393408 kB
MemTotal:        1844596 kB
MemFree:         1173544 kB
MemAvailable:    1511072 kB
Buffers:           60432 kB
Cached:           393408 kB
MemTotal:        1844596 kB
MemFree:         1173532 kB
MemAvailable:    1511060 kB
Buffers:           60432 kB
Cached:           393408 kB
MemTotal:        1844596 kB
MemFree:         1173360 kB
MemAvailable:    1510888 kB
Buffers:           60432 kB
Cached:           393408 kB
MemTotal:        1844596 kB
MemFree:         1171872 kB
MemAvailable:    1509400 kB
Buffers:           60432 kB
Cached:           393408 kB
MemTotal:        1844596 kB
MemFree:         1172928 kB
MemAvailable:    1510456 kB
Buffers:           60432 kB
Cached:           393408 kB
MemTotal:        1844596 kB
MemFree:         1171768 kB
MemAvailable:    1509296 kB
Buffers:           60432 kB
Cached:           393408 kB
MemTotal:        1844596 kB
MemFree:         1170872 kB
MemAvailable:    1508400 kB
Buffers:           60432 kB
Cached:           393408 kB
MemTotal:        1844596 kB
MemFree:         1171620 kB
MemAvailable:    1509148 kB
Buffers:           60432 kB
Cached:           393408 kB
MemTotal:        1844596 kB
MemFree:         1170188 kB
MemAvailable:    1507716 kB
Buffers:           60432 kB
Cached:           393408 kB
MemTotal:        1844596 kB
MemFree:         1170180 kB
MemAvailable:    1507708 kB
Buffers:           60432 kB
Cached:           393408 kB
MemTotal:        1844596 kB
MemFree:         1171156 kB
MemAvailable:    1508684 kB
Buffers:           60432 kB
Cached:           393408 kB
MemTotal:        1844596 kB
MemFree:         1171240 kB
MemAvailable:    1508768 kB
Buffers:           60432 kB
Cached:           393408 kB
MemTotal:        1844596 kB
MemFree:         1170732 kB
MemAvailable:    1508260 kB
Buffers:           60432 kB
Cached:           393408 kB
MemTotal:        1844596 kB
MemFree:         1170732 kB
MemAvailable:    1508260 kB
Buffers:           60432 kB
Cached:           393408 kB
MemTotal:        1844596 kB
MemFree:         1170644 kB
MemAvailable:    1508172 kB
Buffers:           60432 kB
Cached:           393408 kB
MemTotal:        1844596 kB
MemFree:         1170564 kB
MemAvailable:    1508092 kB
Buffers:           60432 kB
Cached:           393408 kB
MemTotal:        1844596 kB
MemFree:         1170616 kB
MemAvailable:    1508144 kB
Buffers:           60432 kB
Cached:           393408 kB
MemTotal:        1844596 kB
MemFree:         1170608 kB
MemAvailable:    1508136 kB
Buffers:           60432 kB
Cached:           393408 kB
MemTotal:        1844596 kB
MemFree:         1170860 kB
MemAvailable:    1508388 kB
Buffers:           60432 kB
Cached:           393408 kB
MemTotal:        1844596 kB
MemFree:         1170604 kB
MemAvailable:    1508132 kB
Buffers:           60432 kB
Cached:           393408 kB
MemTotal:        1844596 kB
MemFree:         1170260 kB
MemAvailable:    1507788 kB
Buffers:           60432 kB
Cached:           393408 kB
MemTotal:        1844596 kB
MemFree:         1170260 kB
MemAvailable:    1507788 kB
Buffers:           60432 kB
Cached:           393408 kB
MemTotal:        1844596 kB
MemFree:         1168888 kB
MemAvailable:    1506416 kB
Buffers:           60432 kB
Cached:           393408 kB
MemTotal:        1844596 kB
MemFree:         1166152 kB
MemAvailable:    1503680 kB
Buffers:           60432 kB
Cached:           393408 kB
MemTotal:        1844596 kB
MemFree:         1165920 kB
MemAvailable:    1503448 kB
Buffers:           60432 kB
Cached:           393408 kB
MemTotal:        1844596 kB
MemFree:         1159844 kB
MemAvailable:    1497372 kB
Buffers:           60432 kB
Cached:           393408 kB
MemTotal:        1844596 kB
MemFree:         1160960 kB
MemAvailable:    1498572 kB
Buffers:           60432 kB
Cached:           393532 kB
MemTotal:        1844596 kB
MemFree:         1160688 kB
MemAvailable:    1498468 kB
Buffers:           60432 kB
Cached:           393656 kB
MemTotal:        1844596 kB
MemFree:         1160688 kB
MemAvailable:    1498468 kB
Buffers:           60432 kB
Cached:           393656 kB
MemTotal:        1844596 kB
MemFree:         1160176 kB
MemAvailable:    1498124 kB
Buffers:           60432 kB
Cached:           393904 kB
MemTotal:        1844596 kB
MemFree:         1160512 kB
MemAvailable:    1498460 kB
Buffers:           60432 kB
Cached:           393904 kB
MemTotal:        1844596 kB
MemFree:         1160176 kB
MemAvailable:    1498292 kB
Buffers:           60432 kB
Cached:           394028 kB
MemTotal:        1844596 kB
MemFree:         1158936 kB
MemAvailable:    1497052 kB
Buffers:           60432 kB
Cached:           394028 kB
MemTotal:        1844596 kB
MemFree:         1160032 kB
MemAvailable:    1498148 kB
Buffers:           60432 kB
Cached:           394028 kB
MemTotal:        1844596 kB
MemFree:         1160032 kB
MemAvailable:    1498148 kB
Buffers:           60432 kB
Cached:           394028 kB
MemTotal:        1844596 kB
MemFree:         1159888 kB
MemAvailable:    1498004 kB
Buffers:           60432 kB
Cached:           394028 kB
MemTotal:        1844596 kB
MemFree:         1160140 kB
MemAvailable:    1498256 kB
Buffers:           60432 kB
Cached:           394028 kB
MemTotal:        1844596 kB
MemFree:         1160080 kB
MemAvailable:    1498240 kB
Buffers:           60432 kB
Cached:           394076 kB
MemTotal:        1844596 kB
MemFree:         1160332 kB
MemAvailable:    1498492 kB
Buffers:           60432 kB
Cached:           394076 kB
MemTotal:        1844596 kB
MemFree:         1159912 kB
MemAvailable:    1498072 kB
Buffers:           60432 kB
Cached:           394076 kB
MemTotal:        1844596 kB
MemFree:         1159464 kB
MemAvailable:    1497624 kB
Buffers:           60432 kB
Cached:           394076 kB
MemTotal:        1844596 kB
MemFree:         1199132 kB
MemAvailable:    1536756 kB
Buffers:           60432 kB
Cached:           393460 kB
MemTotal:        1844596 kB
MemFree:         1228888 kB
MemAvailable:    1566512 kB
Buffers:           60432 kB
Cached:           393460 kB
