MemTotal:        1844596 kB
MemFree:         1598248 kB
MemAvailable:    1587444 kB
Buffers:           19240 kB
Cached:           100628 kB
MemTotal:        1844596 kB
MemFree:         1595024 kB
MemAvailable:    1584224 kB
Buffers:           19240 kB
Cached:           100632 kB
MemTotal:        1844596 kB
MemFree:         1593908 kB
MemAvailable:    1583108 kB
Buffers:           19240 kB
Cached:           100632 kB
MemTotal:        1844596 kB
MemFree:         1592660 kB
MemAvailable:    1581860 kB
Buffers:           19240 kB
Cached:           100632 kB
MemTotal:        1844596 kB
MemFree:         1592472 kB
MemAvailable:    1581672 kB
Buffers:           19240 kB
Cached:           100632 kB
MemTotal:        1844596 kB
MemFree:         1591180 kB
MemAvailable:    1580380 kB
Buffers:           19240 kB
Cached:           100632 kB
MemTotal:        1844596 kB
MemFree:         1592160 kB
MemAvailable:    1581360 kB
Buffers:           19240 kB
Cached:           100632 kB
MemTotal:        1844596 kB
MemFree:         1590064 kB
MemAvailable:    1579264 kB
Buffers:           19240 kB
Cached:           100632 kB
MemTotal:        1844596 kB
MemFree:         1588700 kB
MemAvailable:    1577900 kB
Buffers:           19240 kB
Cached:           100632 kB
MemTotal:        1844596 kB
MemFree:         1585724 kB
MemAvailable:    1574924 kB
Buffers:           19240 kB
Cached:           100632 kB
MemTotal:        1844596 kB
MemFree:         1581368 kB
MemAvailable:    1570568 kB
Buffers:           19240 kB
Cached:           100632 kB
MemTotal:        1844596 kB
MemFree:         1581620 kB
MemAvailable:    1570820 kB
Buffers:           19240 kB
Cached:           100632 kB
MemTotal:        1844596 kB
MemFree:         1581128 kB
MemAvailable:    1570328 kB
Buffers:           19240 kB
Cached:           100632 kB
MemTotal:        1844596 kB
MemFree:         1582520 kB
MemAvailable:    1571720 kB
Buffers:           19240 kB
Cached:           100632 kB
MemTotal:        1844596 kB
MemFree:         1581632 kB
MemAvailable:    1570832 kB
Buffers:           19240 kB
Cached:           100632 kB
MemTotal:        1844596 kB
MemFree:         1582424 kB
MemAvailable:    1571624 kB
Buffers:           19240 kB
Cached:           100632 kB
MemTotal:        1844596 kB
MemFree:         1582092 kB
MemAvailable:    1571292 kB
Buffers:           19240 kB
Cached:           100632 kB
MemTotal:        1844596 kB
MemFree:         1582092 kB
MemAvailable:    1571292 kB
Buffers:           19240 kB
Cached:           100632 kB
MemTotal:        1844596 kB
MemFree:         1581244 kB
MemAvailable:    1570444 kB
Buffers:           19240 kB
Cached:           100632 kB
MemTotal:        1844596 kB
MemFree:         1581080 kB
MemAvailable:    1570280 kB
Buffers:           19248 kB
Cached:           100624 kB
MemTotal:        1844596 kB
MemFree:         1579400 kB
MemAvailable:    1568600 kB
Buffers:           19252 kB
Cached:           100620 kB
MemTotal:        1844596 kB
MemFree:         1580128 kB
MemAvailable:    1569328 kB
Buffers:           19252 kB
Cached:           100620 kB
MemTotal:        1844596 kB
MemFree:         1579736 kB
MemAvailable:    1568936 kB
Buffers:           19252 kB
Cached:           100620 kB
MemTotal:        1844596 kB
MemFree:         1580072 kB
MemAvailable:    1569272 kB
Buffers:           19252 kB
Cached:           100620 kB
MemTotal:        1844596 kB
MemFree:         1578496 kB
MemAvailable:    1567696 kB
Buffers:           19252 kB
Cached:           100620 kB
MemTotal:        1844596 kB
MemFree:         1578752 kB
MemAvailable:    1567952 kB
Buffers:           19252 kB
Cached:           100620 kB
MemTotal:        1844596 kB
MemFree:         1579928 kB
MemAvailable:    1569128 kB
Buffers:           19252 kB
Cached:           100620 kB
MemTotal:        1844596 kB
MemFree:         1579848 kB
MemAvailable:    1569048 kB
Buffers:           19252 kB
Cached:           100620 kB
MemTotal:        1844596 kB
MemFree:         1580100 kB
MemAvailable:    1569300 kB
Buffers:           19252 kB
Cached:           100620 kB
MemTotal:        1844596 kB
MemFree:         1581240 kB
MemAvailable:    1570440 kB
Buffers:           19252 kB
Cached:           100620 kB
MemTotal:        1844596 kB
MemFree:         1579896 kB
MemAvailable:    1569096 kB
Buffers:           19252 kB
Cached:           100620 kB
MemTotal:        1844596 kB
MemFree:         1581204 kB
MemAvailable:    1570404 kB
Buffers:           19252 kB
Cached:           100620 kB
MemTotal:        1844596 kB
MemFree:         1579956 kB
MemAvailable:    1569156 kB
Buffers:           19252 kB
Cached:           100620 kB
MemTotal:        1844596 kB
MemFree:         1577664 kB
MemAvailable:    1566864 kB
Buffers:           19252 kB
Cached:           100620 kB
MemTotal:        1844596 kB
MemFree:         1577840 kB
MemAvailable:    1567040 kB
Buffers:           19252 kB
Cached:           100620 kB
MemTotal:        1844596 kB
MemFree:         1576424 kB
MemAvailable:    1565624 kB
Buffers:           19252 kB
Cached:           100620 kB
MemTotal:        1844596 kB
MemFree:         1577112 kB
MemAvailable:    1566312 kB
Buffers:           19252 kB
Cached:           100620 kB
MemTotal:        1844596 kB
MemFree:         1577040 kB
MemAvailable:    1566240 kB
Buffers:           19252 kB
Cached:           100620 kB
MemTotal:        1844596 kB
MemFree:         1575608 kB
MemAvailable:    1564808 kB
Buffers:           19252 kB
Cached:           100620 kB
MemTotal:        1844596 kB
MemFree:         1575424 kB
MemAvailable:    1564624 kB
Buffers:           19252 kB
Cached:           100620 kB
MemTotal:        1844596 kB
MemFree:         1575780 kB
MemAvailable:    1564980 kB
Buffers:           19252 kB
Cached:           100620 kB
MemTotal:        1844596 kB
MemFree:         1576116 kB
MemAvailable:    1565316 kB
Buffers:           19252 kB
Cached:           100620 kB
MemTotal:        1844596 kB
MemFree:         1575976 kB
MemAvailable:    1565176 kB
Buffers:           19252 kB
Cached:           100620 kB
MemTotal:        1844596 kB
MemFree:         1574508 kB
MemAvailable:    1563708 kB
Buffers:           19252 kB
Cached:           100620 kB
MemTotal:        1844596 kB
MemFree:         1575732 kB
MemAvailable:    1564932 kB
Buffers:           19252 kB
Cached:           100620 kB
MemTotal:        1844596 kB
MemFree:         1574492 kB
MemAvailable:    1563692 kB
Buffers:           19252 kB
Cached:           100620 kB
MemTotal:        1844596 kB
MemFree:         1575616 kB
MemAvailable:    1564816 kB
Buffers:           19252 kB
Cached:           100620 kB
MemTotal:        1844596 kB
MemFree:         1575744 kB
MemAvailable:    1564944 kB
Buffers:           19252 kB
Cached:           100620 kB
MemTotal:        1844596 kB
MemFree:         1574068 kB
MemAvailable:    1563268 kB
Buffers:           19252 kB
Cached:           100620 kB
MemTotal:        1844596 kB
MemFree:         1573944 kB
MemAvailable:    1563144 kB
Buffers:           19252 kB
Cached:           100620 kB
MemTotal:        1844596 kB
MemFree:         1574904 kB
MemAvailable:    1564104 kB
Buffers:           19252 kB
Cached:           100620 kB
MemTotal:        1844596 kB
MemFree:         1574988 kB
MemAvailable:    1564188 kB
Buffers:           19252 kB
Cached:           100620 kB
MemTotal:        1844596 kB
MemFree:         1574652 kB
MemAvailable:    1563852 kB
Buffers:           19252 kB
Cached:           100620 kB
MemTotal:        1844596 kB
MemFree:         1574652 kB
MemAvailable:    1563852 kB
Buffers:           19252 kB
Cached:           100620 kB
MemTotal:        1844596 kB
MemFree:         1574660 kB
MemAvailable:    1563860 kB
Buffers:           19252 kB
Cached:           100620 kB
MemTotal:        1844596 kB
MemFree:         1574860 kB
MemAvailable:    1564060 kB
Buffers:           19252 kB
Cached:           100620 kB
MemTotal:        1844596 kB
MemFree:         1574548 kB
MemAvailable:    1563748 kB
Buffers:           19252 kB
Cached:           100620 kB
MemTotal:        1844596 kB
MemFree:         1574716 kB
MemAvailable:    1563916 kB
Buffers:           19252 kB
Cached:           100620 kB
MemTotal:        1844596 kB
MemFree:         1574688 kB
MemAvailable:    1563888 kB
Buffers:           19252 kB
Cached:           100620 kB
MemTotal:        1844596 kB
MemFree:         1574896 kB
MemAvailable:    1564096 kB
Buffers:           19252 kB
Cached:           100620 kB
MemTotal:        1844596 kB
MemFree:         1574076 kB
MemAvailable:    1563276 kB
Buffers:           19252 kB
Cached:           100620 kB
MemTotal:        1844596 kB
MemFree:         1574060 kB
MemAvailable:    1563264 kB
Buffers:           19252 kB
Cached:           100628 kB
MemTotal:        1844596 kB
MemFree:         1574792 kB
MemAvailable:    1563996 kB
Buffers:           19252 kB
Cached:           100628 kB
MemTotal:        1844596 kB
MemFree:         1573944 kB
MemAvailable:    1563148 kB
Buffers:           19252 kB
Cached:           100628 kB
MemTotal:        1844596 kB
MemFree:         1574164 kB
MemAvailable:    1563368 kB
Buffers:           19252 kB
Cached:           100628 kB
MemTotal:        1844596 kB
MemFree:         1574304 kB
MemAvailable:    1563508 kB
Buffers:           19252 kB
Cached:           100628 kB
MemTotal:        1844596 kB
MemFree:         1574192 kB
MemAvailable:    1563396 kB
Buffers:           19252 kB
Cached:           100628 kB
MemTotal:        1844596 kB
MemFree:         1573076 kB
MemAvailable:    1562280 kB
Buffers:           19252 kB
Cached:           100628 kB
MemTotal:        1844596 kB
MemFree:         1573952 kB
MemAvailable:    1563156 kB
Buffers:           19252 kB
Cached:           100628 kB
MemTotal:        1844596 kB
MemFree:         1573680 kB
MemAvailable:    1562884 kB
Buffers:           19252 kB
Cached:           100628 kB
MemTotal:        1844596 kB
MemFree:         1573932 kB
MemAvailable:    1563136 kB
Buffers:           19252 kB
Cached:           100628 kB
MemTotal:        1844596 kB
MemFree:         1573660 kB
MemAvailable:    1562864 kB
Buffers:           19252 kB
Cached:           100628 kB
MemTotal:        1844596 kB
MemFree:         1573996 kB
MemAvailable:    1563200 kB
Buffers:           19252 kB
Cached:           100628 kB
MemTotal:        1844596 kB
MemFree:         1573736 kB
MemAvailable:    1562940 kB
Buffers:           19252 kB
Cached:           100628 kB
MemTotal:        1844596 kB
MemFree:         1573728 kB
MemAvailable:    1562932 kB
Buffers:           19252 kB
Cached:           100628 kB
MemTotal:        1844596 kB
MemFree:         1573744 kB
MemAvailable:    1562948 kB
Buffers:           19252 kB
Cached:           100628 kB
MemTotal:        1844596 kB
MemFree:         1573912 kB
MemAvailable:    1563116 kB
Buffers:           19252 kB
Cached:           100628 kB
MemTotal:        1844596 kB
MemFree:         1572416 kB
MemAvailable:    1561620 kB
Buffers:           19252 kB
Cached:           100628 kB
MemTotal:        1844596 kB
MemFree:         1572020 kB
MemAvailable:    1561224 kB
Buffers:           19252 kB
Cached:           100628 kB
MemTotal:        1844596 kB
MemFree:         1570348 kB
MemAvailable:    1559552 kB
Buffers:           19252 kB
Cached:           100628 kB
MemTotal:        1844596 kB
MemFree:         1568356 kB
MemAvailable:    1557560 kB
Buffers:           19252 kB
Cached:           100628 kB
MemTotal:        1844596 kB
MemFree:         1566564 kB
MemAvailable:    1555772 kB
Buffers:           19252 kB
Cached:           100640 kB
MemTotal:        1844596 kB
MemFree:         1565768 kB
MemAvailable:    1554976 kB
Buffers:           19252 kB
Cached:           100640 kB
MemTotal:        1844596 kB
MemFree:         1565944 kB
MemAvailable:    1555152 kB
Buffers:           19252 kB
Cached:           100640 kB
MemTotal:        1844596 kB
MemFree:         1566280 kB
MemAvailable:    1555488 kB
Buffers:           19252 kB
Cached:           100640 kB
MemTotal:        1844596 kB
MemFree:         1564836 kB
MemAvailable:    1554044 kB
Buffers:           19252 kB
Cached:           100640 kB
MemTotal:        1844596 kB
MemFree:         1566076 kB
MemAvailable:    1555284 kB
Buffers:           19252 kB
Cached:           100640 kB
MemTotal:        1844596 kB
MemFree:         1564892 kB
MemAvailable:    1554100 kB
Buffers:           19252 kB
Cached:           100640 kB
MemTotal:        1844596 kB
MemFree:         1565932 kB
MemAvailable:    1555140 kB
Buffers:           19252 kB
Cached:           100640 kB
MemTotal:        1844596 kB
MemFree:         1564584 kB
MemAvailable:    1553792 kB
Buffers:           19252 kB
Cached:           100640 kB
MemTotal:        1844596 kB
MemFree:         1565884 kB
MemAvailable:    1555092 kB
Buffers:           19252 kB
Cached:           100640 kB
MemTotal:        1844596 kB
MemFree:         1565024 kB
MemAvailable:    1554232 kB
Buffers:           19252 kB
Cached:           100640 kB
MemTotal:        1844596 kB
MemFree:         1565900 kB
MemAvailable:    1555108 kB
Buffers:           19252 kB
Cached:           100640 kB
MemTotal:        1844596 kB
MemFree:         1565024 kB
MemAvailable:    1554232 kB
Buffers:           19252 kB
Cached:           100640 kB
MemTotal:        1844596 kB
MemFree:         1565712 kB
MemAvailable:    1554924 kB
Buffers:           19252 kB
Cached:           100644 kB
MemTotal:        1844596 kB
MemFree:         1565964 kB
MemAvailable:    1555176 kB
Buffers:           19252 kB
Cached:           100644 kB
MemTotal:        1844596 kB
MemFree:         1564472 kB
MemAvailable:    1553684 kB
Buffers:           19252 kB
Cached:           100644 kB
MemTotal:        1844596 kB
MemFree:         1565828 kB
MemAvailable:    1555040 kB
Buffers:           19252 kB
Cached:           100644 kB
MemTotal:        1844596 kB
MemFree:         1565024 kB
MemAvailable:    1554236 kB
Buffers:           19252 kB
Cached:           100644 kB
MemTotal:        1844596 kB
MemFree:         1564596 kB
MemAvailable:    1553808 kB
Buffers:           19252 kB
Cached:           100644 kB
MemTotal:        1844596 kB
MemFree:         1565332 kB
MemAvailable:    1554544 kB
Buffers:           19252 kB
Cached:           100644 kB
MemTotal:        1844596 kB
MemFree:         1564156 kB
MemAvailable:    1553368 kB
Buffers:           19252 kB
Cached:           100644 kB
MemTotal:        1844596 kB
MemFree:         1564636 kB
MemAvailable:    1553848 kB
Buffers:           19252 kB
Cached:           100644 kB
MemTotal:        1844596 kB
MemFree:         1564904 kB
MemAvailable:    1554116 kB
Buffers:           19252 kB
Cached:           100644 kB
MemTotal:        1844596 kB
MemFree:         1564456 kB
MemAvailable:    1553668 kB
Buffers:           19252 kB
Cached:           100644 kB
MemTotal:        1844596 kB
MemFree:         1563536 kB
MemAvailable:    1552748 kB
Buffers:           19252 kB
Cached:           100644 kB
MemTotal:        1844596 kB
MemFree:         1563852 kB
MemAvailable:    1553064 kB
Buffers:           19252 kB
Cached:           100644 kB
MemTotal:        1844596 kB
MemFree:         1563404 kB
MemAvailable:    1552616 kB
Buffers:           19252 kB
Cached:           100644 kB
MemTotal:        1844596 kB
MemFree:         1563288 kB
MemAvailable:    1552500 kB
Buffers:           19252 kB
Cached:           100644 kB
MemTotal:        1844596 kB
MemFree:         1563092 kB
MemAvailable:    1552304 kB
Buffers:           19252 kB
Cached:           100644 kB
MemTotal:        1844596 kB
MemFree:         1561304 kB
MemAvailable:    1550516 kB
Buffers:           19252 kB
Cached:           100644 kB
MemTotal:        1844596 kB
MemFree:         1561544 kB
MemAvailable:    1550756 kB
Buffers:           19252 kB
Cached:           100644 kB
MemTotal:        1844596 kB
MemFree:         1562004 kB
MemAvailable:    1551216 kB
Buffers:           19252 kB
Cached:           100644 kB
MemTotal:        1844596 kB
MemFree:         1562340 kB
MemAvailable:    1551552 kB
Buffers:           19252 kB
Cached:           100644 kB
MemTotal:        1844596 kB
MemFree:         1562228 kB
MemAvailable:    1551440 kB
Buffers:           19252 kB
Cached:           100644 kB
MemTotal:        1844596 kB
MemFree:         1561180 kB
MemAvailable:    1550392 kB
Buffers:           19252 kB
Cached:           100644 kB
MemTotal:        1844596 kB
MemFree:         1561772 kB
MemAvailable:    1550984 kB
Buffers:           19252 kB
Cached:           100644 kB
MemTotal:        1844596 kB
MemFree:         1561856 kB
MemAvailable:    1551068 kB
Buffers:           19252 kB
Cached:           100644 kB
MemTotal:        1844596 kB
MemFree:         1560620 kB
MemAvailable:    1549832 kB
Buffers:           19252 kB
Cached:           100644 kB
MemTotal:        1844596 kB
MemFree:         1560752 kB
MemAvailable:    1549964 kB
Buffers:           19252 kB
Cached:           100644 kB
MemTotal:        1844596 kB
MemFree:         1561928 kB
MemAvailable:    1551140 kB
Buffers:           19252 kB
Cached:           100644 kB
MemTotal:        1844596 kB
MemFree:         1561056 kB
MemAvailable:    1550268 kB
Buffers:           19252 kB
Cached:           100644 kB
MemTotal:        1844596 kB
MemFree:         1561660 kB
MemAvailable:    1550872 kB
Buffers:           19252 kB
Cached:           100644 kB
MemTotal:        1844596 kB
MemFree:         1561488 kB
MemAvailable:    1550700 kB
Buffers:           19252 kB
Cached:           100644 kB
MemTotal:        1844596 kB
MemFree:         1561108 kB
MemAvailable:    1550320 kB
Buffers:           19252 kB
Cached:           100644 kB
MemTotal:        1844596 kB
MemFree:         1561108 kB
MemAvailable:    1550320 kB
Buffers:           19252 kB
Cached:           100644 kB
MemTotal:        1844596 kB
MemFree:         1554608 kB
MemAvailable:    1543820 kB
Buffers:           19252 kB
Cached:           100644 kB
MemTotal:        1844596 kB
MemFree:         1554464 kB
MemAvailable:    1543676 kB
Buffers:           19252 kB
Cached:           100644 kB
MemTotal:        1844596 kB
MemFree:         1553500 kB
MemAvailable:    1542752 kB
Buffers:           19252 kB
Cached:           100768 kB
MemTotal:        1844596 kB
MemFree:         1553800 kB
MemAvailable:    1543136 kB
Buffers:           19252 kB
Cached:           101016 kB
MemTotal:        1844596 kB
MemFree:         1553568 kB
MemAvailable:    1542904 kB
Buffers:           19252 kB
Cached:           101016 kB
MemTotal:        1844596 kB
MemFree:         1553796 kB
MemAvailable:    1543216 kB
Buffers:           19252 kB
Cached:           101140 kB
MemTotal:        1844596 kB
MemFree:         1553680 kB
MemAvailable:    1543100 kB
Buffers:           19252 kB
Cached:           101140 kB
MemTotal:        1844596 kB
MemFree:         1553556 kB
MemAvailable:    1543060 kB
Buffers:           19252 kB
Cached:           101264 kB
MemTotal:        1844596 kB
MemFree:         1552624 kB
MemAvailable:    1542128 kB
Buffers:           19252 kB
Cached:           101264 kB
MemTotal:        1844596 kB
MemFree:         1553340 kB
MemAvailable:    1542844 kB
Buffers:           19252 kB
Cached:           101264 kB
MemTotal:        1844596 kB
MemFree:         1553592 kB
MemAvailable:    1543096 kB
Buffers:           19252 kB
Cached:           101264 kB
MemTotal:        1844596 kB
MemFree:         1553432 kB
MemAvailable:    1542936 kB
Buffers:           19252 kB
Cached:           101264 kB
MemTotal:        1844596 kB
MemFree:         1553488 kB
MemAvailable:    1542992 kB
Buffers:           19252 kB
Cached:           101264 kB
MemTotal:        1844596 kB
MemFree:         1552624 kB
MemAvailable:    1542128 kB
Buffers:           19252 kB
Cached:           101264 kB
MemTotal:        1844596 kB
MemFree:         1553480 kB
MemAvailable:    1542984 kB
Buffers:           19252 kB
Cached:           101264 kB
MemTotal:        1844596 kB
MemFree:         1553348 kB
MemAvailable:    1542852 kB
Buffers:           19252 kB
Cached:           101264 kB
MemTotal:        1844596 kB
MemFree:         1553408 kB
MemAvailable:    1542912 kB
Buffers:           19252 kB
Cached:           101264 kB
MemTotal:        1844596 kB
MemFree:         1552452 kB
MemAvailable:    1541956 kB
Buffers:           19252 kB
Cached:           101264 kB
MemTotal:        1844596 kB
MemFree:         1552708 kB
MemAvailable:    1541920 kB
Buffers:           19252 kB
Cached:           100632 kB
MemTotal:        1844596 kB
MemFree:         1621584 kB
MemAvailable:    1610832 kB
Buffers:           19252 kB
Cached:           100712 kB
