MemTotal:        1844596 kB
MemFree:         1305968 kB
MemAvailable:    1554656 kB
Buffers:           51296 kB
Cached:           321560 kB
MemTotal:        1844596 kB
MemFree:         1304316 kB
MemAvailable:    1553004 kB
Buffers:           51296 kB
Cached:           321560 kB
MemTotal:        1844596 kB
MemFree:         1300876 kB
MemAvailable:    1549564 kB
Buffers:           51296 kB
Cached:           321560 kB
MemTotal:        1844596 kB
MemFree:         1300752 kB
MemAvailable:    1549440 kB
Buffers:           51296 kB
Cached:           321560 kB
MemTotal:        1844596 kB
MemFree:         1300820 kB
MemAvailable:    1549508 kB
Buffers:           51296 kB
Cached:           321560 kB
MemTotal:        1844596 kB
MemFree:         1300556 kB
MemAvailable:    1549244 kB
Buffers:           51296 kB
Cached:           321560 kB
MemTotal:        1844596 kB
MemFree:         1299208 kB
MemAvailable:    1547896 kB
Buffers:           51296 kB
Cached:           321560 kB
MemTotal:        1844596 kB
MemFree:         1296272 kB
MemAvailable:    1544960 kB
Buffers:           51296 kB
Cached:           321560 kB
MemTotal:        1844596 kB
MemFree:         1296272 kB
MemAvailable:    1544960 kB
Buffers:           51296 kB
Cached:           321560 kB
MemTotal:        1844596 kB
MemFree:         1293808 kB
MemAvailable:    1542496 kB
Buffers:           51296 kB
Cached:           321560 kB
MemTotal:        1844596 kB
MemFree:         1289600 kB
MemAvailable:    1538288 kB
Buffers:           51296 kB
Cached:           321560 kB
MemTotal:        1844596 kB
MemFree:         1290696 kB
MemAvailable:    1539388 kB
Buffers:           51296 kB
Cached:           321564 kB
MemTotal:        1844596 kB
MemFree:         1290664 kB
MemAvailable:    1539356 kB
Buffers:           51296 kB
Cached:           321564 kB
MemTotal:        1844596 kB
MemFree:         1290664 kB
MemAvailable:    1539356 kB
Buffers:           51296 kB
Cached:           321564 kB
MemTotal:        1844596 kB
MemFree:         1289412 kB
MemAvailable:    1538104 kB
Buffers:           51296 kB
Cached:           321564 kB
MemTotal:        1844596 kB
MemFree:         1290784 kB
MemAvailable:    1539476 kB
Buffers:           51296 kB
Cached:           321564 kB
MemTotal:        1844596 kB
MemFree:         1289412 kB
MemAvailable:    1538104 kB
Buffers:           51296 kB
Cached:           321564 kB
MemTotal:        1844596 kB
MemFree:         1289708 kB
MemAvailable:    1538400 kB
Buffers:           51296 kB
Cached:           321564 kB
MemTotal:        1844596 kB
MemFree:         1289836 kB
MemAvailable:    1538528 kB
Buffers:           51296 kB
Cached:           321564 kB
MemTotal:        1844596 kB
MemFree:         1288296 kB
MemAvailable:    1536988 kB
Buffers:           51296 kB
Cached:           321564 kB
MemTotal:        1844596 kB
MemFree:         1288416 kB
MemAvailable:    1537108 kB
Buffers:           51296 kB
Cached:           321564 kB
MemTotal:        1844596 kB
MemFree:         1287120 kB
MemAvailable:    1535812 kB
Buffers:           51296 kB
Cached:           321564 kB
MemTotal:        1844596 kB
MemFree:         1286988 kB
MemAvailable:    1535680 kB
Buffers:           51296 kB
Cached:           321564 kB
MemTotal:        1844596 kB
MemFree:         1288124 kB
MemAvailable:    1536816 kB
Buffers:           51296 kB
Cached:           321564 kB
MemTotal:        1844596 kB
MemFree:         1287368 kB
MemAvailable:    1536060 kB
Buffers:           51296 kB
Cached:           321564 kB
MemTotal:        1844596 kB
MemFree:         1286984 kB
MemAvailable:    1535676 kB
Buffers:           51296 kB
Cached:           321564 kB
MemTotal:        1844596 kB
MemFree:         1288224 kB
MemAvailable:    1536916 kB
Buffers:           51296 kB
Cached:           321564 kB
MemTotal:        1844596 kB
MemFree:         1286860 kB
MemAvailable:    1535552 kB
Buffers:           51296 kB
Cached:           321564 kB
MemTotal:        1844596 kB
MemFree:         1287072 kB
MemAvailable:    1535764 kB
Buffers:           51296 kB
Cached:           321564 kB
MemTotal:        1844596 kB
MemFree:         1288272 kB
MemAvailable:    1536964 kB
Buffers:           51296 kB
Cached:           321564 kB
MemTotal:        1844596 kB
MemFree:         1289520 kB
MemAvailable:    1538212 kB
Buffers:           51296 kB
Cached:           321564 kB
MemTotal:        1844596 kB
MemFree:         1287980 kB
MemAvailable:    1536672 kB
Buffers:           51296 kB
Cached:           321564 kB
MemTotal:        1844596 kB
MemFree:         1286560 kB
MemAvailable:    1535252 kB
Buffers:           51296 kB
Cached:           321564 kB
MemTotal:        1844596 kB
MemFree:         1286476 kB
MemAvailable:    1535168 kB
Buffers:           51296 kB
Cached:           321564 kB
MemTotal:        1844596 kB
MemFree:         1284624 kB
MemAvailable:    1533316 kB
Buffers:           51296 kB
Cached:           321564 kB
MemTotal:        1844596 kB
MemFree:         1283880 kB
MemAvailable:    1532572 kB
Buffers:           51296 kB
Cached:           321564 kB
MemTotal:        1844596 kB
MemFree:         1283772 kB
MemAvailable:    1532464 kB
Buffers:           51296 kB
Cached:           321564 kB
MemTotal:        1844596 kB
MemFree:         1284600 kB
MemAvailable:    1533292 kB
Buffers:           51296 kB
Cached:           321564 kB
MemTotal:        1844596 kB
MemFree:         1282772 kB
MemAvailable:    1531464 kB
Buffers:           51296 kB
Cached:           321564 kB
MemTotal:        1844596 kB
MemFree:         1284188 kB
MemAvailable:    1532880 kB
Buffers:           51296 kB
Cached:           321564 kB
MemTotal:        1844596 kB
MemFree:         1282628 kB
MemAvailable:    1531320 kB
Buffers:           51296 kB
Cached:           321564 kB
MemTotal:        1844596 kB
MemFree:         1282760 kB
MemAvailable:    1531452 kB
Buffers:           51296 kB
Cached:           321564 kB
MemTotal:        1844596 kB
MemFree:         1282752 kB
MemAvailable:    1531444 kB
Buffers:           51296 kB
Cached:           321564 kB
MemTotal:        1844596 kB
MemFree:         1284060 kB
MemAvailable:    1532752 kB
Buffers:           51296 kB
Cached:           321564 kB
MemTotal:        1844596 kB
MemFree:         1283584 kB
MemAvailable:    1532276 kB
Buffers:           51296 kB
Cached:           321564 kB
MemTotal:        1844596 kB
MemFree:         1283752 kB
MemAvailable:    1532444 kB
Buffers:           51296 kB
Cached:           321564 kB
MemTotal:        1844596 kB
MemFree:         1283336 kB
MemAvailable:    1532028 kB
Buffers:           51296 kB
Cached:           321564 kB
MemTotal:        1844596 kB
MemFree:         1282028 kB
MemAvailable:    1530720 kB
Buffers:           51296 kB
Cached:           321564 kB
MemTotal:        1844596 kB
MemFree:         1282972 kB
MemAvailable:    1531664 kB
Buffers:           51296 kB
Cached:           321564 kB
MemTotal:        1844596 kB
MemFree:         1281764 kB
MemAvailable:    1530456 kB
Buffers:           51296 kB
Cached:           321564 kB
MemTotal:        1844596 kB
MemFree:         1283064 kB
MemAvailable:    1531756 kB
Buffers:           51300 kB
Cached:           321560 kB
MemTotal:        1844596 kB
MemFree:         1283064 kB
MemAvailable:    1531756 kB
Buffers:           51300 kB
Cached:           321560 kB
MemTotal:        1844596 kB
MemFree:         1282932 kB
MemAvailable:    1531624 kB
Buffers:           51300 kB
Cached:           321560 kB
MemTotal:        1844596 kB
MemFree:         1283268 kB
MemAvailable:    1531960 kB
Buffers:           51300 kB
Cached:           321560 kB
MemTotal:        1844596 kB
MemFree:         1282880 kB
MemAvailable:    1531572 kB
Buffers:           51300 kB
Cached:           321560 kB
MemTotal:        1844596 kB
MemFree:         1283132 kB
MemAvailable:    1531824 kB
Buffers:           51300 kB
Cached:           321560 kB
MemTotal:        1844596 kB
MemFree:         1282984 kB
MemAvailable:    1531676 kB
Buffers:           51300 kB
Cached:           321560 kB
MemTotal:        1844596 kB
MemFree:         1282984 kB
MemAvailable:    1531676 kB
Buffers:           51300 kB
Cached:           321560 kB
MemTotal:        1844596 kB
MemFree:         1281716 kB
MemAvailable:    1530408 kB
Buffers:           51300 kB
Cached:           321560 kB
MemTotal:        1844596 kB
MemFree:         1281848 kB
MemAvailable:    1530540 kB
Buffers:           51300 kB
Cached:           321560 kB
MemTotal:        1844596 kB
MemFree:         1282896 kB
MemAvailable:    1531588 kB
Buffers:           51300 kB
Cached:           321560 kB
MemTotal:        1844596 kB
MemFree:         1283084 kB
MemAvailable:    1531776 kB
Buffers:           51300 kB
Cached:           321560 kB
MemTotal:        1844596 kB
MemFree:         1281524 kB
MemAvailable:    1530216 kB
Buffers:           51300 kB
Cached:           321560 kB
MemTotal:        1844596 kB
MemFree:         1282640 kB
MemAvailable:    1531332 kB
Buffers:           51300 kB
Cached:           321560 kB
MemTotal:        1844596 kB
MemFree:         1281284 kB
MemAvailable:    1529976 kB
Buffers:           51300 kB
Cached:           321560 kB
MemTotal:        1844596 kB
MemFree:         1282336 kB
MemAvailable:    1531028 kB
Buffers:           51300 kB
Cached:           321560 kB
MemTotal:        1844596 kB
MemFree:         1282136 kB
MemAvailable:    1530828 kB
Buffers:           51300 kB
Cached:           321560 kB
MemTotal:        1844596 kB
MemFree:         1282136 kB
MemAvailable:    1530828 kB
Buffers:           51300 kB
Cached:           321560 kB
MemTotal:        1844596 kB
MemFree:         1282084 kB
MemAvailable:    1530776 kB
Buffers:           51300 kB
Cached:           321560 kB
MemTotal:        1844596 kB
MemFree:         1280860 kB
MemAvailable:    1529552 kB
Buffers:           51300 kB
Cached:           321560 kB
MemTotal:        1844596 kB
MemFree:         1280984 kB
MemAvailable:    1529676 kB
Buffers:           51300 kB
Cached:           321560 kB
MemTotal:        1844596 kB
MemFree:         1280860 kB
MemAvailable:    1529552 kB
Buffers:           51300 kB
Cached:           321560 kB
MemTotal:        1844596 kB
MemFree:         1280984 kB
MemAvailable:    1529676 kB
Buffers:           51300 kB
Cached:           321560 kB
MemTotal:        1844596 kB
MemFree:         1280984 kB
MemAvailable:    1529676 kB
Buffers:           51300 kB
Cached:           321560 kB
MemTotal:        1844596 kB
MemFree:         1279928 kB
MemAvailable:    1528620 kB
Buffers:           51300 kB
Cached:           321560 kB
MemTotal:        1844596 kB
MemFree:         1277200 kB
MemAvailable:    1525892 kB
Buffers:           51300 kB
Cached:           321560 kB
MemTotal:        1844596 kB
MemFree:         1275456 kB
MemAvailable:    1524148 kB
Buffers:           51300 kB
Cached:           321560 kB
MemTotal:        1844596 kB
MemFree:         1274704 kB
MemAvailable:    1523396 kB
Buffers:           51300 kB
Cached:           321560 kB
MemTotal:        1844596 kB
MemFree:         1275040 kB
MemAvailable:    1523732 kB
Buffers:           51300 kB
Cached:           321560 kB
MemTotal:        1844596 kB
MemFree:         1274472 kB
MemAvailable:    1523164 kB
Buffers:           51300 kB
Cached:           321560 kB
MemTotal:        1844596 kB
MemFree:         1273100 kB
MemAvailable:    1521792 kB
Buffers:           51300 kB
Cached:           321560 kB
MemTotal:        1844596 kB
MemFree:         1273224 kB
MemAvailable:    1521916 kB
Buffers:           51300 kB
Cached:           321560 kB
MemTotal:        1844596 kB
MemFree:         1274400 kB
MemAvailable:    1523092 kB
Buffers:           51300 kB
Cached:           321560 kB
MemTotal:        1844596 kB
MemFree:         1274284 kB
MemAvailable:    1522976 kB
Buffers:           51300 kB
Cached:           321560 kB
MemTotal:        1844596 kB
MemFree:         1274408 kB
MemAvailable:    1523100 kB
Buffers:           51300 kB
Cached:           321560 kB
MemTotal:        1844596 kB
MemFree:         1274276 kB
MemAvailable:    1522968 kB
Buffers:           51300 kB
Cached:           321560 kB
MemTotal:        1844596 kB
MemFree:         1272844 kB
MemAvailable:    1521536 kB
Buffers:           51300 kB
Cached:           321560 kB
MemTotal:        1844596 kB
MemFree:         1274100 kB
MemAvailable:    1522792 kB
Buffers:           51300 kB
Cached:           321560 kB
MemTotal:        1844596 kB
MemFree:         1272836 kB
MemAvailable:    1521528 kB
Buffers:           51300 kB
Cached:           321560 kB
MemTotal:        1844596 kB
MemFree:         1274144 kB
MemAvailable:    1522836 kB
Buffers:           51300 kB
Cached:           321560 kB
MemTotal:        1844596 kB
MemFree:         1272936 kB
MemAvailable:    1521628 kB
Buffers:           51300 kB
Cached:           321560 kB
MemTotal:        1844596 kB
MemFree:         1274052 kB
MemAvailable:    1522744 kB
Buffers:           51300 kB
Cached:           321560 kB
MemTotal:        1844596 kB
MemFree:         1273912 kB
MemAvailable:    1522604 kB
Buffers:           51300 kB
Cached:           321560 kB
MemTotal:        1844596 kB
MemFree:         1273472 kB
MemAvailable:    1522164 kB
Buffers:           51300 kB
Cached:           321560 kB
MemTotal:        1844596 kB
MemFree:         1273472 kB
MemAvailable:    1522164 kB
Buffers:           51300 kB
Cached:           321560 kB
MemTotal:        1844596 kB
MemFree:         1272844 kB
MemAvailable:    1521536 kB
Buffers:           51300 kB
Cached:           321560 kB
MemTotal:        1844596 kB
MemFree:         1272844 kB
MemAvailable:    1521536 kB
Buffers:           51300 kB
Cached:           321560 kB
MemTotal:        1844596 kB
MemFree:         1272340 kB
MemAvailable:    1521040 kB
Buffers:           51300 kB
Cached:           321568 kB
MemTotal:        1844596 kB
MemFree:         1272676 kB
MemAvailable:    1521376 kB
Buffers:           51300 kB
Cached:           321568 kB
MemTotal:        1844596 kB
MemFree:         1271232 kB
MemAvailable:    1519944 kB
Buffers:           51300 kB
Cached:           321576 kB
MemTotal:        1844596 kB
MemFree:         1270256 kB
MemAvailable:    1518968 kB
Buffers:           51300 kB
Cached:           321576 kB
MemTotal:        1844596 kB
MemFree:         1269996 kB
MemAvailable:    1518708 kB
Buffers:           51300 kB
Cached:           321576 kB
MemTotal:        1844596 kB
MemFree:         1269996 kB
MemAvailable:    1518708 kB
Buffers:           51300 kB
Cached:           321576 kB
MemTotal:        1844596 kB
MemFree:         1269636 kB
MemAvailable:    1518348 kB
Buffers:           51300 kB
Cached:           321576 kB
MemTotal:        1844596 kB
MemFree:         1269512 kB
MemAvailable:    1518224 kB
Buffers:           51300 kB
Cached:           321576 kB
MemTotal:        1844596 kB
MemFree:         1270828 kB
MemAvailable:    1519540 kB
Buffers:           51300 kB
Cached:           321576 kB
MemTotal:        1844596 kB
MemFree:         1269264 kB
MemAvailable:    1517976 kB
Buffers:           51300 kB
Cached:           321576 kB
MemTotal:        1844596 kB
MemFree:         1269264 kB
MemAvailable:    1517976 kB
Buffers:           51300 kB
Cached:           321576 kB
MemTotal:        1844596 kB
MemFree:         1270240 kB
MemAvailable:    1518952 kB
Buffers:           51300 kB
Cached:           321576 kB
MemTotal:        1844596 kB
MemFree:         1270380 kB
MemAvailable:    1519092 kB
Buffers:           51300 kB
Cached:           321576 kB
MemTotal:        1844596 kB
MemFree:         1270136 kB
MemAvailable:    1518848 kB
Buffers:           51300 kB
Cached:           321576 kB
MemTotal:        1844596 kB
MemFree:         1268872 kB
MemAvailable:    1517584 kB
Buffers:           51300 kB
Cached:           321576 kB
MemTotal:        1844596 kB
MemFree:         1268948 kB
MemAvailable:    1517660 kB
Buffers:           51300 kB
Cached:           321576 kB
MemTotal:        1844596 kB
MemFree:         1268824 kB
MemAvailable:    1517536 kB
Buffers:           51300 kB
Cached:           321576 kB
MemTotal:        1844596 kB
MemFree:         1270292 kB
MemAvailable:    1519004 kB
Buffers:           51300 kB
Cached:           321576 kB
MemTotal:        1844596 kB
MemFree:         1269744 kB
MemAvailable:    1518456 kB
Buffers:           51300 kB
Cached:           321576 kB
MemTotal:        1844596 kB
MemFree:         1269744 kB
MemAvailable:    1518456 kB
Buffers:           51300 kB
Cached:           321576 kB
MemTotal:        1844596 kB
MemFree:         1268124 kB
MemAvailable:    1516836 kB
Buffers:           51300 kB
Cached:           321576 kB
MemTotal:        1844596 kB
MemFree:         1262752 kB
MemAvailable:    1511464 kB
Buffers:           51300 kB
Cached:           321576 kB
MemTotal:        1844596 kB
MemFree:         1262560 kB
MemAvailable:    1511272 kB
Buffers:           51300 kB
Cached:           321576 kB
MemTotal:        1844596 kB
MemFree:         1261188 kB
MemAvailable:    1509984 kB
Buffers:           51300 kB
Cached:           321700 kB
MemTotal:        1844596 kB
MemFree:         1262504 kB
MemAvailable:    1511384 kB
Buffers:           51300 kB
Cached:           321700 kB
MemTotal:        1844596 kB
MemFree:         1262188 kB
MemAvailable:    1511236 kB
Buffers:           51300 kB
Cached:           321948 kB
MemTotal:        1844596 kB
MemFree:         1262132 kB
MemAvailable:    1511180 kB
Buffers:           51300 kB
Cached:           321948 kB
MemTotal:        1844596 kB
MemFree:         1260948 kB
MemAvailable:    1510164 kB
Buffers:           51300 kB
Cached:           322072 kB
MemTotal:        1844596 kB
MemFree:         1261940 kB
MemAvailable:    1511240 kB
Buffers:           51300 kB
Cached:           322196 kB
MemTotal:        1844596 kB
MemFree:         1261948 kB
MemAvailable:    1511248 kB
Buffers:           51300 kB
Cached:           322196 kB
MemTotal:        1844596 kB
MemFree:         1260832 kB
MemAvailable:    1510132 kB
Buffers:           51300 kB
Cached:           322196 kB
MemTotal:        1844596 kB
MemFree:         1261684 kB
MemAvailable:    1511068 kB
Buffers:           51300 kB
Cached:           322196 kB
MemTotal:        1844596 kB
MemFree:         1260956 kB
MemAvailable:    1510340 kB
Buffers:           51300 kB
Cached:           322196 kB
MemTotal:        1844596 kB
MemFree:         1260400 kB
MemAvailable:    1509784 kB
Buffers:           51300 kB
Cached:           322196 kB
MemTotal:        1844596 kB
MemFree:         1260964 kB
MemAvailable:    1510348 kB
Buffers:           51300 kB
Cached:           322196 kB
MemTotal:        1844596 kB
MemFree:         1260700 kB
MemAvailable:    1510088 kB
Buffers:           51300 kB
Cached:           322200 kB
MemTotal:        1844596 kB
MemFree:         1262008 kB
MemAvailable:    1511396 kB
Buffers:           51300 kB
Cached:           322200 kB
MemTotal:        1844596 kB
MemFree:         1260668 kB
MemAvailable:    1510056 kB
Buffers:           51300 kB
Cached:           322324 kB
MemTotal:        1844596 kB
MemFree:         1262272 kB
MemAvailable:    1510988 kB
Buffers:           51300 kB
Cached:           321608 kB
MemTotal:        1844596 kB
MemFree:         1262524 kB
MemAvailable:    1511240 kB
Buffers:           51300 kB
Cached:           321608 kB
