MemTotal:        1844596 kB
MemFree:         1565952 kB
MemAvailable:    1580304 kB
Buffers:           22504 kB
Cached:           123416 kB
MemTotal:        1844596 kB
MemFree:         1565952 kB
MemAvailable:    1580304 kB
Buffers:           22504 kB
Cached:           123416 kB
MemTotal:        1844596 kB
MemFree:         1562604 kB
MemAvailable:    1576956 kB
Buffers:           22504 kB
Cached:           123416 kB
MemTotal:        1844596 kB
MemFree:         1564028 kB
MemAvailable:    1578380 kB
Buffers:           22504 kB
Cached:           123416 kB
MemTotal:        1844596 kB
MemFree:         1561356 kB
MemAvailable:    1575708 kB
Buffers:           22504 kB
Cached:           123416 kB
MemTotal:        1844596 kB
MemFree:         1562356 kB
MemAvailable:    1576708 kB
Buffers:           22504 kB
Cached:           123416 kB
MemTotal:        1844596 kB
MemFree:         1560124 kB
MemAvailable:    1574476 kB
Buffers:           22504 kB
Cached:           123416 kB
MemTotal:        1844596 kB
MemFree:         1558884 kB
MemAvailable:    1573236 kB
Buffers:           22504 kB
Cached:           123416 kB
MemTotal:        1844596 kB
MemFree:         1555644 kB
MemAvailable:    1569996 kB
Buffers:           22504 kB
Cached:           123416 kB
MemTotal:        1844596 kB
MemFree:         1555412 kB
MemAvailable:    1569764 kB
Buffers:           22504 kB
Cached:           123416 kB
MemTotal:        1844596 kB
MemFree:         1550328 kB
MemAvailable:    1564680 kB
Buffers:           22504 kB
Cached:           123416 kB
MemTotal:        1844596 kB
MemFree:         1552456 kB
MemAvailable:    1566808 kB
Buffers:           22504 kB
Cached:           123416 kB
MemTotal:        1844596 kB
MemFree:         1552496 kB
MemAvailable:    1566848 kB
Buffers:           22504 kB
Cached:           123416 kB
MemTotal:        1844596 kB
MemFree:         1551272 kB
MemAvailable:    1565624 kB
Buffers:           22504 kB
Cached:           123416 kB
MemTotal:        1844596 kB
MemFree:         1552248 kB
MemAvailable:    1566600 kB
Buffers:           22504 kB
Cached:           123416 kB
MemTotal:        1844596 kB
MemFree:         1552500 kB
MemAvailable:    1566852 kB
Buffers:           22504 kB
Cached:           123416 kB
MemTotal:        1844596 kB
MemFree:         1552116 kB
MemAvailable:    1566468 kB
Buffers:           22504 kB
Cached:           123416 kB
MemTotal:        1844596 kB
MemFree:         1551568 kB
MemAvailable:    1565920 kB
Buffers:           22504 kB
Cached:           123416 kB
MemTotal:        1844596 kB
MemFree:         1549824 kB
MemAvailable:    1564176 kB
Buffers:           22504 kB
Cached:           123416 kB
MemTotal:        1844596 kB
MemFree:         1549336 kB
MemAvailable:    1563688 kB
Buffers:           22504 kB
Cached:           123416 kB
MemTotal:        1844596 kB
MemFree:         1550264 kB
MemAvailable:    1564616 kB
Buffers:           22504 kB
Cached:           123416 kB
MemTotal:        1844596 kB
MemFree:         1549884 kB
MemAvailable:    1564236 kB
Buffers:           22504 kB
Cached:           123416 kB
MemTotal:        1844596 kB
MemFree:         1550136 kB
MemAvailable:    1564488 kB
Buffers:           22504 kB
Cached:           123416 kB
MemTotal:        1844596 kB
MemFree:         1550132 kB
MemAvailable:    1564484 kB
Buffers:           22504 kB
Cached:           123416 kB
MemTotal:        1844596 kB
MemFree:         1549072 kB
MemAvailable:    1563424 kB
Buffers:           22504 kB
Cached:           123416 kB
MemTotal:        1844596 kB
MemFree:         1548692 kB
MemAvailable:    1563044 kB
Buffers:           22504 kB
Cached:           123416 kB
MemTotal:        1844596 kB
MemFree:         1550084 kB
MemAvailable:    1564436 kB
Buffers:           22504 kB
Cached:           123416 kB
MemTotal:        1844596 kB
MemFree:         1548812 kB
MemAvailable:    1563164 kB
Buffers:           22504 kB
Cached:           123416 kB
MemTotal:        1844596 kB
MemFree:         1549452 kB
MemAvailable:    1563804 kB
Buffers:           22504 kB
Cached:           123416 kB
MemTotal:        1844596 kB
MemFree:         1549948 kB
MemAvailable:    1564300 kB
Buffers:           22504 kB
Cached:           123416 kB
MemTotal:        1844596 kB
MemFree:         1551136 kB
MemAvailable:    1565488 kB
Buffers:           22504 kB
Cached:           123416 kB
MemTotal:        1844596 kB
MemFree:         1548584 kB
MemAvailable:    1562936 kB
Buffers:           22504 kB
Cached:           123416 kB
MemTotal:        1844596 kB
MemFree:         1547700 kB
MemAvailable:    1562052 kB
Buffers:           22504 kB
Cached:           123416 kB
MemTotal:        1844596 kB
MemFree:         1547700 kB
MemAvailable:    1562052 kB
Buffers:           22504 kB
Cached:           123416 kB
MemTotal:        1844596 kB
MemFree:         1547228 kB
MemAvailable:    1561580 kB
Buffers:           22504 kB
Cached:           123416 kB
MemTotal:        1844596 kB
MemFree:         1547040 kB
MemAvailable:    1561392 kB
Buffers:           22504 kB
Cached:           123416 kB
MemTotal:        1844596 kB
MemFree:         1546468 kB
MemAvailable:    1560820 kB
Buffers:           22504 kB
Cached:           123416 kB
MemTotal:        1844596 kB
MemFree:         1546468 kB
MemAvailable:    1560820 kB
Buffers:           22504 kB
Cached:           123416 kB
MemTotal:        1844596 kB
MemFree:         1546172 kB
MemAvailable:    1560524 kB
Buffers:           22504 kB
Cached:           123416 kB
MemTotal:        1844596 kB
MemFree:         1545840 kB
MemAvailable:    1560192 kB
Buffers:           22504 kB
Cached:           123416 kB
MemTotal:        1844596 kB
MemFree:         1545840 kB
MemAvailable:    1560192 kB
Buffers:           22504 kB
Cached:           123416 kB
MemTotal:        1844596 kB
MemFree:         1545784 kB
MemAvailable:    1560136 kB
Buffers:           22504 kB
Cached:           123416 kB
MemTotal:        1844596 kB
MemFree:         1544476 kB
MemAvailable:    1558828 kB
Buffers:           22504 kB
Cached:           123416 kB
MemTotal:        1844596 kB
MemFree:         1545848 kB
MemAvailable:    1560200 kB
Buffers:           22504 kB
Cached:           123416 kB
MemTotal:        1844596 kB
MemFree:         1544344 kB
MemAvailable:    1558700 kB
Buffers:           22504 kB
Cached:           123416 kB
MemTotal:        1844596 kB
MemFree:         1545492 kB
MemAvailable:    1559848 kB
Buffers:           22504 kB
Cached:           123416 kB
MemTotal:        1844596 kB
MemFree:         1545224 kB
MemAvailable:    1559588 kB
Buffers:           22504 kB
Cached:           123424 kB
MemTotal:        1844596 kB
MemFree:         1543624 kB
MemAvailable:    1557988 kB
Buffers:           22504 kB
Cached:           123424 kB
MemTotal:        1844596 kB
MemFree:         1544812 kB
MemAvailable:    1559176 kB
Buffers:           22504 kB
Cached:           123424 kB
MemTotal:        1844596 kB
MemFree:         1544872 kB
MemAvailable:    1559236 kB
Buffers:           22504 kB
Cached:           123424 kB
MemTotal:        1844596 kB
MemFree:         1544908 kB
MemAvailable:    1559272 kB
Buffers:           22504 kB
Cached:           123424 kB
MemTotal:        1844596 kB
MemFree:         1543600 kB
MemAvailable:    1557964 kB
Buffers:           22504 kB
Cached:           123424 kB
MemTotal:        1844596 kB
MemFree:         1544660 kB
MemAvailable:    1559024 kB
Buffers:           22504 kB
Cached:           123424 kB
MemTotal:        1844596 kB
MemFree:         1544872 kB
MemAvailable:    1559236 kB
Buffers:           22504 kB
Cached:           123424 kB
MemTotal:        1844596 kB
MemFree:         1544920 kB
MemAvailable:    1559284 kB
Buffers:           22504 kB
Cached:           123424 kB
MemTotal:        1844596 kB
MemFree:         1543736 kB
MemAvailable:    1558100 kB
Buffers:           22504 kB
Cached:           123424 kB
MemTotal:        1844596 kB
MemFree:         1543480 kB
MemAvailable:    1557844 kB
Buffers:           22504 kB
Cached:           123424 kB
MemTotal:        1844596 kB
MemFree:         1544588 kB
MemAvailable:    1558952 kB
Buffers:           22504 kB
Cached:           123424 kB
MemTotal:        1844596 kB
MemFree:         1544320 kB
MemAvailable:    1558684 kB
Buffers:           22504 kB
Cached:           123424 kB
MemTotal:        1844596 kB
MemFree:         1544784 kB
MemAvailable:    1559152 kB
Buffers:           22504 kB
Cached:           123428 kB
MemTotal:        1844596 kB
MemFree:         1543624 kB
MemAvailable:    1557992 kB
Buffers:           22504 kB
Cached:           123428 kB
MemTotal:        1844596 kB
MemFree:         1544500 kB
MemAvailable:    1558868 kB
Buffers:           22504 kB
Cached:           123428 kB
MemTotal:        1844596 kB
MemFree:         1544244 kB
MemAvailable:    1558612 kB
Buffers:           22504 kB
Cached:           123428 kB
MemTotal:        1844596 kB
MemFree:         1543136 kB
MemAvailable:    1557504 kB
Buffers:           22504 kB
Cached:           123428 kB
MemTotal:        1844596 kB
MemFree:         1543824 kB
MemAvailable:    1558192 kB
Buffers:           22504 kB
Cached:           123428 kB
MemTotal:        1844596 kB
MemFree:         1543884 kB
MemAvailable:    1558252 kB
Buffers:           22504 kB
Cached:           123428 kB
MemTotal:        1844596 kB
MemFree:         1543824 kB
MemAvailable:    1558192 kB
Buffers:           22504 kB
Cached:           123428 kB
MemTotal:        1844596 kB
MemFree:         1542956 kB
MemAvailable:    1557324 kB
Buffers:           22504 kB
Cached:           123428 kB
MemTotal:        1844596 kB
MemFree:         1542832 kB
MemAvailable:    1557200 kB
Buffers:           22504 kB
Cached:           123428 kB
MemTotal:        1844596 kB
MemFree:         1543808 kB
MemAvailable:    1558176 kB
Buffers:           22504 kB
Cached:           123428 kB
MemTotal:        1844596 kB
MemFree:         1542832 kB
MemAvailable:    1557200 kB
Buffers:           22504 kB
Cached:           123428 kB
MemTotal:        1844596 kB
MemFree:         1544032 kB
MemAvailable:    1558400 kB
Buffers:           22504 kB
Cached:           123428 kB
MemTotal:        1844596 kB
MemFree:         1543136 kB
MemAvailable:    1557504 kB
Buffers:           22504 kB
Cached:           123428 kB
MemTotal:        1844596 kB
MemFree:         1542004 kB
MemAvailable:    1556372 kB
Buffers:           22504 kB
Cached:           123428 kB
MemTotal:        1844596 kB
MemFree:         1542216 kB
MemAvailable:    1556584 kB
Buffers:           22504 kB
Cached:           123428 kB
MemTotal:        1844596 kB
MemFree:         1537788 kB
MemAvailable:    1552156 kB
Buffers:           22504 kB
Cached:           123428 kB
MemTotal:        1844596 kB
MemFree:         1537788 kB
MemAvailable:    1552156 kB
Buffers:           22504 kB
Cached:           123428 kB
MemTotal:        1844596 kB
MemFree:         1536492 kB
MemAvailable:    1550860 kB
Buffers:           22504 kB
Cached:           123428 kB
MemTotal:        1844596 kB
MemFree:         1535192 kB
MemAvailable:    1549560 kB
Buffers:           22504 kB
Cached:           123428 kB
MemTotal:        1844596 kB
MemFree:         1535920 kB
MemAvailable:    1550288 kB
Buffers:           22504 kB
Cached:           123428 kB
MemTotal:        1844596 kB
MemFree:         1535920 kB
MemAvailable:    1550288 kB
Buffers:           22504 kB
Cached:           123428 kB
MemTotal:        1844596 kB
MemFree:         1535948 kB
MemAvailable:    1550316 kB
Buffers:           22504 kB
Cached:           123428 kB
MemTotal:        1844596 kB
MemFree:         1534764 kB
MemAvailable:    1549132 kB
Buffers:           22504 kB
Cached:           123428 kB
MemTotal:        1844596 kB
MemFree:         1535924 kB
MemAvailable:    1550292 kB
Buffers:           22504 kB
Cached:           123428 kB
MemTotal:        1844596 kB
MemFree:         1535736 kB
MemAvailable:    1550104 kB
Buffers:           22504 kB
Cached:           123428 kB
MemTotal:        1844596 kB
MemFree:         1535904 kB
MemAvailable:    1550272 kB
Buffers:           22504 kB
Cached:           123428 kB
MemTotal:        1844596 kB
MemFree:         1535916 kB
MemAvailable:    1550284 kB
Buffers:           22504 kB
Cached:           123428 kB
MemTotal:        1844596 kB
MemFree:         1536168 kB
MemAvailable:    1550536 kB
Buffers:           22504 kB
Cached:           123428 kB
MemTotal:        1844596 kB
MemFree:         1534684 kB
MemAvailable:    1549052 kB
Buffers:           22504 kB
Cached:           123428 kB
MemTotal:        1844596 kB
MemFree:         1535808 kB
MemAvailable:    1550176 kB
Buffers:           22504 kB
Cached:           123428 kB
MemTotal:        1844596 kB
MemFree:         1534692 kB
MemAvailable:    1549060 kB
Buffers:           22504 kB
Cached:           123428 kB
MemTotal:        1844596 kB
MemFree:         1535548 kB
MemAvailable:    1549916 kB
Buffers:           22504 kB
Cached:           123428 kB
MemTotal:        1844596 kB
MemFree:         1535440 kB
MemAvailable:    1549808 kB
Buffers:           22504 kB
Cached:           123428 kB
MemTotal:        1844596 kB
MemFree:         1535320 kB
MemAvailable:    1549688 kB
Buffers:           22504 kB
Cached:           123428 kB
MemTotal:        1844596 kB
MemFree:         1534012 kB
MemAvailable:    1548380 kB
Buffers:           22504 kB
Cached:           123428 kB
MemTotal:        1844596 kB
MemFree:         1533580 kB
MemAvailable:    1547948 kB
Buffers:           22504 kB
Cached:           123428 kB
MemTotal:        1844596 kB
MemFree:         1534192 kB
MemAvailable:    1548560 kB
Buffers:           22504 kB
Cached:           123428 kB
MemTotal:        1844596 kB
MemFree:         1534444 kB
MemAvailable:    1548812 kB
Buffers:           22504 kB
Cached:           123428 kB
MemTotal:        1844596 kB
MemFree:         1532956 kB
MemAvailable:    1547324 kB
Buffers:           22504 kB
Cached:           123428 kB
MemTotal:        1844596 kB
MemFree:         1531968 kB
MemAvailable:    1546336 kB
Buffers:           22504 kB
Cached:           123428 kB
MemTotal:        1844596 kB
MemFree:         1533028 kB
MemAvailable:    1547396 kB
Buffers:           22504 kB
Cached:           123428 kB
MemTotal:        1844596 kB
MemFree:         1532968 kB
MemAvailable:    1547336 kB
Buffers:           22504 kB
Cached:           123428 kB
MemTotal:        1844596 kB
MemFree:         1532456 kB
MemAvailable:    1546824 kB
Buffers:           22504 kB
Cached:           123428 kB
MemTotal:        1844596 kB
MemFree:         1532792 kB
MemAvailable:    1547160 kB
Buffers:           22504 kB
Cached:           123428 kB
MemTotal:        1844596 kB
MemFree:         1532324 kB
MemAvailable:    1546692 kB
Buffers:           22504 kB
Cached:           123428 kB
MemTotal:        1844596 kB
MemFree:         1532324 kB
MemAvailable:    1546692 kB
Buffers:           22504 kB
Cached:           123428 kB
MemTotal:        1844596 kB
MemFree:         1532152 kB
MemAvailable:    1546520 kB
Buffers:           22504 kB
Cached:           123428 kB
MemTotal:        1844596 kB
MemFree:         1531976 kB
MemAvailable:    1546344 kB
Buffers:           22504 kB
Cached:           123428 kB
MemTotal:        1844596 kB
MemFree:         1531820 kB
MemAvailable:    1546188 kB
Buffers:           22504 kB
Cached:           123428 kB
MemTotal:        1844596 kB
MemFree:         1530588 kB
MemAvailable:    1544956 kB
Buffers:           22504 kB
Cached:           123428 kB
MemTotal:        1844596 kB
MemFree:         1531780 kB
MemAvailable:    1546148 kB
Buffers:           22504 kB
Cached:           123428 kB
MemTotal:        1844596 kB
MemFree:         1531948 kB
MemAvailable:    1546316 kB
Buffers:           22504 kB
Cached:           123428 kB
MemTotal:        1844596 kB
MemFree:         1531788 kB
MemAvailable:    1546156 kB
Buffers:           22504 kB
Cached:           123428 kB
MemTotal:        1844596 kB
MemFree:         1532044 kB
MemAvailable:    1546412 kB
Buffers:           22504 kB
Cached:           123428 kB
MemTotal:        1844596 kB
MemFree:         1531728 kB
MemAvailable:    1546096 kB
Buffers:           22504 kB
Cached:           123428 kB
MemTotal:        1844596 kB
MemFree:         1531480 kB
MemAvailable:    1545848 kB
Buffers:           22504 kB
Cached:           123428 kB
MemTotal:        1844596 kB
MemFree:         1527016 kB
MemAvailable:    1541384 kB
Buffers:           22504 kB
Cached:           123428 kB
MemTotal:        1844596 kB
MemFree:         1524224 kB
MemAvailable:    1538592 kB
Buffers:           22504 kB
Cached:           123428 kB
MemTotal:        1844596 kB
MemFree:         1524324 kB
MemAvailable:    1538692 kB
Buffers:           22504 kB
Cached:           123428 kB
MemTotal:        1844596 kB
MemFree:         1523048 kB
MemAvailable:    1537584 kB
Buffers:           22504 kB
Cached:           123552 kB
MemTotal:        1844596 kB
MemFree:         1523620 kB
MemAvailable:    1538248 kB
Buffers:           22504 kB
Cached:           123684 kB
MemTotal:        1844596 kB
MemFree:         1523876 kB
MemAvailable:    1538504 kB
Buffers:           22504 kB
Cached:           123684 kB
MemTotal:        1844596 kB
MemFree:         1522544 kB
MemAvailable:    1537312 kB
Buffers:           22504 kB
Cached:           123868 kB
MemTotal:        1844596 kB
MemFree:         1522552 kB
MemAvailable:    1537488 kB
Buffers:           22504 kB
Cached:           123992 kB
MemTotal:        1844596 kB
MemFree:         1523404 kB
MemAvailable:    1538424 kB
Buffers:           22504 kB
Cached:           124116 kB
MemTotal:        1844596 kB
MemFree:         1523488 kB
MemAvailable:    1538508 kB
Buffers:           22504 kB
Cached:           124116 kB
MemTotal:        1844596 kB
MemFree:         1523284 kB
MemAvailable:    1538304 kB
Buffers:           22504 kB
Cached:           124116 kB
MemTotal:        1844596 kB
MemFree:         1523204 kB
MemAvailable:    1538224 kB
Buffers:           22504 kB
Cached:           124116 kB
MemTotal:        1844596 kB
MemFree:         1523340 kB
MemAvailable:    1538360 kB
Buffers:           22504 kB
Cached:           124116 kB
MemTotal:        1844596 kB
MemFree:         1523092 kB
MemAvailable:    1538112 kB
Buffers:           22504 kB
Cached:           124116 kB
MemTotal:        1844596 kB
MemFree:         1523156 kB
MemAvailable:    1538176 kB
Buffers:           22504 kB
Cached:           124116 kB
MemTotal:        1844596 kB
MemFree:         1521872 kB
MemAvailable:    1536976 kB
Buffers:           22504 kB
Cached:           124116 kB
MemTotal:        1844596 kB
MemFree:         1562432 kB
MemAvailable:    1576864 kB
Buffers:           22504 kB
Cached:           123484 kB
