MemTotal:        1844596 kB
MemFree:         1527616 kB
MemAvailable:    1571200 kB
Buffers:           25980 kB
Cached:           151392 kB
MemTotal:        1844596 kB
MemFree:         1524880 kB
MemAvailable:    1568464 kB
Buffers:           25980 kB
Cached:           151392 kB
MemTotal:        1844596 kB
MemFree:         1525452 kB
MemAvailable:    1569036 kB
Buffers:           25980 kB
Cached:           151392 kB
MemTotal:        1844596 kB
MemFree:         1524948 kB
MemAvailable:    1568532 kB
Buffers:           25980 kB
Cached:           151392 kB
MemTotal:        1844596 kB
MemFree:         1522416 kB
MemAvailable:    1566000 kB
Buffers:           25980 kB
Cached:           151392 kB
MemTotal:        1844596 kB
MemFree:         1523716 kB
MemAvailable:    1567300 kB
Buffers:           25980 kB
Cached:           151392 kB
MemTotal:        1844596 kB
MemFree:         1521600 kB
MemAvailable:    1565184 kB
Buffers:           25980 kB
Cached:           151392 kB
MemTotal:        1844596 kB
MemFree:         1519564 kB
MemAvailable:    1563148 kB
Buffers:           25980 kB
Cached:           151392 kB
MemTotal:        1844596 kB
MemFree:         1517268 kB
MemAvailable:    1560852 kB
Buffers:           25980 kB
Cached:           151392 kB
MemTotal:        1844596 kB
MemFree:         1512612 kB
MemAvailable:    1556196 kB
Buffers:           25980 kB
Cached:           151392 kB
MemTotal:        1844596 kB
MemFree:         1512864 kB
MemAvailable:    1556448 kB
Buffers:           25980 kB
Cached:           151392 kB
MemTotal:        1844596 kB
MemFree:         1513964 kB
MemAvailable:    1557548 kB
Buffers:           25980 kB
Cached:           151392 kB
MemTotal:        1844596 kB
MemFree:         1512496 kB
MemAvailable:    1556080 kB
Buffers:           25980 kB
Cached:           151392 kB
MemTotal:        1844596 kB
MemFree:         1512448 kB
MemAvailable:    1556032 kB
Buffers:           25980 kB
Cached:           151392 kB
MemTotal:        1844596 kB
MemFree:         1513780 kB
MemAvailable:    1557364 kB
Buffers:           25980 kB
Cached:           151392 kB
MemTotal:        1844596 kB
MemFree:         1512868 kB
MemAvailable:    1556452 kB
Buffers:           25980 kB
Cached:           151392 kB
MemTotal:        1844596 kB
MemFree:         1513292 kB
MemAvailable:    1556876 kB
Buffers:           25980 kB
Cached:           151392 kB
MemTotal:        1844596 kB
MemFree:         1513544 kB
MemAvailable:    1557128 kB
Buffers:           25980 kB
Cached:           151392 kB
MemTotal:        1844596 kB
MemFree:         1511000 kB
MemAvailable:    1554584 kB
Buffers:           25980 kB
Cached:           151392 kB
MemTotal:        1844596 kB
MemFree:         1511504 kB
MemAvailable:    1555088 kB
Buffers:           25980 kB
Cached:           151392 kB
MemTotal:        1844596 kB
MemFree:         1510388 kB
MemAvailable:    1553972 kB
Buffers:           25980 kB
Cached:           151392 kB
MemTotal:        1844596 kB
MemFree:         1510000 kB
MemAvailable:    1553584 kB
Buffers:           25980 kB
Cached:           151392 kB
MemTotal:        1844596 kB
MemFree:         1511308 kB
MemAvailable:    1554892 kB
Buffers:           25980 kB
Cached:           151392 kB
MemTotal:        1844596 kB
MemFree:         1510092 kB
MemAvailable:    1553676 kB
Buffers:           25980 kB
Cached:           151392 kB
MemTotal:        1844596 kB
MemFree:         1511396 kB
MemAvailable:    1554988 kB
Buffers:           25980 kB
Cached:           151396 kB
MemTotal:        1844596 kB
MemFree:         1511116 kB
MemAvailable:    1554708 kB
Buffers:           25980 kB
Cached:           151396 kB
MemTotal:        1844596 kB
MemFree:         1511132 kB
MemAvailable:    1554724 kB
Buffers:           25980 kB
Cached:           151396 kB
MemTotal:        1844596 kB
MemFree:         1509996 kB
MemAvailable:    1553588 kB
Buffers:           25980 kB
Cached:           151396 kB
MemTotal:        1844596 kB
MemFree:         1510120 kB
MemAvailable:    1553712 kB
Buffers:           25980 kB
Cached:           151396 kB
MemTotal:        1844596 kB
MemFree:         1511304 kB
MemAvailable:    1554896 kB
Buffers:           25980 kB
Cached:           151396 kB
MemTotal:        1844596 kB
MemFree:         1511256 kB
MemAvailable:    1554848 kB
Buffers:           25980 kB
Cached:           151396 kB
MemTotal:        1844596 kB
MemFree:         1509504 kB
MemAvailable:    1553096 kB
Buffers:           25980 kB
Cached:           151396 kB
MemTotal:        1844596 kB
MemFree:         1509504 kB
MemAvailable:    1553096 kB
Buffers:           25980 kB
Cached:           151396 kB
MemTotal:        1844596 kB
MemFree:         1507900 kB
MemAvailable:    1551492 kB
Buffers:           25980 kB
Cached:           151396 kB
MemTotal:        1844596 kB
MemFree:         1508132 kB
MemAvailable:    1551724 kB
Buffers:           25980 kB
Cached:           151396 kB
MemTotal:        1844596 kB
MemFree:         1507660 kB
MemAvailable:    1551252 kB
Buffers:           25980 kB
Cached:           151396 kB
MemTotal:        1844596 kB
MemFree:         1507768 kB
MemAvailable:    1551360 kB
Buffers:           25980 kB
Cached:           151396 kB
MemTotal:        1844596 kB
MemFree:         1506296 kB
MemAvailable:    1549888 kB
Buffers:           25980 kB
Cached:           151396 kB
MemTotal:        1844596 kB
MemFree:         1507140 kB
MemAvailable:    1550732 kB
Buffers:           25980 kB
Cached:           151396 kB
MemTotal:        1844596 kB
MemFree:         1507140 kB
MemAvailable:    1550732 kB
Buffers:           25980 kB
Cached:           151396 kB
MemTotal:        1844596 kB
MemFree:         1507004 kB
MemAvailable:    1550596 kB
Buffers:           25980 kB
Cached:           151396 kB
MemTotal:        1844596 kB
MemFree:         1507256 kB
MemAvailable:    1550848 kB
Buffers:           25980 kB
Cached:           151396 kB
MemTotal:        1844596 kB
MemFree:         1507032 kB
MemAvailable:    1550624 kB
Buffers:           25980 kB
Cached:           151396 kB
MemTotal:        1844596 kB
MemFree:         1506296 kB
MemAvailable:    1549888 kB
Buffers:           25980 kB
Cached:           151396 kB
MemTotal:        1844596 kB
MemFree:         1506720 kB
MemAvailable:    1550312 kB
Buffers:           25980 kB
Cached:           151396 kB
MemTotal:        1844596 kB
MemFree:         1506720 kB
MemAvailable:    1550312 kB
Buffers:           25980 kB
Cached:           151396 kB
MemTotal:        1844596 kB
MemFree:         1506420 kB
MemAvailable:    1550012 kB
Buffers:           25980 kB
Cached:           151396 kB
MemTotal:        1844596 kB
MemFree:         1505048 kB
MemAvailable:    1548640 kB
Buffers:           25980 kB
Cached:           151396 kB
MemTotal:        1844596 kB
MemFree:         1504752 kB
MemAvailable:    1548344 kB
Buffers:           25980 kB
Cached:           151396 kB
MemTotal:        1844596 kB
MemFree:         1506472 kB
MemAvailable:    1550064 kB
Buffers:           25980 kB
Cached:           151396 kB
MemTotal:        1844596 kB
MemFree:         1505376 kB
MemAvailable:    1548968 kB
Buffers:           25980 kB
Cached:           151396 kB
MemTotal:        1844596 kB
MemFree:         1506132 kB
MemAvailable:    1549724 kB
Buffers:           25980 kB
Cached:           151396 kB
MemTotal:        1844596 kB
MemFree:         1506032 kB
MemAvailable:    1549624 kB
Buffers:           25980 kB
Cached:           151396 kB
MemTotal:        1844596 kB
MemFree:         1506284 kB
MemAvailable:    1549876 kB
Buffers:           25980 kB
Cached:           151396 kB
MemTotal:        1844596 kB
MemFree:         1504912 kB
MemAvailable:    1548504 kB
Buffers:           25980 kB
Cached:           151396 kB
MemTotal:        1844596 kB
MemFree:         1506040 kB
MemAvailable:    1549632 kB
Buffers:           25980 kB
Cached:           151396 kB
MemTotal:        1844596 kB
MemFree:         1506168 kB
MemAvailable:    1549760 kB
Buffers:           25980 kB
Cached:           151396 kB
MemTotal:        1844596 kB
MemFree:         1505912 kB
MemAvailable:    1549504 kB
Buffers:           25980 kB
Cached:           151396 kB
MemTotal:        1844596 kB
MemFree:         1505836 kB
MemAvailable:    1549428 kB
Buffers:           25980 kB
Cached:           151396 kB
MemTotal:        1844596 kB
MemFree:         1506088 kB
MemAvailable:    1549680 kB
Buffers:           25980 kB
Cached:           151396 kB
MemTotal:        1844596 kB
MemFree:         1505580 kB
MemAvailable:    1549172 kB
Buffers:           25980 kB
Cached:           151396 kB
MemTotal:        1844596 kB
MemFree:         1505580 kB
MemAvailable:    1549172 kB
Buffers:           25980 kB
Cached:           151396 kB
MemTotal:        1844596 kB
MemFree:         1505372 kB
MemAvailable:    1548964 kB
Buffers:           25980 kB
Cached:           151396 kB
MemTotal:        1844596 kB
MemFree:         1504044 kB
MemAvailable:    1547636 kB
Buffers:           25980 kB
Cached:           151396 kB
MemTotal:        1844596 kB
MemFree:         1504284 kB
MemAvailable:    1547876 kB
Buffers:           25980 kB
Cached:           151396 kB
MemTotal:        1844596 kB
MemFree:         1505468 kB
MemAvailable:    1549060 kB
Buffers:           25980 kB
Cached:           151396 kB
MemTotal:        1844596 kB
MemFree:         1504036 kB
MemAvailable:    1547628 kB
Buffers:           25980 kB
Cached:           151396 kB
MemTotal:        1844596 kB
MemFree:         1505336 kB
MemAvailable:    1548928 kB
Buffers:           25980 kB
Cached:           151396 kB
MemTotal:        1844596 kB
MemFree:         1503904 kB
MemAvailable:    1547496 kB
Buffers:           25980 kB
Cached:           151396 kB
MemTotal:        1844596 kB
MemFree:         1505056 kB
MemAvailable:    1548648 kB
Buffers:           25980 kB
Cached:           151396 kB
MemTotal:        1844596 kB
MemFree:         1504024 kB
MemAvailable:    1547616 kB
Buffers:           25980 kB
Cached:           151396 kB
MemTotal:        1844596 kB
MemFree:         1503808 kB
MemAvailable:    1547400 kB
Buffers:           25980 kB
Cached:           151396 kB
MemTotal:        1844596 kB
MemFree:         1504296 kB
MemAvailable:    1547888 kB
Buffers:           25980 kB
Cached:           151396 kB
MemTotal:        1844596 kB
MemFree:         1504296 kB
MemAvailable:    1547888 kB
Buffers:           25980 kB
Cached:           151396 kB
MemTotal:        1844596 kB
MemFree:         1501336 kB
MemAvailable:    1544928 kB
Buffers:           25980 kB
Cached:           151396 kB
MemTotal:        1844596 kB
MemFree:         1497600 kB
MemAvailable:    1541192 kB
Buffers:           25980 kB
Cached:           151396 kB
MemTotal:        1844596 kB
MemFree:         1497684 kB
MemAvailable:    1541276 kB
Buffers:           25980 kB
Cached:           151396 kB
MemTotal:        1844596 kB
MemFree:         1497728 kB
MemAvailable:    1541320 kB
Buffers:           25980 kB
Cached:           151396 kB
MemTotal:        1844596 kB
MemFree:         1497720 kB
MemAvailable:    1541312 kB
Buffers:           25980 kB
Cached:           151396 kB
MemTotal:        1844596 kB
MemFree:         1497304 kB
MemAvailable:    1540896 kB
Buffers:           25980 kB
Cached:           151396 kB
MemTotal:        1844596 kB
MemFree:         1496252 kB
MemAvailable:    1539844 kB
Buffers:           25980 kB
Cached:           151396 kB
MemTotal:        1844596 kB
MemFree:         1497100 kB
MemAvailable:    1540692 kB
Buffers:           25980 kB
Cached:           151396 kB
MemTotal:        1844596 kB
MemFree:         1497356 kB
MemAvailable:    1540948 kB
Buffers:           25980 kB
Cached:           151396 kB
MemTotal:        1844596 kB
MemFree:         1495728 kB
MemAvailable:    1539320 kB
Buffers:           25980 kB
Cached:           151396 kB
MemTotal:        1844596 kB
MemFree:         1495944 kB
MemAvailable:    1539536 kB
Buffers:           25980 kB
Cached:           151396 kB
MemTotal:        1844596 kB
MemFree:         1495936 kB
MemAvailable:    1539528 kB
Buffers:           25980 kB
Cached:           151396 kB
MemTotal:        1844596 kB
MemFree:         1497280 kB
MemAvailable:    1540872 kB
Buffers:           25980 kB
Cached:           151396 kB
MemTotal:        1844596 kB
MemFree:         1496748 kB
MemAvailable:    1540340 kB
Buffers:           25980 kB
Cached:           151396 kB
MemTotal:        1844596 kB
MemFree:         1496968 kB
MemAvailable:    1540560 kB
Buffers:           25980 kB
Cached:           151396 kB
MemTotal:        1844596 kB
MemFree:         1497052 kB
MemAvailable:    1540644 kB
Buffers:           25980 kB
Cached:           151396 kB
MemTotal:        1844596 kB
MemFree:         1497124 kB
MemAvailable:    1540716 kB
Buffers:           25980 kB
Cached:           151396 kB
MemTotal:        1844596 kB
MemFree:         1497100 kB
MemAvailable:    1540692 kB
Buffers:           25980 kB
Cached:           151396 kB
MemTotal:        1844596 kB
MemFree:         1496484 kB
MemAvailable:    1540076 kB
Buffers:           25980 kB
Cached:           151396 kB
MemTotal:        1844596 kB
MemFree:         1496568 kB
MemAvailable:    1540160 kB
Buffers:           25980 kB
Cached:           151396 kB
MemTotal:        1844596 kB
MemFree:         1496256 kB
MemAvailable:    1539848 kB
Buffers:           25980 kB
Cached:           151396 kB
MemTotal:        1844596 kB
MemFree:         1494816 kB
MemAvailable:    1538408 kB
Buffers:           25980 kB
Cached:           151396 kB
MemTotal:        1844596 kB
MemFree:         1495616 kB
MemAvailable:    1539208 kB
Buffers:           25980 kB
Cached:           151396 kB
MemTotal:        1844596 kB
MemFree:         1495616 kB
MemAvailable:    1539208 kB
Buffers:           25980 kB
Cached:           151396 kB
MemTotal:        1844596 kB
MemFree:         1494376 kB
MemAvailable:    1537968 kB
Buffers:           25980 kB
Cached:           151396 kB
MemTotal:        1844596 kB
MemFree:         1494712 kB
MemAvailable:    1538304 kB
Buffers:           25980 kB
Cached:           151396 kB
MemTotal:        1844596 kB
MemFree:         1494252 kB
MemAvailable:    1537856 kB
Buffers:           25980 kB
Cached:           151408 kB
MemTotal:        1844596 kB
MemFree:         1494252 kB
MemAvailable:    1537856 kB
Buffers:           25980 kB
Cached:           151408 kB
MemTotal:        1844596 kB
MemFree:         1493632 kB
MemAvailable:    1537236 kB
Buffers:           25980 kB
Cached:           151408 kB
MemTotal:        1844596 kB
MemFree:         1493884 kB
MemAvailable:    1537488 kB
Buffers:           25980 kB
Cached:           151408 kB
MemTotal:        1844596 kB
MemFree:         1493516 kB
MemAvailable:    1537120 kB
Buffers:           25980 kB
Cached:           151408 kB
MemTotal:        1844596 kB
MemFree:         1492408 kB
MemAvailable:    1535888 kB
Buffers:           25980 kB
Cached:           151408 kB
MemTotal:        1844596 kB
MemFree:         1493324 kB
MemAvailable:    1536928 kB
Buffers:           25980 kB
Cached:           151408 kB
MemTotal:        1844596 kB
MemFree:         1493380 kB
MemAvailable:    1536984 kB
Buffers:           25980 kB
Cached:           151408 kB
MemTotal:        1844596 kB
MemFree:         1492524 kB
MemAvailable:    1536128 kB
Buffers:           25980 kB
Cached:           151408 kB
MemTotal:        1844596 kB
MemFree:         1493852 kB
MemAvailable:    1537456 kB
Buffers:           25980 kB
Cached:           151408 kB
MemTotal:        1844596 kB
MemFree:         1493252 kB
MemAvailable:    1536856 kB
Buffers:           25980 kB
Cached:           151408 kB
MemTotal:        1844596 kB
MemFree:         1493336 kB
MemAvailable:    1536940 kB
Buffers:           25980 kB
Cached:           151408 kB
MemTotal:        1844596 kB
MemFree:         1493324 kB
MemAvailable:    1536928 kB
Buffers:           25980 kB
Cached:           151408 kB
MemTotal:        1844596 kB
MemFree:         1492532 kB
MemAvailable:    1536136 kB
Buffers:           25980 kB
Cached:           151408 kB
MemTotal:        1844596 kB
MemFree:         1493096 kB
MemAvailable:    1536700 kB
Buffers:           25980 kB
Cached:           151408 kB
MemTotal:        1844596 kB
MemFree:         1492900 kB
MemAvailable:    1536504 kB
Buffers:           25980 kB
Cached:           151408 kB
MemTotal:        1844596 kB
MemFree:         1491664 kB
MemAvailable:    1535268 kB
Buffers:           25980 kB
Cached:           151408 kB
MemTotal:        1844596 kB
MemFree:         1488548 kB
MemAvailable:    1532152 kB
Buffers:           25980 kB
Cached:           151408 kB
MemTotal:        1844596 kB
MemFree:         1488548 kB
MemAvailable:    1532152 kB
Buffers:           25980 kB
Cached:           151408 kB
MemTotal:        1844596 kB
MemFree:         1483472 kB
MemAvailable:    1527076 kB
Buffers:           25980 kB
Cached:           151408 kB
MemTotal:        1844596 kB
MemFree:         1483348 kB
MemAvailable:    1527036 kB
Buffers:           25980 kB
Cached:           151532 kB
MemTotal:        1844596 kB
MemFree:         1483596 kB
MemAvailable:    1527368 kB
Buffers:           25980 kB
Cached:           151656 kB
MemTotal:        1844596 kB
MemFree:         1483108 kB
MemAvailable:    1527048 kB
Buffers:           25980 kB
Cached:           151780 kB
MemTotal:        1844596 kB
MemFree:         1482852 kB
MemAvailable:    1526876 kB
Buffers:           25980 kB
Cached:           151904 kB
MemTotal:        1844596 kB
MemFree:         1483952 kB
MemAvailable:    1528144 kB
Buffers:           25980 kB
Cached:           152028 kB
MemTotal:        1844596 kB
MemFree:         1484036 kB
MemAvailable:    1528228 kB
Buffers:           25980 kB
Cached:           152028 kB
MemTotal:        1844596 kB
MemFree:         1482548 kB
MemAvailable:    1526740 kB
Buffers:           25980 kB
Cached:           152028 kB
MemTotal:        1844596 kB
MemFree:         1483816 kB
MemAvailable:    1528092 kB
Buffers:           25980 kB
Cached:           152028 kB
MemTotal:        1844596 kB
MemFree:         1483976 kB
MemAvailable:    1528252 kB
Buffers:           25980 kB
Cached:           152028 kB
MemTotal:        1844596 kB
MemFree:         1483832 kB
MemAvailable:    1528108 kB
Buffers:           25980 kB
Cached:           152028 kB
MemTotal:        1844596 kB
MemFree:         1484084 kB
MemAvailable:    1528360 kB
Buffers:           25980 kB
Cached:           152028 kB
MemTotal:        1844596 kB
MemFree:         1483740 kB
MemAvailable:    1528016 kB
Buffers:           25980 kB
Cached:           152028 kB
MemTotal:        1844596 kB
MemFree:         1482432 kB
MemAvailable:    1526708 kB
Buffers:           25980 kB
Cached:           152028 kB
MemTotal:        1844596 kB
MemFree:         1482600 kB
MemAvailable:    1526876 kB
Buffers:           25980 kB
Cached:           152028 kB
MemTotal:        1844596 kB
MemFree:         1484564 kB
MemAvailable:    1528252 kB
Buffers:           25980 kB
Cached:           151480 kB
MemTotal:        1844596 kB
MemFree:         1554804 kB
MemAvailable:    1598492 kB
Buffers:           25980 kB
Cached:           151480 kB
