MemTotal:        1844596 kB
MemFree:         1354764 kB
MemAvailable:    1559824 kB
Buffers:           46636 kB
Cached:           286420 kB
MemTotal:        1844596 kB
MemFree:         1354124 kB
MemAvailable:    1559184 kB
Buffers:           46636 kB
Cached:           286420 kB
MemTotal:        1844596 kB
MemFree:         1352152 kB
MemAvailable:    1557212 kB
Buffers:           46636 kB
Cached:           286420 kB
MemTotal:        1844596 kB
MemFree:         1351912 kB
MemAvailable:    1556976 kB
Buffers:           46636 kB
Cached:           286424 kB
MemTotal:        1844596 kB
MemFree:         1348796 kB
MemAvailable:    1553860 kB
Buffers:           46636 kB
Cached:           286424 kB
MemTotal:        1844596 kB
MemFree:         1350596 kB
MemAvailable:    1555660 kB
Buffers:           46636 kB
Cached:           286424 kB
MemTotal:        1844596 kB
MemFree:         1350296 kB
MemAvailable:    1555360 kB
Buffers:           46636 kB
Cached:           286424 kB
MemTotal:        1844596 kB
MemFree:         1349060 kB
MemAvailable:    1554124 kB
Buffers:           46636 kB
Cached:           286424 kB
MemTotal:        1844596 kB
MemFree:         1347324 kB
MemAvailable:    1552388 kB
Buffers:           46636 kB
Cached:           286424 kB
MemTotal:        1844596 kB
MemFree:         1344720 kB
MemAvailable:    1549784 kB
Buffers:           46636 kB
Cached:           286424 kB
MemTotal:        1844596 kB
MemFree:         1339620 kB
MemAvailable:    1544684 kB
Buffers:           46636 kB
Cached:           286424 kB
MemTotal:        1844596 kB
MemFree:         1339624 kB
MemAvailable:    1544688 kB
Buffers:           46636 kB
Cached:           286424 kB
MemTotal:        1844596 kB
MemFree:         1339224 kB
MemAvailable:    1544288 kB
Buffers:           46636 kB
Cached:           286424 kB
MemTotal:        1844596 kB
MemFree:         1339216 kB
MemAvailable:    1544280 kB
Buffers:           46636 kB
Cached:           286424 kB
MemTotal:        1844596 kB
MemFree:         1339892 kB
MemAvailable:    1544956 kB
Buffers:           46636 kB
Cached:           286424 kB
MemTotal:        1844596 kB
MemFree:         1340612 kB
MemAvailable:    1545676 kB
Buffers:           46636 kB
Cached:           286424 kB
MemTotal:        1844596 kB
MemFree:         1340612 kB
MemAvailable:    1545676 kB
Buffers:           46636 kB
Cached:           286424 kB
MemTotal:        1844596 kB
MemFree:         1340364 kB
MemAvailable:    1545428 kB
Buffers:           46636 kB
Cached:           286424 kB
MemTotal:        1844596 kB
MemFree:         1339248 kB
MemAvailable:    1544312 kB
Buffers:           46636 kB
Cached:           286424 kB
MemTotal:        1844596 kB
MemFree:         1339376 kB
MemAvailable:    1544440 kB
Buffers:           46636 kB
Cached:           286424 kB
MemTotal:        1844596 kB
MemFree:         1337900 kB
MemAvailable:    1542968 kB
Buffers:           46636 kB
Cached:           286424 kB
MemTotal:        1844596 kB
MemFree:         1336652 kB
MemAvailable:    1541720 kB
Buffers:           46636 kB
Cached:           286424 kB
MemTotal:        1844596 kB
MemFree:         1336652 kB
MemAvailable:    1541720 kB
Buffers:           46636 kB
Cached:           286424 kB
MemTotal:        1844596 kB
MemFree:         1337868 kB
MemAvailable:    1542936 kB
Buffers:           46636 kB
Cached:           286424 kB
MemTotal:        1844596 kB
MemFree:         1338120 kB
MemAvailable:    1543188 kB
Buffers:           46636 kB
Cached:           286424 kB
MemTotal:        1844596 kB
MemFree:         1338072 kB
MemAvailable:    1543140 kB
Buffers:           46636 kB
Cached:           286424 kB
MemTotal:        1844596 kB
MemFree:         1337032 kB
MemAvailable:    1542100 kB
Buffers:           46636 kB
Cached:           286424 kB
MemTotal:        1844596 kB
MemFree:         1338072 kB
MemAvailable:    1543140 kB
Buffers:           46636 kB
Cached:           286424 kB
MemTotal:        1844596 kB
MemFree:         1337900 kB
MemAvailable:    1542968 kB
Buffers:           46636 kB
Cached:           286424 kB
MemTotal:        1844596 kB
MemFree:         1337404 kB
MemAvailable:    1542472 kB
Buffers:           46636 kB
Cached:           286424 kB
MemTotal:        1844596 kB
MemFree:         1339188 kB
MemAvailable:    1544256 kB
Buffers:           46636 kB
Cached:           286424 kB
MemTotal:        1844596 kB
MemFree:         1338744 kB
MemAvailable:    1543812 kB
Buffers:           46636 kB
Cached:           286424 kB
MemTotal:        1844596 kB
MemFree:         1338744 kB
MemAvailable:    1543812 kB
Buffers:           46636 kB
Cached:           286424 kB
MemTotal:        1844596 kB
MemFree:         1336348 kB
MemAvailable:    1541416 kB
Buffers:           46636 kB
Cached:           286424 kB
MemTotal:        1844596 kB
MemFree:         1335852 kB
MemAvailable:    1540920 kB
Buffers:           46636 kB
Cached:           286424 kB
MemTotal:        1844596 kB
MemFree:         1334668 kB
MemAvailable:    1539736 kB
Buffers:           46636 kB
Cached:           286424 kB
MemTotal:        1844596 kB
MemFree:         1335132 kB
MemAvailable:    1540200 kB
Buffers:           46636 kB
Cached:           286424 kB
MemTotal:        1844596 kB
MemFree:         1333924 kB
MemAvailable:    1538992 kB
Buffers:           46636 kB
Cached:           286424 kB
MemTotal:        1844596 kB
MemFree:         1334364 kB
MemAvailable:    1539432 kB
Buffers:           46636 kB
Cached:           286424 kB
MemTotal:        1844596 kB
MemFree:         1332808 kB
MemAvailable:    1537876 kB
Buffers:           46636 kB
Cached:           286424 kB
MemTotal:        1844596 kB
MemFree:         1334040 kB
MemAvailable:    1539108 kB
Buffers:           46636 kB
Cached:           286424 kB
MemTotal:        1844596 kB
MemFree:         1333932 kB
MemAvailable:    1539000 kB
Buffers:           46636 kB
Cached:           286424 kB
MemTotal:        1844596 kB
MemFree:         1333604 kB
MemAvailable:    1538672 kB
Buffers:           46636 kB
Cached:           286424 kB
MemTotal:        1844596 kB
MemFree:         1333940 kB
MemAvailable:    1539008 kB
Buffers:           46636 kB
Cached:           286424 kB
MemTotal:        1844596 kB
MemFree:         1332672 kB
MemAvailable:    1537740 kB
Buffers:           46636 kB
Cached:           286424 kB
MemTotal:        1844596 kB
MemFree:         1333724 kB
MemAvailable:    1538792 kB
Buffers:           46636 kB
Cached:           286424 kB
MemTotal:        1844596 kB
MemFree:         1332444 kB
MemAvailable:    1537512 kB
Buffers:           46636 kB
Cached:           286424 kB
MemTotal:        1844596 kB
MemFree:         1332560 kB
MemAvailable:    1537628 kB
Buffers:           46636 kB
Cached:           286424 kB
MemTotal:        1844596 kB
MemFree:         1332860 kB
MemAvailable:    1537928 kB
Buffers:           46636 kB
Cached:           286424 kB
MemTotal:        1844596 kB
MemFree:         1332920 kB
MemAvailable:    1537988 kB
Buffers:           46636 kB
Cached:           286424 kB
MemTotal:        1844596 kB
MemFree:         1331688 kB
MemAvailable:    1536756 kB
Buffers:           46636 kB
Cached:           286424 kB
MemTotal:        1844596 kB
MemFree:         1332756 kB
MemAvailable:    1537824 kB
Buffers:           46636 kB
Cached:           286424 kB
MemTotal:        1844596 kB
MemFree:         1332816 kB
MemAvailable:    1537884 kB
Buffers:           46636 kB
Cached:           286424 kB
MemTotal:        1844596 kB
MemFree:         1332740 kB
MemAvailable:    1537808 kB
Buffers:           46636 kB
Cached:           286424 kB
MemTotal:        1844596 kB
MemFree:         1332740 kB
MemAvailable:    1537808 kB
Buffers:           46636 kB
Cached:           286424 kB
MemTotal:        1844596 kB
MemFree:         1332620 kB
MemAvailable:    1537688 kB
Buffers:           46636 kB
Cached:           286424 kB
MemTotal:        1844596 kB
MemFree:         1332872 kB
MemAvailable:    1537940 kB
Buffers:           46636 kB
Cached:           286424 kB
MemTotal:        1844596 kB
MemFree:         1331640 kB
MemAvailable:    1536708 kB
Buffers:           46636 kB
Cached:           286424 kB
MemTotal:        1844596 kB
MemFree:         1331632 kB
MemAvailable:    1536700 kB
Buffers:           46636 kB
Cached:           286424 kB
MemTotal:        1844596 kB
MemFree:         1332608 kB
MemAvailable:    1537676 kB
Buffers:           46636 kB
Cached:           286424 kB
MemTotal:        1844596 kB
MemFree:         1332608 kB
MemAvailable:    1537676 kB
Buffers:           46636 kB
Cached:           286424 kB
MemTotal:        1844596 kB
MemFree:         1332380 kB
MemAvailable:    1537448 kB
Buffers:           46636 kB
Cached:           286424 kB
MemTotal:        1844596 kB
MemFree:         1331328 kB
MemAvailable:    1536396 kB
Buffers:           46636 kB
Cached:           286424 kB
MemTotal:        1844596 kB
MemFree:         1332184 kB
MemAvailable:    1537252 kB
Buffers:           46636 kB
Cached:           286424 kB
MemTotal:        1844596 kB
MemFree:         1331904 kB
MemAvailable:    1536972 kB
Buffers:           46636 kB
Cached:           286424 kB
MemTotal:        1844596 kB
MemFree:         1331804 kB
MemAvailable:    1536872 kB
Buffers:           46636 kB
Cached:           286424 kB
MemTotal:        1844596 kB
MemFree:         1331608 kB
MemAvailable:    1536676 kB
Buffers:           46636 kB
Cached:           286424 kB
MemTotal:        1844596 kB
MemFree:         1331944 kB
MemAvailable:    1537012 kB
Buffers:           46636 kB
Cached:           286424 kB
MemTotal:        1844596 kB
MemFree:         1330544 kB
MemAvailable:    1535612 kB
Buffers:           46636 kB
Cached:           286424 kB
MemTotal:        1844596 kB
MemFree:         1330636 kB
MemAvailable:    1535704 kB
Buffers:           46636 kB
Cached:           286424 kB
MemTotal:        1844596 kB
MemFree:         1330576 kB
MemAvailable:    1535644 kB
Buffers:           46636 kB
Cached:           286424 kB
MemTotal:        1844596 kB
MemFree:         1331204 kB
MemAvailable:    1536272 kB
Buffers:           46636 kB
Cached:           286424 kB
MemTotal:        1844596 kB
MemFree:         1330708 kB
MemAvailable:    1535776 kB
Buffers:           46636 kB
Cached:           286424 kB
MemTotal:        1844596 kB
MemFree:         1330948 kB
MemAvailable:    1536016 kB
Buffers:           46636 kB
Cached:           286424 kB
MemTotal:        1844596 kB
MemFree:         1330088 kB
MemAvailable:    1535156 kB
Buffers:           46636 kB
Cached:           286424 kB
MemTotal:        1844596 kB
MemFree:         1329652 kB
MemAvailable:    1534720 kB
Buffers:           46636 kB
Cached:           286424 kB
MemTotal:        1844596 kB
MemFree:         1327104 kB
MemAvailable:    1532172 kB
Buffers:           46636 kB
Cached:           286424 kB
MemTotal:        1844596 kB
MemFree:         1324368 kB
MemAvailable:    1529436 kB
Buffers:           46636 kB
Cached:           286424 kB
MemTotal:        1844596 kB
MemFree:         1324368 kB
MemAvailable:    1529436 kB
Buffers:           46636 kB
Cached:           286424 kB
MemTotal:        1844596 kB
MemFree:         1323932 kB
MemAvailable:    1529000 kB
Buffers:           46636 kB
Cached:           286424 kB
MemTotal:        1844596 kB
MemFree:         1324100 kB
MemAvailable:    1529168 kB
Buffers:           46636 kB
Cached:           286424 kB
MemTotal:        1844596 kB
MemFree:         1324056 kB
MemAvailable:    1529124 kB
Buffers:           46636 kB
Cached:           286424 kB
MemTotal:        1844596 kB
MemFree:         1324140 kB
MemAvailable:    1529208 kB
Buffers:           46636 kB
Cached:           286424 kB
MemTotal:        1844596 kB
MemFree:         1323960 kB
MemAvailable:    1529028 kB
Buffers:           46636 kB
Cached:           286424 kB
MemTotal:        1844596 kB
MemFree:         1324200 kB
MemAvailable:    1529268 kB
Buffers:           46636 kB
Cached:           286424 kB
MemTotal:        1844596 kB
MemFree:         1322708 kB
MemAvailable:    1527776 kB
Buffers:           46636 kB
Cached:           286424 kB
MemTotal:        1844596 kB
MemFree:         1323508 kB
MemAvailable:    1528576 kB
Buffers:           46636 kB
Cached:           286424 kB
MemTotal:        1844596 kB
MemFree:         1323720 kB
MemAvailable:    1528788 kB
Buffers:           46636 kB
Cached:           286424 kB
MemTotal:        1844596 kB
MemFree:         1324056 kB
MemAvailable:    1529124 kB
Buffers:           46636 kB
Cached:           286424 kB
MemTotal:        1844596 kB
MemFree:         1324048 kB
MemAvailable:    1529116 kB
Buffers:           46636 kB
Cached:           286424 kB
MemTotal:        1844596 kB
MemFree:         1323392 kB
MemAvailable:    1528460 kB
Buffers:           46636 kB
Cached:           286424 kB
MemTotal:        1844596 kB
MemFree:         1323908 kB
MemAvailable:    1528976 kB
Buffers:           46636 kB
Cached:           286424 kB
MemTotal:        1844596 kB
MemFree:         1322592 kB
MemAvailable:    1527660 kB
Buffers:           46636 kB
Cached:           286424 kB
MemTotal:        1844596 kB
MemFree:         1323892 kB
MemAvailable:    1528960 kB
Buffers:           46636 kB
Cached:           286424 kB
MemTotal:        1844596 kB
MemFree:         1322772 kB
MemAvailable:    1527840 kB
Buffers:           46636 kB
Cached:           286424 kB
MemTotal:        1844596 kB
MemFree:         1323396 kB
MemAvailable:    1528464 kB
Buffers:           46636 kB
Cached:           286424 kB
MemTotal:        1844596 kB
MemFree:         1323264 kB
MemAvailable:    1528332 kB
Buffers:           46636 kB
Cached:           286424 kB
MemTotal:        1844596 kB
MemFree:         1322832 kB
MemAvailable:    1527900 kB
Buffers:           46636 kB
Cached:           286424 kB
MemTotal:        1844596 kB
MemFree:         1322384 kB
MemAvailable:    1527452 kB
Buffers:           46636 kB
Cached:           286424 kB
MemTotal:        1844596 kB
MemFree:         1322468 kB
MemAvailable:    1527536 kB
Buffers:           46636 kB
Cached:           286424 kB
MemTotal:        1844596 kB
MemFree:         1322404 kB
MemAvailable:    1527476 kB
Buffers:           46636 kB
Cached:           286428 kB
MemTotal:        1844596 kB
MemFree:         1322040 kB
MemAvailable:    1527112 kB
Buffers:           46636 kB
Cached:           286428 kB
MemTotal:        1844596 kB
MemFree:         1321284 kB
MemAvailable:    1526356 kB
Buffers:           46636 kB
Cached:           286428 kB
MemTotal:        1844596 kB
MemFree:         1320168 kB
MemAvailable:    1525248 kB
Buffers:           46636 kB
Cached:           286436 kB
MemTotal:        1844596 kB
MemFree:         1320972 kB
MemAvailable:    1526052 kB
Buffers:           46636 kB
Cached:           286436 kB
MemTotal:        1844596 kB
MemFree:         1320524 kB
MemAvailable:    1525604 kB
Buffers:           46636 kB
Cached:           286436 kB
MemTotal:        1844596 kB
MemFree:         1320524 kB
MemAvailable:    1525604 kB
Buffers:           46636 kB
Cached:           286436 kB
MemTotal:        1844596 kB
MemFree:         1320464 kB
MemAvailable:    1525544 kB
Buffers:           46636 kB
Cached:           286436 kB
MemTotal:        1844596 kB
MemFree:         1319540 kB
MemAvailable:    1524620 kB
Buffers:           46636 kB
Cached:           286436 kB
MemTotal:        1844596 kB
MemFree:         1320152 kB
MemAvailable:    1525232 kB
Buffers:           46636 kB
Cached:           286436 kB
MemTotal:        1844596 kB
MemFree:         1318928 kB
MemAvailable:    1524008 kB
Buffers:           46636 kB
Cached:           286436 kB
MemTotal:        1844596 kB
MemFree:         1320096 kB
MemAvailable:    1525176 kB
Buffers:           46636 kB
Cached:           286436 kB
MemTotal:        1844596 kB
MemFree:         1318920 kB
MemAvailable:    1524000 kB
Buffers:           46636 kB
Cached:           286436 kB
MemTotal:        1844596 kB
MemFree:         1319248 kB
MemAvailable:    1524328 kB
Buffers:           46636 kB
Cached:           286436 kB
MemTotal:        1844596 kB
MemFree:         1319772 kB
MemAvailable:    1524852 kB
Buffers:           46636 kB
Cached:           286436 kB
MemTotal:        1844596 kB
MemFree:         1320108 kB
MemAvailable:    1525188 kB
Buffers:           46636 kB
Cached:           286436 kB
MemTotal:        1844596 kB
MemFree:         1319948 kB
MemAvailable:    1525028 kB
Buffers:           46636 kB
Cached:           286436 kB
MemTotal:        1844596 kB
MemFree:         1319532 kB
MemAvailable:    1524612 kB
Buffers:           46636 kB
Cached:           286436 kB
MemTotal:        1844596 kB
MemFree:         1319532 kB
MemAvailable:    1524616 kB
Buffers:           46636 kB
Cached:           286440 kB
MemTotal:        1844596 kB
MemFree:         1319868 kB
MemAvailable:    1524952 kB
Buffers:           46636 kB
Cached:           286440 kB
MemTotal:        1844596 kB
MemFree:         1317548 kB
MemAvailable:    1522632 kB
Buffers:           46636 kB
Cached:           286440 kB
MemTotal:        1844596 kB
MemFree:         1317440 kB
MemAvailable:    1522524 kB
Buffers:           46636 kB
Cached:           286440 kB
MemTotal:        1844596 kB
MemFree:         1312336 kB
MemAvailable:    1517420 kB
Buffers:           46636 kB
Cached:           286440 kB
MemTotal:        1844596 kB
MemFree:         1311960 kB
MemAvailable:    1517128 kB
Buffers:           46636 kB
Cached:           286564 kB
MemTotal:        1844596 kB
MemFree:         1311852 kB
MemAvailable:    1517020 kB
Buffers:           46636 kB
Cached:           286564 kB
MemTotal:        1844596 kB
MemFree:         1311588 kB
MemAvailable:    1516924 kB
Buffers:           46636 kB
Cached:           286688 kB
MemTotal:        1844596 kB
MemFree:         1310092 kB
MemAvailable:    1515428 kB
Buffers:           46636 kB
Cached:           286812 kB
MemTotal:        1844596 kB
MemFree:         1310612 kB
MemAvailable:    1516032 kB
Buffers:           46636 kB
Cached:           286812 kB
MemTotal:        1844596 kB
MemFree:         1311236 kB
MemAvailable:    1516908 kB
Buffers:           46636 kB
Cached:           287060 kB
MemTotal:        1844596 kB
MemFree:         1311152 kB
MemAvailable:    1516824 kB
Buffers:           46636 kB
Cached:           287060 kB
MemTotal:        1844596 kB
MemFree:         1310060 kB
MemAvailable:    1515732 kB
Buffers:           46636 kB
Cached:           287060 kB
MemTotal:        1844596 kB
MemFree:         1309968 kB
MemAvailable:    1515640 kB
Buffers:           46636 kB
Cached:           287060 kB
MemTotal:        1844596 kB
MemFree:         1310364 kB
MemAvailable:    1516036 kB
Buffers:           46636 kB
Cached:           287060 kB
MemTotal:        1844596 kB
MemFree:         1310364 kB
MemAvailable:    1516072 kB
Buffers:           46636 kB
Cached:           287100 kB
MemTotal:        1844596 kB
MemFree:         1311340 kB
MemAvailable:    1517048 kB
Buffers:           46636 kB
Cached:           287100 kB
MemTotal:        1844596 kB
MemFree:         1311488 kB
MemAvailable:    1517196 kB
Buffers:           46636 kB
Cached:           287100 kB
MemTotal:        1844596 kB
MemFree:         1311084 kB
MemAvailable:    1516792 kB
Buffers:           46636 kB
Cached:           287100 kB
MemTotal:        1844596 kB
MemFree:         1311420 kB
MemAvailable:    1517128 kB
Buffers:           46636 kB
Cached:           287100 kB
MemTotal:        1844596 kB
MemFree:         1311160 kB
MemAvailable:    1516952 kB
Buffers:           46636 kB
Cached:           287224 kB
MemTotal:        1844596 kB
MemFree:         1310316 kB
MemAvailable:    1515436 kB
Buffers:           46636 kB
Cached:           286468 kB
MemTotal:        1844596 kB
MemFree:         1380176 kB
MemAvailable:    1585296 kB
Buffers:           46636 kB
Cached:           286468 kB
