MemTotal:        1844596 kB
MemFree:         1400392 kB
MemAvailable:    1563400 kB
Buffers:           41720 kB
Cached:           253008 kB
MemTotal:        1844596 kB
MemFree:         1397664 kB
MemAvailable:    1560672 kB
Buffers:           41720 kB
Cached:           253008 kB
MemTotal:        1844596 kB
MemFree:         1395424 kB
MemAvailable:    1558432 kB
Buffers:           41720 kB
Cached:           253008 kB
MemTotal:        1844596 kB
MemFree:         1395548 kB
MemAvailable:    1558556 kB
Buffers:           41720 kB
Cached:           253008 kB
MemTotal:        1844596 kB
MemFree:         1395368 kB
MemAvailable:    1558376 kB
Buffers:           41720 kB
Cached:           253008 kB
MemTotal:        1844596 kB
MemFree:         1394752 kB
MemAvailable:    1557760 kB
Buffers:           41720 kB
Cached:           253008 kB
MemTotal:        1844596 kB
MemFree:         1392084 kB
MemAvailable:    1555092 kB
Buffers:           41720 kB
Cached:           253008 kB
MemTotal:        1844596 kB
MemFree:         1389092 kB
MemAvailable:    1552100 kB
Buffers:           41720 kB
Cached:           253008 kB
MemTotal:        1844596 kB
MemFree:         1389092 kB
MemAvailable:    1552100 kB
Buffers:           41720 kB
Cached:           253008 kB
MemTotal:        1844596 kB
MemFree:         1383520 kB
MemAvailable:    1546528 kB
Buffers:           41720 kB
Cached:           253008 kB
MemTotal:        1844596 kB
MemFree:         1385192 kB
MemAvailable:    1548200 kB
Buffers:           41720 kB
Cached:           253008 kB
MemTotal:        1844596 kB
MemFree:         1383952 kB
MemAvailable:    1546960 kB
Buffers:           41720 kB
Cached:           253008 kB
MemTotal:        1844596 kB
MemFree:         1385252 kB
MemAvailable:    1548260 kB
Buffers:           41720 kB
Cached:           253008 kB
MemTotal:        1844596 kB
MemFree:         1384236 kB
MemAvailable:    1547244 kB
Buffers:           41720 kB
Cached:           253008 kB
MemTotal:        1844596 kB
MemFree:         1385412 kB
MemAvailable:    1548420 kB
Buffers:           41720 kB
Cached:           253008 kB
MemTotal:        1844596 kB
MemFree:         1384928 kB
MemAvailable:    1547936 kB
Buffers:           41720 kB
Cached:           253008 kB
MemTotal:        1844596 kB
MemFree:         1385264 kB
MemAvailable:    1548272 kB
Buffers:           41720 kB
Cached:           253008 kB
MemTotal:        1844596 kB
MemFree:         1383264 kB
MemAvailable:    1546272 kB
Buffers:           41720 kB
Cached:           253008 kB
MemTotal:        1844596 kB
MemFree:         1383264 kB
MemAvailable:    1546272 kB
Buffers:           41720 kB
Cached:           253008 kB
MemTotal:        1844596 kB
MemFree:         1381776 kB
MemAvailable:    1544784 kB
Buffers:           41720 kB
Cached:           253008 kB
MemTotal:        1844596 kB
MemFree:         1382852 kB
MemAvailable:    1545864 kB
Buffers:           41720 kB
Cached:           253012 kB
MemTotal:        1844596 kB
MemFree:         1382536 kB
MemAvailable:    1545548 kB
Buffers:           41720 kB
Cached:           253012 kB
MemTotal:        1844596 kB
MemFree:         1382872 kB
MemAvailable:    1545884 kB
Buffers:           41720 kB
Cached:           253012 kB
MemTotal:        1844596 kB
MemFree:         1383124 kB
MemAvailable:    1546136 kB
Buffers:           41720 kB
Cached:           253012 kB
MemTotal:        1844596 kB
MemFree:         1382844 kB
MemAvailable:    1545856 kB
Buffers:           41720 kB
Cached:           253012 kB
MemTotal:        1844596 kB
MemFree:         1381508 kB
MemAvailable:    1544520 kB
Buffers:           41720 kB
Cached:           253012 kB
MemTotal:        1844596 kB
MemFree:         1382956 kB
MemAvailable:    1545968 kB
Buffers:           41720 kB
Cached:           253012 kB
MemTotal:        1844596 kB
MemFree:         1384252 kB
MemAvailable:    1547264 kB
Buffers:           41720 kB
Cached:           253012 kB
MemTotal:        1844596 kB
MemFree:         1384168 kB
MemAvailable:    1547180 kB
Buffers:           41720 kB
Cached:           253012 kB
MemTotal:        1844596 kB
MemFree:         1384140 kB
MemAvailable:    1547152 kB
Buffers:           41720 kB
Cached:           253012 kB
MemTotal:        1844596 kB
MemFree:         1381404 kB
MemAvailable:    1544416 kB
Buffers:           41720 kB
Cached:           253012 kB
MemTotal:        1844596 kB
MemFree:         1381656 kB
MemAvailable:    1544668 kB
Buffers:           41720 kB
Cached:           253012 kB
MemTotal:        1844596 kB
MemFree:         1380280 kB
MemAvailable:    1543292 kB
Buffers:           41720 kB
Cached:           253012 kB
MemTotal:        1844596 kB
MemFree:         1380280 kB
MemAvailable:    1543292 kB
Buffers:           41720 kB
Cached:           253012 kB
MemTotal:        1844596 kB
MemFree:         1378560 kB
MemAvailable:    1541572 kB
Buffers:           41720 kB
Cached:           253012 kB
MemTotal:        1844596 kB
MemFree:         1378700 kB
MemAvailable:    1541712 kB
Buffers:           41720 kB
Cached:           253012 kB
MemTotal:        1844596 kB
MemFree:         1378992 kB
MemAvailable:    1542008 kB
Buffers:           41720 kB
Cached:           253016 kB
MemTotal:        1844596 kB
MemFree:         1377560 kB
MemAvailable:    1540576 kB
Buffers:           41720 kB
Cached:           253016 kB
MemTotal:        1844596 kB
MemFree:         1377692 kB
MemAvailable:    1540708 kB
Buffers:           41720 kB
Cached:           253016 kB
MemTotal:        1844596 kB
MemFree:         1377444 kB
MemAvailable:    1540460 kB
Buffers:           41720 kB
Cached:           253016 kB
MemTotal:        1844596 kB
MemFree:         1377692 kB
MemAvailable:    1540708 kB
Buffers:           41720 kB
Cached:           253016 kB
MemTotal:        1844596 kB
MemFree:         1378532 kB
MemAvailable:    1541548 kB
Buffers:           41720 kB
Cached:           253016 kB
MemTotal:        1844596 kB
MemFree:         1378180 kB
MemAvailable:    1541196 kB
Buffers:           41720 kB
Cached:           253016 kB
MemTotal:        1844596 kB
MemFree:         1378940 kB
MemAvailable:    1541956 kB
Buffers:           41720 kB
Cached:           253016 kB
MemTotal:        1844596 kB
MemFree:         1378196 kB
MemAvailable:    1541212 kB
Buffers:           41720 kB
Cached:           253016 kB
MemTotal:        1844596 kB
MemFree:         1378448 kB
MemAvailable:    1541464 kB
Buffers:           41720 kB
Cached:           253016 kB
MemTotal:        1844596 kB
MemFree:         1376884 kB
MemAvailable:    1539900 kB
Buffers:           41720 kB
Cached:           253016 kB
MemTotal:        1844596 kB
MemFree:         1377080 kB
MemAvailable:    1540096 kB
Buffers:           41720 kB
Cached:           253016 kB
MemTotal:        1844596 kB
MemFree:         1377288 kB
MemAvailable:    1540304 kB
Buffers:           41720 kB
Cached:           253016 kB
MemTotal:        1844596 kB
MemFree:         1377684 kB
MemAvailable:    1540700 kB
Buffers:           41720 kB
Cached:           253016 kB
MemTotal:        1844596 kB
MemFree:         1376568 kB
MemAvailable:    1539584 kB
Buffers:           41720 kB
Cached:           253016 kB
MemTotal:        1844596 kB
MemFree:         1377512 kB
MemAvailable:    1540528 kB
Buffers:           41720 kB
Cached:           253016 kB
MemTotal:        1844596 kB
MemFree:         1377768 kB
MemAvailable:    1540784 kB
Buffers:           41720 kB
Cached:           253016 kB
MemTotal:        1844596 kB
MemFree:         1376264 kB
MemAvailable:    1539280 kB
Buffers:           41720 kB
Cached:           253016 kB
MemTotal:        1844596 kB
MemFree:         1376396 kB
MemAvailable:    1539412 kB
Buffers:           41720 kB
Cached:           253016 kB
MemTotal:        1844596 kB
MemFree:         1377400 kB
MemAvailable:    1540416 kB
Buffers:           41720 kB
Cached:           253016 kB
MemTotal:        1844596 kB
MemFree:         1377568 kB
MemAvailable:    1540584 kB
Buffers:           41720 kB
Cached:           253016 kB
MemTotal:        1844596 kB
MemFree:         1377844 kB
MemAvailable:    1540860 kB
Buffers:           41720 kB
Cached:           253016 kB
MemTotal:        1844596 kB
MemFree:         1377380 kB
MemAvailable:    1540396 kB
Buffers:           41720 kB
Cached:           253016 kB
MemTotal:        1844596 kB
MemFree:         1377380 kB
MemAvailable:    1540396 kB
Buffers:           41720 kB
Cached:           253016 kB
MemTotal:        1844596 kB
MemFree:         1375892 kB
MemAvailable:    1538908 kB
Buffers:           41720 kB
Cached:           253016 kB
MemTotal:        1844596 kB
MemFree:         1376024 kB
MemAvailable:    1539040 kB
Buffers:           41720 kB
Cached:           253016 kB
MemTotal:        1844596 kB
MemFree:         1376024 kB
MemAvailable:    1539040 kB
Buffers:           41720 kB
Cached:           253016 kB
MemTotal:        1844596 kB
MemFree:         1376408 kB
MemAvailable:    1539424 kB
Buffers:           41720 kB
Cached:           253016 kB
MemTotal:        1844596 kB
MemFree:         1376624 kB
MemAvailable:    1539640 kB
Buffers:           41720 kB
Cached:           253016 kB
MemTotal:        1844596 kB
MemFree:         1376876 kB
MemAvailable:    1539892 kB
Buffers:           41720 kB
Cached:           253016 kB
MemTotal:        1844596 kB
MemFree:         1376512 kB
MemAvailable:    1539528 kB
Buffers:           41720 kB
Cached:           253016 kB
MemTotal:        1844596 kB
MemFree:         1376848 kB
MemAvailable:    1539864 kB
Buffers:           41720 kB
Cached:           253016 kB
MemTotal:        1844596 kB
MemFree:         1375524 kB
MemAvailable:    1538540 kB
Buffers:           41720 kB
Cached:           253016 kB
MemTotal:        1844596 kB
MemFree:         1375648 kB
MemAvailable:    1538664 kB
Buffers:           41720 kB
Cached:           253016 kB
MemTotal:        1844596 kB
MemFree:         1376708 kB
MemAvailable:    1539724 kB
Buffers:           41720 kB
Cached:           253016 kB
MemTotal:        1844596 kB
MemFree:         1376744 kB
MemAvailable:    1539760 kB
Buffers:           41720 kB
Cached:           253016 kB
MemTotal:        1844596 kB
MemFree:         1376088 kB
MemAvailable:    1539104 kB
Buffers:           41720 kB
Cached:           253016 kB
MemTotal:        1844596 kB
MemFree:         1376588 kB
MemAvailable:    1539604 kB
Buffers:           41720 kB
Cached:           253016 kB
MemTotal:        1844596 kB
MemFree:         1374460 kB
MemAvailable:    1537476 kB
Buffers:           41720 kB
Cached:           253016 kB
MemTotal:        1844596 kB
MemFree:         1374336 kB
MemAvailable:    1537352 kB
Buffers:           41720 kB
Cached:           253016 kB
MemTotal:        1844596 kB
MemFree:         1370252 kB
MemAvailable:    1533268 kB
Buffers:           41720 kB
Cached:           253016 kB
MemTotal:        1844596 kB
MemFree:         1368888 kB
MemAvailable:    1531904 kB
Buffers:           41720 kB
Cached:           253016 kB
MemTotal:        1844596 kB
MemFree:         1369260 kB
MemAvailable:    1532276 kB
Buffers:           41720 kB
Cached:           253016 kB
MemTotal:        1844596 kB
MemFree:         1367756 kB
MemAvailable:    1530772 kB
Buffers:           41720 kB
Cached:           253016 kB
MemTotal:        1844596 kB
MemFree:         1367904 kB
MemAvailable:    1530920 kB
Buffers:           41720 kB
Cached:           253016 kB
MemTotal:        1844596 kB
MemFree:         1367896 kB
MemAvailable:    1530916 kB
Buffers:           41720 kB
Cached:           253020 kB
MemTotal:        1844596 kB
MemFree:         1369076 kB
MemAvailable:    1532096 kB
Buffers:           41720 kB
Cached:           253020 kB
MemTotal:        1844596 kB
MemFree:         1367516 kB
MemAvailable:    1530536 kB
Buffers:           41720 kB
Cached:           253020 kB
MemTotal:        1844596 kB
MemFree:         1367772 kB
MemAvailable:    1530792 kB
Buffers:           41720 kB
Cached:           253020 kB
MemTotal:        1844596 kB
MemFree:         1367532 kB
MemAvailable:    1530552 kB
Buffers:           41720 kB
Cached:           253020 kB
MemTotal:        1844596 kB
MemFree:         1367400 kB
MemAvailable:    1530420 kB
Buffers:           41720 kB
Cached:           253020 kB
MemTotal:        1844596 kB
MemFree:         1368784 kB
MemAvailable:    1531804 kB
Buffers:           41720 kB
Cached:           253020 kB
MemTotal:        1844596 kB
MemFree:         1367780 kB
MemAvailable:    1530800 kB
Buffers:           41720 kB
Cached:           253020 kB
MemTotal:        1844596 kB
MemFree:         1368820 kB
MemAvailable:    1531840 kB
Buffers:           41720 kB
Cached:           253020 kB
MemTotal:        1844596 kB
MemFree:         1368712 kB
MemAvailable:    1531732 kB
Buffers:           41720 kB
Cached:           253020 kB
MemTotal:        1844596 kB
MemFree:         1367340 kB
MemAvailable:    1530360 kB
Buffers:           41720 kB
Cached:           253020 kB
MemTotal:        1844596 kB
MemFree:         1368748 kB
MemAvailable:    1531768 kB
Buffers:           41720 kB
Cached:           253020 kB
MemTotal:        1844596 kB
MemFree:         1368748 kB
MemAvailable:    1531768 kB
Buffers:           41720 kB
Cached:           253020 kB
MemTotal:        1844596 kB
MemFree:         1368136 kB
MemAvailable:    1531156 kB
Buffers:           41720 kB
Cached:           253020 kB
MemTotal:        1844596 kB
MemFree:         1368472 kB
MemAvailable:    1531492 kB
Buffers:           41720 kB
Cached:           253020 kB
MemTotal:        1844596 kB
MemFree:         1367904 kB
MemAvailable:    1530924 kB
Buffers:           41720 kB
Cached:           253020 kB
MemTotal:        1844596 kB
MemFree:         1366540 kB
MemAvailable:    1529560 kB
Buffers:           41720 kB
Cached:           253020 kB
MemTotal:        1844596 kB
MemFree:         1367248 kB
MemAvailable:    1530272 kB
Buffers:           41720 kB
Cached:           253024 kB
MemTotal:        1844596 kB
MemFree:         1367248 kB
MemAvailable:    1530272 kB
Buffers:           41720 kB
Cached:           253024 kB
MemTotal:        1844596 kB
MemFree:         1366772 kB
MemAvailable:    1529796 kB
Buffers:           41720 kB
Cached:           253024 kB
MemTotal:        1844596 kB
MemFree:         1366652 kB
MemAvailable:    1529676 kB
Buffers:           41720 kB
Cached:           253024 kB
MemTotal:        1844596 kB
MemFree:         1364292 kB
MemAvailable:    1527316 kB
Buffers:           41720 kB
Cached:           253024 kB
MemTotal:        1844596 kB
MemFree:         1366224 kB
MemAvailable:    1529248 kB
Buffers:           41720 kB
Cached:           253024 kB
MemTotal:        1844596 kB
MemFree:         1365276 kB
MemAvailable:    1528300 kB
Buffers:           41720 kB
Cached:           253024 kB
MemTotal:        1844596 kB
MemFree:         1365360 kB
MemAvailable:    1528384 kB
Buffers:           41720 kB
Cached:           253024 kB
MemTotal:        1844596 kB
MemFree:         1365280 kB
MemAvailable:    1528304 kB
Buffers:           41720 kB
Cached:           253024 kB
MemTotal:        1844596 kB
MemFree:         1363860 kB
MemAvailable:    1526884 kB
Buffers:           41720 kB
Cached:           253024 kB
MemTotal:        1844596 kB
MemFree:         1364976 kB
MemAvailable:    1528000 kB
Buffers:           41720 kB
Cached:           253024 kB
MemTotal:        1844596 kB
MemFree:         1363936 kB
MemAvailable:    1526960 kB
Buffers:           41720 kB
Cached:           253024 kB
MemTotal:        1844596 kB
MemFree:         1364736 kB
MemAvailable:    1527760 kB
Buffers:           41720 kB
Cached:           253024 kB
MemTotal:        1844596 kB
MemFree:         1364988 kB
MemAvailable:    1528012 kB
Buffers:           41720 kB
Cached:           253024 kB
MemTotal:        1844596 kB
MemFree:         1364808 kB
MemAvailable:    1527832 kB
Buffers:           41720 kB
Cached:           253024 kB
MemTotal:        1844596 kB
MemFree:         1364928 kB
MemAvailable:    1527952 kB
Buffers:           41720 kB
Cached:           253024 kB
MemTotal:        1844596 kB
MemFree:         1364184 kB
MemAvailable:    1527208 kB
Buffers:           41720 kB
Cached:           253024 kB
MemTotal:        1844596 kB
MemFree:         1363544 kB
MemAvailable:    1526568 kB
Buffers:           41720 kB
Cached:           253024 kB
MemTotal:        1844596 kB
MemFree:         1363676 kB
MemAvailable:    1526700 kB
Buffers:           41720 kB
Cached:           253024 kB
MemTotal:        1844596 kB
MemFree:         1363316 kB
MemAvailable:    1526340 kB
Buffers:           41720 kB
Cached:           253024 kB
MemTotal:        1844596 kB
MemFree:         1364168 kB
MemAvailable:    1527192 kB
Buffers:           41720 kB
Cached:           253024 kB
MemTotal:        1844596 kB
MemFree:         1363440 kB
MemAvailable:    1526464 kB
Buffers:           41720 kB
Cached:           253024 kB
MemTotal:        1844596 kB
MemFree:         1356000 kB
MemAvailable:    1519024 kB
Buffers:           41720 kB
Cached:           253024 kB
MemTotal:        1844596 kB
MemFree:         1355860 kB
MemAvailable:    1518884 kB
Buffers:           41720 kB
Cached:           253024 kB
MemTotal:        1844596 kB
MemFree:         1355256 kB
MemAvailable:    1518280 kB
Buffers:           41720 kB
Cached:           253024 kB
MemTotal:        1844596 kB
MemFree:         1354364 kB
MemAvailable:    1517388 kB
Buffers:           41720 kB
Cached:           253024 kB
MemTotal:        1844596 kB
MemFree:         1354372 kB
MemAvailable:    1517396 kB
Buffers:           41720 kB
Cached:           253024 kB
MemTotal:        1844596 kB
MemFree:         1355548 kB
MemAvailable:    1518572 kB
Buffers:           41720 kB
Cached:           253024 kB
MemTotal:        1844596 kB
MemFree:         1355548 kB
MemAvailable:    1518572 kB
Buffers:           41720 kB
Cached:           253024 kB
MemTotal:        1844596 kB
MemFree:         1356408 kB
MemAvailable:    1519432 kB
Buffers:           41720 kB
Cached:           253024 kB
MemTotal:        1844596 kB
MemFree:         1357508 kB
MemAvailable:    1520532 kB
Buffers:           41720 kB
Cached:           253024 kB
MemTotal:        1844596 kB
MemFree:         1357680 kB
MemAvailable:    1520704 kB
Buffers:           41720 kB
Cached:           253024 kB
MemTotal:        1844596 kB
MemFree:         1356308 kB
MemAvailable:    1519416 kB
Buffers:           41720 kB
Cached:           253148 kB
MemTotal:        1844596 kB
MemFree:         1356308 kB
MemAvailable:    1519584 kB
Buffers:           41720 kB
Cached:           253272 kB
MemTotal:        1844596 kB
MemFree:         1357352 kB
MemAvailable:    1520712 kB
Buffers:           41720 kB
Cached:           253396 kB
MemTotal:        1844596 kB
MemFree:         1357012 kB
MemAvailable:    1520540 kB
Buffers:           41720 kB
Cached:           253520 kB
MemTotal:        1844596 kB
MemFree:         1357348 kB
MemAvailable:    1520876 kB
Buffers:           41720 kB
Cached:           253520 kB
MemTotal:        1844596 kB
MemFree:         1356936 kB
MemAvailable:    1520548 kB
Buffers:           41720 kB
Cached:           253644 kB
MemTotal:        1844596 kB
MemFree:         1357188 kB
MemAvailable:    1520800 kB
Buffers:           41720 kB
Cached:           253644 kB
MemTotal:        1844596 kB
MemFree:         1355824 kB
MemAvailable:    1519436 kB
Buffers:           41720 kB
Cached:           253644 kB
MemTotal:        1844596 kB
MemFree:         1355700 kB
MemAvailable:    1519312 kB
Buffers:           41720 kB
Cached:           253644 kB
MemTotal:        1844596 kB
MemFree:         1355816 kB
MemAvailable:    1519428 kB
Buffers:           41720 kB
Cached:           253644 kB
MemTotal:        1844596 kB
MemFree:         1355816 kB
MemAvailable:    1519428 kB
Buffers:           41720 kB
Cached:           253644 kB
MemTotal:        1844596 kB
MemFree:         1355552 kB
MemAvailable:    1519164 kB
Buffers:           41720 kB
Cached:           253644 kB
MemTotal:        1844596 kB
MemFree:         1355428 kB
MemAvailable:    1519124 kB
Buffers:           41720 kB
Cached:           253768 kB
MemTotal:        1844596 kB
MemFree:         1411520 kB
MemAvailable:    1574544 kB
Buffers:           41720 kB
Cached:           253012 kB
