MemTotal:        1844596 kB
MemFree:         1528020 kB
MemAvailable:    1572504 kB
Buffers:           26088 kB
Cached:           152112 kB
MemTotal:        1844596 kB
MemFree:         1524920 kB
MemAvailable:    1569404 kB
Buffers:           26088 kB
Cached:           152112 kB
MemTotal:        1844596 kB
MemFree:         1523308 kB
MemAvailable:    1567792 kB
Buffers:           26088 kB
Cached:           152112 kB
MemTotal:        1844596 kB
MemFree:         1522804 kB
MemAvailable:    1567288 kB
Buffers:           26088 kB
Cached:           152112 kB
MemTotal:        1844596 kB
MemFree:         1522324 kB
MemAvailable:    1566808 kB
Buffers:           26088 kB
Cached:           152112 kB
MemTotal:        1844596 kB
MemFree:         1521312 kB
MemAvailable:    1565796 kB
Buffers:           26088 kB
Cached:           152112 kB
MemTotal:        1844596 kB
MemFree:         1521200 kB
MemAvailable:    1565684 kB
Buffers:           26088 kB
Cached:           152112 kB
MemTotal:        1844596 kB
MemFree:         1519720 kB
MemAvailable:    1564204 kB
Buffers:           26088 kB
Cached:           152112 kB
MemTotal:        1844596 kB
MemFree:         1517840 kB
MemAvailable:    1562324 kB
Buffers:           26088 kB
Cached:           152112 kB
MemTotal:        1844596 kB
MemFree:         1516072 kB
MemAvailable:    1560556 kB
Buffers:           26088 kB
Cached:           152112 kB
MemTotal:        1844596 kB
MemFree:         1511644 kB
MemAvailable:    1556128 kB
Buffers:           26088 kB
Cached:           152112 kB
MemTotal:        1844596 kB
MemFree:         1511644 kB
MemAvailable:    1556128 kB
Buffers:           26088 kB
Cached:           152112 kB
MemTotal:        1844596 kB
MemFree:         1512556 kB
MemAvailable:    1557040 kB
Buffers:           26088 kB
Cached:           152112 kB
MemTotal:        1844596 kB
MemFree:         1512892 kB
MemAvailable:    1557376 kB
Buffers:           26088 kB
Cached:           152112 kB
MemTotal:        1844596 kB
MemFree:         1512796 kB
MemAvailable:    1557280 kB
Buffers:           26088 kB
Cached:           152112 kB
MemTotal:        1844596 kB
MemFree:         1512156 kB
MemAvailable:    1556640 kB
Buffers:           26088 kB
Cached:           152112 kB
MemTotal:        1844596 kB
MemFree:         1512580 kB
MemAvailable:    1557064 kB
Buffers:           26088 kB
Cached:           152112 kB
MemTotal:        1844596 kB
MemFree:         1511348 kB
MemAvailable:    1555832 kB
Buffers:           26088 kB
Cached:           152112 kB
MemTotal:        1844596 kB
MemFree:         1510412 kB
MemAvailable:    1554896 kB
Buffers:           26088 kB
Cached:           152112 kB
MemTotal:        1844596 kB
MemFree:         1509676 kB
MemAvailable:    1554160 kB
Buffers:           26088 kB
Cached:           152112 kB
MemTotal:        1844596 kB
MemFree:         1510280 kB
MemAvailable:    1554764 kB
Buffers:           26088 kB
Cached:           152112 kB
MemTotal:        1844596 kB
MemFree:         1510364 kB
MemAvailable:    1554848 kB
Buffers:           26088 kB
Cached:           152112 kB
MemTotal:        1844596 kB
MemFree:         1510228 kB
MemAvailable:    1554712 kB
Buffers:           26088 kB
Cached:           152112 kB
MemTotal:        1844596 kB
MemFree:         1510480 kB
MemAvailable:    1554964 kB
Buffers:           26088 kB
Cached:           152112 kB
MemTotal:        1844596 kB
MemFree:         1509968 kB
MemAvailable:    1554452 kB
Buffers:           26088 kB
Cached:           152112 kB
MemTotal:        1844596 kB
MemFree:         1510304 kB
MemAvailable:    1554788 kB
Buffers:           26088 kB
Cached:           152112 kB
MemTotal:        1844596 kB
MemFree:         1510096 kB
MemAvailable:    1554580 kB
Buffers:           26088 kB
Cached:           152112 kB
MemTotal:        1844596 kB
MemFree:         1509760 kB
MemAvailable:    1554244 kB
Buffers:           26088 kB
Cached:           152112 kB
MemTotal:        1844596 kB
MemFree:         1510704 kB
MemAvailable:    1555192 kB
Buffers:           26088 kB
Cached:           152116 kB
MemTotal:        1844596 kB
MemFree:         1509436 kB
MemAvailable:    1553924 kB
Buffers:           26088 kB
Cached:           152116 kB
MemTotal:        1844596 kB
MemFree:         1511476 kB
MemAvailable:    1555968 kB
Buffers:           26088 kB
Cached:           152120 kB
MemTotal:        1844596 kB
MemFree:         1511728 kB
MemAvailable:    1556220 kB
Buffers:           26088 kB
Cached:           152120 kB
MemTotal:        1844596 kB
MemFree:         1511412 kB
MemAvailable:    1555904 kB
Buffers:           26088 kB
Cached:           152120 kB
MemTotal:        1844596 kB
MemFree:         1508048 kB
MemAvailable:    1552540 kB
Buffers:           26088 kB
Cached:           152120 kB
MemTotal:        1844596 kB
MemFree:         1508048 kB
MemAvailable:    1552540 kB
Buffers:           26088 kB
Cached:           152120 kB
MemTotal:        1844596 kB
MemFree:         1507620 kB
MemAvailable:    1552112 kB
Buffers:           26088 kB
Cached:           152120 kB
MemTotal:        1844596 kB
MemFree:         1507620 kB
MemAvailable:    1552112 kB
Buffers:           26088 kB
Cached:           152120 kB
MemTotal:        1844596 kB
MemFree:         1507032 kB
MemAvailable:    1551524 kB
Buffers:           26088 kB
Cached:           152120 kB
MemTotal:        1844596 kB
MemFree:         1507260 kB
MemAvailable:    1551752 kB
Buffers:           26088 kB
Cached:           152120 kB
MemTotal:        1844596 kB
MemFree:         1506056 kB
MemAvailable:    1550548 kB
Buffers:           26088 kB
Cached:           152120 kB
MemTotal:        1844596 kB
MemFree:         1506140 kB
MemAvailable:    1550632 kB
Buffers:           26088 kB
Cached:           152120 kB
MemTotal:        1844596 kB
MemFree:         1505872 kB
MemAvailable:    1550364 kB
Buffers:           26088 kB
Cached:           152120 kB
MemTotal:        1844596 kB
MemFree:         1506208 kB
MemAvailable:    1550700 kB
Buffers:           26088 kB
Cached:           152120 kB
MemTotal:        1844596 kB
MemFree:         1505948 kB
MemAvailable:    1550440 kB
Buffers:           26088 kB
Cached:           152120 kB
MemTotal:        1844596 kB
MemFree:         1506008 kB
MemAvailable:    1550500 kB
Buffers:           26088 kB
Cached:           152120 kB
MemTotal:        1844596 kB
MemFree:         1505328 kB
MemAvailable:    1549820 kB
Buffers:           26088 kB
Cached:           152120 kB
MemTotal:        1844596 kB
MemFree:         1505768 kB
MemAvailable:    1550260 kB
Buffers:           26088 kB
Cached:           152120 kB
MemTotal:        1844596 kB
MemFree:         1505320 kB
MemAvailable:    1549812 kB
Buffers:           26088 kB
Cached:           152120 kB
MemTotal:        1844596 kB
MemFree:         1505320 kB
MemAvailable:    1549812 kB
Buffers:           26088 kB
Cached:           152120 kB
MemTotal:        1844596 kB
MemFree:         1505020 kB
MemAvailable:    1549512 kB
Buffers:           26088 kB
Cached:           152120 kB
MemTotal:        1844596 kB
MemFree:         1504968 kB
MemAvailable:    1549460 kB
Buffers:           26088 kB
Cached:           152120 kB
MemTotal:        1844596 kB
MemFree:         1503776 kB
MemAvailable:    1548268 kB
Buffers:           26088 kB
Cached:           152120 kB
MemTotal:        1844596 kB
MemFree:         1505052 kB
MemAvailable:    1549544 kB
Buffers:           26088 kB
Cached:           152120 kB
MemTotal:        1844596 kB
MemFree:         1505304 kB
MemAvailable:    1549796 kB
Buffers:           26088 kB
Cached:           152120 kB
MemTotal:        1844596 kB
MemFree:         1504892 kB
MemAvailable:    1549384 kB
Buffers:           26088 kB
Cached:           152120 kB
MemTotal:        1844596 kB
MemFree:         1505228 kB
MemAvailable:    1549720 kB
Buffers:           26088 kB
Cached:           152120 kB
MemTotal:        1844596 kB
MemFree:         1505152 kB
MemAvailable:    1549644 kB
Buffers:           26088 kB
Cached:           152120 kB
MemTotal:        1844596 kB
MemFree:         1505124 kB
MemAvailable:    1549616 kB
Buffers:           26088 kB
Cached:           152120 kB
MemTotal:        1844596 kB
MemFree:         1504468 kB
MemAvailable:    1548960 kB
Buffers:           26088 kB
Cached:           152120 kB
MemTotal:        1844596 kB
MemFree:         1505128 kB
MemAvailable:    1549620 kB
Buffers:           26088 kB
Cached:           152120 kB
MemTotal:        1844596 kB
MemFree:         1504840 kB
MemAvailable:    1549332 kB
Buffers:           26088 kB
Cached:           152120 kB
MemTotal:        1844596 kB
MemFree:         1504968 kB
MemAvailable:    1549460 kB
Buffers:           26088 kB
Cached:           152120 kB
MemTotal:        1844596 kB
MemFree:         1503972 kB
MemAvailable:    1548464 kB
Buffers:           26088 kB
Cached:           152120 kB
MemTotal:        1844596 kB
MemFree:         1504596 kB
MemAvailable:    1549088 kB
Buffers:           26088 kB
Cached:           152120 kB
MemTotal:        1844596 kB
MemFree:         1504396 kB
MemAvailable:    1548888 kB
Buffers:           26088 kB
Cached:           152120 kB
MemTotal:        1844596 kB
MemFree:         1504344 kB
MemAvailable:    1548836 kB
Buffers:           26088 kB
Cached:           152120 kB
MemTotal:        1844596 kB
MemFree:         1504164 kB
MemAvailable:    1548656 kB
Buffers:           26088 kB
Cached:           152120 kB
MemTotal:        1844596 kB
MemFree:         1502916 kB
MemAvailable:    1547408 kB
Buffers:           26088 kB
Cached:           152120 kB
MemTotal:        1844596 kB
MemFree:         1504092 kB
MemAvailable:    1548584 kB
Buffers:           26088 kB
Cached:           152120 kB
MemTotal:        1844596 kB
MemFree:         1503352 kB
MemAvailable:    1547844 kB
Buffers:           26088 kB
Cached:           152120 kB
MemTotal:        1844596 kB
MemFree:         1504168 kB
MemAvailable:    1548660 kB
Buffers:           26088 kB
Cached:           152120 kB
MemTotal:        1844596 kB
MemFree:         1503476 kB
MemAvailable:    1547968 kB
Buffers:           26088 kB
Cached:           152120 kB
MemTotal:        1844596 kB
MemFree:         1502800 kB
MemAvailable:    1547292 kB
Buffers:           26088 kB
Cached:           152120 kB
MemTotal:        1844596 kB
MemFree:         1503092 kB
MemAvailable:    1547584 kB
Buffers:           26088 kB
Cached:           152120 kB
MemTotal:        1844596 kB
MemFree:         1504160 kB
MemAvailable:    1548652 kB
Buffers:           26088 kB
Cached:           152120 kB
MemTotal:        1844596 kB
MemFree:         1503036 kB
MemAvailable:    1547528 kB
Buffers:           26088 kB
Cached:           152120 kB
MemTotal:        1844596 kB
MemFree:         1502236 kB
MemAvailable:    1546728 kB
Buffers:           26088 kB
Cached:           152120 kB
MemTotal:        1844596 kB
MemFree:         1499864 kB
MemAvailable:    1544356 kB
Buffers:           26088 kB
Cached:           152120 kB
MemTotal:        1844596 kB
MemFree:         1499824 kB
MemAvailable:    1544316 kB
Buffers:           26088 kB
Cached:           152120 kB
MemTotal:        1844596 kB
MemFree:         1495788 kB
MemAvailable:    1540280 kB
Buffers:           26088 kB
Cached:           152120 kB
MemTotal:        1844596 kB
MemFree:         1496952 kB
MemAvailable:    1541444 kB
Buffers:           26088 kB
Cached:           152120 kB
MemTotal:        1844596 kB
MemFree:         1495540 kB
MemAvailable:    1540032 kB
Buffers:           26088 kB
Cached:           152120 kB
MemTotal:        1844596 kB
MemFree:         1496344 kB
MemAvailable:    1540840 kB
Buffers:           26088 kB
Cached:           152124 kB
MemTotal:        1844596 kB
MemFree:         1496228 kB
MemAvailable:    1540724 kB
Buffers:           26088 kB
Cached:           152124 kB
MemTotal:        1844596 kB
MemFree:         1496284 kB
MemAvailable:    1540780 kB
Buffers:           26088 kB
Cached:           152124 kB
MemTotal:        1844596 kB
MemFree:         1495964 kB
MemAvailable:    1540460 kB
Buffers:           26088 kB
Cached:           152124 kB
MemTotal:        1844596 kB
MemFree:         1496300 kB
MemAvailable:    1540796 kB
Buffers:           26088 kB
Cached:           152124 kB
MemTotal:        1844596 kB
MemFree:         1496284 kB
MemAvailable:    1540780 kB
Buffers:           26088 kB
Cached:           152124 kB
MemTotal:        1844596 kB
MemFree:         1495540 kB
MemAvailable:    1540036 kB
Buffers:           26088 kB
Cached:           152124 kB
MemTotal:        1844596 kB
MemFree:         1496132 kB
MemAvailable:    1540628 kB
Buffers:           26088 kB
Cached:           152124 kB
MemTotal:        1844596 kB
MemFree:         1496144 kB
MemAvailable:    1540640 kB
Buffers:           26088 kB
Cached:           152124 kB
MemTotal:        1844596 kB
MemFree:         1496160 kB
MemAvailable:    1540656 kB
Buffers:           26088 kB
Cached:           152124 kB
MemTotal:        1844596 kB
MemFree:         1496236 kB
MemAvailable:    1540732 kB
Buffers:           26088 kB
Cached:           152124 kB
MemTotal:        1844596 kB
MemFree:         1496408 kB
MemAvailable:    1540904 kB
Buffers:           26088 kB
Cached:           152124 kB
MemTotal:        1844596 kB
MemFree:         1495540 kB
MemAvailable:    1540036 kB
Buffers:           26088 kB
Cached:           152124 kB
MemTotal:        1844596 kB
MemFree:         1496064 kB
MemAvailable:    1540564 kB
Buffers:           26088 kB
Cached:           152128 kB
MemTotal:        1844596 kB
MemFree:         1496148 kB
MemAvailable:    1540648 kB
Buffers:           26088 kB
Cached:           152128 kB
MemTotal:        1844596 kB
MemFree:         1495724 kB
MemAvailable:    1540224 kB
Buffers:           26088 kB
Cached:           152128 kB
MemTotal:        1844596 kB
MemFree:         1495152 kB
MemAvailable:    1539652 kB
Buffers:           26088 kB
Cached:           152128 kB
MemTotal:        1844596 kB
MemFree:         1494672 kB
MemAvailable:    1539172 kB
Buffers:           26088 kB
Cached:           152128 kB
MemTotal:        1844596 kB
MemFree:         1494724 kB
MemAvailable:    1539224 kB
Buffers:           26088 kB
Cached:           152128 kB
MemTotal:        1844596 kB
MemFree:         1495060 kB
MemAvailable:    1539560 kB
Buffers:           26088 kB
Cached:           152128 kB
MemTotal:        1844596 kB
MemFree:         1494408 kB
MemAvailable:    1538908 kB
Buffers:           26088 kB
Cached:           152128 kB
MemTotal:        1844596 kB
MemFree:         1494408 kB
MemAvailable:    1538908 kB
Buffers:           26088 kB
Cached:           152128 kB
MemTotal:        1844596 kB
MemFree:         1493492 kB
MemAvailable:    1537992 kB
Buffers:           26088 kB
Cached:           152128 kB
MemTotal:        1844596 kB
MemFree:         1492060 kB
MemAvailable:    1536560 kB
Buffers:           26088 kB
Cached:           152128 kB
MemTotal:        1844596 kB
MemFree:         1492664 kB
MemAvailable:    1537164 kB
Buffers:           26088 kB
Cached:           152128 kB
MemTotal:        1844596 kB
MemFree:         1492764 kB
MemAvailable:    1537264 kB
Buffers:           26088 kB
Cached:           152128 kB
MemTotal:        1844596 kB
MemFree:         1492864 kB
MemAvailable:    1537364 kB
Buffers:           26088 kB
Cached:           152128 kB
MemTotal:        1844596 kB
MemFree:         1490752 kB
MemAvailable:    1535252 kB
Buffers:           26088 kB
Cached:           152128 kB
MemTotal:        1844596 kB
MemFree:         1492768 kB
MemAvailable:    1537268 kB
Buffers:           26088 kB
Cached:           152128 kB
MemTotal:        1844596 kB
MemFree:         1492168 kB
MemAvailable:    1536668 kB
Buffers:           26088 kB
Cached:           152128 kB
MemTotal:        1844596 kB
MemFree:         1492168 kB
MemAvailable:    1536668 kB
Buffers:           26088 kB
Cached:           152128 kB
MemTotal:        1844596 kB
MemFree:         1492256 kB
MemAvailable:    1536756 kB
Buffers:           26088 kB
Cached:           152128 kB
MemTotal:        1844596 kB
MemFree:         1492460 kB
MemAvailable:    1536960 kB
Buffers:           26088 kB
Cached:           152128 kB
MemTotal:        1844596 kB
MemFree:         1491580 kB
MemAvailable:    1536080 kB
Buffers:           26088 kB
Cached:           152128 kB
MemTotal:        1844596 kB
MemFree:         1492572 kB
MemAvailable:    1537072 kB
Buffers:           26088 kB
Cached:           152128 kB
MemTotal:        1844596 kB
MemFree:         1491456 kB
MemAvailable:    1535956 kB
Buffers:           26088 kB
Cached:           152128 kB
MemTotal:        1844596 kB
MemFree:         1492264 kB
MemAvailable:    1536764 kB
Buffers:           26088 kB
Cached:           152128 kB
MemTotal:        1844596 kB
MemFree:         1492516 kB
MemAvailable:    1537016 kB
Buffers:           26088 kB
Cached:           152128 kB
MemTotal:        1844596 kB
MemFree:         1490828 kB
MemAvailable:    1535328 kB
Buffers:           26088 kB
Cached:           152128 kB
MemTotal:        1844596 kB
MemFree:         1490712 kB
MemAvailable:    1535212 kB
Buffers:           26088 kB
Cached:           152128 kB
MemTotal:        1844596 kB
MemFree:         1491820 kB
MemAvailable:    1536320 kB
Buffers:           26088 kB
Cached:           152128 kB
MemTotal:        1844596 kB
MemFree:         1481900 kB
MemAvailable:    1526400 kB
Buffers:           26088 kB
Cached:           152128 kB
MemTotal:        1844596 kB
MemFree:         1483256 kB
MemAvailable:    1527756 kB
Buffers:           26088 kB
Cached:           152128 kB
MemTotal:        1844596 kB
MemFree:         1483132 kB
MemAvailable:    1527632 kB
Buffers:           26088 kB
Cached:           152128 kB
MemTotal:        1844596 kB
MemFree:         1481776 kB
MemAvailable:    1526276 kB
Buffers:           26088 kB
Cached:           152128 kB
MemTotal:        1844596 kB
MemFree:         1481768 kB
MemAvailable:    1526268 kB
Buffers:           26088 kB
Cached:           152128 kB
MemTotal:        1844596 kB
MemFree:         1483000 kB
MemAvailable:    1527500 kB
Buffers:           26088 kB
Cached:           152128 kB
MemTotal:        1844596 kB
MemFree:         1483252 kB
MemAvailable:    1527752 kB
Buffers:           26088 kB
Cached:           152128 kB
MemTotal:        1844596 kB
MemFree:         1485028 kB
MemAvailable:    1529528 kB
Buffers:           26088 kB
Cached:           152128 kB
MemTotal:        1844596 kB
MemFree:         1484736 kB
MemAvailable:    1529320 kB
Buffers:           26088 kB
Cached:           152252 kB
MemTotal:        1844596 kB
MemFree:         1484736 kB
MemAvailable:    1529320 kB
Buffers:           26088 kB
Cached:           152252 kB
MemTotal:        1844596 kB
MemFree:         1484756 kB
MemAvailable:    1529424 kB
Buffers:           26088 kB
Cached:           152376 kB
MemTotal:        1844596 kB
MemFree:         1484668 kB
MemAvailable:    1529420 kB
Buffers:           26088 kB
Cached:           152500 kB
MemTotal:        1844596 kB
MemFree:         1483644 kB
MemAvailable:    1528480 kB
Buffers:           26088 kB
Cached:           152500 kB
MemTotal:        1844596 kB
MemFree:         1484192 kB
MemAvailable:    1529196 kB
Buffers:           26088 kB
Cached:           152748 kB
MemTotal:        1844596 kB
MemFree:         1484528 kB
MemAvailable:    1529532 kB
Buffers:           26088 kB
Cached:           152748 kB
MemTotal:        1844596 kB
MemFree:         1484260 kB
MemAvailable:    1529348 kB
Buffers:           26088 kB
Cached:           152748 kB
MemTotal:        1844596 kB
MemFree:         1484304 kB
MemAvailable:    1529392 kB
Buffers:           26088 kB
Cached:           152748 kB
MemTotal:        1844596 kB
MemFree:         1484324 kB
MemAvailable:    1529412 kB
Buffers:           26088 kB
Cached:           152748 kB
MemTotal:        1844596 kB
MemFree:         1484116 kB
MemAvailable:    1529204 kB
Buffers:           26088 kB
Cached:           152748 kB
MemTotal:        1844596 kB
MemFree:         1484116 kB
MemAvailable:    1529204 kB
Buffers:           26088 kB
Cached:           152748 kB
MemTotal:        1844596 kB
MemFree:         1484188 kB
MemAvailable:    1529276 kB
Buffers:           26088 kB
Cached:           152748 kB
MemTotal:        1844596 kB
MemFree:         1484440 kB
MemAvailable:    1529528 kB
Buffers:           26088 kB
Cached:           152748 kB
MemTotal:        1844596 kB
MemFree:         1484480 kB
MemAvailable:    1528980 kB
Buffers:           26088 kB
Cached:           152116 kB
MemTotal:        1844596 kB
MemFree:         1484480 kB
MemAvailable:    1528980 kB
Buffers:           26088 kB
Cached:           152116 kB
MemTotal:        1844596 kB
MemFree:         1552860 kB
MemAvailable:    1597400 kB
Buffers:           26088 kB
Cached:           152160 kB
