MemTotal:        1844596 kB
MemFree:         1237348 kB
MemAvailable:    1544832 kB
Buffers:           57612 kB
Cached:           368876 kB
MemTotal:        1844596 kB
MemFree:         1235736 kB
MemAvailable:    1543220 kB
Buffers:           57612 kB
Cached:           368876 kB
MemTotal:        1844596 kB
MemFree:         1234892 kB
MemAvailable:    1542376 kB
Buffers:           57612 kB
Cached:           368876 kB
MemTotal:        1844596 kB
MemFree:         1235256 kB
MemAvailable:    1542740 kB
Buffers:           57612 kB
Cached:           368876 kB
MemTotal:        1844596 kB
MemFree:         1233960 kB
MemAvailable:    1541444 kB
Buffers:           57612 kB
Cached:           368876 kB
MemTotal:        1844596 kB
MemFree:         1233388 kB
MemAvailable:    1540872 kB
Buffers:           57612 kB
Cached:           368876 kB
MemTotal:        1844596 kB
MemFree:         1233472 kB
MemAvailable:    1540956 kB
Buffers:           57612 kB
Cached:           368876 kB
MemTotal:        1844596 kB
MemFree:         1229908 kB
MemAvailable:    1537392 kB
Buffers:           57612 kB
Cached:           368876 kB
MemTotal:        1844596 kB
MemFree:         1229676 kB
MemAvailable:    1537160 kB
Buffers:           57612 kB
Cached:           368876 kB
MemTotal:        1844596 kB
MemFree:         1226088 kB
MemAvailable:    1533572 kB
Buffers:           57612 kB
Cached:           368876 kB
MemTotal:        1844596 kB
MemFree:         1223048 kB
MemAvailable:    1530532 kB
Buffers:           57612 kB
Cached:           368876 kB
MemTotal:        1844596 kB
MemFree:         1224084 kB
MemAvailable:    1531568 kB
Buffers:           57612 kB
Cached:           368876 kB
MemTotal:        1844596 kB
MemFree:         1222740 kB
MemAvailable:    1530224 kB
Buffers:           57612 kB
Cached:           368876 kB
MemTotal:        1844596 kB
MemFree:         1223916 kB
MemAvailable:    1531400 kB
Buffers:           57612 kB
Cached:           368876 kB
MemTotal:        1844596 kB
MemFree:         1224168 kB
MemAvailable:    1531652 kB
Buffers:           57612 kB
Cached:           368876 kB
MemTotal:        1844596 kB
MemFree:         1223776 kB
MemAvailable:    1531260 kB
Buffers:           57612 kB
Cached:           368876 kB
MemTotal:        1844596 kB
MemFree:         1224028 kB
MemAvailable:    1531512 kB
Buffers:           57612 kB
Cached:           368876 kB
MemTotal:        1844596 kB
MemFree:         1221872 kB
MemAvailable:    1529356 kB
Buffers:           57612 kB
Cached:           368876 kB
MemTotal:        1844596 kB
MemFree:         1222180 kB
MemAvailable:    1529664 kB
Buffers:           57612 kB
Cached:           368876 kB
MemTotal:        1844596 kB
MemFree:         1221748 kB
MemAvailable:    1529232 kB
Buffers:           57612 kB
Cached:           368876 kB
MemTotal:        1844596 kB
MemFree:         1221624 kB
MemAvailable:    1529116 kB
Buffers:           57612 kB
Cached:           368880 kB
MemTotal:        1844596 kB
MemFree:         1220632 kB
MemAvailable:    1528124 kB
Buffers:           57612 kB
Cached:           368880 kB
MemTotal:        1844596 kB
MemFree:         1221632 kB
MemAvailable:    1529124 kB
Buffers:           57612 kB
Cached:           368880 kB
MemTotal:        1844596 kB
MemFree:         1221676 kB
MemAvailable:    1529168 kB
Buffers:           57612 kB
Cached:           368880 kB
MemTotal:        1844596 kB
MemFree:         1221436 kB
MemAvailable:    1528928 kB
Buffers:           57612 kB
Cached:           368880 kB
MemTotal:        1844596 kB
MemFree:         1221476 kB
MemAvailable:    1528968 kB
Buffers:           57612 kB
Cached:           368880 kB
MemTotal:        1844596 kB
MemFree:         1221476 kB
MemAvailable:    1528968 kB
Buffers:           57612 kB
Cached:           368880 kB
MemTotal:        1844596 kB
MemFree:         1222544 kB
MemAvailable:    1530036 kB
Buffers:           57612 kB
Cached:           368880 kB
MemTotal:        1844596 kB
MemFree:         1222796 kB
MemAvailable:    1530288 kB
Buffers:           57612 kB
Cached:           368880 kB
MemTotal:        1844596 kB
MemFree:         1221596 kB
MemAvailable:    1529088 kB
Buffers:           57612 kB
Cached:           368880 kB
MemTotal:        1844596 kB
MemFree:         1222120 kB
MemAvailable:    1529612 kB
Buffers:           57612 kB
Cached:           368880 kB
MemTotal:        1844596 kB
MemFree:         1219020 kB
MemAvailable:    1526512 kB
Buffers:           57612 kB
Cached:           368880 kB
MemTotal:        1844596 kB
MemFree:         1218268 kB
MemAvailable:    1525760 kB
Buffers:           57612 kB
Cached:           368880 kB
MemTotal:        1844596 kB
MemFree:         1218832 kB
MemAvailable:    1526324 kB
Buffers:           57612 kB
Cached:           368880 kB
MemTotal:        1844596 kB
MemFree:         1218712 kB
MemAvailable:    1526204 kB
Buffers:           57612 kB
Cached:           368880 kB
MemTotal:        1844596 kB
MemFree:         1218224 kB
MemAvailable:    1525716 kB
Buffers:           57612 kB
Cached:           368880 kB
MemTotal:        1844596 kB
MemFree:         1217592 kB
MemAvailable:    1525088 kB
Buffers:           57612 kB
Cached:           368884 kB
MemTotal:        1844596 kB
MemFree:         1217460 kB
MemAvailable:    1524956 kB
Buffers:           57612 kB
Cached:           368884 kB
MemTotal:        1844596 kB
MemFree:         1217460 kB
MemAvailable:    1524956 kB
Buffers:           57612 kB
Cached:           368884 kB
MemTotal:        1844596 kB
MemFree:         1217268 kB
MemAvailable:    1524764 kB
Buffers:           57612 kB
Cached:           368884 kB
MemTotal:        1844596 kB
MemFree:         1217268 kB
MemAvailable:    1524764 kB
Buffers:           57612 kB
Cached:           368884 kB
MemTotal:        1844596 kB
MemFree:         1217288 kB
MemAvailable:    1524784 kB
Buffers:           57612 kB
Cached:           368884 kB
MemTotal:        1844596 kB
MemFree:         1216024 kB
MemAvailable:    1523520 kB
Buffers:           57612 kB
Cached:           368884 kB
MemTotal:        1844596 kB
MemFree:         1217136 kB
MemAvailable:    1524632 kB
Buffers:           57612 kB
Cached:           368884 kB
MemTotal:        1844596 kB
MemFree:         1217136 kB
MemAvailable:    1524632 kB
Buffers:           57612 kB
Cached:           368884 kB
MemTotal:        1844596 kB
MemFree:         1215524 kB
MemAvailable:    1523020 kB
Buffers:           57612 kB
Cached:           368884 kB
MemTotal:        1844596 kB
MemFree:         1215648 kB
MemAvailable:    1523044 kB
Buffers:           57612 kB
Cached:           368884 kB
MemTotal:        1844596 kB
MemFree:         1215160 kB
MemAvailable:    1522656 kB
Buffers:           57612 kB
Cached:           368884 kB
MemTotal:        1844596 kB
MemFree:         1216276 kB
MemAvailable:    1523772 kB
Buffers:           57612 kB
Cached:           368884 kB
MemTotal:        1844596 kB
MemFree:         1215284 kB
MemAvailable:    1522780 kB
Buffers:           57612 kB
Cached:           368884 kB
MemTotal:        1844596 kB
MemFree:         1216460 kB
MemAvailable:    1523956 kB
Buffers:           57612 kB
Cached:           368884 kB
MemTotal:        1844596 kB
MemFree:         1216360 kB
MemAvailable:    1523856 kB
Buffers:           57612 kB
Cached:           368884 kB
MemTotal:        1844596 kB
MemFree:         1216360 kB
MemAvailable:    1523856 kB
Buffers:           57612 kB
Cached:           368884 kB
MemTotal:        1844596 kB
MemFree:         1216212 kB
MemAvailable:    1523708 kB
Buffers:           57612 kB
Cached:           368884 kB
MemTotal:        1844596 kB
MemFree:         1216464 kB
MemAvailable:    1523960 kB
Buffers:           57612 kB
Cached:           368884 kB
MemTotal:        1844596 kB
MemFree:         1216332 kB
MemAvailable:    1523828 kB
Buffers:           57612 kB
Cached:           368884 kB
MemTotal:        1844596 kB
MemFree:         1216084 kB
MemAvailable:    1523580 kB
Buffers:           57612 kB
Cached:           368884 kB
MemTotal:        1844596 kB
MemFree:         1216084 kB
MemAvailable:    1523580 kB
Buffers:           57612 kB
Cached:           368884 kB
MemTotal:        1844596 kB
MemFree:         1215724 kB
MemAvailable:    1523220 kB
Buffers:           57612 kB
Cached:           368884 kB
MemTotal:        1844596 kB
MemFree:         1215976 kB
MemAvailable:    1523472 kB
Buffers:           57612 kB
Cached:           368884 kB
MemTotal:        1844596 kB
MemFree:         1214492 kB
MemAvailable:    1521988 kB
Buffers:           57612 kB
Cached:           368884 kB
MemTotal:        1844596 kB
MemFree:         1214352 kB
MemAvailable:    1521848 kB
Buffers:           57612 kB
Cached:           368884 kB
MemTotal:        1844596 kB
MemFree:         1215452 kB
MemAvailable:    1522948 kB
Buffers:           57612 kB
Cached:           368884 kB
MemTotal:        1844596 kB
MemFree:         1215452 kB
MemAvailable:    1522948 kB
Buffers:           57612 kB
Cached:           368884 kB
MemTotal:        1844596 kB
MemFree:         1215504 kB
MemAvailable:    1523000 kB
Buffers:           57612 kB
Cached:           368884 kB
MemTotal:        1844596 kB
MemFree:         1215504 kB
MemAvailable:    1523000 kB
Buffers:           57612 kB
Cached:           368884 kB
MemTotal:        1844596 kB
MemFree:         1215592 kB
MemAvailable:    1523088 kB
Buffers:           57612 kB
Cached:           368884 kB
MemTotal:        1844596 kB
MemFree:         1215540 kB
MemAvailable:    1523036 kB
Buffers:           57612 kB
Cached:           368884 kB
MemTotal:        1844596 kB
MemFree:         1215360 kB
MemAvailable:    1522856 kB
Buffers:           57612 kB
Cached:           368884 kB
MemTotal:        1844596 kB
MemFree:         1214308 kB
MemAvailable:    1521804 kB
Buffers:           57612 kB
Cached:           368884 kB
MemTotal:        1844596 kB
MemFree:         1214004 kB
MemAvailable:    1521500 kB
Buffers:           57612 kB
Cached:           368884 kB
MemTotal:        1844596 kB
MemFree:         1214616 kB
MemAvailable:    1522112 kB
Buffers:           57612 kB
Cached:           368884 kB
MemTotal:        1844596 kB
MemFree:         1211812 kB
MemAvailable:    1519308 kB
Buffers:           57612 kB
Cached:           368884 kB
MemTotal:        1844596 kB
MemFree:         1211704 kB
MemAvailable:    1519200 kB
Buffers:           57612 kB
Cached:           368884 kB
MemTotal:        1844596 kB
MemFree:         1208036 kB
MemAvailable:    1515532 kB
Buffers:           57612 kB
Cached:           368884 kB
MemTotal:        1844596 kB
MemFree:         1208204 kB
MemAvailable:    1515700 kB
Buffers:           57612 kB
Cached:           368884 kB
MemTotal:        1844596 kB
MemFree:         1207672 kB
MemAvailable:    1515168 kB
Buffers:           57612 kB
Cached:           368884 kB
MemTotal:        1844596 kB
MemFree:         1206496 kB
MemAvailable:    1513992 kB
Buffers:           57612 kB
Cached:           368884 kB
MemTotal:        1844596 kB
MemFree:         1207476 kB
MemAvailable:    1514972 kB
Buffers:           57612 kB
Cached:           368884 kB
MemTotal:        1844596 kB
MemFree:         1207384 kB
MemAvailable:    1514880 kB
Buffers:           57612 kB
Cached:           368884 kB
MemTotal:        1844596 kB
MemFree:         1207384 kB
MemAvailable:    1514880 kB
Buffers:           57612 kB
Cached:           368884 kB
MemTotal:        1844596 kB
MemFree:         1207592 kB
MemAvailable:    1515088 kB
Buffers:           57612 kB
Cached:           368884 kB
MemTotal:        1844596 kB
MemFree:         1206744 kB
MemAvailable:    1514240 kB
Buffers:           57612 kB
Cached:           368884 kB
MemTotal:        1844596 kB
MemFree:         1207536 kB
MemAvailable:    1515032 kB
Buffers:           57612 kB
Cached:           368884 kB
MemTotal:        1844596 kB
MemFree:         1207488 kB
MemAvailable:    1514984 kB
Buffers:           57612 kB
Cached:           368884 kB
MemTotal:        1844596 kB
MemFree:         1207316 kB
MemAvailable:    1514812 kB
Buffers:           57612 kB
Cached:           368884 kB
MemTotal:        1844596 kB
MemFree:         1206240 kB
MemAvailable:    1513736 kB
Buffers:           57612 kB
Cached:           368884 kB
MemTotal:        1844596 kB
MemFree:         1206736 kB
MemAvailable:    1514232 kB
Buffers:           57612 kB
Cached:           368884 kB
MemTotal:        1844596 kB
MemFree:         1207712 kB
MemAvailable:    1515216 kB
Buffers:           57612 kB
Cached:           368892 kB
MemTotal:        1844596 kB
MemFree:         1207964 kB
MemAvailable:    1515468 kB
Buffers:           57612 kB
Cached:           368892 kB
MemTotal:        1844596 kB
MemFree:         1207664 kB
MemAvailable:    1515168 kB
Buffers:           57612 kB
Cached:           368892 kB
MemTotal:        1844596 kB
MemFree:         1207424 kB
MemAvailable:    1514928 kB
Buffers:           57612 kB
Cached:           368892 kB
MemTotal:        1844596 kB
MemFree:         1206868 kB
MemAvailable:    1514372 kB
Buffers:           57612 kB
Cached:           368892 kB
MemTotal:        1844596 kB
MemFree:         1206796 kB
MemAvailable:    1514300 kB
Buffers:           57612 kB
Cached:           368892 kB
MemTotal:        1844596 kB
MemFree:         1206432 kB
MemAvailable:    1513936 kB
Buffers:           57612 kB
Cached:           368892 kB
MemTotal:        1844596 kB
MemFree:         1205852 kB
MemAvailable:    1513356 kB
Buffers:           57612 kB
Cached:           368892 kB
MemTotal:        1844596 kB
MemFree:         1205852 kB
MemAvailable:    1513356 kB
Buffers:           57612 kB
Cached:           368892 kB
MemTotal:        1844596 kB
MemFree:         1205600 kB
MemAvailable:    1513104 kB
Buffers:           57612 kB
Cached:           368892 kB
MemTotal:        1844596 kB
MemFree:         1205600 kB
MemAvailable:    1513104 kB
Buffers:           57612 kB
Cached:           368892 kB
MemTotal:        1844596 kB
MemFree:         1204612 kB
MemAvailable:    1512116 kB
Buffers:           57612 kB
Cached:           368892 kB
MemTotal:        1844596 kB
MemFree:         1204612 kB
MemAvailable:    1512116 kB
Buffers:           57612 kB
Cached:           368892 kB
MemTotal:        1844596 kB
MemFree:         1204132 kB
MemAvailable:    1511636 kB
Buffers:           57612 kB
Cached:           368892 kB
MemTotal:        1844596 kB
MemFree:         1204024 kB
MemAvailable:    1511528 kB
Buffers:           57612 kB
Cached:           368892 kB
MemTotal:        1844596 kB
MemFree:         1203704 kB
MemAvailable:    1511208 kB
Buffers:           57612 kB
Cached:           368892 kB
MemTotal:        1844596 kB
MemFree:         1203956 kB
MemAvailable:    1511460 kB
Buffers:           57612 kB
Cached:           368892 kB
MemTotal:        1844596 kB
MemFree:         1202724 kB
MemAvailable:    1510228 kB
Buffers:           57612 kB
Cached:           368892 kB
MemTotal:        1844596 kB
MemFree:         1203636 kB
MemAvailable:    1511140 kB
Buffers:           57612 kB
Cached:           368892 kB
MemTotal:        1844596 kB
MemFree:         1203404 kB
MemAvailable:    1510908 kB
Buffers:           57612 kB
Cached:           368892 kB
MemTotal:        1844596 kB
MemFree:         1203472 kB
MemAvailable:    1510976 kB
Buffers:           57612 kB
Cached:           368892 kB
MemTotal:        1844596 kB
MemFree:         1203448 kB
MemAvailable:    1510952 kB
Buffers:           57612 kB
Cached:           368892 kB
MemTotal:        1844596 kB
MemFree:         1203596 kB
MemAvailable:    1511100 kB
Buffers:           57612 kB
Cached:           368892 kB
MemTotal:        1844596 kB
MemFree:         1203652 kB
MemAvailable:    1511156 kB
Buffers:           57612 kB
Cached:           368892 kB
MemTotal:        1844596 kB
MemFree:         1203452 kB
MemAvailable:    1510956 kB
Buffers:           57612 kB
Cached:           368892 kB
MemTotal:        1844596 kB
MemFree:         1203704 kB
MemAvailable:    1511208 kB
Buffers:           57612 kB
Cached:           368892 kB
MemTotal:        1844596 kB
MemFree:         1203216 kB
MemAvailable:    1510720 kB
Buffers:           57612 kB
Cached:           368892 kB
MemTotal:        1844596 kB
MemFree:         1201784 kB
MemAvailable:    1509288 kB
Buffers:           57612 kB
Cached:           368892 kB
MemTotal:        1844596 kB
MemFree:         1201520 kB
MemAvailable:    1509024 kB
Buffers:           57612 kB
Cached:           368892 kB
MemTotal:        1844596 kB
MemFree:         1199196 kB
MemAvailable:    1506700 kB
Buffers:           57612 kB
Cached:           368892 kB
MemTotal:        1844596 kB
MemFree:         1195468 kB
MemAvailable:    1502976 kB
Buffers:           57616 kB
Cached:           368892 kB
MemTotal:        1844596 kB
MemFree:         1196148 kB
MemAvailable:    1503740 kB
Buffers:           57616 kB
Cached:           369016 kB
MemTotal:        1844596 kB
MemFree:         1195892 kB
MemAvailable:    1503568 kB
Buffers:           57616 kB
Cached:           369140 kB
MemTotal:        1844596 kB
MemFree:         1194724 kB
MemAvailable:    1502484 kB
Buffers:           57616 kB
Cached:           369140 kB
MemTotal:        1844596 kB
MemFree:         1195720 kB
MemAvailable:    1503564 kB
Buffers:           57616 kB
Cached:           369264 kB
MemTotal:        1844596 kB
MemFree:         1195720 kB
MemAvailable:    1503648 kB
Buffers:           57616 kB
Cached:           369388 kB
MemTotal:        1844596 kB
MemFree:         1195652 kB
MemAvailable:    1503748 kB
Buffers:           57616 kB
Cached:           369512 kB
MemTotal:        1844596 kB
MemFree:         1195908 kB
MemAvailable:    1504004 kB
Buffers:           57616 kB
Cached:           369512 kB
MemTotal:        1844596 kB
MemFree:         1195588 kB
MemAvailable:    1503684 kB
Buffers:           57616 kB
Cached:           369512 kB
MemTotal:        1844596 kB
MemFree:         1194476 kB
MemAvailable:    1502572 kB
Buffers:           57616 kB
Cached:           369512 kB
MemTotal:        1844596 kB
MemFree:         1195392 kB
MemAvailable:    1503488 kB
Buffers:           57616 kB
Cached:           369512 kB
MemTotal:        1844596 kB
MemFree:         1195404 kB
MemAvailable:    1503500 kB
Buffers:           57616 kB
Cached:           369512 kB
MemTotal:        1844596 kB
MemFree:         1195468 kB
MemAvailable:    1503564 kB
Buffers:           57616 kB
Cached:           369512 kB
MemTotal:        1844596 kB
MemFree:         1195356 kB
MemAvailable:    1503452 kB
Buffers:           57616 kB
Cached:           369512 kB
MemTotal:        1844596 kB
MemFree:         1195404 kB
MemAvailable:    1503500 kB
Buffers:           57616 kB
Cached:           369512 kB
MemTotal:        1844596 kB
MemFree:         1195404 kB
MemAvailable:    1503500 kB
Buffers:           57616 kB
Cached:           369512 kB
MemTotal:        1844596 kB
MemFree:         1194056 kB
MemAvailable:    1502236 kB
Buffers:           57616 kB
Cached:           369636 kB
MemTotal:        1844596 kB
MemFree:         1261012 kB
MemAvailable:    1568520 kB
Buffers:           57616 kB
Cached:           368964 kB
MemTotal:        1844596 kB
MemFree:         1262776 kB
MemAvailable:    1570284 kB
Buffers:           57616 kB
Cached:           368964 kB
