MemTotal:        1844596 kB
MemFree:         1514148 kB
MemAvailable:    1569184 kB
Buffers:           27344 kB
Cached:           160552 kB
MemTotal:        1844596 kB
MemFree:         1514768 kB
MemAvailable:    1569804 kB
Buffers:           27344 kB
Cached:           160552 kB
MemTotal:        1844596 kB
MemFree:         1512040 kB
MemAvailable:    1567076 kB
Buffers:           27344 kB
Cached:           160552 kB
MemTotal:        1844596 kB
MemFree:         1511280 kB
MemAvailable:    1566316 kB
Buffers:           27344 kB
Cached:           160552 kB
MemTotal:        1844596 kB
MemFree:         1511616 kB
MemAvailable:    1566652 kB
Buffers:           27344 kB
Cached:           160552 kB
MemTotal:        1844596 kB
MemFree:         1511116 kB
MemAvailable:    1566152 kB
Buffers:           27344 kB
Cached:           160552 kB
MemTotal:        1844596 kB
MemFree:         1509976 kB
MemAvailable:    1565012 kB
Buffers:           27344 kB
Cached:           160552 kB
MemTotal:        1844596 kB
MemFree:         1507460 kB
MemAvailable:    1562496 kB
Buffers:           27344 kB
Cached:           160552 kB
MemTotal:        1844596 kB
MemFree:         1505476 kB
MemAvailable:    1560516 kB
Buffers:           27344 kB
Cached:           160556 kB
MemTotal:        1844596 kB
MemFree:         1503616 kB
MemAvailable:    1558656 kB
Buffers:           27344 kB
Cached:           160556 kB
MemTotal:        1844596 kB
MemFree:         1499524 kB
MemAvailable:    1554564 kB
Buffers:           27344 kB
Cached:           160556 kB
MemTotal:        1844596 kB
MemFree:         1500244 kB
MemAvailable:    1555284 kB
Buffers:           27344 kB
Cached:           160556 kB
MemTotal:        1844596 kB
MemFree:         1501468 kB
MemAvailable:    1556508 kB
Buffers:           27344 kB
Cached:           160556 kB
MemTotal:        1844596 kB
MemFree:         1500056 kB
MemAvailable:    1555096 kB
Buffers:           27344 kB
Cached:           160556 kB
MemTotal:        1844596 kB
MemFree:         1501596 kB
MemAvailable:    1556636 kB
Buffers:           27344 kB
Cached:           160556 kB
MemTotal:        1844596 kB
MemFree:         1501252 kB
MemAvailable:    1556292 kB
Buffers:           27344 kB
Cached:           160556 kB
MemTotal:        1844596 kB
MemFree:         1500500 kB
MemAvailable:    1555540 kB
Buffers:           27344 kB
Cached:           160556 kB
MemTotal:        1844596 kB
MemFree:         1500500 kB
MemAvailable:    1555540 kB
Buffers:           27344 kB
Cached:           160556 kB
MemTotal:        1844596 kB
MemFree:         1498152 kB
MemAvailable:    1553192 kB
Buffers:           27344 kB
Cached:           160556 kB
MemTotal:        1844596 kB
MemFree:         1499088 kB
MemAvailable:    1554128 kB
Buffers:           27344 kB
Cached:           160556 kB
MemTotal:        1844596 kB
MemFree:         1497524 kB
MemAvailable:    1552564 kB
Buffers:           27344 kB
Cached:           160556 kB
MemTotal:        1844596 kB
MemFree:         1497780 kB
MemAvailable:    1552820 kB
Buffers:           27344 kB
Cached:           160556 kB
MemTotal:        1844596 kB
MemFree:         1499196 kB
MemAvailable:    1554236 kB
Buffers:           27344 kB
Cached:           160556 kB
MemTotal:        1844596 kB
MemFree:         1498168 kB
MemAvailable:    1553208 kB
Buffers:           27344 kB
Cached:           160556 kB
MemTotal:        1844596 kB
MemFree:         1499088 kB
MemAvailable:    1554128 kB
Buffers:           27344 kB
Cached:           160556 kB
MemTotal:        1844596 kB
MemFree:         1498036 kB
MemAvailable:    1553076 kB
Buffers:           27344 kB
Cached:           160556 kB
MemTotal:        1844596 kB
MemFree:         1498752 kB
MemAvailable:    1553792 kB
Buffers:           27344 kB
Cached:           160556 kB
MemTotal:        1844596 kB
MemFree:         1497664 kB
MemAvailable:    1552704 kB
Buffers:           27344 kB
Cached:           160556 kB
MemTotal:        1844596 kB
MemFree:         1497612 kB
MemAvailable:    1552652 kB
Buffers:           27344 kB
Cached:           160556 kB
MemTotal:        1844596 kB
MemFree:         1500080 kB
MemAvailable:    1555120 kB
Buffers:           27344 kB
Cached:           160556 kB
MemTotal:        1844596 kB
MemFree:         1498656 kB
MemAvailable:    1553696 kB
Buffers:           27344 kB
Cached:           160556 kB
MemTotal:        1844596 kB
MemFree:         1497904 kB
MemAvailable:    1552944 kB
Buffers:           27344 kB
Cached:           160556 kB
MemTotal:        1844596 kB
MemFree:         1495680 kB
MemAvailable:    1550720 kB
Buffers:           27344 kB
Cached:           160556 kB
MemTotal:        1844596 kB
MemFree:         1496608 kB
MemAvailable:    1551648 kB
Buffers:           27344 kB
Cached:           160556 kB
MemTotal:        1844596 kB
MemFree:         1496260 kB
MemAvailable:    1551300 kB
Buffers:           27344 kB
Cached:           160556 kB
MemTotal:        1844596 kB
MemFree:         1494556 kB
MemAvailable:    1549596 kB
Buffers:           27344 kB
Cached:           160556 kB
MemTotal:        1844596 kB
MemFree:         1494920 kB
MemAvailable:    1549960 kB
Buffers:           27344 kB
Cached:           160556 kB
MemTotal:        1844596 kB
MemFree:         1494920 kB
MemAvailable:    1549960 kB
Buffers:           27344 kB
Cached:           160556 kB
MemTotal:        1844596 kB
MemFree:         1493384 kB
MemAvailable:    1548424 kB
Buffers:           27344 kB
Cached:           160556 kB
MemTotal:        1844596 kB
MemFree:         1494632 kB
MemAvailable:    1549672 kB
Buffers:           27344 kB
Cached:           160556 kB
MemTotal:        1844596 kB
MemFree:         1493820 kB
MemAvailable:    1548860 kB
Buffers:           27344 kB
Cached:           160556 kB
MemTotal:        1844596 kB
MemFree:         1494672 kB
MemAvailable:    1549712 kB
Buffers:           27344 kB
Cached:           160556 kB
MemTotal:        1844596 kB
MemFree:         1494924 kB
MemAvailable:    1549964 kB
Buffers:           27344 kB
Cached:           160556 kB
MemTotal:        1844596 kB
MemFree:         1494608 kB
MemAvailable:    1549648 kB
Buffers:           27344 kB
Cached:           160556 kB
MemTotal:        1844596 kB
MemFree:         1493308 kB
MemAvailable:    1548348 kB
Buffers:           27344 kB
Cached:           160556 kB
MemTotal:        1844596 kB
MemFree:         1493044 kB
MemAvailable:    1548084 kB
Buffers:           27344 kB
Cached:           160556 kB
MemTotal:        1844596 kB
MemFree:         1494004 kB
MemAvailable:    1549044 kB
Buffers:           27344 kB
Cached:           160556 kB
MemTotal:        1844596 kB
MemFree:         1492572 kB
MemAvailable:    1547612 kB
Buffers:           27344 kB
Cached:           160556 kB
MemTotal:        1844596 kB
MemFree:         1492564 kB
MemAvailable:    1547604 kB
Buffers:           27344 kB
Cached:           160556 kB
MemTotal:        1844596 kB
MemFree:         1493812 kB
MemAvailable:    1548852 kB
Buffers:           27344 kB
Cached:           160556 kB
MemTotal:        1844596 kB
MemFree:         1492696 kB
MemAvailable:    1547736 kB
Buffers:           27344 kB
Cached:           160556 kB
MemTotal:        1844596 kB
MemFree:         1492696 kB
MemAvailable:    1547736 kB
Buffers:           27344 kB
Cached:           160556 kB
MemTotal:        1844596 kB
MemFree:         1493944 kB
MemAvailable:    1548984 kB
Buffers:           27344 kB
Cached:           160556 kB
MemTotal:        1844596 kB
MemFree:         1492448 kB
MemAvailable:    1547488 kB
Buffers:           27344 kB
Cached:           160556 kB
MemTotal:        1844596 kB
MemFree:         1493832 kB
MemAvailable:    1548872 kB
Buffers:           27344 kB
Cached:           160556 kB
MemTotal:        1844596 kB
MemFree:         1493628 kB
MemAvailable:    1548668 kB
Buffers:           27344 kB
Cached:           160556 kB
MemTotal:        1844596 kB
MemFree:         1493880 kB
MemAvailable:    1548920 kB
Buffers:           27344 kB
Cached:           160556 kB
MemTotal:        1844596 kB
MemFree:         1492400 kB
MemAvailable:    1547440 kB
Buffers:           27344 kB
Cached:           160556 kB
MemTotal:        1844596 kB
MemFree:         1492268 kB
MemAvailable:    1547308 kB
Buffers:           27344 kB
Cached:           160556 kB
MemTotal:        1844596 kB
MemFree:         1493368 kB
MemAvailable:    1548408 kB
Buffers:           27344 kB
Cached:           160556 kB
MemTotal:        1844596 kB
MemFree:         1493200 kB
MemAvailable:    1548240 kB
Buffers:           27344 kB
Cached:           160556 kB
MemTotal:        1844596 kB
MemFree:         1493060 kB
MemAvailable:    1548100 kB
Buffers:           27344 kB
Cached:           160556 kB
MemTotal:        1844596 kB
MemFree:         1492864 kB
MemAvailable:    1547904 kB
Buffers:           27344 kB
Cached:           160556 kB
MemTotal:        1844596 kB
MemFree:         1491836 kB
MemAvailable:    1546876 kB
Buffers:           27344 kB
Cached:           160556 kB
MemTotal:        1844596 kB
MemFree:         1492984 kB
MemAvailable:    1548024 kB
Buffers:           27344 kB
Cached:           160556 kB
MemTotal:        1844596 kB
MemFree:         1492704 kB
MemAvailable:    1547744 kB
Buffers:           27344 kB
Cached:           160556 kB
MemTotal:        1844596 kB
MemFree:         1491696 kB
MemAvailable:    1546736 kB
Buffers:           27344 kB
Cached:           160556 kB
MemTotal:        1844596 kB
MemFree:         1492668 kB
MemAvailable:    1547708 kB
Buffers:           27344 kB
Cached:           160556 kB
MemTotal:        1844596 kB
MemFree:         1492828 kB
MemAvailable:    1547868 kB
Buffers:           27344 kB
Cached:           160556 kB
MemTotal:        1844596 kB
MemFree:         1492876 kB
MemAvailable:    1547916 kB
Buffers:           27344 kB
Cached:           160556 kB
MemTotal:        1844596 kB
MemFree:         1492688 kB
MemAvailable:    1547728 kB
Buffers:           27344 kB
Cached:           160556 kB
MemTotal:        1844596 kB
MemFree:         1492688 kB
MemAvailable:    1547728 kB
Buffers:           27344 kB
Cached:           160556 kB
MemTotal:        1844596 kB
MemFree:         1492332 kB
MemAvailable:    1547372 kB
Buffers:           27344 kB
Cached:           160556 kB
MemTotal:        1844596 kB
MemFree:         1489480 kB
MemAvailable:    1544520 kB
Buffers:           27344 kB
Cached:           160556 kB
MemTotal:        1844596 kB
MemFree:         1487620 kB
MemAvailable:    1542660 kB
Buffers:           27344 kB
Cached:           160556 kB
MemTotal:        1844596 kB
MemFree:         1485248 kB
MemAvailable:    1540288 kB
Buffers:           27344 kB
Cached:           160556 kB
MemTotal:        1844596 kB
MemFree:         1484644 kB
MemAvailable:    1539684 kB
Buffers:           27344 kB
Cached:           160556 kB
MemTotal:        1844596 kB
MemFree:         1485144 kB
MemAvailable:    1540184 kB
Buffers:           27344 kB
Cached:           160556 kB
MemTotal:        1844596 kB
MemFree:         1483836 kB
MemAvailable:    1538876 kB
Buffers:           27344 kB
Cached:           160556 kB
MemTotal:        1844596 kB
MemFree:         1483712 kB
MemAvailable:    1538752 kB
Buffers:           27344 kB
Cached:           160556 kB
MemTotal:        1844596 kB
MemFree:         1483572 kB
MemAvailable:    1538612 kB
Buffers:           27344 kB
Cached:           160556 kB
MemTotal:        1844596 kB
MemFree:         1483580 kB
MemAvailable:    1538620 kB
Buffers:           27344 kB
Cached:           160556 kB
MemTotal:        1844596 kB
MemFree:         1484880 kB
MemAvailable:    1539920 kB
Buffers:           27344 kB
Cached:           160556 kB
MemTotal:        1844596 kB
MemFree:         1483900 kB
MemAvailable:    1538940 kB
Buffers:           27344 kB
Cached:           160556 kB
MemTotal:        1844596 kB
MemFree:         1484740 kB
MemAvailable:    1539788 kB
Buffers:           27344 kB
Cached:           160564 kB
MemTotal:        1844596 kB
MemFree:         1484992 kB
MemAvailable:    1540040 kB
Buffers:           27344 kB
Cached:           160564 kB
MemTotal:        1844596 kB
MemFree:         1484568 kB
MemAvailable:    1539616 kB
Buffers:           27344 kB
Cached:           160564 kB
MemTotal:        1844596 kB
MemFree:         1484820 kB
MemAvailable:    1539868 kB
Buffers:           27344 kB
Cached:           160564 kB
MemTotal:        1844596 kB
MemFree:         1484768 kB
MemAvailable:    1539820 kB
Buffers:           27344 kB
Cached:           160568 kB
MemTotal:        1844596 kB
MemFree:         1483600 kB
MemAvailable:    1538652 kB
Buffers:           27344 kB
Cached:           160568 kB
MemTotal:        1844596 kB
MemFree:         1484752 kB
MemAvailable:    1539804 kB
Buffers:           27344 kB
Cached:           160568 kB
MemTotal:        1844596 kB
MemFree:         1484836 kB
MemAvailable:    1539888 kB
Buffers:           27344 kB
Cached:           160568 kB
MemTotal:        1844596 kB
MemFree:         1483148 kB
MemAvailable:    1538200 kB
Buffers:           27344 kB
Cached:           160568 kB
MemTotal:        1844596 kB
MemFree:         1483952 kB
MemAvailable:    1539004 kB
Buffers:           27344 kB
Cached:           160568 kB
MemTotal:        1844596 kB
MemFree:         1483512 kB
MemAvailable:    1538564 kB
Buffers:           27344 kB
Cached:           160568 kB
MemTotal:        1844596 kB
MemFree:         1483280 kB
MemAvailable:    1538332 kB
Buffers:           27344 kB
Cached:           160568 kB
MemTotal:        1844596 kB
MemFree:         1483000 kB
MemAvailable:    1538052 kB
Buffers:           27344 kB
Cached:           160568 kB
MemTotal:        1844596 kB
MemFree:         1482784 kB
MemAvailable:    1537836 kB
Buffers:           27344 kB
Cached:           160568 kB
MemTotal:        1844596 kB
MemFree:         1481736 kB
MemAvailable:    1536788 kB
Buffers:           27344 kB
Cached:           160568 kB
MemTotal:        1844596 kB
MemFree:         1481048 kB
MemAvailable:    1536100 kB
Buffers:           27344 kB
Cached:           160568 kB
MemTotal:        1844596 kB
MemFree:         1481288 kB
MemAvailable:    1536340 kB
Buffers:           27344 kB
Cached:           160568 kB
MemTotal:        1844596 kB
MemFree:         1480648 kB
MemAvailable:    1535700 kB
Buffers:           27344 kB
Cached:           160568 kB
MemTotal:        1844596 kB
MemFree:         1480428 kB
MemAvailable:    1535480 kB
Buffers:           27344 kB
Cached:           160568 kB
MemTotal:        1844596 kB
MemFree:         1480428 kB
MemAvailable:    1535480 kB
Buffers:           27344 kB
Cached:           160568 kB
MemTotal:        1844596 kB
MemFree:         1481280 kB
MemAvailable:    1536332 kB
Buffers:           27344 kB
Cached:           160568 kB
MemTotal:        1844596 kB
MemFree:         1481364 kB
MemAvailable:    1536416 kB
Buffers:           27344 kB
Cached:           160568 kB
MemTotal:        1844596 kB
MemFree:         1480900 kB
MemAvailable:    1535952 kB
Buffers:           27344 kB
Cached:           160568 kB
MemTotal:        1844596 kB
MemFree:         1481156 kB
MemAvailable:    1536208 kB
Buffers:           27344 kB
Cached:           160568 kB
MemTotal:        1844596 kB
MemFree:         1480888 kB
MemAvailable:    1535940 kB
Buffers:           27344 kB
Cached:           160568 kB
MemTotal:        1844596 kB
MemFree:         1480972 kB
MemAvailable:    1536024 kB
Buffers:           27344 kB
Cached:           160568 kB
MemTotal:        1844596 kB
MemFree:         1480972 kB
MemAvailable:    1536024 kB
Buffers:           27344 kB
Cached:           160568 kB
MemTotal:        1844596 kB
MemFree:         1480864 kB
MemAvailable:    1535916 kB
Buffers:           27344 kB
Cached:           160568 kB
MemTotal:        1844596 kB
MemFree:         1480984 kB
MemAvailable:    1536036 kB
Buffers:           27344 kB
Cached:           160568 kB
MemTotal:        1844596 kB
MemFree:         1480976 kB
MemAvailable:    1536028 kB
Buffers:           27344 kB
Cached:           160568 kB
MemTotal:        1844596 kB
MemFree:         1480788 kB
MemAvailable:    1535840 kB
Buffers:           27344 kB
Cached:           160568 kB
MemTotal:        1844596 kB
MemFree:         1479056 kB
MemAvailable:    1534108 kB
Buffers:           27344 kB
Cached:           160568 kB
MemTotal:        1844596 kB
MemFree:         1474964 kB
MemAvailable:    1530016 kB
Buffers:           27344 kB
Cached:           160568 kB
MemTotal:        1844596 kB
MemFree:         1470856 kB
MemAvailable:    1525908 kB
Buffers:           27344 kB
Cached:           160568 kB
MemTotal:        1844596 kB
MemFree:         1470632 kB
MemAvailable:    1525768 kB
Buffers:           27344 kB
Cached:           160692 kB
MemTotal:        1844596 kB
MemFree:         1470444 kB
MemAvailable:    1525748 kB
Buffers:           27344 kB
Cached:           160940 kB
MemTotal:        1844596 kB
MemFree:         1470700 kB
MemAvailable:    1526004 kB
Buffers:           27344 kB
Cached:           160940 kB
MemTotal:        1844596 kB
MemFree:         1469072 kB
MemAvailable:    1524460 kB
Buffers:           27344 kB
Cached:           161064 kB
MemTotal:        1844596 kB
MemFree:         1470320 kB
MemAvailable:    1525876 kB
Buffers:           27344 kB
Cached:           161188 kB
MemTotal:        1844596 kB
MemFree:         1469144 kB
MemAvailable:    1524784 kB
Buffers:           27344 kB
Cached:           161188 kB
MemTotal:        1844596 kB
MemFree:         1470016 kB
MemAvailable:    1525656 kB
Buffers:           27344 kB
Cached:           161188 kB
MemTotal:        1844596 kB
MemFree:         1469984 kB
MemAvailable:    1525624 kB
Buffers:           27344 kB
Cached:           161188 kB
MemTotal:        1844596 kB
MemFree:         1470068 kB
MemAvailable:    1525708 kB
Buffers:           27344 kB
Cached:           161188 kB
MemTotal:        1844596 kB
MemFree:         1469860 kB
MemAvailable:    1525500 kB
Buffers:           27344 kB
Cached:           161188 kB
MemTotal:        1844596 kB
MemFree:         1470196 kB
MemAvailable:    1525836 kB
Buffers:           27344 kB
Cached:           161188 kB
MemTotal:        1844596 kB
MemFree:         1468744 kB
MemAvailable:    1524384 kB
Buffers:           27344 kB
Cached:           161188 kB
MemTotal:        1844596 kB
MemFree:         1469956 kB
MemAvailable:    1525596 kB
Buffers:           27344 kB
Cached:           161188 kB
MemTotal:        1844596 kB
MemFree:         1469956 kB
MemAvailable:    1525596 kB
Buffers:           27344 kB
Cached:           161188 kB
MemTotal:        1844596 kB
MemFree:         1469252 kB
MemAvailable:    1524304 kB
Buffers:           27344 kB
Cached:           160556 kB
MemTotal:        1844596 kB
MemFree:         1542452 kB
MemAvailable:    1597504 kB
Buffers:           27344 kB
Cached:           160556 kB
