MemTotal:        1844596 kB
MemFree:         1407600 kB
MemAvailable:    1562616 kB
Buffers:           40724 kB
Cached:           246700 kB
MemTotal:        1844596 kB
MemFree:         1406104 kB
MemAvailable:    1561120 kB
Buffers:           40724 kB
Cached:           246700 kB
MemTotal:        1844596 kB
MemFree:         1405096 kB
MemAvailable:    1560112 kB
Buffers:           40724 kB
Cached:           246700 kB
MemTotal:        1844596 kB
MemFree:         1405180 kB
MemAvailable:    1560196 kB
Buffers:           40724 kB
Cached:           246700 kB
MemTotal:        1844596 kB
MemFree:         1402888 kB
MemAvailable:    1557904 kB
Buffers:           40724 kB
Cached:           246700 kB
MemTotal:        1844596 kB
MemFree:         1403932 kB
MemAvailable:    1558948 kB
Buffers:           40724 kB
Cached:           246700 kB
MemTotal:        1844596 kB
MemFree:         1402764 kB
MemAvailable:    1557780 kB
Buffers:           40724 kB
Cached:           246700 kB
MemTotal:        1844596 kB
MemFree:         1400260 kB
MemAvailable:    1555276 kB
Buffers:           40724 kB
Cached:           246700 kB
MemTotal:        1844596 kB
MemFree:         1400592 kB
MemAvailable:    1555608 kB
Buffers:           40724 kB
Cached:           246700 kB
MemTotal:        1844596 kB
MemFree:         1395052 kB
MemAvailable:    1550068 kB
Buffers:           40724 kB
Cached:           246700 kB
MemTotal:        1844596 kB
MemFree:         1394944 kB
MemAvailable:    1549960 kB
Buffers:           40724 kB
Cached:           246700 kB
MemTotal:        1844596 kB
MemFree:         1393748 kB
MemAvailable:    1548764 kB
Buffers:           40724 kB
Cached:           246700 kB
MemTotal:        1844596 kB
MemFree:         1393828 kB
MemAvailable:    1548844 kB
Buffers:           40724 kB
Cached:           246700 kB
MemTotal:        1844596 kB
MemFree:         1393792 kB
MemAvailable:    1548808 kB
Buffers:           40724 kB
Cached:           246700 kB
MemTotal:        1844596 kB
MemFree:         1394044 kB
MemAvailable:    1549060 kB
Buffers:           40724 kB
Cached:           246700 kB
MemTotal:        1844596 kB
MemFree:         1392548 kB
MemAvailable:    1547572 kB
Buffers:           40724 kB
Cached:           246704 kB
MemTotal:        1844596 kB
MemFree:         1393108 kB
MemAvailable:    1548132 kB
Buffers:           40724 kB
Cached:           246704 kB
MemTotal:        1844596 kB
MemFree:         1393440 kB
MemAvailable:    1548464 kB
Buffers:           40724 kB
Cached:           246704 kB
MemTotal:        1844596 kB
MemFree:         1393440 kB
MemAvailable:    1548464 kB
Buffers:           40724 kB
Cached:           246704 kB
MemTotal:        1844596 kB
MemFree:         1392656 kB
MemAvailable:    1547680 kB
Buffers:           40724 kB
Cached:           246704 kB
MemTotal:        1844596 kB
MemFree:         1392044 kB
MemAvailable:    1547068 kB
Buffers:           40724 kB
Cached:           246704 kB
MemTotal:        1844596 kB
MemFree:         1391736 kB
MemAvailable:    1546760 kB
Buffers:           40724 kB
Cached:           246704 kB
MemTotal:        1844596 kB
MemFree:         1391084 kB
MemAvailable:    1546108 kB
Buffers:           40724 kB
Cached:           246704 kB
MemTotal:        1844596 kB
MemFree:         1391252 kB
MemAvailable:    1546276 kB
Buffers:           40724 kB
Cached:           246704 kB
MemTotal:        1844596 kB
MemFree:         1391540 kB
MemAvailable:    1546564 kB
Buffers:           40724 kB
Cached:           246704 kB
MemTotal:        1844596 kB
MemFree:         1390052 kB
MemAvailable:    1545076 kB
Buffers:           40724 kB
Cached:           246704 kB
MemTotal:        1844596 kB
MemFree:         1390060 kB
MemAvailable:    1545084 kB
Buffers:           40724 kB
Cached:           246704 kB
MemTotal:        1844596 kB
MemFree:         1391452 kB
MemAvailable:    1546476 kB
Buffers:           40724 kB
Cached:           246704 kB
MemTotal:        1844596 kB
MemFree:         1391296 kB
MemAvailable:    1546320 kB
Buffers:           40724 kB
Cached:           246704 kB
MemTotal:        1844596 kB
MemFree:         1391332 kB
MemAvailable:    1546356 kB
Buffers:           40724 kB
Cached:           246704 kB
MemTotal:        1844596 kB
MemFree:         1390984 kB
MemAvailable:    1546008 kB
Buffers:           40724 kB
Cached:           246704 kB
MemTotal:        1844596 kB
MemFree:         1392656 kB
MemAvailable:    1547680 kB
Buffers:           40724 kB
Cached:           246704 kB
MemTotal:        1844596 kB
MemFree:         1392408 kB
MemAvailable:    1547432 kB
Buffers:           40724 kB
Cached:           246704 kB
MemTotal:        1844596 kB
MemFree:         1391100 kB
MemAvailable:    1546128 kB
Buffers:           40724 kB
Cached:           246708 kB
MemTotal:        1844596 kB
MemFree:         1391228 kB
MemAvailable:    1546256 kB
Buffers:           40724 kB
Cached:           246708 kB
MemTotal:        1844596 kB
MemFree:         1389184 kB
MemAvailable:    1544212 kB
Buffers:           40724 kB
Cached:           246708 kB
MemTotal:        1844596 kB
MemFree:         1387768 kB
MemAvailable:    1542796 kB
Buffers:           40724 kB
Cached:           246708 kB
MemTotal:        1844596 kB
MemFree:         1387520 kB
MemAvailable:    1542548 kB
Buffers:           40724 kB
Cached:           246708 kB
MemTotal:        1844596 kB
MemFree:         1388124 kB
MemAvailable:    1543152 kB
Buffers:           40724 kB
Cached:           246708 kB
MemTotal:        1844596 kB
MemFree:         1388124 kB
MemAvailable:    1543152 kB
Buffers:           40724 kB
Cached:           246708 kB
MemTotal:        1844596 kB
MemFree:         1387124 kB
MemAvailable:    1542152 kB
Buffers:           40724 kB
Cached:           246708 kB
MemTotal:        1844596 kB
MemFree:         1387124 kB
MemAvailable:    1542152 kB
Buffers:           40724 kB
Cached:           246708 kB
MemTotal:        1844596 kB
MemFree:         1387112 kB
MemAvailable:    1542140 kB
Buffers:           40724 kB
Cached:           246708 kB
MemTotal:        1844596 kB
MemFree:         1387148 kB
MemAvailable:    1542176 kB
Buffers:           40724 kB
Cached:           246708 kB
MemTotal:        1844596 kB
MemFree:         1385844 kB
MemAvailable:    1540872 kB
Buffers:           40724 kB
Cached:           246708 kB
MemTotal:        1844596 kB
MemFree:         1385720 kB
MemAvailable:    1540748 kB
Buffers:           40724 kB
Cached:           246708 kB
MemTotal:        1844596 kB
MemFree:         1386960 kB
MemAvailable:    1541988 kB
Buffers:           40724 kB
Cached:           246708 kB
MemTotal:        1844596 kB
MemFree:         1386944 kB
MemAvailable:    1541972 kB
Buffers:           40724 kB
Cached:           246708 kB
MemTotal:        1844596 kB
MemFree:         1386652 kB
MemAvailable:    1541680 kB
Buffers:           40724 kB
Cached:           246708 kB
MemTotal:        1844596 kB
MemFree:         1386636 kB
MemAvailable:    1541664 kB
Buffers:           40724 kB
Cached:           246708 kB
MemTotal:        1844596 kB
MemFree:         1386380 kB
MemAvailable:    1541408 kB
Buffers:           40724 kB
Cached:           246708 kB
MemTotal:        1844596 kB
MemFree:         1386200 kB
MemAvailable:    1541228 kB
Buffers:           40724 kB
Cached:           246708 kB
MemTotal:        1844596 kB
MemFree:         1385848 kB
MemAvailable:    1540876 kB
Buffers:           40724 kB
Cached:           246708 kB
MemTotal:        1844596 kB
MemFree:         1384960 kB
MemAvailable:    1539988 kB
Buffers:           40724 kB
Cached:           246708 kB
MemTotal:        1844596 kB
MemFree:         1384908 kB
MemAvailable:    1539936 kB
Buffers:           40724 kB
Cached:           246708 kB
MemTotal:        1844596 kB
MemFree:         1384696 kB
MemAvailable:    1539724 kB
Buffers:           40724 kB
Cached:           246708 kB
MemTotal:        1844596 kB
MemFree:         1384820 kB
MemAvailable:    1539848 kB
Buffers:           40724 kB
Cached:           246708 kB
MemTotal:        1844596 kB
MemFree:         1385112 kB
MemAvailable:    1540140 kB
Buffers:           40724 kB
Cached:           246708 kB
MemTotal:        1844596 kB
MemFree:         1386060 kB
MemAvailable:    1541088 kB
Buffers:           40724 kB
Cached:           246708 kB
MemTotal:        1844596 kB
MemFree:         1385504 kB
MemAvailable:    1540532 kB
Buffers:           40724 kB
Cached:           246708 kB
MemTotal:        1844596 kB
MemFree:         1386172 kB
MemAvailable:    1541200 kB
Buffers:           40724 kB
Cached:           246708 kB
MemTotal:        1844596 kB
MemFree:         1386060 kB
MemAvailable:    1541088 kB
Buffers:           40724 kB
Cached:           246708 kB
MemTotal:        1844596 kB
MemFree:         1386124 kB
MemAvailable:    1541152 kB
Buffers:           40724 kB
Cached:           246708 kB
MemTotal:        1844596 kB
MemFree:         1384884 kB
MemAvailable:    1539912 kB
Buffers:           40724 kB
Cached:           246708 kB
MemTotal:        1844596 kB
MemFree:         1385676 kB
MemAvailable:    1540704 kB
Buffers:           40724 kB
Cached:           246708 kB
MemTotal:        1844596 kB
MemFree:         1384576 kB
MemAvailable:    1539604 kB
Buffers:           40724 kB
Cached:           246708 kB
MemTotal:        1844596 kB
MemFree:         1385628 kB
MemAvailable:    1540656 kB
Buffers:           40724 kB
Cached:           246708 kB
MemTotal:        1844596 kB
MemFree:         1385628 kB
MemAvailable:    1540656 kB
Buffers:           40724 kB
Cached:           246708 kB
MemTotal:        1844596 kB
MemFree:         1384132 kB
MemAvailable:    1539160 kB
Buffers:           40724 kB
Cached:           246708 kB
MemTotal:        1844596 kB
MemFree:         1384140 kB
MemAvailable:    1539168 kB
Buffers:           40724 kB
Cached:           246708 kB
MemTotal:        1844596 kB
MemFree:         1384008 kB
MemAvailable:    1539036 kB
Buffers:           40724 kB
Cached:           246708 kB
MemTotal:        1844596 kB
MemFree:         1385484 kB
MemAvailable:    1540512 kB
Buffers:           40724 kB
Cached:           246708 kB
MemTotal:        1844596 kB
MemFree:         1384388 kB
MemAvailable:    1539416 kB
Buffers:           40724 kB
Cached:           246708 kB
MemTotal:        1844596 kB
MemFree:         1384264 kB
MemAvailable:    1539292 kB
Buffers:           40724 kB
Cached:           246708 kB
MemTotal:        1844596 kB
MemFree:         1384000 kB
MemAvailable:    1539028 kB
Buffers:           40724 kB
Cached:           246708 kB
MemTotal:        1844596 kB
MemFree:         1384272 kB
MemAvailable:    1539300 kB
Buffers:           40724 kB
Cached:           246708 kB
MemTotal:        1844596 kB
MemFree:         1384008 kB
MemAvailable:    1539036 kB
Buffers:           40724 kB
Cached:           246708 kB
MemTotal:        1844596 kB
MemFree:         1383884 kB
MemAvailable:    1538912 kB
Buffers:           40724 kB
Cached:           246708 kB
MemTotal:        1844596 kB
MemFree:         1383704 kB
MemAvailable:    1538732 kB
Buffers:           40724 kB
Cached:           246708 kB
MemTotal:        1844596 kB
MemFree:         1383132 kB
MemAvailable:    1538160 kB
Buffers:           40724 kB
Cached:           246708 kB
MemTotal:        1844596 kB
MemFree:         1383024 kB
MemAvailable:    1538052 kB
Buffers:           40724 kB
Cached:           246708 kB
MemTotal:        1844596 kB
MemFree:         1379908 kB
MemAvailable:    1534936 kB
Buffers:           40724 kB
Cached:           246708 kB
MemTotal:        1844596 kB
MemFree:         1379912 kB
MemAvailable:    1534940 kB
Buffers:           40724 kB
Cached:           246708 kB
MemTotal:        1844596 kB
MemFree:         1377816 kB
MemAvailable:    1532844 kB
Buffers:           40724 kB
Cached:           246708 kB
MemTotal:        1844596 kB
MemFree:         1376444 kB
MemAvailable:    1531472 kB
Buffers:           40724 kB
Cached:           246708 kB
MemTotal:        1844596 kB
MemFree:         1377256 kB
MemAvailable:    1532284 kB
Buffers:           40724 kB
Cached:           246708 kB
MemTotal:        1844596 kB
MemFree:         1376008 kB
MemAvailable:    1531036 kB
Buffers:           40724 kB
Cached:           246708 kB
MemTotal:        1844596 kB
MemFree:         1377304 kB
MemAvailable:    1532332 kB
Buffers:           40724 kB
Cached:           246708 kB
MemTotal:        1844596 kB
MemFree:         1377072 kB
MemAvailable:    1532100 kB
Buffers:           40724 kB
Cached:           246708 kB
MemTotal:        1844596 kB
MemFree:         1377000 kB
MemAvailable:    1532028 kB
Buffers:           40724 kB
Cached:           246708 kB
MemTotal:        1844596 kB
MemFree:         1377252 kB
MemAvailable:    1532280 kB
Buffers:           40724 kB
Cached:           246708 kB
MemTotal:        1844596 kB
MemFree:         1376012 kB
MemAvailable:    1531040 kB
Buffers:           40724 kB
Cached:           246708 kB
MemTotal:        1844596 kB
MemFree:         1377024 kB
MemAvailable:    1532052 kB
Buffers:           40724 kB
Cached:           246708 kB
MemTotal:        1844596 kB
MemFree:         1376948 kB
MemAvailable:    1531984 kB
Buffers:           40724 kB
Cached:           246716 kB
MemTotal:        1844596 kB
MemFree:         1375908 kB
MemAvailable:    1530944 kB
Buffers:           40724 kB
Cached:           246716 kB
MemTotal:        1844596 kB
MemFree:         1376452 kB
MemAvailable:    1531488 kB
Buffers:           40724 kB
Cached:           246716 kB
MemTotal:        1844596 kB
MemFree:         1377296 kB
MemAvailable:    1532332 kB
Buffers:           40724 kB
Cached:           246716 kB
MemTotal:        1844596 kB
MemFree:         1377296 kB
MemAvailable:    1532332 kB
Buffers:           40724 kB
Cached:           246716 kB
MemTotal:        1844596 kB
MemFree:         1376984 kB
MemAvailable:    1532020 kB
Buffers:           40724 kB
Cached:           246716 kB
MemTotal:        1844596 kB
MemFree:         1377236 kB
MemAvailable:    1532272 kB
Buffers:           40724 kB
Cached:           246716 kB
MemTotal:        1844596 kB
MemFree:         1376044 kB
MemAvailable:    1531080 kB
Buffers:           40724 kB
Cached:           246716 kB
MemTotal:        1844596 kB
MemFree:         1375452 kB
MemAvailable:    1530488 kB
Buffers:           40724 kB
Cached:           246716 kB
MemTotal:        1844596 kB
MemFree:         1375824 kB
MemAvailable:    1530860 kB
Buffers:           40724 kB
Cached:           246716 kB
MemTotal:        1844596 kB
MemFree:         1375676 kB
MemAvailable:    1530712 kB
Buffers:           40724 kB
Cached:           246716 kB
MemTotal:        1844596 kB
MemFree:         1375676 kB
MemAvailable:    1530712 kB
Buffers:           40724 kB
Cached:           246716 kB
MemTotal:        1844596 kB
MemFree:         1374272 kB
MemAvailable:    1529308 kB
Buffers:           40724 kB
Cached:           246716 kB
MemTotal:        1844596 kB
MemFree:         1374600 kB
MemAvailable:    1529636 kB
Buffers:           40724 kB
Cached:           246716 kB
MemTotal:        1844596 kB
MemFree:         1375520 kB
MemAvailable:    1530556 kB
Buffers:           40724 kB
Cached:           246716 kB
MemTotal:        1844596 kB
MemFree:         1374528 kB
MemAvailable:    1529564 kB
Buffers:           40724 kB
Cached:           246716 kB
MemTotal:        1844596 kB
MemFree:         1373848 kB
MemAvailable:    1528884 kB
Buffers:           40724 kB
Cached:           246716 kB
MemTotal:        1844596 kB
MemFree:         1374148 kB
MemAvailable:    1529184 kB
Buffers:           40724 kB
Cached:           246716 kB
MemTotal:        1844596 kB
MemFree:         1374232 kB
MemAvailable:    1529268 kB
Buffers:           40724 kB
Cached:           246716 kB
MemTotal:        1844596 kB
MemFree:         1373888 kB
MemAvailable:    1528924 kB
Buffers:           40724 kB
Cached:           246716 kB
MemTotal:        1844596 kB
MemFree:         1373888 kB
MemAvailable:    1528924 kB
Buffers:           40724 kB
Cached:           246716 kB
MemTotal:        1844596 kB
MemFree:         1373556 kB
MemAvailable:    1528592 kB
Buffers:           40724 kB
Cached:           246716 kB
MemTotal:        1844596 kB
MemFree:         1373556 kB
MemAvailable:    1528592 kB
Buffers:           40724 kB
Cached:           246716 kB
MemTotal:        1844596 kB
MemFree:         1373496 kB
MemAvailable:    1528532 kB
Buffers:           40724 kB
Cached:           246716 kB
MemTotal:        1844596 kB
MemFree:         1373312 kB
MemAvailable:    1528348 kB
Buffers:           40724 kB
Cached:           246716 kB
MemTotal:        1844596 kB
MemFree:         1373480 kB
MemAvailable:    1528516 kB
Buffers:           40724 kB
Cached:           246716 kB
MemTotal:        1844596 kB
MemFree:         1373260 kB
MemAvailable:    1528296 kB
Buffers:           40724 kB
Cached:           246716 kB
MemTotal:        1844596 kB
MemFree:         1372516 kB
MemAvailable:    1527552 kB
Buffers:           40724 kB
Cached:           246716 kB
MemTotal:        1844596 kB
MemFree:         1373492 kB
MemAvailable:    1528528 kB
Buffers:           40724 kB
Cached:           246716 kB
MemTotal:        1844596 kB
MemFree:         1373492 kB
MemAvailable:    1528528 kB
Buffers:           40724 kB
Cached:           246716 kB
MemTotal:        1844596 kB
MemFree:         1372088 kB
MemAvailable:    1527124 kB
Buffers:           40724 kB
Cached:           246716 kB
MemTotal:        1844596 kB
MemFree:         1373324 kB
MemAvailable:    1528360 kB
Buffers:           40724 kB
Cached:           246716 kB
MemTotal:        1844596 kB
MemFree:         1372948 kB
MemAvailable:    1527984 kB
Buffers:           40724 kB
Cached:           246716 kB
MemTotal:        1844596 kB
MemFree:         1372816 kB
MemAvailable:    1527852 kB
Buffers:           40724 kB
Cached:           246716 kB
MemTotal:        1844596 kB
MemFree:         1371252 kB
MemAvailable:    1526288 kB
Buffers:           40724 kB
Cached:           246716 kB
MemTotal:        1844596 kB
MemFree:         1365324 kB
MemAvailable:    1520360 kB
Buffers:           40724 kB
Cached:           246716 kB
MemTotal:        1844596 kB
MemFree:         1363028 kB
MemAvailable:    1518064 kB
Buffers:           40728 kB
Cached:           246712 kB
MemTotal:        1844596 kB
MemFree:         1362348 kB
MemAvailable:    1517468 kB
Buffers:           40728 kB
Cached:           246836 kB
MemTotal:        1844596 kB
MemFree:         1362724 kB
MemAvailable:    1518012 kB
Buffers:           40728 kB
Cached:           247084 kB
MemTotal:        1844596 kB
MemFree:         1362892 kB
MemAvailable:    1518180 kB
Buffers:           40728 kB
Cached:           247084 kB
MemTotal:        1844596 kB
MemFree:         1362388 kB
MemAvailable:    1517844 kB
Buffers:           40728 kB
Cached:           247208 kB
MemTotal:        1844596 kB
MemFree:         1362528 kB
MemAvailable:    1517984 kB
Buffers:           40728 kB
Cached:           247208 kB
MemTotal:        1844596 kB
MemFree:         1362328 kB
MemAvailable:    1517952 kB
Buffers:           40728 kB
Cached:           247332 kB
MemTotal:        1844596 kB
MemFree:         1361976 kB
MemAvailable:    1517600 kB
Buffers:           40728 kB
Cached:           247332 kB
MemTotal:        1844596 kB
MemFree:         1362396 kB
MemAvailable:    1518020 kB
Buffers:           40728 kB
Cached:           247332 kB
MemTotal:        1844596 kB
MemFree:         1362156 kB
MemAvailable:    1517780 kB
Buffers:           40728 kB
Cached:           247332 kB
MemTotal:        1844596 kB
MemFree:         1361356 kB
MemAvailable:    1516980 kB
Buffers:           40728 kB
Cached:           247332 kB
MemTotal:        1844596 kB
MemFree:         1362284 kB
MemAvailable:    1517908 kB
Buffers:           40728 kB
Cached:           247332 kB
MemTotal:        1844596 kB
MemFree:         1361480 kB
MemAvailable:    1517104 kB
Buffers:           40728 kB
Cached:           247332 kB
MemTotal:        1844596 kB
MemFree:         1362104 kB
MemAvailable:    1517728 kB
Buffers:           40728 kB
Cached:           247332 kB
MemTotal:        1844596 kB
MemFree:         1360796 kB
MemAvailable:    1516420 kB
Buffers:           40728 kB
Cached:           247332 kB
MemTotal:        1844596 kB
MemFree:         1362704 kB
MemAvailable:    1517740 kB
Buffers:           40728 kB
Cached:           246784 kB
MemTotal:        1844596 kB
MemFree:         1362952 kB
MemAvailable:    1517988 kB
Buffers:           40728 kB
Cached:           246784 kB
MemTotal:        1844596 kB
MemFree:         1434244 kB
MemAvailable:    1589332 kB
Buffers:           40728 kB
Cached:           246796 kB
