MemTotal:        1844596 kB
MemFree:         1476512 kB
MemAvailable:    1562696 kB
Buffers:           36304 kB
Cached:           185116 kB
MemTotal:        1844596 kB
MemFree:         1473660 kB
MemAvailable:    1559844 kB
Buffers:           36304 kB
Cached:           185116 kB
MemTotal:        1844596 kB
MemFree:         1472924 kB
MemAvailable:    1559108 kB
Buffers:           36304 kB
Cached:           185116 kB
MemTotal:        1844596 kB
MemFree:         1471808 kB
MemAvailable:    1557992 kB
Buffers:           36304 kB
Cached:           185116 kB
MemTotal:        1844596 kB
MemFree:         1470692 kB
MemAvailable:    1556876 kB
Buffers:           36304 kB
Cached:           185116 kB
MemTotal:        1844596 kB
MemFree:         1469568 kB
MemAvailable:    1555752 kB
Buffers:           36304 kB
Cached:           185116 kB
MemTotal:        1844596 kB
MemFree:         1470036 kB
MemAvailable:    1556220 kB
Buffers:           36304 kB
Cached:           185116 kB
MemTotal:        1844596 kB
MemFree:         1470236 kB
MemAvailable:    1556420 kB
Buffers:           36304 kB
Cached:           185116 kB
MemTotal:        1844596 kB
MemFree:         1466660 kB
MemAvailable:    1552844 kB
Buffers:           36304 kB
Cached:           185116 kB
MemTotal:        1844596 kB
MemFree:         1464740 kB
MemAvailable:    1550924 kB
Buffers:           36304 kB
Cached:           185116 kB
MemTotal:        1844596 kB
MemFree:         1462252 kB
MemAvailable:    1548436 kB
Buffers:           36304 kB
Cached:           185116 kB
MemTotal:        1844596 kB
MemFree:         1459220 kB
MemAvailable:    1545404 kB
Buffers:           36304 kB
Cached:           185116 kB
MemTotal:        1844596 kB
MemFree:         1459656 kB
MemAvailable:    1545840 kB
Buffers:           36304 kB
Cached:           185116 kB
MemTotal:        1844596 kB
MemFree:         1460448 kB
MemAvailable:    1546632 kB
Buffers:           36304 kB
Cached:           185116 kB
MemTotal:        1844596 kB
MemFree:         1459524 kB
MemAvailable:    1545708 kB
Buffers:           36304 kB
Cached:           185116 kB
MemTotal:        1844596 kB
MemFree:         1460192 kB
MemAvailable:    1546376 kB
Buffers:           36304 kB
Cached:           185116 kB
MemTotal:        1844596 kB
MemFree:         1460332 kB
MemAvailable:    1546516 kB
Buffers:           36304 kB
Cached:           185116 kB
MemTotal:        1844596 kB
MemFree:         1460252 kB
MemAvailable:    1546436 kB
Buffers:           36304 kB
Cached:           185116 kB
MemTotal:        1844596 kB
MemFree:         1460056 kB
MemAvailable:    1546240 kB
Buffers:           36304 kB
Cached:           185116 kB
MemTotal:        1844596 kB
MemFree:         1459036 kB
MemAvailable:    1545220 kB
Buffers:           36304 kB
Cached:           185116 kB
MemTotal:        1844596 kB
MemFree:         1459036 kB
MemAvailable:    1545220 kB
Buffers:           36304 kB
Cached:           185116 kB
MemTotal:        1844596 kB
MemFree:         1457548 kB
MemAvailable:    1543732 kB
Buffers:           36304 kB
Cached:           185116 kB
MemTotal:        1844596 kB
MemFree:         1458168 kB
MemAvailable:    1544352 kB
Buffers:           36304 kB
Cached:           185116 kB
MemTotal:        1844596 kB
MemFree:         1457416 kB
MemAvailable:    1543600 kB
Buffers:           36304 kB
Cached:           185116 kB
MemTotal:        1844596 kB
MemFree:         1457776 kB
MemAvailable:    1543960 kB
Buffers:           36304 kB
Cached:           185116 kB
MemTotal:        1844596 kB
MemFree:         1456528 kB
MemAvailable:    1542712 kB
Buffers:           36304 kB
Cached:           185116 kB
MemTotal:        1844596 kB
MemFree:         1457704 kB
MemAvailable:    1543888 kB
Buffers:           36304 kB
Cached:           185116 kB
MemTotal:        1844596 kB
MemFree:         1457704 kB
MemAvailable:    1543888 kB
Buffers:           36304 kB
Cached:           185116 kB
MemTotal:        1844596 kB
MemFree:         1457760 kB
MemAvailable:    1543944 kB
Buffers:           36304 kB
Cached:           185116 kB
MemTotal:        1844596 kB
MemFree:         1457808 kB
MemAvailable:    1543992 kB
Buffers:           36304 kB
Cached:           185116 kB
MemTotal:        1844596 kB
MemFree:         1456536 kB
MemAvailable:    1542720 kB
Buffers:           36304 kB
Cached:           185116 kB
MemTotal:        1844596 kB
MemFree:         1456792 kB
MemAvailable:    1542976 kB
Buffers:           36304 kB
Cached:           185116 kB
MemTotal:        1844596 kB
MemFree:         1459188 kB
MemAvailable:    1545372 kB
Buffers:           36304 kB
Cached:           185116 kB
MemTotal:        1844596 kB
MemFree:         1458912 kB
MemAvailable:    1545096 kB
Buffers:           36304 kB
Cached:           185116 kB
MemTotal:        1844596 kB
MemFree:         1457408 kB
MemAvailable:    1543592 kB
Buffers:           36304 kB
Cached:           185116 kB
MemTotal:        1844596 kB
MemFree:         1457856 kB
MemAvailable:    1544040 kB
Buffers:           36304 kB
Cached:           185116 kB
MemTotal:        1844596 kB
MemFree:         1455424 kB
MemAvailable:    1541616 kB
Buffers:           36304 kB
Cached:           185124 kB
MemTotal:        1844596 kB
MemFree:         1455676 kB
MemAvailable:    1541868 kB
Buffers:           36304 kB
Cached:           185124 kB
MemTotal:        1844596 kB
MemFree:         1453696 kB
MemAvailable:    1539888 kB
Buffers:           36304 kB
Cached:           185124 kB
MemTotal:        1844596 kB
MemFree:         1454696 kB
MemAvailable:    1540888 kB
Buffers:           36304 kB
Cached:           185124 kB
MemTotal:        1844596 kB
MemFree:         1453828 kB
MemAvailable:    1540020 kB
Buffers:           36304 kB
Cached:           185124 kB
MemTotal:        1844596 kB
MemFree:         1454076 kB
MemAvailable:    1540268 kB
Buffers:           36304 kB
Cached:           185124 kB
MemTotal:        1844596 kB
MemFree:         1453944 kB
MemAvailable:    1540136 kB
Buffers:           36304 kB
Cached:           185124 kB
MemTotal:        1844596 kB
MemFree:         1453936 kB
MemAvailable:    1540128 kB
Buffers:           36304 kB
Cached:           185124 kB
MemTotal:        1844596 kB
MemFree:         1453688 kB
MemAvailable:    1539880 kB
Buffers:           36304 kB
Cached:           185124 kB
MemTotal:        1844596 kB
MemFree:         1453084 kB
MemAvailable:    1539276 kB
Buffers:           36304 kB
Cached:           185124 kB
MemTotal:        1844596 kB
MemFree:         1453752 kB
MemAvailable:    1539944 kB
Buffers:           36304 kB
Cached:           185124 kB
MemTotal:        1844596 kB
MemFree:         1452308 kB
MemAvailable:    1538500 kB
Buffers:           36304 kB
Cached:           185124 kB
MemTotal:        1844596 kB
MemFree:         1452268 kB
MemAvailable:    1538460 kB
Buffers:           36304 kB
Cached:           185124 kB
MemTotal:        1844596 kB
MemFree:         1453384 kB
MemAvailable:    1539576 kB
Buffers:           36304 kB
Cached:           185124 kB
MemTotal:        1844596 kB
MemFree:         1452580 kB
MemAvailable:    1538772 kB
Buffers:           36304 kB
Cached:           185124 kB
MemTotal:        1844596 kB
MemFree:         1453048 kB
MemAvailable:    1539240 kB
Buffers:           36304 kB
Cached:           185124 kB
MemTotal:        1844596 kB
MemFree:         1453300 kB
MemAvailable:    1539492 kB
Buffers:           36304 kB
Cached:           185124 kB
MemTotal:        1844596 kB
MemFree:         1452572 kB
MemAvailable:    1538764 kB
Buffers:           36304 kB
Cached:           185124 kB
MemTotal:        1844596 kB
MemFree:         1451272 kB
MemAvailable:    1537464 kB
Buffers:           36304 kB
Cached:           185124 kB
MemTotal:        1844596 kB
MemFree:         1452672 kB
MemAvailable:    1538864 kB
Buffers:           36304 kB
Cached:           185124 kB
MemTotal:        1844596 kB
MemFree:         1452340 kB
MemAvailable:    1538532 kB
Buffers:           36304 kB
Cached:           185124 kB
MemTotal:        1844596 kB
MemFree:         1451332 kB
MemAvailable:    1537524 kB
Buffers:           36304 kB
Cached:           185124 kB
MemTotal:        1844596 kB
MemFree:         1451324 kB
MemAvailable:    1537516 kB
Buffers:           36304 kB
Cached:           185124 kB
MemTotal:        1844596 kB
MemFree:         1452548 kB
MemAvailable:    1538740 kB
Buffers:           36304 kB
Cached:           185124 kB
MemTotal:        1844596 kB
MemFree:         1452160 kB
MemAvailable:    1538352 kB
Buffers:           36304 kB
Cached:           185124 kB
MemTotal:        1844596 kB
MemFree:         1452372 kB
MemAvailable:    1538564 kB
Buffers:           36304 kB
Cached:           185124 kB
MemTotal:        1844596 kB
MemFree:         1452624 kB
MemAvailable:    1538816 kB
Buffers:           36304 kB
Cached:           185124 kB
MemTotal:        1844596 kB
MemFree:         1452692 kB
MemAvailable:    1538884 kB
Buffers:           36304 kB
Cached:           185124 kB
MemTotal:        1844596 kB
MemFree:         1452560 kB
MemAvailable:    1538752 kB
Buffers:           36304 kB
Cached:           185124 kB
MemTotal:        1844596 kB
MemFree:         1451224 kB
MemAvailable:    1537416 kB
Buffers:           36304 kB
Cached:           185124 kB
MemTotal:        1844596 kB
MemFree:         1451472 kB
MemAvailable:    1537664 kB
Buffers:           36304 kB
Cached:           185124 kB
MemTotal:        1844596 kB
MemFree:         1452276 kB
MemAvailable:    1538468 kB
Buffers:           36304 kB
Cached:           185124 kB
MemTotal:        1844596 kB
MemFree:         1452144 kB
MemAvailable:    1538336 kB
Buffers:           36304 kB
Cached:           185124 kB
MemTotal:        1844596 kB
MemFree:         1452280 kB
MemAvailable:    1538472 kB
Buffers:           36304 kB
Cached:           185124 kB
MemTotal:        1844596 kB
MemFree:         1450720 kB
MemAvailable:    1536912 kB
Buffers:           36304 kB
Cached:           185124 kB
MemTotal:        1844596 kB
MemFree:         1450720 kB
MemAvailable:    1536912 kB
Buffers:           36304 kB
Cached:           185124 kB
MemTotal:        1844596 kB
MemFree:         1451704 kB
MemAvailable:    1537896 kB
Buffers:           36304 kB
Cached:           185124 kB
MemTotal:        1844596 kB
MemFree:         1451788 kB
MemAvailable:    1537980 kB
Buffers:           36304 kB
Cached:           185124 kB
MemTotal:        1844596 kB
MemFree:         1451992 kB
MemAvailable:    1538184 kB
Buffers:           36304 kB
Cached:           185124 kB
MemTotal:        1844596 kB
MemFree:         1450852 kB
MemAvailable:    1537044 kB
Buffers:           36304 kB
Cached:           185124 kB
MemTotal:        1844596 kB
MemFree:         1450720 kB
MemAvailable:    1536912 kB
Buffers:           36304 kB
Cached:           185124 kB
MemTotal:        1844596 kB
MemFree:         1451696 kB
MemAvailable:    1537888 kB
Buffers:           36304 kB
Cached:           185124 kB
MemTotal:        1844596 kB
MemFree:         1451696 kB
MemAvailable:    1537888 kB
Buffers:           36304 kB
Cached:           185124 kB
MemTotal:        1844596 kB
MemFree:         1451532 kB
MemAvailable:    1537724 kB
Buffers:           36304 kB
Cached:           185124 kB
MemTotal:        1844596 kB
MemFree:         1451460 kB
MemAvailable:    1537652 kB
Buffers:           36304 kB
Cached:           185124 kB
MemTotal:        1844596 kB
MemFree:         1448992 kB
MemAvailable:    1535184 kB
Buffers:           36304 kB
Cached:           185124 kB
MemTotal:        1844596 kB
MemFree:         1447936 kB
MemAvailable:    1534128 kB
Buffers:           36304 kB
Cached:           185124 kB
MemTotal:        1844596 kB
MemFree:         1444760 kB
MemAvailable:    1530952 kB
Buffers:           36304 kB
Cached:           185124 kB
MemTotal:        1844596 kB
MemFree:         1443040 kB
MemAvailable:    1529232 kB
Buffers:           36304 kB
Cached:           185124 kB
MemTotal:        1844596 kB
MemFree:         1444008 kB
MemAvailable:    1530200 kB
Buffers:           36304 kB
Cached:           185124 kB
MemTotal:        1844596 kB
MemFree:         1443720 kB
MemAvailable:    1529912 kB
Buffers:           36304 kB
Cached:           185124 kB
MemTotal:        1844596 kB
MemFree:         1443700 kB
MemAvailable:    1529892 kB
Buffers:           36304 kB
Cached:           185124 kB
MemTotal:        1844596 kB
MemFree:         1443956 kB
MemAvailable:    1530148 kB
Buffers:           36304 kB
Cached:           185124 kB
MemTotal:        1844596 kB
MemFree:         1442412 kB
MemAvailable:    1528604 kB
Buffers:           36304 kB
Cached:           185124 kB
MemTotal:        1844596 kB
MemFree:         1443644 kB
MemAvailable:    1529836 kB
Buffers:           36304 kB
Cached:           185124 kB
MemTotal:        1844596 kB
MemFree:         1443896 kB
MemAvailable:    1530088 kB
Buffers:           36304 kB
Cached:           185124 kB
MemTotal:        1844596 kB
MemFree:         1443776 kB
MemAvailable:    1529968 kB
Buffers:           36304 kB
Cached:           185124 kB
MemTotal:        1844596 kB
MemFree:         1443776 kB
MemAvailable:    1529968 kB
Buffers:           36304 kB
Cached:           185124 kB
MemTotal:        1844596 kB
MemFree:         1443596 kB
MemAvailable:    1529788 kB
Buffers:           36304 kB
Cached:           185124 kB
MemTotal:        1844596 kB
MemFree:         1443848 kB
MemAvailable:    1530040 kB
Buffers:           36304 kB
Cached:           185124 kB
MemTotal:        1844596 kB
MemFree:         1442532 kB
MemAvailable:    1528724 kB
Buffers:           36304 kB
Cached:           185124 kB
MemTotal:        1844596 kB
MemFree:         1442784 kB
MemAvailable:    1528976 kB
Buffers:           36304 kB
Cached:           185124 kB
MemTotal:        1844596 kB
MemFree:         1443716 kB
MemAvailable:    1529908 kB
Buffers:           36304 kB
Cached:           185124 kB
MemTotal:        1844596 kB
MemFree:         1443884 kB
MemAvailable:    1530076 kB
Buffers:           36304 kB
Cached:           185124 kB
MemTotal:        1844596 kB
MemFree:         1443612 kB
MemAvailable:    1529804 kB
Buffers:           36304 kB
Cached:           185124 kB
MemTotal:        1844596 kB
MemFree:         1443540 kB
MemAvailable:    1529732 kB
Buffers:           36304 kB
Cached:           185124 kB
MemTotal:        1844596 kB
MemFree:         1442172 kB
MemAvailable:    1528364 kB
Buffers:           36304 kB
Cached:           185124 kB
MemTotal:        1844596 kB
MemFree:         1442164 kB
MemAvailable:    1528356 kB
Buffers:           36304 kB
Cached:           185124 kB
MemTotal:        1844596 kB
MemFree:         1442604 kB
MemAvailable:    1528796 kB
Buffers:           36304 kB
Cached:           185124 kB
MemTotal:        1844596 kB
MemFree:         1442356 kB
MemAvailable:    1528548 kB
Buffers:           36304 kB
Cached:           185124 kB
MemTotal:        1844596 kB
MemFree:         1442164 kB
MemAvailable:    1528356 kB
Buffers:           36304 kB
Cached:           185124 kB
MemTotal:        1844596 kB
MemFree:         1441968 kB
MemAvailable:    1528160 kB
Buffers:           36304 kB
Cached:           185124 kB
MemTotal:        1844596 kB
MemFree:         1440808 kB
MemAvailable:    1527000 kB
Buffers:           36304 kB
Cached:           185124 kB
MemTotal:        1844596 kB
MemFree:         1441180 kB
MemAvailable:    1527372 kB
Buffers:           36304 kB
Cached:           185124 kB
MemTotal:        1844596 kB
MemFree:         1441048 kB
MemAvailable:    1527240 kB
Buffers:           36304 kB
Cached:           185124 kB
MemTotal:        1844596 kB
MemFree:         1439668 kB
MemAvailable:    1525860 kB
Buffers:           36304 kB
Cached:           185124 kB
MemTotal:        1844596 kB
MemFree:         1440436 kB
MemAvailable:    1526628 kB
Buffers:           36304 kB
Cached:           185124 kB
MemTotal:        1844596 kB
MemFree:         1440288 kB
MemAvailable:    1526480 kB
Buffers:           36304 kB
Cached:           185124 kB
MemTotal:        1844596 kB
MemFree:         1440000 kB
MemAvailable:    1526192 kB
Buffers:           36304 kB
Cached:           185124 kB
MemTotal:        1844596 kB
MemFree:         1440048 kB
MemAvailable:    1526240 kB
Buffers:           36304 kB
Cached:           185124 kB
MemTotal:        1844596 kB
MemFree:         1439900 kB
MemAvailable:    1526096 kB
Buffers:           36304 kB
Cached:           185128 kB
MemTotal:        1844596 kB
MemFree:         1439320 kB
MemAvailable:    1525516 kB
Buffers:           36304 kB
Cached:           185128 kB
MemTotal:        1844596 kB
MemFree:         1439664 kB
MemAvailable:    1525860 kB
Buffers:           36304 kB
Cached:           185128 kB
MemTotal:        1844596 kB
MemFree:         1439928 kB
MemAvailable:    1526128 kB
Buffers:           36304 kB
Cached:           185132 kB
MemTotal:        1844596 kB
MemFree:         1439676 kB
MemAvailable:    1525876 kB
Buffers:           36304 kB
Cached:           185132 kB
MemTotal:        1844596 kB
MemFree:         1439676 kB
MemAvailable:    1525876 kB
Buffers:           36304 kB
Cached:           185132 kB
MemTotal:        1844596 kB
MemFree:         1439620 kB
MemAvailable:    1525820 kB
Buffers:           36304 kB
Cached:           185132 kB
MemTotal:        1844596 kB
MemFree:         1439872 kB
MemAvailable:    1526072 kB
Buffers:           36304 kB
Cached:           185132 kB
MemTotal:        1844596 kB
MemFree:         1438636 kB
MemAvailable:    1524836 kB
Buffers:           36304 kB
Cached:           185132 kB
MemTotal:        1844596 kB
MemFree:         1439380 kB
MemAvailable:    1525580 kB
Buffers:           36304 kB
Cached:           185132 kB
MemTotal:        1844596 kB
MemFree:         1438692 kB
MemAvailable:    1524892 kB
Buffers:           36312 kB
Cached:           185124 kB
MemTotal:        1844596 kB
MemFree:         1435832 kB
MemAvailable:    1522032 kB
Buffers:           36316 kB
Cached:           185120 kB
MemTotal:        1844596 kB
MemFree:         1435836 kB
MemAvailable:    1522036 kB
Buffers:           36316 kB
Cached:           185120 kB
MemTotal:        1844596 kB
MemFree:         1432988 kB
MemAvailable:    1519188 kB
Buffers:           36316 kB
Cached:           185244 kB
MemTotal:        1844596 kB
MemFree:         1432608 kB
MemAvailable:    1518976 kB
Buffers:           36316 kB
Cached:           185244 kB
MemTotal:        1844596 kB
MemFree:         1432004 kB
MemAvailable:    1518372 kB
Buffers:           36316 kB
Cached:           185244 kB
MemTotal:        1844596 kB
MemFree:         1432296 kB
MemAvailable:    1518832 kB
Buffers:           36316 kB
Cached:           185368 kB
MemTotal:        1844596 kB
MemFree:         1432632 kB
MemAvailable:    1519168 kB
Buffers:           36316 kB
Cached:           185368 kB
MemTotal:        1844596 kB
MemFree:         1432552 kB
MemAvailable:    1519256 kB
Buffers:           36316 kB
Cached:           185616 kB
MemTotal:        1844596 kB
MemFree:         1431632 kB
MemAvailable:    1518336 kB
Buffers:           36316 kB
Cached:           185616 kB
MemTotal:        1844596 kB
MemFree:         1431924 kB
MemAvailable:    1518628 kB
Buffers:           36316 kB
Cached:           185740 kB
MemTotal:        1844596 kB
MemFree:         1432132 kB
MemAvailable:    1518836 kB
Buffers:           36316 kB
Cached:           185740 kB
MemTotal:        1844596 kB
MemFree:         1431984 kB
MemAvailable:    1518688 kB
Buffers:           36316 kB
Cached:           185740 kB
MemTotal:        1844596 kB
MemFree:         1432004 kB
MemAvailable:    1518792 kB
Buffers:           36316 kB
Cached:           185740 kB
MemTotal:        1844596 kB
MemFree:         1432124 kB
MemAvailable:    1518912 kB
Buffers:           36316 kB
Cached:           185740 kB
MemTotal:        1844596 kB
MemFree:         1431128 kB
MemAvailable:    1517916 kB
Buffers:           36316 kB
Cached:           185740 kB
MemTotal:        1844596 kB
MemFree:         1432068 kB
MemAvailable:    1518856 kB
Buffers:           36316 kB
Cached:           185740 kB
MemTotal:        1844596 kB
MemFree:         1432020 kB
MemAvailable:    1518808 kB
Buffers:           36316 kB
Cached:           185740 kB
MemTotal:        1844596 kB
MemFree:         1431996 kB
MemAvailable:    1518868 kB
Buffers:           36316 kB
Cached:           185864 kB
MemTotal:        1844596 kB
MemFree:         1432620 kB
MemAvailable:    1518820 kB
Buffers:           36316 kB
Cached:           185108 kB
MemTotal:        1844596 kB
MemFree:         1501012 kB
MemAvailable:    1587212 kB
Buffers:           36316 kB
Cached:           185108 kB
