MemTotal:        1844596 kB
MemFree:         1433112 kB
MemAvailable:    1560072 kB
Buffers:           37308 kB
Cached:           224384 kB
MemTotal:        1844596 kB
MemFree:         1432624 kB
MemAvailable:    1559584 kB
Buffers:           37308 kB
Cached:           224384 kB
MemTotal:        1844596 kB
MemFree:         1432616 kB
MemAvailable:    1559576 kB
Buffers:           37308 kB
Cached:           224384 kB
MemTotal:        1844596 kB
MemFree:         1429392 kB
MemAvailable:    1556352 kB
Buffers:           37308 kB
Cached:           224384 kB
MemTotal:        1844596 kB
MemFree:         1429028 kB
MemAvailable:    1555988 kB
Buffers:           37308 kB
Cached:           224384 kB
MemTotal:        1844596 kB
MemFree:         1427788 kB
MemAvailable:    1554748 kB
Buffers:           37308 kB
Cached:           224384 kB
MemTotal:        1844596 kB
MemFree:         1428524 kB
MemAvailable:    1555484 kB
Buffers:           37308 kB
Cached:           224384 kB
MemTotal:        1844596 kB
MemFree:         1428276 kB
MemAvailable:    1555236 kB
Buffers:           37308 kB
Cached:           224384 kB
MemTotal:        1844596 kB
MemFree:         1424748 kB
MemAvailable:    1551708 kB
Buffers:           37308 kB
Cached:           224384 kB
MemTotal:        1844596 kB
MemFree:         1423012 kB
MemAvailable:    1549972 kB
Buffers:           37308 kB
Cached:           224384 kB
MemTotal:        1844596 kB
MemFree:         1418216 kB
MemAvailable:    1545176 kB
Buffers:           37308 kB
Cached:           224384 kB
MemTotal:        1844596 kB
MemFree:         1418108 kB
MemAvailable:    1545068 kB
Buffers:           37308 kB
Cached:           224384 kB
MemTotal:        1844596 kB
MemFree:         1417560 kB
MemAvailable:    1544520 kB
Buffers:           37308 kB
Cached:           224384 kB
MemTotal:        1844596 kB
MemFree:         1418860 kB
MemAvailable:    1545820 kB
Buffers:           37308 kB
Cached:           224384 kB
MemTotal:        1844596 kB
MemFree:         1418988 kB
MemAvailable:    1545948 kB
Buffers:           37308 kB
Cached:           224384 kB
MemTotal:        1844596 kB
MemFree:         1418900 kB
MemAvailable:    1545860 kB
Buffers:           37308 kB
Cached:           224384 kB
MemTotal:        1844596 kB
MemFree:         1419152 kB
MemAvailable:    1546112 kB
Buffers:           37308 kB
Cached:           224384 kB
MemTotal:        1844596 kB
MemFree:         1418696 kB
MemAvailable:    1545656 kB
Buffers:           37308 kB
Cached:           224384 kB
MemTotal:        1844596 kB
MemFree:         1418780 kB
MemAvailable:    1545740 kB
Buffers:           37308 kB
Cached:           224384 kB
MemTotal:        1844596 kB
MemFree:         1418176 kB
MemAvailable:    1545140 kB
Buffers:           37308 kB
Cached:           224388 kB
MemTotal:        1844596 kB
MemFree:         1417696 kB
MemAvailable:    1544660 kB
Buffers:           37308 kB
Cached:           224388 kB
MemTotal:        1844596 kB
MemFree:         1416752 kB
MemAvailable:    1543716 kB
Buffers:           37308 kB
Cached:           224388 kB
MemTotal:        1844596 kB
MemFree:         1415884 kB
MemAvailable:    1542848 kB
Buffers:           37308 kB
Cached:           224388 kB
MemTotal:        1844596 kB
MemFree:         1416552 kB
MemAvailable:    1543516 kB
Buffers:           37308 kB
Cached:           224388 kB
MemTotal:        1844596 kB
MemFree:         1415636 kB
MemAvailable:    1542600 kB
Buffers:           37308 kB
Cached:           224388 kB
MemTotal:        1844596 kB
MemFree:         1416436 kB
MemAvailable:    1543400 kB
Buffers:           37308 kB
Cached:           224388 kB
MemTotal:        1844596 kB
MemFree:         1416380 kB
MemAvailable:    1543344 kB
Buffers:           37308 kB
Cached:           224388 kB
MemTotal:        1844596 kB
MemFree:         1416564 kB
MemAvailable:    1543528 kB
Buffers:           37308 kB
Cached:           224388 kB
MemTotal:        1844596 kB
MemFree:         1416132 kB
MemAvailable:    1543096 kB
Buffers:           37308 kB
Cached:           224388 kB
MemTotal:        1844596 kB
MemFree:         1416476 kB
MemAvailable:    1543440 kB
Buffers:           37308 kB
Cached:           224388 kB
MemTotal:        1844596 kB
MemFree:         1416560 kB
MemAvailable:    1543524 kB
Buffers:           37308 kB
Cached:           224388 kB
MemTotal:        1844596 kB
MemFree:         1416476 kB
MemAvailable:    1543440 kB
Buffers:           37308 kB
Cached:           224388 kB
MemTotal:        1844596 kB
MemFree:         1416560 kB
MemAvailable:    1543524 kB
Buffers:           37308 kB
Cached:           224388 kB
MemTotal:        1844596 kB
MemFree:         1417824 kB
MemAvailable:    1544788 kB
Buffers:           37308 kB
Cached:           224388 kB
MemTotal:        1844596 kB
MemFree:         1417656 kB
MemAvailable:    1544620 kB
Buffers:           37308 kB
Cached:           224388 kB
MemTotal:        1844596 kB
MemFree:         1416124 kB
MemAvailable:    1543088 kB
Buffers:           37308 kB
Cached:           224388 kB
MemTotal:        1844596 kB
MemFree:         1414628 kB
MemAvailable:    1541592 kB
Buffers:           37308 kB
Cached:           224388 kB
MemTotal:        1844596 kB
MemFree:         1414632 kB
MemAvailable:    1541596 kB
Buffers:           37308 kB
Cached:           224388 kB
MemTotal:        1844596 kB
MemFree:         1413156 kB
MemAvailable:    1540120 kB
Buffers:           37308 kB
Cached:           224388 kB
MemTotal:        1844596 kB
MemFree:         1413464 kB
MemAvailable:    1540428 kB
Buffers:           37308 kB
Cached:           224388 kB
MemTotal:        1844596 kB
MemFree:         1413132 kB
MemAvailable:    1540096 kB
Buffers:           37308 kB
Cached:           224388 kB
MemTotal:        1844596 kB
MemFree:         1413384 kB
MemAvailable:    1540348 kB
Buffers:           37308 kB
Cached:           224388 kB
MemTotal:        1844596 kB
MemFree:         1412396 kB
MemAvailable:    1539360 kB
Buffers:           37308 kB
Cached:           224388 kB
MemTotal:        1844596 kB
MemFree:         1412396 kB
MemAvailable:    1539360 kB
Buffers:           37308 kB
Cached:           224388 kB
MemTotal:        1844596 kB
MemFree:         1412252 kB
MemAvailable:    1539216 kB
Buffers:           37308 kB
Cached:           224388 kB
MemTotal:        1844596 kB
MemFree:         1412252 kB
MemAvailable:    1539216 kB
Buffers:           37308 kB
Cached:           224388 kB
MemTotal:        1844596 kB
MemFree:         1412260 kB
MemAvailable:    1539224 kB
Buffers:           37308 kB
Cached:           224388 kB
MemTotal:        1844596 kB
MemFree:         1412260 kB
MemAvailable:    1539224 kB
Buffers:           37308 kB
Cached:           224388 kB
MemTotal:        1844596 kB
MemFree:         1412092 kB
MemAvailable:    1539056 kB
Buffers:           37308 kB
Cached:           224388 kB
MemTotal:        1844596 kB
MemFree:         1412344 kB
MemAvailable:    1539308 kB
Buffers:           37308 kB
Cached:           224388 kB
MemTotal:        1844596 kB
MemFree:         1410992 kB
MemAvailable:    1537956 kB
Buffers:           37308 kB
Cached:           224388 kB
MemTotal:        1844596 kB
MemFree:         1411852 kB
MemAvailable:    1538816 kB
Buffers:           37308 kB
Cached:           224388 kB
MemTotal:        1844596 kB
MemFree:         1411520 kB
MemAvailable:    1538484 kB
Buffers:           37308 kB
Cached:           224388 kB
MemTotal:        1844596 kB
MemFree:         1411356 kB
MemAvailable:    1538320 kB
Buffers:           37308 kB
Cached:           224388 kB
MemTotal:        1844596 kB
MemFree:         1411120 kB
MemAvailable:    1538084 kB
Buffers:           37308 kB
Cached:           224388 kB
MemTotal:        1844596 kB
MemFree:         1410380 kB
MemAvailable:    1537344 kB
Buffers:           37308 kB
Cached:           224388 kB
MemTotal:        1844596 kB
MemFree:         1411404 kB
MemAvailable:    1538368 kB
Buffers:           37308 kB
Cached:           224388 kB
MemTotal:        1844596 kB
MemFree:         1411656 kB
MemAvailable:    1538620 kB
Buffers:           37308 kB
Cached:           224388 kB
MemTotal:        1844596 kB
MemFree:         1411280 kB
MemAvailable:    1538244 kB
Buffers:           37308 kB
Cached:           224388 kB
MemTotal:        1844596 kB
MemFree:         1411280 kB
MemAvailable:    1538244 kB
Buffers:           37308 kB
Cached:           224388 kB
MemTotal:        1844596 kB
MemFree:         1411164 kB
MemAvailable:    1538128 kB
Buffers:           37308 kB
Cached:           224388 kB
MemTotal:        1844596 kB
MemFree:         1411224 kB
MemAvailable:    1538188 kB
Buffers:           37308 kB
Cached:           224388 kB
MemTotal:        1844596 kB
MemFree:         1411288 kB
MemAvailable:    1538252 kB
Buffers:           37308 kB
Cached:           224388 kB
MemTotal:        1844596 kB
MemFree:         1411316 kB
MemAvailable:    1538280 kB
Buffers:           37308 kB
Cached:           224388 kB
MemTotal:        1844596 kB
MemFree:         1410428 kB
MemAvailable:    1537392 kB
Buffers:           37308 kB
Cached:           224388 kB
MemTotal:        1844596 kB
MemFree:         1410544 kB
MemAvailable:    1537508 kB
Buffers:           37308 kB
Cached:           224388 kB
MemTotal:        1844596 kB
MemFree:         1411032 kB
MemAvailable:    1537996 kB
Buffers:           37308 kB
Cached:           224388 kB
MemTotal:        1844596 kB
MemFree:         1411032 kB
MemAvailable:    1537996 kB
Buffers:           37308 kB
Cached:           224388 kB
MemTotal:        1844596 kB
MemFree:         1410844 kB
MemAvailable:    1537808 kB
Buffers:           37308 kB
Cached:           224388 kB
MemTotal:        1844596 kB
MemFree:         1409940 kB
MemAvailable:    1536904 kB
Buffers:           37308 kB
Cached:           224388 kB
MemTotal:        1844596 kB
MemFree:         1410860 kB
MemAvailable:    1537832 kB
Buffers:           37308 kB
Cached:           224396 kB
MemTotal:        1844596 kB
MemFree:         1410544 kB
MemAvailable:    1537516 kB
Buffers:           37308 kB
Cached:           224396 kB
MemTotal:        1844596 kB
MemFree:         1409552 kB
MemAvailable:    1536524 kB
Buffers:           37308 kB
Cached:           224396 kB
MemTotal:        1844596 kB
MemFree:         1410360 kB
MemAvailable:    1537332 kB
Buffers:           37308 kB
Cached:           224396 kB
MemTotal:        1844596 kB
MemFree:         1408860 kB
MemAvailable:    1535832 kB
Buffers:           37308 kB
Cached:           224396 kB
MemTotal:        1844596 kB
MemFree:         1410164 kB
MemAvailable:    1537136 kB
Buffers:           37308 kB
Cached:           224396 kB
MemTotal:        1844596 kB
MemFree:         1410248 kB
MemAvailable:    1537220 kB
Buffers:           37308 kB
Cached:           224396 kB
MemTotal:        1844596 kB
MemFree:         1409064 kB
MemAvailable:    1536036 kB
Buffers:           37308 kB
Cached:           224396 kB
MemTotal:        1844596 kB
MemFree:         1410184 kB
MemAvailable:    1537156 kB
Buffers:           37308 kB
Cached:           224396 kB
MemTotal:        1844596 kB
MemFree:         1410256 kB
MemAvailable:    1537228 kB
Buffers:           37308 kB
Cached:           224396 kB
MemTotal:        1844596 kB
MemFree:         1410476 kB
MemAvailable:    1537448 kB
Buffers:           37308 kB
Cached:           224396 kB
MemTotal:        1844596 kB
MemFree:         1410108 kB
MemAvailable:    1537080 kB
Buffers:           37308 kB
Cached:           224396 kB
MemTotal:        1844596 kB
MemFree:         1410360 kB
MemAvailable:    1537332 kB
Buffers:           37308 kB
Cached:           224396 kB
MemTotal:        1844596 kB
MemFree:         1408180 kB
MemAvailable:    1535152 kB
Buffers:           37308 kB
Cached:           224396 kB
MemTotal:        1844596 kB
MemFree:         1407948 kB
MemAvailable:    1534920 kB
Buffers:           37308 kB
Cached:           224396 kB
MemTotal:        1844596 kB
MemFree:         1404700 kB
MemAvailable:    1531672 kB
Buffers:           37308 kB
Cached:           224396 kB
MemTotal:        1844596 kB
MemFree:         1404912 kB
MemAvailable:    1531884 kB
Buffers:           37308 kB
Cached:           224396 kB
MemTotal:        1844596 kB
MemFree:         1401864 kB
MemAvailable:    1528836 kB
Buffers:           37308 kB
Cached:           224396 kB
MemTotal:        1844596 kB
MemFree:         1401740 kB
MemAvailable:    1528712 kB
Buffers:           37308 kB
Cached:           224396 kB
MemTotal:        1844596 kB
MemFree:         1402552 kB
MemAvailable:    1529524 kB
Buffers:           37308 kB
Cached:           224396 kB
MemTotal:        1844596 kB
MemFree:         1402220 kB
MemAvailable:    1529192 kB
Buffers:           37308 kB
Cached:           224396 kB
MemTotal:        1844596 kB
MemFree:         1402472 kB
MemAvailable:    1529444 kB
Buffers:           37308 kB
Cached:           224396 kB
MemTotal:        1844596 kB
MemFree:         1401112 kB
MemAvailable:    1528084 kB
Buffers:           37308 kB
Cached:           224396 kB
MemTotal:        1844596 kB
MemFree:         1402164 kB
MemAvailable:    1529136 kB
Buffers:           37308 kB
Cached:           224396 kB
MemTotal:        1844596 kB
MemFree:         1402416 kB
MemAvailable:    1529388 kB
Buffers:           37308 kB
Cached:           224396 kB
MemTotal:        1844596 kB
MemFree:         1401064 kB
MemAvailable:    1528036 kB
Buffers:           37308 kB
Cached:           224396 kB
MemTotal:        1844596 kB
MemFree:         1402364 kB
MemAvailable:    1529336 kB
Buffers:           37308 kB
Cached:           224396 kB
MemTotal:        1844596 kB
MemFree:         1402240 kB
MemAvailable:    1529212 kB
Buffers:           37308 kB
Cached:           224396 kB
MemTotal:        1844596 kB
MemFree:         1402364 kB
MemAvailable:    1529336 kB
Buffers:           37308 kB
Cached:           224396 kB
MemTotal:        1844596 kB
MemFree:         1402464 kB
MemAvailable:    1529440 kB
Buffers:           37308 kB
Cached:           224400 kB
MemTotal:        1844596 kB
MemFree:         1400968 kB
MemAvailable:    1527944 kB
Buffers:           37308 kB
Cached:           224400 kB
MemTotal:        1844596 kB
MemFree:         1402268 kB
MemAvailable:    1529244 kB
Buffers:           37308 kB
Cached:           224400 kB
MemTotal:        1844596 kB
MemFree:         1402180 kB
MemAvailable:    1529156 kB
Buffers:           37308 kB
Cached:           224400 kB
MemTotal:        1844596 kB
MemFree:         1402056 kB
MemAvailable:    1529032 kB
Buffers:           37308 kB
Cached:           224400 kB
MemTotal:        1844596 kB
MemFree:         1400624 kB
MemAvailable:    1527600 kB
Buffers:           37308 kB
Cached:           224400 kB
MemTotal:        1844596 kB
MemFree:         1400128 kB
MemAvailable:    1527104 kB
Buffers:           37308 kB
Cached:           224400 kB
MemTotal:        1844596 kB
MemFree:         1400004 kB
MemAvailable:    1526980 kB
Buffers:           37308 kB
Cached:           224400 kB
MemTotal:        1844596 kB
MemFree:         1401128 kB
MemAvailable:    1528104 kB
Buffers:           37308 kB
Cached:           224400 kB
MemTotal:        1844596 kB
MemFree:         1400732 kB
MemAvailable:    1527708 kB
Buffers:           37308 kB
Cached:           224400 kB
MemTotal:        1844596 kB
MemFree:         1400868 kB
MemAvailable:    1527844 kB
Buffers:           37308 kB
Cached:           224400 kB
MemTotal:        1844596 kB
MemFree:         1399500 kB
MemAvailable:    1526476 kB
Buffers:           37308 kB
Cached:           224400 kB
MemTotal:        1844596 kB
MemFree:         1399584 kB
MemAvailable:    1526560 kB
Buffers:           37308 kB
Cached:           224400 kB
MemTotal:        1844596 kB
MemFree:         1399336 kB
MemAvailable:    1526312 kB
Buffers:           37308 kB
Cached:           224400 kB
MemTotal:        1844596 kB
MemFree:         1398152 kB
MemAvailable:    1525128 kB
Buffers:           37308 kB
Cached:           224400 kB
MemTotal:        1844596 kB
MemFree:         1399072 kB
MemAvailable:    1526048 kB
Buffers:           37308 kB
Cached:           224400 kB
MemTotal:        1844596 kB
MemFree:         1398880 kB
MemAvailable:    1525856 kB
Buffers:           37308 kB
Cached:           224400 kB
MemTotal:        1844596 kB
MemFree:         1398276 kB
MemAvailable:    1525252 kB
Buffers:           37308 kB
Cached:           224400 kB
MemTotal:        1844596 kB
MemFree:         1398452 kB
MemAvailable:    1525428 kB
Buffers:           37308 kB
Cached:           224400 kB
MemTotal:        1844596 kB
MemFree:         1398452 kB
MemAvailable:    1525428 kB
Buffers:           37308 kB
Cached:           224400 kB
MemTotal:        1844596 kB
MemFree:         1398572 kB
MemAvailable:    1525548 kB
Buffers:           37308 kB
Cached:           224400 kB
MemTotal:        1844596 kB
MemFree:         1398464 kB
MemAvailable:    1525440 kB
Buffers:           37308 kB
Cached:           224400 kB
MemTotal:        1844596 kB
MemFree:         1397088 kB
MemAvailable:    1524064 kB
Buffers:           37308 kB
Cached:           224400 kB
MemTotal:        1844596 kB
MemFree:         1397152 kB
MemAvailable:    1524128 kB
Buffers:           37308 kB
Cached:           224400 kB
MemTotal:        1844596 kB
MemFree:         1398468 kB
MemAvailable:    1525444 kB
Buffers:           37308 kB
Cached:           224400 kB
MemTotal:        1844596 kB
MemFree:         1398460 kB
MemAvailable:    1525436 kB
Buffers:           37308 kB
Cached:           224400 kB
MemTotal:        1844596 kB
MemFree:         1397648 kB
MemAvailable:    1524624 kB
Buffers:           37308 kB
Cached:           224400 kB
MemTotal:        1844596 kB
MemFree:         1398136 kB
MemAvailable:    1525112 kB
Buffers:           37308 kB
Cached:           224400 kB
MemTotal:        1844596 kB
MemFree:         1398388 kB
MemAvailable:    1525364 kB
Buffers:           37308 kB
Cached:           224400 kB
MemTotal:        1844596 kB
MemFree:         1398204 kB
MemAvailable:    1525180 kB
Buffers:           37308 kB
Cached:           224400 kB
MemTotal:        1844596 kB
MemFree:         1392572 kB
MemAvailable:    1519548 kB
Buffers:           37308 kB
Cached:           224400 kB
MemTotal:        1844596 kB
MemFree:         1389100 kB
MemAvailable:    1516076 kB
Buffers:           37308 kB
Cached:           224400 kB
MemTotal:        1844596 kB
MemFree:         1390028 kB
MemAvailable:    1517088 kB
Buffers:           37308 kB
Cached:           224524 kB
MemTotal:        1844596 kB
MemFree:         1388596 kB
MemAvailable:    1515740 kB
Buffers:           37308 kB
Cached:           224524 kB
MemTotal:        1844596 kB
MemFree:         1389512 kB
MemAvailable:    1516740 kB
Buffers:           37308 kB
Cached:           224648 kB
MemTotal:        1844596 kB
MemFree:         1389256 kB
MemAvailable:    1516568 kB
Buffers:           37308 kB
Cached:           224648 kB
MemTotal:        1844596 kB
MemFree:         1388032 kB
MemAvailable:    1515344 kB
Buffers:           37308 kB
Cached:           224772 kB
MemTotal:        1844596 kB
MemFree:         1389132 kB
MemAvailable:    1516696 kB
Buffers:           37308 kB
Cached:           224896 kB
MemTotal:        1844596 kB
MemFree:         1389132 kB
MemAvailable:    1516696 kB
Buffers:           37308 kB
Cached:           224896 kB
MemTotal:        1844596 kB
MemFree:         1388988 kB
MemAvailable:    1516552 kB
Buffers:           37308 kB
Cached:           224896 kB
MemTotal:        1844596 kB
MemFree:         1388108 kB
MemAvailable:    1515672 kB
Buffers:           37308 kB
Cached:           225020 kB
MemTotal:        1844596 kB
MemFree:         1387672 kB
MemAvailable:    1515236 kB
Buffers:           37308 kB
Cached:           225020 kB
MemTotal:        1844596 kB
MemFree:         1388980 kB
MemAvailable:    1516544 kB
Buffers:           37308 kB
Cached:           225020 kB
MemTotal:        1844596 kB
MemFree:         1388896 kB
MemAvailable:    1516460 kB
Buffers:           37308 kB
Cached:           225020 kB
MemTotal:        1844596 kB
MemFree:         1388896 kB
MemAvailable:    1516460 kB
Buffers:           37308 kB
Cached:           225020 kB
MemTotal:        1844596 kB
MemFree:         1388880 kB
MemAvailable:    1516444 kB
Buffers:           37308 kB
Cached:           225020 kB
MemTotal:        1844596 kB
MemFree:         1389448 kB
MemAvailable:    1516424 kB
Buffers:           37308 kB
Cached:           224388 kB
MemTotal:        1844596 kB
MemFree:         1389448 kB
MemAvailable:    1516424 kB
Buffers:           37308 kB
Cached:           224388 kB
MemTotal:        1844596 kB
MemFree:         1459512 kB
MemAvailable:    1586488 kB
Buffers:           37308 kB
Cached:           224388 kB
