MemTotal:        1844596 kB
MemFree:         1386520 kB
MemAvailable:    1561988 kB
Buffers:           43232 kB
Cached:           262864 kB
MemTotal:        1844596 kB
MemFree:         1385544 kB
MemAvailable:    1561012 kB
Buffers:           43232 kB
Cached:           262864 kB
MemTotal:        1844596 kB
MemFree:         1383344 kB
MemAvailable:    1558816 kB
Buffers:           43232 kB
Cached:           262868 kB
MemTotal:        1844596 kB
MemFree:         1383212 kB
MemAvailable:    1558684 kB
Buffers:           43232 kB
Cached:           262868 kB
MemTotal:        1844596 kB
MemFree:         1383296 kB
MemAvailable:    1558768 kB
Buffers:           43232 kB
Cached:           262868 kB
MemTotal:        1844596 kB
MemFree:         1380996 kB
MemAvailable:    1556468 kB
Buffers:           43232 kB
Cached:           262868 kB
MemTotal:        1844596 kB
MemFree:         1381560 kB
MemAvailable:    1557032 kB
Buffers:           43232 kB
Cached:           262868 kB
MemTotal:        1844596 kB
MemFree:         1378260 kB
MemAvailable:    1553732 kB
Buffers:           43232 kB
Cached:           262868 kB
MemTotal:        1844596 kB
MemFree:         1378344 kB
MemAvailable:    1553816 kB
Buffers:           43232 kB
Cached:           262868 kB
MemTotal:        1844596 kB
MemFree:         1373300 kB
MemAvailable:    1548772 kB
Buffers:           43232 kB
Cached:           262868 kB
MemTotal:        1844596 kB
MemFree:         1373264 kB
MemAvailable:    1548736 kB
Buffers:           43232 kB
Cached:           262868 kB
MemTotal:        1844596 kB
MemFree:         1372176 kB
MemAvailable:    1547648 kB
Buffers:           43232 kB
Cached:           262868 kB
MemTotal:        1844596 kB
MemFree:         1372192 kB
MemAvailable:    1547664 kB
Buffers:           43232 kB
Cached:           262868 kB
MemTotal:        1844596 kB
MemFree:         1370792 kB
MemAvailable:    1546264 kB
Buffers:           43232 kB
Cached:           262868 kB
MemTotal:        1844596 kB
MemFree:         1370960 kB
MemAvailable:    1546432 kB
Buffers:           43232 kB
Cached:           262868 kB
MemTotal:        1844596 kB
MemFree:         1370704 kB
MemAvailable:    1546176 kB
Buffers:           43232 kB
Cached:           262868 kB
MemTotal:        1844596 kB
MemFree:         1371832 kB
MemAvailable:    1547304 kB
Buffers:           43232 kB
Cached:           262868 kB
MemTotal:        1844596 kB
MemFree:         1370960 kB
MemAvailable:    1546432 kB
Buffers:           43232 kB
Cached:           262868 kB
MemTotal:        1844596 kB
MemFree:         1370564 kB
MemAvailable:    1546036 kB
Buffers:           43232 kB
Cached:           262868 kB
MemTotal:        1844596 kB
MemFree:         1370564 kB
MemAvailable:    1546036 kB
Buffers:           43232 kB
Cached:           262868 kB
MemTotal:        1844596 kB
MemFree:         1368604 kB
MemAvailable:    1544076 kB
Buffers:           43232 kB
Cached:           262868 kB
MemTotal:        1844596 kB
MemFree:         1369588 kB
MemAvailable:    1545060 kB
Buffers:           43232 kB
Cached:           262868 kB
MemTotal:        1844596 kB
MemFree:         1368480 kB
MemAvailable:    1543952 kB
Buffers:           43232 kB
Cached:           262868 kB
MemTotal:        1844596 kB
MemFree:         1368480 kB
MemAvailable:    1543952 kB
Buffers:           43232 kB
Cached:           262868 kB
MemTotal:        1844596 kB
MemFree:         1369408 kB
MemAvailable:    1544880 kB
Buffers:           43232 kB
Cached:           262868 kB
MemTotal:        1844596 kB
MemFree:         1369660 kB
MemAvailable:    1545132 kB
Buffers:           43232 kB
Cached:           262868 kB
MemTotal:        1844596 kB
MemFree:         1369516 kB
MemAvailable:    1544988 kB
Buffers:           43232 kB
Cached:           262868 kB
MemTotal:        1844596 kB
MemFree:         1369508 kB
MemAvailable:    1544980 kB
Buffers:           43232 kB
Cached:           262868 kB
MemTotal:        1844596 kB
MemFree:         1368672 kB
MemAvailable:    1544144 kB
Buffers:           43232 kB
Cached:           262868 kB
MemTotal:        1844596 kB
MemFree:         1371048 kB
MemAvailable:    1546520 kB
Buffers:           43232 kB
Cached:           262868 kB
MemTotal:        1844596 kB
MemFree:         1370812 kB
MemAvailable:    1546284 kB
Buffers:           43232 kB
Cached:           262868 kB
MemTotal:        1844596 kB
MemFree:         1371148 kB
MemAvailable:    1546620 kB
Buffers:           43232 kB
Cached:           262868 kB
MemTotal:        1844596 kB
MemFree:         1368084 kB
MemAvailable:    1543556 kB
Buffers:           43232 kB
Cached:           262868 kB
MemTotal:        1844596 kB
MemFree:         1368212 kB
MemAvailable:    1543684 kB
Buffers:           43232 kB
Cached:           262868 kB
MemTotal:        1844596 kB
MemFree:         1367052 kB
MemAvailable:    1542524 kB
Buffers:           43232 kB
Cached:           262868 kB
MemTotal:        1844596 kB
MemFree:         1366868 kB
MemAvailable:    1542340 kB
Buffers:           43232 kB
Cached:           262868 kB
MemTotal:        1844596 kB
MemFree:         1365504 kB
MemAvailable:    1540976 kB
Buffers:           43232 kB
Cached:           262868 kB
MemTotal:        1844596 kB
MemFree:         1366052 kB
MemAvailable:    1541524 kB
Buffers:           43232 kB
Cached:           262868 kB
MemTotal:        1844596 kB
MemFree:         1366252 kB
MemAvailable:    1541724 kB
Buffers:           43232 kB
Cached:           262868 kB
MemTotal:        1844596 kB
MemFree:         1365704 kB
MemAvailable:    1541176 kB
Buffers:           43232 kB
Cached:           262868 kB
MemTotal:        1844596 kB
MemFree:         1365300 kB
MemAvailable:    1540772 kB
Buffers:           43232 kB
Cached:           262868 kB
MemTotal:        1844596 kB
MemFree:         1365300 kB
MemAvailable:    1540772 kB
Buffers:           43232 kB
Cached:           262868 kB
MemTotal:        1844596 kB
MemFree:         1365376 kB
MemAvailable:    1540848 kB
Buffers:           43232 kB
Cached:           262868 kB
MemTotal:        1844596 kB
MemFree:         1364236 kB
MemAvailable:    1539708 kB
Buffers:           43232 kB
Cached:           262868 kB
MemTotal:        1844596 kB
MemFree:         1365492 kB
MemAvailable:    1540964 kB
Buffers:           43232 kB
Cached:           262868 kB
MemTotal:        1844596 kB
MemFree:         1364560 kB
MemAvailable:    1540032 kB
Buffers:           43232 kB
Cached:           262868 kB
MemTotal:        1844596 kB
MemFree:         1365068 kB
MemAvailable:    1540540 kB
Buffers:           43232 kB
Cached:           262868 kB
MemTotal:        1844596 kB
MemFree:         1363768 kB
MemAvailable:    1539240 kB
Buffers:           43232 kB
Cached:           262868 kB
MemTotal:        1844596 kB
MemFree:         1364456 kB
MemAvailable:    1539928 kB
Buffers:           43232 kB
Cached:           262868 kB
MemTotal:        1844596 kB
MemFree:         1363004 kB
MemAvailable:    1538476 kB
Buffers:           43232 kB
Cached:           262868 kB
MemTotal:        1844596 kB
MemFree:         1363204 kB
MemAvailable:    1538676 kB
Buffers:           43232 kB
Cached:           262868 kB
MemTotal:        1844596 kB
MemFree:         1364512 kB
MemAvailable:    1539984 kB
Buffers:           43232 kB
Cached:           262868 kB
MemTotal:        1844596 kB
MemFree:         1364016 kB
MemAvailable:    1539488 kB
Buffers:           43232 kB
Cached:           262868 kB
MemTotal:        1844596 kB
MemFree:         1363092 kB
MemAvailable:    1538564 kB
Buffers:           43232 kB
Cached:           262868 kB
MemTotal:        1844596 kB
MemFree:         1363208 kB
MemAvailable:    1538680 kB
Buffers:           43232 kB
Cached:           262868 kB
MemTotal:        1844596 kB
MemFree:         1363216 kB
MemAvailable:    1538688 kB
Buffers:           43232 kB
Cached:           262868 kB
MemTotal:        1844596 kB
MemFree:         1364312 kB
MemAvailable:    1539784 kB
Buffers:           43232 kB
Cached:           262868 kB
MemTotal:        1844596 kB
MemFree:         1364564 kB
MemAvailable:    1540036 kB
Buffers:           43232 kB
Cached:           262868 kB
MemTotal:        1844596 kB
MemFree:         1364352 kB
MemAvailable:    1539824 kB
Buffers:           43232 kB
Cached:           262868 kB
MemTotal:        1844596 kB
MemFree:         1364604 kB
MemAvailable:    1540076 kB
Buffers:           43232 kB
Cached:           262868 kB
MemTotal:        1844596 kB
MemFree:         1364184 kB
MemAvailable:    1539656 kB
Buffers:           43232 kB
Cached:           262868 kB
MemTotal:        1844596 kB
MemFree:         1364184 kB
MemAvailable:    1539656 kB
Buffers:           43232 kB
Cached:           262868 kB
MemTotal:        1844596 kB
MemFree:         1363876 kB
MemAvailable:    1539348 kB
Buffers:           43232 kB
Cached:           262868 kB
MemTotal:        1844596 kB
MemFree:         1363764 kB
MemAvailable:    1539236 kB
Buffers:           43244 kB
Cached:           262856 kB
MemTotal:        1844596 kB
MemFree:         1362776 kB
MemAvailable:    1538248 kB
Buffers:           43244 kB
Cached:           262856 kB
MemTotal:        1844596 kB
MemFree:         1363464 kB
MemAvailable:    1538940 kB
Buffers:           43244 kB
Cached:           262860 kB
MemTotal:        1844596 kB
MemFree:         1363464 kB
MemAvailable:    1538940 kB
Buffers:           43244 kB
Cached:           262860 kB
MemTotal:        1844596 kB
MemFree:         1363464 kB
MemAvailable:    1538940 kB
Buffers:           43244 kB
Cached:           262860 kB
MemTotal:        1844596 kB
MemFree:         1362260 kB
MemAvailable:    1537736 kB
Buffers:           43244 kB
Cached:           262860 kB
MemTotal:        1844596 kB
MemFree:         1363576 kB
MemAvailable:    1539052 kB
Buffers:           43244 kB
Cached:           262860 kB
MemTotal:        1844596 kB
MemFree:         1363484 kB
MemAvailable:    1538960 kB
Buffers:           43244 kB
Cached:           262860 kB
MemTotal:        1844596 kB
MemFree:         1363736 kB
MemAvailable:    1539212 kB
Buffers:           43244 kB
Cached:           262860 kB
MemTotal:        1844596 kB
MemFree:         1362124 kB
MemAvailable:    1537600 kB
Buffers:           43244 kB
Cached:           262860 kB
MemTotal:        1844596 kB
MemFree:         1362256 kB
MemAvailable:    1537732 kB
Buffers:           43244 kB
Cached:           262860 kB
MemTotal:        1844596 kB
MemFree:         1363724 kB
MemAvailable:    1539200 kB
Buffers:           43244 kB
Cached:           262860 kB
MemTotal:        1844596 kB
MemFree:         1361512 kB
MemAvailable:    1536988 kB
Buffers:           43244 kB
Cached:           262860 kB
MemTotal:        1844596 kB
MemFree:         1361512 kB
MemAvailable:    1536988 kB
Buffers:           43244 kB
Cached:           262860 kB
MemTotal:        1844596 kB
MemFree:         1357684 kB
MemAvailable:    1533160 kB
Buffers:           43244 kB
Cached:           262860 kB
MemTotal:        1844596 kB
MemFree:         1355932 kB
MemAvailable:    1531424 kB
Buffers:           43244 kB
Cached:           262876 kB
MemTotal:        1844596 kB
MemFree:         1355808 kB
MemAvailable:    1531300 kB
Buffers:           43244 kB
Cached:           262876 kB
MemTotal:        1844596 kB
MemFree:         1355884 kB
MemAvailable:    1531376 kB
Buffers:           43244 kB
Cached:           262876 kB
MemTotal:        1844596 kB
MemFree:         1354964 kB
MemAvailable:    1530456 kB
Buffers:           43244 kB
Cached:           262876 kB
MemTotal:        1844596 kB
MemFree:         1355464 kB
MemAvailable:    1530956 kB
Buffers:           43244 kB
Cached:           262876 kB
MemTotal:        1844596 kB
MemFree:         1355500 kB
MemAvailable:    1530992 kB
Buffers:           43244 kB
Cached:           262876 kB
MemTotal:        1844596 kB
MemFree:         1355604 kB
MemAvailable:    1531096 kB
Buffers:           43244 kB
Cached:           262876 kB
MemTotal:        1844596 kB
MemFree:         1354964 kB
MemAvailable:    1530456 kB
Buffers:           43244 kB
Cached:           262876 kB
MemTotal:        1844596 kB
MemFree:         1355572 kB
MemAvailable:    1531064 kB
Buffers:           43244 kB
Cached:           262876 kB
MemTotal:        1844596 kB
MemFree:         1354840 kB
MemAvailable:    1530332 kB
Buffers:           43244 kB
Cached:           262876 kB
MemTotal:        1844596 kB
MemFree:         1355592 kB
MemAvailable:    1531084 kB
Buffers:           43244 kB
Cached:           262876 kB
MemTotal:        1844596 kB
MemFree:         1354840 kB
MemAvailable:    1530332 kB
Buffers:           43244 kB
Cached:           262876 kB
MemTotal:        1844596 kB
MemFree:         1355404 kB
MemAvailable:    1530896 kB
Buffers:           43244 kB
Cached:           262876 kB
MemTotal:        1844596 kB
MemFree:         1354156 kB
MemAvailable:    1529648 kB
Buffers:           43244 kB
Cached:           262876 kB
MemTotal:        1844596 kB
MemFree:         1355096 kB
MemAvailable:    1530588 kB
Buffers:           43244 kB
Cached:           262876 kB
MemTotal:        1844596 kB
MemFree:         1354088 kB
MemAvailable:    1529580 kB
Buffers:           43244 kB
Cached:           262876 kB
MemTotal:        1844596 kB
MemFree:         1354460 kB
MemAvailable:    1529952 kB
Buffers:           43244 kB
Cached:           262876 kB
MemTotal:        1844596 kB
MemFree:         1354080 kB
MemAvailable:    1529572 kB
Buffers:           43244 kB
Cached:           262876 kB
MemTotal:        1844596 kB
MemFree:         1354816 kB
MemAvailable:    1530308 kB
Buffers:           43244 kB
Cached:           262876 kB
MemTotal:        1844596 kB
MemFree:         1354900 kB
MemAvailable:    1530392 kB
Buffers:           43244 kB
Cached:           262876 kB
MemTotal:        1844596 kB
MemFree:         1354468 kB
MemAvailable:    1529960 kB
Buffers:           43244 kB
Cached:           262876 kB
MemTotal:        1844596 kB
MemFree:         1353880 kB
MemAvailable:    1529372 kB
Buffers:           43244 kB
Cached:           262876 kB
MemTotal:        1844596 kB
MemFree:         1354244 kB
MemAvailable:    1529736 kB
Buffers:           43244 kB
Cached:           262876 kB
MemTotal:        1844596 kB
MemFree:         1353616 kB
MemAvailable:    1529112 kB
Buffers:           43244 kB
Cached:           262880 kB
MemTotal:        1844596 kB
MemFree:         1353868 kB
MemAvailable:    1529364 kB
Buffers:           43244 kB
Cached:           262880 kB
MemTotal:        1844596 kB
MemFree:         1352740 kB
MemAvailable:    1528236 kB
Buffers:           43244 kB
Cached:           262880 kB
MemTotal:        1844596 kB
MemFree:         1352824 kB
MemAvailable:    1528320 kB
Buffers:           43244 kB
Cached:           262880 kB
MemTotal:        1844596 kB
MemFree:         1351640 kB
MemAvailable:    1527136 kB
Buffers:           43244 kB
Cached:           262880 kB
MemTotal:        1844596 kB
MemFree:         1351152 kB
MemAvailable:    1526648 kB
Buffers:           43244 kB
Cached:           262880 kB
MemTotal:        1844596 kB
MemFree:         1351144 kB
MemAvailable:    1526640 kB
Buffers:           43244 kB
Cached:           262880 kB
MemTotal:        1844596 kB
MemFree:         1350904 kB
MemAvailable:    1526400 kB
Buffers:           43244 kB
Cached:           262880 kB
MemTotal:        1844596 kB
MemFree:         1351020 kB
MemAvailable:    1526516 kB
Buffers:           43244 kB
Cached:           262880 kB
MemTotal:        1844596 kB
MemFree:         1351136 kB
MemAvailable:    1526632 kB
Buffers:           43244 kB
Cached:           262880 kB
MemTotal:        1844596 kB
MemFree:         1350904 kB
MemAvailable:    1526400 kB
Buffers:           43244 kB
Cached:           262880 kB
MemTotal:        1844596 kB
MemFree:         1350516 kB
MemAvailable:    1526012 kB
Buffers:           43244 kB
Cached:           262880 kB
MemTotal:        1844596 kB
MemFree:         1350640 kB
MemAvailable:    1526136 kB
Buffers:           43244 kB
Cached:           262880 kB
MemTotal:        1844596 kB
MemFree:         1351904 kB
MemAvailable:    1527400 kB
Buffers:           43244 kB
Cached:           262880 kB
MemTotal:        1844596 kB
MemFree:         1350976 kB
MemAvailable:    1526472 kB
Buffers:           43244 kB
Cached:           262880 kB
MemTotal:        1844596 kB
MemFree:         1351260 kB
MemAvailable:    1526756 kB
Buffers:           43244 kB
Cached:           262880 kB
MemTotal:        1844596 kB
MemFree:         1351152 kB
MemAvailable:    1526648 kB
Buffers:           43244 kB
Cached:           262880 kB
MemTotal:        1844596 kB
MemFree:         1349640 kB
MemAvailable:    1525136 kB
Buffers:           43244 kB
Cached:           262880 kB
MemTotal:        1844596 kB
MemFree:         1347672 kB
MemAvailable:    1523168 kB
Buffers:           43244 kB
Cached:           262880 kB
MemTotal:        1844596 kB
MemFree:         1345200 kB
MemAvailable:    1520696 kB
Buffers:           43248 kB
Cached:           262876 kB
MemTotal:        1844596 kB
MemFree:         1344268 kB
MemAvailable:    1519932 kB
Buffers:           43248 kB
Cached:           263000 kB
MemTotal:        1844596 kB
MemFree:         1344136 kB
MemAvailable:    1519884 kB
Buffers:           43248 kB
Cached:           263124 kB
MemTotal:        1844596 kB
MemFree:         1342968 kB
MemAvailable:    1518800 kB
Buffers:           43248 kB
Cached:           263248 kB
MemTotal:        1844596 kB
MemFree:         1343800 kB
MemAvailable:    1519800 kB
Buffers:           43248 kB
Cached:           263372 kB
MemTotal:        1844596 kB
MemFree:         1343884 kB
MemAvailable:    1519800 kB
Buffers:           43248 kB
Cached:           263372 kB
MemTotal:        1844596 kB
MemFree:         1343664 kB
MemAvailable:    1519748 kB
Buffers:           43248 kB
Cached:           263496 kB
MemTotal:        1844596 kB
MemFree:         1343624 kB
MemAvailable:    1519708 kB
Buffers:           43248 kB
Cached:           263496 kB
MemTotal:        1844596 kB
MemFree:         1342284 kB
MemAvailable:    1518368 kB
Buffers:           43248 kB
Cached:           263496 kB
MemTotal:        1844596 kB
MemFree:         1343628 kB
MemAvailable:    1519712 kB
Buffers:           43248 kB
Cached:           263496 kB
MemTotal:        1844596 kB
MemFree:         1343604 kB
MemAvailable:    1519688 kB
Buffers:           43248 kB
Cached:           263496 kB
MemTotal:        1844596 kB
MemFree:         1342712 kB
MemAvailable:    1518796 kB
Buffers:           43248 kB
Cached:           263496 kB
MemTotal:        1844596 kB
MemFree:         1342020 kB
MemAvailable:    1518104 kB
Buffers:           43248 kB
Cached:           263496 kB
MemTotal:        1844596 kB
MemFree:         1342160 kB
MemAvailable:    1518244 kB
Buffers:           43248 kB
Cached:           263496 kB
MemTotal:        1844596 kB
MemFree:         1342284 kB
MemAvailable:    1518452 kB
Buffers:           43248 kB
Cached:           263620 kB
MemTotal:        1844596 kB
MemFree:         1343076 kB
MemAvailable:    1518572 kB
Buffers:           43248 kB
Cached:           262864 kB
MemTotal:        1844596 kB
MemFree:         1412848 kB
MemAvailable:    1588400 kB
Buffers:           43248 kB
Cached:           262884 kB
