MemTotal:        1844596 kB
MemFree:         1383284 kB
MemAvailable:    1560356 kB
Buffers:           43436 kB
Cached:           264120 kB
MemTotal:        1844596 kB
MemFree:         1382128 kB
MemAvailable:    1559200 kB
Buffers:           43436 kB
Cached:           264120 kB
MemTotal:        1844596 kB
MemFree:         1382736 kB
MemAvailable:    1559808 kB
Buffers:           43436 kB
Cached:           264120 kB
MemTotal:        1844596 kB
MemFree:         1381664 kB
MemAvailable:    1558736 kB
Buffers:           43436 kB
Cached:           264120 kB
MemTotal:        1844596 kB
MemFree:         1381416 kB
MemAvailable:    1558488 kB
Buffers:           43436 kB
Cached:           264120 kB
MemTotal:        1844596 kB
MemFree:         1380508 kB
MemAvailable:    1557580 kB
Buffers:           43436 kB
Cached:           264120 kB
MemTotal:        1844596 kB
MemFree:         1380200 kB
MemAvailable:    1557272 kB
Buffers:           43436 kB
Cached:           264120 kB
MemTotal:        1844596 kB
MemFree:         1378828 kB
MemAvailable:    1555900 kB
Buffers:           43436 kB
Cached:           264120 kB
MemTotal:        1844596 kB
MemFree:         1373620 kB
MemAvailable:    1550692 kB
Buffers:           43436 kB
Cached:           264120 kB
MemTotal:        1844596 kB
MemFree:         1371704 kB
MemAvailable:    1548776 kB
Buffers:           43436 kB
Cached:           264120 kB
MemTotal:        1844596 kB
MemFree:         1368668 kB
MemAvailable:    1545740 kB
Buffers:           43436 kB
Cached:           264120 kB
MemTotal:        1844596 kB
MemFree:         1370340 kB
MemAvailable:    1547412 kB
Buffers:           43436 kB
Cached:           264120 kB
MemTotal:        1844596 kB
MemFree:         1368984 kB
MemAvailable:    1546056 kB
Buffers:           43436 kB
Cached:           264120 kB
MemTotal:        1844596 kB
MemFree:         1369116 kB
MemAvailable:    1546188 kB
Buffers:           43436 kB
Cached:           264120 kB
MemTotal:        1844596 kB
MemFree:         1370480 kB
MemAvailable:    1547552 kB
Buffers:           43436 kB
Cached:           264120 kB
MemTotal:        1844596 kB
MemFree:         1369992 kB
MemAvailable:    1547064 kB
Buffers:           43436 kB
Cached:           264120 kB
MemTotal:        1844596 kB
MemFree:         1370148 kB
MemAvailable:    1547220 kB
Buffers:           43436 kB
Cached:           264120 kB
MemTotal:        1844596 kB
MemFree:         1369272 kB
MemAvailable:    1546344 kB
Buffers:           43436 kB
Cached:           264120 kB
MemTotal:        1844596 kB
MemFree:         1369356 kB
MemAvailable:    1546428 kB
Buffers:           43436 kB
Cached:           264120 kB
MemTotal:        1844596 kB
MemFree:         1368040 kB
MemAvailable:    1545112 kB
Buffers:           43436 kB
Cached:           264120 kB
MemTotal:        1844596 kB
MemFree:         1367560 kB
MemAvailable:    1544632 kB
Buffers:           43436 kB
Cached:           264120 kB
MemTotal:        1844596 kB
MemFree:         1367728 kB
MemAvailable:    1544800 kB
Buffers:           43436 kB
Cached:           264120 kB
MemTotal:        1844596 kB
MemFree:         1367860 kB
MemAvailable:    1544932 kB
Buffers:           43436 kB
Cached:           264120 kB
MemTotal:        1844596 kB
MemFree:         1367784 kB
MemAvailable:    1544856 kB
Buffers:           43436 kB
Cached:           264120 kB
MemTotal:        1844596 kB
MemFree:         1368036 kB
MemAvailable:    1545108 kB
Buffers:           43436 kB
Cached:           264120 kB
MemTotal:        1844596 kB
MemFree:         1366412 kB
MemAvailable:    1543484 kB
Buffers:           43436 kB
Cached:           264120 kB
MemTotal:        1844596 kB
MemFree:         1366796 kB
MemAvailable:    1543868 kB
Buffers:           43436 kB
Cached:           264120 kB
MemTotal:        1844596 kB
MemFree:         1366492 kB
MemAvailable:    1543564 kB
Buffers:           43436 kB
Cached:           264120 kB
MemTotal:        1844596 kB
MemFree:         1367860 kB
MemAvailable:    1544932 kB
Buffers:           43436 kB
Cached:           264120 kB
MemTotal:        1844596 kB
MemFree:         1366932 kB
MemAvailable:    1544004 kB
Buffers:           43436 kB
Cached:           264120 kB
MemTotal:        1844596 kB
MemFree:         1369224 kB
MemAvailable:    1546308 kB
Buffers:           43436 kB
Cached:           264128 kB
MemTotal:        1844596 kB
MemFree:         1368660 kB
MemAvailable:    1545744 kB
Buffers:           43436 kB
Cached:           264128 kB
MemTotal:        1844596 kB
MemFree:         1367420 kB
MemAvailable:    1544504 kB
Buffers:           43436 kB
Cached:           264128 kB
MemTotal:        1844596 kB
MemFree:         1366872 kB
MemAvailable:    1543956 kB
Buffers:           43436 kB
Cached:           264128 kB
MemTotal:        1844596 kB
MemFree:         1365628 kB
MemAvailable:    1542712 kB
Buffers:           43436 kB
Cached:           264128 kB
MemTotal:        1844596 kB
MemFree:         1365180 kB
MemAvailable:    1542264 kB
Buffers:           43436 kB
Cached:           264128 kB
MemTotal:        1844596 kB
MemFree:         1365180 kB
MemAvailable:    1542264 kB
Buffers:           43436 kB
Cached:           264128 kB
MemTotal:        1844596 kB
MemFree:         1363576 kB
MemAvailable:    1540660 kB
Buffers:           43436 kB
Cached:           264128 kB
MemTotal:        1844596 kB
MemFree:         1363336 kB
MemAvailable:    1540420 kB
Buffers:           43436 kB
Cached:           264128 kB
MemTotal:        1844596 kB
MemFree:         1363832 kB
MemAvailable:    1540916 kB
Buffers:           43436 kB
Cached:           264128 kB
MemTotal:        1844596 kB
MemFree:         1363576 kB
MemAvailable:    1540660 kB
Buffers:           43436 kB
Cached:           264128 kB
MemTotal:        1844596 kB
MemFree:         1362328 kB
MemAvailable:    1539412 kB
Buffers:           43436 kB
Cached:           264128 kB
MemTotal:        1844596 kB
MemFree:         1362412 kB
MemAvailable:    1539496 kB
Buffers:           43436 kB
Cached:           264128 kB
MemTotal:        1844596 kB
MemFree:         1363624 kB
MemAvailable:    1540708 kB
Buffers:           43436 kB
Cached:           264128 kB
MemTotal:        1844596 kB
MemFree:         1362564 kB
MemAvailable:    1539648 kB
Buffers:           43436 kB
Cached:           264128 kB
MemTotal:        1844596 kB
MemFree:         1363328 kB
MemAvailable:    1540412 kB
Buffers:           43436 kB
Cached:           264128 kB
MemTotal:        1844596 kB
MemFree:         1362892 kB
MemAvailable:    1539976 kB
Buffers:           43436 kB
Cached:           264128 kB
MemTotal:        1844596 kB
MemFree:         1363144 kB
MemAvailable:    1540228 kB
Buffers:           43436 kB
Cached:           264128 kB
MemTotal:        1844596 kB
MemFree:         1362644 kB
MemAvailable:    1539728 kB
Buffers:           43436 kB
Cached:           264128 kB
MemTotal:        1844596 kB
MemFree:         1362644 kB
MemAvailable:    1539728 kB
Buffers:           43436 kB
Cached:           264128 kB
MemTotal:        1844596 kB
MemFree:         1361412 kB
MemAvailable:    1538496 kB
Buffers:           43436 kB
Cached:           264128 kB
MemTotal:        1844596 kB
MemFree:         1362720 kB
MemAvailable:    1539804 kB
Buffers:           43436 kB
Cached:           264128 kB
MemTotal:        1844596 kB
MemFree:         1362636 kB
MemAvailable:    1539720 kB
Buffers:           43436 kB
Cached:           264128 kB
MemTotal:        1844596 kB
MemFree:         1362708 kB
MemAvailable:    1539792 kB
Buffers:           43436 kB
Cached:           264128 kB
MemTotal:        1844596 kB
MemFree:         1362756 kB
MemAvailable:    1539840 kB
Buffers:           43436 kB
Cached:           264128 kB
MemTotal:        1844596 kB
MemFree:         1361408 kB
MemAvailable:    1538492 kB
Buffers:           43436 kB
Cached:           264128 kB
MemTotal:        1844596 kB
MemFree:         1361276 kB
MemAvailable:    1538360 kB
Buffers:           43436 kB
Cached:           264128 kB
MemTotal:        1844596 kB
MemFree:         1361648 kB
MemAvailable:    1538732 kB
Buffers:           43436 kB
Cached:           264128 kB
MemTotal:        1844596 kB
MemFree:         1361524 kB
MemAvailable:    1538608 kB
Buffers:           43436 kB
Cached:           264128 kB
MemTotal:        1844596 kB
MemFree:         1362576 kB
MemAvailable:    1539660 kB
Buffers:           43436 kB
Cached:           264128 kB
MemTotal:        1844596 kB
MemFree:         1361228 kB
MemAvailable:    1538312 kB
Buffers:           43436 kB
Cached:           264128 kB
MemTotal:        1844596 kB
MemFree:         1362180 kB
MemAvailable:    1539268 kB
Buffers:           43436 kB
Cached:           264132 kB
MemTotal:        1844596 kB
MemFree:         1361924 kB
MemAvailable:    1539012 kB
Buffers:           43436 kB
Cached:           264132 kB
MemTotal:        1844596 kB
MemFree:         1360596 kB
MemAvailable:    1537684 kB
Buffers:           43436 kB
Cached:           264132 kB
MemTotal:        1844596 kB
MemFree:         1361096 kB
MemAvailable:    1538184 kB
Buffers:           43436 kB
Cached:           264132 kB
MemTotal:        1844596 kB
MemFree:         1361596 kB
MemAvailable:    1538684 kB
Buffers:           43436 kB
Cached:           264132 kB
MemTotal:        1844596 kB
MemFree:         1360588 kB
MemAvailable:    1537676 kB
Buffers:           43436 kB
Cached:           264132 kB
MemTotal:        1844596 kB
MemFree:         1360324 kB
MemAvailable:    1537412 kB
Buffers:           43436 kB
Cached:           264132 kB
MemTotal:        1844596 kB
MemFree:         1360456 kB
MemAvailable:    1537544 kB
Buffers:           43436 kB
Cached:           264132 kB
MemTotal:        1844596 kB
MemFree:         1360576 kB
MemAvailable:    1537664 kB
Buffers:           43436 kB
Cached:           264132 kB
MemTotal:        1844596 kB
MemFree:         1361884 kB
MemAvailable:    1538972 kB
Buffers:           43436 kB
Cached:           264132 kB
MemTotal:        1844596 kB
MemFree:         1361696 kB
MemAvailable:    1538784 kB
Buffers:           43436 kB
Cached:           264132 kB
MemTotal:        1844596 kB
MemFree:         1361660 kB
MemAvailable:    1538748 kB
Buffers:           43436 kB
Cached:           264132 kB
MemTotal:        1844596 kB
MemFree:         1359988 kB
MemAvailable:    1537076 kB
Buffers:           43436 kB
Cached:           264132 kB
MemTotal:        1844596 kB
MemFree:         1359220 kB
MemAvailable:    1536308 kB
Buffers:           43436 kB
Cached:           264132 kB
MemTotal:        1844596 kB
MemFree:         1359112 kB
MemAvailable:    1536200 kB
Buffers:           43436 kB
Cached:           264132 kB
MemTotal:        1844596 kB
MemFree:         1354772 kB
MemAvailable:    1531860 kB
Buffers:           43436 kB
Cached:           264132 kB
MemTotal:        1844596 kB
MemFree:         1353292 kB
MemAvailable:    1530380 kB
Buffers:           43436 kB
Cached:           264132 kB
MemTotal:        1844596 kB
MemFree:         1352788 kB
MemAvailable:    1529876 kB
Buffers:           43436 kB
Cached:           264132 kB
MemTotal:        1844596 kB
MemFree:         1352796 kB
MemAvailable:    1529884 kB
Buffers:           43436 kB
Cached:           264132 kB
MemTotal:        1844596 kB
MemFree:         1354140 kB
MemAvailable:    1531228 kB
Buffers:           43436 kB
Cached:           264132 kB
MemTotal:        1844596 kB
MemFree:         1354028 kB
MemAvailable:    1531116 kB
Buffers:           43436 kB
Cached:           264132 kB
MemTotal:        1844596 kB
MemFree:         1353840 kB
MemAvailable:    1530928 kB
Buffers:           43436 kB
Cached:           264132 kB
MemTotal:        1844596 kB
MemFree:         1353960 kB
MemAvailable:    1531048 kB
Buffers:           43436 kB
Cached:           264132 kB
MemTotal:        1844596 kB
MemFree:         1354012 kB
MemAvailable:    1531100 kB
Buffers:           43436 kB
Cached:           264132 kB
MemTotal:        1844596 kB
MemFree:         1353784 kB
MemAvailable:    1530872 kB
Buffers:           43436 kB
Cached:           264132 kB
MemTotal:        1844596 kB
MemFree:         1353704 kB
MemAvailable:    1530792 kB
Buffers:           43436 kB
Cached:           264132 kB
MemTotal:        1844596 kB
MemFree:         1353704 kB
MemAvailable:    1530792 kB
Buffers:           43436 kB
Cached:           264132 kB
MemTotal:        1844596 kB
MemFree:         1353828 kB
MemAvailable:    1530916 kB
Buffers:           43436 kB
Cached:           264132 kB
MemTotal:        1844596 kB
MemFree:         1352404 kB
MemAvailable:    1529492 kB
Buffers:           43436 kB
Cached:           264132 kB
MemTotal:        1844596 kB
MemFree:         1353704 kB
MemAvailable:    1530792 kB
Buffers:           43436 kB
Cached:           264132 kB
MemTotal:        1844596 kB
MemFree:         1353704 kB
MemAvailable:    1530792 kB
Buffers:           43436 kB
Cached:           264132 kB
MemTotal:        1844596 kB
MemFree:         1352176 kB
MemAvailable:    1529264 kB
Buffers:           43436 kB
Cached:           264132 kB
MemTotal:        1844596 kB
MemFree:         1353368 kB
MemAvailable:    1530456 kB
Buffers:           43436 kB
Cached:           264132 kB
MemTotal:        1844596 kB
MemFree:         1351680 kB
MemAvailable:    1528768 kB
Buffers:           43436 kB
Cached:           264132 kB
MemTotal:        1844596 kB
MemFree:         1352672 kB
MemAvailable:    1529764 kB
Buffers:           43436 kB
Cached:           264136 kB
MemTotal:        1844596 kB
MemFree:         1351060 kB
MemAvailable:    1528152 kB
Buffers:           43436 kB
Cached:           264136 kB
MemTotal:        1844596 kB
MemFree:         1352236 kB
MemAvailable:    1529328 kB
Buffers:           43436 kB
Cached:           264136 kB
MemTotal:        1844596 kB
MemFree:         1351060 kB
MemAvailable:    1528152 kB
Buffers:           43436 kB
Cached:           264136 kB
MemTotal:        1844596 kB
MemFree:         1349564 kB
MemAvailable:    1526656 kB
Buffers:           43436 kB
Cached:           264136 kB
MemTotal:        1844596 kB
MemFree:         1350928 kB
MemAvailable:    1528020 kB
Buffers:           43436 kB
Cached:           264136 kB
MemTotal:        1844596 kB
MemFree:         1350548 kB
MemAvailable:    1527640 kB
Buffers:           43436 kB
Cached:           264136 kB
MemTotal:        1844596 kB
MemFree:         1349060 kB
MemAvailable:    1526152 kB
Buffers:           43436 kB
Cached:           264136 kB
MemTotal:        1844596 kB
MemFree:         1350252 kB
MemAvailable:    1527344 kB
Buffers:           43436 kB
Cached:           264136 kB
MemTotal:        1844596 kB
MemFree:         1350068 kB
MemAvailable:    1527160 kB
Buffers:           43436 kB
Cached:           264136 kB
MemTotal:        1844596 kB
MemFree:         1348828 kB
MemAvailable:    1525920 kB
Buffers:           43436 kB
Cached:           264136 kB
MemTotal:        1844596 kB
MemFree:         1348812 kB
MemAvailable:    1525904 kB
Buffers:           43436 kB
Cached:           264136 kB
MemTotal:        1844596 kB
MemFree:         1348820 kB
MemAvailable:    1525912 kB
Buffers:           43436 kB
Cached:           264136 kB
MemTotal:        1844596 kB
MemFree:         1349932 kB
MemAvailable:    1527024 kB
Buffers:           43436 kB
Cached:           264136 kB
MemTotal:        1844596 kB
MemFree:         1348952 kB
MemAvailable:    1526044 kB
Buffers:           43436 kB
Cached:           264136 kB
MemTotal:        1844596 kB
MemFree:         1349880 kB
MemAvailable:    1526972 kB
Buffers:           43436 kB
Cached:           264136 kB
MemTotal:        1844596 kB
MemFree:         1348828 kB
MemAvailable:    1525920 kB
Buffers:           43436 kB
Cached:           264136 kB
MemTotal:        1844596 kB
MemFree:         1349300 kB
MemAvailable:    1526392 kB
Buffers:           43436 kB
Cached:           264136 kB
MemTotal:        1844596 kB
MemFree:         1349636 kB
MemAvailable:    1526728 kB
Buffers:           43436 kB
Cached:           264136 kB
MemTotal:        1844596 kB
MemFree:         1348316 kB
MemAvailable:    1525408 kB
Buffers:           43436 kB
Cached:           264136 kB
MemTotal:        1844596 kB
MemFree:         1340828 kB
MemAvailable:    1517920 kB
Buffers:           43436 kB
Cached:           264136 kB
MemTotal:        1844596 kB
MemFree:         1340084 kB
MemAvailable:    1517176 kB
Buffers:           43436 kB
Cached:           264136 kB
MemTotal:        1844596 kB
MemFree:         1339828 kB
MemAvailable:    1517004 kB
Buffers:           43436 kB
Cached:           264260 kB
MemTotal:        1844596 kB
MemFree:         1338660 kB
MemAvailable:    1515920 kB
Buffers:           43436 kB
Cached:           264260 kB
MemTotal:        1844596 kB
MemFree:         1339504 kB
MemAvailable:    1516848 kB
Buffers:           43436 kB
Cached:           264508 kB
MemTotal:        1844596 kB
MemFree:         1339756 kB
MemAvailable:    1517184 kB
Buffers:           43436 kB
Cached:           264508 kB
MemTotal:        1844596 kB
MemFree:         1338404 kB
MemAvailable:    1515916 kB
Buffers:           43436 kB
Cached:           264632 kB
MemTotal:        1844596 kB
MemFree:         1338000 kB
MemAvailable:    1515680 kB
Buffers:           43436 kB
Cached:           264756 kB
MemTotal:        1844596 kB
MemFree:         1338040 kB
MemAvailable:    1515720 kB
Buffers:           43436 kB
Cached:           264756 kB
MemTotal:        1844596 kB
MemFree:         1338960 kB
MemAvailable:    1516724 kB
Buffers:           43436 kB
Cached:           264756 kB
MemTotal:        1844596 kB
MemFree:         1339216 kB
MemAvailable:    1516980 kB
Buffers:           43436 kB
Cached:           264756 kB
MemTotal:        1844596 kB
MemFree:         1339196 kB
MemAvailable:    1516960 kB
Buffers:           43436 kB
Cached:           264756 kB
MemTotal:        1844596 kB
MemFree:         1338948 kB
MemAvailable:    1516712 kB
Buffers:           43436 kB
Cached:           264756 kB
MemTotal:        1844596 kB
MemFree:         1339284 kB
MemAvailable:    1517048 kB
Buffers:           43436 kB
Cached:           264756 kB
MemTotal:        1844596 kB
MemFree:         1339068 kB
MemAvailable:    1516832 kB
Buffers:           43436 kB
Cached:           264756 kB
MemTotal:        1844596 kB
MemFree:         1339032 kB
MemAvailable:    1516796 kB
Buffers:           43436 kB
Cached:           264756 kB
MemTotal:        1844596 kB
MemFree:         1338484 kB
MemAvailable:    1515660 kB
Buffers:           43436 kB
Cached:           264124 kB
MemTotal:        1844596 kB
MemFree:         1409904 kB
MemAvailable:    1586996 kB
Buffers:           43436 kB
Cached:           264084 kB
