MemTotal:        1844596 kB
MemFree:         1387368 kB
MemAvailable:    1563900 kB
Buffers:           43372 kB
Cached:           263688 kB
MemTotal:        1844596 kB
MemFree:         1384996 kB
MemAvailable:    1561528 kB
Buffers:           43372 kB
Cached:           263688 kB
MemTotal:        1844596 kB
MemFree:         1383408 kB
MemAvailable:    1559940 kB
Buffers:           43372 kB
Cached:           263688 kB
MemTotal:        1844596 kB
MemFree:         1382260 kB
MemAvailable:    1558796 kB
Buffers:           43372 kB
Cached:           263692 kB
MemTotal:        1844596 kB
MemFree:         1382260 kB
MemAvailable:    1558796 kB
Buffers:           43372 kB
Cached:           263692 kB
MemTotal:        1844596 kB
MemFree:         1379548 kB
MemAvailable:    1556084 kB
Buffers:           43372 kB
Cached:           263692 kB
MemTotal:        1844596 kB
MemFree:         1380524 kB
MemAvailable:    1557060 kB
Buffers:           43372 kB
Cached:           263692 kB
MemTotal:        1844596 kB
MemFree:         1380860 kB
MemAvailable:    1557396 kB
Buffers:           43372 kB
Cached:           263692 kB
MemTotal:        1844596 kB
MemFree:         1377144 kB
MemAvailable:    1553680 kB
Buffers:           43372 kB
Cached:           263692 kB
MemTotal:        1844596 kB
MemFree:         1376952 kB
MemAvailable:    1553488 kB
Buffers:           43372 kB
Cached:           263692 kB
MemTotal:        1844596 kB
MemFree:         1374532 kB
MemAvailable:    1551068 kB
Buffers:           43372 kB
Cached:           263692 kB
MemTotal:        1844596 kB
MemFree:         1369388 kB
MemAvailable:    1545924 kB
Buffers:           43372 kB
Cached:           263692 kB
MemTotal:        1844596 kB
MemFree:         1369692 kB
MemAvailable:    1546228 kB
Buffers:           43372 kB
Cached:           263692 kB
MemTotal:        1844596 kB
MemFree:         1369816 kB
MemAvailable:    1546352 kB
Buffers:           43372 kB
Cached:           263692 kB
MemTotal:        1844596 kB
MemFree:         1369816 kB
MemAvailable:    1546352 kB
Buffers:           43372 kB
Cached:           263692 kB
MemTotal:        1844596 kB
MemFree:         1370860 kB
MemAvailable:    1547396 kB
Buffers:           43372 kB
Cached:           263692 kB
MemTotal:        1844596 kB
MemFree:         1369752 kB
MemAvailable:    1546288 kB
Buffers:           43372 kB
Cached:           263692 kB
MemTotal:        1844596 kB
MemFree:         1370564 kB
MemAvailable:    1547100 kB
Buffers:           43372 kB
Cached:           263692 kB
MemTotal:        1844596 kB
MemFree:         1369016 kB
MemAvailable:    1545552 kB
Buffers:           43372 kB
Cached:           263692 kB
MemTotal:        1844596 kB
MemFree:         1368992 kB
MemAvailable:    1545528 kB
Buffers:           43372 kB
Cached:           263692 kB
MemTotal:        1844596 kB
MemFree:         1368992 kB
MemAvailable:    1545528 kB
Buffers:           43372 kB
Cached:           263692 kB
MemTotal:        1844596 kB
MemFree:         1367456 kB
MemAvailable:    1543992 kB
Buffers:           43372 kB
Cached:           263692 kB
MemTotal:        1844596 kB
MemFree:         1368764 kB
MemAvailable:    1545300 kB
Buffers:           43372 kB
Cached:           263692 kB
MemTotal:        1844596 kB
MemFree:         1368764 kB
MemAvailable:    1545300 kB
Buffers:           43372 kB
Cached:           263692 kB
MemTotal:        1844596 kB
MemFree:         1367456 kB
MemAvailable:    1543992 kB
Buffers:           43372 kB
Cached:           263692 kB
MemTotal:        1844596 kB
MemFree:         1368548 kB
MemAvailable:    1545084 kB
Buffers:           43372 kB
Cached:           263692 kB
MemTotal:        1844596 kB
MemFree:         1368512 kB
MemAvailable:    1545048 kB
Buffers:           43372 kB
Cached:           263692 kB
MemTotal:        1844596 kB
MemFree:         1367084 kB
MemAvailable:    1543620 kB
Buffers:           43372 kB
Cached:           263692 kB
MemTotal:        1844596 kB
MemFree:         1368392 kB
MemAvailable:    1544928 kB
Buffers:           43372 kB
Cached:           263692 kB
MemTotal:        1844596 kB
MemFree:         1369696 kB
MemAvailable:    1546232 kB
Buffers:           43372 kB
Cached:           263692 kB
MemTotal:        1844596 kB
MemFree:         1368472 kB
MemAvailable:    1545008 kB
Buffers:           43372 kB
Cached:           263692 kB
MemTotal:        1844596 kB
MemFree:         1368396 kB
MemAvailable:    1544936 kB
Buffers:           43372 kB
Cached:           263696 kB
MemTotal:        1844596 kB
MemFree:         1367892 kB
MemAvailable:    1544432 kB
Buffers:           43372 kB
Cached:           263696 kB
MemTotal:        1844596 kB
MemFree:         1366472 kB
MemAvailable:    1543012 kB
Buffers:           43372 kB
Cached:           263696 kB
MemTotal:        1844596 kB
MemFree:         1366100 kB
MemAvailable:    1542640 kB
Buffers:           43372 kB
Cached:           263696 kB
MemTotal:        1844596 kB
MemFree:         1365404 kB
MemAvailable:    1541944 kB
Buffers:           43372 kB
Cached:           263696 kB
MemTotal:        1844596 kB
MemFree:         1365172 kB
MemAvailable:    1541712 kB
Buffers:           43372 kB
Cached:           263696 kB
MemTotal:        1844596 kB
MemFree:         1364660 kB
MemAvailable:    1541200 kB
Buffers:           43372 kB
Cached:           263696 kB
MemTotal:        1844596 kB
MemFree:         1363920 kB
MemAvailable:    1540460 kB
Buffers:           43372 kB
Cached:           263696 kB
MemTotal:        1844596 kB
MemFree:         1364612 kB
MemAvailable:    1541152 kB
Buffers:           43372 kB
Cached:           263696 kB
MemTotal:        1844596 kB
MemFree:         1363180 kB
MemAvailable:    1539720 kB
Buffers:           43372 kB
Cached:           263696 kB
MemTotal:        1844596 kB
MemFree:         1364224 kB
MemAvailable:    1540764 kB
Buffers:           43372 kB
Cached:           263696 kB
MemTotal:        1844596 kB
MemFree:         1364216 kB
MemAvailable:    1540756 kB
Buffers:           43372 kB
Cached:           263696 kB
MemTotal:        1844596 kB
MemFree:         1364348 kB
MemAvailable:    1540888 kB
Buffers:           43372 kB
Cached:           263696 kB
MemTotal:        1844596 kB
MemFree:         1364324 kB
MemAvailable:    1540864 kB
Buffers:           43372 kB
Cached:           263696 kB
MemTotal:        1844596 kB
MemFree:         1364364 kB
MemAvailable:    1540904 kB
Buffers:           43372 kB
Cached:           263696 kB
MemTotal:        1844596 kB
MemFree:         1364204 kB
MemAvailable:    1540744 kB
Buffers:           43372 kB
Cached:           263696 kB
MemTotal:        1844596 kB
MemFree:         1362824 kB
MemAvailable:    1539364 kB
Buffers:           43372 kB
Cached:           263696 kB
MemTotal:        1844596 kB
MemFree:         1363560 kB
MemAvailable:    1540100 kB
Buffers:           43372 kB
Cached:           263696 kB
MemTotal:        1844596 kB
MemFree:         1361924 kB
MemAvailable:    1538464 kB
Buffers:           43372 kB
Cached:           263696 kB
MemTotal:        1844596 kB
MemFree:         1361932 kB
MemAvailable:    1538472 kB
Buffers:           43372 kB
Cached:           263696 kB
MemTotal:        1844596 kB
MemFree:         1363232 kB
MemAvailable:    1539772 kB
Buffers:           43372 kB
Cached:           263696 kB
MemTotal:        1844596 kB
MemFree:         1363180 kB
MemAvailable:    1539720 kB
Buffers:           43372 kB
Cached:           263696 kB
MemTotal:        1844596 kB
MemFree:         1363100 kB
MemAvailable:    1539640 kB
Buffers:           43372 kB
Cached:           263696 kB
MemTotal:        1844596 kB
MemFree:         1363248 kB
MemAvailable:    1539788 kB
Buffers:           43372 kB
Cached:           263696 kB
MemTotal:        1844596 kB
MemFree:         1363096 kB
MemAvailable:    1539636 kB
Buffers:           43372 kB
Cached:           263696 kB
MemTotal:        1844596 kB
MemFree:         1363348 kB
MemAvailable:    1539888 kB
Buffers:           43372 kB
Cached:           263696 kB
MemTotal:        1844596 kB
MemFree:         1363152 kB
MemAvailable:    1539692 kB
Buffers:           43372 kB
Cached:           263696 kB
MemTotal:        1844596 kB
MemFree:         1363064 kB
MemAvailable:    1539604 kB
Buffers:           43372 kB
Cached:           263696 kB
MemTotal:        1844596 kB
MemFree:         1361884 kB
MemAvailable:    1538424 kB
Buffers:           43372 kB
Cached:           263696 kB
MemTotal:        1844596 kB
MemFree:         1363192 kB
MemAvailable:    1539732 kB
Buffers:           43372 kB
Cached:           263696 kB
MemTotal:        1844596 kB
MemFree:         1362016 kB
MemAvailable:    1538556 kB
Buffers:           43372 kB
Cached:           263696 kB
MemTotal:        1844596 kB
MemFree:         1362916 kB
MemAvailable:    1539456 kB
Buffers:           43372 kB
Cached:           263696 kB
MemTotal:        1844596 kB
MemFree:         1362684 kB
MemAvailable:    1539224 kB
Buffers:           43372 kB
Cached:           263696 kB
MemTotal:        1844596 kB
MemFree:         1362544 kB
MemAvailable:    1539084 kB
Buffers:           43372 kB
Cached:           263696 kB
MemTotal:        1844596 kB
MemFree:         1361304 kB
MemAvailable:    1537844 kB
Buffers:           43372 kB
Cached:           263696 kB
MemTotal:        1844596 kB
MemFree:         1362604 kB
MemAvailable:    1539144 kB
Buffers:           43372 kB
Cached:           263696 kB
MemTotal:        1844596 kB
MemFree:         1361328 kB
MemAvailable:    1537868 kB
Buffers:           43372 kB
Cached:           263696 kB
MemTotal:        1844596 kB
MemFree:         1361064 kB
MemAvailable:    1537604 kB
Buffers:           43372 kB
Cached:           263696 kB
MemTotal:        1844596 kB
MemFree:         1362288 kB
MemAvailable:    1538828 kB
Buffers:           43372 kB
Cached:           263696 kB
MemTotal:        1844596 kB
MemFree:         1362540 kB
MemAvailable:    1539080 kB
Buffers:           43372 kB
Cached:           263696 kB
MemTotal:        1844596 kB
MemFree:         1361012 kB
MemAvailable:    1537552 kB
Buffers:           43372 kB
Cached:           263696 kB
MemTotal:        1844596 kB
MemFree:         1362316 kB
MemAvailable:    1538856 kB
Buffers:           43372 kB
Cached:           263696 kB
MemTotal:        1844596 kB
MemFree:         1361176 kB
MemAvailable:    1537716 kB
Buffers:           43372 kB
Cached:           263696 kB
MemTotal:        1844596 kB
MemFree:         1362256 kB
MemAvailable:    1538796 kB
Buffers:           43372 kB
Cached:           263696 kB
MemTotal:        1844596 kB
MemFree:         1361568 kB
MemAvailable:    1538108 kB
Buffers:           43372 kB
Cached:           263696 kB
MemTotal:        1844596 kB
MemFree:         1361320 kB
MemAvailable:    1537860 kB
Buffers:           43372 kB
Cached:           263696 kB
MemTotal:        1844596 kB
MemFree:         1359528 kB
MemAvailable:    1536068 kB
Buffers:           43372 kB
Cached:           263696 kB
MemTotal:        1844596 kB
MemFree:         1356924 kB
MemAvailable:    1533464 kB
Buffers:           43372 kB
Cached:           263696 kB
MemTotal:        1844596 kB
MemFree:         1354260 kB
MemAvailable:    1530800 kB
Buffers:           43372 kB
Cached:           263696 kB
MemTotal:        1844596 kB
MemFree:         1353624 kB
MemAvailable:    1530164 kB
Buffers:           43372 kB
Cached:           263696 kB
MemTotal:        1844596 kB
MemFree:         1354996 kB
MemAvailable:    1531536 kB
Buffers:           43372 kB
Cached:           263696 kB
MemTotal:        1844596 kB
MemFree:         1354560 kB
MemAvailable:    1531100 kB
Buffers:           43372 kB
Cached:           263696 kB
MemTotal:        1844596 kB
MemFree:         1354360 kB
MemAvailable:    1530900 kB
Buffers:           43372 kB
Cached:           263696 kB
MemTotal:        1844596 kB
MemFree:         1354004 kB
MemAvailable:    1530544 kB
Buffers:           43372 kB
Cached:           263696 kB
MemTotal:        1844596 kB
MemFree:         1353080 kB
MemAvailable:    1529620 kB
Buffers:           43372 kB
Cached:           263696 kB
MemTotal:        1844596 kB
MemFree:         1354256 kB
MemAvailable:    1530796 kB
Buffers:           43372 kB
Cached:           263696 kB
MemTotal:        1844596 kB
MemFree:         1354544 kB
MemAvailable:    1531084 kB
Buffers:           43372 kB
Cached:           263696 kB
MemTotal:        1844596 kB
MemFree:         1353640 kB
MemAvailable:    1530180 kB
Buffers:           43372 kB
Cached:           263696 kB
MemTotal:        1844596 kB
MemFree:         1354204 kB
MemAvailable:    1530748 kB
Buffers:           43372 kB
Cached:           263700 kB
MemTotal:        1844596 kB
MemFree:         1354456 kB
MemAvailable:    1531000 kB
Buffers:           43372 kB
Cached:           263700 kB
MemTotal:        1844596 kB
MemFree:         1354384 kB
MemAvailable:    1530928 kB
Buffers:           43372 kB
Cached:           263700 kB
MemTotal:        1844596 kB
MemFree:         1354368 kB
MemAvailable:    1530912 kB
Buffers:           43372 kB
Cached:           263700 kB
MemTotal:        1844596 kB
MemFree:         1354272 kB
MemAvailable:    1530816 kB
Buffers:           43372 kB
Cached:           263700 kB
MemTotal:        1844596 kB
MemFree:         1353008 kB
MemAvailable:    1529552 kB
Buffers:           43372 kB
Cached:           263700 kB
MemTotal:        1844596 kB
MemFree:         1354064 kB
MemAvailable:    1530608 kB
Buffers:           43372 kB
Cached:           263700 kB
MemTotal:        1844596 kB
MemFree:         1353624 kB
MemAvailable:    1530168 kB
Buffers:           43372 kB
Cached:           263700 kB
MemTotal:        1844596 kB
MemFree:         1353624 kB
MemAvailable:    1530168 kB
Buffers:           43372 kB
Cached:           263700 kB
MemTotal:        1844596 kB
MemFree:         1353312 kB
MemAvailable:    1529856 kB
Buffers:           43372 kB
Cached:           263700 kB
MemTotal:        1844596 kB
MemFree:         1351780 kB
MemAvailable:    1528324 kB
Buffers:           43372 kB
Cached:           263700 kB
MemTotal:        1844596 kB
MemFree:         1352624 kB
MemAvailable:    1529168 kB
Buffers:           43372 kB
Cached:           263700 kB
MemTotal:        1844596 kB
MemFree:         1352392 kB
MemAvailable:    1528936 kB
Buffers:           43372 kB
Cached:           263700 kB
MemTotal:        1844596 kB
MemFree:         1352396 kB
MemAvailable:    1528940 kB
Buffers:           43372 kB
Cached:           263700 kB
MemTotal:        1844596 kB
MemFree:         1350408 kB
MemAvailable:    1526952 kB
Buffers:           43372 kB
Cached:           263700 kB
MemTotal:        1844596 kB
MemFree:         1351200 kB
MemAvailable:    1527744 kB
Buffers:           43372 kB
Cached:           263700 kB
MemTotal:        1844596 kB
MemFree:         1351452 kB
MemAvailable:    1527996 kB
Buffers:           43372 kB
Cached:           263700 kB
MemTotal:        1844596 kB
MemFree:         1350972 kB
MemAvailable:    1527516 kB
Buffers:           43372 kB
Cached:           263700 kB
MemTotal:        1844596 kB
MemFree:         1349788 kB
MemAvailable:    1526332 kB
Buffers:           43372 kB
Cached:           263700 kB
MemTotal:        1844596 kB
MemFree:         1350764 kB
MemAvailable:    1527312 kB
Buffers:           43372 kB
Cached:           263704 kB
MemTotal:        1844596 kB
MemFree:         1350656 kB
MemAvailable:    1527204 kB
Buffers:           43372 kB
Cached:           263704 kB
MemTotal:        1844596 kB
MemFree:         1350460 kB
MemAvailable:    1527008 kB
Buffers:           43372 kB
Cached:           263704 kB
MemTotal:        1844596 kB
MemFree:         1350540 kB
MemAvailable:    1527088 kB
Buffers:           43372 kB
Cached:           263704 kB
MemTotal:        1844596 kB
MemFree:         1349112 kB
MemAvailable:    1525660 kB
Buffers:           43372 kB
Cached:           263704 kB
MemTotal:        1844596 kB
MemFree:         1350388 kB
MemAvailable:    1526936 kB
Buffers:           43372 kB
Cached:           263704 kB
MemTotal:        1844596 kB
MemFree:         1350640 kB
MemAvailable:    1527188 kB
Buffers:           43372 kB
Cached:           263704 kB
MemTotal:        1844596 kB
MemFree:         1350464 kB
MemAvailable:    1527012 kB
Buffers:           43372 kB
Cached:           263704 kB
MemTotal:        1844596 kB
MemFree:         1349116 kB
MemAvailable:    1525664 kB
Buffers:           43372 kB
Cached:           263704 kB
MemTotal:        1844596 kB
MemFree:         1350416 kB
MemAvailable:    1526964 kB
Buffers:           43372 kB
Cached:           263704 kB
MemTotal:        1844596 kB
MemFree:         1349152 kB
MemAvailable:    1525700 kB
Buffers:           43372 kB
Cached:           263704 kB
MemTotal:        1844596 kB
MemFree:         1348912 kB
MemAvailable:    1525460 kB
Buffers:           43372 kB
Cached:           263704 kB
MemTotal:        1844596 kB
MemFree:         1350212 kB
MemAvailable:    1526760 kB
Buffers:           43372 kB
Cached:           263704 kB
MemTotal:        1844596 kB
MemFree:         1348812 kB
MemAvailable:    1525360 kB
Buffers:           43372 kB
Cached:           263704 kB
MemTotal:        1844596 kB
MemFree:         1343660 kB
MemAvailable:    1520208 kB
Buffers:           43372 kB
Cached:           263704 kB
MemTotal:        1844596 kB
MemFree:         1340496 kB
MemAvailable:    1517044 kB
Buffers:           43372 kB
Cached:           263704 kB
MemTotal:        1844596 kB
MemFree:         1341332 kB
MemAvailable:    1518048 kB
Buffers:           43372 kB
Cached:           263952 kB
MemTotal:        1844596 kB
MemFree:         1340984 kB
MemAvailable:    1517700 kB
Buffers:           43372 kB
Cached:           263952 kB
MemTotal:        1844596 kB
MemFree:         1339976 kB
MemAvailable:    1516776 kB
Buffers:           43372 kB
Cached:           264076 kB
MemTotal:        1844596 kB
MemFree:         1341152 kB
MemAvailable:    1518036 kB
Buffers:           43372 kB
Cached:           264076 kB
MemTotal:        1844596 kB
MemFree:         1340248 kB
MemAvailable:    1517216 kB
Buffers:           43372 kB
Cached:           264200 kB
MemTotal:        1844596 kB
MemFree:         1340928 kB
MemAvailable:    1518052 kB
Buffers:           43372 kB
Cached:           264316 kB
MemTotal:        1844596 kB
MemFree:         1341096 kB
MemAvailable:    1518220 kB
Buffers:           43372 kB
Cached:           264316 kB
MemTotal:        1844596 kB
MemFree:         1340780 kB
MemAvailable:    1517904 kB
Buffers:           43372 kB
Cached:           264316 kB
MemTotal:        1844596 kB
MemFree:         1340736 kB
MemAvailable:    1517736 kB
Buffers:           43372 kB
Cached:           264316 kB
MemTotal:        1844596 kB
MemFree:         1340848 kB
MemAvailable:    1517972 kB
Buffers:           43372 kB
Cached:           264316 kB
MemTotal:        1844596 kB
MemFree:         1340840 kB
MemAvailable:    1517964 kB
Buffers:           43372 kB
Cached:           264316 kB
MemTotal:        1844596 kB
MemFree:         1339608 kB
MemAvailable:    1516732 kB
Buffers:           43372 kB
Cached:           264316 kB
MemTotal:        1844596 kB
MemFree:         1339476 kB
MemAvailable:    1516600 kB
Buffers:           43372 kB
Cached:           264316 kB
MemTotal:        1844596 kB
MemFree:         1340800 kB
MemAvailable:    1518008 kB
Buffers:           43372 kB
Cached:           264440 kB
MemTotal:        1844596 kB
MemFree:         1341668 kB
MemAvailable:    1518204 kB
Buffers:           43372 kB
Cached:           263684 kB
MemTotal:        1844596 kB
MemFree:         1410548 kB
MemAvailable:    1587084 kB
Buffers:           43372 kB
Cached:           263684 kB
