MemTotal:        1844596 kB
MemFree:         1317112 kB
MemAvailable:    1554768 kB
Buffers:           50072 kB
Cached:           312720 kB
MemTotal:        1844596 kB
MemFree:         1313748 kB
MemAvailable:    1551404 kB
Buffers:           50072 kB
Cached:           312720 kB
MemTotal:        1844596 kB
MemFree:         1313640 kB
MemAvailable:    1551296 kB
Buffers:           50072 kB
Cached:           312720 kB
MemTotal:        1844596 kB
MemFree:         1311292 kB
MemAvailable:    1548948 kB
Buffers:           50072 kB
Cached:           312720 kB
MemTotal:        1844596 kB
MemFree:         1311160 kB
MemAvailable:    1548816 kB
Buffers:           50072 kB
Cached:           312720 kB
MemTotal:        1844596 kB
MemFree:         1311416 kB
MemAvailable:    1549072 kB
Buffers:           50072 kB
Cached:           312720 kB
MemTotal:        1844596 kB
MemFree:         1310980 kB
MemAvailable:    1548640 kB
Buffers:           50072 kB
Cached:           312724 kB
MemTotal:        1844596 kB
MemFree:         1307696 kB
MemAvailable:    1545356 kB
Buffers:           50072 kB
Cached:           312724 kB
MemTotal:        1844596 kB
MemFree:         1306448 kB
MemAvailable:    1544108 kB
Buffers:           50072 kB
Cached:           312724 kB
MemTotal:        1844596 kB
MemFree:         1302464 kB
MemAvailable:    1540124 kB
Buffers:           50072 kB
Cached:           312724 kB
MemTotal:        1844596 kB
MemFree:         1302464 kB
MemAvailable:    1540124 kB
Buffers:           50072 kB
Cached:           312724 kB
MemTotal:        1844596 kB
MemFree:         1301224 kB
MemAvailable:    1538884 kB
Buffers:           50072 kB
Cached:           312724 kB
MemTotal:        1844596 kB
MemFree:         1301984 kB
MemAvailable:    1539644 kB
Buffers:           50072 kB
Cached:           312724 kB
MemTotal:        1844596 kB
MemFree:         1302204 kB
MemAvailable:    1539864 kB
Buffers:           50072 kB
Cached:           312724 kB
MemTotal:        1844596 kB
MemFree:         1302540 kB
MemAvailable:    1540200 kB
Buffers:           50072 kB
Cached:           312724 kB
MemTotal:        1844596 kB
MemFree:         1300964 kB
MemAvailable:    1538624 kB
Buffers:           50072 kB
Cached:           312724 kB
MemTotal:        1844596 kB
MemFree:         1302196 kB
MemAvailable:    1539856 kB
Buffers:           50072 kB
Cached:           312724 kB
MemTotal:        1844596 kB
MemFree:         1300744 kB
MemAvailable:    1538404 kB
Buffers:           50072 kB
Cached:           312724 kB
MemTotal:        1844596 kB
MemFree:         1300876 kB
MemAvailable:    1538536 kB
Buffers:           50072 kB
Cached:           312724 kB
MemTotal:        1844596 kB
MemFree:         1299380 kB
MemAvailable:    1537040 kB
Buffers:           50072 kB
Cached:           312724 kB
MemTotal:        1844596 kB
MemFree:         1300004 kB
MemAvailable:    1537664 kB
Buffers:           50072 kB
Cached:           312724 kB
MemTotal:        1844596 kB
MemFree:         1299812 kB
MemAvailable:    1537472 kB
Buffers:           50072 kB
Cached:           312724 kB
MemTotal:        1844596 kB
MemFree:         1298696 kB
MemAvailable:    1536356 kB
Buffers:           50072 kB
Cached:           312724 kB
MemTotal:        1844596 kB
MemFree:         1298696 kB
MemAvailable:    1536356 kB
Buffers:           50072 kB
Cached:           312724 kB
MemTotal:        1844596 kB
MemFree:         1299700 kB
MemAvailable:    1537360 kB
Buffers:           50072 kB
Cached:           312724 kB
MemTotal:        1844596 kB
MemFree:         1299784 kB
MemAvailable:    1537444 kB
Buffers:           50072 kB
Cached:           312724 kB
MemTotal:        1844596 kB
MemFree:         1298596 kB
MemAvailable:    1536256 kB
Buffers:           50072 kB
Cached:           312724 kB
MemTotal:        1844596 kB
MemFree:         1298920 kB
MemAvailable:    1536580 kB
Buffers:           50072 kB
Cached:           312724 kB
MemTotal:        1844596 kB
MemFree:         1298380 kB
MemAvailable:    1536040 kB
Buffers:           50072 kB
Cached:           312724 kB
MemTotal:        1844596 kB
MemFree:         1299920 kB
MemAvailable:    1537580 kB
Buffers:           50072 kB
Cached:           312724 kB
MemTotal:        1844596 kB
MemFree:         1301372 kB
MemAvailable:    1539032 kB
Buffers:           50072 kB
Cached:           312724 kB
MemTotal:        1844596 kB
MemFree:         1298752 kB
MemAvailable:    1536412 kB
Buffers:           50072 kB
Cached:           312724 kB
MemTotal:        1844596 kB
MemFree:         1298880 kB
MemAvailable:    1536540 kB
Buffers:           50072 kB
Cached:           312724 kB
MemTotal:        1844596 kB
MemFree:         1297504 kB
MemAvailable:    1535164 kB
Buffers:           50072 kB
Cached:           312724 kB
MemTotal:        1844596 kB
MemFree:         1297256 kB
MemAvailable:    1534916 kB
Buffers:           50072 kB
Cached:           312724 kB
MemTotal:        1844596 kB
MemFree:         1296968 kB
MemAvailable:    1534628 kB
Buffers:           50072 kB
Cached:           312724 kB
MemTotal:        1844596 kB
MemFree:         1295792 kB
MemAvailable:    1533452 kB
Buffers:           50072 kB
Cached:           312724 kB
MemTotal:        1844596 kB
MemFree:         1296480 kB
MemAvailable:    1534140 kB
Buffers:           50072 kB
Cached:           312724 kB
MemTotal:        1844596 kB
MemFree:         1295892 kB
MemAvailable:    1533552 kB
Buffers:           50072 kB
Cached:           312724 kB
MemTotal:        1844596 kB
MemFree:         1295892 kB
MemAvailable:    1533552 kB
Buffers:           50072 kB
Cached:           312724 kB
MemTotal:        1844596 kB
MemFree:         1295580 kB
MemAvailable:    1533240 kB
Buffers:           50072 kB
Cached:           312724 kB
MemTotal:        1844596 kB
MemFree:         1295728 kB
MemAvailable:    1533388 kB
Buffers:           50072 kB
Cached:           312724 kB
MemTotal:        1844596 kB
MemFree:         1294392 kB
MemAvailable:    1532052 kB
Buffers:           50072 kB
Cached:           312724 kB
MemTotal:        1844596 kB
MemFree:         1295840 kB
MemAvailable:    1533500 kB
Buffers:           50072 kB
Cached:           312724 kB
MemTotal:        1844596 kB
MemFree:         1295528 kB
MemAvailable:    1533188 kB
Buffers:           50072 kB
Cached:           312724 kB
MemTotal:        1844596 kB
MemFree:         1295528 kB
MemAvailable:    1533188 kB
Buffers:           50072 kB
Cached:           312724 kB
MemTotal:        1844596 kB
MemFree:         1295480 kB
MemAvailable:    1533140 kB
Buffers:           50072 kB
Cached:           312724 kB
MemTotal:        1844596 kB
MemFree:         1294048 kB
MemAvailable:    1531708 kB
Buffers:           50072 kB
Cached:           312724 kB
MemTotal:        1844596 kB
MemFree:         1294780 kB
MemAvailable:    1532440 kB
Buffers:           50072 kB
Cached:           312724 kB
MemTotal:        1844596 kB
MemFree:         1294660 kB
MemAvailable:    1532320 kB
Buffers:           50072 kB
Cached:           312724 kB
MemTotal:        1844596 kB
MemFree:         1294912 kB
MemAvailable:    1532572 kB
Buffers:           50072 kB
Cached:           312724 kB
MemTotal:        1844596 kB
MemFree:         1293372 kB
MemAvailable:    1531032 kB
Buffers:           50072 kB
Cached:           312724 kB
MemTotal:        1844596 kB
MemFree:         1294984 kB
MemAvailable:    1532644 kB
Buffers:           50072 kB
Cached:           312724 kB
MemTotal:        1844596 kB
MemFree:         1294304 kB
MemAvailable:    1531964 kB
Buffers:           50072 kB
Cached:           312724 kB
MemTotal:        1844596 kB
MemFree:         1294680 kB
MemAvailable:    1532340 kB
Buffers:           50072 kB
Cached:           312724 kB
MemTotal:        1844596 kB
MemFree:         1294932 kB
MemAvailable:    1532592 kB
Buffers:           50072 kB
Cached:           312724 kB
MemTotal:        1844596 kB
MemFree:         1294552 kB
MemAvailable:    1532212 kB
Buffers:           50072 kB
Cached:           312724 kB
MemTotal:        1844596 kB
MemFree:         1294612 kB
MemAvailable:    1532272 kB
Buffers:           50072 kB
Cached:           312724 kB
MemTotal:        1844596 kB
MemFree:         1294056 kB
MemAvailable:    1531716 kB
Buffers:           50072 kB
Cached:           312724 kB
MemTotal:        1844596 kB
MemFree:         1294724 kB
MemAvailable:    1532384 kB
Buffers:           50072 kB
Cached:           312724 kB
MemTotal:        1844596 kB
MemFree:         1294552 kB
MemAvailable:    1532212 kB
Buffers:           50072 kB
Cached:           312724 kB
MemTotal:        1844596 kB
MemFree:         1293120 kB
MemAvailable:    1530780 kB
Buffers:           50072 kB
Cached:           312724 kB
MemTotal:        1844596 kB
MemFree:         1293244 kB
MemAvailable:    1530904 kB
Buffers:           50072 kB
Cached:           312724 kB
MemTotal:        1844596 kB
MemFree:         1293676 kB
MemAvailable:    1531336 kB
Buffers:           50072 kB
Cached:           312724 kB
MemTotal:        1844596 kB
MemFree:         1293844 kB
MemAvailable:    1531504 kB
Buffers:           50072 kB
Cached:           312724 kB
MemTotal:        1844596 kB
MemFree:         1294012 kB
MemAvailable:    1531672 kB
Buffers:           50072 kB
Cached:           312724 kB
MemTotal:        1844596 kB
MemFree:         1293732 kB
MemAvailable:    1531392 kB
Buffers:           50072 kB
Cached:           312724 kB
MemTotal:        1844596 kB
MemFree:         1293788 kB
MemAvailable:    1531448 kB
Buffers:           50072 kB
Cached:           312724 kB
MemTotal:        1844596 kB
MemFree:         1293188 kB
MemAvailable:    1530848 kB
Buffers:           50072 kB
Cached:           312724 kB
MemTotal:        1844596 kB
MemFree:         1293656 kB
MemAvailable:    1531316 kB
Buffers:           50072 kB
Cached:           312724 kB
MemTotal:        1844596 kB
MemFree:         1293992 kB
MemAvailable:    1531652 kB
Buffers:           50072 kB
Cached:           312724 kB
MemTotal:        1844596 kB
MemFree:         1292500 kB
MemAvailable:    1530160 kB
Buffers:           50072 kB
Cached:           312724 kB
MemTotal:        1844596 kB
MemFree:         1294040 kB
MemAvailable:    1531700 kB
Buffers:           50072 kB
Cached:           312724 kB
MemTotal:        1844596 kB
MemFree:         1293488 kB
MemAvailable:    1531148 kB
Buffers:           50072 kB
Cached:           312724 kB
MemTotal:        1844596 kB
MemFree:         1293824 kB
MemAvailable:    1531484 kB
Buffers:           50072 kB
Cached:           312724 kB
MemTotal:        1844596 kB
MemFree:         1293732 kB
MemAvailable:    1531392 kB
Buffers:           50072 kB
Cached:           312724 kB
MemTotal:        1844596 kB
MemFree:         1291684 kB
MemAvailable:    1529344 kB
Buffers:           50072 kB
Cached:           312724 kB
MemTotal:        1844596 kB
MemFree:         1291812 kB
MemAvailable:    1529472 kB
Buffers:           50072 kB
Cached:           312724 kB
MemTotal:        1844596 kB
MemFree:         1288660 kB
MemAvailable:    1526320 kB
Buffers:           50072 kB
Cached:           312724 kB
MemTotal:        1844596 kB
MemFree:         1286428 kB
MemAvailable:    1524088 kB
Buffers:           50072 kB
Cached:           312724 kB
MemTotal:        1844596 kB
MemFree:         1286172 kB
MemAvailable:    1523832 kB
Buffers:           50072 kB
Cached:           312724 kB
MemTotal:        1844596 kB
MemFree:         1284832 kB
MemAvailable:    1522492 kB
Buffers:           50072 kB
Cached:           312724 kB
MemTotal:        1844596 kB
MemFree:         1285776 kB
MemAvailable:    1523436 kB
Buffers:           50072 kB
Cached:           312724 kB
MemTotal:        1844596 kB
MemFree:         1285944 kB
MemAvailable:    1523604 kB
Buffers:           50072 kB
Cached:           312724 kB
MemTotal:        1844596 kB
MemFree:         1285800 kB
MemAvailable:    1523460 kB
Buffers:           50072 kB
Cached:           312724 kB
MemTotal:        1844596 kB
MemFree:         1285252 kB
MemAvailable:    1522912 kB
Buffers:           50072 kB
Cached:           312724 kB
MemTotal:        1844596 kB
MemFree:         1285712 kB
MemAvailable:    1523372 kB
Buffers:           50072 kB
Cached:           312724 kB
MemTotal:        1844596 kB
MemFree:         1285200 kB
MemAvailable:    1522860 kB
Buffers:           50072 kB
Cached:           312724 kB
MemTotal:        1844596 kB
MemFree:         1285748 kB
MemAvailable:    1523408 kB
Buffers:           50072 kB
Cached:           312724 kB
MemTotal:        1844596 kB
MemFree:         1285576 kB
MemAvailable:    1523236 kB
Buffers:           50072 kB
Cached:           312724 kB
MemTotal:        1844596 kB
MemFree:         1285872 kB
MemAvailable:    1523532 kB
Buffers:           50072 kB
Cached:           312724 kB
MemTotal:        1844596 kB
MemFree:         1285624 kB
MemAvailable:    1523296 kB
Buffers:           50072 kB
Cached:           312736 kB
MemTotal:        1844596 kB
MemFree:         1285916 kB
MemAvailable:    1523588 kB
Buffers:           50072 kB
Cached:           312736 kB
MemTotal:        1844596 kB
MemFree:         1285120 kB
MemAvailable:    1522792 kB
Buffers:           50072 kB
Cached:           312736 kB
MemTotal:        1844596 kB
MemFree:         1285588 kB
MemAvailable:    1523260 kB
Buffers:           50072 kB
Cached:           312736 kB
MemTotal:        1844596 kB
MemFree:         1285672 kB
MemAvailable:    1523344 kB
Buffers:           50072 kB
Cached:           312736 kB
MemTotal:        1844596 kB
MemFree:         1285304 kB
MemAvailable:    1522976 kB
Buffers:           50072 kB
Cached:           312736 kB
MemTotal:        1844596 kB
MemFree:         1284972 kB
MemAvailable:    1522644 kB
Buffers:           50072 kB
Cached:           312736 kB
MemTotal:        1844596 kB
MemFree:         1284972 kB
MemAvailable:    1522644 kB
Buffers:           50072 kB
Cached:           312736 kB
MemTotal:        1844596 kB
MemFree:         1284484 kB
MemAvailable:    1522156 kB
Buffers:           50072 kB
Cached:           312736 kB
MemTotal:        1844596 kB
MemFree:         1284484 kB
MemAvailable:    1522156 kB
Buffers:           50072 kB
Cached:           312736 kB
MemTotal:        1844596 kB
MemFree:         1284172 kB
MemAvailable:    1521844 kB
Buffers:           50072 kB
Cached:           312736 kB
MemTotal:        1844596 kB
MemFree:         1283980 kB
MemAvailable:    1521652 kB
Buffers:           50072 kB
Cached:           312736 kB
MemTotal:        1844596 kB
MemFree:         1283020 kB
MemAvailable:    1520692 kB
Buffers:           50072 kB
Cached:           312736 kB
MemTotal:        1844596 kB
MemFree:         1283072 kB
MemAvailable:    1520744 kB
Buffers:           50072 kB
Cached:           312736 kB
MemTotal:        1844596 kB
MemFree:         1283072 kB
MemAvailable:    1520744 kB
Buffers:           50072 kB
Cached:           312736 kB
MemTotal:        1844596 kB
MemFree:         1281468 kB
MemAvailable:    1519140 kB
Buffers:           50072 kB
Cached:           312736 kB
MemTotal:        1844596 kB
MemFree:         1281408 kB
MemAvailable:    1519080 kB
Buffers:           50072 kB
Cached:           312736 kB
MemTotal:        1844596 kB
MemFree:         1282592 kB
MemAvailable:    1520264 kB
Buffers:           50072 kB
Cached:           312736 kB
MemTotal:        1844596 kB
MemFree:         1282460 kB
MemAvailable:    1520132 kB
Buffers:           50072 kB
Cached:           312736 kB
MemTotal:        1844596 kB
MemFree:         1281284 kB
MemAvailable:    1518956 kB
Buffers:           50072 kB
Cached:           312736 kB
MemTotal:        1844596 kB
MemFree:         1281908 kB
MemAvailable:    1519580 kB
Buffers:           50072 kB
Cached:           312736 kB
MemTotal:        1844596 kB
MemFree:         1280732 kB
MemAvailable:    1518404 kB
Buffers:           50072 kB
Cached:           312736 kB
MemTotal:        1844596 kB
MemFree:         1281908 kB
MemAvailable:    1519580 kB
Buffers:           50072 kB
Cached:           312736 kB
MemTotal:        1844596 kB
MemFree:         1281736 kB
MemAvailable:    1519408 kB
Buffers:           50072 kB
Cached:           312736 kB
MemTotal:        1844596 kB
MemFree:         1281904 kB
MemAvailable:    1519576 kB
Buffers:           50072 kB
Cached:           312736 kB
MemTotal:        1844596 kB
MemFree:         1281684 kB
MemAvailable:    1519356 kB
Buffers:           50072 kB
Cached:           312736 kB
MemTotal:        1844596 kB
MemFree:         1281852 kB
MemAvailable:    1519524 kB
Buffers:           50072 kB
Cached:           312736 kB
MemTotal:        1844596 kB
MemFree:         1281876 kB
MemAvailable:    1519548 kB
Buffers:           50072 kB
Cached:           312736 kB
MemTotal:        1844596 kB
MemFree:         1280540 kB
MemAvailable:    1518212 kB
Buffers:           50072 kB
Cached:           312736 kB
MemTotal:        1844596 kB
MemFree:         1281392 kB
MemAvailable:    1519064 kB
Buffers:           50072 kB
Cached:           312736 kB
MemTotal:        1844596 kB
MemFree:         1281520 kB
MemAvailable:    1519192 kB
Buffers:           50072 kB
Cached:           312736 kB
MemTotal:        1844596 kB
MemFree:         1275188 kB
MemAvailable:    1512860 kB
Buffers:           50072 kB
Cached:           312736 kB
MemTotal:        1844596 kB
MemFree:         1274060 kB
MemAvailable:    1511816 kB
Buffers:           50072 kB
Cached:           312860 kB
MemTotal:        1844596 kB
MemFree:         1274060 kB
MemAvailable:    1511816 kB
Buffers:           50072 kB
Cached:           312860 kB
MemTotal:        1844596 kB
MemFree:         1274028 kB
MemAvailable:    1511868 kB
Buffers:           50072 kB
Cached:           312984 kB
MemTotal:        1844596 kB
MemFree:         1273876 kB
MemAvailable:    1511800 kB
Buffers:           50072 kB
Cached:           313108 kB
MemTotal:        1844596 kB
MemFree:         1272852 kB
MemAvailable:    1510860 kB
Buffers:           50072 kB
Cached:           313108 kB
MemTotal:        1844596 kB
MemFree:         1273768 kB
MemAvailable:    1511860 kB
Buffers:           50072 kB
Cached:           313232 kB
MemTotal:        1844596 kB
MemFree:         1273504 kB
MemAvailable:    1511764 kB
Buffers:           50072 kB
Cached:           313356 kB
MemTotal:        1844596 kB
MemFree:         1272332 kB
MemAvailable:    1510592 kB
Buffers:           50072 kB
Cached:           313356 kB
MemTotal:        1844596 kB
MemFree:         1272924 kB
MemAvailable:    1511184 kB
Buffers:           50072 kB
Cached:           313356 kB
MemTotal:        1844596 kB
MemFree:         1272728 kB
MemAvailable:    1511024 kB
Buffers:           50072 kB
Cached:           313396 kB
MemTotal:        1844596 kB
MemFree:         1273844 kB
MemAvailable:    1512140 kB
Buffers:           50072 kB
Cached:           313396 kB
MemTotal:        1844596 kB
MemFree:         1273224 kB
MemAvailable:    1511520 kB
Buffers:           50072 kB
Cached:           313396 kB
MemTotal:        1844596 kB
MemFree:         1273352 kB
MemAvailable:    1511648 kB
Buffers:           50072 kB
Cached:           313396 kB
MemTotal:        1844596 kB
MemFree:         1273320 kB
MemAvailable:    1511616 kB
Buffers:           50072 kB
Cached:           313396 kB
MemTotal:        1844596 kB
MemFree:         1272084 kB
MemAvailable:    1510380 kB
Buffers:           50072 kB
Cached:           313396 kB
MemTotal:        1844596 kB
MemFree:         1272208 kB
MemAvailable:    1510504 kB
Buffers:           50072 kB
Cached:           313396 kB
MemTotal:        1844596 kB
MemFree:         1272720 kB
MemAvailable:    1511016 kB
Buffers:           50072 kB
Cached:           313396 kB
MemTotal:        1844596 kB
MemFree:         1310528 kB
MemAvailable:    1548236 kB
Buffers:           50072 kB
Cached:           312764 kB
MemTotal:        1844596 kB
MemFree:         1340028 kB
MemAvailable:    1577736 kB
Buffers:           50072 kB
Cached:           312764 kB
