MemTotal:        1844596 kB
MemFree:         1577708 kB
MemAvailable:    1581768 kB
Buffers:           21196 kB
Cached:           112968 kB
MemTotal:        1844596 kB
MemFree:         1578068 kB
MemAvailable:    1582128 kB
Buffers:           21196 kB
Cached:           112968 kB
MemTotal:        1844596 kB
MemFree:         1576484 kB
MemAvailable:    1580544 kB
Buffers:           21196 kB
Cached:           112968 kB
MemTotal:        1844596 kB
MemFree:         1575856 kB
MemAvailable:    1579916 kB
Buffers:           21196 kB
Cached:           112968 kB
MemTotal:        1844596 kB
MemFree:         1575600 kB
MemAvailable:    1579660 kB
Buffers:           21196 kB
Cached:           112968 kB
MemTotal:        1844596 kB
MemFree:         1575600 kB
MemAvailable:    1579660 kB
Buffers:           21196 kB
Cached:           112968 kB
MemTotal:        1844596 kB
MemFree:         1574976 kB
MemAvailable:    1579036 kB
Buffers:           21196 kB
Cached:           112968 kB
MemTotal:        1844596 kB
MemFree:         1571648 kB
MemAvailable:    1575708 kB
Buffers:           21196 kB
Cached:           112968 kB
MemTotal:        1844596 kB
MemFree:         1569292 kB
MemAvailable:    1573352 kB
Buffers:           21196 kB
Cached:           112968 kB
MemTotal:        1844596 kB
MemFree:         1565068 kB
MemAvailable:    1569128 kB
Buffers:           21196 kB
Cached:           112968 kB
MemTotal:        1844596 kB
MemFree:         1564836 kB
MemAvailable:    1568896 kB
Buffers:           21196 kB
Cached:           112968 kB
MemTotal:        1844596 kB
MemFree:         1565800 kB
MemAvailable:    1569860 kB
Buffers:           21196 kB
Cached:           112968 kB
MemTotal:        1844596 kB
MemFree:         1564416 kB
MemAvailable:    1568476 kB
Buffers:           21196 kB
Cached:           112968 kB
MemTotal:        1844596 kB
MemFree:         1565640 kB
MemAvailable:    1569700 kB
Buffers:           21196 kB
Cached:           112968 kB
MemTotal:        1844596 kB
MemFree:         1565640 kB
MemAvailable:    1569700 kB
Buffers:           21196 kB
Cached:           112968 kB
MemTotal:        1844596 kB
MemFree:         1565416 kB
MemAvailable:    1569476 kB
Buffers:           21196 kB
Cached:           112968 kB
MemTotal:        1844596 kB
MemFree:         1565572 kB
MemAvailable:    1569632 kB
Buffers:           21196 kB
Cached:           112968 kB
MemTotal:        1844596 kB
MemFree:         1564812 kB
MemAvailable:    1568872 kB
Buffers:           21196 kB
Cached:           112968 kB
MemTotal:        1844596 kB
MemFree:         1564580 kB
MemAvailable:    1568640 kB
Buffers:           21196 kB
Cached:           112968 kB
MemTotal:        1844596 kB
MemFree:         1563580 kB
MemAvailable:    1567640 kB
Buffers:           21196 kB
Cached:           112968 kB
MemTotal:        1844596 kB
MemFree:         1563348 kB
MemAvailable:    1567408 kB
Buffers:           21196 kB
Cached:           112968 kB
MemTotal:        1844596 kB
MemFree:         1563200 kB
MemAvailable:    1567260 kB
Buffers:           21196 kB
Cached:           112968 kB
MemTotal:        1844596 kB
MemFree:         1563340 kB
MemAvailable:    1567400 kB
Buffers:           21196 kB
Cached:           112968 kB
MemTotal:        1844596 kB
MemFree:         1563204 kB
MemAvailable:    1567264 kB
Buffers:           21196 kB
Cached:           112968 kB
MemTotal:        1844596 kB
MemFree:         1561956 kB
MemAvailable:    1566016 kB
Buffers:           21196 kB
Cached:           112968 kB
MemTotal:        1844596 kB
MemFree:         1563216 kB
MemAvailable:    1567276 kB
Buffers:           21196 kB
Cached:           112968 kB
MemTotal:        1844596 kB
MemFree:         1563136 kB
MemAvailable:    1567196 kB
Buffers:           21196 kB
Cached:           112968 kB
MemTotal:        1844596 kB
MemFree:         1563388 kB
MemAvailable:    1567448 kB
Buffers:           21196 kB
Cached:           112968 kB
MemTotal:        1844596 kB
MemFree:         1561912 kB
MemAvailable:    1565972 kB
Buffers:           21196 kB
Cached:           112968 kB
MemTotal:        1844596 kB
MemFree:         1564360 kB
MemAvailable:    1568420 kB
Buffers:           21196 kB
Cached:           112968 kB
MemTotal:        1844596 kB
MemFree:         1564696 kB
MemAvailable:    1568756 kB
Buffers:           21196 kB
Cached:           112968 kB
MemTotal:        1844596 kB
MemFree:         1563324 kB
MemAvailable:    1567384 kB
Buffers:           21196 kB
Cached:           112968 kB
MemTotal:        1844596 kB
MemFree:         1563200 kB
MemAvailable:    1567260 kB
Buffers:           21196 kB
Cached:           112968 kB
MemTotal:        1844596 kB
MemFree:         1561044 kB
MemAvailable:    1565104 kB
Buffers:           21196 kB
Cached:           112968 kB
MemTotal:        1844596 kB
MemFree:         1559612 kB
MemAvailable:    1563672 kB
Buffers:           21196 kB
Cached:           112968 kB
MemTotal:        1844596 kB
MemFree:         1559976 kB
MemAvailable:    1564036 kB
Buffers:           21196 kB
Cached:           112968 kB
MemTotal:        1844596 kB
MemFree:         1560060 kB
MemAvailable:    1564120 kB
Buffers:           21196 kB
Cached:           112968 kB
MemTotal:        1844596 kB
MemFree:         1559860 kB
MemAvailable:    1563920 kB
Buffers:           21196 kB
Cached:           112968 kB
MemTotal:        1844596 kB
MemFree:         1558132 kB
MemAvailable:    1562192 kB
Buffers:           21196 kB
Cached:           112968 kB
MemTotal:        1844596 kB
MemFree:         1559096 kB
MemAvailable:    1563156 kB
Buffers:           21196 kB
Cached:           112968 kB
MemTotal:        1844596 kB
MemFree:         1559348 kB
MemAvailable:    1563408 kB
Buffers:           21196 kB
Cached:           112968 kB
MemTotal:        1844596 kB
MemFree:         1557820 kB
MemAvailable:    1561880 kB
Buffers:           21196 kB
Cached:           112968 kB
MemTotal:        1844596 kB
MemFree:         1559000 kB
MemAvailable:    1563068 kB
Buffers:           21196 kB
Cached:           112976 kB
MemTotal:        1844596 kB
MemFree:         1558380 kB
MemAvailable:    1562448 kB
Buffers:           21196 kB
Cached:           112976 kB
MemTotal:        1844596 kB
MemFree:         1558840 kB
MemAvailable:    1562908 kB
Buffers:           21196 kB
Cached:           112976 kB
MemTotal:        1844596 kB
MemFree:         1558936 kB
MemAvailable:    1563004 kB
Buffers:           21196 kB
Cached:           112976 kB
MemTotal:        1844596 kB
MemFree:         1558724 kB
MemAvailable:    1562792 kB
Buffers:           21196 kB
Cached:           112976 kB
MemTotal:        1844596 kB
MemFree:         1558628 kB
MemAvailable:    1562696 kB
Buffers:           21196 kB
Cached:           112976 kB
MemTotal:        1844596 kB
MemFree:         1558348 kB
MemAvailable:    1562416 kB
Buffers:           21196 kB
Cached:           112976 kB
MemTotal:        1844596 kB
MemFree:         1558132 kB
MemAvailable:    1562200 kB
Buffers:           21196 kB
Cached:           112976 kB
MemTotal:        1844596 kB
MemFree:         1556672 kB
MemAvailable:    1560740 kB
Buffers:           21196 kB
Cached:           112976 kB
MemTotal:        1844596 kB
MemFree:         1556688 kB
MemAvailable:    1560756 kB
Buffers:           21196 kB
Cached:           112976 kB
MemTotal:        1844596 kB
MemFree:         1556688 kB
MemAvailable:    1560756 kB
Buffers:           21196 kB
Cached:           112976 kB
MemTotal:        1844596 kB
MemFree:         1556812 kB
MemAvailable:    1560880 kB
Buffers:           21196 kB
Cached:           112976 kB
MemTotal:        1844596 kB
MemFree:         1558176 kB
MemAvailable:    1562244 kB
Buffers:           21196 kB
Cached:           112976 kB
MemTotal:        1844596 kB
MemFree:         1558256 kB
MemAvailable:    1562324 kB
Buffers:           21196 kB
Cached:           112976 kB
MemTotal:        1844596 kB
MemFree:         1557952 kB
MemAvailable:    1562020 kB
Buffers:           21196 kB
Cached:           112976 kB
MemTotal:        1844596 kB
MemFree:         1558036 kB
MemAvailable:    1562104 kB
Buffers:           21196 kB
Cached:           112976 kB
MemTotal:        1844596 kB
MemFree:         1558060 kB
MemAvailable:    1562128 kB
Buffers:           21196 kB
Cached:           112976 kB
MemTotal:        1844596 kB
MemFree:         1557016 kB
MemAvailable:    1561084 kB
Buffers:           21196 kB
Cached:           112976 kB
MemTotal:        1844596 kB
MemFree:         1557928 kB
MemAvailable:    1561996 kB
Buffers:           21196 kB
Cached:           112976 kB
MemTotal:        1844596 kB
MemFree:         1556768 kB
MemAvailable:    1560836 kB
Buffers:           21196 kB
Cached:           112976 kB
MemTotal:        1844596 kB
MemFree:         1557364 kB
MemAvailable:    1561432 kB
Buffers:           21196 kB
Cached:           112976 kB
MemTotal:        1844596 kB
MemFree:         1557448 kB
MemAvailable:    1561516 kB
Buffers:           21196 kB
Cached:           112976 kB
MemTotal:        1844596 kB
MemFree:         1557432 kB
MemAvailable:    1561500 kB
Buffers:           21196 kB
Cached:           112976 kB
MemTotal:        1844596 kB
MemFree:         1556000 kB
MemAvailable:    1560068 kB
Buffers:           21196 kB
Cached:           112976 kB
MemTotal:        1844596 kB
MemFree:         1557100 kB
MemAvailable:    1561168 kB
Buffers:           21196 kB
Cached:           112976 kB
MemTotal:        1844596 kB
MemFree:         1557352 kB
MemAvailable:    1561420 kB
Buffers:           21196 kB
Cached:           112976 kB
MemTotal:        1844596 kB
MemFree:         1555752 kB
MemAvailable:    1559820 kB
Buffers:           21196 kB
Cached:           112976 kB
MemTotal:        1844596 kB
MemFree:         1555884 kB
MemAvailable:    1559952 kB
Buffers:           21196 kB
Cached:           112976 kB
MemTotal:        1844596 kB
MemFree:         1555876 kB
MemAvailable:    1559944 kB
Buffers:           21196 kB
Cached:           112976 kB
MemTotal:        1844596 kB
MemFree:         1555876 kB
MemAvailable:    1559944 kB
Buffers:           21196 kB
Cached:           112976 kB
MemTotal:        1844596 kB
MemFree:         1557184 kB
MemAvailable:    1561252 kB
Buffers:           21196 kB
Cached:           112976 kB
MemTotal:        1844596 kB
MemFree:         1556000 kB
MemAvailable:    1560068 kB
Buffers:           21196 kB
Cached:           112976 kB
MemTotal:        1844596 kB
MemFree:         1555876 kB
MemAvailable:    1559944 kB
Buffers:           21196 kB
Cached:           112976 kB
MemTotal:        1844596 kB
MemFree:         1554768 kB
MemAvailable:    1558836 kB
Buffers:           21196 kB
Cached:           112976 kB
MemTotal:        1844596 kB
MemFree:         1554768 kB
MemAvailable:    1558836 kB
Buffers:           21196 kB
Cached:           112976 kB
MemTotal:        1844596 kB
MemFree:         1550808 kB
MemAvailable:    1554876 kB
Buffers:           21196 kB
Cached:           112976 kB
MemTotal:        1844596 kB
MemFree:         1550700 kB
MemAvailable:    1554768 kB
Buffers:           21196 kB
Cached:           112976 kB
MemTotal:        1844596 kB
MemFree:         1548576 kB
MemAvailable:    1552644 kB
Buffers:           21196 kB
Cached:           112976 kB
MemTotal:        1844596 kB
MemFree:         1549452 kB
MemAvailable:    1553520 kB
Buffers:           21196 kB
Cached:           112976 kB
MemTotal:        1844596 kB
MemFree:         1549056 kB
MemAvailable:    1553124 kB
Buffers:           21196 kB
Cached:           112976 kB
MemTotal:        1844596 kB
MemFree:         1549056 kB
MemAvailable:    1553124 kB
Buffers:           21196 kB
Cached:           112976 kB
MemTotal:        1844596 kB
MemFree:         1549136 kB
MemAvailable:    1553204 kB
Buffers:           21196 kB
Cached:           112976 kB
MemTotal:        1844596 kB
MemFree:         1549304 kB
MemAvailable:    1553372 kB
Buffers:           21196 kB
Cached:           112976 kB
MemTotal:        1844596 kB
MemFree:         1549052 kB
MemAvailable:    1553120 kB
Buffers:           21196 kB
Cached:           112976 kB
MemTotal:        1844596 kB
MemFree:         1549080 kB
MemAvailable:    1553148 kB
Buffers:           21196 kB
Cached:           112976 kB
MemTotal:        1844596 kB
MemFree:         1549084 kB
MemAvailable:    1553152 kB
Buffers:           21196 kB
Cached:           112976 kB
MemTotal:        1844596 kB
MemFree:         1549276 kB
MemAvailable:    1553344 kB
Buffers:           21196 kB
Cached:           112976 kB
MemTotal:        1844596 kB
MemFree:         1547764 kB
MemAvailable:    1551832 kB
Buffers:           21196 kB
Cached:           112976 kB
MemTotal:        1844596 kB
MemFree:         1548452 kB
MemAvailable:    1552520 kB
Buffers:           21196 kB
Cached:           112976 kB
MemTotal:        1844596 kB
MemFree:         1549444 kB
MemAvailable:    1553516 kB
Buffers:           21196 kB
Cached:           112980 kB
MemTotal:        1844596 kB
MemFree:         1548576 kB
MemAvailable:    1552648 kB
Buffers:           21196 kB
Cached:           112980 kB
MemTotal:        1844596 kB
MemFree:         1548920 kB
MemAvailable:    1552992 kB
Buffers:           21196 kB
Cached:           112980 kB
MemTotal:        1844596 kB
MemFree:         1549256 kB
MemAvailable:    1553328 kB
Buffers:           21196 kB
Cached:           112980 kB
MemTotal:        1844596 kB
MemFree:         1548568 kB
MemAvailable:    1552640 kB
Buffers:           21196 kB
Cached:           112980 kB
MemTotal:        1844596 kB
MemFree:         1548568 kB
MemAvailable:    1552640 kB
Buffers:           21196 kB
Cached:           112980 kB
MemTotal:        1844596 kB
MemFree:         1548196 kB
MemAvailable:    1552268 kB
Buffers:           21196 kB
Cached:           112980 kB
MemTotal:        1844596 kB
MemFree:         1546824 kB
MemAvailable:    1550896 kB
Buffers:           21196 kB
Cached:           112980 kB
MemTotal:        1844596 kB
MemFree:         1547576 kB
MemAvailable:    1551648 kB
Buffers:           21196 kB
Cached:           112980 kB
MemTotal:        1844596 kB
MemFree:         1547576 kB
MemAvailable:    1551648 kB
Buffers:           21196 kB
Cached:           112980 kB
MemTotal:        1844596 kB
MemFree:         1547412 kB
MemAvailable:    1551484 kB
Buffers:           21196 kB
Cached:           112980 kB
MemTotal:        1844596 kB
MemFree:         1545908 kB
MemAvailable:    1549980 kB
Buffers:           21196 kB
Cached:           112980 kB
MemTotal:        1844596 kB
MemFree:         1546336 kB
MemAvailable:    1550408 kB
Buffers:           21196 kB
Cached:           112980 kB
MemTotal:        1844596 kB
MemFree:         1546088 kB
MemAvailable:    1550160 kB
Buffers:           21196 kB
Cached:           112980 kB
MemTotal:        1844596 kB
MemFree:         1545716 kB
MemAvailable:    1549788 kB
Buffers:           21196 kB
Cached:           112980 kB
MemTotal:        1844596 kB
MemFree:         1545608 kB
MemAvailable:    1549680 kB
Buffers:           21196 kB
Cached:           112980 kB
MemTotal:        1844596 kB
MemFree:         1545456 kB
MemAvailable:    1549528 kB
Buffers:           21196 kB
Cached:           112980 kB
MemTotal:        1844596 kB
MemFree:         1545792 kB
MemAvailable:    1549864 kB
Buffers:           21196 kB
Cached:           112980 kB
MemTotal:        1844596 kB
MemFree:         1545400 kB
MemAvailable:    1549472 kB
Buffers:           21196 kB
Cached:           112980 kB
MemTotal:        1844596 kB
MemFree:         1545436 kB
MemAvailable:    1549508 kB
Buffers:           21196 kB
Cached:           112980 kB
MemTotal:        1844596 kB
MemFree:         1544244 kB
MemAvailable:    1548316 kB
Buffers:           21196 kB
Cached:           112980 kB
MemTotal:        1844596 kB
MemFree:         1545220 kB
MemAvailable:    1549296 kB
Buffers:           21196 kB
Cached:           112984 kB
MemTotal:        1844596 kB
MemFree:         1545220 kB
MemAvailable:    1549296 kB
Buffers:           21196 kB
Cached:           112984 kB
MemTotal:        1844596 kB
MemFree:         1545404 kB
MemAvailable:    1549480 kB
Buffers:           21196 kB
Cached:           112984 kB
MemTotal:        1844596 kB
MemFree:         1544096 kB
MemAvailable:    1548172 kB
Buffers:           21196 kB
Cached:           112984 kB
MemTotal:        1844596 kB
MemFree:         1545320 kB
MemAvailable:    1549396 kB
Buffers:           21196 kB
Cached:           112984 kB
MemTotal:        1844596 kB
MemFree:         1544716 kB
MemAvailable:    1548792 kB
Buffers:           21196 kB
Cached:           112984 kB
MemTotal:        1844596 kB
MemFree:         1544484 kB
MemAvailable:    1548560 kB
Buffers:           21196 kB
Cached:           112984 kB
MemTotal:        1844596 kB
MemFree:         1544596 kB
MemAvailable:    1548676 kB
Buffers:           21196 kB
Cached:           112988 kB
MemTotal:        1844596 kB
MemFree:         1543472 kB
MemAvailable:    1547552 kB
Buffers:           21196 kB
Cached:           112988 kB
MemTotal:        1844596 kB
MemFree:         1536424 kB
MemAvailable:    1540504 kB
Buffers:           21196 kB
Cached:           112988 kB
MemTotal:        1844596 kB
MemFree:         1535176 kB
MemAvailable:    1539256 kB
Buffers:           21196 kB
Cached:           112988 kB
MemTotal:        1844596 kB
MemFree:         1536044 kB
MemAvailable:    1540292 kB
Buffers:           21196 kB
Cached:           113236 kB
MemTotal:        1844596 kB
MemFree:         1536044 kB
MemAvailable:    1540292 kB
Buffers:           21196 kB
Cached:           113236 kB
MemTotal:        1844596 kB
MemFree:         1535656 kB
MemAvailable:    1540072 kB
Buffers:           21196 kB
Cached:           113360 kB
MemTotal:        1844596 kB
MemFree:         1535908 kB
MemAvailable:    1540324 kB
Buffers:           21196 kB
Cached:           113360 kB
MemTotal:        1844596 kB
MemFree:         1534688 kB
MemAvailable:    1539272 kB
Buffers:           21196 kB
Cached:           113484 kB
MemTotal:        1844596 kB
MemFree:         1535920 kB
MemAvailable:    1540588 kB
Buffers:           21196 kB
Cached:           113484 kB
MemTotal:        1844596 kB
MemFree:         1535740 kB
MemAvailable:    1540408 kB
Buffers:           21196 kB
Cached:           113608 kB
MemTotal:        1844596 kB
MemFree:         1534696 kB
MemAvailable:    1539364 kB
Buffers:           21196 kB
Cached:           113608 kB
MemTotal:        1844596 kB
MemFree:         1534136 kB
MemAvailable:    1538804 kB
Buffers:           21196 kB
Cached:           113608 kB
MemTotal:        1844596 kB
MemFree:         1535412 kB
MemAvailable:    1540080 kB
Buffers:           21196 kB
Cached:           113608 kB
MemTotal:        1844596 kB
MemFree:         1535412 kB
MemAvailable:    1540080 kB
Buffers:           21196 kB
Cached:           113608 kB
MemTotal:        1844596 kB
MemFree:         1535244 kB
MemAvailable:    1539912 kB
Buffers:           21196 kB
Cached:           113608 kB
MemTotal:        1844596 kB
MemFree:         1535496 kB
MemAvailable:    1540164 kB
Buffers:           21196 kB
Cached:           113608 kB
MemTotal:        1844596 kB
MemFree:         1534172 kB
MemAvailable:    1538924 kB
Buffers:           21196 kB
Cached:           113608 kB
MemTotal:        1844596 kB
MemFree:         1604368 kB
MemAvailable:    1608448 kB
Buffers:           21196 kB
Cached:           112976 kB
MemTotal:        1844596 kB
MemFree:         1605236 kB
MemAvailable:    1609316 kB
Buffers:           21196 kB
Cached:           112976 kB
