MemTotal:        1844596 kB
MemFree:         1535712 kB
MemAvailable:    1574640 kB
Buffers:           25400 kB
Cached:           145396 kB
MemTotal:        1844596 kB
MemFree:         1533596 kB
MemAvailable:    1572524 kB
Buffers:           25400 kB
Cached:           145396 kB
MemTotal:        1844596 kB
MemFree:         1531744 kB
MemAvailable:    1570672 kB
Buffers:           25400 kB
Cached:           145396 kB
MemTotal:        1844596 kB
MemFree:         1531108 kB
MemAvailable:    1570036 kB
Buffers:           25400 kB
Cached:           145396 kB
MemTotal:        1844596 kB
MemFree:         1531444 kB
MemAvailable:    1570372 kB
Buffers:           25400 kB
Cached:           145396 kB
MemTotal:        1844596 kB
MemFree:         1529868 kB
MemAvailable:    1568796 kB
Buffers:           25400 kB
Cached:           145396 kB
MemTotal:        1844596 kB
MemFree:         1528520 kB
MemAvailable:    1567448 kB
Buffers:           25400 kB
Cached:           145396 kB
MemTotal:        1844596 kB
MemFree:         1525156 kB
MemAvailable:    1564084 kB
Buffers:           25400 kB
Cached:           145396 kB
MemTotal:        1844596 kB
MemFree:         1524428 kB
MemAvailable:    1563356 kB
Buffers:           25400 kB
Cached:           145396 kB
MemTotal:        1844596 kB
MemFree:         1520824 kB
MemAvailable:    1559752 kB
Buffers:           25400 kB
Cached:           145396 kB
MemTotal:        1844596 kB
MemFree:         1521052 kB
MemAvailable:    1559980 kB
Buffers:           25400 kB
Cached:           145396 kB
MemTotal:        1844596 kB
MemFree:         1520336 kB
MemAvailable:    1559264 kB
Buffers:           25400 kB
Cached:           145396 kB
MemTotal:        1844596 kB
MemFree:         1520888 kB
MemAvailable:    1559816 kB
Buffers:           25400 kB
Cached:           145396 kB
MemTotal:        1844596 kB
MemFree:         1521020 kB
MemAvailable:    1559948 kB
Buffers:           25400 kB
Cached:           145396 kB
MemTotal:        1844596 kB
MemFree:         1521016 kB
MemAvailable:    1559944 kB
Buffers:           25400 kB
Cached:           145396 kB
MemTotal:        1844596 kB
MemFree:         1520644 kB
MemAvailable:    1559572 kB
Buffers:           25400 kB
Cached:           145396 kB
MemTotal:        1844596 kB
MemFree:         1520644 kB
MemAvailable:    1559572 kB
Buffers:           25400 kB
Cached:           145396 kB
MemTotal:        1844596 kB
MemFree:         1519948 kB
MemAvailable:    1558876 kB
Buffers:           25400 kB
Cached:           145396 kB
MemTotal:        1844596 kB
MemFree:         1519948 kB
MemAvailable:    1558876 kB
Buffers:           25400 kB
Cached:           145396 kB
MemTotal:        1844596 kB
MemFree:         1518784 kB
MemAvailable:    1557712 kB
Buffers:           25400 kB
Cached:           145396 kB
MemTotal:        1844596 kB
MemFree:         1517352 kB
MemAvailable:    1556280 kB
Buffers:           25400 kB
Cached:           145396 kB
MemTotal:        1844596 kB
MemFree:         1517972 kB
MemAvailable:    1556900 kB
Buffers:           25400 kB
Cached:           145396 kB
MemTotal:        1844596 kB
MemFree:         1518400 kB
MemAvailable:    1557328 kB
Buffers:           25400 kB
Cached:           145396 kB
MemTotal:        1844596 kB
MemFree:         1518652 kB
MemAvailable:    1557580 kB
Buffers:           25400 kB
Cached:           145396 kB
MemTotal:        1844596 kB
MemFree:         1518448 kB
MemAvailable:    1557376 kB
Buffers:           25400 kB
Cached:           145396 kB
MemTotal:        1844596 kB
MemFree:         1518700 kB
MemAvailable:    1557628 kB
Buffers:           25400 kB
Cached:           145396 kB
MemTotal:        1844596 kB
MemFree:         1517208 kB
MemAvailable:    1556136 kB
Buffers:           25400 kB
Cached:           145396 kB
MemTotal:        1844596 kB
MemFree:         1517340 kB
MemAvailable:    1556268 kB
Buffers:           25400 kB
Cached:           145396 kB
MemTotal:        1844596 kB
MemFree:         1518516 kB
MemAvailable:    1557444 kB
Buffers:           25400 kB
Cached:           145396 kB
MemTotal:        1844596 kB
MemFree:         1519316 kB
MemAvailable:    1558244 kB
Buffers:           25400 kB
Cached:           145396 kB
MemTotal:        1844596 kB
MemFree:         1518592 kB
MemAvailable:    1557520 kB
Buffers:           25400 kB
Cached:           145396 kB
MemTotal:        1844596 kB
MemFree:         1518220 kB
MemAvailable:    1557148 kB
Buffers:           25400 kB
Cached:           145396 kB
MemTotal:        1844596 kB
MemFree:         1516724 kB
MemAvailable:    1555660 kB
Buffers:           25400 kB
Cached:           145404 kB
MemTotal:        1844596 kB
MemFree:         1516808 kB
MemAvailable:    1555744 kB
Buffers:           25400 kB
Cached:           145404 kB
MemTotal:        1844596 kB
MemFree:         1515724 kB
MemAvailable:    1554660 kB
Buffers:           25400 kB
Cached:           145404 kB
MemTotal:        1844596 kB
MemFree:         1515976 kB
MemAvailable:    1554912 kB
Buffers:           25400 kB
Cached:           145404 kB
MemTotal:        1844596 kB
MemFree:         1515560 kB
MemAvailable:    1554496 kB
Buffers:           25400 kB
Cached:           145404 kB
MemTotal:        1844596 kB
MemFree:         1515624 kB
MemAvailable:    1554560 kB
Buffers:           25400 kB
Cached:           145404 kB
MemTotal:        1844596 kB
MemFree:         1514492 kB
MemAvailable:    1553428 kB
Buffers:           25400 kB
Cached:           145404 kB
MemTotal:        1844596 kB
MemFree:         1514492 kB
MemAvailable:    1553428 kB
Buffers:           25400 kB
Cached:           145404 kB
MemTotal:        1844596 kB
MemFree:         1513124 kB
MemAvailable:    1552060 kB
Buffers:           25400 kB
Cached:           145404 kB
MemTotal:        1844596 kB
MemFree:         1513516 kB
MemAvailable:    1552452 kB
Buffers:           25400 kB
Cached:           145404 kB
MemTotal:        1844596 kB
MemFree:         1514568 kB
MemAvailable:    1553504 kB
Buffers:           25400 kB
Cached:           145404 kB
MemTotal:        1844596 kB
MemFree:         1514312 kB
MemAvailable:    1553248 kB
Buffers:           25400 kB
Cached:           145404 kB
MemTotal:        1844596 kB
MemFree:         1514264 kB
MemAvailable:    1553200 kB
Buffers:           25400 kB
Cached:           145404 kB
MemTotal:        1844596 kB
MemFree:         1513864 kB
MemAvailable:    1552800 kB
Buffers:           25400 kB
Cached:           145404 kB
MemTotal:        1844596 kB
MemFree:         1514200 kB
MemAvailable:    1553136 kB
Buffers:           25400 kB
Cached:           145404 kB
MemTotal:        1844596 kB
MemFree:         1513376 kB
MemAvailable:    1552312 kB
Buffers:           25400 kB
Cached:           145404 kB
MemTotal:        1844596 kB
MemFree:         1513460 kB
MemAvailable:    1552396 kB
Buffers:           25400 kB
Cached:           145404 kB
MemTotal:        1844596 kB
MemFree:         1513336 kB
MemAvailable:    1552272 kB
Buffers:           25400 kB
Cached:           145404 kB
MemTotal:        1844596 kB
MemFree:         1513732 kB
MemAvailable:    1552668 kB
Buffers:           25400 kB
Cached:           145404 kB
MemTotal:        1844596 kB
MemFree:         1512516 kB
MemAvailable:    1551452 kB
Buffers:           25400 kB
Cached:           145404 kB
MemTotal:        1844596 kB
MemFree:         1513196 kB
MemAvailable:    1552132 kB
Buffers:           25400 kB
Cached:           145404 kB
MemTotal:        1844596 kB
MemFree:         1513452 kB
MemAvailable:    1552388 kB
Buffers:           25400 kB
Cached:           145404 kB
MemTotal:        1844596 kB
MemFree:         1512076 kB
MemAvailable:    1551012 kB
Buffers:           25400 kB
Cached:           145404 kB
MemTotal:        1844596 kB
MemFree:         1512888 kB
MemAvailable:    1551824 kB
Buffers:           25400 kB
Cached:           145404 kB
MemTotal:        1844596 kB
MemFree:         1513232 kB
MemAvailable:    1552168 kB
Buffers:           25400 kB
Cached:           145404 kB
MemTotal:        1844596 kB
MemFree:         1513484 kB
MemAvailable:    1552420 kB
Buffers:           25400 kB
Cached:           145404 kB
MemTotal:        1844596 kB
MemFree:         1512084 kB
MemAvailable:    1551020 kB
Buffers:           25400 kB
Cached:           145404 kB
MemTotal:        1844596 kB
MemFree:         1513200 kB
MemAvailable:    1552136 kB
Buffers:           25400 kB
Cached:           145404 kB
MemTotal:        1844596 kB
MemFree:         1513184 kB
MemAvailable:    1552120 kB
Buffers:           25400 kB
Cached:           145404 kB
MemTotal:        1844596 kB
MemFree:         1513520 kB
MemAvailable:    1552456 kB
Buffers:           25400 kB
Cached:           145404 kB
MemTotal:        1844596 kB
MemFree:         1512756 kB
MemAvailable:    1551692 kB
Buffers:           25400 kB
Cached:           145404 kB
MemTotal:        1844596 kB
MemFree:         1512756 kB
MemAvailable:    1551692 kB
Buffers:           25400 kB
Cached:           145404 kB
MemTotal:        1844596 kB
MemFree:         1511220 kB
MemAvailable:    1550156 kB
Buffers:           25400 kB
Cached:           145404 kB
MemTotal:        1844596 kB
MemFree:         1512528 kB
MemAvailable:    1551464 kB
Buffers:           25400 kB
Cached:           145404 kB
MemTotal:        1844596 kB
MemFree:         1511220 kB
MemAvailable:    1550156 kB
Buffers:           25400 kB
Cached:           145404 kB
MemTotal:        1844596 kB
MemFree:         1511220 kB
MemAvailable:    1550156 kB
Buffers:           25400 kB
Cached:           145404 kB
MemTotal:        1844596 kB
MemFree:         1511220 kB
MemAvailable:    1550156 kB
Buffers:           25400 kB
Cached:           145404 kB
MemTotal:        1844596 kB
MemFree:         1512396 kB
MemAvailable:    1551332 kB
Buffers:           25400 kB
Cached:           145404 kB
MemTotal:        1844596 kB
MemFree:         1512320 kB
MemAvailable:    1551256 kB
Buffers:           25400 kB
Cached:           145404 kB
MemTotal:        1844596 kB
MemFree:         1512400 kB
MemAvailable:    1551336 kB
Buffers:           25400 kB
Cached:           145404 kB
MemTotal:        1844596 kB
MemFree:         1511096 kB
MemAvailable:    1550032 kB
Buffers:           25400 kB
Cached:           145404 kB
MemTotal:        1844596 kB
MemFree:         1512328 kB
MemAvailable:    1551264 kB
Buffers:           25400 kB
Cached:           145404 kB
MemTotal:        1844596 kB
MemFree:         1510592 kB
MemAvailable:    1549528 kB
Buffers:           25400 kB
Cached:           145404 kB
MemTotal:        1844596 kB
MemFree:         1508928 kB
MemAvailable:    1547864 kB
Buffers:           25400 kB
Cached:           145404 kB
MemTotal:        1844596 kB
MemFree:         1507316 kB
MemAvailable:    1546252 kB
Buffers:           25400 kB
Cached:           145404 kB
MemTotal:        1844596 kB
MemFree:         1505208 kB
MemAvailable:    1544144 kB
Buffers:           25400 kB
Cached:           145404 kB
MemTotal:        1844596 kB
MemFree:         1503836 kB
MemAvailable:    1542772 kB
Buffers:           25400 kB
Cached:           145404 kB
MemTotal:        1844596 kB
MemFree:         1505020 kB
MemAvailable:    1543956 kB
Buffers:           25400 kB
Cached:           145404 kB
MemTotal:        1844596 kB
MemFree:         1503720 kB
MemAvailable:    1542656 kB
Buffers:           25400 kB
Cached:           145404 kB
MemTotal:        1844596 kB
MemFree:         1504312 kB
MemAvailable:    1543248 kB
Buffers:           25400 kB
Cached:           145404 kB
MemTotal:        1844596 kB
MemFree:         1504648 kB
MemAvailable:    1543584 kB
Buffers:           25400 kB
Cached:           145404 kB
MemTotal:        1844596 kB
MemFree:         1503072 kB
MemAvailable:    1542008 kB
Buffers:           25400 kB
Cached:           145404 kB
MemTotal:        1844596 kB
MemFree:         1503204 kB
MemAvailable:    1542140 kB
Buffers:           25400 kB
Cached:           145404 kB
MemTotal:        1844596 kB
MemFree:         1504528 kB
MemAvailable:    1543464 kB
Buffers:           25400 kB
Cached:           145404 kB
MemTotal:        1844596 kB
MemFree:         1504456 kB
MemAvailable:    1543392 kB
Buffers:           25400 kB
Cached:           145404 kB
MemTotal:        1844596 kB
MemFree:         1504384 kB
MemAvailable:    1543320 kB
Buffers:           25400 kB
Cached:           145404 kB
MemTotal:        1844596 kB
MemFree:         1504636 kB
MemAvailable:    1543572 kB
Buffers:           25400 kB
Cached:           145404 kB
MemTotal:        1844596 kB
MemFree:         1504440 kB
MemAvailable:    1543376 kB
Buffers:           25400 kB
Cached:           145404 kB
MemTotal:        1844596 kB
MemFree:         1504524 kB
MemAvailable:    1543460 kB
Buffers:           25400 kB
Cached:           145404 kB
MemTotal:        1844596 kB
MemFree:         1504504 kB
MemAvailable:    1543440 kB
Buffers:           25400 kB
Cached:           145404 kB
MemTotal:        1844596 kB
MemFree:         1503072 kB
MemAvailable:    1542008 kB
Buffers:           25400 kB
Cached:           145404 kB
MemTotal:        1844596 kB
MemFree:         1504268 kB
MemAvailable:    1543204 kB
Buffers:           25400 kB
Cached:           145404 kB
MemTotal:        1844596 kB
MemFree:         1503704 kB
MemAvailable:    1542640 kB
Buffers:           25400 kB
Cached:           145404 kB
MemTotal:        1844596 kB
MemFree:         1503704 kB
MemAvailable:    1542640 kB
Buffers:           25400 kB
Cached:           145404 kB
MemTotal:        1844596 kB
MemFree:         1503416 kB
MemAvailable:    1542352 kB
Buffers:           25400 kB
Cached:           145404 kB
MemTotal:        1844596 kB
MemFree:         1502168 kB
MemAvailable:    1541104 kB
Buffers:           25400 kB
Cached:           145404 kB
MemTotal:        1844596 kB
MemFree:         1501984 kB
MemAvailable:    1540920 kB
Buffers:           25400 kB
Cached:           145404 kB
MemTotal:        1844596 kB
MemFree:         1503080 kB
MemAvailable:    1542016 kB
Buffers:           25400 kB
Cached:           145404 kB
MemTotal:        1844596 kB
MemFree:         1501720 kB
MemAvailable:    1540656 kB
Buffers:           25400 kB
Cached:           145404 kB
MemTotal:        1844596 kB
MemFree:         1501364 kB
MemAvailable:    1540300 kB
Buffers:           25400 kB
Cached:           145404 kB
MemTotal:        1844596 kB
MemFree:         1501460 kB
MemAvailable:    1540396 kB
Buffers:           25400 kB
Cached:           145404 kB
MemTotal:        1844596 kB
MemFree:         1501364 kB
MemAvailable:    1540300 kB
Buffers:           25400 kB
Cached:           145404 kB
MemTotal:        1844596 kB
MemFree:         1501240 kB
MemAvailable:    1540176 kB
Buffers:           25400 kB
Cached:           145404 kB
MemTotal:        1844596 kB
MemFree:         1501044 kB
MemAvailable:    1539980 kB
Buffers:           25400 kB
Cached:           145404 kB
MemTotal:        1844596 kB
MemFree:         1500000 kB
MemAvailable:    1538936 kB
Buffers:           25400 kB
Cached:           145404 kB
MemTotal:        1844596 kB
MemFree:         1500916 kB
MemAvailable:    1539852 kB
Buffers:           25400 kB
Cached:           145404 kB
MemTotal:        1844596 kB
MemFree:         1499876 kB
MemAvailable:    1538812 kB
Buffers:           25400 kB
Cached:           145404 kB
MemTotal:        1844596 kB
MemFree:         1500468 kB
MemAvailable:    1539404 kB
Buffers:           25400 kB
Cached:           145404 kB
MemTotal:        1844596 kB
MemFree:         1500720 kB
MemAvailable:    1539656 kB
Buffers:           25400 kB
Cached:           145404 kB
MemTotal:        1844596 kB
MemFree:         1499256 kB
MemAvailable:    1538196 kB
Buffers:           25400 kB
Cached:           145408 kB
MemTotal:        1844596 kB
MemFree:         1500488 kB
MemAvailable:    1539432 kB
Buffers:           25400 kB
Cached:           145412 kB
MemTotal:        1844596 kB
MemFree:         1500744 kB
MemAvailable:    1539688 kB
Buffers:           25400 kB
Cached:           145412 kB
MemTotal:        1844596 kB
MemFree:         1499116 kB
MemAvailable:    1538060 kB
Buffers:           25400 kB
Cached:           145412 kB
MemTotal:        1844596 kB
MemFree:         1499248 kB
MemAvailable:    1538192 kB
Buffers:           25400 kB
Cached:           145412 kB
MemTotal:        1844596 kB
MemFree:         1500308 kB
MemAvailable:    1539252 kB
Buffers:           25400 kB
Cached:           145412 kB
MemTotal:        1844596 kB
MemFree:         1499132 kB
MemAvailable:    1538076 kB
Buffers:           25400 kB
Cached:           145412 kB
MemTotal:        1844596 kB
MemFree:         1497752 kB
MemAvailable:    1536696 kB
Buffers:           25400 kB
Cached:           145412 kB
MemTotal:        1844596 kB
MemFree:         1497096 kB
MemAvailable:    1536040 kB
Buffers:           25400 kB
Cached:           145412 kB
MemTotal:        1844596 kB
MemFree:         1492428 kB
MemAvailable:    1531372 kB
Buffers:           25400 kB
Cached:           145412 kB
MemTotal:        1844596 kB
MemFree:         1492064 kB
MemAvailable:    1531092 kB
Buffers:           25400 kB
Cached:           145536 kB
MemTotal:        1844596 kB
MemFree:         1492916 kB
MemAvailable:    1532196 kB
Buffers:           25400 kB
Cached:           145784 kB
MemTotal:        1844596 kB
MemFree:         1492916 kB
MemAvailable:    1532196 kB
Buffers:           25400 kB
Cached:           145784 kB
MemTotal:        1844596 kB
MemFree:         1492612 kB
MemAvailable:    1532060 kB
Buffers:           25400 kB
Cached:           145908 kB
MemTotal:        1844596 kB
MemFree:         1492864 kB
MemAvailable:    1532312 kB
Buffers:           25400 kB
Cached:           145908 kB
MemTotal:        1844596 kB
MemFree:         1492356 kB
MemAvailable:    1531804 kB
Buffers:           25400 kB
Cached:           146032 kB
MemTotal:        1844596 kB
MemFree:         1492692 kB
MemAvailable:    1532140 kB
Buffers:           25400 kB
Cached:           146032 kB
MemTotal:        1844596 kB
MemFree:         1492476 kB
MemAvailable:    1532008 kB
Buffers:           25400 kB
Cached:           146032 kB
MemTotal:        1844596 kB
MemFree:         1492132 kB
MemAvailable:    1531664 kB
Buffers:           25400 kB
Cached:           146032 kB
MemTotal:        1844596 kB
MemFree:         1492744 kB
MemAvailable:    1532332 kB
Buffers:           25400 kB
Cached:           146048 kB
MemTotal:        1844596 kB
MemFree:         1491692 kB
MemAvailable:    1531280 kB
Buffers:           25400 kB
Cached:           146048 kB
MemTotal:        1844596 kB
MemFree:         1492492 kB
MemAvailable:    1532080 kB
Buffers:           25400 kB
Cached:           146048 kB
MemTotal:        1844596 kB
MemFree:         1492632 kB
MemAvailable:    1532220 kB
Buffers:           25400 kB
Cached:           146048 kB
MemTotal:        1844596 kB
MemFree:         1492952 kB
MemAvailable:    1532288 kB
Buffers:           25400 kB
Cached:           145668 kB
MemTotal:        1844596 kB
MemFree:         1491808 kB
MemAvailable:    1530808 kB
Buffers:           25400 kB
Cached:           145416 kB
MemTotal:        1844596 kB
MemFree:         1560180 kB
MemAvailable:    1599180 kB
Buffers:           25400 kB
Cached:           145416 kB
