MemTotal:        1844596 kB
MemFree:         1234300 kB
MemAvailable:    1545040 kB
Buffers:           57944 kB
Cached:           371516 kB
MemTotal:        1844596 kB
MemFree:         1233192 kB
MemAvailable:    1543932 kB
Buffers:           57944 kB
Cached:           371516 kB
MemTotal:        1844596 kB
MemFree:         1231880 kB
MemAvailable:    1542620 kB
Buffers:           57944 kB
Cached:           371516 kB
MemTotal:        1844596 kB
MemFree:         1230576 kB
MemAvailable:    1541316 kB
Buffers:           57944 kB
Cached:           371516 kB
MemTotal:        1844596 kB
MemFree:         1230528 kB
MemAvailable:    1541268 kB
Buffers:           57944 kB
Cached:           371516 kB
MemTotal:        1844596 kB
MemFree:         1230148 kB
MemAvailable:    1540888 kB
Buffers:           57944 kB
Cached:           371516 kB
MemTotal:        1844596 kB
MemFree:         1228532 kB
MemAvailable:    1539272 kB
Buffers:           57944 kB
Cached:           371516 kB
MemTotal:        1844596 kB
MemFree:         1226424 kB
MemAvailable:    1537164 kB
Buffers:           57944 kB
Cached:           371516 kB
MemTotal:        1844596 kB
MemFree:         1224500 kB
MemAvailable:    1535240 kB
Buffers:           57944 kB
Cached:           371516 kB
MemTotal:        1844596 kB
MemFree:         1219976 kB
MemAvailable:    1530716 kB
Buffers:           57944 kB
Cached:           371516 kB
MemTotal:        1844596 kB
MemFree:         1220736 kB
MemAvailable:    1531476 kB
Buffers:           57944 kB
Cached:           371516 kB
MemTotal:        1844596 kB
MemFree:         1220556 kB
MemAvailable:    1531296 kB
Buffers:           57944 kB
Cached:           371516 kB
MemTotal:        1844596 kB
MemFree:         1220812 kB
MemAvailable:    1531552 kB
Buffers:           57944 kB
Cached:           371516 kB
MemTotal:        1844596 kB
MemFree:         1220484 kB
MemAvailable:    1531224 kB
Buffers:           57944 kB
Cached:           371516 kB
MemTotal:        1844596 kB
MemFree:         1220548 kB
MemAvailable:    1531288 kB
Buffers:           57944 kB
Cached:           371516 kB
MemTotal:        1844596 kB
MemFree:         1219344 kB
MemAvailable:    1530084 kB
Buffers:           57944 kB
Cached:           371516 kB
MemTotal:        1844596 kB
MemFree:         1219344 kB
MemAvailable:    1530084 kB
Buffers:           57944 kB
Cached:           371516 kB
MemTotal:        1844596 kB
MemFree:         1218612 kB
MemAvailable:    1529352 kB
Buffers:           57944 kB
Cached:           371516 kB
MemTotal:        1844596 kB
MemFree:         1217744 kB
MemAvailable:    1528484 kB
Buffers:           57944 kB
Cached:           371516 kB
MemTotal:        1844596 kB
MemFree:         1217248 kB
MemAvailable:    1527988 kB
Buffers:           57944 kB
Cached:           371516 kB
MemTotal:        1844596 kB
MemFree:         1217568 kB
MemAvailable:    1528308 kB
Buffers:           57944 kB
Cached:           371516 kB
MemTotal:        1844596 kB
MemFree:         1218424 kB
MemAvailable:    1529164 kB
Buffers:           57944 kB
Cached:           371516 kB
MemTotal:        1844596 kB
MemFree:         1218232 kB
MemAvailable:    1528972 kB
Buffers:           57944 kB
Cached:           371516 kB
MemTotal:        1844596 kB
MemFree:         1216728 kB
MemAvailable:    1527468 kB
Buffers:           57944 kB
Cached:           371516 kB
MemTotal:        1844596 kB
MemFree:         1216860 kB
MemAvailable:    1527600 kB
Buffers:           57944 kB
Cached:           371516 kB
MemTotal:        1844596 kB
MemFree:         1216984 kB
MemAvailable:    1527724 kB
Buffers:           57944 kB
Cached:           371516 kB
MemTotal:        1844596 kB
MemFree:         1217744 kB
MemAvailable:    1528484 kB
Buffers:           57944 kB
Cached:           371516 kB
MemTotal:        1844596 kB
MemFree:         1218164 kB
MemAvailable:    1528904 kB
Buffers:           57944 kB
Cached:           371516 kB
MemTotal:        1844596 kB
MemFree:         1219316 kB
MemAvailable:    1530056 kB
Buffers:           57944 kB
Cached:           371516 kB
MemTotal:        1844596 kB
MemFree:         1217992 kB
MemAvailable:    1528732 kB
Buffers:           57944 kB
Cached:           371516 kB
MemTotal:        1844596 kB
MemFree:         1219044 kB
MemAvailable:    1529784 kB
Buffers:           57944 kB
Cached:           371516 kB
MemTotal:        1844596 kB
MemFree:         1217868 kB
MemAvailable:    1528608 kB
Buffers:           57944 kB
Cached:           371516 kB
MemTotal:        1844596 kB
MemFree:         1216192 kB
MemAvailable:    1526932 kB
Buffers:           57944 kB
Cached:           371516 kB
MemTotal:        1844596 kB
MemFree:         1215620 kB
MemAvailable:    1526360 kB
Buffers:           57944 kB
Cached:           371516 kB
MemTotal:        1844596 kB
MemFree:         1215956 kB
MemAvailable:    1526696 kB
Buffers:           57944 kB
Cached:           371516 kB
MemTotal:        1844596 kB
MemFree:         1213892 kB
MemAvailable:    1524632 kB
Buffers:           57944 kB
Cached:           371516 kB
MemTotal:        1844596 kB
MemFree:         1213776 kB
MemAvailable:    1524516 kB
Buffers:           57944 kB
Cached:           371516 kB
MemTotal:        1844596 kB
MemFree:         1214008 kB
MemAvailable:    1524748 kB
Buffers:           57944 kB
Cached:           371516 kB
MemTotal:        1844596 kB
MemFree:         1214008 kB
MemAvailable:    1524748 kB
Buffers:           57944 kB
Cached:           371516 kB
MemTotal:        1844596 kB
MemFree:         1213820 kB
MemAvailable:    1524560 kB
Buffers:           57944 kB
Cached:           371516 kB
MemTotal:        1844596 kB
MemFree:         1212216 kB
MemAvailable:    1522956 kB
Buffers:           57944 kB
Cached:           371516 kB
MemTotal:        1844596 kB
MemFree:         1213952 kB
MemAvailable:    1524692 kB
Buffers:           57944 kB
Cached:           371516 kB
MemTotal:        1844596 kB
MemFree:         1213804 kB
MemAvailable:    1524544 kB
Buffers:           57944 kB
Cached:           371516 kB
MemTotal:        1844596 kB
MemFree:         1213888 kB
MemAvailable:    1524628 kB
Buffers:           57944 kB
Cached:           371516 kB
MemTotal:        1844596 kB
MemFree:         1213636 kB
MemAvailable:    1524376 kB
Buffers:           57944 kB
Cached:           371516 kB
MemTotal:        1844596 kB
MemFree:         1213620 kB
MemAvailable:    1524360 kB
Buffers:           57944 kB
Cached:           371516 kB
MemTotal:        1844596 kB
MemFree:         1212248 kB
MemAvailable:    1522988 kB
Buffers:           57944 kB
Cached:           371516 kB
MemTotal:        1844596 kB
MemFree:         1213280 kB
MemAvailable:    1524020 kB
Buffers:           57944 kB
Cached:           371516 kB
MemTotal:        1844596 kB
MemFree:         1212704 kB
MemAvailable:    1523444 kB
Buffers:           57944 kB
Cached:           371516 kB
MemTotal:        1844596 kB
MemFree:         1212916 kB
MemAvailable:    1523656 kB
Buffers:           57944 kB
Cached:           371516 kB
MemTotal:        1844596 kB
MemFree:         1211604 kB
MemAvailable:    1522344 kB
Buffers:           57944 kB
Cached:           371516 kB
MemTotal:        1844596 kB
MemFree:         1211604 kB
MemAvailable:    1522344 kB
Buffers:           57944 kB
Cached:           371516 kB
MemTotal:        1844596 kB
MemFree:         1211728 kB
MemAvailable:    1522468 kB
Buffers:           57944 kB
Cached:           371516 kB
MemTotal:        1844596 kB
MemFree:         1211852 kB
MemAvailable:    1522592 kB
Buffers:           57944 kB
Cached:           371516 kB
MemTotal:        1844596 kB
MemFree:         1211852 kB
MemAvailable:    1522592 kB
Buffers:           57944 kB
Cached:           371516 kB
MemTotal:        1844596 kB
MemFree:         1213152 kB
MemAvailable:    1523892 kB
Buffers:           57944 kB
Cached:           371516 kB
MemTotal:        1844596 kB
MemFree:         1213144 kB
MemAvailable:    1523884 kB
Buffers:           57944 kB
Cached:           371516 kB
MemTotal:        1844596 kB
MemFree:         1213276 kB
MemAvailable:    1524016 kB
Buffers:           57944 kB
Cached:           371516 kB
MemTotal:        1844596 kB
MemFree:         1211668 kB
MemAvailable:    1522408 kB
Buffers:           57944 kB
Cached:           371516 kB
MemTotal:        1844596 kB
MemFree:         1212384 kB
MemAvailable:    1523124 kB
Buffers:           57944 kB
Cached:           371516 kB
MemTotal:        1844596 kB
MemFree:         1212524 kB
MemAvailable:    1523264 kB
Buffers:           57944 kB
Cached:           371516 kB
MemTotal:        1844596 kB
MemFree:         1212300 kB
MemAvailable:    1523040 kB
Buffers:           57944 kB
Cached:           371516 kB
MemTotal:        1844596 kB
MemFree:         1211968 kB
MemAvailable:    1522708 kB
Buffers:           57944 kB
Cached:           371516 kB
MemTotal:        1844596 kB
MemFree:         1212136 kB
MemAvailable:    1522876 kB
Buffers:           57944 kB
Cached:           371516 kB
MemTotal:        1844596 kB
MemFree:         1211908 kB
MemAvailable:    1522648 kB
Buffers:           57944 kB
Cached:           371516 kB
MemTotal:        1844596 kB
MemFree:         1211968 kB
MemAvailable:    1522708 kB
Buffers:           57944 kB
Cached:           371516 kB
MemTotal:        1844596 kB
MemFree:         1211856 kB
MemAvailable:    1522596 kB
Buffers:           57944 kB
Cached:           371516 kB
MemTotal:        1844596 kB
MemFree:         1212108 kB
MemAvailable:    1522848 kB
Buffers:           57944 kB
Cached:           371516 kB
MemTotal:        1844596 kB
MemFree:         1211852 kB
MemAvailable:    1522604 kB
Buffers:           57944 kB
Cached:           371528 kB
MemTotal:        1844596 kB
MemFree:         1211852 kB
MemAvailable:    1522604 kB
Buffers:           57944 kB
Cached:           371528 kB
MemTotal:        1844596 kB
MemFree:         1211892 kB
MemAvailable:    1522644 kB
Buffers:           57944 kB
Cached:           371528 kB
MemTotal:        1844596 kB
MemFree:         1211892 kB
MemAvailable:    1522644 kB
Buffers:           57944 kB
Cached:           371528 kB
MemTotal:        1844596 kB
MemFree:         1211752 kB
MemAvailable:    1522504 kB
Buffers:           57944 kB
Cached:           371528 kB
MemTotal:        1844596 kB
MemFree:         1212004 kB
MemAvailable:    1522756 kB
Buffers:           57944 kB
Cached:           371528 kB
MemTotal:        1844596 kB
MemFree:         1209372 kB
MemAvailable:    1520124 kB
Buffers:           57944 kB
Cached:           371528 kB
MemTotal:        1844596 kB
MemFree:         1207328 kB
MemAvailable:    1518080 kB
Buffers:           57944 kB
Cached:           371528 kB
MemTotal:        1844596 kB
MemFree:         1203980 kB
MemAvailable:    1514732 kB
Buffers:           57944 kB
Cached:           371528 kB
MemTotal:        1844596 kB
MemFree:         1202972 kB
MemAvailable:    1513724 kB
Buffers:           57944 kB
Cached:           371528 kB
MemTotal:        1844596 kB
MemFree:         1202844 kB
MemAvailable:    1513596 kB
Buffers:           57944 kB
Cached:           371528 kB
MemTotal:        1844596 kB
MemFree:         1204188 kB
MemAvailable:    1514940 kB
Buffers:           57944 kB
Cached:           371528 kB
MemTotal:        1844596 kB
MemFree:         1202988 kB
MemAvailable:    1513740 kB
Buffers:           57944 kB
Cached:           371528 kB
MemTotal:        1844596 kB
MemFree:         1204164 kB
MemAvailable:    1514916 kB
Buffers:           57944 kB
Cached:           371528 kB
MemTotal:        1844596 kB
MemFree:         1204040 kB
MemAvailable:    1514792 kB
Buffers:           57944 kB
Cached:           371528 kB
MemTotal:        1844596 kB
MemFree:         1203784 kB
MemAvailable:    1514536 kB
Buffers:           57944 kB
Cached:           371528 kB
MemTotal:        1844596 kB
MemFree:         1204120 kB
MemAvailable:    1514872 kB
Buffers:           57944 kB
Cached:           371528 kB
MemTotal:        1844596 kB
MemFree:         1203800 kB
MemAvailable:    1514552 kB
Buffers:           57944 kB
Cached:           371528 kB
MemTotal:        1844596 kB
MemFree:         1204028 kB
MemAvailable:    1514780 kB
Buffers:           57944 kB
Cached:           371528 kB
MemTotal:        1844596 kB
MemFree:         1203836 kB
MemAvailable:    1514588 kB
Buffers:           57944 kB
Cached:           371528 kB
MemTotal:        1844596 kB
MemFree:         1203896 kB
MemAvailable:    1514648 kB
Buffers:           57944 kB
Cached:           371528 kB
MemTotal:        1844596 kB
MemFree:         1204148 kB
MemAvailable:    1514900 kB
Buffers:           57944 kB
Cached:           371528 kB
MemTotal:        1844596 kB
MemFree:         1204016 kB
MemAvailable:    1514768 kB
Buffers:           57944 kB
Cached:           371528 kB
MemTotal:        1844596 kB
MemFree:         1203936 kB
MemAvailable:    1514688 kB
Buffers:           57944 kB
Cached:           371528 kB
MemTotal:        1844596 kB
MemFree:         1203936 kB
MemAvailable:    1514688 kB
Buffers:           57944 kB
Cached:           371528 kB
MemTotal:        1844596 kB
MemFree:         1202104 kB
MemAvailable:    1512856 kB
Buffers:           57944 kB
Cached:           371528 kB
MemTotal:        1844596 kB
MemFree:         1201724 kB
MemAvailable:    1512476 kB
Buffers:           57944 kB
Cached:           371528 kB
MemTotal:        1844596 kB
MemFree:         1202856 kB
MemAvailable:    1513608 kB
Buffers:           57944 kB
Cached:           371528 kB
MemTotal:        1844596 kB
MemFree:         1202856 kB
MemAvailable:    1513608 kB
Buffers:           57944 kB
Cached:           371528 kB
MemTotal:        1844596 kB
MemFree:         1202460 kB
MemAvailable:    1513212 kB
Buffers:           57944 kB
Cached:           371528 kB
MemTotal:        1844596 kB
MemFree:         1202460 kB
MemAvailable:    1513212 kB
Buffers:           57944 kB
Cached:           371528 kB
MemTotal:        1844596 kB
MemFree:         1200552 kB
MemAvailable:    1511304 kB
Buffers:           57944 kB
Cached:           371528 kB
MemTotal:        1844596 kB
MemFree:         1202244 kB
MemAvailable:    1512996 kB
Buffers:           57944 kB
Cached:           371528 kB
MemTotal:        1844596 kB
MemFree:         1201228 kB
MemAvailable:    1511980 kB
Buffers:           57944 kB
Cached:           371528 kB
MemTotal:        1844596 kB
MemFree:         1201188 kB
MemAvailable:    1511940 kB
Buffers:           57944 kB
Cached:           371528 kB
MemTotal:        1844596 kB
MemFree:         1200732 kB
MemAvailable:    1511484 kB
Buffers:           57944 kB
Cached:           371528 kB
MemTotal:        1844596 kB
MemFree:         1200984 kB
MemAvailable:    1511736 kB
Buffers:           57944 kB
Cached:           371528 kB
MemTotal:        1844596 kB
MemFree:         1200476 kB
MemAvailable:    1511228 kB
Buffers:           57944 kB
Cached:           371528 kB
MemTotal:        1844596 kB
MemFree:         1200476 kB
MemAvailable:    1511228 kB
Buffers:           57944 kB
Cached:           371528 kB
MemTotal:        1844596 kB
MemFree:         1200360 kB
MemAvailable:    1511112 kB
Buffers:           57944 kB
Cached:           371528 kB
MemTotal:        1844596 kB
MemFree:         1200164 kB
MemAvailable:    1510916 kB
Buffers:           57944 kB
Cached:           371528 kB
MemTotal:        1844596 kB
MemFree:         1198988 kB
MemAvailable:    1509740 kB
Buffers:           57944 kB
Cached:           371528 kB
MemTotal:        1844596 kB
MemFree:         1199464 kB
MemAvailable:    1510216 kB
Buffers:           57944 kB
Cached:           371528 kB
MemTotal:        1844596 kB
MemFree:         1199136 kB
MemAvailable:    1509892 kB
Buffers:           57944 kB
Cached:           371532 kB
MemTotal:        1844596 kB
MemFree:         1200384 kB
MemAvailable:    1511140 kB
Buffers:           57944 kB
Cached:           371532 kB
MemTotal:        1844596 kB
MemFree:         1200320 kB
MemAvailable:    1511076 kB
Buffers:           57944 kB
Cached:           371532 kB
MemTotal:        1844596 kB
MemFree:         1200148 kB
MemAvailable:    1510904 kB
Buffers:           57944 kB
Cached:           371532 kB
MemTotal:        1844596 kB
MemFree:         1199616 kB
MemAvailable:    1510372 kB
Buffers:           57944 kB
Cached:           371532 kB
MemTotal:        1844596 kB
MemFree:         1199616 kB
MemAvailable:    1510372 kB
Buffers:           57944 kB
Cached:           371532 kB
MemTotal:        1844596 kB
MemFree:         1199504 kB
MemAvailable:    1510260 kB
Buffers:           57944 kB
Cached:           371532 kB
MemTotal:        1844596 kB
MemFree:         1195036 kB
MemAvailable:    1505792 kB
Buffers:           57944 kB
Cached:           371532 kB
MemTotal:        1844596 kB
MemFree:         1194184 kB
MemAvailable:    1504940 kB
Buffers:           57944 kB
Cached:           371532 kB
MemTotal:        1844596 kB
MemFree:         1192964 kB
MemAvailable:    1503804 kB
Buffers:           57944 kB
Cached:           371656 kB
MemTotal:        1844596 kB
MemFree:         1191704 kB
MemAvailable:    1502544 kB
Buffers:           57944 kB
Cached:           371656 kB
MemTotal:        1844596 kB
MemFree:         1192716 kB
MemAvailable:    1503724 kB
Buffers:           57944 kB
Cached:           371780 kB
MemTotal:        1844596 kB
MemFree:         1191456 kB
MemAvailable:    1502548 kB
Buffers:           57944 kB
Cached:           371904 kB
MemTotal:        1844596 kB
MemFree:         1191456 kB
MemAvailable:    1502548 kB
Buffers:           57944 kB
Cached:           371904 kB
MemTotal:        1844596 kB
MemFree:         1191292 kB
MemAvailable:    1502552 kB
Buffers:           57944 kB
Cached:           372028 kB
MemTotal:        1844596 kB
MemFree:         1192400 kB
MemAvailable:    1503744 kB
Buffers:           57944 kB
Cached:           372152 kB
MemTotal:        1844596 kB
MemFree:         1191456 kB
MemAvailable:    1502800 kB
Buffers:           57944 kB
Cached:           372152 kB
MemTotal:        1844596 kB
MemFree:         1192204 kB
MemAvailable:    1503548 kB
Buffers:           57944 kB
Cached:           372152 kB
MemTotal:        1844596 kB
MemFree:         1192324 kB
MemAvailable:    1503668 kB
Buffers:           57944 kB
Cached:           372152 kB
MemTotal:        1844596 kB
MemFree:         1191448 kB
MemAvailable:    1502792 kB
Buffers:           57944 kB
Cached:           372152 kB
MemTotal:        1844596 kB
MemFree:         1192324 kB
MemAvailable:    1503668 kB
Buffers:           57944 kB
Cached:           372152 kB
MemTotal:        1844596 kB
MemFree:         1190892 kB
MemAvailable:    1502236 kB
Buffers:           57944 kB
Cached:           372152 kB
MemTotal:        1844596 kB
MemFree:         1192276 kB
MemAvailable:    1503620 kB
Buffers:           57944 kB
Cached:           372152 kB
MemTotal:        1844596 kB
MemFree:         1192516 kB
MemAvailable:    1503860 kB
Buffers:           57944 kB
Cached:           372152 kB
MemTotal:        1844596 kB
MemFree:         1192236 kB
MemAvailable:    1503580 kB
Buffers:           57944 kB
Cached:           372152 kB
MemTotal:        1844596 kB
MemFree:         1192300 kB
MemAvailable:    1503812 kB
Buffers:           57944 kB
Cached:           372276 kB
MemTotal:        1844596 kB
MemFree:         1192608 kB
MemAvailable:    1503364 kB
Buffers:           57944 kB
Cached:           371604 kB
MemTotal:        1844596 kB
MemFree:         1260052 kB
MemAvailable:    1570808 kB
Buffers:           57944 kB
Cached:           371604 kB
