MemTotal:        1844596 kB
MemFree:         1256956 kB
MemAvailable:    1546636 kB
Buffers:           56008 kB
Cached:           354260 kB
MemTotal:        1844596 kB
MemFree:         1255964 kB
MemAvailable:    1545644 kB
Buffers:           56008 kB
Cached:           354260 kB
MemTotal:        1844596 kB
MemFree:         1253536 kB
MemAvailable:    1543216 kB
Buffers:           56008 kB
Cached:           354260 kB
MemTotal:        1844596 kB
MemFree:         1250732 kB
MemAvailable:    1540412 kB
Buffers:           56008 kB
Cached:           354260 kB
MemTotal:        1844596 kB
MemFree:         1252228 kB
MemAvailable:    1541908 kB
Buffers:           56008 kB
Cached:           354260 kB
MemTotal:        1844596 kB
MemFree:         1251816 kB
MemAvailable:    1541496 kB
Buffers:           56008 kB
Cached:           354260 kB
MemTotal:        1844596 kB
MemFree:         1251304 kB
MemAvailable:    1540984 kB
Buffers:           56008 kB
Cached:           354260 kB
MemTotal:        1844596 kB
MemFree:         1249260 kB
MemAvailable:    1538940 kB
Buffers:           56008 kB
Cached:           354260 kB
MemTotal:        1844596 kB
MemFree:         1246144 kB
MemAvailable:    1535824 kB
Buffers:           56008 kB
Cached:           354260 kB
MemTotal:        1844596 kB
MemFree:         1245168 kB
MemAvailable:    1534848 kB
Buffers:           56008 kB
Cached:           354260 kB
MemTotal:        1844596 kB
MemFree:         1241052 kB
MemAvailable:    1530732 kB
Buffers:           56008 kB
Cached:           354260 kB
MemTotal:        1844596 kB
MemFree:         1241052 kB
MemAvailable:    1530732 kB
Buffers:           56008 kB
Cached:           354260 kB
MemTotal:        1844596 kB
MemFree:         1242044 kB
MemAvailable:    1531724 kB
Buffers:           56008 kB
Cached:           354260 kB
MemTotal:        1844596 kB
MemFree:         1242380 kB
MemAvailable:    1532060 kB
Buffers:           56008 kB
Cached:           354260 kB
MemTotal:        1844596 kB
MemFree:         1240772 kB
MemAvailable:    1530452 kB
Buffers:           56008 kB
Cached:           354260 kB
MemTotal:        1844596 kB
MemFree:         1240648 kB
MemAvailable:    1530328 kB
Buffers:           56008 kB
Cached:           354260 kB
MemTotal:        1844596 kB
MemFree:         1241028 kB
MemAvailable:    1530708 kB
Buffers:           56008 kB
Cached:           354260 kB
MemTotal:        1844596 kB
MemFree:         1241028 kB
MemAvailable:    1530708 kB
Buffers:           56008 kB
Cached:           354260 kB
MemTotal:        1844596 kB
MemFree:         1241324 kB
MemAvailable:    1531004 kB
Buffers:           56008 kB
Cached:           354260 kB
MemTotal:        1844596 kB
MemFree:         1239332 kB
MemAvailable:    1529012 kB
Buffers:           56008 kB
Cached:           354260 kB
MemTotal:        1844596 kB
MemFree:         1239688 kB
MemAvailable:    1529368 kB
Buffers:           56008 kB
Cached:           354260 kB
MemTotal:        1844596 kB
MemFree:         1239772 kB
MemAvailable:    1529452 kB
Buffers:           56008 kB
Cached:           354260 kB
MemTotal:        1844596 kB
MemFree:         1239700 kB
MemAvailable:    1529380 kB
Buffers:           56008 kB
Cached:           354260 kB
MemTotal:        1844596 kB
MemFree:         1238412 kB
MemAvailable:    1528092 kB
Buffers:           56008 kB
Cached:           354260 kB
MemTotal:        1844596 kB
MemFree:         1239648 kB
MemAvailable:    1529328 kB
Buffers:           56008 kB
Cached:           354260 kB
MemTotal:        1844596 kB
MemFree:         1239500 kB
MemAvailable:    1529180 kB
Buffers:           56008 kB
Cached:           354260 kB
MemTotal:        1844596 kB
MemFree:         1238532 kB
MemAvailable:    1528212 kB
Buffers:           56008 kB
Cached:           354260 kB
MemTotal:        1844596 kB
MemFree:         1239704 kB
MemAvailable:    1529384 kB
Buffers:           56008 kB
Cached:           354260 kB
MemTotal:        1844596 kB
MemFree:         1239092 kB
MemAvailable:    1528772 kB
Buffers:           56008 kB
Cached:           354260 kB
MemTotal:        1844596 kB
MemFree:         1239592 kB
MemAvailable:    1529272 kB
Buffers:           56008 kB
Cached:           354260 kB
MemTotal:        1844596 kB
MemFree:         1240952 kB
MemAvailable:    1530632 kB
Buffers:           56008 kB
Cached:           354260 kB
MemTotal:        1844596 kB
MemFree:         1240904 kB
MemAvailable:    1530584 kB
Buffers:           56008 kB
Cached:           354260 kB
MemTotal:        1844596 kB
MemFree:         1240964 kB
MemAvailable:    1530644 kB
Buffers:           56008 kB
Cached:           354260 kB
MemTotal:        1844596 kB
MemFree:         1240208 kB
MemAvailable:    1529888 kB
Buffers:           56008 kB
Cached:           354260 kB
MemTotal:        1844596 kB
MemFree:         1237596 kB
MemAvailable:    1527284 kB
Buffers:           56008 kB
Cached:           354268 kB
MemTotal:        1844596 kB
MemFree:         1237604 kB
MemAvailable:    1527292 kB
Buffers:           56008 kB
Cached:           354268 kB
MemTotal:        1844596 kB
MemFree:         1236364 kB
MemAvailable:    1526052 kB
Buffers:           56008 kB
Cached:           354268 kB
MemTotal:        1844596 kB
MemFree:         1236780 kB
MemAvailable:    1526468 kB
Buffers:           56008 kB
Cached:           354268 kB
MemTotal:        1844596 kB
MemFree:         1237032 kB
MemAvailable:    1526720 kB
Buffers:           56008 kB
Cached:           354268 kB
MemTotal:        1844596 kB
MemFree:         1236548 kB
MemAvailable:    1526236 kB
Buffers:           56008 kB
Cached:           354268 kB
MemTotal:        1844596 kB
MemFree:         1235804 kB
MemAvailable:    1525492 kB
Buffers:           56008 kB
Cached:           354268 kB
MemTotal:        1844596 kB
MemFree:         1235472 kB
MemAvailable:    1525160 kB
Buffers:           56008 kB
Cached:           354268 kB
MemTotal:        1844596 kB
MemFree:         1234868 kB
MemAvailable:    1524556 kB
Buffers:           56008 kB
Cached:           354268 kB
MemTotal:        1844596 kB
MemFree:         1234484 kB
MemAvailable:    1524172 kB
Buffers:           56008 kB
Cached:           354268 kB
MemTotal:        1844596 kB
MemFree:         1235536 kB
MemAvailable:    1525224 kB
Buffers:           56008 kB
Cached:           354268 kB
MemTotal:        1844596 kB
MemFree:         1235476 kB
MemAvailable:    1525164 kB
Buffers:           56008 kB
Cached:           354268 kB
MemTotal:        1844596 kB
MemFree:         1234608 kB
MemAvailable:    1524296 kB
Buffers:           56008 kB
Cached:           354268 kB
MemTotal:        1844596 kB
MemFree:         1235372 kB
MemAvailable:    1525060 kB
Buffers:           56008 kB
Cached:           354268 kB
MemTotal:        1844596 kB
MemFree:         1234008 kB
MemAvailable:    1523696 kB
Buffers:           56008 kB
Cached:           354268 kB
MemTotal:        1844596 kB
MemFree:         1234728 kB
MemAvailable:    1524416 kB
Buffers:           56008 kB
Cached:           354268 kB
MemTotal:        1844596 kB
MemFree:         1234728 kB
MemAvailable:    1524416 kB
Buffers:           56008 kB
Cached:           354268 kB
MemTotal:        1844596 kB
MemFree:         1234552 kB
MemAvailable:    1524240 kB
Buffers:           56008 kB
Cached:           354268 kB
MemTotal:        1844596 kB
MemFree:         1234868 kB
MemAvailable:    1524556 kB
Buffers:           56008 kB
Cached:           354268 kB
MemTotal:        1844596 kB
MemFree:         1234968 kB
MemAvailable:    1524656 kB
Buffers:           56008 kB
Cached:           354268 kB
MemTotal:        1844596 kB
MemFree:         1233760 kB
MemAvailable:    1523448 kB
Buffers:           56008 kB
Cached:           354268 kB
MemTotal:        1844596 kB
MemFree:         1235064 kB
MemAvailable:    1524752 kB
Buffers:           56008 kB
Cached:           354268 kB
MemTotal:        1844596 kB
MemFree:         1234736 kB
MemAvailable:    1524424 kB
Buffers:           56008 kB
Cached:           354268 kB
MemTotal:        1844596 kB
MemFree:         1233760 kB
MemAvailable:    1523448 kB
Buffers:           56008 kB
Cached:           354268 kB
MemTotal:        1844596 kB
MemFree:         1233496 kB
MemAvailable:    1523184 kB
Buffers:           56008 kB
Cached:           354268 kB
MemTotal:        1844596 kB
MemFree:         1234008 kB
MemAvailable:    1523696 kB
Buffers:           56008 kB
Cached:           354268 kB
MemTotal:        1844596 kB
MemFree:         1234572 kB
MemAvailable:    1524260 kB
Buffers:           56008 kB
Cached:           354268 kB
MemTotal:        1844596 kB
MemFree:         1233712 kB
MemAvailable:    1523400 kB
Buffers:           56008 kB
Cached:           354268 kB
MemTotal:        1844596 kB
MemFree:         1233196 kB
MemAvailable:    1522884 kB
Buffers:           56008 kB
Cached:           354268 kB
MemTotal:        1844596 kB
MemFree:         1234812 kB
MemAvailable:    1524500 kB
Buffers:           56008 kB
Cached:           354268 kB
MemTotal:        1844596 kB
MemFree:         1234372 kB
MemAvailable:    1524060 kB
Buffers:           56008 kB
Cached:           354268 kB
MemTotal:        1844596 kB
MemFree:         1234240 kB
MemAvailable:    1523928 kB
Buffers:           56008 kB
Cached:           354268 kB
MemTotal:        1844596 kB
MemFree:         1232808 kB
MemAvailable:    1522496 kB
Buffers:           56008 kB
Cached:           354268 kB
MemTotal:        1844596 kB
MemFree:         1232808 kB
MemAvailable:    1522496 kB
Buffers:           56008 kB
Cached:           354268 kB
MemTotal:        1844596 kB
MemFree:         1234008 kB
MemAvailable:    1523696 kB
Buffers:           56008 kB
Cached:           354268 kB
MemTotal:        1844596 kB
MemFree:         1232596 kB
MemAvailable:    1522284 kB
Buffers:           56008 kB
Cached:           354268 kB
MemTotal:        1844596 kB
MemFree:         1233576 kB
MemAvailable:    1523264 kB
Buffers:           56008 kB
Cached:           354268 kB
MemTotal:        1844596 kB
MemFree:         1233644 kB
MemAvailable:    1523332 kB
Buffers:           56008 kB
Cached:           354268 kB
MemTotal:        1844596 kB
MemFree:         1233804 kB
MemAvailable:    1523492 kB
Buffers:           56008 kB
Cached:           354268 kB
MemTotal:        1844596 kB
MemFree:         1232364 kB
MemAvailable:    1522052 kB
Buffers:           56008 kB
Cached:           354268 kB
MemTotal:        1844596 kB
MemFree:         1232496 kB
MemAvailable:    1522184 kB
Buffers:           56008 kB
Cached:           354268 kB
MemTotal:        1844596 kB
MemFree:         1232496 kB
MemAvailable:    1522184 kB
Buffers:           56008 kB
Cached:           354268 kB
MemTotal:        1844596 kB
MemFree:         1232744 kB
MemAvailable:    1522432 kB
Buffers:           56008 kB
Cached:           354268 kB
MemTotal:        1844596 kB
MemFree:         1232744 kB
MemAvailable:    1522432 kB
Buffers:           56008 kB
Cached:           354268 kB
MemTotal:        1844596 kB
MemFree:         1231960 kB
MemAvailable:    1521648 kB
Buffers:           56008 kB
Cached:           354268 kB
MemTotal:        1844596 kB
MemFree:         1230240 kB
MemAvailable:    1519928 kB
Buffers:           56008 kB
Cached:           354268 kB
MemTotal:        1844596 kB
MemFree:         1229232 kB
MemAvailable:    1518920 kB
Buffers:           56008 kB
Cached:           354268 kB
MemTotal:        1844596 kB
MemFree:         1226568 kB
MemAvailable:    1516256 kB
Buffers:           56008 kB
Cached:           354268 kB
MemTotal:        1844596 kB
MemFree:         1226636 kB
MemAvailable:    1516324 kB
Buffers:           56008 kB
Cached:           354268 kB
MemTotal:        1844596 kB
MemFree:         1225328 kB
MemAvailable:    1515016 kB
Buffers:           56008 kB
Cached:           354268 kB
MemTotal:        1844596 kB
MemFree:         1225080 kB
MemAvailable:    1514768 kB
Buffers:           56008 kB
Cached:           354268 kB
MemTotal:        1844596 kB
MemFree:         1226132 kB
MemAvailable:    1515820 kB
Buffers:           56008 kB
Cached:           354268 kB
MemTotal:        1844596 kB
MemFree:         1224824 kB
MemAvailable:    1514512 kB
Buffers:           56008 kB
Cached:           354268 kB
MemTotal:        1844596 kB
MemFree:         1225916 kB
MemAvailable:    1515604 kB
Buffers:           56008 kB
Cached:           354268 kB
MemTotal:        1844596 kB
MemFree:         1225916 kB
MemAvailable:    1515604 kB
Buffers:           56008 kB
Cached:           354268 kB
MemTotal:        1844596 kB
MemFree:         1225676 kB
MemAvailable:    1515364 kB
Buffers:           56008 kB
Cached:           354268 kB
MemTotal:        1844596 kB
MemFree:         1225736 kB
MemAvailable:    1515424 kB
Buffers:           56008 kB
Cached:           354268 kB
MemTotal:        1844596 kB
MemFree:         1224512 kB
MemAvailable:    1514200 kB
Buffers:           56008 kB
Cached:           354268 kB
MemTotal:        1844596 kB
MemFree:         1224512 kB
MemAvailable:    1514200 kB
Buffers:           56008 kB
Cached:           354268 kB
MemTotal:        1844596 kB
MemFree:         1224504 kB
MemAvailable:    1514192 kB
Buffers:           56008 kB
Cached:           354268 kB
MemTotal:        1844596 kB
MemFree:         1224636 kB
MemAvailable:    1514324 kB
Buffers:           56008 kB
Cached:           354268 kB
MemTotal:        1844596 kB
MemFree:         1224948 kB
MemAvailable:    1514636 kB
Buffers:           56008 kB
Cached:           354268 kB
MemTotal:        1844596 kB
MemFree:         1224948 kB
MemAvailable:    1514644 kB
Buffers:           56008 kB
Cached:           354276 kB
MemTotal:        1844596 kB
MemFree:         1225700 kB
MemAvailable:    1515396 kB
Buffers:           56008 kB
Cached:           354276 kB
MemTotal:        1844596 kB
MemFree:         1225180 kB
MemAvailable:    1514876 kB
Buffers:           56008 kB
Cached:           354276 kB
MemTotal:        1844596 kB
MemFree:         1224336 kB
MemAvailable:    1514032 kB
Buffers:           56008 kB
Cached:           354276 kB
MemTotal:        1844596 kB
MemFree:         1223592 kB
MemAvailable:    1513288 kB
Buffers:           56008 kB
Cached:           354276 kB
MemTotal:        1844596 kB
MemFree:         1223220 kB
MemAvailable:    1512916 kB
Buffers:           56008 kB
Cached:           354276 kB
MemTotal:        1844596 kB
MemFree:         1224272 kB
MemAvailable:    1513968 kB
Buffers:           56008 kB
Cached:           354276 kB
MemTotal:        1844596 kB
MemFree:         1224140 kB
MemAvailable:    1513836 kB
Buffers:           56008 kB
Cached:           354276 kB
MemTotal:        1844596 kB
MemFree:         1222708 kB
MemAvailable:    1512404 kB
Buffers:           56008 kB
Cached:           354276 kB
MemTotal:        1844596 kB
MemFree:         1221848 kB
MemAvailable:    1511544 kB
Buffers:           56008 kB
Cached:           354276 kB
MemTotal:        1844596 kB
MemFree:         1221856 kB
MemAvailable:    1511552 kB
Buffers:           56008 kB
Cached:           354276 kB
MemTotal:        1844596 kB
MemFree:         1223140 kB
MemAvailable:    1512836 kB
Buffers:           56008 kB
Cached:           354276 kB
MemTotal:        1844596 kB
MemFree:         1222288 kB
MemAvailable:    1511984 kB
Buffers:           56008 kB
Cached:           354276 kB
MemTotal:        1844596 kB
MemFree:         1222240 kB
MemAvailable:    1511936 kB
Buffers:           56008 kB
Cached:           354276 kB
MemTotal:        1844596 kB
MemFree:         1221104 kB
MemAvailable:    1510800 kB
Buffers:           56008 kB
Cached:           354276 kB
MemTotal:        1844596 kB
MemFree:         1222144 kB
MemAvailable:    1511840 kB
Buffers:           56008 kB
Cached:           354276 kB
MemTotal:        1844596 kB
MemFree:         1222396 kB
MemAvailable:    1512092 kB
Buffers:           56008 kB
Cached:           354276 kB
MemTotal:        1844596 kB
MemFree:         1222080 kB
MemAvailable:    1511776 kB
Buffers:           56008 kB
Cached:           354276 kB
MemTotal:        1844596 kB
MemFree:         1220708 kB
MemAvailable:    1510404 kB
Buffers:           56008 kB
Cached:           354276 kB
MemTotal:        1844596 kB
MemFree:         1221824 kB
MemAvailable:    1511520 kB
Buffers:           56008 kB
Cached:           354276 kB
MemTotal:        1844596 kB
MemFree:         1220652 kB
MemAvailable:    1510348 kB
Buffers:           56008 kB
Cached:           354276 kB
MemTotal:        1844596 kB
MemFree:         1221836 kB
MemAvailable:    1511532 kB
Buffers:           56008 kB
Cached:           354276 kB
MemTotal:        1844596 kB
MemFree:         1220492 kB
MemAvailable:    1510188 kB
Buffers:           56008 kB
Cached:           354276 kB
MemTotal:        1844596 kB
MemFree:         1220692 kB
MemAvailable:    1510392 kB
Buffers:           56008 kB
Cached:           354280 kB
MemTotal:        1844596 kB
MemFree:         1221852 kB
MemAvailable:    1511552 kB
Buffers:           56008 kB
Cached:           354280 kB
MemTotal:        1844596 kB
MemFree:         1221120 kB
MemAvailable:    1510820 kB
Buffers:           56008 kB
Cached:           354280 kB
MemTotal:        1844596 kB
MemFree:         1221684 kB
MemAvailable:    1511384 kB
Buffers:           56008 kB
Cached:           354280 kB
MemTotal:        1844596 kB
MemFree:         1221404 kB
MemAvailable:    1511104 kB
Buffers:           56008 kB
Cached:           354280 kB
MemTotal:        1844596 kB
MemFree:         1221236 kB
MemAvailable:    1510936 kB
Buffers:           56008 kB
Cached:           354280 kB
MemTotal:        1844596 kB
MemFree:         1216632 kB
MemAvailable:    1506332 kB
Buffers:           56008 kB
Cached:           354280 kB
MemTotal:        1844596 kB
MemFree:         1217856 kB
MemAvailable:    1507556 kB
Buffers:           56008 kB
Cached:           354280 kB
MemTotal:        1844596 kB
MemFree:         1213060 kB
MemAvailable:    1502760 kB
Buffers:           56008 kB
Cached:           354280 kB
MemTotal:        1844596 kB
MemFree:         1214112 kB
MemAvailable:    1503896 kB
Buffers:           56008 kB
Cached:           354404 kB
MemTotal:        1844596 kB
MemFree:         1213980 kB
MemAvailable:    1503848 kB
Buffers:           56008 kB
Cached:           354528 kB
MemTotal:        1844596 kB
MemFree:         1212548 kB
MemAvailable:    1502500 kB
Buffers:           56008 kB
Cached:           354652 kB
MemTotal:        1844596 kB
MemFree:         1212440 kB
MemAvailable:    1502560 kB
Buffers:           56008 kB
Cached:           354652 kB
MemTotal:        1844596 kB
MemFree:         1212564 kB
MemAvailable:    1502684 kB
Buffers:           56008 kB
Cached:           354776 kB
MemTotal:        1844596 kB
MemFree:         1213416 kB
MemAvailable:    1503704 kB
Buffers:           56008 kB
Cached:           354900 kB
MemTotal:        1844596 kB
MemFree:         1213184 kB
MemAvailable:    1503472 kB
Buffers:           56008 kB
Cached:           354900 kB
MemTotal:        1844596 kB
MemFree:         1212180 kB
MemAvailable:    1502468 kB
Buffers:           56008 kB
Cached:           354900 kB
MemTotal:        1844596 kB
MemFree:         1213480 kB
MemAvailable:    1503852 kB
Buffers:           56008 kB
Cached:           354900 kB
MemTotal:        1844596 kB
MemFree:         1213480 kB
MemAvailable:    1503852 kB
Buffers:           56008 kB
Cached:           354900 kB
MemTotal:        1844596 kB
MemFree:         1212296 kB
MemAvailable:    1502668 kB
Buffers:           56008 kB
Cached:           354900 kB
MemTotal:        1844596 kB
MemFree:         1212172 kB
MemAvailable:    1502544 kB
Buffers:           56008 kB
Cached:           354900 kB
MemTotal:        1844596 kB
MemFree:         1213472 kB
MemAvailable:    1503844 kB
Buffers:           56008 kB
Cached:           354900 kB
MemTotal:        1844596 kB
MemFree:         1213424 kB
MemAvailable:    1503796 kB
Buffers:           56008 kB
Cached:           354900 kB
MemTotal:        1844596 kB
MemFree:         1213568 kB
MemAvailable:    1503940 kB
Buffers:           56008 kB
Cached:           354900 kB
MemTotal:        1844596 kB
MemFree:         1213288 kB
MemAvailable:    1503744 kB
Buffers:           56008 kB
Cached:           355024 kB
MemTotal:        1844596 kB
MemFree:         1243988 kB
MemAvailable:    1533772 kB
Buffers:           56008 kB
Cached:           354308 kB
MemTotal:        1844596 kB
MemFree:         1274640 kB
MemAvailable:    1564508 kB
Buffers:           56008 kB
Cached:           354308 kB
