MemTotal:        1844596 kB
MemFree:         1589056 kB
MemAvailable:    1585852 kB
Buffers:           20272 kB
Cached:           107220 kB
MemTotal:        1844596 kB
MemFree:         1585708 kB
MemAvailable:    1582504 kB
Buffers:           20272 kB
Cached:           107220 kB
MemTotal:        1844596 kB
MemFree:         1584708 kB
MemAvailable:    1581504 kB
Buffers:           20272 kB
Cached:           107220 kB
MemTotal:        1844596 kB
MemFree:         1584708 kB
MemAvailable:    1581504 kB
Buffers:           20272 kB
Cached:           107220 kB
MemTotal:        1844596 kB
MemFree:         1583568 kB
MemAvailable:    1580364 kB
Buffers:           20272 kB
Cached:           107220 kB
MemTotal:        1844596 kB
MemFree:         1582368 kB
MemAvailable:    1579040 kB
Buffers:           20272 kB
Cached:           107220 kB
MemTotal:        1844596 kB
MemFree:         1582180 kB
MemAvailable:    1578976 kB
Buffers:           20272 kB
Cached:           107220 kB
MemTotal:        1844596 kB
MemFree:         1580816 kB
MemAvailable:    1577612 kB
Buffers:           20272 kB
Cached:           107220 kB
MemTotal:        1844596 kB
MemFree:         1578648 kB
MemAvailable:    1575444 kB
Buffers:           20272 kB
Cached:           107220 kB
MemTotal:        1844596 kB
MemFree:         1576400 kB
MemAvailable:    1573196 kB
Buffers:           20272 kB
Cached:           107220 kB
MemTotal:        1844596 kB
MemFree:         1576400 kB
MemAvailable:    1573196 kB
Buffers:           20272 kB
Cached:           107220 kB
MemTotal:        1844596 kB
MemFree:         1573524 kB
MemAvailable:    1570320 kB
Buffers:           20272 kB
Cached:           107220 kB
MemTotal:        1844596 kB
MemFree:         1572152 kB
MemAvailable:    1568948 kB
Buffers:           20272 kB
Cached:           107220 kB
MemTotal:        1844596 kB
MemFree:         1573452 kB
MemAvailable:    1570248 kB
Buffers:           20272 kB
Cached:           107220 kB
MemTotal:        1844596 kB
MemFree:         1573068 kB
MemAvailable:    1569864 kB
Buffers:           20272 kB
Cached:           107220 kB
MemTotal:        1844596 kB
MemFree:         1573248 kB
MemAvailable:    1570044 kB
Buffers:           20272 kB
Cached:           107220 kB
MemTotal:        1844596 kB
MemFree:         1573584 kB
MemAvailable:    1570380 kB
Buffers:           20272 kB
Cached:           107220 kB
MemTotal:        1844596 kB
MemFree:         1572804 kB
MemAvailable:    1569604 kB
Buffers:           20272 kB
Cached:           107224 kB
MemTotal:        1844596 kB
MemFree:         1572888 kB
MemAvailable:    1569688 kB
Buffers:           20272 kB
Cached:           107224 kB
MemTotal:        1844596 kB
MemFree:         1571432 kB
MemAvailable:    1568232 kB
Buffers:           20272 kB
Cached:           107224 kB
MemTotal:        1844596 kB
MemFree:         1571432 kB
MemAvailable:    1568232 kB
Buffers:           20272 kB
Cached:           107224 kB
MemTotal:        1844596 kB
MemFree:         1571144 kB
MemAvailable:    1567944 kB
Buffers:           20272 kB
Cached:           107224 kB
MemTotal:        1844596 kB
MemFree:         1569712 kB
MemAvailable:    1566512 kB
Buffers:           20272 kB
Cached:           107224 kB
MemTotal:        1844596 kB
MemFree:         1570808 kB
MemAvailable:    1567608 kB
Buffers:           20272 kB
Cached:           107224 kB
MemTotal:        1844596 kB
MemFree:         1571060 kB
MemAvailable:    1567860 kB
Buffers:           20272 kB
Cached:           107224 kB
MemTotal:        1844596 kB
MemFree:         1570892 kB
MemAvailable:    1567692 kB
Buffers:           20272 kB
Cached:           107224 kB
MemTotal:        1844596 kB
MemFree:         1570976 kB
MemAvailable:    1567776 kB
Buffers:           20272 kB
Cached:           107224 kB
MemTotal:        1844596 kB
MemFree:         1570796 kB
MemAvailable:    1567596 kB
Buffers:           20272 kB
Cached:           107224 kB
MemTotal:        1844596 kB
MemFree:         1571048 kB
MemAvailable:    1567848 kB
Buffers:           20272 kB
Cached:           107224 kB
MemTotal:        1844596 kB
MemFree:         1569640 kB
MemAvailable:    1566440 kB
Buffers:           20272 kB
Cached:           107224 kB
MemTotal:        1844596 kB
MemFree:         1572144 kB
MemAvailable:    1568944 kB
Buffers:           20272 kB
Cached:           107224 kB
MemTotal:        1844596 kB
MemFree:         1572400 kB
MemAvailable:    1569200 kB
Buffers:           20272 kB
Cached:           107224 kB
MemTotal:        1844596 kB
MemFree:         1570456 kB
MemAvailable:    1567256 kB
Buffers:           20272 kB
Cached:           107224 kB
MemTotal:        1844596 kB
MemFree:         1569332 kB
MemAvailable:    1566132 kB
Buffers:           20272 kB
Cached:           107224 kB
MemTotal:        1844596 kB
MemFree:         1568976 kB
MemAvailable:    1565776 kB
Buffers:           20272 kB
Cached:           107224 kB
MemTotal:        1844596 kB
MemFree:         1568780 kB
MemAvailable:    1565580 kB
Buffers:           20272 kB
Cached:           107224 kB
MemTotal:        1844596 kB
MemFree:         1566820 kB
MemAvailable:    1563620 kB
Buffers:           20272 kB
Cached:           107224 kB
MemTotal:        1844596 kB
MemFree:         1568092 kB
MemAvailable:    1564892 kB
Buffers:           20272 kB
Cached:           107224 kB
MemTotal:        1844596 kB
MemFree:         1567704 kB
MemAvailable:    1564504 kB
Buffers:           20272 kB
Cached:           107224 kB
MemTotal:        1844596 kB
MemFree:         1565608 kB
MemAvailable:    1562408 kB
Buffers:           20272 kB
Cached:           107224 kB
MemTotal:        1844596 kB
MemFree:         1565992 kB
MemAvailable:    1562792 kB
Buffers:           20272 kB
Cached:           107224 kB
MemTotal:        1844596 kB
MemFree:         1567052 kB
MemAvailable:    1563852 kB
Buffers:           20272 kB
Cached:           107224 kB
MemTotal:        1844596 kB
MemFree:         1566720 kB
MemAvailable:    1563520 kB
Buffers:           20272 kB
Cached:           107224 kB
MemTotal:        1844596 kB
MemFree:         1566720 kB
MemAvailable:    1563520 kB
Buffers:           20272 kB
Cached:           107224 kB
MemTotal:        1844596 kB
MemFree:         1566544 kB
MemAvailable:    1563344 kB
Buffers:           20272 kB
Cached:           107224 kB
MemTotal:        1844596 kB
MemFree:         1566544 kB
MemAvailable:    1563344 kB
Buffers:           20272 kB
Cached:           107224 kB
MemTotal:        1844596 kB
MemFree:         1565316 kB
MemAvailable:    1562116 kB
Buffers:           20272 kB
Cached:           107224 kB
MemTotal:        1844596 kB
MemFree:         1565496 kB
MemAvailable:    1562296 kB
Buffers:           20272 kB
Cached:           107224 kB
MemTotal:        1844596 kB
MemFree:         1566412 kB
MemAvailable:    1563212 kB
Buffers:           20272 kB
Cached:           107224 kB
MemTotal:        1844596 kB
MemFree:         1565948 kB
MemAvailable:    1562748 kB
Buffers:           20272 kB
Cached:           107224 kB
MemTotal:        1844596 kB
MemFree:         1565620 kB
MemAvailable:    1562420 kB
Buffers:           20272 kB
Cached:           107224 kB
MemTotal:        1844596 kB
MemFree:         1565836 kB
MemAvailable:    1562636 kB
Buffers:           20272 kB
Cached:           107224 kB
MemTotal:        1844596 kB
MemFree:         1564760 kB
MemAvailable:    1561560 kB
Buffers:           20272 kB
Cached:           107224 kB
MemTotal:        1844596 kB
MemFree:         1564876 kB
MemAvailable:    1561676 kB
Buffers:           20272 kB
Cached:           107224 kB
MemTotal:        1844596 kB
MemFree:         1564760 kB
MemAvailable:    1561560 kB
Buffers:           20272 kB
Cached:           107224 kB
MemTotal:        1844596 kB
MemFree:         1564752 kB
MemAvailable:    1561552 kB
Buffers:           20272 kB
Cached:           107224 kB
MemTotal:        1844596 kB
MemFree:         1564752 kB
MemAvailable:    1561552 kB
Buffers:           20272 kB
Cached:           107224 kB
MemTotal:        1844596 kB
MemFree:         1566060 kB
MemAvailable:    1562860 kB
Buffers:           20272 kB
Cached:           107224 kB
MemTotal:        1844596 kB
MemFree:         1564884 kB
MemAvailable:    1561684 kB
Buffers:           20272 kB
Cached:           107224 kB
MemTotal:        1844596 kB
MemFree:         1565800 kB
MemAvailable:    1562600 kB
Buffers:           20272 kB
Cached:           107224 kB
MemTotal:        1844596 kB
MemFree:         1565008 kB
MemAvailable:    1561808 kB
Buffers:           20272 kB
Cached:           107224 kB
MemTotal:        1844596 kB
MemFree:         1565740 kB
MemAvailable:    1562540 kB
Buffers:           20272 kB
Cached:           107224 kB
MemTotal:        1844596 kB
MemFree:         1565668 kB
MemAvailable:    1562468 kB
Buffers:           20272 kB
Cached:           107224 kB
MemTotal:        1844596 kB
MemFree:         1565336 kB
MemAvailable:    1562136 kB
Buffers:           20272 kB
Cached:           107224 kB
MemTotal:        1844596 kB
MemFree:         1565336 kB
MemAvailable:    1562136 kB
Buffers:           20272 kB
Cached:           107224 kB
MemTotal:        1844596 kB
MemFree:         1565340 kB
MemAvailable:    1562140 kB
Buffers:           20272 kB
Cached:           107224 kB
MemTotal:        1844596 kB
MemFree:         1564944 kB
MemAvailable:    1561744 kB
Buffers:           20272 kB
Cached:           107224 kB
MemTotal:        1844596 kB
MemFree:         1565196 kB
MemAvailable:    1561996 kB
Buffers:           20272 kB
Cached:           107224 kB
MemTotal:        1844596 kB
MemFree:         1564812 kB
MemAvailable:    1561612 kB
Buffers:           20272 kB
Cached:           107224 kB
MemTotal:        1844596 kB
MemFree:         1564884 kB
MemAvailable:    1561684 kB
Buffers:           20272 kB
Cached:           107224 kB
MemTotal:        1844596 kB
MemFree:         1563372 kB
MemAvailable:    1560172 kB
Buffers:           20272 kB
Cached:           107224 kB
MemTotal:        1844596 kB
MemFree:         1564828 kB
MemAvailable:    1561628 kB
Buffers:           20272 kB
Cached:           107224 kB
MemTotal:        1844596 kB
MemFree:         1563892 kB
MemAvailable:    1560692 kB
Buffers:           20272 kB
Cached:           107224 kB
MemTotal:        1844596 kB
MemFree:         1564692 kB
MemAvailable:    1561492 kB
Buffers:           20272 kB
Cached:           107224 kB
MemTotal:        1844596 kB
MemFree:         1564892 kB
MemAvailable:    1561692 kB
Buffers:           20272 kB
Cached:           107224 kB
MemTotal:        1844596 kB
MemFree:         1563624 kB
MemAvailable:    1560424 kB
Buffers:           20272 kB
Cached:           107224 kB
MemTotal:        1844596 kB
MemFree:         1563740 kB
MemAvailable:    1560540 kB
Buffers:           20272 kB
Cached:           107224 kB
MemTotal:        1844596 kB
MemFree:         1564124 kB
MemAvailable:    1560924 kB
Buffers:           20272 kB
Cached:           107224 kB
MemTotal:        1844596 kB
MemFree:         1563396 kB
MemAvailable:    1560196 kB
Buffers:           20272 kB
Cached:           107224 kB
MemTotal:        1844596 kB
MemFree:         1561280 kB
MemAvailable:    1558080 kB
Buffers:           20272 kB
Cached:           107224 kB
MemTotal:        1844596 kB
MemFree:         1559428 kB
MemAvailable:    1556228 kB
Buffers:           20272 kB
Cached:           107224 kB
MemTotal:        1844596 kB
MemFree:         1556328 kB
MemAvailable:    1553128 kB
Buffers:           20272 kB
Cached:           107224 kB
MemTotal:        1844596 kB
MemFree:         1557552 kB
MemAvailable:    1554352 kB
Buffers:           20272 kB
Cached:           107224 kB
MemTotal:        1844596 kB
MemFree:         1557124 kB
MemAvailable:    1553924 kB
Buffers:           20272 kB
Cached:           107224 kB
MemTotal:        1844596 kB
MemFree:         1555956 kB
MemAvailable:    1552756 kB
Buffers:           20272 kB
Cached:           107224 kB
MemTotal:        1844596 kB
MemFree:         1556872 kB
MemAvailable:    1553672 kB
Buffers:           20272 kB
Cached:           107224 kB
MemTotal:        1844596 kB
MemFree:         1556204 kB
MemAvailable:    1553004 kB
Buffers:           20272 kB
Cached:           107224 kB
MemTotal:        1844596 kB
MemFree:         1556812 kB
MemAvailable:    1553612 kB
Buffers:           20272 kB
Cached:           107224 kB
MemTotal:        1844596 kB
MemFree:         1556080 kB
MemAvailable:    1552880 kB
Buffers:           20272 kB
Cached:           107224 kB
MemTotal:        1844596 kB
MemFree:         1556684 kB
MemAvailable:    1553484 kB
Buffers:           20272 kB
Cached:           107224 kB
MemTotal:        1844596 kB
MemFree:         1557020 kB
MemAvailable:    1553820 kB
Buffers:           20272 kB
Cached:           107224 kB
MemTotal:        1844596 kB
MemFree:         1556812 kB
MemAvailable:    1553612 kB
Buffers:           20272 kB
Cached:           107224 kB
MemTotal:        1844596 kB
MemFree:         1555564 kB
MemAvailable:    1552364 kB
Buffers:           20272 kB
Cached:           107224 kB
MemTotal:        1844596 kB
MemFree:         1555564 kB
MemAvailable:    1552364 kB
Buffers:           20272 kB
Cached:           107224 kB
MemTotal:        1844596 kB
MemFree:         1556864 kB
MemAvailable:    1553664 kB
Buffers:           20272 kB
Cached:           107224 kB
MemTotal:        1844596 kB
MemFree:         1555956 kB
MemAvailable:    1552756 kB
Buffers:           20272 kB
Cached:           107224 kB
MemTotal:        1844596 kB
MemFree:         1555644 kB
MemAvailable:    1552452 kB
Buffers:           20272 kB
Cached:           107232 kB
MemTotal:        1844596 kB
MemFree:         1556796 kB
MemAvailable:    1553604 kB
Buffers:           20272 kB
Cached:           107232 kB
MemTotal:        1844596 kB
MemFree:         1557048 kB
MemAvailable:    1553856 kB
Buffers:           20272 kB
Cached:           107232 kB
MemTotal:        1844596 kB
MemFree:         1556452 kB
MemAvailable:    1553264 kB
Buffers:           20272 kB
Cached:           107236 kB
MemTotal:        1844596 kB
MemFree:         1555080 kB
MemAvailable:    1551892 kB
Buffers:           20272 kB
Cached:           107236 kB
MemTotal:        1844596 kB
MemFree:         1556304 kB
MemAvailable:    1553116 kB
Buffers:           20272 kB
Cached:           107236 kB
MemTotal:        1844596 kB
MemFree:         1555520 kB
MemAvailable:    1552332 kB
Buffers:           20272 kB
Cached:           107236 kB
MemTotal:        1844596 kB
MemFree:         1555264 kB
MemAvailable:    1552076 kB
Buffers:           20272 kB
Cached:           107236 kB
MemTotal:        1844596 kB
MemFree:         1554220 kB
MemAvailable:    1551032 kB
Buffers:           20272 kB
Cached:           107236 kB
MemTotal:        1844596 kB
MemFree:         1554908 kB
MemAvailable:    1551720 kB
Buffers:           20272 kB
Cached:           107236 kB
MemTotal:        1844596 kB
MemFree:         1554404 kB
MemAvailable:    1551216 kB
Buffers:           20272 kB
Cached:           107236 kB
MemTotal:        1844596 kB
MemFree:         1552980 kB
MemAvailable:    1549792 kB
Buffers:           20272 kB
Cached:           107236 kB
MemTotal:        1844596 kB
MemFree:         1552720 kB
MemAvailable:    1549532 kB
Buffers:           20272 kB
Cached:           107236 kB
MemTotal:        1844596 kB
MemFree:         1553924 kB
MemAvailable:    1550736 kB
Buffers:           20272 kB
Cached:           107236 kB
MemTotal:        1844596 kB
MemFree:         1552848 kB
MemAvailable:    1549660 kB
Buffers:           20272 kB
Cached:           107236 kB
MemTotal:        1844596 kB
MemFree:         1553068 kB
MemAvailable:    1549880 kB
Buffers:           20272 kB
Cached:           107236 kB
MemTotal:        1844596 kB
MemFree:         1553320 kB
MemAvailable:    1550132 kB
Buffers:           20272 kB
Cached:           107236 kB
MemTotal:        1844596 kB
MemFree:         1551920 kB
MemAvailable:    1548732 kB
Buffers:           20272 kB
Cached:           107236 kB
MemTotal:        1844596 kB
MemFree:         1553020 kB
MemAvailable:    1549832 kB
Buffers:           20272 kB
Cached:           107236 kB
MemTotal:        1844596 kB
MemFree:         1553020 kB
MemAvailable:    1549832 kB
Buffers:           20272 kB
Cached:           107236 kB
MemTotal:        1844596 kB
MemFree:         1552760 kB
MemAvailable:    1549572 kB
Buffers:           20272 kB
Cached:           107236 kB
MemTotal:        1844596 kB
MemFree:         1553096 kB
MemAvailable:    1549908 kB
Buffers:           20272 kB
Cached:           107236 kB
MemTotal:        1844596 kB
MemFree:         1552660 kB
MemAvailable:    1549472 kB
Buffers:           20272 kB
Cached:           107236 kB
MemTotal:        1844596 kB
MemFree:         1552996 kB
MemAvailable:    1549808 kB
Buffers:           20272 kB
Cached:           107236 kB
MemTotal:        1844596 kB
MemFree:         1552840 kB
MemAvailable:    1549652 kB
Buffers:           20272 kB
Cached:           107236 kB
MemTotal:        1844596 kB
MemFree:         1552840 kB
MemAvailable:    1549652 kB
Buffers:           20272 kB
Cached:           107236 kB
MemTotal:        1844596 kB
MemFree:         1551360 kB
MemAvailable:    1548172 kB
Buffers:           20272 kB
Cached:           107236 kB
MemTotal:        1844596 kB
MemFree:         1552608 kB
MemAvailable:    1549420 kB
Buffers:           20272 kB
Cached:           107236 kB
MemTotal:        1844596 kB
MemFree:         1551120 kB
MemAvailable:    1547932 kB
Buffers:           20272 kB
Cached:           107236 kB
MemTotal:        1844596 kB
MemFree:         1544160 kB
MemAvailable:    1540972 kB
Buffers:           20272 kB
Cached:           107236 kB
MemTotal:        1844596 kB
MemFree:         1544248 kB
MemAvailable:    1541060 kB
Buffers:           20272 kB
Cached:           107236 kB
MemTotal:        1844596 kB
MemFree:         1543864 kB
MemAvailable:    1540760 kB
Buffers:           20272 kB
Cached:           107360 kB
MemTotal:        1844596 kB
MemFree:         1543680 kB
MemAvailable:    1540660 kB
Buffers:           20272 kB
Cached:           107484 kB
MemTotal:        1844596 kB
MemFree:         1543284 kB
MemAvailable:    1540516 kB
Buffers:           20272 kB
Cached:           107608 kB
MemTotal:        1844596 kB
MemFree:         1543284 kB
MemAvailable:    1540516 kB
Buffers:           20272 kB
Cached:           107608 kB
MemTotal:        1844596 kB
MemFree:         1543188 kB
MemAvailable:    1540504 kB
Buffers:           20272 kB
Cached:           107732 kB
MemTotal:        1844596 kB
MemFree:         1541924 kB
MemAvailable:    1539324 kB
Buffers:           20272 kB
Cached:           107732 kB
MemTotal:        1844596 kB
MemFree:         1542184 kB
MemAvailable:    1539584 kB
Buffers:           20272 kB
Cached:           107732 kB
MemTotal:        1844596 kB
MemFree:         1543184 kB
MemAvailable:    1540600 kB
Buffers:           20272 kB
Cached:           107920 kB
MemTotal:        1844596 kB
MemFree:         1542440 kB
MemAvailable:    1539856 kB
Buffers:           20272 kB
Cached:           107920 kB
MemTotal:        1844596 kB
MemFree:         1542868 kB
MemAvailable:    1540284 kB
Buffers:           20272 kB
Cached:           107920 kB
MemTotal:        1844596 kB
MemFree:         1543120 kB
MemAvailable:    1540536 kB
Buffers:           20272 kB
Cached:           107920 kB
MemTotal:        1844596 kB
MemFree:         1541792 kB
MemAvailable:    1539208 kB
Buffers:           20272 kB
Cached:           107920 kB
MemTotal:        1844596 kB
MemFree:         1541916 kB
MemAvailable:    1539332 kB
Buffers:           20272 kB
Cached:           107920 kB
MemTotal:        1844596 kB
MemFree:         1543104 kB
MemAvailable:    1540520 kB
Buffers:           20272 kB
Cached:           107920 kB
MemTotal:        1844596 kB
MemFree:         1542184 kB
MemAvailable:    1539600 kB
Buffers:           20272 kB
Cached:           107920 kB
MemTotal:        1844596 kB
MemFree:         1543576 kB
MemAvailable:    1540476 kB
Buffers:           20272 kB
Cached:           107280 kB
MemTotal:        1844596 kB
MemFree:         1581240 kB
MemAvailable:    1578140 kB
Buffers:           20272 kB
Cached:           107280 kB
