MemTotal:        1844596 kB
MemFree:         1533760 kB
MemAvailable:    1573288 kB
Buffers:           25468 kB
Cached:           145880 kB
MemTotal:        1844596 kB
MemFree:         1533628 kB
MemAvailable:    1573156 kB
Buffers:           25468 kB
Cached:           145880 kB
MemTotal:        1844596 kB
MemFree:         1530792 kB
MemAvailable:    1570320 kB
Buffers:           25468 kB
Cached:           145880 kB
MemTotal:        1844596 kB
MemFree:         1530420 kB
MemAvailable:    1569948 kB
Buffers:           25468 kB
Cached:           145880 kB
MemTotal:        1844596 kB
MemFree:         1530108 kB
MemAvailable:    1569636 kB
Buffers:           25468 kB
Cached:           145880 kB
MemTotal:        1844596 kB
MemFree:         1530108 kB
MemAvailable:    1569636 kB
Buffers:           25468 kB
Cached:           145880 kB
MemTotal:        1844596 kB
MemFree:         1527692 kB
MemAvailable:    1567220 kB
Buffers:           25468 kB
Cached:           145880 kB
MemTotal:        1844596 kB
MemFree:         1525212 kB
MemAvailable:    1564740 kB
Buffers:           25468 kB
Cached:           145880 kB
MemTotal:        1844596 kB
MemFree:         1524584 kB
MemAvailable:    1564112 kB
Buffers:           25468 kB
Cached:           145880 kB
MemTotal:        1844596 kB
MemFree:         1520420 kB
MemAvailable:    1559948 kB
Buffers:           25468 kB
Cached:           145880 kB
MemTotal:        1844596 kB
MemFree:         1520672 kB
MemAvailable:    1560200 kB
Buffers:           25468 kB
Cached:           145880 kB
MemTotal:        1844596 kB
MemFree:         1518988 kB
MemAvailable:    1558516 kB
Buffers:           25468 kB
Cached:           145880 kB
MemTotal:        1844596 kB
MemFree:         1520504 kB
MemAvailable:    1560032 kB
Buffers:           25468 kB
Cached:           145880 kB
MemTotal:        1844596 kB
MemFree:         1519624 kB
MemAvailable:    1559152 kB
Buffers:           25468 kB
Cached:           145880 kB
MemTotal:        1844596 kB
MemFree:         1520216 kB
MemAvailable:    1559744 kB
Buffers:           25468 kB
Cached:           145880 kB
MemTotal:        1844596 kB
MemFree:         1520468 kB
MemAvailable:    1559996 kB
Buffers:           25468 kB
Cached:           145880 kB
MemTotal:        1844596 kB
MemFree:         1519492 kB
MemAvailable:    1559020 kB
Buffers:           25468 kB
Cached:           145880 kB
MemTotal:        1844596 kB
MemFree:         1518996 kB
MemAvailable:    1558524 kB
Buffers:           25468 kB
Cached:           145880 kB
MemTotal:        1844596 kB
MemFree:         1518128 kB
MemAvailable:    1557656 kB
Buffers:           25468 kB
Cached:           145880 kB
MemTotal:        1844596 kB
MemFree:         1516904 kB
MemAvailable:    1556432 kB
Buffers:           25468 kB
Cached:           145880 kB
MemTotal:        1844596 kB
MemFree:         1517020 kB
MemAvailable:    1556548 kB
Buffers:           25468 kB
Cached:           145880 kB
MemTotal:        1844596 kB
MemFree:         1517028 kB
MemAvailable:    1556556 kB
Buffers:           25468 kB
Cached:           145880 kB
MemTotal:        1844596 kB
MemFree:         1518252 kB
MemAvailable:    1557780 kB
Buffers:           25468 kB
Cached:           145880 kB
MemTotal:        1844596 kB
MemFree:         1517872 kB
MemAvailable:    1557400 kB
Buffers:           25468 kB
Cached:           145880 kB
MemTotal:        1844596 kB
MemFree:         1518124 kB
MemAvailable:    1557652 kB
Buffers:           25468 kB
Cached:           145880 kB
MemTotal:        1844596 kB
MemFree:         1517960 kB
MemAvailable:    1557488 kB
Buffers:           25468 kB
Cached:           145880 kB
MemTotal:        1844596 kB
MemFree:         1517904 kB
MemAvailable:    1557432 kB
Buffers:           25468 kB
Cached:           145880 kB
MemTotal:        1844596 kB
MemFree:         1519180 kB
MemAvailable:    1558708 kB
Buffers:           25468 kB
Cached:           145880 kB
MemTotal:        1844596 kB
MemFree:         1518020 kB
MemAvailable:    1557548 kB
Buffers:           25468 kB
Cached:           145880 kB
MemTotal:        1844596 kB
MemFree:         1518020 kB
MemAvailable:    1557548 kB
Buffers:           25468 kB
Cached:           145880 kB
MemTotal:        1844596 kB
MemFree:         1516408 kB
MemAvailable:    1555944 kB
Buffers:           25468 kB
Cached:           145884 kB
MemTotal:        1844596 kB
MemFree:         1514540 kB
MemAvailable:    1554076 kB
Buffers:           25468 kB
Cached:           145884 kB
MemTotal:        1844596 kB
MemFree:         1515400 kB
MemAvailable:    1554936 kB
Buffers:           25468 kB
Cached:           145884 kB
MemTotal:        1844596 kB
MemFree:         1515400 kB
MemAvailable:    1554936 kB
Buffers:           25468 kB
Cached:           145884 kB
MemTotal:        1844596 kB
MemFree:         1514780 kB
MemAvailable:    1554316 kB
Buffers:           25468 kB
Cached:           145884 kB
MemTotal:        1844596 kB
MemFree:         1515032 kB
MemAvailable:    1554568 kB
Buffers:           25468 kB
Cached:           145884 kB
MemTotal:        1844596 kB
MemFree:         1513788 kB
MemAvailable:    1553324 kB
Buffers:           25468 kB
Cached:           145884 kB
MemTotal:        1844596 kB
MemFree:         1513788 kB
MemAvailable:    1553324 kB
Buffers:           25468 kB
Cached:           145884 kB
MemTotal:        1844596 kB
MemFree:         1513844 kB
MemAvailable:    1553380 kB
Buffers:           25468 kB
Cached:           145884 kB
MemTotal:        1844596 kB
MemFree:         1512628 kB
MemAvailable:    1552164 kB
Buffers:           25468 kB
Cached:           145884 kB
MemTotal:        1844596 kB
MemFree:         1513708 kB
MemAvailable:    1553244 kB
Buffers:           25468 kB
Cached:           145884 kB
MemTotal:        1844596 kB
MemFree:         1512492 kB
MemAvailable:    1552028 kB
Buffers:           25468 kB
Cached:           145884 kB
MemTotal:        1844596 kB
MemFree:         1513476 kB
MemAvailable:    1553012 kB
Buffers:           25468 kB
Cached:           145884 kB
MemTotal:        1844596 kB
MemFree:         1512360 kB
MemAvailable:    1551896 kB
Buffers:           25468 kB
Cached:           145884 kB
MemTotal:        1844596 kB
MemFree:         1513308 kB
MemAvailable:    1552844 kB
Buffers:           25468 kB
Cached:           145884 kB
MemTotal:        1844596 kB
MemFree:         1511944 kB
MemAvailable:    1551480 kB
Buffers:           25468 kB
Cached:           145884 kB
MemTotal:        1844596 kB
MemFree:         1513044 kB
MemAvailable:    1552580 kB
Buffers:           25468 kB
Cached:           145884 kB
MemTotal:        1844596 kB
MemFree:         1511508 kB
MemAvailable:    1551044 kB
Buffers:           25468 kB
Cached:           145884 kB
MemTotal:        1844596 kB
MemFree:         1512808 kB
MemAvailable:    1552344 kB
Buffers:           25468 kB
Cached:           145884 kB
MemTotal:        1844596 kB
MemFree:         1511536 kB
MemAvailable:    1551072 kB
Buffers:           25468 kB
Cached:           145884 kB
MemTotal:        1844596 kB
MemFree:         1512060 kB
MemAvailable:    1551596 kB
Buffers:           25468 kB
Cached:           145884 kB
MemTotal:        1844596 kB
MemFree:         1512812 kB
MemAvailable:    1552348 kB
Buffers:           25468 kB
Cached:           145884 kB
MemTotal:        1844596 kB
MemFree:         1512724 kB
MemAvailable:    1552260 kB
Buffers:           25468 kB
Cached:           145884 kB
MemTotal:        1844596 kB
MemFree:         1512476 kB
MemAvailable:    1552012 kB
Buffers:           25468 kB
Cached:           145884 kB
MemTotal:        1844596 kB
MemFree:         1512644 kB
MemAvailable:    1552180 kB
Buffers:           25468 kB
Cached:           145884 kB
MemTotal:        1844596 kB
MemFree:         1513144 kB
MemAvailable:    1552684 kB
Buffers:           25480 kB
Cached:           145876 kB
MemTotal:        1844596 kB
MemFree:         1513068 kB
MemAvailable:    1552608 kB
Buffers:           25480 kB
Cached:           145876 kB
MemTotal:        1844596 kB
MemFree:         1511564 kB
MemAvailable:    1551104 kB
Buffers:           25480 kB
Cached:           145876 kB
MemTotal:        1844596 kB
MemFree:         1512024 kB
MemAvailable:    1551564 kB
Buffers:           25480 kB
Cached:           145876 kB
MemTotal:        1844596 kB
MemFree:         1512360 kB
MemAvailable:    1551900 kB
Buffers:           25480 kB
Cached:           145876 kB
MemTotal:        1844596 kB
MemFree:         1512100 kB
MemAvailable:    1551640 kB
Buffers:           25480 kB
Cached:           145876 kB
MemTotal:        1844596 kB
MemFree:         1512092 kB
MemAvailable:    1551632 kB
Buffers:           25480 kB
Cached:           145876 kB
MemTotal:        1844596 kB
MemFree:         1512128 kB
MemAvailable:    1551668 kB
Buffers:           25480 kB
Cached:           145876 kB
MemTotal:        1844596 kB
MemFree:         1510820 kB
MemAvailable:    1550360 kB
Buffers:           25480 kB
Cached:           145876 kB
MemTotal:        1844596 kB
MemFree:         1511796 kB
MemAvailable:    1551336 kB
Buffers:           25480 kB
Cached:           145876 kB
MemTotal:        1844596 kB
MemFree:         1511880 kB
MemAvailable:    1551420 kB
Buffers:           25480 kB
Cached:           145876 kB
MemTotal:        1844596 kB
MemFree:         1510560 kB
MemAvailable:    1550100 kB
Buffers:           25480 kB
Cached:           145876 kB
MemTotal:        1844596 kB
MemFree:         1510684 kB
MemAvailable:    1550224 kB
Buffers:           25480 kB
Cached:           145876 kB
MemTotal:        1844596 kB
MemFree:         1511668 kB
MemAvailable:    1551208 kB
Buffers:           25480 kB
Cached:           145876 kB
MemTotal:        1844596 kB
MemFree:         1511920 kB
MemAvailable:    1551460 kB
Buffers:           25480 kB
Cached:           145876 kB
MemTotal:        1844596 kB
MemFree:         1511640 kB
MemAvailable:    1551180 kB
Buffers:           25480 kB
Cached:           145876 kB
MemTotal:        1844596 kB
MemFree:         1511612 kB
MemAvailable:    1551152 kB
Buffers:           25480 kB
Cached:           145876 kB
MemTotal:        1844596 kB
MemFree:         1509772 kB
MemAvailable:    1549312 kB
Buffers:           25480 kB
Cached:           145876 kB
MemTotal:        1844596 kB
MemFree:         1507852 kB
MemAvailable:    1547392 kB
Buffers:           25480 kB
Cached:           145876 kB
MemTotal:        1844596 kB
MemFree:         1505496 kB
MemAvailable:    1545036 kB
Buffers:           25480 kB
Cached:           145876 kB
MemTotal:        1844596 kB
MemFree:         1503388 kB
MemAvailable:    1542928 kB
Buffers:           25480 kB
Cached:           145876 kB
MemTotal:        1844596 kB
MemFree:         1504256 kB
MemAvailable:    1543796 kB
Buffers:           25480 kB
Cached:           145876 kB
MemTotal:        1844596 kB
MemFree:         1503820 kB
MemAvailable:    1543360 kB
Buffers:           25480 kB
Cached:           145876 kB
MemTotal:        1844596 kB
MemFree:         1503960 kB
MemAvailable:    1543500 kB
Buffers:           25480 kB
Cached:           145876 kB
MemTotal:        1844596 kB
MemFree:         1503724 kB
MemAvailable:    1543264 kB
Buffers:           25480 kB
Cached:           145876 kB
MemTotal:        1844596 kB
MemFree:         1503976 kB
MemAvailable:    1543516 kB
Buffers:           25480 kB
Cached:           145876 kB
MemTotal:        1844596 kB
MemFree:         1502732 kB
MemAvailable:    1542272 kB
Buffers:           25480 kB
Cached:           145876 kB
MemTotal:        1844596 kB
MemFree:         1502576 kB
MemAvailable:    1542116 kB
Buffers:           25480 kB
Cached:           145876 kB
MemTotal:        1844596 kB
MemFree:         1503932 kB
MemAvailable:    1543472 kB
Buffers:           25480 kB
Cached:           145876 kB
MemTotal:        1844596 kB
MemFree:         1503684 kB
MemAvailable:    1543224 kB
Buffers:           25480 kB
Cached:           145876 kB
MemTotal:        1844596 kB
MemFree:         1503712 kB
MemAvailable:    1543252 kB
Buffers:           25480 kB
Cached:           145876 kB
MemTotal:        1844596 kB
MemFree:         1503712 kB
MemAvailable:    1543252 kB
Buffers:           25480 kB
Cached:           145876 kB
MemTotal:        1844596 kB
MemFree:         1503932 kB
MemAvailable:    1543472 kB
Buffers:           25480 kB
Cached:           145876 kB
MemTotal:        1844596 kB
MemFree:         1503816 kB
MemAvailable:    1543356 kB
Buffers:           25480 kB
Cached:           145876 kB
MemTotal:        1844596 kB
MemFree:         1502624 kB
MemAvailable:    1542164 kB
Buffers:           25480 kB
Cached:           145876 kB
MemTotal:        1844596 kB
MemFree:         1502768 kB
MemAvailable:    1542308 kB
Buffers:           25480 kB
Cached:           145876 kB
MemTotal:        1844596 kB
MemFree:         1503124 kB
MemAvailable:    1542664 kB
Buffers:           25480 kB
Cached:           145876 kB
MemTotal:        1844596 kB
MemFree:         1503124 kB
MemAvailable:    1542664 kB
Buffers:           25480 kB
Cached:           145876 kB
MemTotal:        1844596 kB
MemFree:         1502832 kB
MemAvailable:    1542372 kB
Buffers:           25480 kB
Cached:           145876 kB
MemTotal:        1844596 kB
MemFree:         1502332 kB
MemAvailable:    1541872 kB
Buffers:           25480 kB
Cached:           145876 kB
MemTotal:        1844596 kB
MemFree:         1502200 kB
MemAvailable:    1541740 kB
Buffers:           25480 kB
Cached:           145876 kB
MemTotal:        1844596 kB
MemFree:         1501636 kB
MemAvailable:    1541176 kB
Buffers:           25480 kB
Cached:           145876 kB
MemTotal:        1844596 kB
MemFree:         1501804 kB
MemAvailable:    1541344 kB
Buffers:           25480 kB
Cached:           145876 kB
MemTotal:        1844596 kB
MemFree:         1499792 kB
MemAvailable:    1539332 kB
Buffers:           25480 kB
Cached:           145876 kB
MemTotal:        1844596 kB
MemFree:         1499660 kB
MemAvailable:    1539200 kB
Buffers:           25480 kB
Cached:           145876 kB
MemTotal:        1844596 kB
MemFree:         1500232 kB
MemAvailable:    1539772 kB
Buffers:           25480 kB
Cached:           145876 kB
MemTotal:        1844596 kB
MemFree:         1499916 kB
MemAvailable:    1539456 kB
Buffers:           25480 kB
Cached:           145876 kB
MemTotal:        1844596 kB
MemFree:         1500268 kB
MemAvailable:    1539808 kB
Buffers:           25480 kB
Cached:           145876 kB
MemTotal:        1844596 kB
MemFree:         1500520 kB
MemAvailable:    1540060 kB
Buffers:           25480 kB
Cached:           145876 kB
MemTotal:        1844596 kB
MemFree:         1500016 kB
MemAvailable:    1539572 kB
Buffers:           25480 kB
Cached:           145892 kB
MemTotal:        1844596 kB
MemFree:         1500268 kB
MemAvailable:    1539824 kB
Buffers:           25480 kB
Cached:           145892 kB
MemTotal:        1844596 kB
MemFree:         1500000 kB
MemAvailable:    1539560 kB
Buffers:           25480 kB
Cached:           145896 kB
MemTotal:        1844596 kB
MemFree:         1499048 kB
MemAvailable:    1538608 kB
Buffers:           25480 kB
Cached:           145896 kB
MemTotal:        1844596 kB
MemFree:         1500132 kB
MemAvailable:    1539692 kB
Buffers:           25480 kB
Cached:           145896 kB
MemTotal:        1844596 kB
MemFree:         1499296 kB
MemAvailable:    1538856 kB
Buffers:           25480 kB
Cached:           145896 kB
MemTotal:        1844596 kB
MemFree:         1500024 kB
MemAvailable:    1539584 kB
Buffers:           25480 kB
Cached:           145896 kB
MemTotal:        1844596 kB
MemFree:         1500108 kB
MemAvailable:    1539668 kB
Buffers:           25480 kB
Cached:           145896 kB
MemTotal:        1844596 kB
MemFree:         1498780 kB
MemAvailable:    1538340 kB
Buffers:           25480 kB
Cached:           145896 kB
MemTotal:        1844596 kB
MemFree:         1498296 kB
MemAvailable:    1537856 kB
Buffers:           25480 kB
Cached:           145896 kB
MemTotal:        1844596 kB
MemFree:         1498420 kB
MemAvailable:    1537980 kB
Buffers:           25480 kB
Cached:           145896 kB
MemTotal:        1844596 kB
MemFree:         1499116 kB
MemAvailable:    1538676 kB
Buffers:           25480 kB
Cached:           145896 kB
MemTotal:        1844596 kB
MemFree:         1499116 kB
MemAvailable:    1538676 kB
Buffers:           25480 kB
Cached:           145896 kB
MemTotal:        1844596 kB
MemFree:         1492164 kB
MemAvailable:    1531724 kB
Buffers:           25480 kB
Cached:           145896 kB
MemTotal:        1844596 kB
MemFree:         1490988 kB
MemAvailable:    1530548 kB
Buffers:           25480 kB
Cached:           145896 kB
MemTotal:        1844596 kB
MemFree:         1491736 kB
MemAvailable:    1531380 kB
Buffers:           25480 kB
Cached:           146020 kB
MemTotal:        1844596 kB
MemFree:         1491792 kB
MemAvailable:    1531520 kB
Buffers:           25480 kB
Cached:           146144 kB
MemTotal:        1844596 kB
MemFree:         1491792 kB
MemAvailable:    1531640 kB
Buffers:           25480 kB
Cached:           146304 kB
MemTotal:        1844596 kB
MemFree:         1491352 kB
MemAvailable:    1531368 kB
Buffers:           25480 kB
Cached:           146428 kB
MemTotal:        1844596 kB
MemFree:         1491352 kB
MemAvailable:    1531368 kB
Buffers:           25480 kB
Cached:           146428 kB
MemTotal:        1844596 kB
MemFree:         1489924 kB
MemAvailable:    1530108 kB
Buffers:           25480 kB
Cached:           146552 kB
MemTotal:        1844596 kB
MemFree:         1489976 kB
MemAvailable:    1530160 kB
Buffers:           25480 kB
Cached:           146552 kB
MemTotal:        1844596 kB
MemFree:         1491200 kB
MemAvailable:    1531384 kB
Buffers:           25480 kB
Cached:           146552 kB
MemTotal:        1844596 kB
MemFree:         1491160 kB
MemAvailable:    1531344 kB
Buffers:           25480 kB
Cached:           146552 kB
MemTotal:        1844596 kB
MemFree:         1491096 kB
MemAvailable:    1531280 kB
Buffers:           25480 kB
Cached:           146552 kB
MemTotal:        1844596 kB
MemFree:         1491236 kB
MemAvailable:    1531420 kB
Buffers:           25480 kB
Cached:           146552 kB
MemTotal:        1844596 kB
MemFree:         1491096 kB
MemAvailable:    1531280 kB
Buffers:           25480 kB
Cached:           146552 kB
MemTotal:        1844596 kB
MemFree:         1491096 kB
MemAvailable:    1531280 kB
Buffers:           25480 kB
Cached:           146552 kB
MemTotal:        1844596 kB
MemFree:         1491828 kB
MemAvailable:    1531424 kB
Buffers:           25480 kB
Cached:           145920 kB
MemTotal:        1844596 kB
MemFree:         1559256 kB
MemAvailable:    1598852 kB
Buffers:           25480 kB
Cached:           145920 kB
MemTotal:        1844596 kB
MemFree:         1560000 kB
MemAvailable:    1599596 kB
Buffers:           25480 kB
Cached:           145920 kB
