MemTotal:        1844596 kB
MemFree:         1262252 kB
MemAvailable:    1545616 kB
Buffers:           55480 kB
Cached:           349020 kB
MemTotal:        1844596 kB
MemFree:         1261384 kB
MemAvailable:    1544748 kB
Buffers:           55480 kB
Cached:           349020 kB
MemTotal:        1844596 kB
MemFree:         1261872 kB
MemAvailable:    1545236 kB
Buffers:           55480 kB
Cached:           349020 kB
MemTotal:        1844596 kB
MemFree:         1259276 kB
MemAvailable:    1542640 kB
Buffers:           55480 kB
Cached:           349020 kB
MemTotal:        1844596 kB
MemFree:         1258028 kB
MemAvailable:    1541392 kB
Buffers:           55480 kB
Cached:           349020 kB
MemTotal:        1844596 kB
MemFree:         1258036 kB
MemAvailable:    1541404 kB
Buffers:           55480 kB
Cached:           349024 kB
MemTotal:        1844596 kB
MemFree:         1258344 kB
MemAvailable:    1541712 kB
Buffers:           55480 kB
Cached:           349024 kB
MemTotal:        1844596 kB
MemFree:         1255928 kB
MemAvailable:    1539296 kB
Buffers:           55480 kB
Cached:           349024 kB
MemTotal:        1844596 kB
MemFree:         1253944 kB
MemAvailable:    1537312 kB
Buffers:           55480 kB
Cached:           349024 kB
MemTotal:        1844596 kB
MemFree:         1249836 kB
MemAvailable:    1533204 kB
Buffers:           55480 kB
Cached:           349024 kB
MemTotal:        1844596 kB
MemFree:         1249716 kB
MemAvailable:    1533084 kB
Buffers:           55480 kB
Cached:           349024 kB
MemTotal:        1844596 kB
MemFree:         1249012 kB
MemAvailable:    1532380 kB
Buffers:           55480 kB
Cached:           349024 kB
MemTotal:        1844596 kB
MemFree:         1249264 kB
MemAvailable:    1532632 kB
Buffers:           55480 kB
Cached:           349024 kB
MemTotal:        1844596 kB
MemFree:         1248116 kB
MemAvailable:    1531484 kB
Buffers:           55480 kB
Cached:           349024 kB
MemTotal:        1844596 kB
MemFree:         1248116 kB
MemAvailable:    1531484 kB
Buffers:           55480 kB
Cached:           349024 kB
MemTotal:        1844596 kB
MemFree:         1249108 kB
MemAvailable:    1532476 kB
Buffers:           55480 kB
Cached:           349024 kB
MemTotal:        1844596 kB
MemFree:         1248704 kB
MemAvailable:    1532072 kB
Buffers:           55480 kB
Cached:           349024 kB
MemTotal:        1844596 kB
MemFree:         1247736 kB
MemAvailable:    1531104 kB
Buffers:           55480 kB
Cached:           349024 kB
MemTotal:        1844596 kB
MemFree:         1246876 kB
MemAvailable:    1530244 kB
Buffers:           55480 kB
Cached:           349024 kB
MemTotal:        1844596 kB
MemFree:         1246132 kB
MemAvailable:    1529500 kB
Buffers:           55480 kB
Cached:           349024 kB
MemTotal:        1844596 kB
MemFree:         1245760 kB
MemAvailable:    1529128 kB
Buffers:           55480 kB
Cached:           349024 kB
MemTotal:        1844596 kB
MemFree:         1246860 kB
MemAvailable:    1530228 kB
Buffers:           55480 kB
Cached:           349024 kB
MemTotal:        1844596 kB
MemFree:         1246876 kB
MemAvailable:    1530244 kB
Buffers:           55480 kB
Cached:           349024 kB
MemTotal:        1844596 kB
MemFree:         1246752 kB
MemAvailable:    1530120 kB
Buffers:           55480 kB
Cached:           349024 kB
MemTotal:        1844596 kB
MemFree:         1245760 kB
MemAvailable:    1529128 kB
Buffers:           55480 kB
Cached:           349024 kB
MemTotal:        1844596 kB
MemFree:         1246600 kB
MemAvailable:    1529968 kB
Buffers:           55480 kB
Cached:           349024 kB
MemTotal:        1844596 kB
MemFree:         1246676 kB
MemAvailable:    1530044 kB
Buffers:           55480 kB
Cached:           349024 kB
MemTotal:        1844596 kB
MemFree:         1246676 kB
MemAvailable:    1530044 kB
Buffers:           55480 kB
Cached:           349024 kB
MemTotal:        1844596 kB
MemFree:         1246616 kB
MemAvailable:    1529984 kB
Buffers:           55480 kB
Cached:           349024 kB
MemTotal:        1844596 kB
MemFree:         1247960 kB
MemAvailable:    1531328 kB
Buffers:           55480 kB
Cached:           349024 kB
MemTotal:        1844596 kB
MemFree:         1247116 kB
MemAvailable:    1530484 kB
Buffers:           55480 kB
Cached:           349024 kB
MemTotal:        1844596 kB
MemFree:         1247432 kB
MemAvailable:    1530800 kB
Buffers:           55480 kB
Cached:           349024 kB
MemTotal:        1844596 kB
MemFree:         1245264 kB
MemAvailable:    1528632 kB
Buffers:           55480 kB
Cached:           349024 kB
MemTotal:        1844596 kB
MemFree:         1243776 kB
MemAvailable:    1527144 kB
Buffers:           55480 kB
Cached:           349024 kB
MemTotal:        1844596 kB
MemFree:         1244456 kB
MemAvailable:    1527824 kB
Buffers:           55480 kB
Cached:           349024 kB
MemTotal:        1844596 kB
MemFree:         1243652 kB
MemAvailable:    1527024 kB
Buffers:           55480 kB
Cached:           349028 kB
MemTotal:        1844596 kB
MemFree:         1243712 kB
MemAvailable:    1527084 kB
Buffers:           55480 kB
Cached:           349028 kB
MemTotal:        1844596 kB
MemFree:         1242404 kB
MemAvailable:    1525776 kB
Buffers:           55480 kB
Cached:           349028 kB
MemTotal:        1844596 kB
MemFree:         1242644 kB
MemAvailable:    1526016 kB
Buffers:           55480 kB
Cached:           349028 kB
MemTotal:        1844596 kB
MemFree:         1242896 kB
MemAvailable:    1526268 kB
Buffers:           55480 kB
Cached:           349028 kB
MemTotal:        1844596 kB
MemFree:         1242652 kB
MemAvailable:    1526024 kB
Buffers:           55480 kB
Cached:           349028 kB
MemTotal:        1844596 kB
MemFree:         1241536 kB
MemAvailable:    1524908 kB
Buffers:           55480 kB
Cached:           349028 kB
MemTotal:        1844596 kB
MemFree:         1242452 kB
MemAvailable:    1525824 kB
Buffers:           55480 kB
Cached:           349028 kB
MemTotal:        1844596 kB
MemFree:         1242404 kB
MemAvailable:    1525776 kB
Buffers:           55480 kB
Cached:           349028 kB
MemTotal:        1844596 kB
MemFree:         1241140 kB
MemAvailable:    1524512 kB
Buffers:           55480 kB
Cached:           349028 kB
MemTotal:        1844596 kB
MemFree:         1241000 kB
MemAvailable:    1524372 kB
Buffers:           55480 kB
Cached:           349028 kB
MemTotal:        1844596 kB
MemFree:         1241132 kB
MemAvailable:    1524504 kB
Buffers:           55480 kB
Cached:           349028 kB
MemTotal:        1844596 kB
MemFree:         1242032 kB
MemAvailable:    1525404 kB
Buffers:           55480 kB
Cached:           349028 kB
MemTotal:        1844596 kB
MemFree:         1242288 kB
MemAvailable:    1525660 kB
Buffers:           55480 kB
Cached:           349028 kB
MemTotal:        1844596 kB
MemFree:         1241464 kB
MemAvailable:    1524836 kB
Buffers:           55480 kB
Cached:           349028 kB
MemTotal:        1844596 kB
MemFree:         1241516 kB
MemAvailable:    1524888 kB
Buffers:           55480 kB
Cached:           349028 kB
MemTotal:        1844596 kB
MemFree:         1240284 kB
MemAvailable:    1523656 kB
Buffers:           55480 kB
Cached:           349028 kB
MemTotal:        1844596 kB
MemFree:         1241460 kB
MemAvailable:    1524832 kB
Buffers:           55480 kB
Cached:           349028 kB
MemTotal:        1844596 kB
MemFree:         1240284 kB
MemAvailable:    1523656 kB
Buffers:           55480 kB
Cached:           349028 kB
MemTotal:        1844596 kB
MemFree:         1241264 kB
MemAvailable:    1524636 kB
Buffers:           55480 kB
Cached:           349028 kB
MemTotal:        1844596 kB
MemFree:         1241348 kB
MemAvailable:    1524720 kB
Buffers:           55480 kB
Cached:           349028 kB
MemTotal:        1844596 kB
MemFree:         1241420 kB
MemAvailable:    1524792 kB
Buffers:           55480 kB
Cached:           349028 kB
MemTotal:        1844596 kB
MemFree:         1241388 kB
MemAvailable:    1524760 kB
Buffers:           55480 kB
Cached:           349028 kB
MemTotal:        1844596 kB
MemFree:         1241396 kB
MemAvailable:    1524768 kB
Buffers:           55480 kB
Cached:           349028 kB
MemTotal:        1844596 kB
MemFree:         1240100 kB
MemAvailable:    1523472 kB
Buffers:           55480 kB
Cached:           349028 kB
MemTotal:        1844596 kB
MemFree:         1240232 kB
MemAvailable:    1523604 kB
Buffers:           55480 kB
Cached:           349028 kB
MemTotal:        1844596 kB
MemFree:         1240356 kB
MemAvailable:    1523728 kB
Buffers:           55480 kB
Cached:           349028 kB
MemTotal:        1844596 kB
MemFree:         1241172 kB
MemAvailable:    1524544 kB
Buffers:           55480 kB
Cached:           349028 kB
MemTotal:        1844596 kB
MemFree:         1239932 kB
MemAvailable:    1523304 kB
Buffers:           55480 kB
Cached:           349028 kB
MemTotal:        1844596 kB
MemFree:         1240472 kB
MemAvailable:    1523844 kB
Buffers:           55480 kB
Cached:           349028 kB
MemTotal:        1844596 kB
MemFree:         1240808 kB
MemAvailable:    1524180 kB
Buffers:           55480 kB
Cached:           349028 kB
MemTotal:        1844596 kB
MemFree:         1240548 kB
MemAvailable:    1523920 kB
Buffers:           55480 kB
Cached:           349028 kB
MemTotal:        1844596 kB
MemFree:         1239552 kB
MemAvailable:    1522924 kB
Buffers:           55480 kB
Cached:           349028 kB
MemTotal:        1844596 kB
MemFree:         1240552 kB
MemAvailable:    1523924 kB
Buffers:           55480 kB
Cached:           349028 kB
MemTotal:        1844596 kB
MemFree:         1240388 kB
MemAvailable:    1523760 kB
Buffers:           55480 kB
Cached:           349028 kB
MemTotal:        1844596 kB
MemFree:         1240388 kB
MemAvailable:    1523760 kB
Buffers:           55480 kB
Cached:           349028 kB
MemTotal:        1844596 kB
MemFree:         1240224 kB
MemAvailable:    1523596 kB
Buffers:           55480 kB
Cached:           349028 kB
MemTotal:        1844596 kB
MemFree:         1240560 kB
MemAvailable:    1523932 kB
Buffers:           55480 kB
Cached:           349028 kB
MemTotal:        1844596 kB
MemFree:         1240556 kB
MemAvailable:    1523928 kB
Buffers:           55480 kB
Cached:           349028 kB
MemTotal:        1844596 kB
MemFree:         1239676 kB
MemAvailable:    1523048 kB
Buffers:           55480 kB
Cached:           349028 kB
MemTotal:        1844596 kB
MemFree:         1240424 kB
MemAvailable:    1523796 kB
Buffers:           55480 kB
Cached:           349028 kB
MemTotal:        1844596 kB
MemFree:         1240336 kB
MemAvailable:    1523708 kB
Buffers:           55480 kB
Cached:           349028 kB
MemTotal:        1844596 kB
MemFree:         1239372 kB
MemAvailable:    1522744 kB
Buffers:           55480 kB
Cached:           349028 kB
MemTotal:        1844596 kB
MemFree:         1237452 kB
MemAvailable:    1520700 kB
Buffers:           55480 kB
Cached:           349028 kB
MemTotal:        1844596 kB
MemFree:         1236148 kB
MemAvailable:    1519520 kB
Buffers:           55480 kB
Cached:           349028 kB
MemTotal:        1844596 kB
MemFree:         1235056 kB
MemAvailable:    1518428 kB
Buffers:           55480 kB
Cached:           349028 kB
MemTotal:        1844596 kB
MemFree:         1232244 kB
MemAvailable:    1515616 kB
Buffers:           55480 kB
Cached:           349028 kB
MemTotal:        1844596 kB
MemFree:         1232120 kB
MemAvailable:    1515496 kB
Buffers:           55480 kB
Cached:           349032 kB
MemTotal:        1844596 kB
MemFree:         1232668 kB
MemAvailable:    1516044 kB
Buffers:           55480 kB
Cached:           349032 kB
MemTotal:        1844596 kB
MemFree:         1232420 kB
MemAvailable:    1515796 kB
Buffers:           55480 kB
Cached:           349032 kB
MemTotal:        1844596 kB
MemFree:         1232420 kB
MemAvailable:    1515796 kB
Buffers:           55480 kB
Cached:           349032 kB
MemTotal:        1844596 kB
MemFree:         1232456 kB
MemAvailable:    1515832 kB
Buffers:           55480 kB
Cached:           349032 kB
MemTotal:        1844596 kB
MemFree:         1231728 kB
MemAvailable:    1515104 kB
Buffers:           55480 kB
Cached:           349032 kB
MemTotal:        1844596 kB
MemFree:         1232604 kB
MemAvailable:    1515980 kB
Buffers:           55480 kB
Cached:           349032 kB
MemTotal:        1844596 kB
MemFree:         1232580 kB
MemAvailable:    1515956 kB
Buffers:           55480 kB
Cached:           349032 kB
MemTotal:        1844596 kB
MemFree:         1232492 kB
MemAvailable:    1515868 kB
Buffers:           55480 kB
Cached:           349032 kB
MemTotal:        1844596 kB
MemFree:         1230948 kB
MemAvailable:    1514324 kB
Buffers:           55480 kB
Cached:           349032 kB
MemTotal:        1844596 kB
MemFree:         1232864 kB
MemAvailable:    1516240 kB
Buffers:           55480 kB
Cached:           349032 kB
MemTotal:        1844596 kB
MemFree:         1232660 kB
MemAvailable:    1516036 kB
Buffers:           55480 kB
Cached:           349032 kB
MemTotal:        1844596 kB
MemFree:         1232552 kB
MemAvailable:    1515928 kB
Buffers:           55480 kB
Cached:           349032 kB
MemTotal:        1844596 kB
MemFree:         1232644 kB
MemAvailable:    1516020 kB
Buffers:           55480 kB
Cached:           349032 kB
MemTotal:        1844596 kB
MemFree:         1232276 kB
MemAvailable:    1515652 kB
Buffers:           55480 kB
Cached:           349032 kB
MemTotal:        1844596 kB
MemFree:         1232444 kB
MemAvailable:    1515820 kB
Buffers:           55480 kB
Cached:           349032 kB
MemTotal:        1844596 kB
MemFree:         1232596 kB
MemAvailable:    1515972 kB
Buffers:           55480 kB
Cached:           349032 kB
MemTotal:        1844596 kB
MemFree:         1231748 kB
MemAvailable:    1515000 kB
Buffers:           55480 kB
Cached:           349032 kB
MemTotal:        1844596 kB
MemFree:         1232056 kB
MemAvailable:    1515432 kB
Buffers:           55480 kB
Cached:           349032 kB
MemTotal:        1844596 kB
MemFree:         1231864 kB
MemAvailable:    1515240 kB
Buffers:           55480 kB
Cached:           349032 kB
MemTotal:        1844596 kB
MemFree:         1230756 kB
MemAvailable:    1514132 kB
Buffers:           55480 kB
Cached:           349032 kB
MemTotal:        1844596 kB
MemFree:         1231504 kB
MemAvailable:    1514880 kB
Buffers:           55480 kB
Cached:           349032 kB
MemTotal:        1844596 kB
MemFree:         1231312 kB
MemAvailable:    1514688 kB
Buffers:           55480 kB
Cached:           349032 kB
MemTotal:        1844596 kB
MemFree:         1229368 kB
MemAvailable:    1512744 kB
Buffers:           55480 kB
Cached:           349032 kB
MemTotal:        1844596 kB
MemFree:         1230796 kB
MemAvailable:    1514172 kB
Buffers:           55480 kB
Cached:           349032 kB
MemTotal:        1844596 kB
MemFree:         1229880 kB
MemAvailable:    1513256 kB
Buffers:           55480 kB
Cached:           349032 kB
MemTotal:        1844596 kB
MemFree:         1229740 kB
MemAvailable:    1513116 kB
Buffers:           55480 kB
Cached:           349032 kB
MemTotal:        1844596 kB
MemFree:         1228648 kB
MemAvailable:    1512024 kB
Buffers:           55480 kB
Cached:           349032 kB
MemTotal:        1844596 kB
MemFree:         1229888 kB
MemAvailable:    1513264 kB
Buffers:           55480 kB
Cached:           349032 kB
MemTotal:        1844596 kB
MemFree:         1228516 kB
MemAvailable:    1511892 kB
Buffers:           55480 kB
Cached:           349032 kB
MemTotal:        1844596 kB
MemFree:         1228276 kB
MemAvailable:    1511652 kB
Buffers:           55480 kB
Cached:           349032 kB
MemTotal:        1844596 kB
MemFree:         1229328 kB
MemAvailable:    1512704 kB
Buffers:           55480 kB
Cached:           349032 kB
MemTotal:        1844596 kB
MemFree:         1229080 kB
MemAvailable:    1512456 kB
Buffers:           55480 kB
Cached:           349032 kB
MemTotal:        1844596 kB
MemFree:         1228896 kB
MemAvailable:    1512272 kB
Buffers:           55480 kB
Cached:           349032 kB
MemTotal:        1844596 kB
MemFree:         1228700 kB
MemAvailable:    1512076 kB
Buffers:           55480 kB
Cached:           349032 kB
MemTotal:        1844596 kB
MemFree:         1228152 kB
MemAvailable:    1511528 kB
Buffers:           55480 kB
Cached:           349032 kB
MemTotal:        1844596 kB
MemFree:         1228496 kB
MemAvailable:    1511872 kB
Buffers:           55480 kB
Cached:           349032 kB
MemTotal:        1844596 kB
MemFree:         1228748 kB
MemAvailable:    1512124 kB
Buffers:           55480 kB
Cached:           349032 kB
MemTotal:        1844596 kB
MemFree:         1228648 kB
MemAvailable:    1512024 kB
Buffers:           55480 kB
Cached:           349032 kB
MemTotal:        1844596 kB
MemFree:         1228384 kB
MemAvailable:    1511760 kB
Buffers:           55480 kB
Cached:           349032 kB
MemTotal:        1844596 kB
MemFree:         1228608 kB
MemAvailable:    1511992 kB
Buffers:           55480 kB
Cached:           349036 kB
MemTotal:        1844596 kB
MemFree:         1227276 kB
MemAvailable:    1510660 kB
Buffers:           55480 kB
Cached:           349036 kB
MemTotal:        1844596 kB
MemFree:         1228516 kB
MemAvailable:    1511900 kB
Buffers:           55480 kB
Cached:           349036 kB
MemTotal:        1844596 kB
MemFree:         1228128 kB
MemAvailable:    1511516 kB
Buffers:           55480 kB
Cached:           349040 kB
MemTotal:        1844596 kB
MemFree:         1228128 kB
MemAvailable:    1511516 kB
Buffers:           55480 kB
Cached:           349040 kB
MemTotal:        1844596 kB
MemFree:         1222076 kB
MemAvailable:    1505464 kB
Buffers:           55480 kB
Cached:           349040 kB
MemTotal:        1844596 kB
MemFree:         1218968 kB
MemAvailable:    1502356 kB
Buffers:           55480 kB
Cached:           349040 kB
MemTotal:        1844596 kB
MemFree:         1218912 kB
MemAvailable:    1502300 kB
Buffers:           55480 kB
Cached:           349040 kB
MemTotal:        1844596 kB
MemFree:         1218728 kB
MemAvailable:    1502284 kB
Buffers:           55480 kB
Cached:           349288 kB
MemTotal:        1844596 kB
MemFree:         1217480 kB
MemAvailable:    1501120 kB
Buffers:           55480 kB
Cached:           349412 kB
MemTotal:        1844596 kB
MemFree:         1217364 kB
MemAvailable:    1501088 kB
Buffers:           55480 kB
Cached:           349412 kB
MemTotal:        1844596 kB
MemFree:         1218544 kB
MemAvailable:    1502436 kB
Buffers:           55480 kB
Cached:           349536 kB
MemTotal:        1844596 kB
MemFree:         1218284 kB
MemAvailable:    1502260 kB
Buffers:           55480 kB
Cached:           349660 kB
MemTotal:        1844596 kB
MemFree:         1218168 kB
MemAvailable:    1502144 kB
Buffers:           55480 kB
Cached:           349660 kB
MemTotal:        1844596 kB
MemFree:         1218112 kB
MemAvailable:    1502088 kB
Buffers:           55480 kB
Cached:           349660 kB
MemTotal:        1844596 kB
MemFree:         1217060 kB
MemAvailable:    1501036 kB
Buffers:           55480 kB
Cached:           349660 kB
MemTotal:        1844596 kB
MemFree:         1218176 kB
MemAvailable:    1502236 kB
Buffers:           55480 kB
Cached:           349660 kB
MemTotal:        1844596 kB
MemFree:         1216680 kB
MemAvailable:    1500740 kB
Buffers:           55480 kB
Cached:           349660 kB
MemTotal:        1844596 kB
MemFree:         1218036 kB
MemAvailable:    1502096 kB
Buffers:           55480 kB
Cached:           349660 kB
MemTotal:        1844596 kB
MemFree:         1218044 kB
MemAvailable:    1502104 kB
Buffers:           55480 kB
Cached:           349660 kB
MemTotal:        1844596 kB
MemFree:         1216672 kB
MemAvailable:    1500732 kB
Buffers:           55480 kB
Cached:           349660 kB
MemTotal:        1844596 kB
MemFree:         1217972 kB
MemAvailable:    1502032 kB
Buffers:           55480 kB
Cached:           349784 kB
MemTotal:        1844596 kB
MemFree:         1218328 kB
MemAvailable:    1501800 kB
Buffers:           55480 kB
Cached:           349112 kB
MemTotal:        1844596 kB
MemFree:         1287916 kB
MemAvailable:    1571388 kB
Buffers:           55480 kB
Cached:           349112 kB
