MemTotal:        1844596 kB
MemFree:         1311056 kB
MemAvailable:    1554892 kB
Buffers:           50788 kB
Cached:           317648 kB
MemTotal:        1844596 kB
MemFree:         1307436 kB
MemAvailable:    1551280 kB
Buffers:           50788 kB
Cached:           317652 kB
MemTotal:        1844596 kB
MemFree:         1307140 kB
MemAvailable:    1550984 kB
Buffers:           50788 kB
Cached:           317652 kB
MemTotal:        1844596 kB
MemFree:         1305780 kB
MemAvailable:    1549624 kB
Buffers:           50788 kB
Cached:           317652 kB
MemTotal:        1844596 kB
MemFree:         1304724 kB
MemAvailable:    1548568 kB
Buffers:           50788 kB
Cached:           317652 kB
MemTotal:        1844596 kB
MemFree:         1304460 kB
MemAvailable:    1548304 kB
Buffers:           50788 kB
Cached:           317652 kB
MemTotal:        1844596 kB
MemFree:         1304784 kB
MemAvailable:    1548628 kB
Buffers:           50788 kB
Cached:           317652 kB
MemTotal:        1844596 kB
MemFree:         1303236 kB
MemAvailable:    1547080 kB
Buffers:           50788 kB
Cached:           317652 kB
MemTotal:        1844596 kB
MemFree:         1299616 kB
MemAvailable:    1543460 kB
Buffers:           50788 kB
Cached:           317652 kB
MemTotal:        1844596 kB
MemFree:         1299828 kB
MemAvailable:    1543672 kB
Buffers:           50788 kB
Cached:           317652 kB
MemTotal:        1844596 kB
MemFree:         1293928 kB
MemAvailable:    1537772 kB
Buffers:           50788 kB
Cached:           317652 kB
MemTotal:        1844596 kB
MemFree:         1295972 kB
MemAvailable:    1539816 kB
Buffers:           50788 kB
Cached:           317652 kB
MemTotal:        1844596 kB
MemFree:         1295052 kB
MemAvailable:    1538896 kB
Buffers:           50788 kB
Cached:           317652 kB
MemTotal:        1844596 kB
MemFree:         1295720 kB
MemAvailable:    1539564 kB
Buffers:           50788 kB
Cached:           317652 kB
MemTotal:        1844596 kB
MemFree:         1295972 kB
MemAvailable:    1539816 kB
Buffers:           50788 kB
Cached:           317652 kB
MemTotal:        1844596 kB
MemFree:         1295036 kB
MemAvailable:    1538880 kB
Buffers:           50788 kB
Cached:           317652 kB
MemTotal:        1844596 kB
MemFree:         1294416 kB
MemAvailable:    1538260 kB
Buffers:           50788 kB
Cached:           317652 kB
MemTotal:        1844596 kB
MemFree:         1295540 kB
MemAvailable:    1539384 kB
Buffers:           50788 kB
Cached:           317652 kB
MemTotal:        1844596 kB
MemFree:         1293548 kB
MemAvailable:    1537392 kB
Buffers:           50788 kB
Cached:           317652 kB
MemTotal:        1844596 kB
MemFree:         1293548 kB
MemAvailable:    1537392 kB
Buffers:           50788 kB
Cached:           317652 kB
MemTotal:        1844596 kB
MemFree:         1293384 kB
MemAvailable:    1537228 kB
Buffers:           50788 kB
Cached:           317652 kB
MemTotal:        1844596 kB
MemFree:         1292264 kB
MemAvailable:    1536108 kB
Buffers:           50788 kB
Cached:           317652 kB
MemTotal:        1844596 kB
MemFree:         1292008 kB
MemAvailable:    1535852 kB
Buffers:           50788 kB
Cached:           317652 kB
MemTotal:        1844596 kB
MemFree:         1293268 kB
MemAvailable:    1537112 kB
Buffers:           50788 kB
Cached:           317652 kB
MemTotal:        1844596 kB
MemFree:         1293476 kB
MemAvailable:    1537320 kB
Buffers:           50788 kB
Cached:           317652 kB
MemTotal:        1844596 kB
MemFree:         1293344 kB
MemAvailable:    1537188 kB
Buffers:           50788 kB
Cached:           317652 kB
MemTotal:        1844596 kB
MemFree:         1293344 kB
MemAvailable:    1537188 kB
Buffers:           50788 kB
Cached:           317652 kB
MemTotal:        1844596 kB
MemFree:         1293320 kB
MemAvailable:    1537164 kB
Buffers:           50788 kB
Cached:           317652 kB
MemTotal:        1844596 kB
MemFree:         1293376 kB
MemAvailable:    1537220 kB
Buffers:           50788 kB
Cached:           317652 kB
MemTotal:        1844596 kB
MemFree:         1294680 kB
MemAvailable:    1538524 kB
Buffers:           50788 kB
Cached:           317652 kB
MemTotal:        1844596 kB
MemFree:         1294160 kB
MemAvailable:    1538004 kB
Buffers:           50788 kB
Cached:           317652 kB
MemTotal:        1844596 kB
MemFree:         1294028 kB
MemAvailable:    1537872 kB
Buffers:           50788 kB
Cached:           317652 kB
MemTotal:        1844596 kB
MemFree:         1291144 kB
MemAvailable:    1534988 kB
Buffers:           50788 kB
Cached:           317652 kB
MemTotal:        1844596 kB
MemFree:         1291144 kB
MemAvailable:    1534988 kB
Buffers:           50788 kB
Cached:           317652 kB
MemTotal:        1844596 kB
MemFree:         1290324 kB
MemAvailable:    1534168 kB
Buffers:           50788 kB
Cached:           317652 kB
MemTotal:        1844596 kB
MemFree:         1290216 kB
MemAvailable:    1534060 kB
Buffers:           50788 kB
Cached:           317652 kB
MemTotal:        1844596 kB
MemFree:         1290136 kB
MemAvailable:    1533980 kB
Buffers:           50788 kB
Cached:           317652 kB
MemTotal:        1844596 kB
MemFree:         1289532 kB
MemAvailable:    1533376 kB
Buffers:           50788 kB
Cached:           317652 kB
MemTotal:        1844596 kB
MemFree:         1288100 kB
MemAvailable:    1531944 kB
Buffers:           50788 kB
Cached:           317652 kB
MemTotal:        1844596 kB
MemFree:         1288472 kB
MemAvailable:    1532316 kB
Buffers:           50788 kB
Cached:           317652 kB
MemTotal:        1844596 kB
MemFree:         1287956 kB
MemAvailable:    1531800 kB
Buffers:           50788 kB
Cached:           317652 kB
MemTotal:        1844596 kB
MemFree:         1289264 kB
MemAvailable:    1533108 kB
Buffers:           50788 kB
Cached:           317652 kB
MemTotal:        1844596 kB
MemFree:         1287956 kB
MemAvailable:    1531800 kB
Buffers:           50788 kB
Cached:           317652 kB
MemTotal:        1844596 kB
MemFree:         1288472 kB
MemAvailable:    1532316 kB
Buffers:           50788 kB
Cached:           317652 kB
MemTotal:        1844596 kB
MemFree:         1289700 kB
MemAvailable:    1533544 kB
Buffers:           50788 kB
Cached:           317652 kB
MemTotal:        1844596 kB
MemFree:         1287984 kB
MemAvailable:    1531828 kB
Buffers:           50788 kB
Cached:           317652 kB
MemTotal:        1844596 kB
MemFree:         1287736 kB
MemAvailable:    1531580 kB
Buffers:           50788 kB
Cached:           317652 kB
MemTotal:        1844596 kB
MemFree:         1287480 kB
MemAvailable:    1531324 kB
Buffers:           50788 kB
Cached:           317652 kB
MemTotal:        1844596 kB
MemFree:         1286852 kB
MemAvailable:    1530696 kB
Buffers:           50788 kB
Cached:           317652 kB
MemTotal:        1844596 kB
MemFree:         1288236 kB
MemAvailable:    1532080 kB
Buffers:           50788 kB
Cached:           317652 kB
MemTotal:        1844596 kB
MemFree:         1287488 kB
MemAvailable:    1531332 kB
Buffers:           50788 kB
Cached:           317652 kB
MemTotal:        1844596 kB
MemFree:         1288196 kB
MemAvailable:    1532040 kB
Buffers:           50788 kB
Cached:           317652 kB
MemTotal:        1844596 kB
MemFree:         1288196 kB
MemAvailable:    1532040 kB
Buffers:           50788 kB
Cached:           317652 kB
MemTotal:        1844596 kB
MemFree:         1288020 kB
MemAvailable:    1531864 kB
Buffers:           50788 kB
Cached:           317652 kB
MemTotal:        1844596 kB
MemFree:         1288272 kB
MemAvailable:    1532116 kB
Buffers:           50788 kB
Cached:           317652 kB
MemTotal:        1844596 kB
MemFree:         1288272 kB
MemAvailable:    1532116 kB
Buffers:           50788 kB
Cached:           317652 kB
MemTotal:        1844596 kB
MemFree:         1287364 kB
MemAvailable:    1531208 kB
Buffers:           50788 kB
Cached:           317652 kB
MemTotal:        1844596 kB
MemFree:         1288280 kB
MemAvailable:    1532124 kB
Buffers:           50788 kB
Cached:           317652 kB
MemTotal:        1844596 kB
MemFree:         1288244 kB
MemAvailable:    1532088 kB
Buffers:           50788 kB
Cached:           317652 kB
MemTotal:        1844596 kB
MemFree:         1287920 kB
MemAvailable:    1531764 kB
Buffers:           50788 kB
Cached:           317652 kB
MemTotal:        1844596 kB
MemFree:         1287920 kB
MemAvailable:    1531764 kB
Buffers:           50788 kB
Cached:           317652 kB
MemTotal:        1844596 kB
MemFree:         1287944 kB
MemAvailable:    1531788 kB
Buffers:           50788 kB
Cached:           317652 kB
MemTotal:        1844596 kB
MemFree:         1286984 kB
MemAvailable:    1530828 kB
Buffers:           50788 kB
Cached:           317652 kB
MemTotal:        1844596 kB
MemFree:         1287472 kB
MemAvailable:    1531320 kB
Buffers:           50788 kB
Cached:           317656 kB
MemTotal:        1844596 kB
MemFree:         1287472 kB
MemAvailable:    1531320 kB
Buffers:           50788 kB
Cached:           317656 kB
MemTotal:        1844596 kB
MemFree:         1286068 kB
MemAvailable:    1529916 kB
Buffers:           50788 kB
Cached:           317656 kB
MemTotal:        1844596 kB
MemFree:         1286736 kB
MemAvailable:    1530584 kB
Buffers:           50788 kB
Cached:           317656 kB
MemTotal:        1844596 kB
MemFree:         1287280 kB
MemAvailable:    1531128 kB
Buffers:           50788 kB
Cached:           317656 kB
MemTotal:        1844596 kB
MemFree:         1287532 kB
MemAvailable:    1531380 kB
Buffers:           50788 kB
Cached:           317656 kB
MemTotal:        1844596 kB
MemFree:         1287236 kB
MemAvailable:    1531084 kB
Buffers:           50788 kB
Cached:           317656 kB
MemTotal:        1844596 kB
MemFree:         1286180 kB
MemAvailable:    1530028 kB
Buffers:           50788 kB
Cached:           317656 kB
MemTotal:        1844596 kB
MemFree:         1285924 kB
MemAvailable:    1529772 kB
Buffers:           50788 kB
Cached:           317656 kB
MemTotal:        1844596 kB
MemFree:         1287184 kB
MemAvailable:    1531032 kB
Buffers:           50788 kB
Cached:           317656 kB
MemTotal:        1844596 kB
MemFree:         1287356 kB
MemAvailable:    1531204 kB
Buffers:           50788 kB
Cached:           317656 kB
MemTotal:        1844596 kB
MemFree:         1287112 kB
MemAvailable:    1530960 kB
Buffers:           50788 kB
Cached:           317656 kB
MemTotal:        1844596 kB
MemFree:         1286736 kB
MemAvailable:    1530584 kB
Buffers:           50788 kB
Cached:           317656 kB
MemTotal:        1844596 kB
MemFree:         1284504 kB
MemAvailable:    1528352 kB
Buffers:           50788 kB
Cached:           317656 kB
MemTotal:        1844596 kB
MemFree:         1282140 kB
MemAvailable:    1525988 kB
Buffers:           50788 kB
Cached:           317656 kB
MemTotal:        1844596 kB
MemFree:         1279784 kB
MemAvailable:    1523636 kB
Buffers:           50788 kB
Cached:           317660 kB
MemTotal:        1844596 kB
MemFree:         1280036 kB
MemAvailable:    1523888 kB
Buffers:           50788 kB
Cached:           317660 kB
MemTotal:        1844596 kB
MemFree:         1279728 kB
MemAvailable:    1523580 kB
Buffers:           50788 kB
Cached:           317660 kB
MemTotal:        1844596 kB
MemFree:         1279164 kB
MemAvailable:    1523016 kB
Buffers:           50788 kB
Cached:           317660 kB
MemTotal:        1844596 kB
MemFree:         1279248 kB
MemAvailable:    1523100 kB
Buffers:           50788 kB
Cached:           317660 kB
MemTotal:        1844596 kB
MemFree:         1278180 kB
MemAvailable:    1522032 kB
Buffers:           50788 kB
Cached:           317660 kB
MemTotal:        1844596 kB
MemFree:         1278552 kB
MemAvailable:    1522404 kB
Buffers:           50788 kB
Cached:           317660 kB
MemTotal:        1844596 kB
MemFree:         1279220 kB
MemAvailable:    1523072 kB
Buffers:           50788 kB
Cached:           317660 kB
MemTotal:        1844596 kB
MemFree:         1279472 kB
MemAvailable:    1523324 kB
Buffers:           50788 kB
Cached:           317660 kB
MemTotal:        1844596 kB
MemFree:         1278168 kB
MemAvailable:    1522020 kB
Buffers:           50788 kB
Cached:           317660 kB
MemTotal:        1844596 kB
MemFree:         1277988 kB
MemAvailable:    1521840 kB
Buffers:           50788 kB
Cached:           317660 kB
MemTotal:        1844596 kB
MemFree:         1278112 kB
MemAvailable:    1521964 kB
Buffers:           50788 kB
Cached:           317660 kB
MemTotal:        1844596 kB
MemFree:         1279464 kB
MemAvailable:    1523316 kB
Buffers:           50788 kB
Cached:           317660 kB
MemTotal:        1844596 kB
MemFree:         1278756 kB
MemAvailable:    1522608 kB
Buffers:           50788 kB
Cached:           317660 kB
MemTotal:        1844596 kB
MemFree:         1279088 kB
MemAvailable:    1522940 kB
Buffers:           50788 kB
Cached:           317660 kB
MemTotal:        1844596 kB
MemFree:         1279424 kB
MemAvailable:    1523276 kB
Buffers:           50788 kB
Cached:           317660 kB
MemTotal:        1844596 kB
MemFree:         1277988 kB
MemAvailable:    1521840 kB
Buffers:           50788 kB
Cached:           317660 kB
MemTotal:        1844596 kB
MemFree:         1279164 kB
MemAvailable:    1523016 kB
Buffers:           50788 kB
Cached:           317660 kB
MemTotal:        1844596 kB
MemFree:         1278976 kB
MemAvailable:    1522828 kB
Buffers:           50788 kB
Cached:           317660 kB
MemTotal:        1844596 kB
MemFree:         1277816 kB
MemAvailable:    1521668 kB
Buffers:           50788 kB
Cached:           317660 kB
MemTotal:        1844596 kB
MemFree:         1278296 kB
MemAvailable:    1522148 kB
Buffers:           50788 kB
Cached:           317660 kB
MemTotal:        1844596 kB
MemFree:         1276544 kB
MemAvailable:    1520396 kB
Buffers:           50788 kB
Cached:           317660 kB
MemTotal:        1844596 kB
MemFree:         1277544 kB
MemAvailable:    1521396 kB
Buffers:           50788 kB
Cached:           317660 kB
MemTotal:        1844596 kB
MemFree:         1277880 kB
MemAvailable:    1521732 kB
Buffers:           50788 kB
Cached:           317660 kB
MemTotal:        1844596 kB
MemFree:         1276072 kB
MemAvailable:    1519924 kB
Buffers:           50788 kB
Cached:           317660 kB
MemTotal:        1844596 kB
MemFree:         1276512 kB
MemAvailable:    1520364 kB
Buffers:           50788 kB
Cached:           317660 kB
MemTotal:        1844596 kB
MemFree:         1276388 kB
MemAvailable:    1520240 kB
Buffers:           50788 kB
Cached:           317660 kB
MemTotal:        1844596 kB
MemFree:         1274592 kB
MemAvailable:    1518444 kB
Buffers:           50788 kB
Cached:           317660 kB
MemTotal:        1844596 kB
MemFree:         1275832 kB
MemAvailable:    1519684 kB
Buffers:           50788 kB
Cached:           317660 kB
MemTotal:        1844596 kB
MemFree:         1275520 kB
MemAvailable:    1519372 kB
Buffers:           50788 kB
Cached:           317660 kB
MemTotal:        1844596 kB
MemFree:         1275772 kB
MemAvailable:    1519624 kB
Buffers:           50788 kB
Cached:           317660 kB
MemTotal:        1844596 kB
MemFree:         1274468 kB
MemAvailable:    1518320 kB
Buffers:           50788 kB
Cached:           317660 kB
MemTotal:        1844596 kB
MemFree:         1274212 kB
MemAvailable:    1518064 kB
Buffers:           50788 kB
Cached:           317660 kB
MemTotal:        1844596 kB
MemFree:         1275576 kB
MemAvailable:    1519428 kB
Buffers:           50788 kB
Cached:           317660 kB
MemTotal:        1844596 kB
MemFree:         1275264 kB
MemAvailable:    1519116 kB
Buffers:           50788 kB
Cached:           317660 kB
MemTotal:        1844596 kB
MemFree:         1275516 kB
MemAvailable:    1519368 kB
Buffers:           50788 kB
Cached:           317660 kB
MemTotal:        1844596 kB
MemFree:         1275384 kB
MemAvailable:    1519236 kB
Buffers:           50788 kB
Cached:           317660 kB
MemTotal:        1844596 kB
MemFree:         1275636 kB
MemAvailable:    1519488 kB
Buffers:           50788 kB
Cached:           317660 kB
MemTotal:        1844596 kB
MemFree:         1274156 kB
MemAvailable:    1518008 kB
Buffers:           50788 kB
Cached:           317660 kB
MemTotal:        1844596 kB
MemFree:         1275328 kB
MemAvailable:    1519180 kB
Buffers:           50788 kB
Cached:           317660 kB
MemTotal:        1844596 kB
MemFree:         1274816 kB
MemAvailable:    1518668 kB
Buffers:           50788 kB
Cached:           317660 kB
MemTotal:        1844596 kB
MemFree:         1274212 kB
MemAvailable:    1518064 kB
Buffers:           50788 kB
Cached:           317660 kB
MemTotal:        1844596 kB
MemFree:         1268748 kB
MemAvailable:    1512600 kB
Buffers:           50788 kB
Cached:           317660 kB
MemTotal:        1844596 kB
MemFree:         1269084 kB
MemAvailable:    1512936 kB
Buffers:           50788 kB
Cached:           317660 kB
MemTotal:        1844596 kB
MemFree:         1267524 kB
MemAvailable:    1511460 kB
Buffers:           50788 kB
Cached:           317784 kB
MemTotal:        1844596 kB
MemFree:         1267268 kB
MemAvailable:    1511288 kB
Buffers:           50788 kB
Cached:           317908 kB
MemTotal:        1844596 kB
MemFree:         1268252 kB
MemAvailable:    1512440 kB
Buffers:           50788 kB
Cached:           318032 kB
MemTotal:        1844596 kB
MemFree:         1268252 kB
MemAvailable:    1512524 kB
Buffers:           50788 kB
Cached:           318032 kB
MemTotal:        1844596 kB
MemFree:         1267816 kB
MemAvailable:    1512256 kB
Buffers:           50788 kB
Cached:           318280 kB
MemTotal:        1844596 kB
MemFree:         1267900 kB
MemAvailable:    1512340 kB
Buffers:           50788 kB
Cached:           318280 kB
MemTotal:        1844596 kB
MemFree:         1267892 kB
MemAvailable:    1512332 kB
Buffers:           50788 kB
Cached:           318280 kB
MemTotal:        1844596 kB
MemFree:         1266704 kB
MemAvailable:    1511144 kB
Buffers:           50788 kB
Cached:           318280 kB
MemTotal:        1844596 kB
MemFree:         1267284 kB
MemAvailable:    1511724 kB
Buffers:           50788 kB
Cached:           318280 kB
MemTotal:        1844596 kB
MemFree:         1268120 kB
MemAvailable:    1512604 kB
Buffers:           50788 kB
Cached:           318292 kB
MemTotal:        1844596 kB
MemFree:         1268204 kB
MemAvailable:    1512688 kB
Buffers:           50788 kB
Cached:           318292 kB
MemTotal:        1844596 kB
MemFree:         1267892 kB
MemAvailable:    1512376 kB
Buffers:           50788 kB
Cached:           318292 kB
MemTotal:        1844596 kB
MemFree:         1268180 kB
MemAvailable:    1512664 kB
Buffers:           50788 kB
Cached:           318292 kB
MemTotal:        1844596 kB
MemFree:         1267924 kB
MemAvailable:    1512408 kB
Buffers:           50788 kB
Cached:           318292 kB
MemTotal:        1844596 kB
MemFree:         1267792 kB
MemAvailable:    1512276 kB
Buffers:           50788 kB
Cached:           318292 kB
MemTotal:        1844596 kB
MemFree:         1266640 kB
MemAvailable:    1510536 kB
Buffers:           50788 kB
Cached:           317660 kB
MemTotal:        1844596 kB
MemFree:         1334996 kB
MemAvailable:    1578892 kB
Buffers:           50788 kB
Cached:           317660 kB
