MemTotal:        1844596 kB
MemFree:         1286024 kB
MemAvailable:    1551804 kB
Buffers:           53140 kB
Cached:           335280 kB
MemTotal:        1844596 kB
MemFree:         1284460 kB
MemAvailable:    1550240 kB
Buffers:           53140 kB
Cached:           335280 kB
MemTotal:        1844596 kB
MemFree:         1283856 kB
MemAvailable:    1549636 kB
Buffers:           53140 kB
Cached:           335280 kB
MemTotal:        1844596 kB
MemFree:         1282352 kB
MemAvailable:    1548132 kB
Buffers:           53140 kB
Cached:           335280 kB
MemTotal:        1844596 kB
MemFree:         1281444 kB
MemAvailable:    1547224 kB
Buffers:           53140 kB
Cached:           335280 kB
MemTotal:        1844596 kB
MemFree:         1282056 kB
MemAvailable:    1547836 kB
Buffers:           53140 kB
Cached:           335280 kB
MemTotal:        1844596 kB
MemFree:         1279508 kB
MemAvailable:    1545288 kB
Buffers:           53140 kB
Cached:           335280 kB
MemTotal:        1844596 kB
MemFree:         1278152 kB
MemAvailable:    1543932 kB
Buffers:           53140 kB
Cached:           335280 kB
MemTotal:        1844596 kB
MemFree:         1275856 kB
MemAvailable:    1541636 kB
Buffers:           53140 kB
Cached:           335280 kB
MemTotal:        1844596 kB
MemFree:         1271208 kB
MemAvailable:    1536988 kB
Buffers:           53140 kB
Cached:           335280 kB
MemTotal:        1844596 kB
MemFree:         1272492 kB
MemAvailable:    1538272 kB
Buffers:           53140 kB
Cached:           335280 kB
MemTotal:        1844596 kB
MemFree:         1271208 kB
MemAvailable:    1536988 kB
Buffers:           53140 kB
Cached:           335280 kB
MemTotal:        1844596 kB
MemFree:         1272392 kB
MemAvailable:    1538172 kB
Buffers:           53140 kB
Cached:           335280 kB
MemTotal:        1844596 kB
MemFree:         1272648 kB
MemAvailable:    1538428 kB
Buffers:           53140 kB
Cached:           335280 kB
MemTotal:        1844596 kB
MemFree:         1272252 kB
MemAvailable:    1538032 kB
Buffers:           53140 kB
Cached:           335280 kB
MemTotal:        1844596 kB
MemFree:         1272588 kB
MemAvailable:    1538368 kB
Buffers:           53140 kB
Cached:           335280 kB
MemTotal:        1844596 kB
MemFree:         1271144 kB
MemAvailable:    1536924 kB
Buffers:           53140 kB
Cached:           335280 kB
MemTotal:        1844596 kB
MemFree:         1271268 kB
MemAvailable:    1537048 kB
Buffers:           53140 kB
Cached:           335280 kB
MemTotal:        1844596 kB
MemFree:         1270524 kB
MemAvailable:    1536304 kB
Buffers:           53140 kB
Cached:           335280 kB
MemTotal:        1844596 kB
MemFree:         1270152 kB
MemAvailable:    1535932 kB
Buffers:           53140 kB
Cached:           335280 kB
MemTotal:        1844596 kB
MemFree:         1270044 kB
MemAvailable:    1535824 kB
Buffers:           53140 kB
Cached:           335280 kB
MemTotal:        1844596 kB
MemFree:         1269092 kB
MemAvailable:    1534872 kB
Buffers:           53140 kB
Cached:           335280 kB
MemTotal:        1844596 kB
MemFree:         1269800 kB
MemAvailable:    1535580 kB
Buffers:           53140 kB
Cached:           335280 kB
MemTotal:        1844596 kB
MemFree:         1270136 kB
MemAvailable:    1535916 kB
Buffers:           53140 kB
Cached:           335280 kB
MemTotal:        1844596 kB
MemFree:         1268652 kB
MemAvailable:    1534432 kB
Buffers:           53140 kB
Cached:           335280 kB
MemTotal:        1844596 kB
MemFree:         1269472 kB
MemAvailable:    1535252 kB
Buffers:           53140 kB
Cached:           335280 kB
MemTotal:        1844596 kB
MemFree:         1269932 kB
MemAvailable:    1535712 kB
Buffers:           53140 kB
Cached:           335280 kB
MemTotal:        1844596 kB
MemFree:         1270184 kB
MemAvailable:    1535964 kB
Buffers:           53140 kB
Cached:           335280 kB
MemTotal:        1844596 kB
MemFree:         1270136 kB
MemAvailable:    1535916 kB
Buffers:           53140 kB
Cached:           335280 kB
MemTotal:        1844596 kB
MemFree:         1270208 kB
MemAvailable:    1535988 kB
Buffers:           53140 kB
Cached:           335280 kB
MemTotal:        1844596 kB
MemFree:         1270836 kB
MemAvailable:    1536616 kB
Buffers:           53140 kB
Cached:           335280 kB
MemTotal:        1844596 kB
MemFree:         1268108 kB
MemAvailable:    1533888 kB
Buffers:           53140 kB
Cached:           335280 kB
MemTotal:        1844596 kB
MemFree:         1267736 kB
MemAvailable:    1533516 kB
Buffers:           53140 kB
Cached:           335280 kB
MemTotal:        1844596 kB
MemFree:         1266504 kB
MemAvailable:    1532284 kB
Buffers:           53140 kB
Cached:           335280 kB
MemTotal:        1844596 kB
MemFree:         1267424 kB
MemAvailable:    1533212 kB
Buffers:           53140 kB
Cached:           335288 kB
MemTotal:        1844596 kB
MemFree:         1265876 kB
MemAvailable:    1531540 kB
Buffers:           53140 kB
Cached:           335288 kB
MemTotal:        1844596 kB
MemFree:         1266792 kB
MemAvailable:    1532580 kB
Buffers:           53140 kB
Cached:           335288 kB
MemTotal:        1844596 kB
MemFree:         1266240 kB
MemAvailable:    1532028 kB
Buffers:           53140 kB
Cached:           335288 kB
MemTotal:        1844596 kB
MemFree:         1266216 kB
MemAvailable:    1532004 kB
Buffers:           53140 kB
Cached:           335288 kB
MemTotal:        1844596 kB
MemFree:         1265876 kB
MemAvailable:    1531664 kB
Buffers:           53140 kB
Cached:           335288 kB
MemTotal:        1844596 kB
MemFree:         1265760 kB
MemAvailable:    1531548 kB
Buffers:           53140 kB
Cached:           335288 kB
MemTotal:        1844596 kB
MemFree:         1265728 kB
MemAvailable:    1531516 kB
Buffers:           53140 kB
Cached:           335288 kB
MemTotal:        1844596 kB
MemFree:         1265980 kB
MemAvailable:    1531768 kB
Buffers:           53140 kB
Cached:           335288 kB
MemTotal:        1844596 kB
MemFree:         1264640 kB
MemAvailable:    1530428 kB
Buffers:           53140 kB
Cached:           335288 kB
MemTotal:        1844596 kB
MemFree:         1265776 kB
MemAvailable:    1531564 kB
Buffers:           53140 kB
Cached:           335288 kB
MemTotal:        1844596 kB
MemFree:         1265444 kB
MemAvailable:    1531232 kB
Buffers:           53140 kB
Cached:           335288 kB
MemTotal:        1844596 kB
MemFree:         1265444 kB
MemAvailable:    1531232 kB
Buffers:           53140 kB
Cached:           335288 kB
MemTotal:        1844596 kB
MemFree:         1264048 kB
MemAvailable:    1529836 kB
Buffers:           53140 kB
Cached:           335288 kB
MemTotal:        1844596 kB
MemFree:         1264844 kB
MemAvailable:    1530632 kB
Buffers:           53140 kB
Cached:           335288 kB
MemTotal:        1844596 kB
MemFree:         1264760 kB
MemAvailable:    1530548 kB
Buffers:           53140 kB
Cached:           335288 kB
MemTotal:        1844596 kB
MemFree:         1263652 kB
MemAvailable:    1529440 kB
Buffers:           53140 kB
Cached:           335288 kB
MemTotal:        1844596 kB
MemFree:         1263776 kB
MemAvailable:    1529564 kB
Buffers:           53140 kB
Cached:           335288 kB
MemTotal:        1844596 kB
MemFree:         1265016 kB
MemAvailable:    1530804 kB
Buffers:           53140 kB
Cached:           335288 kB
MemTotal:        1844596 kB
MemFree:         1264696 kB
MemAvailable:    1530484 kB
Buffers:           53140 kB
Cached:           335288 kB
MemTotal:        1844596 kB
MemFree:         1264696 kB
MemAvailable:    1530484 kB
Buffers:           53140 kB
Cached:           335288 kB
MemTotal:        1844596 kB
MemFree:         1264956 kB
MemAvailable:    1530744 kB
Buffers:           53140 kB
Cached:           335288 kB
MemTotal:        1844596 kB
MemFree:         1265036 kB
MemAvailable:    1530824 kB
Buffers:           53140 kB
Cached:           335288 kB
MemTotal:        1844596 kB
MemFree:         1263552 kB
MemAvailable:    1529340 kB
Buffers:           53140 kB
Cached:           335288 kB
MemTotal:        1844596 kB
MemFree:         1264736 kB
MemAvailable:    1530524 kB
Buffers:           53140 kB
Cached:           335288 kB
MemTotal:        1844596 kB
MemFree:         1264504 kB
MemAvailable:    1530292 kB
Buffers:           53140 kB
Cached:           335288 kB
MemTotal:        1844596 kB
MemFree:         1264596 kB
MemAvailable:    1530388 kB
Buffers:           53140 kB
Cached:           335292 kB
MemTotal:        1844596 kB
MemFree:         1264596 kB
MemAvailable:    1530388 kB
Buffers:           53140 kB
Cached:           335292 kB
MemTotal:        1844596 kB
MemFree:         1264272 kB
MemAvailable:    1530064 kB
Buffers:           53140 kB
Cached:           335292 kB
MemTotal:        1844596 kB
MemFree:         1262776 kB
MemAvailable:    1528568 kB
Buffers:           53140 kB
Cached:           335292 kB
MemTotal:        1844596 kB
MemFree:         1262636 kB
MemAvailable:    1528428 kB
Buffers:           53140 kB
Cached:           335292 kB
MemTotal:        1844596 kB
MemFree:         1263736 kB
MemAvailable:    1529528 kB
Buffers:           53140 kB
Cached:           335292 kB
MemTotal:        1844596 kB
MemFree:         1263904 kB
MemAvailable:    1529696 kB
Buffers:           53140 kB
Cached:           335292 kB
MemTotal:        1844596 kB
MemFree:         1262768 kB
MemAvailable:    1528560 kB
Buffers:           53140 kB
Cached:           335292 kB
MemTotal:        1844596 kB
MemFree:         1262504 kB
MemAvailable:    1528296 kB
Buffers:           53140 kB
Cached:           335292 kB
MemTotal:        1844596 kB
MemFree:         1262636 kB
MemAvailable:    1528428 kB
Buffers:           53140 kB
Cached:           335292 kB
MemTotal:        1844596 kB
MemFree:         1264048 kB
MemAvailable:    1529840 kB
Buffers:           53140 kB
Cached:           335292 kB
MemTotal:        1844596 kB
MemFree:         1262760 kB
MemAvailable:    1528552 kB
Buffers:           53140 kB
Cached:           335292 kB
MemTotal:        1844596 kB
MemFree:         1263984 kB
MemAvailable:    1529776 kB
Buffers:           53140 kB
Cached:           335292 kB
MemTotal:        1844596 kB
MemFree:         1263536 kB
MemAvailable:    1529328 kB
Buffers:           53140 kB
Cached:           335292 kB
MemTotal:        1844596 kB
MemFree:         1263428 kB
MemAvailable:    1529220 kB
Buffers:           53140 kB
Cached:           335292 kB
MemTotal:        1844596 kB
MemFree:         1261380 kB
MemAvailable:    1527172 kB
Buffers:           53140 kB
Cached:           335292 kB
MemTotal:        1844596 kB
MemFree:         1258096 kB
MemAvailable:    1523888 kB
Buffers:           53140 kB
Cached:           335292 kB
MemTotal:        1844596 kB
MemFree:         1255740 kB
MemAvailable:    1521532 kB
Buffers:           53140 kB
Cached:           335292 kB
MemTotal:        1844596 kB
MemFree:         1256544 kB
MemAvailable:    1522336 kB
Buffers:           53140 kB
Cached:           335292 kB
MemTotal:        1844596 kB
MemFree:         1254996 kB
MemAvailable:    1520788 kB
Buffers:           53140 kB
Cached:           335292 kB
MemTotal:        1844596 kB
MemFree:         1256104 kB
MemAvailable:    1521896 kB
Buffers:           53140 kB
Cached:           335292 kB
MemTotal:        1844596 kB
MemFree:         1255004 kB
MemAvailable:    1520796 kB
Buffers:           53140 kB
Cached:           335292 kB
MemTotal:        1844596 kB
MemFree:         1254568 kB
MemAvailable:    1520360 kB
Buffers:           53140 kB
Cached:           335292 kB
MemTotal:        1844596 kB
MemFree:         1254480 kB
MemAvailable:    1520272 kB
Buffers:           53140 kB
Cached:           335292 kB
MemTotal:        1844596 kB
MemFree:         1255788 kB
MemAvailable:    1521580 kB
Buffers:           53140 kB
Cached:           335292 kB
MemTotal:        1844596 kB
MemFree:         1254612 kB
MemAvailable:    1520404 kB
Buffers:           53140 kB
Cached:           335292 kB
MemTotal:        1844596 kB
MemFree:         1254736 kB
MemAvailable:    1520528 kB
Buffers:           53140 kB
Cached:           335292 kB
MemTotal:        1844596 kB
MemFree:         1255972 kB
MemAvailable:    1521764 kB
Buffers:           53140 kB
Cached:           335292 kB
MemTotal:        1844596 kB
MemFree:         1255860 kB
MemAvailable:    1521652 kB
Buffers:           53140 kB
Cached:           335292 kB
MemTotal:        1844596 kB
MemFree:         1255120 kB
MemAvailable:    1520912 kB
Buffers:           53140 kB
Cached:           335292 kB
MemTotal:        1844596 kB
MemFree:         1255828 kB
MemAvailable:    1521620 kB
Buffers:           53140 kB
Cached:           335292 kB
MemTotal:        1844596 kB
MemFree:         1255912 kB
MemAvailable:    1521704 kB
Buffers:           53148 kB
Cached:           335284 kB
MemTotal:        1844596 kB
MemFree:         1254596 kB
MemAvailable:    1520388 kB
Buffers:           53152 kB
Cached:           335280 kB
MemTotal:        1844596 kB
MemFree:         1254500 kB
MemAvailable:    1520292 kB
Buffers:           53152 kB
Cached:           335280 kB
MemTotal:        1844596 kB
MemFree:         1254252 kB
MemAvailable:    1520044 kB
Buffers:           53152 kB
Cached:           335280 kB
MemTotal:        1844596 kB
MemFree:         1254252 kB
MemAvailable:    1520044 kB
Buffers:           53152 kB
Cached:           335280 kB
MemTotal:        1844596 kB
MemFree:         1254808 kB
MemAvailable:    1520600 kB
Buffers:           53152 kB
Cached:           335280 kB
MemTotal:        1844596 kB
MemFree:         1254708 kB
MemAvailable:    1520500 kB
Buffers:           53152 kB
Cached:           335280 kB
MemTotal:        1844596 kB
MemFree:         1254344 kB
MemAvailable:    1520136 kB
Buffers:           53152 kB
Cached:           335280 kB
MemTotal:        1844596 kB
MemFree:         1254344 kB
MemAvailable:    1520136 kB
Buffers:           53152 kB
Cached:           335280 kB
MemTotal:        1844596 kB
MemFree:         1253120 kB
MemAvailable:    1518912 kB
Buffers:           53152 kB
Cached:           335280 kB
MemTotal:        1844596 kB
MemFree:         1252624 kB
MemAvailable:    1518416 kB
Buffers:           53152 kB
Cached:           335280 kB
MemTotal:        1844596 kB
MemFree:         1253320 kB
MemAvailable:    1519116 kB
Buffers:           53152 kB
Cached:           335284 kB
MemTotal:        1844596 kB
MemFree:         1251400 kB
MemAvailable:    1517196 kB
Buffers:           53152 kB
Cached:           335284 kB
MemTotal:        1844596 kB
MemFree:         1251516 kB
MemAvailable:    1517312 kB
Buffers:           53152 kB
Cached:           335284 kB
MemTotal:        1844596 kB
MemFree:         1251516 kB
MemAvailable:    1517312 kB
Buffers:           53152 kB
Cached:           335284 kB
MemTotal:        1844596 kB
MemFree:         1252376 kB
MemAvailable:    1518172 kB
Buffers:           53152 kB
Cached:           335284 kB
MemTotal:        1844596 kB
MemFree:         1252504 kB
MemAvailable:    1518300 kB
Buffers:           53152 kB
Cached:           335284 kB
MemTotal:        1844596 kB
MemFree:         1251020 kB
MemAvailable:    1516816 kB
Buffers:           53152 kB
Cached:           335284 kB
MemTotal:        1844596 kB
MemFree:         1251864 kB
MemAvailable:    1517660 kB
Buffers:           53152 kB
Cached:           335284 kB
MemTotal:        1844596 kB
MemFree:         1251948 kB
MemAvailable:    1517744 kB
Buffers:           53152 kB
Cached:           335284 kB
MemTotal:        1844596 kB
MemFree:         1251964 kB
MemAvailable:    1517760 kB
Buffers:           53152 kB
Cached:           335284 kB
MemTotal:        1844596 kB
MemFree:         1250884 kB
MemAvailable:    1516680 kB
Buffers:           53152 kB
Cached:           335284 kB
MemTotal:        1844596 kB
MemFree:         1250760 kB
MemAvailable:    1516556 kB
Buffers:           53152 kB
Cached:           335284 kB
MemTotal:        1844596 kB
MemFree:         1252228 kB
MemAvailable:    1518024 kB
Buffers:           53152 kB
Cached:           335284 kB
MemTotal:        1844596 kB
MemFree:         1250648 kB
MemAvailable:    1516444 kB
Buffers:           53152 kB
Cached:           335284 kB
MemTotal:        1844596 kB
MemFree:         1251708 kB
MemAvailable:    1517516 kB
Buffers:           53152 kB
Cached:           335296 kB
MemTotal:        1844596 kB
MemFree:         1250656 kB
MemAvailable:    1516464 kB
Buffers:           53152 kB
Cached:           335296 kB
MemTotal:        1844596 kB
MemFree:         1249972 kB
MemAvailable:    1515780 kB
Buffers:           53152 kB
Cached:           335296 kB
MemTotal:        1844596 kB
MemFree:         1244332 kB
MemAvailable:    1510140 kB
Buffers:           53152 kB
Cached:           335296 kB
MemTotal:        1844596 kB
MemFree:         1245556 kB
MemAvailable:    1511364 kB
Buffers:           53152 kB
Cached:           335420 kB
MemTotal:        1844596 kB
MemFree:         1244076 kB
MemAvailable:    1510052 kB
Buffers:           53152 kB
Cached:           335544 kB
MemTotal:        1844596 kB
MemFree:         1245076 kB
MemAvailable:    1511220 kB
Buffers:           53152 kB
Cached:           335668 kB
MemTotal:        1844596 kB
MemFree:         1243836 kB
MemAvailable:    1510064 kB
Buffers:           53152 kB
Cached:           335668 kB
MemTotal:        1844596 kB
MemFree:         1244524 kB
MemAvailable:    1510836 kB
Buffers:           53152 kB
Cached:           335792 kB
MemTotal:        1844596 kB
MemFree:         1244776 kB
MemAvailable:    1511088 kB
Buffers:           53152 kB
Cached:           335792 kB
MemTotal:        1844596 kB
MemFree:         1243416 kB
MemAvailable:    1509812 kB
Buffers:           53152 kB
Cached:           335792 kB
MemTotal:        1844596 kB
MemFree:         1243292 kB
MemAvailable:    1509688 kB
Buffers:           53152 kB
Cached:           335916 kB
MemTotal:        1844596 kB
MemFree:         1243784 kB
MemAvailable:    1510180 kB
Buffers:           53152 kB
Cached:           335916 kB
MemTotal:        1844596 kB
MemFree:         1244308 kB
MemAvailable:    1510720 kB
Buffers:           53152 kB
Cached:           335980 kB
MemTotal:        1844596 kB
MemFree:         1244560 kB
MemAvailable:    1510972 kB
Buffers:           53152 kB
Cached:           335980 kB
MemTotal:        1844596 kB
MemFree:         1243320 kB
MemAvailable:    1509732 kB
Buffers:           53152 kB
Cached:           335980 kB
MemTotal:        1844596 kB
MemFree:         1244032 kB
MemAvailable:    1510444 kB
Buffers:           53152 kB
Cached:           335980 kB
MemTotal:        1844596 kB
MemFree:         1244360 kB
MemAvailable:    1510772 kB
Buffers:           53152 kB
Cached:           335980 kB
MemTotal:        1844596 kB
MemFree:         1244560 kB
MemAvailable:    1510972 kB
Buffers:           53152 kB
Cached:           335980 kB
MemTotal:        1844596 kB
MemFree:         1245048 kB
MemAvailable:    1510872 kB
Buffers:           53152 kB
Cached:           335364 kB
MemTotal:        1844596 kB
MemFree:         1245152 kB
MemAvailable:    1510976 kB
Buffers:           53152 kB
Cached:           335364 kB
