MemTotal:        1844596 kB
MemFree:         1262788 kB
MemAvailable:    1547096 kB
Buffers:           55544 kB
Cached:           349816 kB
MemTotal:        1844596 kB
MemFree:         1260548 kB
MemAvailable:    1544856 kB
Buffers:           55544 kB
Cached:           349816 kB
MemTotal:        1844596 kB
MemFree:         1258564 kB
MemAvailable:    1542872 kB
Buffers:           55544 kB
Cached:           349816 kB
MemTotal:        1844596 kB
MemFree:         1258564 kB
MemAvailable:    1542872 kB
Buffers:           55544 kB
Cached:           349816 kB
MemTotal:        1844596 kB
MemFree:         1258316 kB
MemAvailable:    1542624 kB
Buffers:           55544 kB
Cached:           349816 kB
MemTotal:        1844596 kB
MemFree:         1258192 kB
MemAvailable:    1542500 kB
Buffers:           55544 kB
Cached:           349816 kB
MemTotal:        1844596 kB
MemFree:         1255448 kB
MemAvailable:    1539756 kB
Buffers:           55544 kB
Cached:           349816 kB
MemTotal:        1844596 kB
MemFree:         1253224 kB
MemAvailable:    1537532 kB
Buffers:           55544 kB
Cached:           349816 kB
MemTotal:        1844596 kB
MemFree:         1251680 kB
MemAvailable:    1535988 kB
Buffers:           55544 kB
Cached:           349816 kB
MemTotal:        1844596 kB
MemFree:         1249140 kB
MemAvailable:    1533448 kB
Buffers:           55544 kB
Cached:           349816 kB
MemTotal:        1844596 kB
MemFree:         1245792 kB
MemAvailable:    1530100 kB
Buffers:           55544 kB
Cached:           349816 kB
MemTotal:        1844596 kB
MemFree:         1248176 kB
MemAvailable:    1532484 kB
Buffers:           55544 kB
Cached:           349816 kB
MemTotal:        1844596 kB
MemFree:         1247876 kB
MemAvailable:    1532184 kB
Buffers:           55544 kB
Cached:           349816 kB
MemTotal:        1844596 kB
MemFree:         1247876 kB
MemAvailable:    1532184 kB
Buffers:           55544 kB
Cached:           349816 kB
MemTotal:        1844596 kB
MemFree:         1248084 kB
MemAvailable:    1532392 kB
Buffers:           55544 kB
Cached:           349816 kB
MemTotal:        1844596 kB
MemFree:         1247396 kB
MemAvailable:    1531704 kB
Buffers:           55544 kB
Cached:           349816 kB
MemTotal:        1844596 kB
MemFree:         1247864 kB
MemAvailable:    1532172 kB
Buffers:           55544 kB
Cached:           349816 kB
MemTotal:        1844596 kB
MemFree:         1248116 kB
MemAvailable:    1532424 kB
Buffers:           55544 kB
Cached:           349816 kB
MemTotal:        1844596 kB
MemFree:         1247340 kB
MemAvailable:    1531648 kB
Buffers:           55544 kB
Cached:           349816 kB
MemTotal:        1844596 kB
MemFree:         1245668 kB
MemAvailable:    1529976 kB
Buffers:           55544 kB
Cached:           349816 kB
MemTotal:        1844596 kB
MemFree:         1245976 kB
MemAvailable:    1530284 kB
Buffers:           55544 kB
Cached:           349816 kB
MemTotal:        1844596 kB
MemFree:         1245720 kB
MemAvailable:    1530028 kB
Buffers:           55544 kB
Cached:           349816 kB
MemTotal:        1844596 kB
MemFree:         1244800 kB
MemAvailable:    1529108 kB
Buffers:           55544 kB
Cached:           349816 kB
MemTotal:        1844596 kB
MemFree:         1245716 kB
MemAvailable:    1530024 kB
Buffers:           55544 kB
Cached:           349816 kB
MemTotal:        1844596 kB
MemFree:         1245516 kB
MemAvailable:    1529824 kB
Buffers:           55544 kB
Cached:           349816 kB
MemTotal:        1844596 kB
MemFree:         1244368 kB
MemAvailable:    1528676 kB
Buffers:           55544 kB
Cached:           349816 kB
MemTotal:        1844596 kB
MemFree:         1244996 kB
MemAvailable:    1529304 kB
Buffers:           55544 kB
Cached:           349816 kB
MemTotal:        1844596 kB
MemFree:         1244792 kB
MemAvailable:    1529104 kB
Buffers:           55544 kB
Cached:           349820 kB
MemTotal:        1844596 kB
MemFree:         1245768 kB
MemAvailable:    1530080 kB
Buffers:           55544 kB
Cached:           349820 kB
MemTotal:        1844596 kB
MemFree:         1245768 kB
MemAvailable:    1530080 kB
Buffers:           55544 kB
Cached:           349820 kB
MemTotal:        1844596 kB
MemFree:         1245708 kB
MemAvailable:    1530020 kB
Buffers:           55544 kB
Cached:           349820 kB
MemTotal:        1844596 kB
MemFree:         1246992 kB
MemAvailable:    1531304 kB
Buffers:           55544 kB
Cached:           349820 kB
MemTotal:        1844596 kB
MemFree:         1246156 kB
MemAvailable:    1530468 kB
Buffers:           55544 kB
Cached:           349820 kB
MemTotal:        1844596 kB
MemFree:         1246396 kB
MemAvailable:    1530708 kB
Buffers:           55544 kB
Cached:           349820 kB
MemTotal:        1844596 kB
MemFree:         1246588 kB
MemAvailable:    1530900 kB
Buffers:           55544 kB
Cached:           349820 kB
MemTotal:        1844596 kB
MemFree:         1243312 kB
MemAvailable:    1527624 kB
Buffers:           55544 kB
Cached:           349820 kB
MemTotal:        1844596 kB
MemFree:         1243164 kB
MemAvailable:    1527476 kB
Buffers:           55544 kB
Cached:           349820 kB
MemTotal:        1844596 kB
MemFree:         1243500 kB
MemAvailable:    1527812 kB
Buffers:           55544 kB
Cached:           349820 kB
MemTotal:        1844596 kB
MemFree:         1241700 kB
MemAvailable:    1526012 kB
Buffers:           55544 kB
Cached:           349820 kB
MemTotal:        1844596 kB
MemFree:         1242692 kB
MemAvailable:    1527004 kB
Buffers:           55544 kB
Cached:           349820 kB
MemTotal:        1844596 kB
MemFree:         1241156 kB
MemAvailable:    1525468 kB
Buffers:           55544 kB
Cached:           349820 kB
MemTotal:        1844596 kB
MemFree:         1241948 kB
MemAvailable:    1526260 kB
Buffers:           55544 kB
Cached:           349820 kB
MemTotal:        1844596 kB
MemFree:         1240516 kB
MemAvailable:    1524828 kB
Buffers:           55544 kB
Cached:           349820 kB
MemTotal:        1844596 kB
MemFree:         1241608 kB
MemAvailable:    1525920 kB
Buffers:           55544 kB
Cached:           349820 kB
MemTotal:        1844596 kB
MemFree:         1241512 kB
MemAvailable:    1525824 kB
Buffers:           55544 kB
Cached:           349820 kB
MemTotal:        1844596 kB
MemFree:         1241364 kB
MemAvailable:    1525676 kB
Buffers:           55544 kB
Cached:           349820 kB
MemTotal:        1844596 kB
MemFree:         1241532 kB
MemAvailable:    1525844 kB
Buffers:           55544 kB
Cached:           349820 kB
MemTotal:        1844596 kB
MemFree:         1241048 kB
MemAvailable:    1525360 kB
Buffers:           55544 kB
Cached:           349820 kB
MemTotal:        1844596 kB
MemFree:         1241048 kB
MemAvailable:    1525360 kB
Buffers:           55544 kB
Cached:           349820 kB
MemTotal:        1844596 kB
MemFree:         1240952 kB
MemAvailable:    1525264 kB
Buffers:           55544 kB
Cached:           349820 kB
MemTotal:        1844596 kB
MemFree:         1239256 kB
MemAvailable:    1523568 kB
Buffers:           55544 kB
Cached:           349820 kB
MemTotal:        1844596 kB
MemFree:         1239176 kB
MemAvailable:    1523488 kB
Buffers:           55544 kB
Cached:           349820 kB
MemTotal:        1844596 kB
MemFree:         1240204 kB
MemAvailable:    1524516 kB
Buffers:           55544 kB
Cached:           349820 kB
MemTotal:        1844596 kB
MemFree:         1240592 kB
MemAvailable:    1524904 kB
Buffers:           55544 kB
Cached:           349820 kB
MemTotal:        1844596 kB
MemFree:         1240296 kB
MemAvailable:    1524608 kB
Buffers:           55544 kB
Cached:           349820 kB
MemTotal:        1844596 kB
MemFree:         1240196 kB
MemAvailable:    1524508 kB
Buffers:           55544 kB
Cached:           349820 kB
MemTotal:        1844596 kB
MemFree:         1239192 kB
MemAvailable:    1523504 kB
Buffers:           55544 kB
Cached:           349820 kB
MemTotal:        1844596 kB
MemFree:         1240368 kB
MemAvailable:    1524680 kB
Buffers:           55544 kB
Cached:           349820 kB
MemTotal:        1844596 kB
MemFree:         1240368 kB
MemAvailable:    1524680 kB
Buffers:           55544 kB
Cached:           349820 kB
MemTotal:        1844596 kB
MemFree:         1239440 kB
MemAvailable:    1523752 kB
Buffers:           55544 kB
Cached:           349820 kB
MemTotal:        1844596 kB
MemFree:         1239440 kB
MemAvailable:    1523752 kB
Buffers:           55544 kB
Cached:           349820 kB
MemTotal:        1844596 kB
MemFree:         1239468 kB
MemAvailable:    1523788 kB
Buffers:           55544 kB
Cached:           349828 kB
MemTotal:        1844596 kB
MemFree:         1239468 kB
MemAvailable:    1523788 kB
Buffers:           55544 kB
Cached:           349828 kB
MemTotal:        1844596 kB
MemFree:         1240272 kB
MemAvailable:    1524592 kB
Buffers:           55544 kB
Cached:           349828 kB
MemTotal:        1844596 kB
MemFree:         1239592 kB
MemAvailable:    1523912 kB
Buffers:           55544 kB
Cached:           349828 kB
MemTotal:        1844596 kB
MemFree:         1239968 kB
MemAvailable:    1524288 kB
Buffers:           55544 kB
Cached:           349828 kB
MemTotal:        1844596 kB
MemFree:         1239900 kB
MemAvailable:    1524220 kB
Buffers:           55544 kB
Cached:           349828 kB
MemTotal:        1844596 kB
MemFree:         1239892 kB
MemAvailable:    1524212 kB
Buffers:           55544 kB
Cached:           349828 kB
MemTotal:        1844596 kB
MemFree:         1238848 kB
MemAvailable:    1523168 kB
Buffers:           55544 kB
Cached:           349828 kB
MemTotal:        1844596 kB
MemFree:         1239636 kB
MemAvailable:    1523956 kB
Buffers:           55544 kB
Cached:           349828 kB
MemTotal:        1844596 kB
MemFree:         1238080 kB
MemAvailable:    1522400 kB
Buffers:           55544 kB
Cached:           349828 kB
MemTotal:        1844596 kB
MemFree:         1239464 kB
MemAvailable:    1523784 kB
Buffers:           55544 kB
Cached:           349828 kB
MemTotal:        1844596 kB
MemFree:         1239524 kB
MemAvailable:    1523844 kB
Buffers:           55544 kB
Cached:           349828 kB
MemTotal:        1844596 kB
MemFree:         1239288 kB
MemAvailable:    1523608 kB
Buffers:           55544 kB
Cached:           349828 kB
MemTotal:        1844596 kB
MemFree:         1239456 kB
MemAvailable:    1523776 kB
Buffers:           55544 kB
Cached:           349828 kB
MemTotal:        1844596 kB
MemFree:         1239432 kB
MemAvailable:    1523752 kB
Buffers:           55544 kB
Cached:           349828 kB
MemTotal:        1844596 kB
MemFree:         1239432 kB
MemAvailable:    1523752 kB
Buffers:           55544 kB
Cached:           349828 kB
MemTotal:        1844596 kB
MemFree:         1239252 kB
MemAvailable:    1523572 kB
Buffers:           55544 kB
Cached:           349828 kB
MemTotal:        1844596 kB
MemFree:         1238600 kB
MemAvailable:    1522920 kB
Buffers:           55544 kB
Cached:           349828 kB
MemTotal:        1844596 kB
MemFree:         1239476 kB
MemAvailable:    1523796 kB
Buffers:           55544 kB
Cached:           349828 kB
MemTotal:        1844596 kB
MemFree:         1238288 kB
MemAvailable:    1522608 kB
Buffers:           55544 kB
Cached:           349828 kB
MemTotal:        1844596 kB
MemFree:         1235484 kB
MemAvailable:    1519804 kB
Buffers:           55544 kB
Cached:           349828 kB
MemTotal:        1844596 kB
MemFree:         1235364 kB
MemAvailable:    1519684 kB
Buffers:           55544 kB
Cached:           349828 kB
MemTotal:        1844596 kB
MemFree:         1231656 kB
MemAvailable:    1515976 kB
Buffers:           55544 kB
Cached:           349828 kB
MemTotal:        1844596 kB
MemFree:         1232212 kB
MemAvailable:    1516532 kB
Buffers:           55544 kB
Cached:           349828 kB
MemTotal:        1844596 kB
MemFree:         1230780 kB
MemAvailable:    1515100 kB
Buffers:           55544 kB
Cached:           349828 kB
MemTotal:        1844596 kB
MemFree:         1231820 kB
MemAvailable:    1516140 kB
Buffers:           55544 kB
Cached:           349828 kB
MemTotal:        1844596 kB
MemFree:         1231564 kB
MemAvailable:    1515884 kB
Buffers:           55544 kB
Cached:           349828 kB
MemTotal:        1844596 kB
MemFree:         1231516 kB
MemAvailable:    1515836 kB
Buffers:           55544 kB
Cached:           349828 kB
MemTotal:        1844596 kB
MemFree:         1231304 kB
MemAvailable:    1515624 kB
Buffers:           55544 kB
Cached:           349828 kB
MemTotal:        1844596 kB
MemFree:         1231640 kB
MemAvailable:    1515960 kB
Buffers:           55544 kB
Cached:           349828 kB
MemTotal:        1844596 kB
MemFree:         1231532 kB
MemAvailable:    1515852 kB
Buffers:           55544 kB
Cached:           349828 kB
MemTotal:        1844596 kB
MemFree:         1231392 kB
MemAvailable:    1515712 kB
Buffers:           55544 kB
Cached:           349828 kB
MemTotal:        1844596 kB
MemFree:         1231644 kB
MemAvailable:    1515964 kB
Buffers:           55544 kB
Cached:           349828 kB
MemTotal:        1844596 kB
MemFree:         1230368 kB
MemAvailable:    1514688 kB
Buffers:           55544 kB
Cached:           349828 kB
MemTotal:        1844596 kB
MemFree:         1231544 kB
MemAvailable:    1515864 kB
Buffers:           55544 kB
Cached:           349828 kB
MemTotal:        1844596 kB
MemFree:         1231608 kB
MemAvailable:    1515928 kB
Buffers:           55544 kB
Cached:           349828 kB
MemTotal:        1844596 kB
MemFree:         1230236 kB
MemAvailable:    1514556 kB
Buffers:           55544 kB
Cached:           349828 kB
MemTotal:        1844596 kB
MemFree:         1231560 kB
MemAvailable:    1515880 kB
Buffers:           55544 kB
Cached:           349828 kB
MemTotal:        1844596 kB
MemFree:         1231240 kB
MemAvailable:    1515560 kB
Buffers:           55544 kB
Cached:           349828 kB
MemTotal:        1844596 kB
MemFree:         1230356 kB
MemAvailable:    1514676 kB
Buffers:           55544 kB
Cached:           349828 kB
MemTotal:        1844596 kB
MemFree:         1231396 kB
MemAvailable:    1515716 kB
Buffers:           55544 kB
Cached:           349828 kB
MemTotal:        1844596 kB
MemFree:         1231036 kB
MemAvailable:    1515356 kB
Buffers:           55544 kB
Cached:           349828 kB
MemTotal:        1844596 kB
MemFree:         1229920 kB
MemAvailable:    1514240 kB
Buffers:           55544 kB
Cached:           349828 kB
MemTotal:        1844596 kB
MemFree:         1230484 kB
MemAvailable:    1514804 kB
Buffers:           55544 kB
Cached:           349828 kB
MemTotal:        1844596 kB
MemFree:         1229292 kB
MemAvailable:    1513612 kB
Buffers:           55544 kB
Cached:           349828 kB
MemTotal:        1844596 kB
MemFree:         1230096 kB
MemAvailable:    1514420 kB
Buffers:           55544 kB
Cached:           349832 kB
MemTotal:        1844596 kB
MemFree:         1229964 kB
MemAvailable:    1514288 kB
Buffers:           55544 kB
Cached:           349832 kB
MemTotal:        1844596 kB
MemFree:         1228532 kB
MemAvailable:    1512856 kB
Buffers:           55544 kB
Cached:           349832 kB
MemTotal:        1844596 kB
MemFree:         1229524 kB
MemAvailable:    1513848 kB
Buffers:           55544 kB
Cached:           349832 kB
MemTotal:        1844596 kB
MemFree:         1229608 kB
MemAvailable:    1513932 kB
Buffers:           55544 kB
Cached:           349832 kB
MemTotal:        1844596 kB
MemFree:         1227688 kB
MemAvailable:    1512012 kB
Buffers:           55544 kB
Cached:           349832 kB
MemTotal:        1844596 kB
MemFree:         1227564 kB
MemAvailable:    1511888 kB
Buffers:           55544 kB
Cached:           349832 kB
MemTotal:        1844596 kB
MemFree:         1227920 kB
MemAvailable:    1512244 kB
Buffers:           55544 kB
Cached:           349832 kB
MemTotal:        1844596 kB
MemFree:         1228172 kB
MemAvailable:    1512496 kB
Buffers:           55544 kB
Cached:           349832 kB
MemTotal:        1844596 kB
MemFree:         1226772 kB
MemAvailable:    1511096 kB
Buffers:           55544 kB
Cached:           349832 kB
MemTotal:        1844596 kB
MemFree:         1226684 kB
MemAvailable:    1511008 kB
Buffers:           55544 kB
Cached:           349832 kB
MemTotal:        1844596 kB
MemFree:         1226808 kB
MemAvailable:    1511132 kB
Buffers:           55544 kB
Cached:           349832 kB
MemTotal:        1844596 kB
MemFree:         1227888 kB
MemAvailable:    1512212 kB
Buffers:           55544 kB
Cached:           349832 kB
MemTotal:        1844596 kB
MemFree:         1227556 kB
MemAvailable:    1511880 kB
Buffers:           55544 kB
Cached:           349832 kB
MemTotal:        1844596 kB
MemFree:         1226268 kB
MemAvailable:    1510592 kB
Buffers:           55544 kB
Cached:           349832 kB
MemTotal:        1844596 kB
MemFree:         1226392 kB
MemAvailable:    1510716 kB
Buffers:           55544 kB
Cached:           349832 kB
MemTotal:        1844596 kB
MemFree:         1226696 kB
MemAvailable:    1511020 kB
Buffers:           55544 kB
Cached:           349832 kB
MemTotal:        1844596 kB
MemFree:         1227536 kB
MemAvailable:    1511860 kB
Buffers:           55544 kB
Cached:           349832 kB
MemTotal:        1844596 kB
MemFree:         1227788 kB
MemAvailable:    1512112 kB
Buffers:           55544 kB
Cached:           349832 kB
MemTotal:        1844596 kB
MemFree:         1227480 kB
MemAvailable:    1511804 kB
Buffers:           55544 kB
Cached:           349832 kB
MemTotal:        1844596 kB
MemFree:         1227440 kB
MemAvailable:    1511764 kB
Buffers:           55544 kB
Cached:           349832 kB
MemTotal:        1844596 kB
MemFree:         1227568 kB
MemAvailable:    1511892 kB
Buffers:           55544 kB
Cached:           349832 kB
MemTotal:        1844596 kB
MemFree:         1227376 kB
MemAvailable:    1511700 kB
Buffers:           55544 kB
Cached:           349832 kB
MemTotal:        1844596 kB
MemFree:         1224440 kB
MemAvailable:    1508764 kB
Buffers:           55544 kB
Cached:           349832 kB
MemTotal:        1844596 kB
MemFree:         1223472 kB
MemAvailable:    1507796 kB
Buffers:           55544 kB
Cached:           349832 kB
MemTotal:        1844596 kB
MemFree:         1218820 kB
MemAvailable:    1503144 kB
Buffers:           55544 kB
Cached:           349832 kB
MemTotal:        1844596 kB
MemFree:         1218564 kB
MemAvailable:    1502888 kB
Buffers:           55544 kB
Cached:           349832 kB
MemTotal:        1844596 kB
MemFree:         1216996 kB
MemAvailable:    1501320 kB
Buffers:           55544 kB
Cached:           349832 kB
MemTotal:        1844596 kB
MemFree:         1218928 kB
MemAvailable:    1503252 kB
Buffers:           55544 kB
Cached:           349832 kB
MemTotal:        1844596 kB
MemFree:         1218480 kB
MemAvailable:    1502804 kB
Buffers:           55544 kB
Cached:           349832 kB
MemTotal:        1844596 kB
MemFree:         1218732 kB
MemAvailable:    1503056 kB
Buffers:           55544 kB
Cached:           349832 kB
MemTotal:        1844596 kB
MemFree:         1218412 kB
MemAvailable:    1502736 kB
Buffers:           55544 kB
Cached:           349832 kB
MemTotal:        1844596 kB
MemFree:         1218388 kB
MemAvailable:    1502712 kB
Buffers:           55544 kB
Cached:           349832 kB
MemTotal:        1844596 kB
MemFree:         1220600 kB
MemAvailable:    1504924 kB
Buffers:           55544 kB
Cached:           349832 kB
MemTotal:        1844596 kB
MemFree:         1219124 kB
MemAvailable:    1503448 kB
Buffers:           55544 kB
Cached:           349832 kB
MemTotal:        1844596 kB
MemFree:         1220496 kB
MemAvailable:    1504820 kB
Buffers:           55544 kB
Cached:           349832 kB
MemTotal:        1844596 kB
MemFree:         1220192 kB
MemAvailable:    1504684 kB
Buffers:           55544 kB
Cached:           349956 kB
MemTotal:        1844596 kB
MemFree:         1220192 kB
MemAvailable:    1504684 kB
Buffers:           55544 kB
Cached:           349956 kB
MemTotal:        1844596 kB
MemFree:         1218936 kB
MemAvailable:    1503428 kB
Buffers:           55544 kB
Cached:           350080 kB
MemTotal:        1844596 kB
MemFree:         1220300 kB
MemAvailable:    1504960 kB
Buffers:           55544 kB
Cached:           350204 kB
MemTotal:        1844596 kB
MemFree:         1219060 kB
MemAvailable:    1503720 kB
Buffers:           55544 kB
Cached:           350080 kB
MemTotal:        1844596 kB
MemFree:         1220060 kB
MemAvailable:    1504888 kB
Buffers:           55544 kB
Cached:           350328 kB
MemTotal:        1844596 kB
MemFree:         1219928 kB
MemAvailable:    1504840 kB
Buffers:           55544 kB
Cached:           350328 kB
MemTotal:        1844596 kB
MemFree:         1219928 kB
MemAvailable:    1504840 kB
Buffers:           55544 kB
Cached:           350328 kB
MemTotal:        1844596 kB
MemFree:         1218496 kB
MemAvailable:    1503408 kB
Buffers:           55544 kB
Cached:           350452 kB
MemTotal:        1844596 kB
MemFree:         1219796 kB
MemAvailable:    1504708 kB
Buffers:           55544 kB
Cached:           350452 kB
MemTotal:        1844596 kB
MemFree:         1219856 kB
MemAvailable:    1504768 kB
Buffers:           55544 kB
Cached:           350452 kB
MemTotal:        1844596 kB
MemFree:         1218084 kB
MemAvailable:    1503088 kB
Buffers:           55544 kB
Cached:           350512 kB
MemTotal:        1844596 kB
MemFree:         1219960 kB
MemAvailable:    1504964 kB
Buffers:           55544 kB
Cached:           350512 kB
MemTotal:        1844596 kB
MemFree:         1219928 kB
MemAvailable:    1504932 kB
Buffers:           55544 kB
Cached:           350512 kB
MemTotal:        1844596 kB
MemFree:         1218372 kB
MemAvailable:    1503376 kB
Buffers:           55544 kB
Cached:           350512 kB
MemTotal:        1844596 kB
MemFree:         1219796 kB
MemAvailable:    1504800 kB
Buffers:           55544 kB
Cached:           350512 kB
MemTotal:        1844596 kB
MemFree:         1219804 kB
MemAvailable:    1504808 kB
Buffers:           55544 kB
Cached:           350512 kB
MemTotal:        1844596 kB
MemFree:         1220504 kB
MemAvailable:    1504920 kB
Buffers:           55544 kB
Cached:           349880 kB
MemTotal:        1844596 kB
MemFree:         1287012 kB
MemAvailable:    1571428 kB
Buffers:           55544 kB
Cached:           349880 kB
MemTotal:        1844596 kB
MemFree:         1288800 kB
MemAvailable:    1573216 kB
Buffers:           55544 kB
Cached:           349880 kB
