MemTotal:        1844596 kB
MemFree:         1324736 kB
MemAvailable:    1554220 kB
Buffers:           49152 kB
Cached:           306184 kB
MemTotal:        1844596 kB
MemFree:         1323428 kB
MemAvailable:    1552912 kB
Buffers:           49152 kB
Cached:           306184 kB
MemTotal:        1844596 kB
MemFree:         1321576 kB
MemAvailable:    1551060 kB
Buffers:           49152 kB
Cached:           306184 kB
MemTotal:        1844596 kB
MemFree:         1321264 kB
MemAvailable:    1550748 kB
Buffers:           49152 kB
Cached:           306184 kB
MemTotal:        1844596 kB
MemFree:         1321072 kB
MemAvailable:    1550556 kB
Buffers:           49152 kB
Cached:           306184 kB
MemTotal:        1844596 kB
MemFree:         1319700 kB
MemAvailable:    1549184 kB
Buffers:           49152 kB
Cached:           306184 kB
MemTotal:        1844596 kB
MemFree:         1318104 kB
MemAvailable:    1547588 kB
Buffers:           49152 kB
Cached:           306184 kB
MemTotal:        1844596 kB
MemFree:         1315872 kB
MemAvailable:    1545356 kB
Buffers:           49152 kB
Cached:           306184 kB
MemTotal:        1844596 kB
MemFree:         1314320 kB
MemAvailable:    1543804 kB
Buffers:           49152 kB
Cached:           306184 kB
MemTotal:        1844596 kB
MemFree:         1311216 kB
MemAvailable:    1540700 kB
Buffers:           49152 kB
Cached:           306184 kB
MemTotal:        1844596 kB
MemFree:         1311468 kB
MemAvailable:    1540952 kB
Buffers:           49152 kB
Cached:           306184 kB
MemTotal:        1844596 kB
MemFree:         1311220 kB
MemAvailable:    1540704 kB
Buffers:           49152 kB
Cached:           306184 kB
MemTotal:        1844596 kB
MemFree:         1311132 kB
MemAvailable:    1540616 kB
Buffers:           49152 kB
Cached:           306184 kB
MemTotal:        1844596 kB
MemFree:         1309968 kB
MemAvailable:    1539452 kB
Buffers:           49152 kB
Cached:           306184 kB
MemTotal:        1844596 kB
MemFree:         1311144 kB
MemAvailable:    1540628 kB
Buffers:           49152 kB
Cached:           306184 kB
MemTotal:        1844596 kB
MemFree:         1311320 kB
MemAvailable:    1540804 kB
Buffers:           49152 kB
Cached:           306184 kB
MemTotal:        1844596 kB
MemFree:         1309796 kB
MemAvailable:    1539280 kB
Buffers:           49152 kB
Cached:           306184 kB
MemTotal:        1844596 kB
MemFree:         1308672 kB
MemAvailable:    1538156 kB
Buffers:           49152 kB
Cached:           306184 kB
MemTotal:        1844596 kB
MemFree:         1307928 kB
MemAvailable:    1537412 kB
Buffers:           49152 kB
Cached:           306184 kB
MemTotal:        1844596 kB
MemFree:         1308988 kB
MemAvailable:    1538472 kB
Buffers:           49152 kB
Cached:           306184 kB
MemTotal:        1844596 kB
MemFree:         1308732 kB
MemAvailable:    1538216 kB
Buffers:           49152 kB
Cached:           306184 kB
MemTotal:        1844596 kB
MemFree:         1308732 kB
MemAvailable:    1538216 kB
Buffers:           49152 kB
Cached:           306184 kB
MemTotal:        1844596 kB
MemFree:         1307680 kB
MemAvailable:    1537164 kB
Buffers:           49152 kB
Cached:           306184 kB
MemTotal:        1844596 kB
MemFree:         1308068 kB
MemAvailable:    1537552 kB
Buffers:           49152 kB
Cached:           306184 kB
MemTotal:        1844596 kB
MemFree:         1308484 kB
MemAvailable:    1537968 kB
Buffers:           49152 kB
Cached:           306184 kB
MemTotal:        1844596 kB
MemFree:         1308820 kB
MemAvailable:    1538304 kB
Buffers:           49152 kB
Cached:           306184 kB
MemTotal:        1844596 kB
MemFree:         1307420 kB
MemAvailable:    1536904 kB
Buffers:           49152 kB
Cached:           306184 kB
MemTotal:        1844596 kB
MemFree:         1308616 kB
MemAvailable:    1538100 kB
Buffers:           49152 kB
Cached:           306184 kB
MemTotal:        1844596 kB
MemFree:         1309912 kB
MemAvailable:    1539396 kB
Buffers:           49152 kB
Cached:           306184 kB
MemTotal:        1844596 kB
MemFree:         1309852 kB
MemAvailable:    1539336 kB
Buffers:           49152 kB
Cached:           306184 kB
MemTotal:        1844596 kB
MemFree:         1308664 kB
MemAvailable:    1538148 kB
Buffers:           49152 kB
Cached:           306184 kB
MemTotal:        1844596 kB
MemFree:         1307936 kB
MemAvailable:    1537420 kB
Buffers:           49152 kB
Cached:           306184 kB
MemTotal:        1844596 kB
MemFree:         1306508 kB
MemAvailable:    1535992 kB
Buffers:           49152 kB
Cached:           306184 kB
MemTotal:        1844596 kB
MemFree:         1306060 kB
MemAvailable:    1535544 kB
Buffers:           49152 kB
Cached:           306184 kB
MemTotal:        1844596 kB
MemFree:         1306312 kB
MemAvailable:    1535796 kB
Buffers:           49152 kB
Cached:           306184 kB
MemTotal:        1844596 kB
MemFree:         1304332 kB
MemAvailable:    1533816 kB
Buffers:           49152 kB
Cached:           306184 kB
MemTotal:        1844596 kB
MemFree:         1304464 kB
MemAvailable:    1533952 kB
Buffers:           49152 kB
Cached:           306188 kB
MemTotal:        1844596 kB
MemFree:         1304564 kB
MemAvailable:    1534052 kB
Buffers:           49152 kB
Cached:           306188 kB
MemTotal:        1844596 kB
MemFree:         1303720 kB
MemAvailable:    1533212 kB
Buffers:           49152 kB
Cached:           306192 kB
MemTotal:        1844596 kB
MemFree:         1303168 kB
MemAvailable:    1532660 kB
Buffers:           49152 kB
Cached:           306192 kB
MemTotal:        1844596 kB
MemFree:         1303336 kB
MemAvailable:    1532828 kB
Buffers:           49152 kB
Cached:           306192 kB
MemTotal:        1844596 kB
MemFree:         1304436 kB
MemAvailable:    1533928 kB
Buffers:           49152 kB
Cached:           306192 kB
MemTotal:        1844596 kB
MemFree:         1304436 kB
MemAvailable:    1533928 kB
Buffers:           49152 kB
Cached:           306192 kB
MemTotal:        1844596 kB
MemFree:         1304384 kB
MemAvailable:    1533876 kB
Buffers:           49152 kB
Cached:           306192 kB
MemTotal:        1844596 kB
MemFree:         1304384 kB
MemAvailable:    1533876 kB
Buffers:           49152 kB
Cached:           306192 kB
MemTotal:        1844596 kB
MemFree:         1304216 kB
MemAvailable:    1533708 kB
Buffers:           49152 kB
Cached:           306192 kB
MemTotal:        1844596 kB
MemFree:         1302844 kB
MemAvailable:    1532336 kB
Buffers:           49152 kB
Cached:           306192 kB
MemTotal:        1844596 kB
MemFree:         1303284 kB
MemAvailable:    1532776 kB
Buffers:           49152 kB
Cached:           306192 kB
MemTotal:        1844596 kB
MemFree:         1303284 kB
MemAvailable:    1532776 kB
Buffers:           49152 kB
Cached:           306192 kB
MemTotal:        1844596 kB
MemFree:         1303640 kB
MemAvailable:    1533132 kB
Buffers:           49152 kB
Cached:           306192 kB
MemTotal:        1844596 kB
MemFree:         1303592 kB
MemAvailable:    1533084 kB
Buffers:           49152 kB
Cached:           306192 kB
MemTotal:        1844596 kB
MemFree:         1303568 kB
MemAvailable:    1533060 kB
Buffers:           49152 kB
Cached:           306192 kB
MemTotal:        1844596 kB
MemFree:         1303456 kB
MemAvailable:    1532948 kB
Buffers:           49152 kB
Cached:           306192 kB
MemTotal:        1844596 kB
MemFree:         1303704 kB
MemAvailable:    1533196 kB
Buffers:           49152 kB
Cached:           306192 kB
MemTotal:        1844596 kB
MemFree:         1303048 kB
MemAvailable:    1532540 kB
Buffers:           49152 kB
Cached:           306192 kB
MemTotal:        1844596 kB
MemFree:         1302156 kB
MemAvailable:    1531648 kB
Buffers:           49152 kB
Cached:           306192 kB
MemTotal:        1844596 kB
MemFree:         1302412 kB
MemAvailable:    1531904 kB
Buffers:           49152 kB
Cached:           306192 kB
MemTotal:        1844596 kB
MemFree:         1303764 kB
MemAvailable:    1533256 kB
Buffers:           49152 kB
Cached:           306192 kB
MemTotal:        1844596 kB
MemFree:         1303460 kB
MemAvailable:    1532952 kB
Buffers:           49152 kB
Cached:           306192 kB
MemTotal:        1844596 kB
MemFree:         1302152 kB
MemAvailable:    1531644 kB
Buffers:           49152 kB
Cached:           306192 kB
MemTotal:        1844596 kB
MemFree:         1303328 kB
MemAvailable:    1532820 kB
Buffers:           49152 kB
Cached:           306192 kB
MemTotal:        1844596 kB
MemFree:         1303268 kB
MemAvailable:    1532760 kB
Buffers:           49152 kB
Cached:           306192 kB
MemTotal:        1844596 kB
MemFree:         1303036 kB
MemAvailable:    1532528 kB
Buffers:           49152 kB
Cached:           306192 kB
MemTotal:        1844596 kB
MemFree:         1302904 kB
MemAvailable:    1532396 kB
Buffers:           49152 kB
Cached:           306192 kB
MemTotal:        1844596 kB
MemFree:         1302844 kB
MemAvailable:    1532336 kB
Buffers:           49152 kB
Cached:           306192 kB
MemTotal:        1844596 kB
MemFree:         1301728 kB
MemAvailable:    1531220 kB
Buffers:           49152 kB
Cached:           306192 kB
MemTotal:        1844596 kB
MemFree:         1301216 kB
MemAvailable:    1530708 kB
Buffers:           49152 kB
Cached:           306192 kB
MemTotal:        1844596 kB
MemFree:         1301092 kB
MemAvailable:    1530584 kB
Buffers:           49152 kB
Cached:           306192 kB
MemTotal:        1844596 kB
MemFree:         1301332 kB
MemAvailable:    1530824 kB
Buffers:           49152 kB
Cached:           306192 kB
MemTotal:        1844596 kB
MemFree:         1302516 kB
MemAvailable:    1532008 kB
Buffers:           49152 kB
Cached:           306192 kB
MemTotal:        1844596 kB
MemFree:         1302636 kB
MemAvailable:    1532128 kB
Buffers:           49152 kB
Cached:           306192 kB
MemTotal:        1844596 kB
MemFree:         1301536 kB
MemAvailable:    1531028 kB
Buffers:           49152 kB
Cached:           306192 kB
MemTotal:        1844596 kB
MemFree:         1301448 kB
MemAvailable:    1530940 kB
Buffers:           49152 kB
Cached:           306192 kB
MemTotal:        1844596 kB
MemFree:         1302564 kB
MemAvailable:    1532056 kB
Buffers:           49152 kB
Cached:           306192 kB
MemTotal:        1844596 kB
MemFree:         1300472 kB
MemAvailable:    1529964 kB
Buffers:           49152 kB
Cached:           306192 kB
MemTotal:        1844596 kB
MemFree:         1300472 kB
MemAvailable:    1529964 kB
Buffers:           49152 kB
Cached:           306192 kB
MemTotal:        1844596 kB
MemFree:         1296644 kB
MemAvailable:    1526136 kB
Buffers:           49152 kB
Cached:           306192 kB
MemTotal:        1844596 kB
MemFree:         1294048 kB
MemAvailable:    1523540 kB
Buffers:           49152 kB
Cached:           306192 kB
MemTotal:        1844596 kB
MemFree:         1295092 kB
MemAvailable:    1524584 kB
Buffers:           49152 kB
Cached:           306192 kB
MemTotal:        1844596 kB
MemFree:         1293784 kB
MemAvailable:    1523276 kB
Buffers:           49152 kB
Cached:           306192 kB
MemTotal:        1844596 kB
MemFree:         1293676 kB
MemAvailable:    1523168 kB
Buffers:           49152 kB
Cached:           306192 kB
MemTotal:        1844596 kB
MemFree:         1293544 kB
MemAvailable:    1523036 kB
Buffers:           49152 kB
Cached:           306192 kB
MemTotal:        1844596 kB
MemFree:         1293676 kB
MemAvailable:    1523168 kB
Buffers:           49152 kB
Cached:           306192 kB
MemTotal:        1844596 kB
MemFree:         1293552 kB
MemAvailable:    1523044 kB
Buffers:           49152 kB
Cached:           306192 kB
MemTotal:        1844596 kB
MemFree:         1293676 kB
MemAvailable:    1523168 kB
Buffers:           49152 kB
Cached:           306192 kB
MemTotal:        1844596 kB
MemFree:         1293676 kB
MemAvailable:    1523168 kB
Buffers:           49152 kB
Cached:           306192 kB
MemTotal:        1844596 kB
MemFree:         1294852 kB
MemAvailable:    1524344 kB
Buffers:           49152 kB
Cached:           306192 kB
MemTotal:        1844596 kB
MemFree:         1293544 kB
MemAvailable:    1523036 kB
Buffers:           49152 kB
Cached:           306192 kB
MemTotal:        1844596 kB
MemFree:         1293668 kB
MemAvailable:    1523160 kB
Buffers:           49152 kB
Cached:           306192 kB
MemTotal:        1844596 kB
MemFree:         1294416 kB
MemAvailable:    1523908 kB
Buffers:           49152 kB
Cached:           306192 kB
MemTotal:        1844596 kB
MemFree:         1293104 kB
MemAvailable:    1522596 kB
Buffers:           49152 kB
Cached:           306192 kB
MemTotal:        1844596 kB
MemFree:         1293236 kB
MemAvailable:    1522728 kB
Buffers:           49152 kB
Cached:           306192 kB
MemTotal:        1844596 kB
MemFree:         1293236 kB
MemAvailable:    1522728 kB
Buffers:           49152 kB
Cached:           306192 kB
MemTotal:        1844596 kB
MemFree:         1294108 kB
MemAvailable:    1523600 kB
Buffers:           49152 kB
Cached:           306192 kB
MemTotal:        1844596 kB
MemFree:         1294124 kB
MemAvailable:    1523616 kB
Buffers:           49152 kB
Cached:           306192 kB
MemTotal:        1844596 kB
MemFree:         1293528 kB
MemAvailable:    1523020 kB
Buffers:           49152 kB
Cached:           306192 kB
MemTotal:        1844596 kB
MemFree:         1293528 kB
MemAvailable:    1523020 kB
Buffers:           49152 kB
Cached:           306192 kB
MemTotal:        1844596 kB
MemFree:         1293056 kB
MemAvailable:    1522548 kB
Buffers:           49152 kB
Cached:           306192 kB
MemTotal:        1844596 kB
MemFree:         1292916 kB
MemAvailable:    1522408 kB
Buffers:           49152 kB
Cached:           306192 kB
MemTotal:        1844596 kB
MemFree:         1292860 kB
MemAvailable:    1522352 kB
Buffers:           49152 kB
Cached:           306192 kB
MemTotal:        1844596 kB
MemFree:         1291752 kB
MemAvailable:    1521244 kB
Buffers:           49152 kB
Cached:           306192 kB
MemTotal:        1844596 kB
MemFree:         1290700 kB
MemAvailable:    1520192 kB
Buffers:           49152 kB
Cached:           306192 kB
MemTotal:        1844596 kB
MemFree:         1291740 kB
MemAvailable:    1521232 kB
Buffers:           49152 kB
Cached:           306192 kB
MemTotal:        1844596 kB
MemFree:         1290452 kB
MemAvailable:    1519944 kB
Buffers:           49152 kB
Cached:           306192 kB
MemTotal:        1844596 kB
MemFree:         1290272 kB
MemAvailable:    1519764 kB
Buffers:           49152 kB
Cached:           306192 kB
MemTotal:        1844596 kB
MemFree:         1291296 kB
MemAvailable:    1520788 kB
Buffers:           49152 kB
Cached:           306192 kB
MemTotal:        1844596 kB
MemFree:         1291296 kB
MemAvailable:    1520788 kB
Buffers:           49152 kB
Cached:           306192 kB
MemTotal:        1844596 kB
MemFree:         1290860 kB
MemAvailable:    1520352 kB
Buffers:           49152 kB
Cached:           306192 kB
MemTotal:        1844596 kB
MemFree:         1291028 kB
MemAvailable:    1520520 kB
Buffers:           49152 kB
Cached:           306192 kB
MemTotal:        1844596 kB
MemFree:         1289560 kB
MemAvailable:    1519052 kB
Buffers:           49152 kB
Cached:           306192 kB
MemTotal:        1844596 kB
MemFree:         1290488 kB
MemAvailable:    1519980 kB
Buffers:           49152 kB
Cached:           306192 kB
MemTotal:        1844596 kB
MemFree:         1290656 kB
MemAvailable:    1520148 kB
Buffers:           49152 kB
Cached:           306192 kB
MemTotal:        1844596 kB
MemFree:         1290472 kB
MemAvailable:    1519964 kB
Buffers:           49152 kB
Cached:           306192 kB
MemTotal:        1844596 kB
MemFree:         1290808 kB
MemAvailable:    1520300 kB
Buffers:           49152 kB
Cached:           306192 kB
MemTotal:        1844596 kB
MemFree:         1289328 kB
MemAvailable:    1518820 kB
Buffers:           49152 kB
Cached:           306192 kB
MemTotal:        1844596 kB
MemFree:         1290700 kB
MemAvailable:    1520192 kB
Buffers:           49152 kB
Cached:           306192 kB
MemTotal:        1844596 kB
MemFree:         1290188 kB
MemAvailable:    1519680 kB
Buffers:           49152 kB
Cached:           306192 kB
MemTotal:        1844596 kB
MemFree:         1290188 kB
MemAvailable:    1519680 kB
Buffers:           49152 kB
Cached:           306192 kB
MemTotal:        1844596 kB
MemFree:         1285972 kB
MemAvailable:    1515464 kB
Buffers:           49152 kB
Cached:           306192 kB
MemTotal:        1844596 kB
MemFree:         1285852 kB
MemAvailable:    1515352 kB
Buffers:           49152 kB
Cached:           306200 kB
MemTotal:        1844596 kB
MemFree:         1283684 kB
MemAvailable:    1513268 kB
Buffers:           49152 kB
Cached:           306324 kB
MemTotal:        1844596 kB
MemFree:         1283852 kB
MemAvailable:    1513436 kB
Buffers:           49152 kB
Cached:           306324 kB
MemTotal:        1844596 kB
MemFree:         1282384 kB
MemAvailable:    1512056 kB
Buffers:           49152 kB
Cached:           306452 kB
MemTotal:        1844596 kB
MemFree:         1282268 kB
MemAvailable:    1512108 kB
Buffers:           49152 kB
Cached:           306576 kB
MemTotal:        1844596 kB
MemFree:         1282144 kB
MemAvailable:    1512068 kB
Buffers:           49152 kB
Cached:           306700 kB
MemTotal:        1844596 kB
MemFree:         1283336 kB
MemAvailable:    1513344 kB
Buffers:           49152 kB
Cached:           306700 kB
MemTotal:        1844596 kB
MemFree:         1281888 kB
MemAvailable:    1511980 kB
Buffers:           49152 kB
Cached:           306824 kB
MemTotal:        1844596 kB
MemFree:         1282948 kB
MemAvailable:    1513040 kB
Buffers:           49152 kB
Cached:           306824 kB
MemTotal:        1844596 kB
MemFree:         1283200 kB
MemAvailable:    1513292 kB
Buffers:           49152 kB
Cached:           306824 kB
MemTotal:        1844596 kB
MemFree:         1281884 kB
MemAvailable:    1512060 kB
Buffers:           49152 kB
Cached:           306824 kB
MemTotal:        1844596 kB
MemFree:         1282012 kB
MemAvailable:    1512188 kB
Buffers:           49152 kB
Cached:           306824 kB
MemTotal:        1844596 kB
MemFree:         1281896 kB
MemAvailable:    1512072 kB
Buffers:           49152 kB
Cached:           306824 kB
MemTotal:        1844596 kB
MemFree:         1283196 kB
MemAvailable:    1513372 kB
Buffers:           49152 kB
Cached:           306824 kB
MemTotal:        1844596 kB
MemFree:         1281840 kB
MemAvailable:    1512016 kB
Buffers:           49152 kB
Cached:           306824 kB
MemTotal:        1844596 kB
MemFree:         1283032 kB
MemAvailable:    1513208 kB
Buffers:           49152 kB
Cached:           306824 kB
MemTotal:        1844596 kB
MemFree:         1283204 kB
MemAvailable:    1513380 kB
Buffers:           49152 kB
Cached:           306824 kB
MemTotal:        1844596 kB
MemFree:         1283216 kB
MemAvailable:    1512804 kB
Buffers:           49152 kB
Cached:           306192 kB
MemTotal:        1844596 kB
MemFree:         1283252 kB
MemAvailable:    1512840 kB
Buffers:           49152 kB
Cached:           306192 kB
MemTotal:        1844596 kB
MemFree:         1351812 kB
MemAvailable:    1581400 kB
Buffers:           49152 kB
Cached:           306192 kB
