MemTotal:        1844596 kB
MemFree:         1380576 kB
MemAvailable:    1562292 kB
Buffers:           43960 kB
Cached:           267828 kB
MemTotal:        1844596 kB
MemFree:         1378776 kB
MemAvailable:    1560492 kB
Buffers:           43960 kB
Cached:           267828 kB
MemTotal:        1844596 kB
MemFree:         1376856 kB
MemAvailable:    1558572 kB
Buffers:           43960 kB
Cached:           267828 kB
MemTotal:        1844596 kB
MemFree:         1376668 kB
MemAvailable:    1558384 kB
Buffers:           43960 kB
Cached:           267828 kB
MemTotal:        1844596 kB
MemFree:         1374252 kB
MemAvailable:    1555968 kB
Buffers:           43960 kB
Cached:           267828 kB
MemTotal:        1844596 kB
MemFree:         1374484 kB
MemAvailable:    1556200 kB
Buffers:           43960 kB
Cached:           267828 kB
MemTotal:        1844596 kB
MemFree:         1373136 kB
MemAvailable:    1554852 kB
Buffers:           43960 kB
Cached:           267828 kB
MemTotal:        1844596 kB
MemFree:         1371956 kB
MemAvailable:    1553672 kB
Buffers:           43960 kB
Cached:           267828 kB
MemTotal:        1844596 kB
MemFree:         1368300 kB
MemAvailable:    1550016 kB
Buffers:           43960 kB
Cached:           267828 kB
MemTotal:        1844596 kB
MemFree:         1366004 kB
MemAvailable:    1547720 kB
Buffers:           43960 kB
Cached:           267828 kB
MemTotal:        1844596 kB
MemFree:         1362968 kB
MemAvailable:    1544684 kB
Buffers:           43960 kB
Cached:           267828 kB
MemTotal:        1844596 kB
MemFree:         1365176 kB
MemAvailable:    1546892 kB
Buffers:           43960 kB
Cached:           267828 kB
MemTotal:        1844596 kB
MemFree:         1365428 kB
MemAvailable:    1547144 kB
Buffers:           43960 kB
Cached:           267828 kB
MemTotal:        1844596 kB
MemFree:         1364084 kB
MemAvailable:    1545800 kB
Buffers:           43960 kB
Cached:           267828 kB
MemTotal:        1844596 kB
MemFree:         1364572 kB
MemAvailable:    1546288 kB
Buffers:           43960 kB
Cached:           267828 kB
MemTotal:        1844596 kB
MemFree:         1365384 kB
MemAvailable:    1547100 kB
Buffers:           43960 kB
Cached:           267828 kB
MemTotal:        1844596 kB
MemFree:         1365044 kB
MemAvailable:    1546760 kB
Buffers:           43960 kB
Cached:           267828 kB
MemTotal:        1844596 kB
MemFree:         1365380 kB
MemAvailable:    1547096 kB
Buffers:           43960 kB
Cached:           267828 kB
MemTotal:        1844596 kB
MemFree:         1362960 kB
MemAvailable:    1544676 kB
Buffers:           43960 kB
Cached:           267828 kB
MemTotal:        1844596 kB
MemFree:         1363404 kB
MemAvailable:    1545120 kB
Buffers:           43960 kB
Cached:           267828 kB
MemTotal:        1844596 kB
MemFree:         1362048 kB
MemAvailable:    1543764 kB
Buffers:           43960 kB
Cached:           267828 kB
MemTotal:        1844596 kB
MemFree:         1362740 kB
MemAvailable:    1544456 kB
Buffers:           43960 kB
Cached:           267828 kB
MemTotal:        1844596 kB
MemFree:         1362824 kB
MemAvailable:    1544540 kB
Buffers:           43960 kB
Cached:           267828 kB
MemTotal:        1844596 kB
MemFree:         1362616 kB
MemAvailable:    1544332 kB
Buffers:           43960 kB
Cached:           267828 kB
MemTotal:        1844596 kB
MemFree:         1362616 kB
MemAvailable:    1544332 kB
Buffers:           43960 kB
Cached:           267828 kB
MemTotal:        1844596 kB
MemFree:         1362508 kB
MemAvailable:    1544224 kB
Buffers:           43960 kB
Cached:           267828 kB
MemTotal:        1844596 kB
MemFree:         1362844 kB
MemAvailable:    1544560 kB
Buffers:           43960 kB
Cached:           267828 kB
MemTotal:        1844596 kB
MemFree:         1361568 kB
MemAvailable:    1543284 kB
Buffers:           43960 kB
Cached:           267828 kB
MemTotal:        1844596 kB
MemFree:         1362752 kB
MemAvailable:    1544468 kB
Buffers:           43960 kB
Cached:           267828 kB
MemTotal:        1844596 kB
MemFree:         1362100 kB
MemAvailable:    1543816 kB
Buffers:           43960 kB
Cached:           267828 kB
MemTotal:        1844596 kB
MemFree:         1364272 kB
MemAvailable:    1545988 kB
Buffers:           43960 kB
Cached:           267828 kB
MemTotal:        1844596 kB
MemFree:         1363972 kB
MemAvailable:    1545688 kB
Buffers:           43960 kB
Cached:           267828 kB
MemTotal:        1844596 kB
MemFree:         1361976 kB
MemAvailable:    1543692 kB
Buffers:           43960 kB
Cached:           267828 kB
MemTotal:        1844596 kB
MemFree:         1361304 kB
MemAvailable:    1543020 kB
Buffers:           43960 kB
Cached:           267828 kB
MemTotal:        1844596 kB
MemFree:         1360464 kB
MemAvailable:    1542180 kB
Buffers:           43960 kB
Cached:           267828 kB
MemTotal:        1844596 kB
MemFree:         1360716 kB
MemAvailable:    1542432 kB
Buffers:           43960 kB
Cached:           267828 kB
MemTotal:        1844596 kB
MemFree:         1359804 kB
MemAvailable:    1541520 kB
Buffers:           43960 kB
Cached:           267828 kB
MemTotal:        1844596 kB
MemFree:         1359672 kB
MemAvailable:    1541388 kB
Buffers:           43960 kB
Cached:           267828 kB
MemTotal:        1844596 kB
MemFree:         1358380 kB
MemAvailable:    1540096 kB
Buffers:           43960 kB
Cached:           267828 kB
MemTotal:        1844596 kB
MemFree:         1357760 kB
MemAvailable:    1539476 kB
Buffers:           43960 kB
Cached:           267828 kB
MemTotal:        1844596 kB
MemFree:         1358728 kB
MemAvailable:    1540444 kB
Buffers:           43960 kB
Cached:           267828 kB
MemTotal:        1844596 kB
MemFree:         1358812 kB
MemAvailable:    1540528 kB
Buffers:           43960 kB
Cached:           267828 kB
MemTotal:        1844596 kB
MemFree:         1358624 kB
MemAvailable:    1540340 kB
Buffers:           43960 kB
Cached:           267828 kB
MemTotal:        1844596 kB
MemFree:         1358544 kB
MemAvailable:    1540260 kB
Buffers:           43960 kB
Cached:           267828 kB
MemTotal:        1844596 kB
MemFree:         1358544 kB
MemAvailable:    1540260 kB
Buffers:           43960 kB
Cached:           267828 kB
MemTotal:        1844596 kB
MemFree:         1358424 kB
MemAvailable:    1540140 kB
Buffers:           43960 kB
Cached:           267828 kB
MemTotal:        1844596 kB
MemFree:         1358092 kB
MemAvailable:    1539808 kB
Buffers:           43960 kB
Cached:           267828 kB
MemTotal:        1844596 kB
MemFree:         1358092 kB
MemAvailable:    1539808 kB
Buffers:           43960 kB
Cached:           267828 kB
MemTotal:        1844596 kB
MemFree:         1356768 kB
MemAvailable:    1538492 kB
Buffers:           43960 kB
Cached:           267836 kB
MemTotal:        1844596 kB
MemFree:         1357564 kB
MemAvailable:    1539288 kB
Buffers:           43960 kB
Cached:           267836 kB
MemTotal:        1844596 kB
MemFree:         1357984 kB
MemAvailable:    1539708 kB
Buffers:           43960 kB
Cached:           267836 kB
MemTotal:        1844596 kB
MemFree:         1357680 kB
MemAvailable:    1539404 kB
Buffers:           43960 kB
Cached:           267836 kB
MemTotal:        1844596 kB
MemFree:         1356900 kB
MemAvailable:    1538624 kB
Buffers:           43960 kB
Cached:           267836 kB
MemTotal:        1844596 kB
MemFree:         1357692 kB
MemAvailable:    1539416 kB
Buffers:           43960 kB
Cached:           267836 kB
MemTotal:        1844596 kB
MemFree:         1357644 kB
MemAvailable:    1539368 kB
Buffers:           43960 kB
Cached:           267836 kB
MemTotal:        1844596 kB
MemFree:         1357680 kB
MemAvailable:    1539404 kB
Buffers:           43960 kB
Cached:           267836 kB
MemTotal:        1844596 kB
MemFree:         1356404 kB
MemAvailable:    1538128 kB
Buffers:           43960 kB
Cached:           267836 kB
MemTotal:        1844596 kB
MemFree:         1356892 kB
MemAvailable:    1538616 kB
Buffers:           43960 kB
Cached:           267836 kB
MemTotal:        1844596 kB
MemFree:         1356644 kB
MemAvailable:    1538368 kB
Buffers:           43960 kB
Cached:           267836 kB
MemTotal:        1844596 kB
MemFree:         1357760 kB
MemAvailable:    1539484 kB
Buffers:           43960 kB
Cached:           267836 kB
MemTotal:        1844596 kB
MemFree:         1357440 kB
MemAvailable:    1539164 kB
Buffers:           43960 kB
Cached:           267836 kB
MemTotal:        1844596 kB
MemFree:         1357440 kB
MemAvailable:    1539164 kB
Buffers:           43960 kB
Cached:           267836 kB
MemTotal:        1844596 kB
MemFree:         1357576 kB
MemAvailable:    1539300 kB
Buffers:           43960 kB
Cached:           267836 kB
MemTotal:        1844596 kB
MemFree:         1357576 kB
MemAvailable:    1539300 kB
Buffers:           43960 kB
Cached:           267836 kB
MemTotal:        1844596 kB
MemFree:         1357256 kB
MemAvailable:    1538980 kB
Buffers:           43960 kB
Cached:           267836 kB
MemTotal:        1844596 kB
MemFree:         1356156 kB
MemAvailable:    1537880 kB
Buffers:           43960 kB
Cached:           267836 kB
MemTotal:        1844596 kB
MemFree:         1356580 kB
MemAvailable:    1538304 kB
Buffers:           43960 kB
Cached:           267836 kB
MemTotal:        1844596 kB
MemFree:         1356720 kB
MemAvailable:    1538444 kB
Buffers:           43960 kB
Cached:           267836 kB
MemTotal:        1844596 kB
MemFree:         1356688 kB
MemAvailable:    1538412 kB
Buffers:           43960 kB
Cached:           267836 kB
MemTotal:        1844596 kB
MemFree:         1356156 kB
MemAvailable:    1537756 kB
Buffers:           43960 kB
Cached:           267836 kB
MemTotal:        1844596 kB
MemFree:         1356700 kB
MemAvailable:    1538424 kB
Buffers:           43960 kB
Cached:           267836 kB
MemTotal:        1844596 kB
MemFree:         1355352 kB
MemAvailable:    1537076 kB
Buffers:           43960 kB
Cached:           267836 kB
MemTotal:        1844596 kB
MemFree:         1356652 kB
MemAvailable:    1538376 kB
Buffers:           43960 kB
Cached:           267836 kB
MemTotal:        1844596 kB
MemFree:         1356772 kB
MemAvailable:    1538496 kB
Buffers:           43960 kB
Cached:           267836 kB
MemTotal:        1844596 kB
MemFree:         1355632 kB
MemAvailable:    1537356 kB
Buffers:           43960 kB
Cached:           267836 kB
MemTotal:        1844596 kB
MemFree:         1356576 kB
MemAvailable:    1538300 kB
Buffers:           43960 kB
Cached:           267836 kB
MemTotal:        1844596 kB
MemFree:         1355364 kB
MemAvailable:    1537088 kB
Buffers:           43960 kB
Cached:           267836 kB
MemTotal:        1844596 kB
MemFree:         1355652 kB
MemAvailable:    1537376 kB
Buffers:           43960 kB
Cached:           267836 kB
MemTotal:        1844596 kB
MemFree:         1354164 kB
MemAvailable:    1535892 kB
Buffers:           43960 kB
Cached:           267840 kB
MemTotal:        1844596 kB
MemFree:         1352744 kB
MemAvailable:    1534472 kB
Buffers:           43960 kB
Cached:           267840 kB
MemTotal:        1844596 kB
MemFree:         1351072 kB
MemAvailable:    1532800 kB
Buffers:           43960 kB
Cached:           267840 kB
MemTotal:        1844596 kB
MemFree:         1349396 kB
MemAvailable:    1531124 kB
Buffers:           43960 kB
Cached:           267840 kB
MemTotal:        1844596 kB
MemFree:         1349140 kB
MemAvailable:    1530868 kB
Buffers:           43960 kB
Cached:           267840 kB
MemTotal:        1844596 kB
MemFree:         1349008 kB
MemAvailable:    1530736 kB
Buffers:           43960 kB
Cached:           267840 kB
MemTotal:        1844596 kB
MemFree:         1348964 kB
MemAvailable:    1530692 kB
Buffers:           43960 kB
Cached:           267840 kB
MemTotal:        1844596 kB
MemFree:         1347848 kB
MemAvailable:    1529576 kB
Buffers:           43960 kB
Cached:           267840 kB
MemTotal:        1844596 kB
MemFree:         1348652 kB
MemAvailable:    1530380 kB
Buffers:           43960 kB
Cached:           267840 kB
MemTotal:        1844596 kB
MemFree:         1348800 kB
MemAvailable:    1530528 kB
Buffers:           43960 kB
Cached:           267840 kB
MemTotal:        1844596 kB
MemFree:         1348840 kB
MemAvailable:    1530568 kB
Buffers:           43960 kB
Cached:           267840 kB
MemTotal:        1844596 kB
MemFree:         1348096 kB
MemAvailable:    1529824 kB
Buffers:           43960 kB
Cached:           267840 kB
MemTotal:        1844596 kB
MemFree:         1348596 kB
MemAvailable:    1530324 kB
Buffers:           43960 kB
Cached:           267840 kB
MemTotal:        1844596 kB
MemFree:         1348780 kB
MemAvailable:    1530508 kB
Buffers:           43960 kB
Cached:           267840 kB
MemTotal:        1844596 kB
MemFree:         1348784 kB
MemAvailable:    1530512 kB
Buffers:           43960 kB
Cached:           267840 kB
MemTotal:        1844596 kB
MemFree:         1348696 kB
MemAvailable:    1530424 kB
Buffers:           43960 kB
Cached:           267840 kB
MemTotal:        1844596 kB
MemFree:         1347972 kB
MemAvailable:    1529700 kB
Buffers:           43960 kB
Cached:           267840 kB
MemTotal:        1844596 kB
MemFree:         1348764 kB
MemAvailable:    1530492 kB
Buffers:           43960 kB
Cached:           267840 kB
MemTotal:        1844596 kB
MemFree:         1348656 kB
MemAvailable:    1530384 kB
Buffers:           43960 kB
Cached:           267840 kB
MemTotal:        1844596 kB
MemFree:         1347344 kB
MemAvailable:    1529072 kB
Buffers:           43960 kB
Cached:           267840 kB
MemTotal:        1844596 kB
MemFree:         1347220 kB
MemAvailable:    1528948 kB
Buffers:           43960 kB
Cached:           267840 kB
MemTotal:        1844596 kB
MemFree:         1347228 kB
MemAvailable:    1528956 kB
Buffers:           43960 kB
Cached:           267840 kB
MemTotal:        1844596 kB
MemFree:         1347600 kB
MemAvailable:    1529328 kB
Buffers:           43960 kB
Cached:           267840 kB
MemTotal:        1844596 kB
MemFree:         1347708 kB
MemAvailable:    1529436 kB
Buffers:           43960 kB
Cached:           267840 kB
MemTotal:        1844596 kB
MemFree:         1347580 kB
MemAvailable:    1529308 kB
Buffers:           43960 kB
Cached:           267840 kB
MemTotal:        1844596 kB
MemFree:         1346236 kB
MemAvailable:    1527964 kB
Buffers:           43960 kB
Cached:           267840 kB
MemTotal:        1844596 kB
MemFree:         1346916 kB
MemAvailable:    1528644 kB
Buffers:           43960 kB
Cached:           267840 kB
MemTotal:        1844596 kB
MemFree:         1346984 kB
MemAvailable:    1528712 kB
Buffers:           43960 kB
Cached:           267840 kB
MemTotal:        1844596 kB
MemFree:         1346172 kB
MemAvailable:    1527900 kB
Buffers:           43960 kB
Cached:           267840 kB
MemTotal:        1844596 kB
MemFree:         1344996 kB
MemAvailable:    1526724 kB
Buffers:           43960 kB
Cached:           267840 kB
MemTotal:        1844596 kB
MemFree:         1345580 kB
MemAvailable:    1527308 kB
Buffers:           43960 kB
Cached:           267840 kB
MemTotal:        1844596 kB
MemFree:         1345916 kB
MemAvailable:    1527644 kB
Buffers:           43960 kB
Cached:           267840 kB
MemTotal:        1844596 kB
MemFree:         1345552 kB
MemAvailable:    1527280 kB
Buffers:           43960 kB
Cached:           267840 kB
MemTotal:        1844596 kB
MemFree:         1344624 kB
MemAvailable:    1526352 kB
Buffers:           43960 kB
Cached:           267840 kB
MemTotal:        1844596 kB
MemFree:         1345168 kB
MemAvailable:    1526896 kB
Buffers:           43960 kB
Cached:           267840 kB
MemTotal:        1844596 kB
MemFree:         1345036 kB
MemAvailable:    1526764 kB
Buffers:           43960 kB
Cached:           267840 kB
MemTotal:        1844596 kB
MemFree:         1343472 kB
MemAvailable:    1525200 kB
Buffers:           43960 kB
Cached:           267840 kB
MemTotal:        1844596 kB
MemFree:         1343832 kB
MemAvailable:    1525560 kB
Buffers:           43960 kB
Cached:           267840 kB
MemTotal:        1844596 kB
MemFree:         1344688 kB
MemAvailable:    1526416 kB
Buffers:           43960 kB
Cached:           267840 kB
MemTotal:        1844596 kB
MemFree:         1344852 kB
MemAvailable:    1526580 kB
Buffers:           43960 kB
Cached:           267840 kB
MemTotal:        1844596 kB
MemFree:         1344636 kB
MemAvailable:    1526364 kB
Buffers:           43960 kB
Cached:           267840 kB
MemTotal:        1844596 kB
MemFree:         1344828 kB
MemAvailable:    1526556 kB
Buffers:           43960 kB
Cached:           267840 kB
MemTotal:        1844596 kB
MemFree:         1343572 kB
MemAvailable:    1525300 kB
Buffers:           43960 kB
Cached:           267840 kB
MemTotal:        1844596 kB
MemFree:         1343616 kB
MemAvailable:    1525344 kB
Buffers:           43960 kB
Cached:           267840 kB
MemTotal:        1844596 kB
MemFree:         1344700 kB
MemAvailable:    1526428 kB
Buffers:           43960 kB
Cached:           267840 kB
MemTotal:        1844596 kB
MemFree:         1344436 kB
MemAvailable:    1526164 kB
Buffers:           43960 kB
Cached:           267840 kB
MemTotal:        1844596 kB
MemFree:         1340516 kB
MemAvailable:    1522244 kB
Buffers:           43960 kB
Cached:           267840 kB
MemTotal:        1844596 kB
MemFree:         1340516 kB
MemAvailable:    1522244 kB
Buffers:           43960 kB
Cached:           267840 kB
MemTotal:        1844596 kB
MemFree:         1338112 kB
MemAvailable:    1519924 kB
Buffers:           43960 kB
Cached:           267964 kB
MemTotal:        1844596 kB
MemFree:         1337980 kB
MemAvailable:    1519792 kB
Buffers:           43960 kB
Cached:           267964 kB
MemTotal:        1844596 kB
MemFree:         1336564 kB
MemAvailable:    1518460 kB
Buffers:           43960 kB
Cached:           268088 kB
MemTotal:        1844596 kB
MemFree:         1337644 kB
MemAvailable:    1519624 kB
Buffers:           43960 kB
Cached:           268212 kB
MemTotal:        1844596 kB
MemFree:         1337852 kB
MemAvailable:    1519832 kB
Buffers:           43960 kB
Cached:           268212 kB
MemTotal:        1844596 kB
MemFree:         1337416 kB
MemAvailable:    1519704 kB
Buffers:           43960 kB
Cached:           268404 kB
MemTotal:        1844596 kB
MemFree:         1337500 kB
MemAvailable:    1519788 kB
Buffers:           43960 kB
Cached:           268404 kB
MemTotal:        1844596 kB
MemFree:         1337436 kB
MemAvailable:    1519724 kB
Buffers:           43960 kB
Cached:           268404 kB
MemTotal:        1844596 kB
MemFree:         1337404 kB
MemAvailable:    1519776 kB
Buffers:           43960 kB
Cached:           268528 kB
MemTotal:        1844596 kB
MemFree:         1337412 kB
MemAvailable:    1519784 kB
Buffers:           43960 kB
Cached:           268528 kB
MemTotal:        1844596 kB
MemFree:         1337348 kB
MemAvailable:    1519720 kB
Buffers:           43960 kB
Cached:           268528 kB
MemTotal:        1844596 kB
MemFree:         1336124 kB
MemAvailable:    1518496 kB
Buffers:           43960 kB
Cached:           268528 kB
MemTotal:        1844596 kB
MemFree:         1337300 kB
MemAvailable:    1519672 kB
Buffers:           43960 kB
Cached:           268528 kB
MemTotal:        1844596 kB
MemFree:         1337128 kB
MemAvailable:    1519500 kB
Buffers:           43960 kB
Cached:           268528 kB
MemTotal:        1844596 kB
MemFree:         1337464 kB
MemAvailable:    1519836 kB
Buffers:           43960 kB
Cached:           268528 kB
MemTotal:        1844596 kB
MemFree:         1337856 kB
MemAvailable:    1519640 kB
Buffers:           43960 kB
Cached:           267896 kB
MemTotal:        1844596 kB
MemFree:         1336772 kB
MemAvailable:    1518556 kB
Buffers:           43968 kB
Cached:           267888 kB
MemTotal:        1844596 kB
MemFree:         1404948 kB
MemAvailable:    1586668 kB
Buffers:           43972 kB
Cached:           267824 kB
