MemTotal:        1844596 kB
MemFree:         1499232 kB
MemAvailable:    1567836 kB
Buffers:           28964 kB
Cached:           173612 kB
MemTotal:        1844596 kB
MemFree:         1498184 kB
MemAvailable:    1566788 kB
Buffers:           28964 kB
Cached:           173612 kB
MemTotal:        1844596 kB
MemFree:         1494892 kB
MemAvailable:    1563496 kB
Buffers:           28964 kB
Cached:           173612 kB
MemTotal:        1844596 kB
MemFree:         1495892 kB
MemAvailable:    1564496 kB
Buffers:           28964 kB
Cached:           173612 kB
MemTotal:        1844596 kB
MemFree:         1494836 kB
MemAvailable:    1563440 kB
Buffers:           28964 kB
Cached:           173612 kB
MemTotal:        1844596 kB
MemFree:         1494504 kB
MemAvailable:    1563108 kB
Buffers:           28964 kB
Cached:           173612 kB
MemTotal:        1844596 kB
MemFree:         1494504 kB
MemAvailable:    1563108 kB
Buffers:           28964 kB
Cached:           173612 kB
MemTotal:        1844596 kB
MemFree:         1490660 kB
MemAvailable:    1559264 kB
Buffers:           28964 kB
Cached:           173612 kB
MemTotal:        1844596 kB
MemFree:         1490620 kB
MemAvailable:    1559224 kB
Buffers:           28964 kB
Cached:           173612 kB
MemTotal:        1844596 kB
MemFree:         1487832 kB
MemAvailable:    1556436 kB
Buffers:           28964 kB
Cached:           173612 kB
MemTotal:        1844596 kB
MemFree:         1484112 kB
MemAvailable:    1552716 kB
Buffers:           28964 kB
Cached:           173612 kB
MemTotal:        1844596 kB
MemFree:         1484712 kB
MemAvailable:    1553316 kB
Buffers:           28964 kB
Cached:           173612 kB
MemTotal:        1844596 kB
MemFree:         1483448 kB
MemAvailable:    1552052 kB
Buffers:           28964 kB
Cached:           173612 kB
MemTotal:        1844596 kB
MemFree:         1483808 kB
MemAvailable:    1552412 kB
Buffers:           28964 kB
Cached:           173612 kB
MemTotal:        1844596 kB
MemFree:         1484540 kB
MemAvailable:    1553144 kB
Buffers:           28964 kB
Cached:           173612 kB
MemTotal:        1844596 kB
MemFree:         1484704 kB
MemAvailable:    1553308 kB
Buffers:           28964 kB
Cached:           173612 kB
MemTotal:        1844596 kB
MemFree:         1483988 kB
MemAvailable:    1552592 kB
Buffers:           28964 kB
Cached:           173612 kB
MemTotal:        1844596 kB
MemFree:         1484456 kB
MemAvailable:    1553060 kB
Buffers:           28964 kB
Cached:           173612 kB
MemTotal:        1844596 kB
MemFree:         1484792 kB
MemAvailable:    1553396 kB
Buffers:           28964 kB
Cached:           173612 kB
MemTotal:        1844596 kB
MemFree:         1483104 kB
MemAvailable:    1551708 kB
Buffers:           28964 kB
Cached:           173612 kB
MemTotal:        1844596 kB
MemFree:         1483104 kB
MemAvailable:    1551708 kB
Buffers:           28964 kB
Cached:           173612 kB
MemTotal:        1844596 kB
MemFree:         1480996 kB
MemAvailable:    1549600 kB
Buffers:           28964 kB
Cached:           173612 kB
MemTotal:        1844596 kB
MemFree:         1480872 kB
MemAvailable:    1549476 kB
Buffers:           28964 kB
Cached:           173612 kB
MemTotal:        1844596 kB
MemFree:         1481120 kB
MemAvailable:    1549724 kB
Buffers:           28964 kB
Cached:           173612 kB
MemTotal:        1844596 kB
MemFree:         1480692 kB
MemAvailable:    1549296 kB
Buffers:           28964 kB
Cached:           173612 kB
MemTotal:        1844596 kB
MemFree:         1482356 kB
MemAvailable:    1550960 kB
Buffers:           28964 kB
Cached:           173612 kB
MemTotal:        1844596 kB
MemFree:         1480876 kB
MemAvailable:    1549480 kB
Buffers:           28964 kB
Cached:           173612 kB
MemTotal:        1844596 kB
MemFree:         1482112 kB
MemAvailable:    1550716 kB
Buffers:           28964 kB
Cached:           173612 kB
MemTotal:        1844596 kB
MemFree:         1482112 kB
MemAvailable:    1550716 kB
Buffers:           28964 kB
Cached:           173612 kB
MemTotal:        1844596 kB
MemFree:         1482088 kB
MemAvailable:    1550692 kB
Buffers:           28964 kB
Cached:           173612 kB
MemTotal:        1844596 kB
MemFree:         1482172 kB
MemAvailable:    1550776 kB
Buffers:           28964 kB
Cached:           173612 kB
MemTotal:        1844596 kB
MemFree:         1483536 kB
MemAvailable:    1552140 kB
Buffers:           28964 kB
Cached:           173612 kB
MemTotal:        1844596 kB
MemFree:         1482004 kB
MemAvailable:    1550608 kB
Buffers:           28964 kB
Cached:           173612 kB
MemTotal:        1844596 kB
MemFree:         1480764 kB
MemAvailable:    1549368 kB
Buffers:           28964 kB
Cached:           173612 kB
MemTotal:        1844596 kB
MemFree:         1479880 kB
MemAvailable:    1548484 kB
Buffers:           28964 kB
Cached:           173612 kB
MemTotal:        1844596 kB
MemFree:         1480216 kB
MemAvailable:    1548820 kB
Buffers:           28964 kB
Cached:           173612 kB
MemTotal:        1844596 kB
MemFree:         1479336 kB
MemAvailable:    1547940 kB
Buffers:           28964 kB
Cached:           173612 kB
MemTotal:        1844596 kB
MemFree:         1478044 kB
MemAvailable:    1546664 kB
Buffers:           28964 kB
Cached:           173628 kB
MemTotal:        1844596 kB
MemFree:         1478416 kB
MemAvailable:    1547036 kB
Buffers:           28964 kB
Cached:           173628 kB
MemTotal:        1844596 kB
MemFree:         1478152 kB
MemAvailable:    1546772 kB
Buffers:           28964 kB
Cached:           173628 kB
MemTotal:        1844596 kB
MemFree:         1478404 kB
MemAvailable:    1547024 kB
Buffers:           28964 kB
Cached:           173628 kB
MemTotal:        1844596 kB
MemFree:         1477888 kB
MemAvailable:    1546508 kB
Buffers:           28964 kB
Cached:           173628 kB
MemTotal:        1844596 kB
MemFree:         1478056 kB
MemAvailable:    1546676 kB
Buffers:           28964 kB
Cached:           173628 kB
MemTotal:        1844596 kB
MemFree:         1478044 kB
MemAvailable:    1546664 kB
Buffers:           28964 kB
Cached:           173628 kB
MemTotal:        1844596 kB
MemFree:         1477176 kB
MemAvailable:    1545796 kB
Buffers:           28964 kB
Cached:           173628 kB
MemTotal:        1844596 kB
MemFree:         1478044 kB
MemAvailable:    1546664 kB
Buffers:           28964 kB
Cached:           173628 kB
MemTotal:        1844596 kB
MemFree:         1477920 kB
MemAvailable:    1546540 kB
Buffers:           28964 kB
Cached:           173628 kB
MemTotal:        1844596 kB
MemFree:         1476612 kB
MemAvailable:    1545232 kB
Buffers:           28964 kB
Cached:           173628 kB
MemTotal:        1844596 kB
MemFree:         1477424 kB
MemAvailable:    1546044 kB
Buffers:           28964 kB
Cached:           173628 kB
MemTotal:        1844596 kB
MemFree:         1477228 kB
MemAvailable:    1545848 kB
Buffers:           28964 kB
Cached:           173628 kB
MemTotal:        1844596 kB
MemFree:         1476540 kB
MemAvailable:    1545160 kB
Buffers:           28964 kB
Cached:           173628 kB
MemTotal:        1844596 kB
MemFree:         1475660 kB
MemAvailable:    1544280 kB
Buffers:           28964 kB
Cached:           173628 kB
MemTotal:        1844596 kB
MemFree:         1476960 kB
MemAvailable:    1545580 kB
Buffers:           28964 kB
Cached:           173628 kB
MemTotal:        1844596 kB
MemFree:         1476884 kB
MemAvailable:    1545504 kB
Buffers:           28964 kB
Cached:           173628 kB
MemTotal:        1844596 kB
MemFree:         1477052 kB
MemAvailable:    1545672 kB
Buffers:           28964 kB
Cached:           173628 kB
MemTotal:        1844596 kB
MemFree:         1476832 kB
MemAvailable:    1545452 kB
Buffers:           28964 kB
Cached:           173628 kB
MemTotal:        1844596 kB
MemFree:         1476148 kB
MemAvailable:    1544768 kB
Buffers:           28964 kB
Cached:           173628 kB
MemTotal:        1844596 kB
MemFree:         1475804 kB
MemAvailable:    1544424 kB
Buffers:           28964 kB
Cached:           173628 kB
MemTotal:        1844596 kB
MemFree:         1476300 kB
MemAvailable:    1544920 kB
Buffers:           28964 kB
Cached:           173628 kB
MemTotal:        1844596 kB
MemFree:         1476760 kB
MemAvailable:    1545380 kB
Buffers:           28964 kB
Cached:           173628 kB
MemTotal:        1844596 kB
MemFree:         1476060 kB
MemAvailable:    1544680 kB
Buffers:           28964 kB
Cached:           173628 kB
MemTotal:        1844596 kB
MemFree:         1476784 kB
MemAvailable:    1545404 kB
Buffers:           28964 kB
Cached:           173628 kB
MemTotal:        1844596 kB
MemFree:         1476868 kB
MemAvailable:    1545488 kB
Buffers:           28964 kB
Cached:           173628 kB
MemTotal:        1844596 kB
MemFree:         1476484 kB
MemAvailable:    1545104 kB
Buffers:           28964 kB
Cached:           173628 kB
MemTotal:        1844596 kB
MemFree:         1476236 kB
MemAvailable:    1544856 kB
Buffers:           28964 kB
Cached:           173628 kB
MemTotal:        1844596 kB
MemFree:         1476236 kB
MemAvailable:    1544856 kB
Buffers:           28964 kB
Cached:           173628 kB
MemTotal:        1844596 kB
MemFree:         1476168 kB
MemAvailable:    1544788 kB
Buffers:           28964 kB
Cached:           173628 kB
MemTotal:        1844596 kB
MemFree:         1476140 kB
MemAvailable:    1544760 kB
Buffers:           28976 kB
Cached:           173616 kB
MemTotal:        1844596 kB
MemFree:         1474796 kB
MemAvailable:    1543416 kB
Buffers:           28976 kB
Cached:           173616 kB
MemTotal:        1844596 kB
MemFree:         1476096 kB
MemAvailable:    1544716 kB
Buffers:           28976 kB
Cached:           173616 kB
MemTotal:        1844596 kB
MemFree:         1476284 kB
MemAvailable:    1544904 kB
Buffers:           28976 kB
Cached:           173616 kB
MemTotal:        1844596 kB
MemFree:         1476220 kB
MemAvailable:    1544840 kB
Buffers:           28976 kB
Cached:           173616 kB
MemTotal:        1844596 kB
MemFree:         1474912 kB
MemAvailable:    1543532 kB
Buffers:           28976 kB
Cached:           173616 kB
MemTotal:        1844596 kB
MemFree:         1476172 kB
MemAvailable:    1544792 kB
Buffers:           28976 kB
Cached:           173616 kB
MemTotal:        1844596 kB
MemFree:         1476084 kB
MemAvailable:    1544704 kB
Buffers:           28976 kB
Cached:           173616 kB
MemTotal:        1844596 kB
MemFree:         1476060 kB
MemAvailable:    1544680 kB
Buffers:           28976 kB
Cached:           173616 kB
MemTotal:        1844596 kB
MemFree:         1474680 kB
MemAvailable:    1543300 kB
Buffers:           28976 kB
Cached:           173616 kB
MemTotal:        1844596 kB
MemFree:         1474136 kB
MemAvailable:    1542756 kB
Buffers:           28976 kB
Cached:           173616 kB
MemTotal:        1844596 kB
MemFree:         1471208 kB
MemAvailable:    1539828 kB
Buffers:           28976 kB
Cached:           173616 kB
MemTotal:        1844596 kB
MemFree:         1471532 kB
MemAvailable:    1540152 kB
Buffers:           28976 kB
Cached:           173616 kB
MemTotal:        1844596 kB
MemFree:         1468348 kB
MemAvailable:    1536968 kB
Buffers:           28976 kB
Cached:           173616 kB
MemTotal:        1844596 kB
MemFree:         1468684 kB
MemAvailable:    1537304 kB
Buffers:           28976 kB
Cached:           173616 kB
MemTotal:        1844596 kB
MemFree:         1467984 kB
MemAvailable:    1536604 kB
Buffers:           28976 kB
Cached:           173616 kB
MemTotal:        1844596 kB
MemFree:         1468236 kB
MemAvailable:    1536856 kB
Buffers:           28976 kB
Cached:           173616 kB
MemTotal:        1844596 kB
MemFree:         1466496 kB
MemAvailable:    1535116 kB
Buffers:           28976 kB
Cached:           173616 kB
MemTotal:        1844596 kB
MemFree:         1468308 kB
MemAvailable:    1536928 kB
Buffers:           28976 kB
Cached:           173616 kB
MemTotal:        1844596 kB
MemFree:         1468072 kB
MemAvailable:    1536692 kB
Buffers:           28976 kB
Cached:           173616 kB
MemTotal:        1844596 kB
MemFree:         1468052 kB
MemAvailable:    1536672 kB
Buffers:           28976 kB
Cached:           173616 kB
MemTotal:        1844596 kB
MemFree:         1468184 kB
MemAvailable:    1536804 kB
Buffers:           28976 kB
Cached:           173616 kB
MemTotal:        1844596 kB
MemFree:         1466884 kB
MemAvailable:    1535504 kB
Buffers:           28976 kB
Cached:           173616 kB
MemTotal:        1844596 kB
MemFree:         1467372 kB
MemAvailable:    1535992 kB
Buffers:           28976 kB
Cached:           173616 kB
MemTotal:        1844596 kB
MemFree:         1468188 kB
MemAvailable:    1536808 kB
Buffers:           28976 kB
Cached:           173616 kB
MemTotal:        1844596 kB
MemFree:         1468044 kB
MemAvailable:    1536664 kB
Buffers:           28976 kB
Cached:           173616 kB
MemTotal:        1844596 kB
MemFree:         1468044 kB
MemAvailable:    1536664 kB
Buffers:           28976 kB
Cached:           173616 kB
MemTotal:        1844596 kB
MemFree:         1467928 kB
MemAvailable:    1536548 kB
Buffers:           28976 kB
Cached:           173616 kB
MemTotal:        1844596 kB
MemFree:         1468096 kB
MemAvailable:    1536716 kB
Buffers:           28976 kB
Cached:           173616 kB
MemTotal:        1844596 kB
MemFree:         1467736 kB
MemAvailable:    1536356 kB
Buffers:           28976 kB
Cached:           173616 kB
MemTotal:        1844596 kB
MemFree:         1467988 kB
MemAvailable:    1536608 kB
Buffers:           28976 kB
Cached:           173616 kB
MemTotal:        1844596 kB
MemFree:         1467504 kB
MemAvailable:    1536124 kB
Buffers:           28976 kB
Cached:           173616 kB
MemTotal:        1844596 kB
MemFree:         1466868 kB
MemAvailable:    1535488 kB
Buffers:           28976 kB
Cached:           173616 kB
MemTotal:        1844596 kB
MemFree:         1467204 kB
MemAvailable:    1535824 kB
Buffers:           28976 kB
Cached:           173616 kB
MemTotal:        1844596 kB
MemFree:         1466572 kB
MemAvailable:    1535192 kB
Buffers:           28976 kB
Cached:           173616 kB
MemTotal:        1844596 kB
MemFree:         1466456 kB
MemAvailable:    1535076 kB
Buffers:           28976 kB
Cached:           173616 kB
MemTotal:        1844596 kB
MemFree:         1466392 kB
MemAvailable:    1535012 kB
Buffers:           28976 kB
Cached:           173616 kB
MemTotal:        1844596 kB
MemFree:         1465396 kB
MemAvailable:    1534016 kB
Buffers:           28976 kB
Cached:           173616 kB
MemTotal:        1844596 kB
MemFree:         1463984 kB
MemAvailable:    1532604 kB
Buffers:           28976 kB
Cached:           173616 kB
MemTotal:        1844596 kB
MemFree:         1465340 kB
MemAvailable:    1533960 kB
Buffers:           28976 kB
Cached:           173616 kB
MemTotal:        1844596 kB
MemFree:         1463412 kB
MemAvailable:    1532032 kB
Buffers:           28976 kB
Cached:           173616 kB
MemTotal:        1844596 kB
MemFree:         1464712 kB
MemAvailable:    1533332 kB
Buffers:           28976 kB
Cached:           173616 kB
MemTotal:        1844596 kB
MemFree:         1463364 kB
MemAvailable:    1531984 kB
Buffers:           28976 kB
Cached:           173616 kB
MemTotal:        1844596 kB
MemFree:         1464388 kB
MemAvailable:    1533008 kB
Buffers:           28976 kB
Cached:           173616 kB
MemTotal:        1844596 kB
MemFree:         1464640 kB
MemAvailable:    1533260 kB
Buffers:           28976 kB
Cached:           173616 kB
MemTotal:        1844596 kB
MemFree:         1464132 kB
MemAvailable:    1532752 kB
Buffers:           28976 kB
Cached:           173616 kB
MemTotal:        1844596 kB
MemFree:         1463528 kB
MemAvailable:    1532148 kB
Buffers:           28976 kB
Cached:           173616 kB
MemTotal:        1844596 kB
MemFree:         1463020 kB
MemAvailable:    1531640 kB
Buffers:           28976 kB
Cached:           173616 kB
MemTotal:        1844596 kB
MemFree:         1463996 kB
MemAvailable:    1532616 kB
Buffers:           28976 kB
Cached:           173616 kB
MemTotal:        1844596 kB
MemFree:         1464248 kB
MemAvailable:    1532868 kB
Buffers:           28976 kB
Cached:           173616 kB
MemTotal:        1844596 kB
MemFree:         1464272 kB
MemAvailable:    1532892 kB
Buffers:           28976 kB
Cached:           173616 kB
MemTotal:        1844596 kB
MemFree:         1464192 kB
MemAvailable:    1532812 kB
Buffers:           28976 kB
Cached:           173616 kB
MemTotal:        1844596 kB
MemFree:         1464192 kB
MemAvailable:    1532812 kB
Buffers:           28976 kB
Cached:           173616 kB
MemTotal:        1844596 kB
MemFree:         1463784 kB
MemAvailable:    1532408 kB
Buffers:           28976 kB
Cached:           173620 kB
MemTotal:        1844596 kB
MemFree:         1463712 kB
MemAvailable:    1532336 kB
Buffers:           28976 kB
Cached:           173620 kB
MemTotal:        1844596 kB
MemFree:         1462536 kB
MemAvailable:    1531160 kB
Buffers:           28976 kB
Cached:           173620 kB
MemTotal:        1844596 kB
MemFree:         1458700 kB
MemAvailable:    1527344 kB
Buffers:           28976 kB
Cached:           173640 kB
MemTotal:        1844596 kB
MemFree:         1455220 kB
MemAvailable:    1523864 kB
Buffers:           28976 kB
Cached:           173640 kB
MemTotal:        1844596 kB
MemFree:         1456064 kB
MemAvailable:    1524792 kB
Buffers:           28976 kB
Cached:           173764 kB
MemTotal:        1844596 kB
MemFree:         1456148 kB
MemAvailable:    1524876 kB
Buffers:           28976 kB
Cached:           173764 kB
MemTotal:        1844596 kB
MemFree:         1455892 kB
MemAvailable:    1524704 kB
Buffers:           28976 kB
Cached:           173888 kB
MemTotal:        1844596 kB
MemFree:         1455636 kB
MemAvailable:    1524532 kB
Buffers:           28976 kB
Cached:           174012 kB
MemTotal:        1844596 kB
MemFree:         1454732 kB
MemAvailable:    1523712 kB
Buffers:           28976 kB
Cached:           174012 kB
MemTotal:        1844596 kB
MemFree:         1455280 kB
MemAvailable:    1524428 kB
Buffers:           28976 kB
Cached:           174136 kB
MemTotal:        1844596 kB
MemFree:         1455052 kB
MemAvailable:    1524200 kB
Buffers:           28976 kB
Cached:           174136 kB
MemTotal:        1844596 kB
MemFree:         1455584 kB
MemAvailable:    1524852 kB
Buffers:           28976 kB
Cached:           174300 kB
MemTotal:        1844596 kB
MemFree:         1455920 kB
MemAvailable:    1525188 kB
Buffers:           28976 kB
Cached:           174300 kB
MemTotal:        1844596 kB
MemFree:         1454352 kB
MemAvailable:    1523620 kB
Buffers:           28976 kB
Cached:           174300 kB
MemTotal:        1844596 kB
MemFree:         1454600 kB
MemAvailable:    1523868 kB
Buffers:           28976 kB
Cached:           174300 kB
MemTotal:        1844596 kB
MemFree:         1455576 kB
MemAvailable:    1524844 kB
Buffers:           28976 kB
Cached:           174300 kB
MemTotal:        1844596 kB
MemFree:         1455828 kB
MemAvailable:    1525096 kB
Buffers:           28976 kB
Cached:           174300 kB
MemTotal:        1844596 kB
MemFree:         1455444 kB
MemAvailable:    1524712 kB
Buffers:           28976 kB
Cached:           174300 kB
MemTotal:        1844596 kB
MemFree:         1454220 kB
MemAvailable:    1523488 kB
Buffers:           28976 kB
Cached:           174300 kB
MemTotal:        1844596 kB
MemFree:         1454084 kB
MemAvailable:    1523436 kB
Buffers:           28976 kB
Cached:           174300 kB
MemTotal:        1844596 kB
MemFree:         1455212 kB
MemAvailable:    1523892 kB
Buffers:           28976 kB
Cached:           173668 kB
MemTotal:        1844596 kB
MemFree:         1525188 kB
MemAvailable:    1593868 kB
Buffers:           28976 kB
Cached:           173668 kB
