MemTotal:        1844596 kB
MemFree:         1398192 kB
MemAvailable:    1562456 kB
Buffers:           41896 kB
Cached:           253980 kB
MemTotal:        1844596 kB
MemFree:         1396556 kB
MemAvailable:    1560820 kB
Buffers:           41896 kB
Cached:           253980 kB
MemTotal:        1844596 kB
MemFree:         1396556 kB
MemAvailable:    1560820 kB
Buffers:           41896 kB
Cached:           253980 kB
MemTotal:        1844596 kB
MemFree:         1395276 kB
MemAvailable:    1559540 kB
Buffers:           41896 kB
Cached:           253980 kB
MemTotal:        1844596 kB
MemFree:         1392736 kB
MemAvailable:    1557000 kB
Buffers:           41896 kB
Cached:           253980 kB
MemTotal:        1844596 kB
MemFree:         1393852 kB
MemAvailable:    1558116 kB
Buffers:           41896 kB
Cached:           253980 kB
MemTotal:        1844596 kB
MemFree:         1392860 kB
MemAvailable:    1557124 kB
Buffers:           41896 kB
Cached:           253980 kB
MemTotal:        1844596 kB
MemFree:         1390240 kB
MemAvailable:    1554504 kB
Buffers:           41896 kB
Cached:           253980 kB
MemTotal:        1844596 kB
MemFree:         1390132 kB
MemAvailable:    1554396 kB
Buffers:           41896 kB
Cached:           253980 kB
MemTotal:        1844596 kB
MemFree:         1387340 kB
MemAvailable:    1551604 kB
Buffers:           41896 kB
Cached:           253980 kB
MemTotal:        1844596 kB
MemFree:         1382744 kB
MemAvailable:    1547008 kB
Buffers:           41896 kB
Cached:           253980 kB
MemTotal:        1844596 kB
MemFree:         1382744 kB
MemAvailable:    1547008 kB
Buffers:           41896 kB
Cached:           253980 kB
MemTotal:        1844596 kB
MemFree:         1383816 kB
MemAvailable:    1548080 kB
Buffers:           41896 kB
Cached:           253980 kB
MemTotal:        1844596 kB
MemFree:         1382636 kB
MemAvailable:    1546900 kB
Buffers:           41896 kB
Cached:           253980 kB
MemTotal:        1844596 kB
MemFree:         1383848 kB
MemAvailable:    1548112 kB
Buffers:           41896 kB
Cached:           253980 kB
MemTotal:        1844596 kB
MemFree:         1383600 kB
MemAvailable:    1547864 kB
Buffers:           41896 kB
Cached:           253980 kB
MemTotal:        1844596 kB
MemFree:         1383188 kB
MemAvailable:    1547452 kB
Buffers:           41896 kB
Cached:           253980 kB
MemTotal:        1844596 kB
MemFree:         1383164 kB
MemAvailable:    1547428 kB
Buffers:           41896 kB
Cached:           253980 kB
MemTotal:        1844596 kB
MemFree:         1383376 kB
MemAvailable:    1547640 kB
Buffers:           41896 kB
Cached:           253980 kB
MemTotal:        1844596 kB
MemFree:         1381924 kB
MemAvailable:    1546188 kB
Buffers:           41896 kB
Cached:           253980 kB
MemTotal:        1844596 kB
MemFree:         1381924 kB
MemAvailable:    1546188 kB
Buffers:           41896 kB
Cached:           253980 kB
MemTotal:        1844596 kB
MemFree:         1381452 kB
MemAvailable:    1545716 kB
Buffers:           41896 kB
Cached:           253980 kB
MemTotal:        1844596 kB
MemFree:         1379948 kB
MemAvailable:    1544212 kB
Buffers:           41896 kB
Cached:           253980 kB
MemTotal:        1844596 kB
MemFree:         1380204 kB
MemAvailable:    1544468 kB
Buffers:           41896 kB
Cached:           253980 kB
MemTotal:        1844596 kB
MemFree:         1381380 kB
MemAvailable:    1545644 kB
Buffers:           41896 kB
Cached:           253980 kB
MemTotal:        1844596 kB
MemFree:         1380200 kB
MemAvailable:    1544464 kB
Buffers:           41896 kB
Cached:           253980 kB
MemTotal:        1844596 kB
MemFree:         1380184 kB
MemAvailable:    1544448 kB
Buffers:           41896 kB
Cached:           253980 kB
MemTotal:        1844596 kB
MemFree:         1381252 kB
MemAvailable:    1545516 kB
Buffers:           41896 kB
Cached:           253980 kB
MemTotal:        1844596 kB
MemFree:         1381328 kB
MemAvailable:    1545592 kB
Buffers:           41896 kB
Cached:           253980 kB
MemTotal:        1844596 kB
MemFree:         1379940 kB
MemAvailable:    1544204 kB
Buffers:           41896 kB
Cached:           253980 kB
MemTotal:        1844596 kB
MemFree:         1381500 kB
MemAvailable:    1545764 kB
Buffers:           41896 kB
Cached:           253980 kB
MemTotal:        1844596 kB
MemFree:         1382652 kB
MemAvailable:    1546916 kB
Buffers:           41896 kB
Cached:           253980 kB
MemTotal:        1844596 kB
MemFree:         1382000 kB
MemAvailable:    1546264 kB
Buffers:           41896 kB
Cached:           253980 kB
MemTotal:        1844596 kB
MemFree:         1380088 kB
MemAvailable:    1544352 kB
Buffers:           41896 kB
Cached:           253980 kB
MemTotal:        1844596 kB
MemFree:         1379196 kB
MemAvailable:    1543460 kB
Buffers:           41896 kB
Cached:           253980 kB
MemTotal:        1844596 kB
MemFree:         1379196 kB
MemAvailable:    1543460 kB
Buffers:           41896 kB
Cached:           253980 kB
MemTotal:        1844596 kB
MemFree:         1378660 kB
MemAvailable:    1542924 kB
Buffers:           41896 kB
Cached:           253980 kB
MemTotal:        1844596 kB
MemFree:         1377112 kB
MemAvailable:    1541376 kB
Buffers:           41896 kB
Cached:           253980 kB
MemTotal:        1844596 kB
MemFree:         1377360 kB
MemAvailable:    1541624 kB
Buffers:           41896 kB
Cached:           253980 kB
MemTotal:        1844596 kB
MemFree:         1377344 kB
MemAvailable:    1541608 kB
Buffers:           41896 kB
Cached:           253980 kB
MemTotal:        1844596 kB
MemFree:         1376120 kB
MemAvailable:    1540384 kB
Buffers:           41896 kB
Cached:           253980 kB
MemTotal:        1844596 kB
MemFree:         1376104 kB
MemAvailable:    1540368 kB
Buffers:           41896 kB
Cached:           253980 kB
MemTotal:        1844596 kB
MemFree:         1377040 kB
MemAvailable:    1541304 kB
Buffers:           41896 kB
Cached:           253980 kB
MemTotal:        1844596 kB
MemFree:         1377292 kB
MemAvailable:    1541556 kB
Buffers:           41896 kB
Cached:           253980 kB
MemTotal:        1844596 kB
MemFree:         1377116 kB
MemAvailable:    1541380 kB
Buffers:           41896 kB
Cached:           253980 kB
MemTotal:        1844596 kB
MemFree:         1375684 kB
MemAvailable:    1539948 kB
Buffers:           41896 kB
Cached:           253980 kB
MemTotal:        1844596 kB
MemFree:         1376776 kB
MemAvailable:    1541040 kB
Buffers:           41896 kB
Cached:           253980 kB
MemTotal:        1844596 kB
MemFree:         1376776 kB
MemAvailable:    1541040 kB
Buffers:           41896 kB
Cached:           253980 kB
MemTotal:        1844596 kB
MemFree:         1375228 kB
MemAvailable:    1539492 kB
Buffers:           41896 kB
Cached:           253980 kB
MemTotal:        1844596 kB
MemFree:         1375112 kB
MemAvailable:    1539376 kB
Buffers:           41896 kB
Cached:           253980 kB
MemTotal:        1844596 kB
MemFree:         1375244 kB
MemAvailable:    1539508 kB
Buffers:           41896 kB
Cached:           253980 kB
MemTotal:        1844596 kB
MemFree:         1375128 kB
MemAvailable:    1539392 kB
Buffers:           41896 kB
Cached:           253980 kB
MemTotal:        1844596 kB
MemFree:         1375120 kB
MemAvailable:    1539384 kB
Buffers:           41896 kB
Cached:           253980 kB
MemTotal:        1844596 kB
MemFree:         1375252 kB
MemAvailable:    1539516 kB
Buffers:           41896 kB
Cached:           253980 kB
MemTotal:        1844596 kB
MemFree:         1376404 kB
MemAvailable:    1540668 kB
Buffers:           41896 kB
Cached:           253980 kB
MemTotal:        1844596 kB
MemFree:         1375748 kB
MemAvailable:    1540012 kB
Buffers:           41896 kB
Cached:           253980 kB
MemTotal:        1844596 kB
MemFree:         1376332 kB
MemAvailable:    1540596 kB
Buffers:           41896 kB
Cached:           253980 kB
MemTotal:        1844596 kB
MemFree:         1376584 kB
MemAvailable:    1540848 kB
Buffers:           41896 kB
Cached:           253980 kB
MemTotal:        1844596 kB
MemFree:         1375100 kB
MemAvailable:    1539364 kB
Buffers:           41896 kB
Cached:           253980 kB
MemTotal:        1844596 kB
MemFree:         1375108 kB
MemAvailable:    1539372 kB
Buffers:           41896 kB
Cached:           253980 kB
MemTotal:        1844596 kB
MemFree:         1375368 kB
MemAvailable:    1539632 kB
Buffers:           41896 kB
Cached:           253980 kB
MemTotal:        1844596 kB
MemFree:         1375536 kB
MemAvailable:    1539808 kB
Buffers:           41896 kB
Cached:           253988 kB
MemTotal:        1844596 kB
MemFree:         1375704 kB
MemAvailable:    1539976 kB
Buffers:           41896 kB
Cached:           253988 kB
MemTotal:        1844596 kB
MemFree:         1374488 kB
MemAvailable:    1538760 kB
Buffers:           41896 kB
Cached:           253988 kB
MemTotal:        1844596 kB
MemFree:         1374356 kB
MemAvailable:    1538628 kB
Buffers:           41896 kB
Cached:           253988 kB
MemTotal:        1844596 kB
MemFree:         1374232 kB
MemAvailable:    1538504 kB
Buffers:           41896 kB
Cached:           253988 kB
MemTotal:        1844596 kB
MemFree:         1375660 kB
MemAvailable:    1539932 kB
Buffers:           41896 kB
Cached:           253988 kB
MemTotal:        1844596 kB
MemFree:         1375424 kB
MemAvailable:    1539696 kB
Buffers:           41896 kB
Cached:           253988 kB
MemTotal:        1844596 kB
MemFree:         1374748 kB
MemAvailable:    1539020 kB
Buffers:           41896 kB
Cached:           253988 kB
MemTotal:        1844596 kB
MemFree:         1375748 kB
MemAvailable:    1540024 kB
Buffers:           41896 kB
Cached:           253992 kB
MemTotal:        1844596 kB
MemFree:         1374624 kB
MemAvailable:    1538900 kB
Buffers:           41896 kB
Cached:           253992 kB
MemTotal:        1844596 kB
MemFree:         1375332 kB
MemAvailable:    1539608 kB
Buffers:           41896 kB
Cached:           253992 kB
MemTotal:        1844596 kB
MemFree:         1375584 kB
MemAvailable:    1539860 kB
Buffers:           41896 kB
Cached:           253992 kB
MemTotal:        1844596 kB
MemFree:         1374856 kB
MemAvailable:    1539132 kB
Buffers:           41896 kB
Cached:           253992 kB
MemTotal:        1844596 kB
MemFree:         1374856 kB
MemAvailable:    1539132 kB
Buffers:           41896 kB
Cached:           253992 kB
MemTotal:        1844596 kB
MemFree:         1372584 kB
MemAvailable:    1536860 kB
Buffers:           41896 kB
Cached:           253992 kB
MemTotal:        1844596 kB
MemFree:         1369796 kB
MemAvailable:    1534072 kB
Buffers:           41896 kB
Cached:           253992 kB
MemTotal:        1844596 kB
MemFree:         1367996 kB
MemAvailable:    1532272 kB
Buffers:           41896 kB
Cached:           253992 kB
MemTotal:        1844596 kB
MemFree:         1366688 kB
MemAvailable:    1530964 kB
Buffers:           41896 kB
Cached:           253992 kB
MemTotal:        1844596 kB
MemFree:         1366556 kB
MemAvailable:    1530832 kB
Buffers:           41896 kB
Cached:           253992 kB
MemTotal:        1844596 kB
MemFree:         1366324 kB
MemAvailable:    1530600 kB
Buffers:           41896 kB
Cached:           253992 kB
MemTotal:        1844596 kB
MemFree:         1366060 kB
MemAvailable:    1530336 kB
Buffers:           41896 kB
Cached:           253992 kB
MemTotal:        1844596 kB
MemFree:         1367580 kB
MemAvailable:    1531856 kB
Buffers:           41896 kB
Cached:           253992 kB
MemTotal:        1844596 kB
MemFree:         1366188 kB
MemAvailable:    1530464 kB
Buffers:           41896 kB
Cached:           253992 kB
MemTotal:        1844596 kB
MemFree:         1367488 kB
MemAvailable:    1531764 kB
Buffers:           41896 kB
Cached:           253992 kB
MemTotal:        1844596 kB
MemFree:         1366180 kB
MemAvailable:    1530456 kB
Buffers:           41896 kB
Cached:           253992 kB
MemTotal:        1844596 kB
MemFree:         1367608 kB
MemAvailable:    1531884 kB
Buffers:           41896 kB
Cached:           253992 kB
MemTotal:        1844596 kB
MemFree:         1366440 kB
MemAvailable:    1530716 kB
Buffers:           41896 kB
Cached:           253992 kB
MemTotal:        1844596 kB
MemFree:         1367500 kB
MemAvailable:    1531780 kB
Buffers:           41896 kB
Cached:           253996 kB
MemTotal:        1844596 kB
MemFree:         1366696 kB
MemAvailable:    1530976 kB
Buffers:           41896 kB
Cached:           253996 kB
MemTotal:        1844596 kB
MemFree:         1367488 kB
MemAvailable:    1531768 kB
Buffers:           41896 kB
Cached:           253996 kB
MemTotal:        1844596 kB
MemFree:         1367488 kB
MemAvailable:    1531768 kB
Buffers:           41896 kB
Cached:           253996 kB
MemTotal:        1844596 kB
MemFree:         1367436 kB
MemAvailable:    1531716 kB
Buffers:           41896 kB
Cached:           253996 kB
MemTotal:        1844596 kB
MemFree:         1366128 kB
MemAvailable:    1530408 kB
Buffers:           41896 kB
Cached:           253996 kB
MemTotal:        1844596 kB
MemFree:         1367040 kB
MemAvailable:    1531320 kB
Buffers:           41896 kB
Cached:           253996 kB
MemTotal:        1844596 kB
MemFree:         1365820 kB
MemAvailable:    1530100 kB
Buffers:           41896 kB
Cached:           253996 kB
MemTotal:        1844596 kB
MemFree:         1366508 kB
MemAvailable:    1530788 kB
Buffers:           41896 kB
Cached:           253996 kB
MemTotal:        1844596 kB
MemFree:         1366068 kB
MemAvailable:    1530348 kB
Buffers:           41896 kB
Cached:           253996 kB
MemTotal:        1844596 kB
MemFree:         1364960 kB
MemAvailable:    1529240 kB
Buffers:           41896 kB
Cached:           253996 kB
MemTotal:        1844596 kB
MemFree:         1366016 kB
MemAvailable:    1530296 kB
Buffers:           41896 kB
Cached:           253996 kB
MemTotal:        1844596 kB
MemFree:         1365280 kB
MemAvailable:    1529560 kB
Buffers:           41896 kB
Cached:           253996 kB
MemTotal:        1844596 kB
MemFree:         1364772 kB
MemAvailable:    1529052 kB
Buffers:           41896 kB
Cached:           253996 kB
MemTotal:        1844596 kB
MemFree:         1364640 kB
MemAvailable:    1528920 kB
Buffers:           41896 kB
Cached:           253996 kB
MemTotal:        1844596 kB
MemFree:         1363464 kB
MemAvailable:    1527744 kB
Buffers:           41896 kB
Cached:           253996 kB
MemTotal:        1844596 kB
MemFree:         1363092 kB
MemAvailable:    1527372 kB
Buffers:           41896 kB
Cached:           253996 kB
MemTotal:        1844596 kB
MemFree:         1363936 kB
MemAvailable:    1528216 kB
Buffers:           41896 kB
Cached:           253996 kB
MemTotal:        1844596 kB
MemFree:         1364020 kB
MemAvailable:    1528300 kB
Buffers:           41896 kB
Cached:           253996 kB
MemTotal:        1844596 kB
MemFree:         1362540 kB
MemAvailable:    1526820 kB
Buffers:           41896 kB
Cached:           253996 kB
MemTotal:        1844596 kB
MemFree:         1363864 kB
MemAvailable:    1528144 kB
Buffers:           41896 kB
Cached:           253996 kB
MemTotal:        1844596 kB
MemFree:         1362596 kB
MemAvailable:    1526876 kB
Buffers:           41896 kB
Cached:           253996 kB
MemTotal:        1844596 kB
MemFree:         1363456 kB
MemAvailable:    1527736 kB
Buffers:           41896 kB
Cached:           253996 kB
MemTotal:        1844596 kB
MemFree:         1362316 kB
MemAvailable:    1526596 kB
Buffers:           41896 kB
Cached:           253996 kB
MemTotal:        1844596 kB
MemFree:         1363440 kB
MemAvailable:    1527720 kB
Buffers:           41896 kB
Cached:           253996 kB
MemTotal:        1844596 kB
MemFree:         1363588 kB
MemAvailable:    1527868 kB
Buffers:           41896 kB
Cached:           253996 kB
MemTotal:        1844596 kB
MemFree:         1363428 kB
MemAvailable:    1527708 kB
Buffers:           41896 kB
Cached:           253996 kB
MemTotal:        1844596 kB
MemFree:         1363764 kB
MemAvailable:    1528044 kB
Buffers:           41896 kB
Cached:           253996 kB
MemTotal:        1844596 kB
MemFree:         1363084 kB
MemAvailable:    1527364 kB
Buffers:           41896 kB
Cached:           253996 kB
MemTotal:        1844596 kB
MemFree:         1363084 kB
MemAvailable:    1527364 kB
Buffers:           41896 kB
Cached:           253996 kB
MemTotal:        1844596 kB
MemFree:         1359108 kB
MemAvailable:    1523388 kB
Buffers:           41896 kB
Cached:           253996 kB
MemTotal:        1844596 kB
MemFree:         1359000 kB
MemAvailable:    1523280 kB
Buffers:           41896 kB
Cached:           253996 kB
MemTotal:        1844596 kB
MemFree:         1355404 kB
MemAvailable:    1519684 kB
Buffers:           41896 kB
Cached:           253996 kB
MemTotal:        1844596 kB
MemFree:         1356528 kB
MemAvailable:    1520976 kB
Buffers:           41896 kB
Cached:           254120 kB
MemTotal:        1844596 kB
MemFree:         1356340 kB
MemAvailable:    1520872 kB
Buffers:           41896 kB
Cached:           254244 kB
MemTotal:        1844596 kB
MemFree:         1356376 kB
MemAvailable:    1520992 kB
Buffers:           41896 kB
Cached:           254368 kB
MemTotal:        1844596 kB
MemFree:         1355040 kB
MemAvailable:    1519740 kB
Buffers:           41896 kB
Cached:           254368 kB
MemTotal:        1844596 kB
MemFree:         1355712 kB
MemAvailable:    1520580 kB
Buffers:           41896 kB
Cached:           254492 kB
MemTotal:        1844596 kB
MemFree:         1355964 kB
MemAvailable:    1520832 kB
Buffers:           41896 kB
Cached:           254492 kB
MemTotal:        1844596 kB
MemFree:         1355580 kB
MemAvailable:    1520448 kB
Buffers:           41896 kB
Cached:           254616 kB
MemTotal:        1844596 kB
MemFree:         1355832 kB
MemAvailable:    1520700 kB
Buffers:           41896 kB
Cached:           254616 kB
MemTotal:        1844596 kB
MemFree:         1354596 kB
MemAvailable:    1519464 kB
Buffers:           41896 kB
Cached:           254616 kB
MemTotal:        1844596 kB
MemFree:         1355880 kB
MemAvailable:    1520748 kB
Buffers:           41896 kB
Cached:           254616 kB
MemTotal:        1844596 kB
MemFree:         1354924 kB
MemAvailable:    1519792 kB
Buffers:           41896 kB
Cached:           254616 kB
MemTotal:        1844596 kB
MemFree:         1355900 kB
MemAvailable:    1520780 kB
Buffers:           41896 kB
Cached:           254676 kB
MemTotal:        1844596 kB
MemFree:         1355412 kB
MemAvailable:    1520292 kB
Buffers:           41896 kB
Cached:           254676 kB
MemTotal:        1844596 kB
MemFree:         1355968 kB
MemAvailable:    1520932 kB
Buffers:           41896 kB
Cached:           254676 kB
MemTotal:        1844596 kB
MemFree:         1354660 kB
MemAvailable:    1518960 kB
Buffers:           41896 kB
Cached:           254064 kB
MemTotal:        1844596 kB
MemFree:         1420344 kB
MemAvailable:    1584644 kB
Buffers:           41896 kB
Cached:           254064 kB
