MemTotal:        1844596 kB
MemFree:         1305720 kB
MemAvailable:    1554608 kB
Buffers:           51308 kB
Cached:           321728 kB
MemTotal:        1844596 kB
MemFree:         1304020 kB
MemAvailable:    1552908 kB
Buffers:           51308 kB
Cached:           321728 kB
MemTotal:        1844596 kB
MemFree:         1300636 kB
MemAvailable:    1549524 kB
Buffers:           51308 kB
Cached:           321728 kB
MemTotal:        1844596 kB
MemFree:         1300448 kB
MemAvailable:    1549336 kB
Buffers:           51308 kB
Cached:           321728 kB
MemTotal:        1844596 kB
MemFree:         1300448 kB
MemAvailable:    1549336 kB
Buffers:           51308 kB
Cached:           321728 kB
MemTotal:        1844596 kB
MemFree:         1300472 kB
MemAvailable:    1549360 kB
Buffers:           51308 kB
Cached:           321728 kB
MemTotal:        1844596 kB
MemFree:         1298024 kB
MemAvailable:    1546912 kB
Buffers:           51308 kB
Cached:           321728 kB
MemTotal:        1844596 kB
MemFree:         1296852 kB
MemAvailable:    1545740 kB
Buffers:           51308 kB
Cached:           321728 kB
MemTotal:        1844596 kB
MemFree:         1294436 kB
MemAvailable:    1543324 kB
Buffers:           51308 kB
Cached:           321728 kB
MemTotal:        1844596 kB
MemFree:         1293008 kB
MemAvailable:    1541896 kB
Buffers:           51308 kB
Cached:           321728 kB
MemTotal:        1844596 kB
MemFree:         1289580 kB
MemAvailable:    1538468 kB
Buffers:           51308 kB
Cached:           321728 kB
MemTotal:        1844596 kB
MemFree:         1289848 kB
MemAvailable:    1538736 kB
Buffers:           51308 kB
Cached:           321728 kB
MemTotal:        1844596 kB
MemFree:         1290428 kB
MemAvailable:    1539320 kB
Buffers:           51308 kB
Cached:           321732 kB
MemTotal:        1844596 kB
MemFree:         1289056 kB
MemAvailable:    1537948 kB
Buffers:           51308 kB
Cached:           321732 kB
MemTotal:        1844596 kB
MemFree:         1290356 kB
MemAvailable:    1539248 kB
Buffers:           51308 kB
Cached:           321732 kB
MemTotal:        1844596 kB
MemFree:         1290356 kB
MemAvailable:    1539248 kB
Buffers:           51308 kB
Cached:           321732 kB
MemTotal:        1844596 kB
MemFree:         1290224 kB
MemAvailable:    1539116 kB
Buffers:           51308 kB
Cached:           321732 kB
MemTotal:        1844596 kB
MemFree:         1288980 kB
MemAvailable:    1537872 kB
Buffers:           51308 kB
Cached:           321732 kB
MemTotal:        1844596 kB
MemFree:         1289288 kB
MemAvailable:    1538180 kB
Buffers:           51308 kB
Cached:           321732 kB
MemTotal:        1844596 kB
MemFree:         1288668 kB
MemAvailable:    1537560 kB
Buffers:           51308 kB
Cached:           321732 kB
MemTotal:        1844596 kB
MemFree:         1287964 kB
MemAvailable:    1536856 kB
Buffers:           51308 kB
Cached:           321732 kB
MemTotal:        1844596 kB
MemFree:         1287964 kB
MemAvailable:    1536856 kB
Buffers:           51308 kB
Cached:           321732 kB
MemTotal:        1844596 kB
MemFree:         1286564 kB
MemAvailable:    1535456 kB
Buffers:           51308 kB
Cached:           321732 kB
MemTotal:        1844596 kB
MemFree:         1287376 kB
MemAvailable:    1536268 kB
Buffers:           51308 kB
Cached:           321732 kB
MemTotal:        1844596 kB
MemFree:         1287724 kB
MemAvailable:    1536616 kB
Buffers:           51308 kB
Cached:           321732 kB
MemTotal:        1844596 kB
MemFree:         1287976 kB
MemAvailable:    1536868 kB
Buffers:           51308 kB
Cached:           321732 kB
MemTotal:        1844596 kB
MemFree:         1287752 kB
MemAvailable:    1536644 kB
Buffers:           51308 kB
Cached:           321732 kB
MemTotal:        1844596 kB
MemFree:         1287840 kB
MemAvailable:    1536732 kB
Buffers:           51308 kB
Cached:           321732 kB
MemTotal:        1844596 kB
MemFree:         1287856 kB
MemAvailable:    1536748 kB
Buffers:           51308 kB
Cached:           321732 kB
MemTotal:        1844596 kB
MemFree:         1287968 kB
MemAvailable:    1536860 kB
Buffers:           51308 kB
Cached:           321732 kB
MemTotal:        1844596 kB
MemFree:         1288112 kB
MemAvailable:    1537004 kB
Buffers:           51308 kB
Cached:           321732 kB
MemTotal:        1844596 kB
MemFree:         1287808 kB
MemAvailable:    1536700 kB
Buffers:           51308 kB
Cached:           321732 kB
MemTotal:        1844596 kB
MemFree:         1288920 kB
MemAvailable:    1537812 kB
Buffers:           51308 kB
Cached:           321732 kB
MemTotal:        1844596 kB
MemFree:         1285624 kB
MemAvailable:    1534516 kB
Buffers:           51308 kB
Cached:           321732 kB
MemTotal:        1844596 kB
MemFree:         1284508 kB
MemAvailable:    1533400 kB
Buffers:           51308 kB
Cached:           321732 kB
MemTotal:        1844596 kB
MemFree:         1285692 kB
MemAvailable:    1534584 kB
Buffers:           51308 kB
Cached:           321732 kB
MemTotal:        1844596 kB
MemFree:         1284948 kB
MemAvailable:    1533840 kB
Buffers:           51308 kB
Cached:           321732 kB
MemTotal:        1844596 kB
MemFree:         1284880 kB
MemAvailable:    1533772 kB
Buffers:           51308 kB
Cached:           321732 kB
MemTotal:        1844596 kB
MemFree:         1284632 kB
MemAvailable:    1533524 kB
Buffers:           51308 kB
Cached:           321732 kB
MemTotal:        1844596 kB
MemFree:         1283956 kB
MemAvailable:    1532848 kB
Buffers:           51308 kB
Cached:           321732 kB
MemTotal:        1844596 kB
MemFree:         1283624 kB
MemAvailable:    1532516 kB
Buffers:           51308 kB
Cached:           321732 kB
MemTotal:        1844596 kB
MemFree:         1283876 kB
MemAvailable:    1532768 kB
Buffers:           51308 kB
Cached:           321732 kB
MemTotal:        1844596 kB
MemFree:         1283736 kB
MemAvailable:    1532628 kB
Buffers:           51308 kB
Cached:           321732 kB
MemTotal:        1844596 kB
MemFree:         1283888 kB
MemAvailable:    1532780 kB
Buffers:           51308 kB
Cached:           321732 kB
MemTotal:        1844596 kB
MemFree:         1283624 kB
MemAvailable:    1532516 kB
Buffers:           51308 kB
Cached:           321732 kB
MemTotal:        1844596 kB
MemFree:         1283624 kB
MemAvailable:    1532516 kB
Buffers:           51308 kB
Cached:           321732 kB
MemTotal:        1844596 kB
MemFree:         1283560 kB
MemAvailable:    1532452 kB
Buffers:           51308 kB
Cached:           321732 kB
MemTotal:        1844596 kB
MemFree:         1282780 kB
MemAvailable:    1531672 kB
Buffers:           51308 kB
Cached:           321732 kB
MemTotal:        1844596 kB
MemFree:         1283072 kB
MemAvailable:    1531964 kB
Buffers:           51308 kB
Cached:           321732 kB
MemTotal:        1844596 kB
MemFree:         1283220 kB
MemAvailable:    1532112 kB
Buffers:           51308 kB
Cached:           321732 kB
MemTotal:        1844596 kB
MemFree:         1282568 kB
MemAvailable:    1531460 kB
Buffers:           51308 kB
Cached:           321732 kB
MemTotal:        1844596 kB
MemFree:         1282776 kB
MemAvailable:    1531668 kB
Buffers:           51308 kB
Cached:           321732 kB
MemTotal:        1844596 kB
MemFree:         1282612 kB
MemAvailable:    1531504 kB
Buffers:           51308 kB
Cached:           321732 kB
MemTotal:        1844596 kB
MemFree:         1282696 kB
MemAvailable:    1531588 kB
Buffers:           51308 kB
Cached:           321732 kB
MemTotal:        1844596 kB
MemFree:         1282428 kB
MemAvailable:    1531320 kB
Buffers:           51308 kB
Cached:           321732 kB
MemTotal:        1844596 kB
MemFree:         1282348 kB
MemAvailable:    1531240 kB
Buffers:           51308 kB
Cached:           321732 kB
MemTotal:        1844596 kB
MemFree:         1283152 kB
MemAvailable:    1532048 kB
Buffers:           51308 kB
Cached:           321736 kB
MemTotal:        1844596 kB
MemFree:         1282020 kB
MemAvailable:    1530916 kB
Buffers:           51308 kB
Cached:           321736 kB
MemTotal:        1844596 kB
MemFree:         1281780 kB
MemAvailable:    1530676 kB
Buffers:           51308 kB
Cached:           321736 kB
MemTotal:        1844596 kB
MemFree:         1281640 kB
MemAvailable:    1530536 kB
Buffers:           51308 kB
Cached:           321736 kB
MemTotal:        1844596 kB
MemFree:         1282664 kB
MemAvailable:    1531560 kB
Buffers:           51308 kB
Cached:           321736 kB
MemTotal:        1844596 kB
MemFree:         1282376 kB
MemAvailable:    1531272 kB
Buffers:           51308 kB
Cached:           321736 kB
MemTotal:        1844596 kB
MemFree:         1282712 kB
MemAvailable:    1531608 kB
Buffers:           51308 kB
Cached:           321736 kB
MemTotal:        1844596 kB
MemFree:         1281144 kB
MemAvailable:    1530040 kB
Buffers:           51308 kB
Cached:           321736 kB
MemTotal:        1844596 kB
MemFree:         1282096 kB
MemAvailable:    1530992 kB
Buffers:           51308 kB
Cached:           321736 kB
MemTotal:        1844596 kB
MemFree:         1281044 kB
MemAvailable:    1529940 kB
Buffers:           51308 kB
Cached:           321736 kB
MemTotal:        1844596 kB
MemFree:         1281792 kB
MemAvailable:    1530688 kB
Buffers:           51308 kB
Cached:           321736 kB
MemTotal:        1844596 kB
MemFree:         1280360 kB
MemAvailable:    1529256 kB
Buffers:           51308 kB
Cached:           321736 kB
MemTotal:        1844596 kB
MemFree:         1280360 kB
MemAvailable:    1529256 kB
Buffers:           51308 kB
Cached:           321736 kB
MemTotal:        1844596 kB
MemFree:         1281660 kB
MemAvailable:    1530556 kB
Buffers:           51308 kB
Cached:           321736 kB
MemTotal:        1844596 kB
MemFree:         1280484 kB
MemAvailable:    1529380 kB
Buffers:           51308 kB
Cached:           321736 kB
MemTotal:        1844596 kB
MemFree:         1280732 kB
MemAvailable:    1529628 kB
Buffers:           51308 kB
Cached:           321736 kB
MemTotal:        1844596 kB
MemFree:         1281784 kB
MemAvailable:    1530680 kB
Buffers:           51308 kB
Cached:           321736 kB
MemTotal:        1844596 kB
MemFree:         1280920 kB
MemAvailable:    1529816 kB
Buffers:           51308 kB
Cached:           321736 kB
MemTotal:        1844596 kB
MemFree:         1281860 kB
MemAvailable:    1530756 kB
Buffers:           51308 kB
Cached:           321736 kB
MemTotal:        1844596 kB
MemFree:         1280424 kB
MemAvailable:    1529320 kB
Buffers:           51308 kB
Cached:           321736 kB
MemTotal:        1844596 kB
MemFree:         1280236 kB
MemAvailable:    1529132 kB
Buffers:           51308 kB
Cached:           321736 kB
MemTotal:        1844596 kB
MemFree:         1279492 kB
MemAvailable:    1528388 kB
Buffers:           51308 kB
Cached:           321736 kB
MemTotal:        1844596 kB
MemFree:         1276952 kB
MemAvailable:    1525848 kB
Buffers:           51308 kB
Cached:           321736 kB
MemTotal:        1844596 kB
MemFree:         1274780 kB
MemAvailable:    1523676 kB
Buffers:           51308 kB
Cached:           321736 kB
MemTotal:        1844596 kB
MemFree:         1274316 kB
MemAvailable:    1523212 kB
Buffers:           51308 kB
Cached:           321736 kB
MemTotal:        1844596 kB
MemFree:         1274192 kB
MemAvailable:    1523088 kB
Buffers:           51308 kB
Cached:           321736 kB
MemTotal:        1844596 kB
MemFree:         1272796 kB
MemAvailable:    1521692 kB
Buffers:           51308 kB
Cached:           321736 kB
MemTotal:        1844596 kB
MemFree:         1273100 kB
MemAvailable:    1521996 kB
Buffers:           51308 kB
Cached:           321736 kB
MemTotal:        1844596 kB
MemFree:         1273760 kB
MemAvailable:    1522656 kB
Buffers:           51308 kB
Cached:           321736 kB
MemTotal:        1844596 kB
MemFree:         1273928 kB
MemAvailable:    1522824 kB
Buffers:           51308 kB
Cached:           321736 kB
MemTotal:        1844596 kB
MemFree:         1273940 kB
MemAvailable:    1522836 kB
Buffers:           51308 kB
Cached:           321736 kB
MemTotal:        1844596 kB
MemFree:         1272460 kB
MemAvailable:    1521356 kB
Buffers:           51308 kB
Cached:           321736 kB
MemTotal:        1844596 kB
MemFree:         1273844 kB
MemAvailable:    1522740 kB
Buffers:           51308 kB
Cached:           321736 kB
MemTotal:        1844596 kB
MemFree:         1272984 kB
MemAvailable:    1521880 kB
Buffers:           51308 kB
Cached:           321736 kB
MemTotal:        1844596 kB
MemFree:         1273860 kB
MemAvailable:    1522756 kB
Buffers:           51308 kB
Cached:           321736 kB
MemTotal:        1844596 kB
MemFree:         1273108 kB
MemAvailable:    1522004 kB
Buffers:           51308 kB
Cached:           321736 kB
MemTotal:        1844596 kB
MemFree:         1272600 kB
MemAvailable:    1521496 kB
Buffers:           51308 kB
Cached:           321736 kB
MemTotal:        1844596 kB
MemFree:         1273776 kB
MemAvailable:    1522680 kB
Buffers:           51308 kB
Cached:           321744 kB
MemTotal:        1844596 kB
MemFree:         1273108 kB
MemAvailable:    1522012 kB
Buffers:           51308 kB
Cached:           321744 kB
MemTotal:        1844596 kB
MemFree:         1272432 kB
MemAvailable:    1521336 kB
Buffers:           51308 kB
Cached:           321744 kB
MemTotal:        1844596 kB
MemFree:         1273604 kB
MemAvailable:    1522508 kB
Buffers:           51308 kB
Cached:           321744 kB
MemTotal:        1844596 kB
MemFree:         1273084 kB
MemAvailable:    1521988 kB
Buffers:           51308 kB
Cached:           321744 kB
MemTotal:        1844596 kB
MemFree:         1273336 kB
MemAvailable:    1522240 kB
Buffers:           51308 kB
Cached:           321744 kB
MemTotal:        1844596 kB
MemFree:         1271620 kB
MemAvailable:    1520524 kB
Buffers:           51308 kB
Cached:           321744 kB
MemTotal:        1844596 kB
MemFree:         1270612 kB
MemAvailable:    1519516 kB
Buffers:           51308 kB
Cached:           321744 kB
MemTotal:        1844596 kB
MemFree:         1270740 kB
MemAvailable:    1519644 kB
Buffers:           51308 kB
Cached:           321744 kB
MemTotal:        1844596 kB
MemFree:         1270988 kB
MemAvailable:    1519892 kB
Buffers:           51308 kB
Cached:           321744 kB
MemTotal:        1844596 kB
MemFree:         1270984 kB
MemAvailable:    1519888 kB
Buffers:           51308 kB
Cached:           321744 kB
MemTotal:        1844596 kB
MemFree:         1271236 kB
MemAvailable:    1520140 kB
Buffers:           51308 kB
Cached:           321744 kB
MemTotal:        1844596 kB
MemFree:         1269744 kB
MemAvailable:    1518648 kB
Buffers:           51308 kB
Cached:           321744 kB
MemTotal:        1844596 kB
MemFree:         1270308 kB
MemAvailable:    1519212 kB
Buffers:           51308 kB
Cached:           321744 kB
MemTotal:        1844596 kB
MemFree:         1270052 kB
MemAvailable:    1518956 kB
Buffers:           51308 kB
Cached:           321744 kB
MemTotal:        1844596 kB
MemFree:         1270220 kB
MemAvailable:    1519124 kB
Buffers:           51308 kB
Cached:           321744 kB
MemTotal:        1844596 kB
MemFree:         1270052 kB
MemAvailable:    1518956 kB
Buffers:           51308 kB
Cached:           321744 kB
MemTotal:        1844596 kB
MemFree:         1270052 kB
MemAvailable:    1518956 kB
Buffers:           51308 kB
Cached:           321744 kB
MemTotal:        1844596 kB
MemFree:         1270192 kB
MemAvailable:    1519096 kB
Buffers:           51308 kB
Cached:           321744 kB
MemTotal:        1844596 kB
MemFree:         1268760 kB
MemAvailable:    1517664 kB
Buffers:           51308 kB
Cached:           321744 kB
MemTotal:        1844596 kB
MemFree:         1268760 kB
MemAvailable:    1517664 kB
Buffers:           51308 kB
Cached:           321744 kB
MemTotal:        1844596 kB
MemFree:         1270168 kB
MemAvailable:    1519072 kB
Buffers:           51308 kB
Cached:           321744 kB
MemTotal:        1844596 kB
MemFree:         1269636 kB
MemAvailable:    1518540 kB
Buffers:           51308 kB
Cached:           321744 kB
MemTotal:        1844596 kB
MemFree:         1269848 kB
MemAvailable:    1518752 kB
Buffers:           51308 kB
Cached:           321744 kB
MemTotal:        1844596 kB
MemFree:         1269848 kB
MemAvailable:    1518752 kB
Buffers:           51308 kB
Cached:           321744 kB
MemTotal:        1844596 kB
MemFree:         1268636 kB
MemAvailable:    1517540 kB
Buffers:           51308 kB
Cached:           321744 kB
MemTotal:        1844596 kB
MemFree:         1268512 kB
MemAvailable:    1517416 kB
Buffers:           51308 kB
Cached:           321744 kB
MemTotal:        1844596 kB
MemFree:         1269124 kB
MemAvailable:    1518028 kB
Buffers:           51308 kB
Cached:           321744 kB
MemTotal:        1844596 kB
MemFree:         1268520 kB
MemAvailable:    1517424 kB
Buffers:           51308 kB
Cached:           321744 kB
MemTotal:        1844596 kB
MemFree:         1261800 kB
MemAvailable:    1510704 kB
Buffers:           51308 kB
Cached:           321868 kB
MemTotal:        1844596 kB
MemFree:         1261328 kB
MemAvailable:    1510316 kB
Buffers:           51308 kB
Cached:           321868 kB
MemTotal:        1844596 kB
MemFree:         1261580 kB
MemAvailable:    1510652 kB
Buffers:           51308 kB
Cached:           321992 kB
MemTotal:        1844596 kB
MemFree:         1260956 kB
MemAvailable:    1510112 kB
Buffers:           51308 kB
Cached:           321992 kB
MemTotal:        1844596 kB
MemFree:         1261332 kB
MemAvailable:    1510572 kB
Buffers:           51308 kB
Cached:           322116 kB
MemTotal:        1844596 kB
MemFree:         1260584 kB
MemAvailable:    1509908 kB
Buffers:           51308 kB
Cached:           322116 kB
MemTotal:        1844596 kB
MemFree:         1261208 kB
MemAvailable:    1510616 kB
Buffers:           51308 kB
Cached:           322240 kB
MemTotal:        1844596 kB
MemFree:         1261224 kB
MemAvailable:    1510716 kB
Buffers:           51308 kB
Cached:           322240 kB
MemTotal:        1844596 kB
MemFree:         1260156 kB
MemAvailable:    1509648 kB
Buffers:           51308 kB
Cached:           322240 kB
MemTotal:        1844596 kB
MemFree:         1261132 kB
MemAvailable:    1510624 kB
Buffers:           51308 kB
Cached:           322364 kB
MemTotal:        1844596 kB
MemFree:         1261384 kB
MemAvailable:    1510876 kB
Buffers:           51308 kB
Cached:           322364 kB
MemTotal:        1844596 kB
MemFree:         1261000 kB
MemAvailable:    1510492 kB
Buffers:           51308 kB
Cached:           322364 kB
MemTotal:        1844596 kB
MemFree:         1261168 kB
MemAvailable:    1510660 kB
Buffers:           51308 kB
Cached:           322364 kB
MemTotal:        1844596 kB
MemFree:         1261108 kB
MemAvailable:    1510600 kB
Buffers:           51308 kB
Cached:           322364 kB
MemTotal:        1844596 kB
MemFree:         1259760 kB
MemAvailable:    1509252 kB
Buffers:           51308 kB
Cached:           322364 kB
MemTotal:        1844596 kB
MemFree:         1259884 kB
MemAvailable:    1509376 kB
Buffers:           51308 kB
Cached:           322364 kB
MemTotal:        1844596 kB
MemFree:         1261156 kB
MemAvailable:    1510732 kB
Buffers:           51308 kB
Cached:           322488 kB
MemTotal:        1844596 kB
MemFree:         1288636 kB
MemAvailable:    1537624 kB
Buffers:           51308 kB
Cached:           321856 kB
