MemTotal:        1844596 kB
MemFree:         1216652 kB
MemAvailable:    1543028 kB
Buffers:           59484 kB
Cached:           384212 kB
MemTotal:        1844596 kB
MemFree:         1215916 kB
MemAvailable:    1542292 kB
Buffers:           59484 kB
Cached:           384212 kB
MemTotal:        1844596 kB
MemFree:         1214776 kB
MemAvailable:    1541152 kB
Buffers:           59484 kB
Cached:           384212 kB
MemTotal:        1844596 kB
MemFree:         1214776 kB
MemAvailable:    1541152 kB
Buffers:           59484 kB
Cached:           384212 kB
MemTotal:        1844596 kB
MemFree:         1213676 kB
MemAvailable:    1540052 kB
Buffers:           59484 kB
Cached:           384212 kB
MemTotal:        1844596 kB
MemFree:         1212568 kB
MemAvailable:    1538944 kB
Buffers:           59484 kB
Cached:           384212 kB
MemTotal:        1844596 kB
MemFree:         1212256 kB
MemAvailable:    1538636 kB
Buffers:           59484 kB
Cached:           384216 kB
MemTotal:        1844596 kB
MemFree:         1210460 kB
MemAvailable:    1536840 kB
Buffers:           59484 kB
Cached:           384216 kB
MemTotal:        1844596 kB
MemFree:         1208476 kB
MemAvailable:    1534856 kB
Buffers:           59484 kB
Cached:           384216 kB
MemTotal:        1844596 kB
MemFree:         1206740 kB
MemAvailable:    1533120 kB
Buffers:           59484 kB
Cached:           384216 kB
MemTotal:        1844596 kB
MemFree:         1201408 kB
MemAvailable:    1527788 kB
Buffers:           59484 kB
Cached:           384216 kB
MemTotal:        1844596 kB
MemFree:         1202240 kB
MemAvailable:    1528620 kB
Buffers:           59484 kB
Cached:           384216 kB
MemTotal:        1844596 kB
MemFree:         1203536 kB
MemAvailable:    1529916 kB
Buffers:           59484 kB
Cached:           384216 kB
MemTotal:        1844596 kB
MemFree:         1203460 kB
MemAvailable:    1529840 kB
Buffers:           59484 kB
Cached:           384216 kB
MemTotal:        1844596 kB
MemFree:         1203376 kB
MemAvailable:    1529756 kB
Buffers:           59484 kB
Cached:           384216 kB
MemTotal:        1844596 kB
MemFree:         1203004 kB
MemAvailable:    1529384 kB
Buffers:           59484 kB
Cached:           384216 kB
MemTotal:        1844596 kB
MemFree:         1202596 kB
MemAvailable:    1528976 kB
Buffers:           59484 kB
Cached:           384216 kB
MemTotal:        1844596 kB
MemFree:         1202896 kB
MemAvailable:    1529276 kB
Buffers:           59484 kB
Cached:           384216 kB
MemTotal:        1844596 kB
MemFree:         1201632 kB
MemAvailable:    1528012 kB
Buffers:           59484 kB
Cached:           384216 kB
MemTotal:        1844596 kB
MemFree:         1201760 kB
MemAvailable:    1528140 kB
Buffers:           59484 kB
Cached:           384216 kB
MemTotal:        1844596 kB
MemFree:         1200036 kB
MemAvailable:    1526416 kB
Buffers:           59484 kB
Cached:           384216 kB
MemTotal:        1844596 kB
MemFree:         1201096 kB
MemAvailable:    1527476 kB
Buffers:           59484 kB
Cached:           384216 kB
MemTotal:        1844596 kB
MemFree:         1200044 kB
MemAvailable:    1526424 kB
Buffers:           59484 kB
Cached:           384216 kB
MemTotal:        1844596 kB
MemFree:         1199616 kB
MemAvailable:    1525996 kB
Buffers:           59484 kB
Cached:           384216 kB
MemTotal:        1844596 kB
MemFree:         1201084 kB
MemAvailable:    1527464 kB
Buffers:           59484 kB
Cached:           384216 kB
MemTotal:        1844596 kB
MemFree:         1200416 kB
MemAvailable:    1526796 kB
Buffers:           59484 kB
Cached:           384216 kB
MemTotal:        1844596 kB
MemFree:         1200876 kB
MemAvailable:    1527256 kB
Buffers:           59484 kB
Cached:           384216 kB
MemTotal:        1844596 kB
MemFree:         1201212 kB
MemAvailable:    1527592 kB
Buffers:           59484 kB
Cached:           384216 kB
MemTotal:        1844596 kB
MemFree:         1202380 kB
MemAvailable:    1528760 kB
Buffers:           59484 kB
Cached:           384216 kB
MemTotal:        1844596 kB
MemFree:         1201532 kB
MemAvailable:    1527912 kB
Buffers:           59484 kB
Cached:           384216 kB
MemTotal:        1844596 kB
MemFree:         1201756 kB
MemAvailable:    1528136 kB
Buffers:           59484 kB
Cached:           384216 kB
MemTotal:        1844596 kB
MemFree:         1201968 kB
MemAvailable:    1528348 kB
Buffers:           59484 kB
Cached:           384216 kB
MemTotal:        1844596 kB
MemFree:         1198424 kB
MemAvailable:    1524804 kB
Buffers:           59484 kB
Cached:           384216 kB
MemTotal:        1844596 kB
MemFree:         1198740 kB
MemAvailable:    1525120 kB
Buffers:           59484 kB
Cached:           384216 kB
MemTotal:        1844596 kB
MemFree:         1198044 kB
MemAvailable:    1524428 kB
Buffers:           59484 kB
Cached:           384220 kB
MemTotal:        1844596 kB
MemFree:         1198044 kB
MemAvailable:    1524428 kB
Buffers:           59484 kB
Cached:           384220 kB
MemTotal:        1844596 kB
MemFree:         1197656 kB
MemAvailable:    1524040 kB
Buffers:           59484 kB
Cached:           384220 kB
MemTotal:        1844596 kB
MemFree:         1197192 kB
MemAvailable:    1523576 kB
Buffers:           59484 kB
Cached:           384220 kB
MemTotal:        1844596 kB
MemFree:         1196076 kB
MemAvailable:    1522460 kB
Buffers:           59484 kB
Cached:           384220 kB
MemTotal:        1844596 kB
MemFree:         1197044 kB
MemAvailable:    1523428 kB
Buffers:           59484 kB
Cached:           384220 kB
MemTotal:        1844596 kB
MemFree:         1197044 kB
MemAvailable:    1523428 kB
Buffers:           59484 kB
Cached:           384220 kB
MemTotal:        1844596 kB
MemFree:         1196932 kB
MemAvailable:    1523316 kB
Buffers:           59484 kB
Cached:           384220 kB
MemTotal:        1844596 kB
MemFree:         1195520 kB
MemAvailable:    1521904 kB
Buffers:           59484 kB
Cached:           384220 kB
MemTotal:        1844596 kB
MemFree:         1196880 kB
MemAvailable:    1523264 kB
Buffers:           59484 kB
Cached:           384220 kB
MemTotal:        1844596 kB
MemFree:         1196476 kB
MemAvailable:    1522860 kB
Buffers:           59484 kB
Cached:           384220 kB
MemTotal:        1844596 kB
MemFree:         1196476 kB
MemAvailable:    1522860 kB
Buffers:           59484 kB
Cached:           384220 kB
MemTotal:        1844596 kB
MemFree:         1196200 kB
MemAvailable:    1522584 kB
Buffers:           59484 kB
Cached:           384220 kB
MemTotal:        1844596 kB
MemFree:         1194828 kB
MemAvailable:    1521212 kB
Buffers:           59484 kB
Cached:           384220 kB
MemTotal:        1844596 kB
MemFree:         1195960 kB
MemAvailable:    1522344 kB
Buffers:           59484 kB
Cached:           384220 kB
MemTotal:        1844596 kB
MemFree:         1194648 kB
MemAvailable:    1521032 kB
Buffers:           59484 kB
Cached:           384220 kB
MemTotal:        1844596 kB
MemFree:         1194524 kB
MemAvailable:    1520908 kB
Buffers:           59484 kB
Cached:           384220 kB
MemTotal:        1844596 kB
MemFree:         1194648 kB
MemAvailable:    1521032 kB
Buffers:           59484 kB
Cached:           384220 kB
MemTotal:        1844596 kB
MemFree:         1195888 kB
MemAvailable:    1522272 kB
Buffers:           59484 kB
Cached:           384220 kB
MemTotal:        1844596 kB
MemFree:         1194508 kB
MemAvailable:    1520892 kB
Buffers:           59484 kB
Cached:           384220 kB
MemTotal:        1844596 kB
MemFree:         1194552 kB
MemAvailable:    1520936 kB
Buffers:           59484 kB
Cached:           384220 kB
MemTotal:        1844596 kB
MemFree:         1195852 kB
MemAvailable:    1522236 kB
Buffers:           59484 kB
Cached:           384220 kB
MemTotal:        1844596 kB
MemFree:         1195916 kB
MemAvailable:    1522300 kB
Buffers:           59484 kB
Cached:           384220 kB
MemTotal:        1844596 kB
MemFree:         1194960 kB
MemAvailable:    1521344 kB
Buffers:           59484 kB
Cached:           384220 kB
MemTotal:        1844596 kB
MemFree:         1195648 kB
MemAvailable:    1522032 kB
Buffers:           59484 kB
Cached:           384220 kB
MemTotal:        1844596 kB
MemFree:         1194400 kB
MemAvailable:    1520784 kB
Buffers:           59484 kB
Cached:           384220 kB
MemTotal:        1844596 kB
MemFree:         1194588 kB
MemAvailable:    1520972 kB
Buffers:           59484 kB
Cached:           384220 kB
MemTotal:        1844596 kB
MemFree:         1195384 kB
MemAvailable:    1521772 kB
Buffers:           59484 kB
Cached:           384224 kB
MemTotal:        1844596 kB
MemFree:         1195552 kB
MemAvailable:    1521940 kB
Buffers:           59484 kB
Cached:           384224 kB
MemTotal:        1844596 kB
MemFree:         1193960 kB
MemAvailable:    1520348 kB
Buffers:           59484 kB
Cached:           384224 kB
MemTotal:        1844596 kB
MemFree:         1194076 kB
MemAvailable:    1520464 kB
Buffers:           59484 kB
Cached:           384224 kB
MemTotal:        1844596 kB
MemFree:         1194944 kB
MemAvailable:    1521332 kB
Buffers:           59484 kB
Cached:           384224 kB
MemTotal:        1844596 kB
MemFree:         1194944 kB
MemAvailable:    1521332 kB
Buffers:           59484 kB
Cached:           384224 kB
MemTotal:        1844596 kB
MemFree:         1194884 kB
MemAvailable:    1521272 kB
Buffers:           59484 kB
Cached:           384224 kB
MemTotal:        1844596 kB
MemFree:         1195136 kB
MemAvailable:    1521524 kB
Buffers:           59484 kB
Cached:           384224 kB
MemTotal:        1844596 kB
MemFree:         1194924 kB
MemAvailable:    1521312 kB
Buffers:           59484 kB
Cached:           384224 kB
MemTotal:        1844596 kB
MemFree:         1195072 kB
MemAvailable:    1521460 kB
Buffers:           59484 kB
Cached:           384224 kB
MemTotal:        1844596 kB
MemFree:         1193580 kB
MemAvailable:    1519968 kB
Buffers:           59484 kB
Cached:           384224 kB
MemTotal:        1844596 kB
MemFree:         1194680 kB
MemAvailable:    1521068 kB
Buffers:           59484 kB
Cached:           384224 kB
MemTotal:        1844596 kB
MemFree:         1195016 kB
MemAvailable:    1521404 kB
Buffers:           59484 kB
Cached:           384224 kB
MemTotal:        1844596 kB
MemFree:         1192340 kB
MemAvailable:    1518728 kB
Buffers:           59484 kB
Cached:           384224 kB
MemTotal:        1844596 kB
MemFree:         1192340 kB
MemAvailable:    1518728 kB
Buffers:           59484 kB
Cached:           384224 kB
MemTotal:        1844596 kB
MemFree:         1189380 kB
MemAvailable:    1515768 kB
Buffers:           59484 kB
Cached:           384224 kB
MemTotal:        1844596 kB
MemFree:         1186644 kB
MemAvailable:    1513032 kB
Buffers:           59484 kB
Cached:           384224 kB
MemTotal:        1844596 kB
MemFree:         1187256 kB
MemAvailable:    1513644 kB
Buffers:           59484 kB
Cached:           384224 kB
MemTotal:        1844596 kB
MemFree:         1187256 kB
MemAvailable:    1513644 kB
Buffers:           59484 kB
Cached:           384224 kB
MemTotal:        1844596 kB
MemFree:         1186944 kB
MemAvailable:    1513332 kB
Buffers:           59484 kB
Cached:           384224 kB
MemTotal:        1844596 kB
MemFree:         1186944 kB
MemAvailable:    1513332 kB
Buffers:           59484 kB
Cached:           384224 kB
MemTotal:        1844596 kB
MemFree:         1186736 kB
MemAvailable:    1513124 kB
Buffers:           59484 kB
Cached:           384224 kB
MemTotal:        1844596 kB
MemFree:         1187072 kB
MemAvailable:    1513460 kB
Buffers:           59484 kB
Cached:           384224 kB
MemTotal:        1844596 kB
MemFree:         1187204 kB
MemAvailable:    1513592 kB
Buffers:           59484 kB
Cached:           384224 kB
MemTotal:        1844596 kB
MemFree:         1186404 kB
MemAvailable:    1512792 kB
Buffers:           59484 kB
Cached:           384224 kB
MemTotal:        1844596 kB
MemFree:         1187272 kB
MemAvailable:    1513660 kB
Buffers:           59484 kB
Cached:           384224 kB
MemTotal:        1844596 kB
MemFree:         1186156 kB
MemAvailable:    1512544 kB
Buffers:           59484 kB
Cached:           384224 kB
MemTotal:        1844596 kB
MemFree:         1186748 kB
MemAvailable:    1513136 kB
Buffers:           59484 kB
Cached:           384224 kB
MemTotal:        1844596 kB
MemFree:         1186240 kB
MemAvailable:    1512628 kB
Buffers:           59484 kB
Cached:           384224 kB
MemTotal:        1844596 kB
MemFree:         1186836 kB
MemAvailable:    1513224 kB
Buffers:           59484 kB
Cached:           384224 kB
MemTotal:        1844596 kB
MemFree:         1186788 kB
MemAvailable:    1513176 kB
Buffers:           59484 kB
Cached:           384224 kB
MemTotal:        1844596 kB
MemFree:         1186952 kB
MemAvailable:    1513340 kB
Buffers:           59484 kB
Cached:           384224 kB
MemTotal:        1844596 kB
MemFree:         1186280 kB
MemAvailable:    1512668 kB
Buffers:           59484 kB
Cached:           384224 kB
MemTotal:        1844596 kB
MemFree:         1186696 kB
MemAvailable:    1513084 kB
Buffers:           59484 kB
Cached:           384224 kB
MemTotal:        1844596 kB
MemFree:         1186780 kB
MemAvailable:    1513168 kB
Buffers:           59484 kB
Cached:           384224 kB
MemTotal:        1844596 kB
MemFree:         1184528 kB
MemAvailable:    1510916 kB
Buffers:           59484 kB
Cached:           384224 kB
MemTotal:        1844596 kB
MemFree:         1184272 kB
MemAvailable:    1510660 kB
Buffers:           59484 kB
Cached:           384224 kB
MemTotal:        1844596 kB
MemFree:         1185536 kB
MemAvailable:    1511924 kB
Buffers:           59484 kB
Cached:           384224 kB
MemTotal:        1844596 kB
MemFree:         1185148 kB
MemAvailable:    1511536 kB
Buffers:           59484 kB
Cached:           384224 kB
MemTotal:        1844596 kB
MemFree:         1185484 kB
MemAvailable:    1511872 kB
Buffers:           59484 kB
Cached:           384224 kB
MemTotal:        1844596 kB
MemFree:         1184040 kB
MemAvailable:    1510428 kB
Buffers:           59484 kB
Cached:           384224 kB
MemTotal:        1844596 kB
MemFree:         1184040 kB
MemAvailable:    1510428 kB
Buffers:           59484 kB
Cached:           384224 kB
MemTotal:        1844596 kB
MemFree:         1183860 kB
MemAvailable:    1510248 kB
Buffers:           59484 kB
Cached:           384224 kB
MemTotal:        1844596 kB
MemFree:         1184196 kB
MemAvailable:    1510584 kB
Buffers:           59484 kB
Cached:           384224 kB
MemTotal:        1844596 kB
MemFree:         1182428 kB
MemAvailable:    1508816 kB
Buffers:           59484 kB
Cached:           384224 kB
MemTotal:        1844596 kB
MemFree:         1183800 kB
MemAvailable:    1510188 kB
Buffers:           59492 kB
Cached:           384216 kB
MemTotal:        1844596 kB
MemFree:         1183364 kB
MemAvailable:    1509764 kB
Buffers:           59496 kB
Cached:           384224 kB
MemTotal:        1844596 kB
MemFree:         1183108 kB
MemAvailable:    1509508 kB
Buffers:           59496 kB
Cached:           384224 kB
MemTotal:        1844596 kB
MemFree:         1183000 kB
MemAvailable:    1509400 kB
Buffers:           59496 kB
Cached:           384224 kB
MemTotal:        1844596 kB
MemFree:         1182064 kB
MemAvailable:    1508464 kB
Buffers:           59496 kB
Cached:           384224 kB
MemTotal:        1844596 kB
MemFree:         1181500 kB
MemAvailable:    1507900 kB
Buffers:           59496 kB
Cached:           384224 kB
MemTotal:        1844596 kB
MemFree:         1181496 kB
MemAvailable:    1507896 kB
Buffers:           59496 kB
Cached:           384224 kB
MemTotal:        1844596 kB
MemFree:         1181628 kB
MemAvailable:    1508028 kB
Buffers:           59496 kB
Cached:           384224 kB
MemTotal:        1844596 kB
MemFree:         1182976 kB
MemAvailable:    1509380 kB
Buffers:           59496 kB
Cached:           384228 kB
MemTotal:        1844596 kB
MemFree:         1183100 kB
MemAvailable:    1509504 kB
Buffers:           59496 kB
Cached:           384228 kB
MemTotal:        1844596 kB
MemFree:         1182188 kB
MemAvailable:    1508592 kB
Buffers:           59496 kB
Cached:           384228 kB
MemTotal:        1844596 kB
MemFree:         1182684 kB
MemAvailable:    1509088 kB
Buffers:           59496 kB
Cached:           384228 kB
MemTotal:        1844596 kB
MemFree:         1181436 kB
MemAvailable:    1507840 kB
Buffers:           59496 kB
Cached:           384228 kB
MemTotal:        1844596 kB
MemFree:         1176920 kB
MemAvailable:    1503324 kB
Buffers:           59496 kB
Cached:           384228 kB
MemTotal:        1844596 kB
MemFree:         1173384 kB
MemAvailable:    1499788 kB
Buffers:           59496 kB
Cached:           384228 kB
MemTotal:        1844596 kB
MemFree:         1173260 kB
MemAvailable:    1499664 kB
Buffers:           59496 kB
Cached:           384352 kB
MemTotal:        1844596 kB
MemFree:         1173136 kB
MemAvailable:    1499708 kB
Buffers:           59496 kB
Cached:           384352 kB
MemTotal:        1844596 kB
MemFree:         1174004 kB
MemAvailable:    1500744 kB
Buffers:           59496 kB
Cached:           384600 kB
MemTotal:        1844596 kB
MemFree:         1173808 kB
MemAvailable:    1500632 kB
Buffers:           59496 kB
Cached:           384724 kB
MemTotal:        1844596 kB
MemFree:         1173808 kB
MemAvailable:    1500632 kB
Buffers:           59496 kB
Cached:           384724 kB
MemTotal:        1844596 kB
MemFree:         1173592 kB
MemAvailable:    1500500 kB
Buffers:           59496 kB
Cached:           384848 kB
MemTotal:        1844596 kB
MemFree:         1173592 kB
MemAvailable:    1500500 kB
Buffers:           59496 kB
Cached:           384848 kB
MemTotal:        1844596 kB
MemFree:         1173532 kB
MemAvailable:    1500524 kB
Buffers:           59496 kB
Cached:           384848 kB
MemTotal:        1844596 kB
MemFree:         1173592 kB
MemAvailable:    1500584 kB
Buffers:           59496 kB
Cached:           384848 kB
MemTotal:        1844596 kB
MemFree:         1172268 kB
MemAvailable:    1499260 kB
Buffers:           59496 kB
Cached:           384848 kB
MemTotal:        1844596 kB
MemFree:         1173004 kB
MemAvailable:    1499996 kB
Buffers:           59496 kB
Cached:           384848 kB
MemTotal:        1844596 kB
MemFree:         1173464 kB
MemAvailable:    1500456 kB
Buffers:           59496 kB
Cached:           384848 kB
MemTotal:        1844596 kB
MemFree:         1173716 kB
MemAvailable:    1500708 kB
Buffers:           59496 kB
Cached:           384848 kB
MemTotal:        1844596 kB
MemFree:         1173500 kB
MemAvailable:    1500492 kB
Buffers:           59496 kB
Cached:           384848 kB
MemTotal:        1844596 kB
MemFree:         1173476 kB
MemAvailable:    1500552 kB
Buffers:           59496 kB
Cached:           384972 kB
MemTotal:        1844596 kB
MemFree:         1212488 kB
MemAvailable:    1538892 kB
Buffers:           59496 kB
Cached:           384216 kB
MemTotal:        1844596 kB
MemFree:         1240972 kB
MemAvailable:    1567376 kB
Buffers:           59496 kB
Cached:           384216 kB
