MemTotal:        1844596 kB
MemFree:         1307200 kB
MemAvailable:    1554624 kB
Buffers:           51172 kB
Cached:           320532 kB
MemTotal:        1844596 kB
MemFree:         1305532 kB
MemAvailable:    1552956 kB
Buffers:           51172 kB
Cached:           320532 kB
MemTotal:        1844596 kB
MemFree:         1303292 kB
MemAvailable:    1550716 kB
Buffers:           51172 kB
Cached:           320532 kB
MemTotal:        1844596 kB
MemFree:         1302112 kB
MemAvailable:    1549536 kB
Buffers:           51172 kB
Cached:           320532 kB
MemTotal:        1844596 kB
MemFree:         1301000 kB
MemAvailable:    1548424 kB
Buffers:           51172 kB
Cached:           320532 kB
MemTotal:        1844596 kB
MemFree:         1301976 kB
MemAvailable:    1549404 kB
Buffers:           51172 kB
Cached:           320536 kB
MemTotal:        1844596 kB
MemFree:         1301132 kB
MemAvailable:    1548560 kB
Buffers:           51172 kB
Cached:           320536 kB
MemTotal:        1844596 kB
MemFree:         1299016 kB
MemAvailable:    1546444 kB
Buffers:           51172 kB
Cached:           320536 kB
MemTotal:        1844596 kB
MemFree:         1295528 kB
MemAvailable:    1542956 kB
Buffers:           51172 kB
Cached:           320536 kB
MemTotal:        1844596 kB
MemFree:         1295528 kB
MemAvailable:    1542956 kB
Buffers:           51172 kB
Cached:           320536 kB
MemTotal:        1844596 kB
MemFree:         1292000 kB
MemAvailable:    1539428 kB
Buffers:           51172 kB
Cached:           320536 kB
MemTotal:        1844596 kB
MemFree:         1292252 kB
MemAvailable:    1539680 kB
Buffers:           51172 kB
Cached:           320536 kB
MemTotal:        1844596 kB
MemFree:         1291884 kB
MemAvailable:    1539312 kB
Buffers:           51172 kB
Cached:           320536 kB
MemTotal:        1844596 kB
MemFree:         1292136 kB
MemAvailable:    1539564 kB
Buffers:           51172 kB
Cached:           320536 kB
MemTotal:        1844596 kB
MemFree:         1290652 kB
MemAvailable:    1538080 kB
Buffers:           51172 kB
Cached:           320536 kB
MemTotal:        1844596 kB
MemFree:         1291744 kB
MemAvailable:    1539172 kB
Buffers:           51172 kB
Cached:           320536 kB
MemTotal:        1844596 kB
MemFree:         1290776 kB
MemAvailable:    1538204 kB
Buffers:           51172 kB
Cached:           320536 kB
MemTotal:        1844596 kB
MemFree:         1291148 kB
MemAvailable:    1538576 kB
Buffers:           51172 kB
Cached:           320536 kB
MemTotal:        1844596 kB
MemFree:         1289724 kB
MemAvailable:    1537152 kB
Buffers:           51172 kB
Cached:           320536 kB
MemTotal:        1844596 kB
MemFree:         1289908 kB
MemAvailable:    1537336 kB
Buffers:           51172 kB
Cached:           320536 kB
MemTotal:        1844596 kB
MemFree:         1289776 kB
MemAvailable:    1537204 kB
Buffers:           51172 kB
Cached:           320536 kB
MemTotal:        1844596 kB
MemFree:         1288468 kB
MemAvailable:    1535896 kB
Buffers:           51172 kB
Cached:           320536 kB
MemTotal:        1844596 kB
MemFree:         1289752 kB
MemAvailable:    1537180 kB
Buffers:           51172 kB
Cached:           320536 kB
MemTotal:        1844596 kB
MemFree:         1289556 kB
MemAvailable:    1536984 kB
Buffers:           51172 kB
Cached:           320536 kB
MemTotal:        1844596 kB
MemFree:         1289556 kB
MemAvailable:    1536984 kB
Buffers:           51172 kB
Cached:           320536 kB
MemTotal:        1844596 kB
MemFree:         1289564 kB
MemAvailable:    1536992 kB
Buffers:           51172 kB
Cached:           320536 kB
MemTotal:        1844596 kB
MemFree:         1289460 kB
MemAvailable:    1536888 kB
Buffers:           51172 kB
Cached:           320536 kB
MemTotal:        1844596 kB
MemFree:         1289480 kB
MemAvailable:    1536908 kB
Buffers:           51172 kB
Cached:           320536 kB
MemTotal:        1844596 kB
MemFree:         1288208 kB
MemAvailable:    1535636 kB
Buffers:           51172 kB
Cached:           320536 kB
MemTotal:        1844596 kB
MemFree:         1289644 kB
MemAvailable:    1537072 kB
Buffers:           51172 kB
Cached:           320536 kB
MemTotal:        1844596 kB
MemFree:         1290884 kB
MemAvailable:    1538312 kB
Buffers:           51172 kB
Cached:           320536 kB
MemTotal:        1844596 kB
MemFree:         1289104 kB
MemAvailable:    1536532 kB
Buffers:           51172 kB
Cached:           320536 kB
MemTotal:        1844596 kB
MemFree:         1288048 kB
MemAvailable:    1535476 kB
Buffers:           51172 kB
Cached:           320536 kB
MemTotal:        1844596 kB
MemFree:         1286500 kB
MemAvailable:    1533928 kB
Buffers:           51172 kB
Cached:           320536 kB
MemTotal:        1844596 kB
MemFree:         1287000 kB
MemAvailable:    1534428 kB
Buffers:           51172 kB
Cached:           320536 kB
MemTotal:        1844596 kB
MemFree:         1285692 kB
MemAvailable:    1533120 kB
Buffers:           51172 kB
Cached:           320536 kB
MemTotal:        1844596 kB
MemFree:         1286228 kB
MemAvailable:    1533656 kB
Buffers:           51172 kB
Cached:           320536 kB
MemTotal:        1844596 kB
MemFree:         1286312 kB
MemAvailable:    1533740 kB
Buffers:           51172 kB
Cached:           320536 kB
MemTotal:        1844596 kB
MemFree:         1285320 kB
MemAvailable:    1532748 kB
Buffers:           51172 kB
Cached:           320536 kB
MemTotal:        1844596 kB
MemFree:         1285488 kB
MemAvailable:    1532916 kB
Buffers:           51172 kB
Cached:           320536 kB
MemTotal:        1844596 kB
MemFree:         1285360 kB
MemAvailable:    1532788 kB
Buffers:           51172 kB
Cached:           320536 kB
MemTotal:        1844596 kB
MemFree:         1285696 kB
MemAvailable:    1533124 kB
Buffers:           51172 kB
Cached:           320536 kB
MemTotal:        1844596 kB
MemFree:         1285428 kB
MemAvailable:    1532856 kB
Buffers:           51172 kB
Cached:           320536 kB
MemTotal:        1844596 kB
MemFree:         1284112 kB
MemAvailable:    1531540 kB
Buffers:           51172 kB
Cached:           320536 kB
MemTotal:        1844596 kB
MemFree:         1285368 kB
MemAvailable:    1532796 kB
Buffers:           51172 kB
Cached:           320536 kB
MemTotal:        1844596 kB
MemFree:         1283764 kB
MemAvailable:    1531192 kB
Buffers:           51172 kB
Cached:           320536 kB
MemTotal:        1844596 kB
MemFree:         1283392 kB
MemAvailable:    1530820 kB
Buffers:           51172 kB
Cached:           320536 kB
MemTotal:        1844596 kB
MemFree:         1283004 kB
MemAvailable:    1530432 kB
Buffers:           51172 kB
Cached:           320536 kB
MemTotal:        1844596 kB
MemFree:         1283136 kB
MemAvailable:    1530564 kB
Buffers:           51172 kB
Cached:           320536 kB
MemTotal:        1844596 kB
MemFree:         1284376 kB
MemAvailable:    1531804 kB
Buffers:           51172 kB
Cached:           320536 kB
MemTotal:        1844596 kB
MemFree:         1284428 kB
MemAvailable:    1531856 kB
Buffers:           51172 kB
Cached:           320536 kB
MemTotal:        1844596 kB
MemFree:         1282996 kB
MemAvailable:    1530424 kB
Buffers:           51172 kB
Cached:           320536 kB
MemTotal:        1844596 kB
MemFree:         1284472 kB
MemAvailable:    1531900 kB
Buffers:           51172 kB
Cached:           320536 kB
MemTotal:        1844596 kB
MemFree:         1284316 kB
MemAvailable:    1531744 kB
Buffers:           51172 kB
Cached:           320536 kB
MemTotal:        1844596 kB
MemFree:         1284316 kB
MemAvailable:    1531744 kB
Buffers:           51172 kB
Cached:           320536 kB
MemTotal:        1844596 kB
MemFree:         1284440 kB
MemAvailable:    1531868 kB
Buffers:           51172 kB
Cached:           320536 kB
MemTotal:        1844596 kB
MemFree:         1284496 kB
MemAvailable:    1531924 kB
Buffers:           51172 kB
Cached:           320536 kB
MemTotal:        1844596 kB
MemFree:         1283000 kB
MemAvailable:    1530428 kB
Buffers:           51172 kB
Cached:           320536 kB
MemTotal:        1844596 kB
MemFree:         1283996 kB
MemAvailable:    1531424 kB
Buffers:           51172 kB
Cached:           320536 kB
MemTotal:        1844596 kB
MemFree:         1283996 kB
MemAvailable:    1531424 kB
Buffers:           51172 kB
Cached:           320536 kB
MemTotal:        1844596 kB
MemFree:         1283684 kB
MemAvailable:    1531112 kB
Buffers:           51172 kB
Cached:           320536 kB
MemTotal:        1844596 kB
MemFree:         1283552 kB
MemAvailable:    1530980 kB
Buffers:           51172 kB
Cached:           320536 kB
MemTotal:        1844596 kB
MemFree:         1282120 kB
MemAvailable:    1529548 kB
Buffers:           51172 kB
Cached:           320536 kB
MemTotal:        1844596 kB
MemFree:         1282244 kB
MemAvailable:    1529672 kB
Buffers:           51172 kB
Cached:           320536 kB
MemTotal:        1844596 kB
MemFree:         1283420 kB
MemAvailable:    1530848 kB
Buffers:           51172 kB
Cached:           320536 kB
MemTotal:        1844596 kB
MemFree:         1282532 kB
MemAvailable:    1529960 kB
Buffers:           51172 kB
Cached:           320536 kB
MemTotal:        1844596 kB
MemFree:         1283420 kB
MemAvailable:    1530852 kB
Buffers:           51172 kB
Cached:           320540 kB
MemTotal:        1844596 kB
MemFree:         1282112 kB
MemAvailable:    1529544 kB
Buffers:           51172 kB
Cached:           320540 kB
MemTotal:        1844596 kB
MemFree:         1283288 kB
MemAvailable:    1530724 kB
Buffers:           51172 kB
Cached:           320544 kB
MemTotal:        1844596 kB
MemFree:         1283384 kB
MemAvailable:    1530820 kB
Buffers:           51172 kB
Cached:           320544 kB
MemTotal:        1844596 kB
MemFree:         1283384 kB
MemAvailable:    1530820 kB
Buffers:           51172 kB
Cached:           320544 kB
MemTotal:        1844596 kB
MemFree:         1282764 kB
MemAvailable:    1530200 kB
Buffers:           51172 kB
Cached:           320544 kB
MemTotal:        1844596 kB
MemFree:         1282764 kB
MemAvailable:    1530200 kB
Buffers:           51172 kB
Cached:           320544 kB
MemTotal:        1844596 kB
MemFree:         1278788 kB
MemAvailable:    1526224 kB
Buffers:           51172 kB
Cached:           320544 kB
MemTotal:        1844596 kB
MemFree:         1278788 kB
MemAvailable:    1526224 kB
Buffers:           51172 kB
Cached:           320544 kB
MemTotal:        1844596 kB
MemFree:         1274968 kB
MemAvailable:    1522404 kB
Buffers:           51172 kB
Cached:           320544 kB
MemTotal:        1844596 kB
MemFree:         1274720 kB
MemAvailable:    1522156 kB
Buffers:           51172 kB
Cached:           320544 kB
MemTotal:        1844596 kB
MemFree:         1274588 kB
MemAvailable:    1522024 kB
Buffers:           51172 kB
Cached:           320544 kB
MemTotal:        1844596 kB
MemFree:         1275648 kB
MemAvailable:    1523084 kB
Buffers:           51172 kB
Cached:           320544 kB
MemTotal:        1844596 kB
MemFree:         1274472 kB
MemAvailable:    1521908 kB
Buffers:           51172 kB
Cached:           320544 kB
MemTotal:        1844596 kB
MemFree:         1275388 kB
MemAvailable:    1522824 kB
Buffers:           51172 kB
Cached:           320544 kB
MemTotal:        1844596 kB
MemFree:         1275536 kB
MemAvailable:    1522972 kB
Buffers:           51172 kB
Cached:           320544 kB
MemTotal:        1844596 kB
MemFree:         1275656 kB
MemAvailable:    1523092 kB
Buffers:           51172 kB
Cached:           320544 kB
MemTotal:        1844596 kB
MemFree:         1275260 kB
MemAvailable:    1522696 kB
Buffers:           51172 kB
Cached:           320544 kB
MemTotal:        1844596 kB
MemFree:         1275428 kB
MemAvailable:    1522864 kB
Buffers:           51172 kB
Cached:           320544 kB
MemTotal:        1844596 kB
MemFree:         1275200 kB
MemAvailable:    1522636 kB
Buffers:           51172 kB
Cached:           320544 kB
MemTotal:        1844596 kB
MemFree:         1275536 kB
MemAvailable:    1522972 kB
Buffers:           51172 kB
Cached:           320544 kB
MemTotal:        1844596 kB
MemFree:         1275324 kB
MemAvailable:    1522760 kB
Buffers:           51172 kB
Cached:           320544 kB
MemTotal:        1844596 kB
MemFree:         1275464 kB
MemAvailable:    1522900 kB
Buffers:           51172 kB
Cached:           320544 kB
MemTotal:        1844596 kB
MemFree:         1275400 kB
MemAvailable:    1522836 kB
Buffers:           51172 kB
Cached:           320544 kB
MemTotal:        1844596 kB
MemFree:         1275540 kB
MemAvailable:    1522976 kB
Buffers:           51172 kB
Cached:           320544 kB
MemTotal:        1844596 kB
MemFree:         1275060 kB
MemAvailable:    1522496 kB
Buffers:           51172 kB
Cached:           320544 kB
MemTotal:        1844596 kB
MemFree:         1275060 kB
MemAvailable:    1522496 kB
Buffers:           51172 kB
Cached:           320544 kB
MemTotal:        1844596 kB
MemFree:         1274640 kB
MemAvailable:    1522076 kB
Buffers:           51172 kB
Cached:           320544 kB
MemTotal:        1844596 kB
MemFree:         1274640 kB
MemAvailable:    1522076 kB
Buffers:           51172 kB
Cached:           320544 kB
MemTotal:        1844596 kB
MemFree:         1273108 kB
MemAvailable:    1520544 kB
Buffers:           51172 kB
Cached:           320544 kB
MemTotal:        1844596 kB
MemFree:         1272728 kB
MemAvailable:    1520164 kB
Buffers:           51172 kB
Cached:           320544 kB
MemTotal:        1844596 kB
MemFree:         1273948 kB
MemAvailable:    1521384 kB
Buffers:           51172 kB
Cached:           320544 kB
MemTotal:        1844596 kB
MemFree:         1272736 kB
MemAvailable:    1520172 kB
Buffers:           51172 kB
Cached:           320544 kB
MemTotal:        1844596 kB
MemFree:         1272712 kB
MemAvailable:    1520148 kB
Buffers:           51172 kB
Cached:           320544 kB
MemTotal:        1844596 kB
MemFree:         1272796 kB
MemAvailable:    1520232 kB
Buffers:           51172 kB
Cached:           320544 kB
MemTotal:        1844596 kB
MemFree:         1272576 kB
MemAvailable:    1520012 kB
Buffers:           51172 kB
Cached:           320544 kB
MemTotal:        1844596 kB
MemFree:         1272660 kB
MemAvailable:    1520096 kB
Buffers:           51172 kB
Cached:           320544 kB
MemTotal:        1844596 kB
MemFree:         1271968 kB
MemAvailable:    1519404 kB
Buffers:           51172 kB
Cached:           320544 kB
MemTotal:        1844596 kB
MemFree:         1271968 kB
MemAvailable:    1519404 kB
Buffers:           51172 kB
Cached:           320544 kB
MemTotal:        1844596 kB
MemFree:         1271780 kB
MemAvailable:    1519216 kB
Buffers:           51172 kB
Cached:           320544 kB
MemTotal:        1844596 kB
MemFree:         1271780 kB
MemAvailable:    1519216 kB
Buffers:           51172 kB
Cached:           320544 kB
MemTotal:        1844596 kB
MemFree:         1271520 kB
MemAvailable:    1518956 kB
Buffers:           51172 kB
Cached:           320544 kB
MemTotal:        1844596 kB
MemFree:         1271348 kB
MemAvailable:    1518784 kB
Buffers:           51172 kB
Cached:           320544 kB
MemTotal:        1844596 kB
MemFree:         1271432 kB
MemAvailable:    1518868 kB
Buffers:           51172 kB
Cached:           320544 kB
MemTotal:        1844596 kB
MemFree:         1271556 kB
MemAvailable:    1518992 kB
Buffers:           51172 kB
Cached:           320544 kB
MemTotal:        1844596 kB
MemFree:         1270876 kB
MemAvailable:    1518312 kB
Buffers:           51172 kB
Cached:           320544 kB
MemTotal:        1844596 kB
MemFree:         1271796 kB
MemAvailable:    1519232 kB
Buffers:           51172 kB
Cached:           320544 kB
MemTotal:        1844596 kB
MemFree:         1271620 kB
MemAvailable:    1519056 kB
Buffers:           51172 kB
Cached:           320544 kB
MemTotal:        1844596 kB
MemFree:         1270884 kB
MemAvailable:    1518320 kB
Buffers:           51172 kB
Cached:           320544 kB
MemTotal:        1844596 kB
MemFree:         1271224 kB
MemAvailable:    1518660 kB
Buffers:           51172 kB
Cached:           320544 kB
MemTotal:        1844596 kB
MemFree:         1271224 kB
MemAvailable:    1518660 kB
Buffers:           51172 kB
Cached:           320544 kB
MemTotal:        1844596 kB
MemFree:         1270712 kB
MemAvailable:    1518148 kB
Buffers:           51172 kB
Cached:           320544 kB
MemTotal:        1844596 kB
MemFree:         1271048 kB
MemAvailable:    1518484 kB
Buffers:           51172 kB
Cached:           320544 kB
MemTotal:        1844596 kB
MemFree:         1263668 kB
MemAvailable:    1511104 kB
Buffers:           51172 kB
Cached:           320544 kB
MemTotal:        1844596 kB
MemFree:         1263940 kB
MemAvailable:    1511460 kB
Buffers:           51172 kB
Cached:           320668 kB
MemTotal:        1844596 kB
MemFree:         1264688 kB
MemAvailable:    1512292 kB
Buffers:           51172 kB
Cached:           320792 kB
MemTotal:        1844596 kB
MemFree:         1264600 kB
MemAvailable:    1512288 kB
Buffers:           51172 kB
Cached:           320916 kB
MemTotal:        1844596 kB
MemFree:         1263684 kB
MemAvailable:    1511456 kB
Buffers:           51172 kB
Cached:           320916 kB
MemTotal:        1844596 kB
MemFree:         1263124 kB
MemAvailable:    1510896 kB
Buffers:           51172 kB
Cached:           320916 kB
MemTotal:        1844596 kB
MemFree:         1264224 kB
MemAvailable:    1512248 kB
Buffers:           51172 kB
Cached:           321164 kB
MemTotal:        1844596 kB
MemFree:         1264476 kB
MemAvailable:    1512500 kB
Buffers:           51172 kB
Cached:           321164 kB
MemTotal:        1844596 kB
MemFree:         1264092 kB
MemAvailable:    1512116 kB
Buffers:           51172 kB
Cached:           321164 kB
MemTotal:        1844596 kB
MemFree:         1264092 kB
MemAvailable:    1512200 kB
Buffers:           51172 kB
Cached:           321164 kB
MemTotal:        1844596 kB
MemFree:         1264328 kB
MemAvailable:    1512436 kB
Buffers:           51172 kB
Cached:           321164 kB
MemTotal:        1844596 kB
MemFree:         1262636 kB
MemAvailable:    1510744 kB
Buffers:           51172 kB
Cached:           321164 kB
MemTotal:        1844596 kB
MemFree:         1262860 kB
MemAvailable:    1510968 kB
Buffers:           51172 kB
Cached:           321164 kB
MemTotal:        1844596 kB
MemFree:         1263880 kB
MemAvailable:    1511988 kB
Buffers:           51172 kB
Cached:           321164 kB
MemTotal:        1844596 kB
MemFree:         1263992 kB
MemAvailable:    1512100 kB
Buffers:           51172 kB
Cached:           321164 kB
MemTotal:        1844596 kB
MemFree:         1264132 kB
MemAvailable:    1512240 kB
Buffers:           51172 kB
Cached:           321164 kB
MemTotal:        1844596 kB
MemFree:         1264320 kB
MemAvailable:    1511840 kB
Buffers:           51172 kB
Cached:           320532 kB
MemTotal:        1844596 kB
MemFree:         1264172 kB
MemAvailable:    1511692 kB
Buffers:           51172 kB
Cached:           320532 kB
MemTotal:        1844596 kB
MemFree:         1332652 kB
MemAvailable:    1580172 kB
Buffers:           51172 kB
Cached:           320532 kB
