MemTotal:        1844596 kB
MemFree:         1493848 kB
MemAvailable:    1565576 kB
Buffers:           29340 kB
Cached:           176088 kB
MemTotal:        1844596 kB
MemFree:         1493468 kB
MemAvailable:    1565196 kB
Buffers:           29340 kB
Cached:           176088 kB
MemTotal:        1844596 kB
MemFree:         1491368 kB
MemAvailable:    1563096 kB
Buffers:           29340 kB
Cached:           176088 kB
MemTotal:        1844596 kB
MemFree:         1490996 kB
MemAvailable:    1562600 kB
Buffers:           29340 kB
Cached:           176088 kB
MemTotal:        1844596 kB
MemFree:         1491244 kB
MemAvailable:    1562972 kB
Buffers:           29340 kB
Cached:           176088 kB
MemTotal:        1844596 kB
MemFree:         1490128 kB
MemAvailable:    1561856 kB
Buffers:           29340 kB
Cached:           176088 kB
MemTotal:        1844596 kB
MemFree:         1489444 kB
MemAvailable:    1561172 kB
Buffers:           29340 kB
Cached:           176088 kB
MemTotal:        1844596 kB
MemFree:         1487276 kB
MemAvailable:    1559004 kB
Buffers:           29340 kB
Cached:           176088 kB
MemTotal:        1844596 kB
MemFree:         1484796 kB
MemAvailable:    1556524 kB
Buffers:           29340 kB
Cached:           176088 kB
MemTotal:        1844596 kB
MemFree:         1482376 kB
MemAvailable:    1554104 kB
Buffers:           29340 kB
Cached:           176088 kB
MemTotal:        1844596 kB
MemFree:         1480292 kB
MemAvailable:    1552020 kB
Buffers:           29340 kB
Cached:           176088 kB
MemTotal:        1844596 kB
MemFree:         1480704 kB
MemAvailable:    1552432 kB
Buffers:           29340 kB
Cached:           176088 kB
MemTotal:        1844596 kB
MemFree:         1481048 kB
MemAvailable:    1552776 kB
Buffers:           29340 kB
Cached:           176088 kB
MemTotal:        1844596 kB
MemFree:         1481216 kB
MemAvailable:    1552944 kB
Buffers:           29340 kB
Cached:           176088 kB
MemTotal:        1844596 kB
MemFree:         1479960 kB
MemAvailable:    1551688 kB
Buffers:           29340 kB
Cached:           176088 kB
MemTotal:        1844596 kB
MemFree:         1479788 kB
MemAvailable:    1551516 kB
Buffers:           29340 kB
Cached:           176088 kB
MemTotal:        1844596 kB
MemFree:         1481340 kB
MemAvailable:    1553068 kB
Buffers:           29340 kB
Cached:           176088 kB
MemTotal:        1844596 kB
MemFree:         1479208 kB
MemAvailable:    1550936 kB
Buffers:           29340 kB
Cached:           176088 kB
MemTotal:        1844596 kB
MemFree:         1479464 kB
MemAvailable:    1551192 kB
Buffers:           29340 kB
Cached:           176088 kB
MemTotal:        1844596 kB
MemFree:         1478224 kB
MemAvailable:    1549952 kB
Buffers:           29340 kB
Cached:           176088 kB
MemTotal:        1844596 kB
MemFree:         1478848 kB
MemAvailable:    1550576 kB
Buffers:           29340 kB
Cached:           176088 kB
MemTotal:        1844596 kB
MemFree:         1477976 kB
MemAvailable:    1549704 kB
Buffers:           29340 kB
Cached:           176088 kB
MemTotal:        1844596 kB
MemFree:         1478768 kB
MemAvailable:    1550496 kB
Buffers:           29340 kB
Cached:           176088 kB
MemTotal:        1844596 kB
MemFree:         1478728 kB
MemAvailable:    1550456 kB
Buffers:           29340 kB
Cached:           176088 kB
MemTotal:        1844596 kB
MemFree:         1477548 kB
MemAvailable:    1549276 kB
Buffers:           29340 kB
Cached:           176088 kB
MemTotal:        1844596 kB
MemFree:         1478100 kB
MemAvailable:    1549828 kB
Buffers:           29340 kB
Cached:           176088 kB
MemTotal:        1844596 kB
MemFree:         1479092 kB
MemAvailable:    1550824 kB
Buffers:           29340 kB
Cached:           176092 kB
MemTotal:        1844596 kB
MemFree:         1477976 kB
MemAvailable:    1549708 kB
Buffers:           29340 kB
Cached:           176092 kB
MemTotal:        1844596 kB
MemFree:         1478852 kB
MemAvailable:    1550584 kB
Buffers:           29340 kB
Cached:           176092 kB
MemTotal:        1844596 kB
MemFree:         1480120 kB
MemAvailable:    1551852 kB
Buffers:           29340 kB
Cached:           176092 kB
MemTotal:        1844596 kB
MemFree:         1480120 kB
MemAvailable:    1551852 kB
Buffers:           29340 kB
Cached:           176092 kB
MemTotal:        1844596 kB
MemFree:         1479772 kB
MemAvailable:    1551504 kB
Buffers:           29340 kB
Cached:           176092 kB
MemTotal:        1844596 kB
MemFree:         1477836 kB
MemAvailable:    1549568 kB
Buffers:           29340 kB
Cached:           176092 kB
MemTotal:        1844596 kB
MemFree:         1477836 kB
MemAvailable:    1549568 kB
Buffers:           29340 kB
Cached:           176092 kB
MemTotal:        1844596 kB
MemFree:         1476672 kB
MemAvailable:    1548404 kB
Buffers:           29340 kB
Cached:           176092 kB
MemTotal:        1844596 kB
MemFree:         1475240 kB
MemAvailable:    1546972 kB
Buffers:           29340 kB
Cached:           176092 kB
MemTotal:        1844596 kB
MemFree:         1474628 kB
MemAvailable:    1546360 kB
Buffers:           29340 kB
Cached:           176092 kB
MemTotal:        1844596 kB
MemFree:         1474876 kB
MemAvailable:    1546608 kB
Buffers:           29340 kB
Cached:           176092 kB
MemTotal:        1844596 kB
MemFree:         1474736 kB
MemAvailable:    1546468 kB
Buffers:           29340 kB
Cached:           176092 kB
MemTotal:        1844596 kB
MemFree:         1474504 kB
MemAvailable:    1546236 kB
Buffers:           29340 kB
Cached:           176092 kB
MemTotal:        1844596 kB
MemFree:         1474616 kB
MemAvailable:    1546348 kB
Buffers:           29340 kB
Cached:           176092 kB
MemTotal:        1844596 kB
MemFree:         1473328 kB
MemAvailable:    1545060 kB
Buffers:           29340 kB
Cached:           176092 kB
MemTotal:        1844596 kB
MemFree:         1474496 kB
MemAvailable:    1546228 kB
Buffers:           29340 kB
Cached:           176092 kB
MemTotal:        1844596 kB
MemFree:         1474496 kB
MemAvailable:    1546228 kB
Buffers:           29340 kB
Cached:           176092 kB
MemTotal:        1844596 kB
MemFree:         1474580 kB
MemAvailable:    1546312 kB
Buffers:           29340 kB
Cached:           176092 kB
MemTotal:        1844596 kB
MemFree:         1473076 kB
MemAvailable:    1544808 kB
Buffers:           29340 kB
Cached:           176092 kB
MemTotal:        1844596 kB
MemFree:         1474380 kB
MemAvailable:    1546116 kB
Buffers:           29340 kB
Cached:           176096 kB
MemTotal:        1844596 kB
MemFree:         1473140 kB
MemAvailable:    1544876 kB
Buffers:           29340 kB
Cached:           176096 kB
MemTotal:        1844596 kB
MemFree:         1473888 kB
MemAvailable:    1545624 kB
Buffers:           29340 kB
Cached:           176096 kB
MemTotal:        1844596 kB
MemFree:         1472580 kB
MemAvailable:    1544316 kB
Buffers:           29340 kB
Cached:           176096 kB
MemTotal:        1844596 kB
MemFree:         1473684 kB
MemAvailable:    1545420 kB
Buffers:           29340 kB
Cached:           176096 kB
MemTotal:        1844596 kB
MemFree:         1472328 kB
MemAvailable:    1544064 kB
Buffers:           29340 kB
Cached:           176096 kB
MemTotal:        1844596 kB
MemFree:         1472636 kB
MemAvailable:    1544372 kB
Buffers:           29340 kB
Cached:           176096 kB
MemTotal:        1844596 kB
MemFree:         1473696 kB
MemAvailable:    1545432 kB
Buffers:           29340 kB
Cached:           176096 kB
MemTotal:        1844596 kB
MemFree:         1473620 kB
MemAvailable:    1545356 kB
Buffers:           29340 kB
Cached:           176096 kB
MemTotal:        1844596 kB
MemFree:         1473620 kB
MemAvailable:    1545356 kB
Buffers:           29340 kB
Cached:           176096 kB
MemTotal:        1844596 kB
MemFree:         1473608 kB
MemAvailable:    1545344 kB
Buffers:           29340 kB
Cached:           176096 kB
MemTotal:        1844596 kB
MemFree:         1473860 kB
MemAvailable:    1545596 kB
Buffers:           29340 kB
Cached:           176096 kB
MemTotal:        1844596 kB
MemFree:         1472324 kB
MemAvailable:    1544060 kB
Buffers:           29340 kB
Cached:           176096 kB
MemTotal:        1844596 kB
MemFree:         1472324 kB
MemAvailable:    1544060 kB
Buffers:           29340 kB
Cached:           176096 kB
MemTotal:        1844596 kB
MemFree:         1473500 kB
MemAvailable:    1545236 kB
Buffers:           29340 kB
Cached:           176096 kB
MemTotal:        1844596 kB
MemFree:         1472068 kB
MemAvailable:    1543804 kB
Buffers:           29340 kB
Cached:           176096 kB
MemTotal:        1844596 kB
MemFree:         1472440 kB
MemAvailable:    1544176 kB
Buffers:           29340 kB
Cached:           176096 kB
MemTotal:        1844596 kB
MemFree:         1471900 kB
MemAvailable:    1543636 kB
Buffers:           29340 kB
Cached:           176096 kB
MemTotal:        1844596 kB
MemFree:         1473200 kB
MemAvailable:    1544936 kB
Buffers:           29340 kB
Cached:           176096 kB
MemTotal:        1844596 kB
MemFree:         1472952 kB
MemAvailable:    1544688 kB
Buffers:           29340 kB
Cached:           176096 kB
MemTotal:        1844596 kB
MemFree:         1471776 kB
MemAvailable:    1543512 kB
Buffers:           29340 kB
Cached:           176096 kB
MemTotal:        1844596 kB
MemFree:         1472576 kB
MemAvailable:    1544312 kB
Buffers:           29340 kB
Cached:           176096 kB
MemTotal:        1844596 kB
MemFree:         1472580 kB
MemAvailable:    1544316 kB
Buffers:           29340 kB
Cached:           176096 kB
MemTotal:        1844596 kB
MemFree:         1472832 kB
MemAvailable:    1544568 kB
Buffers:           29340 kB
Cached:           176096 kB
MemTotal:        1844596 kB
MemFree:         1471404 kB
MemAvailable:    1543140 kB
Buffers:           29340 kB
Cached:           176096 kB
MemTotal:        1844596 kB
MemFree:         1471356 kB
MemAvailable:    1543092 kB
Buffers:           29340 kB
Cached:           176096 kB
MemTotal:        1844596 kB
MemFree:         1471356 kB
MemAvailable:    1543092 kB
Buffers:           29340 kB
Cached:           176096 kB
MemTotal:        1844596 kB
MemFree:         1472656 kB
MemAvailable:    1544392 kB
Buffers:           29340 kB
Cached:           176096 kB
MemTotal:        1844596 kB
MemFree:         1471900 kB
MemAvailable:    1543636 kB
Buffers:           29340 kB
Cached:           176096 kB
MemTotal:        1844596 kB
MemFree:         1470644 kB
MemAvailable:    1542380 kB
Buffers:           29340 kB
Cached:           176096 kB
MemTotal:        1844596 kB
MemFree:         1470728 kB
MemAvailable:    1542464 kB
Buffers:           29340 kB
Cached:           176096 kB
MemTotal:        1844596 kB
MemFree:         1466792 kB
MemAvailable:    1538528 kB
Buffers:           29340 kB
Cached:           176096 kB
MemTotal:        1844596 kB
MemFree:         1466792 kB
MemAvailable:    1538528 kB
Buffers:           29340 kB
Cached:           176096 kB
MemTotal:        1844596 kB
MemFree:         1465204 kB
MemAvailable:    1536940 kB
Buffers:           29340 kB
Cached:           176096 kB
MemTotal:        1844596 kB
MemFree:         1464948 kB
MemAvailable:    1536684 kB
Buffers:           29340 kB
Cached:           176096 kB
MemTotal:        1844596 kB
MemFree:         1463576 kB
MemAvailable:    1535312 kB
Buffers:           29340 kB
Cached:           176096 kB
MemTotal:        1844596 kB
MemFree:         1464676 kB
MemAvailable:    1536412 kB
Buffers:           29340 kB
Cached:           176096 kB
MemTotal:        1844596 kB
MemFree:         1465012 kB
MemAvailable:    1536748 kB
Buffers:           29340 kB
Cached:           176096 kB
MemTotal:        1844596 kB
MemFree:         1464684 kB
MemAvailable:    1536420 kB
Buffers:           29340 kB
Cached:           176096 kB
MemTotal:        1844596 kB
MemFree:         1463312 kB
MemAvailable:    1535048 kB
Buffers:           29340 kB
Cached:           176096 kB
MemTotal:        1844596 kB
MemFree:         1464496 kB
MemAvailable:    1536232 kB
Buffers:           29340 kB
Cached:           176096 kB
MemTotal:        1844596 kB
MemFree:         1464832 kB
MemAvailable:    1536568 kB
Buffers:           29340 kB
Cached:           176096 kB
MemTotal:        1844596 kB
MemFree:         1464504 kB
MemAvailable:    1536240 kB
Buffers:           29340 kB
Cached:           176096 kB
MemTotal:        1844596 kB
MemFree:         1464796 kB
MemAvailable:    1536532 kB
Buffers:           29340 kB
Cached:           176096 kB
MemTotal:        1844596 kB
MemFree:         1463716 kB
MemAvailable:    1535452 kB
Buffers:           29340 kB
Cached:           176096 kB
MemTotal:        1844596 kB
MemFree:         1464640 kB
MemAvailable:    1536376 kB
Buffers:           29340 kB
Cached:           176096 kB
MemTotal:        1844596 kB
MemFree:         1464780 kB
MemAvailable:    1536516 kB
Buffers:           29340 kB
Cached:           176096 kB
MemTotal:        1844596 kB
MemFree:         1464320 kB
MemAvailable:    1536056 kB
Buffers:           29340 kB
Cached:           176096 kB
MemTotal:        1844596 kB
MemFree:         1464320 kB
MemAvailable:    1536056 kB
Buffers:           29340 kB
Cached:           176096 kB
MemTotal:        1844596 kB
MemFree:         1462908 kB
MemAvailable:    1534644 kB
Buffers:           29340 kB
Cached:           176096 kB
MemTotal:        1844596 kB
MemFree:         1462784 kB
MemAvailable:    1534520 kB
Buffers:           29340 kB
Cached:           176096 kB
MemTotal:        1844596 kB
MemFree:         1463204 kB
MemAvailable:    1534940 kB
Buffers:           29340 kB
Cached:           176096 kB
MemTotal:        1844596 kB
MemFree:         1463204 kB
MemAvailable:    1534940 kB
Buffers:           29340 kB
Cached:           176096 kB
MemTotal:        1844596 kB
MemFree:         1461668 kB
MemAvailable:    1533404 kB
Buffers:           29340 kB
Cached:           176096 kB
MemTotal:        1844596 kB
MemFree:         1461848 kB
MemAvailable:    1533584 kB
Buffers:           29340 kB
Cached:           176096 kB
MemTotal:        1844596 kB
MemFree:         1462104 kB
MemAvailable:    1533844 kB
Buffers:           29340 kB
Cached:           176100 kB
MemTotal:        1844596 kB
MemFree:         1460608 kB
MemAvailable:    1532348 kB
Buffers:           29352 kB
Cached:           176088 kB
MemTotal:        1844596 kB
MemFree:         1461956 kB
MemAvailable:    1533696 kB
Buffers:           29352 kB
Cached:           176088 kB
MemTotal:        1844596 kB
MemFree:         1461096 kB
MemAvailable:    1532836 kB
Buffers:           29352 kB
Cached:           176088 kB
MemTotal:        1844596 kB
MemFree:         1461096 kB
MemAvailable:    1532836 kB
Buffers:           29352 kB
Cached:           176088 kB
MemTotal:        1844596 kB
MemFree:         1460916 kB
MemAvailable:    1532656 kB
Buffers:           29352 kB
Cached:           176088 kB
MemTotal:        1844596 kB
MemFree:         1461168 kB
MemAvailable:    1532908 kB
Buffers:           29352 kB
Cached:           176088 kB
MemTotal:        1844596 kB
MemFree:         1460660 kB
MemAvailable:    1532400 kB
Buffers:           29352 kB
Cached:           176088 kB
MemTotal:        1844596 kB
MemFree:         1460744 kB
MemAvailable:    1532484 kB
Buffers:           29352 kB
Cached:           176088 kB
MemTotal:        1844596 kB
MemFree:         1459592 kB
MemAvailable:    1531332 kB
Buffers:           29352 kB
Cached:           176088 kB
MemTotal:        1844596 kB
MemFree:         1460576 kB
MemAvailable:    1532316 kB
Buffers:           29352 kB
Cached:           176088 kB
MemTotal:        1844596 kB
MemFree:         1460948 kB
MemAvailable:    1532688 kB
Buffers:           29352 kB
Cached:           176088 kB
MemTotal:        1844596 kB
MemFree:         1460128 kB
MemAvailable:    1531868 kB
Buffers:           29352 kB
Cached:           176088 kB
MemTotal:        1844596 kB
MemFree:         1460740 kB
MemAvailable:    1532480 kB
Buffers:           29352 kB
Cached:           176088 kB
MemTotal:        1844596 kB
MemFree:         1460600 kB
MemAvailable:    1532340 kB
Buffers:           29352 kB
Cached:           176088 kB
MemTotal:        1844596 kB
MemFree:         1460600 kB
MemAvailable:    1532340 kB
Buffers:           29352 kB
Cached:           176088 kB
MemTotal:        1844596 kB
MemFree:         1459120 kB
MemAvailable:    1530860 kB
Buffers:           29352 kB
Cached:           176088 kB
MemTotal:        1844596 kB
MemFree:         1460164 kB
MemAvailable:    1531904 kB
Buffers:           29352 kB
Cached:           176088 kB
MemTotal:        1844596 kB
MemFree:         1457328 kB
MemAvailable:    1529068 kB
Buffers:           29352 kB
Cached:           176088 kB
MemTotal:        1844596 kB
MemFree:         1453624 kB
MemAvailable:    1525364 kB
Buffers:           29352 kB
Cached:           176088 kB
MemTotal:        1844596 kB
MemFree:         1452184 kB
MemAvailable:    1523924 kB
Buffers:           29352 kB
Cached:           176212 kB
MemTotal:        1844596 kB
MemFree:         1453236 kB
MemAvailable:    1525144 kB
Buffers:           29352 kB
Cached:           176336 kB
MemTotal:        1844596 kB
MemFree:         1452060 kB
MemAvailable:    1524052 kB
Buffers:           29352 kB
Cached:           176336 kB
MemTotal:        1844596 kB
MemFree:         1452872 kB
MemAvailable:    1524992 kB
Buffers:           29352 kB
Cached:           176508 kB
MemTotal:        1844596 kB
MemFree:         1451500 kB
MemAvailable:    1523620 kB
Buffers:           29352 kB
Cached:           176508 kB
MemTotal:        1844596 kB
MemFree:         1452664 kB
MemAvailable:    1525048 kB
Buffers:           29352 kB
Cached:           176732 kB
MemTotal:        1844596 kB
MemFree:         1452664 kB
MemAvailable:    1525048 kB
Buffers:           29352 kB
Cached:           176732 kB
MemTotal:        1844596 kB
MemFree:         1452500 kB
MemAvailable:    1524884 kB
Buffers:           29352 kB
Cached:           176732 kB
MemTotal:        1844596 kB
MemFree:         1452480 kB
MemAvailable:    1524864 kB
Buffers:           29352 kB
Cached:           176732 kB
MemTotal:        1844596 kB
MemFree:         1452732 kB
MemAvailable:    1525116 kB
Buffers:           29352 kB
Cached:           176732 kB
MemTotal:        1844596 kB
MemFree:         1452524 kB
MemAvailable:    1524908 kB
Buffers:           29352 kB
Cached:           176732 kB
MemTotal:        1844596 kB
MemFree:         1451408 kB
MemAvailable:    1523792 kB
Buffers:           29352 kB
Cached:           176732 kB
MemTotal:        1844596 kB
MemFree:         1452492 kB
MemAvailable:    1524876 kB
Buffers:           29352 kB
Cached:           176732 kB
MemTotal:        1844596 kB
MemFree:         1452492 kB
MemAvailable:    1524876 kB
Buffers:           29352 kB
Cached:           176732 kB
MemTotal:        1844596 kB
MemFree:         1452716 kB
MemAvailable:    1524512 kB
Buffers:           29352 kB
Cached:           176100 kB
MemTotal:        1844596 kB
MemFree:         1451968 kB
MemAvailable:    1523764 kB
Buffers:           29352 kB
Cached:           176100 kB
MemTotal:        1844596 kB
MemFree:         1522216 kB
MemAvailable:    1594012 kB
Buffers:           29352 kB
Cached:           176100 kB
