MemTotal:        1844596 kB
MemFree:         1208016 kB
MemAvailable:    1543540 kB
Buffers:           60340 kB
Cached:           391684 kB
MemTotal:        1844596 kB
MemFree:         1205536 kB
MemAvailable:    1541060 kB
Buffers:           60340 kB
Cached:           391684 kB
MemTotal:        1844596 kB
MemFree:         1204668 kB
MemAvailable:    1540192 kB
Buffers:           60340 kB
Cached:           391684 kB
MemTotal:        1844596 kB
MemFree:         1203296 kB
MemAvailable:    1538820 kB
Buffers:           60340 kB
Cached:           391684 kB
MemTotal:        1844596 kB
MemFree:         1202056 kB
MemAvailable:    1537580 kB
Buffers:           60340 kB
Cached:           391684 kB
MemTotal:        1844596 kB
MemFree:         1202180 kB
MemAvailable:    1537704 kB
Buffers:           60340 kB
Cached:           391684 kB
MemTotal:        1844596 kB
MemFree:         1200760 kB
MemAvailable:    1536284 kB
Buffers:           60340 kB
Cached:           391684 kB
MemTotal:        1844596 kB
MemFree:         1198900 kB
MemAvailable:    1534424 kB
Buffers:           60340 kB
Cached:           391684 kB
MemTotal:        1844596 kB
MemFree:         1194228 kB
MemAvailable:    1529752 kB
Buffers:           60340 kB
Cached:           391684 kB
MemTotal:        1844596 kB
MemFree:         1194228 kB
MemAvailable:    1529752 kB
Buffers:           60340 kB
Cached:           391684 kB
MemTotal:        1844596 kB
MemFree:         1193376 kB
MemAvailable:    1528900 kB
Buffers:           60340 kB
Cached:           391684 kB
MemTotal:        1844596 kB
MemFree:         1193488 kB
MemAvailable:    1529012 kB
Buffers:           60340 kB
Cached:           391684 kB
MemTotal:        1844596 kB
MemFree:         1193424 kB
MemAvailable:    1528948 kB
Buffers:           60340 kB
Cached:           391684 kB
MemTotal:        1844596 kB
MemFree:         1193160 kB
MemAvailable:    1528684 kB
Buffers:           60340 kB
Cached:           391684 kB
MemTotal:        1844596 kB
MemFree:         1191968 kB
MemAvailable:    1527492 kB
Buffers:           60340 kB
Cached:           391684 kB
MemTotal:        1844596 kB
MemFree:         1192092 kB
MemAvailable:    1527616 kB
Buffers:           60340 kB
Cached:           391684 kB
MemTotal:        1844596 kB
MemFree:         1192824 kB
MemAvailable:    1528348 kB
Buffers:           60340 kB
Cached:           391684 kB
MemTotal:        1844596 kB
MemFree:         1191152 kB
MemAvailable:    1526676 kB
Buffers:           60340 kB
Cached:           391684 kB
MemTotal:        1844596 kB
MemFree:         1190160 kB
MemAvailable:    1525684 kB
Buffers:           60340 kB
Cached:           391684 kB
MemTotal:        1844596 kB
MemFree:         1191212 kB
MemAvailable:    1526736 kB
Buffers:           60340 kB
Cached:           391684 kB
MemTotal:        1844596 kB
MemFree:         1191004 kB
MemAvailable:    1526528 kB
Buffers:           60340 kB
Cached:           391684 kB
MemTotal:        1844596 kB
MemFree:         1191004 kB
MemAvailable:    1526528 kB
Buffers:           60340 kB
Cached:           391684 kB
MemTotal:        1844596 kB
MemFree:         1190716 kB
MemAvailable:    1526244 kB
Buffers:           60340 kB
Cached:           391688 kB
MemTotal:        1844596 kB
MemFree:         1190800 kB
MemAvailable:    1526328 kB
Buffers:           60340 kB
Cached:           391688 kB
MemTotal:        1844596 kB
MemFree:         1190640 kB
MemAvailable:    1526168 kB
Buffers:           60340 kB
Cached:           391688 kB
MemTotal:        1844596 kB
MemFree:         1190724 kB
MemAvailable:    1526252 kB
Buffers:           60340 kB
Cached:           391688 kB
MemTotal:        1844596 kB
MemFree:         1190716 kB
MemAvailable:    1526244 kB
Buffers:           60340 kB
Cached:           391688 kB
MemTotal:        1844596 kB
MemFree:         1192120 kB
MemAvailable:    1527648 kB
Buffers:           60340 kB
Cached:           391688 kB
MemTotal:        1844596 kB
MemFree:         1192080 kB
MemAvailable:    1527608 kB
Buffers:           60340 kB
Cached:           391688 kB
MemTotal:        1844596 kB
MemFree:         1191856 kB
MemAvailable:    1527384 kB
Buffers:           60340 kB
Cached:           391688 kB
MemTotal:        1844596 kB
MemFree:         1189392 kB
MemAvailable:    1524920 kB
Buffers:           60340 kB
Cached:           391688 kB
MemTotal:        1844596 kB
MemFree:         1189284 kB
MemAvailable:    1524812 kB
Buffers:           60340 kB
Cached:           391688 kB
MemTotal:        1844596 kB
MemFree:         1188484 kB
MemAvailable:    1524012 kB
Buffers:           60340 kB
Cached:           391688 kB
MemTotal:        1844596 kB
MemFree:         1186928 kB
MemAvailable:    1522456 kB
Buffers:           60340 kB
Cached:           391688 kB
MemTotal:        1844596 kB
MemFree:         1186812 kB
MemAvailable:    1522340 kB
Buffers:           60340 kB
Cached:           391688 kB
MemTotal:        1844596 kB
MemFree:         1187616 kB
MemAvailable:    1523144 kB
Buffers:           60340 kB
Cached:           391688 kB
MemTotal:        1844596 kB
MemFree:         1186672 kB
MemAvailable:    1522200 kB
Buffers:           60340 kB
Cached:           391688 kB
MemTotal:        1844596 kB
MemFree:         1186924 kB
MemAvailable:    1522452 kB
Buffers:           60340 kB
Cached:           391688 kB
MemTotal:        1844596 kB
MemFree:         1185440 kB
MemAvailable:    1520968 kB
Buffers:           60340 kB
Cached:           391688 kB
MemTotal:        1844596 kB
MemFree:         1186708 kB
MemAvailable:    1522236 kB
Buffers:           60340 kB
Cached:           391688 kB
MemTotal:        1844596 kB
MemFree:         1185276 kB
MemAvailable:    1520804 kB
Buffers:           60340 kB
Cached:           391688 kB
MemTotal:        1844596 kB
MemFree:         1186576 kB
MemAvailable:    1522104 kB
Buffers:           60340 kB
Cached:           391688 kB
MemTotal:        1844596 kB
MemFree:         1186320 kB
MemAvailable:    1521848 kB
Buffers:           60340 kB
Cached:           391688 kB
MemTotal:        1844596 kB
MemFree:         1185144 kB
MemAvailable:    1520672 kB
Buffers:           60340 kB
Cached:           391688 kB
MemTotal:        1844596 kB
MemFree:         1185756 kB
MemAvailable:    1521284 kB
Buffers:           60340 kB
Cached:           391688 kB
MemTotal:        1844596 kB
MemFree:         1186012 kB
MemAvailable:    1521540 kB
Buffers:           60340 kB
Cached:           391688 kB
MemTotal:        1844596 kB
MemFree:         1185756 kB
MemAvailable:    1521284 kB
Buffers:           60340 kB
Cached:           391688 kB
MemTotal:        1844596 kB
MemFree:         1184144 kB
MemAvailable:    1519672 kB
Buffers:           60340 kB
Cached:           391688 kB
MemTotal:        1844596 kB
MemFree:         1184152 kB
MemAvailable:    1519680 kB
Buffers:           60340 kB
Cached:           391688 kB
MemTotal:        1844596 kB
MemFree:         1184400 kB
MemAvailable:    1519928 kB
Buffers:           60340 kB
Cached:           391688 kB
MemTotal:        1844596 kB
MemFree:         1184392 kB
MemAvailable:    1519920 kB
Buffers:           60340 kB
Cached:           391688 kB
MemTotal:        1844596 kB
MemFree:         1185700 kB
MemAvailable:    1521228 kB
Buffers:           60340 kB
Cached:           391688 kB
MemTotal:        1844596 kB
MemFree:         1185700 kB
MemAvailable:    1521228 kB
Buffers:           60340 kB
Cached:           391688 kB
MemTotal:        1844596 kB
MemFree:         1184524 kB
MemAvailable:    1520052 kB
Buffers:           60340 kB
Cached:           391688 kB
MemTotal:        1844596 kB
MemFree:         1184456 kB
MemAvailable:    1519984 kB
Buffers:           60340 kB
Cached:           391688 kB
MemTotal:        1844596 kB
MemFree:         1184820 kB
MemAvailable:    1520348 kB
Buffers:           60340 kB
Cached:           391688 kB
MemTotal:        1844596 kB
MemFree:         1185412 kB
MemAvailable:    1520940 kB
Buffers:           60340 kB
Cached:           391688 kB
MemTotal:        1844596 kB
MemFree:         1185748 kB
MemAvailable:    1521276 kB
Buffers:           60340 kB
Cached:           391688 kB
MemTotal:        1844596 kB
MemFree:         1184172 kB
MemAvailable:    1519700 kB
Buffers:           60340 kB
Cached:           391688 kB
MemTotal:        1844596 kB
MemFree:         1184084 kB
MemAvailable:    1519612 kB
Buffers:           60340 kB
Cached:           391688 kB
MemTotal:        1844596 kB
MemFree:         1185068 kB
MemAvailable:    1520596 kB
Buffers:           60340 kB
Cached:           391688 kB
MemTotal:        1844596 kB
MemFree:         1184872 kB
MemAvailable:    1520400 kB
Buffers:           60340 kB
Cached:           391688 kB
MemTotal:        1844596 kB
MemFree:         1184828 kB
MemAvailable:    1520356 kB
Buffers:           60340 kB
Cached:           391688 kB
MemTotal:        1844596 kB
MemFree:         1184716 kB
MemAvailable:    1520244 kB
Buffers:           60340 kB
Cached:           391688 kB
MemTotal:        1844596 kB
MemFree:         1183836 kB
MemAvailable:    1519364 kB
Buffers:           60340 kB
Cached:           391688 kB
MemTotal:        1844596 kB
MemFree:         1184552 kB
MemAvailable:    1520080 kB
Buffers:           60340 kB
Cached:           391688 kB
MemTotal:        1844596 kB
MemFree:         1184804 kB
MemAvailable:    1520332 kB
Buffers:           60340 kB
Cached:           391688 kB
MemTotal:        1844596 kB
MemFree:         1183404 kB
MemAvailable:    1518932 kB
Buffers:           60340 kB
Cached:           391688 kB
MemTotal:        1844596 kB
MemFree:         1183564 kB
MemAvailable:    1519092 kB
Buffers:           60340 kB
Cached:           391688 kB
MemTotal:        1844596 kB
MemFree:         1184564 kB
MemAvailable:    1520092 kB
Buffers:           60340 kB
Cached:           391688 kB
MemTotal:        1844596 kB
MemFree:         1184580 kB
MemAvailable:    1520108 kB
Buffers:           60340 kB
Cached:           391688 kB
MemTotal:        1844596 kB
MemFree:         1184376 kB
MemAvailable:    1519904 kB
Buffers:           60340 kB
Cached:           391688 kB
MemTotal:        1844596 kB
MemFree:         1184712 kB
MemAvailable:    1520240 kB
Buffers:           60340 kB
Cached:           391688 kB
MemTotal:        1844596 kB
MemFree:         1180844 kB
MemAvailable:    1516372 kB
Buffers:           60340 kB
Cached:           391688 kB
MemTotal:        1844596 kB
MemFree:         1180844 kB
MemAvailable:    1516372 kB
Buffers:           60340 kB
Cached:           391688 kB
MemTotal:        1844596 kB
MemFree:         1176768 kB
MemAvailable:    1512296 kB
Buffers:           60340 kB
Cached:           391688 kB
MemTotal:        1844596 kB
MemFree:         1177076 kB
MemAvailable:    1512604 kB
Buffers:           60340 kB
Cached:           391688 kB
MemTotal:        1844596 kB
MemFree:         1176628 kB
MemAvailable:    1512156 kB
Buffers:           60340 kB
Cached:           391688 kB
MemTotal:        1844596 kB
MemFree:         1176628 kB
MemAvailable:    1512156 kB
Buffers:           60340 kB
Cached:           391688 kB
MemTotal:        1844596 kB
MemFree:         1175256 kB
MemAvailable:    1510784 kB
Buffers:           60340 kB
Cached:           391688 kB
MemTotal:        1844596 kB
MemFree:         1176628 kB
MemAvailable:    1512156 kB
Buffers:           60340 kB
Cached:           391688 kB
MemTotal:        1844596 kB
MemFree:         1175388 kB
MemAvailable:    1510916 kB
Buffers:           60340 kB
Cached:           391688 kB
MemTotal:        1844596 kB
MemFree:         1175628 kB
MemAvailable:    1511156 kB
Buffers:           60340 kB
Cached:           391688 kB
MemTotal:        1844596 kB
MemFree:         1176812 kB
MemAvailable:    1512340 kB
Buffers:           60340 kB
Cached:           391688 kB
MemTotal:        1844596 kB
MemFree:         1175380 kB
MemAvailable:    1510908 kB
Buffers:           60340 kB
Cached:           391688 kB
MemTotal:        1844596 kB
MemFree:         1175496 kB
MemAvailable:    1511024 kB
Buffers:           60340 kB
Cached:           391688 kB
MemTotal:        1844596 kB
MemFree:         1175380 kB
MemAvailable:    1510908 kB
Buffers:           60340 kB
Cached:           391688 kB
MemTotal:        1844596 kB
MemFree:         1176680 kB
MemAvailable:    1512208 kB
Buffers:           60340 kB
Cached:           391688 kB
MemTotal:        1844596 kB
MemFree:         1176592 kB
MemAvailable:    1512120 kB
Buffers:           60340 kB
Cached:           391688 kB
MemTotal:        1844596 kB
MemFree:         1176676 kB
MemAvailable:    1512204 kB
Buffers:           60340 kB
Cached:           391688 kB
MemTotal:        1844596 kB
MemFree:         1176380 kB
MemAvailable:    1511908 kB
Buffers:           60340 kB
Cached:           391688 kB
MemTotal:        1844596 kB
MemFree:         1176464 kB
MemAvailable:    1511992 kB
Buffers:           60340 kB
Cached:           391688 kB
MemTotal:        1844596 kB
MemFree:         1176216 kB
MemAvailable:    1511744 kB
Buffers:           60340 kB
Cached:           391688 kB
MemTotal:        1844596 kB
MemFree:         1174720 kB
MemAvailable:    1510248 kB
Buffers:           60340 kB
Cached:           391688 kB
MemTotal:        1844596 kB
MemFree:         1175764 kB
MemAvailable:    1511292 kB
Buffers:           60340 kB
Cached:           391688 kB
MemTotal:        1844596 kB
MemFree:         1174040 kB
MemAvailable:    1509568 kB
Buffers:           60340 kB
Cached:           391688 kB
MemTotal:        1844596 kB
MemFree:         1173776 kB
MemAvailable:    1509304 kB
Buffers:           60340 kB
Cached:           391688 kB
MemTotal:        1844596 kB
MemFree:         1174908 kB
MemAvailable:    1510436 kB
Buffers:           60340 kB
Cached:           391688 kB
MemTotal:        1844596 kB
MemFree:         1174412 kB
MemAvailable:    1509940 kB
Buffers:           60340 kB
Cached:           391688 kB
MemTotal:        1844596 kB
MemFree:         1172544 kB
MemAvailable:    1508072 kB
Buffers:           60340 kB
Cached:           391688 kB
MemTotal:        1844596 kB
MemFree:         1172792 kB
MemAvailable:    1508320 kB
Buffers:           60340 kB
Cached:           391688 kB
MemTotal:        1844596 kB
MemFree:         1172140 kB
MemAvailable:    1507668 kB
Buffers:           60340 kB
Cached:           391688 kB
MemTotal:        1844596 kB
MemFree:         1173208 kB
MemAvailable:    1508748 kB
Buffers:           60340 kB
Cached:           391700 kB
MemTotal:        1844596 kB
MemFree:         1173288 kB
MemAvailable:    1508828 kB
Buffers:           60340 kB
Cached:           391700 kB
MemTotal:        1844596 kB
MemFree:         1172776 kB
MemAvailable:    1508316 kB
Buffers:           60340 kB
Cached:           391700 kB
MemTotal:        1844596 kB
MemFree:         1172792 kB
MemAvailable:    1508332 kB
Buffers:           60340 kB
Cached:           391700 kB
MemTotal:        1844596 kB
MemFree:         1171528 kB
MemAvailable:    1507068 kB
Buffers:           60340 kB
Cached:           391700 kB
MemTotal:        1844596 kB
MemFree:         1172796 kB
MemAvailable:    1508336 kB
Buffers:           60340 kB
Cached:           391700 kB
MemTotal:        1844596 kB
MemFree:         1172668 kB
MemAvailable:    1508208 kB
Buffers:           60340 kB
Cached:           391700 kB
MemTotal:        1844596 kB
MemFree:         1172736 kB
MemAvailable:    1508276 kB
Buffers:           60340 kB
Cached:           391700 kB
MemTotal:        1844596 kB
MemFree:         1173044 kB
MemAvailable:    1508584 kB
Buffers:           60340 kB
Cached:           391700 kB
MemTotal:        1844596 kB
MemFree:         1173044 kB
MemAvailable:    1508584 kB
Buffers:           60340 kB
Cached:           391700 kB
MemTotal:        1844596 kB
MemFree:         1172704 kB
MemAvailable:    1508244 kB
Buffers:           60340 kB
Cached:           391700 kB
MemTotal:        1844596 kB
MemFree:         1172552 kB
MemAvailable:    1508092 kB
Buffers:           60340 kB
Cached:           391700 kB
MemTotal:        1844596 kB
MemFree:         1172552 kB
MemAvailable:    1508092 kB
Buffers:           60340 kB
Cached:           391700 kB
MemTotal:        1844596 kB
MemFree:         1172296 kB
MemAvailable:    1507836 kB
Buffers:           60340 kB
Cached:           391700 kB
MemTotal:        1844596 kB
MemFree:         1166104 kB
MemAvailable:    1501644 kB
Buffers:           60340 kB
Cached:           391700 kB
MemTotal:        1844596 kB
MemFree:         1166096 kB
MemAvailable:    1501636 kB
Buffers:           60340 kB
Cached:           391700 kB
MemTotal:        1844596 kB
MemFree:         1165668 kB
MemAvailable:    1501376 kB
Buffers:           60340 kB
Cached:           391948 kB
MemTotal:        1844596 kB
MemFree:         1164492 kB
MemAvailable:    1500368 kB
Buffers:           60340 kB
Cached:           392072 kB
MemTotal:        1844596 kB
MemFree:         1165568 kB
MemAvailable:    1501532 kB
Buffers:           60340 kB
Cached:           392076 kB
MemTotal:        1844596 kB
MemFree:         1165468 kB
MemAvailable:    1501432 kB
Buffers:           60340 kB
Cached:           392200 kB
MemTotal:        1844596 kB
MemFree:         1163864 kB
MemAvailable:    1499996 kB
Buffers:           60340 kB
Cached:           392324 kB
MemTotal:        1844596 kB
MemFree:         1163856 kB
MemAvailable:    1499988 kB
Buffers:           60340 kB
Cached:           392324 kB
MemTotal:        1844596 kB
MemFree:         1165016 kB
MemAvailable:    1501232 kB
Buffers:           60340 kB
Cached:           392324 kB
MemTotal:        1844596 kB
MemFree:         1165016 kB
MemAvailable:    1501232 kB
Buffers:           60340 kB
Cached:           392324 kB
MemTotal:        1844596 kB
MemFree:         1163872 kB
MemAvailable:    1500088 kB
Buffers:           60340 kB
Cached:           392324 kB
MemTotal:        1844596 kB
MemFree:         1164972 kB
MemAvailable:    1501188 kB
Buffers:           60340 kB
Cached:           392324 kB
MemTotal:        1844596 kB
MemFree:         1165056 kB
MemAvailable:    1501272 kB
Buffers:           60340 kB
Cached:           392324 kB
MemTotal:        1844596 kB
MemFree:         1163824 kB
MemAvailable:    1500040 kB
Buffers:           60340 kB
Cached:           392324 kB
MemTotal:        1844596 kB
MemFree:         1163940 kB
MemAvailable:    1500156 kB
Buffers:           60340 kB
Cached:           392448 kB
MemTotal:        1844596 kB
MemFree:         1165840 kB
MemAvailable:    1501468 kB
Buffers:           60340 kB
Cached:           391776 kB
MemTotal:        1844596 kB
MemFree:         1232692 kB
MemAvailable:    1568320 kB
Buffers:           60340 kB
Cached:           391776 kB
