MemTotal:        1844596 kB
MemFree:         1573504 kB
MemAvailable:    1582700 kB
Buffers:           21844 kB
Cached:           119344 kB
MemTotal:        1844596 kB
MemFree:         1569900 kB
MemAvailable:    1579096 kB
Buffers:           21844 kB
Cached:           119344 kB
MemTotal:        1844596 kB
MemFree:         1568784 kB
MemAvailable:    1577980 kB
Buffers:           21844 kB
Cached:           119344 kB
MemTotal:        1844596 kB
MemFree:         1567504 kB
MemAvailable:    1576700 kB
Buffers:           21844 kB
Cached:           119344 kB
MemTotal:        1844596 kB
MemFree:         1566940 kB
MemAvailable:    1576136 kB
Buffers:           21844 kB
Cached:           119344 kB
MemTotal:        1844596 kB
MemFree:         1566560 kB
MemAvailable:    1575756 kB
Buffers:           21844 kB
Cached:           119344 kB
MemTotal:        1844596 kB
MemFree:         1567180 kB
MemAvailable:    1576376 kB
Buffers:           21844 kB
Cached:           119344 kB
MemTotal:        1844596 kB
MemFree:         1562212 kB
MemAvailable:    1571408 kB
Buffers:           21844 kB
Cached:           119344 kB
MemTotal:        1844596 kB
MemFree:         1562212 kB
MemAvailable:    1571408 kB
Buffers:           21844 kB
Cached:           119344 kB
MemTotal:        1844596 kB
MemFree:         1557640 kB
MemAvailable:    1566836 kB
Buffers:           21844 kB
Cached:           119344 kB
MemTotal:        1844596 kB
MemFree:         1557848 kB
MemAvailable:    1567044 kB
Buffers:           21844 kB
Cached:           119344 kB
MemTotal:        1844596 kB
MemFree:         1557020 kB
MemAvailable:    1566216 kB
Buffers:           21844 kB
Cached:           119344 kB
MemTotal:        1844596 kB
MemFree:         1557708 kB
MemAvailable:    1566904 kB
Buffers:           21844 kB
Cached:           119344 kB
MemTotal:        1844596 kB
MemFree:         1557840 kB
MemAvailable:    1567036 kB
Buffers:           21844 kB
Cached:           119344 kB
MemTotal:        1844596 kB
MemFree:         1557584 kB
MemAvailable:    1566780 kB
Buffers:           21844 kB
Cached:           119344 kB
MemTotal:        1844596 kB
MemFree:         1557752 kB
MemAvailable:    1566948 kB
Buffers:           21844 kB
Cached:           119344 kB
MemTotal:        1844596 kB
MemFree:         1557640 kB
MemAvailable:    1566836 kB
Buffers:           21844 kB
Cached:           119344 kB
MemTotal:        1844596 kB
MemFree:         1556088 kB
MemAvailable:    1565284 kB
Buffers:           21844 kB
Cached:           119344 kB
MemTotal:        1844596 kB
MemFree:         1555632 kB
MemAvailable:    1564828 kB
Buffers:           21844 kB
Cached:           119344 kB
MemTotal:        1844596 kB
MemFree:         1555632 kB
MemAvailable:    1564828 kB
Buffers:           21844 kB
Cached:           119344 kB
MemTotal:        1844596 kB
MemFree:         1555328 kB
MemAvailable:    1564524 kB
Buffers:           21844 kB
Cached:           119344 kB
MemTotal:        1844596 kB
MemFree:         1555580 kB
MemAvailable:    1564776 kB
Buffers:           21844 kB
Cached:           119344 kB
MemTotal:        1844596 kB
MemFree:         1555336 kB
MemAvailable:    1564532 kB
Buffers:           21844 kB
Cached:           119344 kB
MemTotal:        1844596 kB
MemFree:         1554292 kB
MemAvailable:    1563488 kB
Buffers:           21844 kB
Cached:           119344 kB
MemTotal:        1844596 kB
MemFree:         1555132 kB
MemAvailable:    1564328 kB
Buffers:           21844 kB
Cached:           119344 kB
MemTotal:        1844596 kB
MemFree:         1555384 kB
MemAvailable:    1564580 kB
Buffers:           21844 kB
Cached:           119344 kB
MemTotal:        1844596 kB
MemFree:         1553852 kB
MemAvailable:    1563048 kB
Buffers:           21844 kB
Cached:           119344 kB
MemTotal:        1844596 kB
MemFree:         1555252 kB
MemAvailable:    1564448 kB
Buffers:           21844 kB
Cached:           119344 kB
MemTotal:        1844596 kB
MemFree:         1555504 kB
MemAvailable:    1564700 kB
Buffers:           21844 kB
Cached:           119344 kB
MemTotal:        1844596 kB
MemFree:         1555328 kB
MemAvailable:    1564524 kB
Buffers:           21844 kB
Cached:           119344 kB
MemTotal:        1844596 kB
MemFree:         1556328 kB
MemAvailable:    1565524 kB
Buffers:           21844 kB
Cached:           119344 kB
MemTotal:        1844596 kB
MemFree:         1554160 kB
MemAvailable:    1563356 kB
Buffers:           21844 kB
Cached:           119344 kB
MemTotal:        1844596 kB
MemFree:         1553168 kB
MemAvailable:    1562364 kB
Buffers:           21844 kB
Cached:           119344 kB
MemTotal:        1844596 kB
MemFree:         1553160 kB
MemAvailable:    1562356 kB
Buffers:           21844 kB
Cached:           119344 kB
MemTotal:        1844596 kB
MemFree:         1552680 kB
MemAvailable:    1561876 kB
Buffers:           21844 kB
Cached:           119344 kB
MemTotal:        1844596 kB
MemFree:         1551548 kB
MemAvailable:    1560744 kB
Buffers:           21844 kB
Cached:           119344 kB
MemTotal:        1844596 kB
MemFree:         1552492 kB
MemAvailable:    1561688 kB
Buffers:           21844 kB
Cached:           119344 kB
MemTotal:        1844596 kB
MemFree:         1552124 kB
MemAvailable:    1561320 kB
Buffers:           21844 kB
Cached:           119344 kB
MemTotal:        1844596 kB
MemFree:         1551300 kB
MemAvailable:    1560496 kB
Buffers:           21844 kB
Cached:           119344 kB
MemTotal:        1844596 kB
MemFree:         1551384 kB
MemAvailable:    1560580 kB
Buffers:           21844 kB
Cached:           119344 kB
MemTotal:        1844596 kB
MemFree:         1550056 kB
MemAvailable:    1559252 kB
Buffers:           21844 kB
Cached:           119344 kB
MemTotal:        1844596 kB
MemFree:         1551412 kB
MemAvailable:    1560608 kB
Buffers:           21844 kB
Cached:           119344 kB
MemTotal:        1844596 kB
MemFree:         1551316 kB
MemAvailable:    1560512 kB
Buffers:           21844 kB
Cached:           119344 kB
MemTotal:        1844596 kB
MemFree:         1551236 kB
MemAvailable:    1560432 kB
Buffers:           21844 kB
Cached:           119344 kB
MemTotal:        1844596 kB
MemFree:         1551236 kB
MemAvailable:    1560432 kB
Buffers:           21844 kB
Cached:           119344 kB
MemTotal:        1844596 kB
MemFree:         1551176 kB
MemAvailable:    1560372 kB
Buffers:           21844 kB
Cached:           119344 kB
MemTotal:        1844596 kB
MemFree:         1549928 kB
MemAvailable:    1559124 kB
Buffers:           21844 kB
Cached:           119344 kB
MemTotal:        1844596 kB
MemFree:         1550572 kB
MemAvailable:    1559768 kB
Buffers:           21844 kB
Cached:           119344 kB
MemTotal:        1844596 kB
MemFree:         1549200 kB
MemAvailable:    1558396 kB
Buffers:           21844 kB
Cached:           119344 kB
MemTotal:        1844596 kB
MemFree:         1549276 kB
MemAvailable:    1558472 kB
Buffers:           21844 kB
Cached:           119344 kB
MemTotal:        1844596 kB
MemFree:         1550328 kB
MemAvailable:    1559524 kB
Buffers:           21844 kB
Cached:           119344 kB
MemTotal:        1844596 kB
MemFree:         1550364 kB
MemAvailable:    1559560 kB
Buffers:           21844 kB
Cached:           119344 kB
MemTotal:        1844596 kB
MemFree:         1550360 kB
MemAvailable:    1559556 kB
Buffers:           21844 kB
Cached:           119344 kB
MemTotal:        1844596 kB
MemFree:         1549332 kB
MemAvailable:    1558532 kB
Buffers:           21844 kB
Cached:           119348 kB
MemTotal:        1844596 kB
MemFree:         1550396 kB
MemAvailable:    1559596 kB
Buffers:           21844 kB
Cached:           119348 kB
MemTotal:        1844596 kB
MemFree:         1550324 kB
MemAvailable:    1559524 kB
Buffers:           21844 kB
Cached:           119348 kB
MemTotal:        1844596 kB
MemFree:         1549084 kB
MemAvailable:    1558288 kB
Buffers:           21844 kB
Cached:           119352 kB
MemTotal:        1844596 kB
MemFree:         1549036 kB
MemAvailable:    1558240 kB
Buffers:           21844 kB
Cached:           119352 kB
MemTotal:        1844596 kB
MemFree:         1550136 kB
MemAvailable:    1559340 kB
Buffers:           21844 kB
Cached:           119352 kB
MemTotal:        1844596 kB
MemFree:         1549952 kB
MemAvailable:    1559156 kB
Buffers:           21844 kB
Cached:           119352 kB
MemTotal:        1844596 kB
MemFree:         1549800 kB
MemAvailable:    1559004 kB
Buffers:           21844 kB
Cached:           119352 kB
MemTotal:        1844596 kB
MemFree:         1549828 kB
MemAvailable:    1559032 kB
Buffers:           21844 kB
Cached:           119352 kB
MemTotal:        1844596 kB
MemFree:         1548532 kB
MemAvailable:    1557736 kB
Buffers:           21844 kB
Cached:           119352 kB
MemTotal:        1844596 kB
MemFree:         1549832 kB
MemAvailable:    1559036 kB
Buffers:           21844 kB
Cached:           119352 kB
MemTotal:        1844596 kB
MemFree:         1549632 kB
MemAvailable:    1558836 kB
Buffers:           21844 kB
Cached:           119352 kB
MemTotal:        1844596 kB
MemFree:         1549968 kB
MemAvailable:    1559172 kB
Buffers:           21844 kB
Cached:           119352 kB
MemTotal:        1844596 kB
MemFree:         1549500 kB
MemAvailable:    1558704 kB
Buffers:           21844 kB
Cached:           119352 kB
MemTotal:        1844596 kB
MemFree:         1549500 kB
MemAvailable:    1558704 kB
Buffers:           21844 kB
Cached:           119352 kB
MemTotal:        1844596 kB
MemFree:         1548028 kB
MemAvailable:    1557232 kB
Buffers:           21844 kB
Cached:           119352 kB
MemTotal:        1844596 kB
MemFree:         1548276 kB
MemAvailable:    1557480 kB
Buffers:           21844 kB
Cached:           119352 kB
MemTotal:        1844596 kB
MemFree:         1549428 kB
MemAvailable:    1558632 kB
Buffers:           21844 kB
Cached:           119352 kB
MemTotal:        1844596 kB
MemFree:         1549512 kB
MemAvailable:    1558716 kB
Buffers:           21844 kB
Cached:           119352 kB
MemTotal:        1844596 kB
MemFree:         1549192 kB
MemAvailable:    1558396 kB
Buffers:           21844 kB
Cached:           119352 kB
MemTotal:        1844596 kB
MemFree:         1548076 kB
MemAvailable:    1557280 kB
Buffers:           21844 kB
Cached:           119352 kB
MemTotal:        1844596 kB
MemFree:         1547340 kB
MemAvailable:    1556544 kB
Buffers:           21844 kB
Cached:           119352 kB
MemTotal:        1844596 kB
MemFree:         1545364 kB
MemAvailable:    1554568 kB
Buffers:           21844 kB
Cached:           119352 kB
MemTotal:        1844596 kB
MemFree:         1542000 kB
MemAvailable:    1551204 kB
Buffers:           21844 kB
Cached:           119352 kB
MemTotal:        1844596 kB
MemFree:         1542000 kB
MemAvailable:    1551204 kB
Buffers:           21844 kB
Cached:           119352 kB
MemTotal:        1844596 kB
MemFree:         1541688 kB
MemAvailable:    1550892 kB
Buffers:           21844 kB
Cached:           119352 kB
MemTotal:        1844596 kB
MemFree:         1540340 kB
MemAvailable:    1549544 kB
Buffers:           21844 kB
Cached:           119352 kB
MemTotal:        1844596 kB
MemFree:         1541440 kB
MemAvailable:    1550644 kB
Buffers:           21844 kB
Cached:           119352 kB
MemTotal:        1844596 kB
MemFree:         1541440 kB
MemAvailable:    1550644 kB
Buffers:           21844 kB
Cached:           119352 kB
MemTotal:        1844596 kB
MemFree:         1541400 kB
MemAvailable:    1550604 kB
Buffers:           21844 kB
Cached:           119352 kB
MemTotal:        1844596 kB
MemFree:         1540260 kB
MemAvailable:    1549464 kB
Buffers:           21856 kB
Cached:           119340 kB
MemTotal:        1844596 kB
MemFree:         1540136 kB
MemAvailable:    1549340 kB
Buffers:           21856 kB
Cached:           119340 kB
MemTotal:        1844596 kB
MemFree:         1540252 kB
MemAvailable:    1549456 kB
Buffers:           21856 kB
Cached:           119340 kB
MemTotal:        1844596 kB
MemFree:         1541356 kB
MemAvailable:    1550560 kB
Buffers:           21856 kB
Cached:           119340 kB
MemTotal:        1844596 kB
MemFree:         1541356 kB
MemAvailable:    1550560 kB
Buffers:           21856 kB
Cached:           119340 kB
MemTotal:        1844596 kB
MemFree:         1541200 kB
MemAvailable:    1550404 kB
Buffers:           21856 kB
Cached:           119340 kB
MemTotal:        1844596 kB
MemFree:         1541536 kB
MemAvailable:    1550740 kB
Buffers:           21856 kB
Cached:           119340 kB
MemTotal:        1844596 kB
MemFree:         1541436 kB
MemAvailable:    1550640 kB
Buffers:           21856 kB
Cached:           119340 kB
MemTotal:        1844596 kB
MemFree:         1540644 kB
MemAvailable:    1549848 kB
Buffers:           21856 kB
Cached:           119340 kB
MemTotal:        1844596 kB
MemFree:         1541256 kB
MemAvailable:    1550480 kB
Buffers:           21856 kB
Cached:           119360 kB
MemTotal:        1844596 kB
MemFree:         1541256 kB
MemAvailable:    1550480 kB
Buffers:           21856 kB
Cached:           119360 kB
MemTotal:        1844596 kB
MemFree:         1540620 kB
MemAvailable:    1549844 kB
Buffers:           21856 kB
Cached:           119360 kB
MemTotal:        1844596 kB
MemFree:         1540528 kB
MemAvailable:    1549752 kB
Buffers:           21856 kB
Cached:           119360 kB
MemTotal:        1844596 kB
MemFree:         1540472 kB
MemAvailable:    1549696 kB
Buffers:           21856 kB
Cached:           119360 kB
MemTotal:        1844596 kB
MemFree:         1539968 kB
MemAvailable:    1549192 kB
Buffers:           21856 kB
Cached:           119360 kB
MemTotal:        1844596 kB
MemFree:         1538792 kB
MemAvailable:    1548016 kB
Buffers:           21856 kB
Cached:           119360 kB
MemTotal:        1844596 kB
MemFree:         1539604 kB
MemAvailable:    1548828 kB
Buffers:           21856 kB
Cached:           119360 kB
MemTotal:        1844596 kB
MemFree:         1538660 kB
MemAvailable:    1547884 kB
Buffers:           21856 kB
Cached:           119360 kB
MemTotal:        1844596 kB
MemFree:         1538652 kB
MemAvailable:    1547876 kB
Buffers:           21856 kB
Cached:           119360 kB
MemTotal:        1844596 kB
MemFree:         1538792 kB
MemAvailable:    1548016 kB
Buffers:           21856 kB
Cached:           119360 kB
MemTotal:        1844596 kB
MemFree:         1537248 kB
MemAvailable:    1546472 kB
Buffers:           21856 kB
Cached:           119360 kB
MemTotal:        1844596 kB
MemFree:         1537064 kB
MemAvailable:    1546288 kB
Buffers:           21856 kB
Cached:           119360 kB
MemTotal:        1844596 kB
MemFree:         1537612 kB
MemAvailable:    1546836 kB
Buffers:           21856 kB
Cached:           119360 kB
MemTotal:        1844596 kB
MemFree:         1537948 kB
MemAvailable:    1547172 kB
Buffers:           21856 kB
Cached:           119360 kB
MemTotal:        1844596 kB
MemFree:         1537480 kB
MemAvailable:    1546704 kB
Buffers:           21856 kB
Cached:           119360 kB
MemTotal:        1844596 kB
MemFree:         1537564 kB
MemAvailable:    1546788 kB
Buffers:           21856 kB
Cached:           119360 kB
MemTotal:        1844596 kB
MemFree:         1537380 kB
MemAvailable:    1546604 kB
Buffers:           21856 kB
Cached:           119360 kB
MemTotal:        1844596 kB
MemFree:         1537632 kB
MemAvailable:    1546856 kB
Buffers:           21856 kB
Cached:           119360 kB
MemTotal:        1844596 kB
MemFree:         1537532 kB
MemAvailable:    1546756 kB
Buffers:           21856 kB
Cached:           119360 kB
MemTotal:        1844596 kB
MemFree:         1537488 kB
MemAvailable:    1546712 kB
Buffers:           21856 kB
Cached:           119360 kB
MemTotal:        1844596 kB
MemFree:         1536808 kB
MemAvailable:    1546032 kB
Buffers:           21856 kB
Cached:           119360 kB
MemTotal:        1844596 kB
MemFree:         1537400 kB
MemAvailable:    1546624 kB
Buffers:           21856 kB
Cached:           119360 kB
MemTotal:        1844596 kB
MemFree:         1537652 kB
MemAvailable:    1546876 kB
Buffers:           21856 kB
Cached:           119360 kB
MemTotal:        1844596 kB
MemFree:         1536908 kB
MemAvailable:    1546132 kB
Buffers:           21856 kB
Cached:           119360 kB
MemTotal:        1844596 kB
MemFree:         1536908 kB
MemAvailable:    1546132 kB
Buffers:           21856 kB
Cached:           119360 kB
MemTotal:        1844596 kB
MemFree:         1536620 kB
MemAvailable:    1545844 kB
Buffers:           21856 kB
Cached:           119360 kB
MemTotal:        1844596 kB
MemFree:         1533212 kB
MemAvailable:    1542436 kB
Buffers:           21856 kB
Cached:           119360 kB
MemTotal:        1844596 kB
MemFree:         1531032 kB
MemAvailable:    1540256 kB
Buffers:           21856 kB
Cached:           119360 kB
MemTotal:        1844596 kB
MemFree:         1530940 kB
MemAvailable:    1540248 kB
Buffers:           21856 kB
Cached:           119484 kB
MemTotal:        1844596 kB
MemFree:         1529732 kB
MemAvailable:    1539124 kB
Buffers:           21856 kB
Cached:           119484 kB
MemTotal:        1844596 kB
MemFree:         1530448 kB
MemAvailable:    1539924 kB
Buffers:           21856 kB
Cached:           119608 kB
MemTotal:        1844596 kB
MemFree:         1530588 kB
MemAvailable:    1540064 kB
Buffers:           21856 kB
Cached:           119608 kB
MemTotal:        1844596 kB
MemFree:         1529200 kB
MemAvailable:    1538928 kB
Buffers:           21856 kB
Cached:           119856 kB
MemTotal:        1844596 kB
MemFree:         1528708 kB
MemAvailable:    1538436 kB
Buffers:           21856 kB
Cached:           119856 kB
MemTotal:        1844596 kB
MemFree:         1528824 kB
MemAvailable:    1538636 kB
Buffers:           21856 kB
Cached:           119856 kB
MemTotal:        1844596 kB
MemFree:         1530132 kB
MemAvailable:    1539944 kB
Buffers:           21856 kB
Cached:           119980 kB
MemTotal:        1844596 kB
MemFree:         1530056 kB
MemAvailable:    1539896 kB
Buffers:           21856 kB
Cached:           120052 kB
MemTotal:        1844596 kB
MemFree:         1530056 kB
MemAvailable:    1539896 kB
Buffers:           21856 kB
Cached:           120052 kB
MemTotal:        1844596 kB
MemFree:         1530116 kB
MemAvailable:    1539956 kB
Buffers:           21856 kB
Cached:           120052 kB
MemTotal:        1844596 kB
MemFree:         1529368 kB
MemAvailable:    1539208 kB
Buffers:           21856 kB
Cached:           120052 kB
MemTotal:        1844596 kB
MemFree:         1529988 kB
MemAvailable:    1539888 kB
Buffers:           21856 kB
Cached:           120036 kB
MemTotal:        1844596 kB
MemFree:         1529492 kB
MemAvailable:    1539392 kB
Buffers:           21856 kB
Cached:           120036 kB
MemTotal:        1844596 kB
MemFree:         1530212 kB
MemAvailable:    1539524 kB
Buffers:           21856 kB
Cached:           119404 kB
MemTotal:        1844596 kB
MemFree:         1530064 kB
MemAvailable:    1540048 kB
Buffers:           21856 kB
Cached:           120160 kB
MemTotal:        1844596 kB
MemFree:         1597552 kB
MemAvailable:    1606864 kB
Buffers:           21856 kB
Cached:           119404 kB
