MemTotal:        1844596 kB
MemFree:         1223144 kB
MemAvailable:    1542776 kB
Buffers:           58824 kB
Cached:           378732 kB
MemTotal:        1844596 kB
MemFree:         1223136 kB
MemAvailable:    1542768 kB
Buffers:           58824 kB
Cached:           378732 kB
MemTotal:        1844596 kB
MemFree:         1221416 kB
MemAvailable:    1541048 kB
Buffers:           58824 kB
Cached:           378732 kB
MemTotal:        1844596 kB
MemFree:         1219648 kB
MemAvailable:    1539280 kB
Buffers:           58824 kB
Cached:           378732 kB
MemTotal:        1844596 kB
MemFree:         1219416 kB
MemAvailable:    1539048 kB
Buffers:           58824 kB
Cached:           378732 kB
MemTotal:        1844596 kB
MemFree:         1217912 kB
MemAvailable:    1537544 kB
Buffers:           58824 kB
Cached:           378732 kB
MemTotal:        1844596 kB
MemFree:         1218124 kB
MemAvailable:    1537756 kB
Buffers:           58824 kB
Cached:           378732 kB
MemTotal:        1844596 kB
MemFree:         1213720 kB
MemAvailable:    1533352 kB
Buffers:           58824 kB
Cached:           378732 kB
MemTotal:        1844596 kB
MemFree:         1212788 kB
MemAvailable:    1532420 kB
Buffers:           58824 kB
Cached:           378732 kB
MemTotal:        1844596 kB
MemFree:         1209008 kB
MemAvailable:    1528640 kB
Buffers:           58824 kB
Cached:           378732 kB
MemTotal:        1844596 kB
MemFree:         1209492 kB
MemAvailable:    1529124 kB
Buffers:           58824 kB
Cached:           378732 kB
MemTotal:        1844596 kB
MemFree:         1209484 kB
MemAvailable:    1529116 kB
Buffers:           58824 kB
Cached:           378732 kB
MemTotal:        1844596 kB
MemFree:         1208388 kB
MemAvailable:    1528024 kB
Buffers:           58824 kB
Cached:           378736 kB
MemTotal:        1844596 kB
MemFree:         1209648 kB
MemAvailable:    1529284 kB
Buffers:           58824 kB
Cached:           378736 kB
MemTotal:        1844596 kB
MemFree:         1209456 kB
MemAvailable:    1529092 kB
Buffers:           58824 kB
Cached:           378736 kB
MemTotal:        1844596 kB
MemFree:         1209428 kB
MemAvailable:    1529064 kB
Buffers:           58824 kB
Cached:           378736 kB
MemTotal:        1844596 kB
MemFree:         1208120 kB
MemAvailable:    1527756 kB
Buffers:           58824 kB
Cached:           378736 kB
MemTotal:        1844596 kB
MemFree:         1208264 kB
MemAvailable:    1527900 kB
Buffers:           58824 kB
Cached:           378736 kB
MemTotal:        1844596 kB
MemFree:         1206768 kB
MemAvailable:    1526404 kB
Buffers:           58824 kB
Cached:           378736 kB
MemTotal:        1844596 kB
MemFree:         1207184 kB
MemAvailable:    1526820 kB
Buffers:           58824 kB
Cached:           378736 kB
MemTotal:        1844596 kB
MemFree:         1207392 kB
MemAvailable:    1527028 kB
Buffers:           58824 kB
Cached:           378736 kB
MemTotal:        1844596 kB
MemFree:         1207180 kB
MemAvailable:    1526816 kB
Buffers:           58824 kB
Cached:           378736 kB
MemTotal:        1844596 kB
MemFree:         1207132 kB
MemAvailable:    1526768 kB
Buffers:           58824 kB
Cached:           378736 kB
MemTotal:        1844596 kB
MemFree:         1207192 kB
MemAvailable:    1526828 kB
Buffers:           58824 kB
Cached:           378736 kB
MemTotal:        1844596 kB
MemFree:         1207024 kB
MemAvailable:    1526660 kB
Buffers:           58824 kB
Cached:           378736 kB
MemTotal:        1844596 kB
MemFree:         1207076 kB
MemAvailable:    1526712 kB
Buffers:           58824 kB
Cached:           378736 kB
MemTotal:        1844596 kB
MemFree:         1206528 kB
MemAvailable:    1526164 kB
Buffers:           58824 kB
Cached:           378736 kB
MemTotal:        1844596 kB
MemFree:         1206396 kB
MemAvailable:    1526032 kB
Buffers:           58824 kB
Cached:           378736 kB
MemTotal:        1844596 kB
MemFree:         1208408 kB
MemAvailable:    1528044 kB
Buffers:           58824 kB
Cached:           378736 kB
MemTotal:        1844596 kB
MemFree:         1208408 kB
MemAvailable:    1528044 kB
Buffers:           58824 kB
Cached:           378736 kB
MemTotal:        1844596 kB
MemFree:         1207000 kB
MemAvailable:    1526636 kB
Buffers:           58824 kB
Cached:           378736 kB
MemTotal:        1844596 kB
MemFree:         1207000 kB
MemAvailable:    1526636 kB
Buffers:           58824 kB
Cached:           378736 kB
MemTotal:        1844596 kB
MemFree:         1204852 kB
MemAvailable:    1524488 kB
Buffers:           58824 kB
Cached:           378736 kB
MemTotal:        1844596 kB
MemFree:         1203040 kB
MemAvailable:    1522676 kB
Buffers:           58824 kB
Cached:           378736 kB
MemTotal:        1844596 kB
MemFree:         1203036 kB
MemAvailable:    1522672 kB
Buffers:           58824 kB
Cached:           378736 kB
MemTotal:        1844596 kB
MemFree:         1203984 kB
MemAvailable:    1523620 kB
Buffers:           58824 kB
Cached:           378736 kB
MemTotal:        1844596 kB
MemFree:         1203820 kB
MemAvailable:    1523456 kB
Buffers:           58824 kB
Cached:           378736 kB
MemTotal:        1844596 kB
MemFree:         1202188 kB
MemAvailable:    1521824 kB
Buffers:           58824 kB
Cached:           378736 kB
MemTotal:        1844596 kB
MemFree:         1201428 kB
MemAvailable:    1521064 kB
Buffers:           58824 kB
Cached:           378736 kB
MemTotal:        1844596 kB
MemFree:         1203068 kB
MemAvailable:    1522704 kB
Buffers:           58824 kB
Cached:           378736 kB
MemTotal:        1844596 kB
MemFree:         1201672 kB
MemAvailable:    1521308 kB
Buffers:           58824 kB
Cached:           378736 kB
MemTotal:        1844596 kB
MemFree:         1201368 kB
MemAvailable:    1521004 kB
Buffers:           58824 kB
Cached:           378736 kB
MemTotal:        1844596 kB
MemFree:         1203260 kB
MemAvailable:    1522896 kB
Buffers:           58824 kB
Cached:           378736 kB
MemTotal:        1844596 kB
MemFree:         1202776 kB
MemAvailable:    1522412 kB
Buffers:           58824 kB
Cached:           378736 kB
MemTotal:        1844596 kB
MemFree:         1203028 kB
MemAvailable:    1522664 kB
Buffers:           58824 kB
Cached:           378736 kB
MemTotal:        1844596 kB
MemFree:         1202720 kB
MemAvailable:    1522356 kB
Buffers:           58824 kB
Cached:           378736 kB
MemTotal:        1844596 kB
MemFree:         1201568 kB
MemAvailable:    1521204 kB
Buffers:           58824 kB
Cached:           378736 kB
MemTotal:        1844596 kB
MemFree:         1202116 kB
MemAvailable:    1521752 kB
Buffers:           58824 kB
Cached:           378736 kB
MemTotal:        1844596 kB
MemFree:         1202284 kB
MemAvailable:    1521920 kB
Buffers:           58824 kB
Cached:           378736 kB
MemTotal:        1844596 kB
MemFree:         1202076 kB
MemAvailable:    1521712 kB
Buffers:           58824 kB
Cached:           378736 kB
MemTotal:        1844596 kB
MemFree:         1200812 kB
MemAvailable:    1520448 kB
Buffers:           58824 kB
Cached:           378736 kB
MemTotal:        1844596 kB
MemFree:         1200764 kB
MemAvailable:    1520400 kB
Buffers:           58824 kB
Cached:           378736 kB
MemTotal:        1844596 kB
MemFree:         1202064 kB
MemAvailable:    1521700 kB
Buffers:           58824 kB
Cached:           378736 kB
MemTotal:        1844596 kB
MemFree:         1200632 kB
MemAvailable:    1520268 kB
Buffers:           58824 kB
Cached:           378736 kB
MemTotal:        1844596 kB
MemFree:         1201732 kB
MemAvailable:    1521368 kB
Buffers:           58824 kB
Cached:           378736 kB
MemTotal:        1844596 kB
MemFree:         1202068 kB
MemAvailable:    1521704 kB
Buffers:           58824 kB
Cached:           378736 kB
MemTotal:        1844596 kB
MemFree:         1201852 kB
MemAvailable:    1521488 kB
Buffers:           58824 kB
Cached:           378736 kB
MemTotal:        1844596 kB
MemFree:         1202104 kB
MemAvailable:    1521740 kB
Buffers:           58824 kB
Cached:           378736 kB
MemTotal:        1844596 kB
MemFree:         1201792 kB
MemAvailable:    1521428 kB
Buffers:           58824 kB
Cached:           378736 kB
MemTotal:        1844596 kB
MemFree:         1201320 kB
MemAvailable:    1520956 kB
Buffers:           58824 kB
Cached:           378736 kB
MemTotal:        1844596 kB
MemFree:         1200312 kB
MemAvailable:    1519948 kB
Buffers:           58824 kB
Cached:           378736 kB
MemTotal:        1844596 kB
MemFree:         1201672 kB
MemAvailable:    1521308 kB
Buffers:           58824 kB
Cached:           378736 kB
MemTotal:        1844596 kB
MemFree:         1201284 kB
MemAvailable:    1520920 kB
Buffers:           58824 kB
Cached:           378736 kB
MemTotal:        1844596 kB
MemFree:         1201284 kB
MemAvailable:    1520920 kB
Buffers:           58824 kB
Cached:           378736 kB
MemTotal:        1844596 kB
MemFree:         1201032 kB
MemAvailable:    1520668 kB
Buffers:           58824 kB
Cached:           378736 kB
MemTotal:        1844596 kB
MemFree:         1201116 kB
MemAvailable:    1520752 kB
Buffers:           58824 kB
Cached:           378736 kB
MemTotal:        1844596 kB
MemFree:         1200856 kB
MemAvailable:    1520492 kB
Buffers:           58824 kB
Cached:           378736 kB
MemTotal:        1844596 kB
MemFree:         1201064 kB
MemAvailable:    1520700 kB
Buffers:           58824 kB
Cached:           378736 kB
MemTotal:        1844596 kB
MemFree:         1200968 kB
MemAvailable:    1520604 kB
Buffers:           58824 kB
Cached:           378736 kB
MemTotal:        1844596 kB
MemFree:         1199876 kB
MemAvailable:    1519512 kB
Buffers:           58824 kB
Cached:           378736 kB
MemTotal:        1844596 kB
MemFree:         1200852 kB
MemAvailable:    1520488 kB
Buffers:           58824 kB
Cached:           378736 kB
MemTotal:        1844596 kB
MemFree:         1200788 kB
MemAvailable:    1520424 kB
Buffers:           58824 kB
Cached:           378736 kB
MemTotal:        1844596 kB
MemFree:         1200752 kB
MemAvailable:    1520388 kB
Buffers:           58824 kB
Cached:           378736 kB
MemTotal:        1844596 kB
MemFree:         1200700 kB
MemAvailable:    1520336 kB
Buffers:           58824 kB
Cached:           378736 kB
MemTotal:        1844596 kB
MemFree:         1199520 kB
MemAvailable:    1519156 kB
Buffers:           58824 kB
Cached:           378736 kB
MemTotal:        1844596 kB
MemFree:         1198592 kB
MemAvailable:    1518228 kB
Buffers:           58824 kB
Cached:           378736 kB
MemTotal:        1844596 kB
MemFree:         1196420 kB
MemAvailable:    1516056 kB
Buffers:           58824 kB
Cached:           378736 kB
MemTotal:        1844596 kB
MemFree:         1193756 kB
MemAvailable:    1513392 kB
Buffers:           58824 kB
Cached:           378736 kB
MemTotal:        1844596 kB
MemFree:         1193568 kB
MemAvailable:    1513204 kB
Buffers:           58824 kB
Cached:           378736 kB
MemTotal:        1844596 kB
MemFree:         1193196 kB
MemAvailable:    1512832 kB
Buffers:           58824 kB
Cached:           378736 kB
MemTotal:        1844596 kB
MemFree:         1193112 kB
MemAvailable:    1512748 kB
Buffers:           58824 kB
Cached:           378736 kB
MemTotal:        1844596 kB
MemFree:         1193448 kB
MemAvailable:    1513084 kB
Buffers:           58824 kB
Cached:           378736 kB
MemTotal:        1844596 kB
MemFree:         1193064 kB
MemAvailable:    1512700 kB
Buffers:           58824 kB
Cached:           378736 kB
MemTotal:        1844596 kB
MemFree:         1192764 kB
MemAvailable:    1512400 kB
Buffers:           58824 kB
Cached:           378736 kB
MemTotal:        1844596 kB
MemFree:         1191840 kB
MemAvailable:    1511476 kB
Buffers:           58824 kB
Cached:           378736 kB
MemTotal:        1844596 kB
MemFree:         1193108 kB
MemAvailable:    1512744 kB
Buffers:           58824 kB
Cached:           378736 kB
MemTotal:        1844596 kB
MemFree:         1192216 kB
MemAvailable:    1511852 kB
Buffers:           58824 kB
Cached:           378736 kB
MemTotal:        1844596 kB
MemFree:         1191956 kB
MemAvailable:    1511592 kB
Buffers:           58824 kB
Cached:           378736 kB
MemTotal:        1844596 kB
MemFree:         1191956 kB
MemAvailable:    1511592 kB
Buffers:           58824 kB
Cached:           378736 kB
MemTotal:        1844596 kB
MemFree:         1193004 kB
MemAvailable:    1512640 kB
Buffers:           58824 kB
Cached:           378736 kB
MemTotal:        1844596 kB
MemFree:         1193100 kB
MemAvailable:    1512736 kB
Buffers:           58824 kB
Cached:           378736 kB
MemTotal:        1844596 kB
MemFree:         1193184 kB
MemAvailable:    1512820 kB
Buffers:           58824 kB
Cached:           378736 kB
MemTotal:        1844596 kB
MemFree:         1192104 kB
MemAvailable:    1511740 kB
Buffers:           58824 kB
Cached:           378736 kB
MemTotal:        1844596 kB
MemFree:         1193336 kB
MemAvailable:    1512972 kB
Buffers:           58824 kB
Cached:           378736 kB
MemTotal:        1844596 kB
MemFree:         1191640 kB
MemAvailable:    1511276 kB
Buffers:           58824 kB
Cached:           378736 kB
MemTotal:        1844596 kB
MemFree:         1192452 kB
MemAvailable:    1512100 kB
Buffers:           58824 kB
Cached:           378748 kB
MemTotal:        1844596 kB
MemFree:         1191756 kB
MemAvailable:    1511404 kB
Buffers:           58824 kB
Cached:           378748 kB
MemTotal:        1844596 kB
MemFree:         1191756 kB
MemAvailable:    1511404 kB
Buffers:           58824 kB
Cached:           378748 kB
MemTotal:        1844596 kB
MemFree:         1191444 kB
MemAvailable:    1511092 kB
Buffers:           58824 kB
Cached:           378748 kB
MemTotal:        1844596 kB
MemFree:         1190128 kB
MemAvailable:    1509776 kB
Buffers:           58824 kB
Cached:           378748 kB
MemTotal:        1844596 kB
MemFree:         1189840 kB
MemAvailable:    1509488 kB
Buffers:           58824 kB
Cached:           378748 kB
MemTotal:        1844596 kB
MemFree:         1190468 kB
MemAvailable:    1510116 kB
Buffers:           58824 kB
Cached:           378748 kB
MemTotal:        1844596 kB
MemFree:         1189408 kB
MemAvailable:    1509056 kB
Buffers:           58824 kB
Cached:           378748 kB
MemTotal:        1844596 kB
MemFree:         1189764 kB
MemAvailable:    1509412 kB
Buffers:           58824 kB
Cached:           378748 kB
MemTotal:        1844596 kB
MemFree:         1189664 kB
MemAvailable:    1509312 kB
Buffers:           58824 kB
Cached:           378748 kB
MemTotal:        1844596 kB
MemFree:         1188788 kB
MemAvailable:    1508436 kB
Buffers:           58824 kB
Cached:           378748 kB
MemTotal:        1844596 kB
MemFree:         1189516 kB
MemAvailable:    1509164 kB
Buffers:           58824 kB
Cached:           378748 kB
MemTotal:        1844596 kB
MemFree:         1189516 kB
MemAvailable:    1509164 kB
Buffers:           58824 kB
Cached:           378748 kB
MemTotal:        1844596 kB
MemFree:         1189404 kB
MemAvailable:    1509052 kB
Buffers:           58824 kB
Cached:           378748 kB
MemTotal:        1844596 kB
MemFree:         1188300 kB
MemAvailable:    1507948 kB
Buffers:           58824 kB
Cached:           378748 kB
MemTotal:        1844596 kB
MemFree:         1189364 kB
MemAvailable:    1509012 kB
Buffers:           58824 kB
Cached:           378748 kB
MemTotal:        1844596 kB
MemFree:         1187540 kB
MemAvailable:    1507188 kB
Buffers:           58824 kB
Cached:           378748 kB
MemTotal:        1844596 kB
MemFree:         1189308 kB
MemAvailable:    1508956 kB
Buffers:           58824 kB
Cached:           378748 kB
MemTotal:        1844596 kB
MemFree:         1187872 kB
MemAvailable:    1507520 kB
Buffers:           58824 kB
Cached:           378748 kB
MemTotal:        1844596 kB
MemFree:         1188024 kB
MemAvailable:    1507672 kB
Buffers:           58824 kB
Cached:           378748 kB
MemTotal:        1844596 kB
MemFree:         1189252 kB
MemAvailable:    1508900 kB
Buffers:           58824 kB
Cached:           378748 kB
MemTotal:        1844596 kB
MemFree:         1189504 kB
MemAvailable:    1509152 kB
Buffers:           58824 kB
Cached:           378748 kB
MemTotal:        1844596 kB
MemFree:         1188980 kB
MemAvailable:    1508628 kB
Buffers:           58824 kB
Cached:           378748 kB
MemTotal:        1844596 kB
MemFree:         1188724 kB
MemAvailable:    1508372 kB
Buffers:           58824 kB
Cached:           378748 kB
MemTotal:        1844596 kB
MemFree:         1185076 kB
MemAvailable:    1504724 kB
Buffers:           58824 kB
Cached:           378748 kB
MemTotal:        1844596 kB
MemFree:         1178736 kB
MemAvailable:    1498384 kB
Buffers:           58824 kB
Cached:           378748 kB
MemTotal:        1844596 kB
MemFree:         1178324 kB
MemAvailable:    1497972 kB
Buffers:           58824 kB
Cached:           378872 kB
MemTotal:        1844596 kB
MemFree:         1178628 kB
MemAvailable:    1498360 kB
Buffers:           58824 kB
Cached:           378872 kB
MemTotal:        1844596 kB
MemFree:         1179256 kB
MemAvailable:    1499072 kB
Buffers:           58824 kB
Cached:           378996 kB
MemTotal:        1844596 kB
MemFree:         1179340 kB
MemAvailable:    1499240 kB
Buffers:           58824 kB
Cached:           379120 kB
MemTotal:        1844596 kB
MemFree:         1179340 kB
MemAvailable:    1499324 kB
Buffers:           58824 kB
Cached:           379120 kB
MemTotal:        1844596 kB
MemFree:         1179228 kB
MemAvailable:    1499296 kB
Buffers:           58824 kB
Cached:           379244 kB
MemTotal:        1844596 kB
MemFree:         1179116 kB
MemAvailable:    1499268 kB
Buffers:           58824 kB
Cached:           379368 kB
MemTotal:        1844596 kB
MemFree:         1178944 kB
MemAvailable:    1499180 kB
Buffers:           58824 kB
Cached:           379368 kB
MemTotal:        1844596 kB
MemFree:         1179028 kB
MemAvailable:    1499264 kB
Buffers:           58824 kB
Cached:           379368 kB
MemTotal:        1844596 kB
MemFree:         1177964 kB
MemAvailable:    1498200 kB
Buffers:           58824 kB
Cached:           379368 kB
MemTotal:        1844596 kB
MemFree:         1179060 kB
MemAvailable:    1499296 kB
Buffers:           58824 kB
Cached:           379368 kB
MemTotal:        1844596 kB
MemFree:         1179012 kB
MemAvailable:    1499248 kB
Buffers:           58824 kB
Cached:           379368 kB
MemTotal:        1844596 kB
MemFree:         1177884 kB
MemAvailable:    1498120 kB
Buffers:           58824 kB
Cached:           379368 kB
MemTotal:        1844596 kB
MemFree:         1177712 kB
MemAvailable:    1497948 kB
Buffers:           58824 kB
Cached:           379368 kB
MemTotal:        1844596 kB
MemFree:         1179060 kB
MemAvailable:    1499296 kB
Buffers:           58824 kB
Cached:           379368 kB
MemTotal:        1844596 kB
MemFree:         1179012 kB
MemAvailable:    1499248 kB
Buffers:           58824 kB
Cached:           379368 kB
MemTotal:        1844596 kB
MemFree:         1179012 kB
MemAvailable:    1499332 kB
Buffers:           58824 kB
Cached:           379492 kB
MemTotal:        1844596 kB
MemFree:         1178340 kB
MemAvailable:    1497988 kB
Buffers:           58824 kB
Cached:           378776 kB
MemTotal:        1844596 kB
MemFree:         1250480 kB
MemAvailable:    1570156 kB
Buffers:           58824 kB
Cached:           378764 kB
