MemTotal:        1844596 kB
MemFree:         1274340 kB
MemAvailable:    1551324 kB
Buffers:           54432 kB
Cached:           344204 kB
MemTotal:        1844596 kB
MemFree:         1274036 kB
MemAvailable:    1551020 kB
Buffers:           54432 kB
Cached:           344204 kB
MemTotal:        1844596 kB
MemFree:         1272612 kB
MemAvailable:    1549596 kB
Buffers:           54432 kB
Cached:           344204 kB
MemTotal:        1844596 kB
MemFree:         1272052 kB
MemAvailable:    1549036 kB
Buffers:           54432 kB
Cached:           344204 kB
MemTotal:        1844596 kB
MemFree:         1270876 kB
MemAvailable:    1547860 kB
Buffers:           54432 kB
Cached:           344204 kB
MemTotal:        1844596 kB
MemFree:         1270488 kB
MemAvailable:    1547472 kB
Buffers:           54432 kB
Cached:           344204 kB
MemTotal:        1844596 kB
MemFree:         1270488 kB
MemAvailable:    1547472 kB
Buffers:           54432 kB
Cached:           344204 kB
MemTotal:        1844596 kB
MemFree:         1266892 kB
MemAvailable:    1543876 kB
Buffers:           54432 kB
Cached:           344204 kB
MemTotal:        1844596 kB
MemFree:         1267020 kB
MemAvailable:    1544004 kB
Buffers:           54432 kB
Cached:           344204 kB
MemTotal:        1844596 kB
MemFree:         1263912 kB
MemAvailable:    1540896 kB
Buffers:           54432 kB
Cached:           344204 kB
MemTotal:        1844596 kB
MemFree:         1260088 kB
MemAvailable:    1537072 kB
Buffers:           54432 kB
Cached:           344204 kB
MemTotal:        1844596 kB
MemFree:         1260480 kB
MemAvailable:    1537464 kB
Buffers:           54432 kB
Cached:           344204 kB
MemTotal:        1844596 kB
MemFree:         1260644 kB
MemAvailable:    1537628 kB
Buffers:           54432 kB
Cached:           344204 kB
MemTotal:        1844596 kB
MemFree:         1259320 kB
MemAvailable:    1536304 kB
Buffers:           54432 kB
Cached:           344204 kB
MemTotal:        1844596 kB
MemFree:         1259320 kB
MemAvailable:    1536304 kB
Buffers:           54432 kB
Cached:           344204 kB
MemTotal:        1844596 kB
MemFree:         1259444 kB
MemAvailable:    1536428 kB
Buffers:           54432 kB
Cached:           344204 kB
MemTotal:        1844596 kB
MemFree:         1260520 kB
MemAvailable:    1537504 kB
Buffers:           54432 kB
Cached:           344204 kB
MemTotal:        1844596 kB
MemFree:         1260140 kB
MemAvailable:    1537124 kB
Buffers:           54432 kB
Cached:           344204 kB
MemTotal:        1844596 kB
MemFree:         1258848 kB
MemAvailable:    1535832 kB
Buffers:           54432 kB
Cached:           344204 kB
MemTotal:        1844596 kB
MemFree:         1258576 kB
MemAvailable:    1535560 kB
Buffers:           54432 kB
Cached:           344204 kB
MemTotal:        1844596 kB
MemFree:         1258344 kB
MemAvailable:    1535328 kB
Buffers:           54432 kB
Cached:           344204 kB
MemTotal:        1844596 kB
MemFree:         1258056 kB
MemAvailable:    1535040 kB
Buffers:           54432 kB
Cached:           344204 kB
MemTotal:        1844596 kB
MemFree:         1258204 kB
MemAvailable:    1535188 kB
Buffers:           54432 kB
Cached:           344204 kB
MemTotal:        1844596 kB
MemFree:         1256824 kB
MemAvailable:    1533808 kB
Buffers:           54432 kB
Cached:           344204 kB
MemTotal:        1844596 kB
MemFree:         1258240 kB
MemAvailable:    1535224 kB
Buffers:           54432 kB
Cached:           344204 kB
MemTotal:        1844596 kB
MemFree:         1256832 kB
MemAvailable:    1533816 kB
Buffers:           54432 kB
Cached:           344204 kB
MemTotal:        1844596 kB
MemFree:         1256700 kB
MemAvailable:    1533684 kB
Buffers:           54432 kB
Cached:           344204 kB
MemTotal:        1844596 kB
MemFree:         1258000 kB
MemAvailable:    1534984 kB
Buffers:           54432 kB
Cached:           344204 kB
MemTotal:        1844596 kB
MemFree:         1257236 kB
MemAvailable:    1534220 kB
Buffers:           54432 kB
Cached:           344204 kB
MemTotal:        1844596 kB
MemFree:         1259280 kB
MemAvailable:    1536264 kB
Buffers:           54432 kB
Cached:           344204 kB
MemTotal:        1844596 kB
MemFree:         1258304 kB
MemAvailable:    1535288 kB
Buffers:           54432 kB
Cached:           344204 kB
MemTotal:        1844596 kB
MemFree:         1257484 kB
MemAvailable:    1534468 kB
Buffers:           54432 kB
Cached:           344204 kB
MemTotal:        1844596 kB
MemFree:         1255616 kB
MemAvailable:    1532600 kB
Buffers:           54432 kB
Cached:           344204 kB
MemTotal:        1844596 kB
MemFree:         1255748 kB
MemAvailable:    1532732 kB
Buffers:           54432 kB
Cached:           344204 kB
MemTotal:        1844596 kB
MemFree:         1255492 kB
MemAvailable:    1532476 kB
Buffers:           54432 kB
Cached:           344204 kB
MemTotal:        1844596 kB
MemFree:         1254012 kB
MemAvailable:    1530996 kB
Buffers:           54432 kB
Cached:           344204 kB
MemTotal:        1844596 kB
MemFree:         1254728 kB
MemAvailable:    1531712 kB
Buffers:           54432 kB
Cached:           344204 kB
MemTotal:        1844596 kB
MemFree:         1254928 kB
MemAvailable:    1531912 kB
Buffers:           54432 kB
Cached:           344204 kB
MemTotal:        1844596 kB
MemFree:         1254364 kB
MemAvailable:    1531348 kB
Buffers:           54432 kB
Cached:           344204 kB
MemTotal:        1844596 kB
MemFree:         1253144 kB
MemAvailable:    1530128 kB
Buffers:           54432 kB
Cached:           344204 kB
MemTotal:        1844596 kB
MemFree:         1253736 kB
MemAvailable:    1530720 kB
Buffers:           54432 kB
Cached:           344204 kB
MemTotal:        1844596 kB
MemFree:         1253988 kB
MemAvailable:    1530972 kB
Buffers:           54432 kB
Cached:           344204 kB
MemTotal:        1844596 kB
MemFree:         1252464 kB
MemAvailable:    1529448 kB
Buffers:           54432 kB
Cached:           344204 kB
MemTotal:        1844596 kB
MemFree:         1253748 kB
MemAvailable:    1530732 kB
Buffers:           54432 kB
Cached:           344204 kB
MemTotal:        1844596 kB
MemFree:         1253640 kB
MemAvailable:    1530624 kB
Buffers:           54432 kB
Cached:           344204 kB
MemTotal:        1844596 kB
MemFree:         1252508 kB
MemAvailable:    1529492 kB
Buffers:           54432 kB
Cached:           344204 kB
MemTotal:        1844596 kB
MemFree:         1252400 kB
MemAvailable:    1529384 kB
Buffers:           54432 kB
Cached:           344204 kB
MemTotal:        1844596 kB
MemFree:         1252152 kB
MemAvailable:    1529136 kB
Buffers:           54432 kB
Cached:           344204 kB
MemTotal:        1844596 kB
MemFree:         1251764 kB
MemAvailable:    1528748 kB
Buffers:           54432 kB
Cached:           344204 kB
MemTotal:        1844596 kB
MemFree:         1252900 kB
MemAvailable:    1529888 kB
Buffers:           54432 kB
Cached:           344208 kB
MemTotal:        1844596 kB
MemFree:         1251720 kB
MemAvailable:    1528708 kB
Buffers:           54432 kB
Cached:           344208 kB
MemTotal:        1844596 kB
MemFree:         1253148 kB
MemAvailable:    1530136 kB
Buffers:           54432 kB
Cached:           344208 kB
MemTotal:        1844596 kB
MemFree:         1251772 kB
MemAvailable:    1528764 kB
Buffers:           54432 kB
Cached:           344212 kB
MemTotal:        1844596 kB
MemFree:         1251524 kB
MemAvailable:    1528516 kB
Buffers:           54432 kB
Cached:           344212 kB
MemTotal:        1844596 kB
MemFree:         1252896 kB
MemAvailable:    1529888 kB
Buffers:           54432 kB
Cached:           344212 kB
MemTotal:        1844596 kB
MemFree:         1252020 kB
MemAvailable:    1529012 kB
Buffers:           54432 kB
Cached:           344212 kB
MemTotal:        1844596 kB
MemFree:         1252812 kB
MemAvailable:    1529804 kB
Buffers:           54432 kB
Cached:           344212 kB
MemTotal:        1844596 kB
MemFree:         1252028 kB
MemAvailable:    1529020 kB
Buffers:           54432 kB
Cached:           344212 kB
MemTotal:        1844596 kB
MemFree:         1252644 kB
MemAvailable:    1529636 kB
Buffers:           54432 kB
Cached:           344212 kB
MemTotal:        1844596 kB
MemFree:         1252652 kB
MemAvailable:    1529644 kB
Buffers:           54432 kB
Cached:           344212 kB
MemTotal:        1844596 kB
MemFree:         1252328 kB
MemAvailable:    1529320 kB
Buffers:           54432 kB
Cached:           344212 kB
MemTotal:        1844596 kB
MemFree:         1252328 kB
MemAvailable:    1529320 kB
Buffers:           54432 kB
Cached:           344212 kB
MemTotal:        1844596 kB
MemFree:         1250952 kB
MemAvailable:    1527944 kB
Buffers:           54432 kB
Cached:           344212 kB
MemTotal:        1844596 kB
MemFree:         1250996 kB
MemAvailable:    1527988 kB
Buffers:           54432 kB
Cached:           344212 kB
MemTotal:        1844596 kB
MemFree:         1250996 kB
MemAvailable:    1527988 kB
Buffers:           54432 kB
Cached:           344212 kB
MemTotal:        1844596 kB
MemFree:         1251112 kB
MemAvailable:    1528104 kB
Buffers:           54432 kB
Cached:           344212 kB
MemTotal:        1844596 kB
MemFree:         1252204 kB
MemAvailable:    1529196 kB
Buffers:           54432 kB
Cached:           344212 kB
MemTotal:        1844596 kB
MemFree:         1250772 kB
MemAvailable:    1527764 kB
Buffers:           54432 kB
Cached:           344212 kB
MemTotal:        1844596 kB
MemFree:         1252072 kB
MemAvailable:    1529064 kB
Buffers:           54432 kB
Cached:           344212 kB
MemTotal:        1844596 kB
MemFree:         1252012 kB
MemAvailable:    1529004 kB
Buffers:           54432 kB
Cached:           344212 kB
MemTotal:        1844596 kB
MemFree:         1252136 kB
MemAvailable:    1529128 kB
Buffers:           54432 kB
Cached:           344212 kB
MemTotal:        1844596 kB
MemFree:         1251036 kB
MemAvailable:    1528028 kB
Buffers:           54432 kB
Cached:           344212 kB
MemTotal:        1844596 kB
MemFree:         1251836 kB
MemAvailable:    1528828 kB
Buffers:           54432 kB
Cached:           344212 kB
MemTotal:        1844596 kB
MemFree:         1251836 kB
MemAvailable:    1528828 kB
Buffers:           54432 kB
Cached:           344212 kB
MemTotal:        1844596 kB
MemFree:         1251036 kB
MemAvailable:    1528028 kB
Buffers:           54432 kB
Cached:           344212 kB
MemTotal:        1844596 kB
MemFree:         1249672 kB
MemAvailable:    1526664 kB
Buffers:           54432 kB
Cached:           344212 kB
MemTotal:        1844596 kB
MemFree:         1246068 kB
MemAvailable:    1523060 kB
Buffers:           54432 kB
Cached:           344212 kB
MemTotal:        1844596 kB
MemFree:         1244316 kB
MemAvailable:    1521308 kB
Buffers:           54432 kB
Cached:           344212 kB
MemTotal:        1844596 kB
MemFree:         1244316 kB
MemAvailable:    1521308 kB
Buffers:           54432 kB
Cached:           344212 kB
MemTotal:        1844596 kB
MemFree:         1244128 kB
MemAvailable:    1521120 kB
Buffers:           54432 kB
Cached:           344212 kB
MemTotal:        1844596 kB
MemFree:         1242944 kB
MemAvailable:    1519936 kB
Buffers:           54432 kB
Cached:           344212 kB
MemTotal:        1844596 kB
MemFree:         1243100 kB
MemAvailable:    1520092 kB
Buffers:           54432 kB
Cached:           344212 kB
MemTotal:        1844596 kB
MemFree:         1242712 kB
MemAvailable:    1519704 kB
Buffers:           54432 kB
Cached:           344212 kB
MemTotal:        1844596 kB
MemFree:         1243912 kB
MemAvailable:    1520904 kB
Buffers:           54432 kB
Cached:           344212 kB
MemTotal:        1844596 kB
MemFree:         1243760 kB
MemAvailable:    1520752 kB
Buffers:           54432 kB
Cached:           344212 kB
MemTotal:        1844596 kB
MemFree:         1244096 kB
MemAvailable:    1521088 kB
Buffers:           54432 kB
Cached:           344212 kB
MemTotal:        1844596 kB
MemFree:         1242528 kB
MemAvailable:    1519520 kB
Buffers:           54432 kB
Cached:           344212 kB
MemTotal:        1844596 kB
MemFree:         1244004 kB
MemAvailable:    1520996 kB
Buffers:           54432 kB
Cached:           344212 kB
MemTotal:        1844596 kB
MemFree:         1243100 kB
MemAvailable:    1520092 kB
Buffers:           54432 kB
Cached:           344212 kB
MemTotal:        1844596 kB
MemFree:         1243884 kB
MemAvailable:    1520876 kB
Buffers:           54432 kB
Cached:           344212 kB
MemTotal:        1844596 kB
MemFree:         1242668 kB
MemAvailable:    1519660 kB
Buffers:           54432 kB
Cached:           344212 kB
MemTotal:        1844596 kB
MemFree:         1243820 kB
MemAvailable:    1520812 kB
Buffers:           54432 kB
Cached:           344212 kB
MemTotal:        1844596 kB
MemFree:         1243820 kB
MemAvailable:    1520812 kB
Buffers:           54432 kB
Cached:           344212 kB
MemTotal:        1844596 kB
MemFree:         1243200 kB
MemAvailable:    1520192 kB
Buffers:           54432 kB
Cached:           344212 kB
MemTotal:        1844596 kB
MemFree:         1243200 kB
MemAvailable:    1520192 kB
Buffers:           54432 kB
Cached:           344212 kB
MemTotal:        1844596 kB
MemFree:         1241712 kB
MemAvailable:    1518704 kB
Buffers:           54432 kB
Cached:           344212 kB
MemTotal:        1844596 kB
MemFree:         1242604 kB
MemAvailable:    1519596 kB
Buffers:           54432 kB
Cached:           344212 kB
MemTotal:        1844596 kB
MemFree:         1241736 kB
MemAvailable:    1518728 kB
Buffers:           54432 kB
Cached:           344212 kB
MemTotal:        1844596 kB
MemFree:         1242028 kB
MemAvailable:    1519020 kB
Buffers:           54432 kB
Cached:           344212 kB
MemTotal:        1844596 kB
MemFree:         1242176 kB
MemAvailable:    1519168 kB
Buffers:           54432 kB
Cached:           344212 kB
MemTotal:        1844596 kB
MemFree:         1239992 kB
MemAvailable:    1516984 kB
Buffers:           54432 kB
Cached:           344212 kB
MemTotal:        1844596 kB
MemFree:         1240248 kB
MemAvailable:    1517240 kB
Buffers:           54432 kB
Cached:           344212 kB
MemTotal:        1844596 kB
MemFree:         1239372 kB
MemAvailable:    1516364 kB
Buffers:           54432 kB
Cached:           344212 kB
MemTotal:        1844596 kB
MemFree:         1240736 kB
MemAvailable:    1517728 kB
Buffers:           54432 kB
Cached:           344212 kB
MemTotal:        1844596 kB
MemFree:         1239372 kB
MemAvailable:    1516364 kB
Buffers:           54432 kB
Cached:           344212 kB
MemTotal:        1844596 kB
MemFree:         1240432 kB
MemAvailable:    1517424 kB
Buffers:           54432 kB
Cached:           344212 kB
MemTotal:        1844596 kB
MemFree:         1239008 kB
MemAvailable:    1516000 kB
Buffers:           54432 kB
Cached:           344212 kB
MemTotal:        1844596 kB
MemFree:         1240232 kB
MemAvailable:    1517224 kB
Buffers:           54432 kB
Cached:           344212 kB
MemTotal:        1844596 kB
MemFree:         1238744 kB
MemAvailable:    1515736 kB
Buffers:           54432 kB
Cached:           344212 kB
MemTotal:        1844596 kB
MemFree:         1238704 kB
MemAvailable:    1515696 kB
Buffers:           54432 kB
Cached:           344212 kB
MemTotal:        1844596 kB
MemFree:         1239964 kB
MemAvailable:    1516956 kB
Buffers:           54432 kB
Cached:           344212 kB
MemTotal:        1844596 kB
MemFree:         1239964 kB
MemAvailable:    1516956 kB
Buffers:           54432 kB
Cached:           344212 kB
MemTotal:        1844596 kB
MemFree:         1239688 kB
MemAvailable:    1516680 kB
Buffers:           54432 kB
Cached:           344212 kB
MemTotal:        1844596 kB
MemFree:         1239488 kB
MemAvailable:    1516480 kB
Buffers:           54432 kB
Cached:           344212 kB
MemTotal:        1844596 kB
MemFree:         1239432 kB
MemAvailable:    1516424 kB
Buffers:           54432 kB
Cached:           344212 kB
MemTotal:        1844596 kB
MemFree:         1234660 kB
MemAvailable:    1511652 kB
Buffers:           54432 kB
Cached:           344212 kB
MemTotal:        1844596 kB
MemFree:         1232676 kB
MemAvailable:    1509668 kB
Buffers:           54432 kB
Cached:           344212 kB
MemTotal:        1844596 kB
MemFree:         1231428 kB
MemAvailable:    1508512 kB
Buffers:           54432 kB
Cached:           344344 kB
MemTotal:        1844596 kB
MemFree:         1232800 kB
MemAvailable:    1509968 kB
Buffers:           54432 kB
Cached:           344344 kB
MemTotal:        1844596 kB
MemFree:         1232748 kB
MemAvailable:    1509916 kB
Buffers:           54432 kB
Cached:           344468 kB
MemTotal:        1844596 kB
MemFree:         1231816 kB
MemAvailable:    1509152 kB
Buffers:           54432 kB
Cached:           344592 kB
MemTotal:        1844596 kB
MemFree:         1232608 kB
MemAvailable:    1509944 kB
Buffers:           54432 kB
Cached:           344716 kB
MemTotal:        1844596 kB
MemFree:         1231308 kB
MemAvailable:    1508812 kB
Buffers:           54432 kB
Cached:           344840 kB
MemTotal:        1844596 kB
MemFree:         1232400 kB
MemAvailable:    1509988 kB
Buffers:           54432 kB
Cached:           344840 kB
MemTotal:        1844596 kB
MemFree:         1232484 kB
MemAvailable:    1510072 kB
Buffers:           54432 kB
Cached:           344840 kB
MemTotal:        1844596 kB
MemFree:         1232100 kB
MemAvailable:    1509724 kB
Buffers:           54432 kB
Cached:           344880 kB
MemTotal:        1844596 kB
MemFree:         1232352 kB
MemAvailable:    1509976 kB
Buffers:           54432 kB
Cached:           344880 kB
MemTotal:        1844596 kB
MemFree:         1230996 kB
MemAvailable:    1508620 kB
Buffers:           54432 kB
Cached:           344880 kB
MemTotal:        1844596 kB
MemFree:         1232116 kB
MemAvailable:    1509792 kB
Buffers:           54432 kB
Cached:           344896 kB
MemTotal:        1844596 kB
MemFree:         1232248 kB
MemAvailable:    1509924 kB
Buffers:           54432 kB
Cached:           344896 kB
MemTotal:        1844596 kB
MemFree:         1232172 kB
MemAvailable:    1509848 kB
Buffers:           54432 kB
Cached:           344896 kB
MemTotal:        1844596 kB
MemFree:         1232172 kB
MemAvailable:    1509848 kB
Buffers:           54432 kB
Cached:           344896 kB
MemTotal:        1844596 kB
MemFree:         1232620 kB
MemAvailable:    1509708 kB
Buffers:           54432 kB
Cached:           344264 kB
MemTotal:        1844596 kB
MemFree:         1232296 kB
MemAvailable:    1509384 kB
Buffers:           54432 kB
Cached:           344264 kB
MemTotal:        1844596 kB
MemFree:         1300004 kB
MemAvailable:    1577092 kB
Buffers:           54432 kB
Cached:           344264 kB
