MemTotal:        1844596 kB
MemFree:         1266192 kB
MemAvailable:    1547264 kB
Buffers:           55264 kB
Cached:           347132 kB
MemTotal:        1844596 kB
MemFree:         1265396 kB
MemAvailable:    1546468 kB
Buffers:           55264 kB
Cached:           347132 kB
MemTotal:        1844596 kB
MemFree:         1264032 kB
MemAvailable:    1545108 kB
Buffers:           55264 kB
Cached:           347136 kB
MemTotal:        1844596 kB
MemFree:         1262728 kB
MemAvailable:    1543804 kB
Buffers:           55264 kB
Cached:           347136 kB
MemTotal:        1844596 kB
MemFree:         1261280 kB
MemAvailable:    1542356 kB
Buffers:           55264 kB
Cached:           347136 kB
MemTotal:        1844596 kB
MemFree:         1261532 kB
MemAvailable:    1542608 kB
Buffers:           55264 kB
Cached:           347136 kB
MemTotal:        1844596 kB
MemFree:         1260304 kB
MemAvailable:    1541380 kB
Buffers:           55264 kB
Cached:           347136 kB
MemTotal:        1844596 kB
MemFree:         1258948 kB
MemAvailable:    1540024 kB
Buffers:           55264 kB
Cached:           347136 kB
MemTotal:        1844596 kB
MemFree:         1256840 kB
MemAvailable:    1537916 kB
Buffers:           55264 kB
Cached:           347136 kB
MemTotal:        1844596 kB
MemFree:         1254608 kB
MemAvailable:    1535684 kB
Buffers:           55264 kB
Cached:           347136 kB
MemTotal:        1844596 kB
MemFree:         1250268 kB
MemAvailable:    1531344 kB
Buffers:           55264 kB
Cached:           347136 kB
MemTotal:        1844596 kB
MemFree:         1251488 kB
MemAvailable:    1532564 kB
Buffers:           55264 kB
Cached:           347136 kB
MemTotal:        1844596 kB
MemFree:         1250764 kB
MemAvailable:    1531840 kB
Buffers:           55264 kB
Cached:           347136 kB
MemTotal:        1844596 kB
MemFree:         1251556 kB
MemAvailable:    1532632 kB
Buffers:           55264 kB
Cached:           347136 kB
MemTotal:        1844596 kB
MemFree:         1251448 kB
MemAvailable:    1532524 kB
Buffers:           55264 kB
Cached:           347136 kB
MemTotal:        1844596 kB
MemFree:         1250632 kB
MemAvailable:    1531708 kB
Buffers:           55264 kB
Cached:           347136 kB
MemTotal:        1844596 kB
MemFree:         1251196 kB
MemAvailable:    1532272 kB
Buffers:           55264 kB
Cached:           347136 kB
MemTotal:        1844596 kB
MemFree:         1250220 kB
MemAvailable:    1531296 kB
Buffers:           55264 kB
Cached:           347136 kB
MemTotal:        1844596 kB
MemFree:         1251568 kB
MemAvailable:    1532644 kB
Buffers:           55264 kB
Cached:           347136 kB
MemTotal:        1844596 kB
MemFree:         1250824 kB
MemAvailable:    1531900 kB
Buffers:           55264 kB
Cached:           347136 kB
MemTotal:        1844596 kB
MemFree:         1249948 kB
MemAvailable:    1531024 kB
Buffers:           55264 kB
Cached:           347136 kB
MemTotal:        1844596 kB
MemFree:         1249276 kB
MemAvailable:    1530352 kB
Buffers:           55264 kB
Cached:           347136 kB
MemTotal:        1844596 kB
MemFree:         1249080 kB
MemAvailable:    1530156 kB
Buffers:           55264 kB
Cached:           347136 kB
MemTotal:        1844596 kB
MemFree:         1249088 kB
MemAvailable:    1530164 kB
Buffers:           55264 kB
Cached:           347136 kB
MemTotal:        1844596 kB
MemFree:         1247788 kB
MemAvailable:    1528864 kB
Buffers:           55264 kB
Cached:           347136 kB
MemTotal:        1844596 kB
MemFree:         1248892 kB
MemAvailable:    1529968 kB
Buffers:           55264 kB
Cached:           347136 kB
MemTotal:        1844596 kB
MemFree:         1248756 kB
MemAvailable:    1529832 kB
Buffers:           55264 kB
Cached:           347136 kB
MemTotal:        1844596 kB
MemFree:         1248924 kB
MemAvailable:    1530000 kB
Buffers:           55264 kB
Cached:           347136 kB
MemTotal:        1844596 kB
MemFree:         1248964 kB
MemAvailable:    1530040 kB
Buffers:           55264 kB
Cached:           347136 kB
MemTotal:        1844596 kB
MemFree:         1247788 kB
MemAvailable:    1528864 kB
Buffers:           55264 kB
Cached:           347136 kB
MemTotal:        1844596 kB
MemFree:         1248756 kB
MemAvailable:    1529832 kB
Buffers:           55264 kB
Cached:           347136 kB
MemTotal:        1844596 kB
MemFree:         1249092 kB
MemAvailable:    1530168 kB
Buffers:           55264 kB
Cached:           347136 kB
MemTotal:        1844596 kB
MemFree:         1250248 kB
MemAvailable:    1531324 kB
Buffers:           55264 kB
Cached:           347136 kB
MemTotal:        1844596 kB
MemFree:         1250268 kB
MemAvailable:    1531344 kB
Buffers:           55264 kB
Cached:           347136 kB
MemTotal:        1844596 kB
MemFree:         1249824 kB
MemAvailable:    1530900 kB
Buffers:           55264 kB
Cached:           347136 kB
MemTotal:        1844596 kB
MemFree:         1248160 kB
MemAvailable:    1529236 kB
Buffers:           55264 kB
Cached:           347136 kB
MemTotal:        1844596 kB
MemFree:         1246928 kB
MemAvailable:    1528004 kB
Buffers:           55264 kB
Cached:           347136 kB
MemTotal:        1844596 kB
MemFree:         1245804 kB
MemAvailable:    1526880 kB
Buffers:           55264 kB
Cached:           347136 kB
MemTotal:        1844596 kB
MemFree:         1246408 kB
MemAvailable:    1527484 kB
Buffers:           55264 kB
Cached:           347136 kB
MemTotal:        1844596 kB
MemFree:         1246176 kB
MemAvailable:    1527252 kB
Buffers:           55264 kB
Cached:           347136 kB
MemTotal:        1844596 kB
MemFree:         1245788 kB
MemAvailable:    1526864 kB
Buffers:           55264 kB
Cached:           347136 kB
MemTotal:        1844596 kB
MemFree:         1245864 kB
MemAvailable:    1526940 kB
Buffers:           55264 kB
Cached:           347136 kB
MemTotal:        1844596 kB
MemFree:         1244988 kB
MemAvailable:    1526064 kB
Buffers:           55264 kB
Cached:           347136 kB
MemTotal:        1844596 kB
MemFree:         1244816 kB
MemAvailable:    1525892 kB
Buffers:           55264 kB
Cached:           347136 kB
MemTotal:        1844596 kB
MemFree:         1243696 kB
MemAvailable:    1524772 kB
Buffers:           55264 kB
Cached:           347136 kB
MemTotal:        1844596 kB
MemFree:         1244968 kB
MemAvailable:    1526044 kB
Buffers:           55264 kB
Cached:           347136 kB
MemTotal:        1844596 kB
MemFree:         1244812 kB
MemAvailable:    1525888 kB
Buffers:           55264 kB
Cached:           347136 kB
MemTotal:        1844596 kB
MemFree:         1244060 kB
MemAvailable:    1525136 kB
Buffers:           55264 kB
Cached:           347136 kB
MemTotal:        1844596 kB
MemFree:         1244500 kB
MemAvailable:    1525576 kB
Buffers:           55264 kB
Cached:           347136 kB
MemTotal:        1844596 kB
MemFree:         1243524 kB
MemAvailable:    1524600 kB
Buffers:           55264 kB
Cached:           347136 kB
MemTotal:        1844596 kB
MemFree:         1244068 kB
MemAvailable:    1525144 kB
Buffers:           55264 kB
Cached:           347136 kB
MemTotal:        1844596 kB
MemFree:         1244748 kB
MemAvailable:    1525824 kB
Buffers:           55264 kB
Cached:           347136 kB
MemTotal:        1844596 kB
MemFree:         1243316 kB
MemAvailable:    1524392 kB
Buffers:           55264 kB
Cached:           347136 kB
MemTotal:        1844596 kB
MemFree:         1242952 kB
MemAvailable:    1524028 kB
Buffers:           55264 kB
Cached:           347136 kB
MemTotal:        1844596 kB
MemFree:         1242944 kB
MemAvailable:    1524020 kB
Buffers:           55264 kB
Cached:           347136 kB
MemTotal:        1844596 kB
MemFree:         1242324 kB
MemAvailable:    1523400 kB
Buffers:           55264 kB
Cached:           347136 kB
MemTotal:        1844596 kB
MemFree:         1242580 kB
MemAvailable:    1523656 kB
Buffers:           55264 kB
Cached:           347136 kB
MemTotal:        1844596 kB
MemFree:         1243880 kB
MemAvailable:    1524956 kB
Buffers:           55264 kB
Cached:           347136 kB
MemTotal:        1844596 kB
MemFree:         1242532 kB
MemAvailable:    1523608 kB
Buffers:           55264 kB
Cached:           347136 kB
MemTotal:        1844596 kB
MemFree:         1244052 kB
MemAvailable:    1525136 kB
Buffers:           55264 kB
Cached:           347144 kB
MemTotal:        1844596 kB
MemFree:         1244128 kB
MemAvailable:    1525212 kB
Buffers:           55264 kB
Cached:           347144 kB
MemTotal:        1844596 kB
MemFree:         1242828 kB
MemAvailable:    1523912 kB
Buffers:           55264 kB
Cached:           347144 kB
MemTotal:        1844596 kB
MemFree:         1242952 kB
MemAvailable:    1524036 kB
Buffers:           55264 kB
Cached:           347144 kB
MemTotal:        1844596 kB
MemFree:         1242952 kB
MemAvailable:    1524036 kB
Buffers:           55264 kB
Cached:           347144 kB
MemTotal:        1844596 kB
MemFree:         1242944 kB
MemAvailable:    1524028 kB
Buffers:           55264 kB
Cached:           347144 kB
MemTotal:        1844596 kB
MemFree:         1243928 kB
MemAvailable:    1525012 kB
Buffers:           55264 kB
Cached:           347144 kB
MemTotal:        1844596 kB
MemFree:         1244004 kB
MemAvailable:    1525088 kB
Buffers:           55264 kB
Cached:           347144 kB
MemTotal:        1844596 kB
MemFree:         1242704 kB
MemAvailable:    1523788 kB
Buffers:           55264 kB
Cached:           347144 kB
MemTotal:        1844596 kB
MemFree:         1243556 kB
MemAvailable:    1524640 kB
Buffers:           55264 kB
Cached:           347144 kB
MemTotal:        1844596 kB
MemFree:         1243572 kB
MemAvailable:    1524656 kB
Buffers:           55264 kB
Cached:           347144 kB
MemTotal:        1844596 kB
MemFree:         1242200 kB
MemAvailable:    1523284 kB
Buffers:           55264 kB
Cached:           347144 kB
MemTotal:        1844596 kB
MemFree:         1242208 kB
MemAvailable:    1523292 kB
Buffers:           55264 kB
Cached:           347144 kB
MemTotal:        1844596 kB
MemFree:         1242084 kB
MemAvailable:    1523168 kB
Buffers:           55264 kB
Cached:           347144 kB
MemTotal:        1844596 kB
MemFree:         1242084 kB
MemAvailable:    1523168 kB
Buffers:           55264 kB
Cached:           347144 kB
MemTotal:        1844596 kB
MemFree:         1243136 kB
MemAvailable:    1524220 kB
Buffers:           55264 kB
Cached:           347144 kB
MemTotal:        1844596 kB
MemFree:         1241828 kB
MemAvailable:    1522912 kB
Buffers:           55264 kB
Cached:           347144 kB
MemTotal:        1844596 kB
MemFree:         1242280 kB
MemAvailable:    1523364 kB
Buffers:           55264 kB
Cached:           347144 kB
MemTotal:        1844596 kB
MemFree:         1242612 kB
MemAvailable:    1523696 kB
Buffers:           55264 kB
Cached:           347144 kB
MemTotal:        1844596 kB
MemFree:         1242948 kB
MemAvailable:    1524032 kB
Buffers:           55264 kB
Cached:           347144 kB
MemTotal:        1844596 kB
MemFree:         1242648 kB
MemAvailable:    1523732 kB
Buffers:           55264 kB
Cached:           347144 kB
MemTotal:        1844596 kB
MemFree:         1242816 kB
MemAvailable:    1523900 kB
Buffers:           55264 kB
Cached:           347144 kB
MemTotal:        1844596 kB
MemFree:         1242624 kB
MemAvailable:    1523708 kB
Buffers:           55264 kB
Cached:           347144 kB
MemTotal:        1844596 kB
MemFree:         1242824 kB
MemAvailable:    1523908 kB
Buffers:           55264 kB
Cached:           347144 kB
MemTotal:        1844596 kB
MemFree:         1240100 kB
MemAvailable:    1521184 kB
Buffers:           55264 kB
Cached:           347144 kB
MemTotal:        1844596 kB
MemFree:         1239108 kB
MemAvailable:    1520192 kB
Buffers:           55264 kB
Cached:           347144 kB
MemTotal:        1844596 kB
MemFree:         1236876 kB
MemAvailable:    1517960 kB
Buffers:           55264 kB
Cached:           347144 kB
MemTotal:        1844596 kB
MemFree:         1235572 kB
MemAvailable:    1516656 kB
Buffers:           55264 kB
Cached:           347144 kB
MemTotal:        1844596 kB
MemFree:         1235324 kB
MemAvailable:    1516408 kB
Buffers:           55264 kB
Cached:           347144 kB
MemTotal:        1844596 kB
MemFree:         1234992 kB
MemAvailable:    1516076 kB
Buffers:           55264 kB
Cached:           347144 kB
MemTotal:        1844596 kB
MemFree:         1234024 kB
MemAvailable:    1515112 kB
Buffers:           55264 kB
Cached:           347148 kB
MemTotal:        1844596 kB
MemFree:         1234864 kB
MemAvailable:    1515952 kB
Buffers:           55264 kB
Cached:           347148 kB
MemTotal:        1844596 kB
MemFree:         1234948 kB
MemAvailable:    1516036 kB
Buffers:           55264 kB
Cached:           347148 kB
MemTotal:        1844596 kB
MemFree:         1234868 kB
MemAvailable:    1515956 kB
Buffers:           55264 kB
Cached:           347148 kB
MemTotal:        1844596 kB
MemFree:         1235100 kB
MemAvailable:    1516188 kB
Buffers:           55264 kB
Cached:           347148 kB
MemTotal:        1844596 kB
MemFree:         1233720 kB
MemAvailable:    1514808 kB
Buffers:           55264 kB
Cached:           347148 kB
MemTotal:        1844596 kB
MemFree:         1234896 kB
MemAvailable:    1515984 kB
Buffers:           55264 kB
Cached:           347148 kB
MemTotal:        1844596 kB
MemFree:         1234896 kB
MemAvailable:    1515984 kB
Buffers:           55264 kB
Cached:           347148 kB
MemTotal:        1844596 kB
MemFree:         1235020 kB
MemAvailable:    1516108 kB
Buffers:           55264 kB
Cached:           347148 kB
MemTotal:        1844596 kB
MemFree:         1234264 kB
MemAvailable:    1515352 kB
Buffers:           55264 kB
Cached:           347148 kB
MemTotal:        1844596 kB
MemFree:         1234932 kB
MemAvailable:    1516020 kB
Buffers:           55264 kB
Cached:           347148 kB
MemTotal:        1844596 kB
MemFree:         1234016 kB
MemAvailable:    1515104 kB
Buffers:           55264 kB
Cached:           347148 kB
MemTotal:        1844596 kB
MemFree:         1234740 kB
MemAvailable:    1515828 kB
Buffers:           55264 kB
Cached:           347148 kB
MemTotal:        1844596 kB
MemFree:         1234996 kB
MemAvailable:    1516084 kB
Buffers:           55264 kB
Cached:           347148 kB
MemTotal:        1844596 kB
MemFree:         1234700 kB
MemAvailable:    1515788 kB
Buffers:           55264 kB
Cached:           347148 kB
MemTotal:        1844596 kB
MemFree:         1234396 kB
MemAvailable:    1515484 kB
Buffers:           55264 kB
Cached:           347148 kB
MemTotal:        1844596 kB
MemFree:         1233752 kB
MemAvailable:    1514840 kB
Buffers:           55264 kB
Cached:           347148 kB
MemTotal:        1844596 kB
MemFree:         1233404 kB
MemAvailable:    1514492 kB
Buffers:           55264 kB
Cached:           347148 kB
MemTotal:        1844596 kB
MemFree:         1233256 kB
MemAvailable:    1514344 kB
Buffers:           55264 kB
Cached:           347148 kB
MemTotal:        1844596 kB
MemFree:         1233592 kB
MemAvailable:    1514680 kB
Buffers:           55264 kB
Cached:           347148 kB
MemTotal:        1844596 kB
MemFree:         1231916 kB
MemAvailable:    1513004 kB
Buffers:           55264 kB
Cached:           347148 kB
MemTotal:        1844596 kB
MemFree:         1231988 kB
MemAvailable:    1513076 kB
Buffers:           55264 kB
Cached:           347148 kB
MemTotal:        1844596 kB
MemFree:         1231916 kB
MemAvailable:    1513004 kB
Buffers:           55264 kB
Cached:           347148 kB
MemTotal:        1844596 kB
MemFree:         1232024 kB
MemAvailable:    1513112 kB
Buffers:           55264 kB
Cached:           347148 kB
MemTotal:        1844596 kB
MemFree:         1232100 kB
MemAvailable:    1513188 kB
Buffers:           55264 kB
Cached:           347148 kB
MemTotal:        1844596 kB
MemFree:         1231480 kB
MemAvailable:    1512568 kB
Buffers:           55264 kB
Cached:           347148 kB
MemTotal:        1844596 kB
MemFree:         1231288 kB
MemAvailable:    1512376 kB
Buffers:           55264 kB
Cached:           347148 kB
MemTotal:        1844596 kB
MemFree:         1231348 kB
MemAvailable:    1512436 kB
Buffers:           55264 kB
Cached:           347148 kB
MemTotal:        1844596 kB
MemFree:         1231232 kB
MemAvailable:    1512320 kB
Buffers:           55264 kB
Cached:           347148 kB
MemTotal:        1844596 kB
MemFree:         1231300 kB
MemAvailable:    1512388 kB
Buffers:           55264 kB
Cached:           347148 kB
MemTotal:        1844596 kB
MemFree:         1229932 kB
MemAvailable:    1511020 kB
Buffers:           55264 kB
Cached:           347148 kB
MemTotal:        1844596 kB
MemFree:         1231108 kB
MemAvailable:    1512196 kB
Buffers:           55264 kB
Cached:           347148 kB
MemTotal:        1844596 kB
MemFree:         1231008 kB
MemAvailable:    1512096 kB
Buffers:           55264 kB
Cached:           347148 kB
MemTotal:        1844596 kB
MemFree:         1229760 kB
MemAvailable:    1510848 kB
Buffers:           55264 kB
Cached:           347148 kB
MemTotal:        1844596 kB
MemFree:         1229760 kB
MemAvailable:    1510848 kB
Buffers:           55264 kB
Cached:           347148 kB
MemTotal:        1844596 kB
MemFree:         1231116 kB
MemAvailable:    1512204 kB
Buffers:           55264 kB
Cached:           347148 kB
MemTotal:        1844596 kB
MemFree:         1229932 kB
MemAvailable:    1511020 kB
Buffers:           55264 kB
Cached:           347148 kB
MemTotal:        1844596 kB
MemFree:         1230868 kB
MemAvailable:    1511956 kB
Buffers:           55264 kB
Cached:           347148 kB
MemTotal:        1844596 kB
MemFree:         1229620 kB
MemAvailable:    1510708 kB
Buffers:           55264 kB
Cached:           347148 kB
MemTotal:        1844596 kB
MemFree:         1229436 kB
MemAvailable:    1510524 kB
Buffers:           55264 kB
Cached:           347148 kB
MemTotal:        1844596 kB
MemFree:         1228504 kB
MemAvailable:    1509592 kB
Buffers:           55264 kB
Cached:           347148 kB
MemTotal:        1844596 kB
MemFree:         1224280 kB
MemAvailable:    1505368 kB
Buffers:           55264 kB
Cached:           347148 kB
MemTotal:        1844596 kB
MemFree:         1222980 kB
MemAvailable:    1504068 kB
Buffers:           55264 kB
Cached:           347148 kB
MemTotal:        1844596 kB
MemFree:         1223832 kB
MemAvailable:    1505088 kB
Buffers:           55264 kB
Cached:           347396 kB
MemTotal:        1844596 kB
MemFree:         1223832 kB
MemAvailable:    1505088 kB
Buffers:           55264 kB
Cached:           347396 kB
MemTotal:        1844596 kB
MemFree:         1223644 kB
MemAvailable:    1504984 kB
Buffers:           55264 kB
Cached:           347520 kB
MemTotal:        1844596 kB
MemFree:         1223512 kB
MemAvailable:    1504936 kB
Buffers:           55264 kB
Cached:           347644 kB
MemTotal:        1844596 kB
MemFree:         1223724 kB
MemAvailable:    1505232 kB
Buffers:           55264 kB
Cached:           347644 kB
MemTotal:        1844596 kB
MemFree:         1222564 kB
MemAvailable:    1504156 kB
Buffers:           55264 kB
Cached:           347768 kB
MemTotal:        1844596 kB
MemFree:         1223476 kB
MemAvailable:    1505152 kB
Buffers:           55264 kB
Cached:           347768 kB
MemTotal:        1844596 kB
MemFree:         1223452 kB
MemAvailable:    1505128 kB
Buffers:           55264 kB
Cached:           347768 kB
MemTotal:        1844596 kB
MemFree:         1223048 kB
MemAvailable:    1504808 kB
Buffers:           55264 kB
Cached:           347892 kB
MemTotal:        1844596 kB
MemFree:         1223384 kB
MemAvailable:    1505144 kB
Buffers:           55264 kB
Cached:           347892 kB
MemTotal:        1844596 kB
MemFree:         1223464 kB
MemAvailable:    1505224 kB
Buffers:           55264 kB
Cached:           347892 kB
MemTotal:        1844596 kB
MemFree:         1223360 kB
MemAvailable:    1505120 kB
Buffers:           55264 kB
Cached:           347892 kB
MemTotal:        1844596 kB
MemFree:         1222492 kB
MemAvailable:    1504252 kB
Buffers:           55264 kB
Cached:           347892 kB
MemTotal:        1844596 kB
MemFree:         1223292 kB
MemAvailable:    1505052 kB
Buffers:           55264 kB
Cached:           347892 kB
MemTotal:        1844596 kB
MemFree:         1223292 kB
MemAvailable:    1505052 kB
Buffers:           55264 kB
Cached:           347892 kB
MemTotal:        1844596 kB
MemFree:         1223364 kB
MemAvailable:    1505124 kB
Buffers:           55264 kB
Cached:           347892 kB
MemTotal:        1844596 kB
MemFree:         1221968 kB
MemAvailable:    1503812 kB
Buffers:           55264 kB
Cached:           347892 kB
MemTotal:        1844596 kB
MemFree:         1222608 kB
MemAvailable:    1503804 kB
Buffers:           55268 kB
Cached:           347204 kB
MemTotal:        1844596 kB
MemFree:         1291128 kB
MemAvailable:    1572324 kB
Buffers:           55268 kB
Cached:           347204 kB
