MemTotal:        1844596 kB
MemFree:         1318320 kB
MemAvailable:    1554356 kB
Buffers:           49892 kB
Cached:           311416 kB
MemTotal:        1844596 kB
MemFree:         1315964 kB
MemAvailable:    1552000 kB
Buffers:           49892 kB
Cached:           311416 kB
MemTotal:        1844596 kB
MemFree:         1314212 kB
MemAvailable:    1550248 kB
Buffers:           49892 kB
Cached:           311416 kB
MemTotal:        1844596 kB
MemFree:         1314212 kB
MemAvailable:    1550248 kB
Buffers:           49892 kB
Cached:           311416 kB
MemTotal:        1844596 kB
MemFree:         1314160 kB
MemAvailable:    1550196 kB
Buffers:           49892 kB
Cached:           311416 kB
MemTotal:        1844596 kB
MemFree:         1312728 kB
MemAvailable:    1548768 kB
Buffers:           49892 kB
Cached:           311420 kB
MemTotal:        1844596 kB
MemFree:         1311096 kB
MemAvailable:    1547136 kB
Buffers:           49900 kB
Cached:           311412 kB
MemTotal:        1844596 kB
MemFree:         1307640 kB
MemAvailable:    1543680 kB
Buffers:           49900 kB
Cached:           311412 kB
MemTotal:        1844596 kB
MemFree:         1307852 kB
MemAvailable:    1543892 kB
Buffers:           49900 kB
Cached:           311412 kB
MemTotal:        1844596 kB
MemFree:         1303904 kB
MemAvailable:    1539944 kB
Buffers:           49900 kB
Cached:           311412 kB
MemTotal:        1844596 kB
MemFree:         1304176 kB
MemAvailable:    1540216 kB
Buffers:           49900 kB
Cached:           311412 kB
MemTotal:        1844596 kB
MemFree:         1304200 kB
MemAvailable:    1540240 kB
Buffers:           49900 kB
Cached:           311412 kB
MemTotal:        1844596 kB
MemFree:         1303572 kB
MemAvailable:    1539612 kB
Buffers:           49900 kB
Cached:           311412 kB
MemTotal:        1844596 kB
MemFree:         1304240 kB
MemAvailable:    1540280 kB
Buffers:           49900 kB
Cached:           311412 kB
MemTotal:        1844596 kB
MemFree:         1304120 kB
MemAvailable:    1540160 kB
Buffers:           49900 kB
Cached:           311412 kB
MemTotal:        1844596 kB
MemFree:         1304372 kB
MemAvailable:    1540412 kB
Buffers:           49900 kB
Cached:           311412 kB
MemTotal:        1844596 kB
MemFree:         1303556 kB
MemAvailable:    1539596 kB
Buffers:           49900 kB
Cached:           311412 kB
MemTotal:        1844596 kB
MemFree:         1303768 kB
MemAvailable:    1539808 kB
Buffers:           49900 kB
Cached:           311412 kB
MemTotal:        1844596 kB
MemFree:         1301332 kB
MemAvailable:    1537372 kB
Buffers:           49900 kB
Cached:           311412 kB
MemTotal:        1844596 kB
MemFree:         1301596 kB
MemAvailable:    1537636 kB
Buffers:           49900 kB
Cached:           311412 kB
MemTotal:        1844596 kB
MemFree:         1301848 kB
MemAvailable:    1537888 kB
Buffers:           49900 kB
Cached:           311412 kB
MemTotal:        1844596 kB
MemFree:         1301932 kB
MemAvailable:    1537972 kB
Buffers:           49900 kB
Cached:           311412 kB
MemTotal:        1844596 kB
MemFree:         1301680 kB
MemAvailable:    1537720 kB
Buffers:           49900 kB
Cached:           311412 kB
MemTotal:        1844596 kB
MemFree:         1301932 kB
MemAvailable:    1537972 kB
Buffers:           49900 kB
Cached:           311412 kB
MemTotal:        1844596 kB
MemFree:         1301516 kB
MemAvailable:    1537556 kB
Buffers:           49900 kB
Cached:           311412 kB
MemTotal:        1844596 kB
MemFree:         1301852 kB
MemAvailable:    1537892 kB
Buffers:           49900 kB
Cached:           311412 kB
MemTotal:        1844596 kB
MemFree:         1301860 kB
MemAvailable:    1537900 kB
Buffers:           49900 kB
Cached:           311412 kB
MemTotal:        1844596 kB
MemFree:         1301816 kB
MemAvailable:    1537856 kB
Buffers:           49900 kB
Cached:           311412 kB
MemTotal:        1844596 kB
MemFree:         1301092 kB
MemAvailable:    1537132 kB
Buffers:           49900 kB
Cached:           311412 kB
MemTotal:        1844596 kB
MemFree:         1303012 kB
MemAvailable:    1539052 kB
Buffers:           49900 kB
Cached:           311412 kB
MemTotal:        1844596 kB
MemFree:         1301912 kB
MemAvailable:    1537952 kB
Buffers:           49900 kB
Cached:           311412 kB
MemTotal:        1844596 kB
MemFree:         1302508 kB
MemAvailable:    1538548 kB
Buffers:           49900 kB
Cached:           311412 kB
MemTotal:        1844596 kB
MemFree:         1300100 kB
MemAvailable:    1536140 kB
Buffers:           49900 kB
Cached:           311412 kB
MemTotal:        1844596 kB
MemFree:         1298612 kB
MemAvailable:    1534652 kB
Buffers:           49900 kB
Cached:           311412 kB
MemTotal:        1844596 kB
MemFree:         1299292 kB
MemAvailable:    1535332 kB
Buffers:           49900 kB
Cached:           311412 kB
MemTotal:        1844596 kB
MemFree:         1298860 kB
MemAvailable:    1534900 kB
Buffers:           49900 kB
Cached:           311412 kB
MemTotal:        1844596 kB
MemFree:         1297736 kB
MemAvailable:    1533776 kB
Buffers:           49900 kB
Cached:           311412 kB
MemTotal:        1844596 kB
MemFree:         1298100 kB
MemAvailable:    1534140 kB
Buffers:           49900 kB
Cached:           311412 kB
MemTotal:        1844596 kB
MemFree:         1298300 kB
MemAvailable:    1534340 kB
Buffers:           49900 kB
Cached:           311412 kB
MemTotal:        1844596 kB
MemFree:         1297728 kB
MemAvailable:    1533768 kB
Buffers:           49900 kB
Cached:           311412 kB
MemTotal:        1844596 kB
MemFree:         1297728 kB
MemAvailable:    1533768 kB
Buffers:           49900 kB
Cached:           311412 kB
MemTotal:        1844596 kB
MemFree:         1297732 kB
MemAvailable:    1533772 kB
Buffers:           49900 kB
Cached:           311412 kB
MemTotal:        1844596 kB
MemFree:         1297412 kB
MemAvailable:    1533452 kB
Buffers:           49900 kB
Cached:           311412 kB
MemTotal:        1844596 kB
MemFree:         1297664 kB
MemAvailable:    1533704 kB
Buffers:           49900 kB
Cached:           311412 kB
MemTotal:        1844596 kB
MemFree:         1297364 kB
MemAvailable:    1533404 kB
Buffers:           49900 kB
Cached:           311412 kB
MemTotal:        1844596 kB
MemFree:         1297172 kB
MemAvailable:    1533212 kB
Buffers:           49900 kB
Cached:           311412 kB
MemTotal:        1844596 kB
MemFree:         1297124 kB
MemAvailable:    1533164 kB
Buffers:           49900 kB
Cached:           311412 kB
MemTotal:        1844596 kB
MemFree:         1296612 kB
MemAvailable:    1532652 kB
Buffers:           49900 kB
Cached:           311412 kB
MemTotal:        1844596 kB
MemFree:         1296864 kB
MemAvailable:    1532904 kB
Buffers:           49900 kB
Cached:           311412 kB
MemTotal:        1844596 kB
MemFree:         1296812 kB
MemAvailable:    1532852 kB
Buffers:           49900 kB
Cached:           311412 kB
MemTotal:        1844596 kB
MemFree:         1296640 kB
MemAvailable:    1532680 kB
Buffers:           49900 kB
Cached:           311412 kB
MemTotal:        1844596 kB
MemFree:         1295332 kB
MemAvailable:    1531372 kB
Buffers:           49900 kB
Cached:           311412 kB
MemTotal:        1844596 kB
MemFree:         1296564 kB
MemAvailable:    1532604 kB
Buffers:           49900 kB
Cached:           311412 kB
MemTotal:        1844596 kB
MemFree:         1296508 kB
MemAvailable:    1532548 kB
Buffers:           49900 kB
Cached:           311412 kB
MemTotal:        1844596 kB
MemFree:         1296344 kB
MemAvailable:    1532384 kB
Buffers:           49900 kB
Cached:           311412 kB
MemTotal:        1844596 kB
MemFree:         1296596 kB
MemAvailable:    1532636 kB
Buffers:           49900 kB
Cached:           311412 kB
MemTotal:        1844596 kB
MemFree:         1296604 kB
MemAvailable:    1532644 kB
Buffers:           49900 kB
Cached:           311412 kB
MemTotal:        1844596 kB
MemFree:         1295348 kB
MemAvailable:    1531388 kB
Buffers:           49900 kB
Cached:           311412 kB
MemTotal:        1844596 kB
MemFree:         1296640 kB
MemAvailable:    1532680 kB
Buffers:           49900 kB
Cached:           311412 kB
MemTotal:        1844596 kB
MemFree:         1295380 kB
MemAvailable:    1531420 kB
Buffers:           49900 kB
Cached:           311412 kB
MemTotal:        1844596 kB
MemFree:         1294748 kB
MemAvailable:    1530788 kB
Buffers:           49900 kB
Cached:           311412 kB
MemTotal:        1844596 kB
MemFree:         1296112 kB
MemAvailable:    1532152 kB
Buffers:           49900 kB
Cached:           311412 kB
MemTotal:        1844596 kB
MemFree:         1294608 kB
MemAvailable:    1530648 kB
Buffers:           49900 kB
Cached:           311412 kB
MemTotal:        1844596 kB
MemFree:         1294608 kB
MemAvailable:    1530648 kB
Buffers:           49900 kB
Cached:           311412 kB
MemTotal:        1844596 kB
MemFree:         1295576 kB
MemAvailable:    1531616 kB
Buffers:           49900 kB
Cached:           311412 kB
MemTotal:        1844596 kB
MemFree:         1295660 kB
MemAvailable:    1531700 kB
Buffers:           49900 kB
Cached:           311412 kB
MemTotal:        1844596 kB
MemFree:         1295716 kB
MemAvailable:    1531756 kB
Buffers:           49900 kB
Cached:           311412 kB
MemTotal:        1844596 kB
MemFree:         1295480 kB
MemAvailable:    1531520 kB
Buffers:           49900 kB
Cached:           311412 kB
MemTotal:        1844596 kB
MemFree:         1295816 kB
MemAvailable:    1531856 kB
Buffers:           49900 kB
Cached:           311412 kB
MemTotal:        1844596 kB
MemFree:         1295640 kB
MemAvailable:    1531680 kB
Buffers:           49900 kB
Cached:           311412 kB
MemTotal:        1844596 kB
MemFree:         1295476 kB
MemAvailable:    1531516 kB
Buffers:           49900 kB
Cached:           311412 kB
MemTotal:        1844596 kB
MemFree:         1294708 kB
MemAvailable:    1530748 kB
Buffers:           49900 kB
Cached:           311412 kB
MemTotal:        1844596 kB
MemFree:         1295572 kB
MemAvailable:    1531612 kB
Buffers:           49900 kB
Cached:           311412 kB
MemTotal:        1844596 kB
MemFree:         1294224 kB
MemAvailable:    1530264 kB
Buffers:           49900 kB
Cached:           311412 kB
MemTotal:        1844596 kB
MemFree:         1294008 kB
MemAvailable:    1530048 kB
Buffers:           49900 kB
Cached:           311412 kB
MemTotal:        1844596 kB
MemFree:         1293776 kB
MemAvailable:    1529816 kB
Buffers:           49900 kB
Cached:           311412 kB
MemTotal:        1844596 kB
MemFree:         1291232 kB
MemAvailable:    1527272 kB
Buffers:           49900 kB
Cached:           311412 kB
MemTotal:        1844596 kB
MemFree:         1288172 kB
MemAvailable:    1524212 kB
Buffers:           49900 kB
Cached:           311412 kB
MemTotal:        1844596 kB
MemFree:         1287452 kB
MemAvailable:    1523492 kB
Buffers:           49900 kB
Cached:           311412 kB
MemTotal:        1844596 kB
MemFree:         1286644 kB
MemAvailable:    1522684 kB
Buffers:           49900 kB
Cached:           311412 kB
MemTotal:        1844596 kB
MemFree:         1287676 kB
MemAvailable:    1523716 kB
Buffers:           49900 kB
Cached:           311412 kB
MemTotal:        1844596 kB
MemFree:         1286708 kB
MemAvailable:    1522748 kB
Buffers:           49900 kB
Cached:           311412 kB
MemTotal:        1844596 kB
MemFree:         1286448 kB
MemAvailable:    1522488 kB
Buffers:           49900 kB
Cached:           311412 kB
MemTotal:        1844596 kB
MemFree:         1287416 kB
MemAvailable:    1523456 kB
Buffers:           49900 kB
Cached:           311412 kB
MemTotal:        1844596 kB
MemFree:         1287752 kB
MemAvailable:    1523792 kB
Buffers:           49900 kB
Cached:           311412 kB
MemTotal:        1844596 kB
MemFree:         1287520 kB
MemAvailable:    1523560 kB
Buffers:           49900 kB
Cached:           311412 kB
MemTotal:        1844596 kB
MemFree:         1287604 kB
MemAvailable:    1523644 kB
Buffers:           49900 kB
Cached:           311412 kB
MemTotal:        1844596 kB
MemFree:         1287512 kB
MemAvailable:    1523568 kB
Buffers:           49900 kB
Cached:           311428 kB
MemTotal:        1844596 kB
MemFree:         1287596 kB
MemAvailable:    1523652 kB
Buffers:           49900 kB
Cached:           311428 kB
MemTotal:        1844596 kB
MemFree:         1287576 kB
MemAvailable:    1523632 kB
Buffers:           49900 kB
Cached:           311428 kB
MemTotal:        1844596 kB
MemFree:         1286948 kB
MemAvailable:    1523004 kB
Buffers:           49900 kB
Cached:           311428 kB
MemTotal:        1844596 kB
MemFree:         1287616 kB
MemAvailable:    1523672 kB
Buffers:           49900 kB
Cached:           311428 kB
MemTotal:        1844596 kB
MemFree:         1287576 kB
MemAvailable:    1523632 kB
Buffers:           49900 kB
Cached:           311428 kB
MemTotal:        1844596 kB
MemFree:         1287464 kB
MemAvailable:    1523520 kB
Buffers:           49900 kB
Cached:           311428 kB
MemTotal:        1844596 kB
MemFree:         1287288 kB
MemAvailable:    1523344 kB
Buffers:           49900 kB
Cached:           311428 kB
MemTotal:        1844596 kB
MemFree:         1287008 kB
MemAvailable:    1523064 kB
Buffers:           49900 kB
Cached:           311428 kB
MemTotal:        1844596 kB
MemFree:         1285964 kB
MemAvailable:    1522020 kB
Buffers:           49900 kB
Cached:           311428 kB
MemTotal:        1844596 kB
MemFree:         1286652 kB
MemAvailable:    1522708 kB
Buffers:           49900 kB
Cached:           311428 kB
MemTotal:        1844596 kB
MemFree:         1286272 kB
MemAvailable:    1522328 kB
Buffers:           49900 kB
Cached:           311428 kB
MemTotal:        1844596 kB
MemFree:         1284832 kB
MemAvailable:    1520888 kB
Buffers:           49900 kB
Cached:           311428 kB
MemTotal:        1844596 kB
MemFree:         1285104 kB
MemAvailable:    1521160 kB
Buffers:           49900 kB
Cached:           311428 kB
MemTotal:        1844596 kB
MemFree:         1284848 kB
MemAvailable:    1520908 kB
Buffers:           49900 kB
Cached:           311432 kB
MemTotal:        1844596 kB
MemFree:         1284908 kB
MemAvailable:    1520968 kB
Buffers:           49900 kB
Cached:           311432 kB
MemTotal:        1844596 kB
MemFree:         1283600 kB
MemAvailable:    1519660 kB
Buffers:           49900 kB
Cached:           311432 kB
MemTotal:        1844596 kB
MemFree:         1284080 kB
MemAvailable:    1520140 kB
Buffers:           49900 kB
Cached:           311432 kB
MemTotal:        1844596 kB
MemFree:         1282988 kB
MemAvailable:    1519048 kB
Buffers:           49900 kB
Cached:           311432 kB
MemTotal:        1844596 kB
MemFree:         1284028 kB
MemAvailable:    1520088 kB
Buffers:           49900 kB
Cached:           311432 kB
MemTotal:        1844596 kB
MemFree:         1283708 kB
MemAvailable:    1519768 kB
Buffers:           49900 kB
Cached:           311432 kB
MemTotal:        1844596 kB
MemFree:         1284228 kB
MemAvailable:    1520288 kB
Buffers:           49900 kB
Cached:           311432 kB
MemTotal:        1844596 kB
MemFree:         1283916 kB
MemAvailable:    1519976 kB
Buffers:           49900 kB
Cached:           311432 kB
MemTotal:        1844596 kB
MemFree:         1283792 kB
MemAvailable:    1519852 kB
Buffers:           49900 kB
Cached:           311432 kB
MemTotal:        1844596 kB
MemFree:         1283584 kB
MemAvailable:    1519644 kB
Buffers:           49900 kB
Cached:           311432 kB
MemTotal:        1844596 kB
MemFree:         1283668 kB
MemAvailable:    1519728 kB
Buffers:           49900 kB
Cached:           311432 kB
MemTotal:        1844596 kB
MemFree:         1283532 kB
MemAvailable:    1519592 kB
Buffers:           49900 kB
Cached:           311432 kB
MemTotal:        1844596 kB
MemFree:         1283680 kB
MemAvailable:    1519740 kB
Buffers:           49900 kB
Cached:           311432 kB
MemTotal:        1844596 kB
MemFree:         1283160 kB
MemAvailable:    1519220 kB
Buffers:           49900 kB
Cached:           311432 kB
MemTotal:        1844596 kB
MemFree:         1283676 kB
MemAvailable:    1519736 kB
Buffers:           49900 kB
Cached:           311432 kB
MemTotal:        1844596 kB
MemFree:         1283676 kB
MemAvailable:    1519736 kB
Buffers:           49900 kB
Cached:           311432 kB
MemTotal:        1844596 kB
MemFree:         1283088 kB
MemAvailable:    1519148 kB
Buffers:           49900 kB
Cached:           311432 kB
MemTotal:        1844596 kB
MemFree:         1283424 kB
MemAvailable:    1519484 kB
Buffers:           49900 kB
Cached:           311432 kB
MemTotal:        1844596 kB
MemFree:         1278088 kB
MemAvailable:    1514148 kB
Buffers:           49900 kB
Cached:           311432 kB
MemTotal:        1844596 kB
MemFree:         1274988 kB
MemAvailable:    1511048 kB
Buffers:           49900 kB
Cached:           311432 kB
MemTotal:        1844596 kB
MemFree:         1274740 kB
MemAvailable:    1510800 kB
Buffers:           49900 kB
Cached:           311432 kB
MemTotal:        1844596 kB
MemFree:         1274252 kB
MemAvailable:    1510312 kB
Buffers:           49900 kB
Cached:           311432 kB
MemTotal:        1844596 kB
MemFree:         1274776 kB
MemAvailable:    1510836 kB
Buffers:           49900 kB
Cached:           311432 kB
MemTotal:        1844596 kB
MemFree:         1275028 kB
MemAvailable:    1511088 kB
Buffers:           49900 kB
Cached:           311432 kB
MemTotal:        1844596 kB
MemFree:         1273544 kB
MemAvailable:    1509604 kB
Buffers:           49900 kB
Cached:           311432 kB
MemTotal:        1844596 kB
MemFree:         1273792 kB
MemAvailable:    1509852 kB
Buffers:           49900 kB
Cached:           311432 kB
MemTotal:        1844596 kB
MemFree:         1275756 kB
MemAvailable:    1511816 kB
Buffers:           49900 kB
Cached:           311432 kB
MemTotal:        1844596 kB
MemFree:         1276364 kB
MemAvailable:    1512424 kB
Buffers:           49900 kB
Cached:           311432 kB
MemTotal:        1844596 kB
MemFree:         1276160 kB
MemAvailable:    1512220 kB
Buffers:           49900 kB
Cached:           311432 kB
MemTotal:        1844596 kB
MemFree:         1276764 kB
MemAvailable:    1513076 kB
Buffers:           49900 kB
Cached:           311680 kB
MemTotal:        1844596 kB
MemFree:         1276764 kB
MemAvailable:    1513076 kB
Buffers:           49900 kB
Cached:           311680 kB
MemTotal:        1844596 kB
MemFree:         1276536 kB
MemAvailable:    1512932 kB
Buffers:           49900 kB
Cached:           311804 kB
MemTotal:        1844596 kB
MemFree:         1274884 kB
MemAvailable:    1511280 kB
Buffers:           49900 kB
Cached:           311804 kB
MemTotal:        1844596 kB
MemFree:         1276180 kB
MemAvailable:    1512660 kB
Buffers:           49900 kB
Cached:           311928 kB
MemTotal:        1844596 kB
MemFree:         1275260 kB
MemAvailable:    1511908 kB
Buffers:           49900 kB
Cached:           312052 kB
MemTotal:        1844596 kB
MemFree:         1276220 kB
MemAvailable:    1512868 kB
Buffers:           49900 kB
Cached:           312052 kB
MemTotal:        1844596 kB
MemFree:         1276028 kB
MemAvailable:    1512676 kB
Buffers:           49900 kB
Cached:           312176 kB
MemTotal:        1844596 kB
MemFree:         1276364 kB
MemAvailable:    1513012 kB
Buffers:           49900 kB
Cached:           312176 kB
MemTotal:        1844596 kB
MemFree:         1274788 kB
MemAvailable:    1511520 kB
Buffers:           49900 kB
Cached:           312176 kB
MemTotal:        1844596 kB
MemFree:         1276096 kB
MemAvailable:    1512828 kB
Buffers:           49900 kB
Cached:           312176 kB
MemTotal:        1844596 kB
MemFree:         1275012 kB
MemAvailable:    1511744 kB
Buffers:           49900 kB
Cached:           312176 kB
MemTotal:        1844596 kB
MemFree:         1275300 kB
MemAvailable:    1512032 kB
Buffers:           49900 kB
Cached:           312140 kB
MemTotal:        1844596 kB
MemFree:         1276392 kB
MemAvailable:    1513124 kB
Buffers:           49900 kB
Cached:           312140 kB
MemTotal:        1844596 kB
MemFree:         1276284 kB
MemAvailable:    1513016 kB
Buffers:           49900 kB
Cached:           312140 kB
MemTotal:        1844596 kB
MemFree:         1275964 kB
MemAvailable:    1512696 kB
Buffers:           49900 kB
Cached:           312264 kB
MemTotal:        1844596 kB
MemFree:         1276216 kB
MemAvailable:    1512948 kB
Buffers:           49900 kB
Cached:           312264 kB
MemTotal:        1844596 kB
MemFree:         1276988 kB
MemAvailable:    1513132 kB
Buffers:           49900 kB
Cached:           311508 kB
