MemTotal:        1844596 kB
MemFree:         1387508 kB
MemAvailable:    1563736 kB
Buffers:           43324 kB
Cached:           263464 kB
MemTotal:        1844596 kB
MemFree:         1385028 kB
MemAvailable:    1561256 kB
Buffers:           43324 kB
Cached:           263464 kB
MemTotal:        1844596 kB
MemFree:         1383424 kB
MemAvailable:    1559652 kB
Buffers:           43324 kB
Cached:           263464 kB
MemTotal:        1844596 kB
MemFree:         1382432 kB
MemAvailable:    1558668 kB
Buffers:           43324 kB
Cached:           263468 kB
MemTotal:        1844596 kB
MemFree:         1381144 kB
MemAvailable:    1557380 kB
Buffers:           43324 kB
Cached:           263468 kB
MemTotal:        1844596 kB
MemFree:         1380068 kB
MemAvailable:    1556304 kB
Buffers:           43324 kB
Cached:           263468 kB
MemTotal:        1844596 kB
MemFree:         1381248 kB
MemAvailable:    1557484 kB
Buffers:           43324 kB
Cached:           263468 kB
MemTotal:        1844596 kB
MemFree:         1380076 kB
MemAvailable:    1556312 kB
Buffers:           43324 kB
Cached:           263468 kB
MemTotal:        1844596 kB
MemFree:         1378076 kB
MemAvailable:    1554312 kB
Buffers:           43324 kB
Cached:           263468 kB
MemTotal:        1844596 kB
MemFree:         1377472 kB
MemAvailable:    1553708 kB
Buffers:           43324 kB
Cached:           263468 kB
MemTotal:        1844596 kB
MemFree:         1374240 kB
MemAvailable:    1550476 kB
Buffers:           43324 kB
Cached:           263468 kB
MemTotal:        1844596 kB
MemFree:         1372740 kB
MemAvailable:    1548976 kB
Buffers:           43324 kB
Cached:           263468 kB
MemTotal:        1844596 kB
MemFree:         1370520 kB
MemAvailable:    1546756 kB
Buffers:           43324 kB
Cached:           263468 kB
MemTotal:        1844596 kB
MemFree:         1370032 kB
MemAvailable:    1546268 kB
Buffers:           43324 kB
Cached:           263468 kB
MemTotal:        1844596 kB
MemFree:         1371340 kB
MemAvailable:    1547576 kB
Buffers:           43324 kB
Cached:           263468 kB
MemTotal:        1844596 kB
MemFree:         1371168 kB
MemAvailable:    1547404 kB
Buffers:           43324 kB
Cached:           263468 kB
MemTotal:        1844596 kB
MemFree:         1371340 kB
MemAvailable:    1547576 kB
Buffers:           43324 kB
Cached:           263468 kB
MemTotal:        1844596 kB
MemFree:         1371144 kB
MemAvailable:    1547380 kB
Buffers:           43324 kB
Cached:           263468 kB
MemTotal:        1844596 kB
MemFree:         1371036 kB
MemAvailable:    1547272 kB
Buffers:           43324 kB
Cached:           263468 kB
MemTotal:        1844596 kB
MemFree:         1369164 kB
MemAvailable:    1545400 kB
Buffers:           43324 kB
Cached:           263468 kB
MemTotal:        1844596 kB
MemFree:         1367992 kB
MemAvailable:    1544228 kB
Buffers:           43324 kB
Cached:           263468 kB
MemTotal:        1844596 kB
MemFree:         1367668 kB
MemAvailable:    1543904 kB
Buffers:           43324 kB
Cached:           263468 kB
MemTotal:        1844596 kB
MemFree:         1368720 kB
MemAvailable:    1544956 kB
Buffers:           43324 kB
Cached:           263468 kB
MemTotal:        1844596 kB
MemFree:         1367664 kB
MemAvailable:    1543900 kB
Buffers:           43324 kB
Cached:           263468 kB
MemTotal:        1844596 kB
MemFree:         1367492 kB
MemAvailable:    1543728 kB
Buffers:           43324 kB
Cached:           263468 kB
MemTotal:        1844596 kB
MemFree:         1367776 kB
MemAvailable:    1544012 kB
Buffers:           43324 kB
Cached:           263468 kB
MemTotal:        1844596 kB
MemFree:         1368936 kB
MemAvailable:    1545172 kB
Buffers:           43324 kB
Cached:           263468 kB
MemTotal:        1844596 kB
MemFree:         1368884 kB
MemAvailable:    1545120 kB
Buffers:           43324 kB
Cached:           263468 kB
MemTotal:        1844596 kB
MemFree:         1368992 kB
MemAvailable:    1545228 kB
Buffers:           43324 kB
Cached:           263468 kB
MemTotal:        1844596 kB
MemFree:         1369976 kB
MemAvailable:    1546212 kB
Buffers:           43324 kB
Cached:           263468 kB
MemTotal:        1844596 kB
MemFree:         1368668 kB
MemAvailable:    1544904 kB
Buffers:           43324 kB
Cached:           263468 kB
MemTotal:        1844596 kB
MemFree:         1369156 kB
MemAvailable:    1545392 kB
Buffers:           43324 kB
Cached:           263468 kB
MemTotal:        1844596 kB
MemFree:         1366620 kB
MemAvailable:    1542856 kB
Buffers:           43324 kB
Cached:           263468 kB
MemTotal:        1844596 kB
MemFree:         1365568 kB
MemAvailable:    1541804 kB
Buffers:           43324 kB
Cached:           263468 kB
MemTotal:        1844596 kB
MemFree:         1365800 kB
MemAvailable:    1542036 kB
Buffers:           43324 kB
Cached:           263468 kB
MemTotal:        1844596 kB
MemFree:         1364932 kB
MemAvailable:    1541168 kB
Buffers:           43324 kB
Cached:           263468 kB
MemTotal:        1844596 kB
MemFree:         1365652 kB
MemAvailable:    1541888 kB
Buffers:           43324 kB
Cached:           263468 kB
MemTotal:        1844596 kB
MemFree:         1364576 kB
MemAvailable:    1540812 kB
Buffers:           43324 kB
Cached:           263468 kB
MemTotal:        1844596 kB
MemFree:         1364948 kB
MemAvailable:    1541188 kB
Buffers:           43324 kB
Cached:           263472 kB
MemTotal:        1844596 kB
MemFree:         1364752 kB
MemAvailable:    1540992 kB
Buffers:           43324 kB
Cached:           263472 kB
MemTotal:        1844596 kB
MemFree:         1363192 kB
MemAvailable:    1539432 kB
Buffers:           43324 kB
Cached:           263472 kB
MemTotal:        1844596 kB
MemFree:         1364572 kB
MemAvailable:    1540812 kB
Buffers:           43324 kB
Cached:           263472 kB
MemTotal:        1844596 kB
MemFree:         1363308 kB
MemAvailable:    1539548 kB
Buffers:           43324 kB
Cached:           263472 kB
MemTotal:        1844596 kB
MemFree:         1364604 kB
MemAvailable:    1540844 kB
Buffers:           43324 kB
Cached:           263472 kB
MemTotal:        1844596 kB
MemFree:         1363780 kB
MemAvailable:    1540020 kB
Buffers:           43324 kB
Cached:           263472 kB
MemTotal:        1844596 kB
MemFree:         1364304 kB
MemAvailable:    1540544 kB
Buffers:           43324 kB
Cached:           263472 kB
MemTotal:        1844596 kB
MemFree:         1364388 kB
MemAvailable:    1540628 kB
Buffers:           43324 kB
Cached:           263472 kB
MemTotal:        1844596 kB
MemFree:         1364116 kB
MemAvailable:    1540356 kB
Buffers:           43324 kB
Cached:           263472 kB
MemTotal:        1844596 kB
MemFree:         1362716 kB
MemAvailable:    1538956 kB
Buffers:           43324 kB
Cached:           263472 kB
MemTotal:        1844596 kB
MemFree:         1363388 kB
MemAvailable:    1539628 kB
Buffers:           43324 kB
Cached:           263472 kB
MemTotal:        1844596 kB
MemFree:         1363552 kB
MemAvailable:    1539792 kB
Buffers:           43324 kB
Cached:           263472 kB
MemTotal:        1844596 kB
MemFree:         1362260 kB
MemAvailable:    1538500 kB
Buffers:           43324 kB
Cached:           263472 kB
MemTotal:        1844596 kB
MemFree:         1363632 kB
MemAvailable:    1539872 kB
Buffers:           43324 kB
Cached:           263472 kB
MemTotal:        1844596 kB
MemFree:         1363484 kB
MemAvailable:    1539724 kB
Buffers:           43324 kB
Cached:           263472 kB
MemTotal:        1844596 kB
MemFree:         1363484 kB
MemAvailable:    1539724 kB
Buffers:           43324 kB
Cached:           263472 kB
MemTotal:        1844596 kB
MemFree:         1362460 kB
MemAvailable:    1538700 kB
Buffers:           43324 kB
Cached:           263472 kB
MemTotal:        1844596 kB
MemFree:         1362468 kB
MemAvailable:    1538708 kB
Buffers:           43324 kB
Cached:           263472 kB
MemTotal:        1844596 kB
MemFree:         1363396 kB
MemAvailable:    1539636 kB
Buffers:           43324 kB
Cached:           263472 kB
MemTotal:        1844596 kB
MemFree:         1363568 kB
MemAvailable:    1539808 kB
Buffers:           43324 kB
Cached:           263472 kB
MemTotal:        1844596 kB
MemFree:         1363388 kB
MemAvailable:    1539628 kB
Buffers:           43324 kB
Cached:           263472 kB
MemTotal:        1844596 kB
MemFree:         1363212 kB
MemAvailable:    1539452 kB
Buffers:           43324 kB
Cached:           263472 kB
MemTotal:        1844596 kB
MemFree:         1361916 kB
MemAvailable:    1538156 kB
Buffers:           43324 kB
Cached:           263472 kB
MemTotal:        1844596 kB
MemFree:         1363156 kB
MemAvailable:    1539396 kB
Buffers:           43324 kB
Cached:           263472 kB
MemTotal:        1844596 kB
MemFree:         1362040 kB
MemAvailable:    1538280 kB
Buffers:           43324 kB
Cached:           263472 kB
MemTotal:        1844596 kB
MemFree:         1362824 kB
MemAvailable:    1539064 kB
Buffers:           43324 kB
Cached:           263472 kB
MemTotal:        1844596 kB
MemFree:         1362824 kB
MemAvailable:    1539064 kB
Buffers:           43324 kB
Cached:           263472 kB
MemTotal:        1844596 kB
MemFree:         1362680 kB
MemAvailable:    1538920 kB
Buffers:           43324 kB
Cached:           263472 kB
MemTotal:        1844596 kB
MemFree:         1362932 kB
MemAvailable:    1539172 kB
Buffers:           43324 kB
Cached:           263472 kB
MemTotal:        1844596 kB
MemFree:         1362652 kB
MemAvailable:    1538892 kB
Buffers:           43324 kB
Cached:           263472 kB
MemTotal:        1844596 kB
MemFree:         1362456 kB
MemAvailable:    1538696 kB
Buffers:           43324 kB
Cached:           263472 kB
MemTotal:        1844596 kB
MemFree:         1361272 kB
MemAvailable:    1537512 kB
Buffers:           43324 kB
Cached:           263472 kB
MemTotal:        1844596 kB
MemFree:         1361404 kB
MemAvailable:    1537644 kB
Buffers:           43324 kB
Cached:           263472 kB
MemTotal:        1844596 kB
MemFree:         1361392 kB
MemAvailable:    1537632 kB
Buffers:           43324 kB
Cached:           263472 kB
MemTotal:        1844596 kB
MemFree:         1361516 kB
MemAvailable:    1537756 kB
Buffers:           43324 kB
Cached:           263472 kB
MemTotal:        1844596 kB
MemFree:         1361412 kB
MemAvailable:    1537652 kB
Buffers:           43324 kB
Cached:           263472 kB
MemTotal:        1844596 kB
MemFree:         1358236 kB
MemAvailable:    1534476 kB
Buffers:           43324 kB
Cached:           263472 kB
MemTotal:        1844596 kB
MemFree:         1357632 kB
MemAvailable:    1533872 kB
Buffers:           43324 kB
Cached:           263472 kB
MemTotal:        1844596 kB
MemFree:         1355392 kB
MemAvailable:    1531636 kB
Buffers:           43324 kB
Cached:           263476 kB
MemTotal:        1844596 kB
MemFree:         1354400 kB
MemAvailable:    1530644 kB
Buffers:           43324 kB
Cached:           263476 kB
MemTotal:        1844596 kB
MemFree:         1354036 kB
MemAvailable:    1530280 kB
Buffers:           43324 kB
Cached:           263476 kB
MemTotal:        1844596 kB
MemFree:         1355072 kB
MemAvailable:    1531316 kB
Buffers:           43324 kB
Cached:           263476 kB
MemTotal:        1844596 kB
MemFree:         1353912 kB
MemAvailable:    1530156 kB
Buffers:           43324 kB
Cached:           263476 kB
MemTotal:        1844596 kB
MemFree:         1353500 kB
MemAvailable:    1529744 kB
Buffers:           43324 kB
Cached:           263476 kB
MemTotal:        1844596 kB
MemFree:         1353368 kB
MemAvailable:    1529612 kB
Buffers:           43324 kB
Cached:           263476 kB
MemTotal:        1844596 kB
MemFree:         1353500 kB
MemAvailable:    1529744 kB
Buffers:           43324 kB
Cached:           263476 kB
MemTotal:        1844596 kB
MemFree:         1353408 kB
MemAvailable:    1529652 kB
Buffers:           43324 kB
Cached:           263476 kB
MemTotal:        1844596 kB
MemFree:         1354624 kB
MemAvailable:    1530868 kB
Buffers:           43324 kB
Cached:           263476 kB
MemTotal:        1844596 kB
MemFree:         1354708 kB
MemAvailable:    1530952 kB
Buffers:           43324 kB
Cached:           263476 kB
MemTotal:        1844596 kB
MemFree:         1353284 kB
MemAvailable:    1529528 kB
Buffers:           43324 kB
Cached:           263476 kB
MemTotal:        1844596 kB
MemFree:         1354592 kB
MemAvailable:    1530836 kB
Buffers:           43324 kB
Cached:           263476 kB
MemTotal:        1844596 kB
MemFree:         1354284 kB
MemAvailable:    1530528 kB
Buffers:           43324 kB
Cached:           263476 kB
MemTotal:        1844596 kB
MemFree:         1353268 kB
MemAvailable:    1529512 kB
Buffers:           43324 kB
Cached:           263476 kB
MemTotal:        1844596 kB
MemFree:         1353400 kB
MemAvailable:    1529644 kB
Buffers:           43324 kB
Cached:           263476 kB
MemTotal:        1844596 kB
MemFree:         1354492 kB
MemAvailable:    1530736 kB
Buffers:           43324 kB
Cached:           263476 kB
MemTotal:        1844596 kB
MemFree:         1354720 kB
MemAvailable:    1530964 kB
Buffers:           43324 kB
Cached:           263476 kB
MemTotal:        1844596 kB
MemFree:         1353772 kB
MemAvailable:    1530016 kB
Buffers:           43324 kB
Cached:           263476 kB
MemTotal:        1844596 kB
MemFree:         1353772 kB
MemAvailable:    1530016 kB
Buffers:           43324 kB
Cached:           263476 kB
MemTotal:        1844596 kB
MemFree:         1353252 kB
MemAvailable:    1529496 kB
Buffers:           43324 kB
Cached:           263476 kB
MemTotal:        1844596 kB
MemFree:         1353036 kB
MemAvailable:    1529280 kB
Buffers:           43324 kB
Cached:           263476 kB
MemTotal:        1844596 kB
MemFree:         1352756 kB
MemAvailable:    1529000 kB
Buffers:           43324 kB
Cached:           263476 kB
MemTotal:        1844596 kB
MemFree:         1352796 kB
MemAvailable:    1529040 kB
Buffers:           43324 kB
Cached:           263476 kB
MemTotal:        1844596 kB
MemFree:         1351912 kB
MemAvailable:    1528156 kB
Buffers:           43324 kB
Cached:           263476 kB
MemTotal:        1844596 kB
MemFree:         1351804 kB
MemAvailable:    1528048 kB
Buffers:           43324 kB
Cached:           263476 kB
MemTotal:        1844596 kB
MemFree:         1351608 kB
MemAvailable:    1527852 kB
Buffers:           43324 kB
Cached:           263476 kB
MemTotal:        1844596 kB
MemFree:         1351776 kB
MemAvailable:    1528020 kB
Buffers:           43324 kB
Cached:           263476 kB
MemTotal:        1844596 kB
MemFree:         1351160 kB
MemAvailable:    1527404 kB
Buffers:           43324 kB
Cached:           263476 kB
MemTotal:        1844596 kB
MemFree:         1351244 kB
MemAvailable:    1527488 kB
Buffers:           43324 kB
Cached:           263476 kB
MemTotal:        1844596 kB
MemFree:         1349928 kB
MemAvailable:    1526172 kB
Buffers:           43324 kB
Cached:           263476 kB
MemTotal:        1844596 kB
MemFree:         1350980 kB
MemAvailable:    1527224 kB
Buffers:           43324 kB
Cached:           263476 kB
MemTotal:        1844596 kB
MemFree:         1349548 kB
MemAvailable:    1525792 kB
Buffers:           43324 kB
Cached:           263476 kB
MemTotal:        1844596 kB
MemFree:         1349500 kB
MemAvailable:    1525744 kB
Buffers:           43324 kB
Cached:           263476 kB
MemTotal:        1844596 kB
MemFree:         1350928 kB
MemAvailable:    1527172 kB
Buffers:           43324 kB
Cached:           263476 kB
MemTotal:        1844596 kB
MemFree:         1350964 kB
MemAvailable:    1527208 kB
Buffers:           43324 kB
Cached:           263476 kB
MemTotal:        1844596 kB
MemFree:         1351132 kB
MemAvailable:    1527376 kB
Buffers:           43324 kB
Cached:           263476 kB
MemTotal:        1844596 kB
MemFree:         1350832 kB
MemAvailable:    1527076 kB
Buffers:           43324 kB
Cached:           263476 kB
MemTotal:        1844596 kB
MemFree:         1350176 kB
MemAvailable:    1526420 kB
Buffers:           43324 kB
Cached:           263476 kB
MemTotal:        1844596 kB
MemFree:         1350260 kB
MemAvailable:    1526504 kB
Buffers:           43324 kB
Cached:           263476 kB
MemTotal:        1844596 kB
MemFree:         1348812 kB
MemAvailable:    1525056 kB
Buffers:           43324 kB
Cached:           263476 kB
MemTotal:        1844596 kB
MemFree:         1345232 kB
MemAvailable:    1521476 kB
Buffers:           43324 kB
Cached:           263476 kB
MemTotal:        1844596 kB
MemFree:         1342688 kB
MemAvailable:    1518932 kB
Buffers:           43324 kB
Cached:           263476 kB
MemTotal:        1844596 kB
MemFree:         1341512 kB
MemAvailable:    1517756 kB
Buffers:           43324 kB
Cached:           263476 kB
MemTotal:        1844596 kB
MemFree:         1342052 kB
MemAvailable:    1518464 kB
Buffers:           43324 kB
Cached:           263724 kB
MemTotal:        1844596 kB
MemFree:         1342052 kB
MemAvailable:    1518464 kB
Buffers:           43324 kB
Cached:           263724 kB
MemTotal:        1844596 kB
MemFree:         1342044 kB
MemAvailable:    1518624 kB
Buffers:           43324 kB
Cached:           263972 kB
MemTotal:        1844596 kB
MemFree:         1341912 kB
MemAvailable:    1518576 kB
Buffers:           43324 kB
Cached:           263972 kB
MemTotal:        1844596 kB
MemFree:         1340604 kB
MemAvailable:    1517268 kB
Buffers:           43324 kB
Cached:           264096 kB
MemTotal:        1844596 kB
MemFree:         1341572 kB
MemAvailable:    1518320 kB
Buffers:           43324 kB
Cached:           264096 kB
MemTotal:        1844596 kB
MemFree:         1341828 kB
MemAvailable:    1518576 kB
Buffers:           43324 kB
Cached:           264096 kB
MemTotal:        1844596 kB
MemFree:         1341632 kB
MemAvailable:    1518464 kB
Buffers:           43324 kB
Cached:           264096 kB
MemTotal:        1844596 kB
MemFree:         1340892 kB
MemAvailable:    1517724 kB
Buffers:           43324 kB
Cached:           264096 kB
MemTotal:        1844596 kB
MemFree:         1341516 kB
MemAvailable:    1518348 kB
Buffers:           43324 kB
Cached:           264096 kB
MemTotal:        1844596 kB
MemFree:         1340340 kB
MemAvailable:    1517172 kB
Buffers:           43324 kB
Cached:           264096 kB
MemTotal:        1844596 kB
MemFree:         1340376 kB
MemAvailable:    1517208 kB
Buffers:           43324 kB
Cached:           264096 kB
MemTotal:        1844596 kB
MemFree:         1341824 kB
MemAvailable:    1518656 kB
Buffers:           43324 kB
Cached:           264096 kB
MemTotal:        1844596 kB
MemFree:         1340760 kB
MemAvailable:    1517088 kB
Buffers:           43324 kB
Cached:           263548 kB
MemTotal:        1844596 kB
MemFree:         1405276 kB
MemAvailable:    1581688 kB
Buffers:           43324 kB
Cached:           263548 kB
