MemTotal:        1844596 kB
MemFree:         1518912 kB
MemAvailable:    1571216 kB
Buffers:           27008 kB
Cached:           158376 kB
MemTotal:        1844596 kB
MemFree:         1518044 kB
MemAvailable:    1570348 kB
Buffers:           27008 kB
Cached:           158376 kB
MemTotal:        1844596 kB
MemFree:         1514448 kB
MemAvailable:    1566752 kB
Buffers:           27008 kB
Cached:           158376 kB
MemTotal:        1844596 kB
MemFree:         1514516 kB
MemAvailable:    1566820 kB
Buffers:           27008 kB
Cached:           158376 kB
MemTotal:        1844596 kB
MemFree:         1513084 kB
MemAvailable:    1565388 kB
Buffers:           27008 kB
Cached:           158376 kB
MemTotal:        1844596 kB
MemFree:         1514308 kB
MemAvailable:    1566612 kB
Buffers:           27008 kB
Cached:           158376 kB
MemTotal:        1844596 kB
MemFree:         1510984 kB
MemAvailable:    1563288 kB
Buffers:           27008 kB
Cached:           158376 kB
MemTotal:        1844596 kB
MemFree:         1508504 kB
MemAvailable:    1560808 kB
Buffers:           27008 kB
Cached:           158376 kB
MemTotal:        1844596 kB
MemFree:         1504396 kB
MemAvailable:    1556704 kB
Buffers:           27008 kB
Cached:           158380 kB
MemTotal:        1844596 kB
MemFree:         1504236 kB
MemAvailable:    1556544 kB
Buffers:           27008 kB
Cached:           158380 kB
MemTotal:        1844596 kB
MemFree:         1503224 kB
MemAvailable:    1555532 kB
Buffers:           27008 kB
Cached:           158380 kB
MemTotal:        1844596 kB
MemFree:         1503108 kB
MemAvailable:    1555416 kB
Buffers:           27008 kB
Cached:           158380 kB
MemTotal:        1844596 kB
MemFree:         1504284 kB
MemAvailable:    1556592 kB
Buffers:           27008 kB
Cached:           158380 kB
MemTotal:        1844596 kB
MemFree:         1504128 kB
MemAvailable:    1556436 kB
Buffers:           27008 kB
Cached:           158380 kB
MemTotal:        1844596 kB
MemFree:         1503660 kB
MemAvailable:    1555968 kB
Buffers:           27008 kB
Cached:           158380 kB
MemTotal:        1844596 kB
MemFree:         1503296 kB
MemAvailable:    1555604 kB
Buffers:           27008 kB
Cached:           158380 kB
MemTotal:        1844596 kB
MemFree:         1504148 kB
MemAvailable:    1556456 kB
Buffers:           27008 kB
Cached:           158380 kB
MemTotal:        1844596 kB
MemFree:         1502412 kB
MemAvailable:    1554720 kB
Buffers:           27008 kB
Cached:           158380 kB
MemTotal:        1844596 kB
MemFree:         1502624 kB
MemAvailable:    1554932 kB
Buffers:           27008 kB
Cached:           158380 kB
MemTotal:        1844596 kB
MemFree:         1501188 kB
MemAvailable:    1553496 kB
Buffers:           27008 kB
Cached:           158380 kB
MemTotal:        1844596 kB
MemFree:         1500808 kB
MemAvailable:    1553116 kB
Buffers:           27008 kB
Cached:           158380 kB
MemTotal:        1844596 kB
MemFree:         1501916 kB
MemAvailable:    1554224 kB
Buffers:           27008 kB
Cached:           158380 kB
MemTotal:        1844596 kB
MemFree:         1501916 kB
MemAvailable:    1554224 kB
Buffers:           27008 kB
Cached:           158380 kB
MemTotal:        1844596 kB
MemFree:         1500512 kB
MemAvailable:    1552820 kB
Buffers:           27008 kB
Cached:           158380 kB
MemTotal:        1844596 kB
MemFree:         1501808 kB
MemAvailable:    1554116 kB
Buffers:           27008 kB
Cached:           158380 kB
MemTotal:        1844596 kB
MemFree:         1501812 kB
MemAvailable:    1554120 kB
Buffers:           27008 kB
Cached:           158380 kB
MemTotal:        1844596 kB
MemFree:         1500632 kB
MemAvailable:    1552940 kB
Buffers:           27008 kB
Cached:           158380 kB
MemTotal:        1844596 kB
MemFree:         1501056 kB
MemAvailable:    1553364 kB
Buffers:           27008 kB
Cached:           158380 kB
MemTotal:        1844596 kB
MemFree:         1503092 kB
MemAvailable:    1555400 kB
Buffers:           27008 kB
Cached:           158380 kB
MemTotal:        1844596 kB
MemFree:         1502544 kB
MemAvailable:    1554852 kB
Buffers:           27008 kB
Cached:           158380 kB
MemTotal:        1844596 kB
MemFree:         1501288 kB
MemAvailable:    1553596 kB
Buffers:           27008 kB
Cached:           158380 kB
MemTotal:        1844596 kB
MemFree:         1501252 kB
MemAvailable:    1553560 kB
Buffers:           27008 kB
Cached:           158380 kB
MemTotal:        1844596 kB
MemFree:         1499760 kB
MemAvailable:    1552068 kB
Buffers:           27008 kB
Cached:           158380 kB
MemTotal:        1844596 kB
MemFree:         1498940 kB
MemAvailable:    1551248 kB
Buffers:           27008 kB
Cached:           158380 kB
MemTotal:        1844596 kB
MemFree:         1498940 kB
MemAvailable:    1551248 kB
Buffers:           27008 kB
Cached:           158380 kB
MemTotal:        1844596 kB
MemFree:         1498428 kB
MemAvailable:    1550736 kB
Buffers:           27008 kB
Cached:           158380 kB
MemTotal:        1844596 kB
MemFree:         1498512 kB
MemAvailable:    1550820 kB
Buffers:           27008 kB
Cached:           158380 kB
MemTotal:        1844596 kB
MemFree:         1497824 kB
MemAvailable:    1550132 kB
Buffers:           27008 kB
Cached:           158380 kB
MemTotal:        1844596 kB
MemFree:         1498160 kB
MemAvailable:    1550468 kB
Buffers:           27008 kB
Cached:           158380 kB
MemTotal:        1844596 kB
MemFree:         1497892 kB
MemAvailable:    1550200 kB
Buffers:           27008 kB
Cached:           158380 kB
MemTotal:        1844596 kB
MemFree:         1497520 kB
MemAvailable:    1549828 kB
Buffers:           27008 kB
Cached:           158380 kB
MemTotal:        1844596 kB
MemFree:         1497520 kB
MemAvailable:    1549828 kB
Buffers:           27008 kB
Cached:           158380 kB
MemTotal:        1844596 kB
MemFree:         1496464 kB
MemAvailable:    1548772 kB
Buffers:           27008 kB
Cached:           158380 kB
MemTotal:        1844596 kB
MemFree:         1496208 kB
MemAvailable:    1548516 kB
Buffers:           27008 kB
Cached:           158380 kB
MemTotal:        1844596 kB
MemFree:         1497328 kB
MemAvailable:    1549636 kB
Buffers:           27008 kB
Cached:           158380 kB
MemTotal:        1844596 kB
MemFree:         1497220 kB
MemAvailable:    1549528 kB
Buffers:           27008 kB
Cached:           158380 kB
MemTotal:        1844596 kB
MemFree:         1496816 kB
MemAvailable:    1549124 kB
Buffers:           27008 kB
Cached:           158380 kB
MemTotal:        1844596 kB
MemFree:         1497068 kB
MemAvailable:    1549376 kB
Buffers:           27008 kB
Cached:           158380 kB
MemTotal:        1844596 kB
MemFree:         1495544 kB
MemAvailable:    1547852 kB
Buffers:           27008 kB
Cached:           158380 kB
MemTotal:        1844596 kB
MemFree:         1496696 kB
MemAvailable:    1549004 kB
Buffers:           27008 kB
Cached:           158380 kB
MemTotal:        1844596 kB
MemFree:         1496352 kB
MemAvailable:    1548660 kB
Buffers:           27008 kB
Cached:           158380 kB
MemTotal:        1844596 kB
MemFree:         1496404 kB
MemAvailable:    1548712 kB
Buffers:           27008 kB
Cached:           158380 kB
MemTotal:        1844596 kB
MemFree:         1496740 kB
MemAvailable:    1549048 kB
Buffers:           27008 kB
Cached:           158380 kB
MemTotal:        1844596 kB
MemFree:         1495332 kB
MemAvailable:    1547640 kB
Buffers:           27008 kB
Cached:           158380 kB
MemTotal:        1844596 kB
MemFree:         1496808 kB
MemAvailable:    1549116 kB
Buffers:           27008 kB
Cached:           158380 kB
MemTotal:        1844596 kB
MemFree:         1495980 kB
MemAvailable:    1548288 kB
Buffers:           27008 kB
Cached:           158380 kB
MemTotal:        1844596 kB
MemFree:         1496448 kB
MemAvailable:    1548756 kB
Buffers:           27008 kB
Cached:           158380 kB
MemTotal:        1844596 kB
MemFree:         1496616 kB
MemAvailable:    1548924 kB
Buffers:           27008 kB
Cached:           158380 kB
MemTotal:        1844596 kB
MemFree:         1496264 kB
MemAvailable:    1548572 kB
Buffers:           27008 kB
Cached:           158380 kB
MemTotal:        1844596 kB
MemFree:         1496264 kB
MemAvailable:    1548572 kB
Buffers:           27008 kB
Cached:           158380 kB
MemTotal:        1844596 kB
MemFree:         1494908 kB
MemAvailable:    1547216 kB
Buffers:           27008 kB
Cached:           158380 kB
MemTotal:        1844596 kB
MemFree:         1495884 kB
MemAvailable:    1548192 kB
Buffers:           27008 kB
Cached:           158380 kB
MemTotal:        1844596 kB
MemFree:         1496056 kB
MemAvailable:    1548364 kB
Buffers:           27008 kB
Cached:           158380 kB
MemTotal:        1844596 kB
MemFree:         1495660 kB
MemAvailable:    1547968 kB
Buffers:           27008 kB
Cached:           158380 kB
MemTotal:        1844596 kB
MemFree:         1495912 kB
MemAvailable:    1548220 kB
Buffers:           27008 kB
Cached:           158380 kB
MemTotal:        1844596 kB
MemFree:         1494428 kB
MemAvailable:    1546736 kB
Buffers:           27008 kB
Cached:           158380 kB
MemTotal:        1844596 kB
MemFree:         1494428 kB
MemAvailable:    1546736 kB
Buffers:           27008 kB
Cached:           158380 kB
MemTotal:        1844596 kB
MemFree:         1495536 kB
MemAvailable:    1547844 kB
Buffers:           27008 kB
Cached:           158380 kB
MemTotal:        1844596 kB
MemFree:         1495704 kB
MemAvailable:    1548012 kB
Buffers:           27008 kB
Cached:           158380 kB
MemTotal:        1844596 kB
MemFree:         1495836 kB
MemAvailable:    1548144 kB
Buffers:           27008 kB
Cached:           158380 kB
MemTotal:        1844596 kB
MemFree:         1495800 kB
MemAvailable:    1548108 kB
Buffers:           27008 kB
Cached:           158380 kB
MemTotal:        1844596 kB
MemFree:         1495620 kB
MemAvailable:    1547928 kB
Buffers:           27008 kB
Cached:           158380 kB
MemTotal:        1844596 kB
MemFree:         1494356 kB
MemAvailable:    1546664 kB
Buffers:           27008 kB
Cached:           158380 kB
MemTotal:        1844596 kB
MemFree:         1493864 kB
MemAvailable:    1546172 kB
Buffers:           27008 kB
Cached:           158380 kB
MemTotal:        1844596 kB
MemFree:         1491204 kB
MemAvailable:    1543512 kB
Buffers:           27008 kB
Cached:           158380 kB
MemTotal:        1844596 kB
MemFree:         1489036 kB
MemAvailable:    1541344 kB
Buffers:           27008 kB
Cached:           158380 kB
MemTotal:        1844596 kB
MemFree:         1488532 kB
MemAvailable:    1540848 kB
Buffers:           27008 kB
Cached:           158388 kB
MemTotal:        1844596 kB
MemFree:         1487780 kB
MemAvailable:    1540096 kB
Buffers:           27008 kB
Cached:           158388 kB
MemTotal:        1844596 kB
MemFree:         1487780 kB
MemAvailable:    1540096 kB
Buffers:           27008 kB
Cached:           158388 kB
MemTotal:        1844596 kB
MemFree:         1487600 kB
MemAvailable:    1539916 kB
Buffers:           27008 kB
Cached:           158388 kB
MemTotal:        1844596 kB
MemFree:         1487040 kB
MemAvailable:    1539356 kB
Buffers:           27008 kB
Cached:           158388 kB
MemTotal:        1844596 kB
MemFree:         1487648 kB
MemAvailable:    1539964 kB
Buffers:           27008 kB
Cached:           158388 kB
MemTotal:        1844596 kB
MemFree:         1487616 kB
MemAvailable:    1539932 kB
Buffers:           27008 kB
Cached:           158388 kB
MemTotal:        1844596 kB
MemFree:         1487872 kB
MemAvailable:    1540188 kB
Buffers:           27008 kB
Cached:           158388 kB
MemTotal:        1844596 kB
MemFree:         1487644 kB
MemAvailable:    1539960 kB
Buffers:           27008 kB
Cached:           158388 kB
MemTotal:        1844596 kB
MemFree:         1486544 kB
MemAvailable:    1538860 kB
Buffers:           27008 kB
Cached:           158388 kB
MemTotal:        1844596 kB
MemFree:         1487844 kB
MemAvailable:    1540160 kB
Buffers:           27008 kB
Cached:           158388 kB
MemTotal:        1844596 kB
MemFree:         1486412 kB
MemAvailable:    1538728 kB
Buffers:           27008 kB
Cached:           158388 kB
MemTotal:        1844596 kB
MemFree:         1487712 kB
MemAvailable:    1540028 kB
Buffers:           27008 kB
Cached:           158388 kB
MemTotal:        1844596 kB
MemFree:         1486536 kB
MemAvailable:    1538852 kB
Buffers:           27008 kB
Cached:           158388 kB
MemTotal:        1844596 kB
MemFree:         1486920 kB
MemAvailable:    1539236 kB
Buffers:           27008 kB
Cached:           158388 kB
MemTotal:        1844596 kB
MemFree:         1487408 kB
MemAvailable:    1539724 kB
Buffers:           27008 kB
Cached:           158388 kB
MemTotal:        1844596 kB
MemFree:         1487496 kB
MemAvailable:    1539812 kB
Buffers:           27008 kB
Cached:           158388 kB
MemTotal:        1844596 kB
MemFree:         1486044 kB
MemAvailable:    1538360 kB
Buffers:           27008 kB
Cached:           158388 kB
MemTotal:        1844596 kB
MemFree:         1485688 kB
MemAvailable:    1538004 kB
Buffers:           27008 kB
Cached:           158388 kB
MemTotal:        1844596 kB
MemFree:         1485316 kB
MemAvailable:    1537632 kB
Buffers:           27008 kB
Cached:           158388 kB
MemTotal:        1844596 kB
MemFree:         1485184 kB
MemAvailable:    1537500 kB
Buffers:           27008 kB
Cached:           158388 kB
MemTotal:        1844596 kB
MemFree:         1485912 kB
MemAvailable:    1538228 kB
Buffers:           27008 kB
Cached:           158388 kB
MemTotal:        1844596 kB
MemFree:         1485680 kB
MemAvailable:    1537996 kB
Buffers:           27008 kB
Cached:           158388 kB
MemTotal:        1844596 kB
MemFree:         1483820 kB
MemAvailable:    1536136 kB
Buffers:           27008 kB
Cached:           158388 kB
MemTotal:        1844596 kB
MemFree:         1485128 kB
MemAvailable:    1537444 kB
Buffers:           27008 kB
Cached:           158388 kB
MemTotal:        1844596 kB
MemFree:         1484448 kB
MemAvailable:    1536764 kB
Buffers:           27008 kB
Cached:           158388 kB
MemTotal:        1844596 kB
MemFree:         1484136 kB
MemAvailable:    1536452 kB
Buffers:           27008 kB
Cached:           158388 kB
MemTotal:        1844596 kB
MemFree:         1484136 kB
MemAvailable:    1536452 kB
Buffers:           27008 kB
Cached:           158388 kB
MemTotal:        1844596 kB
MemFree:         1484048 kB
MemAvailable:    1536364 kB
Buffers:           27008 kB
Cached:           158388 kB
MemTotal:        1844596 kB
MemFree:         1484384 kB
MemAvailable:    1536700 kB
Buffers:           27008 kB
Cached:           158388 kB
MemTotal:        1844596 kB
MemFree:         1482808 kB
MemAvailable:    1535124 kB
Buffers:           27008 kB
Cached:           158388 kB
MemTotal:        1844596 kB
MemFree:         1484340 kB
MemAvailable:    1536656 kB
Buffers:           27008 kB
Cached:           158388 kB
MemTotal:        1844596 kB
MemFree:         1482836 kB
MemAvailable:    1535152 kB
Buffers:           27008 kB
Cached:           158388 kB
MemTotal:        1844596 kB
MemFree:         1484136 kB
MemAvailable:    1536452 kB
Buffers:           27008 kB
Cached:           158388 kB
MemTotal:        1844596 kB
MemFree:         1483332 kB
MemAvailable:    1535648 kB
Buffers:           27008 kB
Cached:           158388 kB
MemTotal:        1844596 kB
MemFree:         1483760 kB
MemAvailable:    1536076 kB
Buffers:           27008 kB
Cached:           158388 kB
MemTotal:        1844596 kB
MemFree:         1483900 kB
MemAvailable:    1536216 kB
Buffers:           27008 kB
Cached:           158388 kB
MemTotal:        1844596 kB
MemFree:         1482516 kB
MemAvailable:    1534832 kB
Buffers:           27008 kB
Cached:           158388 kB
MemTotal:        1844596 kB
MemFree:         1482208 kB
MemAvailable:    1534524 kB
Buffers:           27008 kB
Cached:           158388 kB
MemTotal:        1844596 kB
MemFree:         1482208 kB
MemAvailable:    1534524 kB
Buffers:           27008 kB
Cached:           158388 kB
MemTotal:        1844596 kB
MemFree:         1474760 kB
MemAvailable:    1527076 kB
Buffers:           27008 kB
Cached:           158388 kB
MemTotal:        1844596 kB
MemFree:         1475096 kB
MemAvailable:    1527412 kB
Buffers:           27008 kB
Cached:           158388 kB
MemTotal:        1844596 kB
MemFree:         1474628 kB
MemAvailable:    1526944 kB
Buffers:           27008 kB
Cached:           158388 kB
MemTotal:        1844596 kB
MemFree:         1474628 kB
MemAvailable:    1526944 kB
Buffers:           27008 kB
Cached:           158388 kB
MemTotal:        1844596 kB
MemFree:         1474580 kB
MemAvailable:    1526896 kB
Buffers:           27008 kB
Cached:           158388 kB
MemTotal:        1844596 kB
MemFree:         1473216 kB
MemAvailable:    1525532 kB
Buffers:           27008 kB
Cached:           158388 kB
MemTotal:        1844596 kB
MemFree:         1476424 kB
MemAvailable:    1528740 kB
Buffers:           27008 kB
Cached:           158388 kB
MemTotal:        1844596 kB
MemFree:         1476760 kB
MemAvailable:    1529076 kB
Buffers:           27008 kB
Cached:           158388 kB
MemTotal:        1844596 kB
MemFree:         1476516 kB
MemAvailable:    1528832 kB
Buffers:           27008 kB
Cached:           158388 kB
MemTotal:        1844596 kB
MemFree:         1475084 kB
MemAvailable:    1527400 kB
Buffers:           27008 kB
Cached:           158388 kB
MemTotal:        1844596 kB
MemFree:         1475084 kB
MemAvailable:    1527568 kB
Buffers:           27008 kB
Cached:           158636 kB
MemTotal:        1844596 kB
MemFree:         1476324 kB
MemAvailable:    1528976 kB
Buffers:           27008 kB
Cached:           158760 kB
MemTotal:        1844596 kB
MemFree:         1475200 kB
MemAvailable:    1527852 kB
Buffers:           27008 kB
Cached:           158760 kB
MemTotal:        1844596 kB
MemFree:         1475380 kB
MemAvailable:    1528284 kB
Buffers:           27008 kB
Cached:           159008 kB
MemTotal:        1844596 kB
MemFree:         1474848 kB
MemAvailable:    1527752 kB
Buffers:           27008 kB
Cached:           159008 kB
MemTotal:        1844596 kB
MemFree:         1475828 kB
MemAvailable:    1528740 kB
Buffers:           27008 kB
Cached:           159016 kB
MemTotal:        1844596 kB
MemFree:         1475672 kB
MemAvailable:    1528584 kB
Buffers:           27008 kB
Cached:           159016 kB
MemTotal:        1844596 kB
MemFree:         1475672 kB
MemAvailable:    1528584 kB
Buffers:           27008 kB
Cached:           159016 kB
MemTotal:        1844596 kB
MemFree:         1475756 kB
MemAvailable:    1528668 kB
Buffers:           27008 kB
Cached:           159016 kB
MemTotal:        1844596 kB
MemFree:         1474592 kB
MemAvailable:    1527504 kB
Buffers:           27008 kB
Cached:           159016 kB
MemTotal:        1844596 kB
MemFree:         1475708 kB
MemAvailable:    1528620 kB
Buffers:           27008 kB
Cached:           159016 kB
MemTotal:        1844596 kB
MemFree:         1474504 kB
MemAvailable:    1527416 kB
Buffers:           27008 kB
Cached:           159016 kB
MemTotal:        1844596 kB
MemFree:         1476168 kB
MemAvailable:    1528492 kB
Buffers:           27008 kB
Cached:           158384 kB
MemTotal:        1844596 kB
MemFree:         1475140 kB
MemAvailable:    1527464 kB
Buffers:           27008 kB
Cached:           158384 kB
MemTotal:        1844596 kB
MemFree:         1544968 kB
MemAvailable:    1597248 kB
Buffers:           27020 kB
Cached:           158336 kB
