MemTotal:        1844596 kB
MemFree:         1535124 kB
MemAvailable:    1574988 kB
Buffers:           25516 kB
Cached:           146136 kB
MemTotal:        1844596 kB
MemFree:         1533636 kB
MemAvailable:    1573500 kB
Buffers:           25516 kB
Cached:           146136 kB
MemTotal:        1844596 kB
MemFree:         1531376 kB
MemAvailable:    1571240 kB
Buffers:           25516 kB
Cached:           146136 kB
MemTotal:        1844596 kB
MemFree:         1529164 kB
MemAvailable:    1569028 kB
Buffers:           25516 kB
Cached:           146136 kB
MemTotal:        1844596 kB
MemFree:         1528300 kB
MemAvailable:    1568164 kB
Buffers:           25516 kB
Cached:           146136 kB
MemTotal:        1844596 kB
MemFree:         1528548 kB
MemAvailable:    1568412 kB
Buffers:           25516 kB
Cached:           146136 kB
MemTotal:        1844596 kB
MemFree:         1529436 kB
MemAvailable:    1569300 kB
Buffers:           25516 kB
Cached:           146136 kB
MemTotal:        1844596 kB
MemFree:         1524336 kB
MemAvailable:    1564200 kB
Buffers:           25516 kB
Cached:           146136 kB
MemTotal:        1844596 kB
MemFree:         1522484 kB
MemAvailable:    1562348 kB
Buffers:           25516 kB
Cached:           146136 kB
MemTotal:        1844596 kB
MemFree:         1518748 kB
MemAvailable:    1558612 kB
Buffers:           25516 kB
Cached:           146136 kB
MemTotal:        1844596 kB
MemFree:         1518268 kB
MemAvailable:    1558132 kB
Buffers:           25516 kB
Cached:           146136 kB
MemTotal:        1844596 kB
MemFree:         1519864 kB
MemAvailable:    1559728 kB
Buffers:           25516 kB
Cached:           146136 kB
MemTotal:        1844596 kB
MemFree:         1520116 kB
MemAvailable:    1559980 kB
Buffers:           25516 kB
Cached:           146136 kB
MemTotal:        1844596 kB
MemFree:         1519824 kB
MemAvailable:    1559688 kB
Buffers:           25516 kB
Cached:           146136 kB
MemTotal:        1844596 kB
MemFree:         1519260 kB
MemAvailable:    1559124 kB
Buffers:           25516 kB
Cached:           146136 kB
MemTotal:        1844596 kB
MemFree:         1519760 kB
MemAvailable:    1559624 kB
Buffers:           25516 kB
Cached:           146136 kB
MemTotal:        1844596 kB
MemFree:         1518496 kB
MemAvailable:    1558360 kB
Buffers:           25516 kB
Cached:           146136 kB
MemTotal:        1844596 kB
MemFree:         1518496 kB
MemAvailable:    1558360 kB
Buffers:           25516 kB
Cached:           146136 kB
MemTotal:        1844596 kB
MemFree:         1518144 kB
MemAvailable:    1558008 kB
Buffers:           25516 kB
Cached:           146136 kB
MemTotal:        1844596 kB
MemFree:         1516772 kB
MemAvailable:    1556636 kB
Buffers:           25516 kB
Cached:           146136 kB
MemTotal:        1844596 kB
MemFree:         1516896 kB
MemAvailable:    1556760 kB
Buffers:           25516 kB
Cached:           146136 kB
MemTotal:        1844596 kB
MemFree:         1517632 kB
MemAvailable:    1557496 kB
Buffers:           25516 kB
Cached:           146136 kB
MemTotal:        1844596 kB
MemFree:         1517632 kB
MemAvailable:    1557496 kB
Buffers:           25516 kB
Cached:           146136 kB
MemTotal:        1844596 kB
MemFree:         1517404 kB
MemAvailable:    1557268 kB
Buffers:           25516 kB
Cached:           146136 kB
MemTotal:        1844596 kB
MemFree:         1516224 kB
MemAvailable:    1556088 kB
Buffers:           25516 kB
Cached:           146136 kB
MemTotal:        1844596 kB
MemFree:         1516348 kB
MemAvailable:    1556212 kB
Buffers:           25516 kB
Cached:           146136 kB
MemTotal:        1844596 kB
MemFree:         1517324 kB
MemAvailable:    1557188 kB
Buffers:           25516 kB
Cached:           146136 kB
MemTotal:        1844596 kB
MemFree:         1517576 kB
MemAvailable:    1557440 kB
Buffers:           25516 kB
Cached:           146136 kB
MemTotal:        1844596 kB
MemFree:         1516264 kB
MemAvailable:    1556128 kB
Buffers:           25516 kB
Cached:           146136 kB
MemTotal:        1844596 kB
MemFree:         1518492 kB
MemAvailable:    1558356 kB
Buffers:           25516 kB
Cached:           146136 kB
MemTotal:        1844596 kB
MemFree:         1518744 kB
MemAvailable:    1558608 kB
Buffers:           25516 kB
Cached:           146136 kB
MemTotal:        1844596 kB
MemFree:         1517276 kB
MemAvailable:    1557140 kB
Buffers:           25516 kB
Cached:           146136 kB
MemTotal:        1844596 kB
MemFree:         1515788 kB
MemAvailable:    1555656 kB
Buffers:           25516 kB
Cached:           146140 kB
MemTotal:        1844596 kB
MemFree:         1514052 kB
MemAvailable:    1553920 kB
Buffers:           25516 kB
Cached:           146140 kB
MemTotal:        1844596 kB
MemFree:         1514724 kB
MemAvailable:    1554596 kB
Buffers:           25516 kB
Cached:           146144 kB
MemTotal:        1844596 kB
MemFree:         1514724 kB
MemAvailable:    1554596 kB
Buffers:           25516 kB
Cached:           146144 kB
MemTotal:        1844596 kB
MemFree:         1514360 kB
MemAvailable:    1554232 kB
Buffers:           25516 kB
Cached:           146144 kB
MemTotal:        1844596 kB
MemFree:         1514112 kB
MemAvailable:    1553984 kB
Buffers:           25516 kB
Cached:           146144 kB
MemTotal:        1844596 kB
MemFree:         1512440 kB
MemAvailable:    1552312 kB
Buffers:           25516 kB
Cached:           146144 kB
MemTotal:        1844596 kB
MemFree:         1513292 kB
MemAvailable:    1553164 kB
Buffers:           25516 kB
Cached:           146144 kB
MemTotal:        1844596 kB
MemFree:         1513060 kB
MemAvailable:    1552932 kB
Buffers:           25516 kB
Cached:           146144 kB
MemTotal:        1844596 kB
MemFree:         1513252 kB
MemAvailable:    1553124 kB
Buffers:           25516 kB
Cached:           146144 kB
MemTotal:        1844596 kB
MemFree:         1511872 kB
MemAvailable:    1551744 kB
Buffers:           25516 kB
Cached:           146144 kB
MemTotal:        1844596 kB
MemFree:         1513148 kB
MemAvailable:    1553020 kB
Buffers:           25516 kB
Cached:           146144 kB
MemTotal:        1844596 kB
MemFree:         1513400 kB
MemAvailable:    1553272 kB
Buffers:           25516 kB
Cached:           146144 kB
MemTotal:        1844596 kB
MemFree:         1512904 kB
MemAvailable:    1552776 kB
Buffers:           25516 kB
Cached:           146144 kB
MemTotal:        1844596 kB
MemFree:         1512052 kB
MemAvailable:    1551924 kB
Buffers:           25516 kB
Cached:           146144 kB
MemTotal:        1844596 kB
MemFree:         1512500 kB
MemAvailable:    1552372 kB
Buffers:           25516 kB
Cached:           146144 kB
MemTotal:        1844596 kB
MemFree:         1511448 kB
MemAvailable:    1551320 kB
Buffers:           25516 kB
Cached:           146144 kB
MemTotal:        1844596 kB
MemFree:         1512300 kB
MemAvailable:    1552172 kB
Buffers:           25516 kB
Cached:           146144 kB
MemTotal:        1844596 kB
MemFree:         1512168 kB
MemAvailable:    1552040 kB
Buffers:           25516 kB
Cached:           146144 kB
MemTotal:        1844596 kB
MemFree:         1512252 kB
MemAvailable:    1552124 kB
Buffers:           25516 kB
Cached:           146144 kB
MemTotal:        1844596 kB
MemFree:         1512160 kB
MemAvailable:    1552032 kB
Buffers:           25516 kB
Cached:           146144 kB
MemTotal:        1844596 kB
MemFree:         1512412 kB
MemAvailable:    1552284 kB
Buffers:           25516 kB
Cached:           146144 kB
MemTotal:        1844596 kB
MemFree:         1511064 kB
MemAvailable:    1550936 kB
Buffers:           25516 kB
Cached:           146144 kB
MemTotal:        1844596 kB
MemFree:         1511312 kB
MemAvailable:    1551184 kB
Buffers:           25516 kB
Cached:           146144 kB
MemTotal:        1844596 kB
MemFree:         1512164 kB
MemAvailable:    1552036 kB
Buffers:           25516 kB
Cached:           146144 kB
MemTotal:        1844596 kB
MemFree:         1512416 kB
MemAvailable:    1552288 kB
Buffers:           25516 kB
Cached:           146144 kB
MemTotal:        1844596 kB
MemFree:         1512164 kB
MemAvailable:    1552036 kB
Buffers:           25516 kB
Cached:           146144 kB
MemTotal:        1844596 kB
MemFree:         1512416 kB
MemAvailable:    1552288 kB
Buffers:           25516 kB
Cached:           146144 kB
MemTotal:        1844596 kB
MemFree:         1512196 kB
MemAvailable:    1552068 kB
Buffers:           25516 kB
Cached:           146144 kB
MemTotal:        1844596 kB
MemFree:         1510896 kB
MemAvailable:    1550768 kB
Buffers:           25516 kB
Cached:           146144 kB
MemTotal:        1844596 kB
MemFree:         1511944 kB
MemAvailable:    1551816 kB
Buffers:           25516 kB
Cached:           146144 kB
MemTotal:        1844596 kB
MemFree:         1511556 kB
MemAvailable:    1551428 kB
Buffers:           25516 kB
Cached:           146144 kB
MemTotal:        1844596 kB
MemFree:         1511556 kB
MemAvailable:    1551428 kB
Buffers:           25516 kB
Cached:           146144 kB
MemTotal:        1844596 kB
MemFree:         1510020 kB
MemAvailable:    1549892 kB
Buffers:           25516 kB
Cached:           146144 kB
MemTotal:        1844596 kB
MemFree:         1510400 kB
MemAvailable:    1550272 kB
Buffers:           25516 kB
Cached:           146144 kB
MemTotal:        1844596 kB
MemFree:         1511260 kB
MemAvailable:    1551132 kB
Buffers:           25516 kB
Cached:           146144 kB
MemTotal:        1844596 kB
MemFree:         1511512 kB
MemAvailable:    1551384 kB
Buffers:           25516 kB
Cached:           146144 kB
MemTotal:        1844596 kB
MemFree:         1511448 kB
MemAvailable:    1551320 kB
Buffers:           25516 kB
Cached:           146144 kB
MemTotal:        1844596 kB
MemFree:         1510160 kB
MemAvailable:    1550032 kB
Buffers:           25516 kB
Cached:           146144 kB
MemTotal:        1844596 kB
MemFree:         1511256 kB
MemAvailable:    1551128 kB
Buffers:           25516 kB
Cached:           146144 kB
MemTotal:        1844596 kB
MemFree:         1511256 kB
MemAvailable:    1551128 kB
Buffers:           25516 kB
Cached:           146144 kB
MemTotal:        1844596 kB
MemFree:         1511128 kB
MemAvailable:    1551000 kB
Buffers:           25516 kB
Cached:           146144 kB
MemTotal:        1844596 kB
MemFree:         1511128 kB
MemAvailable:    1551000 kB
Buffers:           25516 kB
Cached:           146144 kB
MemTotal:        1844596 kB
MemFree:         1509340 kB
MemAvailable:    1549212 kB
Buffers:           25516 kB
Cached:           146144 kB
MemTotal:        1844596 kB
MemFree:         1508844 kB
MemAvailable:    1548716 kB
Buffers:           25516 kB
Cached:           146144 kB
MemTotal:        1844596 kB
MemFree:         1505248 kB
MemAvailable:    1545120 kB
Buffers:           25516 kB
Cached:           146144 kB
MemTotal:        1844596 kB
MemFree:         1504068 kB
MemAvailable:    1543940 kB
Buffers:           25516 kB
Cached:           146144 kB
MemTotal:        1844596 kB
MemFree:         1504192 kB
MemAvailable:    1544064 kB
Buffers:           25516 kB
Cached:           146144 kB
MemTotal:        1844596 kB
MemFree:         1503496 kB
MemAvailable:    1543368 kB
Buffers:           25516 kB
Cached:           146144 kB
MemTotal:        1844596 kB
MemFree:         1503748 kB
MemAvailable:    1543620 kB
Buffers:           25516 kB
Cached:           146144 kB
MemTotal:        1844596 kB
MemFree:         1502132 kB
MemAvailable:    1542004 kB
Buffers:           25516 kB
Cached:           146144 kB
MemTotal:        1844596 kB
MemFree:         1503380 kB
MemAvailable:    1543252 kB
Buffers:           25516 kB
Cached:           146144 kB
MemTotal:        1844596 kB
MemFree:         1502396 kB
MemAvailable:    1542268 kB
Buffers:           25516 kB
Cached:           146144 kB
MemTotal:        1844596 kB
MemFree:         1503336 kB
MemAvailable:    1543208 kB
Buffers:           25516 kB
Cached:           146144 kB
MemTotal:        1844596 kB
MemFree:         1502644 kB
MemAvailable:    1542516 kB
Buffers:           25516 kB
Cached:           146144 kB
MemTotal:        1844596 kB
MemFree:         1503376 kB
MemAvailable:    1543248 kB
Buffers:           25516 kB
Cached:           146144 kB
MemTotal:        1844596 kB
MemFree:         1502768 kB
MemAvailable:    1542516 kB
Buffers:           25516 kB
Cached:           146144 kB
MemTotal:        1844596 kB
MemFree:         1503252 kB
MemAvailable:    1543124 kB
Buffers:           25516 kB
Cached:           146144 kB
MemTotal:        1844596 kB
MemFree:         1502644 kB
MemAvailable:    1542516 kB
Buffers:           25516 kB
Cached:           146144 kB
MemTotal:        1844596 kB
MemFree:         1503252 kB
MemAvailable:    1543124 kB
Buffers:           25516 kB
Cached:           146144 kB
MemTotal:        1844596 kB
MemFree:         1503124 kB
MemAvailable:    1542996 kB
Buffers:           25516 kB
Cached:           146144 kB
MemTotal:        1844596 kB
MemFree:         1503208 kB
MemAvailable:    1543080 kB
Buffers:           25516 kB
Cached:           146144 kB
MemTotal:        1844596 kB
MemFree:         1503184 kB
MemAvailable:    1543056 kB
Buffers:           25516 kB
Cached:           146144 kB
MemTotal:        1844596 kB
MemFree:         1502828 kB
MemAvailable:    1542700 kB
Buffers:           25516 kB
Cached:           146144 kB
MemTotal:        1844596 kB
MemFree:         1502572 kB
MemAvailable:    1542444 kB
Buffers:           25516 kB
Cached:           146144 kB
MemTotal:        1844596 kB
MemFree:         1502148 kB
MemAvailable:    1542020 kB
Buffers:           25516 kB
Cached:           146144 kB
MemTotal:        1844596 kB
MemFree:         1501968 kB
MemAvailable:    1541840 kB
Buffers:           25516 kB
Cached:           146144 kB
MemTotal:        1844596 kB
MemFree:         1500588 kB
MemAvailable:    1540460 kB
Buffers:           25516 kB
Cached:           146144 kB
MemTotal:        1844596 kB
MemFree:         1500596 kB
MemAvailable:    1540468 kB
Buffers:           25516 kB
Cached:           146144 kB
MemTotal:        1844596 kB
MemFree:         1500844 kB
MemAvailable:    1540716 kB
Buffers:           25516 kB
Cached:           146144 kB
MemTotal:        1844596 kB
MemFree:         1500520 kB
MemAvailable:    1540392 kB
Buffers:           25516 kB
Cached:           146144 kB
MemTotal:        1844596 kB
MemFree:         1500164 kB
MemAvailable:    1540036 kB
Buffers:           25516 kB
Cached:           146144 kB
MemTotal:        1844596 kB
MemFree:         1498800 kB
MemAvailable:    1538672 kB
Buffers:           25516 kB
Cached:           146144 kB
MemTotal:        1844596 kB
MemFree:         1498544 kB
MemAvailable:    1538416 kB
Buffers:           25516 kB
Cached:           146144 kB
MemTotal:        1844596 kB
MemFree:         1499784 kB
MemAvailable:    1539656 kB
Buffers:           25516 kB
Cached:           146144 kB
MemTotal:        1844596 kB
MemFree:         1499944 kB
MemAvailable:    1539816 kB
Buffers:           25516 kB
Cached:           146144 kB
MemTotal:        1844596 kB
MemFree:         1498676 kB
MemAvailable:    1538548 kB
Buffers:           25516 kB
Cached:           146144 kB
MemTotal:        1844596 kB
MemFree:         1499424 kB
MemAvailable:    1539296 kB
Buffers:           25516 kB
Cached:           146144 kB
MemTotal:        1844596 kB
MemFree:         1499212 kB
MemAvailable:    1539084 kB
Buffers:           25516 kB
Cached:           146144 kB
MemTotal:        1844596 kB
MemFree:         1499548 kB
MemAvailable:    1539420 kB
Buffers:           25516 kB
Cached:           146144 kB
MemTotal:        1844596 kB
MemFree:         1499324 kB
MemAvailable:    1539204 kB
Buffers:           25516 kB
Cached:           146152 kB
MemTotal:        1844596 kB
MemFree:         1499324 kB
MemAvailable:    1539204 kB
Buffers:           25516 kB
Cached:           146152 kB
MemTotal:        1844596 kB
MemFree:         1499448 kB
MemAvailable:    1539328 kB
Buffers:           25516 kB
Cached:           146152 kB
MemTotal:        1844596 kB
MemFree:         1499620 kB
MemAvailable:    1539500 kB
Buffers:           25516 kB
Cached:           146152 kB
MemTotal:        1844596 kB
MemFree:         1499424 kB
MemAvailable:    1539304 kB
Buffers:           25516 kB
Cached:           146152 kB
MemTotal:        1844596 kB
MemFree:         1498908 kB
MemAvailable:    1538788 kB
Buffers:           25516 kB
Cached:           146152 kB
MemTotal:        1844596 kB
MemFree:         1498908 kB
MemAvailable:    1538788 kB
Buffers:           25516 kB
Cached:           146152 kB
MemTotal:        1844596 kB
MemFree:         1497412 kB
MemAvailable:    1537292 kB
Buffers:           25516 kB
Cached:           146152 kB
MemTotal:        1844596 kB
MemFree:         1491476 kB
MemAvailable:    1531356 kB
Buffers:           25516 kB
Cached:           146152 kB
MemTotal:        1844596 kB
MemFree:         1491360 kB
MemAvailable:    1531240 kB
Buffers:           25516 kB
Cached:           146152 kB
MemTotal:        1844596 kB
MemFree:         1490800 kB
MemAvailable:    1530848 kB
Buffers:           25516 kB
Cached:           146400 kB
MemTotal:        1844596 kB
MemFree:         1490468 kB
MemAvailable:    1530684 kB
Buffers:           25516 kB
Cached:           146524 kB
MemTotal:        1844596 kB
MemFree:         1490552 kB
MemAvailable:    1530768 kB
Buffers:           25516 kB
Cached:           146524 kB
MemTotal:        1844596 kB
MemFree:         1490172 kB
MemAvailable:    1530556 kB
Buffers:           25516 kB
Cached:           146648 kB
MemTotal:        1844596 kB
MemFree:         1490424 kB
MemAvailable:    1530808 kB
Buffers:           25516 kB
Cached:           146648 kB
MemTotal:        1844596 kB
MemFree:         1490064 kB
MemAvailable:    1530532 kB
Buffers:           25516 kB
Cached:           146648 kB
MemTotal:        1844596 kB
MemFree:         1490160 kB
MemAvailable:    1530628 kB
Buffers:           25516 kB
Cached:           146772 kB
MemTotal:        1844596 kB
MemFree:         1490300 kB
MemAvailable:    1530768 kB
Buffers:           25516 kB
Cached:           146772 kB
MemTotal:        1844596 kB
MemFree:         1490084 kB
MemAvailable:    1530552 kB
Buffers:           25516 kB
Cached:           146772 kB
MemTotal:        1844596 kB
MemFree:         1490168 kB
MemAvailable:    1530636 kB
Buffers:           25516 kB
Cached:           146772 kB
MemTotal:        1844596 kB
MemFree:         1490052 kB
MemAvailable:    1530520 kB
Buffers:           25516 kB
Cached:           146772 kB
MemTotal:        1844596 kB
MemFree:         1489980 kB
MemAvailable:    1530448 kB
Buffers:           25516 kB
Cached:           146772 kB
MemTotal:        1844596 kB
MemFree:         1488804 kB
MemAvailable:    1529272 kB
Buffers:           25516 kB
Cached:           146772 kB
MemTotal:        1844596 kB
MemFree:         1490156 kB
MemAvailable:    1530036 kB
Buffers:           25516 kB
Cached:           146140 kB
MemTotal:        1844596 kB
MemFree:         1560824 kB
MemAvailable:    1600704 kB
Buffers:           25516 kB
Cached:           146140 kB
