MemTotal:        1844596 kB
MemFree:         1201464 kB
MemAvailable:    1543332 kB
Buffers:           60820 kB
Cached:           396960 kB
MemTotal:        1844596 kB
MemFree:         1199100 kB
MemAvailable:    1540968 kB
Buffers:           60820 kB
Cached:           396960 kB
MemTotal:        1844596 kB
MemFree:         1198316 kB
MemAvailable:    1540184 kB
Buffers:           60820 kB
Cached:           396960 kB
MemTotal:        1844596 kB
MemFree:         1198104 kB
MemAvailable:    1539972 kB
Buffers:           60820 kB
Cached:           396960 kB
MemTotal:        1844596 kB
MemFree:         1196636 kB
MemAvailable:    1538504 kB
Buffers:           60820 kB
Cached:           396960 kB
MemTotal:        1844596 kB
MemFree:         1195264 kB
MemAvailable:    1537132 kB
Buffers:           60820 kB
Cached:           396960 kB
MemTotal:        1844596 kB
MemFree:         1195248 kB
MemAvailable:    1537116 kB
Buffers:           60820 kB
Cached:           396960 kB
MemTotal:        1844596 kB
MemFree:         1192792 kB
MemAvailable:    1534660 kB
Buffers:           60820 kB
Cached:           396960 kB
MemTotal:        1844596 kB
MemFree:         1191844 kB
MemAvailable:    1533712 kB
Buffers:           60820 kB
Cached:           396960 kB
MemTotal:        1844596 kB
MemFree:         1189380 kB
MemAvailable:    1531124 kB
Buffers:           60820 kB
Cached:           396960 kB
MemTotal:        1844596 kB
MemFree:         1184112 kB
MemAvailable:    1525980 kB
Buffers:           60820 kB
Cached:           396960 kB
MemTotal:        1844596 kB
MemFree:         1185556 kB
MemAvailable:    1527424 kB
Buffers:           60820 kB
Cached:           396960 kB
MemTotal:        1844596 kB
MemFree:         1186528 kB
MemAvailable:    1528396 kB
Buffers:           60820 kB
Cached:           396960 kB
MemTotal:        1844596 kB
MemFree:         1185972 kB
MemAvailable:    1527840 kB
Buffers:           60820 kB
Cached:           396960 kB
MemTotal:        1844596 kB
MemFree:         1186816 kB
MemAvailable:    1528684 kB
Buffers:           60820 kB
Cached:           396960 kB
MemTotal:        1844596 kB
MemFree:         1186336 kB
MemAvailable:    1528204 kB
Buffers:           60820 kB
Cached:           396960 kB
MemTotal:        1844596 kB
MemFree:         1186444 kB
MemAvailable:    1528312 kB
Buffers:           60820 kB
Cached:           396960 kB
MemTotal:        1844596 kB
MemFree:         1185908 kB
MemAvailable:    1527776 kB
Buffers:           60820 kB
Cached:           396960 kB
MemTotal:        1844596 kB
MemFree:         1185164 kB
MemAvailable:    1527032 kB
Buffers:           60820 kB
Cached:           396960 kB
MemTotal:        1844596 kB
MemFree:         1183368 kB
MemAvailable:    1525236 kB
Buffers:           60820 kB
Cached:           396960 kB
MemTotal:        1844596 kB
MemFree:         1184164 kB
MemAvailable:    1526032 kB
Buffers:           60820 kB
Cached:           396960 kB
MemTotal:        1844596 kB
MemFree:         1183120 kB
MemAvailable:    1524988 kB
Buffers:           60820 kB
Cached:           396960 kB
MemTotal:        1844596 kB
MemFree:         1182996 kB
MemAvailable:    1524868 kB
Buffers:           60820 kB
Cached:           396964 kB
MemTotal:        1844596 kB
MemFree:         1183120 kB
MemAvailable:    1524992 kB
Buffers:           60820 kB
Cached:           396964 kB
MemTotal:        1844596 kB
MemFree:         1182872 kB
MemAvailable:    1524744 kB
Buffers:           60820 kB
Cached:           396964 kB
MemTotal:        1844596 kB
MemFree:         1184172 kB
MemAvailable:    1526044 kB
Buffers:           60820 kB
Cached:           396964 kB
MemTotal:        1844596 kB
MemFree:         1183120 kB
MemAvailable:    1524992 kB
Buffers:           60820 kB
Cached:           396964 kB
MemTotal:        1844596 kB
MemFree:         1184100 kB
MemAvailable:    1525972 kB
Buffers:           60820 kB
Cached:           396964 kB
MemTotal:        1844596 kB
MemFree:         1184048 kB
MemAvailable:    1525920 kB
Buffers:           60820 kB
Cached:           396964 kB
MemTotal:        1844596 kB
MemFree:         1183368 kB
MemAvailable:    1525240 kB
Buffers:           60820 kB
Cached:           396964 kB
MemTotal:        1844596 kB
MemFree:         1185380 kB
MemAvailable:    1527252 kB
Buffers:           60820 kB
Cached:           396964 kB
MemTotal:        1844596 kB
MemFree:         1185552 kB
MemAvailable:    1527424 kB
Buffers:           60820 kB
Cached:           396964 kB
MemTotal:        1844596 kB
MemFree:         1183368 kB
MemAvailable:    1525240 kB
Buffers:           60820 kB
Cached:           396964 kB
MemTotal:        1844596 kB
MemFree:         1181136 kB
MemAvailable:    1523008 kB
Buffers:           60820 kB
Cached:           396964 kB
MemTotal:        1844596 kB
MemFree:         1181692 kB
MemAvailable:    1523564 kB
Buffers:           60820 kB
Cached:           396964 kB
MemTotal:        1844596 kB
MemFree:         1180880 kB
MemAvailable:    1522752 kB
Buffers:           60820 kB
Cached:           396964 kB
MemTotal:        1844596 kB
MemFree:         1181012 kB
MemAvailable:    1522884 kB
Buffers:           60820 kB
Cached:           396964 kB
MemTotal:        1844596 kB
MemFree:         1180880 kB
MemAvailable:    1522752 kB
Buffers:           60820 kB
Cached:           396964 kB
MemTotal:        1844596 kB
MemFree:         1179020 kB
MemAvailable:    1520892 kB
Buffers:           60820 kB
Cached:           396964 kB
MemTotal:        1844596 kB
MemFree:         1180072 kB
MemAvailable:    1521944 kB
Buffers:           60820 kB
Cached:           396964 kB
MemTotal:        1844596 kB
MemFree:         1178904 kB
MemAvailable:    1520776 kB
Buffers:           60820 kB
Cached:           396964 kB
MemTotal:        1844596 kB
MemFree:         1179916 kB
MemAvailable:    1521788 kB
Buffers:           60820 kB
Cached:           396964 kB
MemTotal:        1844596 kB
MemFree:         1179888 kB
MemAvailable:    1521760 kB
Buffers:           60820 kB
Cached:           396964 kB
MemTotal:        1844596 kB
MemFree:         1179892 kB
MemAvailable:    1521764 kB
Buffers:           60820 kB
Cached:           396964 kB
MemTotal:        1844596 kB
MemFree:         1178752 kB
MemAvailable:    1520624 kB
Buffers:           60820 kB
Cached:           396964 kB
MemTotal:        1844596 kB
MemFree:         1179924 kB
MemAvailable:    1521796 kB
Buffers:           60820 kB
Cached:           396964 kB
MemTotal:        1844596 kB
MemFree:         1179896 kB
MemAvailable:    1521768 kB
Buffers:           60820 kB
Cached:           396964 kB
MemTotal:        1844596 kB
MemFree:         1178400 kB
MemAvailable:    1520272 kB
Buffers:           60820 kB
Cached:           396964 kB
MemTotal:        1844596 kB
MemFree:         1178152 kB
MemAvailable:    1520024 kB
Buffers:           60820 kB
Cached:           396964 kB
MemTotal:        1844596 kB
MemFree:         1177780 kB
MemAvailable:    1519652 kB
Buffers:           60820 kB
Cached:           396964 kB
MemTotal:        1844596 kB
MemFree:         1177648 kB
MemAvailable:    1519520 kB
Buffers:           60820 kB
Cached:           396964 kB
MemTotal:        1844596 kB
MemFree:         1178408 kB
MemAvailable:    1520280 kB
Buffers:           60820 kB
Cached:           396964 kB
MemTotal:        1844596 kB
MemFree:         1178908 kB
MemAvailable:    1520780 kB
Buffers:           60820 kB
Cached:           396964 kB
MemTotal:        1844596 kB
MemFree:         1177724 kB
MemAvailable:    1519596 kB
Buffers:           60820 kB
Cached:           396964 kB
MemTotal:        1844596 kB
MemFree:         1178776 kB
MemAvailable:    1520648 kB
Buffers:           60820 kB
Cached:           396964 kB
MemTotal:        1844596 kB
MemFree:         1178716 kB
MemAvailable:    1520588 kB
Buffers:           60820 kB
Cached:           396964 kB
MemTotal:        1844596 kB
MemFree:         1177600 kB
MemAvailable:    1519472 kB
Buffers:           60820 kB
Cached:           396964 kB
MemTotal:        1844596 kB
MemFree:         1177636 kB
MemAvailable:    1519508 kB
Buffers:           60820 kB
Cached:           396964 kB
MemTotal:        1844596 kB
MemFree:         1177636 kB
MemAvailable:    1519508 kB
Buffers:           60820 kB
Cached:           396964 kB
MemTotal:        1844596 kB
MemFree:         1177504 kB
MemAvailable:    1519376 kB
Buffers:           60820 kB
Cached:           396964 kB
MemTotal:        1844596 kB
MemFree:         1178516 kB
MemAvailable:    1520388 kB
Buffers:           60820 kB
Cached:           396964 kB
MemTotal:        1844596 kB
MemFree:         1178284 kB
MemAvailable:    1520156 kB
Buffers:           60820 kB
Cached:           396964 kB
MemTotal:        1844596 kB
MemFree:         1178412 kB
MemAvailable:    1520284 kB
Buffers:           60820 kB
Cached:           396964 kB
MemTotal:        1844596 kB
MemFree:         1178220 kB
MemAvailable:    1520092 kB
Buffers:           60820 kB
Cached:           396964 kB
MemTotal:        1844596 kB
MemFree:         1178204 kB
MemAvailable:    1520076 kB
Buffers:           60820 kB
Cached:           396964 kB
MemTotal:        1844596 kB
MemFree:         1177816 kB
MemAvailable:    1519688 kB
Buffers:           60820 kB
Cached:           396964 kB
MemTotal:        1844596 kB
MemFree:         1177816 kB
MemAvailable:    1519688 kB
Buffers:           60820 kB
Cached:           396964 kB
MemTotal:        1844596 kB
MemFree:         1176756 kB
MemAvailable:    1518628 kB
Buffers:           60820 kB
Cached:           396964 kB
MemTotal:        1844596 kB
MemFree:         1177932 kB
MemAvailable:    1519804 kB
Buffers:           60820 kB
Cached:           396964 kB
MemTotal:        1844596 kB
MemFree:         1177292 kB
MemAvailable:    1519164 kB
Buffers:           60820 kB
Cached:           396964 kB
MemTotal:        1844596 kB
MemFree:         1177960 kB
MemAvailable:    1519832 kB
Buffers:           60820 kB
Cached:           396964 kB
MemTotal:        1844596 kB
MemFree:         1176860 kB
MemAvailable:    1518732 kB
Buffers:           60820 kB
Cached:           396964 kB
MemTotal:        1844596 kB
MemFree:         1177780 kB
MemAvailable:    1519652 kB
Buffers:           60820 kB
Cached:           396964 kB
MemTotal:        1844596 kB
MemFree:         1176604 kB
MemAvailable:    1518476 kB
Buffers:           60820 kB
Cached:           396964 kB
MemTotal:        1844596 kB
MemFree:         1178156 kB
MemAvailable:    1520028 kB
Buffers:           60820 kB
Cached:           396964 kB
MemTotal:        1844596 kB
MemFree:         1175864 kB
MemAvailable:    1517736 kB
Buffers:           60820 kB
Cached:           396964 kB
MemTotal:        1844596 kB
MemFree:         1173632 kB
MemAvailable:    1515504 kB
Buffers:           60820 kB
Cached:           396964 kB
MemTotal:        1844596 kB
MemFree:         1171712 kB
MemAvailable:    1513584 kB
Buffers:           60820 kB
Cached:           396964 kB
MemTotal:        1844596 kB
MemFree:         1170908 kB
MemAvailable:    1512784 kB
Buffers:           60820 kB
Cached:           396968 kB
MemTotal:        1844596 kB
MemFree:         1169224 kB
MemAvailable:    1511100 kB
Buffers:           60820 kB
Cached:           396968 kB
MemTotal:        1844596 kB
MemFree:         1170284 kB
MemAvailable:    1512160 kB
Buffers:           60820 kB
Cached:           396968 kB
MemTotal:        1844596 kB
MemFree:         1168976 kB
MemAvailable:    1510852 kB
Buffers:           60820 kB
Cached:           396968 kB
MemTotal:        1844596 kB
MemFree:         1168844 kB
MemAvailable:    1510720 kB
Buffers:           60820 kB
Cached:           396968 kB
MemTotal:        1844596 kB
MemFree:         1170104 kB
MemAvailable:    1511980 kB
Buffers:           60820 kB
Cached:           396968 kB
MemTotal:        1844596 kB
MemFree:         1169472 kB
MemAvailable:    1511348 kB
Buffers:           60820 kB
Cached:           396968 kB
MemTotal:        1844596 kB
MemFree:         1168840 kB
MemAvailable:    1510716 kB
Buffers:           60820 kB
Cached:           396968 kB
MemTotal:        1844596 kB
MemFree:         1170016 kB
MemAvailable:    1511892 kB
Buffers:           60820 kB
Cached:           396968 kB
MemTotal:        1844596 kB
MemFree:         1168708 kB
MemAvailable:    1510584 kB
Buffers:           60820 kB
Cached:           396968 kB
MemTotal:        1844596 kB
MemFree:         1169884 kB
MemAvailable:    1511760 kB
Buffers:           60820 kB
Cached:           396968 kB
MemTotal:        1844596 kB
MemFree:         1169884 kB
MemAvailable:    1511760 kB
Buffers:           60820 kB
Cached:           396968 kB
MemTotal:        1844596 kB
MemFree:         1169764 kB
MemAvailable:    1511640 kB
Buffers:           60820 kB
Cached:           396968 kB
MemTotal:        1844596 kB
MemFree:         1169292 kB
MemAvailable:    1511168 kB
Buffers:           60820 kB
Cached:           396968 kB
MemTotal:        1844596 kB
MemFree:         1170128 kB
MemAvailable:    1512004 kB
Buffers:           60820 kB
Cached:           396968 kB
MemTotal:        1844596 kB
MemFree:         1168660 kB
MemAvailable:    1510536 kB
Buffers:           60820 kB
Cached:           396968 kB
MemTotal:        1844596 kB
MemFree:         1169664 kB
MemAvailable:    1511540 kB
Buffers:           60820 kB
Cached:           396968 kB
MemTotal:        1844596 kB
MemFree:         1169408 kB
MemAvailable:    1511288 kB
Buffers:           60820 kB
Cached:           396972 kB
MemTotal:        1844596 kB
MemFree:         1169224 kB
MemAvailable:    1511104 kB
Buffers:           60820 kB
Cached:           396972 kB
MemTotal:        1844596 kB
MemFree:         1168716 kB
MemAvailable:    1510596 kB
Buffers:           60820 kB
Cached:           396972 kB
MemTotal:        1844596 kB
MemFree:         1168604 kB
MemAvailable:    1510488 kB
Buffers:           60820 kB
Cached:           396976 kB
MemTotal:        1844596 kB
MemFree:         1168356 kB
MemAvailable:    1510240 kB
Buffers:           60820 kB
Cached:           396976 kB
MemTotal:        1844596 kB
MemFree:         1166876 kB
MemAvailable:    1508760 kB
Buffers:           60820 kB
Cached:           396976 kB
MemTotal:        1844596 kB
MemFree:         1166372 kB
MemAvailable:    1508256 kB
Buffers:           60820 kB
Cached:           396976 kB
MemTotal:        1844596 kB
MemFree:         1166132 kB
MemAvailable:    1508016 kB
Buffers:           60820 kB
Cached:           396976 kB
MemTotal:        1844596 kB
MemFree:         1166628 kB
MemAvailable:    1508512 kB
Buffers:           60820 kB
Cached:           396976 kB
MemTotal:        1844596 kB
MemFree:         1165512 kB
MemAvailable:    1507396 kB
Buffers:           60820 kB
Cached:           396976 kB
MemTotal:        1844596 kB
MemFree:         1166448 kB
MemAvailable:    1508332 kB
Buffers:           60820 kB
Cached:           396976 kB
MemTotal:        1844596 kB
MemFree:         1166616 kB
MemAvailable:    1508500 kB
Buffers:           60820 kB
Cached:           396976 kB
MemTotal:        1844596 kB
MemFree:         1165124 kB
MemAvailable:    1507008 kB
Buffers:           60820 kB
Cached:           396976 kB
MemTotal:        1844596 kB
MemFree:         1166216 kB
MemAvailable:    1508100 kB
Buffers:           60820 kB
Cached:           396976 kB
MemTotal:        1844596 kB
MemFree:         1166216 kB
MemAvailable:    1508100 kB
Buffers:           60820 kB
Cached:           396976 kB
MemTotal:        1844596 kB
MemFree:         1166300 kB
MemAvailable:    1508184 kB
Buffers:           60820 kB
Cached:           396976 kB
MemTotal:        1844596 kB
MemFree:         1166168 kB
MemAvailable:    1508052 kB
Buffers:           60820 kB
Cached:           396976 kB
MemTotal:        1844596 kB
MemFree:         1165140 kB
MemAvailable:    1507024 kB
Buffers:           60820 kB
Cached:           396976 kB
MemTotal:        1844596 kB
MemFree:         1165932 kB
MemAvailable:    1507816 kB
Buffers:           60820 kB
Cached:           396976 kB
MemTotal:        1844596 kB
MemFree:         1166184 kB
MemAvailable:    1508068 kB
Buffers:           60820 kB
Cached:           396976 kB
MemTotal:        1844596 kB
MemFree:         1165612 kB
MemAvailable:    1507496 kB
Buffers:           60820 kB
Cached:           396976 kB
MemTotal:        1844596 kB
MemFree:         1165948 kB
MemAvailable:    1507832 kB
Buffers:           60820 kB
Cached:           396976 kB
MemTotal:        1844596 kB
MemFree:         1165248 kB
MemAvailable:    1507132 kB
Buffers:           60820 kB
Cached:           396976 kB
MemTotal:        1844596 kB
MemFree:         1165248 kB
MemAvailable:    1507132 kB
Buffers:           60820 kB
Cached:           396976 kB
MemTotal:        1844596 kB
MemFree:         1156892 kB
MemAvailable:    1498776 kB
Buffers:           60820 kB
Cached:           396976 kB
MemTotal:        1844596 kB
MemFree:         1156652 kB
MemAvailable:    1498536 kB
Buffers:           60820 kB
Cached:           396976 kB
MemTotal:        1844596 kB
MemFree:         1155336 kB
MemAvailable:    1497220 kB
Buffers:           60820 kB
Cached:           396976 kB
MemTotal:        1844596 kB
MemFree:         1156512 kB
MemAvailable:    1498396 kB
Buffers:           60820 kB
Cached:           396976 kB
MemTotal:        1844596 kB
MemFree:         1156764 kB
MemAvailable:    1498648 kB
Buffers:           60820 kB
Cached:           396976 kB
MemTotal:        1844596 kB
MemFree:         1156632 kB
MemAvailable:    1498516 kB
Buffers:           60820 kB
Cached:           396976 kB
MemTotal:        1844596 kB
MemFree:         1156884 kB
MemAvailable:    1498768 kB
Buffers:           60820 kB
Cached:           396976 kB
MemTotal:        1844596 kB
MemFree:         1157412 kB
MemAvailable:    1499296 kB
Buffers:           60820 kB
Cached:           396976 kB
MemTotal:        1844596 kB
MemFree:         1158628 kB
MemAvailable:    1500512 kB
Buffers:           60820 kB
Cached:           396976 kB
MemTotal:        1844596 kB
MemFree:         1158520 kB
MemAvailable:    1500488 kB
Buffers:           60820 kB
Cached:           397100 kB
MemTotal:        1844596 kB
MemFree:         1158408 kB
MemAvailable:    1500544 kB
Buffers:           60820 kB
Cached:           397224 kB
MemTotal:        1844596 kB
MemFree:         1158408 kB
MemAvailable:    1500544 kB
Buffers:           60820 kB
Cached:           397224 kB
MemTotal:        1844596 kB
MemFree:         1158232 kB
MemAvailable:    1500452 kB
Buffers:           60820 kB
Cached:           397348 kB
MemTotal:        1844596 kB
MemFree:         1158092 kB
MemAvailable:    1500396 kB
Buffers:           60820 kB
Cached:           397472 kB
MemTotal:        1844596 kB
MemFree:         1156792 kB
MemAvailable:    1499264 kB
Buffers:           60820 kB
Cached:           397596 kB
MemTotal:        1844596 kB
MemFree:         1156528 kB
MemAvailable:    1499000 kB
Buffers:           60820 kB
Cached:           397596 kB
MemTotal:        1844596 kB
MemFree:         1156572 kB
MemAvailable:    1499044 kB
Buffers:           60820 kB
Cached:           397596 kB
MemTotal:        1844596 kB
MemFree:         1156656 kB
MemAvailable:    1499128 kB
Buffers:           60820 kB
Cached:           397596 kB
MemTotal:        1844596 kB
MemFree:         1157956 kB
MemAvailable:    1500428 kB
Buffers:           60820 kB
Cached:           397596 kB
MemTotal:        1844596 kB
MemFree:         1156956 kB
MemAvailable:    1499428 kB
Buffers:           60820 kB
Cached:           397596 kB
MemTotal:        1844596 kB
MemFree:         1157924 kB
MemAvailable:    1500396 kB
Buffers:           60820 kB
Cached:           397596 kB
MemTotal:        1844596 kB
MemFree:         1157924 kB
MemAvailable:    1500396 kB
Buffers:           60820 kB
Cached:           397596 kB
MemTotal:        1844596 kB
MemFree:         1157800 kB
MemAvailable:    1500356 kB
Buffers:           60820 kB
Cached:           397720 kB
MemTotal:        1844596 kB
MemFree:         1158052 kB
MemAvailable:    1500608 kB
Buffers:           60820 kB
Cached:           397720 kB
MemTotal:        1844596 kB
MemFree:         1158456 kB
MemAvailable:    1500340 kB
Buffers:           60820 kB
Cached:           397088 kB
MemTotal:        1844596 kB
MemFree:         1225392 kB
MemAvailable:    1567276 kB
Buffers:           60820 kB
Cached:           397088 kB
