MemTotal:        1844596 kB
MemFree:         1189104 kB
MemAvailable:    1540680 kB
Buffers:           61668 kB
Cached:           404936 kB
MemTotal:        1844596 kB
MemFree:         1189908 kB
MemAvailable:    1541484 kB
Buffers:           61668 kB
Cached:           404936 kB
MemTotal:        1844596 kB
MemFree:         1187800 kB
MemAvailable:    1539376 kB
Buffers:           61668 kB
Cached:           404936 kB
MemTotal:        1844596 kB
MemFree:         1186616 kB
MemAvailable:    1538192 kB
Buffers:           61668 kB
Cached:           404936 kB
MemTotal:        1844596 kB
MemFree:         1186236 kB
MemAvailable:    1537812 kB
Buffers:           61668 kB
Cached:           404936 kB
MemTotal:        1844596 kB
MemFree:         1186236 kB
MemAvailable:    1537812 kB
Buffers:           61668 kB
Cached:           404936 kB
MemTotal:        1844596 kB
MemFree:         1183640 kB
MemAvailable:    1535216 kB
Buffers:           61668 kB
Cached:           404936 kB
MemTotal:        1844596 kB
MemFree:         1183648 kB
MemAvailable:    1535224 kB
Buffers:           61668 kB
Cached:           404936 kB
MemTotal:        1844596 kB
MemFree:         1179300 kB
MemAvailable:    1530876 kB
Buffers:           61668 kB
Cached:           404936 kB
MemTotal:        1844596 kB
MemFree:         1175192 kB
MemAvailable:    1526768 kB
Buffers:           61668 kB
Cached:           404936 kB
MemTotal:        1844596 kB
MemFree:         1175084 kB
MemAvailable:    1526660 kB
Buffers:           61668 kB
Cached:           404936 kB
MemTotal:        1844596 kB
MemFree:         1176060 kB
MemAvailable:    1527636 kB
Buffers:           61668 kB
Cached:           404936 kB
MemTotal:        1844596 kB
MemFree:         1176400 kB
MemAvailable:    1527976 kB
Buffers:           61668 kB
Cached:           404936 kB
MemTotal:        1844596 kB
MemFree:         1176396 kB
MemAvailable:    1527972 kB
Buffers:           61668 kB
Cached:           404936 kB
MemTotal:        1844596 kB
MemFree:         1176320 kB
MemAvailable:    1527896 kB
Buffers:           61668 kB
Cached:           404936 kB
MemTotal:        1844596 kB
MemFree:         1174936 kB
MemAvailable:    1526512 kB
Buffers:           61668 kB
Cached:           404936 kB
MemTotal:        1844596 kB
MemFree:         1175412 kB
MemAvailable:    1526988 kB
Buffers:           61668 kB
Cached:           404936 kB
MemTotal:        1844596 kB
MemFree:         1175648 kB
MemAvailable:    1527224 kB
Buffers:           61668 kB
Cached:           404936 kB
MemTotal:        1844596 kB
MemFree:         1174904 kB
MemAvailable:    1526480 kB
Buffers:           61668 kB
Cached:           404936 kB
MemTotal:        1844596 kB
MemFree:         1174160 kB
MemAvailable:    1525736 kB
Buffers:           61668 kB
Cached:           404936 kB
MemTotal:        1844596 kB
MemFree:         1172860 kB
MemAvailable:    1524436 kB
Buffers:           61668 kB
Cached:           404936 kB
MemTotal:        1844596 kB
MemFree:         1172424 kB
MemAvailable:    1524000 kB
Buffers:           61668 kB
Cached:           404936 kB
MemTotal:        1844596 kB
MemFree:         1173916 kB
MemAvailable:    1525492 kB
Buffers:           61668 kB
Cached:           404936 kB
MemTotal:        1844596 kB
MemFree:         1172340 kB
MemAvailable:    1523916 kB
Buffers:           61668 kB
Cached:           404936 kB
MemTotal:        1844596 kB
MemFree:         1172472 kB
MemAvailable:    1524048 kB
Buffers:           61668 kB
Cached:           404936 kB
MemTotal:        1844596 kB
MemFree:         1173772 kB
MemAvailable:    1525348 kB
Buffers:           61668 kB
Cached:           404936 kB
MemTotal:        1844596 kB
MemFree:         1172984 kB
MemAvailable:    1524560 kB
Buffers:           61668 kB
Cached:           404936 kB
MemTotal:        1844596 kB
MemFree:         1172596 kB
MemAvailable:    1524172 kB
Buffers:           61668 kB
Cached:           404936 kB
MemTotal:        1844596 kB
MemFree:         1172428 kB
MemAvailable:    1524004 kB
Buffers:           61668 kB
Cached:           404936 kB
MemTotal:        1844596 kB
MemFree:         1173904 kB
MemAvailable:    1525480 kB
Buffers:           61668 kB
Cached:           404936 kB
MemTotal:        1844596 kB
MemFree:         1175116 kB
MemAvailable:    1526692 kB
Buffers:           61668 kB
Cached:           404936 kB
MemTotal:        1844596 kB
MemFree:         1173976 kB
MemAvailable:    1525552 kB
Buffers:           61668 kB
Cached:           404936 kB
MemTotal:        1844596 kB
MemFree:         1172216 kB
MemAvailable:    1523792 kB
Buffers:           61668 kB
Cached:           404936 kB
MemTotal:        1844596 kB
MemFree:         1172344 kB
MemAvailable:    1523920 kB
Buffers:           61668 kB
Cached:           404936 kB
MemTotal:        1844596 kB
MemFree:         1170380 kB
MemAvailable:    1521956 kB
Buffers:           61668 kB
Cached:           404936 kB
MemTotal:        1844596 kB
MemFree:         1171000 kB
MemAvailable:    1522576 kB
Buffers:           61668 kB
Cached:           404936 kB
MemTotal:        1844596 kB
MemFree:         1170488 kB
MemAvailable:    1522064 kB
Buffers:           61668 kB
Cached:           404936 kB
MemTotal:        1844596 kB
MemFree:         1170256 kB
MemAvailable:    1521832 kB
Buffers:           61668 kB
Cached:           404936 kB
MemTotal:        1844596 kB
MemFree:         1169620 kB
MemAvailable:    1521196 kB
Buffers:           61668 kB
Cached:           404936 kB
MemTotal:        1844596 kB
MemFree:         1168396 kB
MemAvailable:    1519972 kB
Buffers:           61668 kB
Cached:           404936 kB
MemTotal:        1844596 kB
MemFree:         1169736 kB
MemAvailable:    1521320 kB
Buffers:           61668 kB
Cached:           404944 kB
MemTotal:        1844596 kB
MemFree:         1169820 kB
MemAvailable:    1521404 kB
Buffers:           61668 kB
Cached:           404944 kB
MemTotal:        1844596 kB
MemFree:         1168248 kB
MemAvailable:    1519832 kB
Buffers:           61668 kB
Cached:           404944 kB
MemTotal:        1844596 kB
MemFree:         1168372 kB
MemAvailable:    1519956 kB
Buffers:           61668 kB
Cached:           404944 kB
MemTotal:        1844596 kB
MemFree:         1168200 kB
MemAvailable:    1519784 kB
Buffers:           61668 kB
Cached:           404944 kB
MemTotal:        1844596 kB
MemFree:         1169416 kB
MemAvailable:    1521000 kB
Buffers:           61668 kB
Cached:           404944 kB
MemTotal:        1844596 kB
MemFree:         1169416 kB
MemAvailable:    1521000 kB
Buffers:           61668 kB
Cached:           404944 kB
MemTotal:        1844596 kB
MemFree:         1169160 kB
MemAvailable:    1520744 kB
Buffers:           61668 kB
Cached:           404944 kB
MemTotal:        1844596 kB
MemFree:         1169108 kB
MemAvailable:    1520692 kB
Buffers:           61668 kB
Cached:           404944 kB
MemTotal:        1844596 kB
MemFree:         1168524 kB
MemAvailable:    1520108 kB
Buffers:           61668 kB
Cached:           404944 kB
MemTotal:        1844596 kB
MemFree:         1168524 kB
MemAvailable:    1520108 kB
Buffers:           61668 kB
Cached:           404944 kB
MemTotal:        1844596 kB
MemFree:         1168796 kB
MemAvailable:    1520380 kB
Buffers:           61668 kB
Cached:           404944 kB
MemTotal:        1844596 kB
MemFree:         1168016 kB
MemAvailable:    1519600 kB
Buffers:           61668 kB
Cached:           404944 kB
MemTotal:        1844596 kB
MemFree:         1168352 kB
MemAvailable:    1519936 kB
Buffers:           61668 kB
Cached:           404944 kB
MemTotal:        1844596 kB
MemFree:         1168688 kB
MemAvailable:    1520272 kB
Buffers:           61668 kB
Cached:           404944 kB
MemTotal:        1844596 kB
MemFree:         1167372 kB
MemAvailable:    1518956 kB
Buffers:           61668 kB
Cached:           404944 kB
MemTotal:        1844596 kB
MemFree:         1167900 kB
MemAvailable:    1519484 kB
Buffers:           61668 kB
Cached:           404944 kB
MemTotal:        1844596 kB
MemFree:         1168952 kB
MemAvailable:    1520536 kB
Buffers:           61668 kB
Cached:           404944 kB
MemTotal:        1844596 kB
MemFree:         1168620 kB
MemAvailable:    1520204 kB
Buffers:           61668 kB
Cached:           404944 kB
MemTotal:        1844596 kB
MemFree:         1168620 kB
MemAvailable:    1520204 kB
Buffers:           61668 kB
Cached:           404944 kB
MemTotal:        1844596 kB
MemFree:         1168392 kB
MemAvailable:    1519976 kB
Buffers:           61668 kB
Cached:           404944 kB
MemTotal:        1844596 kB
MemFree:         1167652 kB
MemAvailable:    1519236 kB
Buffers:           61668 kB
Cached:           404944 kB
MemTotal:        1844596 kB
MemFree:         1167828 kB
MemAvailable:    1519412 kB
Buffers:           61668 kB
Cached:           404944 kB
MemTotal:        1844596 kB
MemFree:         1168164 kB
MemAvailable:    1519748 kB
Buffers:           61668 kB
Cached:           404944 kB
MemTotal:        1844596 kB
MemFree:         1168076 kB
MemAvailable:    1519660 kB
Buffers:           61668 kB
Cached:           404944 kB
MemTotal:        1844596 kB
MemFree:         1166908 kB
MemAvailable:    1518492 kB
Buffers:           61668 kB
Cached:           404944 kB
MemTotal:        1844596 kB
MemFree:         1167616 kB
MemAvailable:    1519200 kB
Buffers:           61668 kB
Cached:           404944 kB
MemTotal:        1844596 kB
MemFree:         1167868 kB
MemAvailable:    1519452 kB
Buffers:           61668 kB
Cached:           404944 kB
MemTotal:        1844596 kB
MemFree:         1166476 kB
MemAvailable:    1518060 kB
Buffers:           61668 kB
Cached:           404944 kB
MemTotal:        1844596 kB
MemFree:         1167700 kB
MemAvailable:    1519284 kB
Buffers:           61668 kB
Cached:           404944 kB
MemTotal:        1844596 kB
MemFree:         1166212 kB
MemAvailable:    1517796 kB
Buffers:           61668 kB
Cached:           404944 kB
MemTotal:        1844596 kB
MemFree:         1167688 kB
MemAvailable:    1519272 kB
Buffers:           61668 kB
Cached:           404944 kB
MemTotal:        1844596 kB
MemFree:         1167580 kB
MemAvailable:    1519164 kB
Buffers:           61668 kB
Cached:           404944 kB
MemTotal:        1844596 kB
MemFree:         1167552 kB
MemAvailable:    1519136 kB
Buffers:           61668 kB
Cached:           404944 kB
MemTotal:        1844596 kB
MemFree:         1166644 kB
MemAvailable:    1518228 kB
Buffers:           61668 kB
Cached:           404944 kB
MemTotal:        1844596 kB
MemFree:         1166732 kB
MemAvailable:    1518316 kB
Buffers:           61668 kB
Cached:           404944 kB
MemTotal:        1844596 kB
MemFree:         1164056 kB
MemAvailable:    1515640 kB
Buffers:           61668 kB
Cached:           404944 kB
MemTotal:        1844596 kB
MemFree:         1161948 kB
MemAvailable:    1513532 kB
Buffers:           61668 kB
Cached:           404944 kB
MemTotal:        1844596 kB
MemFree:         1159468 kB
MemAvailable:    1511052 kB
Buffers:           61668 kB
Cached:           404944 kB
MemTotal:        1844596 kB
MemFree:         1159164 kB
MemAvailable:    1510748 kB
Buffers:           61668 kB
Cached:           404944 kB
MemTotal:        1844596 kB
MemFree:         1159964 kB
MemAvailable:    1511548 kB
Buffers:           61668 kB
Cached:           404944 kB
MemTotal:        1844596 kB
MemFree:         1159700 kB
MemAvailable:    1511284 kB
Buffers:           61668 kB
Cached:           404944 kB
MemTotal:        1844596 kB
MemFree:         1159700 kB
MemAvailable:    1511284 kB
Buffers:           61668 kB
Cached:           404944 kB
MemTotal:        1844596 kB
MemFree:         1159436 kB
MemAvailable:    1511020 kB
Buffers:           61668 kB
Cached:           404944 kB
MemTotal:        1844596 kB
MemFree:         1159772 kB
MemAvailable:    1511356 kB
Buffers:           61668 kB
Cached:           404944 kB
MemTotal:        1844596 kB
MemFree:         1159564 kB
MemAvailable:    1511148 kB
Buffers:           61668 kB
Cached:           404944 kB
MemTotal:        1844596 kB
MemFree:         1159648 kB
MemAvailable:    1511232 kB
Buffers:           61668 kB
Cached:           404944 kB
MemTotal:        1844596 kB
MemFree:         1158152 kB
MemAvailable:    1509736 kB
Buffers:           61668 kB
Cached:           404944 kB
MemTotal:        1844596 kB
MemFree:         1158196 kB
MemAvailable:    1509780 kB
Buffers:           61668 kB
Cached:           404944 kB
MemTotal:        1844596 kB
MemFree:         1158088 kB
MemAvailable:    1509672 kB
Buffers:           61668 kB
Cached:           404944 kB
MemTotal:        1844596 kB
MemFree:         1158304 kB
MemAvailable:    1509888 kB
Buffers:           61668 kB
Cached:           404944 kB
MemTotal:        1844596 kB
MemFree:         1158132 kB
MemAvailable:    1509716 kB
Buffers:           61668 kB
Cached:           404944 kB
MemTotal:        1844596 kB
MemFree:         1158180 kB
MemAvailable:    1509764 kB
Buffers:           61668 kB
Cached:           404944 kB
MemTotal:        1844596 kB
MemFree:         1159568 kB
MemAvailable:    1511152 kB
Buffers:           61668 kB
Cached:           404944 kB
MemTotal:        1844596 kB
MemFree:         1159820 kB
MemAvailable:    1511404 kB
Buffers:           61668 kB
Cached:           404944 kB
MemTotal:        1844596 kB
MemFree:         1159280 kB
MemAvailable:    1510864 kB
Buffers:           61668 kB
Cached:           404944 kB
MemTotal:        1844596 kB
MemFree:         1157592 kB
MemAvailable:    1509176 kB
Buffers:           61668 kB
Cached:           404944 kB
MemTotal:        1844596 kB
MemFree:         1157056 kB
MemAvailable:    1508640 kB
Buffers:           61668 kB
Cached:           404944 kB
MemTotal:        1844596 kB
MemFree:         1158356 kB
MemAvailable:    1509940 kB
Buffers:           61668 kB
Cached:           404944 kB
MemTotal:        1844596 kB
MemFree:         1158100 kB
MemAvailable:    1509684 kB
Buffers:           61668 kB
Cached:           404944 kB
MemTotal:        1844596 kB
MemFree:         1157968 kB
MemAvailable:    1509552 kB
Buffers:           61668 kB
Cached:           404944 kB
MemTotal:        1844596 kB
MemFree:         1156988 kB
MemAvailable:    1508572 kB
Buffers:           61668 kB
Cached:           404944 kB
MemTotal:        1844596 kB
MemFree:         1157172 kB
MemAvailable:    1508756 kB
Buffers:           61668 kB
Cached:           404944 kB
MemTotal:        1844596 kB
MemFree:         1155740 kB
MemAvailable:    1507324 kB
Buffers:           61668 kB
Cached:           404944 kB
MemTotal:        1844596 kB
MemFree:         1156856 kB
MemAvailable:    1508440 kB
Buffers:           61668 kB
Cached:           404944 kB
MemTotal:        1844596 kB
MemFree:         1156596 kB
MemAvailable:    1508180 kB
Buffers:           61668 kB
Cached:           404944 kB
MemTotal:        1844596 kB
MemFree:         1156368 kB
MemAvailable:    1507952 kB
Buffers:           61668 kB
Cached:           404944 kB
MemTotal:        1844596 kB
MemFree:         1154996 kB
MemAvailable:    1506580 kB
Buffers:           61668 kB
Cached:           404944 kB
MemTotal:        1844596 kB
MemFree:         1156180 kB
MemAvailable:    1507764 kB
Buffers:           61668 kB
Cached:           404944 kB
MemTotal:        1844596 kB
MemFree:         1155848 kB
MemAvailable:    1507432 kB
Buffers:           61668 kB
Cached:           404944 kB
MemTotal:        1844596 kB
MemFree:         1155848 kB
MemAvailable:    1507432 kB
Buffers:           61668 kB
Cached:           404944 kB
MemTotal:        1844596 kB
MemFree:         1155660 kB
MemAvailable:    1507244 kB
Buffers:           61668 kB
Cached:           404944 kB
MemTotal:        1844596 kB
MemFree:         1155912 kB
MemAvailable:    1507496 kB
Buffers:           61668 kB
Cached:           404944 kB
MemTotal:        1844596 kB
MemFree:         1154436 kB
MemAvailable:    1506020 kB
Buffers:           61668 kB
Cached:           404944 kB
MemTotal:        1844596 kB
MemFree:         1155676 kB
MemAvailable:    1507260 kB
Buffers:           61668 kB
Cached:           404944 kB
MemTotal:        1844596 kB
MemFree:         1154632 kB
MemAvailable:    1506216 kB
Buffers:           61668 kB
Cached:           404944 kB
MemTotal:        1844596 kB
MemFree:         1155568 kB
MemAvailable:    1507156 kB
Buffers:           61668 kB
Cached:           404948 kB
MemTotal:        1844596 kB
MemFree:         1155820 kB
MemAvailable:    1507408 kB
Buffers:           61668 kB
Cached:           404948 kB
MemTotal:        1844596 kB
MemFree:         1154252 kB
MemAvailable:    1505840 kB
Buffers:           61668 kB
Cached:           404948 kB
MemTotal:        1844596 kB
MemFree:         1154112 kB
MemAvailable:    1505700 kB
Buffers:           61668 kB
Cached:           404948 kB
MemTotal:        1844596 kB
MemFree:         1150780 kB
MemAvailable:    1502368 kB
Buffers:           61668 kB
Cached:           404948 kB
MemTotal:        1844596 kB
MemFree:         1145936 kB
MemAvailable:    1497528 kB
Buffers:           61668 kB
Cached:           404952 kB
MemTotal:        1844596 kB
MemFree:         1146188 kB
MemAvailable:    1497780 kB
Buffers:           61668 kB
Cached:           404952 kB
MemTotal:        1844596 kB
MemFree:         1144588 kB
MemAvailable:    1496348 kB
Buffers:           61668 kB
Cached:           405076 kB
MemTotal:        1844596 kB
MemFree:         1144216 kB
MemAvailable:    1495976 kB
Buffers:           61668 kB
Cached:           405200 kB
MemTotal:        1844596 kB
MemFree:         1144216 kB
MemAvailable:    1496112 kB
Buffers:           61668 kB
Cached:           405292 kB
MemTotal:        1844596 kB
MemFree:         1145268 kB
MemAvailable:    1497332 kB
Buffers:           61668 kB
Cached:           405416 kB
MemTotal:        1844596 kB
MemFree:         1145292 kB
MemAvailable:    1497440 kB
Buffers:           61668 kB
Cached:           405540 kB
MemTotal:        1844596 kB
MemFree:         1143968 kB
MemAvailable:    1496116 kB
Buffers:           61668 kB
Cached:           405540 kB
MemTotal:        1844596 kB
MemFree:         1145084 kB
MemAvailable:    1497316 kB
Buffers:           61668 kB
Cached:           405664 kB
MemTotal:        1844596 kB
MemFree:         1144828 kB
MemAvailable:    1497060 kB
Buffers:           61668 kB
Cached:           405664 kB
MemTotal:        1844596 kB
MemFree:         1144828 kB
MemAvailable:    1497060 kB
Buffers:           61668 kB
Cached:           405664 kB
MemTotal:        1844596 kB
MemFree:         1145012 kB
MemAvailable:    1497244 kB
Buffers:           61668 kB
Cached:           405664 kB
MemTotal:        1844596 kB
MemFree:         1145096 kB
MemAvailable:    1497328 kB
Buffers:           61668 kB
Cached:           405664 kB
MemTotal:        1844596 kB
MemFree:         1144924 kB
MemAvailable:    1497156 kB
Buffers:           61668 kB
Cached:           405664 kB
MemTotal:        1844596 kB
MemFree:         1145008 kB
MemAvailable:    1497240 kB
Buffers:           61668 kB
Cached:           405664 kB
MemTotal:        1844596 kB
MemFree:         1144896 kB
MemAvailable:    1497296 kB
Buffers:           61668 kB
Cached:           405788 kB
MemTotal:        1844596 kB
MemFree:         1144548 kB
MemAvailable:    1496192 kB
Buffers:           61668 kB
Cached:           405032 kB
MemTotal:        1844596 kB
MemFree:         1215912 kB
MemAvailable:    1567556 kB
Buffers:           61668 kB
Cached:           405032 kB
