MemTotal:        1844596 kB
MemFree:         1220712 kB
MemAvailable:    1544740 kB
Buffers:           59252 kB
Cached:           382304 kB
MemTotal:        1844596 kB
MemFree:         1219540 kB
MemAvailable:    1543568 kB
Buffers:           59252 kB
Cached:           382304 kB
MemTotal:        1844596 kB
MemFree:         1216380 kB
MemAvailable:    1540408 kB
Buffers:           59252 kB
Cached:           382304 kB
MemTotal:        1844596 kB
MemFree:         1216316 kB
MemAvailable:    1540344 kB
Buffers:           59252 kB
Cached:           382304 kB
MemTotal:        1844596 kB
MemFree:         1215928 kB
MemAvailable:    1539956 kB
Buffers:           59252 kB
Cached:           382304 kB
MemTotal:        1844596 kB
MemFree:         1215988 kB
MemAvailable:    1540016 kB
Buffers:           59252 kB
Cached:           382304 kB
MemTotal:        1844596 kB
MemFree:         1214024 kB
MemAvailable:    1538052 kB
Buffers:           59252 kB
Cached:           382304 kB
MemTotal:        1844596 kB
MemFree:         1210908 kB
MemAvailable:    1534936 kB
Buffers:           59252 kB
Cached:           382304 kB
MemTotal:        1844596 kB
MemFree:         1210784 kB
MemAvailable:    1534812 kB
Buffers:           59252 kB
Cached:           382304 kB
MemTotal:        1844596 kB
MemFree:         1207140 kB
MemAvailable:    1531168 kB
Buffers:           59252 kB
Cached:           382304 kB
MemTotal:        1844596 kB
MemFree:         1204776 kB
MemAvailable:    1528804 kB
Buffers:           59252 kB
Cached:           382304 kB
MemTotal:        1844596 kB
MemFree:         1205468 kB
MemAvailable:    1529496 kB
Buffers:           59252 kB
Cached:           382304 kB
MemTotal:        1844596 kB
MemFree:         1206108 kB
MemAvailable:    1530136 kB
Buffers:           59252 kB
Cached:           382304 kB
MemTotal:        1844596 kB
MemFree:         1206148 kB
MemAvailable:    1530176 kB
Buffers:           59252 kB
Cached:           382304 kB
MemTotal:        1844596 kB
MemFree:         1204800 kB
MemAvailable:    1528828 kB
Buffers:           59252 kB
Cached:           382304 kB
MemTotal:        1844596 kB
MemFree:         1205816 kB
MemAvailable:    1529848 kB
Buffers:           59252 kB
Cached:           382308 kB
MemTotal:        1844596 kB
MemFree:         1206068 kB
MemAvailable:    1530100 kB
Buffers:           59252 kB
Cached:           382308 kB
MemTotal:        1844596 kB
MemFree:         1205280 kB
MemAvailable:    1529312 kB
Buffers:           59252 kB
Cached:           382308 kB
MemTotal:        1844596 kB
MemFree:         1203732 kB
MemAvailable:    1527764 kB
Buffers:           59252 kB
Cached:           382308 kB
MemTotal:        1844596 kB
MemFree:         1203916 kB
MemAvailable:    1527948 kB
Buffers:           59252 kB
Cached:           382308 kB
MemTotal:        1844596 kB
MemFree:         1203716 kB
MemAvailable:    1527748 kB
Buffers:           59252 kB
Cached:           382308 kB
MemTotal:        1844596 kB
MemFree:         1203724 kB
MemAvailable:    1527756 kB
Buffers:           59252 kB
Cached:           382308 kB
MemTotal:        1844596 kB
MemFree:         1203732 kB
MemAvailable:    1527764 kB
Buffers:           59252 kB
Cached:           382308 kB
MemTotal:        1844596 kB
MemFree:         1203612 kB
MemAvailable:    1527644 kB
Buffers:           59252 kB
Cached:           382308 kB
MemTotal:        1844596 kB
MemFree:         1202740 kB
MemAvailable:    1526772 kB
Buffers:           59252 kB
Cached:           382308 kB
MemTotal:        1844596 kB
MemFree:         1203428 kB
MemAvailable:    1527460 kB
Buffers:           59252 kB
Cached:           382308 kB
MemTotal:        1844596 kB
MemFree:         1203616 kB
MemAvailable:    1527648 kB
Buffers:           59252 kB
Cached:           382308 kB
MemTotal:        1844596 kB
MemFree:         1203512 kB
MemAvailable:    1527544 kB
Buffers:           59252 kB
Cached:           382308 kB
MemTotal:        1844596 kB
MemFree:         1203180 kB
MemAvailable:    1527212 kB
Buffers:           59252 kB
Cached:           382308 kB
MemTotal:        1844596 kB
MemFree:         1204952 kB
MemAvailable:    1528984 kB
Buffers:           59252 kB
Cached:           382308 kB
MemTotal:        1844596 kB
MemFree:         1204228 kB
MemAvailable:    1528260 kB
Buffers:           59252 kB
Cached:           382308 kB
MemTotal:        1844596 kB
MemFree:         1204980 kB
MemAvailable:    1529012 kB
Buffers:           59252 kB
Cached:           382308 kB
MemTotal:        1844596 kB
MemFree:         1203980 kB
MemAvailable:    1528012 kB
Buffers:           59252 kB
Cached:           382308 kB
MemTotal:        1844596 kB
MemFree:         1201368 kB
MemAvailable:    1525400 kB
Buffers:           59252 kB
Cached:           382308 kB
MemTotal:        1844596 kB
MemFree:         1201500 kB
MemAvailable:    1525532 kB
Buffers:           59252 kB
Cached:           382308 kB
MemTotal:        1844596 kB
MemFree:         1200260 kB
MemAvailable:    1524292 kB
Buffers:           59252 kB
Cached:           382308 kB
MemTotal:        1844596 kB
MemFree:         1200816 kB
MemAvailable:    1524848 kB
Buffers:           59252 kB
Cached:           382308 kB
MemTotal:        1844596 kB
MemFree:         1200560 kB
MemAvailable:    1524592 kB
Buffers:           59252 kB
Cached:           382308 kB
MemTotal:        1844596 kB
MemFree:         1199740 kB
MemAvailable:    1523772 kB
Buffers:           59252 kB
Cached:           382308 kB
MemTotal:        1844596 kB
MemFree:         1199740 kB
MemAvailable:    1523772 kB
Buffers:           59252 kB
Cached:           382308 kB
MemTotal:        1844596 kB
MemFree:         1198088 kB
MemAvailable:    1522120 kB
Buffers:           59252 kB
Cached:           382308 kB
MemTotal:        1844596 kB
MemFree:         1199576 kB
MemAvailable:    1523608 kB
Buffers:           59252 kB
Cached:           382308 kB
MemTotal:        1844596 kB
MemFree:         1199348 kB
MemAvailable:    1523380 kB
Buffers:           59252 kB
Cached:           382308 kB
MemTotal:        1844596 kB
MemFree:         1199600 kB
MemAvailable:    1523632 kB
Buffers:           59252 kB
Cached:           382308 kB
MemTotal:        1844596 kB
MemFree:         1199324 kB
MemAvailable:    1523356 kB
Buffers:           59252 kB
Cached:           382308 kB
MemTotal:        1844596 kB
MemFree:         1199052 kB
MemAvailable:    1523084 kB
Buffers:           59252 kB
Cached:           382308 kB
MemTotal:        1844596 kB
MemFree:         1199220 kB
MemAvailable:    1523252 kB
Buffers:           59252 kB
Cached:           382308 kB
MemTotal:        1844596 kB
MemFree:         1198740 kB
MemAvailable:    1522772 kB
Buffers:           59252 kB
Cached:           382308 kB
MemTotal:        1844596 kB
MemFree:         1199076 kB
MemAvailable:    1523108 kB
Buffers:           59252 kB
Cached:           382308 kB
MemTotal:        1844596 kB
MemFree:         1197268 kB
MemAvailable:    1521300 kB
Buffers:           59252 kB
Cached:           382308 kB
MemTotal:        1844596 kB
MemFree:         1197144 kB
MemAvailable:    1521176 kB
Buffers:           59252 kB
Cached:           382308 kB
MemTotal:        1844596 kB
MemFree:         1197144 kB
MemAvailable:    1521176 kB
Buffers:           59252 kB
Cached:           382308 kB
MemTotal:        1844596 kB
MemFree:         1198444 kB
MemAvailable:    1522476 kB
Buffers:           59252 kB
Cached:           382308 kB
MemTotal:        1844596 kB
MemFree:         1197012 kB
MemAvailable:    1521044 kB
Buffers:           59252 kB
Cached:           382308 kB
MemTotal:        1844596 kB
MemFree:         1197136 kB
MemAvailable:    1521168 kB
Buffers:           59252 kB
Cached:           382308 kB
MemTotal:        1844596 kB
MemFree:         1198436 kB
MemAvailable:    1522468 kB
Buffers:           59252 kB
Cached:           382308 kB
MemTotal:        1844596 kB
MemFree:         1197276 kB
MemAvailable:    1521308 kB
Buffers:           59252 kB
Cached:           382308 kB
MemTotal:        1844596 kB
MemFree:         1198376 kB
MemAvailable:    1522408 kB
Buffers:           59252 kB
Cached:           382308 kB
MemTotal:        1844596 kB
MemFree:         1198516 kB
MemAvailable:    1522548 kB
Buffers:           59252 kB
Cached:           382308 kB
MemTotal:        1844596 kB
MemFree:         1198460 kB
MemAvailable:    1522492 kB
Buffers:           59252 kB
Cached:           382308 kB
MemTotal:        1844596 kB
MemFree:         1197284 kB
MemAvailable:    1521316 kB
Buffers:           59252 kB
Cached:           382308 kB
MemTotal:        1844596 kB
MemFree:         1198336 kB
MemAvailable:    1522372 kB
Buffers:           59252 kB
Cached:           382312 kB
MemTotal:        1844596 kB
MemFree:         1197160 kB
MemAvailable:    1521196 kB
Buffers:           59252 kB
Cached:           382312 kB
MemTotal:        1844596 kB
MemFree:         1197700 kB
MemAvailable:    1521736 kB
Buffers:           59252 kB
Cached:           382312 kB
MemTotal:        1844596 kB
MemFree:         1197952 kB
MemAvailable:    1521988 kB
Buffers:           59252 kB
Cached:           382312 kB
MemTotal:        1844596 kB
MemFree:         1197716 kB
MemAvailable:    1521752 kB
Buffers:           59252 kB
Cached:           382312 kB
MemTotal:        1844596 kB
MemFree:         1196656 kB
MemAvailable:    1520692 kB
Buffers:           59252 kB
Cached:           382312 kB
MemTotal:        1844596 kB
MemFree:         1197456 kB
MemAvailable:    1521492 kB
Buffers:           59252 kB
Cached:           382312 kB
MemTotal:        1844596 kB
MemFree:         1197624 kB
MemAvailable:    1521660 kB
Buffers:           59252 kB
Cached:           382312 kB
MemTotal:        1844596 kB
MemFree:         1197436 kB
MemAvailable:    1521472 kB
Buffers:           59252 kB
Cached:           382312 kB
MemTotal:        1844596 kB
MemFree:         1196260 kB
MemAvailable:    1520296 kB
Buffers:           59252 kB
Cached:           382312 kB
MemTotal:        1844596 kB
MemFree:         1196136 kB
MemAvailable:    1520172 kB
Buffers:           59252 kB
Cached:           382312 kB
MemTotal:        1844596 kB
MemFree:         1197376 kB
MemAvailable:    1521412 kB
Buffers:           59252 kB
Cached:           382312 kB
MemTotal:        1844596 kB
MemFree:         1197436 kB
MemAvailable:    1521472 kB
Buffers:           59252 kB
Cached:           382312 kB
MemTotal:        1844596 kB
MemFree:         1196664 kB
MemAvailable:    1520700 kB
Buffers:           59252 kB
Cached:           382312 kB
MemTotal:        1844596 kB
MemFree:         1196292 kB
MemAvailable:    1520328 kB
Buffers:           59252 kB
Cached:           382312 kB
MemTotal:        1844596 kB
MemFree:         1195424 kB
MemAvailable:    1519460 kB
Buffers:           59252 kB
Cached:           382312 kB
MemTotal:        1844596 kB
MemFree:         1192424 kB
MemAvailable:    1516460 kB
Buffers:           59252 kB
Cached:           382312 kB
MemTotal:        1844596 kB
MemFree:         1192304 kB
MemAvailable:    1516340 kB
Buffers:           59252 kB
Cached:           382312 kB
MemTotal:        1844596 kB
MemFree:         1188340 kB
MemAvailable:    1512376 kB
Buffers:           59252 kB
Cached:           382312 kB
MemTotal:        1844596 kB
MemFree:         1188428 kB
MemAvailable:    1512464 kB
Buffers:           59252 kB
Cached:           382312 kB
MemTotal:        1844596 kB
MemFree:         1189728 kB
MemAvailable:    1513764 kB
Buffers:           59252 kB
Cached:           382312 kB
MemTotal:        1844596 kB
MemFree:         1189388 kB
MemAvailable:    1513424 kB
Buffers:           59252 kB
Cached:           382312 kB
MemTotal:        1844596 kB
MemFree:         1189640 kB
MemAvailable:    1513676 kB
Buffers:           59252 kB
Cached:           382312 kB
MemTotal:        1844596 kB
MemFree:         1188332 kB
MemAvailable:    1512368 kB
Buffers:           59252 kB
Cached:           382312 kB
MemTotal:        1844596 kB
MemFree:         1187944 kB
MemAvailable:    1511980 kB
Buffers:           59252 kB
Cached:           382312 kB
MemTotal:        1844596 kB
MemFree:         1189376 kB
MemAvailable:    1513412 kB
Buffers:           59252 kB
Cached:           382312 kB
MemTotal:        1844596 kB
MemFree:         1189628 kB
MemAvailable:    1513664 kB
Buffers:           59252 kB
Cached:           382312 kB
MemTotal:        1844596 kB
MemFree:         1189560 kB
MemAvailable:    1513596 kB
Buffers:           59252 kB
Cached:           382312 kB
MemTotal:        1844596 kB
MemFree:         1189556 kB
MemAvailable:    1513592 kB
Buffers:           59252 kB
Cached:           382312 kB
MemTotal:        1844596 kB
MemFree:         1189532 kB
MemAvailable:    1513568 kB
Buffers:           59252 kB
Cached:           382312 kB
MemTotal:        1844596 kB
MemFree:         1188604 kB
MemAvailable:    1512640 kB
Buffers:           59252 kB
Cached:           382312 kB
MemTotal:        1844596 kB
MemFree:         1189436 kB
MemAvailable:    1513472 kB
Buffers:           59252 kB
Cached:           382312 kB
MemTotal:        1844596 kB
MemFree:         1189584 kB
MemAvailable:    1513620 kB
Buffers:           59252 kB
Cached:           382312 kB
MemTotal:        1844596 kB
MemFree:         1188960 kB
MemAvailable:    1512996 kB
Buffers:           59252 kB
Cached:           382312 kB
MemTotal:        1844596 kB
MemFree:         1188960 kB
MemAvailable:    1512996 kB
Buffers:           59252 kB
Cached:           382312 kB
MemTotal:        1844596 kB
MemFree:         1188772 kB
MemAvailable:    1512816 kB
Buffers:           59252 kB
Cached:           382320 kB
MemTotal:        1844596 kB
MemFree:         1188408 kB
MemAvailable:    1512452 kB
Buffers:           59252 kB
Cached:           382320 kB
MemTotal:        1844596 kB
MemFree:         1188408 kB
MemAvailable:    1512452 kB
Buffers:           59252 kB
Cached:           382320 kB
MemTotal:        1844596 kB
MemFree:         1188060 kB
MemAvailable:    1512104 kB
Buffers:           59252 kB
Cached:           382320 kB
MemTotal:        1844596 kB
MemFree:         1188060 kB
MemAvailable:    1512104 kB
Buffers:           59252 kB
Cached:           382320 kB
MemTotal:        1844596 kB
MemFree:         1188076 kB
MemAvailable:    1512120 kB
Buffers:           59252 kB
Cached:           382320 kB
MemTotal:        1844596 kB
MemFree:         1186928 kB
MemAvailable:    1510972 kB
Buffers:           59252 kB
Cached:           382320 kB
MemTotal:        1844596 kB
MemFree:         1186596 kB
MemAvailable:    1510640 kB
Buffers:           59252 kB
Cached:           382320 kB
MemTotal:        1844596 kB
MemFree:         1186848 kB
MemAvailable:    1510892 kB
Buffers:           59252 kB
Cached:           382320 kB
MemTotal:        1844596 kB
MemFree:         1186124 kB
MemAvailable:    1510168 kB
Buffers:           59252 kB
Cached:           382320 kB
MemTotal:        1844596 kB
MemFree:         1186012 kB
MemAvailable:    1510056 kB
Buffers:           59252 kB
Cached:           382320 kB
MemTotal:        1844596 kB
MemFree:         1185820 kB
MemAvailable:    1509864 kB
Buffers:           59252 kB
Cached:           382320 kB
MemTotal:        1844596 kB
MemFree:         1185796 kB
MemAvailable:    1509840 kB
Buffers:           59252 kB
Cached:           382320 kB
MemTotal:        1844596 kB
MemFree:         1185796 kB
MemAvailable:    1509840 kB
Buffers:           59252 kB
Cached:           382320 kB
MemTotal:        1844596 kB
MemFree:         1184944 kB
MemAvailable:    1508988 kB
Buffers:           59252 kB
Cached:           382320 kB
MemTotal:        1844596 kB
MemFree:         1185600 kB
MemAvailable:    1509644 kB
Buffers:           59252 kB
Cached:           382320 kB
MemTotal:        1844596 kB
MemFree:         1184752 kB
MemAvailable:    1508672 kB
Buffers:           59252 kB
Cached:           382320 kB
MemTotal:        1844596 kB
MemFree:         1185628 kB
MemAvailable:    1509672 kB
Buffers:           59252 kB
Cached:           382320 kB
MemTotal:        1844596 kB
MemFree:         1185604 kB
MemAvailable:    1509648 kB
Buffers:           59252 kB
Cached:           382320 kB
MemTotal:        1844596 kB
MemFree:         1184388 kB
MemAvailable:    1508432 kB
Buffers:           59252 kB
Cached:           382320 kB
MemTotal:        1844596 kB
MemFree:         1185696 kB
MemAvailable:    1509740 kB
Buffers:           59252 kB
Cached:           382320 kB
MemTotal:        1844596 kB
MemFree:         1185116 kB
MemAvailable:    1509160 kB
Buffers:           59252 kB
Cached:           382320 kB
MemTotal:        1844596 kB
MemFree:         1184868 kB
MemAvailable:    1508912 kB
Buffers:           59252 kB
Cached:           382320 kB
MemTotal:        1844596 kB
MemFree:         1181836 kB
MemAvailable:    1505880 kB
Buffers:           59252 kB
Cached:           382320 kB
MemTotal:        1844596 kB
MemFree:         1181756 kB
MemAvailable:    1505800 kB
Buffers:           59252 kB
Cached:           382320 kB
MemTotal:        1844596 kB
MemFree:         1175832 kB
MemAvailable:    1499876 kB
Buffers:           59252 kB
Cached:           382320 kB
MemTotal:        1844596 kB
MemFree:         1176816 kB
MemAvailable:    1500860 kB
Buffers:           59252 kB
Cached:           382320 kB
MemTotal:        1844596 kB
MemFree:         1175708 kB
MemAvailable:    1499752 kB
Buffers:           59252 kB
Cached:           382320 kB
MemTotal:        1844596 kB
MemFree:         1176884 kB
MemAvailable:    1500928 kB
Buffers:           59252 kB
Cached:           382320 kB
MemTotal:        1844596 kB
MemFree:         1176668 kB
MemAvailable:    1500712 kB
Buffers:           59252 kB
Cached:           382320 kB
MemTotal:        1844596 kB
MemFree:         1176920 kB
MemAvailable:    1500964 kB
Buffers:           59252 kB
Cached:           382320 kB
MemTotal:        1844596 kB
MemFree:         1176872 kB
MemAvailable:    1500916 kB
Buffers:           59252 kB
Cached:           382320 kB
MemTotal:        1844596 kB
MemFree:         1178064 kB
MemAvailable:    1502108 kB
Buffers:           59252 kB
Cached:           382320 kB
MemTotal:        1844596 kB
MemFree:         1178728 kB
MemAvailable:    1502772 kB
Buffers:           59252 kB
Cached:           382320 kB
MemTotal:        1844596 kB
MemFree:         1177568 kB
MemAvailable:    1501612 kB
Buffers:           59252 kB
Cached:           382320 kB
MemTotal:        1844596 kB
MemFree:         1178440 kB
MemAvailable:    1502568 kB
Buffers:           59252 kB
Cached:           382444 kB
MemTotal:        1844596 kB
MemFree:         1178416 kB
MemAvailable:    1502712 kB
Buffers:           59252 kB
Cached:           382568 kB
MemTotal:        1844596 kB
MemFree:         1177128 kB
MemAvailable:    1501424 kB
Buffers:           59252 kB
Cached:           382568 kB
MemTotal:        1844596 kB
MemFree:         1178140 kB
MemAvailable:    1502604 kB
Buffers:           59252 kB
Cached:           382816 kB
MemTotal:        1844596 kB
MemFree:         1178396 kB
MemAvailable:    1502860 kB
Buffers:           59252 kB
Cached:           382816 kB
MemTotal:        1844596 kB
MemFree:         1177984 kB
MemAvailable:    1502532 kB
Buffers:           59252 kB
Cached:           382940 kB
MemTotal:        1844596 kB
MemFree:         1177188 kB
MemAvailable:    1501736 kB
Buffers:           59252 kB
Cached:           382940 kB
MemTotal:        1844596 kB
MemFree:         1177980 kB
MemAvailable:    1502612 kB
Buffers:           59252 kB
Cached:           382940 kB
MemTotal:        1844596 kB
MemFree:         1176548 kB
MemAvailable:    1501180 kB
Buffers:           59252 kB
Cached:           382940 kB
MemTotal:        1844596 kB
MemFree:         1177848 kB
MemAvailable:    1502480 kB
Buffers:           59252 kB
Cached:           382940 kB
MemTotal:        1844596 kB
MemFree:         1177932 kB
MemAvailable:    1502564 kB
Buffers:           59252 kB
Cached:           382940 kB
MemTotal:        1844596 kB
MemFree:         1177920 kB
MemAvailable:    1502552 kB
Buffers:           59252 kB
Cached:           382940 kB
MemTotal:        1844596 kB
MemFree:         1176620 kB
MemAvailable:    1501252 kB
Buffers:           59252 kB
Cached:           382940 kB
MemTotal:        1844596 kB
MemFree:         1176620 kB
MemAvailable:    1501252 kB
Buffers:           59252 kB
Cached:           382940 kB
MemTotal:        1844596 kB
MemFree:         1178364 kB
MemAvailable:    1502408 kB
Buffers:           59252 kB
Cached:           382392 kB
MemTotal:        1844596 kB
MemFree:         1178084 kB
MemAvailable:    1502128 kB
Buffers:           59252 kB
Cached:           382392 kB
MemTotal:        1844596 kB
MemFree:         1245792 kB
MemAvailable:    1569836 kB
Buffers:           59252 kB
Cached:           382392 kB
