MemTotal:        1844596 kB
MemFree:         1400000 kB
MemAvailable:    1565908 kB
Buffers:           42076 kB
Cached:           255296 kB
MemTotal:        1844596 kB
MemFree:         1395164 kB
MemAvailable:    1561072 kB
Buffers:           42076 kB
Cached:           255296 kB
MemTotal:        1844596 kB
MemFree:         1396156 kB
MemAvailable:    1562064 kB
Buffers:           42076 kB
Cached:           255296 kB
MemTotal:        1844596 kB
MemFree:         1392800 kB
MemAvailable:    1558708 kB
Buffers:           42076 kB
Cached:           255296 kB
MemTotal:        1844596 kB
MemFree:         1391196 kB
MemAvailable:    1557104 kB
Buffers:           42076 kB
Cached:           255296 kB
MemTotal:        1844596 kB
MemFree:         1391188 kB
MemAvailable:    1557096 kB
Buffers:           42076 kB
Cached:           255296 kB
MemTotal:        1844596 kB
MemFree:         1390428 kB
MemAvailable:    1556336 kB
Buffers:           42076 kB
Cached:           255296 kB
MemTotal:        1844596 kB
MemFree:         1390512 kB
MemAvailable:    1556420 kB
Buffers:           42076 kB
Cached:           255296 kB
MemTotal:        1844596 kB
MemFree:         1386980 kB
MemAvailable:    1552888 kB
Buffers:           42076 kB
Cached:           255296 kB
MemTotal:        1844596 kB
MemFree:         1384500 kB
MemAvailable:    1550408 kB
Buffers:           42076 kB
Cached:           255296 kB
MemTotal:        1844596 kB
MemFree:         1381276 kB
MemAvailable:    1547184 kB
Buffers:           42076 kB
Cached:           255296 kB
MemTotal:        1844596 kB
MemFree:         1380960 kB
MemAvailable:    1546868 kB
Buffers:           42076 kB
Cached:           255296 kB
MemTotal:        1844596 kB
MemFree:         1381208 kB
MemAvailable:    1547116 kB
Buffers:           42076 kB
Cached:           255296 kB
MemTotal:        1844596 kB
MemFree:         1382512 kB
MemAvailable:    1548420 kB
Buffers:           42076 kB
Cached:           255296 kB
MemTotal:        1844596 kB
MemFree:         1381120 kB
MemAvailable:    1547028 kB
Buffers:           42076 kB
Cached:           255296 kB
MemTotal:        1844596 kB
MemFree:         1380888 kB
MemAvailable:    1546796 kB
Buffers:           42076 kB
Cached:           255296 kB
MemTotal:        1844596 kB
MemFree:         1382244 kB
MemAvailable:    1548152 kB
Buffers:           42076 kB
Cached:           255296 kB
MemTotal:        1844596 kB
MemFree:         1381208 kB
MemAvailable:    1547116 kB
Buffers:           42076 kB
Cached:           255296 kB
MemTotal:        1844596 kB
MemFree:         1379160 kB
MemAvailable:    1545068 kB
Buffers:           42076 kB
Cached:           255296 kB
MemTotal:        1844596 kB
MemFree:         1379912 kB
MemAvailable:    1545820 kB
Buffers:           42076 kB
Cached:           255296 kB
MemTotal:        1844596 kB
MemFree:         1379724 kB
MemAvailable:    1545632 kB
Buffers:           42076 kB
Cached:           255296 kB
MemTotal:        1844596 kB
MemFree:         1379976 kB
MemAvailable:    1545884 kB
Buffers:           42076 kB
Cached:           255296 kB
MemTotal:        1844596 kB
MemFree:         1378400 kB
MemAvailable:    1544308 kB
Buffers:           42076 kB
Cached:           255296 kB
MemTotal:        1844596 kB
MemFree:         1379792 kB
MemAvailable:    1545700 kB
Buffers:           42076 kB
Cached:           255296 kB
MemTotal:        1844596 kB
MemFree:         1379044 kB
MemAvailable:    1544952 kB
Buffers:           42076 kB
Cached:           255296 kB
MemTotal:        1844596 kB
MemFree:         1379640 kB
MemAvailable:    1545548 kB
Buffers:           42076 kB
Cached:           255296 kB
MemTotal:        1844596 kB
MemFree:         1379640 kB
MemAvailable:    1545548 kB
Buffers:           42076 kB
Cached:           255296 kB
MemTotal:        1844596 kB
MemFree:         1378652 kB
MemAvailable:    1544564 kB
Buffers:           42076 kB
Cached:           255300 kB
MemTotal:        1844596 kB
MemFree:         1378512 kB
MemAvailable:    1544424 kB
Buffers:           42076 kB
Cached:           255300 kB
MemTotal:        1844596 kB
MemFree:         1381112 kB
MemAvailable:    1547024 kB
Buffers:           42076 kB
Cached:           255300 kB
MemTotal:        1844596 kB
MemFree:         1379912 kB
MemAvailable:    1545824 kB
Buffers:           42076 kB
Cached:           255300 kB
MemTotal:        1844596 kB
MemFree:         1378904 kB
MemAvailable:    1544816 kB
Buffers:           42076 kB
Cached:           255300 kB
MemTotal:        1844596 kB
MemFree:         1378904 kB
MemAvailable:    1544816 kB
Buffers:           42076 kB
Cached:           255300 kB
MemTotal:        1844596 kB
MemFree:         1377680 kB
MemAvailable:    1543592 kB
Buffers:           42076 kB
Cached:           255300 kB
MemTotal:        1844596 kB
MemFree:         1377244 kB
MemAvailable:    1543156 kB
Buffers:           42076 kB
Cached:           255300 kB
MemTotal:        1844596 kB
MemFree:         1375696 kB
MemAvailable:    1541608 kB
Buffers:           42076 kB
Cached:           255300 kB
MemTotal:        1844596 kB
MemFree:         1376424 kB
MemAvailable:    1542340 kB
Buffers:           42076 kB
Cached:           255304 kB
MemTotal:        1844596 kB
MemFree:         1376424 kB
MemAvailable:    1542340 kB
Buffers:           42076 kB
Cached:           255304 kB
MemTotal:        1844596 kB
MemFree:         1374828 kB
MemAvailable:    1540744 kB
Buffers:           42076 kB
Cached:           255304 kB
MemTotal:        1844596 kB
MemFree:         1374696 kB
MemAvailable:    1540612 kB
Buffers:           42076 kB
Cached:           255304 kB
MemTotal:        1844596 kB
MemFree:         1374828 kB
MemAvailable:    1540744 kB
Buffers:           42076 kB
Cached:           255304 kB
MemTotal:        1844596 kB
MemFree:         1374952 kB
MemAvailable:    1540868 kB
Buffers:           42076 kB
Cached:           255304 kB
MemTotal:        1844596 kB
MemFree:         1374828 kB
MemAvailable:    1540744 kB
Buffers:           42076 kB
Cached:           255304 kB
MemTotal:        1844596 kB
MemFree:         1375432 kB
MemAvailable:    1541348 kB
Buffers:           42076 kB
Cached:           255304 kB
MemTotal:        1844596 kB
MemFree:         1375684 kB
MemAvailable:    1541600 kB
Buffers:           42076 kB
Cached:           255304 kB
MemTotal:        1844596 kB
MemFree:         1374084 kB
MemAvailable:    1540000 kB
Buffers:           42076 kB
Cached:           255304 kB
MemTotal:        1844596 kB
MemFree:         1373836 kB
MemAvailable:    1539752 kB
Buffers:           42076 kB
Cached:           255304 kB
MemTotal:        1844596 kB
MemFree:         1374572 kB
MemAvailable:    1540488 kB
Buffers:           42076 kB
Cached:           255304 kB
MemTotal:        1844596 kB
MemFree:         1374580 kB
MemAvailable:    1540496 kB
Buffers:           42076 kB
Cached:           255304 kB
MemTotal:        1844596 kB
MemFree:         1373404 kB
MemAvailable:    1539320 kB
Buffers:           42076 kB
Cached:           255304 kB
MemTotal:        1844596 kB
MemFree:         1373396 kB
MemAvailable:    1539312 kB
Buffers:           42076 kB
Cached:           255304 kB
MemTotal:        1844596 kB
MemFree:         1373644 kB
MemAvailable:    1539560 kB
Buffers:           42076 kB
Cached:           255304 kB
MemTotal:        1844596 kB
MemFree:         1374956 kB
MemAvailable:    1540872 kB
Buffers:           42076 kB
Cached:           255304 kB
MemTotal:        1844596 kB
MemFree:         1374572 kB
MemAvailable:    1540488 kB
Buffers:           42076 kB
Cached:           255304 kB
MemTotal:        1844596 kB
MemFree:         1374208 kB
MemAvailable:    1540124 kB
Buffers:           42076 kB
Cached:           255304 kB
MemTotal:        1844596 kB
MemFree:         1374628 kB
MemAvailable:    1540544 kB
Buffers:           42076 kB
Cached:           255304 kB
MemTotal:        1844596 kB
MemFree:         1374572 kB
MemAvailable:    1540488 kB
Buffers:           42076 kB
Cached:           255304 kB
MemTotal:        1844596 kB
MemFree:         1374620 kB
MemAvailable:    1540536 kB
Buffers:           42076 kB
Cached:           255304 kB
MemTotal:        1844596 kB
MemFree:         1374704 kB
MemAvailable:    1540620 kB
Buffers:           42076 kB
Cached:           255304 kB
MemTotal:        1844596 kB
MemFree:         1374248 kB
MemAvailable:    1540164 kB
Buffers:           42076 kB
Cached:           255304 kB
MemTotal:        1844596 kB
MemFree:         1374332 kB
MemAvailable:    1540248 kB
Buffers:           42076 kB
Cached:           255304 kB
MemTotal:        1844596 kB
MemFree:         1374004 kB
MemAvailable:    1539920 kB
Buffers:           42076 kB
Cached:           255304 kB
MemTotal:        1844596 kB
MemFree:         1372656 kB
MemAvailable:    1538572 kB
Buffers:           42076 kB
Cached:           255304 kB
MemTotal:        1844596 kB
MemFree:         1372524 kB
MemAvailable:    1538440 kB
Buffers:           42076 kB
Cached:           255304 kB
MemTotal:        1844596 kB
MemFree:         1373748 kB
MemAvailable:    1539664 kB
Buffers:           42076 kB
Cached:           255304 kB
MemTotal:        1844596 kB
MemFree:         1373736 kB
MemAvailable:    1539652 kB
Buffers:           42076 kB
Cached:           255304 kB
MemTotal:        1844596 kB
MemFree:         1373604 kB
MemAvailable:    1539520 kB
Buffers:           42076 kB
Cached:           255304 kB
MemTotal:        1844596 kB
MemFree:         1372296 kB
MemAvailable:    1538212 kB
Buffers:           42076 kB
Cached:           255304 kB
MemTotal:        1844596 kB
MemFree:         1372420 kB
MemAvailable:    1538336 kB
Buffers:           42076 kB
Cached:           255304 kB
MemTotal:        1844596 kB
MemFree:         1372552 kB
MemAvailable:    1538468 kB
Buffers:           42076 kB
Cached:           255304 kB
MemTotal:        1844596 kB
MemFree:         1373648 kB
MemAvailable:    1539564 kB
Buffers:           42076 kB
Cached:           255304 kB
MemTotal:        1844596 kB
MemFree:         1372844 kB
MemAvailable:    1538760 kB
Buffers:           42076 kB
Cached:           255304 kB
MemTotal:        1844596 kB
MemFree:         1373184 kB
MemAvailable:    1539100 kB
Buffers:           42076 kB
Cached:           255304 kB
MemTotal:        1844596 kB
MemFree:         1372960 kB
MemAvailable:    1538876 kB
Buffers:           42076 kB
Cached:           255304 kB
MemTotal:        1844596 kB
MemFree:         1369108 kB
MemAvailable:    1535024 kB
Buffers:           42076 kB
Cached:           255304 kB
MemTotal:        1844596 kB
MemFree:         1369360 kB
MemAvailable:    1535276 kB
Buffers:           42076 kB
Cached:           255304 kB
MemTotal:        1844596 kB
MemFree:         1365528 kB
MemAvailable:    1531444 kB
Buffers:           42076 kB
Cached:           255304 kB
MemTotal:        1844596 kB
MemFree:         1365024 kB
MemAvailable:    1530940 kB
Buffers:           42076 kB
Cached:           255304 kB
MemTotal:        1844596 kB
MemFree:         1364784 kB
MemAvailable:    1530700 kB
Buffers:           42076 kB
Cached:           255304 kB
MemTotal:        1844596 kB
MemFree:         1364520 kB
MemAvailable:    1530436 kB
Buffers:           42076 kB
Cached:           255304 kB
MemTotal:        1844596 kB
MemFree:         1364396 kB
MemAvailable:    1530312 kB
Buffers:           42076 kB
Cached:           255304 kB
MemTotal:        1844596 kB
MemFree:         1365656 kB
MemAvailable:    1531572 kB
Buffers:           42076 kB
Cached:           255304 kB
MemTotal:        1844596 kB
MemFree:         1365692 kB
MemAvailable:    1531608 kB
Buffers:           42076 kB
Cached:           255304 kB
MemTotal:        1844596 kB
MemFree:         1364784 kB
MemAvailable:    1530700 kB
Buffers:           42076 kB
Cached:           255304 kB
MemTotal:        1844596 kB
MemFree:         1365588 kB
MemAvailable:    1531508 kB
Buffers:           42076 kB
Cached:           255308 kB
MemTotal:        1844596 kB
MemFree:         1365588 kB
MemAvailable:    1531508 kB
Buffers:           42076 kB
Cached:           255308 kB
MemTotal:        1844596 kB
MemFree:         1364340 kB
MemAvailable:    1530260 kB
Buffers:           42076 kB
Cached:           255308 kB
MemTotal:        1844596 kB
MemFree:         1365816 kB
MemAvailable:    1531736 kB
Buffers:           42076 kB
Cached:           255308 kB
MemTotal:        1844596 kB
MemFree:         1365404 kB
MemAvailable:    1531324 kB
Buffers:           42076 kB
Cached:           255308 kB
MemTotal:        1844596 kB
MemFree:         1365700 kB
MemAvailable:    1531620 kB
Buffers:           42076 kB
Cached:           255308 kB
MemTotal:        1844596 kB
MemFree:         1365784 kB
MemAvailable:    1531704 kB
Buffers:           42076 kB
Cached:           255308 kB
MemTotal:        1844596 kB
MemFree:         1364156 kB
MemAvailable:    1530076 kB
Buffers:           42076 kB
Cached:           255308 kB
MemTotal:        1844596 kB
MemFree:         1365148 kB
MemAvailable:    1531068 kB
Buffers:           42076 kB
Cached:           255308 kB
MemTotal:        1844596 kB
MemFree:         1363768 kB
MemAvailable:    1529688 kB
Buffers:           42076 kB
Cached:           255308 kB
MemTotal:        1844596 kB
MemFree:         1364396 kB
MemAvailable:    1530316 kB
Buffers:           42076 kB
Cached:           255308 kB
MemTotal:        1844596 kB
MemFree:         1364288 kB
MemAvailable:    1530208 kB
Buffers:           42076 kB
Cached:           255308 kB
MemTotal:        1844596 kB
MemFree:         1364084 kB
MemAvailable:    1530004 kB
Buffers:           42076 kB
Cached:           255308 kB
MemTotal:        1844596 kB
MemFree:         1364016 kB
MemAvailable:    1529936 kB
Buffers:           42076 kB
Cached:           255308 kB
MemTotal:        1844596 kB
MemFree:         1362800 kB
MemAvailable:    1528720 kB
Buffers:           42076 kB
Cached:           255308 kB
MemTotal:        1844596 kB
MemFree:         1362924 kB
MemAvailable:    1528848 kB
Buffers:           42076 kB
Cached:           255312 kB
MemTotal:        1844596 kB
MemFree:         1362728 kB
MemAvailable:    1528652 kB
Buffers:           42076 kB
Cached:           255312 kB
MemTotal:        1844596 kB
MemFree:         1362792 kB
MemAvailable:    1528716 kB
Buffers:           42076 kB
Cached:           255312 kB
MemTotal:        1844596 kB
MemFree:         1361188 kB
MemAvailable:    1527112 kB
Buffers:           42076 kB
Cached:           255312 kB
MemTotal:        1844596 kB
MemFree:         1361180 kB
MemAvailable:    1527104 kB
Buffers:           42076 kB
Cached:           255312 kB
MemTotal:        1844596 kB
MemFree:         1362096 kB
MemAvailable:    1528020 kB
Buffers:           42076 kB
Cached:           255312 kB
MemTotal:        1844596 kB
MemFree:         1360788 kB
MemAvailable:    1526712 kB
Buffers:           42076 kB
Cached:           255312 kB
MemTotal:        1844596 kB
MemFree:         1362028 kB
MemAvailable:    1527952 kB
Buffers:           42076 kB
Cached:           255312 kB
MemTotal:        1844596 kB
MemFree:         1361832 kB
MemAvailable:    1527756 kB
Buffers:           42076 kB
Cached:           255312 kB
MemTotal:        1844596 kB
MemFree:         1360940 kB
MemAvailable:    1526864 kB
Buffers:           42076 kB
Cached:           255312 kB
MemTotal:        1844596 kB
MemFree:         1361660 kB
MemAvailable:    1527584 kB
Buffers:           42076 kB
Cached:           255312 kB
MemTotal:        1844596 kB
MemFree:         1361912 kB
MemAvailable:    1527836 kB
Buffers:           42076 kB
Cached:           255312 kB
MemTotal:        1844596 kB
MemFree:         1361868 kB
MemAvailable:    1527792 kB
Buffers:           42076 kB
Cached:           255312 kB
MemTotal:        1844596 kB
MemFree:         1361064 kB
MemAvailable:    1526988 kB
Buffers:           42076 kB
Cached:           255312 kB
MemTotal:        1844596 kB
MemFree:         1361856 kB
MemAvailable:    1527780 kB
Buffers:           42076 kB
Cached:           255312 kB
MemTotal:        1844596 kB
MemFree:         1361808 kB
MemAvailable:    1527732 kB
Buffers:           42076 kB
Cached:           255312 kB
MemTotal:        1844596 kB
MemFree:         1361488 kB
MemAvailable:    1527412 kB
Buffers:           42076 kB
Cached:           255312 kB
MemTotal:        1844596 kB
MemFree:         1360816 kB
MemAvailable:    1526740 kB
Buffers:           42076 kB
Cached:           255312 kB
MemTotal:        1844596 kB
MemFree:         1358940 kB
MemAvailable:    1524864 kB
Buffers:           42076 kB
Cached:           255312 kB
MemTotal:        1844596 kB
MemFree:         1358940 kB
MemAvailable:    1524864 kB
Buffers:           42076 kB
Cached:           255312 kB
MemTotal:        1844596 kB
MemFree:         1351392 kB
MemAvailable:    1517316 kB
Buffers:           42076 kB
Cached:           255312 kB
MemTotal:        1844596 kB
MemFree:         1351508 kB
MemAvailable:    1517432 kB
Buffers:           42076 kB
Cached:           255436 kB
MemTotal:        1844596 kB
MemFree:         1351020 kB
MemAvailable:    1517112 kB
Buffers:           42076 kB
Cached:           255560 kB
MemTotal:        1844596 kB
MemFree:         1352260 kB
MemAvailable:    1518520 kB
Buffers:           42076 kB
Cached:           255684 kB
MemTotal:        1844596 kB
MemFree:         1350896 kB
MemAvailable:    1517240 kB
Buffers:           42076 kB
Cached:           255808 kB
MemTotal:        1844596 kB
MemFree:         1350772 kB
MemAvailable:    1517200 kB
Buffers:           42076 kB
Cached:           255932 kB
MemTotal:        1844596 kB
MemFree:         1350508 kB
MemAvailable:    1517020 kB
Buffers:           42076 kB
Cached:           255932 kB
MemTotal:        1844596 kB
MemFree:         1350508 kB
MemAvailable:    1517020 kB
Buffers:           42076 kB
Cached:           255932 kB
MemTotal:        1844596 kB
MemFree:         1350508 kB
MemAvailable:    1517104 kB
Buffers:           42076 kB
Cached:           255932 kB
MemTotal:        1844596 kB
MemFree:         1351684 kB
MemAvailable:    1518280 kB
Buffers:           42076 kB
Cached:           255932 kB
MemTotal:        1844596 kB
MemFree:         1350516 kB
MemAvailable:    1517112 kB
Buffers:           42076 kB
Cached:           255932 kB
MemTotal:        1844596 kB
MemFree:         1351432 kB
MemAvailable:    1518028 kB
Buffers:           42076 kB
Cached:           255932 kB
MemTotal:        1844596 kB
MemFree:         1351516 kB
MemAvailable:    1518112 kB
Buffers:           42076 kB
Cached:           255932 kB
MemTotal:        1844596 kB
MemFree:         1351412 kB
MemAvailable:    1518008 kB
Buffers:           42076 kB
Cached:           255932 kB
MemTotal:        1844596 kB
MemFree:         1351384 kB
MemAvailable:    1517980 kB
Buffers:           42076 kB
Cached:           255932 kB
MemTotal:        1844596 kB
MemFree:         1352024 kB
MemAvailable:    1518032 kB
Buffers:           42076 kB
Cached:           255384 kB
MemTotal:        1844596 kB
MemFree:         1352192 kB
MemAvailable:    1518200 kB
Buffers:           42076 kB
Cached:           255384 kB
