MemTotal:        1844596 kB
MemFree:         1529360 kB
MemAvailable:    1572004 kB
Buffers:           25860 kB
Cached:           150648 kB
MemTotal:        1844596 kB
MemFree:         1525864 kB
MemAvailable:    1568508 kB
Buffers:           25860 kB
Cached:           150648 kB
MemTotal:        1844596 kB
MemFree:         1525864 kB
MemAvailable:    1568508 kB
Buffers:           25860 kB
Cached:           150648 kB
MemTotal:        1844596 kB
MemFree:         1524624 kB
MemAvailable:    1567268 kB
Buffers:           25860 kB
Cached:           150648 kB
MemTotal:        1844596 kB
MemFree:         1524960 kB
MemAvailable:    1567604 kB
Buffers:           25860 kB
Cached:           150648 kB
MemTotal:        1844596 kB
MemFree:         1523392 kB
MemAvailable:    1566036 kB
Buffers:           25860 kB
Cached:           150648 kB
MemTotal:        1844596 kB
MemFree:         1522532 kB
MemAvailable:    1565176 kB
Buffers:           25860 kB
Cached:           150648 kB
MemTotal:        1844596 kB
MemFree:         1521360 kB
MemAvailable:    1564004 kB
Buffers:           25860 kB
Cached:           150648 kB
MemTotal:        1844596 kB
MemFree:         1518068 kB
MemAvailable:    1560712 kB
Buffers:           25860 kB
Cached:           150648 kB
MemTotal:        1844596 kB
MemFree:         1518280 kB
MemAvailable:    1560924 kB
Buffers:           25860 kB
Cached:           150648 kB
MemTotal:        1844596 kB
MemFree:         1514588 kB
MemAvailable:    1557232 kB
Buffers:           25860 kB
Cached:           150648 kB
MemTotal:        1844596 kB
MemFree:         1514588 kB
MemAvailable:    1557232 kB
Buffers:           25860 kB
Cached:           150648 kB
MemTotal:        1844596 kB
MemFree:         1514576 kB
MemAvailable:    1557220 kB
Buffers:           25860 kB
Cached:           150648 kB
MemTotal:        1844596 kB
MemFree:         1514576 kB
MemAvailable:    1557220 kB
Buffers:           25860 kB
Cached:           150648 kB
MemTotal:        1844596 kB
MemFree:         1514480 kB
MemAvailable:    1557124 kB
Buffers:           25860 kB
Cached:           150648 kB
MemTotal:        1844596 kB
MemFree:         1514472 kB
MemAvailable:    1557116 kB
Buffers:           25860 kB
Cached:           150648 kB
MemTotal:        1844596 kB
MemFree:         1514472 kB
MemAvailable:    1557116 kB
Buffers:           25860 kB
Cached:           150648 kB
MemTotal:        1844596 kB
MemFree:         1514368 kB
MemAvailable:    1557012 kB
Buffers:           25860 kB
Cached:           150648 kB
MemTotal:        1844596 kB
MemFree:         1512844 kB
MemAvailable:    1555496 kB
Buffers:           25860 kB
Cached:           150652 kB
MemTotal:        1844596 kB
MemFree:         1512844 kB
MemAvailable:    1555496 kB
Buffers:           25860 kB
Cached:           150652 kB
MemTotal:        1844596 kB
MemFree:         1512232 kB
MemAvailable:    1554884 kB
Buffers:           25860 kB
Cached:           150652 kB
MemTotal:        1844596 kB
MemFree:         1512316 kB
MemAvailable:    1554968 kB
Buffers:           25860 kB
Cached:           150652 kB
MemTotal:        1844596 kB
MemFree:         1510864 kB
MemAvailable:    1553516 kB
Buffers:           25860 kB
Cached:           150652 kB
MemTotal:        1844596 kB
MemFree:         1511248 kB
MemAvailable:    1553900 kB
Buffers:           25860 kB
Cached:           150652 kB
MemTotal:        1844596 kB
MemFree:         1512496 kB
MemAvailable:    1555148 kB
Buffers:           25860 kB
Cached:           150652 kB
MemTotal:        1844596 kB
MemFree:         1512300 kB
MemAvailable:    1554952 kB
Buffers:           25860 kB
Cached:           150652 kB
MemTotal:        1844596 kB
MemFree:         1512192 kB
MemAvailable:    1554844 kB
Buffers:           25860 kB
Cached:           150652 kB
MemTotal:        1844596 kB
MemFree:         1511964 kB
MemAvailable:    1554616 kB
Buffers:           25860 kB
Cached:           150652 kB
MemTotal:        1844596 kB
MemFree:         1512300 kB
MemAvailable:    1554952 kB
Buffers:           25860 kB
Cached:           150652 kB
MemTotal:        1844596 kB
MemFree:         1513432 kB
MemAvailable:    1556084 kB
Buffers:           25860 kB
Cached:           150652 kB
MemTotal:        1844596 kB
MemFree:         1513432 kB
MemAvailable:    1556084 kB
Buffers:           25860 kB
Cached:           150652 kB
MemTotal:        1844596 kB
MemFree:         1512928 kB
MemAvailable:    1555580 kB
Buffers:           25860 kB
Cached:           150652 kB
MemTotal:        1844596 kB
MemFree:         1510744 kB
MemAvailable:    1553396 kB
Buffers:           25860 kB
Cached:           150652 kB
MemTotal:        1844596 kB
MemFree:         1510956 kB
MemAvailable:    1553608 kB
Buffers:           25860 kB
Cached:           150652 kB
MemTotal:        1844596 kB
MemFree:         1509768 kB
MemAvailable:    1552420 kB
Buffers:           25860 kB
Cached:           150652 kB
MemTotal:        1844596 kB
MemFree:         1509624 kB
MemAvailable:    1552276 kB
Buffers:           25860 kB
Cached:           150652 kB
MemTotal:        1844596 kB
MemFree:         1508352 kB
MemAvailable:    1551004 kB
Buffers:           25860 kB
Cached:           150652 kB
MemTotal:        1844596 kB
MemFree:         1508956 kB
MemAvailable:    1551608 kB
Buffers:           25860 kB
Cached:           150652 kB
MemTotal:        1844596 kB
MemFree:         1507536 kB
MemAvailable:    1550188 kB
Buffers:           25860 kB
Cached:           150652 kB
MemTotal:        1844596 kB
MemFree:         1508528 kB
MemAvailable:    1551180 kB
Buffers:           25860 kB
Cached:           150652 kB
MemTotal:        1844596 kB
MemFree:         1508404 kB
MemAvailable:    1551056 kB
Buffers:           25860 kB
Cached:           150652 kB
MemTotal:        1844596 kB
MemFree:         1508528 kB
MemAvailable:    1551180 kB
Buffers:           25860 kB
Cached:           150652 kB
MemTotal:        1844596 kB
MemFree:         1508332 kB
MemAvailable:    1550984 kB
Buffers:           25860 kB
Cached:           150652 kB
MemTotal:        1844596 kB
MemFree:         1508076 kB
MemAvailable:    1550728 kB
Buffers:           25860 kB
Cached:           150652 kB
MemTotal:        1844596 kB
MemFree:         1507944 kB
MemAvailable:    1550596 kB
Buffers:           25860 kB
Cached:           150652 kB
MemTotal:        1844596 kB
MemFree:         1506768 kB
MemAvailable:    1549420 kB
Buffers:           25860 kB
Cached:           150652 kB
MemTotal:        1844596 kB
MemFree:         1506660 kB
MemAvailable:    1549312 kB
Buffers:           25860 kB
Cached:           150652 kB
MemTotal:        1844596 kB
MemFree:         1507720 kB
MemAvailable:    1550376 kB
Buffers:           25860 kB
Cached:           150656 kB
MemTotal:        1844596 kB
MemFree:         1507224 kB
MemAvailable:    1549880 kB
Buffers:           25860 kB
Cached:           150656 kB
MemTotal:        1844596 kB
MemFree:         1506048 kB
MemAvailable:    1548704 kB
Buffers:           25860 kB
Cached:           150656 kB
MemTotal:        1844596 kB
MemFree:         1505744 kB
MemAvailable:    1548400 kB
Buffers:           25860 kB
Cached:           150656 kB
MemTotal:        1844596 kB
MemFree:         1506844 kB
MemAvailable:    1549500 kB
Buffers:           25860 kB
Cached:           150656 kB
MemTotal:        1844596 kB
MemFree:         1507088 kB
MemAvailable:    1549744 kB
Buffers:           25860 kB
Cached:           150656 kB
MemTotal:        1844596 kB
MemFree:         1506848 kB
MemAvailable:    1549504 kB
Buffers:           25860 kB
Cached:           150656 kB
MemTotal:        1844596 kB
MemFree:         1507104 kB
MemAvailable:    1549760 kB
Buffers:           25860 kB
Cached:           150656 kB
MemTotal:        1844596 kB
MemFree:         1507016 kB
MemAvailable:    1549672 kB
Buffers:           25860 kB
Cached:           150656 kB
MemTotal:        1844596 kB
MemFree:         1506704 kB
MemAvailable:    1549360 kB
Buffers:           25860 kB
Cached:           150656 kB
MemTotal:        1844596 kB
MemFree:         1507040 kB
MemAvailable:    1549696 kB
Buffers:           25860 kB
Cached:           150656 kB
MemTotal:        1844596 kB
MemFree:         1506824 kB
MemAvailable:    1549480 kB
Buffers:           25860 kB
Cached:           150656 kB
MemTotal:        1844596 kB
MemFree:         1507076 kB
MemAvailable:    1549732 kB
Buffers:           25860 kB
Cached:           150656 kB
MemTotal:        1844596 kB
MemFree:         1506776 kB
MemAvailable:    1549432 kB
Buffers:           25860 kB
Cached:           150656 kB
MemTotal:        1844596 kB
MemFree:         1506776 kB
MemAvailable:    1549432 kB
Buffers:           25860 kB
Cached:           150656 kB
MemTotal:        1844596 kB
MemFree:         1506548 kB
MemAvailable:    1549204 kB
Buffers:           25860 kB
Cached:           150656 kB
MemTotal:        1844596 kB
MemFree:         1505408 kB
MemAvailable:    1548064 kB
Buffers:           25860 kB
Cached:           150656 kB
MemTotal:        1844596 kB
MemFree:         1505532 kB
MemAvailable:    1548188 kB
Buffers:           25860 kB
Cached:           150656 kB
MemTotal:        1844596 kB
MemFree:         1506356 kB
MemAvailable:    1549012 kB
Buffers:           25860 kB
Cached:           150656 kB
MemTotal:        1844596 kB
MemFree:         1506224 kB
MemAvailable:    1548880 kB
Buffers:           25860 kB
Cached:           150656 kB
MemTotal:        1844596 kB
MemFree:         1505048 kB
MemAvailable:    1547704 kB
Buffers:           25860 kB
Cached:           150656 kB
MemTotal:        1844596 kB
MemFree:         1505172 kB
MemAvailable:    1547828 kB
Buffers:           25860 kB
Cached:           150656 kB
MemTotal:        1844596 kB
MemFree:         1505172 kB
MemAvailable:    1547832 kB
Buffers:           25860 kB
Cached:           150660 kB
MemTotal:        1844596 kB
MemFree:         1506296 kB
MemAvailable:    1548956 kB
Buffers:           25860 kB
Cached:           150660 kB
MemTotal:        1844596 kB
MemFree:         1506100 kB
MemAvailable:    1548760 kB
Buffers:           25860 kB
Cached:           150660 kB
MemTotal:        1844596 kB
MemFree:         1506100 kB
MemAvailable:    1548760 kB
Buffers:           25860 kB
Cached:           150660 kB
MemTotal:        1844596 kB
MemFree:         1505552 kB
MemAvailable:    1548212 kB
Buffers:           25860 kB
Cached:           150660 kB
MemTotal:        1844596 kB
MemFree:         1506096 kB
MemAvailable:    1548756 kB
Buffers:           25860 kB
Cached:           150660 kB
MemTotal:        1844596 kB
MemFree:         1505180 kB
MemAvailable:    1547840 kB
Buffers:           25860 kB
Cached:           150660 kB
MemTotal:        1844596 kB
MemFree:         1505972 kB
MemAvailable:    1548632 kB
Buffers:           25860 kB
Cached:           150660 kB
MemTotal:        1844596 kB
MemFree:         1503692 kB
MemAvailable:    1546352 kB
Buffers:           25860 kB
Cached:           150660 kB
MemTotal:        1844596 kB
MemFree:         1502512 kB
MemAvailable:    1545172 kB
Buffers:           25860 kB
Cached:           150660 kB
MemTotal:        1844596 kB
MemFree:         1498716 kB
MemAvailable:    1541376 kB
Buffers:           25860 kB
Cached:           150660 kB
MemTotal:        1844596 kB
MemFree:         1498968 kB
MemAvailable:    1541628 kB
Buffers:           25860 kB
Cached:           150660 kB
MemTotal:        1844596 kB
MemFree:         1497368 kB
MemAvailable:    1540028 kB
Buffers:           25860 kB
Cached:           150660 kB
MemTotal:        1844596 kB
MemFree:         1498468 kB
MemAvailable:    1541128 kB
Buffers:           25860 kB
Cached:           150660 kB
MemTotal:        1844596 kB
MemFree:         1498288 kB
MemAvailable:    1540948 kB
Buffers:           25860 kB
Cached:           150660 kB
MemTotal:        1844596 kB
MemFree:         1498096 kB
MemAvailable:    1540756 kB
Buffers:           25860 kB
Cached:           150660 kB
MemTotal:        1844596 kB
MemFree:         1498152 kB
MemAvailable:    1540812 kB
Buffers:           25860 kB
Cached:           150660 kB
MemTotal:        1844596 kB
MemFree:         1496844 kB
MemAvailable:    1539504 kB
Buffers:           25860 kB
Cached:           150660 kB
MemTotal:        1844596 kB
MemFree:         1496968 kB
MemAvailable:    1539628 kB
Buffers:           25872 kB
Cached:           150648 kB
MemTotal:        1844596 kB
MemFree:         1498084 kB
MemAvailable:    1540744 kB
Buffers:           25872 kB
Cached:           150648 kB
MemTotal:        1844596 kB
MemFree:         1496712 kB
MemAvailable:    1539372 kB
Buffers:           25872 kB
Cached:           150648 kB
MemTotal:        1844596 kB
MemFree:         1497896 kB
MemAvailable:    1540556 kB
Buffers:           25872 kB
Cached:           150648 kB
MemTotal:        1844596 kB
MemFree:         1497832 kB
MemAvailable:    1540492 kB
Buffers:           25872 kB
Cached:           150648 kB
MemTotal:        1844596 kB
MemFree:         1497808 kB
MemAvailable:    1540468 kB
Buffers:           25872 kB
Cached:           150648 kB
MemTotal:        1844596 kB
MemFree:         1498144 kB
MemAvailable:    1540804 kB
Buffers:           25872 kB
Cached:           150648 kB
MemTotal:        1844596 kB
MemFree:         1498132 kB
MemAvailable:    1540792 kB
Buffers:           25872 kB
Cached:           150648 kB
MemTotal:        1844596 kB
MemFree:         1496484 kB
MemAvailable:    1539144 kB
Buffers:           25872 kB
Cached:           150648 kB
MemTotal:        1844596 kB
MemFree:         1496492 kB
MemAvailable:    1539152 kB
Buffers:           25872 kB
Cached:           150648 kB
MemTotal:        1844596 kB
MemFree:         1497108 kB
MemAvailable:    1539768 kB
Buffers:           25872 kB
Cached:           150648 kB
MemTotal:        1844596 kB
MemFree:         1496004 kB
MemAvailable:    1538664 kB
Buffers:           25872 kB
Cached:           150648 kB
MemTotal:        1844596 kB
MemFree:         1496752 kB
MemAvailable:    1539412 kB
Buffers:           25872 kB
Cached:           150648 kB
MemTotal:        1844596 kB
MemFree:         1496940 kB
MemAvailable:    1539600 kB
Buffers:           25872 kB
Cached:           150648 kB
MemTotal:        1844596 kB
MemFree:         1496684 kB
MemAvailable:    1539344 kB
Buffers:           25872 kB
Cached:           150648 kB
MemTotal:        1844596 kB
MemFree:         1496376 kB
MemAvailable:    1539052 kB
Buffers:           25872 kB
Cached:           150664 kB
MemTotal:        1844596 kB
MemFree:         1495692 kB
MemAvailable:    1538368 kB
Buffers:           25872 kB
Cached:           150664 kB
MemTotal:        1844596 kB
MemFree:         1495568 kB
MemAvailable:    1538244 kB
Buffers:           25872 kB
Cached:           150664 kB
MemTotal:        1844596 kB
MemFree:         1494392 kB
MemAvailable:    1537068 kB
Buffers:           25872 kB
Cached:           150664 kB
MemTotal:        1844596 kB
MemFree:         1494624 kB
MemAvailable:    1537300 kB
Buffers:           25872 kB
Cached:           150664 kB
MemTotal:        1844596 kB
MemFree:         1494960 kB
MemAvailable:    1537636 kB
Buffers:           25872 kB
Cached:           150664 kB
MemTotal:        1844596 kB
MemFree:         1493392 kB
MemAvailable:    1536068 kB
Buffers:           25872 kB
Cached:           150664 kB
MemTotal:        1844596 kB
MemFree:         1494616 kB
MemAvailable:    1537292 kB
Buffers:           25872 kB
Cached:           150664 kB
MemTotal:        1844596 kB
MemFree:         1493252 kB
MemAvailable:    1535928 kB
Buffers:           25872 kB
Cached:           150664 kB
MemTotal:        1844596 kB
MemFree:         1493152 kB
MemAvailable:    1535828 kB
Buffers:           25872 kB
Cached:           150664 kB
MemTotal:        1844596 kB
MemFree:         1493268 kB
MemAvailable:    1535944 kB
Buffers:           25872 kB
Cached:           150664 kB
MemTotal:        1844596 kB
MemFree:         1493984 kB
MemAvailable:    1536660 kB
Buffers:           25872 kB
Cached:           150664 kB
MemTotal:        1844596 kB
MemFree:         1494236 kB
MemAvailable:    1536912 kB
Buffers:           25872 kB
Cached:           150664 kB
MemTotal:        1844596 kB
MemFree:         1492904 kB
MemAvailable:    1535580 kB
Buffers:           25872 kB
Cached:           150664 kB
MemTotal:        1844596 kB
MemFree:         1492732 kB
MemAvailable:    1535408 kB
Buffers:           25872 kB
Cached:           150664 kB
MemTotal:        1844596 kB
MemFree:         1494256 kB
MemAvailable:    1536932 kB
Buffers:           25872 kB
Cached:           150664 kB
MemTotal:        1844596 kB
MemFree:         1493160 kB
MemAvailable:    1535836 kB
Buffers:           25872 kB
Cached:           150664 kB
MemTotal:        1844596 kB
MemFree:         1493212 kB
MemAvailable:    1535888 kB
Buffers:           25872 kB
Cached:           150664 kB
MemTotal:        1844596 kB
MemFree:         1493212 kB
MemAvailable:    1535888 kB
Buffers:           25872 kB
Cached:           150664 kB
MemTotal:        1844596 kB
MemFree:         1486936 kB
MemAvailable:    1529612 kB
Buffers:           25872 kB
Cached:           150664 kB
MemTotal:        1844596 kB
MemFree:         1486936 kB
MemAvailable:    1529612 kB
Buffers:           25872 kB
Cached:           150664 kB
MemTotal:        1844596 kB
MemFree:         1486708 kB
MemAvailable:    1529552 kB
Buffers:           25872 kB
Cached:           150788 kB
MemTotal:        1844596 kB
MemFree:         1485276 kB
MemAvailable:    1528120 kB
Buffers:           25872 kB
Cached:           150912 kB
MemTotal:        1844596 kB
MemFree:         1485456 kB
MemAvailable:    1528384 kB
Buffers:           25872 kB
Cached:           150912 kB
MemTotal:        1844596 kB
MemFree:         1486128 kB
MemAvailable:    1529224 kB
Buffers:           25872 kB
Cached:           151036 kB
MemTotal:        1844596 kB
MemFree:         1486380 kB
MemAvailable:    1529476 kB
Buffers:           25872 kB
Cached:           151036 kB
MemTotal:        1844596 kB
MemFree:         1484764 kB
MemAvailable:    1528028 kB
Buffers:           25872 kB
Cached:           151284 kB
MemTotal:        1844596 kB
MemFree:         1485880 kB
MemAvailable:    1529144 kB
Buffers:           25872 kB
Cached:           151284 kB
MemTotal:        1844596 kB
MemFree:         1486132 kB
MemAvailable:    1529396 kB
Buffers:           25872 kB
Cached:           151284 kB
MemTotal:        1844596 kB
MemFree:         1484664 kB
MemAvailable:    1527928 kB
Buffers:           25872 kB
Cached:           151284 kB
MemTotal:        1844596 kB
MemFree:         1485332 kB
MemAvailable:    1528596 kB
Buffers:           25872 kB
Cached:           151284 kB
MemTotal:        1844596 kB
MemFree:         1486192 kB
MemAvailable:    1529508 kB
Buffers:           25872 kB
Cached:           151300 kB
MemTotal:        1844596 kB
MemFree:         1486528 kB
MemAvailable:    1529844 kB
Buffers:           25872 kB
Cached:           151300 kB
MemTotal:        1844596 kB
MemFree:         1486200 kB
MemAvailable:    1529516 kB
Buffers:           25872 kB
Cached:           151300 kB
MemTotal:        1844596 kB
MemFree:         1485092 kB
MemAvailable:    1528408 kB
Buffers:           25872 kB
Cached:           151300 kB
MemTotal:        1844596 kB
MemFree:         1485948 kB
MemAvailable:    1529264 kB
Buffers:           25872 kB
Cached:           151300 kB
MemTotal:        1844596 kB
MemFree:         1486368 kB
MemAvailable:    1529096 kB
Buffers:           25872 kB
Cached:           150668 kB
MemTotal:        1844596 kB
MemFree:         1555540 kB
MemAvailable:    1598268 kB
Buffers:           25872 kB
Cached:           150668 kB
