MemTotal:        1844596 kB
MemFree:         1284076 kB
MemAvailable:    1553404 kB
Buffers:           53536 kB
Cached:           338116 kB
MemTotal:        1844596 kB
MemFree:         1282472 kB
MemAvailable:    1551800 kB
Buffers:           53536 kB
Cached:           338116 kB
MemTotal:        1844596 kB
MemFree:         1281172 kB
MemAvailable:    1550500 kB
Buffers:           53536 kB
Cached:           338116 kB
MemTotal:        1844596 kB
MemFree:         1279320 kB
MemAvailable:    1548648 kB
Buffers:           53536 kB
Cached:           338116 kB
MemTotal:        1844596 kB
MemFree:         1278736 kB
MemAvailable:    1548068 kB
Buffers:           53536 kB
Cached:           338120 kB
MemTotal:        1844596 kB
MemFree:         1278132 kB
MemAvailable:    1547464 kB
Buffers:           53536 kB
Cached:           338120 kB
MemTotal:        1844596 kB
MemFree:         1278508 kB
MemAvailable:    1547840 kB
Buffers:           53536 kB
Cached:           338120 kB
MemTotal:        1844596 kB
MemFree:         1276520 kB
MemAvailable:    1545852 kB
Buffers:           53536 kB
Cached:           338120 kB
MemTotal:        1844596 kB
MemFree:         1274512 kB
MemAvailable:    1543848 kB
Buffers:           53536 kB
Cached:           338120 kB
MemTotal:        1844596 kB
MemFree:         1274268 kB
MemAvailable:    1543604 kB
Buffers:           53536 kB
Cached:           338120 kB
MemTotal:        1844596 kB
MemFree:         1269452 kB
MemAvailable:    1538788 kB
Buffers:           53536 kB
Cached:           338120 kB
MemTotal:        1844596 kB
MemFree:         1267652 kB
MemAvailable:    1536988 kB
Buffers:           53536 kB
Cached:           338120 kB
MemTotal:        1844596 kB
MemFree:         1268212 kB
MemAvailable:    1537548 kB
Buffers:           53536 kB
Cached:           338120 kB
MemTotal:        1844596 kB
MemFree:         1268604 kB
MemAvailable:    1537940 kB
Buffers:           53536 kB
Cached:           338120 kB
MemTotal:        1844596 kB
MemFree:         1268776 kB
MemAvailable:    1538112 kB
Buffers:           53536 kB
Cached:           338120 kB
MemTotal:        1844596 kB
MemFree:         1268748 kB
MemAvailable:    1538084 kB
Buffers:           53536 kB
Cached:           338120 kB
MemTotal:        1844596 kB
MemFree:         1268616 kB
MemAvailable:    1537952 kB
Buffers:           53536 kB
Cached:           338120 kB
MemTotal:        1844596 kB
MemFree:         1267716 kB
MemAvailable:    1537052 kB
Buffers:           53536 kB
Cached:           338120 kB
MemTotal:        1844596 kB
MemFree:         1268460 kB
MemAvailable:    1537796 kB
Buffers:           53536 kB
Cached:           338120 kB
MemTotal:        1844596 kB
MemFree:         1267444 kB
MemAvailable:    1536780 kB
Buffers:           53536 kB
Cached:           338120 kB
MemTotal:        1844596 kB
MemFree:         1266964 kB
MemAvailable:    1536300 kB
Buffers:           53536 kB
Cached:           338120 kB
MemTotal:        1844596 kB
MemFree:         1266336 kB
MemAvailable:    1535672 kB
Buffers:           53536 kB
Cached:           338120 kB
MemTotal:        1844596 kB
MemFree:         1266104 kB
MemAvailable:    1535440 kB
Buffers:           53536 kB
Cached:           338120 kB
MemTotal:        1844596 kB
MemFree:         1264848 kB
MemAvailable:    1534184 kB
Buffers:           53536 kB
Cached:           338120 kB
MemTotal:        1844596 kB
MemFree:         1266232 kB
MemAvailable:    1535568 kB
Buffers:           53536 kB
Cached:           338120 kB
MemTotal:        1844596 kB
MemFree:         1265092 kB
MemAvailable:    1534428 kB
Buffers:           53536 kB
Cached:           338120 kB
MemTotal:        1844596 kB
MemFree:         1264920 kB
MemAvailable:    1534256 kB
Buffers:           53536 kB
Cached:           338120 kB
MemTotal:        1844596 kB
MemFree:         1266216 kB
MemAvailable:    1535552 kB
Buffers:           53536 kB
Cached:           338120 kB
MemTotal:        1844596 kB
MemFree:         1266192 kB
MemAvailable:    1535528 kB
Buffers:           53536 kB
Cached:           338120 kB
MemTotal:        1844596 kB
MemFree:         1264980 kB
MemAvailable:    1534316 kB
Buffers:           53536 kB
Cached:           338120 kB
MemTotal:        1844596 kB
MemFree:         1266332 kB
MemAvailable:    1535668 kB
Buffers:           53536 kB
Cached:           338120 kB
MemTotal:        1844596 kB
MemFree:         1266432 kB
MemAvailable:    1535768 kB
Buffers:           53536 kB
Cached:           338120 kB
MemTotal:        1844596 kB
MemFree:         1266168 kB
MemAvailable:    1535504 kB
Buffers:           53536 kB
Cached:           338120 kB
MemTotal:        1844596 kB
MemFree:         1264244 kB
MemAvailable:    1533580 kB
Buffers:           53536 kB
Cached:           338120 kB
MemTotal:        1844596 kB
MemFree:         1264096 kB
MemAvailable:    1533432 kB
Buffers:           53536 kB
Cached:           338120 kB
MemTotal:        1844596 kB
MemFree:         1263988 kB
MemAvailable:    1533324 kB
Buffers:           53536 kB
Cached:           338120 kB
MemTotal:        1844596 kB
MemFree:         1263312 kB
MemAvailable:    1532648 kB
Buffers:           53536 kB
Cached:           338120 kB
MemTotal:        1844596 kB
MemFree:         1262624 kB
MemAvailable:    1531960 kB
Buffers:           53536 kB
Cached:           338120 kB
MemTotal:        1844596 kB
MemFree:         1261608 kB
MemAvailable:    1530944 kB
Buffers:           53536 kB
Cached:           338120 kB
MemTotal:        1844596 kB
MemFree:         1261268 kB
MemAvailable:    1530604 kB
Buffers:           53536 kB
Cached:           338120 kB
MemTotal:        1844596 kB
MemFree:         1262312 kB
MemAvailable:    1531648 kB
Buffers:           53536 kB
Cached:           338120 kB
MemTotal:        1844596 kB
MemFree:         1261004 kB
MemAvailable:    1530340 kB
Buffers:           53536 kB
Cached:           338120 kB
MemTotal:        1844596 kB
MemFree:         1262320 kB
MemAvailable:    1531656 kB
Buffers:           53536 kB
Cached:           338120 kB
MemTotal:        1844596 kB
MemFree:         1262128 kB
MemAvailable:    1531464 kB
Buffers:           53536 kB
Cached:           338120 kB
MemTotal:        1844596 kB
MemFree:         1261136 kB
MemAvailable:    1530472 kB
Buffers:           53536 kB
Cached:           338120 kB
MemTotal:        1844596 kB
MemFree:         1262196 kB
MemAvailable:    1531532 kB
Buffers:           53536 kB
Cached:           338124 kB
MemTotal:        1844596 kB
MemFree:         1260524 kB
MemAvailable:    1529860 kB
Buffers:           53536 kB
Cached:           338124 kB
MemTotal:        1844596 kB
MemFree:         1261568 kB
MemAvailable:    1530904 kB
Buffers:           53536 kB
Cached:           338124 kB
MemTotal:        1844596 kB
MemFree:         1260276 kB
MemAvailable:    1529612 kB
Buffers:           53536 kB
Cached:           338124 kB
MemTotal:        1844596 kB
MemFree:         1261144 kB
MemAvailable:    1530480 kB
Buffers:           53536 kB
Cached:           338124 kB
MemTotal:        1844596 kB
MemFree:         1259732 kB
MemAvailable:    1529068 kB
Buffers:           53536 kB
Cached:           338124 kB
MemTotal:        1844596 kB
MemFree:         1261320 kB
MemAvailable:    1530656 kB
Buffers:           53536 kB
Cached:           338124 kB
MemTotal:        1844596 kB
MemFree:         1259888 kB
MemAvailable:    1529224 kB
Buffers:           53536 kB
Cached:           338124 kB
MemTotal:        1844596 kB
MemFree:         1259880 kB
MemAvailable:    1529216 kB
Buffers:           53536 kB
Cached:           338124 kB
MemTotal:        1844596 kB
MemFree:         1260012 kB
MemAvailable:    1529348 kB
Buffers:           53536 kB
Cached:           338124 kB
MemTotal:        1844596 kB
MemFree:         1260012 kB
MemAvailable:    1529348 kB
Buffers:           53536 kB
Cached:           338124 kB
MemTotal:        1844596 kB
MemFree:         1261120 kB
MemAvailable:    1530456 kB
Buffers:           53536 kB
Cached:           338124 kB
MemTotal:        1844596 kB
MemFree:         1260968 kB
MemAvailable:    1530304 kB
Buffers:           53536 kB
Cached:           338124 kB
MemTotal:        1844596 kB
MemFree:         1261220 kB
MemAvailable:    1530556 kB
Buffers:           53536 kB
Cached:           338124 kB
MemTotal:        1844596 kB
MemFree:         1261052 kB
MemAvailable:    1530388 kB
Buffers:           53536 kB
Cached:           338124 kB
MemTotal:        1844596 kB
MemFree:         1260000 kB
MemAvailable:    1529336 kB
Buffers:           53536 kB
Cached:           338124 kB
MemTotal:        1844596 kB
MemFree:         1259752 kB
MemAvailable:    1529088 kB
Buffers:           53536 kB
Cached:           338124 kB
MemTotal:        1844596 kB
MemFree:         1260632 kB
MemAvailable:    1529968 kB
Buffers:           53536 kB
Cached:           338124 kB
MemTotal:        1844596 kB
MemFree:         1260632 kB
MemAvailable:    1529968 kB
Buffers:           53536 kB
Cached:           338124 kB
MemTotal:        1844596 kB
MemFree:         1260320 kB
MemAvailable:    1529656 kB
Buffers:           53536 kB
Cached:           338124 kB
MemTotal:        1844596 kB
MemFree:         1259136 kB
MemAvailable:    1528472 kB
Buffers:           53536 kB
Cached:           338124 kB
MemTotal:        1844596 kB
MemFree:         1259896 kB
MemAvailable:    1529232 kB
Buffers:           53536 kB
Cached:           338124 kB
MemTotal:        1844596 kB
MemFree:         1258884 kB
MemAvailable:    1528220 kB
Buffers:           53536 kB
Cached:           338124 kB
MemTotal:        1844596 kB
MemFree:         1258760 kB
MemAvailable:    1528096 kB
Buffers:           53536 kB
Cached:           338124 kB
MemTotal:        1844596 kB
MemFree:         1260212 kB
MemAvailable:    1529548 kB
Buffers:           53536 kB
Cached:           338124 kB
MemTotal:        1844596 kB
MemFree:         1259772 kB
MemAvailable:    1529108 kB
Buffers:           53536 kB
Cached:           338124 kB
MemTotal:        1844596 kB
MemFree:         1260024 kB
MemAvailable:    1529360 kB
Buffers:           53536 kB
Cached:           338124 kB
MemTotal:        1844596 kB
MemFree:         1260144 kB
MemAvailable:    1529480 kB
Buffers:           53536 kB
Cached:           338124 kB
MemTotal:        1844596 kB
MemFree:         1260056 kB
MemAvailable:    1529392 kB
Buffers:           53536 kB
Cached:           338124 kB
MemTotal:        1844596 kB
MemFree:         1260056 kB
MemAvailable:    1529392 kB
Buffers:           53536 kB
Cached:           338124 kB
MemTotal:        1844596 kB
MemFree:         1258764 kB
MemAvailable:    1528100 kB
Buffers:           53536 kB
Cached:           338124 kB
MemTotal:        1844596 kB
MemFree:         1257904 kB
MemAvailable:    1527240 kB
Buffers:           53536 kB
Cached:           338124 kB
MemTotal:        1844596 kB
MemFree:         1257672 kB
MemAvailable:    1527008 kB
Buffers:           53536 kB
Cached:           338124 kB
MemTotal:        1844596 kB
MemFree:         1254944 kB
MemAvailable:    1524280 kB
Buffers:           53536 kB
Cached:           338124 kB
MemTotal:        1844596 kB
MemFree:         1252588 kB
MemAvailable:    1521924 kB
Buffers:           53536 kB
Cached:           338124 kB
MemTotal:        1844596 kB
MemFree:         1251596 kB
MemAvailable:    1520932 kB
Buffers:           53536 kB
Cached:           338124 kB
MemTotal:        1844596 kB
MemFree:         1252260 kB
MemAvailable:    1521596 kB
Buffers:           53536 kB
Cached:           338124 kB
MemTotal:        1844596 kB
MemFree:         1252260 kB
MemAvailable:    1521596 kB
Buffers:           53536 kB
Cached:           338124 kB
MemTotal:        1844596 kB
MemFree:         1252128 kB
MemAvailable:    1521464 kB
Buffers:           53536 kB
Cached:           338124 kB
MemTotal:        1844596 kB
MemFree:         1252188 kB
MemAvailable:    1521524 kB
Buffers:           53536 kB
Cached:           338124 kB
MemTotal:        1844596 kB
MemFree:         1251340 kB
MemAvailable:    1520676 kB
Buffers:           53536 kB
Cached:           338124 kB
MemTotal:        1844596 kB
MemFree:         1252016 kB
MemAvailable:    1521352 kB
Buffers:           53536 kB
Cached:           338124 kB
MemTotal:        1844596 kB
MemFree:         1252268 kB
MemAvailable:    1521604 kB
Buffers:           53536 kB
Cached:           338124 kB
MemTotal:        1844596 kB
MemFree:         1250788 kB
MemAvailable:    1520124 kB
Buffers:           53536 kB
Cached:           338124 kB
MemTotal:        1844596 kB
MemFree:         1251888 kB
MemAvailable:    1521224 kB
Buffers:           53536 kB
Cached:           338124 kB
MemTotal:        1844596 kB
MemFree:         1252056 kB
MemAvailable:    1521392 kB
Buffers:           53536 kB
Cached:           338124 kB
MemTotal:        1844596 kB
MemFree:         1252036 kB
MemAvailable:    1521380 kB
Buffers:           53536 kB
Cached:           338132 kB
MemTotal:        1844596 kB
MemFree:         1252292 kB
MemAvailable:    1521636 kB
Buffers:           53536 kB
Cached:           338132 kB
MemTotal:        1844596 kB
MemFree:         1250788 kB
MemAvailable:    1520132 kB
Buffers:           53536 kB
Cached:           338132 kB
MemTotal:        1844596 kB
MemFree:         1252264 kB
MemAvailable:    1521608 kB
Buffers:           53536 kB
Cached:           338132 kB
MemTotal:        1844596 kB
MemFree:         1252092 kB
MemAvailable:    1521436 kB
Buffers:           53536 kB
Cached:           338132 kB
MemTotal:        1844596 kB
MemFree:         1251472 kB
MemAvailable:    1520816 kB
Buffers:           53536 kB
Cached:           338132 kB
MemTotal:        1844596 kB
MemFree:         1251448 kB
MemAvailable:    1520792 kB
Buffers:           53536 kB
Cached:           338132 kB
MemTotal:        1844596 kB
MemFree:         1251784 kB
MemAvailable:    1521128 kB
Buffers:           53536 kB
Cached:           338132 kB
MemTotal:        1844596 kB
MemFree:         1251092 kB
MemAvailable:    1520436 kB
Buffers:           53536 kB
Cached:           338132 kB
MemTotal:        1844596 kB
MemFree:         1249860 kB
MemAvailable:    1519204 kB
Buffers:           53536 kB
Cached:           338132 kB
MemTotal:        1844596 kB
MemFree:         1250456 kB
MemAvailable:    1519800 kB
Buffers:           53536 kB
Cached:           338132 kB
MemTotal:        1844596 kB
MemFree:         1250792 kB
MemAvailable:    1520136 kB
Buffers:           53536 kB
Cached:           338132 kB
MemTotal:        1844596 kB
MemFree:         1250532 kB
MemAvailable:    1519876 kB
Buffers:           53536 kB
Cached:           338132 kB
MemTotal:        1844596 kB
MemFree:         1249364 kB
MemAvailable:    1518708 kB
Buffers:           53536 kB
Cached:           338132 kB
MemTotal:        1844596 kB
MemFree:         1249464 kB
MemAvailable:    1518808 kB
Buffers:           53536 kB
Cached:           338132 kB
MemTotal:        1844596 kB
MemFree:         1248984 kB
MemAvailable:    1518328 kB
Buffers:           53536 kB
Cached:           338132 kB
MemTotal:        1844596 kB
MemFree:         1248928 kB
MemAvailable:    1518272 kB
Buffers:           53536 kB
Cached:           338132 kB
MemTotal:        1844596 kB
MemFree:         1248672 kB
MemAvailable:    1518016 kB
Buffers:           53536 kB
Cached:           338132 kB
MemTotal:        1844596 kB
MemFree:         1247628 kB
MemAvailable:    1516972 kB
Buffers:           53536 kB
Cached:           338132 kB
MemTotal:        1844596 kB
MemFree:         1248460 kB
MemAvailable:    1517804 kB
Buffers:           53536 kB
Cached:           338132 kB
MemTotal:        1844596 kB
MemFree:         1248188 kB
MemAvailable:    1517532 kB
Buffers:           53536 kB
Cached:           338132 kB
MemTotal:        1844596 kB
MemFree:         1247116 kB
MemAvailable:    1516460 kB
Buffers:           53536 kB
Cached:           338132 kB
MemTotal:        1844596 kB
MemFree:         1247132 kB
MemAvailable:    1516476 kB
Buffers:           53536 kB
Cached:           338132 kB
MemTotal:        1844596 kB
MemFree:         1248348 kB
MemAvailable:    1517692 kB
Buffers:           53536 kB
Cached:           338132 kB
MemTotal:        1844596 kB
MemFree:         1248348 kB
MemAvailable:    1517692 kB
Buffers:           53536 kB
Cached:           338132 kB
MemTotal:        1844596 kB
MemFree:         1248308 kB
MemAvailable:    1517652 kB
Buffers:           53536 kB
Cached:           338132 kB
MemTotal:        1844596 kB
MemFree:         1247868 kB
MemAvailable:    1517212 kB
Buffers:           53536 kB
Cached:           338132 kB
MemTotal:        1844596 kB
MemFree:         1247112 kB
MemAvailable:    1516456 kB
Buffers:           53536 kB
Cached:           338132 kB
MemTotal:        1844596 kB
MemFree:         1248080 kB
MemAvailable:    1517424 kB
Buffers:           53536 kB
Cached:           338132 kB
MemTotal:        1844596 kB
MemFree:         1248416 kB
MemAvailable:    1517760 kB
Buffers:           53536 kB
Cached:           338132 kB
MemTotal:        1844596 kB
MemFree:         1247604 kB
MemAvailable:    1516948 kB
Buffers:           53536 kB
Cached:           338132 kB
MemTotal:        1844596 kB
MemFree:         1247688 kB
MemAvailable:    1517032 kB
Buffers:           53536 kB
Cached:           338132 kB
MemTotal:        1844596 kB
MemFree:         1244280 kB
MemAvailable:    1513624 kB
Buffers:           53536 kB
Cached:           338132 kB
MemTotal:        1844596 kB
MemFree:         1241728 kB
MemAvailable:    1511072 kB
Buffers:           53536 kB
Cached:           338132 kB
MemTotal:        1844596 kB
MemFree:         1240312 kB
MemAvailable:    1509656 kB
Buffers:           53536 kB
Cached:           338132 kB
MemTotal:        1844596 kB
MemFree:         1240180 kB
MemAvailable:    1509608 kB
Buffers:           53548 kB
Cached:           338244 kB
MemTotal:        1844596 kB
MemFree:         1240064 kB
MemAvailable:    1509744 kB
Buffers:           53548 kB
Cached:           338492 kB
MemTotal:        1844596 kB
MemFree:         1241116 kB
MemAvailable:    1510880 kB
Buffers:           53548 kB
Cached:           338616 kB
MemTotal:        1844596 kB
MemFree:         1241172 kB
MemAvailable:    1511020 kB
Buffers:           53548 kB
Cached:           338616 kB
MemTotal:        1844596 kB
MemFree:         1240868 kB
MemAvailable:    1510804 kB
Buffers:           53548 kB
Cached:           338744 kB
MemTotal:        1844596 kB
MemFree:         1239692 kB
MemAvailable:    1509628 kB
Buffers:           53548 kB
Cached:           338744 kB
MemTotal:        1844596 kB
MemFree:         1240932 kB
MemAvailable:    1510952 kB
Buffers:           53548 kB
Cached:           338744 kB
MemTotal:        1844596 kB
MemFree:         1239816 kB
MemAvailable:    1509836 kB
Buffers:           53548 kB
Cached:           338744 kB
MemTotal:        1844596 kB
MemFree:         1240912 kB
MemAvailable:    1510932 kB
Buffers:           53548 kB
Cached:           338744 kB
MemTotal:        1844596 kB
MemFree:         1239692 kB
MemAvailable:    1509712 kB
Buffers:           53548 kB
Cached:           338744 kB
MemTotal:        1844596 kB
MemFree:         1240588 kB
MemAvailable:    1510608 kB
Buffers:           53548 kB
Cached:           338744 kB
MemTotal:        1844596 kB
MemFree:         1240420 kB
MemAvailable:    1510440 kB
Buffers:           53548 kB
Cached:           338744 kB
MemTotal:        1844596 kB
MemFree:         1240496 kB
MemAvailable:    1510528 kB
Buffers:           53548 kB
Cached:           338808 kB
MemTotal:        1844596 kB
MemFree:         1240748 kB
MemAvailable:    1510780 kB
Buffers:           53548 kB
Cached:           338808 kB
MemTotal:        1844596 kB
MemFree:         1256028 kB
MemAvailable:    1525472 kB
Buffers:           53548 kB
Cached:           338176 kB
MemTotal:        1844596 kB
MemFree:         1307564 kB
MemAvailable:    1577008 kB
Buffers:           53548 kB
Cached:           338176 kB
