MemTotal:        1844596 kB
MemFree:         1379120 kB
MemAvailable:    1562140 kB
Buffers:           44120 kB
Cached:           268856 kB
MemTotal:        1844596 kB
MemFree:         1377020 kB
MemAvailable:    1560040 kB
Buffers:           44120 kB
Cached:           268856 kB
MemTotal:        1844596 kB
MemFree:         1375392 kB
MemAvailable:    1558412 kB
Buffers:           44120 kB
Cached:           268856 kB
MemTotal:        1844596 kB
MemFree:         1374912 kB
MemAvailable:    1557932 kB
Buffers:           44120 kB
Cached:           268856 kB
MemTotal:        1844596 kB
MemFree:         1375208 kB
MemAvailable:    1558228 kB
Buffers:           44120 kB
Cached:           268856 kB
MemTotal:        1844596 kB
MemFree:         1373300 kB
MemAvailable:    1556320 kB
Buffers:           44120 kB
Cached:           268856 kB
MemTotal:        1844596 kB
MemFree:         1373052 kB
MemAvailable:    1556072 kB
Buffers:           44120 kB
Cached:           268856 kB
MemTotal:        1844596 kB
MemFree:         1371256 kB
MemAvailable:    1554276 kB
Buffers:           44120 kB
Cached:           268856 kB
MemTotal:        1844596 kB
MemFree:         1368208 kB
MemAvailable:    1551228 kB
Buffers:           44120 kB
Cached:           268856 kB
MemTotal:        1844596 kB
MemFree:         1365976 kB
MemAvailable:    1548996 kB
Buffers:           44120 kB
Cached:           268856 kB
MemTotal:        1844596 kB
MemFree:         1361768 kB
MemAvailable:    1544788 kB
Buffers:           44120 kB
Cached:           268856 kB
MemTotal:        1844596 kB
MemFree:         1362852 kB
MemAvailable:    1545872 kB
Buffers:           44120 kB
Cached:           268856 kB
MemTotal:        1844596 kB
MemFree:         1362836 kB
MemAvailable:    1545856 kB
Buffers:           44120 kB
Cached:           268856 kB
MemTotal:        1844596 kB
MemFree:         1364072 kB
MemAvailable:    1547092 kB
Buffers:           44120 kB
Cached:           268856 kB
MemTotal:        1844596 kB
MemFree:         1363248 kB
MemAvailable:    1546268 kB
Buffers:           44120 kB
Cached:           268856 kB
MemTotal:        1844596 kB
MemFree:         1363672 kB
MemAvailable:    1546692 kB
Buffers:           44120 kB
Cached:           268856 kB
MemTotal:        1844596 kB
MemFree:         1363672 kB
MemAvailable:    1546692 kB
Buffers:           44120 kB
Cached:           268856 kB
MemTotal:        1844596 kB
MemFree:         1362132 kB
MemAvailable:    1545152 kB
Buffers:           44120 kB
Cached:           268856 kB
MemTotal:        1844596 kB
MemFree:         1361396 kB
MemAvailable:    1544416 kB
Buffers:           44120 kB
Cached:           268856 kB
MemTotal:        1844596 kB
MemFree:         1361504 kB
MemAvailable:    1544524 kB
Buffers:           44120 kB
Cached:           268856 kB
MemTotal:        1844596 kB
MemFree:         1361504 kB
MemAvailable:    1544524 kB
Buffers:           44120 kB
Cached:           268856 kB
MemTotal:        1844596 kB
MemFree:         1361492 kB
MemAvailable:    1544512 kB
Buffers:           44120 kB
Cached:           268856 kB
MemTotal:        1844596 kB
MemFree:         1361744 kB
MemAvailable:    1544764 kB
Buffers:           44120 kB
Cached:           268856 kB
MemTotal:        1844596 kB
MemFree:         1360216 kB
MemAvailable:    1543236 kB
Buffers:           44120 kB
Cached:           268856 kB
MemTotal:        1844596 kB
MemFree:         1361156 kB
MemAvailable:    1544176 kB
Buffers:           44120 kB
Cached:           268856 kB
MemTotal:        1844596 kB
MemFree:         1361324 kB
MemAvailable:    1544344 kB
Buffers:           44120 kB
Cached:           268856 kB
MemTotal:        1844596 kB
MemFree:         1361576 kB
MemAvailable:    1544596 kB
Buffers:           44120 kB
Cached:           268856 kB
MemTotal:        1844596 kB
MemFree:         1360260 kB
MemAvailable:    1543280 kB
Buffers:           44120 kB
Cached:           268856 kB
MemTotal:        1844596 kB
MemFree:         1362464 kB
MemAvailable:    1545484 kB
Buffers:           44120 kB
Cached:           268856 kB
MemTotal:        1844596 kB
MemFree:         1362800 kB
MemAvailable:    1545820 kB
Buffers:           44120 kB
Cached:           268856 kB
MemTotal:        1844596 kB
MemFree:         1361608 kB
MemAvailable:    1544628 kB
Buffers:           44120 kB
Cached:           268856 kB
MemTotal:        1844596 kB
MemFree:         1361324 kB
MemAvailable:    1544344 kB
Buffers:           44120 kB
Cached:           268856 kB
MemTotal:        1844596 kB
MemFree:         1358668 kB
MemAvailable:    1541688 kB
Buffers:           44120 kB
Cached:           268856 kB
MemTotal:        1844596 kB
MemFree:         1358040 kB
MemAvailable:    1541060 kB
Buffers:           44120 kB
Cached:           268856 kB
MemTotal:        1844596 kB
MemFree:         1358536 kB
MemAvailable:    1541556 kB
Buffers:           44120 kB
Cached:           268856 kB
MemTotal:        1844596 kB
MemFree:         1358256 kB
MemAvailable:    1541276 kB
Buffers:           44120 kB
Cached:           268856 kB
MemTotal:        1844596 kB
MemFree:         1358508 kB
MemAvailable:    1541528 kB
Buffers:           44120 kB
Cached:           268856 kB
MemTotal:        1844596 kB
MemFree:         1356560 kB
MemAvailable:    1539580 kB
Buffers:           44120 kB
Cached:           268856 kB
MemTotal:        1844596 kB
MemFree:         1357372 kB
MemAvailable:    1540392 kB
Buffers:           44120 kB
Cached:           268856 kB
MemTotal:        1844596 kB
MemFree:         1357304 kB
MemAvailable:    1540324 kB
Buffers:           44120 kB
Cached:           268856 kB
MemTotal:        1844596 kB
MemFree:         1357268 kB
MemAvailable:    1540288 kB
Buffers:           44120 kB
Cached:           268856 kB
MemTotal:        1844596 kB
MemFree:         1357420 kB
MemAvailable:    1540440 kB
Buffers:           44120 kB
Cached:           268856 kB
MemTotal:        1844596 kB
MemFree:         1357260 kB
MemAvailable:    1540280 kB
Buffers:           44120 kB
Cached:           268856 kB
MemTotal:        1844596 kB
MemFree:         1357260 kB
MemAvailable:    1540280 kB
Buffers:           44120 kB
Cached:           268856 kB
MemTotal:        1844596 kB
MemFree:         1357240 kB
MemAvailable:    1540268 kB
Buffers:           44120 kB
Cached:           268864 kB
MemTotal:        1844596 kB
MemFree:         1355808 kB
MemAvailable:    1538836 kB
Buffers:           44120 kB
Cached:           268864 kB
MemTotal:        1844596 kB
MemFree:         1356536 kB
MemAvailable:    1539564 kB
Buffers:           44120 kB
Cached:           268864 kB
MemTotal:        1844596 kB
MemFree:         1356536 kB
MemAvailable:    1539564 kB
Buffers:           44120 kB
Cached:           268864 kB
MemTotal:        1844596 kB
MemFree:         1356424 kB
MemAvailable:    1539452 kB
Buffers:           44120 kB
Cached:           268864 kB
MemTotal:        1844596 kB
MemFree:         1355052 kB
MemAvailable:    1538080 kB
Buffers:           44120 kB
Cached:           268864 kB
MemTotal:        1844596 kB
MemFree:         1355044 kB
MemAvailable:    1538072 kB
Buffers:           44120 kB
Cached:           268864 kB
MemTotal:        1844596 kB
MemFree:         1355168 kB
MemAvailable:    1538196 kB
Buffers:           44120 kB
Cached:           268864 kB
MemTotal:        1844596 kB
MemFree:         1355196 kB
MemAvailable:    1538224 kB
Buffers:           44120 kB
Cached:           268864 kB
MemTotal:        1844596 kB
MemFree:         1356372 kB
MemAvailable:    1539400 kB
Buffers:           44120 kB
Cached:           268864 kB
MemTotal:        1844596 kB
MemFree:         1356540 kB
MemAvailable:    1539568 kB
Buffers:           44120 kB
Cached:           268864 kB
MemTotal:        1844596 kB
MemFree:         1356612 kB
MemAvailable:    1539640 kB
Buffers:           44120 kB
Cached:           268864 kB
MemTotal:        1844596 kB
MemFree:         1356272 kB
MemAvailable:    1539300 kB
Buffers:           44120 kB
Cached:           268864 kB
MemTotal:        1844596 kB
MemFree:         1356356 kB
MemAvailable:    1539384 kB
Buffers:           44120 kB
Cached:           268864 kB
MemTotal:        1844596 kB
MemFree:         1356040 kB
MemAvailable:    1539068 kB
Buffers:           44120 kB
Cached:           268864 kB
MemTotal:        1844596 kB
MemFree:         1356124 kB
MemAvailable:    1539152 kB
Buffers:           44120 kB
Cached:           268864 kB
MemTotal:        1844596 kB
MemFree:         1355652 kB
MemAvailable:    1538680 kB
Buffers:           44120 kB
Cached:           268864 kB
MemTotal:        1844596 kB
MemFree:         1355904 kB
MemAvailable:    1538932 kB
Buffers:           44120 kB
Cached:           268864 kB
MemTotal:        1844596 kB
MemFree:         1354544 kB
MemAvailable:    1537572 kB
Buffers:           44120 kB
Cached:           268864 kB
MemTotal:        1844596 kB
MemFree:         1354320 kB
MemAvailable:    1537348 kB
Buffers:           44120 kB
Cached:           268864 kB
MemTotal:        1844596 kB
MemFree:         1354568 kB
MemAvailable:    1537596 kB
Buffers:           44120 kB
Cached:           268864 kB
MemTotal:        1844596 kB
MemFree:         1355628 kB
MemAvailable:    1538656 kB
Buffers:           44120 kB
Cached:           268864 kB
MemTotal:        1844596 kB
MemFree:         1354320 kB
MemAvailable:    1537348 kB
Buffers:           44120 kB
Cached:           268864 kB
MemTotal:        1844596 kB
MemFree:         1355412 kB
MemAvailable:    1538440 kB
Buffers:           44120 kB
Cached:           268864 kB
MemTotal:        1844596 kB
MemFree:         1355664 kB
MemAvailable:    1538692 kB
Buffers:           44120 kB
Cached:           268864 kB
MemTotal:        1844596 kB
MemFree:         1354264 kB
MemAvailable:    1537292 kB
Buffers:           44120 kB
Cached:           268864 kB
MemTotal:        1844596 kB
MemFree:         1355380 kB
MemAvailable:    1538408 kB
Buffers:           44120 kB
Cached:           268864 kB
MemTotal:        1844596 kB
MemFree:         1354576 kB
MemAvailable:    1537604 kB
Buffers:           44120 kB
Cached:           268864 kB
MemTotal:        1844596 kB
MemFree:         1354636 kB
MemAvailable:    1537664 kB
Buffers:           44120 kB
Cached:           268864 kB
MemTotal:        1844596 kB
MemFree:         1352344 kB
MemAvailable:    1535372 kB
Buffers:           44120 kB
Cached:           268864 kB
MemTotal:        1844596 kB
MemFree:         1350484 kB
MemAvailable:    1533512 kB
Buffers:           44120 kB
Cached:           268864 kB
MemTotal:        1844596 kB
MemFree:         1349080 kB
MemAvailable:    1532108 kB
Buffers:           44120 kB
Cached:           268864 kB
MemTotal:        1844596 kB
MemFree:         1347856 kB
MemAvailable:    1530884 kB
Buffers:           44120 kB
Cached:           268864 kB
MemTotal:        1844596 kB
MemFree:         1347940 kB
MemAvailable:    1530968 kB
Buffers:           44120 kB
Cached:           268864 kB
MemTotal:        1844596 kB
MemFree:         1347536 kB
MemAvailable:    1530564 kB
Buffers:           44120 kB
Cached:           268864 kB
MemTotal:        1844596 kB
MemFree:         1346236 kB
MemAvailable:    1529264 kB
Buffers:           44120 kB
Cached:           268864 kB
MemTotal:        1844596 kB
MemFree:         1347328 kB
MemAvailable:    1530356 kB
Buffers:           44120 kB
Cached:           268864 kB
MemTotal:        1844596 kB
MemFree:         1347376 kB
MemAvailable:    1530404 kB
Buffers:           44120 kB
Cached:           268864 kB
MemTotal:        1844596 kB
MemFree:         1347348 kB
MemAvailable:    1530376 kB
Buffers:           44120 kB
Cached:           268864 kB
MemTotal:        1844596 kB
MemFree:         1347600 kB
MemAvailable:    1530628 kB
Buffers:           44120 kB
Cached:           268864 kB
MemTotal:        1844596 kB
MemFree:         1347388 kB
MemAvailable:    1530416 kB
Buffers:           44120 kB
Cached:           268864 kB
MemTotal:        1844596 kB
MemFree:         1346248 kB
MemAvailable:    1529276 kB
Buffers:           44120 kB
Cached:           268864 kB
MemTotal:        1844596 kB
MemFree:         1347424 kB
MemAvailable:    1530452 kB
Buffers:           44120 kB
Cached:           268864 kB
MemTotal:        1844596 kB
MemFree:         1347676 kB
MemAvailable:    1530704 kB
Buffers:           44120 kB
Cached:           268864 kB
MemTotal:        1844596 kB
MemFree:         1347368 kB
MemAvailable:    1530396 kB
Buffers:           44120 kB
Cached:           268864 kB
MemTotal:        1844596 kB
MemFree:         1347384 kB
MemAvailable:    1530412 kB
Buffers:           44120 kB
Cached:           268864 kB
MemTotal:        1844596 kB
MemFree:         1346080 kB
MemAvailable:    1529108 kB
Buffers:           44120 kB
Cached:           268864 kB
MemTotal:        1844596 kB
MemFree:         1346896 kB
MemAvailable:    1529924 kB
Buffers:           44120 kB
Cached:           268864 kB
MemTotal:        1844596 kB
MemFree:         1347384 kB
MemAvailable:    1530416 kB
Buffers:           44120 kB
Cached:           268868 kB
MemTotal:        1844596 kB
MemFree:         1346012 kB
MemAvailable:    1529044 kB
Buffers:           44120 kB
Cached:           268868 kB
MemTotal:        1844596 kB
MemFree:         1345764 kB
MemAvailable:    1528796 kB
Buffers:           44120 kB
Cached:           268868 kB
MemTotal:        1844596 kB
MemFree:         1346516 kB
MemAvailable:    1529548 kB
Buffers:           44120 kB
Cached:           268868 kB
MemTotal:        1844596 kB
MemFree:         1345012 kB
MemAvailable:    1528044 kB
Buffers:           44120 kB
Cached:           268868 kB
MemTotal:        1844596 kB
MemFree:         1345028 kB
MemAvailable:    1528060 kB
Buffers:           44120 kB
Cached:           268868 kB
MemTotal:        1844596 kB
MemFree:         1346020 kB
MemAvailable:    1529052 kB
Buffers:           44120 kB
Cached:           268868 kB
MemTotal:        1844596 kB
MemFree:         1344524 kB
MemAvailable:    1527556 kB
Buffers:           44120 kB
Cached:           268868 kB
MemTotal:        1844596 kB
MemFree:         1344632 kB
MemAvailable:    1527664 kB
Buffers:           44120 kB
Cached:           268868 kB
MemTotal:        1844596 kB
MemFree:         1344968 kB
MemAvailable:    1528000 kB
Buffers:           44120 kB
Cached:           268868 kB
MemTotal:        1844596 kB
MemFree:         1343400 kB
MemAvailable:    1526432 kB
Buffers:           44120 kB
Cached:           268868 kB
MemTotal:        1844596 kB
MemFree:         1343160 kB
MemAvailable:    1526192 kB
Buffers:           44120 kB
Cached:           268868 kB
MemTotal:        1844596 kB
MemFree:         1342920 kB
MemAvailable:    1525952 kB
Buffers:           44120 kB
Cached:           268868 kB
MemTotal:        1844596 kB
MemFree:         1342656 kB
MemAvailable:    1525688 kB
Buffers:           44120 kB
Cached:           268868 kB
MemTotal:        1844596 kB
MemFree:         1342548 kB
MemAvailable:    1525580 kB
Buffers:           44120 kB
Cached:           268868 kB
MemTotal:        1844596 kB
MemFree:         1343592 kB
MemAvailable:    1526624 kB
Buffers:           44120 kB
Cached:           268868 kB
MemTotal:        1844596 kB
MemFree:         1343608 kB
MemAvailable:    1526640 kB
Buffers:           44120 kB
Cached:           268868 kB
MemTotal:        1844596 kB
MemFree:         1342548 kB
MemAvailable:    1525580 kB
Buffers:           44120 kB
Cached:           268868 kB
MemTotal:        1844596 kB
MemFree:         1343520 kB
MemAvailable:    1526552 kB
Buffers:           44120 kB
Cached:           268868 kB
MemTotal:        1844596 kB
MemFree:         1343400 kB
MemAvailable:    1526432 kB
Buffers:           44120 kB
Cached:           268868 kB
MemTotal:        1844596 kB
MemFree:         1343652 kB
MemAvailable:    1526684 kB
Buffers:           44120 kB
Cached:           268868 kB
MemTotal:        1844596 kB
MemFree:         1343336 kB
MemAvailable:    1526368 kB
Buffers:           44120 kB
Cached:           268868 kB
MemTotal:        1844596 kB
MemFree:         1343588 kB
MemAvailable:    1526620 kB
Buffers:           44120 kB
Cached:           268868 kB
MemTotal:        1844596 kB
MemFree:         1341796 kB
MemAvailable:    1524828 kB
Buffers:           44120 kB
Cached:           268868 kB
MemTotal:        1844596 kB
MemFree:         1343104 kB
MemAvailable:    1526136 kB
Buffers:           44120 kB
Cached:           268868 kB
MemTotal:        1844596 kB
MemFree:         1341928 kB
MemAvailable:    1524960 kB
Buffers:           44120 kB
Cached:           268868 kB
MemTotal:        1844596 kB
MemFree:         1337092 kB
MemAvailable:    1520124 kB
Buffers:           44120 kB
Cached:           268868 kB
MemTotal:        1844596 kB
MemFree:         1334984 kB
MemAvailable:    1518016 kB
Buffers:           44120 kB
Cached:           268868 kB
MemTotal:        1844596 kB
MemFree:         1335912 kB
MemAvailable:    1519032 kB
Buffers:           44120 kB
Cached:           268996 kB
MemTotal:        1844596 kB
MemFree:         1334736 kB
MemAvailable:    1517940 kB
Buffers:           44120 kB
Cached:           268996 kB
MemTotal:        1844596 kB
MemFree:         1335328 kB
MemAvailable:    1518728 kB
Buffers:           44120 kB
Cached:           269192 kB
MemTotal:        1844596 kB
MemFree:         1335328 kB
MemAvailable:    1518728 kB
Buffers:           44120 kB
Cached:           269192 kB
MemTotal:        1844596 kB
MemFree:         1335076 kB
MemAvailable:    1518644 kB
Buffers:           44120 kB
Cached:           269316 kB
MemTotal:        1844596 kB
MemFree:         1335328 kB
MemAvailable:    1518896 kB
Buffers:           44120 kB
Cached:           269316 kB
MemTotal:        1844596 kB
MemFree:         1335208 kB
MemAvailable:    1518776 kB
Buffers:           44120 kB
Cached:           269440 kB
MemTotal:        1844596 kB
MemFree:         1335028 kB
MemAvailable:    1518680 kB
Buffers:           44120 kB
Cached:           269440 kB
MemTotal:        1844596 kB
MemFree:         1334240 kB
MemAvailable:    1517892 kB
Buffers:           44120 kB
Cached:           269440 kB
MemTotal:        1844596 kB
MemFree:         1334928 kB
MemAvailable:    1518580 kB
Buffers:           44120 kB
Cached:           269440 kB
MemTotal:        1844596 kB
MemFree:         1334864 kB
MemAvailable:    1518516 kB
Buffers:           44120 kB
Cached:           269440 kB
MemTotal:        1844596 kB
MemFree:         1335072 kB
MemAvailable:    1518724 kB
Buffers:           44120 kB
Cached:           269440 kB
MemTotal:        1844596 kB
MemFree:         1335156 kB
MemAvailable:    1518808 kB
Buffers:           44120 kB
Cached:           269440 kB
MemTotal:        1844596 kB
MemFree:         1334980 kB
MemAvailable:    1518716 kB
Buffers:           44120 kB
Cached:           269564 kB
MemTotal:        1844596 kB
MemFree:         1334340 kB
MemAvailable:    1517656 kB
Buffers:           44120 kB
Cached:           269060 kB
MemTotal:        1844596 kB
MemFree:         1402784 kB
MemAvailable:    1585848 kB
Buffers:           44120 kB
Cached:           268808 kB
