MemTotal:        1844596 kB
MemFree:         1253416 kB
MemAvailable:    1546872 kB
Buffers:           56300 kB
Cached:           357404 kB
MemTotal:        1844596 kB
MemFree:         1252176 kB
MemAvailable:    1545632 kB
Buffers:           56300 kB
Cached:           357404 kB
MemTotal:        1844596 kB
MemFree:         1251184 kB
MemAvailable:    1544640 kB
Buffers:           56300 kB
Cached:           357404 kB
MemTotal:        1844596 kB
MemFree:         1248696 kB
MemAvailable:    1542152 kB
Buffers:           56300 kB
Cached:           357404 kB
MemTotal:        1844596 kB
MemFree:         1249632 kB
MemAvailable:    1543092 kB
Buffers:           56300 kB
Cached:           357408 kB
MemTotal:        1844596 kB
MemFree:         1247216 kB
MemAvailable:    1540676 kB
Buffers:           56300 kB
Cached:           357408 kB
MemTotal:        1844596 kB
MemFree:         1248072 kB
MemAvailable:    1541532 kB
Buffers:           56300 kB
Cached:           357408 kB
MemTotal:        1844596 kB
MemFree:         1247456 kB
MemAvailable:    1540916 kB
Buffers:           56300 kB
Cached:           357408 kB
MemTotal:        1844596 kB
MemFree:         1245232 kB
MemAvailable:    1538692 kB
Buffers:           56300 kB
Cached:           357408 kB
MemTotal:        1844596 kB
MemFree:         1243556 kB
MemAvailable:    1537016 kB
Buffers:           56300 kB
Cached:           357408 kB
MemTotal:        1844596 kB
MemFree:         1241140 kB
MemAvailable:    1534600 kB
Buffers:           56300 kB
Cached:           357408 kB
MemTotal:        1844596 kB
MemFree:         1238968 kB
MemAvailable:    1532428 kB
Buffers:           56300 kB
Cached:           357408 kB
MemTotal:        1844596 kB
MemFree:         1236056 kB
MemAvailable:    1529516 kB
Buffers:           56300 kB
Cached:           357408 kB
MemTotal:        1844596 kB
MemFree:         1238148 kB
MemAvailable:    1531608 kB
Buffers:           56300 kB
Cached:           357408 kB
MemTotal:        1844596 kB
MemFree:         1238288 kB
MemAvailable:    1531748 kB
Buffers:           56300 kB
Cached:           357408 kB
MemTotal:        1844596 kB
MemFree:         1236868 kB
MemAvailable:    1530328 kB
Buffers:           56300 kB
Cached:           357408 kB
MemTotal:        1844596 kB
MemFree:         1236752 kB
MemAvailable:    1530212 kB
Buffers:           56300 kB
Cached:           357408 kB
MemTotal:        1844596 kB
MemFree:         1238116 kB
MemAvailable:    1531576 kB
Buffers:           56300 kB
Cached:           357408 kB
MemTotal:        1844596 kB
MemFree:         1237296 kB
MemAvailable:    1530756 kB
Buffers:           56300 kB
Cached:           357408 kB
MemTotal:        1844596 kB
MemFree:         1237776 kB
MemAvailable:    1531236 kB
Buffers:           56300 kB
Cached:           357408 kB
MemTotal:        1844596 kB
MemFree:         1237296 kB
MemAvailable:    1530756 kB
Buffers:           56300 kB
Cached:           357408 kB
MemTotal:        1844596 kB
MemFree:         1236612 kB
MemAvailable:    1530072 kB
Buffers:           56300 kB
Cached:           357408 kB
MemTotal:        1844596 kB
MemFree:         1235860 kB
MemAvailable:    1529320 kB
Buffers:           56300 kB
Cached:           357408 kB
MemTotal:        1844596 kB
MemFree:         1235736 kB
MemAvailable:    1529196 kB
Buffers:           56300 kB
Cached:           357408 kB
MemTotal:        1844596 kB
MemFree:         1234516 kB
MemAvailable:    1527976 kB
Buffers:           56300 kB
Cached:           357408 kB
MemTotal:        1844596 kB
MemFree:         1235840 kB
MemAvailable:    1529300 kB
Buffers:           56300 kB
Cached:           357408 kB
MemTotal:        1844596 kB
MemFree:         1235740 kB
MemAvailable:    1529200 kB
Buffers:           56300 kB
Cached:           357408 kB
MemTotal:        1844596 kB
MemFree:         1235812 kB
MemAvailable:    1529272 kB
Buffers:           56300 kB
Cached:           357408 kB
MemTotal:        1844596 kB
MemFree:         1235304 kB
MemAvailable:    1528764 kB
Buffers:           56300 kB
Cached:           357408 kB
MemTotal:        1844596 kB
MemFree:         1234420 kB
MemAvailable:    1527880 kB
Buffers:           56300 kB
Cached:           357408 kB
MemTotal:        1844596 kB
MemFree:         1235680 kB
MemAvailable:    1529140 kB
Buffers:           56300 kB
Cached:           357408 kB
MemTotal:        1844596 kB
MemFree:         1235716 kB
MemAvailable:    1529176 kB
Buffers:           56300 kB
Cached:           357408 kB
MemTotal:        1844596 kB
MemFree:         1234932 kB
MemAvailable:    1528392 kB
Buffers:           56300 kB
Cached:           357408 kB
MemTotal:        1844596 kB
MemFree:         1236860 kB
MemAvailable:    1530320 kB
Buffers:           56300 kB
Cached:           357408 kB
MemTotal:        1844596 kB
MemFree:         1236944 kB
MemAvailable:    1530404 kB
Buffers:           56300 kB
Cached:           357408 kB
MemTotal:        1844596 kB
MemFree:         1234304 kB
MemAvailable:    1527764 kB
Buffers:           56300 kB
Cached:           357408 kB
MemTotal:        1844596 kB
MemFree:         1233824 kB
MemAvailable:    1527288 kB
Buffers:           56300 kB
Cached:           357412 kB
MemTotal:        1844596 kB
MemFree:         1233428 kB
MemAvailable:    1526892 kB
Buffers:           56300 kB
Cached:           357412 kB
MemTotal:        1844596 kB
MemFree:         1233428 kB
MemAvailable:    1526892 kB
Buffers:           56300 kB
Cached:           357412 kB
MemTotal:        1844596 kB
MemFree:         1231592 kB
MemAvailable:    1525056 kB
Buffers:           56300 kB
Cached:           357412 kB
MemTotal:        1844596 kB
MemFree:         1231592 kB
MemAvailable:    1525056 kB
Buffers:           56300 kB
Cached:           357412 kB
MemTotal:        1844596 kB
MemFree:         1232088 kB
MemAvailable:    1525552 kB
Buffers:           56300 kB
Cached:           357412 kB
MemTotal:        1844596 kB
MemFree:         1230724 kB
MemAvailable:    1524188 kB
Buffers:           56300 kB
Cached:           357412 kB
MemTotal:        1844596 kB
MemFree:         1231580 kB
MemAvailable:    1525044 kB
Buffers:           56300 kB
Cached:           357412 kB
MemTotal:        1844596 kB
MemFree:         1230972 kB
MemAvailable:    1524436 kB
Buffers:           56300 kB
Cached:           357412 kB
MemTotal:        1844596 kB
MemFree:         1231524 kB
MemAvailable:    1524988 kB
Buffers:           56300 kB
Cached:           357412 kB
MemTotal:        1844596 kB
MemFree:         1231220 kB
MemAvailable:    1524684 kB
Buffers:           56300 kB
Cached:           357412 kB
MemTotal:        1844596 kB
MemFree:         1231472 kB
MemAvailable:    1524936 kB
Buffers:           56300 kB
Cached:           357412 kB
MemTotal:        1844596 kB
MemFree:         1231340 kB
MemAvailable:    1524804 kB
Buffers:           56300 kB
Cached:           357412 kB
MemTotal:        1844596 kB
MemFree:         1231424 kB
MemAvailable:    1524888 kB
Buffers:           56300 kB
Cached:           357412 kB
MemTotal:        1844596 kB
MemFree:         1231424 kB
MemAvailable:    1524888 kB
Buffers:           56300 kB
Cached:           357412 kB
MemTotal:        1844596 kB
MemFree:         1230940 kB
MemAvailable:    1524404 kB
Buffers:           56300 kB
Cached:           357412 kB
MemTotal:        1844596 kB
MemFree:         1231024 kB
MemAvailable:    1524488 kB
Buffers:           56300 kB
Cached:           357412 kB
MemTotal:        1844596 kB
MemFree:         1230716 kB
MemAvailable:    1524180 kB
Buffers:           56300 kB
Cached:           357412 kB
MemTotal:        1844596 kB
MemFree:         1229180 kB
MemAvailable:    1522644 kB
Buffers:           56300 kB
Cached:           357412 kB
MemTotal:        1844596 kB
MemFree:         1230452 kB
MemAvailable:    1523916 kB
Buffers:           56300 kB
Cached:           357412 kB
MemTotal:        1844596 kB
MemFree:         1230536 kB
MemAvailable:    1524000 kB
Buffers:           56300 kB
Cached:           357412 kB
MemTotal:        1844596 kB
MemFree:         1230392 kB
MemAvailable:    1523856 kB
Buffers:           56300 kB
Cached:           357412 kB
MemTotal:        1844596 kB
MemFree:         1230560 kB
MemAvailable:    1524024 kB
Buffers:           56300 kB
Cached:           357412 kB
MemTotal:        1844596 kB
MemFree:         1229088 kB
MemAvailable:    1522552 kB
Buffers:           56300 kB
Cached:           357412 kB
MemTotal:        1844596 kB
MemFree:         1229336 kB
MemAvailable:    1522800 kB
Buffers:           56300 kB
Cached:           357412 kB
MemTotal:        1844596 kB
MemFree:         1230764 kB
MemAvailable:    1524228 kB
Buffers:           56300 kB
Cached:           357412 kB
MemTotal:        1844596 kB
MemFree:         1229200 kB
MemAvailable:    1522664 kB
Buffers:           56300 kB
Cached:           357412 kB
MemTotal:        1844596 kB
MemFree:         1230508 kB
MemAvailable:    1523972 kB
Buffers:           56300 kB
Cached:           357412 kB
MemTotal:        1844596 kB
MemFree:         1229228 kB
MemAvailable:    1522692 kB
Buffers:           56300 kB
Cached:           357412 kB
MemTotal:        1844596 kB
MemFree:         1229856 kB
MemAvailable:    1523320 kB
Buffers:           56300 kB
Cached:           357412 kB
MemTotal:        1844596 kB
MemFree:         1230336 kB
MemAvailable:    1523804 kB
Buffers:           56300 kB
Cached:           357416 kB
MemTotal:        1844596 kB
MemFree:         1230336 kB
MemAvailable:    1523804 kB
Buffers:           56300 kB
Cached:           357416 kB
MemTotal:        1844596 kB
MemFree:         1228724 kB
MemAvailable:    1522192 kB
Buffers:           56300 kB
Cached:           357416 kB
MemTotal:        1844596 kB
MemFree:         1229816 kB
MemAvailable:    1523284 kB
Buffers:           56300 kB
Cached:           357416 kB
MemTotal:        1844596 kB
MemFree:         1229900 kB
MemAvailable:    1523368 kB
Buffers:           56300 kB
Cached:           357416 kB
MemTotal:        1844596 kB
MemFree:         1229520 kB
MemAvailable:    1522988 kB
Buffers:           56300 kB
Cached:           357416 kB
MemTotal:        1844596 kB
MemFree:         1229772 kB
MemAvailable:    1523240 kB
Buffers:           56300 kB
Cached:           357416 kB
MemTotal:        1844596 kB
MemFree:         1229604 kB
MemAvailable:    1523072 kB
Buffers:           56300 kB
Cached:           357416 kB
MemTotal:        1844596 kB
MemFree:         1229600 kB
MemAvailable:    1523068 kB
Buffers:           56300 kB
Cached:           357416 kB
MemTotal:        1844596 kB
MemFree:         1228988 kB
MemAvailable:    1522456 kB
Buffers:           56300 kB
Cached:           357416 kB
MemTotal:        1844596 kB
MemFree:         1229456 kB
MemAvailable:    1522924 kB
Buffers:           56300 kB
Cached:           357416 kB
MemTotal:        1844596 kB
MemFree:         1229540 kB
MemAvailable:    1523008 kB
Buffers:           56300 kB
Cached:           357416 kB
MemTotal:        1844596 kB
MemFree:         1229608 kB
MemAvailable:    1523076 kB
Buffers:           56300 kB
Cached:           357416 kB
MemTotal:        1844596 kB
MemFree:         1228196 kB
MemAvailable:    1521664 kB
Buffers:           56300 kB
Cached:           357416 kB
MemTotal:        1844596 kB
MemFree:         1228444 kB
MemAvailable:    1521912 kB
Buffers:           56300 kB
Cached:           357416 kB
MemTotal:        1844596 kB
MemFree:         1229536 kB
MemAvailable:    1523004 kB
Buffers:           56300 kB
Cached:           357416 kB
MemTotal:        1844596 kB
MemFree:         1227244 kB
MemAvailable:    1520712 kB
Buffers:           56300 kB
Cached:           357416 kB
MemTotal:        1844596 kB
MemFree:         1227244 kB
MemAvailable:    1520712 kB
Buffers:           56300 kB
Cached:           357416 kB
MemTotal:        1844596 kB
MemFree:         1222888 kB
MemAvailable:    1516356 kB
Buffers:           56300 kB
Cached:           357416 kB
MemTotal:        1844596 kB
MemFree:         1222888 kB
MemAvailable:    1516356 kB
Buffers:           56300 kB
Cached:           357416 kB
MemTotal:        1844596 kB
MemFree:         1222144 kB
MemAvailable:    1515612 kB
Buffers:           56300 kB
Cached:           357416 kB
MemTotal:        1844596 kB
MemFree:         1222144 kB
MemAvailable:    1515612 kB
Buffers:           56300 kB
Cached:           357416 kB
MemTotal:        1844596 kB
MemFree:         1221832 kB
MemAvailable:    1515300 kB
Buffers:           56300 kB
Cached:           357416 kB
MemTotal:        1844596 kB
MemFree:         1221700 kB
MemAvailable:    1515168 kB
Buffers:           56300 kB
Cached:           357416 kB
MemTotal:        1844596 kB
MemFree:         1220680 kB
MemAvailable:    1514148 kB
Buffers:           56300 kB
Cached:           357416 kB
MemTotal:        1844596 kB
MemFree:         1221680 kB
MemAvailable:    1515148 kB
Buffers:           56300 kB
Cached:           357416 kB
MemTotal:        1844596 kB
MemFree:         1220372 kB
MemAvailable:    1513840 kB
Buffers:           56300 kB
Cached:           357416 kB
MemTotal:        1844596 kB
MemFree:         1221716 kB
MemAvailable:    1515184 kB
Buffers:           56300 kB
Cached:           357416 kB
MemTotal:        1844596 kB
MemFree:         1221668 kB
MemAvailable:    1515136 kB
Buffers:           56300 kB
Cached:           357416 kB
MemTotal:        1844596 kB
MemFree:         1221512 kB
MemAvailable:    1514980 kB
Buffers:           56300 kB
Cached:           357416 kB
MemTotal:        1844596 kB
MemFree:         1221644 kB
MemAvailable:    1515112 kB
Buffers:           56300 kB
Cached:           357416 kB
MemTotal:        1844596 kB
MemFree:         1221548 kB
MemAvailable:    1515016 kB
Buffers:           56300 kB
Cached:           357416 kB
MemTotal:        1844596 kB
MemFree:         1221532 kB
MemAvailable:    1515000 kB
Buffers:           56300 kB
Cached:           357416 kB
MemTotal:        1844596 kB
MemFree:         1221532 kB
MemAvailable:    1515000 kB
Buffers:           56300 kB
Cached:           357416 kB
MemTotal:        1844596 kB
MemFree:         1221608 kB
MemAvailable:    1515076 kB
Buffers:           56300 kB
Cached:           357416 kB
MemTotal:        1844596 kB
MemFree:         1220796 kB
MemAvailable:    1514264 kB
Buffers:           56300 kB
Cached:           357416 kB
MemTotal:        1844596 kB
MemFree:         1221528 kB
MemAvailable:    1514996 kB
Buffers:           56300 kB
Cached:           357416 kB
MemTotal:        1844596 kB
MemFree:         1220176 kB
MemAvailable:    1513644 kB
Buffers:           56300 kB
Cached:           357416 kB
MemTotal:        1844596 kB
MemFree:         1221112 kB
MemAvailable:    1514580 kB
Buffers:           56300 kB
Cached:           357416 kB
MemTotal:        1844596 kB
MemFree:         1220540 kB
MemAvailable:    1514008 kB
Buffers:           56300 kB
Cached:           357416 kB
MemTotal:        1844596 kB
MemFree:         1220540 kB
MemAvailable:    1514008 kB
Buffers:           56300 kB
Cached:           357416 kB
MemTotal:        1844596 kB
MemFree:         1219912 kB
MemAvailable:    1513380 kB
Buffers:           56300 kB
Cached:           357416 kB
MemTotal:        1844596 kB
MemFree:         1219912 kB
MemAvailable:    1513380 kB
Buffers:           56300 kB
Cached:           357416 kB
MemTotal:        1844596 kB
MemFree:         1219860 kB
MemAvailable:    1513328 kB
Buffers:           56300 kB
Cached:           357416 kB
MemTotal:        1844596 kB
MemFree:         1218880 kB
MemAvailable:    1512348 kB
Buffers:           56300 kB
Cached:           357416 kB
MemTotal:        1844596 kB
MemFree:         1217572 kB
MemAvailable:    1511040 kB
Buffers:           56300 kB
Cached:           357416 kB
MemTotal:        1844596 kB
MemFree:         1218748 kB
MemAvailable:    1512216 kB
Buffers:           56300 kB
Cached:           357416 kB
MemTotal:        1844596 kB
MemFree:         1218076 kB
MemAvailable:    1511544 kB
Buffers:           56300 kB
Cached:           357416 kB
MemTotal:        1844596 kB
MemFree:         1217964 kB
MemAvailable:    1511432 kB
Buffers:           56300 kB
Cached:           357416 kB
MemTotal:        1844596 kB
MemFree:         1218088 kB
MemAvailable:    1511556 kB
Buffers:           56300 kB
Cached:           357416 kB
MemTotal:        1844596 kB
MemFree:         1218148 kB
MemAvailable:    1511616 kB
Buffers:           56300 kB
Cached:           357416 kB
MemTotal:        1844596 kB
MemFree:         1216836 kB
MemAvailable:    1510304 kB
Buffers:           56300 kB
Cached:           357416 kB
MemTotal:        1844596 kB
MemFree:         1216836 kB
MemAvailable:    1510308 kB
Buffers:           56300 kB
Cached:           357420 kB
MemTotal:        1844596 kB
MemFree:         1217764 kB
MemAvailable:    1511236 kB
Buffers:           56300 kB
Cached:           357420 kB
MemTotal:        1844596 kB
MemFree:         1217580 kB
MemAvailable:    1511056 kB
Buffers:           56300 kB
Cached:           357424 kB
MemTotal:        1844596 kB
MemFree:         1217788 kB
MemAvailable:    1511264 kB
Buffers:           56300 kB
Cached:           357424 kB
MemTotal:        1844596 kB
MemFree:         1217868 kB
MemAvailable:    1511344 kB
Buffers:           56300 kB
Cached:           357424 kB
MemTotal:        1844596 kB
MemFree:         1216704 kB
MemAvailable:    1510180 kB
Buffers:           56300 kB
Cached:           357424 kB
MemTotal:        1844596 kB
MemFree:         1217768 kB
MemAvailable:    1511244 kB
Buffers:           56300 kB
Cached:           357424 kB
MemTotal:        1844596 kB
MemFree:         1217740 kB
MemAvailable:    1511216 kB
Buffers:           56300 kB
Cached:           357424 kB
MemTotal:        1844596 kB
MemFree:         1217492 kB
MemAvailable:    1510968 kB
Buffers:           56300 kB
Cached:           357424 kB
MemTotal:        1844596 kB
MemFree:         1217492 kB
MemAvailable:    1510968 kB
Buffers:           56300 kB
Cached:           357424 kB
MemTotal:        1844596 kB
MemFree:         1216888 kB
MemAvailable:    1510364 kB
Buffers:           56300 kB
Cached:           357424 kB
MemTotal:        1844596 kB
MemFree:         1217056 kB
MemAvailable:    1510532 kB
Buffers:           56300 kB
Cached:           357424 kB
MemTotal:        1844596 kB
MemFree:         1210000 kB
MemAvailable:    1503476 kB
Buffers:           56300 kB
Cached:           357424 kB
MemTotal:        1844596 kB
MemFree:         1210000 kB
MemAvailable:    1503476 kB
Buffers:           56300 kB
Cached:           357424 kB
MemTotal:        1844596 kB
MemFree:         1209628 kB
MemAvailable:    1503188 kB
Buffers:           56300 kB
Cached:           357548 kB
MemTotal:        1844596 kB
MemFree:         1209604 kB
MemAvailable:    1503332 kB
Buffers:           56300 kB
Cached:           357672 kB
MemTotal:        1844596 kB
MemFree:         1209116 kB
MemAvailable:    1502844 kB
Buffers:           56300 kB
Cached:           357796 kB
MemTotal:        1844596 kB
MemFree:         1209180 kB
MemAvailable:    1503076 kB
Buffers:           56300 kB
Cached:           357920 kB
MemTotal:        1844596 kB
MemFree:         1209432 kB
MemAvailable:    1503328 kB
Buffers:           56300 kB
Cached:           357920 kB
MemTotal:        1844596 kB
MemFree:         1209124 kB
MemAvailable:    1503188 kB
Buffers:           56300 kB
Cached:           358044 kB
MemTotal:        1844596 kB
MemFree:         1209124 kB
MemAvailable:    1503188 kB
Buffers:           56300 kB
Cached:           358044 kB
MemTotal:        1844596 kB
MemFree:         1209072 kB
MemAvailable:    1503220 kB
Buffers:           56300 kB
Cached:           358044 kB
MemTotal:        1844596 kB
MemFree:         1209116 kB
MemAvailable:    1503264 kB
Buffers:           56300 kB
Cached:           358044 kB
MemTotal:        1844596 kB
MemFree:         1209132 kB
MemAvailable:    1503280 kB
Buffers:           56300 kB
Cached:           358044 kB
MemTotal:        1844596 kB
MemFree:         1208148 kB
MemAvailable:    1502296 kB
Buffers:           56300 kB
Cached:           358044 kB
MemTotal:        1844596 kB
MemFree:         1209256 kB
MemAvailable:    1503404 kB
Buffers:           56300 kB
Cached:           358044 kB
MemTotal:        1844596 kB
MemFree:         1209332 kB
MemAvailable:    1503480 kB
Buffers:           56300 kB
Cached:           358044 kB
MemTotal:        1844596 kB
MemFree:         1209000 kB
MemAvailable:    1503148 kB
Buffers:           56300 kB
Cached:           358044 kB
MemTotal:        1844596 kB
MemFree:         1208396 kB
MemAvailable:    1502544 kB
Buffers:           56300 kB
Cached:           358044 kB
MemTotal:        1844596 kB
MemFree:         1207880 kB
MemAvailable:    1502112 kB
Buffers:           56300 kB
Cached:           358168 kB
MemTotal:        1844596 kB
MemFree:         1209548 kB
MemAvailable:    1503108 kB
Buffers:           56300 kB
Cached:           357452 kB
MemTotal:        1844596 kB
MemFree:         1279028 kB
MemAvailable:    1572512 kB
Buffers:           56300 kB
Cached:           357432 kB
