MemTotal:        1844596 kB
MemFree:         1479804 kB
MemAvailable:    1564720 kB
Buffers:           36136 kB
Cached:           181808 kB
MemTotal:        1844596 kB
MemFree:         1478152 kB
MemAvailable:    1563068 kB
Buffers:           36136 kB
Cached:           181808 kB
MemTotal:        1844596 kB
MemFree:         1477308 kB
MemAvailable:    1562224 kB
Buffers:           36136 kB
Cached:           181808 kB
MemTotal:        1844596 kB
MemFree:         1473712 kB
MemAvailable:    1558628 kB
Buffers:           36136 kB
Cached:           181808 kB
MemTotal:        1844596 kB
MemFree:         1473672 kB
MemAvailable:    1558588 kB
Buffers:           36136 kB
Cached:           181808 kB
MemTotal:        1844596 kB
MemFree:         1472432 kB
MemAvailable:    1557348 kB
Buffers:           36136 kB
Cached:           181808 kB
MemTotal:        1844596 kB
MemFree:         1473804 kB
MemAvailable:    1558720 kB
Buffers:           36136 kB
Cached:           181808 kB
MemTotal:        1844596 kB
MemFree:         1471720 kB
MemAvailable:    1556636 kB
Buffers:           36136 kB
Cached:           181808 kB
MemTotal:        1844596 kB
MemFree:         1471720 kB
MemAvailable:    1556636 kB
Buffers:           36136 kB
Cached:           181808 kB
MemTotal:        1844596 kB
MemFree:         1468580 kB
MemAvailable:    1553496 kB
Buffers:           36136 kB
Cached:           181808 kB
MemTotal:        1844596 kB
MemFree:         1466536 kB
MemAvailable:    1551452 kB
Buffers:           36136 kB
Cached:           181808 kB
MemTotal:        1844596 kB
MemFree:         1462568 kB
MemAvailable:    1547484 kB
Buffers:           36136 kB
Cached:           181808 kB
MemTotal:        1844596 kB
MemFree:         1463712 kB
MemAvailable:    1548628 kB
Buffers:           36136 kB
Cached:           181808 kB
MemTotal:        1844596 kB
MemFree:         1463792 kB
MemAvailable:    1548708 kB
Buffers:           36136 kB
Cached:           181808 kB
MemTotal:        1844596 kB
MemFree:         1462500 kB
MemAvailable:    1547416 kB
Buffers:           36136 kB
Cached:           181808 kB
MemTotal:        1844596 kB
MemFree:         1462676 kB
MemAvailable:    1547592 kB
Buffers:           36136 kB
Cached:           181808 kB
MemTotal:        1844596 kB
MemFree:         1463660 kB
MemAvailable:    1548576 kB
Buffers:           36136 kB
Cached:           181808 kB
MemTotal:        1844596 kB
MemFree:         1463912 kB
MemAvailable:    1548828 kB
Buffers:           36136 kB
Cached:           181808 kB
MemTotal:        1844596 kB
MemFree:         1463544 kB
MemAvailable:    1548460 kB
Buffers:           36136 kB
Cached:           181808 kB
MemTotal:        1844596 kB
MemFree:         1462940 kB
MemAvailable:    1547856 kB
Buffers:           36136 kB
Cached:           181808 kB
MemTotal:        1844596 kB
MemFree:         1461800 kB
MemAvailable:    1546716 kB
Buffers:           36136 kB
Cached:           181808 kB
MemTotal:        1844596 kB
MemFree:         1461800 kB
MemAvailable:    1546716 kB
Buffers:           36136 kB
Cached:           181808 kB
MemTotal:        1844596 kB
MemFree:         1461552 kB
MemAvailable:    1546468 kB
Buffers:           36136 kB
Cached:           181808 kB
MemTotal:        1844596 kB
MemFree:         1461420 kB
MemAvailable:    1546336 kB
Buffers:           36136 kB
Cached:           181808 kB
MemTotal:        1844596 kB
MemFree:         1460172 kB
MemAvailable:    1545088 kB
Buffers:           36136 kB
Cached:           181808 kB
MemTotal:        1844596 kB
MemFree:         1460032 kB
MemAvailable:    1544952 kB
Buffers:           36136 kB
Cached:           181812 kB
MemTotal:        1844596 kB
MemFree:         1460468 kB
MemAvailable:    1545388 kB
Buffers:           36136 kB
Cached:           181812 kB
MemTotal:        1844596 kB
MemFree:         1461272 kB
MemAvailable:    1546192 kB
Buffers:           36136 kB
Cached:           181812 kB
MemTotal:        1844596 kB
MemFree:         1461524 kB
MemAvailable:    1546444 kB
Buffers:           36136 kB
Cached:           181812 kB
MemTotal:        1844596 kB
MemFree:         1459948 kB
MemAvailable:    1544868 kB
Buffers:           36136 kB
Cached:           181812 kB
MemTotal:        1844596 kB
MemFree:         1461464 kB
MemAvailable:    1546384 kB
Buffers:           36136 kB
Cached:           181812 kB
MemTotal:        1844596 kB
MemFree:         1460460 kB
MemAvailable:    1545380 kB
Buffers:           36136 kB
Cached:           181812 kB
MemTotal:        1844596 kB
MemFree:         1462544 kB
MemAvailable:    1547464 kB
Buffers:           36136 kB
Cached:           181812 kB
MemTotal:        1844596 kB
MemFree:         1462796 kB
MemAvailable:    1547716 kB
Buffers:           36136 kB
Cached:           181812 kB
MemTotal:        1844596 kB
MemFree:         1462132 kB
MemAvailable:    1547052 kB
Buffers:           36136 kB
Cached:           181812 kB
MemTotal:        1844596 kB
MemFree:         1460636 kB
MemAvailable:    1545556 kB
Buffers:           36136 kB
Cached:           181812 kB
MemTotal:        1844596 kB
MemFree:         1459080 kB
MemAvailable:    1544000 kB
Buffers:           36136 kB
Cached:           181812 kB
MemTotal:        1844596 kB
MemFree:         1459080 kB
MemAvailable:    1544000 kB
Buffers:           36136 kB
Cached:           181812 kB
MemTotal:        1844596 kB
MemFree:         1458584 kB
MemAvailable:    1543504 kB
Buffers:           36136 kB
Cached:           181812 kB
MemTotal:        1844596 kB
MemFree:         1458712 kB
MemAvailable:    1543632 kB
Buffers:           36136 kB
Cached:           181812 kB
MemTotal:        1844596 kB
MemFree:         1458288 kB
MemAvailable:    1543208 kB
Buffers:           36136 kB
Cached:           181812 kB
MemTotal:        1844596 kB
MemFree:         1457336 kB
MemAvailable:    1542256 kB
Buffers:           36136 kB
Cached:           181812 kB
MemTotal:        1844596 kB
MemFree:         1457464 kB
MemAvailable:    1542384 kB
Buffers:           36136 kB
Cached:           181812 kB
MemTotal:        1844596 kB
MemFree:         1457352 kB
MemAvailable:    1542272 kB
Buffers:           36136 kB
Cached:           181812 kB
MemTotal:        1844596 kB
MemFree:         1457096 kB
MemAvailable:    1542016 kB
Buffers:           36136 kB
Cached:           181812 kB
MemTotal:        1844596 kB
MemFree:         1457096 kB
MemAvailable:    1542016 kB
Buffers:           36136 kB
Cached:           181812 kB
MemTotal:        1844596 kB
MemFree:         1457080 kB
MemAvailable:    1542000 kB
Buffers:           36136 kB
Cached:           181812 kB
MemTotal:        1844596 kB
MemFree:         1456368 kB
MemAvailable:    1541288 kB
Buffers:           36136 kB
Cached:           181812 kB
MemTotal:        1844596 kB
MemFree:         1457284 kB
MemAvailable:    1542204 kB
Buffers:           36136 kB
Cached:           181812 kB
MemTotal:        1844596 kB
MemFree:         1456916 kB
MemAvailable:    1541836 kB
Buffers:           36136 kB
Cached:           181812 kB
MemTotal:        1844596 kB
MemFree:         1455340 kB
MemAvailable:    1540260 kB
Buffers:           36136 kB
Cached:           181812 kB
MemTotal:        1844596 kB
MemFree:         1455456 kB
MemAvailable:    1540376 kB
Buffers:           36136 kB
Cached:           181812 kB
MemTotal:        1844596 kB
MemFree:         1456552 kB
MemAvailable:    1541472 kB
Buffers:           36136 kB
Cached:           181812 kB
MemTotal:        1844596 kB
MemFree:         1456080 kB
MemAvailable:    1541000 kB
Buffers:           36136 kB
Cached:           181812 kB
MemTotal:        1844596 kB
MemFree:         1454948 kB
MemAvailable:    1539868 kB
Buffers:           36136 kB
Cached:           181812 kB
MemTotal:        1844596 kB
MemFree:         1456296 kB
MemAvailable:    1541216 kB
Buffers:           36136 kB
Cached:           181812 kB
MemTotal:        1844596 kB
MemFree:         1455492 kB
MemAvailable:    1540412 kB
Buffers:           36136 kB
Cached:           181812 kB
MemTotal:        1844596 kB
MemFree:         1454940 kB
MemAvailable:    1539860 kB
Buffers:           36136 kB
Cached:           181812 kB
MemTotal:        1844596 kB
MemFree:         1456248 kB
MemAvailable:    1541168 kB
Buffers:           36136 kB
Cached:           181812 kB
MemTotal:        1844596 kB
MemFree:         1456304 kB
MemAvailable:    1541224 kB
Buffers:           36136 kB
Cached:           181812 kB
MemTotal:        1844596 kB
MemFree:         1456048 kB
MemAvailable:    1540968 kB
Buffers:           36136 kB
Cached:           181812 kB
MemTotal:        1844596 kB
MemFree:         1456028 kB
MemAvailable:    1540948 kB
Buffers:           36136 kB
Cached:           181812 kB
MemTotal:        1844596 kB
MemFree:         1456112 kB
MemAvailable:    1541032 kB
Buffers:           36136 kB
Cached:           181812 kB
MemTotal:        1844596 kB
MemFree:         1456232 kB
MemAvailable:    1541152 kB
Buffers:           36136 kB
Cached:           181812 kB
MemTotal:        1844596 kB
MemFree:         1454860 kB
MemAvailable:    1539780 kB
Buffers:           36136 kB
Cached:           181812 kB
MemTotal:        1844596 kB
MemFree:         1455972 kB
MemAvailable:    1540892 kB
Buffers:           36136 kB
Cached:           181812 kB
MemTotal:        1844596 kB
MemFree:         1455724 kB
MemAvailable:    1540644 kB
Buffers:           36136 kB
Cached:           181812 kB
MemTotal:        1844596 kB
MemFree:         1455732 kB
MemAvailable:    1540652 kB
Buffers:           36136 kB
Cached:           181812 kB
MemTotal:        1844596 kB
MemFree:         1455740 kB
MemAvailable:    1540660 kB
Buffers:           36136 kB
Cached:           181812 kB
MemTotal:        1844596 kB
MemFree:         1455352 kB
MemAvailable:    1540272 kB
Buffers:           36136 kB
Cached:           181812 kB
MemTotal:        1844596 kB
MemFree:         1455436 kB
MemAvailable:    1540356 kB
Buffers:           36136 kB
Cached:           181812 kB
MemTotal:        1844596 kB
MemFree:         1455172 kB
MemAvailable:    1540092 kB
Buffers:           36136 kB
Cached:           181812 kB
MemTotal:        1844596 kB
MemFree:         1455128 kB
MemAvailable:    1540048 kB
Buffers:           36136 kB
Cached:           181812 kB
MemTotal:        1844596 kB
MemFree:         1455196 kB
MemAvailable:    1540116 kB
Buffers:           36136 kB
Cached:           181812 kB
MemTotal:        1844596 kB
MemFree:         1454116 kB
MemAvailable:    1539036 kB
Buffers:           36136 kB
Cached:           181812 kB
MemTotal:        1844596 kB
MemFree:         1455460 kB
MemAvailable:    1540380 kB
Buffers:           36136 kB
Cached:           181812 kB
MemTotal:        1844596 kB
MemFree:         1453852 kB
MemAvailable:    1538772 kB
Buffers:           36136 kB
Cached:           181812 kB
MemTotal:        1844596 kB
MemFree:         1455176 kB
MemAvailable:    1540096 kB
Buffers:           36136 kB
Cached:           181812 kB
MemTotal:        1844596 kB
MemFree:         1455428 kB
MemAvailable:    1540348 kB
Buffers:           36136 kB
Cached:           181812 kB
MemTotal:        1844596 kB
MemFree:         1455204 kB
MemAvailable:    1540124 kB
Buffers:           36136 kB
Cached:           181812 kB
MemTotal:        1844596 kB
MemFree:         1454080 kB
MemAvailable:    1539000 kB
Buffers:           36136 kB
Cached:           181812 kB
MemTotal:        1844596 kB
MemFree:         1455300 kB
MemAvailable:    1540220 kB
Buffers:           36136 kB
Cached:           181812 kB
MemTotal:        1844596 kB
MemFree:         1452276 kB
MemAvailable:    1537196 kB
Buffers:           36136 kB
Cached:           181812 kB
MemTotal:        1844596 kB
MemFree:         1450912 kB
MemAvailable:    1535832 kB
Buffers:           36136 kB
Cached:           181812 kB
MemTotal:        1844596 kB
MemFree:         1448184 kB
MemAvailable:    1533104 kB
Buffers:           36136 kB
Cached:           181812 kB
MemTotal:        1844596 kB
MemFree:         1447796 kB
MemAvailable:    1532716 kB
Buffers:           36136 kB
Cached:           181812 kB
MemTotal:        1844596 kB
MemFree:         1447564 kB
MemAvailable:    1532484 kB
Buffers:           36136 kB
Cached:           181812 kB
MemTotal:        1844596 kB
MemFree:         1447284 kB
MemAvailable:    1532204 kB
Buffers:           36136 kB
Cached:           181812 kB
MemTotal:        1844596 kB
MemFree:         1447536 kB
MemAvailable:    1532456 kB
Buffers:           36136 kB
Cached:           181812 kB
MemTotal:        1844596 kB
MemFree:         1447236 kB
MemAvailable:    1532156 kB
Buffers:           36136 kB
Cached:           181812 kB
MemTotal:        1844596 kB
MemFree:         1447404 kB
MemAvailable:    1532324 kB
Buffers:           36136 kB
Cached:           181812 kB
MemTotal:        1844596 kB
MemFree:         1447120 kB
MemAvailable:    1532040 kB
Buffers:           36136 kB
Cached:           181812 kB
MemTotal:        1844596 kB
MemFree:         1447372 kB
MemAvailable:    1532292 kB
Buffers:           36136 kB
Cached:           181812 kB
MemTotal:        1844596 kB
MemFree:         1447248 kB
MemAvailable:    1532168 kB
Buffers:           36136 kB
Cached:           181812 kB
MemTotal:        1844596 kB
MemFree:         1447248 kB
MemAvailable:    1532168 kB
Buffers:           36136 kB
Cached:           181812 kB
MemTotal:        1844596 kB
MemFree:         1447128 kB
MemAvailable:    1532048 kB
Buffers:           36136 kB
Cached:           181812 kB
MemTotal:        1844596 kB
MemFree:         1447384 kB
MemAvailable:    1532304 kB
Buffers:           36136 kB
Cached:           181812 kB
MemTotal:        1844596 kB
MemFree:         1446048 kB
MemAvailable:    1530968 kB
Buffers:           36136 kB
Cached:           181812 kB
MemTotal:        1844596 kB
MemFree:         1447412 kB
MemAvailable:    1532332 kB
Buffers:           36136 kB
Cached:           181812 kB
MemTotal:        1844596 kB
MemFree:         1447108 kB
MemAvailable:    1532028 kB
Buffers:           36136 kB
Cached:           181812 kB
MemTotal:        1844596 kB
MemFree:         1447108 kB
MemAvailable:    1532028 kB
Buffers:           36136 kB
Cached:           181812 kB
MemTotal:        1844596 kB
MemFree:         1447152 kB
MemAvailable:    1532084 kB
Buffers:           36136 kB
Cached:           181824 kB
MemTotal:        1844596 kB
MemFree:         1447052 kB
MemAvailable:    1531984 kB
Buffers:           36136 kB
Cached:           181824 kB
MemTotal:        1844596 kB
MemFree:         1446076 kB
MemAvailable:    1531008 kB
Buffers:           36136 kB
Cached:           181824 kB
MemTotal:        1844596 kB
MemFree:         1446608 kB
MemAvailable:    1531540 kB
Buffers:           36136 kB
Cached:           181824 kB
MemTotal:        1844596 kB
MemFree:         1446608 kB
MemAvailable:    1531540 kB
Buffers:           36136 kB
Cached:           181824 kB
MemTotal:        1844596 kB
MemFree:         1444960 kB
MemAvailable:    1529892 kB
Buffers:           36136 kB
Cached:           181824 kB
MemTotal:        1844596 kB
MemFree:         1446012 kB
MemAvailable:    1530944 kB
Buffers:           36136 kB
Cached:           181824 kB
MemTotal:        1844596 kB
MemFree:         1445764 kB
MemAvailable:    1530696 kB
Buffers:           36136 kB
Cached:           181824 kB
MemTotal:        1844596 kB
MemFree:         1444464 kB
MemAvailable:    1529396 kB
Buffers:           36136 kB
Cached:           181824 kB
MemTotal:        1844596 kB
MemFree:         1445328 kB
MemAvailable:    1530260 kB
Buffers:           36136 kB
Cached:           181824 kB
MemTotal:        1844596 kB
MemFree:         1443836 kB
MemAvailable:    1528768 kB
Buffers:           36136 kB
Cached:           181824 kB
MemTotal:        1844596 kB
MemFree:         1444320 kB
MemAvailable:    1529252 kB
Buffers:           36136 kB
Cached:           181824 kB
MemTotal:        1844596 kB
MemFree:         1444272 kB
MemAvailable:    1529204 kB
Buffers:           36136 kB
Cached:           181824 kB
MemTotal:        1844596 kB
MemFree:         1444084 kB
MemAvailable:    1529016 kB
Buffers:           36136 kB
Cached:           181824 kB
MemTotal:        1844596 kB
MemFree:         1442968 kB
MemAvailable:    1527900 kB
Buffers:           36136 kB
Cached:           181824 kB
MemTotal:        1844596 kB
MemFree:         1443904 kB
MemAvailable:    1528836 kB
Buffers:           36136 kB
Cached:           181824 kB
MemTotal:        1844596 kB
MemFree:         1443772 kB
MemAvailable:    1528704 kB
Buffers:           36136 kB
Cached:           181824 kB
MemTotal:        1844596 kB
MemFree:         1442852 kB
MemAvailable:    1527784 kB
Buffers:           36136 kB
Cached:           181824 kB
MemTotal:        1844596 kB
MemFree:         1443144 kB
MemAvailable:    1528076 kB
Buffers:           36136 kB
Cached:           181824 kB
MemTotal:        1844596 kB
MemFree:         1443376 kB
MemAvailable:    1528308 kB
Buffers:           36136 kB
Cached:           181824 kB
MemTotal:        1844596 kB
MemFree:         1443320 kB
MemAvailable:    1528252 kB
Buffers:           36136 kB
Cached:           181824 kB
MemTotal:        1844596 kB
MemFree:         1443572 kB
MemAvailable:    1528504 kB
Buffers:           36136 kB
Cached:           181824 kB
MemTotal:        1844596 kB
MemFree:         1443144 kB
MemAvailable:    1528076 kB
Buffers:           36136 kB
Cached:           181824 kB
MemTotal:        1844596 kB
MemFree:         1443396 kB
MemAvailable:    1528328 kB
Buffers:           36136 kB
Cached:           181824 kB
MemTotal:        1844596 kB
MemFree:         1442080 kB
MemAvailable:    1527012 kB
Buffers:           36136 kB
Cached:           181824 kB
MemTotal:        1844596 kB
MemFree:         1443388 kB
MemAvailable:    1528320 kB
Buffers:           36136 kB
Cached:           181824 kB
MemTotal:        1844596 kB
MemFree:         1442960 kB
MemAvailable:    1527892 kB
Buffers:           36136 kB
Cached:           181824 kB
MemTotal:        1844596 kB
MemFree:         1442216 kB
MemAvailable:    1527148 kB
Buffers:           36136 kB
Cached:           181824 kB
MemTotal:        1844596 kB
MemFree:         1442580 kB
MemAvailable:    1527512 kB
Buffers:           36136 kB
Cached:           181824 kB
MemTotal:        1844596 kB
MemFree:         1440620 kB
MemAvailable:    1525552 kB
Buffers:           36136 kB
Cached:           181824 kB
MemTotal:        1844596 kB
MemFree:         1434852 kB
MemAvailable:    1519784 kB
Buffers:           36136 kB
Cached:           181824 kB
MemTotal:        1844596 kB
MemFree:         1433428 kB
MemAvailable:    1518360 kB
Buffers:           36136 kB
Cached:           181824 kB
MemTotal:        1844596 kB
MemFree:         1433372 kB
MemAvailable:    1518304 kB
Buffers:           36136 kB
Cached:           181824 kB
MemTotal:        1844596 kB
MemFree:         1434592 kB
MemAvailable:    1519524 kB
Buffers:           36136 kB
Cached:           181824 kB
MemTotal:        1844596 kB
MemFree:         1434400 kB
MemAvailable:    1519332 kB
Buffers:           36136 kB
Cached:           181824 kB
MemTotal:        1844596 kB
MemFree:         1434484 kB
MemAvailable:    1519416 kB
Buffers:           36136 kB
Cached:           181824 kB
MemTotal:        1844596 kB
MemFree:         1434432 kB
MemAvailable:    1519364 kB
Buffers:           36136 kB
Cached:           181824 kB
MemTotal:        1844596 kB
MemFree:         1435124 kB
MemAvailable:    1520056 kB
Buffers:           36136 kB
Cached:           181824 kB
MemTotal:        1844596 kB
MemFree:         1436416 kB
MemAvailable:    1521348 kB
Buffers:           36136 kB
Cached:           181824 kB
MemTotal:        1844596 kB
MemFree:         1436672 kB
MemAvailable:    1521604 kB
Buffers:           36136 kB
Cached:           181824 kB
MemTotal:        1844596 kB
MemFree:         1436184 kB
MemAvailable:    1521284 kB
Buffers:           36136 kB
Cached:           182072 kB
MemTotal:        1844596 kB
MemFree:         1436436 kB
MemAvailable:    1521536 kB
Buffers:           36136 kB
Cached:           182072 kB
MemTotal:        1844596 kB
MemFree:         1436200 kB
MemAvailable:    1521468 kB
Buffers:           36136 kB
Cached:           182196 kB
MemTotal:        1844596 kB
MemFree:         1434916 kB
MemAvailable:    1520184 kB
Buffers:           36136 kB
Cached:           182196 kB
MemTotal:        1844596 kB
MemFree:         1434728 kB
MemAvailable:    1520080 kB
Buffers:           36136 kB
Cached:           182320 kB
MemTotal:        1844596 kB
MemFree:         1435912 kB
MemAvailable:    1521348 kB
Buffers:           36136 kB
Cached:           182444 kB
MemTotal:        1844596 kB
MemFree:         1434916 kB
MemAvailable:    1520352 kB
Buffers:           36136 kB
Cached:           182444 kB
MemTotal:        1844596 kB
MemFree:         1435772 kB
MemAvailable:    1521292 kB
Buffers:           36136 kB
Cached:           182444 kB
MemTotal:        1844596 kB
MemFree:         1435660 kB
MemAvailable:    1521180 kB
Buffers:           36136 kB
Cached:           182444 kB
MemTotal:        1844596 kB
MemFree:         1435696 kB
MemAvailable:    1521216 kB
Buffers:           36136 kB
Cached:           182444 kB
MemTotal:        1844596 kB
MemFree:         1435760 kB
MemAvailable:    1521280 kB
Buffers:           36136 kB
Cached:           182444 kB
MemTotal:        1844596 kB
MemFree:         1435040 kB
MemAvailable:    1520560 kB
Buffers:           36136 kB
Cached:           182444 kB
MemTotal:        1844596 kB
MemFree:         1435764 kB
MemAvailable:    1521284 kB
Buffers:           36136 kB
Cached:           182444 kB
MemTotal:        1844596 kB
MemFree:         1435832 kB
MemAvailable:    1521352 kB
Buffers:           36136 kB
Cached:           182444 kB
MemTotal:        1844596 kB
MemFree:         1435852 kB
MemAvailable:    1520784 kB
Buffers:           36136 kB
Cached:           181812 kB
MemTotal:        1844596 kB
MemFree:         1435832 kB
MemAvailable:    1521436 kB
Buffers:           36136 kB
Cached:           182568 kB
MemTotal:        1844596 kB
MemFree:         1504440 kB
MemAvailable:    1589372 kB
Buffers:           36136 kB
Cached:           181936 kB
