MemTotal:        1844596 kB
MemFree:         1207212 kB
MemAvailable:    1542144 kB
Buffers:           60324 kB
Cached:           391160 kB
MemTotal:        1844596 kB
MemFree:         1206528 kB
MemAvailable:    1541460 kB
Buffers:           60324 kB
Cached:           391160 kB
MemTotal:        1844596 kB
MemFree:         1205168 kB
MemAvailable:    1540100 kB
Buffers:           60324 kB
Cached:           391160 kB
MemTotal:        1844596 kB
MemFree:         1203564 kB
MemAvailable:    1538496 kB
Buffers:           60324 kB
Cached:           391160 kB
MemTotal:        1844596 kB
MemFree:         1203056 kB
MemAvailable:    1537988 kB
Buffers:           60324 kB
Cached:           391160 kB
MemTotal:        1844596 kB
MemFree:         1201756 kB
MemAvailable:    1536688 kB
Buffers:           60324 kB
Cached:           391160 kB
MemTotal:        1844596 kB
MemFree:         1202324 kB
MemAvailable:    1537256 kB
Buffers:           60324 kB
Cached:           391160 kB
MemTotal:        1844596 kB
MemFree:         1201692 kB
MemAvailable:    1536624 kB
Buffers:           60324 kB
Cached:           391160 kB
MemTotal:        1844596 kB
MemFree:         1199648 kB
MemAvailable:    1534580 kB
Buffers:           60324 kB
Cached:           391160 kB
MemTotal:        1844596 kB
MemFree:         1196780 kB
MemAvailable:    1531712 kB
Buffers:           60324 kB
Cached:           391160 kB
MemTotal:        1844596 kB
MemFree:         1196780 kB
MemAvailable:    1531712 kB
Buffers:           60324 kB
Cached:           391160 kB
MemTotal:        1844596 kB
MemFree:         1191896 kB
MemAvailable:    1526828 kB
Buffers:           60324 kB
Cached:           391160 kB
MemTotal:        1844596 kB
MemFree:         1192952 kB
MemAvailable:    1527884 kB
Buffers:           60324 kB
Cached:           391160 kB
MemTotal:        1844596 kB
MemFree:         1191836 kB
MemAvailable:    1526768 kB
Buffers:           60324 kB
Cached:           391160 kB
MemTotal:        1844596 kB
MemFree:         1193032 kB
MemAvailable:    1527964 kB
Buffers:           60324 kB
Cached:           391160 kB
MemTotal:        1844596 kB
MemFree:         1192804 kB
MemAvailable:    1527736 kB
Buffers:           60324 kB
Cached:           391160 kB
MemTotal:        1844596 kB
MemFree:         1192972 kB
MemAvailable:    1527904 kB
Buffers:           60324 kB
Cached:           391160 kB
MemTotal:        1844596 kB
MemFree:         1192640 kB
MemAvailable:    1527572 kB
Buffers:           60324 kB
Cached:           391160 kB
MemTotal:        1844596 kB
MemFree:         1192640 kB
MemAvailable:    1527572 kB
Buffers:           60324 kB
Cached:           391160 kB
MemTotal:        1844596 kB
MemFree:         1191524 kB
MemAvailable:    1526456 kB
Buffers:           60324 kB
Cached:           391160 kB
MemTotal:        1844596 kB
MemFree:         1189728 kB
MemAvailable:    1524660 kB
Buffers:           60324 kB
Cached:           391160 kB
MemTotal:        1844596 kB
MemFree:         1190908 kB
MemAvailable:    1525840 kB
Buffers:           60324 kB
Cached:           391160 kB
MemTotal:        1844596 kB
MemFree:         1189348 kB
MemAvailable:    1524280 kB
Buffers:           60324 kB
Cached:           391160 kB
MemTotal:        1844596 kB
MemFree:         1190608 kB
MemAvailable:    1525540 kB
Buffers:           60324 kB
Cached:           391160 kB
MemTotal:        1844596 kB
MemFree:         1190584 kB
MemAvailable:    1525516 kB
Buffers:           60324 kB
Cached:           391160 kB
MemTotal:        1844596 kB
MemFree:         1189604 kB
MemAvailable:    1524536 kB
Buffers:           60324 kB
Cached:           391160 kB
MemTotal:        1844596 kB
MemFree:         1190780 kB
MemAvailable:    1525716 kB
Buffers:           60324 kB
Cached:           391164 kB
MemTotal:        1844596 kB
MemFree:         1189356 kB
MemAvailable:    1524292 kB
Buffers:           60324 kB
Cached:           391164 kB
MemTotal:        1844596 kB
MemFree:         1189092 kB
MemAvailable:    1524028 kB
Buffers:           60324 kB
Cached:           391164 kB
MemTotal:        1844596 kB
MemFree:         1191744 kB
MemAvailable:    1526680 kB
Buffers:           60324 kB
Cached:           391164 kB
MemTotal:        1844596 kB
MemFree:         1191744 kB
MemAvailable:    1526680 kB
Buffers:           60324 kB
Cached:           391164 kB
MemTotal:        1844596 kB
MemFree:         1191324 kB
MemAvailable:    1526260 kB
Buffers:           60324 kB
Cached:           391164 kB
MemTotal:        1844596 kB
MemFree:         1191216 kB
MemAvailable:    1526152 kB
Buffers:           60324 kB
Cached:           391164 kB
MemTotal:        1844596 kB
MemFree:         1188364 kB
MemAvailable:    1523300 kB
Buffers:           60324 kB
Cached:           391164 kB
MemTotal:        1844596 kB
MemFree:         1187116 kB
MemAvailable:    1522052 kB
Buffers:           60324 kB
Cached:           391164 kB
MemTotal:        1844596 kB
MemFree:         1187844 kB
MemAvailable:    1522780 kB
Buffers:           60324 kB
Cached:           391164 kB
MemTotal:        1844596 kB
MemFree:         1187972 kB
MemAvailable:    1522908 kB
Buffers:           60324 kB
Cached:           391164 kB
MemTotal:        1844596 kB
MemFree:         1187100 kB
MemAvailable:    1522036 kB
Buffers:           60324 kB
Cached:           391164 kB
MemTotal:        1844596 kB
MemFree:         1187184 kB
MemAvailable:    1522120 kB
Buffers:           60324 kB
Cached:           391164 kB
MemTotal:        1844596 kB
MemFree:         1186688 kB
MemAvailable:    1521624 kB
Buffers:           60324 kB
Cached:           391164 kB
MemTotal:        1844596 kB
MemFree:         1185256 kB
MemAvailable:    1520192 kB
Buffers:           60324 kB
Cached:           391164 kB
MemTotal:        1844596 kB
MemFree:         1186480 kB
MemAvailable:    1521416 kB
Buffers:           60324 kB
Cached:           391164 kB
MemTotal:        1844596 kB
MemFree:         1184992 kB
MemAvailable:    1519928 kB
Buffers:           60324 kB
Cached:           391164 kB
MemTotal:        1844596 kB
MemFree:         1186240 kB
MemAvailable:    1521180 kB
Buffers:           60324 kB
Cached:           391168 kB
MemTotal:        1844596 kB
MemFree:         1186240 kB
MemAvailable:    1521180 kB
Buffers:           60324 kB
Cached:           391168 kB
MemTotal:        1844596 kB
MemFree:         1186184 kB
MemAvailable:    1521124 kB
Buffers:           60324 kB
Cached:           391168 kB
MemTotal:        1844596 kB
MemFree:         1184752 kB
MemAvailable:    1519692 kB
Buffers:           60324 kB
Cached:           391168 kB
MemTotal:        1844596 kB
MemFree:         1185512 kB
MemAvailable:    1520452 kB
Buffers:           60324 kB
Cached:           391168 kB
MemTotal:        1844596 kB
MemFree:         1185768 kB
MemAvailable:    1520708 kB
Buffers:           60324 kB
Cached:           391168 kB
MemTotal:        1844596 kB
MemFree:         1185276 kB
MemAvailable:    1520216 kB
Buffers:           60324 kB
Cached:           391168 kB
MemTotal:        1844596 kB
MemFree:         1183984 kB
MemAvailable:    1518924 kB
Buffers:           60324 kB
Cached:           391168 kB
MemTotal:        1844596 kB
MemFree:         1185216 kB
MemAvailable:    1520156 kB
Buffers:           60324 kB
Cached:           391168 kB
MemTotal:        1844596 kB
MemFree:         1184884 kB
MemAvailable:    1519824 kB
Buffers:           60324 kB
Cached:           391168 kB
MemTotal:        1844596 kB
MemFree:         1185644 kB
MemAvailable:    1520584 kB
Buffers:           60324 kB
Cached:           391168 kB
MemTotal:        1844596 kB
MemFree:         1184528 kB
MemAvailable:    1519468 kB
Buffers:           60324 kB
Cached:           391168 kB
MemTotal:        1844596 kB
MemFree:         1185120 kB
MemAvailable:    1520060 kB
Buffers:           60324 kB
Cached:           391168 kB
MemTotal:        1844596 kB
MemFree:         1185204 kB
MemAvailable:    1520144 kB
Buffers:           60324 kB
Cached:           391168 kB
MemTotal:        1844596 kB
MemFree:         1183968 kB
MemAvailable:    1518908 kB
Buffers:           60324 kB
Cached:           391168 kB
MemTotal:        1844596 kB
MemFree:         1185216 kB
MemAvailable:    1520156 kB
Buffers:           60324 kB
Cached:           391168 kB
MemTotal:        1844596 kB
MemFree:         1185024 kB
MemAvailable:    1519964 kB
Buffers:           60324 kB
Cached:           391168 kB
MemTotal:        1844596 kB
MemFree:         1185068 kB
MemAvailable:    1520008 kB
Buffers:           60324 kB
Cached:           391168 kB
MemTotal:        1844596 kB
MemFree:         1185404 kB
MemAvailable:    1520344 kB
Buffers:           60324 kB
Cached:           391168 kB
MemTotal:        1844596 kB
MemFree:         1183968 kB
MemAvailable:    1518908 kB
Buffers:           60324 kB
Cached:           391168 kB
MemTotal:        1844596 kB
MemFree:         1183712 kB
MemAvailable:    1518652 kB
Buffers:           60324 kB
Cached:           391168 kB
MemTotal:        1844596 kB
MemFree:         1184456 kB
MemAvailable:    1519396 kB
Buffers:           60324 kB
Cached:           391168 kB
MemTotal:        1844596 kB
MemFree:         1184456 kB
MemAvailable:    1519396 kB
Buffers:           60324 kB
Cached:           391168 kB
MemTotal:        1844596 kB
MemFree:         1184332 kB
MemAvailable:    1519272 kB
Buffers:           60324 kB
Cached:           391168 kB
MemTotal:        1844596 kB
MemFree:         1184588 kB
MemAvailable:    1519528 kB
Buffers:           60324 kB
Cached:           391168 kB
MemTotal:        1844596 kB
MemFree:         1183384 kB
MemAvailable:    1518324 kB
Buffers:           60324 kB
Cached:           391168 kB
MemTotal:        1844596 kB
MemFree:         1184436 kB
MemAvailable:    1519376 kB
Buffers:           60324 kB
Cached:           391168 kB
MemTotal:        1844596 kB
MemFree:         1184688 kB
MemAvailable:    1519628 kB
Buffers:           60324 kB
Cached:           391168 kB
MemTotal:        1844596 kB
MemFree:         1183384 kB
MemAvailable:    1518324 kB
Buffers:           60324 kB
Cached:           391168 kB
MemTotal:        1844596 kB
MemFree:         1184568 kB
MemAvailable:    1519508 kB
Buffers:           60324 kB
Cached:           391168 kB
MemTotal:        1844596 kB
MemFree:         1184460 kB
MemAvailable:    1519400 kB
Buffers:           60324 kB
Cached:           391168 kB
MemTotal:        1844596 kB
MemFree:         1184364 kB
MemAvailable:    1519304 kB
Buffers:           60324 kB
Cached:           391168 kB
MemTotal:        1844596 kB
MemFree:         1184396 kB
MemAvailable:    1519336 kB
Buffers:           60324 kB
Cached:           391168 kB
MemTotal:        1844596 kB
MemFree:         1180660 kB
MemAvailable:    1515600 kB
Buffers:           60324 kB
Cached:           391168 kB
MemTotal:        1844596 kB
MemFree:         1178700 kB
MemAvailable:    1513640 kB
Buffers:           60324 kB
Cached:           391168 kB
MemTotal:        1844596 kB
MemFree:         1177072 kB
MemAvailable:    1512012 kB
Buffers:           60324 kB
Cached:           391168 kB
MemTotal:        1844596 kB
MemFree:         1177072 kB
MemAvailable:    1512012 kB
Buffers:           60324 kB
Cached:           391168 kB
MemTotal:        1844596 kB
MemFree:         1176676 kB
MemAvailable:    1511616 kB
Buffers:           60324 kB
Cached:           391168 kB
MemTotal:        1844596 kB
MemFree:         1176928 kB
MemAvailable:    1511868 kB
Buffers:           60324 kB
Cached:           391168 kB
MemTotal:        1844596 kB
MemFree:         1175576 kB
MemAvailable:    1510516 kB
Buffers:           60324 kB
Cached:           391168 kB
MemTotal:        1844596 kB
MemFree:         1176692 kB
MemAvailable:    1511632 kB
Buffers:           60324 kB
Cached:           391168 kB
MemTotal:        1844596 kB
MemFree:         1175600 kB
MemAvailable:    1510540 kB
Buffers:           60324 kB
Cached:           391168 kB
MemTotal:        1844596 kB
MemFree:         1176472 kB
MemAvailable:    1511412 kB
Buffers:           60324 kB
Cached:           391168 kB
MemTotal:        1844596 kB
MemFree:         1175296 kB
MemAvailable:    1510236 kB
Buffers:           60324 kB
Cached:           391168 kB
MemTotal:        1844596 kB
MemFree:         1175420 kB
MemAvailable:    1510360 kB
Buffers:           60324 kB
Cached:           391168 kB
MemTotal:        1844596 kB
MemFree:         1176652 kB
MemAvailable:    1511592 kB
Buffers:           60324 kB
Cached:           391168 kB
MemTotal:        1844596 kB
MemFree:         1175208 kB
MemAvailable:    1510148 kB
Buffers:           60324 kB
Cached:           391168 kB
MemTotal:        1844596 kB
MemFree:         1175324 kB
MemAvailable:    1510264 kB
Buffers:           60324 kB
Cached:           391168 kB
MemTotal:        1844596 kB
MemFree:         1176632 kB
MemAvailable:    1511572 kB
Buffers:           60324 kB
Cached:           391168 kB
MemTotal:        1844596 kB
MemFree:         1175200 kB
MemAvailable:    1510140 kB
Buffers:           60324 kB
Cached:           391168 kB
MemTotal:        1844596 kB
MemFree:         1176500 kB
MemAvailable:    1511440 kB
Buffers:           60324 kB
Cached:           391168 kB
MemTotal:        1844596 kB
MemFree:         1175832 kB
MemAvailable:    1510772 kB
Buffers:           60324 kB
Cached:           391168 kB
MemTotal:        1844596 kB
MemFree:         1176168 kB
MemAvailable:    1511108 kB
Buffers:           60324 kB
Cached:           391168 kB
MemTotal:        1844596 kB
MemFree:         1175644 kB
MemAvailable:    1510584 kB
Buffers:           60324 kB
Cached:           391168 kB
MemTotal:        1844596 kB
MemFree:         1174368 kB
MemAvailable:    1509308 kB
Buffers:           60324 kB
Cached:           391168 kB
MemTotal:        1844596 kB
MemFree:         1175040 kB
MemAvailable:    1509980 kB
Buffers:           60324 kB
Cached:           391168 kB
MemTotal:        1844596 kB
MemFree:         1173864 kB
MemAvailable:    1508804 kB
Buffers:           60324 kB
Cached:           391168 kB
MemTotal:        1844596 kB
MemFree:         1174676 kB
MemAvailable:    1509616 kB
Buffers:           60324 kB
Cached:           391168 kB
MemTotal:        1844596 kB
MemFree:         1174676 kB
MemAvailable:    1509616 kB
Buffers:           60324 kB
Cached:           391168 kB
MemTotal:        1844596 kB
MemFree:         1173980 kB
MemAvailable:    1508920 kB
Buffers:           60324 kB
Cached:           391168 kB
MemTotal:        1844596 kB
MemFree:         1173536 kB
MemAvailable:    1508476 kB
Buffers:           60324 kB
Cached:           391168 kB
MemTotal:        1844596 kB
MemFree:         1173788 kB
MemAvailable:    1508728 kB
Buffers:           60324 kB
Cached:           391168 kB
MemTotal:        1844596 kB
MemFree:         1173304 kB
MemAvailable:    1508244 kB
Buffers:           60324 kB
Cached:           391168 kB
MemTotal:        1844596 kB
MemFree:         1173172 kB
MemAvailable:    1508112 kB
Buffers:           60324 kB
Cached:           391168 kB
MemTotal:        1844596 kB
MemFree:         1172724 kB
MemAvailable:    1507664 kB
Buffers:           60324 kB
Cached:           391168 kB
MemTotal:        1844596 kB
MemFree:         1172724 kB
MemAvailable:    1507664 kB
Buffers:           60324 kB
Cached:           391168 kB
MemTotal:        1844596 kB
MemFree:         1172628 kB
MemAvailable:    1507568 kB
Buffers:           60324 kB
Cached:           391168 kB
MemTotal:        1844596 kB
MemFree:         1171448 kB
MemAvailable:    1506388 kB
Buffers:           60324 kB
Cached:           391168 kB
MemTotal:        1844596 kB
MemFree:         1171952 kB
MemAvailable:    1506892 kB
Buffers:           60324 kB
Cached:           391168 kB
MemTotal:        1844596 kB
MemFree:         1172932 kB
MemAvailable:    1507880 kB
Buffers:           60324 kB
Cached:           391176 kB
MemTotal:        1844596 kB
MemFree:         1172800 kB
MemAvailable:    1507748 kB
Buffers:           60324 kB
Cached:           391176 kB
MemTotal:        1844596 kB
MemFree:         1172800 kB
MemAvailable:    1507748 kB
Buffers:           60324 kB
Cached:           391176 kB
MemTotal:        1844596 kB
MemFree:         1171880 kB
MemAvailable:    1506828 kB
Buffers:           60324 kB
Cached:           391176 kB
MemTotal:        1844596 kB
MemFree:         1172228 kB
MemAvailable:    1507176 kB
Buffers:           60324 kB
Cached:           391176 kB
MemTotal:        1844596 kB
MemFree:         1172564 kB
MemAvailable:    1507512 kB
Buffers:           60324 kB
Cached:           391176 kB
MemTotal:        1844596 kB
MemFree:         1170996 kB
MemAvailable:    1505944 kB
Buffers:           60324 kB
Cached:           391176 kB
MemTotal:        1844596 kB
MemFree:         1168964 kB
MemAvailable:    1503912 kB
Buffers:           60324 kB
Cached:           391176 kB
MemTotal:        1844596 kB
MemFree:         1164192 kB
MemAvailable:    1499140 kB
Buffers:           60324 kB
Cached:           391176 kB
MemTotal:        1844596 kB
MemFree:         1164044 kB
MemAvailable:    1498992 kB
Buffers:           60324 kB
Cached:           391176 kB
MemTotal:        1844596 kB
MemFree:         1164296 kB
MemAvailable:    1499244 kB
Buffers:           60324 kB
Cached:           391176 kB
MemTotal:        1844596 kB
MemFree:         1164020 kB
MemAvailable:    1498972 kB
Buffers:           60324 kB
Cached:           391180 kB
MemTotal:        1844596 kB
MemFree:         1163076 kB
MemAvailable:    1498028 kB
Buffers:           60324 kB
Cached:           391180 kB
MemTotal:        1844596 kB
MemFree:         1163700 kB
MemAvailable:    1498652 kB
Buffers:           60324 kB
Cached:           391180 kB
MemTotal:        1844596 kB
MemFree:         1163820 kB
MemAvailable:    1498772 kB
Buffers:           60324 kB
Cached:           391180 kB
MemTotal:        1844596 kB
MemFree:         1165656 kB
MemAvailable:    1500608 kB
Buffers:           60324 kB
Cached:           391180 kB
MemTotal:        1844596 kB
MemFree:         1165656 kB
MemAvailable:    1500608 kB
Buffers:           60324 kB
Cached:           391180 kB
MemTotal:        1844596 kB
MemFree:         1165800 kB
MemAvailable:    1500752 kB
Buffers:           60324 kB
Cached:           391180 kB
MemTotal:        1844596 kB
MemFree:         1165460 kB
MemAvailable:    1500580 kB
Buffers:           60324 kB
Cached:           391428 kB
MemTotal:        1844596 kB
MemFree:         1165036 kB
MemAvailable:    1500156 kB
Buffers:           60324 kB
Cached:           391428 kB
MemTotal:        1844596 kB
MemFree:         1165680 kB
MemAvailable:    1500968 kB
Buffers:           60324 kB
Cached:           391552 kB
MemTotal:        1844596 kB
MemFree:         1165424 kB
MemAvailable:    1500712 kB
Buffers:           60324 kB
Cached:           391552 kB
MemTotal:        1844596 kB
MemFree:         1165308 kB
MemAvailable:    1500764 kB
Buffers:           60324 kB
Cached:           391676 kB
MemTotal:        1844596 kB
MemFree:         1164060 kB
MemAvailable:    1499600 kB
Buffers:           60324 kB
Cached:           391800 kB
MemTotal:        1844596 kB
MemFree:         1165100 kB
MemAvailable:    1500640 kB
Buffers:           60324 kB
Cached:           391800 kB
MemTotal:        1844596 kB
MemFree:         1165052 kB
MemAvailable:    1500592 kB
Buffers:           60324 kB
Cached:           391800 kB
MemTotal:        1844596 kB
MemFree:         1164956 kB
MemAvailable:    1500496 kB
Buffers:           60324 kB
Cached:           391800 kB
MemTotal:        1844596 kB
MemFree:         1163912 kB
MemAvailable:    1499452 kB
Buffers:           60324 kB
Cached:           391800 kB
MemTotal:        1844596 kB
MemFree:         1165088 kB
MemAvailable:    1500628 kB
Buffers:           60324 kB
Cached:           391800 kB
MemTotal:        1844596 kB
MemFree:         1165040 kB
MemAvailable:    1500580 kB
Buffers:           60324 kB
Cached:           391800 kB
MemTotal:        1844596 kB
MemFree:         1165104 kB
MemAvailable:    1500644 kB
Buffers:           60324 kB
Cached:           391800 kB
MemTotal:        1844596 kB
MemFree:         1163820 kB
MemAvailable:    1499360 kB
Buffers:           60324 kB
Cached:           391800 kB
MemTotal:        1844596 kB
MemFree:         1165576 kB
MemAvailable:    1500528 kB
Buffers:           60324 kB
Cached:           391252 kB
MemTotal:        1844596 kB
MemFree:         1165492 kB
MemAvailable:    1500444 kB
Buffers:           60324 kB
Cached:           391252 kB
