MemTotal:        1844596 kB
MemFree:         1351324 kB
MemAvailable:    1559288 kB
Buffers:           46932 kB
Cached:           288772 kB
MemTotal:        1844596 kB
MemFree:         1349896 kB
MemAvailable:    1557860 kB
Buffers:           46932 kB
Cached:           288772 kB
MemTotal:        1844596 kB
MemFree:         1347976 kB
MemAvailable:    1555940 kB
Buffers:           46932 kB
Cached:           288772 kB
MemTotal:        1844596 kB
MemFree:         1347416 kB
MemAvailable:    1555380 kB
Buffers:           46932 kB
Cached:           288772 kB
MemTotal:        1844596 kB
MemFree:         1345984 kB
MemAvailable:    1553948 kB
Buffers:           46932 kB
Cached:           288772 kB
MemTotal:        1844596 kB
MemFree:         1346108 kB
MemAvailable:    1554072 kB
Buffers:           46932 kB
Cached:           288772 kB
MemTotal:        1844596 kB
MemFree:         1344752 kB
MemAvailable:    1552716 kB
Buffers:           46932 kB
Cached:           288772 kB
MemTotal:        1844596 kB
MemFree:         1342148 kB
MemAvailable:    1550112 kB
Buffers:           46932 kB
Cached:           288772 kB
MemTotal:        1844596 kB
MemFree:         1339792 kB
MemAvailable:    1547756 kB
Buffers:           46932 kB
Cached:           288772 kB
MemTotal:        1844596 kB
MemFree:         1336632 kB
MemAvailable:    1544596 kB
Buffers:           46932 kB
Cached:           288772 kB
MemTotal:        1844596 kB
MemFree:         1337384 kB
MemAvailable:    1545348 kB
Buffers:           46932 kB
Cached:           288772 kB
MemTotal:        1844596 kB
MemFree:         1336032 kB
MemAvailable:    1543996 kB
Buffers:           46932 kB
Cached:           288772 kB
MemTotal:        1844596 kB
MemFree:         1336764 kB
MemAvailable:    1544728 kB
Buffers:           46932 kB
Cached:           288772 kB
MemTotal:        1844596 kB
MemFree:         1337620 kB
MemAvailable:    1545584 kB
Buffers:           46932 kB
Cached:           288772 kB
MemTotal:        1844596 kB
MemFree:         1336188 kB
MemAvailable:    1544152 kB
Buffers:           46932 kB
Cached:           288772 kB
MemTotal:        1844596 kB
MemFree:         1337488 kB
MemAvailable:    1545452 kB
Buffers:           46932 kB
Cached:           288772 kB
MemTotal:        1844596 kB
MemFree:         1337124 kB
MemAvailable:    1545088 kB
Buffers:           46932 kB
Cached:           288772 kB
MemTotal:        1844596 kB
MemFree:         1335800 kB
MemAvailable:    1543764 kB
Buffers:           46932 kB
Cached:           288772 kB
MemTotal:        1844596 kB
MemFree:         1335800 kB
MemAvailable:    1543764 kB
Buffers:           46932 kB
Cached:           288772 kB
MemTotal:        1844596 kB
MemFree:         1334892 kB
MemAvailable:    1542856 kB
Buffers:           46932 kB
Cached:           288772 kB
MemTotal:        1844596 kB
MemFree:         1333840 kB
MemAvailable:    1541804 kB
Buffers:           46932 kB
Cached:           288772 kB
MemTotal:        1844596 kB
MemFree:         1334756 kB
MemAvailable:    1542720 kB
Buffers:           46932 kB
Cached:           288772 kB
MemTotal:        1844596 kB
MemFree:         1334768 kB
MemAvailable:    1542732 kB
Buffers:           46932 kB
Cached:           288772 kB
MemTotal:        1844596 kB
MemFree:         1333420 kB
MemAvailable:    1541384 kB
Buffers:           46932 kB
Cached:           288772 kB
MemTotal:        1844596 kB
MemFree:         1334720 kB
MemAvailable:    1542684 kB
Buffers:           46932 kB
Cached:           288772 kB
MemTotal:        1844596 kB
MemFree:         1334212 kB
MemAvailable:    1542176 kB
Buffers:           46932 kB
Cached:           288772 kB
MemTotal:        1844596 kB
MemFree:         1334668 kB
MemAvailable:    1542636 kB
Buffers:           46932 kB
Cached:           288776 kB
MemTotal:        1844596 kB
MemFree:         1333420 kB
MemAvailable:    1541388 kB
Buffers:           46932 kB
Cached:           288776 kB
MemTotal:        1844596 kB
MemFree:         1333288 kB
MemAvailable:    1541256 kB
Buffers:           46932 kB
Cached:           288776 kB
MemTotal:        1844596 kB
MemFree:         1336100 kB
MemAvailable:    1544068 kB
Buffers:           46932 kB
Cached:           288776 kB
MemTotal:        1844596 kB
MemFree:         1336100 kB
MemAvailable:    1544068 kB
Buffers:           46932 kB
Cached:           288776 kB
MemTotal:        1844596 kB
MemFree:         1334436 kB
MemAvailable:    1542404 kB
Buffers:           46932 kB
Cached:           288776 kB
MemTotal:        1844596 kB
MemFree:         1334520 kB
MemAvailable:    1542488 kB
Buffers:           46932 kB
Cached:           288776 kB
MemTotal:        1844596 kB
MemFree:         1332600 kB
MemAvailable:    1540568 kB
Buffers:           46932 kB
Cached:           288776 kB
MemTotal:        1844596 kB
MemFree:         1331476 kB
MemAvailable:    1539444 kB
Buffers:           46932 kB
Cached:           288776 kB
MemTotal:        1844596 kB
MemFree:         1331716 kB
MemAvailable:    1539684 kB
Buffers:           46932 kB
Cached:           288776 kB
MemTotal:        1844596 kB
MemFree:         1331968 kB
MemAvailable:    1539936 kB
Buffers:           46932 kB
Cached:           288776 kB
MemTotal:        1844596 kB
MemFree:         1330368 kB
MemAvailable:    1538336 kB
Buffers:           46932 kB
Cached:           288776 kB
MemTotal:        1844596 kB
MemFree:         1330592 kB
MemAvailable:    1538560 kB
Buffers:           46932 kB
Cached:           288776 kB
MemTotal:        1844596 kB
MemFree:         1330676 kB
MemAvailable:    1538644 kB
Buffers:           46932 kB
Cached:           288776 kB
MemTotal:        1844596 kB
MemFree:         1330404 kB
MemAvailable:    1538372 kB
Buffers:           46932 kB
Cached:           288776 kB
MemTotal:        1844596 kB
MemFree:         1330656 kB
MemAvailable:    1538624 kB
Buffers:           46932 kB
Cached:           288776 kB
MemTotal:        1844596 kB
MemFree:         1330524 kB
MemAvailable:    1538492 kB
Buffers:           46932 kB
Cached:           288776 kB
MemTotal:        1844596 kB
MemFree:         1330104 kB
MemAvailable:    1538072 kB
Buffers:           46932 kB
Cached:           288776 kB
MemTotal:        1844596 kB
MemFree:         1330464 kB
MemAvailable:    1538432 kB
Buffers:           46932 kB
Cached:           288776 kB
MemTotal:        1844596 kB
MemFree:         1330208 kB
MemAvailable:    1538176 kB
Buffers:           46932 kB
Cached:           288776 kB
MemTotal:        1844596 kB
MemFree:         1329928 kB
MemAvailable:    1537896 kB
Buffers:           46932 kB
Cached:           288776 kB
MemTotal:        1844596 kB
MemFree:         1330180 kB
MemAvailable:    1538148 kB
Buffers:           46932 kB
Cached:           288776 kB
MemTotal:        1844596 kB
MemFree:         1329676 kB
MemAvailable:    1537644 kB
Buffers:           46932 kB
Cached:           288776 kB
MemTotal:        1844596 kB
MemFree:         1329608 kB
MemAvailable:    1537576 kB
Buffers:           46932 kB
Cached:           288776 kB
MemTotal:        1844596 kB
MemFree:         1328376 kB
MemAvailable:    1536344 kB
Buffers:           46932 kB
Cached:           288776 kB
MemTotal:        1844596 kB
MemFree:         1328492 kB
MemAvailable:    1536460 kB
Buffers:           46932 kB
Cached:           288776 kB
MemTotal:        1844596 kB
MemFree:         1329012 kB
MemAvailable:    1536980 kB
Buffers:           46932 kB
Cached:           288776 kB
MemTotal:        1844596 kB
MemFree:         1329932 kB
MemAvailable:    1537900 kB
Buffers:           46932 kB
Cached:           288776 kB
MemTotal:        1844596 kB
MemFree:         1329748 kB
MemAvailable:    1537716 kB
Buffers:           46932 kB
Cached:           288776 kB
MemTotal:        1844596 kB
MemFree:         1329932 kB
MemAvailable:    1537900 kB
Buffers:           46932 kB
Cached:           288776 kB
MemTotal:        1844596 kB
MemFree:         1328880 kB
MemAvailable:    1536848 kB
Buffers:           46932 kB
Cached:           288776 kB
MemTotal:        1844596 kB
MemFree:         1329672 kB
MemAvailable:    1537640 kB
Buffers:           46932 kB
Cached:           288776 kB
MemTotal:        1844596 kB
MemFree:         1329500 kB
MemAvailable:    1537468 kB
Buffers:           46932 kB
Cached:           288776 kB
MemTotal:        1844596 kB
MemFree:         1329724 kB
MemAvailable:    1537692 kB
Buffers:           46932 kB
Cached:           288776 kB
MemTotal:        1844596 kB
MemFree:         1328120 kB
MemAvailable:    1536088 kB
Buffers:           46932 kB
Cached:           288776 kB
MemTotal:        1844596 kB
MemFree:         1329096 kB
MemAvailable:    1537064 kB
Buffers:           46932 kB
Cached:           288776 kB
MemTotal:        1844596 kB
MemFree:         1329096 kB
MemAvailable:    1537064 kB
Buffers:           46932 kB
Cached:           288776 kB
MemTotal:        1844596 kB
MemFree:         1328988 kB
MemAvailable:    1536956 kB
Buffers:           46932 kB
Cached:           288776 kB
MemTotal:        1844596 kB
MemFree:         1328964 kB
MemAvailable:    1536932 kB
Buffers:           46932 kB
Cached:           288776 kB
MemTotal:        1844596 kB
MemFree:         1328964 kB
MemAvailable:    1536932 kB
Buffers:           46932 kB
Cached:           288776 kB
MemTotal:        1844596 kB
MemFree:         1328844 kB
MemAvailable:    1536812 kB
Buffers:           46932 kB
Cached:           288776 kB
MemTotal:        1844596 kB
MemFree:         1328656 kB
MemAvailable:    1536624 kB
Buffers:           46932 kB
Cached:           288776 kB
MemTotal:        1844596 kB
MemFree:         1328568 kB
MemAvailable:    1536536 kB
Buffers:           46932 kB
Cached:           288776 kB
MemTotal:        1844596 kB
MemFree:         1328692 kB
MemAvailable:    1536660 kB
Buffers:           46932 kB
Cached:           288776 kB
MemTotal:        1844596 kB
MemFree:         1328692 kB
MemAvailable:    1536660 kB
Buffers:           46932 kB
Cached:           288776 kB
MemTotal:        1844596 kB
MemFree:         1327384 kB
MemAvailable:    1535352 kB
Buffers:           46932 kB
Cached:           288776 kB
MemTotal:        1844596 kB
MemFree:         1327508 kB
MemAvailable:    1535476 kB
Buffers:           46932 kB
Cached:           288776 kB
MemTotal:        1844596 kB
MemFree:         1328684 kB
MemAvailable:    1536652 kB
Buffers:           46932 kB
Cached:           288776 kB
MemTotal:        1844596 kB
MemFree:         1327888 kB
MemAvailable:    1535856 kB
Buffers:           46932 kB
Cached:           288776 kB
MemTotal:        1844596 kB
MemFree:         1328312 kB
MemAvailable:    1536280 kB
Buffers:           46932 kB
Cached:           288776 kB
MemTotal:        1844596 kB
MemFree:         1328456 kB
MemAvailable:    1536424 kB
Buffers:           46932 kB
Cached:           288776 kB
MemTotal:        1844596 kB
MemFree:         1325028 kB
MemAvailable:    1532996 kB
Buffers:           46932 kB
Cached:           288776 kB
MemTotal:        1844596 kB
MemFree:         1323680 kB
MemAvailable:    1531648 kB
Buffers:           46932 kB
Cached:           288776 kB
MemTotal:        1844596 kB
MemFree:         1321300 kB
MemAvailable:    1529268 kB
Buffers:           46932 kB
Cached:           288776 kB
MemTotal:        1844596 kB
MemFree:         1321552 kB
MemAvailable:    1529520 kB
Buffers:           46932 kB
Cached:           288776 kB
MemTotal:        1844596 kB
MemFree:         1320796 kB
MemAvailable:    1528764 kB
Buffers:           46932 kB
Cached:           288776 kB
MemTotal:        1844596 kB
MemFree:         1320796 kB
MemAvailable:    1528764 kB
Buffers:           46932 kB
Cached:           288776 kB
MemTotal:        1844596 kB
MemFree:         1319516 kB
MemAvailable:    1527484 kB
Buffers:           46932 kB
Cached:           288776 kB
MemTotal:        1844596 kB
MemFree:         1320692 kB
MemAvailable:    1528660 kB
Buffers:           46932 kB
Cached:           288776 kB
MemTotal:        1844596 kB
MemFree:         1319828 kB
MemAvailable:    1527796 kB
Buffers:           46932 kB
Cached:           288776 kB
MemTotal:        1844596 kB
MemFree:         1319392 kB
MemAvailable:    1527360 kB
Buffers:           46932 kB
Cached:           288776 kB
MemTotal:        1844596 kB
MemFree:         1320492 kB
MemAvailable:    1528460 kB
Buffers:           46932 kB
Cached:           288776 kB
MemTotal:        1844596 kB
MemFree:         1320744 kB
MemAvailable:    1528712 kB
Buffers:           46932 kB
Cached:           288776 kB
MemTotal:        1844596 kB
MemFree:         1319132 kB
MemAvailable:    1527100 kB
Buffers:           46932 kB
Cached:           288776 kB
MemTotal:        1844596 kB
MemFree:         1320936 kB
MemAvailable:    1528904 kB
Buffers:           46932 kB
Cached:           288776 kB
MemTotal:        1844596 kB
MemFree:         1320668 kB
MemAvailable:    1528636 kB
Buffers:           46932 kB
Cached:           288776 kB
MemTotal:        1844596 kB
MemFree:         1320920 kB
MemAvailable:    1528888 kB
Buffers:           46932 kB
Cached:           288776 kB
MemTotal:        1844596 kB
MemFree:         1320624 kB
MemAvailable:    1528592 kB
Buffers:           46932 kB
Cached:           288776 kB
MemTotal:        1844596 kB
MemFree:         1319532 kB
MemAvailable:    1527500 kB
Buffers:           46932 kB
Cached:           288776 kB
MemTotal:        1844596 kB
MemFree:         1320068 kB
MemAvailable:    1528036 kB
Buffers:           46932 kB
Cached:           288776 kB
MemTotal:        1844596 kB
MemFree:         1320184 kB
MemAvailable:    1528152 kB
Buffers:           46932 kB
Cached:           288776 kB
MemTotal:        1844596 kB
MemFree:         1320184 kB
MemAvailable:    1528152 kB
Buffers:           46932 kB
Cached:           288776 kB
MemTotal:        1844596 kB
MemFree:         1319872 kB
MemAvailable:    1527840 kB
Buffers:           46932 kB
Cached:           288776 kB
MemTotal:        1844596 kB
MemFree:         1318772 kB
MemAvailable:    1526740 kB
Buffers:           46932 kB
Cached:           288776 kB
MemTotal:        1844596 kB
MemFree:         1319068 kB
MemAvailable:    1527036 kB
Buffers:           46932 kB
Cached:           288776 kB
MemTotal:        1844596 kB
MemFree:         1319404 kB
MemAvailable:    1527372 kB
Buffers:           46932 kB
Cached:           288776 kB
MemTotal:        1844596 kB
MemFree:         1319076 kB
MemAvailable:    1527044 kB
Buffers:           46932 kB
Cached:           288776 kB
MemTotal:        1844596 kB
MemFree:         1318772 kB
MemAvailable:    1526740 kB
Buffers:           46932 kB
Cached:           288776 kB
MemTotal:        1844596 kB
MemFree:         1316728 kB
MemAvailable:    1524696 kB
Buffers:           46932 kB
Cached:           288776 kB
MemTotal:        1844596 kB
MemFree:         1317768 kB
MemAvailable:    1525736 kB
Buffers:           46932 kB
Cached:           288776 kB
MemTotal:        1844596 kB
MemFree:         1317332 kB
MemAvailable:    1525300 kB
Buffers:           46932 kB
Cached:           288776 kB
MemTotal:        1844596 kB
MemFree:         1317332 kB
MemAvailable:    1525300 kB
Buffers:           46932 kB
Cached:           288776 kB
MemTotal:        1844596 kB
MemFree:         1316952 kB
MemAvailable:    1524920 kB
Buffers:           46932 kB
Cached:           288776 kB
MemTotal:        1844596 kB
MemFree:         1315712 kB
MemAvailable:    1523680 kB
Buffers:           46932 kB
Cached:           288776 kB
MemTotal:        1844596 kB
MemFree:         1316836 kB
MemAvailable:    1524812 kB
Buffers:           46932 kB
Cached:           288784 kB
MemTotal:        1844596 kB
MemFree:         1317172 kB
MemAvailable:    1525148 kB
Buffers:           46932 kB
Cached:           288784 kB
MemTotal:        1844596 kB
MemFree:         1315092 kB
MemAvailable:    1523072 kB
Buffers:           46932 kB
Cached:           288788 kB
MemTotal:        1844596 kB
MemFree:         1316532 kB
MemAvailable:    1524512 kB
Buffers:           46932 kB
Cached:           288788 kB
MemTotal:        1844596 kB
MemFree:         1315296 kB
MemAvailable:    1523276 kB
Buffers:           46932 kB
Cached:           288788 kB
MemTotal:        1844596 kB
MemFree:         1315420 kB
MemAvailable:    1523400 kB
Buffers:           46932 kB
Cached:           288788 kB
MemTotal:        1844596 kB
MemFree:         1315544 kB
MemAvailable:    1523524 kB
Buffers:           46932 kB
Cached:           288788 kB
MemTotal:        1844596 kB
MemFree:         1316720 kB
MemAvailable:    1524700 kB
Buffers:           46932 kB
Cached:           288788 kB
MemTotal:        1844596 kB
MemFree:         1316232 kB
MemAvailable:    1524212 kB
Buffers:           46932 kB
Cached:           288788 kB
MemTotal:        1844596 kB
MemFree:         1316332 kB
MemAvailable:    1524312 kB
Buffers:           46932 kB
Cached:           288788 kB
MemTotal:        1844596 kB
MemFree:         1316584 kB
MemAvailable:    1524564 kB
Buffers:           46932 kB
Cached:           288788 kB
MemTotal:        1844596 kB
MemFree:         1314348 kB
MemAvailable:    1522328 kB
Buffers:           46932 kB
Cached:           288788 kB
MemTotal:        1844596 kB
MemFree:         1313976 kB
MemAvailable:    1521956 kB
Buffers:           46932 kB
Cached:           288788 kB
MemTotal:        1844596 kB
MemFree:         1309660 kB
MemAvailable:    1517640 kB
Buffers:           46936 kB
Cached:           288784 kB
MemTotal:        1844596 kB
MemFree:         1308412 kB
MemAvailable:    1516392 kB
Buffers:           46936 kB
Cached:           288908 kB
MemTotal:        1844596 kB
MemFree:         1309348 kB
MemAvailable:    1517412 kB
Buffers:           46936 kB
Cached:           289032 kB
MemTotal:        1844596 kB
MemFree:         1308552 kB
MemAvailable:    1516616 kB
Buffers:           46936 kB
Cached:           289032 kB
MemTotal:        1844596 kB
MemFree:         1309176 kB
MemAvailable:    1517408 kB
Buffers:           46936 kB
Cached:           289156 kB
MemTotal:        1844596 kB
MemFree:         1307744 kB
MemAvailable:    1515976 kB
Buffers:           46936 kB
Cached:           289156 kB
MemTotal:        1844596 kB
MemFree:         1307992 kB
MemAvailable:    1516392 kB
Buffers:           46936 kB
Cached:           289280 kB
MemTotal:        1844596 kB
MemFree:         1309168 kB
MemAvailable:    1517652 kB
Buffers:           46936 kB
Cached:           289404 kB
MemTotal:        1844596 kB
MemFree:         1307868 kB
MemAvailable:    1516352 kB
Buffers:           46936 kB
Cached:           289404 kB
MemTotal:        1844596 kB
MemFree:         1309224 kB
MemAvailable:    1517792 kB
Buffers:           46936 kB
Cached:           289404 kB
MemTotal:        1844596 kB
MemFree:         1309168 kB
MemAvailable:    1517736 kB
Buffers:           46936 kB
Cached:           289404 kB
MemTotal:        1844596 kB
MemFree:         1309036 kB
MemAvailable:    1517604 kB
Buffers:           46936 kB
Cached:           289404 kB
MemTotal:        1844596 kB
MemFree:         1309204 kB
MemAvailable:    1517772 kB
Buffers:           46936 kB
Cached:           289404 kB
MemTotal:        1844596 kB
MemFree:         1308828 kB
MemAvailable:    1517396 kB
Buffers:           46936 kB
Cached:           289404 kB
MemTotal:        1844596 kB
MemFree:         1308604 kB
MemAvailable:    1517172 kB
Buffers:           46936 kB
Cached:           289404 kB
MemTotal:        1844596 kB
MemFree:         1308768 kB
MemAvailable:    1516748 kB
Buffers:           46936 kB
Cached:           288772 kB
MemTotal:        1844596 kB
MemFree:         1308892 kB
MemAvailable:    1516872 kB
Buffers:           46936 kB
Cached:           288772 kB
MemTotal:        1844596 kB
MemFree:         1376816 kB
MemAvailable:    1584796 kB
Buffers:           46936 kB
Cached:           288772 kB
