MemTotal:        1844596 kB
MemFree:         1341868 kB
MemAvailable:    1558100 kB
Buffers:           47792 kB
Cached:           295456 kB
MemTotal:        1844596 kB
MemFree:         1340628 kB
MemAvailable:    1556860 kB
Buffers:           47792 kB
Cached:           295456 kB
MemTotal:        1844596 kB
MemFree:         1339132 kB
MemAvailable:    1555364 kB
Buffers:           47792 kB
Cached:           295456 kB
MemTotal:        1844596 kB
MemFree:         1338268 kB
MemAvailable:    1554500 kB
Buffers:           47792 kB
Cached:           295456 kB
MemTotal:        1844596 kB
MemFree:         1338380 kB
MemAvailable:    1554620 kB
Buffers:           47792 kB
Cached:           295464 kB
MemTotal:        1844596 kB
MemFree:         1338612 kB
MemAvailable:    1554852 kB
Buffers:           47792 kB
Cached:           295464 kB
MemTotal:        1844596 kB
MemFree:         1335924 kB
MemAvailable:    1552164 kB
Buffers:           47792 kB
Cached:           295464 kB
MemTotal:        1844596 kB
MemFree:         1333808 kB
MemAvailable:    1550048 kB
Buffers:           47792 kB
Cached:           295464 kB
MemTotal:        1844596 kB
MemFree:         1331064 kB
MemAvailable:    1547304 kB
Buffers:           47792 kB
Cached:           295464 kB
MemTotal:        1844596 kB
MemFree:         1330336 kB
MemAvailable:    1546576 kB
Buffers:           47792 kB
Cached:           295464 kB
MemTotal:        1844596 kB
MemFree:         1328464 kB
MemAvailable:    1544704 kB
Buffers:           47792 kB
Cached:           295464 kB
MemTotal:        1844596 kB
MemFree:         1327324 kB
MemAvailable:    1543564 kB
Buffers:           47792 kB
Cached:           295464 kB
MemTotal:        1844596 kB
MemFree:         1328412 kB
MemAvailable:    1544652 kB
Buffers:           47792 kB
Cached:           295464 kB
MemTotal:        1844596 kB
MemFree:         1328460 kB
MemAvailable:    1544700 kB
Buffers:           47792 kB
Cached:           295464 kB
MemTotal:        1844596 kB
MemFree:         1328516 kB
MemAvailable:    1544756 kB
Buffers:           47792 kB
Cached:           295464 kB
MemTotal:        1844596 kB
MemFree:         1327616 kB
MemAvailable:    1543856 kB
Buffers:           47792 kB
Cached:           295464 kB
MemTotal:        1844596 kB
MemFree:         1328116 kB
MemAvailable:    1544356 kB
Buffers:           47792 kB
Cached:           295464 kB
MemTotal:        1844596 kB
MemFree:         1326500 kB
MemAvailable:    1542740 kB
Buffers:           47792 kB
Cached:           295464 kB
MemTotal:        1844596 kB
MemFree:         1326476 kB
MemAvailable:    1542716 kB
Buffers:           47792 kB
Cached:           295464 kB
MemTotal:        1844596 kB
MemFree:         1326476 kB
MemAvailable:    1542716 kB
Buffers:           47792 kB
Cached:           295464 kB
MemTotal:        1844596 kB
MemFree:         1324988 kB
MemAvailable:    1541228 kB
Buffers:           47792 kB
Cached:           295464 kB
MemTotal:        1844596 kB
MemFree:         1326228 kB
MemAvailable:    1542468 kB
Buffers:           47792 kB
Cached:           295464 kB
MemTotal:        1844596 kB
MemFree:         1326164 kB
MemAvailable:    1542404 kB
Buffers:           47792 kB
Cached:           295464 kB
MemTotal:        1844596 kB
MemFree:         1324988 kB
MemAvailable:    1541228 kB
Buffers:           47792 kB
Cached:           295464 kB
MemTotal:        1844596 kB
MemFree:         1325260 kB
MemAvailable:    1541500 kB
Buffers:           47792 kB
Cached:           295464 kB
MemTotal:        1844596 kB
MemFree:         1326220 kB
MemAvailable:    1542460 kB
Buffers:           47792 kB
Cached:           295464 kB
MemTotal:        1844596 kB
MemFree:         1325376 kB
MemAvailable:    1541616 kB
Buffers:           47792 kB
Cached:           295464 kB
MemTotal:        1844596 kB
MemFree:         1325836 kB
MemAvailable:    1542076 kB
Buffers:           47792 kB
Cached:           295464 kB
MemTotal:        1844596 kB
MemFree:         1326172 kB
MemAvailable:    1542412 kB
Buffers:           47792 kB
Cached:           295464 kB
MemTotal:        1844596 kB
MemFree:         1325948 kB
MemAvailable:    1542188 kB
Buffers:           47792 kB
Cached:           295464 kB
MemTotal:        1844596 kB
MemFree:         1327120 kB
MemAvailable:    1543360 kB
Buffers:           47792 kB
Cached:           295464 kB
MemTotal:        1844596 kB
MemFree:         1325624 kB
MemAvailable:    1541864 kB
Buffers:           47792 kB
Cached:           295464 kB
MemTotal:        1844596 kB
MemFree:         1323872 kB
MemAvailable:    1540112 kB
Buffers:           47792 kB
Cached:           295464 kB
MemTotal:        1844596 kB
MemFree:         1324124 kB
MemAvailable:    1540364 kB
Buffers:           47792 kB
Cached:           295464 kB
MemTotal:        1844596 kB
MemFree:         1322284 kB
MemAvailable:    1538524 kB
Buffers:           47792 kB
Cached:           295464 kB
MemTotal:        1844596 kB
MemFree:         1322036 kB
MemAvailable:    1538276 kB
Buffers:           47792 kB
Cached:           295464 kB
MemTotal:        1844596 kB
MemFree:         1322968 kB
MemAvailable:    1539208 kB
Buffers:           47792 kB
Cached:           295464 kB
MemTotal:        1844596 kB
MemFree:         1320920 kB
MemAvailable:    1537160 kB
Buffers:           47792 kB
Cached:           295464 kB
MemTotal:        1844596 kB
MemFree:         1321964 kB
MemAvailable:    1538204 kB
Buffers:           47792 kB
Cached:           295464 kB
MemTotal:        1844596 kB
MemFree:         1322016 kB
MemAvailable:    1538256 kB
Buffers:           47792 kB
Cached:           295464 kB
MemTotal:        1844596 kB
MemFree:         1320796 kB
MemAvailable:    1537036 kB
Buffers:           47792 kB
Cached:           295464 kB
MemTotal:        1844596 kB
MemFree:         1321720 kB
MemAvailable:    1537960 kB
Buffers:           47792 kB
Cached:           295464 kB
MemTotal:        1844596 kB
MemFree:         1321720 kB
MemAvailable:    1537960 kB
Buffers:           47792 kB
Cached:           295464 kB
MemTotal:        1844596 kB
MemFree:         1320484 kB
MemAvailable:    1536724 kB
Buffers:           47792 kB
Cached:           295464 kB
MemTotal:        1844596 kB
MemFree:         1321584 kB
MemAvailable:    1537824 kB
Buffers:           47792 kB
Cached:           295464 kB
MemTotal:        1844596 kB
MemFree:         1321584 kB
MemAvailable:    1537824 kB
Buffers:           47792 kB
Cached:           295464 kB
MemTotal:        1844596 kB
MemFree:         1321204 kB
MemAvailable:    1537444 kB
Buffers:           47792 kB
Cached:           295464 kB
MemTotal:        1844596 kB
MemFree:         1321456 kB
MemAvailable:    1537696 kB
Buffers:           47792 kB
Cached:           295464 kB
MemTotal:        1844596 kB
MemFree:         1320908 kB
MemAvailable:    1537148 kB
Buffers:           47792 kB
Cached:           295464 kB
MemTotal:        1844596 kB
MemFree:         1320900 kB
MemAvailable:    1537140 kB
Buffers:           47792 kB
Cached:           295464 kB
MemTotal:        1844596 kB
MemFree:         1319528 kB
MemAvailable:    1535768 kB
Buffers:           47792 kB
Cached:           295464 kB
MemTotal:        1844596 kB
MemFree:         1320704 kB
MemAvailable:    1536944 kB
Buffers:           47792 kB
Cached:           295464 kB
MemTotal:        1844596 kB
MemFree:         1320828 kB
MemAvailable:    1537068 kB
Buffers:           47792 kB
Cached:           295464 kB
MemTotal:        1844596 kB
MemFree:         1320996 kB
MemAvailable:    1537236 kB
Buffers:           47792 kB
Cached:           295464 kB
MemTotal:        1844596 kB
MemFree:         1319532 kB
MemAvailable:    1535772 kB
Buffers:           47792 kB
Cached:           295464 kB
MemTotal:        1844596 kB
MemFree:         1320832 kB
MemAvailable:    1537072 kB
Buffers:           47792 kB
Cached:           295464 kB
MemTotal:        1844596 kB
MemFree:         1320584 kB
MemAvailable:    1536824 kB
Buffers:           47792 kB
Cached:           295464 kB
MemTotal:        1844596 kB
MemFree:         1320752 kB
MemAvailable:    1536992 kB
Buffers:           47792 kB
Cached:           295464 kB
MemTotal:        1844596 kB
MemFree:         1319384 kB
MemAvailable:    1535624 kB
Buffers:           47792 kB
Cached:           295464 kB
MemTotal:        1844596 kB
MemFree:         1320500 kB
MemAvailable:    1536740 kB
Buffers:           47792 kB
Cached:           295464 kB
MemTotal:        1844596 kB
MemFree:         1319556 kB
MemAvailable:    1535796 kB
Buffers:           47792 kB
Cached:           295464 kB
MemTotal:        1844596 kB
MemFree:         1320348 kB
MemAvailable:    1536588 kB
Buffers:           47792 kB
Cached:           295464 kB
MemTotal:        1844596 kB
MemFree:         1319040 kB
MemAvailable:    1535280 kB
Buffers:           47792 kB
Cached:           295464 kB
MemTotal:        1844596 kB
MemFree:         1318916 kB
MemAvailable:    1535156 kB
Buffers:           47792 kB
Cached:           295464 kB
MemTotal:        1844596 kB
MemFree:         1319040 kB
MemAvailable:    1535280 kB
Buffers:           47792 kB
Cached:           295464 kB
MemTotal:        1844596 kB
MemFree:         1318776 kB
MemAvailable:    1535016 kB
Buffers:           47792 kB
Cached:           295464 kB
MemTotal:        1844596 kB
MemFree:         1320148 kB
MemAvailable:    1536388 kB
Buffers:           47792 kB
Cached:           295464 kB
MemTotal:        1844596 kB
MemFree:         1319052 kB
MemAvailable:    1535292 kB
Buffers:           47792 kB
Cached:           295464 kB
MemTotal:        1844596 kB
MemFree:         1319844 kB
MemAvailable:    1536084 kB
Buffers:           47792 kB
Cached:           295464 kB
MemTotal:        1844596 kB
MemFree:         1319928 kB
MemAvailable:    1536168 kB
Buffers:           47792 kB
Cached:           295464 kB
MemTotal:        1844596 kB
MemFree:         1319656 kB
MemAvailable:    1535896 kB
Buffers:           47792 kB
Cached:           295464 kB
MemTotal:        1844596 kB
MemFree:         1319992 kB
MemAvailable:    1536232 kB
Buffers:           47792 kB
Cached:           295464 kB
MemTotal:        1844596 kB
MemFree:         1319816 kB
MemAvailable:    1536056 kB
Buffers:           47792 kB
Cached:           295464 kB
MemTotal:        1844596 kB
MemFree:         1318292 kB
MemAvailable:    1534532 kB
Buffers:           47792 kB
Cached:           295464 kB
MemTotal:        1844596 kB
MemFree:         1318292 kB
MemAvailable:    1534532 kB
Buffers:           47792 kB
Cached:           295464 kB
MemTotal:        1844596 kB
MemFree:         1315400 kB
MemAvailable:    1531640 kB
Buffers:           47792 kB
Cached:           295464 kB
MemTotal:        1844596 kB
MemFree:         1312612 kB
MemAvailable:    1528852 kB
Buffers:           47792 kB
Cached:           295464 kB
MemTotal:        1844596 kB
MemFree:         1312548 kB
MemAvailable:    1528788 kB
Buffers:           47792 kB
Cached:           295464 kB
MemTotal:        1844596 kB
MemFree:         1311380 kB
MemAvailable:    1527620 kB
Buffers:           47792 kB
Cached:           295464 kB
MemTotal:        1844596 kB
MemFree:         1311928 kB
MemAvailable:    1528168 kB
Buffers:           47792 kB
Cached:           295464 kB
MemTotal:        1844596 kB
MemFree:         1312264 kB
MemAvailable:    1528504 kB
Buffers:           47792 kB
Cached:           295464 kB
MemTotal:        1844596 kB
MemFree:         1311936 kB
MemAvailable:    1528176 kB
Buffers:           47792 kB
Cached:           295464 kB
MemTotal:        1844596 kB
MemFree:         1311952 kB
MemAvailable:    1528200 kB
Buffers:           47792 kB
Cached:           295472 kB
MemTotal:        1844596 kB
MemFree:         1311124 kB
MemAvailable:    1527372 kB
Buffers:           47792 kB
Cached:           295472 kB
MemTotal:        1844596 kB
MemFree:         1311728 kB
MemAvailable:    1527976 kB
Buffers:           47792 kB
Cached:           295472 kB
MemTotal:        1844596 kB
MemFree:         1311812 kB
MemAvailable:    1528060 kB
Buffers:           47792 kB
Cached:           295472 kB
MemTotal:        1844596 kB
MemFree:         1310752 kB
MemAvailable:    1527000 kB
Buffers:           47792 kB
Cached:           295472 kB
MemTotal:        1844596 kB
MemFree:         1311568 kB
MemAvailable:    1527816 kB
Buffers:           47792 kB
Cached:           295472 kB
MemTotal:        1844596 kB
MemFree:         1311784 kB
MemAvailable:    1528032 kB
Buffers:           47792 kB
Cached:           295472 kB
MemTotal:        1844596 kB
MemFree:         1312036 kB
MemAvailable:    1528284 kB
Buffers:           47792 kB
Cached:           295472 kB
MemTotal:        1844596 kB
MemFree:         1311896 kB
MemAvailable:    1528144 kB
Buffers:           47792 kB
Cached:           295472 kB
MemTotal:        1844596 kB
MemFree:         1310752 kB
MemAvailable:    1527000 kB
Buffers:           47792 kB
Cached:           295472 kB
MemTotal:        1844596 kB
MemFree:         1311928 kB
MemAvailable:    1528176 kB
Buffers:           47792 kB
Cached:           295472 kB
MemTotal:        1844596 kB
MemFree:         1310752 kB
MemAvailable:    1527000 kB
Buffers:           47792 kB
Cached:           295472 kB
MemTotal:        1844596 kB
MemFree:         1311168 kB
MemAvailable:    1527416 kB
Buffers:           47792 kB
Cached:           295472 kB
MemTotal:        1844596 kB
MemFree:         1311168 kB
MemAvailable:    1527416 kB
Buffers:           47792 kB
Cached:           295472 kB
MemTotal:        1844596 kB
MemFree:         1309688 kB
MemAvailable:    1525936 kB
Buffers:           47792 kB
Cached:           295472 kB
MemTotal:        1844596 kB
MemFree:         1310380 kB
MemAvailable:    1526628 kB
Buffers:           47792 kB
Cached:           295472 kB
MemTotal:        1844596 kB
MemFree:         1310208 kB
MemAvailable:    1526456 kB
Buffers:           47792 kB
Cached:           295472 kB
MemTotal:        1844596 kB
MemFree:         1308960 kB
MemAvailable:    1525208 kB
Buffers:           47792 kB
Cached:           295472 kB
MemTotal:        1844596 kB
MemFree:         1309944 kB
MemAvailable:    1526192 kB
Buffers:           47792 kB
Cached:           295472 kB
MemTotal:        1844596 kB
MemFree:         1307900 kB
MemAvailable:    1524148 kB
Buffers:           47792 kB
Cached:           295472 kB
MemTotal:        1844596 kB
MemFree:         1308864 kB
MemAvailable:    1525112 kB
Buffers:           47792 kB
Cached:           295472 kB
MemTotal:        1844596 kB
MemFree:         1309116 kB
MemAvailable:    1525364 kB
Buffers:           47792 kB
Cached:           295472 kB
MemTotal:        1844596 kB
MemFree:         1307396 kB
MemAvailable:    1523644 kB
Buffers:           47792 kB
Cached:           295472 kB
MemTotal:        1844596 kB
MemFree:         1308768 kB
MemAvailable:    1525016 kB
Buffers:           47792 kB
Cached:           295472 kB
MemTotal:        1844596 kB
MemFree:         1308364 kB
MemAvailable:    1524612 kB
Buffers:           47792 kB
Cached:           295472 kB
MemTotal:        1844596 kB
MemFree:         1308512 kB
MemAvailable:    1524760 kB
Buffers:           47792 kB
Cached:           295472 kB
MemTotal:        1844596 kB
MemFree:         1308000 kB
MemAvailable:    1524248 kB
Buffers:           47792 kB
Cached:           295472 kB
MemTotal:        1844596 kB
MemFree:         1308252 kB
MemAvailable:    1524500 kB
Buffers:           47792 kB
Cached:           295472 kB
MemTotal:        1844596 kB
MemFree:         1307812 kB
MemAvailable:    1524060 kB
Buffers:           47792 kB
Cached:           295472 kB
MemTotal:        1844596 kB
MemFree:         1308064 kB
MemAvailable:    1524312 kB
Buffers:           47792 kB
Cached:           295472 kB
MemTotal:        1844596 kB
MemFree:         1306880 kB
MemAvailable:    1523128 kB
Buffers:           47792 kB
Cached:           295472 kB
MemTotal:        1844596 kB
MemFree:         1307996 kB
MemAvailable:    1524244 kB
Buffers:           47792 kB
Cached:           295472 kB
MemTotal:        1844596 kB
MemFree:         1307280 kB
MemAvailable:    1523404 kB
Buffers:           47792 kB
Cached:           295472 kB
MemTotal:        1844596 kB
MemFree:         1306772 kB
MemAvailable:    1523020 kB
Buffers:           47792 kB
Cached:           295472 kB
MemTotal:        1844596 kB
MemFree:         1307776 kB
MemAvailable:    1524024 kB
Buffers:           47792 kB
Cached:           295472 kB
MemTotal:        1844596 kB
MemFree:         1306536 kB
MemAvailable:    1522784 kB
Buffers:           47792 kB
Cached:           295472 kB
MemTotal:        1844596 kB
MemFree:         1305984 kB
MemAvailable:    1522232 kB
Buffers:           47792 kB
Cached:           295472 kB
MemTotal:        1844596 kB
MemFree:         1301700 kB
MemAvailable:    1517948 kB
Buffers:           47792 kB
Cached:           295472 kB
MemTotal:        1844596 kB
MemFree:         1299776 kB
MemAvailable:    1516024 kB
Buffers:           47792 kB
Cached:           295472 kB
MemTotal:        1844596 kB
MemFree:         1299096 kB
MemAvailable:    1515428 kB
Buffers:           47792 kB
Cached:           295596 kB
MemTotal:        1844596 kB
MemFree:         1299148 kB
MemAvailable:    1515648 kB
Buffers:           47792 kB
Cached:           295844 kB
MemTotal:        1844596 kB
MemFree:         1299400 kB
MemAvailable:    1515900 kB
Buffers:           47792 kB
Cached:           295844 kB
MemTotal:        1844596 kB
MemFree:         1299156 kB
MemAvailable:    1515824 kB
Buffers:           47792 kB
Cached:           295968 kB
MemTotal:        1844596 kB
MemFree:         1299068 kB
MemAvailable:    1515820 kB
Buffers:           47792 kB
Cached:           295968 kB
MemTotal:        1844596 kB
MemFree:         1298352 kB
MemAvailable:    1515188 kB
Buffers:           47792 kB
Cached:           296092 kB
MemTotal:        1844596 kB
MemFree:         1298644 kB
MemAvailable:    1515480 kB
Buffers:           47792 kB
Cached:           296092 kB
MemTotal:        1844596 kB
MemFree:         1298812 kB
MemAvailable:    1515648 kB
Buffers:           47792 kB
Cached:           296092 kB
MemTotal:        1844596 kB
MemFree:         1299032 kB
MemAvailable:    1515868 kB
Buffers:           47792 kB
Cached:           296092 kB
MemTotal:        1844596 kB
MemFree:         1298236 kB
MemAvailable:    1515072 kB
Buffers:           47792 kB
Cached:           296092 kB
MemTotal:        1844596 kB
MemFree:         1298104 kB
MemAvailable:    1514984 kB
Buffers:           47792 kB
Cached:           296144 kB
MemTotal:        1844596 kB
MemFree:         1299156 kB
MemAvailable:    1516036 kB
Buffers:           47792 kB
Cached:           296144 kB
MemTotal:        1844596 kB
MemFree:         1298964 kB
MemAvailable:    1515844 kB
Buffers:           47792 kB
Cached:           296144 kB
MemTotal:        1844596 kB
MemFree:         1298964 kB
MemAvailable:    1515844 kB
Buffers:           47792 kB
Cached:           296144 kB
MemTotal:        1844596 kB
MemFree:         1297980 kB
MemAvailable:    1514860 kB
Buffers:           47792 kB
Cached:           296144 kB
MemTotal:        1844596 kB
MemFree:         1299212 kB
MemAvailable:    1515420 kB
Buffers:           47792 kB
Cached:           295512 kB
MemTotal:        1844596 kB
MemFree:         1365240 kB
MemAvailable:    1581448 kB
Buffers:           47792 kB
Cached:           295512 kB
MemTotal:        1844596 kB
MemFree:         1368340 kB
MemAvailable:    1584548 kB
Buffers:           47792 kB
Cached:           295512 kB
