MemTotal:        1844596 kB
MemFree:         1295016 kB
MemAvailable:    1553816 kB
Buffers:           52376 kB
Cached:           329808 kB
MemTotal:        1844596 kB
MemFree:         1292204 kB
MemAvailable:    1551128 kB
Buffers:           52376 kB
Cached:           329808 kB
MemTotal:        1844596 kB
MemFree:         1289972 kB
MemAvailable:    1548896 kB
Buffers:           52376 kB
Cached:           329808 kB
MemTotal:        1844596 kB
MemFree:         1289608 kB
MemAvailable:    1548532 kB
Buffers:           52376 kB
Cached:           329808 kB
MemTotal:        1844596 kB
MemFree:         1289592 kB
MemAvailable:    1548516 kB
Buffers:           52376 kB
Cached:           329808 kB
MemTotal:        1844596 kB
MemFree:         1289676 kB
MemAvailable:    1548600 kB
Buffers:           52376 kB
Cached:           329808 kB
MemTotal:        1844596 kB
MemFree:         1285748 kB
MemAvailable:    1544672 kB
Buffers:           52376 kB
Cached:           329808 kB
MemTotal:        1844596 kB
MemFree:         1285092 kB
MemAvailable:    1544016 kB
Buffers:           52376 kB
Cached:           329808 kB
MemTotal:        1844596 kB
MemFree:         1283460 kB
MemAvailable:    1542384 kB
Buffers:           52376 kB
Cached:           329808 kB
MemTotal:        1844596 kB
MemFree:         1280060 kB
MemAvailable:    1538984 kB
Buffers:           52376 kB
Cached:           329808 kB
MemTotal:        1844596 kB
MemFree:         1278484 kB
MemAvailable:    1537408 kB
Buffers:           52376 kB
Cached:           329808 kB
MemTotal:        1844596 kB
MemFree:         1278484 kB
MemAvailable:    1537408 kB
Buffers:           52376 kB
Cached:           329808 kB
MemTotal:        1844596 kB
MemFree:         1279748 kB
MemAvailable:    1538672 kB
Buffers:           52376 kB
Cached:           329808 kB
MemTotal:        1844596 kB
MemFree:         1279192 kB
MemAvailable:    1538116 kB
Buffers:           52376 kB
Cached:           329808 kB
MemTotal:        1844596 kB
MemFree:         1279860 kB
MemAvailable:    1538784 kB
Buffers:           52376 kB
Cached:           329808 kB
MemTotal:        1844596 kB
MemFree:         1278428 kB
MemAvailable:    1537352 kB
Buffers:           52376 kB
Cached:           329808 kB
MemTotal:        1844596 kB
MemFree:         1279052 kB
MemAvailable:    1537976 kB
Buffers:           52376 kB
Cached:           329808 kB
MemTotal:        1844596 kB
MemFree:         1279304 kB
MemAvailable:    1538228 kB
Buffers:           52376 kB
Cached:           329808 kB
MemTotal:        1844596 kB
MemFree:         1277208 kB
MemAvailable:    1536132 kB
Buffers:           52376 kB
Cached:           329808 kB
MemTotal:        1844596 kB
MemFree:         1276208 kB
MemAvailable:    1535132 kB
Buffers:           52376 kB
Cached:           329808 kB
MemTotal:        1844596 kB
MemFree:         1276464 kB
MemAvailable:    1535388 kB
Buffers:           52376 kB
Cached:           329808 kB
MemTotal:        1844596 kB
MemFree:         1277540 kB
MemAvailable:    1536464 kB
Buffers:           52376 kB
Cached:           329808 kB
MemTotal:        1844596 kB
MemFree:         1276340 kB
MemAvailable:    1535264 kB
Buffers:           52376 kB
Cached:           329808 kB
MemTotal:        1844596 kB
MemFree:         1277268 kB
MemAvailable:    1536192 kB
Buffers:           52376 kB
Cached:           329808 kB
MemTotal:        1844596 kB
MemFree:         1277268 kB
MemAvailable:    1536192 kB
Buffers:           52376 kB
Cached:           329808 kB
MemTotal:        1844596 kB
MemFree:         1276996 kB
MemAvailable:    1535920 kB
Buffers:           52376 kB
Cached:           329808 kB
MemTotal:        1844596 kB
MemFree:         1277332 kB
MemAvailable:    1536256 kB
Buffers:           52376 kB
Cached:           329808 kB
MemTotal:        1844596 kB
MemFree:         1275636 kB
MemAvailable:    1534560 kB
Buffers:           52376 kB
Cached:           329808 kB
MemTotal:        1844596 kB
MemFree:         1277372 kB
MemAvailable:    1536296 kB
Buffers:           52376 kB
Cached:           329808 kB
MemTotal:        1844596 kB
MemFree:         1277380 kB
MemAvailable:    1536304 kB
Buffers:           52376 kB
Cached:           329808 kB
MemTotal:        1844596 kB
MemFree:         1277380 kB
MemAvailable:    1536304 kB
Buffers:           52376 kB
Cached:           329808 kB
MemTotal:        1844596 kB
MemFree:         1276820 kB
MemAvailable:    1535748 kB
Buffers:           52376 kB
Cached:           329812 kB
MemTotal:        1844596 kB
MemFree:         1276700 kB
MemAvailable:    1535628 kB
Buffers:           52376 kB
Cached:           329812 kB
MemTotal:        1844596 kB
MemFree:         1273984 kB
MemAvailable:    1532912 kB
Buffers:           52376 kB
Cached:           329812 kB
MemTotal:        1844596 kB
MemFree:         1273860 kB
MemAvailable:    1532788 kB
Buffers:           52376 kB
Cached:           329812 kB
MemTotal:        1844596 kB
MemFree:         1274356 kB
MemAvailable:    1533284 kB
Buffers:           52376 kB
Cached:           329812 kB
MemTotal:        1844596 kB
MemFree:         1272852 kB
MemAvailable:    1531780 kB
Buffers:           52376 kB
Cached:           329812 kB
MemTotal:        1844596 kB
MemFree:         1273108 kB
MemAvailable:    1532036 kB
Buffers:           52376 kB
Cached:           329812 kB
MemTotal:        1844596 kB
MemFree:         1273232 kB
MemAvailable:    1532164 kB
Buffers:           52376 kB
Cached:           329816 kB
MemTotal:        1844596 kB
MemFree:         1273300 kB
MemAvailable:    1532232 kB
Buffers:           52376 kB
Cached:           329816 kB
MemTotal:        1844596 kB
MemFree:         1271992 kB
MemAvailable:    1530924 kB
Buffers:           52376 kB
Cached:           329816 kB
MemTotal:        1844596 kB
MemFree:         1272124 kB
MemAvailable:    1531056 kB
Buffers:           52376 kB
Cached:           329816 kB
MemTotal:        1844596 kB
MemFree:         1273128 kB
MemAvailable:    1532060 kB
Buffers:           52376 kB
Cached:           329816 kB
MemTotal:        1844596 kB
MemFree:         1272496 kB
MemAvailable:    1531428 kB
Buffers:           52376 kB
Cached:           329816 kB
MemTotal:        1844596 kB
MemFree:         1272956 kB
MemAvailable:    1531888 kB
Buffers:           52376 kB
Cached:           329816 kB
MemTotal:        1844596 kB
MemFree:         1273208 kB
MemAvailable:    1532140 kB
Buffers:           52376 kB
Cached:           329816 kB
MemTotal:        1844596 kB
MemFree:         1271628 kB
MemAvailable:    1530560 kB
Buffers:           52376 kB
Cached:           329816 kB
MemTotal:        1844596 kB
MemFree:         1272656 kB
MemAvailable:    1531588 kB
Buffers:           52376 kB
Cached:           329816 kB
MemTotal:        1844596 kB
MemFree:         1272604 kB
MemAvailable:    1531536 kB
Buffers:           52376 kB
Cached:           329816 kB
MemTotal:        1844596 kB
MemFree:         1272236 kB
MemAvailable:    1531168 kB
Buffers:           52376 kB
Cached:           329816 kB
MemTotal:        1844596 kB
MemFree:         1270740 kB
MemAvailable:    1529672 kB
Buffers:           52376 kB
Cached:           329816 kB
MemTotal:        1844596 kB
MemFree:         1270988 kB
MemAvailable:    1529920 kB
Buffers:           52376 kB
Cached:           329816 kB
MemTotal:        1844596 kB
MemFree:         1272332 kB
MemAvailable:    1531264 kB
Buffers:           52376 kB
Cached:           329816 kB
MemTotal:        1844596 kB
MemFree:         1271132 kB
MemAvailable:    1530064 kB
Buffers:           52376 kB
Cached:           329816 kB
MemTotal:        1844596 kB
MemFree:         1271964 kB
MemAvailable:    1530896 kB
Buffers:           52376 kB
Cached:           329816 kB
MemTotal:        1844596 kB
MemFree:         1272300 kB
MemAvailable:    1531232 kB
Buffers:           52376 kB
Cached:           329816 kB
MemTotal:        1844596 kB
MemFree:         1272304 kB
MemAvailable:    1531236 kB
Buffers:           52376 kB
Cached:           329816 kB
MemTotal:        1844596 kB
MemFree:         1271372 kB
MemAvailable:    1530304 kB
Buffers:           52376 kB
Cached:           329816 kB
MemTotal:        1844596 kB
MemFree:         1271796 kB
MemAvailable:    1530728 kB
Buffers:           52376 kB
Cached:           329816 kB
MemTotal:        1844596 kB
MemFree:         1271996 kB
MemAvailable:    1530928 kB
Buffers:           52376 kB
Cached:           329816 kB
MemTotal:        1844596 kB
MemFree:         1271532 kB
MemAvailable:    1530464 kB
Buffers:           52376 kB
Cached:           329816 kB
MemTotal:        1844596 kB
MemFree:         1271532 kB
MemAvailable:    1530464 kB
Buffers:           52376 kB
Cached:           329816 kB
MemTotal:        1844596 kB
MemFree:         1271356 kB
MemAvailable:    1530288 kB
Buffers:           52376 kB
Cached:           329816 kB
MemTotal:        1844596 kB
MemFree:         1271356 kB
MemAvailable:    1530288 kB
Buffers:           52376 kB
Cached:           329816 kB
MemTotal:        1844596 kB
MemFree:         1271092 kB
MemAvailable:    1530024 kB
Buffers:           52376 kB
Cached:           329816 kB
MemTotal:        1844596 kB
MemFree:         1271344 kB
MemAvailable:    1530276 kB
Buffers:           52376 kB
Cached:           329816 kB
MemTotal:        1844596 kB
MemFree:         1269936 kB
MemAvailable:    1528868 kB
Buffers:           52376 kB
Cached:           329816 kB
MemTotal:        1844596 kB
MemFree:         1271156 kB
MemAvailable:    1530088 kB
Buffers:           52376 kB
Cached:           329816 kB
MemTotal:        1844596 kB
MemFree:         1271216 kB
MemAvailable:    1530148 kB
Buffers:           52376 kB
Cached:           329816 kB
MemTotal:        1844596 kB
MemFree:         1271256 kB
MemAvailable:    1530188 kB
Buffers:           52376 kB
Cached:           329816 kB
MemTotal:        1844596 kB
MemFree:         1271252 kB
MemAvailable:    1530184 kB
Buffers:           52376 kB
Cached:           329816 kB
MemTotal:        1844596 kB
MemFree:         1269844 kB
MemAvailable:    1528776 kB
Buffers:           52376 kB
Cached:           329816 kB
MemTotal:        1844596 kB
MemFree:         1269968 kB
MemAvailable:    1528900 kB
Buffers:           52376 kB
Cached:           329816 kB
MemTotal:        1844596 kB
MemFree:         1271124 kB
MemAvailable:    1530056 kB
Buffers:           52376 kB
Cached:           329816 kB
MemTotal:        1844596 kB
MemFree:         1269892 kB
MemAvailable:    1528824 kB
Buffers:           52376 kB
Cached:           329816 kB
MemTotal:        1844596 kB
MemFree:         1268528 kB
MemAvailable:    1527460 kB
Buffers:           52376 kB
Cached:           329816 kB
MemTotal:        1844596 kB
MemFree:         1266224 kB
MemAvailable:    1525156 kB
Buffers:           52376 kB
Cached:           329816 kB
MemTotal:        1844596 kB
MemFree:         1266588 kB
MemAvailable:    1525520 kB
Buffers:           52376 kB
Cached:           329816 kB
MemTotal:        1844596 kB
MemFree:         1263544 kB
MemAvailable:    1522476 kB
Buffers:           52376 kB
Cached:           329816 kB
MemTotal:        1844596 kB
MemFree:         1263544 kB
MemAvailable:    1522476 kB
Buffers:           52376 kB
Cached:           329816 kB
MemTotal:        1844596 kB
MemFree:         1263356 kB
MemAvailable:    1522288 kB
Buffers:           52376 kB
Cached:           329816 kB
MemTotal:        1844596 kB
MemFree:         1262008 kB
MemAvailable:    1520940 kB
Buffers:           52376 kB
Cached:           329816 kB
MemTotal:        1844596 kB
MemFree:         1263184 kB
MemAvailable:    1522116 kB
Buffers:           52376 kB
Cached:           329816 kB
MemTotal:        1844596 kB
MemFree:         1261752 kB
MemAvailable:    1520684 kB
Buffers:           52376 kB
Cached:           329816 kB
MemTotal:        1844596 kB
MemFree:         1261752 kB
MemAvailable:    1520684 kB
Buffers:           52376 kB
Cached:           329816 kB
MemTotal:        1844596 kB
MemFree:         1263160 kB
MemAvailable:    1522092 kB
Buffers:           52376 kB
Cached:           329816 kB
MemTotal:        1844596 kB
MemFree:         1262080 kB
MemAvailable:    1521012 kB
Buffers:           52376 kB
Cached:           329816 kB
MemTotal:        1844596 kB
MemFree:         1261816 kB
MemAvailable:    1520748 kB
Buffers:           52376 kB
Cached:           329816 kB
MemTotal:        1844596 kB
MemFree:         1261948 kB
MemAvailable:    1520880 kB
Buffers:           52376 kB
Cached:           329816 kB
MemTotal:        1844596 kB
MemFree:         1263376 kB
MemAvailable:    1522308 kB
Buffers:           52376 kB
Cached:           329816 kB
MemTotal:        1844596 kB
MemFree:         1263164 kB
MemAvailable:    1522096 kB
Buffers:           52376 kB
Cached:           329816 kB
MemTotal:        1844596 kB
MemFree:         1262652 kB
MemAvailable:    1521584 kB
Buffers:           52376 kB
Cached:           329816 kB
MemTotal:        1844596 kB
MemFree:         1263240 kB
MemAvailable:    1522172 kB
Buffers:           52376 kB
Cached:           329816 kB
MemTotal:        1844596 kB
MemFree:         1263032 kB
MemAvailable:    1521964 kB
Buffers:           52376 kB
Cached:           329816 kB
MemTotal:        1844596 kB
MemFree:         1261700 kB
MemAvailable:    1520632 kB
Buffers:           52376 kB
Cached:           329816 kB
MemTotal:        1844596 kB
MemFree:         1262284 kB
MemAvailable:    1521216 kB
Buffers:           52376 kB
Cached:           329816 kB
MemTotal:        1844596 kB
MemFree:         1262536 kB
MemAvailable:    1521468 kB
Buffers:           52376 kB
Cached:           329816 kB
MemTotal:        1844596 kB
MemFree:         1260584 kB
MemAvailable:    1519516 kB
Buffers:           52376 kB
Cached:           329816 kB
MemTotal:        1844596 kB
MemFree:         1260716 kB
MemAvailable:    1519648 kB
Buffers:           52376 kB
Cached:           329816 kB
MemTotal:        1844596 kB
MemFree:         1261436 kB
MemAvailable:    1520368 kB
Buffers:           52376 kB
Cached:           329816 kB
MemTotal:        1844596 kB
MemFree:         1261212 kB
MemAvailable:    1520144 kB
Buffers:           52376 kB
Cached:           329816 kB
MemTotal:        1844596 kB
MemFree:         1260320 kB
MemAvailable:    1519252 kB
Buffers:           52376 kB
Cached:           329816 kB
MemTotal:        1844596 kB
MemFree:         1260196 kB
MemAvailable:    1519128 kB
Buffers:           52376 kB
Cached:           329816 kB
MemTotal:        1844596 kB
MemFree:         1258732 kB
MemAvailable:    1517664 kB
Buffers:           52376 kB
Cached:           329816 kB
MemTotal:        1844596 kB
MemFree:         1259096 kB
MemAvailable:    1518028 kB
Buffers:           52376 kB
Cached:           329816 kB
MemTotal:        1844596 kB
MemFree:         1259536 kB
MemAvailable:    1518468 kB
Buffers:           52376 kB
Cached:           329816 kB
MemTotal:        1844596 kB
MemFree:         1259536 kB
MemAvailable:    1518468 kB
Buffers:           52376 kB
Cached:           329816 kB
MemTotal:        1844596 kB
MemFree:         1259132 kB
MemAvailable:    1518064 kB
Buffers:           52376 kB
Cached:           329816 kB
MemTotal:        1844596 kB
MemFree:         1259468 kB
MemAvailable:    1518400 kB
Buffers:           52376 kB
Cached:           329816 kB
MemTotal:        1844596 kB
MemFree:         1259480 kB
MemAvailable:    1518420 kB
Buffers:           52376 kB
Cached:           329824 kB
MemTotal:        1844596 kB
MemFree:         1258492 kB
MemAvailable:    1517432 kB
Buffers:           52376 kB
Cached:           329824 kB
MemTotal:        1844596 kB
MemFree:         1259240 kB
MemAvailable:    1518180 kB
Buffers:           52376 kB
Cached:           329824 kB
MemTotal:        1844596 kB
MemFree:         1258112 kB
MemAvailable:    1517052 kB
Buffers:           52376 kB
Cached:           329824 kB
MemTotal:        1844596 kB
MemFree:         1257808 kB
MemAvailable:    1516748 kB
Buffers:           52376 kB
Cached:           329824 kB
MemTotal:        1844596 kB
MemFree:         1259240 kB
MemAvailable:    1518180 kB
Buffers:           52376 kB
Cached:           329824 kB
MemTotal:        1844596 kB
MemFree:         1257732 kB
MemAvailable:    1516672 kB
Buffers:           52376 kB
Cached:           329824 kB
MemTotal:        1844596 kB
MemFree:         1258652 kB
MemAvailable:    1517592 kB
Buffers:           52376 kB
Cached:           329824 kB
MemTotal:        1844596 kB
MemFree:         1258820 kB
MemAvailable:    1517760 kB
Buffers:           52376 kB
Cached:           329824 kB
MemTotal:        1844596 kB
MemFree:         1254576 kB
MemAvailable:    1513516 kB
Buffers:           52376 kB
Cached:           329824 kB
MemTotal:        1844596 kB
MemFree:         1251284 kB
MemAvailable:    1510224 kB
Buffers:           52376 kB
Cached:           329824 kB
MemTotal:        1844596 kB
MemFree:         1251292 kB
MemAvailable:    1510232 kB
Buffers:           52376 kB
Cached:           329948 kB
MemTotal:        1844596 kB
MemFree:         1252036 kB
MemAvailable:    1511228 kB
Buffers:           52376 kB
Cached:           330072 kB
MemTotal:        1844596 kB
MemFree:         1251840 kB
MemAvailable:    1511116 kB
Buffers:           52376 kB
Cached:           330196 kB
MemTotal:        1844596 kB
MemFree:         1250920 kB
MemAvailable:    1510280 kB
Buffers:           52376 kB
Cached:           330196 kB
MemTotal:        1844596 kB
MemFree:         1251724 kB
MemAvailable:    1511168 kB
Buffers:           52376 kB
Cached:           330320 kB
MemTotal:        1844596 kB
MemFree:         1250540 kB
MemAvailable:    1509984 kB
Buffers:           52376 kB
Cached:           330444 kB
MemTotal:        1844596 kB
MemFree:         1251412 kB
MemAvailable:    1510856 kB
Buffers:           52376 kB
Cached:           330444 kB
MemTotal:        1844596 kB
MemFree:         1251276 kB
MemAvailable:    1510804 kB
Buffers:           52376 kB
Cached:           330568 kB
MemTotal:        1844596 kB
MemFree:         1251412 kB
MemAvailable:    1510940 kB
Buffers:           52376 kB
Cached:           330568 kB
MemTotal:        1844596 kB
MemFree:         1251220 kB
MemAvailable:    1510748 kB
Buffers:           52376 kB
Cached:           330568 kB
MemTotal:        1844596 kB
MemFree:         1251472 kB
MemAvailable:    1511000 kB
Buffers:           52376 kB
Cached:           330568 kB
MemTotal:        1844596 kB
MemFree:         1250224 kB
MemAvailable:    1509752 kB
Buffers:           52376 kB
Cached:           330568 kB
MemTotal:        1844596 kB
MemFree:         1251340 kB
MemAvailable:    1510868 kB
Buffers:           52376 kB
Cached:           330568 kB
MemTotal:        1844596 kB
MemFree:         1251400 kB
MemAvailable:    1510928 kB
Buffers:           52376 kB
Cached:           330568 kB
MemTotal:        1844596 kB
MemFree:         1250672 kB
MemAvailable:    1510200 kB
Buffers:           52376 kB
Cached:           330568 kB
MemTotal:        1844596 kB
MemFree:         1250152 kB
MemAvailable:    1509092 kB
Buffers:           52376 kB
Cached:           329812 kB
MemTotal:        1844596 kB
MemFree:         1315692 kB
MemAvailable:    1574632 kB
Buffers:           52376 kB
Cached:           329812 kB
