MemTotal:        1844596 kB
MemFree:         1204136 kB
MemAvailable:    1542928 kB
Buffers:           60516 kB
Cached:           394464 kB
MemTotal:        1844596 kB
MemFree:         1202584 kB
MemAvailable:    1541376 kB
Buffers:           60516 kB
Cached:           394464 kB
MemTotal:        1844596 kB
MemFree:         1200052 kB
MemAvailable:    1538844 kB
Buffers:           60516 kB
Cached:           394464 kB
MemTotal:        1844596 kB
MemFree:         1201128 kB
MemAvailable:    1539924 kB
Buffers:           60516 kB
Cached:           394468 kB
MemTotal:        1844596 kB
MemFree:         1199988 kB
MemAvailable:    1538784 kB
Buffers:           60516 kB
Cached:           394468 kB
MemTotal:        1844596 kB
MemFree:         1198556 kB
MemAvailable:    1537352 kB
Buffers:           60516 kB
Cached:           394468 kB
MemTotal:        1844596 kB
MemFree:         1196640 kB
MemAvailable:    1535436 kB
Buffers:           60516 kB
Cached:           394468 kB
MemTotal:        1844596 kB
MemFree:         1194472 kB
MemAvailable:    1533268 kB
Buffers:           60516 kB
Cached:           394468 kB
MemTotal:        1844596 kB
MemFree:         1192364 kB
MemAvailable:    1531160 kB
Buffers:           60516 kB
Cached:           394468 kB
MemTotal:        1844596 kB
MemFree:         1187776 kB
MemAvailable:    1526572 kB
Buffers:           60516 kB
Cached:           394468 kB
MemTotal:        1844596 kB
MemFree:         1189924 kB
MemAvailable:    1528720 kB
Buffers:           60516 kB
Cached:           394468 kB
MemTotal:        1844596 kB
MemFree:         1189704 kB
MemAvailable:    1528500 kB
Buffers:           60516 kB
Cached:           394468 kB
MemTotal:        1844596 kB
MemFree:         1189788 kB
MemAvailable:    1528584 kB
Buffers:           60516 kB
Cached:           394468 kB
MemTotal:        1844596 kB
MemFree:         1189764 kB
MemAvailable:    1528560 kB
Buffers:           60516 kB
Cached:           394468 kB
MemTotal:        1844596 kB
MemFree:         1189740 kB
MemAvailable:    1528536 kB
Buffers:           60516 kB
Cached:           394468 kB
MemTotal:        1844596 kB
MemFree:         1188624 kB
MemAvailable:    1527420 kB
Buffers:           60516 kB
Cached:           394468 kB
MemTotal:        1844596 kB
MemFree:         1187776 kB
MemAvailable:    1526572 kB
Buffers:           60516 kB
Cached:           394468 kB
MemTotal:        1844596 kB
MemFree:         1186784 kB
MemAvailable:    1525580 kB
Buffers:           60516 kB
Cached:           394468 kB
MemTotal:        1844596 kB
MemFree:         1187504 kB
MemAvailable:    1526300 kB
Buffers:           60516 kB
Cached:           394468 kB
MemTotal:        1844596 kB
MemFree:         1187588 kB
MemAvailable:    1526384 kB
Buffers:           60516 kB
Cached:           394468 kB
MemTotal:        1844596 kB
MemFree:         1187200 kB
MemAvailable:    1525996 kB
Buffers:           60516 kB
Cached:           394468 kB
MemTotal:        1844596 kB
MemFree:         1187452 kB
MemAvailable:    1526248 kB
Buffers:           60516 kB
Cached:           394468 kB
MemTotal:        1844596 kB
MemFree:         1186108 kB
MemAvailable:    1524904 kB
Buffers:           60516 kB
Cached:           394468 kB
MemTotal:        1844596 kB
MemFree:         1187344 kB
MemAvailable:    1526140 kB
Buffers:           60516 kB
Cached:           394468 kB
MemTotal:        1844596 kB
MemFree:         1186404 kB
MemAvailable:    1525200 kB
Buffers:           60516 kB
Cached:           394468 kB
MemTotal:        1844596 kB
MemFree:         1187204 kB
MemAvailable:    1526000 kB
Buffers:           60516 kB
Cached:           394468 kB
MemTotal:        1844596 kB
MemFree:         1187456 kB
MemAvailable:    1526252 kB
Buffers:           60516 kB
Cached:           394468 kB
MemTotal:        1844596 kB
MemFree:         1188624 kB
MemAvailable:    1527420 kB
Buffers:           60516 kB
Cached:           394468 kB
MemTotal:        1844596 kB
MemFree:         1188636 kB
MemAvailable:    1527432 kB
Buffers:           60516 kB
Cached:           394468 kB
MemTotal:        1844596 kB
MemFree:         1187404 kB
MemAvailable:    1526200 kB
Buffers:           60516 kB
Cached:           394468 kB
MemTotal:        1844596 kB
MemFree:         1185420 kB
MemAvailable:    1524216 kB
Buffers:           60516 kB
Cached:           394468 kB
MemTotal:        1844596 kB
MemFree:         1185988 kB
MemAvailable:    1524784 kB
Buffers:           60516 kB
Cached:           394468 kB
MemTotal:        1844596 kB
MemFree:         1185048 kB
MemAvailable:    1523844 kB
Buffers:           60516 kB
Cached:           394468 kB
MemTotal:        1844596 kB
MemFree:         1184280 kB
MemAvailable:    1523076 kB
Buffers:           60516 kB
Cached:           394468 kB
MemTotal:        1844596 kB
MemFree:         1184172 kB
MemAvailable:    1522968 kB
Buffers:           60516 kB
Cached:           394468 kB
MemTotal:        1844596 kB
MemFree:         1183620 kB
MemAvailable:    1522416 kB
Buffers:           60516 kB
Cached:           394468 kB
MemTotal:        1844596 kB
MemFree:         1182188 kB
MemAvailable:    1520984 kB
Buffers:           60516 kB
Cached:           394468 kB
MemTotal:        1844596 kB
MemFree:         1182516 kB
MemAvailable:    1521312 kB
Buffers:           60516 kB
Cached:           394468 kB
MemTotal:        1844596 kB
MemFree:         1183312 kB
MemAvailable:    1522108 kB
Buffers:           60516 kB
Cached:           394468 kB
MemTotal:        1844596 kB
MemFree:         1183116 kB
MemAvailable:    1521912 kB
Buffers:           60516 kB
Cached:           394468 kB
MemTotal:        1844596 kB
MemFree:         1183368 kB
MemAvailable:    1522164 kB
Buffers:           60516 kB
Cached:           394468 kB
MemTotal:        1844596 kB
MemFree:         1183152 kB
MemAvailable:    1521948 kB
Buffers:           60516 kB
Cached:           394468 kB
MemTotal:        1844596 kB
MemFree:         1183300 kB
MemAvailable:    1522096 kB
Buffers:           60516 kB
Cached:           394468 kB
MemTotal:        1844596 kB
MemFree:         1181808 kB
MemAvailable:    1520604 kB
Buffers:           60516 kB
Cached:           394468 kB
MemTotal:        1844596 kB
MemFree:         1181800 kB
MemAvailable:    1520596 kB
Buffers:           60516 kB
Cached:           394468 kB
MemTotal:        1844596 kB
MemFree:         1182504 kB
MemAvailable:    1521300 kB
Buffers:           60516 kB
Cached:           394468 kB
MemTotal:        1844596 kB
MemFree:         1181072 kB
MemAvailable:    1519868 kB
Buffers:           60516 kB
Cached:           394468 kB
MemTotal:        1844596 kB
MemFree:         1182172 kB
MemAvailable:    1520968 kB
Buffers:           60516 kB
Cached:           394468 kB
MemTotal:        1844596 kB
MemFree:         1181808 kB
MemAvailable:    1520604 kB
Buffers:           60516 kB
Cached:           394468 kB
MemTotal:        1844596 kB
MemFree:         1180800 kB
MemAvailable:    1519596 kB
Buffers:           60516 kB
Cached:           394468 kB
MemTotal:        1844596 kB
MemFree:         1182024 kB
MemAvailable:    1520820 kB
Buffers:           60516 kB
Cached:           394468 kB
MemTotal:        1844596 kB
MemFree:         1182108 kB
MemAvailable:    1520904 kB
Buffers:           60516 kB
Cached:           394468 kB
MemTotal:        1844596 kB
MemFree:         1182108 kB
MemAvailable:    1520904 kB
Buffers:           60516 kB
Cached:           394468 kB
MemTotal:        1844596 kB
MemFree:         1182048 kB
MemAvailable:    1520844 kB
Buffers:           60516 kB
Cached:           394468 kB
MemTotal:        1844596 kB
MemFree:         1182172 kB
MemAvailable:    1520968 kB
Buffers:           60516 kB
Cached:           394468 kB
MemTotal:        1844596 kB
MemFree:         1182000 kB
MemAvailable:    1520796 kB
Buffers:           60516 kB
Cached:           394468 kB
MemTotal:        1844596 kB
MemFree:         1182120 kB
MemAvailable:    1520916 kB
Buffers:           60516 kB
Cached:           394468 kB
MemTotal:        1844596 kB
MemFree:         1182072 kB
MemAvailable:    1520868 kB
Buffers:           60516 kB
Cached:           394468 kB
MemTotal:        1844596 kB
MemFree:         1180956 kB
MemAvailable:    1519752 kB
Buffers:           60516 kB
Cached:           394468 kB
MemTotal:        1844596 kB
MemFree:         1180708 kB
MemAvailable:    1519504 kB
Buffers:           60516 kB
Cached:           394468 kB
MemTotal:        1844596 kB
MemFree:         1182136 kB
MemAvailable:    1520932 kB
Buffers:           60516 kB
Cached:           394468 kB
MemTotal:        1844596 kB
MemFree:         1181436 kB
MemAvailable:    1520232 kB
Buffers:           60516 kB
Cached:           394468 kB
MemTotal:        1844596 kB
MemFree:         1181436 kB
MemAvailable:    1520232 kB
Buffers:           60516 kB
Cached:           394468 kB
MemTotal:        1844596 kB
MemFree:         1181008 kB
MemAvailable:    1519804 kB
Buffers:           60516 kB
Cached:           394468 kB
MemTotal:        1844596 kB
MemFree:         1180076 kB
MemAvailable:    1518872 kB
Buffers:           60516 kB
Cached:           394468 kB
MemTotal:        1844596 kB
MemFree:         1181264 kB
MemAvailable:    1520060 kB
Buffers:           60516 kB
Cached:           394468 kB
MemTotal:        1844596 kB
MemFree:         1180452 kB
MemAvailable:    1519248 kB
Buffers:           60516 kB
Cached:           394468 kB
MemTotal:        1844596 kB
MemFree:         1181180 kB
MemAvailable:    1519976 kB
Buffers:           60516 kB
Cached:           394468 kB
MemTotal:        1844596 kB
MemFree:         1181432 kB
MemAvailable:    1520228 kB
Buffers:           60516 kB
Cached:           394468 kB
MemTotal:        1844596 kB
MemFree:         1179940 kB
MemAvailable:    1518736 kB
Buffers:           60516 kB
Cached:           394468 kB
MemTotal:        1844596 kB
MemFree:         1179940 kB
MemAvailable:    1518736 kB
Buffers:           60516 kB
Cached:           394468 kB
MemTotal:        1844596 kB
MemFree:         1181156 kB
MemAvailable:    1519952 kB
Buffers:           60516 kB
Cached:           394468 kB
MemTotal:        1844596 kB
MemFree:         1180932 kB
MemAvailable:    1519728 kB
Buffers:           60516 kB
Cached:           394468 kB
MemTotal:        1844596 kB
MemFree:         1179032 kB
MemAvailable:    1517828 kB
Buffers:           60516 kB
Cached:           394468 kB
MemTotal:        1844596 kB
MemFree:         1174988 kB
MemAvailable:    1513784 kB
Buffers:           60516 kB
Cached:           394468 kB
MemTotal:        1844596 kB
MemFree:         1174384 kB
MemAvailable:    1513180 kB
Buffers:           60516 kB
Cached:           394468 kB
MemTotal:        1844596 kB
MemFree:         1173948 kB
MemAvailable:    1512744 kB
Buffers:           60516 kB
Cached:           394468 kB
MemTotal:        1844596 kB
MemFree:         1173492 kB
MemAvailable:    1512288 kB
Buffers:           60516 kB
Cached:           394468 kB
MemTotal:        1844596 kB
MemFree:         1173744 kB
MemAvailable:    1512540 kB
Buffers:           60516 kB
Cached:           394468 kB
MemTotal:        1844596 kB
MemFree:         1173360 kB
MemAvailable:    1512160 kB
Buffers:           60516 kB
Cached:           394472 kB
MemTotal:        1844596 kB
MemFree:         1173012 kB
MemAvailable:    1511812 kB
Buffers:           60516 kB
Cached:           394472 kB
MemTotal:        1844596 kB
MemFree:         1173228 kB
MemAvailable:    1512032 kB
Buffers:           60516 kB
Cached:           394476 kB
MemTotal:        1844596 kB
MemFree:         1172400 kB
MemAvailable:    1511204 kB
Buffers:           60516 kB
Cached:           394476 kB
MemTotal:        1844596 kB
MemFree:         1173276 kB
MemAvailable:    1512080 kB
Buffers:           60516 kB
Cached:           394476 kB
MemTotal:        1844596 kB
MemFree:         1173128 kB
MemAvailable:    1511932 kB
Buffers:           60516 kB
Cached:           394476 kB
MemTotal:        1844596 kB
MemFree:         1173380 kB
MemAvailable:    1512184 kB
Buffers:           60516 kB
Cached:           394476 kB
MemTotal:        1844596 kB
MemFree:         1173484 kB
MemAvailable:    1512288 kB
Buffers:           60516 kB
Cached:           394476 kB
MemTotal:        1844596 kB
MemFree:         1171836 kB
MemAvailable:    1510640 kB
Buffers:           60516 kB
Cached:           394476 kB
MemTotal:        1844596 kB
MemFree:         1172656 kB
MemAvailable:    1511460 kB
Buffers:           60516 kB
Cached:           394476 kB
MemTotal:        1844596 kB
MemFree:         1173576 kB
MemAvailable:    1512380 kB
Buffers:           60516 kB
Cached:           394476 kB
MemTotal:        1844596 kB
MemFree:         1173236 kB
MemAvailable:    1512040 kB
Buffers:           60516 kB
Cached:           394476 kB
MemTotal:        1844596 kB
MemFree:         1173572 kB
MemAvailable:    1512376 kB
Buffers:           60516 kB
Cached:           394476 kB
MemTotal:        1844596 kB
MemFree:         1171896 kB
MemAvailable:    1510700 kB
Buffers:           60516 kB
Cached:           394476 kB
MemTotal:        1844596 kB
MemFree:         1172708 kB
MemAvailable:    1511512 kB
Buffers:           60516 kB
Cached:           394476 kB
MemTotal:        1844596 kB
MemFree:         1172212 kB
MemAvailable:    1511016 kB
Buffers:           60516 kB
Cached:           394476 kB
MemTotal:        1844596 kB
MemFree:         1171872 kB
MemAvailable:    1510676 kB
Buffers:           60516 kB
Cached:           394476 kB
MemTotal:        1844596 kB
MemFree:         1171400 kB
MemAvailable:    1510204 kB
Buffers:           60516 kB
Cached:           394476 kB
MemTotal:        1844596 kB
MemFree:         1171632 kB
MemAvailable:    1510436 kB
Buffers:           60516 kB
Cached:           394476 kB
MemTotal:        1844596 kB
MemFree:         1170136 kB
MemAvailable:    1508940 kB
Buffers:           60516 kB
Cached:           394476 kB
MemTotal:        1844596 kB
MemFree:         1171408 kB
MemAvailable:    1510212 kB
Buffers:           60516 kB
Cached:           394476 kB
MemTotal:        1844596 kB
MemFree:         1170392 kB
MemAvailable:    1509196 kB
Buffers:           60516 kB
Cached:           394476 kB
MemTotal:        1844596 kB
MemFree:         1170392 kB
MemAvailable:    1509196 kB
Buffers:           60516 kB
Cached:           394476 kB
MemTotal:        1844596 kB
MemFree:         1170364 kB
MemAvailable:    1509168 kB
Buffers:           60516 kB
Cached:           394476 kB
MemTotal:        1844596 kB
MemFree:         1169640 kB
MemAvailable:    1508444 kB
Buffers:           60516 kB
Cached:           394476 kB
MemTotal:        1844596 kB
MemFree:         1169788 kB
MemAvailable:    1508592 kB
Buffers:           60516 kB
Cached:           394476 kB
MemTotal:        1844596 kB
MemFree:         1168276 kB
MemAvailable:    1507080 kB
Buffers:           60516 kB
Cached:           394476 kB
MemTotal:        1844596 kB
MemFree:         1169524 kB
MemAvailable:    1508328 kB
Buffers:           60516 kB
Cached:           394476 kB
MemTotal:        1844596 kB
MemFree:         1169368 kB
MemAvailable:    1508172 kB
Buffers:           60516 kB
Cached:           394476 kB
MemTotal:        1844596 kB
MemFree:         1169624 kB
MemAvailable:    1508428 kB
Buffers:           60516 kB
Cached:           394476 kB
MemTotal:        1844596 kB
MemFree:         1168120 kB
MemAvailable:    1506924 kB
Buffers:           60516 kB
Cached:           394476 kB
MemTotal:        1844596 kB
MemFree:         1169272 kB
MemAvailable:    1508076 kB
Buffers:           60516 kB
Cached:           394476 kB
MemTotal:        1844596 kB
MemFree:         1169440 kB
MemAvailable:    1508244 kB
Buffers:           60516 kB
Cached:           394476 kB
MemTotal:        1844596 kB
MemFree:         1169580 kB
MemAvailable:    1508384 kB
Buffers:           60516 kB
Cached:           394476 kB
MemTotal:        1844596 kB
MemFree:         1168876 kB
MemAvailable:    1507556 kB
Buffers:           60516 kB
Cached:           394476 kB
MemTotal:        1844596 kB
MemFree:         1168432 kB
MemAvailable:    1507240 kB
Buffers:           60516 kB
Cached:           394480 kB
MemTotal:        1844596 kB
MemFree:         1168896 kB
MemAvailable:    1507704 kB
Buffers:           60516 kB
Cached:           394480 kB
MemTotal:        1844596 kB
MemFree:         1168896 kB
MemAvailable:    1507704 kB
Buffers:           60516 kB
Cached:           394480 kB
MemTotal:        1844596 kB
MemFree:         1165516 kB
MemAvailable:    1504324 kB
Buffers:           60516 kB
Cached:           394480 kB
MemTotal:        1844596 kB
MemFree:         1164704 kB
MemAvailable:    1503512 kB
Buffers:           60516 kB
Cached:           394480 kB
MemTotal:        1844596 kB
MemFree:         1162580 kB
MemAvailable:    1501388 kB
Buffers:           60516 kB
Cached:           394480 kB
MemTotal:        1844596 kB
MemFree:         1162348 kB
MemAvailable:    1501156 kB
Buffers:           60516 kB
Cached:           394480 kB
MemTotal:        1844596 kB
MemFree:         1162192 kB
MemAvailable:    1501168 kB
Buffers:           60516 kB
Cached:           394728 kB
MemTotal:        1844596 kB
MemFree:         1162444 kB
MemAvailable:    1501420 kB
Buffers:           60516 kB
Cached:           394728 kB
MemTotal:        1844596 kB
MemFree:         1162136 kB
MemAvailable:    1501280 kB
Buffers:           60516 kB
Cached:           394852 kB
MemTotal:        1844596 kB
MemFree:         1161720 kB
MemAvailable:    1501032 kB
Buffers:           60516 kB
Cached:           394976 kB
MemTotal:        1844596 kB
MemFree:         1161972 kB
MemAvailable:    1501284 kB
Buffers:           60516 kB
Cached:           394976 kB
MemTotal:        1844596 kB
MemFree:         1160564 kB
MemAvailable:    1499876 kB
Buffers:           60516 kB
Cached:           394976 kB
MemTotal:        1844596 kB
MemFree:         1160440 kB
MemAvailable:    1499836 kB
Buffers:           60516 kB
Cached:           395100 kB
MemTotal:        1844596 kB
MemFree:         1161680 kB
MemAvailable:    1501076 kB
Buffers:           60516 kB
Cached:           395100 kB
MemTotal:        1844596 kB
MemFree:         1161804 kB
MemAvailable:    1501200 kB
Buffers:           60516 kB
Cached:           395100 kB
MemTotal:        1844596 kB
MemFree:         1160744 kB
MemAvailable:    1500140 kB
Buffers:           60516 kB
Cached:           395100 kB
MemTotal:        1844596 kB
MemFree:         1161820 kB
MemAvailable:    1501296 kB
Buffers:           60516 kB
Cached:           395180 kB
MemTotal:        1844596 kB
MemFree:         1161588 kB
MemAvailable:    1501064 kB
Buffers:           60516 kB
Cached:           395180 kB
MemTotal:        1844596 kB
MemFree:         1161924 kB
MemAvailable:    1501400 kB
Buffers:           60516 kB
Cached:           395180 kB
MemTotal:        1844596 kB
MemFree:         1161068 kB
MemAvailable:    1499956 kB
Buffers:           60516 kB
Cached:           394548 kB
MemTotal:        1844596 kB
MemFree:         1199792 kB
MemAvailable:    1538680 kB
Buffers:           60516 kB
Cached:           394548 kB
