MemTotal:        1844596 kB
MemFree:         1395536 kB
MemAvailable:    1563332 kB
Buffers:           42316 kB
Cached:           256780 kB
MemTotal:        1844596 kB
MemFree:         1392684 kB
MemAvailable:    1560480 kB
Buffers:           42316 kB
Cached:           256780 kB
MemTotal:        1844596 kB
MemFree:         1390560 kB
MemAvailable:    1558356 kB
Buffers:           42316 kB
Cached:           256780 kB
MemTotal:        1844596 kB
MemFree:         1389940 kB
MemAvailable:    1557736 kB
Buffers:           42316 kB
Cached:           256780 kB
MemTotal:        1844596 kB
MemFree:         1388956 kB
MemAvailable:    1556752 kB
Buffers:           42316 kB
Cached:           256780 kB
MemTotal:        1844596 kB
MemFree:         1388700 kB
MemAvailable:    1556496 kB
Buffers:           42316 kB
Cached:           256780 kB
MemTotal:        1844596 kB
MemFree:         1388700 kB
MemAvailable:    1556496 kB
Buffers:           42316 kB
Cached:           256780 kB
MemTotal:        1844596 kB
MemFree:         1384352 kB
MemAvailable:    1552148 kB
Buffers:           42316 kB
Cached:           256780 kB
MemTotal:        1844596 kB
MemFree:         1384436 kB
MemAvailable:    1552232 kB
Buffers:           42316 kB
Cached:           256780 kB
MemTotal:        1844596 kB
MemFree:         1379168 kB
MemAvailable:    1546964 kB
Buffers:           42316 kB
Cached:           256780 kB
MemTotal:        1844596 kB
MemFree:         1380064 kB
MemAvailable:    1547860 kB
Buffers:           42316 kB
Cached:           256780 kB
MemTotal:        1844596 kB
MemFree:         1380316 kB
MemAvailable:    1548112 kB
Buffers:           42316 kB
Cached:           256780 kB
MemTotal:        1844596 kB
MemFree:         1380244 kB
MemAvailable:    1548040 kB
Buffers:           42316 kB
Cached:           256780 kB
MemTotal:        1844596 kB
MemFree:         1378740 kB
MemAvailable:    1546536 kB
Buffers:           42316 kB
Cached:           256780 kB
MemTotal:        1844596 kB
MemFree:         1380172 kB
MemAvailable:    1547968 kB
Buffers:           42316 kB
Cached:           256780 kB
MemTotal:        1844596 kB
MemFree:         1378872 kB
MemAvailable:    1546668 kB
Buffers:           42316 kB
Cached:           256780 kB
MemTotal:        1844596 kB
MemFree:         1379044 kB
MemAvailable:    1546840 kB
Buffers:           42316 kB
Cached:           256780 kB
MemTotal:        1844596 kB
MemFree:         1378980 kB
MemAvailable:    1546776 kB
Buffers:           42316 kB
Cached:           256780 kB
MemTotal:        1844596 kB
MemFree:         1378360 kB
MemAvailable:    1546156 kB
Buffers:           42316 kB
Cached:           256780 kB
MemTotal:        1844596 kB
MemFree:         1376688 kB
MemAvailable:    1544484 kB
Buffers:           42316 kB
Cached:           256780 kB
MemTotal:        1844596 kB
MemFree:         1377988 kB
MemAvailable:    1545784 kB
Buffers:           42316 kB
Cached:           256780 kB
MemTotal:        1844596 kB
MemFree:         1377780 kB
MemAvailable:    1545576 kB
Buffers:           42316 kB
Cached:           256780 kB
MemTotal:        1844596 kB
MemFree:         1377864 kB
MemAvailable:    1545660 kB
Buffers:           42316 kB
Cached:           256780 kB
MemTotal:        1844596 kB
MemFree:         1377676 kB
MemAvailable:    1545472 kB
Buffers:           42316 kB
Cached:           256780 kB
MemTotal:        1844596 kB
MemFree:         1377796 kB
MemAvailable:    1545592 kB
Buffers:           42316 kB
Cached:           256780 kB
MemTotal:        1844596 kB
MemFree:         1376936 kB
MemAvailable:    1544732 kB
Buffers:           42316 kB
Cached:           256780 kB
MemTotal:        1844596 kB
MemFree:         1378112 kB
MemAvailable:    1545908 kB
Buffers:           42316 kB
Cached:           256780 kB
MemTotal:        1844596 kB
MemFree:         1376804 kB
MemAvailable:    1544600 kB
Buffers:           42316 kB
Cached:           256780 kB
MemTotal:        1844596 kB
MemFree:         1378980 kB
MemAvailable:    1546776 kB
Buffers:           42316 kB
Cached:           256780 kB
MemTotal:        1844596 kB
MemFree:         1378980 kB
MemAvailable:    1546776 kB
Buffers:           42316 kB
Cached:           256780 kB
MemTotal:        1844596 kB
MemFree:         1377804 kB
MemAvailable:    1545600 kB
Buffers:           42316 kB
Cached:           256780 kB
MemTotal:        1844596 kB
MemFree:         1376192 kB
MemAvailable:    1543988 kB
Buffers:           42316 kB
Cached:           256780 kB
MemTotal:        1844596 kB
MemFree:         1375624 kB
MemAvailable:    1543420 kB
Buffers:           42316 kB
Cached:           256780 kB
MemTotal:        1844596 kB
MemFree:         1374580 kB
MemAvailable:    1542376 kB
Buffers:           42316 kB
Cached:           256780 kB
MemTotal:        1844596 kB
MemFree:         1374084 kB
MemAvailable:    1541880 kB
Buffers:           42316 kB
Cached:           256780 kB
MemTotal:        1844596 kB
MemFree:         1373712 kB
MemAvailable:    1541508 kB
Buffers:           42316 kB
Cached:           256780 kB
MemTotal:        1844596 kB
MemFree:         1373464 kB
MemAvailable:    1541260 kB
Buffers:           42316 kB
Cached:           256780 kB
MemTotal:        1844596 kB
MemFree:         1373996 kB
MemAvailable:    1541792 kB
Buffers:           42316 kB
Cached:           256780 kB
MemTotal:        1844596 kB
MemFree:         1373944 kB
MemAvailable:    1541740 kB
Buffers:           42316 kB
Cached:           256780 kB
MemTotal:        1844596 kB
MemFree:         1372456 kB
MemAvailable:    1540252 kB
Buffers:           42316 kB
Cached:           256780 kB
MemTotal:        1844596 kB
MemFree:         1373500 kB
MemAvailable:    1541296 kB
Buffers:           42316 kB
Cached:           256780 kB
MemTotal:        1844596 kB
MemFree:         1372324 kB
MemAvailable:    1540120 kB
Buffers:           42316 kB
Cached:           256780 kB
MemTotal:        1844596 kB
MemFree:         1373752 kB
MemAvailable:    1541548 kB
Buffers:           42316 kB
Cached:           256780 kB
MemTotal:        1844596 kB
MemFree:         1373068 kB
MemAvailable:    1540864 kB
Buffers:           42316 kB
Cached:           256780 kB
MemTotal:        1844596 kB
MemFree:         1373068 kB
MemAvailable:    1540864 kB
Buffers:           42316 kB
Cached:           256780 kB
MemTotal:        1844596 kB
MemFree:         1371596 kB
MemAvailable:    1539392 kB
Buffers:           42316 kB
Cached:           256780 kB
MemTotal:        1844596 kB
MemFree:         1372392 kB
MemAvailable:    1540188 kB
Buffers:           42316 kB
Cached:           256780 kB
MemTotal:        1844596 kB
MemFree:         1372604 kB
MemAvailable:    1540400 kB
Buffers:           42316 kB
Cached:           256780 kB
MemTotal:        1844596 kB
MemFree:         1372560 kB
MemAvailable:    1540356 kB
Buffers:           42316 kB
Cached:           256780 kB
MemTotal:        1844596 kB
MemFree:         1372720 kB
MemAvailable:    1540516 kB
Buffers:           42316 kB
Cached:           256780 kB
MemTotal:        1844596 kB
MemFree:         1371216 kB
MemAvailable:    1539012 kB
Buffers:           42316 kB
Cached:           256780 kB
MemTotal:        1844596 kB
MemFree:         1372540 kB
MemAvailable:    1540336 kB
Buffers:           42316 kB
Cached:           256780 kB
MemTotal:        1844596 kB
MemFree:         1371292 kB
MemAvailable:    1539088 kB
Buffers:           42316 kB
Cached:           256780 kB
MemTotal:        1844596 kB
MemFree:         1371168 kB
MemAvailable:    1538964 kB
Buffers:           42316 kB
Cached:           256780 kB
MemTotal:        1844596 kB
MemFree:         1372384 kB
MemAvailable:    1540180 kB
Buffers:           42316 kB
Cached:           256780 kB
MemTotal:        1844596 kB
MemFree:         1372552 kB
MemAvailable:    1540348 kB
Buffers:           42316 kB
Cached:           256780 kB
MemTotal:        1844596 kB
MemFree:         1372648 kB
MemAvailable:    1540444 kB
Buffers:           42316 kB
Cached:           256780 kB
MemTotal:        1844596 kB
MemFree:         1371152 kB
MemAvailable:    1538948 kB
Buffers:           42316 kB
Cached:           256780 kB
MemTotal:        1844596 kB
MemFree:         1370984 kB
MemAvailable:    1538780 kB
Buffers:           42316 kB
Cached:           256780 kB
MemTotal:        1844596 kB
MemFree:         1371232 kB
MemAvailable:    1539028 kB
Buffers:           42316 kB
Cached:           256780 kB
MemTotal:        1844596 kB
MemFree:         1371960 kB
MemAvailable:    1539756 kB
Buffers:           42316 kB
Cached:           256780 kB
MemTotal:        1844596 kB
MemFree:         1372212 kB
MemAvailable:    1540008 kB
Buffers:           42316 kB
Cached:           256780 kB
MemTotal:        1844596 kB
MemFree:         1371704 kB
MemAvailable:    1539500 kB
Buffers:           42316 kB
Cached:           256780 kB
MemTotal:        1844596 kB
MemFree:         1371704 kB
MemAvailable:    1539500 kB
Buffers:           42316 kB
Cached:           256780 kB
MemTotal:        1844596 kB
MemFree:         1371452 kB
MemAvailable:    1539248 kB
Buffers:           42316 kB
Cached:           256780 kB
MemTotal:        1844596 kB
MemFree:         1371704 kB
MemAvailable:    1539500 kB
Buffers:           42316 kB
Cached:           256780 kB
MemTotal:        1844596 kB
MemFree:         1371564 kB
MemAvailable:    1539360 kB
Buffers:           42316 kB
Cached:           256780 kB
MemTotal:        1844596 kB
MemFree:         1371648 kB
MemAvailable:    1539444 kB
Buffers:           42316 kB
Cached:           256780 kB
MemTotal:        1844596 kB
MemFree:         1371564 kB
MemAvailable:    1539372 kB
Buffers:           42316 kB
Cached:           256792 kB
MemTotal:        1844596 kB
MemFree:         1370316 kB
MemAvailable:    1538124 kB
Buffers:           42316 kB
Cached:           256792 kB
MemTotal:        1844596 kB
MemFree:         1371416 kB
MemAvailable:    1539224 kB
Buffers:           42316 kB
Cached:           256792 kB
MemTotal:        1844596 kB
MemFree:         1371668 kB
MemAvailable:    1539476 kB
Buffers:           42316 kB
Cached:           256792 kB
MemTotal:        1844596 kB
MemFree:         1369556 kB
MemAvailable:    1537364 kB
Buffers:           42316 kB
Cached:           256792 kB
MemTotal:        1844596 kB
MemFree:         1366148 kB
MemAvailable:    1533956 kB
Buffers:           42316 kB
Cached:           256792 kB
MemTotal:        1844596 kB
MemFree:         1364472 kB
MemAvailable:    1532280 kB
Buffers:           42316 kB
Cached:           256792 kB
MemTotal:        1844596 kB
MemFree:         1363908 kB
MemAvailable:    1531716 kB
Buffers:           42316 kB
Cached:           256792 kB
MemTotal:        1844596 kB
MemFree:         1362892 kB
MemAvailable:    1530700 kB
Buffers:           42316 kB
Cached:           256792 kB
MemTotal:        1844596 kB
MemFree:         1362768 kB
MemAvailable:    1530576 kB
Buffers:           42316 kB
Cached:           256792 kB
MemTotal:        1844596 kB
MemFree:         1363652 kB
MemAvailable:    1531460 kB
Buffers:           42316 kB
Cached:           256792 kB
MemTotal:        1844596 kB
MemFree:         1363652 kB
MemAvailable:    1531460 kB
Buffers:           42316 kB
Cached:           256792 kB
MemTotal:        1844596 kB
MemFree:         1363612 kB
MemAvailable:    1531420 kB
Buffers:           42316 kB
Cached:           256792 kB
MemTotal:        1844596 kB
MemFree:         1362360 kB
MemAvailable:    1530168 kB
Buffers:           42316 kB
Cached:           256792 kB
MemTotal:        1844596 kB
MemFree:         1363668 kB
MemAvailable:    1531476 kB
Buffers:           42316 kB
Cached:           256792 kB
MemTotal:        1844596 kB
MemFree:         1363704 kB
MemAvailable:    1531512 kB
Buffers:           42316 kB
Cached:           256792 kB
MemTotal:        1844596 kB
MemFree:         1362916 kB
MemAvailable:    1530724 kB
Buffers:           42316 kB
Cached:           256792 kB
MemTotal:        1844596 kB
MemFree:         1363584 kB
MemAvailable:    1531392 kB
Buffers:           42316 kB
Cached:           256792 kB
MemTotal:        1844596 kB
MemFree:         1363668 kB
MemAvailable:    1531476 kB
Buffers:           42316 kB
Cached:           256792 kB
MemTotal:        1844596 kB
MemFree:         1363628 kB
MemAvailable:    1531436 kB
Buffers:           42316 kB
Cached:           256792 kB
MemTotal:        1844596 kB
MemFree:         1363628 kB
MemAvailable:    1531436 kB
Buffers:           42316 kB
Cached:           256792 kB
MemTotal:        1844596 kB
MemFree:         1363772 kB
MemAvailable:    1531580 kB
Buffers:           42316 kB
Cached:           256792 kB
MemTotal:        1844596 kB
MemFree:         1363576 kB
MemAvailable:    1531384 kB
Buffers:           42316 kB
Cached:           256792 kB
MemTotal:        1844596 kB
MemFree:         1363528 kB
MemAvailable:    1531336 kB
Buffers:           42316 kB
Cached:           256792 kB
MemTotal:        1844596 kB
MemFree:         1363232 kB
MemAvailable:    1531040 kB
Buffers:           42316 kB
Cached:           256792 kB
MemTotal:        1844596 kB
MemFree:         1362976 kB
MemAvailable:    1530784 kB
Buffers:           42316 kB
Cached:           256792 kB
MemTotal:        1844596 kB
MemFree:         1362736 kB
MemAvailable:    1530544 kB
Buffers:           42316 kB
Cached:           256792 kB
MemTotal:        1844596 kB
MemFree:         1361304 kB
MemAvailable:    1529112 kB
Buffers:           42316 kB
Cached:           256792 kB
MemTotal:        1844596 kB
MemFree:         1362240 kB
MemAvailable:    1530048 kB
Buffers:           42316 kB
Cached:           256792 kB
MemTotal:        1844596 kB
MemFree:         1360684 kB
MemAvailable:    1528492 kB
Buffers:           42316 kB
Cached:           256792 kB
MemTotal:        1844596 kB
MemFree:         1360808 kB
MemAvailable:    1528616 kB
Buffers:           42316 kB
Cached:           256792 kB
MemTotal:        1844596 kB
MemFree:         1360876 kB
MemAvailable:    1528684 kB
Buffers:           42316 kB
Cached:           256792 kB
MemTotal:        1844596 kB
MemFree:         1359436 kB
MemAvailable:    1527244 kB
Buffers:           42316 kB
Cached:           256792 kB
MemTotal:        1844596 kB
MemFree:         1359204 kB
MemAvailable:    1527012 kB
Buffers:           42316 kB
Cached:           256792 kB
MemTotal:        1844596 kB
MemFree:         1360056 kB
MemAvailable:    1527864 kB
Buffers:           42316 kB
Cached:           256792 kB
MemTotal:        1844596 kB
MemFree:         1360056 kB
MemAvailable:    1527864 kB
Buffers:           42316 kB
Cached:           256792 kB
MemTotal:        1844596 kB
MemFree:         1359992 kB
MemAvailable:    1527800 kB
Buffers:           42316 kB
Cached:           256792 kB
MemTotal:        1844596 kB
MemFree:         1358560 kB
MemAvailable:    1526368 kB
Buffers:           42316 kB
Cached:           256792 kB
MemTotal:        1844596 kB
MemFree:         1359072 kB
MemAvailable:    1526880 kB
Buffers:           42316 kB
Cached:           256792 kB
MemTotal:        1844596 kB
MemFree:         1359532 kB
MemAvailable:    1527340 kB
Buffers:           42316 kB
Cached:           256792 kB
MemTotal:        1844596 kB
MemFree:         1359868 kB
MemAvailable:    1527676 kB
Buffers:           42316 kB
Cached:           256792 kB
MemTotal:        1844596 kB
MemFree:         1359884 kB
MemAvailable:    1527692 kB
Buffers:           42316 kB
Cached:           256792 kB
MemTotal:        1844596 kB
MemFree:         1359328 kB
MemAvailable:    1527136 kB
Buffers:           42316 kB
Cached:           256792 kB
MemTotal:        1844596 kB
MemFree:         1358440 kB
MemAvailable:    1526248 kB
Buffers:           42316 kB
Cached:           256792 kB
MemTotal:        1844596 kB
MemFree:         1358440 kB
MemAvailable:    1526248 kB
Buffers:           42316 kB
Cached:           256792 kB
MemTotal:        1844596 kB
MemFree:         1359312 kB
MemAvailable:    1527120 kB
Buffers:           42316 kB
Cached:           256792 kB
MemTotal:        1844596 kB
MemFree:         1358816 kB
MemAvailable:    1526624 kB
Buffers:           42316 kB
Cached:           256792 kB
MemTotal:        1844596 kB
MemFree:         1358204 kB
MemAvailable:    1526012 kB
Buffers:           42316 kB
Cached:           256792 kB
MemTotal:        1844596 kB
MemFree:         1357956 kB
MemAvailable:    1525764 kB
Buffers:           42316 kB
Cached:           256792 kB
MemTotal:        1844596 kB
MemFree:         1352856 kB
MemAvailable:    1520664 kB
Buffers:           42316 kB
Cached:           256792 kB
MemTotal:        1844596 kB
MemFree:         1352856 kB
MemAvailable:    1520664 kB
Buffers:           42316 kB
Cached:           256792 kB
MemTotal:        1844596 kB
MemFree:         1352748 kB
MemAvailable:    1520724 kB
Buffers:           42316 kB
Cached:           257040 kB
MemTotal:        1844596 kB
MemFree:         1351376 kB
MemAvailable:    1519436 kB
Buffers:           42316 kB
Cached:           257040 kB
MemTotal:        1844596 kB
MemFree:         1352360 kB
MemAvailable:    1520588 kB
Buffers:           42316 kB
Cached:           257164 kB
MemTotal:        1844596 kB
MemFree:         1352236 kB
MemAvailable:    1520464 kB
Buffers:           42316 kB
Cached:           257288 kB
MemTotal:        1844596 kB
MemFree:         1350840 kB
MemAvailable:    1519236 kB
Buffers:           42316 kB
Cached:           257412 kB
MemTotal:        1844596 kB
MemFree:         1351936 kB
MemAvailable:    1520332 kB
Buffers:           42316 kB
Cached:           257412 kB
MemTotal:        1844596 kB
MemFree:         1351936 kB
MemAvailable:    1520332 kB
Buffers:           42316 kB
Cached:           257412 kB
MemTotal:        1844596 kB
MemFree:         1352184 kB
MemAvailable:    1520664 kB
Buffers:           42316 kB
Cached:           257536 kB
MemTotal:        1844596 kB
MemFree:         1352096 kB
MemAvailable:    1520576 kB
Buffers:           42316 kB
Cached:           257536 kB
MemTotal:        1844596 kB
MemFree:         1351992 kB
MemAvailable:    1520472 kB
Buffers:           42316 kB
Cached:           257536 kB
MemTotal:        1844596 kB
MemFree:         1351888 kB
MemAvailable:    1520368 kB
Buffers:           42316 kB
Cached:           257536 kB
MemTotal:        1844596 kB
MemFree:         1352060 kB
MemAvailable:    1520540 kB
Buffers:           42316 kB
Cached:           257536 kB
MemTotal:        1844596 kB
MemFree:         1352036 kB
MemAvailable:    1520516 kB
Buffers:           42316 kB
Cached:           257536 kB
MemTotal:        1844596 kB
MemFree:         1351276 kB
MemAvailable:    1519756 kB
Buffers:           42316 kB
Cached:           257536 kB
MemTotal:        1844596 kB
MemFree:         1352468 kB
MemAvailable:    1521028 kB
Buffers:           42316 kB
Cached:           257540 kB
MemTotal:        1844596 kB
MemFree:         1420896 kB
MemAvailable:    1588784 kB
Buffers:           42320 kB
Cached:           256864 kB
MemTotal:        1844596 kB
MemFree:         1420032 kB
MemAvailable:    1587920 kB
Buffers:           42320 kB
Cached:           256864 kB
