MemTotal:        1844596 kB
MemFree:         1246992 kB
MemAvailable:    1547068 kB
Buffers:           56964 kB
Cached:           362788 kB
MemTotal:        1844596 kB
MemFree:         1245616 kB
MemAvailable:    1545692 kB
Buffers:           56964 kB
Cached:           362788 kB
MemTotal:        1844596 kB
MemFree:         1243448 kB
MemAvailable:    1543524 kB
Buffers:           56964 kB
Cached:           362788 kB
MemTotal:        1844596 kB
MemFree:         1243084 kB
MemAvailable:    1543160 kB
Buffers:           56964 kB
Cached:           362788 kB
MemTotal:        1844596 kB
MemFree:         1241844 kB
MemAvailable:    1541920 kB
Buffers:           56964 kB
Cached:           362788 kB
MemTotal:        1844596 kB
MemFree:         1240668 kB
MemAvailable:    1540744 kB
Buffers:           56964 kB
Cached:           362788 kB
MemTotal:        1844596 kB
MemFree:         1240040 kB
MemAvailable:    1540116 kB
Buffers:           56964 kB
Cached:           362788 kB
MemTotal:        1844596 kB
MemFree:         1240040 kB
MemAvailable:    1540116 kB
Buffers:           56964 kB
Cached:           362788 kB
MemTotal:        1844596 kB
MemFree:         1236212 kB
MemAvailable:    1536288 kB
Buffers:           56964 kB
Cached:           362788 kB
MemTotal:        1844596 kB
MemFree:         1234784 kB
MemAvailable:    1534860 kB
Buffers:           56964 kB
Cached:           362788 kB
MemTotal:        1844596 kB
MemFree:         1230616 kB
MemAvailable:    1530692 kB
Buffers:           56964 kB
Cached:           362788 kB
MemTotal:        1844596 kB
MemFree:         1230700 kB
MemAvailable:    1530776 kB
Buffers:           56964 kB
Cached:           362788 kB
MemTotal:        1844596 kB
MemFree:         1231852 kB
MemAvailable:    1531928 kB
Buffers:           56964 kB
Cached:           362788 kB
MemTotal:        1844596 kB
MemFree:         1230592 kB
MemAvailable:    1530668 kB
Buffers:           56964 kB
Cached:           362788 kB
MemTotal:        1844596 kB
MemFree:         1231808 kB
MemAvailable:    1531884 kB
Buffers:           56964 kB
Cached:           362788 kB
MemTotal:        1844596 kB
MemFree:         1230624 kB
MemAvailable:    1530700 kB
Buffers:           56964 kB
Cached:           362788 kB
MemTotal:        1844596 kB
MemFree:         1231128 kB
MemAvailable:    1531204 kB
Buffers:           56964 kB
Cached:           362788 kB
MemTotal:        1844596 kB
MemFree:         1230748 kB
MemAvailable:    1530824 kB
Buffers:           56964 kB
Cached:           362788 kB
MemTotal:        1844596 kB
MemFree:         1230880 kB
MemAvailable:    1530956 kB
Buffers:           56964 kB
Cached:           362788 kB
MemTotal:        1844596 kB
MemFree:         1229872 kB
MemAvailable:    1529948 kB
Buffers:           56964 kB
Cached:           362788 kB
MemTotal:        1844596 kB
MemFree:         1229872 kB
MemAvailable:    1529948 kB
Buffers:           56964 kB
Cached:           362788 kB
MemTotal:        1844596 kB
MemFree:         1229436 kB
MemAvailable:    1529512 kB
Buffers:           56964 kB
Cached:           362788 kB
MemTotal:        1844596 kB
MemFree:         1229496 kB
MemAvailable:    1529576 kB
Buffers:           56964 kB
Cached:           362792 kB
MemTotal:        1844596 kB
MemFree:         1229496 kB
MemAvailable:    1529576 kB
Buffers:           56964 kB
Cached:           362792 kB
MemTotal:        1844596 kB
MemFree:         1229328 kB
MemAvailable:    1529408 kB
Buffers:           56964 kB
Cached:           362792 kB
MemTotal:        1844596 kB
MemFree:         1229580 kB
MemAvailable:    1529660 kB
Buffers:           56964 kB
Cached:           362792 kB
MemTotal:        1844596 kB
MemFree:         1229448 kB
MemAvailable:    1529528 kB
Buffers:           56964 kB
Cached:           362792 kB
MemTotal:        1844596 kB
MemFree:         1228656 kB
MemAvailable:    1528736 kB
Buffers:           56964 kB
Cached:           362792 kB
MemTotal:        1844596 kB
MemFree:         1228656 kB
MemAvailable:    1528736 kB
Buffers:           56964 kB
Cached:           362792 kB
MemTotal:        1844596 kB
MemFree:         1229708 kB
MemAvailable:    1529788 kB
Buffers:           56964 kB
Cached:           362792 kB
MemTotal:        1844596 kB
MemFree:         1230768 kB
MemAvailable:    1530848 kB
Buffers:           56964 kB
Cached:           362792 kB
MemTotal:        1844596 kB
MemFree:         1230012 kB
MemAvailable:    1530092 kB
Buffers:           56964 kB
Cached:           362792 kB
MemTotal:        1844596 kB
MemFree:         1230328 kB
MemAvailable:    1530408 kB
Buffers:           56964 kB
Cached:           362792 kB
MemTotal:        1844596 kB
MemFree:         1227764 kB
MemAvailable:    1527844 kB
Buffers:           56964 kB
Cached:           362792 kB
MemTotal:        1844596 kB
MemFree:         1227540 kB
MemAvailable:    1527620 kB
Buffers:           56964 kB
Cached:           362792 kB
MemTotal:        1844596 kB
MemFree:         1227104 kB
MemAvailable:    1527184 kB
Buffers:           56964 kB
Cached:           362792 kB
MemTotal:        1844596 kB
MemFree:         1226732 kB
MemAvailable:    1526812 kB
Buffers:           56964 kB
Cached:           362792 kB
MemTotal:        1844596 kB
MemFree:         1226352 kB
MemAvailable:    1526432 kB
Buffers:           56964 kB
Cached:           362792 kB
MemTotal:        1844596 kB
MemFree:         1226424 kB
MemAvailable:    1526504 kB
Buffers:           56964 kB
Cached:           362792 kB
MemTotal:        1844596 kB
MemFree:         1225408 kB
MemAvailable:    1525488 kB
Buffers:           56964 kB
Cached:           362792 kB
MemTotal:        1844596 kB
MemFree:         1225408 kB
MemAvailable:    1525488 kB
Buffers:           56964 kB
Cached:           362792 kB
MemTotal:        1844596 kB
MemFree:         1225232 kB
MemAvailable:    1525312 kB
Buffers:           56964 kB
Cached:           362792 kB
MemTotal:        1844596 kB
MemFree:         1225352 kB
MemAvailable:    1525432 kB
Buffers:           56964 kB
Cached:           362792 kB
MemTotal:        1844596 kB
MemFree:         1225028 kB
MemAvailable:    1525108 kB
Buffers:           56964 kB
Cached:           362792 kB
MemTotal:        1844596 kB
MemFree:         1225284 kB
MemAvailable:    1525364 kB
Buffers:           56964 kB
Cached:           362792 kB
MemTotal:        1844596 kB
MemFree:         1225216 kB
MemAvailable:    1525296 kB
Buffers:           56964 kB
Cached:           362792 kB
MemTotal:        1844596 kB
MemFree:         1223396 kB
MemAvailable:    1523476 kB
Buffers:           56964 kB
Cached:           362792 kB
MemTotal:        1844596 kB
MemFree:         1223440 kB
MemAvailable:    1523520 kB
Buffers:           56964 kB
Cached:           362792 kB
MemTotal:        1844596 kB
MemFree:         1224416 kB
MemAvailable:    1524496 kB
Buffers:           56964 kB
Cached:           362792 kB
MemTotal:        1844596 kB
MemFree:         1224416 kB
MemAvailable:    1524496 kB
Buffers:           56964 kB
Cached:           362792 kB
MemTotal:        1844596 kB
MemFree:         1222896 kB
MemAvailable:    1522976 kB
Buffers:           56964 kB
Cached:           362792 kB
MemTotal:        1844596 kB
MemFree:         1224232 kB
MemAvailable:    1524312 kB
Buffers:           56964 kB
Cached:           362792 kB
MemTotal:        1844596 kB
MemFree:         1224372 kB
MemAvailable:    1524452 kB
Buffers:           56964 kB
Cached:           362792 kB
MemTotal:        1844596 kB
MemFree:         1224228 kB
MemAvailable:    1524308 kB
Buffers:           56964 kB
Cached:           362792 kB
MemTotal:        1844596 kB
MemFree:         1224172 kB
MemAvailable:    1524252 kB
Buffers:           56964 kB
Cached:           362792 kB
MemTotal:        1844596 kB
MemFree:         1224172 kB
MemAvailable:    1524252 kB
Buffers:           56964 kB
Cached:           362792 kB
MemTotal:        1844596 kB
MemFree:         1223448 kB
MemAvailable:    1523528 kB
Buffers:           56964 kB
Cached:           362792 kB
MemTotal:        1844596 kB
MemFree:         1224240 kB
MemAvailable:    1524320 kB
Buffers:           56964 kB
Cached:           362792 kB
MemTotal:        1844596 kB
MemFree:         1223036 kB
MemAvailable:    1523116 kB
Buffers:           56964 kB
Cached:           362792 kB
MemTotal:        1844596 kB
MemFree:         1222904 kB
MemAvailable:    1522984 kB
Buffers:           56964 kB
Cached:           362792 kB
MemTotal:        1844596 kB
MemFree:         1224004 kB
MemAvailable:    1524084 kB
Buffers:           56964 kB
Cached:           362792 kB
MemTotal:        1844596 kB
MemFree:         1224256 kB
MemAvailable:    1524336 kB
Buffers:           56964 kB
Cached:           362792 kB
MemTotal:        1844596 kB
MemFree:         1223872 kB
MemAvailable:    1523952 kB
Buffers:           56964 kB
Cached:           362792 kB
MemTotal:        1844596 kB
MemFree:         1223872 kB
MemAvailable:    1523952 kB
Buffers:           56964 kB
Cached:           362792 kB
MemTotal:        1844596 kB
MemFree:         1223476 kB
MemAvailable:    1523556 kB
Buffers:           56964 kB
Cached:           362792 kB
MemTotal:        1844596 kB
MemFree:         1223624 kB
MemAvailable:    1523704 kB
Buffers:           56964 kB
Cached:           362792 kB
MemTotal:        1844596 kB
MemFree:         1223228 kB
MemAvailable:    1523308 kB
Buffers:           56964 kB
Cached:           362792 kB
MemTotal:        1844596 kB
MemFree:         1222936 kB
MemAvailable:    1523016 kB
Buffers:           56964 kB
Cached:           362792 kB
MemTotal:        1844596 kB
MemFree:         1223384 kB
MemAvailable:    1523468 kB
Buffers:           56964 kB
Cached:           362796 kB
MemTotal:        1844596 kB
MemFree:         1222324 kB
MemAvailable:    1522408 kB
Buffers:           56964 kB
Cached:           362796 kB
MemTotal:        1844596 kB
MemFree:         1223364 kB
MemAvailable:    1523448 kB
Buffers:           56964 kB
Cached:           362796 kB
MemTotal:        1844596 kB
MemFree:         1223260 kB
MemAvailable:    1523344 kB
Buffers:           56964 kB
Cached:           362796 kB
MemTotal:        1844596 kB
MemFree:         1223324 kB
MemAvailable:    1523408 kB
Buffers:           56964 kB
Cached:           362796 kB
MemTotal:        1844596 kB
MemFree:         1221952 kB
MemAvailable:    1522036 kB
Buffers:           56964 kB
Cached:           362796 kB
MemTotal:        1844596 kB
MemFree:         1223168 kB
MemAvailable:    1523252 kB
Buffers:           56964 kB
Cached:           362796 kB
MemTotal:        1844596 kB
MemFree:         1223252 kB
MemAvailable:    1523336 kB
Buffers:           56964 kB
Cached:           362796 kB
MemTotal:        1844596 kB
MemFree:         1220704 kB
MemAvailable:    1520788 kB
Buffers:           56964 kB
Cached:           362796 kB
MemTotal:        1844596 kB
MemFree:         1220084 kB
MemAvailable:    1520168 kB
Buffers:           56964 kB
Cached:           362796 kB
MemTotal:        1844596 kB
MemFree:         1220844 kB
MemAvailable:    1520928 kB
Buffers:           56964 kB
Cached:           362796 kB
MemTotal:        1844596 kB
MemFree:         1218548 kB
MemAvailable:    1518632 kB
Buffers:           56964 kB
Cached:           362796 kB
MemTotal:        1844596 kB
MemFree:         1216008 kB
MemAvailable:    1516092 kB
Buffers:           56964 kB
Cached:           362796 kB
MemTotal:        1844596 kB
MemFree:         1215812 kB
MemAvailable:    1515896 kB
Buffers:           56964 kB
Cached:           362796 kB
MemTotal:        1844596 kB
MemFree:         1215572 kB
MemAvailable:    1515656 kB
Buffers:           56964 kB
Cached:           362796 kB
MemTotal:        1844596 kB
MemFree:         1215624 kB
MemAvailable:    1515708 kB
Buffers:           56964 kB
Cached:           362796 kB
MemTotal:        1844596 kB
MemFree:         1215240 kB
MemAvailable:    1515324 kB
Buffers:           56964 kB
Cached:           362796 kB
MemTotal:        1844596 kB
MemFree:         1215240 kB
MemAvailable:    1515324 kB
Buffers:           56964 kB
Cached:           362796 kB
MemTotal:        1844596 kB
MemFree:         1215368 kB
MemAvailable:    1515452 kB
Buffers:           56964 kB
Cached:           362796 kB
MemTotal:        1844596 kB
MemFree:         1215320 kB
MemAvailable:    1515404 kB
Buffers:           56964 kB
Cached:           362796 kB
MemTotal:        1844596 kB
MemFree:         1214512 kB
MemAvailable:    1514596 kB
Buffers:           56964 kB
Cached:           362796 kB
MemTotal:        1844596 kB
MemFree:         1215136 kB
MemAvailable:    1515220 kB
Buffers:           56964 kB
Cached:           362796 kB
MemTotal:        1844596 kB
MemFree:         1215328 kB
MemAvailable:    1515412 kB
Buffers:           56964 kB
Cached:           362796 kB
MemTotal:        1844596 kB
MemFree:         1215300 kB
MemAvailable:    1515384 kB
Buffers:           56964 kB
Cached:           362796 kB
MemTotal:        1844596 kB
MemFree:         1215108 kB
MemAvailable:    1515192 kB
Buffers:           56964 kB
Cached:           362796 kB
MemTotal:        1844596 kB
MemFree:         1215200 kB
MemAvailable:    1515284 kB
Buffers:           56964 kB
Cached:           362796 kB
MemTotal:        1844596 kB
MemFree:         1215264 kB
MemAvailable:    1515348 kB
Buffers:           56964 kB
Cached:           362796 kB
MemTotal:        1844596 kB
MemFree:         1215076 kB
MemAvailable:    1515160 kB
Buffers:           56964 kB
Cached:           362796 kB
MemTotal:        1844596 kB
MemFree:         1215140 kB
MemAvailable:    1515224 kB
Buffers:           56964 kB
Cached:           362796 kB
MemTotal:        1844596 kB
MemFree:         1214944 kB
MemAvailable:    1515028 kB
Buffers:           56964 kB
Cached:           362796 kB
MemTotal:        1844596 kB
MemFree:         1214636 kB
MemAvailable:    1514720 kB
Buffers:           56964 kB
Cached:           362796 kB
MemTotal:        1844596 kB
MemFree:         1214264 kB
MemAvailable:    1514348 kB
Buffers:           56964 kB
Cached:           362796 kB
MemTotal:        1844596 kB
MemFree:         1214396 kB
MemAvailable:    1514480 kB
Buffers:           56964 kB
Cached:           362796 kB
MemTotal:        1844596 kB
MemFree:         1213512 kB
MemAvailable:    1513596 kB
Buffers:           56964 kB
Cached:           362796 kB
MemTotal:        1844596 kB
MemFree:         1213596 kB
MemAvailable:    1513680 kB
Buffers:           56964 kB
Cached:           362796 kB
MemTotal:        1844596 kB
MemFree:         1213452 kB
MemAvailable:    1513536 kB
Buffers:           56964 kB
Cached:           362796 kB
MemTotal:        1844596 kB
MemFree:         1212404 kB
MemAvailable:    1512492 kB
Buffers:           56964 kB
Cached:           362800 kB
MemTotal:        1844596 kB
MemFree:         1212660 kB
MemAvailable:    1512748 kB
Buffers:           56964 kB
Cached:           362800 kB
MemTotal:        1844596 kB
MemFree:         1212424 kB
MemAvailable:    1512512 kB
Buffers:           56964 kB
Cached:           362800 kB
MemTotal:        1844596 kB
MemFree:         1211420 kB
MemAvailable:    1511508 kB
Buffers:           56964 kB
Cached:           362800 kB
MemTotal:        1844596 kB
MemFree:         1212032 kB
MemAvailable:    1512124 kB
Buffers:           56964 kB
Cached:           362804 kB
MemTotal:        1844596 kB
MemFree:         1212040 kB
MemAvailable:    1512132 kB
Buffers:           56964 kB
Cached:           362804 kB
MemTotal:        1844596 kB
MemFree:         1211776 kB
MemAvailable:    1511868 kB
Buffers:           56964 kB
Cached:           362804 kB
MemTotal:        1844596 kB
MemFree:         1211644 kB
MemAvailable:    1511736 kB
Buffers:           56964 kB
Cached:           362804 kB
MemTotal:        1844596 kB
MemFree:         1211416 kB
MemAvailable:    1511508 kB
Buffers:           56964 kB
Cached:           362804 kB
MemTotal:        1844596 kB
MemFree:         1211336 kB
MemAvailable:    1511428 kB
Buffers:           56964 kB
Cached:           362804 kB
MemTotal:        1844596 kB
MemFree:         1211336 kB
MemAvailable:    1511428 kB
Buffers:           56964 kB
Cached:           362804 kB
MemTotal:        1844596 kB
MemFree:         1211300 kB
MemAvailable:    1511392 kB
Buffers:           56964 kB
Cached:           362804 kB
MemTotal:        1844596 kB
MemFree:         1211420 kB
MemAvailable:    1511512 kB
Buffers:           56964 kB
Cached:           362804 kB
MemTotal:        1844596 kB
MemFree:         1211156 kB
MemAvailable:    1511248 kB
Buffers:           56964 kB
Cached:           362804 kB
MemTotal:        1844596 kB
MemFree:         1211420 kB
MemAvailable:    1511512 kB
Buffers:           56964 kB
Cached:           362804 kB
MemTotal:        1844596 kB
MemFree:         1210560 kB
MemAvailable:    1510652 kB
Buffers:           56964 kB
Cached:           362804 kB
MemTotal:        1844596 kB
MemFree:         1211048 kB
MemAvailable:    1511144 kB
Buffers:           56964 kB
Cached:           362808 kB
MemTotal:        1844596 kB
MemFree:         1210852 kB
MemAvailable:    1510948 kB
Buffers:           56964 kB
Cached:           362808 kB
MemTotal:        1844596 kB
MemFree:         1209808 kB
MemAvailable:    1509904 kB
Buffers:           56964 kB
Cached:           362808 kB
MemTotal:        1844596 kB
MemFree:         1205776 kB
MemAvailable:    1505872 kB
Buffers:           56964 kB
Cached:           362808 kB
MemTotal:        1844596 kB
MemFree:         1203236 kB
MemAvailable:    1503332 kB
Buffers:           56964 kB
Cached:           362808 kB
MemTotal:        1844596 kB
MemFree:         1203432 kB
MemAvailable:    1503528 kB
Buffers:           56964 kB
Cached:           362808 kB
MemTotal:        1844596 kB
MemFree:         1203112 kB
MemAvailable:    1503292 kB
Buffers:           56964 kB
Cached:           362932 kB
MemTotal:        1844596 kB
MemFree:         1202852 kB
MemAvailable:    1503116 kB
Buffers:           56964 kB
Cached:           363056 kB
MemTotal:        1844596 kB
MemFree:         1204040 kB
MemAvailable:    1504472 kB
Buffers:           56964 kB
Cached:           363180 kB
MemTotal:        1844596 kB
MemFree:         1202732 kB
MemAvailable:    1503164 kB
Buffers:           56964 kB
Cached:           363180 kB
MemTotal:        1844596 kB
MemFree:         1203792 kB
MemAvailable:    1504308 kB
Buffers:           56964 kB
Cached:           363304 kB
MemTotal:        1844596 kB
MemFree:         1202368 kB
MemAvailable:    1503052 kB
Buffers:           56964 kB
Cached:           363428 kB
MemTotal:        1844596 kB
MemFree:         1203732 kB
MemAvailable:    1504416 kB
Buffers:           56964 kB
Cached:           363428 kB
MemTotal:        1844596 kB
MemFree:         1203608 kB
MemAvailable:    1504376 kB
Buffers:           56964 kB
Cached:           363428 kB
MemTotal:        1844596 kB
MemFree:         1203468 kB
MemAvailable:    1504236 kB
Buffers:           56964 kB
Cached:           363428 kB
MemTotal:        1844596 kB
MemFree:         1203720 kB
MemAvailable:    1504488 kB
Buffers:           56964 kB
Cached:           363428 kB
MemTotal:        1844596 kB
MemFree:         1202236 kB
MemAvailable:    1503004 kB
Buffers:           56964 kB
Cached:           363428 kB
MemTotal:        1844596 kB
MemFree:         1202360 kB
MemAvailable:    1503128 kB
Buffers:           56964 kB
Cached:           363428 kB
MemTotal:        1844596 kB
MemFree:         1202484 kB
MemAvailable:    1503252 kB
Buffers:           56964 kB
Cached:           363428 kB
MemTotal:        1844596 kB
MemFree:         1202608 kB
MemAvailable:    1503376 kB
Buffers:           56964 kB
Cached:           363428 kB
MemTotal:        1844596 kB
MemFree:         1203868 kB
MemAvailable:    1504048 kB
Buffers:           56964 kB
Cached:           362880 kB
MemTotal:        1844596 kB
MemFree:         1204180 kB
MemAvailable:    1504360 kB
Buffers:           56964 kB
Cached:           362880 kB
