MemTotal:        1844596 kB
MemFree:         1418196 kB
MemAvailable:    1565228 kB
Buffers:           39772 kB
Cached:           240352 kB
MemTotal:        1844596 kB
MemFree:         1415252 kB
MemAvailable:    1562284 kB
Buffers:           39772 kB
Cached:           240352 kB
MemTotal:        1844596 kB
MemFree:         1414616 kB
MemAvailable:    1561648 kB
Buffers:           39772 kB
Cached:           240352 kB
MemTotal:        1844596 kB
MemFree:         1414700 kB
MemAvailable:    1561732 kB
Buffers:           39772 kB
Cached:           240352 kB
MemTotal:        1844596 kB
MemFree:         1412656 kB
MemAvailable:    1559688 kB
Buffers:           39772 kB
Cached:           240352 kB
MemTotal:        1844596 kB
MemFree:         1412400 kB
MemAvailable:    1559436 kB
Buffers:           39772 kB
Cached:           240356 kB
MemTotal:        1844596 kB
MemFree:         1412400 kB
MemAvailable:    1559436 kB
Buffers:           39772 kB
Cached:           240356 kB
MemTotal:        1844596 kB
MemFree:         1410300 kB
MemAvailable:    1557336 kB
Buffers:           39772 kB
Cached:           240356 kB
MemTotal:        1844596 kB
MemFree:         1409004 kB
MemAvailable:    1556040 kB
Buffers:           39772 kB
Cached:           240356 kB
MemTotal:        1844596 kB
MemFree:         1406028 kB
MemAvailable:    1553064 kB
Buffers:           39772 kB
Cached:           240356 kB
MemTotal:        1844596 kB
MemFree:         1403052 kB
MemAvailable:    1550088 kB
Buffers:           39772 kB
Cached:           240356 kB
MemTotal:        1844596 kB
MemFree:         1402420 kB
MemAvailable:    1549456 kB
Buffers:           39772 kB
Cached:           240356 kB
MemTotal:        1844596 kB
MemFree:         1400264 kB
MemAvailable:    1547300 kB
Buffers:           39772 kB
Cached:           240356 kB
MemTotal:        1844596 kB
MemFree:         1401188 kB
MemAvailable:    1548224 kB
Buffers:           39772 kB
Cached:           240356 kB
MemTotal:        1844596 kB
MemFree:         1402488 kB
MemAvailable:    1549524 kB
Buffers:           39772 kB
Cached:           240356 kB
MemTotal:        1844596 kB
MemFree:         1401992 kB
MemAvailable:    1549028 kB
Buffers:           39772 kB
Cached:           240356 kB
MemTotal:        1844596 kB
MemFree:         1402204 kB
MemAvailable:    1549240 kB
Buffers:           39772 kB
Cached:           240356 kB
MemTotal:        1844596 kB
MemFree:         1402540 kB
MemAvailable:    1549576 kB
Buffers:           39772 kB
Cached:           240356 kB
MemTotal:        1844596 kB
MemFree:         1400992 kB
MemAvailable:    1548028 kB
Buffers:           39772 kB
Cached:           240356 kB
MemTotal:        1844596 kB
MemFree:         1400992 kB
MemAvailable:    1548028 kB
Buffers:           39772 kB
Cached:           240356 kB
MemTotal:        1844596 kB
MemFree:         1399992 kB
MemAvailable:    1547028 kB
Buffers:           39772 kB
Cached:           240356 kB
MemTotal:        1844596 kB
MemFree:         1400244 kB
MemAvailable:    1547280 kB
Buffers:           39772 kB
Cached:           240356 kB
MemTotal:        1844596 kB
MemFree:         1399928 kB
MemAvailable:    1546964 kB
Buffers:           39772 kB
Cached:           240356 kB
MemTotal:        1844596 kB
MemFree:         1399396 kB
MemAvailable:    1546432 kB
Buffers:           39772 kB
Cached:           240356 kB
MemTotal:        1844596 kB
MemFree:         1399856 kB
MemAvailable:    1546892 kB
Buffers:           39772 kB
Cached:           240356 kB
MemTotal:        1844596 kB
MemFree:         1400108 kB
MemAvailable:    1547144 kB
Buffers:           39772 kB
Cached:           240356 kB
MemTotal:        1844596 kB
MemFree:         1399952 kB
MemAvailable:    1546988 kB
Buffers:           39772 kB
Cached:           240356 kB
MemTotal:        1844596 kB
MemFree:         1398768 kB
MemAvailable:    1545804 kB
Buffers:           39772 kB
Cached:           240356 kB
MemTotal:        1844596 kB
MemFree:         1398728 kB
MemAvailable:    1545764 kB
Buffers:           39772 kB
Cached:           240356 kB
MemTotal:        1844596 kB
MemFree:         1401236 kB
MemAvailable:    1548272 kB
Buffers:           39772 kB
Cached:           240356 kB
MemTotal:        1844596 kB
MemFree:         1399948 kB
MemAvailable:    1546984 kB
Buffers:           39772 kB
Cached:           240356 kB
MemTotal:        1844596 kB
MemFree:         1401664 kB
MemAvailable:    1548700 kB
Buffers:           39772 kB
Cached:           240356 kB
MemTotal:        1844596 kB
MemFree:         1398728 kB
MemAvailable:    1545764 kB
Buffers:           39772 kB
Cached:           240356 kB
MemTotal:        1844596 kB
MemFree:         1398728 kB
MemAvailable:    1545764 kB
Buffers:           39772 kB
Cached:           240356 kB
MemTotal:        1844596 kB
MemFree:         1397488 kB
MemAvailable:    1544524 kB
Buffers:           39772 kB
Cached:           240356 kB
MemTotal:        1844596 kB
MemFree:         1397008 kB
MemAvailable:    1544044 kB
Buffers:           39772 kB
Cached:           240356 kB
MemTotal:        1844596 kB
MemFree:         1396860 kB
MemAvailable:    1543896 kB
Buffers:           39772 kB
Cached:           240356 kB
MemTotal:        1844596 kB
MemFree:         1396380 kB
MemAvailable:    1543416 kB
Buffers:           39772 kB
Cached:           240356 kB
MemTotal:        1844596 kB
MemFree:         1396464 kB
MemAvailable:    1543500 kB
Buffers:           39772 kB
Cached:           240356 kB
MemTotal:        1844596 kB
MemFree:         1396504 kB
MemAvailable:    1543540 kB
Buffers:           39772 kB
Cached:           240356 kB
MemTotal:        1844596 kB
MemFree:         1394900 kB
MemAvailable:    1541936 kB
Buffers:           39772 kB
Cached:           240356 kB
MemTotal:        1844596 kB
MemFree:         1394644 kB
MemAvailable:    1541680 kB
Buffers:           39772 kB
Cached:           240356 kB
MemTotal:        1844596 kB
MemFree:         1395988 kB
MemAvailable:    1543024 kB
Buffers:           39772 kB
Cached:           240356 kB
MemTotal:        1844596 kB
MemFree:         1394768 kB
MemAvailable:    1541804 kB
Buffers:           39772 kB
Cached:           240356 kB
MemTotal:        1844596 kB
MemFree:         1394768 kB
MemAvailable:    1541804 kB
Buffers:           39772 kB
Cached:           240356 kB
MemTotal:        1844596 kB
MemFree:         1395992 kB
MemAvailable:    1543028 kB
Buffers:           39772 kB
Cached:           240356 kB
MemTotal:        1844596 kB
MemFree:         1395580 kB
MemAvailable:    1542616 kB
Buffers:           39772 kB
Cached:           240356 kB
MemTotal:        1844596 kB
MemFree:         1394908 kB
MemAvailable:    1541944 kB
Buffers:           39772 kB
Cached:           240356 kB
MemTotal:        1844596 kB
MemFree:         1395200 kB
MemAvailable:    1542236 kB
Buffers:           39772 kB
Cached:           240356 kB
MemTotal:        1844596 kB
MemFree:         1395200 kB
MemAvailable:    1542236 kB
Buffers:           39772 kB
Cached:           240356 kB
MemTotal:        1844596 kB
MemFree:         1393720 kB
MemAvailable:    1540756 kB
Buffers:           39772 kB
Cached:           240356 kB
MemTotal:        1844596 kB
MemFree:         1394512 kB
MemAvailable:    1541548 kB
Buffers:           39772 kB
Cached:           240356 kB
MemTotal:        1844596 kB
MemFree:         1394156 kB
MemAvailable:    1541192 kB
Buffers:           39772 kB
Cached:           240356 kB
MemTotal:        1844596 kB
MemFree:         1393524 kB
MemAvailable:    1540560 kB
Buffers:           39772 kB
Cached:           240356 kB
MemTotal:        1844596 kB
MemFree:         1393648 kB
MemAvailable:    1540684 kB
Buffers:           39772 kB
Cached:           240356 kB
MemTotal:        1844596 kB
MemFree:         1394820 kB
MemAvailable:    1541856 kB
Buffers:           39772 kB
Cached:           240356 kB
MemTotal:        1844596 kB
MemFree:         1393472 kB
MemAvailable:    1540508 kB
Buffers:           39772 kB
Cached:           240356 kB
MemTotal:        1844596 kB
MemFree:         1394024 kB
MemAvailable:    1541060 kB
Buffers:           39772 kB
Cached:           240356 kB
MemTotal:        1844596 kB
MemFree:         1394860 kB
MemAvailable:    1541896 kB
Buffers:           39772 kB
Cached:           240356 kB
MemTotal:        1844596 kB
MemFree:         1393504 kB
MemAvailable:    1540540 kB
Buffers:           39772 kB
Cached:           240356 kB
MemTotal:        1844596 kB
MemFree:         1393504 kB
MemAvailable:    1540540 kB
Buffers:           39772 kB
Cached:           240356 kB
MemTotal:        1844596 kB
MemFree:         1394472 kB
MemAvailable:    1541508 kB
Buffers:           39772 kB
Cached:           240356 kB
MemTotal:        1844596 kB
MemFree:         1394472 kB
MemAvailable:    1541508 kB
Buffers:           39772 kB
Cached:           240356 kB
MemTotal:        1844596 kB
MemFree:         1393144 kB
MemAvailable:    1540180 kB
Buffers:           39772 kB
Cached:           240356 kB
MemTotal:        1844596 kB
MemFree:         1393136 kB
MemAvailable:    1540172 kB
Buffers:           39772 kB
Cached:           240356 kB
MemTotal:        1844596 kB
MemFree:         1394112 kB
MemAvailable:    1541148 kB
Buffers:           39772 kB
Cached:           240356 kB
MemTotal:        1844596 kB
MemFree:         1394112 kB
MemAvailable:    1541148 kB
Buffers:           39772 kB
Cached:           240356 kB
MemTotal:        1844596 kB
MemFree:         1392652 kB
MemAvailable:    1539688 kB
Buffers:           39772 kB
Cached:           240356 kB
MemTotal:        1844596 kB
MemFree:         1392652 kB
MemAvailable:    1539688 kB
Buffers:           39772 kB
Cached:           240356 kB
MemTotal:        1844596 kB
MemFree:         1394016 kB
MemAvailable:    1541052 kB
Buffers:           39772 kB
Cached:           240356 kB
MemTotal:        1844596 kB
MemFree:         1393040 kB
MemAvailable:    1540076 kB
Buffers:           39772 kB
Cached:           240356 kB
MemTotal:        1844596 kB
MemFree:         1394200 kB
MemAvailable:    1541240 kB
Buffers:           39772 kB
Cached:           240360 kB
MemTotal:        1844596 kB
MemFree:         1393836 kB
MemAvailable:    1540876 kB
Buffers:           39772 kB
Cached:           240360 kB
MemTotal:        1844596 kB
MemFree:         1393776 kB
MemAvailable:    1540816 kB
Buffers:           39772 kB
Cached:           240360 kB
MemTotal:        1844596 kB
MemFree:         1392604 kB
MemAvailable:    1539644 kB
Buffers:           39772 kB
Cached:           240360 kB
MemTotal:        1844596 kB
MemFree:         1394088 kB
MemAvailable:    1541128 kB
Buffers:           39772 kB
Cached:           240360 kB
MemTotal:        1844596 kB
MemFree:         1393296 kB
MemAvailable:    1540336 kB
Buffers:           39772 kB
Cached:           240360 kB
MemTotal:        1844596 kB
MemFree:         1393588 kB
MemAvailable:    1540628 kB
Buffers:           39772 kB
Cached:           240360 kB
MemTotal:        1844596 kB
MemFree:         1393840 kB
MemAvailable:    1540880 kB
Buffers:           39772 kB
Cached:           240360 kB
MemTotal:        1844596 kB
MemFree:         1390296 kB
MemAvailable:    1537336 kB
Buffers:           39772 kB
Cached:           240360 kB
MemTotal:        1844596 kB
MemFree:         1389824 kB
MemAvailable:    1536864 kB
Buffers:           39772 kB
Cached:           240360 kB
MemTotal:        1844596 kB
MemFree:         1388204 kB
MemAvailable:    1535248 kB
Buffers:           39772 kB
Cached:           240364 kB
MemTotal:        1844596 kB
MemFree:         1385352 kB
MemAvailable:    1532396 kB
Buffers:           39772 kB
Cached:           240364 kB
MemTotal:        1844596 kB
MemFree:         1386428 kB
MemAvailable:    1533472 kB
Buffers:           39772 kB
Cached:           240364 kB
MemTotal:        1844596 kB
MemFree:         1384980 kB
MemAvailable:    1532024 kB
Buffers:           39772 kB
Cached:           240364 kB
MemTotal:        1844596 kB
MemFree:         1385780 kB
MemAvailable:    1532824 kB
Buffers:           39772 kB
Cached:           240364 kB
MemTotal:        1844596 kB
MemFree:         1385948 kB
MemAvailable:    1532992 kB
Buffers:           39772 kB
Cached:           240364 kB
MemTotal:        1844596 kB
MemFree:         1384724 kB
MemAvailable:    1531768 kB
Buffers:           39772 kB
Cached:           240364 kB
MemTotal:        1844596 kB
MemFree:         1385948 kB
MemAvailable:    1532992 kB
Buffers:           39772 kB
Cached:           240364 kB
MemTotal:        1844596 kB
MemFree:         1385948 kB
MemAvailable:    1532992 kB
Buffers:           39772 kB
Cached:           240364 kB
MemTotal:        1844596 kB
MemFree:         1386028 kB
MemAvailable:    1533072 kB
Buffers:           39772 kB
Cached:           240364 kB
MemTotal:        1844596 kB
MemFree:         1385096 kB
MemAvailable:    1532140 kB
Buffers:           39772 kB
Cached:           240364 kB
MemTotal:        1844596 kB
MemFree:         1386156 kB
MemAvailable:    1533204 kB
Buffers:           39772 kB
Cached:           240368 kB
MemTotal:        1844596 kB
MemFree:         1386072 kB
MemAvailable:    1533120 kB
Buffers:           39772 kB
Cached:           240368 kB
MemTotal:        1844596 kB
MemFree:         1386072 kB
MemAvailable:    1533120 kB
Buffers:           39772 kB
Cached:           240368 kB
MemTotal:        1844596 kB
MemFree:         1385844 kB
MemAvailable:    1532892 kB
Buffers:           39772 kB
Cached:           240368 kB
MemTotal:        1844596 kB
MemFree:         1384972 kB
MemAvailable:    1532020 kB
Buffers:           39772 kB
Cached:           240368 kB
MemTotal:        1844596 kB
MemFree:         1385848 kB
MemAvailable:    1532896 kB
Buffers:           39772 kB
Cached:           240368 kB
MemTotal:        1844596 kB
MemFree:         1384672 kB
MemAvailable:    1531720 kB
Buffers:           39772 kB
Cached:           240368 kB
MemTotal:        1844596 kB
MemFree:         1384732 kB
MemAvailable:    1531780 kB
Buffers:           39772 kB
Cached:           240368 kB
MemTotal:        1844596 kB
MemFree:         1385204 kB
MemAvailable:    1532252 kB
Buffers:           39772 kB
Cached:           240368 kB
MemTotal:        1844596 kB
MemFree:         1385540 kB
MemAvailable:    1532588 kB
Buffers:           39772 kB
Cached:           240368 kB
MemTotal:        1844596 kB
MemFree:         1384732 kB
MemAvailable:    1531780 kB
Buffers:           39772 kB
Cached:           240368 kB
MemTotal:        1844596 kB
MemFree:         1384336 kB
MemAvailable:    1531384 kB
Buffers:           39772 kB
Cached:           240368 kB
MemTotal:        1844596 kB
MemFree:         1384336 kB
MemAvailable:    1531384 kB
Buffers:           39772 kB
Cached:           240368 kB
MemTotal:        1844596 kB
MemFree:         1384148 kB
MemAvailable:    1531196 kB
Buffers:           39772 kB
Cached:           240368 kB
MemTotal:        1844596 kB
MemFree:         1382832 kB
MemAvailable:    1529880 kB
Buffers:           39772 kB
Cached:           240368 kB
MemTotal:        1844596 kB
MemFree:         1381872 kB
MemAvailable:    1528920 kB
Buffers:           39772 kB
Cached:           240368 kB
MemTotal:        1844596 kB
MemFree:         1381880 kB
MemAvailable:    1528928 kB
Buffers:           39772 kB
Cached:           240368 kB
MemTotal:        1844596 kB
MemFree:         1382616 kB
MemAvailable:    1529664 kB
Buffers:           39772 kB
Cached:           240368 kB
MemTotal:        1844596 kB
MemFree:         1381128 kB
MemAvailable:    1528176 kB
Buffers:           39772 kB
Cached:           240368 kB
MemTotal:        1844596 kB
MemFree:         1381260 kB
MemAvailable:    1528308 kB
Buffers:           39772 kB
Cached:           240368 kB
MemTotal:        1844596 kB
MemFree:         1382064 kB
MemAvailable:    1529112 kB
Buffers:           39772 kB
Cached:           240368 kB
MemTotal:        1844596 kB
MemFree:         1380840 kB
MemAvailable:    1527888 kB
Buffers:           39772 kB
Cached:           240368 kB
MemTotal:        1844596 kB
MemFree:         1382016 kB
MemAvailable:    1529064 kB
Buffers:           39772 kB
Cached:           240368 kB
MemTotal:        1844596 kB
MemFree:         1380888 kB
MemAvailable:    1527936 kB
Buffers:           39772 kB
Cached:           240368 kB
MemTotal:        1844596 kB
MemFree:         1382212 kB
MemAvailable:    1529260 kB
Buffers:           39772 kB
Cached:           240368 kB
MemTotal:        1844596 kB
MemFree:         1380764 kB
MemAvailable:    1527812 kB
Buffers:           39772 kB
Cached:           240368 kB
MemTotal:        1844596 kB
MemFree:         1381816 kB
MemAvailable:    1528868 kB
Buffers:           39772 kB
Cached:           240372 kB
MemTotal:        1844596 kB
MemFree:         1381816 kB
MemAvailable:    1528868 kB
Buffers:           39772 kB
Cached:           240372 kB
MemTotal:        1844596 kB
MemFree:         1381984 kB
MemAvailable:    1529036 kB
Buffers:           39772 kB
Cached:           240372 kB
MemTotal:        1844596 kB
MemFree:         1380696 kB
MemAvailable:    1527748 kB
Buffers:           39772 kB
Cached:           240372 kB
MemTotal:        1844596 kB
MemFree:         1381492 kB
MemAvailable:    1528544 kB
Buffers:           39772 kB
Cached:           240372 kB
MemTotal:        1844596 kB
MemFree:         1381744 kB
MemAvailable:    1528796 kB
Buffers:           39772 kB
Cached:           240372 kB
MemTotal:        1844596 kB
MemFree:         1378012 kB
MemAvailable:    1525064 kB
Buffers:           39772 kB
Cached:           240372 kB
MemTotal:        1844596 kB
MemFree:         1377888 kB
MemAvailable:    1524940 kB
Buffers:           39772 kB
Cached:           240372 kB
MemTotal:        1844596 kB
MemFree:         1372640 kB
MemAvailable:    1519692 kB
Buffers:           39772 kB
Cached:           240372 kB
MemTotal:        1844596 kB
MemFree:         1371208 kB
MemAvailable:    1518260 kB
Buffers:           39772 kB
Cached:           240372 kB
MemTotal:        1844596 kB
MemFree:         1371216 kB
MemAvailable:    1518436 kB
Buffers:           39772 kB
Cached:           240496 kB
MemTotal:        1844596 kB
MemFree:         1372200 kB
MemAvailable:    1519588 kB
Buffers:           39772 kB
Cached:           240744 kB
MemTotal:        1844596 kB
MemFree:         1371340 kB
MemAvailable:    1518728 kB
Buffers:           39772 kB
Cached:           240744 kB
MemTotal:        1844596 kB
MemFree:         1371964 kB
MemAvailable:    1519436 kB
Buffers:           39772 kB
Cached:           240868 kB
MemTotal:        1844596 kB
MemFree:         1370664 kB
MemAvailable:    1518220 kB
Buffers:           39772 kB
Cached:           240992 kB
MemTotal:        1844596 kB
MemFree:         1371880 kB
MemAvailable:    1519436 kB
Buffers:           39772 kB
Cached:           240992 kB
MemTotal:        1844596 kB
MemFree:         1371828 kB
MemAvailable:    1519384 kB
Buffers:           39772 kB
Cached:           240992 kB
MemTotal:        1844596 kB
MemFree:         1371624 kB
MemAvailable:    1519264 kB
Buffers:           39772 kB
Cached:           240992 kB
MemTotal:        1844596 kB
MemFree:         1371624 kB
MemAvailable:    1519264 kB
Buffers:           39772 kB
Cached:           240992 kB
MemTotal:        1844596 kB
MemFree:         1371876 kB
MemAvailable:    1519516 kB
Buffers:           39772 kB
Cached:           240992 kB
MemTotal:        1844596 kB
MemFree:         1371796 kB
MemAvailable:    1519436 kB
Buffers:           39772 kB
Cached:           240992 kB
MemTotal:        1844596 kB
MemFree:         1371996 kB
MemAvailable:    1519636 kB
Buffers:           39772 kB
Cached:           240992 kB
MemTotal:        1844596 kB
MemFree:         1371920 kB
MemAvailable:    1519560 kB
Buffers:           39772 kB
Cached:           240992 kB
MemTotal:        1844596 kB
MemFree:         1371724 kB
MemAvailable:    1519448 kB
Buffers:           39772 kB
Cached:           240992 kB
MemTotal:        1844596 kB
MemFree:         1371580 kB
MemAvailable:    1518716 kB
Buffers:           39772 kB
Cached:           240360 kB
MemTotal:        1844596 kB
MemFree:         1443116 kB
MemAvailable:    1590252 kB
Buffers:           39772 kB
Cached:           240360 kB
