MemTotal:        1844596 kB
MemFree:         1208496 kB
MemAvailable:    1541068 kB
Buffers:           60156 kB
Cached:           389188 kB
MemTotal:        1844596 kB
MemFree:         1209248 kB
MemAvailable:    1541820 kB
Buffers:           60156 kB
Cached:           389188 kB
MemTotal:        1844596 kB
MemFree:         1205644 kB
MemAvailable:    1538216 kB
Buffers:           60156 kB
Cached:           389188 kB
MemTotal:        1844596 kB
MemFree:         1205524 kB
MemAvailable:    1538096 kB
Buffers:           60156 kB
Cached:           389188 kB
MemTotal:        1844596 kB
MemFree:         1204536 kB
MemAvailable:    1537108 kB
Buffers:           60156 kB
Cached:           389188 kB
MemTotal:        1844596 kB
MemFree:         1205472 kB
MemAvailable:    1538044 kB
Buffers:           60156 kB
Cached:           389188 kB
MemTotal:        1844596 kB
MemFree:         1202304 kB
MemAvailable:    1534876 kB
Buffers:           60156 kB
Cached:           389188 kB
MemTotal:        1844596 kB
MemFree:         1202196 kB
MemAvailable:    1534768 kB
Buffers:           60156 kB
Cached:           389188 kB
MemTotal:        1844596 kB
MemFree:         1195600 kB
MemAvailable:    1528172 kB
Buffers:           60156 kB
Cached:           389188 kB
MemTotal:        1844596 kB
MemFree:         1195600 kB
MemAvailable:    1528172 kB
Buffers:           60156 kB
Cached:           389188 kB
MemTotal:        1844596 kB
MemFree:         1195600 kB
MemAvailable:    1528172 kB
Buffers:           60156 kB
Cached:           389188 kB
MemTotal:        1844596 kB
MemFree:         1195616 kB
MemAvailable:    1528188 kB
Buffers:           60156 kB
Cached:           389188 kB
MemTotal:        1844596 kB
MemFree:         1195536 kB
MemAvailable:    1528108 kB
Buffers:           60156 kB
Cached:           389188 kB
MemTotal:        1844596 kB
MemFree:         1195460 kB
MemAvailable:    1528032 kB
Buffers:           60156 kB
Cached:           389188 kB
MemTotal:        1844596 kB
MemFree:         1195712 kB
MemAvailable:    1528284 kB
Buffers:           60156 kB
Cached:           389188 kB
MemTotal:        1844596 kB
MemFree:         1195420 kB
MemAvailable:    1527992 kB
Buffers:           60156 kB
Cached:           389188 kB
MemTotal:        1844596 kB
MemFree:         1195420 kB
MemAvailable:    1527992 kB
Buffers:           60156 kB
Cached:           389188 kB
MemTotal:        1844596 kB
MemFree:         1193004 kB
MemAvailable:    1525576 kB
Buffers:           60156 kB
Cached:           389188 kB
MemTotal:        1844596 kB
MemFree:         1192640 kB
MemAvailable:    1525212 kB
Buffers:           60156 kB
Cached:           389188 kB
MemTotal:        1844596 kB
MemFree:         1193448 kB
MemAvailable:    1526020 kB
Buffers:           60156 kB
Cached:           389188 kB
MemTotal:        1844596 kB
MemFree:         1191888 kB
MemAvailable:    1524460 kB
Buffers:           60156 kB
Cached:           389188 kB
MemTotal:        1844596 kB
MemFree:         1192988 kB
MemAvailable:    1525568 kB
Buffers:           60156 kB
Cached:           389192 kB
MemTotal:        1844596 kB
MemFree:         1193072 kB
MemAvailable:    1525652 kB
Buffers:           60156 kB
Cached:           389192 kB
MemTotal:        1844596 kB
MemFree:         1192020 kB
MemAvailable:    1524600 kB
Buffers:           60156 kB
Cached:           389192 kB
MemTotal:        1844596 kB
MemFree:         1193244 kB
MemAvailable:    1525824 kB
Buffers:           60156 kB
Cached:           389192 kB
MemTotal:        1844596 kB
MemFree:         1192948 kB
MemAvailable:    1525528 kB
Buffers:           60156 kB
Cached:           389192 kB
MemTotal:        1844596 kB
MemFree:         1193284 kB
MemAvailable:    1525864 kB
Buffers:           60156 kB
Cached:           389192 kB
MemTotal:        1844596 kB
MemFree:         1193424 kB
MemAvailable:    1526004 kB
Buffers:           60156 kB
Cached:           389192 kB
MemTotal:        1844596 kB
MemFree:         1193260 kB
MemAvailable:    1525840 kB
Buffers:           60156 kB
Cached:           389192 kB
MemTotal:        1844596 kB
MemFree:         1192128 kB
MemAvailable:    1524708 kB
Buffers:           60156 kB
Cached:           389192 kB
MemTotal:        1844596 kB
MemFree:         1192128 kB
MemAvailable:    1524708 kB
Buffers:           60156 kB
Cached:           389192 kB
MemTotal:        1844596 kB
MemFree:         1190964 kB
MemAvailable:    1523544 kB
Buffers:           60156 kB
Cached:           389192 kB
MemTotal:        1844596 kB
MemFree:         1190284 kB
MemAvailable:    1522864 kB
Buffers:           60156 kB
Cached:           389192 kB
MemTotal:        1844596 kB
MemFree:         1188920 kB
MemAvailable:    1521500 kB
Buffers:           60156 kB
Cached:           389192 kB
MemTotal:        1844596 kB
MemFree:         1188796 kB
MemAvailable:    1521376 kB
Buffers:           60156 kB
Cached:           389192 kB
MemTotal:        1844596 kB
MemFree:         1188416 kB
MemAvailable:    1520996 kB
Buffers:           60156 kB
Cached:           389192 kB
MemTotal:        1844596 kB
MemFree:         1189096 kB
MemAvailable:    1521676 kB
Buffers:           60156 kB
Cached:           389192 kB
MemTotal:        1844596 kB
MemFree:         1189048 kB
MemAvailable:    1521628 kB
Buffers:           60156 kB
Cached:           389192 kB
MemTotal:        1844596 kB
MemFree:         1187864 kB
MemAvailable:    1520444 kB
Buffers:           60156 kB
Cached:           389192 kB
MemTotal:        1844596 kB
MemFree:         1187740 kB
MemAvailable:    1520320 kB
Buffers:           60156 kB
Cached:           389192 kB
MemTotal:        1844596 kB
MemFree:         1187988 kB
MemAvailable:    1520568 kB
Buffers:           60156 kB
Cached:           389192 kB
MemTotal:        1844596 kB
MemFree:         1188984 kB
MemAvailable:    1521564 kB
Buffers:           60156 kB
Cached:           389192 kB
MemTotal:        1844596 kB
MemFree:         1188600 kB
MemAvailable:    1521180 kB
Buffers:           60156 kB
Cached:           389192 kB
MemTotal:        1844596 kB
MemFree:         1187796 kB
MemAvailable:    1520376 kB
Buffers:           60156 kB
Cached:           389192 kB
MemTotal:        1844596 kB
MemFree:         1187160 kB
MemAvailable:    1519740 kB
Buffers:           60156 kB
Cached:           389192 kB
MemTotal:        1844596 kB
MemFree:         1186672 kB
MemAvailable:    1519252 kB
Buffers:           60156 kB
Cached:           389192 kB
MemTotal:        1844596 kB
MemFree:         1186756 kB
MemAvailable:    1519336 kB
Buffers:           60156 kB
Cached:           389192 kB
MemTotal:        1844596 kB
MemFree:         1187996 kB
MemAvailable:    1520576 kB
Buffers:           60156 kB
Cached:           389192 kB
MemTotal:        1844596 kB
MemFree:         1187900 kB
MemAvailable:    1520480 kB
Buffers:           60156 kB
Cached:           389192 kB
MemTotal:        1844596 kB
MemFree:         1186752 kB
MemAvailable:    1519332 kB
Buffers:           60156 kB
Cached:           389192 kB
MemTotal:        1844596 kB
MemFree:         1186616 kB
MemAvailable:    1519196 kB
Buffers:           60156 kB
Cached:           389192 kB
MemTotal:        1844596 kB
MemFree:         1186732 kB
MemAvailable:    1519312 kB
Buffers:           60156 kB
Cached:           389192 kB
MemTotal:        1844596 kB
MemFree:         1187972 kB
MemAvailable:    1520552 kB
Buffers:           60156 kB
Cached:           389192 kB
MemTotal:        1844596 kB
MemFree:         1187952 kB
MemAvailable:    1520532 kB
Buffers:           60156 kB
Cached:           389192 kB
MemTotal:        1844596 kB
MemFree:         1188168 kB
MemAvailable:    1520748 kB
Buffers:           60156 kB
Cached:           389192 kB
MemTotal:        1844596 kB
MemFree:         1187848 kB
MemAvailable:    1520428 kB
Buffers:           60156 kB
Cached:           389192 kB
MemTotal:        1844596 kB
MemFree:         1188100 kB
MemAvailable:    1520680 kB
Buffers:           60156 kB
Cached:           389192 kB
MemTotal:        1844596 kB
MemFree:         1187856 kB
MemAvailable:    1520436 kB
Buffers:           60156 kB
Cached:           389192 kB
MemTotal:        1844596 kB
MemFree:         1186432 kB
MemAvailable:    1519012 kB
Buffers:           60156 kB
Cached:           389192 kB
MemTotal:        1844596 kB
MemFree:         1186440 kB
MemAvailable:    1519020 kB
Buffers:           60156 kB
Cached:           389192 kB
MemTotal:        1844596 kB
MemFree:         1187284 kB
MemAvailable:    1519868 kB
Buffers:           60156 kB
Cached:           389196 kB
MemTotal:        1844596 kB
MemFree:         1187536 kB
MemAvailable:    1520120 kB
Buffers:           60156 kB
Cached:           389196 kB
MemTotal:        1844596 kB
MemFree:         1186060 kB
MemAvailable:    1518644 kB
Buffers:           60156 kB
Cached:           389196 kB
MemTotal:        1844596 kB
MemFree:         1187300 kB
MemAvailable:    1519884 kB
Buffers:           60156 kB
Cached:           389196 kB
MemTotal:        1844596 kB
MemFree:         1186192 kB
MemAvailable:    1518776 kB
Buffers:           60156 kB
Cached:           389196 kB
MemTotal:        1844596 kB
MemFree:         1187244 kB
MemAvailable:    1519828 kB
Buffers:           60156 kB
Cached:           389196 kB
MemTotal:        1844596 kB
MemFree:         1186068 kB
MemAvailable:    1518652 kB
Buffers:           60156 kB
Cached:           389196 kB
MemTotal:        1844596 kB
MemFree:         1185888 kB
MemAvailable:    1518472 kB
Buffers:           60156 kB
Cached:           389196 kB
MemTotal:        1844596 kB
MemFree:         1185756 kB
MemAvailable:    1518340 kB
Buffers:           60156 kB
Cached:           389196 kB
MemTotal:        1844596 kB
MemFree:         1186316 kB
MemAvailable:    1518900 kB
Buffers:           60156 kB
Cached:           389196 kB
MemTotal:        1844596 kB
MemFree:         1187036 kB
MemAvailable:    1519624 kB
Buffers:           60156 kB
Cached:           389200 kB
MemTotal:        1844596 kB
MemFree:         1186788 kB
MemAvailable:    1519376 kB
Buffers:           60156 kB
Cached:           389200 kB
MemTotal:        1844596 kB
MemFree:         1184828 kB
MemAvailable:    1517416 kB
Buffers:           60156 kB
Cached:           389200 kB
MemTotal:        1844596 kB
MemFree:         1182100 kB
MemAvailable:    1514688 kB
Buffers:           60156 kB
Cached:           389200 kB
MemTotal:        1844596 kB
MemFree:         1180548 kB
MemAvailable:    1513136 kB
Buffers:           60156 kB
Cached:           389200 kB
MemTotal:        1844596 kB
MemFree:         1178628 kB
MemAvailable:    1511216 kB
Buffers:           60156 kB
Cached:           389200 kB
MemTotal:        1844596 kB
MemFree:         1179336 kB
MemAvailable:    1511924 kB
Buffers:           60156 kB
Cached:           389200 kB
MemTotal:        1844596 kB
MemFree:         1179420 kB
MemAvailable:    1512008 kB
Buffers:           60156 kB
Cached:           389200 kB
MemTotal:        1844596 kB
MemFree:         1179228 kB
MemAvailable:    1511816 kB
Buffers:           60156 kB
Cached:           389200 kB
MemTotal:        1844596 kB
MemFree:         1178380 kB
MemAvailable:    1510844 kB
Buffers:           60156 kB
Cached:           389200 kB
MemTotal:        1844596 kB
MemFree:         1179372 kB
MemAvailable:    1511960 kB
Buffers:           60156 kB
Cached:           389200 kB
MemTotal:        1844596 kB
MemFree:         1178132 kB
MemAvailable:    1510720 kB
Buffers:           60156 kB
Cached:           389200 kB
MemTotal:        1844596 kB
MemFree:         1178964 kB
MemAvailable:    1511552 kB
Buffers:           60156 kB
Cached:           389200 kB
MemTotal:        1844596 kB
MemFree:         1179216 kB
MemAvailable:    1511804 kB
Buffers:           60156 kB
Cached:           389200 kB
MemTotal:        1844596 kB
MemFree:         1179000 kB
MemAvailable:    1511588 kB
Buffers:           60156 kB
Cached:           389200 kB
MemTotal:        1844596 kB
MemFree:         1178924 kB
MemAvailable:    1511512 kB
Buffers:           60156 kB
Cached:           389200 kB
MemTotal:        1844596 kB
MemFree:         1179176 kB
MemAvailable:    1511764 kB
Buffers:           60156 kB
Cached:           389200 kB
MemTotal:        1844596 kB
MemFree:         1177692 kB
MemAvailable:    1510280 kB
Buffers:           60156 kB
Cached:           389200 kB
MemTotal:        1844596 kB
MemFree:         1178952 kB
MemAvailable:    1511540 kB
Buffers:           60156 kB
Cached:           389200 kB
MemTotal:        1844596 kB
MemFree:         1179288 kB
MemAvailable:    1511876 kB
Buffers:           60156 kB
Cached:           389200 kB
MemTotal:        1844596 kB
MemFree:         1178736 kB
MemAvailable:    1511324 kB
Buffers:           60156 kB
Cached:           389200 kB
MemTotal:        1844596 kB
MemFree:         1178864 kB
MemAvailable:    1511452 kB
Buffers:           60156 kB
Cached:           389200 kB
MemTotal:        1844596 kB
MemFree:         1178116 kB
MemAvailable:    1510704 kB
Buffers:           60156 kB
Cached:           389200 kB
MemTotal:        1844596 kB
MemFree:         1178008 kB
MemAvailable:    1510596 kB
Buffers:           60156 kB
Cached:           389200 kB
MemTotal:        1844596 kB
MemFree:         1177496 kB
MemAvailable:    1510084 kB
Buffers:           60156 kB
Cached:           389200 kB
MemTotal:        1844596 kB
MemFree:         1177832 kB
MemAvailable:    1510420 kB
Buffers:           60156 kB
Cached:           389200 kB
MemTotal:        1844596 kB
MemFree:         1176256 kB
MemAvailable:    1508844 kB
Buffers:           60156 kB
Cached:           389200 kB
MemTotal:        1844596 kB
MemFree:         1177324 kB
MemAvailable:    1509912 kB
Buffers:           60156 kB
Cached:           389200 kB
MemTotal:        1844596 kB
MemFree:         1176404 kB
MemAvailable:    1508996 kB
Buffers:           60156 kB
Cached:           389204 kB
MemTotal:        1844596 kB
MemFree:         1176208 kB
MemAvailable:    1508800 kB
Buffers:           60156 kB
Cached:           389204 kB
MemTotal:        1844596 kB
MemFree:         1175520 kB
MemAvailable:    1508112 kB
Buffers:           60156 kB
Cached:           389204 kB
MemTotal:        1844596 kB
MemFree:         1175520 kB
MemAvailable:    1508112 kB
Buffers:           60156 kB
Cached:           389204 kB
MemTotal:        1844596 kB
MemFree:         1175540 kB
MemAvailable:    1508132 kB
Buffers:           60156 kB
Cached:           389204 kB
MemTotal:        1844596 kB
MemFree:         1174360 kB
MemAvailable:    1506952 kB
Buffers:           60156 kB
Cached:           389204 kB
MemTotal:        1844596 kB
MemFree:         1174096 kB
MemAvailable:    1506688 kB
Buffers:           60156 kB
Cached:           389204 kB
MemTotal:        1844596 kB
MemFree:         1175320 kB
MemAvailable:    1507912 kB
Buffers:           60156 kB
Cached:           389204 kB
MemTotal:        1844596 kB
MemFree:         1175320 kB
MemAvailable:    1507912 kB
Buffers:           60156 kB
Cached:           389204 kB
MemTotal:        1844596 kB
MemFree:         1173916 kB
MemAvailable:    1506508 kB
Buffers:           60156 kB
Cached:           389204 kB
MemTotal:        1844596 kB
MemFree:         1173876 kB
MemAvailable:    1506468 kB
Buffers:           60156 kB
Cached:           389204 kB
MemTotal:        1844596 kB
MemFree:         1175116 kB
MemAvailable:    1507708 kB
Buffers:           60156 kB
Cached:           389204 kB
MemTotal:        1844596 kB
MemFree:         1175140 kB
MemAvailable:    1507732 kB
Buffers:           60156 kB
Cached:           389204 kB
MemTotal:        1844596 kB
MemFree:         1175140 kB
MemAvailable:    1507732 kB
Buffers:           60156 kB
Cached:           389204 kB
MemTotal:        1844596 kB
MemFree:         1174652 kB
MemAvailable:    1507244 kB
Buffers:           60156 kB
Cached:           389204 kB
MemTotal:        1844596 kB
MemFree:         1174652 kB
MemAvailable:    1507244 kB
Buffers:           60156 kB
Cached:           389204 kB
MemTotal:        1844596 kB
MemFree:         1171428 kB
MemAvailable:    1504020 kB
Buffers:           60156 kB
Cached:           389204 kB
MemTotal:        1844596 kB
MemFree:         1171308 kB
MemAvailable:    1503900 kB
Buffers:           60156 kB
Cached:           389204 kB
MemTotal:        1844596 kB
MemFree:         1167700 kB
MemAvailable:    1500376 kB
Buffers:           60156 kB
Cached:           389328 kB
MemTotal:        1844596 kB
MemFree:         1167952 kB
MemAvailable:    1500628 kB
Buffers:           60156 kB
Cached:           389328 kB
MemTotal:        1844596 kB
MemFree:         1167536 kB
MemAvailable:    1500464 kB
Buffers:           60156 kB
Cached:           389576 kB
MemTotal:        1844596 kB
MemFree:         1167468 kB
MemAvailable:    1500396 kB
Buffers:           60156 kB
Cached:           389576 kB
MemTotal:        1844596 kB
MemFree:         1166172 kB
MemAvailable:    1499184 kB
Buffers:           60156 kB
Cached:           389700 kB
MemTotal:        1844596 kB
MemFree:         1167600 kB
MemAvailable:    1500696 kB
Buffers:           60156 kB
Cached:           389700 kB
MemTotal:        1844596 kB
MemFree:         1167216 kB
MemAvailable:    1500396 kB
Buffers:           60156 kB
Cached:           389824 kB
MemTotal:        1844596 kB
MemFree:         1167192 kB
MemAvailable:    1500456 kB
Buffers:           60156 kB
Cached:           389948 kB
MemTotal:        1844596 kB
MemFree:         1165816 kB
MemAvailable:    1499080 kB
Buffers:           60156 kB
Cached:           389948 kB
MemTotal:        1844596 kB
MemFree:         1167228 kB
MemAvailable:    1500492 kB
Buffers:           60156 kB
Cached:           389948 kB
MemTotal:        1844596 kB
MemFree:         1167116 kB
MemAvailable:    1500380 kB
Buffers:           60156 kB
Cached:           389948 kB
MemTotal:        1844596 kB
MemFree:         1166484 kB
MemAvailable:    1499748 kB
Buffers:           60156 kB
Cached:           389948 kB
MemTotal:        1844596 kB
MemFree:         1167152 kB
MemAvailable:    1500416 kB
Buffers:           60156 kB
Cached:           389948 kB
MemTotal:        1844596 kB
MemFree:         1165928 kB
MemAvailable:    1499192 kB
Buffers:           60156 kB
Cached:           389948 kB
MemTotal:        1844596 kB
MemFree:         1167104 kB
MemAvailable:    1500452 kB
Buffers:           60156 kB
Cached:           389948 kB
MemTotal:        1844596 kB
MemFree:         1192912 kB
MemAvailable:    1525588 kB
Buffers:           60156 kB
Cached:           389316 kB
MemTotal:        1844596 kB
MemFree:         1231460 kB
MemAvailable:    1564136 kB
Buffers:           60156 kB
Cached:           389316 kB
