MemTotal:        1844596 kB
MemFree:         1496072 kB
MemAvailable:    1567544 kB
Buffers:           29312 kB
Cached:           175880 kB
MemTotal:        1844596 kB
MemFree:         1494096 kB
MemAvailable:    1565568 kB
Buffers:           29312 kB
Cached:           175880 kB
MemTotal:        1844596 kB
MemFree:         1493220 kB
MemAvailable:    1564692 kB
Buffers:           29312 kB
Cached:           175880 kB
MemTotal:        1844596 kB
MemFree:         1491800 kB
MemAvailable:    1563272 kB
Buffers:           29312 kB
Cached:           175880 kB
MemTotal:        1844596 kB
MemFree:         1491544 kB
MemAvailable:    1563016 kB
Buffers:           29312 kB
Cached:           175880 kB
MemTotal:        1844596 kB
MemFree:         1490236 kB
MemAvailable:    1561708 kB
Buffers:           29312 kB
Cached:           175880 kB
MemTotal:        1844596 kB
MemFree:         1487756 kB
MemAvailable:    1559228 kB
Buffers:           29312 kB
Cached:           175880 kB
MemTotal:        1844596 kB
MemFree:         1487716 kB
MemAvailable:    1559188 kB
Buffers:           29312 kB
Cached:           175880 kB
MemTotal:        1844596 kB
MemFree:         1483864 kB
MemAvailable:    1555336 kB
Buffers:           29312 kB
Cached:           175880 kB
MemTotal:        1844596 kB
MemFree:         1481076 kB
MemAvailable:    1552548 kB
Buffers:           29312 kB
Cached:           175880 kB
MemTotal:        1844596 kB
MemFree:         1481612 kB
MemAvailable:    1553084 kB
Buffers:           29312 kB
Cached:           175880 kB
MemTotal:        1844596 kB
MemFree:         1481780 kB
MemAvailable:    1553252 kB
Buffers:           29312 kB
Cached:           175880 kB
MemTotal:        1844596 kB
MemFree:         1481632 kB
MemAvailable:    1553104 kB
Buffers:           29312 kB
Cached:           175880 kB
MemTotal:        1844596 kB
MemFree:         1481556 kB
MemAvailable:    1553028 kB
Buffers:           29312 kB
Cached:           175880 kB
MemTotal:        1844596 kB
MemFree:         1481680 kB
MemAvailable:    1553152 kB
Buffers:           29312 kB
Cached:           175880 kB
MemTotal:        1844596 kB
MemFree:         1481300 kB
MemAvailable:    1552772 kB
Buffers:           29312 kB
Cached:           175880 kB
MemTotal:        1844596 kB
MemFree:         1480696 kB
MemAvailable:    1552168 kB
Buffers:           29312 kB
Cached:           175880 kB
MemTotal:        1844596 kB
MemFree:         1479828 kB
MemAvailable:    1551300 kB
Buffers:           29312 kB
Cached:           175880 kB
MemTotal:        1844596 kB
MemFree:         1479896 kB
MemAvailable:    1551368 kB
Buffers:           29312 kB
Cached:           175880 kB
MemTotal:        1844596 kB
MemFree:         1478472 kB
MemAvailable:    1549944 kB
Buffers:           29312 kB
Cached:           175880 kB
MemTotal:        1844596 kB
MemFree:         1479064 kB
MemAvailable:    1550536 kB
Buffers:           29312 kB
Cached:           175880 kB
MemTotal:        1844596 kB
MemFree:         1479400 kB
MemAvailable:    1550872 kB
Buffers:           29312 kB
Cached:           175880 kB
MemTotal:        1844596 kB
MemFree:         1477824 kB
MemAvailable:    1549296 kB
Buffers:           29312 kB
Cached:           175880 kB
MemTotal:        1844596 kB
MemFree:         1479064 kB
MemAvailable:    1550536 kB
Buffers:           29312 kB
Cached:           175880 kB
MemTotal:        1844596 kB
MemFree:         1478348 kB
MemAvailable:    1549820 kB
Buffers:           29312 kB
Cached:           175880 kB
MemTotal:        1844596 kB
MemFree:         1477964 kB
MemAvailable:    1549436 kB
Buffers:           29312 kB
Cached:           175880 kB
MemTotal:        1844596 kB
MemFree:         1479024 kB
MemAvailable:    1550496 kB
Buffers:           29312 kB
Cached:           175880 kB
MemTotal:        1844596 kB
MemFree:         1479360 kB
MemAvailable:    1550832 kB
Buffers:           29312 kB
Cached:           175880 kB
MemTotal:        1844596 kB
MemFree:         1480484 kB
MemAvailable:    1551956 kB
Buffers:           29312 kB
Cached:           175880 kB
MemTotal:        1844596 kB
MemFree:         1480824 kB
MemAvailable:    1552296 kB
Buffers:           29312 kB
Cached:           175880 kB
MemTotal:        1844596 kB
MemFree:         1479192 kB
MemAvailable:    1550664 kB
Buffers:           29312 kB
Cached:           175880 kB
MemTotal:        1844596 kB
MemFree:         1479280 kB
MemAvailable:    1550752 kB
Buffers:           29312 kB
Cached:           175880 kB
MemTotal:        1844596 kB
MemFree:         1475736 kB
MemAvailable:    1547208 kB
Buffers:           29312 kB
Cached:           175880 kB
MemTotal:        1844596 kB
MemFree:         1475736 kB
MemAvailable:    1547208 kB
Buffers:           29312 kB
Cached:           175880 kB
MemTotal:        1844596 kB
MemFree:         1476176 kB
MemAvailable:    1547648 kB
Buffers:           29312 kB
Cached:           175880 kB
MemTotal:        1844596 kB
MemFree:         1475852 kB
MemAvailable:    1547324 kB
Buffers:           29312 kB
Cached:           175880 kB
MemTotal:        1844596 kB
MemFree:         1475852 kB
MemAvailable:    1547324 kB
Buffers:           29312 kB
Cached:           175880 kB
MemTotal:        1844596 kB
MemFree:         1475540 kB
MemAvailable:    1547012 kB
Buffers:           29312 kB
Cached:           175880 kB
MemTotal:        1844596 kB
MemFree:         1475100 kB
MemAvailable:    1546572 kB
Buffers:           29312 kB
Cached:           175880 kB
MemTotal:        1844596 kB
MemFree:         1475184 kB
MemAvailable:    1546656 kB
Buffers:           29312 kB
Cached:           175880 kB
MemTotal:        1844596 kB
MemFree:         1474804 kB
MemAvailable:    1546276 kB
Buffers:           29312 kB
Cached:           175880 kB
MemTotal:        1844596 kB
MemFree:         1475140 kB
MemAvailable:    1546612 kB
Buffers:           29312 kB
Cached:           175880 kB
MemTotal:        1844596 kB
MemFree:         1473688 kB
MemAvailable:    1545160 kB
Buffers:           29312 kB
Cached:           175880 kB
MemTotal:        1844596 kB
MemFree:         1473696 kB
MemAvailable:    1545168 kB
Buffers:           29312 kB
Cached:           175880 kB
MemTotal:        1844596 kB
MemFree:         1473884 kB
MemAvailable:    1545368 kB
Buffers:           29312 kB
Cached:           175892 kB
MemTotal:        1844596 kB
MemFree:         1474712 kB
MemAvailable:    1546196 kB
Buffers:           29312 kB
Cached:           175892 kB
MemTotal:        1844596 kB
MemFree:         1473264 kB
MemAvailable:    1544748 kB
Buffers:           29312 kB
Cached:           175892 kB
MemTotal:        1844596 kB
MemFree:         1472752 kB
MemAvailable:    1544236 kB
Buffers:           29312 kB
Cached:           175892 kB
MemTotal:        1844596 kB
MemFree:         1474228 kB
MemAvailable:    1545712 kB
Buffers:           29312 kB
Cached:           175892 kB
MemTotal:        1844596 kB
MemFree:         1472748 kB
MemAvailable:    1544232 kB
Buffers:           29312 kB
Cached:           175892 kB
MemTotal:        1844596 kB
MemFree:         1473924 kB
MemAvailable:    1545408 kB
Buffers:           29312 kB
Cached:           175892 kB
MemTotal:        1844596 kB
MemFree:         1472868 kB
MemAvailable:    1544352 kB
Buffers:           29312 kB
Cached:           175892 kB
MemTotal:        1844596 kB
MemFree:         1472820 kB
MemAvailable:    1544304 kB
Buffers:           29312 kB
Cached:           175892 kB
MemTotal:        1844596 kB
MemFree:         1472944 kB
MemAvailable:    1544428 kB
Buffers:           29312 kB
Cached:           175892 kB
MemTotal:        1844596 kB
MemFree:         1472820 kB
MemAvailable:    1544304 kB
Buffers:           29312 kB
Cached:           175892 kB
MemTotal:        1844596 kB
MemFree:         1472564 kB
MemAvailable:    1544048 kB
Buffers:           29312 kB
Cached:           175892 kB
MemTotal:        1844596 kB
MemFree:         1473864 kB
MemAvailable:    1545348 kB
Buffers:           29312 kB
Cached:           175892 kB
MemTotal:        1844596 kB
MemFree:         1473620 kB
MemAvailable:    1545104 kB
Buffers:           29312 kB
Cached:           175892 kB
MemTotal:        1844596 kB
MemFree:         1473872 kB
MemAvailable:    1545356 kB
Buffers:           29312 kB
Cached:           175892 kB
MemTotal:        1844596 kB
MemFree:         1472252 kB
MemAvailable:    1543736 kB
Buffers:           29312 kB
Cached:           175892 kB
MemTotal:        1844596 kB
MemFree:         1472636 kB
MemAvailable:    1544120 kB
Buffers:           29312 kB
Cached:           175892 kB
MemTotal:        1844596 kB
MemFree:         1473104 kB
MemAvailable:    1544588 kB
Buffers:           29312 kB
Cached:           175892 kB
MemTotal:        1844596 kB
MemFree:         1471880 kB
MemAvailable:    1543364 kB
Buffers:           29312 kB
Cached:           175892 kB
MemTotal:        1844596 kB
MemFree:         1471820 kB
MemAvailable:    1543304 kB
Buffers:           29312 kB
Cached:           175892 kB
MemTotal:        1844596 kB
MemFree:         1471820 kB
MemAvailable:    1543304 kB
Buffers:           29312 kB
Cached:           175892 kB
MemTotal:        1844596 kB
MemFree:         1473000 kB
MemAvailable:    1544484 kB
Buffers:           29312 kB
Cached:           175892 kB
MemTotal:        1844596 kB
MemFree:         1473140 kB
MemAvailable:    1544624 kB
Buffers:           29312 kB
Cached:           175892 kB
MemTotal:        1844596 kB
MemFree:         1473188 kB
MemAvailable:    1544672 kB
Buffers:           29312 kB
Cached:           175892 kB
MemTotal:        1844596 kB
MemFree:         1471840 kB
MemAvailable:    1543324 kB
Buffers:           29312 kB
Cached:           175892 kB
MemTotal:        1844596 kB
MemFree:         1472940 kB
MemAvailable:    1544424 kB
Buffers:           29312 kB
Cached:           175892 kB
MemTotal:        1844596 kB
MemFree:         1473108 kB
MemAvailable:    1544592 kB
Buffers:           29312 kB
Cached:           175892 kB
MemTotal:        1844596 kB
MemFree:         1471596 kB
MemAvailable:    1543080 kB
Buffers:           29312 kB
Cached:           175892 kB
MemTotal:        1844596 kB
MemFree:         1471396 kB
MemAvailable:    1542880 kB
Buffers:           29312 kB
Cached:           175892 kB
MemTotal:        1844596 kB
MemFree:         1470596 kB
MemAvailable:    1542084 kB
Buffers:           29312 kB
Cached:           175896 kB
MemTotal:        1844596 kB
MemFree:         1468488 kB
MemAvailable:    1539976 kB
Buffers:           29312 kB
Cached:           175896 kB
MemTotal:        1844596 kB
MemFree:         1466568 kB
MemAvailable:    1538056 kB
Buffers:           29312 kB
Cached:           175896 kB
MemTotal:        1844596 kB
MemFree:         1465760 kB
MemAvailable:    1537248 kB
Buffers:           29312 kB
Cached:           175896 kB
MemTotal:        1844596 kB
MemFree:         1465628 kB
MemAvailable:    1537116 kB
Buffers:           29312 kB
Cached:           175896 kB
MemTotal:        1844596 kB
MemFree:         1465452 kB
MemAvailable:    1536940 kB
Buffers:           29312 kB
Cached:           175896 kB
MemTotal:        1844596 kB
MemFree:         1465388 kB
MemAvailable:    1536876 kB
Buffers:           29312 kB
Cached:           175896 kB
MemTotal:        1844596 kB
MemFree:         1465140 kB
MemAvailable:    1536628 kB
Buffers:           29312 kB
Cached:           175896 kB
MemTotal:        1844596 kB
MemFree:         1465308 kB
MemAvailable:    1536796 kB
Buffers:           29312 kB
Cached:           175896 kB
MemTotal:        1844596 kB
MemFree:         1463776 kB
MemAvailable:    1535264 kB
Buffers:           29312 kB
Cached:           175896 kB
MemTotal:        1844596 kB
MemFree:         1465148 kB
MemAvailable:    1536636 kB
Buffers:           29312 kB
Cached:           175896 kB
MemTotal:        1844596 kB
MemFree:         1463908 kB
MemAvailable:    1535396 kB
Buffers:           29312 kB
Cached:           175896 kB
MemTotal:        1844596 kB
MemFree:         1465208 kB
MemAvailable:    1536696 kB
Buffers:           29312 kB
Cached:           175896 kB
MemTotal:        1844596 kB
MemFree:         1463944 kB
MemAvailable:    1535432 kB
Buffers:           29312 kB
Cached:           175896 kB
MemTotal:        1844596 kB
MemFree:         1465060 kB
MemAvailable:    1536548 kB
Buffers:           29312 kB
Cached:           175896 kB
MemTotal:        1844596 kB
MemFree:         1465128 kB
MemAvailable:    1536616 kB
Buffers:           29312 kB
Cached:           175896 kB
MemTotal:        1844596 kB
MemFree:         1465128 kB
MemAvailable:    1536616 kB
Buffers:           29312 kB
Cached:           175896 kB
MemTotal:        1844596 kB
MemFree:         1465068 kB
MemAvailable:    1536556 kB
Buffers:           29312 kB
Cached:           175896 kB
MemTotal:        1844596 kB
MemFree:         1463708 kB
MemAvailable:    1535196 kB
Buffers:           29312 kB
Cached:           175896 kB
MemTotal:        1844596 kB
MemFree:         1463460 kB
MemAvailable:    1534948 kB
Buffers:           29312 kB
Cached:           175896 kB
MemTotal:        1844596 kB
MemFree:         1464072 kB
MemAvailable:    1535560 kB
Buffers:           29312 kB
Cached:           175896 kB
MemTotal:        1844596 kB
MemFree:         1464072 kB
MemAvailable:    1535560 kB
Buffers:           29312 kB
Cached:           175896 kB
MemTotal:        1844596 kB
MemFree:         1462344 kB
MemAvailable:    1533832 kB
Buffers:           29312 kB
Cached:           175896 kB
MemTotal:        1844596 kB
MemFree:         1462600 kB
MemAvailable:    1534088 kB
Buffers:           29312 kB
Cached:           175896 kB
MemTotal:        1844596 kB
MemFree:         1463272 kB
MemAvailable:    1534760 kB
Buffers:           29312 kB
Cached:           175896 kB
MemTotal:        1844596 kB
MemFree:         1462228 kB
MemAvailable:    1533716 kB
Buffers:           29312 kB
Cached:           175896 kB
MemTotal:        1844596 kB
MemFree:         1462460 kB
MemAvailable:    1533948 kB
Buffers:           29312 kB
Cached:           175896 kB
MemTotal:        1844596 kB
MemFree:         1462712 kB
MemAvailable:    1534200 kB
Buffers:           29312 kB
Cached:           175896 kB
MemTotal:        1844596 kB
MemFree:         1460484 kB
MemAvailable:    1531972 kB
Buffers:           29312 kB
Cached:           175896 kB
MemTotal:        1844596 kB
MemFree:         1460484 kB
MemAvailable:    1531972 kB
Buffers:           29312 kB
Cached:           175896 kB
MemTotal:        1844596 kB
MemFree:         1461592 kB
MemAvailable:    1533080 kB
Buffers:           29312 kB
Cached:           175896 kB
MemTotal:        1844596 kB
MemFree:         1461592 kB
MemAvailable:    1533080 kB
Buffers:           29312 kB
Cached:           175896 kB
MemTotal:        1844596 kB
MemFree:         1461288 kB
MemAvailable:    1532776 kB
Buffers:           29312 kB
Cached:           175896 kB
MemTotal:        1844596 kB
MemFree:         1461624 kB
MemAvailable:    1533112 kB
Buffers:           29312 kB
Cached:           175896 kB
MemTotal:        1844596 kB
MemFree:         1461156 kB
MemAvailable:    1532644 kB
Buffers:           29312 kB
Cached:           175896 kB
MemTotal:        1844596 kB
MemFree:         1461492 kB
MemAvailable:    1532980 kB
Buffers:           29312 kB
Cached:           175896 kB
MemTotal:        1844596 kB
MemFree:         1460092 kB
MemAvailable:    1531580 kB
Buffers:           29312 kB
Cached:           175896 kB
MemTotal:        1844596 kB
MemFree:         1461208 kB
MemAvailable:    1532696 kB
Buffers:           29312 kB
Cached:           175896 kB
MemTotal:        1844596 kB
MemFree:         1459996 kB
MemAvailable:    1531484 kB
Buffers:           29312 kB
Cached:           175896 kB
MemTotal:        1844596 kB
MemFree:         1460244 kB
MemAvailable:    1531732 kB
Buffers:           29312 kB
Cached:           175896 kB
MemTotal:        1844596 kB
MemFree:         1460848 kB
MemAvailable:    1532336 kB
Buffers:           29312 kB
Cached:           175896 kB
MemTotal:        1844596 kB
MemFree:         1460848 kB
MemAvailable:    1532336 kB
Buffers:           29312 kB
Cached:           175896 kB
MemTotal:        1844596 kB
MemFree:         1457144 kB
MemAvailable:    1528632 kB
Buffers:           29312 kB
Cached:           175896 kB
MemTotal:        1844596 kB
MemFree:         1453672 kB
MemAvailable:    1525160 kB
Buffers:           29312 kB
Cached:           175896 kB
MemTotal:        1844596 kB
MemFree:         1454160 kB
MemAvailable:    1525648 kB
Buffers:           29312 kB
Cached:           176020 kB
MemTotal:        1844596 kB
MemFree:         1453772 kB
MemAvailable:    1525512 kB
Buffers:           29312 kB
Cached:           176144 kB
MemTotal:        1844596 kB
MemFree:         1453608 kB
MemAvailable:    1525348 kB
Buffers:           29312 kB
Cached:           176144 kB
MemTotal:        1844596 kB
MemFree:         1453500 kB
MemAvailable:    1525408 kB
Buffers:           29312 kB
Cached:           176268 kB
MemTotal:        1844596 kB
MemFree:         1453500 kB
MemAvailable:    1525408 kB
Buffers:           29312 kB
Cached:           176268 kB
MemTotal:        1844596 kB
MemFree:         1453556 kB
MemAvailable:    1525656 kB
Buffers:           29312 kB
Cached:           176556 kB
MemTotal:        1844596 kB
MemFree:         1452268 kB
MemAvailable:    1524368 kB
Buffers:           29312 kB
Cached:           176556 kB
MemTotal:        1844596 kB
MemFree:         1452136 kB
MemAvailable:    1524236 kB
Buffers:           29312 kB
Cached:           176556 kB
MemTotal:        1844596 kB
MemFree:         1452136 kB
MemAvailable:    1524236 kB
Buffers:           29312 kB
Cached:           176556 kB
MemTotal:        1844596 kB
MemFree:         1453112 kB
MemAvailable:    1525212 kB
Buffers:           29312 kB
Cached:           176556 kB
MemTotal:        1844596 kB
MemFree:         1453280 kB
MemAvailable:    1525380 kB
Buffers:           29312 kB
Cached:           176556 kB
MemTotal:        1844596 kB
MemFree:         1453112 kB
MemAvailable:    1525212 kB
Buffers:           29312 kB
Cached:           176556 kB
MemTotal:        1844596 kB
MemFree:         1453280 kB
MemAvailable:    1525380 kB
Buffers:           29312 kB
Cached:           176556 kB
MemTotal:        1844596 kB
MemFree:         1453280 kB
MemAvailable:    1525464 kB
Buffers:           29312 kB
Cached:           176680 kB
MemTotal:        1844596 kB
MemFree:         1453280 kB
MemAvailable:    1525464 kB
Buffers:           29312 kB
Cached:           176680 kB
MemTotal:        1844596 kB
MemFree:         1522276 kB
MemAvailable:    1593788 kB
Buffers:           29312 kB
Cached:           176008 kB
