MemTotal:        1844596 kB
MemFree:         1511692 kB
MemAvailable:    1569868 kB
Buffers:           27724 kB
Cached:           163040 kB
MemTotal:        1844596 kB
MemFree:         1511640 kB
MemAvailable:    1569816 kB
Buffers:           27724 kB
Cached:           163040 kB
MemTotal:        1844596 kB
MemFree:         1509260 kB
MemAvailable:    1567436 kB
Buffers:           27724 kB
Cached:           163040 kB
MemTotal:        1844596 kB
MemFree:         1509344 kB
MemAvailable:    1567520 kB
Buffers:           27724 kB
Cached:           163040 kB
MemTotal:        1844596 kB
MemFree:         1507052 kB
MemAvailable:    1565228 kB
Buffers:           27724 kB
Cached:           163040 kB
MemTotal:        1844596 kB
MemFree:         1508204 kB
MemAvailable:    1566380 kB
Buffers:           27724 kB
Cached:           163040 kB
MemTotal:        1844596 kB
MemFree:         1506308 kB
MemAvailable:    1564484 kB
Buffers:           27724 kB
Cached:           163040 kB
MemTotal:        1844596 kB
MemFree:         1505004 kB
MemAvailable:    1563180 kB
Buffers:           27724 kB
Cached:           163040 kB
MemTotal:        1844596 kB
MemFree:         1501456 kB
MemAvailable:    1559632 kB
Buffers:           27724 kB
Cached:           163040 kB
MemTotal:        1844596 kB
MemFree:         1501668 kB
MemAvailable:    1559844 kB
Buffers:           27724 kB
Cached:           163040 kB
MemTotal:        1844596 kB
MemFree:         1495760 kB
MemAvailable:    1553936 kB
Buffers:           27724 kB
Cached:           163040 kB
MemTotal:        1844596 kB
MemFree:         1498112 kB
MemAvailable:    1556288 kB
Buffers:           27724 kB
Cached:           163040 kB
MemTotal:        1844596 kB
MemFree:         1497920 kB
MemAvailable:    1556096 kB
Buffers:           27724 kB
Cached:           163040 kB
MemTotal:        1844596 kB
MemFree:         1498108 kB
MemAvailable:    1556284 kB
Buffers:           27724 kB
Cached:           163040 kB
MemTotal:        1844596 kB
MemFree:         1498444 kB
MemAvailable:    1556620 kB
Buffers:           27724 kB
Cached:           163040 kB
MemTotal:        1844596 kB
MemFree:         1497836 kB
MemAvailable:    1556012 kB
Buffers:           27724 kB
Cached:           163040 kB
MemTotal:        1844596 kB
MemFree:         1497812 kB
MemAvailable:    1555988 kB
Buffers:           27724 kB
Cached:           163040 kB
MemTotal:        1844596 kB
MemFree:         1496860 kB
MemAvailable:    1555036 kB
Buffers:           27724 kB
Cached:           163040 kB
MemTotal:        1844596 kB
MemFree:         1496860 kB
MemAvailable:    1555036 kB
Buffers:           27724 kB
Cached:           163040 kB
MemTotal:        1844596 kB
MemFree:         1496076 kB
MemAvailable:    1554252 kB
Buffers:           27724 kB
Cached:           163040 kB
MemTotal:        1844596 kB
MemFree:         1494644 kB
MemAvailable:    1552820 kB
Buffers:           27724 kB
Cached:           163040 kB
MemTotal:        1844596 kB
MemFree:         1495264 kB
MemAvailable:    1553440 kB
Buffers:           27724 kB
Cached:           163040 kB
MemTotal:        1844596 kB
MemFree:         1495476 kB
MemAvailable:    1553652 kB
Buffers:           27724 kB
Cached:           163040 kB
MemTotal:        1844596 kB
MemFree:         1495644 kB
MemAvailable:    1553820 kB
Buffers:           27724 kB
Cached:           163040 kB
MemTotal:        1844596 kB
MemFree:         1495968 kB
MemAvailable:    1554144 kB
Buffers:           27724 kB
Cached:           163040 kB
MemTotal:        1844596 kB
MemFree:         1495768 kB
MemAvailable:    1553944 kB
Buffers:           27724 kB
Cached:           163040 kB
MemTotal:        1844596 kB
MemFree:         1495024 kB
MemAvailable:    1553200 kB
Buffers:           27724 kB
Cached:           163040 kB
MemTotal:        1844596 kB
MemFree:         1495708 kB
MemAvailable:    1553884 kB
Buffers:           27724 kB
Cached:           163040 kB
MemTotal:        1844596 kB
MemFree:         1495708 kB
MemAvailable:    1553884 kB
Buffers:           27724 kB
Cached:           163040 kB
MemTotal:        1844596 kB
MemFree:         1497112 kB
MemAvailable:    1555288 kB
Buffers:           27724 kB
Cached:           163040 kB
MemTotal:        1844596 kB
MemFree:         1497028 kB
MemAvailable:    1555204 kB
Buffers:           27724 kB
Cached:           163040 kB
MemTotal:        1844596 kB
MemFree:         1495752 kB
MemAvailable:    1553928 kB
Buffers:           27724 kB
Cached:           163040 kB
MemTotal:        1844596 kB
MemFree:         1495964 kB
MemAvailable:    1554140 kB
Buffers:           27724 kB
Cached:           163040 kB
MemTotal:        1844596 kB
MemFree:         1492296 kB
MemAvailable:    1550472 kB
Buffers:           27724 kB
Cached:           163040 kB
MemTotal:        1844596 kB
MemFree:         1492412 kB
MemAvailable:    1550588 kB
Buffers:           27724 kB
Cached:           163040 kB
MemTotal:        1844596 kB
MemFree:         1493224 kB
MemAvailable:    1551412 kB
Buffers:           27724 kB
Cached:           163052 kB
MemTotal:        1844596 kB
MemFree:         1491676 kB
MemAvailable:    1549864 kB
Buffers:           27724 kB
Cached:           163052 kB
MemTotal:        1844596 kB
MemFree:         1492584 kB
MemAvailable:    1550772 kB
Buffers:           27724 kB
Cached:           163052 kB
MemTotal:        1844596 kB
MemFree:         1492400 kB
MemAvailable:    1550588 kB
Buffers:           27724 kB
Cached:           163052 kB
MemTotal:        1844596 kB
MemFree:         1491860 kB
MemAvailable:    1550048 kB
Buffers:           27724 kB
Cached:           163052 kB
MemTotal:        1844596 kB
MemFree:         1491668 kB
MemAvailable:    1549856 kB
Buffers:           27724 kB
Cached:           163052 kB
MemTotal:        1844596 kB
MemFree:         1491660 kB
MemAvailable:    1549848 kB
Buffers:           27724 kB
Cached:           163052 kB
MemTotal:        1844596 kB
MemFree:         1491536 kB
MemAvailable:    1549732 kB
Buffers:           27724 kB
Cached:           163060 kB
MemTotal:        1844596 kB
MemFree:         1491536 kB
MemAvailable:    1549732 kB
Buffers:           27724 kB
Cached:           163060 kB
MemTotal:        1844596 kB
MemFree:         1491552 kB
MemAvailable:    1549748 kB
Buffers:           27724 kB
Cached:           163060 kB
MemTotal:        1844596 kB
MemFree:         1490684 kB
MemAvailable:    1548880 kB
Buffers:           27724 kB
Cached:           163060 kB
MemTotal:        1844596 kB
MemFree:         1491372 kB
MemAvailable:    1549568 kB
Buffers:           27724 kB
Cached:           163060 kB
MemTotal:        1844596 kB
MemFree:         1491176 kB
MemAvailable:    1549372 kB
Buffers:           27724 kB
Cached:           163060 kB
MemTotal:        1844596 kB
MemFree:         1491232 kB
MemAvailable:    1549428 kB
Buffers:           27724 kB
Cached:           163060 kB
MemTotal:        1844596 kB
MemFree:         1490932 kB
MemAvailable:    1549128 kB
Buffers:           27724 kB
Cached:           163060 kB
MemTotal:        1844596 kB
MemFree:         1489692 kB
MemAvailable:    1547888 kB
Buffers:           27724 kB
Cached:           163060 kB
MemTotal:        1844596 kB
MemFree:         1490668 kB
MemAvailable:    1548864 kB
Buffers:           27724 kB
Cached:           163060 kB
MemTotal:        1844596 kB
MemFree:         1490552 kB
MemAvailable:    1548748 kB
Buffers:           27724 kB
Cached:           163060 kB
MemTotal:        1844596 kB
MemFree:         1490504 kB
MemAvailable:    1548700 kB
Buffers:           27724 kB
Cached:           163060 kB
MemTotal:        1844596 kB
MemFree:         1490364 kB
MemAvailable:    1548560 kB
Buffers:           27724 kB
Cached:           163060 kB
MemTotal:        1844596 kB
MemFree:         1490616 kB
MemAvailable:    1548812 kB
Buffers:           27724 kB
Cached:           163060 kB
MemTotal:        1844596 kB
MemFree:         1490536 kB
MemAvailable:    1548732 kB
Buffers:           27724 kB
Cached:           163060 kB
MemTotal:        1844596 kB
MemFree:         1489808 kB
MemAvailable:    1548004 kB
Buffers:           27724 kB
Cached:           163060 kB
MemTotal:        1844596 kB
MemFree:         1490624 kB
MemAvailable:    1548820 kB
Buffers:           27724 kB
Cached:           163060 kB
MemTotal:        1844596 kB
MemFree:         1490704 kB
MemAvailable:    1548900 kB
Buffers:           27724 kB
Cached:           163060 kB
MemTotal:        1844596 kB
MemFree:         1489816 kB
MemAvailable:    1548012 kB
Buffers:           27724 kB
Cached:           163060 kB
MemTotal:        1844596 kB
MemFree:         1490664 kB
MemAvailable:    1548860 kB
Buffers:           27724 kB
Cached:           163060 kB
MemTotal:        1844596 kB
MemFree:         1490608 kB
MemAvailable:    1548804 kB
Buffers:           27724 kB
Cached:           163060 kB
MemTotal:        1844596 kB
MemFree:         1490496 kB
MemAvailable:    1548692 kB
Buffers:           27724 kB
Cached:           163060 kB
MemTotal:        1844596 kB
MemFree:         1490240 kB
MemAvailable:    1548436 kB
Buffers:           27724 kB
Cached:           163060 kB
MemTotal:        1844596 kB
MemFree:         1489196 kB
MemAvailable:    1547392 kB
Buffers:           27724 kB
Cached:           163060 kB
MemTotal:        1844596 kB
MemFree:         1489620 kB
MemAvailable:    1547816 kB
Buffers:           27724 kB
Cached:           163060 kB
MemTotal:        1844596 kB
MemFree:         1489872 kB
MemAvailable:    1548068 kB
Buffers:           27724 kB
Cached:           163060 kB
MemTotal:        1844596 kB
MemFree:         1489864 kB
MemAvailable:    1548060 kB
Buffers:           27724 kB
Cached:           163060 kB
MemTotal:        1844596 kB
MemFree:         1489392 kB
MemAvailable:    1547588 kB
Buffers:           27724 kB
Cached:           163060 kB
MemTotal:        1844596 kB
MemFree:         1489492 kB
MemAvailable:    1547688 kB
Buffers:           27724 kB
Cached:           163060 kB
MemTotal:        1844596 kB
MemFree:         1489748 kB
MemAvailable:    1547944 kB
Buffers:           27724 kB
Cached:           163060 kB
MemTotal:        1844596 kB
MemFree:         1488412 kB
MemAvailable:    1546608 kB
Buffers:           27724 kB
Cached:           163060 kB
MemTotal:        1844596 kB
MemFree:         1488544 kB
MemAvailable:    1546740 kB
Buffers:           27724 kB
Cached:           163060 kB
MemTotal:        1844596 kB
MemFree:         1489472 kB
MemAvailable:    1547668 kB
Buffers:           27724 kB
Cached:           163060 kB
MemTotal:        1844596 kB
MemFree:         1489472 kB
MemAvailable:    1547668 kB
Buffers:           27724 kB
Cached:           163060 kB
MemTotal:        1844596 kB
MemFree:         1489380 kB
MemAvailable:    1547576 kB
Buffers:           27724 kB
Cached:           163060 kB
MemTotal:        1844596 kB
MemFree:         1487940 kB
MemAvailable:    1546136 kB
Buffers:           27724 kB
Cached:           163060 kB
MemTotal:        1844596 kB
MemFree:         1488152 kB
MemAvailable:    1546348 kB
Buffers:           27724 kB
Cached:           163060 kB
MemTotal:        1844596 kB
MemFree:         1483988 kB
MemAvailable:    1542184 kB
Buffers:           27724 kB
Cached:           163060 kB
MemTotal:        1844596 kB
MemFree:         1482312 kB
MemAvailable:    1540508 kB
Buffers:           27724 kB
Cached:           163060 kB
MemTotal:        1844596 kB
MemFree:         1482064 kB
MemAvailable:    1540260 kB
Buffers:           27724 kB
Cached:           163060 kB
MemTotal:        1844596 kB
MemFree:         1482068 kB
MemAvailable:    1540264 kB
Buffers:           27724 kB
Cached:           163060 kB
MemTotal:        1844596 kB
MemFree:         1481684 kB
MemAvailable:    1539880 kB
Buffers:           27724 kB
Cached:           163060 kB
MemTotal:        1844596 kB
MemFree:         1480252 kB
MemAvailable:    1538448 kB
Buffers:           27724 kB
Cached:           163060 kB
MemTotal:        1844596 kB
MemFree:         1481552 kB
MemAvailable:    1539748 kB
Buffers:           27724 kB
Cached:           163060 kB
MemTotal:        1844596 kB
MemFree:         1481552 kB
MemAvailable:    1539748 kB
Buffers:           27724 kB
Cached:           163060 kB
MemTotal:        1844596 kB
MemFree:         1481476 kB
MemAvailable:    1539672 kB
Buffers:           27724 kB
Cached:           163060 kB
MemTotal:        1844596 kB
MemFree:         1481644 kB
MemAvailable:    1539840 kB
Buffers:           27724 kB
Cached:           163060 kB
MemTotal:        1844596 kB
MemFree:         1481460 kB
MemAvailable:    1539656 kB
Buffers:           27724 kB
Cached:           163060 kB
MemTotal:        1844596 kB
MemFree:         1481628 kB
MemAvailable:    1539824 kB
Buffers:           27724 kB
Cached:           163060 kB
MemTotal:        1844596 kB
MemFree:         1481784 kB
MemAvailable:    1539980 kB
Buffers:           27724 kB
Cached:           163060 kB
MemTotal:        1844596 kB
MemFree:         1481612 kB
MemAvailable:    1539808 kB
Buffers:           27724 kB
Cached:           163060 kB
MemTotal:        1844596 kB
MemFree:         1480888 kB
MemAvailable:    1539084 kB
Buffers:           27724 kB
Cached:           163060 kB
MemTotal:        1844596 kB
MemFree:         1481680 kB
MemAvailable:    1539876 kB
Buffers:           27724 kB
Cached:           163060 kB
MemTotal:        1844596 kB
MemFree:         1481568 kB
MemAvailable:    1539764 kB
Buffers:           27724 kB
Cached:           163060 kB
MemTotal:        1844596 kB
MemFree:         1480344 kB
MemAvailable:    1538540 kB
Buffers:           27724 kB
Cached:           163060 kB
MemTotal:        1844596 kB
MemFree:         1481260 kB
MemAvailable:    1539456 kB
Buffers:           27724 kB
Cached:           163060 kB
MemTotal:        1844596 kB
MemFree:         1480700 kB
MemAvailable:    1538896 kB
Buffers:           27724 kB
Cached:           163060 kB
MemTotal:        1844596 kB
MemFree:         1480764 kB
MemAvailable:    1538960 kB
Buffers:           27724 kB
Cached:           163060 kB
MemTotal:        1844596 kB
MemFree:         1480128 kB
MemAvailable:    1538324 kB
Buffers:           27724 kB
Cached:           163060 kB
MemTotal:        1844596 kB
MemFree:         1479400 kB
MemAvailable:    1537596 kB
Buffers:           27724 kB
Cached:           163060 kB
MemTotal:        1844596 kB
MemFree:         1478632 kB
MemAvailable:    1536828 kB
Buffers:           27724 kB
Cached:           163060 kB
MemTotal:        1844596 kB
MemFree:         1478964 kB
MemAvailable:    1537160 kB
Buffers:           27724 kB
Cached:           163060 kB
MemTotal:        1844596 kB
MemFree:         1477656 kB
MemAvailable:    1535852 kB
Buffers:           27724 kB
Cached:           163060 kB
MemTotal:        1844596 kB
MemFree:         1477912 kB
MemAvailable:    1536108 kB
Buffers:           27724 kB
Cached:           163060 kB
MemTotal:        1844596 kB
MemFree:         1478268 kB
MemAvailable:    1536464 kB
Buffers:           27724 kB
Cached:           163060 kB
MemTotal:        1844596 kB
MemFree:         1478468 kB
MemAvailable:    1536664 kB
Buffers:           27724 kB
Cached:           163060 kB
MemTotal:        1844596 kB
MemFree:         1478088 kB
MemAvailable:    1536284 kB
Buffers:           27724 kB
Cached:           163060 kB
MemTotal:        1844596 kB
MemFree:         1477292 kB
MemAvailable:    1535488 kB
Buffers:           27724 kB
Cached:           163060 kB
MemTotal:        1844596 kB
MemFree:         1477716 kB
MemAvailable:    1535912 kB
Buffers:           27724 kB
Cached:           163060 kB
MemTotal:        1844596 kB
MemFree:         1477884 kB
MemAvailable:    1536080 kB
Buffers:           27724 kB
Cached:           163060 kB
MemTotal:        1844596 kB
MemFree:         1478004 kB
MemAvailable:    1536200 kB
Buffers:           27724 kB
Cached:           163060 kB
MemTotal:        1844596 kB
MemFree:         1476528 kB
MemAvailable:    1534724 kB
Buffers:           27724 kB
Cached:           163060 kB
MemTotal:        1844596 kB
MemFree:         1476912 kB
MemAvailable:    1535108 kB
Buffers:           27724 kB
Cached:           163060 kB
MemTotal:        1844596 kB
MemFree:         1478036 kB
MemAvailable:    1536240 kB
Buffers:           27724 kB
Cached:           163068 kB
MemTotal:        1844596 kB
MemFree:         1477292 kB
MemAvailable:    1535496 kB
Buffers:           27724 kB
Cached:           163068 kB
MemTotal:        1844596 kB
MemFree:         1477504 kB
MemAvailable:    1535708 kB
Buffers:           27724 kB
Cached:           163068 kB
MemTotal:        1844596 kB
MemFree:         1477672 kB
MemAvailable:    1535876 kB
Buffers:           27724 kB
Cached:           163068 kB
MemTotal:        1844596 kB
MemFree:         1476424 kB
MemAvailable:    1534628 kB
Buffers:           27724 kB
Cached:           163068 kB
MemTotal:        1844596 kB
MemFree:         1477344 kB
MemAvailable:    1535548 kB
Buffers:           27724 kB
Cached:           163068 kB
MemTotal:        1844596 kB
MemFree:         1476300 kB
MemAvailable:    1534504 kB
Buffers:           27724 kB
Cached:           163068 kB
MemTotal:        1844596 kB
MemFree:         1476924 kB
MemAvailable:    1535128 kB
Buffers:           27724 kB
Cached:           163068 kB
MemTotal:        1844596 kB
MemFree:         1473324 kB
MemAvailable:    1531528 kB
Buffers:           27724 kB
Cached:           163068 kB
MemTotal:        1844596 kB
MemFree:         1467736 kB
MemAvailable:    1525940 kB
Buffers:           27724 kB
Cached:           163068 kB
MemTotal:        1844596 kB
MemFree:         1467496 kB
MemAvailable:    1525704 kB
Buffers:           27724 kB
Cached:           163072 kB
MemTotal:        1844596 kB
MemFree:         1468604 kB
MemAvailable:    1527064 kB
Buffers:           27724 kB
Cached:           163320 kB
MemTotal:        1844596 kB
MemFree:         1468548 kB
MemAvailable:    1526924 kB
Buffers:           27724 kB
Cached:           163196 kB
MemTotal:        1844596 kB
MemFree:         1468100 kB
MemAvailable:    1526752 kB
Buffers:           27724 kB
Cached:           163484 kB
MemTotal:        1844596 kB
MemFree:         1468436 kB
MemAvailable:    1527088 kB
Buffers:           27724 kB
Cached:           163484 kB
MemTotal:        1844596 kB
MemFree:         1468052 kB
MemAvailable:    1526872 kB
Buffers:           27724 kB
Cached:           163732 kB
MemTotal:        1844596 kB
MemFree:         1466876 kB
MemAvailable:    1525696 kB
Buffers:           27724 kB
Cached:           163732 kB
MemTotal:        1844596 kB
MemFree:         1467916 kB
MemAvailable:    1526736 kB
Buffers:           27724 kB
Cached:           163732 kB
MemTotal:        1844596 kB
MemFree:         1467660 kB
MemAvailable:    1526480 kB
Buffers:           27724 kB
Cached:           163732 kB
MemTotal:        1844596 kB
MemFree:         1467800 kB
MemAvailable:    1526620 kB
Buffers:           27724 kB
Cached:           163732 kB
MemTotal:        1844596 kB
MemFree:         1466472 kB
MemAvailable:    1525292 kB
Buffers:           27724 kB
Cached:           163732 kB
MemTotal:        1844596 kB
MemFree:         1467532 kB
MemAvailable:    1526352 kB
Buffers:           27724 kB
Cached:           163732 kB
MemTotal:        1844596 kB
MemFree:         1467868 kB
MemAvailable:    1526688 kB
Buffers:           27724 kB
Cached:           163732 kB
MemTotal:        1844596 kB
MemFree:         1467884 kB
MemAvailable:    1526704 kB
Buffers:           27724 kB
Cached:           163732 kB
MemTotal:        1844596 kB
MemFree:         1466416 kB
MemAvailable:    1525320 kB
Buffers:           27724 kB
Cached:           163856 kB
MemTotal:        1844596 kB
MemFree:         1537352 kB
MemAvailable:    1595584 kB
Buffers:           27724 kB
Cached:           163184 kB
MemTotal:        1844596 kB
MemFree:         1538616 kB
MemAvailable:    1596848 kB
Buffers:           27724 kB
Cached:           163184 kB
