MemTotal:        1844596 kB
MemFree:         1370880 kB
MemAvailable:    1561920 kB
Buffers:           45104 kB
Cached:           275176 kB
MemTotal:        1844596 kB
MemFree:         1368004 kB
MemAvailable:    1559044 kB
Buffers:           45104 kB
Cached:           275176 kB
MemTotal:        1844596 kB
MemFree:         1368088 kB
MemAvailable:    1559128 kB
Buffers:           45104 kB
Cached:           275176 kB
MemTotal:        1844596 kB
MemFree:         1366724 kB
MemAvailable:    1557764 kB
Buffers:           45104 kB
Cached:           275176 kB
MemTotal:        1844596 kB
MemFree:         1364300 kB
MemAvailable:    1555340 kB
Buffers:           45104 kB
Cached:           275176 kB
MemTotal:        1844596 kB
MemFree:         1363540 kB
MemAvailable:    1554580 kB
Buffers:           45104 kB
Cached:           275176 kB
MemTotal:        1844596 kB
MemFree:         1362696 kB
MemAvailable:    1553736 kB
Buffers:           45104 kB
Cached:           275176 kB
MemTotal:        1844596 kB
MemFree:         1363276 kB
MemAvailable:    1554324 kB
Buffers:           45104 kB
Cached:           275184 kB
MemTotal:        1844596 kB
MemFree:         1358976 kB
MemAvailable:    1550024 kB
Buffers:           45104 kB
Cached:           275184 kB
MemTotal:        1844596 kB
MemFree:         1355008 kB
MemAvailable:    1546056 kB
Buffers:           45104 kB
Cached:           275184 kB
MemTotal:        1844596 kB
MemFree:         1355316 kB
MemAvailable:    1546364 kB
Buffers:           45104 kB
Cached:           275184 kB
MemTotal:        1844596 kB
MemFree:         1355564 kB
MemAvailable:    1546612 kB
Buffers:           45104 kB
Cached:           275184 kB
MemTotal:        1844596 kB
MemFree:         1355416 kB
MemAvailable:    1546464 kB
Buffers:           45104 kB
Cached:           275184 kB
MemTotal:        1844596 kB
MemFree:         1354192 kB
MemAvailable:    1545240 kB
Buffers:           45104 kB
Cached:           275184 kB
MemTotal:        1844596 kB
MemFree:         1355160 kB
MemAvailable:    1546208 kB
Buffers:           45104 kB
Cached:           275184 kB
MemTotal:        1844596 kB
MemFree:         1355372 kB
MemAvailable:    1546420 kB
Buffers:           45104 kB
Cached:           275184 kB
MemTotal:        1844596 kB
MemFree:         1355128 kB
MemAvailable:    1546176 kB
Buffers:           45104 kB
Cached:           275184 kB
MemTotal:        1844596 kB
MemFree:         1353644 kB
MemAvailable:    1544692 kB
Buffers:           45104 kB
Cached:           275184 kB
MemTotal:        1844596 kB
MemFree:         1352528 kB
MemAvailable:    1543576 kB
Buffers:           45104 kB
Cached:           275184 kB
MemTotal:        1844596 kB
MemFree:         1353592 kB
MemAvailable:    1544640 kB
Buffers:           45104 kB
Cached:           275184 kB
MemTotal:        1844596 kB
MemFree:         1353000 kB
MemAvailable:    1544048 kB
Buffers:           45104 kB
Cached:           275184 kB
MemTotal:        1844596 kB
MemFree:         1353252 kB
MemAvailable:    1544300 kB
Buffers:           45104 kB
Cached:           275184 kB
MemTotal:        1844596 kB
MemFree:         1351644 kB
MemAvailable:    1542692 kB
Buffers:           45104 kB
Cached:           275184 kB
MemTotal:        1844596 kB
MemFree:         1352864 kB
MemAvailable:    1543912 kB
Buffers:           45104 kB
Cached:           275184 kB
MemTotal:        1844596 kB
MemFree:         1352864 kB
MemAvailable:    1543912 kB
Buffers:           45104 kB
Cached:           275184 kB
MemTotal:        1844596 kB
MemFree:         1351504 kB
MemAvailable:    1542552 kB
Buffers:           45104 kB
Cached:           275184 kB
MemTotal:        1844596 kB
MemFree:         1352812 kB
MemAvailable:    1543860 kB
Buffers:           45104 kB
Cached:           275184 kB
MemTotal:        1844596 kB
MemFree:         1353064 kB
MemAvailable:    1544112 kB
Buffers:           45104 kB
Cached:           275184 kB
MemTotal:        1844596 kB
MemFree:         1354324 kB
MemAvailable:    1545372 kB
Buffers:           45104 kB
Cached:           275184 kB
MemTotal:        1844596 kB
MemFree:         1354492 kB
MemAvailable:    1545540 kB
Buffers:           45104 kB
Cached:           275184 kB
MemTotal:        1844596 kB
MemFree:         1352132 kB
MemAvailable:    1543180 kB
Buffers:           45104 kB
Cached:           275184 kB
MemTotal:        1844596 kB
MemFree:         1352220 kB
MemAvailable:    1543268 kB
Buffers:           45104 kB
Cached:           275184 kB
MemTotal:        1844596 kB
MemFree:         1350520 kB
MemAvailable:    1541568 kB
Buffers:           45104 kB
Cached:           275184 kB
MemTotal:        1844596 kB
MemFree:         1350520 kB
MemAvailable:    1541568 kB
Buffers:           45104 kB
Cached:           275184 kB
MemTotal:        1844596 kB
MemFree:         1348560 kB
MemAvailable:    1539608 kB
Buffers:           45104 kB
Cached:           275184 kB
MemTotal:        1844596 kB
MemFree:         1348924 kB
MemAvailable:    1539972 kB
Buffers:           45104 kB
Cached:           275184 kB
MemTotal:        1844596 kB
MemFree:         1348248 kB
MemAvailable:    1539296 kB
Buffers:           45104 kB
Cached:           275184 kB
MemTotal:        1844596 kB
MemFree:         1348916 kB
MemAvailable:    1539964 kB
Buffers:           45104 kB
Cached:           275184 kB
MemTotal:        1844596 kB
MemFree:         1348684 kB
MemAvailable:    1539732 kB
Buffers:           45104 kB
Cached:           275184 kB
MemTotal:        1844596 kB
MemFree:         1348856 kB
MemAvailable:    1539904 kB
Buffers:           45104 kB
Cached:           275184 kB
MemTotal:        1844596 kB
MemFree:         1348744 kB
MemAvailable:    1539792 kB
Buffers:           45104 kB
Cached:           275184 kB
MemTotal:        1844596 kB
MemFree:         1348544 kB
MemAvailable:    1539596 kB
Buffers:           45104 kB
Cached:           275188 kB
MemTotal:        1844596 kB
MemFree:         1348796 kB
MemAvailable:    1539848 kB
Buffers:           45104 kB
Cached:           275188 kB
MemTotal:        1844596 kB
MemFree:         1347520 kB
MemAvailable:    1538572 kB
Buffers:           45104 kB
Cached:           275188 kB
MemTotal:        1844596 kB
MemFree:         1348620 kB
MemAvailable:    1539672 kB
Buffers:           45104 kB
Cached:           275188 kB
MemTotal:        1844596 kB
MemFree:         1348248 kB
MemAvailable:    1539300 kB
Buffers:           45104 kB
Cached:           275188 kB
MemTotal:        1844596 kB
MemFree:         1346876 kB
MemAvailable:    1537928 kB
Buffers:           45104 kB
Cached:           275188 kB
MemTotal:        1844596 kB
MemFree:         1347536 kB
MemAvailable:    1538588 kB
Buffers:           45104 kB
Cached:           275188 kB
MemTotal:        1844596 kB
MemFree:         1347552 kB
MemAvailable:    1538604 kB
Buffers:           45104 kB
Cached:           275188 kB
MemTotal:        1844596 kB
MemFree:         1347688 kB
MemAvailable:    1538740 kB
Buffers:           45104 kB
Cached:           275188 kB
MemTotal:        1844596 kB
MemFree:         1347628 kB
MemAvailable:    1538680 kB
Buffers:           45104 kB
Cached:           275188 kB
MemTotal:        1844596 kB
MemFree:         1347772 kB
MemAvailable:    1538824 kB
Buffers:           45104 kB
Cached:           275188 kB
MemTotal:        1844596 kB
MemFree:         1347808 kB
MemAvailable:    1538860 kB
Buffers:           45104 kB
Cached:           275188 kB
MemTotal:        1844596 kB
MemFree:         1347688 kB
MemAvailable:    1538740 kB
Buffers:           45104 kB
Cached:           275188 kB
MemTotal:        1844596 kB
MemFree:         1347780 kB
MemAvailable:    1538832 kB
Buffers:           45104 kB
Cached:           275188 kB
MemTotal:        1844596 kB
MemFree:         1346912 kB
MemAvailable:    1537964 kB
Buffers:           45104 kB
Cached:           275188 kB
MemTotal:        1844596 kB
MemFree:         1346500 kB
MemAvailable:    1537552 kB
Buffers:           45104 kB
Cached:           275188 kB
MemTotal:        1844596 kB
MemFree:         1347628 kB
MemAvailable:    1538680 kB
Buffers:           45104 kB
Cached:           275188 kB
MemTotal:        1844596 kB
MemFree:         1347628 kB
MemAvailable:    1538680 kB
Buffers:           45104 kB
Cached:           275188 kB
MemTotal:        1844596 kB
MemFree:         1346056 kB
MemAvailable:    1537108 kB
Buffers:           45104 kB
Cached:           275188 kB
MemTotal:        1844596 kB
MemFree:         1346048 kB
MemAvailable:    1537100 kB
Buffers:           45104 kB
Cached:           275188 kB
MemTotal:        1844596 kB
MemFree:         1347172 kB
MemAvailable:    1538224 kB
Buffers:           45104 kB
Cached:           275188 kB
MemTotal:        1844596 kB
MemFree:         1347172 kB
MemAvailable:    1538224 kB
Buffers:           45104 kB
Cached:           275188 kB
MemTotal:        1844596 kB
MemFree:         1346784 kB
MemAvailable:    1537836 kB
Buffers:           45104 kB
Cached:           275188 kB
MemTotal:        1844596 kB
MemFree:         1347036 kB
MemAvailable:    1538088 kB
Buffers:           45104 kB
Cached:           275188 kB
MemTotal:        1844596 kB
MemFree:         1345800 kB
MemAvailable:    1536852 kB
Buffers:           45104 kB
Cached:           275188 kB
MemTotal:        1844596 kB
MemFree:         1345544 kB
MemAvailable:    1536596 kB
Buffers:           45104 kB
Cached:           275188 kB
MemTotal:        1844596 kB
MemFree:         1346852 kB
MemAvailable:    1537904 kB
Buffers:           45104 kB
Cached:           275188 kB
MemTotal:        1844596 kB
MemFree:         1346764 kB
MemAvailable:    1537816 kB
Buffers:           45104 kB
Cached:           275188 kB
MemTotal:        1844596 kB
MemFree:         1347016 kB
MemAvailable:    1538068 kB
Buffers:           45104 kB
Cached:           275188 kB
MemTotal:        1844596 kB
MemFree:         1346820 kB
MemAvailable:    1537872 kB
Buffers:           45104 kB
Cached:           275188 kB
MemTotal:        1844596 kB
MemFree:         1345556 kB
MemAvailable:    1536608 kB
Buffers:           45104 kB
Cached:           275188 kB
MemTotal:        1844596 kB
MemFree:         1345812 kB
MemAvailable:    1536864 kB
Buffers:           45104 kB
Cached:           275188 kB
MemTotal:        1844596 kB
MemFree:         1343600 kB
MemAvailable:    1534652 kB
Buffers:           45104 kB
Cached:           275188 kB
MemTotal:        1844596 kB
MemFree:         1341228 kB
MemAvailable:    1532284 kB
Buffers:           45104 kB
Cached:           275192 kB
MemTotal:        1844596 kB
MemFree:         1341440 kB
MemAvailable:    1532496 kB
Buffers:           45104 kB
Cached:           275192 kB
MemTotal:        1844596 kB
MemFree:         1338136 kB
MemAvailable:    1529192 kB
Buffers:           45104 kB
Cached:           275192 kB
MemTotal:        1844596 kB
MemFree:         1338864 kB
MemAvailable:    1529920 kB
Buffers:           45104 kB
Cached:           275192 kB
MemTotal:        1844596 kB
MemFree:         1338864 kB
MemAvailable:    1529920 kB
Buffers:           45104 kB
Cached:           275192 kB
MemTotal:        1844596 kB
MemFree:         1338740 kB
MemAvailable:    1529796 kB
Buffers:           45104 kB
Cached:           275192 kB
MemTotal:        1844596 kB
MemFree:         1338992 kB
MemAvailable:    1530048 kB
Buffers:           45104 kB
Cached:           275192 kB
MemTotal:        1844596 kB
MemFree:         1338928 kB
MemAvailable:    1529984 kB
Buffers:           45104 kB
Cached:           275192 kB
MemTotal:        1844596 kB
MemFree:         1338848 kB
MemAvailable:    1529904 kB
Buffers:           45104 kB
Cached:           275192 kB
MemTotal:        1844596 kB
MemFree:         1338848 kB
MemAvailable:    1529904 kB
Buffers:           45104 kB
Cached:           275192 kB
MemTotal:        1844596 kB
MemFree:         1338692 kB
MemAvailable:    1529748 kB
Buffers:           45104 kB
Cached:           275192 kB
MemTotal:        1844596 kB
MemFree:         1338944 kB
MemAvailable:    1530000 kB
Buffers:           45104 kB
Cached:           275192 kB
MemTotal:        1844596 kB
MemFree:         1337584 kB
MemAvailable:    1528640 kB
Buffers:           45104 kB
Cached:           275192 kB
MemTotal:        1844596 kB
MemFree:         1337452 kB
MemAvailable:    1528508 kB
Buffers:           45104 kB
Cached:           275192 kB
MemTotal:        1844596 kB
MemFree:         1337584 kB
MemAvailable:    1528640 kB
Buffers:           45104 kB
Cached:           275192 kB
MemTotal:        1844596 kB
MemFree:         1337612 kB
MemAvailable:    1528668 kB
Buffers:           45104 kB
Cached:           275192 kB
MemTotal:        1844596 kB
MemFree:         1337620 kB
MemAvailable:    1528676 kB
Buffers:           45104 kB
Cached:           275192 kB
MemTotal:        1844596 kB
MemFree:         1338700 kB
MemAvailable:    1529756 kB
Buffers:           45104 kB
Cached:           275192 kB
MemTotal:        1844596 kB
MemFree:         1337648 kB
MemAvailable:    1528704 kB
Buffers:           45104 kB
Cached:           275192 kB
MemTotal:        1844596 kB
MemFree:         1337868 kB
MemAvailable:    1528924 kB
Buffers:           45104 kB
Cached:           275192 kB
MemTotal:        1844596 kB
MemFree:         1338120 kB
MemAvailable:    1529176 kB
Buffers:           45104 kB
Cached:           275192 kB
MemTotal:        1844596 kB
MemFree:         1336144 kB
MemAvailable:    1527200 kB
Buffers:           45104 kB
Cached:           275192 kB
MemTotal:        1844596 kB
MemFree:         1336400 kB
MemAvailable:    1527456 kB
Buffers:           45104 kB
Cached:           275192 kB
MemTotal:        1844596 kB
MemFree:         1337136 kB
MemAvailable:    1528192 kB
Buffers:           45104 kB
Cached:           275192 kB
MemTotal:        1844596 kB
MemFree:         1337388 kB
MemAvailable:    1528444 kB
Buffers:           45104 kB
Cached:           275192 kB
MemTotal:        1844596 kB
MemFree:         1336096 kB
MemAvailable:    1527152 kB
Buffers:           45104 kB
Cached:           275192 kB
MemTotal:        1844596 kB
MemFree:         1335756 kB
MemAvailable:    1526812 kB
Buffers:           45104 kB
Cached:           275192 kB
MemTotal:        1844596 kB
MemFree:         1336092 kB
MemAvailable:    1527148 kB
Buffers:           45104 kB
Cached:           275192 kB
MemTotal:        1844596 kB
MemFree:         1334176 kB
MemAvailable:    1525232 kB
Buffers:           45104 kB
Cached:           275192 kB
MemTotal:        1844596 kB
MemFree:         1335096 kB
MemAvailable:    1526152 kB
Buffers:           45104 kB
Cached:           275192 kB
MemTotal:        1844596 kB
MemFree:         1335236 kB
MemAvailable:    1526292 kB
Buffers:           45104 kB
Cached:           275192 kB
MemTotal:        1844596 kB
MemFree:         1335064 kB
MemAvailable:    1526120 kB
Buffers:           45104 kB
Cached:           275192 kB
MemTotal:        1844596 kB
MemFree:         1333804 kB
MemAvailable:    1524860 kB
Buffers:           45104 kB
Cached:           275192 kB
MemTotal:        1844596 kB
MemFree:         1334980 kB
MemAvailable:    1526036 kB
Buffers:           45104 kB
Cached:           275192 kB
MemTotal:        1844596 kB
MemFree:         1335036 kB
MemAvailable:    1526092 kB
Buffers:           45104 kB
Cached:           275192 kB
MemTotal:        1844596 kB
MemFree:         1334840 kB
MemAvailable:    1525896 kB
Buffers:           45104 kB
Cached:           275192 kB
MemTotal:        1844596 kB
MemFree:         1335092 kB
MemAvailable:    1526148 kB
Buffers:           45104 kB
Cached:           275192 kB
MemTotal:        1844596 kB
MemFree:         1334952 kB
MemAvailable:    1526008 kB
Buffers:           45104 kB
Cached:           275192 kB
MemTotal:        1844596 kB
MemFree:         1334952 kB
MemAvailable:    1526008 kB
Buffers:           45104 kB
Cached:           275192 kB
MemTotal:        1844596 kB
MemFree:         1334484 kB
MemAvailable:    1525540 kB
Buffers:           45104 kB
Cached:           275192 kB
MemTotal:        1844596 kB
MemFree:         1333176 kB
MemAvailable:    1524232 kB
Buffers:           45104 kB
Cached:           275192 kB
MemTotal:        1844596 kB
MemFree:         1330828 kB
MemAvailable:    1521884 kB
Buffers:           45104 kB
Cached:           275192 kB
MemTotal:        1844596 kB
MemFree:         1326364 kB
MemAvailable:    1517424 kB
Buffers:           45104 kB
Cached:           275196 kB
MemTotal:        1844596 kB
MemFree:         1326176 kB
MemAvailable:    1517236 kB
Buffers:           45104 kB
Cached:           275196 kB
MemTotal:        1844596 kB
MemFree:         1325248 kB
MemAvailable:    1516392 kB
Buffers:           45104 kB
Cached:           275320 kB
MemTotal:        1844596 kB
MemFree:         1325856 kB
MemAvailable:    1517168 kB
Buffers:           45104 kB
Cached:           275444 kB
MemTotal:        1844596 kB
MemFree:         1325452 kB
MemAvailable:    1516848 kB
Buffers:           45104 kB
Cached:           275568 kB
MemTotal:        1844596 kB
MemFree:         1325536 kB
MemAvailable:    1516932 kB
Buffers:           45104 kB
Cached:           275568 kB
MemTotal:        1844596 kB
MemFree:         1325472 kB
MemAvailable:    1517120 kB
Buffers:           45104 kB
Cached:           275816 kB
MemTotal:        1844596 kB
MemFree:         1325360 kB
MemAvailable:    1517008 kB
Buffers:           45104 kB
Cached:           275816 kB
MemTotal:        1844596 kB
MemFree:         1324220 kB
MemAvailable:    1515868 kB
Buffers:           45104 kB
Cached:           275816 kB
MemTotal:        1844596 kB
MemFree:         1325272 kB
MemAvailable:    1516920 kB
Buffers:           45104 kB
Cached:           275816 kB
MemTotal:        1844596 kB
MemFree:         1325272 kB
MemAvailable:    1516920 kB
Buffers:           45104 kB
Cached:           275816 kB
MemTotal:        1844596 kB
MemFree:         1325160 kB
MemAvailable:    1516808 kB
Buffers:           45104 kB
Cached:           275816 kB
MemTotal:        1844596 kB
MemFree:         1325308 kB
MemAvailable:    1516956 kB
Buffers:           45104 kB
Cached:           275816 kB
MemTotal:        1844596 kB
MemFree:         1323972 kB
MemAvailable:    1515620 kB
Buffers:           45104 kB
Cached:           275816 kB
MemTotal:        1844596 kB
MemFree:         1325468 kB
MemAvailable:    1517116 kB
Buffers:           45104 kB
Cached:           275816 kB
MemTotal:        1844596 kB
MemFree:         1324512 kB
MemAvailable:    1516244 kB
Buffers:           45104 kB
Cached:           275940 kB
MemTotal:        1844596 kB
MemFree:         1324580 kB
MemAvailable:    1515692 kB
Buffers:           45104 kB
Cached:           275200 kB
MemTotal:        1844596 kB
MemFree:         1395760 kB
MemAvailable:    1586872 kB
Buffers:           45104 kB
Cached:           275200 kB
