MemTotal:        1844596 kB
MemFree:         1346940 kB
MemAvailable:    1559256 kB
Buffers:           47392 kB
Cached:           292288 kB
MemTotal:        1844596 kB
MemFree:         1346224 kB
MemAvailable:    1558548 kB
Buffers:           47392 kB
Cached:           292292 kB
MemTotal:        1844596 kB
MemFree:         1343020 kB
MemAvailable:    1555344 kB
Buffers:           47392 kB
Cached:           292292 kB
MemTotal:        1844596 kB
MemFree:         1342624 kB
MemAvailable:    1554948 kB
Buffers:           47392 kB
Cached:           292292 kB
MemTotal:        1844596 kB
MemFree:         1342832 kB
MemAvailable:    1555156 kB
Buffers:           47392 kB
Cached:           292292 kB
MemTotal:        1844596 kB
MemFree:         1341392 kB
MemAvailable:    1553716 kB
Buffers:           47392 kB
Cached:           292292 kB
MemTotal:        1844596 kB
MemFree:         1339664 kB
MemAvailable:    1551988 kB
Buffers:           47392 kB
Cached:           292292 kB
MemTotal:        1844596 kB
MemFree:         1337688 kB
MemAvailable:    1550012 kB
Buffers:           47392 kB
Cached:           292292 kB
MemTotal:        1844596 kB
MemFree:         1334712 kB
MemAvailable:    1547036 kB
Buffers:           47392 kB
Cached:           292292 kB
MemTotal:        1844596 kB
MemFree:         1331548 kB
MemAvailable:    1543872 kB
Buffers:           47392 kB
Cached:           292292 kB
MemTotal:        1844596 kB
MemFree:         1331332 kB
MemAvailable:    1543656 kB
Buffers:           47392 kB
Cached:           292292 kB
MemTotal:        1844596 kB
MemFree:         1332584 kB
MemAvailable:    1544908 kB
Buffers:           47392 kB
Cached:           292292 kB
MemTotal:        1844596 kB
MemFree:         1331488 kB
MemAvailable:    1543812 kB
Buffers:           47392 kB
Cached:           292292 kB
MemTotal:        1844596 kB
MemFree:         1332708 kB
MemAvailable:    1545032 kB
Buffers:           47392 kB
Cached:           292292 kB
MemTotal:        1844596 kB
MemFree:         1331736 kB
MemAvailable:    1544060 kB
Buffers:           47392 kB
Cached:           292292 kB
MemTotal:        1844596 kB
MemFree:         1332236 kB
MemAvailable:    1544560 kB
Buffers:           47392 kB
Cached:           292292 kB
MemTotal:        1844596 kB
MemFree:         1331980 kB
MemAvailable:    1544304 kB
Buffers:           47392 kB
Cached:           292292 kB
MemTotal:        1844596 kB
MemFree:         1330604 kB
MemAvailable:    1542928 kB
Buffers:           47392 kB
Cached:           292292 kB
MemTotal:        1844596 kB
MemFree:         1330480 kB
MemAvailable:    1542804 kB
Buffers:           47392 kB
Cached:           292292 kB
MemTotal:        1844596 kB
MemFree:         1330364 kB
MemAvailable:    1542688 kB
Buffers:           47392 kB
Cached:           292292 kB
MemTotal:        1844596 kB
MemFree:         1330280 kB
MemAvailable:    1542604 kB
Buffers:           47392 kB
Cached:           292292 kB
MemTotal:        1844596 kB
MemFree:         1330280 kB
MemAvailable:    1542604 kB
Buffers:           47392 kB
Cached:           292292 kB
MemTotal:        1844596 kB
MemFree:         1330084 kB
MemAvailable:    1542408 kB
Buffers:           47392 kB
Cached:           292292 kB
MemTotal:        1844596 kB
MemFree:         1329952 kB
MemAvailable:    1542276 kB
Buffers:           47392 kB
Cached:           292292 kB
MemTotal:        1844596 kB
MemFree:         1330304 kB
MemAvailable:    1542628 kB
Buffers:           47392 kB
Cached:           292292 kB
MemTotal:        1844596 kB
MemFree:         1328836 kB
MemAvailable:    1541160 kB
Buffers:           47392 kB
Cached:           292292 kB
MemTotal:        1844596 kB
MemFree:         1330072 kB
MemAvailable:    1542396 kB
Buffers:           47392 kB
Cached:           292292 kB
MemTotal:        1844596 kB
MemFree:         1329380 kB
MemAvailable:    1541704 kB
Buffers:           47392 kB
Cached:           292292 kB
MemTotal:        1844596 kB
MemFree:         1331224 kB
MemAvailable:    1543548 kB
Buffers:           47392 kB
Cached:           292292 kB
MemTotal:        1844596 kB
MemFree:         1331560 kB
MemAvailable:    1543884 kB
Buffers:           47392 kB
Cached:           292292 kB
MemTotal:        1844596 kB
MemFree:         1329488 kB
MemAvailable:    1541812 kB
Buffers:           47392 kB
Cached:           292292 kB
MemTotal:        1844596 kB
MemFree:         1329016 kB
MemAvailable:    1541340 kB
Buffers:           47392 kB
Cached:           292292 kB
MemTotal:        1844596 kB
MemFree:         1327876 kB
MemAvailable:    1540200 kB
Buffers:           47392 kB
Cached:           292292 kB
MemTotal:        1844596 kB
MemFree:         1328076 kB
MemAvailable:    1540400 kB
Buffers:           47392 kB
Cached:           292292 kB
MemTotal:        1844596 kB
MemFree:         1327272 kB
MemAvailable:    1539596 kB
Buffers:           47396 kB
Cached:           292288 kB
MemTotal:        1844596 kB
MemFree:         1327076 kB
MemAvailable:    1539400 kB
Buffers:           47396 kB
Cached:           292288 kB
MemTotal:        1844596 kB
MemFree:         1325660 kB
MemAvailable:    1537984 kB
Buffers:           47396 kB
Cached:           292288 kB
MemTotal:        1844596 kB
MemFree:         1325732 kB
MemAvailable:    1538056 kB
Buffers:           47396 kB
Cached:           292288 kB
MemTotal:        1844596 kB
MemFree:         1326092 kB
MemAvailable:    1538424 kB
Buffers:           47396 kB
Cached:           292296 kB
MemTotal:        1844596 kB
MemFree:         1325040 kB
MemAvailable:    1537372 kB
Buffers:           47396 kB
Cached:           292296 kB
MemTotal:        1844596 kB
MemFree:         1325956 kB
MemAvailable:    1538288 kB
Buffers:           47396 kB
Cached:           292296 kB
MemTotal:        1844596 kB
MemFree:         1324524 kB
MemAvailable:    1536856 kB
Buffers:           47396 kB
Cached:           292296 kB
MemTotal:        1844596 kB
MemFree:         1325528 kB
MemAvailable:    1537860 kB
Buffers:           47396 kB
Cached:           292296 kB
MemTotal:        1844596 kB
MemFree:         1325748 kB
MemAvailable:    1538080 kB
Buffers:           47396 kB
Cached:           292296 kB
MemTotal:        1844596 kB
MemFree:         1324608 kB
MemAvailable:    1536940 kB
Buffers:           47396 kB
Cached:           292296 kB
MemTotal:        1844596 kB
MemFree:         1325772 kB
MemAvailable:    1538104 kB
Buffers:           47396 kB
Cached:           292296 kB
MemTotal:        1844596 kB
MemFree:         1324792 kB
MemAvailable:    1537124 kB
Buffers:           47396 kB
Cached:           292296 kB
MemTotal:        1844596 kB
MemFree:         1325208 kB
MemAvailable:    1537540 kB
Buffers:           47396 kB
Cached:           292296 kB
MemTotal:        1844596 kB
MemFree:         1325544 kB
MemAvailable:    1537876 kB
Buffers:           47396 kB
Cached:           292296 kB
MemTotal:        1844596 kB
MemFree:         1324996 kB
MemAvailable:    1537328 kB
Buffers:           47396 kB
Cached:           292296 kB
MemTotal:        1844596 kB
MemFree:         1323792 kB
MemAvailable:    1536124 kB
Buffers:           47396 kB
Cached:           292296 kB
MemTotal:        1844596 kB
MemFree:         1323916 kB
MemAvailable:    1536248 kB
Buffers:           47396 kB
Cached:           292296 kB
MemTotal:        1844596 kB
MemFree:         1323800 kB
MemAvailable:    1536132 kB
Buffers:           47396 kB
Cached:           292296 kB
MemTotal:        1844596 kB
MemFree:         1324040 kB
MemAvailable:    1536372 kB
Buffers:           47396 kB
Cached:           292296 kB
MemTotal:        1844596 kB
MemFree:         1323924 kB
MemAvailable:    1536256 kB
Buffers:           47396 kB
Cached:           292296 kB
MemTotal:        1844596 kB
MemFree:         1323660 kB
MemAvailable:    1535992 kB
Buffers:           47396 kB
Cached:           292296 kB
MemTotal:        1844596 kB
MemFree:         1323792 kB
MemAvailable:    1536124 kB
Buffers:           47396 kB
Cached:           292296 kB
MemTotal:        1844596 kB
MemFree:         1324836 kB
MemAvailable:    1537168 kB
Buffers:           47396 kB
Cached:           292296 kB
MemTotal:        1844596 kB
MemFree:         1324596 kB
MemAvailable:    1536928 kB
Buffers:           47396 kB
Cached:           292296 kB
MemTotal:        1844596 kB
MemFree:         1324604 kB
MemAvailable:    1536936 kB
Buffers:           47396 kB
Cached:           292296 kB
MemTotal:        1844596 kB
MemFree:         1323552 kB
MemAvailable:    1535884 kB
Buffers:           47396 kB
Cached:           292296 kB
MemTotal:        1844596 kB
MemFree:         1324300 kB
MemAvailable:    1536632 kB
Buffers:           47396 kB
Cached:           292296 kB
MemTotal:        1844596 kB
MemFree:         1323124 kB
MemAvailable:    1535456 kB
Buffers:           47396 kB
Cached:           292296 kB
MemTotal:        1844596 kB
MemFree:         1324544 kB
MemAvailable:    1536876 kB
Buffers:           47396 kB
Cached:           292296 kB
MemTotal:        1844596 kB
MemFree:         1322992 kB
MemAvailable:    1535324 kB
Buffers:           47396 kB
Cached:           292296 kB
MemTotal:        1844596 kB
MemFree:         1322992 kB
MemAvailable:    1535324 kB
Buffers:           47396 kB
Cached:           292296 kB
MemTotal:        1844596 kB
MemFree:         1322728 kB
MemAvailable:    1535060 kB
Buffers:           47396 kB
Cached:           292296 kB
MemTotal:        1844596 kB
MemFree:         1323960 kB
MemAvailable:    1536292 kB
Buffers:           47396 kB
Cached:           292296 kB
MemTotal:        1844596 kB
MemFree:         1323960 kB
MemAvailable:    1536292 kB
Buffers:           47396 kB
Cached:           292296 kB
MemTotal:        1844596 kB
MemFree:         1324068 kB
MemAvailable:    1536400 kB
Buffers:           47396 kB
Cached:           292296 kB
MemTotal:        1844596 kB
MemFree:         1323056 kB
MemAvailable:    1535388 kB
Buffers:           47396 kB
Cached:           292296 kB
MemTotal:        1844596 kB
MemFree:         1323996 kB
MemAvailable:    1536328 kB
Buffers:           47396 kB
Cached:           292296 kB
MemTotal:        1844596 kB
MemFree:         1323180 kB
MemAvailable:    1535512 kB
Buffers:           47396 kB
Cached:           292296 kB
MemTotal:        1844596 kB
MemFree:         1323972 kB
MemAvailable:    1536304 kB
Buffers:           47396 kB
Cached:           292296 kB
MemTotal:        1844596 kB
MemFree:         1323716 kB
MemAvailable:    1536048 kB
Buffers:           47396 kB
Cached:           292296 kB
MemTotal:        1844596 kB
MemFree:         1322000 kB
MemAvailable:    1534332 kB
Buffers:           47396 kB
Cached:           292296 kB
MemTotal:        1844596 kB
MemFree:         1320452 kB
MemAvailable:    1532784 kB
Buffers:           47396 kB
Cached:           292296 kB
MemTotal:        1844596 kB
MemFree:         1318220 kB
MemAvailable:    1530552 kB
Buffers:           47396 kB
Cached:           292296 kB
MemTotal:        1844596 kB
MemFree:         1316792 kB
MemAvailable:    1529124 kB
Buffers:           47396 kB
Cached:           292296 kB
MemTotal:        1844596 kB
MemFree:         1316468 kB
MemAvailable:    1528800 kB
Buffers:           47396 kB
Cached:           292296 kB
MemTotal:        1844596 kB
MemFree:         1316468 kB
MemAvailable:    1528800 kB
Buffers:           47396 kB
Cached:           292296 kB
MemTotal:        1844596 kB
MemFree:         1315956 kB
MemAvailable:    1528288 kB
Buffers:           47396 kB
Cached:           292296 kB
MemTotal:        1844596 kB
MemFree:         1316208 kB
MemAvailable:    1528540 kB
Buffers:           47396 kB
Cached:           292296 kB
MemTotal:        1844596 kB
MemFree:         1315984 kB
MemAvailable:    1528316 kB
Buffers:           47396 kB
Cached:           292296 kB
MemTotal:        1844596 kB
MemFree:         1315800 kB
MemAvailable:    1528136 kB
Buffers:           47396 kB
Cached:           292300 kB
MemTotal:        1844596 kB
MemFree:         1315884 kB
MemAvailable:    1528220 kB
Buffers:           47396 kB
Cached:           292300 kB
MemTotal:        1844596 kB
MemFree:         1315840 kB
MemAvailable:    1528176 kB
Buffers:           47396 kB
Cached:           292300 kB
MemTotal:        1844596 kB
MemFree:         1316008 kB
MemAvailable:    1528344 kB
Buffers:           47396 kB
Cached:           292300 kB
MemTotal:        1844596 kB
MemFree:         1315996 kB
MemAvailable:    1528332 kB
Buffers:           47396 kB
Cached:           292300 kB
MemTotal:        1844596 kB
MemFree:         1315360 kB
MemAvailable:    1527696 kB
Buffers:           47396 kB
Cached:           292300 kB
MemTotal:        1844596 kB
MemFree:         1316052 kB
MemAvailable:    1528388 kB
Buffers:           47396 kB
Cached:           292300 kB
MemTotal:        1844596 kB
MemFree:         1314552 kB
MemAvailable:    1526888 kB
Buffers:           47396 kB
Cached:           292300 kB
MemTotal:        1844596 kB
MemFree:         1314540 kB
MemAvailable:    1526876 kB
Buffers:           47396 kB
Cached:           292300 kB
MemTotal:        1844596 kB
MemFree:         1315988 kB
MemAvailable:    1528324 kB
Buffers:           47396 kB
Cached:           292300 kB
MemTotal:        1844596 kB
MemFree:         1315244 kB
MemAvailable:    1527580 kB
Buffers:           47396 kB
Cached:           292300 kB
MemTotal:        1844596 kB
MemFree:         1315676 kB
MemAvailable:    1528012 kB
Buffers:           47396 kB
Cached:           292300 kB
MemTotal:        1844596 kB
MemFree:         1314252 kB
MemAvailable:    1526588 kB
Buffers:           47396 kB
Cached:           292300 kB
MemTotal:        1844596 kB
MemFree:         1314932 kB
MemAvailable:    1527268 kB
Buffers:           47396 kB
Cached:           292300 kB
MemTotal:        1844596 kB
MemFree:         1314004 kB
MemAvailable:    1526340 kB
Buffers:           47396 kB
Cached:           292300 kB
MemTotal:        1844596 kB
MemFree:         1314504 kB
MemAvailable:    1526840 kB
Buffers:           47396 kB
Cached:           292300 kB
MemTotal:        1844596 kB
MemFree:         1314248 kB
MemAvailable:    1526584 kB
Buffers:           47396 kB
Cached:           292300 kB
MemTotal:        1844596 kB
MemFree:         1313932 kB
MemAvailable:    1526268 kB
Buffers:           47396 kB
Cached:           292300 kB
MemTotal:        1844596 kB
MemFree:         1313196 kB
MemAvailable:    1525532 kB
Buffers:           47396 kB
Cached:           292300 kB
MemTotal:        1844596 kB
MemFree:         1313112 kB
MemAvailable:    1525448 kB
Buffers:           47396 kB
Cached:           292300 kB
MemTotal:        1844596 kB
MemFree:         1313252 kB
MemAvailable:    1525588 kB
Buffers:           47396 kB
Cached:           292300 kB
MemTotal:        1844596 kB
MemFree:         1312692 kB
MemAvailable:    1525028 kB
Buffers:           47396 kB
Cached:           292300 kB
MemTotal:        1844596 kB
MemFree:         1312860 kB
MemAvailable:    1525196 kB
Buffers:           47396 kB
Cached:           292300 kB
MemTotal:        1844596 kB
MemFree:         1312484 kB
MemAvailable:    1524820 kB
Buffers:           47396 kB
Cached:           292300 kB
MemTotal:        1844596 kB
MemFree:         1312736 kB
MemAvailable:    1525072 kB
Buffers:           47396 kB
Cached:           292300 kB
MemTotal:        1844596 kB
MemFree:         1312204 kB
MemAvailable:    1524540 kB
Buffers:           47396 kB
Cached:           292300 kB
MemTotal:        1844596 kB
MemFree:         1311152 kB
MemAvailable:    1523488 kB
Buffers:           47396 kB
Cached:           292300 kB
MemTotal:        1844596 kB
MemFree:         1311992 kB
MemAvailable:    1524328 kB
Buffers:           47396 kB
Cached:           292300 kB
MemTotal:        1844596 kB
MemFree:         1312244 kB
MemAvailable:    1524580 kB
Buffers:           47396 kB
Cached:           292300 kB
MemTotal:        1844596 kB
MemFree:         1310844 kB
MemAvailable:    1523180 kB
Buffers:           47396 kB
Cached:           292300 kB
MemTotal:        1844596 kB
MemFree:         1311764 kB
MemAvailable:    1524100 kB
Buffers:           47396 kB
Cached:           292300 kB
MemTotal:        1844596 kB
MemFree:         1312060 kB
MemAvailable:    1524396 kB
Buffers:           47396 kB
Cached:           292300 kB
MemTotal:        1844596 kB
MemFree:         1312144 kB
MemAvailable:    1524480 kB
Buffers:           47396 kB
Cached:           292300 kB
MemTotal:        1844596 kB
MemFree:         1311756 kB
MemAvailable:    1524092 kB
Buffers:           47396 kB
Cached:           292300 kB
MemTotal:        1844596 kB
MemFree:         1311648 kB
MemAvailable:    1523984 kB
Buffers:           47396 kB
Cached:           292300 kB
MemTotal:        1844596 kB
MemFree:         1311364 kB
MemAvailable:    1523700 kB
Buffers:           47396 kB
Cached:           292300 kB
MemTotal:        1844596 kB
MemFree:         1311364 kB
MemAvailable:    1523700 kB
Buffers:           47396 kB
Cached:           292300 kB
MemTotal:        1844596 kB
MemFree:         1304688 kB
MemAvailable:    1517024 kB
Buffers:           47396 kB
Cached:           292300 kB
MemTotal:        1844596 kB
MemFree:         1304688 kB
MemAvailable:    1517024 kB
Buffers:           47396 kB
Cached:           292300 kB
MemTotal:        1844596 kB
MemFree:         1303896 kB
MemAvailable:    1516316 kB
Buffers:           47396 kB
Cached:           292424 kB
MemTotal:        1844596 kB
MemFree:         1303896 kB
MemAvailable:    1516316 kB
Buffers:           47396 kB
Cached:           292424 kB
MemTotal:        1844596 kB
MemFree:         1303648 kB
MemAvailable:    1516236 kB
Buffers:           47396 kB
Cached:           292548 kB
MemTotal:        1844596 kB
MemFree:         1303600 kB
MemAvailable:    1516188 kB
Buffers:           47396 kB
Cached:           292672 kB
MemTotal:        1844596 kB
MemFree:         1302720 kB
MemAvailable:    1515392 kB
Buffers:           47396 kB
Cached:           292672 kB
MemTotal:        1844596 kB
MemFree:         1303468 kB
MemAvailable:    1516308 kB
Buffers:           47396 kB
Cached:           292796 kB
MemTotal:        1844596 kB
MemFree:         1303444 kB
MemAvailable:    1516368 kB
Buffers:           47396 kB
Cached:           292920 kB
MemTotal:        1844596 kB
MemFree:         1303132 kB
MemAvailable:    1516056 kB
Buffers:           47396 kB
Cached:           292920 kB
MemTotal:        1844596 kB
MemFree:         1303316 kB
MemAvailable:    1516240 kB
Buffers:           47396 kB
Cached:           292920 kB
MemTotal:        1844596 kB
MemFree:         1301932 kB
MemAvailable:    1514856 kB
Buffers:           47396 kB
Cached:           292920 kB
MemTotal:        1844596 kB
MemFree:         1303216 kB
MemAvailable:    1516140 kB
Buffers:           47396 kB
Cached:           292920 kB
MemTotal:        1844596 kB
MemFree:         1303216 kB
MemAvailable:    1516140 kB
Buffers:           47396 kB
Cached:           292920 kB
MemTotal:        1844596 kB
MemFree:         1303192 kB
MemAvailable:    1516116 kB
Buffers:           47396 kB
Cached:           292920 kB
MemTotal:        1844596 kB
MemFree:         1302432 kB
MemAvailable:    1515356 kB
Buffers:           47396 kB
Cached:           292920 kB
MemTotal:        1844596 kB
MemFree:         1302084 kB
MemAvailable:    1515008 kB
Buffers:           47396 kB
Cached:           292920 kB
MemTotal:        1844596 kB
MemFree:         1303416 kB
MemAvailable:    1516424 kB
Buffers:           47396 kB
Cached:           292920 kB
MemTotal:        1844596 kB
MemFree:         1333164 kB
MemAvailable:    1545500 kB
Buffers:           47396 kB
Cached:           292288 kB
