MemTotal:        1844596 kB
MemFree:         1511692 kB
MemAvailable:    1569584 kB
Buffers:           27684 kB
Cached:           162824 kB
MemTotal:        1844596 kB
MemFree:         1510640 kB
MemAvailable:    1568532 kB
Buffers:           27684 kB
Cached:           162824 kB
MemTotal:        1844596 kB
MemFree:         1508540 kB
MemAvailable:    1566432 kB
Buffers:           27684 kB
Cached:           162824 kB
MemTotal:        1844596 kB
MemFree:         1508788 kB
MemAvailable:    1566680 kB
Buffers:           27684 kB
Cached:           162824 kB
MemTotal:        1844596 kB
MemFree:         1507168 kB
MemAvailable:    1565060 kB
Buffers:           27684 kB
Cached:           162824 kB
MemTotal:        1844596 kB
MemFree:         1507168 kB
MemAvailable:    1565060 kB
Buffers:           27684 kB
Cached:           162824 kB
MemTotal:        1844596 kB
MemFree:         1504060 kB
MemAvailable:    1561952 kB
Buffers:           27684 kB
Cached:           162824 kB
MemTotal:        1844596 kB
MemFree:         1503952 kB
MemAvailable:    1561844 kB
Buffers:           27684 kB
Cached:           162824 kB
MemTotal:        1844596 kB
MemFree:         1500604 kB
MemAvailable:    1558496 kB
Buffers:           27684 kB
Cached:           162824 kB
MemTotal:        1844596 kB
MemFree:         1496140 kB
MemAvailable:    1554032 kB
Buffers:           27684 kB
Cached:           162824 kB
MemTotal:        1844596 kB
MemFree:         1496972 kB
MemAvailable:    1554864 kB
Buffers:           27684 kB
Cached:           162824 kB
MemTotal:        1844596 kB
MemFree:         1498392 kB
MemAvailable:    1556284 kB
Buffers:           27684 kB
Cached:           162824 kB
MemTotal:        1844596 kB
MemFree:         1498136 kB
MemAvailable:    1556028 kB
Buffers:           27684 kB
Cached:           162824 kB
MemTotal:        1844596 kB
MemFree:         1498428 kB
MemAvailable:    1556320 kB
Buffers:           27684 kB
Cached:           162824 kB
MemTotal:        1844596 kB
MemFree:         1497380 kB
MemAvailable:    1555272 kB
Buffers:           27684 kB
Cached:           162824 kB
MemTotal:        1844596 kB
MemFree:         1498004 kB
MemAvailable:    1555896 kB
Buffers:           27684 kB
Cached:           162824 kB
MemTotal:        1844596 kB
MemFree:         1498124 kB
MemAvailable:    1556016 kB
Buffers:           27684 kB
Cached:           162824 kB
MemTotal:        1844596 kB
MemFree:         1495892 kB
MemAvailable:    1553792 kB
Buffers:           27684 kB
Cached:           162828 kB
MemTotal:        1844596 kB
MemFree:         1495024 kB
MemAvailable:    1552924 kB
Buffers:           27684 kB
Cached:           162828 kB
MemTotal:        1844596 kB
MemFree:         1494768 kB
MemAvailable:    1552668 kB
Buffers:           27684 kB
Cached:           162828 kB
MemTotal:        1844596 kB
MemFree:         1495876 kB
MemAvailable:    1553776 kB
Buffers:           27684 kB
Cached:           162828 kB
MemTotal:        1844596 kB
MemFree:         1495820 kB
MemAvailable:    1553720 kB
Buffers:           27684 kB
Cached:           162828 kB
MemTotal:        1844596 kB
MemFree:         1495820 kB
MemAvailable:    1553720 kB
Buffers:           27684 kB
Cached:           162828 kB
MemTotal:        1844596 kB
MemFree:         1495836 kB
MemAvailable:    1553736 kB
Buffers:           27684 kB
Cached:           162828 kB
MemTotal:        1844596 kB
MemFree:         1495692 kB
MemAvailable:    1553592 kB
Buffers:           27684 kB
Cached:           162828 kB
MemTotal:        1844596 kB
MemFree:         1495944 kB
MemAvailable:    1553844 kB
Buffers:           27684 kB
Cached:           162828 kB
MemTotal:        1844596 kB
MemFree:         1495952 kB
MemAvailable:    1553852 kB
Buffers:           27684 kB
Cached:           162828 kB
MemTotal:        1844596 kB
MemFree:         1495724 kB
MemAvailable:    1553624 kB
Buffers:           27684 kB
Cached:           162828 kB
MemTotal:        1844596 kB
MemFree:         1497344 kB
MemAvailable:    1555244 kB
Buffers:           27684 kB
Cached:           162828 kB
MemTotal:        1844596 kB
MemFree:         1495892 kB
MemAvailable:    1553792 kB
Buffers:           27684 kB
Cached:           162828 kB
MemTotal:        1844596 kB
MemFree:         1494388 kB
MemAvailable:    1552292 kB
Buffers:           27684 kB
Cached:           162832 kB
MemTotal:        1844596 kB
MemFree:         1494516 kB
MemAvailable:    1552420 kB
Buffers:           27684 kB
Cached:           162832 kB
MemTotal:        1844596 kB
MemFree:         1492412 kB
MemAvailable:    1550316 kB
Buffers:           27684 kB
Cached:           162832 kB
MemTotal:        1844596 kB
MemFree:         1492164 kB
MemAvailable:    1550068 kB
Buffers:           27684 kB
Cached:           162832 kB
MemTotal:        1844596 kB
MemFree:         1492528 kB
MemAvailable:    1550432 kB
Buffers:           27684 kB
Cached:           162832 kB
MemTotal:        1844596 kB
MemFree:         1492668 kB
MemAvailable:    1550572 kB
Buffers:           27684 kB
Cached:           162832 kB
MemTotal:        1844596 kB
MemFree:         1492092 kB
MemAvailable:    1549996 kB
Buffers:           27684 kB
Cached:           162832 kB
MemTotal:        1844596 kB
MemFree:         1490544 kB
MemAvailable:    1548448 kB
Buffers:           27684 kB
Cached:           162832 kB
MemTotal:        1844596 kB
MemFree:         1490420 kB
MemAvailable:    1548324 kB
Buffers:           27684 kB
Cached:           162832 kB
MemTotal:        1844596 kB
MemFree:         1491720 kB
MemAvailable:    1549624 kB
Buffers:           27684 kB
Cached:           162832 kB
MemTotal:        1844596 kB
MemFree:         1491844 kB
MemAvailable:    1549748 kB
Buffers:           27684 kB
Cached:           162832 kB
MemTotal:        1844596 kB
MemFree:         1490692 kB
MemAvailable:    1548596 kB
Buffers:           27684 kB
Cached:           162832 kB
MemTotal:        1844596 kB
MemFree:         1490676 kB
MemAvailable:    1548580 kB
Buffers:           27684 kB
Cached:           162832 kB
MemTotal:        1844596 kB
MemFree:         1491248 kB
MemAvailable:    1549152 kB
Buffers:           27684 kB
Cached:           162832 kB
MemTotal:        1844596 kB
MemFree:         1491504 kB
MemAvailable:    1549408 kB
Buffers:           27684 kB
Cached:           162832 kB
MemTotal:        1844596 kB
MemFree:         1489916 kB
MemAvailable:    1547820 kB
Buffers:           27684 kB
Cached:           162832 kB
MemTotal:        1844596 kB
MemFree:         1490056 kB
MemAvailable:    1547960 kB
Buffers:           27684 kB
Cached:           162832 kB
MemTotal:        1844596 kB
MemFree:         1489048 kB
MemAvailable:    1546952 kB
Buffers:           27684 kB
Cached:           162832 kB
MemTotal:        1844596 kB
MemFree:         1490760 kB
MemAvailable:    1548664 kB
Buffers:           27684 kB
Cached:           162832 kB
MemTotal:        1844596 kB
MemFree:         1490752 kB
MemAvailable:    1548656 kB
Buffers:           27684 kB
Cached:           162832 kB
MemTotal:        1844596 kB
MemFree:         1490672 kB
MemAvailable:    1548576 kB
Buffers:           27684 kB
Cached:           162832 kB
MemTotal:        1844596 kB
MemFree:         1489692 kB
MemAvailable:    1547596 kB
Buffers:           27684 kB
Cached:           162832 kB
MemTotal:        1844596 kB
MemFree:         1490732 kB
MemAvailable:    1548636 kB
Buffers:           27684 kB
Cached:           162832 kB
MemTotal:        1844596 kB
MemFree:         1490728 kB
MemAvailable:    1548632 kB
Buffers:           27684 kB
Cached:           162832 kB
MemTotal:        1844596 kB
MemFree:         1490684 kB
MemAvailable:    1548588 kB
Buffers:           27684 kB
Cached:           162832 kB
MemTotal:        1844596 kB
MemFree:         1489932 kB
MemAvailable:    1547836 kB
Buffers:           27684 kB
Cached:           162832 kB
MemTotal:        1844596 kB
MemFree:         1490684 kB
MemAvailable:    1548588 kB
Buffers:           27684 kB
Cached:           162832 kB
MemTotal:        1844596 kB
MemFree:         1490676 kB
MemAvailable:    1548580 kB
Buffers:           27684 kB
Cached:           162832 kB
MemTotal:        1844596 kB
MemFree:         1490620 kB
MemAvailable:    1548524 kB
Buffers:           27684 kB
Cached:           162832 kB
MemTotal:        1844596 kB
MemFree:         1490488 kB
MemAvailable:    1548392 kB
Buffers:           27684 kB
Cached:           162832 kB
MemTotal:        1844596 kB
MemFree:         1490296 kB
MemAvailable:    1548200 kB
Buffers:           27684 kB
Cached:           162832 kB
MemTotal:        1844596 kB
MemFree:         1489692 kB
MemAvailable:    1547596 kB
Buffers:           27684 kB
Cached:           162832 kB
MemTotal:        1844596 kB
MemFree:         1489744 kB
MemAvailable:    1547648 kB
Buffers:           27684 kB
Cached:           162832 kB
MemTotal:        1844596 kB
MemFree:         1490080 kB
MemAvailable:    1547984 kB
Buffers:           27684 kB
Cached:           162832 kB
MemTotal:        1844596 kB
MemFree:         1488504 kB
MemAvailable:    1546408 kB
Buffers:           27684 kB
Cached:           162832 kB
MemTotal:        1844596 kB
MemFree:         1488636 kB
MemAvailable:    1546540 kB
Buffers:           27684 kB
Cached:           162832 kB
MemTotal:        1844596 kB
MemFree:         1489860 kB
MemAvailable:    1547764 kB
Buffers:           27684 kB
Cached:           162832 kB
MemTotal:        1844596 kB
MemFree:         1488372 kB
MemAvailable:    1546276 kB
Buffers:           27684 kB
Cached:           162832 kB
MemTotal:        1844596 kB
MemFree:         1489932 kB
MemAvailable:    1547836 kB
Buffers:           27684 kB
Cached:           162832 kB
MemTotal:        1844596 kB
MemFree:         1489604 kB
MemAvailable:    1547508 kB
Buffers:           27684 kB
Cached:           162832 kB
MemTotal:        1844596 kB
MemFree:         1489816 kB
MemAvailable:    1547720 kB
Buffers:           27684 kB
Cached:           162832 kB
MemTotal:        1844596 kB
MemFree:         1489664 kB
MemAvailable:    1547568 kB
Buffers:           27684 kB
Cached:           162832 kB
MemTotal:        1844596 kB
MemFree:         1489816 kB
MemAvailable:    1547720 kB
Buffers:           27684 kB
Cached:           162832 kB
MemTotal:        1844596 kB
MemFree:         1488264 kB
MemAvailable:    1546168 kB
Buffers:           27684 kB
Cached:           162832 kB
MemTotal:        1844596 kB
MemFree:         1488444 kB
MemAvailable:    1546348 kB
Buffers:           27684 kB
Cached:           162832 kB
MemTotal:        1844596 kB
MemFree:         1484848 kB
MemAvailable:    1542752 kB
Buffers:           27684 kB
Cached:           162832 kB
MemTotal:        1844596 kB
MemFree:         1483156 kB
MemAvailable:    1541060 kB
Buffers:           27684 kB
Cached:           162832 kB
MemTotal:        1844596 kB
MemFree:         1481260 kB
MemAvailable:    1539164 kB
Buffers:           27684 kB
Cached:           162832 kB
MemTotal:        1844596 kB
MemFree:         1481004 kB
MemAvailable:    1538912 kB
Buffers:           27684 kB
Cached:           162836 kB
MemTotal:        1844596 kB
MemFree:         1480764 kB
MemAvailable:    1538672 kB
Buffers:           27684 kB
Cached:           162836 kB
MemTotal:        1844596 kB
MemFree:         1481864 kB
MemAvailable:    1539772 kB
Buffers:           27684 kB
Cached:           162836 kB
MemTotal:        1844596 kB
MemFree:         1481948 kB
MemAvailable:    1539856 kB
Buffers:           27684 kB
Cached:           162836 kB
MemTotal:        1844596 kB
MemFree:         1481560 kB
MemAvailable:    1539468 kB
Buffers:           27684 kB
Cached:           162836 kB
MemTotal:        1844596 kB
MemFree:         1481896 kB
MemAvailable:    1539804 kB
Buffers:           27684 kB
Cached:           162836 kB
MemTotal:        1844596 kB
MemFree:         1480328 kB
MemAvailable:    1538236 kB
Buffers:           27684 kB
Cached:           162836 kB
MemTotal:        1844596 kB
MemFree:         1481596 kB
MemAvailable:    1539504 kB
Buffers:           27684 kB
Cached:           162836 kB
MemTotal:        1844596 kB
MemFree:         1481932 kB
MemAvailable:    1539840 kB
Buffers:           27684 kB
Cached:           162836 kB
MemTotal:        1844596 kB
MemFree:         1481548 kB
MemAvailable:    1539456 kB
Buffers:           27684 kB
Cached:           162836 kB
MemTotal:        1844596 kB
MemFree:         1481716 kB
MemAvailable:    1539624 kB
Buffers:           27684 kB
Cached:           162836 kB
MemTotal:        1844596 kB
MemFree:         1480508 kB
MemAvailable:    1538416 kB
Buffers:           27684 kB
Cached:           162836 kB
MemTotal:        1844596 kB
MemFree:         1481584 kB
MemAvailable:    1539492 kB
Buffers:           27684 kB
Cached:           162836 kB
MemTotal:        1844596 kB
MemFree:         1481772 kB
MemAvailable:    1539680 kB
Buffers:           27684 kB
Cached:           162836 kB
MemTotal:        1844596 kB
MemFree:         1481580 kB
MemAvailable:    1539488 kB
Buffers:           27684 kB
Cached:           162836 kB
MemTotal:        1844596 kB
MemFree:         1481120 kB
MemAvailable:    1539028 kB
Buffers:           27684 kB
Cached:           162836 kB
MemTotal:        1844596 kB
MemFree:         1481372 kB
MemAvailable:    1539280 kB
Buffers:           27684 kB
Cached:           162836 kB
MemTotal:        1844596 kB
MemFree:         1480368 kB
MemAvailable:    1538276 kB
Buffers:           27684 kB
Cached:           162836 kB
MemTotal:        1844596 kB
MemFree:         1480704 kB
MemAvailable:    1538612 kB
Buffers:           27684 kB
Cached:           162836 kB
MemTotal:        1844596 kB
MemFree:         1479144 kB
MemAvailable:    1537052 kB
Buffers:           27684 kB
Cached:           162836 kB
MemTotal:        1844596 kB
MemFree:         1480080 kB
MemAvailable:    1537992 kB
Buffers:           27684 kB
Cached:           162840 kB
MemTotal:        1844596 kB
MemFree:         1479992 kB
MemAvailable:    1537904 kB
Buffers:           27684 kB
Cached:           162840 kB
MemTotal:        1844596 kB
MemFree:         1477904 kB
MemAvailable:    1535816 kB
Buffers:           27684 kB
Cached:           162840 kB
MemTotal:        1844596 kB
MemFree:         1478036 kB
MemAvailable:    1535948 kB
Buffers:           27684 kB
Cached:           162840 kB
MemTotal:        1844596 kB
MemFree:         1478144 kB
MemAvailable:    1536056 kB
Buffers:           27684 kB
Cached:           162840 kB
MemTotal:        1844596 kB
MemFree:         1478396 kB
MemAvailable:    1536308 kB
Buffers:           27684 kB
Cached:           162840 kB
MemTotal:        1844596 kB
MemFree:         1476992 kB
MemAvailable:    1534904 kB
Buffers:           27684 kB
Cached:           162840 kB
MemTotal:        1844596 kB
MemFree:         1476860 kB
MemAvailable:    1534772 kB
Buffers:           27684 kB
Cached:           162840 kB
MemTotal:        1844596 kB
MemFree:         1477976 kB
MemAvailable:    1535888 kB
Buffers:           27684 kB
Cached:           162840 kB
MemTotal:        1844596 kB
MemFree:         1477704 kB
MemAvailable:    1535616 kB
Buffers:           27684 kB
Cached:           162840 kB
MemTotal:        1844596 kB
MemFree:         1477956 kB
MemAvailable:    1535868 kB
Buffers:           27684 kB
Cached:           162840 kB
MemTotal:        1844596 kB
MemFree:         1477816 kB
MemAvailable:    1535728 kB
Buffers:           27684 kB
Cached:           162840 kB
MemTotal:        1844596 kB
MemFree:         1476760 kB
MemAvailable:    1534672 kB
Buffers:           27684 kB
Cached:           162840 kB
MemTotal:        1844596 kB
MemFree:         1477736 kB
MemAvailable:    1535648 kB
Buffers:           27684 kB
Cached:           162840 kB
MemTotal:        1844596 kB
MemFree:         1477988 kB
MemAvailable:    1535900 kB
Buffers:           27684 kB
Cached:           162840 kB
MemTotal:        1844596 kB
MemFree:         1478016 kB
MemAvailable:    1535928 kB
Buffers:           27684 kB
Cached:           162840 kB
MemTotal:        1844596 kB
MemFree:         1477896 kB
MemAvailable:    1535808 kB
Buffers:           27684 kB
Cached:           162840 kB
MemTotal:        1844596 kB
MemFree:         1477352 kB
MemAvailable:    1535264 kB
Buffers:           27684 kB
Cached:           162840 kB
MemTotal:        1844596 kB
MemFree:         1476176 kB
MemAvailable:    1534088 kB
Buffers:           27684 kB
Cached:           162840 kB
MemTotal:        1844596 kB
MemFree:         1473944 kB
MemAvailable:    1531856 kB
Buffers:           27684 kB
Cached:           162840 kB
MemTotal:        1844596 kB
MemFree:         1469356 kB
MemAvailable:    1527268 kB
Buffers:           27684 kB
Cached:           162840 kB
MemTotal:        1844596 kB
MemFree:         1469084 kB
MemAvailable:    1527080 kB
Buffers:           27684 kB
Cached:           162964 kB
MemTotal:        1844596 kB
MemFree:         1469168 kB
MemAvailable:    1527164 kB
Buffers:           27684 kB
Cached:           162964 kB
MemTotal:        1844596 kB
MemFree:         1469016 kB
MemAvailable:    1527096 kB
Buffers:           27684 kB
Cached:           163088 kB
MemTotal:        1844596 kB
MemFree:         1468524 kB
MemAvailable:    1526772 kB
Buffers:           27684 kB
Cached:           163212 kB
MemTotal:        1844596 kB
MemFree:         1468692 kB
MemAvailable:    1526940 kB
Buffers:           27684 kB
Cached:           163212 kB
MemTotal:        1844596 kB
MemFree:         1468632 kB
MemAvailable:    1527048 kB
Buffers:           27684 kB
Cached:           163336 kB
MemTotal:        1844596 kB
MemFree:         1468300 kB
MemAvailable:    1526716 kB
Buffers:           27684 kB
Cached:           163460 kB
MemTotal:        1844596 kB
MemFree:         1467204 kB
MemAvailable:    1525620 kB
Buffers:           27684 kB
Cached:           163460 kB
MemTotal:        1844596 kB
MemFree:         1468292 kB
MemAvailable:    1526792 kB
Buffers:           27684 kB
Cached:           163460 kB
MemTotal:        1844596 kB
MemFree:         1468544 kB
MemAvailable:    1527044 kB
Buffers:           27684 kB
Cached:           163460 kB
MemTotal:        1844596 kB
MemFree:         1468108 kB
MemAvailable:    1526608 kB
Buffers:           27684 kB
Cached:           163460 kB
MemTotal:        1844596 kB
MemFree:         1468288 kB
MemAvailable:    1526788 kB
Buffers:           27684 kB
Cached:           163460 kB
MemTotal:        1844596 kB
MemFree:         1468224 kB
MemAvailable:    1526724 kB
Buffers:           27684 kB
Cached:           163460 kB
MemTotal:        1844596 kB
MemFree:         1468560 kB
MemAvailable:    1527060 kB
Buffers:           27684 kB
Cached:           163460 kB
MemTotal:        1844596 kB
MemFree:         1467108 kB
MemAvailable:    1525608 kB
Buffers:           27684 kB
Cached:           163460 kB
MemTotal:        1844596 kB
MemFree:         1468224 kB
MemAvailable:    1526136 kB
Buffers:           27684 kB
Cached:           162828 kB
MemTotal:        1844596 kB
MemFree:         1539124 kB
MemAvailable:    1597036 kB
Buffers:           27684 kB
Cached:           162828 kB
