MemTotal:        1844596 kB
MemFree:         1276352 kB
MemAvailable:    1595428 kB
Buffers:           41168 kB
Cached:           410240 kB
MemTotal:        1844596 kB
MemFree:         1250204 kB
MemAvailable:    1569284 kB
Buffers:           41168 kB
Cached:           410244 kB
MemTotal:        1844596 kB
MemFree:         1247848 kB
MemAvailable:    1566928 kB
Buffers:           41168 kB
Cached:           410244 kB
MemTotal:        1844596 kB
MemFree:         1246344 kB
MemAvailable:    1565424 kB
Buffers:           41168 kB
Cached:           410244 kB
MemTotal:        1844596 kB
MemFree:         1245228 kB
MemAvailable:    1564308 kB
Buffers:           41168 kB
Cached:           410244 kB
MemTotal:        1844596 kB
MemFree:         1246464 kB
MemAvailable:    1565544 kB
Buffers:           41168 kB
Cached:           410244 kB
MemTotal:        1844596 kB
MemFree:         1244244 kB
MemAvailable:    1563324 kB
Buffers:           41168 kB
Cached:           410244 kB
MemTotal:        1844596 kB
MemFree:         1244376 kB
MemAvailable:    1563456 kB
Buffers:           41168 kB
Cached:           410244 kB
MemTotal:        1844596 kB
MemFree:         1243880 kB
MemAvailable:    1562964 kB
Buffers:           41168 kB
Cached:           410244 kB
MemTotal:        1844596 kB
MemFree:         1242080 kB
MemAvailable:    1561164 kB
Buffers:           41168 kB
Cached:           410244 kB
MemTotal:        1844596 kB
MemFree:         1238656 kB
MemAvailable:    1557740 kB
Buffers:           41168 kB
Cached:           410244 kB
MemTotal:        1844596 kB
MemFree:         1238492 kB
MemAvailable:    1557576 kB
Buffers:           41168 kB
Cached:           410244 kB
MemTotal:        1844596 kB
MemFree:         1233208 kB
MemAvailable:    1552292 kB
Buffers:           41168 kB
Cached:           410244 kB
MemTotal:        1844596 kB
MemFree:         1235360 kB
MemAvailable:    1554444 kB
Buffers:           41168 kB
Cached:           410244 kB
MemTotal:        1844596 kB
MemFree:         1235532 kB
MemAvailable:    1554616 kB
Buffers:           41168 kB
Cached:           410244 kB
MemTotal:        1844596 kB
MemFree:         1235376 kB
MemAvailable:    1554460 kB
Buffers:           41168 kB
Cached:           410244 kB
MemTotal:        1844596 kB
MemFree:         1235316 kB
MemAvailable:    1554400 kB
Buffers:           41168 kB
Cached:           410244 kB
MemTotal:        1844596 kB
MemFree:         1235384 kB
MemAvailable:    1554468 kB
Buffers:           41168 kB
Cached:           410244 kB
MemTotal:        1844596 kB
MemFree:         1234200 kB
MemAvailable:    1553284 kB
Buffers:           41168 kB
Cached:           410244 kB
MemTotal:        1844596 kB
MemFree:         1233836 kB
MemAvailable:    1552920 kB
Buffers:           41168 kB
Cached:           410244 kB
MemTotal:        1844596 kB
MemFree:         1235012 kB
MemAvailable:    1554096 kB
Buffers:           41168 kB
Cached:           410244 kB
MemTotal:        1844596 kB
MemFree:         1233712 kB
MemAvailable:    1552796 kB
Buffers:           41168 kB
Cached:           410244 kB
MemTotal:        1844596 kB
MemFree:         1234820 kB
MemAvailable:    1553904 kB
Buffers:           41168 kB
Cached:           410244 kB
MemTotal:        1844596 kB
MemFree:         1234904 kB
MemAvailable:    1553988 kB
Buffers:           41168 kB
Cached:           410244 kB
MemTotal:        1844596 kB
MemFree:         1234632 kB
MemAvailable:    1553716 kB
Buffers:           41168 kB
Cached:           410244 kB
MemTotal:        1844596 kB
MemFree:         1233408 kB
MemAvailable:    1552492 kB
Buffers:           41168 kB
Cached:           410244 kB
MemTotal:        1844596 kB
MemFree:         1232844 kB
MemAvailable:    1551928 kB
Buffers:           41168 kB
Cached:           410244 kB
MemTotal:        1844596 kB
MemFree:         1233340 kB
MemAvailable:    1552424 kB
Buffers:           41168 kB
Cached:           410244 kB
MemTotal:        1844596 kB
MemFree:         1232596 kB
MemAvailable:    1551680 kB
Buffers:           41168 kB
Cached:           410244 kB
MemTotal:        1844596 kB
MemFree:         1233580 kB
MemAvailable:    1552664 kB
Buffers:           41168 kB
Cached:           410244 kB
MemTotal:        1844596 kB
MemFree:         1232596 kB
MemAvailable:    1551680 kB
Buffers:           41168 kB
Cached:           410244 kB
MemTotal:        1844596 kB
MemFree:         1233152 kB
MemAvailable:    1552236 kB
Buffers:           41168 kB
Cached:           410244 kB
MemTotal:        1844596 kB
MemFree:         1232704 kB
MemAvailable:    1551788 kB
Buffers:           41168 kB
Cached:           410244 kB
MemTotal:        1844596 kB
MemFree:         1232704 kB
MemAvailable:    1551788 kB
Buffers:           41168 kB
Cached:           410244 kB
MemTotal:        1844596 kB
MemFree:         1232516 kB
MemAvailable:    1551600 kB
Buffers:           41168 kB
Cached:           410244 kB
MemTotal:        1844596 kB
MemFree:         1232144 kB
MemAvailable:    1551228 kB
Buffers:           41168 kB
Cached:           410244 kB
MemTotal:        1844596 kB
MemFree:         1232144 kB
MemAvailable:    1551228 kB
Buffers:           41168 kB
Cached:           410244 kB
MemTotal:        1844596 kB
MemFree:         1232168 kB
MemAvailable:    1551252 kB
Buffers:           41168 kB
Cached:           410244 kB
MemTotal:        1844596 kB
MemFree:         1231044 kB
MemAvailable:    1550128 kB
Buffers:           41168 kB
Cached:           410244 kB
MemTotal:        1844596 kB
MemFree:         1232352 kB
MemAvailable:    1551436 kB
Buffers:           41168 kB
Cached:           410244 kB
MemTotal:        1844596 kB
MemFree:         1231604 kB
MemAvailable:    1550688 kB
Buffers:           41168 kB
Cached:           410244 kB
MemTotal:        1844596 kB
MemFree:         1233448 kB
MemAvailable:    1552536 kB
Buffers:           41168 kB
Cached:           410248 kB
MemTotal:        1844596 kB
MemFree:         1233588 kB
MemAvailable:    1552676 kB
Buffers:           41168 kB
Cached:           410248 kB
MemTotal:        1844596 kB
MemFree:         1232408 kB
MemAvailable:    1551496 kB
Buffers:           41168 kB
Cached:           410248 kB
MemTotal:        1844596 kB
MemFree:         1228876 kB
MemAvailable:    1547964 kB
Buffers:           41168 kB
Cached:           410248 kB
MemTotal:        1844596 kB
MemFree:         1227504 kB
MemAvailable:    1546592 kB
Buffers:           41168 kB
Cached:           410248 kB
MemTotal:        1844596 kB
MemFree:         1227380 kB
MemAvailable:    1546468 kB
Buffers:           41168 kB
Cached:           410248 kB
MemTotal:        1844596 kB
MemFree:         1227380 kB
MemAvailable:    1546468 kB
Buffers:           41168 kB
Cached:           410248 kB
MemTotal:        1844596 kB
MemFree:         1227248 kB
MemAvailable:    1546336 kB
Buffers:           41168 kB
Cached:           410248 kB
MemTotal:        1844596 kB
MemFree:         1228240 kB
MemAvailable:    1547328 kB
Buffers:           41168 kB
Cached:           410248 kB
MemTotal:        1844596 kB
MemFree:         1226860 kB
MemAvailable:    1545948 kB
Buffers:           41168 kB
Cached:           410248 kB
MemTotal:        1844596 kB
MemFree:         1227984 kB
MemAvailable:    1547072 kB
Buffers:           41168 kB
Cached:           410248 kB
MemTotal:        1844596 kB
MemFree:         1227264 kB
MemAvailable:    1546352 kB
Buffers:           41168 kB
Cached:           410248 kB
MemTotal:        1844596 kB
MemFree:         1227740 kB
MemAvailable:    1546828 kB
Buffers:           41168 kB
Cached:           410248 kB
MemTotal:        1844596 kB
MemFree:         1227996 kB
MemAvailable:    1547084 kB
Buffers:           41168 kB
Cached:           410248 kB
MemTotal:        1844596 kB
MemFree:         1227752 kB
MemAvailable:    1546840 kB
Buffers:           41168 kB
Cached:           410248 kB
MemTotal:        1844596 kB
MemFree:         1228088 kB
MemAvailable:    1547176 kB
Buffers:           41168 kB
Cached:           410248 kB
MemTotal:        1844596 kB
MemFree:         1226596 kB
MemAvailable:    1545684 kB
Buffers:           41168 kB
Cached:           410248 kB
MemTotal:        1844596 kB
MemFree:         1226464 kB
MemAvailable:    1545552 kB
Buffers:           41168 kB
Cached:           410248 kB
MemTotal:        1844596 kB
MemFree:         1226632 kB
MemAvailable:    1545720 kB
Buffers:           41168 kB
Cached:           410248 kB
MemTotal:        1844596 kB
MemFree:         1227076 kB
MemAvailable:    1546164 kB
Buffers:           41168 kB
Cached:           410248 kB
MemTotal:        1844596 kB
MemFree:         1223784 kB
MemAvailable:    1542872 kB
Buffers:           41168 kB
Cached:           410248 kB
MemTotal:        1844596 kB
MemFree:         1222040 kB
MemAvailable:    1541132 kB
Buffers:           41168 kB
Cached:           410252 kB
MemTotal:        1844596 kB
MemFree:         1221560 kB
MemAvailable:    1540652 kB
Buffers:           41168 kB
Cached:           410252 kB
MemTotal:        1844596 kB
MemFree:         1221620 kB
MemAvailable:    1540712 kB
Buffers:           41168 kB
Cached:           410252 kB
MemTotal:        1844596 kB
MemFree:         1221876 kB
MemAvailable:    1540968 kB
Buffers:           41168 kB
Cached:           410252 kB
MemTotal:        1844596 kB
MemFree:         1220320 kB
MemAvailable:    1539412 kB
Buffers:           41168 kB
Cached:           410252 kB
MemTotal:        1844596 kB
MemFree:         1218956 kB
MemAvailable:    1538048 kB
Buffers:           41168 kB
Cached:           410252 kB
MemTotal:        1844596 kB
MemFree:         1219188 kB
MemAvailable:    1538280 kB
Buffers:           41168 kB
Cached:           410252 kB
MemTotal:        1844596 kB
MemFree:         1217824 kB
MemAvailable:    1536916 kB
Buffers:           41168 kB
Cached:           410252 kB
MemTotal:        1844596 kB
MemFree:         1219176 kB
MemAvailable:    1538268 kB
Buffers:           41168 kB
Cached:           410252 kB
MemTotal:        1844596 kB
MemFree:         1219428 kB
MemAvailable:    1538520 kB
Buffers:           41168 kB
Cached:           410252 kB
MemTotal:        1844596 kB
MemFree:         1217900 kB
MemAvailable:    1536992 kB
Buffers:           41168 kB
Cached:           410252 kB
MemTotal:        1844596 kB
MemFree:         1217900 kB
MemAvailable:    1536992 kB
Buffers:           41168 kB
Cached:           410252 kB
MemTotal:        1844596 kB
MemFree:         1219132 kB
MemAvailable:    1538224 kB
Buffers:           41168 kB
Cached:           410252 kB
MemTotal:        1844596 kB
MemFree:         1219076 kB
MemAvailable:    1538168 kB
Buffers:           41168 kB
Cached:           410252 kB
MemTotal:        1844596 kB
MemFree:         1218204 kB
MemAvailable:    1537296 kB
Buffers:           41168 kB
Cached:           410252 kB
MemTotal:        1844596 kB
MemFree:         1218992 kB
MemAvailable:    1538084 kB
Buffers:           41168 kB
Cached:           410252 kB
MemTotal:        1844596 kB
MemFree:         1219336 kB
MemAvailable:    1538428 kB
Buffers:           41168 kB
Cached:           410252 kB
MemTotal:        1844596 kB
MemFree:         1219072 kB
MemAvailable:    1538164 kB
Buffers:           41168 kB
Cached:           410252 kB
MemTotal:        1844596 kB
MemFree:         1218716 kB
MemAvailable:    1537808 kB
Buffers:           41168 kB
Cached:           410252 kB
MemTotal:        1844596 kB
MemFree:         1217784 kB
MemAvailable:    1536876 kB
Buffers:           41168 kB
Cached:           410252 kB
MemTotal:        1844596 kB
MemFree:         1219092 kB
MemAvailable:    1538184 kB
Buffers:           41168 kB
Cached:           410252 kB
MemTotal:        1844596 kB
MemFree:         1217916 kB
MemAvailable:    1537008 kB
Buffers:           41168 kB
Cached:           410252 kB
MemTotal:        1844596 kB
MemFree:         1218892 kB
MemAvailable:    1537984 kB
Buffers:           41168 kB
Cached:           410252 kB
MemTotal:        1844596 kB
MemFree:         1218892 kB
MemAvailable:    1537984 kB
Buffers:           41168 kB
Cached:           410252 kB
MemTotal:        1844596 kB
MemFree:         1218680 kB
MemAvailable:    1537772 kB
Buffers:           41168 kB
Cached:           410252 kB
MemTotal:        1844596 kB
MemFree:         1219016 kB
MemAvailable:    1538108 kB
Buffers:           41168 kB
Cached:           410252 kB
MemTotal:        1844596 kB
MemFree:         1218952 kB
MemAvailable:    1538044 kB
Buffers:           41168 kB
Cached:           410252 kB
MemTotal:        1844596 kB
MemFree:         1217392 kB
MemAvailable:    1536484 kB
Buffers:           41168 kB
Cached:           410252 kB
MemTotal:        1844596 kB
MemFree:         1217400 kB
MemAvailable:    1536492 kB
Buffers:           41168 kB
Cached:           410252 kB
MemTotal:        1844596 kB
MemFree:         1214864 kB
MemAvailable:    1533956 kB
Buffers:           41168 kB
Cached:           410252 kB
MemTotal:        1844596 kB
MemFree:         1213128 kB
MemAvailable:    1532220 kB
Buffers:           41168 kB
Cached:           410252 kB
MemTotal:        1844596 kB
MemFree:         1210028 kB
MemAvailable:    1529120 kB
Buffers:           41168 kB
Cached:           410252 kB
MemTotal:        1844596 kB
MemFree:         1210500 kB
MemAvailable:    1529592 kB
Buffers:           41168 kB
Cached:           410252 kB
MemTotal:        1844596 kB
MemFree:         1210584 kB
MemAvailable:    1529676 kB
Buffers:           41168 kB
Cached:           410252 kB
MemTotal:        1844596 kB
MemFree:         1210572 kB
MemAvailable:    1529664 kB
Buffers:           41168 kB
Cached:           410252 kB
MemTotal:        1844596 kB
MemFree:         1210200 kB
MemAvailable:    1529292 kB
Buffers:           41168 kB
Cached:           410252 kB
MemTotal:        1844596 kB
MemFree:         1210028 kB
MemAvailable:    1529120 kB
Buffers:           41168 kB
Cached:           410252 kB
MemTotal:        1844596 kB
MemFree:         1208848 kB
MemAvailable:    1527940 kB
Buffers:           41168 kB
Cached:           410252 kB
MemTotal:        1844596 kB
MemFree:         1208856 kB
MemAvailable:    1527948 kB
Buffers:           41168 kB
Cached:           410252 kB
MemTotal:        1844596 kB
MemFree:         1208972 kB
MemAvailable:    1528064 kB
Buffers:           41168 kB
Cached:           410252 kB
MemTotal:        1844596 kB
MemFree:         1208724 kB
MemAvailable:    1527816 kB
Buffers:           41168 kB
Cached:           410252 kB
MemTotal:        1844596 kB
MemFree:         1210000 kB
MemAvailable:    1529092 kB
Buffers:           41168 kB
Cached:           410252 kB
MemTotal:        1844596 kB
MemFree:         1210252 kB
MemAvailable:    1529344 kB
Buffers:           41168 kB
Cached:           410252 kB
MemTotal:        1844596 kB
MemFree:         1208732 kB
MemAvailable:    1527824 kB
Buffers:           41168 kB
Cached:           410252 kB
MemTotal:        1844596 kB
MemFree:         1209980 kB
MemAvailable:    1529072 kB
Buffers:           41168 kB
Cached:           410252 kB
MemTotal:        1844596 kB
MemFree:         1208860 kB
MemAvailable:    1527952 kB
Buffers:           41168 kB
Cached:           410252 kB
MemTotal:        1844596 kB
MemFree:         1210064 kB
MemAvailable:    1529156 kB
Buffers:           41168 kB
Cached:           410252 kB
MemTotal:        1844596 kB
MemFree:         1210088 kB
MemAvailable:    1529180 kB
Buffers:           41168 kB
Cached:           410252 kB
MemTotal:        1844596 kB
MemFree:         1209524 kB
MemAvailable:    1528616 kB
Buffers:           41168 kB
Cached:           410252 kB
MemTotal:        1844596 kB
MemFree:         1210172 kB
MemAvailable:    1529268 kB
Buffers:           41168 kB
Cached:           410256 kB
MemTotal:        1844596 kB
MemFree:         1208740 kB
MemAvailable:    1527836 kB
Buffers:           41168 kB
Cached:           410256 kB
MemTotal:        1844596 kB
MemFree:         1208912 kB
MemAvailable:    1528008 kB
Buffers:           41168 kB
Cached:           410256 kB
MemTotal:        1844596 kB
MemFree:         1210200 kB
MemAvailable:    1529296 kB
Buffers:           41168 kB
Cached:           410256 kB
MemTotal:        1844596 kB
MemFree:         1210088 kB
MemAvailable:    1529184 kB
Buffers:           41168 kB
Cached:           410256 kB
MemTotal:        1844596 kB
MemFree:         1208768 kB
MemAvailable:    1527864 kB
Buffers:           41168 kB
Cached:           410256 kB
MemTotal:        1844596 kB
MemFree:         1209408 kB
MemAvailable:    1528504 kB
Buffers:           41168 kB
Cached:           410256 kB
MemTotal:        1844596 kB
MemFree:         1209848 kB
MemAvailable:    1528948 kB
Buffers:           41168 kB
Cached:           410260 kB
MemTotal:        1844596 kB
MemFree:         1210184 kB
MemAvailable:    1529284 kB
Buffers:           41168 kB
Cached:           410260 kB
MemTotal:        1844596 kB
MemFree:         1208856 kB
MemAvailable:    1527956 kB
Buffers:           41168 kB
Cached:           410260 kB
MemTotal:        1844596 kB
MemFree:         1208740 kB
MemAvailable:    1527840 kB
Buffers:           41168 kB
Cached:           410260 kB
MemTotal:        1844596 kB
MemFree:         1206680 kB
MemAvailable:    1525780 kB
Buffers:           41168 kB
Cached:           410260 kB
MemTotal:        1844596 kB
MemFree:         1203324 kB
MemAvailable:    1522424 kB
Buffers:           41168 kB
Cached:           410260 kB
MemTotal:        1844596 kB
MemFree:         1203324 kB
MemAvailable:    1522424 kB
Buffers:           41168 kB
Cached:           410260 kB
MemTotal:        1844596 kB
MemFree:         1199728 kB
MemAvailable:    1518828 kB
Buffers:           41168 kB
Cached:           410260 kB
MemTotal:        1844596 kB
MemFree:         1199736 kB
MemAvailable:    1518836 kB
Buffers:           41172 kB
Cached:           410256 kB
MemTotal:        1844596 kB
MemFree:         1199728 kB
MemAvailable:    1518828 kB
Buffers:           41172 kB
Cached:           410256 kB
MemTotal:        1844596 kB
MemFree:         1199356 kB
MemAvailable:    1518456 kB
Buffers:           41172 kB
Cached:           410256 kB
MemTotal:        1844596 kB
MemFree:         1200168 kB
MemAvailable:    1519268 kB
Buffers:           41172 kB
Cached:           410256 kB
MemTotal:        1844596 kB
MemFree:         1198000 kB
MemAvailable:    1517100 kB
Buffers:           41172 kB
Cached:           410256 kB
MemTotal:        1844596 kB
MemFree:         1197868 kB
MemAvailable:    1516968 kB
Buffers:           41172 kB
Cached:           410256 kB
MemTotal:        1844596 kB
MemFree:         1197132 kB
MemAvailable:    1516232 kB
Buffers:           41172 kB
Cached:           410256 kB
MemTotal:        1844596 kB
MemFree:         1196952 kB
MemAvailable:    1516052 kB
Buffers:           41172 kB
Cached:           410256 kB
MemTotal:        1844596 kB
MemFree:         1196828 kB
MemAvailable:    1515928 kB
Buffers:           41172 kB
Cached:           410256 kB
MemTotal:        1844596 kB
MemFree:         1197120 kB
MemAvailable:    1516220 kB
Buffers:           41172 kB
Cached:           410256 kB
MemTotal:        1844596 kB
MemFree:         1196948 kB
MemAvailable:    1516048 kB
Buffers:           41172 kB
Cached:           410256 kB
MemTotal:        1844596 kB
MemFree:         1197064 kB
MemAvailable:    1516164 kB
Buffers:           41172 kB
Cached:           410256 kB
MemTotal:        1844596 kB
MemFree:         1197064 kB
MemAvailable:    1516164 kB
Buffers:           41172 kB
Cached:           410256 kB
MemTotal:        1844596 kB
MemFree:         1197056 kB
MemAvailable:    1516156 kB
Buffers:           41172 kB
Cached:           410256 kB
MemTotal:        1844596 kB
MemFree:         1197064 kB
MemAvailable:    1516164 kB
Buffers:           41172 kB
Cached:           410256 kB
MemTotal:        1844596 kB
MemFree:         1197060 kB
MemAvailable:    1516160 kB
Buffers:           41172 kB
Cached:           410256 kB
MemTotal:        1844596 kB
MemFree:         1197052 kB
MemAvailable:    1516152 kB
Buffers:           41172 kB
Cached:           410256 kB
MemTotal:        1844596 kB
MemFree:         1196928 kB
MemAvailable:    1516028 kB
Buffers:           41172 kB
Cached:           410256 kB
MemTotal:        1844596 kB
MemFree:         1196928 kB
MemAvailable:    1516028 kB
Buffers:           41172 kB
Cached:           410256 kB
MemTotal:        1844596 kB
MemFree:         1197008 kB
MemAvailable:    1516108 kB
Buffers:           41172 kB
Cached:           410256 kB
MemTotal:        1844596 kB
MemFree:         1196960 kB
MemAvailable:    1516060 kB
Buffers:           41172 kB
Cached:           410256 kB
MemTotal:        1844596 kB
MemFree:         1198428 kB
MemAvailable:    1517528 kB
Buffers:           41172 kB
Cached:           410256 kB
MemTotal:        1844596 kB
MemFree:         1198372 kB
MemAvailable:    1517472 kB
Buffers:           41172 kB
Cached:           410256 kB
MemTotal:        1844596 kB
MemFree:         1196744 kB
MemAvailable:    1515844 kB
Buffers:           41172 kB
Cached:           410256 kB
MemTotal:        1844596 kB
MemFree:         1197124 kB
MemAvailable:    1516224 kB
Buffers:           41172 kB
Cached:           410256 kB
MemTotal:        1844596 kB
MemFree:         1197116 kB
MemAvailable:    1516216 kB
Buffers:           41172 kB
Cached:           410256 kB
MemTotal:        1844596 kB
MemFree:         1197000 kB
MemAvailable:    1516100 kB
Buffers:           41172 kB
Cached:           410256 kB
MemTotal:        1844596 kB
MemFree:         1198404 kB
MemAvailable:    1517504 kB
Buffers:           41172 kB
Cached:           410256 kB
MemTotal:        1844596 kB
MemFree:         1198360 kB
MemAvailable:    1517460 kB
Buffers:           41172 kB
Cached:           410256 kB
MemTotal:        1844596 kB
MemFree:         1196940 kB
MemAvailable:    1516040 kB
Buffers:           41172 kB
Cached:           410256 kB
MemTotal:        1844596 kB
MemFree:         1196816 kB
MemAvailable:    1515916 kB
Buffers:           41172 kB
Cached:           410256 kB
MemTotal:        1844596 kB
MemFree:         1197108 kB
MemAvailable:    1516208 kB
Buffers:           41172 kB
Cached:           410256 kB
MemTotal:        1844596 kB
MemFree:         1196812 kB
MemAvailable:    1515912 kB
Buffers:           41172 kB
Cached:           410256 kB
MemTotal:        1844596 kB
MemFree:         1196972 kB
MemAvailable:    1516072 kB
Buffers:           41172 kB
Cached:           410256 kB
MemTotal:        1844596 kB
MemFree:         1196848 kB
MemAvailable:    1515948 kB
Buffers:           41172 kB
Cached:           410256 kB
MemTotal:        1844596 kB
MemFree:         1196840 kB
MemAvailable:    1515940 kB
Buffers:           41172 kB
Cached:           410256 kB
MemTotal:        1844596 kB
MemFree:         1198124 kB
MemAvailable:    1517224 kB
Buffers:           41172 kB
Cached:           410256 kB
MemTotal:        1844596 kB
MemFree:         1197248 kB
MemAvailable:    1516348 kB
Buffers:           41172 kB
Cached:           410256 kB
MemTotal:        1844596 kB
MemFree:         1198152 kB
MemAvailable:    1517252 kB
Buffers:           41172 kB
Cached:           410256 kB
MemTotal:        1844596 kB
MemFree:         1198000 kB
MemAvailable:    1517100 kB
Buffers:           41172 kB
Cached:           410256 kB
MemTotal:        1844596 kB
MemFree:         1198068 kB
MemAvailable:    1517168 kB
Buffers:           41172 kB
Cached:           410256 kB
MemTotal:        1844596 kB
MemFree:         1196940 kB
MemAvailable:    1516040 kB
Buffers:           41172 kB
Cached:           410256 kB
MemTotal:        1844596 kB
MemFree:         1198236 kB
MemAvailable:    1517336 kB
Buffers:           41172 kB
Cached:           410256 kB
MemTotal:        1844596 kB
MemFree:         1196812 kB
MemAvailable:    1515912 kB
Buffers:           41172 kB
Cached:           410256 kB
MemTotal:        1844596 kB
MemFree:         1196936 kB
MemAvailable:    1516036 kB
Buffers:           41172 kB
Cached:           410256 kB
MemTotal:        1844596 kB
MemFree:         1198040 kB
MemAvailable:    1517140 kB
Buffers:           41172 kB
Cached:           410256 kB
MemTotal:        1844596 kB
MemFree:         1198116 kB
MemAvailable:    1517216 kB
Buffers:           41172 kB
Cached:           410256 kB
MemTotal:        1844596 kB
MemFree:         1196884 kB
MemAvailable:    1515984 kB
Buffers:           41172 kB
Cached:           410256 kB
MemTotal:        1844596 kB
MemFree:         1198176 kB
MemAvailable:    1517276 kB
Buffers:           41172 kB
Cached:           410256 kB
MemTotal:        1844596 kB
MemFree:         1198452 kB
MemAvailable:    1517552 kB
Buffers:           41172 kB
Cached:           410256 kB
MemTotal:        1844596 kB
MemFree:         1197616 kB
MemAvailable:    1516716 kB
Buffers:           41172 kB
Cached:           410256 kB
MemTotal:        1844596 kB
MemFree:         1197256 kB
MemAvailable:    1516356 kB
Buffers:           41172 kB
Cached:           410256 kB
MemTotal:        1844596 kB
MemFree:         1198124 kB
MemAvailable:    1517224 kB
Buffers:           41172 kB
Cached:           410256 kB
MemTotal:        1844596 kB
MemFree:         1197920 kB
MemAvailable:    1517020 kB
Buffers:           41172 kB
Cached:           410256 kB
MemTotal:        1844596 kB
MemFree:         1197856 kB
MemAvailable:    1516956 kB
Buffers:           41172 kB
Cached:           410256 kB
MemTotal:        1844596 kB
MemFree:         1197856 kB
MemAvailable:    1516956 kB
Buffers:           41172 kB
Cached:           410256 kB
MemTotal:        1844596 kB
MemFree:         1196604 kB
MemAvailable:    1515704 kB
Buffers:           41172 kB
Cached:           410256 kB
MemTotal:        1844596 kB
MemFree:         1196440 kB
MemAvailable:    1515540 kB
Buffers:           41172 kB
Cached:           410256 kB
MemTotal:        1844596 kB
MemFree:         1197664 kB
MemAvailable:    1516764 kB
Buffers:           41172 kB
Cached:           410256 kB
MemTotal:        1844596 kB
MemFree:         1196344 kB
MemAvailable:    1515444 kB
Buffers:           41172 kB
Cached:           410256 kB
MemTotal:        1844596 kB
MemFree:         1196344 kB
MemAvailable:    1515444 kB
Buffers:           41172 kB
Cached:           410256 kB
MemTotal:        1844596 kB
MemFree:         1197556 kB
MemAvailable:    1516656 kB
Buffers:           41172 kB
Cached:           410256 kB
MemTotal:        1844596 kB
MemFree:         1196380 kB
MemAvailable:    1515480 kB
Buffers:           41172 kB
Cached:           410256 kB
MemTotal:        1844596 kB
MemFree:         1197432 kB
MemAvailable:    1516544 kB
Buffers:           41172 kB
Cached:           410268 kB
MemTotal:        1844596 kB
MemFree:         1197308 kB
MemAvailable:    1516420 kB
Buffers:           41172 kB
Cached:           410268 kB
MemTotal:        1844596 kB
MemFree:         1196388 kB
MemAvailable:    1515500 kB
Buffers:           41172 kB
Cached:           410268 kB
MemTotal:        1844596 kB
MemFree:         1197304 kB
MemAvailable:    1516416 kB
Buffers:           41172 kB
Cached:           410268 kB
MemTotal:        1844596 kB
MemFree:         1197132 kB
MemAvailable:    1516244 kB
Buffers:           41172 kB
Cached:           410268 kB
MemTotal:        1844596 kB
MemFree:         1196388 kB
MemAvailable:    1515500 kB
Buffers:           41172 kB
Cached:           410268 kB
MemTotal:        1844596 kB
MemFree:         1197372 kB
MemAvailable:    1516484 kB
Buffers:           41172 kB
Cached:           410268 kB
MemTotal:        1844596 kB
MemFree:         1195844 kB
MemAvailable:    1514956 kB
Buffers:           41172 kB
Cached:           410268 kB
MemTotal:        1844596 kB
MemFree:         1196012 kB
MemAvailable:    1515124 kB
Buffers:           41172 kB
Cached:           410268 kB
MemTotal:        1844596 kB
MemFree:         1196100 kB
MemAvailable:    1515212 kB
Buffers:           41172 kB
Cached:           410268 kB
MemTotal:        1844596 kB
MemFree:         1196992 kB
MemAvailable:    1516104 kB
Buffers:           41172 kB
Cached:           410268 kB
MemTotal:        1844596 kB
MemFree:         1197008 kB
MemAvailable:    1516120 kB
Buffers:           41172 kB
Cached:           410268 kB
MemTotal:        1844596 kB
MemFree:         1197196 kB
MemAvailable:    1516308 kB
Buffers:           41172 kB
Cached:           410268 kB
MemTotal:        1844596 kB
MemFree:         1197264 kB
MemAvailable:    1516376 kB
Buffers:           41172 kB
Cached:           410268 kB
MemTotal:        1844596 kB
MemFree:         1195836 kB
MemAvailable:    1514948 kB
Buffers:           41172 kB
Cached:           410268 kB
MemTotal:        1844596 kB
MemFree:         1197160 kB
MemAvailable:    1516272 kB
Buffers:           41172 kB
Cached:           410268 kB
MemTotal:        1844596 kB
MemFree:         1197636 kB
MemAvailable:    1516752 kB
Buffers:           41172 kB
Cached:           410272 kB
MemTotal:        1844596 kB
MemFree:         1197840 kB
MemAvailable:    1516824 kB
Buffers:           41172 kB
Cached:           410272 kB
MemTotal:        1844596 kB
MemFree:         1197704 kB
MemAvailable:    1516820 kB
Buffers:           41172 kB
Cached:           410272 kB
MemTotal:        1844596 kB
MemFree:         1197636 kB
MemAvailable:    1516752 kB
Buffers:           41172 kB
Cached:           410272 kB
MemTotal:        1844596 kB
MemFree:         1197124 kB
MemAvailable:    1516240 kB
Buffers:           41172 kB
Cached:           410272 kB
MemTotal:        1844596 kB
MemFree:         1194448 kB
MemAvailable:    1513564 kB
Buffers:           41172 kB
Cached:           410272 kB
MemTotal:        1844596 kB
MemFree:         1192056 kB
MemAvailable:    1511172 kB
Buffers:           41172 kB
Cached:           410272 kB
MemTotal:        1844596 kB
MemFree:         1186900 kB
MemAvailable:    1506016 kB
Buffers:           41172 kB
Cached:           410272 kB
MemTotal:        1844596 kB
MemFree:         1186372 kB
MemAvailable:    1505488 kB
Buffers:           41172 kB
Cached:           410272 kB
MemTotal:        1844596 kB
MemFree:         1186708 kB
MemAvailable:    1505824 kB
Buffers:           41172 kB
Cached:           410272 kB
MemTotal:        1844596 kB
MemFree:         1186472 kB
MemAvailable:    1505588 kB
Buffers:           41172 kB
Cached:           410272 kB
MemTotal:        1844596 kB
MemFree:         1186340 kB
MemAvailable:    1505456 kB
Buffers:           41172 kB
Cached:           410272 kB
MemTotal:        1844596 kB
MemFree:         1186084 kB
MemAvailable:    1505200 kB
Buffers:           41172 kB
Cached:           410272 kB
MemTotal:        1844596 kB
MemFree:         1184820 kB
MemAvailable:    1503936 kB
Buffers:           41172 kB
Cached:           410272 kB
MemTotal:        1844596 kB
MemFree:         1185856 kB
MemAvailable:    1504972 kB
Buffers:           41172 kB
Cached:           410272 kB
MemTotal:        1844596 kB
MemFree:         1184360 kB
MemAvailable:    1503476 kB
Buffers:           41172 kB
Cached:           410272 kB
MemTotal:        1844596 kB
MemFree:         1185164 kB
MemAvailable:    1504280 kB
Buffers:           41172 kB
Cached:           410272 kB
MemTotal:        1844596 kB
MemFree:         1183972 kB
MemAvailable:    1503088 kB
Buffers:           41172 kB
Cached:           410272 kB
MemTotal:        1844596 kB
MemFree:         1184224 kB
MemAvailable:    1503340 kB
Buffers:           41172 kB
Cached:           410272 kB
MemTotal:        1844596 kB
MemFree:         1182808 kB
MemAvailable:    1501924 kB
Buffers:           41172 kB
Cached:           410272 kB
MemTotal:        1844596 kB
MemFree:         1182816 kB
MemAvailable:    1501932 kB
Buffers:           41172 kB
Cached:           410272 kB
MemTotal:        1844596 kB
MemFree:         1183916 kB
MemAvailable:    1503032 kB
Buffers:           41172 kB
Cached:           410272 kB
MemTotal:        1844596 kB
MemFree:         1183492 kB
MemAvailable:    1502608 kB
Buffers:           41172 kB
Cached:           410272 kB
MemTotal:        1844596 kB
MemFree:         1182312 kB
MemAvailable:    1501428 kB
Buffers:           41172 kB
Cached:           410272 kB
MemTotal:        1844596 kB
MemFree:         1182480 kB
MemAvailable:    1501596 kB
Buffers:           41172 kB
Cached:           410272 kB
MemTotal:        1844596 kB
MemFree:         1183844 kB
MemAvailable:    1502960 kB
Buffers:           41172 kB
Cached:           410272 kB
MemTotal:        1844596 kB
MemFree:         1182440 kB
MemAvailable:    1501556 kB
Buffers:           41172 kB
Cached:           410272 kB
MemTotal:        1844596 kB
MemFree:         1182184 kB
MemAvailable:    1501300 kB
Buffers:           41172 kB
Cached:           410272 kB
MemTotal:        1844596 kB
MemFree:         1183668 kB
MemAvailable:    1502784 kB
Buffers:           41172 kB
Cached:           410272 kB
MemTotal:        1844596 kB
MemFree:         1183920 kB
MemAvailable:    1503036 kB
Buffers:           41172 kB
Cached:           410272 kB
MemTotal:        1844596 kB
MemFree:         1183668 kB
MemAvailable:    1502784 kB
Buffers:           41172 kB
Cached:           410272 kB
MemTotal:        1844596 kB
MemFree:         1182576 kB
MemAvailable:    1501692 kB
Buffers:           41172 kB
Cached:           410272 kB
MemTotal:        1844596 kB
MemFree:         1183656 kB
MemAvailable:    1502772 kB
Buffers:           41172 kB
Cached:           410272 kB
MemTotal:        1844596 kB
MemFree:         1183112 kB
MemAvailable:    1502228 kB
Buffers:           41172 kB
Cached:           410272 kB
MemTotal:        1844596 kB
MemFree:         1182508 kB
MemAvailable:    1501624 kB
Buffers:           41172 kB
Cached:           410272 kB
MemTotal:        1844596 kB
MemFree:         1181376 kB
MemAvailable:    1500492 kB
Buffers:           41172 kB
Cached:           410272 kB
MemTotal:        1844596 kB
MemFree:         1181940 kB
MemAvailable:    1501056 kB
Buffers:           41172 kB
Cached:           410272 kB
MemTotal:        1844596 kB
MemFree:         1180508 kB
MemAvailable:    1499624 kB
Buffers:           41172 kB
Cached:           410272 kB
MemTotal:        1844596 kB
MemFree:         1181692 kB
MemAvailable:    1500808 kB
Buffers:           41172 kB
Cached:           410272 kB
MemTotal:        1844596 kB
MemFree:         1180500 kB
MemAvailable:    1499616 kB
Buffers:           41172 kB
Cached:           410272 kB
MemTotal:        1844596 kB
MemFree:         1180384 kB
MemAvailable:    1499500 kB
Buffers:           41172 kB
Cached:           410272 kB
MemTotal:        1844596 kB
MemFree:         1179516 kB
MemAvailable:    1498632 kB
Buffers:           41172 kB
Cached:           410272 kB
MemTotal:        1844596 kB
MemFree:         1180624 kB
MemAvailable:    1499740 kB
Buffers:           41172 kB
Cached:           410272 kB
MemTotal:        1844596 kB
MemFree:         1180144 kB
MemAvailable:    1499260 kB
Buffers:           41172 kB
Cached:           410272 kB
MemTotal:        1844596 kB
MemFree:         1179648 kB
MemAvailable:    1498764 kB
Buffers:           41172 kB
Cached:           410272 kB
MemTotal:        1844596 kB
MemFree:         1178408 kB
MemAvailable:    1497524 kB
Buffers:           41172 kB
Cached:           410272 kB
MemTotal:        1844596 kB
MemFree:         1179128 kB
MemAvailable:    1498244 kB
Buffers:           41172 kB
Cached:           410272 kB
MemTotal:        1844596 kB
MemFree:         1179380 kB
MemAvailable:    1498496 kB
Buffers:           41172 kB
Cached:           410272 kB
MemTotal:        1844596 kB
MemFree:         1178964 kB
MemAvailable:    1498080 kB
Buffers:           41172 kB
Cached:           410272 kB
MemTotal:        1844596 kB
MemFree:         1177532 kB
MemAvailable:    1496648 kB
Buffers:           41172 kB
Cached:           410272 kB
MemTotal:        1844596 kB
MemFree:         1178756 kB
MemAvailable:    1497872 kB
Buffers:           41172 kB
Cached:           410272 kB
MemTotal:        1844596 kB
MemFree:         1178576 kB
MemAvailable:    1497692 kB
Buffers:           41172 kB
Cached:           410272 kB
MemTotal:        1844596 kB
MemFree:         1178528 kB
MemAvailable:    1497644 kB
Buffers:           41172 kB
Cached:           410272 kB
MemTotal:        1844596 kB
MemFree:         1178528 kB
MemAvailable:    1497644 kB
Buffers:           41172 kB
Cached:           410272 kB
MemTotal:        1844596 kB
MemFree:         1178456 kB
MemAvailable:    1497572 kB
Buffers:           41172 kB
Cached:           410272 kB
MemTotal:        1844596 kB
MemFree:         1178708 kB
MemAvailable:    1497824 kB
Buffers:           41172 kB
Cached:           410272 kB
MemTotal:        1844596 kB
MemFree:         1178544 kB
MemAvailable:    1497660 kB
Buffers:           41172 kB
Cached:           410272 kB
MemTotal:        1844596 kB
MemFree:         1177292 kB
MemAvailable:    1496412 kB
Buffers:           41172 kB
Cached:           410276 kB
MemTotal:        1844596 kB
MemFree:         1178592 kB
MemAvailable:    1497712 kB
Buffers:           41172 kB
Cached:           410276 kB
MemTotal:        1844596 kB
MemFree:         1177284 kB
MemAvailable:    1496404 kB
Buffers:           41172 kB
Cached:           410276 kB
MemTotal:        1844596 kB
MemFree:         1178648 kB
MemAvailable:    1497768 kB
Buffers:           41172 kB
Cached:           410276 kB
MemTotal:        1844596 kB
MemFree:         1178400 kB
MemAvailable:    1497520 kB
Buffers:           41172 kB
Cached:           410276 kB
MemTotal:        1844596 kB
MemFree:         1177788 kB
MemAvailable:    1496908 kB
Buffers:           41172 kB
Cached:           410276 kB
MemTotal:        1844596 kB
MemFree:         1177024 kB
MemAvailable:    1496144 kB
Buffers:           41172 kB
Cached:           410276 kB
MemTotal:        1844596 kB
MemFree:         1178236 kB
MemAvailable:    1497356 kB
Buffers:           41172 kB
Cached:           410276 kB
MemTotal:        1844596 kB
MemFree:         1177116 kB
MemAvailable:    1496236 kB
Buffers:           41172 kB
Cached:           410276 kB
MemTotal:        1844596 kB
MemFree:         1176984 kB
MemAvailable:    1496104 kB
Buffers:           41172 kB
Cached:           410276 kB
MemTotal:        1844596 kB
MemFree:         1178284 kB
MemAvailable:    1497404 kB
Buffers:           41172 kB
Cached:           410276 kB
MemTotal:        1844596 kB
MemFree:         1177020 kB
MemAvailable:    1496140 kB
Buffers:           41172 kB
Cached:           410276 kB
MemTotal:        1844596 kB
MemFree:         1178204 kB
MemAvailable:    1497324 kB
Buffers:           41172 kB
Cached:           410276 kB
MemTotal:        1844596 kB
MemFree:         1178456 kB
MemAvailable:    1497576 kB
Buffers:           41172 kB
Cached:           410276 kB
MemTotal:        1844596 kB
MemFree:         1178456 kB
MemAvailable:    1497576 kB
Buffers:           41172 kB
Cached:           410276 kB
MemTotal:        1844596 kB
MemFree:         1177024 kB
MemAvailable:    1496144 kB
Buffers:           41172 kB
Cached:           410276 kB
MemTotal:        1844596 kB
MemFree:         1177108 kB
MemAvailable:    1496228 kB
Buffers:           41172 kB
Cached:           410276 kB
MemTotal:        1844596 kB
MemFree:         1177604 kB
MemAvailable:    1496724 kB
Buffers:           41172 kB
Cached:           410276 kB
MemTotal:        1844596 kB
MemFree:         1177020 kB
MemAvailable:    1496140 kB
Buffers:           41172 kB
Cached:           410276 kB
MemTotal:        1844596 kB
MemFree:         1176920 kB
MemAvailable:    1496040 kB
Buffers:           41172 kB
Cached:           410276 kB
MemTotal:        1844596 kB
MemFree:         1176732 kB
MemAvailable:    1495852 kB
Buffers:           41172 kB
Cached:           410276 kB
MemTotal:        1844596 kB
MemFree:         1176244 kB
MemAvailable:    1495364 kB
Buffers:           41172 kB
Cached:           410276 kB
MemTotal:        1844596 kB
MemFree:         1176176 kB
MemAvailable:    1495296 kB
Buffers:           41172 kB
Cached:           410276 kB
MemTotal:        1844596 kB
MemFree:         1173944 kB
MemAvailable:    1493064 kB
Buffers:           41172 kB
Cached:           410276 kB
MemTotal:        1844596 kB
MemFree:         1172440 kB
MemAvailable:    1491560 kB
Buffers:           41172 kB
Cached:           410276 kB
MemTotal:        1844596 kB
MemFree:         1171780 kB
MemAvailable:    1490900 kB
Buffers:           41172 kB
Cached:           410276 kB
MemTotal:        1844596 kB
MemFree:         1168604 kB
MemAvailable:    1487728 kB
Buffers:           41172 kB
Cached:           410280 kB
MemTotal:        1844596 kB
MemFree:         1165132 kB
MemAvailable:    1484256 kB
Buffers:           41172 kB
Cached:           410280 kB
MemTotal:        1844596 kB
MemFree:         1165016 kB
MemAvailable:    1484140 kB
Buffers:           41172 kB
Cached:           410280 kB
MemTotal:        1844596 kB
MemFree:         1159992 kB
MemAvailable:    1479116 kB
Buffers:           41172 kB
Cached:           410280 kB
MemTotal:        1844596 kB
MemFree:         1158560 kB
MemAvailable:    1477684 kB
Buffers:           41172 kB
Cached:           410280 kB
MemTotal:        1844596 kB
MemFree:         1158428 kB
MemAvailable:    1477552 kB
Buffers:           41172 kB
Cached:           410280 kB
MemTotal:        1844596 kB
MemFree:         1159488 kB
MemAvailable:    1478612 kB
Buffers:           41172 kB
Cached:           410280 kB
MemTotal:        1844596 kB
MemFree:         1159312 kB
MemAvailable:    1478436 kB
Buffers:           41172 kB
Cached:           410280 kB
MemTotal:        1844596 kB
MemFree:         1159532 kB
MemAvailable:    1478656 kB
Buffers:           41172 kB
Cached:           410280 kB
MemTotal:        1844596 kB
MemFree:         1159436 kB
MemAvailable:    1478560 kB
Buffers:           41172 kB
Cached:           410280 kB
MemTotal:        1844596 kB
MemFree:         1159380 kB
MemAvailable:    1478504 kB
Buffers:           41172 kB
Cached:           410280 kB
MemTotal:        1844596 kB
MemFree:         1158132 kB
MemAvailable:    1477256 kB
Buffers:           41172 kB
Cached:           410280 kB
MemTotal:        1844596 kB
MemFree:         1158300 kB
MemAvailable:    1477424 kB
Buffers:           41172 kB
Cached:           410280 kB
MemTotal:        1844596 kB
MemFree:         1157996 kB
MemAvailable:    1477120 kB
Buffers:           41172 kB
Cached:           410280 kB
MemTotal:        1844596 kB
MemFree:         1159272 kB
MemAvailable:    1478396 kB
Buffers:           41172 kB
Cached:           410280 kB
MemTotal:        1844596 kB
MemFree:         1159356 kB
MemAvailable:    1478480 kB
Buffers:           41172 kB
Cached:           410280 kB
MemTotal:        1844596 kB
MemFree:         1159000 kB
MemAvailable:    1478124 kB
Buffers:           41172 kB
Cached:           410280 kB
MemTotal:        1844596 kB
MemFree:         1157568 kB
MemAvailable:    1476692 kB
Buffers:           41172 kB
Cached:           410280 kB
MemTotal:        1844596 kB
MemFree:         1158744 kB
MemAvailable:    1477868 kB
Buffers:           41172 kB
Cached:           410280 kB
MemTotal:        1844596 kB
MemFree:         1157568 kB
MemAvailable:    1476692 kB
Buffers:           41172 kB
Cached:           410280 kB
MemTotal:        1844596 kB
MemFree:         1157816 kB
MemAvailable:    1476940 kB
Buffers:           41172 kB
Cached:           410280 kB
MemTotal:        1844596 kB
MemFree:         1157576 kB
MemAvailable:    1476700 kB
Buffers:           41172 kB
Cached:           410280 kB
MemTotal:        1844596 kB
MemFree:         1158504 kB
MemAvailable:    1477628 kB
Buffers:           41172 kB
Cached:           410280 kB
MemTotal:        1844596 kB
MemFree:         1158196 kB
MemAvailable:    1477320 kB
Buffers:           41172 kB
Cached:           410280 kB
MemTotal:        1844596 kB
MemFree:         1158548 kB
MemAvailable:    1477672 kB
Buffers:           41172 kB
Cached:           410280 kB
MemTotal:        1844596 kB
MemFree:         1158452 kB
MemAvailable:    1477576 kB
Buffers:           41172 kB
Cached:           410280 kB
MemTotal:        1844596 kB
MemFree:         1158580 kB
MemAvailable:    1477704 kB
Buffers:           41172 kB
Cached:           410280 kB
MemTotal:        1844596 kB
MemFree:         1158640 kB
MemAvailable:    1477764 kB
Buffers:           41172 kB
Cached:           410280 kB
MemTotal:        1844596 kB
MemFree:         1157816 kB
MemAvailable:    1476940 kB
Buffers:           41172 kB
Cached:           410280 kB
MemTotal:        1844596 kB
MemFree:         1158396 kB
MemAvailable:    1477524 kB
Buffers:           41172 kB
Cached:           410284 kB
MemTotal:        1844596 kB
MemFree:         1157620 kB
MemAvailable:    1476748 kB
Buffers:           41172 kB
Cached:           410284 kB
MemTotal:        1844596 kB
MemFree:         1158560 kB
MemAvailable:    1477688 kB
Buffers:           41172 kB
Cached:           410284 kB
MemTotal:        1844596 kB
MemFree:         1158812 kB
MemAvailable:    1477940 kB
Buffers:           41172 kB
Cached:           410284 kB
MemTotal:        1844596 kB
MemFree:         1158628 kB
MemAvailable:    1477756 kB
Buffers:           41172 kB
Cached:           410284 kB
MemTotal:        1844596 kB
MemFree:         1157156 kB
MemAvailable:    1476284 kB
Buffers:           41172 kB
Cached:           410284 kB
MemTotal:        1844596 kB
MemFree:         1157528 kB
MemAvailable:    1476656 kB
Buffers:           41172 kB
Cached:           410284 kB
MemTotal:        1844596 kB
MemFree:         1157404 kB
MemAvailable:    1476532 kB
Buffers:           41172 kB
Cached:           410284 kB
MemTotal:        1844596 kB
MemFree:         1157316 kB
MemAvailable:    1476444 kB
Buffers:           41172 kB
Cached:           410284 kB
MemTotal:        1844596 kB
MemFree:         1158508 kB
MemAvailable:    1477636 kB
Buffers:           41172 kB
Cached:           410284 kB
MemTotal:        1844596 kB
MemFree:         1158760 kB
MemAvailable:    1477888 kB
Buffers:           41172 kB
Cached:           410284 kB
MemTotal:        1844596 kB
MemFree:         1157312 kB
MemAvailable:    1476440 kB
Buffers:           41172 kB
Cached:           410284 kB
MemTotal:        1844596 kB
MemFree:         1158644 kB
MemAvailable:    1477772 kB
Buffers:           41172 kB
Cached:           410284 kB
MemTotal:        1844596 kB
MemFree:         1157824 kB
MemAvailable:    1476952 kB
Buffers:           41172 kB
Cached:           410284 kB
MemTotal:        1844596 kB
MemFree:         1158508 kB
MemAvailable:    1477636 kB
Buffers:           41172 kB
Cached:           410284 kB
MemTotal:        1844596 kB
MemFree:         1158760 kB
MemAvailable:    1477888 kB
Buffers:           41172 kB
Cached:           410284 kB
MemTotal:        1844596 kB
MemFree:         1156584 kB
MemAvailable:    1475712 kB
Buffers:           41172 kB
Cached:           410284 kB
MemTotal:        1844596 kB
MemFree:         1152980 kB
MemAvailable:    1472108 kB
Buffers:           41172 kB
Cached:           410284 kB
MemTotal:        1844596 kB
MemFree:         1151064 kB
MemAvailable:    1470192 kB
Buffers:           41172 kB
Cached:           410284 kB
MemTotal:        1844596 kB
MemFree:         1147516 kB
MemAvailable:    1466644 kB
Buffers:           41172 kB
Cached:           410284 kB
MemTotal:        1844596 kB
MemFree:         1147284 kB
MemAvailable:    1466412 kB
Buffers:           41172 kB
Cached:           410284 kB
MemTotal:        1844596 kB
MemFree:         1143500 kB
MemAvailable:    1462632 kB
Buffers:           41172 kB
Cached:           410288 kB
MemTotal:        1844596 kB
MemFree:         1141144 kB
MemAvailable:    1460276 kB
Buffers:           41172 kB
Cached:           410288 kB
MemTotal:        1844596 kB
MemFree:         1139712 kB
MemAvailable:    1458844 kB
Buffers:           41172 kB
Cached:           410288 kB
MemTotal:        1844596 kB
MemFree:         1140820 kB
MemAvailable:    1459952 kB
Buffers:           41172 kB
Cached:           410288 kB
MemTotal:        1844596 kB
MemFree:         1140720 kB
MemAvailable:    1459852 kB
Buffers:           41172 kB
Cached:           410288 kB
MemTotal:        1844596 kB
MemFree:         1139548 kB
MemAvailable:    1458680 kB
Buffers:           41172 kB
Cached:           410288 kB
MemTotal:        1844596 kB
MemFree:         1140848 kB
MemAvailable:    1459980 kB
Buffers:           41172 kB
Cached:           410288 kB
MemTotal:        1844596 kB
MemFree:         1139668 kB
MemAvailable:    1458800 kB
Buffers:           41172 kB
Cached:           410288 kB
MemTotal:        1844596 kB
MemFree:         1140900 kB
MemAvailable:    1460032 kB
Buffers:           41172 kB
Cached:           410288 kB
MemTotal:        1844596 kB
MemFree:         1140688 kB
MemAvailable:    1459820 kB
Buffers:           41172 kB
Cached:           410288 kB
MemTotal:        1844596 kB
MemFree:         1140596 kB
MemAvailable:    1459728 kB
Buffers:           41172 kB
Cached:           410288 kB
MemTotal:        1844596 kB
MemFree:         1140292 kB
MemAvailable:    1459424 kB
Buffers:           41172 kB
Cached:           410288 kB
MemTotal:        1844596 kB
MemFree:         1139296 kB
MemAvailable:    1458428 kB
Buffers:           41172 kB
Cached:           410288 kB
MemTotal:        1844596 kB
MemFree:         1140184 kB
MemAvailable:    1459316 kB
Buffers:           41172 kB
Cached:           410288 kB
MemTotal:        1844596 kB
MemFree:         1140520 kB
MemAvailable:    1459652 kB
Buffers:           41172 kB
Cached:           410288 kB
MemTotal:        1844596 kB
MemFree:         1138944 kB
MemAvailable:    1458076 kB
Buffers:           41172 kB
Cached:           410288 kB
MemTotal:        1844596 kB
MemFree:         1140376 kB
MemAvailable:    1459508 kB
Buffers:           41172 kB
Cached:           410288 kB
MemTotal:        1844596 kB
MemFree:         1140376 kB
MemAvailable:    1459508 kB
Buffers:           41172 kB
Cached:           410288 kB
MemTotal:        1844596 kB
MemFree:         1139192 kB
MemAvailable:    1458324 kB
Buffers:           41172 kB
Cached:           410288 kB
MemTotal:        1844596 kB
MemFree:         1140308 kB
MemAvailable:    1459440 kB
Buffers:           41172 kB
Cached:           410288 kB
MemTotal:        1844596 kB
MemFree:         1140100 kB
MemAvailable:    1459232 kB
Buffers:           41172 kB
Cached:           410288 kB
MemTotal:        1844596 kB
MemFree:         1140268 kB
MemAvailable:    1459400 kB
Buffers:           41172 kB
Cached:           410288 kB
MemTotal:        1844596 kB
MemFree:         1140324 kB
MemAvailable:    1459456 kB
Buffers:           41172 kB
Cached:           410288 kB
MemTotal:        1844596 kB
MemFree:         1139844 kB
MemAvailable:    1458976 kB
Buffers:           41172 kB
Cached:           410288 kB
MemTotal:        1844596 kB
MemFree:         1139080 kB
MemAvailable:    1458212 kB
Buffers:           41172 kB
Cached:           410288 kB
MemTotal:        1844596 kB
MemFree:         1140188 kB
MemAvailable:    1459320 kB
Buffers:           41172 kB
Cached:           410288 kB
MemTotal:        1844596 kB
MemFree:         1140524 kB
MemAvailable:    1459656 kB
Buffers:           41172 kB
Cached:           410288 kB
MemTotal:        1844596 kB
MemFree:         1139196 kB
MemAvailable:    1458328 kB
Buffers:           41172 kB
Cached:           410288 kB
MemTotal:        1844596 kB
MemFree:         1140340 kB
MemAvailable:    1459472 kB
Buffers:           41172 kB
Cached:           410288 kB
MemTotal:        1844596 kB
MemFree:         1139404 kB
MemAvailable:    1458536 kB
Buffers:           41172 kB
Cached:           410288 kB
MemTotal:        1844596 kB
MemFree:         1139156 kB
MemAvailable:    1458288 kB
Buffers:           41172 kB
Cached:           410288 kB
MemTotal:        1844596 kB
MemFree:         1140300 kB
MemAvailable:    1459432 kB
Buffers:           41172 kB
Cached:           410288 kB
MemTotal:        1844596 kB
MemFree:         1140536 kB
MemAvailable:    1459668 kB
Buffers:           41172 kB
Cached:           410288 kB
MemTotal:        1844596 kB
MemFree:         1140512 kB
MemAvailable:    1459644 kB
Buffers:           41172 kB
Cached:           410288 kB
MemTotal:        1844596 kB
MemFree:         1140200 kB
MemAvailable:    1459332 kB
Buffers:           41172 kB
Cached:           410288 kB
MemTotal:        1844596 kB
MemFree:         1140536 kB
MemAvailable:    1459668 kB
Buffers:           41172 kB
Cached:           410288 kB
MemTotal:        1844596 kB
MemFree:         1140328 kB
MemAvailable:    1459460 kB
Buffers:           41172 kB
Cached:           410288 kB
MemTotal:        1844596 kB
MemFree:         1139904 kB
MemAvailable:    1459036 kB
Buffers:           41172 kB
Cached:           410288 kB
MemTotal:        1844596 kB
MemFree:         1135380 kB
MemAvailable:    1454512 kB
Buffers:           41172 kB
Cached:           410288 kB
MemTotal:        1844596 kB
MemFree:         1131404 kB
MemAvailable:    1450536 kB
Buffers:           41172 kB
Cached:           410288 kB
MemTotal:        1844596 kB
MemFree:         1128436 kB
MemAvailable:    1447568 kB
Buffers:           41172 kB
Cached:           410288 kB
MemTotal:        1844596 kB
MemFree:         1124220 kB
MemAvailable:    1443352 kB
Buffers:           41172 kB
Cached:           410288 kB
MemTotal:        1844596 kB
MemFree:         1122808 kB
MemAvailable:    1441940 kB
Buffers:           41172 kB
Cached:           410288 kB
MemTotal:        1844596 kB
MemFree:         1122368 kB
MemAvailable:    1441500 kB
Buffers:           41172 kB
Cached:           410288 kB
MemTotal:        1844596 kB
MemFree:         1121436 kB
MemAvailable:    1440568 kB
Buffers:           41172 kB
Cached:           410288 kB
MemTotal:        1844596 kB
MemFree:         1122544 kB
MemAvailable:    1441676 kB
Buffers:           41172 kB
Cached:           410288 kB
MemTotal:        1844596 kB
MemFree:         1122880 kB
MemAvailable:    1442012 kB
Buffers:           41172 kB
Cached:           410288 kB
MemTotal:        1844596 kB
MemFree:         1122664 kB
MemAvailable:    1441796 kB
Buffers:           41172 kB
Cached:           410288 kB
MemTotal:        1844596 kB
MemFree:         1122916 kB
MemAvailable:    1442048 kB
Buffers:           41172 kB
Cached:           410288 kB
MemTotal:        1844596 kB
MemFree:         1122904 kB
MemAvailable:    1442036 kB
Buffers:           41172 kB
Cached:           410288 kB
MemTotal:        1844596 kB
MemFree:         1122796 kB
MemAvailable:    1441928 kB
Buffers:           41172 kB
Cached:           410288 kB
MemTotal:        1844596 kB
MemFree:         1122652 kB
MemAvailable:    1441784 kB
Buffers:           41172 kB
Cached:           410288 kB
MemTotal:        1844596 kB
MemFree:         1122904 kB
MemAvailable:    1442036 kB
Buffers:           41172 kB
Cached:           410288 kB
MemTotal:        1844596 kB
MemFree:         1122904 kB
MemAvailable:    1442036 kB
Buffers:           41172 kB
Cached:           410288 kB
MemTotal:        1844596 kB
MemFree:         1121556 kB
MemAvailable:    1440688 kB
Buffers:           41172 kB
Cached:           410288 kB
MemTotal:        1844596 kB
MemFree:         1121680 kB
MemAvailable:    1440812 kB
Buffers:           41172 kB
Cached:           410288 kB
MemTotal:        1844596 kB
MemFree:         1121672 kB
MemAvailable:    1440804 kB
Buffers:           41172 kB
Cached:           410288 kB
MemTotal:        1844596 kB
MemFree:         1122892 kB
MemAvailable:    1442024 kB
Buffers:           41172 kB
Cached:           410288 kB
MemTotal:        1844596 kB
MemFree:         1122592 kB
MemAvailable:    1441724 kB
Buffers:           41172 kB
Cached:           410288 kB
MemTotal:        1844596 kB
MemFree:         1122592 kB
MemAvailable:    1441724 kB
Buffers:           41172 kB
Cached:           410288 kB
MemTotal:        1844596 kB
MemFree:         1121616 kB
MemAvailable:    1440748 kB
Buffers:           41172 kB
Cached:           410288 kB
MemTotal:        1844596 kB
MemFree:         1122784 kB
MemAvailable:    1441916 kB
Buffers:           41172 kB
Cached:           410288 kB
MemTotal:        1844596 kB
MemFree:         1122608 kB
MemAvailable:    1441740 kB
Buffers:           41172 kB
Cached:           410288 kB
MemTotal:        1844596 kB
MemFree:         1122344 kB
MemAvailable:    1441476 kB
Buffers:           41172 kB
Cached:           410288 kB
MemTotal:        1844596 kB
MemFree:         1122348 kB
MemAvailable:    1441480 kB
Buffers:           41172 kB
Cached:           410288 kB
MemTotal:        1844596 kB
MemFree:         1121840 kB
MemAvailable:    1440972 kB
Buffers:           41172 kB
Cached:           410288 kB
MemTotal:        1844596 kB
MemFree:         1121740 kB
MemAvailable:    1440872 kB
Buffers:           41172 kB
Cached:           410288 kB
MemTotal:        1844596 kB
MemFree:         1121744 kB
MemAvailable:    1440876 kB
Buffers:           41172 kB
Cached:           410288 kB
MemTotal:        1844596 kB
MemFree:         1121744 kB
MemAvailable:    1440876 kB
Buffers:           41172 kB
Cached:           410288 kB
MemTotal:        1844596 kB
MemFree:         1121780 kB
MemAvailable:    1440912 kB
Buffers:           41172 kB
Cached:           410288 kB
MemTotal:        1844596 kB
MemFree:         1120492 kB
MemAvailable:    1439624 kB
Buffers:           41172 kB
Cached:           410288 kB
MemTotal:        1844596 kB
MemFree:         1120252 kB
MemAvailable:    1439392 kB
Buffers:           41172 kB
Cached:           410296 kB
MemTotal:        1844596 kB
MemFree:         1119508 kB
MemAvailable:    1438648 kB
Buffers:           41172 kB
Cached:           410296 kB
MemTotal:        1844596 kB
MemFree:         1116408 kB
MemAvailable:    1435552 kB
Buffers:           41172 kB
Cached:           410300 kB
MemTotal:        1844596 kB
MemFree:         1113556 kB
MemAvailable:    1432700 kB
Buffers:           41172 kB
Cached:           410300 kB
MemTotal:        1844596 kB
MemFree:         1110580 kB
MemAvailable:    1429724 kB
Buffers:           41172 kB
Cached:           410300 kB
MemTotal:        1844596 kB
MemFree:         1106728 kB
MemAvailable:    1425872 kB
Buffers:           41172 kB
Cached:           410300 kB
MemTotal:        1844596 kB
MemFree:         1106620 kB
MemAvailable:    1425764 kB
Buffers:           41172 kB
Cached:           410300 kB
MemTotal:        1844596 kB
MemFree:         1102388 kB
MemAvailable:    1421532 kB
Buffers:           41172 kB
Cached:           410300 kB
MemTotal:        1844596 kB
MemFree:         1100288 kB
MemAvailable:    1419432 kB
Buffers:           41172 kB
Cached:           410300 kB
MemTotal:        1844596 kB
MemFree:         1098056 kB
MemAvailable:    1417200 kB
Buffers:           41172 kB
Cached:           410300 kB
MemTotal:        1844596 kB
MemFree:         1097624 kB
MemAvailable:    1416768 kB
Buffers:           41172 kB
Cached:           410300 kB
MemTotal:        1844596 kB
MemFree:         1096640 kB
MemAvailable:    1415660 kB
Buffers:           41172 kB
Cached:           410300 kB
MemTotal:        1844596 kB
MemFree:         1091344 kB
MemAvailable:    1410488 kB
Buffers:           41172 kB
Cached:           410300 kB
MemTotal:        1844596 kB
MemFree:         1090740 kB
MemAvailable:    1409884 kB
Buffers:           41172 kB
Cached:           410300 kB
MemTotal:        1844596 kB
MemFree:         1091240 kB
MemAvailable:    1410384 kB
Buffers:           41172 kB
Cached:           410300 kB
MemTotal:        1844596 kB
MemFree:         1091040 kB
MemAvailable:    1410184 kB
Buffers:           41172 kB
Cached:           410300 kB
MemTotal:        1844596 kB
MemFree:         1091040 kB
MemAvailable:    1410184 kB
Buffers:           41172 kB
Cached:           410300 kB
MemTotal:        1844596 kB
MemFree:         1091084 kB
MemAvailable:    1410228 kB
Buffers:           41172 kB
Cached:           410300 kB
MemTotal:        1844596 kB
MemFree:         1089796 kB
MemAvailable:    1408940 kB
Buffers:           41172 kB
Cached:           410300 kB
MemTotal:        1844596 kB
MemFree:         1090972 kB
MemAvailable:    1410116 kB
Buffers:           41172 kB
Cached:           410300 kB
MemTotal:        1844596 kB
MemFree:         1090900 kB
MemAvailable:    1410044 kB
Buffers:           41172 kB
Cached:           410300 kB
MemTotal:        1844596 kB
MemFree:         1091120 kB
MemAvailable:    1410264 kB
Buffers:           41172 kB
Cached:           410300 kB
MemTotal:        1844596 kB
MemFree:         1090916 kB
MemAvailable:    1410060 kB
Buffers:           41172 kB
Cached:           410300 kB
MemTotal:        1844596 kB
MemFree:         1089856 kB
MemAvailable:    1409000 kB
Buffers:           41172 kB
Cached:           410300 kB
MemTotal:        1844596 kB
MemFree:         1089940 kB
MemAvailable:    1409084 kB
Buffers:           41172 kB
Cached:           410300 kB
MemTotal:        1844596 kB
MemFree:         1089608 kB
MemAvailable:    1408752 kB
Buffers:           41172 kB
Cached:           410300 kB
MemTotal:        1844596 kB
MemFree:         1089684 kB
MemAvailable:    1408828 kB
Buffers:           41172 kB
Cached:           410300 kB
MemTotal:        1844596 kB
MemFree:         1089260 kB
MemAvailable:    1408404 kB
Buffers:           41172 kB
Cached:           410300 kB
MemTotal:        1844596 kB
MemFree:         1089676 kB
MemAvailable:    1408820 kB
Buffers:           41172 kB
Cached:           410300 kB
MemTotal:        1844596 kB
MemFree:         1088584 kB
MemAvailable:    1407728 kB
Buffers:           41172 kB
Cached:           410300 kB
MemTotal:        1844596 kB
MemFree:         1088452 kB
MemAvailable:    1407596 kB
Buffers:           41172 kB
Cached:           410300 kB
MemTotal:        1844596 kB
MemFree:         1089684 kB
MemAvailable:    1408828 kB
Buffers:           41172 kB
Cached:           410300 kB
MemTotal:        1844596 kB
MemFree:         1089748 kB
MemAvailable:    1408892 kB
Buffers:           41172 kB
Cached:           410300 kB
MemTotal:        1844596 kB
MemFree:         1089312 kB
MemAvailable:    1408456 kB
Buffers:           41172 kB
Cached:           410300 kB
MemTotal:        1844596 kB
MemFree:         1087880 kB
MemAvailable:    1407024 kB
Buffers:           41172 kB
Cached:           410300 kB
MemTotal:        1844596 kB
MemFree:         1087516 kB
MemAvailable:    1406660 kB
Buffers:           41172 kB
Cached:           410300 kB
MemTotal:        1844596 kB
MemFree:         1088188 kB
MemAvailable:    1407332 kB
Buffers:           41172 kB
Cached:           410300 kB
MemTotal:        1844596 kB
MemFree:         1087948 kB
MemAvailable:    1407092 kB
Buffers:           41172 kB
Cached:           410300 kB
MemTotal:        1844596 kB
MemFree:         1086888 kB
MemAvailable:    1406032 kB
Buffers:           41172 kB
Cached:           410300 kB
MemTotal:        1844596 kB
MemFree:         1086904 kB
MemAvailable:    1406048 kB
Buffers:           41172 kB
Cached:           410300 kB
MemTotal:        1844596 kB
MemFree:         1086824 kB
MemAvailable:    1405968 kB
Buffers:           41172 kB
Cached:           410300 kB
MemTotal:        1844596 kB
MemFree:         1086620 kB
MemAvailable:    1405764 kB
Buffers:           41172 kB
Cached:           410300 kB
MemTotal:        1844596 kB
MemFree:         1086152 kB
MemAvailable:    1405296 kB
Buffers:           41172 kB
Cached:           410300 kB
MemTotal:        1844596 kB
MemFree:         1086820 kB
MemAvailable:    1405964 kB
Buffers:           41172 kB
Cached:           410300 kB
MemTotal:        1844596 kB
MemFree:         1085472 kB
MemAvailable:    1404616 kB
Buffers:           41172 kB
Cached:           410300 kB
MemTotal:        1844596 kB
MemFree:         1085508 kB
MemAvailable:    1404652 kB
Buffers:           41172 kB
Cached:           410300 kB
MemTotal:        1844596 kB
MemFree:         1086808 kB
MemAvailable:    1405952 kB
Buffers:           41172 kB
Cached:           410300 kB
MemTotal:        1844596 kB
MemFree:         1086632 kB
MemAvailable:    1405776 kB
Buffers:           41172 kB
Cached:           410300 kB
MemTotal:        1844596 kB
MemFree:         1086884 kB
MemAvailable:    1406028 kB
Buffers:           41172 kB
Cached:           410300 kB
MemTotal:        1844596 kB
MemFree:         1086760 kB
MemAvailable:    1405904 kB
Buffers:           41172 kB
Cached:           410300 kB
MemTotal:        1844596 kB
MemFree:         1086772 kB
MemAvailable:    1405916 kB
Buffers:           41172 kB
Cached:           410300 kB
MemTotal:        1844596 kB
MemFree:         1085464 kB
MemAvailable:    1404608 kB
Buffers:           41172 kB
Cached:           410300 kB
MemTotal:        1844596 kB
MemFree:         1086808 kB
MemAvailable:    1405952 kB
Buffers:           41172 kB
Cached:           410300 kB
MemTotal:        1844596 kB
MemFree:         1086640 kB
MemAvailable:    1405784 kB
Buffers:           41172 kB
Cached:           410300 kB
MemTotal:        1844596 kB
MemFree:         1086532 kB
MemAvailable:    1405676 kB
Buffers:           41172 kB
Cached:           410300 kB
MemTotal:        1844596 kB
MemFree:         1085772 kB
MemAvailable:    1404916 kB
Buffers:           41172 kB
Cached:           410300 kB
MemTotal:        1844596 kB
MemFree:         1085640 kB
MemAvailable:    1404784 kB
Buffers:           41172 kB
Cached:           410300 kB
MemTotal:        1844596 kB
MemFree:         1085648 kB
MemAvailable:    1404792 kB
Buffers:           41172 kB
Cached:           410300 kB
MemTotal:        1844596 kB
MemFree:         1085520 kB
MemAvailable:    1404664 kB
Buffers:           41172 kB
Cached:           410300 kB
MemTotal:        1844596 kB
MemFree:         1086712 kB
MemAvailable:    1405856 kB
Buffers:           41172 kB
Cached:           410300 kB
MemTotal:        1844596 kB
MemFree:         1086872 kB
MemAvailable:    1406016 kB
Buffers:           41172 kB
Cached:           410300 kB
MemTotal:        1844596 kB
MemFree:         1086708 kB
MemAvailable:    1405852 kB
Buffers:           41172 kB
Cached:           410300 kB
MemTotal:        1844596 kB
MemFree:         1086888 kB
MemAvailable:    1406032 kB
Buffers:           41172 kB
Cached:           410300 kB
MemTotal:        1844596 kB
MemFree:         1086028 kB
MemAvailable:    1405172 kB
Buffers:           41172 kB
Cached:           410300 kB
MemTotal:        1844596 kB
MemFree:         1085512 kB
MemAvailable:    1404656 kB
Buffers:           41172 kB
Cached:           410300 kB
MemTotal:        1844596 kB
MemFree:         1086812 kB
MemAvailable:    1405956 kB
Buffers:           41172 kB
Cached:           410300 kB
MemTotal:        1844596 kB
MemFree:         1085532 kB
MemAvailable:    1404676 kB
Buffers:           41172 kB
Cached:           410300 kB
MemTotal:        1844596 kB
MemFree:         1086832 kB
MemAvailable:    1405976 kB
Buffers:           41172 kB
Cached:           410300 kB
MemTotal:        1844596 kB
MemFree:         1085392 kB
MemAvailable:    1404536 kB
Buffers:           41172 kB
Cached:           410300 kB
MemTotal:        1844596 kB
MemFree:         1085484 kB
MemAvailable:    1404628 kB
Buffers:           41172 kB
Cached:           410300 kB
MemTotal:        1844596 kB
MemFree:         1085476 kB
MemAvailable:    1404620 kB
Buffers:           41172 kB
Cached:           410300 kB
MemTotal:        1844596 kB
MemFree:         1086688 kB
MemAvailable:    1405832 kB
Buffers:           41172 kB
Cached:           410300 kB
MemTotal:        1844596 kB
MemFree:         1086772 kB
MemAvailable:    1405916 kB
Buffers:           41172 kB
Cached:           410300 kB
MemTotal:        1844596 kB
MemFree:         1085528 kB
MemAvailable:    1404680 kB
Buffers:           41172 kB
Cached:           410308 kB
MemTotal:        1844596 kB
MemFree:         1086628 kB
MemAvailable:    1405780 kB
Buffers:           41172 kB
Cached:           410308 kB
MemTotal:        1844596 kB
MemFree:         1086880 kB
MemAvailable:    1406032 kB
Buffers:           41172 kB
Cached:           410308 kB
MemTotal:        1844596 kB
MemFree:         1086596 kB
MemAvailable:    1405748 kB
Buffers:           41172 kB
Cached:           410308 kB
MemTotal:        1844596 kB
MemFree:         1085540 kB
MemAvailable:    1404692 kB
Buffers:           41172 kB
Cached:           410308 kB
MemTotal:        1844596 kB
MemFree:         1085284 kB
MemAvailable:    1404436 kB
Buffers:           41172 kB
Cached:           410308 kB
MemTotal:        1844596 kB
MemFree:         1082688 kB
MemAvailable:    1401840 kB
Buffers:           41180 kB
Cached:           410300 kB
MemTotal:        1844596 kB
MemFree:         1079960 kB
MemAvailable:    1399112 kB
Buffers:           41180 kB
Cached:           410300 kB
MemTotal:        1844596 kB
MemFree:         1080440 kB
MemAvailable:    1399592 kB
Buffers:           41180 kB
Cached:           410300 kB
MemTotal:        1844596 kB
MemFree:         1080060 kB
MemAvailable:    1399212 kB
Buffers:           41180 kB
Cached:           410300 kB
MemTotal:        1844596 kB
MemFree:         1079712 kB
MemAvailable:    1398864 kB
Buffers:           41180 kB
Cached:           410300 kB
MemTotal:        1844596 kB
MemFree:         1079904 kB
MemAvailable:    1399056 kB
Buffers:           41180 kB
Cached:           410300 kB
MemTotal:        1844596 kB
MemFree:         1078788 kB
MemAvailable:    1397940 kB
Buffers:           41180 kB
Cached:           410300 kB
MemTotal:        1844596 kB
MemFree:         1080056 kB
MemAvailable:    1399208 kB
Buffers:           41180 kB
Cached:           410300 kB
MemTotal:        1844596 kB
MemFree:         1080308 kB
MemAvailable:    1399460 kB
Buffers:           41180 kB
Cached:           410300 kB
MemTotal:        1844596 kB
MemFree:         1080004 kB
MemAvailable:    1399156 kB
Buffers:           41180 kB
Cached:           410300 kB
MemTotal:        1844596 kB
MemFree:         1079748 kB
MemAvailable:    1398900 kB
Buffers:           41180 kB
Cached:           410300 kB
MemTotal:        1844596 kB
MemFree:         1078316 kB
MemAvailable:    1397468 kB
Buffers:           41180 kB
Cached:           410300 kB
MemTotal:        1844596 kB
MemFree:         1079608 kB
MemAvailable:    1398760 kB
Buffers:           41180 kB
Cached:           410300 kB
MemTotal:        1844596 kB
MemFree:         1078268 kB
MemAvailable:    1397420 kB
Buffers:           41180 kB
Cached:           410300 kB
MemTotal:        1844596 kB
MemFree:         1078392 kB
MemAvailable:    1397544 kB
Buffers:           41180 kB
Cached:           410300 kB
MemTotal:        1844596 kB
MemFree:         1078308 kB
MemAvailable:    1397460 kB
Buffers:           41180 kB
Cached:           410300 kB
MemTotal:        1844596 kB
MemFree:         1079692 kB
MemAvailable:    1398844 kB
Buffers:           41180 kB
Cached:           410300 kB
MemTotal:        1844596 kB
MemFree:         1079840 kB
MemAvailable:    1398992 kB
Buffers:           41180 kB
Cached:           410300 kB
MemTotal:        1844596 kB
MemFree:         1078336 kB
MemAvailable:    1397488 kB
Buffers:           41180 kB
Cached:           410300 kB
MemTotal:        1844596 kB
MemFree:         1078336 kB
MemAvailable:    1397488 kB
Buffers:           41180 kB
Cached:           410300 kB
MemTotal:        1844596 kB
MemFree:         1078668 kB
MemAvailable:    1397820 kB
Buffers:           41180 kB
Cached:           410300 kB
MemTotal:        1844596 kB
MemFree:         1078164 kB
MemAvailable:    1397316 kB
Buffers:           41180 kB
Cached:           410300 kB
MemTotal:        1844596 kB
MemFree:         1078288 kB
MemAvailable:    1397440 kB
Buffers:           41180 kB
Cached:           410300 kB
MemTotal:        1844596 kB
MemFree:         1078412 kB
MemAvailable:    1397564 kB
Buffers:           41180 kB
Cached:           410300 kB
MemTotal:        1844596 kB
MemFree:         1079616 kB
MemAvailable:    1398768 kB
Buffers:           41180 kB
Cached:           410300 kB
MemTotal:        1844596 kB
MemFree:         1078532 kB
MemAvailable:    1397684 kB
Buffers:           41180 kB
Cached:           410300 kB
MemTotal:        1844596 kB
MemFree:         1078152 kB
MemAvailable:    1397304 kB
Buffers:           41180 kB
Cached:           410300 kB
MemTotal:        1844596 kB
MemFree:         1078404 kB
MemAvailable:    1397556 kB
Buffers:           41180 kB
Cached:           410300 kB
MemTotal:        1844596 kB
MemFree:         1078396 kB
MemAvailable:    1397548 kB
Buffers:           41180 kB
Cached:           410300 kB
MemTotal:        1844596 kB
MemFree:         1079580 kB
MemAvailable:    1398732 kB
Buffers:           41180 kB
Cached:           410300 kB
MemTotal:        1844596 kB
MemFree:         1078316 kB
MemAvailable:    1397468 kB
Buffers:           41180 kB
Cached:           410300 kB
MemTotal:        1844596 kB
MemFree:         1078144 kB
MemAvailable:    1397296 kB
Buffers:           41180 kB
Cached:           410300 kB
MemTotal:        1844596 kB
MemFree:         1079672 kB
MemAvailable:    1398824 kB
Buffers:           41180 kB
Cached:           410300 kB
MemTotal:        1844596 kB
MemFree:         1079692 kB
MemAvailable:    1398844 kB
Buffers:           41180 kB
Cached:           410300 kB
MemTotal:        1844596 kB
MemFree:         1078588 kB
MemAvailable:    1397740 kB
Buffers:           41180 kB
Cached:           410300 kB
MemTotal:        1844596 kB
MemFree:         1078672 kB
MemAvailable:    1397824 kB
Buffers:           41180 kB
Cached:           410300 kB
MemTotal:        1844596 kB
MemFree:         1078300 kB
MemAvailable:    1397452 kB
Buffers:           41180 kB
Cached:           410300 kB
MemTotal:        1844596 kB
MemFree:         1078212 kB
MemAvailable:    1397364 kB
Buffers:           41180 kB
Cached:           410300 kB
MemTotal:        1844596 kB
MemFree:         1079404 kB
MemAvailable:    1398556 kB
Buffers:           41180 kB
Cached:           410300 kB
MemTotal:        1844596 kB
MemFree:         1079656 kB
MemAvailable:    1398808 kB
Buffers:           41180 kB
Cached:           410300 kB
MemTotal:        1844596 kB
MemFree:         1079392 kB
MemAvailable:    1398544 kB
Buffers:           41180 kB
Cached:           410300 kB
MemTotal:        1844596 kB
MemFree:         1079476 kB
MemAvailable:    1398628 kB
Buffers:           41180 kB
Cached:           410300 kB
MemTotal:        1844596 kB
MemFree:         1078336 kB
MemAvailable:    1397488 kB
Buffers:           41180 kB
Cached:           410300 kB
MemTotal:        1844596 kB
MemFree:         1079548 kB
MemAvailable:    1398700 kB
Buffers:           41180 kB
Cached:           410300 kB
MemTotal:        1844596 kB
MemFree:         1079540 kB
MemAvailable:    1398692 kB
Buffers:           41180 kB
Cached:           410300 kB
MemTotal:        1844596 kB
MemFree:         1079324 kB
MemAvailable:    1398476 kB
Buffers:           41180 kB
Cached:           410300 kB
MemTotal:        1844596 kB
MemFree:         1078968 kB
MemAvailable:    1398120 kB
Buffers:           41180 kB
Cached:           410300 kB
MemTotal:        1844596 kB
MemFree:         1079636 kB
MemAvailable:    1398788 kB
Buffers:           41180 kB
Cached:           410300 kB
MemTotal:        1844596 kB
MemFree:         1078720 kB
MemAvailable:    1397872 kB
Buffers:           41180 kB
Cached:           410300 kB
MemTotal:        1844596 kB
MemFree:         1078184 kB
MemAvailable:    1397336 kB
Buffers:           41180 kB
Cached:           410300 kB
MemTotal:        1844596 kB
MemFree:         1078184 kB
MemAvailable:    1397336 kB
Buffers:           41180 kB
Cached:           410300 kB
MemTotal:        1844596 kB
MemFree:         1079484 kB
MemAvailable:    1398636 kB
Buffers:           41180 kB
Cached:           410300 kB
MemTotal:        1844596 kB
MemFree:         1078844 kB
MemAvailable:    1397996 kB
Buffers:           41180 kB
Cached:           410300 kB
MemTotal:        1844596 kB
MemFree:         1079396 kB
MemAvailable:    1398548 kB
Buffers:           41180 kB
Cached:           410300 kB
MemTotal:        1844596 kB
MemFree:         1079564 kB
MemAvailable:    1398716 kB
Buffers:           41180 kB
Cached:           410300 kB
MemTotal:        1844596 kB
MemFree:         1078204 kB
MemAvailable:    1397356 kB
Buffers:           41180 kB
Cached:           410300 kB
MemTotal:        1844596 kB
MemFree:         1079312 kB
MemAvailable:    1398464 kB
Buffers:           41180 kB
Cached:           410300 kB
MemTotal:        1844596 kB
MemFree:         1079648 kB
MemAvailable:    1398800 kB
Buffers:           41180 kB
Cached:           410300 kB
MemTotal:        1844596 kB
MemFree:         1079324 kB
MemAvailable:    1398476 kB
Buffers:           41180 kB
Cached:           410300 kB
MemTotal:        1844596 kB
MemFree:         1079660 kB
MemAvailable:    1398812 kB
Buffers:           41180 kB
Cached:           410300 kB
MemTotal:        1844596 kB
MemFree:         1079608 kB
MemAvailable:    1398776 kB
Buffers:           41180 kB
Cached:           410316 kB
MemTotal:        1844596 kB
MemFree:         1078348 kB
MemAvailable:    1397516 kB
Buffers:           41180 kB
Cached:           410316 kB
MemTotal:        1844596 kB
MemFree:         1079476 kB
MemAvailable:    1398644 kB
Buffers:           41180 kB
Cached:           410316 kB
MemTotal:        1844596 kB
MemFree:         1078044 kB
MemAvailable:    1397212 kB
Buffers:           41180 kB
Cached:           410316 kB
MemTotal:        1844596 kB
MemFree:         1079344 kB
MemAvailable:    1398764 kB
Buffers:           41180 kB
Cached:           410564 kB
MemTotal:        1844596 kB
MemFree:         1078888 kB
MemAvailable:    1398392 kB
Buffers:           41180 kB
Cached:           410688 kB
MemTotal:        1844596 kB
MemFree:         1079140 kB
MemAvailable:    1398644 kB
Buffers:           41180 kB
Cached:           410688 kB
MemTotal:        1844596 kB
MemFree:         1078780 kB
MemAvailable:    1398452 kB
Buffers:           41180 kB
Cached:           410812 kB
MemTotal:        1844596 kB
MemFree:         1078852 kB
MemAvailable:    1398524 kB
Buffers:           41180 kB
Cached:           410812 kB
MemTotal:        1844596 kB
MemFree:         1078856 kB
MemAvailable:    1398612 kB
Buffers:           41180 kB
Cached:           410812 kB
MemTotal:        1844596 kB
MemFree:         1078768 kB
MemAvailable:    1398524 kB
Buffers:           41180 kB
Cached:           410936 kB
MemTotal:        1844596 kB
MemFree:         1078868 kB
MemAvailable:    1398624 kB
Buffers:           41180 kB
Cached:           410936 kB
MemTotal:        1844596 kB
MemFree:         1078100 kB
MemAvailable:    1397856 kB
Buffers:           41180 kB
Cached:           410936 kB
MemTotal:        1844596 kB
MemFree:         1078540 kB
MemAvailable:    1398324 kB
Buffers:           41180 kB
Cached:           411008 kB
MemTotal:        1844596 kB
MemFree:         1078796 kB
MemAvailable:    1398580 kB
Buffers:           41180 kB
Cached:           411008 kB
MemTotal:        1844596 kB
MemFree:         1078720 kB
MemAvailable:    1398504 kB
Buffers:           41180 kB
Cached:           411008 kB
MemTotal:        1844596 kB
MemFree:         1077600 kB
MemAvailable:    1397384 kB
Buffers:           41180 kB
Cached:           411008 kB
MemTotal:        1844596 kB
MemFree:         1078092 kB
MemAvailable:    1397288 kB
Buffers:           41180 kB
Cached:           410376 kB
MemTotal:        1844596 kB
MemFree:         1078740 kB
MemAvailable:    1397936 kB
Buffers:           41180 kB
Cached:           410376 kB
MemTotal:        1844596 kB
MemFree:         1116856 kB
MemAvailable:    1436052 kB
Buffers:           41180 kB
Cached:           410376 kB
MemTotal:        1844596 kB
MemFree:         1272904 kB
MemAvailable:    1592100 kB
Buffers:           41180 kB
Cached:           410376 kB
