MemTotal:        1844596 kB
MemFree:         1274256 kB
MemAvailable:    1595300 kB
Buffers:           41364 kB
Cached:           411944 kB
MemTotal:        1844596 kB
MemFree:         1247812 kB
MemAvailable:    1568860 kB
Buffers:           41364 kB
Cached:           411948 kB
MemTotal:        1844596 kB
MemFree:         1245844 kB
MemAvailable:    1566892 kB
Buffers:           41364 kB
Cached:           411948 kB
MemTotal:        1844596 kB
MemFree:         1246144 kB
MemAvailable:    1567192 kB
Buffers:           41364 kB
Cached:           411948 kB
MemTotal:        1844596 kB
MemFree:         1244844 kB
MemAvailable:    1565892 kB
Buffers:           41364 kB
Cached:           411948 kB
MemTotal:        1844596 kB
MemFree:         1243604 kB
MemAvailable:    1564652 kB
Buffers:           41364 kB
Cached:           411948 kB
MemTotal:        1844596 kB
MemFree:         1243664 kB
MemAvailable:    1564712 kB
Buffers:           41364 kB
Cached:           411948 kB
MemTotal:        1844596 kB
MemFree:         1243660 kB
MemAvailable:    1564708 kB
Buffers:           41364 kB
Cached:           411948 kB
MemTotal:        1844596 kB
MemFree:         1242560 kB
MemAvailable:    1563608 kB
Buffers:           41364 kB
Cached:           411948 kB
MemTotal:        1844596 kB
MemFree:         1239992 kB
MemAvailable:    1561040 kB
Buffers:           41364 kB
Cached:           411948 kB
MemTotal:        1844596 kB
MemFree:         1239884 kB
MemAvailable:    1560932 kB
Buffers:           41364 kB
Cached:           411948 kB
MemTotal:        1844596 kB
MemFree:         1236280 kB
MemAvailable:    1557328 kB
Buffers:           41364 kB
Cached:           411948 kB
MemTotal:        1844596 kB
MemFree:         1232752 kB
MemAvailable:    1553800 kB
Buffers:           41364 kB
Cached:           411948 kB
MemTotal:        1844596 kB
MemFree:         1231320 kB
MemAvailable:    1552368 kB
Buffers:           41364 kB
Cached:           411948 kB
MemTotal:        1844596 kB
MemFree:         1233448 kB
MemAvailable:    1554496 kB
Buffers:           41364 kB
Cached:           411948 kB
MemTotal:        1844596 kB
MemFree:         1232692 kB
MemAvailable:    1553740 kB
Buffers:           41364 kB
Cached:           411948 kB
MemTotal:        1844596 kB
MemFree:         1233384 kB
MemAvailable:    1554432 kB
Buffers:           41364 kB
Cached:           411948 kB
MemTotal:        1844596 kB
MemFree:         1232304 kB
MemAvailable:    1553352 kB
Buffers:           41364 kB
Cached:           411948 kB
MemTotal:        1844596 kB
MemFree:         1233240 kB
MemAvailable:    1554288 kB
Buffers:           41364 kB
Cached:           411948 kB
MemTotal:        1844596 kB
MemFree:         1232064 kB
MemAvailable:    1553112 kB
Buffers:           41364 kB
Cached:           411948 kB
MemTotal:        1844596 kB
MemFree:         1231932 kB
MemAvailable:    1552980 kB
Buffers:           41364 kB
Cached:           411948 kB
MemTotal:        1844596 kB
MemFree:         1233000 kB
MemAvailable:    1554048 kB
Buffers:           41364 kB
Cached:           411948 kB
MemTotal:        1844596 kB
MemFree:         1231824 kB
MemAvailable:    1552872 kB
Buffers:           41364 kB
Cached:           411948 kB
MemTotal:        1844596 kB
MemFree:         1232540 kB
MemAvailable:    1553588 kB
Buffers:           41364 kB
Cached:           411948 kB
MemTotal:        1844596 kB
MemFree:         1232876 kB
MemAvailable:    1553924 kB
Buffers:           41364 kB
Cached:           411948 kB
MemTotal:        1844596 kB
MemFree:         1232408 kB
MemAvailable:    1553456 kB
Buffers:           41364 kB
Cached:           411948 kB
MemTotal:        1844596 kB
MemFree:         1232408 kB
MemAvailable:    1553456 kB
Buffers:           41364 kB
Cached:           411948 kB
MemTotal:        1844596 kB
MemFree:         1232064 kB
MemAvailable:    1553112 kB
Buffers:           41364 kB
Cached:           411948 kB
MemTotal:        1844596 kB
MemFree:         1232064 kB
MemAvailable:    1553112 kB
Buffers:           41364 kB
Cached:           411948 kB
MemTotal:        1844596 kB
MemFree:         1231936 kB
MemAvailable:    1552984 kB
Buffers:           41364 kB
Cached:           411948 kB
MemTotal:        1844596 kB
MemFree:         1230688 kB
MemAvailable:    1551736 kB
Buffers:           41364 kB
Cached:           411948 kB
MemTotal:        1844596 kB
MemFree:         1231540 kB
MemAvailable:    1552588 kB
Buffers:           41364 kB
Cached:           411948 kB
MemTotal:        1844596 kB
MemFree:         1231460 kB
MemAvailable:    1552508 kB
Buffers:           41364 kB
Cached:           411948 kB
MemTotal:        1844596 kB
MemFree:         1231140 kB
MemAvailable:    1552188 kB
Buffers:           41364 kB
Cached:           411948 kB
MemTotal:        1844596 kB
MemFree:         1229584 kB
MemAvailable:    1550632 kB
Buffers:           41364 kB
Cached:           411948 kB
MemTotal:        1844596 kB
MemFree:         1230948 kB
MemAvailable:    1551996 kB
Buffers:           41364 kB
Cached:           411948 kB
MemTotal:        1844596 kB
MemFree:         1230644 kB
MemAvailable:    1551692 kB
Buffers:           41364 kB
Cached:           411948 kB
MemTotal:        1844596 kB
MemFree:         1229212 kB
MemAvailable:    1550260 kB
Buffers:           41364 kB
Cached:           411948 kB
MemTotal:        1844596 kB
MemFree:         1230328 kB
MemAvailable:    1551376 kB
Buffers:           41364 kB
Cached:           411948 kB
MemTotal:        1844596 kB
MemFree:         1229344 kB
MemAvailable:    1550392 kB
Buffers:           41364 kB
Cached:           411948 kB
MemTotal:        1844596 kB
MemFree:         1230184 kB
MemAvailable:    1551232 kB
Buffers:           41364 kB
Cached:           411948 kB
MemTotal:        1844596 kB
MemFree:         1229788 kB
MemAvailable:    1550836 kB
Buffers:           41364 kB
Cached:           411948 kB
MemTotal:        1844596 kB
MemFree:         1230200 kB
MemAvailable:    1551248 kB
Buffers:           41364 kB
Cached:           411948 kB
MemTotal:        1844596 kB
MemFree:         1230576 kB
MemAvailable:    1551624 kB
Buffers:           41364 kB
Cached:           411948 kB
MemTotal:        1844596 kB
MemFree:         1230088 kB
MemAvailable:    1551136 kB
Buffers:           41364 kB
Cached:           411948 kB
MemTotal:        1844596 kB
MemFree:         1228412 kB
MemAvailable:    1549460 kB
Buffers:           41364 kB
Cached:           411948 kB
MemTotal:        1844596 kB
MemFree:         1225376 kB
MemAvailable:    1546424 kB
Buffers:           41364 kB
Cached:           411948 kB
MemTotal:        1844596 kB
MemFree:         1225244 kB
MemAvailable:    1546292 kB
Buffers:           41364 kB
Cached:           411948 kB
MemTotal:        1844596 kB
MemFree:         1225368 kB
MemAvailable:    1546416 kB
Buffers:           41364 kB
Cached:           411948 kB
MemTotal:        1844596 kB
MemFree:         1226520 kB
MemAvailable:    1547568 kB
Buffers:           41364 kB
Cached:           411948 kB
MemTotal:        1844596 kB
MemFree:         1225244 kB
MemAvailable:    1546292 kB
Buffers:           41364 kB
Cached:           411948 kB
MemTotal:        1844596 kB
MemFree:         1226104 kB
MemAvailable:    1547152 kB
Buffers:           41364 kB
Cached:           411948 kB
MemTotal:        1844596 kB
MemFree:         1226440 kB
MemAvailable:    1547488 kB
Buffers:           41364 kB
Cached:           411948 kB
MemTotal:        1844596 kB
MemFree:         1225816 kB
MemAvailable:    1546864 kB
Buffers:           41364 kB
Cached:           411948 kB
MemTotal:        1844596 kB
MemFree:         1225984 kB
MemAvailable:    1547032 kB
Buffers:           41364 kB
Cached:           411948 kB
MemTotal:        1844596 kB
MemFree:         1226044 kB
MemAvailable:    1547092 kB
Buffers:           41364 kB
Cached:           411948 kB
MemTotal:        1844596 kB
MemFree:         1224728 kB
MemAvailable:    1545776 kB
Buffers:           41364 kB
Cached:           411948 kB
MemTotal:        1844596 kB
MemFree:         1224612 kB
MemAvailable:    1545660 kB
Buffers:           41364 kB
Cached:           411948 kB
MemTotal:        1844596 kB
MemFree:         1224604 kB
MemAvailable:    1545652 kB
Buffers:           41364 kB
Cached:           411948 kB
MemTotal:        1844596 kB
MemFree:         1224612 kB
MemAvailable:    1545660 kB
Buffers:           41364 kB
Cached:           411948 kB
MemTotal:        1844596 kB
MemFree:         1225812 kB
MemAvailable:    1546860 kB
Buffers:           41364 kB
Cached:           411948 kB
MemTotal:        1844596 kB
MemFree:         1224508 kB
MemAvailable:    1545556 kB
Buffers:           41364 kB
Cached:           411948 kB
MemTotal:        1844596 kB
MemFree:         1222260 kB
MemAvailable:    1543308 kB
Buffers:           41364 kB
Cached:           411948 kB
MemTotal:        1844596 kB
MemFree:         1222260 kB
MemAvailable:    1543308 kB
Buffers:           41364 kB
Cached:           411948 kB
MemTotal:        1844596 kB
MemFree:         1220228 kB
MemAvailable:    1541276 kB
Buffers:           41364 kB
Cached:           411948 kB
MemTotal:        1844596 kB
MemFree:         1218556 kB
MemAvailable:    1539604 kB
Buffers:           41364 kB
Cached:           411948 kB
MemTotal:        1844596 kB
MemFree:         1218424 kB
MemAvailable:    1539472 kB
Buffers:           41364 kB
Cached:           411948 kB
MemTotal:        1844596 kB
MemFree:         1216944 kB
MemAvailable:    1537992 kB
Buffers:           41364 kB
Cached:           411948 kB
MemTotal:        1844596 kB
MemFree:         1216696 kB
MemAvailable:    1537744 kB
Buffers:           41364 kB
Cached:           411948 kB
MemTotal:        1844596 kB
MemFree:         1216440 kB
MemAvailable:    1537488 kB
Buffers:           41364 kB
Cached:           411948 kB
MemTotal:        1844596 kB
MemFree:         1215880 kB
MemAvailable:    1536928 kB
Buffers:           41364 kB
Cached:           411948 kB
MemTotal:        1844596 kB
MemFree:         1217312 kB
MemAvailable:    1538360 kB
Buffers:           41364 kB
Cached:           411948 kB
MemTotal:        1844596 kB
MemFree:         1216440 kB
MemAvailable:    1537488 kB
Buffers:           41364 kB
Cached:           411948 kB
MemTotal:        1844596 kB
MemFree:         1217144 kB
MemAvailable:    1538200 kB
Buffers:           41364 kB
Cached:           411956 kB
MemTotal:        1844596 kB
MemFree:         1217400 kB
MemAvailable:    1538456 kB
Buffers:           41364 kB
Cached:           411956 kB
MemTotal:        1844596 kB
MemFree:         1217120 kB
MemAvailable:    1538176 kB
Buffers:           41364 kB
Cached:           411956 kB
MemTotal:        1844596 kB
MemFree:         1216864 kB
MemAvailable:    1537920 kB
Buffers:           41364 kB
Cached:           411956 kB
MemTotal:        1844596 kB
MemFree:         1215904 kB
MemAvailable:    1536960 kB
Buffers:           41364 kB
Cached:           411956 kB
MemTotal:        1844596 kB
MemFree:         1217180 kB
MemAvailable:    1538236 kB
Buffers:           41364 kB
Cached:           411956 kB
MemTotal:        1844596 kB
MemFree:         1215936 kB
MemAvailable:    1536992 kB
Buffers:           41364 kB
Cached:           411956 kB
MemTotal:        1844596 kB
MemFree:         1215804 kB
MemAvailable:    1536860 kB
Buffers:           41364 kB
Cached:           411956 kB
MemTotal:        1844596 kB
MemFree:         1216012 kB
MemAvailable:    1537068 kB
Buffers:           41364 kB
Cached:           411956 kB
MemTotal:        1844596 kB
MemFree:         1216128 kB
MemAvailable:    1537184 kB
Buffers:           41364 kB
Cached:           411956 kB
MemTotal:        1844596 kB
MemFree:         1215880 kB
MemAvailable:    1536936 kB
Buffers:           41364 kB
Cached:           411956 kB
MemTotal:        1844596 kB
MemFree:         1215624 kB
MemAvailable:    1536680 kB
Buffers:           41364 kB
Cached:           411956 kB
MemTotal:        1844596 kB
MemFree:         1215580 kB
MemAvailable:    1536636 kB
Buffers:           41364 kB
Cached:           411956 kB
MemTotal:        1844596 kB
MemFree:         1215664 kB
MemAvailable:    1536720 kB
Buffers:           41364 kB
Cached:           411956 kB
MemTotal:        1844596 kB
MemFree:         1216944 kB
MemAvailable:    1538000 kB
Buffers:           41364 kB
Cached:           411956 kB
MemTotal:        1844596 kB
MemFree:         1215532 kB
MemAvailable:    1536588 kB
Buffers:           41364 kB
Cached:           411956 kB
MemTotal:        1844596 kB
MemFree:         1215656 kB
MemAvailable:    1536712 kB
Buffers:           41364 kB
Cached:           411956 kB
MemTotal:        1844596 kB
MemFree:         1214648 kB
MemAvailable:    1535704 kB
Buffers:           41364 kB
Cached:           411956 kB
MemTotal:        1844596 kB
MemFree:         1212108 kB
MemAvailable:    1533164 kB
Buffers:           41364 kB
Cached:           411956 kB
MemTotal:        1844596 kB
MemFree:         1209364 kB
MemAvailable:    1530420 kB
Buffers:           41364 kB
Cached:           411956 kB
MemTotal:        1844596 kB
MemFree:         1208884 kB
MemAvailable:    1529940 kB
Buffers:           41364 kB
Cached:           411956 kB
MemTotal:        1844596 kB
MemFree:         1208488 kB
MemAvailable:    1529544 kB
Buffers:           41364 kB
Cached:           411956 kB
MemTotal:        1844596 kB
MemFree:         1208488 kB
MemAvailable:    1529544 kB
Buffers:           41364 kB
Cached:           411956 kB
MemTotal:        1844596 kB
MemFree:         1208684 kB
MemAvailable:    1529740 kB
Buffers:           41364 kB
Cached:           411956 kB
MemTotal:        1844596 kB
MemFree:         1207500 kB
MemAvailable:    1528556 kB
Buffers:           41364 kB
Cached:           411956 kB
MemTotal:        1844596 kB
MemFree:         1207252 kB
MemAvailable:    1528308 kB
Buffers:           41364 kB
Cached:           411956 kB
MemTotal:        1844596 kB
MemFree:         1208512 kB
MemAvailable:    1529568 kB
Buffers:           41364 kB
Cached:           411956 kB
MemTotal:        1844596 kB
MemFree:         1207272 kB
MemAvailable:    1528328 kB
Buffers:           41364 kB
Cached:           411956 kB
MemTotal:        1844596 kB
MemFree:         1208160 kB
MemAvailable:    1529216 kB
Buffers:           41364 kB
Cached:           411956 kB
MemTotal:        1844596 kB
MemFree:         1206980 kB
MemAvailable:    1528036 kB
Buffers:           41364 kB
Cached:           411956 kB
MemTotal:        1844596 kB
MemFree:         1206848 kB
MemAvailable:    1527904 kB
Buffers:           41364 kB
Cached:           411956 kB
MemTotal:        1844596 kB
MemFree:         1208000 kB
MemAvailable:    1529056 kB
Buffers:           41364 kB
Cached:           411956 kB
MemTotal:        1844596 kB
MemFree:         1208156 kB
MemAvailable:    1529212 kB
Buffers:           41368 kB
Cached:           411952 kB
MemTotal:        1844596 kB
MemFree:         1207964 kB
MemAvailable:    1529020 kB
Buffers:           41368 kB
Cached:           411952 kB
MemTotal:        1844596 kB
MemFree:         1208076 kB
MemAvailable:    1529132 kB
Buffers:           41368 kB
Cached:           411952 kB
MemTotal:        1844596 kB
MemFree:         1208200 kB
MemAvailable:    1529256 kB
Buffers:           41368 kB
Cached:           411952 kB
MemTotal:        1844596 kB
MemFree:         1207744 kB
MemAvailable:    1528800 kB
Buffers:           41368 kB
Cached:           411952 kB
MemTotal:        1844596 kB
MemFree:         1207960 kB
MemAvailable:    1529016 kB
Buffers:           41368 kB
Cached:           411952 kB
MemTotal:        1844596 kB
MemFree:         1207960 kB
MemAvailable:    1529016 kB
Buffers:           41368 kB
Cached:           411952 kB
MemTotal:        1844596 kB
MemFree:         1206888 kB
MemAvailable:    1527944 kB
Buffers:           41368 kB
Cached:           411952 kB
MemTotal:        1844596 kB
MemFree:         1207876 kB
MemAvailable:    1528932 kB
Buffers:           41368 kB
Cached:           411952 kB
MemTotal:        1844596 kB
MemFree:         1208016 kB
MemAvailable:    1529072 kB
Buffers:           41368 kB
Cached:           411952 kB
MemTotal:        1844596 kB
MemFree:         1208188 kB
MemAvailable:    1529244 kB
Buffers:           41368 kB
Cached:           411952 kB
MemTotal:        1844596 kB
MemFree:         1208080 kB
MemAvailable:    1529136 kB
Buffers:           41368 kB
Cached:           411952 kB
MemTotal:        1844596 kB
MemFree:         1207852 kB
MemAvailable:    1528908 kB
Buffers:           41368 kB
Cached:           411952 kB
MemTotal:        1844596 kB
MemFree:         1208188 kB
MemAvailable:    1529244 kB
Buffers:           41368 kB
Cached:           411952 kB
MemTotal:        1844596 kB
MemFree:         1208184 kB
MemAvailable:    1529240 kB
Buffers:           41368 kB
Cached:           411952 kB
MemTotal:        1844596 kB
MemFree:         1207388 kB
MemAvailable:    1528444 kB
Buffers:           41368 kB
Cached:           411952 kB
MemTotal:        1844596 kB
MemFree:         1207960 kB
MemAvailable:    1529028 kB
Buffers:           41368 kB
Cached:           411964 kB
MemTotal:        1844596 kB
MemFree:         1208296 kB
MemAvailable:    1529364 kB
Buffers:           41368 kB
Cached:           411964 kB
MemTotal:        1844596 kB
MemFree:         1204232 kB
MemAvailable:    1525300 kB
Buffers:           41368 kB
Cached:           411964 kB
MemTotal:        1844596 kB
MemFree:         1201568 kB
MemAvailable:    1522636 kB
Buffers:           41368 kB
Cached:           411964 kB
MemTotal:        1844596 kB
MemFree:         1199072 kB
MemAvailable:    1520140 kB
Buffers:           41368 kB
Cached:           411964 kB
MemTotal:        1844596 kB
MemFree:         1198964 kB
MemAvailable:    1520032 kB
Buffers:           41368 kB
Cached:           411964 kB
MemTotal:        1844596 kB
MemFree:         1197704 kB
MemAvailable:    1518772 kB
Buffers:           41368 kB
Cached:           411964 kB
MemTotal:        1844596 kB
MemFree:         1199012 kB
MemAvailable:    1520080 kB
Buffers:           41368 kB
Cached:           411964 kB
MemTotal:        1844596 kB
MemFree:         1198924 kB
MemAvailable:    1519992 kB
Buffers:           41368 kB
Cached:           411964 kB
MemTotal:        1844596 kB
MemFree:         1197468 kB
MemAvailable:    1518536 kB
Buffers:           41368 kB
Cached:           411964 kB
MemTotal:        1844596 kB
MemFree:         1197336 kB
MemAvailable:    1518404 kB
Buffers:           41368 kB
Cached:           411964 kB
MemTotal:        1844596 kB
MemFree:         1197228 kB
MemAvailable:    1518296 kB
Buffers:           41368 kB
Cached:           411964 kB
MemTotal:        1844596 kB
MemFree:         1195800 kB
MemAvailable:    1516868 kB
Buffers:           41368 kB
Cached:           411964 kB
MemTotal:        1844596 kB
MemFree:         1195608 kB
MemAvailable:    1516676 kB
Buffers:           41368 kB
Cached:           411964 kB
MemTotal:        1844596 kB
MemFree:         1195368 kB
MemAvailable:    1516436 kB
Buffers:           41368 kB
Cached:           411964 kB
MemTotal:        1844596 kB
MemFree:         1195236 kB
MemAvailable:    1516304 kB
Buffers:           41368 kB
Cached:           411964 kB
MemTotal:        1844596 kB
MemFree:         1195476 kB
MemAvailable:    1516544 kB
Buffers:           41368 kB
Cached:           411964 kB
MemTotal:        1844596 kB
MemFree:         1195236 kB
MemAvailable:    1516304 kB
Buffers:           41368 kB
Cached:           411964 kB
MemTotal:        1844596 kB
MemFree:         1196304 kB
MemAvailable:    1517372 kB
Buffers:           41368 kB
Cached:           411964 kB
MemTotal:        1844596 kB
MemFree:         1195492 kB
MemAvailable:    1516560 kB
Buffers:           41368 kB
Cached:           411964 kB
MemTotal:        1844596 kB
MemFree:         1196484 kB
MemAvailable:    1517552 kB
Buffers:           41368 kB
Cached:           411964 kB
MemTotal:        1844596 kB
MemFree:         1195244 kB
MemAvailable:    1516312 kB
Buffers:           41368 kB
Cached:           411964 kB
MemTotal:        1844596 kB
MemFree:         1196412 kB
MemAvailable:    1517480 kB
Buffers:           41368 kB
Cached:           411964 kB
MemTotal:        1844596 kB
MemFree:         1195236 kB
MemAvailable:    1516304 kB
Buffers:           41368 kB
Cached:           411964 kB
MemTotal:        1844596 kB
MemFree:         1196360 kB
MemAvailable:    1517428 kB
Buffers:           41368 kB
Cached:           411964 kB
MemTotal:        1844596 kB
MemFree:         1195048 kB
MemAvailable:    1516116 kB
Buffers:           41368 kB
Cached:           411964 kB
MemTotal:        1844596 kB
MemFree:         1194924 kB
MemAvailable:    1515996 kB
Buffers:           41368 kB
Cached:           411968 kB
MemTotal:        1844596 kB
MemFree:         1196400 kB
MemAvailable:    1517472 kB
Buffers:           41368 kB
Cached:           411968 kB
MemTotal:        1844596 kB
MemFree:         1195216 kB
MemAvailable:    1516288 kB
Buffers:           41368 kB
Cached:           411968 kB
MemTotal:        1844596 kB
MemFree:         1194996 kB
MemAvailable:    1516068 kB
Buffers:           41368 kB
Cached:           411968 kB
MemTotal:        1844596 kB
MemFree:         1196296 kB
MemAvailable:    1517368 kB
Buffers:           41368 kB
Cached:           411968 kB
MemTotal:        1844596 kB
MemFree:         1195072 kB
MemAvailable:    1516144 kB
Buffers:           41368 kB
Cached:           411968 kB
MemTotal:        1844596 kB
MemFree:         1196276 kB
MemAvailable:    1517348 kB
Buffers:           41368 kB
Cached:           411968 kB
MemTotal:        1844596 kB
MemFree:         1195112 kB
MemAvailable:    1516184 kB
Buffers:           41368 kB
Cached:           411968 kB
MemTotal:        1844596 kB
MemFree:         1195972 kB
MemAvailable:    1517044 kB
Buffers:           41368 kB
Cached:           411968 kB
MemTotal:        1844596 kB
MemFree:         1196308 kB
MemAvailable:    1517380 kB
Buffers:           41368 kB
Cached:           411968 kB
MemTotal:        1844596 kB
MemFree:         1194816 kB
MemAvailable:    1515888 kB
Buffers:           41368 kB
Cached:           411968 kB
MemTotal:        1844596 kB
MemFree:         1196248 kB
MemAvailable:    1517320 kB
Buffers:           41368 kB
Cached:           411968 kB
MemTotal:        1844596 kB
MemFree:         1196308 kB
MemAvailable:    1517380 kB
Buffers:           41368 kB
Cached:           411968 kB
MemTotal:        1844596 kB
MemFree:         1195484 kB
MemAvailable:    1516556 kB
Buffers:           41368 kB
Cached:           411968 kB
MemTotal:        1844596 kB
MemFree:         1196084 kB
MemAvailable:    1517156 kB
Buffers:           41368 kB
Cached:           411968 kB
MemTotal:        1844596 kB
MemFree:         1196340 kB
MemAvailable:    1517412 kB
Buffers:           41368 kB
Cached:           411968 kB
MemTotal:        1844596 kB
MemFree:         1194928 kB
MemAvailable:    1516000 kB
Buffers:           41368 kB
Cached:           411968 kB
MemTotal:        1844596 kB
MemFree:         1196296 kB
MemAvailable:    1517368 kB
Buffers:           41368 kB
Cached:           411968 kB
MemTotal:        1844596 kB
MemFree:         1195492 kB
MemAvailable:    1516564 kB
Buffers:           41368 kB
Cached:           411968 kB
MemTotal:        1844596 kB
MemFree:         1196064 kB
MemAvailable:    1517136 kB
Buffers:           41368 kB
Cached:           411968 kB
MemTotal:        1844596 kB
MemFree:         1196320 kB
MemAvailable:    1517392 kB
Buffers:           41368 kB
Cached:           411968 kB
MemTotal:        1844596 kB
MemFree:         1196104 kB
MemAvailable:    1517176 kB
Buffers:           41368 kB
Cached:           411968 kB
MemTotal:        1844596 kB
MemFree:         1196444 kB
MemAvailable:    1517516 kB
Buffers:           41368 kB
Cached:           411968 kB
MemTotal:        1844596 kB
MemFree:         1196248 kB
MemAvailable:    1517320 kB
Buffers:           41368 kB
Cached:           411968 kB
MemTotal:        1844596 kB
MemFree:         1195068 kB
MemAvailable:    1516140 kB
Buffers:           41368 kB
Cached:           411968 kB
MemTotal:        1844596 kB
MemFree:         1194812 kB
MemAvailable:    1515884 kB
Buffers:           41368 kB
Cached:           411968 kB
MemTotal:        1844596 kB
MemFree:         1196288 kB
MemAvailable:    1517360 kB
Buffers:           41368 kB
Cached:           411968 kB
MemTotal:        1844596 kB
MemFree:         1196216 kB
MemAvailable:    1517288 kB
Buffers:           41368 kB
Cached:           411968 kB
MemTotal:        1844596 kB
MemFree:         1196036 kB
MemAvailable:    1517108 kB
Buffers:           41368 kB
Cached:           411968 kB
MemTotal:        1844596 kB
MemFree:         1196204 kB
MemAvailable:    1517276 kB
Buffers:           41368 kB
Cached:           411968 kB
MemTotal:        1844596 kB
MemFree:         1194940 kB
MemAvailable:    1516012 kB
Buffers:           41368 kB
Cached:           411968 kB
MemTotal:        1844596 kB
MemFree:         1196248 kB
MemAvailable:    1517320 kB
Buffers:           41368 kB
Cached:           411968 kB
MemTotal:        1844596 kB
MemFree:         1195492 kB
MemAvailable:    1516564 kB
Buffers:           41368 kB
Cached:           411968 kB
MemTotal:        1844596 kB
MemFree:         1194976 kB
MemAvailable:    1516048 kB
Buffers:           41368 kB
Cached:           411968 kB
MemTotal:        1844596 kB
MemFree:         1196472 kB
MemAvailable:    1517544 kB
Buffers:           41368 kB
Cached:           411968 kB
MemTotal:        1844596 kB
MemFree:         1196236 kB
MemAvailable:    1517308 kB
Buffers:           41368 kB
Cached:           411968 kB
MemTotal:        1844596 kB
MemFree:         1194804 kB
MemAvailable:    1515876 kB
Buffers:           41368 kB
Cached:           411968 kB
MemTotal:        1844596 kB
MemFree:         1195840 kB
MemAvailable:    1516912 kB
Buffers:           41368 kB
Cached:           411968 kB
MemTotal:        1844596 kB
MemFree:         1195848 kB
MemAvailable:    1516920 kB
Buffers:           41368 kB
Cached:           411968 kB
MemTotal:        1844596 kB
MemFree:         1195884 kB
MemAvailable:    1516956 kB
Buffers:           41368 kB
Cached:           411968 kB
MemTotal:        1844596 kB
MemFree:         1195924 kB
MemAvailable:    1516996 kB
Buffers:           41368 kB
Cached:           411968 kB
MemTotal:        1844596 kB
MemFree:         1194996 kB
MemAvailable:    1516068 kB
Buffers:           41368 kB
Cached:           411968 kB
MemTotal:        1844596 kB
MemFree:         1195600 kB
MemAvailable:    1516676 kB
Buffers:           41368 kB
Cached:           411972 kB
MemTotal:        1844596 kB
MemFree:         1195940 kB
MemAvailable:    1517016 kB
Buffers:           41368 kB
Cached:           411972 kB
MemTotal:        1844596 kB
MemFree:         1194444 kB
MemAvailable:    1515520 kB
Buffers:           41368 kB
Cached:           411972 kB
MemTotal:        1844596 kB
MemFree:         1195668 kB
MemAvailable:    1516744 kB
Buffers:           41368 kB
Cached:           411972 kB
MemTotal:        1844596 kB
MemFree:         1195836 kB
MemAvailable:    1516912 kB
Buffers:           41368 kB
Cached:           411972 kB
MemTotal:        1844596 kB
MemFree:         1195560 kB
MemAvailable:    1516636 kB
Buffers:           41368 kB
Cached:           411972 kB
MemTotal:        1844596 kB
MemFree:         1195656 kB
MemAvailable:    1516732 kB
Buffers:           41368 kB
Cached:           411972 kB
MemTotal:        1844596 kB
MemFree:         1195580 kB
MemAvailable:    1516656 kB
Buffers:           41368 kB
Cached:           411972 kB
MemTotal:        1844596 kB
MemFree:         1195524 kB
MemAvailable:    1516600 kB
Buffers:           41368 kB
Cached:           411972 kB
MemTotal:        1844596 kB
MemFree:         1195260 kB
MemAvailable:    1516336 kB
Buffers:           41368 kB
Cached:           411972 kB
MemTotal:        1844596 kB
MemFree:         1195196 kB
MemAvailable:    1516272 kB
Buffers:           41368 kB
Cached:           411972 kB
MemTotal:        1844596 kB
MemFree:         1195452 kB
MemAvailable:    1516528 kB
Buffers:           41368 kB
Cached:           411972 kB
MemTotal:        1844596 kB
MemFree:         1193948 kB
MemAvailable:    1515024 kB
Buffers:           41368 kB
Cached:           411972 kB
MemTotal:        1844596 kB
MemFree:         1193948 kB
MemAvailable:    1515024 kB
Buffers:           41368 kB
Cached:           411972 kB
MemTotal:        1844596 kB
MemFree:         1195444 kB
MemAvailable:    1516520 kB
Buffers:           41368 kB
Cached:           411972 kB
MemTotal:        1844596 kB
MemFree:         1195100 kB
MemAvailable:    1516176 kB
Buffers:           41368 kB
Cached:           411972 kB
MemTotal:        1844596 kB
MemFree:         1195356 kB
MemAvailable:    1516432 kB
Buffers:           41368 kB
Cached:           411972 kB
MemTotal:        1844596 kB
MemFree:         1194104 kB
MemAvailable:    1515180 kB
Buffers:           41368 kB
Cached:           411972 kB
MemTotal:        1844596 kB
MemFree:         1194128 kB
MemAvailable:    1515204 kB
Buffers:           41368 kB
Cached:           411972 kB
MemTotal:        1844596 kB
MemFree:         1195056 kB
MemAvailable:    1516132 kB
Buffers:           41368 kB
Cached:           411972 kB
MemTotal:        1844596 kB
MemFree:         1195056 kB
MemAvailable:    1516132 kB
Buffers:           41368 kB
Cached:           411972 kB
MemTotal:        1844596 kB
MemFree:         1193952 kB
MemAvailable:    1515028 kB
Buffers:           41368 kB
Cached:           411972 kB
MemTotal:        1844596 kB
MemFree:         1195304 kB
MemAvailable:    1516380 kB
Buffers:           41368 kB
Cached:           411972 kB
MemTotal:        1844596 kB
MemFree:         1193944 kB
MemAvailable:    1515020 kB
Buffers:           41368 kB
Cached:           411972 kB
MemTotal:        1844596 kB
MemFree:         1193056 kB
MemAvailable:    1514132 kB
Buffers:           41368 kB
Cached:           411972 kB
MemTotal:        1844596 kB
MemFree:         1188980 kB
MemAvailable:    1510056 kB
Buffers:           41368 kB
Cached:           411972 kB
MemTotal:        1844596 kB
MemFree:         1184696 kB
MemAvailable:    1505772 kB
Buffers:           41368 kB
Cached:           411972 kB
MemTotal:        1844596 kB
MemFree:         1184216 kB
MemAvailable:    1505292 kB
Buffers:           41368 kB
Cached:           411972 kB
MemTotal:        1844596 kB
MemFree:         1184448 kB
MemAvailable:    1505524 kB
Buffers:           41368 kB
Cached:           411972 kB
MemTotal:        1844596 kB
MemFree:         1183456 kB
MemAvailable:    1504532 kB
Buffers:           41368 kB
Cached:           411972 kB
MemTotal:        1844596 kB
MemFree:         1183208 kB
MemAvailable:    1504284 kB
Buffers:           41368 kB
Cached:           411972 kB
MemTotal:        1844596 kB
MemFree:         1184440 kB
MemAvailable:    1505516 kB
Buffers:           41368 kB
Cached:           411972 kB
MemTotal:        1844596 kB
MemFree:         1184332 kB
MemAvailable:    1505408 kB
Buffers:           41368 kB
Cached:           411972 kB
MemTotal:        1844596 kB
MemFree:         1182844 kB
MemAvailable:    1503924 kB
Buffers:           41368 kB
Cached:           411976 kB
MemTotal:        1844596 kB
MemFree:         1184028 kB
MemAvailable:    1505108 kB
Buffers:           41368 kB
Cached:           411976 kB
MemTotal:        1844596 kB
MemFree:         1183340 kB
MemAvailable:    1504420 kB
Buffers:           41368 kB
Cached:           411976 kB
MemTotal:        1844596 kB
MemFree:         1182736 kB
MemAvailable:    1503816 kB
Buffers:           41368 kB
Cached:           411976 kB
MemTotal:        1844596 kB
MemFree:         1181232 kB
MemAvailable:    1502312 kB
Buffers:           41368 kB
Cached:           411976 kB
MemTotal:        1844596 kB
MemFree:         1182044 kB
MemAvailable:    1503124 kB
Buffers:           41368 kB
Cached:           411976 kB
MemTotal:        1844596 kB
MemFree:         1180860 kB
MemAvailable:    1501940 kB
Buffers:           41368 kB
Cached:           411976 kB
MemTotal:        1844596 kB
MemFree:         1181844 kB
MemAvailable:    1502924 kB
Buffers:           41368 kB
Cached:           411976 kB
MemTotal:        1844596 kB
MemFree:         1182180 kB
MemAvailable:    1503260 kB
Buffers:           41368 kB
Cached:           411976 kB
MemTotal:        1844596 kB
MemFree:         1181720 kB
MemAvailable:    1502800 kB
Buffers:           41368 kB
Cached:           411976 kB
MemTotal:        1844596 kB
MemFree:         1181972 kB
MemAvailable:    1503052 kB
Buffers:           41368 kB
Cached:           411976 kB
MemTotal:        1844596 kB
MemFree:         1181748 kB
MemAvailable:    1502828 kB
Buffers:           41368 kB
Cached:           411976 kB
MemTotal:        1844596 kB
MemFree:         1181868 kB
MemAvailable:    1502948 kB
Buffers:           41368 kB
Cached:           411976 kB
MemTotal:        1844596 kB
MemFree:         1181664 kB
MemAvailable:    1502744 kB
Buffers:           41368 kB
Cached:           411976 kB
MemTotal:        1844596 kB
MemFree:         1181488 kB
MemAvailable:    1502568 kB
Buffers:           41368 kB
Cached:           411976 kB
MemTotal:        1844596 kB
MemFree:         1181908 kB
MemAvailable:    1502988 kB
Buffers:           41368 kB
Cached:           411976 kB
MemTotal:        1844596 kB
MemFree:         1180476 kB
MemAvailable:    1501556 kB
Buffers:           41368 kB
Cached:           411976 kB
MemTotal:        1844596 kB
MemFree:         1181668 kB
MemAvailable:    1502748 kB
Buffers:           41368 kB
Cached:           411976 kB
MemTotal:        1844596 kB
MemFree:         1181920 kB
MemAvailable:    1503000 kB
Buffers:           41368 kB
Cached:           411976 kB
MemTotal:        1844596 kB
MemFree:         1181720 kB
MemAvailable:    1502800 kB
Buffers:           41368 kB
Cached:           411976 kB
MemTotal:        1844596 kB
MemFree:         1181972 kB
MemAvailable:    1503052 kB
Buffers:           41368 kB
Cached:           411976 kB
MemTotal:        1844596 kB
MemFree:         1181240 kB
MemAvailable:    1502320 kB
Buffers:           41368 kB
Cached:           411976 kB
MemTotal:        1844596 kB
MemFree:         1181180 kB
MemAvailable:    1502260 kB
Buffers:           41368 kB
Cached:           411976 kB
MemTotal:        1844596 kB
MemFree:         1179700 kB
MemAvailable:    1500780 kB
Buffers:           41368 kB
Cached:           411976 kB
MemTotal:        1844596 kB
MemFree:         1179736 kB
MemAvailable:    1500816 kB
Buffers:           41368 kB
Cached:           411976 kB
MemTotal:        1844596 kB
MemFree:         1179380 kB
MemAvailable:    1500460 kB
Buffers:           41368 kB
Cached:           411976 kB
MemTotal:        1844596 kB
MemFree:         1178448 kB
MemAvailable:    1499528 kB
Buffers:           41368 kB
Cached:           411976 kB
MemTotal:        1844596 kB
MemFree:         1178332 kB
MemAvailable:    1499412 kB
Buffers:           41368 kB
Cached:           411976 kB
MemTotal:        1844596 kB
MemFree:         1179696 kB
MemAvailable:    1500776 kB
Buffers:           41368 kB
Cached:           411976 kB
MemTotal:        1844596 kB
MemFree:         1178200 kB
MemAvailable:    1499280 kB
Buffers:           41368 kB
Cached:           411976 kB
MemTotal:        1844596 kB
MemFree:         1177768 kB
MemAvailable:    1498848 kB
Buffers:           41368 kB
Cached:           411976 kB
MemTotal:        1844596 kB
MemFree:         1177636 kB
MemAvailable:    1498716 kB
Buffers:           41368 kB
Cached:           411976 kB
MemTotal:        1844596 kB
MemFree:         1176652 kB
MemAvailable:    1497732 kB
Buffers:           41368 kB
Cached:           411976 kB
MemTotal:        1844596 kB
MemFree:         1177380 kB
MemAvailable:    1498460 kB
Buffers:           41368 kB
Cached:           411976 kB
MemTotal:        1844596 kB
MemFree:         1177216 kB
MemAvailable:    1498296 kB
Buffers:           41368 kB
Cached:           411976 kB
MemTotal:        1844596 kB
MemFree:         1177248 kB
MemAvailable:    1498328 kB
Buffers:           41368 kB
Cached:           411976 kB
MemTotal:        1844596 kB
MemFree:         1176760 kB
MemAvailable:    1497840 kB
Buffers:           41368 kB
Cached:           411976 kB
MemTotal:        1844596 kB
MemFree:         1176760 kB
MemAvailable:    1497840 kB
Buffers:           41368 kB
Cached:           411976 kB
MemTotal:        1844596 kB
MemFree:         1176664 kB
MemAvailable:    1497744 kB
Buffers:           41368 kB
Cached:           411976 kB
MemTotal:        1844596 kB
MemFree:         1176584 kB
MemAvailable:    1497664 kB
Buffers:           41368 kB
Cached:           411976 kB
MemTotal:        1844596 kB
MemFree:         1176584 kB
MemAvailable:    1497664 kB
Buffers:           41368 kB
Cached:           411976 kB
MemTotal:        1844596 kB
MemFree:         1176656 kB
MemAvailable:    1497736 kB
Buffers:           41368 kB
Cached:           411976 kB
MemTotal:        1844596 kB
MemFree:         1175348 kB
MemAvailable:    1496428 kB
Buffers:           41368 kB
Cached:           411976 kB
MemTotal:        1844596 kB
MemFree:         1175516 kB
MemAvailable:    1496596 kB
Buffers:           41368 kB
Cached:           411976 kB
MemTotal:        1844596 kB
MemFree:         1176644 kB
MemAvailable:    1497724 kB
Buffers:           41368 kB
Cached:           411976 kB
MemTotal:        1844596 kB
MemFree:         1175380 kB
MemAvailable:    1496460 kB
Buffers:           41368 kB
Cached:           411976 kB
MemTotal:        1844596 kB
MemFree:         1176500 kB
MemAvailable:    1497580 kB
Buffers:           41368 kB
Cached:           411976 kB
MemTotal:        1844596 kB
MemFree:         1175332 kB
MemAvailable:    1496412 kB
Buffers:           41368 kB
Cached:           411976 kB
MemTotal:        1844596 kB
MemFree:         1175456 kB
MemAvailable:    1496536 kB
Buffers:           41368 kB
Cached:           411976 kB
MemTotal:        1844596 kB
MemFree:         1175456 kB
MemAvailable:    1496536 kB
Buffers:           41368 kB
Cached:           411976 kB
MemTotal:        1844596 kB
MemFree:         1176632 kB
MemAvailable:    1497712 kB
Buffers:           41368 kB
Cached:           411976 kB
MemTotal:        1844596 kB
MemFree:         1175528 kB
MemAvailable:    1496608 kB
Buffers:           41368 kB
Cached:           411976 kB
MemTotal:        1844596 kB
MemFree:         1176140 kB
MemAvailable:    1497224 kB
Buffers:           41368 kB
Cached:           411980 kB
MemTotal:        1844596 kB
MemFree:         1176476 kB
MemAvailable:    1497560 kB
Buffers:           41368 kB
Cached:           411980 kB
MemTotal:        1844596 kB
MemFree:         1176216 kB
MemAvailable:    1497300 kB
Buffers:           41368 kB
Cached:           411980 kB
MemTotal:        1844596 kB
MemFree:         1176468 kB
MemAvailable:    1497552 kB
Buffers:           41368 kB
Cached:           411980 kB
MemTotal:        1844596 kB
MemFree:         1176224 kB
MemAvailable:    1497308 kB
Buffers:           41368 kB
Cached:           411980 kB
MemTotal:        1844596 kB
MemFree:         1175108 kB
MemAvailable:    1496192 kB
Buffers:           41368 kB
Cached:           411980 kB
MemTotal:        1844596 kB
MemFree:         1176348 kB
MemAvailable:    1497432 kB
Buffers:           41368 kB
Cached:           411980 kB
MemTotal:        1844596 kB
MemFree:         1176208 kB
MemAvailable:    1497292 kB
Buffers:           41368 kB
Cached:           411980 kB
MemTotal:        1844596 kB
MemFree:         1176460 kB
MemAvailable:    1497544 kB
Buffers:           41368 kB
Cached:           411980 kB
MemTotal:        1844596 kB
MemFree:         1175100 kB
MemAvailable:    1496184 kB
Buffers:           41368 kB
Cached:           411980 kB
MemTotal:        1844596 kB
MemFree:         1175224 kB
MemAvailable:    1496308 kB
Buffers:           41368 kB
Cached:           411980 kB
MemTotal:        1844596 kB
MemFree:         1176408 kB
MemAvailable:    1497492 kB
Buffers:           41368 kB
Cached:           411980 kB
MemTotal:        1844596 kB
MemFree:         1174172 kB
MemAvailable:    1495256 kB
Buffers:           41368 kB
Cached:           411980 kB
MemTotal:        1844596 kB
MemFree:         1175216 kB
MemAvailable:    1496300 kB
Buffers:           41368 kB
Cached:           411980 kB
MemTotal:        1844596 kB
MemFree:         1173800 kB
MemAvailable:    1494884 kB
Buffers:           41368 kB
Cached:           411980 kB
MemTotal:        1844596 kB
MemFree:         1174296 kB
MemAvailable:    1495380 kB
Buffers:           41368 kB
Cached:           411980 kB
MemTotal:        1844596 kB
MemFree:         1172436 kB
MemAvailable:    1493520 kB
Buffers:           41368 kB
Cached:           411980 kB
MemTotal:        1844596 kB
MemFree:         1171560 kB
MemAvailable:    1492648 kB
Buffers:           41368 kB
Cached:           411984 kB
MemTotal:        1844596 kB
MemFree:         1170760 kB
MemAvailable:    1491848 kB
Buffers:           41368 kB
Cached:           411984 kB
MemTotal:        1844596 kB
MemFree:         1167848 kB
MemAvailable:    1488936 kB
Buffers:           41368 kB
Cached:           411984 kB
MemTotal:        1844596 kB
MemFree:         1164932 kB
MemAvailable:    1486020 kB
Buffers:           41368 kB
Cached:           411984 kB
MemTotal:        1844596 kB
MemFree:         1162392 kB
MemAvailable:    1483480 kB
Buffers:           41368 kB
Cached:           411984 kB
MemTotal:        1844596 kB
MemFree:         1158540 kB
MemAvailable:    1479632 kB
Buffers:           41368 kB
Cached:           411988 kB
MemTotal:        1844596 kB
MemFree:         1156680 kB
MemAvailable:    1477772 kB
Buffers:           41368 kB
Cached:           411988 kB
MemTotal:        1844596 kB
MemFree:         1157756 kB
MemAvailable:    1478848 kB
Buffers:           41368 kB
Cached:           411988 kB
MemTotal:        1844596 kB
MemFree:         1157924 kB
MemAvailable:    1479016 kB
Buffers:           41368 kB
Cached:           411988 kB
MemTotal:        1844596 kB
MemFree:         1157632 kB
MemAvailable:    1478724 kB
Buffers:           41368 kB
Cached:           411988 kB
MemTotal:        1844596 kB
MemFree:         1156552 kB
MemAvailable:    1477644 kB
Buffers:           41368 kB
Cached:           411988 kB
MemTotal:        1844596 kB
MemFree:         1157652 kB
MemAvailable:    1478744 kB
Buffers:           41368 kB
Cached:           411988 kB
MemTotal:        1844596 kB
MemFree:         1157652 kB
MemAvailable:    1478744 kB
Buffers:           41368 kB
Cached:           411988 kB
MemTotal:        1844596 kB
MemFree:         1156136 kB
MemAvailable:    1477228 kB
Buffers:           41368 kB
Cached:           411988 kB
MemTotal:        1844596 kB
MemFree:         1157436 kB
MemAvailable:    1478528 kB
Buffers:           41368 kB
Cached:           411988 kB
MemTotal:        1844596 kB
MemFree:         1155872 kB
MemAvailable:    1476964 kB
Buffers:           41368 kB
Cached:           411988 kB
MemTotal:        1844596 kB
MemFree:         1157364 kB
MemAvailable:    1478456 kB
Buffers:           41368 kB
Cached:           411988 kB
MemTotal:        1844596 kB
MemFree:         1157364 kB
MemAvailable:    1478456 kB
Buffers:           41368 kB
Cached:           411988 kB
MemTotal:        1844596 kB
MemFree:         1156672 kB
MemAvailable:    1477764 kB
Buffers:           41368 kB
Cached:           411988 kB
MemTotal:        1844596 kB
MemFree:         1156316 kB
MemAvailable:    1477408 kB
Buffers:           41368 kB
Cached:           411988 kB
MemTotal:        1844596 kB
MemFree:         1155268 kB
MemAvailable:    1476360 kB
Buffers:           41368 kB
Cached:           411988 kB
MemTotal:        1844596 kB
MemFree:         1156536 kB
MemAvailable:    1477628 kB
Buffers:           41368 kB
Cached:           411988 kB
MemTotal:        1844596 kB
MemFree:         1156536 kB
MemAvailable:    1477628 kB
Buffers:           41368 kB
Cached:           411988 kB
MemTotal:        1844596 kB
MemFree:         1156736 kB
MemAvailable:    1477828 kB
Buffers:           41368 kB
Cached:           411988 kB
MemTotal:        1844596 kB
MemFree:         1156688 kB
MemAvailable:    1477780 kB
Buffers:           41368 kB
Cached:           411988 kB
MemTotal:        1844596 kB
MemFree:         1155812 kB
MemAvailable:    1476904 kB
Buffers:           41368 kB
Cached:           411988 kB
MemTotal:        1844596 kB
MemFree:         1156384 kB
MemAvailable:    1477476 kB
Buffers:           41368 kB
Cached:           411988 kB
MemTotal:        1844596 kB
MemFree:         1156720 kB
MemAvailable:    1477812 kB
Buffers:           41368 kB
Cached:           411988 kB
MemTotal:        1844596 kB
MemFree:         1156508 kB
MemAvailable:    1477600 kB
Buffers:           41368 kB
Cached:           411988 kB
MemTotal:        1844596 kB
MemFree:         1156764 kB
MemAvailable:    1477856 kB
Buffers:           41368 kB
Cached:           411988 kB
MemTotal:        1844596 kB
MemFree:         1156676 kB
MemAvailable:    1477768 kB
Buffers:           41368 kB
Cached:           411988 kB
MemTotal:        1844596 kB
MemFree:         1156556 kB
MemAvailable:    1477648 kB
Buffers:           41368 kB
Cached:           411988 kB
MemTotal:        1844596 kB
MemFree:         1156892 kB
MemAvailable:    1477984 kB
Buffers:           41368 kB
Cached:           411988 kB
MemTotal:        1844596 kB
MemFree:         1155268 kB
MemAvailable:    1476360 kB
Buffers:           41368 kB
Cached:           411988 kB
MemTotal:        1844596 kB
MemFree:         1156700 kB
MemAvailable:    1477792 kB
Buffers:           41368 kB
Cached:           411988 kB
MemTotal:        1844596 kB
MemFree:         1155268 kB
MemAvailable:    1476360 kB
Buffers:           41368 kB
Cached:           411988 kB
MemTotal:        1844596 kB
MemFree:         1155428 kB
MemAvailable:    1476520 kB
Buffers:           41368 kB
Cached:           411988 kB
MemTotal:        1844596 kB
MemFree:         1156556 kB
MemAvailable:    1477648 kB
Buffers:           41368 kB
Cached:           411988 kB
MemTotal:        1844596 kB
MemFree:         1155944 kB
MemAvailable:    1477036 kB
Buffers:           41368 kB
Cached:           411988 kB
MemTotal:        1844596 kB
MemFree:         1156628 kB
MemAvailable:    1477720 kB
Buffers:           41368 kB
Cached:           411988 kB
MemTotal:        1844596 kB
MemFree:         1156880 kB
MemAvailable:    1477972 kB
Buffers:           41368 kB
Cached:           411988 kB
MemTotal:        1844596 kB
MemFree:         1155400 kB
MemAvailable:    1476492 kB
Buffers:           41368 kB
Cached:           411988 kB
MemTotal:        1844596 kB
MemFree:         1155136 kB
MemAvailable:    1476228 kB
Buffers:           41368 kB
Cached:           411988 kB
MemTotal:        1844596 kB
MemFree:         1155436 kB
MemAvailable:    1476528 kB
Buffers:           41368 kB
Cached:           411988 kB
MemTotal:        1844596 kB
MemFree:         1156916 kB
MemAvailable:    1478008 kB
Buffers:           41368 kB
Cached:           411988 kB
MemTotal:        1844596 kB
MemFree:         1156628 kB
MemAvailable:    1477720 kB
Buffers:           41368 kB
Cached:           411988 kB
MemTotal:        1844596 kB
MemFree:         1156796 kB
MemAvailable:    1477888 kB
Buffers:           41368 kB
Cached:           411988 kB
MemTotal:        1844596 kB
MemFree:         1153456 kB
MemAvailable:    1474548 kB
Buffers:           41368 kB
Cached:           411988 kB
MemTotal:        1844596 kB
MemFree:         1150240 kB
MemAvailable:    1471332 kB
Buffers:           41368 kB
Cached:           411988 kB
MemTotal:        1844596 kB
MemFree:         1147504 kB
MemAvailable:    1468596 kB
Buffers:           41368 kB
Cached:           411988 kB
MemTotal:        1844596 kB
MemFree:         1144900 kB
MemAvailable:    1465992 kB
Buffers:           41368 kB
Cached:           411988 kB
MemTotal:        1844596 kB
MemFree:         1144792 kB
MemAvailable:    1465760 kB
Buffers:           41368 kB
Cached:           411988 kB
MemTotal:        1844596 kB
MemFree:         1140504 kB
MemAvailable:    1461596 kB
Buffers:           41368 kB
Cached:           411988 kB
MemTotal:        1844596 kB
MemFree:         1139140 kB
MemAvailable:    1460232 kB
Buffers:           41368 kB
Cached:           411988 kB
MemTotal:        1844596 kB
MemFree:         1137708 kB
MemAvailable:    1458800 kB
Buffers:           41368 kB
Cached:           411988 kB
MemTotal:        1844596 kB
MemFree:         1137700 kB
MemAvailable:    1458792 kB
Buffers:           41368 kB
Cached:           411988 kB
MemTotal:        1844596 kB
MemFree:         1138808 kB
MemAvailable:    1459900 kB
Buffers:           41368 kB
Cached:           411988 kB
MemTotal:        1844596 kB
MemFree:         1138808 kB
MemAvailable:    1459900 kB
Buffers:           41368 kB
Cached:           411988 kB
MemTotal:        1844596 kB
MemFree:         1139004 kB
MemAvailable:    1460096 kB
Buffers:           41368 kB
Cached:           411988 kB
MemTotal:        1844596 kB
MemFree:         1137656 kB
MemAvailable:    1458748 kB
Buffers:           41368 kB
Cached:           411988 kB
MemTotal:        1844596 kB
MemFree:         1137568 kB
MemAvailable:    1458660 kB
Buffers:           41368 kB
Cached:           411988 kB
MemTotal:        1844596 kB
MemFree:         1138808 kB
MemAvailable:    1459900 kB
Buffers:           41368 kB
Cached:           411988 kB
MemTotal:        1844596 kB
MemFree:         1137056 kB
MemAvailable:    1458148 kB
Buffers:           41368 kB
Cached:           411988 kB
MemTotal:        1844596 kB
MemFree:         1137304 kB
MemAvailable:    1458396 kB
Buffers:           41368 kB
Cached:           411988 kB
MemTotal:        1844596 kB
MemFree:         1138480 kB
MemAvailable:    1459572 kB
Buffers:           41368 kB
Cached:           411988 kB
MemTotal:        1844596 kB
MemFree:         1138412 kB
MemAvailable:    1459504 kB
Buffers:           41368 kB
Cached:           411988 kB
MemTotal:        1844596 kB
MemFree:         1137848 kB
MemAvailable:    1458940 kB
Buffers:           41368 kB
Cached:           411988 kB
MemTotal:        1844596 kB
MemFree:         1138472 kB
MemAvailable:    1459564 kB
Buffers:           41368 kB
Cached:           411988 kB
MemTotal:        1844596 kB
MemFree:         1137292 kB
MemAvailable:    1458384 kB
Buffers:           41368 kB
Cached:           411988 kB
MemTotal:        1844596 kB
MemFree:         1138468 kB
MemAvailable:    1459560 kB
Buffers:           41368 kB
Cached:           411988 kB
MemTotal:        1844596 kB
MemFree:         1137416 kB
MemAvailable:    1458508 kB
Buffers:           41368 kB
Cached:           411988 kB
MemTotal:        1844596 kB
MemFree:         1137416 kB
MemAvailable:    1458508 kB
Buffers:           41368 kB
Cached:           411988 kB
MemTotal:        1844596 kB
MemFree:         1137160 kB
MemAvailable:    1458252 kB
Buffers:           41368 kB
Cached:           411988 kB
MemTotal:        1844596 kB
MemFree:         1138256 kB
MemAvailable:    1459348 kB
Buffers:           41368 kB
Cached:           411988 kB
MemTotal:        1844596 kB
MemFree:         1138424 kB
MemAvailable:    1459516 kB
Buffers:           41368 kB
Cached:           411988 kB
MemTotal:        1844596 kB
MemFree:         1137032 kB
MemAvailable:    1458124 kB
Buffers:           41368 kB
Cached:           411988 kB
MemTotal:        1844596 kB
MemFree:         1137324 kB
MemAvailable:    1458420 kB
Buffers:           41368 kB
Cached:           411992 kB
MemTotal:        1844596 kB
MemFree:         1137324 kB
MemAvailable:    1458420 kB
Buffers:           41368 kB
Cached:           411992 kB
MemTotal:        1844596 kB
MemFree:         1138500 kB
MemAvailable:    1459596 kB
Buffers:           41368 kB
Cached:           411992 kB
MemTotal:        1844596 kB
MemFree:         1138396 kB
MemAvailable:    1459496 kB
Buffers:           41368 kB
Cached:           411996 kB
MemTotal:        1844596 kB
MemFree:         1137220 kB
MemAvailable:    1458320 kB
Buffers:           41368 kB
Cached:           411996 kB
MemTotal:        1844596 kB
MemFree:         1138528 kB
MemAvailable:    1459628 kB
Buffers:           41368 kB
Cached:           411996 kB
MemTotal:        1844596 kB
MemFree:         1138320 kB
MemAvailable:    1459420 kB
Buffers:           41368 kB
Cached:           411996 kB
MemTotal:        1844596 kB
MemFree:         1138572 kB
MemAvailable:    1459672 kB
Buffers:           41368 kB
Cached:           411996 kB
MemTotal:        1844596 kB
MemFree:         1138448 kB
MemAvailable:    1459548 kB
Buffers:           41368 kB
Cached:           411996 kB
MemTotal:        1844596 kB
MemFree:         1138608 kB
MemAvailable:    1459708 kB
Buffers:           41368 kB
Cached:           411996 kB
MemTotal:        1844596 kB
MemFree:         1137840 kB
MemAvailable:    1458940 kB
Buffers:           41368 kB
Cached:           411996 kB
MemTotal:        1844596 kB
MemFree:         1138280 kB
MemAvailable:    1459380 kB
Buffers:           41368 kB
Cached:           411996 kB
MemTotal:        1844596 kB
MemFree:         1138532 kB
MemAvailable:    1459632 kB
Buffers:           41368 kB
Cached:           411996 kB
MemTotal:        1844596 kB
MemFree:         1134228 kB
MemAvailable:    1455328 kB
Buffers:           41368 kB
Cached:           411996 kB
MemTotal:        1844596 kB
MemFree:         1133624 kB
MemAvailable:    1454724 kB
Buffers:           41368 kB
Cached:           411996 kB
MemTotal:        1844596 kB
MemFree:         1129716 kB
MemAvailable:    1450816 kB
Buffers:           41368 kB
Cached:           411996 kB
MemTotal:        1844596 kB
MemFree:         1126536 kB
MemAvailable:    1447636 kB
Buffers:           41368 kB
Cached:           411996 kB
MemTotal:        1844596 kB
MemFree:         1122340 kB
MemAvailable:    1443440 kB
Buffers:           41368 kB
Cached:           411996 kB
MemTotal:        1844596 kB
MemFree:         1120796 kB
MemAvailable:    1441896 kB
Buffers:           41368 kB
Cached:           411996 kB
MemTotal:        1844596 kB
MemFree:         1120728 kB
MemAvailable:    1441828 kB
Buffers:           41368 kB
Cached:           411996 kB
MemTotal:        1844596 kB
MemFree:         1119592 kB
MemAvailable:    1440692 kB
Buffers:           41368 kB
Cached:           411996 kB
MemTotal:        1844596 kB
MemFree:         1120832 kB
MemAvailable:    1441932 kB
Buffers:           41368 kB
Cached:           411996 kB
MemTotal:        1844596 kB
MemFree:         1121084 kB
MemAvailable:    1442184 kB
Buffers:           41368 kB
Cached:           411996 kB
MemTotal:        1844596 kB
MemFree:         1120720 kB
MemAvailable:    1441820 kB
Buffers:           41368 kB
Cached:           411996 kB
MemTotal:        1844596 kB
MemFree:         1120712 kB
MemAvailable:    1441812 kB
Buffers:           41368 kB
Cached:           411996 kB
MemTotal:        1844596 kB
MemFree:         1120968 kB
MemAvailable:    1442068 kB
Buffers:           41368 kB
Cached:           411996 kB
MemTotal:        1844596 kB
MemFree:         1119604 kB
MemAvailable:    1440704 kB
Buffers:           41368 kB
Cached:           411996 kB
MemTotal:        1844596 kB
MemFree:         1119596 kB
MemAvailable:    1440696 kB
Buffers:           41368 kB
Cached:           411996 kB
MemTotal:        1844596 kB
MemFree:         1119556 kB
MemAvailable:    1440656 kB
Buffers:           41368 kB
Cached:           411996 kB
MemTotal:        1844596 kB
MemFree:         1120656 kB
MemAvailable:    1441756 kB
Buffers:           41368 kB
Cached:           411996 kB
MemTotal:        1844596 kB
MemFree:         1120428 kB
MemAvailable:    1441528 kB
Buffers:           41368 kB
Cached:           411996 kB
MemTotal:        1844596 kB
MemFree:         1121092 kB
MemAvailable:    1442196 kB
Buffers:           41368 kB
Cached:           412000 kB
MemTotal:        1844596 kB
MemFree:         1121092 kB
MemAvailable:    1442196 kB
Buffers:           41368 kB
Cached:           412000 kB
MemTotal:        1844596 kB
MemFree:         1120804 kB
MemAvailable:    1441908 kB
Buffers:           41368 kB
Cached:           412000 kB
MemTotal:        1844596 kB
MemFree:         1120900 kB
MemAvailable:    1442004 kB
Buffers:           41368 kB
Cached:           412000 kB
MemTotal:        1844596 kB
MemFree:         1120108 kB
MemAvailable:    1441212 kB
Buffers:           41368 kB
Cached:           412000 kB
MemTotal:        1844596 kB
MemFree:         1119600 kB
MemAvailable:    1440704 kB
Buffers:           41368 kB
Cached:           412000 kB
MemTotal:        1844596 kB
MemFree:         1120900 kB
MemAvailable:    1442004 kB
Buffers:           41368 kB
Cached:           412000 kB
MemTotal:        1844596 kB
MemFree:         1121040 kB
MemAvailable:    1442144 kB
Buffers:           41368 kB
Cached:           412000 kB
MemTotal:        1844596 kB
MemFree:         1121124 kB
MemAvailable:    1442228 kB
Buffers:           41368 kB
Cached:           412000 kB
MemTotal:        1844596 kB
MemFree:         1120292 kB
MemAvailable:    1441396 kB
Buffers:           41368 kB
Cached:           412000 kB
MemTotal:        1844596 kB
MemFree:         1119908 kB
MemAvailable:    1441012 kB
Buffers:           41368 kB
Cached:           412000 kB
MemTotal:        1844596 kB
MemFree:         1119828 kB
MemAvailable:    1440932 kB
Buffers:           41368 kB
Cached:           412000 kB
MemTotal:        1844596 kB
MemFree:         1119972 kB
MemAvailable:    1441076 kB
Buffers:           41368 kB
Cached:           412000 kB
MemTotal:        1844596 kB
MemFree:         1118556 kB
MemAvailable:    1439660 kB
Buffers:           41368 kB
Cached:           412000 kB
MemTotal:        1844596 kB
MemFree:         1118564 kB
MemAvailable:    1439668 kB
Buffers:           41368 kB
Cached:           412000 kB
MemTotal:        1844596 kB
MemFree:         1118556 kB
MemAvailable:    1439660 kB
Buffers:           41368 kB
Cached:           412000 kB
MemTotal:        1844596 kB
MemFree:         1117504 kB
MemAvailable:    1438608 kB
Buffers:           41368 kB
Cached:           412000 kB
MemTotal:        1844596 kB
MemFree:         1115016 kB
MemAvailable:    1436120 kB
Buffers:           41368 kB
Cached:           412000 kB
MemTotal:        1844596 kB
MemFree:         1115016 kB
MemAvailable:    1436120 kB
Buffers:           41368 kB
Cached:           412000 kB
MemTotal:        1844596 kB
MemFree:         1111612 kB
MemAvailable:    1432716 kB
Buffers:           41368 kB
Cached:           412000 kB
MemTotal:        1844596 kB
MemFree:         1108328 kB
MemAvailable:    1429432 kB
Buffers:           41368 kB
Cached:           412000 kB
MemTotal:        1844596 kB
MemFree:         1104344 kB
MemAvailable:    1425448 kB
Buffers:           41368 kB
Cached:           412000 kB
MemTotal:        1844596 kB
MemFree:         1104344 kB
MemAvailable:    1425448 kB
Buffers:           41368 kB
Cached:           412000 kB
MemTotal:        1844596 kB
MemFree:         1100640 kB
MemAvailable:    1421744 kB
Buffers:           41368 kB
Cached:           412000 kB
MemTotal:        1844596 kB
MemFree:         1097972 kB
MemAvailable:    1419076 kB
Buffers:           41368 kB
Cached:           412000 kB
MemTotal:        1844596 kB
MemFree:         1095928 kB
MemAvailable:    1417032 kB
Buffers:           41368 kB
Cached:           412000 kB
MemTotal:        1844596 kB
MemFree:         1094300 kB
MemAvailable:    1415404 kB
Buffers:           41368 kB
Cached:           412000 kB
MemTotal:        1844596 kB
MemFree:         1094512 kB
MemAvailable:    1415616 kB
Buffers:           41368 kB
Cached:           412000 kB
MemTotal:        1844596 kB
MemFree:         1089728 kB
MemAvailable:    1410832 kB
Buffers:           41368 kB
Cached:           412000 kB
MemTotal:        1844596 kB
MemFree:         1089276 kB
MemAvailable:    1410380 kB
Buffers:           41368 kB
Cached:           412000 kB
MemTotal:        1844596 kB
MemFree:         1089036 kB
MemAvailable:    1410140 kB
Buffers:           41368 kB
Cached:           412000 kB
MemTotal:        1844596 kB
MemFree:         1089116 kB
MemAvailable:    1410220 kB
Buffers:           41368 kB
Cached:           412000 kB
MemTotal:        1844596 kB
MemFree:         1089120 kB
MemAvailable:    1410224 kB
Buffers:           41368 kB
Cached:           412000 kB
MemTotal:        1844596 kB
MemFree:         1088916 kB
MemAvailable:    1410020 kB
Buffers:           41368 kB
Cached:           412000 kB
MemTotal:        1844596 kB
MemFree:         1088916 kB
MemAvailable:    1410020 kB
Buffers:           41368 kB
Cached:           412000 kB
MemTotal:        1844596 kB
MemFree:         1088976 kB
MemAvailable:    1410080 kB
Buffers:           41368 kB
Cached:           412000 kB
MemTotal:        1844596 kB
MemFree:         1087676 kB
MemAvailable:    1408780 kB
Buffers:           41368 kB
Cached:           412000 kB
MemTotal:        1844596 kB
MemFree:         1088916 kB
MemAvailable:    1410020 kB
Buffers:           41368 kB
Cached:           412000 kB
MemTotal:        1844596 kB
MemFree:         1087796 kB
MemAvailable:    1408900 kB
Buffers:           41368 kB
Cached:           412000 kB
MemTotal:        1844596 kB
MemFree:         1087744 kB
MemAvailable:    1408848 kB
Buffers:           41368 kB
Cached:           412000 kB
MemTotal:        1844596 kB
MemFree:         1088108 kB
MemAvailable:    1409212 kB
Buffers:           41368 kB
Cached:           412000 kB
MemTotal:        1844596 kB
MemFree:         1087628 kB
MemAvailable:    1408732 kB
Buffers:           41368 kB
Cached:           412000 kB
MemTotal:        1844596 kB
MemFree:         1087880 kB
MemAvailable:    1408992 kB
Buffers:           41368 kB
Cached:           412008 kB
MemTotal:        1844596 kB
MemFree:         1087856 kB
MemAvailable:    1408968 kB
Buffers:           41368 kB
Cached:           412008 kB
MemTotal:        1844596 kB
MemFree:         1086496 kB
MemAvailable:    1407608 kB
Buffers:           41368 kB
Cached:           412008 kB
MemTotal:        1844596 kB
MemFree:         1087604 kB
MemAvailable:    1408716 kB
Buffers:           41368 kB
Cached:           412008 kB
MemTotal:        1844596 kB
MemFree:         1087940 kB
MemAvailable:    1409052 kB
Buffers:           41368 kB
Cached:           412008 kB
MemTotal:        1844596 kB
MemFree:         1087748 kB
MemAvailable:    1408860 kB
Buffers:           41368 kB
Cached:           412008 kB
MemTotal:        1844596 kB
MemFree:         1087292 kB
MemAvailable:    1408404 kB
Buffers:           41368 kB
Cached:           412008 kB
MemTotal:        1844596 kB
MemFree:         1087376 kB
MemAvailable:    1408488 kB
Buffers:           41368 kB
Cached:           412008 kB
MemTotal:        1844596 kB
MemFree:         1087276 kB
MemAvailable:    1408388 kB
Buffers:           41368 kB
Cached:           412008 kB
MemTotal:        1844596 kB
MemFree:         1085944 kB
MemAvailable:    1407056 kB
Buffers:           41368 kB
Cached:           412008 kB
MemTotal:        1844596 kB
MemFree:         1086752 kB
MemAvailable:    1407864 kB
Buffers:           41368 kB
Cached:           412008 kB
MemTotal:        1844596 kB
MemFree:         1085264 kB
MemAvailable:    1406376 kB
Buffers:           41368 kB
Cached:           412008 kB
MemTotal:        1844596 kB
MemFree:         1084884 kB
MemAvailable:    1405996 kB
Buffers:           41368 kB
Cached:           412008 kB
MemTotal:        1844596 kB
MemFree:         1085992 kB
MemAvailable:    1407104 kB
Buffers:           41368 kB
Cached:           412008 kB
MemTotal:        1844596 kB
MemFree:         1084752 kB
MemAvailable:    1405864 kB
Buffers:           41368 kB
Cached:           412008 kB
MemTotal:        1844596 kB
MemFree:         1084520 kB
MemAvailable:    1405632 kB
Buffers:           41368 kB
Cached:           412008 kB
MemTotal:        1844596 kB
MemFree:         1083472 kB
MemAvailable:    1404584 kB
Buffers:           41368 kB
Cached:           412008 kB
MemTotal:        1844596 kB
MemFree:         1084748 kB
MemAvailable:    1405860 kB
Buffers:           41368 kB
Cached:           412008 kB
MemTotal:        1844596 kB
MemFree:         1084748 kB
MemAvailable:    1405860 kB
Buffers:           41368 kB
Cached:           412008 kB
MemTotal:        1844596 kB
MemFree:         1083456 kB
MemAvailable:    1404568 kB
Buffers:           41368 kB
Cached:           412008 kB
MemTotal:        1844596 kB
MemFree:         1084628 kB
MemAvailable:    1405740 kB
Buffers:           41368 kB
Cached:           412008 kB
MemTotal:        1844596 kB
MemFree:         1084628 kB
MemAvailable:    1405740 kB
Buffers:           41368 kB
Cached:           412008 kB
MemTotal:        1844596 kB
MemFree:         1083472 kB
MemAvailable:    1404584 kB
Buffers:           41368 kB
Cached:           412008 kB
MemTotal:        1844596 kB
MemFree:         1083596 kB
MemAvailable:    1404708 kB
Buffers:           41368 kB
Cached:           412008 kB
MemTotal:        1844596 kB
MemFree:         1083588 kB
MemAvailable:    1404700 kB
Buffers:           41368 kB
Cached:           412008 kB
MemTotal:        1844596 kB
MemFree:         1083632 kB
MemAvailable:    1404744 kB
Buffers:           41368 kB
Cached:           412008 kB
MemTotal:        1844596 kB
MemFree:         1083452 kB
MemAvailable:    1404564 kB
Buffers:           41368 kB
Cached:           412008 kB
MemTotal:        1844596 kB
MemFree:         1084852 kB
MemAvailable:    1405964 kB
Buffers:           41368 kB
Cached:           412008 kB
MemTotal:        1844596 kB
MemFree:         1083448 kB
MemAvailable:    1404560 kB
Buffers:           41368 kB
Cached:           412008 kB
MemTotal:        1844596 kB
MemFree:         1084804 kB
MemAvailable:    1405916 kB
Buffers:           41368 kB
Cached:           412008 kB
MemTotal:        1844596 kB
MemFree:         1084672 kB
MemAvailable:    1405784 kB
Buffers:           41368 kB
Cached:           412008 kB
MemTotal:        1844596 kB
MemFree:         1084768 kB
MemAvailable:    1405880 kB
Buffers:           41368 kB
Cached:           412008 kB
MemTotal:        1844596 kB
MemFree:         1083508 kB
MemAvailable:    1404620 kB
Buffers:           41368 kB
Cached:           412008 kB
MemTotal:        1844596 kB
MemFree:         1083500 kB
MemAvailable:    1404612 kB
Buffers:           41368 kB
Cached:           412008 kB
MemTotal:        1844596 kB
MemFree:         1084864 kB
MemAvailable:    1405976 kB
Buffers:           41372 kB
Cached:           412004 kB
MemTotal:        1844596 kB
MemFree:         1084708 kB
MemAvailable:    1405820 kB
Buffers:           41372 kB
Cached:           412004 kB
MemTotal:        1844596 kB
MemFree:         1083460 kB
MemAvailable:    1404572 kB
Buffers:           41372 kB
Cached:           412004 kB
MemTotal:        1844596 kB
MemFree:         1084712 kB
MemAvailable:    1405824 kB
Buffers:           41372 kB
Cached:           412004 kB
MemTotal:        1844596 kB
MemFree:         1084964 kB
MemAvailable:    1406076 kB
Buffers:           41372 kB
Cached:           412004 kB
MemTotal:        1844596 kB
MemFree:         1084720 kB
MemAvailable:    1405832 kB
Buffers:           41372 kB
Cached:           412004 kB
MemTotal:        1844596 kB
MemFree:         1084956 kB
MemAvailable:    1406068 kB
Buffers:           41372 kB
Cached:           412004 kB
MemTotal:        1844596 kB
MemFree:         1084956 kB
MemAvailable:    1406068 kB
Buffers:           41372 kB
Cached:           412004 kB
MemTotal:        1844596 kB
MemFree:         1083396 kB
MemAvailable:    1404508 kB
Buffers:           41372 kB
Cached:           412004 kB
MemTotal:        1844596 kB
MemFree:         1083480 kB
MemAvailable:    1404592 kB
Buffers:           41372 kB
Cached:           412004 kB
MemTotal:        1844596 kB
MemFree:         1084780 kB
MemAvailable:    1405892 kB
Buffers:           41372 kB
Cached:           412004 kB
MemTotal:        1844596 kB
MemFree:         1083652 kB
MemAvailable:    1404764 kB
Buffers:           41372 kB
Cached:           412004 kB
MemTotal:        1844596 kB
MemFree:         1083604 kB
MemAvailable:    1404716 kB
Buffers:           41372 kB
Cached:           412004 kB
MemTotal:        1844596 kB
MemFree:         1084924 kB
MemAvailable:    1406036 kB
Buffers:           41372 kB
Cached:           412004 kB
MemTotal:        1844596 kB
MemFree:         1084872 kB
MemAvailable:    1405984 kB
Buffers:           41372 kB
Cached:           412004 kB
MemTotal:        1844596 kB
MemFree:         1083528 kB
MemAvailable:    1404640 kB
Buffers:           41372 kB
Cached:           412004 kB
MemTotal:        1844596 kB
MemFree:         1084780 kB
MemAvailable:    1405892 kB
Buffers:           41372 kB
Cached:           412004 kB
MemTotal:        1844596 kB
MemFree:         1084824 kB
MemAvailable:    1405936 kB
Buffers:           41372 kB
Cached:           412004 kB
MemTotal:        1844596 kB
MemFree:         1083472 kB
MemAvailable:    1404584 kB
Buffers:           41372 kB
Cached:           412004 kB
MemTotal:        1844596 kB
MemFree:         1084572 kB
MemAvailable:    1405684 kB
Buffers:           41372 kB
Cached:           412004 kB
MemTotal:        1844596 kB
MemFree:         1080668 kB
MemAvailable:    1401780 kB
Buffers:           41372 kB
Cached:           412004 kB
MemTotal:        1844596 kB
MemFree:         1082100 kB
MemAvailable:    1403212 kB
Buffers:           41372 kB
Cached:           412004 kB
MemTotal:        1844596 kB
MemFree:         1077080 kB
MemAvailable:    1398192 kB
Buffers:           41372 kB
Cached:           412004 kB
MemTotal:        1844596 kB
MemFree:         1078180 kB
MemAvailable:    1399292 kB
Buffers:           41372 kB
Cached:           412004 kB
MemTotal:        1844596 kB
MemFree:         1078264 kB
MemAvailable:    1399376 kB
Buffers:           41372 kB
Cached:           412004 kB
MemTotal:        1844596 kB
MemFree:         1078112 kB
MemAvailable:    1399224 kB
Buffers:           41372 kB
Cached:           412004 kB
MemTotal:        1844596 kB
MemFree:         1078108 kB
MemAvailable:    1399220 kB
Buffers:           41372 kB
Cached:           412004 kB
MemTotal:        1844596 kB
MemFree:         1077008 kB
MemAvailable:    1398120 kB
Buffers:           41372 kB
Cached:           412004 kB
MemTotal:        1844596 kB
MemFree:         1076884 kB
MemAvailable:    1397996 kB
Buffers:           41372 kB
Cached:           412004 kB
MemTotal:        1844596 kB
MemFree:         1076880 kB
MemAvailable:    1397992 kB
Buffers:           41372 kB
Cached:           412004 kB
MemTotal:        1844596 kB
MemFree:         1078116 kB
MemAvailable:    1399228 kB
Buffers:           41372 kB
Cached:           412004 kB
MemTotal:        1844596 kB
MemFree:         1076700 kB
MemAvailable:    1397812 kB
Buffers:           41372 kB
Cached:           412004 kB
MemTotal:        1844596 kB
MemFree:         1076576 kB
MemAvailable:    1397688 kB
Buffers:           41372 kB
Cached:           412004 kB
MemTotal:        1844596 kB
MemFree:         1077684 kB
MemAvailable:    1398796 kB
Buffers:           41372 kB
Cached:           412004 kB
MemTotal:        1844596 kB
MemFree:         1077452 kB
MemAvailable:    1398564 kB
Buffers:           41372 kB
Cached:           412004 kB
MemTotal:        1844596 kB
MemFree:         1077564 kB
MemAvailable:    1398676 kB
Buffers:           41372 kB
Cached:           412004 kB
MemTotal:        1844596 kB
MemFree:         1076440 kB
MemAvailable:    1397552 kB
Buffers:           41372 kB
Cached:           412004 kB
MemTotal:        1844596 kB
MemFree:         1077556 kB
MemAvailable:    1398668 kB
Buffers:           41372 kB
Cached:           412004 kB
MemTotal:        1844596 kB
MemFree:         1077596 kB
MemAvailable:    1398720 kB
Buffers:           41372 kB
Cached:           412016 kB
MemTotal:        1844596 kB
MemFree:         1077444 kB
MemAvailable:    1398568 kB
Buffers:           41372 kB
Cached:           412016 kB
MemTotal:        1844596 kB
MemFree:         1077700 kB
MemAvailable:    1398824 kB
Buffers:           41372 kB
Cached:           412016 kB
MemTotal:        1844596 kB
MemFree:         1077312 kB
MemAvailable:    1398688 kB
Buffers:           41372 kB
Cached:           412264 kB
MemTotal:        1844596 kB
MemFree:         1077396 kB
MemAvailable:    1398772 kB
Buffers:           41372 kB
Cached:           412264 kB
MemTotal:        1844596 kB
MemFree:         1075824 kB
MemAvailable:    1397284 kB
Buffers:           41372 kB
Cached:           412388 kB
MemTotal:        1844596 kB
MemFree:         1076932 kB
MemAvailable:    1398560 kB
Buffers:           41372 kB
Cached:           412512 kB
MemTotal:        1844596 kB
MemFree:         1077016 kB
MemAvailable:    1398644 kB
Buffers:           41372 kB
Cached:           412512 kB
MemTotal:        1844596 kB
MemFree:         1076776 kB
MemAvailable:    1398488 kB
Buffers:           41372 kB
Cached:           412636 kB
MemTotal:        1844596 kB
MemFree:         1076936 kB
MemAvailable:    1398648 kB
Buffers:           41372 kB
Cached:           412636 kB
MemTotal:        1844596 kB
MemFree:         1075964 kB
MemAvailable:    1397676 kB
Buffers:           41372 kB
Cached:           412636 kB
MemTotal:        1844596 kB
MemFree:         1076652 kB
MemAvailable:    1398400 kB
Buffers:           41372 kB
Cached:           412676 kB
MemTotal:        1844596 kB
MemFree:         1076336 kB
MemAvailable:    1398084 kB
Buffers:           41372 kB
Cached:           412676 kB
MemTotal:        1844596 kB
MemFree:         1076772 kB
MemAvailable:    1398520 kB
Buffers:           41372 kB
Cached:           412676 kB
MemTotal:        1844596 kB
MemFree:         1077024 kB
MemAvailable:    1398772 kB
Buffers:           41372 kB
Cached:           412676 kB
MemTotal:        1844596 kB
MemFree:         1075536 kB
MemAvailable:    1397284 kB
Buffers:           41372 kB
Cached:           412676 kB
MemTotal:        1844596 kB
MemFree:         1076748 kB
MemAvailable:    1398580 kB
Buffers:           41372 kB
Cached:           412800 kB
MemTotal:        1844596 kB
MemFree:         1075956 kB
MemAvailable:    1397116 kB
Buffers:           41372 kB
Cached:           412044 kB
MemTotal:        1844596 kB
MemFree:         1075460 kB
MemAvailable:    1396620 kB
Buffers:           41372 kB
Cached:           412044 kB
MemTotal:        1844596 kB
MemFree:         1178064 kB
MemAvailable:    1499224 kB
Buffers:           41372 kB
Cached:           412044 kB
MemTotal:        1844596 kB
MemFree:         1272824 kB
MemAvailable:    1593984 kB
Buffers:           41372 kB
Cached:           412044 kB
