MemTotal:        1844596 kB
MemFree:         1266972 kB
MemAvailable:    1595708 kB
Buffers:           42316 kB
Cached:           418432 kB
MemTotal:        1844596 kB
MemFree:         1239708 kB
MemAvailable:    1568452 kB
Buffers:           42316 kB
Cached:           418440 kB
MemTotal:        1844596 kB
MemFree:         1239272 kB
MemAvailable:    1568016 kB
Buffers:           42316 kB
Cached:           418440 kB
MemTotal:        1844596 kB
MemFree:         1237164 kB
MemAvailable:    1565908 kB
Buffers:           42316 kB
Cached:           418440 kB
MemTotal:        1844596 kB
MemFree:         1235600 kB
MemAvailable:    1564344 kB
Buffers:           42316 kB
Cached:           418440 kB
MemTotal:        1844596 kB
MemFree:         1235936 kB
MemAvailable:    1564680 kB
Buffers:           42316 kB
Cached:           418440 kB
MemTotal:        1844596 kB
MemFree:         1234732 kB
MemAvailable:    1563476 kB
Buffers:           42316 kB
Cached:           418440 kB
MemTotal:        1844596 kB
MemFree:         1233012 kB
MemAvailable:    1561756 kB
Buffers:           42316 kB
Cached:           418440 kB
MemTotal:        1844596 kB
MemFree:         1230028 kB
MemAvailable:    1558772 kB
Buffers:           42316 kB
Cached:           418440 kB
MemTotal:        1844596 kB
MemFree:         1229548 kB
MemAvailable:    1558292 kB
Buffers:           42316 kB
Cached:           418440 kB
MemTotal:        1844596 kB
MemFree:         1226252 kB
MemAvailable:    1554996 kB
Buffers:           42316 kB
Cached:           418440 kB
MemTotal:        1844596 kB
MemFree:         1224828 kB
MemAvailable:    1553572 kB
Buffers:           42316 kB
Cached:           418440 kB
MemTotal:        1844596 kB
MemFree:         1225332 kB
MemAvailable:    1554076 kB
Buffers:           42316 kB
Cached:           418440 kB
MemTotal:        1844596 kB
MemFree:         1225840 kB
MemAvailable:    1554584 kB
Buffers:           42316 kB
Cached:           418440 kB
MemTotal:        1844596 kB
MemFree:         1225756 kB
MemAvailable:    1554500 kB
Buffers:           42316 kB
Cached:           418440 kB
MemTotal:        1844596 kB
MemFree:         1225556 kB
MemAvailable:    1554300 kB
Buffers:           42316 kB
Cached:           418440 kB
MemTotal:        1844596 kB
MemFree:         1225892 kB
MemAvailable:    1554636 kB
Buffers:           42316 kB
Cached:           418440 kB
MemTotal:        1844596 kB
MemFree:         1225432 kB
MemAvailable:    1554176 kB
Buffers:           42316 kB
Cached:           418440 kB
MemTotal:        1844596 kB
MemFree:         1225432 kB
MemAvailable:    1554176 kB
Buffers:           42316 kB
Cached:           418440 kB
MemTotal:        1844596 kB
MemFree:         1225128 kB
MemAvailable:    1553872 kB
Buffers:           42316 kB
Cached:           418440 kB
MemTotal:        1844596 kB
MemFree:         1225248 kB
MemAvailable:    1553992 kB
Buffers:           42316 kB
Cached:           418440 kB
MemTotal:        1844596 kB
MemFree:         1224324 kB
MemAvailable:    1553068 kB
Buffers:           42316 kB
Cached:           418440 kB
MemTotal:        1844596 kB
MemFree:         1224904 kB
MemAvailable:    1553648 kB
Buffers:           42316 kB
Cached:           418440 kB
MemTotal:        1844596 kB
MemFree:         1225160 kB
MemAvailable:    1553904 kB
Buffers:           42316 kB
Cached:           418440 kB
MemTotal:        1844596 kB
MemFree:         1224772 kB
MemAvailable:    1553516 kB
Buffers:           42316 kB
Cached:           418440 kB
MemTotal:        1844596 kB
MemFree:         1224712 kB
MemAvailable:    1553456 kB
Buffers:           42316 kB
Cached:           418440 kB
MemTotal:        1844596 kB
MemFree:         1224516 kB
MemAvailable:    1553260 kB
Buffers:           42316 kB
Cached:           418440 kB
MemTotal:        1844596 kB
MemFree:         1224260 kB
MemAvailable:    1553004 kB
Buffers:           42316 kB
Cached:           418440 kB
MemTotal:        1844596 kB
MemFree:         1223340 kB
MemAvailable:    1552084 kB
Buffers:           42316 kB
Cached:           418440 kB
MemTotal:        1844596 kB
MemFree:         1223888 kB
MemAvailable:    1552632 kB
Buffers:           42316 kB
Cached:           418440 kB
MemTotal:        1844596 kB
MemFree:         1224224 kB
MemAvailable:    1552968 kB
Buffers:           42316 kB
Cached:           418440 kB
MemTotal:        1844596 kB
MemFree:         1223200 kB
MemAvailable:    1551944 kB
Buffers:           42316 kB
Cached:           418440 kB
MemTotal:        1844596 kB
MemFree:         1223200 kB
MemAvailable:    1551944 kB
Buffers:           42316 kB
Cached:           418440 kB
MemTotal:        1844596 kB
MemFree:         1222888 kB
MemAvailable:    1551632 kB
Buffers:           42316 kB
Cached:           418440 kB
MemTotal:        1844596 kB
MemFree:         1222756 kB
MemAvailable:    1551500 kB
Buffers:           42316 kB
Cached:           418440 kB
MemTotal:        1844596 kB
MemFree:         1221728 kB
MemAvailable:    1550472 kB
Buffers:           42316 kB
Cached:           418440 kB
MemTotal:        1844596 kB
MemFree:         1222660 kB
MemAvailable:    1551404 kB
Buffers:           42316 kB
Cached:           418440 kB
MemTotal:        1844596 kB
MemFree:         1222912 kB
MemAvailable:    1551656 kB
Buffers:           42316 kB
Cached:           418440 kB
MemTotal:        1844596 kB
MemFree:         1222712 kB
MemAvailable:    1551456 kB
Buffers:           42316 kB
Cached:           418440 kB
MemTotal:        1844596 kB
MemFree:         1222356 kB
MemAvailable:    1551100 kB
Buffers:           42316 kB
Cached:           418440 kB
MemTotal:        1844596 kB
MemFree:         1221432 kB
MemAvailable:    1550176 kB
Buffers:           42316 kB
Cached:           418440 kB
MemTotal:        1844596 kB
MemFree:         1224032 kB
MemAvailable:    1552776 kB
Buffers:           42316 kB
Cached:           418440 kB
MemTotal:        1844596 kB
MemFree:         1224032 kB
MemAvailable:    1552776 kB
Buffers:           42316 kB
Cached:           418440 kB
MemTotal:        1844596 kB
MemFree:         1224096 kB
MemAvailable:    1552840 kB
Buffers:           42316 kB
Cached:           418440 kB
MemTotal:        1844596 kB
MemFree:         1222092 kB
MemAvailable:    1550836 kB
Buffers:           42316 kB
Cached:           418440 kB
MemTotal:        1844596 kB
MemFree:         1218752 kB
MemAvailable:    1547496 kB
Buffers:           42316 kB
Cached:           418440 kB
MemTotal:        1844596 kB
MemFree:         1218876 kB
MemAvailable:    1547620 kB
Buffers:           42316 kB
Cached:           418440 kB
MemTotal:        1844596 kB
MemFree:         1217760 kB
MemAvailable:    1546504 kB
Buffers:           42316 kB
Cached:           418440 kB
MemTotal:        1844596 kB
MemFree:         1218448 kB
MemAvailable:    1547192 kB
Buffers:           42316 kB
Cached:           418440 kB
MemTotal:        1844596 kB
MemFree:         1218784 kB
MemAvailable:    1547528 kB
Buffers:           42316 kB
Cached:           418440 kB
MemTotal:        1844596 kB
MemFree:         1218580 kB
MemAvailable:    1547324 kB
Buffers:           42316 kB
Cached:           418440 kB
MemTotal:        1844596 kB
MemFree:         1218444 kB
MemAvailable:    1547188 kB
Buffers:           42316 kB
Cached:           418440 kB
MemTotal:        1844596 kB
MemFree:         1218264 kB
MemAvailable:    1547008 kB
Buffers:           42316 kB
Cached:           418440 kB
MemTotal:        1844596 kB
MemFree:         1218432 kB
MemAvailable:    1547176 kB
Buffers:           42316 kB
Cached:           418440 kB
MemTotal:        1844596 kB
MemFree:         1217124 kB
MemAvailable:    1545868 kB
Buffers:           42316 kB
Cached:           418440 kB
MemTotal:        1844596 kB
MemFree:         1218192 kB
MemAvailable:    1546936 kB
Buffers:           42316 kB
Cached:           418440 kB
MemTotal:        1844596 kB
MemFree:         1218264 kB
MemAvailable:    1547008 kB
Buffers:           42316 kB
Cached:           418440 kB
MemTotal:        1844596 kB
MemFree:         1218268 kB
MemAvailable:    1547012 kB
Buffers:           42316 kB
Cached:           418440 kB
MemTotal:        1844596 kB
MemFree:         1217088 kB
MemAvailable:    1545832 kB
Buffers:           42316 kB
Cached:           418440 kB
MemTotal:        1844596 kB
MemFree:         1218516 kB
MemAvailable:    1547260 kB
Buffers:           42316 kB
Cached:           418440 kB
MemTotal:        1844596 kB
MemFree:         1218168 kB
MemAvailable:    1546920 kB
Buffers:           42316 kB
Cached:           418448 kB
MemTotal:        1844596 kB
MemFree:         1218512 kB
MemAvailable:    1547264 kB
Buffers:           42316 kB
Cached:           418448 kB
MemTotal:        1844596 kB
MemFree:         1216520 kB
MemAvailable:    1545272 kB
Buffers:           42316 kB
Cached:           418448 kB
MemTotal:        1844596 kB
MemFree:         1213172 kB
MemAvailable:    1541924 kB
Buffers:           42316 kB
Cached:           418448 kB
MemTotal:        1844596 kB
MemFree:         1212612 kB
MemAvailable:    1541364 kB
Buffers:           42316 kB
Cached:           418448 kB
MemTotal:        1844596 kB
MemFree:         1211064 kB
MemAvailable:    1539816 kB
Buffers:           42316 kB
Cached:           418448 kB
MemTotal:        1844596 kB
MemFree:         1211676 kB
MemAvailable:    1540428 kB
Buffers:           42316 kB
Cached:           418448 kB
MemTotal:        1844596 kB
MemFree:         1211676 kB
MemAvailable:    1540428 kB
Buffers:           42316 kB
Cached:           418448 kB
MemTotal:        1844596 kB
MemFree:         1210056 kB
MemAvailable:    1538808 kB
Buffers:           42316 kB
Cached:           418448 kB
MemTotal:        1844596 kB
MemFree:         1209452 kB
MemAvailable:    1538204 kB
Buffers:           42316 kB
Cached:           418448 kB
MemTotal:        1844596 kB
MemFree:         1209588 kB
MemAvailable:    1538340 kB
Buffers:           42316 kB
Cached:           418448 kB
MemTotal:        1844596 kB
MemFree:         1209660 kB
MemAvailable:    1538412 kB
Buffers:           42316 kB
Cached:           418448 kB
MemTotal:        1844596 kB
MemFree:         1209564 kB
MemAvailable:    1538316 kB
Buffers:           42316 kB
Cached:           418448 kB
MemTotal:        1844596 kB
MemFree:         1209376 kB
MemAvailable:    1538128 kB
Buffers:           42316 kB
Cached:           418448 kB
MemTotal:        1844596 kB
MemFree:         1209544 kB
MemAvailable:    1538296 kB
Buffers:           42316 kB
Cached:           418448 kB
MemTotal:        1844596 kB
MemFree:         1209440 kB
MemAvailable:    1538192 kB
Buffers:           42316 kB
Cached:           418448 kB
MemTotal:        1844596 kB
MemFree:         1209320 kB
MemAvailable:    1538072 kB
Buffers:           42316 kB
Cached:           418448 kB
MemTotal:        1844596 kB
MemFree:         1209320 kB
MemAvailable:    1538072 kB
Buffers:           42316 kB
Cached:           418448 kB
MemTotal:        1844596 kB
MemFree:         1209340 kB
MemAvailable:    1538092 kB
Buffers:           42316 kB
Cached:           418448 kB
MemTotal:        1844596 kB
MemFree:         1209652 kB
MemAvailable:    1538404 kB
Buffers:           42316 kB
Cached:           418448 kB
MemTotal:        1844596 kB
MemFree:         1209512 kB
MemAvailable:    1538264 kB
Buffers:           42316 kB
Cached:           418448 kB
MemTotal:        1844596 kB
MemFree:         1208212 kB
MemAvailable:    1536964 kB
Buffers:           42316 kB
Cached:           418448 kB
MemTotal:        1844596 kB
MemFree:         1208840 kB
MemAvailable:    1537592 kB
Buffers:           42316 kB
Cached:           418448 kB
MemTotal:        1844596 kB
MemFree:         1209188 kB
MemAvailable:    1537940 kB
Buffers:           42316 kB
Cached:           418448 kB
MemTotal:        1844596 kB
MemFree:         1209212 kB
MemAvailable:    1537964 kB
Buffers:           42316 kB
Cached:           418448 kB
MemTotal:        1844596 kB
MemFree:         1207908 kB
MemAvailable:    1536660 kB
Buffers:           42316 kB
Cached:           418448 kB
MemTotal:        1844596 kB
MemFree:         1209216 kB
MemAvailable:    1537968 kB
Buffers:           42316 kB
Cached:           418448 kB
MemTotal:        1844596 kB
MemFree:         1208468 kB
MemAvailable:    1537220 kB
Buffers:           42316 kB
Cached:           418448 kB
MemTotal:        1844596 kB
MemFree:         1209512 kB
MemAvailable:    1538268 kB
Buffers:           42316 kB
Cached:           418452 kB
MemTotal:        1844596 kB
MemFree:         1208336 kB
MemAvailable:    1537092 kB
Buffers:           42316 kB
Cached:           418452 kB
MemTotal:        1844596 kB
MemFree:         1209084 kB
MemAvailable:    1537840 kB
Buffers:           42316 kB
Cached:           418452 kB
MemTotal:        1844596 kB
MemFree:         1209120 kB
MemAvailable:    1537876 kB
Buffers:           42316 kB
Cached:           418452 kB
MemTotal:        1844596 kB
MemFree:         1207220 kB
MemAvailable:    1535976 kB
Buffers:           42316 kB
Cached:           418452 kB
MemTotal:        1844596 kB
MemFree:         1205732 kB
MemAvailable:    1534488 kB
Buffers:           42316 kB
Cached:           418452 kB
MemTotal:        1844596 kB
MemFree:         1204236 kB
MemAvailable:    1532992 kB
Buffers:           42316 kB
Cached:           418452 kB
MemTotal:        1844596 kB
MemFree:         1201012 kB
MemAvailable:    1529768 kB
Buffers:           42316 kB
Cached:           418452 kB
MemTotal:        1844596 kB
MemFree:         1200904 kB
MemAvailable:    1529660 kB
Buffers:           42316 kB
Cached:           418452 kB
MemTotal:        1844596 kB
MemFree:         1200888 kB
MemAvailable:    1529644 kB
Buffers:           42316 kB
Cached:           418452 kB
MemTotal:        1844596 kB
MemFree:         1200656 kB
MemAvailable:    1529412 kB
Buffers:           42316 kB
Cached:           418452 kB
MemTotal:        1844596 kB
MemFree:         1199476 kB
MemAvailable:    1528232 kB
Buffers:           42316 kB
Cached:           418452 kB
MemTotal:        1844596 kB
MemFree:         1200632 kB
MemAvailable:    1529388 kB
Buffers:           42316 kB
Cached:           418452 kB
MemTotal:        1844596 kB
MemFree:         1200632 kB
MemAvailable:    1529388 kB
Buffers:           42316 kB
Cached:           418452 kB
MemTotal:        1844596 kB
MemFree:         1199104 kB
MemAvailable:    1527860 kB
Buffers:           42316 kB
Cached:           418452 kB
MemTotal:        1844596 kB
MemFree:         1200384 kB
MemAvailable:    1529140 kB
Buffers:           42316 kB
Cached:           418452 kB
MemTotal:        1844596 kB
MemFree:         1200384 kB
MemAvailable:    1529140 kB
Buffers:           42316 kB
Cached:           418452 kB
MemTotal:        1844596 kB
MemFree:         1199272 kB
MemAvailable:    1528028 kB
Buffers:           42316 kB
Cached:           418452 kB
MemTotal:        1844596 kB
MemFree:         1200572 kB
MemAvailable:    1529328 kB
Buffers:           42316 kB
Cached:           418452 kB
MemTotal:        1844596 kB
MemFree:         1199656 kB
MemAvailable:    1528412 kB
Buffers:           42316 kB
Cached:           418452 kB
MemTotal:        1844596 kB
MemFree:         1201000 kB
MemAvailable:    1529756 kB
Buffers:           42316 kB
Cached:           418452 kB
MemTotal:        1844596 kB
MemFree:         1199400 kB
MemAvailable:    1528156 kB
Buffers:           42316 kB
Cached:           418452 kB
MemTotal:        1844596 kB
MemFree:         1200700 kB
MemAvailable:    1529456 kB
Buffers:           42316 kB
Cached:           418452 kB
MemTotal:        1844596 kB
MemFree:         1199268 kB
MemAvailable:    1528024 kB
Buffers:           42316 kB
Cached:           418452 kB
MemTotal:        1844596 kB
MemFree:         1200468 kB
MemAvailable:    1529224 kB
Buffers:           42316 kB
Cached:           418452 kB
MemTotal:        1844596 kB
MemFree:         1199132 kB
MemAvailable:    1527888 kB
Buffers:           42316 kB
Cached:           418452 kB
MemTotal:        1844596 kB
MemFree:         1199132 kB
MemAvailable:    1527888 kB
Buffers:           42316 kB
Cached:           418452 kB
MemTotal:        1844596 kB
MemFree:         1200500 kB
MemAvailable:    1529256 kB
Buffers:           42316 kB
Cached:           418452 kB
MemTotal:        1844596 kB
MemFree:         1200452 kB
MemAvailable:    1529208 kB
Buffers:           42316 kB
Cached:           418452 kB
MemTotal:        1844596 kB
MemFree:         1199324 kB
MemAvailable:    1528080 kB
Buffers:           42316 kB
Cached:           418452 kB
MemTotal:        1844596 kB
MemFree:         1200428 kB
MemAvailable:    1529184 kB
Buffers:           42316 kB
Cached:           418452 kB
MemTotal:        1844596 kB
MemFree:         1200028 kB
MemAvailable:    1528784 kB
Buffers:           42316 kB
Cached:           418452 kB
MemTotal:        1844596 kB
MemFree:         1200260 kB
MemAvailable:    1529016 kB
Buffers:           42316 kB
Cached:           418452 kB
MemTotal:        1844596 kB
MemFree:         1200252 kB
MemAvailable:    1529008 kB
Buffers:           42316 kB
Cached:           418452 kB
MemTotal:        1844596 kB
MemFree:         1200588 kB
MemAvailable:    1529344 kB
Buffers:           42316 kB
Cached:           418452 kB
MemTotal:        1844596 kB
MemFree:         1199220 kB
MemAvailable:    1527976 kB
Buffers:           42316 kB
Cached:           418452 kB
MemTotal:        1844596 kB
MemFree:         1198664 kB
MemAvailable:    1527420 kB
Buffers:           42316 kB
Cached:           418452 kB
MemTotal:        1844596 kB
MemFree:         1195060 kB
MemAvailable:    1523816 kB
Buffers:           42316 kB
Cached:           418452 kB
MemTotal:        1844596 kB
MemFree:         1194440 kB
MemAvailable:    1523196 kB
Buffers:           42316 kB
Cached:           418452 kB
MemTotal:        1844596 kB
MemFree:         1191084 kB
MemAvailable:    1519840 kB
Buffers:           42316 kB
Cached:           418452 kB
MemTotal:        1844596 kB
MemFree:         1191100 kB
MemAvailable:    1519856 kB
Buffers:           42316 kB
Cached:           418452 kB
MemTotal:        1844596 kB
MemFree:         1189964 kB
MemAvailable:    1518720 kB
Buffers:           42316 kB
Cached:           418452 kB
MemTotal:        1844596 kB
MemFree:         1191072 kB
MemAvailable:    1519828 kB
Buffers:           42316 kB
Cached:           418452 kB
MemTotal:        1844596 kB
MemFree:         1190604 kB
MemAvailable:    1519360 kB
Buffers:           42316 kB
Cached:           418452 kB
MemTotal:        1844596 kB
MemFree:         1190292 kB
MemAvailable:    1519048 kB
Buffers:           42316 kB
Cached:           418452 kB
MemTotal:        1844596 kB
MemFree:         1189424 kB
MemAvailable:    1518180 kB
Buffers:           42316 kB
Cached:           418452 kB
MemTotal:        1844596 kB
MemFree:         1187876 kB
MemAvailable:    1516632 kB
Buffers:           42316 kB
Cached:           418452 kB
MemTotal:        1844596 kB
MemFree:         1187620 kB
MemAvailable:    1516380 kB
Buffers:           42316 kB
Cached:           418456 kB
MemTotal:        1844596 kB
MemFree:         1187752 kB
MemAvailable:    1516512 kB
Buffers:           42316 kB
Cached:           418456 kB
MemTotal:        1844596 kB
MemFree:         1187628 kB
MemAvailable:    1516388 kB
Buffers:           42316 kB
Cached:           418456 kB
MemTotal:        1844596 kB
MemFree:         1188472 kB
MemAvailable:    1517232 kB
Buffers:           42316 kB
Cached:           418456 kB
MemTotal:        1844596 kB
MemFree:         1188728 kB
MemAvailable:    1517488 kB
Buffers:           42324 kB
Cached:           418448 kB
MemTotal:        1844596 kB
MemFree:         1188744 kB
MemAvailable:    1517504 kB
Buffers:           42328 kB
Cached:           418444 kB
MemTotal:        1844596 kB
MemFree:         1187568 kB
MemAvailable:    1516328 kB
Buffers:           42328 kB
Cached:           418444 kB
MemTotal:        1844596 kB
MemFree:         1187356 kB
MemAvailable:    1516116 kB
Buffers:           42328 kB
Cached:           418444 kB
MemTotal:        1844596 kB
MemFree:         1188464 kB
MemAvailable:    1517224 kB
Buffers:           42328 kB
Cached:           418444 kB
MemTotal:        1844596 kB
MemFree:         1187432 kB
MemAvailable:    1516192 kB
Buffers:           42328 kB
Cached:           418444 kB
MemTotal:        1844596 kB
MemFree:         1188408 kB
MemAvailable:    1517168 kB
Buffers:           42328 kB
Cached:           418444 kB
MemTotal:        1844596 kB
MemFree:         1188372 kB
MemAvailable:    1517132 kB
Buffers:           42328 kB
Cached:           418444 kB
MemTotal:        1844596 kB
MemFree:         1188500 kB
MemAvailable:    1517260 kB
Buffers:           42328 kB
Cached:           418444 kB
MemTotal:        1844596 kB
MemFree:         1187324 kB
MemAvailable:    1516084 kB
Buffers:           42328 kB
Cached:           418444 kB
MemTotal:        1844596 kB
MemFree:         1188424 kB
MemAvailable:    1517184 kB
Buffers:           42328 kB
Cached:           418444 kB
MemTotal:        1844596 kB
MemFree:         1188676 kB
MemAvailable:    1517436 kB
Buffers:           42328 kB
Cached:           418444 kB
MemTotal:        1844596 kB
MemFree:         1187228 kB
MemAvailable:    1515988 kB
Buffers:           42328 kB
Cached:           418444 kB
MemTotal:        1844596 kB
MemFree:         1188428 kB
MemAvailable:    1517188 kB
Buffers:           42328 kB
Cached:           418444 kB
MemTotal:        1844596 kB
MemFree:         1187312 kB
MemAvailable:    1516072 kB
Buffers:           42328 kB
Cached:           418444 kB
MemTotal:        1844596 kB
MemFree:         1188480 kB
MemAvailable:    1517240 kB
Buffers:           42328 kB
Cached:           418444 kB
MemTotal:        1844596 kB
MemFree:         1188732 kB
MemAvailable:    1517492 kB
Buffers:           42328 kB
Cached:           418444 kB
MemTotal:        1844596 kB
MemFree:         1188660 kB
MemAvailable:    1517420 kB
Buffers:           42328 kB
Cached:           418444 kB
MemTotal:        1844596 kB
MemFree:         1187312 kB
MemAvailable:    1516072 kB
Buffers:           42328 kB
Cached:           418444 kB
MemTotal:        1844596 kB
MemFree:         1188544 kB
MemAvailable:    1517304 kB
Buffers:           42328 kB
Cached:           418444 kB
MemTotal:        1844596 kB
MemFree:         1188416 kB
MemAvailable:    1517176 kB
Buffers:           42328 kB
Cached:           418444 kB
MemTotal:        1844596 kB
MemFree:         1188668 kB
MemAvailable:    1517428 kB
Buffers:           42328 kB
Cached:           418444 kB
MemTotal:        1844596 kB
MemFree:         1188668 kB
MemAvailable:    1517428 kB
Buffers:           42328 kB
Cached:           418444 kB
MemTotal:        1844596 kB
MemFree:         1187320 kB
MemAvailable:    1516080 kB
Buffers:           42328 kB
Cached:           418444 kB
MemTotal:        1844596 kB
MemFree:         1188544 kB
MemAvailable:    1517304 kB
Buffers:           42328 kB
Cached:           418444 kB
MemTotal:        1844596 kB
MemFree:         1188608 kB
MemAvailable:    1517368 kB
Buffers:           42328 kB
Cached:           418444 kB
MemTotal:        1844596 kB
MemFree:         1188668 kB
MemAvailable:    1517428 kB
Buffers:           42328 kB
Cached:           418444 kB
MemTotal:        1844596 kB
MemFree:         1188432 kB
MemAvailable:    1517192 kB
Buffers:           42328 kB
Cached:           418444 kB
MemTotal:        1844596 kB
MemFree:         1187500 kB
MemAvailable:    1516260 kB
Buffers:           42328 kB
Cached:           418444 kB
MemTotal:        1844596 kB
MemFree:         1188524 kB
MemAvailable:    1517284 kB
Buffers:           42328 kB
Cached:           418444 kB
MemTotal:        1844596 kB
MemFree:         1188124 kB
MemAvailable:    1516884 kB
Buffers:           42328 kB
Cached:           418444 kB
MemTotal:        1844596 kB
MemFree:         1188624 kB
MemAvailable:    1517384 kB
Buffers:           42328 kB
Cached:           418444 kB
MemTotal:        1844596 kB
MemFree:         1188612 kB
MemAvailable:    1517372 kB
Buffers:           42328 kB
Cached:           418444 kB
MemTotal:        1844596 kB
MemFree:         1187876 kB
MemAvailable:    1516636 kB
Buffers:           42328 kB
Cached:           418444 kB
MemTotal:        1844596 kB
MemFree:         1188532 kB
MemAvailable:    1517308 kB
Buffers:           42328 kB
Cached:           418460 kB
MemTotal:        1844596 kB
MemFree:         1188504 kB
MemAvailable:    1517280 kB
Buffers:           42328 kB
Cached:           418460 kB
MemTotal:        1844596 kB
MemFree:         1188364 kB
MemAvailable:    1517140 kB
Buffers:           42328 kB
Cached:           418460 kB
MemTotal:        1844596 kB
MemFree:         1187248 kB
MemAvailable:    1516024 kB
Buffers:           42328 kB
Cached:           418460 kB
MemTotal:        1844596 kB
MemFree:         1187488 kB
MemAvailable:    1516264 kB
Buffers:           42328 kB
Cached:           418460 kB
MemTotal:        1844596 kB
MemFree:         1187372 kB
MemAvailable:    1516148 kB
Buffers:           42328 kB
Cached:           418460 kB
MemTotal:        1844596 kB
MemFree:         1188468 kB
MemAvailable:    1517244 kB
Buffers:           42328 kB
Cached:           418460 kB
MemTotal:        1844596 kB
MemFree:         1188068 kB
MemAvailable:    1516844 kB
Buffers:           42328 kB
Cached:           418460 kB
MemTotal:        1844596 kB
MemFree:         1187620 kB
MemAvailable:    1516400 kB
Buffers:           42328 kB
Cached:           418464 kB
MemTotal:        1844596 kB
MemFree:         1189116 kB
MemAvailable:    1517896 kB
Buffers:           42328 kB
Cached:           418464 kB
MemTotal:        1844596 kB
MemFree:         1188488 kB
MemAvailable:    1517268 kB
Buffers:           42328 kB
Cached:           418464 kB
MemTotal:        1844596 kB
MemFree:         1188488 kB
MemAvailable:    1517268 kB
Buffers:           42328 kB
Cached:           418464 kB
MemTotal:        1844596 kB
MemFree:         1188200 kB
MemAvailable:    1516980 kB
Buffers:           42328 kB
Cached:           418464 kB
MemTotal:        1844596 kB
MemFree:         1188444 kB
MemAvailable:    1517224 kB
Buffers:           42328 kB
Cached:           418464 kB
MemTotal:        1844596 kB
MemFree:         1188352 kB
MemAvailable:    1517132 kB
Buffers:           42328 kB
Cached:           418464 kB
MemTotal:        1844596 kB
MemFree:         1186816 kB
MemAvailable:    1515596 kB
Buffers:           42328 kB
Cached:           418464 kB
MemTotal:        1844596 kB
MemFree:         1186816 kB
MemAvailable:    1515596 kB
Buffers:           42328 kB
Cached:           418464 kB
MemTotal:        1844596 kB
MemFree:         1187924 kB
MemAvailable:    1516704 kB
Buffers:           42328 kB
Cached:           418464 kB
MemTotal:        1844596 kB
MemFree:         1187924 kB
MemAvailable:    1516704 kB
Buffers:           42328 kB
Cached:           418464 kB
MemTotal:        1844596 kB
MemFree:         1186628 kB
MemAvailable:    1515408 kB
Buffers:           42328 kB
Cached:           418464 kB
MemTotal:        1844596 kB
MemFree:         1187820 kB
MemAvailable:    1516600 kB
Buffers:           42328 kB
Cached:           418464 kB
MemTotal:        1844596 kB
MemFree:         1186464 kB
MemAvailable:    1515244 kB
Buffers:           42328 kB
Cached:           418464 kB
MemTotal:        1844596 kB
MemFree:         1187828 kB
MemAvailable:    1516608 kB
Buffers:           42328 kB
Cached:           418464 kB
MemTotal:        1844596 kB
MemFree:         1186712 kB
MemAvailable:    1515492 kB
Buffers:           42328 kB
Cached:           418464 kB
MemTotal:        1844596 kB
MemFree:         1187868 kB
MemAvailable:    1516648 kB
Buffers:           42328 kB
Cached:           418464 kB
MemTotal:        1844596 kB
MemFree:         1186620 kB
MemAvailable:    1515400 kB
Buffers:           42328 kB
Cached:           418464 kB
MemTotal:        1844596 kB
MemFree:         1186496 kB
MemAvailable:    1515276 kB
Buffers:           42328 kB
Cached:           418464 kB
MemTotal:        1844596 kB
MemFree:         1187796 kB
MemAvailable:    1516576 kB
Buffers:           42328 kB
Cached:           418464 kB
MemTotal:        1844596 kB
MemFree:         1187596 kB
MemAvailable:    1516376 kB
Buffers:           42328 kB
Cached:           418464 kB
MemTotal:        1844596 kB
MemFree:         1187380 kB
MemAvailable:    1516160 kB
Buffers:           42328 kB
Cached:           418464 kB
MemTotal:        1844596 kB
MemFree:         1186368 kB
MemAvailable:    1515148 kB
Buffers:           42328 kB
Cached:           418464 kB
MemTotal:        1844596 kB
MemFree:         1186368 kB
MemAvailable:    1515148 kB
Buffers:           42328 kB
Cached:           418464 kB
MemTotal:        1844596 kB
MemFree:         1187628 kB
MemAvailable:    1516408 kB
Buffers:           42328 kB
Cached:           418464 kB
MemTotal:        1844596 kB
MemFree:         1187556 kB
MemAvailable:    1516340 kB
Buffers:           42328 kB
Cached:           418468 kB
MemTotal:        1844596 kB
MemFree:         1187808 kB
MemAvailable:    1516592 kB
Buffers:           42328 kB
Cached:           418468 kB
MemTotal:        1844596 kB
MemFree:         1186380 kB
MemAvailable:    1515164 kB
Buffers:           42328 kB
Cached:           418468 kB
MemTotal:        1844596 kB
MemFree:         1187344 kB
MemAvailable:    1516128 kB
Buffers:           42328 kB
Cached:           418468 kB
MemTotal:        1844596 kB
MemFree:         1187512 kB
MemAvailable:    1516296 kB
Buffers:           42328 kB
Cached:           418468 kB
MemTotal:        1844596 kB
MemFree:         1187672 kB
MemAvailable:    1516456 kB
Buffers:           42328 kB
Cached:           418468 kB
MemTotal:        1844596 kB
MemFree:         1187300 kB
MemAvailable:    1516084 kB
Buffers:           42328 kB
Cached:           418468 kB
MemTotal:        1844596 kB
MemFree:         1187300 kB
MemAvailable:    1516084 kB
Buffers:           42328 kB
Cached:           418468 kB
MemTotal:        1844596 kB
MemFree:         1182852 kB
MemAvailable:    1511636 kB
Buffers:           42328 kB
Cached:           418468 kB
MemTotal:        1844596 kB
MemFree:         1178760 kB
MemAvailable:    1507544 kB
Buffers:           42328 kB
Cached:           418468 kB
MemTotal:        1844596 kB
MemFree:         1176220 kB
MemAvailable:    1505004 kB
Buffers:           42328 kB
Cached:           418468 kB
MemTotal:        1844596 kB
MemFree:         1176096 kB
MemAvailable:    1504880 kB
Buffers:           42328 kB
Cached:           418468 kB
MemTotal:        1844596 kB
MemFree:         1176900 kB
MemAvailable:    1505684 kB
Buffers:           42328 kB
Cached:           418468 kB
MemTotal:        1844596 kB
MemFree:         1176576 kB
MemAvailable:    1505360 kB
Buffers:           42328 kB
Cached:           418468 kB
MemTotal:        1844596 kB
MemFree:         1176724 kB
MemAvailable:    1505508 kB
Buffers:           42328 kB
Cached:           418468 kB
MemTotal:        1844596 kB
MemFree:         1176460 kB
MemAvailable:    1505244 kB
Buffers:           42328 kB
Cached:           418468 kB
MemTotal:        1844596 kB
MemFree:         1175172 kB
MemAvailable:    1503956 kB
Buffers:           42328 kB
Cached:           418468 kB
MemTotal:        1844596 kB
MemFree:         1176156 kB
MemAvailable:    1504940 kB
Buffers:           42328 kB
Cached:           418468 kB
MemTotal:        1844596 kB
MemFree:         1174848 kB
MemAvailable:    1503632 kB
Buffers:           42328 kB
Cached:           418468 kB
MemTotal:        1844596 kB
MemFree:         1174972 kB
MemAvailable:    1503756 kB
Buffers:           42328 kB
Cached:           418468 kB
MemTotal:        1844596 kB
MemFree:         1174864 kB
MemAvailable:    1503648 kB
Buffers:           42328 kB
Cached:           418468 kB
MemTotal:        1844596 kB
MemFree:         1174236 kB
MemAvailable:    1503020 kB
Buffers:           42328 kB
Cached:           418468 kB
MemTotal:        1844596 kB
MemFree:         1173964 kB
MemAvailable:    1502748 kB
Buffers:           42328 kB
Cached:           418468 kB
MemTotal:        1844596 kB
MemFree:         1174048 kB
MemAvailable:    1502832 kB
Buffers:           42328 kB
Cached:           418468 kB
MemTotal:        1844596 kB
MemFree:         1174056 kB
MemAvailable:    1502840 kB
Buffers:           42328 kB
Cached:           418468 kB
MemTotal:        1844596 kB
MemFree:         1173912 kB
MemAvailable:    1502696 kB
Buffers:           42328 kB
Cached:           418468 kB
MemTotal:        1844596 kB
MemFree:         1174248 kB
MemAvailable:    1503032 kB
Buffers:           42328 kB
Cached:           418468 kB
MemTotal:        1844596 kB
MemFree:         1172840 kB
MemAvailable:    1501624 kB
Buffers:           42328 kB
Cached:           418468 kB
MemTotal:        1844596 kB
MemFree:         1174032 kB
MemAvailable:    1502816 kB
Buffers:           42328 kB
Cached:           418468 kB
MemTotal:        1844596 kB
MemFree:         1174032 kB
MemAvailable:    1502816 kB
Buffers:           42328 kB
Cached:           418468 kB
MemTotal:        1844596 kB
MemFree:         1174100 kB
MemAvailable:    1502884 kB
Buffers:           42328 kB
Cached:           418468 kB
MemTotal:        1844596 kB
MemFree:         1174112 kB
MemAvailable:    1502896 kB
Buffers:           42328 kB
Cached:           418468 kB
MemTotal:        1844596 kB
MemFree:         1173368 kB
MemAvailable:    1502152 kB
Buffers:           42328 kB
Cached:           418468 kB
MemTotal:        1844596 kB
MemFree:         1173920 kB
MemAvailable:    1502704 kB
Buffers:           42328 kB
Cached:           418468 kB
MemTotal:        1844596 kB
MemFree:         1173920 kB
MemAvailable:    1502704 kB
Buffers:           42328 kB
Cached:           418468 kB
MemTotal:        1844596 kB
MemFree:         1174312 kB
MemAvailable:    1503096 kB
Buffers:           42328 kB
Cached:           418468 kB
MemTotal:        1844596 kB
MemFree:         1174056 kB
MemAvailable:    1502840 kB
Buffers:           42328 kB
Cached:           418468 kB
MemTotal:        1844596 kB
MemFree:         1174020 kB
MemAvailable:    1502804 kB
Buffers:           42328 kB
Cached:           418468 kB
MemTotal:        1844596 kB
MemFree:         1172368 kB
MemAvailable:    1501152 kB
Buffers:           42328 kB
Cached:           418468 kB
MemTotal:        1844596 kB
MemFree:         1172608 kB
MemAvailable:    1501396 kB
Buffers:           42328 kB
Cached:           418472 kB
MemTotal:        1844596 kB
MemFree:         1172608 kB
MemAvailable:    1501396 kB
Buffers:           42328 kB
Cached:           418472 kB
MemTotal:        1844596 kB
MemFree:         1170996 kB
MemAvailable:    1499784 kB
Buffers:           42328 kB
Cached:           418472 kB
MemTotal:        1844596 kB
MemFree:         1172220 kB
MemAvailable:    1501008 kB
Buffers:           42328 kB
Cached:           418472 kB
MemTotal:        1844596 kB
MemFree:         1171740 kB
MemAvailable:    1500528 kB
Buffers:           42328 kB
Cached:           418472 kB
MemTotal:        1844596 kB
MemFree:         1171992 kB
MemAvailable:    1500780 kB
Buffers:           42328 kB
Cached:           418472 kB
MemTotal:        1844596 kB
MemFree:         1170516 kB
MemAvailable:    1499304 kB
Buffers:           42328 kB
Cached:           418472 kB
MemTotal:        1844596 kB
MemFree:         1170268 kB
MemAvailable:    1499056 kB
Buffers:           42328 kB
Cached:           418472 kB
MemTotal:        1844596 kB
MemFree:         1169400 kB
MemAvailable:    1498188 kB
Buffers:           42328 kB
Cached:           418472 kB
MemTotal:        1844596 kB
MemFree:         1169896 kB
MemAvailable:    1498684 kB
Buffers:           42328 kB
Cached:           418472 kB
MemTotal:        1844596 kB
MemFree:         1168780 kB
MemAvailable:    1497568 kB
Buffers:           42328 kB
Cached:           418472 kB
MemTotal:        1844596 kB
MemFree:         1169580 kB
MemAvailable:    1498368 kB
Buffers:           42328 kB
Cached:           418472 kB
MemTotal:        1844596 kB
MemFree:         1169832 kB
MemAvailable:    1498620 kB
Buffers:           42328 kB
Cached:           418472 kB
MemTotal:        1844596 kB
MemFree:         1169276 kB
MemAvailable:    1498064 kB
Buffers:           42328 kB
Cached:           418472 kB
MemTotal:        1844596 kB
MemFree:         1169204 kB
MemAvailable:    1497992 kB
Buffers:           42328 kB
Cached:           418472 kB
MemTotal:        1844596 kB
MemFree:         1167772 kB
MemAvailable:    1496560 kB
Buffers:           42328 kB
Cached:           418472 kB
MemTotal:        1844596 kB
MemFree:         1169056 kB
MemAvailable:    1497844 kB
Buffers:           42328 kB
Cached:           418472 kB
MemTotal:        1844596 kB
MemFree:         1169068 kB
MemAvailable:    1497856 kB
Buffers:           42328 kB
Cached:           418472 kB
MemTotal:        1844596 kB
MemFree:         1168960 kB
MemAvailable:    1497748 kB
Buffers:           42328 kB
Cached:           418472 kB
MemTotal:        1844596 kB
MemFree:         1168816 kB
MemAvailable:    1497604 kB
Buffers:           42328 kB
Cached:           418472 kB
MemTotal:        1844596 kB
MemFree:         1169152 kB
MemAvailable:    1497940 kB
Buffers:           42328 kB
Cached:           418472 kB
MemTotal:        1844596 kB
MemFree:         1167600 kB
MemAvailable:    1496388 kB
Buffers:           42328 kB
Cached:           418472 kB
MemTotal:        1844596 kB
MemFree:         1168876 kB
MemAvailable:    1497664 kB
Buffers:           42328 kB
Cached:           418472 kB
MemTotal:        1844596 kB
MemFree:         1169128 kB
MemAvailable:    1497916 kB
Buffers:           42328 kB
Cached:           418472 kB
MemTotal:        1844596 kB
MemFree:         1168908 kB
MemAvailable:    1497696 kB
Buffers:           42328 kB
Cached:           418472 kB
MemTotal:        1844596 kB
MemFree:         1168752 kB
MemAvailable:    1497540 kB
Buffers:           42328 kB
Cached:           418472 kB
MemTotal:        1844596 kB
MemFree:         1168912 kB
MemAvailable:    1497700 kB
Buffers:           42328 kB
Cached:           418472 kB
MemTotal:        1844596 kB
MemFree:         1167360 kB
MemAvailable:    1496148 kB
Buffers:           42328 kB
Cached:           418472 kB
MemTotal:        1844596 kB
MemFree:         1168792 kB
MemAvailable:    1497580 kB
Buffers:           42328 kB
Cached:           418472 kB
MemTotal:        1844596 kB
MemFree:         1168856 kB
MemAvailable:    1497644 kB
Buffers:           42328 kB
Cached:           418472 kB
MemTotal:        1844596 kB
MemFree:         1167228 kB
MemAvailable:    1496016 kB
Buffers:           42328 kB
Cached:           418472 kB
MemTotal:        1844596 kB
MemFree:         1168660 kB
MemAvailable:    1497448 kB
Buffers:           42328 kB
Cached:           418472 kB
MemTotal:        1844596 kB
MemFree:         1167484 kB
MemAvailable:    1496272 kB
Buffers:           42328 kB
Cached:           418472 kB
MemTotal:        1844596 kB
MemFree:         1167724 kB
MemAvailable:    1496512 kB
Buffers:           42328 kB
Cached:           418472 kB
MemTotal:        1844596 kB
MemFree:         1167608 kB
MemAvailable:    1496396 kB
Buffers:           42328 kB
Cached:           418472 kB
MemTotal:        1844596 kB
MemFree:         1167520 kB
MemAvailable:    1496312 kB
Buffers:           42328 kB
Cached:           418476 kB
MemTotal:        1844596 kB
MemFree:         1167480 kB
MemAvailable:    1496272 kB
Buffers:           42328 kB
Cached:           418476 kB
MemTotal:        1844596 kB
MemFree:         1168704 kB
MemAvailable:    1497496 kB
Buffers:           42328 kB
Cached:           418476 kB
MemTotal:        1844596 kB
MemFree:         1168896 kB
MemAvailable:    1497688 kB
Buffers:           42328 kB
Cached:           418476 kB
MemTotal:        1844596 kB
MemFree:         1168788 kB
MemAvailable:    1497580 kB
Buffers:           42328 kB
Cached:           418476 kB
MemTotal:        1844596 kB
MemFree:         1167360 kB
MemAvailable:    1496152 kB
Buffers:           42328 kB
Cached:           418476 kB
MemTotal:        1844596 kB
MemFree:         1167524 kB
MemAvailable:    1496316 kB
Buffers:           42328 kB
Cached:           418476 kB
MemTotal:        1844596 kB
MemFree:         1166864 kB
MemAvailable:    1495656 kB
Buffers:           42328 kB
Cached:           418476 kB
MemTotal:        1844596 kB
MemFree:         1167236 kB
MemAvailable:    1496028 kB
Buffers:           42328 kB
Cached:           418476 kB
MemTotal:        1844596 kB
MemFree:         1167492 kB
MemAvailable:    1496284 kB
Buffers:           42328 kB
Cached:           418476 kB
MemTotal:        1844596 kB
MemFree:         1167020 kB
MemAvailable:    1495812 kB
Buffers:           42328 kB
Cached:           418476 kB
MemTotal:        1844596 kB
MemFree:         1166804 kB
MemAvailable:    1495596 kB
Buffers:           42328 kB
Cached:           418476 kB
MemTotal:        1844596 kB
MemFree:         1165740 kB
MemAvailable:    1494532 kB
Buffers:           42328 kB
Cached:           418476 kB
MemTotal:        1844596 kB
MemFree:         1162696 kB
MemAvailable:    1491488 kB
Buffers:           42328 kB
Cached:           418476 kB
MemTotal:        1844596 kB
MemFree:         1161276 kB
MemAvailable:    1490068 kB
Buffers:           42328 kB
Cached:           418476 kB
MemTotal:        1844596 kB
MemFree:         1158976 kB
MemAvailable:    1487768 kB
Buffers:           42328 kB
Cached:           418476 kB
MemTotal:        1844596 kB
MemFree:         1156240 kB
MemAvailable:    1485036 kB
Buffers:           42328 kB
Cached:           418480 kB
MemTotal:        1844596 kB
MemFree:         1155884 kB
MemAvailable:    1484680 kB
Buffers:           42328 kB
Cached:           418480 kB
MemTotal:        1844596 kB
MemFree:         1152216 kB
MemAvailable:    1481012 kB
Buffers:           42328 kB
Cached:           418480 kB
MemTotal:        1844596 kB
MemFree:         1149064 kB
MemAvailable:    1477860 kB
Buffers:           42328 kB
Cached:           418480 kB
MemTotal:        1844596 kB
MemFree:         1150364 kB
MemAvailable:    1479160 kB
Buffers:           42328 kB
Cached:           418480 kB
MemTotal:        1844596 kB
MemFree:         1149180 kB
MemAvailable:    1477976 kB
Buffers:           42328 kB
Cached:           418480 kB
MemTotal:        1844596 kB
MemFree:         1150008 kB
MemAvailable:    1478804 kB
Buffers:           42328 kB
Cached:           418480 kB
MemTotal:        1844596 kB
MemFree:         1150344 kB
MemAvailable:    1479140 kB
Buffers:           42328 kB
Cached:           418480 kB
MemTotal:        1844596 kB
MemFree:         1148768 kB
MemAvailable:    1477564 kB
Buffers:           42328 kB
Cached:           418480 kB
MemTotal:        1844596 kB
MemFree:         1149944 kB
MemAvailable:    1478740 kB
Buffers:           42328 kB
Cached:           418480 kB
MemTotal:        1844596 kB
MemFree:         1148768 kB
MemAvailable:    1477564 kB
Buffers:           42328 kB
Cached:           418480 kB
MemTotal:        1844596 kB
MemFree:         1149752 kB
MemAvailable:    1478548 kB
Buffers:           42328 kB
Cached:           418480 kB
MemTotal:        1844596 kB
MemFree:         1148628 kB
MemAvailable:    1477424 kB
Buffers:           42328 kB
Cached:           418480 kB
MemTotal:        1844596 kB
MemFree:         1148672 kB
MemAvailable:    1477468 kB
Buffers:           42328 kB
Cached:           418480 kB
MemTotal:        1844596 kB
MemFree:         1149372 kB
MemAvailable:    1478168 kB
Buffers:           42328 kB
Cached:           418480 kB
MemTotal:        1844596 kB
MemFree:         1147808 kB
MemAvailable:    1476604 kB
Buffers:           42328 kB
Cached:           418480 kB
MemTotal:        1844596 kB
MemFree:         1149172 kB
MemAvailable:    1477968 kB
Buffers:           42328 kB
Cached:           418480 kB
MemTotal:        1844596 kB
MemFree:         1149036 kB
MemAvailable:    1477832 kB
Buffers:           42328 kB
Cached:           418480 kB
MemTotal:        1844596 kB
MemFree:         1149036 kB
MemAvailable:    1477832 kB
Buffers:           42328 kB
Cached:           418480 kB
MemTotal:        1844596 kB
MemFree:         1147884 kB
MemAvailable:    1476680 kB
Buffers:           42328 kB
Cached:           418480 kB
MemTotal:        1844596 kB
MemFree:         1148964 kB
MemAvailable:    1477760 kB
Buffers:           42328 kB
Cached:           418480 kB
MemTotal:        1844596 kB
MemFree:         1148320 kB
MemAvailable:    1477116 kB
Buffers:           42328 kB
Cached:           418480 kB
MemTotal:        1844596 kB
MemFree:         1149172 kB
MemAvailable:    1477968 kB
Buffers:           42328 kB
Cached:           418480 kB
MemTotal:        1844596 kB
MemFree:         1149256 kB
MemAvailable:    1478052 kB
Buffers:           42328 kB
Cached:           418480 kB
MemTotal:        1844596 kB
MemFree:         1147920 kB
MemAvailable:    1476716 kB
Buffers:           42328 kB
Cached:           418480 kB
MemTotal:        1844596 kB
MemFree:         1147756 kB
MemAvailable:    1476552 kB
Buffers:           42328 kB
Cached:           418480 kB
MemTotal:        1844596 kB
MemFree:         1147624 kB
MemAvailable:    1476420 kB
Buffers:           42328 kB
Cached:           418480 kB
MemTotal:        1844596 kB
MemFree:         1148968 kB
MemAvailable:    1477764 kB
Buffers:           42328 kB
Cached:           418480 kB
MemTotal:        1844596 kB
MemFree:         1148800 kB
MemAvailable:    1477596 kB
Buffers:           42328 kB
Cached:           418480 kB
MemTotal:        1844596 kB
MemFree:         1148884 kB
MemAvailable:    1477680 kB
Buffers:           42328 kB
Cached:           418480 kB
MemTotal:        1844596 kB
MemFree:         1147668 kB
MemAvailable:    1476464 kB
Buffers:           42328 kB
Cached:           418480 kB
MemTotal:        1844596 kB
MemFree:         1148040 kB
MemAvailable:    1476836 kB
Buffers:           42328 kB
Cached:           418480 kB
MemTotal:        1844596 kB
MemFree:         1147800 kB
MemAvailable:    1476596 kB
Buffers:           42328 kB
Cached:           418480 kB
MemTotal:        1844596 kB
MemFree:         1149056 kB
MemAvailable:    1477852 kB
Buffers:           42328 kB
Cached:           418480 kB
MemTotal:        1844596 kB
MemFree:         1149076 kB
MemAvailable:    1477872 kB
Buffers:           42328 kB
Cached:           418480 kB
MemTotal:        1844596 kB
MemFree:         1149112 kB
MemAvailable:    1477908 kB
Buffers:           42328 kB
Cached:           418480 kB
MemTotal:        1844596 kB
MemFree:         1148800 kB
MemAvailable:    1477596 kB
Buffers:           42328 kB
Cached:           418480 kB
MemTotal:        1844596 kB
MemFree:         1149140 kB
MemAvailable:    1477936 kB
Buffers:           42328 kB
Cached:           418480 kB
MemTotal:        1844596 kB
MemFree:         1149112 kB
MemAvailable:    1477908 kB
Buffers:           42328 kB
Cached:           418480 kB
MemTotal:        1844596 kB
MemFree:         1147920 kB
MemAvailable:    1476716 kB
Buffers:           42328 kB
Cached:           418480 kB
MemTotal:        1844596 kB
MemFree:         1147880 kB
MemAvailable:    1476676 kB
Buffers:           42328 kB
Cached:           418480 kB
MemTotal:        1844596 kB
MemFree:         1148984 kB
MemAvailable:    1477780 kB
Buffers:           42328 kB
Cached:           418480 kB
MemTotal:        1844596 kB
MemFree:         1148816 kB
MemAvailable:    1477612 kB
Buffers:           42328 kB
Cached:           418480 kB
MemTotal:        1844596 kB
MemFree:         1144336 kB
MemAvailable:    1473132 kB
Buffers:           42328 kB
Cached:           418480 kB
MemTotal:        1844596 kB
MemFree:         1144420 kB
MemAvailable:    1473216 kB
Buffers:           42328 kB
Cached:           418480 kB
MemTotal:        1844596 kB
MemFree:         1140940 kB
MemAvailable:    1469736 kB
Buffers:           42328 kB
Cached:           418480 kB
MemTotal:        1844596 kB
MemFree:         1137152 kB
MemAvailable:    1465948 kB
Buffers:           42328 kB
Cached:           418480 kB
MemTotal:        1844596 kB
MemFree:         1135484 kB
MemAvailable:    1464280 kB
Buffers:           42328 kB
Cached:           418480 kB
MemTotal:        1844596 kB
MemFree:         1131516 kB
MemAvailable:    1460312 kB
Buffers:           42328 kB
Cached:           418480 kB
MemTotal:        1844596 kB
MemFree:         1130340 kB
MemAvailable:    1459136 kB
Buffers:           42328 kB
Cached:           418480 kB
MemTotal:        1844596 kB
MemFree:         1130204 kB
MemAvailable:    1459000 kB
Buffers:           42328 kB
Cached:           418480 kB
MemTotal:        1844596 kB
MemFree:         1129968 kB
MemAvailable:    1458764 kB
Buffers:           42328 kB
Cached:           418480 kB
MemTotal:        1844596 kB
MemFree:         1131192 kB
MemAvailable:    1459988 kB
Buffers:           42328 kB
Cached:           418480 kB
MemTotal:        1844596 kB
MemFree:         1131528 kB
MemAvailable:    1460324 kB
Buffers:           42328 kB
Cached:           418480 kB
MemTotal:        1844596 kB
MemFree:         1131152 kB
MemAvailable:    1459948 kB
Buffers:           42328 kB
Cached:           418480 kB
MemTotal:        1844596 kB
MemFree:         1130156 kB
MemAvailable:    1458952 kB
Buffers:           42328 kB
Cached:           418480 kB
MemTotal:        1844596 kB
MemFree:         1131468 kB
MemAvailable:    1460264 kB
Buffers:           42328 kB
Cached:           418480 kB
MemTotal:        1844596 kB
MemFree:         1131112 kB
MemAvailable:    1459908 kB
Buffers:           42328 kB
Cached:           418480 kB
MemTotal:        1844596 kB
MemFree:         1130780 kB
MemAvailable:    1459576 kB
Buffers:           42328 kB
Cached:           418480 kB
MemTotal:        1844596 kB
MemFree:         1131032 kB
MemAvailable:    1459828 kB
Buffers:           42328 kB
Cached:           418480 kB
MemTotal:        1844596 kB
MemFree:         1131120 kB
MemAvailable:    1459924 kB
Buffers:           42328 kB
Cached:           418488 kB
MemTotal:        1844596 kB
MemFree:         1131124 kB
MemAvailable:    1459928 kB
Buffers:           42328 kB
Cached:           418488 kB
MemTotal:        1844596 kB
MemFree:         1130960 kB
MemAvailable:    1459764 kB
Buffers:           42328 kB
Cached:           418488 kB
MemTotal:        1844596 kB
MemFree:         1130704 kB
MemAvailable:    1459508 kB
Buffers:           42328 kB
Cached:           418488 kB
MemTotal:        1844596 kB
MemFree:         1129588 kB
MemAvailable:    1458392 kB
Buffers:           42328 kB
Cached:           418488 kB
MemTotal:        1844596 kB
MemFree:         1130868 kB
MemAvailable:    1459672 kB
Buffers:           42328 kB
Cached:           418488 kB
MemTotal:        1844596 kB
MemFree:         1131120 kB
MemAvailable:    1459924 kB
Buffers:           42328 kB
Cached:           418488 kB
MemTotal:        1844596 kB
MemFree:         1130804 kB
MemAvailable:    1459608 kB
Buffers:           42328 kB
Cached:           418488 kB
MemTotal:        1844596 kB
MemFree:         1129712 kB
MemAvailable:    1458516 kB
Buffers:           42328 kB
Cached:           418488 kB
MemTotal:        1844596 kB
MemFree:         1130936 kB
MemAvailable:    1459740 kB
Buffers:           42328 kB
Cached:           418488 kB
MemTotal:        1844596 kB
MemFree:         1129616 kB
MemAvailable:    1458420 kB
Buffers:           42328 kB
Cached:           418488 kB
MemTotal:        1844596 kB
MemFree:         1129864 kB
MemAvailable:    1458668 kB
Buffers:           42328 kB
Cached:           418488 kB
MemTotal:        1844596 kB
MemFree:         1130876 kB
MemAvailable:    1459680 kB
Buffers:           42328 kB
Cached:           418488 kB
MemTotal:        1844596 kB
MemFree:         1130804 kB
MemAvailable:    1459608 kB
Buffers:           42328 kB
Cached:           418488 kB
MemTotal:        1844596 kB
MemFree:         1130804 kB
MemAvailable:    1459608 kB
Buffers:           42328 kB
Cached:           418488 kB
MemTotal:        1844596 kB
MemFree:         1130888 kB
MemAvailable:    1459692 kB
Buffers:           42328 kB
Cached:           418488 kB
MemTotal:        1844596 kB
MemFree:         1130884 kB
MemAvailable:    1459688 kB
Buffers:           42328 kB
Cached:           418488 kB
MemTotal:        1844596 kB
MemFree:         1129708 kB
MemAvailable:    1458512 kB
Buffers:           42328 kB
Cached:           418488 kB
MemTotal:        1844596 kB
MemFree:         1131052 kB
MemAvailable:    1459856 kB
Buffers:           42328 kB
Cached:           418488 kB
MemTotal:        1844596 kB
MemFree:         1130932 kB
MemAvailable:    1459736 kB
Buffers:           42328 kB
Cached:           418488 kB
MemTotal:        1844596 kB
MemFree:         1130920 kB
MemAvailable:    1459724 kB
Buffers:           42328 kB
Cached:           418488 kB
MemTotal:        1844596 kB
MemFree:         1130132 kB
MemAvailable:    1458936 kB
Buffers:           42328 kB
Cached:           418488 kB
MemTotal:        1844596 kB
MemFree:         1130876 kB
MemAvailable:    1459680 kB
Buffers:           42328 kB
Cached:           418488 kB
MemTotal:        1844596 kB
MemFree:         1130988 kB
MemAvailable:    1459792 kB
Buffers:           42328 kB
Cached:           418488 kB
MemTotal:        1844596 kB
MemFree:         1129140 kB
MemAvailable:    1457944 kB
Buffers:           42328 kB
Cached:           418488 kB
MemTotal:        1844596 kB
MemFree:         1123868 kB
MemAvailable:    1452672 kB
Buffers:           42328 kB
Cached:           418488 kB
MemTotal:        1844596 kB
MemFree:         1123016 kB
MemAvailable:    1451820 kB
Buffers:           42328 kB
Cached:           418488 kB
MemTotal:        1844596 kB
MemFree:         1120140 kB
MemAvailable:    1448944 kB
Buffers:           42328 kB
Cached:           418488 kB
MemTotal:        1844596 kB
MemFree:         1115748 kB
MemAvailable:    1444552 kB
Buffers:           42328 kB
Cached:           418488 kB
MemTotal:        1844596 kB
MemFree:         1113516 kB
MemAvailable:    1442320 kB
Buffers:           42328 kB
Cached:           418488 kB
MemTotal:        1844596 kB
MemFree:         1113120 kB
MemAvailable:    1441924 kB
Buffers:           42328 kB
Cached:           418488 kB
MemTotal:        1844596 kB
MemFree:         1113456 kB
MemAvailable:    1442260 kB
Buffers:           42328 kB
Cached:           418488 kB
MemTotal:        1844596 kB
MemFree:         1111964 kB
MemAvailable:    1440768 kB
Buffers:           42328 kB
Cached:           418488 kB
MemTotal:        1844596 kB
MemFree:         1112212 kB
MemAvailable:    1441016 kB
Buffers:           42328 kB
Cached:           418488 kB
MemTotal:        1844596 kB
MemFree:         1113364 kB
MemAvailable:    1442168 kB
Buffers:           42328 kB
Cached:           418488 kB
MemTotal:        1844596 kB
MemFree:         1113448 kB
MemAvailable:    1442252 kB
Buffers:           42328 kB
Cached:           418488 kB
MemTotal:        1844596 kB
MemFree:         1111964 kB
MemAvailable:    1440768 kB
Buffers:           42328 kB
Cached:           418488 kB
MemTotal:        1844596 kB
MemFree:         1113240 kB
MemAvailable:    1442044 kB
Buffers:           42328 kB
Cached:           418488 kB
MemTotal:        1844596 kB
MemFree:         1113144 kB
MemAvailable:    1441948 kB
Buffers:           42328 kB
Cached:           418488 kB
MemTotal:        1844596 kB
MemFree:         1111964 kB
MemAvailable:    1440768 kB
Buffers:           42328 kB
Cached:           418488 kB
MemTotal:        1844596 kB
MemFree:         1113208 kB
MemAvailable:    1442012 kB
Buffers:           42328 kB
Cached:           418488 kB
MemTotal:        1844596 kB
MemFree:         1112092 kB
MemAvailable:    1440896 kB
Buffers:           42328 kB
Cached:           418488 kB
MemTotal:        1844596 kB
MemFree:         1112092 kB
MemAvailable:    1440896 kB
Buffers:           42328 kB
Cached:           418488 kB
MemTotal:        1844596 kB
MemFree:         1113260 kB
MemAvailable:    1442064 kB
Buffers:           42328 kB
Cached:           418488 kB
MemTotal:        1844596 kB
MemFree:         1113512 kB
MemAvailable:    1442316 kB
Buffers:           42328 kB
Cached:           418488 kB
MemTotal:        1844596 kB
MemFree:         1112256 kB
MemAvailable:    1441060 kB
Buffers:           42328 kB
Cached:           418488 kB
MemTotal:        1844596 kB
MemFree:         1113128 kB
MemAvailable:    1441932 kB
Buffers:           42328 kB
Cached:           418488 kB
MemTotal:        1844596 kB
MemFree:         1113464 kB
MemAvailable:    1442268 kB
Buffers:           42328 kB
Cached:           418488 kB
MemTotal:        1844596 kB
MemFree:         1112020 kB
MemAvailable:    1440824 kB
Buffers:           42328 kB
Cached:           418488 kB
MemTotal:        1844596 kB
MemFree:         1113148 kB
MemAvailable:    1441952 kB
Buffers:           42328 kB
Cached:           418488 kB
MemTotal:        1844596 kB
MemFree:         1112708 kB
MemAvailable:    1441512 kB
Buffers:           42328 kB
Cached:           418488 kB
MemTotal:        1844596 kB
MemFree:         1111276 kB
MemAvailable:    1440080 kB
Buffers:           42328 kB
Cached:           418488 kB
MemTotal:        1844596 kB
MemFree:         1112392 kB
MemAvailable:    1441196 kB
Buffers:           42328 kB
Cached:           418488 kB
MemTotal:        1844596 kB
MemFree:         1111228 kB
MemAvailable:    1440032 kB
Buffers:           42328 kB
Cached:           418488 kB
MemTotal:        1844596 kB
MemFree:         1112200 kB
MemAvailable:    1441004 kB
Buffers:           42328 kB
Cached:           418488 kB
MemTotal:        1844596 kB
MemFree:         1112276 kB
MemAvailable:    1441080 kB
Buffers:           42328 kB
Cached:           418488 kB
MemTotal:        1844596 kB
MemFree:         1112156 kB
MemAvailable:    1440960 kB
Buffers:           42328 kB
Cached:           418488 kB
MemTotal:        1844596 kB
MemFree:         1110044 kB
MemAvailable:    1438848 kB
Buffers:           42328 kB
Cached:           418488 kB
MemTotal:        1844596 kB
MemFree:         1107672 kB
MemAvailable:    1436476 kB
Buffers:           42328 kB
Cached:           418488 kB
MemTotal:        1844596 kB
MemFree:         1107192 kB
MemAvailable:    1435996 kB
Buffers:           42328 kB
Cached:           418488 kB
MemTotal:        1844596 kB
MemFree:         1104648 kB
MemAvailable:    1433452 kB
Buffers:           42328 kB
Cached:           418488 kB
MemTotal:        1844596 kB
MemFree:         1101232 kB
MemAvailable:    1430036 kB
Buffers:           42328 kB
Cached:           418488 kB
MemTotal:        1844596 kB
MemFree:         1100612 kB
MemAvailable:    1429416 kB
Buffers:           42328 kB
Cached:           418488 kB
MemTotal:        1844596 kB
MemFree:         1094908 kB
MemAvailable:    1423712 kB
Buffers:           42328 kB
Cached:           418488 kB
MemTotal:        1844596 kB
MemFree:         1094428 kB
MemAvailable:    1423232 kB
Buffers:           42328 kB
Cached:           418488 kB
MemTotal:        1844596 kB
MemFree:         1091568 kB
MemAvailable:    1420372 kB
Buffers:           42328 kB
Cached:           418488 kB
MemTotal:        1844596 kB
MemFree:         1089768 kB
MemAvailable:    1418572 kB
Buffers:           42328 kB
Cached:           418488 kB
MemTotal:        1844596 kB
MemFree:         1088104 kB
MemAvailable:    1416908 kB
Buffers:           42328 kB
Cached:           418488 kB
MemTotal:        1844596 kB
MemFree:         1086716 kB
MemAvailable:    1415528 kB
Buffers:           42328 kB
Cached:           418496 kB
MemTotal:        1844596 kB
MemFree:         1086844 kB
MemAvailable:    1415656 kB
Buffers:           42328 kB
Cached:           418496 kB
MemTotal:        1844596 kB
MemFree:         1081764 kB
MemAvailable:    1410576 kB
Buffers:           42328 kB
Cached:           418496 kB
MemTotal:        1844596 kB
MemFree:         1080648 kB
MemAvailable:    1409460 kB
Buffers:           42328 kB
Cached:           418496 kB
MemTotal:        1844596 kB
MemFree:         1081500 kB
MemAvailable:    1410312 kB
Buffers:           42328 kB
Cached:           418496 kB
MemTotal:        1844596 kB
MemFree:         1080904 kB
MemAvailable:    1409716 kB
Buffers:           42328 kB
Cached:           418496 kB
MemTotal:        1844596 kB
MemFree:         1080272 kB
MemAvailable:    1409084 kB
Buffers:           42328 kB
Cached:           418496 kB
MemTotal:        1844596 kB
MemFree:         1081464 kB
MemAvailable:    1410276 kB
Buffers:           42328 kB
Cached:           418496 kB
MemTotal:        1844596 kB
MemFree:         1081408 kB
MemAvailable:    1410220 kB
Buffers:           42328 kB
Cached:           418496 kB
MemTotal:        1844596 kB
MemFree:         1081524 kB
MemAvailable:    1410336 kB
Buffers:           42328 kB
Cached:           418496 kB
MemTotal:        1844596 kB
MemFree:         1081536 kB
MemAvailable:    1410348 kB
Buffers:           42328 kB
Cached:           418496 kB
MemTotal:        1844596 kB
MemFree:         1080648 kB
MemAvailable:    1409460 kB
Buffers:           42328 kB
Cached:           418496 kB
MemTotal:        1844596 kB
MemFree:         1081888 kB
MemAvailable:    1410700 kB
Buffers:           42328 kB
Cached:           418496 kB
MemTotal:        1844596 kB
MemFree:         1081400 kB
MemAvailable:    1410212 kB
Buffers:           42328 kB
Cached:           418496 kB
MemTotal:        1844596 kB
MemFree:         1079416 kB
MemAvailable:    1408228 kB
Buffers:           42328 kB
Cached:           418496 kB
MemTotal:        1844596 kB
MemFree:         1080132 kB
MemAvailable:    1408944 kB
Buffers:           42328 kB
Cached:           418496 kB
MemTotal:        1844596 kB
MemFree:         1080384 kB
MemAvailable:    1409196 kB
Buffers:           42328 kB
Cached:           418496 kB
MemTotal:        1844596 kB
MemFree:         1080244 kB
MemAvailable:    1409056 kB
Buffers:           42328 kB
Cached:           418496 kB
MemTotal:        1844596 kB
MemFree:         1080152 kB
MemAvailable:    1408964 kB
Buffers:           42328 kB
Cached:           418496 kB
MemTotal:        1844596 kB
MemFree:         1080044 kB
MemAvailable:    1408856 kB
Buffers:           42328 kB
Cached:           418496 kB
MemTotal:        1844596 kB
MemFree:         1078996 kB
MemAvailable:    1407808 kB
Buffers:           42328 kB
Cached:           418496 kB
MemTotal:        1844596 kB
MemFree:         1080020 kB
MemAvailable:    1408832 kB
Buffers:           42328 kB
Cached:           418496 kB
MemTotal:        1844596 kB
MemFree:         1079920 kB
MemAvailable:    1408732 kB
Buffers:           42328 kB
Cached:           418496 kB
MemTotal:        1844596 kB
MemFree:         1079800 kB
MemAvailable:    1408612 kB
Buffers:           42328 kB
Cached:           418496 kB
MemTotal:        1844596 kB
MemFree:         1079776 kB
MemAvailable:    1408588 kB
Buffers:           42328 kB
Cached:           418496 kB
MemTotal:        1844596 kB
MemFree:         1078548 kB
MemAvailable:    1407360 kB
Buffers:           42328 kB
Cached:           418496 kB
MemTotal:        1844596 kB
MemFree:         1078972 kB
MemAvailable:    1407784 kB
Buffers:           42328 kB
Cached:           418496 kB
MemTotal:        1844596 kB
MemFree:         1079308 kB
MemAvailable:    1408120 kB
Buffers:           42328 kB
Cached:           418496 kB
MemTotal:        1844596 kB
MemFree:         1078532 kB
MemAvailable:    1407344 kB
Buffers:           42328 kB
Cached:           418496 kB
MemTotal:        1844596 kB
MemFree:         1078532 kB
MemAvailable:    1407344 kB
Buffers:           42328 kB
Cached:           418496 kB
MemTotal:        1844596 kB
MemFree:         1077804 kB
MemAvailable:    1406616 kB
Buffers:           42328 kB
Cached:           418496 kB
MemTotal:        1844596 kB
MemFree:         1077492 kB
MemAvailable:    1406304 kB
Buffers:           42328 kB
Cached:           418496 kB
MemTotal:        1844596 kB
MemFree:         1076440 kB
MemAvailable:    1405252 kB
Buffers:           42328 kB
Cached:           418496 kB
MemTotal:        1844596 kB
MemFree:         1077232 kB
MemAvailable:    1406044 kB
Buffers:           42328 kB
Cached:           418496 kB
MemTotal:        1844596 kB
MemFree:         1077372 kB
MemAvailable:    1406184 kB
Buffers:           42328 kB
Cached:           418496 kB
MemTotal:        1844596 kB
MemFree:         1077220 kB
MemAvailable:    1406032 kB
Buffers:           42328 kB
Cached:           418496 kB
MemTotal:        1844596 kB
MemFree:         1077192 kB
MemAvailable:    1406004 kB
Buffers:           42328 kB
Cached:           418496 kB
MemTotal:        1844596 kB
MemFree:         1077052 kB
MemAvailable:    1405864 kB
Buffers:           42328 kB
Cached:           418496 kB
MemTotal:        1844596 kB
MemFree:         1076020 kB
MemAvailable:    1404832 kB
Buffers:           42328 kB
Cached:           418496 kB
MemTotal:        1844596 kB
MemFree:         1077344 kB
MemAvailable:    1406156 kB
Buffers:           42328 kB
Cached:           418496 kB
MemTotal:        1844596 kB
MemFree:         1076440 kB
MemAvailable:    1405252 kB
Buffers:           42328 kB
Cached:           418496 kB
MemTotal:        1844596 kB
MemFree:         1077088 kB
MemAvailable:    1405900 kB
Buffers:           42328 kB
Cached:           418496 kB
MemTotal:        1844596 kB
MemFree:         1077308 kB
MemAvailable:    1406120 kB
Buffers:           42328 kB
Cached:           418496 kB
MemTotal:        1844596 kB
MemFree:         1076004 kB
MemAvailable:    1404816 kB
Buffers:           42328 kB
Cached:           418496 kB
MemTotal:        1844596 kB
MemFree:         1076012 kB
MemAvailable:    1404824 kB
Buffers:           42328 kB
Cached:           418496 kB
MemTotal:        1844596 kB
MemFree:         1076012 kB
MemAvailable:    1404824 kB
Buffers:           42328 kB
Cached:           418496 kB
MemTotal:        1844596 kB
MemFree:         1077216 kB
MemAvailable:    1406028 kB
Buffers:           42328 kB
Cached:           418496 kB
MemTotal:        1844596 kB
MemFree:         1077128 kB
MemAvailable:    1405940 kB
Buffers:           42328 kB
Cached:           418496 kB
MemTotal:        1844596 kB
MemFree:         1077380 kB
MemAvailable:    1406192 kB
Buffers:           42328 kB
Cached:           418496 kB
MemTotal:        1844596 kB
MemFree:         1075888 kB
MemAvailable:    1404700 kB
Buffers:           42328 kB
Cached:           418496 kB
MemTotal:        1844596 kB
MemFree:         1077168 kB
MemAvailable:    1405980 kB
Buffers:           42328 kB
Cached:           418496 kB
MemTotal:        1844596 kB
MemFree:         1077308 kB
MemAvailable:    1406120 kB
Buffers:           42328 kB
Cached:           418496 kB
MemTotal:        1844596 kB
MemFree:         1077356 kB
MemAvailable:    1406168 kB
Buffers:           42328 kB
Cached:           418496 kB
MemTotal:        1844596 kB
MemFree:         1076008 kB
MemAvailable:    1404820 kB
Buffers:           42328 kB
Cached:           418496 kB
MemTotal:        1844596 kB
MemFree:         1077232 kB
MemAvailable:    1406044 kB
Buffers:           42328 kB
Cached:           418496 kB
MemTotal:        1844596 kB
MemFree:         1075912 kB
MemAvailable:    1404724 kB
Buffers:           42328 kB
Cached:           418496 kB
MemTotal:        1844596 kB
MemFree:         1077136 kB
MemAvailable:    1405948 kB
Buffers:           42328 kB
Cached:           418496 kB
MemTotal:        1844596 kB
MemFree:         1075932 kB
MemAvailable:    1404744 kB
Buffers:           42328 kB
Cached:           418496 kB
MemTotal:        1844596 kB
MemFree:         1077116 kB
MemAvailable:    1405928 kB
Buffers:           42328 kB
Cached:           418496 kB
MemTotal:        1844596 kB
MemFree:         1077116 kB
MemAvailable:    1405928 kB
Buffers:           42328 kB
Cached:           418496 kB
MemTotal:        1844596 kB
MemFree:         1077188 kB
MemAvailable:    1406000 kB
Buffers:           42328 kB
Cached:           418496 kB
MemTotal:        1844596 kB
MemFree:         1077204 kB
MemAvailable:    1406016 kB
Buffers:           42328 kB
Cached:           418496 kB
MemTotal:        1844596 kB
MemFree:         1076136 kB
MemAvailable:    1404948 kB
Buffers:           42328 kB
Cached:           418496 kB
MemTotal:        1844596 kB
MemFree:         1076132 kB
MemAvailable:    1404944 kB
Buffers:           42328 kB
Cached:           418496 kB
MemTotal:        1844596 kB
MemFree:         1076044 kB
MemAvailable:    1404856 kB
Buffers:           42328 kB
Cached:           418496 kB
MemTotal:        1844596 kB
MemFree:         1077320 kB
MemAvailable:    1406132 kB
Buffers:           42328 kB
Cached:           418496 kB
MemTotal:        1844596 kB
MemFree:         1076564 kB
MemAvailable:    1405376 kB
Buffers:           42328 kB
Cached:           418496 kB
MemTotal:        1844596 kB
MemFree:         1077220 kB
MemAvailable:    1406036 kB
Buffers:           42328 kB
Cached:           418500 kB
MemTotal:        1844596 kB
MemFree:         1077068 kB
MemAvailable:    1405884 kB
Buffers:           42328 kB
Cached:           418500 kB
MemTotal:        1844596 kB
MemFree:         1077136 kB
MemAvailable:    1405952 kB
Buffers:           42328 kB
Cached:           418500 kB
MemTotal:        1844596 kB
MemFree:         1076016 kB
MemAvailable:    1404832 kB
Buffers:           42328 kB
Cached:           418500 kB
MemTotal:        1844596 kB
MemFree:         1077240 kB
MemAvailable:    1406056 kB
Buffers:           42328 kB
Cached:           418500 kB
MemTotal:        1844596 kB
MemFree:         1075076 kB
MemAvailable:    1403892 kB
Buffers:           42328 kB
Cached:           418500 kB
MemTotal:        1844596 kB
MemFree:         1075500 kB
MemAvailable:    1404316 kB
Buffers:           42328 kB
Cached:           418500 kB
MemTotal:        1844596 kB
MemFree:         1070736 kB
MemAvailable:    1399552 kB
Buffers:           42328 kB
Cached:           418500 kB
MemTotal:        1844596 kB
MemFree:         1069488 kB
MemAvailable:    1398308 kB
Buffers:           42328 kB
Cached:           418504 kB
MemTotal:        1844596 kB
MemFree:         1070480 kB
MemAvailable:    1399300 kB
Buffers:           42328 kB
Cached:           418504 kB
MemTotal:        1844596 kB
MemFree:         1070564 kB
MemAvailable:    1399384 kB
Buffers:           42328 kB
Cached:           418504 kB
MemTotal:        1844596 kB
MemFree:         1069068 kB
MemAvailable:    1397892 kB
Buffers:           42328 kB
Cached:           418508 kB
MemTotal:        1844596 kB
MemFree:         1070480 kB
MemAvailable:    1399304 kB
Buffers:           42328 kB
Cached:           418508 kB
MemTotal:        1844596 kB
MemFree:         1070732 kB
MemAvailable:    1399556 kB
Buffers:           42328 kB
Cached:           418508 kB
MemTotal:        1844596 kB
MemFree:         1070440 kB
MemAvailable:    1399264 kB
Buffers:           42328 kB
Cached:           418508 kB
MemTotal:        1844596 kB
MemFree:         1069484 kB
MemAvailable:    1398308 kB
Buffers:           42332 kB
Cached:           418504 kB
MemTotal:        1844596 kB
MemFree:         1069360 kB
MemAvailable:    1398184 kB
Buffers:           42332 kB
Cached:           418504 kB
MemTotal:        1844596 kB
MemFree:         1070416 kB
MemAvailable:    1399240 kB
Buffers:           42332 kB
Cached:           418504 kB
MemTotal:        1844596 kB
MemFree:         1069620 kB
MemAvailable:    1398444 kB
Buffers:           42332 kB
Cached:           418504 kB
MemTotal:        1844596 kB
MemFree:         1070508 kB
MemAvailable:    1399332 kB
Buffers:           42332 kB
Cached:           418504 kB
MemTotal:        1844596 kB
MemFree:         1069244 kB
MemAvailable:    1398068 kB
Buffers:           42332 kB
Cached:           418504 kB
MemTotal:        1844596 kB
MemFree:         1070224 kB
MemAvailable:    1399216 kB
Buffers:           42332 kB
Cached:           418628 kB
MemTotal:        1844596 kB
MemFree:         1070476 kB
MemAvailable:    1399468 kB
Buffers:           42332 kB
Cached:           418628 kB
MemTotal:        1844596 kB
MemFree:         1069984 kB
MemAvailable:    1399144 kB
Buffers:           42332 kB
Cached:           418752 kB
MemTotal:        1844596 kB
MemFree:         1068868 kB
MemAvailable:    1398112 kB
Buffers:           42332 kB
Cached:           418876 kB
MemTotal:        1844596 kB
MemFree:         1068868 kB
MemAvailable:    1398196 kB
Buffers:           42332 kB
Cached:           419000 kB
MemTotal:        1844596 kB
MemFree:         1069860 kB
MemAvailable:    1399272 kB
Buffers:           42332 kB
Cached:           419000 kB
MemTotal:        1844596 kB
MemFree:         1069548 kB
MemAvailable:    1398960 kB
Buffers:           42332 kB
Cached:           419124 kB
MemTotal:        1844596 kB
MemFree:         1069800 kB
MemAvailable:    1399212 kB
Buffers:           42332 kB
Cached:           419124 kB
MemTotal:        1844596 kB
MemFree:         1069600 kB
MemAvailable:    1399012 kB
Buffers:           42332 kB
Cached:           419124 kB
MemTotal:        1844596 kB
MemFree:         1069936 kB
MemAvailable:    1399348 kB
Buffers:           42332 kB
Cached:           419124 kB
MemTotal:        1844596 kB
MemFree:         1069744 kB
MemAvailable:    1399156 kB
Buffers:           42332 kB
Cached:           419124 kB
MemTotal:        1844596 kB
MemFree:         1069740 kB
MemAvailable:    1399152 kB
Buffers:           42332 kB
Cached:           419124 kB
MemTotal:        1844596 kB
MemFree:         1069584 kB
MemAvailable:    1399080 kB
Buffers:           42332 kB
Cached:           419248 kB
MemTotal:        1844596 kB
MemFree:         1069840 kB
MemAvailable:    1399336 kB
Buffers:           42332 kB
Cached:           419248 kB
MemTotal:        1844596 kB
MemFree:         1070324 kB
MemAvailable:    1399148 kB
Buffers:           42332 kB
Cached:           418616 kB
MemTotal:        1844596 kB
MemFree:         1069488 kB
MemAvailable:    1398312 kB
Buffers:           42332 kB
Cached:           418616 kB
MemTotal:        1844596 kB
MemFree:         1185144 kB
MemAvailable:    1513968 kB
Buffers:           42332 kB
Cached:           418616 kB
MemTotal:        1844596 kB
MemFree:         1263544 kB
MemAvailable:    1592368 kB
Buffers:           42332 kB
Cached:           418616 kB
