MemTotal:        1844596 kB
MemFree:         1316164 kB
MemAvailable:    1594572 kB
Buffers:           35820 kB
Cached:           373928 kB
MemTotal:        1844596 kB
MemFree:         1290140 kB
MemAvailable:    1568552 kB
Buffers:           35820 kB
Cached:           373932 kB
MemTotal:        1844596 kB
MemFree:         1287536 kB
MemAvailable:    1565948 kB
Buffers:           35820 kB
Cached:           373932 kB
MemTotal:        1844596 kB
MemFree:         1286660 kB
MemAvailable:    1565072 kB
Buffers:           35820 kB
Cached:           373932 kB
MemTotal:        1844596 kB
MemFree:         1286552 kB
MemAvailable:    1564964 kB
Buffers:           35820 kB
Cached:           373932 kB
MemTotal:        1844596 kB
MemFree:         1285488 kB
MemAvailable:    1563900 kB
Buffers:           35820 kB
Cached:           373932 kB
MemTotal:        1844596 kB
MemFree:         1285364 kB
MemAvailable:    1563776 kB
Buffers:           35820 kB
Cached:           373932 kB
MemTotal:        1844596 kB
MemFree:         1282824 kB
MemAvailable:    1561236 kB
Buffers:           35820 kB
Cached:           373932 kB
MemTotal:        1844596 kB
MemFree:         1280840 kB
MemAvailable:    1559252 kB
Buffers:           35820 kB
Cached:           373932 kB
MemTotal:        1844596 kB
MemFree:         1278112 kB
MemAvailable:    1556524 kB
Buffers:           35820 kB
Cached:           373932 kB
MemTotal:        1844596 kB
MemFree:         1274020 kB
MemAvailable:    1552432 kB
Buffers:           35820 kB
Cached:           373932 kB
MemTotal:        1844596 kB
MemFree:         1275304 kB
MemAvailable:    1553716 kB
Buffers:           35820 kB
Cached:           373932 kB
MemTotal:        1844596 kB
MemFree:         1274516 kB
MemAvailable:    1552928 kB
Buffers:           35820 kB
Cached:           373932 kB
MemTotal:        1844596 kB
MemFree:         1275192 kB
MemAvailable:    1553604 kB
Buffers:           35820 kB
Cached:           373932 kB
MemTotal:        1844596 kB
MemFree:         1275360 kB
MemAvailable:    1553772 kB
Buffers:           35820 kB
Cached:           373932 kB
MemTotal:        1844596 kB
MemFree:         1273832 kB
MemAvailable:    1552244 kB
Buffers:           35820 kB
Cached:           373932 kB
MemTotal:        1844596 kB
MemFree:         1275072 kB
MemAvailable:    1553484 kB
Buffers:           35820 kB
Cached:           373932 kB
MemTotal:        1844596 kB
MemFree:         1274896 kB
MemAvailable:    1553308 kB
Buffers:           35820 kB
Cached:           373932 kB
MemTotal:        1844596 kB
MemFree:         1273508 kB
MemAvailable:    1551920 kB
Buffers:           35820 kB
Cached:           373932 kB
MemTotal:        1844596 kB
MemFree:         1274880 kB
MemAvailable:    1553292 kB
Buffers:           35820 kB
Cached:           373932 kB
MemTotal:        1844596 kB
MemFree:         1274864 kB
MemAvailable:    1553276 kB
Buffers:           35820 kB
Cached:           373932 kB
MemTotal:        1844596 kB
MemFree:         1274576 kB
MemAvailable:    1552988 kB
Buffers:           35820 kB
Cached:           373932 kB
MemTotal:        1844596 kB
MemFree:         1274648 kB
MemAvailable:    1553060 kB
Buffers:           35820 kB
Cached:           373932 kB
MemTotal:        1844596 kB
MemFree:         1273220 kB
MemAvailable:    1551632 kB
Buffers:           35820 kB
Cached:           373932 kB
MemTotal:        1844596 kB
MemFree:         1274368 kB
MemAvailable:    1552780 kB
Buffers:           35820 kB
Cached:           373932 kB
MemTotal:        1844596 kB
MemFree:         1274368 kB
MemAvailable:    1552780 kB
Buffers:           35820 kB
Cached:           373932 kB
MemTotal:        1844596 kB
MemFree:         1273956 kB
MemAvailable:    1552368 kB
Buffers:           35820 kB
Cached:           373932 kB
MemTotal:        1844596 kB
MemFree:         1273700 kB
MemAvailable:    1552112 kB
Buffers:           35820 kB
Cached:           373932 kB
MemTotal:        1844596 kB
MemFree:         1272656 kB
MemAvailable:    1551068 kB
Buffers:           35820 kB
Cached:           373932 kB
MemTotal:        1844596 kB
MemFree:         1273448 kB
MemAvailable:    1551860 kB
Buffers:           35820 kB
Cached:           373932 kB
MemTotal:        1844596 kB
MemFree:         1273276 kB
MemAvailable:    1551688 kB
Buffers:           35820 kB
Cached:           373932 kB
MemTotal:        1844596 kB
MemFree:         1272716 kB
MemAvailable:    1551128 kB
Buffers:           35820 kB
Cached:           373932 kB
MemTotal:        1844596 kB
MemFree:         1272268 kB
MemAvailable:    1550680 kB
Buffers:           35820 kB
Cached:           373932 kB
MemTotal:        1844596 kB
MemFree:         1272352 kB
MemAvailable:    1550764 kB
Buffers:           35820 kB
Cached:           373932 kB
MemTotal:        1844596 kB
MemFree:         1272208 kB
MemAvailable:    1550620 kB
Buffers:           35820 kB
Cached:           373932 kB
MemTotal:        1844596 kB
MemFree:         1270860 kB
MemAvailable:    1549272 kB
Buffers:           35820 kB
Cached:           373932 kB
MemTotal:        1844596 kB
MemFree:         1272160 kB
MemAvailable:    1550572 kB
Buffers:           35820 kB
Cached:           373932 kB
MemTotal:        1844596 kB
MemFree:         1270852 kB
MemAvailable:    1549264 kB
Buffers:           35820 kB
Cached:           373932 kB
MemTotal:        1844596 kB
MemFree:         1272196 kB
MemAvailable:    1550608 kB
Buffers:           35820 kB
Cached:           373932 kB
MemTotal:        1844596 kB
MemFree:         1272316 kB
MemAvailable:    1550728 kB
Buffers:           35820 kB
Cached:           373932 kB
MemTotal:        1844596 kB
MemFree:         1272284 kB
MemAvailable:    1550696 kB
Buffers:           35820 kB
Cached:           373932 kB
MemTotal:        1844596 kB
MemFree:         1273524 kB
MemAvailable:    1551936 kB
Buffers:           35820 kB
Cached:           373932 kB
MemTotal:        1844596 kB
MemFree:         1270672 kB
MemAvailable:    1549084 kB
Buffers:           35820 kB
Cached:           373932 kB
MemTotal:        1844596 kB
MemFree:         1269432 kB
MemAvailable:    1547844 kB
Buffers:           35820 kB
Cached:           373932 kB
MemTotal:        1844596 kB
MemFree:         1267076 kB
MemAvailable:    1545488 kB
Buffers:           35820 kB
Cached:           373932 kB
MemTotal:        1844596 kB
MemFree:         1268184 kB
MemAvailable:    1546596 kB
Buffers:           35820 kB
Cached:           373932 kB
MemTotal:        1844596 kB
MemFree:         1267952 kB
MemAvailable:    1546240 kB
Buffers:           35820 kB
Cached:           373932 kB
MemTotal:        1844596 kB
MemFree:         1267936 kB
MemAvailable:    1546348 kB
Buffers:           35820 kB
Cached:           373932 kB
MemTotal:        1844596 kB
MemFree:         1267928 kB
MemAvailable:    1546340 kB
Buffers:           35820 kB
Cached:           373932 kB
MemTotal:        1844596 kB
MemFree:         1267952 kB
MemAvailable:    1546364 kB
Buffers:           35820 kB
Cached:           373932 kB
MemTotal:        1844596 kB
MemFree:         1266648 kB
MemAvailable:    1545060 kB
Buffers:           35820 kB
Cached:           373932 kB
MemTotal:        1844596 kB
MemFree:         1267764 kB
MemAvailable:    1546176 kB
Buffers:           35820 kB
Cached:           373932 kB
MemTotal:        1844596 kB
MemFree:         1267764 kB
MemAvailable:    1546176 kB
Buffers:           35820 kB
Cached:           373932 kB
MemTotal:        1844596 kB
MemFree:         1267632 kB
MemAvailable:    1546044 kB
Buffers:           35820 kB
Cached:           373932 kB
MemTotal:        1844596 kB
MemFree:         1266952 kB
MemAvailable:    1545364 kB
Buffers:           35820 kB
Cached:           373932 kB
MemTotal:        1844596 kB
MemFree:         1267524 kB
MemAvailable:    1545940 kB
Buffers:           35820 kB
Cached:           373936 kB
MemTotal:        1844596 kB
MemFree:         1267524 kB
MemAvailable:    1545940 kB
Buffers:           35820 kB
Cached:           373936 kB
MemTotal:        1844596 kB
MemFree:         1266408 kB
MemAvailable:    1544824 kB
Buffers:           35820 kB
Cached:           373936 kB
MemTotal:        1844596 kB
MemFree:         1266408 kB
MemAvailable:    1544824 kB
Buffers:           35820 kB
Cached:           373936 kB
MemTotal:        1844596 kB
MemFree:         1267696 kB
MemAvailable:    1546112 kB
Buffers:           35820 kB
Cached:           373936 kB
MemTotal:        1844596 kB
MemFree:         1267680 kB
MemAvailable:    1546096 kB
Buffers:           35820 kB
Cached:           373936 kB
MemTotal:        1844596 kB
MemFree:         1261860 kB
MemAvailable:    1540276 kB
Buffers:           35820 kB
Cached:           373936 kB
MemTotal:        1844596 kB
MemFree:         1260868 kB
MemAvailable:    1539284 kB
Buffers:           35820 kB
Cached:           373936 kB
MemTotal:        1844596 kB
MemFree:         1261672 kB
MemAvailable:    1540088 kB
Buffers:           35820 kB
Cached:           373936 kB
MemTotal:        1844596 kB
MemFree:         1260984 kB
MemAvailable:    1539400 kB
Buffers:           35820 kB
Cached:           373936 kB
MemTotal:        1844596 kB
MemFree:         1258768 kB
MemAvailable:    1537184 kB
Buffers:           35820 kB
Cached:           373936 kB
MemTotal:        1844596 kB
MemFree:         1259820 kB
MemAvailable:    1538236 kB
Buffers:           35820 kB
Cached:           373936 kB
MemTotal:        1844596 kB
MemFree:         1259200 kB
MemAvailable:    1537616 kB
Buffers:           35820 kB
Cached:           373936 kB
MemTotal:        1844596 kB
MemFree:         1259152 kB
MemAvailable:    1537568 kB
Buffers:           35820 kB
Cached:           373936 kB
MemTotal:        1844596 kB
MemFree:         1257720 kB
MemAvailable:    1536136 kB
Buffers:           35820 kB
Cached:           373936 kB
MemTotal:        1844596 kB
MemFree:         1257888 kB
MemAvailable:    1536304 kB
Buffers:           35820 kB
Cached:           373936 kB
MemTotal:        1844596 kB
MemFree:         1258876 kB
MemAvailable:    1537292 kB
Buffers:           35820 kB
Cached:           373936 kB
MemTotal:        1844596 kB
MemFree:         1258396 kB
MemAvailable:    1536812 kB
Buffers:           35820 kB
Cached:           373936 kB
MemTotal:        1844596 kB
MemFree:         1258956 kB
MemAvailable:    1537372 kB
Buffers:           35820 kB
Cached:           373936 kB
MemTotal:        1844596 kB
MemFree:         1259124 kB
MemAvailable:    1537540 kB
Buffers:           35820 kB
Cached:           373936 kB
MemTotal:        1844596 kB
MemFree:         1258844 kB
MemAvailable:    1537260 kB
Buffers:           35820 kB
Cached:           373936 kB
MemTotal:        1844596 kB
MemFree:         1258272 kB
MemAvailable:    1536688 kB
Buffers:           35820 kB
Cached:           373936 kB
MemTotal:        1844596 kB
MemFree:         1258824 kB
MemAvailable:    1537240 kB
Buffers:           35820 kB
Cached:           373936 kB
MemTotal:        1844596 kB
MemFree:         1258768 kB
MemAvailable:    1537184 kB
Buffers:           35820 kB
Cached:           373936 kB
MemTotal:        1844596 kB
MemFree:         1258712 kB
MemAvailable:    1537128 kB
Buffers:           35820 kB
Cached:           373936 kB
MemTotal:        1844596 kB
MemFree:         1257776 kB
MemAvailable:    1536196 kB
Buffers:           35820 kB
Cached:           373940 kB
MemTotal:        1844596 kB
MemFree:         1257776 kB
MemAvailable:    1536196 kB
Buffers:           35820 kB
Cached:           373940 kB
MemTotal:        1844596 kB
MemFree:         1257644 kB
MemAvailable:    1536064 kB
Buffers:           35820 kB
Cached:           373940 kB
MemTotal:        1844596 kB
MemFree:         1257768 kB
MemAvailable:    1536188 kB
Buffers:           35820 kB
Cached:           373940 kB
MemTotal:        1844596 kB
MemFree:         1257644 kB
MemAvailable:    1536064 kB
Buffers:           35820 kB
Cached:           373940 kB
MemTotal:        1844596 kB
MemFree:         1258752 kB
MemAvailable:    1537172 kB
Buffers:           35820 kB
Cached:           373940 kB
MemTotal:        1844596 kB
MemFree:         1258652 kB
MemAvailable:    1537072 kB
Buffers:           35820 kB
Cached:           373940 kB
MemTotal:        1844596 kB
MemFree:         1258572 kB
MemAvailable:    1536992 kB
Buffers:           35820 kB
Cached:           373940 kB
MemTotal:        1844596 kB
MemFree:         1258628 kB
MemAvailable:    1537048 kB
Buffers:           35820 kB
Cached:           373940 kB
MemTotal:        1844596 kB
MemFree:         1255048 kB
MemAvailable:    1533468 kB
Buffers:           35820 kB
Cached:           373940 kB
MemTotal:        1844596 kB
MemFree:         1252196 kB
MemAvailable:    1530616 kB
Buffers:           35820 kB
Cached:           373940 kB
MemTotal:        1844596 kB
MemFree:         1250336 kB
MemAvailable:    1528756 kB
Buffers:           35820 kB
Cached:           373940 kB
MemTotal:        1844596 kB
MemFree:         1249336 kB
MemAvailable:    1527756 kB
Buffers:           35820 kB
Cached:           373940 kB
MemTotal:        1844596 kB
MemFree:         1249096 kB
MemAvailable:    1527516 kB
Buffers:           35820 kB
Cached:           373940 kB
MemTotal:        1844596 kB
MemFree:         1249220 kB
MemAvailable:    1527640 kB
Buffers:           35820 kB
Cached:           373940 kB
MemTotal:        1844596 kB
MemFree:         1250256 kB
MemAvailable:    1528676 kB
Buffers:           35820 kB
Cached:           373940 kB
MemTotal:        1844596 kB
MemFree:         1249948 kB
MemAvailable:    1528368 kB
Buffers:           35820 kB
Cached:           373940 kB
MemTotal:        1844596 kB
MemFree:         1249948 kB
MemAvailable:    1528368 kB
Buffers:           35820 kB
Cached:           373940 kB
MemTotal:        1844596 kB
MemFree:         1248832 kB
MemAvailable:    1527252 kB
Buffers:           35820 kB
Cached:           373940 kB
MemTotal:        1844596 kB
MemFree:         1248792 kB
MemAvailable:    1527212 kB
Buffers:           35820 kB
Cached:           373940 kB
MemTotal:        1844596 kB
MemFree:         1248828 kB
MemAvailable:    1527248 kB
Buffers:           35820 kB
Cached:           373940 kB
MemTotal:        1844596 kB
MemFree:         1249812 kB
MemAvailable:    1528232 kB
Buffers:           35820 kB
Cached:           373940 kB
MemTotal:        1844596 kB
MemFree:         1248912 kB
MemAvailable:    1527332 kB
Buffers:           35820 kB
Cached:           373940 kB
MemTotal:        1844596 kB
MemFree:         1248600 kB
MemAvailable:    1527020 kB
Buffers:           35820 kB
Cached:           373940 kB
MemTotal:        1844596 kB
MemFree:         1249972 kB
MemAvailable:    1528392 kB
Buffers:           35820 kB
Cached:           373940 kB
MemTotal:        1844596 kB
MemFree:         1249964 kB
MemAvailable:    1528384 kB
Buffers:           35820 kB
Cached:           373940 kB
MemTotal:        1844596 kB
MemFree:         1249964 kB
MemAvailable:    1528384 kB
Buffers:           35820 kB
Cached:           373940 kB
MemTotal:        1844596 kB
MemFree:         1249700 kB
MemAvailable:    1528120 kB
Buffers:           35820 kB
Cached:           373940 kB
MemTotal:        1844596 kB
MemFree:         1249716 kB
MemAvailable:    1528136 kB
Buffers:           35820 kB
Cached:           373940 kB
MemTotal:        1844596 kB
MemFree:         1248704 kB
MemAvailable:    1527124 kB
Buffers:           35820 kB
Cached:           373940 kB
MemTotal:        1844596 kB
MemFree:         1248704 kB
MemAvailable:    1527124 kB
Buffers:           35820 kB
Cached:           373940 kB
MemTotal:        1844596 kB
MemFree:         1250012 kB
MemAvailable:    1528432 kB
Buffers:           35820 kB
Cached:           373940 kB
MemTotal:        1844596 kB
MemFree:         1248788 kB
MemAvailable:    1527208 kB
Buffers:           35820 kB
Cached:           373940 kB
MemTotal:        1844596 kB
MemFree:         1249764 kB
MemAvailable:    1528184 kB
Buffers:           35820 kB
Cached:           373940 kB
MemTotal:        1844596 kB
MemFree:         1249716 kB
MemAvailable:    1528136 kB
Buffers:           35820 kB
Cached:           373940 kB
MemTotal:        1844596 kB
MemFree:         1249784 kB
MemAvailable:    1528204 kB
Buffers:           35820 kB
Cached:           373940 kB
MemTotal:        1844596 kB
MemFree:         1248668 kB
MemAvailable:    1527088 kB
Buffers:           35820 kB
Cached:           373940 kB
MemTotal:        1844596 kB
MemFree:         1249968 kB
MemAvailable:    1528388 kB
Buffers:           35820 kB
Cached:           373940 kB
MemTotal:        1844596 kB
MemFree:         1249764 kB
MemAvailable:    1528184 kB
Buffers:           35820 kB
Cached:           373940 kB
MemTotal:        1844596 kB
MemFree:         1250016 kB
MemAvailable:    1528436 kB
Buffers:           35820 kB
Cached:           373940 kB
MemTotal:        1844596 kB
MemFree:         1245180 kB
MemAvailable:    1523600 kB
Buffers:           35820 kB
Cached:           373940 kB
MemTotal:        1844596 kB
MemFree:         1242400 kB
MemAvailable:    1520820 kB
Buffers:           35820 kB
Cached:           373940 kB
MemTotal:        1844596 kB
MemFree:         1240972 kB
MemAvailable:    1519392 kB
Buffers:           35820 kB
Cached:           373940 kB
MemTotal:        1844596 kB
MemFree:         1239540 kB
MemAvailable:    1517960 kB
Buffers:           35820 kB
Cached:           373940 kB
MemTotal:        1844596 kB
MemFree:         1240576 kB
MemAvailable:    1518996 kB
Buffers:           35820 kB
Cached:           373940 kB
MemTotal:        1844596 kB
MemFree:         1239300 kB
MemAvailable:    1517720 kB
Buffers:           35820 kB
Cached:           373940 kB
MemTotal:        1844596 kB
MemFree:         1238680 kB
MemAvailable:    1517100 kB
Buffers:           35820 kB
Cached:           373940 kB
MemTotal:        1844596 kB
MemFree:         1238664 kB
MemAvailable:    1517084 kB
Buffers:           35820 kB
Cached:           373940 kB
MemTotal:        1844596 kB
MemFree:         1238556 kB
MemAvailable:    1516976 kB
Buffers:           35820 kB
Cached:           373940 kB
MemTotal:        1844596 kB
MemFree:         1237384 kB
MemAvailable:    1515804 kB
Buffers:           35820 kB
Cached:           373940 kB
MemTotal:        1844596 kB
MemFree:         1238300 kB
MemAvailable:    1516720 kB
Buffers:           35820 kB
Cached:           373940 kB
MemTotal:        1844596 kB
MemFree:         1238184 kB
MemAvailable:    1516604 kB
Buffers:           35820 kB
Cached:           373940 kB
MemTotal:        1844596 kB
MemFree:         1236756 kB
MemAvailable:    1515176 kB
Buffers:           35820 kB
Cached:           373940 kB
MemTotal:        1844596 kB
MemFree:         1236876 kB
MemAvailable:    1515296 kB
Buffers:           35820 kB
Cached:           373940 kB
MemTotal:        1844596 kB
MemFree:         1238088 kB
MemAvailable:    1516508 kB
Buffers:           35820 kB
Cached:           373940 kB
MemTotal:        1844596 kB
MemFree:         1238004 kB
MemAvailable:    1516424 kB
Buffers:           35820 kB
Cached:           373940 kB
MemTotal:        1844596 kB
MemFree:         1237820 kB
MemAvailable:    1516240 kB
Buffers:           35820 kB
Cached:           373940 kB
MemTotal:        1844596 kB
MemFree:         1237052 kB
MemAvailable:    1515472 kB
Buffers:           35820 kB
Cached:           373940 kB
MemTotal:        1844596 kB
MemFree:         1238196 kB
MemAvailable:    1516616 kB
Buffers:           35820 kB
Cached:           373940 kB
MemTotal:        1844596 kB
MemFree:         1236932 kB
MemAvailable:    1515352 kB
Buffers:           35820 kB
Cached:           373940 kB
MemTotal:        1844596 kB
MemFree:         1236760 kB
MemAvailable:    1515180 kB
Buffers:           35820 kB
Cached:           373940 kB
MemTotal:        1844596 kB
MemFree:         1236884 kB
MemAvailable:    1515304 kB
Buffers:           35820 kB
Cached:           373940 kB
MemTotal:        1844596 kB
MemFree:         1238124 kB
MemAvailable:    1516544 kB
Buffers:           35820 kB
Cached:           373940 kB
MemTotal:        1844596 kB
MemFree:         1238088 kB
MemAvailable:    1516508 kB
Buffers:           35820 kB
Cached:           373940 kB
MemTotal:        1844596 kB
MemFree:         1238048 kB
MemAvailable:    1516468 kB
Buffers:           35820 kB
Cached:           373940 kB
MemTotal:        1844596 kB
MemFree:         1236908 kB
MemAvailable:    1515328 kB
Buffers:           35820 kB
Cached:           373940 kB
MemTotal:        1844596 kB
MemFree:         1236896 kB
MemAvailable:    1515316 kB
Buffers:           35820 kB
Cached:           373940 kB
MemTotal:        1844596 kB
MemFree:         1238292 kB
MemAvailable:    1516712 kB
Buffers:           35820 kB
Cached:           373940 kB
MemTotal:        1844596 kB
MemFree:         1236928 kB
MemAvailable:    1515352 kB
Buffers:           35820 kB
Cached:           373944 kB
MemTotal:        1844596 kB
MemFree:         1237964 kB
MemAvailable:    1516388 kB
Buffers:           35820 kB
Cached:           373944 kB
MemTotal:        1844596 kB
MemFree:         1237812 kB
MemAvailable:    1516236 kB
Buffers:           35820 kB
Cached:           373944 kB
MemTotal:        1844596 kB
MemFree:         1236880 kB
MemAvailable:    1515312 kB
Buffers:           35820 kB
Cached:           373952 kB
MemTotal:        1844596 kB
MemFree:         1237136 kB
MemAvailable:    1515568 kB
Buffers:           35820 kB
Cached:           373952 kB
MemTotal:        1844596 kB
MemFree:         1238004 kB
MemAvailable:    1516436 kB
Buffers:           35820 kB
Cached:           373952 kB
MemTotal:        1844596 kB
MemFree:         1237068 kB
MemAvailable:    1515500 kB
Buffers:           35820 kB
Cached:           373952 kB
MemTotal:        1844596 kB
MemFree:         1237972 kB
MemAvailable:    1516404 kB
Buffers:           35820 kB
Cached:           373952 kB
MemTotal:        1844596 kB
MemFree:         1237944 kB
MemAvailable:    1516376 kB
Buffers:           35820 kB
Cached:           373952 kB
MemTotal:        1844596 kB
MemFree:         1238244 kB
MemAvailable:    1516676 kB
Buffers:           35820 kB
Cached:           373952 kB
MemTotal:        1844596 kB
MemFree:         1236764 kB
MemAvailable:    1515196 kB
Buffers:           35820 kB
Cached:           373952 kB
MemTotal:        1844596 kB
MemFree:         1238048 kB
MemAvailable:    1516480 kB
Buffers:           35820 kB
Cached:           373952 kB
MemTotal:        1844596 kB
MemFree:         1237796 kB
MemAvailable:    1516228 kB
Buffers:           35820 kB
Cached:           373952 kB
MemTotal:        1844596 kB
MemFree:         1238132 kB
MemAvailable:    1516564 kB
Buffers:           35820 kB
Cached:           373952 kB
MemTotal:        1844596 kB
MemFree:         1237964 kB
MemAvailable:    1516396 kB
Buffers:           35820 kB
Cached:           373952 kB
MemTotal:        1844596 kB
MemFree:         1237812 kB
MemAvailable:    1516244 kB
Buffers:           35820 kB
Cached:           373952 kB
MemTotal:        1844596 kB
MemFree:         1238048 kB
MemAvailable:    1516480 kB
Buffers:           35820 kB
Cached:           373952 kB
MemTotal:        1844596 kB
MemFree:         1237316 kB
MemAvailable:    1515748 kB
Buffers:           35820 kB
Cached:           373952 kB
MemTotal:        1844596 kB
MemFree:         1236772 kB
MemAvailable:    1515204 kB
Buffers:           35820 kB
Cached:           373952 kB
MemTotal:        1844596 kB
MemFree:         1238072 kB
MemAvailable:    1516504 kB
Buffers:           35820 kB
Cached:           373952 kB
MemTotal:        1844596 kB
MemFree:         1238132 kB
MemAvailable:    1516564 kB
Buffers:           35820 kB
Cached:           373952 kB
MemTotal:        1844596 kB
MemFree:         1238112 kB
MemAvailable:    1516544 kB
Buffers:           35820 kB
Cached:           373952 kB
MemTotal:        1844596 kB
MemFree:         1238172 kB
MemAvailable:    1516604 kB
Buffers:           35820 kB
Cached:           373952 kB
MemTotal:        1844596 kB
MemFree:         1236676 kB
MemAvailable:    1515108 kB
Buffers:           35820 kB
Cached:           373952 kB
MemTotal:        1844596 kB
MemFree:         1238068 kB
MemAvailable:    1516500 kB
Buffers:           35820 kB
Cached:           373952 kB
MemTotal:        1844596 kB
MemFree:         1237912 kB
MemAvailable:    1516344 kB
Buffers:           35820 kB
Cached:           373952 kB
MemTotal:        1844596 kB
MemFree:         1236764 kB
MemAvailable:    1515196 kB
Buffers:           35820 kB
Cached:           373952 kB
MemTotal:        1844596 kB
MemFree:         1237928 kB
MemAvailable:    1516360 kB
Buffers:           35820 kB
Cached:           373952 kB
MemTotal:        1844596 kB
MemFree:         1238348 kB
MemAvailable:    1516780 kB
Buffers:           35820 kB
Cached:           373952 kB
MemTotal:        1844596 kB
MemFree:         1236564 kB
MemAvailable:    1514996 kB
Buffers:           35820 kB
Cached:           373952 kB
MemTotal:        1844596 kB
MemFree:         1237300 kB
MemAvailable:    1515732 kB
Buffers:           35820 kB
Cached:           373952 kB
MemTotal:        1844596 kB
MemFree:         1236644 kB
MemAvailable:    1515076 kB
Buffers:           35820 kB
Cached:           373952 kB
MemTotal:        1844596 kB
MemFree:         1237748 kB
MemAvailable:    1516180 kB
Buffers:           35820 kB
Cached:           373952 kB
MemTotal:        1844596 kB
MemFree:         1237756 kB
MemAvailable:    1516188 kB
Buffers:           35820 kB
Cached:           373952 kB
MemTotal:        1844596 kB
MemFree:         1237736 kB
MemAvailable:    1516168 kB
Buffers:           35820 kB
Cached:           373952 kB
MemTotal:        1844596 kB
MemFree:         1237500 kB
MemAvailable:    1515932 kB
Buffers:           35820 kB
Cached:           373952 kB
MemTotal:        1844596 kB
MemFree:         1237668 kB
MemAvailable:    1516100 kB
Buffers:           35820 kB
Cached:           373952 kB
MemTotal:        1844596 kB
MemFree:         1237372 kB
MemAvailable:    1515804 kB
Buffers:           35820 kB
Cached:           373952 kB
MemTotal:        1844596 kB
MemFree:         1237624 kB
MemAvailable:    1516056 kB
Buffers:           35820 kB
Cached:           373952 kB
MemTotal:        1844596 kB
MemFree:         1237452 kB
MemAvailable:    1515884 kB
Buffers:           35820 kB
Cached:           373952 kB
MemTotal:        1844596 kB
MemFree:         1236188 kB
MemAvailable:    1514620 kB
Buffers:           35820 kB
Cached:           373952 kB
MemTotal:        1844596 kB
MemFree:         1236304 kB
MemAvailable:    1514736 kB
Buffers:           35820 kB
Cached:           373952 kB
MemTotal:        1844596 kB
MemFree:         1236312 kB
MemAvailable:    1514744 kB
Buffers:           35820 kB
Cached:           373952 kB
MemTotal:        1844596 kB
MemFree:         1237500 kB
MemAvailable:    1515932 kB
Buffers:           35820 kB
Cached:           373952 kB
MemTotal:        1844596 kB
MemFree:         1237184 kB
MemAvailable:    1515616 kB
Buffers:           35820 kB
Cached:           373952 kB
MemTotal:        1844596 kB
MemFree:         1235640 kB
MemAvailable:    1514072 kB
Buffers:           35820 kB
Cached:           373952 kB
MemTotal:        1844596 kB
MemFree:         1237108 kB
MemAvailable:    1515540 kB
Buffers:           35820 kB
Cached:           373952 kB
MemTotal:        1844596 kB
MemFree:         1237036 kB
MemAvailable:    1515468 kB
Buffers:           35820 kB
Cached:           373952 kB
MemTotal:        1844596 kB
MemFree:         1237200 kB
MemAvailable:    1515632 kB
Buffers:           35820 kB
Cached:           373952 kB
MemTotal:        1844596 kB
MemFree:         1235780 kB
MemAvailable:    1514212 kB
Buffers:           35820 kB
Cached:           373952 kB
MemTotal:        1844596 kB
MemFree:         1235772 kB
MemAvailable:    1514204 kB
Buffers:           35820 kB
Cached:           373952 kB
MemTotal:        1844596 kB
MemFree:         1235816 kB
MemAvailable:    1514248 kB
Buffers:           35820 kB
Cached:           373952 kB
MemTotal:        1844596 kB
MemFree:         1235940 kB
MemAvailable:    1514372 kB
Buffers:           35820 kB
Cached:           373952 kB
MemTotal:        1844596 kB
MemFree:         1237040 kB
MemAvailable:    1515472 kB
Buffers:           35820 kB
Cached:           373952 kB
MemTotal:        1844596 kB
MemFree:         1237292 kB
MemAvailable:    1515724 kB
Buffers:           35820 kB
Cached:           373952 kB
MemTotal:        1844596 kB
MemFree:         1235764 kB
MemAvailable:    1514196 kB
Buffers:           35820 kB
Cached:           373952 kB
MemTotal:        1844596 kB
MemFree:         1235440 kB
MemAvailable:    1513872 kB
Buffers:           35820 kB
Cached:           373952 kB
MemTotal:        1844596 kB
MemFree:         1235524 kB
MemAvailable:    1513956 kB
Buffers:           35820 kB
Cached:           373952 kB
MemTotal:        1844596 kB
MemFree:         1235952 kB
MemAvailable:    1514384 kB
Buffers:           35820 kB
Cached:           373952 kB
MemTotal:        1844596 kB
MemFree:         1235780 kB
MemAvailable:    1514212 kB
Buffers:           35820 kB
Cached:           373952 kB
MemTotal:        1844596 kB
MemFree:         1233656 kB
MemAvailable:    1512088 kB
Buffers:           35820 kB
Cached:           373952 kB
MemTotal:        1844596 kB
MemFree:         1230620 kB
MemAvailable:    1509052 kB
Buffers:           35820 kB
Cached:           373952 kB
MemTotal:        1844596 kB
MemFree:         1226836 kB
MemAvailable:    1505268 kB
Buffers:           35820 kB
Cached:           373952 kB
MemTotal:        1844596 kB
MemFree:         1225412 kB
MemAvailable:    1503844 kB
Buffers:           35820 kB
Cached:           373952 kB
MemTotal:        1844596 kB
MemFree:         1225412 kB
MemAvailable:    1503844 kB
Buffers:           35820 kB
Cached:           373952 kB
MemTotal:        1844596 kB
MemFree:         1224916 kB
MemAvailable:    1503348 kB
Buffers:           35820 kB
Cached:           373952 kB
MemTotal:        1844596 kB
MemFree:         1224736 kB
MemAvailable:    1503168 kB
Buffers:           35820 kB
Cached:           373952 kB
MemTotal:        1844596 kB
MemFree:         1224604 kB
MemAvailable:    1503036 kB
Buffers:           35820 kB
Cached:           373952 kB
MemTotal:        1844596 kB
MemFree:         1225784 kB
MemAvailable:    1504216 kB
Buffers:           35820 kB
Cached:           373952 kB
MemTotal:        1844596 kB
MemFree:         1225348 kB
MemAvailable:    1503784 kB
Buffers:           35820 kB
Cached:           373956 kB
MemTotal:        1844596 kB
MemFree:         1224040 kB
MemAvailable:    1502476 kB
Buffers:           35820 kB
Cached:           373956 kB
MemTotal:        1844596 kB
MemFree:         1224172 kB
MemAvailable:    1502608 kB
Buffers:           35820 kB
Cached:           373956 kB
MemTotal:        1844596 kB
MemFree:         1222312 kB
MemAvailable:    1500752 kB
Buffers:           35820 kB
Cached:           373960 kB
MemTotal:        1844596 kB
MemFree:         1222520 kB
MemAvailable:    1500960 kB
Buffers:           35820 kB
Cached:           373960 kB
MemTotal:        1844596 kB
MemFree:         1223604 kB
MemAvailable:    1502044 kB
Buffers:           35820 kB
Cached:           373960 kB
MemTotal:        1844596 kB
MemFree:         1222304 kB
MemAvailable:    1500744 kB
Buffers:           35820 kB
Cached:           373960 kB
MemTotal:        1844596 kB
MemFree:         1223564 kB
MemAvailable:    1502004 kB
Buffers:           35820 kB
Cached:           373960 kB
MemTotal:        1844596 kB
MemFree:         1223664 kB
MemAvailable:    1502104 kB
Buffers:           35820 kB
Cached:           373960 kB
MemTotal:        1844596 kB
MemFree:         1222420 kB
MemAvailable:    1500860 kB
Buffers:           35820 kB
Cached:           373960 kB
MemTotal:        1844596 kB
MemFree:         1222412 kB
MemAvailable:    1500852 kB
Buffers:           35820 kB
Cached:           373960 kB
MemTotal:        1844596 kB
MemFree:         1223456 kB
MemAvailable:    1501896 kB
Buffers:           35820 kB
Cached:           373960 kB
MemTotal:        1844596 kB
MemFree:         1222288 kB
MemAvailable:    1500728 kB
Buffers:           35820 kB
Cached:           373960 kB
MemTotal:        1844596 kB
MemFree:         1222356 kB
MemAvailable:    1500796 kB
Buffers:           35820 kB
Cached:           373960 kB
MemTotal:        1844596 kB
MemFree:         1223540 kB
MemAvailable:    1501980 kB
Buffers:           35820 kB
Cached:           373960 kB
MemTotal:        1844596 kB
MemFree:         1223468 kB
MemAvailable:    1501908 kB
Buffers:           35820 kB
Cached:           373960 kB
MemTotal:        1844596 kB
MemFree:         1223808 kB
MemAvailable:    1502124 kB
Buffers:           35820 kB
Cached:           373960 kB
MemTotal:        1844596 kB
MemFree:         1223564 kB
MemAvailable:    1502004 kB
Buffers:           35820 kB
Cached:           373960 kB
MemTotal:        1844596 kB
MemFree:         1223432 kB
MemAvailable:    1501872 kB
Buffers:           35820 kB
Cached:           373960 kB
MemTotal:        1844596 kB
MemFree:         1223180 kB
MemAvailable:    1501620 kB
Buffers:           35820 kB
Cached:           373960 kB
MemTotal:        1844596 kB
MemFree:         1222232 kB
MemAvailable:    1500672 kB
Buffers:           35820 kB
Cached:           373960 kB
MemTotal:        1844596 kB
MemFree:         1220700 kB
MemAvailable:    1499140 kB
Buffers:           35820 kB
Cached:           373960 kB
MemTotal:        1844596 kB
MemFree:         1221528 kB
MemAvailable:    1499968 kB
Buffers:           35820 kB
Cached:           373960 kB
MemTotal:        1844596 kB
MemFree:         1220032 kB
MemAvailable:    1498472 kB
Buffers:           35820 kB
Cached:           373960 kB
MemTotal:        1844596 kB
MemFree:         1221312 kB
MemAvailable:    1499752 kB
Buffers:           35820 kB
Cached:           373960 kB
MemTotal:        1844596 kB
MemFree:         1221312 kB
MemAvailable:    1499752 kB
Buffers:           35820 kB
Cached:           373960 kB
MemTotal:        1844596 kB
MemFree:         1220884 kB
MemAvailable:    1499324 kB
Buffers:           35820 kB
Cached:           373960 kB
MemTotal:        1844596 kB
MemFree:         1220628 kB
MemAvailable:    1499068 kB
Buffers:           35820 kB
Cached:           373960 kB
MemTotal:        1844596 kB
MemFree:         1219584 kB
MemAvailable:    1498024 kB
Buffers:           35820 kB
Cached:           373960 kB
MemTotal:        1844596 kB
MemFree:         1219328 kB
MemAvailable:    1497768 kB
Buffers:           35820 kB
Cached:           373960 kB
MemTotal:        1844596 kB
MemFree:         1218600 kB
MemAvailable:    1497040 kB
Buffers:           35820 kB
Cached:           373960 kB
MemTotal:        1844596 kB
MemFree:         1219100 kB
MemAvailable:    1497540 kB
Buffers:           35820 kB
Cached:           373960 kB
MemTotal:        1844596 kB
MemFree:         1219136 kB
MemAvailable:    1497576 kB
Buffers:           35820 kB
Cached:           373960 kB
MemTotal:        1844596 kB
MemFree:         1217848 kB
MemAvailable:    1496288 kB
Buffers:           35820 kB
Cached:           373960 kB
MemTotal:        1844596 kB
MemFree:         1217600 kB
MemAvailable:    1496040 kB
Buffers:           35820 kB
Cached:           373960 kB
MemTotal:        1844596 kB
MemFree:         1218900 kB
MemAvailable:    1497340 kB
Buffers:           35820 kB
Cached:           373960 kB
MemTotal:        1844596 kB
MemFree:         1217468 kB
MemAvailable:    1495908 kB
Buffers:           35820 kB
Cached:           373960 kB
MemTotal:        1844596 kB
MemFree:         1218576 kB
MemAvailable:    1497016 kB
Buffers:           35820 kB
Cached:           373960 kB
MemTotal:        1844596 kB
MemFree:         1218352 kB
MemAvailable:    1496792 kB
Buffers:           35820 kB
Cached:           373960 kB
MemTotal:        1844596 kB
MemFree:         1218480 kB
MemAvailable:    1496920 kB
Buffers:           35820 kB
Cached:           373960 kB
MemTotal:        1844596 kB
MemFree:         1218476 kB
MemAvailable:    1496916 kB
Buffers:           35820 kB
Cached:           373960 kB
MemTotal:        1844596 kB
MemFree:         1217212 kB
MemAvailable:    1495652 kB
Buffers:           35820 kB
Cached:           373960 kB
MemTotal:        1844596 kB
MemFree:         1218488 kB
MemAvailable:    1496928 kB
Buffers:           35820 kB
Cached:           373960 kB
MemTotal:        1844596 kB
MemFree:         1218556 kB
MemAvailable:    1496996 kB
Buffers:           35820 kB
Cached:           373960 kB
MemTotal:        1844596 kB
MemFree:         1218156 kB
MemAvailable:    1496596 kB
Buffers:           35820 kB
Cached:           373960 kB
MemTotal:        1844596 kB
MemFree:         1217724 kB
MemAvailable:    1496164 kB
Buffers:           35820 kB
Cached:           373960 kB
MemTotal:        1844596 kB
MemFree:         1216916 kB
MemAvailable:    1495356 kB
Buffers:           35820 kB
Cached:           373960 kB
MemTotal:        1844596 kB
MemFree:         1218224 kB
MemAvailable:    1496664 kB
Buffers:           35820 kB
Cached:           373960 kB
MemTotal:        1844596 kB
MemFree:         1218156 kB
MemAvailable:    1496596 kB
Buffers:           35820 kB
Cached:           373960 kB
MemTotal:        1844596 kB
MemFree:         1218020 kB
MemAvailable:    1496460 kB
Buffers:           35820 kB
Cached:           373960 kB
MemTotal:        1844596 kB
MemFree:         1217600 kB
MemAvailable:    1496040 kB
Buffers:           35820 kB
Cached:           373960 kB
MemTotal:        1844596 kB
MemFree:         1218268 kB
MemAvailable:    1496708 kB
Buffers:           35820 kB
Cached:           373960 kB
MemTotal:        1844596 kB
MemFree:         1217352 kB
MemAvailable:    1495792 kB
Buffers:           35820 kB
Cached:           373960 kB
MemTotal:        1844596 kB
MemFree:         1216836 kB
MemAvailable:    1495276 kB
Buffers:           35820 kB
Cached:           373960 kB
MemTotal:        1844596 kB
MemFree:         1218268 kB
MemAvailable:    1496708 kB
Buffers:           35820 kB
Cached:           373960 kB
MemTotal:        1844596 kB
MemFree:         1216920 kB
MemAvailable:    1495360 kB
Buffers:           35820 kB
Cached:           373960 kB
MemTotal:        1844596 kB
MemFree:         1218280 kB
MemAvailable:    1496720 kB
Buffers:           35820 kB
Cached:           373960 kB
MemTotal:        1844596 kB
MemFree:         1218424 kB
MemAvailable:    1496864 kB
Buffers:           35820 kB
Cached:           373960 kB
MemTotal:        1844596 kB
MemFree:         1218096 kB
MemAvailable:    1496536 kB
Buffers:           35820 kB
Cached:           373960 kB
MemTotal:        1844596 kB
MemFree:         1218088 kB
MemAvailable:    1496528 kB
Buffers:           35820 kB
Cached:           373960 kB
MemTotal:        1844596 kB
MemFree:         1218228 kB
MemAvailable:    1496668 kB
Buffers:           35820 kB
Cached:           373960 kB
MemTotal:        1844596 kB
MemFree:         1217104 kB
MemAvailable:    1495544 kB
Buffers:           35820 kB
Cached:           373960 kB
MemTotal:        1844596 kB
MemFree:         1216972 kB
MemAvailable:    1495412 kB
Buffers:           35820 kB
Cached:           373960 kB
MemTotal:        1844596 kB
MemFree:         1217308 kB
MemAvailable:    1495748 kB
Buffers:           35820 kB
Cached:           373960 kB
MemTotal:        1844596 kB
MemFree:         1215368 kB
MemAvailable:    1493808 kB
Buffers:           35820 kB
Cached:           373960 kB
MemTotal:        1844596 kB
MemFree:         1215180 kB
MemAvailable:    1493620 kB
Buffers:           35820 kB
Cached:           373960 kB
MemTotal:        1844596 kB
MemFree:         1213136 kB
MemAvailable:    1491576 kB
Buffers:           35820 kB
Cached:           373960 kB
MemTotal:        1844596 kB
MemFree:         1211152 kB
MemAvailable:    1489592 kB
Buffers:           35820 kB
Cached:           373960 kB
MemTotal:        1844596 kB
MemFree:         1207928 kB
MemAvailable:    1486368 kB
Buffers:           35820 kB
Cached:           373960 kB
MemTotal:        1844596 kB
MemFree:         1205632 kB
MemAvailable:    1484072 kB
Buffers:           35820 kB
Cached:           373960 kB
MemTotal:        1844596 kB
MemFree:         1201720 kB
MemAvailable:    1480160 kB
Buffers:           35820 kB
Cached:           373960 kB
MemTotal:        1844596 kB
MemFree:         1199124 kB
MemAvailable:    1477564 kB
Buffers:           35820 kB
Cached:           373960 kB
MemTotal:        1844596 kB
MemFree:         1198372 kB
MemAvailable:    1476812 kB
Buffers:           35820 kB
Cached:           373960 kB
MemTotal:        1844596 kB
MemFree:         1198348 kB
MemAvailable:    1476796 kB
Buffers:           35820 kB
Cached:           373968 kB
MemTotal:        1844596 kB
MemFree:         1199572 kB
MemAvailable:    1478020 kB
Buffers:           35820 kB
Cached:           373968 kB
MemTotal:        1844596 kB
MemFree:         1199824 kB
MemAvailable:    1478272 kB
Buffers:           35820 kB
Cached:           373968 kB
MemTotal:        1844596 kB
MemFree:         1198248 kB
MemAvailable:    1476696 kB
Buffers:           35820 kB
Cached:           373968 kB
MemTotal:        1844596 kB
MemFree:         1199248 kB
MemAvailable:    1477696 kB
Buffers:           35820 kB
Cached:           373968 kB
MemTotal:        1844596 kB
MemFree:         1198892 kB
MemAvailable:    1477340 kB
Buffers:           35820 kB
Cached:           373968 kB
MemTotal:        1844596 kB
MemFree:         1199256 kB
MemAvailable:    1477704 kB
Buffers:           35820 kB
Cached:           373968 kB
MemTotal:        1844596 kB
MemFree:         1199076 kB
MemAvailable:    1477524 kB
Buffers:           35820 kB
Cached:           373968 kB
MemTotal:        1844596 kB
MemFree:         1199328 kB
MemAvailable:    1477776 kB
Buffers:           35820 kB
Cached:           373968 kB
MemTotal:        1844596 kB
MemFree:         1199316 kB
MemAvailable:    1477764 kB
Buffers:           35820 kB
Cached:           373968 kB
MemTotal:        1844596 kB
MemFree:         1198140 kB
MemAvailable:    1476588 kB
Buffers:           35820 kB
Cached:           373968 kB
MemTotal:        1844596 kB
MemFree:         1198884 kB
MemAvailable:    1477332 kB
Buffers:           35820 kB
Cached:           373968 kB
MemTotal:        1844596 kB
MemFree:         1198496 kB
MemAvailable:    1476944 kB
Buffers:           35820 kB
Cached:           373968 kB
MemTotal:        1844596 kB
MemFree:         1198496 kB
MemAvailable:    1476944 kB
Buffers:           35820 kB
Cached:           373968 kB
MemTotal:        1844596 kB
MemFree:         1198524 kB
MemAvailable:    1476972 kB
Buffers:           35820 kB
Cached:           373968 kB
MemTotal:        1844596 kB
MemFree:         1197520 kB
MemAvailable:    1475968 kB
Buffers:           35820 kB
Cached:           373968 kB
MemTotal:        1844596 kB
MemFree:         1198236 kB
MemAvailable:    1476684 kB
Buffers:           35820 kB
Cached:           373968 kB
MemTotal:        1844596 kB
MemFree:         1198572 kB
MemAvailable:    1477020 kB
Buffers:           35820 kB
Cached:           373968 kB
MemTotal:        1844596 kB
MemFree:         1198448 kB
MemAvailable:    1476896 kB
Buffers:           35820 kB
Cached:           373968 kB
MemTotal:        1844596 kB
MemFree:         1197224 kB
MemAvailable:    1475672 kB
Buffers:           35820 kB
Cached:           373968 kB
MemTotal:        1844596 kB
MemFree:         1198416 kB
MemAvailable:    1476864 kB
Buffers:           35820 kB
Cached:           373968 kB
MemTotal:        1844596 kB
MemFree:         1197892 kB
MemAvailable:    1476340 kB
Buffers:           35820 kB
Cached:           373968 kB
MemTotal:        1844596 kB
MemFree:         1198332 kB
MemAvailable:    1476780 kB
Buffers:           35820 kB
Cached:           373968 kB
MemTotal:        1844596 kB
MemFree:         1198492 kB
MemAvailable:    1476940 kB
Buffers:           35820 kB
Cached:           373968 kB
MemTotal:        1844596 kB
MemFree:         1198272 kB
MemAvailable:    1476720 kB
Buffers:           35820 kB
Cached:           373968 kB
MemTotal:        1844596 kB
MemFree:         1198524 kB
MemAvailable:    1476972 kB
Buffers:           35820 kB
Cached:           373968 kB
MemTotal:        1844596 kB
MemFree:         1197760 kB
MemAvailable:    1476208 kB
Buffers:           35820 kB
Cached:           373968 kB
MemTotal:        1844596 kB
MemFree:         1198292 kB
MemAvailable:    1476740 kB
Buffers:           35820 kB
Cached:           373968 kB
MemTotal:        1844596 kB
MemFree:         1198264 kB
MemAvailable:    1476712 kB
Buffers:           35820 kB
Cached:           373968 kB
MemTotal:        1844596 kB
MemFree:         1198392 kB
MemAvailable:    1476840 kB
Buffers:           35820 kB
Cached:           373968 kB
MemTotal:        1844596 kB
MemFree:         1197216 kB
MemAvailable:    1475664 kB
Buffers:           35820 kB
Cached:           373968 kB
MemTotal:        1844596 kB
MemFree:         1197332 kB
MemAvailable:    1475780 kB
Buffers:           35820 kB
Cached:           373968 kB
MemTotal:        1844596 kB
MemFree:         1197216 kB
MemAvailable:    1475664 kB
Buffers:           35820 kB
Cached:           373968 kB
MemTotal:        1844596 kB
MemFree:         1198516 kB
MemAvailable:    1476964 kB
Buffers:           35820 kB
Cached:           373968 kB
MemTotal:        1844596 kB
MemFree:         1198312 kB
MemAvailable:    1476760 kB
Buffers:           35820 kB
Cached:           373968 kB
MemTotal:        1844596 kB
MemFree:         1198140 kB
MemAvailable:    1476588 kB
Buffers:           35820 kB
Cached:           373968 kB
MemTotal:        1844596 kB
MemFree:         1197384 kB
MemAvailable:    1475832 kB
Buffers:           35820 kB
Cached:           373968 kB
MemTotal:        1844596 kB
MemFree:         1197252 kB
MemAvailable:    1475700 kB
Buffers:           35820 kB
Cached:           373968 kB
MemTotal:        1844596 kB
MemFree:         1197128 kB
MemAvailable:    1475576 kB
Buffers:           35820 kB
Cached:           373968 kB
MemTotal:        1844596 kB
MemFree:         1197016 kB
MemAvailable:    1475464 kB
Buffers:           35820 kB
Cached:           373968 kB
MemTotal:        1844596 kB
MemFree:         1193172 kB
MemAvailable:    1471620 kB
Buffers:           35820 kB
Cached:           373968 kB
MemTotal:        1844596 kB
MemFree:         1193172 kB
MemAvailable:    1471620 kB
Buffers:           35820 kB
Cached:           373968 kB
MemTotal:        1844596 kB
MemFree:         1188832 kB
MemAvailable:    1467280 kB
Buffers:           35820 kB
Cached:           373968 kB
MemTotal:        1844596 kB
MemFree:         1186104 kB
MemAvailable:    1464552 kB
Buffers:           35820 kB
Cached:           373968 kB
MemTotal:        1844596 kB
MemFree:         1184064 kB
MemAvailable:    1462512 kB
Buffers:           35820 kB
Cached:           373968 kB
MemTotal:        1844596 kB
MemFree:         1180036 kB
MemAvailable:    1458484 kB
Buffers:           35820 kB
Cached:           373968 kB
MemTotal:        1844596 kB
MemFree:         1179656 kB
MemAvailable:    1458104 kB
Buffers:           35820 kB
Cached:           373968 kB
MemTotal:        1844596 kB
MemFree:         1179772 kB
MemAvailable:    1458220 kB
Buffers:           35820 kB
Cached:           373968 kB
MemTotal:        1844596 kB
MemFree:         1180824 kB
MemAvailable:    1459272 kB
Buffers:           35820 kB
Cached:           373968 kB
MemTotal:        1844596 kB
MemFree:         1179640 kB
MemAvailable:    1458088 kB
Buffers:           35820 kB
Cached:           373968 kB
MemTotal:        1844596 kB
MemFree:         1179640 kB
MemAvailable:    1458088 kB
Buffers:           35820 kB
Cached:           373968 kB
MemTotal:        1844596 kB
MemFree:         1180576 kB
MemAvailable:    1459024 kB
Buffers:           35820 kB
Cached:           373968 kB
MemTotal:        1844596 kB
MemFree:         1180660 kB
MemAvailable:    1458924 kB
Buffers:           35820 kB
Cached:           373968 kB
MemTotal:        1844596 kB
MemFree:         1180464 kB
MemAvailable:    1458912 kB
Buffers:           35820 kB
Cached:           373968 kB
MemTotal:        1844596 kB
MemFree:         1180392 kB
MemAvailable:    1458840 kB
Buffers:           35820 kB
Cached:           373968 kB
MemTotal:        1844596 kB
MemFree:         1179292 kB
MemAvailable:    1457740 kB
Buffers:           35820 kB
Cached:           373968 kB
MemTotal:        1844596 kB
MemFree:         1178912 kB
MemAvailable:    1457364 kB
Buffers:           35820 kB
Cached:           373972 kB
MemTotal:        1844596 kB
MemFree:         1180428 kB
MemAvailable:    1458880 kB
Buffers:           35820 kB
Cached:           373972 kB
MemTotal:        1844596 kB
MemFree:         1180352 kB
MemAvailable:    1458804 kB
Buffers:           35820 kB
Cached:           373972 kB
MemTotal:        1844596 kB
MemFree:         1179036 kB
MemAvailable:    1457488 kB
Buffers:           35820 kB
Cached:           373972 kB
MemTotal:        1844596 kB
MemFree:         1180152 kB
MemAvailable:    1458604 kB
Buffers:           35820 kB
Cached:           373972 kB
MemTotal:        1844596 kB
MemFree:         1180488 kB
MemAvailable:    1458940 kB
Buffers:           35820 kB
Cached:           373972 kB
MemTotal:        1844596 kB
MemFree:         1180296 kB
MemAvailable:    1458748 kB
Buffers:           35820 kB
Cached:           373972 kB
MemTotal:        1844596 kB
MemFree:         1179904 kB
MemAvailable:    1458356 kB
Buffers:           35820 kB
Cached:           373972 kB
MemTotal:        1844596 kB
MemFree:         1179260 kB
MemAvailable:    1457712 kB
Buffers:           35820 kB
Cached:           373972 kB
MemTotal:        1844596 kB
MemFree:         1180296 kB
MemAvailable:    1458748 kB
Buffers:           35820 kB
Cached:           373972 kB
MemTotal:        1844596 kB
MemFree:         1180360 kB
MemAvailable:    1458812 kB
Buffers:           35820 kB
Cached:           373972 kB
MemTotal:        1844596 kB
MemFree:         1180232 kB
MemAvailable:    1458684 kB
Buffers:           35820 kB
Cached:           373972 kB
MemTotal:        1844596 kB
MemFree:         1180136 kB
MemAvailable:    1458588 kB
Buffers:           35820 kB
Cached:           373972 kB
MemTotal:        1844596 kB
MemFree:         1180056 kB
MemAvailable:    1458508 kB
Buffers:           35820 kB
Cached:           373972 kB
MemTotal:        1844596 kB
MemFree:         1180516 kB
MemAvailable:    1458968 kB
Buffers:           35820 kB
Cached:           373972 kB
MemTotal:        1844596 kB
MemFree:         1180128 kB
MemAvailable:    1458588 kB
Buffers:           35820 kB
Cached:           373980 kB
MemTotal:        1844596 kB
MemFree:         1180132 kB
MemAvailable:    1458584 kB
Buffers:           35820 kB
Cached:           373972 kB
MemTotal:        1844596 kB
MemFree:         1180188 kB
MemAvailable:    1458648 kB
Buffers:           35820 kB
Cached:           373980 kB
MemTotal:        1844596 kB
MemFree:         1179012 kB
MemAvailable:    1457472 kB
Buffers:           35820 kB
Cached:           373980 kB
MemTotal:        1844596 kB
MemFree:         1180072 kB
MemAvailable:    1458532 kB
Buffers:           35820 kB
Cached:           373980 kB
MemTotal:        1844596 kB
MemFree:         1180004 kB
MemAvailable:    1458464 kB
Buffers:           35820 kB
Cached:           373980 kB
MemTotal:        1844596 kB
MemFree:         1180300 kB
MemAvailable:    1458760 kB
Buffers:           35820 kB
Cached:           373980 kB
MemTotal:        1844596 kB
MemFree:         1179116 kB
MemAvailable:    1457576 kB
Buffers:           35820 kB
Cached:           373980 kB
MemTotal:        1844596 kB
MemFree:         1179076 kB
MemAvailable:    1457536 kB
Buffers:           35820 kB
Cached:           373980 kB
MemTotal:        1844596 kB
MemFree:         1180228 kB
MemAvailable:    1458688 kB
Buffers:           35820 kB
Cached:           373980 kB
MemTotal:        1844596 kB
MemFree:         1176840 kB
MemAvailable:    1455300 kB
Buffers:           35820 kB
Cached:           373980 kB
MemTotal:        1844596 kB
MemFree:         1173548 kB
MemAvailable:    1452008 kB
Buffers:           35820 kB
Cached:           373980 kB
MemTotal:        1844596 kB
MemFree:         1170456 kB
MemAvailable:    1448916 kB
Buffers:           35820 kB
Cached:           373980 kB
MemTotal:        1844596 kB
MemFree:         1165488 kB
MemAvailable:    1443948 kB
Buffers:           35820 kB
Cached:           373980 kB
MemTotal:        1844596 kB
MemFree:         1165380 kB
MemAvailable:    1443840 kB
Buffers:           35820 kB
Cached:           373980 kB
MemTotal:        1844596 kB
MemFree:         1161644 kB
MemAvailable:    1440104 kB
Buffers:           35820 kB
Cached:           373980 kB
MemTotal:        1844596 kB
MemFree:         1162752 kB
MemAvailable:    1441212 kB
Buffers:           35820 kB
Cached:           373980 kB
MemTotal:        1844596 kB
MemFree:         1162752 kB
MemAvailable:    1441212 kB
Buffers:           35820 kB
Cached:           373980 kB
MemTotal:        1844596 kB
MemFree:         1162464 kB
MemAvailable:    1440924 kB
Buffers:           35820 kB
Cached:           373980 kB
MemTotal:        1844596 kB
MemFree:         1162448 kB
MemAvailable:    1440908 kB
Buffers:           35820 kB
Cached:           373980 kB
MemTotal:        1844596 kB
MemFree:         1162784 kB
MemAvailable:    1441244 kB
Buffers:           35820 kB
Cached:           373980 kB
MemTotal:        1844596 kB
MemFree:         1162576 kB
MemAvailable:    1441036 kB
Buffers:           35820 kB
Cached:           373980 kB
MemTotal:        1844596 kB
MemFree:         1162404 kB
MemAvailable:    1440864 kB
Buffers:           35820 kB
Cached:           373980 kB
MemTotal:        1844596 kB
MemFree:         1162656 kB
MemAvailable:    1441116 kB
Buffers:           35820 kB
Cached:           373980 kB
MemTotal:        1844596 kB
MemFree:         1162884 kB
MemAvailable:    1441344 kB
Buffers:           35820 kB
Cached:           373980 kB
MemTotal:        1844596 kB
MemFree:         1162840 kB
MemAvailable:    1441300 kB
Buffers:           35820 kB
Cached:           373980 kB
MemTotal:        1844596 kB
MemFree:         1161212 kB
MemAvailable:    1439672 kB
Buffers:           35820 kB
Cached:           373980 kB
MemTotal:        1844596 kB
MemFree:         1162704 kB
MemAvailable:    1441164 kB
Buffers:           35820 kB
Cached:           373980 kB
MemTotal:        1844596 kB
MemFree:         1162872 kB
MemAvailable:    1441332 kB
Buffers:           35820 kB
Cached:           373980 kB
MemTotal:        1844596 kB
MemFree:         1162596 kB
MemAvailable:    1441056 kB
Buffers:           35820 kB
Cached:           373980 kB
MemTotal:        1844596 kB
MemFree:         1162840 kB
MemAvailable:    1441300 kB
Buffers:           35820 kB
Cached:           373980 kB
MemTotal:        1844596 kB
MemFree:         1162460 kB
MemAvailable:    1440920 kB
Buffers:           35820 kB
Cached:           373980 kB
MemTotal:        1844596 kB
MemFree:         1161716 kB
MemAvailable:    1440176 kB
Buffers:           35820 kB
Cached:           373980 kB
MemTotal:        1844596 kB
MemFree:         1162444 kB
MemAvailable:    1440904 kB
Buffers:           35820 kB
Cached:           373980 kB
MemTotal:        1844596 kB
MemFree:         1162780 kB
MemAvailable:    1441240 kB
Buffers:           35820 kB
Cached:           373980 kB
MemTotal:        1844596 kB
MemFree:         1161204 kB
MemAvailable:    1439664 kB
Buffers:           35820 kB
Cached:           373980 kB
MemTotal:        1844596 kB
MemFree:         1161760 kB
MemAvailable:    1440220 kB
Buffers:           35820 kB
Cached:           373980 kB
MemTotal:        1844596 kB
MemFree:         1161844 kB
MemAvailable:    1440304 kB
Buffers:           35820 kB
Cached:           373980 kB
MemTotal:        1844596 kB
MemFree:         1161604 kB
MemAvailable:    1440064 kB
Buffers:           35820 kB
Cached:           373980 kB
MemTotal:        1844596 kB
MemFree:         1161784 kB
MemAvailable:    1440244 kB
Buffers:           35820 kB
Cached:           373980 kB
MemTotal:        1844596 kB
MemFree:         1161716 kB
MemAvailable:    1440176 kB
Buffers:           35820 kB
Cached:           373980 kB
MemTotal:        1844596 kB
MemFree:         1161328 kB
MemAvailable:    1439788 kB
Buffers:           35820 kB
Cached:           373980 kB
MemTotal:        1844596 kB
MemFree:         1160660 kB
MemAvailable:    1439120 kB
Buffers:           35820 kB
Cached:           373980 kB
MemTotal:        1844596 kB
MemFree:         1160348 kB
MemAvailable:    1438808 kB
Buffers:           35820 kB
Cached:           373980 kB
MemTotal:        1844596 kB
MemFree:         1157188 kB
MemAvailable:    1435648 kB
Buffers:           35820 kB
Cached:           373980 kB
MemTotal:        1844596 kB
MemFree:         1154312 kB
MemAvailable:    1432772 kB
Buffers:           35820 kB
Cached:           373980 kB
MemTotal:        1844596 kB
MemFree:         1154460 kB
MemAvailable:    1432920 kB
Buffers:           35820 kB
Cached:           373980 kB
MemTotal:        1844596 kB
MemFree:         1151172 kB
MemAvailable:    1429632 kB
Buffers:           35820 kB
Cached:           373980 kB
MemTotal:        1844596 kB
MemFree:         1146772 kB
MemAvailable:    1425232 kB
Buffers:           35820 kB
Cached:           373980 kB
MemTotal:        1844596 kB
MemFree:         1143408 kB
MemAvailable:    1421868 kB
Buffers:           35820 kB
Cached:           373980 kB
MemTotal:        1844596 kB
MemFree:         1143372 kB
MemAvailable:    1421832 kB
Buffers:           35820 kB
Cached:           373980 kB
MemTotal:        1844596 kB
MemFree:         1138836 kB
MemAvailable:    1417296 kB
Buffers:           35820 kB
Cached:           373980 kB
MemTotal:        1844596 kB
MemFree:         1137580 kB
MemAvailable:    1416040 kB
Buffers:           35820 kB
Cached:           373980 kB
MemTotal:        1844596 kB
MemFree:         1137580 kB
MemAvailable:    1416040 kB
Buffers:           35820 kB
Cached:           373980 kB
MemTotal:        1844596 kB
MemFree:         1134364 kB
MemAvailable:    1412824 kB
Buffers:           35820 kB
Cached:           373980 kB
MemTotal:        1844596 kB
MemFree:         1131396 kB
MemAvailable:    1409856 kB
Buffers:           35820 kB
Cached:           373980 kB
MemTotal:        1844596 kB
MemFree:         1131208 kB
MemAvailable:    1409668 kB
Buffers:           35820 kB
Cached:           373980 kB
MemTotal:        1844596 kB
MemFree:         1129776 kB
MemAvailable:    1408236 kB
Buffers:           35820 kB
Cached:           373980 kB
MemTotal:        1844596 kB
MemFree:         1129768 kB
MemAvailable:    1408228 kB
Buffers:           35820 kB
Cached:           373980 kB
MemTotal:        1844596 kB
MemFree:         1129636 kB
MemAvailable:    1408096 kB
Buffers:           35820 kB
Cached:           373980 kB
MemTotal:        1844596 kB
MemFree:         1129596 kB
MemAvailable:    1408056 kB
Buffers:           35820 kB
Cached:           373980 kB
MemTotal:        1844596 kB
MemFree:         1130896 kB
MemAvailable:    1409356 kB
Buffers:           35820 kB
Cached:           373980 kB
MemTotal:        1844596 kB
MemFree:         1129596 kB
MemAvailable:    1408056 kB
Buffers:           35820 kB
Cached:           373980 kB
MemTotal:        1844596 kB
MemFree:         1130932 kB
MemAvailable:    1409392 kB
Buffers:           35820 kB
Cached:           373980 kB
MemTotal:        1844596 kB
MemFree:         1129500 kB
MemAvailable:    1407960 kB
Buffers:           35820 kB
Cached:           373980 kB
MemTotal:        1844596 kB
MemFree:         1129984 kB
MemAvailable:    1408444 kB
Buffers:           35820 kB
Cached:           373980 kB
MemTotal:        1844596 kB
MemFree:         1129672 kB
MemAvailable:    1408132 kB
Buffers:           35820 kB
Cached:           373980 kB
MemTotal:        1844596 kB
MemFree:         1129600 kB
MemAvailable:    1408060 kB
Buffers:           35820 kB
Cached:           373980 kB
MemTotal:        1844596 kB
MemFree:         1129048 kB
MemAvailable:    1407508 kB
Buffers:           35820 kB
Cached:           373980 kB
MemTotal:        1844596 kB
MemFree:         1128240 kB
MemAvailable:    1406700 kB
Buffers:           35820 kB
Cached:           373980 kB
MemTotal:        1844596 kB
MemFree:         1129520 kB
MemAvailable:    1407984 kB
Buffers:           35820 kB
Cached:           373984 kB
MemTotal:        1844596 kB
MemFree:         1129772 kB
MemAvailable:    1408236 kB
Buffers:           35820 kB
Cached:           373984 kB
MemTotal:        1844596 kB
MemFree:         1128148 kB
MemAvailable:    1406612 kB
Buffers:           35820 kB
Cached:           373984 kB
MemTotal:        1844596 kB
MemFree:         1128032 kB
MemAvailable:    1406500 kB
Buffers:           35820 kB
Cached:           373988 kB
MemTotal:        1844596 kB
MemFree:         1129324 kB
MemAvailable:    1407792 kB
Buffers:           35820 kB
Cached:           373988 kB
MemTotal:        1844596 kB
MemFree:         1128296 kB
MemAvailable:    1406764 kB
Buffers:           35820 kB
Cached:           373988 kB
MemTotal:        1844596 kB
MemFree:         1128976 kB
MemAvailable:    1407444 kB
Buffers:           35820 kB
Cached:           373988 kB
MemTotal:        1844596 kB
MemFree:         1128596 kB
MemAvailable:    1407064 kB
Buffers:           35820 kB
Cached:           373988 kB
MemTotal:        1844596 kB
MemFree:         1127428 kB
MemAvailable:    1405896 kB
Buffers:           35820 kB
Cached:           373988 kB
MemTotal:        1844596 kB
MemFree:         1128108 kB
MemAvailable:    1406576 kB
Buffers:           35820 kB
Cached:           373988 kB
MemTotal:        1844596 kB
MemFree:         1127372 kB
MemAvailable:    1405840 kB
Buffers:           35820 kB
Cached:           373988 kB
MemTotal:        1844596 kB
MemFree:         1126304 kB
MemAvailable:    1404772 kB
Buffers:           35820 kB
Cached:           373988 kB
MemTotal:        1844596 kB
MemFree:         1126544 kB
MemAvailable:    1405012 kB
Buffers:           35820 kB
Cached:           373988 kB
MemTotal:        1844596 kB
MemFree:         1126544 kB
MemAvailable:    1405012 kB
Buffers:           35820 kB
Cached:           373988 kB
MemTotal:        1844596 kB
MemFree:         1126732 kB
MemAvailable:    1405200 kB
Buffers:           35820 kB
Cached:           373988 kB
MemTotal:        1844596 kB
MemFree:         1125384 kB
MemAvailable:    1403852 kB
Buffers:           35820 kB
Cached:           373988 kB
MemTotal:        1844596 kB
MemFree:         1126588 kB
MemAvailable:    1405056 kB
Buffers:           35820 kB
Cached:           373988 kB
MemTotal:        1844596 kB
MemFree:         1125404 kB
MemAvailable:    1403872 kB
Buffers:           35820 kB
Cached:           373988 kB
MemTotal:        1844596 kB
MemFree:         1126744 kB
MemAvailable:    1405212 kB
Buffers:           35820 kB
Cached:           373988 kB
MemTotal:        1844596 kB
MemFree:         1126372 kB
MemAvailable:    1404840 kB
Buffers:           35820 kB
Cached:           373988 kB
MemTotal:        1844596 kB
MemFree:         1126708 kB
MemAvailable:    1405176 kB
Buffers:           35820 kB
Cached:           373988 kB
MemTotal:        1844596 kB
MemFree:         1125552 kB
MemAvailable:    1404020 kB
Buffers:           35820 kB
Cached:           373988 kB
MemTotal:        1844596 kB
MemFree:         1125388 kB
MemAvailable:    1403856 kB
Buffers:           35820 kB
Cached:           373988 kB
MemTotal:        1844596 kB
MemFree:         1126544 kB
MemAvailable:    1405012 kB
Buffers:           35820 kB
Cached:           373988 kB
MemTotal:        1844596 kB
MemFree:         1125396 kB
MemAvailable:    1403864 kB
Buffers:           35820 kB
Cached:           373988 kB
MemTotal:        1844596 kB
MemFree:         1126744 kB
MemAvailable:    1405212 kB
Buffers:           35820 kB
Cached:           373988 kB
MemTotal:        1844596 kB
MemFree:         1125396 kB
MemAvailable:    1403864 kB
Buffers:           35820 kB
Cached:           373988 kB
MemTotal:        1844596 kB
MemFree:         1126668 kB
MemAvailable:    1405136 kB
Buffers:           35820 kB
Cached:           373988 kB
MemTotal:        1844596 kB
MemFree:         1126920 kB
MemAvailable:    1405388 kB
Buffers:           35820 kB
Cached:           373988 kB
MemTotal:        1844596 kB
MemFree:         1126856 kB
MemAvailable:    1405324 kB
Buffers:           35820 kB
Cached:           373988 kB
MemTotal:        1844596 kB
MemFree:         1126748 kB
MemAvailable:    1405216 kB
Buffers:           35820 kB
Cached:           373988 kB
MemTotal:        1844596 kB
MemFree:         1126796 kB
MemAvailable:    1405264 kB
Buffers:           35820 kB
Cached:           373988 kB
MemTotal:        1844596 kB
MemFree:         1126720 kB
MemAvailable:    1405188 kB
Buffers:           35820 kB
Cached:           373988 kB
MemTotal:        1844596 kB
MemFree:         1126692 kB
MemAvailable:    1405160 kB
Buffers:           35820 kB
Cached:           373988 kB
MemTotal:        1844596 kB
MemFree:         1126820 kB
MemAvailable:    1405288 kB
Buffers:           35820 kB
Cached:           373988 kB
MemTotal:        1844596 kB
MemFree:         1126816 kB
MemAvailable:    1405284 kB
Buffers:           35820 kB
Cached:           373988 kB
MemTotal:        1844596 kB
MemFree:         1125544 kB
MemAvailable:    1404012 kB
Buffers:           35820 kB
Cached:           373988 kB
MemTotal:        1844596 kB
MemFree:         1126736 kB
MemAvailable:    1405204 kB
Buffers:           35820 kB
Cached:           373988 kB
MemTotal:        1844596 kB
MemFree:         1125940 kB
MemAvailable:    1404408 kB
Buffers:           35820 kB
Cached:           373988 kB
MemTotal:        1844596 kB
MemFree:         1126720 kB
MemAvailable:    1405188 kB
Buffers:           35820 kB
Cached:           373988 kB
MemTotal:        1844596 kB
MemFree:         1126816 kB
MemAvailable:    1405284 kB
Buffers:           35820 kB
Cached:           373988 kB
MemTotal:        1844596 kB
MemFree:         1126820 kB
MemAvailable:    1405288 kB
Buffers:           35820 kB
Cached:           373988 kB
MemTotal:        1844596 kB
MemFree:         1125388 kB
MemAvailable:    1403856 kB
Buffers:           35820 kB
Cached:           373988 kB
MemTotal:        1844596 kB
MemFree:         1126748 kB
MemAvailable:    1405216 kB
Buffers:           35820 kB
Cached:           373988 kB
MemTotal:        1844596 kB
MemFree:         1126692 kB
MemAvailable:    1405160 kB
Buffers:           35820 kB
Cached:           373988 kB
MemTotal:        1844596 kB
MemFree:         1125428 kB
MemAvailable:    1403896 kB
Buffers:           35820 kB
Cached:           373988 kB
MemTotal:        1844596 kB
MemFree:         1125512 kB
MemAvailable:    1403980 kB
Buffers:           35820 kB
Cached:           373988 kB
MemTotal:        1844596 kB
MemFree:         1125512 kB
MemAvailable:    1403980 kB
Buffers:           35820 kB
Cached:           373988 kB
MemTotal:        1844596 kB
MemFree:         1125388 kB
MemAvailable:    1403856 kB
Buffers:           35820 kB
Cached:           373988 kB
MemTotal:        1844596 kB
MemFree:         1126656 kB
MemAvailable:    1405124 kB
Buffers:           35820 kB
Cached:           373988 kB
MemTotal:        1844596 kB
MemFree:         1126908 kB
MemAvailable:    1405376 kB
Buffers:           35820 kB
Cached:           373988 kB
MemTotal:        1844596 kB
MemFree:         1126688 kB
MemAvailable:    1405156 kB
Buffers:           35820 kB
Cached:           373988 kB
MemTotal:        1844596 kB
MemFree:         1126620 kB
MemAvailable:    1405088 kB
Buffers:           35820 kB
Cached:           373988 kB
MemTotal:        1844596 kB
MemFree:         1125188 kB
MemAvailable:    1403656 kB
Buffers:           35820 kB
Cached:           373988 kB
MemTotal:        1844596 kB
MemFree:         1125056 kB
MemAvailable:    1403524 kB
Buffers:           35820 kB
Cached:           373988 kB
MemTotal:        1844596 kB
MemFree:         1124708 kB
MemAvailable:    1403176 kB
Buffers:           35820 kB
Cached:           373988 kB
MemTotal:        1844596 kB
MemFree:         1120668 kB
MemAvailable:    1399136 kB
Buffers:           35820 kB
Cached:           373988 kB
MemTotal:        1844596 kB
MemFree:         1119368 kB
MemAvailable:    1397836 kB
Buffers:           35820 kB
Cached:           373988 kB
MemTotal:        1844596 kB
MemFree:         1119484 kB
MemAvailable:    1397952 kB
Buffers:           35820 kB
Cached:           373988 kB
MemTotal:        1844596 kB
MemFree:         1119368 kB
MemAvailable:    1397836 kB
Buffers:           35820 kB
Cached:           373988 kB
MemTotal:        1844596 kB
MemFree:         1119492 kB
MemAvailable:    1397960 kB
Buffers:           35820 kB
Cached:           373988 kB
MemTotal:        1844596 kB
MemFree:         1119732 kB
MemAvailable:    1398200 kB
Buffers:           35820 kB
Cached:           373988 kB
MemTotal:        1844596 kB
MemFree:         1120544 kB
MemAvailable:    1399012 kB
Buffers:           35820 kB
Cached:           373988 kB
MemTotal:        1844596 kB
MemFree:         1120296 kB
MemAvailable:    1398764 kB
Buffers:           35820 kB
Cached:           373988 kB
MemTotal:        1844596 kB
MemFree:         1120112 kB
MemAvailable:    1398580 kB
Buffers:           35820 kB
Cached:           373988 kB
MemTotal:        1844596 kB
MemFree:         1120364 kB
MemAvailable:    1398832 kB
Buffers:           35820 kB
Cached:           373988 kB
MemTotal:        1844596 kB
MemFree:         1119060 kB
MemAvailable:    1397528 kB
Buffers:           35820 kB
Cached:           373988 kB
MemTotal:        1844596 kB
MemFree:         1118928 kB
MemAvailable:    1397396 kB
Buffers:           35820 kB
Cached:           373988 kB
MemTotal:        1844596 kB
MemFree:         1118796 kB
MemAvailable:    1397264 kB
Buffers:           35820 kB
Cached:           373988 kB
MemTotal:        1844596 kB
MemFree:         1119948 kB
MemAvailable:    1398500 kB
Buffers:           35820 kB
Cached:           374112 kB
MemTotal:        1844596 kB
MemFree:         1118872 kB
MemAvailable:    1397424 kB
Buffers:           35820 kB
Cached:           374112 kB
MemTotal:        1844596 kB
MemFree:         1119728 kB
MemAvailable:    1398364 kB
Buffers:           35820 kB
Cached:           374236 kB
MemTotal:        1844596 kB
MemFree:         1118348 kB
MemAvailable:    1397068 kB
Buffers:           35820 kB
Cached:           374360 kB
MemTotal:        1844596 kB
MemFree:         1119580 kB
MemAvailable:    1398456 kB
Buffers:           35820 kB
Cached:           374516 kB
MemTotal:        1844596 kB
MemFree:         1119228 kB
MemAvailable:    1398332 kB
Buffers:           35820 kB
Cached:           374624 kB
MemTotal:        1844596 kB
MemFree:         1119480 kB
MemAvailable:    1398584 kB
Buffers:           35820 kB
Cached:           374624 kB
MemTotal:        1844596 kB
MemFree:         1119188 kB
MemAvailable:    1398292 kB
Buffers:           35820 kB
Cached:           374624 kB
MemTotal:        1844596 kB
MemFree:         1118500 kB
MemAvailable:    1397604 kB
Buffers:           35820 kB
Cached:           374624 kB
MemTotal:        1844596 kB
MemFree:         1118068 kB
MemAvailable:    1397172 kB
Buffers:           35820 kB
Cached:           374624 kB
MemTotal:        1844596 kB
MemFree:         1117944 kB
MemAvailable:    1397048 kB
Buffers:           35820 kB
Cached:           374624 kB
MemTotal:        1844596 kB
MemFree:         1119304 kB
MemAvailable:    1398408 kB
Buffers:           35820 kB
Cached:           374624 kB
MemTotal:        1844596 kB
MemFree:         1119428 kB
MemAvailable:    1398532 kB
Buffers:           35820 kB
Cached:           374624 kB
MemTotal:        1844596 kB
MemFree:         1118080 kB
MemAvailable:    1397184 kB
Buffers:           35820 kB
Cached:           374624 kB
MemTotal:        1844596 kB
MemFree:         1117824 kB
MemAvailable:    1396928 kB
Buffers:           35820 kB
Cached:           374748 kB
MemTotal:        1844596 kB
MemFree:         1151180 kB
MemAvailable:    1429780 kB
Buffers:           35820 kB
Cached:           373992 kB
MemTotal:        1844596 kB
MemFree:         1177708 kB
MemAvailable:    1456224 kB
Buffers:           35820 kB
Cached:           373992 kB
MemTotal:        1844596 kB
MemFree:         1314488 kB
MemAvailable:    1593004 kB
Buffers:           35820 kB
Cached:           373992 kB
