MemTotal:        1844596 kB
MemFree:         1298656 kB
MemAvailable:    1597588 kB
Buffers:           38424 kB
Cached:           391220 kB
MemTotal:        1844596 kB
MemFree:         1271096 kB
MemAvailable:    1570004 kB
Buffers:           38424 kB
Cached:           391160 kB
MemTotal:        1844596 kB
MemFree:         1269980 kB
MemAvailable:    1568888 kB
Buffers:           38424 kB
Cached:           391160 kB
MemTotal:        1844596 kB
MemFree:         1269164 kB
MemAvailable:    1568072 kB
Buffers:           38424 kB
Cached:           391160 kB
MemTotal:        1844596 kB
MemFree:         1267616 kB
MemAvailable:    1566524 kB
Buffers:           38424 kB
Cached:           391160 kB
MemTotal:        1844596 kB
MemFree:         1267616 kB
MemAvailable:    1566524 kB
Buffers:           38424 kB
Cached:           391160 kB
MemTotal:        1844596 kB
MemFree:         1266616 kB
MemAvailable:    1565524 kB
Buffers:           38424 kB
Cached:           391160 kB
MemTotal:        1844596 kB
MemFree:         1266700 kB
MemAvailable:    1565608 kB
Buffers:           38424 kB
Cached:           391160 kB
MemTotal:        1844596 kB
MemFree:         1263284 kB
MemAvailable:    1562192 kB
Buffers:           38424 kB
Cached:           391160 kB
MemTotal:        1844596 kB
MemFree:         1260804 kB
MemAvailable:    1559712 kB
Buffers:           38424 kB
Cached:           391160 kB
MemTotal:        1844596 kB
MemFree:         1256572 kB
MemAvailable:    1555480 kB
Buffers:           38424 kB
Cached:           391160 kB
MemTotal:        1844596 kB
MemFree:         1255844 kB
MemAvailable:    1554752 kB
Buffers:           38424 kB
Cached:           391160 kB
MemTotal:        1844596 kB
MemFree:         1257808 kB
MemAvailable:    1556716 kB
Buffers:           38424 kB
Cached:           391160 kB
MemTotal:        1844596 kB
MemFree:         1257564 kB
MemAvailable:    1556472 kB
Buffers:           38424 kB
Cached:           391160 kB
MemTotal:        1844596 kB
MemFree:         1257580 kB
MemAvailable:    1556488 kB
Buffers:           38424 kB
Cached:           391160 kB
MemTotal:        1844596 kB
MemFree:         1256576 kB
MemAvailable:    1555484 kB
Buffers:           38424 kB
Cached:           391160 kB
MemTotal:        1844596 kB
MemFree:         1256444 kB
MemAvailable:    1555352 kB
Buffers:           38424 kB
Cached:           391160 kB
MemTotal:        1844596 kB
MemFree:         1256464 kB
MemAvailable:    1555372 kB
Buffers:           38424 kB
Cached:           391160 kB
MemTotal:        1844596 kB
MemFree:         1257688 kB
MemAvailable:    1556596 kB
Buffers:           38424 kB
Cached:           391160 kB
MemTotal:        1844596 kB
MemFree:         1257192 kB
MemAvailable:    1556100 kB
Buffers:           38424 kB
Cached:           391160 kB
MemTotal:        1844596 kB
MemFree:         1257192 kB
MemAvailable:    1556100 kB
Buffers:           38424 kB
Cached:           391160 kB
MemTotal:        1844596 kB
MemFree:         1255824 kB
MemAvailable:    1554732 kB
Buffers:           38424 kB
Cached:           391160 kB
MemTotal:        1844596 kB
MemFree:         1257072 kB
MemAvailable:    1555980 kB
Buffers:           38424 kB
Cached:           391160 kB
MemTotal:        1844596 kB
MemFree:         1255784 kB
MemAvailable:    1554692 kB
Buffers:           38424 kB
Cached:           391160 kB
MemTotal:        1844596 kB
MemFree:         1256208 kB
MemAvailable:    1555116 kB
Buffers:           38424 kB
Cached:           391160 kB
MemTotal:        1844596 kB
MemFree:         1256580 kB
MemAvailable:    1555488 kB
Buffers:           38424 kB
Cached:           391160 kB
MemTotal:        1844596 kB
MemFree:         1255844 kB
MemAvailable:    1554752 kB
Buffers:           38424 kB
Cached:           391160 kB
MemTotal:        1844596 kB
MemFree:         1256324 kB
MemAvailable:    1555232 kB
Buffers:           38424 kB
Cached:           391160 kB
MemTotal:        1844596 kB
MemFree:         1255472 kB
MemAvailable:    1554380 kB
Buffers:           38424 kB
Cached:           391160 kB
MemTotal:        1844596 kB
MemFree:         1255944 kB
MemAvailable:    1554852 kB
Buffers:           38424 kB
Cached:           391160 kB
MemTotal:        1844596 kB
MemFree:         1256200 kB
MemAvailable:    1555108 kB
Buffers:           38424 kB
Cached:           391160 kB
MemTotal:        1844596 kB
MemFree:         1255472 kB
MemAvailable:    1554380 kB
Buffers:           38424 kB
Cached:           391160 kB
MemTotal:        1844596 kB
MemFree:         1254108 kB
MemAvailable:    1553016 kB
Buffers:           38424 kB
Cached:           391160 kB
MemTotal:        1844596 kB
MemFree:         1254656 kB
MemAvailable:    1553564 kB
Buffers:           38424 kB
Cached:           391160 kB
MemTotal:        1844596 kB
MemFree:         1254656 kB
MemAvailable:    1553564 kB
Buffers:           38424 kB
Cached:           391160 kB
MemTotal:        1844596 kB
MemFree:         1253216 kB
MemAvailable:    1552124 kB
Buffers:           38424 kB
Cached:           391160 kB
MemTotal:        1844596 kB
MemFree:         1254524 kB
MemAvailable:    1553432 kB
Buffers:           38424 kB
Cached:           391160 kB
MemTotal:        1844596 kB
MemFree:         1254532 kB
MemAvailable:    1553440 kB
Buffers:           38424 kB
Cached:           391160 kB
MemTotal:        1844596 kB
MemFree:         1254108 kB
MemAvailable:    1553016 kB
Buffers:           38424 kB
Cached:           391160 kB
MemTotal:        1844596 kB
MemFree:         1254416 kB
MemAvailable:    1553324 kB
Buffers:           38424 kB
Cached:           391160 kB
MemTotal:        1844596 kB
MemFree:         1254672 kB
MemAvailable:    1553580 kB
Buffers:           38424 kB
Cached:           391160 kB
MemTotal:        1844596 kB
MemFree:         1254604 kB
MemAvailable:    1553512 kB
Buffers:           38424 kB
Cached:           391160 kB
MemTotal:        1844596 kB
MemFree:         1255928 kB
MemAvailable:    1554836 kB
Buffers:           38424 kB
Cached:           391160 kB
MemTotal:        1844596 kB
MemFree:         1255100 kB
MemAvailable:    1554008 kB
Buffers:           38424 kB
Cached:           391160 kB
MemTotal:        1844596 kB
MemFree:         1251620 kB
MemAvailable:    1550528 kB
Buffers:           38424 kB
Cached:           391160 kB
MemTotal:        1844596 kB
MemFree:         1251372 kB
MemAvailable:    1550280 kB
Buffers:           38424 kB
Cached:           391160 kB
MemTotal:        1844596 kB
MemFree:         1250876 kB
MemAvailable:    1549784 kB
Buffers:           38424 kB
Cached:           391160 kB
MemTotal:        1844596 kB
MemFree:         1250768 kB
MemAvailable:    1549676 kB
Buffers:           38424 kB
Cached:           391160 kB
MemTotal:        1844596 kB
MemFree:         1250648 kB
MemAvailable:    1549556 kB
Buffers:           38424 kB
Cached:           391160 kB
MemTotal:        1844596 kB
MemFree:         1249468 kB
MemAvailable:    1548376 kB
Buffers:           38424 kB
Cached:           391160 kB
MemTotal:        1844596 kB
MemFree:         1250452 kB
MemAvailable:    1549360 kB
Buffers:           38424 kB
Cached:           391160 kB
MemTotal:        1844596 kB
MemFree:         1250424 kB
MemAvailable:    1549332 kB
Buffers:           38424 kB
Cached:           391160 kB
MemTotal:        1844596 kB
MemFree:         1250176 kB
MemAvailable:    1549084 kB
Buffers:           38424 kB
Cached:           391160 kB
MemTotal:        1844596 kB
MemFree:         1249628 kB
MemAvailable:    1548536 kB
Buffers:           38424 kB
Cached:           391160 kB
MemTotal:        1844596 kB
MemFree:         1250572 kB
MemAvailable:    1549484 kB
Buffers:           38424 kB
Cached:           391164 kB
MemTotal:        1844596 kB
MemFree:         1250568 kB
MemAvailable:    1549480 kB
Buffers:           38424 kB
Cached:           391164 kB
MemTotal:        1844596 kB
MemFree:         1250568 kB
MemAvailable:    1549480 kB
Buffers:           38424 kB
Cached:           391164 kB
MemTotal:        1844596 kB
MemFree:         1250068 kB
MemAvailable:    1548980 kB
Buffers:           38424 kB
Cached:           391164 kB
MemTotal:        1844596 kB
MemFree:         1250320 kB
MemAvailable:    1549232 kB
Buffers:           38424 kB
Cached:           391164 kB
MemTotal:        1844596 kB
MemFree:         1250144 kB
MemAvailable:    1549056 kB
Buffers:           38424 kB
Cached:           391164 kB
MemTotal:        1844596 kB
MemFree:         1249004 kB
MemAvailable:    1547916 kB
Buffers:           38424 kB
Cached:           391164 kB
MemTotal:        1844596 kB
MemFree:         1250240 kB
MemAvailable:    1549152 kB
Buffers:           38424 kB
Cached:           391164 kB
MemTotal:        1844596 kB
MemFree:         1247288 kB
MemAvailable:    1546200 kB
Buffers:           38424 kB
Cached:           391164 kB
MemTotal:        1844596 kB
MemFree:         1244056 kB
MemAvailable:    1542968 kB
Buffers:           38424 kB
Cached:           391164 kB
MemTotal:        1844596 kB
MemFree:         1244172 kB
MemAvailable:    1543084 kB
Buffers:           38424 kB
Cached:           391164 kB
MemTotal:        1844596 kB
MemFree:         1243444 kB
MemAvailable:    1542356 kB
Buffers:           38424 kB
Cached:           391164 kB
MemTotal:        1844596 kB
MemFree:         1243620 kB
MemAvailable:    1542532 kB
Buffers:           38424 kB
Cached:           391164 kB
MemTotal:        1844596 kB
MemFree:         1242768 kB
MemAvailable:    1541680 kB
Buffers:           38424 kB
Cached:           391164 kB
MemTotal:        1844596 kB
MemFree:         1242388 kB
MemAvailable:    1541300 kB
Buffers:           38424 kB
Cached:           391164 kB
MemTotal:        1844596 kB
MemFree:         1241088 kB
MemAvailable:    1540000 kB
Buffers:           38424 kB
Cached:           391164 kB
MemTotal:        1844596 kB
MemFree:         1241636 kB
MemAvailable:    1540548 kB
Buffers:           38424 kB
Cached:           391164 kB
MemTotal:        1844596 kB
MemFree:         1241972 kB
MemAvailable:    1540884 kB
Buffers:           38424 kB
Cached:           391164 kB
MemTotal:        1844596 kB
MemFree:         1241704 kB
MemAvailable:    1540616 kB
Buffers:           38424 kB
Cached:           391164 kB
MemTotal:        1844596 kB
MemFree:         1240652 kB
MemAvailable:    1539564 kB
Buffers:           38424 kB
Cached:           391164 kB
MemTotal:        1844596 kB
MemFree:         1240520 kB
MemAvailable:    1539432 kB
Buffers:           38424 kB
Cached:           391164 kB
MemTotal:        1844596 kB
MemFree:         1241504 kB
MemAvailable:    1540416 kB
Buffers:           38424 kB
Cached:           391164 kB
MemTotal:        1844596 kB
MemFree:         1241760 kB
MemAvailable:    1540672 kB
Buffers:           38424 kB
Cached:           391164 kB
MemTotal:        1844596 kB
MemFree:         1241440 kB
MemAvailable:    1540352 kB
Buffers:           38424 kB
Cached:           391164 kB
MemTotal:        1844596 kB
MemFree:         1240096 kB
MemAvailable:    1539008 kB
Buffers:           38424 kB
Cached:           391164 kB
MemTotal:        1844596 kB
MemFree:         1241480 kB
MemAvailable:    1540392 kB
Buffers:           38424 kB
Cached:           391164 kB
MemTotal:        1844596 kB
MemFree:         1240468 kB
MemAvailable:    1539380 kB
Buffers:           38424 kB
Cached:           391164 kB
MemTotal:        1844596 kB
MemFree:         1241468 kB
MemAvailable:    1540380 kB
Buffers:           38424 kB
Cached:           391164 kB
MemTotal:        1844596 kB
MemFree:         1241212 kB
MemAvailable:    1540124 kB
Buffers:           38424 kB
Cached:           391164 kB
MemTotal:        1844596 kB
MemFree:         1241248 kB
MemAvailable:    1540160 kB
Buffers:           38424 kB
Cached:           391164 kB
MemTotal:        1844596 kB
MemFree:         1241076 kB
MemAvailable:    1539988 kB
Buffers:           38424 kB
Cached:           391164 kB
MemTotal:        1844596 kB
MemFree:         1240468 kB
MemAvailable:    1539380 kB
Buffers:           38424 kB
Cached:           391164 kB
MemTotal:        1844596 kB
MemFree:         1241320 kB
MemAvailable:    1540236 kB
Buffers:           38424 kB
Cached:           391168 kB
MemTotal:        1844596 kB
MemFree:         1241320 kB
MemAvailable:    1540236 kB
Buffers:           38424 kB
Cached:           391168 kB
MemTotal:        1844596 kB
MemFree:         1239916 kB
MemAvailable:    1538832 kB
Buffers:           38424 kB
Cached:           391168 kB
MemTotal:        1844596 kB
MemFree:         1240952 kB
MemAvailable:    1539868 kB
Buffers:           38424 kB
Cached:           391168 kB
MemTotal:        1844596 kB
MemFree:         1240888 kB
MemAvailable:    1539804 kB
Buffers:           38424 kB
Cached:           391168 kB
MemTotal:        1844596 kB
MemFree:         1241140 kB
MemAvailable:    1540056 kB
Buffers:           38424 kB
Cached:           391168 kB
MemTotal:        1844596 kB
MemFree:         1237824 kB
MemAvailable:    1536740 kB
Buffers:           38424 kB
Cached:           391168 kB
MemTotal:        1844596 kB
MemFree:         1236004 kB
MemAvailable:    1534920 kB
Buffers:           38424 kB
Cached:           391168 kB
MemTotal:        1844596 kB
MemFree:         1232888 kB
MemAvailable:    1531804 kB
Buffers:           38424 kB
Cached:           391168 kB
MemTotal:        1844596 kB
MemFree:         1232408 kB
MemAvailable:    1531324 kB
Buffers:           38424 kB
Cached:           391168 kB
MemTotal:        1844596 kB
MemFree:         1232724 kB
MemAvailable:    1531644 kB
Buffers:           38424 kB
Cached:           391172 kB
MemTotal:        1844596 kB
MemFree:         1232408 kB
MemAvailable:    1531328 kB
Buffers:           38424 kB
Cached:           391172 kB
MemTotal:        1844596 kB
MemFree:         1231644 kB
MemAvailable:    1530564 kB
Buffers:           38424 kB
Cached:           391172 kB
MemTotal:        1844596 kB
MemFree:         1231520 kB
MemAvailable:    1530440 kB
Buffers:           38424 kB
Cached:           391172 kB
MemTotal:        1844596 kB
MemFree:         1232628 kB
MemAvailable:    1531548 kB
Buffers:           38424 kB
Cached:           391172 kB
MemTotal:        1844596 kB
MemFree:         1232628 kB
MemAvailable:    1531548 kB
Buffers:           38424 kB
Cached:           391172 kB
MemTotal:        1844596 kB
MemFree:         1232420 kB
MemAvailable:    1531340 kB
Buffers:           38424 kB
Cached:           391172 kB
MemTotal:        1844596 kB
MemFree:         1231240 kB
MemAvailable:    1530160 kB
Buffers:           38424 kB
Cached:           391172 kB
MemTotal:        1844596 kB
MemFree:         1230984 kB
MemAvailable:    1529904 kB
Buffers:           38424 kB
Cached:           391172 kB
MemTotal:        1844596 kB
MemFree:         1232216 kB
MemAvailable:    1531136 kB
Buffers:           38424 kB
Cached:           391172 kB
MemTotal:        1844596 kB
MemFree:         1232384 kB
MemAvailable:    1531304 kB
Buffers:           38424 kB
Cached:           391172 kB
MemTotal:        1844596 kB
MemFree:         1232320 kB
MemAvailable:    1531240 kB
Buffers:           38424 kB
Cached:           391172 kB
MemTotal:        1844596 kB
MemFree:         1232656 kB
MemAvailable:    1531576 kB
Buffers:           38424 kB
Cached:           391172 kB
MemTotal:        1844596 kB
MemFree:         1232228 kB
MemAvailable:    1531148 kB
Buffers:           38424 kB
Cached:           391172 kB
MemTotal:        1844596 kB
MemFree:         1232484 kB
MemAvailable:    1531404 kB
Buffers:           38424 kB
Cached:           391172 kB
MemTotal:        1844596 kB
MemFree:         1232348 kB
MemAvailable:    1531268 kB
Buffers:           38424 kB
Cached:           391172 kB
MemTotal:        1844596 kB
MemFree:         1232348 kB
MemAvailable:    1531268 kB
Buffers:           38424 kB
Cached:           391172 kB
MemTotal:        1844596 kB
MemFree:         1232392 kB
MemAvailable:    1531312 kB
Buffers:           38424 kB
Cached:           391172 kB
MemTotal:        1844596 kB
MemFree:         1232532 kB
MemAvailable:    1531452 kB
Buffers:           38424 kB
Cached:           391172 kB
MemTotal:        1844596 kB
MemFree:         1230980 kB
MemAvailable:    1529900 kB
Buffers:           38424 kB
Cached:           391172 kB
MemTotal:        1844596 kB
MemFree:         1232412 kB
MemAvailable:    1531332 kB
Buffers:           38424 kB
Cached:           391172 kB
MemTotal:        1844596 kB
MemFree:         1232456 kB
MemAvailable:    1531376 kB
Buffers:           38424 kB
Cached:           391172 kB
MemTotal:        1844596 kB
MemFree:         1232408 kB
MemAvailable:    1531328 kB
Buffers:           38424 kB
Cached:           391172 kB
MemTotal:        1844596 kB
MemFree:         1232340 kB
MemAvailable:    1531260 kB
Buffers:           38424 kB
Cached:           391172 kB
MemTotal:        1844596 kB
MemFree:         1231100 kB
MemAvailable:    1530020 kB
Buffers:           38424 kB
Cached:           391172 kB
MemTotal:        1844596 kB
MemFree:         1231100 kB
MemAvailable:    1530020 kB
Buffers:           38424 kB
Cached:           391172 kB
MemTotal:        1844596 kB
MemFree:         1231136 kB
MemAvailable:    1530056 kB
Buffers:           38424 kB
Cached:           391172 kB
MemTotal:        1844596 kB
MemFree:         1232244 kB
MemAvailable:    1531164 kB
Buffers:           38424 kB
Cached:           391172 kB
MemTotal:        1844596 kB
MemFree:         1232244 kB
MemAvailable:    1531164 kB
Buffers:           38424 kB
Cached:           391172 kB
MemTotal:        1844596 kB
MemFree:         1226704 kB
MemAvailable:    1525624 kB
Buffers:           38424 kB
Cached:           391172 kB
MemTotal:        1844596 kB
MemFree:         1223976 kB
MemAvailable:    1522896 kB
Buffers:           38424 kB
Cached:           391172 kB
MemTotal:        1844596 kB
MemFree:         1223348 kB
MemAvailable:    1522268 kB
Buffers:           38424 kB
Cached:           391172 kB
MemTotal:        1844596 kB
MemFree:         1223348 kB
MemAvailable:    1522268 kB
Buffers:           38424 kB
Cached:           391172 kB
MemTotal:        1844596 kB
MemFree:         1222968 kB
MemAvailable:    1521888 kB
Buffers:           38424 kB
Cached:           391172 kB
MemTotal:        1844596 kB
MemFree:         1222868 kB
MemAvailable:    1521788 kB
Buffers:           38424 kB
Cached:           391172 kB
MemTotal:        1844596 kB
MemFree:         1222472 kB
MemAvailable:    1521392 kB
Buffers:           38424 kB
Cached:           391172 kB
MemTotal:        1844596 kB
MemFree:         1222600 kB
MemAvailable:    1521520 kB
Buffers:           38424 kB
Cached:           391172 kB
MemTotal:        1844596 kB
MemFree:         1220496 kB
MemAvailable:    1519416 kB
Buffers:           38424 kB
Cached:           391172 kB
MemTotal:        1844596 kB
MemFree:         1220744 kB
MemAvailable:    1519664 kB
Buffers:           38424 kB
Cached:           391172 kB
MemTotal:        1844596 kB
MemFree:         1220744 kB
MemAvailable:    1519664 kB
Buffers:           38424 kB
Cached:           391172 kB
MemTotal:        1844596 kB
MemFree:         1220440 kB
MemAvailable:    1519360 kB
Buffers:           38424 kB
Cached:           391172 kB
MemTotal:        1844596 kB
MemFree:         1220692 kB
MemAvailable:    1519612 kB
Buffers:           38424 kB
Cached:           391172 kB
MemTotal:        1844596 kB
MemFree:         1219200 kB
MemAvailable:    1518120 kB
Buffers:           38424 kB
Cached:           391172 kB
MemTotal:        1844596 kB
MemFree:         1220560 kB
MemAvailable:    1519480 kB
Buffers:           38424 kB
Cached:           391172 kB
MemTotal:        1844596 kB
MemFree:         1220560 kB
MemAvailable:    1519480 kB
Buffers:           38424 kB
Cached:           391172 kB
MemTotal:        1844596 kB
MemFree:         1220308 kB
MemAvailable:    1519228 kB
Buffers:           38424 kB
Cached:           391172 kB
MemTotal:        1844596 kB
MemFree:         1220644 kB
MemAvailable:    1519564 kB
Buffers:           38424 kB
Cached:           391172 kB
MemTotal:        1844596 kB
MemFree:         1220316 kB
MemAvailable:    1519236 kB
Buffers:           38424 kB
Cached:           391172 kB
MemTotal:        1844596 kB
MemFree:         1220560 kB
MemAvailable:    1519480 kB
Buffers:           38424 kB
Cached:           391172 kB
MemTotal:        1844596 kB
MemFree:         1220728 kB
MemAvailable:    1519648 kB
Buffers:           38424 kB
Cached:           391172 kB
MemTotal:        1844596 kB
MemFree:         1220488 kB
MemAvailable:    1519408 kB
Buffers:           38424 kB
Cached:           391172 kB
MemTotal:        1844596 kB
MemFree:         1220380 kB
MemAvailable:    1519300 kB
Buffers:           38424 kB
Cached:           391172 kB
MemTotal:        1844596 kB
MemFree:         1220676 kB
MemAvailable:    1519596 kB
Buffers:           38424 kB
Cached:           391172 kB
MemTotal:        1844596 kB
MemFree:         1219244 kB
MemAvailable:    1518164 kB
Buffers:           38424 kB
Cached:           391172 kB
MemTotal:        1844596 kB
MemFree:         1220420 kB
MemAvailable:    1519340 kB
Buffers:           38424 kB
Cached:           391172 kB
MemTotal:        1844596 kB
MemFree:         1219368 kB
MemAvailable:    1518288 kB
Buffers:           38424 kB
Cached:           391172 kB
MemTotal:        1844596 kB
MemFree:         1219236 kB
MemAvailable:    1518156 kB
Buffers:           38424 kB
Cached:           391172 kB
MemTotal:        1844596 kB
MemFree:         1219492 kB
MemAvailable:    1518412 kB
Buffers:           38424 kB
Cached:           391172 kB
MemTotal:        1844596 kB
MemFree:         1220464 kB
MemAvailable:    1519384 kB
Buffers:           38424 kB
Cached:           391172 kB
MemTotal:        1844596 kB
MemFree:         1220700 kB
MemAvailable:    1519620 kB
Buffers:           38424 kB
Cached:           391172 kB
MemTotal:        1844596 kB
MemFree:         1219376 kB
MemAvailable:    1518296 kB
Buffers:           38424 kB
Cached:           391172 kB
MemTotal:        1844596 kB
MemFree:         1219492 kB
MemAvailable:    1518412 kB
Buffers:           38424 kB
Cached:           391172 kB
MemTotal:        1844596 kB
MemFree:         1220628 kB
MemAvailable:    1519548 kB
Buffers:           38424 kB
Cached:           391172 kB
MemTotal:        1844596 kB
MemFree:         1219196 kB
MemAvailable:    1518116 kB
Buffers:           38424 kB
Cached:           391172 kB
MemTotal:        1844596 kB
MemFree:         1220472 kB
MemAvailable:    1519392 kB
Buffers:           38424 kB
Cached:           391172 kB
MemTotal:        1844596 kB
MemFree:         1220472 kB
MemAvailable:    1519392 kB
Buffers:           38424 kB
Cached:           391172 kB
MemTotal:        1844596 kB
MemFree:         1220456 kB
MemAvailable:    1519376 kB
Buffers:           38424 kB
Cached:           391172 kB
MemTotal:        1844596 kB
MemFree:         1220636 kB
MemAvailable:    1519556 kB
Buffers:           38424 kB
Cached:           391172 kB
MemTotal:        1844596 kB
MemFree:         1219760 kB
MemAvailable:    1518680 kB
Buffers:           38424 kB
Cached:           391172 kB
MemTotal:        1844596 kB
MemFree:         1220360 kB
MemAvailable:    1519280 kB
Buffers:           38424 kB
Cached:           391172 kB
MemTotal:        1844596 kB
MemFree:         1220444 kB
MemAvailable:    1519364 kB
Buffers:           38424 kB
Cached:           391172 kB
MemTotal:        1844596 kB
MemFree:         1219248 kB
MemAvailable:    1518168 kB
Buffers:           38424 kB
Cached:           391172 kB
MemTotal:        1844596 kB
MemFree:         1219340 kB
MemAvailable:    1518260 kB
Buffers:           38424 kB
Cached:           391172 kB
MemTotal:        1844596 kB
MemFree:         1220492 kB
MemAvailable:    1519412 kB
Buffers:           38424 kB
Cached:           391172 kB
MemTotal:        1844596 kB
MemFree:         1220504 kB
MemAvailable:    1519424 kB
Buffers:           38424 kB
Cached:           391172 kB
MemTotal:        1844596 kB
MemFree:         1219324 kB
MemAvailable:    1518244 kB
Buffers:           38424 kB
Cached:           391172 kB
MemTotal:        1844596 kB
MemFree:         1219388 kB
MemAvailable:    1518316 kB
Buffers:           38424 kB
Cached:           391180 kB
MemTotal:        1844596 kB
MemFree:         1219216 kB
MemAvailable:    1518144 kB
Buffers:           38424 kB
Cached:           391180 kB
MemTotal:        1844596 kB
MemFree:         1220364 kB
MemAvailable:    1519292 kB
Buffers:           38424 kB
Cached:           391180 kB
MemTotal:        1844596 kB
MemFree:         1220380 kB
MemAvailable:    1519308 kB
Buffers:           38424 kB
Cached:           391180 kB
MemTotal:        1844596 kB
MemFree:         1220492 kB
MemAvailable:    1519420 kB
Buffers:           38424 kB
Cached:           391180 kB
MemTotal:        1844596 kB
MemFree:         1219328 kB
MemAvailable:    1518256 kB
Buffers:           38424 kB
Cached:           391180 kB
MemTotal:        1844596 kB
MemFree:         1220596 kB
MemAvailable:    1519524 kB
Buffers:           38424 kB
Cached:           391180 kB
MemTotal:        1844596 kB
MemFree:         1219356 kB
MemAvailable:    1518284 kB
Buffers:           38424 kB
Cached:           391180 kB
MemTotal:        1844596 kB
MemFree:         1220684 kB
MemAvailable:    1519612 kB
Buffers:           38424 kB
Cached:           391180 kB
MemTotal:        1844596 kB
MemFree:         1219340 kB
MemAvailable:    1518268 kB
Buffers:           38424 kB
Cached:           391180 kB
MemTotal:        1844596 kB
MemFree:         1220740 kB
MemAvailable:    1519668 kB
Buffers:           38424 kB
Cached:           391180 kB
MemTotal:        1844596 kB
MemFree:         1220552 kB
MemAvailable:    1519480 kB
Buffers:           38424 kB
Cached:           391180 kB
MemTotal:        1844596 kB
MemFree:         1219120 kB
MemAvailable:    1518048 kB
Buffers:           38424 kB
Cached:           391180 kB
MemTotal:        1844596 kB
MemFree:         1219360 kB
MemAvailable:    1518288 kB
Buffers:           38424 kB
Cached:           391180 kB
MemTotal:        1844596 kB
MemFree:         1220092 kB
MemAvailable:    1519020 kB
Buffers:           38424 kB
Cached:           391180 kB
MemTotal:        1844596 kB
MemFree:         1220344 kB
MemAvailable:    1519272 kB
Buffers:           38424 kB
Cached:           391180 kB
MemTotal:        1844596 kB
MemFree:         1218828 kB
MemAvailable:    1517756 kB
Buffers:           38424 kB
Cached:           391180 kB
MemTotal:        1844596 kB
MemFree:         1220136 kB
MemAvailable:    1519064 kB
Buffers:           38424 kB
Cached:           391180 kB
MemTotal:        1844596 kB
MemFree:         1219972 kB
MemAvailable:    1518900 kB
Buffers:           38424 kB
Cached:           391180 kB
MemTotal:        1844596 kB
MemFree:         1220008 kB
MemAvailable:    1518936 kB
Buffers:           38424 kB
Cached:           391180 kB
MemTotal:        1844596 kB
MemFree:         1219820 kB
MemAvailable:    1518748 kB
Buffers:           38424 kB
Cached:           391180 kB
MemTotal:        1844596 kB
MemFree:         1220076 kB
MemAvailable:    1519004 kB
Buffers:           38424 kB
Cached:           391180 kB
MemTotal:        1844596 kB
MemFree:         1220112 kB
MemAvailable:    1519040 kB
Buffers:           38424 kB
Cached:           391180 kB
MemTotal:        1844596 kB
MemFree:         1220104 kB
MemAvailable:    1519032 kB
Buffers:           38424 kB
Cached:           391180 kB
MemTotal:        1844596 kB
MemFree:         1219732 kB
MemAvailable:    1518660 kB
Buffers:           38424 kB
Cached:           391180 kB
MemTotal:        1844596 kB
MemFree:         1219460 kB
MemAvailable:    1518388 kB
Buffers:           38424 kB
Cached:           391180 kB
MemTotal:        1844596 kB
MemFree:         1219712 kB
MemAvailable:    1518640 kB
Buffers:           38424 kB
Cached:           391180 kB
MemTotal:        1844596 kB
MemFree:         1219492 kB
MemAvailable:    1518420 kB
Buffers:           38424 kB
Cached:           391180 kB
MemTotal:        1844596 kB
MemFree:         1219396 kB
MemAvailable:    1518324 kB
Buffers:           38424 kB
Cached:           391180 kB
MemTotal:        1844596 kB
MemFree:         1219696 kB
MemAvailable:    1518624 kB
Buffers:           38424 kB
Cached:           391180 kB
MemTotal:        1844596 kB
MemFree:         1219524 kB
MemAvailable:    1518452 kB
Buffers:           38424 kB
Cached:           391180 kB
MemTotal:        1844596 kB
MemFree:         1218768 kB
MemAvailable:    1517696 kB
Buffers:           38424 kB
Cached:           391180 kB
MemTotal:        1844596 kB
MemFree:         1219944 kB
MemAvailable:    1518872 kB
Buffers:           38424 kB
Cached:           391180 kB
MemTotal:        1844596 kB
MemFree:         1219488 kB
MemAvailable:    1518416 kB
Buffers:           38424 kB
Cached:           391180 kB
MemTotal:        1844596 kB
MemFree:         1219572 kB
MemAvailable:    1518500 kB
Buffers:           38424 kB
Cached:           391180 kB
MemTotal:        1844596 kB
MemFree:         1219368 kB
MemAvailable:    1518296 kB
Buffers:           38424 kB
Cached:           391180 kB
MemTotal:        1844596 kB
MemFree:         1218252 kB
MemAvailable:    1517180 kB
Buffers:           38424 kB
Cached:           391180 kB
MemTotal:        1844596 kB
MemFree:         1218368 kB
MemAvailable:    1517296 kB
Buffers:           38424 kB
Cached:           391180 kB
MemTotal:        1844596 kB
MemFree:         1219864 kB
MemAvailable:    1518792 kB
Buffers:           38424 kB
Cached:           391180 kB
MemTotal:        1844596 kB
MemFree:         1219328 kB
MemAvailable:    1518256 kB
Buffers:           38424 kB
Cached:           391180 kB
MemTotal:        1844596 kB
MemFree:         1219528 kB
MemAvailable:    1518456 kB
Buffers:           38424 kB
Cached:           391180 kB
MemTotal:        1844596 kB
MemFree:         1219636 kB
MemAvailable:    1518564 kB
Buffers:           38424 kB
Cached:           391180 kB
MemTotal:        1844596 kB
MemFree:         1219016 kB
MemAvailable:    1517944 kB
Buffers:           38424 kB
Cached:           391180 kB
MemTotal:        1844596 kB
MemFree:         1216288 kB
MemAvailable:    1515216 kB
Buffers:           38424 kB
Cached:           391180 kB
MemTotal:        1844596 kB
MemFree:         1213180 kB
MemAvailable:    1512108 kB
Buffers:           38424 kB
Cached:           391180 kB
MemTotal:        1844596 kB
MemFree:         1209096 kB
MemAvailable:    1508024 kB
Buffers:           38424 kB
Cached:           391180 kB
MemTotal:        1844596 kB
MemFree:         1208220 kB
MemAvailable:    1507148 kB
Buffers:           38424 kB
Cached:           391180 kB
MemTotal:        1844596 kB
MemFree:         1207972 kB
MemAvailable:    1506900 kB
Buffers:           38424 kB
Cached:           391180 kB
MemTotal:        1844596 kB
MemFree:         1208908 kB
MemAvailable:    1507836 kB
Buffers:           38424 kB
Cached:           391180 kB
MemTotal:        1844596 kB
MemFree:         1208660 kB
MemAvailable:    1507588 kB
Buffers:           38424 kB
Cached:           391180 kB
MemTotal:        1844596 kB
MemFree:         1208652 kB
MemAvailable:    1507580 kB
Buffers:           38424 kB
Cached:           391180 kB
MemTotal:        1844596 kB
MemFree:         1207220 kB
MemAvailable:    1506148 kB
Buffers:           38424 kB
Cached:           391180 kB
MemTotal:        1844596 kB
MemFree:         1208032 kB
MemAvailable:    1506960 kB
Buffers:           38424 kB
Cached:           391180 kB
MemTotal:        1844596 kB
MemFree:         1207560 kB
MemAvailable:    1506488 kB
Buffers:           38424 kB
Cached:           391180 kB
MemTotal:        1844596 kB
MemFree:         1207352 kB
MemAvailable:    1506280 kB
Buffers:           38424 kB
Cached:           391180 kB
MemTotal:        1844596 kB
MemFree:         1206608 kB
MemAvailable:    1505536 kB
Buffers:           38424 kB
Cached:           391180 kB
MemTotal:        1844596 kB
MemFree:         1206500 kB
MemAvailable:    1505428 kB
Buffers:           38424 kB
Cached:           391180 kB
MemTotal:        1844596 kB
MemFree:         1205972 kB
MemAvailable:    1504900 kB
Buffers:           38424 kB
Cached:           391180 kB
MemTotal:        1844596 kB
MemFree:         1206120 kB
MemAvailable:    1505048 kB
Buffers:           38424 kB
Cached:           391180 kB
MemTotal:        1844596 kB
MemFree:         1204868 kB
MemAvailable:    1503796 kB
Buffers:           38424 kB
Cached:           391180 kB
MemTotal:        1844596 kB
MemFree:         1204860 kB
MemAvailable:    1503788 kB
Buffers:           38424 kB
Cached:           391180 kB
MemTotal:        1844596 kB
MemFree:         1206168 kB
MemAvailable:    1505096 kB
Buffers:           38424 kB
Cached:           391180 kB
MemTotal:        1844596 kB
MemFree:         1205928 kB
MemAvailable:    1504856 kB
Buffers:           38424 kB
Cached:           391180 kB
MemTotal:        1844596 kB
MemFree:         1206184 kB
MemAvailable:    1505112 kB
Buffers:           38424 kB
Cached:           391180 kB
MemTotal:        1844596 kB
MemFree:         1206040 kB
MemAvailable:    1504968 kB
Buffers:           38424 kB
Cached:           391180 kB
MemTotal:        1844596 kB
MemFree:         1206292 kB
MemAvailable:    1505220 kB
Buffers:           38424 kB
Cached:           391180 kB
MemTotal:        1844596 kB
MemFree:         1205120 kB
MemAvailable:    1504048 kB
Buffers:           38424 kB
Cached:           391180 kB
MemTotal:        1844596 kB
MemFree:         1206556 kB
MemAvailable:    1505484 kB
Buffers:           38424 kB
Cached:           391180 kB
MemTotal:        1844596 kB
MemFree:         1204864 kB
MemAvailable:    1503792 kB
Buffers:           38424 kB
Cached:           391180 kB
MemTotal:        1844596 kB
MemFree:         1206296 kB
MemAvailable:    1505224 kB
Buffers:           38424 kB
Cached:           391180 kB
MemTotal:        1844596 kB
MemFree:         1205252 kB
MemAvailable:    1504180 kB
Buffers:           38424 kB
Cached:           391180 kB
MemTotal:        1844596 kB
MemFree:         1205724 kB
MemAvailable:    1504652 kB
Buffers:           38424 kB
Cached:           391180 kB
MemTotal:        1844596 kB
MemFree:         1205808 kB
MemAvailable:    1504736 kB
Buffers:           38424 kB
Cached:           391180 kB
MemTotal:        1844596 kB
MemFree:         1204004 kB
MemAvailable:    1502932 kB
Buffers:           38424 kB
Cached:           391180 kB
MemTotal:        1844596 kB
MemFree:         1204260 kB
MemAvailable:    1503196 kB
Buffers:           38424 kB
Cached:           391188 kB
MemTotal:        1844596 kB
MemFree:         1202888 kB
MemAvailable:    1501824 kB
Buffers:           38424 kB
Cached:           391188 kB
MemTotal:        1844596 kB
MemFree:         1204112 kB
MemAvailable:    1503048 kB
Buffers:           38424 kB
Cached:           391188 kB
MemTotal:        1844596 kB
MemFree:         1203948 kB
MemAvailable:    1502888 kB
Buffers:           38424 kB
Cached:           391192 kB
MemTotal:        1844596 kB
MemFree:         1202516 kB
MemAvailable:    1501456 kB
Buffers:           38424 kB
Cached:           391192 kB
MemTotal:        1844596 kB
MemFree:         1202384 kB
MemAvailable:    1501324 kB
Buffers:           38424 kB
Cached:           391192 kB
MemTotal:        1844596 kB
MemFree:         1203080 kB
MemAvailable:    1502020 kB
Buffers:           38424 kB
Cached:           391192 kB
MemTotal:        1844596 kB
MemFree:         1201856 kB
MemAvailable:    1500796 kB
Buffers:           38424 kB
Cached:           391192 kB
MemTotal:        1844596 kB
MemFree:         1202028 kB
MemAvailable:    1500968 kB
Buffers:           38424 kB
Cached:           391192 kB
MemTotal:        1844596 kB
MemFree:         1200416 kB
MemAvailable:    1499356 kB
Buffers:           38424 kB
Cached:           391192 kB
MemTotal:        1844596 kB
MemFree:         1201484 kB
MemAvailable:    1500424 kB
Buffers:           38424 kB
Cached:           391192 kB
MemTotal:        1844596 kB
MemFree:         1201740 kB
MemAvailable:    1500680 kB
Buffers:           38424 kB
Cached:           391192 kB
MemTotal:        1844596 kB
MemFree:         1201152 kB
MemAvailable:    1500092 kB
Buffers:           38424 kB
Cached:           391192 kB
MemTotal:        1844596 kB
MemFree:         1201152 kB
MemAvailable:    1500092 kB
Buffers:           38424 kB
Cached:           391192 kB
MemTotal:        1844596 kB
MemFree:         1200864 kB
MemAvailable:    1499804 kB
Buffers:           38424 kB
Cached:           391192 kB
MemTotal:        1844596 kB
MemFree:         1200960 kB
MemAvailable:    1499900 kB
Buffers:           38424 kB
Cached:           391192 kB
MemTotal:        1844596 kB
MemFree:         1199672 kB
MemAvailable:    1498612 kB
Buffers:           38424 kB
Cached:           391192 kB
MemTotal:        1844596 kB
MemFree:         1200872 kB
MemAvailable:    1499812 kB
Buffers:           38424 kB
Cached:           391192 kB
MemTotal:        1844596 kB
MemFree:         1200772 kB
MemAvailable:    1499712 kB
Buffers:           38424 kB
Cached:           391192 kB
MemTotal:        1844596 kB
MemFree:         1200772 kB
MemAvailable:    1499712 kB
Buffers:           38424 kB
Cached:           391192 kB
MemTotal:        1844596 kB
MemFree:         1200788 kB
MemAvailable:    1499728 kB
Buffers:           38424 kB
Cached:           391192 kB
MemTotal:        1844596 kB
MemFree:         1200772 kB
MemAvailable:    1499712 kB
Buffers:           38424 kB
Cached:           391192 kB
MemTotal:        1844596 kB
MemFree:         1200772 kB
MemAvailable:    1499712 kB
Buffers:           38424 kB
Cached:           391192 kB
MemTotal:        1844596 kB
MemFree:         1200916 kB
MemAvailable:    1499856 kB
Buffers:           38424 kB
Cached:           391192 kB
MemTotal:        1844596 kB
MemFree:         1200660 kB
MemAvailable:    1499600 kB
Buffers:           38436 kB
Cached:           391180 kB
MemTotal:        1844596 kB
MemFree:         1199796 kB
MemAvailable:    1498736 kB
Buffers:           38436 kB
Cached:           391180 kB
MemTotal:        1844596 kB
MemFree:         1200596 kB
MemAvailable:    1499536 kB
Buffers:           38436 kB
Cached:           391180 kB
MemTotal:        1844596 kB
MemFree:         1200848 kB
MemAvailable:    1499788 kB
Buffers:           38436 kB
Cached:           391180 kB
MemTotal:        1844596 kB
MemFree:         1199368 kB
MemAvailable:    1498308 kB
Buffers:           38436 kB
Cached:           391180 kB
MemTotal:        1844596 kB
MemFree:         1200668 kB
MemAvailable:    1499608 kB
Buffers:           38436 kB
Cached:           391180 kB
MemTotal:        1844596 kB
MemFree:         1199796 kB
MemAvailable:    1498736 kB
Buffers:           38436 kB
Cached:           391180 kB
MemTotal:        1844596 kB
MemFree:         1200484 kB
MemAvailable:    1499432 kB
Buffers:           38436 kB
Cached:           391188 kB
MemTotal:        1844596 kB
MemFree:         1200740 kB
MemAvailable:    1499688 kB
Buffers:           38436 kB
Cached:           391188 kB
MemTotal:        1844596 kB
MemFree:         1200544 kB
MemAvailable:    1499492 kB
Buffers:           38436 kB
Cached:           391188 kB
MemTotal:        1844596 kB
MemFree:         1200644 kB
MemAvailable:    1499592 kB
Buffers:           38436 kB
Cached:           391188 kB
MemTotal:        1844596 kB
MemFree:         1200896 kB
MemAvailable:    1499844 kB
Buffers:           38436 kB
Cached:           391188 kB
MemTotal:        1844596 kB
MemFree:         1200656 kB
MemAvailable:    1499604 kB
Buffers:           38436 kB
Cached:           391188 kB
MemTotal:        1844596 kB
MemFree:         1200796 kB
MemAvailable:    1499744 kB
Buffers:           38436 kB
Cached:           391188 kB
MemTotal:        1844596 kB
MemFree:         1200656 kB
MemAvailable:    1499604 kB
Buffers:           38436 kB
Cached:           391188 kB
MemTotal:        1844596 kB
MemFree:         1200176 kB
MemAvailable:    1499124 kB
Buffers:           38436 kB
Cached:           391188 kB
MemTotal:        1844596 kB
MemFree:         1200848 kB
MemAvailable:    1499796 kB
Buffers:           38436 kB
Cached:           391188 kB
MemTotal:        1844596 kB
MemFree:         1200676 kB
MemAvailable:    1499624 kB
Buffers:           38436 kB
Cached:           391188 kB
MemTotal:        1844596 kB
MemFree:         1199920 kB
MemAvailable:    1498868 kB
Buffers:           38436 kB
Cached:           391188 kB
MemTotal:        1844596 kB
MemFree:         1199608 kB
MemAvailable:    1498556 kB
Buffers:           38436 kB
Cached:           391188 kB
MemTotal:        1844596 kB
MemFree:         1198176 kB
MemAvailable:    1497124 kB
Buffers:           38436 kB
Cached:           391188 kB
MemTotal:        1844596 kB
MemFree:         1199212 kB
MemAvailable:    1498160 kB
Buffers:           38436 kB
Cached:           391188 kB
MemTotal:        1844596 kB
MemFree:         1199044 kB
MemAvailable:    1497992 kB
Buffers:           38436 kB
Cached:           391188 kB
MemTotal:        1844596 kB
MemFree:         1198440 kB
MemAvailable:    1497388 kB
Buffers:           38436 kB
Cached:           391188 kB
MemTotal:        1844596 kB
MemFree:         1197564 kB
MemAvailable:    1496512 kB
Buffers:           38436 kB
Cached:           391188 kB
MemTotal:        1844596 kB
MemFree:         1195316 kB
MemAvailable:    1494264 kB
Buffers:           38436 kB
Cached:           391188 kB
MemTotal:        1844596 kB
MemFree:         1195068 kB
MemAvailable:    1494016 kB
Buffers:           38436 kB
Cached:           391188 kB
MemTotal:        1844596 kB
MemFree:         1191984 kB
MemAvailable:    1490932 kB
Buffers:           38436 kB
Cached:           391188 kB
MemTotal:        1844596 kB
MemFree:         1189628 kB
MemAvailable:    1488576 kB
Buffers:           38436 kB
Cached:           391188 kB
MemTotal:        1844596 kB
MemFree:         1185520 kB
MemAvailable:    1484468 kB
Buffers:           38436 kB
Cached:           391188 kB
MemTotal:        1844596 kB
MemFree:         1185604 kB
MemAvailable:    1484552 kB
Buffers:           38436 kB
Cached:           391188 kB
MemTotal:        1844596 kB
MemFree:         1182312 kB
MemAvailable:    1481260 kB
Buffers:           38436 kB
Cached:           391188 kB
MemTotal:        1844596 kB
MemFree:         1182240 kB
MemAvailable:    1481188 kB
Buffers:           38436 kB
Cached:           391188 kB
MemTotal:        1844596 kB
MemFree:         1181072 kB
MemAvailable:    1480020 kB
Buffers:           38436 kB
Cached:           391188 kB
MemTotal:        1844596 kB
MemFree:         1182012 kB
MemAvailable:    1480960 kB
Buffers:           38436 kB
Cached:           391188 kB
MemTotal:        1844596 kB
MemFree:         1180800 kB
MemAvailable:    1479748 kB
Buffers:           38436 kB
Cached:           391188 kB
MemTotal:        1844596 kB
MemFree:         1182032 kB
MemAvailable:    1480980 kB
Buffers:           38436 kB
Cached:           391188 kB
MemTotal:        1844596 kB
MemFree:         1181792 kB
MemAvailable:    1480740 kB
Buffers:           38436 kB
Cached:           391188 kB
MemTotal:        1844596 kB
MemFree:         1180544 kB
MemAvailable:    1479492 kB
Buffers:           38436 kB
Cached:           391188 kB
MemTotal:        1844596 kB
MemFree:         1181844 kB
MemAvailable:    1480792 kB
Buffers:           38436 kB
Cached:           391188 kB
MemTotal:        1844596 kB
MemFree:         1180412 kB
MemAvailable:    1479360 kB
Buffers:           38436 kB
Cached:           391188 kB
MemTotal:        1844596 kB
MemFree:         1181596 kB
MemAvailable:    1480544 kB
Buffers:           38436 kB
Cached:           391188 kB
MemTotal:        1844596 kB
MemFree:         1181940 kB
MemAvailable:    1480888 kB
Buffers:           38436 kB
Cached:           391188 kB
MemTotal:        1844596 kB
MemFree:         1181800 kB
MemAvailable:    1480748 kB
Buffers:           38436 kB
Cached:           391188 kB
MemTotal:        1844596 kB
MemFree:         1179948 kB
MemAvailable:    1478896 kB
Buffers:           38436 kB
Cached:           391188 kB
MemTotal:        1844596 kB
MemFree:         1181180 kB
MemAvailable:    1480128 kB
Buffers:           38436 kB
Cached:           391188 kB
MemTotal:        1844596 kB
MemFree:         1180940 kB
MemAvailable:    1479888 kB
Buffers:           38436 kB
Cached:           391188 kB
MemTotal:        1844596 kB
MemFree:         1179644 kB
MemAvailable:    1478592 kB
Buffers:           38436 kB
Cached:           391188 kB
MemTotal:        1844596 kB
MemFree:         1179900 kB
MemAvailable:    1478848 kB
Buffers:           38436 kB
Cached:           391188 kB
MemTotal:        1844596 kB
MemFree:         1179644 kB
MemAvailable:    1478592 kB
Buffers:           38436 kB
Cached:           391188 kB
MemTotal:        1844596 kB
MemFree:         1181076 kB
MemAvailable:    1480024 kB
Buffers:           38436 kB
Cached:           391188 kB
MemTotal:        1844596 kB
MemFree:         1179956 kB
MemAvailable:    1478904 kB
Buffers:           38436 kB
Cached:           391188 kB
MemTotal:        1844596 kB
MemFree:         1180860 kB
MemAvailable:    1479824 kB
Buffers:           38436 kB
Cached:           391204 kB
MemTotal:        1844596 kB
MemFree:         1181196 kB
MemAvailable:    1480160 kB
Buffers:           38436 kB
Cached:           391204 kB
MemTotal:        1844596 kB
MemFree:         1179700 kB
MemAvailable:    1478664 kB
Buffers:           38436 kB
Cached:           391204 kB
MemTotal:        1844596 kB
MemFree:         1179792 kB
MemAvailable:    1478756 kB
Buffers:           38436 kB
Cached:           391204 kB
MemTotal:        1844596 kB
MemFree:         1180948 kB
MemAvailable:    1479912 kB
Buffers:           38436 kB
Cached:           391204 kB
MemTotal:        1844596 kB
MemFree:         1180080 kB
MemAvailable:    1479044 kB
Buffers:           38436 kB
Cached:           391204 kB
MemTotal:        1844596 kB
MemFree:         1181364 kB
MemAvailable:    1480328 kB
Buffers:           38436 kB
Cached:           391204 kB
MemTotal:        1844596 kB
MemFree:         1180080 kB
MemAvailable:    1479044 kB
Buffers:           38436 kB
Cached:           391204 kB
MemTotal:        1844596 kB
MemFree:         1180968 kB
MemAvailable:    1479932 kB
Buffers:           38436 kB
Cached:           391204 kB
MemTotal:        1844596 kB
MemFree:         1179788 kB
MemAvailable:    1478752 kB
Buffers:           38436 kB
Cached:           391204 kB
MemTotal:        1844596 kB
MemFree:         1180808 kB
MemAvailable:    1479772 kB
Buffers:           38436 kB
Cached:           391204 kB
MemTotal:        1844596 kB
MemFree:         1181060 kB
MemAvailable:    1480024 kB
Buffers:           38436 kB
Cached:           391204 kB
MemTotal:        1844596 kB
MemFree:         1180936 kB
MemAvailable:    1479900 kB
Buffers:           38436 kB
Cached:           391204 kB
MemTotal:        1844596 kB
MemFree:         1180948 kB
MemAvailable:    1479912 kB
Buffers:           38436 kB
Cached:           391204 kB
MemTotal:        1844596 kB
MemFree:         1180868 kB
MemAvailable:    1479832 kB
Buffers:           38436 kB
Cached:           391204 kB
MemTotal:        1844596 kB
MemFree:         1180868 kB
MemAvailable:    1479832 kB
Buffers:           38436 kB
Cached:           391204 kB
MemTotal:        1844596 kB
MemFree:         1179644 kB
MemAvailable:    1478608 kB
Buffers:           38436 kB
Cached:           391204 kB
MemTotal:        1844596 kB
MemFree:         1179520 kB
MemAvailable:    1478484 kB
Buffers:           38436 kB
Cached:           391204 kB
MemTotal:        1844596 kB
MemFree:         1179520 kB
MemAvailable:    1478484 kB
Buffers:           38436 kB
Cached:           391204 kB
MemTotal:        1844596 kB
MemFree:         1180884 kB
MemAvailable:    1479848 kB
Buffers:           38436 kB
Cached:           391204 kB
MemTotal:        1844596 kB
MemFree:         1177164 kB
MemAvailable:    1476128 kB
Buffers:           38436 kB
Cached:           391204 kB
MemTotal:        1844596 kB
MemFree:         1173560 kB
MemAvailable:    1472524 kB
Buffers:           38436 kB
Cached:           391204 kB
MemTotal:        1844596 kB
MemFree:         1171384 kB
MemAvailable:    1470348 kB
Buffers:           38436 kB
Cached:           391204 kB
MemTotal:        1844596 kB
MemFree:         1169832 kB
MemAvailable:    1468796 kB
Buffers:           38436 kB
Cached:           391204 kB
MemTotal:        1844596 kB
MemFree:         1167928 kB
MemAvailable:    1466892 kB
Buffers:           38436 kB
Cached:           391204 kB
MemTotal:        1844596 kB
MemFree:         1162092 kB
MemAvailable:    1461056 kB
Buffers:           38436 kB
Cached:           391204 kB
MemTotal:        1844596 kB
MemFree:         1162472 kB
MemAvailable:    1461436 kB
Buffers:           38436 kB
Cached:           391204 kB
MemTotal:        1844596 kB
MemFree:         1162100 kB
MemAvailable:    1461064 kB
Buffers:           38436 kB
Cached:           391204 kB
MemTotal:        1844596 kB
MemFree:         1162224 kB
MemAvailable:    1461188 kB
Buffers:           38436 kB
Cached:           391204 kB
MemTotal:        1844596 kB
MemFree:         1162092 kB
MemAvailable:    1461056 kB
Buffers:           38436 kB
Cached:           391204 kB
MemTotal:        1844596 kB
MemFree:         1163456 kB
MemAvailable:    1462420 kB
Buffers:           38436 kB
Cached:           391204 kB
MemTotal:        1844596 kB
MemFree:         1163160 kB
MemAvailable:    1462124 kB
Buffers:           38436 kB
Cached:           391204 kB
MemTotal:        1844596 kB
MemFree:         1163412 kB
MemAvailable:    1462376 kB
Buffers:           38436 kB
Cached:           391204 kB
MemTotal:        1844596 kB
MemFree:         1163028 kB
MemAvailable:    1461992 kB
Buffers:           38436 kB
Cached:           391204 kB
MemTotal:        1844596 kB
MemFree:         1161720 kB
MemAvailable:    1460684 kB
Buffers:           38436 kB
Cached:           391204 kB
MemTotal:        1844596 kB
MemFree:         1161596 kB
MemAvailable:    1460560 kB
Buffers:           38436 kB
Cached:           391204 kB
MemTotal:        1844596 kB
MemFree:         1161844 kB
MemAvailable:    1460808 kB
Buffers:           38436 kB
Cached:           391204 kB
MemTotal:        1844596 kB
MemFree:         1161596 kB
MemAvailable:    1460560 kB
Buffers:           38436 kB
Cached:           391204 kB
MemTotal:        1844596 kB
MemFree:         1161844 kB
MemAvailable:    1460808 kB
Buffers:           38436 kB
Cached:           391204 kB
MemTotal:        1844596 kB
MemFree:         1161720 kB
MemAvailable:    1460684 kB
Buffers:           38436 kB
Cached:           391204 kB
MemTotal:        1844596 kB
MemFree:         1163148 kB
MemAvailable:    1462112 kB
Buffers:           38436 kB
Cached:           391204 kB
MemTotal:        1844596 kB
MemFree:         1162656 kB
MemAvailable:    1461620 kB
Buffers:           38436 kB
Cached:           391204 kB
MemTotal:        1844596 kB
MemFree:         1162908 kB
MemAvailable:    1461872 kB
Buffers:           38436 kB
Cached:           391204 kB
MemTotal:        1844596 kB
MemFree:         1162540 kB
MemAvailable:    1461504 kB
Buffers:           38436 kB
Cached:           391204 kB
MemTotal:        1844596 kB
MemFree:         1162876 kB
MemAvailable:    1461840 kB
Buffers:           38436 kB
Cached:           391204 kB
MemTotal:        1844596 kB
MemFree:         1161432 kB
MemAvailable:    1460396 kB
Buffers:           38436 kB
Cached:           391204 kB
MemTotal:        1844596 kB
MemFree:         1162788 kB
MemAvailable:    1461752 kB
Buffers:           38436 kB
Cached:           391204 kB
MemTotal:        1844596 kB
MemFree:         1162684 kB
MemAvailable:    1461648 kB
Buffers:           38436 kB
Cached:           391204 kB
MemTotal:        1844596 kB
MemFree:         1161944 kB
MemAvailable:    1460908 kB
Buffers:           38436 kB
Cached:           391204 kB
MemTotal:        1844596 kB
MemFree:         1162508 kB
MemAvailable:    1461472 kB
Buffers:           38436 kB
Cached:           391204 kB
MemTotal:        1844596 kB
MemFree:         1162692 kB
MemAvailable:    1461656 kB
Buffers:           38436 kB
Cached:           391204 kB
MemTotal:        1844596 kB
MemFree:         1161428 kB
MemAvailable:    1460392 kB
Buffers:           38436 kB
Cached:           391204 kB
MemTotal:        1844596 kB
MemFree:         1161424 kB
MemAvailable:    1460388 kB
Buffers:           38436 kB
Cached:           391204 kB
MemTotal:        1844596 kB
MemFree:         1162672 kB
MemAvailable:    1461636 kB
Buffers:           38436 kB
Cached:           391204 kB
MemTotal:        1844596 kB
MemFree:         1162548 kB
MemAvailable:    1461512 kB
Buffers:           38436 kB
Cached:           391204 kB
MemTotal:        1844596 kB
MemFree:         1162508 kB
MemAvailable:    1461472 kB
Buffers:           38436 kB
Cached:           391204 kB
MemTotal:        1844596 kB
MemFree:         1161888 kB
MemAvailable:    1460852 kB
Buffers:           38436 kB
Cached:           391204 kB
MemTotal:        1844596 kB
MemFree:         1161552 kB
MemAvailable:    1460516 kB
Buffers:           38436 kB
Cached:           391204 kB
MemTotal:        1844596 kB
MemFree:         1161552 kB
MemAvailable:    1460516 kB
Buffers:           38436 kB
Cached:           391204 kB
MemTotal:        1844596 kB
MemFree:         1161544 kB
MemAvailable:    1460508 kB
Buffers:           38436 kB
Cached:           391204 kB
MemTotal:        1844596 kB
MemFree:         1160580 kB
MemAvailable:    1459544 kB
Buffers:           38436 kB
Cached:           391204 kB
MemTotal:        1844596 kB
MemFree:         1157912 kB
MemAvailable:    1456876 kB
Buffers:           38436 kB
Cached:           391204 kB
MemTotal:        1844596 kB
MemFree:         1154752 kB
MemAvailable:    1453716 kB
Buffers:           38436 kB
Cached:           391204 kB
MemTotal:        1844596 kB
MemFree:         1151528 kB
MemAvailable:    1450492 kB
Buffers:           38436 kB
Cached:           391204 kB
MemTotal:        1844596 kB
MemFree:         1148428 kB
MemAvailable:    1447392 kB
Buffers:           38436 kB
Cached:           391204 kB
MemTotal:        1844596 kB
MemFree:         1144336 kB
MemAvailable:    1443300 kB
Buffers:           38436 kB
Cached:           391204 kB
MemTotal:        1844596 kB
MemFree:         1144212 kB
MemAvailable:    1443176 kB
Buffers:           38436 kB
Cached:           391204 kB
MemTotal:        1844596 kB
MemFree:         1145512 kB
MemAvailable:    1444476 kB
Buffers:           38436 kB
Cached:           391204 kB
MemTotal:        1844596 kB
MemFree:         1145256 kB
MemAvailable:    1444220 kB
Buffers:           38436 kB
Cached:           391204 kB
MemTotal:        1844596 kB
MemFree:         1144212 kB
MemAvailable:    1443176 kB
Buffers:           38436 kB
Cached:           391204 kB
MemTotal:        1844596 kB
MemFree:         1145012 kB
MemAvailable:    1443976 kB
Buffers:           38436 kB
Cached:           391204 kB
MemTotal:        1844596 kB
MemFree:         1145264 kB
MemAvailable:    1444228 kB
Buffers:           38436 kB
Cached:           391204 kB
MemTotal:        1844596 kB
MemFree:         1143952 kB
MemAvailable:    1442916 kB
Buffers:           38436 kB
Cached:           391204 kB
MemTotal:        1844596 kB
MemFree:         1145060 kB
MemAvailable:    1444024 kB
Buffers:           38436 kB
Cached:           391204 kB
MemTotal:        1844596 kB
MemFree:         1145312 kB
MemAvailable:    1444276 kB
Buffers:           38436 kB
Cached:           391204 kB
MemTotal:        1844596 kB
MemFree:         1144948 kB
MemAvailable:    1443920 kB
Buffers:           38436 kB
Cached:           391212 kB
MemTotal:        1844596 kB
MemFree:         1145284 kB
MemAvailable:    1444256 kB
Buffers:           38436 kB
Cached:           391212 kB
MemTotal:        1844596 kB
MemFree:         1145272 kB
MemAvailable:    1444244 kB
Buffers:           38436 kB
Cached:           391212 kB
MemTotal:        1844596 kB
MemFree:         1145072 kB
MemAvailable:    1444044 kB
Buffers:           38436 kB
Cached:           391212 kB
MemTotal:        1844596 kB
MemFree:         1145408 kB
MemAvailable:    1444380 kB
Buffers:           38436 kB
Cached:           391212 kB
MemTotal:        1844596 kB
MemFree:         1143824 kB
MemAvailable:    1442796 kB
Buffers:           38436 kB
Cached:           391212 kB
MemTotal:        1844596 kB
MemFree:         1143832 kB
MemAvailable:    1442804 kB
Buffers:           38436 kB
Cached:           391212 kB
MemTotal:        1844596 kB
MemFree:         1143908 kB
MemAvailable:    1442880 kB
Buffers:           38436 kB
Cached:           391212 kB
MemTotal:        1844596 kB
MemFree:         1145204 kB
MemAvailable:    1444176 kB
Buffers:           38436 kB
Cached:           391212 kB
MemTotal:        1844596 kB
MemFree:         1145264 kB
MemAvailable:    1444236 kB
Buffers:           38436 kB
Cached:           391212 kB
MemTotal:        1844596 kB
MemFree:         1144884 kB
MemAvailable:    1443856 kB
Buffers:           38436 kB
Cached:           391212 kB
MemTotal:        1844596 kB
MemFree:         1145220 kB
MemAvailable:    1444192 kB
Buffers:           38436 kB
Cached:           391212 kB
MemTotal:        1844596 kB
MemFree:         1144528 kB
MemAvailable:    1443500 kB
Buffers:           38436 kB
Cached:           391212 kB
MemTotal:        1844596 kB
MemFree:         1144272 kB
MemAvailable:    1443244 kB
Buffers:           38436 kB
Cached:           391212 kB
MemTotal:        1844596 kB
MemFree:         1143048 kB
MemAvailable:    1442020 kB
Buffers:           38436 kB
Cached:           391212 kB
MemTotal:        1844596 kB
MemFree:         1144260 kB
MemAvailable:    1443232 kB
Buffers:           38436 kB
Cached:           391212 kB
MemTotal:        1844596 kB
MemFree:         1143228 kB
MemAvailable:    1442200 kB
Buffers:           38436 kB
Cached:           391212 kB
MemTotal:        1844596 kB
MemFree:         1143776 kB
MemAvailable:    1442748 kB
Buffers:           38436 kB
Cached:           391212 kB
MemTotal:        1844596 kB
MemFree:         1144112 kB
MemAvailable:    1443084 kB
Buffers:           38436 kB
Cached:           391212 kB
MemTotal:        1844596 kB
MemFree:         1141360 kB
MemAvailable:    1440332 kB
Buffers:           38436 kB
Cached:           391212 kB
MemTotal:        1844596 kB
MemFree:         1141360 kB
MemAvailable:    1440332 kB
Buffers:           38436 kB
Cached:           391212 kB
MemTotal:        1844596 kB
MemFree:         1137012 kB
MemAvailable:    1435984 kB
Buffers:           38436 kB
Cached:           391212 kB
MemTotal:        1844596 kB
MemFree:         1136036 kB
MemAvailable:    1435008 kB
Buffers:           38436 kB
Cached:           391212 kB
MemTotal:        1844596 kB
MemFree:         1132308 kB
MemAvailable:    1431280 kB
Buffers:           38436 kB
Cached:           391212 kB
MemTotal:        1844596 kB
MemFree:         1129836 kB
MemAvailable:    1428808 kB
Buffers:           38436 kB
Cached:           391212 kB
MemTotal:        1844596 kB
MemFree:         1126184 kB
MemAvailable:    1425156 kB
Buffers:           38436 kB
Cached:           391212 kB
MemTotal:        1844596 kB
MemFree:         1126436 kB
MemAvailable:    1425408 kB
Buffers:           38436 kB
Cached:           391212 kB
MemTotal:        1844596 kB
MemFree:         1122132 kB
MemAvailable:    1421104 kB
Buffers:           38436 kB
Cached:           391212 kB
MemTotal:        1844596 kB
MemFree:         1121652 kB
MemAvailable:    1420624 kB
Buffers:           38436 kB
Cached:           391212 kB
MemTotal:        1844596 kB
MemFree:         1119288 kB
MemAvailable:    1418260 kB
Buffers:           38436 kB
Cached:           391212 kB
MemTotal:        1844596 kB
MemFree:         1118924 kB
MemAvailable:    1417896 kB
Buffers:           38436 kB
Cached:           391212 kB
MemTotal:        1844596 kB
MemFree:         1117560 kB
MemAvailable:    1416532 kB
Buffers:           38436 kB
Cached:           391212 kB
MemTotal:        1844596 kB
MemFree:         1113528 kB
MemAvailable:    1412500 kB
Buffers:           38436 kB
Cached:           391212 kB
MemTotal:        1844596 kB
MemFree:         1113356 kB
MemAvailable:    1412328 kB
Buffers:           38436 kB
Cached:           391212 kB
MemTotal:        1844596 kB
MemFree:         1112048 kB
MemAvailable:    1411020 kB
Buffers:           38436 kB
Cached:           391212 kB
MemTotal:        1844596 kB
MemFree:         1113392 kB
MemAvailable:    1412364 kB
Buffers:           38436 kB
Cached:           391212 kB
MemTotal:        1844596 kB
MemFree:         1113344 kB
MemAvailable:    1412316 kB
Buffers:           38436 kB
Cached:           391212 kB
MemTotal:        1844596 kB
MemFree:         1113188 kB
MemAvailable:    1412160 kB
Buffers:           38436 kB
Cached:           391212 kB
MemTotal:        1844596 kB
MemFree:         1113444 kB
MemAvailable:    1412416 kB
Buffers:           38436 kB
Cached:           391212 kB
MemTotal:        1844596 kB
MemFree:         1113248 kB
MemAvailable:    1412220 kB
Buffers:           38436 kB
Cached:           391212 kB
MemTotal:        1844596 kB
MemFree:         1113332 kB
MemAvailable:    1412304 kB
Buffers:           38436 kB
Cached:           391212 kB
MemTotal:        1844596 kB
MemFree:         1111900 kB
MemAvailable:    1410872 kB
Buffers:           38436 kB
Cached:           391212 kB
MemTotal:        1844596 kB
MemFree:         1112288 kB
MemAvailable:    1411260 kB
Buffers:           38436 kB
Cached:           391212 kB
MemTotal:        1844596 kB
MemFree:         1111112 kB
MemAvailable:    1410084 kB
Buffers:           38436 kB
Cached:           391212 kB
MemTotal:        1844596 kB
MemFree:         1111952 kB
MemAvailable:    1410924 kB
Buffers:           38436 kB
Cached:           391212 kB
MemTotal:        1844596 kB
MemFree:         1112288 kB
MemAvailable:    1411260 kB
Buffers:           38436 kB
Cached:           391212 kB
MemTotal:        1844596 kB
MemFree:         1111904 kB
MemAvailable:    1410876 kB
Buffers:           38436 kB
Cached:           391212 kB
MemTotal:        1844596 kB
MemFree:         1112048 kB
MemAvailable:    1411020 kB
Buffers:           38436 kB
Cached:           391212 kB
MemTotal:        1844596 kB
MemFree:         1111928 kB
MemAvailable:    1410900 kB
Buffers:           38436 kB
Cached:           391212 kB
MemTotal:        1844596 kB
MemFree:         1110804 kB
MemAvailable:    1409776 kB
Buffers:           38436 kB
Cached:           391212 kB
MemTotal:        1844596 kB
MemFree:         1112004 kB
MemAvailable:    1410976 kB
Buffers:           38436 kB
Cached:           391212 kB
MemTotal:        1844596 kB
MemFree:         1110740 kB
MemAvailable:    1409712 kB
Buffers:           38436 kB
Cached:           391212 kB
MemTotal:        1844596 kB
MemFree:         1111352 kB
MemAvailable:    1410324 kB
Buffers:           38436 kB
Cached:           391216 kB
MemTotal:        1844596 kB
MemFree:         1111352 kB
MemAvailable:    1410324 kB
Buffers:           38436 kB
Cached:           391216 kB
MemTotal:        1844596 kB
MemFree:         1109980 kB
MemAvailable:    1408952 kB
Buffers:           38436 kB
Cached:           391216 kB
MemTotal:        1844596 kB
MemFree:         1110800 kB
MemAvailable:    1409772 kB
Buffers:           38436 kB
Cached:           391216 kB
MemTotal:        1844596 kB
MemFree:         1110608 kB
MemAvailable:    1409580 kB
Buffers:           38436 kB
Cached:           391216 kB
MemTotal:        1844596 kB
MemFree:         1109236 kB
MemAvailable:    1408208 kB
Buffers:           38436 kB
Cached:           391216 kB
MemTotal:        1844596 kB
MemFree:         1109244 kB
MemAvailable:    1408216 kB
Buffers:           38436 kB
Cached:           391216 kB
MemTotal:        1844596 kB
MemFree:         1109136 kB
MemAvailable:    1408108 kB
Buffers:           38436 kB
Cached:           391216 kB
MemTotal:        1844596 kB
MemFree:         1107880 kB
MemAvailable:    1406852 kB
Buffers:           38436 kB
Cached:           391216 kB
MemTotal:        1844596 kB
MemFree:         1107756 kB
MemAvailable:    1406728 kB
Buffers:           38436 kB
Cached:           391216 kB
MemTotal:        1844596 kB
MemFree:         1108004 kB
MemAvailable:    1406976 kB
Buffers:           38436 kB
Cached:           391216 kB
MemTotal:        1844596 kB
MemFree:         1108004 kB
MemAvailable:    1406976 kB
Buffers:           38436 kB
Cached:           391216 kB
MemTotal:        1844596 kB
MemFree:         1109304 kB
MemAvailable:    1408276 kB
Buffers:           38436 kB
Cached:           391216 kB
MemTotal:        1844596 kB
MemFree:         1109104 kB
MemAvailable:    1408076 kB
Buffers:           38436 kB
Cached:           391216 kB
MemTotal:        1844596 kB
MemFree:         1108508 kB
MemAvailable:    1407480 kB
Buffers:           38436 kB
Cached:           391216 kB
MemTotal:        1844596 kB
MemFree:         1108948 kB
MemAvailable:    1407920 kB
Buffers:           38436 kB
Cached:           391216 kB
MemTotal:        1844596 kB
MemFree:         1109108 kB
MemAvailable:    1408080 kB
Buffers:           38436 kB
Cached:           391216 kB
MemTotal:        1844596 kB
MemFree:         1109012 kB
MemAvailable:    1407984 kB
Buffers:           38436 kB
Cached:           391216 kB
MemTotal:        1844596 kB
MemFree:         1108956 kB
MemAvailable:    1407928 kB
Buffers:           38436 kB
Cached:           391216 kB
MemTotal:        1844596 kB
MemFree:         1108384 kB
MemAvailable:    1407356 kB
Buffers:           38436 kB
Cached:           391216 kB
MemTotal:        1844596 kB
MemFree:         1108984 kB
MemAvailable:    1407956 kB
Buffers:           38436 kB
Cached:           391216 kB
MemTotal:        1844596 kB
MemFree:         1109240 kB
MemAvailable:    1408212 kB
Buffers:           38436 kB
Cached:           391216 kB
MemTotal:        1844596 kB
MemFree:         1107612 kB
MemAvailable:    1406584 kB
Buffers:           38436 kB
Cached:           391216 kB
MemTotal:        1844596 kB
MemFree:         1109064 kB
MemAvailable:    1408044 kB
Buffers:           38436 kB
Cached:           391224 kB
MemTotal:        1844596 kB
MemFree:         1108996 kB
MemAvailable:    1407976 kB
Buffers:           38436 kB
Cached:           391224 kB
MemTotal:        1844596 kB
MemFree:         1109184 kB
MemAvailable:    1408164 kB
Buffers:           38436 kB
Cached:           391224 kB
MemTotal:        1844596 kB
MemFree:         1109376 kB
MemAvailable:    1408356 kB
Buffers:           38436 kB
Cached:           391224 kB
MemTotal:        1844596 kB
MemFree:         1109436 kB
MemAvailable:    1408416 kB
Buffers:           38436 kB
Cached:           391224 kB
MemTotal:        1844596 kB
MemFree:         1109304 kB
MemAvailable:    1408284 kB
Buffers:           38436 kB
Cached:           391224 kB
MemTotal:        1844596 kB
MemFree:         1108932 kB
MemAvailable:    1407912 kB
Buffers:           38436 kB
Cached:           391224 kB
MemTotal:        1844596 kB
MemFree:         1109184 kB
MemAvailable:    1408164 kB
Buffers:           38436 kB
Cached:           391224 kB
MemTotal:        1844596 kB
MemFree:         1107876 kB
MemAvailable:    1406856 kB
Buffers:           38436 kB
Cached:           391224 kB
MemTotal:        1844596 kB
MemFree:         1109176 kB
MemAvailable:    1408156 kB
Buffers:           38436 kB
Cached:           391224 kB
MemTotal:        1844596 kB
MemFree:         1107744 kB
MemAvailable:    1406724 kB
Buffers:           38436 kB
Cached:           391224 kB
MemTotal:        1844596 kB
MemFree:         1109228 kB
MemAvailable:    1408208 kB
Buffers:           38436 kB
Cached:           391224 kB
MemTotal:        1844596 kB
MemFree:         1109048 kB
MemAvailable:    1408028 kB
Buffers:           38436 kB
Cached:           391224 kB
MemTotal:        1844596 kB
MemFree:         1108932 kB
MemAvailable:    1407912 kB
Buffers:           38436 kB
Cached:           391224 kB
MemTotal:        1844596 kB
MemFree:         1108880 kB
MemAvailable:    1407860 kB
Buffers:           38436 kB
Cached:           391224 kB
MemTotal:        1844596 kB
MemFree:         1107700 kB
MemAvailable:    1406680 kB
Buffers:           38436 kB
Cached:           391224 kB
MemTotal:        1844596 kB
MemFree:         1109240 kB
MemAvailable:    1408220 kB
Buffers:           38436 kB
Cached:           391224 kB
MemTotal:        1844596 kB
MemFree:         1109188 kB
MemAvailable:    1408168 kB
Buffers:           38436 kB
Cached:           391224 kB
MemTotal:        1844596 kB
MemFree:         1108928 kB
MemAvailable:    1407908 kB
Buffers:           38436 kB
Cached:           391224 kB
MemTotal:        1844596 kB
MemFree:         1109180 kB
MemAvailable:    1408160 kB
Buffers:           38436 kB
Cached:           391224 kB
MemTotal:        1844596 kB
MemFree:         1109176 kB
MemAvailable:    1408156 kB
Buffers:           38436 kB
Cached:           391224 kB
MemTotal:        1844596 kB
MemFree:         1108936 kB
MemAvailable:    1407916 kB
Buffers:           38436 kB
Cached:           391224 kB
MemTotal:        1844596 kB
MemFree:         1109192 kB
MemAvailable:    1408172 kB
Buffers:           38436 kB
Cached:           391224 kB
MemTotal:        1844596 kB
MemFree:         1108812 kB
MemAvailable:    1407792 kB
Buffers:           38436 kB
Cached:           391224 kB
MemTotal:        1844596 kB
MemFree:         1106012 kB
MemAvailable:    1404992 kB
Buffers:           38436 kB
Cached:           391224 kB
MemTotal:        1844596 kB
MemFree:         1106012 kB
MemAvailable:    1404992 kB
Buffers:           38436 kB
Cached:           391224 kB
MemTotal:        1844596 kB
MemFree:         1103292 kB
MemAvailable:    1402272 kB
Buffers:           38436 kB
Cached:           391224 kB
MemTotal:        1844596 kB
MemFree:         1102788 kB
MemAvailable:    1401768 kB
Buffers:           38436 kB
Cached:           391224 kB
MemTotal:        1844596 kB
MemFree:         1102788 kB
MemAvailable:    1401768 kB
Buffers:           38436 kB
Cached:           391224 kB
MemTotal:        1844596 kB
MemFree:         1102528 kB
MemAvailable:    1401508 kB
Buffers:           38436 kB
Cached:           391224 kB
MemTotal:        1844596 kB
MemFree:         1102504 kB
MemAvailable:    1401484 kB
Buffers:           38436 kB
Cached:           391224 kB
MemTotal:        1844596 kB
MemFree:         1102556 kB
MemAvailable:    1401536 kB
Buffers:           38436 kB
Cached:           391224 kB
MemTotal:        1844596 kB
MemFree:         1102740 kB
MemAvailable:    1401720 kB
Buffers:           38436 kB
Cached:           391224 kB
MemTotal:        1844596 kB
MemFree:         1101804 kB
MemAvailable:    1400784 kB
Buffers:           38436 kB
Cached:           391224 kB
MemTotal:        1844596 kB
MemFree:         1102500 kB
MemAvailable:    1401484 kB
Buffers:           38436 kB
Cached:           391228 kB
MemTotal:        1844596 kB
MemFree:         1102836 kB
MemAvailable:    1401820 kB
Buffers:           38436 kB
Cached:           391228 kB
MemTotal:        1844596 kB
MemFree:         1100936 kB
MemAvailable:    1399920 kB
Buffers:           38436 kB
Cached:           391228 kB
MemTotal:        1844596 kB
MemFree:         1101060 kB
MemAvailable:    1400044 kB
Buffers:           38436 kB
Cached:           391228 kB
MemTotal:        1844596 kB
MemFree:         1100936 kB
MemAvailable:    1399920 kB
Buffers:           38436 kB
Cached:           391228 kB
MemTotal:        1844596 kB
MemFree:         1102352 kB
MemAvailable:    1401336 kB
Buffers:           38436 kB
Cached:           391228 kB
MemTotal:        1844596 kB
MemFree:         1100804 kB
MemAvailable:    1399788 kB
Buffers:           38436 kB
Cached:           391228 kB
MemTotal:        1844596 kB
MemFree:         1102052 kB
MemAvailable:    1401036 kB
Buffers:           38436 kB
Cached:           391228 kB
MemTotal:        1844596 kB
MemFree:         1102176 kB
MemAvailable:    1401160 kB
Buffers:           38436 kB
Cached:           391228 kB
MemTotal:        1844596 kB
MemFree:         1100680 kB
MemAvailable:    1399664 kB
Buffers:           38436 kB
Cached:           391228 kB
MemTotal:        1844596 kB
MemFree:         1102104 kB
MemAvailable:    1401088 kB
Buffers:           38436 kB
Cached:           391228 kB
MemTotal:        1844596 kB
MemFree:         1100672 kB
MemAvailable:    1399656 kB
Buffers:           38436 kB
Cached:           391228 kB
MemTotal:        1844596 kB
MemFree:         1100500 kB
MemAvailable:    1399484 kB
Buffers:           38436 kB
Cached:           391228 kB
MemTotal:        1844596 kB
MemFree:         1100492 kB
MemAvailable:    1399476 kB
Buffers:           38436 kB
Cached:           391228 kB
MemTotal:        1844596 kB
MemFree:         1101912 kB
MemAvailable:    1400896 kB
Buffers:           38436 kB
Cached:           391228 kB
MemTotal:        1844596 kB
MemFree:         1102060 kB
MemAvailable:    1401044 kB
Buffers:           38436 kB
Cached:           391228 kB
MemTotal:        1844596 kB
MemFree:         1101956 kB
MemAvailable:    1400940 kB
Buffers:           38436 kB
Cached:           391228 kB
MemTotal:        1844596 kB
MemFree:         1101672 kB
MemAvailable:    1400656 kB
Buffers:           38436 kB
Cached:           391228 kB
MemTotal:        1844596 kB
MemFree:         1102008 kB
MemAvailable:    1400992 kB
Buffers:           38436 kB
Cached:           391228 kB
MemTotal:        1844596 kB
MemFree:         1101984 kB
MemAvailable:    1400968 kB
Buffers:           38436 kB
Cached:           391228 kB
MemTotal:        1844596 kB
MemFree:         1100512 kB
MemAvailable:    1399496 kB
Buffers:           38436 kB
Cached:           391228 kB
MemTotal:        1844596 kB
MemFree:         1100504 kB
MemAvailable:    1399488 kB
Buffers:           38436 kB
Cached:           391228 kB
MemTotal:        1844596 kB
MemFree:         1101756 kB
MemAvailable:    1400744 kB
Buffers:           38436 kB
Cached:           391232 kB
MemTotal:        1844596 kB
MemFree:         1102012 kB
MemAvailable:    1401000 kB
Buffers:           38436 kB
Cached:           391232 kB
MemTotal:        1844596 kB
MemFree:         1101896 kB
MemAvailable:    1400884 kB
Buffers:           38436 kB
Cached:           391232 kB
MemTotal:        1844596 kB
MemFree:         1100648 kB
MemAvailable:    1399636 kB
Buffers:           38436 kB
Cached:           391232 kB
MemTotal:        1844596 kB
MemFree:         1100768 kB
MemAvailable:    1399756 kB
Buffers:           38436 kB
Cached:           391232 kB
MemTotal:        1844596 kB
MemFree:         1100644 kB
MemAvailable:    1399632 kB
Buffers:           38436 kB
Cached:           391232 kB
MemTotal:        1844596 kB
MemFree:         1100556 kB
MemAvailable:    1399544 kB
Buffers:           38436 kB
Cached:           391232 kB
MemTotal:        1844596 kB
MemFree:         1101772 kB
MemAvailable:    1400760 kB
Buffers:           38436 kB
Cached:           391232 kB
MemTotal:        1844596 kB
MemFree:         1100776 kB
MemAvailable:    1399764 kB
Buffers:           38436 kB
Cached:           391232 kB
MemTotal:        1844596 kB
MemFree:         1100448 kB
MemAvailable:    1399436 kB
Buffers:           38436 kB
Cached:           391232 kB
MemTotal:        1844596 kB
MemFree:         1100440 kB
MemAvailable:    1399428 kB
Buffers:           38436 kB
Cached:           391232 kB
MemTotal:        1844596 kB
MemFree:         1101956 kB
MemAvailable:    1400944 kB
Buffers:           38436 kB
Cached:           391232 kB
MemTotal:        1844596 kB
MemFree:         1100696 kB
MemAvailable:    1399684 kB
Buffers:           38436 kB
Cached:           391232 kB
MemTotal:        1844596 kB
MemFree:         1101060 kB
MemAvailable:    1400048 kB
Buffers:           38436 kB
Cached:           391232 kB
MemTotal:        1844596 kB
MemFree:         1101796 kB
MemAvailable:    1400784 kB
Buffers:           38436 kB
Cached:           391232 kB
MemTotal:        1844596 kB
MemFree:         1102048 kB
MemAvailable:    1401036 kB
Buffers:           38436 kB
Cached:           391232 kB
MemTotal:        1844596 kB
MemFree:         1101756 kB
MemAvailable:    1400744 kB
Buffers:           38436 kB
Cached:           391232 kB
MemTotal:        1844596 kB
MemFree:         1101736 kB
MemAvailable:    1400724 kB
Buffers:           38436 kB
Cached:           391232 kB
MemTotal:        1844596 kB
MemFree:         1101736 kB
MemAvailable:    1400724 kB
Buffers:           38436 kB
Cached:           391232 kB
MemTotal:        1844596 kB
MemFree:         1100440 kB
MemAvailable:    1399428 kB
Buffers:           38436 kB
Cached:           391232 kB
MemTotal:        1844596 kB
MemFree:         1101872 kB
MemAvailable:    1400860 kB
Buffers:           38436 kB
Cached:           391232 kB
MemTotal:        1844596 kB
MemFree:         1101060 kB
MemAvailable:    1400048 kB
Buffers:           38436 kB
Cached:           391232 kB
MemTotal:        1844596 kB
MemFree:         1102000 kB
MemAvailable:    1400988 kB
Buffers:           38436 kB
Cached:           391232 kB
MemTotal:        1844596 kB
MemFree:         1101192 kB
MemAvailable:    1400180 kB
Buffers:           38436 kB
Cached:           391232 kB
MemTotal:        1844596 kB
MemFree:         1101672 kB
MemAvailable:    1400660 kB
Buffers:           38436 kB
Cached:           391232 kB
MemTotal:        1844596 kB
MemFree:         1101924 kB
MemAvailable:    1400912 kB
Buffers:           38436 kB
Cached:           391232 kB
MemTotal:        1844596 kB
MemFree:         1101672 kB
MemAvailable:    1400660 kB
Buffers:           38436 kB
Cached:           391232 kB
MemTotal:        1844596 kB
MemFree:         1101672 kB
MemAvailable:    1400660 kB
Buffers:           38436 kB
Cached:           391232 kB
MemTotal:        1844596 kB
MemFree:         1100644 kB
MemAvailable:    1399632 kB
Buffers:           38436 kB
Cached:           391232 kB
MemTotal:        1844596 kB
MemFree:         1101672 kB
MemAvailable:    1400660 kB
Buffers:           38436 kB
Cached:           391232 kB
MemTotal:        1844596 kB
MemFree:         1102008 kB
MemAvailable:    1400996 kB
Buffers:           38436 kB
Cached:           391232 kB
MemTotal:        1844596 kB
MemFree:         1101784 kB
MemAvailable:    1400772 kB
Buffers:           38436 kB
Cached:           391232 kB
MemTotal:        1844596 kB
MemFree:         1102036 kB
MemAvailable:    1401024 kB
Buffers:           38436 kB
Cached:           391232 kB
MemTotal:        1844596 kB
MemFree:         1101752 kB
MemAvailable:    1400740 kB
Buffers:           38436 kB
Cached:           391232 kB
MemTotal:        1844596 kB
MemFree:         1100504 kB
MemAvailable:    1399492 kB
Buffers:           38436 kB
Cached:           391232 kB
MemTotal:        1844596 kB
MemFree:         1101732 kB
MemAvailable:    1400720 kB
Buffers:           38436 kB
Cached:           391232 kB
MemTotal:        1844596 kB
MemFree:         1101812 kB
MemAvailable:    1400800 kB
Buffers:           38436 kB
Cached:           391232 kB
MemTotal:        1844596 kB
MemFree:         1094488 kB
MemAvailable:    1393476 kB
Buffers:           38436 kB
Cached:           391232 kB
MemTotal:        1844596 kB
MemFree:         1094488 kB
MemAvailable:    1393476 kB
Buffers:           38436 kB
Cached:           391232 kB
MemTotal:        1844596 kB
MemFree:         1095860 kB
MemAvailable:    1394848 kB
Buffers:           38436 kB
Cached:           391232 kB
MemTotal:        1844596 kB
MemFree:         1094356 kB
MemAvailable:    1393344 kB
Buffers:           38436 kB
Cached:           391232 kB
MemTotal:        1844596 kB
MemFree:         1095712 kB
MemAvailable:    1394784 kB
Buffers:           38436 kB
Cached:           391356 kB
MemTotal:        1844596 kB
MemFree:         1095232 kB
MemAvailable:    1394556 kB
Buffers:           38436 kB
Cached:           391604 kB
MemTotal:        1844596 kB
MemFree:         1095316 kB
MemAvailable:    1394640 kB
Buffers:           38436 kB
Cached:           391604 kB
MemTotal:        1844596 kB
MemFree:         1093496 kB
MemAvailable:    1392904 kB
Buffers:           38436 kB
Cached:           391728 kB
MemTotal:        1844596 kB
MemFree:         1094928 kB
MemAvailable:    1394420 kB
Buffers:           38436 kB
Cached:           391852 kB
MemTotal:        1844596 kB
MemFree:         1093744 kB
MemAvailable:    1393236 kB
Buffers:           38436 kB
Cached:           391852 kB
MemTotal:        1844596 kB
MemFree:         1094952 kB
MemAvailable:    1394492 kB
Buffers:           38436 kB
Cached:           391864 kB
MemTotal:        1844596 kB
MemFree:         1094756 kB
MemAvailable:    1394296 kB
Buffers:           38436 kB
Cached:           391864 kB
MemTotal:        1844596 kB
MemFree:         1093740 kB
MemAvailable:    1393280 kB
Buffers:           38436 kB
Cached:           391864 kB
MemTotal:        1844596 kB
MemFree:         1094960 kB
MemAvailable:    1394500 kB
Buffers:           38436 kB
Cached:           391864 kB
MemTotal:        1844596 kB
MemFree:         1094568 kB
MemAvailable:    1394108 kB
Buffers:           38436 kB
Cached:           391864 kB
MemTotal:        1844596 kB
MemFree:         1094704 kB
MemAvailable:    1394244 kB
Buffers:           38436 kB
Cached:           391864 kB
MemTotal:        1844596 kB
MemFree:         1094940 kB
MemAvailable:    1394480 kB
Buffers:           38436 kB
Cached:           391864 kB
MemTotal:        1844596 kB
MemFree:         1094564 kB
MemAvailable:    1394188 kB
Buffers:           38436 kB
Cached:           391988 kB
MemTotal:        1844596 kB
MemFree:         1094592 kB
MemAvailable:    1393544 kB
Buffers:           38436 kB
Cached:           391232 kB
MemTotal:        1844596 kB
MemFree:         1094124 kB
MemAvailable:    1393076 kB
Buffers:           38436 kB
Cached:           391232 kB
MemTotal:        1844596 kB
MemFree:         1211724 kB
MemAvailable:    1510676 kB
Buffers:           38436 kB
Cached:           391232 kB
MemTotal:        1844596 kB
MemFree:         1280120 kB
MemAvailable:    1579072 kB
Buffers:           38436 kB
Cached:           391232 kB
