MemTotal:        1844596 kB
MemFree:         1342656 kB
MemAvailable:    1599932 kB
Buffers:           32932 kB
Cached:           354092 kB
MemTotal:        1844596 kB
MemFree:         1315508 kB
MemAvailable:    1572796 kB
Buffers:           32932 kB
Cached:           354100 kB
MemTotal:        1844596 kB
MemFree:         1313780 kB
MemAvailable:    1571068 kB
Buffers:           32932 kB
Cached:           354100 kB
MemTotal:        1844596 kB
MemFree:         1311796 kB
MemAvailable:    1569084 kB
Buffers:           32932 kB
Cached:           354100 kB
MemTotal:        1844596 kB
MemFree:         1312656 kB
MemAvailable:    1569944 kB
Buffers:           32932 kB
Cached:           354100 kB
MemTotal:        1844596 kB
MemFree:         1311252 kB
MemAvailable:    1568540 kB
Buffers:           32932 kB
Cached:           354100 kB
MemTotal:        1844596 kB
MemFree:         1310812 kB
MemAvailable:    1568100 kB
Buffers:           32932 kB
Cached:           354100 kB
MemTotal:        1844596 kB
MemFree:         1310308 kB
MemAvailable:    1567596 kB
Buffers:           32932 kB
Cached:           354100 kB
MemTotal:        1844596 kB
MemFree:         1308076 kB
MemAvailable:    1565364 kB
Buffers:           32932 kB
Cached:           354100 kB
MemTotal:        1844596 kB
MemFree:         1304480 kB
MemAvailable:    1561768 kB
Buffers:           32932 kB
Cached:           354100 kB
MemTotal:        1844596 kB
MemFree:         1302680 kB
MemAvailable:    1559968 kB
Buffers:           32932 kB
Cached:           354100 kB
MemTotal:        1844596 kB
MemFree:         1300628 kB
MemAvailable:    1557916 kB
Buffers:           32932 kB
Cached:           354100 kB
MemTotal:        1844596 kB
MemFree:         1301440 kB
MemAvailable:    1558728 kB
Buffers:           32932 kB
Cached:           354100 kB
MemTotal:        1844596 kB
MemFree:         1300264 kB
MemAvailable:    1557552 kB
Buffers:           32932 kB
Cached:           354100 kB
MemTotal:        1844596 kB
MemFree:         1300260 kB
MemAvailable:    1557548 kB
Buffers:           32932 kB
Cached:           354100 kB
MemTotal:        1844596 kB
MemFree:         1301308 kB
MemAvailable:    1558596 kB
Buffers:           32932 kB
Cached:           354100 kB
MemTotal:        1844596 kB
MemFree:         1301176 kB
MemAvailable:    1558464 kB
Buffers:           32932 kB
Cached:           354100 kB
MemTotal:        1844596 kB
MemFree:         1300016 kB
MemAvailable:    1557304 kB
Buffers:           32932 kB
Cached:           354100 kB
MemTotal:        1844596 kB
MemFree:         1300696 kB
MemAvailable:    1557984 kB
Buffers:           32932 kB
Cached:           354100 kB
MemTotal:        1844596 kB
MemFree:         1300952 kB
MemAvailable:    1558240 kB
Buffers:           32932 kB
Cached:           354100 kB
MemTotal:        1844596 kB
MemFree:         1300756 kB
MemAvailable:    1558044 kB
Buffers:           32932 kB
Cached:           354100 kB
MemTotal:        1844596 kB
MemFree:         1300556 kB
MemAvailable:    1557844 kB
Buffers:           32932 kB
Cached:           354100 kB
MemTotal:        1844596 kB
MemFree:         1300892 kB
MemAvailable:    1558180 kB
Buffers:           32932 kB
Cached:           354100 kB
MemTotal:        1844596 kB
MemFree:         1300688 kB
MemAvailable:    1557976 kB
Buffers:           32932 kB
Cached:           354100 kB
MemTotal:        1844596 kB
MemFree:         1299396 kB
MemAvailable:    1556684 kB
Buffers:           32932 kB
Cached:           354100 kB
MemTotal:        1844596 kB
MemFree:         1299884 kB
MemAvailable:    1557172 kB
Buffers:           32932 kB
Cached:           354100 kB
MemTotal:        1844596 kB
MemFree:         1299884 kB
MemAvailable:    1557172 kB
Buffers:           32932 kB
Cached:           354100 kB
MemTotal:        1844596 kB
MemFree:         1299580 kB
MemAvailable:    1556868 kB
Buffers:           32932 kB
Cached:           354100 kB
MemTotal:        1844596 kB
MemFree:         1299916 kB
MemAvailable:    1557204 kB
Buffers:           32932 kB
Cached:           354100 kB
MemTotal:        1844596 kB
MemFree:         1298084 kB
MemAvailable:    1555372 kB
Buffers:           32932 kB
Cached:           354100 kB
MemTotal:        1844596 kB
MemFree:         1298004 kB
MemAvailable:    1555292 kB
Buffers:           32932 kB
Cached:           354100 kB
MemTotal:        1844596 kB
MemFree:         1297536 kB
MemAvailable:    1554824 kB
Buffers:           32932 kB
Cached:           354100 kB
MemTotal:        1844596 kB
MemFree:         1298588 kB
MemAvailable:    1555876 kB
Buffers:           32932 kB
Cached:           354100 kB
MemTotal:        1844596 kB
MemFree:         1298396 kB
MemAvailable:    1555684 kB
Buffers:           32932 kB
Cached:           354100 kB
MemTotal:        1844596 kB
MemFree:         1297404 kB
MemAvailable:    1554692 kB
Buffers:           32932 kB
Cached:           354100 kB
MemTotal:        1844596 kB
MemFree:         1298572 kB
MemAvailable:    1555860 kB
Buffers:           32932 kB
Cached:           354100 kB
MemTotal:        1844596 kB
MemFree:         1297288 kB
MemAvailable:    1554576 kB
Buffers:           32932 kB
Cached:           354100 kB
MemTotal:        1844596 kB
MemFree:         1298448 kB
MemAvailable:    1555736 kB
Buffers:           32932 kB
Cached:           354100 kB
MemTotal:        1844596 kB
MemFree:         1297288 kB
MemAvailable:    1554576 kB
Buffers:           32932 kB
Cached:           354100 kB
MemTotal:        1844596 kB
MemFree:         1298488 kB
MemAvailable:    1555776 kB
Buffers:           32932 kB
Cached:           354100 kB
MemTotal:        1844596 kB
MemFree:         1297280 kB
MemAvailable:    1554568 kB
Buffers:           32932 kB
Cached:           354100 kB
MemTotal:        1844596 kB
MemFree:         1299584 kB
MemAvailable:    1556872 kB
Buffers:           32932 kB
Cached:           354100 kB
MemTotal:        1844596 kB
MemFree:         1299836 kB
MemAvailable:    1557124 kB
Buffers:           32932 kB
Cached:           354100 kB
MemTotal:        1844596 kB
MemFree:         1299564 kB
MemAvailable:    1556852 kB
Buffers:           32932 kB
Cached:           354100 kB
MemTotal:        1844596 kB
MemFree:         1295908 kB
MemAvailable:    1553196 kB
Buffers:           32932 kB
Cached:           354100 kB
MemTotal:        1844596 kB
MemFree:         1295992 kB
MemAvailable:    1553280 kB
Buffers:           32932 kB
Cached:           354100 kB
MemTotal:        1844596 kB
MemFree:         1294420 kB
MemAvailable:    1551708 kB
Buffers:           32932 kB
Cached:           354100 kB
MemTotal:        1844596 kB
MemFree:         1294188 kB
MemAvailable:    1551476 kB
Buffers:           32932 kB
Cached:           354100 kB
MemTotal:        1844596 kB
MemFree:         1293052 kB
MemAvailable:    1550340 kB
Buffers:           32932 kB
Cached:           354100 kB
MemTotal:        1844596 kB
MemFree:         1293060 kB
MemAvailable:    1550348 kB
Buffers:           32932 kB
Cached:           354100 kB
MemTotal:        1844596 kB
MemFree:         1294360 kB
MemAvailable:    1551648 kB
Buffers:           32932 kB
Cached:           354100 kB
MemTotal:        1844596 kB
MemFree:         1293988 kB
MemAvailable:    1551276 kB
Buffers:           32932 kB
Cached:           354100 kB
MemTotal:        1844596 kB
MemFree:         1294064 kB
MemAvailable:    1551352 kB
Buffers:           32932 kB
Cached:           354100 kB
MemTotal:        1844596 kB
MemFree:         1294068 kB
MemAvailable:    1551356 kB
Buffers:           32932 kB
Cached:           354100 kB
MemTotal:        1844596 kB
MemFree:         1293812 kB
MemAvailable:    1551100 kB
Buffers:           32932 kB
Cached:           354100 kB
MemTotal:        1844596 kB
MemFree:         1292948 kB
MemAvailable:    1550236 kB
Buffers:           32932 kB
Cached:           354100 kB
MemTotal:        1844596 kB
MemFree:         1293756 kB
MemAvailable:    1551044 kB
Buffers:           32932 kB
Cached:           354100 kB
MemTotal:        1844596 kB
MemFree:         1293840 kB
MemAvailable:    1551128 kB
Buffers:           32932 kB
Cached:           354100 kB
MemTotal:        1844596 kB
MemFree:         1292384 kB
MemAvailable:    1549672 kB
Buffers:           32932 kB
Cached:           354100 kB
MemTotal:        1844596 kB
MemFree:         1292568 kB
MemAvailable:    1549856 kB
Buffers:           32932 kB
Cached:           354100 kB
MemTotal:        1844596 kB
MemFree:         1293884 kB
MemAvailable:    1551172 kB
Buffers:           32932 kB
Cached:           354100 kB
MemTotal:        1844596 kB
MemFree:         1292568 kB
MemAvailable:    1549856 kB
Buffers:           32932 kB
Cached:           354100 kB
MemTotal:        1844596 kB
MemFree:         1290652 kB
MemAvailable:    1547940 kB
Buffers:           32932 kB
Cached:           354100 kB
MemTotal:        1844596 kB
MemFree:         1287120 kB
MemAvailable:    1544408 kB
Buffers:           32932 kB
Cached:           354100 kB
MemTotal:        1844596 kB
MemFree:         1287848 kB
MemAvailable:    1545136 kB
Buffers:           32932 kB
Cached:           354100 kB
MemTotal:        1844596 kB
MemFree:         1287848 kB
MemAvailable:    1545136 kB
Buffers:           32932 kB
Cached:           354100 kB
MemTotal:        1844596 kB
MemFree:         1286236 kB
MemAvailable:    1543524 kB
Buffers:           32932 kB
Cached:           354100 kB
MemTotal:        1844596 kB
MemFree:         1286188 kB
MemAvailable:    1543476 kB
Buffers:           32932 kB
Cached:           354100 kB
MemTotal:        1844596 kB
MemFree:         1284500 kB
MemAvailable:    1541788 kB
Buffers:           32932 kB
Cached:           354100 kB
MemTotal:        1844596 kB
MemFree:         1285508 kB
MemAvailable:    1542796 kB
Buffers:           32932 kB
Cached:           354100 kB
MemTotal:        1844596 kB
MemFree:         1284888 kB
MemAvailable:    1542176 kB
Buffers:           32932 kB
Cached:           354100 kB
MemTotal:        1844596 kB
MemFree:         1285260 kB
MemAvailable:    1542556 kB
Buffers:           32932 kB
Cached:           354108 kB
MemTotal:        1844596 kB
MemFree:         1284268 kB
MemAvailable:    1541564 kB
Buffers:           32932 kB
Cached:           354108 kB
MemTotal:        1844596 kB
MemFree:         1285204 kB
MemAvailable:    1542500 kB
Buffers:           32932 kB
Cached:           354108 kB
MemTotal:        1844596 kB
MemFree:         1285456 kB
MemAvailable:    1542752 kB
Buffers:           32932 kB
Cached:           354108 kB
MemTotal:        1844596 kB
MemFree:         1285056 kB
MemAvailable:    1542352 kB
Buffers:           32932 kB
Cached:           354108 kB
MemTotal:        1844596 kB
MemFree:         1283880 kB
MemAvailable:    1541176 kB
Buffers:           32932 kB
Cached:           354108 kB
MemTotal:        1844596 kB
MemFree:         1285244 kB
MemAvailable:    1542540 kB
Buffers:           32932 kB
Cached:           354108 kB
MemTotal:        1844596 kB
MemFree:         1285132 kB
MemAvailable:    1542428 kB
Buffers:           32932 kB
Cached:           354108 kB
MemTotal:        1844596 kB
MemFree:         1284268 kB
MemAvailable:    1541564 kB
Buffers:           32932 kB
Cached:           354108 kB
MemTotal:        1844596 kB
MemFree:         1285204 kB
MemAvailable:    1542500 kB
Buffers:           32932 kB
Cached:           354108 kB
MemTotal:        1844596 kB
MemFree:         1284956 kB
MemAvailable:    1542252 kB
Buffers:           32932 kB
Cached:           354108 kB
MemTotal:        1844596 kB
MemFree:         1284956 kB
MemAvailable:    1542252 kB
Buffers:           32932 kB
Cached:           354108 kB
MemTotal:        1844596 kB
MemFree:         1284824 kB
MemAvailable:    1542120 kB
Buffers:           32932 kB
Cached:           354108 kB
MemTotal:        1844596 kB
MemFree:         1284212 kB
MemAvailable:    1541508 kB
Buffers:           32932 kB
Cached:           354108 kB
MemTotal:        1844596 kB
MemFree:         1283448 kB
MemAvailable:    1540744 kB
Buffers:           32932 kB
Cached:           354108 kB
MemTotal:        1844596 kB
MemFree:         1284980 kB
MemAvailable:    1542276 kB
Buffers:           32932 kB
Cached:           354108 kB
MemTotal:        1844596 kB
MemFree:         1283740 kB
MemAvailable:    1541036 kB
Buffers:           32932 kB
Cached:           354108 kB
MemTotal:        1844596 kB
MemFree:         1284876 kB
MemAvailable:    1542172 kB
Buffers:           32932 kB
Cached:           354108 kB
MemTotal:        1844596 kB
MemFree:         1284716 kB
MemAvailable:    1542012 kB
Buffers:           32932 kB
Cached:           354108 kB
MemTotal:        1844596 kB
MemFree:         1283896 kB
MemAvailable:    1541192 kB
Buffers:           32932 kB
Cached:           354108 kB
MemTotal:        1844596 kB
MemFree:         1281904 kB
MemAvailable:    1539200 kB
Buffers:           32932 kB
Cached:           354108 kB
MemTotal:        1844596 kB
MemFree:         1281992 kB
MemAvailable:    1539288 kB
Buffers:           32932 kB
Cached:           354108 kB
MemTotal:        1844596 kB
MemFree:         1276696 kB
MemAvailable:    1533992 kB
Buffers:           32932 kB
Cached:           354108 kB
MemTotal:        1844596 kB
MemFree:         1276952 kB
MemAvailable:    1534248 kB
Buffers:           32932 kB
Cached:           354108 kB
MemTotal:        1844596 kB
MemFree:         1275324 kB
MemAvailable:    1532620 kB
Buffers:           32932 kB
Cached:           354108 kB
MemTotal:        1844596 kB
MemFree:         1276680 kB
MemAvailable:    1533976 kB
Buffers:           32932 kB
Cached:           354108 kB
MemTotal:        1844596 kB
MemFree:         1276300 kB
MemAvailable:    1533596 kB
Buffers:           32932 kB
Cached:           354108 kB
MemTotal:        1844596 kB
MemFree:         1275836 kB
MemAvailable:    1533132 kB
Buffers:           32932 kB
Cached:           354108 kB
MemTotal:        1844596 kB
MemFree:         1276152 kB
MemAvailable:    1533448 kB
Buffers:           32932 kB
Cached:           354108 kB
MemTotal:        1844596 kB
MemFree:         1276080 kB
MemAvailable:    1533376 kB
Buffers:           32932 kB
Cached:           354108 kB
MemTotal:        1844596 kB
MemFree:         1275208 kB
MemAvailable:    1532504 kB
Buffers:           32932 kB
Cached:           354108 kB
MemTotal:        1844596 kB
MemFree:         1276392 kB
MemAvailable:    1533692 kB
Buffers:           32932 kB
Cached:           354112 kB
MemTotal:        1844596 kB
MemFree:         1275216 kB
MemAvailable:    1532516 kB
Buffers:           32932 kB
Cached:           354112 kB
MemTotal:        1844596 kB
MemFree:         1276132 kB
MemAvailable:    1533432 kB
Buffers:           32932 kB
Cached:           354112 kB
MemTotal:        1844596 kB
MemFree:         1274712 kB
MemAvailable:    1532012 kB
Buffers:           32932 kB
Cached:           354112 kB
MemTotal:        1844596 kB
MemFree:         1274796 kB
MemAvailable:    1532096 kB
Buffers:           32932 kB
Cached:           354112 kB
MemTotal:        1844596 kB
MemFree:         1274796 kB
MemAvailable:    1532096 kB
Buffers:           32932 kB
Cached:           354112 kB
MemTotal:        1844596 kB
MemFree:         1276188 kB
MemAvailable:    1533488 kB
Buffers:           32932 kB
Cached:           354112 kB
MemTotal:        1844596 kB
MemFree:         1275892 kB
MemAvailable:    1533192 kB
Buffers:           32932 kB
Cached:           354112 kB
MemTotal:        1844596 kB
MemFree:         1276112 kB
MemAvailable:    1533412 kB
Buffers:           32932 kB
Cached:           354112 kB
MemTotal:        1844596 kB
MemFree:         1274792 kB
MemAvailable:    1532092 kB
Buffers:           32932 kB
Cached:           354112 kB
MemTotal:        1844596 kB
MemFree:         1274828 kB
MemAvailable:    1532128 kB
Buffers:           32932 kB
Cached:           354112 kB
MemTotal:        1844596 kB
MemFree:         1274828 kB
MemAvailable:    1532128 kB
Buffers:           32932 kB
Cached:           354112 kB
MemTotal:        1844596 kB
MemFree:         1276096 kB
MemAvailable:    1533396 kB
Buffers:           32932 kB
Cached:           354112 kB
MemTotal:        1844596 kB
MemFree:         1276024 kB
MemAvailable:    1533324 kB
Buffers:           32932 kB
Cached:           354112 kB
MemTotal:        1844596 kB
MemFree:         1275844 kB
MemAvailable:    1533144 kB
Buffers:           32932 kB
Cached:           354112 kB
MemTotal:        1844596 kB
MemFree:         1276036 kB
MemAvailable:    1533336 kB
Buffers:           32932 kB
Cached:           354112 kB
MemTotal:        1844596 kB
MemFree:         1276344 kB
MemAvailable:    1533644 kB
Buffers:           32932 kB
Cached:           354112 kB
MemTotal:        1844596 kB
MemFree:         1275536 kB
MemAvailable:    1532836 kB
Buffers:           32932 kB
Cached:           354112 kB
MemTotal:        1844596 kB
MemFree:         1276076 kB
MemAvailable:    1533376 kB
Buffers:           32932 kB
Cached:           354112 kB
MemTotal:        1844596 kB
MemFree:         1274900 kB
MemAvailable:    1532200 kB
Buffers:           32932 kB
Cached:           354112 kB
MemTotal:        1844596 kB
MemFree:         1275572 kB
MemAvailable:    1532872 kB
Buffers:           32932 kB
Cached:           354112 kB
MemTotal:        1844596 kB
MemFree:         1275572 kB
MemAvailable:    1532872 kB
Buffers:           32932 kB
Cached:           354112 kB
MemTotal:        1844596 kB
MemFree:         1269380 kB
MemAvailable:    1526680 kB
Buffers:           32932 kB
Cached:           354112 kB
MemTotal:        1844596 kB
MemFree:         1270744 kB
MemAvailable:    1528044 kB
Buffers:           32932 kB
Cached:           354112 kB
MemTotal:        1844596 kB
MemFree:         1266892 kB
MemAvailable:    1524192 kB
Buffers:           32932 kB
Cached:           354112 kB
MemTotal:        1844596 kB
MemFree:         1266976 kB
MemAvailable:    1524276 kB
Buffers:           32932 kB
Cached:           354112 kB
MemTotal:        1844596 kB
MemFree:         1266596 kB
MemAvailable:    1523896 kB
Buffers:           32932 kB
Cached:           354112 kB
MemTotal:        1844596 kB
MemFree:         1266420 kB
MemAvailable:    1523720 kB
Buffers:           32932 kB
Cached:           354112 kB
MemTotal:        1844596 kB
MemFree:         1266288 kB
MemAvailable:    1523588 kB
Buffers:           32932 kB
Cached:           354112 kB
MemTotal:        1844596 kB
MemFree:         1265480 kB
MemAvailable:    1522780 kB
Buffers:           32932 kB
Cached:           354112 kB
MemTotal:        1844596 kB
MemFree:         1264428 kB
MemAvailable:    1521728 kB
Buffers:           32932 kB
Cached:           354112 kB
MemTotal:        1844596 kB
MemFree:         1264536 kB
MemAvailable:    1521836 kB
Buffers:           32932 kB
Cached:           354112 kB
MemTotal:        1844596 kB
MemFree:         1264872 kB
MemAvailable:    1522172 kB
Buffers:           32932 kB
Cached:           354112 kB
MemTotal:        1844596 kB
MemFree:         1264288 kB
MemAvailable:    1521588 kB
Buffers:           32932 kB
Cached:           354112 kB
MemTotal:        1844596 kB
MemFree:         1264372 kB
MemAvailable:    1521672 kB
Buffers:           32932 kB
Cached:           354112 kB
MemTotal:        1844596 kB
MemFree:         1263008 kB
MemAvailable:    1520308 kB
Buffers:           32932 kB
Cached:           354112 kB
MemTotal:        1844596 kB
MemFree:         1263176 kB
MemAvailable:    1520476 kB
Buffers:           32932 kB
Cached:           354112 kB
MemTotal:        1844596 kB
MemFree:         1263016 kB
MemAvailable:    1520316 kB
Buffers:           32932 kB
Cached:           354112 kB
MemTotal:        1844596 kB
MemFree:         1264364 kB
MemAvailable:    1521664 kB
Buffers:           32932 kB
Cached:           354112 kB
MemTotal:        1844596 kB
MemFree:         1264040 kB
MemAvailable:    1521340 kB
Buffers:           32932 kB
Cached:           354112 kB
MemTotal:        1844596 kB
MemFree:         1264380 kB
MemAvailable:    1521680 kB
Buffers:           32932 kB
Cached:           354112 kB
MemTotal:        1844596 kB
MemFree:         1264244 kB
MemAvailable:    1521544 kB
Buffers:           32932 kB
Cached:           354112 kB
MemTotal:        1844596 kB
MemFree:         1264064 kB
MemAvailable:    1521364 kB
Buffers:           32932 kB
Cached:           354112 kB
MemTotal:        1844596 kB
MemFree:         1262800 kB
MemAvailable:    1520100 kB
Buffers:           32932 kB
Cached:           354112 kB
MemTotal:        1844596 kB
MemFree:         1264316 kB
MemAvailable:    1521616 kB
Buffers:           32932 kB
Cached:           354112 kB
MemTotal:        1844596 kB
MemFree:         1264228 kB
MemAvailable:    1521528 kB
Buffers:           32932 kB
Cached:           354112 kB
MemTotal:        1844596 kB
MemFree:         1264040 kB
MemAvailable:    1521340 kB
Buffers:           32932 kB
Cached:           354112 kB
MemTotal:        1844596 kB
MemFree:         1263508 kB
MemAvailable:    1520808 kB
Buffers:           32932 kB
Cached:           354112 kB
MemTotal:        1844596 kB
MemFree:         1263304 kB
MemAvailable:    1520604 kB
Buffers:           32932 kB
Cached:           354112 kB
MemTotal:        1844596 kB
MemFree:         1264660 kB
MemAvailable:    1521960 kB
Buffers:           32932 kB
Cached:           354112 kB
MemTotal:        1844596 kB
MemFree:         1264288 kB
MemAvailable:    1521588 kB
Buffers:           32932 kB
Cached:           354112 kB
MemTotal:        1844596 kB
MemFree:         1264372 kB
MemAvailable:    1521672 kB
Buffers:           32932 kB
Cached:           354112 kB
MemTotal:        1844596 kB
MemFree:         1262808 kB
MemAvailable:    1520116 kB
Buffers:           32932 kB
Cached:           354120 kB
MemTotal:        1844596 kB
MemFree:         1264192 kB
MemAvailable:    1521500 kB
Buffers:           32932 kB
Cached:           354120 kB
MemTotal:        1844596 kB
MemFree:         1264284 kB
MemAvailable:    1521592 kB
Buffers:           32932 kB
Cached:           354120 kB
MemTotal:        1844596 kB
MemFree:         1263436 kB
MemAvailable:    1520744 kB
Buffers:           32932 kB
Cached:           354120 kB
MemTotal:        1844596 kB
MemFree:         1264612 kB
MemAvailable:    1521920 kB
Buffers:           32932 kB
Cached:           354120 kB
MemTotal:        1844596 kB
MemFree:         1263312 kB
MemAvailable:    1520620 kB
Buffers:           32932 kB
Cached:           354120 kB
MemTotal:        1844596 kB
MemFree:         1264428 kB
MemAvailable:    1521736 kB
Buffers:           32932 kB
Cached:           354120 kB
MemTotal:        1844596 kB
MemFree:         1264356 kB
MemAvailable:    1521664 kB
Buffers:           32932 kB
Cached:           354120 kB
MemTotal:        1844596 kB
MemFree:         1264184 kB
MemAvailable:    1521492 kB
Buffers:           32932 kB
Cached:           354120 kB
MemTotal:        1844596 kB
MemFree:         1264220 kB
MemAvailable:    1521528 kB
Buffers:           32932 kB
Cached:           354120 kB
MemTotal:        1844596 kB
MemFree:         1264172 kB
MemAvailable:    1521480 kB
Buffers:           32932 kB
Cached:           354120 kB
MemTotal:        1844596 kB
MemFree:         1262908 kB
MemAvailable:    1520216 kB
Buffers:           32932 kB
Cached:           354120 kB
MemTotal:        1844596 kB
MemFree:         1264016 kB
MemAvailable:    1521324 kB
Buffers:           32932 kB
Cached:           354120 kB
MemTotal:        1844596 kB
MemFree:         1264352 kB
MemAvailable:    1521660 kB
Buffers:           32932 kB
Cached:           354120 kB
MemTotal:        1844596 kB
MemFree:         1264100 kB
MemAvailable:    1521408 kB
Buffers:           32932 kB
Cached:           354120 kB
MemTotal:        1844596 kB
MemFree:         1263312 kB
MemAvailable:    1520620 kB
Buffers:           32932 kB
Cached:           354120 kB
MemTotal:        1844596 kB
MemFree:         1262796 kB
MemAvailable:    1520104 kB
Buffers:           32932 kB
Cached:           354120 kB
MemTotal:        1844596 kB
MemFree:         1264120 kB
MemAvailable:    1521428 kB
Buffers:           32932 kB
Cached:           354120 kB
MemTotal:        1844596 kB
MemFree:         1264120 kB
MemAvailable:    1521428 kB
Buffers:           32932 kB
Cached:           354120 kB
MemTotal:        1844596 kB
MemFree:         1264116 kB
MemAvailable:    1521424 kB
Buffers:           32932 kB
Cached:           354120 kB
MemTotal:        1844596 kB
MemFree:         1264240 kB
MemAvailable:    1521548 kB
Buffers:           32932 kB
Cached:           354120 kB
MemTotal:        1844596 kB
MemFree:         1264084 kB
MemAvailable:    1521392 kB
Buffers:           32932 kB
Cached:           354120 kB
MemTotal:        1844596 kB
MemFree:         1264256 kB
MemAvailable:    1521564 kB
Buffers:           32932 kB
Cached:           354120 kB
MemTotal:        1844596 kB
MemFree:         1262752 kB
MemAvailable:    1520060 kB
Buffers:           32932 kB
Cached:           354120 kB
MemTotal:        1844596 kB
MemFree:         1264052 kB
MemAvailable:    1521360 kB
Buffers:           32932 kB
Cached:           354120 kB
MemTotal:        1844596 kB
MemFree:         1264152 kB
MemAvailable:    1521460 kB
Buffers:           32932 kB
Cached:           354120 kB
MemTotal:        1844596 kB
MemFree:         1263932 kB
MemAvailable:    1521240 kB
Buffers:           32932 kB
Cached:           354120 kB
MemTotal:        1844596 kB
MemFree:         1264112 kB
MemAvailable:    1521420 kB
Buffers:           32932 kB
Cached:           354120 kB
MemTotal:        1844596 kB
MemFree:         1264180 kB
MemAvailable:    1521488 kB
Buffers:           32932 kB
Cached:           354120 kB
MemTotal:        1844596 kB
MemFree:         1264000 kB
MemAvailable:    1521308 kB
Buffers:           32932 kB
Cached:           354120 kB
MemTotal:        1844596 kB
MemFree:         1262884 kB
MemAvailable:    1520192 kB
Buffers:           32932 kB
Cached:           354120 kB
MemTotal:        1844596 kB
MemFree:         1264292 kB
MemAvailable:    1521600 kB
Buffers:           32932 kB
Cached:           354120 kB
MemTotal:        1844596 kB
MemFree:         1262752 kB
MemAvailable:    1520060 kB
Buffers:           32932 kB
Cached:           354120 kB
MemTotal:        1844596 kB
MemFree:         1263984 kB
MemAvailable:    1521292 kB
Buffers:           32932 kB
Cached:           354120 kB
MemTotal:        1844596 kB
MemFree:         1262364 kB
MemAvailable:    1519672 kB
Buffers:           32932 kB
Cached:           354120 kB
MemTotal:        1844596 kB
MemFree:         1263828 kB
MemAvailable:    1521136 kB
Buffers:           32932 kB
Cached:           354120 kB
MemTotal:        1844596 kB
MemFree:         1262940 kB
MemAvailable:    1520248 kB
Buffers:           32932 kB
Cached:           354120 kB
MemTotal:        1844596 kB
MemFree:         1263800 kB
MemAvailable:    1521112 kB
Buffers:           32932 kB
Cached:           354124 kB
MemTotal:        1844596 kB
MemFree:         1263692 kB
MemAvailable:    1521004 kB
Buffers:           32932 kB
Cached:           354124 kB
MemTotal:        1844596 kB
MemFree:         1263696 kB
MemAvailable:    1521008 kB
Buffers:           32932 kB
Cached:           354124 kB
MemTotal:        1844596 kB
MemFree:         1263672 kB
MemAvailable:    1520984 kB
Buffers:           32932 kB
Cached:           354124 kB
MemTotal:        1844596 kB
MemFree:         1263664 kB
MemAvailable:    1520976 kB
Buffers:           32932 kB
Cached:           354124 kB
MemTotal:        1844596 kB
MemFree:         1263428 kB
MemAvailable:    1520740 kB
Buffers:           32932 kB
Cached:           354124 kB
MemTotal:        1844596 kB
MemFree:         1263764 kB
MemAvailable:    1521076 kB
Buffers:           32932 kB
Cached:           354124 kB
MemTotal:        1844596 kB
MemFree:         1262188 kB
MemAvailable:    1519500 kB
Buffers:           32932 kB
Cached:           354124 kB
MemTotal:        1844596 kB
MemFree:         1263304 kB
MemAvailable:    1520616 kB
Buffers:           32932 kB
Cached:           354124 kB
MemTotal:        1844596 kB
MemFree:         1263116 kB
MemAvailable:    1520428 kB
Buffers:           32932 kB
Cached:           354124 kB
MemTotal:        1844596 kB
MemFree:         1263368 kB
MemAvailable:    1520680 kB
Buffers:           32932 kB
Cached:           354124 kB
MemTotal:        1844596 kB
MemFree:         1263108 kB
MemAvailable:    1520420 kB
Buffers:           32932 kB
Cached:           354124 kB
MemTotal:        1844596 kB
MemFree:         1262060 kB
MemAvailable:    1519372 kB
Buffers:           32932 kB
Cached:           354124 kB
MemTotal:        1844596 kB
MemFree:         1261880 kB
MemAvailable:    1519192 kB
Buffers:           32932 kB
Cached:           354124 kB
MemTotal:        1844596 kB
MemFree:         1263272 kB
MemAvailable:    1520584 kB
Buffers:           32932 kB
Cached:           354124 kB
MemTotal:        1844596 kB
MemFree:         1263500 kB
MemAvailable:    1520812 kB
Buffers:           32932 kB
Cached:           354124 kB
MemTotal:        1844596 kB
MemFree:         1263460 kB
MemAvailable:    1520772 kB
Buffers:           32932 kB
Cached:           354124 kB
MemTotal:        1844596 kB
MemFree:         1261900 kB
MemAvailable:    1519212 kB
Buffers:           32932 kB
Cached:           354124 kB
MemTotal:        1844596 kB
MemFree:         1263500 kB
MemAvailable:    1520812 kB
Buffers:           32932 kB
Cached:           354124 kB
MemTotal:        1844596 kB
MemFree:         1263500 kB
MemAvailable:    1520812 kB
Buffers:           32932 kB
Cached:           354124 kB
MemTotal:        1844596 kB
MemFree:         1261772 kB
MemAvailable:    1519084 kB
Buffers:           32932 kB
Cached:           354124 kB
MemTotal:        1844596 kB
MemFree:         1261892 kB
MemAvailable:    1519204 kB
Buffers:           32932 kB
Cached:           354124 kB
MemTotal:        1844596 kB
MemFree:         1263100 kB
MemAvailable:    1520412 kB
Buffers:           32932 kB
Cached:           354124 kB
MemTotal:        1844596 kB
MemFree:         1263272 kB
MemAvailable:    1520584 kB
Buffers:           32932 kB
Cached:           354124 kB
MemTotal:        1844596 kB
MemFree:         1260336 kB
MemAvailable:    1517648 kB
Buffers:           32932 kB
Cached:           354124 kB
MemTotal:        1844596 kB
MemFree:         1254996 kB
MemAvailable:    1512308 kB
Buffers:           32932 kB
Cached:           354124 kB
MemTotal:        1844596 kB
MemFree:         1256304 kB
MemAvailable:    1513616 kB
Buffers:           32932 kB
Cached:           354124 kB
MemTotal:        1844596 kB
MemFree:         1252508 kB
MemAvailable:    1509820 kB
Buffers:           32932 kB
Cached:           354124 kB
MemTotal:        1844596 kB
MemFree:         1252524 kB
MemAvailable:    1509836 kB
Buffers:           32932 kB
Cached:           354124 kB
MemTotal:        1844596 kB
MemFree:         1252528 kB
MemAvailable:    1509840 kB
Buffers:           32932 kB
Cached:           354124 kB
MemTotal:        1844596 kB
MemFree:         1252272 kB
MemAvailable:    1509584 kB
Buffers:           32932 kB
Cached:           354124 kB
MemTotal:        1844596 kB
MemFree:         1252108 kB
MemAvailable:    1509420 kB
Buffers:           32932 kB
Cached:           354124 kB
MemTotal:        1844596 kB
MemFree:         1252152 kB
MemAvailable:    1509464 kB
Buffers:           32932 kB
Cached:           354124 kB
MemTotal:        1844596 kB
MemFree:         1252032 kB
MemAvailable:    1509344 kB
Buffers:           32932 kB
Cached:           354124 kB
MemTotal:        1844596 kB
MemFree:         1250848 kB
MemAvailable:    1508160 kB
Buffers:           32932 kB
Cached:           354124 kB
MemTotal:        1844596 kB
MemFree:         1251468 kB
MemAvailable:    1508780 kB
Buffers:           32932 kB
Cached:           354124 kB
MemTotal:        1844596 kB
MemFree:         1249424 kB
MemAvailable:    1506736 kB
Buffers:           32932 kB
Cached:           354124 kB
MemTotal:        1844596 kB
MemFree:         1249168 kB
MemAvailable:    1506480 kB
Buffers:           32932 kB
Cached:           354124 kB
MemTotal:        1844596 kB
MemFree:         1248804 kB
MemAvailable:    1506116 kB
Buffers:           32932 kB
Cached:           354124 kB
MemTotal:        1844596 kB
MemFree:         1249608 kB
MemAvailable:    1506924 kB
Buffers:           32932 kB
Cached:           354128 kB
MemTotal:        1844596 kB
MemFree:         1249608 kB
MemAvailable:    1506924 kB
Buffers:           32932 kB
Cached:           354128 kB
MemTotal:        1844596 kB
MemFree:         1249792 kB
MemAvailable:    1507108 kB
Buffers:           32932 kB
Cached:           354128 kB
MemTotal:        1844596 kB
MemFree:         1249680 kB
MemAvailable:    1506996 kB
Buffers:           32932 kB
Cached:           354128 kB
MemTotal:        1844596 kB
MemFree:         1249672 kB
MemAvailable:    1506988 kB
Buffers:           32932 kB
Cached:           354128 kB
MemTotal:        1844596 kB
MemFree:         1249672 kB
MemAvailable:    1506988 kB
Buffers:           32932 kB
Cached:           354128 kB
MemTotal:        1844596 kB
MemFree:         1249492 kB
MemAvailable:    1506808 kB
Buffers:           32932 kB
Cached:           354128 kB
MemTotal:        1844596 kB
MemFree:         1249828 kB
MemAvailable:    1507144 kB
Buffers:           32932 kB
Cached:           354128 kB
MemTotal:        1844596 kB
MemFree:         1249728 kB
MemAvailable:    1507044 kB
Buffers:           32932 kB
Cached:           354128 kB
MemTotal:        1844596 kB
MemFree:         1249656 kB
MemAvailable:    1506972 kB
Buffers:           32932 kB
Cached:           354128 kB
MemTotal:        1844596 kB
MemFree:         1249548 kB
MemAvailable:    1506864 kB
Buffers:           32932 kB
Cached:           354128 kB
MemTotal:        1844596 kB
MemFree:         1248300 kB
MemAvailable:    1505616 kB
Buffers:           32932 kB
Cached:           354128 kB
MemTotal:        1844596 kB
MemFree:         1249608 kB
MemAvailable:    1506924 kB
Buffers:           32932 kB
Cached:           354128 kB
MemTotal:        1844596 kB
MemFree:         1248556 kB
MemAvailable:    1505872 kB
Buffers:           32932 kB
Cached:           354128 kB
MemTotal:        1844596 kB
MemFree:         1248680 kB
MemAvailable:    1505996 kB
Buffers:           32932 kB
Cached:           354128 kB
MemTotal:        1844596 kB
MemFree:         1248200 kB
MemAvailable:    1505516 kB
Buffers:           32932 kB
Cached:           354128 kB
MemTotal:        1844596 kB
MemFree:         1247680 kB
MemAvailable:    1504996 kB
Buffers:           32932 kB
Cached:           354128 kB
MemTotal:        1844596 kB
MemFree:         1248016 kB
MemAvailable:    1505332 kB
Buffers:           32932 kB
Cached:           354128 kB
MemTotal:        1844596 kB
MemFree:         1247572 kB
MemAvailable:    1504888 kB
Buffers:           32932 kB
Cached:           354128 kB
MemTotal:        1844596 kB
MemFree:         1247392 kB
MemAvailable:    1504708 kB
Buffers:           32932 kB
Cached:           354128 kB
MemTotal:        1844596 kB
MemFree:         1247392 kB
MemAvailable:    1504708 kB
Buffers:           32932 kB
Cached:           354128 kB
MemTotal:        1844596 kB
MemFree:         1247136 kB
MemAvailable:    1504452 kB
Buffers:           32932 kB
Cached:           354128 kB
MemTotal:        1844596 kB
MemFree:         1245704 kB
MemAvailable:    1503020 kB
Buffers:           32932 kB
Cached:           354128 kB
MemTotal:        1844596 kB
MemFree:         1246392 kB
MemAvailable:    1503708 kB
Buffers:           32932 kB
Cached:           354128 kB
MemTotal:        1844596 kB
MemFree:         1245456 kB
MemAvailable:    1502772 kB
Buffers:           32932 kB
Cached:           354128 kB
MemTotal:        1844596 kB
MemFree:         1245712 kB
MemAvailable:    1503028 kB
Buffers:           32932 kB
Cached:           354128 kB
MemTotal:        1844596 kB
MemFree:         1245192 kB
MemAvailable:    1502508 kB
Buffers:           32932 kB
Cached:           354128 kB
MemTotal:        1844596 kB
MemFree:         1245192 kB
MemAvailable:    1502508 kB
Buffers:           32932 kB
Cached:           354128 kB
MemTotal:        1844596 kB
MemFree:         1244836 kB
MemAvailable:    1502152 kB
Buffers:           32932 kB
Cached:           354128 kB
MemTotal:        1844596 kB
MemFree:         1245092 kB
MemAvailable:    1502408 kB
Buffers:           32932 kB
Cached:           354128 kB
MemTotal:        1844596 kB
MemFree:         1244880 kB
MemAvailable:    1502196 kB
Buffers:           32932 kB
Cached:           354128 kB
MemTotal:        1844596 kB
MemFree:         1244524 kB
MemAvailable:    1501840 kB
Buffers:           32932 kB
Cached:           354128 kB
MemTotal:        1844596 kB
MemFree:         1244692 kB
MemAvailable:    1502008 kB
Buffers:           32932 kB
Cached:           354128 kB
MemTotal:        1844596 kB
MemFree:         1244320 kB
MemAvailable:    1501636 kB
Buffers:           32932 kB
Cached:           354128 kB
MemTotal:        1844596 kB
MemFree:         1244564 kB
MemAvailable:    1501880 kB
Buffers:           32932 kB
Cached:           354128 kB
MemTotal:        1844596 kB
MemFree:         1244816 kB
MemAvailable:    1502132 kB
Buffers:           32932 kB
Cached:           354128 kB
MemTotal:        1844596 kB
MemFree:         1244284 kB
MemAvailable:    1501600 kB
Buffers:           32932 kB
Cached:           354128 kB
MemTotal:        1844596 kB
MemFree:         1244620 kB
MemAvailable:    1501936 kB
Buffers:           32932 kB
Cached:           354128 kB
MemTotal:        1844596 kB
MemFree:         1244320 kB
MemAvailable:    1501636 kB
Buffers:           32932 kB
Cached:           354128 kB
MemTotal:        1844596 kB
MemFree:         1244404 kB
MemAvailable:    1501720 kB
Buffers:           32932 kB
Cached:           354128 kB
MemTotal:        1844596 kB
MemFree:         1244280 kB
MemAvailable:    1501596 kB
Buffers:           32932 kB
Cached:           354128 kB
MemTotal:        1844596 kB
MemFree:         1244348 kB
MemAvailable:    1501664 kB
Buffers:           32932 kB
Cached:           354128 kB
MemTotal:        1844596 kB
MemFree:         1244396 kB
MemAvailable:    1501712 kB
Buffers:           32932 kB
Cached:           354128 kB
MemTotal:        1844596 kB
MemFree:         1244156 kB
MemAvailable:    1501472 kB
Buffers:           32932 kB
Cached:           354128 kB
MemTotal:        1844596 kB
MemFree:         1244412 kB
MemAvailable:    1501728 kB
Buffers:           32932 kB
Cached:           354128 kB
MemTotal:        1844596 kB
MemFree:         1243164 kB
MemAvailable:    1500480 kB
Buffers:           32932 kB
Cached:           354128 kB
MemTotal:        1844596 kB
MemFree:         1244332 kB
MemAvailable:    1501648 kB
Buffers:           32932 kB
Cached:           354128 kB
MemTotal:        1844596 kB
MemFree:         1244268 kB
MemAvailable:    1501584 kB
Buffers:           32932 kB
Cached:           354128 kB
MemTotal:        1844596 kB
MemFree:         1242984 kB
MemAvailable:    1500300 kB
Buffers:           32932 kB
Cached:           354128 kB
MemTotal:        1844596 kB
MemFree:         1242936 kB
MemAvailable:    1500252 kB
Buffers:           32932 kB
Cached:           354128 kB
MemTotal:        1844596 kB
MemFree:         1244036 kB
MemAvailable:    1501352 kB
Buffers:           32932 kB
Cached:           354128 kB
MemTotal:        1844596 kB
MemFree:         1244372 kB
MemAvailable:    1501688 kB
Buffers:           32932 kB
Cached:           354128 kB
MemTotal:        1844596 kB
MemFree:         1244272 kB
MemAvailable:    1501588 kB
Buffers:           32932 kB
Cached:           354128 kB
MemTotal:        1844596 kB
MemFree:         1243096 kB
MemAvailable:    1500412 kB
Buffers:           32932 kB
Cached:           354128 kB
MemTotal:        1844596 kB
MemFree:         1244196 kB
MemAvailable:    1501512 kB
Buffers:           32932 kB
Cached:           354128 kB
MemTotal:        1844596 kB
MemFree:         1244280 kB
MemAvailable:    1501596 kB
Buffers:           32932 kB
Cached:           354128 kB
MemTotal:        1844596 kB
MemFree:         1243356 kB
MemAvailable:    1500672 kB
Buffers:           32932 kB
Cached:           354128 kB
MemTotal:        1844596 kB
MemFree:         1241984 kB
MemAvailable:    1499300 kB
Buffers:           32932 kB
Cached:           354128 kB
MemTotal:        1844596 kB
MemFree:         1243092 kB
MemAvailable:    1500408 kB
Buffers:           32932 kB
Cached:           354128 kB
MemTotal:        1844596 kB
MemFree:         1241596 kB
MemAvailable:    1498912 kB
Buffers:           32932 kB
Cached:           354128 kB
MemTotal:        1844596 kB
MemFree:         1239868 kB
MemAvailable:    1497184 kB
Buffers:           32932 kB
Cached:           354128 kB
MemTotal:        1844596 kB
MemFree:         1240496 kB
MemAvailable:    1497812 kB
Buffers:           32932 kB
Cached:           354128 kB
MemTotal:        1844596 kB
MemFree:         1237464 kB
MemAvailable:    1494780 kB
Buffers:           32932 kB
Cached:           354128 kB
MemTotal:        1844596 kB
MemFree:         1235040 kB
MemAvailable:    1492356 kB
Buffers:           32932 kB
Cached:           354128 kB
MemTotal:        1844596 kB
MemFree:         1233684 kB
MemAvailable:    1491000 kB
Buffers:           32932 kB
Cached:           354128 kB
MemTotal:        1844596 kB
MemFree:         1229840 kB
MemAvailable:    1487156 kB
Buffers:           32932 kB
Cached:           354128 kB
MemTotal:        1844596 kB
MemFree:         1225980 kB
MemAvailable:    1483296 kB
Buffers:           32932 kB
Cached:           354128 kB
MemTotal:        1844596 kB
MemFree:         1225980 kB
MemAvailable:    1483296 kB
Buffers:           32932 kB
Cached:           354128 kB
MemTotal:        1844596 kB
MemFree:         1225940 kB
MemAvailable:    1483256 kB
Buffers:           32932 kB
Cached:           354128 kB
MemTotal:        1844596 kB
MemFree:         1225684 kB
MemAvailable:    1483000 kB
Buffers:           32932 kB
Cached:           354128 kB
MemTotal:        1844596 kB
MemFree:         1225720 kB
MemAvailable:    1483036 kB
Buffers:           32932 kB
Cached:           354128 kB
MemTotal:        1844596 kB
MemFree:         1224308 kB
MemAvailable:    1481624 kB
Buffers:           32932 kB
Cached:           354128 kB
MemTotal:        1844596 kB
MemFree:         1225560 kB
MemAvailable:    1482876 kB
Buffers:           32932 kB
Cached:           354128 kB
MemTotal:        1844596 kB
MemFree:         1224260 kB
MemAvailable:    1481576 kB
Buffers:           32932 kB
Cached:           354128 kB
MemTotal:        1844596 kB
MemFree:         1224376 kB
MemAvailable:    1481692 kB
Buffers:           32932 kB
Cached:           354128 kB
MemTotal:        1844596 kB
MemFree:         1224128 kB
MemAvailable:    1481456 kB
Buffers:           32932 kB
Cached:           354140 kB
MemTotal:        1844596 kB
MemFree:         1225236 kB
MemAvailable:    1482564 kB
Buffers:           32932 kB
Cached:           354140 kB
MemTotal:        1844596 kB
MemFree:         1225488 kB
MemAvailable:    1482816 kB
Buffers:           32932 kB
Cached:           354140 kB
MemTotal:        1844596 kB
MemFree:         1225256 kB
MemAvailable:    1482584 kB
Buffers:           32932 kB
Cached:           354140 kB
MemTotal:        1844596 kB
MemFree:         1224756 kB
MemAvailable:    1482084 kB
Buffers:           32932 kB
Cached:           354140 kB
MemTotal:        1844596 kB
MemFree:         1223640 kB
MemAvailable:    1480968 kB
Buffers:           32932 kB
Cached:           354140 kB
MemTotal:        1844596 kB
MemFree:         1224792 kB
MemAvailable:    1482120 kB
Buffers:           32932 kB
Cached:           354140 kB
MemTotal:        1844596 kB
MemFree:         1224744 kB
MemAvailable:    1482072 kB
Buffers:           32932 kB
Cached:           354140 kB
MemTotal:        1844596 kB
MemFree:         1224692 kB
MemAvailable:    1482020 kB
Buffers:           32932 kB
Cached:           354140 kB
MemTotal:        1844596 kB
MemFree:         1224444 kB
MemAvailable:    1481772 kB
Buffers:           32932 kB
Cached:           354140 kB
MemTotal:        1844596 kB
MemFree:         1224556 kB
MemAvailable:    1481884 kB
Buffers:           32932 kB
Cached:           354140 kB
MemTotal:        1844596 kB
MemFree:         1224260 kB
MemAvailable:    1481588 kB
Buffers:           32932 kB
Cached:           354140 kB
MemTotal:        1844596 kB
MemFree:         1224620 kB
MemAvailable:    1481948 kB
Buffers:           32932 kB
Cached:           354140 kB
MemTotal:        1844596 kB
MemFree:         1224632 kB
MemAvailable:    1481960 kB
Buffers:           32932 kB
Cached:           354140 kB
MemTotal:        1844596 kB
MemFree:         1224428 kB
MemAvailable:    1481756 kB
Buffers:           32932 kB
Cached:           354140 kB
MemTotal:        1844596 kB
MemFree:         1224680 kB
MemAvailable:    1482008 kB
Buffers:           32932 kB
Cached:           354140 kB
MemTotal:        1844596 kB
MemFree:         1224680 kB
MemAvailable:    1482008 kB
Buffers:           32932 kB
Cached:           354140 kB
MemTotal:        1844596 kB
MemFree:         1224368 kB
MemAvailable:    1481696 kB
Buffers:           32932 kB
Cached:           354140 kB
MemTotal:        1844596 kB
MemFree:         1224368 kB
MemAvailable:    1481696 kB
Buffers:           32932 kB
Cached:           354140 kB
MemTotal:        1844596 kB
MemFree:         1224680 kB
MemAvailable:    1482008 kB
Buffers:           32932 kB
Cached:           354140 kB
MemTotal:        1844596 kB
MemFree:         1224572 kB
MemAvailable:    1481900 kB
Buffers:           32932 kB
Cached:           354140 kB
MemTotal:        1844596 kB
MemFree:         1223888 kB
MemAvailable:    1481216 kB
Buffers:           32932 kB
Cached:           354140 kB
MemTotal:        1844596 kB
MemFree:         1224460 kB
MemAvailable:    1481792 kB
Buffers:           32932 kB
Cached:           354144 kB
MemTotal:        1844596 kB
MemFree:         1224716 kB
MemAvailable:    1482048 kB
Buffers:           32932 kB
Cached:           354144 kB
MemTotal:        1844596 kB
MemFree:         1224368 kB
MemAvailable:    1481700 kB
Buffers:           32932 kB
Cached:           354144 kB
MemTotal:        1844596 kB
MemFree:         1224452 kB
MemAvailable:    1481784 kB
Buffers:           32932 kB
Cached:           354144 kB
MemTotal:        1844596 kB
MemFree:         1224544 kB
MemAvailable:    1481876 kB
Buffers:           32932 kB
Cached:           354144 kB
MemTotal:        1844596 kB
MemFree:         1224888 kB
MemAvailable:    1482220 kB
Buffers:           32932 kB
Cached:           354144 kB
MemTotal:        1844596 kB
MemFree:         1224560 kB
MemAvailable:    1481892 kB
Buffers:           32932 kB
Cached:           354144 kB
MemTotal:        1844596 kB
MemFree:         1224644 kB
MemAvailable:    1481976 kB
Buffers:           32932 kB
Cached:           354144 kB
MemTotal:        1844596 kB
MemFree:         1223204 kB
MemAvailable:    1480536 kB
Buffers:           32932 kB
Cached:           354144 kB
MemTotal:        1844596 kB
MemFree:         1223460 kB
MemAvailable:    1480792 kB
Buffers:           32932 kB
Cached:           354144 kB
MemTotal:        1844596 kB
MemFree:         1222896 kB
MemAvailable:    1480228 kB
Buffers:           32932 kB
Cached:           354144 kB
MemTotal:        1844596 kB
MemFree:         1220168 kB
MemAvailable:    1477500 kB
Buffers:           32932 kB
Cached:           354144 kB
MemTotal:        1844596 kB
MemFree:         1216324 kB
MemAvailable:    1473656 kB
Buffers:           32932 kB
Cached:           354144 kB
MemTotal:        1844596 kB
MemFree:         1214648 kB
MemAvailable:    1471980 kB
Buffers:           32932 kB
Cached:           354144 kB
MemTotal:        1844596 kB
MemFree:         1212664 kB
MemAvailable:    1469996 kB
Buffers:           32932 kB
Cached:           354144 kB
MemTotal:        1844596 kB
MemFree:         1209876 kB
MemAvailable:    1467208 kB
Buffers:           32932 kB
Cached:           354144 kB
MemTotal:        1844596 kB
MemFree:         1207140 kB
MemAvailable:    1464472 kB
Buffers:           32932 kB
Cached:           354144 kB
MemTotal:        1844596 kB
MemFree:         1207032 kB
MemAvailable:    1464364 kB
Buffers:           32932 kB
Cached:           354144 kB
MemTotal:        1844596 kB
MemFree:         1205396 kB
MemAvailable:    1462728 kB
Buffers:           32932 kB
Cached:           354144 kB
MemTotal:        1844596 kB
MemFree:         1206892 kB
MemAvailable:    1464224 kB
Buffers:           32932 kB
Cached:           354144 kB
MemTotal:        1844596 kB
MemFree:         1206892 kB
MemAvailable:    1464224 kB
Buffers:           32932 kB
Cached:           354144 kB
MemTotal:        1844596 kB
MemFree:         1206912 kB
MemAvailable:    1464244 kB
Buffers:           32932 kB
Cached:           354144 kB
MemTotal:        1844596 kB
MemFree:         1206708 kB
MemAvailable:    1464040 kB
Buffers:           32932 kB
Cached:           354144 kB
MemTotal:        1844596 kB
MemFree:         1206960 kB
MemAvailable:    1464292 kB
Buffers:           32932 kB
Cached:           354144 kB
MemTotal:        1844596 kB
MemFree:         1206948 kB
MemAvailable:    1464280 kB
Buffers:           32932 kB
Cached:           354144 kB
MemTotal:        1844596 kB
MemFree:         1205640 kB
MemAvailable:    1462972 kB
Buffers:           32932 kB
Cached:           354144 kB
MemTotal:        1844596 kB
MemFree:         1206816 kB
MemAvailable:    1464148 kB
Buffers:           32932 kB
Cached:           354144 kB
MemTotal:        1844596 kB
MemFree:         1206560 kB
MemAvailable:    1463892 kB
Buffers:           32932 kB
Cached:           354144 kB
MemTotal:        1844596 kB
MemFree:         1206320 kB
MemAvailable:    1463652 kB
Buffers:           32932 kB
Cached:           354144 kB
MemTotal:        1844596 kB
MemFree:         1206320 kB
MemAvailable:    1463652 kB
Buffers:           32932 kB
Cached:           354144 kB
MemTotal:        1844596 kB
MemFree:         1206224 kB
MemAvailable:    1463556 kB
Buffers:           32932 kB
Cached:           354144 kB
MemTotal:        1844596 kB
MemFree:         1204992 kB
MemAvailable:    1462324 kB
Buffers:           32932 kB
Cached:           354144 kB
MemTotal:        1844596 kB
MemFree:         1205108 kB
MemAvailable:    1462440 kB
Buffers:           32936 kB
Cached:           354140 kB
MemTotal:        1844596 kB
MemFree:         1206480 kB
MemAvailable:    1463812 kB
Buffers:           32936 kB
Cached:           354140 kB
MemTotal:        1844596 kB
MemFree:         1206536 kB
MemAvailable:    1463868 kB
Buffers:           32936 kB
Cached:           354140 kB
MemTotal:        1844596 kB
MemFree:         1206264 kB
MemAvailable:    1463596 kB
Buffers:           32936 kB
Cached:           354140 kB
MemTotal:        1844596 kB
MemFree:         1205908 kB
MemAvailable:    1463240 kB
Buffers:           32936 kB
Cached:           354140 kB
MemTotal:        1844596 kB
MemFree:         1205144 kB
MemAvailable:    1462476 kB
Buffers:           32936 kB
Cached:           354140 kB
MemTotal:        1844596 kB
MemFree:         1205144 kB
MemAvailable:    1462476 kB
Buffers:           32936 kB
Cached:           354140 kB
MemTotal:        1844596 kB
MemFree:         1206516 kB
MemAvailable:    1463848 kB
Buffers:           32936 kB
Cached:           354140 kB
MemTotal:        1844596 kB
MemFree:         1205228 kB
MemAvailable:    1462560 kB
Buffers:           32936 kB
Cached:           354140 kB
MemTotal:        1844596 kB
MemFree:         1206272 kB
MemAvailable:    1463604 kB
Buffers:           32936 kB
Cached:           354140 kB
MemTotal:        1844596 kB
MemFree:         1206612 kB
MemAvailable:    1463944 kB
Buffers:           32936 kB
Cached:           354140 kB
MemTotal:        1844596 kB
MemFree:         1206416 kB
MemAvailable:    1463748 kB
Buffers:           32936 kB
Cached:           354140 kB
MemTotal:        1844596 kB
MemFree:         1206412 kB
MemAvailable:    1463744 kB
Buffers:           32936 kB
Cached:           354140 kB
MemTotal:        1844596 kB
MemFree:         1205660 kB
MemAvailable:    1462992 kB
Buffers:           32936 kB
Cached:           354140 kB
MemTotal:        1844596 kB
MemFree:         1206260 kB
MemAvailable:    1463592 kB
Buffers:           32936 kB
Cached:           354140 kB
MemTotal:        1844596 kB
MemFree:         1206596 kB
MemAvailable:    1463928 kB
Buffers:           32936 kB
Cached:           354140 kB
MemTotal:        1844596 kB
MemFree:         1205104 kB
MemAvailable:    1462436 kB
Buffers:           32936 kB
Cached:           354140 kB
MemTotal:        1844596 kB
MemFree:         1205040 kB
MemAvailable:    1462372 kB
Buffers:           32936 kB
Cached:           354140 kB
MemTotal:        1844596 kB
MemFree:         1205116 kB
MemAvailable:    1462448 kB
Buffers:           32936 kB
Cached:           354140 kB
MemTotal:        1844596 kB
MemFree:         1205116 kB
MemAvailable:    1462448 kB
Buffers:           32936 kB
Cached:           354140 kB
MemTotal:        1844596 kB
MemFree:         1205148 kB
MemAvailable:    1462480 kB
Buffers:           32936 kB
Cached:           354140 kB
MemTotal:        1844596 kB
MemFree:         1205040 kB
MemAvailable:    1462372 kB
Buffers:           32936 kB
Cached:           354140 kB
MemTotal:        1844596 kB
MemFree:         1199824 kB
MemAvailable:    1457164 kB
Buffers:           32936 kB
Cached:           354148 kB
MemTotal:        1844596 kB
MemFree:         1195608 kB
MemAvailable:    1452948 kB
Buffers:           32936 kB
Cached:           354148 kB
MemTotal:        1844596 kB
MemFree:         1191028 kB
MemAvailable:    1448368 kB
Buffers:           32936 kB
Cached:           354148 kB
MemTotal:        1844596 kB
MemFree:         1187804 kB
MemAvailable:    1445144 kB
Buffers:           32936 kB
Cached:           354148 kB
MemTotal:        1844596 kB
MemFree:         1189104 kB
MemAvailable:    1446444 kB
Buffers:           32936 kB
Cached:           354148 kB
MemTotal:        1844596 kB
MemFree:         1187804 kB
MemAvailable:    1445144 kB
Buffers:           32936 kB
Cached:           354148 kB
MemTotal:        1844596 kB
MemFree:         1189100 kB
MemAvailable:    1446440 kB
Buffers:           32936 kB
Cached:           354148 kB
MemTotal:        1844596 kB
MemFree:         1187672 kB
MemAvailable:    1445012 kB
Buffers:           32936 kB
Cached:           354148 kB
MemTotal:        1844596 kB
MemFree:         1189088 kB
MemAvailable:    1446428 kB
Buffers:           32936 kB
Cached:           354148 kB
MemTotal:        1844596 kB
MemFree:         1188712 kB
MemAvailable:    1446052 kB
Buffers:           32936 kB
Cached:           354148 kB
MemTotal:        1844596 kB
MemFree:         1188704 kB
MemAvailable:    1446044 kB
Buffers:           32936 kB
Cached:           354148 kB
MemTotal:        1844596 kB
MemFree:         1187536 kB
MemAvailable:    1444876 kB
Buffers:           32936 kB
Cached:           354148 kB
MemTotal:        1844596 kB
MemFree:         1188720 kB
MemAvailable:    1446060 kB
Buffers:           32936 kB
Cached:           354148 kB
MemTotal:        1844596 kB
MemFree:         1188972 kB
MemAvailable:    1446312 kB
Buffers:           32936 kB
Cached:           354148 kB
MemTotal:        1844596 kB
MemFree:         1188968 kB
MemAvailable:    1446308 kB
Buffers:           32936 kB
Cached:           354148 kB
MemTotal:        1844596 kB
MemFree:         1187536 kB
MemAvailable:    1444876 kB
Buffers:           32936 kB
Cached:           354148 kB
MemTotal:        1844596 kB
MemFree:         1187612 kB
MemAvailable:    1444952 kB
Buffers:           32936 kB
Cached:           354148 kB
MemTotal:        1844596 kB
MemFree:         1188044 kB
MemAvailable:    1445384 kB
Buffers:           32936 kB
Cached:           354148 kB
MemTotal:        1844596 kB
MemFree:         1189228 kB
MemAvailable:    1446572 kB
Buffers:           32936 kB
Cached:           354152 kB
MemTotal:        1844596 kB
MemFree:         1188052 kB
MemAvailable:    1445396 kB
Buffers:           32936 kB
Cached:           354152 kB
MemTotal:        1844596 kB
MemFree:         1187928 kB
MemAvailable:    1445272 kB
Buffers:           32936 kB
Cached:           354152 kB
MemTotal:        1844596 kB
MemFree:         1187920 kB
MemAvailable:    1445264 kB
Buffers:           32936 kB
Cached:           354152 kB
MemTotal:        1844596 kB
MemFree:         1189044 kB
MemAvailable:    1446388 kB
Buffers:           32936 kB
Cached:           354152 kB
MemTotal:        1844596 kB
MemFree:         1188044 kB
MemAvailable:    1445388 kB
Buffers:           32936 kB
Cached:           354152 kB
MemTotal:        1844596 kB
MemFree:         1187936 kB
MemAvailable:    1445280 kB
Buffers:           32936 kB
Cached:           354152 kB
MemTotal:        1844596 kB
MemFree:         1187732 kB
MemAvailable:    1445076 kB
Buffers:           32936 kB
Cached:           354152 kB
MemTotal:        1844596 kB
MemFree:         1187548 kB
MemAvailable:    1444892 kB
Buffers:           32936 kB
Cached:           354152 kB
MemTotal:        1844596 kB
MemFree:         1186812 kB
MemAvailable:    1444156 kB
Buffers:           32936 kB
Cached:           354152 kB
MemTotal:        1844596 kB
MemFree:         1187924 kB
MemAvailable:    1445268 kB
Buffers:           32936 kB
Cached:           354152 kB
MemTotal:        1844596 kB
MemFree:         1187528 kB
MemAvailable:    1444872 kB
Buffers:           32936 kB
Cached:           354152 kB
MemTotal:        1844596 kB
MemFree:         1187864 kB
MemAvailable:    1445208 kB
Buffers:           32936 kB
Cached:           354152 kB
MemTotal:        1844596 kB
MemFree:         1186300 kB
MemAvailable:    1443644 kB
Buffers:           32936 kB
Cached:           354152 kB
MemTotal:        1844596 kB
MemFree:         1185820 kB
MemAvailable:    1443164 kB
Buffers:           32936 kB
Cached:           354152 kB
MemTotal:        1844596 kB
MemFree:         1183400 kB
MemAvailable:    1440744 kB
Buffers:           32936 kB
Cached:           354152 kB
MemTotal:        1844596 kB
MemFree:         1179852 kB
MemAvailable:    1437196 kB
Buffers:           32936 kB
Cached:           354152 kB
MemTotal:        1844596 kB
MemFree:         1179852 kB
MemAvailable:    1437196 kB
Buffers:           32936 kB
Cached:           354152 kB
MemTotal:        1844596 kB
MemFree:         1175960 kB
MemAvailable:    1433304 kB
Buffers:           32936 kB
Cached:           354152 kB
MemTotal:        1844596 kB
MemFree:         1171668 kB
MemAvailable:    1429012 kB
Buffers:           32936 kB
Cached:           354152 kB
MemTotal:        1844596 kB
MemFree:         1171548 kB
MemAvailable:    1428892 kB
Buffers:           32936 kB
Cached:           354152 kB
MemTotal:        1844596 kB
MemFree:         1166212 kB
MemAvailable:    1423556 kB
Buffers:           32936 kB
Cached:           354152 kB
MemTotal:        1844596 kB
MemFree:         1165552 kB
MemAvailable:    1422896 kB
Buffers:           32936 kB
Cached:           354152 kB
MemTotal:        1844596 kB
MemFree:         1164732 kB
MemAvailable:    1422076 kB
Buffers:           32936 kB
Cached:           354152 kB
MemTotal:        1844596 kB
MemFree:         1163004 kB
MemAvailable:    1420348 kB
Buffers:           32936 kB
Cached:           354152 kB
MemTotal:        1844596 kB
MemFree:         1161724 kB
MemAvailable:    1419068 kB
Buffers:           32936 kB
Cached:           354152 kB
MemTotal:        1844596 kB
MemFree:         1159028 kB
MemAvailable:    1416372 kB
Buffers:           32936 kB
Cached:           354152 kB
MemTotal:        1844596 kB
MemFree:         1156680 kB
MemAvailable:    1414024 kB
Buffers:           32936 kB
Cached:           354152 kB
MemTotal:        1844596 kB
MemFree:         1157112 kB
MemAvailable:    1414456 kB
Buffers:           32936 kB
Cached:           354152 kB
MemTotal:        1844596 kB
MemFree:         1157004 kB
MemAvailable:    1414348 kB
Buffers:           32936 kB
Cached:           354152 kB
MemTotal:        1844596 kB
MemFree:         1157156 kB
MemAvailable:    1414500 kB
Buffers:           32936 kB
Cached:           354152 kB
MemTotal:        1844596 kB
MemFree:         1157060 kB
MemAvailable:    1414404 kB
Buffers:           32936 kB
Cached:           354152 kB
MemTotal:        1844596 kB
MemFree:         1155796 kB
MemAvailable:    1413140 kB
Buffers:           32936 kB
Cached:           354152 kB
MemTotal:        1844596 kB
MemFree:         1157032 kB
MemAvailable:    1414376 kB
Buffers:           32936 kB
Cached:           354152 kB
MemTotal:        1844596 kB
MemFree:         1156556 kB
MemAvailable:    1413900 kB
Buffers:           32936 kB
Cached:           354152 kB
MemTotal:        1844596 kB
MemFree:         1156920 kB
MemAvailable:    1414264 kB
Buffers:           32936 kB
Cached:           354152 kB
MemTotal:        1844596 kB
MemFree:         1155688 kB
MemAvailable:    1413032 kB
Buffers:           32936 kB
Cached:           354152 kB
MemTotal:        1844596 kB
MemFree:         1156492 kB
MemAvailable:    1413836 kB
Buffers:           32936 kB
Cached:           354152 kB
MemTotal:        1844596 kB
MemFree:         1156184 kB
MemAvailable:    1413528 kB
Buffers:           32936 kB
Cached:           354152 kB
MemTotal:        1844596 kB
MemFree:         1155988 kB
MemAvailable:    1413332 kB
Buffers:           32936 kB
Cached:           354152 kB
MemTotal:        1844596 kB
MemFree:         1154432 kB
MemAvailable:    1411776 kB
Buffers:           32936 kB
Cached:           354152 kB
MemTotal:        1844596 kB
MemFree:         1155752 kB
MemAvailable:    1413096 kB
Buffers:           32936 kB
Cached:           354152 kB
MemTotal:        1844596 kB
MemFree:         1154944 kB
MemAvailable:    1412288 kB
Buffers:           32936 kB
Cached:           354152 kB
MemTotal:        1844596 kB
MemFree:         1156308 kB
MemAvailable:    1413656 kB
Buffers:           32936 kB
Cached:           354156 kB
MemTotal:        1844596 kB
MemFree:         1154696 kB
MemAvailable:    1412044 kB
Buffers:           32936 kB
Cached:           354156 kB
MemTotal:        1844596 kB
MemFree:         1154572 kB
MemAvailable:    1411920 kB
Buffers:           32936 kB
Cached:           354156 kB
MemTotal:        1844596 kB
MemFree:         1154572 kB
MemAvailable:    1411920 kB
Buffers:           32936 kB
Cached:           354156 kB
MemTotal:        1844596 kB
MemFree:         1154200 kB
MemAvailable:    1411548 kB
Buffers:           32936 kB
Cached:           354156 kB
MemTotal:        1844596 kB
MemFree:         1155068 kB
MemAvailable:    1412416 kB
Buffers:           32936 kB
Cached:           354156 kB
MemTotal:        1844596 kB
MemFree:         1153696 kB
MemAvailable:    1411044 kB
Buffers:           32936 kB
Cached:           354156 kB
MemTotal:        1844596 kB
MemFree:         1154184 kB
MemAvailable:    1411532 kB
Buffers:           32936 kB
Cached:           354156 kB
MemTotal:        1844596 kB
MemFree:         1153704 kB
MemAvailable:    1411052 kB
Buffers:           32936 kB
Cached:           354156 kB
MemTotal:        1844596 kB
MemFree:         1154080 kB
MemAvailable:    1411428 kB
Buffers:           32936 kB
Cached:           354156 kB
MemTotal:        1844596 kB
MemFree:         1152936 kB
MemAvailable:    1410288 kB
Buffers:           32936 kB
Cached:           354160 kB
MemTotal:        1844596 kB
MemFree:         1152836 kB
MemAvailable:    1410188 kB
Buffers:           32936 kB
Cached:           354160 kB
MemTotal:        1844596 kB
MemFree:         1152896 kB
MemAvailable:    1410248 kB
Buffers:           32936 kB
Cached:           354160 kB
MemTotal:        1844596 kB
MemFree:         1152724 kB
MemAvailable:    1410076 kB
Buffers:           32936 kB
Cached:           354160 kB
MemTotal:        1844596 kB
MemFree:         1151536 kB
MemAvailable:    1408888 kB
Buffers:           32936 kB
Cached:           354160 kB
MemTotal:        1844596 kB
MemFree:         1152748 kB
MemAvailable:    1410100 kB
Buffers:           32936 kB
Cached:           354160 kB
MemTotal:        1844596 kB
MemFree:         1151968 kB
MemAvailable:    1409320 kB
Buffers:           32936 kB
Cached:           354160 kB
MemTotal:        1844596 kB
MemFree:         1152952 kB
MemAvailable:    1410304 kB
Buffers:           32936 kB
Cached:           354160 kB
MemTotal:        1844596 kB
MemFree:         1152952 kB
MemAvailable:    1410304 kB
Buffers:           32936 kB
Cached:           354160 kB
MemTotal:        1844596 kB
MemFree:         1152580 kB
MemAvailable:    1409932 kB
Buffers:           32936 kB
Cached:           354160 kB
MemTotal:        1844596 kB
MemFree:         1152896 kB
MemAvailable:    1410248 kB
Buffers:           32936 kB
Cached:           354160 kB
MemTotal:        1844596 kB
MemFree:         1152788 kB
MemAvailable:    1410140 kB
Buffers:           32936 kB
Cached:           354160 kB
MemTotal:        1844596 kB
MemFree:         1152348 kB
MemAvailable:    1409700 kB
Buffers:           32936 kB
Cached:           354160 kB
MemTotal:        1844596 kB
MemFree:         1152664 kB
MemAvailable:    1410016 kB
Buffers:           32936 kB
Cached:           354160 kB
MemTotal:        1844596 kB
MemFree:         1152844 kB
MemAvailable:    1410196 kB
Buffers:           32936 kB
Cached:           354160 kB
MemTotal:        1844596 kB
MemFree:         1152820 kB
MemAvailable:    1410172 kB
Buffers:           32936 kB
Cached:           354160 kB
MemTotal:        1844596 kB
MemFree:         1151960 kB
MemAvailable:    1409312 kB
Buffers:           32936 kB
Cached:           354160 kB
MemTotal:        1844596 kB
MemFree:         1153036 kB
MemAvailable:    1410392 kB
Buffers:           32936 kB
Cached:           354164 kB
MemTotal:        1844596 kB
MemFree:         1151968 kB
MemAvailable:    1409324 kB
Buffers:           32936 kB
Cached:           354164 kB
MemTotal:        1844596 kB
MemFree:         1153020 kB
MemAvailable:    1410376 kB
Buffers:           32936 kB
Cached:           354164 kB
MemTotal:        1844596 kB
MemFree:         1152756 kB
MemAvailable:    1410112 kB
Buffers:           32936 kB
Cached:           354164 kB
MemTotal:        1844596 kB
MemFree:         1152884 kB
MemAvailable:    1410240 kB
Buffers:           32936 kB
Cached:           354164 kB
MemTotal:        1844596 kB
MemFree:         1151844 kB
MemAvailable:    1409200 kB
Buffers:           32936 kB
Cached:           354164 kB
MemTotal:        1844596 kB
MemFree:         1152568 kB
MemAvailable:    1409924 kB
Buffers:           32936 kB
Cached:           354164 kB
MemTotal:        1844596 kB
MemFree:         1152904 kB
MemAvailable:    1410260 kB
Buffers:           32936 kB
Cached:           354164 kB
MemTotal:        1844596 kB
MemFree:         1151412 kB
MemAvailable:    1408768 kB
Buffers:           32936 kB
Cached:           354164 kB
MemTotal:        1844596 kB
MemFree:         1151536 kB
MemAvailable:    1408892 kB
Buffers:           32936 kB
Cached:           354164 kB
MemTotal:        1844596 kB
MemFree:         1151572 kB
MemAvailable:    1408928 kB
Buffers:           32936 kB
Cached:           354164 kB
MemTotal:        1844596 kB
MemFree:         1151548 kB
MemAvailable:    1408904 kB
Buffers:           32936 kB
Cached:           354164 kB
MemTotal:        1844596 kB
MemFree:         1152664 kB
MemAvailable:    1410020 kB
Buffers:           32936 kB
Cached:           354164 kB
MemTotal:        1844596 kB
MemFree:         1151460 kB
MemAvailable:    1408816 kB
Buffers:           32936 kB
Cached:           354164 kB
MemTotal:        1844596 kB
MemFree:         1151412 kB
MemAvailable:    1408768 kB
Buffers:           32936 kB
Cached:           354164 kB
MemTotal:        1844596 kB
MemFree:         1152580 kB
MemAvailable:    1409936 kB
Buffers:           32936 kB
Cached:           354164 kB
MemTotal:        1844596 kB
MemFree:         1152916 kB
MemAvailable:    1410272 kB
Buffers:           32936 kB
Cached:           354164 kB
MemTotal:        1844596 kB
MemFree:         1151424 kB
MemAvailable:    1408780 kB
Buffers:           32936 kB
Cached:           354164 kB
MemTotal:        1844596 kB
MemFree:         1152776 kB
MemAvailable:    1410132 kB
Buffers:           32936 kB
Cached:           354164 kB
MemTotal:        1844596 kB
MemFree:         1152776 kB
MemAvailable:    1410132 kB
Buffers:           32936 kB
Cached:           354164 kB
MemTotal:        1844596 kB
MemFree:         1152516 kB
MemAvailable:    1409872 kB
Buffers:           32936 kB
Cached:           354164 kB
MemTotal:        1844596 kB
MemFree:         1152852 kB
MemAvailable:    1410208 kB
Buffers:           32936 kB
Cached:           354164 kB
MemTotal:        1844596 kB
MemFree:         1152860 kB
MemAvailable:    1410216 kB
Buffers:           32936 kB
Cached:           354164 kB
MemTotal:        1844596 kB
MemFree:         1152892 kB
MemAvailable:    1410248 kB
Buffers:           32936 kB
Cached:           354164 kB
MemTotal:        1844596 kB
MemFree:         1152704 kB
MemAvailable:    1410060 kB
Buffers:           32936 kB
Cached:           354164 kB
MemTotal:        1844596 kB
MemFree:         1151348 kB
MemAvailable:    1408704 kB
Buffers:           32936 kB
Cached:           354164 kB
MemTotal:        1844596 kB
MemFree:         1149968 kB
MemAvailable:    1407324 kB
Buffers:           32936 kB
Cached:           354164 kB
MemTotal:        1844596 kB
MemFree:         1149968 kB
MemAvailable:    1407324 kB
Buffers:           32936 kB
Cached:           354164 kB
MemTotal:        1844596 kB
MemFree:         1147124 kB
MemAvailable:    1404480 kB
Buffers:           32936 kB
Cached:           354164 kB
MemTotal:        1844596 kB
MemFree:         1146556 kB
MemAvailable:    1403912 kB
Buffers:           32936 kB
Cached:           354164 kB
MemTotal:        1844596 kB
MemFree:         1145396 kB
MemAvailable:    1402752 kB
Buffers:           32936 kB
Cached:           354164 kB
MemTotal:        1844596 kB
MemFree:         1146248 kB
MemAvailable:    1403608 kB
Buffers:           32936 kB
Cached:           354168 kB
MemTotal:        1844596 kB
MemFree:         1146248 kB
MemAvailable:    1403608 kB
Buffers:           32936 kB
Cached:           354168 kB
MemTotal:        1844596 kB
MemFree:         1146324 kB
MemAvailable:    1403684 kB
Buffers:           32936 kB
Cached:           354168 kB
MemTotal:        1844596 kB
MemFree:         1145272 kB
MemAvailable:    1402632 kB
Buffers:           32936 kB
Cached:           354168 kB
MemTotal:        1844596 kB
MemFree:         1145948 kB
MemAvailable:    1403308 kB
Buffers:           32936 kB
Cached:           354168 kB
MemTotal:        1844596 kB
MemFree:         1146284 kB
MemAvailable:    1403644 kB
Buffers:           32936 kB
Cached:           354168 kB
MemTotal:        1844596 kB
MemFree:         1145956 kB
MemAvailable:    1403316 kB
Buffers:           32936 kB
Cached:           354168 kB
MemTotal:        1844596 kB
MemFree:         1144840 kB
MemAvailable:    1402200 kB
Buffers:           32936 kB
Cached:           354168 kB
MemTotal:        1844596 kB
MemFree:         1144644 kB
MemAvailable:    1402004 kB
Buffers:           32936 kB
Cached:           354168 kB
MemTotal:        1844596 kB
MemFree:         1144644 kB
MemAvailable:    1402004 kB
Buffers:           32936 kB
Cached:           354168 kB
MemTotal:        1844596 kB
MemFree:         1145920 kB
MemAvailable:    1403280 kB
Buffers:           32936 kB
Cached:           354168 kB
MemTotal:        1844596 kB
MemFree:         1145564 kB
MemAvailable:    1402924 kB
Buffers:           32936 kB
Cached:           354168 kB
MemTotal:        1844596 kB
MemFree:         1144340 kB
MemAvailable:    1401700 kB
Buffers:           32936 kB
Cached:           354168 kB
MemTotal:        1844596 kB
MemFree:         1144208 kB
MemAvailable:    1401568 kB
Buffers:           32936 kB
Cached:           354168 kB
MemTotal:        1844596 kB
MemFree:         1145512 kB
MemAvailable:    1402872 kB
Buffers:           32936 kB
Cached:           354168 kB
MemTotal:        1844596 kB
MemFree:         1145712 kB
MemAvailable:    1403072 kB
Buffers:           32936 kB
Cached:           354168 kB
MemTotal:        1844596 kB
MemFree:         1145624 kB
MemAvailable:    1402984 kB
Buffers:           32936 kB
Cached:           354168 kB
MemTotal:        1844596 kB
MemFree:         1144232 kB
MemAvailable:    1401592 kB
Buffers:           32936 kB
Cached:           354168 kB
MemTotal:        1844596 kB
MemFree:         1144232 kB
MemAvailable:    1401592 kB
Buffers:           32936 kB
Cached:           354168 kB
MemTotal:        1844596 kB
MemFree:         1145480 kB
MemAvailable:    1402840 kB
Buffers:           32936 kB
Cached:           354168 kB
MemTotal:        1844596 kB
MemFree:         1144404 kB
MemAvailable:    1401764 kB
Buffers:           32936 kB
Cached:           354168 kB
MemTotal:        1844596 kB
MemFree:         1145580 kB
MemAvailable:    1402940 kB
Buffers:           32936 kB
Cached:           354168 kB
MemTotal:        1844596 kB
MemFree:         1144404 kB
MemAvailable:    1401764 kB
Buffers:           32936 kB
Cached:           354168 kB
MemTotal:        1844596 kB
MemFree:         1144396 kB
MemAvailable:    1401756 kB
Buffers:           32936 kB
Cached:           354168 kB
MemTotal:        1844596 kB
MemFree:         1145664 kB
MemAvailable:    1403024 kB
Buffers:           32936 kB
Cached:           354168 kB
MemTotal:        1844596 kB
MemFree:         1144280 kB
MemAvailable:    1401640 kB
Buffers:           32936 kB
Cached:           354168 kB
MemTotal:        1844596 kB
MemFree:         1144520 kB
MemAvailable:    1401880 kB
Buffers:           32936 kB
Cached:           354168 kB
MemTotal:        1844596 kB
MemFree:         1144224 kB
MemAvailable:    1401584 kB
Buffers:           32936 kB
Cached:           354168 kB
MemTotal:        1844596 kB
MemFree:         1145508 kB
MemAvailable:    1402868 kB
Buffers:           32936 kB
Cached:           354168 kB
MemTotal:        1844596 kB
MemFree:         1144148 kB
MemAvailable:    1401508 kB
Buffers:           32936 kB
Cached:           354168 kB
MemTotal:        1844596 kB
MemFree:         1145704 kB
MemAvailable:    1403064 kB
Buffers:           32936 kB
Cached:           354168 kB
MemTotal:        1844596 kB
MemFree:         1144144 kB
MemAvailable:    1401504 kB
Buffers:           32936 kB
Cached:           354168 kB
MemTotal:        1844596 kB
MemFree:         1145528 kB
MemAvailable:    1402888 kB
Buffers:           32936 kB
Cached:           354168 kB
MemTotal:        1844596 kB
MemFree:         1145432 kB
MemAvailable:    1402792 kB
Buffers:           32936 kB
Cached:           354168 kB
MemTotal:        1844596 kB
MemFree:         1144728 kB
MemAvailable:    1402088 kB
Buffers:           32936 kB
Cached:           354168 kB
MemTotal:        1844596 kB
MemFree:         1144392 kB
MemAvailable:    1401752 kB
Buffers:           32936 kB
Cached:           354168 kB
MemTotal:        1844596 kB
MemFree:         1144392 kB
MemAvailable:    1401752 kB
Buffers:           32936 kB
Cached:           354168 kB
MemTotal:        1844596 kB
MemFree:         1145388 kB
MemAvailable:    1402748 kB
Buffers:           32936 kB
Cached:           354168 kB
MemTotal:        1844596 kB
MemFree:         1145728 kB
MemAvailable:    1403088 kB
Buffers:           32936 kB
Cached:           354168 kB
MemTotal:        1844596 kB
MemFree:         1144140 kB
MemAvailable:    1401500 kB
Buffers:           32936 kB
Cached:           354168 kB
MemTotal:        1844596 kB
MemFree:         1144272 kB
MemAvailable:    1401632 kB
Buffers:           32936 kB
Cached:           354168 kB
MemTotal:        1844596 kB
MemFree:         1145456 kB
MemAvailable:    1402816 kB
Buffers:           32936 kB
Cached:           354168 kB
MemTotal:        1844596 kB
MemFree:         1145708 kB
MemAvailable:    1403068 kB
Buffers:           32936 kB
Cached:           354168 kB
MemTotal:        1844596 kB
MemFree:         1144224 kB
MemAvailable:    1401584 kB
Buffers:           32936 kB
Cached:           354168 kB
MemTotal:        1844596 kB
MemFree:         1145632 kB
MemAvailable:    1402992 kB
Buffers:           32936 kB
Cached:           354168 kB
MemTotal:        1844596 kB
MemFree:         1144260 kB
MemAvailable:    1401620 kB
Buffers:           32936 kB
Cached:           354168 kB
MemTotal:        1844596 kB
MemFree:         1145644 kB
MemAvailable:    1403004 kB
Buffers:           32936 kB
Cached:           354168 kB
MemTotal:        1844596 kB
MemFree:         1145556 kB
MemAvailable:    1402916 kB
Buffers:           32936 kB
Cached:           354168 kB
MemTotal:        1844596 kB
MemFree:         1144124 kB
MemAvailable:    1401484 kB
Buffers:           32936 kB
Cached:           354168 kB
MemTotal:        1844596 kB
MemFree:         1145424 kB
MemAvailable:    1402784 kB
Buffers:           32936 kB
Cached:           354168 kB
MemTotal:        1844596 kB
MemFree:         1144248 kB
MemAvailable:    1401608 kB
Buffers:           32936 kB
Cached:           354168 kB
MemTotal:        1844596 kB
MemFree:         1145556 kB
MemAvailable:    1402916 kB
Buffers:           32936 kB
Cached:           354168 kB
MemTotal:        1844596 kB
MemFree:         1145520 kB
MemAvailable:    1402880 kB
Buffers:           32936 kB
Cached:           354168 kB
MemTotal:        1844596 kB
MemFree:         1145596 kB
MemAvailable:    1402956 kB
Buffers:           32936 kB
Cached:           354168 kB
MemTotal:        1844596 kB
MemFree:         1145580 kB
MemAvailable:    1402940 kB
Buffers:           32936 kB
Cached:           354168 kB
MemTotal:        1844596 kB
MemFree:         1144232 kB
MemAvailable:    1401592 kB
Buffers:           32936 kB
Cached:           354168 kB
MemTotal:        1844596 kB
MemFree:         1145532 kB
MemAvailable:    1402892 kB
Buffers:           32936 kB
Cached:           354168 kB
MemTotal:        1844596 kB
MemFree:         1138816 kB
MemAvailable:    1396176 kB
Buffers:           32936 kB
Cached:           354168 kB
MemTotal:        1844596 kB
MemFree:         1138568 kB
MemAvailable:    1395928 kB
Buffers:           32936 kB
Cached:           354168 kB
MemTotal:        1844596 kB
MemFree:         1139480 kB
MemAvailable:    1396840 kB
Buffers:           32936 kB
Cached:           354168 kB
MemTotal:        1844596 kB
MemFree:         1139544 kB
MemAvailable:    1396904 kB
Buffers:           32936 kB
Cached:           354168 kB
MemTotal:        1844596 kB
MemFree:         1139164 kB
MemAvailable:    1396692 kB
Buffers:           32936 kB
Cached:           354292 kB
MemTotal:        1844596 kB
MemFree:         1139248 kB
MemAvailable:    1396776 kB
Buffers:           32936 kB
Cached:           354292 kB
MemTotal:        1844596 kB
MemFree:         1139000 kB
MemAvailable:    1396696 kB
Buffers:           32936 kB
Cached:           354416 kB
MemTotal:        1844596 kB
MemFree:         1137824 kB
MemAvailable:    1395604 kB
Buffers:           32936 kB
Cached:           354540 kB
MemTotal:        1844596 kB
MemFree:         1137816 kB
MemAvailable:    1395680 kB
Buffers:           32936 kB
Cached:           354664 kB
MemTotal:        1844596 kB
MemFree:         1138816 kB
MemAvailable:    1396764 kB
Buffers:           32936 kB
Cached:           354664 kB
MemTotal:        1844596 kB
MemFree:         1138816 kB
MemAvailable:    1396764 kB
Buffers:           32936 kB
Cached:           354664 kB
MemTotal:        1844596 kB
MemFree:         1137272 kB
MemAvailable:    1395220 kB
Buffers:           32936 kB
Cached:           354788 kB
MemTotal:        1844596 kB
MemFree:         1138804 kB
MemAvailable:    1396752 kB
Buffers:           32936 kB
Cached:           354788 kB
MemTotal:        1844596 kB
MemFree:         1137440 kB
MemAvailable:    1395388 kB
Buffers:           32936 kB
Cached:           354788 kB
MemTotal:        1844596 kB
MemFree:         1138616 kB
MemAvailable:    1396564 kB
Buffers:           32936 kB
Cached:           354788 kB
MemTotal:        1844596 kB
MemFree:         1138736 kB
MemAvailable:    1396684 kB
Buffers:           32936 kB
Cached:           354788 kB
MemTotal:        1844596 kB
MemFree:         1138544 kB
MemAvailable:    1396492 kB
Buffers:           32936 kB
Cached:           354788 kB
MemTotal:        1844596 kB
MemFree:         1137808 kB
MemAvailable:    1395168 kB
Buffers:           32936 kB
Cached:           354156 kB
MemTotal:        1844596 kB
MemFree:         1137196 kB
MemAvailable:    1394556 kB
Buffers:           32936 kB
Cached:           354156 kB
MemTotal:        1844596 kB
MemFree:         1203036 kB
MemAvailable:    1460396 kB
Buffers:           32936 kB
Cached:           354156 kB
MemTotal:        1844596 kB
MemFree:         1341772 kB
MemAvailable:    1599132 kB
Buffers:           32936 kB
Cached:           354156 kB
