MemTotal:        1844596 kB
MemFree:         1329944 kB
MemAvailable:    1597436 kB
Buffers:           34356 kB
Cached:           364852 kB
MemTotal:        1844596 kB
MemFree:         1302252 kB
MemAvailable:    1569748 kB
Buffers:           34356 kB
Cached:           364856 kB
MemTotal:        1844596 kB
MemFree:         1302436 kB
MemAvailable:    1569932 kB
Buffers:           34356 kB
Cached:           364856 kB
MemTotal:        1844596 kB
MemFree:         1300640 kB
MemAvailable:    1568136 kB
Buffers:           34356 kB
Cached:           364856 kB
MemTotal:        1844596 kB
MemFree:         1300328 kB
MemAvailable:    1567824 kB
Buffers:           34356 kB
Cached:           364856 kB
MemTotal:        1844596 kB
MemFree:         1298840 kB
MemAvailable:    1566336 kB
Buffers:           34356 kB
Cached:           364856 kB
MemTotal:        1844596 kB
MemFree:         1297532 kB
MemAvailable:    1565028 kB
Buffers:           34356 kB
Cached:           364856 kB
MemTotal:        1844596 kB
MemFree:         1296912 kB
MemAvailable:    1564408 kB
Buffers:           34356 kB
Cached:           364856 kB
MemTotal:        1844596 kB
MemFree:         1296804 kB
MemAvailable:    1564300 kB
Buffers:           34356 kB
Cached:           364856 kB
MemTotal:        1844596 kB
MemFree:         1293192 kB
MemAvailable:    1560564 kB
Buffers:           34356 kB
Cached:           364856 kB
MemTotal:        1844596 kB
MemFree:         1291772 kB
MemAvailable:    1559268 kB
Buffers:           34356 kB
Cached:           364856 kB
MemTotal:        1844596 kB
MemFree:         1287860 kB
MemAvailable:    1555356 kB
Buffers:           34356 kB
Cached:           364856 kB
MemTotal:        1844596 kB
MemFree:         1288604 kB
MemAvailable:    1556100 kB
Buffers:           34356 kB
Cached:           364856 kB
MemTotal:        1844596 kB
MemFree:         1287592 kB
MemAvailable:    1555088 kB
Buffers:           34356 kB
Cached:           364856 kB
MemTotal:        1844596 kB
MemFree:         1288372 kB
MemAvailable:    1555868 kB
Buffers:           34356 kB
Cached:           364856 kB
MemTotal:        1844596 kB
MemFree:         1289232 kB
MemAvailable:    1556728 kB
Buffers:           34356 kB
Cached:           364856 kB
MemTotal:        1844596 kB
MemFree:         1288720 kB
MemAvailable:    1556216 kB
Buffers:           34356 kB
Cached:           364856 kB
MemTotal:        1844596 kB
MemFree:         1288720 kB
MemAvailable:    1556216 kB
Buffers:           34356 kB
Cached:           364856 kB
MemTotal:        1844596 kB
MemFree:         1287360 kB
MemAvailable:    1554856 kB
Buffers:           34356 kB
Cached:           364856 kB
MemTotal:        1844596 kB
MemFree:         1287228 kB
MemAvailable:    1554724 kB
Buffers:           34356 kB
Cached:           364856 kB
MemTotal:        1844596 kB
MemFree:         1288336 kB
MemAvailable:    1555832 kB
Buffers:           34356 kB
Cached:           364856 kB
MemTotal:        1844596 kB
MemFree:         1288420 kB
MemAvailable:    1555916 kB
Buffers:           34356 kB
Cached:           364856 kB
MemTotal:        1844596 kB
MemFree:         1288052 kB
MemAvailable:    1555548 kB
Buffers:           34356 kB
Cached:           364856 kB
MemTotal:        1844596 kB
MemFree:         1288304 kB
MemAvailable:    1555800 kB
Buffers:           34356 kB
Cached:           364856 kB
MemTotal:        1844596 kB
MemFree:         1286432 kB
MemAvailable:    1553928 kB
Buffers:           34356 kB
Cached:           364856 kB
MemTotal:        1844596 kB
MemFree:         1286476 kB
MemAvailable:    1553972 kB
Buffers:           34356 kB
Cached:           364856 kB
MemTotal:        1844596 kB
MemFree:         1287108 kB
MemAvailable:    1554604 kB
Buffers:           34356 kB
Cached:           364856 kB
MemTotal:        1844596 kB
MemFree:         1285828 kB
MemAvailable:    1553324 kB
Buffers:           34356 kB
Cached:           364856 kB
MemTotal:        1844596 kB
MemFree:         1286112 kB
MemAvailable:    1553608 kB
Buffers:           34356 kB
Cached:           364856 kB
MemTotal:        1844596 kB
MemFree:         1285948 kB
MemAvailable:    1553444 kB
Buffers:           34356 kB
Cached:           364856 kB
MemTotal:        1844596 kB
MemFree:         1286072 kB
MemAvailable:    1553568 kB
Buffers:           34356 kB
Cached:           364856 kB
MemTotal:        1844596 kB
MemFree:         1286372 kB
MemAvailable:    1553868 kB
Buffers:           34356 kB
Cached:           364856 kB
MemTotal:        1844596 kB
MemFree:         1286372 kB
MemAvailable:    1553868 kB
Buffers:           34356 kB
Cached:           364856 kB
MemTotal:        1844596 kB
MemFree:         1284744 kB
MemAvailable:    1552240 kB
Buffers:           34356 kB
Cached:           364856 kB
MemTotal:        1844596 kB
MemFree:         1285720 kB
MemAvailable:    1553216 kB
Buffers:           34356 kB
Cached:           364856 kB
MemTotal:        1844596 kB
MemFree:         1284360 kB
MemAvailable:    1551856 kB
Buffers:           34356 kB
Cached:           364856 kB
MemTotal:        1844596 kB
MemFree:         1284476 kB
MemAvailable:    1551972 kB
Buffers:           34356 kB
Cached:           364856 kB
MemTotal:        1844596 kB
MemFree:         1285784 kB
MemAvailable:    1553280 kB
Buffers:           34356 kB
Cached:           364856 kB
MemTotal:        1844596 kB
MemFree:         1285904 kB
MemAvailable:    1553400 kB
Buffers:           34356 kB
Cached:           364856 kB
MemTotal:        1844596 kB
MemFree:         1284512 kB
MemAvailable:    1552008 kB
Buffers:           34356 kB
Cached:           364856 kB
MemTotal:        1844596 kB
MemFree:         1285944 kB
MemAvailable:    1553440 kB
Buffers:           34356 kB
Cached:           364856 kB
MemTotal:        1844596 kB
MemFree:         1287104 kB
MemAvailable:    1554600 kB
Buffers:           34356 kB
Cached:           364856 kB
MemTotal:        1844596 kB
MemFree:         1287028 kB
MemAvailable:    1554524 kB
Buffers:           34356 kB
Cached:           364856 kB
MemTotal:        1844596 kB
MemFree:         1287028 kB
MemAvailable:    1554524 kB
Buffers:           34356 kB
Cached:           364856 kB
MemTotal:        1844596 kB
MemFree:         1283272 kB
MemAvailable:    1550768 kB
Buffers:           34356 kB
Cached:           364856 kB
MemTotal:        1844596 kB
MemFree:         1283272 kB
MemAvailable:    1550768 kB
Buffers:           34356 kB
Cached:           364856 kB
MemTotal:        1844596 kB
MemFree:         1281968 kB
MemAvailable:    1549464 kB
Buffers:           34356 kB
Cached:           364856 kB
MemTotal:        1844596 kB
MemFree:         1281976 kB
MemAvailable:    1549472 kB
Buffers:           34356 kB
Cached:           364856 kB
MemTotal:        1844596 kB
MemFree:         1280800 kB
MemAvailable:    1548296 kB
Buffers:           34356 kB
Cached:           364856 kB
MemTotal:        1844596 kB
MemFree:         1281648 kB
MemAvailable:    1549144 kB
Buffers:           34356 kB
Cached:           364856 kB
MemTotal:        1844596 kB
MemFree:         1281732 kB
MemAvailable:    1549228 kB
Buffers:           34356 kB
Cached:           364856 kB
MemTotal:        1844596 kB
MemFree:         1281724 kB
MemAvailable:    1549220 kB
Buffers:           34356 kB
Cached:           364856 kB
MemTotal:        1844596 kB
MemFree:         1280292 kB
MemAvailable:    1547788 kB
Buffers:           34356 kB
Cached:           364856 kB
MemTotal:        1844596 kB
MemFree:         1281516 kB
MemAvailable:    1549012 kB
Buffers:           34356 kB
Cached:           364856 kB
MemTotal:        1844596 kB
MemFree:         1281136 kB
MemAvailable:    1548632 kB
Buffers:           34356 kB
Cached:           364856 kB
MemTotal:        1844596 kB
MemFree:         1281304 kB
MemAvailable:    1548800 kB
Buffers:           34356 kB
Cached:           364856 kB
MemTotal:        1844596 kB
MemFree:         1281412 kB
MemAvailable:    1548908 kB
Buffers:           34356 kB
Cached:           364856 kB
MemTotal:        1844596 kB
MemFree:         1280104 kB
MemAvailable:    1547600 kB
Buffers:           34356 kB
Cached:           364856 kB
MemTotal:        1844596 kB
MemFree:         1281404 kB
MemAvailable:    1548900 kB
Buffers:           34356 kB
Cached:           364856 kB
MemTotal:        1844596 kB
MemFree:         1281232 kB
MemAvailable:    1548728 kB
Buffers:           34356 kB
Cached:           364856 kB
MemTotal:        1844596 kB
MemFree:         1280676 kB
MemAvailable:    1548172 kB
Buffers:           34356 kB
Cached:           364856 kB
MemTotal:        1844596 kB
MemFree:         1280660 kB
MemAvailable:    1548156 kB
Buffers:           34356 kB
Cached:           364856 kB
MemTotal:        1844596 kB
MemFree:         1280660 kB
MemAvailable:    1548156 kB
Buffers:           34356 kB
Cached:           364856 kB
MemTotal:        1844596 kB
MemFree:         1275776 kB
MemAvailable:    1543272 kB
Buffers:           34356 kB
Cached:           364856 kB
MemTotal:        1844596 kB
MemFree:         1275520 kB
MemAvailable:    1543016 kB
Buffers:           34356 kB
Cached:           364856 kB
MemTotal:        1844596 kB
MemFree:         1274956 kB
MemAvailable:    1542452 kB
Buffers:           34356 kB
Cached:           364856 kB
MemTotal:        1844596 kB
MemFree:         1275040 kB
MemAvailable:    1542536 kB
Buffers:           34356 kB
Cached:           364856 kB
MemTotal:        1844596 kB
MemFree:         1273668 kB
MemAvailable:    1541172 kB
Buffers:           34356 kB
Cached:           364864 kB
MemTotal:        1844596 kB
MemFree:         1273296 kB
MemAvailable:    1540800 kB
Buffers:           34356 kB
Cached:           364864 kB
MemTotal:        1844596 kB
MemFree:         1272924 kB
MemAvailable:    1540428 kB
Buffers:           34356 kB
Cached:           364864 kB
MemTotal:        1844596 kB
MemFree:         1271584 kB
MemAvailable:    1539088 kB
Buffers:           34356 kB
Cached:           364864 kB
MemTotal:        1844596 kB
MemFree:         1271500 kB
MemAvailable:    1539004 kB
Buffers:           34356 kB
Cached:           364864 kB
MemTotal:        1844596 kB
MemFree:         1272856 kB
MemAvailable:    1540360 kB
Buffers:           34356 kB
Cached:           364864 kB
MemTotal:        1844596 kB
MemFree:         1271616 kB
MemAvailable:    1539120 kB
Buffers:           34356 kB
Cached:           364864 kB
MemTotal:        1844596 kB
MemFree:         1272552 kB
MemAvailable:    1540056 kB
Buffers:           34356 kB
Cached:           364864 kB
MemTotal:        1844596 kB
MemFree:         1272304 kB
MemAvailable:    1539808 kB
Buffers:           34356 kB
Cached:           364864 kB
MemTotal:        1844596 kB
MemFree:         1271328 kB
MemAvailable:    1538832 kB
Buffers:           34356 kB
Cached:           364864 kB
MemTotal:        1844596 kB
MemFree:         1271320 kB
MemAvailable:    1538824 kB
Buffers:           34356 kB
Cached:           364864 kB
MemTotal:        1844596 kB
MemFree:         1271320 kB
MemAvailable:    1538824 kB
Buffers:           34356 kB
Cached:           364864 kB
MemTotal:        1844596 kB
MemFree:         1271196 kB
MemAvailable:    1538700 kB
Buffers:           34356 kB
Cached:           364864 kB
MemTotal:        1844596 kB
MemFree:         1271312 kB
MemAvailable:    1538816 kB
Buffers:           34356 kB
Cached:           364864 kB
MemTotal:        1844596 kB
MemFree:         1271312 kB
MemAvailable:    1538816 kB
Buffers:           34356 kB
Cached:           364864 kB
MemTotal:        1844596 kB
MemFree:         1271128 kB
MemAvailable:    1538632 kB
Buffers:           34356 kB
Cached:           364864 kB
MemTotal:        1844596 kB
MemFree:         1272196 kB
MemAvailable:    1539700 kB
Buffers:           34356 kB
Cached:           364864 kB
MemTotal:        1844596 kB
MemFree:         1272196 kB
MemAvailable:    1539700 kB
Buffers:           34356 kB
Cached:           364864 kB
MemTotal:        1844596 kB
MemFree:         1272228 kB
MemAvailable:    1539732 kB
Buffers:           34356 kB
Cached:           364864 kB
MemTotal:        1844596 kB
MemFree:         1272480 kB
MemAvailable:    1539984 kB
Buffers:           34356 kB
Cached:           364864 kB
MemTotal:        1844596 kB
MemFree:         1272436 kB
MemAvailable:    1539940 kB
Buffers:           34356 kB
Cached:           364864 kB
MemTotal:        1844596 kB
MemFree:         1272248 kB
MemAvailable:    1539752 kB
Buffers:           34356 kB
Cached:           364864 kB
MemTotal:        1844596 kB
MemFree:         1272160 kB
MemAvailable:    1539664 kB
Buffers:           34356 kB
Cached:           364864 kB
MemTotal:        1844596 kB
MemFree:         1270756 kB
MemAvailable:    1538260 kB
Buffers:           34356 kB
Cached:           364864 kB
MemTotal:        1844596 kB
MemFree:         1267904 kB
MemAvailable:    1535408 kB
Buffers:           34356 kB
Cached:           364864 kB
MemTotal:        1844596 kB
MemFree:         1264540 kB
MemAvailable:    1532044 kB
Buffers:           34356 kB
Cached:           364864 kB
MemTotal:        1844596 kB
MemFree:         1264540 kB
MemAvailable:    1532044 kB
Buffers:           34356 kB
Cached:           364864 kB
MemTotal:        1844596 kB
MemFree:         1264436 kB
MemAvailable:    1531940 kB
Buffers:           34356 kB
Cached:           364864 kB
MemTotal:        1844596 kB
MemFree:         1263004 kB
MemAvailable:    1530508 kB
Buffers:           34356 kB
Cached:           364864 kB
MemTotal:        1844596 kB
MemFree:         1264096 kB
MemAvailable:    1531600 kB
Buffers:           34356 kB
Cached:           364864 kB
MemTotal:        1844596 kB
MemFree:         1263872 kB
MemAvailable:    1531376 kB
Buffers:           34356 kB
Cached:           364864 kB
MemTotal:        1844596 kB
MemFree:         1262696 kB
MemAvailable:    1530200 kB
Buffers:           34356 kB
Cached:           364864 kB
MemTotal:        1844596 kB
MemFree:         1263052 kB
MemAvailable:    1530556 kB
Buffers:           34356 kB
Cached:           364864 kB
MemTotal:        1844596 kB
MemFree:         1262144 kB
MemAvailable:    1529648 kB
Buffers:           34356 kB
Cached:           364864 kB
MemTotal:        1844596 kB
MemFree:         1263436 kB
MemAvailable:    1530940 kB
Buffers:           34356 kB
Cached:           364864 kB
MemTotal:        1844596 kB
MemFree:         1263444 kB
MemAvailable:    1530948 kB
Buffers:           34356 kB
Cached:           364864 kB
MemTotal:        1844596 kB
MemFree:         1262268 kB
MemAvailable:    1529772 kB
Buffers:           34356 kB
Cached:           364864 kB
MemTotal:        1844596 kB
MemFree:         1263692 kB
MemAvailable:    1531196 kB
Buffers:           34356 kB
Cached:           364864 kB
MemTotal:        1844596 kB
MemFree:         1262392 kB
MemAvailable:    1529896 kB
Buffers:           34356 kB
Cached:           364864 kB
MemTotal:        1844596 kB
MemFree:         1262508 kB
MemAvailable:    1530012 kB
Buffers:           34356 kB
Cached:           364864 kB
MemTotal:        1844596 kB
MemFree:         1262632 kB
MemAvailable:    1530136 kB
Buffers:           34356 kB
Cached:           364864 kB
MemTotal:        1844596 kB
MemFree:         1263492 kB
MemAvailable:    1530996 kB
Buffers:           34356 kB
Cached:           364864 kB
MemTotal:        1844596 kB
MemFree:         1263748 kB
MemAvailable:    1531252 kB
Buffers:           34356 kB
Cached:           364864 kB
MemTotal:        1844596 kB
MemFree:         1263536 kB
MemAvailable:    1531040 kB
Buffers:           34356 kB
Cached:           364864 kB
MemTotal:        1844596 kB
MemFree:         1263516 kB
MemAvailable:    1531020 kB
Buffers:           34356 kB
Cached:           364864 kB
MemTotal:        1844596 kB
MemFree:         1263516 kB
MemAvailable:    1531020 kB
Buffers:           34356 kB
Cached:           364864 kB
MemTotal:        1844596 kB
MemFree:         1263736 kB
MemAvailable:    1531240 kB
Buffers:           34356 kB
Cached:           364864 kB
MemTotal:        1844596 kB
MemFree:         1263556 kB
MemAvailable:    1531060 kB
Buffers:           34356 kB
Cached:           364864 kB
MemTotal:        1844596 kB
MemFree:         1262820 kB
MemAvailable:    1530324 kB
Buffers:           34356 kB
Cached:           364864 kB
MemTotal:        1844596 kB
MemFree:         1263812 kB
MemAvailable:    1531320 kB
Buffers:           34356 kB
Cached:           364868 kB
MemTotal:        1844596 kB
MemFree:         1262820 kB
MemAvailable:    1530328 kB
Buffers:           34356 kB
Cached:           364868 kB
MemTotal:        1844596 kB
MemFree:         1263496 kB
MemAvailable:    1531004 kB
Buffers:           34356 kB
Cached:           364868 kB
MemTotal:        1844596 kB
MemFree:         1263664 kB
MemAvailable:    1531172 kB
Buffers:           34356 kB
Cached:           364868 kB
MemTotal:        1844596 kB
MemFree:         1262136 kB
MemAvailable:    1529644 kB
Buffers:           34356 kB
Cached:           364868 kB
MemTotal:        1844596 kB
MemFree:         1262880 kB
MemAvailable:    1530388 kB
Buffers:           34356 kB
Cached:           364868 kB
MemTotal:        1844596 kB
MemFree:         1258216 kB
MemAvailable:    1525724 kB
Buffers:           34356 kB
Cached:           364868 kB
MemTotal:        1844596 kB
MemFree:         1258108 kB
MemAvailable:    1525616 kB
Buffers:           34356 kB
Cached:           364868 kB
MemTotal:        1844596 kB
MemFree:         1255008 kB
MemAvailable:    1522516 kB
Buffers:           34356 kB
Cached:           364868 kB
MemTotal:        1844596 kB
MemFree:         1254372 kB
MemAvailable:    1521880 kB
Buffers:           34356 kB
Cached:           364868 kB
MemTotal:        1844596 kB
MemFree:         1254456 kB
MemAvailable:    1521964 kB
Buffers:           34356 kB
Cached:           364868 kB
MemTotal:        1844596 kB
MemFree:         1254068 kB
MemAvailable:    1521576 kB
Buffers:           34356 kB
Cached:           364868 kB
MemTotal:        1844596 kB
MemFree:         1253272 kB
MemAvailable:    1520780 kB
Buffers:           34356 kB
Cached:           364868 kB
MemTotal:        1844596 kB
MemFree:         1253704 kB
MemAvailable:    1521212 kB
Buffers:           34356 kB
Cached:           364868 kB
MemTotal:        1844596 kB
MemFree:         1251660 kB
MemAvailable:    1519168 kB
Buffers:           34356 kB
Cached:           364868 kB
MemTotal:        1844596 kB
MemFree:         1252340 kB
MemAvailable:    1519848 kB
Buffers:           34356 kB
Cached:           364868 kB
MemTotal:        1844596 kB
MemFree:         1251900 kB
MemAvailable:    1519408 kB
Buffers:           34356 kB
Cached:           364868 kB
MemTotal:        1844596 kB
MemFree:         1251652 kB
MemAvailable:    1519160 kB
Buffers:           34356 kB
Cached:           364868 kB
MemTotal:        1844596 kB
MemFree:         1251528 kB
MemAvailable:    1519036 kB
Buffers:           34356 kB
Cached:           364868 kB
MemTotal:        1844596 kB
MemFree:         1251784 kB
MemAvailable:    1519292 kB
Buffers:           34356 kB
Cached:           364868 kB
MemTotal:        1844596 kB
MemFree:         1251644 kB
MemAvailable:    1519152 kB
Buffers:           34356 kB
Cached:           364868 kB
MemTotal:        1844596 kB
MemFree:         1251644 kB
MemAvailable:    1519152 kB
Buffers:           34356 kB
Cached:           364868 kB
MemTotal:        1844596 kB
MemFree:         1250512 kB
MemAvailable:    1518020 kB
Buffers:           34356 kB
Cached:           364868 kB
MemTotal:        1844596 kB
MemFree:         1251744 kB
MemAvailable:    1519252 kB
Buffers:           34356 kB
Cached:           364868 kB
MemTotal:        1844596 kB
MemFree:         1251712 kB
MemAvailable:    1519220 kB
Buffers:           34356 kB
Cached:           364868 kB
MemTotal:        1844596 kB
MemFree:         1251040 kB
MemAvailable:    1518548 kB
Buffers:           34356 kB
Cached:           364868 kB
MemTotal:        1844596 kB
MemFree:         1250908 kB
MemAvailable:    1518420 kB
Buffers:           34356 kB
Cached:           364872 kB
MemTotal:        1844596 kB
MemFree:         1250528 kB
MemAvailable:    1518040 kB
Buffers:           34356 kB
Cached:           364872 kB
MemTotal:        1844596 kB
MemFree:         1251784 kB
MemAvailable:    1519296 kB
Buffers:           34356 kB
Cached:           364872 kB
MemTotal:        1844596 kB
MemFree:         1251288 kB
MemAvailable:    1518800 kB
Buffers:           34356 kB
Cached:           364872 kB
MemTotal:        1844596 kB
MemFree:         1251592 kB
MemAvailable:    1519104 kB
Buffers:           34356 kB
Cached:           364872 kB
MemTotal:        1844596 kB
MemFree:         1251760 kB
MemAvailable:    1519272 kB
Buffers:           34356 kB
Cached:           364872 kB
MemTotal:        1844596 kB
MemFree:         1251648 kB
MemAvailable:    1519160 kB
Buffers:           34356 kB
Cached:           364872 kB
MemTotal:        1844596 kB
MemFree:         1251660 kB
MemAvailable:    1519172 kB
Buffers:           34356 kB
Cached:           364872 kB
MemTotal:        1844596 kB
MemFree:         1250916 kB
MemAvailable:    1518428 kB
Buffers:           34356 kB
Cached:           364872 kB
MemTotal:        1844596 kB
MemFree:         1251608 kB
MemAvailable:    1519120 kB
Buffers:           34356 kB
Cached:           364872 kB
MemTotal:        1844596 kB
MemFree:         1250288 kB
MemAvailable:    1517800 kB
Buffers:           34356 kB
Cached:           364872 kB
MemTotal:        1844596 kB
MemFree:         1251904 kB
MemAvailable:    1519416 kB
Buffers:           34356 kB
Cached:           364872 kB
MemTotal:        1844596 kB
MemFree:         1251608 kB
MemAvailable:    1519120 kB
Buffers:           34356 kB
Cached:           364872 kB
MemTotal:        1844596 kB
MemFree:         1251860 kB
MemAvailable:    1519372 kB
Buffers:           34356 kB
Cached:           364872 kB
MemTotal:        1844596 kB
MemFree:         1251672 kB
MemAvailable:    1519184 kB
Buffers:           34356 kB
Cached:           364872 kB
MemTotal:        1844596 kB
MemFree:         1251732 kB
MemAvailable:    1519244 kB
Buffers:           34356 kB
Cached:           364872 kB
MemTotal:        1844596 kB
MemFree:         1251588 kB
MemAvailable:    1519100 kB
Buffers:           34356 kB
Cached:           364872 kB
MemTotal:        1844596 kB
MemFree:         1251840 kB
MemAvailable:    1519352 kB
Buffers:           34356 kB
Cached:           364872 kB
MemTotal:        1844596 kB
MemFree:         1251632 kB
MemAvailable:    1519144 kB
Buffers:           34356 kB
Cached:           364872 kB
MemTotal:        1844596 kB
MemFree:         1251536 kB
MemAvailable:    1519048 kB
Buffers:           34356 kB
Cached:           364872 kB
MemTotal:        1844596 kB
MemFree:         1250272 kB
MemAvailable:    1517784 kB
Buffers:           34356 kB
Cached:           364872 kB
MemTotal:        1844596 kB
MemFree:         1251464 kB
MemAvailable:    1518976 kB
Buffers:           34356 kB
Cached:           364872 kB
MemTotal:        1844596 kB
MemFree:         1251716 kB
MemAvailable:    1519228 kB
Buffers:           34356 kB
Cached:           364872 kB
MemTotal:        1844596 kB
MemFree:         1251700 kB
MemAvailable:    1519212 kB
Buffers:           34356 kB
Cached:           364872 kB
MemTotal:        1844596 kB
MemFree:         1251468 kB
MemAvailable:    1518980 kB
Buffers:           34356 kB
Cached:           364872 kB
MemTotal:        1844596 kB
MemFree:         1251528 kB
MemAvailable:    1519040 kB
Buffers:           34356 kB
Cached:           364872 kB
MemTotal:        1844596 kB
MemFree:         1250240 kB
MemAvailable:    1517752 kB
Buffers:           34356 kB
Cached:           364872 kB
MemTotal:        1844596 kB
MemFree:         1251528 kB
MemAvailable:    1519040 kB
Buffers:           34356 kB
Cached:           364872 kB
MemTotal:        1844596 kB
MemFree:         1251868 kB
MemAvailable:    1519380 kB
Buffers:           34356 kB
Cached:           364872 kB
MemTotal:        1844596 kB
MemFree:         1250364 kB
MemAvailable:    1517876 kB
Buffers:           34356 kB
Cached:           364872 kB
MemTotal:        1844596 kB
MemFree:         1251472 kB
MemAvailable:    1518984 kB
Buffers:           34356 kB
Cached:           364872 kB
MemTotal:        1844596 kB
MemFree:         1251808 kB
MemAvailable:    1519320 kB
Buffers:           34356 kB
Cached:           364872 kB
MemTotal:        1844596 kB
MemFree:         1251592 kB
MemAvailable:    1519104 kB
Buffers:           34356 kB
Cached:           364872 kB
MemTotal:        1844596 kB
MemFree:         1251844 kB
MemAvailable:    1519356 kB
Buffers:           34356 kB
Cached:           364872 kB
MemTotal:        1844596 kB
MemFree:         1251472 kB
MemAvailable:    1518984 kB
Buffers:           34356 kB
Cached:           364872 kB
MemTotal:        1844596 kB
MemFree:         1251728 kB
MemAvailable:    1519240 kB
Buffers:           34356 kB
Cached:           364872 kB
MemTotal:        1844596 kB
MemFree:         1251460 kB
MemAvailable:    1518972 kB
Buffers:           34356 kB
Cached:           364872 kB
MemTotal:        1844596 kB
MemFree:         1251712 kB
MemAvailable:    1519224 kB
Buffers:           34356 kB
Cached:           364872 kB
MemTotal:        1844596 kB
MemFree:         1251592 kB
MemAvailable:    1519104 kB
Buffers:           34356 kB
Cached:           364872 kB
MemTotal:        1844596 kB
MemFree:         1251660 kB
MemAvailable:    1519172 kB
Buffers:           34356 kB
Cached:           364872 kB
MemTotal:        1844596 kB
MemFree:         1251480 kB
MemAvailable:    1518992 kB
Buffers:           34356 kB
Cached:           364872 kB
MemTotal:        1844596 kB
MemFree:         1251472 kB
MemAvailable:    1518984 kB
Buffers:           34356 kB
Cached:           364872 kB
MemTotal:        1844596 kB
MemFree:         1251364 kB
MemAvailable:    1518876 kB
Buffers:           34356 kB
Cached:           364872 kB
MemTotal:        1844596 kB
MemFree:         1251240 kB
MemAvailable:    1518752 kB
Buffers:           34356 kB
Cached:           364872 kB
MemTotal:        1844596 kB
MemFree:         1251048 kB
MemAvailable:    1518560 kB
Buffers:           34356 kB
Cached:           364872 kB
MemTotal:        1844596 kB
MemFree:         1251272 kB
MemAvailable:    1518784 kB
Buffers:           34356 kB
Cached:           364872 kB
MemTotal:        1844596 kB
MemFree:         1251484 kB
MemAvailable:    1518996 kB
Buffers:           34356 kB
Cached:           364872 kB
MemTotal:        1844596 kB
MemFree:         1251112 kB
MemAvailable:    1518624 kB
Buffers:           34356 kB
Cached:           364872 kB
MemTotal:        1844596 kB
MemFree:         1250032 kB
MemAvailable:    1517544 kB
Buffers:           34356 kB
Cached:           364872 kB
MemTotal:        1844596 kB
MemFree:         1250148 kB
MemAvailable:    1517660 kB
Buffers:           34356 kB
Cached:           364872 kB
MemTotal:        1844596 kB
MemFree:         1249776 kB
MemAvailable:    1517288 kB
Buffers:           34356 kB
Cached:           364872 kB
MemTotal:        1844596 kB
MemFree:         1251076 kB
MemAvailable:    1518588 kB
Buffers:           34356 kB
Cached:           364872 kB
MemTotal:        1844596 kB
MemFree:         1251000 kB
MemAvailable:    1518512 kB
Buffers:           34356 kB
Cached:           364872 kB
MemTotal:        1844596 kB
MemFree:         1250916 kB
MemAvailable:    1518428 kB
Buffers:           34356 kB
Cached:           364872 kB
MemTotal:        1844596 kB
MemFree:         1250768 kB
MemAvailable:    1518280 kB
Buffers:           34356 kB
Cached:           364872 kB
MemTotal:        1844596 kB
MemFree:         1249932 kB
MemAvailable:    1517444 kB
Buffers:           34356 kB
Cached:           364872 kB
MemTotal:        1844596 kB
MemFree:         1250660 kB
MemAvailable:    1518172 kB
Buffers:           34356 kB
Cached:           364872 kB
MemTotal:        1844596 kB
MemFree:         1250912 kB
MemAvailable:    1518424 kB
Buffers:           34356 kB
Cached:           364872 kB
MemTotal:        1844596 kB
MemFree:         1250544 kB
MemAvailable:    1518056 kB
Buffers:           34356 kB
Cached:           364872 kB
MemTotal:        1844596 kB
MemFree:         1249256 kB
MemAvailable:    1516768 kB
Buffers:           34356 kB
Cached:           364872 kB
MemTotal:        1844596 kB
MemFree:         1250528 kB
MemAvailable:    1518040 kB
Buffers:           34356 kB
Cached:           364872 kB
MemTotal:        1844596 kB
MemFree:         1250612 kB
MemAvailable:    1518124 kB
Buffers:           34356 kB
Cached:           364872 kB
MemTotal:        1844596 kB
MemFree:         1250596 kB
MemAvailable:    1518108 kB
Buffers:           34356 kB
Cached:           364872 kB
MemTotal:        1844596 kB
MemFree:         1250596 kB
MemAvailable:    1518108 kB
Buffers:           34356 kB
Cached:           364872 kB
MemTotal:        1844596 kB
MemFree:         1250652 kB
MemAvailable:    1518164 kB
Buffers:           34356 kB
Cached:           364872 kB
MemTotal:        1844596 kB
MemFree:         1250544 kB
MemAvailable:    1518056 kB
Buffers:           34356 kB
Cached:           364872 kB
MemTotal:        1844596 kB
MemFree:         1250480 kB
MemAvailable:    1517992 kB
Buffers:           34356 kB
Cached:           364872 kB
MemTotal:        1844596 kB
MemFree:         1250736 kB
MemAvailable:    1518248 kB
Buffers:           34356 kB
Cached:           364872 kB
MemTotal:        1844596 kB
MemFree:         1249276 kB
MemAvailable:    1516788 kB
Buffers:           34356 kB
Cached:           364872 kB
MemTotal:        1844596 kB
MemFree:         1249172 kB
MemAvailable:    1516684 kB
Buffers:           34356 kB
Cached:           364872 kB
MemTotal:        1844596 kB
MemFree:         1250544 kB
MemAvailable:    1518056 kB
Buffers:           34356 kB
Cached:           364872 kB
MemTotal:        1844596 kB
MemFree:         1249428 kB
MemAvailable:    1516940 kB
Buffers:           34356 kB
Cached:           364872 kB
MemTotal:        1844596 kB
MemFree:         1248668 kB
MemAvailable:    1516180 kB
Buffers:           34356 kB
Cached:           364872 kB
MemTotal:        1844596 kB
MemFree:         1248752 kB
MemAvailable:    1516264 kB
Buffers:           34356 kB
Cached:           364872 kB
MemTotal:        1844596 kB
MemFree:         1243776 kB
MemAvailable:    1511288 kB
Buffers:           34356 kB
Cached:           364872 kB
MemTotal:        1844596 kB
MemFree:         1239624 kB
MemAvailable:    1507136 kB
Buffers:           34356 kB
Cached:           364872 kB
MemTotal:        1844596 kB
MemFree:         1240360 kB
MemAvailable:    1507872 kB
Buffers:           34356 kB
Cached:           364872 kB
MemTotal:        1844596 kB
MemFree:         1240120 kB
MemAvailable:    1507632 kB
Buffers:           34356 kB
Cached:           364872 kB
MemTotal:        1844596 kB
MemFree:         1238764 kB
MemAvailable:    1506288 kB
Buffers:           34356 kB
Cached:           364884 kB
MemTotal:        1844596 kB
MemFree:         1239692 kB
MemAvailable:    1507216 kB
Buffers:           34356 kB
Cached:           364884 kB
MemTotal:        1844596 kB
MemFree:         1239560 kB
MemAvailable:    1507084 kB
Buffers:           34356 kB
Cached:           364884 kB
MemTotal:        1844596 kB
MemFree:         1238212 kB
MemAvailable:    1505736 kB
Buffers:           34356 kB
Cached:           364884 kB
MemTotal:        1844596 kB
MemFree:         1238748 kB
MemAvailable:    1506272 kB
Buffers:           34356 kB
Cached:           364884 kB
MemTotal:        1844596 kB
MemFree:         1238832 kB
MemAvailable:    1506356 kB
Buffers:           34356 kB
Cached:           364884 kB
MemTotal:        1844596 kB
MemFree:         1237764 kB
MemAvailable:    1505288 kB
Buffers:           34356 kB
Cached:           364884 kB
MemTotal:        1844596 kB
MemFree:         1237780 kB
MemAvailable:    1505304 kB
Buffers:           34356 kB
Cached:           364884 kB
MemTotal:        1844596 kB
MemFree:         1237392 kB
MemAvailable:    1504916 kB
Buffers:           34356 kB
Cached:           364884 kB
MemTotal:        1844596 kB
MemFree:         1237284 kB
MemAvailable:    1504808 kB
Buffers:           34356 kB
Cached:           364884 kB
MemTotal:        1844596 kB
MemFree:         1237136 kB
MemAvailable:    1504660 kB
Buffers:           34356 kB
Cached:           364884 kB
MemTotal:        1844596 kB
MemFree:         1237136 kB
MemAvailable:    1504660 kB
Buffers:           34356 kB
Cached:           364884 kB
MemTotal:        1844596 kB
MemFree:         1237216 kB
MemAvailable:    1504740 kB
Buffers:           34356 kB
Cached:           364884 kB
MemTotal:        1844596 kB
MemFree:         1237036 kB
MemAvailable:    1504560 kB
Buffers:           34356 kB
Cached:           364884 kB
MemTotal:        1844596 kB
MemFree:         1237136 kB
MemAvailable:    1504660 kB
Buffers:           34356 kB
Cached:           364884 kB
MemTotal:        1844596 kB
MemFree:         1237388 kB
MemAvailable:    1504912 kB
Buffers:           34356 kB
Cached:           364884 kB
MemTotal:        1844596 kB
MemFree:         1237216 kB
MemAvailable:    1504740 kB
Buffers:           34356 kB
Cached:           364884 kB
MemTotal:        1844596 kB
MemFree:         1237384 kB
MemAvailable:    1504908 kB
Buffers:           34356 kB
Cached:           364884 kB
MemTotal:        1844596 kB
MemFree:         1237148 kB
MemAvailable:    1504672 kB
Buffers:           34356 kB
Cached:           364884 kB
MemTotal:        1844596 kB
MemFree:         1235884 kB
MemAvailable:    1503408 kB
Buffers:           34356 kB
Cached:           364884 kB
MemTotal:        1844596 kB
MemFree:         1235856 kB
MemAvailable:    1503380 kB
Buffers:           34356 kB
Cached:           364884 kB
MemTotal:        1844596 kB
MemFree:         1237164 kB
MemAvailable:    1504688 kB
Buffers:           34356 kB
Cached:           364884 kB
MemTotal:        1844596 kB
MemFree:         1237284 kB
MemAvailable:    1504808 kB
Buffers:           34356 kB
Cached:           364884 kB
MemTotal:        1844596 kB
MemFree:         1236408 kB
MemAvailable:    1503932 kB
Buffers:           34356 kB
Cached:           364884 kB
MemTotal:        1844596 kB
MemFree:         1237460 kB
MemAvailable:    1504988 kB
Buffers:           34356 kB
Cached:           364888 kB
MemTotal:        1844596 kB
MemFree:         1235912 kB
MemAvailable:    1503440 kB
Buffers:           34356 kB
Cached:           364888 kB
MemTotal:        1844596 kB
MemFree:         1236592 kB
MemAvailable:    1504120 kB
Buffers:           34356 kB
Cached:           364888 kB
MemTotal:        1844596 kB
MemFree:         1234672 kB
MemAvailable:    1502200 kB
Buffers:           34368 kB
Cached:           364876 kB
MemTotal:        1844596 kB
MemFree:         1234300 kB
MemAvailable:    1501828 kB
Buffers:           34368 kB
Cached:           364876 kB
MemTotal:        1844596 kB
MemFree:         1235088 kB
MemAvailable:    1502616 kB
Buffers:           34368 kB
Cached:           364876 kB
MemTotal:        1844596 kB
MemFree:         1234764 kB
MemAvailable:    1502292 kB
Buffers:           34368 kB
Cached:           364876 kB
MemTotal:        1844596 kB
MemFree:         1234764 kB
MemAvailable:    1502292 kB
Buffers:           34368 kB
Cached:           364876 kB
MemTotal:        1844596 kB
MemFree:         1234768 kB
MemAvailable:    1502296 kB
Buffers:           34368 kB
Cached:           364876 kB
MemTotal:        1844596 kB
MemFree:         1234796 kB
MemAvailable:    1502324 kB
Buffers:           34368 kB
Cached:           364876 kB
MemTotal:        1844596 kB
MemFree:         1233300 kB
MemAvailable:    1500828 kB
Buffers:           34368 kB
Cached:           364876 kB
MemTotal:        1844596 kB
MemFree:         1233864 kB
MemAvailable:    1501392 kB
Buffers:           34368 kB
Cached:           364876 kB
MemTotal:        1844596 kB
MemFree:         1233392 kB
MemAvailable:    1500920 kB
Buffers:           34368 kB
Cached:           364876 kB
MemTotal:        1844596 kB
MemFree:         1233156 kB
MemAvailable:    1500684 kB
Buffers:           34368 kB
Cached:           364876 kB
MemTotal:        1844596 kB
MemFree:         1231944 kB
MemAvailable:    1499472 kB
Buffers:           34368 kB
Cached:           364876 kB
MemTotal:        1844596 kB
MemFree:         1232424 kB
MemAvailable:    1499952 kB
Buffers:           34368 kB
Cached:           364876 kB
MemTotal:        1844596 kB
MemFree:         1231944 kB
MemAvailable:    1499472 kB
Buffers:           34368 kB
Cached:           364876 kB
MemTotal:        1844596 kB
MemFree:         1232168 kB
MemAvailable:    1499696 kB
Buffers:           34368 kB
Cached:           364876 kB
MemTotal:        1844596 kB
MemFree:         1231928 kB
MemAvailable:    1499456 kB
Buffers:           34368 kB
Cached:           364876 kB
MemTotal:        1844596 kB
MemFree:         1230812 kB
MemAvailable:    1498340 kB
Buffers:           34368 kB
Cached:           364876 kB
MemTotal:        1844596 kB
MemFree:         1230804 kB
MemAvailable:    1498332 kB
Buffers:           34368 kB
Cached:           364876 kB
MemTotal:        1844596 kB
MemFree:         1232112 kB
MemAvailable:    1499640 kB
Buffers:           34368 kB
Cached:           364876 kB
MemTotal:        1844596 kB
MemFree:         1232064 kB
MemAvailable:    1499592 kB
Buffers:           34368 kB
Cached:           364876 kB
MemTotal:        1844596 kB
MemFree:         1230632 kB
MemAvailable:    1498160 kB
Buffers:           34368 kB
Cached:           364876 kB
MemTotal:        1844596 kB
MemFree:         1230880 kB
MemAvailable:    1498408 kB
Buffers:           34368 kB
Cached:           364876 kB
MemTotal:        1844596 kB
MemFree:         1232032 kB
MemAvailable:    1499560 kB
Buffers:           34368 kB
Cached:           364876 kB
MemTotal:        1844596 kB
MemFree:         1232200 kB
MemAvailable:    1499728 kB
Buffers:           34368 kB
Cached:           364876 kB
MemTotal:        1844596 kB
MemFree:         1230696 kB
MemAvailable:    1498224 kB
Buffers:           34368 kB
Cached:           364876 kB
MemTotal:        1844596 kB
MemFree:         1231804 kB
MemAvailable:    1499332 kB
Buffers:           34368 kB
Cached:           364876 kB
MemTotal:        1844596 kB
MemFree:         1231804 kB
MemAvailable:    1499332 kB
Buffers:           34368 kB
Cached:           364876 kB
MemTotal:        1844596 kB
MemFree:         1231928 kB
MemAvailable:    1499456 kB
Buffers:           34368 kB
Cached:           364876 kB
MemTotal:        1844596 kB
MemFree:         1231868 kB
MemAvailable:    1499396 kB
Buffers:           34368 kB
Cached:           364876 kB
MemTotal:        1844596 kB
MemFree:         1231856 kB
MemAvailable:    1499384 kB
Buffers:           34368 kB
Cached:           364876 kB
MemTotal:        1844596 kB
MemFree:         1231688 kB
MemAvailable:    1499216 kB
Buffers:           34368 kB
Cached:           364876 kB
MemTotal:        1844596 kB
MemFree:         1232028 kB
MemAvailable:    1499556 kB
Buffers:           34368 kB
Cached:           364876 kB
MemTotal:        1844596 kB
MemFree:         1230448 kB
MemAvailable:    1497976 kB
Buffers:           34368 kB
Cached:           364876 kB
MemTotal:        1844596 kB
MemFree:         1230572 kB
MemAvailable:    1498100 kB
Buffers:           34368 kB
Cached:           364876 kB
MemTotal:        1844596 kB
MemFree:         1230572 kB
MemAvailable:    1498100 kB
Buffers:           34368 kB
Cached:           364876 kB
MemTotal:        1844596 kB
MemFree:         1231872 kB
MemAvailable:    1499400 kB
Buffers:           34368 kB
Cached:           364876 kB
MemTotal:        1844596 kB
MemFree:         1230688 kB
MemAvailable:    1498216 kB
Buffers:           34368 kB
Cached:           364876 kB
MemTotal:        1844596 kB
MemFree:         1230688 kB
MemAvailable:    1498216 kB
Buffers:           34368 kB
Cached:           364876 kB
MemTotal:        1844596 kB
MemFree:         1230688 kB
MemAvailable:    1498216 kB
Buffers:           34368 kB
Cached:           364876 kB
MemTotal:        1844596 kB
MemFree:         1231948 kB
MemAvailable:    1499476 kB
Buffers:           34368 kB
Cached:           364876 kB
MemTotal:        1844596 kB
MemFree:         1230952 kB
MemAvailable:    1498480 kB
Buffers:           34368 kB
Cached:           364876 kB
MemTotal:        1844596 kB
MemFree:         1230764 kB
MemAvailable:    1498308 kB
Buffers:           34368 kB
Cached:           364892 kB
MemTotal:        1844596 kB
MemFree:         1229332 kB
MemAvailable:    1496876 kB
Buffers:           34368 kB
Cached:           364892 kB
MemTotal:        1844596 kB
MemFree:         1229332 kB
MemAvailable:    1496876 kB
Buffers:           34368 kB
Cached:           364892 kB
MemTotal:        1844596 kB
MemFree:         1230408 kB
MemAvailable:    1497952 kB
Buffers:           34368 kB
Cached:           364892 kB
MemTotal:        1844596 kB
MemFree:         1228904 kB
MemAvailable:    1496448 kB
Buffers:           34368 kB
Cached:           364892 kB
MemTotal:        1844596 kB
MemFree:         1226240 kB
MemAvailable:    1493784 kB
Buffers:           34368 kB
Cached:           364892 kB
MemTotal:        1844596 kB
MemFree:         1225240 kB
MemAvailable:    1492784 kB
Buffers:           34368 kB
Cached:           364892 kB
MemTotal:        1844596 kB
MemFree:         1222324 kB
MemAvailable:    1489868 kB
Buffers:           34368 kB
Cached:           364892 kB
MemTotal:        1844596 kB
MemFree:         1219156 kB
MemAvailable:    1486700 kB
Buffers:           34368 kB
Cached:           364892 kB
MemTotal:        1844596 kB
MemFree:         1218924 kB
MemAvailable:    1486468 kB
Buffers:           34368 kB
Cached:           364892 kB
MemTotal:        1844596 kB
MemFree:         1214568 kB
MemAvailable:    1482116 kB
Buffers:           34368 kB
Cached:           364896 kB
MemTotal:        1844596 kB
MemFree:         1213964 kB
MemAvailable:    1481512 kB
Buffers:           34368 kB
Cached:           364896 kB
MemTotal:        1844596 kB
MemFree:         1213204 kB
MemAvailable:    1480752 kB
Buffers:           34368 kB
Cached:           364896 kB
MemTotal:        1844596 kB
MemFree:         1213288 kB
MemAvailable:    1480836 kB
Buffers:           34368 kB
Cached:           364896 kB
MemTotal:        1844596 kB
MemFree:         1213268 kB
MemAvailable:    1480816 kB
Buffers:           34368 kB
Cached:           364896 kB
MemTotal:        1844596 kB
MemFree:         1211960 kB
MemAvailable:    1479508 kB
Buffers:           34368 kB
Cached:           364896 kB
MemTotal:        1844596 kB
MemFree:         1213136 kB
MemAvailable:    1480684 kB
Buffers:           34368 kB
Cached:           364896 kB
MemTotal:        1844596 kB
MemFree:         1213004 kB
MemAvailable:    1480552 kB
Buffers:           34368 kB
Cached:           364896 kB
MemTotal:        1844596 kB
MemFree:         1211572 kB
MemAvailable:    1479120 kB
Buffers:           34368 kB
Cached:           364896 kB
MemTotal:        1844596 kB
MemFree:         1212688 kB
MemAvailable:    1480236 kB
Buffers:           34368 kB
Cached:           364896 kB
MemTotal:        1844596 kB
MemFree:         1212748 kB
MemAvailable:    1480296 kB
Buffers:           34368 kB
Cached:           364896 kB
MemTotal:        1844596 kB
MemFree:         1212872 kB
MemAvailable:    1480420 kB
Buffers:           34368 kB
Cached:           364896 kB
MemTotal:        1844596 kB
MemFree:         1211440 kB
MemAvailable:    1478988 kB
Buffers:           34368 kB
Cached:           364896 kB
MemTotal:        1844596 kB
MemFree:         1212164 kB
MemAvailable:    1479712 kB
Buffers:           34368 kB
Cached:           364896 kB
MemTotal:        1844596 kB
MemFree:         1210988 kB
MemAvailable:    1478536 kB
Buffers:           34368 kB
Cached:           364896 kB
MemTotal:        1844596 kB
MemFree:         1210856 kB
MemAvailable:    1478404 kB
Buffers:           34368 kB
Cached:           364896 kB
MemTotal:        1844596 kB
MemFree:         1212096 kB
MemAvailable:    1479644 kB
Buffers:           34368 kB
Cached:           364896 kB
MemTotal:        1844596 kB
MemFree:         1211112 kB
MemAvailable:    1478660 kB
Buffers:           34368 kB
Cached:           364896 kB
MemTotal:        1844596 kB
MemFree:         1212352 kB
MemAvailable:    1479900 kB
Buffers:           34368 kB
Cached:           364896 kB
MemTotal:        1844596 kB
MemFree:         1211112 kB
MemAvailable:    1478660 kB
Buffers:           34368 kB
Cached:           364896 kB
MemTotal:        1844596 kB
MemFree:         1211840 kB
MemAvailable:    1479388 kB
Buffers:           34368 kB
Cached:           364896 kB
MemTotal:        1844596 kB
MemFree:         1212176 kB
MemAvailable:    1479724 kB
Buffers:           34368 kB
Cached:           364896 kB
MemTotal:        1844596 kB
MemFree:         1212048 kB
MemAvailable:    1479596 kB
Buffers:           34368 kB
Cached:           364896 kB
MemTotal:        1844596 kB
MemFree:         1212048 kB
MemAvailable:    1479596 kB
Buffers:           34368 kB
Cached:           364896 kB
MemTotal:        1844596 kB
MemFree:         1211924 kB
MemAvailable:    1479472 kB
Buffers:           34368 kB
Cached:           364896 kB
MemTotal:        1844596 kB
MemFree:         1211916 kB
MemAvailable:    1479464 kB
Buffers:           34368 kB
Cached:           364896 kB
MemTotal:        1844596 kB
MemFree:         1212172 kB
MemAvailable:    1479720 kB
Buffers:           34368 kB
Cached:           364896 kB
MemTotal:        1844596 kB
MemFree:         1211820 kB
MemAvailable:    1479368 kB
Buffers:           34368 kB
Cached:           364896 kB
MemTotal:        1844596 kB
MemFree:         1211904 kB
MemAvailable:    1479452 kB
Buffers:           34368 kB
Cached:           364896 kB
MemTotal:        1844596 kB
MemFree:         1212092 kB
MemAvailable:    1479640 kB
Buffers:           34368 kB
Cached:           364896 kB
MemTotal:        1844596 kB
MemFree:         1210928 kB
MemAvailable:    1478476 kB
Buffers:           34368 kB
Cached:           364896 kB
MemTotal:        1844596 kB
MemFree:         1211360 kB
MemAvailable:    1478908 kB
Buffers:           34368 kB
Cached:           364896 kB
MemTotal:        1844596 kB
MemFree:         1211808 kB
MemAvailable:    1479356 kB
Buffers:           34368 kB
Cached:           364896 kB
MemTotal:        1844596 kB
MemFree:         1211840 kB
MemAvailable:    1479388 kB
Buffers:           34368 kB
Cached:           364896 kB
MemTotal:        1844596 kB
MemFree:         1211840 kB
MemAvailable:    1479388 kB
Buffers:           34368 kB
Cached:           364896 kB
MemTotal:        1844596 kB
MemFree:         1212036 kB
MemAvailable:    1479584 kB
Buffers:           34368 kB
Cached:           364896 kB
MemTotal:        1844596 kB
MemFree:         1212204 kB
MemAvailable:    1479752 kB
Buffers:           34368 kB
Cached:           364896 kB
MemTotal:        1844596 kB
MemFree:         1210844 kB
MemAvailable:    1478392 kB
Buffers:           34368 kB
Cached:           364896 kB
MemTotal:        1844596 kB
MemFree:         1210720 kB
MemAvailable:    1478268 kB
Buffers:           34368 kB
Cached:           364896 kB
MemTotal:        1844596 kB
MemFree:         1211092 kB
MemAvailable:    1478640 kB
Buffers:           34368 kB
Cached:           364896 kB
MemTotal:        1844596 kB
MemFree:         1210844 kB
MemAvailable:    1478392 kB
Buffers:           34368 kB
Cached:           364896 kB
MemTotal:        1844596 kB
MemFree:         1211668 kB
MemAvailable:    1479216 kB
Buffers:           34368 kB
Cached:           364896 kB
MemTotal:        1844596 kB
MemFree:         1208880 kB
MemAvailable:    1476428 kB
Buffers:           34368 kB
Cached:           364896 kB
MemTotal:        1844596 kB
MemFree:         1204896 kB
MemAvailable:    1472444 kB
Buffers:           34368 kB
Cached:           364896 kB
MemTotal:        1844596 kB
MemFree:         1204984 kB
MemAvailable:    1472532 kB
Buffers:           34368 kB
Cached:           364896 kB
MemTotal:        1844596 kB
MemFree:         1200564 kB
MemAvailable:    1468112 kB
Buffers:           34368 kB
Cached:           364896 kB
MemTotal:        1844596 kB
MemFree:         1196844 kB
MemAvailable:    1464392 kB
Buffers:           34368 kB
Cached:           364896 kB
MemTotal:        1844596 kB
MemFree:         1196116 kB
MemAvailable:    1463664 kB
Buffers:           34368 kB
Cached:           364896 kB
MemTotal:        1844596 kB
MemFree:         1193372 kB
MemAvailable:    1460920 kB
Buffers:           34368 kB
Cached:           364896 kB
MemTotal:        1844596 kB
MemFree:         1194680 kB
MemAvailable:    1462228 kB
Buffers:           34368 kB
Cached:           364896 kB
MemTotal:        1844596 kB
MemFree:         1193248 kB
MemAvailable:    1460796 kB
Buffers:           34368 kB
Cached:           364896 kB
MemTotal:        1844596 kB
MemFree:         1194232 kB
MemAvailable:    1461780 kB
Buffers:           34368 kB
Cached:           364896 kB
MemTotal:        1844596 kB
MemFree:         1194232 kB
MemAvailable:    1461780 kB
Buffers:           34368 kB
Cached:           364896 kB
MemTotal:        1844596 kB
MemFree:         1193200 kB
MemAvailable:    1460748 kB
Buffers:           34368 kB
Cached:           364896 kB
MemTotal:        1844596 kB
MemFree:         1193104 kB
MemAvailable:    1460652 kB
Buffers:           34368 kB
Cached:           364896 kB
MemTotal:        1844596 kB
MemFree:         1194232 kB
MemAvailable:    1461780 kB
Buffers:           34368 kB
Cached:           364896 kB
MemTotal:        1844596 kB
MemFree:         1193504 kB
MemAvailable:    1461052 kB
Buffers:           34368 kB
Cached:           364896 kB
MemTotal:        1844596 kB
MemFree:         1194184 kB
MemAvailable:    1461736 kB
Buffers:           34368 kB
Cached:           364900 kB
MemTotal:        1844596 kB
MemFree:         1193000 kB
MemAvailable:    1460552 kB
Buffers:           34368 kB
Cached:           364900 kB
MemTotal:        1844596 kB
MemFree:         1193808 kB
MemAvailable:    1461360 kB
Buffers:           34368 kB
Cached:           364900 kB
MemTotal:        1844596 kB
MemFree:         1194000 kB
MemAvailable:    1461552 kB
Buffers:           34368 kB
Cached:           364900 kB
MemTotal:        1844596 kB
MemFree:         1193612 kB
MemAvailable:    1461164 kB
Buffers:           34368 kB
Cached:           364900 kB
MemTotal:        1844596 kB
MemFree:         1193612 kB
MemAvailable:    1461164 kB
Buffers:           34368 kB
Cached:           364900 kB
MemTotal:        1844596 kB
MemFree:         1192624 kB
MemAvailable:    1460176 kB
Buffers:           34368 kB
Cached:           364900 kB
MemTotal:        1844596 kB
MemFree:         1193924 kB
MemAvailable:    1461476 kB
Buffers:           34368 kB
Cached:           364900 kB
MemTotal:        1844596 kB
MemFree:         1193696 kB
MemAvailable:    1461248 kB
Buffers:           34368 kB
Cached:           364900 kB
MemTotal:        1844596 kB
MemFree:         1193696 kB
MemAvailable:    1461248 kB
Buffers:           34368 kB
Cached:           364900 kB
MemTotal:        1844596 kB
MemFree:         1192504 kB
MemAvailable:    1460056 kB
Buffers:           34368 kB
Cached:           364900 kB
MemTotal:        1844596 kB
MemFree:         1193736 kB
MemAvailable:    1461288 kB
Buffers:           34368 kB
Cached:           364900 kB
MemTotal:        1844596 kB
MemFree:         1193988 kB
MemAvailable:    1461540 kB
Buffers:           34368 kB
Cached:           364900 kB
MemTotal:        1844596 kB
MemFree:         1193864 kB
MemAvailable:    1461416 kB
Buffers:           34368 kB
Cached:           364900 kB
MemTotal:        1844596 kB
MemFree:         1193792 kB
MemAvailable:    1461344 kB
Buffers:           34368 kB
Cached:           364900 kB
MemTotal:        1844596 kB
MemFree:         1192616 kB
MemAvailable:    1460168 kB
Buffers:           34368 kB
Cached:           364900 kB
MemTotal:        1844596 kB
MemFree:         1193940 kB
MemAvailable:    1461496 kB
Buffers:           34368 kB
Cached:           364904 kB
MemTotal:        1844596 kB
MemFree:         1193124 kB
MemAvailable:    1460680 kB
Buffers:           34368 kB
Cached:           364904 kB
MemTotal:        1844596 kB
MemFree:         1193572 kB
MemAvailable:    1461128 kB
Buffers:           34368 kB
Cached:           364904 kB
MemTotal:        1844596 kB
MemFree:         1193908 kB
MemAvailable:    1461464 kB
Buffers:           34368 kB
Cached:           364904 kB
MemTotal:        1844596 kB
MemFree:         1193692 kB
MemAvailable:    1461248 kB
Buffers:           34368 kB
Cached:           364904 kB
MemTotal:        1844596 kB
MemFree:         1193776 kB
MemAvailable:    1461332 kB
Buffers:           34368 kB
Cached:           364904 kB
MemTotal:        1844596 kB
MemFree:         1192480 kB
MemAvailable:    1460036 kB
Buffers:           34368 kB
Cached:           364904 kB
MemTotal:        1844596 kB
MemFree:         1193696 kB
MemAvailable:    1461252 kB
Buffers:           34368 kB
Cached:           364904 kB
MemTotal:        1844596 kB
MemFree:         1193952 kB
MemAvailable:    1461508 kB
Buffers:           34368 kB
Cached:           364904 kB
MemTotal:        1844596 kB
MemFree:         1192616 kB
MemAvailable:    1460172 kB
Buffers:           34368 kB
Cached:           364904 kB
MemTotal:        1844596 kB
MemFree:         1193924 kB
MemAvailable:    1461480 kB
Buffers:           34368 kB
Cached:           364904 kB
MemTotal:        1844596 kB
MemFree:         1193812 kB
MemAvailable:    1461368 kB
Buffers:           34368 kB
Cached:           364904 kB
MemTotal:        1844596 kB
MemFree:         1190644 kB
MemAvailable:    1458200 kB
Buffers:           34368 kB
Cached:           364904 kB
MemTotal:        1844596 kB
MemFree:         1190644 kB
MemAvailable:    1458200 kB
Buffers:           34368 kB
Cached:           364904 kB
MemTotal:        1844596 kB
MemFree:         1185380 kB
MemAvailable:    1452936 kB
Buffers:           34368 kB
Cached:           364904 kB
MemTotal:        1844596 kB
MemFree:         1181972 kB
MemAvailable:    1449528 kB
Buffers:           34368 kB
Cached:           364904 kB
MemTotal:        1844596 kB
MemFree:         1179732 kB
MemAvailable:    1447288 kB
Buffers:           34368 kB
Cached:           364904 kB
MemTotal:        1844596 kB
MemFree:         1176376 kB
MemAvailable:    1443932 kB
Buffers:           34368 kB
Cached:           364904 kB
MemTotal:        1844596 kB
MemFree:         1176712 kB
MemAvailable:    1444268 kB
Buffers:           34368 kB
Cached:           364904 kB
MemTotal:        1844596 kB
MemFree:         1176444 kB
MemAvailable:    1444000 kB
Buffers:           34368 kB
Cached:           364904 kB
MemTotal:        1844596 kB
MemFree:         1176196 kB
MemAvailable:    1443752 kB
Buffers:           34368 kB
Cached:           364904 kB
MemTotal:        1844596 kB
MemFree:         1176448 kB
MemAvailable:    1444004 kB
Buffers:           34368 kB
Cached:           364904 kB
MemTotal:        1844596 kB
MemFree:         1176188 kB
MemAvailable:    1443744 kB
Buffers:           34368 kB
Cached:           364904 kB
MemTotal:        1844596 kB
MemFree:         1174888 kB
MemAvailable:    1442444 kB
Buffers:           34368 kB
Cached:           364904 kB
MemTotal:        1844596 kB
MemFree:         1176112 kB
MemAvailable:    1443668 kB
Buffers:           34368 kB
Cached:           364904 kB
MemTotal:        1844596 kB
MemFree:         1176364 kB
MemAvailable:    1443920 kB
Buffers:           34368 kB
Cached:           364904 kB
MemTotal:        1844596 kB
MemFree:         1175080 kB
MemAvailable:    1442636 kB
Buffers:           34368 kB
Cached:           364904 kB
MemTotal:        1844596 kB
MemFree:         1176064 kB
MemAvailable:    1443620 kB
Buffers:           34368 kB
Cached:           364904 kB
MemTotal:        1844596 kB
MemFree:         1176232 kB
MemAvailable:    1443788 kB
Buffers:           34368 kB
Cached:           364904 kB
MemTotal:        1844596 kB
MemFree:         1174888 kB
MemAvailable:    1442444 kB
Buffers:           34368 kB
Cached:           364904 kB
MemTotal:        1844596 kB
MemFree:         1174892 kB
MemAvailable:    1442448 kB
Buffers:           34368 kB
Cached:           364904 kB
MemTotal:        1844596 kB
MemFree:         1176404 kB
MemAvailable:    1443960 kB
Buffers:           34368 kB
Cached:           364904 kB
MemTotal:        1844596 kB
MemFree:         1176196 kB
MemAvailable:    1443752 kB
Buffers:           34368 kB
Cached:           364904 kB
MemTotal:        1844596 kB
MemFree:         1176448 kB
MemAvailable:    1444004 kB
Buffers:           34368 kB
Cached:           364904 kB
MemTotal:        1844596 kB
MemFree:         1174964 kB
MemAvailable:    1442520 kB
Buffers:           34368 kB
Cached:           364904 kB
MemTotal:        1844596 kB
MemFree:         1176392 kB
MemAvailable:    1443948 kB
Buffers:           34368 kB
Cached:           364904 kB
MemTotal:        1844596 kB
MemFree:         1176304 kB
MemAvailable:    1443860 kB
Buffers:           34368 kB
Cached:           364904 kB
MemTotal:        1844596 kB
MemFree:         1176256 kB
MemAvailable:    1443812 kB
Buffers:           34368 kB
Cached:           364904 kB
MemTotal:        1844596 kB
MemFree:         1174980 kB
MemAvailable:    1442536 kB
Buffers:           34368 kB
Cached:           364904 kB
MemTotal:        1844596 kB
MemFree:         1175648 kB
MemAvailable:    1443204 kB
Buffers:           34368 kB
Cached:           364904 kB
MemTotal:        1844596 kB
MemFree:         1175252 kB
MemAvailable:    1442808 kB
Buffers:           34368 kB
Cached:           364904 kB
MemTotal:        1844596 kB
MemFree:         1175588 kB
MemAvailable:    1443144 kB
Buffers:           34368 kB
Cached:           364904 kB
MemTotal:        1844596 kB
MemFree:         1175204 kB
MemAvailable:    1442760 kB
Buffers:           34368 kB
Cached:           364904 kB
MemTotal:        1844596 kB
MemFree:         1175372 kB
MemAvailable:    1442928 kB
Buffers:           34368 kB
Cached:           364904 kB
MemTotal:        1844596 kB
MemFree:         1175096 kB
MemAvailable:    1442652 kB
Buffers:           34368 kB
Cached:           364904 kB
MemTotal:        1844596 kB
MemFree:         1174016 kB
MemAvailable:    1441572 kB
Buffers:           34368 kB
Cached:           364904 kB
MemTotal:        1844596 kB
MemFree:         1173836 kB
MemAvailable:    1441392 kB
Buffers:           34368 kB
Cached:           364904 kB
MemTotal:        1844596 kB
MemFree:         1171052 kB
MemAvailable:    1438608 kB
Buffers:           34368 kB
Cached:           364904 kB
MemTotal:        1844596 kB
MemFree:         1169076 kB
MemAvailable:    1436632 kB
Buffers:           34368 kB
Cached:           364904 kB
MemTotal:        1844596 kB
MemFree:         1167092 kB
MemAvailable:    1434648 kB
Buffers:           34368 kB
Cached:           364904 kB
MemTotal:        1844596 kB
MemFree:         1163736 kB
MemAvailable:    1431292 kB
Buffers:           34368 kB
Cached:           364904 kB
MemTotal:        1844596 kB
MemFree:         1163736 kB
MemAvailable:    1431292 kB
Buffers:           34368 kB
Cached:           364904 kB
MemTotal:        1844596 kB
MemFree:         1158908 kB
MemAvailable:    1426464 kB
Buffers:           34368 kB
Cached:           364904 kB
MemTotal:        1844596 kB
MemFree:         1158412 kB
MemAvailable:    1425968 kB
Buffers:           34368 kB
Cached:           364904 kB
MemTotal:        1844596 kB
MemFree:         1154488 kB
MemAvailable:    1422044 kB
Buffers:           34368 kB
Cached:           364904 kB
MemTotal:        1844596 kB
MemFree:         1151468 kB
MemAvailable:    1419024 kB
Buffers:           34368 kB
Cached:           364904 kB
MemTotal:        1844596 kB
MemFree:         1149848 kB
MemAvailable:    1417404 kB
Buffers:           34368 kB
Cached:           364904 kB
MemTotal:        1844596 kB
MemFree:         1149740 kB
MemAvailable:    1417296 kB
Buffers:           34368 kB
Cached:           364904 kB
MemTotal:        1844596 kB
MemFree:         1145500 kB
MemAvailable:    1413056 kB
Buffers:           34368 kB
Cached:           364904 kB
MemTotal:        1844596 kB
MemFree:         1145588 kB
MemAvailable:    1413144 kB
Buffers:           34368 kB
Cached:           364904 kB
MemTotal:        1844596 kB
MemFree:         1144508 kB
MemAvailable:    1412064 kB
Buffers:           34368 kB
Cached:           364904 kB
MemTotal:        1844596 kB
MemFree:         1144508 kB
MemAvailable:    1412064 kB
Buffers:           34368 kB
Cached:           364904 kB
MemTotal:        1844596 kB
MemFree:         1144372 kB
MemAvailable:    1411928 kB
Buffers:           34368 kB
Cached:           364904 kB
MemTotal:        1844596 kB
MemFree:         1144276 kB
MemAvailable:    1411832 kB
Buffers:           34368 kB
Cached:           364904 kB
MemTotal:        1844596 kB
MemFree:         1143096 kB
MemAvailable:    1410652 kB
Buffers:           34368 kB
Cached:           364904 kB
MemTotal:        1844596 kB
MemFree:         1144552 kB
MemAvailable:    1412108 kB
Buffers:           34368 kB
Cached:           364904 kB
MemTotal:        1844596 kB
MemFree:         1144324 kB
MemAvailable:    1411880 kB
Buffers:           34368 kB
Cached:           364904 kB
MemTotal:        1844596 kB
MemFree:         1144576 kB
MemAvailable:    1412132 kB
Buffers:           34368 kB
Cached:           364904 kB
MemTotal:        1844596 kB
MemFree:         1144572 kB
MemAvailable:    1412128 kB
Buffers:           34368 kB
Cached:           364904 kB
MemTotal:        1844596 kB
MemFree:         1144316 kB
MemAvailable:    1411872 kB
Buffers:           34368 kB
Cached:           364904 kB
MemTotal:        1844596 kB
MemFree:         1143392 kB
MemAvailable:    1410948 kB
Buffers:           34368 kB
Cached:           364904 kB
MemTotal:        1844596 kB
MemFree:         1143728 kB
MemAvailable:    1411284 kB
Buffers:           34368 kB
Cached:           364904 kB
MemTotal:        1844596 kB
MemFree:         1143268 kB
MemAvailable:    1410824 kB
Buffers:           34368 kB
Cached:           364904 kB
MemTotal:        1844596 kB
MemFree:         1143268 kB
MemAvailable:    1410824 kB
Buffers:           34368 kB
Cached:           364904 kB
MemTotal:        1844596 kB
MemFree:         1143360 kB
MemAvailable:    1410916 kB
Buffers:           34368 kB
Cached:           364904 kB
MemTotal:        1844596 kB
MemFree:         1143224 kB
MemAvailable:    1410780 kB
Buffers:           34368 kB
Cached:           364904 kB
MemTotal:        1844596 kB
MemFree:         1142796 kB
MemAvailable:    1410352 kB
Buffers:           34368 kB
Cached:           364904 kB
MemTotal:        1844596 kB
MemFree:         1141664 kB
MemAvailable:    1409220 kB
Buffers:           34368 kB
Cached:           364904 kB
MemTotal:        1844596 kB
MemFree:         1143096 kB
MemAvailable:    1410652 kB
Buffers:           34368 kB
Cached:           364904 kB
MemTotal:        1844596 kB
MemFree:         1141928 kB
MemAvailable:    1409492 kB
Buffers:           34368 kB
Cached:           364912 kB
MemTotal:        1844596 kB
MemFree:         1142816 kB
MemAvailable:    1410384 kB
Buffers:           34368 kB
Cached:           364916 kB
MemTotal:        1844596 kB
MemFree:         1142560 kB
MemAvailable:    1410128 kB
Buffers:           34368 kB
Cached:           364916 kB
MemTotal:        1844596 kB
MemFree:         1141376 kB
MemAvailable:    1408944 kB
Buffers:           34368 kB
Cached:           364916 kB
MemTotal:        1844596 kB
MemFree:         1141664 kB
MemAvailable:    1409232 kB
Buffers:           34368 kB
Cached:           364916 kB
MemTotal:        1844596 kB
MemFree:         1141664 kB
MemAvailable:    1409232 kB
Buffers:           34368 kB
Cached:           364916 kB
MemTotal:        1844596 kB
MemFree:         1141176 kB
MemAvailable:    1408744 kB
Buffers:           34368 kB
Cached:           364916 kB
MemTotal:        1844596 kB
MemFree:         1140696 kB
MemAvailable:    1408264 kB
Buffers:           34368 kB
Cached:           364916 kB
MemTotal:        1844596 kB
MemFree:         1140440 kB
MemAvailable:    1408008 kB
Buffers:           34368 kB
Cached:           364916 kB
MemTotal:        1844596 kB
MemFree:         1139192 kB
MemAvailable:    1406760 kB
Buffers:           34368 kB
Cached:           364916 kB
MemTotal:        1844596 kB
MemFree:         1139060 kB
MemAvailable:    1406628 kB
Buffers:           34368 kB
Cached:           364916 kB
MemTotal:        1844596 kB
MemFree:         1140300 kB
MemAvailable:    1407868 kB
Buffers:           34368 kB
Cached:           364916 kB
MemTotal:        1844596 kB
MemFree:         1139324 kB
MemAvailable:    1406892 kB
Buffers:           34368 kB
Cached:           364916 kB
MemTotal:        1844596 kB
MemFree:         1140316 kB
MemAvailable:    1407884 kB
Buffers:           34368 kB
Cached:           364916 kB
MemTotal:        1844596 kB
MemFree:         1139192 kB
MemAvailable:    1406760 kB
Buffers:           34368 kB
Cached:           364916 kB
MemTotal:        1844596 kB
MemFree:         1139068 kB
MemAvailable:    1406636 kB
Buffers:           34368 kB
Cached:           364916 kB
MemTotal:        1844596 kB
MemFree:         1140360 kB
MemAvailable:    1407928 kB
Buffers:           34368 kB
Cached:           364916 kB
MemTotal:        1844596 kB
MemFree:         1139324 kB
MemAvailable:    1406892 kB
Buffers:           34368 kB
Cached:           364916 kB
MemTotal:        1844596 kB
MemFree:         1140012 kB
MemAvailable:    1407580 kB
Buffers:           34368 kB
Cached:           364916 kB
MemTotal:        1844596 kB
MemFree:         1138888 kB
MemAvailable:    1406456 kB
Buffers:           34368 kB
Cached:           364916 kB
MemTotal:        1844596 kB
MemFree:         1140420 kB
MemAvailable:    1407988 kB
Buffers:           34368 kB
Cached:           364916 kB
MemTotal:        1844596 kB
MemFree:         1139180 kB
MemAvailable:    1406748 kB
Buffers:           34368 kB
Cached:           364916 kB
MemTotal:        1844596 kB
MemFree:         1140116 kB
MemAvailable:    1407684 kB
Buffers:           34368 kB
Cached:           364916 kB
MemTotal:        1844596 kB
MemFree:         1140116 kB
MemAvailable:    1407684 kB
Buffers:           34368 kB
Cached:           364916 kB
MemTotal:        1844596 kB
MemFree:         1140172 kB
MemAvailable:    1407740 kB
Buffers:           34368 kB
Cached:           364916 kB
MemTotal:        1844596 kB
MemFree:         1140428 kB
MemAvailable:    1407996 kB
Buffers:           34368 kB
Cached:           364916 kB
MemTotal:        1844596 kB
MemFree:         1140132 kB
MemAvailable:    1407700 kB
Buffers:           34368 kB
Cached:           364916 kB
MemTotal:        1844596 kB
MemFree:         1138748 kB
MemAvailable:    1406316 kB
Buffers:           34368 kB
Cached:           364916 kB
MemTotal:        1844596 kB
MemFree:         1138876 kB
MemAvailable:    1406444 kB
Buffers:           34368 kB
Cached:           364916 kB
MemTotal:        1844596 kB
MemFree:         1140252 kB
MemAvailable:    1407820 kB
Buffers:           34368 kB
Cached:           364916 kB
MemTotal:        1844596 kB
MemFree:         1140052 kB
MemAvailable:    1407620 kB
Buffers:           34368 kB
Cached:           364916 kB
MemTotal:        1844596 kB
MemFree:         1140052 kB
MemAvailable:    1407620 kB
Buffers:           34368 kB
Cached:           364916 kB
MemTotal:        1844596 kB
MemFree:         1140172 kB
MemAvailable:    1407740 kB
Buffers:           34368 kB
Cached:           364916 kB
MemTotal:        1844596 kB
MemFree:         1140424 kB
MemAvailable:    1407992 kB
Buffers:           34368 kB
Cached:           364916 kB
MemTotal:        1844596 kB
MemFree:         1140176 kB
MemAvailable:    1407744 kB
Buffers:           34368 kB
Cached:           364916 kB
MemTotal:        1844596 kB
MemFree:         1140428 kB
MemAvailable:    1407996 kB
Buffers:           34368 kB
Cached:           364916 kB
MemTotal:        1844596 kB
MemFree:         1140172 kB
MemAvailable:    1407740 kB
Buffers:           34368 kB
Cached:           364916 kB
MemTotal:        1844596 kB
MemFree:         1140428 kB
MemAvailable:    1407996 kB
Buffers:           34368 kB
Cached:           364916 kB
MemTotal:        1844596 kB
MemFree:         1139048 kB
MemAvailable:    1406616 kB
Buffers:           34368 kB
Cached:           364916 kB
MemTotal:        1844596 kB
MemFree:         1140052 kB
MemAvailable:    1407620 kB
Buffers:           34368 kB
Cached:           364916 kB
MemTotal:        1844596 kB
MemFree:         1140136 kB
MemAvailable:    1407704 kB
Buffers:           34368 kB
Cached:           364916 kB
MemTotal:        1844596 kB
MemFree:         1140172 kB
MemAvailable:    1407740 kB
Buffers:           34368 kB
Cached:           364916 kB
MemTotal:        1844596 kB
MemFree:         1140424 kB
MemAvailable:    1407992 kB
Buffers:           34368 kB
Cached:           364916 kB
MemTotal:        1844596 kB
MemFree:         1140204 kB
MemAvailable:    1407772 kB
Buffers:           34368 kB
Cached:           364916 kB
MemTotal:        1844596 kB
MemFree:         1139024 kB
MemAvailable:    1406592 kB
Buffers:           34368 kB
Cached:           364916 kB
MemTotal:        1844596 kB
MemFree:         1140248 kB
MemAvailable:    1407816 kB
Buffers:           34368 kB
Cached:           364916 kB
MemTotal:        1844596 kB
MemFree:         1140176 kB
MemAvailable:    1407744 kB
Buffers:           34368 kB
Cached:           364916 kB
MemTotal:        1844596 kB
MemFree:         1139572 kB
MemAvailable:    1407140 kB
Buffers:           34368 kB
Cached:           364916 kB
MemTotal:        1844596 kB
MemFree:         1140064 kB
MemAvailable:    1407632 kB
Buffers:           34368 kB
Cached:           364916 kB
MemTotal:        1844596 kB
MemFree:         1139872 kB
MemAvailable:    1407440 kB
Buffers:           34368 kB
Cached:           364916 kB
MemTotal:        1844596 kB
MemFree:         1135976 kB
MemAvailable:    1403544 kB
Buffers:           34368 kB
Cached:           364916 kB
MemTotal:        1844596 kB
MemFree:         1137340 kB
MemAvailable:    1404908 kB
Buffers:           34368 kB
Cached:           364916 kB
MemTotal:        1844596 kB
MemFree:         1132752 kB
MemAvailable:    1400320 kB
Buffers:           34368 kB
Cached:           364916 kB
MemTotal:        1844596 kB
MemFree:         1132504 kB
MemAvailable:    1400072 kB
Buffers:           34368 kB
Cached:           364916 kB
MemTotal:        1844596 kB
MemFree:         1133540 kB
MemAvailable:    1401108 kB
Buffers:           34368 kB
Cached:           364916 kB
MemTotal:        1844596 kB
MemFree:         1132248 kB
MemAvailable:    1399816 kB
Buffers:           34368 kB
Cached:           364916 kB
MemTotal:        1844596 kB
MemFree:         1133672 kB
MemAvailable:    1401240 kB
Buffers:           34368 kB
Cached:           364916 kB
MemTotal:        1844596 kB
MemFree:         1132324 kB
MemAvailable:    1399892 kB
Buffers:           34368 kB
Cached:           364916 kB
MemTotal:        1844596 kB
MemFree:         1132068 kB
MemAvailable:    1399636 kB
Buffers:           34368 kB
Cached:           364916 kB
MemTotal:        1844596 kB
MemFree:         1133368 kB
MemAvailable:    1400936 kB
Buffers:           34368 kB
Cached:           364916 kB
MemTotal:        1844596 kB
MemFree:         1133468 kB
MemAvailable:    1401036 kB
Buffers:           34368 kB
Cached:           364916 kB
MemTotal:        1844596 kB
MemFree:         1133468 kB
MemAvailable:    1401036 kB
Buffers:           34368 kB
Cached:           364916 kB
MemTotal:        1844596 kB
MemFree:         1133240 kB
MemAvailable:    1400808 kB
Buffers:           34368 kB
Cached:           364916 kB
MemTotal:        1844596 kB
MemFree:         1133488 kB
MemAvailable:    1401056 kB
Buffers:           34368 kB
Cached:           364916 kB
MemTotal:        1844596 kB
MemFree:         1131992 kB
MemAvailable:    1399560 kB
Buffers:           34368 kB
Cached:           364916 kB
MemTotal:        1844596 kB
MemFree:         1133112 kB
MemAvailable:    1400680 kB
Buffers:           34368 kB
Cached:           364916 kB
MemTotal:        1844596 kB
MemFree:         1132988 kB
MemAvailable:    1400556 kB
Buffers:           34368 kB
Cached:           364916 kB
MemTotal:        1844596 kB
MemFree:         1131812 kB
MemAvailable:    1399464 kB
Buffers:           34368 kB
Cached:           365040 kB
MemTotal:        1844596 kB
MemFree:         1131936 kB
MemAvailable:    1399756 kB
Buffers:           34368 kB
Cached:           365164 kB
MemTotal:        1844596 kB
MemFree:         1132364 kB
MemAvailable:    1400352 kB
Buffers:           34368 kB
Cached:           365412 kB
MemTotal:        1844596 kB
MemFree:         1131956 kB
MemAvailable:    1399944 kB
Buffers:           34368 kB
Cached:           365412 kB
MemTotal:        1844596 kB
MemFree:         1132564 kB
MemAvailable:    1400644 kB
Buffers:           34368 kB
Cached:           365420 kB
MemTotal:        1844596 kB
MemFree:         1131388 kB
MemAvailable:    1399552 kB
Buffers:           34368 kB
Cached:           365544 kB
MemTotal:        1844596 kB
MemFree:         1132512 kB
MemAvailable:    1400676 kB
Buffers:           34368 kB
Cached:           365544 kB
MemTotal:        1844596 kB
MemFree:         1132424 kB
MemAvailable:    1400588 kB
Buffers:           34368 kB
Cached:           365544 kB
MemTotal:        1844596 kB
MemFree:         1132248 kB
MemAvailable:    1400412 kB
Buffers:           34368 kB
Cached:           365544 kB
MemTotal:        1844596 kB
MemFree:         1132248 kB
MemAvailable:    1400412 kB
Buffers:           34368 kB
Cached:           365544 kB
MemTotal:        1844596 kB
MemFree:         1132240 kB
MemAvailable:    1400404 kB
Buffers:           34368 kB
Cached:           365544 kB
MemTotal:        1844596 kB
MemFree:         1132256 kB
MemAvailable:    1400420 kB
Buffers:           34368 kB
Cached:           365544 kB
MemTotal:        1844596 kB
MemFree:         1131016 kB
MemAvailable:    1399268 kB
Buffers:           34368 kB
Cached:           365600 kB
MemTotal:        1844596 kB
MemFree:         1131216 kB
MemAvailable:    1399468 kB
Buffers:           34368 kB
Cached:           365600 kB
MemTotal:        1844596 kB
MemFree:         1132796 kB
MemAvailable:    1400460 kB
Buffers:           34368 kB
Cached:           364968 kB
MemTotal:        1844596 kB
MemFree:         1131548 kB
MemAvailable:    1399212 kB
Buffers:           34368 kB
Cached:           364968 kB
MemTotal:        1844596 kB
MemFree:         1166152 kB
MemAvailable:    1433816 kB
Buffers:           34368 kB
Cached:           364968 kB
MemTotal:        1844596 kB
MemFree:         1248884 kB
MemAvailable:    1516548 kB
Buffers:           34368 kB
Cached:           364968 kB
MemTotal:        1844596 kB
MemFree:         1328564 kB
MemAvailable:    1596228 kB
Buffers:           34368 kB
Cached:           364968 kB
