MemTotal:        1844596 kB
MemFree:         1462548 kB
MemAvailable:    1573712 kB
Buffers:           30264 kB
Cached:           211668 kB
MemTotal:        1844596 kB
MemFree:         1463236 kB
MemAvailable:    1574400 kB
Buffers:           30264 kB
Cached:           211668 kB
MemTotal:        1844596 kB
MemFree:         1460068 kB
MemAvailable:    1571232 kB
Buffers:           30264 kB
Cached:           211668 kB
MemTotal:        1844596 kB
MemFree:         1461128 kB
MemAvailable:    1572296 kB
Buffers:           30264 kB
Cached:           211672 kB
MemTotal:        1844596 kB
MemFree:         1458712 kB
MemAvailable:    1569880 kB
Buffers:           30264 kB
Cached:           211672 kB
MemTotal:        1844596 kB
MemFree:         1459436 kB
MemAvailable:    1570604 kB
Buffers:           30264 kB
Cached:           211672 kB
MemTotal:        1844596 kB
MemFree:         1459692 kB
MemAvailable:    1570860 kB
Buffers:           30264 kB
Cached:           211672 kB
MemTotal:        1844596 kB
MemFree:         1453116 kB
MemAvailable:    1564284 kB
Buffers:           30264 kB
Cached:           211672 kB
MemTotal:        1844596 kB
MemFree:         1452512 kB
MemAvailable:    1563680 kB
Buffers:           30264 kB
Cached:           211672 kB
MemTotal:        1844596 kB
MemFree:         1448908 kB
MemAvailable:    1560076 kB
Buffers:           30264 kB
Cached:           211672 kB
MemTotal:        1844596 kB
MemFree:         1448056 kB
MemAvailable:    1559224 kB
Buffers:           30264 kB
Cached:           211672 kB
MemTotal:        1844596 kB
MemFree:         1448456 kB
MemAvailable:    1559624 kB
Buffers:           30264 kB
Cached:           211672 kB
MemTotal:        1844596 kB
MemFree:         1449660 kB
MemAvailable:    1560828 kB
Buffers:           30264 kB
Cached:           211672 kB
MemTotal:        1844596 kB
MemFree:         1449652 kB
MemAvailable:    1560820 kB
Buffers:           30264 kB
Cached:           211672 kB
MemTotal:        1844596 kB
MemFree:         1449652 kB
MemAvailable:    1560820 kB
Buffers:           30264 kB
Cached:           211672 kB
MemTotal:        1844596 kB
MemFree:         1449520 kB
MemAvailable:    1560688 kB
Buffers:           30264 kB
Cached:           211672 kB
MemTotal:        1844596 kB
MemFree:         1449776 kB
MemAvailable:    1560944 kB
Buffers:           30264 kB
Cached:           211672 kB
MemTotal:        1844596 kB
MemFree:         1447792 kB
MemAvailable:    1558960 kB
Buffers:           30264 kB
Cached:           211672 kB
MemTotal:        1844596 kB
MemFree:         1446584 kB
MemAvailable:    1557752 kB
Buffers:           30264 kB
Cached:           211672 kB
MemTotal:        1844596 kB
MemFree:         1446212 kB
MemAvailable:    1557380 kB
Buffers:           30264 kB
Cached:           211672 kB
MemTotal:        1844596 kB
MemFree:         1446088 kB
MemAvailable:    1557256 kB
Buffers:           30264 kB
Cached:           211672 kB
MemTotal:        1844596 kB
MemFree:         1446212 kB
MemAvailable:    1557380 kB
Buffers:           30264 kB
Cached:           211672 kB
MemTotal:        1844596 kB
MemFree:         1446212 kB
MemAvailable:    1557380 kB
Buffers:           30264 kB
Cached:           211672 kB
MemTotal:        1844596 kB
MemFree:         1446212 kB
MemAvailable:    1557380 kB
Buffers:           30264 kB
Cached:           211672 kB
MemTotal:        1844596 kB
MemFree:         1446716 kB
MemAvailable:    1557884 kB
Buffers:           30264 kB
Cached:           211672 kB
MemTotal:        1844596 kB
MemFree:         1446048 kB
MemAvailable:    1557216 kB
Buffers:           30264 kB
Cached:           211672 kB
MemTotal:        1844596 kB
MemFree:         1446172 kB
MemAvailable:    1557340 kB
Buffers:           30264 kB
Cached:           211672 kB
MemTotal:        1844596 kB
MemFree:         1446164 kB
MemAvailable:    1557332 kB
Buffers:           30264 kB
Cached:           211672 kB
MemTotal:        1844596 kB
MemFree:         1447260 kB
MemAvailable:    1558428 kB
Buffers:           30264 kB
Cached:           211672 kB
MemTotal:        1844596 kB
MemFree:         1446700 kB
MemAvailable:    1557868 kB
Buffers:           30264 kB
Cached:           211672 kB
MemTotal:        1844596 kB
MemFree:         1444980 kB
MemAvailable:    1556148 kB
Buffers:           30264 kB
Cached:           211672 kB
MemTotal:        1844596 kB
MemFree:         1443732 kB
MemAvailable:    1554900 kB
Buffers:           30264 kB
Cached:           211672 kB
MemTotal:        1844596 kB
MemFree:         1442988 kB
MemAvailable:    1554156 kB
Buffers:           30264 kB
Cached:           211672 kB
MemTotal:        1844596 kB
MemFree:         1442996 kB
MemAvailable:    1554164 kB
Buffers:           30264 kB
Cached:           211672 kB
MemTotal:        1844596 kB
MemFree:         1442128 kB
MemAvailable:    1553296 kB
Buffers:           30264 kB
Cached:           211672 kB
MemTotal:        1844596 kB
MemFree:         1442128 kB
MemAvailable:    1553296 kB
Buffers:           30264 kB
Cached:           211672 kB
MemTotal:        1844596 kB
MemFree:         1441996 kB
MemAvailable:    1553164 kB
Buffers:           30264 kB
Cached:           211672 kB
MemTotal:        1844596 kB
MemFree:         1441996 kB
MemAvailable:    1553164 kB
Buffers:           30264 kB
Cached:           211672 kB
MemTotal:        1844596 kB
MemFree:         1443188 kB
MemAvailable:    1554356 kB
Buffers:           30264 kB
Cached:           211672 kB
MemTotal:        1844596 kB
MemFree:         1443440 kB
MemAvailable:    1554608 kB
Buffers:           30264 kB
Cached:           211672 kB
MemTotal:        1844596 kB
MemFree:         1442872 kB
MemAvailable:    1554040 kB
Buffers:           30264 kB
Cached:           211672 kB
MemTotal:        1844596 kB
MemFree:         1441632 kB
MemAvailable:    1552800 kB
Buffers:           30264 kB
Cached:           211672 kB
MemTotal:        1844596 kB
MemFree:         1441384 kB
MemAvailable:    1552552 kB
Buffers:           30264 kB
Cached:           211672 kB
MemTotal:        1844596 kB
MemFree:         1441004 kB
MemAvailable:    1552172 kB
Buffers:           30264 kB
Cached:           211672 kB
MemTotal:        1844596 kB
MemFree:         1440748 kB
MemAvailable:    1551916 kB
Buffers:           30264 kB
Cached:           211672 kB
MemTotal:        1844596 kB
MemFree:         1440840 kB
MemAvailable:    1552008 kB
Buffers:           30264 kB
Cached:           211672 kB
MemTotal:        1844596 kB
MemFree:         1440832 kB
MemAvailable:    1552000 kB
Buffers:           30264 kB
Cached:           211672 kB
MemTotal:        1844596 kB
MemFree:         1441000 kB
MemAvailable:    1552168 kB
Buffers:           30264 kB
Cached:           211672 kB
MemTotal:        1844596 kB
MemFree:         1440876 kB
MemAvailable:    1552044 kB
Buffers:           30264 kB
Cached:           211672 kB
MemTotal:        1844596 kB
MemFree:         1440876 kB
MemAvailable:    1552044 kB
Buffers:           30264 kB
Cached:           211672 kB
MemTotal:        1844596 kB
MemFree:         1440872 kB
MemAvailable:    1552040 kB
Buffers:           30264 kB
Cached:           211672 kB
MemTotal:        1844596 kB
MemFree:         1442124 kB
MemAvailable:    1553292 kB
Buffers:           30264 kB
Cached:           211672 kB
MemTotal:        1844596 kB
MemFree:         1442120 kB
MemAvailable:    1553288 kB
Buffers:           30264 kB
Cached:           211672 kB
MemTotal:        1844596 kB
MemFree:         1440684 kB
MemAvailable:    1551852 kB
Buffers:           30264 kB
Cached:           211672 kB
MemTotal:        1844596 kB
MemFree:         1442088 kB
MemAvailable:    1553256 kB
Buffers:           30264 kB
Cached:           211672 kB
MemTotal:        1844596 kB
MemFree:         1440624 kB
MemAvailable:    1551792 kB
Buffers:           30264 kB
Cached:           211672 kB
MemTotal:        1844596 kB
MemFree:         1441872 kB
MemAvailable:    1553040 kB
Buffers:           30264 kB
Cached:           211672 kB
MemTotal:        1844596 kB
MemFree:         1440368 kB
MemAvailable:    1551536 kB
Buffers:           30264 kB
Cached:           211672 kB
MemTotal:        1844596 kB
MemFree:         1440260 kB
MemAvailable:    1551428 kB
Buffers:           30264 kB
Cached:           211672 kB
MemTotal:        1844596 kB
MemFree:         1440144 kB
MemAvailable:    1551312 kB
Buffers:           30264 kB
Cached:           211672 kB
MemTotal:        1844596 kB
MemFree:         1440144 kB
MemAvailable:    1551312 kB
Buffers:           30264 kB
Cached:           211672 kB
MemTotal:        1844596 kB
MemFree:         1441496 kB
MemAvailable:    1552664 kB
Buffers:           30264 kB
Cached:           211672 kB
MemTotal:        1844596 kB
MemFree:         1441140 kB
MemAvailable:    1552308 kB
Buffers:           30264 kB
Cached:           211672 kB
MemTotal:        1844596 kB
MemFree:         1441260 kB
MemAvailable:    1552428 kB
Buffers:           30264 kB
Cached:           211672 kB
MemTotal:        1844596 kB
MemFree:         1439996 kB
MemAvailable:    1551164 kB
Buffers:           30264 kB
Cached:           211672 kB
MemTotal:        1844596 kB
MemFree:         1439860 kB
MemAvailable:    1551028 kB
Buffers:           30264 kB
Cached:           211672 kB
MemTotal:        1844596 kB
MemFree:         1441176 kB
MemAvailable:    1552344 kB
Buffers:           30264 kB
Cached:           211672 kB
MemTotal:        1844596 kB
MemFree:         1439856 kB
MemAvailable:    1551024 kB
Buffers:           30264 kB
Cached:           211672 kB
MemTotal:        1844596 kB
MemFree:         1441096 kB
MemAvailable:    1552264 kB
Buffers:           30264 kB
Cached:           211672 kB
MemTotal:        1844596 kB
MemFree:         1438408 kB
MemAvailable:    1549576 kB
Buffers:           30264 kB
Cached:           211672 kB
MemTotal:        1844596 kB
MemFree:         1436292 kB
MemAvailable:    1547460 kB
Buffers:           30264 kB
Cached:           211672 kB
MemTotal:        1844596 kB
MemFree:         1434564 kB
MemAvailable:    1545732 kB
Buffers:           30264 kB
Cached:           211672 kB
MemTotal:        1844596 kB
MemFree:         1432580 kB
MemAvailable:    1543748 kB
Buffers:           30264 kB
Cached:           211672 kB
MemTotal:        1844596 kB
MemFree:         1433408 kB
MemAvailable:    1544584 kB
Buffers:           30264 kB
Cached:           211680 kB
MemTotal:        1844596 kB
MemFree:         1432284 kB
MemAvailable:    1543460 kB
Buffers:           30264 kB
Cached:           211680 kB
MemTotal:        1844596 kB
MemFree:         1432152 kB
MemAvailable:    1543328 kB
Buffers:           30264 kB
Cached:           211680 kB
MemTotal:        1844596 kB
MemFree:         1431904 kB
MemAvailable:    1543080 kB
Buffers:           30264 kB
Cached:           211680 kB
MemTotal:        1844596 kB
MemFree:         1433144 kB
MemAvailable:    1544320 kB
Buffers:           30264 kB
Cached:           211680 kB
MemTotal:        1844596 kB
MemFree:         1433240 kB
MemAvailable:    1544416 kB
Buffers:           30264 kB
Cached:           211680 kB
MemTotal:        1844596 kB
MemFree:         1431928 kB
MemAvailable:    1543104 kB
Buffers:           30264 kB
Cached:           211680 kB
MemTotal:        1844596 kB
MemFree:         1431888 kB
MemAvailable:    1543064 kB
Buffers:           30264 kB
Cached:           211680 kB
MemTotal:        1844596 kB
MemFree:         1433308 kB
MemAvailable:    1544484 kB
Buffers:           30264 kB
Cached:           211680 kB
MemTotal:        1844596 kB
MemFree:         1433244 kB
MemAvailable:    1544420 kB
Buffers:           30264 kB
Cached:           211680 kB
MemTotal:        1844596 kB
MemFree:         1431960 kB
MemAvailable:    1543136 kB
Buffers:           30264 kB
Cached:           211680 kB
MemTotal:        1844596 kB
MemFree:         1432084 kB
MemAvailable:    1543260 kB
Buffers:           30264 kB
Cached:           211680 kB
MemTotal:        1844596 kB
MemFree:         1433284 kB
MemAvailable:    1544460 kB
Buffers:           30264 kB
Cached:           211680 kB
MemTotal:        1844596 kB
MemFree:         1433324 kB
MemAvailable:    1544500 kB
Buffers:           30264 kB
Cached:           211680 kB
MemTotal:        1844596 kB
MemFree:         1431456 kB
MemAvailable:    1542632 kB
Buffers:           30264 kB
Cached:           211680 kB
MemTotal:        1844596 kB
MemFree:         1432068 kB
MemAvailable:    1543244 kB
Buffers:           30264 kB
Cached:           211680 kB
MemTotal:        1844596 kB
MemFree:         1431960 kB
MemAvailable:    1543136 kB
Buffers:           30264 kB
Cached:           211680 kB
MemTotal:        1844596 kB
MemFree:         1431780 kB
MemAvailable:    1542956 kB
Buffers:           30264 kB
Cached:           211680 kB
MemTotal:        1844596 kB
MemFree:         1431708 kB
MemAvailable:    1542884 kB
Buffers:           30264 kB
Cached:           211680 kB
MemTotal:        1844596 kB
MemFree:         1430400 kB
MemAvailable:    1541576 kB
Buffers:           30264 kB
Cached:           211680 kB
MemTotal:        1844596 kB
MemFree:         1431764 kB
MemAvailable:    1542940 kB
Buffers:           30264 kB
Cached:           211680 kB
MemTotal:        1844596 kB
MemFree:         1430348 kB
MemAvailable:    1541524 kB
Buffers:           30264 kB
Cached:           211680 kB
MemTotal:        1844596 kB
MemFree:         1430360 kB
MemAvailable:    1541536 kB
Buffers:           30264 kB
Cached:           211680 kB
MemTotal:        1844596 kB
MemFree:         1429588 kB
MemAvailable:    1540764 kB
Buffers:           30264 kB
Cached:           211680 kB
MemTotal:        1844596 kB
MemFree:         1429604 kB
MemAvailable:    1540780 kB
Buffers:           30264 kB
Cached:           211680 kB
MemTotal:        1844596 kB
MemFree:         1429608 kB
MemAvailable:    1540784 kB
Buffers:           30264 kB
Cached:           211680 kB
MemTotal:        1844596 kB
MemFree:         1428736 kB
MemAvailable:    1539912 kB
Buffers:           30264 kB
Cached:           211680 kB
MemTotal:        1844596 kB
MemFree:         1429608 kB
MemAvailable:    1540784 kB
Buffers:           30264 kB
Cached:           211680 kB
MemTotal:        1844596 kB
MemFree:         1428052 kB
MemAvailable:    1539228 kB
Buffers:           30264 kB
Cached:           211680 kB
MemTotal:        1844596 kB
MemFree:         1429152 kB
MemAvailable:    1540328 kB
Buffers:           30264 kB
Cached:           211680 kB
MemTotal:        1844596 kB
MemFree:         1429404 kB
MemAvailable:    1540580 kB
Buffers:           30264 kB
Cached:           211680 kB
MemTotal:        1844596 kB
MemFree:         1428104 kB
MemAvailable:    1539280 kB
Buffers:           30264 kB
Cached:           211680 kB
MemTotal:        1844596 kB
MemFree:         1428096 kB
MemAvailable:    1539272 kB
Buffers:           30264 kB
Cached:           211680 kB
MemTotal:        1844596 kB
MemFree:         1429404 kB
MemAvailable:    1540580 kB
Buffers:           30264 kB
Cached:           211680 kB
MemTotal:        1844596 kB
MemFree:         1428108 kB
MemAvailable:    1539284 kB
Buffers:           30264 kB
Cached:           211680 kB
MemTotal:        1844596 kB
MemFree:         1428720 kB
MemAvailable:    1539896 kB
Buffers:           30264 kB
Cached:           211680 kB
MemTotal:        1844596 kB
MemFree:         1428720 kB
MemAvailable:    1539896 kB
Buffers:           30264 kB
Cached:           211680 kB
MemTotal:        1844596 kB
MemFree:         1427436 kB
MemAvailable:    1538612 kB
Buffers:           30264 kB
Cached:           211680 kB
MemTotal:        1844596 kB
MemFree:         1420296 kB
MemAvailable:    1531472 kB
Buffers:           30264 kB
Cached:           211680 kB
MemTotal:        1844596 kB
MemFree:         1421404 kB
MemAvailable:    1532580 kB
Buffers:           30264 kB
Cached:           211680 kB
MemTotal:        1844596 kB
MemFree:         1421172 kB
MemAvailable:    1532348 kB
Buffers:           30264 kB
Cached:           211680 kB
MemTotal:        1844596 kB
MemFree:         1419992 kB
MemAvailable:    1531168 kB
Buffers:           30264 kB
Cached:           211680 kB
MemTotal:        1844596 kB
MemFree:         1419992 kB
MemAvailable:    1531168 kB
Buffers:           30264 kB
Cached:           211680 kB
MemTotal:        1844596 kB
MemFree:         1420124 kB
MemAvailable:    1531300 kB
Buffers:           30264 kB
Cached:           211680 kB
MemTotal:        1844596 kB
MemFree:         1423208 kB
MemAvailable:    1534384 kB
Buffers:           30264 kB
Cached:           211680 kB
MemTotal:        1844596 kB
MemFree:         1418816 kB
MemAvailable:    1529992 kB
Buffers:           30264 kB
Cached:           211680 kB
MemTotal:        1844596 kB
MemFree:         1419744 kB
MemAvailable:    1530920 kB
Buffers:           30264 kB
Cached:           211680 kB
MemTotal:        1844596 kB
MemFree:         1418188 kB
MemAvailable:    1529364 kB
Buffers:           30264 kB
Cached:           211680 kB
MemTotal:        1844596 kB
MemFree:         1419312 kB
MemAvailable:    1530488 kB
Buffers:           30264 kB
Cached:           211680 kB
MemTotal:        1844596 kB
MemFree:         1418072 kB
MemAvailable:    1529248 kB
Buffers:           30264 kB
Cached:           211680 kB
MemTotal:        1844596 kB
MemFree:         1417388 kB
MemAvailable:    1528564 kB
Buffers:           30264 kB
Cached:           211680 kB
MemTotal:        1844596 kB
MemFree:         1418636 kB
MemAvailable:    1529812 kB
Buffers:           30264 kB
Cached:           211680 kB
MemTotal:        1844596 kB
MemFree:         1418564 kB
MemAvailable:    1529740 kB
Buffers:           30264 kB
Cached:           211680 kB
MemTotal:        1844596 kB
MemFree:         1418496 kB
MemAvailable:    1529672 kB
Buffers:           30264 kB
Cached:           211680 kB
MemTotal:        1844596 kB
MemFree:         1417000 kB
MemAvailable:    1528176 kB
Buffers:           30264 kB
Cached:           211680 kB
MemTotal:        1844596 kB
MemFree:         1417000 kB
MemAvailable:    1528176 kB
Buffers:           30264 kB
Cached:           211680 kB
MemTotal:        1844596 kB
MemFree:         1417124 kB
MemAvailable:    1528300 kB
Buffers:           30264 kB
Cached:           211680 kB
MemTotal:        1844596 kB
MemFree:         1418408 kB
MemAvailable:    1529584 kB
Buffers:           30264 kB
Cached:           211680 kB
MemTotal:        1844596 kB
MemFree:         1417164 kB
MemAvailable:    1528340 kB
Buffers:           30264 kB
Cached:           211680 kB
MemTotal:        1844596 kB
MemFree:         1418444 kB
MemAvailable:    1529620 kB
Buffers:           30264 kB
Cached:           211680 kB
MemTotal:        1844596 kB
MemFree:         1418304 kB
MemAvailable:    1529480 kB
Buffers:           30264 kB
Cached:           211680 kB
MemTotal:        1844596 kB
MemFree:         1418072 kB
MemAvailable:    1529248 kB
Buffers:           30264 kB
Cached:           211680 kB
MemTotal:        1844596 kB
MemFree:         1417192 kB
MemAvailable:    1528368 kB
Buffers:           30264 kB
Cached:           211680 kB
MemTotal:        1844596 kB
MemFree:         1418492 kB
MemAvailable:    1529668 kB
Buffers:           30264 kB
Cached:           211680 kB
MemTotal:        1844596 kB
MemFree:         1418320 kB
MemAvailable:    1529496 kB
Buffers:           30264 kB
Cached:           211680 kB
MemTotal:        1844596 kB
MemFree:         1417180 kB
MemAvailable:    1528356 kB
Buffers:           30264 kB
Cached:           211680 kB
MemTotal:        1844596 kB
MemFree:         1418380 kB
MemAvailable:    1529556 kB
Buffers:           30264 kB
Cached:           211680 kB
MemTotal:        1844596 kB
MemFree:         1418532 kB
MemAvailable:    1529708 kB
Buffers:           30264 kB
Cached:           211680 kB
MemTotal:        1844596 kB
MemFree:         1417072 kB
MemAvailable:    1528248 kB
Buffers:           30264 kB
Cached:           211680 kB
MemTotal:        1844596 kB
MemFree:         1418560 kB
MemAvailable:    1529736 kB
Buffers:           30264 kB
Cached:           211680 kB
MemTotal:        1844596 kB
MemFree:         1417824 kB
MemAvailable:    1529000 kB
Buffers:           30264 kB
Cached:           211680 kB
MemTotal:        1844596 kB
MemFree:         1417148 kB
MemAvailable:    1528324 kB
Buffers:           30264 kB
Cached:           211680 kB
MemTotal:        1844596 kB
MemFree:         1418388 kB
MemAvailable:    1529564 kB
Buffers:           30264 kB
Cached:           211680 kB
MemTotal:        1844596 kB
MemFree:         1417016 kB
MemAvailable:    1528192 kB
Buffers:           30264 kB
Cached:           211680 kB
MemTotal:        1844596 kB
MemFree:         1418484 kB
MemAvailable:    1529660 kB
Buffers:           30264 kB
Cached:           211680 kB
MemTotal:        1844596 kB
MemFree:         1418376 kB
MemAvailable:    1529552 kB
Buffers:           30264 kB
Cached:           211680 kB
MemTotal:        1844596 kB
MemFree:         1418232 kB
MemAvailable:    1529408 kB
Buffers:           30264 kB
Cached:           211680 kB
MemTotal:        1844596 kB
MemFree:         1418316 kB
MemAvailable:    1529492 kB
Buffers:           30264 kB
Cached:           211680 kB
MemTotal:        1844596 kB
MemFree:         1418240 kB
MemAvailable:    1529416 kB
Buffers:           30264 kB
Cached:           211680 kB
MemTotal:        1844596 kB
MemFree:         1418492 kB
MemAvailable:    1529668 kB
Buffers:           30264 kB
Cached:           211680 kB
MemTotal:        1844596 kB
MemFree:         1418492 kB
MemAvailable:    1529668 kB
Buffers:           30264 kB
Cached:           211680 kB
MemTotal:        1844596 kB
MemFree:         1418320 kB
MemAvailable:    1529496 kB
Buffers:           30264 kB
Cached:           211680 kB
MemTotal:        1844596 kB
MemFree:         1417180 kB
MemAvailable:    1528356 kB
Buffers:           30264 kB
Cached:           211680 kB
MemTotal:        1844596 kB
MemFree:         1418332 kB
MemAvailable:    1529516 kB
Buffers:           30264 kB
Cached:           211688 kB
MemTotal:        1844596 kB
MemFree:         1418180 kB
MemAvailable:    1529368 kB
Buffers:           30264 kB
Cached:           211692 kB
MemTotal:        1844596 kB
MemFree:         1418516 kB
MemAvailable:    1529704 kB
Buffers:           30264 kB
Cached:           211692 kB
MemTotal:        1844596 kB
MemFree:         1418272 kB
MemAvailable:    1529460 kB
Buffers:           30264 kB
Cached:           211692 kB
MemTotal:        1844596 kB
MemFree:         1418272 kB
MemAvailable:    1529460 kB
Buffers:           30264 kB
Cached:           211692 kB
MemTotal:        1844596 kB
MemFree:         1417024 kB
MemAvailable:    1528212 kB
Buffers:           30264 kB
Cached:           211692 kB
MemTotal:        1844596 kB
MemFree:         1418304 kB
MemAvailable:    1529492 kB
Buffers:           30264 kB
Cached:           211692 kB
MemTotal:        1844596 kB
MemFree:         1418556 kB
MemAvailable:    1529744 kB
Buffers:           30264 kB
Cached:           211692 kB
MemTotal:        1844596 kB
MemFree:         1418492 kB
MemAvailable:    1529680 kB
Buffers:           30264 kB
Cached:           211692 kB
MemTotal:        1844596 kB
MemFree:         1418320 kB
MemAvailable:    1529508 kB
Buffers:           30264 kB
Cached:           211692 kB
MemTotal:        1844596 kB
MemFree:         1418312 kB
MemAvailable:    1529500 kB
Buffers:           30264 kB
Cached:           211692 kB
MemTotal:        1844596 kB
MemFree:         1418312 kB
MemAvailable:    1529500 kB
Buffers:           30264 kB
Cached:           211692 kB
MemTotal:        1844596 kB
MemFree:         1417024 kB
MemAvailable:    1528212 kB
Buffers:           30264 kB
Cached:           211692 kB
MemTotal:        1844596 kB
MemFree:         1418272 kB
MemAvailable:    1529460 kB
Buffers:           30264 kB
Cached:           211692 kB
MemTotal:        1844596 kB
MemFree:         1418072 kB
MemAvailable:    1529260 kB
Buffers:           30264 kB
Cached:           211692 kB
MemTotal:        1844596 kB
MemFree:         1418168 kB
MemAvailable:    1529356 kB
Buffers:           30264 kB
Cached:           211692 kB
MemTotal:        1844596 kB
MemFree:         1418504 kB
MemAvailable:    1529692 kB
Buffers:           30264 kB
Cached:           211692 kB
MemTotal:        1844596 kB
MemFree:         1418180 kB
MemAvailable:    1529368 kB
Buffers:           30264 kB
Cached:           211692 kB
MemTotal:        1844596 kB
MemFree:         1418320 kB
MemAvailable:    1529508 kB
Buffers:           30264 kB
Cached:           211692 kB
MemTotal:        1844596 kB
MemFree:         1417192 kB
MemAvailable:    1528380 kB
Buffers:           30264 kB
Cached:           211692 kB
MemTotal:        1844596 kB
MemFree:         1418492 kB
MemAvailable:    1529680 kB
Buffers:           30264 kB
Cached:           211692 kB
MemTotal:        1844596 kB
MemFree:         1417568 kB
MemAvailable:    1528756 kB
Buffers:           30264 kB
Cached:           211692 kB
MemTotal:        1844596 kB
MemFree:         1418560 kB
MemAvailable:    1529752 kB
Buffers:           30264 kB
Cached:           211696 kB
MemTotal:        1844596 kB
MemFree:         1418896 kB
MemAvailable:    1530088 kB
Buffers:           30264 kB
Cached:           211696 kB
MemTotal:        1844596 kB
MemFree:         1418428 kB
MemAvailable:    1529620 kB
Buffers:           30264 kB
Cached:           211696 kB
MemTotal:        1844596 kB
MemFree:         1418512 kB
MemAvailable:    1529704 kB
Buffers:           30272 kB
Cached:           211688 kB
MemTotal:        1844596 kB
MemFree:         1418188 kB
MemAvailable:    1529380 kB
Buffers:           30276 kB
Cached:           211684 kB
MemTotal:        1844596 kB
MemFree:         1418248 kB
MemAvailable:    1529440 kB
Buffers:           30276 kB
Cached:           211684 kB
MemTotal:        1844596 kB
MemFree:         1418372 kB
MemAvailable:    1529564 kB
Buffers:           30276 kB
Cached:           211684 kB
MemTotal:        1844596 kB
MemFree:         1417148 kB
MemAvailable:    1528340 kB
Buffers:           30276 kB
Cached:           211684 kB
MemTotal:        1844596 kB
MemFree:         1418324 kB
MemAvailable:    1529516 kB
Buffers:           30276 kB
Cached:           211684 kB
MemTotal:        1844596 kB
MemFree:         1414600 kB
MemAvailable:    1525792 kB
Buffers:           30276 kB
Cached:           211684 kB
MemTotal:        1844596 kB
MemFree:         1414476 kB
MemAvailable:    1525668 kB
Buffers:           30276 kB
Cached:           211684 kB
MemTotal:        1844596 kB
MemFree:         1414080 kB
MemAvailable:    1525272 kB
Buffers:           30276 kB
Cached:           211684 kB
MemTotal:        1844596 kB
MemFree:         1414416 kB
MemAvailable:    1525608 kB
Buffers:           30276 kB
Cached:           211684 kB
MemTotal:        1844596 kB
MemFree:         1414296 kB
MemAvailable:    1525488 kB
Buffers:           30276 kB
Cached:           211684 kB
MemTotal:        1844596 kB
MemFree:         1413236 kB
MemAvailable:    1524428 kB
Buffers:           30276 kB
Cached:           211684 kB
MemTotal:        1844596 kB
MemFree:         1414552 kB
MemAvailable:    1525744 kB
Buffers:           30276 kB
Cached:           211684 kB
MemTotal:        1844596 kB
MemFree:         1414468 kB
MemAvailable:    1525660 kB
Buffers:           30276 kB
Cached:           211684 kB
MemTotal:        1844596 kB
MemFree:         1412932 kB
MemAvailable:    1524124 kB
Buffers:           30276 kB
Cached:           211684 kB
MemTotal:        1844596 kB
MemFree:         1413228 kB
MemAvailable:    1524420 kB
Buffers:           30276 kB
Cached:           211684 kB
MemTotal:        1844596 kB
MemFree:         1414028 kB
MemAvailable:    1525220 kB
Buffers:           30276 kB
Cached:           211684 kB
MemTotal:        1844596 kB
MemFree:         1413856 kB
MemAvailable:    1525048 kB
Buffers:           30276 kB
Cached:           211684 kB
MemTotal:        1844596 kB
MemFree:         1412676 kB
MemAvailable:    1523868 kB
Buffers:           30276 kB
Cached:           211684 kB
MemTotal:        1844596 kB
MemFree:         1413972 kB
MemAvailable:    1525164 kB
Buffers:           30276 kB
Cached:           211684 kB
MemTotal:        1844596 kB
MemFree:         1413360 kB
MemAvailable:    1524552 kB
Buffers:           30276 kB
Cached:           211684 kB
MemTotal:        1844596 kB
MemFree:         1414212 kB
MemAvailable:    1525404 kB
Buffers:           30276 kB
Cached:           211684 kB
MemTotal:        1844596 kB
MemFree:         1414464 kB
MemAvailable:    1525656 kB
Buffers:           30276 kB
Cached:           211684 kB
MemTotal:        1844596 kB
MemFree:         1412848 kB
MemAvailable:    1524040 kB
Buffers:           30276 kB
Cached:           211684 kB
MemTotal:        1844596 kB
MemFree:         1414220 kB
MemAvailable:    1525412 kB
Buffers:           30276 kB
Cached:           211684 kB
MemTotal:        1844596 kB
MemFree:         1413964 kB
MemAvailable:    1525156 kB
Buffers:           30276 kB
Cached:           211684 kB
MemTotal:        1844596 kB
MemFree:         1412844 kB
MemAvailable:    1524036 kB
Buffers:           30276 kB
Cached:           211684 kB
MemTotal:        1844596 kB
MemFree:         1414144 kB
MemAvailable:    1525336 kB
Buffers:           30276 kB
Cached:           211684 kB
MemTotal:        1844596 kB
MemFree:         1414224 kB
MemAvailable:    1525416 kB
Buffers:           30276 kB
Cached:           211684 kB
MemTotal:        1844596 kB
MemFree:         1412832 kB
MemAvailable:    1524024 kB
Buffers:           30276 kB
Cached:           211684 kB
MemTotal:        1844596 kB
MemFree:         1413892 kB
MemAvailable:    1525084 kB
Buffers:           30276 kB
Cached:           211684 kB
MemTotal:        1844596 kB
MemFree:         1414228 kB
MemAvailable:    1525420 kB
Buffers:           30276 kB
Cached:           211684 kB
MemTotal:        1844596 kB
MemFree:         1414092 kB
MemAvailable:    1525284 kB
Buffers:           30276 kB
Cached:           211684 kB
MemTotal:        1844596 kB
MemFree:         1413980 kB
MemAvailable:    1525172 kB
Buffers:           30276 kB
Cached:           211684 kB
MemTotal:        1844596 kB
MemFree:         1413360 kB
MemAvailable:    1524552 kB
Buffers:           30276 kB
Cached:           211684 kB
MemTotal:        1844596 kB
MemFree:         1414344 kB
MemAvailable:    1525548 kB
Buffers:           30276 kB
Cached:           211696 kB
MemTotal:        1844596 kB
MemFree:         1414336 kB
MemAvailable:    1525540 kB
Buffers:           30276 kB
Cached:           211696 kB
MemTotal:        1844596 kB
MemFree:         1414148 kB
MemAvailable:    1525352 kB
Buffers:           30276 kB
Cached:           211696 kB
MemTotal:        1844596 kB
MemFree:         1413976 kB
MemAvailable:    1525180 kB
Buffers:           30276 kB
Cached:           211696 kB
MemTotal:        1844596 kB
MemFree:         1412660 kB
MemAvailable:    1523864 kB
Buffers:           30276 kB
Cached:           211696 kB
MemTotal:        1844596 kB
MemFree:         1412668 kB
MemAvailable:    1523872 kB
Buffers:           30276 kB
Cached:           211696 kB
MemTotal:        1844596 kB
MemFree:         1412668 kB
MemAvailable:    1523872 kB
Buffers:           30276 kB
Cached:           211696 kB
MemTotal:        1844596 kB
MemFree:         1414032 kB
MemAvailable:    1525236 kB
Buffers:           30276 kB
Cached:           211696 kB
MemTotal:        1844596 kB
MemFree:         1413888 kB
MemAvailable:    1525092 kB
Buffers:           30276 kB
Cached:           211696 kB
MemTotal:        1844596 kB
MemFree:         1414224 kB
MemAvailable:    1525428 kB
Buffers:           30276 kB
Cached:           211696 kB
MemTotal:        1844596 kB
MemFree:         1414152 kB
MemAvailable:    1525356 kB
Buffers:           30276 kB
Cached:           211696 kB
MemTotal:        1844596 kB
MemFree:         1413236 kB
MemAvailable:    1524440 kB
Buffers:           30276 kB
Cached:           211696 kB
MemTotal:        1844596 kB
MemFree:         1413840 kB
MemAvailable:    1525048 kB
Buffers:           30276 kB
Cached:           211700 kB
MemTotal:        1844596 kB
MemFree:         1414176 kB
MemAvailable:    1525384 kB
Buffers:           30276 kB
Cached:           211700 kB
MemTotal:        1844596 kB
MemFree:         1414092 kB
MemAvailable:    1525300 kB
Buffers:           30276 kB
Cached:           211700 kB
MemTotal:        1844596 kB
MemFree:         1414000 kB
MemAvailable:    1525208 kB
Buffers:           30276 kB
Cached:           211700 kB
MemTotal:        1844596 kB
MemFree:         1413360 kB
MemAvailable:    1524568 kB
Buffers:           30276 kB
Cached:           211700 kB
MemTotal:        1844596 kB
MemFree:         1413096 kB
MemAvailable:    1524304 kB
Buffers:           30276 kB
Cached:           211700 kB
MemTotal:        1844596 kB
MemFree:         1414140 kB
MemAvailable:    1525348 kB
Buffers:           30276 kB
Cached:           211700 kB
MemTotal:        1844596 kB
MemFree:         1413112 kB
MemAvailable:    1524320 kB
Buffers:           30276 kB
Cached:           211700 kB
MemTotal:        1844596 kB
MemFree:         1414104 kB
MemAvailable:    1525312 kB
Buffers:           30276 kB
Cached:           211700 kB
MemTotal:        1844596 kB
MemFree:         1414032 kB
MemAvailable:    1525240 kB
Buffers:           30276 kB
Cached:           211700 kB
MemTotal:        1844596 kB
MemFree:         1412684 kB
MemAvailable:    1523892 kB
Buffers:           30276 kB
Cached:           211700 kB
MemTotal:        1844596 kB
MemFree:         1413984 kB
MemAvailable:    1525192 kB
Buffers:           30276 kB
Cached:           211700 kB
MemTotal:        1844596 kB
MemFree:         1412844 kB
MemAvailable:    1524052 kB
Buffers:           30276 kB
Cached:           211700 kB
MemTotal:        1844596 kB
MemFree:         1413140 kB
MemAvailable:    1524348 kB
Buffers:           30276 kB
Cached:           211700 kB
MemTotal:        1844596 kB
MemFree:         1413972 kB
MemAvailable:    1525180 kB
Buffers:           30276 kB
Cached:           211700 kB
MemTotal:        1844596 kB
MemFree:         1413900 kB
MemAvailable:    1525108 kB
Buffers:           30276 kB
Cached:           211700 kB
MemTotal:        1844596 kB
MemFree:         1414112 kB
MemAvailable:    1525320 kB
Buffers:           30276 kB
Cached:           211700 kB
MemTotal:        1844596 kB
MemFree:         1413992 kB
MemAvailable:    1525200 kB
Buffers:           30276 kB
Cached:           211700 kB
MemTotal:        1844596 kB
MemFree:         1414176 kB
MemAvailable:    1525384 kB
Buffers:           30276 kB
Cached:           211700 kB
MemTotal:        1844596 kB
MemFree:         1413908 kB
MemAvailable:    1525116 kB
Buffers:           30276 kB
Cached:           211700 kB
MemTotal:        1844596 kB
MemFree:         1413980 kB
MemAvailable:    1525188 kB
Buffers:           30276 kB
Cached:           211700 kB
MemTotal:        1844596 kB
MemFree:         1414216 kB
MemAvailable:    1525424 kB
Buffers:           30276 kB
Cached:           211700 kB
MemTotal:        1844596 kB
MemFree:         1413360 kB
MemAvailable:    1524568 kB
Buffers:           30276 kB
Cached:           211700 kB
MemTotal:        1844596 kB
MemFree:         1413960 kB
MemAvailable:    1525168 kB
Buffers:           30276 kB
Cached:           211700 kB
MemTotal:        1844596 kB
MemFree:         1414212 kB
MemAvailable:    1525420 kB
Buffers:           30276 kB
Cached:           211700 kB
MemTotal:        1844596 kB
MemFree:         1412724 kB
MemAvailable:    1523932 kB
Buffers:           30276 kB
Cached:           211700 kB
MemTotal:        1844596 kB
MemFree:         1413992 kB
MemAvailable:    1525200 kB
Buffers:           30276 kB
Cached:           211700 kB
MemTotal:        1844596 kB
MemFree:         1412808 kB
MemAvailable:    1524016 kB
Buffers:           30276 kB
Cached:           211700 kB
MemTotal:        1844596 kB
MemFree:         1413960 kB
MemAvailable:    1525168 kB
Buffers:           30276 kB
Cached:           211700 kB
MemTotal:        1844596 kB
MemFree:         1413864 kB
MemAvailable:    1525072 kB
Buffers:           30276 kB
Cached:           211700 kB
MemTotal:        1844596 kB
MemFree:         1412600 kB
MemAvailable:    1523808 kB
Buffers:           30276 kB
Cached:           211700 kB
MemTotal:        1844596 kB
MemFree:         1413908 kB
MemAvailable:    1525116 kB
Buffers:           30276 kB
Cached:           211700 kB
MemTotal:        1844596 kB
MemFree:         1414032 kB
MemAvailable:    1525240 kB
Buffers:           30276 kB
Cached:           211700 kB
MemTotal:        1844596 kB
MemFree:         1414092 kB
MemAvailable:    1525300 kB
Buffers:           30276 kB
Cached:           211700 kB
MemTotal:        1844596 kB
MemFree:         1413840 kB
MemAvailable:    1525048 kB
Buffers:           30276 kB
Cached:           211700 kB
MemTotal:        1844596 kB
MemFree:         1413924 kB
MemAvailable:    1525132 kB
Buffers:           30276 kB
Cached:           211700 kB
MemTotal:        1844596 kB
MemFree:         1414100 kB
MemAvailable:    1525308 kB
Buffers:           30276 kB
Cached:           211700 kB
MemTotal:        1844596 kB
MemFree:         1414012 kB
MemAvailable:    1525220 kB
Buffers:           30276 kB
Cached:           211700 kB
MemTotal:        1844596 kB
MemFree:         1412692 kB
MemAvailable:    1523900 kB
Buffers:           30276 kB
Cached:           211700 kB
MemTotal:        1844596 kB
MemFree:         1412692 kB
MemAvailable:    1523900 kB
Buffers:           30276 kB
Cached:           211700 kB
MemTotal:        1844596 kB
MemFree:         1412692 kB
MemAvailable:    1523900 kB
Buffers:           30276 kB
Cached:           211700 kB
MemTotal:        1844596 kB
MemFree:         1414032 kB
MemAvailable:    1525240 kB
Buffers:           30276 kB
Cached:           211700 kB
MemTotal:        1844596 kB
MemFree:         1412864 kB
MemAvailable:    1524072 kB
Buffers:           30276 kB
Cached:           211700 kB
MemTotal:        1844596 kB
MemFree:         1412692 kB
MemAvailable:    1523900 kB
Buffers:           30276 kB
Cached:           211700 kB
MemTotal:        1844596 kB
MemFree:         1412684 kB
MemAvailable:    1523892 kB
Buffers:           30276 kB
Cached:           211700 kB
MemTotal:        1844596 kB
MemFree:         1412728 kB
MemAvailable:    1523936 kB
Buffers:           30276 kB
Cached:           211700 kB
MemTotal:        1844596 kB
MemFree:         1412720 kB
MemAvailable:    1523928 kB
Buffers:           30276 kB
Cached:           211700 kB
MemTotal:        1844596 kB
MemFree:         1413912 kB
MemAvailable:    1525120 kB
Buffers:           30276 kB
Cached:           211700 kB
MemTotal:        1844596 kB
MemFree:         1413608 kB
MemAvailable:    1524816 kB
Buffers:           30276 kB
Cached:           211700 kB
MemTotal:        1844596 kB
MemFree:         1412720 kB
MemAvailable:    1523928 kB
Buffers:           30276 kB
Cached:           211700 kB
MemTotal:        1844596 kB
MemFree:         1413960 kB
MemAvailable:    1525168 kB
Buffers:           30276 kB
Cached:           211700 kB
MemTotal:        1844596 kB
MemFree:         1413960 kB
MemAvailable:    1525168 kB
Buffers:           30276 kB
Cached:           211700 kB
MemTotal:        1844596 kB
MemFree:         1413792 kB
MemAvailable:    1525000 kB
Buffers:           30276 kB
Cached:           211700 kB
MemTotal:        1844596 kB
MemFree:         1414128 kB
MemAvailable:    1525336 kB
Buffers:           30276 kB
Cached:           211700 kB
MemTotal:        1844596 kB
MemFree:         1414028 kB
MemAvailable:    1525236 kB
Buffers:           30276 kB
Cached:           211700 kB
MemTotal:        1844596 kB
MemFree:         1412804 kB
MemAvailable:    1524012 kB
Buffers:           30276 kB
Cached:           211700 kB
MemTotal:        1844596 kB
MemFree:         1412804 kB
MemAvailable:    1524012 kB
Buffers:           30276 kB
Cached:           211700 kB
MemTotal:        1844596 kB
MemFree:         1412716 kB
MemAvailable:    1523924 kB
Buffers:           30276 kB
Cached:           211700 kB
MemTotal:        1844596 kB
MemFree:         1412840 kB
MemAvailable:    1524048 kB
Buffers:           30276 kB
Cached:           211700 kB
MemTotal:        1844596 kB
MemFree:         1412864 kB
MemAvailable:    1524072 kB
Buffers:           30276 kB
Cached:           211700 kB
MemTotal:        1844596 kB
MemFree:         1414024 kB
MemAvailable:    1525232 kB
Buffers:           30276 kB
Cached:           211700 kB
MemTotal:        1844596 kB
MemFree:         1412856 kB
MemAvailable:    1524064 kB
Buffers:           30276 kB
Cached:           211700 kB
MemTotal:        1844596 kB
MemFree:         1413980 kB
MemAvailable:    1525188 kB
Buffers:           30276 kB
Cached:           211700 kB
MemTotal:        1844596 kB
MemFree:         1412740 kB
MemAvailable:    1523948 kB
Buffers:           30276 kB
Cached:           211700 kB
MemTotal:        1844596 kB
MemFree:         1412608 kB
MemAvailable:    1523816 kB
Buffers:           30276 kB
Cached:           211700 kB
MemTotal:        1844596 kB
MemFree:         1412568 kB
MemAvailable:    1523776 kB
Buffers:           30276 kB
Cached:           211700 kB
MemTotal:        1844596 kB
MemFree:         1413808 kB
MemAvailable:    1525016 kB
Buffers:           30276 kB
Cached:           211700 kB
MemTotal:        1844596 kB
MemFree:         1412812 kB
MemAvailable:    1524020 kB
Buffers:           30276 kB
Cached:           211700 kB
MemTotal:        1844596 kB
MemFree:         1414048 kB
MemAvailable:    1525256 kB
Buffers:           30276 kB
Cached:           211700 kB
MemTotal:        1844596 kB
MemFree:         1413900 kB
MemAvailable:    1525108 kB
Buffers:           30276 kB
Cached:           211700 kB
MemTotal:        1844596 kB
MemFree:         1413360 kB
MemAvailable:    1524568 kB
Buffers:           30276 kB
Cached:           211700 kB
MemTotal:        1844596 kB
MemFree:         1412568 kB
MemAvailable:    1523788 kB
Buffers:           30276 kB
Cached:           211712 kB
MemTotal:        1844596 kB
MemFree:         1412820 kB
MemAvailable:    1524040 kB
Buffers:           30276 kB
Cached:           211712 kB
MemTotal:        1844596 kB
MemFree:         1412812 kB
MemAvailable:    1524032 kB
Buffers:           30276 kB
Cached:           211712 kB
MemTotal:        1844596 kB
MemFree:         1412688 kB
MemAvailable:    1523908 kB
Buffers:           30276 kB
Cached:           211712 kB
MemTotal:        1844596 kB
MemFree:         1412732 kB
MemAvailable:    1523952 kB
Buffers:           30276 kB
Cached:           211712 kB
MemTotal:        1844596 kB
MemFree:         1413916 kB
MemAvailable:    1525136 kB
Buffers:           30276 kB
Cached:           211712 kB
MemTotal:        1844596 kB
MemFree:         1413244 kB
MemAvailable:    1524464 kB
Buffers:           30276 kB
Cached:           211712 kB
MemTotal:        1844596 kB
MemFree:         1412708 kB
MemAvailable:    1523928 kB
Buffers:           30276 kB
Cached:           211712 kB
MemTotal:        1844596 kB
MemFree:         1413940 kB
MemAvailable:    1525160 kB
Buffers:           30276 kB
Cached:           211712 kB
MemTotal:        1844596 kB
MemFree:         1412736 kB
MemAvailable:    1523956 kB
Buffers:           30276 kB
Cached:           211712 kB
MemTotal:        1844596 kB
MemFree:         1412604 kB
MemAvailable:    1523824 kB
Buffers:           30276 kB
Cached:           211712 kB
MemTotal:        1844596 kB
MemFree:         1414032 kB
MemAvailable:    1525252 kB
Buffers:           30276 kB
Cached:           211712 kB
MemTotal:        1844596 kB
MemFree:         1413980 kB
MemAvailable:    1525200 kB
Buffers:           30276 kB
Cached:           211712 kB
MemTotal:        1844596 kB
MemFree:         1412748 kB
MemAvailable:    1523968 kB
Buffers:           30276 kB
Cached:           211712 kB
MemTotal:        1844596 kB
MemFree:         1413988 kB
MemAvailable:    1525208 kB
Buffers:           30276 kB
Cached:           211712 kB
MemTotal:        1844596 kB
MemFree:         1414064 kB
MemAvailable:    1525284 kB
Buffers:           30276 kB
Cached:           211712 kB
MemTotal:        1844596 kB
MemFree:         1412576 kB
MemAvailable:    1523796 kB
Buffers:           30276 kB
Cached:           211712 kB
MemTotal:        1844596 kB
MemFree:         1412568 kB
MemAvailable:    1523788 kB
Buffers:           30276 kB
Cached:           211712 kB
MemTotal:        1844596 kB
MemFree:         1413936 kB
MemAvailable:    1525156 kB
Buffers:           30276 kB
Cached:           211712 kB
MemTotal:        1844596 kB
MemFree:         1413908 kB
MemAvailable:    1525128 kB
Buffers:           30276 kB
Cached:           211712 kB
MemTotal:        1844596 kB
MemFree:         1412600 kB
MemAvailable:    1523820 kB
Buffers:           30276 kB
Cached:           211712 kB
MemTotal:        1844596 kB
MemFree:         1413856 kB
MemAvailable:    1525076 kB
Buffers:           30276 kB
Cached:           211712 kB
MemTotal:        1844596 kB
MemFree:         1414108 kB
MemAvailable:    1525328 kB
Buffers:           30276 kB
Cached:           211712 kB
MemTotal:        1844596 kB
MemFree:         1413876 kB
MemAvailable:    1525096 kB
Buffers:           30276 kB
Cached:           211712 kB
MemTotal:        1844596 kB
MemFree:         1413804 kB
MemAvailable:    1525024 kB
Buffers:           30276 kB
Cached:           211712 kB
MemTotal:        1844596 kB
MemFree:         1413856 kB
MemAvailable:    1525076 kB
Buffers:           30276 kB
Cached:           211712 kB
MemTotal:        1844596 kB
MemFree:         1412564 kB
MemAvailable:    1523784 kB
Buffers:           30276 kB
Cached:           211712 kB
MemTotal:        1844596 kB
MemFree:         1412732 kB
MemAvailable:    1523952 kB
Buffers:           30276 kB
Cached:           211712 kB
MemTotal:        1844596 kB
MemFree:         1412700 kB
MemAvailable:    1523920 kB
Buffers:           30276 kB
Cached:           211712 kB
MemTotal:        1844596 kB
MemFree:         1413236 kB
MemAvailable:    1524456 kB
Buffers:           30276 kB
Cached:           211712 kB
MemTotal:        1844596 kB
MemFree:         1413844 kB
MemAvailable:    1525064 kB
Buffers:           30276 kB
Cached:           211712 kB
MemTotal:        1844596 kB
MemFree:         1414072 kB
MemAvailable:    1525292 kB
Buffers:           30276 kB
Cached:           211712 kB
MemTotal:        1844596 kB
MemFree:         1414072 kB
MemAvailable:    1525292 kB
Buffers:           30276 kB
Cached:           211712 kB
MemTotal:        1844596 kB
MemFree:         1413808 kB
MemAvailable:    1525028 kB
Buffers:           30276 kB
Cached:           211712 kB
MemTotal:        1844596 kB
MemFree:         1414060 kB
MemAvailable:    1525280 kB
Buffers:           30276 kB
Cached:           211712 kB
MemTotal:        1844596 kB
MemFree:         1413852 kB
MemAvailable:    1525072 kB
Buffers:           30276 kB
Cached:           211712 kB
MemTotal:        1844596 kB
MemFree:         1413924 kB
MemAvailable:    1525144 kB
Buffers:           30276 kB
Cached:           211712 kB
MemTotal:        1844596 kB
MemFree:         1413768 kB
MemAvailable:    1524988 kB
Buffers:           30276 kB
Cached:           211712 kB
MemTotal:        1844596 kB
MemFree:         1413768 kB
MemAvailable:    1524988 kB
Buffers:           30276 kB
Cached:           211712 kB
MemTotal:        1844596 kB
MemFree:         1413836 kB
MemAvailable:    1525056 kB
Buffers:           30276 kB
Cached:           211712 kB
MemTotal:        1844596 kB
MemFree:         1413616 kB
MemAvailable:    1524836 kB
Buffers:           30276 kB
Cached:           211712 kB
MemTotal:        1844596 kB
MemFree:         1414036 kB
MemAvailable:    1525256 kB
Buffers:           30276 kB
Cached:           211712 kB
MemTotal:        1844596 kB
MemFree:         1413864 kB
MemAvailable:    1525084 kB
Buffers:           30276 kB
Cached:           211712 kB
MemTotal:        1844596 kB
MemFree:         1413708 kB
MemAvailable:    1524928 kB
Buffers:           30276 kB
Cached:           211712 kB
MemTotal:        1844596 kB
MemFree:         1413792 kB
MemAvailable:    1525012 kB
Buffers:           30276 kB
Cached:           211712 kB
MemTotal:        1844596 kB
MemFree:         1413768 kB
MemAvailable:    1524988 kB
Buffers:           30276 kB
Cached:           211712 kB
MemTotal:        1844596 kB
MemFree:         1414108 kB
MemAvailable:    1525328 kB
Buffers:           30276 kB
Cached:           211712 kB
MemTotal:        1844596 kB
MemFree:         1412740 kB
MemAvailable:    1523960 kB
Buffers:           30276 kB
Cached:           211712 kB
MemTotal:        1844596 kB
MemFree:         1412864 kB
MemAvailable:    1524084 kB
Buffers:           30276 kB
Cached:           211712 kB
MemTotal:        1844596 kB
MemFree:         1412740 kB
MemAvailable:    1523960 kB
Buffers:           30276 kB
Cached:           211712 kB
MemTotal:        1844596 kB
MemFree:         1413848 kB
MemAvailable:    1525068 kB
Buffers:           30276 kB
Cached:           211712 kB
MemTotal:        1844596 kB
MemFree:         1413740 kB
MemAvailable:    1524960 kB
Buffers:           30276 kB
Cached:           211712 kB
MemTotal:        1844596 kB
MemFree:         1413544 kB
MemAvailable:    1524764 kB
Buffers:           30276 kB
Cached:           211836 kB
MemTotal:        1844596 kB
MemFree:         1413880 kB
MemAvailable:    1525184 kB
Buffers:           30276 kB
Cached:           211836 kB
MemTotal:        1844596 kB
MemFree:         1412552 kB
MemAvailable:    1523940 kB
Buffers:           30276 kB
Cached:           211960 kB
MemTotal:        1844596 kB
MemFree:         1413736 kB
MemAvailable:    1525376 kB
Buffers:           30276 kB
Cached:           212084 kB
MemTotal:        1844596 kB
MemFree:         1413544 kB
MemAvailable:    1525268 kB
Buffers:           30276 kB
Cached:           212208 kB
MemTotal:        1844596 kB
MemFree:         1412048 kB
MemAvailable:    1523772 kB
Buffers:           30276 kB
Cached:           212332 kB
MemTotal:        1844596 kB
MemFree:         1413064 kB
MemAvailable:    1524872 kB
Buffers:           30276 kB
Cached:           212332 kB
MemTotal:        1844596 kB
MemFree:         1413120 kB
MemAvailable:    1524928 kB
Buffers:           30276 kB
Cached:           212332 kB
MemTotal:        1844596 kB
MemFree:         1413124 kB
MemAvailable:    1524932 kB
Buffers:           30276 kB
Cached:           212332 kB
MemTotal:        1844596 kB
MemFree:         1413120 kB
MemAvailable:    1524928 kB
Buffers:           30276 kB
Cached:           212332 kB
MemTotal:        1844596 kB
MemFree:         1413048 kB
MemAvailable:    1524856 kB
Buffers:           30276 kB
Cached:           212332 kB
MemTotal:        1844596 kB
MemFree:         1413300 kB
MemAvailable:    1525108 kB
Buffers:           30276 kB
Cached:           212332 kB
MemTotal:        1844596 kB
MemFree:         1413244 kB
MemAvailable:    1525052 kB
Buffers:           30276 kB
Cached:           212332 kB
MemTotal:        1844596 kB
MemFree:         1413180 kB
MemAvailable:    1524988 kB
Buffers:           30276 kB
Cached:           212332 kB
MemTotal:        1844596 kB
MemFree:         1412536 kB
MemAvailable:    1523756 kB
Buffers:           30276 kB
Cached:           211700 kB
MemTotal:        1844596 kB
MemFree:         1483240 kB
MemAvailable:    1594460 kB
Buffers:           30276 kB
Cached:           211700 kB
