MemTotal:        1844596 kB
MemFree:         1509796 kB
MemAvailable:    1581504 kB
Buffers:           24584 kB
Cached:           177608 kB
MemTotal:        1844596 kB
MemFree:         1503712 kB
MemAvailable:    1575424 kB
Buffers:           24584 kB
Cached:           177612 kB
MemTotal:        1844596 kB
MemFree:         1505392 kB
MemAvailable:    1577104 kB
Buffers:           24584 kB
Cached:           177612 kB
MemTotal:        1844596 kB
MemFree:         1503464 kB
MemAvailable:    1575176 kB
Buffers:           24584 kB
Cached:           177612 kB
MemTotal:        1844596 kB
MemFree:         1503468 kB
MemAvailable:    1575180 kB
Buffers:           24584 kB
Cached:           177612 kB
MemTotal:        1844596 kB
MemFree:         1501976 kB
MemAvailable:    1573688 kB
Buffers:           24584 kB
Cached:           177612 kB
MemTotal:        1844596 kB
MemFree:         1501992 kB
MemAvailable:    1573704 kB
Buffers:           24584 kB
Cached:           177612 kB
MemTotal:        1844596 kB
MemFree:         1500488 kB
MemAvailable:    1572200 kB
Buffers:           24584 kB
Cached:           177612 kB
MemTotal:        1844596 kB
MemFree:         1500488 kB
MemAvailable:    1572200 kB
Buffers:           24584 kB
Cached:           177612 kB
MemTotal:        1844596 kB
MemFree:         1496528 kB
MemAvailable:    1568240 kB
Buffers:           24584 kB
Cached:           177612 kB
MemTotal:        1844596 kB
MemFree:         1496660 kB
MemAvailable:    1568372 kB
Buffers:           24584 kB
Cached:           177612 kB
MemTotal:        1844596 kB
MemFree:         1491816 kB
MemAvailable:    1563528 kB
Buffers:           24584 kB
Cached:           177612 kB
MemTotal:        1844596 kB
MemFree:         1489708 kB
MemAvailable:    1561420 kB
Buffers:           24584 kB
Cached:           177612 kB
MemTotal:        1844596 kB
MemFree:         1491852 kB
MemAvailable:    1563564 kB
Buffers:           24584 kB
Cached:           177612 kB
MemTotal:        1844596 kB
MemFree:         1492104 kB
MemAvailable:    1563816 kB
Buffers:           24584 kB
Cached:           177612 kB
MemTotal:        1844596 kB
MemFree:         1490572 kB
MemAvailable:    1562284 kB
Buffers:           24584 kB
Cached:           177612 kB
MemTotal:        1844596 kB
MemFree:         1492020 kB
MemAvailable:    1563732 kB
Buffers:           24584 kB
Cached:           177612 kB
MemTotal:        1844596 kB
MemFree:         1490692 kB
MemAvailable:    1562404 kB
Buffers:           24584 kB
Cached:           177612 kB
MemTotal:        1844596 kB
MemFree:         1491816 kB
MemAvailable:    1563528 kB
Buffers:           24584 kB
Cached:           177612 kB
MemTotal:        1844596 kB
MemFree:         1491328 kB
MemAvailable:    1563040 kB
Buffers:           24584 kB
Cached:           177612 kB
MemTotal:        1844596 kB
MemFree:         1490708 kB
MemAvailable:    1562420 kB
Buffers:           24584 kB
Cached:           177612 kB
MemTotal:        1844596 kB
MemFree:         1490024 kB
MemAvailable:    1561736 kB
Buffers:           24584 kB
Cached:           177612 kB
MemTotal:        1844596 kB
MemFree:         1488476 kB
MemAvailable:    1560188 kB
Buffers:           24584 kB
Cached:           177612 kB
MemTotal:        1844596 kB
MemFree:         1489332 kB
MemAvailable:    1561044 kB
Buffers:           24584 kB
Cached:           177612 kB
MemTotal:        1844596 kB
MemFree:         1489404 kB
MemAvailable:    1561116 kB
Buffers:           24584 kB
Cached:           177612 kB
MemTotal:        1844596 kB
MemFree:         1489328 kB
MemAvailable:    1561040 kB
Buffers:           24584 kB
Cached:           177612 kB
MemTotal:        1844596 kB
MemFree:         1489580 kB
MemAvailable:    1561292 kB
Buffers:           24584 kB
Cached:           177612 kB
MemTotal:        1844596 kB
MemFree:         1488172 kB
MemAvailable:    1559884 kB
Buffers:           24584 kB
Cached:           177612 kB
MemTotal:        1844596 kB
MemFree:         1489404 kB
MemAvailable:    1561116 kB
Buffers:           24584 kB
Cached:           177612 kB
MemTotal:        1844596 kB
MemFree:         1489516 kB
MemAvailable:    1561228 kB
Buffers:           24584 kB
Cached:           177612 kB
MemTotal:        1844596 kB
MemFree:         1489396 kB
MemAvailable:    1561108 kB
Buffers:           24584 kB
Cached:           177612 kB
MemTotal:        1844596 kB
MemFree:         1488180 kB
MemAvailable:    1559892 kB
Buffers:           24584 kB
Cached:           177612 kB
MemTotal:        1844596 kB
MemFree:         1489524 kB
MemAvailable:    1561236 kB
Buffers:           24584 kB
Cached:           177612 kB
MemTotal:        1844596 kB
MemFree:         1489772 kB
MemAvailable:    1561484 kB
Buffers:           24584 kB
Cached:           177612 kB
MemTotal:        1844596 kB
MemFree:         1488344 kB
MemAvailable:    1560056 kB
Buffers:           24584 kB
Cached:           177612 kB
MemTotal:        1844596 kB
MemFree:         1488476 kB
MemAvailable:    1560188 kB
Buffers:           24584 kB
Cached:           177612 kB
MemTotal:        1844596 kB
MemFree:         1485608 kB
MemAvailable:    1557320 kB
Buffers:           24584 kB
Cached:           177612 kB
MemTotal:        1844596 kB
MemFree:         1487288 kB
MemAvailable:    1559000 kB
Buffers:           24584 kB
Cached:           177612 kB
MemTotal:        1844596 kB
MemFree:         1486352 kB
MemAvailable:    1558064 kB
Buffers:           24584 kB
Cached:           177612 kB
MemTotal:        1844596 kB
MemFree:         1486552 kB
MemAvailable:    1558264 kB
Buffers:           24584 kB
Cached:           177612 kB
MemTotal:        1844596 kB
MemFree:         1485740 kB
MemAvailable:    1557452 kB
Buffers:           24584 kB
Cached:           177612 kB
MemTotal:        1844596 kB
MemFree:         1486296 kB
MemAvailable:    1558008 kB
Buffers:           24584 kB
Cached:           177612 kB
MemTotal:        1844596 kB
MemFree:         1484632 kB
MemAvailable:    1556344 kB
Buffers:           24584 kB
Cached:           177612 kB
MemTotal:        1844596 kB
MemFree:         1485368 kB
MemAvailable:    1557080 kB
Buffers:           24584 kB
Cached:           177612 kB
MemTotal:        1844596 kB
MemFree:         1484880 kB
MemAvailable:    1556592 kB
Buffers:           24584 kB
Cached:           177612 kB
MemTotal:        1844596 kB
MemFree:         1483948 kB
MemAvailable:    1555660 kB
Buffers:           24584 kB
Cached:           177612 kB
MemTotal:        1844596 kB
MemFree:         1485064 kB
MemAvailable:    1556776 kB
Buffers:           24584 kB
Cached:           177612 kB
MemTotal:        1844596 kB
MemFree:         1485320 kB
MemAvailable:    1557032 kB
Buffers:           24584 kB
Cached:           177612 kB
MemTotal:        1844596 kB
MemFree:         1485168 kB
MemAvailable:    1556880 kB
Buffers:           24584 kB
Cached:           177612 kB
MemTotal:        1844596 kB
MemFree:         1483736 kB
MemAvailable:    1555448 kB
Buffers:           24584 kB
Cached:           177612 kB
MemTotal:        1844596 kB
MemFree:         1484376 kB
MemAvailable:    1556088 kB
Buffers:           24584 kB
Cached:           177612 kB
MemTotal:        1844596 kB
MemFree:         1483640 kB
MemAvailable:    1555352 kB
Buffers:           24584 kB
Cached:           177612 kB
MemTotal:        1844596 kB
MemFree:         1483988 kB
MemAvailable:    1555700 kB
Buffers:           24584 kB
Cached:           177612 kB
MemTotal:        1844596 kB
MemFree:         1483268 kB
MemAvailable:    1554980 kB
Buffers:           24584 kB
Cached:           177612 kB
MemTotal:        1844596 kB
MemFree:         1483084 kB
MemAvailable:    1554796 kB
Buffers:           24584 kB
Cached:           177612 kB
MemTotal:        1844596 kB
MemFree:         1484200 kB
MemAvailable:    1555912 kB
Buffers:           24584 kB
Cached:           177612 kB
MemTotal:        1844596 kB
MemFree:         1483220 kB
MemAvailable:    1554932 kB
Buffers:           24584 kB
Cached:           177612 kB
MemTotal:        1844596 kB
MemFree:         1482836 kB
MemAvailable:    1554548 kB
Buffers:           24584 kB
Cached:           177612 kB
MemTotal:        1844596 kB
MemFree:         1484136 kB
MemAvailable:    1555848 kB
Buffers:           24584 kB
Cached:           177612 kB
MemTotal:        1844596 kB
MemFree:         1484068 kB
MemAvailable:    1555780 kB
Buffers:           24584 kB
Cached:           177612 kB
MemTotal:        1844596 kB
MemFree:         1483252 kB
MemAvailable:    1554964 kB
Buffers:           24584 kB
Cached:           177612 kB
MemTotal:        1844596 kB
MemFree:         1483004 kB
MemAvailable:    1554716 kB
Buffers:           24584 kB
Cached:           177612 kB
MemTotal:        1844596 kB
MemFree:         1483880 kB
MemAvailable:    1555592 kB
Buffers:           24584 kB
Cached:           177612 kB
MemTotal:        1844596 kB
MemFree:         1483996 kB
MemAvailable:    1555708 kB
Buffers:           24584 kB
Cached:           177612 kB
MemTotal:        1844596 kB
MemFree:         1483888 kB
MemAvailable:    1555600 kB
Buffers:           24584 kB
Cached:           177612 kB
MemTotal:        1844596 kB
MemFree:         1483864 kB
MemAvailable:    1555576 kB
Buffers:           24584 kB
Cached:           177612 kB
MemTotal:        1844596 kB
MemFree:         1482888 kB
MemAvailable:    1554600 kB
Buffers:           24584 kB
Cached:           177612 kB
MemTotal:        1844596 kB
MemFree:         1482236 kB
MemAvailable:    1553948 kB
Buffers:           24584 kB
Cached:           177612 kB
MemTotal:        1844596 kB
MemFree:         1482500 kB
MemAvailable:    1554212 kB
Buffers:           24584 kB
Cached:           177612 kB
MemTotal:        1844596 kB
MemFree:         1483704 kB
MemAvailable:    1555416 kB
Buffers:           24584 kB
Cached:           177612 kB
MemTotal:        1844596 kB
MemFree:         1483444 kB
MemAvailable:    1555156 kB
Buffers:           24584 kB
Cached:           177612 kB
MemTotal:        1844596 kB
MemFree:         1482152 kB
MemAvailable:    1553864 kB
Buffers:           24584 kB
Cached:           177612 kB
MemTotal:        1844596 kB
MemFree:         1483372 kB
MemAvailable:    1555084 kB
Buffers:           24584 kB
Cached:           177612 kB
MemTotal:        1844596 kB
MemFree:         1483440 kB
MemAvailable:    1555152 kB
Buffers:           24584 kB
Cached:           177612 kB
MemTotal:        1844596 kB
MemFree:         1483240 kB
MemAvailable:    1554952 kB
Buffers:           24584 kB
Cached:           177612 kB
MemTotal:        1844596 kB
MemFree:         1482472 kB
MemAvailable:    1554184 kB
Buffers:           24584 kB
Cached:           177612 kB
MemTotal:        1844596 kB
MemFree:         1482120 kB
MemAvailable:    1553832 kB
Buffers:           24584 kB
Cached:           177612 kB
MemTotal:        1844596 kB
MemFree:         1483304 kB
MemAvailable:    1555016 kB
Buffers:           24584 kB
Cached:           177612 kB
MemTotal:        1844596 kB
MemFree:         1482524 kB
MemAvailable:    1554236 kB
Buffers:           24584 kB
Cached:           177612 kB
MemTotal:        1844596 kB
MemFree:         1482516 kB
MemAvailable:    1554228 kB
Buffers:           24584 kB
Cached:           177612 kB
MemTotal:        1844596 kB
MemFree:         1482516 kB
MemAvailable:    1554228 kB
Buffers:           24584 kB
Cached:           177612 kB
MemTotal:        1844596 kB
MemFree:         1480848 kB
MemAvailable:    1552560 kB
Buffers:           24584 kB
Cached:           177612 kB
MemTotal:        1844596 kB
MemFree:         1477300 kB
MemAvailable:    1549012 kB
Buffers:           24584 kB
Cached:           177612 kB
MemTotal:        1844596 kB
MemFree:         1476200 kB
MemAvailable:    1547912 kB
Buffers:           24584 kB
Cached:           177612 kB
MemTotal:        1844596 kB
MemFree:         1475564 kB
MemAvailable:    1547276 kB
Buffers:           24584 kB
Cached:           177612 kB
MemTotal:        1844596 kB
MemFree:         1475816 kB
MemAvailable:    1547528 kB
Buffers:           24584 kB
Cached:           177612 kB
MemTotal:        1844596 kB
MemFree:         1475392 kB
MemAvailable:    1547104 kB
Buffers:           24584 kB
Cached:           177612 kB
MemTotal:        1844596 kB
MemFree:         1475584 kB
MemAvailable:    1547296 kB
Buffers:           24584 kB
Cached:           177612 kB
MemTotal:        1844596 kB
MemFree:         1474020 kB
MemAvailable:    1545732 kB
Buffers:           24584 kB
Cached:           177612 kB
MemTotal:        1844596 kB
MemFree:         1474276 kB
MemAvailable:    1545988 kB
Buffers:           24584 kB
Cached:           177612 kB
MemTotal:        1844596 kB
MemFree:         1475260 kB
MemAvailable:    1546972 kB
Buffers:           24584 kB
Cached:           177612 kB
MemTotal:        1844596 kB
MemFree:         1474276 kB
MemAvailable:    1545988 kB
Buffers:           24584 kB
Cached:           177612 kB
MemTotal:        1844596 kB
MemFree:         1475480 kB
MemAvailable:    1547192 kB
Buffers:           24584 kB
Cached:           177612 kB
MemTotal:        1844596 kB
MemFree:         1475228 kB
MemAvailable:    1546940 kB
Buffers:           24584 kB
Cached:           177612 kB
MemTotal:        1844596 kB
MemFree:         1475460 kB
MemAvailable:    1547172 kB
Buffers:           24584 kB
Cached:           177612 kB
MemTotal:        1844596 kB
MemFree:         1474588 kB
MemAvailable:    1546300 kB
Buffers:           24584 kB
Cached:           177612 kB
MemTotal:        1844596 kB
MemFree:         1474712 kB
MemAvailable:    1546428 kB
Buffers:           24584 kB
Cached:           177616 kB
MemTotal:        1844596 kB
MemFree:         1475440 kB
MemAvailable:    1547164 kB
Buffers:           24584 kB
Cached:           177624 kB
MemTotal:        1844596 kB
MemFree:         1475440 kB
MemAvailable:    1547164 kB
Buffers:           24584 kB
Cached:           177624 kB
MemTotal:        1844596 kB
MemFree:         1475336 kB
MemAvailable:    1547060 kB
Buffers:           24584 kB
Cached:           177624 kB
MemTotal:        1844596 kB
MemFree:         1475312 kB
MemAvailable:    1547036 kB
Buffers:           24584 kB
Cached:           177624 kB
MemTotal:        1844596 kB
MemFree:         1473960 kB
MemAvailable:    1545684 kB
Buffers:           24584 kB
Cached:           177624 kB
MemTotal:        1844596 kB
MemFree:         1474708 kB
MemAvailable:    1546432 kB
Buffers:           24584 kB
Cached:           177624 kB
MemTotal:        1844596 kB
MemFree:         1473276 kB
MemAvailable:    1545000 kB
Buffers:           24584 kB
Cached:           177624 kB
MemTotal:        1844596 kB
MemFree:         1473224 kB
MemAvailable:    1544948 kB
Buffers:           24584 kB
Cached:           177624 kB
MemTotal:        1844596 kB
MemFree:         1473704 kB
MemAvailable:    1545428 kB
Buffers:           24584 kB
Cached:           177624 kB
MemTotal:        1844596 kB
MemFree:         1473704 kB
MemAvailable:    1545428 kB
Buffers:           24584 kB
Cached:           177624 kB
MemTotal:        1844596 kB
MemFree:         1473640 kB
MemAvailable:    1545364 kB
Buffers:           24584 kB
Cached:           177624 kB
MemTotal:        1844596 kB
MemFree:         1473640 kB
MemAvailable:    1545364 kB
Buffers:           24584 kB
Cached:           177624 kB
MemTotal:        1844596 kB
MemFree:         1472596 kB
MemAvailable:    1544320 kB
Buffers:           24584 kB
Cached:           177624 kB
MemTotal:        1844596 kB
MemFree:         1472664 kB
MemAvailable:    1544388 kB
Buffers:           24584 kB
Cached:           177624 kB
MemTotal:        1844596 kB
MemFree:         1471976 kB
MemAvailable:    1543700 kB
Buffers:           24584 kB
Cached:           177624 kB
MemTotal:        1844596 kB
MemFree:         1472532 kB
MemAvailable:    1544256 kB
Buffers:           24584 kB
Cached:           177624 kB
MemTotal:        1844596 kB
MemFree:         1471908 kB
MemAvailable:    1543632 kB
Buffers:           24584 kB
Cached:           177624 kB
MemTotal:        1844596 kB
MemFree:         1471540 kB
MemAvailable:    1543264 kB
Buffers:           24584 kB
Cached:           177624 kB
MemTotal:        1844596 kB
MemFree:         1471624 kB
MemAvailable:    1543348 kB
Buffers:           24584 kB
Cached:           177624 kB
MemTotal:        1844596 kB
MemFree:         1471412 kB
MemAvailable:    1543136 kB
Buffers:           24584 kB
Cached:           177624 kB
MemTotal:        1844596 kB
MemFree:         1470676 kB
MemAvailable:    1542400 kB
Buffers:           24584 kB
Cached:           177624 kB
MemTotal:        1844596 kB
MemFree:         1470200 kB
MemAvailable:    1541924 kB
Buffers:           24584 kB
Cached:           177624 kB
MemTotal:        1844596 kB
MemFree:         1471468 kB
MemAvailable:    1543192 kB
Buffers:           24584 kB
Cached:           177624 kB
MemTotal:        1844596 kB
MemFree:         1471532 kB
MemAvailable:    1543256 kB
Buffers:           24584 kB
Cached:           177624 kB
MemTotal:        1844596 kB
MemFree:         1471508 kB
MemAvailable:    1543232 kB
Buffers:           24584 kB
Cached:           177624 kB
MemTotal:        1844596 kB
MemFree:         1470324 kB
MemAvailable:    1542048 kB
Buffers:           24584 kB
Cached:           177624 kB
MemTotal:        1844596 kB
MemFree:         1471348 kB
MemAvailable:    1543072 kB
Buffers:           24584 kB
Cached:           177624 kB
MemTotal:        1844596 kB
MemFree:         1471168 kB
MemAvailable:    1542892 kB
Buffers:           24584 kB
Cached:           177624 kB
MemTotal:        1844596 kB
MemFree:         1470720 kB
MemAvailable:    1542444 kB
Buffers:           24584 kB
Cached:           177624 kB
MemTotal:        1844596 kB
MemFree:         1470976 kB
MemAvailable:    1542700 kB
Buffers:           24584 kB
Cached:           177624 kB
MemTotal:        1844596 kB
MemFree:         1465776 kB
MemAvailable:    1537500 kB
Buffers:           24584 kB
Cached:           177624 kB
MemTotal:        1844596 kB
MemFree:         1463676 kB
MemAvailable:    1535400 kB
Buffers:           24584 kB
Cached:           177624 kB
MemTotal:        1844596 kB
MemFree:         1462436 kB
MemAvailable:    1534160 kB
Buffers:           24584 kB
Cached:           177624 kB
MemTotal:        1844596 kB
MemFree:         1463600 kB
MemAvailable:    1535324 kB
Buffers:           24584 kB
Cached:           177624 kB
MemTotal:        1844596 kB
MemFree:         1463428 kB
MemAvailable:    1535152 kB
Buffers:           24584 kB
Cached:           177624 kB
MemTotal:        1844596 kB
MemFree:         1462164 kB
MemAvailable:    1533888 kB
Buffers:           24584 kB
Cached:           177624 kB
MemTotal:        1844596 kB
MemFree:         1462676 kB
MemAvailable:    1534400 kB
Buffers:           24584 kB
Cached:           177624 kB
MemTotal:        1844596 kB
MemFree:         1462676 kB
MemAvailable:    1534400 kB
Buffers:           24584 kB
Cached:           177624 kB
MemTotal:        1844596 kB
MemFree:         1464112 kB
MemAvailable:    1535836 kB
Buffers:           24584 kB
Cached:           177624 kB
MemTotal:        1844596 kB
MemFree:         1461312 kB
MemAvailable:    1533036 kB
Buffers:           24584 kB
Cached:           177624 kB
MemTotal:        1844596 kB
MemFree:         1461532 kB
MemAvailable:    1533256 kB
Buffers:           24584 kB
Cached:           177624 kB
MemTotal:        1844596 kB
MemFree:         1461424 kB
MemAvailable:    1533148 kB
Buffers:           24584 kB
Cached:           177624 kB
MemTotal:        1844596 kB
MemFree:         1461656 kB
MemAvailable:    1533380 kB
Buffers:           24584 kB
Cached:           177624 kB
MemTotal:        1844596 kB
MemFree:         1461540 kB
MemAvailable:    1533264 kB
Buffers:           24584 kB
Cached:           177624 kB
MemTotal:        1844596 kB
MemFree:         1461428 kB
MemAvailable:    1533152 kB
Buffers:           24584 kB
Cached:           177624 kB
MemTotal:        1844596 kB
MemFree:         1461076 kB
MemAvailable:    1532800 kB
Buffers:           24584 kB
Cached:           177624 kB
MemTotal:        1844596 kB
MemFree:         1460944 kB
MemAvailable:    1532668 kB
Buffers:           24584 kB
Cached:           177624 kB
MemTotal:        1844596 kB
MemFree:         1460812 kB
MemAvailable:    1532536 kB
Buffers:           24584 kB
Cached:           177624 kB
MemTotal:        1844596 kB
MemFree:         1460932 kB
MemAvailable:    1532656 kB
Buffers:           24584 kB
Cached:           177624 kB
MemTotal:        1844596 kB
MemFree:         1461080 kB
MemAvailable:    1532804 kB
Buffers:           24584 kB
Cached:           177624 kB
MemTotal:        1844596 kB
MemFree:         1460968 kB
MemAvailable:    1532692 kB
Buffers:           24584 kB
Cached:           177624 kB
MemTotal:        1844596 kB
MemFree:         1460900 kB
MemAvailable:    1532624 kB
Buffers:           24584 kB
Cached:           177624 kB
MemTotal:        1844596 kB
MemFree:         1460908 kB
MemAvailable:    1532632 kB
Buffers:           24584 kB
Cached:           177624 kB
MemTotal:        1844596 kB
MemFree:         1459956 kB
MemAvailable:    1531680 kB
Buffers:           24584 kB
Cached:           177624 kB
MemTotal:        1844596 kB
MemFree:         1460072 kB
MemAvailable:    1531804 kB
Buffers:           24584 kB
Cached:           177632 kB
MemTotal:        1844596 kB
MemFree:         1460932 kB
MemAvailable:    1532664 kB
Buffers:           24584 kB
Cached:           177632 kB
MemTotal:        1844596 kB
MemFree:         1460932 kB
MemAvailable:    1532664 kB
Buffers:           24584 kB
Cached:           177632 kB
MemTotal:        1844596 kB
MemFree:         1460828 kB
MemAvailable:    1532560 kB
Buffers:           24584 kB
Cached:           177632 kB
MemTotal:        1844596 kB
MemFree:         1460880 kB
MemAvailable:    1532612 kB
Buffers:           24584 kB
Cached:           177632 kB
MemTotal:        1844596 kB
MemFree:         1460692 kB
MemAvailable:    1532424 kB
Buffers:           24584 kB
Cached:           177632 kB
MemTotal:        1844596 kB
MemFree:         1459376 kB
MemAvailable:    1531108 kB
Buffers:           24584 kB
Cached:           177632 kB
MemTotal:        1844596 kB
MemFree:         1460660 kB
MemAvailable:    1532392 kB
Buffers:           24584 kB
Cached:           177632 kB
MemTotal:        1844596 kB
MemFree:         1460660 kB
MemAvailable:    1532392 kB
Buffers:           24584 kB
Cached:           177632 kB
MemTotal:        1844596 kB
MemFree:         1460512 kB
MemAvailable:    1532244 kB
Buffers:           24584 kB
Cached:           177632 kB
MemTotal:        1844596 kB
MemFree:         1460848 kB
MemAvailable:    1532580 kB
Buffers:           24584 kB
Cached:           177632 kB
MemTotal:        1844596 kB
MemFree:         1460632 kB
MemAvailable:    1532364 kB
Buffers:           24584 kB
Cached:           177632 kB
MemTotal:        1844596 kB
MemFree:         1460632 kB
MemAvailable:    1532364 kB
Buffers:           24584 kB
Cached:           177632 kB
MemTotal:        1844596 kB
MemFree:         1460872 kB
MemAvailable:    1532604 kB
Buffers:           24584 kB
Cached:           177632 kB
MemTotal:        1844596 kB
MemFree:         1460700 kB
MemAvailable:    1532432 kB
Buffers:           24584 kB
Cached:           177632 kB
MemTotal:        1844596 kB
MemFree:         1460752 kB
MemAvailable:    1532484 kB
Buffers:           24584 kB
Cached:           177632 kB
MemTotal:        1844596 kB
MemFree:         1460636 kB
MemAvailable:    1532368 kB
Buffers:           24584 kB
Cached:           177632 kB
MemTotal:        1844596 kB
MemFree:         1460760 kB
MemAvailable:    1532492 kB
Buffers:           24584 kB
Cached:           177632 kB
MemTotal:        1844596 kB
MemFree:         1460768 kB
MemAvailable:    1532500 kB
Buffers:           24584 kB
Cached:           177632 kB
MemTotal:        1844596 kB
MemFree:         1459404 kB
MemAvailable:    1531136 kB
Buffers:           24584 kB
Cached:           177632 kB
MemTotal:        1844596 kB
MemFree:         1460560 kB
MemAvailable:    1532292 kB
Buffers:           24584 kB
Cached:           177632 kB
MemTotal:        1844596 kB
MemFree:         1460700 kB
MemAvailable:    1532432 kB
Buffers:           24584 kB
Cached:           177632 kB
MemTotal:        1844596 kB
MemFree:         1460868 kB
MemAvailable:    1532600 kB
Buffers:           24584 kB
Cached:           177632 kB
MemTotal:        1844596 kB
MemFree:         1459440 kB
MemAvailable:    1531172 kB
Buffers:           24584 kB
Cached:           177632 kB
MemTotal:        1844596 kB
MemFree:         1459460 kB
MemAvailable:    1531192 kB
Buffers:           24584 kB
Cached:           177632 kB
MemTotal:        1844596 kB
MemFree:         1460928 kB
MemAvailable:    1532660 kB
Buffers:           24584 kB
Cached:           177632 kB
MemTotal:        1844596 kB
MemFree:         1459832 kB
MemAvailable:    1531564 kB
Buffers:           24584 kB
Cached:           177632 kB
MemTotal:        1844596 kB
MemFree:         1460844 kB
MemAvailable:    1532580 kB
Buffers:           24584 kB
Cached:           177636 kB
MemTotal:        1844596 kB
MemFree:         1460560 kB
MemAvailable:    1532296 kB
Buffers:           24584 kB
Cached:           177636 kB
MemTotal:        1844596 kB
MemFree:         1460204 kB
MemAvailable:    1531816 kB
Buffers:           24584 kB
Cached:           177636 kB
MemTotal:        1844596 kB
MemFree:         1460704 kB
MemAvailable:    1532440 kB
Buffers:           24584 kB
Cached:           177636 kB
MemTotal:        1844596 kB
MemFree:         1460748 kB
MemAvailable:    1532484 kB
Buffers:           24584 kB
Cached:           177636 kB
MemTotal:        1844596 kB
MemFree:         1459400 kB
MemAvailable:    1531136 kB
Buffers:           24584 kB
Cached:           177636 kB
MemTotal:        1844596 kB
MemFree:         1459392 kB
MemAvailable:    1531128 kB
Buffers:           24584 kB
Cached:           177636 kB
MemTotal:        1844596 kB
MemFree:         1460536 kB
MemAvailable:    1532272 kB
Buffers:           24584 kB
Cached:           177636 kB
MemTotal:        1844596 kB
MemFree:         1460788 kB
MemAvailable:    1532524 kB
Buffers:           24584 kB
Cached:           177636 kB
MemTotal:        1844596 kB
MemFree:         1460856 kB
MemAvailable:    1532592 kB
Buffers:           24584 kB
Cached:           177636 kB
MemTotal:        1844596 kB
MemFree:         1459824 kB
MemAvailable:    1531560 kB
Buffers:           24584 kB
Cached:           177636 kB
MemTotal:        1844596 kB
MemFree:         1461132 kB
MemAvailable:    1532868 kB
Buffers:           24584 kB
Cached:           177636 kB
MemTotal:        1844596 kB
MemFree:         1460072 kB
MemAvailable:    1531808 kB
Buffers:           24584 kB
Cached:           177636 kB
MemTotal:        1844596 kB
MemFree:         1460540 kB
MemAvailable:    1532276 kB
Buffers:           24584 kB
Cached:           177636 kB
MemTotal:        1844596 kB
MemFree:         1460020 kB
MemAvailable:    1531756 kB
Buffers:           24584 kB
Cached:           177636 kB
MemTotal:        1844596 kB
MemFree:         1460688 kB
MemAvailable:    1532424 kB
Buffers:           24584 kB
Cached:           177636 kB
MemTotal:        1844596 kB
MemFree:         1460328 kB
MemAvailable:    1532064 kB
Buffers:           24584 kB
Cached:           177636 kB
MemTotal:        1844596 kB
MemFree:         1460748 kB
MemAvailable:    1532484 kB
Buffers:           24584 kB
Cached:           177636 kB
MemTotal:        1844596 kB
MemFree:         1459956 kB
MemAvailable:    1531692 kB
Buffers:           24584 kB
Cached:           177636 kB
MemTotal:        1844596 kB
MemFree:         1460556 kB
MemAvailable:    1532292 kB
Buffers:           24584 kB
Cached:           177636 kB
MemTotal:        1844596 kB
MemFree:         1460812 kB
MemAvailable:    1532548 kB
Buffers:           24584 kB
Cached:           177636 kB
MemTotal:        1844596 kB
MemFree:         1460616 kB
MemAvailable:    1532352 kB
Buffers:           24584 kB
Cached:           177636 kB
MemTotal:        1844596 kB
MemFree:         1460700 kB
MemAvailable:    1532436 kB
Buffers:           24584 kB
Cached:           177636 kB
MemTotal:        1844596 kB
MemFree:         1460568 kB
MemAvailable:    1532304 kB
Buffers:           24584 kB
Cached:           177636 kB
MemTotal:        1844596 kB
MemFree:         1460800 kB
MemAvailable:    1532536 kB
Buffers:           24584 kB
Cached:           177636 kB
MemTotal:        1844596 kB
MemFree:         1460488 kB
MemAvailable:    1532224 kB
Buffers:           24584 kB
Cached:           177636 kB
MemTotal:        1844596 kB
MemFree:         1460824 kB
MemAvailable:    1532560 kB
Buffers:           24584 kB
Cached:           177636 kB
MemTotal:        1844596 kB
MemFree:         1460724 kB
MemAvailable:    1532460 kB
Buffers:           24584 kB
Cached:           177636 kB
MemTotal:        1844596 kB
MemFree:         1460760 kB
MemAvailable:    1532496 kB
Buffers:           24584 kB
Cached:           177636 kB
MemTotal:        1844596 kB
MemFree:         1459956 kB
MemAvailable:    1531692 kB
Buffers:           24584 kB
Cached:           177636 kB
MemTotal:        1844596 kB
MemFree:         1459764 kB
MemAvailable:    1531500 kB
Buffers:           24584 kB
Cached:           177636 kB
MemTotal:        1844596 kB
MemFree:         1459396 kB
MemAvailable:    1531132 kB
Buffers:           24584 kB
Cached:           177636 kB
MemTotal:        1844596 kB
MemFree:         1460696 kB
MemAvailable:    1532432 kB
Buffers:           24584 kB
Cached:           177636 kB
MemTotal:        1844596 kB
MemFree:         1459652 kB
MemAvailable:    1531388 kB
Buffers:           24584 kB
Cached:           177636 kB
MemTotal:        1844596 kB
MemFree:         1460536 kB
MemAvailable:    1532272 kB
Buffers:           24584 kB
Cached:           177636 kB
MemTotal:        1844596 kB
MemFree:         1459708 kB
MemAvailable:    1531444 kB
Buffers:           24584 kB
Cached:           177636 kB
MemTotal:        1844596 kB
MemFree:         1460516 kB
MemAvailable:    1532252 kB
Buffers:           24584 kB
Cached:           177636 kB
MemTotal:        1844596 kB
MemFree:         1460568 kB
MemAvailable:    1532304 kB
Buffers:           24584 kB
Cached:           177636 kB
MemTotal:        1844596 kB
MemFree:         1456972 kB
MemAvailable:    1528708 kB
Buffers:           24584 kB
Cached:           177636 kB
MemTotal:        1844596 kB
MemFree:         1456732 kB
MemAvailable:    1528468 kB
Buffers:           24584 kB
Cached:           177636 kB
MemTotal:        1844596 kB
MemFree:         1456452 kB
MemAvailable:    1528188 kB
Buffers:           24584 kB
Cached:           177636 kB
MemTotal:        1844596 kB
MemFree:         1456704 kB
MemAvailable:    1528440 kB
Buffers:           24584 kB
Cached:           177636 kB
MemTotal:        1844596 kB
MemFree:         1456288 kB
MemAvailable:    1528024 kB
Buffers:           24584 kB
Cached:           177636 kB
MemTotal:        1844596 kB
MemFree:         1456540 kB
MemAvailable:    1528276 kB
Buffers:           24584 kB
Cached:           177636 kB
MemTotal:        1844596 kB
MemFree:         1456524 kB
MemAvailable:    1528260 kB
Buffers:           24584 kB
Cached:           177636 kB
MemTotal:        1844596 kB
MemFree:         1456200 kB
MemAvailable:    1527936 kB
Buffers:           24584 kB
Cached:           177636 kB
MemTotal:        1844596 kB
MemFree:         1456452 kB
MemAvailable:    1528188 kB
Buffers:           24584 kB
Cached:           177636 kB
MemTotal:        1844596 kB
MemFree:         1456520 kB
MemAvailable:    1528256 kB
Buffers:           24584 kB
Cached:           177636 kB
MemTotal:        1844596 kB
MemFree:         1455616 kB
MemAvailable:    1527352 kB
Buffers:           24584 kB
Cached:           177636 kB
MemTotal:        1844596 kB
MemFree:         1456408 kB
MemAvailable:    1528144 kB
Buffers:           24584 kB
Cached:           177636 kB
MemTotal:        1844596 kB
MemFree:         1456300 kB
MemAvailable:    1528036 kB
Buffers:           24584 kB
Cached:           177636 kB
MemTotal:        1844596 kB
MemFree:         1455492 kB
MemAvailable:    1527228 kB
Buffers:           24584 kB
Cached:           177636 kB
MemTotal:        1844596 kB
MemFree:         1456472 kB
MemAvailable:    1528208 kB
Buffers:           24584 kB
Cached:           177636 kB
MemTotal:        1844596 kB
MemFree:         1455060 kB
MemAvailable:    1526796 kB
Buffers:           24584 kB
Cached:           177636 kB
MemTotal:        1844596 kB
MemFree:         1456264 kB
MemAvailable:    1528000 kB
Buffers:           24584 kB
Cached:           177636 kB
MemTotal:        1844596 kB
MemFree:         1455616 kB
MemAvailable:    1527352 kB
Buffers:           24584 kB
Cached:           177636 kB
MemTotal:        1844596 kB
MemFree:         1456208 kB
MemAvailable:    1527944 kB
Buffers:           24584 kB
Cached:           177636 kB
MemTotal:        1844596 kB
MemFree:         1456408 kB
MemAvailable:    1528144 kB
Buffers:           24584 kB
Cached:           177636 kB
MemTotal:        1844596 kB
MemFree:         1454964 kB
MemAvailable:    1526700 kB
Buffers:           24584 kB
Cached:           177636 kB
MemTotal:        1844596 kB
MemFree:         1454996 kB
MemAvailable:    1526732 kB
Buffers:           24584 kB
Cached:           177636 kB
MemTotal:        1844596 kB
MemFree:         1456380 kB
MemAvailable:    1528116 kB
Buffers:           24584 kB
Cached:           177636 kB
MemTotal:        1844596 kB
MemFree:         1456360 kB
MemAvailable:    1528096 kB
Buffers:           24584 kB
Cached:           177636 kB
MemTotal:        1844596 kB
MemFree:         1456048 kB
MemAvailable:    1527784 kB
Buffers:           24584 kB
Cached:           177636 kB
MemTotal:        1844596 kB
MemFree:         1456236 kB
MemAvailable:    1527972 kB
Buffers:           24584 kB
Cached:           177636 kB
MemTotal:        1844596 kB
MemFree:         1456244 kB
MemAvailable:    1527980 kB
Buffers:           24584 kB
Cached:           177636 kB
MemTotal:        1844596 kB
MemFree:         1455492 kB
MemAvailable:    1527228 kB
Buffers:           24584 kB
Cached:           177636 kB
MemTotal:        1844596 kB
MemFree:         1456368 kB
MemAvailable:    1528104 kB
Buffers:           24584 kB
Cached:           177636 kB
MemTotal:        1844596 kB
MemFree:         1456532 kB
MemAvailable:    1528268 kB
Buffers:           24584 kB
Cached:           177636 kB
MemTotal:        1844596 kB
MemFree:         1455096 kB
MemAvailable:    1526832 kB
Buffers:           24584 kB
Cached:           177636 kB
MemTotal:        1844596 kB
MemFree:         1456156 kB
MemAvailable:    1527892 kB
Buffers:           24584 kB
Cached:           177636 kB
MemTotal:        1844596 kB
MemFree:         1456408 kB
MemAvailable:    1528144 kB
Buffers:           24584 kB
Cached:           177636 kB
MemTotal:        1844596 kB
MemFree:         1454988 kB
MemAvailable:    1526724 kB
Buffers:           24584 kB
Cached:           177636 kB
MemTotal:        1844596 kB
MemFree:         1455072 kB
MemAvailable:    1526808 kB
Buffers:           24584 kB
Cached:           177636 kB
MemTotal:        1844596 kB
MemFree:         1456248 kB
MemAvailable:    1527984 kB
Buffers:           24584 kB
Cached:           177636 kB
MemTotal:        1844596 kB
MemFree:         1456368 kB
MemAvailable:    1528104 kB
Buffers:           24584 kB
Cached:           177636 kB
MemTotal:        1844596 kB
MemFree:         1455104 kB
MemAvailable:    1526840 kB
Buffers:           24584 kB
Cached:           177636 kB
MemTotal:        1844596 kB
MemFree:         1456224 kB
MemAvailable:    1527960 kB
Buffers:           24584 kB
Cached:           177636 kB
MemTotal:        1844596 kB
MemFree:         1456268 kB
MemAvailable:    1528004 kB
Buffers:           24584 kB
Cached:           177636 kB
MemTotal:        1844596 kB
MemFree:         1456296 kB
MemAvailable:    1528032 kB
Buffers:           24584 kB
Cached:           177636 kB
MemTotal:        1844596 kB
MemFree:         1455368 kB
MemAvailable:    1527104 kB
Buffers:           24584 kB
Cached:           177636 kB
MemTotal:        1844596 kB
MemFree:         1456608 kB
MemAvailable:    1528352 kB
Buffers:           24584 kB
Cached:           177644 kB
MemTotal:        1844596 kB
MemFree:         1456336 kB
MemAvailable:    1528080 kB
Buffers:           24584 kB
Cached:           177644 kB
MemTotal:        1844596 kB
MemFree:         1455872 kB
MemAvailable:    1527616 kB
Buffers:           24584 kB
Cached:           177644 kB
MemTotal:        1844596 kB
MemFree:         1456416 kB
MemAvailable:    1528160 kB
Buffers:           24584 kB
Cached:           177644 kB
MemTotal:        1844596 kB
MemFree:         1456308 kB
MemAvailable:    1528052 kB
Buffers:           24584 kB
Cached:           177644 kB
MemTotal:        1844596 kB
MemFree:         1455376 kB
MemAvailable:    1527120 kB
Buffers:           24584 kB
Cached:           177644 kB
MemTotal:        1844596 kB
MemFree:         1456292 kB
MemAvailable:    1528036 kB
Buffers:           24584 kB
Cached:           177644 kB
MemTotal:        1844596 kB
MemFree:         1454944 kB
MemAvailable:    1526688 kB
Buffers:           24584 kB
Cached:           177644 kB
MemTotal:        1844596 kB
MemFree:         1456188 kB
MemAvailable:    1527932 kB
Buffers:           24584 kB
Cached:           177644 kB
MemTotal:        1844596 kB
MemFree:         1455568 kB
MemAvailable:    1527312 kB
Buffers:           24584 kB
Cached:           177644 kB
MemTotal:        1844596 kB
MemFree:         1456476 kB
MemAvailable:    1528220 kB
Buffers:           24584 kB
Cached:           177644 kB
MemTotal:        1844596 kB
MemFree:         1456376 kB
MemAvailable:    1528120 kB
Buffers:           24584 kB
Cached:           177644 kB
MemTotal:        1844596 kB
MemFree:         1456056 kB
MemAvailable:    1527800 kB
Buffers:           24584 kB
Cached:           177644 kB
MemTotal:        1844596 kB
MemFree:         1456392 kB
MemAvailable:    1528136 kB
Buffers:           24584 kB
Cached:           177644 kB
MemTotal:        1844596 kB
MemFree:         1454940 kB
MemAvailable:    1526684 kB
Buffers:           24584 kB
Cached:           177644 kB
MemTotal:        1844596 kB
MemFree:         1456224 kB
MemAvailable:    1527968 kB
Buffers:           24584 kB
Cached:           177644 kB
MemTotal:        1844596 kB
MemFree:         1456196 kB
MemAvailable:    1527940 kB
Buffers:           24584 kB
Cached:           177644 kB
MemTotal:        1844596 kB
MemFree:         1456104 kB
MemAvailable:    1527848 kB
Buffers:           24584 kB
Cached:           177644 kB
MemTotal:        1844596 kB
MemFree:         1456104 kB
MemAvailable:    1527848 kB
Buffers:           24584 kB
Cached:           177644 kB
MemTotal:        1844596 kB
MemFree:         1456416 kB
MemAvailable:    1528160 kB
Buffers:           24584 kB
Cached:           177644 kB
MemTotal:        1844596 kB
MemFree:         1456160 kB
MemAvailable:    1527904 kB
Buffers:           24596 kB
Cached:           177632 kB
MemTotal:        1844596 kB
MemFree:         1454976 kB
MemAvailable:    1526720 kB
Buffers:           24596 kB
Cached:           177632 kB
MemTotal:        1844596 kB
MemFree:         1456292 kB
MemAvailable:    1528036 kB
Buffers:           24596 kB
Cached:           177632 kB
MemTotal:        1844596 kB
MemFree:         1455096 kB
MemAvailable:    1526840 kB
Buffers:           24596 kB
Cached:           177632 kB
MemTotal:        1844596 kB
MemFree:         1456380 kB
MemAvailable:    1528124 kB
Buffers:           24596 kB
Cached:           177632 kB
MemTotal:        1844596 kB
MemFree:         1455172 kB
MemAvailable:    1526916 kB
Buffers:           24596 kB
Cached:           177632 kB
MemTotal:        1844596 kB
MemFree:         1456200 kB
MemAvailable:    1527944 kB
Buffers:           24596 kB
Cached:           177632 kB
MemTotal:        1844596 kB
MemFree:         1455880 kB
MemAvailable:    1527624 kB
Buffers:           24596 kB
Cached:           177632 kB
MemTotal:        1844596 kB
MemFree:         1456056 kB
MemAvailable:    1527800 kB
Buffers:           24596 kB
Cached:           177632 kB
MemTotal:        1844596 kB
MemFree:         1456312 kB
MemAvailable:    1528056 kB
Buffers:           24596 kB
Cached:           177632 kB
MemTotal:        1844596 kB
MemFree:         1454940 kB
MemAvailable:    1526684 kB
Buffers:           24596 kB
Cached:           177632 kB
MemTotal:        1844596 kB
MemFree:         1456308 kB
MemAvailable:    1528052 kB
Buffers:           24596 kB
Cached:           177632 kB
MemTotal:        1844596 kB
MemFree:         1454972 kB
MemAvailable:    1526716 kB
Buffers:           24596 kB
Cached:           177632 kB
MemTotal:        1844596 kB
MemFree:         1456224 kB
MemAvailable:    1527968 kB
Buffers:           24596 kB
Cached:           177632 kB
MemTotal:        1844596 kB
MemFree:         1455872 kB
MemAvailable:    1527616 kB
Buffers:           24596 kB
Cached:           177632 kB
MemTotal:        1844596 kB
MemFree:         1456416 kB
MemAvailable:    1528160 kB
Buffers:           24596 kB
Cached:           177632 kB
MemTotal:        1844596 kB
MemFree:         1455100 kB
MemAvailable:    1526844 kB
Buffers:           24596 kB
Cached:           177632 kB
MemTotal:        1844596 kB
MemFree:         1456404 kB
MemAvailable:    1528148 kB
Buffers:           24596 kB
Cached:           177632 kB
MemTotal:        1844596 kB
MemFree:         1456404 kB
MemAvailable:    1528148 kB
Buffers:           24596 kB
Cached:           177632 kB
MemTotal:        1844596 kB
MemFree:         1455864 kB
MemAvailable:    1527608 kB
Buffers:           24596 kB
Cached:           177632 kB
MemTotal:        1844596 kB
MemFree:         1456084 kB
MemAvailable:    1527828 kB
Buffers:           24596 kB
Cached:           177632 kB
MemTotal:        1844596 kB
MemFree:         1456168 kB
MemAvailable:    1527912 kB
Buffers:           24596 kB
Cached:           177632 kB
MemTotal:        1844596 kB
MemFree:         1456224 kB
MemAvailable:    1527968 kB
Buffers:           24596 kB
Cached:           177632 kB
MemTotal:        1844596 kB
MemFree:         1456224 kB
MemAvailable:    1527968 kB
Buffers:           24596 kB
Cached:           177632 kB
MemTotal:        1844596 kB
MemFree:         1456800 kB
MemAvailable:    1528556 kB
Buffers:           24596 kB
Cached:           177644 kB
MemTotal:        1844596 kB
MemFree:         1455376 kB
MemAvailable:    1527132 kB
Buffers:           24596 kB
Cached:           177644 kB
MemTotal:        1844596 kB
MemFree:         1456092 kB
MemAvailable:    1527848 kB
Buffers:           24596 kB
Cached:           177644 kB
MemTotal:        1844596 kB
MemFree:         1456344 kB
MemAvailable:    1528100 kB
Buffers:           24596 kB
Cached:           177644 kB
MemTotal:        1844596 kB
MemFree:         1456292 kB
MemAvailable:    1528048 kB
Buffers:           24596 kB
Cached:           177644 kB
MemTotal:        1844596 kB
MemFree:         1456112 kB
MemAvailable:    1527868 kB
Buffers:           24596 kB
Cached:           177644 kB
MemTotal:        1844596 kB
MemFree:         1456364 kB
MemAvailable:    1528120 kB
Buffers:           24596 kB
Cached:           177644 kB
MemTotal:        1844596 kB
MemFree:         1456236 kB
MemAvailable:    1527992 kB
Buffers:           24596 kB
Cached:           177644 kB
MemTotal:        1844596 kB
MemFree:         1456236 kB
MemAvailable:    1527992 kB
Buffers:           24596 kB
Cached:           177644 kB
MemTotal:        1844596 kB
MemFree:         1456064 kB
MemAvailable:    1527820 kB
Buffers:           24596 kB
Cached:           177644 kB
MemTotal:        1844596 kB
MemFree:         1456320 kB
MemAvailable:    1528076 kB
Buffers:           24596 kB
Cached:           177644 kB
MemTotal:        1844596 kB
MemFree:         1456292 kB
MemAvailable:    1528048 kB
Buffers:           24596 kB
Cached:           177644 kB
MemTotal:        1844596 kB
MemFree:         1455748 kB
MemAvailable:    1527504 kB
Buffers:           24596 kB
Cached:           177644 kB
MemTotal:        1844596 kB
MemFree:         1456124 kB
MemAvailable:    1527880 kB
Buffers:           24596 kB
Cached:           177644 kB
MemTotal:        1844596 kB
MemFree:         1456092 kB
MemAvailable:    1527848 kB
Buffers:           24596 kB
Cached:           177644 kB
MemTotal:        1844596 kB
MemFree:         1456428 kB
MemAvailable:    1528184 kB
Buffers:           24596 kB
Cached:           177644 kB
MemTotal:        1844596 kB
MemFree:         1455108 kB
MemAvailable:    1526864 kB
Buffers:           24596 kB
Cached:           177644 kB
MemTotal:        1844596 kB
MemFree:         1456308 kB
MemAvailable:    1528064 kB
Buffers:           24596 kB
Cached:           177644 kB
MemTotal:        1844596 kB
MemFree:         1455376 kB
MemAvailable:    1527132 kB
Buffers:           24596 kB
Cached:           177644 kB
MemTotal:        1844596 kB
MemFree:         1456676 kB
MemAvailable:    1528440 kB
Buffers:           24596 kB
Cached:           177652 kB
MemTotal:        1844596 kB
MemFree:         1456484 kB
MemAvailable:    1528248 kB
Buffers:           24596 kB
Cached:           177652 kB
MemTotal:        1844596 kB
MemFree:         1455624 kB
MemAvailable:    1527388 kB
Buffers:           24596 kB
Cached:           177652 kB
MemTotal:        1844596 kB
MemFree:         1456184 kB
MemAvailable:    1527948 kB
Buffers:           24596 kB
Cached:           177652 kB
MemTotal:        1844596 kB
MemFree:         1456184 kB
MemAvailable:    1527948 kB
Buffers:           24596 kB
Cached:           177652 kB
MemTotal:        1844596 kB
MemFree:         1456320 kB
MemAvailable:    1528084 kB
Buffers:           24596 kB
Cached:           177652 kB
MemTotal:        1844596 kB
MemFree:         1456108 kB
MemAvailable:    1527872 kB
Buffers:           24596 kB
Cached:           177652 kB
MemTotal:        1844596 kB
MemFree:         1454944 kB
MemAvailable:    1526708 kB
Buffers:           24596 kB
Cached:           177652 kB
MemTotal:        1844596 kB
MemFree:         1456244 kB
MemAvailable:    1528008 kB
Buffers:           24596 kB
Cached:           177652 kB
MemTotal:        1844596 kB
MemFree:         1455616 kB
MemAvailable:    1527380 kB
Buffers:           24596 kB
Cached:           177652 kB
MemTotal:        1844596 kB
MemFree:         1456044 kB
MemAvailable:    1527808 kB
Buffers:           24596 kB
Cached:           177652 kB
MemTotal:        1844596 kB
MemFree:         1456296 kB
MemAvailable:    1528060 kB
Buffers:           24596 kB
Cached:           177652 kB
MemTotal:        1844596 kB
MemFree:         1454824 kB
MemAvailable:    1526588 kB
Buffers:           24596 kB
Cached:           177652 kB
MemTotal:        1844596 kB
MemFree:         1454816 kB
MemAvailable:    1526580 kB
Buffers:           24596 kB
Cached:           177652 kB
MemTotal:        1844596 kB
MemFree:         1456304 kB
MemAvailable:    1528072 kB
Buffers:           24596 kB
Cached:           177656 kB
MemTotal:        1844596 kB
MemFree:         1455252 kB
MemAvailable:    1527020 kB
Buffers:           24596 kB
Cached:           177656 kB
MemTotal:        1844596 kB
MemFree:         1456276 kB
MemAvailable:    1528044 kB
Buffers:           24596 kB
Cached:           177656 kB
MemTotal:        1844596 kB
MemFree:         1456180 kB
MemAvailable:    1527948 kB
Buffers:           24596 kB
Cached:           177656 kB
MemTotal:        1844596 kB
MemFree:         1456180 kB
MemAvailable:    1527948 kB
Buffers:           24596 kB
Cached:           177656 kB
MemTotal:        1844596 kB
MemFree:         1454832 kB
MemAvailable:    1526600 kB
Buffers:           24596 kB
Cached:           177656 kB
MemTotal:        1844596 kB
MemFree:         1456104 kB
MemAvailable:    1527872 kB
Buffers:           24596 kB
Cached:           177656 kB
MemTotal:        1844596 kB
MemFree:         1456356 kB
MemAvailable:    1528124 kB
Buffers:           24596 kB
Cached:           177656 kB
MemTotal:        1844596 kB
MemFree:         1456292 kB
MemAvailable:    1528060 kB
Buffers:           24596 kB
Cached:           177656 kB
MemTotal:        1844596 kB
MemFree:         1456184 kB
MemAvailable:    1527952 kB
Buffers:           24596 kB
Cached:           177656 kB
MemTotal:        1844596 kB
MemFree:         1456040 kB
MemAvailable:    1527808 kB
Buffers:           24596 kB
Cached:           177656 kB
MemTotal:        1844596 kB
MemFree:         1455320 kB
MemAvailable:    1527088 kB
Buffers:           24596 kB
Cached:           177656 kB
MemTotal:        1844596 kB
MemFree:         1456608 kB
MemAvailable:    1528376 kB
Buffers:           24596 kB
Cached:           177656 kB
MemTotal:        1844596 kB
MemFree:         1456428 kB
MemAvailable:    1528196 kB
Buffers:           24596 kB
Cached:           177656 kB
MemTotal:        1844596 kB
MemFree:         1455128 kB
MemAvailable:    1526896 kB
Buffers:           24596 kB
Cached:           177656 kB
MemTotal:        1844596 kB
MemFree:         1455676 kB
MemAvailable:    1527528 kB
Buffers:           24596 kB
Cached:           177780 kB
MemTotal:        1844596 kB
MemFree:         1455928 kB
MemAvailable:    1527780 kB
Buffers:           24596 kB
Cached:           177780 kB
MemTotal:        1844596 kB
MemFree:         1454568 kB
MemAvailable:    1526588 kB
Buffers:           24596 kB
Cached:           177904 kB
MemTotal:        1844596 kB
MemFree:         1455808 kB
MemAvailable:    1527912 kB
Buffers:           24596 kB
Cached:           178028 kB
MemTotal:        1844596 kB
MemFree:         1454508 kB
MemAvailable:    1526696 kB
Buffers:           24596 kB
Cached:           178152 kB
MemTotal:        1844596 kB
MemFree:         1455180 kB
MemAvailable:    1527452 kB
Buffers:           24596 kB
Cached:           178276 kB
MemTotal:        1844596 kB
MemFree:         1455516 kB
MemAvailable:    1527788 kB
Buffers:           24596 kB
Cached:           178276 kB
MemTotal:        1844596 kB
MemFree:         1455216 kB
MemAvailable:    1527572 kB
Buffers:           24596 kB
Cached:           178276 kB
MemTotal:        1844596 kB
MemFree:         1455384 kB
MemAvailable:    1527740 kB
Buffers:           24596 kB
Cached:           178276 kB
MemTotal:        1844596 kB
MemFree:         1454072 kB
MemAvailable:    1526428 kB
Buffers:           24596 kB
Cached:           178276 kB
MemTotal:        1844596 kB
MemFree:         1454072 kB
MemAvailable:    1526428 kB
Buffers:           24596 kB
Cached:           178276 kB
MemTotal:        1844596 kB
MemFree:         1455312 kB
MemAvailable:    1527668 kB
Buffers:           24596 kB
Cached:           178276 kB
MemTotal:        1844596 kB
MemFree:         1455564 kB
MemAvailable:    1527920 kB
Buffers:           24596 kB
Cached:           178276 kB
MemTotal:        1844596 kB
MemFree:         1455328 kB
MemAvailable:    1527684 kB
Buffers:           24596 kB
Cached:           178400 kB
MemTotal:        1844596 kB
MemFree:         1454508 kB
MemAvailable:    1526864 kB
Buffers:           24596 kB
Cached:           178400 kB
MemTotal:        1844596 kB
MemFree:         1454708 kB
MemAvailable:    1526476 kB
Buffers:           24596 kB
Cached:           177728 kB
MemTotal:        1844596 kB
MemFree:         1532704 kB
MemAvailable:    1604472 kB
Buffers:           24596 kB
Cached:           177728 kB
