MemTotal:        1844596 kB
MemFree:         1450856 kB
MemAvailable:    1572716 kB
Buffers:           31816 kB
Cached:           220244 kB
MemTotal:        1844596 kB
MemFree:         1450972 kB
MemAvailable:    1572832 kB
Buffers:           31816 kB
Cached:           220244 kB
MemTotal:        1844596 kB
MemFree:         1447740 kB
MemAvailable:    1569600 kB
Buffers:           31816 kB
Cached:           220244 kB
MemTotal:        1844596 kB
MemFree:         1447080 kB
MemAvailable:    1568940 kB
Buffers:           31816 kB
Cached:           220244 kB
MemTotal:        1844596 kB
MemFree:         1446260 kB
MemAvailable:    1568120 kB
Buffers:           31816 kB
Cached:           220244 kB
MemTotal:        1844596 kB
MemFree:         1446144 kB
MemAvailable:    1568004 kB
Buffers:           31816 kB
Cached:           220244 kB
MemTotal:        1844596 kB
MemFree:         1444964 kB
MemAvailable:    1566824 kB
Buffers:           31816 kB
Cached:           220244 kB
MemTotal:        1844596 kB
MemFree:         1441060 kB
MemAvailable:    1562920 kB
Buffers:           31816 kB
Cached:           220244 kB
MemTotal:        1844596 kB
MemFree:         1440192 kB
MemAvailable:    1562056 kB
Buffers:           31816 kB
Cached:           220248 kB
MemTotal:        1844596 kB
MemFree:         1436348 kB
MemAvailable:    1558212 kB
Buffers:           31816 kB
Cached:           220248 kB
MemTotal:        1844596 kB
MemFree:         1437444 kB
MemAvailable:    1559308 kB
Buffers:           31816 kB
Cached:           220248 kB
MemTotal:        1844596 kB
MemFree:         1437292 kB
MemAvailable:    1559156 kB
Buffers:           31816 kB
Cached:           220248 kB
MemTotal:        1844596 kB
MemFree:         1437548 kB
MemAvailable:    1559412 kB
Buffers:           31816 kB
Cached:           220248 kB
MemTotal:        1844596 kB
MemFree:         1437352 kB
MemAvailable:    1559216 kB
Buffers:           31816 kB
Cached:           220248 kB
MemTotal:        1844596 kB
MemFree:         1436596 kB
MemAvailable:    1558460 kB
Buffers:           31816 kB
Cached:           220248 kB
MemTotal:        1844596 kB
MemFree:         1437020 kB
MemAvailable:    1558884 kB
Buffers:           31816 kB
Cached:           220248 kB
MemTotal:        1844596 kB
MemFree:         1437356 kB
MemAvailable:    1559220 kB
Buffers:           31816 kB
Cached:           220248 kB
MemTotal:        1844596 kB
MemFree:         1435620 kB
MemAvailable:    1557484 kB
Buffers:           31816 kB
Cached:           220248 kB
MemTotal:        1844596 kB
MemFree:         1435264 kB
MemAvailable:    1557128 kB
Buffers:           31816 kB
Cached:           220248 kB
MemTotal:        1844596 kB
MemFree:         1435392 kB
MemAvailable:    1557256 kB
Buffers:           31816 kB
Cached:           220248 kB
MemTotal:        1844596 kB
MemFree:         1435200 kB
MemAvailable:    1557064 kB
Buffers:           31816 kB
Cached:           220248 kB
MemTotal:        1844596 kB
MemFree:         1434388 kB
MemAvailable:    1556252 kB
Buffers:           31816 kB
Cached:           220248 kB
MemTotal:        1844596 kB
MemFree:         1434932 kB
MemAvailable:    1556796 kB
Buffers:           31816 kB
Cached:           220248 kB
MemTotal:        1844596 kB
MemFree:         1433652 kB
MemAvailable:    1555516 kB
Buffers:           31816 kB
Cached:           220248 kB
MemTotal:        1844596 kB
MemFree:         1434892 kB
MemAvailable:    1556756 kB
Buffers:           31816 kB
Cached:           220248 kB
MemTotal:        1844596 kB
MemFree:         1434272 kB
MemAvailable:    1556136 kB
Buffers:           31816 kB
Cached:           220248 kB
MemTotal:        1844596 kB
MemFree:         1434796 kB
MemAvailable:    1556660 kB
Buffers:           31816 kB
Cached:           220248 kB
MemTotal:        1844596 kB
MemFree:         1434968 kB
MemAvailable:    1556832 kB
Buffers:           31816 kB
Cached:           220248 kB
MemTotal:        1844596 kB
MemFree:         1436300 kB
MemAvailable:    1558164 kB
Buffers:           31816 kB
Cached:           220248 kB
MemTotal:        1844596 kB
MemFree:         1434968 kB
MemAvailable:    1556832 kB
Buffers:           31816 kB
Cached:           220248 kB
MemTotal:        1844596 kB
MemFree:         1435372 kB
MemAvailable:    1557236 kB
Buffers:           31816 kB
Cached:           220248 kB
MemTotal:        1844596 kB
MemFree:         1434396 kB
MemAvailable:    1556260 kB
Buffers:           31816 kB
Cached:           220248 kB
MemTotal:        1844596 kB
MemFree:         1432844 kB
MemAvailable:    1554708 kB
Buffers:           31816 kB
Cached:           220248 kB
MemTotal:        1844596 kB
MemFree:         1431536 kB
MemAvailable:    1553400 kB
Buffers:           31816 kB
Cached:           220248 kB
MemTotal:        1844596 kB
MemFree:         1431172 kB
MemAvailable:    1553036 kB
Buffers:           31816 kB
Cached:           220248 kB
MemTotal:        1844596 kB
MemFree:         1431536 kB
MemAvailable:    1553400 kB
Buffers:           31816 kB
Cached:           220248 kB
MemTotal:        1844596 kB
MemFree:         1431536 kB
MemAvailable:    1553400 kB
Buffers:           31816 kB
Cached:           220248 kB
MemTotal:        1844596 kB
MemFree:         1431108 kB
MemAvailable:    1552972 kB
Buffers:           31816 kB
Cached:           220248 kB
MemTotal:        1844596 kB
MemFree:         1430984 kB
MemAvailable:    1552848 kB
Buffers:           31816 kB
Cached:           220248 kB
MemTotal:        1844596 kB
MemFree:         1430852 kB
MemAvailable:    1552716 kB
Buffers:           31816 kB
Cached:           220248 kB
MemTotal:        1844596 kB
MemFree:         1429808 kB
MemAvailable:    1551672 kB
Buffers:           31816 kB
Cached:           220248 kB
MemTotal:        1844596 kB
MemFree:         1429552 kB
MemAvailable:    1551416 kB
Buffers:           31816 kB
Cached:           220248 kB
MemTotal:        1844596 kB
MemFree:         1430668 kB
MemAvailable:    1552532 kB
Buffers:           31816 kB
Cached:           220248 kB
MemTotal:        1844596 kB
MemFree:         1429552 kB
MemAvailable:    1551416 kB
Buffers:           31816 kB
Cached:           220248 kB
MemTotal:        1844596 kB
MemFree:         1429428 kB
MemAvailable:    1551292 kB
Buffers:           31816 kB
Cached:           220248 kB
MemTotal:        1844596 kB
MemFree:         1429188 kB
MemAvailable:    1551052 kB
Buffers:           31816 kB
Cached:           220248 kB
MemTotal:        1844596 kB
MemFree:         1430008 kB
MemAvailable:    1551872 kB
Buffers:           31816 kB
Cached:           220248 kB
MemTotal:        1844596 kB
MemFree:         1428816 kB
MemAvailable:    1550680 kB
Buffers:           31816 kB
Cached:           220248 kB
MemTotal:        1844596 kB
MemFree:         1429860 kB
MemAvailable:    1551724 kB
Buffers:           31816 kB
Cached:           220248 kB
MemTotal:        1844596 kB
MemFree:         1429916 kB
MemAvailable:    1551780 kB
Buffers:           31816 kB
Cached:           220248 kB
MemTotal:        1844596 kB
MemFree:         1429812 kB
MemAvailable:    1551676 kB
Buffers:           31816 kB
Cached:           220248 kB
MemTotal:        1844596 kB
MemFree:         1428816 kB
MemAvailable:    1550680 kB
Buffers:           31816 kB
Cached:           220248 kB
MemTotal:        1844596 kB
MemFree:         1429532 kB
MemAvailable:    1551396 kB
Buffers:           31816 kB
Cached:           220248 kB
MemTotal:        1844596 kB
MemFree:         1429784 kB
MemAvailable:    1551648 kB
Buffers:           31816 kB
Cached:           220248 kB
MemTotal:        1844596 kB
MemFree:         1429660 kB
MemAvailable:    1551524 kB
Buffers:           31816 kB
Cached:           220248 kB
MemTotal:        1844596 kB
MemFree:         1429912 kB
MemAvailable:    1551776 kB
Buffers:           31816 kB
Cached:           220248 kB
MemTotal:        1844596 kB
MemFree:         1428436 kB
MemAvailable:    1550300 kB
Buffers:           31816 kB
Cached:           220248 kB
MemTotal:        1844596 kB
MemFree:         1429696 kB
MemAvailable:    1551560 kB
Buffers:           31816 kB
Cached:           220248 kB
MemTotal:        1844596 kB
MemFree:         1428304 kB
MemAvailable:    1550168 kB
Buffers:           31816 kB
Cached:           220248 kB
MemTotal:        1844596 kB
MemFree:         1428568 kB
MemAvailable:    1550432 kB
Buffers:           31816 kB
Cached:           220248 kB
MemTotal:        1844596 kB
MemFree:         1429056 kB
MemAvailable:    1550920 kB
Buffers:           31816 kB
Cached:           220248 kB
MemTotal:        1844596 kB
MemFree:         1429312 kB
MemAvailable:    1551176 kB
Buffers:           31816 kB
Cached:           220248 kB
MemTotal:        1844596 kB
MemFree:         1427940 kB
MemAvailable:    1549804 kB
Buffers:           31816 kB
Cached:           220248 kB
MemTotal:        1844596 kB
MemFree:         1428924 kB
MemAvailable:    1550788 kB
Buffers:           31816 kB
Cached:           220248 kB
MemTotal:        1844596 kB
MemFree:         1428824 kB
MemAvailable:    1550688 kB
Buffers:           31816 kB
Cached:           220248 kB
MemTotal:        1844596 kB
MemFree:         1427396 kB
MemAvailable:    1549260 kB
Buffers:           31816 kB
Cached:           220248 kB
MemTotal:        1844596 kB
MemFree:         1428828 kB
MemAvailable:    1550692 kB
Buffers:           31816 kB
Cached:           220248 kB
MemTotal:        1844596 kB
MemFree:         1428808 kB
MemAvailable:    1550548 kB
Buffers:           31816 kB
Cached:           220248 kB
MemTotal:        1844596 kB
MemFree:         1428768 kB
MemAvailable:    1550632 kB
Buffers:           31816 kB
Cached:           220248 kB
MemTotal:        1844596 kB
MemFree:         1428752 kB
MemAvailable:    1550616 kB
Buffers:           31816 kB
Cached:           220248 kB
MemTotal:        1844596 kB
MemFree:         1427404 kB
MemAvailable:    1549268 kB
Buffers:           31816 kB
Cached:           220248 kB
MemTotal:        1844596 kB
MemFree:         1427436 kB
MemAvailable:    1549300 kB
Buffers:           31816 kB
Cached:           220248 kB
MemTotal:        1844596 kB
MemFree:         1427080 kB
MemAvailable:    1548944 kB
Buffers:           31816 kB
Cached:           220248 kB
MemTotal:        1844596 kB
MemFree:         1424840 kB
MemAvailable:    1546704 kB
Buffers:           31816 kB
Cached:           220248 kB
MemTotal:        1844596 kB
MemFree:         1422492 kB
MemAvailable:    1544356 kB
Buffers:           31816 kB
Cached:           220248 kB
MemTotal:        1844596 kB
MemFree:         1420260 kB
MemAvailable:    1542124 kB
Buffers:           31816 kB
Cached:           220248 kB
MemTotal:        1844596 kB
MemFree:         1421436 kB
MemAvailable:    1543300 kB
Buffers:           31816 kB
Cached:           220248 kB
MemTotal:        1844596 kB
MemFree:         1420136 kB
MemAvailable:    1542000 kB
Buffers:           31816 kB
Cached:           220248 kB
MemTotal:        1844596 kB
MemFree:         1420820 kB
MemAvailable:    1542684 kB
Buffers:           31816 kB
Cached:           220248 kB
MemTotal:        1844596 kB
MemFree:         1420820 kB
MemAvailable:    1542684 kB
Buffers:           31816 kB
Cached:           220248 kB
MemTotal:        1844596 kB
MemFree:         1420740 kB
MemAvailable:    1542604 kB
Buffers:           31816 kB
Cached:           220248 kB
MemTotal:        1844596 kB
MemFree:         1420756 kB
MemAvailable:    1542620 kB
Buffers:           31816 kB
Cached:           220248 kB
MemTotal:        1844596 kB
MemFree:         1420736 kB
MemAvailable:    1542600 kB
Buffers:           31816 kB
Cached:           220248 kB
MemTotal:        1844596 kB
MemFree:         1420992 kB
MemAvailable:    1542856 kB
Buffers:           31816 kB
Cached:           220248 kB
MemTotal:        1844596 kB
MemFree:         1420616 kB
MemAvailable:    1542488 kB
Buffers:           31816 kB
Cached:           220256 kB
MemTotal:        1844596 kB
MemFree:         1420616 kB
MemAvailable:    1542488 kB
Buffers:           31816 kB
Cached:           220256 kB
MemTotal:        1844596 kB
MemFree:         1419516 kB
MemAvailable:    1541388 kB
Buffers:           31816 kB
Cached:           220256 kB
MemTotal:        1844596 kB
MemFree:         1420636 kB
MemAvailable:    1542508 kB
Buffers:           31816 kB
Cached:           220256 kB
MemTotal:        1844596 kB
MemFree:         1419640 kB
MemAvailable:    1541512 kB
Buffers:           31816 kB
Cached:           220256 kB
MemTotal:        1844596 kB
MemFree:         1420004 kB
MemAvailable:    1541876 kB
Buffers:           31816 kB
Cached:           220256 kB
MemTotal:        1844596 kB
MemFree:         1420376 kB
MemAvailable:    1542248 kB
Buffers:           31816 kB
Cached:           220256 kB
MemTotal:        1844596 kB
MemFree:         1420268 kB
MemAvailable:    1542140 kB
Buffers:           31816 kB
Cached:           220256 kB
MemTotal:        1844596 kB
MemFree:         1419940 kB
MemAvailable:    1541812 kB
Buffers:           31816 kB
Cached:           220256 kB
MemTotal:        1844596 kB
MemFree:         1418632 kB
MemAvailable:    1540504 kB
Buffers:           31816 kB
Cached:           220256 kB
MemTotal:        1844596 kB
MemFree:         1418152 kB
MemAvailable:    1540024 kB
Buffers:           31816 kB
Cached:           220256 kB
MemTotal:        1844596 kB
MemFree:         1418144 kB
MemAvailable:    1540016 kB
Buffers:           31816 kB
Cached:           220256 kB
MemTotal:        1844596 kB
MemFree:         1417780 kB
MemAvailable:    1539652 kB
Buffers:           31816 kB
Cached:           220256 kB
MemTotal:        1844596 kB
MemFree:         1417772 kB
MemAvailable:    1539644 kB
Buffers:           31816 kB
Cached:           220256 kB
MemTotal:        1844596 kB
MemFree:         1417848 kB
MemAvailable:    1539720 kB
Buffers:           31816 kB
Cached:           220256 kB
MemTotal:        1844596 kB
MemFree:         1417780 kB
MemAvailable:    1539652 kB
Buffers:           31816 kB
Cached:           220256 kB
MemTotal:        1844596 kB
MemFree:         1417268 kB
MemAvailable:    1539140 kB
Buffers:           31816 kB
Cached:           220256 kB
MemTotal:        1844596 kB
MemFree:         1417160 kB
MemAvailable:    1539032 kB
Buffers:           31816 kB
Cached:           220256 kB
MemTotal:        1844596 kB
MemFree:         1416032 kB
MemAvailable:    1537904 kB
Buffers:           31816 kB
Cached:           220256 kB
MemTotal:        1844596 kB
MemFree:         1417140 kB
MemAvailable:    1539012 kB
Buffers:           31816 kB
Cached:           220256 kB
MemTotal:        1844596 kB
MemFree:         1417044 kB
MemAvailable:    1538916 kB
Buffers:           31816 kB
Cached:           220256 kB
MemTotal:        1844596 kB
MemFree:         1416832 kB
MemAvailable:    1538704 kB
Buffers:           31816 kB
Cached:           220256 kB
MemTotal:        1844596 kB
MemFree:         1415664 kB
MemAvailable:    1537536 kB
Buffers:           31816 kB
Cached:           220256 kB
MemTotal:        1844596 kB
MemFree:         1416964 kB
MemAvailable:    1538836 kB
Buffers:           31816 kB
Cached:           220256 kB
MemTotal:        1844596 kB
MemFree:         1416884 kB
MemAvailable:    1538756 kB
Buffers:           31816 kB
Cached:           220256 kB
MemTotal:        1844596 kB
MemFree:         1417136 kB
MemAvailable:    1539008 kB
Buffers:           31816 kB
Cached:           220256 kB
MemTotal:        1844596 kB
MemFree:         1416916 kB
MemAvailable:    1538788 kB
Buffers:           31816 kB
Cached:           220256 kB
MemTotal:        1844596 kB
MemFree:         1415980 kB
MemAvailable:    1537852 kB
Buffers:           31816 kB
Cached:           220256 kB
MemTotal:        1844596 kB
MemFree:         1415416 kB
MemAvailable:    1537288 kB
Buffers:           31816 kB
Cached:           220256 kB
MemTotal:        1844596 kB
MemFree:         1416168 kB
MemAvailable:    1538040 kB
Buffers:           31816 kB
Cached:           220256 kB
MemTotal:        1844596 kB
MemFree:         1408836 kB
MemAvailable:    1530708 kB
Buffers:           31816 kB
Cached:           220256 kB
MemTotal:        1844596 kB
MemFree:         1408836 kB
MemAvailable:    1530708 kB
Buffers:           31816 kB
Cached:           220256 kB
MemTotal:        1844596 kB
MemFree:         1407424 kB
MemAvailable:    1529296 kB
Buffers:           31816 kB
Cached:           220256 kB
MemTotal:        1844596 kB
MemFree:         1407684 kB
MemAvailable:    1529556 kB
Buffers:           31816 kB
Cached:           220256 kB
MemTotal:        1844596 kB
MemFree:         1408984 kB
MemAvailable:    1530856 kB
Buffers:           31816 kB
Cached:           220256 kB
MemTotal:        1844596 kB
MemFree:         1408480 kB
MemAvailable:    1530352 kB
Buffers:           31816 kB
Cached:           220256 kB
MemTotal:        1844596 kB
MemFree:         1410672 kB
MemAvailable:    1532544 kB
Buffers:           31816 kB
Cached:           220256 kB
MemTotal:        1844596 kB
MemFree:         1411008 kB
MemAvailable:    1532880 kB
Buffers:           31816 kB
Cached:           220256 kB
MemTotal:        1844596 kB
MemFree:         1407472 kB
MemAvailable:    1529344 kB
Buffers:           31816 kB
Cached:           220256 kB
MemTotal:        1844596 kB
MemFree:         1407472 kB
MemAvailable:    1529344 kB
Buffers:           31816 kB
Cached:           220256 kB
MemTotal:        1844596 kB
MemFree:         1407168 kB
MemAvailable:    1529040 kB
Buffers:           31816 kB
Cached:           220256 kB
MemTotal:        1844596 kB
MemFree:         1407420 kB
MemAvailable:    1529292 kB
Buffers:           31816 kB
Cached:           220256 kB
MemTotal:        1844596 kB
MemFree:         1407460 kB
MemAvailable:    1529332 kB
Buffers:           31816 kB
Cached:           220256 kB
MemTotal:        1844596 kB
MemFree:         1406744 kB
MemAvailable:    1528616 kB
Buffers:           31816 kB
Cached:           220256 kB
MemTotal:        1844596 kB
MemFree:         1407472 kB
MemAvailable:    1529352 kB
Buffers:           31816 kB
Cached:           220264 kB
MemTotal:        1844596 kB
MemFree:         1406728 kB
MemAvailable:    1528608 kB
Buffers:           31816 kB
Cached:           220264 kB
MemTotal:        1844596 kB
MemFree:         1407348 kB
MemAvailable:    1529228 kB
Buffers:           31816 kB
Cached:           220264 kB
MemTotal:        1844596 kB
MemFree:         1407348 kB
MemAvailable:    1529228 kB
Buffers:           31816 kB
Cached:           220264 kB
MemTotal:        1844596 kB
MemFree:         1407052 kB
MemAvailable:    1528932 kB
Buffers:           31816 kB
Cached:           220264 kB
MemTotal:        1844596 kB
MemFree:         1407308 kB
MemAvailable:    1529188 kB
Buffers:           31816 kB
Cached:           220264 kB
MemTotal:        1844596 kB
MemFree:         1407172 kB
MemAvailable:    1529052 kB
Buffers:           31816 kB
Cached:           220264 kB
MemTotal:        1844596 kB
MemFree:         1407232 kB
MemAvailable:    1529112 kB
Buffers:           31816 kB
Cached:           220264 kB
MemTotal:        1844596 kB
MemFree:         1407100 kB
MemAvailable:    1528980 kB
Buffers:           31816 kB
Cached:           220264 kB
MemTotal:        1844596 kB
MemFree:         1407436 kB
MemAvailable:    1529316 kB
Buffers:           31816 kB
Cached:           220264 kB
MemTotal:        1844596 kB
MemFree:         1407220 kB
MemAvailable:    1529100 kB
Buffers:           31816 kB
Cached:           220264 kB
MemTotal:        1844596 kB
MemFree:         1407472 kB
MemAvailable:    1529352 kB
Buffers:           31816 kB
Cached:           220264 kB
MemTotal:        1844596 kB
MemFree:         1407252 kB
MemAvailable:    1529132 kB
Buffers:           31816 kB
Cached:           220264 kB
MemTotal:        1844596 kB
MemFree:         1407312 kB
MemAvailable:    1529192 kB
Buffers:           31816 kB
Cached:           220264 kB
MemTotal:        1844596 kB
MemFree:         1406064 kB
MemAvailable:    1527944 kB
Buffers:           31816 kB
Cached:           220264 kB
MemTotal:        1844596 kB
MemFree:         1407240 kB
MemAvailable:    1529120 kB
Buffers:           31816 kB
Cached:           220264 kB
MemTotal:        1844596 kB
MemFree:         1407100 kB
MemAvailable:    1528980 kB
Buffers:           31816 kB
Cached:           220264 kB
MemTotal:        1844596 kB
MemFree:         1407436 kB
MemAvailable:    1529316 kB
Buffers:           31816 kB
Cached:           220264 kB
MemTotal:        1844596 kB
MemFree:         1407296 kB
MemAvailable:    1529176 kB
Buffers:           31816 kB
Cached:           220264 kB
MemTotal:        1844596 kB
MemFree:         1407240 kB
MemAvailable:    1529120 kB
Buffers:           31816 kB
Cached:           220264 kB
MemTotal:        1844596 kB
MemFree:         1405852 kB
MemAvailable:    1527732 kB
Buffers:           31816 kB
Cached:           220264 kB
MemTotal:        1844596 kB
MemFree:         1405984 kB
MemAvailable:    1527864 kB
Buffers:           31816 kB
Cached:           220264 kB
MemTotal:        1844596 kB
MemFree:         1406192 kB
MemAvailable:    1528072 kB
Buffers:           31816 kB
Cached:           220264 kB
MemTotal:        1844596 kB
MemFree:         1405936 kB
MemAvailable:    1527816 kB
Buffers:           31816 kB
Cached:           220264 kB
MemTotal:        1844596 kB
MemFree:         1407300 kB
MemAvailable:    1529180 kB
Buffers:           31816 kB
Cached:           220264 kB
MemTotal:        1844596 kB
MemFree:         1407232 kB
MemAvailable:    1529112 kB
Buffers:           31816 kB
Cached:           220264 kB
MemTotal:        1844596 kB
MemFree:         1406000 kB
MemAvailable:    1527880 kB
Buffers:           31816 kB
Cached:           220264 kB
MemTotal:        1844596 kB
MemFree:         1406084 kB
MemAvailable:    1527964 kB
Buffers:           31816 kB
Cached:           220264 kB
MemTotal:        1844596 kB
MemFree:         1407240 kB
MemAvailable:    1529124 kB
Buffers:           31816 kB
Cached:           220268 kB
MemTotal:        1844596 kB
MemFree:         1405948 kB
MemAvailable:    1527832 kB
Buffers:           31816 kB
Cached:           220268 kB
MemTotal:        1844596 kB
MemFree:         1406124 kB
MemAvailable:    1528008 kB
Buffers:           31816 kB
Cached:           220268 kB
MemTotal:        1844596 kB
MemFree:         1406000 kB
MemAvailable:    1527884 kB
Buffers:           31816 kB
Cached:           220268 kB
MemTotal:        1844596 kB
MemFree:         1406364 kB
MemAvailable:    1528248 kB
Buffers:           31816 kB
Cached:           220268 kB
MemTotal:        1844596 kB
MemFree:         1406240 kB
MemAvailable:    1528124 kB
Buffers:           31816 kB
Cached:           220268 kB
MemTotal:        1844596 kB
MemFree:         1406116 kB
MemAvailable:    1528000 kB
Buffers:           31816 kB
Cached:           220268 kB
MemTotal:        1844596 kB
MemFree:         1405992 kB
MemAvailable:    1527876 kB
Buffers:           31816 kB
Cached:           220268 kB
MemTotal:        1844596 kB
MemFree:         1405944 kB
MemAvailable:    1527828 kB
Buffers:           31816 kB
Cached:           220268 kB
MemTotal:        1844596 kB
MemFree:         1407292 kB
MemAvailable:    1529176 kB
Buffers:           31816 kB
Cached:           220268 kB
MemTotal:        1844596 kB
MemFree:         1407364 kB
MemAvailable:    1529248 kB
Buffers:           31816 kB
Cached:           220268 kB
MemTotal:        1844596 kB
MemFree:         1407164 kB
MemAvailable:    1529048 kB
Buffers:           31816 kB
Cached:           220268 kB
MemTotal:        1844596 kB
MemFree:         1405952 kB
MemAvailable:    1527836 kB
Buffers:           31816 kB
Cached:           220268 kB
MemTotal:        1844596 kB
MemFree:         1405696 kB
MemAvailable:    1527748 kB
Buffers:           31816 kB
Cached:           220392 kB
MemTotal:        1844596 kB
MemFree:         1407024 kB
MemAvailable:    1529244 kB
Buffers:           31816 kB
Cached:           220640 kB
MemTotal:        1844596 kB
MemFree:         1406732 kB
MemAvailable:    1529036 kB
Buffers:           31816 kB
Cached:           220640 kB
MemTotal:        1844596 kB
MemFree:         1406408 kB
MemAvailable:    1528880 kB
Buffers:           31816 kB
Cached:           220888 kB
MemTotal:        1844596 kB
MemFree:         1406008 kB
MemAvailable:    1528480 kB
Buffers:           31816 kB
Cached:           220888 kB
MemTotal:        1844596 kB
MemFree:         1406508 kB
MemAvailable:    1528980 kB
Buffers:           31816 kB
Cached:           220888 kB
MemTotal:        1844596 kB
MemFree:         1406544 kB
MemAvailable:    1529016 kB
Buffers:           31816 kB
Cached:           220888 kB
MemTotal:        1844596 kB
MemFree:         1406340 kB
MemAvailable:    1528812 kB
Buffers:           31816 kB
Cached:           220888 kB
MemTotal:        1844596 kB
MemFree:         1406248 kB
MemAvailable:    1528720 kB
Buffers:           31816 kB
Cached:           220888 kB
MemTotal:        1844596 kB
MemFree:         1406544 kB
MemAvailable:    1529016 kB
Buffers:           31816 kB
Cached:           220888 kB
MemTotal:        1844596 kB
MemFree:         1405188 kB
MemAvailable:    1527660 kB
Buffers:           31816 kB
Cached:           220888 kB
MemTotal:        1844596 kB
MemFree:         1406356 kB
MemAvailable:    1528828 kB
Buffers:           31816 kB
Cached:           220888 kB
MemTotal:        1844596 kB
MemFree:         1406356 kB
MemAvailable:    1528828 kB
Buffers:           31816 kB
Cached:           220888 kB
MemTotal:        1844596 kB
MemFree:         1409400 kB
MemAvailable:    1531284 kB
Buffers:           31816 kB
Cached:           220256 kB
MemTotal:        1844596 kB
MemFree:         1478520 kB
MemAvailable:    1600404 kB
Buffers:           31816 kB
Cached:           220256 kB
