MemTotal:        1844596 kB
MemFree:         1477728 kB
MemAvailable:    1575968 kB
Buffers:           28392 kB
Cached:           198992 kB
MemTotal:        1844596 kB
MemFree:         1475124 kB
MemAvailable:    1573368 kB
Buffers:           28392 kB
Cached:           198996 kB
MemTotal:        1844596 kB
MemFree:         1473140 kB
MemAvailable:    1571384 kB
Buffers:           28392 kB
Cached:           198996 kB
MemTotal:        1844596 kB
MemFree:         1472760 kB
MemAvailable:    1571004 kB
Buffers:           28392 kB
Cached:           198996 kB
MemTotal:        1844596 kB
MemFree:         1473096 kB
MemAvailable:    1571340 kB
Buffers:           28392 kB
Cached:           198996 kB
MemTotal:        1844596 kB
MemFree:         1471520 kB
MemAvailable:    1569764 kB
Buffers:           28392 kB
Cached:           198996 kB
MemTotal:        1844596 kB
MemFree:         1471040 kB
MemAvailable:    1569284 kB
Buffers:           28392 kB
Cached:           198996 kB
MemTotal:        1844596 kB
MemFree:         1467940 kB
MemAvailable:    1566184 kB
Buffers:           28392 kB
Cached:           198996 kB
MemTotal:        1844596 kB
MemFree:         1466692 kB
MemAvailable:    1564936 kB
Buffers:           28392 kB
Cached:           198996 kB
MemTotal:        1844596 kB
MemFree:         1463288 kB
MemAvailable:    1561532 kB
Buffers:           28392 kB
Cached:           198996 kB
MemTotal:        1844596 kB
MemFree:         1461652 kB
MemAvailable:    1559896 kB
Buffers:           28392 kB
Cached:           198996 kB
MemTotal:        1844596 kB
MemFree:         1461824 kB
MemAvailable:    1560068 kB
Buffers:           28392 kB
Cached:           198996 kB
MemTotal:        1844596 kB
MemFree:         1461608 kB
MemAvailable:    1559852 kB
Buffers:           28392 kB
Cached:           198996 kB
MemTotal:        1844596 kB
MemFree:         1463104 kB
MemAvailable:    1561348 kB
Buffers:           28392 kB
Cached:           198996 kB
MemTotal:        1844596 kB
MemFree:         1462784 kB
MemAvailable:    1561028 kB
Buffers:           28392 kB
Cached:           198996 kB
MemTotal:        1844596 kB
MemFree:         1462736 kB
MemAvailable:    1560980 kB
Buffers:           28392 kB
Cached:           198996 kB
MemTotal:        1844596 kB
MemFree:         1461616 kB
MemAvailable:    1559860 kB
Buffers:           28392 kB
Cached:           198996 kB
MemTotal:        1844596 kB
MemFree:         1461144 kB
MemAvailable:    1559388 kB
Buffers:           28392 kB
Cached:           198996 kB
MemTotal:        1844596 kB
MemFree:         1461480 kB
MemAvailable:    1559724 kB
Buffers:           28392 kB
Cached:           198996 kB
MemTotal:        1844596 kB
MemFree:         1459912 kB
MemAvailable:    1558156 kB
Buffers:           28392 kB
Cached:           198996 kB
MemTotal:        1844596 kB
MemFree:         1459540 kB
MemAvailable:    1557784 kB
Buffers:           28392 kB
Cached:           198996 kB
MemTotal:        1844596 kB
MemFree:         1459408 kB
MemAvailable:    1557652 kB
Buffers:           28392 kB
Cached:           198996 kB
MemTotal:        1844596 kB
MemFree:         1460508 kB
MemAvailable:    1558752 kB
Buffers:           28392 kB
Cached:           198996 kB
MemTotal:        1844596 kB
MemFree:         1460592 kB
MemAvailable:    1558836 kB
Buffers:           28392 kB
Cached:           198996 kB
MemTotal:        1844596 kB
MemFree:         1460520 kB
MemAvailable:    1558764 kB
Buffers:           28392 kB
Cached:           198996 kB
MemTotal:        1844596 kB
MemFree:         1459228 kB
MemAvailable:    1557472 kB
Buffers:           28392 kB
Cached:           198996 kB
MemTotal:        1844596 kB
MemFree:         1459344 kB
MemAvailable:    1557588 kB
Buffers:           28392 kB
Cached:           198996 kB
MemTotal:        1844596 kB
MemFree:         1460524 kB
MemAvailable:    1558768 kB
Buffers:           28392 kB
Cached:           198996 kB
MemTotal:        1844596 kB
MemFree:         1460568 kB
MemAvailable:    1558812 kB
Buffers:           28392 kB
Cached:           198996 kB
MemTotal:        1844596 kB
MemFree:         1460640 kB
MemAvailable:    1558884 kB
Buffers:           28392 kB
Cached:           198996 kB
MemTotal:        1844596 kB
MemFree:         1460268 kB
MemAvailable:    1558512 kB
Buffers:           28392 kB
Cached:           198996 kB
MemTotal:        1844596 kB
MemFree:         1458284 kB
MemAvailable:    1556528 kB
Buffers:           28392 kB
Cached:           198996 kB
MemTotal:        1844596 kB
MemFree:         1458284 kB
MemAvailable:    1556528 kB
Buffers:           28392 kB
Cached:           198996 kB
MemTotal:        1844596 kB
MemFree:         1456788 kB
MemAvailable:    1555032 kB
Buffers:           28392 kB
Cached:           198996 kB
MemTotal:        1844596 kB
MemFree:         1457300 kB
MemAvailable:    1555544 kB
Buffers:           28392 kB
Cached:           198996 kB
MemTotal:        1844596 kB
MemFree:         1457068 kB
MemAvailable:    1555312 kB
Buffers:           28392 kB
Cached:           198996 kB
MemTotal:        1844596 kB
MemFree:         1456748 kB
MemAvailable:    1554992 kB
Buffers:           28392 kB
Cached:           198996 kB
MemTotal:        1844596 kB
MemFree:         1456616 kB
MemAvailable:    1554860 kB
Buffers:           28392 kB
Cached:           198996 kB
MemTotal:        1844596 kB
MemFree:         1455324 kB
MemAvailable:    1553568 kB
Buffers:           28392 kB
Cached:           198996 kB
MemTotal:        1844596 kB
MemFree:         1455192 kB
MemAvailable:    1553436 kB
Buffers:           28392 kB
Cached:           198996 kB
MemTotal:        1844596 kB
MemFree:         1456564 kB
MemAvailable:    1554808 kB
Buffers:           28392 kB
Cached:           198996 kB
MemTotal:        1844596 kB
MemFree:         1456316 kB
MemAvailable:    1554560 kB
Buffers:           28392 kB
Cached:           198996 kB
MemTotal:        1844596 kB
MemFree:         1455324 kB
MemAvailable:    1553568 kB
Buffers:           28392 kB
Cached:           198996 kB
MemTotal:        1844596 kB
MemFree:         1454888 kB
MemAvailable:    1553132 kB
Buffers:           28392 kB
Cached:           198996 kB
MemTotal:        1844596 kB
MemFree:         1455020 kB
MemAvailable:    1553264 kB
Buffers:           28392 kB
Cached:           198996 kB
MemTotal:        1844596 kB
MemFree:         1456056 kB
MemAvailable:    1554300 kB
Buffers:           28392 kB
Cached:           198996 kB
MemTotal:        1844596 kB
MemFree:         1455440 kB
MemAvailable:    1553684 kB
Buffers:           28392 kB
Cached:           198996 kB
MemTotal:        1844596 kB
MemFree:         1455084 kB
MemAvailable:    1553328 kB
Buffers:           28392 kB
Cached:           198996 kB
MemTotal:        1844596 kB
MemFree:         1455316 kB
MemAvailable:    1553560 kB
Buffers:           28392 kB
Cached:           198996 kB
MemTotal:        1844596 kB
MemFree:         1455384 kB
MemAvailable:    1553628 kB
Buffers:           28392 kB
Cached:           198996 kB
MemTotal:        1844596 kB
MemFree:         1455572 kB
MemAvailable:    1553816 kB
Buffers:           28392 kB
Cached:           198996 kB
MemTotal:        1844596 kB
MemFree:         1454028 kB
MemAvailable:    1552272 kB
Buffers:           28392 kB
Cached:           198996 kB
MemTotal:        1844596 kB
MemFree:         1455312 kB
MemAvailable:    1553556 kB
Buffers:           28392 kB
Cached:           198996 kB
MemTotal:        1844596 kB
MemFree:         1454148 kB
MemAvailable:    1552392 kB
Buffers:           28392 kB
Cached:           198996 kB
MemTotal:        1844596 kB
MemFree:         1455324 kB
MemAvailable:    1553568 kB
Buffers:           28392 kB
Cached:           198996 kB
MemTotal:        1844596 kB
MemFree:         1455464 kB
MemAvailable:    1553708 kB
Buffers:           28392 kB
Cached:           198996 kB
MemTotal:        1844596 kB
MemFree:         1455360 kB
MemAvailable:    1553604 kB
Buffers:           28392 kB
Cached:           198996 kB
MemTotal:        1844596 kB
MemFree:         1455332 kB
MemAvailable:    1553576 kB
Buffers:           28392 kB
Cached:           198996 kB
MemTotal:        1844596 kB
MemFree:         1455136 kB
MemAvailable:    1553380 kB
Buffers:           28392 kB
Cached:           198996 kB
MemTotal:        1844596 kB
MemFree:         1453952 kB
MemAvailable:    1552196 kB
Buffers:           28392 kB
Cached:           198996 kB
MemTotal:        1844596 kB
MemFree:         1454944 kB
MemAvailable:    1553188 kB
Buffers:           28392 kB
Cached:           198996 kB
MemTotal:        1844596 kB
MemFree:         1453448 kB
MemAvailable:    1551692 kB
Buffers:           28392 kB
Cached:           198996 kB
MemTotal:        1844596 kB
MemFree:         1454640 kB
MemAvailable:    1552884 kB
Buffers:           28392 kB
Cached:           198996 kB
MemTotal:        1844596 kB
MemFree:         1454268 kB
MemAvailable:    1552512 kB
Buffers:           28392 kB
Cached:           198996 kB
MemTotal:        1844596 kB
MemFree:         1453836 kB
MemAvailable:    1552080 kB
Buffers:           28392 kB
Cached:           198996 kB
MemTotal:        1844596 kB
MemFree:         1454504 kB
MemAvailable:    1552748 kB
Buffers:           28392 kB
Cached:           198996 kB
MemTotal:        1844596 kB
MemFree:         1454392 kB
MemAvailable:    1552636 kB
Buffers:           28392 kB
Cached:           198996 kB
MemTotal:        1844596 kB
MemFree:         1453216 kB
MemAvailable:    1551464 kB
Buffers:           28392 kB
Cached:           199000 kB
MemTotal:        1844596 kB
MemFree:         1453168 kB
MemAvailable:    1551416 kB
Buffers:           28392 kB
Cached:           199000 kB
MemTotal:        1844596 kB
MemFree:         1453464 kB
MemAvailable:    1551716 kB
Buffers:           28392 kB
Cached:           199004 kB
MemTotal:        1844596 kB
MemFree:         1454276 kB
MemAvailable:    1552528 kB
Buffers:           28392 kB
Cached:           199004 kB
MemTotal:        1844596 kB
MemFree:         1454276 kB
MemAvailable:    1552528 kB
Buffers:           28392 kB
Cached:           199004 kB
MemTotal:        1844596 kB
MemFree:         1452780 kB
MemAvailable:    1551032 kB
Buffers:           28392 kB
Cached:           199004 kB
MemTotal:        1844596 kB
MemFree:         1451232 kB
MemAvailable:    1549484 kB
Buffers:           28392 kB
Cached:           199004 kB
MemTotal:        1844596 kB
MemFree:         1448628 kB
MemAvailable:    1546880 kB
Buffers:           28392 kB
Cached:           199004 kB
MemTotal:        1844596 kB
MemFree:         1446876 kB
MemAvailable:    1545128 kB
Buffers:           28392 kB
Cached:           199004 kB
MemTotal:        1844596 kB
MemFree:         1446960 kB
MemAvailable:    1545212 kB
Buffers:           28392 kB
Cached:           199004 kB
MemTotal:        1844596 kB
MemFree:         1446580 kB
MemAvailable:    1544832 kB
Buffers:           28392 kB
Cached:           199004 kB
MemTotal:        1844596 kB
MemFree:         1446836 kB
MemAvailable:    1545088 kB
Buffers:           28392 kB
Cached:           199004 kB
MemTotal:        1844596 kB
MemFree:         1445456 kB
MemAvailable:    1543708 kB
Buffers:           28392 kB
Cached:           199004 kB
MemTotal:        1844596 kB
MemFree:         1446440 kB
MemAvailable:    1544692 kB
Buffers:           28392 kB
Cached:           199004 kB
MemTotal:        1844596 kB
MemFree:         1446608 kB
MemAvailable:    1544860 kB
Buffers:           28392 kB
Cached:           199004 kB
MemTotal:        1844596 kB
MemFree:         1445268 kB
MemAvailable:    1543520 kB
Buffers:           28392 kB
Cached:           199004 kB
MemTotal:        1844596 kB
MemFree:         1446568 kB
MemAvailable:    1544820 kB
Buffers:           28392 kB
Cached:           199004 kB
MemTotal:        1844596 kB
MemFree:         1446256 kB
MemAvailable:    1544508 kB
Buffers:           28392 kB
Cached:           199004 kB
MemTotal:        1844596 kB
MemFree:         1446396 kB
MemAvailable:    1544648 kB
Buffers:           28392 kB
Cached:           199004 kB
MemTotal:        1844596 kB
MemFree:         1446452 kB
MemAvailable:    1544704 kB
Buffers:           28392 kB
Cached:           199004 kB
MemTotal:        1844596 kB
MemFree:         1446452 kB
MemAvailable:    1544704 kB
Buffers:           28392 kB
Cached:           199004 kB
MemTotal:        1844596 kB
MemFree:         1445256 kB
MemAvailable:    1543508 kB
Buffers:           28392 kB
Cached:           199004 kB
MemTotal:        1844596 kB
MemFree:         1446480 kB
MemAvailable:    1544732 kB
Buffers:           28392 kB
Cached:           199004 kB
MemTotal:        1844596 kB
MemFree:         1446408 kB
MemAvailable:    1544660 kB
Buffers:           28392 kB
Cached:           199004 kB
MemTotal:        1844596 kB
MemFree:         1445156 kB
MemAvailable:    1543408 kB
Buffers:           28392 kB
Cached:           199004 kB
MemTotal:        1844596 kB
MemFree:         1445900 kB
MemAvailable:    1544152 kB
Buffers:           28392 kB
Cached:           199004 kB
MemTotal:        1844596 kB
MemFree:         1444784 kB
MemAvailable:    1543036 kB
Buffers:           28392 kB
Cached:           199004 kB
MemTotal:        1844596 kB
MemFree:         1445348 kB
MemAvailable:    1543600 kB
Buffers:           28392 kB
Cached:           199004 kB
MemTotal:        1844596 kB
MemFree:         1445276 kB
MemAvailable:    1543528 kB
Buffers:           28392 kB
Cached:           199004 kB
MemTotal:        1844596 kB
MemFree:         1444768 kB
MemAvailable:    1543020 kB
Buffers:           28392 kB
Cached:           199004 kB
MemTotal:        1844596 kB
MemFree:         1444768 kB
MemAvailable:    1543020 kB
Buffers:           28392 kB
Cached:           199004 kB
MemTotal:        1844596 kB
MemFree:         1443356 kB
MemAvailable:    1541608 kB
Buffers:           28392 kB
Cached:           199004 kB
MemTotal:        1844596 kB
MemFree:         1443720 kB
MemAvailable:    1541972 kB
Buffers:           28392 kB
Cached:           199004 kB
MemTotal:        1844596 kB
MemFree:         1443604 kB
MemAvailable:    1541856 kB
Buffers:           28392 kB
Cached:           199004 kB
MemTotal:        1844596 kB
MemFree:         1442868 kB
MemAvailable:    1541120 kB
Buffers:           28392 kB
Cached:           199004 kB
MemTotal:        1844596 kB
MemFree:         1442868 kB
MemAvailable:    1541120 kB
Buffers:           28392 kB
Cached:           199004 kB
MemTotal:        1844596 kB
MemFree:         1442928 kB
MemAvailable:    1541180 kB
Buffers:           28392 kB
Cached:           199004 kB
MemTotal:        1844596 kB
MemFree:         1442840 kB
MemAvailable:    1541092 kB
Buffers:           28392 kB
Cached:           199004 kB
MemTotal:        1844596 kB
MemFree:         1442508 kB
MemAvailable:    1540760 kB
Buffers:           28392 kB
Cached:           199004 kB
MemTotal:        1844596 kB
MemFree:         1442508 kB
MemAvailable:    1540760 kB
Buffers:           28392 kB
Cached:           199004 kB
MemTotal:        1844596 kB
MemFree:         1442532 kB
MemAvailable:    1540784 kB
Buffers:           28392 kB
Cached:           199004 kB
MemTotal:        1844596 kB
MemFree:         1442684 kB
MemAvailable:    1540936 kB
Buffers:           28392 kB
Cached:           199004 kB
MemTotal:        1844596 kB
MemFree:         1442564 kB
MemAvailable:    1540816 kB
Buffers:           28392 kB
Cached:           199004 kB
MemTotal:        1844596 kB
MemFree:         1441132 kB
MemAvailable:    1539384 kB
Buffers:           28392 kB
Cached:           199004 kB
MemTotal:        1844596 kB
MemFree:         1442600 kB
MemAvailable:    1540852 kB
Buffers:           28392 kB
Cached:           199004 kB
MemTotal:        1844596 kB
MemFree:         1442552 kB
MemAvailable:    1540804 kB
Buffers:           28392 kB
Cached:           199004 kB
MemTotal:        1844596 kB
MemFree:         1441188 kB
MemAvailable:    1539440 kB
Buffers:           28392 kB
Cached:           199004 kB
MemTotal:        1844596 kB
MemFree:         1442048 kB
MemAvailable:    1540300 kB
Buffers:           28392 kB
Cached:           199004 kB
MemTotal:        1844596 kB
MemFree:         1441676 kB
MemAvailable:    1539928 kB
Buffers:           28392 kB
Cached:           199004 kB
MemTotal:        1844596 kB
MemFree:         1434476 kB
MemAvailable:    1532728 kB
Buffers:           28392 kB
Cached:           199004 kB
MemTotal:        1844596 kB
MemFree:         1433624 kB
MemAvailable:    1531876 kB
Buffers:           28392 kB
Cached:           199004 kB
MemTotal:        1844596 kB
MemFree:         1434416 kB
MemAvailable:    1532668 kB
Buffers:           28392 kB
Cached:           199004 kB
MemTotal:        1844596 kB
MemFree:         1434244 kB
MemAvailable:    1532496 kB
Buffers:           28392 kB
Cached:           199004 kB
MemTotal:        1844596 kB
MemFree:         1433056 kB
MemAvailable:    1531308 kB
Buffers:           28392 kB
Cached:           199004 kB
MemTotal:        1844596 kB
MemFree:         1432872 kB
MemAvailable:    1531124 kB
Buffers:           28392 kB
Cached:           199004 kB
MemTotal:        1844596 kB
MemFree:         1432872 kB
MemAvailable:    1531124 kB
Buffers:           28392 kB
Cached:           199004 kB
MemTotal:        1844596 kB
MemFree:         1436272 kB
MemAvailable:    1534524 kB
Buffers:           28392 kB
Cached:           199004 kB
MemTotal:        1844596 kB
MemFree:         1433500 kB
MemAvailable:    1531752 kB
Buffers:           28392 kB
Cached:           199004 kB
MemTotal:        1844596 kB
MemFree:         1431748 kB
MemAvailable:    1530000 kB
Buffers:           28392 kB
Cached:           199004 kB
MemTotal:        1844596 kB
MemFree:         1432732 kB
MemAvailable:    1530984 kB
Buffers:           28392 kB
Cached:           199004 kB
MemTotal:        1844596 kB
MemFree:         1432640 kB
MemAvailable:    1530892 kB
Buffers:           28392 kB
Cached:           199004 kB
MemTotal:        1844596 kB
MemFree:         1431468 kB
MemAvailable:    1529720 kB
Buffers:           28392 kB
Cached:           199004 kB
MemTotal:        1844596 kB
MemFree:         1431468 kB
MemAvailable:    1529720 kB
Buffers:           28392 kB
Cached:           199004 kB
MemTotal:        1844596 kB
MemFree:         1431336 kB
MemAvailable:    1529588 kB
Buffers:           28392 kB
Cached:           199004 kB
MemTotal:        1844596 kB
MemFree:         1432484 kB
MemAvailable:    1530904 kB
Buffers:           28392 kB
Cached:           199128 kB
MemTotal:        1844596 kB
MemFree:         1432136 kB
MemAvailable:    1530556 kB
Buffers:           28392 kB
Cached:           199128 kB
MemTotal:        1844596 kB
MemFree:         1432328 kB
MemAvailable:    1530832 kB
Buffers:           28392 kB
Cached:           199252 kB
MemTotal:        1844596 kB
MemFree:         1432064 kB
MemAvailable:    1530820 kB
Buffers:           28392 kB
Cached:           199500 kB
MemTotal:        1844596 kB
MemFree:         1431880 kB
MemAvailable:    1530636 kB
Buffers:           28392 kB
Cached:           199500 kB
MemTotal:        1844596 kB
MemFree:         1432180 kB
MemAvailable:    1531020 kB
Buffers:           28392 kB
Cached:           199624 kB
MemTotal:        1844596 kB
MemFree:         1432096 kB
MemAvailable:    1530936 kB
Buffers:           28392 kB
Cached:           199624 kB
MemTotal:        1844596 kB
MemFree:         1432072 kB
MemAvailable:    1530996 kB
Buffers:           28392 kB
Cached:           199748 kB
MemTotal:        1844596 kB
MemFree:         1431268 kB
MemAvailable:    1530192 kB
Buffers:           28392 kB
Cached:           199748 kB
MemTotal:        1844596 kB
MemFree:         1432060 kB
MemAvailable:    1530984 kB
Buffers:           28392 kB
Cached:           199748 kB
MemTotal:        1844596 kB
MemFree:         1431952 kB
MemAvailable:    1530876 kB
Buffers:           28392 kB
Cached:           199748 kB
MemTotal:        1844596 kB
MemFree:         1431756 kB
MemAvailable:    1530680 kB
Buffers:           28392 kB
Cached:           199748 kB
MemTotal:        1844596 kB
MemFree:         1432040 kB
MemAvailable:    1530976 kB
Buffers:           28392 kB
Cached:           199684 kB
MemTotal:        1844596 kB
MemFree:         1431756 kB
MemAvailable:    1530692 kB
Buffers:           28392 kB
Cached:           199684 kB
MemTotal:        1844596 kB
MemFree:         1431840 kB
MemAvailable:    1530776 kB
Buffers:           28392 kB
Cached:           199684 kB
MemTotal:        1844596 kB
MemFree:         1431228 kB
MemAvailable:    1529492 kB
Buffers:           28392 kB
Cached:           199012 kB
MemTotal:        1844596 kB
MemFree:         1502560 kB
MemAvailable:    1600824 kB
Buffers:           28392 kB
Cached:           199012 kB
