MemTotal:        1844596 kB
MemFree:         1493116 kB
MemAvailable:    1576732 kB
Buffers:           26272 kB
Cached:           187240 kB
MemTotal:        1844596 kB
MemFree:         1493116 kB
MemAvailable:    1576732 kB
Buffers:           26272 kB
Cached:           187240 kB
MemTotal:        1844596 kB
MemFree:         1491000 kB
MemAvailable:    1574616 kB
Buffers:           26272 kB
Cached:           187240 kB
MemTotal:        1844596 kB
MemFree:         1490768 kB
MemAvailable:    1574384 kB
Buffers:           26272 kB
Cached:           187240 kB
MemTotal:        1844596 kB
MemFree:         1488900 kB
MemAvailable:    1572516 kB
Buffers:           26272 kB
Cached:           187240 kB
MemTotal:        1844596 kB
MemFree:         1487452 kB
MemAvailable:    1571068 kB
Buffers:           26272 kB
Cached:           187240 kB
MemTotal:        1844596 kB
MemFree:         1487444 kB
MemAvailable:    1571060 kB
Buffers:           26272 kB
Cached:           187240 kB
MemTotal:        1844596 kB
MemFree:         1486948 kB
MemAvailable:    1570564 kB
Buffers:           26272 kB
Cached:           187240 kB
MemTotal:        1844596 kB
MemFree:         1487080 kB
MemAvailable:    1570696 kB
Buffers:           26272 kB
Cached:           187240 kB
MemTotal:        1844596 kB
MemFree:         1482608 kB
MemAvailable:    1566224 kB
Buffers:           26272 kB
Cached:           187240 kB
MemTotal:        1844596 kB
MemFree:         1482128 kB
MemAvailable:    1565744 kB
Buffers:           26272 kB
Cached:           187240 kB
MemTotal:        1844596 kB
MemFree:         1478212 kB
MemAvailable:    1561828 kB
Buffers:           26272 kB
Cached:           187240 kB
MemTotal:        1844596 kB
MemFree:         1478584 kB
MemAvailable:    1562200 kB
Buffers:           26272 kB
Cached:           187240 kB
MemTotal:        1844596 kB
MemFree:         1477904 kB
MemAvailable:    1561520 kB
Buffers:           26272 kB
Cached:           187240 kB
MemTotal:        1844596 kB
MemFree:         1478496 kB
MemAvailable:    1562112 kB
Buffers:           26272 kB
Cached:           187240 kB
MemTotal:        1844596 kB
MemFree:         1478496 kB
MemAvailable:    1562112 kB
Buffers:           26272 kB
Cached:           187240 kB
MemTotal:        1844596 kB
MemFree:         1478680 kB
MemAvailable:    1562296 kB
Buffers:           26272 kB
Cached:           187240 kB
MemTotal:        1844596 kB
MemFree:         1478512 kB
MemAvailable:    1562128 kB
Buffers:           26272 kB
Cached:           187240 kB
MemTotal:        1844596 kB
MemFree:         1478188 kB
MemAvailable:    1561804 kB
Buffers:           26272 kB
Cached:           187240 kB
MemTotal:        1844596 kB
MemFree:         1478188 kB
MemAvailable:    1561804 kB
Buffers:           26272 kB
Cached:           187240 kB
MemTotal:        1844596 kB
MemFree:         1476408 kB
MemAvailable:    1560024 kB
Buffers:           26272 kB
Cached:           187240 kB
MemTotal:        1844596 kB
MemFree:         1476284 kB
MemAvailable:    1559900 kB
Buffers:           26272 kB
Cached:           187240 kB
MemTotal:        1844596 kB
MemFree:         1475928 kB
MemAvailable:    1559544 kB
Buffers:           26272 kB
Cached:           187240 kB
MemTotal:        1844596 kB
MemFree:         1475996 kB
MemAvailable:    1559612 kB
Buffers:           26272 kB
Cached:           187240 kB
MemTotal:        1844596 kB
MemFree:         1474872 kB
MemAvailable:    1558488 kB
Buffers:           26272 kB
Cached:           187240 kB
MemTotal:        1844596 kB
MemFree:         1474888 kB
MemAvailable:    1558508 kB
Buffers:           26272 kB
Cached:           187244 kB
MemTotal:        1844596 kB
MemFree:         1474880 kB
MemAvailable:    1558500 kB
Buffers:           26272 kB
Cached:           187244 kB
MemTotal:        1844596 kB
MemFree:         1476228 kB
MemAvailable:    1559848 kB
Buffers:           26272 kB
Cached:           187244 kB
MemTotal:        1844596 kB
MemFree:         1476120 kB
MemAvailable:    1559740 kB
Buffers:           26272 kB
Cached:           187244 kB
MemTotal:        1844596 kB
MemFree:         1475300 kB
MemAvailable:    1558920 kB
Buffers:           26272 kB
Cached:           187244 kB
MemTotal:        1844596 kB
MemFree:         1477068 kB
MemAvailable:    1560688 kB
Buffers:           26272 kB
Cached:           187244 kB
MemTotal:        1844596 kB
MemFree:         1477404 kB
MemAvailable:    1561024 kB
Buffers:           26272 kB
Cached:           187244 kB
MemTotal:        1844596 kB
MemFree:         1477036 kB
MemAvailable:    1560656 kB
Buffers:           26272 kB
Cached:           187244 kB
MemTotal:        1844596 kB
MemFree:         1475284 kB
MemAvailable:    1558904 kB
Buffers:           26272 kB
Cached:           187244 kB
MemTotal:        1844596 kB
MemFree:         1474052 kB
MemAvailable:    1557672 kB
Buffers:           26272 kB
Cached:           187244 kB
MemTotal:        1844596 kB
MemFree:         1474060 kB
MemAvailable:    1557680 kB
Buffers:           26272 kB
Cached:           187244 kB
MemTotal:        1844596 kB
MemFree:         1473176 kB
MemAvailable:    1556796 kB
Buffers:           26272 kB
Cached:           187244 kB
MemTotal:        1844596 kB
MemFree:         1473176 kB
MemAvailable:    1556796 kB
Buffers:           26272 kB
Cached:           187244 kB
MemTotal:        1844596 kB
MemFree:         1471896 kB
MemAvailable:    1555516 kB
Buffers:           26272 kB
Cached:           187244 kB
MemTotal:        1844596 kB
MemFree:         1473004 kB
MemAvailable:    1556624 kB
Buffers:           26272 kB
Cached:           187244 kB
MemTotal:        1844596 kB
MemFree:         1472260 kB
MemAvailable:    1555880 kB
Buffers:           26272 kB
Cached:           187244 kB
MemTotal:        1844596 kB
MemFree:         1470820 kB
MemAvailable:    1554440 kB
Buffers:           26272 kB
Cached:           187244 kB
MemTotal:        1844596 kB
MemFree:         1472052 kB
MemAvailable:    1555672 kB
Buffers:           26272 kB
Cached:           187244 kB
MemTotal:        1844596 kB
MemFree:         1471996 kB
MemAvailable:    1555616 kB
Buffers:           26272 kB
Cached:           187244 kB
MemTotal:        1844596 kB
MemFree:         1470440 kB
MemAvailable:    1554060 kB
Buffers:           26272 kB
Cached:           187244 kB
MemTotal:        1844596 kB
MemFree:         1470688 kB
MemAvailable:    1554308 kB
Buffers:           26272 kB
Cached:           187244 kB
MemTotal:        1844596 kB
MemFree:         1471572 kB
MemAvailable:    1555192 kB
Buffers:           26272 kB
Cached:           187244 kB
MemTotal:        1844596 kB
MemFree:         1471340 kB
MemAvailable:    1554960 kB
Buffers:           26272 kB
Cached:           187244 kB
MemTotal:        1844596 kB
MemFree:         1470200 kB
MemAvailable:    1553820 kB
Buffers:           26272 kB
Cached:           187244 kB
MemTotal:        1844596 kB
MemFree:         1471192 kB
MemAvailable:    1554812 kB
Buffers:           26272 kB
Cached:           187244 kB
MemTotal:        1844596 kB
MemFree:         1470588 kB
MemAvailable:    1554208 kB
Buffers:           26272 kB
Cached:           187244 kB
MemTotal:        1844596 kB
MemFree:         1471068 kB
MemAvailable:    1554688 kB
Buffers:           26272 kB
Cached:           187244 kB
MemTotal:        1844596 kB
MemFree:         1469652 kB
MemAvailable:    1553272 kB
Buffers:           26272 kB
Cached:           187244 kB
MemTotal:        1844596 kB
MemFree:         1469652 kB
MemAvailable:    1553272 kB
Buffers:           26272 kB
Cached:           187244 kB
MemTotal:        1844596 kB
MemFree:         1469908 kB
MemAvailable:    1553528 kB
Buffers:           26272 kB
Cached:           187244 kB
MemTotal:        1844596 kB
MemFree:         1470892 kB
MemAvailable:    1554512 kB
Buffers:           26272 kB
Cached:           187244 kB
MemTotal:        1844596 kB
MemFree:         1470748 kB
MemAvailable:    1554368 kB
Buffers:           26272 kB
Cached:           187244 kB
MemTotal:        1844596 kB
MemFree:         1470836 kB
MemAvailable:    1554456 kB
Buffers:           26272 kB
Cached:           187244 kB
MemTotal:        1844596 kB
MemFree:         1471008 kB
MemAvailable:    1554628 kB
Buffers:           26272 kB
Cached:           187244 kB
MemTotal:        1844596 kB
MemFree:         1469660 kB
MemAvailable:    1553280 kB
Buffers:           26272 kB
Cached:           187244 kB
MemTotal:        1844596 kB
MemFree:         1470864 kB
MemAvailable:    1554484 kB
Buffers:           26272 kB
Cached:           187244 kB
MemTotal:        1844596 kB
MemFree:         1470588 kB
MemAvailable:    1554208 kB
Buffers:           26272 kB
Cached:           187244 kB
MemTotal:        1844596 kB
MemFree:         1470648 kB
MemAvailable:    1554268 kB
Buffers:           26272 kB
Cached:           187244 kB
MemTotal:        1844596 kB
MemFree:         1470648 kB
MemAvailable:    1554268 kB
Buffers:           26272 kB
Cached:           187244 kB
MemTotal:        1844596 kB
MemFree:         1470332 kB
MemAvailable:    1553952 kB
Buffers:           26272 kB
Cached:           187244 kB
MemTotal:        1844596 kB
MemFree:         1470344 kB
MemAvailable:    1553964 kB
Buffers:           26272 kB
Cached:           187244 kB
MemTotal:        1844596 kB
MemFree:         1470320 kB
MemAvailable:    1553940 kB
Buffers:           26272 kB
Cached:           187244 kB
MemTotal:        1844596 kB
MemFree:         1469924 kB
MemAvailable:    1553544 kB
Buffers:           26272 kB
Cached:           187244 kB
MemTotal:        1844596 kB
MemFree:         1469968 kB
MemAvailable:    1553588 kB
Buffers:           26272 kB
Cached:           187244 kB
MemTotal:        1844596 kB
MemFree:         1470140 kB
MemAvailable:    1553760 kB
Buffers:           26272 kB
Cached:           187244 kB
MemTotal:        1844596 kB
MemFree:         1468792 kB
MemAvailable:    1552412 kB
Buffers:           26272 kB
Cached:           187244 kB
MemTotal:        1844596 kB
MemFree:         1469944 kB
MemAvailable:    1553564 kB
Buffers:           26272 kB
Cached:           187244 kB
MemTotal:        1844596 kB
MemFree:         1469216 kB
MemAvailable:    1552836 kB
Buffers:           26272 kB
Cached:           187244 kB
MemTotal:        1844596 kB
MemFree:         1470208 kB
MemAvailable:    1553832 kB
Buffers:           26272 kB
Cached:           187248 kB
MemTotal:        1844596 kB
MemFree:         1469100 kB
MemAvailable:    1552724 kB
Buffers:           26272 kB
Cached:           187248 kB
MemTotal:        1844596 kB
MemFree:         1469816 kB
MemAvailable:    1553440 kB
Buffers:           26272 kB
Cached:           187248 kB
MemTotal:        1844596 kB
MemFree:         1470152 kB
MemAvailable:    1553776 kB
Buffers:           26272 kB
Cached:           187248 kB
MemTotal:        1844596 kB
MemFree:         1469824 kB
MemAvailable:    1553448 kB
Buffers:           26272 kB
Cached:           187248 kB
MemTotal:        1844596 kB
MemFree:         1469588 kB
MemAvailable:    1553212 kB
Buffers:           26272 kB
Cached:           187248 kB
MemTotal:        1844596 kB
MemFree:         1466496 kB
MemAvailable:    1550120 kB
Buffers:           26272 kB
Cached:           187248 kB
MemTotal:        1844596 kB
MemFree:         1464572 kB
MemAvailable:    1548196 kB
Buffers:           26272 kB
Cached:           187248 kB
MemTotal:        1844596 kB
MemFree:         1461908 kB
MemAvailable:    1545532 kB
Buffers:           26272 kB
Cached:           187248 kB
MemTotal:        1844596 kB
MemFree:         1462528 kB
MemAvailable:    1546156 kB
Buffers:           26272 kB
Cached:           187252 kB
MemTotal:        1844596 kB
MemFree:         1461288 kB
MemAvailable:    1544916 kB
Buffers:           26272 kB
Cached:           187252 kB
MemTotal:        1844596 kB
MemFree:         1461280 kB
MemAvailable:    1544908 kB
Buffers:           26272 kB
Cached:           187252 kB
MemTotal:        1844596 kB
MemFree:         1461964 kB
MemAvailable:    1545592 kB
Buffers:           26272 kB
Cached:           187252 kB
MemTotal:        1844596 kB
MemFree:         1462216 kB
MemAvailable:    1545844 kB
Buffers:           26272 kB
Cached:           187252 kB
MemTotal:        1844596 kB
MemFree:         1462044 kB
MemAvailable:    1545672 kB
Buffers:           26272 kB
Cached:           187252 kB
MemTotal:        1844596 kB
MemFree:         1461840 kB
MemAvailable:    1545468 kB
Buffers:           26272 kB
Cached:           187252 kB
MemTotal:        1844596 kB
MemFree:         1462092 kB
MemAvailable:    1545720 kB
Buffers:           26272 kB
Cached:           187252 kB
MemTotal:        1844596 kB
MemFree:         1461880 kB
MemAvailable:    1545508 kB
Buffers:           26272 kB
Cached:           187252 kB
MemTotal:        1844596 kB
MemFree:         1462216 kB
MemAvailable:    1545844 kB
Buffers:           26272 kB
Cached:           187252 kB
MemTotal:        1844596 kB
MemFree:         1460772 kB
MemAvailable:    1544400 kB
Buffers:           26272 kB
Cached:           187252 kB
MemTotal:        1844596 kB
MemFree:         1462032 kB
MemAvailable:    1545660 kB
Buffers:           26272 kB
Cached:           187252 kB
MemTotal:        1844596 kB
MemFree:         1461660 kB
MemAvailable:    1545288 kB
Buffers:           26272 kB
Cached:           187252 kB
MemTotal:        1844596 kB
MemFree:         1461756 kB
MemAvailable:    1545384 kB
Buffers:           26272 kB
Cached:           187252 kB
MemTotal:        1844596 kB
MemFree:         1461852 kB
MemAvailable:    1545480 kB
Buffers:           26272 kB
Cached:           187252 kB
MemTotal:        1844596 kB
MemFree:         1460660 kB
MemAvailable:    1544288 kB
Buffers:           26272 kB
Cached:           187252 kB
MemTotal:        1844596 kB
MemFree:         1461156 kB
MemAvailable:    1544784 kB
Buffers:           26272 kB
Cached:           187252 kB
MemTotal:        1844596 kB
MemFree:         1461596 kB
MemAvailable:    1545224 kB
Buffers:           26272 kB
Cached:           187252 kB
MemTotal:        1844596 kB
MemFree:         1460296 kB
MemAvailable:    1543924 kB
Buffers:           26272 kB
Cached:           187252 kB
MemTotal:        1844596 kB
MemFree:         1461028 kB
MemAvailable:    1544656 kB
Buffers:           26272 kB
Cached:           187252 kB
MemTotal:        1844596 kB
MemFree:         1460956 kB
MemAvailable:    1544588 kB
Buffers:           26272 kB
Cached:           187256 kB
MemTotal:        1844596 kB
MemFree:         1459552 kB
MemAvailable:    1543184 kB
Buffers:           26272 kB
Cached:           187256 kB
MemTotal:        1844596 kB
MemFree:         1460400 kB
MemAvailable:    1544032 kB
Buffers:           26272 kB
Cached:           187256 kB
MemTotal:        1844596 kB
MemFree:         1460468 kB
MemAvailable:    1544100 kB
Buffers:           26272 kB
Cached:           187256 kB
MemTotal:        1844596 kB
MemFree:         1460336 kB
MemAvailable:    1543968 kB
Buffers:           26272 kB
Cached:           187256 kB
MemTotal:        1844596 kB
MemFree:         1458684 kB
MemAvailable:    1542316 kB
Buffers:           26272 kB
Cached:           187256 kB
MemTotal:        1844596 kB
MemFree:         1457624 kB
MemAvailable:    1541256 kB
Buffers:           26272 kB
Cached:           187256 kB
MemTotal:        1844596 kB
MemFree:         1459224 kB
MemAvailable:    1542856 kB
Buffers:           26272 kB
Cached:           187256 kB
MemTotal:        1844596 kB
MemFree:         1458860 kB
MemAvailable:    1542492 kB
Buffers:           26272 kB
Cached:           187256 kB
MemTotal:        1844596 kB
MemFree:         1457568 kB
MemAvailable:    1541200 kB
Buffers:           26272 kB
Cached:           187256 kB
MemTotal:        1844596 kB
MemFree:         1457140 kB
MemAvailable:    1540772 kB
Buffers:           26272 kB
Cached:           187256 kB
MemTotal:        1844596 kB
MemFree:         1458484 kB
MemAvailable:    1542116 kB
Buffers:           26272 kB
Cached:           187256 kB
MemTotal:        1844596 kB
MemFree:         1457444 kB
MemAvailable:    1541076 kB
Buffers:           26272 kB
Cached:           187256 kB
MemTotal:        1844596 kB
MemFree:         1457016 kB
MemAvailable:    1540648 kB
Buffers:           26272 kB
Cached:           187256 kB
MemTotal:        1844596 kB
MemFree:         1458068 kB
MemAvailable:    1541700 kB
Buffers:           26272 kB
Cached:           187256 kB
MemTotal:        1844596 kB
MemFree:         1456928 kB
MemAvailable:    1540560 kB
Buffers:           26272 kB
Cached:           187256 kB
MemTotal:        1844596 kB
MemFree:         1458104 kB
MemAvailable:    1541736 kB
Buffers:           26272 kB
Cached:           187256 kB
MemTotal:        1844596 kB
MemFree:         1457444 kB
MemAvailable:    1541076 kB
Buffers:           26272 kB
Cached:           187256 kB
MemTotal:        1844596 kB
MemFree:         1458236 kB
MemAvailable:    1541868 kB
Buffers:           26272 kB
Cached:           187256 kB
MemTotal:        1844596 kB
MemFree:         1458064 kB
MemAvailable:    1541696 kB
Buffers:           26272 kB
Cached:           187256 kB
MemTotal:        1844596 kB
MemFree:         1457568 kB
MemAvailable:    1541200 kB
Buffers:           26272 kB
Cached:           187256 kB
MemTotal:        1844596 kB
MemFree:         1457552 kB
MemAvailable:    1541184 kB
Buffers:           26272 kB
Cached:           187256 kB
MemTotal:        1844596 kB
MemFree:         1457888 kB
MemAvailable:    1541520 kB
Buffers:           26272 kB
Cached:           187256 kB
MemTotal:        1844596 kB
MemFree:         1450236 kB
MemAvailable:    1533868 kB
Buffers:           26272 kB
Cached:           187256 kB
MemTotal:        1844596 kB
MemFree:         1450236 kB
MemAvailable:    1533868 kB
Buffers:           26272 kB
Cached:           187256 kB
MemTotal:        1844596 kB
MemFree:         1449700 kB
MemAvailable:    1533332 kB
Buffers:           26272 kB
Cached:           187256 kB
MemTotal:        1844596 kB
MemFree:         1449084 kB
MemAvailable:    1532716 kB
Buffers:           26272 kB
Cached:           187256 kB
MemTotal:        1844596 kB
MemFree:         1449940 kB
MemAvailable:    1533572 kB
Buffers:           26272 kB
Cached:           187256 kB
MemTotal:        1844596 kB
MemFree:         1448764 kB
MemAvailable:    1532396 kB
Buffers:           26272 kB
Cached:           187256 kB
MemTotal:        1844596 kB
MemFree:         1449012 kB
MemAvailable:    1532644 kB
Buffers:           26272 kB
Cached:           187256 kB
MemTotal:        1844596 kB
MemFree:         1448764 kB
MemAvailable:    1532396 kB
Buffers:           26272 kB
Cached:           187256 kB
MemTotal:        1844596 kB
MemFree:         1448500 kB
MemAvailable:    1532132 kB
Buffers:           26272 kB
Cached:           187256 kB
MemTotal:        1844596 kB
MemFree:         1448584 kB
MemAvailable:    1532216 kB
Buffers:           26272 kB
Cached:           187256 kB
MemTotal:        1844596 kB
MemFree:         1447140 kB
MemAvailable:    1530772 kB
Buffers:           26272 kB
Cached:           187256 kB
MemTotal:        1844596 kB
MemFree:         1447516 kB
MemAvailable:    1531024 kB
Buffers:           26272 kB
Cached:           187256 kB
MemTotal:        1844596 kB
MemFree:         1448200 kB
MemAvailable:    1531832 kB
Buffers:           26272 kB
Cached:           187256 kB
MemTotal:        1844596 kB
MemFree:         1448452 kB
MemAvailable:    1532084 kB
Buffers:           26272 kB
Cached:           187256 kB
MemTotal:        1844596 kB
MemFree:         1448280 kB
MemAvailable:    1531912 kB
Buffers:           26272 kB
Cached:           187256 kB
MemTotal:        1844596 kB
MemFree:         1447100 kB
MemAvailable:    1530732 kB
Buffers:           26272 kB
Cached:           187256 kB
MemTotal:        1844596 kB
MemFree:         1447348 kB
MemAvailable:    1530980 kB
Buffers:           26272 kB
Cached:           187256 kB
MemTotal:        1844596 kB
MemFree:         1448652 kB
MemAvailable:    1532284 kB
Buffers:           26272 kB
Cached:           187256 kB
MemTotal:        1844596 kB
MemFree:         1448652 kB
MemAvailable:    1532284 kB
Buffers:           26272 kB
Cached:           187256 kB
MemTotal:        1844596 kB
MemFree:         1448208 kB
MemAvailable:    1531840 kB
Buffers:           26272 kB
Cached:           187256 kB
MemTotal:        1844596 kB
MemFree:         1447400 kB
MemAvailable:    1531032 kB
Buffers:           26272 kB
Cached:           187256 kB
MemTotal:        1844596 kB
MemFree:         1448200 kB
MemAvailable:    1531832 kB
Buffers:           26272 kB
Cached:           187256 kB
MemTotal:        1844596 kB
MemFree:         1448200 kB
MemAvailable:    1531832 kB
Buffers:           26272 kB
Cached:           187256 kB
MemTotal:        1844596 kB
MemFree:         1448116 kB
MemAvailable:    1531748 kB
Buffers:           26272 kB
Cached:           187256 kB
MemTotal:        1844596 kB
MemFree:         1448368 kB
MemAvailable:    1532000 kB
Buffers:           26272 kB
Cached:           187256 kB
MemTotal:        1844596 kB
MemFree:         1448380 kB
MemAvailable:    1532012 kB
Buffers:           26272 kB
Cached:           187256 kB
MemTotal:        1844596 kB
MemFree:         1446884 kB
MemAvailable:    1530516 kB
Buffers:           26272 kB
Cached:           187256 kB
MemTotal:        1844596 kB
MemFree:         1448068 kB
MemAvailable:    1531700 kB
Buffers:           26272 kB
Cached:           187256 kB
MemTotal:        1844596 kB
MemFree:         1448152 kB
MemAvailable:    1531784 kB
Buffers:           26272 kB
Cached:           187256 kB
MemTotal:        1844596 kB
MemFree:         1448332 kB
MemAvailable:    1531964 kB
Buffers:           26272 kB
Cached:           187256 kB
MemTotal:        1844596 kB
MemFree:         1448128 kB
MemAvailable:    1531760 kB
Buffers:           26272 kB
Cached:           187256 kB
MemTotal:        1844596 kB
MemFree:         1448468 kB
MemAvailable:    1532100 kB
Buffers:           26272 kB
Cached:           187256 kB
MemTotal:        1844596 kB
MemFree:         1448272 kB
MemAvailable:    1531904 kB
Buffers:           26272 kB
Cached:           187256 kB
MemTotal:        1844596 kB
MemFree:         1446840 kB
MemAvailable:    1530472 kB
Buffers:           26272 kB
Cached:           187256 kB
MemTotal:        1844596 kB
MemFree:         1447940 kB
MemAvailable:    1531572 kB
Buffers:           26272 kB
Cached:           187256 kB
MemTotal:        1844596 kB
MemFree:         1446840 kB
MemAvailable:    1530472 kB
Buffers:           26272 kB
Cached:           187256 kB
MemTotal:        1844596 kB
MemFree:         1448200 kB
MemAvailable:    1531832 kB
Buffers:           26272 kB
Cached:           187256 kB
MemTotal:        1844596 kB
MemFree:         1448068 kB
MemAvailable:    1531700 kB
Buffers:           26272 kB
Cached:           187256 kB
MemTotal:        1844596 kB
MemFree:         1446992 kB
MemAvailable:    1530624 kB
Buffers:           26272 kB
Cached:           187256 kB
MemTotal:        1844596 kB
MemFree:         1448384 kB
MemAvailable:    1532016 kB
Buffers:           26272 kB
Cached:           187256 kB
MemTotal:        1844596 kB
MemFree:         1448048 kB
MemAvailable:    1531680 kB
Buffers:           26272 kB
Cached:           187256 kB
MemTotal:        1844596 kB
MemFree:         1448392 kB
MemAvailable:    1532024 kB
Buffers:           26272 kB
Cached:           187256 kB
MemTotal:        1844596 kB
MemFree:         1447020 kB
MemAvailable:    1530652 kB
Buffers:           26272 kB
Cached:           187256 kB
MemTotal:        1844596 kB
MemFree:         1448260 kB
MemAvailable:    1531892 kB
Buffers:           26272 kB
Cached:           187256 kB
MemTotal:        1844596 kB
MemFree:         1448260 kB
MemAvailable:    1531892 kB
Buffers:           26272 kB
Cached:           187256 kB
MemTotal:        1844596 kB
MemFree:         1448252 kB
MemAvailable:    1531884 kB
Buffers:           26272 kB
Cached:           187256 kB
MemTotal:        1844596 kB
MemFree:         1448196 kB
MemAvailable:    1531828 kB
Buffers:           26272 kB
Cached:           187256 kB
MemTotal:        1844596 kB
MemFree:         1448088 kB
MemAvailable:    1531720 kB
Buffers:           26272 kB
Cached:           187256 kB
MemTotal:        1844596 kB
MemFree:         1448340 kB
MemAvailable:    1531972 kB
Buffers:           26272 kB
Cached:           187256 kB
MemTotal:        1844596 kB
MemFree:         1447956 kB
MemAvailable:    1531588 kB
Buffers:           26272 kB
Cached:           187256 kB
MemTotal:        1844596 kB
MemFree:         1448292 kB
MemAvailable:    1531924 kB
Buffers:           26272 kB
Cached:           187256 kB
MemTotal:        1844596 kB
MemFree:         1447132 kB
MemAvailable:    1530764 kB
Buffers:           26272 kB
Cached:           187256 kB
MemTotal:        1844596 kB
MemFree:         1447016 kB
MemAvailable:    1530648 kB
Buffers:           26272 kB
Cached:           187256 kB
MemTotal:        1844596 kB
MemFree:         1448240 kB
MemAvailable:    1531872 kB
Buffers:           26272 kB
Cached:           187256 kB
MemTotal:        1844596 kB
MemFree:         1448004 kB
MemAvailable:    1531640 kB
Buffers:           26272 kB
Cached:           187260 kB
MemTotal:        1844596 kB
MemFree:         1448004 kB
MemAvailable:    1531640 kB
Buffers:           26272 kB
Cached:           187260 kB
MemTotal:        1844596 kB
MemFree:         1448140 kB
MemAvailable:    1531776 kB
Buffers:           26272 kB
Cached:           187260 kB
MemTotal:        1844596 kB
MemFree:         1446968 kB
MemAvailable:    1530604 kB
Buffers:           26272 kB
Cached:           187260 kB
MemTotal:        1844596 kB
MemFree:         1446836 kB
MemAvailable:    1530480 kB
Buffers:           26272 kB
Cached:           187268 kB
MemTotal:        1844596 kB
MemFree:         1448304 kB
MemAvailable:    1531948 kB
Buffers:           26272 kB
Cached:           187268 kB
MemTotal:        1844596 kB
MemFree:         1447524 kB
MemAvailable:    1531168 kB
Buffers:           26272 kB
Cached:           187268 kB
MemTotal:        1844596 kB
MemFree:         1448116 kB
MemAvailable:    1531760 kB
Buffers:           26272 kB
Cached:           187268 kB
MemTotal:        1844596 kB
MemFree:         1448316 kB
MemAvailable:    1531960 kB
Buffers:           26272 kB
Cached:           187268 kB
MemTotal:        1844596 kB
MemFree:         1447012 kB
MemAvailable:    1530656 kB
Buffers:           26272 kB
Cached:           187268 kB
MemTotal:        1844596 kB
MemFree:         1447392 kB
MemAvailable:    1531036 kB
Buffers:           26272 kB
Cached:           187268 kB
MemTotal:        1844596 kB
MemFree:         1447984 kB
MemAvailable:    1531628 kB
Buffers:           26272 kB
Cached:           187268 kB
MemTotal:        1844596 kB
MemFree:         1448320 kB
MemAvailable:    1531964 kB
Buffers:           26272 kB
Cached:           187268 kB
MemTotal:        1844596 kB
MemFree:         1447084 kB
MemAvailable:    1530728 kB
Buffers:           26272 kB
Cached:           187268 kB
MemTotal:        1844596 kB
MemFree:         1448068 kB
MemAvailable:    1531796 kB
Buffers:           26276 kB
Cached:           187388 kB
MemTotal:        1844596 kB
MemFree:         1448324 kB
MemAvailable:    1532052 kB
Buffers:           26276 kB
Cached:           187388 kB
MemTotal:        1844596 kB
MemFree:         1447804 kB
MemAvailable:    1531700 kB
Buffers:           26276 kB
Cached:           187636 kB
MemTotal:        1844596 kB
MemFree:         1448140 kB
MemAvailable:    1532036 kB
Buffers:           26276 kB
Cached:           187636 kB
MemTotal:        1844596 kB
MemFree:         1447508 kB
MemAvailable:    1531656 kB
Buffers:           26276 kB
Cached:           187760 kB
MemTotal:        1844596 kB
MemFree:         1447760 kB
MemAvailable:    1531908 kB
Buffers:           26276 kB
Cached:           187760 kB
MemTotal:        1844596 kB
MemFree:         1447336 kB
MemAvailable:    1531568 kB
Buffers:           26276 kB
Cached:           187884 kB
MemTotal:        1844596 kB
MemFree:         1447336 kB
MemAvailable:    1531568 kB
Buffers:           26276 kB
Cached:           187884 kB
MemTotal:        1844596 kB
MemFree:         1447492 kB
MemAvailable:    1531724 kB
Buffers:           26276 kB
Cached:           187884 kB
MemTotal:        1844596 kB
MemFree:         1447376 kB
MemAvailable:    1531608 kB
Buffers:           26276 kB
Cached:           187884 kB
MemTotal:        1844596 kB
MemFree:         1446648 kB
MemAvailable:    1530912 kB
Buffers:           26276 kB
Cached:           187920 kB
MemTotal:        1844596 kB
MemFree:         1447772 kB
MemAvailable:    1532036 kB
Buffers:           26276 kB
Cached:           187920 kB
MemTotal:        1844596 kB
MemFree:         1447832 kB
MemAvailable:    1532096 kB
Buffers:           26276 kB
Cached:           187920 kB
MemTotal:        1844596 kB
MemFree:         1447632 kB
MemAvailable:    1531896 kB
Buffers:           26276 kB
Cached:           187920 kB
MemTotal:        1844596 kB
MemFree:         1447884 kB
MemAvailable:    1532148 kB
Buffers:           26276 kB
Cached:           187920 kB
MemTotal:        1844596 kB
MemFree:         1447872 kB
MemAvailable:    1531548 kB
Buffers:           26276 kB
Cached:           187288 kB
MemTotal:        1844596 kB
MemFree:         1504068 kB
MemAvailable:    1587744 kB
Buffers:           26276 kB
Cached:           187288 kB
