MemTotal:        1844596 kB
MemFree:         1478336 kB
MemAvailable:    1576812 kB
Buffers:           28416 kB
Cached:           199188 kB
MemTotal:        1844596 kB
MemFree:         1475120 kB
MemAvailable:    1573596 kB
Buffers:           28416 kB
Cached:           199188 kB
MemTotal:        1844596 kB
MemFree:         1473384 kB
MemAvailable:    1571860 kB
Buffers:           28416 kB
Cached:           199188 kB
MemTotal:        1844596 kB
MemFree:         1471648 kB
MemAvailable:    1570124 kB
Buffers:           28416 kB
Cached:           199188 kB
MemTotal:        1844596 kB
MemFree:         1472888 kB
MemAvailable:    1571364 kB
Buffers:           28416 kB
Cached:           199188 kB
MemTotal:        1844596 kB
MemFree:         1471212 kB
MemAvailable:    1569688 kB
Buffers:           28416 kB
Cached:           199188 kB
MemTotal:        1844596 kB
MemFree:         1468828 kB
MemAvailable:    1567304 kB
Buffers:           28416 kB
Cached:           199188 kB
MemTotal:        1844596 kB
MemFree:         1467152 kB
MemAvailable:    1565628 kB
Buffers:           28416 kB
Cached:           199188 kB
MemTotal:        1844596 kB
MemFree:         1462364 kB
MemAvailable:    1560840 kB
Buffers:           28416 kB
Cached:           199188 kB
MemTotal:        1844596 kB
MemFree:         1462076 kB
MemAvailable:    1560552 kB
Buffers:           28416 kB
Cached:           199188 kB
MemTotal:        1844596 kB
MemFree:         1461548 kB
MemAvailable:    1560024 kB
Buffers:           28416 kB
Cached:           199188 kB
MemTotal:        1844596 kB
MemFree:         1462832 kB
MemAvailable:    1561308 kB
Buffers:           28416 kB
Cached:           199188 kB
MemTotal:        1844596 kB
MemFree:         1462812 kB
MemAvailable:    1561288 kB
Buffers:           28416 kB
Cached:           199188 kB
MemTotal:        1844596 kB
MemFree:         1462604 kB
MemAvailable:    1561080 kB
Buffers:           28416 kB
Cached:           199188 kB
MemTotal:        1844596 kB
MemFree:         1462752 kB
MemAvailable:    1561228 kB
Buffers:           28416 kB
Cached:           199188 kB
MemTotal:        1844596 kB
MemFree:         1462432 kB
MemAvailable:    1560908 kB
Buffers:           28416 kB
Cached:           199188 kB
MemTotal:        1844596 kB
MemFree:         1462432 kB
MemAvailable:    1560908 kB
Buffers:           28416 kB
Cached:           199188 kB
MemTotal:        1844596 kB
MemFree:         1460388 kB
MemAvailable:    1558872 kB
Buffers:           28416 kB
Cached:           199192 kB
MemTotal:        1844596 kB
MemFree:         1460512 kB
MemAvailable:    1558996 kB
Buffers:           28416 kB
Cached:           199192 kB
MemTotal:        1844596 kB
MemFree:         1460512 kB
MemAvailable:    1558996 kB
Buffers:           28416 kB
Cached:           199192 kB
MemTotal:        1844596 kB
MemFree:         1459260 kB
MemAvailable:    1557744 kB
Buffers:           28416 kB
Cached:           199192 kB
MemTotal:        1844596 kB
MemFree:         1460388 kB
MemAvailable:    1558872 kB
Buffers:           28416 kB
Cached:           199192 kB
MemTotal:        1844596 kB
MemFree:         1460372 kB
MemAvailable:    1558856 kB
Buffers:           28416 kB
Cached:           199192 kB
MemTotal:        1844596 kB
MemFree:         1459644 kB
MemAvailable:    1558128 kB
Buffers:           28428 kB
Cached:           199180 kB
MemTotal:        1844596 kB
MemFree:         1459280 kB
MemAvailable:    1557776 kB
Buffers:           28428 kB
Cached:           199192 kB
MemTotal:        1844596 kB
MemFree:         1459280 kB
MemAvailable:    1557776 kB
Buffers:           28428 kB
Cached:           199192 kB
MemTotal:        1844596 kB
MemFree:         1459140 kB
MemAvailable:    1557636 kB
Buffers:           28428 kB
Cached:           199192 kB
MemTotal:        1844596 kB
MemFree:         1461672 kB
MemAvailable:    1560168 kB
Buffers:           28428 kB
Cached:           199192 kB
MemTotal:        1844596 kB
MemFree:         1461520 kB
MemAvailable:    1560016 kB
Buffers:           28428 kB
Cached:           199192 kB
MemTotal:        1844596 kB
MemFree:         1461140 kB
MemAvailable:    1559636 kB
Buffers:           28428 kB
Cached:           199192 kB
MemTotal:        1844596 kB
MemFree:         1459712 kB
MemAvailable:    1558208 kB
Buffers:           28428 kB
Cached:           199192 kB
MemTotal:        1844596 kB
MemFree:         1458040 kB
MemAvailable:    1556536 kB
Buffers:           28428 kB
Cached:           199192 kB
MemTotal:        1844596 kB
MemFree:         1457892 kB
MemAvailable:    1556388 kB
Buffers:           28428 kB
Cached:           199192 kB
MemTotal:        1844596 kB
MemFree:         1457892 kB
MemAvailable:    1556388 kB
Buffers:           28428 kB
Cached:           199192 kB
MemTotal:        1844596 kB
MemFree:         1457356 kB
MemAvailable:    1555852 kB
Buffers:           28428 kB
Cached:           199192 kB
MemTotal:        1844596 kB
MemFree:         1457164 kB
MemAvailable:    1555660 kB
Buffers:           28428 kB
Cached:           199192 kB
MemTotal:        1844596 kB
MemFree:         1456668 kB
MemAvailable:    1555164 kB
Buffers:           28428 kB
Cached:           199192 kB
MemTotal:        1844596 kB
MemFree:         1454932 kB
MemAvailable:    1553428 kB
Buffers:           28428 kB
Cached:           199192 kB
MemTotal:        1844596 kB
MemFree:         1456288 kB
MemAvailable:    1554784 kB
Buffers:           28428 kB
Cached:           199192 kB
MemTotal:        1844596 kB
MemFree:         1455016 kB
MemAvailable:    1553512 kB
Buffers:           28428 kB
Cached:           199192 kB
MemTotal:        1844596 kB
MemFree:         1456116 kB
MemAvailable:    1554612 kB
Buffers:           28428 kB
Cached:           199192 kB
MemTotal:        1844596 kB
MemFree:         1456116 kB
MemAvailable:    1554612 kB
Buffers:           28428 kB
Cached:           199192 kB
MemTotal:        1844596 kB
MemFree:         1454756 kB
MemAvailable:    1553252 kB
Buffers:           28428 kB
Cached:           199192 kB
MemTotal:        1844596 kB
MemFree:         1454808 kB
MemAvailable:    1553304 kB
Buffers:           28428 kB
Cached:           199192 kB
MemTotal:        1844596 kB
MemFree:         1455428 kB
MemAvailable:    1553924 kB
Buffers:           28428 kB
Cached:           199192 kB
MemTotal:        1844596 kB
MemFree:         1454196 kB
MemAvailable:    1552692 kB
Buffers:           28428 kB
Cached:           199192 kB
MemTotal:        1844596 kB
MemFree:         1455056 kB
MemAvailable:    1553552 kB
Buffers:           28428 kB
Cached:           199192 kB
MemTotal:        1844596 kB
MemFree:         1455256 kB
MemAvailable:    1553752 kB
Buffers:           28428 kB
Cached:           199192 kB
MemTotal:        1844596 kB
MemFree:         1455132 kB
MemAvailable:    1553628 kB
Buffers:           28428 kB
Cached:           199192 kB
MemTotal:        1844596 kB
MemFree:         1455132 kB
MemAvailable:    1553628 kB
Buffers:           28428 kB
Cached:           199192 kB
MemTotal:        1844596 kB
MemFree:         1455340 kB
MemAvailable:    1553836 kB
Buffers:           28428 kB
Cached:           199192 kB
MemTotal:        1844596 kB
MemFree:         1455196 kB
MemAvailable:    1553692 kB
Buffers:           28428 kB
Cached:           199192 kB
MemTotal:        1844596 kB
MemFree:         1455092 kB
MemAvailable:    1553588 kB
Buffers:           28428 kB
Cached:           199192 kB
MemTotal:        1844596 kB
MemFree:         1454940 kB
MemAvailable:    1553436 kB
Buffers:           28428 kB
Cached:           199192 kB
MemTotal:        1844596 kB
MemFree:         1455176 kB
MemAvailable:    1553672 kB
Buffers:           28428 kB
Cached:           199192 kB
MemTotal:        1844596 kB
MemFree:         1455292 kB
MemAvailable:    1553788 kB
Buffers:           28428 kB
Cached:           199192 kB
MemTotal:        1844596 kB
MemFree:         1453796 kB
MemAvailable:    1552292 kB
Buffers:           28428 kB
Cached:           199192 kB
MemTotal:        1844596 kB
MemFree:         1455028 kB
MemAvailable:    1553524 kB
Buffers:           28428 kB
Cached:           199192 kB
MemTotal:        1844596 kB
MemFree:         1454780 kB
MemAvailable:    1553276 kB
Buffers:           28428 kB
Cached:           199192 kB
MemTotal:        1844596 kB
MemFree:         1454080 kB
MemAvailable:    1552576 kB
Buffers:           28428 kB
Cached:           199192 kB
MemTotal:        1844596 kB
MemFree:         1453188 kB
MemAvailable:    1551684 kB
Buffers:           28428 kB
Cached:           199192 kB
MemTotal:        1844596 kB
MemFree:         1453188 kB
MemAvailable:    1551684 kB
Buffers:           28428 kB
Cached:           199192 kB
MemTotal:        1844596 kB
MemFree:         1453568 kB
MemAvailable:    1552064 kB
Buffers:           28428 kB
Cached:           199192 kB
MemTotal:        1844596 kB
MemFree:         1454504 kB
MemAvailable:    1553000 kB
Buffers:           28428 kB
Cached:           199192 kB
MemTotal:        1844596 kB
MemFree:         1452776 kB
MemAvailable:    1551272 kB
Buffers:           28428 kB
Cached:           199192 kB
MemTotal:        1844596 kB
MemFree:         1452940 kB
MemAvailable:    1551436 kB
Buffers:           28428 kB
Cached:           199192 kB
MemTotal:        1844596 kB
MemFree:         1453304 kB
MemAvailable:    1551800 kB
Buffers:           28428 kB
Cached:           199192 kB
MemTotal:        1844596 kB
MemFree:         1452932 kB
MemAvailable:    1551428 kB
Buffers:           28428 kB
Cached:           199192 kB
MemTotal:        1844596 kB
MemFree:         1454140 kB
MemAvailable:    1552636 kB
Buffers:           28428 kB
Cached:           199192 kB
MemTotal:        1844596 kB
MemFree:         1454392 kB
MemAvailable:    1552888 kB
Buffers:           28428 kB
Cached:           199192 kB
MemTotal:        1844596 kB
MemFree:         1454064 kB
MemAvailable:    1552560 kB
Buffers:           28428 kB
Cached:           199192 kB
MemTotal:        1844596 kB
MemFree:         1451832 kB
MemAvailable:    1550328 kB
Buffers:           28428 kB
Cached:           199192 kB
MemTotal:        1844596 kB
MemFree:         1451476 kB
MemAvailable:    1549972 kB
Buffers:           28428 kB
Cached:           199192 kB
MemTotal:        1844596 kB
MemFree:         1448552 kB
MemAvailable:    1547048 kB
Buffers:           28428 kB
Cached:           199192 kB
MemTotal:        1844596 kB
MemFree:         1445880 kB
MemAvailable:    1544376 kB
Buffers:           28428 kB
Cached:           199192 kB
MemTotal:        1844596 kB
MemFree:         1445764 kB
MemAvailable:    1544260 kB
Buffers:           28428 kB
Cached:           199192 kB
MemTotal:        1844596 kB
MemFree:         1446568 kB
MemAvailable:    1545064 kB
Buffers:           28428 kB
Cached:           199192 kB
MemTotal:        1844596 kB
MemFree:         1445144 kB
MemAvailable:    1543640 kB
Buffers:           28428 kB
Cached:           199192 kB
MemTotal:        1844596 kB
MemFree:         1446088 kB
MemAvailable:    1544588 kB
Buffers:           28428 kB
Cached:           199196 kB
MemTotal:        1844596 kB
MemFree:         1446344 kB
MemAvailable:    1544844 kB
Buffers:           28428 kB
Cached:           199196 kB
MemTotal:        1844596 kB
MemFree:         1446504 kB
MemAvailable:    1545004 kB
Buffers:           28428 kB
Cached:           199196 kB
MemTotal:        1844596 kB
MemFree:         1446276 kB
MemAvailable:    1544776 kB
Buffers:           28428 kB
Cached:           199196 kB
MemTotal:        1844596 kB
MemFree:         1446296 kB
MemAvailable:    1544796 kB
Buffers:           28428 kB
Cached:           199196 kB
MemTotal:        1844596 kB
MemFree:         1446468 kB
MemAvailable:    1544968 kB
Buffers:           28428 kB
Cached:           199196 kB
MemTotal:        1844596 kB
MemFree:         1446212 kB
MemAvailable:    1544712 kB
Buffers:           28428 kB
Cached:           199196 kB
MemTotal:        1844596 kB
MemFree:         1445000 kB
MemAvailable:    1543500 kB
Buffers:           28428 kB
Cached:           199196 kB
MemTotal:        1844596 kB
MemFree:         1446320 kB
MemAvailable:    1544820 kB
Buffers:           28428 kB
Cached:           199196 kB
MemTotal:        1844596 kB
MemFree:         1446120 kB
MemAvailable:    1544620 kB
Buffers:           28428 kB
Cached:           199196 kB
MemTotal:        1844596 kB
MemFree:         1446456 kB
MemAvailable:    1544956 kB
Buffers:           28428 kB
Cached:           199196 kB
MemTotal:        1844596 kB
MemFree:         1446072 kB
MemAvailable:    1544580 kB
Buffers:           28428 kB
Cached:           199204 kB
MemTotal:        1844596 kB
MemFree:         1444764 kB
MemAvailable:    1543272 kB
Buffers:           28428 kB
Cached:           199204 kB
MemTotal:        1844596 kB
MemFree:         1444524 kB
MemAvailable:    1543032 kB
Buffers:           28428 kB
Cached:           199204 kB
MemTotal:        1844596 kB
MemFree:         1444028 kB
MemAvailable:    1542536 kB
Buffers:           28428 kB
Cached:           199204 kB
MemTotal:        1844596 kB
MemFree:         1444632 kB
MemAvailable:    1543140 kB
Buffers:           28428 kB
Cached:           199204 kB
MemTotal:        1844596 kB
MemFree:         1444152 kB
MemAvailable:    1542660 kB
Buffers:           28428 kB
Cached:           199204 kB
MemTotal:        1844596 kB
MemFree:         1444468 kB
MemAvailable:    1542976 kB
Buffers:           28428 kB
Cached:           199204 kB
MemTotal:        1844596 kB
MemFree:         1443220 kB
MemAvailable:    1541728 kB
Buffers:           28428 kB
Cached:           199204 kB
MemTotal:        1844596 kB
MemFree:         1442416 kB
MemAvailable:    1540924 kB
Buffers:           28428 kB
Cached:           199204 kB
MemTotal:        1844596 kB
MemFree:         1443716 kB
MemAvailable:    1542224 kB
Buffers:           28428 kB
Cached:           199204 kB
MemTotal:        1844596 kB
MemFree:         1443608 kB
MemAvailable:    1542116 kB
Buffers:           28428 kB
Cached:           199204 kB
MemTotal:        1844596 kB
MemFree:         1441532 kB
MemAvailable:    1540040 kB
Buffers:           28428 kB
Cached:           199204 kB
MemTotal:        1844596 kB
MemFree:         1442600 kB
MemAvailable:    1541108 kB
Buffers:           28428 kB
Cached:           199204 kB
MemTotal:        1844596 kB
MemFree:         1442300 kB
MemAvailable:    1540808 kB
Buffers:           28428 kB
Cached:           199204 kB
MemTotal:        1844596 kB
MemFree:         1441368 kB
MemAvailable:    1539876 kB
Buffers:           28428 kB
Cached:           199204 kB
MemTotal:        1844596 kB
MemFree:         1442800 kB
MemAvailable:    1541308 kB
Buffers:           28428 kB
Cached:           199204 kB
MemTotal:        1844596 kB
MemFree:         1441244 kB
MemAvailable:    1539752 kB
Buffers:           28428 kB
Cached:           199204 kB
MemTotal:        1844596 kB
MemFree:         1441236 kB
MemAvailable:    1539744 kB
Buffers:           28428 kB
Cached:           199204 kB
MemTotal:        1844596 kB
MemFree:         1441236 kB
MemAvailable:    1539744 kB
Buffers:           28428 kB
Cached:           199204 kB
MemTotal:        1844596 kB
MemFree:         1442344 kB
MemAvailable:    1540852 kB
Buffers:           28428 kB
Cached:           199204 kB
MemTotal:        1844596 kB
MemFree:         1442292 kB
MemAvailable:    1540800 kB
Buffers:           28428 kB
Cached:           199204 kB
MemTotal:        1844596 kB
MemFree:         1442464 kB
MemAvailable:    1540972 kB
Buffers:           28428 kB
Cached:           199204 kB
MemTotal:        1844596 kB
MemFree:         1442416 kB
MemAvailable:    1540924 kB
Buffers:           28428 kB
Cached:           199204 kB
MemTotal:        1844596 kB
MemFree:         1442580 kB
MemAvailable:    1541088 kB
Buffers:           28428 kB
Cached:           199204 kB
MemTotal:        1844596 kB
MemFree:         1441772 kB
MemAvailable:    1540280 kB
Buffers:           28428 kB
Cached:           199204 kB
MemTotal:        1844596 kB
MemFree:         1440928 kB
MemAvailable:    1539436 kB
Buffers:           28428 kB
Cached:           199204 kB
MemTotal:        1844596 kB
MemFree:         1441676 kB
MemAvailable:    1540184 kB
Buffers:           28428 kB
Cached:           199204 kB
MemTotal:        1844596 kB
MemFree:         1433364 kB
MemAvailable:    1531872 kB
Buffers:           28428 kB
Cached:           199204 kB
MemTotal:        1844596 kB
MemFree:         1433356 kB
MemAvailable:    1531864 kB
Buffers:           28428 kB
Cached:           199204 kB
MemTotal:        1844596 kB
MemFree:         1434536 kB
MemAvailable:    1533044 kB
Buffers:           28428 kB
Cached:           199204 kB
MemTotal:        1844596 kB
MemFree:         1434276 kB
MemAvailable:    1532784 kB
Buffers:           28428 kB
Cached:           199204 kB
MemTotal:        1844596 kB
MemFree:         1433364 kB
MemAvailable:    1531748 kB
Buffers:           28428 kB
Cached:           199204 kB
MemTotal:        1844596 kB
MemFree:         1433108 kB
MemAvailable:    1531616 kB
Buffers:           28428 kB
Cached:           199204 kB
MemTotal:        1844596 kB
MemFree:         1433232 kB
MemAvailable:    1531740 kB
Buffers:           28428 kB
Cached:           199204 kB
MemTotal:        1844596 kB
MemFree:         1435720 kB
MemAvailable:    1534228 kB
Buffers:           28428 kB
Cached:           199204 kB
MemTotal:        1844596 kB
MemFree:         1432728 kB
MemAvailable:    1531236 kB
Buffers:           28428 kB
Cached:           199204 kB
MemTotal:        1844596 kB
MemFree:         1432124 kB
MemAvailable:    1530632 kB
Buffers:           28428 kB
Cached:           199204 kB
MemTotal:        1844596 kB
MemFree:         1432792 kB
MemAvailable:    1531300 kB
Buffers:           28428 kB
Cached:           199204 kB
MemTotal:        1844596 kB
MemFree:         1431484 kB
MemAvailable:    1529992 kB
Buffers:           28428 kB
Cached:           199204 kB
MemTotal:        1844596 kB
MemFree:         1431352 kB
MemAvailable:    1529860 kB
Buffers:           28428 kB
Cached:           199204 kB
MemTotal:        1844596 kB
MemFree:         1431560 kB
MemAvailable:    1530068 kB
Buffers:           28428 kB
Cached:           199204 kB
MemTotal:        1844596 kB
MemFree:         1431312 kB
MemAvailable:    1529820 kB
Buffers:           28428 kB
Cached:           199204 kB
MemTotal:        1844596 kB
MemFree:         1432612 kB
MemAvailable:    1531120 kB
Buffers:           28428 kB
Cached:           199204 kB
MemTotal:        1844596 kB
MemFree:         1431348 kB
MemAvailable:    1529856 kB
Buffers:           28428 kB
Cached:           199204 kB
MemTotal:        1844596 kB
MemFree:         1432548 kB
MemAvailable:    1531056 kB
Buffers:           28428 kB
Cached:           199204 kB
MemTotal:        1844596 kB
MemFree:         1432696 kB
MemAvailable:    1531204 kB
Buffers:           28428 kB
Cached:           199204 kB
MemTotal:        1844596 kB
MemFree:         1432724 kB
MemAvailable:    1531232 kB
Buffers:           28428 kB
Cached:           199204 kB
MemTotal:        1844596 kB
MemFree:         1431208 kB
MemAvailable:    1529716 kB
Buffers:           28428 kB
Cached:           199204 kB
MemTotal:        1844596 kB
MemFree:         1432616 kB
MemAvailable:    1531124 kB
Buffers:           28428 kB
Cached:           199204 kB
MemTotal:        1844596 kB
MemFree:         1432744 kB
MemAvailable:    1531252 kB
Buffers:           28428 kB
Cached:           199204 kB
MemTotal:        1844596 kB
MemFree:         1431380 kB
MemAvailable:    1529888 kB
Buffers:           28428 kB
Cached:           199204 kB
MemTotal:        1844596 kB
MemFree:         1432620 kB
MemAvailable:    1531128 kB
Buffers:           28428 kB
Cached:           199204 kB
MemTotal:        1844596 kB
MemFree:         1432372 kB
MemAvailable:    1530880 kB
Buffers:           28428 kB
Cached:           199204 kB
MemTotal:        1844596 kB
MemFree:         1431380 kB
MemAvailable:    1529888 kB
Buffers:           28428 kB
Cached:           199204 kB
MemTotal:        1844596 kB
MemFree:         1432580 kB
MemAvailable:    1531088 kB
Buffers:           28428 kB
Cached:           199204 kB
MemTotal:        1844596 kB
MemFree:         1431456 kB
MemAvailable:    1529964 kB
Buffers:           28428 kB
Cached:           199204 kB
MemTotal:        1844596 kB
MemFree:         1431200 kB
MemAvailable:    1529708 kB
Buffers:           28428 kB
Cached:           199204 kB
MemTotal:        1844596 kB
MemFree:         1431320 kB
MemAvailable:    1529828 kB
Buffers:           28428 kB
Cached:           199204 kB
MemTotal:        1844596 kB
MemFree:         1431124 kB
MemAvailable:    1529632 kB
Buffers:           28428 kB
Cached:           199204 kB
MemTotal:        1844596 kB
MemFree:         1432548 kB
MemAvailable:    1531056 kB
Buffers:           28428 kB
Cached:           199204 kB
MemTotal:        1844596 kB
MemFree:         1431332 kB
MemAvailable:    1529840 kB
Buffers:           28428 kB
Cached:           199204 kB
MemTotal:        1844596 kB
MemFree:         1432664 kB
MemAvailable:    1531172 kB
Buffers:           28428 kB
Cached:           199204 kB
MemTotal:        1844596 kB
MemFree:         1432720 kB
MemAvailable:    1531228 kB
Buffers:           28428 kB
Cached:           199204 kB
MemTotal:        1844596 kB
MemFree:         1432592 kB
MemAvailable:    1531100 kB
Buffers:           28428 kB
Cached:           199204 kB
MemTotal:        1844596 kB
MemFree:         1432256 kB
MemAvailable:    1530764 kB
Buffers:           28428 kB
Cached:           199204 kB
MemTotal:        1844596 kB
MemFree:         1432364 kB
MemAvailable:    1530876 kB
Buffers:           28428 kB
Cached:           199208 kB
MemTotal:        1844596 kB
MemFree:         1432440 kB
MemAvailable:    1530952 kB
Buffers:           28428 kB
Cached:           199208 kB
MemTotal:        1844596 kB
MemFree:         1431884 kB
MemAvailable:    1530396 kB
Buffers:           28428 kB
Cached:           199208 kB
MemTotal:        1844596 kB
MemFree:         1432100 kB
MemAvailable:    1530816 kB
Buffers:           28428 kB
Cached:           199492 kB
MemTotal:        1844596 kB
MemFree:         1432100 kB
MemAvailable:    1530816 kB
Buffers:           28428 kB
Cached:           199492 kB
MemTotal:        1844596 kB
MemFree:         1432068 kB
MemAvailable:    1530868 kB
Buffers:           28428 kB
Cached:           199616 kB
MemTotal:        1844596 kB
MemFree:         1432192 kB
MemAvailable:    1531160 kB
Buffers:           28428 kB
Cached:           199740 kB
MemTotal:        1844596 kB
MemFree:         1432120 kB
MemAvailable:    1531172 kB
Buffers:           28428 kB
Cached:           199864 kB
MemTotal:        1844596 kB
MemFree:         1431920 kB
MemAvailable:    1530972 kB
Buffers:           28428 kB
Cached:           199864 kB
MemTotal:        1844596 kB
MemFree:         1432256 kB
MemAvailable:    1531308 kB
Buffers:           28428 kB
Cached:           199864 kB
MemTotal:        1844596 kB
MemFree:         1431788 kB
MemAvailable:    1530924 kB
Buffers:           28428 kB
Cached:           199864 kB
MemTotal:        1844596 kB
MemFree:         1431788 kB
MemAvailable:    1530924 kB
Buffers:           28428 kB
Cached:           199864 kB
MemTotal:        1844596 kB
MemFree:         1431564 kB
MemAvailable:    1530700 kB
Buffers:           28428 kB
Cached:           199864 kB
MemTotal:        1844596 kB
MemFree:         1431820 kB
MemAvailable:    1530956 kB
Buffers:           28428 kB
Cached:           199864 kB
MemTotal:        1844596 kB
MemFree:         1431876 kB
MemAvailable:    1531012 kB
Buffers:           28428 kB
Cached:           199864 kB
MemTotal:        1844596 kB
MemFree:         1431664 kB
MemAvailable:    1530884 kB
Buffers:           28428 kB
Cached:           199864 kB
MemTotal:        1844596 kB
MemFree:         1432352 kB
MemAvailable:    1530900 kB
Buffers:           28428 kB
Cached:           199192 kB
MemTotal:        1844596 kB
MemFree:         1492320 kB
MemAvailable:    1590868 kB
Buffers:           28428 kB
Cached:           199192 kB
