MemTotal:        1844596 kB
MemFree:         1424988 kB
MemAvailable:    1567368 kB
Buffers:           34652 kB
Cached:           239136 kB
MemTotal:        1844596 kB
MemFree:         1423748 kB
MemAvailable:    1566128 kB
Buffers:           34652 kB
Cached:           239136 kB
MemTotal:        1844596 kB
MemFree:         1423012 kB
MemAvailable:    1565392 kB
Buffers:           34652 kB
Cached:           239136 kB
MemTotal:        1844596 kB
MemFree:         1421376 kB
MemAvailable:    1563756 kB
Buffers:           34652 kB
Cached:           239136 kB
MemTotal:        1844596 kB
MemFree:         1420016 kB
MemAvailable:    1562396 kB
Buffers:           34652 kB
Cached:           239136 kB
MemTotal:        1844596 kB
MemFree:         1421332 kB
MemAvailable:    1563712 kB
Buffers:           34652 kB
Cached:           239136 kB
MemTotal:        1844596 kB
MemFree:         1421332 kB
MemAvailable:    1563712 kB
Buffers:           34652 kB
Cached:           239136 kB
MemTotal:        1844596 kB
MemFree:         1418176 kB
MemAvailable:    1560556 kB
Buffers:           34652 kB
Cached:           239136 kB
MemTotal:        1844596 kB
MemFree:         1415376 kB
MemAvailable:    1557756 kB
Buffers:           34652 kB
Cached:           239136 kB
MemTotal:        1844596 kB
MemFree:         1412100 kB
MemAvailable:    1554480 kB
Buffers:           34652 kB
Cached:           239136 kB
MemTotal:        1844596 kB
MemFree:         1410328 kB
MemAvailable:    1552708 kB
Buffers:           34652 kB
Cached:           239136 kB
MemTotal:        1844596 kB
MemFree:         1411632 kB
MemAvailable:    1553888 kB
Buffers:           34652 kB
Cached:           239136 kB
MemTotal:        1844596 kB
MemFree:         1410232 kB
MemAvailable:    1552612 kB
Buffers:           34652 kB
Cached:           239136 kB
MemTotal:        1844596 kB
MemFree:         1411728 kB
MemAvailable:    1554108 kB
Buffers:           34652 kB
Cached:           239136 kB
MemTotal:        1844596 kB
MemFree:         1411332 kB
MemAvailable:    1553712 kB
Buffers:           34652 kB
Cached:           239136 kB
MemTotal:        1844596 kB
MemFree:         1411668 kB
MemAvailable:    1554048 kB
Buffers:           34652 kB
Cached:           239136 kB
MemTotal:        1844596 kB
MemFree:         1410216 kB
MemAvailable:    1552604 kB
Buffers:           34652 kB
Cached:           239140 kB
MemTotal:        1844596 kB
MemFree:         1410216 kB
MemAvailable:    1552604 kB
Buffers:           34652 kB
Cached:           239140 kB
MemTotal:        1844596 kB
MemFree:         1409232 kB
MemAvailable:    1551620 kB
Buffers:           34652 kB
Cached:           239140 kB
MemTotal:        1844596 kB
MemFree:         1407828 kB
MemAvailable:    1550216 kB
Buffers:           34652 kB
Cached:           239140 kB
MemTotal:        1844596 kB
MemFree:         1409288 kB
MemAvailable:    1551676 kB
Buffers:           34652 kB
Cached:           239140 kB
MemTotal:        1844596 kB
MemFree:         1409056 kB
MemAvailable:    1551444 kB
Buffers:           34652 kB
Cached:           239140 kB
MemTotal:        1844596 kB
MemFree:         1409312 kB
MemAvailable:    1551700 kB
Buffers:           34652 kB
Cached:           239140 kB
MemTotal:        1844596 kB
MemFree:         1407816 kB
MemAvailable:    1550204 kB
Buffers:           34652 kB
Cached:           239140 kB
MemTotal:        1844596 kB
MemFree:         1409284 kB
MemAvailable:    1551672 kB
Buffers:           34652 kB
Cached:           239140 kB
MemTotal:        1844596 kB
MemFree:         1409236 kB
MemAvailable:    1551624 kB
Buffers:           34652 kB
Cached:           239140 kB
MemTotal:        1844596 kB
MemFree:         1410348 kB
MemAvailable:    1552736 kB
Buffers:           34652 kB
Cached:           239140 kB
MemTotal:        1844596 kB
MemFree:         1410348 kB
MemAvailable:    1552736 kB
Buffers:           34652 kB
Cached:           239140 kB
MemTotal:        1844596 kB
MemFree:         1409316 kB
MemAvailable:    1551704 kB
Buffers:           34652 kB
Cached:           239140 kB
MemTotal:        1844596 kB
MemFree:         1409064 kB
MemAvailable:    1551452 kB
Buffers:           34652 kB
Cached:           239140 kB
MemTotal:        1844596 kB
MemFree:         1406964 kB
MemAvailable:    1549352 kB
Buffers:           34652 kB
Cached:           239140 kB
MemTotal:        1844596 kB
MemFree:         1406892 kB
MemAvailable:    1549280 kB
Buffers:           34652 kB
Cached:           239140 kB
MemTotal:        1844596 kB
MemFree:         1405652 kB
MemAvailable:    1548040 kB
Buffers:           34652 kB
Cached:           239140 kB
MemTotal:        1844596 kB
MemFree:         1406140 kB
MemAvailable:    1548528 kB
Buffers:           34652 kB
Cached:           239140 kB
MemTotal:        1844596 kB
MemFree:         1405536 kB
MemAvailable:    1547924 kB
Buffers:           34652 kB
Cached:           239140 kB
MemTotal:        1844596 kB
MemFree:         1405396 kB
MemAvailable:    1547784 kB
Buffers:           34652 kB
Cached:           239140 kB
MemTotal:        1844596 kB
MemFree:         1404792 kB
MemAvailable:    1547180 kB
Buffers:           34652 kB
Cached:           239140 kB
MemTotal:        1844596 kB
MemFree:         1403860 kB
MemAvailable:    1546248 kB
Buffers:           34652 kB
Cached:           239140 kB
MemTotal:        1844596 kB
MemFree:         1404968 kB
MemAvailable:    1547356 kB
Buffers:           34652 kB
Cached:           239140 kB
MemTotal:        1844596 kB
MemFree:         1404968 kB
MemAvailable:    1547356 kB
Buffers:           34652 kB
Cached:           239140 kB
MemTotal:        1844596 kB
MemFree:         1404880 kB
MemAvailable:    1547268 kB
Buffers:           34652 kB
Cached:           239140 kB
MemTotal:        1844596 kB
MemFree:         1404908 kB
MemAvailable:    1547296 kB
Buffers:           34652 kB
Cached:           239140 kB
MemTotal:        1844596 kB
MemFree:         1405216 kB
MemAvailable:    1547604 kB
Buffers:           34652 kB
Cached:           239140 kB
MemTotal:        1844596 kB
MemFree:         1404912 kB
MemAvailable:    1547300 kB
Buffers:           34652 kB
Cached:           239140 kB
MemTotal:        1844596 kB
MemFree:         1404032 kB
MemAvailable:    1546420 kB
Buffers:           34652 kB
Cached:           239140 kB
MemTotal:        1844596 kB
MemFree:         1404280 kB
MemAvailable:    1546668 kB
Buffers:           34652 kB
Cached:           239140 kB
MemTotal:        1844596 kB
MemFree:         1404536 kB
MemAvailable:    1546924 kB
Buffers:           34652 kB
Cached:           239140 kB
MemTotal:        1844596 kB
MemFree:         1404092 kB
MemAvailable:    1546480 kB
Buffers:           34652 kB
Cached:           239140 kB
MemTotal:        1844596 kB
MemFree:         1402924 kB
MemAvailable:    1545312 kB
Buffers:           34652 kB
Cached:           239140 kB
MemTotal:        1844596 kB
MemFree:         1403944 kB
MemAvailable:    1546332 kB
Buffers:           34652 kB
Cached:           239140 kB
MemTotal:        1844596 kB
MemFree:         1404116 kB
MemAvailable:    1546504 kB
Buffers:           34652 kB
Cached:           239140 kB
MemTotal:        1844596 kB
MemFree:         1402780 kB
MemAvailable:    1545168 kB
Buffers:           34652 kB
Cached:           239140 kB
MemTotal:        1844596 kB
MemFree:         1402904 kB
MemAvailable:    1545292 kB
Buffers:           34652 kB
Cached:           239140 kB
MemTotal:        1844596 kB
MemFree:         1404012 kB
MemAvailable:    1546400 kB
Buffers:           34652 kB
Cached:           239140 kB
MemTotal:        1844596 kB
MemFree:         1404264 kB
MemAvailable:    1546652 kB
Buffers:           34652 kB
Cached:           239140 kB
MemTotal:        1844596 kB
MemFree:         1403960 kB
MemAvailable:    1546348 kB
Buffers:           34652 kB
Cached:           239140 kB
MemTotal:        1844596 kB
MemFree:         1403852 kB
MemAvailable:    1546240 kB
Buffers:           34652 kB
Cached:           239140 kB
MemTotal:        1844596 kB
MemFree:         1402420 kB
MemAvailable:    1544808 kB
Buffers:           34652 kB
Cached:           239140 kB
MemTotal:        1844596 kB
MemFree:         1402412 kB
MemAvailable:    1544800 kB
Buffers:           34652 kB
Cached:           239140 kB
MemTotal:        1844596 kB
MemFree:         1402288 kB
MemAvailable:    1544676 kB
Buffers:           34652 kB
Cached:           239140 kB
MemTotal:        1844596 kB
MemFree:         1402056 kB
MemAvailable:    1544444 kB
Buffers:           34652 kB
Cached:           239140 kB
MemTotal:        1844596 kB
MemFree:         1402180 kB
MemAvailable:    1544568 kB
Buffers:           34652 kB
Cached:           239140 kB
MemTotal:        1844596 kB
MemFree:         1403164 kB
MemAvailable:    1545552 kB
Buffers:           34652 kB
Cached:           239140 kB
MemTotal:        1844596 kB
MemFree:         1401752 kB
MemAvailable:    1544140 kB
Buffers:           34652 kB
Cached:           239140 kB
MemTotal:        1844596 kB
MemFree:         1401744 kB
MemAvailable:    1544132 kB
Buffers:           34652 kB
Cached:           239140 kB
MemTotal:        1844596 kB
MemFree:         1402124 kB
MemAvailable:    1544512 kB
Buffers:           34652 kB
Cached:           239140 kB
MemTotal:        1844596 kB
MemFree:         1403176 kB
MemAvailable:    1545564 kB
Buffers:           34652 kB
Cached:           239140 kB
MemTotal:        1844596 kB
MemFree:         1401932 kB
MemAvailable:    1544320 kB
Buffers:           34652 kB
Cached:           239140 kB
MemTotal:        1844596 kB
MemFree:         1402908 kB
MemAvailable:    1545296 kB
Buffers:           34652 kB
Cached:           239140 kB
MemTotal:        1844596 kB
MemFree:         1403160 kB
MemAvailable:    1545548 kB
Buffers:           34652 kB
Cached:           239140 kB
MemTotal:        1844596 kB
MemFree:         1401932 kB
MemAvailable:    1544320 kB
Buffers:           34652 kB
Cached:           239140 kB
MemTotal:        1844596 kB
MemFree:         1400072 kB
MemAvailable:    1542460 kB
Buffers:           34652 kB
Cached:           239140 kB
MemTotal:        1844596 kB
MemFree:         1397964 kB
MemAvailable:    1540352 kB
Buffers:           34652 kB
Cached:           239140 kB
MemTotal:        1844596 kB
MemFree:         1395608 kB
MemAvailable:    1537996 kB
Buffers:           34652 kB
Cached:           239140 kB
MemTotal:        1844596 kB
MemFree:         1394360 kB
MemAvailable:    1536748 kB
Buffers:           34652 kB
Cached:           239140 kB
MemTotal:        1844596 kB
MemFree:         1394104 kB
MemAvailable:    1536492 kB
Buffers:           34652 kB
Cached:           239140 kB
MemTotal:        1844596 kB
MemFree:         1393948 kB
MemAvailable:    1536336 kB
Buffers:           34652 kB
Cached:           239140 kB
MemTotal:        1844596 kB
MemFree:         1393860 kB
MemAvailable:    1536248 kB
Buffers:           34652 kB
Cached:           239140 kB
MemTotal:        1844596 kB
MemFree:         1395052 kB
MemAvailable:    1537440 kB
Buffers:           34652 kB
Cached:           239140 kB
MemTotal:        1844596 kB
MemFree:         1393848 kB
MemAvailable:    1536236 kB
Buffers:           34652 kB
Cached:           239140 kB
MemTotal:        1844596 kB
MemFree:         1395040 kB
MemAvailable:    1537428 kB
Buffers:           34652 kB
Cached:           239140 kB
MemTotal:        1844596 kB
MemFree:         1394996 kB
MemAvailable:    1537384 kB
Buffers:           34652 kB
Cached:           239140 kB
MemTotal:        1844596 kB
MemFree:         1393816 kB
MemAvailable:    1536204 kB
Buffers:           34652 kB
Cached:           239140 kB
MemTotal:        1844596 kB
MemFree:         1394064 kB
MemAvailable:    1536452 kB
Buffers:           34652 kB
Cached:           239140 kB
MemTotal:        1844596 kB
MemFree:         1393852 kB
MemAvailable:    1536240 kB
Buffers:           34652 kB
Cached:           239140 kB
MemTotal:        1844596 kB
MemFree:         1393852 kB
MemAvailable:    1536240 kB
Buffers:           34652 kB
Cached:           239140 kB
MemTotal:        1844596 kB
MemFree:         1393852 kB
MemAvailable:    1536240 kB
Buffers:           34652 kB
Cached:           239140 kB
MemTotal:        1844596 kB
MemFree:         1393824 kB
MemAvailable:    1536220 kB
Buffers:           34652 kB
Cached:           239148 kB
MemTotal:        1844596 kB
MemFree:         1394188 kB
MemAvailable:    1536584 kB
Buffers:           34652 kB
Cached:           239148 kB
MemTotal:        1844596 kB
MemFree:         1393368 kB
MemAvailable:    1535764 kB
Buffers:           34652 kB
Cached:           239148 kB
MemTotal:        1844596 kB
MemFree:         1393120 kB
MemAvailable:    1535516 kB
Buffers:           34652 kB
Cached:           239148 kB
MemTotal:        1844596 kB
MemFree:         1393740 kB
MemAvailable:    1536136 kB
Buffers:           34652 kB
Cached:           239148 kB
MemTotal:        1844596 kB
MemFree:         1392368 kB
MemAvailable:    1534764 kB
Buffers:           34652 kB
Cached:           239148 kB
MemTotal:        1844596 kB
MemFree:         1393476 kB
MemAvailable:    1535872 kB
Buffers:           34652 kB
Cached:           239148 kB
MemTotal:        1844596 kB
MemFree:         1393468 kB
MemAvailable:    1535864 kB
Buffers:           34652 kB
Cached:           239148 kB
MemTotal:        1844596 kB
MemFree:         1391012 kB
MemAvailable:    1533408 kB
Buffers:           34652 kB
Cached:           239148 kB
MemTotal:        1844596 kB
MemFree:         1391012 kB
MemAvailable:    1533408 kB
Buffers:           34652 kB
Cached:           239148 kB
MemTotal:        1844596 kB
MemFree:         1391500 kB
MemAvailable:    1533896 kB
Buffers:           34652 kB
Cached:           239148 kB
MemTotal:        1844596 kB
MemFree:         1391020 kB
MemAvailable:    1533416 kB
Buffers:           34652 kB
Cached:           239148 kB
MemTotal:        1844596 kB
MemFree:         1391520 kB
MemAvailable:    1533916 kB
Buffers:           34652 kB
Cached:           239148 kB
MemTotal:        1844596 kB
MemFree:         1390344 kB
MemAvailable:    1532740 kB
Buffers:           34652 kB
Cached:           239148 kB
MemTotal:        1844596 kB
MemFree:         1390344 kB
MemAvailable:    1532740 kB
Buffers:           34652 kB
Cached:           239148 kB
MemTotal:        1844596 kB
MemFree:         1390468 kB
MemAvailable:    1532864 kB
Buffers:           34652 kB
Cached:           239148 kB
MemTotal:        1844596 kB
MemFree:         1390592 kB
MemAvailable:    1532988 kB
Buffers:           34652 kB
Cached:           239148 kB
MemTotal:        1844596 kB
MemFree:         1390212 kB
MemAvailable:    1532608 kB
Buffers:           34652 kB
Cached:           239148 kB
MemTotal:        1844596 kB
MemFree:         1391056 kB
MemAvailable:    1533452 kB
Buffers:           34652 kB
Cached:           239148 kB
MemTotal:        1844596 kB
MemFree:         1391392 kB
MemAvailable:    1533788 kB
Buffers:           34652 kB
Cached:           239148 kB
MemTotal:        1844596 kB
MemFree:         1390508 kB
MemAvailable:    1532904 kB
Buffers:           34652 kB
Cached:           239148 kB
MemTotal:        1844596 kB
MemFree:         1389904 kB
MemAvailable:    1532300 kB
Buffers:           34652 kB
Cached:           239148 kB
MemTotal:        1844596 kB
MemFree:         1390512 kB
MemAvailable:    1532908 kB
Buffers:           34652 kB
Cached:           239148 kB
MemTotal:        1844596 kB
MemFree:         1386864 kB
MemAvailable:    1529260 kB
Buffers:           34652 kB
Cached:           239148 kB
MemTotal:        1844596 kB
MemFree:         1383456 kB
MemAvailable:    1525852 kB
Buffers:           34652 kB
Cached:           239148 kB
MemTotal:        1844596 kB
MemFree:         1383144 kB
MemAvailable:    1525540 kB
Buffers:           34652 kB
Cached:           239148 kB
MemTotal:        1844596 kB
MemFree:         1383396 kB
MemAvailable:    1525792 kB
Buffers:           34652 kB
Cached:           239148 kB
MemTotal:        1844596 kB
MemFree:         1383212 kB
MemAvailable:    1525608 kB
Buffers:           34652 kB
Cached:           239148 kB
MemTotal:        1844596 kB
MemFree:         1383212 kB
MemAvailable:    1525608 kB
Buffers:           34652 kB
Cached:           239148 kB
MemTotal:        1844596 kB
MemFree:         1382036 kB
MemAvailable:    1524432 kB
Buffers:           34652 kB
Cached:           239148 kB
MemTotal:        1844596 kB
MemFree:         1383952 kB
MemAvailable:    1526348 kB
Buffers:           34652 kB
Cached:           239148 kB
MemTotal:        1844596 kB
MemFree:         1380596 kB
MemAvailable:    1522992 kB
Buffers:           34652 kB
Cached:           239148 kB
MemTotal:        1844596 kB
MemFree:         1380472 kB
MemAvailable:    1522868 kB
Buffers:           34652 kB
Cached:           239148 kB
MemTotal:        1844596 kB
MemFree:         1381908 kB
MemAvailable:    1524304 kB
Buffers:           34652 kB
Cached:           239148 kB
MemTotal:        1844596 kB
MemFree:         1381908 kB
MemAvailable:    1524304 kB
Buffers:           34652 kB
Cached:           239148 kB
MemTotal:        1844596 kB
MemFree:         1381348 kB
MemAvailable:    1523744 kB
Buffers:           34652 kB
Cached:           239148 kB
MemTotal:        1844596 kB
MemFree:         1380108 kB
MemAvailable:    1522504 kB
Buffers:           34652 kB
Cached:           239148 kB
MemTotal:        1844596 kB
MemFree:         1381020 kB
MemAvailable:    1523420 kB
Buffers:           34652 kB
Cached:           239152 kB
MemTotal:        1844596 kB
MemFree:         1379736 kB
MemAvailable:    1522136 kB
Buffers:           34652 kB
Cached:           239152 kB
MemTotal:        1844596 kB
MemFree:         1380564 kB
MemAvailable:    1522964 kB
Buffers:           34652 kB
Cached:           239152 kB
MemTotal:        1844596 kB
MemFree:         1379488 kB
MemAvailable:    1521888 kB
Buffers:           34652 kB
Cached:           239152 kB
MemTotal:        1844596 kB
MemFree:         1380288 kB
MemAvailable:    1522688 kB
Buffers:           34652 kB
Cached:           239152 kB
MemTotal:        1844596 kB
MemFree:         1380288 kB
MemAvailable:    1522688 kB
Buffers:           34652 kB
Cached:           239152 kB
MemTotal:        1844596 kB
MemFree:         1380528 kB
MemAvailable:    1522928 kB
Buffers:           34652 kB
Cached:           239152 kB
MemTotal:        1844596 kB
MemFree:         1379180 kB
MemAvailable:    1521580 kB
Buffers:           34652 kB
Cached:           239152 kB
MemTotal:        1844596 kB
MemFree:         1380468 kB
MemAvailable:    1522868 kB
Buffers:           34652 kB
Cached:           239152 kB
MemTotal:        1844596 kB
MemFree:         1379736 kB
MemAvailable:    1522136 kB
Buffers:           34652 kB
Cached:           239152 kB
MemTotal:        1844596 kB
MemFree:         1380336 kB
MemAvailable:    1522736 kB
Buffers:           34652 kB
Cached:           239152 kB
MemTotal:        1844596 kB
MemFree:         1380592 kB
MemAvailable:    1522992 kB
Buffers:           34652 kB
Cached:           239152 kB
MemTotal:        1844596 kB
MemFree:         1379172 kB
MemAvailable:    1521572 kB
Buffers:           34652 kB
Cached:           239152 kB
MemTotal:        1844596 kB
MemFree:         1379364 kB
MemAvailable:    1521764 kB
Buffers:           34652 kB
Cached:           239152 kB
MemTotal:        1844596 kB
MemFree:         1379440 kB
MemAvailable:    1521840 kB
Buffers:           34652 kB
Cached:           239152 kB
MemTotal:        1844596 kB
MemFree:         1380516 kB
MemAvailable:    1522916 kB
Buffers:           34652 kB
Cached:           239152 kB
MemTotal:        1844596 kB
MemFree:         1379736 kB
MemAvailable:    1522136 kB
Buffers:           34652 kB
Cached:           239152 kB
MemTotal:        1844596 kB
MemFree:         1380176 kB
MemAvailable:    1522580 kB
Buffers:           34652 kB
Cached:           239156 kB
MemTotal:        1844596 kB
MemFree:         1380512 kB
MemAvailable:    1522916 kB
Buffers:           34652 kB
Cached:           239156 kB
MemTotal:        1844596 kB
MemFree:         1380216 kB
MemAvailable:    1522620 kB
Buffers:           34652 kB
Cached:           239156 kB
MemTotal:        1844596 kB
MemFree:         1380216 kB
MemAvailable:    1522620 kB
Buffers:           34652 kB
Cached:           239156 kB
MemTotal:        1844596 kB
MemFree:         1380336 kB
MemAvailable:    1522740 kB
Buffers:           34652 kB
Cached:           239156 kB
MemTotal:        1844596 kB
MemFree:         1380672 kB
MemAvailable:    1523076 kB
Buffers:           34652 kB
Cached:           239156 kB
MemTotal:        1844596 kB
MemFree:         1380348 kB
MemAvailable:    1522752 kB
Buffers:           34652 kB
Cached:           239156 kB
MemTotal:        1844596 kB
MemFree:         1380348 kB
MemAvailable:    1522752 kB
Buffers:           34652 kB
Cached:           239156 kB
MemTotal:        1844596 kB
MemFree:         1380308 kB
MemAvailable:    1522712 kB
Buffers:           34652 kB
Cached:           239156 kB
MemTotal:        1844596 kB
MemFree:         1379188 kB
MemAvailable:    1521592 kB
Buffers:           34652 kB
Cached:           239156 kB
MemTotal:        1844596 kB
MemFree:         1378932 kB
MemAvailable:    1521336 kB
Buffers:           34652 kB
Cached:           239156 kB
MemTotal:        1844596 kB
MemFree:         1379056 kB
MemAvailable:    1521460 kB
Buffers:           34652 kB
Cached:           239156 kB
MemTotal:        1844596 kB
MemFree:         1379048 kB
MemAvailable:    1521452 kB
Buffers:           34652 kB
Cached:           239156 kB
MemTotal:        1844596 kB
MemFree:         1376636 kB
MemAvailable:    1519040 kB
Buffers:           34652 kB
Cached:           239156 kB
MemTotal:        1844596 kB
MemFree:         1376236 kB
MemAvailable:    1518640 kB
Buffers:           34652 kB
Cached:           239156 kB
MemTotal:        1844596 kB
MemFree:         1375892 kB
MemAvailable:    1518296 kB
Buffers:           34652 kB
Cached:           239156 kB
MemTotal:        1844596 kB
MemFree:         1376224 kB
MemAvailable:    1518632 kB
Buffers:           34652 kB
Cached:           239160 kB
MemTotal:        1844596 kB
MemFree:         1376340 kB
MemAvailable:    1518748 kB
Buffers:           34652 kB
Cached:           239160 kB
MemTotal:        1844596 kB
MemFree:         1376140 kB
MemAvailable:    1518548 kB
Buffers:           34652 kB
Cached:           239160 kB
MemTotal:        1844596 kB
MemFree:         1375024 kB
MemAvailable:    1517432 kB
Buffers:           34652 kB
Cached:           239160 kB
MemTotal:        1844596 kB
MemFree:         1374900 kB
MemAvailable:    1517308 kB
Buffers:           34652 kB
Cached:           239160 kB
MemTotal:        1844596 kB
MemFree:         1376160 kB
MemAvailable:    1518568 kB
Buffers:           34652 kB
Cached:           239160 kB
MemTotal:        1844596 kB
MemFree:         1374852 kB
MemAvailable:    1517260 kB
Buffers:           34652 kB
Cached:           239160 kB
MemTotal:        1844596 kB
MemFree:         1374852 kB
MemAvailable:    1517260 kB
Buffers:           34652 kB
Cached:           239160 kB
MemTotal:        1844596 kB
MemFree:         1374852 kB
MemAvailable:    1517260 kB
Buffers:           34652 kB
Cached:           239160 kB
MemTotal:        1844596 kB
MemFree:         1376152 kB
MemAvailable:    1518560 kB
Buffers:           34652 kB
Cached:           239160 kB
MemTotal:        1844596 kB
MemFree:         1374888 kB
MemAvailable:    1517296 kB
Buffers:           34652 kB
Cached:           239160 kB
MemTotal:        1844596 kB
MemFree:         1376004 kB
MemAvailable:    1518412 kB
Buffers:           34652 kB
Cached:           239160 kB
MemTotal:        1844596 kB
MemFree:         1376076 kB
MemAvailable:    1518484 kB
Buffers:           34652 kB
Cached:           239160 kB
MemTotal:        1844596 kB
MemFree:         1376000 kB
MemAvailable:    1518408 kB
Buffers:           34652 kB
Cached:           239160 kB
MemTotal:        1844596 kB
MemFree:         1376252 kB
MemAvailable:    1518660 kB
Buffers:           34652 kB
Cached:           239160 kB
MemTotal:        1844596 kB
MemFree:         1374768 kB
MemAvailable:    1517176 kB
Buffers:           34652 kB
Cached:           239160 kB
MemTotal:        1844596 kB
MemFree:         1376092 kB
MemAvailable:    1518500 kB
Buffers:           34652 kB
Cached:           239160 kB
MemTotal:        1844596 kB
MemFree:         1376084 kB
MemAvailable:    1518492 kB
Buffers:           34652 kB
Cached:           239160 kB
MemTotal:        1844596 kB
MemFree:         1376076 kB
MemAvailable:    1518484 kB
Buffers:           34652 kB
Cached:           239160 kB
MemTotal:        1844596 kB
MemFree:         1374768 kB
MemAvailable:    1517176 kB
Buffers:           34656 kB
Cached:           239156 kB
MemTotal:        1844596 kB
MemFree:         1375264 kB
MemAvailable:    1517672 kB
Buffers:           34656 kB
Cached:           239156 kB
MemTotal:        1844596 kB
MemFree:         1375996 kB
MemAvailable:    1518404 kB
Buffers:           34656 kB
Cached:           239156 kB
MemTotal:        1844596 kB
MemFree:         1375940 kB
MemAvailable:    1518348 kB
Buffers:           34656 kB
Cached:           239156 kB
MemTotal:        1844596 kB
MemFree:         1375520 kB
MemAvailable:    1517928 kB
Buffers:           34656 kB
Cached:           239156 kB
MemTotal:        1844596 kB
MemFree:         1374720 kB
MemAvailable:    1517128 kB
Buffers:           34656 kB
Cached:           239156 kB
MemTotal:        1844596 kB
MemFree:         1374844 kB
MemAvailable:    1517252 kB
Buffers:           34656 kB
Cached:           239156 kB
MemTotal:        1844596 kB
MemFree:         1376080 kB
MemAvailable:    1518488 kB
Buffers:           34656 kB
Cached:           239156 kB
MemTotal:        1844596 kB
MemFree:         1374708 kB
MemAvailable:    1517116 kB
Buffers:           34656 kB
Cached:           239156 kB
MemTotal:        1844596 kB
MemFree:         1375984 kB
MemAvailable:    1518392 kB
Buffers:           34656 kB
Cached:           239156 kB
MemTotal:        1844596 kB
MemFree:         1376148 kB
MemAvailable:    1518556 kB
Buffers:           34656 kB
Cached:           239156 kB
MemTotal:        1844596 kB
MemFree:         1376008 kB
MemAvailable:    1518416 kB
Buffers:           34656 kB
Cached:           239156 kB
MemTotal:        1844596 kB
MemFree:         1375900 kB
MemAvailable:    1518308 kB
Buffers:           34656 kB
Cached:           239156 kB
MemTotal:        1844596 kB
MemFree:         1376028 kB
MemAvailable:    1518436 kB
Buffers:           34656 kB
Cached:           239156 kB
MemTotal:        1844596 kB
MemFree:         1375260 kB
MemAvailable:    1517668 kB
Buffers:           34656 kB
Cached:           239156 kB
MemTotal:        1844596 kB
MemFree:         1374756 kB
MemAvailable:    1517164 kB
Buffers:           34656 kB
Cached:           239156 kB
MemTotal:        1844596 kB
MemFree:         1374716 kB
MemAvailable:    1517124 kB
Buffers:           34656 kB
Cached:           239156 kB
MemTotal:        1844596 kB
MemFree:         1374584 kB
MemAvailable:    1516992 kB
Buffers:           34656 kB
Cached:           239156 kB
MemTotal:        1844596 kB
MemFree:         1376004 kB
MemAvailable:    1518412 kB
Buffers:           34656 kB
Cached:           239156 kB
MemTotal:        1844596 kB
MemFree:         1374568 kB
MemAvailable:    1516976 kB
Buffers:           34656 kB
Cached:           239156 kB
MemTotal:        1844596 kB
MemFree:         1374692 kB
MemAvailable:    1517100 kB
Buffers:           34656 kB
Cached:           239156 kB
MemTotal:        1844596 kB
MemFree:         1374568 kB
MemAvailable:    1516976 kB
Buffers:           34656 kB
Cached:           239156 kB
MemTotal:        1844596 kB
MemFree:         1375944 kB
MemAvailable:    1518352 kB
Buffers:           34656 kB
Cached:           239156 kB
MemTotal:        1844596 kB
MemFree:         1375272 kB
MemAvailable:    1517680 kB
Buffers:           34656 kB
Cached:           239156 kB
MemTotal:        1844596 kB
MemFree:         1375956 kB
MemAvailable:    1518364 kB
Buffers:           34656 kB
Cached:           239156 kB
MemTotal:        1844596 kB
MemFree:         1376024 kB
MemAvailable:    1518432 kB
Buffers:           34656 kB
Cached:           239156 kB
MemTotal:        1844596 kB
MemFree:         1374512 kB
MemAvailable:    1516920 kB
Buffers:           34656 kB
Cached:           239156 kB
MemTotal:        1844596 kB
MemFree:         1374720 kB
MemAvailable:    1517128 kB
Buffers:           34656 kB
Cached:           239156 kB
MemTotal:        1844596 kB
MemFree:         1374764 kB
MemAvailable:    1517172 kB
Buffers:           34656 kB
Cached:           239156 kB
MemTotal:        1844596 kB
MemFree:         1375944 kB
MemAvailable:    1518352 kB
Buffers:           34656 kB
Cached:           239156 kB
MemTotal:        1844596 kB
MemFree:         1374852 kB
MemAvailable:    1517260 kB
Buffers:           34656 kB
Cached:           239156 kB
MemTotal:        1844596 kB
MemFree:         1375876 kB
MemAvailable:    1518284 kB
Buffers:           34656 kB
Cached:           239156 kB
MemTotal:        1844596 kB
MemFree:         1375480 kB
MemAvailable:    1517888 kB
Buffers:           34656 kB
Cached:           239156 kB
MemTotal:        1844596 kB
MemFree:         1376256 kB
MemAvailable:    1518664 kB
Buffers:           34656 kB
Cached:           239156 kB
MemTotal:        1844596 kB
MemFree:         1374968 kB
MemAvailable:    1517376 kB
Buffers:           34656 kB
Cached:           239156 kB
MemTotal:        1844596 kB
MemFree:         1374960 kB
MemAvailable:    1517368 kB
Buffers:           34656 kB
Cached:           239156 kB
MemTotal:        1844596 kB
MemFree:         1376120 kB
MemAvailable:    1518528 kB
Buffers:           34656 kB
Cached:           239156 kB
MemTotal:        1844596 kB
MemFree:         1376200 kB
MemAvailable:    1518608 kB
Buffers:           34656 kB
Cached:           239156 kB
MemTotal:        1844596 kB
MemFree:         1374728 kB
MemAvailable:    1517136 kB
Buffers:           34656 kB
Cached:           239156 kB
MemTotal:        1844596 kB
MemFree:         1376016 kB
MemAvailable:    1518424 kB
Buffers:           34656 kB
Cached:           239156 kB
MemTotal:        1844596 kB
MemFree:         1376200 kB
MemAvailable:    1518608 kB
Buffers:           34656 kB
Cached:           239156 kB
MemTotal:        1844596 kB
MemFree:         1376132 kB
MemAvailable:    1518540 kB
Buffers:           34656 kB
Cached:           239156 kB
MemTotal:        1844596 kB
MemFree:         1376148 kB
MemAvailable:    1518556 kB
Buffers:           34656 kB
Cached:           239156 kB
MemTotal:        1844596 kB
MemFree:         1376152 kB
MemAvailable:    1518560 kB
Buffers:           34656 kB
Cached:           239156 kB
MemTotal:        1844596 kB
MemFree:         1374888 kB
MemAvailable:    1517296 kB
Buffers:           34656 kB
Cached:           239156 kB
MemTotal:        1844596 kB
MemFree:         1374992 kB
MemAvailable:    1517412 kB
Buffers:           34656 kB
Cached:           239168 kB
MemTotal:        1844596 kB
MemFree:         1376008 kB
MemAvailable:    1518428 kB
Buffers:           34656 kB
Cached:           239168 kB
MemTotal:        1844596 kB
MemFree:         1376344 kB
MemAvailable:    1518764 kB
Buffers:           34656 kB
Cached:           239168 kB
MemTotal:        1844596 kB
MemFree:         1376136 kB
MemAvailable:    1518556 kB
Buffers:           34656 kB
Cached:           239168 kB
MemTotal:        1844596 kB
MemFree:         1374840 kB
MemAvailable:    1517260 kB
Buffers:           34656 kB
Cached:           239168 kB
MemTotal:        1844596 kB
MemFree:         1374968 kB
MemAvailable:    1517388 kB
Buffers:           34656 kB
Cached:           239168 kB
MemTotal:        1844596 kB
MemFree:         1376192 kB
MemAvailable:    1518612 kB
Buffers:           34656 kB
Cached:           239168 kB
MemTotal:        1844596 kB
MemFree:         1376016 kB
MemAvailable:    1518436 kB
Buffers:           34656 kB
Cached:           239168 kB
MemTotal:        1844596 kB
MemFree:         1376032 kB
MemAvailable:    1518452 kB
Buffers:           34656 kB
Cached:           239168 kB
MemTotal:        1844596 kB
MemFree:         1375032 kB
MemAvailable:    1517452 kB
Buffers:           34656 kB
Cached:           239168 kB
MemTotal:        1844596 kB
MemFree:         1376148 kB
MemAvailable:    1518568 kB
Buffers:           34656 kB
Cached:           239168 kB
MemTotal:        1844596 kB
MemFree:         1374860 kB
MemAvailable:    1517280 kB
Buffers:           34656 kB
Cached:           239168 kB
MemTotal:        1844596 kB
MemFree:         1376008 kB
MemAvailable:    1518428 kB
Buffers:           34656 kB
Cached:           239168 kB
MemTotal:        1844596 kB
MemFree:         1375652 kB
MemAvailable:    1518072 kB
Buffers:           34656 kB
Cached:           239168 kB
MemTotal:        1844596 kB
MemFree:         1376136 kB
MemAvailable:    1518556 kB
Buffers:           34656 kB
Cached:           239168 kB
MemTotal:        1844596 kB
MemFree:         1374756 kB
MemAvailable:    1517176 kB
Buffers:           34656 kB
Cached:           239168 kB
MemTotal:        1844596 kB
MemFree:         1376140 kB
MemAvailable:    1518560 kB
Buffers:           34656 kB
Cached:           239168 kB
MemTotal:        1844596 kB
MemFree:         1376392 kB
MemAvailable:    1518812 kB
Buffers:           34656 kB
Cached:           239168 kB
MemTotal:        1844596 kB
MemFree:         1376152 kB
MemAvailable:    1518572 kB
Buffers:           34656 kB
Cached:           239168 kB
MemTotal:        1844596 kB
MemFree:         1374980 kB
MemAvailable:    1517400 kB
Buffers:           34656 kB
Cached:           239168 kB
MemTotal:        1844596 kB
MemFree:         1374848 kB
MemAvailable:    1517268 kB
Buffers:           34656 kB
Cached:           239168 kB
MemTotal:        1844596 kB
MemFree:         1376184 kB
MemAvailable:    1518604 kB
Buffers:           34656 kB
Cached:           239168 kB
MemTotal:        1844596 kB
MemFree:         1376204 kB
MemAvailable:    1518624 kB
Buffers:           34656 kB
Cached:           239168 kB
MemTotal:        1844596 kB
MemFree:         1376156 kB
MemAvailable:    1518576 kB
Buffers:           34656 kB
Cached:           239168 kB
MemTotal:        1844596 kB
MemFree:         1376076 kB
MemAvailable:    1518496 kB
Buffers:           34656 kB
Cached:           239168 kB
MemTotal:        1844596 kB
MemFree:         1376256 kB
MemAvailable:    1518676 kB
Buffers:           34656 kB
Cached:           239168 kB
MemTotal:        1844596 kB
MemFree:         1375652 kB
MemAvailable:    1518072 kB
Buffers:           34656 kB
Cached:           239168 kB
MemTotal:        1844596 kB
MemFree:         1374844 kB
MemAvailable:    1517264 kB
Buffers:           34656 kB
Cached:           239168 kB
MemTotal:        1844596 kB
MemFree:         1376152 kB
MemAvailable:    1518572 kB
Buffers:           34656 kB
Cached:           239168 kB
MemTotal:        1844596 kB
MemFree:         1376188 kB
MemAvailable:    1518608 kB
Buffers:           34656 kB
Cached:           239168 kB
MemTotal:        1844596 kB
MemFree:         1376204 kB
MemAvailable:    1518624 kB
Buffers:           34656 kB
Cached:           239168 kB
MemTotal:        1844596 kB
MemFree:         1376308 kB
MemAvailable:    1518728 kB
Buffers:           34656 kB
Cached:           239168 kB
MemTotal:        1844596 kB
MemFree:         1376076 kB
MemAvailable:    1518496 kB
Buffers:           34656 kB
Cached:           239168 kB
MemTotal:        1844596 kB
MemFree:         1376064 kB
MemAvailable:    1518484 kB
Buffers:           34656 kB
Cached:           239168 kB
MemTotal:        1844596 kB
MemFree:         1375908 kB
MemAvailable:    1518328 kB
Buffers:           34656 kB
Cached:           239168 kB
MemTotal:        1844596 kB
MemFree:         1376160 kB
MemAvailable:    1518580 kB
Buffers:           34656 kB
Cached:           239168 kB
MemTotal:        1844596 kB
MemFree:         1374848 kB
MemAvailable:    1517268 kB
Buffers:           34656 kB
Cached:           239168 kB
MemTotal:        1844596 kB
MemFree:         1376204 kB
MemAvailable:    1518624 kB
Buffers:           34656 kB
Cached:           239168 kB
MemTotal:        1844596 kB
MemFree:         1376084 kB
MemAvailable:    1518504 kB
Buffers:           34656 kB
Cached:           239168 kB
MemTotal:        1844596 kB
MemFree:         1376336 kB
MemAvailable:    1518756 kB
Buffers:           34656 kB
Cached:           239168 kB
MemTotal:        1844596 kB
MemFree:         1376160 kB
MemAvailable:    1518580 kB
Buffers:           34656 kB
Cached:           239168 kB
MemTotal:        1844596 kB
MemFree:         1376408 kB
MemAvailable:    1518828 kB
Buffers:           34656 kB
Cached:           239168 kB
MemTotal:        1844596 kB
MemFree:         1375724 kB
MemAvailable:    1518144 kB
Buffers:           34656 kB
Cached:           239168 kB
MemTotal:        1844596 kB
MemFree:         1376080 kB
MemAvailable:    1518500 kB
Buffers:           34656 kB
Cached:           239168 kB
MemTotal:        1844596 kB
MemFree:         1374956 kB
MemAvailable:    1517376 kB
Buffers:           34656 kB
Cached:           239168 kB
MemTotal:        1844596 kB
MemFree:         1376264 kB
MemAvailable:    1518684 kB
Buffers:           34656 kB
Cached:           239168 kB
MemTotal:        1844596 kB
MemFree:         1376484 kB
MemAvailable:    1518904 kB
Buffers:           34656 kB
Cached:           239168 kB
MemTotal:        1844596 kB
MemFree:         1376364 kB
MemAvailable:    1518784 kB
Buffers:           34656 kB
Cached:           239168 kB
MemTotal:        1844596 kB
MemFree:         1376008 kB
MemAvailable:    1518428 kB
Buffers:           34656 kB
Cached:           239168 kB
MemTotal:        1844596 kB
MemFree:         1376344 kB
MemAvailable:    1518764 kB
Buffers:           34656 kB
Cached:           239168 kB
MemTotal:        1844596 kB
MemFree:         1374888 kB
MemAvailable:    1517308 kB
Buffers:           34656 kB
Cached:           239168 kB
MemTotal:        1844596 kB
MemFree:         1376260 kB
MemAvailable:    1518680 kB
Buffers:           34656 kB
Cached:           239168 kB
MemTotal:        1844596 kB
MemFree:         1375396 kB
MemAvailable:    1517816 kB
Buffers:           34656 kB
Cached:           239168 kB
MemTotal:        1844596 kB
MemFree:         1375996 kB
MemAvailable:    1518416 kB
Buffers:           34656 kB
Cached:           239168 kB
MemTotal:        1844596 kB
MemFree:         1375964 kB
MemAvailable:    1518384 kB
Buffers:           34656 kB
Cached:           239168 kB
MemTotal:        1844596 kB
MemFree:         1374776 kB
MemAvailable:    1517196 kB
Buffers:           34656 kB
Cached:           239168 kB
MemTotal:        1844596 kB
MemFree:         1376084 kB
MemAvailable:    1518504 kB
Buffers:           34656 kB
Cached:           239168 kB
MemTotal:        1844596 kB
MemFree:         1375976 kB
MemAvailable:    1518480 kB
Buffers:           34656 kB
Cached:           239292 kB
MemTotal:        1844596 kB
MemFree:         1375280 kB
MemAvailable:    1517868 kB
Buffers:           34656 kB
Cached:           239292 kB
MemTotal:        1844596 kB
MemFree:         1375948 kB
MemAvailable:    1518620 kB
Buffers:           34656 kB
Cached:           239416 kB
MemTotal:        1844596 kB
MemFree:         1374384 kB
MemAvailable:    1517140 kB
Buffers:           34656 kB
Cached:           239540 kB
MemTotal:        1844596 kB
MemFree:         1374260 kB
MemAvailable:    1517184 kB
Buffers:           34656 kB
Cached:           239664 kB
MemTotal:        1844596 kB
MemFree:         1375380 kB
MemAvailable:    1518388 kB
Buffers:           34656 kB
Cached:           239664 kB
MemTotal:        1844596 kB
MemFree:         1374536 kB
MemAvailable:    1517544 kB
Buffers:           34656 kB
Cached:           239664 kB
MemTotal:        1844596 kB
MemFree:         1375536 kB
MemAvailable:    1518544 kB
Buffers:           34656 kB
Cached:           239788 kB
MemTotal:        1844596 kB
MemFree:         1375596 kB
MemAvailable:    1518604 kB
Buffers:           34656 kB
Cached:           239788 kB
MemTotal:        1844596 kB
MemFree:         1373968 kB
MemAvailable:    1516976 kB
Buffers:           34656 kB
Cached:           239788 kB
MemTotal:        1844596 kB
MemFree:         1375328 kB
MemAvailable:    1518336 kB
Buffers:           34656 kB
Cached:           239788 kB
MemTotal:        1844596 kB
MemFree:         1375328 kB
MemAvailable:    1518336 kB
Buffers:           34656 kB
Cached:           239788 kB
MemTotal:        1844596 kB
MemFree:         1373976 kB
MemAvailable:    1516984 kB
Buffers:           34656 kB
Cached:           239788 kB
MemTotal:        1844596 kB
MemFree:         1375828 kB
MemAvailable:    1518280 kB
Buffers:           34656 kB
Cached:           239240 kB
MemTotal:        1844596 kB
MemFree:         1375760 kB
MemAvailable:    1518212 kB
Buffers:           34656 kB
Cached:           239240 kB
MemTotal:        1844596 kB
MemFree:         1451400 kB
MemAvailable:    1593856 kB
Buffers:           34656 kB
Cached:           239244 kB
