MemTotal:        1844596 kB
MemFree:         1440088 kB
MemAvailable:    1572336 kB
Buffers:           33328 kB
Cached:           228576 kB
MemTotal:        1844596 kB
MemFree:         1438660 kB
MemAvailable:    1570908 kB
Buffers:           33328 kB
Cached:           228576 kB
MemTotal:        1844596 kB
MemFree:         1436112 kB
MemAvailable:    1568360 kB
Buffers:           33328 kB
Cached:           228576 kB
MemTotal:        1844596 kB
MemFree:         1435608 kB
MemAvailable:    1567856 kB
Buffers:           33328 kB
Cached:           228576 kB
MemTotal:        1844596 kB
MemFree:         1435608 kB
MemAvailable:    1567856 kB
Buffers:           33328 kB
Cached:           228576 kB
MemTotal:        1844596 kB
MemFree:         1434128 kB
MemAvailable:    1566376 kB
Buffers:           33328 kB
Cached:           228576 kB
MemTotal:        1844596 kB
MemFree:         1432460 kB
MemAvailable:    1564708 kB
Buffers:           33328 kB
Cached:           228576 kB
MemTotal:        1844596 kB
MemFree:         1432268 kB
MemAvailable:    1564516 kB
Buffers:           33328 kB
Cached:           228576 kB
MemTotal:        1844596 kB
MemFree:         1427680 kB
MemAvailable:    1559928 kB
Buffers:           33328 kB
Cached:           228576 kB
MemTotal:        1844596 kB
MemFree:         1423472 kB
MemAvailable:    1555720 kB
Buffers:           33328 kB
Cached:           228576 kB
MemTotal:        1844596 kB
MemFree:         1425696 kB
MemAvailable:    1557944 kB
Buffers:           33328 kB
Cached:           228576 kB
MemTotal:        1844596 kB
MemFree:         1424432 kB
MemAvailable:    1556680 kB
Buffers:           33328 kB
Cached:           228576 kB
MemTotal:        1844596 kB
MemFree:         1425552 kB
MemAvailable:    1557800 kB
Buffers:           33328 kB
Cached:           228576 kB
MemTotal:        1844596 kB
MemFree:         1424376 kB
MemAvailable:    1556624 kB
Buffers:           33328 kB
Cached:           228576 kB
MemTotal:        1844596 kB
MemFree:         1425484 kB
MemAvailable:    1557732 kB
Buffers:           33328 kB
Cached:           228576 kB
MemTotal:        1844596 kB
MemFree:         1425208 kB
MemAvailable:    1557456 kB
Buffers:           33328 kB
Cached:           228576 kB
MemTotal:        1844596 kB
MemFree:         1423820 kB
MemAvailable:    1556068 kB
Buffers:           33328 kB
Cached:           228576 kB
MemTotal:        1844596 kB
MemFree:         1424032 kB
MemAvailable:    1556280 kB
Buffers:           33328 kB
Cached:           228576 kB
MemTotal:        1844596 kB
MemFree:         1422472 kB
MemAvailable:    1554720 kB
Buffers:           33328 kB
Cached:           228576 kB
MemTotal:        1844596 kB
MemFree:         1422356 kB
MemAvailable:    1554604 kB
Buffers:           33328 kB
Cached:           228576 kB
MemTotal:        1844596 kB
MemFree:         1422604 kB
MemAvailable:    1554852 kB
Buffers:           33328 kB
Cached:           228576 kB
MemTotal:        1844596 kB
MemFree:         1422348 kB
MemAvailable:    1554596 kB
Buffers:           33328 kB
Cached:           228576 kB
MemTotal:        1844596 kB
MemFree:         1422356 kB
MemAvailable:    1554604 kB
Buffers:           33328 kB
Cached:           228576 kB
MemTotal:        1844596 kB
MemFree:         1422100 kB
MemAvailable:    1554348 kB
Buffers:           33328 kB
Cached:           228576 kB
MemTotal:        1844596 kB
MemFree:         1423292 kB
MemAvailable:    1555540 kB
Buffers:           33328 kB
Cached:           228576 kB
MemTotal:        1844596 kB
MemFree:         1422356 kB
MemAvailable:    1554604 kB
Buffers:           33328 kB
Cached:           228576 kB
MemTotal:        1844596 kB
MemFree:         1424548 kB
MemAvailable:    1556796 kB
Buffers:           33328 kB
Cached:           228576 kB
MemTotal:        1844596 kB
MemFree:         1423168 kB
MemAvailable:    1555416 kB
Buffers:           33328 kB
Cached:           228576 kB
MemTotal:        1844596 kB
MemFree:         1423224 kB
MemAvailable:    1555472 kB
Buffers:           33328 kB
Cached:           228576 kB
MemTotal:        1844596 kB
MemFree:         1420744 kB
MemAvailable:    1552992 kB
Buffers:           33328 kB
Cached:           228576 kB
MemTotal:        1844596 kB
MemFree:         1420852 kB
MemAvailable:    1553108 kB
Buffers:           33328 kB
Cached:           228584 kB
MemTotal:        1844596 kB
MemFree:         1420496 kB
MemAvailable:    1552752 kB
Buffers:           33328 kB
Cached:           228584 kB
MemTotal:        1844596 kB
MemFree:         1420372 kB
MemAvailable:    1552628 kB
Buffers:           33328 kB
Cached:           228584 kB
MemTotal:        1844596 kB
MemFree:         1418992 kB
MemAvailable:    1551248 kB
Buffers:           33328 kB
Cached:           228584 kB
MemTotal:        1844596 kB
MemFree:         1419380 kB
MemAvailable:    1551636 kB
Buffers:           33328 kB
Cached:           228584 kB
MemTotal:        1844596 kB
MemFree:         1418272 kB
MemAvailable:    1550528 kB
Buffers:           33328 kB
Cached:           228584 kB
MemTotal:        1844596 kB
MemFree:         1418952 kB
MemAvailable:    1551208 kB
Buffers:           33328 kB
Cached:           228584 kB
MemTotal:        1844596 kB
MemFree:         1417720 kB
MemAvailable:    1549976 kB
Buffers:           33328 kB
Cached:           228584 kB
MemTotal:        1844596 kB
MemFree:         1417844 kB
MemAvailable:    1550100 kB
Buffers:           33328 kB
Cached:           228584 kB
MemTotal:        1844596 kB
MemFree:         1418944 kB
MemAvailable:    1551200 kB
Buffers:           33328 kB
Cached:           228584 kB
MemTotal:        1844596 kB
MemFree:         1418884 kB
MemAvailable:    1551140 kB
Buffers:           33328 kB
Cached:           228584 kB
MemTotal:        1844596 kB
MemFree:         1419160 kB
MemAvailable:    1551416 kB
Buffers:           33328 kB
Cached:           228584 kB
MemTotal:        1844596 kB
MemFree:         1418980 kB
MemAvailable:    1551236 kB
Buffers:           33328 kB
Cached:           228584 kB
MemTotal:        1844596 kB
MemFree:         1417696 kB
MemAvailable:    1549952 kB
Buffers:           33328 kB
Cached:           228584 kB
MemTotal:        1844596 kB
MemFree:         1417272 kB
MemAvailable:    1549528 kB
Buffers:           33328 kB
Cached:           228584 kB
MemTotal:        1844596 kB
MemFree:         1416844 kB
MemAvailable:    1549100 kB
Buffers:           33328 kB
Cached:           228584 kB
MemTotal:        1844596 kB
MemFree:         1418084 kB
MemAvailable:    1550340 kB
Buffers:           33328 kB
Cached:           228584 kB
MemTotal:        1844596 kB
MemFree:         1418180 kB
MemAvailable:    1550436 kB
Buffers:           33328 kB
Cached:           228584 kB
MemTotal:        1844596 kB
MemFree:         1418108 kB
MemAvailable:    1550364 kB
Buffers:           33328 kB
Cached:           228584 kB
MemTotal:        1844596 kB
MemFree:         1417776 kB
MemAvailable:    1550032 kB
Buffers:           33328 kB
Cached:           228584 kB
MemTotal:        1844596 kB
MemFree:         1418132 kB
MemAvailable:    1550388 kB
Buffers:           33328 kB
Cached:           228584 kB
MemTotal:        1844596 kB
MemFree:         1418272 kB
MemAvailable:    1550528 kB
Buffers:           33328 kB
Cached:           228584 kB
MemTotal:        1844596 kB
MemFree:         1418092 kB
MemAvailable:    1550348 kB
Buffers:           33328 kB
Cached:           228584 kB
MemTotal:        1844596 kB
MemFree:         1417948 kB
MemAvailable:    1550204 kB
Buffers:           33328 kB
Cached:           228584 kB
MemTotal:        1844596 kB
MemFree:         1418200 kB
MemAvailable:    1550456 kB
Buffers:           33328 kB
Cached:           228584 kB
MemTotal:        1844596 kB
MemFree:         1416712 kB
MemAvailable:    1548968 kB
Buffers:           33328 kB
Cached:           228584 kB
MemTotal:        1844596 kB
MemFree:         1416712 kB
MemAvailable:    1548968 kB
Buffers:           33328 kB
Cached:           228584 kB
MemTotal:        1844596 kB
MemFree:         1417828 kB
MemAvailable:    1550084 kB
Buffers:           33328 kB
Cached:           228584 kB
MemTotal:        1844596 kB
MemFree:         1417652 kB
MemAvailable:    1549908 kB
Buffers:           33328 kB
Cached:           228584 kB
MemTotal:        1844596 kB
MemFree:         1416340 kB
MemAvailable:    1548596 kB
Buffers:           33328 kB
Cached:           228584 kB
MemTotal:        1844596 kB
MemFree:         1417392 kB
MemAvailable:    1549648 kB
Buffers:           33328 kB
Cached:           228584 kB
MemTotal:        1844596 kB
MemFree:         1416156 kB
MemAvailable:    1548412 kB
Buffers:           33328 kB
Cached:           228584 kB
MemTotal:        1844596 kB
MemFree:         1416976 kB
MemAvailable:    1549232 kB
Buffers:           33328 kB
Cached:           228584 kB
MemTotal:        1844596 kB
MemFree:         1416324 kB
MemAvailable:    1548580 kB
Buffers:           33328 kB
Cached:           228584 kB
MemTotal:        1844596 kB
MemFree:         1415908 kB
MemAvailable:    1548164 kB
Buffers:           33328 kB
Cached:           228584 kB
MemTotal:        1844596 kB
MemFree:         1417200 kB
MemAvailable:    1549456 kB
Buffers:           33328 kB
Cached:           228584 kB
MemTotal:        1844596 kB
MemFree:         1415908 kB
MemAvailable:    1548164 kB
Buffers:           33328 kB
Cached:           228584 kB
MemTotal:        1844596 kB
MemFree:         1417076 kB
MemAvailable:    1549332 kB
Buffers:           33328 kB
Cached:           228584 kB
MemTotal:        1844596 kB
MemFree:         1415736 kB
MemAvailable:    1547992 kB
Buffers:           33328 kB
Cached:           228584 kB
MemTotal:        1844596 kB
MemFree:         1416976 kB
MemAvailable:    1549232 kB
Buffers:           33328 kB
Cached:           228584 kB
MemTotal:        1844596 kB
MemFree:         1414536 kB
MemAvailable:    1546792 kB
Buffers:           33328 kB
Cached:           228584 kB
MemTotal:        1844596 kB
MemFree:         1414620 kB
MemAvailable:    1546876 kB
Buffers:           33328 kB
Cached:           228584 kB
MemTotal:        1844596 kB
MemFree:         1409940 kB
MemAvailable:    1542196 kB
Buffers:           33328 kB
Cached:           228584 kB
MemTotal:        1844596 kB
MemFree:         1409584 kB
MemAvailable:    1541840 kB
Buffers:           33328 kB
Cached:           228584 kB
MemTotal:        1844596 kB
MemFree:         1409512 kB
MemAvailable:    1541768 kB
Buffers:           33328 kB
Cached:           228584 kB
MemTotal:        1844596 kB
MemFree:         1409584 kB
MemAvailable:    1541840 kB
Buffers:           33328 kB
Cached:           228584 kB
MemTotal:        1844596 kB
MemFree:         1408032 kB
MemAvailable:    1540288 kB
Buffers:           33328 kB
Cached:           228584 kB
MemTotal:        1844596 kB
MemFree:         1407908 kB
MemAvailable:    1540164 kB
Buffers:           33328 kB
Cached:           228584 kB
MemTotal:        1844596 kB
MemFree:         1408024 kB
MemAvailable:    1540280 kB
Buffers:           33328 kB
Cached:           228584 kB
MemTotal:        1844596 kB
MemFree:         1409348 kB
MemAvailable:    1541604 kB
Buffers:           33328 kB
Cached:           228584 kB
MemTotal:        1844596 kB
MemFree:         1409128 kB
MemAvailable:    1541384 kB
Buffers:           33328 kB
Cached:           228584 kB
MemTotal:        1844596 kB
MemFree:         1409212 kB
MemAvailable:    1541468 kB
Buffers:           33328 kB
Cached:           228584 kB
MemTotal:        1844596 kB
MemFree:         1409020 kB
MemAvailable:    1541276 kB
Buffers:           33328 kB
Cached:           228584 kB
MemTotal:        1844596 kB
MemFree:         1409048 kB
MemAvailable:    1541304 kB
Buffers:           33328 kB
Cached:           228584 kB
MemTotal:        1844596 kB
MemFree:         1409384 kB
MemAvailable:    1541640 kB
Buffers:           33328 kB
Cached:           228584 kB
MemTotal:        1844596 kB
MemFree:         1409264 kB
MemAvailable:    1541520 kB
Buffers:           33328 kB
Cached:           228584 kB
MemTotal:        1844596 kB
MemFree:         1409192 kB
MemAvailable:    1541448 kB
Buffers:           33328 kB
Cached:           228584 kB
MemTotal:        1844596 kB
MemFree:         1407708 kB
MemAvailable:    1539964 kB
Buffers:           33328 kB
Cached:           228584 kB
MemTotal:        1844596 kB
MemFree:         1409460 kB
MemAvailable:    1541716 kB
Buffers:           33328 kB
Cached:           228584 kB
MemTotal:        1844596 kB
MemFree:         1409132 kB
MemAvailable:    1541388 kB
Buffers:           33328 kB
Cached:           228584 kB
MemTotal:        1844596 kB
MemFree:         1409088 kB
MemAvailable:    1541344 kB
Buffers:           33328 kB
Cached:           228584 kB
MemTotal:        1844596 kB
MemFree:         1408280 kB
MemAvailable:    1540536 kB
Buffers:           33328 kB
Cached:           228584 kB
MemTotal:        1844596 kB
MemFree:         1406856 kB
MemAvailable:    1539112 kB
Buffers:           33328 kB
Cached:           228584 kB
MemTotal:        1844596 kB
MemFree:         1407836 kB
MemAvailable:    1540092 kB
Buffers:           33328 kB
Cached:           228584 kB
MemTotal:        1844596 kB
MemFree:         1407764 kB
MemAvailable:    1540020 kB
Buffers:           33328 kB
Cached:           228584 kB
MemTotal:        1844596 kB
MemFree:         1407308 kB
MemAvailable:    1539564 kB
Buffers:           33328 kB
Cached:           228584 kB
MemTotal:        1844596 kB
MemFree:         1407644 kB
MemAvailable:    1539900 kB
Buffers:           33328 kB
Cached:           228584 kB
MemTotal:        1844596 kB
MemFree:         1406420 kB
MemAvailable:    1538676 kB
Buffers:           33328 kB
Cached:           228584 kB
MemTotal:        1844596 kB
MemFree:         1404980 kB
MemAvailable:    1537236 kB
Buffers:           33328 kB
Cached:           228584 kB
MemTotal:        1844596 kB
MemFree:         1405112 kB
MemAvailable:    1537368 kB
Buffers:           33328 kB
Cached:           228584 kB
MemTotal:        1844596 kB
MemFree:         1405476 kB
MemAvailable:    1537732 kB
Buffers:           33328 kB
Cached:           228584 kB
MemTotal:        1844596 kB
MemFree:         1405812 kB
MemAvailable:    1538068 kB
Buffers:           33328 kB
Cached:           228584 kB
MemTotal:        1844596 kB
MemFree:         1405436 kB
MemAvailable:    1537692 kB
Buffers:           33328 kB
Cached:           228584 kB
MemTotal:        1844596 kB
MemFree:         1405004 kB
MemAvailable:    1537260 kB
Buffers:           33328 kB
Cached:           228584 kB
MemTotal:        1844596 kB
MemFree:         1403988 kB
MemAvailable:    1536248 kB
Buffers:           33328 kB
Cached:           228588 kB
MemTotal:        1844596 kB
MemFree:         1404112 kB
MemAvailable:    1536372 kB
Buffers:           33328 kB
Cached:           228588 kB
MemTotal:        1844596 kB
MemFree:         1405320 kB
MemAvailable:    1537584 kB
Buffers:           33328 kB
Cached:           228592 kB
MemTotal:        1844596 kB
MemFree:         1405252 kB
MemAvailable:    1537516 kB
Buffers:           33328 kB
Cached:           228592 kB
MemTotal:        1844596 kB
MemFree:         1405196 kB
MemAvailable:    1537460 kB
Buffers:           33328 kB
Cached:           228592 kB
MemTotal:        1844596 kB
MemFree:         1403992 kB
MemAvailable:    1536256 kB
Buffers:           33328 kB
Cached:           228592 kB
MemTotal:        1844596 kB
MemFree:         1405356 kB
MemAvailable:    1537620 kB
Buffers:           33328 kB
Cached:           228592 kB
MemTotal:        1844596 kB
MemFree:         1405164 kB
MemAvailable:    1537428 kB
Buffers:           33328 kB
Cached:           228592 kB
MemTotal:        1844596 kB
MemFree:         1404004 kB
MemAvailable:    1536144 kB
Buffers:           33328 kB
Cached:           228592 kB
MemTotal:        1844596 kB
MemFree:         1403252 kB
MemAvailable:    1535516 kB
Buffers:           33328 kB
Cached:           228592 kB
MemTotal:        1844596 kB
MemFree:         1397988 kB
MemAvailable:    1530252 kB
Buffers:           33328 kB
Cached:           228592 kB
MemTotal:        1844596 kB
MemFree:         1396564 kB
MemAvailable:    1528828 kB
Buffers:           33328 kB
Cached:           228592 kB
MemTotal:        1844596 kB
MemFree:         1397616 kB
MemAvailable:    1529880 kB
Buffers:           33328 kB
Cached:           228592 kB
MemTotal:        1844596 kB
MemFree:         1397652 kB
MemAvailable:    1529916 kB
Buffers:           33328 kB
Cached:           228592 kB
MemTotal:        1844596 kB
MemFree:         1397452 kB
MemAvailable:    1529716 kB
Buffers:           33328 kB
Cached:           228592 kB
MemTotal:        1844596 kB
MemFree:         1396040 kB
MemAvailable:    1528304 kB
Buffers:           33328 kB
Cached:           228592 kB
MemTotal:        1844596 kB
MemFree:         1397408 kB
MemAvailable:    1529672 kB
Buffers:           33328 kB
Cached:           228592 kB
MemTotal:        1844596 kB
MemFree:         1397972 kB
MemAvailable:    1530236 kB
Buffers:           33328 kB
Cached:           228592 kB
MemTotal:        1844596 kB
MemFree:         1390736 kB
MemAvailable:    1523000 kB
Buffers:           33328 kB
Cached:           228592 kB
MemTotal:        1844596 kB
MemFree:         1390548 kB
MemAvailable:    1522812 kB
Buffers:           33328 kB
Cached:           228592 kB
MemTotal:        1844596 kB
MemFree:         1389112 kB
MemAvailable:    1521376 kB
Buffers:           33328 kB
Cached:           228592 kB
MemTotal:        1844596 kB
MemFree:         1390400 kB
MemAvailable:    1522664 kB
Buffers:           33328 kB
Cached:           228592 kB
MemTotal:        1844596 kB
MemFree:         1390292 kB
MemAvailable:    1522556 kB
Buffers:           33328 kB
Cached:           228592 kB
MemTotal:        1844596 kB
MemFree:         1389920 kB
MemAvailable:    1522184 kB
Buffers:           33328 kB
Cached:           228592 kB
MemTotal:        1844596 kB
MemFree:         1388840 kB
MemAvailable:    1521104 kB
Buffers:           33328 kB
Cached:           228592 kB
MemTotal:        1844596 kB
MemFree:         1388584 kB
MemAvailable:    1520848 kB
Buffers:           33328 kB
Cached:           228592 kB
MemTotal:        1844596 kB
MemFree:         1388320 kB
MemAvailable:    1520584 kB
Buffers:           33328 kB
Cached:           228592 kB
MemTotal:        1844596 kB
MemFree:         1389676 kB
MemAvailable:    1521940 kB
Buffers:           33328 kB
Cached:           228592 kB
MemTotal:        1844596 kB
MemFree:         1388000 kB
MemAvailable:    1520264 kB
Buffers:           33328 kB
Cached:           228592 kB
MemTotal:        1844596 kB
MemFree:         1387884 kB
MemAvailable:    1520148 kB
Buffers:           33328 kB
Cached:           228592 kB
MemTotal:        1844596 kB
MemFree:         1387876 kB
MemAvailable:    1520140 kB
Buffers:           33328 kB
Cached:           228592 kB
MemTotal:        1844596 kB
MemFree:         1388124 kB
MemAvailable:    1520388 kB
Buffers:           33328 kB
Cached:           228592 kB
MemTotal:        1844596 kB
MemFree:         1389052 kB
MemAvailable:    1521316 kB
Buffers:           33328 kB
Cached:           228592 kB
MemTotal:        1844596 kB
MemFree:         1387872 kB
MemAvailable:    1520136 kB
Buffers:           33328 kB
Cached:           228592 kB
MemTotal:        1844596 kB
MemFree:         1387872 kB
MemAvailable:    1520136 kB
Buffers:           33328 kB
Cached:           228592 kB
MemTotal:        1844596 kB
MemFree:         1389064 kB
MemAvailable:    1521328 kB
Buffers:           33328 kB
Cached:           228592 kB
MemTotal:        1844596 kB
MemFree:         1389232 kB
MemAvailable:    1521496 kB
Buffers:           33328 kB
Cached:           228592 kB
MemTotal:        1844596 kB
MemFree:         1388868 kB
MemAvailable:    1521132 kB
Buffers:           33328 kB
Cached:           228592 kB
MemTotal:        1844596 kB
MemFree:         1388944 kB
MemAvailable:    1521208 kB
Buffers:           33328 kB
Cached:           228592 kB
MemTotal:        1844596 kB
MemFree:         1389196 kB
MemAvailable:    1521460 kB
Buffers:           33328 kB
Cached:           228592 kB
MemTotal:        1844596 kB
MemFree:         1388928 kB
MemAvailable:    1521192 kB
Buffers:           33328 kB
Cached:           228592 kB
MemTotal:        1844596 kB
MemFree:         1387496 kB
MemAvailable:    1519760 kB
Buffers:           33328 kB
Cached:           228592 kB
MemTotal:        1844596 kB
MemFree:         1387492 kB
MemAvailable:    1519756 kB
Buffers:           33328 kB
Cached:           228592 kB
MemTotal:        1844596 kB
MemFree:         1387980 kB
MemAvailable:    1520244 kB
Buffers:           33328 kB
Cached:           228592 kB
MemTotal:        1844596 kB
MemFree:         1388716 kB
MemAvailable:    1520980 kB
Buffers:           33328 kB
Cached:           228592 kB
MemTotal:        1844596 kB
MemFree:         1388132 kB
MemAvailable:    1520396 kB
Buffers:           33328 kB
Cached:           228592 kB
MemTotal:        1844596 kB
MemFree:         1387448 kB
MemAvailable:    1519712 kB
Buffers:           33328 kB
Cached:           228592 kB
MemTotal:        1844596 kB
MemFree:         1388756 kB
MemAvailable:    1521020 kB
Buffers:           33328 kB
Cached:           228592 kB
MemTotal:        1844596 kB
MemFree:         1387692 kB
MemAvailable:    1519956 kB
Buffers:           33328 kB
Cached:           228592 kB
MemTotal:        1844596 kB
MemFree:         1388728 kB
MemAvailable:    1520992 kB
Buffers:           33328 kB
Cached:           228592 kB
MemTotal:        1844596 kB
MemFree:         1387596 kB
MemAvailable:    1519860 kB
Buffers:           33328 kB
Cached:           228592 kB
MemTotal:        1844596 kB
MemFree:         1387512 kB
MemAvailable:    1519776 kB
Buffers:           33328 kB
Cached:           228592 kB
MemTotal:        1844596 kB
MemFree:         1387380 kB
MemAvailable:    1519644 kB
Buffers:           33328 kB
Cached:           228592 kB
MemTotal:        1844596 kB
MemFree:         1388384 kB
MemAvailable:    1520648 kB
Buffers:           33328 kB
Cached:           228592 kB
MemTotal:        1844596 kB
MemFree:         1387244 kB
MemAvailable:    1519508 kB
Buffers:           33328 kB
Cached:           228592 kB
MemTotal:        1844596 kB
MemFree:         1387616 kB
MemAvailable:    1519880 kB
Buffers:           33328 kB
Cached:           228592 kB
MemTotal:        1844596 kB
MemFree:         1388428 kB
MemAvailable:    1520692 kB
Buffers:           33328 kB
Cached:           228592 kB
MemTotal:        1844596 kB
MemFree:         1388680 kB
MemAvailable:    1520944 kB
Buffers:           33328 kB
Cached:           228592 kB
MemTotal:        1844596 kB
MemFree:         1387208 kB
MemAvailable:    1519472 kB
Buffers:           33328 kB
Cached:           228592 kB
MemTotal:        1844596 kB
MemFree:         1388776 kB
MemAvailable:    1521040 kB
Buffers:           33328 kB
Cached:           228592 kB
MemTotal:        1844596 kB
MemFree:         1388504 kB
MemAvailable:    1520768 kB
Buffers:           33328 kB
Cached:           228592 kB
MemTotal:        1844596 kB
MemFree:         1388064 kB
MemAvailable:    1520328 kB
Buffers:           33328 kB
Cached:           228592 kB
MemTotal:        1844596 kB
MemFree:         1388648 kB
MemAvailable:    1520912 kB
Buffers:           33328 kB
Cached:           228592 kB
MemTotal:        1844596 kB
MemFree:         1392796 kB
MemAvailable:    1525060 kB
Buffers:           33328 kB
Cached:           228592 kB
MemTotal:        1844596 kB
MemFree:         1390736 kB
MemAvailable:    1523004 kB
Buffers:           33328 kB
Cached:           228596 kB
MemTotal:        1844596 kB
MemFree:         1389248 kB
MemAvailable:    1521516 kB
Buffers:           33328 kB
Cached:           228596 kB
MemTotal:        1844596 kB
MemFree:         1389116 kB
MemAvailable:    1521384 kB
Buffers:           33328 kB
Cached:           228596 kB
MemTotal:        1844596 kB
MemFree:         1389124 kB
MemAvailable:    1521396 kB
Buffers:           33328 kB
Cached:           228600 kB
MemTotal:        1844596 kB
MemFree:         1388876 kB
MemAvailable:    1521148 kB
Buffers:           33328 kB
Cached:           228600 kB
MemTotal:        1844596 kB
MemFree:         1389728 kB
MemAvailable:    1522000 kB
Buffers:           33328 kB
Cached:           228600 kB
MemTotal:        1844596 kB
MemFree:         1389000 kB
MemAvailable:    1521272 kB
Buffers:           33328 kB
Cached:           228600 kB
MemTotal:        1844596 kB
MemFree:         1389500 kB
MemAvailable:    1521772 kB
Buffers:           33328 kB
Cached:           228600 kB
MemTotal:        1844596 kB
MemFree:         1388068 kB
MemAvailable:    1520340 kB
Buffers:           33328 kB
Cached:           228600 kB
MemTotal:        1844596 kB
MemFree:         1389060 kB
MemAvailable:    1521332 kB
Buffers:           33328 kB
Cached:           228600 kB
MemTotal:        1844596 kB
MemFree:         1388124 kB
MemAvailable:    1520396 kB
Buffers:           33328 kB
Cached:           228600 kB
MemTotal:        1844596 kB
MemFree:         1387492 kB
MemAvailable:    1519764 kB
Buffers:           33328 kB
Cached:           228600 kB
MemTotal:        1844596 kB
MemFree:         1388900 kB
MemAvailable:    1521172 kB
Buffers:           33328 kB
Cached:           228600 kB
MemTotal:        1844596 kB
MemFree:         1388932 kB
MemAvailable:    1521204 kB
Buffers:           33328 kB
Cached:           228600 kB
MemTotal:        1844596 kB
MemFree:         1388628 kB
MemAvailable:    1520900 kB
Buffers:           33328 kB
Cached:           228600 kB
MemTotal:        1844596 kB
MemFree:         1388812 kB
MemAvailable:    1521084 kB
Buffers:           33328 kB
Cached:           228600 kB
MemTotal:        1844596 kB
MemFree:         1388772 kB
MemAvailable:    1521044 kB
Buffers:           33328 kB
Cached:           228600 kB
MemTotal:        1844596 kB
MemFree:         1388876 kB
MemAvailable:    1521148 kB
Buffers:           33328 kB
Cached:           228600 kB
MemTotal:        1844596 kB
MemFree:         1388000 kB
MemAvailable:    1520272 kB
Buffers:           33328 kB
Cached:           228600 kB
MemTotal:        1844596 kB
MemFree:         1388940 kB
MemAvailable:    1521216 kB
Buffers:           33328 kB
Cached:           228604 kB
MemTotal:        1844596 kB
MemFree:         1387340 kB
MemAvailable:    1519616 kB
Buffers:           33328 kB
Cached:           228604 kB
MemTotal:        1844596 kB
MemFree:         1388808 kB
MemAvailable:    1521084 kB
Buffers:           33328 kB
Cached:           228604 kB
MemTotal:        1844596 kB
MemFree:         1388700 kB
MemAvailable:    1520976 kB
Buffers:           33328 kB
Cached:           228604 kB
MemTotal:        1844596 kB
MemFree:         1387452 kB
MemAvailable:    1519728 kB
Buffers:           33328 kB
Cached:           228604 kB
MemTotal:        1844596 kB
MemFree:         1387328 kB
MemAvailable:    1519604 kB
Buffers:           33328 kB
Cached:           228604 kB
MemTotal:        1844596 kB
MemFree:         1388796 kB
MemAvailable:    1521072 kB
Buffers:           33328 kB
Cached:           228604 kB
MemTotal:        1844596 kB
MemFree:         1388424 kB
MemAvailable:    1520700 kB
Buffers:           33328 kB
Cached:           228604 kB
MemTotal:        1844596 kB
MemFree:         1388572 kB
MemAvailable:    1520848 kB
Buffers:           33328 kB
Cached:           228604 kB
MemTotal:        1844596 kB
MemFree:         1393216 kB
MemAvailable:    1525492 kB
Buffers:           33328 kB
Cached:           228604 kB
MemTotal:        1844596 kB
MemFree:         1389620 kB
MemAvailable:    1521896 kB
Buffers:           33328 kB
Cached:           228604 kB
MemTotal:        1844596 kB
MemFree:         1389248 kB
MemAvailable:    1521524 kB
Buffers:           33328 kB
Cached:           228604 kB
MemTotal:        1844596 kB
MemFree:         1390424 kB
MemAvailable:    1522700 kB
Buffers:           33328 kB
Cached:           228604 kB
MemTotal:        1844596 kB
MemFree:         1389116 kB
MemAvailable:    1521392 kB
Buffers:           33328 kB
Cached:           228604 kB
MemTotal:        1844596 kB
MemFree:         1389728 kB
MemAvailable:    1522004 kB
Buffers:           33328 kB
Cached:           228604 kB
MemTotal:        1844596 kB
MemFree:         1390064 kB
MemAvailable:    1522340 kB
Buffers:           33328 kB
Cached:           228604 kB
MemTotal:        1844596 kB
MemFree:         1389556 kB
MemAvailable:    1521832 kB
Buffers:           33328 kB
Cached:           228604 kB
MemTotal:        1844596 kB
MemFree:         1388008 kB
MemAvailable:    1520284 kB
Buffers:           33328 kB
Cached:           228604 kB
MemTotal:        1844596 kB
MemFree:         1387712 kB
MemAvailable:    1519988 kB
Buffers:           33328 kB
Cached:           228604 kB
MemTotal:        1844596 kB
MemFree:         1388580 kB
MemAvailable:    1520856 kB
Buffers:           33328 kB
Cached:           228604 kB
MemTotal:        1844596 kB
MemFree:         1388264 kB
MemAvailable:    1520540 kB
Buffers:           33328 kB
Cached:           228604 kB
MemTotal:        1844596 kB
MemFree:         1388516 kB
MemAvailable:    1520792 kB
Buffers:           33328 kB
Cached:           228604 kB
MemTotal:        1844596 kB
MemFree:         1387336 kB
MemAvailable:    1519612 kB
Buffers:           33328 kB
Cached:           228604 kB
MemTotal:        1844596 kB
MemFree:         1388540 kB
MemAvailable:    1520816 kB
Buffers:           33328 kB
Cached:           228604 kB
MemTotal:        1844596 kB
MemFree:         1387240 kB
MemAvailable:    1519516 kB
Buffers:           33328 kB
Cached:           228604 kB
MemTotal:        1844596 kB
MemFree:         1388500 kB
MemAvailable:    1520776 kB
Buffers:           33328 kB
Cached:           228604 kB
MemTotal:        1844596 kB
MemFree:         1387192 kB
MemAvailable:    1519468 kB
Buffers:           33328 kB
Cached:           228604 kB
MemTotal:        1844596 kB
MemFree:         1388488 kB
MemAvailable:    1520764 kB
Buffers:           33328 kB
Cached:           228604 kB
MemTotal:        1844596 kB
MemFree:         1388740 kB
MemAvailable:    1521016 kB
Buffers:           33328 kB
Cached:           228604 kB
MemTotal:        1844596 kB
MemFree:         1388500 kB
MemAvailable:    1520776 kB
Buffers:           33328 kB
Cached:           228604 kB
MemTotal:        1844596 kB
MemFree:         1388544 kB
MemAvailable:    1520820 kB
Buffers:           33328 kB
Cached:           228604 kB
MemTotal:        1844596 kB
MemFree:         1388172 kB
MemAvailable:    1520448 kB
Buffers:           33328 kB
Cached:           228604 kB
MemTotal:        1844596 kB
MemFree:         1388424 kB
MemAvailable:    1520700 kB
Buffers:           33328 kB
Cached:           228604 kB
MemTotal:        1844596 kB
MemFree:         1388428 kB
MemAvailable:    1520704 kB
Buffers:           33328 kB
Cached:           228604 kB
MemTotal:        1844596 kB
MemFree:         1388056 kB
MemAvailable:    1520332 kB
Buffers:           33328 kB
Cached:           228604 kB
MemTotal:        1844596 kB
MemFree:         1388392 kB
MemAvailable:    1520668 kB
Buffers:           33328 kB
Cached:           228604 kB
MemTotal:        1844596 kB
MemFree:         1386984 kB
MemAvailable:    1519260 kB
Buffers:           33328 kB
Cached:           228604 kB
MemTotal:        1844596 kB
MemFree:         1386984 kB
MemAvailable:    1519260 kB
Buffers:           33328 kB
Cached:           228604 kB
MemTotal:        1844596 kB
MemFree:         1388464 kB
MemAvailable:    1520740 kB
Buffers:           33328 kB
Cached:           228604 kB
MemTotal:        1844596 kB
MemFree:         1387636 kB
MemAvailable:    1519912 kB
Buffers:           33328 kB
Cached:           228604 kB
MemTotal:        1844596 kB
MemFree:         1388400 kB
MemAvailable:    1520680 kB
Buffers:           33328 kB
Cached:           228608 kB
MemTotal:        1844596 kB
MemFree:         1387092 kB
MemAvailable:    1519372 kB
Buffers:           33328 kB
Cached:           228608 kB
MemTotal:        1844596 kB
MemFree:         1387132 kB
MemAvailable:    1519412 kB
Buffers:           33328 kB
Cached:           228608 kB
MemTotal:        1844596 kB
MemFree:         1391460 kB
MemAvailable:    1523740 kB
Buffers:           33328 kB
Cached:           228608 kB
MemTotal:        1844596 kB
MemFree:         1389372 kB
MemAvailable:    1521652 kB
Buffers:           33328 kB
Cached:           228608 kB
MemTotal:        1844596 kB
MemFree:         1389248 kB
MemAvailable:    1521528 kB
Buffers:           33328 kB
Cached:           228608 kB
MemTotal:        1844596 kB
MemFree:         1390424 kB
MemAvailable:    1522704 kB
Buffers:           33328 kB
Cached:           228608 kB
MemTotal:        1844596 kB
MemFree:         1390100 kB
MemAvailable:    1522380 kB
Buffers:           33328 kB
Cached:           228608 kB
MemTotal:        1844596 kB
MemFree:         1389752 kB
MemAvailable:    1522032 kB
Buffers:           33328 kB
Cached:           228608 kB
MemTotal:        1844596 kB
MemFree:         1389736 kB
MemAvailable:    1522016 kB
Buffers:           33328 kB
Cached:           228608 kB
MemTotal:        1844596 kB
MemFree:         1389920 kB
MemAvailable:    1522200 kB
Buffers:           33328 kB
Cached:           228608 kB
MemTotal:        1844596 kB
MemFree:         1389108 kB
MemAvailable:    1521388 kB
Buffers:           33328 kB
Cached:           228608 kB
MemTotal:        1844596 kB
MemFree:         1389108 kB
MemAvailable:    1521388 kB
Buffers:           33328 kB
Cached:           228608 kB
MemTotal:        1844596 kB
MemFree:         1387256 kB
MemAvailable:    1519540 kB
Buffers:           33328 kB
Cached:           228612 kB
MemTotal:        1844596 kB
MemFree:         1387132 kB
MemAvailable:    1519416 kB
Buffers:           33328 kB
Cached:           228612 kB
MemTotal:        1844596 kB
MemFree:         1387216 kB
MemAvailable:    1519500 kB
Buffers:           33328 kB
Cached:           228612 kB
MemTotal:        1844596 kB
MemFree:         1387208 kB
MemAvailable:    1519492 kB
Buffers:           33328 kB
Cached:           228612 kB
MemTotal:        1844596 kB
MemFree:         1387124 kB
MemAvailable:    1519408 kB
Buffers:           33328 kB
Cached:           228612 kB
MemTotal:        1844596 kB
MemFree:         1388424 kB
MemAvailable:    1520708 kB
Buffers:           33328 kB
Cached:           228612 kB
MemTotal:        1844596 kB
MemFree:         1387512 kB
MemAvailable:    1519796 kB
Buffers:           33328 kB
Cached:           228612 kB
MemTotal:        1844596 kB
MemFree:         1388116 kB
MemAvailable:    1520400 kB
Buffers:           33328 kB
Cached:           228612 kB
MemTotal:        1844596 kB
MemFree:         1388452 kB
MemAvailable:    1520736 kB
Buffers:           33328 kB
Cached:           228612 kB
MemTotal:        1844596 kB
MemFree:         1388208 kB
MemAvailable:    1520492 kB
Buffers:           33328 kB
Cached:           228612 kB
MemTotal:        1844596 kB
MemFree:         1388392 kB
MemAvailable:    1520676 kB
Buffers:           33328 kB
Cached:           228612 kB
MemTotal:        1844596 kB
MemFree:         1387212 kB
MemAvailable:    1519496 kB
Buffers:           33328 kB
Cached:           228612 kB
MemTotal:        1844596 kB
MemFree:         1387124 kB
MemAvailable:    1519408 kB
Buffers:           33328 kB
Cached:           228612 kB
MemTotal:        1844596 kB
MemFree:         1387008 kB
MemAvailable:    1519292 kB
Buffers:           33328 kB
Cached:           228612 kB
MemTotal:        1844596 kB
MemFree:         1388380 kB
MemAvailable:    1520664 kB
Buffers:           33328 kB
Cached:           228612 kB
MemTotal:        1844596 kB
MemFree:         1388320 kB
MemAvailable:    1520604 kB
Buffers:           33328 kB
Cached:           228612 kB
MemTotal:        1844596 kB
MemFree:         1387760 kB
MemAvailable:    1520044 kB
Buffers:           33328 kB
Cached:           228612 kB
MemTotal:        1844596 kB
MemFree:         1388596 kB
MemAvailable:    1520880 kB
Buffers:           33328 kB
Cached:           228612 kB
MemTotal:        1844596 kB
MemFree:         1387080 kB
MemAvailable:    1519364 kB
Buffers:           33328 kB
Cached:           228612 kB
MemTotal:        1844596 kB
MemFree:         1387444 kB
MemAvailable:    1519728 kB
Buffers:           33328 kB
Cached:           228612 kB
MemTotal:        1844596 kB
MemFree:         1387072 kB
MemAvailable:    1519356 kB
Buffers:           33328 kB
Cached:           228612 kB
MemTotal:        1844596 kB
MemFree:         1387116 kB
MemAvailable:    1519400 kB
Buffers:           33328 kB
Cached:           228612 kB
MemTotal:        1844596 kB
MemFree:         1388580 kB
MemAvailable:    1520864 kB
Buffers:           33328 kB
Cached:           228612 kB
MemTotal:        1844596 kB
MemFree:         1387140 kB
MemAvailable:    1519424 kB
Buffers:           33328 kB
Cached:           228612 kB
MemTotal:        1844596 kB
MemFree:         1387140 kB
MemAvailable:    1519424 kB
Buffers:           33328 kB
Cached:           228612 kB
MemTotal:        1844596 kB
MemFree:         1388548 kB
MemAvailable:    1520832 kB
Buffers:           33328 kB
Cached:           228612 kB
MemTotal:        1844596 kB
MemFree:         1387216 kB
MemAvailable:    1519500 kB
Buffers:           33328 kB
Cached:           228612 kB
MemTotal:        1844596 kB
MemFree:         1388392 kB
MemAvailable:    1520676 kB
Buffers:           33328 kB
Cached:           228612 kB
MemTotal:        1844596 kB
MemFree:         1387380 kB
MemAvailable:    1519664 kB
Buffers:           33328 kB
Cached:           228612 kB
MemTotal:        1844596 kB
MemFree:         1388116 kB
MemAvailable:    1520404 kB
Buffers:           33328 kB
Cached:           228616 kB
MemTotal:        1844596 kB
MemFree:         1388200 kB
MemAvailable:    1520488 kB
Buffers:           33328 kB
Cached:           228616 kB
MemTotal:        1844596 kB
MemFree:         1386876 kB
MemAvailable:    1519164 kB
Buffers:           33328 kB
Cached:           228616 kB
MemTotal:        1844596 kB
MemFree:         1386876 kB
MemAvailable:    1519164 kB
Buffers:           33328 kB
Cached:           228616 kB
MemTotal:        1844596 kB
MemFree:         1388268 kB
MemAvailable:    1520556 kB
Buffers:           33328 kB
Cached:           228616 kB
MemTotal:        1844596 kB
MemFree:         1387256 kB
MemAvailable:    1519544 kB
Buffers:           33340 kB
Cached:           228604 kB
MemTotal:        1844596 kB
MemFree:         1388084 kB
MemAvailable:    1520384 kB
Buffers:           33340 kB
Cached:           228616 kB
MemTotal:        1844596 kB
MemFree:         1388340 kB
MemAvailable:    1520640 kB
Buffers:           33340 kB
Cached:           228616 kB
MemTotal:        1844596 kB
MemFree:         1388316 kB
MemAvailable:    1520616 kB
Buffers:           33340 kB
Cached:           228616 kB
MemTotal:        1844596 kB
MemFree:         1386884 kB
MemAvailable:    1519184 kB
Buffers:           33340 kB
Cached:           228616 kB
MemTotal:        1844596 kB
MemFree:         1386876 kB
MemAvailable:    1519176 kB
Buffers:           33340 kB
Cached:           228616 kB
MemTotal:        1844596 kB
MemFree:         1387008 kB
MemAvailable:    1519308 kB
Buffers:           33340 kB
Cached:           228616 kB
MemTotal:        1844596 kB
MemFree:         1386892 kB
MemAvailable:    1519192 kB
Buffers:           33340 kB
Cached:           228616 kB
MemTotal:        1844596 kB
MemFree:         1388340 kB
MemAvailable:    1520640 kB
Buffers:           33340 kB
Cached:           228616 kB
MemTotal:        1844596 kB
MemFree:         1386892 kB
MemAvailable:    1519192 kB
Buffers:           33340 kB
Cached:           228616 kB
MemTotal:        1844596 kB
MemFree:         1387992 kB
MemAvailable:    1520292 kB
Buffers:           33340 kB
Cached:           228616 kB
MemTotal:        1844596 kB
MemFree:         1388328 kB
MemAvailable:    1520628 kB
Buffers:           33340 kB
Cached:           228616 kB
MemTotal:        1844596 kB
MemFree:         1388244 kB
MemAvailable:    1520544 kB
Buffers:           33340 kB
Cached:           228616 kB
MemTotal:        1844596 kB
MemFree:         1386824 kB
MemAvailable:    1519124 kB
Buffers:           33340 kB
Cached:           228616 kB
MemTotal:        1844596 kB
MemFree:         1386948 kB
MemAvailable:    1519248 kB
Buffers:           33340 kB
Cached:           228616 kB
MemTotal:        1844596 kB
MemFree:         1386824 kB
MemAvailable:    1519124 kB
Buffers:           33340 kB
Cached:           228616 kB
MemTotal:        1844596 kB
MemFree:         1386948 kB
MemAvailable:    1519248 kB
Buffers:           33340 kB
Cached:           228616 kB
MemTotal:        1844596 kB
MemFree:         1386984 kB
MemAvailable:    1519284 kB
Buffers:           33340 kB
Cached:           228616 kB
MemTotal:        1844596 kB
MemFree:         1386844 kB
MemAvailable:    1519144 kB
Buffers:           33340 kB
Cached:           228616 kB
MemTotal:        1844596 kB
MemFree:         1388036 kB
MemAvailable:    1520336 kB
Buffers:           33340 kB
Cached:           228616 kB
MemTotal:        1844596 kB
MemFree:         1388208 kB
MemAvailable:    1520508 kB
Buffers:           33340 kB
Cached:           228616 kB
MemTotal:        1844596 kB
MemFree:         1386952 kB
MemAvailable:    1519252 kB
Buffers:           33340 kB
Cached:           228616 kB
MemTotal:        1844596 kB
MemFree:         1386960 kB
MemAvailable:    1519260 kB
Buffers:           33340 kB
Cached:           228616 kB
MemTotal:        1844596 kB
MemFree:         1388160 kB
MemAvailable:    1520460 kB
Buffers:           33340 kB
Cached:           228616 kB
MemTotal:        1844596 kB
MemFree:         1387264 kB
MemAvailable:    1519564 kB
Buffers:           33340 kB
Cached:           228616 kB
MemTotal:        1844596 kB
MemFree:         1386844 kB
MemAvailable:    1519144 kB
Buffers:           33340 kB
Cached:           228616 kB
MemTotal:        1844596 kB
MemFree:         1387992 kB
MemAvailable:    1520292 kB
Buffers:           33340 kB
Cached:           228616 kB
MemTotal:        1844596 kB
MemFree:         1388328 kB
MemAvailable:    1520628 kB
Buffers:           33340 kB
Cached:           228616 kB
MemTotal:        1844596 kB
MemFree:         1388132 kB
MemAvailable:    1520432 kB
Buffers:           33340 kB
Cached:           228616 kB
MemTotal:        1844596 kB
MemFree:         1387992 kB
MemAvailable:    1520292 kB
Buffers:           33340 kB
Cached:           228616 kB
MemTotal:        1844596 kB
MemFree:         1388328 kB
MemAvailable:    1520628 kB
Buffers:           33340 kB
Cached:           228616 kB
MemTotal:        1844596 kB
MemFree:         1388120 kB
MemAvailable:    1520420 kB
Buffers:           33340 kB
Cached:           228616 kB
MemTotal:        1844596 kB
MemFree:         1386832 kB
MemAvailable:    1519132 kB
Buffers:           33340 kB
Cached:           228616 kB
MemTotal:        1844596 kB
MemFree:         1388224 kB
MemAvailable:    1520524 kB
Buffers:           33340 kB
Cached:           228616 kB
MemTotal:        1844596 kB
MemFree:         1388036 kB
MemAvailable:    1520340 kB
Buffers:           33340 kB
Cached:           228620 kB
MemTotal:        1844596 kB
MemFree:         1388208 kB
MemAvailable:    1520512 kB
Buffers:           33340 kB
Cached:           228620 kB
MemTotal:        1844596 kB
MemFree:         1388288 kB
MemAvailable:    1520592 kB
Buffers:           33340 kB
Cached:           228620 kB
MemTotal:        1844596 kB
MemFree:         1386832 kB
MemAvailable:    1519136 kB
Buffers:           33340 kB
Cached:           228620 kB
MemTotal:        1844596 kB
MemFree:         1388308 kB
MemAvailable:    1520612 kB
Buffers:           33340 kB
Cached:           228620 kB
MemTotal:        1844596 kB
MemFree:         1388308 kB
MemAvailable:    1520612 kB
Buffers:           33340 kB
Cached:           228620 kB
MemTotal:        1844596 kB
MemFree:         1388156 kB
MemAvailable:    1520460 kB
Buffers:           33340 kB
Cached:           228620 kB
MemTotal:        1844596 kB
MemFree:         1388208 kB
MemAvailable:    1520512 kB
Buffers:           33340 kB
Cached:           228620 kB
MemTotal:        1844596 kB
MemFree:         1388000 kB
MemAvailable:    1520304 kB
Buffers:           33340 kB
Cached:           228620 kB
MemTotal:        1844596 kB
MemFree:         1388340 kB
MemAvailable:    1520644 kB
Buffers:           33340 kB
Cached:           228620 kB
MemTotal:        1844596 kB
MemFree:         1386844 kB
MemAvailable:    1519148 kB
Buffers:           33340 kB
Cached:           228620 kB
MemTotal:        1844596 kB
MemFree:         1388144 kB
MemAvailable:    1520448 kB
Buffers:           33340 kB
Cached:           228620 kB
MemTotal:        1844596 kB
MemFree:         1388204 kB
MemAvailable:    1520508 kB
Buffers:           33340 kB
Cached:           228620 kB
MemTotal:        1844596 kB
MemFree:         1386824 kB
MemAvailable:    1519128 kB
Buffers:           33340 kB
Cached:           228620 kB
MemTotal:        1844596 kB
MemFree:         1386832 kB
MemAvailable:    1519136 kB
Buffers:           33340 kB
Cached:           228620 kB
MemTotal:        1844596 kB
MemFree:         1386832 kB
MemAvailable:    1519136 kB
Buffers:           33340 kB
Cached:           228620 kB
MemTotal:        1844596 kB
MemFree:         1388408 kB
MemAvailable:    1520712 kB
Buffers:           33340 kB
Cached:           228620 kB
MemTotal:        1844596 kB
MemFree:         1387512 kB
MemAvailable:    1519816 kB
Buffers:           33340 kB
Cached:           228620 kB
MemTotal:        1844596 kB
MemFree:         1388044 kB
MemAvailable:    1520352 kB
Buffers:           33340 kB
Cached:           228624 kB
MemTotal:        1844596 kB
MemFree:         1388016 kB
MemAvailable:    1520324 kB
Buffers:           33340 kB
Cached:           228624 kB
MemTotal:        1844596 kB
MemFree:         1388316 kB
MemAvailable:    1520624 kB
Buffers:           33340 kB
Cached:           228624 kB
MemTotal:        1844596 kB
MemFree:         1388312 kB
MemAvailable:    1520620 kB
Buffers:           33340 kB
Cached:           228624 kB
MemTotal:        1844596 kB
MemFree:         1388192 kB
MemAvailable:    1520500 kB
Buffers:           33340 kB
Cached:           228624 kB
MemTotal:        1844596 kB
MemFree:         1388264 kB
MemAvailable:    1520572 kB
Buffers:           33340 kB
Cached:           228624 kB
MemTotal:        1844596 kB
MemFree:         1387000 kB
MemAvailable:    1519308 kB
Buffers:           33340 kB
Cached:           228624 kB
MemTotal:        1844596 kB
MemFree:         1386828 kB
MemAvailable:    1519136 kB
Buffers:           33340 kB
Cached:           228624 kB
MemTotal:        1844596 kB
MemFree:         1386944 kB
MemAvailable:    1519252 kB
Buffers:           33340 kB
Cached:           228624 kB
MemTotal:        1844596 kB
MemFree:         1386820 kB
MemAvailable:    1519128 kB
Buffers:           33340 kB
Cached:           228624 kB
MemTotal:        1844596 kB
MemFree:         1387992 kB
MemAvailable:    1520300 kB
Buffers:           33340 kB
Cached:           228624 kB
MemTotal:        1844596 kB
MemFree:         1387992 kB
MemAvailable:    1520300 kB
Buffers:           33340 kB
Cached:           228624 kB
MemTotal:        1844596 kB
MemFree:         1388244 kB
MemAvailable:    1520552 kB
Buffers:           33340 kB
Cached:           228624 kB
MemTotal:        1844596 kB
MemFree:         1388132 kB
MemAvailable:    1520440 kB
Buffers:           33340 kB
Cached:           228624 kB
MemTotal:        1844596 kB
MemFree:         1387884 kB
MemAvailable:    1520068 kB
Buffers:           33340 kB
Cached:           228624 kB
MemTotal:        1844596 kB
MemFree:         1388064 kB
MemAvailable:    1520372 kB
Buffers:           33340 kB
Cached:           228624 kB
MemTotal:        1844596 kB
MemFree:         1388316 kB
MemAvailable:    1520624 kB
Buffers:           33340 kB
Cached:           228624 kB
MemTotal:        1844596 kB
MemFree:         1388196 kB
MemAvailable:    1520504 kB
Buffers:           33340 kB
Cached:           228624 kB
MemTotal:        1844596 kB
MemFree:         1388196 kB
MemAvailable:    1520504 kB
Buffers:           33340 kB
Cached:           228624 kB
MemTotal:        1844596 kB
MemFree:         1386700 kB
MemAvailable:    1519008 kB
Buffers:           33340 kB
Cached:           228624 kB
MemTotal:        1844596 kB
MemFree:         1386832 kB
MemAvailable:    1519140 kB
Buffers:           33340 kB
Cached:           228624 kB
MemTotal:        1844596 kB
MemFree:         1386948 kB
MemAvailable:    1519256 kB
Buffers:           33340 kB
Cached:           228624 kB
MemTotal:        1844596 kB
MemFree:         1386956 kB
MemAvailable:    1519264 kB
Buffers:           33340 kB
Cached:           228624 kB
MemTotal:        1844596 kB
MemFree:         1388196 kB
MemAvailable:    1520504 kB
Buffers:           33340 kB
Cached:           228624 kB
MemTotal:        1844596 kB
MemFree:         1386992 kB
MemAvailable:    1519300 kB
Buffers:           33340 kB
Cached:           228624 kB
MemTotal:        1844596 kB
MemFree:         1386820 kB
MemAvailable:    1519128 kB
Buffers:           33340 kB
Cached:           228624 kB
MemTotal:        1844596 kB
MemFree:         1386856 kB
MemAvailable:    1519164 kB
Buffers:           33340 kB
Cached:           228624 kB
MemTotal:        1844596 kB
MemFree:         1386968 kB
MemAvailable:    1519276 kB
Buffers:           33340 kB
Cached:           228624 kB
MemTotal:        1844596 kB
MemFree:         1388320 kB
MemAvailable:    1520628 kB
Buffers:           33340 kB
Cached:           228624 kB
MemTotal:        1844596 kB
MemFree:         1388216 kB
MemAvailable:    1520524 kB
Buffers:           33340 kB
Cached:           228624 kB
MemTotal:        1844596 kB
MemFree:         1388116 kB
MemAvailable:    1520424 kB
Buffers:           33340 kB
Cached:           228624 kB
MemTotal:        1844596 kB
MemFree:         1388132 kB
MemAvailable:    1520440 kB
Buffers:           33340 kB
Cached:           228624 kB
MemTotal:        1844596 kB
MemFree:         1387208 kB
MemAvailable:    1519516 kB
Buffers:           33340 kB
Cached:           228624 kB
MemTotal:        1844596 kB
MemFree:         1387208 kB
MemAvailable:    1519516 kB
Buffers:           33340 kB
Cached:           228624 kB
MemTotal:        1844596 kB
MemFree:         1388068 kB
MemAvailable:    1520376 kB
Buffers:           33340 kB
Cached:           228624 kB
MemTotal:        1844596 kB
MemFree:         1388324 kB
MemAvailable:    1520632 kB
Buffers:           33340 kB
Cached:           228624 kB
MemTotal:        1844596 kB
MemFree:         1386864 kB
MemAvailable:    1519172 kB
Buffers:           33340 kB
Cached:           228624 kB
MemTotal:        1844596 kB
MemFree:         1388280 kB
MemAvailable:    1520588 kB
Buffers:           33340 kB
Cached:           228624 kB
MemTotal:        1844596 kB
MemFree:         1387120 kB
MemAvailable:    1519428 kB
Buffers:           33340 kB
Cached:           228624 kB
MemTotal:        1844596 kB
MemFree:         1386988 kB
MemAvailable:    1519296 kB
Buffers:           33340 kB
Cached:           228624 kB
MemTotal:        1844596 kB
MemFree:         1386948 kB
MemAvailable:    1519256 kB
Buffers:           33340 kB
Cached:           228624 kB
MemTotal:        1844596 kB
MemFree:         1388304 kB
MemAvailable:    1520612 kB
Buffers:           33340 kB
Cached:           228624 kB
MemTotal:        1844596 kB
MemFree:         1387512 kB
MemAvailable:    1519820 kB
Buffers:           33340 kB
Cached:           228624 kB
MemTotal:        1844596 kB
MemFree:         1388052 kB
MemAvailable:    1520360 kB
Buffers:           33340 kB
Cached:           228624 kB
MemTotal:        1844596 kB
MemFree:         1388388 kB
MemAvailable:    1520696 kB
Buffers:           33340 kB
Cached:           228624 kB
MemTotal:        1844596 kB
MemFree:         1386688 kB
MemAvailable:    1518996 kB
Buffers:           33340 kB
Cached:           228624 kB
MemTotal:        1844596 kB
MemFree:         1386688 kB
MemAvailable:    1518996 kB
Buffers:           33340 kB
Cached:           228624 kB
MemTotal:        1844596 kB
MemFree:         1386940 kB
MemAvailable:    1519248 kB
Buffers:           33340 kB
Cached:           228624 kB
MemTotal:        1844596 kB
MemFree:         1386808 kB
MemAvailable:    1519116 kB
Buffers:           33340 kB
Cached:           228624 kB
MemTotal:        1844596 kB
MemFree:         1388236 kB
MemAvailable:    1520544 kB
Buffers:           33340 kB
Cached:           228624 kB
MemTotal:        1844596 kB
MemFree:         1387992 kB
MemAvailable:    1520300 kB
Buffers:           33340 kB
Cached:           228624 kB
MemTotal:        1844596 kB
MemFree:         1388244 kB
MemAvailable:    1520552 kB
Buffers:           33340 kB
Cached:           228624 kB
MemTotal:        1844596 kB
MemFree:         1388120 kB
MemAvailable:    1520428 kB
Buffers:           33340 kB
Cached:           228624 kB
MemTotal:        1844596 kB
MemFree:         1388140 kB
MemAvailable:    1520452 kB
Buffers:           33340 kB
Cached:           228628 kB
MemTotal:        1844596 kB
MemFree:         1388200 kB
MemAvailable:    1520512 kB
Buffers:           33340 kB
Cached:           228628 kB
MemTotal:        1844596 kB
MemFree:         1387520 kB
MemAvailable:    1519832 kB
Buffers:           33340 kB
Cached:           228628 kB
MemTotal:        1844596 kB
MemFree:         1390480 kB
MemAvailable:    1522792 kB
Buffers:           33340 kB
Cached:           228628 kB
MemTotal:        1844596 kB
MemFree:         1390372 kB
MemAvailable:    1522684 kB
Buffers:           33340 kB
Cached:           228628 kB
MemTotal:        1844596 kB
MemFree:         1390252 kB
MemAvailable:    1522564 kB
Buffers:           33340 kB
Cached:           228628 kB
MemTotal:        1844596 kB
MemFree:         1388952 kB
MemAvailable:    1521264 kB
Buffers:           33340 kB
Cached:           228628 kB
MemTotal:        1844596 kB
MemFree:         1389200 kB
MemAvailable:    1521512 kB
Buffers:           33340 kB
Cached:           228628 kB
MemTotal:        1844596 kB
MemFree:         1390176 kB
MemAvailable:    1522488 kB
Buffers:           33340 kB
Cached:           228628 kB
MemTotal:        1844596 kB
MemFree:         1390248 kB
MemAvailable:    1522560 kB
Buffers:           33340 kB
Cached:           228628 kB
MemTotal:        1844596 kB
MemFree:         1390104 kB
MemAvailable:    1522416 kB
Buffers:           33340 kB
Cached:           228628 kB
MemTotal:        1844596 kB
MemFree:         1389760 kB
MemAvailable:    1522072 kB
Buffers:           33340 kB
Cached:           228628 kB
MemTotal:        1844596 kB
MemFree:         1388828 kB
MemAvailable:    1521140 kB
Buffers:           33340 kB
Cached:           228628 kB
MemTotal:        1844596 kB
MemFree:         1390112 kB
MemAvailable:    1522424 kB
Buffers:           33340 kB
Cached:           228628 kB
MemTotal:        1844596 kB
MemFree:         1389248 kB
MemAvailable:    1521560 kB
Buffers:           33340 kB
Cached:           228628 kB
MemTotal:        1844596 kB
MemFree:         1389736 kB
MemAvailable:    1522048 kB
Buffers:           33340 kB
Cached:           228628 kB
MemTotal:        1844596 kB
MemFree:         1390072 kB
MemAvailable:    1522384 kB
Buffers:           33340 kB
Cached:           228628 kB
MemTotal:        1844596 kB
MemFree:         1389888 kB
MemAvailable:    1522200 kB
Buffers:           33340 kB
Cached:           228628 kB
MemTotal:        1844596 kB
MemFree:         1388624 kB
MemAvailable:    1520936 kB
Buffers:           33340 kB
Cached:           228628 kB
MemTotal:        1844596 kB
MemFree:         1388616 kB
MemAvailable:    1520928 kB
Buffers:           33340 kB
Cached:           228628 kB
MemTotal:        1844596 kB
MemFree:         1388624 kB
MemAvailable:    1520936 kB
Buffers:           33340 kB
Cached:           228628 kB
MemTotal:        1844596 kB
MemFree:         1388616 kB
MemAvailable:    1520928 kB
Buffers:           33340 kB
Cached:           228628 kB
MemTotal:        1844596 kB
MemFree:         1388624 kB
MemAvailable:    1520936 kB
Buffers:           33340 kB
Cached:           228628 kB
MemTotal:        1844596 kB
MemFree:         1388620 kB
MemAvailable:    1520932 kB
Buffers:           33340 kB
Cached:           228628 kB
MemTotal:        1844596 kB
MemFree:         1388572 kB
MemAvailable:    1520884 kB
Buffers:           33340 kB
Cached:           228628 kB
MemTotal:        1844596 kB
MemFree:         1388572 kB
MemAvailable:    1520884 kB
Buffers:           33340 kB
Cached:           228628 kB
MemTotal:        1844596 kB
MemFree:         1388564 kB
MemAvailable:    1520876 kB
Buffers:           33340 kB
Cached:           228628 kB
MemTotal:        1844596 kB
MemFree:         1388928 kB
MemAvailable:    1521240 kB
Buffers:           33340 kB
Cached:           228628 kB
MemTotal:        1844596 kB
MemFree:         1388432 kB
MemAvailable:    1520744 kB
Buffers:           33340 kB
Cached:           228628 kB
MemTotal:        1844596 kB
MemFree:         1388560 kB
MemAvailable:    1520872 kB
Buffers:           33340 kB
Cached:           228628 kB
MemTotal:        1844596 kB
MemFree:         1389860 kB
MemAvailable:    1522172 kB
Buffers:           33340 kB
Cached:           228628 kB
MemTotal:        1844596 kB
MemFree:         1388596 kB
MemAvailable:    1520908 kB
Buffers:           33340 kB
Cached:           228628 kB
MemTotal:        1844596 kB
MemFree:         1389832 kB
MemAvailable:    1522144 kB
Buffers:           33340 kB
Cached:           228628 kB
MemTotal:        1844596 kB
MemFree:         1388752 kB
MemAvailable:    1521064 kB
Buffers:           33340 kB
Cached:           228628 kB
MemTotal:        1844596 kB
MemFree:         1389804 kB
MemAvailable:    1522116 kB
Buffers:           33340 kB
Cached:           228628 kB
MemTotal:        1844596 kB
MemFree:         1389936 kB
MemAvailable:    1522248 kB
Buffers:           33340 kB
Cached:           228628 kB
MemTotal:        1844596 kB
MemFree:         1389856 kB
MemAvailable:    1522168 kB
Buffers:           33340 kB
Cached:           228628 kB
MemTotal:        1844596 kB
MemFree:         1389940 kB
MemAvailable:    1522252 kB
Buffers:           33340 kB
Cached:           228628 kB
MemTotal:        1844596 kB
MemFree:         1389940 kB
MemAvailable:    1522252 kB
Buffers:           33340 kB
Cached:           228628 kB
MemTotal:        1844596 kB
MemFree:         1388636 kB
MemAvailable:    1520948 kB
Buffers:           33340 kB
Cached:           228628 kB
MemTotal:        1844596 kB
MemFree:         1388596 kB
MemAvailable:    1520908 kB
Buffers:           33340 kB
Cached:           228628 kB
MemTotal:        1844596 kB
MemFree:         1389804 kB
MemAvailable:    1522116 kB
Buffers:           33340 kB
Cached:           228628 kB
MemTotal:        1844596 kB
MemFree:         1389960 kB
MemAvailable:    1522272 kB
Buffers:           33340 kB
Cached:           228628 kB
MemTotal:        1844596 kB
MemFree:         1388456 kB
MemAvailable:    1520768 kB
Buffers:           33340 kB
Cached:           228628 kB
MemTotal:        1844596 kB
MemFree:         1389936 kB
MemAvailable:    1522248 kB
Buffers:           33340 kB
Cached:           228628 kB
MemTotal:        1844596 kB
MemFree:         1389920 kB
MemAvailable:    1522232 kB
Buffers:           33340 kB
Cached:           228628 kB
MemTotal:        1844596 kB
MemFree:         1390000 kB
MemAvailable:    1522312 kB
Buffers:           33340 kB
Cached:           228628 kB
MemTotal:        1844596 kB
MemFree:         1390556 kB
MemAvailable:    1522868 kB
Buffers:           33340 kB
Cached:           228628 kB
MemTotal:        1844596 kB
MemFree:         1389124 kB
MemAvailable:    1521436 kB
Buffers:           33340 kB
Cached:           228628 kB
MemTotal:        1844596 kB
MemFree:         1388992 kB
MemAvailable:    1521304 kB
Buffers:           33340 kB
Cached:           228628 kB
MemTotal:        1844596 kB
MemFree:         1390288 kB
MemAvailable:    1522600 kB
Buffers:           33340 kB
Cached:           228628 kB
MemTotal:        1844596 kB
MemFree:         1388984 kB
MemAvailable:    1521296 kB
Buffers:           33340 kB
Cached:           228628 kB
MemTotal:        1844596 kB
MemFree:         1389232 kB
MemAvailable:    1521544 kB
Buffers:           33340 kB
Cached:           228628 kB
MemTotal:        1844596 kB
MemFree:         1390180 kB
MemAvailable:    1522492 kB
Buffers:           33340 kB
Cached:           228628 kB
MemTotal:        1844596 kB
MemFree:         1388504 kB
MemAvailable:    1520816 kB
Buffers:           33340 kB
Cached:           228628 kB
MemTotal:        1844596 kB
MemFree:         1388620 kB
MemAvailable:    1520932 kB
Buffers:           33340 kB
Cached:           228628 kB
MemTotal:        1844596 kB
MemFree:         1389504 kB
MemAvailable:    1521816 kB
Buffers:           33340 kB
Cached:           228628 kB
MemTotal:        1844596 kB
MemFree:         1389256 kB
MemAvailable:    1521568 kB
Buffers:           33340 kB
Cached:           228628 kB
MemTotal:        1844596 kB
MemFree:         1389124 kB
MemAvailable:    1521436 kB
Buffers:           33340 kB
Cached:           228628 kB
MemTotal:        1844596 kB
MemFree:         1390496 kB
MemAvailable:    1522812 kB
Buffers:           33340 kB
Cached:           228632 kB
MemTotal:        1844596 kB
MemFree:         1388992 kB
MemAvailable:    1521308 kB
Buffers:           33340 kB
Cached:           228632 kB
MemTotal:        1844596 kB
MemFree:         1389372 kB
MemAvailable:    1521696 kB
Buffers:           33340 kB
Cached:           228640 kB
MemTotal:        1844596 kB
MemFree:         1389984 kB
MemAvailable:    1522308 kB
Buffers:           33340 kB
Cached:           228640 kB
MemTotal:        1844596 kB
MemFree:         1389264 kB
MemAvailable:    1521588 kB
Buffers:           33340 kB
Cached:           228640 kB
MemTotal:        1844596 kB
MemFree:         1389696 kB
MemAvailable:    1522020 kB
Buffers:           33340 kB
Cached:           228640 kB
MemTotal:        1844596 kB
MemFree:         1389868 kB
MemAvailable:    1522192 kB
Buffers:           33340 kB
Cached:           228640 kB
MemTotal:        1844596 kB
MemFree:         1393524 kB
MemAvailable:    1525848 kB
Buffers:           33340 kB
Cached:           228640 kB
MemTotal:        1844596 kB
MemFree:         1390356 kB
MemAvailable:    1522680 kB
Buffers:           33340 kB
Cached:           228640 kB
MemTotal:        1844596 kB
MemFree:         1389752 kB
MemAvailable:    1522076 kB
Buffers:           33340 kB
Cached:           228640 kB
MemTotal:        1844596 kB
MemFree:         1390420 kB
MemAvailable:    1522744 kB
Buffers:           33340 kB
Cached:           228640 kB
MemTotal:        1844596 kB
MemFree:         1388860 kB
MemAvailable:    1521184 kB
Buffers:           33340 kB
Cached:           228640 kB
MemTotal:        1844596 kB
MemFree:         1390160 kB
MemAvailable:    1522484 kB
Buffers:           33340 kB
Cached:           228640 kB
MemTotal:        1844596 kB
MemFree:         1388812 kB
MemAvailable:    1521136 kB
Buffers:           33340 kB
Cached:           228640 kB
MemTotal:        1844596 kB
MemFree:         1389096 kB
MemAvailable:    1521420 kB
Buffers:           33340 kB
Cached:           228640 kB
MemTotal:        1844596 kB
MemFree:         1390052 kB
MemAvailable:    1522376 kB
Buffers:           33340 kB
Cached:           228640 kB
MemTotal:        1844596 kB
MemFree:         1390048 kB
MemAvailable:    1522372 kB
Buffers:           33340 kB
Cached:           228640 kB
MemTotal:        1844596 kB
MemFree:         1389876 kB
MemAvailable:    1522200 kB
Buffers:           33340 kB
Cached:           228640 kB
MemTotal:        1844596 kB
MemFree:         1390084 kB
MemAvailable:    1522408 kB
Buffers:           33340 kB
Cached:           228640 kB
MemTotal:        1844596 kB
MemFree:         1388456 kB
MemAvailable:    1520780 kB
Buffers:           33340 kB
Cached:           228640 kB
MemTotal:        1844596 kB
MemFree:         1389876 kB
MemAvailable:    1522200 kB
Buffers:           33340 kB
Cached:           228640 kB
MemTotal:        1844596 kB
MemFree:         1390044 kB
MemAvailable:    1522368 kB
Buffers:           33340 kB
Cached:           228640 kB
MemTotal:        1844596 kB
MemFree:         1388580 kB
MemAvailable:    1520904 kB
Buffers:           33340 kB
Cached:           228640 kB
MemTotal:        1844596 kB
MemFree:         1388704 kB
MemAvailable:    1521028 kB
Buffers:           33340 kB
Cached:           228640 kB
MemTotal:        1844596 kB
MemFree:         1394844 kB
MemAvailable:    1527168 kB
Buffers:           33340 kB
Cached:           228640 kB
MemTotal:        1844596 kB
MemFree:         1390744 kB
MemAvailable:    1523068 kB
Buffers:           33340 kB
Cached:           228640 kB
MemTotal:        1844596 kB
MemFree:         1388992 kB
MemAvailable:    1521316 kB
Buffers:           33340 kB
Cached:           228640 kB
MemTotal:        1844596 kB
MemFree:         1388984 kB
MemAvailable:    1521308 kB
Buffers:           33340 kB
Cached:           228640 kB
MemTotal:        1844596 kB
MemFree:         1390356 kB
MemAvailable:    1522680 kB
Buffers:           33340 kB
Cached:           228640 kB
MemTotal:        1844596 kB
MemFree:         1390224 kB
MemAvailable:    1522548 kB
Buffers:           33340 kB
Cached:           228640 kB
MemTotal:        1844596 kB
MemFree:         1388812 kB
MemAvailable:    1521136 kB
Buffers:           33340 kB
Cached:           228640 kB
MemTotal:        1844596 kB
MemFree:         1388812 kB
MemAvailable:    1521136 kB
Buffers:           33340 kB
Cached:           228640 kB
MemTotal:        1844596 kB
MemFree:         1389920 kB
MemAvailable:    1522244 kB
Buffers:           33340 kB
Cached:           228640 kB
MemTotal:        1844596 kB
MemFree:         1389184 kB
MemAvailable:    1521508 kB
Buffers:           33340 kB
Cached:           228640 kB
MemTotal:        1844596 kB
MemFree:         1388548 kB
MemAvailable:    1520872 kB
Buffers:           33340 kB
Cached:           228640 kB
MemTotal:        1844596 kB
MemFree:         1388512 kB
MemAvailable:    1520836 kB
Buffers:           33340 kB
Cached:           228640 kB
MemTotal:        1844596 kB
MemFree:         1388636 kB
MemAvailable:    1520960 kB
Buffers:           33340 kB
Cached:           228640 kB
MemTotal:        1844596 kB
MemFree:         1389736 kB
MemAvailable:    1522060 kB
Buffers:           33340 kB
Cached:           228640 kB
MemTotal:        1844596 kB
MemFree:         1389820 kB
MemAvailable:    1522144 kB
Buffers:           33340 kB
Cached:           228640 kB
MemTotal:        1844596 kB
MemFree:         1389800 kB
MemAvailable:    1522124 kB
Buffers:           33340 kB
Cached:           228640 kB
MemTotal:        1844596 kB
MemFree:         1388368 kB
MemAvailable:    1520692 kB
Buffers:           33340 kB
Cached:           228640 kB
MemTotal:        1844596 kB
MemFree:         1388360 kB
MemAvailable:    1520684 kB
Buffers:           33340 kB
Cached:           228640 kB
MemTotal:        1844596 kB
MemFree:         1388444 kB
MemAvailable:    1520768 kB
Buffers:           33340 kB
Cached:           228640 kB
MemTotal:        1844596 kB
MemFree:         1388444 kB
MemAvailable:    1520768 kB
Buffers:           33340 kB
Cached:           228640 kB
MemTotal:        1844596 kB
MemFree:         1388444 kB
MemAvailable:    1520768 kB
Buffers:           33340 kB
Cached:           228640 kB
MemTotal:        1844596 kB
MemFree:         1389712 kB
MemAvailable:    1522036 kB
Buffers:           33340 kB
Cached:           228640 kB
MemTotal:        1844596 kB
MemFree:         1389752 kB
MemAvailable:    1522076 kB
Buffers:           33340 kB
Cached:           228640 kB
MemTotal:        1844596 kB
MemFree:         1389756 kB
MemAvailable:    1522080 kB
Buffers:           33340 kB
Cached:           228640 kB
MemTotal:        1844596 kB
MemFree:         1394216 kB
MemAvailable:    1526540 kB
Buffers:           33340 kB
Cached:           228640 kB
MemTotal:        1844596 kB
MemFree:         1390480 kB
MemAvailable:    1522808 kB
Buffers:           33340 kB
Cached:           228644 kB
MemTotal:        1844596 kB
MemFree:         1390124 kB
MemAvailable:    1522452 kB
Buffers:           33340 kB
Cached:           228644 kB
MemTotal:        1844596 kB
MemFree:         1389108 kB
MemAvailable:    1521436 kB
Buffers:           33340 kB
Cached:           228644 kB
MemTotal:        1844596 kB
MemFree:         1390100 kB
MemAvailable:    1522428 kB
Buffers:           33340 kB
Cached:           228644 kB
MemTotal:        1844596 kB
MemFree:         1390436 kB
MemAvailable:    1522764 kB
Buffers:           33340 kB
Cached:           228644 kB
MemTotal:        1844596 kB
MemFree:         1388860 kB
MemAvailable:    1521188 kB
Buffers:           33340 kB
Cached:           228644 kB
MemTotal:        1844596 kB
MemFree:         1388852 kB
MemAvailable:    1521180 kB
Buffers:           33340 kB
Cached:           228644 kB
MemTotal:        1844596 kB
MemFree:         1388728 kB
MemAvailable:    1521056 kB
Buffers:           33340 kB
Cached:           228644 kB
MemTotal:        1844596 kB
MemFree:         1388728 kB
MemAvailable:    1521056 kB
Buffers:           33340 kB
Cached:           228644 kB
MemTotal:        1844596 kB
MemFree:         1389736 kB
MemAvailable:    1522064 kB
Buffers:           33340 kB
Cached:           228644 kB
MemTotal:        1844596 kB
MemFree:         1389380 kB
MemAvailable:    1521708 kB
Buffers:           33340 kB
Cached:           228644 kB
MemTotal:        1844596 kB
MemFree:         1388448 kB
MemAvailable:    1520776 kB
Buffers:           33340 kB
Cached:           228644 kB
MemTotal:        1844596 kB
MemFree:         1388456 kB
MemAvailable:    1520784 kB
Buffers:           33340 kB
Cached:           228644 kB
MemTotal:        1844596 kB
MemFree:         1389732 kB
MemAvailable:    1522060 kB
Buffers:           33340 kB
Cached:           228644 kB
MemTotal:        1844596 kB
MemFree:         1389884 kB
MemAvailable:    1522212 kB
Buffers:           33340 kB
Cached:           228644 kB
MemTotal:        1844596 kB
MemFree:         1388456 kB
MemAvailable:    1520784 kB
Buffers:           33340 kB
Cached:           228644 kB
MemTotal:        1844596 kB
MemFree:         1388456 kB
MemAvailable:    1520784 kB
Buffers:           33340 kB
Cached:           228644 kB
MemTotal:        1844596 kB
MemFree:         1388500 kB
MemAvailable:    1520828 kB
Buffers:           33340 kB
Cached:           228644 kB
MemTotal:        1844596 kB
MemFree:         1389808 kB
MemAvailable:    1522136 kB
Buffers:           33340 kB
Cached:           228644 kB
MemTotal:        1844596 kB
MemFree:         1389628 kB
MemAvailable:    1521960 kB
Buffers:           33340 kB
Cached:           228648 kB
MemTotal:        1844596 kB
MemFree:         1388512 kB
MemAvailable:    1520844 kB
Buffers:           33340 kB
Cached:           228648 kB
MemTotal:        1844596 kB
MemFree:         1389680 kB
MemAvailable:    1522012 kB
Buffers:           33340 kB
Cached:           228648 kB
MemTotal:        1844596 kB
MemFree:         1389008 kB
MemAvailable:    1521340 kB
Buffers:           33340 kB
Cached:           228648 kB
MemTotal:        1844596 kB
MemFree:         1388388 kB
MemAvailable:    1520720 kB
Buffers:           33340 kB
Cached:           228648 kB
MemTotal:        1844596 kB
MemFree:         1388596 kB
MemAvailable:    1520928 kB
Buffers:           33340 kB
Cached:           228648 kB
MemTotal:        1844596 kB
MemFree:         1389836 kB
MemAvailable:    1522168 kB
Buffers:           33340 kB
Cached:           228648 kB
MemTotal:        1844596 kB
MemFree:         1389820 kB
MemAvailable:    1522152 kB
Buffers:           33340 kB
Cached:           228648 kB
MemTotal:        1844596 kB
MemFree:         1388512 kB
MemAvailable:    1520844 kB
Buffers:           33340 kB
Cached:           228648 kB
MemTotal:        1844596 kB
MemFree:         1389836 kB
MemAvailable:    1522168 kB
Buffers:           33340 kB
Cached:           228648 kB
MemTotal:        1844596 kB
MemFree:         1389828 kB
MemAvailable:    1522160 kB
Buffers:           33340 kB
Cached:           228648 kB
MemTotal:        1844596 kB
MemFree:         1389620 kB
MemAvailable:    1521952 kB
Buffers:           33340 kB
Cached:           228648 kB
MemTotal:        1844596 kB
MemFree:         1389564 kB
MemAvailable:    1521896 kB
Buffers:           33340 kB
Cached:           228648 kB
MemTotal:        1844596 kB
MemFree:         1389448 kB
MemAvailable:    1521864 kB
Buffers:           33340 kB
Cached:           228772 kB
MemTotal:        1844596 kB
MemFree:         1389616 kB
MemAvailable:    1522032 kB
Buffers:           33340 kB
Cached:           228772 kB
MemTotal:        1844596 kB
MemFree:         1388124 kB
MemAvailable:    1520624 kB
Buffers:           33340 kB
Cached:           228896 kB
MemTotal:        1844596 kB
MemFree:         1389432 kB
MemAvailable:    1522100 kB
Buffers:           33340 kB
Cached:           229020 kB
MemTotal:        1844596 kB
MemFree:         1388388 kB
MemAvailable:    1521140 kB
Buffers:           33340 kB
Cached:           229144 kB
MemTotal:        1844596 kB
MemFree:         1388944 kB
MemAvailable:    1521864 kB
Buffers:           33340 kB
Cached:           229268 kB
MemTotal:        1844596 kB
MemFree:         1388944 kB
MemAvailable:    1521864 kB
Buffers:           33340 kB
Cached:           229268 kB
MemTotal:        1844596 kB
MemFree:         1387736 kB
MemAvailable:    1520656 kB
Buffers:           33340 kB
Cached:           229268 kB
MemTotal:        1844596 kB
MemFree:         1389044 kB
MemAvailable:    1522048 kB
Buffers:           33340 kB
Cached:           229392 kB
MemTotal:        1844596 kB
MemFree:         1388804 kB
MemAvailable:    1521808 kB
Buffers:           33340 kB
Cached:           229392 kB
MemTotal:        1844596 kB
MemFree:         1388876 kB
MemAvailable:    1521880 kB
Buffers:           33340 kB
Cached:           229392 kB
MemTotal:        1844596 kB
MemFree:         1387752 kB
MemAvailable:    1520756 kB
Buffers:           33340 kB
Cached:           229392 kB
MemTotal:        1844596 kB
MemFree:         1388988 kB
MemAvailable:    1521992 kB
Buffers:           33340 kB
Cached:           229392 kB
MemTotal:        1844596 kB
MemFree:         1387892 kB
MemAvailable:    1520896 kB
Buffers:           33340 kB
Cached:           229392 kB
MemTotal:        1844596 kB
MemFree:         1387752 kB
MemAvailable:    1520168 kB
Buffers:           33340 kB
Cached:           228720 kB
MemTotal:        1844596 kB
MemFree:         1457808 kB
MemAvailable:    1590224 kB
Buffers:           33340 kB
Cached:           228720 kB
