MemTotal:        1844596 kB
MemFree:         1431712 kB
MemAvailable:    1567536 kB
Buffers:           33848 kB
Cached:           231448 kB
MemTotal:        1844596 kB
MemFree:         1431300 kB
MemAvailable:    1567124 kB
Buffers:           33848 kB
Cached:           231448 kB
MemTotal:        1844596 kB
MemFree:         1429612 kB
MemAvailable:    1565436 kB
Buffers:           33848 kB
Cached:           231448 kB
MemTotal:        1844596 kB
MemFree:         1429580 kB
MemAvailable:    1565404 kB
Buffers:           33848 kB
Cached:           231448 kB
MemTotal:        1844596 kB
MemFree:         1428124 kB
MemAvailable:    1563948 kB
Buffers:           33848 kB
Cached:           231448 kB
MemTotal:        1844596 kB
MemFree:         1427512 kB
MemAvailable:    1563336 kB
Buffers:           33848 kB
Cached:           231448 kB
MemTotal:        1844596 kB
MemFree:         1426140 kB
MemAvailable:    1561964 kB
Buffers:           33848 kB
Cached:           231448 kB
MemTotal:        1844596 kB
MemFree:         1424660 kB
MemAvailable:    1560484 kB
Buffers:           33848 kB
Cached:           231448 kB
MemTotal:        1844596 kB
MemFree:         1419948 kB
MemAvailable:    1555772 kB
Buffers:           33848 kB
Cached:           231448 kB
MemTotal:        1844596 kB
MemFree:         1417468 kB
MemAvailable:    1553292 kB
Buffers:           33848 kB
Cached:           231448 kB
MemTotal:        1844596 kB
MemFree:         1419444 kB
MemAvailable:    1555268 kB
Buffers:           33848 kB
Cached:           231448 kB
MemTotal:        1844596 kB
MemFree:         1419780 kB
MemAvailable:    1555604 kB
Buffers:           33848 kB
Cached:           231448 kB
MemTotal:        1844596 kB
MemFree:         1418072 kB
MemAvailable:    1553896 kB
Buffers:           33848 kB
Cached:           231448 kB
MemTotal:        1844596 kB
MemFree:         1419652 kB
MemAvailable:    1555476 kB
Buffers:           33848 kB
Cached:           231448 kB
MemTotal:        1844596 kB
MemFree:         1418700 kB
MemAvailable:    1554524 kB
Buffers:           33848 kB
Cached:           231448 kB
MemTotal:        1844596 kB
MemFree:         1419308 kB
MemAvailable:    1555132 kB
Buffers:           33848 kB
Cached:           231448 kB
MemTotal:        1844596 kB
MemFree:         1417964 kB
MemAvailable:    1553788 kB
Buffers:           33848 kB
Cached:           231448 kB
MemTotal:        1844596 kB
MemFree:         1417576 kB
MemAvailable:    1553400 kB
Buffers:           33848 kB
Cached:           231448 kB
MemTotal:        1844596 kB
MemFree:         1417468 kB
MemAvailable:    1553292 kB
Buffers:           33848 kB
Cached:           231448 kB
MemTotal:        1844596 kB
MemFree:         1416444 kB
MemAvailable:    1552268 kB
Buffers:           33848 kB
Cached:           231448 kB
MemTotal:        1844596 kB
MemFree:         1415536 kB
MemAvailable:    1551360 kB
Buffers:           33848 kB
Cached:           231448 kB
MemTotal:        1844596 kB
MemFree:         1415528 kB
MemAvailable:    1551352 kB
Buffers:           33848 kB
Cached:           231448 kB
MemTotal:        1844596 kB
MemFree:         1417000 kB
MemAvailable:    1552824 kB
Buffers:           33848 kB
Cached:           231448 kB
MemTotal:        1844596 kB
MemFree:         1416840 kB
MemAvailable:    1552664 kB
Buffers:           33848 kB
Cached:           231448 kB
MemTotal:        1844596 kB
MemFree:         1417008 kB
MemAvailable:    1552832 kB
Buffers:           33848 kB
Cached:           231448 kB
MemTotal:        1844596 kB
MemFree:         1416832 kB
MemAvailable:    1552660 kB
Buffers:           33848 kB
Cached:           231452 kB
MemTotal:        1844596 kB
MemFree:         1417168 kB
MemAvailable:    1552996 kB
Buffers:           33848 kB
Cached:           231452 kB
MemTotal:        1844596 kB
MemFree:         1418204 kB
MemAvailable:    1554032 kB
Buffers:           33848 kB
Cached:           231452 kB
MemTotal:        1844596 kB
MemFree:         1418544 kB
MemAvailable:    1554372 kB
Buffers:           33848 kB
Cached:           231452 kB
MemTotal:        1844596 kB
MemFree:         1417840 kB
MemAvailable:    1553668 kB
Buffers:           33848 kB
Cached:           231452 kB
MemTotal:        1844596 kB
MemFree:         1416536 kB
MemAvailable:    1552364 kB
Buffers:           33848 kB
Cached:           231452 kB
MemTotal:        1844596 kB
MemFree:         1415608 kB
MemAvailable:    1551436 kB
Buffers:           33848 kB
Cached:           231452 kB
MemTotal:        1844596 kB
MemFree:         1414228 kB
MemAvailable:    1550056 kB
Buffers:           33848 kB
Cached:           231452 kB
MemTotal:        1844596 kB
MemFree:         1414228 kB
MemAvailable:    1550056 kB
Buffers:           33856 kB
Cached:           231444 kB
MemTotal:        1844596 kB
MemFree:         1413716 kB
MemAvailable:    1549544 kB
Buffers:           33860 kB
Cached:           231440 kB
MemTotal:        1844596 kB
MemFree:         1414052 kB
MemAvailable:    1549880 kB
Buffers:           33860 kB
Cached:           231440 kB
MemTotal:        1844596 kB
MemFree:         1412128 kB
MemAvailable:    1547956 kB
Buffers:           33860 kB
Cached:           231440 kB
MemTotal:        1844596 kB
MemFree:         1411880 kB
MemAvailable:    1547708 kB
Buffers:           33860 kB
Cached:           231440 kB
MemTotal:        1844596 kB
MemFree:         1411764 kB
MemAvailable:    1547592 kB
Buffers:           33860 kB
Cached:           231440 kB
MemTotal:        1844596 kB
MemFree:         1412872 kB
MemAvailable:    1548700 kB
Buffers:           33860 kB
Cached:           231440 kB
MemTotal:        1844596 kB
MemFree:         1411492 kB
MemAvailable:    1547320 kB
Buffers:           33860 kB
Cached:           231440 kB
MemTotal:        1844596 kB
MemFree:         1412684 kB
MemAvailable:    1548512 kB
Buffers:           33860 kB
Cached:           231440 kB
MemTotal:        1844596 kB
MemFree:         1412644 kB
MemAvailable:    1548472 kB
Buffers:           33860 kB
Cached:           231440 kB
MemTotal:        1844596 kB
MemFree:         1411208 kB
MemAvailable:    1547036 kB
Buffers:           33860 kB
Cached:           231440 kB
MemTotal:        1844596 kB
MemFree:         1410952 kB
MemAvailable:    1546780 kB
Buffers:           33860 kB
Cached:           231440 kB
MemTotal:        1844596 kB
MemFree:         1411940 kB
MemAvailable:    1547768 kB
Buffers:           33860 kB
Cached:           231440 kB
MemTotal:        1844596 kB
MemFree:         1412084 kB
MemAvailable:    1547912 kB
Buffers:           33860 kB
Cached:           231440 kB
MemTotal:        1844596 kB
MemFree:         1412392 kB
MemAvailable:    1548220 kB
Buffers:           33860 kB
Cached:           231440 kB
MemTotal:        1844596 kB
MemFree:         1411144 kB
MemAvailable:    1546972 kB
Buffers:           33860 kB
Cached:           231440 kB
MemTotal:        1844596 kB
MemFree:         1410888 kB
MemAvailable:    1546716 kB
Buffers:           33860 kB
Cached:           231440 kB
MemTotal:        1844596 kB
MemFree:         1410880 kB
MemAvailable:    1546708 kB
Buffers:           33860 kB
Cached:           231440 kB
MemTotal:        1844596 kB
MemFree:         1411004 kB
MemAvailable:    1546832 kB
Buffers:           33860 kB
Cached:           231440 kB
MemTotal:        1844596 kB
MemFree:         1410748 kB
MemAvailable:    1546576 kB
Buffers:           33860 kB
Cached:           231440 kB
MemTotal:        1844596 kB
MemFree:         1410872 kB
MemAvailable:    1546700 kB
Buffers:           33860 kB
Cached:           231440 kB
MemTotal:        1844596 kB
MemFree:         1410392 kB
MemAvailable:    1546220 kB
Buffers:           33860 kB
Cached:           231440 kB
MemTotal:        1844596 kB
MemFree:         1411508 kB
MemAvailable:    1547336 kB
Buffers:           33860 kB
Cached:           231440 kB
MemTotal:        1844596 kB
MemFree:         1410136 kB
MemAvailable:    1545964 kB
Buffers:           33860 kB
Cached:           231440 kB
MemTotal:        1844596 kB
MemFree:         1411328 kB
MemAvailable:    1547156 kB
Buffers:           33860 kB
Cached:           231440 kB
MemTotal:        1844596 kB
MemFree:         1411260 kB
MemAvailable:    1547088 kB
Buffers:           33860 kB
Cached:           231440 kB
MemTotal:        1844596 kB
MemFree:         1409648 kB
MemAvailable:    1545476 kB
Buffers:           33860 kB
Cached:           231440 kB
MemTotal:        1844596 kB
MemFree:         1409772 kB
MemAvailable:    1545600 kB
Buffers:           33860 kB
Cached:           231440 kB
MemTotal:        1844596 kB
MemFree:         1411072 kB
MemAvailable:    1546900 kB
Buffers:           33860 kB
Cached:           231440 kB
MemTotal:        1844596 kB
MemFree:         1410964 kB
MemAvailable:    1546792 kB
Buffers:           33860 kB
Cached:           231440 kB
MemTotal:        1844596 kB
MemFree:         1409636 kB
MemAvailable:    1545464 kB
Buffers:           33860 kB
Cached:           231440 kB
MemTotal:        1844596 kB
MemFree:         1410944 kB
MemAvailable:    1546772 kB
Buffers:           33860 kB
Cached:           231440 kB
MemTotal:        1844596 kB
MemFree:         1409596 kB
MemAvailable:    1545424 kB
Buffers:           33860 kB
Cached:           231440 kB
MemTotal:        1844596 kB
MemFree:         1409596 kB
MemAvailable:    1545424 kB
Buffers:           33860 kB
Cached:           231440 kB
MemTotal:        1844596 kB
MemFree:         1409756 kB
MemAvailable:    1545584 kB
Buffers:           33860 kB
Cached:           231440 kB
MemTotal:        1844596 kB
MemFree:         1408168 kB
MemAvailable:    1543996 kB
Buffers:           33860 kB
Cached:           231440 kB
MemTotal:        1844596 kB
MemFree:         1406672 kB
MemAvailable:    1542500 kB
Buffers:           33860 kB
Cached:           231440 kB
MemTotal:        1844596 kB
MemFree:         1403704 kB
MemAvailable:    1539532 kB
Buffers:           33860 kB
Cached:           231440 kB
MemTotal:        1844596 kB
MemFree:         1402456 kB
MemAvailable:    1538284 kB
Buffers:           33860 kB
Cached:           231440 kB
MemTotal:        1844596 kB
MemFree:         1402084 kB
MemAvailable:    1537912 kB
Buffers:           33860 kB
Cached:           231440 kB
MemTotal:        1844596 kB
MemFree:         1402208 kB
MemAvailable:    1538036 kB
Buffers:           33860 kB
Cached:           231440 kB
MemTotal:        1844596 kB
MemFree:         1402904 kB
MemAvailable:    1538732 kB
Buffers:           33860 kB
Cached:           231440 kB
MemTotal:        1844596 kB
MemFree:         1403072 kB
MemAvailable:    1538900 kB
Buffers:           33860 kB
Cached:           231440 kB
MemTotal:        1844596 kB
MemFree:         1402832 kB
MemAvailable:    1538660 kB
Buffers:           33860 kB
Cached:           231440 kB
MemTotal:        1844596 kB
MemFree:         1402772 kB
MemAvailable:    1538600 kB
Buffers:           33860 kB
Cached:           231440 kB
MemTotal:        1844596 kB
MemFree:         1402204 kB
MemAvailable:    1538032 kB
Buffers:           33860 kB
Cached:           231440 kB
MemTotal:        1844596 kB
MemFree:         1402956 kB
MemAvailable:    1538784 kB
Buffers:           33860 kB
Cached:           231440 kB
MemTotal:        1844596 kB
MemFree:         1401648 kB
MemAvailable:    1537476 kB
Buffers:           33860 kB
Cached:           231440 kB
MemTotal:        1844596 kB
MemFree:         1401692 kB
MemAvailable:    1537520 kB
Buffers:           33860 kB
Cached:           231440 kB
MemTotal:        1844596 kB
MemFree:         1402772 kB
MemAvailable:    1538600 kB
Buffers:           33860 kB
Cached:           231440 kB
MemTotal:        1844596 kB
MemFree:         1403024 kB
MemAvailable:    1538852 kB
Buffers:           33860 kB
Cached:           231440 kB
MemTotal:        1844596 kB
MemFree:         1402840 kB
MemAvailable:    1538668 kB
Buffers:           33860 kB
Cached:           231440 kB
MemTotal:        1844596 kB
MemFree:         1402648 kB
MemAvailable:    1538476 kB
Buffers:           33860 kB
Cached:           231440 kB
MemTotal:        1844596 kB
MemFree:         1402200 kB
MemAvailable:    1538028 kB
Buffers:           33860 kB
Cached:           231440 kB
MemTotal:        1844596 kB
MemFree:         1402200 kB
MemAvailable:    1538028 kB
Buffers:           33860 kB
Cached:           231440 kB
MemTotal:        1844596 kB
MemFree:         1400704 kB
MemAvailable:    1536532 kB
Buffers:           33860 kB
Cached:           231440 kB
MemTotal:        1844596 kB
MemFree:         1401392 kB
MemAvailable:    1537220 kB
Buffers:           33860 kB
Cached:           231440 kB
MemTotal:        1844596 kB
MemFree:         1399976 kB
MemAvailable:    1535804 kB
Buffers:           33860 kB
Cached:           231440 kB
MemTotal:        1844596 kB
MemFree:         1400092 kB
MemAvailable:    1535920 kB
Buffers:           33860 kB
Cached:           231440 kB
MemTotal:        1844596 kB
MemFree:         1400472 kB
MemAvailable:    1536324 kB
Buffers:           33860 kB
Cached:           231464 kB
MemTotal:        1844596 kB
MemFree:         1400208 kB
MemAvailable:    1536060 kB
Buffers:           33860 kB
Cached:           231464 kB
MemTotal:        1844596 kB
MemFree:         1400208 kB
MemAvailable:    1536060 kB
Buffers:           33860 kB
Cached:           231464 kB
MemTotal:        1844596 kB
MemFree:         1399976 kB
MemAvailable:    1535828 kB
Buffers:           33860 kB
Cached:           231464 kB
MemTotal:        1844596 kB
MemFree:         1399728 kB
MemAvailable:    1535580 kB
Buffers:           33860 kB
Cached:           231464 kB
MemTotal:        1844596 kB
MemFree:         1398240 kB
MemAvailable:    1534092 kB
Buffers:           33860 kB
Cached:           231464 kB
MemTotal:        1844596 kB
MemFree:         1397984 kB
MemAvailable:    1533836 kB
Buffers:           33860 kB
Cached:           231464 kB
MemTotal:        1844596 kB
MemFree:         1398968 kB
MemAvailable:    1534820 kB
Buffers:           33860 kB
Cached:           231464 kB
MemTotal:        1844596 kB
MemFree:         1398968 kB
MemAvailable:    1534820 kB
Buffers:           33860 kB
Cached:           231464 kB
MemTotal:        1844596 kB
MemFree:         1397724 kB
MemAvailable:    1533576 kB
Buffers:           33860 kB
Cached:           231464 kB
MemTotal:        1844596 kB
MemFree:         1398924 kB
MemAvailable:    1534776 kB
Buffers:           33860 kB
Cached:           231464 kB
MemTotal:        1844596 kB
MemFree:         1398924 kB
MemAvailable:    1534776 kB
Buffers:           33860 kB
Cached:           231464 kB
MemTotal:        1844596 kB
MemFree:         1399028 kB
MemAvailable:    1534880 kB
Buffers:           33860 kB
Cached:           231464 kB
MemTotal:        1844596 kB
MemFree:         1397572 kB
MemAvailable:    1533424 kB
Buffers:           33860 kB
Cached:           231464 kB
MemTotal:        1844596 kB
MemFree:         1398472 kB
MemAvailable:    1534324 kB
Buffers:           33860 kB
Cached:           231464 kB
MemTotal:        1844596 kB
MemFree:         1398808 kB
MemAvailable:    1534660 kB
Buffers:           33860 kB
Cached:           231464 kB
MemTotal:        1844596 kB
MemFree:         1393148 kB
MemAvailable:    1529000 kB
Buffers:           33860 kB
Cached:           231464 kB
MemTotal:        1844596 kB
MemFree:         1390800 kB
MemAvailable:    1526652 kB
Buffers:           33860 kB
Cached:           231464 kB
MemTotal:        1844596 kB
MemFree:         1390752 kB
MemAvailable:    1526604 kB
Buffers:           33860 kB
Cached:           231464 kB
MemTotal:        1844596 kB
MemFree:         1390524 kB
MemAvailable:    1526376 kB
Buffers:           33860 kB
Cached:           231464 kB
MemTotal:        1844596 kB
MemFree:         1390776 kB
MemAvailable:    1526628 kB
Buffers:           33860 kB
Cached:           231464 kB
MemTotal:        1844596 kB
MemFree:         1390664 kB
MemAvailable:    1526516 kB
Buffers:           33860 kB
Cached:           231464 kB
MemTotal:        1844596 kB
MemFree:         1389376 kB
MemAvailable:    1525228 kB
Buffers:           33860 kB
Cached:           231464 kB
MemTotal:        1844596 kB
MemFree:         1391764 kB
MemAvailable:    1527616 kB
Buffers:           33860 kB
Cached:           231464 kB
MemTotal:        1844596 kB
MemFree:         1388188 kB
MemAvailable:    1524040 kB
Buffers:           33860 kB
Cached:           231464 kB
MemTotal:        1844596 kB
MemFree:         1388312 kB
MemAvailable:    1524164 kB
Buffers:           33860 kB
Cached:           231464 kB
MemTotal:        1844596 kB
MemFree:         1389248 kB
MemAvailable:    1525184 kB
Buffers:           33860 kB
Cached:           231588 kB
MemTotal:        1844596 kB
MemFree:         1387684 kB
MemAvailable:    1523788 kB
Buffers:           33860 kB
Cached:           231712 kB
MemTotal:        1844596 kB
MemFree:         1388816 kB
MemAvailable:    1525088 kB
Buffers:           33860 kB
Cached:           231836 kB
MemTotal:        1844596 kB
MemFree:         1388072 kB
MemAvailable:    1524344 kB
Buffers:           33860 kB
Cached:           231960 kB
MemTotal:        1844596 kB
MemFree:         1388248 kB
MemAvailable:    1524604 kB
Buffers:           33860 kB
Cached:           232084 kB
MemTotal:        1844596 kB
MemFree:         1388584 kB
MemAvailable:    1524940 kB
Buffers:           33860 kB
Cached:           232084 kB
MemTotal:        1844596 kB
MemFree:         1388484 kB
MemAvailable:    1524924 kB
Buffers:           33860 kB
Cached:           232084 kB
MemTotal:        1844596 kB
MemFree:         1387576 kB
MemAvailable:    1524016 kB
Buffers:           33860 kB
Cached:           232084 kB
MemTotal:        1844596 kB
MemFree:         1388452 kB
MemAvailable:    1524892 kB
Buffers:           33860 kB
Cached:           232084 kB
MemTotal:        1844596 kB
MemFree:         1386892 kB
MemAvailable:    1523332 kB
Buffers:           33860 kB
Cached:           232084 kB
MemTotal:        1844596 kB
MemFree:         1387008 kB
MemAvailable:    1523448 kB
Buffers:           33860 kB
Cached:           232084 kB
MemTotal:        1844596 kB
MemFree:         1387140 kB
MemAvailable:    1523580 kB
Buffers:           33860 kB
Cached:           232084 kB
MemTotal:        1844596 kB
MemFree:         1387140 kB
MemAvailable:    1523580 kB
Buffers:           33860 kB
Cached:           232084 kB
MemTotal:        1844596 kB
MemFree:         1388324 kB
MemAvailable:    1524260 kB
Buffers:           33860 kB
Cached:           231452 kB
MemTotal:        1844596 kB
MemFree:         1460192 kB
MemAvailable:    1596072 kB
Buffers:           33860 kB
Cached:           231524 kB
