MemTotal:        1844596 kB
MemFree:         1415656 kB
MemAvailable:    1568204 kB
Buffers:           35924 kB
Cached:           247496 kB
MemTotal:        1844596 kB
MemFree:         1413804 kB
MemAvailable:    1566352 kB
Buffers:           35924 kB
Cached:           247496 kB
MemTotal:        1844596 kB
MemFree:         1410580 kB
MemAvailable:    1563128 kB
Buffers:           35924 kB
Cached:           247496 kB
MemTotal:        1844596 kB
MemFree:         1409456 kB
MemAvailable:    1562004 kB
Buffers:           35924 kB
Cached:           247496 kB
MemTotal:        1844596 kB
MemFree:         1409324 kB
MemAvailable:    1561872 kB
Buffers:           35924 kB
Cached:           247496 kB
MemTotal:        1844596 kB
MemFree:         1409216 kB
MemAvailable:    1561764 kB
Buffers:           35924 kB
Cached:           247496 kB
MemTotal:        1844596 kB
MemFree:         1406424 kB
MemAvailable:    1558972 kB
Buffers:           35924 kB
Cached:           247496 kB
MemTotal:        1844596 kB
MemFree:         1403124 kB
MemAvailable:    1555672 kB
Buffers:           35924 kB
Cached:           247496 kB
MemTotal:        1844596 kB
MemFree:         1403016 kB
MemAvailable:    1555564 kB
Buffers:           35924 kB
Cached:           247496 kB
MemTotal:        1844596 kB
MemFree:         1399232 kB
MemAvailable:    1551780 kB
Buffers:           35924 kB
Cached:           247496 kB
MemTotal:        1844596 kB
MemFree:         1398676 kB
MemAvailable:    1551228 kB
Buffers:           35924 kB
Cached:           247500 kB
MemTotal:        1844596 kB
MemFree:         1400076 kB
MemAvailable:    1552628 kB
Buffers:           35924 kB
Cached:           247500 kB
MemTotal:        1844596 kB
MemFree:         1400248 kB
MemAvailable:    1552800 kB
Buffers:           35924 kB
Cached:           247500 kB
MemTotal:        1844596 kB
MemFree:         1400164 kB
MemAvailable:    1552716 kB
Buffers:           35924 kB
Cached:           247500 kB
MemTotal:        1844596 kB
MemFree:         1399296 kB
MemAvailable:    1551848 kB
Buffers:           35924 kB
Cached:           247500 kB
MemTotal:        1844596 kB
MemFree:         1398488 kB
MemAvailable:    1551040 kB
Buffers:           35924 kB
Cached:           247500 kB
MemTotal:        1844596 kB
MemFree:         1398180 kB
MemAvailable:    1550732 kB
Buffers:           35924 kB
Cached:           247500 kB
MemTotal:        1844596 kB
MemFree:         1398180 kB
MemAvailable:    1550732 kB
Buffers:           35924 kB
Cached:           247500 kB
MemTotal:        1844596 kB
MemFree:         1397668 kB
MemAvailable:    1550220 kB
Buffers:           35924 kB
Cached:           247500 kB
MemTotal:        1844596 kB
MemFree:         1397752 kB
MemAvailable:    1550304 kB
Buffers:           35924 kB
Cached:           247500 kB
MemTotal:        1844596 kB
MemFree:         1396432 kB
MemAvailable:    1548984 kB
Buffers:           35924 kB
Cached:           247500 kB
MemTotal:        1844596 kB
MemFree:         1397468 kB
MemAvailable:    1550020 kB
Buffers:           35924 kB
Cached:           247500 kB
MemTotal:        1844596 kB
MemFree:         1397468 kB
MemAvailable:    1550020 kB
Buffers:           35924 kB
Cached:           247500 kB
MemTotal:        1844596 kB
MemFree:         1397500 kB
MemAvailable:    1550052 kB
Buffers:           35924 kB
Cached:           247500 kB
MemTotal:        1844596 kB
MemFree:         1397720 kB
MemAvailable:    1550272 kB
Buffers:           35924 kB
Cached:           247500 kB
MemTotal:        1844596 kB
MemFree:         1398656 kB
MemAvailable:    1551208 kB
Buffers:           35924 kB
Cached:           247500 kB
MemTotal:        1844596 kB
MemFree:         1398916 kB
MemAvailable:    1551468 kB
Buffers:           35924 kB
Cached:           247500 kB
MemTotal:        1844596 kB
MemFree:         1398984 kB
MemAvailable:    1551536 kB
Buffers:           35924 kB
Cached:           247500 kB
MemTotal:        1844596 kB
MemFree:         1397312 kB
MemAvailable:    1549864 kB
Buffers:           35924 kB
Cached:           247500 kB
MemTotal:        1844596 kB
MemFree:         1395436 kB
MemAvailable:    1547988 kB
Buffers:           35924 kB
Cached:           247500 kB
MemTotal:        1844596 kB
MemFree:         1395204 kB
MemAvailable:    1547756 kB
Buffers:           35924 kB
Cached:           247500 kB
MemTotal:        1844596 kB
MemFree:         1395148 kB
MemAvailable:    1547700 kB
Buffers:           35924 kB
Cached:           247500 kB
MemTotal:        1844596 kB
MemFree:         1393460 kB
MemAvailable:    1546012 kB
Buffers:           35924 kB
Cached:           247500 kB
MemTotal:        1844596 kB
MemFree:         1394576 kB
MemAvailable:    1547128 kB
Buffers:           35924 kB
Cached:           247500 kB
MemTotal:        1844596 kB
MemFree:         1393096 kB
MemAvailable:    1545648 kB
Buffers:           35924 kB
Cached:           247500 kB
MemTotal:        1844596 kB
MemFree:         1392592 kB
MemAvailable:    1545144 kB
Buffers:           35924 kB
Cached:           247500 kB
MemTotal:        1844596 kB
MemFree:         1393652 kB
MemAvailable:    1546208 kB
Buffers:           35924 kB
Cached:           247504 kB
MemTotal:        1844596 kB
MemFree:         1392476 kB
MemAvailable:    1545032 kB
Buffers:           35924 kB
Cached:           247504 kB
MemTotal:        1844596 kB
MemFree:         1393408 kB
MemAvailable:    1545964 kB
Buffers:           35924 kB
Cached:           247504 kB
MemTotal:        1844596 kB
MemFree:         1393408 kB
MemAvailable:    1545964 kB
Buffers:           35924 kB
Cached:           247504 kB
MemTotal:        1844596 kB
MemFree:         1393608 kB
MemAvailable:    1546164 kB
Buffers:           35924 kB
Cached:           247504 kB
MemTotal:        1844596 kB
MemFree:         1393516 kB
MemAvailable:    1546072 kB
Buffers:           35924 kB
Cached:           247504 kB
MemTotal:        1844596 kB
MemFree:         1393252 kB
MemAvailable:    1545808 kB
Buffers:           35924 kB
Cached:           247504 kB
MemTotal:        1844596 kB
MemFree:         1392716 kB
MemAvailable:    1545272 kB
Buffers:           35924 kB
Cached:           247504 kB
MemTotal:        1844596 kB
MemFree:         1392716 kB
MemAvailable:    1545272 kB
Buffers:           35924 kB
Cached:           247504 kB
MemTotal:        1844596 kB
MemFree:         1392364 kB
MemAvailable:    1544920 kB
Buffers:           35924 kB
Cached:           247504 kB
MemTotal:        1844596 kB
MemFree:         1392500 kB
MemAvailable:    1545056 kB
Buffers:           35924 kB
Cached:           247504 kB
MemTotal:        1844596 kB
MemFree:         1392608 kB
MemAvailable:    1545164 kB
Buffers:           35924 kB
Cached:           247504 kB
MemTotal:        1844596 kB
MemFree:         1392476 kB
MemAvailable:    1545032 kB
Buffers:           35924 kB
Cached:           247504 kB
MemTotal:        1844596 kB
MemFree:         1391292 kB
MemAvailable:    1543848 kB
Buffers:           35924 kB
Cached:           247504 kB
MemTotal:        1844596 kB
MemFree:         1391484 kB
MemAvailable:    1544040 kB
Buffers:           35924 kB
Cached:           247504 kB
MemTotal:        1844596 kB
MemFree:         1392496 kB
MemAvailable:    1545052 kB
Buffers:           35924 kB
Cached:           247504 kB
MemTotal:        1844596 kB
MemFree:         1391064 kB
MemAvailable:    1543620 kB
Buffers:           35924 kB
Cached:           247504 kB
MemTotal:        1844596 kB
MemFree:         1392336 kB
MemAvailable:    1544892 kB
Buffers:           35924 kB
Cached:           247504 kB
MemTotal:        1844596 kB
MemFree:         1392336 kB
MemAvailable:    1544892 kB
Buffers:           35924 kB
Cached:           247504 kB
MemTotal:        1844596 kB
MemFree:         1391176 kB
MemAvailable:    1543732 kB
Buffers:           35924 kB
Cached:           247504 kB
MemTotal:        1844596 kB
MemFree:         1392468 kB
MemAvailable:    1545024 kB
Buffers:           35924 kB
Cached:           247504 kB
MemTotal:        1844596 kB
MemFree:         1391104 kB
MemAvailable:    1543660 kB
Buffers:           35924 kB
Cached:           247504 kB
MemTotal:        1844596 kB
MemFree:         1391840 kB
MemAvailable:    1544396 kB
Buffers:           35924 kB
Cached:           247504 kB
MemTotal:        1844596 kB
MemFree:         1391840 kB
MemAvailable:    1544396 kB
Buffers:           35924 kB
Cached:           247504 kB
MemTotal:        1844596 kB
MemFree:         1390220 kB
MemAvailable:    1542776 kB
Buffers:           35924 kB
Cached:           247504 kB
MemTotal:        1844596 kB
MemFree:         1391632 kB
MemAvailable:    1544188 kB
Buffers:           35924 kB
Cached:           247504 kB
MemTotal:        1844596 kB
MemFree:         1391584 kB
MemAvailable:    1544140 kB
Buffers:           35924 kB
Cached:           247504 kB
MemTotal:        1844596 kB
MemFree:         1391272 kB
MemAvailable:    1543828 kB
Buffers:           35924 kB
Cached:           247504 kB
MemTotal:        1844596 kB
MemFree:         1391344 kB
MemAvailable:    1543900 kB
Buffers:           35924 kB
Cached:           247504 kB
MemTotal:        1844596 kB
MemFree:         1391456 kB
MemAvailable:    1544012 kB
Buffers:           35924 kB
Cached:           247504 kB
MemTotal:        1844596 kB
MemFree:         1391456 kB
MemAvailable:    1544012 kB
Buffers:           35924 kB
Cached:           247504 kB
MemTotal:        1844596 kB
MemFree:         1391488 kB
MemAvailable:    1544044 kB
Buffers:           35924 kB
Cached:           247504 kB
MemTotal:        1844596 kB
MemFree:         1391524 kB
MemAvailable:    1544080 kB
Buffers:           35924 kB
Cached:           247504 kB
MemTotal:        1844596 kB
MemFree:         1390216 kB
MemAvailable:    1542772 kB
Buffers:           35924 kB
Cached:           247504 kB
MemTotal:        1844596 kB
MemFree:         1387632 kB
MemAvailable:    1540188 kB
Buffers:           35924 kB
Cached:           247504 kB
MemTotal:        1844596 kB
MemFree:         1383052 kB
MemAvailable:    1535608 kB
Buffers:           35924 kB
Cached:           247504 kB
MemTotal:        1844596 kB
MemFree:         1384104 kB
MemAvailable:    1536660 kB
Buffers:           35924 kB
Cached:           247504 kB
MemTotal:        1844596 kB
MemFree:         1382376 kB
MemAvailable:    1534932 kB
Buffers:           35924 kB
Cached:           247504 kB
MemTotal:        1844596 kB
MemFree:         1382492 kB
MemAvailable:    1535048 kB
Buffers:           35924 kB
Cached:           247504 kB
MemTotal:        1844596 kB
MemFree:         1383476 kB
MemAvailable:    1536032 kB
Buffers:           35924 kB
Cached:           247504 kB
MemTotal:        1844596 kB
MemFree:         1383812 kB
MemAvailable:    1536368 kB
Buffers:           35924 kB
Cached:           247504 kB
MemTotal:        1844596 kB
MemFree:         1383344 kB
MemAvailable:    1535900 kB
Buffers:           35924 kB
Cached:           247504 kB
MemTotal:        1844596 kB
MemFree:         1382804 kB
MemAvailable:    1535360 kB
Buffers:           35924 kB
Cached:           247504 kB
MemTotal:        1844596 kB
MemFree:         1383596 kB
MemAvailable:    1536152 kB
Buffers:           35924 kB
Cached:           247504 kB
MemTotal:        1844596 kB
MemFree:         1382308 kB
MemAvailable:    1534864 kB
Buffers:           35924 kB
Cached:           247504 kB
MemTotal:        1844596 kB
MemFree:         1383548 kB
MemAvailable:    1536104 kB
Buffers:           35924 kB
Cached:           247504 kB
MemTotal:        1844596 kB
MemFree:         1382928 kB
MemAvailable:    1535484 kB
Buffers:           35924 kB
Cached:           247504 kB
MemTotal:        1844596 kB
MemFree:         1382164 kB
MemAvailable:    1534720 kB
Buffers:           35924 kB
Cached:           247504 kB
MemTotal:        1844596 kB
MemFree:         1383488 kB
MemAvailable:    1536048 kB
Buffers:           35924 kB
Cached:           247508 kB
MemTotal:        1844596 kB
MemFree:         1383060 kB
MemAvailable:    1535620 kB
Buffers:           35924 kB
Cached:           247508 kB
MemTotal:        1844596 kB
MemFree:         1382128 kB
MemAvailable:    1534688 kB
Buffers:           35924 kB
Cached:           247508 kB
MemTotal:        1844596 kB
MemFree:         1383236 kB
MemAvailable:    1535796 kB
Buffers:           35924 kB
Cached:           247508 kB
MemTotal:        1844596 kB
MemFree:         1381936 kB
MemAvailable:    1534496 kB
Buffers:           35924 kB
Cached:           247508 kB
MemTotal:        1844596 kB
MemFree:         1381260 kB
MemAvailable:    1533820 kB
Buffers:           35924 kB
Cached:           247508 kB
MemTotal:        1844596 kB
MemFree:         1382368 kB
MemAvailable:    1534928 kB
Buffers:           35924 kB
Cached:           247508 kB
MemTotal:        1844596 kB
MemFree:         1381788 kB
MemAvailable:    1534348 kB
Buffers:           35924 kB
Cached:           247508 kB
MemTotal:        1844596 kB
MemFree:         1382040 kB
MemAvailable:    1534600 kB
Buffers:           35924 kB
Cached:           247508 kB
MemTotal:        1844596 kB
MemFree:         1381816 kB
MemAvailable:    1534376 kB
Buffers:           35924 kB
Cached:           247508 kB
MemTotal:        1844596 kB
MemFree:         1380680 kB
MemAvailable:    1533240 kB
Buffers:           35924 kB
Cached:           247508 kB
MemTotal:        1844596 kB
MemFree:         1379448 kB
MemAvailable:    1532008 kB
Buffers:           35924 kB
Cached:           247508 kB
MemTotal:        1844596 kB
MemFree:         1380060 kB
MemAvailable:    1532620 kB
Buffers:           35924 kB
Cached:           247508 kB
MemTotal:        1844596 kB
MemFree:         1380144 kB
MemAvailable:    1532704 kB
Buffers:           35924 kB
Cached:           247508 kB
MemTotal:        1844596 kB
MemFree:         1379948 kB
MemAvailable:    1532508 kB
Buffers:           35924 kB
Cached:           247508 kB
MemTotal:        1844596 kB
MemFree:         1378940 kB
MemAvailable:    1531500 kB
Buffers:           35924 kB
Cached:           247508 kB
MemTotal:        1844596 kB
MemFree:         1379744 kB
MemAvailable:    1532304 kB
Buffers:           35924 kB
Cached:           247508 kB
MemTotal:        1844596 kB
MemFree:         1379704 kB
MemAvailable:    1532264 kB
Buffers:           35924 kB
Cached:           247508 kB
MemTotal:        1844596 kB
MemFree:         1379440 kB
MemAvailable:    1532000 kB
Buffers:           35924 kB
Cached:           247508 kB
MemTotal:        1844596 kB
MemFree:         1378324 kB
MemAvailable:    1530884 kB
Buffers:           35924 kB
Cached:           247508 kB
MemTotal:        1844596 kB
MemFree:         1379804 kB
MemAvailable:    1532364 kB
Buffers:           35924 kB
Cached:           247508 kB
MemTotal:        1844596 kB
MemFree:         1379508 kB
MemAvailable:    1532068 kB
Buffers:           35924 kB
Cached:           247508 kB
MemTotal:        1844596 kB
MemFree:         1379332 kB
MemAvailable:    1531892 kB
Buffers:           35924 kB
Cached:           247508 kB
MemTotal:        1844596 kB
MemFree:         1379560 kB
MemAvailable:    1532120 kB
Buffers:           35924 kB
Cached:           247508 kB
MemTotal:        1844596 kB
MemFree:         1379340 kB
MemAvailable:    1531900 kB
Buffers:           35924 kB
Cached:           247508 kB
MemTotal:        1844596 kB
MemFree:         1379268 kB
MemAvailable:    1531828 kB
Buffers:           35924 kB
Cached:           247508 kB
MemTotal:        1844596 kB
MemFree:         1378216 kB
MemAvailable:    1530776 kB
Buffers:           35924 kB
Cached:           247508 kB
MemTotal:        1844596 kB
MemFree:         1374480 kB
MemAvailable:    1527040 kB
Buffers:           35924 kB
Cached:           247508 kB
MemTotal:        1844596 kB
MemFree:         1373696 kB
MemAvailable:    1526256 kB
Buffers:           35924 kB
Cached:           247508 kB
MemTotal:        1844596 kB
MemFree:         1371396 kB
MemAvailable:    1523956 kB
Buffers:           35924 kB
Cached:           247508 kB
MemTotal:        1844596 kB
MemFree:         1369980 kB
MemAvailable:    1522540 kB
Buffers:           35924 kB
Cached:           247508 kB
MemTotal:        1844596 kB
MemFree:         1369972 kB
MemAvailable:    1522532 kB
Buffers:           35924 kB
Cached:           247508 kB
MemTotal:        1844596 kB
MemFree:         1369840 kB
MemAvailable:    1522400 kB
Buffers:           35924 kB
Cached:           247508 kB
MemTotal:        1844596 kB
MemFree:         1369840 kB
MemAvailable:    1522400 kB
Buffers:           35924 kB
Cached:           247508 kB
MemTotal:        1844596 kB
MemFree:         1371976 kB
MemAvailable:    1524536 kB
Buffers:           35924 kB
Cached:           247508 kB
MemTotal:        1844596 kB
MemFree:         1368916 kB
MemAvailable:    1521476 kB
Buffers:           35924 kB
Cached:           247508 kB
MemTotal:        1844596 kB
MemFree:         1369968 kB
MemAvailable:    1522528 kB
Buffers:           35924 kB
Cached:           247508 kB
MemTotal:        1844596 kB
MemFree:         1368536 kB
MemAvailable:    1521180 kB
Buffers:           35924 kB
Cached:           247632 kB
MemTotal:        1844596 kB
MemFree:         1369596 kB
MemAvailable:    1522492 kB
Buffers:           35924 kB
Cached:           247880 kB
MemTotal:        1844596 kB
MemFree:         1369232 kB
MemAvailable:    1522212 kB
Buffers:           35924 kB
Cached:           248004 kB
MemTotal:        1844596 kB
MemFree:         1369172 kB
MemAvailable:    1522152 kB
Buffers:           35924 kB
Cached:           248004 kB
MemTotal:        1844596 kB
MemFree:         1369032 kB
MemAvailable:    1522096 kB
Buffers:           35924 kB
Cached:           248128 kB
MemTotal:        1844596 kB
MemFree:         1367784 kB
MemAvailable:    1520848 kB
Buffers:           35924 kB
Cached:           248128 kB
MemTotal:        1844596 kB
MemFree:         1368900 kB
MemAvailable:    1522048 kB
Buffers:           35924 kB
Cached:           248128 kB
MemTotal:        1844596 kB
MemFree:         1369084 kB
MemAvailable:    1522232 kB
Buffers:           35924 kB
Cached:           248128 kB
MemTotal:        1844596 kB
MemFree:         1369008 kB
MemAvailable:    1522156 kB
Buffers:           35924 kB
Cached:           248128 kB
MemTotal:        1844596 kB
MemFree:         1367604 kB
MemAvailable:    1520752 kB
Buffers:           35924 kB
Cached:           248128 kB
MemTotal:        1844596 kB
MemFree:         1368888 kB
MemAvailable:    1522036 kB
Buffers:           35924 kB
Cached:           248128 kB
MemTotal:        1844596 kB
MemFree:         1369200 kB
MemAvailable:    1521760 kB
Buffers:           35924 kB
Cached:           247580 kB
MemTotal:        1844596 kB
MemFree:         1436620 kB
MemAvailable:    1589180 kB
Buffers:           35924 kB
Cached:           247580 kB
