MemTotal:        1844596 kB
MemFree:         1458604 kB
MemAvailable:    1575188 kB
Buffers:           31036 kB
Cached:           216028 kB
MemTotal:        1844596 kB
MemFree:         1454264 kB
MemAvailable:    1570848 kB
Buffers:           31036 kB
Cached:           216028 kB
MemTotal:        1844596 kB
MemFree:         1455016 kB
MemAvailable:    1571600 kB
Buffers:           31036 kB
Cached:           216028 kB
MemTotal:        1844596 kB
MemFree:         1453340 kB
MemAvailable:    1569924 kB
Buffers:           31036 kB
Cached:           216028 kB
MemTotal:        1844596 kB
MemFree:         1451916 kB
MemAvailable:    1568504 kB
Buffers:           31036 kB
Cached:           216032 kB
MemTotal:        1844596 kB
MemFree:         1450544 kB
MemAvailable:    1567132 kB
Buffers:           31036 kB
Cached:           216032 kB
MemTotal:        1844596 kB
MemFree:         1449860 kB
MemAvailable:    1566448 kB
Buffers:           31036 kB
Cached:           216032 kB
MemTotal:        1844596 kB
MemFree:         1446280 kB
MemAvailable:    1562868 kB
Buffers:           31036 kB
Cached:           216032 kB
MemTotal:        1844596 kB
MemFree:         1445964 kB
MemAvailable:    1562552 kB
Buffers:           31036 kB
Cached:           216032 kB
MemTotal:        1844596 kB
MemFree:         1441252 kB
MemAvailable:    1557840 kB
Buffers:           31036 kB
Cached:           216032 kB
MemTotal:        1844596 kB
MemFree:         1441732 kB
MemAvailable:    1558320 kB
Buffers:           31036 kB
Cached:           216032 kB
MemTotal:        1844596 kB
MemFree:         1442068 kB
MemAvailable:    1558656 kB
Buffers:           31036 kB
Cached:           216032 kB
MemTotal:        1844596 kB
MemFree:         1440584 kB
MemAvailable:    1557172 kB
Buffers:           31036 kB
Cached:           216032 kB
MemTotal:        1844596 kB
MemFree:         1440708 kB
MemAvailable:    1557296 kB
Buffers:           31036 kB
Cached:           216032 kB
MemTotal:        1844596 kB
MemFree:         1441860 kB
MemAvailable:    1558448 kB
Buffers:           31036 kB
Cached:           216032 kB
MemTotal:        1844596 kB
MemFree:         1440488 kB
MemAvailable:    1557076 kB
Buffers:           31036 kB
Cached:           216032 kB
MemTotal:        1844596 kB
MemFree:         1440012 kB
MemAvailable:    1556600 kB
Buffers:           31036 kB
Cached:           216032 kB
MemTotal:        1844596 kB
MemFree:         1439020 kB
MemAvailable:    1555608 kB
Buffers:           31036 kB
Cached:           216032 kB
MemTotal:        1844596 kB
MemFree:         1438648 kB
MemAvailable:    1555236 kB
Buffers:           31036 kB
Cached:           216032 kB
MemTotal:        1844596 kB
MemFree:         1440012 kB
MemAvailable:    1556600 kB
Buffers:           31036 kB
Cached:           216032 kB
MemTotal:        1844596 kB
MemFree:         1438400 kB
MemAvailable:    1554988 kB
Buffers:           31036 kB
Cached:           216032 kB
MemTotal:        1844596 kB
MemFree:         1438392 kB
MemAvailable:    1554980 kB
Buffers:           31036 kB
Cached:           216032 kB
MemTotal:        1844596 kB
MemFree:         1438392 kB
MemAvailable:    1554980 kB
Buffers:           31036 kB
Cached:           216032 kB
MemTotal:        1844596 kB
MemFree:         1438392 kB
MemAvailable:    1554980 kB
Buffers:           31036 kB
Cached:           216032 kB
MemTotal:        1844596 kB
MemFree:         1439500 kB
MemAvailable:    1556088 kB
Buffers:           31036 kB
Cached:           216032 kB
MemTotal:        1844596 kB
MemFree:         1439584 kB
MemAvailable:    1556172 kB
Buffers:           31036 kB
Cached:           216032 kB
MemTotal:        1844596 kB
MemFree:         1439440 kB
MemAvailable:    1556028 kB
Buffers:           31036 kB
Cached:           216032 kB
MemTotal:        1844596 kB
MemFree:         1440548 kB
MemAvailable:    1557136 kB
Buffers:           31036 kB
Cached:           216032 kB
MemTotal:        1844596 kB
MemFree:         1440716 kB
MemAvailable:    1557304 kB
Buffers:           31036 kB
Cached:           216032 kB
MemTotal:        1844596 kB
MemFree:         1438460 kB
MemAvailable:    1555048 kB
Buffers:           31036 kB
Cached:           216032 kB
MemTotal:        1844596 kB
MemFree:         1437284 kB
MemAvailable:    1553872 kB
Buffers:           31036 kB
Cached:           216032 kB
MemTotal:        1844596 kB
MemFree:         1436408 kB
MemAvailable:    1552996 kB
Buffers:           31036 kB
Cached:           216032 kB
MemTotal:        1844596 kB
MemFree:         1435672 kB
MemAvailable:    1552260 kB
Buffers:           31036 kB
Cached:           216032 kB
MemTotal:        1844596 kB
MemFree:         1436352 kB
MemAvailable:    1552940 kB
Buffers:           31036 kB
Cached:           216032 kB
MemTotal:        1844596 kB
MemFree:         1436688 kB
MemAvailable:    1553276 kB
Buffers:           31036 kB
Cached:           216032 kB
MemTotal:        1844596 kB
MemFree:         1435732 kB
MemAvailable:    1552320 kB
Buffers:           31036 kB
Cached:           216032 kB
MemTotal:        1844596 kB
MemFree:         1434432 kB
MemAvailable:    1551020 kB
Buffers:           31036 kB
Cached:           216032 kB
MemTotal:        1844596 kB
MemFree:         1434424 kB
MemAvailable:    1551012 kB
Buffers:           31036 kB
Cached:           216032 kB
MemTotal:        1844596 kB
MemFree:         1435408 kB
MemAvailable:    1551996 kB
Buffers:           31036 kB
Cached:           216032 kB
MemTotal:        1844596 kB
MemFree:         1435300 kB
MemAvailable:    1551888 kB
Buffers:           31036 kB
Cached:           216032 kB
MemTotal:        1844596 kB
MemFree:         1434980 kB
MemAvailable:    1551568 kB
Buffers:           31036 kB
Cached:           216032 kB
MemTotal:        1844596 kB
MemFree:         1435316 kB
MemAvailable:    1551904 kB
Buffers:           31036 kB
Cached:           216032 kB
MemTotal:        1844596 kB
MemFree:         1434672 kB
MemAvailable:    1551260 kB
Buffers:           31036 kB
Cached:           216032 kB
MemTotal:        1844596 kB
MemFree:         1434672 kB
MemAvailable:    1551260 kB
Buffers:           31036 kB
Cached:           216032 kB
MemTotal:        1844596 kB
MemFree:         1434128 kB
MemAvailable:    1550716 kB
Buffers:           31036 kB
Cached:           216032 kB
MemTotal:        1844596 kB
MemFree:         1434044 kB
MemAvailable:    1550632 kB
Buffers:           31036 kB
Cached:           216032 kB
MemTotal:        1844596 kB
MemFree:         1434320 kB
MemAvailable:    1550908 kB
Buffers:           31036 kB
Cached:           216032 kB
MemTotal:        1844596 kB
MemFree:         1434120 kB
MemAvailable:    1550708 kB
Buffers:           31036 kB
Cached:           216032 kB
MemTotal:        1844596 kB
MemFree:         1434372 kB
MemAvailable:    1550960 kB
Buffers:           31036 kB
Cached:           216032 kB
MemTotal:        1844596 kB
MemFree:         1434348 kB
MemAvailable:    1550936 kB
Buffers:           31036 kB
Cached:           216032 kB
MemTotal:        1844596 kB
MemFree:         1434308 kB
MemAvailable:    1550896 kB
Buffers:           31036 kB
Cached:           216032 kB
MemTotal:        1844596 kB
MemFree:         1434052 kB
MemAvailable:    1550640 kB
Buffers:           31036 kB
Cached:           216032 kB
MemTotal:        1844596 kB
MemFree:         1434176 kB
MemAvailable:    1550764 kB
Buffers:           31036 kB
Cached:           216032 kB
MemTotal:        1844596 kB
MemFree:         1432876 kB
MemAvailable:    1549464 kB
Buffers:           31036 kB
Cached:           216032 kB
MemTotal:        1844596 kB
MemFree:         1433000 kB
MemAvailable:    1549588 kB
Buffers:           31036 kB
Cached:           216032 kB
MemTotal:        1844596 kB
MemFree:         1433844 kB
MemAvailable:    1550432 kB
Buffers:           31036 kB
Cached:           216032 kB
MemTotal:        1844596 kB
MemFree:         1433844 kB
MemAvailable:    1550432 kB
Buffers:           31036 kB
Cached:           216032 kB
MemTotal:        1844596 kB
MemFree:         1433824 kB
MemAvailable:    1550412 kB
Buffers:           31036 kB
Cached:           216032 kB
MemTotal:        1844596 kB
MemFree:         1432640 kB
MemAvailable:    1549228 kB
Buffers:           31036 kB
Cached:           216032 kB
MemTotal:        1844596 kB
MemFree:         1433492 kB
MemAvailable:    1550080 kB
Buffers:           31036 kB
Cached:           216032 kB
MemTotal:        1844596 kB
MemFree:         1432184 kB
MemAvailable:    1548772 kB
Buffers:           31036 kB
Cached:           216032 kB
MemTotal:        1844596 kB
MemFree:         1432060 kB
MemAvailable:    1548648 kB
Buffers:           31036 kB
Cached:           216032 kB
MemTotal:        1844596 kB
MemFree:         1433360 kB
MemAvailable:    1549948 kB
Buffers:           31036 kB
Cached:           216032 kB
MemTotal:        1844596 kB
MemFree:         1432448 kB
MemAvailable:    1549036 kB
Buffers:           31036 kB
Cached:           216032 kB
MemTotal:        1844596 kB
MemFree:         1433172 kB
MemAvailable:    1549760 kB
Buffers:           31036 kB
Cached:           216032 kB
MemTotal:        1844596 kB
MemFree:         1433428 kB
MemAvailable:    1550016 kB
Buffers:           31036 kB
Cached:           216032 kB
MemTotal:        1844596 kB
MemFree:         1433268 kB
MemAvailable:    1549856 kB
Buffers:           31036 kB
Cached:           216032 kB
MemTotal:        1844596 kB
MemFree:         1433520 kB
MemAvailable:    1550108 kB
Buffers:           31036 kB
Cached:           216032 kB
MemTotal:        1844596 kB
MemFree:         1432812 kB
MemAvailable:    1549400 kB
Buffers:           31036 kB
Cached:           216032 kB
MemTotal:        1844596 kB
MemFree:         1432820 kB
MemAvailable:    1549408 kB
Buffers:           31036 kB
Cached:           216032 kB
MemTotal:        1844596 kB
MemFree:         1428720 kB
MemAvailable:    1545308 kB
Buffers:           31036 kB
Cached:           216032 kB
MemTotal:        1844596 kB
MemFree:         1428720 kB
MemAvailable:    1545308 kB
Buffers:           31036 kB
Cached:           216032 kB
MemTotal:        1844596 kB
MemFree:         1426060 kB
MemAvailable:    1542648 kB
Buffers:           31036 kB
Cached:           216032 kB
MemTotal:        1844596 kB
MemFree:         1424628 kB
MemAvailable:    1541216 kB
Buffers:           31036 kB
Cached:           216032 kB
MemTotal:        1844596 kB
MemFree:         1424372 kB
MemAvailable:    1540960 kB
Buffers:           31036 kB
Cached:           216032 kB
MemTotal:        1844596 kB
MemFree:         1424132 kB
MemAvailable:    1540720 kB
Buffers:           31036 kB
Cached:           216032 kB
MemTotal:        1844596 kB
MemFree:         1424380 kB
MemAvailable:    1540968 kB
Buffers:           31036 kB
Cached:           216032 kB
MemTotal:        1844596 kB
MemFree:         1425564 kB
MemAvailable:    1542160 kB
Buffers:           31036 kB
Cached:           216040 kB
MemTotal:        1844596 kB
MemFree:         1425364 kB
MemAvailable:    1541960 kB
Buffers:           31036 kB
Cached:           216040 kB
MemTotal:        1844596 kB
MemFree:         1425132 kB
MemAvailable:    1541728 kB
Buffers:           31036 kB
Cached:           216040 kB
MemTotal:        1844596 kB
MemFree:         1425324 kB
MemAvailable:    1541920 kB
Buffers:           31036 kB
Cached:           216040 kB
MemTotal:        1844596 kB
MemFree:         1424512 kB
MemAvailable:    1541108 kB
Buffers:           31036 kB
Cached:           216040 kB
MemTotal:        1844596 kB
MemFree:         1425116 kB
MemAvailable:    1541712 kB
Buffers:           31036 kB
Cached:           216040 kB
MemTotal:        1844596 kB
MemFree:         1425336 kB
MemAvailable:    1541932 kB
Buffers:           31036 kB
Cached:           216040 kB
MemTotal:        1844596 kB
MemFree:         1425456 kB
MemAvailable:    1542052 kB
Buffers:           31036 kB
Cached:           216040 kB
MemTotal:        1844596 kB
MemFree:         1423960 kB
MemAvailable:    1540556 kB
Buffers:           31036 kB
Cached:           216040 kB
MemTotal:        1844596 kB
MemFree:         1425248 kB
MemAvailable:    1541844 kB
Buffers:           31036 kB
Cached:           216040 kB
MemTotal:        1844596 kB
MemFree:         1425584 kB
MemAvailable:    1542180 kB
Buffers:           31036 kB
Cached:           216040 kB
MemTotal:        1844596 kB
MemFree:         1425008 kB
MemAvailable:    1541604 kB
Buffers:           31036 kB
Cached:           216040 kB
MemTotal:        1844596 kB
MemFree:         1424752 kB
MemAvailable:    1541348 kB
Buffers:           31036 kB
Cached:           216040 kB
MemTotal:        1844596 kB
MemFree:         1424256 kB
MemAvailable:    1540852 kB
Buffers:           31036 kB
Cached:           216040 kB
MemTotal:        1844596 kB
MemFree:         1423528 kB
MemAvailable:    1540124 kB
Buffers:           31036 kB
Cached:           216040 kB
MemTotal:        1844596 kB
MemFree:         1422636 kB
MemAvailable:    1539232 kB
Buffers:           31036 kB
Cached:           216040 kB
MemTotal:        1844596 kB
MemFree:         1422644 kB
MemAvailable:    1539240 kB
Buffers:           31036 kB
Cached:           216040 kB
MemTotal:        1844596 kB
MemFree:         1423876 kB
MemAvailable:    1540472 kB
Buffers:           31036 kB
Cached:           216040 kB
MemTotal:        1844596 kB
MemFree:         1422712 kB
MemAvailable:    1539308 kB
Buffers:           31036 kB
Cached:           216040 kB
MemTotal:        1844596 kB
MemFree:         1421156 kB
MemAvailable:    1537752 kB
Buffers:           31036 kB
Cached:           216040 kB
MemTotal:        1844596 kB
MemFree:         1421908 kB
MemAvailable:    1538504 kB
Buffers:           31036 kB
Cached:           216040 kB
MemTotal:        1844596 kB
MemFree:         1421768 kB
MemAvailable:    1538364 kB
Buffers:           31036 kB
Cached:           216040 kB
MemTotal:        1844596 kB
MemFree:         1421852 kB
MemAvailable:    1538448 kB
Buffers:           31036 kB
Cached:           216040 kB
MemTotal:        1844596 kB
MemFree:         1421716 kB
MemAvailable:    1538312 kB
Buffers:           31036 kB
Cached:           216040 kB
MemTotal:        1844596 kB
MemFree:         1421884 kB
MemAvailable:    1538480 kB
Buffers:           31036 kB
Cached:           216040 kB
MemTotal:        1844596 kB
MemFree:         1421464 kB
MemAvailable:    1538060 kB
Buffers:           31036 kB
Cached:           216040 kB
MemTotal:        1844596 kB
MemFree:         1421800 kB
MemAvailable:    1538396 kB
Buffers:           31036 kB
Cached:           216040 kB
MemTotal:        1844596 kB
MemFree:         1421332 kB
MemAvailable:    1537928 kB
Buffers:           31036 kB
Cached:           216040 kB
MemTotal:        1844596 kB
MemFree:         1421332 kB
MemAvailable:    1537928 kB
Buffers:           31036 kB
Cached:           216040 kB
MemTotal:        1844596 kB
MemFree:         1421476 kB
MemAvailable:    1538072 kB
Buffers:           31036 kB
Cached:           216040 kB
MemTotal:        1844596 kB
MemFree:         1421644 kB
MemAvailable:    1538240 kB
Buffers:           31036 kB
Cached:           216040 kB
MemTotal:        1844596 kB
MemFree:         1421224 kB
MemAvailable:    1537820 kB
Buffers:           31036 kB
Cached:           216040 kB
MemTotal:        1844596 kB
MemFree:         1421560 kB
MemAvailable:    1538156 kB
Buffers:           31036 kB
Cached:           216040 kB
MemTotal:        1844596 kB
MemFree:         1420156 kB
MemAvailable:    1536752 kB
Buffers:           31036 kB
Cached:           216040 kB
MemTotal:        1844596 kB
MemFree:         1419372 kB
MemAvailable:    1535968 kB
Buffers:           31036 kB
Cached:           216040 kB
MemTotal:        1844596 kB
MemFree:         1413220 kB
MemAvailable:    1529816 kB
Buffers:           31036 kB
Cached:           216040 kB
MemTotal:        1844596 kB
MemFree:         1412732 kB
MemAvailable:    1529328 kB
Buffers:           31036 kB
Cached:           216040 kB
MemTotal:        1844596 kB
MemFree:         1412484 kB
MemAvailable:    1529080 kB
Buffers:           31036 kB
Cached:           216040 kB
MemTotal:        1844596 kB
MemFree:         1412228 kB
MemAvailable:    1528824 kB
Buffers:           31036 kB
Cached:           216040 kB
MemTotal:        1844596 kB
MemFree:         1413536 kB
MemAvailable:    1530132 kB
Buffers:           31036 kB
Cached:           216040 kB
MemTotal:        1844596 kB
MemFree:         1413348 kB
MemAvailable:    1529944 kB
Buffers:           31036 kB
Cached:           216040 kB
MemTotal:        1844596 kB
MemFree:         1415356 kB
MemAvailable:    1531952 kB
Buffers:           31036 kB
Cached:           216040 kB
MemTotal:        1844596 kB
MemFree:         1411848 kB
MemAvailable:    1528444 kB
Buffers:           31036 kB
Cached:           216040 kB
MemTotal:        1844596 kB
MemFree:         1411492 kB
MemAvailable:    1528088 kB
Buffers:           31044 kB
Cached:           216032 kB
MemTotal:        1844596 kB
MemFree:         1410188 kB
MemAvailable:    1526784 kB
Buffers:           31048 kB
Cached:           216028 kB
MemTotal:        1844596 kB
MemFree:         1410188 kB
MemAvailable:    1526784 kB
Buffers:           31048 kB
Cached:           216028 kB
MemTotal:        1844596 kB
MemFree:         1410056 kB
MemAvailable:    1526652 kB
Buffers:           31048 kB
Cached:           216028 kB
MemTotal:        1844596 kB
MemFree:         1410304 kB
MemAvailable:    1526900 kB
Buffers:           31048 kB
Cached:           216028 kB
MemTotal:        1844596 kB
MemFree:         1409924 kB
MemAvailable:    1526520 kB
Buffers:           31048 kB
Cached:           216028 kB
MemTotal:        1844596 kB
MemFree:         1410420 kB
MemAvailable:    1527016 kB
Buffers:           31048 kB
Cached:           216028 kB
MemTotal:        1844596 kB
MemFree:         1411256 kB
MemAvailable:    1527852 kB
Buffers:           31048 kB
Cached:           216028 kB
MemTotal:        1844596 kB
MemFree:         1409880 kB
MemAvailable:    1526476 kB
Buffers:           31048 kB
Cached:           216028 kB
MemTotal:        1844596 kB
MemFree:         1409708 kB
MemAvailable:    1526304 kB
Buffers:           31048 kB
Cached:           216028 kB
MemTotal:        1844596 kB
MemFree:         1409744 kB
MemAvailable:    1526340 kB
Buffers:           31048 kB
Cached:           216028 kB
MemTotal:        1844596 kB
MemFree:         1409860 kB
MemAvailable:    1526456 kB
Buffers:           31048 kB
Cached:           216028 kB
MemTotal:        1844596 kB
MemFree:         1411060 kB
MemAvailable:    1527656 kB
Buffers:           31048 kB
Cached:           216028 kB
MemTotal:        1844596 kB
MemFree:         1409856 kB
MemAvailable:    1526452 kB
Buffers:           31048 kB
Cached:           216028 kB
MemTotal:        1844596 kB
MemFree:         1409684 kB
MemAvailable:    1526280 kB
Buffers:           31048 kB
Cached:           216028 kB
MemTotal:        1844596 kB
MemFree:         1410984 kB
MemAvailable:    1527580 kB
Buffers:           31048 kB
Cached:           216028 kB
MemTotal:        1844596 kB
MemFree:         1409720 kB
MemAvailable:    1526316 kB
Buffers:           31048 kB
Cached:           216028 kB
MemTotal:        1844596 kB
MemFree:         1411020 kB
MemAvailable:    1527616 kB
Buffers:           31048 kB
Cached:           216028 kB
MemTotal:        1844596 kB
MemFree:         1409840 kB
MemAvailable:    1526436 kB
Buffers:           31048 kB
Cached:           216028 kB
MemTotal:        1844596 kB
MemFree:         1409880 kB
MemAvailable:    1526476 kB
Buffers:           31048 kB
Cached:           216028 kB
MemTotal:        1844596 kB
MemFree:         1409624 kB
MemAvailable:    1526220 kB
Buffers:           31048 kB
Cached:           216028 kB
MemTotal:        1844596 kB
MemFree:         1409832 kB
MemAvailable:    1526428 kB
Buffers:           31048 kB
Cached:           216028 kB
MemTotal:        1844596 kB
MemFree:         1409748 kB
MemAvailable:    1526344 kB
Buffers:           31048 kB
Cached:           216028 kB
MemTotal:        1844596 kB
MemFree:         1409740 kB
MemAvailable:    1526336 kB
Buffers:           31048 kB
Cached:           216028 kB
MemTotal:        1844596 kB
MemFree:         1409732 kB
MemAvailable:    1526332 kB
Buffers:           31048 kB
Cached:           216032 kB
MemTotal:        1844596 kB
MemFree:         1409700 kB
MemAvailable:    1526300 kB
Buffers:           31048 kB
Cached:           216032 kB
MemTotal:        1844596 kB
MemFree:         1411056 kB
MemAvailable:    1527672 kB
Buffers:           31048 kB
Cached:           216048 kB
MemTotal:        1844596 kB
MemFree:         1409880 kB
MemAvailable:    1526496 kB
Buffers:           31048 kB
Cached:           216048 kB
MemTotal:        1844596 kB
MemFree:         1409956 kB
MemAvailable:    1526572 kB
Buffers:           31048 kB
Cached:           216048 kB
MemTotal:        1844596 kB
MemFree:         1410940 kB
MemAvailable:    1527556 kB
Buffers:           31048 kB
Cached:           216048 kB
MemTotal:        1844596 kB
MemFree:         1410976 kB
MemAvailable:    1527592 kB
Buffers:           31048 kB
Cached:           216048 kB
MemTotal:        1844596 kB
MemFree:         1410880 kB
MemAvailable:    1527496 kB
Buffers:           31048 kB
Cached:           216048 kB
MemTotal:        1844596 kB
MemFree:         1409700 kB
MemAvailable:    1526316 kB
Buffers:           31048 kB
Cached:           216048 kB
MemTotal:        1844596 kB
MemFree:         1409700 kB
MemAvailable:    1526316 kB
Buffers:           31048 kB
Cached:           216048 kB
MemTotal:        1844596 kB
MemFree:         1411172 kB
MemAvailable:    1527788 kB
Buffers:           31048 kB
Cached:           216048 kB
MemTotal:        1844596 kB
MemFree:         1409756 kB
MemAvailable:    1526372 kB
Buffers:           31048 kB
Cached:           216048 kB
MemTotal:        1844596 kB
MemFree:         1409756 kB
MemAvailable:    1526372 kB
Buffers:           31048 kB
Cached:           216048 kB
MemTotal:        1844596 kB
MemFree:         1409708 kB
MemAvailable:    1526324 kB
Buffers:           31048 kB
Cached:           216048 kB
MemTotal:        1844596 kB
MemFree:         1409632 kB
MemAvailable:    1526248 kB
Buffers:           31048 kB
Cached:           216048 kB
MemTotal:        1844596 kB
MemFree:         1411120 kB
MemAvailable:    1527736 kB
Buffers:           31048 kB
Cached:           216048 kB
MemTotal:        1844596 kB
MemFree:         1409864 kB
MemAvailable:    1526480 kB
Buffers:           31048 kB
Cached:           216048 kB
MemTotal:        1844596 kB
MemFree:         1409700 kB
MemAvailable:    1526316 kB
Buffers:           31048 kB
Cached:           216048 kB
MemTotal:        1844596 kB
MemFree:         1409824 kB
MemAvailable:    1526440 kB
Buffers:           31048 kB
Cached:           216048 kB
MemTotal:        1844596 kB
MemFree:         1410976 kB
MemAvailable:    1527592 kB
Buffers:           31048 kB
Cached:           216048 kB
MemTotal:        1844596 kB
MemFree:         1411060 kB
MemAvailable:    1527676 kB
Buffers:           31048 kB
Cached:           216048 kB
MemTotal:        1844596 kB
MemFree:         1409692 kB
MemAvailable:    1526308 kB
Buffers:           31048 kB
Cached:           216048 kB
MemTotal:        1844596 kB
MemFree:         1410900 kB
MemAvailable:    1527516 kB
Buffers:           31048 kB
Cached:           216048 kB
MemTotal:        1844596 kB
MemFree:         1411244 kB
MemAvailable:    1527860 kB
Buffers:           31048 kB
Cached:           216048 kB
MemTotal:        1844596 kB
MemFree:         1409872 kB
MemAvailable:    1526488 kB
Buffers:           31048 kB
Cached:           216048 kB
MemTotal:        1844596 kB
MemFree:         1411300 kB
MemAvailable:    1527916 kB
Buffers:           31048 kB
Cached:           216048 kB
MemTotal:        1844596 kB
MemFree:         1410864 kB
MemAvailable:    1527480 kB
Buffers:           31048 kB
Cached:           216048 kB
MemTotal:        1844596 kB
MemFree:         1411004 kB
MemAvailable:    1527620 kB
Buffers:           31048 kB
Cached:           216048 kB
MemTotal:        1844596 kB
MemFree:         1409708 kB
MemAvailable:    1526324 kB
Buffers:           31048 kB
Cached:           216048 kB
MemTotal:        1844596 kB
MemFree:         1409880 kB
MemAvailable:    1526496 kB
Buffers:           31048 kB
Cached:           216048 kB
MemTotal:        1844596 kB
MemFree:         1409756 kB
MemAvailable:    1526372 kB
Buffers:           31048 kB
Cached:           216048 kB
MemTotal:        1844596 kB
MemFree:         1409708 kB
MemAvailable:    1526324 kB
Buffers:           31048 kB
Cached:           216048 kB
MemTotal:        1844596 kB
MemFree:         1411056 kB
MemAvailable:    1527672 kB
Buffers:           31048 kB
Cached:           216048 kB
MemTotal:        1844596 kB
MemFree:         1410856 kB
MemAvailable:    1527472 kB
Buffers:           31048 kB
Cached:           216048 kB
MemTotal:        1844596 kB
MemFree:         1411192 kB
MemAvailable:    1527808 kB
Buffers:           31048 kB
Cached:           216048 kB
MemTotal:        1844596 kB
MemFree:         1409860 kB
MemAvailable:    1526476 kB
Buffers:           31048 kB
Cached:           216048 kB
MemTotal:        1844596 kB
MemFree:         1409860 kB
MemAvailable:    1526476 kB
Buffers:           31048 kB
Cached:           216048 kB
MemTotal:        1844596 kB
MemFree:         1409860 kB
MemAvailable:    1526476 kB
Buffers:           31048 kB
Cached:           216048 kB
MemTotal:        1844596 kB
MemFree:         1409856 kB
MemAvailable:    1526472 kB
Buffers:           31048 kB
Cached:           216048 kB
MemTotal:        1844596 kB
MemFree:         1409684 kB
MemAvailable:    1526300 kB
Buffers:           31048 kB
Cached:           216048 kB
MemTotal:        1844596 kB
MemFree:         1409800 kB
MemAvailable:    1526416 kB
Buffers:           31048 kB
Cached:           216048 kB
MemTotal:        1844596 kB
MemFree:         1409748 kB
MemAvailable:    1526364 kB
Buffers:           31048 kB
Cached:           216048 kB
MemTotal:        1844596 kB
MemFree:         1409756 kB
MemAvailable:    1526372 kB
Buffers:           31048 kB
Cached:           216048 kB
MemTotal:        1844596 kB
MemFree:         1411304 kB
MemAvailable:    1527920 kB
Buffers:           31048 kB
Cached:           216048 kB
MemTotal:        1844596 kB
MemFree:         1409620 kB
MemAvailable:    1526236 kB
Buffers:           31048 kB
Cached:           216048 kB
MemTotal:        1844596 kB
MemFree:         1409752 kB
MemAvailable:    1526368 kB
Buffers:           31048 kB
Cached:           216048 kB
MemTotal:        1844596 kB
MemFree:         1410988 kB
MemAvailable:    1527604 kB
Buffers:           31048 kB
Cached:           216048 kB
MemTotal:        1844596 kB
MemFree:         1409584 kB
MemAvailable:    1526200 kB
Buffers:           31048 kB
Cached:           216048 kB
MemTotal:        1844596 kB
MemFree:         1409576 kB
MemAvailable:    1526192 kB
Buffers:           31048 kB
Cached:           216048 kB
MemTotal:        1844596 kB
MemFree:         1410996 kB
MemAvailable:    1527612 kB
Buffers:           31048 kB
Cached:           216048 kB
MemTotal:        1844596 kB
MemFree:         1410884 kB
MemAvailable:    1527500 kB
Buffers:           31048 kB
Cached:           216048 kB
MemTotal:        1844596 kB
MemFree:         1409708 kB
MemAvailable:    1526324 kB
Buffers:           31048 kB
Cached:           216048 kB
MemTotal:        1844596 kB
MemFree:         1409828 kB
MemAvailable:    1526444 kB
Buffers:           31048 kB
Cached:           216048 kB
MemTotal:        1844596 kB
MemFree:         1410864 kB
MemAvailable:    1527480 kB
Buffers:           31048 kB
Cached:           216048 kB
MemTotal:        1844596 kB
MemFree:         1409988 kB
MemAvailable:    1526604 kB
Buffers:           31048 kB
Cached:           216048 kB
MemTotal:        1844596 kB
MemFree:         1409692 kB
MemAvailable:    1526308 kB
Buffers:           31048 kB
Cached:           216048 kB
MemTotal:        1844596 kB
MemFree:         1409808 kB
MemAvailable:    1526424 kB
Buffers:           31048 kB
Cached:           216048 kB
MemTotal:        1844596 kB
MemFree:         1411056 kB
MemAvailable:    1527672 kB
Buffers:           31048 kB
Cached:           216048 kB
MemTotal:        1844596 kB
MemFree:         1409840 kB
MemAvailable:    1526456 kB
Buffers:           31048 kB
Cached:           216048 kB
MemTotal:        1844596 kB
MemFree:         1409700 kB
MemAvailable:    1526316 kB
Buffers:           31048 kB
Cached:           216048 kB
MemTotal:        1844596 kB
MemFree:         1411232 kB
MemAvailable:    1527848 kB
Buffers:           31048 kB
Cached:           216048 kB
MemTotal:        1844596 kB
MemFree:         1410996 kB
MemAvailable:    1527612 kB
Buffers:           31048 kB
Cached:           216048 kB
MemTotal:        1844596 kB
MemFree:         1411308 kB
MemAvailable:    1527924 kB
Buffers:           31048 kB
Cached:           216048 kB
MemTotal:        1844596 kB
MemFree:         1409840 kB
MemAvailable:    1526468 kB
Buffers:           31048 kB
Cached:           216060 kB
MemTotal:        1844596 kB
MemFree:         1409756 kB
MemAvailable:    1526384 kB
Buffers:           31048 kB
Cached:           216060 kB
MemTotal:        1844596 kB
MemFree:         1411040 kB
MemAvailable:    1527668 kB
Buffers:           31048 kB
Cached:           216060 kB
MemTotal:        1844596 kB
MemFree:         1410252 kB
MemAvailable:    1526880 kB
Buffers:           31048 kB
Cached:           216060 kB
MemTotal:        1844596 kB
MemFree:         1411016 kB
MemAvailable:    1527644 kB
Buffers:           31048 kB
Cached:           216060 kB
MemTotal:        1844596 kB
MemFree:         1409836 kB
MemAvailable:    1526464 kB
Buffers:           31048 kB
Cached:           216060 kB
MemTotal:        1844596 kB
MemFree:         1411040 kB
MemAvailable:    1527668 kB
Buffers:           31048 kB
Cached:           216060 kB
MemTotal:        1844596 kB
MemFree:         1411072 kB
MemAvailable:    1527700 kB
Buffers:           31048 kB
Cached:           216060 kB
MemTotal:        1844596 kB
MemFree:         1409584 kB
MemAvailable:    1526212 kB
Buffers:           31048 kB
Cached:           216060 kB
MemTotal:        1844596 kB
MemFree:         1411056 kB
MemAvailable:    1527684 kB
Buffers:           31048 kB
Cached:           216060 kB
MemTotal:        1844596 kB
MemFree:         1410376 kB
MemAvailable:    1526880 kB
Buffers:           31048 kB
Cached:           216060 kB
MemTotal:        1844596 kB
MemFree:         1410928 kB
MemAvailable:    1527556 kB
Buffers:           31048 kB
Cached:           216060 kB
MemTotal:        1844596 kB
MemFree:         1411180 kB
MemAvailable:    1527808 kB
Buffers:           31048 kB
Cached:           216060 kB
MemTotal:        1844596 kB
MemFree:         1410992 kB
MemAvailable:    1527620 kB
Buffers:           31048 kB
Cached:           216060 kB
MemTotal:        1844596 kB
MemFree:         1410856 kB
MemAvailable:    1527484 kB
Buffers:           31048 kB
Cached:           216060 kB
MemTotal:        1844596 kB
MemFree:         1410624 kB
MemAvailable:    1527128 kB
Buffers:           31048 kB
Cached:           216060 kB
MemTotal:        1844596 kB
MemFree:         1410928 kB
MemAvailable:    1527556 kB
Buffers:           31048 kB
Cached:           216060 kB
MemTotal:        1844596 kB
MemFree:         1410500 kB
MemAvailable:    1527128 kB
Buffers:           31048 kB
Cached:           216060 kB
MemTotal:        1844596 kB
MemFree:         1410984 kB
MemAvailable:    1527612 kB
Buffers:           31048 kB
Cached:           216060 kB
MemTotal:        1844596 kB
MemFree:         1410252 kB
MemAvailable:    1526880 kB
Buffers:           31048 kB
Cached:           216060 kB
MemTotal:        1844596 kB
MemFree:         1409736 kB
MemAvailable:    1526364 kB
Buffers:           31048 kB
Cached:           216060 kB
MemTotal:        1844596 kB
MemFree:         1411052 kB
MemAvailable:    1527680 kB
Buffers:           31048 kB
Cached:           216060 kB
MemTotal:        1844596 kB
MemFree:         1410900 kB
MemAvailable:    1527528 kB
Buffers:           31048 kB
Cached:           216060 kB
MemTotal:        1844596 kB
MemFree:         1410900 kB
MemAvailable:    1527528 kB
Buffers:           31048 kB
Cached:           216060 kB
MemTotal:        1844596 kB
MemFree:         1409700 kB
MemAvailable:    1526328 kB
Buffers:           31048 kB
Cached:           216060 kB
MemTotal:        1844596 kB
MemFree:         1410976 kB
MemAvailable:    1527604 kB
Buffers:           31048 kB
Cached:           216060 kB
MemTotal:        1844596 kB
MemFree:         1410756 kB
MemAvailable:    1527384 kB
Buffers:           31048 kB
Cached:           216060 kB
MemTotal:        1844596 kB
MemFree:         1409872 kB
MemAvailable:    1526500 kB
Buffers:           31048 kB
Cached:           216060 kB
MemTotal:        1844596 kB
MemFree:         1411032 kB
MemAvailable:    1527660 kB
Buffers:           31048 kB
Cached:           216060 kB
MemTotal:        1844596 kB
MemFree:         1410128 kB
MemAvailable:    1526756 kB
Buffers:           31048 kB
Cached:           216060 kB
MemTotal:        1844596 kB
MemFree:         1410824 kB
MemAvailable:    1527456 kB
Buffers:           31048 kB
Cached:           216064 kB
MemTotal:        1844596 kB
MemFree:         1411160 kB
MemAvailable:    1527792 kB
Buffers:           31048 kB
Cached:           216064 kB
MemTotal:        1844596 kB
MemFree:         1409756 kB
MemAvailable:    1526388 kB
Buffers:           31048 kB
Cached:           216064 kB
MemTotal:        1844596 kB
MemFree:         1410988 kB
MemAvailable:    1527620 kB
Buffers:           31048 kB
Cached:           216064 kB
MemTotal:        1844596 kB
MemFree:         1411204 kB
MemAvailable:    1527836 kB
Buffers:           31048 kB
Cached:           216064 kB
MemTotal:        1844596 kB
MemFree:         1410800 kB
MemAvailable:    1527432 kB
Buffers:           31048 kB
Cached:           216064 kB
MemTotal:        1844596 kB
MemFree:         1409708 kB
MemAvailable:    1526340 kB
Buffers:           31048 kB
Cached:           216064 kB
MemTotal:        1844596 kB
MemFree:         1409824 kB
MemAvailable:    1526456 kB
Buffers:           31048 kB
Cached:           216064 kB
MemTotal:        1844596 kB
MemFree:         1410072 kB
MemAvailable:    1526704 kB
Buffers:           31048 kB
Cached:           216064 kB
MemTotal:        1844596 kB
MemFree:         1410244 kB
MemAvailable:    1526876 kB
Buffers:           31048 kB
Cached:           216064 kB
MemTotal:        1844596 kB
MemFree:         1411036 kB
MemAvailable:    1527668 kB
Buffers:           31048 kB
Cached:           216064 kB
MemTotal:        1844596 kB
MemFree:         1409604 kB
MemAvailable:    1526236 kB
Buffers:           31048 kB
Cached:           216064 kB
MemTotal:        1844596 kB
MemFree:         1409852 kB
MemAvailable:    1526484 kB
Buffers:           31048 kB
Cached:           216064 kB
MemTotal:        1844596 kB
MemFree:         1409728 kB
MemAvailable:    1526360 kB
Buffers:           31048 kB
Cached:           216064 kB
MemTotal:        1844596 kB
MemFree:         1409716 kB
MemAvailable:    1526348 kB
Buffers:           31048 kB
Cached:           216064 kB
MemTotal:        1844596 kB
MemFree:         1409724 kB
MemAvailable:    1526356 kB
Buffers:           31048 kB
Cached:           216064 kB
MemTotal:        1844596 kB
MemFree:         1410916 kB
MemAvailable:    1527548 kB
Buffers:           31048 kB
Cached:           216064 kB
MemTotal:        1844596 kB
MemFree:         1410376 kB
MemAvailable:    1527008 kB
Buffers:           31048 kB
Cached:           216064 kB
MemTotal:        1844596 kB
MemFree:         1410856 kB
MemAvailable:    1527488 kB
Buffers:           31048 kB
Cached:           216064 kB
MemTotal:        1844596 kB
MemFree:         1410872 kB
MemAvailable:    1527504 kB
Buffers:           31048 kB
Cached:           216064 kB
MemTotal:        1844596 kB
MemFree:         1411036 kB
MemAvailable:    1527668 kB
Buffers:           31048 kB
Cached:           216064 kB
MemTotal:        1844596 kB
MemFree:         1409748 kB
MemAvailable:    1526380 kB
Buffers:           31048 kB
Cached:           216064 kB
MemTotal:        1844596 kB
MemFree:         1410824 kB
MemAvailable:    1527456 kB
Buffers:           31048 kB
Cached:           216064 kB
MemTotal:        1844596 kB
MemFree:         1409576 kB
MemAvailable:    1526208 kB
Buffers:           31048 kB
Cached:           216064 kB
MemTotal:        1844596 kB
MemFree:         1410924 kB
MemAvailable:    1527556 kB
Buffers:           31048 kB
Cached:           216064 kB
MemTotal:        1844596 kB
MemFree:         1409880 kB
MemAvailable:    1526512 kB
Buffers:           31048 kB
Cached:           216064 kB
MemTotal:        1844596 kB
MemFree:         1411000 kB
MemAvailable:    1527632 kB
Buffers:           31048 kB
Cached:           216064 kB
MemTotal:        1844596 kB
MemFree:         1410252 kB
MemAvailable:    1526884 kB
Buffers:           31048 kB
Cached:           216064 kB
MemTotal:        1844596 kB
MemFree:         1409736 kB
MemAvailable:    1526368 kB
Buffers:           31048 kB
Cached:           216064 kB
MemTotal:        1844596 kB
MemFree:         1411044 kB
MemAvailable:    1527676 kB
Buffers:           31048 kB
Cached:           216064 kB
MemTotal:        1844596 kB
MemFree:         1410900 kB
MemAvailable:    1527532 kB
Buffers:           31048 kB
Cached:           216064 kB
MemTotal:        1844596 kB
MemFree:         1410500 kB
MemAvailable:    1527132 kB
Buffers:           31048 kB
Cached:           216064 kB
MemTotal:        1844596 kB
MemFree:         1411000 kB
MemAvailable:    1527632 kB
Buffers:           31048 kB
Cached:           216064 kB
MemTotal:        1844596 kB
MemFree:         1409700 kB
MemAvailable:    1526332 kB
Buffers:           31048 kB
Cached:           216064 kB
MemTotal:        1844596 kB
MemFree:         1409692 kB
MemAvailable:    1526324 kB
Buffers:           31048 kB
Cached:           216064 kB
MemTotal:        1844596 kB
MemFree:         1411036 kB
MemAvailable:    1527668 kB
Buffers:           31048 kB
Cached:           216064 kB
MemTotal:        1844596 kB
MemFree:         1410988 kB
MemAvailable:    1527620 kB
Buffers:           31048 kB
Cached:           216064 kB
MemTotal:        1844596 kB
MemFree:         1410908 kB
MemAvailable:    1527540 kB
Buffers:           31048 kB
Cached:           216064 kB
MemTotal:        1844596 kB
MemFree:         1411244 kB
MemAvailable:    1527876 kB
Buffers:           31048 kB
Cached:           216064 kB
MemTotal:        1844596 kB
MemFree:         1411000 kB
MemAvailable:    1527632 kB
Buffers:           31048 kB
Cached:           216064 kB
MemTotal:        1844596 kB
MemFree:         1411036 kB
MemAvailable:    1527668 kB
Buffers:           31048 kB
Cached:           216064 kB
MemTotal:        1844596 kB
MemFree:         1410252 kB
MemAvailable:    1526884 kB
Buffers:           31048 kB
Cached:           216064 kB
MemTotal:        1844596 kB
MemFree:         1410844 kB
MemAvailable:    1527476 kB
Buffers:           31048 kB
Cached:           216064 kB
MemTotal:        1844596 kB
MemFree:         1411096 kB
MemAvailable:    1527728 kB
Buffers:           31048 kB
Cached:           216064 kB
MemTotal:        1844596 kB
MemFree:         1411040 kB
MemAvailable:    1527676 kB
Buffers:           31048 kB
Cached:           216068 kB
MemTotal:        1844596 kB
MemFree:         1410376 kB
MemAvailable:    1527012 kB
Buffers:           31048 kB
Cached:           216068 kB
MemTotal:        1844596 kB
MemFree:         1411104 kB
MemAvailable:    1527740 kB
Buffers:           31048 kB
Cached:           216068 kB
MemTotal:        1844596 kB
MemFree:         1411104 kB
MemAvailable:    1527740 kB
Buffers:           31048 kB
Cached:           216068 kB
MemTotal:        1844596 kB
MemFree:         1409736 kB
MemAvailable:    1526372 kB
Buffers:           31048 kB
Cached:           216068 kB
MemTotal:        1844596 kB
MemFree:         1409860 kB
MemAvailable:    1526496 kB
Buffers:           31048 kB
Cached:           216068 kB
MemTotal:        1844596 kB
MemFree:         1409868 kB
MemAvailable:    1526504 kB
Buffers:           31048 kB
Cached:           216068 kB
MemTotal:        1844596 kB
MemFree:         1411092 kB
MemAvailable:    1527728 kB
Buffers:           31048 kB
Cached:           216068 kB
MemTotal:        1844596 kB
MemFree:         1410996 kB
MemAvailable:    1527632 kB
Buffers:           31048 kB
Cached:           216068 kB
MemTotal:        1844596 kB
MemFree:         1409564 kB
MemAvailable:    1526200 kB
Buffers:           31048 kB
Cached:           216068 kB
MemTotal:        1844596 kB
MemFree:         1410832 kB
MemAvailable:    1527468 kB
Buffers:           31048 kB
Cached:           216068 kB
MemTotal:        1844596 kB
MemFree:         1410832 kB
MemAvailable:    1527468 kB
Buffers:           31048 kB
Cached:           216068 kB
MemTotal:        1844596 kB
MemFree:         1411044 kB
MemAvailable:    1527680 kB
Buffers:           31048 kB
Cached:           216068 kB
MemTotal:        1844596 kB
MemFree:         1410996 kB
MemAvailable:    1527632 kB
Buffers:           31048 kB
Cached:           216068 kB
MemTotal:        1844596 kB
MemFree:         1410792 kB
MemAvailable:    1527428 kB
Buffers:           31048 kB
Cached:           216068 kB
MemTotal:        1844596 kB
MemFree:         1410792 kB
MemAvailable:    1527428 kB
Buffers:           31048 kB
Cached:           216068 kB
MemTotal:        1844596 kB
MemFree:         1410844 kB
MemAvailable:    1527480 kB
Buffers:           31048 kB
Cached:           216068 kB
MemTotal:        1844596 kB
MemFree:         1410200 kB
MemAvailable:    1526836 kB
Buffers:           31048 kB
Cached:           216068 kB
MemTotal:        1844596 kB
MemFree:         1411120 kB
MemAvailable:    1527756 kB
Buffers:           31048 kB
Cached:           216068 kB
MemTotal:        1844596 kB
MemFree:         1410376 kB
MemAvailable:    1527012 kB
Buffers:           31048 kB
Cached:           216068 kB
MemTotal:        1844596 kB
MemFree:         1411112 kB
MemAvailable:    1527752 kB
Buffers:           31048 kB
Cached:           216072 kB
MemTotal:        1844596 kB
MemFree:         1411112 kB
MemAvailable:    1527752 kB
Buffers:           31048 kB
Cached:           216072 kB
MemTotal:        1844596 kB
MemFree:         1410592 kB
MemAvailable:    1527568 kB
Buffers:           31048 kB
Cached:           216444 kB
MemTotal:        1844596 kB
MemFree:         1410592 kB
MemAvailable:    1527568 kB
Buffers:           31048 kB
Cached:           216444 kB
MemTotal:        1844596 kB
MemFree:         1409196 kB
MemAvailable:    1526172 kB
Buffers:           31048 kB
Cached:           216568 kB
MemTotal:        1844596 kB
MemFree:         1409328 kB
MemAvailable:    1526472 kB
Buffers:           31048 kB
Cached:           216692 kB
MemTotal:        1844596 kB
MemFree:         1410304 kB
MemAvailable:    1527532 kB
Buffers:           31048 kB
Cached:           216692 kB
MemTotal:        1844596 kB
MemFree:         1410640 kB
MemAvailable:    1527868 kB
Buffers:           31048 kB
Cached:           216692 kB
MemTotal:        1844596 kB
MemFree:         1410436 kB
MemAvailable:    1527748 kB
Buffers:           31048 kB
Cached:           216816 kB
MemTotal:        1844596 kB
MemFree:         1409384 kB
MemAvailable:    1526696 kB
Buffers:           31048 kB
Cached:           216816 kB
MemTotal:        1844596 kB
MemFree:         1410108 kB
MemAvailable:    1527420 kB
Buffers:           31048 kB
Cached:           216816 kB
MemTotal:        1844596 kB
MemFree:         1410364 kB
MemAvailable:    1527676 kB
Buffers:           31048 kB
Cached:           216816 kB
MemTotal:        1844596 kB
MemFree:         1408944 kB
MemAvailable:    1526256 kB
Buffers:           31048 kB
Cached:           216816 kB
MemTotal:        1844596 kB
MemFree:         1409872 kB
MemAvailable:    1527184 kB
Buffers:           31048 kB
Cached:           216816 kB
MemTotal:        1844596 kB
MemFree:         1410352 kB
MemAvailable:    1527076 kB
Buffers:           31048 kB
Cached:           216144 kB
MemTotal:        1844596 kB
MemFree:         1410440 kB
MemAvailable:    1527164 kB
Buffers:           31048 kB
Cached:           216144 kB
MemTotal:        1844596 kB
MemFree:         1482744 kB
MemAvailable:    1599468 kB
Buffers:           31048 kB
Cached:           216144 kB
