MemTotal:        1844596 kB
MemFree:         1486680 kB
MemAvailable:    1576832 kB
Buffers:           27228 kB
Cached:           192480 kB
MemTotal:        1844596 kB
MemFree:         1485200 kB
MemAvailable:    1575352 kB
Buffers:           27228 kB
Cached:           192480 kB
MemTotal:        1844596 kB
MemFree:         1481216 kB
MemAvailable:    1571368 kB
Buffers:           27228 kB
Cached:           192480 kB
MemTotal:        1844596 kB
MemFree:         1483148 kB
MemAvailable:    1573300 kB
Buffers:           27228 kB
Cached:           192480 kB
MemTotal:        1844596 kB
MemFree:         1482704 kB
MemAvailable:    1572856 kB
Buffers:           27228 kB
Cached:           192480 kB
MemTotal:        1844596 kB
MemFree:         1482632 kB
MemAvailable:    1572784 kB
Buffers:           27228 kB
Cached:           192480 kB
MemTotal:        1844596 kB
MemFree:         1480240 kB
MemAvailable:    1570392 kB
Buffers:           27228 kB
Cached:           192480 kB
MemTotal:        1844596 kB
MemFree:         1478876 kB
MemAvailable:    1569028 kB
Buffers:           27228 kB
Cached:           192480 kB
MemTotal:        1844596 kB
MemFree:         1476844 kB
MemAvailable:    1566996 kB
Buffers:           27228 kB
Cached:           192480 kB
MemTotal:        1844596 kB
MemFree:         1474156 kB
MemAvailable:    1564308 kB
Buffers:           27228 kB
Cached:           192480 kB
MemTotal:        1844596 kB
MemFree:         1471480 kB
MemAvailable:    1561632 kB
Buffers:           27228 kB
Cached:           192480 kB
MemTotal:        1844596 kB
MemFree:         1472640 kB
MemAvailable:    1562792 kB
Buffers:           27228 kB
Cached:           192480 kB
MemTotal:        1844596 kB
MemFree:         1472860 kB
MemAvailable:    1563012 kB
Buffers:           27228 kB
Cached:           192480 kB
MemTotal:        1844596 kB
MemFree:         1471636 kB
MemAvailable:    1561788 kB
Buffers:           27228 kB
Cached:           192480 kB
MemTotal:        1844596 kB
MemFree:         1472000 kB
MemAvailable:    1562152 kB
Buffers:           27228 kB
Cached:           192480 kB
MemTotal:        1844596 kB
MemFree:         1472736 kB
MemAvailable:    1562888 kB
Buffers:           27228 kB
Cached:           192480 kB
MemTotal:        1844596 kB
MemFree:         1472736 kB
MemAvailable:    1562888 kB
Buffers:           27228 kB
Cached:           192480 kB
MemTotal:        1844596 kB
MemFree:         1472800 kB
MemAvailable:    1562952 kB
Buffers:           27228 kB
Cached:           192480 kB
MemTotal:        1844596 kB
MemFree:         1472304 kB
MemAvailable:    1562456 kB
Buffers:           27228 kB
Cached:           192480 kB
MemTotal:        1844596 kB
MemFree:         1471296 kB
MemAvailable:    1561448 kB
Buffers:           27228 kB
Cached:           192480 kB
MemTotal:        1844596 kB
MemFree:         1471000 kB
MemAvailable:    1561152 kB
Buffers:           27228 kB
Cached:           192480 kB
MemTotal:        1844596 kB
MemFree:         1470736 kB
MemAvailable:    1560888 kB
Buffers:           27240 kB
Cached:           192468 kB
MemTotal:        1844596 kB
MemFree:         1470504 kB
MemAvailable:    1560656 kB
Buffers:           27240 kB
Cached:           192468 kB
MemTotal:        1844596 kB
MemFree:         1470428 kB
MemAvailable:    1560580 kB
Buffers:           27240 kB
Cached:           192468 kB
MemTotal:        1844596 kB
MemFree:         1470504 kB
MemAvailable:    1560656 kB
Buffers:           27240 kB
Cached:           192468 kB
MemTotal:        1844596 kB
MemFree:         1470492 kB
MemAvailable:    1560644 kB
Buffers:           27240 kB
Cached:           192468 kB
MemTotal:        1844596 kB
MemFree:         1470492 kB
MemAvailable:    1560644 kB
Buffers:           27240 kB
Cached:           192468 kB
MemTotal:        1844596 kB
MemFree:         1469060 kB
MemAvailable:    1559212 kB
Buffers:           27240 kB
Cached:           192468 kB
MemTotal:        1844596 kB
MemFree:         1469316 kB
MemAvailable:    1559468 kB
Buffers:           27240 kB
Cached:           192468 kB
MemTotal:        1844596 kB
MemFree:         1471808 kB
MemAvailable:    1561960 kB
Buffers:           27240 kB
Cached:           192468 kB
MemTotal:        1844596 kB
MemFree:         1471696 kB
MemAvailable:    1561848 kB
Buffers:           27240 kB
Cached:           192468 kB
MemTotal:        1844596 kB
MemFree:         1471696 kB
MemAvailable:    1561848 kB
Buffers:           27240 kB
Cached:           192468 kB
MemTotal:        1844596 kB
MemFree:         1471124 kB
MemAvailable:    1561276 kB
Buffers:           27240 kB
Cached:           192468 kB
MemTotal:        1844596 kB
MemFree:         1469636 kB
MemAvailable:    1559788 kB
Buffers:           27240 kB
Cached:           192468 kB
MemTotal:        1844596 kB
MemFree:         1468628 kB
MemAvailable:    1558780 kB
Buffers:           27240 kB
Cached:           192468 kB
MemTotal:        1844596 kB
MemFree:         1466924 kB
MemAvailable:    1557076 kB
Buffers:           27240 kB
Cached:           192468 kB
MemTotal:        1844596 kB
MemFree:         1467968 kB
MemAvailable:    1558120 kB
Buffers:           27240 kB
Cached:           192468 kB
MemTotal:        1844596 kB
MemFree:         1467344 kB
MemAvailable:    1557496 kB
Buffers:           27240 kB
Cached:           192468 kB
MemTotal:        1844596 kB
MemFree:         1467592 kB
MemAvailable:    1557744 kB
Buffers:           27240 kB
Cached:           192468 kB
MemTotal:        1844596 kB
MemFree:         1467220 kB
MemAvailable:    1557372 kB
Buffers:           27240 kB
Cached:           192468 kB
MemTotal:        1844596 kB
MemFree:         1466336 kB
MemAvailable:    1556488 kB
Buffers:           27240 kB
Cached:           192468 kB
MemTotal:        1844596 kB
MemFree:         1466672 kB
MemAvailable:    1556824 kB
Buffers:           27240 kB
Cached:           192468 kB
MemTotal:        1844596 kB
MemFree:         1466468 kB
MemAvailable:    1556620 kB
Buffers:           27240 kB
Cached:           192468 kB
MemTotal:        1844596 kB
MemFree:         1465360 kB
MemAvailable:    1555512 kB
Buffers:           27240 kB
Cached:           192468 kB
MemTotal:        1844596 kB
MemFree:         1465352 kB
MemAvailable:    1555512 kB
Buffers:           27240 kB
Cached:           192476 kB
MemTotal:        1844596 kB
MemFree:         1466220 kB
MemAvailable:    1556380 kB
Buffers:           27240 kB
Cached:           192476 kB
MemTotal:        1844596 kB
MemFree:         1466220 kB
MemAvailable:    1556380 kB
Buffers:           27240 kB
Cached:           192476 kB
MemTotal:        1844596 kB
MemFree:         1466156 kB
MemAvailable:    1556316 kB
Buffers:           27240 kB
Cached:           192476 kB
MemTotal:        1844596 kB
MemFree:         1465900 kB
MemAvailable:    1556060 kB
Buffers:           27240 kB
Cached:           192476 kB
MemTotal:        1844596 kB
MemFree:         1464368 kB
MemAvailable:    1554528 kB
Buffers:           27240 kB
Cached:           192476 kB
MemTotal:        1844596 kB
MemFree:         1464196 kB
MemAvailable:    1554368 kB
Buffers:           27240 kB
Cached:           192488 kB
MemTotal:        1844596 kB
MemFree:         1463808 kB
MemAvailable:    1553980 kB
Buffers:           27240 kB
Cached:           192488 kB
MemTotal:        1844596 kB
MemFree:         1465180 kB
MemAvailable:    1555352 kB
Buffers:           27240 kB
Cached:           192488 kB
MemTotal:        1844596 kB
MemFree:         1465348 kB
MemAvailable:    1555520 kB
Buffers:           27240 kB
Cached:           192488 kB
MemTotal:        1844596 kB
MemFree:         1463936 kB
MemAvailable:    1554108 kB
Buffers:           27240 kB
Cached:           192488 kB
MemTotal:        1844596 kB
MemFree:         1464052 kB
MemAvailable:    1554224 kB
Buffers:           27240 kB
Cached:           192488 kB
MemTotal:        1844596 kB
MemFree:         1464176 kB
MemAvailable:    1554348 kB
Buffers:           27240 kB
Cached:           192488 kB
MemTotal:        1844596 kB
MemFree:         1464056 kB
MemAvailable:    1554228 kB
Buffers:           27240 kB
Cached:           192488 kB
MemTotal:        1844596 kB
MemFree:         1465200 kB
MemAvailable:    1555372 kB
Buffers:           27240 kB
Cached:           192488 kB
MemTotal:        1844596 kB
MemFree:         1465200 kB
MemAvailable:    1555372 kB
Buffers:           27240 kB
Cached:           192488 kB
MemTotal:        1844596 kB
MemFree:         1465464 kB
MemAvailable:    1555636 kB
Buffers:           27240 kB
Cached:           192488 kB
MemTotal:        1844596 kB
MemFree:         1465084 kB
MemAvailable:    1555256 kB
Buffers:           27240 kB
Cached:           192488 kB
MemTotal:        1844596 kB
MemFree:         1465084 kB
MemAvailable:    1555256 kB
Buffers:           27240 kB
Cached:           192488 kB
MemTotal:        1844596 kB
MemFree:         1463568 kB
MemAvailable:    1553740 kB
Buffers:           27240 kB
Cached:           192488 kB
MemTotal:        1844596 kB
MemFree:         1463864 kB
MemAvailable:    1554036 kB
Buffers:           27240 kB
Cached:           192488 kB
MemTotal:        1844596 kB
MemFree:         1464800 kB
MemAvailable:    1554972 kB
Buffers:           27240 kB
Cached:           192488 kB
MemTotal:        1844596 kB
MemFree:         1464608 kB
MemAvailable:    1554780 kB
Buffers:           27240 kB
Cached:           192488 kB
MemTotal:        1844596 kB
MemFree:         1463616 kB
MemAvailable:    1553788 kB
Buffers:           27240 kB
Cached:           192488 kB
MemTotal:        1844596 kB
MemFree:         1464304 kB
MemAvailable:    1554480 kB
Buffers:           27240 kB
Cached:           192492 kB
MemTotal:        1844596 kB
MemFree:         1463376 kB
MemAvailable:    1553552 kB
Buffers:           27240 kB
Cached:           192492 kB
MemTotal:        1844596 kB
MemFree:         1464352 kB
MemAvailable:    1554528 kB
Buffers:           27240 kB
Cached:           192492 kB
MemTotal:        1844596 kB
MemFree:         1464436 kB
MemAvailable:    1554612 kB
Buffers:           27240 kB
Cached:           192492 kB
MemTotal:        1844596 kB
MemFree:         1463108 kB
MemAvailable:    1553284 kB
Buffers:           27240 kB
Cached:           192492 kB
MemTotal:        1844596 kB
MemFree:         1464224 kB
MemAvailable:    1554400 kB
Buffers:           27240 kB
Cached:           192492 kB
MemTotal:        1844596 kB
MemFree:         1463192 kB
MemAvailable:    1553368 kB
Buffers:           27240 kB
Cached:           192492 kB
MemTotal:        1844596 kB
MemFree:         1463104 kB
MemAvailable:    1553280 kB
Buffers:           27240 kB
Cached:           192492 kB
MemTotal:        1844596 kB
MemFree:         1464228 kB
MemAvailable:    1554404 kB
Buffers:           27240 kB
Cached:           192492 kB
MemTotal:        1844596 kB
MemFree:         1464228 kB
MemAvailable:    1554404 kB
Buffers:           27240 kB
Cached:           192492 kB
MemTotal:        1844596 kB
MemFree:         1462624 kB
MemAvailable:    1552800 kB
Buffers:           27240 kB
Cached:           192492 kB
MemTotal:        1844596 kB
MemFree:         1460268 kB
MemAvailable:    1550444 kB
Buffers:           27240 kB
Cached:           192492 kB
MemTotal:        1844596 kB
MemFree:         1459912 kB
MemAvailable:    1550088 kB
Buffers:           27240 kB
Cached:           192492 kB
MemTotal:        1844596 kB
MemFree:         1457176 kB
MemAvailable:    1547352 kB
Buffers:           27240 kB
Cached:           192492 kB
MemTotal:        1844596 kB
MemFree:         1456988 kB
MemAvailable:    1547164 kB
Buffers:           27240 kB
Cached:           192492 kB
MemTotal:        1844596 kB
MemFree:         1455688 kB
MemAvailable:    1545864 kB
Buffers:           27240 kB
Cached:           192492 kB
MemTotal:        1844596 kB
MemFree:         1456404 kB
MemAvailable:    1546580 kB
Buffers:           27240 kB
Cached:           192492 kB
MemTotal:        1844596 kB
MemFree:         1456488 kB
MemAvailable:    1546664 kB
Buffers:           27240 kB
Cached:           192492 kB
MemTotal:        1844596 kB
MemFree:         1455004 kB
MemAvailable:    1545180 kB
Buffers:           27240 kB
Cached:           192492 kB
MemTotal:        1844596 kB
MemFree:         1455136 kB
MemAvailable:    1545312 kB
Buffers:           27240 kB
Cached:           192492 kB
MemTotal:        1844596 kB
MemFree:         1456244 kB
MemAvailable:    1546420 kB
Buffers:           27240 kB
Cached:           192492 kB
MemTotal:        1844596 kB
MemFree:         1456356 kB
MemAvailable:    1546532 kB
Buffers:           27240 kB
Cached:           192492 kB
MemTotal:        1844596 kB
MemFree:         1456608 kB
MemAvailable:    1546784 kB
Buffers:           27240 kB
Cached:           192492 kB
MemTotal:        1844596 kB
MemFree:         1456412 kB
MemAvailable:    1546588 kB
Buffers:           27240 kB
Cached:           192492 kB
MemTotal:        1844596 kB
MemFree:         1456412 kB
MemAvailable:    1546588 kB
Buffers:           27240 kB
Cached:           192492 kB
MemTotal:        1844596 kB
MemFree:         1456444 kB
MemAvailable:    1546620 kB
Buffers:           27240 kB
Cached:           192492 kB
MemTotal:        1844596 kB
MemFree:         1455180 kB
MemAvailable:    1545356 kB
Buffers:           27240 kB
Cached:           192492 kB
MemTotal:        1844596 kB
MemFree:         1455172 kB
MemAvailable:    1545348 kB
Buffers:           27240 kB
Cached:           192492 kB
MemTotal:        1844596 kB
MemFree:         1456288 kB
MemAvailable:    1546464 kB
Buffers:           27240 kB
Cached:           192492 kB
MemTotal:        1844596 kB
MemFree:         1456540 kB
MemAvailable:    1546716 kB
Buffers:           27240 kB
Cached:           192492 kB
MemTotal:        1844596 kB
MemFree:         1456176 kB
MemAvailable:    1546352 kB
Buffers:           27240 kB
Cached:           192492 kB
MemTotal:        1844596 kB
MemFree:         1455872 kB
MemAvailable:    1546048 kB
Buffers:           27240 kB
Cached:           192492 kB
MemTotal:        1844596 kB
MemFree:         1454572 kB
MemAvailable:    1544748 kB
Buffers:           27240 kB
Cached:           192492 kB
MemTotal:        1844596 kB
MemFree:         1455428 kB
MemAvailable:    1545604 kB
Buffers:           27240 kB
Cached:           192492 kB
MemTotal:        1844596 kB
MemFree:         1454324 kB
MemAvailable:    1544500 kB
Buffers:           27240 kB
Cached:           192492 kB
MemTotal:        1844596 kB
MemFree:         1454944 kB
MemAvailable:    1545124 kB
Buffers:           27240 kB
Cached:           192496 kB
MemTotal:        1844596 kB
MemFree:         1453952 kB
MemAvailable:    1544132 kB
Buffers:           27240 kB
Cached:           192496 kB
MemTotal:        1844596 kB
MemFree:         1453440 kB
MemAvailable:    1543620 kB
Buffers:           27240 kB
Cached:           192496 kB
MemTotal:        1844596 kB
MemFree:         1453316 kB
MemAvailable:    1543496 kB
Buffers:           27240 kB
Cached:           192496 kB
MemTotal:        1844596 kB
MemFree:         1453764 kB
MemAvailable:    1543944 kB
Buffers:           27240 kB
Cached:           192496 kB
MemTotal:        1844596 kB
MemFree:         1452456 kB
MemAvailable:    1542636 kB
Buffers:           27240 kB
Cached:           192496 kB
MemTotal:        1844596 kB
MemFree:         1452820 kB
MemAvailable:    1543000 kB
Buffers:           27240 kB
Cached:           192496 kB
MemTotal:        1844596 kB
MemFree:         1452588 kB
MemAvailable:    1542768 kB
Buffers:           27240 kB
Cached:           192496 kB
MemTotal:        1844596 kB
MemFree:         1452776 kB
MemAvailable:    1542956 kB
Buffers:           27240 kB
Cached:           192496 kB
MemTotal:        1844596 kB
MemFree:         1452844 kB
MemAvailable:    1543024 kB
Buffers:           27240 kB
Cached:           192496 kB
MemTotal:        1844596 kB
MemFree:         1452764 kB
MemAvailable:    1542944 kB
Buffers:           27240 kB
Cached:           192496 kB
MemTotal:        1844596 kB
MemFree:         1452448 kB
MemAvailable:    1542628 kB
Buffers:           27240 kB
Cached:           192496 kB
MemTotal:        1844596 kB
MemFree:         1451472 kB
MemAvailable:    1541652 kB
Buffers:           27240 kB
Cached:           192496 kB
MemTotal:        1844596 kB
MemFree:         1452312 kB
MemAvailable:    1542492 kB
Buffers:           27240 kB
Cached:           192496 kB
MemTotal:        1844596 kB
MemFree:         1452648 kB
MemAvailable:    1542828 kB
Buffers:           27240 kB
Cached:           192496 kB
MemTotal:        1844596 kB
MemFree:         1452404 kB
MemAvailable:    1542584 kB
Buffers:           27240 kB
Cached:           192496 kB
MemTotal:        1844596 kB
MemFree:         1452216 kB
MemAvailable:    1542396 kB
Buffers:           27240 kB
Cached:           192496 kB
MemTotal:        1844596 kB
MemFree:         1452312 kB
MemAvailable:    1542492 kB
Buffers:           27240 kB
Cached:           192496 kB
MemTotal:        1844596 kB
MemFree:         1452648 kB
MemAvailable:    1542828 kB
Buffers:           27240 kB
Cached:           192496 kB
MemTotal:        1844596 kB
MemFree:         1451952 kB
MemAvailable:    1542132 kB
Buffers:           27240 kB
Cached:           192496 kB
MemTotal:        1844596 kB
MemFree:         1451844 kB
MemAvailable:    1542024 kB
Buffers:           27240 kB
Cached:           192496 kB
MemTotal:        1844596 kB
MemFree:         1451664 kB
MemAvailable:    1541844 kB
Buffers:           27240 kB
Cached:           192496 kB
MemTotal:        1844596 kB
MemFree:         1445356 kB
MemAvailable:    1535536 kB
Buffers:           27240 kB
Cached:           192496 kB
MemTotal:        1844596 kB
MemFree:         1444776 kB
MemAvailable:    1534956 kB
Buffers:           27240 kB
Cached:           192496 kB
MemTotal:        1844596 kB
MemFree:         1444380 kB
MemAvailable:    1534560 kB
Buffers:           27240 kB
Cached:           192496 kB
MemTotal:        1844596 kB
MemFree:         1443852 kB
MemAvailable:    1534032 kB
Buffers:           27240 kB
Cached:           192496 kB
MemTotal:        1844596 kB
MemFree:         1444776 kB
MemAvailable:    1534956 kB
Buffers:           27240 kB
Cached:           192496 kB
MemTotal:        1844596 kB
MemFree:         1443536 kB
MemAvailable:    1533716 kB
Buffers:           27240 kB
Cached:           192496 kB
MemTotal:        1844596 kB
MemFree:         1444588 kB
MemAvailable:    1534768 kB
Buffers:           27240 kB
Cached:           192496 kB
MemTotal:        1844596 kB
MemFree:         1443652 kB
MemAvailable:    1533832 kB
Buffers:           27240 kB
Cached:           192496 kB
MemTotal:        1844596 kB
MemFree:         1443156 kB
MemAvailable:    1533336 kB
Buffers:           27240 kB
Cached:           192496 kB
MemTotal:        1844596 kB
MemFree:         1443288 kB
MemAvailable:    1533468 kB
Buffers:           27240 kB
Cached:           192496 kB
MemTotal:        1844596 kB
MemFree:         1441792 kB
MemAvailable:    1531972 kB
Buffers:           27240 kB
Cached:           192496 kB
MemTotal:        1844596 kB
MemFree:         1443016 kB
MemAvailable:    1533196 kB
Buffers:           27240 kB
Cached:           192496 kB
MemTotal:        1844596 kB
MemFree:         1442936 kB
MemAvailable:    1533116 kB
Buffers:           27240 kB
Cached:           192496 kB
MemTotal:        1844596 kB
MemFree:         1443016 kB
MemAvailable:    1533196 kB
Buffers:           27240 kB
Cached:           192496 kB
MemTotal:        1844596 kB
MemFree:         1442588 kB
MemAvailable:    1532768 kB
Buffers:           27240 kB
Cached:           192496 kB
MemTotal:        1844596 kB
MemFree:         1442544 kB
MemAvailable:    1532724 kB
Buffers:           27240 kB
Cached:           192496 kB
MemTotal:        1844596 kB
MemFree:         1441240 kB
MemAvailable:    1531420 kB
Buffers:           27240 kB
Cached:           192496 kB
MemTotal:        1844596 kB
MemFree:         1442348 kB
MemAvailable:    1532528 kB
Buffers:           27240 kB
Cached:           192496 kB
MemTotal:        1844596 kB
MemFree:         1442592 kB
MemAvailable:    1532772 kB
Buffers:           27240 kB
Cached:           192496 kB
MemTotal:        1844596 kB
MemFree:         1441512 kB
MemAvailable:    1531692 kB
Buffers:           27240 kB
Cached:           192496 kB
MemTotal:        1844596 kB
MemFree:         1441428 kB
MemAvailable:    1531608 kB
Buffers:           27240 kB
Cached:           192496 kB
MemTotal:        1844596 kB
MemFree:         1441180 kB
MemAvailable:    1531364 kB
Buffers:           27240 kB
Cached:           192500 kB
MemTotal:        1844596 kB
MemFree:         1442688 kB
MemAvailable:    1532872 kB
Buffers:           27240 kB
Cached:           192500 kB
MemTotal:        1844596 kB
MemFree:         1441800 kB
MemAvailable:    1531984 kB
Buffers:           27240 kB
Cached:           192500 kB
MemTotal:        1844596 kB
MemFree:         1443040 kB
MemAvailable:    1533228 kB
Buffers:           27240 kB
Cached:           192504 kB
MemTotal:        1844596 kB
MemFree:         1441544 kB
MemAvailable:    1531732 kB
Buffers:           27240 kB
Cached:           192504 kB
MemTotal:        1844596 kB
MemFree:         1441668 kB
MemAvailable:    1531856 kB
Buffers:           27240 kB
Cached:           192504 kB
MemTotal:        1844596 kB
MemFree:         1441536 kB
MemAvailable:    1531724 kB
Buffers:           27240 kB
Cached:           192504 kB
MemTotal:        1844596 kB
MemFree:         1442652 kB
MemAvailable:    1532840 kB
Buffers:           27240 kB
Cached:           192504 kB
MemTotal:        1844596 kB
MemFree:         1442520 kB
MemAvailable:    1532708 kB
Buffers:           27240 kB
Cached:           192504 kB
MemTotal:        1844596 kB
MemFree:         1441552 kB
MemAvailable:    1531740 kB
Buffers:           27240 kB
Cached:           192504 kB
MemTotal:        1844596 kB
MemFree:         1442536 kB
MemAvailable:    1532724 kB
Buffers:           27240 kB
Cached:           192504 kB
MemTotal:        1844596 kB
MemFree:         1442872 kB
MemAvailable:    1533060 kB
Buffers:           27240 kB
Cached:           192504 kB
MemTotal:        1844596 kB
MemFree:         1442488 kB
MemAvailable:    1532676 kB
Buffers:           27240 kB
Cached:           192504 kB
MemTotal:        1844596 kB
MemFree:         1442304 kB
MemAvailable:    1532492 kB
Buffers:           27240 kB
Cached:           192504 kB
MemTotal:        1844596 kB
MemFree:         1442404 kB
MemAvailable:    1532592 kB
Buffers:           27240 kB
Cached:           192504 kB
MemTotal:        1844596 kB
MemFree:         1442488 kB
MemAvailable:    1532676 kB
Buffers:           27240 kB
Cached:           192504 kB
MemTotal:        1844596 kB
MemFree:         1442348 kB
MemAvailable:    1532536 kB
Buffers:           27240 kB
Cached:           192504 kB
MemTotal:        1844596 kB
MemFree:         1442428 kB
MemAvailable:    1532616 kB
Buffers:           27240 kB
Cached:           192504 kB
MemTotal:        1844596 kB
MemFree:         1442232 kB
MemAvailable:    1532420 kB
Buffers:           27240 kB
Cached:           192504 kB
MemTotal:        1844596 kB
MemFree:         1441428 kB
MemAvailable:    1531616 kB
Buffers:           27240 kB
Cached:           192504 kB
MemTotal:        1844596 kB
MemFree:         1442480 kB
MemAvailable:    1532668 kB
Buffers:           27240 kB
Cached:           192504 kB
MemTotal:        1844596 kB
MemFree:         1442480 kB
MemAvailable:    1532668 kB
Buffers:           27240 kB
Cached:           192504 kB
MemTotal:        1844596 kB
MemFree:         1441676 kB
MemAvailable:    1531864 kB
Buffers:           27240 kB
Cached:           192504 kB
MemTotal:        1844596 kB
MemFree:         1442352 kB
MemAvailable:    1532540 kB
Buffers:           27240 kB
Cached:           192504 kB
MemTotal:        1844596 kB
MemFree:         1442604 kB
MemAvailable:    1532792 kB
Buffers:           27240 kB
Cached:           192504 kB
MemTotal:        1844596 kB
MemFree:         1442536 kB
MemAvailable:    1532724 kB
Buffers:           27240 kB
Cached:           192504 kB
MemTotal:        1844596 kB
MemFree:         1442428 kB
MemAvailable:    1532616 kB
Buffers:           27240 kB
Cached:           192504 kB
MemTotal:        1844596 kB
MemFree:         1441040 kB
MemAvailable:    1531228 kB
Buffers:           27240 kB
Cached:           192504 kB
MemTotal:        1844596 kB
MemFree:         1442556 kB
MemAvailable:    1532744 kB
Buffers:           27240 kB
Cached:           192504 kB
MemTotal:        1844596 kB
MemFree:         1441676 kB
MemAvailable:    1531864 kB
Buffers:           27240 kB
Cached:           192504 kB
MemTotal:        1844596 kB
MemFree:         1442400 kB
MemAvailable:    1532588 kB
Buffers:           27240 kB
Cached:           192504 kB
MemTotal:        1844596 kB
MemFree:         1442484 kB
MemAvailable:    1532672 kB
Buffers:           27240 kB
Cached:           192504 kB
MemTotal:        1844596 kB
MemFree:         1442288 kB
MemAvailable:    1532476 kB
Buffers:           27240 kB
Cached:           192504 kB
MemTotal:        1844596 kB
MemFree:         1442556 kB
MemAvailable:    1532744 kB
Buffers:           27240 kB
Cached:           192504 kB
MemTotal:        1844596 kB
MemFree:         1442056 kB
MemAvailable:    1532244 kB
Buffers:           27240 kB
Cached:           192504 kB
MemTotal:        1844596 kB
MemFree:         1442652 kB
MemAvailable:    1532840 kB
Buffers:           27240 kB
Cached:           192504 kB
MemTotal:        1844596 kB
MemFree:         1442544 kB
MemAvailable:    1532732 kB
Buffers:           27240 kB
Cached:           192504 kB
MemTotal:        1844596 kB
MemFree:         1442604 kB
MemAvailable:    1532792 kB
Buffers:           27240 kB
Cached:           192504 kB
MemTotal:        1844596 kB
MemFree:         1442556 kB
MemAvailable:    1532744 kB
Buffers:           27240 kB
Cached:           192504 kB
MemTotal:        1844596 kB
MemFree:         1442480 kB
MemAvailable:    1532668 kB
Buffers:           27240 kB
Cached:           192504 kB
MemTotal:        1844596 kB
MemFree:         1442392 kB
MemAvailable:    1532580 kB
Buffers:           27240 kB
Cached:           192504 kB
MemTotal:        1844596 kB
MemFree:         1442420 kB
MemAvailable:    1532608 kB
Buffers:           27240 kB
Cached:           192504 kB
MemTotal:        1844596 kB
MemFree:         1442400 kB
MemAvailable:    1532588 kB
Buffers:           27240 kB
Cached:           192504 kB
MemTotal:        1844596 kB
MemFree:         1442656 kB
MemAvailable:    1532844 kB
Buffers:           27240 kB
Cached:           192504 kB
MemTotal:        1844596 kB
MemFree:         1442404 kB
MemAvailable:    1532592 kB
Buffers:           27240 kB
Cached:           192504 kB
MemTotal:        1844596 kB
MemFree:         1442404 kB
MemAvailable:    1532592 kB
Buffers:           27240 kB
Cached:           192504 kB
MemTotal:        1844596 kB
MemFree:         1442356 kB
MemAvailable:    1532544 kB
Buffers:           27240 kB
Cached:           192504 kB
MemTotal:        1844596 kB
MemFree:         1442612 kB
MemAvailable:    1532800 kB
Buffers:           27240 kB
Cached:           192504 kB
MemTotal:        1844596 kB
MemFree:         1442260 kB
MemAvailable:    1532448 kB
Buffers:           27240 kB
Cached:           192504 kB
MemTotal:        1844596 kB
MemFree:         1442596 kB
MemAvailable:    1532784 kB
Buffers:           27240 kB
Cached:           192504 kB
MemTotal:        1844596 kB
MemFree:         1441144 kB
MemAvailable:    1531332 kB
Buffers:           27240 kB
Cached:           192504 kB
MemTotal:        1844596 kB
MemFree:         1441236 kB
MemAvailable:    1531424 kB
Buffers:           27240 kB
Cached:           192504 kB
MemTotal:        1844596 kB
MemFree:         1442440 kB
MemAvailable:    1532628 kB
Buffers:           27240 kB
Cached:           192504 kB
MemTotal:        1844596 kB
MemFree:         1441140 kB
MemAvailable:    1531328 kB
Buffers:           27240 kB
Cached:           192504 kB
MemTotal:        1844596 kB
MemFree:         1442524 kB
MemAvailable:    1532712 kB
Buffers:           27240 kB
Cached:           192504 kB
MemTotal:        1844596 kB
MemFree:         1441180 kB
MemAvailable:    1531368 kB
Buffers:           27240 kB
Cached:           192504 kB
MemTotal:        1844596 kB
MemFree:         1442288 kB
MemAvailable:    1532476 kB
Buffers:           27240 kB
Cached:           192504 kB
MemTotal:        1844596 kB
MemFree:         1442544 kB
MemAvailable:    1532732 kB
Buffers:           27240 kB
Cached:           192504 kB
MemTotal:        1844596 kB
MemFree:         1442744 kB
MemAvailable:    1532932 kB
Buffers:           27240 kB
Cached:           192504 kB
MemTotal:        1844596 kB
MemFree:         1441800 kB
MemAvailable:    1531988 kB
Buffers:           27240 kB
Cached:           192504 kB
MemTotal:        1844596 kB
MemFree:         1441668 kB
MemAvailable:    1531856 kB
Buffers:           27240 kB
Cached:           192504 kB
MemTotal:        1844596 kB
MemFree:         1441296 kB
MemAvailable:    1531484 kB
Buffers:           27240 kB
Cached:           192504 kB
MemTotal:        1844596 kB
MemFree:         1441420 kB
MemAvailable:    1531608 kB
Buffers:           27240 kB
Cached:           192504 kB
MemTotal:        1844596 kB
MemFree:         1442396 kB
MemAvailable:    1532584 kB
Buffers:           27240 kB
Cached:           192504 kB
MemTotal:        1844596 kB
MemFree:         1442648 kB
MemAvailable:    1532836 kB
Buffers:           27240 kB
Cached:           192504 kB
MemTotal:        1844596 kB
MemFree:         1442612 kB
MemAvailable:    1532800 kB
Buffers:           27240 kB
Cached:           192504 kB
MemTotal:        1844596 kB
MemFree:         1442592 kB
MemAvailable:    1532780 kB
Buffers:           27240 kB
Cached:           192504 kB
MemTotal:        1844596 kB
MemFree:         1442048 kB
MemAvailable:    1532236 kB
Buffers:           27240 kB
Cached:           192504 kB
MemTotal:        1844596 kB
MemFree:         1442276 kB
MemAvailable:    1532464 kB
Buffers:           27240 kB
Cached:           192504 kB
MemTotal:        1844596 kB
MemFree:         1442532 kB
MemAvailable:    1532720 kB
Buffers:           27240 kB
Cached:           192504 kB
MemTotal:        1844596 kB
MemFree:         1442288 kB
MemAvailable:    1532476 kB
Buffers:           27240 kB
Cached:           192504 kB
MemTotal:        1844596 kB
MemFree:         1442372 kB
MemAvailable:    1532560 kB
Buffers:           27240 kB
Cached:           192504 kB
MemTotal:        1844596 kB
MemFree:         1442324 kB
MemAvailable:    1532512 kB
Buffers:           27240 kB
Cached:           192504 kB
MemTotal:        1844596 kB
MemFree:         1442668 kB
MemAvailable:    1532856 kB
Buffers:           27240 kB
Cached:           192504 kB
MemTotal:        1844596 kB
MemFree:         1442656 kB
MemAvailable:    1532844 kB
Buffers:           27240 kB
Cached:           192504 kB
MemTotal:        1844596 kB
MemFree:         1442412 kB
MemAvailable:    1532600 kB
Buffers:           27240 kB
Cached:           192504 kB
MemTotal:        1844596 kB
MemFree:         1442304 kB
MemAvailable:    1532492 kB
Buffers:           27240 kB
Cached:           192504 kB
MemTotal:        1844596 kB
MemFree:         1442408 kB
MemAvailable:    1532604 kB
Buffers:           27240 kB
Cached:           192512 kB
MemTotal:        1844596 kB
MemFree:         1442080 kB
MemAvailable:    1532276 kB
Buffers:           27240 kB
Cached:           192512 kB
MemTotal:        1844596 kB
MemFree:         1442300 kB
MemAvailable:    1532496 kB
Buffers:           27240 kB
Cached:           192512 kB
MemTotal:        1844596 kB
MemFree:         1442636 kB
MemAvailable:    1532832 kB
Buffers:           27240 kB
Cached:           192512 kB
MemTotal:        1844596 kB
MemFree:         1442452 kB
MemAvailable:    1532648 kB
Buffers:           27240 kB
Cached:           192512 kB
MemTotal:        1844596 kB
MemFree:         1441532 kB
MemAvailable:    1531728 kB
Buffers:           27240 kB
Cached:           192512 kB
MemTotal:        1844596 kB
MemFree:         1441280 kB
MemAvailable:    1531476 kB
Buffers:           27240 kB
Cached:           192512 kB
MemTotal:        1844596 kB
MemFree:         1441088 kB
MemAvailable:    1531284 kB
Buffers:           27240 kB
Cached:           192512 kB
MemTotal:        1844596 kB
MemFree:         1441164 kB
MemAvailable:    1531360 kB
Buffers:           27240 kB
Cached:           192512 kB
MemTotal:        1844596 kB
MemFree:         1441164 kB
MemAvailable:    1531360 kB
Buffers:           27240 kB
Cached:           192512 kB
MemTotal:        1844596 kB
MemFree:         1441296 kB
MemAvailable:    1531492 kB
Buffers:           27240 kB
Cached:           192512 kB
MemTotal:        1844596 kB
MemFree:         1441032 kB
MemAvailable:    1531228 kB
Buffers:           27240 kB
Cached:           192512 kB
MemTotal:        1844596 kB
MemFree:         1442444 kB
MemAvailable:    1532640 kB
Buffers:           27240 kB
Cached:           192512 kB
MemTotal:        1844596 kB
MemFree:         1442696 kB
MemAvailable:    1532892 kB
Buffers:           27240 kB
Cached:           192512 kB
MemTotal:        1844596 kB
MemFree:         1441204 kB
MemAvailable:    1531400 kB
Buffers:           27240 kB
Cached:           192512 kB
MemTotal:        1844596 kB
MemFree:         1441288 kB
MemAvailable:    1531484 kB
Buffers:           27240 kB
Cached:           192512 kB
MemTotal:        1844596 kB
MemFree:         1441156 kB
MemAvailable:    1531352 kB
Buffers:           27240 kB
Cached:           192512 kB
MemTotal:        1844596 kB
MemFree:         1442432 kB
MemAvailable:    1532628 kB
Buffers:           27240 kB
Cached:           192512 kB
MemTotal:        1844596 kB
MemFree:         1442684 kB
MemAvailable:    1532880 kB
Buffers:           27240 kB
Cached:           192512 kB
MemTotal:        1844596 kB
MemFree:         1441444 kB
MemAvailable:    1531640 kB
Buffers:           27240 kB
Cached:           192512 kB
MemTotal:        1844596 kB
MemFree:         1442588 kB
MemAvailable:    1532784 kB
Buffers:           27240 kB
Cached:           192512 kB
MemTotal:        1844596 kB
MemFree:         1442500 kB
MemAvailable:    1532696 kB
Buffers:           27240 kB
Cached:           192512 kB
MemTotal:        1844596 kB
MemFree:         1442320 kB
MemAvailable:    1532516 kB
Buffers:           27240 kB
Cached:           192512 kB
MemTotal:        1844596 kB
MemFree:         1442212 kB
MemAvailable:    1532408 kB
Buffers:           27240 kB
Cached:           192512 kB
MemTotal:        1844596 kB
MemFree:         1442464 kB
MemAvailable:    1532660 kB
Buffers:           27240 kB
Cached:           192512 kB
MemTotal:        1844596 kB
MemFree:         1442608 kB
MemAvailable:    1532804 kB
Buffers:           27240 kB
Cached:           192512 kB
MemTotal:        1844596 kB
MemFree:         1441832 kB
MemAvailable:    1532028 kB
Buffers:           27240 kB
Cached:           192512 kB
MemTotal:        1844596 kB
MemFree:         1442392 kB
MemAvailable:    1532588 kB
Buffers:           27240 kB
Cached:           192512 kB
MemTotal:        1844596 kB
MemFree:         1442644 kB
MemAvailable:    1532840 kB
Buffers:           27240 kB
Cached:           192512 kB
MemTotal:        1844596 kB
MemFree:         1441080 kB
MemAvailable:    1531276 kB
Buffers:           27240 kB
Cached:           192512 kB
MemTotal:        1844596 kB
MemFree:         1442456 kB
MemAvailable:    1532652 kB
Buffers:           27240 kB
Cached:           192512 kB
MemTotal:        1844596 kB
MemFree:         1441708 kB
MemAvailable:    1531904 kB
Buffers:           27240 kB
Cached:           192512 kB
MemTotal:        1844596 kB
MemFree:         1441576 kB
MemAvailable:    1531772 kB
Buffers:           27240 kB
Cached:           192512 kB
MemTotal:        1844596 kB
MemFree:         1441452 kB
MemAvailable:    1531648 kB
Buffers:           27240 kB
Cached:           192512 kB
MemTotal:        1844596 kB
MemFree:         1442752 kB
MemAvailable:    1532948 kB
Buffers:           27240 kB
Cached:           192512 kB
MemTotal:        1844596 kB
MemFree:         1441320 kB
MemAvailable:    1531516 kB
Buffers:           27240 kB
Cached:           192512 kB
MemTotal:        1844596 kB
MemFree:         1441180 kB
MemAvailable:    1531376 kB
Buffers:           27240 kB
Cached:           192512 kB
MemTotal:        1844596 kB
MemFree:         1441188 kB
MemAvailable:    1531384 kB
Buffers:           27240 kB
Cached:           192512 kB
MemTotal:        1844596 kB
MemFree:         1441188 kB
MemAvailable:    1531384 kB
Buffers:           27240 kB
Cached:           192512 kB
MemTotal:        1844596 kB
MemFree:         1441188 kB
MemAvailable:    1531384 kB
Buffers:           27240 kB
Cached:           192512 kB
MemTotal:        1844596 kB
MemFree:         1442480 kB
MemAvailable:    1532676 kB
Buffers:           27240 kB
Cached:           192512 kB
MemTotal:        1844596 kB
MemFree:         1441584 kB
MemAvailable:    1531780 kB
Buffers:           27240 kB
Cached:           192512 kB
MemTotal:        1844596 kB
MemFree:         1442560 kB
MemAvailable:    1532756 kB
Buffers:           27240 kB
Cached:           192512 kB
MemTotal:        1844596 kB
MemFree:         1442080 kB
MemAvailable:    1532276 kB
Buffers:           27240 kB
Cached:           192512 kB
MemTotal:        1844596 kB
MemFree:         1441148 kB
MemAvailable:    1531344 kB
Buffers:           27240 kB
Cached:           192512 kB
MemTotal:        1844596 kB
MemFree:         1442388 kB
MemAvailable:    1532584 kB
Buffers:           27240 kB
Cached:           192512 kB
MemTotal:        1844596 kB
MemFree:         1442212 kB
MemAvailable:    1532408 kB
Buffers:           27240 kB
Cached:           192512 kB
MemTotal:        1844596 kB
MemFree:         1442404 kB
MemAvailable:    1532600 kB
Buffers:           27240 kB
Cached:           192512 kB
MemTotal:        1844596 kB
MemFree:         1442584 kB
MemAvailable:    1532780 kB
Buffers:           27240 kB
Cached:           192512 kB
MemTotal:        1844596 kB
MemFree:         1442420 kB
MemAvailable:    1532616 kB
Buffers:           27240 kB
Cached:           192512 kB
MemTotal:        1844596 kB
MemFree:         1442672 kB
MemAvailable:    1532868 kB
Buffers:           27240 kB
Cached:           192512 kB
MemTotal:        1844596 kB
MemFree:         1442424 kB
MemAvailable:    1532620 kB
Buffers:           27240 kB
Cached:           192512 kB
MemTotal:        1844596 kB
MemFree:         1442508 kB
MemAvailable:    1532704 kB
Buffers:           27240 kB
Cached:           192512 kB
MemTotal:        1844596 kB
MemFree:         1442624 kB
MemAvailable:    1532820 kB
Buffers:           27240 kB
Cached:           192512 kB
MemTotal:        1844596 kB
MemFree:         1442452 kB
MemAvailable:    1532648 kB
Buffers:           27240 kB
Cached:           192512 kB
MemTotal:        1844596 kB
MemFree:         1442572 kB
MemAvailable:    1532768 kB
Buffers:           27240 kB
Cached:           192512 kB
MemTotal:        1844596 kB
MemFree:         1441136 kB
MemAvailable:    1531332 kB
Buffers:           27240 kB
Cached:           192512 kB
MemTotal:        1844596 kB
MemFree:         1441088 kB
MemAvailable:    1531284 kB
Buffers:           27240 kB
Cached:           192512 kB
MemTotal:        1844596 kB
MemFree:         1442512 kB
MemAvailable:    1532708 kB
Buffers:           27240 kB
Cached:           192512 kB
MemTotal:        1844596 kB
MemFree:         1442596 kB
MemAvailable:    1532792 kB
Buffers:           27240 kB
Cached:           192512 kB
MemTotal:        1844596 kB
MemFree:         1442556 kB
MemAvailable:    1532752 kB
Buffers:           27240 kB
Cached:           192512 kB
MemTotal:        1844596 kB
MemFree:         1442452 kB
MemAvailable:    1532648 kB
Buffers:           27240 kB
Cached:           192512 kB
MemTotal:        1844596 kB
MemFree:         1442576 kB
MemAvailable:    1532772 kB
Buffers:           27240 kB
Cached:           192512 kB
MemTotal:        1844596 kB
MemFree:         1442464 kB
MemAvailable:    1532660 kB
Buffers:           27240 kB
Cached:           192512 kB
MemTotal:        1844596 kB
MemFree:         1441284 kB
MemAvailable:    1531480 kB
Buffers:           27240 kB
Cached:           192512 kB
MemTotal:        1844596 kB
MemFree:         1442584 kB
MemAvailable:    1532780 kB
Buffers:           27240 kB
Cached:           192512 kB
MemTotal:        1844596 kB
MemFree:         1442560 kB
MemAvailable:    1532756 kB
Buffers:           27240 kB
Cached:           192512 kB
MemTotal:        1844596 kB
MemFree:         1442672 kB
MemAvailable:    1532868 kB
Buffers:           27240 kB
Cached:           192512 kB
MemTotal:        1844596 kB
MemFree:         1442328 kB
MemAvailable:    1532532 kB
Buffers:           27240 kB
Cached:           192520 kB
MemTotal:        1844596 kB
MemFree:         1441336 kB
MemAvailable:    1531540 kB
Buffers:           27240 kB
Cached:           192520 kB
MemTotal:        1844596 kB
MemFree:         1441164 kB
MemAvailable:    1531368 kB
Buffers:           27240 kB
Cached:           192520 kB
MemTotal:        1844596 kB
MemFree:         1441288 kB
MemAvailable:    1531492 kB
Buffers:           27240 kB
Cached:           192520 kB
MemTotal:        1844596 kB
MemFree:         1442308 kB
MemAvailable:    1532512 kB
Buffers:           27240 kB
Cached:           192520 kB
MemTotal:        1844596 kB
MemFree:         1441420 kB
MemAvailable:    1531624 kB
Buffers:           27240 kB
Cached:           192520 kB
MemTotal:        1844596 kB
MemFree:         1441328 kB
MemAvailable:    1531532 kB
Buffers:           27240 kB
Cached:           192520 kB
MemTotal:        1844596 kB
MemFree:         1441164 kB
MemAvailable:    1531368 kB
Buffers:           27240 kB
Cached:           192520 kB
MemTotal:        1844596 kB
MemFree:         1442528 kB
MemAvailable:    1532732 kB
Buffers:           27240 kB
Cached:           192520 kB
MemTotal:        1844596 kB
MemFree:         1442456 kB
MemAvailable:    1532660 kB
Buffers:           27240 kB
Cached:           192520 kB
MemTotal:        1844596 kB
MemFree:         1442500 kB
MemAvailable:    1532704 kB
Buffers:           27240 kB
Cached:           192520 kB
MemTotal:        1844596 kB
MemFree:         1441152 kB
MemAvailable:    1531356 kB
Buffers:           27240 kB
Cached:           192520 kB
MemTotal:        1844596 kB
MemFree:         1441276 kB
MemAvailable:    1531480 kB
Buffers:           27240 kB
Cached:           192520 kB
MemTotal:        1844596 kB
MemFree:         1441188 kB
MemAvailable:    1531392 kB
Buffers:           27240 kB
Cached:           192520 kB
MemTotal:        1844596 kB
MemFree:         1441164 kB
MemAvailable:    1531368 kB
Buffers:           27240 kB
Cached:           192520 kB
MemTotal:        1844596 kB
MemFree:         1441040 kB
MemAvailable:    1531244 kB
Buffers:           27240 kB
Cached:           192520 kB
MemTotal:        1844596 kB
MemFree:         1442272 kB
MemAvailable:    1532560 kB
Buffers:           27240 kB
Cached:           192644 kB
MemTotal:        1844596 kB
MemFree:         1441964 kB
MemAvailable:    1532252 kB
Buffers:           27240 kB
Cached:           192644 kB
MemTotal:        1844596 kB
MemFree:         1442132 kB
MemAvailable:    1532588 kB
Buffers:           27240 kB
Cached:           192768 kB
MemTotal:        1844596 kB
MemFree:         1442024 kB
MemAvailable:    1532564 kB
Buffers:           27240 kB
Cached:           192892 kB
MemTotal:        1844596 kB
MemFree:         1442008 kB
MemAvailable:    1532632 kB
Buffers:           27240 kB
Cached:           193016 kB
MemTotal:        1844596 kB
MemFree:         1440520 kB
MemAvailable:    1531228 kB
Buffers:           27240 kB
Cached:           193140 kB
MemTotal:        1844596 kB
MemFree:         1441768 kB
MemAvailable:    1532476 kB
Buffers:           27240 kB
Cached:           193140 kB
MemTotal:        1844596 kB
MemFree:         1440716 kB
MemAvailable:    1531508 kB
Buffers:           27240 kB
Cached:           193140 kB
MemTotal:        1844596 kB
MemFree:         1441564 kB
MemAvailable:    1532356 kB
Buffers:           27240 kB
Cached:           193140 kB
MemTotal:        1844596 kB
MemFree:         1441820 kB
MemAvailable:    1532612 kB
Buffers:           27240 kB
Cached:           193140 kB
MemTotal:        1844596 kB
MemFree:         1441708 kB
MemAvailable:    1532500 kB
Buffers:           27240 kB
Cached:           193140 kB
MemTotal:        1844596 kB
MemFree:         1440276 kB
MemAvailable:    1531068 kB
Buffers:           27240 kB
Cached:           193140 kB
MemTotal:        1844596 kB
MemFree:         1440344 kB
MemAvailable:    1531136 kB
Buffers:           27240 kB
Cached:           193140 kB
MemTotal:        1844596 kB
MemFree:         1441744 kB
MemAvailable:    1531948 kB
Buffers:           27240 kB
Cached:           192508 kB
MemTotal:        1844596 kB
MemFree:         1513028 kB
MemAvailable:    1603232 kB
Buffers:           27240 kB
Cached:           192508 kB
