MemTotal:        1844596 kB
MemFree:         1447508 kB
MemAvailable:    1572556 kB
Buffers:           32292 kB
Cached:           222784 kB
MemTotal:        1844596 kB
MemFree:         1447692 kB
MemAvailable:    1572740 kB
Buffers:           32292 kB
Cached:           222784 kB
MemTotal:        1844596 kB
MemFree:         1446120 kB
MemAvailable:    1571168 kB
Buffers:           32292 kB
Cached:           222784 kB
MemTotal:        1844596 kB
MemFree:         1445224 kB
MemAvailable:    1570272 kB
Buffers:           32292 kB
Cached:           222784 kB
MemTotal:        1844596 kB
MemFree:         1444764 kB
MemAvailable:    1569812 kB
Buffers:           32292 kB
Cached:           222784 kB
MemTotal:        1844596 kB
MemFree:         1444764 kB
MemAvailable:    1569812 kB
Buffers:           32292 kB
Cached:           222784 kB
MemTotal:        1844596 kB
MemFree:         1440424 kB
MemAvailable:    1565472 kB
Buffers:           32292 kB
Cached:           222784 kB
MemTotal:        1844596 kB
MemFree:         1440316 kB
MemAvailable:    1565364 kB
Buffers:           32292 kB
Cached:           222784 kB
MemTotal:        1844596 kB
MemFree:         1432736 kB
MemAvailable:    1557784 kB
Buffers:           32296 kB
Cached:           222780 kB
MemTotal:        1844596 kB
MemFree:         1432572 kB
MemAvailable:    1557620 kB
Buffers:           32296 kB
Cached:           222780 kB
MemTotal:        1844596 kB
MemFree:         1433572 kB
MemAvailable:    1558620 kB
Buffers:           32296 kB
Cached:           222780 kB
MemTotal:        1844596 kB
MemFree:         1433496 kB
MemAvailable:    1558544 kB
Buffers:           32296 kB
Cached:           222780 kB
MemTotal:        1844596 kB
MemFree:         1434872 kB
MemAvailable:    1559920 kB
Buffers:           32296 kB
Cached:           222780 kB
MemTotal:        1844596 kB
MemFree:         1435132 kB
MemAvailable:    1560180 kB
Buffers:           32296 kB
Cached:           222780 kB
MemTotal:        1844596 kB
MemFree:         1433572 kB
MemAvailable:    1558620 kB
Buffers:           32296 kB
Cached:           222780 kB
MemTotal:        1844596 kB
MemFree:         1433440 kB
MemAvailable:    1558488 kB
Buffers:           32296 kB
Cached:           222780 kB
MemTotal:        1844596 kB
MemFree:         1433480 kB
MemAvailable:    1558528 kB
Buffers:           32296 kB
Cached:           222780 kB
MemTotal:        1844596 kB
MemFree:         1432628 kB
MemAvailable:    1557676 kB
Buffers:           32296 kB
Cached:           222780 kB
MemTotal:        1844596 kB
MemFree:         1432796 kB
MemAvailable:    1557844 kB
Buffers:           32296 kB
Cached:           222780 kB
MemTotal:        1844596 kB
MemFree:         1431380 kB
MemAvailable:    1556428 kB
Buffers:           32296 kB
Cached:           222780 kB
MemTotal:        1844596 kB
MemFree:         1432484 kB
MemAvailable:    1557532 kB
Buffers:           32296 kB
Cached:           222780 kB
MemTotal:        1844596 kB
MemFree:         1432484 kB
MemAvailable:    1557532 kB
Buffers:           32296 kB
Cached:           222780 kB
MemTotal:        1844596 kB
MemFree:         1432500 kB
MemAvailable:    1557548 kB
Buffers:           32296 kB
Cached:           222780 kB
MemTotal:        1844596 kB
MemFree:         1432412 kB
MemAvailable:    1557460 kB
Buffers:           32296 kB
Cached:           222780 kB
MemTotal:        1844596 kB
MemFree:         1431356 kB
MemAvailable:    1556404 kB
Buffers:           32296 kB
Cached:           222780 kB
MemTotal:        1844596 kB
MemFree:         1432424 kB
MemAvailable:    1557472 kB
Buffers:           32296 kB
Cached:           222780 kB
MemTotal:        1844596 kB
MemFree:         1431388 kB
MemAvailable:    1556436 kB
Buffers:           32296 kB
Cached:           222780 kB
MemTotal:        1844596 kB
MemFree:         1432456 kB
MemAvailable:    1557504 kB
Buffers:           32296 kB
Cached:           222780 kB
MemTotal:        1844596 kB
MemFree:         1432524 kB
MemAvailable:    1557572 kB
Buffers:           32296 kB
Cached:           222780 kB
MemTotal:        1844596 kB
MemFree:         1433604 kB
MemAvailable:    1558652 kB
Buffers:           32296 kB
Cached:           222780 kB
MemTotal:        1844596 kB
MemFree:         1432368 kB
MemAvailable:    1557416 kB
Buffers:           32296 kB
Cached:           222780 kB
MemTotal:        1844596 kB
MemFree:         1431496 kB
MemAvailable:    1556544 kB
Buffers:           32296 kB
Cached:           222780 kB
MemTotal:        1844596 kB
MemFree:         1431584 kB
MemAvailable:    1556632 kB
Buffers:           32296 kB
Cached:           222780 kB
MemTotal:        1844596 kB
MemFree:         1429024 kB
MemAvailable:    1554072 kB
Buffers:           32296 kB
Cached:           222780 kB
MemTotal:        1844596 kB
MemFree:         1429156 kB
MemAvailable:    1554204 kB
Buffers:           32296 kB
Cached:           222780 kB
MemTotal:        1844596 kB
MemFree:         1429396 kB
MemAvailable:    1554444 kB
Buffers:           32296 kB
Cached:           222780 kB
MemTotal:        1844596 kB
MemFree:         1429732 kB
MemAvailable:    1554780 kB
Buffers:           32296 kB
Cached:           222780 kB
MemTotal:        1844596 kB
MemFree:         1429364 kB
MemAvailable:    1554412 kB
Buffers:           32296 kB
Cached:           222780 kB
MemTotal:        1844596 kB
MemFree:         1427536 kB
MemAvailable:    1552584 kB
Buffers:           32296 kB
Cached:           222780 kB
MemTotal:        1844596 kB
MemFree:         1428284 kB
MemAvailable:    1553332 kB
Buffers:           32296 kB
Cached:           222780 kB
MemTotal:        1844596 kB
MemFree:         1428532 kB
MemAvailable:    1553580 kB
Buffers:           32296 kB
Cached:           222780 kB
MemTotal:        1844596 kB
MemFree:         1428116 kB
MemAvailable:    1553164 kB
Buffers:           32296 kB
Cached:           222780 kB
MemTotal:        1844596 kB
MemFree:         1428452 kB
MemAvailable:    1553500 kB
Buffers:           32296 kB
Cached:           222780 kB
MemTotal:        1844596 kB
MemFree:         1427008 kB
MemAvailable:    1552056 kB
Buffers:           32296 kB
Cached:           222780 kB
MemTotal:        1844596 kB
MemFree:         1428184 kB
MemAvailable:    1553232 kB
Buffers:           32296 kB
Cached:           222780 kB
MemTotal:        1844596 kB
MemFree:         1427860 kB
MemAvailable:    1552908 kB
Buffers:           32296 kB
Cached:           222780 kB
MemTotal:        1844596 kB
MemFree:         1428028 kB
MemAvailable:    1553076 kB
Buffers:           32296 kB
Cached:           222780 kB
MemTotal:        1844596 kB
MemFree:         1427396 kB
MemAvailable:    1552444 kB
Buffers:           32296 kB
Cached:           222780 kB
MemTotal:        1844596 kB
MemFree:         1427596 kB
MemAvailable:    1552644 kB
Buffers:           32296 kB
Cached:           222780 kB
MemTotal:        1844596 kB
MemFree:         1425744 kB
MemAvailable:    1550792 kB
Buffers:           32296 kB
Cached:           222780 kB
MemTotal:        1844596 kB
MemFree:         1425888 kB
MemAvailable:    1550936 kB
Buffers:           32296 kB
Cached:           222780 kB
MemTotal:        1844596 kB
MemFree:         1426020 kB
MemAvailable:    1551068 kB
Buffers:           32296 kB
Cached:           222780 kB
MemTotal:        1844596 kB
MemFree:         1427444 kB
MemAvailable:    1552492 kB
Buffers:           32296 kB
Cached:           222780 kB
MemTotal:        1844596 kB
MemFree:         1427356 kB
MemAvailable:    1552404 kB
Buffers:           32296 kB
Cached:           222780 kB
MemTotal:        1844596 kB
MemFree:         1427308 kB
MemAvailable:    1552356 kB
Buffers:           32296 kB
Cached:           222780 kB
MemTotal:        1844596 kB
MemFree:         1426000 kB
MemAvailable:    1551048 kB
Buffers:           32296 kB
Cached:           222780 kB
MemTotal:        1844596 kB
MemFree:         1426000 kB
MemAvailable:    1551048 kB
Buffers:           32296 kB
Cached:           222780 kB
MemTotal:        1844596 kB
MemFree:         1426000 kB
MemAvailable:    1551048 kB
Buffers:           32296 kB
Cached:           222780 kB
MemTotal:        1844596 kB
MemFree:         1427288 kB
MemAvailable:    1552336 kB
Buffers:           32296 kB
Cached:           222780 kB
MemTotal:        1844596 kB
MemFree:         1427096 kB
MemAvailable:    1552144 kB
Buffers:           32296 kB
Cached:           222780 kB
MemTotal:        1844596 kB
MemFree:         1425988 kB
MemAvailable:    1551036 kB
Buffers:           32296 kB
Cached:           222780 kB
MemTotal:        1844596 kB
MemFree:         1426984 kB
MemAvailable:    1552048 kB
Buffers:           32296 kB
Cached:           222796 kB
MemTotal:        1844596 kB
MemFree:         1426852 kB
MemAvailable:    1551916 kB
Buffers:           32296 kB
Cached:           222796 kB
MemTotal:        1844596 kB
MemFree:         1426736 kB
MemAvailable:    1551800 kB
Buffers:           32296 kB
Cached:           222796 kB
MemTotal:        1844596 kB
MemFree:         1425264 kB
MemAvailable:    1550328 kB
Buffers:           32296 kB
Cached:           222796 kB
MemTotal:        1844596 kB
MemFree:         1424844 kB
MemAvailable:    1549908 kB
Buffers:           32296 kB
Cached:           222796 kB
MemTotal:        1844596 kB
MemFree:         1424892 kB
MemAvailable:    1549956 kB
Buffers:           32296 kB
Cached:           222796 kB
MemTotal:        1844596 kB
MemFree:         1424884 kB
MemAvailable:    1549948 kB
Buffers:           32296 kB
Cached:           222796 kB
MemTotal:        1844596 kB
MemFree:         1426172 kB
MemAvailable:    1551236 kB
Buffers:           32296 kB
Cached:           222796 kB
MemTotal:        1844596 kB
MemFree:         1426428 kB
MemAvailable:    1551492 kB
Buffers:           32296 kB
Cached:           222796 kB
MemTotal:        1844596 kB
MemFree:         1425016 kB
MemAvailable:    1550080 kB
Buffers:           32296 kB
Cached:           222796 kB
MemTotal:        1844596 kB
MemFree:         1426488 kB
MemAvailable:    1551552 kB
Buffers:           32296 kB
Cached:           222796 kB
MemTotal:        1844596 kB
MemFree:         1425140 kB
MemAvailable:    1550204 kB
Buffers:           32296 kB
Cached:           222796 kB
MemTotal:        1844596 kB
MemFree:         1425140 kB
MemAvailable:    1550204 kB
Buffers:           32296 kB
Cached:           222796 kB
MemTotal:        1844596 kB
MemFree:         1426496 kB
MemAvailable:    1551560 kB
Buffers:           32296 kB
Cached:           222796 kB
MemTotal:        1844596 kB
MemFree:         1424312 kB
MemAvailable:    1549376 kB
Buffers:           32296 kB
Cached:           222796 kB
MemTotal:        1844596 kB
MemFree:         1423576 kB
MemAvailable:    1548640 kB
Buffers:           32296 kB
Cached:           222796 kB
MemTotal:        1844596 kB
MemFree:         1420660 kB
MemAvailable:    1545724 kB
Buffers:           32296 kB
Cached:           222796 kB
MemTotal:        1844596 kB
MemFree:         1419048 kB
MemAvailable:    1544112 kB
Buffers:           32296 kB
Cached:           222796 kB
MemTotal:        1844596 kB
MemFree:         1418628 kB
MemAvailable:    1543692 kB
Buffers:           32296 kB
Cached:           222796 kB
MemTotal:        1844596 kB
MemFree:         1418496 kB
MemAvailable:    1543560 kB
Buffers:           32296 kB
Cached:           222796 kB
MemTotal:        1844596 kB
MemFree:         1418560 kB
MemAvailable:    1543624 kB
Buffers:           32296 kB
Cached:           222796 kB
MemTotal:        1844596 kB
MemFree:         1418636 kB
MemAvailable:    1543700 kB
Buffers:           32296 kB
Cached:           222796 kB
MemTotal:        1844596 kB
MemFree:         1417232 kB
MemAvailable:    1542296 kB
Buffers:           32296 kB
Cached:           222796 kB
MemTotal:        1844596 kB
MemFree:         1418532 kB
MemAvailable:    1543596 kB
Buffers:           32296 kB
Cached:           222796 kB
MemTotal:        1844596 kB
MemFree:         1418292 kB
MemAvailable:    1543356 kB
Buffers:           32296 kB
Cached:           222796 kB
MemTotal:        1844596 kB
MemFree:         1418544 kB
MemAvailable:    1543608 kB
Buffers:           32296 kB
Cached:           222796 kB
MemTotal:        1844596 kB
MemFree:         1418380 kB
MemAvailable:    1543444 kB
Buffers:           32296 kB
Cached:           222796 kB
MemTotal:        1844596 kB
MemFree:         1417116 kB
MemAvailable:    1542180 kB
Buffers:           32296 kB
Cached:           222796 kB
MemTotal:        1844596 kB
MemFree:         1418356 kB
MemAvailable:    1543420 kB
Buffers:           32296 kB
Cached:           222796 kB
MemTotal:        1844596 kB
MemFree:         1418376 kB
MemAvailable:    1543440 kB
Buffers:           32296 kB
Cached:           222796 kB
MemTotal:        1844596 kB
MemFree:         1418368 kB
MemAvailable:    1543432 kB
Buffers:           32296 kB
Cached:           222796 kB
MemTotal:        1844596 kB
MemFree:         1416956 kB
MemAvailable:    1542020 kB
Buffers:           32296 kB
Cached:           222796 kB
MemTotal:        1844596 kB
MemFree:         1417856 kB
MemAvailable:    1542920 kB
Buffers:           32296 kB
Cached:           222796 kB
MemTotal:        1844596 kB
MemFree:         1417856 kB
MemAvailable:    1542920 kB
Buffers:           32296 kB
Cached:           222796 kB
MemTotal:        1844596 kB
MemFree:         1417436 kB
MemAvailable:    1542500 kB
Buffers:           32296 kB
Cached:           222796 kB
MemTotal:        1844596 kB
MemFree:         1416004 kB
MemAvailable:    1541068 kB
Buffers:           32296 kB
Cached:           222796 kB
MemTotal:        1844596 kB
MemFree:         1417236 kB
MemAvailable:    1542300 kB
Buffers:           32296 kB
Cached:           222796 kB
MemTotal:        1844596 kB
MemFree:         1416684 kB
MemAvailable:    1541748 kB
Buffers:           32296 kB
Cached:           222796 kB
MemTotal:        1844596 kB
MemFree:         1416636 kB
MemAvailable:    1541700 kB
Buffers:           32296 kB
Cached:           222796 kB
MemTotal:        1844596 kB
MemFree:         1415204 kB
MemAvailable:    1540268 kB
Buffers:           32296 kB
Cached:           222796 kB
MemTotal:        1844596 kB
MemFree:         1415344 kB
MemAvailable:    1540408 kB
Buffers:           32296 kB
Cached:           222796 kB
MemTotal:        1844596 kB
MemFree:         1414196 kB
MemAvailable:    1539260 kB
Buffers:           32296 kB
Cached:           222796 kB
MemTotal:        1844596 kB
MemFree:         1413524 kB
MemAvailable:    1538588 kB
Buffers:           32296 kB
Cached:           222796 kB
MemTotal:        1844596 kB
MemFree:         1413772 kB
MemAvailable:    1538836 kB
Buffers:           32296 kB
Cached:           222796 kB
MemTotal:        1844596 kB
MemFree:         1413648 kB
MemAvailable:    1538712 kB
Buffers:           32296 kB
Cached:           222796 kB
MemTotal:        1844596 kB
MemFree:         1414508 kB
MemAvailable:    1539572 kB
Buffers:           32296 kB
Cached:           222796 kB
MemTotal:        1844596 kB
MemFree:         1414508 kB
MemAvailable:    1539572 kB
Buffers:           32296 kB
Cached:           222796 kB
MemTotal:        1844596 kB
MemFree:         1414556 kB
MemAvailable:    1539620 kB
Buffers:           32296 kB
Cached:           222796 kB
MemTotal:        1844596 kB
MemFree:         1414368 kB
MemAvailable:    1539432 kB
Buffers:           32296 kB
Cached:           222796 kB
MemTotal:        1844596 kB
MemFree:         1414524 kB
MemAvailable:    1539588 kB
Buffers:           32296 kB
Cached:           222796 kB
MemTotal:        1844596 kB
MemFree:         1414204 kB
MemAvailable:    1539268 kB
Buffers:           32296 kB
Cached:           222796 kB
MemTotal:        1844596 kB
MemFree:         1414540 kB
MemAvailable:    1539604 kB
Buffers:           32296 kB
Cached:           222796 kB
MemTotal:        1844596 kB
MemFree:         1414332 kB
MemAvailable:    1539396 kB
Buffers:           32296 kB
Cached:           222796 kB
MemTotal:        1844596 kB
MemFree:         1414392 kB
MemAvailable:    1539456 kB
Buffers:           32296 kB
Cached:           222796 kB
MemTotal:        1844596 kB
MemFree:         1413100 kB
MemAvailable:    1538164 kB
Buffers:           32296 kB
Cached:           222796 kB
MemTotal:        1844596 kB
MemFree:         1414020 kB
MemAvailable:    1539084 kB
Buffers:           32296 kB
Cached:           222796 kB
MemTotal:        1844596 kB
MemFree:         1412780 kB
MemAvailable:    1537844 kB
Buffers:           32296 kB
Cached:           222796 kB
MemTotal:        1844596 kB
MemFree:         1407828 kB
MemAvailable:    1532892 kB
Buffers:           32296 kB
Cached:           222796 kB
MemTotal:        1844596 kB
MemFree:         1406588 kB
MemAvailable:    1531652 kB
Buffers:           32296 kB
Cached:           222796 kB
MemTotal:        1844596 kB
MemFree:         1406712 kB
MemAvailable:    1531776 kB
Buffers:           32296 kB
Cached:           222796 kB
MemTotal:        1844596 kB
MemFree:         1406516 kB
MemAvailable:    1531580 kB
Buffers:           32296 kB
Cached:           222796 kB
MemTotal:        1844596 kB
MemFree:         1406276 kB
MemAvailable:    1531340 kB
Buffers:           32296 kB
Cached:           222796 kB
MemTotal:        1844596 kB
MemFree:         1406444 kB
MemAvailable:    1531508 kB
Buffers:           32296 kB
Cached:           222796 kB
MemTotal:        1844596 kB
MemFree:         1406428 kB
MemAvailable:    1531492 kB
Buffers:           32296 kB
Cached:           222796 kB
MemTotal:        1844596 kB
MemFree:         1406428 kB
MemAvailable:    1531492 kB
Buffers:           32296 kB
Cached:           222796 kB
MemTotal:        1844596 kB
MemFree:         1405288 kB
MemAvailable:    1530352 kB
Buffers:           32296 kB
Cached:           222796 kB
MemTotal:        1844596 kB
MemFree:         1403588 kB
MemAvailable:    1528652 kB
Buffers:           32296 kB
Cached:           222796 kB
MemTotal:        1844596 kB
MemFree:         1404828 kB
MemAvailable:    1529892 kB
Buffers:           32296 kB
Cached:           222796 kB
MemTotal:        1844596 kB
MemFree:         1404912 kB
MemAvailable:    1529976 kB
Buffers:           32296 kB
Cached:           222796 kB
MemTotal:        1844596 kB
MemFree:         1404672 kB
MemAvailable:    1529736 kB
Buffers:           32296 kB
Cached:           222796 kB
MemTotal:        1844596 kB
MemFree:         1404644 kB
MemAvailable:    1529708 kB
Buffers:           32296 kB
Cached:           222796 kB
MemTotal:        1844596 kB
MemFree:         1404576 kB
MemAvailable:    1529640 kB
Buffers:           32296 kB
Cached:           222796 kB
MemTotal:        1844596 kB
MemFree:         1403336 kB
MemAvailable:    1528400 kB
Buffers:           32296 kB
Cached:           222796 kB
MemTotal:        1844596 kB
MemFree:         1404636 kB
MemAvailable:    1529700 kB
Buffers:           32296 kB
Cached:           222796 kB
MemTotal:        1844596 kB
MemFree:         1404636 kB
MemAvailable:    1529700 kB
Buffers:           32296 kB
Cached:           222796 kB
MemTotal:        1844596 kB
MemFree:         1404652 kB
MemAvailable:    1529716 kB
Buffers:           32296 kB
Cached:           222796 kB
MemTotal:        1844596 kB
MemFree:         1403728 kB
MemAvailable:    1528792 kB
Buffers:           32296 kB
Cached:           222796 kB
MemTotal:        1844596 kB
MemFree:         1404576 kB
MemAvailable:    1529640 kB
Buffers:           32296 kB
Cached:           222796 kB
MemTotal:        1844596 kB
MemFree:         1404584 kB
MemAvailable:    1529648 kB
Buffers:           32296 kB
Cached:           222796 kB
MemTotal:        1844596 kB
MemFree:         1404844 kB
MemAvailable:    1529912 kB
Buffers:           32296 kB
Cached:           222800 kB
MemTotal:        1844596 kB
MemFree:         1404788 kB
MemAvailable:    1529856 kB
Buffers:           32296 kB
Cached:           222800 kB
MemTotal:        1844596 kB
MemFree:         1404664 kB
MemAvailable:    1529736 kB
Buffers:           32296 kB
Cached:           222804 kB
MemTotal:        1844596 kB
MemFree:         1403488 kB
MemAvailable:    1528560 kB
Buffers:           32296 kB
Cached:           222804 kB
MemTotal:        1844596 kB
MemFree:         1403220 kB
MemAvailable:    1528292 kB
Buffers:           32296 kB
Cached:           222804 kB
MemTotal:        1844596 kB
MemFree:         1403304 kB
MemAvailable:    1528376 kB
Buffers:           32296 kB
Cached:           222804 kB
MemTotal:        1844596 kB
MemFree:         1403860 kB
MemAvailable:    1528932 kB
Buffers:           32296 kB
Cached:           222804 kB
MemTotal:        1844596 kB
MemFree:         1404912 kB
MemAvailable:    1529988 kB
Buffers:           32296 kB
Cached:           222808 kB
MemTotal:        1844596 kB
MemFree:         1403736 kB
MemAvailable:    1528812 kB
Buffers:           32296 kB
Cached:           222808 kB
MemTotal:        1844596 kB
MemFree:         1403480 kB
MemAvailable:    1528556 kB
Buffers:           32296 kB
Cached:           222808 kB
MemTotal:        1844596 kB
MemFree:         1404596 kB
MemAvailable:    1529672 kB
Buffers:           32296 kB
Cached:           222808 kB
MemTotal:        1844596 kB
MemFree:         1403604 kB
MemAvailable:    1528680 kB
Buffers:           32296 kB
Cached:           222808 kB
MemTotal:        1844596 kB
MemFree:         1403348 kB
MemAvailable:    1528424 kB
Buffers:           32296 kB
Cached:           222808 kB
MemTotal:        1844596 kB
MemFree:         1404648 kB
MemAvailable:    1529724 kB
Buffers:           32296 kB
Cached:           222808 kB
MemTotal:        1844596 kB
MemFree:         1404444 kB
MemAvailable:    1529520 kB
Buffers:           32296 kB
Cached:           222808 kB
MemTotal:        1844596 kB
MemFree:         1404480 kB
MemAvailable:    1529556 kB
Buffers:           32296 kB
Cached:           222808 kB
MemTotal:        1844596 kB
MemFree:         1403220 kB
MemAvailable:    1528296 kB
Buffers:           32296 kB
Cached:           222808 kB
MemTotal:        1844596 kB
MemFree:         1403344 kB
MemAvailable:    1528420 kB
Buffers:           32296 kB
Cached:           222808 kB
MemTotal:        1844596 kB
MemFree:         1403600 kB
MemAvailable:    1528676 kB
Buffers:           32296 kB
Cached:           222808 kB
MemTotal:        1844596 kB
MemFree:         1404556 kB
MemAvailable:    1529632 kB
Buffers:           32296 kB
Cached:           222808 kB
MemTotal:        1844596 kB
MemFree:         1403184 kB
MemAvailable:    1528260 kB
Buffers:           32296 kB
Cached:           222808 kB
MemTotal:        1844596 kB
MemFree:         1403176 kB
MemAvailable:    1528252 kB
Buffers:           32296 kB
Cached:           222808 kB
MemTotal:        1844596 kB
MemFree:         1403304 kB
MemAvailable:    1528380 kB
Buffers:           32296 kB
Cached:           222808 kB
MemTotal:        1844596 kB
MemFree:         1403428 kB
MemAvailable:    1528504 kB
Buffers:           32296 kB
Cached:           222808 kB
MemTotal:        1844596 kB
MemFree:         1404412 kB
MemAvailable:    1529488 kB
Buffers:           32296 kB
Cached:           222808 kB
MemTotal:        1844596 kB
MemFree:         1404664 kB
MemAvailable:    1529740 kB
Buffers:           32296 kB
Cached:           222808 kB
MemTotal:        1844596 kB
MemFree:         1403184 kB
MemAvailable:    1528260 kB
Buffers:           32296 kB
Cached:           222808 kB
MemTotal:        1844596 kB
MemFree:         1404492 kB
MemAvailable:    1529568 kB
Buffers:           32296 kB
Cached:           222808 kB
MemTotal:        1844596 kB
MemFree:         1403228 kB
MemAvailable:    1528304 kB
Buffers:           32296 kB
Cached:           222808 kB
MemTotal:        1844596 kB
MemFree:         1403476 kB
MemAvailable:    1528552 kB
Buffers:           32296 kB
Cached:           222808 kB
MemTotal:        1844596 kB
MemFree:         1403352 kB
MemAvailable:    1528428 kB
Buffers:           32296 kB
Cached:           222808 kB
MemTotal:        1844596 kB
MemFree:         1404716 kB
MemAvailable:    1529792 kB
Buffers:           32296 kB
Cached:           222808 kB
MemTotal:        1844596 kB
MemFree:         1403860 kB
MemAvailable:    1528936 kB
Buffers:           32296 kB
Cached:           222808 kB
MemTotal:        1844596 kB
MemFree:         1404896 kB
MemAvailable:    1529972 kB
Buffers:           32296 kB
Cached:           222808 kB
MemTotal:        1844596 kB
MemFree:         1403736 kB
MemAvailable:    1528812 kB
Buffers:           32296 kB
Cached:           222808 kB
MemTotal:        1844596 kB
MemFree:         1404912 kB
MemAvailable:    1529988 kB
Buffers:           32296 kB
Cached:           222808 kB
MemTotal:        1844596 kB
MemFree:         1403612 kB
MemAvailable:    1528688 kB
Buffers:           32296 kB
Cached:           222808 kB
MemTotal:        1844596 kB
MemFree:         1404596 kB
MemAvailable:    1529672 kB
Buffers:           32296 kB
Cached:           222808 kB
MemTotal:        1844596 kB
MemFree:         1404852 kB
MemAvailable:    1529928 kB
Buffers:           32296 kB
Cached:           222808 kB
MemTotal:        1844596 kB
MemFree:         1404548 kB
MemAvailable:    1529624 kB
Buffers:           32296 kB
Cached:           222808 kB
MemTotal:        1844596 kB
MemFree:         1404548 kB
MemAvailable:    1529624 kB
Buffers:           32296 kB
Cached:           222808 kB
MemTotal:        1844596 kB
MemFree:         1403100 kB
MemAvailable:    1528176 kB
Buffers:           32296 kB
Cached:           222808 kB
MemTotal:        1844596 kB
MemFree:         1403316 kB
MemAvailable:    1528392 kB
Buffers:           32296 kB
Cached:           222808 kB
MemTotal:        1844596 kB
MemFree:         1403728 kB
MemAvailable:    1528804 kB
Buffers:           32296 kB
Cached:           222808 kB
MemTotal:        1844596 kB
MemFree:         1404328 kB
MemAvailable:    1529404 kB
Buffers:           32296 kB
Cached:           222808 kB
MemTotal:        1844596 kB
MemFree:         1404584 kB
MemAvailable:    1529660 kB
Buffers:           32296 kB
Cached:           222808 kB
MemTotal:        1844596 kB
MemFree:         1404540 kB
MemAvailable:    1529616 kB
Buffers:           32296 kB
Cached:           222808 kB
MemTotal:        1844596 kB
MemFree:         1404532 kB
MemAvailable:    1529608 kB
Buffers:           32296 kB
Cached:           222808 kB
MemTotal:        1844596 kB
MemFree:         1404348 kB
MemAvailable:    1529424 kB
Buffers:           32296 kB
Cached:           222808 kB
MemTotal:        1844596 kB
MemFree:         1404472 kB
MemAvailable:    1529548 kB
Buffers:           32296 kB
Cached:           222808 kB
MemTotal:        1844596 kB
MemFree:         1404484 kB
MemAvailable:    1529560 kB
Buffers:           32296 kB
Cached:           222808 kB
MemTotal:        1844596 kB
MemFree:         1404528 kB
MemAvailable:    1529604 kB
Buffers:           32296 kB
Cached:           222808 kB
MemTotal:        1844596 kB
MemFree:         1403736 kB
MemAvailable:    1528812 kB
Buffers:           32296 kB
Cached:           222808 kB
MemTotal:        1844596 kB
MemFree:         1404420 kB
MemAvailable:    1529496 kB
Buffers:           32296 kB
Cached:           222808 kB
MemTotal:        1844596 kB
MemFree:         1404672 kB
MemAvailable:    1529748 kB
Buffers:           32296 kB
Cached:           222808 kB
MemTotal:        1844596 kB
MemFree:         1404492 kB
MemAvailable:    1529568 kB
Buffers:           32296 kB
Cached:           222808 kB
MemTotal:        1844596 kB
MemFree:         1404552 kB
MemAvailable:    1529628 kB
Buffers:           32296 kB
Cached:           222808 kB
MemTotal:        1844596 kB
MemFree:         1403736 kB
MemAvailable:    1528812 kB
Buffers:           32296 kB
Cached:           222808 kB
MemTotal:        1844596 kB
MemFree:         1404592 kB
MemAvailable:    1529668 kB
Buffers:           32296 kB
Cached:           222808 kB
MemTotal:        1844596 kB
MemFree:         1402964 kB
MemAvailable:    1528040 kB
Buffers:           32296 kB
Cached:           222808 kB
MemTotal:        1844596 kB
MemFree:         1404340 kB
MemAvailable:    1529416 kB
Buffers:           32296 kB
Cached:           222808 kB
MemTotal:        1844596 kB
MemFree:         1404592 kB
MemAvailable:    1529668 kB
Buffers:           32296 kB
Cached:           222808 kB
MemTotal:        1844596 kB
MemFree:         1404300 kB
MemAvailable:    1529376 kB
Buffers:           32296 kB
Cached:           222808 kB
MemTotal:        1844596 kB
MemFree:         1403184 kB
MemAvailable:    1528260 kB
Buffers:           32296 kB
Cached:           222808 kB
MemTotal:        1844596 kB
MemFree:         1403176 kB
MemAvailable:    1528252 kB
Buffers:           32296 kB
Cached:           222808 kB
MemTotal:        1844596 kB
MemFree:         1404632 kB
MemAvailable:    1529708 kB
Buffers:           32296 kB
Cached:           222808 kB
MemTotal:        1844596 kB
MemFree:         1404540 kB
MemAvailable:    1529616 kB
Buffers:           32296 kB
Cached:           222808 kB
MemTotal:        1844596 kB
MemFree:         1404412 kB
MemAvailable:    1529488 kB
Buffers:           32296 kB
Cached:           222808 kB
MemTotal:        1844596 kB
MemFree:         1404664 kB
MemAvailable:    1529740 kB
Buffers:           32296 kB
Cached:           222808 kB
MemTotal:        1844596 kB
MemFree:         1404408 kB
MemAvailable:    1529484 kB
Buffers:           32296 kB
Cached:           222808 kB
MemTotal:        1844596 kB
MemFree:         1403108 kB
MemAvailable:    1528184 kB
Buffers:           32296 kB
Cached:           222808 kB
MemTotal:        1844596 kB
MemFree:         1403184 kB
MemAvailable:    1528260 kB
Buffers:           32296 kB
Cached:           222808 kB
MemTotal:        1844596 kB
MemFree:         1404552 kB
MemAvailable:    1529628 kB
Buffers:           32296 kB
Cached:           222808 kB
MemTotal:        1844596 kB
MemFree:         1403728 kB
MemAvailable:    1528804 kB
Buffers:           32296 kB
Cached:           222808 kB
MemTotal:        1844596 kB
MemFree:         1404912 kB
MemAvailable:    1529988 kB
Buffers:           32296 kB
Cached:           222808 kB
MemTotal:        1844596 kB
MemFree:         1403736 kB
MemAvailable:    1528820 kB
Buffers:           32296 kB
Cached:           222816 kB
MemTotal:        1844596 kB
MemFree:         1404852 kB
MemAvailable:    1529936 kB
Buffers:           32296 kB
Cached:           222816 kB
MemTotal:        1844596 kB
MemFree:         1403736 kB
MemAvailable:    1528820 kB
Buffers:           32296 kB
Cached:           222816 kB
MemTotal:        1844596 kB
MemFree:         1403356 kB
MemAvailable:    1528440 kB
Buffers:           32296 kB
Cached:           222816 kB
MemTotal:        1844596 kB
MemFree:         1403232 kB
MemAvailable:    1528316 kB
Buffers:           32296 kB
Cached:           222816 kB
MemTotal:        1844596 kB
MemFree:         1403316 kB
MemAvailable:    1528400 kB
Buffers:           32296 kB
Cached:           222816 kB
MemTotal:        1844596 kB
MemFree:         1403432 kB
MemAvailable:    1528516 kB
Buffers:           32296 kB
Cached:           222816 kB
MemTotal:        1844596 kB
MemFree:         1403220 kB
MemAvailable:    1528304 kB
Buffers:           32296 kB
Cached:           222816 kB
MemTotal:        1844596 kB
MemFree:         1403220 kB
MemAvailable:    1528304 kB
Buffers:           32296 kB
Cached:           222816 kB
MemTotal:        1844596 kB
MemFree:         1403172 kB
MemAvailable:    1528256 kB
Buffers:           32296 kB
Cached:           222816 kB
MemTotal:        1844596 kB
MemFree:         1403048 kB
MemAvailable:    1528132 kB
Buffers:           32296 kB
Cached:           222816 kB
MemTotal:        1844596 kB
MemFree:         1404516 kB
MemAvailable:    1529600 kB
Buffers:           32296 kB
Cached:           222816 kB
MemTotal:        1844596 kB
MemFree:         1403168 kB
MemAvailable:    1528252 kB
Buffers:           32296 kB
Cached:           222816 kB
MemTotal:        1844596 kB
MemFree:         1404444 kB
MemAvailable:    1529528 kB
Buffers:           32296 kB
Cached:           222816 kB
MemTotal:        1844596 kB
MemFree:         1404696 kB
MemAvailable:    1529780 kB
Buffers:           32296 kB
Cached:           222816 kB
MemTotal:        1844596 kB
MemFree:         1404516 kB
MemAvailable:    1529600 kB
Buffers:           32296 kB
Cached:           222816 kB
MemTotal:        1844596 kB
MemFree:         1403184 kB
MemAvailable:    1528268 kB
Buffers:           32296 kB
Cached:           222816 kB
MemTotal:        1844596 kB
MemFree:         1404528 kB
MemAvailable:    1529612 kB
Buffers:           32296 kB
Cached:           222816 kB
MemTotal:        1844596 kB
MemFree:         1403736 kB
MemAvailable:    1528820 kB
Buffers:           32296 kB
Cached:           222816 kB
MemTotal:        1844596 kB
MemFree:         1404336 kB
MemAvailable:    1529420 kB
Buffers:           32296 kB
Cached:           222816 kB
MemTotal:        1844596 kB
MemFree:         1404672 kB
MemAvailable:    1529756 kB
Buffers:           32296 kB
Cached:           222816 kB
MemTotal:        1844596 kB
MemFree:         1403096 kB
MemAvailable:    1528180 kB
Buffers:           32296 kB
Cached:           222816 kB
MemTotal:        1844596 kB
MemFree:         1404460 kB
MemAvailable:    1529544 kB
Buffers:           32296 kB
Cached:           222816 kB
MemTotal:        1844596 kB
MemFree:         1403040 kB
MemAvailable:    1528124 kB
Buffers:           32296 kB
Cached:           222816 kB
MemTotal:        1844596 kB
MemFree:         1403728 kB
MemAvailable:    1528812 kB
Buffers:           32296 kB
Cached:           222816 kB
MemTotal:        1844596 kB
MemFree:         1404392 kB
MemAvailable:    1529480 kB
Buffers:           32296 kB
Cached:           222820 kB
MemTotal:        1844596 kB
MemFree:         1404392 kB
MemAvailable:    1529480 kB
Buffers:           32296 kB
Cached:           222820 kB
MemTotal:        1844596 kB
MemFree:         1403232 kB
MemAvailable:    1528320 kB
Buffers:           32296 kB
Cached:           222820 kB
MemTotal:        1844596 kB
MemFree:         1403316 kB
MemAvailable:    1528404 kB
Buffers:           32296 kB
Cached:           222820 kB
MemTotal:        1844596 kB
MemFree:         1403184 kB
MemAvailable:    1528272 kB
Buffers:           32296 kB
Cached:           222820 kB
MemTotal:        1844596 kB
MemFree:         1404328 kB
MemAvailable:    1529416 kB
Buffers:           32296 kB
Cached:           222820 kB
MemTotal:        1844596 kB
MemFree:         1404356 kB
MemAvailable:    1529444 kB
Buffers:           32296 kB
Cached:           222820 kB
MemTotal:        1844596 kB
MemFree:         1404468 kB
MemAvailable:    1529556 kB
Buffers:           32296 kB
Cached:           222820 kB
MemTotal:        1844596 kB
MemFree:         1404420 kB
MemAvailable:    1529508 kB
Buffers:           32296 kB
Cached:           222820 kB
MemTotal:        1844596 kB
MemFree:         1403860 kB
MemAvailable:    1528948 kB
Buffers:           32296 kB
Cached:           222820 kB
MemTotal:        1844596 kB
MemFree:         1404780 kB
MemAvailable:    1529868 kB
Buffers:           32296 kB
Cached:           222820 kB
MemTotal:        1844596 kB
MemFree:         1403216 kB
MemAvailable:    1528304 kB
Buffers:           32296 kB
Cached:           222820 kB
MemTotal:        1844596 kB
MemFree:         1403340 kB
MemAvailable:    1528428 kB
Buffers:           32296 kB
Cached:           222820 kB
MemTotal:        1844596 kB
MemFree:         1404416 kB
MemAvailable:    1529672 kB
Buffers:           32296 kB
Cached:           223068 kB
MemTotal:        1844596 kB
MemFree:         1404100 kB
MemAvailable:    1529524 kB
Buffers:           32296 kB
Cached:           223192 kB
MemTotal:        1844596 kB
MemFree:         1404184 kB
MemAvailable:    1529608 kB
Buffers:           32296 kB
Cached:           223192 kB
MemTotal:        1844596 kB
MemFree:         1403912 kB
MemAvailable:    1529504 kB
Buffers:           32296 kB
Cached:           223316 kB
MemTotal:        1844596 kB
MemFree:         1403860 kB
MemAvailable:    1529452 kB
Buffers:           32296 kB
Cached:           223440 kB
MemTotal:        1844596 kB
MemFree:         1402468 kB
MemAvailable:    1528060 kB
Buffers:           32296 kB
Cached:           223440 kB
MemTotal:        1844596 kB
MemFree:         1402860 kB
MemAvailable:    1528452 kB
Buffers:           32296 kB
Cached:           223440 kB
MemTotal:        1844596 kB
MemFree:         1403592 kB
MemAvailable:    1529184 kB
Buffers:           32296 kB
Cached:           223440 kB
MemTotal:        1844596 kB
MemFree:         1402436 kB
MemAvailable:    1528112 kB
Buffers:           32296 kB
Cached:           223440 kB
MemTotal:        1844596 kB
MemFree:         1403420 kB
MemAvailable:    1529096 kB
Buffers:           32296 kB
Cached:           223440 kB
MemTotal:        1844596 kB
MemFree:         1402372 kB
MemAvailable:    1528048 kB
Buffers:           32296 kB
Cached:           223440 kB
MemTotal:        1844596 kB
MemFree:         1402488 kB
MemAvailable:    1528164 kB
Buffers:           32296 kB
Cached:           223440 kB
MemTotal:        1844596 kB
MemFree:         1402372 kB
MemAvailable:    1528048 kB
Buffers:           32296 kB
Cached:           223564 kB
MemTotal:        1844596 kB
MemFree:         1402944 kB
MemAvailable:    1528032 kB
Buffers:           32296 kB
Cached:           222892 kB
MemTotal:        1844596 kB
MemFree:         1475132 kB
MemAvailable:    1600220 kB
Buffers:           32296 kB
Cached:           222892 kB
