MemTotal:        1844596 kB
MemFree:         1453736 kB
MemAvailable:    1572724 kB
Buffers:           31392 kB
Cached:           217952 kB
MemTotal:        1844596 kB
MemFree:         1450544 kB
MemAvailable:    1569532 kB
Buffers:           31392 kB
Cached:           217952 kB
MemTotal:        1844596 kB
MemFree:         1449760 kB
MemAvailable:    1568748 kB
Buffers:           31392 kB
Cached:           217952 kB
MemTotal:        1844596 kB
MemFree:         1449932 kB
MemAvailable:    1568920 kB
Buffers:           31392 kB
Cached:           217952 kB
MemTotal:        1844596 kB
MemFree:         1450016 kB
MemAvailable:    1569004 kB
Buffers:           31392 kB
Cached:           217952 kB
MemTotal:        1844596 kB
MemFree:         1449504 kB
MemAvailable:    1568492 kB
Buffers:           31392 kB
Cached:           217952 kB
MemTotal:        1844596 kB
MemFree:         1447272 kB
MemAvailable:    1566260 kB
Buffers:           31392 kB
Cached:           217952 kB
MemTotal:        1844596 kB
MemFree:         1445352 kB
MemAvailable:    1564340 kB
Buffers:           31392 kB
Cached:           217952 kB
MemTotal:        1844596 kB
MemFree:         1443428 kB
MemAvailable:    1562416 kB
Buffers:           31392 kB
Cached:           217952 kB
MemTotal:        1844596 kB
MemFree:         1440372 kB
MemAvailable:    1559360 kB
Buffers:           31392 kB
Cached:           217952 kB
MemTotal:        1844596 kB
MemFree:         1438020 kB
MemAvailable:    1557008 kB
Buffers:           31392 kB
Cached:           217952 kB
MemTotal:        1844596 kB
MemFree:         1438904 kB
MemAvailable:    1557892 kB
Buffers:           31392 kB
Cached:           217952 kB
MemTotal:        1844596 kB
MemFree:         1439880 kB
MemAvailable:    1558868 kB
Buffers:           31392 kB
Cached:           217952 kB
MemTotal:        1844596 kB
MemFree:         1440048 kB
MemAvailable:    1559036 kB
Buffers:           31392 kB
Cached:           217952 kB
MemTotal:        1844596 kB
MemFree:         1438516 kB
MemAvailable:    1557504 kB
Buffers:           31392 kB
Cached:           217952 kB
MemTotal:        1844596 kB
MemFree:         1439768 kB
MemAvailable:    1558756 kB
Buffers:           31392 kB
Cached:           217952 kB
MemTotal:        1844596 kB
MemFree:         1438160 kB
MemAvailable:    1557148 kB
Buffers:           31392 kB
Cached:           217952 kB
MemTotal:        1844596 kB
MemFree:         1438096 kB
MemAvailable:    1557084 kB
Buffers:           31392 kB
Cached:           217952 kB
MemTotal:        1844596 kB
MemFree:         1436424 kB
MemAvailable:    1555412 kB
Buffers:           31392 kB
Cached:           217952 kB
MemTotal:        1844596 kB
MemFree:         1436416 kB
MemAvailable:    1555404 kB
Buffers:           31392 kB
Cached:           217952 kB
MemTotal:        1844596 kB
MemFree:         1437676 kB
MemAvailable:    1556664 kB
Buffers:           31392 kB
Cached:           217952 kB
MemTotal:        1844596 kB
MemFree:         1437420 kB
MemAvailable:    1556408 kB
Buffers:           31392 kB
Cached:           217952 kB
MemTotal:        1844596 kB
MemFree:         1437560 kB
MemAvailable:    1556548 kB
Buffers:           31392 kB
Cached:           217952 kB
MemTotal:        1844596 kB
MemFree:         1437512 kB
MemAvailable:    1556500 kB
Buffers:           31392 kB
Cached:           217952 kB
MemTotal:        1844596 kB
MemFree:         1437512 kB
MemAvailable:    1556500 kB
Buffers:           31392 kB
Cached:           217952 kB
MemTotal:        1844596 kB
MemFree:         1437344 kB
MemAvailable:    1556332 kB
Buffers:           31392 kB
Cached:           217952 kB
MemTotal:        1844596 kB
MemFree:         1437680 kB
MemAvailable:    1556668 kB
Buffers:           31392 kB
Cached:           217952 kB
MemTotal:        1844596 kB
MemFree:         1438884 kB
MemAvailable:    1557872 kB
Buffers:           31392 kB
Cached:           217952 kB
MemTotal:        1844596 kB
MemFree:         1437160 kB
MemAvailable:    1556148 kB
Buffers:           31392 kB
Cached:           217952 kB
MemTotal:        1844596 kB
MemFree:         1436484 kB
MemAvailable:    1555472 kB
Buffers:           31392 kB
Cached:           217952 kB
MemTotal:        1844596 kB
MemFree:         1435292 kB
MemAvailable:    1554280 kB
Buffers:           31392 kB
Cached:           217952 kB
MemTotal:        1844596 kB
MemFree:         1435292 kB
MemAvailable:    1554280 kB
Buffers:           31392 kB
Cached:           217952 kB
MemTotal:        1844596 kB
MemFree:         1433688 kB
MemAvailable:    1552676 kB
Buffers:           31392 kB
Cached:           217952 kB
MemTotal:        1844596 kB
MemFree:         1434564 kB
MemAvailable:    1553552 kB
Buffers:           31392 kB
Cached:           217952 kB
MemTotal:        1844596 kB
MemFree:         1432580 kB
MemAvailable:    1551568 kB
Buffers:           31392 kB
Cached:           217952 kB
MemTotal:        1844596 kB
MemFree:         1432448 kB
MemAvailable:    1551436 kB
Buffers:           31392 kB
Cached:           217952 kB
MemTotal:        1844596 kB
MemFree:         1433632 kB
MemAvailable:    1552620 kB
Buffers:           31392 kB
Cached:           217952 kB
MemTotal:        1844596 kB
MemFree:         1432324 kB
MemAvailable:    1551312 kB
Buffers:           31392 kB
Cached:           217952 kB
MemTotal:        1844596 kB
MemFree:         1433752 kB
MemAvailable:    1552740 kB
Buffers:           31392 kB
Cached:           217952 kB
MemTotal:        1844596 kB
MemFree:         1433428 kB
MemAvailable:    1552416 kB
Buffers:           31392 kB
Cached:           217952 kB
MemTotal:        1844596 kB
MemFree:         1433512 kB
MemAvailable:    1552500 kB
Buffers:           31392 kB
Cached:           217952 kB
MemTotal:        1844596 kB
MemFree:         1431944 kB
MemAvailable:    1550932 kB
Buffers:           31392 kB
Cached:           217952 kB
MemTotal:        1844596 kB
MemFree:         1432952 kB
MemAvailable:    1551940 kB
Buffers:           31392 kB
Cached:           217952 kB
MemTotal:        1844596 kB
MemFree:         1431704 kB
MemAvailable:    1550692 kB
Buffers:           31392 kB
Cached:           217952 kB
MemTotal:        1844596 kB
MemFree:         1431200 kB
MemAvailable:    1550188 kB
Buffers:           31392 kB
Cached:           217952 kB
MemTotal:        1844596 kB
MemFree:         1431408 kB
MemAvailable:    1550396 kB
Buffers:           31392 kB
Cached:           217952 kB
MemTotal:        1844596 kB
MemFree:         1432460 kB
MemAvailable:    1551448 kB
Buffers:           31404 kB
Cached:           217940 kB
MemTotal:        1844596 kB
MemFree:         1431340 kB
MemAvailable:    1550328 kB
Buffers:           31404 kB
Cached:           217940 kB
MemTotal:        1844596 kB
MemFree:         1432312 kB
MemAvailable:    1551300 kB
Buffers:           31404 kB
Cached:           217940 kB
MemTotal:        1844596 kB
MemFree:         1432568 kB
MemAvailable:    1551556 kB
Buffers:           31404 kB
Cached:           217940 kB
MemTotal:        1844596 kB
MemFree:         1432236 kB
MemAvailable:    1551240 kB
Buffers:           31404 kB
Cached:           217956 kB
MemTotal:        1844596 kB
MemFree:         1432208 kB
MemAvailable:    1551212 kB
Buffers:           31404 kB
Cached:           217956 kB
MemTotal:        1844596 kB
MemFree:         1432476 kB
MemAvailable:    1551484 kB
Buffers:           31404 kB
Cached:           217960 kB
MemTotal:        1844596 kB
MemFree:         1431164 kB
MemAvailable:    1550172 kB
Buffers:           31404 kB
Cached:           217960 kB
MemTotal:        1844596 kB
MemFree:         1431200 kB
MemAvailable:    1550208 kB
Buffers:           31404 kB
Cached:           217960 kB
MemTotal:        1844596 kB
MemFree:         1432200 kB
MemAvailable:    1551208 kB
Buffers:           31404 kB
Cached:           217960 kB
MemTotal:        1844596 kB
MemFree:         1431804 kB
MemAvailable:    1550812 kB
Buffers:           31404 kB
Cached:           217960 kB
MemTotal:        1844596 kB
MemFree:         1431836 kB
MemAvailable:    1550844 kB
Buffers:           31404 kB
Cached:           217960 kB
MemTotal:        1844596 kB
MemFree:         1431840 kB
MemAvailable:    1550848 kB
Buffers:           31404 kB
Cached:           217960 kB
MemTotal:        1844596 kB
MemFree:         1431648 kB
MemAvailable:    1550656 kB
Buffers:           31404 kB
Cached:           217960 kB
MemTotal:        1844596 kB
MemFree:         1430852 kB
MemAvailable:    1549860 kB
Buffers:           31404 kB
Cached:           217960 kB
MemTotal:        1844596 kB
MemFree:         1430176 kB
MemAvailable:    1549184 kB
Buffers:           31404 kB
Cached:           217960 kB
MemTotal:        1844596 kB
MemFree:         1431476 kB
MemAvailable:    1550484 kB
Buffers:           31404 kB
Cached:           217960 kB
MemTotal:        1844596 kB
MemFree:         1431404 kB
MemAvailable:    1550412 kB
Buffers:           31404 kB
Cached:           217960 kB
MemTotal:        1844596 kB
MemFree:         1431656 kB
MemAvailable:    1550664 kB
Buffers:           31404 kB
Cached:           217960 kB
MemTotal:        1844596 kB
MemFree:         1431588 kB
MemAvailable:    1550596 kB
Buffers:           31404 kB
Cached:           217960 kB
MemTotal:        1844596 kB
MemFree:         1431700 kB
MemAvailable:    1550708 kB
Buffers:           31404 kB
Cached:           217960 kB
MemTotal:        1844596 kB
MemFree:         1431568 kB
MemAvailable:    1550576 kB
Buffers:           31404 kB
Cached:           217960 kB
MemTotal:        1844596 kB
MemFree:         1431284 kB
MemAvailable:    1550292 kB
Buffers:           31404 kB
Cached:           217960 kB
MemTotal:        1844596 kB
MemFree:         1431540 kB
MemAvailable:    1550548 kB
Buffers:           31404 kB
Cached:           217960 kB
MemTotal:        1844596 kB
MemFree:         1430532 kB
MemAvailable:    1549540 kB
Buffers:           31404 kB
Cached:           217960 kB
MemTotal:        1844596 kB
MemFree:         1427604 kB
MemAvailable:    1546612 kB
Buffers:           31404 kB
Cached:           217960 kB
MemTotal:        1844596 kB
MemFree:         1427496 kB
MemAvailable:    1546504 kB
Buffers:           31404 kB
Cached:           217960 kB
MemTotal:        1844596 kB
MemFree:         1424016 kB
MemAvailable:    1543024 kB
Buffers:           31404 kB
Cached:           217960 kB
MemTotal:        1844596 kB
MemFree:         1422900 kB
MemAvailable:    1541908 kB
Buffers:           31404 kB
Cached:           217960 kB
MemTotal:        1844596 kB
MemFree:         1423024 kB
MemAvailable:    1542032 kB
Buffers:           31404 kB
Cached:           217960 kB
MemTotal:        1844596 kB
MemFree:         1423448 kB
MemAvailable:    1542456 kB
Buffers:           31404 kB
Cached:           217960 kB
MemTotal:        1844596 kB
MemFree:         1423032 kB
MemAvailable:    1542040 kB
Buffers:           31404 kB
Cached:           217960 kB
MemTotal:        1844596 kB
MemFree:         1422224 kB
MemAvailable:    1541232 kB
Buffers:           31404 kB
Cached:           217960 kB
MemTotal:        1844596 kB
MemFree:         1422232 kB
MemAvailable:    1541240 kB
Buffers:           31404 kB
Cached:           217960 kB
MemTotal:        1844596 kB
MemFree:         1423596 kB
MemAvailable:    1542604 kB
Buffers:           31404 kB
Cached:           217960 kB
MemTotal:        1844596 kB
MemFree:         1422232 kB
MemAvailable:    1541240 kB
Buffers:           31404 kB
Cached:           217960 kB
MemTotal:        1844596 kB
MemFree:         1423676 kB
MemAvailable:    1542684 kB
Buffers:           31404 kB
Cached:           217960 kB
MemTotal:        1844596 kB
MemFree:         1422784 kB
MemAvailable:    1541792 kB
Buffers:           31404 kB
Cached:           217960 kB
MemTotal:        1844596 kB
MemFree:         1423224 kB
MemAvailable:    1542236 kB
Buffers:           31404 kB
Cached:           217964 kB
MemTotal:        1844596 kB
MemFree:         1423560 kB
MemAvailable:    1542572 kB
Buffers:           31404 kB
Cached:           217964 kB
MemTotal:        1844596 kB
MemFree:         1422236 kB
MemAvailable:    1541248 kB
Buffers:           31404 kB
Cached:           217964 kB
MemTotal:        1844596 kB
MemFree:         1423352 kB
MemAvailable:    1542364 kB
Buffers:           31404 kB
Cached:           217964 kB
MemTotal:        1844596 kB
MemFree:         1422360 kB
MemAvailable:    1541372 kB
Buffers:           31404 kB
Cached:           217964 kB
MemTotal:        1844596 kB
MemFree:         1422156 kB
MemAvailable:    1541168 kB
Buffers:           31404 kB
Cached:           217964 kB
MemTotal:        1844596 kB
MemFree:         1422164 kB
MemAvailable:    1541176 kB
Buffers:           31404 kB
Cached:           217964 kB
MemTotal:        1844596 kB
MemFree:         1421032 kB
MemAvailable:    1540044 kB
Buffers:           31404 kB
Cached:           217964 kB
MemTotal:        1844596 kB
MemFree:         1422324 kB
MemAvailable:    1541336 kB
Buffers:           31404 kB
Cached:           217964 kB
MemTotal:        1844596 kB
MemFree:         1420792 kB
MemAvailable:    1539804 kB
Buffers:           31404 kB
Cached:           217964 kB
MemTotal:        1844596 kB
MemFree:         1420792 kB
MemAvailable:    1539804 kB
Buffers:           31404 kB
Cached:           217964 kB
MemTotal:        1844596 kB
MemFree:         1420876 kB
MemAvailable:    1539888 kB
Buffers:           31404 kB
Cached:           217964 kB
MemTotal:        1844596 kB
MemFree:         1419248 kB
MemAvailable:    1538260 kB
Buffers:           31404 kB
Cached:           217964 kB
MemTotal:        1844596 kB
MemFree:         1418932 kB
MemAvailable:    1537944 kB
Buffers:           31404 kB
Cached:           217964 kB
MemTotal:        1844596 kB
MemFree:         1420284 kB
MemAvailable:    1539296 kB
Buffers:           31404 kB
Cached:           217964 kB
MemTotal:        1844596 kB
MemFree:         1418940 kB
MemAvailable:    1537952 kB
Buffers:           31404 kB
Cached:           217964 kB
MemTotal:        1844596 kB
MemFree:         1418680 kB
MemAvailable:    1537692 kB
Buffers:           31404 kB
Cached:           217964 kB
MemTotal:        1844596 kB
MemFree:         1419788 kB
MemAvailable:    1538800 kB
Buffers:           31404 kB
Cached:           217964 kB
MemTotal:        1844596 kB
MemFree:         1420044 kB
MemAvailable:    1539056 kB
Buffers:           31404 kB
Cached:           217964 kB
MemTotal:        1844596 kB
MemFree:         1419848 kB
MemAvailable:    1538860 kB
Buffers:           31404 kB
Cached:           217964 kB
MemTotal:        1844596 kB
MemFree:         1419476 kB
MemAvailable:    1538488 kB
Buffers:           31404 kB
Cached:           217964 kB
MemTotal:        1844596 kB
MemFree:         1419644 kB
MemAvailable:    1538656 kB
Buffers:           31404 kB
Cached:           217964 kB
MemTotal:        1844596 kB
MemFree:         1418404 kB
MemAvailable:    1537416 kB
Buffers:           31404 kB
Cached:           217964 kB
MemTotal:        1844596 kB
MemFree:         1419480 kB
MemAvailable:    1538492 kB
Buffers:           31404 kB
Cached:           217964 kB
MemTotal:        1844596 kB
MemFree:         1419684 kB
MemAvailable:    1538696 kB
Buffers:           31404 kB
Cached:           217964 kB
MemTotal:        1844596 kB
MemFree:         1418064 kB
MemAvailable:    1537076 kB
Buffers:           31404 kB
Cached:           217964 kB
MemTotal:        1844596 kB
MemFree:         1418552 kB
MemAvailable:    1537564 kB
Buffers:           31404 kB
Cached:           217964 kB
MemTotal:        1844596 kB
MemFree:         1416212 kB
MemAvailable:    1535224 kB
Buffers:           31404 kB
Cached:           217964 kB
MemTotal:        1844596 kB
MemFree:         1411584 kB
MemAvailable:    1530596 kB
Buffers:           31404 kB
Cached:           217964 kB
MemTotal:        1844596 kB
MemFree:         1410384 kB
MemAvailable:    1529396 kB
Buffers:           31404 kB
Cached:           217964 kB
MemTotal:        1844596 kB
MemFree:         1411444 kB
MemAvailable:    1530456 kB
Buffers:           31404 kB
Cached:           217964 kB
MemTotal:        1844596 kB
MemFree:         1410880 kB
MemAvailable:    1529892 kB
Buffers:           31404 kB
Cached:           217964 kB
MemTotal:        1844596 kB
MemFree:         1410240 kB
MemAvailable:    1529252 kB
Buffers:           31404 kB
Cached:           217964 kB
MemTotal:        1844596 kB
MemFree:         1411556 kB
MemAvailable:    1530568 kB
Buffers:           31404 kB
Cached:           217964 kB
MemTotal:        1844596 kB
MemFree:         1411724 kB
MemAvailable:    1530736 kB
Buffers:           31404 kB
Cached:           217964 kB
MemTotal:        1844596 kB
MemFree:         1412168 kB
MemAvailable:    1531180 kB
Buffers:           31404 kB
Cached:           217964 kB
MemTotal:        1844596 kB
MemFree:         1409020 kB
MemAvailable:    1528032 kB
Buffers:           31404 kB
Cached:           217964 kB
MemTotal:        1844596 kB
MemFree:         1410252 kB
MemAvailable:    1529264 kB
Buffers:           31404 kB
Cached:           217964 kB
MemTotal:        1844596 kB
MemFree:         1410128 kB
MemAvailable:    1529140 kB
Buffers:           31404 kB
Cached:           217964 kB
MemTotal:        1844596 kB
MemFree:         1408516 kB
MemAvailable:    1527536 kB
Buffers:           31404 kB
Cached:           217972 kB
MemTotal:        1844596 kB
MemFree:         1409872 kB
MemAvailable:    1528892 kB
Buffers:           31404 kB
Cached:           217972 kB
MemTotal:        1844596 kB
MemFree:         1409776 kB
MemAvailable:    1528796 kB
Buffers:           31404 kB
Cached:           217972 kB
MemTotal:        1844596 kB
MemFree:         1409836 kB
MemAvailable:    1528856 kB
Buffers:           31404 kB
Cached:           217972 kB
MemTotal:        1844596 kB
MemFree:         1409692 kB
MemAvailable:    1528712 kB
Buffers:           31404 kB
Cached:           217972 kB
MemTotal:        1844596 kB
MemFree:         1409692 kB
MemAvailable:    1528712 kB
Buffers:           31404 kB
Cached:           217972 kB
MemTotal:        1844596 kB
MemFree:         1408384 kB
MemAvailable:    1527404 kB
Buffers:           31404 kB
Cached:           217972 kB
MemTotal:        1844596 kB
MemFree:         1408592 kB
MemAvailable:    1527612 kB
Buffers:           31404 kB
Cached:           217972 kB
MemTotal:        1844596 kB
MemFree:         1408592 kB
MemAvailable:    1527612 kB
Buffers:           31404 kB
Cached:           217972 kB
MemTotal:        1844596 kB
MemFree:         1409860 kB
MemAvailable:    1528880 kB
Buffers:           31404 kB
Cached:           217972 kB
MemTotal:        1844596 kB
MemFree:         1408896 kB
MemAvailable:    1527916 kB
Buffers:           31404 kB
Cached:           217972 kB
MemTotal:        1844596 kB
MemFree:         1409500 kB
MemAvailable:    1528520 kB
Buffers:           31404 kB
Cached:           217972 kB
MemTotal:        1844596 kB
MemFree:         1409836 kB
MemAvailable:    1528856 kB
Buffers:           31404 kB
Cached:           217972 kB
MemTotal:        1844596 kB
MemFree:         1409632 kB
MemAvailable:    1528652 kB
Buffers:           31404 kB
Cached:           217972 kB
MemTotal:        1844596 kB
MemFree:         1409632 kB
MemAvailable:    1528652 kB
Buffers:           31404 kB
Cached:           217972 kB
MemTotal:        1844596 kB
MemFree:         1408524 kB
MemAvailable:    1527544 kB
Buffers:           31404 kB
Cached:           217972 kB
MemTotal:        1844596 kB
MemFree:         1408476 kB
MemAvailable:    1527496 kB
Buffers:           31404 kB
Cached:           217972 kB
MemTotal:        1844596 kB
MemFree:         1409708 kB
MemAvailable:    1528728 kB
Buffers:           31404 kB
Cached:           217972 kB
MemTotal:        1844596 kB
MemFree:         1409624 kB
MemAvailable:    1528644 kB
Buffers:           31404 kB
Cached:           217972 kB
MemTotal:        1844596 kB
MemFree:         1409876 kB
MemAvailable:    1528896 kB
Buffers:           31404 kB
Cached:           217972 kB
MemTotal:        1844596 kB
MemFree:         1409644 kB
MemAvailable:    1528664 kB
Buffers:           31404 kB
Cached:           217972 kB
MemTotal:        1844596 kB
MemFree:         1408344 kB
MemAvailable:    1527364 kB
Buffers:           31404 kB
Cached:           217972 kB
MemTotal:        1844596 kB
MemFree:         1409768 kB
MemAvailable:    1528788 kB
Buffers:           31404 kB
Cached:           217972 kB
MemTotal:        1844596 kB
MemFree:         1409828 kB
MemAvailable:    1528848 kB
Buffers:           31404 kB
Cached:           217972 kB
MemTotal:        1844596 kB
MemFree:         1409020 kB
MemAvailable:    1528040 kB
Buffers:           31404 kB
Cached:           217972 kB
MemTotal:        1844596 kB
MemFree:         1409996 kB
MemAvailable:    1529016 kB
Buffers:           31404 kB
Cached:           217972 kB
MemTotal:        1844596 kB
MemFree:         1409996 kB
MemAvailable:    1529016 kB
Buffers:           31404 kB
Cached:           217972 kB
MemTotal:        1844596 kB
MemFree:         1408508 kB
MemAvailable:    1527528 kB
Buffers:           31404 kB
Cached:           217972 kB
MemTotal:        1844596 kB
MemFree:         1408508 kB
MemAvailable:    1527528 kB
Buffers:           31404 kB
Cached:           217972 kB
MemTotal:        1844596 kB
MemFree:         1408460 kB
MemAvailable:    1527480 kB
Buffers:           31404 kB
Cached:           217972 kB
MemTotal:        1844596 kB
MemFree:         1408460 kB
MemAvailable:    1527480 kB
Buffers:           31404 kB
Cached:           217972 kB
MemTotal:        1844596 kB
MemFree:         1409760 kB
MemAvailable:    1528780 kB
Buffers:           31404 kB
Cached:           217972 kB
MemTotal:        1844596 kB
MemFree:         1409260 kB
MemAvailable:    1528280 kB
Buffers:           31404 kB
Cached:           217972 kB
MemTotal:        1844596 kB
MemFree:         1409868 kB
MemAvailable:    1528888 kB
Buffers:           31404 kB
Cached:           217972 kB
MemTotal:        1844596 kB
MemFree:         1409632 kB
MemAvailable:    1528652 kB
Buffers:           31404 kB
Cached:           217972 kB
MemTotal:        1844596 kB
MemFree:         1409752 kB
MemAvailable:    1528772 kB
Buffers:           31404 kB
Cached:           217972 kB
MemTotal:        1844596 kB
MemFree:         1409020 kB
MemAvailable:    1528040 kB
Buffers:           31404 kB
Cached:           217972 kB
MemTotal:        1844596 kB
MemFree:         1408336 kB
MemAvailable:    1527356 kB
Buffers:           31404 kB
Cached:           217972 kB
MemTotal:        1844596 kB
MemFree:         1409644 kB
MemAvailable:    1528664 kB
Buffers:           31404 kB
Cached:           217972 kB
MemTotal:        1844596 kB
MemFree:         1409572 kB
MemAvailable:    1528592 kB
Buffers:           31404 kB
Cached:           217972 kB
MemTotal:        1844596 kB
MemFree:         1409824 kB
MemAvailable:    1528844 kB
Buffers:           31404 kB
Cached:           217972 kB
MemTotal:        1844596 kB
MemFree:         1409644 kB
MemAvailable:    1528664 kB
Buffers:           31404 kB
Cached:           217972 kB
MemTotal:        1844596 kB
MemFree:         1409772 kB
MemAvailable:    1528792 kB
Buffers:           31404 kB
Cached:           217972 kB
MemTotal:        1844596 kB
MemFree:         1408888 kB
MemAvailable:    1527908 kB
Buffers:           31404 kB
Cached:           217972 kB
MemTotal:        1844596 kB
MemFree:         1408764 kB
MemAvailable:    1527788 kB
Buffers:           31404 kB
Cached:           217976 kB
MemTotal:        1844596 kB
MemFree:         1410128 kB
MemAvailable:    1529152 kB
Buffers:           31404 kB
Cached:           217976 kB
MemTotal:        1844596 kB
MemFree:         1409940 kB
MemAvailable:    1528964 kB
Buffers:           31404 kB
Cached:           217976 kB
MemTotal:        1844596 kB
MemFree:         1409684 kB
MemAvailable:    1528708 kB
Buffers:           31404 kB
Cached:           217976 kB
MemTotal:        1844596 kB
MemFree:         1409436 kB
MemAvailable:    1528460 kB
Buffers:           31404 kB
Cached:           217976 kB
MemTotal:        1844596 kB
MemFree:         1409772 kB
MemAvailable:    1528796 kB
Buffers:           31404 kB
Cached:           217976 kB
MemTotal:        1844596 kB
MemFree:         1408620 kB
MemAvailable:    1527644 kB
Buffers:           31404 kB
Cached:           217976 kB
MemTotal:        1844596 kB
MemFree:         1408992 kB
MemAvailable:    1528016 kB
Buffers:           31404 kB
Cached:           217976 kB
MemTotal:        1844596 kB
MemFree:         1408736 kB
MemAvailable:    1527844 kB
Buffers:           31404 kB
Cached:           218100 kB
MemTotal:        1844596 kB
MemFree:         1408276 kB
MemAvailable:    1527552 kB
Buffers:           31404 kB
Cached:           218348 kB
MemTotal:        1844596 kB
MemFree:         1408144 kB
MemAvailable:    1527588 kB
Buffers:           31404 kB
Cached:           218348 kB
MemTotal:        1844596 kB
MemFree:         1409328 kB
MemAvailable:    1528856 kB
Buffers:           31404 kB
Cached:           218472 kB
MemTotal:        1844596 kB
MemFree:         1407888 kB
MemAvailable:    1527500 kB
Buffers:           31404 kB
Cached:           218596 kB
MemTotal:        1844596 kB
MemFree:         1407896 kB
MemAvailable:    1527508 kB
Buffers:           31404 kB
Cached:           218596 kB
MemTotal:        1844596 kB
MemFree:         1407628 kB
MemAvailable:    1527240 kB
Buffers:           31404 kB
Cached:           218596 kB
MemTotal:        1844596 kB
MemFree:         1408936 kB
MemAvailable:    1528548 kB
Buffers:           31404 kB
Cached:           218596 kB
MemTotal:        1844596 kB
MemFree:         1407756 kB
MemAvailable:    1527368 kB
Buffers:           31404 kB
Cached:           218596 kB
MemTotal:        1844596 kB
MemFree:         1408948 kB
MemAvailable:    1528560 kB
Buffers:           31404 kB
Cached:           218596 kB
MemTotal:        1844596 kB
MemFree:         1409076 kB
MemAvailable:    1528688 kB
Buffers:           31404 kB
Cached:           218596 kB
MemTotal:        1844596 kB
MemFree:         1407476 kB
MemAvailable:    1527088 kB
Buffers:           31404 kB
Cached:           218596 kB
MemTotal:        1844596 kB
MemFree:         1407600 kB
MemAvailable:    1527296 kB
Buffers:           31404 kB
Cached:           218720 kB
MemTotal:        1844596 kB
MemFree:         1408104 kB
MemAvailable:    1527128 kB
Buffers:           31404 kB
Cached:           218048 kB
MemTotal:        1844596 kB
MemFree:         1479804 kB
MemAvailable:    1598828 kB
Buffers:           31404 kB
Cached:           218048 kB
