MemTotal:        1844596 kB
MemFree:         1474608 kB
MemAvailable:    1576492 kB
Buffers:           28892 kB
Cached:           201936 kB
MemTotal:        1844596 kB
MemFree:         1473336 kB
MemAvailable:    1575220 kB
Buffers:           28892 kB
Cached:           201936 kB
MemTotal:        1844596 kB
MemFree:         1470028 kB
MemAvailable:    1571912 kB
Buffers:           28892 kB
Cached:           201936 kB
MemTotal:        1844596 kB
MemFree:         1469732 kB
MemAvailable:    1571620 kB
Buffers:           28892 kB
Cached:           201940 kB
MemTotal:        1844596 kB
MemFree:         1469888 kB
MemAvailable:    1571776 kB
Buffers:           28892 kB
Cached:           201940 kB
MemTotal:        1844596 kB
MemFree:         1469888 kB
MemAvailable:    1571776 kB
Buffers:           28892 kB
Cached:           201940 kB
MemTotal:        1844596 kB
MemFree:         1467912 kB
MemAvailable:    1569800 kB
Buffers:           28892 kB
Cached:           201940 kB
MemTotal:        1844596 kB
MemFree:         1467796 kB
MemAvailable:    1569684 kB
Buffers:           28892 kB
Cached:           201940 kB
MemTotal:        1844596 kB
MemFree:         1463324 kB
MemAvailable:    1565212 kB
Buffers:           28892 kB
Cached:           201940 kB
MemTotal:        1844596 kB
MemFree:         1463324 kB
MemAvailable:    1565212 kB
Buffers:           28892 kB
Cached:           201940 kB
MemTotal:        1844596 kB
MemFree:         1459652 kB
MemAvailable:    1561540 kB
Buffers:           28892 kB
Cached:           201940 kB
MemTotal:        1844596 kB
MemFree:         1459904 kB
MemAvailable:    1561792 kB
Buffers:           28892 kB
Cached:           201940 kB
MemTotal:        1844596 kB
MemFree:         1458796 kB
MemAvailable:    1560684 kB
Buffers:           28892 kB
Cached:           201940 kB
MemTotal:        1844596 kB
MemFree:         1458796 kB
MemAvailable:    1560684 kB
Buffers:           28892 kB
Cached:           201940 kB
MemTotal:        1844596 kB
MemFree:         1459192 kB
MemAvailable:    1561080 kB
Buffers:           28892 kB
Cached:           201940 kB
MemTotal:        1844596 kB
MemFree:         1459860 kB
MemAvailable:    1561748 kB
Buffers:           28892 kB
Cached:           201940 kB
MemTotal:        1844596 kB
MemFree:         1458548 kB
MemAvailable:    1560436 kB
Buffers:           28892 kB
Cached:           201940 kB
MemTotal:        1844596 kB
MemFree:         1457876 kB
MemAvailable:    1559764 kB
Buffers:           28892 kB
Cached:           201940 kB
MemTotal:        1844596 kB
MemFree:         1458124 kB
MemAvailable:    1560012 kB
Buffers:           28892 kB
Cached:           201940 kB
MemTotal:        1844596 kB
MemFree:         1456636 kB
MemAvailable:    1558524 kB
Buffers:           28892 kB
Cached:           201940 kB
MemTotal:        1844596 kB
MemFree:         1456244 kB
MemAvailable:    1558132 kB
Buffers:           28892 kB
Cached:           201940 kB
MemTotal:        1844596 kB
MemFree:         1456204 kB
MemAvailable:    1558092 kB
Buffers:           28892 kB
Cached:           201940 kB
MemTotal:        1844596 kB
MemFree:         1456824 kB
MemAvailable:    1558712 kB
Buffers:           28892 kB
Cached:           201940 kB
MemTotal:        1844596 kB
MemFree:         1456204 kB
MemAvailable:    1558092 kB
Buffers:           28892 kB
Cached:           201940 kB
MemTotal:        1844596 kB
MemFree:         1457504 kB
MemAvailable:    1559392 kB
Buffers:           28892 kB
Cached:           201940 kB
MemTotal:        1844596 kB
MemFree:         1457640 kB
MemAvailable:    1559528 kB
Buffers:           28892 kB
Cached:           201940 kB
MemTotal:        1844596 kB
MemFree:         1457008 kB
MemAvailable:    1558896 kB
Buffers:           28892 kB
Cached:           201940 kB
MemTotal:        1844596 kB
MemFree:         1457492 kB
MemAvailable:    1559380 kB
Buffers:           28892 kB
Cached:           201940 kB
MemTotal:        1844596 kB
MemFree:         1458848 kB
MemAvailable:    1560736 kB
Buffers:           28892 kB
Cached:           201940 kB
MemTotal:        1844596 kB
MemFree:         1458952 kB
MemAvailable:    1560840 kB
Buffers:           28892 kB
Cached:           201940 kB
MemTotal:        1844596 kB
MemFree:         1457504 kB
MemAvailable:    1559392 kB
Buffers:           28892 kB
Cached:           201940 kB
MemTotal:        1844596 kB
MemFree:         1457380 kB
MemAvailable:    1559268 kB
Buffers:           28892 kB
Cached:           201940 kB
MemTotal:        1844596 kB
MemFree:         1455332 kB
MemAvailable:    1557220 kB
Buffers:           28892 kB
Cached:           201940 kB
MemTotal:        1844596 kB
MemFree:         1453900 kB
MemAvailable:    1555788 kB
Buffers:           28892 kB
Cached:           201940 kB
MemTotal:        1844596 kB
MemFree:         1454272 kB
MemAvailable:    1556160 kB
Buffers:           28892 kB
Cached:           201940 kB
MemTotal:        1844596 kB
MemFree:         1454272 kB
MemAvailable:    1556160 kB
Buffers:           28892 kB
Cached:           201940 kB
MemTotal:        1844596 kB
MemFree:         1453720 kB
MemAvailable:    1555608 kB
Buffers:           28892 kB
Cached:           201940 kB
MemTotal:        1844596 kB
MemFree:         1453696 kB
MemAvailable:    1555584 kB
Buffers:           28892 kB
Cached:           201940 kB
MemTotal:        1844596 kB
MemFree:         1453652 kB
MemAvailable:    1555540 kB
Buffers:           28892 kB
Cached:           201940 kB
MemTotal:        1844596 kB
MemFree:         1452024 kB
MemAvailable:    1553912 kB
Buffers:           28892 kB
Cached:           201940 kB
MemTotal:        1844596 kB
MemFree:         1453256 kB
MemAvailable:    1555144 kB
Buffers:           28892 kB
Cached:           201940 kB
MemTotal:        1844596 kB
MemFree:         1453508 kB
MemAvailable:    1555396 kB
Buffers:           28892 kB
Cached:           201940 kB
MemTotal:        1844596 kB
MemFree:         1453208 kB
MemAvailable:    1555096 kB
Buffers:           28892 kB
Cached:           201940 kB
MemTotal:        1844596 kB
MemFree:         1452884 kB
MemAvailable:    1554772 kB
Buffers:           28892 kB
Cached:           201940 kB
MemTotal:        1844596 kB
MemFree:         1452800 kB
MemAvailable:    1554688 kB
Buffers:           28892 kB
Cached:           201940 kB
MemTotal:        1844596 kB
MemFree:         1451412 kB
MemAvailable:    1553300 kB
Buffers:           28892 kB
Cached:           201940 kB
MemTotal:        1844596 kB
MemFree:         1452288 kB
MemAvailable:    1554176 kB
Buffers:           28892 kB
Cached:           201940 kB
MemTotal:        1844596 kB
MemFree:         1452344 kB
MemAvailable:    1554232 kB
Buffers:           28892 kB
Cached:           201940 kB
MemTotal:        1844596 kB
MemFree:         1452800 kB
MemAvailable:    1554688 kB
Buffers:           28892 kB
Cached:           201940 kB
MemTotal:        1844596 kB
MemFree:         1452728 kB
MemAvailable:    1554616 kB
Buffers:           28892 kB
Cached:           201940 kB
MemTotal:        1844596 kB
MemFree:         1451296 kB
MemAvailable:    1553184 kB
Buffers:           28892 kB
Cached:           201940 kB
MemTotal:        1844596 kB
MemFree:         1452720 kB
MemAvailable:    1554608 kB
Buffers:           28892 kB
Cached:           201940 kB
MemTotal:        1844596 kB
MemFree:         1452644 kB
MemAvailable:    1554532 kB
Buffers:           28892 kB
Cached:           201940 kB
MemTotal:        1844596 kB
MemFree:         1452280 kB
MemAvailable:    1554172 kB
Buffers:           28892 kB
Cached:           201944 kB
MemTotal:        1844596 kB
MemFree:         1452616 kB
MemAvailable:    1554508 kB
Buffers:           28892 kB
Cached:           201944 kB
MemTotal:        1844596 kB
MemFree:         1451172 kB
MemAvailable:    1553064 kB
Buffers:           28892 kB
Cached:           201944 kB
MemTotal:        1844596 kB
MemFree:         1452300 kB
MemAvailable:    1554192 kB
Buffers:           28892 kB
Cached:           201944 kB
MemTotal:        1844596 kB
MemFree:         1451304 kB
MemAvailable:    1553196 kB
Buffers:           28892 kB
Cached:           201944 kB
MemTotal:        1844596 kB
MemFree:         1450540 kB
MemAvailable:    1552432 kB
Buffers:           28892 kB
Cached:           201944 kB
MemTotal:        1844596 kB
MemFree:         1450540 kB
MemAvailable:    1552432 kB
Buffers:           28892 kB
Cached:           201944 kB
MemTotal:        1844596 kB
MemFree:         1451648 kB
MemAvailable:    1553540 kB
Buffers:           28892 kB
Cached:           201944 kB
MemTotal:        1844596 kB
MemFree:         1451648 kB
MemAvailable:    1553540 kB
Buffers:           28892 kB
Cached:           201944 kB
MemTotal:        1844596 kB
MemFree:         1451432 kB
MemAvailable:    1553324 kB
Buffers:           28892 kB
Cached:           201944 kB
MemTotal:        1844596 kB
MemFree:         1450256 kB
MemAvailable:    1552148 kB
Buffers:           28892 kB
Cached:           201944 kB
MemTotal:        1844596 kB
MemFree:         1450256 kB
MemAvailable:    1552148 kB
Buffers:           28892 kB
Cached:           201944 kB
MemTotal:        1844596 kB
MemFree:         1451532 kB
MemAvailable:    1553424 kB
Buffers:           28892 kB
Cached:           201944 kB
MemTotal:        1844596 kB
MemFree:         1451524 kB
MemAvailable:    1553416 kB
Buffers:           28892 kB
Cached:           201944 kB
MemTotal:        1844596 kB
MemFree:         1451396 kB
MemAvailable:    1553288 kB
Buffers:           28892 kB
Cached:           201944 kB
MemTotal:        1844596 kB
MemFree:         1451312 kB
MemAvailable:    1553204 kB
Buffers:           28892 kB
Cached:           201944 kB
MemTotal:        1844596 kB
MemFree:         1451288 kB
MemAvailable:    1553180 kB
Buffers:           28892 kB
Cached:           201944 kB
MemTotal:        1844596 kB
MemFree:         1451540 kB
MemAvailable:    1553432 kB
Buffers:           28892 kB
Cached:           201944 kB
MemTotal:        1844596 kB
MemFree:         1449932 kB
MemAvailable:    1551824 kB
Buffers:           28892 kB
Cached:           201944 kB
MemTotal:        1844596 kB
MemFree:         1449328 kB
MemAvailable:    1551220 kB
Buffers:           28892 kB
Cached:           201944 kB
MemTotal:        1844596 kB
MemFree:         1447644 kB
MemAvailable:    1549536 kB
Buffers:           28892 kB
Cached:           201944 kB
MemTotal:        1844596 kB
MemFree:         1444608 kB
MemAvailable:    1546500 kB
Buffers:           28892 kB
Cached:           201944 kB
MemTotal:        1844596 kB
MemFree:         1443916 kB
MemAvailable:    1545808 kB
Buffers:           28892 kB
Cached:           201944 kB
MemTotal:        1844596 kB
MemFree:         1443592 kB
MemAvailable:    1545484 kB
Buffers:           28892 kB
Cached:           201944 kB
MemTotal:        1844596 kB
MemFree:         1443844 kB
MemAvailable:    1545736 kB
Buffers:           28892 kB
Cached:           201944 kB
MemTotal:        1844596 kB
MemFree:         1443620 kB
MemAvailable:    1545512 kB
Buffers:           28892 kB
Cached:           201944 kB
MemTotal:        1844596 kB
MemFree:         1443332 kB
MemAvailable:    1545224 kB
Buffers:           28892 kB
Cached:           201944 kB
MemTotal:        1844596 kB
MemFree:         1443188 kB
MemAvailable:    1545080 kB
Buffers:           28892 kB
Cached:           201944 kB
MemTotal:        1844596 kB
MemFree:         1441928 kB
MemAvailable:    1543820 kB
Buffers:           28892 kB
Cached:           201944 kB
MemTotal:        1844596 kB
MemFree:         1443356 kB
MemAvailable:    1545248 kB
Buffers:           28892 kB
Cached:           201944 kB
MemTotal:        1844596 kB
MemFree:         1442056 kB
MemAvailable:    1543948 kB
Buffers:           28892 kB
Cached:           201944 kB
MemTotal:        1844596 kB
MemFree:         1442056 kB
MemAvailable:    1543948 kB
Buffers:           28892 kB
Cached:           201944 kB
MemTotal:        1844596 kB
MemFree:         1442056 kB
MemAvailable:    1543948 kB
Buffers:           28892 kB
Cached:           201944 kB
MemTotal:        1844596 kB
MemFree:         1441912 kB
MemAvailable:    1543804 kB
Buffers:           28892 kB
Cached:           201944 kB
MemTotal:        1844596 kB
MemFree:         1442004 kB
MemAvailable:    1543896 kB
Buffers:           28892 kB
Cached:           201944 kB
MemTotal:        1844596 kB
MemFree:         1442120 kB
MemAvailable:    1544012 kB
Buffers:           28892 kB
Cached:           201944 kB
MemTotal:        1844596 kB
MemFree:         1443428 kB
MemAvailable:    1545320 kB
Buffers:           28892 kB
Cached:           201944 kB
MemTotal:        1844596 kB
MemFree:         1441872 kB
MemAvailable:    1543764 kB
Buffers:           28892 kB
Cached:           201944 kB
MemTotal:        1844596 kB
MemFree:         1442856 kB
MemAvailable:    1544748 kB
Buffers:           28892 kB
Cached:           201944 kB
MemTotal:        1844596 kB
MemFree:         1442848 kB
MemAvailable:    1544740 kB
Buffers:           28892 kB
Cached:           201944 kB
MemTotal:        1844596 kB
MemFree:         1442504 kB
MemAvailable:    1544396 kB
Buffers:           28892 kB
Cached:           201944 kB
MemTotal:        1844596 kB
MemFree:         1442004 kB
MemAvailable:    1543896 kB
Buffers:           28892 kB
Cached:           201944 kB
MemTotal:        1844596 kB
MemFree:         1441800 kB
MemAvailable:    1543692 kB
Buffers:           28892 kB
Cached:           201944 kB
MemTotal:        1844596 kB
MemFree:         1440392 kB
MemAvailable:    1542284 kB
Buffers:           28892 kB
Cached:           201944 kB
MemTotal:        1844596 kB
MemFree:         1439640 kB
MemAvailable:    1541532 kB
Buffers:           28892 kB
Cached:           201944 kB
MemTotal:        1844596 kB
MemFree:         1440764 kB
MemAvailable:    1542656 kB
Buffers:           28892 kB
Cached:           201944 kB
MemTotal:        1844596 kB
MemFree:         1439756 kB
MemAvailable:    1541648 kB
Buffers:           28892 kB
Cached:           201944 kB
MemTotal:        1844596 kB
MemFree:         1439756 kB
MemAvailable:    1541648 kB
Buffers:           28892 kB
Cached:           201944 kB
MemTotal:        1844596 kB
MemFree:         1439752 kB
MemAvailable:    1541644 kB
Buffers:           28892 kB
Cached:           201944 kB
MemTotal:        1844596 kB
MemFree:         1440004 kB
MemAvailable:    1541896 kB
Buffers:           28892 kB
Cached:           201944 kB
MemTotal:        1844596 kB
MemFree:         1439640 kB
MemAvailable:    1541532 kB
Buffers:           28892 kB
Cached:           201944 kB
MemTotal:        1844596 kB
MemFree:         1438392 kB
MemAvailable:    1540284 kB
Buffers:           28892 kB
Cached:           201944 kB
MemTotal:        1844596 kB
MemFree:         1438392 kB
MemAvailable:    1540284 kB
Buffers:           28892 kB
Cached:           201944 kB
MemTotal:        1844596 kB
MemFree:         1438392 kB
MemAvailable:    1540284 kB
Buffers:           28892 kB
Cached:           201944 kB
MemTotal:        1844596 kB
MemFree:         1438136 kB
MemAvailable:    1540028 kB
Buffers:           28892 kB
Cached:           201944 kB
MemTotal:        1844596 kB
MemFree:         1438256 kB
MemAvailable:    1540148 kB
Buffers:           28892 kB
Cached:           201944 kB
MemTotal:        1844596 kB
MemFree:         1439612 kB
MemAvailable:    1541504 kB
Buffers:           28892 kB
Cached:           201944 kB
MemTotal:        1844596 kB
MemFree:         1438208 kB
MemAvailable:    1540100 kB
Buffers:           28892 kB
Cached:           201944 kB
MemTotal:        1844596 kB
MemFree:         1437912 kB
MemAvailable:    1539804 kB
Buffers:           28892 kB
Cached:           201944 kB
MemTotal:        1844596 kB
MemFree:         1437780 kB
MemAvailable:    1539672 kB
Buffers:           28892 kB
Cached:           201944 kB
MemTotal:        1844596 kB
MemFree:         1438840 kB
MemAvailable:    1540732 kB
Buffers:           28892 kB
Cached:           201944 kB
MemTotal:        1844596 kB
MemFree:         1436920 kB
MemAvailable:    1538812 kB
Buffers:           28892 kB
Cached:           201944 kB
MemTotal:        1844596 kB
MemFree:         1431696 kB
MemAvailable:    1533588 kB
Buffers:           28892 kB
Cached:           201944 kB
MemTotal:        1844596 kB
MemFree:         1432032 kB
MemAvailable:    1533924 kB
Buffers:           28892 kB
Cached:           201944 kB
MemTotal:        1844596 kB
MemFree:         1431564 kB
MemAvailable:    1533456 kB
Buffers:           28892 kB
Cached:           201944 kB
MemTotal:        1844596 kB
MemFree:         1431340 kB
MemAvailable:    1533232 kB
Buffers:           28892 kB
Cached:           201944 kB
MemTotal:        1844596 kB
MemFree:         1431284 kB
MemAvailable:    1533176 kB
Buffers:           28892 kB
Cached:           201944 kB
MemTotal:        1844596 kB
MemFree:         1431344 kB
MemAvailable:    1533236 kB
Buffers:           28892 kB
Cached:           201944 kB
MemTotal:        1844596 kB
MemFree:         1433484 kB
MemAvailable:    1535376 kB
Buffers:           28892 kB
Cached:           201944 kB
MemTotal:        1844596 kB
MemFree:         1428984 kB
MemAvailable:    1530876 kB
Buffers:           28892 kB
Cached:           201944 kB
MemTotal:        1844596 kB
MemFree:         1428728 kB
MemAvailable:    1530620 kB
Buffers:           28892 kB
Cached:           201944 kB
MemTotal:        1844596 kB
MemFree:         1428736 kB
MemAvailable:    1530628 kB
Buffers:           28892 kB
Cached:           201944 kB
MemTotal:        1844596 kB
MemFree:         1428604 kB
MemAvailable:    1530508 kB
Buffers:           28892 kB
Cached:           201956 kB
MemTotal:        1844596 kB
MemFree:         1428604 kB
MemAvailable:    1530508 kB
Buffers:           28892 kB
Cached:           201956 kB
MemTotal:        1844596 kB
MemFree:         1429904 kB
MemAvailable:    1531808 kB
Buffers:           28892 kB
Cached:           201956 kB
MemTotal:        1844596 kB
MemFree:         1428488 kB
MemAvailable:    1530392 kB
Buffers:           28892 kB
Cached:           201956 kB
MemTotal:        1844596 kB
MemFree:         1428480 kB
MemAvailable:    1530384 kB
Buffers:           28892 kB
Cached:           201956 kB
MemTotal:        1844596 kB
MemFree:         1428356 kB
MemAvailable:    1530260 kB
Buffers:           28892 kB
Cached:           201956 kB
MemTotal:        1844596 kB
MemFree:         1429656 kB
MemAvailable:    1531560 kB
Buffers:           28892 kB
Cached:           201956 kB
MemTotal:        1844596 kB
MemFree:         1428612 kB
MemAvailable:    1530516 kB
Buffers:           28892 kB
Cached:           201956 kB
MemTotal:        1844596 kB
MemFree:         1429416 kB
MemAvailable:    1531320 kB
Buffers:           28892 kB
Cached:           201956 kB
MemTotal:        1844596 kB
MemFree:         1429416 kB
MemAvailable:    1531320 kB
Buffers:           28892 kB
Cached:           201956 kB
MemTotal:        1844596 kB
MemFree:         1428340 kB
MemAvailable:    1530244 kB
Buffers:           28892 kB
Cached:           201956 kB
MemTotal:        1844596 kB
MemFree:         1429444 kB
MemAvailable:    1531348 kB
Buffers:           28892 kB
Cached:           201956 kB
MemTotal:        1844596 kB
MemFree:         1429052 kB
MemAvailable:    1530956 kB
Buffers:           28892 kB
Cached:           201956 kB
MemTotal:        1844596 kB
MemFree:         1429936 kB
MemAvailable:    1531840 kB
Buffers:           28892 kB
Cached:           201956 kB
MemTotal:        1844596 kB
MemFree:         1428860 kB
MemAvailable:    1530764 kB
Buffers:           28892 kB
Cached:           201956 kB
MemTotal:        1844596 kB
MemFree:         1428480 kB
MemAvailable:    1530384 kB
Buffers:           28892 kB
Cached:           201956 kB
MemTotal:        1844596 kB
MemFree:         1428480 kB
MemAvailable:    1530384 kB
Buffers:           28892 kB
Cached:           201956 kB
MemTotal:        1844596 kB
MemFree:         1429780 kB
MemAvailable:    1531684 kB
Buffers:           28892 kB
Cached:           201956 kB
MemTotal:        1844596 kB
MemFree:         1429780 kB
MemAvailable:    1531684 kB
Buffers:           28892 kB
Cached:           201956 kB
MemTotal:        1844596 kB
MemFree:         1429904 kB
MemAvailable:    1531808 kB
Buffers:           28892 kB
Cached:           201956 kB
MemTotal:        1844596 kB
MemFree:         1428596 kB
MemAvailable:    1530500 kB
Buffers:           28892 kB
Cached:           201956 kB
MemTotal:        1844596 kB
MemFree:         1428472 kB
MemAvailable:    1530376 kB
Buffers:           28892 kB
Cached:           201956 kB
MemTotal:        1844596 kB
MemFree:         1429712 kB
MemAvailable:    1531616 kB
Buffers:           28892 kB
Cached:           201956 kB
MemTotal:        1844596 kB
MemFree:         1429400 kB
MemAvailable:    1531304 kB
Buffers:           28892 kB
Cached:           201956 kB
MemTotal:        1844596 kB
MemFree:         1429652 kB
MemAvailable:    1531556 kB
Buffers:           28892 kB
Cached:           201956 kB
MemTotal:        1844596 kB
MemFree:         1429652 kB
MemAvailable:    1531556 kB
Buffers:           28892 kB
Cached:           201956 kB
MemTotal:        1844596 kB
MemFree:         1429480 kB
MemAvailable:    1531384 kB
Buffers:           28892 kB
Cached:           201956 kB
MemTotal:        1844596 kB
MemFree:         1429384 kB
MemAvailable:    1531288 kB
Buffers:           28892 kB
Cached:           201956 kB
MemTotal:        1844596 kB
MemFree:         1429480 kB
MemAvailable:    1531384 kB
Buffers:           28892 kB
Cached:           201956 kB
MemTotal:        1844596 kB
MemFree:         1429652 kB
MemAvailable:    1531556 kB
Buffers:           28892 kB
Cached:           201956 kB
MemTotal:        1844596 kB
MemFree:         1429480 kB
MemAvailable:    1531384 kB
Buffers:           28892 kB
Cached:           201956 kB
MemTotal:        1844596 kB
MemFree:         1428860 kB
MemAvailable:    1530764 kB
Buffers:           28892 kB
Cached:           201956 kB
MemTotal:        1844596 kB
MemFree:         1429652 kB
MemAvailable:    1531556 kB
Buffers:           28892 kB
Cached:           201956 kB
MemTotal:        1844596 kB
MemFree:         1429584 kB
MemAvailable:    1531488 kB
Buffers:           28892 kB
Cached:           201956 kB
MemTotal:        1844596 kB
MemFree:         1429480 kB
MemAvailable:    1531384 kB
Buffers:           28892 kB
Cached:           201956 kB
MemTotal:        1844596 kB
MemFree:         1428364 kB
MemAvailable:    1530268 kB
Buffers:           28892 kB
Cached:           201956 kB
MemTotal:        1844596 kB
MemFree:         1428316 kB
MemAvailable:    1530220 kB
Buffers:           28892 kB
Cached:           201956 kB
MemTotal:        1844596 kB
MemFree:         1428192 kB
MemAvailable:    1530096 kB
Buffers:           28892 kB
Cached:           201956 kB
MemTotal:        1844596 kB
MemFree:         1429472 kB
MemAvailable:    1531376 kB
Buffers:           28892 kB
Cached:           201956 kB
MemTotal:        1844596 kB
MemFree:         1429724 kB
MemAvailable:    1531628 kB
Buffers:           28892 kB
Cached:           201956 kB
MemTotal:        1844596 kB
MemFree:         1429664 kB
MemAvailable:    1531568 kB
Buffers:           28892 kB
Cached:           201956 kB
MemTotal:        1844596 kB
MemFree:         1429464 kB
MemAvailable:    1531368 kB
Buffers:           28892 kB
Cached:           201956 kB
MemTotal:        1844596 kB
MemFree:         1429548 kB
MemAvailable:    1531452 kB
Buffers:           28892 kB
Cached:           201956 kB
MemTotal:        1844596 kB
MemFree:         1429608 kB
MemAvailable:    1531512 kB
Buffers:           28892 kB
Cached:           201956 kB
MemTotal:        1844596 kB
MemFree:         1429628 kB
MemAvailable:    1531532 kB
Buffers:           28892 kB
Cached:           201956 kB
MemTotal:        1844596 kB
MemFree:         1428172 kB
MemAvailable:    1530076 kB
Buffers:           28892 kB
Cached:           201956 kB
MemTotal:        1844596 kB
MemFree:         1429472 kB
MemAvailable:    1531376 kB
Buffers:           28892 kB
Cached:           201956 kB
MemTotal:        1844596 kB
MemFree:         1429532 kB
MemAvailable:    1531436 kB
Buffers:           28892 kB
Cached:           201956 kB
MemTotal:        1844596 kB
MemFree:         1429340 kB
MemAvailable:    1531244 kB
Buffers:           28892 kB
Cached:           201956 kB
MemTotal:        1844596 kB
MemFree:         1429340 kB
MemAvailable:    1531244 kB
Buffers:           28892 kB
Cached:           201956 kB
MemTotal:        1844596 kB
MemFree:         1428184 kB
MemAvailable:    1530088 kB
Buffers:           28892 kB
Cached:           201956 kB
MemTotal:        1844596 kB
MemFree:         1429424 kB
MemAvailable:    1531328 kB
Buffers:           28892 kB
Cached:           201956 kB
MemTotal:        1844596 kB
MemFree:         1428308 kB
MemAvailable:    1530212 kB
Buffers:           28892 kB
Cached:           201956 kB
MemTotal:        1844596 kB
MemFree:         1429608 kB
MemAvailable:    1531512 kB
Buffers:           28892 kB
Cached:           201956 kB
MemTotal:        1844596 kB
MemFree:         1429532 kB
MemAvailable:    1531436 kB
Buffers:           28892 kB
Cached:           201956 kB
MemTotal:        1844596 kB
MemFree:         1428044 kB
MemAvailable:    1529948 kB
Buffers:           28892 kB
Cached:           201956 kB
MemTotal:        1844596 kB
MemFree:         1428300 kB
MemAvailable:    1530204 kB
Buffers:           28892 kB
Cached:           201956 kB
MemTotal:        1844596 kB
MemFree:         1428416 kB
MemAvailable:    1530320 kB
Buffers:           28892 kB
Cached:           201956 kB
MemTotal:        1844596 kB
MemFree:         1429396 kB
MemAvailable:    1531300 kB
Buffers:           28892 kB
Cached:           201956 kB
MemTotal:        1844596 kB
MemFree:         1428984 kB
MemAvailable:    1530888 kB
Buffers:           28892 kB
Cached:           201956 kB
MemTotal:        1844596 kB
MemFree:         1429468 kB
MemAvailable:    1531372 kB
Buffers:           28892 kB
Cached:           201956 kB
MemTotal:        1844596 kB
MemFree:         1429396 kB
MemAvailable:    1531300 kB
Buffers:           28892 kB
Cached:           201956 kB
MemTotal:        1844596 kB
MemFree:         1428304 kB
MemAvailable:    1530208 kB
Buffers:           28892 kB
Cached:           201956 kB
MemTotal:        1844596 kB
MemFree:         1429540 kB
MemAvailable:    1531444 kB
Buffers:           28892 kB
Cached:           201956 kB
MemTotal:        1844596 kB
MemFree:         1428336 kB
MemAvailable:    1530240 kB
Buffers:           28892 kB
Cached:           201956 kB
MemTotal:        1844596 kB
MemFree:         1428452 kB
MemAvailable:    1530356 kB
Buffers:           28892 kB
Cached:           201956 kB
MemTotal:        1844596 kB
MemFree:         1428156 kB
MemAvailable:    1530060 kB
Buffers:           28892 kB
Cached:           201956 kB
MemTotal:        1844596 kB
MemFree:         1428288 kB
MemAvailable:    1530192 kB
Buffers:           28892 kB
Cached:           201956 kB
MemTotal:        1844596 kB
MemFree:         1429396 kB
MemAvailable:    1531300 kB
Buffers:           28892 kB
Cached:           201956 kB
MemTotal:        1844596 kB
MemFree:         1429736 kB
MemAvailable:    1531640 kB
Buffers:           28892 kB
Cached:           201956 kB
MemTotal:        1844596 kB
MemFree:         1429356 kB
MemAvailable:    1531260 kB
Buffers:           28892 kB
Cached:           201956 kB
MemTotal:        1844596 kB
MemFree:         1428440 kB
MemAvailable:    1530344 kB
Buffers:           28892 kB
Cached:           201956 kB
MemTotal:        1844596 kB
MemFree:         1429480 kB
MemAvailable:    1531384 kB
Buffers:           28892 kB
Cached:           201956 kB
MemTotal:        1844596 kB
MemFree:         1429492 kB
MemAvailable:    1531404 kB
Buffers:           28892 kB
Cached:           201964 kB
MemTotal:        1844596 kB
MemFree:         1429612 kB
MemAvailable:    1531524 kB
Buffers:           28892 kB
Cached:           201964 kB
MemTotal:        1844596 kB
MemFree:         1428736 kB
MemAvailable:    1530648 kB
Buffers:           28892 kB
Cached:           201964 kB
MemTotal:        1844596 kB
MemFree:         1428612 kB
MemAvailable:    1530524 kB
Buffers:           28892 kB
Cached:           201964 kB
MemTotal:        1844596 kB
MemFree:         1428604 kB
MemAvailable:    1530516 kB
Buffers:           28892 kB
Cached:           201964 kB
MemTotal:        1844596 kB
MemFree:         1428480 kB
MemAvailable:    1530392 kB
Buffers:           28892 kB
Cached:           201964 kB
MemTotal:        1844596 kB
MemFree:         1429580 kB
MemAvailable:    1531492 kB
Buffers:           28892 kB
Cached:           201964 kB
MemTotal:        1844596 kB
MemFree:         1429480 kB
MemAvailable:    1531392 kB
Buffers:           28892 kB
Cached:           201964 kB
MemTotal:        1844596 kB
MemFree:         1428220 kB
MemAvailable:    1530132 kB
Buffers:           28892 kB
Cached:           201964 kB
MemTotal:        1844596 kB
MemFree:         1429460 kB
MemAvailable:    1531372 kB
Buffers:           28892 kB
Cached:           201964 kB
MemTotal:        1844596 kB
MemFree:         1429364 kB
MemAvailable:    1531276 kB
Buffers:           28892 kB
Cached:           201964 kB
MemTotal:        1844596 kB
MemFree:         1429484 kB
MemAvailable:    1531396 kB
Buffers:           28892 kB
Cached:           201964 kB
MemTotal:        1844596 kB
MemFree:         1428308 kB
MemAvailable:    1530220 kB
Buffers:           28892 kB
Cached:           201964 kB
MemTotal:        1844596 kB
MemFree:         1429716 kB
MemAvailable:    1531628 kB
Buffers:           28892 kB
Cached:           201964 kB
MemTotal:        1844596 kB
MemFree:         1428220 kB
MemAvailable:    1530132 kB
Buffers:           28892 kB
Cached:           201964 kB
MemTotal:        1844596 kB
MemFree:         1429520 kB
MemAvailable:    1531432 kB
Buffers:           28892 kB
Cached:           201964 kB
MemTotal:        1844596 kB
MemFree:         1429580 kB
MemAvailable:    1531492 kB
Buffers:           28892 kB
Cached:           201964 kB
MemTotal:        1844596 kB
MemFree:         1429340 kB
MemAvailable:    1531252 kB
Buffers:           28892 kB
Cached:           201964 kB
MemTotal:        1844596 kB
MemFree:         1429108 kB
MemAvailable:    1530896 kB
Buffers:           28892 kB
Cached:           201964 kB
MemTotal:        1844596 kB
MemFree:         1429484 kB
MemAvailable:    1531396 kB
Buffers:           28892 kB
Cached:           201964 kB
MemTotal:        1844596 kB
MemFree:         1429484 kB
MemAvailable:    1531396 kB
Buffers:           28892 kB
Cached:           201964 kB
MemTotal:        1844596 kB
MemFree:         1429280 kB
MemAvailable:    1531192 kB
Buffers:           28892 kB
Cached:           201964 kB
MemTotal:        1844596 kB
MemFree:         1428984 kB
MemAvailable:    1530896 kB
Buffers:           28892 kB
Cached:           201964 kB
MemTotal:        1844596 kB
MemFree:         1429328 kB
MemAvailable:    1531240 kB
Buffers:           28892 kB
Cached:           201964 kB
MemTotal:        1844596 kB
MemFree:         1429664 kB
MemAvailable:    1531576 kB
Buffers:           28892 kB
Cached:           201964 kB
MemTotal:        1844596 kB
MemFree:         1429340 kB
MemAvailable:    1531252 kB
Buffers:           28892 kB
Cached:           201964 kB
MemTotal:        1844596 kB
MemFree:         1429232 kB
MemAvailable:    1531144 kB
Buffers:           28892 kB
Cached:           201964 kB
MemTotal:        1844596 kB
MemFree:         1429652 kB
MemAvailable:    1531564 kB
Buffers:           28892 kB
Cached:           201964 kB
MemTotal:        1844596 kB
MemFree:         1428180 kB
MemAvailable:    1530092 kB
Buffers:           28892 kB
Cached:           201964 kB
MemTotal:        1844596 kB
MemFree:         1429504 kB
MemAvailable:    1531416 kB
Buffers:           28892 kB
Cached:           201964 kB
MemTotal:        1844596 kB
MemFree:         1429348 kB
MemAvailable:    1531260 kB
Buffers:           28892 kB
Cached:           201964 kB
MemTotal:        1844596 kB
MemFree:         1428340 kB
MemAvailable:    1530252 kB
Buffers:           28892 kB
Cached:           201964 kB
MemTotal:        1844596 kB
MemFree:         1428168 kB
MemAvailable:    1530080 kB
Buffers:           28892 kB
Cached:           201964 kB
MemTotal:        1844596 kB
MemFree:         1428204 kB
MemAvailable:    1530116 kB
Buffers:           28892 kB
Cached:           201964 kB
MemTotal:        1844596 kB
MemFree:         1429564 kB
MemAvailable:    1531476 kB
Buffers:           28892 kB
Cached:           201964 kB
MemTotal:        1844596 kB
MemFree:         1429584 kB
MemAvailable:    1531496 kB
Buffers:           28892 kB
Cached:           201964 kB
MemTotal:        1844596 kB
MemFree:         1429724 kB
MemAvailable:    1531636 kB
Buffers:           28892 kB
Cached:           201964 kB
MemTotal:        1844596 kB
MemFree:         1428152 kB
MemAvailable:    1530064 kB
Buffers:           28892 kB
Cached:           201964 kB
MemTotal:        1844596 kB
MemFree:         1428116 kB
MemAvailable:    1530028 kB
Buffers:           28892 kB
Cached:           201964 kB
MemTotal:        1844596 kB
MemFree:         1428192 kB
MemAvailable:    1530104 kB
Buffers:           28892 kB
Cached:           201964 kB
MemTotal:        1844596 kB
MemFree:         1428564 kB
MemAvailable:    1530476 kB
Buffers:           28892 kB
Cached:           201964 kB
MemTotal:        1844596 kB
MemFree:         1428308 kB
MemAvailable:    1530220 kB
Buffers:           28892 kB
Cached:           201964 kB
MemTotal:        1844596 kB
MemFree:         1428308 kB
MemAvailable:    1530220 kB
Buffers:           28892 kB
Cached:           201964 kB
MemTotal:        1844596 kB
MemFree:         1428308 kB
MemAvailable:    1530220 kB
Buffers:           28892 kB
Cached:           201964 kB
MemTotal:        1844596 kB
MemFree:         1428180 kB
MemAvailable:    1530092 kB
Buffers:           28892 kB
Cached:           201964 kB
MemTotal:        1844596 kB
MemFree:         1428172 kB
MemAvailable:    1530084 kB
Buffers:           28892 kB
Cached:           201964 kB
MemTotal:        1844596 kB
MemFree:         1428296 kB
MemAvailable:    1530208 kB
Buffers:           28892 kB
Cached:           201964 kB
MemTotal:        1844596 kB
MemFree:         1428340 kB
MemAvailable:    1530252 kB
Buffers:           28892 kB
Cached:           201964 kB
MemTotal:        1844596 kB
MemFree:         1429468 kB
MemAvailable:    1531380 kB
Buffers:           28892 kB
Cached:           201964 kB
MemTotal:        1844596 kB
MemFree:         1429384 kB
MemAvailable:    1531296 kB
Buffers:           28892 kB
Cached:           201964 kB
MemTotal:        1844596 kB
MemFree:         1428984 kB
MemAvailable:    1530896 kB
Buffers:           28892 kB
Cached:           201964 kB
MemTotal:        1844596 kB
MemFree:         1429300 kB
MemAvailable:    1531212 kB
Buffers:           28892 kB
Cached:           201964 kB
MemTotal:        1844596 kB
MemFree:         1429292 kB
MemAvailable:    1531204 kB
Buffers:           28892 kB
Cached:           201964 kB
MemTotal:        1844596 kB
MemFree:         1429548 kB
MemAvailable:    1531460 kB
Buffers:           28892 kB
Cached:           201964 kB
MemTotal:        1844596 kB
MemFree:         1428172 kB
MemAvailable:    1530084 kB
Buffers:           28892 kB
Cached:           201964 kB
MemTotal:        1844596 kB
MemFree:         1429508 kB
MemAvailable:    1531420 kB
Buffers:           28892 kB
Cached:           201964 kB
MemTotal:        1844596 kB
MemFree:         1428736 kB
MemAvailable:    1530648 kB
Buffers:           28892 kB
Cached:           201964 kB
MemTotal:        1844596 kB
MemFree:         1429500 kB
MemAvailable:    1531412 kB
Buffers:           28892 kB
Cached:           201964 kB
MemTotal:        1844596 kB
MemFree:         1428240 kB
MemAvailable:    1530152 kB
Buffers:           28892 kB
Cached:           201964 kB
MemTotal:        1844596 kB
MemFree:         1428240 kB
MemAvailable:    1530152 kB
Buffers:           28892 kB
Cached:           201964 kB
MemTotal:        1844596 kB
MemFree:         1428068 kB
MemAvailable:    1529980 kB
Buffers:           28892 kB
Cached:           201964 kB
MemTotal:        1844596 kB
MemFree:         1428192 kB
MemAvailable:    1530104 kB
Buffers:           28892 kB
Cached:           201964 kB
MemTotal:        1844596 kB
MemFree:         1429636 kB
MemAvailable:    1531548 kB
Buffers:           28892 kB
Cached:           201964 kB
MemTotal:        1844596 kB
MemFree:         1428200 kB
MemAvailable:    1530112 kB
Buffers:           28892 kB
Cached:           201964 kB
MemTotal:        1844596 kB
MemFree:         1428184 kB
MemAvailable:    1530096 kB
Buffers:           28892 kB
Cached:           201964 kB
MemTotal:        1844596 kB
MemFree:         1429528 kB
MemAvailable:    1531448 kB
Buffers:           28892 kB
Cached:           201972 kB
MemTotal:        1844596 kB
MemFree:         1429564 kB
MemAvailable:    1531484 kB
Buffers:           28892 kB
Cached:           201972 kB
MemTotal:        1844596 kB
MemFree:         1429480 kB
MemAvailable:    1531400 kB
Buffers:           28892 kB
Cached:           201972 kB
MemTotal:        1844596 kB
MemFree:         1428240 kB
MemAvailable:    1530160 kB
Buffers:           28892 kB
Cached:           201972 kB
MemTotal:        1844596 kB
MemFree:         1428364 kB
MemAvailable:    1530284 kB
Buffers:           28892 kB
Cached:           201972 kB
MemTotal:        1844596 kB
MemFree:         1428488 kB
MemAvailable:    1530408 kB
Buffers:           28892 kB
Cached:           201972 kB
MemTotal:        1844596 kB
MemFree:         1429532 kB
MemAvailable:    1531452 kB
Buffers:           28892 kB
Cached:           201972 kB
MemTotal:        1844596 kB
MemFree:         1429292 kB
MemAvailable:    1531212 kB
Buffers:           28892 kB
Cached:           201972 kB
MemTotal:        1844596 kB
MemFree:         1428860 kB
MemAvailable:    1530780 kB
Buffers:           28892 kB
Cached:           201972 kB
MemTotal:        1844596 kB
MemFree:         1429540 kB
MemAvailable:    1531460 kB
Buffers:           28892 kB
Cached:           201972 kB
MemTotal:        1844596 kB
MemFree:         1428240 kB
MemAvailable:    1530160 kB
Buffers:           28892 kB
Cached:           201972 kB
MemTotal:        1844596 kB
MemFree:         1428860 kB
MemAvailable:    1530864 kB
Buffers:           28892 kB
Cached:           202096 kB
MemTotal:        1844596 kB
MemFree:         1429348 kB
MemAvailable:    1531352 kB
Buffers:           28892 kB
Cached:           202096 kB
MemTotal:        1844596 kB
MemFree:         1429088 kB
MemAvailable:    1531260 kB
Buffers:           28892 kB
Cached:           202344 kB
MemTotal:        1844596 kB
MemFree:         1429344 kB
MemAvailable:    1531516 kB
Buffers:           28892 kB
Cached:           202344 kB
MemTotal:        1844596 kB
MemFree:         1427840 kB
MemAvailable:    1530180 kB
Buffers:           28892 kB
Cached:           202468 kB
MemTotal:        1844596 kB
MemFree:         1429108 kB
MemAvailable:    1531532 kB
Buffers:           28892 kB
Cached:           202592 kB
MemTotal:        1844596 kB
MemFree:         1429100 kB
MemAvailable:    1531524 kB
Buffers:           28892 kB
Cached:           202592 kB
MemTotal:        1844596 kB
MemFree:         1428588 kB
MemAvailable:    1531096 kB
Buffers:           28892 kB
Cached:           202592 kB
MemTotal:        1844596 kB
MemFree:         1428840 kB
MemAvailable:    1531348 kB
Buffers:           28892 kB
Cached:           202592 kB
MemTotal:        1844596 kB
MemFree:         1428616 kB
MemAvailable:    1531124 kB
Buffers:           28892 kB
Cached:           202592 kB
MemTotal:        1844596 kB
MemFree:         1428744 kB
MemAvailable:    1531252 kB
Buffers:           28892 kB
Cached:           202592 kB
MemTotal:        1844596 kB
MemFree:         1427480 kB
MemAvailable:    1529988 kB
Buffers:           28892 kB
Cached:           202592 kB
MemTotal:        1844596 kB
MemFree:         1427480 kB
MemAvailable:    1530072 kB
Buffers:           28892 kB
Cached:           202592 kB
MemTotal:        1844596 kB
MemFree:         1427348 kB
MemAvailable:    1529268 kB
Buffers:           28892 kB
Cached:           201960 kB
MemTotal:        1844596 kB
MemFree:         1500804 kB
MemAvailable:    1602724 kB
Buffers:           28892 kB
Cached:           201960 kB
